{
  "Entries": [
    {
      "RequestUri": "/subscriptions/0b1f6471-1bf0-4dda-aec3-cb9272f09590/resourcegroups/cdnResourceGroup4990?api-version=2015-11-01",
      "EncodedRequestUri": "L3N1YnNjcmlwdGlvbnMvMGIxZjY0NzEtMWJmMC00ZGRhLWFlYzMtY2I5MjcyZjA5NTkwL3Jlc291cmNlZ3JvdXBzL2NkblJlc291cmNlR3JvdXA0OTkwP2FwaS12ZXJzaW9uPTIwMTUtMTEtMDE=",
      "RequestMethod": "PUT",
      "RequestBody": "{\r\n  \"location\": \"westus\"\r\n}",
      "RequestHeaders": {
        "Content-Type": [
          "application/json; charset=utf-8"
        ],
        "Content-Length": [
          "28"
        ],
        "x-ms-client-request-id": [
          "119d964a-1f36-4c02-8301-102f513792de"
        ],
        "accept-language": [
          "en-US"
        ],
        "User-Agent": [
          "FxVersion/4.6.24214.01",
          "Microsoft.Azure.Management.Resources.ResourceManagementClient/1.0.0-preview"
        ]
      },
      "ResponseBody": "{\r\n  \"id\": \"/subscriptions/0b1f6471-1bf0-4dda-aec3-cb9272f09590/resourceGroups/cdnResourceGroup4990\",\r\n  \"name\": \"cdnResourceGroup4990\",\r\n  \"location\": \"westus\",\r\n  \"properties\": {\r\n    \"provisioningState\": \"Succeeded\"\r\n  }\r\n}",
      "ResponseHeaders": {
        "Content-Length": [
          "193"
        ],
        "Content-Type": [
          "application/json; charset=utf-8"
        ],
        "Expires": [
          "-1"
        ],
        "Cache-Control": [
          "no-cache"
        ],
        "Date": [
          "Mon, 17 Oct 2016 17:43:52 GMT"
        ],
        "Pragma": [
          "no-cache"
        ],
        "x-ms-ratelimit-remaining-subscription-writes": [
          "1199"
        ],
        "x-ms-request-id": [
          "57739ab8-ee0c-4566-8545-16da1d183983"
        ],
        "x-ms-correlation-request-id": [
          "57739ab8-ee0c-4566-8545-16da1d183983"
        ],
        "x-ms-routing-request-id": [
          "CENTRALUS:20161017T174352Z:57739ab8-ee0c-4566-8545-16da1d183983"
        ],
        "Strict-Transport-Security": [
          "max-age=31536000; includeSubDomains"
        ]
      },
      "StatusCode": 201
    },
    {
      "RequestUri": "/subscriptions/0b1f6471-1bf0-4dda-aec3-cb9272f09590/resourceGroups/cdnResourceGroup4990/providers/Microsoft.Cdn/profiles/profile9274?api-version=2016-10-02",
      "EncodedRequestUri": "L3N1YnNjcmlwdGlvbnMvMGIxZjY0NzEtMWJmMC00ZGRhLWFlYzMtY2I5MjcyZjA5NTkwL3Jlc291cmNlR3JvdXBzL2NkblJlc291cmNlR3JvdXA0OTkwL3Byb3ZpZGVycy9NaWNyb3NvZnQuQ2RuL3Byb2ZpbGVzL3Byb2ZpbGU5Mjc0P2FwaS12ZXJzaW9uPTIwMTYtMTAtMDI=",
      "RequestMethod": "PUT",
      "RequestBody": "{\r\n  \"sku\": {\r\n    \"name\": \"Standard_Verizon\"\r\n  },\r\n  \"location\": \"WestUs\",\r\n  \"tags\": {\r\n    \"key1\": \"value1\",\r\n    \"key2\": \"value2\"\r\n  }\r\n}",
      "RequestHeaders": {
        "Content-Type": [
          "application/json; charset=utf-8"
        ],
        "Content-Length": [
          "142"
        ],
        "x-ms-client-request-id": [
          "afd069c7-7986-437f-8648-f8303ab8b7a9"
        ],
        "accept-language": [
          "en-US"
        ],
        "User-Agent": [
          "FxVersion/4.6.24214.01",
          "Microsoft.Azure.Management.Cdn.CdnManagementClient/1.1.2"
        ]
      },
      "ResponseBody": "{\r\n  \"name\": \"profile9274\",\r\n  \"id\": \"/subscriptions/0b1f6471-1bf0-4dda-aec3-cb9272f09590/resourcegroups/cdnResourceGroup4990/providers/Microsoft.Cdn/profiles/profile9274\",\r\n  \"type\": \"Microsoft.Cdn/profiles\",\r\n  \"tags\": {\r\n    \"key1\": \"value1\",\r\n    \"key2\": \"value2\"\r\n  },\r\n  \"location\": \"WestUs\",\r\n  \"sku\": {\r\n    \"name\": \"Standard_Verizon\"\r\n  },\r\n  \"properties\": {\r\n    \"provisioningState\": \"Creating\",\r\n    \"resourceState\": \"Creating\"\r\n  }\r\n}",
      "ResponseHeaders": {
        "Content-Length": [
          "398"
        ],
        "Content-Type": [
          "application/json; odata.metadata=minimal"
        ],
        "Expires": [
          "-1"
        ],
        "Cache-Control": [
          "no-cache"
        ],
        "Date": [
          "Mon, 17 Oct 2016 17:43:55 GMT"
        ],
        "Pragma": [
          "no-cache"
        ],
        "Retry-After": [
          "10"
        ],
        "Server": [
          "Microsoft-IIS/8.5"
        ],
        "x-ms-request-id": [
          "b67a3f2d-b183-46cc-ac06-00f2d1c352e5"
        ],
        "x-ms-client-request-id": [
          "afd069c7-7986-437f-8648-f8303ab8b7a9"
        ],
        "Azure-AsyncOperation": [
          "https://management.azure.com/subscriptions/0b1f6471-1bf0-4dda-aec3-cb9272f09590/resourcegroups/cdnResourceGroup4990/providers/Microsoft.Cdn/operationresults/37dbf746-1cde-4749-aeb4-8835f4af0d85?api-version=2016-10-02"
        ],
        "OData-Version": [
          "4.0"
        ],
        "Strict-Transport-Security": [
          "max-age=31536000; includeSubDomains"
        ],
        "X-AspNet-Version": [
          "4.0.30319"
        ],
        "X-Powered-By": [
          "ASP.NET"
        ],
        "x-ms-ratelimit-remaining-subscription-writes": [
          "1199"
        ],
        "x-ms-correlation-request-id": [
          "5d40232c-38bf-4fba-9ee2-c6bc3a268e96"
        ],
        "x-ms-routing-request-id": [
          "CENTRALUS:20161017T174356Z:5d40232c-38bf-4fba-9ee2-c6bc3a268e96"
        ]
      },
      "StatusCode": 201
    },
    {
      "RequestUri": "/subscriptions/0b1f6471-1bf0-4dda-aec3-cb9272f09590/resourcegroups/cdnResourceGroup4990/providers/Microsoft.Cdn/operationresults/37dbf746-1cde-4749-aeb4-8835f4af0d85?api-version=2016-10-02",
      "EncodedRequestUri": "L3N1YnNjcmlwdGlvbnMvMGIxZjY0NzEtMWJmMC00ZGRhLWFlYzMtY2I5MjcyZjA5NTkwL3Jlc291cmNlZ3JvdXBzL2NkblJlc291cmNlR3JvdXA0OTkwL3Byb3ZpZGVycy9NaWNyb3NvZnQuQ2RuL29wZXJhdGlvbnJlc3VsdHMvMzdkYmY3NDYtMWNkZS00NzQ5LWFlYjQtODgzNWY0YWYwZDg1P2FwaS12ZXJzaW9uPTIwMTYtMTAtMDI=",
      "RequestMethod": "GET",
      "RequestBody": "",
      "RequestHeaders": {
        "User-Agent": [
          "FxVersion/4.6.24214.01",
          "Microsoft.Azure.Management.Cdn.CdnManagementClient/1.1.2"
        ]
      },
      "ResponseBody": "{\r\n  \"status\": \"Succeeded\",\r\n  \"error\": {\r\n    \"code\": \"None\",\r\n    \"message\": null\r\n  }\r\n}",
      "ResponseHeaders": {
        "Content-Type": [
          "application/json; odata.metadata=minimal; odata.streaming=true"
        ],
        "Expires": [
          "-1"
        ],
        "Cache-Control": [
          "no-cache"
        ],
        "Date": [
          "Mon, 17 Oct 2016 17:44:25 GMT"
        ],
        "Pragma": [
          "no-cache"
        ],
        "Transfer-Encoding": [
          "chunked"
        ],
        "Server": [
          "Microsoft-IIS/8.5"
        ],
        "Vary": [
          "Accept-Encoding"
        ],
        "x-ms-request-id": [
          "afed290b-6442-4022-9329-5c201531a0ff"
        ],
        "x-ms-client-request-id": [
          "57368d11-0054-4282-9bf1-16aba5ea25ce"
        ],
        "OData-Version": [
          "4.0"
        ],
        "Strict-Transport-Security": [
          "max-age=31536000; includeSubDomains"
        ],
        "X-AspNet-Version": [
          "4.0.30319"
        ],
        "X-Powered-By": [
          "ASP.NET"
        ],
        "x-ms-ratelimit-remaining-subscription-reads": [
          "14999"
        ],
        "x-ms-correlation-request-id": [
          "c4c665f7-e8a2-4f3a-af7c-0ee3f29cd8c3"
        ],
        "x-ms-routing-request-id": [
          "CENTRALUS:20161017T174426Z:c4c665f7-e8a2-4f3a-af7c-0ee3f29cd8c3"
        ]
      },
      "StatusCode": 200
    },
    {
      "RequestUri": "/subscriptions/0b1f6471-1bf0-4dda-aec3-cb9272f09590/resourceGroups/cdnResourceGroup4990/providers/Microsoft.Cdn/profiles/profile9274?api-version=2016-10-02",
      "EncodedRequestUri": "L3N1YnNjcmlwdGlvbnMvMGIxZjY0NzEtMWJmMC00ZGRhLWFlYzMtY2I5MjcyZjA5NTkwL3Jlc291cmNlR3JvdXBzL2NkblJlc291cmNlR3JvdXA0OTkwL3Byb3ZpZGVycy9NaWNyb3NvZnQuQ2RuL3Byb2ZpbGVzL3Byb2ZpbGU5Mjc0P2FwaS12ZXJzaW9uPTIwMTYtMTAtMDI=",
      "RequestMethod": "GET",
      "RequestBody": "",
      "RequestHeaders": {
        "User-Agent": [
          "FxVersion/4.6.24214.01",
          "Microsoft.Azure.Management.Cdn.CdnManagementClient/1.1.2"
        ]
      },
      "ResponseBody": "{\r\n  \"name\": \"profile9274\",\r\n  \"id\": \"/subscriptions/0b1f6471-1bf0-4dda-aec3-cb9272f09590/resourcegroups/cdnResourceGroup4990/providers/Microsoft.Cdn/profiles/profile9274\",\r\n  \"type\": \"Microsoft.Cdn/profiles\",\r\n  \"tags\": {\r\n    \"key1\": \"value1\",\r\n    \"key2\": \"value2\"\r\n  },\r\n  \"location\": \"WestUs\",\r\n  \"sku\": {\r\n    \"name\": \"Standard_Verizon\"\r\n  },\r\n  \"properties\": {\r\n    \"provisioningState\": \"Succeeded\",\r\n    \"resourceState\": \"Active\"\r\n  }\r\n}",
      "ResponseHeaders": {
        "Content-Type": [
          "application/json; odata.metadata=minimal; odata.streaming=true"
        ],
        "Expires": [
          "-1"
        ],
        "Cache-Control": [
          "no-cache"
        ],
        "Date": [
          "Mon, 17 Oct 2016 17:44:25 GMT"
        ],
        "Pragma": [
          "no-cache"
        ],
        "Transfer-Encoding": [
          "chunked"
        ],
        "Server": [
          "Microsoft-IIS/8.5"
        ],
        "Vary": [
          "Accept-Encoding"
        ],
        "x-ms-request-id": [
          "94b7f493-528f-45d1-a0dd-a1293c3ca7a6"
        ],
        "x-ms-client-request-id": [
          "cec5559b-76ea-403a-b6df-20a00769a6c7"
        ],
        "OData-Version": [
          "4.0"
        ],
        "Strict-Transport-Security": [
          "max-age=31536000; includeSubDomains"
        ],
        "X-AspNet-Version": [
          "4.0.30319"
        ],
        "X-Powered-By": [
          "ASP.NET"
        ],
        "x-ms-ratelimit-remaining-subscription-reads": [
          "14998"
        ],
        "x-ms-correlation-request-id": [
          "203842b6-956d-49a5-9768-ae6cf4686fcd"
        ],
        "x-ms-routing-request-id": [
          "CENTRALUS:20161017T174426Z:203842b6-956d-49a5-9768-ae6cf4686fcd"
        ]
      },
      "StatusCode": 200
    },
    {
      "RequestUri": "/subscriptions/0b1f6471-1bf0-4dda-aec3-cb9272f09590/resourceGroups/cdnResourceGroup4990/providers/Microsoft.Cdn/profiles/profile9274/endpoints?api-version=2016-10-02",
      "EncodedRequestUri": "L3N1YnNjcmlwdGlvbnMvMGIxZjY0NzEtMWJmMC00ZGRhLWFlYzMtY2I5MjcyZjA5NTkwL3Jlc291cmNlR3JvdXBzL2NkblJlc291cmNlR3JvdXA0OTkwL3Byb3ZpZGVycy9NaWNyb3NvZnQuQ2RuL3Byb2ZpbGVzL3Byb2ZpbGU5Mjc0L2VuZHBvaW50cz9hcGktdmVyc2lvbj0yMDE2LTEwLTAy",
      "RequestMethod": "GET",
      "RequestBody": "",
      "RequestHeaders": {
        "x-ms-client-request-id": [
          "365206b3-a742-4da1-8fbb-2b40b80103bc"
        ],
        "accept-language": [
          "en-US"
        ],
        "User-Agent": [
          "FxVersion/4.6.24214.01",
          "Microsoft.Azure.Management.Cdn.CdnManagementClient/1.1.2"
        ]
      },
      "ResponseBody": "{\r\n  \"value\": []\r\n}",
      "ResponseHeaders": {
        "Content-Type": [
          "application/json; odata.metadata=minimal; odata.streaming=true"
        ],
        "Expires": [
          "-1"
        ],
        "Cache-Control": [
          "no-cache"
        ],
        "Date": [
          "Mon, 17 Oct 2016 17:44:26 GMT"
        ],
        "Pragma": [
          "no-cache"
        ],
        "Transfer-Encoding": [
          "chunked"
        ],
        "Server": [
          "Microsoft-IIS/8.5"
        ],
        "Vary": [
          "Accept-Encoding"
        ],
        "x-ms-request-id": [
          "8a0f8793-2fdd-41cc-8d05-af8c69384ef1"
        ],
        "x-ms-client-request-id": [
          "365206b3-a742-4da1-8fbb-2b40b80103bc"
        ],
        "OData-Version": [
          "4.0"
        ],
        "Strict-Transport-Security": [
          "max-age=31536000; includeSubDomains"
        ],
        "X-AspNet-Version": [
          "4.0.30319"
        ],
        "X-Powered-By": [
          "ASP.NET"
        ],
        "x-ms-ratelimit-remaining-subscription-reads": [
          "14997"
        ],
        "x-ms-correlation-request-id": [
          "e53aff09-c00e-408a-b129-fc0ca7482d6b"
        ],
        "x-ms-routing-request-id": [
          "CENTRALUS:20161017T174427Z:e53aff09-c00e-408a-b129-fc0ca7482d6b"
        ]
      },
      "StatusCode": 200
    },
    {
      "RequestUri": "/subscriptions/0b1f6471-1bf0-4dda-aec3-cb9272f09590/resourceGroups/cdnResourceGroup4990/providers/Microsoft.Cdn/profiles/profile9274/endpoints?api-version=2016-10-02",
      "EncodedRequestUri": "L3N1YnNjcmlwdGlvbnMvMGIxZjY0NzEtMWJmMC00ZGRhLWFlYzMtY2I5MjcyZjA5NTkwL3Jlc291cmNlR3JvdXBzL2NkblJlc291cmNlR3JvdXA0OTkwL3Byb3ZpZGVycy9NaWNyb3NvZnQuQ2RuL3Byb2ZpbGVzL3Byb2ZpbGU5Mjc0L2VuZHBvaW50cz9hcGktdmVyc2lvbj0yMDE2LTEwLTAy",
      "RequestMethod": "GET",
      "RequestBody": "",
      "RequestHeaders": {
        "x-ms-client-request-id": [
          "2c22d733-b7a3-490e-b6a2-654cbd016b5b"
        ],
        "accept-language": [
          "en-US"
        ],
        "User-Agent": [
          "FxVersion/4.6.24214.01",
          "Microsoft.Azure.Management.Cdn.CdnManagementClient/1.1.2"
        ]
      },
      "ResponseBody": "{\r\n  \"value\": [\r\n    {\r\n      \"name\": \"endpoint9777\",\r\n      \"id\": \"/subscriptions/0b1f6471-1bf0-4dda-aec3-cb9272f09590/resourcegroups/cdnResourceGroup4990/providers/Microsoft.Cdn/profiles/profile9274/endpoints/endpoint9777\",\r\n      \"type\": \"Microsoft.Cdn/profiles/endpoints\",\r\n      \"tags\": {},\r\n      \"location\": \"WestUs\",\r\n      \"properties\": {\r\n        \"hostName\": \"endpoint9777.azureedge.net\",\r\n        \"originHostHeader\": null,\r\n        \"provisioningState\": \"Succeeded\",\r\n        \"resourceState\": \"Running\",\r\n        \"isHttpAllowed\": true,\r\n        \"isHttpsAllowed\": true,\r\n        \"queryStringCachingBehavior\": \"IgnoreQueryString\",\r\n        \"originPath\": null,\r\n        \"origins\": [\r\n          {\r\n            \"name\": \"origin1\",\r\n            \"properties\": {\r\n              \"hostName\": \"host1.hello.com\",\r\n              \"httpPort\": null,\r\n              \"httpsPort\": null\r\n            }\r\n          }\r\n        ],\r\n        \"customDomains\": [],\r\n        \"contentTypesToCompress\": [],\r\n        \"isCompressionEnabled\": false,\r\n        \"optimizationType\": null,\r\n        \"geoFilters\": []\r\n      }\r\n    }\r\n  ]\r\n}",
      "ResponseHeaders": {
        "Content-Type": [
          "application/json; odata.metadata=minimal; odata.streaming=true"
        ],
        "Expires": [
          "-1"
        ],
        "Cache-Control": [
          "no-cache"
        ],
        "Date": [
          "Mon, 17 Oct 2016 17:45:00 GMT"
        ],
        "Pragma": [
          "no-cache"
        ],
        "Transfer-Encoding": [
          "chunked"
        ],
        "Server": [
          "Microsoft-IIS/8.5"
        ],
        "Vary": [
          "Accept-Encoding"
        ],
        "x-ms-request-id": [
          "c20064dc-b5f0-4941-afd8-b3ff3dde2481"
        ],
        "x-ms-client-request-id": [
          "2c22d733-b7a3-490e-b6a2-654cbd016b5b"
        ],
        "OData-Version": [
          "4.0"
        ],
        "Strict-Transport-Security": [
          "max-age=31536000; includeSubDomains"
        ],
        "X-AspNet-Version": [
          "4.0.30319"
        ],
        "X-Powered-By": [
          "ASP.NET"
        ],
        "x-ms-ratelimit-remaining-subscription-reads": [
          "14992"
        ],
        "x-ms-correlation-request-id": [
          "bb8ffa4d-6ee4-4106-97fb-31c76e7f312b"
        ],
        "x-ms-routing-request-id": [
          "CENTRALUS:20161017T174500Z:bb8ffa4d-6ee4-4106-97fb-31c76e7f312b"
        ]
      },
      "StatusCode": 200
    },
    {
      "RequestUri": "/subscriptions/0b1f6471-1bf0-4dda-aec3-cb9272f09590/resourceGroups/cdnResourceGroup4990/providers/Microsoft.Cdn/profiles/profile9274/endpoints?api-version=2016-10-02",
      "EncodedRequestUri": "L3N1YnNjcmlwdGlvbnMvMGIxZjY0NzEtMWJmMC00ZGRhLWFlYzMtY2I5MjcyZjA5NTkwL3Jlc291cmNlR3JvdXBzL2NkblJlc291cmNlR3JvdXA0OTkwL3Byb3ZpZGVycy9NaWNyb3NvZnQuQ2RuL3Byb2ZpbGVzL3Byb2ZpbGU5Mjc0L2VuZHBvaW50cz9hcGktdmVyc2lvbj0yMDE2LTEwLTAy",
      "RequestMethod": "GET",
      "RequestBody": "",
      "RequestHeaders": {
        "x-ms-client-request-id": [
          "6f6a524b-0f5c-4e25-8474-ecff05a3f8c4"
        ],
        "accept-language": [
          "en-US"
        ],
        "User-Agent": [
          "FxVersion/4.6.24214.01",
          "Microsoft.Azure.Management.Cdn.CdnManagementClient/1.1.2"
        ]
      },
      "ResponseBody": "{\r\n  \"value\": [\r\n    {\r\n      \"name\": \"endpoint8482\",\r\n      \"id\": \"/subscriptions/0b1f6471-1bf0-4dda-aec3-cb9272f09590/resourcegroups/cdnResourceGroup4990/providers/Microsoft.Cdn/profiles/profile9274/endpoints/endpoint8482\",\r\n      \"type\": \"Microsoft.Cdn/profiles/endpoints\",\r\n      \"tags\": {},\r\n      \"location\": \"WestUs\",\r\n      \"properties\": {\r\n        \"hostName\": \"endpoint8482.azureedge.net\",\r\n        \"originHostHeader\": null,\r\n        \"provisioningState\": \"Succeeded\",\r\n        \"resourceState\": \"Running\",\r\n        \"isHttpAllowed\": true,\r\n        \"isHttpsAllowed\": true,\r\n        \"queryStringCachingBehavior\": \"IgnoreQueryString\",\r\n        \"originPath\": null,\r\n        \"origins\": [\r\n          {\r\n            \"name\": \"origin1\",\r\n            \"properties\": {\r\n              \"hostName\": \"host1.hello.com\",\r\n              \"httpPort\": null,\r\n              \"httpsPort\": null\r\n            }\r\n          }\r\n        ],\r\n        \"customDomains\": [],\r\n        \"contentTypesToCompress\": [],\r\n        \"isCompressionEnabled\": false,\r\n        \"optimizationType\": null,\r\n        \"geoFilters\": []\r\n      }\r\n    },\r\n    {\r\n      \"name\": \"endpoint9777\",\r\n      \"id\": \"/subscriptions/0b1f6471-1bf0-4dda-aec3-cb9272f09590/resourcegroups/cdnResourceGroup4990/providers/Microsoft.Cdn/profiles/profile9274/endpoints/endpoint9777\",\r\n      \"type\": \"Microsoft.Cdn/profiles/endpoints\",\r\n      \"tags\": {},\r\n      \"location\": \"WestUs\",\r\n      \"properties\": {\r\n        \"hostName\": \"endpoint9777.azureedge.net\",\r\n        \"originHostHeader\": null,\r\n        \"provisioningState\": \"Succeeded\",\r\n        \"resourceState\": \"Running\",\r\n        \"isHttpAllowed\": true,\r\n        \"isHttpsAllowed\": true,\r\n        \"queryStringCachingBehavior\": \"IgnoreQueryString\",\r\n        \"originPath\": null,\r\n        \"origins\": [\r\n          {\r\n            \"name\": \"origin1\",\r\n            \"properties\": {\r\n              \"hostName\": \"host1.hello.com\",\r\n              \"httpPort\": null,\r\n              \"httpsPort\": null\r\n            }\r\n          }\r\n        ],\r\n        \"customDomains\": [],\r\n        \"contentTypesToCompress\": [],\r\n        \"isCompressionEnabled\": false,\r\n        \"optimizationType\": null,\r\n        \"geoFilters\": []\r\n      }\r\n    }\r\n  ]\r\n}",
      "ResponseHeaders": {
        "Content-Type": [
          "application/json; odata.metadata=minimal; odata.streaming=true"
        ],
        "Expires": [
          "-1"
        ],
        "Cache-Control": [
          "no-cache"
        ],
        "Date": [
          "Mon, 17 Oct 2016 17:50:02 GMT"
        ],
        "Pragma": [
          "no-cache"
        ],
        "Transfer-Encoding": [
          "chunked"
        ],
        "Server": [
          "Microsoft-IIS/8.5"
        ],
        "Vary": [
          "Accept-Encoding"
        ],
        "x-ms-request-id": [
          "aadd54d2-40a8-4e42-aaea-fe9abd8ad6fb"
        ],
        "x-ms-client-request-id": [
          "6f6a524b-0f5c-4e25-8474-ecff05a3f8c4"
        ],
        "OData-Version": [
          "4.0"
        ],
        "Strict-Transport-Security": [
          "max-age=31536000; includeSubDomains"
        ],
        "X-AspNet-Version": [
          "4.0.30319"
        ],
        "X-Powered-By": [
          "ASP.NET"
        ],
        "x-ms-ratelimit-remaining-subscription-reads": [
          "14999"
        ],
        "x-ms-correlation-request-id": [
          "e35bf5f9-9ffc-4aad-82a6-582349e5931d"
        ],
        "x-ms-routing-request-id": [
          "CENTRALUS:20161017T175002Z:e35bf5f9-9ffc-4aad-82a6-582349e5931d"
        ]
      },
      "StatusCode": 200
    },
    {
      "RequestUri": "/subscriptions/0b1f6471-1bf0-4dda-aec3-cb9272f09590/resourceGroups/cdnResourceGroup4990/providers/Microsoft.Cdn/profiles/profile9274/endpoints?api-version=2016-10-02",
      "EncodedRequestUri": "L3N1YnNjcmlwdGlvbnMvMGIxZjY0NzEtMWJmMC00ZGRhLWFlYzMtY2I5MjcyZjA5NTkwL3Jlc291cmNlR3JvdXBzL2NkblJlc291cmNlR3JvdXA0OTkwL3Byb3ZpZGVycy9NaWNyb3NvZnQuQ2RuL3Byb2ZpbGVzL3Byb2ZpbGU5Mjc0L2VuZHBvaW50cz9hcGktdmVyc2lvbj0yMDE2LTEwLTAy",
      "RequestMethod": "GET",
      "RequestBody": "",
      "RequestHeaders": {
        "x-ms-client-request-id": [
          "8ae4dd19-f176-4440-8f2a-aca7998ecfeb"
        ],
        "accept-language": [
          "en-US"
        ],
        "User-Agent": [
          "FxVersion/4.6.24214.01",
          "Microsoft.Azure.Management.Cdn.CdnManagementClient/1.1.2"
        ]
      },
      "ResponseBody": "{\r\n  \"value\": [\r\n    {\r\n      \"name\": \"endpoint8482\",\r\n      \"id\": \"/subscriptions/0b1f6471-1bf0-4dda-aec3-cb9272f09590/resourcegroups/cdnResourceGroup4990/providers/Microsoft.Cdn/profiles/profile9274/endpoints/endpoint8482\",\r\n      \"type\": \"Microsoft.Cdn/profiles/endpoints\",\r\n      \"tags\": {},\r\n      \"location\": \"WestUs\",\r\n      \"properties\": {\r\n        \"hostName\": \"endpoint8482.azureedge.net\",\r\n        \"originHostHeader\": null,\r\n        \"provisioningState\": \"Succeeded\",\r\n        \"resourceState\": \"Running\",\r\n        \"isHttpAllowed\": true,\r\n        \"isHttpsAllowed\": true,\r\n        \"queryStringCachingBehavior\": \"IgnoreQueryString\",\r\n        \"originPath\": null,\r\n        \"origins\": [\r\n          {\r\n            \"name\": \"origin1\",\r\n            \"properties\": {\r\n              \"hostName\": \"host1.hello.com\",\r\n              \"httpPort\": null,\r\n              \"httpsPort\": null\r\n            }\r\n          }\r\n        ],\r\n        \"customDomains\": [],\r\n        \"contentTypesToCompress\": [],\r\n        \"isCompressionEnabled\": false,\r\n        \"optimizationType\": null,\r\n        \"geoFilters\": []\r\n      }\r\n    }\r\n  ]\r\n}",
      "ResponseHeaders": {
        "Content-Type": [
          "application/json; odata.metadata=minimal; odata.streaming=true"
        ],
        "Expires": [
          "-1"
        ],
        "Cache-Control": [
          "no-cache"
        ],
        "Date": [
          "Mon, 17 Oct 2016 17:50:33 GMT"
        ],
        "Pragma": [
          "no-cache"
        ],
        "Transfer-Encoding": [
          "chunked"
        ],
        "Server": [
          "Microsoft-IIS/8.5"
        ],
        "Vary": [
          "Accept-Encoding"
        ],
        "x-ms-request-id": [
          "fa360aad-4762-4743-8771-51735a7a6c80"
        ],
        "x-ms-client-request-id": [
          "8ae4dd19-f176-4440-8f2a-aca7998ecfeb"
        ],
        "OData-Version": [
          "4.0"
        ],
        "Strict-Transport-Security": [
          "max-age=31536000; includeSubDomains"
        ],
        "X-AspNet-Version": [
          "4.0.30319"
        ],
        "X-Powered-By": [
          "ASP.NET"
        ],
        "x-ms-ratelimit-remaining-subscription-reads": [
          "14996"
        ],
        "x-ms-correlation-request-id": [
          "60ce533c-f89b-481d-8abf-168e13d39124"
        ],
        "x-ms-routing-request-id": [
          "CENTRALUS:20161017T175034Z:60ce533c-f89b-481d-8abf-168e13d39124"
        ]
      },
      "StatusCode": 200
    },
    {
      "RequestUri": "/subscriptions/0b1f6471-1bf0-4dda-aec3-cb9272f09590/resourceGroups/cdnResourceGroup4990/providers/Microsoft.Cdn/profiles/profile9274/endpoints?api-version=2016-10-02",
      "EncodedRequestUri": "L3N1YnNjcmlwdGlvbnMvMGIxZjY0NzEtMWJmMC00ZGRhLWFlYzMtY2I5MjcyZjA5NTkwL3Jlc291cmNlR3JvdXBzL2NkblJlc291cmNlR3JvdXA0OTkwL3Byb3ZpZGVycy9NaWNyb3NvZnQuQ2RuL3Byb2ZpbGVzL3Byb2ZpbGU5Mjc0L2VuZHBvaW50cz9hcGktdmVyc2lvbj0yMDE2LTEwLTAy",
      "RequestMethod": "GET",
      "RequestBody": "",
      "RequestHeaders": {
        "x-ms-client-request-id": [
          "fa5dccd3-ad3d-4da2-b737-5c37733f56b6"
        ],
        "accept-language": [
          "en-US"
        ],
        "User-Agent": [
          "FxVersion/4.6.24214.01",
          "Microsoft.Azure.Management.Cdn.CdnManagementClient/1.1.2"
        ]
      },
      "ResponseBody": "{\r\n  \"value\": []\r\n}",
      "ResponseHeaders": {
        "Content-Type": [
          "application/json; odata.metadata=minimal; odata.streaming=true"
        ],
        "Expires": [
          "-1"
        ],
        "Cache-Control": [
          "no-cache"
        ],
        "Date": [
          "Mon, 17 Oct 2016 17:52:36 GMT"
        ],
        "Pragma": [
          "no-cache"
        ],
        "Transfer-Encoding": [
          "chunked"
        ],
        "Server": [
          "Microsoft-IIS/8.5"
        ],
        "Vary": [
          "Accept-Encoding"
        ],
        "x-ms-request-id": [
          "69030921-3abd-4527-883d-a8637f37b8ea"
        ],
        "x-ms-client-request-id": [
          "fa5dccd3-ad3d-4da2-b737-5c37733f56b6"
        ],
        "OData-Version": [
          "4.0"
        ],
        "Strict-Transport-Security": [
          "max-age=31536000; includeSubDomains"
        ],
        "X-AspNet-Version": [
          "4.0.30319"
        ],
        "X-Powered-By": [
          "ASP.NET"
        ],
        "x-ms-ratelimit-remaining-subscription-reads": [
          "14990"
        ],
        "x-ms-correlation-request-id": [
          "1d421ee4-de63-4616-8f53-db10ff391cab"
        ],
        "x-ms-routing-request-id": [
          "CENTRALUS:20161017T175236Z:1d421ee4-de63-4616-8f53-db10ff391cab"
        ]
      },
      "StatusCode": 200
    },
    {
      "RequestUri": "/subscriptions/0b1f6471-1bf0-4dda-aec3-cb9272f09590/resourceGroups/cdnResourceGroup4990/providers/Microsoft.Cdn/profiles/profile9274/endpoints/endpoint9777?api-version=2016-10-02",
      "EncodedRequestUri": "L3N1YnNjcmlwdGlvbnMvMGIxZjY0NzEtMWJmMC00ZGRhLWFlYzMtY2I5MjcyZjA5NTkwL3Jlc291cmNlR3JvdXBzL2NkblJlc291cmNlR3JvdXA0OTkwL3Byb3ZpZGVycy9NaWNyb3NvZnQuQ2RuL3Byb2ZpbGVzL3Byb2ZpbGU5Mjc0L2VuZHBvaW50cy9lbmRwb2ludDk3Nzc/YXBpLXZlcnNpb249MjAxNi0xMC0wMg==",
      "RequestMethod": "PUT",
      "RequestBody": "{\r\n  \"properties\": {\r\n    \"isHttpAllowed\": true,\r\n    \"isHttpsAllowed\": true,\r\n    \"origins\": [\r\n      {\r\n        \"name\": \"origin1\",\r\n        \"properties\": {\r\n          \"hostName\": \"host1.hello.com\"\r\n        }\r\n      }\r\n    ]\r\n  },\r\n  \"location\": \"WestUs\"\r\n}",
      "RequestHeaders": {
        "Content-Type": [
          "application/json; charset=utf-8"
        ],
        "Content-Length": [
          "258"
        ],
        "x-ms-client-request-id": [
          "a9a6ce40-d667-495a-89fd-7d245358eb2f"
        ],
        "accept-language": [
          "en-US"
        ],
        "User-Agent": [
          "FxVersion/4.6.24214.01",
          "Microsoft.Azure.Management.Cdn.CdnManagementClient/1.1.2"
        ]
      },
      "ResponseBody": "{\r\n  \"name\": \"endpoint9777\",\r\n  \"id\": \"/subscriptions/0b1f6471-1bf0-4dda-aec3-cb9272f09590/resourcegroups/cdnResourceGroup4990/providers/Microsoft.Cdn/profiles/profile9274/endpoints/endpoint9777\",\r\n  \"type\": \"Microsoft.Cdn/profiles/endpoints\",\r\n  \"tags\": {},\r\n  \"location\": \"WestUs\",\r\n  \"properties\": {\r\n    \"hostName\": \"endpoint9777.azureedge.net\",\r\n    \"originHostHeader\": null,\r\n    \"provisioningState\": \"Creating\",\r\n    \"resourceState\": \"Creating\",\r\n    \"isHttpAllowed\": true,\r\n    \"isHttpsAllowed\": true,\r\n    \"queryStringCachingBehavior\": \"IgnoreQueryString\",\r\n    \"originPath\": null,\r\n    \"origins\": [\r\n      {\r\n        \"name\": \"origin1\",\r\n        \"properties\": {\r\n          \"hostName\": \"host1.hello.com\",\r\n          \"httpPort\": null,\r\n          \"httpsPort\": null\r\n        }\r\n      }\r\n    ],\r\n    \"customDomains\": [],\r\n    \"contentTypesToCompress\": [],\r\n    \"isCompressionEnabled\": false,\r\n    \"optimizationType\": null,\r\n    \"geoFilters\": []\r\n  }\r\n}",
      "ResponseHeaders": {
        "Content-Length": [
          "851"
        ],
        "Content-Type": [
          "application/json; odata.metadata=minimal"
        ],
        "Expires": [
          "-1"
        ],
        "Cache-Control": [
          "no-cache"
        ],
        "Date": [
          "Mon, 17 Oct 2016 17:44:28 GMT"
        ],
        "Pragma": [
          "no-cache"
        ],
        "Retry-After": [
          "10"
        ],
        "Server": [
          "Microsoft-IIS/8.5"
        ],
        "x-ms-request-id": [
          "c1f602ee-925a-4eba-96e3-243595050db8"
        ],
        "x-ms-client-request-id": [
          "a9a6ce40-d667-495a-89fd-7d245358eb2f"
        ],
        "Azure-AsyncOperation": [
          "https://management.azure.com/subscriptions/0b1f6471-1bf0-4dda-aec3-cb9272f09590/resourcegroups/cdnResourceGroup4990/providers/Microsoft.Cdn/operationresults/52dd2d9b-ad73-498e-a294-d6a3633e7d29?api-version=2016-10-02"
        ],
        "OData-Version": [
          "4.0"
        ],
        "Strict-Transport-Security": [
          "max-age=31536000; includeSubDomains"
        ],
        "X-AspNet-Version": [
          "4.0.30319"
        ],
        "X-Powered-By": [
          "ASP.NET"
        ],
        "x-ms-ratelimit-remaining-subscription-writes": [
          "1198"
        ],
        "x-ms-correlation-request-id": [
          "4d974921-87d1-4045-8044-7fb3c408f4eb"
        ],
        "x-ms-routing-request-id": [
          "CENTRALUS:20161017T174429Z:4d974921-87d1-4045-8044-7fb3c408f4eb"
        ]
      },
      "StatusCode": 201
    },
    {
      "RequestUri": "/subscriptions/0b1f6471-1bf0-4dda-aec3-cb9272f09590/resourcegroups/cdnResourceGroup4990/providers/Microsoft.Cdn/operationresults/52dd2d9b-ad73-498e-a294-d6a3633e7d29?api-version=2016-10-02",
      "EncodedRequestUri": "L3N1YnNjcmlwdGlvbnMvMGIxZjY0NzEtMWJmMC00ZGRhLWFlYzMtY2I5MjcyZjA5NTkwL3Jlc291cmNlZ3JvdXBzL2NkblJlc291cmNlR3JvdXA0OTkwL3Byb3ZpZGVycy9NaWNyb3NvZnQuQ2RuL29wZXJhdGlvbnJlc3VsdHMvNTJkZDJkOWItYWQ3My00OThlLWEyOTQtZDZhMzYzM2U3ZDI5P2FwaS12ZXJzaW9uPTIwMTYtMTAtMDI=",
      "RequestMethod": "GET",
      "RequestBody": "",
      "RequestHeaders": {
        "User-Agent": [
          "FxVersion/4.6.24214.01",
          "Microsoft.Azure.Management.Cdn.CdnManagementClient/1.1.2"
        ]
      },
      "ResponseBody": "{\r\n  \"status\": \"Succeeded\",\r\n  \"error\": {\r\n    \"code\": \"None\",\r\n    \"message\": null\r\n  }\r\n}",
      "ResponseHeaders": {
        "Content-Type": [
          "application/json; odata.metadata=minimal; odata.streaming=true"
        ],
        "Expires": [
          "-1"
        ],
        "Cache-Control": [
          "no-cache"
        ],
        "Date": [
          "Mon, 17 Oct 2016 17:44:59 GMT"
        ],
        "Pragma": [
          "no-cache"
        ],
        "Transfer-Encoding": [
          "chunked"
        ],
        "Server": [
          "Microsoft-IIS/8.5"
        ],
        "Vary": [
          "Accept-Encoding"
        ],
        "x-ms-request-id": [
          "ea596ca9-571f-4e7b-baee-2ac4a8581256"
        ],
        "x-ms-client-request-id": [
          "a3178c1b-d6b5-4889-b732-ed74e39df18e"
        ],
        "OData-Version": [
          "4.0"
        ],
        "Strict-Transport-Security": [
          "max-age=31536000; includeSubDomains"
        ],
        "X-AspNet-Version": [
          "4.0.30319"
        ],
        "X-Powered-By": [
          "ASP.NET"
        ],
        "x-ms-ratelimit-remaining-subscription-reads": [
          "14995"
        ],
        "x-ms-correlation-request-id": [
          "49ce9eb6-d95b-41cf-b702-10c71de84bb7"
        ],
        "x-ms-routing-request-id": [
          "CENTRALUS:20161017T174459Z:49ce9eb6-d95b-41cf-b702-10c71de84bb7"
        ]
      },
      "StatusCode": 200
    },
    {
      "RequestUri": "/subscriptions/0b1f6471-1bf0-4dda-aec3-cb9272f09590/resourceGroups/cdnResourceGroup4990/providers/Microsoft.Cdn/profiles/profile9274/endpoints/endpoint9777?api-version=2016-10-02",
      "EncodedRequestUri": "L3N1YnNjcmlwdGlvbnMvMGIxZjY0NzEtMWJmMC00ZGRhLWFlYzMtY2I5MjcyZjA5NTkwL3Jlc291cmNlR3JvdXBzL2NkblJlc291cmNlR3JvdXA0OTkwL3Byb3ZpZGVycy9NaWNyb3NvZnQuQ2RuL3Byb2ZpbGVzL3Byb2ZpbGU5Mjc0L2VuZHBvaW50cy9lbmRwb2ludDk3Nzc/YXBpLXZlcnNpb249MjAxNi0xMC0wMg==",
      "RequestMethod": "GET",
      "RequestBody": "",
      "RequestHeaders": {
        "User-Agent": [
          "FxVersion/4.6.24214.01",
          "Microsoft.Azure.Management.Cdn.CdnManagementClient/1.1.2"
        ]
      },
      "ResponseBody": "{\r\n  \"name\": \"endpoint9777\",\r\n  \"id\": \"/subscriptions/0b1f6471-1bf0-4dda-aec3-cb9272f09590/resourcegroups/cdnResourceGroup4990/providers/Microsoft.Cdn/profiles/profile9274/endpoints/endpoint9777\",\r\n  \"type\": \"Microsoft.Cdn/profiles/endpoints\",\r\n  \"tags\": {},\r\n  \"location\": \"WestUs\",\r\n  \"properties\": {\r\n    \"hostName\": \"endpoint9777.azureedge.net\",\r\n    \"originHostHeader\": null,\r\n    \"provisioningState\": \"Succeeded\",\r\n    \"resourceState\": \"Running\",\r\n    \"isHttpAllowed\": true,\r\n    \"isHttpsAllowed\": true,\r\n    \"queryStringCachingBehavior\": \"IgnoreQueryString\",\r\n    \"originPath\": null,\r\n    \"origins\": [\r\n      {\r\n        \"name\": \"origin1\",\r\n        \"properties\": {\r\n          \"hostName\": \"host1.hello.com\",\r\n          \"httpPort\": null,\r\n          \"httpsPort\": null\r\n        }\r\n      }\r\n    ],\r\n    \"customDomains\": [],\r\n    \"contentTypesToCompress\": [],\r\n    \"isCompressionEnabled\": false,\r\n    \"optimizationType\": null,\r\n    \"geoFilters\": []\r\n  }\r\n}",
      "ResponseHeaders": {
        "Content-Type": [
          "application/json; odata.metadata=minimal; odata.streaming=true"
        ],
        "Expires": [
          "-1"
        ],
        "Cache-Control": [
          "no-cache"
        ],
        "Date": [
          "Mon, 17 Oct 2016 17:44:59 GMT"
        ],
        "Pragma": [
          "no-cache"
        ],
        "Transfer-Encoding": [
          "chunked"
        ],
        "Server": [
          "Microsoft-IIS/8.5"
        ],
        "Vary": [
          "Accept-Encoding"
        ],
        "x-ms-request-id": [
          "145a2c2e-bee1-4272-90af-645ed5fdd225"
        ],
        "x-ms-client-request-id": [
          "1a824e93-31b9-4b51-8904-fab2de59f865"
        ],
        "OData-Version": [
          "4.0"
        ],
        "Strict-Transport-Security": [
          "max-age=31536000; includeSubDomains"
        ],
        "X-AspNet-Version": [
          "4.0.30319"
        ],
        "X-Powered-By": [
          "ASP.NET"
        ],
        "x-ms-ratelimit-remaining-subscription-reads": [
          "14994"
        ],
        "x-ms-correlation-request-id": [
          "ff9941ed-a126-4c1e-a951-9cb20510f4b1"
        ],
        "x-ms-routing-request-id": [
          "CENTRALUS:20161017T174459Z:ff9941ed-a126-4c1e-a951-9cb20510f4b1"
        ]
      },
      "StatusCode": 200
    },
    {
      "RequestUri": "/subscriptions/0b1f6471-1bf0-4dda-aec3-cb9272f09590/resourceGroups/cdnResourceGroup4990/providers/Microsoft.Cdn/profiles/profile9274/endpoints/endpoint9777?api-version=2016-10-02",
      "EncodedRequestUri": "L3N1YnNjcmlwdGlvbnMvMGIxZjY0NzEtMWJmMC00ZGRhLWFlYzMtY2I5MjcyZjA5NTkwL3Jlc291cmNlR3JvdXBzL2NkblJlc291cmNlR3JvdXA0OTkwL3Byb3ZpZGVycy9NaWNyb3NvZnQuQ2RuL3Byb2ZpbGVzL3Byb2ZpbGU5Mjc0L2VuZHBvaW50cy9lbmRwb2ludDk3Nzc/YXBpLXZlcnNpb249MjAxNi0xMC0wMg==",
      "RequestMethod": "GET",
      "RequestBody": "",
      "RequestHeaders": {
        "x-ms-client-request-id": [
          "7c3cf4c2-2b49-4b80-925d-f6245c3e5a36"
        ],
        "accept-language": [
          "en-US"
        ],
        "User-Agent": [
          "FxVersion/4.6.24214.01",
          "Microsoft.Azure.Management.Cdn.CdnManagementClient/1.1.2"
        ]
      },
      "ResponseBody": "{\r\n  \"name\": \"endpoint9777\",\r\n  \"id\": \"/subscriptions/0b1f6471-1bf0-4dda-aec3-cb9272f09590/resourcegroups/cdnResourceGroup4990/providers/Microsoft.Cdn/profiles/profile9274/endpoints/endpoint9777\",\r\n  \"type\": \"Microsoft.Cdn/profiles/endpoints\",\r\n  \"tags\": {},\r\n  \"location\": \"WestUs\",\r\n  \"properties\": {\r\n    \"hostName\": \"endpoint9777.azureedge.net\",\r\n    \"originHostHeader\": null,\r\n    \"provisioningState\": \"Succeeded\",\r\n    \"resourceState\": \"Running\",\r\n    \"isHttpAllowed\": true,\r\n    \"isHttpsAllowed\": true,\r\n    \"queryStringCachingBehavior\": \"IgnoreQueryString\",\r\n    \"originPath\": null,\r\n    \"origins\": [\r\n      {\r\n        \"name\": \"origin1\",\r\n        \"properties\": {\r\n          \"hostName\": \"host1.hello.com\",\r\n          \"httpPort\": null,\r\n          \"httpsPort\": null\r\n        }\r\n      }\r\n    ],\r\n    \"customDomains\": [],\r\n    \"contentTypesToCompress\": [],\r\n    \"isCompressionEnabled\": false,\r\n    \"optimizationType\": null,\r\n    \"geoFilters\": []\r\n  }\r\n}",
      "ResponseHeaders": {
        "Content-Type": [
          "application/json; odata.metadata=minimal; odata.streaming=true"
        ],
        "Expires": [
          "-1"
        ],
        "Cache-Control": [
          "no-cache"
        ],
        "Date": [
          "Mon, 17 Oct 2016 17:45:00 GMT"
        ],
        "Pragma": [
          "no-cache"
        ],
        "Transfer-Encoding": [
          "chunked"
        ],
        "Server": [
          "Microsoft-IIS/8.5"
        ],
        "Vary": [
          "Accept-Encoding"
        ],
        "x-ms-request-id": [
          "2ec5594b-5d48-45c3-8193-3fb5278b16f1"
        ],
        "x-ms-client-request-id": [
          "7c3cf4c2-2b49-4b80-925d-f6245c3e5a36"
        ],
        "OData-Version": [
          "4.0"
        ],
        "Strict-Transport-Security": [
          "max-age=31536000; includeSubDomains"
        ],
        "X-AspNet-Version": [
          "4.0.30319"
        ],
        "X-Powered-By": [
          "ASP.NET"
        ],
        "x-ms-ratelimit-remaining-subscription-reads": [
          "14993"
        ],
        "x-ms-correlation-request-id": [
          "ab866fe3-37df-4873-9140-0ff5048ae9b7"
        ],
        "x-ms-routing-request-id": [
          "CENTRALUS:20161017T174500Z:ab866fe3-37df-4873-9140-0ff5048ae9b7"
        ]
      },
      "StatusCode": 200
    },
    {
      "RequestUri": "/subscriptions/0b1f6471-1bf0-4dda-aec3-cb9272f09590/resourceGroups/cdnResourceGroup4990/providers/Microsoft.Cdn/profiles/profile9274/endpoints/endpoint9777?api-version=2016-10-02",
      "EncodedRequestUri": "L3N1YnNjcmlwdGlvbnMvMGIxZjY0NzEtMWJmMC00ZGRhLWFlYzMtY2I5MjcyZjA5NTkwL3Jlc291cmNlR3JvdXBzL2NkblJlc291cmNlR3JvdXA0OTkwL3Byb3ZpZGVycy9NaWNyb3NvZnQuQ2RuL3Byb2ZpbGVzL3Byb2ZpbGU5Mjc0L2VuZHBvaW50cy9lbmRwb2ludDk3Nzc/YXBpLXZlcnNpb249MjAxNi0xMC0wMg==",
      "RequestMethod": "GET",
      "RequestBody": "",
      "RequestHeaders": {
        "x-ms-client-request-id": [
          "39cc6118-acb1-4a92-b91c-8995aa698064"
        ],
        "accept-language": [
          "en-US"
        ],
        "User-Agent": [
          "FxVersion/4.6.24214.01",
          "Microsoft.Azure.Management.Cdn.CdnManagementClient/1.1.2"
        ]
      },
      "ResponseBody": "{\r\n  \"error\": {\r\n    \"code\": \"ResourceNotFound\",\r\n    \"message\": \"The Resource 'Microsoft.Cdn/profiles/profile9274/endpoints/endpoint9777' under resource group 'cdnResourceGroup4990' was not found.\"\r\n  }\r\n}",
      "ResponseHeaders": {
        "Content-Length": [
          "181"
        ],
        "Content-Type": [
          "application/json; charset=utf-8"
        ],
        "Expires": [
          "-1"
        ],
        "Cache-Control": [
          "no-cache"
        ],
        "Date": [
          "Mon, 17 Oct 2016 17:50:33 GMT"
        ],
        "Pragma": [
          "no-cache"
        ],
        "x-ms-failure-cause": [
          "gateway"
        ],
        "x-ms-request-id": [
          "e4b8b6aa-d6d6-44a3-beef-2ec605f4d4a3"
        ],
        "x-ms-correlation-request-id": [
          "e4b8b6aa-d6d6-44a3-beef-2ec605f4d4a3"
        ],
        "x-ms-routing-request-id": [
          "CENTRALUS:20161017T175034Z:e4b8b6aa-d6d6-44a3-beef-2ec605f4d4a3"
        ],
        "Strict-Transport-Security": [
          "max-age=31536000; includeSubDomains"
        ]
      },
      "StatusCode": 404
    },
    {
      "RequestUri": "/subscriptions/0b1f6471-1bf0-4dda-aec3-cb9272f09590/resourceGroups/cdnResourceGroup4990/providers/Microsoft.Cdn/profiles/profile9274/endpoints/endpoint8482?api-version=2016-10-02",
      "EncodedRequestUri": "L3N1YnNjcmlwdGlvbnMvMGIxZjY0NzEtMWJmMC00ZGRhLWFlYzMtY2I5MjcyZjA5NTkwL3Jlc291cmNlR3JvdXBzL2NkblJlc291cmNlR3JvdXA0OTkwL3Byb3ZpZGVycy9NaWNyb3NvZnQuQ2RuL3Byb2ZpbGVzL3Byb2ZpbGU5Mjc0L2VuZHBvaW50cy9lbmRwb2ludDg0ODI/YXBpLXZlcnNpb249MjAxNi0xMC0wMg==",
      "RequestMethod": "PUT",
      "RequestBody": "{\r\n  \"properties\": {\r\n    \"isHttpAllowed\": true,\r\n    \"isHttpsAllowed\": true,\r\n    \"origins\": [\r\n      {\r\n        \"name\": \"origin1\",\r\n        \"properties\": {\r\n          \"hostName\": \"host1.hello.com\"\r\n        }\r\n      }\r\n    ]\r\n  },\r\n  \"location\": \"WestUs\"\r\n}",
      "RequestHeaders": {
        "Content-Type": [
          "application/json; charset=utf-8"
        ],
        "Content-Length": [
          "258"
        ],
        "x-ms-client-request-id": [
          "371a4bdf-9cf8-40f9-891a-2379c3bb6145"
        ],
        "accept-language": [
          "en-US"
        ],
        "User-Agent": [
          "FxVersion/4.6.24214.01",
          "Microsoft.Azure.Management.Cdn.CdnManagementClient/1.1.2"
        ]
      },
      "ResponseBody": "{\r\n  \"name\": \"endpoint8482\",\r\n  \"id\": \"/subscriptions/0b1f6471-1bf0-4dda-aec3-cb9272f09590/resourcegroups/cdnResourceGroup4990/providers/Microsoft.Cdn/profiles/profile9274/endpoints/endpoint8482\",\r\n  \"type\": \"Microsoft.Cdn/profiles/endpoints\",\r\n  \"tags\": {},\r\n  \"location\": \"WestUs\",\r\n  \"properties\": {\r\n    \"hostName\": \"endpoint8482.azureedge.net\",\r\n    \"originHostHeader\": null,\r\n    \"provisioningState\": \"Creating\",\r\n    \"resourceState\": \"Creating\",\r\n    \"isHttpAllowed\": true,\r\n    \"isHttpsAllowed\": true,\r\n    \"queryStringCachingBehavior\": \"IgnoreQueryString\",\r\n    \"originPath\": null,\r\n    \"origins\": [\r\n      {\r\n        \"name\": \"origin1\",\r\n        \"properties\": {\r\n          \"hostName\": \"host1.hello.com\",\r\n          \"httpPort\": null,\r\n          \"httpsPort\": null\r\n        }\r\n      }\r\n    ],\r\n    \"customDomains\": [],\r\n    \"contentTypesToCompress\": [],\r\n    \"isCompressionEnabled\": false,\r\n    \"optimizationType\": null,\r\n    \"geoFilters\": []\r\n  }\r\n}",
      "ResponseHeaders": {
        "Content-Length": [
          "851"
        ],
        "Content-Type": [
          "application/json; odata.metadata=minimal"
        ],
        "Expires": [
          "-1"
        ],
        "Cache-Control": [
          "no-cache"
        ],
        "Date": [
          "Mon, 17 Oct 2016 17:45:01 GMT"
        ],
        "Pragma": [
          "no-cache"
        ],
        "Retry-After": [
          "10"
        ],
        "Server": [
          "Microsoft-IIS/8.5"
        ],
        "x-ms-request-id": [
          "7aa4abd9-b900-47aa-b191-8843e97f208d"
        ],
        "x-ms-client-request-id": [
          "371a4bdf-9cf8-40f9-891a-2379c3bb6145"
        ],
        "Azure-AsyncOperation": [
          "https://management.azure.com/subscriptions/0b1f6471-1bf0-4dda-aec3-cb9272f09590/resourcegroups/cdnResourceGroup4990/providers/Microsoft.Cdn/operationresults/718cc5f4-1e5b-40d1-ba38-8aedb040e07a?api-version=2016-10-02"
        ],
        "OData-Version": [
          "4.0"
        ],
        "Strict-Transport-Security": [
          "max-age=31536000; includeSubDomains"
        ],
        "X-AspNet-Version": [
          "4.0.30319"
        ],
        "X-Powered-By": [
          "ASP.NET"
        ],
        "x-ms-ratelimit-remaining-subscription-writes": [
          "1197"
        ],
        "x-ms-correlation-request-id": [
          "11e8ce50-fa47-4739-868b-ea26fa500e07"
        ],
        "x-ms-routing-request-id": [
          "CENTRALUS:20161017T174502Z:11e8ce50-fa47-4739-868b-ea26fa500e07"
        ]
      },
      "StatusCode": 201
    },
    {
      "RequestUri": "/subscriptions/0b1f6471-1bf0-4dda-aec3-cb9272f09590/resourceGroups/cdnResourceGroup4990/providers/Microsoft.Cdn/profiles/profile9274/endpoints/endpoint9777?api-version=2016-10-02",
      "EncodedRequestUri": "L3N1YnNjcmlwdGlvbnMvMGIxZjY0NzEtMWJmMC00ZGRhLWFlYzMtY2I5MjcyZjA5NTkwL3Jlc291cmNlR3JvdXBzL2NkblJlc291cmNlR3JvdXA0OTkwL3Byb3ZpZGVycy9NaWNyb3NvZnQuQ2RuL3Byb2ZpbGVzL3Byb2ZpbGU5Mjc0L2VuZHBvaW50cy9lbmRwb2ludDk3Nzc/YXBpLXZlcnNpb249MjAxNi0xMC0wMg==",
      "RequestMethod": "DELETE",
      "RequestBody": "",
      "RequestHeaders": {
        "x-ms-client-request-id": [
          "d36eff08-13b8-461a-9c48-092d37503e87"
        ],
        "accept-language": [
          "en-US"
        ],
        "User-Agent": [
          "FxVersion/4.6.24214.01",
          "Microsoft.Azure.Management.Cdn.CdnManagementClient/1.1.2"
        ]
      },
      "ResponseBody": "",
      "ResponseHeaders": {
        "Content-Length": [
          "0"
        ],
        "Expires": [
          "-1"
        ],
        "Cache-Control": [
          "no-cache"
        ],
        "Date": [
          "Mon, 17 Oct 2016 17:50:03 GMT"
        ],
        "Pragma": [
          "no-cache"
        ],
        "Location": [
          "https://management.azure.com/subscriptions/0b1f6471-1bf0-4dda-aec3-cb9272f09590/resourcegroups/cdnResourceGroup4990/providers/Microsoft.Cdn/operationresults/e7aece03-07e2-481f-97ea-9a19ac96f4eb/profileresults/profile9274/endpointresults/endpoint9777?api-version=2016-10-02"
        ],
        "Retry-After": [
          "10"
        ],
        "Server": [
          "Microsoft-IIS/8.5"
        ],
        "x-ms-request-id": [
          "8f6c33a4-e6d7-4f4e-9e3c-1db3af0489b5"
        ],
        "x-ms-client-request-id": [
          "d36eff08-13b8-461a-9c48-092d37503e87"
        ],
        "Azure-AsyncOperation": [
          "https://management.azure.com/subscriptions/0b1f6471-1bf0-4dda-aec3-cb9272f09590/resourcegroups/cdnResourceGroup4990/providers/Microsoft.Cdn/operationresults/e7aece03-07e2-481f-97ea-9a19ac96f4eb?api-version=2016-10-02"
        ],
        "Strict-Transport-Security": [
          "max-age=31536000; includeSubDomains"
        ],
        "X-AspNet-Version": [
          "4.0.30319"
        ],
        "X-Powered-By": [
          "ASP.NET"
        ],
        "x-ms-ratelimit-remaining-subscription-writes": [
          "1199"
        ],
        "x-ms-correlation-request-id": [
          "28b6862a-9bda-440f-8152-269f733cbf77"
        ],
        "x-ms-routing-request-id": [
          "CENTRALUS:20161017T175003Z:28b6862a-9bda-440f-8152-269f733cbf77"
        ]
      },
      "StatusCode": 202
    },
    {
      "RequestUri": "/subscriptions/0b1f6471-1bf0-4dda-aec3-cb9272f09590/resourcegroups/cdnResourceGroup4990/providers/Microsoft.Cdn/operationresults/e7aece03-07e2-481f-97ea-9a19ac96f4eb?api-version=2016-10-02",
      "EncodedRequestUri": "L3N1YnNjcmlwdGlvbnMvMGIxZjY0NzEtMWJmMC00ZGRhLWFlYzMtY2I5MjcyZjA5NTkwL3Jlc291cmNlZ3JvdXBzL2NkblJlc291cmNlR3JvdXA0OTkwL3Byb3ZpZGVycy9NaWNyb3NvZnQuQ2RuL29wZXJhdGlvbnJlc3VsdHMvZTdhZWNlMDMtMDdlMi00ODFmLTk3ZWEtOWExOWFjOTZmNGViP2FwaS12ZXJzaW9uPTIwMTYtMTAtMDI=",
      "RequestMethod": "GET",
      "RequestBody": "",
      "RequestHeaders": {
        "User-Agent": [
          "FxVersion/4.6.24214.01",
          "Microsoft.Azure.Management.Cdn.CdnManagementClient/1.1.2"
        ]
      },
      "ResponseBody": "{\r\n  \"status\": \"Succeeded\",\r\n  \"error\": {\r\n    \"code\": \"None\",\r\n    \"message\": null\r\n  }\r\n}",
      "ResponseHeaders": {
        "Content-Type": [
          "application/json; odata.metadata=minimal; odata.streaming=true"
        ],
        "Expires": [
          "-1"
        ],
        "Cache-Control": [
          "no-cache"
        ],
        "Date": [
          "Mon, 17 Oct 2016 17:50:33 GMT"
        ],
        "Pragma": [
          "no-cache"
        ],
        "Transfer-Encoding": [
          "chunked"
        ],
        "Server": [
          "Microsoft-IIS/8.5"
        ],
        "Vary": [
          "Accept-Encoding"
        ],
        "x-ms-request-id": [
          "3bdce588-35b3-487a-8189-7684823c4989"
        ],
        "x-ms-client-request-id": [
          "2704bdf4-f89c-454d-af29-0fa6b5f6600c"
        ],
        "OData-Version": [
          "4.0"
        ],
        "Strict-Transport-Security": [
          "max-age=31536000; includeSubDomains"
        ],
        "X-AspNet-Version": [
          "4.0.30319"
        ],
        "X-Powered-By": [
          "ASP.NET"
        ],
        "x-ms-ratelimit-remaining-subscription-reads": [
          "14998"
        ],
        "x-ms-correlation-request-id": [
          "74e51ad2-fbe6-43f7-bf55-e1505890a72d"
        ],
        "x-ms-routing-request-id": [
          "CENTRALUS:20161017T175033Z:74e51ad2-fbe6-43f7-bf55-e1505890a72d"
        ]
      },
      "StatusCode": 200
    },
    {
      "RequestUri": "/subscriptions/0b1f6471-1bf0-4dda-aec3-cb9272f09590/resourceGroups/cdnResourceGroup4990/providers/Microsoft.Cdn/profiles/profile9274/endpoints/endpoint8482?api-version=2016-10-02",
      "EncodedRequestUri": "L3N1YnNjcmlwdGlvbnMvMGIxZjY0NzEtMWJmMC00ZGRhLWFlYzMtY2I5MjcyZjA5NTkwL3Jlc291cmNlR3JvdXBzL2NkblJlc291cmNlR3JvdXA0OTkwL3Byb3ZpZGVycy9NaWNyb3NvZnQuQ2RuL3Byb2ZpbGVzL3Byb2ZpbGU5Mjc0L2VuZHBvaW50cy9lbmRwb2ludDg0ODI/YXBpLXZlcnNpb249MjAxNi0xMC0wMg==",
      "RequestMethod": "DELETE",
      "RequestBody": "",
      "RequestHeaders": {
        "x-ms-client-request-id": [
          "01a29be5-8869-476c-b2b4-57182bb3c27e"
        ],
        "accept-language": [
          "en-US"
        ],
        "User-Agent": [
          "FxVersion/4.6.24214.01",
          "Microsoft.Azure.Management.Cdn.CdnManagementClient/1.1.2"
        ]
      },
      "ResponseBody": "",
      "ResponseHeaders": {
        "Content-Length": [
          "0"
        ],
        "Expires": [
          "-1"
        ],
        "Cache-Control": [
          "no-cache"
        ],
        "Date": [
          "Mon, 17 Oct 2016 17:51:34 GMT"
        ],
        "Pragma": [
          "no-cache"
        ],
        "Location": [
          "https://management.azure.com/subscriptions/0b1f6471-1bf0-4dda-aec3-cb9272f09590/resourcegroups/cdnResourceGroup4990/providers/Microsoft.Cdn/operationresults/ea1c8883-60f4-4d32-8e72-0ec870b83251/profileresults/profile9274/endpointresults/endpoint8482?api-version=2016-10-02"
        ],
        "Retry-After": [
          "10"
        ],
        "Server": [
          "Microsoft-IIS/8.5"
        ],
        "x-ms-request-id": [
          "683ec223-2366-46eb-b225-485bb963cd0b"
        ],
        "x-ms-client-request-id": [
          "01a29be5-8869-476c-b2b4-57182bb3c27e"
        ],
        "Azure-AsyncOperation": [
          "https://management.azure.com/subscriptions/0b1f6471-1bf0-4dda-aec3-cb9272f09590/resourcegroups/cdnResourceGroup4990/providers/Microsoft.Cdn/operationresults/ea1c8883-60f4-4d32-8e72-0ec870b83251?api-version=2016-10-02"
        ],
        "Strict-Transport-Security": [
          "max-age=31536000; includeSubDomains"
        ],
        "X-AspNet-Version": [
          "4.0.30319"
        ],
        "X-Powered-By": [
          "ASP.NET"
        ],
        "x-ms-ratelimit-remaining-subscription-writes": [
          "1198"
        ],
        "x-ms-correlation-request-id": [
          "1f476fbc-1765-4787-9169-49ace827b6b5"
        ],
        "x-ms-routing-request-id": [
          "CENTRALUS:20161017T175135Z:1f476fbc-1765-4787-9169-49ace827b6b5"
        ]
      },
      "StatusCode": 202
    },
    {
      "RequestUri": "/subscriptions/0b1f6471-1bf0-4dda-aec3-cb9272f09590/resourceGroups/cdnResourceGroup4990/providers/Microsoft.Cdn/profiles/profile9274/endpoints/endpoint8482?api-version=2016-10-02",
      "EncodedRequestUri": "L3N1YnNjcmlwdGlvbnMvMGIxZjY0NzEtMWJmMC00ZGRhLWFlYzMtY2I5MjcyZjA5NTkwL3Jlc291cmNlR3JvdXBzL2NkblJlc291cmNlR3JvdXA0OTkwL3Byb3ZpZGVycy9NaWNyb3NvZnQuQ2RuL3Byb2ZpbGVzL3Byb2ZpbGU5Mjc0L2VuZHBvaW50cy9lbmRwb2ludDg0ODI/YXBpLXZlcnNpb249MjAxNi0xMC0wMg==",
      "RequestMethod": "GET",
      "RequestBody": "",
      "RequestHeaders": {
        "x-ms-client-request-id": [
          "bb5e0659-f8d8-4057-832c-2ca9b21bf5e2"
        ],
        "accept-language": [
          "en-US"
        ],
        "User-Agent": [
          "FxVersion/4.6.24214.01",
          "Microsoft.Azure.Management.Cdn.CdnManagementClient/1.1.2"
        ]
      },
      "ResponseBody": "{\r\n  \"name\": \"endpoint8482\",\r\n  \"id\": \"/subscriptions/0b1f6471-1bf0-4dda-aec3-cb9272f09590/resourcegroups/cdnResourceGroup4990/providers/Microsoft.Cdn/profiles/profile9274/endpoints/endpoint8482\",\r\n  \"type\": \"Microsoft.Cdn/profiles/endpoints\",\r\n  \"tags\": {},\r\n  \"location\": \"WestUs\",\r\n  \"properties\": {\r\n    \"hostName\": \"endpoint8482.azureedge.net\",\r\n    \"originHostHeader\": null,\r\n    \"provisioningState\": \"Succeeded\",\r\n    \"resourceState\": \"Deleting\",\r\n    \"isHttpAllowed\": true,\r\n    \"isHttpsAllowed\": true,\r\n    \"queryStringCachingBehavior\": \"IgnoreQueryString\",\r\n    \"originPath\": null,\r\n    \"origins\": [\r\n      {\r\n        \"name\": \"origin1\",\r\n        \"properties\": {\r\n          \"hostName\": \"host1.hello.com\",\r\n          \"httpPort\": null,\r\n          \"httpsPort\": null\r\n        }\r\n      }\r\n    ],\r\n    \"customDomains\": [],\r\n    \"contentTypesToCompress\": [],\r\n    \"isCompressionEnabled\": false,\r\n    \"optimizationType\": null,\r\n    \"geoFilters\": []\r\n  }\r\n}",
      "ResponseHeaders": {
        "Content-Type": [
          "application/json; odata.metadata=minimal; odata.streaming=true"
        ],
        "Expires": [
          "-1"
        ],
        "Cache-Control": [
          "no-cache"
        ],
        "Date": [
          "Mon, 17 Oct 2016 17:51:34 GMT"
        ],
        "Pragma": [
          "no-cache"
        ],
        "Transfer-Encoding": [
          "chunked"
        ],
        "Server": [
          "Microsoft-IIS/8.5"
        ],
        "Vary": [
          "Accept-Encoding"
        ],
        "x-ms-request-id": [
          "65c71d18-63d6-4f59-ad02-4624c9428e6c"
        ],
        "x-ms-client-request-id": [
          "bb5e0659-f8d8-4057-832c-2ca9b21bf5e2"
        ],
        "OData-Version": [
          "4.0"
        ],
        "Strict-Transport-Security": [
          "max-age=31536000; includeSubDomains"
        ],
        "X-AspNet-Version": [
          "4.0.30319"
        ],
        "X-Powered-By": [
          "ASP.NET"
        ],
        "x-ms-ratelimit-remaining-subscription-reads": [
          "14995"
        ],
        "x-ms-correlation-request-id": [
          "beb14f67-f06b-493b-aec9-c0ed1889fd12"
        ],
        "x-ms-routing-request-id": [
          "CENTRALUS:20161017T175135Z:beb14f67-f06b-493b-aec9-c0ed1889fd12"
        ]
      },
      "StatusCode": 200
    },
    {
      "RequestUri": "/subscriptions/0b1f6471-1bf0-4dda-aec3-cb9272f09590/resourcegroups/cdnResourceGroup4990?api-version=2015-11-01",
      "EncodedRequestUri": "L3N1YnNjcmlwdGlvbnMvMGIxZjY0NzEtMWJmMC00ZGRhLWFlYzMtY2I5MjcyZjA5NTkwL3Jlc291cmNlZ3JvdXBzL2NkblJlc291cmNlR3JvdXA0OTkwP2FwaS12ZXJzaW9uPTIwMTUtMTEtMDE=",
      "RequestMethod": "DELETE",
      "RequestBody": "",
      "RequestHeaders": {
        "x-ms-client-request-id": [
          "411770da-ed71-4110-aeb3-f8213fc477a0"
        ],
        "accept-language": [
          "en-US"
        ],
        "User-Agent": [
          "FxVersion/4.6.24214.01",
          "Microsoft.Azure.Management.Resources.ResourceManagementClient/1.0.0-preview"
        ]
      },
      "ResponseBody": "",
      "ResponseHeaders": {
        "Content-Length": [
          "0"
        ],
        "Expires": [
          "-1"
        ],
        "Cache-Control": [
          "no-cache"
        ],
        "Date": [
          "Mon, 17 Oct 2016 17:52:37 GMT"
        ],
        "Pragma": [
          "no-cache"
        ],
        "Location": [
          "https://management.azure.com/subscriptions/0b1f6471-1bf0-4dda-aec3-cb9272f09590/operationresults/eyJqb2JJZCI6IlJFU09VUkNFR1JPVVBERUxFVElPTkpPQi1DRE5SRVNPVVJDRUdST1VQNDk5MC1XRVNUVVMiLCJqb2JMb2NhdGlvbiI6Indlc3R1cyJ9?api-version=2015-11-01"
        ],
        "Retry-After": [
          "15"
        ],
        "x-ms-ratelimit-remaining-subscription-writes": [
          "1199"
        ],
        "x-ms-request-id": [
          "0ce68ec8-8087-4128-bb4a-d2e020ecbae7"
        ],
        "x-ms-correlation-request-id": [
          "0ce68ec8-8087-4128-bb4a-d2e020ecbae7"
        ],
        "x-ms-routing-request-id": [
          "CENTRALUS:20161017T175237Z:0ce68ec8-8087-4128-bb4a-d2e020ecbae7"
        ],
        "Strict-Transport-Security": [
          "max-age=31536000; includeSubDomains"
        ]
      },
      "StatusCode": 202
    },
    {
      "RequestUri": "/subscriptions/0b1f6471-1bf0-4dda-aec3-cb9272f09590/operationresults/eyJqb2JJZCI6IlJFU09VUkNFR1JPVVBERUxFVElPTkpPQi1DRE5SRVNPVVJDRUdST1VQNDk5MC1XRVNUVVMiLCJqb2JMb2NhdGlvbiI6Indlc3R1cyJ9?api-version=2015-11-01",
      "EncodedRequestUri": "L3N1YnNjcmlwdGlvbnMvMGIxZjY0NzEtMWJmMC00ZGRhLWFlYzMtY2I5MjcyZjA5NTkwL29wZXJhdGlvbnJlc3VsdHMvZXlKcWIySkpaQ0k2SWxKRlUwOVZVa05GUjFKUFZWQkVSVXhGVkVsUFRrcFBRaTFEUkU1U1JWTlBWVkpEUlVkU1QxVlFORGs1TUMxWFJWTlVWVk1pTENKcWIySk1iMk5oZEdsdmJpSTZJbmRsYzNSMWN5Sjk/YXBpLXZlcnNpb249MjAxNS0xMS0wMQ==",
      "RequestMethod": "GET",
      "RequestBody": "",
      "RequestHeaders": {
        "User-Agent": [
          "FxVersion/4.6.24214.01",
          "Microsoft.Azure.Management.Resources.ResourceManagementClient/1.0.0-preview"
        ]
      },
      "ResponseBody": "",
      "ResponseHeaders": {
        "Content-Length": [
          "0"
        ],
        "Expires": [
          "-1"
        ],
        "Cache-Control": [
          "no-cache"
        ],
        "Date": [
          "Mon, 17 Oct 2016 17:53:07 GMT"
        ],
        "Pragma": [
          "no-cache"
        ],
        "Location": [
          "https://management.azure.com/subscriptions/0b1f6471-1bf0-4dda-aec3-cb9272f09590/operationresults/eyJqb2JJZCI6IlJFU09VUkNFR1JPVVBERUxFVElPTkpPQi1DRE5SRVNPVVJDRUdST1VQNDk5MC1XRVNUVVMiLCJqb2JMb2NhdGlvbiI6Indlc3R1cyJ9?api-version=2015-11-01"
        ],
        "Retry-After": [
          "15"
        ],
        "x-ms-ratelimit-remaining-subscription-reads": [
          "14998"
        ],
        "x-ms-request-id": [
          "09cc39a9-0d31-44ab-9772-5f1ebdd32455"
        ],
        "x-ms-correlation-request-id": [
          "09cc39a9-0d31-44ab-9772-5f1ebdd32455"
        ],
        "x-ms-routing-request-id": [
          "CENTRALUS:20161017T175308Z:09cc39a9-0d31-44ab-9772-5f1ebdd32455"
        ],
        "Strict-Transport-Security": [
          "max-age=31536000; includeSubDomains"
        ]
      },
      "StatusCode": 202
    },
    {
      "RequestUri": "/subscriptions/0b1f6471-1bf0-4dda-aec3-cb9272f09590/operationresults/eyJqb2JJZCI6IlJFU09VUkNFR1JPVVBERUxFVElPTkpPQi1DRE5SRVNPVVJDRUdST1VQNDk5MC1XRVNUVVMiLCJqb2JMb2NhdGlvbiI6Indlc3R1cyJ9?api-version=2015-11-01",
      "EncodedRequestUri": "L3N1YnNjcmlwdGlvbnMvMGIxZjY0NzEtMWJmMC00ZGRhLWFlYzMtY2I5MjcyZjA5NTkwL29wZXJhdGlvbnJlc3VsdHMvZXlKcWIySkpaQ0k2SWxKRlUwOVZVa05GUjFKUFZWQkVSVXhGVkVsUFRrcFBRaTFEUkU1U1JWTlBWVkpEUlVkU1QxVlFORGs1TUMxWFJWTlVWVk1pTENKcWIySk1iMk5oZEdsdmJpSTZJbmRsYzNSMWN5Sjk/YXBpLXZlcnNpb249MjAxNS0xMS0wMQ==",
      "RequestMethod": "GET",
      "RequestBody": "",
      "RequestHeaders": {
        "User-Agent": [
          "FxVersion/4.6.24214.01",
          "Microsoft.Azure.Management.Resources.ResourceManagementClient/1.0.0-preview"
        ]
      },
      "ResponseBody": "",
      "ResponseHeaders": {
        "Content-Length": [
          "0"
        ],
        "Expires": [
          "-1"
        ],
        "Cache-Control": [
          "no-cache"
        ],
        "Date": [
          "Mon, 17 Oct 2016 17:53:37 GMT"
        ],
        "Pragma": [
          "no-cache"
        ],
        "Location": [
          "https://management.azure.com/subscriptions/0b1f6471-1bf0-4dda-aec3-cb9272f09590/operationresults/eyJqb2JJZCI6IlJFU09VUkNFR1JPVVBERUxFVElPTkpPQi1DRE5SRVNPVVJDRUdST1VQNDk5MC1XRVNUVVMiLCJqb2JMb2NhdGlvbiI6Indlc3R1cyJ9?api-version=2015-11-01"
        ],
        "Retry-After": [
          "15"
        ],
        "x-ms-ratelimit-remaining-subscription-reads": [
          "14997"
        ],
        "x-ms-request-id": [
          "85d15194-845f-47c9-ab99-101d09e77ee6"
        ],
        "x-ms-correlation-request-id": [
          "85d15194-845f-47c9-ab99-101d09e77ee6"
        ],
        "x-ms-routing-request-id": [
          "CENTRALUS:20161017T175338Z:85d15194-845f-47c9-ab99-101d09e77ee6"
        ],
        "Strict-Transport-Security": [
          "max-age=31536000; includeSubDomains"
        ]
      },
      "StatusCode": 202
    },
    {
      "RequestUri": "/subscriptions/0b1f6471-1bf0-4dda-aec3-cb9272f09590/operationresults/eyJqb2JJZCI6IlJFU09VUkNFR1JPVVBERUxFVElPTkpPQi1DRE5SRVNPVVJDRUdST1VQNDk5MC1XRVNUVVMiLCJqb2JMb2NhdGlvbiI6Indlc3R1cyJ9?api-version=2015-11-01",
      "EncodedRequestUri": "L3N1YnNjcmlwdGlvbnMvMGIxZjY0NzEtMWJmMC00ZGRhLWFlYzMtY2I5MjcyZjA5NTkwL29wZXJhdGlvbnJlc3VsdHMvZXlKcWIySkpaQ0k2SWxKRlUwOVZVa05GUjFKUFZWQkVSVXhGVkVsUFRrcFBRaTFEUkU1U1JWTlBWVkpEUlVkU1QxVlFORGs1TUMxWFJWTlVWVk1pTENKcWIySk1iMk5oZEdsdmJpSTZJbmRsYzNSMWN5Sjk/YXBpLXZlcnNpb249MjAxNS0xMS0wMQ==",
      "RequestMethod": "GET",
      "RequestBody": "",
      "RequestHeaders": {
        "User-Agent": [
          "FxVersion/4.6.24214.01",
          "Microsoft.Azure.Management.Resources.ResourceManagementClient/1.0.0-preview"
        ]
      },
      "ResponseBody": "",
      "ResponseHeaders": {
        "Content-Length": [
          "0"
        ],
        "Expires": [
          "-1"
        ],
        "Cache-Control": [
          "no-cache"
        ],
        "Date": [
          "Mon, 17 Oct 2016 17:54:08 GMT"
        ],
        "Pragma": [
          "no-cache"
        ],
        "Location": [
          "https://management.azure.com/subscriptions/0b1f6471-1bf0-4dda-aec3-cb9272f09590/operationresults/eyJqb2JJZCI6IlJFU09VUkNFR1JPVVBERUxFVElPTkpPQi1DRE5SRVNPVVJDRUdST1VQNDk5MC1XRVNUVVMiLCJqb2JMb2NhdGlvbiI6Indlc3R1cyJ9?api-version=2015-11-01"
        ],
        "Retry-After": [
          "15"
        ],
        "x-ms-ratelimit-remaining-subscription-reads": [
          "14996"
        ],
        "x-ms-request-id": [
          "a30d9a84-7bcc-42ed-a00a-56364798c888"
        ],
        "x-ms-correlation-request-id": [
          "a30d9a84-7bcc-42ed-a00a-56364798c888"
        ],
        "x-ms-routing-request-id": [
          "CENTRALUS:20161017T175408Z:a30d9a84-7bcc-42ed-a00a-56364798c888"
        ],
        "Strict-Transport-Security": [
          "max-age=31536000; includeSubDomains"
        ]
      },
      "StatusCode": 202
    },
    {
      "RequestUri": "/subscriptions/0b1f6471-1bf0-4dda-aec3-cb9272f09590/operationresults/eyJqb2JJZCI6IlJFU09VUkNFR1JPVVBERUxFVElPTkpPQi1DRE5SRVNPVVJDRUdST1VQNDk5MC1XRVNUVVMiLCJqb2JMb2NhdGlvbiI6Indlc3R1cyJ9?api-version=2015-11-01",
      "EncodedRequestUri": "L3N1YnNjcmlwdGlvbnMvMGIxZjY0NzEtMWJmMC00ZGRhLWFlYzMtY2I5MjcyZjA5NTkwL29wZXJhdGlvbnJlc3VsdHMvZXlKcWIySkpaQ0k2SWxKRlUwOVZVa05GUjFKUFZWQkVSVXhGVkVsUFRrcFBRaTFEUkU1U1JWTlBWVkpEUlVkU1QxVlFORGs1TUMxWFJWTlVWVk1pTENKcWIySk1iMk5oZEdsdmJpSTZJbmRsYzNSMWN5Sjk/YXBpLXZlcnNpb249MjAxNS0xMS0wMQ==",
      "RequestMethod": "GET",
      "RequestBody": "",
      "RequestHeaders": {
        "User-Agent": [
          "FxVersion/4.6.24214.01",
          "Microsoft.Azure.Management.Resources.ResourceManagementClient/1.0.0-preview"
        ]
      },
      "ResponseBody": "",
      "ResponseHeaders": {
        "Content-Length": [
          "0"
        ],
        "Expires": [
          "-1"
        ],
        "Cache-Control": [
          "no-cache"
        ],
        "Date": [
          "Mon, 17 Oct 2016 17:54:38 GMT"
        ],
        "Pragma": [
          "no-cache"
        ],
        "x-ms-ratelimit-remaining-subscription-reads": [
          "14995"
        ],
        "x-ms-request-id": [
          "d0b94a72-c658-4d8b-806c-3902e7f2b07f"
        ],
        "x-ms-correlation-request-id": [
          "d0b94a72-c658-4d8b-806c-3902e7f2b07f"
        ],
        "x-ms-routing-request-id": [
          "CENTRALUS:20161017T175438Z:d0b94a72-c658-4d8b-806c-3902e7f2b07f"
        ],
        "Strict-Transport-Security": [
          "max-age=31536000; includeSubDomains"
        ]
      },
      "StatusCode": 200
    }
  ],
  "Names": {
    "CreateResourceGroup": [
      "cdnResourceGroup4990"
    ],
    "EndpointGetListTest": [
      "profile9274",
      "endpoint9777",
      "endpoint8482"
    ]
  },
  "Variables": {
    "SubscriptionId": "0b1f6471-1bf0-4dda-aec3-cb9272f09590"
  }
}