{
  "Entries": [
    {
      "RequestUri": "https://management.azure.com/subscriptions/c9cbd920-c00c-427c-852b-8aaf38badaeb/resourcegroups/res1440?api-version=2017-05-10",
      "RequestMethod": "PUT",
      "RequestHeaders": {
        "Accept": "application/json",
        "Authorization": "Sanitized",
        "Content-Length": "22",
        "Content-Type": "application/json",
        "traceparent": "00-feb94275876d0c45a06fba345ec1b08f-c5f47417c707a94d-00",
        "User-Agent": [
          "azsdk-net-ResourceManager.Storage.Tests/1.0.0-alpha.20200914.1",
          "(.NET Core 4.6.29130.01; Microsoft Windows 10.0.19041 )"
        ],
        "x-ms-client-request-id": "d298b11e5f856a4d9eab76191a228343",
        "x-ms-return-client-request-id": "true"
      },
      "RequestBody": {
        "location": "eastus2"
      },
      "StatusCode": 201,
      "ResponseHeaders": {
        "Cache-Control": "no-cache",
        "Content-Length": "168",
        "Content-Type": "application/json; charset=utf-8",
        "Date": "Mon, 14 Sep 2020 02:58:08 GMT",
        "Expires": "-1",
        "Pragma": "no-cache",
        "Strict-Transport-Security": "max-age=31536000; includeSubDomains",
        "X-Content-Type-Options": "nosniff",
        "x-ms-correlation-request-id": "32159376-7048-4121-9764-18286e0770b0",
        "x-ms-ratelimit-remaining-subscription-writes": "1156",
        "x-ms-request-id": "32159376-7048-4121-9764-18286e0770b0",
        "x-ms-routing-request-id": "SOUTHEASTASIA:20200914T025809Z:32159376-7048-4121-9764-18286e0770b0"
      },
      "ResponseBody": {
        "id": "/subscriptions/c9cbd920-c00c-427c-852b-8aaf38badaeb/resourceGroups/res1440",
        "name": "res1440",
        "location": "eastus2",
        "properties": {
          "provisioningState": "Succeeded"
        }
      }
    },
    {
      "RequestUri": "https://management.azure.com/subscriptions/c9cbd920-c00c-427c-852b-8aaf38badaeb/resourceGroups/res1440/providers/Microsoft.Storage/storageAccounts/sto9856?api-version=2019-06-01",
      "RequestMethod": "PUT",
      "RequestHeaders": {
        "Accept": "application/json",
        "Authorization": "Sanitized",
        "Content-Length": "126",
        "Content-Type": "application/json",
        "traceparent": "00-d16b33cb29eff44688f769f7e531362a-68fa5dd27625bd46-00",
        "User-Agent": [
          "azsdk-net-ResourceManager.Storage/1.0.0-alpha.20200914.1",
          "(.NET Core 4.6.29130.01; Microsoft Windows 10.0.19041 )"
        ],
        "x-ms-client-request-id": "f37f99d80c823d4e7454be642fb366a0",
        "x-ms-return-client-request-id": "true"
      },
      "RequestBody": {
        "sku": {
          "name": "Standard_GRS"
        },
        "kind": "Storage",
        "location": "eastus2",
        "tags": {
          "key1": "value1",
          "key2": "value2"
        },
        "properties": {}
      },
      "StatusCode": 202,
      "ResponseHeaders": {
        "Cache-Control": "no-cache",
        "Content-Length": "0",
        "Content-Type": "text/plain; charset=utf-8",
        "Date": "Mon, 14 Sep 2020 02:58:11 GMT",
        "Expires": "-1",
        "Location": "https://management.azure.com/subscriptions/c9cbd920-c00c-427c-852b-8aaf38badaeb/providers/Microsoft.Storage/locations/eastus2/asyncoperations/ff4a0708-9173-43e1-8f86-a5a647707bb6?monitor=true\u0026api-version=2019-06-01",
        "Pragma": "no-cache",
        "Retry-After": "17",
        "Server": "Microsoft-Azure-Storage-Resource-Provider/1.0,Microsoft-HTTPAPI/2.0 Microsoft-HTTPAPI/2.0",
        "Strict-Transport-Security": "max-age=31536000; includeSubDomains",
        "X-Content-Type-Options": "nosniff",
        "x-ms-client-request-id": "f37f99d80c823d4e7454be642fb366a0",
        "x-ms-correlation-request-id": "04bc7a4e-5090-40f8-b99e-97d4880430b1",
        "x-ms-ratelimit-remaining-subscription-writes": "1155",
        "x-ms-request-id": "ff4a0708-9173-43e1-8f86-a5a647707bb6",
        "x-ms-routing-request-id": "SOUTHEASTASIA:20200914T025811Z:04bc7a4e-5090-40f8-b99e-97d4880430b1"
      },
      "ResponseBody": []
    },
    {
      "RequestUri": "https://management.azure.com/subscriptions/c9cbd920-c00c-427c-852b-8aaf38badaeb/providers/Microsoft.Storage/locations/eastus2/asyncoperations/ff4a0708-9173-43e1-8f86-a5a647707bb6?monitor=true\u0026api-version=2019-06-01",
      "RequestMethod": "GET",
      "RequestHeaders": {
        "Authorization": "Sanitized",
        "User-Agent": [
          "azsdk-net-ResourceManager.Storage/1.0.0-alpha.20200914.1",
          "(.NET Core 4.6.29130.01; Microsoft Windows 10.0.19041 )"
        ],
        "x-ms-client-request-id": "6680dc3753aca59b4994100b8e056ef7",
        "x-ms-return-client-request-id": "true"
      },
      "RequestBody": null,
      "StatusCode": 202,
      "ResponseHeaders": {
        "Cache-Control": "no-cache",
        "Content-Length": "0",
        "Content-Type": "text/plain; charset=utf-8",
        "Date": "Mon, 14 Sep 2020 02:58:11 GMT",
        "Expires": "-1",
        "Location": "https://management.azure.com/subscriptions/c9cbd920-c00c-427c-852b-8aaf38badaeb/providers/Microsoft.Storage/locations/eastus2/asyncoperations/ff4a0708-9173-43e1-8f86-a5a647707bb6?monitor=true\u0026api-version=2019-06-01",
        "Pragma": "no-cache",
        "Retry-After": "17",
        "Server": "Microsoft-Azure-Storage-Resource-Provider/1.0,Microsoft-HTTPAPI/2.0 Microsoft-HTTPAPI/2.0",
        "Strict-Transport-Security": "max-age=31536000; includeSubDomains",
        "X-Content-Type-Options": "nosniff",
        "x-ms-client-request-id": "6680dc3753aca59b4994100b8e056ef7",
        "x-ms-correlation-request-id": "8a97d7e8-6d93-4cad-ab7e-3259460ac3dd",
        "x-ms-ratelimit-remaining-subscription-reads": "11859",
        "x-ms-request-id": "caafe483-3cda-49b7-84c9-7cf1fced922c",
        "x-ms-routing-request-id": "SOUTHEASTASIA:20200914T025811Z:8a97d7e8-6d93-4cad-ab7e-3259460ac3dd"
      },
      "ResponseBody": []
    },
    {
      "RequestUri": "https://management.azure.com/subscriptions/c9cbd920-c00c-427c-852b-8aaf38badaeb/providers/Microsoft.Storage/locations/eastus2/asyncoperations/ff4a0708-9173-43e1-8f86-a5a647707bb6?monitor=true\u0026api-version=2019-06-01",
      "RequestMethod": "GET",
      "RequestHeaders": {
        "Authorization": "Sanitized",
        "User-Agent": [
          "azsdk-net-ResourceManager.Storage/1.0.0-alpha.20200914.1",
          "(.NET Core 4.6.29130.01; Microsoft Windows 10.0.19041 )"
        ],
        "x-ms-client-request-id": "9c3178104250e4060876b37ea0ce0204",
        "x-ms-return-client-request-id": "true"
      },
      "RequestBody": null,
      "StatusCode": 202,
      "ResponseHeaders": {
        "Cache-Control": "no-cache",
        "Content-Length": "0",
        "Content-Type": "text/plain; charset=utf-8",
        "Date": "Mon, 14 Sep 2020 02:58:12 GMT",
        "Expires": "-1",
        "Location": "https://management.azure.com/subscriptions/c9cbd920-c00c-427c-852b-8aaf38badaeb/providers/Microsoft.Storage/locations/eastus2/asyncoperations/ff4a0708-9173-43e1-8f86-a5a647707bb6?monitor=true\u0026api-version=2019-06-01",
        "Pragma": "no-cache",
        "Retry-After": "17",
        "Server": "Microsoft-Azure-Storage-Resource-Provider/1.0,Microsoft-HTTPAPI/2.0 Microsoft-HTTPAPI/2.0",
        "Strict-Transport-Security": "max-age=31536000; includeSubDomains",
        "X-Content-Type-Options": "nosniff",
        "x-ms-client-request-id": "9c3178104250e4060876b37ea0ce0204",
        "x-ms-correlation-request-id": "69b1000d-4430-4f0b-b0c0-cf1970ce1eba",
        "x-ms-ratelimit-remaining-subscription-reads": "11858",
        "x-ms-request-id": "8824d14d-4d7c-41ff-9c66-8b30135d8a3f",
        "x-ms-routing-request-id": "SOUTHEASTASIA:20200914T025813Z:69b1000d-4430-4f0b-b0c0-cf1970ce1eba"
      },
      "ResponseBody": []
    },
    {
      "RequestUri": "https://management.azure.com/subscriptions/c9cbd920-c00c-427c-852b-8aaf38badaeb/providers/Microsoft.Storage/locations/eastus2/asyncoperations/ff4a0708-9173-43e1-8f86-a5a647707bb6?monitor=true\u0026api-version=2019-06-01",
      "RequestMethod": "GET",
      "RequestHeaders": {
        "Authorization": "Sanitized",
        "User-Agent": [
          "azsdk-net-ResourceManager.Storage/1.0.0-alpha.20200914.1",
          "(.NET Core 4.6.29130.01; Microsoft Windows 10.0.19041 )"
        ],
        "x-ms-client-request-id": "532df1f7ff3295f4ea8db775e2867a3a",
        "x-ms-return-client-request-id": "true"
      },
      "RequestBody": null,
      "StatusCode": 202,
      "ResponseHeaders": {
        "Cache-Control": "no-cache",
        "Content-Length": "0",
        "Content-Type": "text/plain; charset=utf-8",
        "Date": "Mon, 14 Sep 2020 02:58:14 GMT",
        "Expires": "-1",
        "Location": "https://management.azure.com/subscriptions/c9cbd920-c00c-427c-852b-8aaf38badaeb/providers/Microsoft.Storage/locations/eastus2/asyncoperations/ff4a0708-9173-43e1-8f86-a5a647707bb6?monitor=true\u0026api-version=2019-06-01",
        "Pragma": "no-cache",
        "Retry-After": "17",
        "Server": "Microsoft-Azure-Storage-Resource-Provider/1.0,Microsoft-HTTPAPI/2.0 Microsoft-HTTPAPI/2.0",
        "Strict-Transport-Security": "max-age=31536000; includeSubDomains",
        "X-Content-Type-Options": "nosniff",
        "x-ms-client-request-id": "532df1f7ff3295f4ea8db775e2867a3a",
        "x-ms-correlation-request-id": "c1ea13f2-8aba-45bc-80de-959077b37e2b",
        "x-ms-ratelimit-remaining-subscription-reads": "11857",
        "x-ms-request-id": "09059d6e-6702-40e0-8808-aff154988ead",
        "x-ms-routing-request-id": "SOUTHEASTASIA:20200914T025814Z:c1ea13f2-8aba-45bc-80de-959077b37e2b"
      },
      "ResponseBody": []
    },
    {
      "RequestUri": "https://management.azure.com/subscriptions/c9cbd920-c00c-427c-852b-8aaf38badaeb/providers/Microsoft.Storage/locations/eastus2/asyncoperations/ff4a0708-9173-43e1-8f86-a5a647707bb6?monitor=true\u0026api-version=2019-06-01",
      "RequestMethod": "GET",
      "RequestHeaders": {
        "Authorization": "Sanitized",
        "User-Agent": [
          "azsdk-net-ResourceManager.Storage/1.0.0-alpha.20200914.1",
          "(.NET Core 4.6.29130.01; Microsoft Windows 10.0.19041 )"
        ],
        "x-ms-client-request-id": "c36f7494c13ef47cd59c5d35a01d057a",
        "x-ms-return-client-request-id": "true"
      },
      "RequestBody": null,
      "StatusCode": 202,
      "ResponseHeaders": {
        "Cache-Control": "no-cache",
        "Content-Length": "0",
        "Content-Type": "text/plain; charset=utf-8",
        "Date": "Mon, 14 Sep 2020 02:58:15 GMT",
        "Expires": "-1",
        "Location": "https://management.azure.com/subscriptions/c9cbd920-c00c-427c-852b-8aaf38badaeb/providers/Microsoft.Storage/locations/eastus2/asyncoperations/ff4a0708-9173-43e1-8f86-a5a647707bb6?monitor=true\u0026api-version=2019-06-01",
        "Pragma": "no-cache",
        "Retry-After": "17",
        "Server": "Microsoft-Azure-Storage-Resource-Provider/1.0,Microsoft-HTTPAPI/2.0 Microsoft-HTTPAPI/2.0",
        "Strict-Transport-Security": "max-age=31536000; includeSubDomains",
        "X-Content-Type-Options": "nosniff",
        "x-ms-client-request-id": "c36f7494c13ef47cd59c5d35a01d057a",
        "x-ms-correlation-request-id": "e458dcd5-d066-49b3-8851-91bc41691be9",
        "x-ms-ratelimit-remaining-subscription-reads": "11856",
        "x-ms-request-id": "44c19d76-31fd-458d-9dad-77cc5342fcb5",
        "x-ms-routing-request-id": "SOUTHEASTASIA:20200914T025815Z:e458dcd5-d066-49b3-8851-91bc41691be9"
      },
      "ResponseBody": []
    },
    {
      "RequestUri": "https://management.azure.com/subscriptions/c9cbd920-c00c-427c-852b-8aaf38badaeb/providers/Microsoft.Storage/locations/eastus2/asyncoperations/ff4a0708-9173-43e1-8f86-a5a647707bb6?monitor=true\u0026api-version=2019-06-01",
      "RequestMethod": "GET",
      "RequestHeaders": {
        "Authorization": "Sanitized",
        "User-Agent": [
          "azsdk-net-ResourceManager.Storage/1.0.0-alpha.20200914.1",
          "(.NET Core 4.6.29130.01; Microsoft Windows 10.0.19041 )"
        ],
        "x-ms-client-request-id": "9c130c921bd810c4849cb1c28a900182",
        "x-ms-return-client-request-id": "true"
      },
      "RequestBody": null,
      "StatusCode": 202,
      "ResponseHeaders": {
        "Cache-Control": "no-cache",
        "Content-Length": "0",
        "Content-Type": "text/plain; charset=utf-8",
        "Date": "Mon, 14 Sep 2020 02:58:16 GMT",
        "Expires": "-1",
        "Location": "https://management.azure.com/subscriptions/c9cbd920-c00c-427c-852b-8aaf38badaeb/providers/Microsoft.Storage/locations/eastus2/asyncoperations/ff4a0708-9173-43e1-8f86-a5a647707bb6?monitor=true\u0026api-version=2019-06-01",
        "Pragma": "no-cache",
        "Retry-After": "17",
        "Server": "Microsoft-Azure-Storage-Resource-Provider/1.0,Microsoft-HTTPAPI/2.0 Microsoft-HTTPAPI/2.0",
        "Strict-Transport-Security": "max-age=31536000; includeSubDomains",
        "X-Content-Type-Options": "nosniff",
        "x-ms-client-request-id": "9c130c921bd810c4849cb1c28a900182",
        "x-ms-correlation-request-id": "29b95b48-023b-4dcb-b6c6-a37bcd37e782",
        "x-ms-ratelimit-remaining-subscription-reads": "11855",
        "x-ms-request-id": "a1d8f732-b009-4de2-a1b2-b755a3997102",
        "x-ms-routing-request-id": "SOUTHEASTASIA:20200914T025817Z:29b95b48-023b-4dcb-b6c6-a37bcd37e782"
      },
      "ResponseBody": []
    },
    {
      "RequestUri": "https://management.azure.com/subscriptions/c9cbd920-c00c-427c-852b-8aaf38badaeb/providers/Microsoft.Storage/locations/eastus2/asyncoperations/ff4a0708-9173-43e1-8f86-a5a647707bb6?monitor=true\u0026api-version=2019-06-01",
      "RequestMethod": "GET",
      "RequestHeaders": {
        "Authorization": "Sanitized",
        "User-Agent": [
          "azsdk-net-ResourceManager.Storage/1.0.0-alpha.20200914.1",
          "(.NET Core 4.6.29130.01; Microsoft Windows 10.0.19041 )"
        ],
        "x-ms-client-request-id": "2be978fc3e5f35c675397d96a1bff4cd",
        "x-ms-return-client-request-id": "true"
      },
      "RequestBody": null,
      "StatusCode": 202,
      "ResponseHeaders": {
        "Cache-Control": "no-cache",
        "Content-Length": "0",
        "Content-Type": "text/plain; charset=utf-8",
        "Date": "Mon, 14 Sep 2020 02:58:17 GMT",
        "Expires": "-1",
        "Location": "https://management.azure.com/subscriptions/c9cbd920-c00c-427c-852b-8aaf38badaeb/providers/Microsoft.Storage/locations/eastus2/asyncoperations/ff4a0708-9173-43e1-8f86-a5a647707bb6?monitor=true\u0026api-version=2019-06-01",
        "Pragma": "no-cache",
        "Retry-After": "17",
        "Server": "Microsoft-Azure-Storage-Resource-Provider/1.0,Microsoft-HTTPAPI/2.0 Microsoft-HTTPAPI/2.0",
        "Strict-Transport-Security": "max-age=31536000; includeSubDomains",
        "X-Content-Type-Options": "nosniff",
        "x-ms-client-request-id": "2be978fc3e5f35c675397d96a1bff4cd",
        "x-ms-correlation-request-id": "c9b17bf3-e9ba-49ad-ac5a-e7cf67680b5f",
        "x-ms-ratelimit-remaining-subscription-reads": "11854",
        "x-ms-request-id": "f4cadde6-8b15-4d76-9bfc-dc04c7d66d63",
        "x-ms-routing-request-id": "SOUTHEASTASIA:20200914T025818Z:c9b17bf3-e9ba-49ad-ac5a-e7cf67680b5f"
      },
      "ResponseBody": []
    },
    {
      "RequestUri": "https://management.azure.com/subscriptions/c9cbd920-c00c-427c-852b-8aaf38badaeb/providers/Microsoft.Storage/locations/eastus2/asyncoperations/ff4a0708-9173-43e1-8f86-a5a647707bb6?monitor=true\u0026api-version=2019-06-01",
      "RequestMethod": "GET",
      "RequestHeaders": {
        "Authorization": "Sanitized",
        "User-Agent": [
          "azsdk-net-ResourceManager.Storage/1.0.0-alpha.20200914.1",
          "(.NET Core 4.6.29130.01; Microsoft Windows 10.0.19041 )"
        ],
        "x-ms-client-request-id": "d6e33c88dd727962b05f3fa20fba6945",
        "x-ms-return-client-request-id": "true"
      },
      "RequestBody": null,
      "StatusCode": 202,
      "ResponseHeaders": {
        "Cache-Control": "no-cache",
        "Content-Length": "0",
        "Content-Type": "text/plain; charset=utf-8",
        "Date": "Mon, 14 Sep 2020 02:58:19 GMT",
        "Expires": "-1",
        "Location": "https://management.azure.com/subscriptions/c9cbd920-c00c-427c-852b-8aaf38badaeb/providers/Microsoft.Storage/locations/eastus2/asyncoperations/ff4a0708-9173-43e1-8f86-a5a647707bb6?monitor=true\u0026api-version=2019-06-01",
        "Pragma": "no-cache",
        "Retry-After": "17",
        "Server": "Microsoft-Azure-Storage-Resource-Provider/1.0,Microsoft-HTTPAPI/2.0 Microsoft-HTTPAPI/2.0",
        "Strict-Transport-Security": "max-age=31536000; includeSubDomains",
        "X-Content-Type-Options": "nosniff",
        "x-ms-client-request-id": "d6e33c88dd727962b05f3fa20fba6945",
        "x-ms-correlation-request-id": "fb90da23-e71b-45b5-bfa6-351178c1f8a7",
        "x-ms-ratelimit-remaining-subscription-reads": "11853",
        "x-ms-request-id": "69e5c5e0-2238-4591-8bfa-b9b70cd559e9",
        "x-ms-routing-request-id": "SOUTHEASTASIA:20200914T025819Z:fb90da23-e71b-45b5-bfa6-351178c1f8a7"
      },
      "ResponseBody": []
    },
    {
      "RequestUri": "https://management.azure.com/subscriptions/c9cbd920-c00c-427c-852b-8aaf38badaeb/providers/Microsoft.Storage/locations/eastus2/asyncoperations/ff4a0708-9173-43e1-8f86-a5a647707bb6?monitor=true\u0026api-version=2019-06-01",
      "RequestMethod": "GET",
      "RequestHeaders": {
        "Authorization": "Sanitized",
        "User-Agent": [
          "azsdk-net-ResourceManager.Storage/1.0.0-alpha.20200914.1",
          "(.NET Core 4.6.29130.01; Microsoft Windows 10.0.19041 )"
        ],
        "x-ms-client-request-id": "2738db9ad933531b46dd279f9d2e6ec4",
        "x-ms-return-client-request-id": "true"
      },
      "RequestBody": null,
      "StatusCode": 202,
      "ResponseHeaders": {
        "Cache-Control": "no-cache",
        "Content-Length": "0",
        "Content-Type": "text/plain; charset=utf-8",
        "Date": "Mon, 14 Sep 2020 02:58:20 GMT",
        "Expires": "-1",
        "Location": "https://management.azure.com/subscriptions/c9cbd920-c00c-427c-852b-8aaf38badaeb/providers/Microsoft.Storage/locations/eastus2/asyncoperations/ff4a0708-9173-43e1-8f86-a5a647707bb6?monitor=true\u0026api-version=2019-06-01",
        "Pragma": "no-cache",
        "Retry-After": "17",
        "Server": "Microsoft-Azure-Storage-Resource-Provider/1.0,Microsoft-HTTPAPI/2.0 Microsoft-HTTPAPI/2.0",
        "Strict-Transport-Security": "max-age=31536000; includeSubDomains",
        "X-Content-Type-Options": "nosniff",
        "x-ms-client-request-id": "2738db9ad933531b46dd279f9d2e6ec4",
        "x-ms-correlation-request-id": "faab3b6c-490d-489b-9ff9-485447cd4816",
        "x-ms-ratelimit-remaining-subscription-reads": "11852",
        "x-ms-request-id": "4ba7d60b-e754-4751-a8fa-a00320d3a505",
        "x-ms-routing-request-id": "SOUTHEASTASIA:20200914T025821Z:faab3b6c-490d-489b-9ff9-485447cd4816"
      },
      "ResponseBody": []
    },
    {
      "RequestUri": "https://management.azure.com/subscriptions/c9cbd920-c00c-427c-852b-8aaf38badaeb/providers/Microsoft.Storage/locations/eastus2/asyncoperations/ff4a0708-9173-43e1-8f86-a5a647707bb6?monitor=true\u0026api-version=2019-06-01",
      "RequestMethod": "GET",
      "RequestHeaders": {
        "Authorization": "Sanitized",
        "User-Agent": [
          "azsdk-net-ResourceManager.Storage/1.0.0-alpha.20200914.1",
          "(.NET Core 4.6.29130.01; Microsoft Windows 10.0.19041 )"
        ],
        "x-ms-client-request-id": "4e39e4a72bad1f0f15707b00ff2426bb",
        "x-ms-return-client-request-id": "true"
      },
      "RequestBody": null,
      "StatusCode": 202,
      "ResponseHeaders": {
        "Cache-Control": "no-cache",
        "Content-Length": "0",
        "Content-Type": "text/plain; charset=utf-8",
        "Date": "Mon, 14 Sep 2020 02:58:21 GMT",
        "Expires": "-1",
        "Location": "https://management.azure.com/subscriptions/c9cbd920-c00c-427c-852b-8aaf38badaeb/providers/Microsoft.Storage/locations/eastus2/asyncoperations/ff4a0708-9173-43e1-8f86-a5a647707bb6?monitor=true\u0026api-version=2019-06-01",
        "Pragma": "no-cache",
        "Retry-After": "17",
        "Server": "Microsoft-Azure-Storage-Resource-Provider/1.0,Microsoft-HTTPAPI/2.0 Microsoft-HTTPAPI/2.0",
        "Strict-Transport-Security": "max-age=31536000; includeSubDomains",
        "X-Content-Type-Options": "nosniff",
        "x-ms-client-request-id": "4e39e4a72bad1f0f15707b00ff2426bb",
        "x-ms-correlation-request-id": "9cb7041a-4b39-466c-9f39-30ecabdf4b09",
        "x-ms-ratelimit-remaining-subscription-reads": "11851",
        "x-ms-request-id": "b3ae87ac-654a-4b77-a19b-ba00bea7335d",
        "x-ms-routing-request-id": "SOUTHEASTASIA:20200914T025822Z:9cb7041a-4b39-466c-9f39-30ecabdf4b09"
      },
      "ResponseBody": []
    },
    {
      "RequestUri": "https://management.azure.com/subscriptions/c9cbd920-c00c-427c-852b-8aaf38badaeb/providers/Microsoft.Storage/locations/eastus2/asyncoperations/ff4a0708-9173-43e1-8f86-a5a647707bb6?monitor=true\u0026api-version=2019-06-01",
      "RequestMethod": "GET",
      "RequestHeaders": {
        "Authorization": "Sanitized",
        "User-Agent": [
          "azsdk-net-ResourceManager.Storage/1.0.0-alpha.20200914.1",
          "(.NET Core 4.6.29130.01; Microsoft Windows 10.0.19041 )"
        ],
        "x-ms-client-request-id": "c6fb38cfcc86ae9921909094b5c3dc81",
        "x-ms-return-client-request-id": "true"
      },
      "RequestBody": null,
      "StatusCode": 202,
      "ResponseHeaders": {
        "Cache-Control": "no-cache",
        "Content-Length": "0",
        "Content-Type": "text/plain; charset=utf-8",
        "Date": "Mon, 14 Sep 2020 02:58:23 GMT",
        "Expires": "-1",
        "Location": "https://management.azure.com/subscriptions/c9cbd920-c00c-427c-852b-8aaf38badaeb/providers/Microsoft.Storage/locations/eastus2/asyncoperations/ff4a0708-9173-43e1-8f86-a5a647707bb6?monitor=true\u0026api-version=2019-06-01",
        "Pragma": "no-cache",
        "Retry-After": "17",
        "Server": "Microsoft-Azure-Storage-Resource-Provider/1.0,Microsoft-HTTPAPI/2.0 Microsoft-HTTPAPI/2.0",
        "Strict-Transport-Security": "max-age=31536000; includeSubDomains",
        "X-Content-Type-Options": "nosniff",
        "x-ms-client-request-id": "c6fb38cfcc86ae9921909094b5c3dc81",
        "x-ms-correlation-request-id": "bc3ea370-9156-4771-8c92-5546a9aa801b",
        "x-ms-ratelimit-remaining-subscription-reads": "11850",
        "x-ms-request-id": "9deba4c3-f881-41b2-a3de-956f2b5e524a",
        "x-ms-routing-request-id": "SOUTHEASTASIA:20200914T025823Z:bc3ea370-9156-4771-8c92-5546a9aa801b"
      },
      "ResponseBody": []
    },
    {
      "RequestUri": "https://management.azure.com/subscriptions/c9cbd920-c00c-427c-852b-8aaf38badaeb/providers/Microsoft.Storage/locations/eastus2/asyncoperations/ff4a0708-9173-43e1-8f86-a5a647707bb6?monitor=true\u0026api-version=2019-06-01",
      "RequestMethod": "GET",
      "RequestHeaders": {
        "Authorization": "Sanitized",
        "User-Agent": [
          "azsdk-net-ResourceManager.Storage/1.0.0-alpha.20200914.1",
          "(.NET Core 4.6.29130.01; Microsoft Windows 10.0.19041 )"
        ],
        "x-ms-client-request-id": "2bfa7af01b806f97cb1912c25e1b5322",
        "x-ms-return-client-request-id": "true"
      },
      "RequestBody": null,
      "StatusCode": 202,
      "ResponseHeaders": {
        "Cache-Control": "no-cache",
        "Content-Length": "0",
        "Content-Type": "text/plain; charset=utf-8",
        "Date": "Mon, 14 Sep 2020 02:58:24 GMT",
        "Expires": "-1",
        "Location": "https://management.azure.com/subscriptions/c9cbd920-c00c-427c-852b-8aaf38badaeb/providers/Microsoft.Storage/locations/eastus2/asyncoperations/ff4a0708-9173-43e1-8f86-a5a647707bb6?monitor=true\u0026api-version=2019-06-01",
        "Pragma": "no-cache",
        "Retry-After": "17",
        "Server": "Microsoft-Azure-Storage-Resource-Provider/1.0,Microsoft-HTTPAPI/2.0 Microsoft-HTTPAPI/2.0",
        "Strict-Transport-Security": "max-age=31536000; includeSubDomains",
        "X-Content-Type-Options": "nosniff",
        "x-ms-client-request-id": "2bfa7af01b806f97cb1912c25e1b5322",
        "x-ms-correlation-request-id": "62cac556-f9b1-46a2-b2da-ebfa35d281fc",
        "x-ms-ratelimit-remaining-subscription-reads": "11849",
        "x-ms-request-id": "16b1df22-71e5-4978-8dcd-69ce9451e949",
        "x-ms-routing-request-id": "SOUTHEASTASIA:20200914T025825Z:62cac556-f9b1-46a2-b2da-ebfa35d281fc"
      },
      "ResponseBody": []
    },
    {
      "RequestUri": "https://management.azure.com/subscriptions/c9cbd920-c00c-427c-852b-8aaf38badaeb/providers/Microsoft.Storage/locations/eastus2/asyncoperations/ff4a0708-9173-43e1-8f86-a5a647707bb6?monitor=true\u0026api-version=2019-06-01",
      "RequestMethod": "GET",
      "RequestHeaders": {
        "Authorization": "Sanitized",
        "User-Agent": [
          "azsdk-net-ResourceManager.Storage/1.0.0-alpha.20200914.1",
          "(.NET Core 4.6.29130.01; Microsoft Windows 10.0.19041 )"
        ],
        "x-ms-client-request-id": "64cf6cb7a732da3e4a8a2c1d9a7b6952",
        "x-ms-return-client-request-id": "true"
      },
      "RequestBody": null,
      "StatusCode": 202,
      "ResponseHeaders": {
        "Cache-Control": "no-cache",
        "Content-Length": "0",
        "Content-Type": "text/plain; charset=utf-8",
        "Date": "Mon, 14 Sep 2020 02:58:25 GMT",
        "Expires": "-1",
        "Location": "https://management.azure.com/subscriptions/c9cbd920-c00c-427c-852b-8aaf38badaeb/providers/Microsoft.Storage/locations/eastus2/asyncoperations/ff4a0708-9173-43e1-8f86-a5a647707bb6?monitor=true\u0026api-version=2019-06-01",
        "Pragma": "no-cache",
        "Retry-After": "17",
        "Server": "Microsoft-Azure-Storage-Resource-Provider/1.0,Microsoft-HTTPAPI/2.0 Microsoft-HTTPAPI/2.0",
        "Strict-Transport-Security": "max-age=31536000; includeSubDomains",
        "X-Content-Type-Options": "nosniff",
        "x-ms-client-request-id": "64cf6cb7a732da3e4a8a2c1d9a7b6952",
        "x-ms-correlation-request-id": "af2b95a0-7106-4d2e-8471-bc19146dbf46",
        "x-ms-ratelimit-remaining-subscription-reads": "11848",
        "x-ms-request-id": "413fbaa8-5d87-4446-9340-d733122d354b",
        "x-ms-routing-request-id": "SOUTHEASTASIA:20200914T025826Z:af2b95a0-7106-4d2e-8471-bc19146dbf46"
      },
      "ResponseBody": []
    },
    {
      "RequestUri": "https://management.azure.com/subscriptions/c9cbd920-c00c-427c-852b-8aaf38badaeb/providers/Microsoft.Storage/locations/eastus2/asyncoperations/ff4a0708-9173-43e1-8f86-a5a647707bb6?monitor=true\u0026api-version=2019-06-01",
      "RequestMethod": "GET",
      "RequestHeaders": {
        "Authorization": "Sanitized",
        "User-Agent": [
          "azsdk-net-ResourceManager.Storage/1.0.0-alpha.20200914.1",
          "(.NET Core 4.6.29130.01; Microsoft Windows 10.0.19041 )"
        ],
        "x-ms-client-request-id": "850ff994fa29b33aa18cfa6dbad65006",
        "x-ms-return-client-request-id": "true"
      },
      "RequestBody": null,
      "StatusCode": 200,
      "ResponseHeaders": {
        "Cache-Control": "no-cache",
        "Content-Length": "1167",
        "Content-Type": "application/json",
        "Date": "Mon, 14 Sep 2020 02:58:27 GMT",
        "Expires": "-1",
        "Pragma": "no-cache",
        "Server": "Microsoft-Azure-Storage-Resource-Provider/1.0,Microsoft-HTTPAPI/2.0 Microsoft-HTTPAPI/2.0",
        "Strict-Transport-Security": "max-age=31536000; includeSubDomains",
        "X-Content-Type-Options": "nosniff",
        "x-ms-client-request-id": "850ff994fa29b33aa18cfa6dbad65006",
        "x-ms-correlation-request-id": "6d8b9f70-6799-456c-b22c-efae608016d4",
        "x-ms-ratelimit-remaining-subscription-reads": "11847",
        "x-ms-request-id": "46cf93b3-1ec1-443e-a58c-c2966aab2534",
        "x-ms-routing-request-id": "SOUTHEASTASIA:20200914T025827Z:6d8b9f70-6799-456c-b22c-efae608016d4"
      },
      "ResponseBody": {
        "sku": {
          "name": "Standard_GRS",
          "tier": "Standard"
        },
        "kind": "Storage",
        "id": "/subscriptions/c9cbd920-c00c-427c-852b-8aaf38badaeb/resourceGroups/res1440/providers/Microsoft.Storage/storageAccounts/sto9856",
        "name": "sto9856",
        "type": "Microsoft.Storage/storageAccounts",
        "location": "eastus2",
        "tags": {
          "key1": "value1",
          "key2": "value2"
        },
        "properties": {
          "privateEndpointConnections": [],
          "networkAcls": {
            "bypass": "AzureServices",
            "virtualNetworkRules": [],
            "ipRules": [],
            "defaultAction": "Allow"
          },
          "supportsHttpsTrafficOnly": true,
          "encryption": {
            "services": {
              "file": {
                "keyType": "Account",
                "enabled": true,
                "lastEnabledTime": "2020-09-14T02:58:11.1878764Z"
              },
              "blob": {
                "keyType": "Account",
                "enabled": true,
                "lastEnabledTime": "2020-09-14T02:58:11.1878764Z"
              }
            },
            "keySource": "Microsoft.Storage"
          },
          "provisioningState": "Succeeded",
          "creationTime": "2020-09-14T02:58:11.0941088Z",
          "primaryEndpoints": {
            "blob": "https://sto9856.blob.core.windows.net/",
            "queue": "https://sto9856.queue.core.windows.net/",
            "table": "https://sto9856.table.core.windows.net/",
            "file": "https://sto9856.file.core.windows.net/"
          },
          "primaryLocation": "eastus2",
          "statusOfPrimary": "available",
          "secondaryLocation": "centralus",
          "statusOfSecondary": "available"
        }
      }
    },
    {
      "RequestUri": "https://management.azure.com/subscriptions/c9cbd920-c00c-427c-852b-8aaf38badaeb/resourceGroups/res1440/providers/Microsoft.Storage/storageAccounts/sto9856/blobServices/default?api-version=2019-06-01",
      "RequestMethod": "GET",
      "RequestHeaders": {
        "Accept": "application/json",
        "Authorization": "Sanitized",
        "traceparent": "00-2b7610be8ac4b64286e5f8b27553699c-6da7cc60b6280848-00",
        "User-Agent": [
          "azsdk-net-ResourceManager.Storage/1.0.0-alpha.20200914.1",
          "(.NET Core 4.6.29130.01; Microsoft Windows 10.0.19041 )"
        ],
        "x-ms-client-request-id": "49dc6e3c77f3484f3b1fe0f5ee7ad450",
        "x-ms-return-client-request-id": "true"
      },
      "RequestBody": null,
      "StatusCode": 200,
      "ResponseHeaders": {
        "Cache-Control": "no-cache",
        "Content-Length": "358",
        "Content-Type": "application/json",
        "Date": "Mon, 14 Sep 2020 02:58:27 GMT",
        "Expires": "-1",
        "Pragma": "no-cache",
        "Server": "Microsoft-Azure-Storage-Resource-Provider/1.0,Microsoft-HTTPAPI/2.0 Microsoft-HTTPAPI/2.0",
        "Strict-Transport-Security": "max-age=31536000; includeSubDomains",
        "X-Content-Type-Options": "nosniff",
        "x-ms-client-request-id": "49dc6e3c77f3484f3b1fe0f5ee7ad450",
        "x-ms-correlation-request-id": "863c27d3-e640-41e9-aa96-e65822b51b8c",
        "x-ms-ratelimit-remaining-subscription-reads": "11846",
        "x-ms-request-id": "22fea3e9-3c29-47bc-a948-f627b50366fa",
        "x-ms-routing-request-id": "SOUTHEASTASIA:20200914T025828Z:863c27d3-e640-41e9-aa96-e65822b51b8c"
      },
      "ResponseBody": {
        "sku": {
          "name": "Standard_GRS",
          "tier": "Standard"
        },
        "id": "/subscriptions/c9cbd920-c00c-427c-852b-8aaf38badaeb/resourceGroups/res1440/providers/Microsoft.Storage/storageAccounts/sto9856/blobServices/default",
        "name": "default",
        "type": "Microsoft.Storage/storageAccounts/blobServices",
        "properties": {
          "cors": {
            "corsRules": []
          },
          "deleteRetentionPolicy": {
            "enabled": false
          }
        }
      }
    },
    {
      "RequestUri": "https://management.azure.com/subscriptions/c9cbd920-c00c-427c-852b-8aaf38badaeb/resourceGroups/res1440/providers/Microsoft.Storage/storageAccounts/sto9856/blobServices/default?api-version=2019-06-01",
      "RequestMethod": "PUT",
      "RequestHeaders": {
        "Accept": "application/json",
        "Authorization": "Sanitized",
        "Content-Length": "765",
        "Content-Type": "application/json",
        "traceparent": "00-58a272000ff7ec4fbcdb4b25ac8c7d76-88415209ea18eb47-00",
        "User-Agent": [
          "azsdk-net-ResourceManager.Storage/1.0.0-alpha.20200914.1",
          "(.NET Core 4.6.29130.01; Microsoft Windows 10.0.19041 )"
        ],
        "x-ms-client-request-id": "652ebfafcd0bbcf8311cc3a6add11f73",
        "x-ms-return-client-request-id": "true"
      },
      "RequestBody": {
        "properties": {
          "cors": {
            "corsRules": [
              {
                "allowedOrigins": [
                  "http://www.contoso.com",
                  "http://www.fabrikam.com"
                ],
                "allowedMethods": [
                  "GET",
                  "HEAD",
                  "POST",
                  "OPTIONS",
                  "MERGE",
                  "PUT"
                ],
                "maxAgeInSeconds": 100,
                "exposedHeaders": [
                  "x-ms-meta-*"
                ],
                "allowedHeaders": [
                  "x-ms-meta-abc",
                  "x-ms-meta-data*",
                  "x-ms-meta-target*"
                ]
              },
              {
                "allowedOrigins": [
                  "*"
                ],
                "allowedMethods": [
                  "GET"
                ],
                "maxAgeInSeconds": 2,
                "exposedHeaders": [
                  "*"
                ],
                "allowedHeaders": [
                  "*"
                ]
              },
              {
                "allowedOrigins": [
                  "http://www.abc23.com",
                  "https://www.fabrikam.com/*"
                ],
                "allowedMethods": [
                  "GET",
                  "PUT",
                  "CONNECT"
                ],
                "maxAgeInSeconds": 2000,
                "exposedHeaders": [
                  "x-ms-meta-abc",
                  "x-ms-meta-data*",
                  "x -ms-meta-target*"
                ],
                "allowedHeaders": [
                  "x-ms-meta-12345675754564*"
                ]
              }
            ]
          },
          "defaultServiceVersion": "2017-04-17",
          "deleteRetentionPolicy": {
            "enabled": true,
            "days": 300
          }
        }
      },
      "StatusCode": 200,
      "ResponseHeaders": {
        "Cache-Control": "no-cache",
        "Content-Length": "993",
        "Content-Type": "application/json",
        "Date": "Mon, 14 Sep 2020 02:58:28 GMT",
        "Expires": "-1",
        "Pragma": "no-cache",
        "Server": "Microsoft-Azure-Storage-Resource-Provider/1.0,Microsoft-HTTPAPI/2.0 Microsoft-HTTPAPI/2.0",
        "Strict-Transport-Security": "max-age=31536000; includeSubDomains",
        "X-Content-Type-Options": "nosniff",
        "x-ms-client-request-id": "652ebfafcd0bbcf8311cc3a6add11f73",
        "x-ms-correlation-request-id": "3cb755e3-2138-4826-8306-2b9aaca28a22",
        "x-ms-ratelimit-remaining-subscription-writes": "1154",
        "x-ms-request-id": "2c3bedf2-1e40-4d1f-acbc-6900a8a193cb",
        "x-ms-routing-request-id": "SOUTHEASTASIA:20200914T025828Z:3cb755e3-2138-4826-8306-2b9aaca28a22"
      },
      "ResponseBody": {
        "id": "/subscriptions/c9cbd920-c00c-427c-852b-8aaf38badaeb/resourceGroups/res1440/providers/Microsoft.Storage/storageAccounts/sto9856/blobServices/default",
        "name": "default",
        "type": "Microsoft.Storage/storageAccounts/blobServices",
        "properties": {
          "cors": {
            "corsRules": [
              {
                "allowedOrigins": [
                  "http://www.contoso.com",
                  "http://www.fabrikam.com"
                ],
                "allowedMethods": [
                  "GET",
                  "HEAD",
                  "POST",
                  "OPTIONS",
                  "MERGE",
                  "PUT"
                ],
                "maxAgeInSeconds": 100,
                "exposedHeaders": [
                  "x-ms-meta-*"
                ],
                "allowedHeaders": [
                  "x-ms-meta-abc",
                  "x-ms-meta-data*",
                  "x-ms-meta-target*"
                ]
              },
              {
                "allowedOrigins": [
                  "*"
                ],
                "allowedMethods": [
                  "GET"
                ],
                "maxAgeInSeconds": 2,
                "exposedHeaders": [
                  "*"
                ],
                "allowedHeaders": [
                  "*"
                ]
              },
              {
                "allowedOrigins": [
                  "http://www.abc23.com",
                  "https://www.fabrikam.com/*"
                ],
                "allowedMethods": [
                  "GET",
                  "PUT",
                  "CONNECT"
                ],
                "maxAgeInSeconds": 2000,
                "exposedHeaders": [
                  "x-ms-meta-abc",
                  "x-ms-meta-data*",
                  "x -ms-meta-target*"
                ],
                "allowedHeaders": [
                  "x-ms-meta-12345675754564*"
                ]
              }
            ]
          },
          "defaultServiceVersion": "2017-04-17",
          "deleteRetentionPolicy": {
            "enabled": true,
            "days": 300
          }
        }
      }
    },
    {
      "RequestUri": "https://management.azure.com/subscriptions/c9cbd920-c00c-427c-852b-8aaf38badaeb/resourceGroups/res1440/providers/Microsoft.Storage/storageAccounts/sto9856/blobServices/default?api-version=2019-06-01",
      "RequestMethod": "GET",
      "RequestHeaders": {
        "Accept": "application/json",
        "Authorization": "Sanitized",
        "traceparent": "00-5eac9758902eb04e88c51f3f6e975a80-2cd8c1b9c4421449-00",
        "User-Agent": [
          "azsdk-net-ResourceManager.Storage/1.0.0-alpha.20200914.1",
          "(.NET Core 4.6.29130.01; Microsoft Windows 10.0.19041 )"
        ],
        "x-ms-client-request-id": "2ce0263a209e1c5eaac64a091a44c426",
        "x-ms-return-client-request-id": "true"
      },
      "RequestBody": null,
      "StatusCode": 200,
      "ResponseHeaders": {
        "Cache-Control": "no-cache",
        "Content-Length": "1041",
        "Content-Type": "application/json",
        "Date": "Mon, 14 Sep 2020 02:58:28 GMT",
        "Expires": "-1",
        "Pragma": "no-cache",
        "Server": "Microsoft-Azure-Storage-Resource-Provider/1.0,Microsoft-HTTPAPI/2.0 Microsoft-HTTPAPI/2.0",
        "Strict-Transport-Security": "max-age=31536000; includeSubDomains",
        "X-Content-Type-Options": "nosniff",
        "x-ms-client-request-id": "2ce0263a209e1c5eaac64a091a44c426",
        "x-ms-correlation-request-id": "c617044f-bf36-4383-a0b6-555b80d7faf5",
        "x-ms-ratelimit-remaining-subscription-reads": "11845",
        "x-ms-request-id": "c55adef5-be05-4e4b-b4ca-12a9e01e4181",
        "x-ms-routing-request-id": "SOUTHEASTASIA:20200914T025829Z:c617044f-bf36-4383-a0b6-555b80d7faf5"
      },
      "ResponseBody": {
        "sku": {
          "name": "Standard_GRS",
          "tier": "Standard"
        },
        "id": "/subscriptions/c9cbd920-c00c-427c-852b-8aaf38badaeb/resourceGroups/res1440/providers/Microsoft.Storage/storageAccounts/sto9856/blobServices/default",
        "name": "default",
        "type": "Microsoft.Storage/storageAccounts/blobServices",
        "properties": {
          "cors": {
            "corsRules": [
              {
                "allowedOrigins": [
                  "http://www.contoso.com",
                  "http://www.fabrikam.com"
                ],
                "allowedMethods": [
                  "GET",
                  "HEAD",
                  "POST",
                  "OPTIONS",
                  "MERGE",
                  "PUT"
                ],
                "maxAgeInSeconds": 100,
                "exposedHeaders": [
                  "x-ms-meta-*"
                ],
                "allowedHeaders": [
                  "x-ms-meta-abc",
                  "x-ms-meta-data*",
                  "x-ms-meta-target*"
                ]
              },
              {
                "allowedOrigins": [
                  "*"
                ],
                "allowedMethods": [
                  "GET"
                ],
                "maxAgeInSeconds": 2,
                "exposedHeaders": [
                  "*"
                ],
                "allowedHeaders": [
                  "*"
                ]
              },
              {
                "allowedOrigins": [
                  "http://www.abc23.com",
                  "https://www.fabrikam.com/*"
                ],
                "allowedMethods": [
                  "GET",
                  "PUT",
                  "CONNECT"
                ],
                "maxAgeInSeconds": 2000,
                "exposedHeaders": [
                  "x-ms-meta-abc",
                  "x-ms-meta-data*",
                  "x -ms-meta-target*"
                ],
                "allowedHeaders": [
                  "x-ms-meta-12345675754564*"
                ]
              }
            ]
          },
          "defaultServiceVersion": "2017-04-17",
          "deleteRetentionPolicy": {
            "enabled": true,
            "days": 300
          }
        }
      }
    }
  ],
  "Variables": {
    "RandomSeed": "773865698",
    "SUBSCRIPTION_ID": "c9cbd920-c00c-427c-852b-8aaf38badaeb"
  }
}