{
  "Entries": [
    {
      "RequestUri": "https://management.azure.com/subscriptions/c9cbd920-c00c-427c-852b-8aaf38badaeb/resourcegroups/res4340?api-version=2019-10-01",
      "RequestMethod": "PUT",
      "RequestHeaders": {
        "Accept": "application/json",
        "Authorization": "Sanitized",
        "Content-Length": "22",
        "Content-Type": "application/json",
        "traceparent": "00-b17c42a57d09fd47ad40e8f2a6e4db32-af38dc6688a94646-00",
        "User-Agent": [
          "azsdk-net-ResourceManager.Storage.Tests/1.0.0-alpha.20200914.1",
          "(.NET Core 4.6.29130.01; Microsoft Windows 10.0.19041 )"
        ],
        "x-ms-client-request-id": "249e088b055a4f20b66682173900f969",
        "x-ms-return-client-request-id": "true"
      },
      "RequestBody": {
        "location": "eastus2"
      },
      "StatusCode": 201,
      "ResponseHeaders": {
        "Cache-Control": "no-cache",
        "Content-Length": "168",
        "Content-Type": "application/json; charset=utf-8",
        "Date": "Mon, 14 Sep 2020 03:05:07 GMT",
        "Expires": "-1",
        "Pragma": "no-cache",
        "Strict-Transport-Security": "max-age=31536000; includeSubDomains",
        "X-Content-Type-Options": "nosniff",
        "x-ms-correlation-request-id": "5d601a30-1974-4fc7-b663-64b673189abe",
        "x-ms-ratelimit-remaining-subscription-writes": "1089",
        "x-ms-request-id": "5d601a30-1974-4fc7-b663-64b673189abe",
        "x-ms-routing-request-id": "SOUTHEASTASIA:20200914T030508Z:5d601a30-1974-4fc7-b663-64b673189abe"
      },
      "ResponseBody": {
        "id": "/subscriptions/c9cbd920-c00c-427c-852b-8aaf38badaeb/resourceGroups/res4340",
        "name": "res4340",
        "location": "eastus2",
        "properties": {
          "provisioningState": "Succeeded"
        }
      }
    },
    {
      "RequestUri": "https://management.azure.com/subscriptions/c9cbd920-c00c-427c-852b-8aaf38badaeb/resourceGroups/res4340/providers/Microsoft.Storage/storageAccounts/sto5712?api-version=2019-06-01",
      "RequestMethod": "PUT",
      "RequestHeaders": {
        "Accept": "application/json",
        "Authorization": "Sanitized",
        "Content-Length": "126",
        "Content-Type": "application/json",
        "traceparent": "00-8139aea6ec97044ebd96dabb3f01cdde-f48f4a3c06e80046-00",
        "User-Agent": [
          "azsdk-net-ResourceManager.Storage/1.0.0-alpha.20200914.1",
          "(.NET Core 4.6.29130.01; Microsoft Windows 10.0.19041 )"
        ],
        "x-ms-client-request-id": "b4bd7db43b01f0825303c13b078a2d81",
        "x-ms-return-client-request-id": "true"
      },
      "RequestBody": {
        "sku": {
          "name": "Standard_GRS"
        },
        "kind": "Storage",
        "location": "eastus2",
        "tags": {
          "key1": "value1",
          "key2": "value2"
        },
        "properties": {}
      },
      "StatusCode": 202,
      "ResponseHeaders": {
        "Cache-Control": "no-cache",
        "Content-Length": "0",
        "Content-Type": "text/plain; charset=utf-8",
        "Date": "Mon, 14 Sep 2020 03:05:10 GMT",
        "Expires": "-1",
        "Location": "https://management.azure.com/subscriptions/c9cbd920-c00c-427c-852b-8aaf38badaeb/providers/Microsoft.Storage/locations/eastus2/asyncoperations/11b8147d-2ea5-4fc9-b4d3-ec3ed6b15b68?monitor=true\u0026api-version=2019-06-01",
        "Pragma": "no-cache",
        "Retry-After": "17",
        "Server": "Microsoft-Azure-Storage-Resource-Provider/1.0,Microsoft-HTTPAPI/2.0 Microsoft-HTTPAPI/2.0",
        "Strict-Transport-Security": "max-age=31536000; includeSubDomains",
        "X-Content-Type-Options": "nosniff",
        "x-ms-client-request-id": "b4bd7db43b01f0825303c13b078a2d81",
        "x-ms-correlation-request-id": "f6c904c6-7f3d-4797-93f4-701b43bc9a15",
        "x-ms-ratelimit-remaining-subscription-writes": "1088",
        "x-ms-request-id": "11b8147d-2ea5-4fc9-b4d3-ec3ed6b15b68",
        "x-ms-routing-request-id": "SOUTHEASTASIA:20200914T030511Z:f6c904c6-7f3d-4797-93f4-701b43bc9a15"
      },
      "ResponseBody": []
    },
    {
      "RequestUri": "https://management.azure.com/subscriptions/c9cbd920-c00c-427c-852b-8aaf38badaeb/providers/Microsoft.Storage/locations/eastus2/asyncoperations/11b8147d-2ea5-4fc9-b4d3-ec3ed6b15b68?monitor=true\u0026api-version=2019-06-01",
      "RequestMethod": "GET",
      "RequestHeaders": {
        "Authorization": "Sanitized",
        "User-Agent": [
          "azsdk-net-ResourceManager.Storage/1.0.0-alpha.20200914.1",
          "(.NET Core 4.6.29130.01; Microsoft Windows 10.0.19041 )"
        ],
        "x-ms-client-request-id": "fe8fba781561cc8a1c3406025e14aedc",
        "x-ms-return-client-request-id": "true"
      },
      "RequestBody": null,
      "StatusCode": 202,
      "ResponseHeaders": {
        "Cache-Control": "no-cache",
        "Content-Length": "0",
        "Content-Type": "text/plain; charset=utf-8",
        "Date": "Mon, 14 Sep 2020 03:05:10 GMT",
        "Expires": "-1",
        "Location": "https://management.azure.com/subscriptions/c9cbd920-c00c-427c-852b-8aaf38badaeb/providers/Microsoft.Storage/locations/eastus2/asyncoperations/11b8147d-2ea5-4fc9-b4d3-ec3ed6b15b68?monitor=true\u0026api-version=2019-06-01",
        "Pragma": "no-cache",
        "Retry-After": "17",
        "Server": "Microsoft-Azure-Storage-Resource-Provider/1.0,Microsoft-HTTPAPI/2.0 Microsoft-HTTPAPI/2.0",
        "Strict-Transport-Security": "max-age=31536000; includeSubDomains",
        "X-Content-Type-Options": "nosniff",
        "x-ms-client-request-id": "fe8fba781561cc8a1c3406025e14aedc",
        "x-ms-correlation-request-id": "4c7b2938-a820-449f-87e8-dd02d748c2b4",
        "x-ms-ratelimit-remaining-subscription-reads": "11630",
        "x-ms-request-id": "05c4bad6-b249-4f27-b8e0-c449972864d7",
        "x-ms-routing-request-id": "SOUTHEASTASIA:20200914T030511Z:4c7b2938-a820-449f-87e8-dd02d748c2b4"
      },
      "ResponseBody": []
    },
    {
      "RequestUri": "https://management.azure.com/subscriptions/c9cbd920-c00c-427c-852b-8aaf38badaeb/providers/Microsoft.Storage/locations/eastus2/asyncoperations/11b8147d-2ea5-4fc9-b4d3-ec3ed6b15b68?monitor=true\u0026api-version=2019-06-01",
      "RequestMethod": "GET",
      "RequestHeaders": {
        "Authorization": "Sanitized",
        "User-Agent": [
          "azsdk-net-ResourceManager.Storage/1.0.0-alpha.20200914.1",
          "(.NET Core 4.6.29130.01; Microsoft Windows 10.0.19041 )"
        ],
        "x-ms-client-request-id": "ca3f9654d67262d966f4b0c4398b319a",
        "x-ms-return-client-request-id": "true"
      },
      "RequestBody": null,
      "StatusCode": 202,
      "ResponseHeaders": {
        "Cache-Control": "no-cache",
        "Content-Length": "0",
        "Content-Type": "text/plain; charset=utf-8",
        "Date": "Mon, 14 Sep 2020 03:05:11 GMT",
        "Expires": "-1",
        "Location": "https://management.azure.com/subscriptions/c9cbd920-c00c-427c-852b-8aaf38badaeb/providers/Microsoft.Storage/locations/eastus2/asyncoperations/11b8147d-2ea5-4fc9-b4d3-ec3ed6b15b68?monitor=true\u0026api-version=2019-06-01",
        "Pragma": "no-cache",
        "Retry-After": "17",
        "Server": "Microsoft-Azure-Storage-Resource-Provider/1.0,Microsoft-HTTPAPI/2.0 Microsoft-HTTPAPI/2.0",
        "Strict-Transport-Security": "max-age=31536000; includeSubDomains",
        "X-Content-Type-Options": "nosniff",
        "x-ms-client-request-id": "ca3f9654d67262d966f4b0c4398b319a",
        "x-ms-correlation-request-id": "efefec94-f9d0-4623-9335-1b71d62f8cd5",
        "x-ms-ratelimit-remaining-subscription-reads": "11629",
        "x-ms-request-id": "75dd037d-6677-48ac-b30c-06e64be34f9b",
        "x-ms-routing-request-id": "SOUTHEASTASIA:20200914T030512Z:efefec94-f9d0-4623-9335-1b71d62f8cd5"
      },
      "ResponseBody": []
    },
    {
      "RequestUri": "https://management.azure.com/subscriptions/c9cbd920-c00c-427c-852b-8aaf38badaeb/providers/Microsoft.Storage/locations/eastus2/asyncoperations/11b8147d-2ea5-4fc9-b4d3-ec3ed6b15b68?monitor=true\u0026api-version=2019-06-01",
      "RequestMethod": "GET",
      "RequestHeaders": {
        "Authorization": "Sanitized",
        "User-Agent": [
          "azsdk-net-ResourceManager.Storage/1.0.0-alpha.20200914.1",
          "(.NET Core 4.6.29130.01; Microsoft Windows 10.0.19041 )"
        ],
        "x-ms-client-request-id": "4dc2e3cd2ffae51fabba76994b146bef",
        "x-ms-return-client-request-id": "true"
      },
      "RequestBody": null,
      "StatusCode": 202,
      "ResponseHeaders": {
        "Cache-Control": "no-cache",
        "Content-Length": "0",
        "Content-Type": "text/plain; charset=utf-8",
        "Date": "Mon, 14 Sep 2020 03:05:13 GMT",
        "Expires": "-1",
        "Location": "https://management.azure.com/subscriptions/c9cbd920-c00c-427c-852b-8aaf38badaeb/providers/Microsoft.Storage/locations/eastus2/asyncoperations/11b8147d-2ea5-4fc9-b4d3-ec3ed6b15b68?monitor=true\u0026api-version=2019-06-01",
        "Pragma": "no-cache",
        "Retry-After": "17",
        "Server": "Microsoft-Azure-Storage-Resource-Provider/1.0,Microsoft-HTTPAPI/2.0 Microsoft-HTTPAPI/2.0",
        "Strict-Transport-Security": "max-age=31536000; includeSubDomains",
        "X-Content-Type-Options": "nosniff",
        "x-ms-client-request-id": "4dc2e3cd2ffae51fabba76994b146bef",
        "x-ms-correlation-request-id": "bb5f84bf-3db0-425b-a1ff-8d341f137276",
        "x-ms-ratelimit-remaining-subscription-reads": "11628",
        "x-ms-request-id": "1036ae46-7186-4d37-aff5-5f5f9a73c14e",
        "x-ms-routing-request-id": "SOUTHEASTASIA:20200914T030514Z:bb5f84bf-3db0-425b-a1ff-8d341f137276"
      },
      "ResponseBody": []
    },
    {
      "RequestUri": "https://management.azure.com/subscriptions/c9cbd920-c00c-427c-852b-8aaf38badaeb/providers/Microsoft.Storage/locations/eastus2/asyncoperations/11b8147d-2ea5-4fc9-b4d3-ec3ed6b15b68?monitor=true\u0026api-version=2019-06-01",
      "RequestMethod": "GET",
      "RequestHeaders": {
        "Authorization": "Sanitized",
        "User-Agent": [
          "azsdk-net-ResourceManager.Storage/1.0.0-alpha.20200914.1",
          "(.NET Core 4.6.29130.01; Microsoft Windows 10.0.19041 )"
        ],
        "x-ms-client-request-id": "28a1258f6a7aa16ce02d976d64c59290",
        "x-ms-return-client-request-id": "true"
      },
      "RequestBody": null,
      "StatusCode": 202,
      "ResponseHeaders": {
        "Cache-Control": "no-cache",
        "Content-Length": "0",
        "Content-Type": "text/plain; charset=utf-8",
        "Date": "Mon, 14 Sep 2020 03:05:14 GMT",
        "Expires": "-1",
        "Location": "https://management.azure.com/subscriptions/c9cbd920-c00c-427c-852b-8aaf38badaeb/providers/Microsoft.Storage/locations/eastus2/asyncoperations/11b8147d-2ea5-4fc9-b4d3-ec3ed6b15b68?monitor=true\u0026api-version=2019-06-01",
        "Pragma": "no-cache",
        "Retry-After": "17",
        "Server": "Microsoft-Azure-Storage-Resource-Provider/1.0,Microsoft-HTTPAPI/2.0 Microsoft-HTTPAPI/2.0",
        "Strict-Transport-Security": "max-age=31536000; includeSubDomains",
        "X-Content-Type-Options": "nosniff",
        "x-ms-client-request-id": "28a1258f6a7aa16ce02d976d64c59290",
        "x-ms-correlation-request-id": "ec405e13-1e72-42da-8e94-86324b34bef4",
        "x-ms-ratelimit-remaining-subscription-reads": "11627",
        "x-ms-request-id": "9b9e10a9-a2b8-4acd-904d-74f52e8761cc",
        "x-ms-routing-request-id": "SOUTHEASTASIA:20200914T030515Z:ec405e13-1e72-42da-8e94-86324b34bef4"
      },
      "ResponseBody": []
    },
    {
      "RequestUri": "https://management.azure.com/subscriptions/c9cbd920-c00c-427c-852b-8aaf38badaeb/providers/Microsoft.Storage/locations/eastus2/asyncoperations/11b8147d-2ea5-4fc9-b4d3-ec3ed6b15b68?monitor=true\u0026api-version=2019-06-01",
      "RequestMethod": "GET",
      "RequestHeaders": {
        "Authorization": "Sanitized",
        "User-Agent": [
          "azsdk-net-ResourceManager.Storage/1.0.0-alpha.20200914.1",
          "(.NET Core 4.6.29130.01; Microsoft Windows 10.0.19041 )"
        ],
        "x-ms-client-request-id": "7a346b03605125e176591fb760401652",
        "x-ms-return-client-request-id": "true"
      },
      "RequestBody": null,
      "StatusCode": 202,
      "ResponseHeaders": {
        "Cache-Control": "no-cache",
        "Content-Length": "0",
        "Content-Type": "text/plain; charset=utf-8",
        "Date": "Mon, 14 Sep 2020 03:05:15 GMT",
        "Expires": "-1",
        "Location": "https://management.azure.com/subscriptions/c9cbd920-c00c-427c-852b-8aaf38badaeb/providers/Microsoft.Storage/locations/eastus2/asyncoperations/11b8147d-2ea5-4fc9-b4d3-ec3ed6b15b68?monitor=true\u0026api-version=2019-06-01",
        "Pragma": "no-cache",
        "Retry-After": "17",
        "Server": "Microsoft-Azure-Storage-Resource-Provider/1.0,Microsoft-HTTPAPI/2.0 Microsoft-HTTPAPI/2.0",
        "Strict-Transport-Security": "max-age=31536000; includeSubDomains",
        "X-Content-Type-Options": "nosniff",
        "x-ms-client-request-id": "7a346b03605125e176591fb760401652",
        "x-ms-correlation-request-id": "c8d706a0-3ba9-435a-bc04-a1cd82dc7b6c",
        "x-ms-ratelimit-remaining-subscription-reads": "11626",
        "x-ms-request-id": "34f0f37f-1f0d-4987-a51c-c013661c7f18",
        "x-ms-routing-request-id": "SOUTHEASTASIA:20200914T030516Z:c8d706a0-3ba9-435a-bc04-a1cd82dc7b6c"
      },
      "ResponseBody": []
    },
    {
      "RequestUri": "https://management.azure.com/subscriptions/c9cbd920-c00c-427c-852b-8aaf38badaeb/providers/Microsoft.Storage/locations/eastus2/asyncoperations/11b8147d-2ea5-4fc9-b4d3-ec3ed6b15b68?monitor=true\u0026api-version=2019-06-01",
      "RequestMethod": "GET",
      "RequestHeaders": {
        "Authorization": "Sanitized",
        "User-Agent": [
          "azsdk-net-ResourceManager.Storage/1.0.0-alpha.20200914.1",
          "(.NET Core 4.6.29130.01; Microsoft Windows 10.0.19041 )"
        ],
        "x-ms-client-request-id": "1435c18908ea632077206dcd97b281e5",
        "x-ms-return-client-request-id": "true"
      },
      "RequestBody": null,
      "StatusCode": 202,
      "ResponseHeaders": {
        "Cache-Control": "no-cache",
        "Content-Length": "0",
        "Content-Type": "text/plain; charset=utf-8",
        "Date": "Mon, 14 Sep 2020 03:05:17 GMT",
        "Expires": "-1",
        "Location": "https://management.azure.com/subscriptions/c9cbd920-c00c-427c-852b-8aaf38badaeb/providers/Microsoft.Storage/locations/eastus2/asyncoperations/11b8147d-2ea5-4fc9-b4d3-ec3ed6b15b68?monitor=true\u0026api-version=2019-06-01",
        "Pragma": "no-cache",
        "Retry-After": "17",
        "Server": "Microsoft-Azure-Storage-Resource-Provider/1.0,Microsoft-HTTPAPI/2.0 Microsoft-HTTPAPI/2.0",
        "Strict-Transport-Security": "max-age=31536000; includeSubDomains",
        "X-Content-Type-Options": "nosniff",
        "x-ms-client-request-id": "1435c18908ea632077206dcd97b281e5",
        "x-ms-correlation-request-id": "5a691276-af26-4d6c-a10e-e3b416373baf",
        "x-ms-ratelimit-remaining-subscription-reads": "11625",
        "x-ms-request-id": "4787d7fe-766e-4b7c-9dad-4ed54a2bfae7",
        "x-ms-routing-request-id": "SOUTHEASTASIA:20200914T030518Z:5a691276-af26-4d6c-a10e-e3b416373baf"
      },
      "ResponseBody": []
    },
    {
      "RequestUri": "https://management.azure.com/subscriptions/c9cbd920-c00c-427c-852b-8aaf38badaeb/providers/Microsoft.Storage/locations/eastus2/asyncoperations/11b8147d-2ea5-4fc9-b4d3-ec3ed6b15b68?monitor=true\u0026api-version=2019-06-01",
      "RequestMethod": "GET",
      "RequestHeaders": {
        "Authorization": "Sanitized",
        "User-Agent": [
          "azsdk-net-ResourceManager.Storage/1.0.0-alpha.20200914.1",
          "(.NET Core 4.6.29130.01; Microsoft Windows 10.0.19041 )"
        ],
        "x-ms-client-request-id": "df95e528f0df2e9d437bb1204bb441a0",
        "x-ms-return-client-request-id": "true"
      },
      "RequestBody": null,
      "StatusCode": 202,
      "ResponseHeaders": {
        "Cache-Control": "no-cache",
        "Content-Length": "0",
        "Content-Type": "text/plain; charset=utf-8",
        "Date": "Mon, 14 Sep 2020 03:05:18 GMT",
        "Expires": "-1",
        "Location": "https://management.azure.com/subscriptions/c9cbd920-c00c-427c-852b-8aaf38badaeb/providers/Microsoft.Storage/locations/eastus2/asyncoperations/11b8147d-2ea5-4fc9-b4d3-ec3ed6b15b68?monitor=true\u0026api-version=2019-06-01",
        "Pragma": "no-cache",
        "Retry-After": "17",
        "Server": "Microsoft-Azure-Storage-Resource-Provider/1.0,Microsoft-HTTPAPI/2.0 Microsoft-HTTPAPI/2.0",
        "Strict-Transport-Security": "max-age=31536000; includeSubDomains",
        "X-Content-Type-Options": "nosniff",
        "x-ms-client-request-id": "df95e528f0df2e9d437bb1204bb441a0",
        "x-ms-correlation-request-id": "d8443a1a-a970-4fcf-875d-96880d8d3b88",
        "x-ms-ratelimit-remaining-subscription-reads": "11624",
        "x-ms-request-id": "1fdfe465-cbcb-48ee-912c-001096fcbbf9",
        "x-ms-routing-request-id": "SOUTHEASTASIA:20200914T030519Z:d8443a1a-a970-4fcf-875d-96880d8d3b88"
      },
      "ResponseBody": []
    },
    {
      "RequestUri": "https://management.azure.com/subscriptions/c9cbd920-c00c-427c-852b-8aaf38badaeb/providers/Microsoft.Storage/locations/eastus2/asyncoperations/11b8147d-2ea5-4fc9-b4d3-ec3ed6b15b68?monitor=true\u0026api-version=2019-06-01",
      "RequestMethod": "GET",
      "RequestHeaders": {
        "Authorization": "Sanitized",
        "User-Agent": [
          "azsdk-net-ResourceManager.Storage/1.0.0-alpha.20200914.1",
          "(.NET Core 4.6.29130.01; Microsoft Windows 10.0.19041 )"
        ],
        "x-ms-client-request-id": "a2e345167e90faa64bd10330f3148dc4",
        "x-ms-return-client-request-id": "true"
      },
      "RequestBody": null,
      "StatusCode": 202,
      "ResponseHeaders": {
        "Cache-Control": "no-cache",
        "Content-Length": "0",
        "Content-Type": "text/plain; charset=utf-8",
        "Date": "Mon, 14 Sep 2020 03:05:19 GMT",
        "Expires": "-1",
        "Location": "https://management.azure.com/subscriptions/c9cbd920-c00c-427c-852b-8aaf38badaeb/providers/Microsoft.Storage/locations/eastus2/asyncoperations/11b8147d-2ea5-4fc9-b4d3-ec3ed6b15b68?monitor=true\u0026api-version=2019-06-01",
        "Pragma": "no-cache",
        "Retry-After": "17",
        "Server": "Microsoft-Azure-Storage-Resource-Provider/1.0,Microsoft-HTTPAPI/2.0 Microsoft-HTTPAPI/2.0",
        "Strict-Transport-Security": "max-age=31536000; includeSubDomains",
        "X-Content-Type-Options": "nosniff",
        "x-ms-client-request-id": "a2e345167e90faa64bd10330f3148dc4",
        "x-ms-correlation-request-id": "9c4c4c61-5b4f-4459-8dfe-fb18e5d45654",
        "x-ms-ratelimit-remaining-subscription-reads": "11623",
        "x-ms-request-id": "1f29d8ec-2db4-4fdc-884d-d379f660d4c0",
        "x-ms-routing-request-id": "SOUTHEASTASIA:20200914T030520Z:9c4c4c61-5b4f-4459-8dfe-fb18e5d45654"
      },
      "ResponseBody": []
    },
    {
      "RequestUri": "https://management.azure.com/subscriptions/c9cbd920-c00c-427c-852b-8aaf38badaeb/providers/Microsoft.Storage/locations/eastus2/asyncoperations/11b8147d-2ea5-4fc9-b4d3-ec3ed6b15b68?monitor=true\u0026api-version=2019-06-01",
      "RequestMethod": "GET",
      "RequestHeaders": {
        "Authorization": "Sanitized",
        "User-Agent": [
          "azsdk-net-ResourceManager.Storage/1.0.0-alpha.20200914.1",
          "(.NET Core 4.6.29130.01; Microsoft Windows 10.0.19041 )"
        ],
        "x-ms-client-request-id": "7b8f39d837aa99722306d16e570018c2",
        "x-ms-return-client-request-id": "true"
      },
      "RequestBody": null,
      "StatusCode": 202,
      "ResponseHeaders": {
        "Cache-Control": "no-cache",
        "Content-Length": "0",
        "Content-Type": "text/plain; charset=utf-8",
        "Date": "Mon, 14 Sep 2020 03:05:21 GMT",
        "Expires": "-1",
        "Location": "https://management.azure.com/subscriptions/c9cbd920-c00c-427c-852b-8aaf38badaeb/providers/Microsoft.Storage/locations/eastus2/asyncoperations/11b8147d-2ea5-4fc9-b4d3-ec3ed6b15b68?monitor=true\u0026api-version=2019-06-01",
        "Pragma": "no-cache",
        "Retry-After": "17",
        "Server": "Microsoft-Azure-Storage-Resource-Provider/1.0,Microsoft-HTTPAPI/2.0 Microsoft-HTTPAPI/2.0",
        "Strict-Transport-Security": "max-age=31536000; includeSubDomains",
        "X-Content-Type-Options": "nosniff",
        "x-ms-client-request-id": "7b8f39d837aa99722306d16e570018c2",
        "x-ms-correlation-request-id": "4e12f824-056e-4d29-946c-3f70ed83656d",
        "x-ms-ratelimit-remaining-subscription-reads": "11622",
        "x-ms-request-id": "43085050-fe7d-456f-a8b3-c299c47f4a09",
        "x-ms-routing-request-id": "SOUTHEASTASIA:20200914T030522Z:4e12f824-056e-4d29-946c-3f70ed83656d"
      },
      "ResponseBody": []
    },
    {
      "RequestUri": "https://management.azure.com/subscriptions/c9cbd920-c00c-427c-852b-8aaf38badaeb/providers/Microsoft.Storage/locations/eastus2/asyncoperations/11b8147d-2ea5-4fc9-b4d3-ec3ed6b15b68?monitor=true\u0026api-version=2019-06-01",
      "RequestMethod": "GET",
      "RequestHeaders": {
        "Authorization": "Sanitized",
        "User-Agent": [
          "azsdk-net-ResourceManager.Storage/1.0.0-alpha.20200914.1",
          "(.NET Core 4.6.29130.01; Microsoft Windows 10.0.19041 )"
        ],
        "x-ms-client-request-id": "52b6cddfdecfaa543f9b940eec6d3a2e",
        "x-ms-return-client-request-id": "true"
      },
      "RequestBody": null,
      "StatusCode": 202,
      "ResponseHeaders": {
        "Cache-Control": "no-cache",
        "Content-Length": "0",
        "Content-Type": "text/plain; charset=utf-8",
        "Date": "Mon, 14 Sep 2020 03:05:23 GMT",
        "Expires": "-1",
        "Location": "https://management.azure.com/subscriptions/c9cbd920-c00c-427c-852b-8aaf38badaeb/providers/Microsoft.Storage/locations/eastus2/asyncoperations/11b8147d-2ea5-4fc9-b4d3-ec3ed6b15b68?monitor=true\u0026api-version=2019-06-01",
        "Pragma": "no-cache",
        "Retry-After": "17",
        "Server": "Microsoft-Azure-Storage-Resource-Provider/1.0,Microsoft-HTTPAPI/2.0 Microsoft-HTTPAPI/2.0",
        "Strict-Transport-Security": "max-age=31536000; includeSubDomains",
        "X-Content-Type-Options": "nosniff",
        "x-ms-client-request-id": "52b6cddfdecfaa543f9b940eec6d3a2e",
        "x-ms-correlation-request-id": "d6648956-8b88-4f79-a96e-853b32deb46a",
        "x-ms-ratelimit-remaining-subscription-reads": "11621",
        "x-ms-request-id": "ecbfff26-7990-4810-ba16-c70918d02be6",
        "x-ms-routing-request-id": "SOUTHEASTASIA:20200914T030524Z:d6648956-8b88-4f79-a96e-853b32deb46a"
      },
      "ResponseBody": []
    },
    {
      "RequestUri": "https://management.azure.com/subscriptions/c9cbd920-c00c-427c-852b-8aaf38badaeb/providers/Microsoft.Storage/locations/eastus2/asyncoperations/11b8147d-2ea5-4fc9-b4d3-ec3ed6b15b68?monitor=true\u0026api-version=2019-06-01",
      "RequestMethod": "GET",
      "RequestHeaders": {
        "Authorization": "Sanitized",
        "User-Agent": [
          "azsdk-net-ResourceManager.Storage/1.0.0-alpha.20200914.1",
          "(.NET Core 4.6.29130.01; Microsoft Windows 10.0.19041 )"
        ],
        "x-ms-client-request-id": "1147edeec625dff5d24a7f8aac37a34b",
        "x-ms-return-client-request-id": "true"
      },
      "RequestBody": null,
      "StatusCode": 202,
      "ResponseHeaders": {
        "Cache-Control": "no-cache",
        "Content-Length": "0",
        "Content-Type": "text/plain; charset=utf-8",
        "Date": "Mon, 14 Sep 2020 03:05:25 GMT",
        "Expires": "-1",
        "Location": "https://management.azure.com/subscriptions/c9cbd920-c00c-427c-852b-8aaf38badaeb/providers/Microsoft.Storage/locations/eastus2/asyncoperations/11b8147d-2ea5-4fc9-b4d3-ec3ed6b15b68?monitor=true\u0026api-version=2019-06-01",
        "Pragma": "no-cache",
        "Retry-After": "17",
        "Server": "Microsoft-Azure-Storage-Resource-Provider/1.0,Microsoft-HTTPAPI/2.0 Microsoft-HTTPAPI/2.0",
        "Strict-Transport-Security": "max-age=31536000; includeSubDomains",
        "X-Content-Type-Options": "nosniff",
        "x-ms-client-request-id": "1147edeec625dff5d24a7f8aac37a34b",
        "x-ms-correlation-request-id": "7f68e9db-37bc-4834-9284-7ca60bb20876",
        "x-ms-ratelimit-remaining-subscription-reads": "11620",
        "x-ms-request-id": "8d95d69e-0c86-4f00-a07c-ca66d6ed86fb",
        "x-ms-routing-request-id": "SOUTHEASTASIA:20200914T030525Z:7f68e9db-37bc-4834-9284-7ca60bb20876"
      },
      "ResponseBody": []
    },
    {
      "RequestUri": "https://management.azure.com/subscriptions/c9cbd920-c00c-427c-852b-8aaf38badaeb/providers/Microsoft.Storage/locations/eastus2/asyncoperations/11b8147d-2ea5-4fc9-b4d3-ec3ed6b15b68?monitor=true\u0026api-version=2019-06-01",
      "RequestMethod": "GET",
      "RequestHeaders": {
        "Authorization": "Sanitized",
        "User-Agent": [
          "azsdk-net-ResourceManager.Storage/1.0.0-alpha.20200914.1",
          "(.NET Core 4.6.29130.01; Microsoft Windows 10.0.19041 )"
        ],
        "x-ms-client-request-id": "265041b93a5efaf5e5e53b0ea363adb6",
        "x-ms-return-client-request-id": "true"
      },
      "RequestBody": null,
      "StatusCode": 200,
      "ResponseHeaders": {
        "Cache-Control": "no-cache",
        "Content-Length": "1167",
        "Content-Type": "application/json",
        "Date": "Mon, 14 Sep 2020 03:05:26 GMT",
        "Expires": "-1",
        "Pragma": "no-cache",
        "Server": "Microsoft-Azure-Storage-Resource-Provider/1.0,Microsoft-HTTPAPI/2.0 Microsoft-HTTPAPI/2.0",
        "Strict-Transport-Security": "max-age=31536000; includeSubDomains",
        "X-Content-Type-Options": "nosniff",
        "x-ms-client-request-id": "265041b93a5efaf5e5e53b0ea363adb6",
        "x-ms-correlation-request-id": "ee168019-4bf4-4459-b679-9a43c12c8459",
        "x-ms-ratelimit-remaining-subscription-reads": "11619",
        "x-ms-request-id": "123f7333-f94b-4fc2-a3ac-d23f2cb2fa5a",
        "x-ms-routing-request-id": "SOUTHEASTASIA:20200914T030526Z:ee168019-4bf4-4459-b679-9a43c12c8459"
      },
      "ResponseBody": {
        "sku": {
          "name": "Standard_GRS",
          "tier": "Standard"
        },
        "kind": "Storage",
        "id": "/subscriptions/c9cbd920-c00c-427c-852b-8aaf38badaeb/resourceGroups/res4340/providers/Microsoft.Storage/storageAccounts/sto5712",
        "name": "sto5712",
        "type": "Microsoft.Storage/storageAccounts",
        "location": "eastus2",
        "tags": {
          "key1": "value1",
          "key2": "value2"
        },
        "properties": {
          "privateEndpointConnections": [],
          "networkAcls": {
            "bypass": "AzureServices",
            "virtualNetworkRules": [],
            "ipRules": [],
            "defaultAction": "Allow"
          },
          "supportsHttpsTrafficOnly": true,
          "encryption": {
            "services": {
              "file": {
                "keyType": "Account",
                "enabled": true,
                "lastEnabledTime": "2020-09-14T03:05:10.6671450Z"
              },
              "blob": {
                "keyType": "Account",
                "enabled": true,
                "lastEnabledTime": "2020-09-14T03:05:10.6671450Z"
              }
            },
            "keySource": "Microsoft.Storage"
          },
          "provisioningState": "Succeeded",
          "creationTime": "2020-09-14T03:05:10.5890102Z",
          "primaryEndpoints": {
            "blob": "https://sto5712.blob.core.windows.net/",
            "queue": "https://sto5712.queue.core.windows.net/",
            "table": "https://sto5712.table.core.windows.net/",
            "file": "https://sto5712.file.core.windows.net/"
          },
          "primaryLocation": "eastus2",
          "statusOfPrimary": "available",
          "secondaryLocation": "centralus",
          "statusOfSecondary": "available"
        }
      }
    },
    {
      "RequestUri": "https://management.azure.com/subscriptions/c9cbd920-c00c-427c-852b-8aaf38badaeb/resourceGroups/res4340/providers/Microsoft.Storage/storageAccounts/sto5712/blobServices/default?api-version=2019-06-01",
      "RequestMethod": "GET",
      "RequestHeaders": {
        "Accept": "application/json",
        "Authorization": "Sanitized",
        "traceparent": "00-4b1e534a0967104c87bd33a7f57ee0d6-f7439037df53204a-00",
        "User-Agent": [
          "azsdk-net-ResourceManager.Storage/1.0.0-alpha.20200914.1",
          "(.NET Core 4.6.29130.01; Microsoft Windows 10.0.19041 )"
        ],
        "x-ms-client-request-id": "6980a2cc06b8199cd7d680845fcafd07",
        "x-ms-return-client-request-id": "true"
      },
      "RequestBody": null,
      "StatusCode": 200,
      "ResponseHeaders": {
        "Cache-Control": "no-cache",
        "Content-Length": "358",
        "Content-Type": "application/json",
        "Date": "Mon, 14 Sep 2020 03:05:27 GMT",
        "Expires": "-1",
        "Pragma": "no-cache",
        "Server": "Microsoft-Azure-Storage-Resource-Provider/1.0,Microsoft-HTTPAPI/2.0 Microsoft-HTTPAPI/2.0",
        "Strict-Transport-Security": "max-age=31536000; includeSubDomains",
        "X-Content-Type-Options": "nosniff",
        "x-ms-client-request-id": "6980a2cc06b8199cd7d680845fcafd07",
        "x-ms-correlation-request-id": "cb927dbb-98da-4e72-861e-68665341dc56",
        "x-ms-ratelimit-remaining-subscription-reads": "11618",
        "x-ms-request-id": "e24c9f22-9177-42a1-b73e-d8e9081cb138",
        "x-ms-routing-request-id": "SOUTHEASTASIA:20200914T030527Z:cb927dbb-98da-4e72-861e-68665341dc56"
      },
      "ResponseBody": {
        "sku": {
          "name": "Standard_GRS",
          "tier": "Standard"
        },
        "id": "/subscriptions/c9cbd920-c00c-427c-852b-8aaf38badaeb/resourceGroups/res4340/providers/Microsoft.Storage/storageAccounts/sto5712/blobServices/default",
        "name": "default",
        "type": "Microsoft.Storage/storageAccounts/blobServices",
        "properties": {
          "cors": {
            "corsRules": []
          },
          "deleteRetentionPolicy": {
            "enabled": false
          }
        }
      }
    },
    {
      "RequestUri": "https://management.azure.com/subscriptions/c9cbd920-c00c-427c-852b-8aaf38badaeb/resourceGroups/res4340/providers/Microsoft.Storage/storageAccounts/sto5712/blobServices/default?api-version=2019-06-01",
      "RequestMethod": "PUT",
      "RequestHeaders": {
        "Accept": "application/json",
        "Authorization": "Sanitized",
        "Content-Length": "765",
        "Content-Type": "application/json",
        "traceparent": "00-7703076e3826054eb95699586dd5ed87-49bc7ac2c92c0e46-00",
        "User-Agent": [
          "azsdk-net-ResourceManager.Storage/1.0.0-alpha.20200914.1",
          "(.NET Core 4.6.29130.01; Microsoft Windows 10.0.19041 )"
        ],
        "x-ms-client-request-id": "aa5548f8141cb3d0f84d2c408ae63c6e",
        "x-ms-return-client-request-id": "true"
      },
      "RequestBody": {
        "properties": {
          "cors": {
            "corsRules": [
              {
                "allowedOrigins": [
                  "http://www.contoso.com",
                  "http://www.fabrikam.com"
                ],
                "allowedMethods": [
                  "GET",
                  "HEAD",
                  "POST",
                  "OPTIONS",
                  "MERGE",
                  "PUT"
                ],
                "maxAgeInSeconds": 100,
                "exposedHeaders": [
                  "x-ms-meta-*"
                ],
                "allowedHeaders": [
                  "x-ms-meta-abc",
                  "x-ms-meta-data*",
                  "x-ms-meta-target*"
                ]
              },
              {
                "allowedOrigins": [
                  "*"
                ],
                "allowedMethods": [
                  "GET"
                ],
                "maxAgeInSeconds": 2,
                "exposedHeaders": [
                  "*"
                ],
                "allowedHeaders": [
                  "*"
                ]
              },
              {
                "allowedOrigins": [
                  "http://www.abc23.com",
                  "https://www.fabrikam.com/*"
                ],
                "allowedMethods": [
                  "GET",
                  "PUT",
                  "CONNECT"
                ],
                "maxAgeInSeconds": 2000,
                "exposedHeaders": [
                  "x-ms-meta-abc",
                  "x-ms-meta-data*",
                  "x -ms-meta-target*"
                ],
                "allowedHeaders": [
                  "x-ms-meta-12345675754564*"
                ]
              }
            ]
          },
          "defaultServiceVersion": "2017-04-17",
          "deleteRetentionPolicy": {
            "enabled": true,
            "days": 300
          }
        }
      },
      "StatusCode": 200,
      "ResponseHeaders": {
        "Cache-Control": "no-cache",
        "Content-Length": "993",
        "Content-Type": "application/json",
        "Date": "Mon, 14 Sep 2020 03:05:28 GMT",
        "Expires": "-1",
        "Pragma": "no-cache",
        "Server": "Microsoft-Azure-Storage-Resource-Provider/1.0,Microsoft-HTTPAPI/2.0 Microsoft-HTTPAPI/2.0",
        "Strict-Transport-Security": "max-age=31536000; includeSubDomains",
        "X-Content-Type-Options": "nosniff",
        "x-ms-client-request-id": "aa5548f8141cb3d0f84d2c408ae63c6e",
        "x-ms-correlation-request-id": "4df40b74-3225-4d31-ae85-2e9258117363",
        "x-ms-ratelimit-remaining-subscription-writes": "1087",
        "x-ms-request-id": "ec51d766-243a-4109-b71f-3bc09dcba012",
        "x-ms-routing-request-id": "SOUTHEASTASIA:20200914T030528Z:4df40b74-3225-4d31-ae85-2e9258117363"
      },
      "ResponseBody": {
        "id": "/subscriptions/c9cbd920-c00c-427c-852b-8aaf38badaeb/resourceGroups/res4340/providers/Microsoft.Storage/storageAccounts/sto5712/blobServices/default",
        "name": "default",
        "type": "Microsoft.Storage/storageAccounts/blobServices",
        "properties": {
          "cors": {
            "corsRules": [
              {
                "allowedOrigins": [
                  "http://www.contoso.com",
                  "http://www.fabrikam.com"
                ],
                "allowedMethods": [
                  "GET",
                  "HEAD",
                  "POST",
                  "OPTIONS",
                  "MERGE",
                  "PUT"
                ],
                "maxAgeInSeconds": 100,
                "exposedHeaders": [
                  "x-ms-meta-*"
                ],
                "allowedHeaders": [
                  "x-ms-meta-abc",
                  "x-ms-meta-data*",
                  "x-ms-meta-target*"
                ]
              },
              {
                "allowedOrigins": [
                  "*"
                ],
                "allowedMethods": [
                  "GET"
                ],
                "maxAgeInSeconds": 2,
                "exposedHeaders": [
                  "*"
                ],
                "allowedHeaders": [
                  "*"
                ]
              },
              {
                "allowedOrigins": [
                  "http://www.abc23.com",
                  "https://www.fabrikam.com/*"
                ],
                "allowedMethods": [
                  "GET",
                  "PUT",
                  "CONNECT"
                ],
                "maxAgeInSeconds": 2000,
                "exposedHeaders": [
                  "x-ms-meta-abc",
                  "x-ms-meta-data*",
                  "x -ms-meta-target*"
                ],
                "allowedHeaders": [
                  "x-ms-meta-12345675754564*"
                ]
              }
            ]
          },
          "defaultServiceVersion": "2017-04-17",
          "deleteRetentionPolicy": {
            "enabled": true,
            "days": 300
          }
        }
      }
    },
    {
      "RequestUri": "https://management.azure.com/subscriptions/c9cbd920-c00c-427c-852b-8aaf38badaeb/resourceGroups/res4340/providers/Microsoft.Storage/storageAccounts/sto5712/blobServices/default?api-version=2019-06-01",
      "RequestMethod": "GET",
      "RequestHeaders": {
        "Accept": "application/json",
        "Authorization": "Sanitized",
        "traceparent": "00-2236f89794cb45418b0e055337d54675-bb8e11f400874746-00",
        "User-Agent": [
          "azsdk-net-ResourceManager.Storage/1.0.0-alpha.20200914.1",
          "(.NET Core 4.6.29130.01; Microsoft Windows 10.0.19041 )"
        ],
        "x-ms-client-request-id": "0abdc89d39b7b292a4374f87ba709a1a",
        "x-ms-return-client-request-id": "true"
      },
      "RequestBody": null,
      "StatusCode": 200,
      "ResponseHeaders": {
        "Cache-Control": "no-cache",
        "Content-Length": "1041",
        "Content-Type": "application/json",
        "Date": "Mon, 14 Sep 2020 03:05:28 GMT",
        "Expires": "-1",
        "Pragma": "no-cache",
        "Server": "Microsoft-Azure-Storage-Resource-Provider/1.0,Microsoft-HTTPAPI/2.0 Microsoft-HTTPAPI/2.0",
        "Strict-Transport-Security": "max-age=31536000; includeSubDomains",
        "X-Content-Type-Options": "nosniff",
        "x-ms-client-request-id": "0abdc89d39b7b292a4374f87ba709a1a",
        "x-ms-correlation-request-id": "d3de2627-af0e-4076-9cbe-d3759bf5c4fe",
        "x-ms-ratelimit-remaining-subscription-reads": "11617",
        "x-ms-request-id": "8cf6961c-ec2d-4447-a716-70e6af997e46",
        "x-ms-routing-request-id": "SOUTHEASTASIA:20200914T030528Z:d3de2627-af0e-4076-9cbe-d3759bf5c4fe"
      },
      "ResponseBody": {
        "sku": {
          "name": "Standard_GRS",
          "tier": "Standard"
        },
        "id": "/subscriptions/c9cbd920-c00c-427c-852b-8aaf38badaeb/resourceGroups/res4340/providers/Microsoft.Storage/storageAccounts/sto5712/blobServices/default",
        "name": "default",
        "type": "Microsoft.Storage/storageAccounts/blobServices",
        "properties": {
          "cors": {
            "corsRules": [
              {
                "allowedOrigins": [
                  "http://www.contoso.com",
                  "http://www.fabrikam.com"
                ],
                "allowedMethods": [
                  "GET",
                  "HEAD",
                  "POST",
                  "OPTIONS",
                  "MERGE",
                  "PUT"
                ],
                "maxAgeInSeconds": 100,
                "exposedHeaders": [
                  "x-ms-meta-*"
                ],
                "allowedHeaders": [
                  "x-ms-meta-abc",
                  "x-ms-meta-data*",
                  "x-ms-meta-target*"
                ]
              },
              {
                "allowedOrigins": [
                  "*"
                ],
                "allowedMethods": [
                  "GET"
                ],
                "maxAgeInSeconds": 2,
                "exposedHeaders": [
                  "*"
                ],
                "allowedHeaders": [
                  "*"
                ]
              },
              {
                "allowedOrigins": [
                  "http://www.abc23.com",
                  "https://www.fabrikam.com/*"
                ],
                "allowedMethods": [
                  "GET",
                  "PUT",
                  "CONNECT"
                ],
                "maxAgeInSeconds": 2000,
                "exposedHeaders": [
                  "x-ms-meta-abc",
                  "x-ms-meta-data*",
                  "x -ms-meta-target*"
                ],
                "allowedHeaders": [
                  "x-ms-meta-12345675754564*"
                ]
              }
            ]
          },
          "defaultServiceVersion": "2017-04-17",
          "deleteRetentionPolicy": {
            "enabled": true,
            "days": 300
          }
        }
      }
    }
  ],
  "Variables": {
    "RandomSeed": "1043745408",
    "SUBSCRIPTION_ID": "c9cbd920-c00c-427c-852b-8aaf38badaeb"
  }
}