{
  "Entries": [
    {
      "RequestUri": "https://management.azure.com/subscriptions/db1ab6f0-4769-4b27-930e-01e2ef9c123c?api-version=2019-11-01",
      "RequestMethod": "GET",
      "RequestHeaders": {
        "Accept": "application/json",
        "Authorization": "Sanitized",
        "User-Agent": "azsdk-net-ResourceManager/1.0.0-beta.2 (.NET Framework 4.8.4300.0; Microsoft Windows 10.0.19043 )",
        "x-ms-client-request-id": "eb7cefb5a910e8377314d200a2d70166",
        "x-ms-return-client-request-id": "true"
      },
      "RequestBody": null,
      "StatusCode": 200,
      "ResponseHeaders": {
        "Cache-Control": "no-cache",
        "Content-Length": "468",
        "Content-Type": "application/json; charset=utf-8",
        "Date": "Tue, 31 Aug 2021 23:37:44 GMT",
        "Expires": "-1",
        "Pragma": "no-cache",
        "Strict-Transport-Security": "max-age=31536000; includeSubDomains",
        "X-Content-Type-Options": "nosniff",
        "x-ms-correlation-request-id": "b6e07459-f59d-4f38-8231-5d2d36fdd316",
        "x-ms-ratelimit-remaining-subscription-reads": "11967",
        "x-ms-request-id": "b6e07459-f59d-4f38-8231-5d2d36fdd316",
        "x-ms-routing-request-id": "WESTUS:20210831T233744Z:b6e07459-f59d-4f38-8231-5d2d36fdd316"
      },
      "ResponseBody": {
        "id": "/subscriptions/db1ab6f0-4769-4b27-930e-01e2ef9c123c",
        "authorizationSource": "RoleBased",
        "managedByTenants": [],
        "tags": {
          "tagKey1": "tagValue1",
          "tagKey2": "tagValue2"
        },
        "subscriptionId": "db1ab6f0-4769-4b27-930e-01e2ef9c123c",
        "tenantId": "72f988bf-86f1-41af-91ab-2d7cd011db47",
        "displayName": ".NET Mgmt SDK Test with TTL = 1 Day",
        "state": "Enabled",
        "subscriptionPolicies": {
          "locationPlacementId": "Internal_2014-09-01",
          "quotaId": "Internal_2014-09-01",
          "spendingLimit": "Off"
        }
      }
    },
    {
      "RequestUri": "https://management.azure.com/subscriptions/db1ab6f0-4769-4b27-930e-01e2ef9c123c?api-version=2019-11-01",
      "RequestMethod": "GET",
      "RequestHeaders": {
        "Accept": "application/json",
        "Authorization": "Sanitized",
        "User-Agent": "azsdk-net-ResourceManager/1.0.0-beta.2 (.NET Framework 4.8.4300.0; Microsoft Windows 10.0.19043 )",
        "x-ms-client-request-id": "ca0e2ca27903370376e5064606e4c595",
        "x-ms-return-client-request-id": "true"
      },
      "RequestBody": null,
      "StatusCode": 200,
      "ResponseHeaders": {
        "Cache-Control": "no-cache",
        "Content-Length": "468",
        "Content-Type": "application/json; charset=utf-8",
        "Date": "Tue, 31 Aug 2021 23:37:44 GMT",
        "Expires": "-1",
        "Pragma": "no-cache",
        "Strict-Transport-Security": "max-age=31536000; includeSubDomains",
        "X-Content-Type-Options": "nosniff",
        "x-ms-correlation-request-id": "4978f1c1-ba14-44ce-b8d3-33ea15d76df4",
        "x-ms-ratelimit-remaining-subscription-reads": "11966",
        "x-ms-request-id": "4978f1c1-ba14-44ce-b8d3-33ea15d76df4",
        "x-ms-routing-request-id": "WESTUS:20210831T233744Z:4978f1c1-ba14-44ce-b8d3-33ea15d76df4"
      },
      "ResponseBody": {
        "id": "/subscriptions/db1ab6f0-4769-4b27-930e-01e2ef9c123c",
        "authorizationSource": "RoleBased",
        "managedByTenants": [],
        "tags": {
          "tagKey1": "tagValue1",
          "tagKey2": "tagValue2"
        },
        "subscriptionId": "db1ab6f0-4769-4b27-930e-01e2ef9c123c",
        "tenantId": "72f988bf-86f1-41af-91ab-2d7cd011db47",
        "displayName": ".NET Mgmt SDK Test with TTL = 1 Day",
        "state": "Enabled",
        "subscriptionPolicies": {
          "locationPlacementId": "Internal_2014-09-01",
          "quotaId": "Internal_2014-09-01",
          "spendingLimit": "Off"
        }
      }
    },
    {
      "RequestUri": "https://management.azure.com/subscriptions/db1ab6f0-4769-4b27-930e-01e2ef9c123c/resourcegroups/res377?api-version=2019-10-01",
      "RequestMethod": "PUT",
      "RequestHeaders": {
        "Accept": "application/json",
        "Authorization": "Sanitized",
        "Content-Length": "22",
        "Content-Type": "application/json",
        "traceparent": "00-51ca1028cb93a944bde396f27dd7762f-249a7a039878b64c-00",
        "User-Agent": "azsdk-net-ResourceManager/1.0.0-beta.2 (.NET Framework 4.8.4300.0; Microsoft Windows 10.0.19043 )",
        "x-ms-client-request-id": "f7099dd5ba516b82c5cbb0d8106c69ae",
        "x-ms-return-client-request-id": "true"
      },
      "RequestBody": {
        "location": "eastus2"
      },
      "StatusCode": 201,
      "ResponseHeaders": {
        "Cache-Control": "no-cache",
        "Content-Length": "210",
        "Content-Type": "application/json; charset=utf-8",
        "Date": "Tue, 31 Aug 2021 23:37:44 GMT",
        "Expires": "-1",
        "Pragma": "no-cache",
        "Strict-Transport-Security": "max-age=31536000; includeSubDomains",
        "X-Content-Type-Options": "nosniff",
        "x-ms-correlation-request-id": "a73a7cee-ec81-40d4-a144-58d324feb14d",
        "x-ms-ratelimit-remaining-subscription-writes": "1199",
        "x-ms-request-id": "a73a7cee-ec81-40d4-a144-58d324feb14d",
        "x-ms-routing-request-id": "WESTUS:20210831T233745Z:a73a7cee-ec81-40d4-a144-58d324feb14d"
      },
      "ResponseBody": {
        "id": "/subscriptions/db1ab6f0-4769-4b27-930e-01e2ef9c123c/resourceGroups/res377",
        "name": "res377",
        "type": "Microsoft.Resources/resourceGroups",
        "location": "eastus2",
        "properties": {
          "provisioningState": "Succeeded"
        }
      }
    },
    {
      "RequestUri": "https://management.azure.com/subscriptions/db1ab6f0-4769-4b27-930e-01e2ef9c123c/resourceGroups/res377/providers/Microsoft.Storage/storageAccounts/sto6180?api-version=2019-06-01",
      "RequestMethod": "PUT",
      "RequestHeaders": {
        "Accept": "application/json",
        "Authorization": "Sanitized",
        "Content-Length": "128",
        "Content-Type": "application/json",
        "traceparent": "00-67e36b1d1c84bb4d876ccf80ad2b437f-687a87d9b6d19144-00",
        "User-Agent": "azsdk-net-ResourceManager.Storage/1.0.0-alpha.20210831.1 (.NET Framework 4.8.4300.0; Microsoft Windows 10.0.19043 )",
        "x-ms-client-request-id": "ef531eb83cbc44ec752ba2f1e28e4e3c",
        "x-ms-return-client-request-id": "true"
      },
      "RequestBody": {
        "sku": {
          "name": "Standard_GRS"
        },
        "kind": "StorageV2",
        "location": "eastus2",
        "tags": {
          "key1": "value1",
          "key2": "value2"
        },
        "properties": {}
      },
      "StatusCode": 503,
      "ResponseHeaders": {
        "Cache-Control": "no-cache",
        "Connection": "close",
        "Content-Length": "294",
        "Content-Type": "application/json; charset=utf-8",
        "Date": "Tue, 31 Aug 2021 23:38:02 GMT",
        "Expires": "-1",
        "Pragma": "no-cache",
        "Strict-Transport-Security": "max-age=31536000; includeSubDomains",
        "X-Content-Type-Options": "nosniff",
        "x-ms-correlation-request-id": "180c27e5-491f-4024-93dd-c3721c380f06",
        "x-ms-failure-cause": "gateway",
        "x-ms-request-id": "180c27e5-491f-4024-93dd-c3721c380f06",
        "x-ms-routing-request-id": "WESTUS:20210831T233803Z:180c27e5-491f-4024-93dd-c3721c380f06"
      },
      "ResponseBody": {
        "error": {
          "code": "ServerTimeout",
          "message": "The request timed out. Diagnostic information: timestamp \u002720210831T233803Z\u0027, subscription id \u0027db1ab6f0-4769-4b27-930e-01e2ef9c123c\u0027, tracking id \u0027180c27e5-491f-4024-93dd-c3721c380f06\u0027, request correlation id \u0027180c27e5-491f-4024-93dd-c3721c380f06\u0027."
        }
      }
    },
    {
      "RequestUri": "https://management.azure.com/subscriptions/db1ab6f0-4769-4b27-930e-01e2ef9c123c/resourceGroups/res377/providers/Microsoft.Storage/storageAccounts/sto6180?api-version=2019-06-01",
      "RequestMethod": "PUT",
      "RequestHeaders": {
        "Accept": "application/json",
        "Authorization": "Sanitized",
        "Content-Length": "128",
        "Content-Type": "application/json",
        "traceparent": "00-67e36b1d1c84bb4d876ccf80ad2b437f-687a87d9b6d19144-00",
        "User-Agent": "azsdk-net-ResourceManager.Storage/1.0.0-alpha.20210831.1 (.NET Framework 4.8.4300.0; Microsoft Windows 10.0.19043 )",
        "x-ms-client-request-id": "ef531eb83cbc44ec752ba2f1e28e4e3c",
        "x-ms-return-client-request-id": "true"
      },
      "RequestBody": {
        "sku": {
          "name": "Standard_GRS"
        },
        "kind": "StorageV2",
        "location": "eastus2",
        "tags": {
          "key1": "value1",
          "key2": "value2"
        },
        "properties": {}
      },
      "StatusCode": 202,
      "ResponseHeaders": {
        "Cache-Control": "no-cache",
        "Content-Length": "0",
        "Content-Type": "text/plain; charset=utf-8",
        "Date": "Tue, 31 Aug 2021 23:38:05 GMT",
        "Expires": "-1",
        "Location": "https://management.azure.com/subscriptions/db1ab6f0-4769-4b27-930e-01e2ef9c123c/providers/Microsoft.Storage/locations/eastus2/asyncoperations/daa7940e-8f04-4065-9cf4-7326bf141ce7?monitor=true\u0026api-version=2019-06-01",
        "Pragma": "no-cache",
        "Retry-After": "17",
        "Server": "Microsoft-Azure-Storage-Resource-Provider/1.0,Microsoft-HTTPAPI/2.0 Microsoft-HTTPAPI/2.0",
        "Strict-Transport-Security": "max-age=31536000; includeSubDomains",
        "X-Content-Type-Options": "nosniff",
        "x-ms-client-request-id": "ef531eb83cbc44ec752ba2f1e28e4e3c",
        "x-ms-correlation-request-id": "16bed9d8-bf02-42b8-9ee2-50315f0ab885",
        "x-ms-ratelimit-remaining-subscription-writes": "1199",
        "x-ms-request-id": "daa7940e-8f04-4065-9cf4-7326bf141ce7",
        "x-ms-routing-request-id": "WESTUS:20210831T233806Z:16bed9d8-bf02-42b8-9ee2-50315f0ab885"
      },
      "ResponseBody": []
    },
    {
      "RequestUri": "https://management.azure.com/subscriptions/db1ab6f0-4769-4b27-930e-01e2ef9c123c/providers/Microsoft.Storage/locations/eastus2/asyncoperations/daa7940e-8f04-4065-9cf4-7326bf141ce7?monitor=true\u0026api-version=2019-06-01",
      "RequestMethod": "GET",
      "RequestHeaders": {
        "Authorization": "Sanitized",
        "User-Agent": "azsdk-net-ResourceManager.Storage/1.0.0-alpha.20210831.1 (.NET Framework 4.8.4300.0; Microsoft Windows 10.0.19043 )",
        "x-ms-client-request-id": "a62c3097304261191db2db8edf7ae33d",
        "x-ms-return-client-request-id": "true"
      },
      "RequestBody": null,
      "StatusCode": 202,
      "ResponseHeaders": {
        "Cache-Control": "no-cache",
        "Content-Length": "0",
        "Content-Type": "text/plain; charset=utf-8",
        "Date": "Tue, 31 Aug 2021 23:38:05 GMT",
        "Expires": "-1",
        "Location": "https://management.azure.com/subscriptions/db1ab6f0-4769-4b27-930e-01e2ef9c123c/providers/Microsoft.Storage/locations/eastus2/asyncoperations/daa7940e-8f04-4065-9cf4-7326bf141ce7?monitor=true\u0026api-version=2019-06-01",
        "Pragma": "no-cache",
        "Retry-After": "17",
        "Server": "Microsoft-Azure-Storage-Resource-Provider/1.0,Microsoft-HTTPAPI/2.0 Microsoft-HTTPAPI/2.0",
        "Strict-Transport-Security": "max-age=31536000; includeSubDomains",
        "X-Content-Type-Options": "nosniff",
        "x-ms-client-request-id": "a62c3097304261191db2db8edf7ae33d",
        "x-ms-correlation-request-id": "fcd1cf09-96b5-4fe1-a442-0656ae39d51f",
        "x-ms-ratelimit-remaining-subscription-reads": "11999",
        "x-ms-request-id": "70c2d687-e811-436c-9488-e193e785b216",
        "x-ms-routing-request-id": "WESTUS:20210831T233806Z:fcd1cf09-96b5-4fe1-a442-0656ae39d51f"
      },
      "ResponseBody": []
    },
    {
      "RequestUri": "https://management.azure.com/subscriptions/db1ab6f0-4769-4b27-930e-01e2ef9c123c/providers/Microsoft.Storage/locations/eastus2/asyncoperations/daa7940e-8f04-4065-9cf4-7326bf141ce7?monitor=true\u0026api-version=2019-06-01",
      "RequestMethod": "GET",
      "RequestHeaders": {
        "Authorization": "Sanitized",
        "User-Agent": "azsdk-net-ResourceManager.Storage/1.0.0-alpha.20210831.1 (.NET Framework 4.8.4300.0; Microsoft Windows 10.0.19043 )",
        "x-ms-client-request-id": "9f309c62b62f6765adc6917d8e99e510",
        "x-ms-return-client-request-id": "true"
      },
      "RequestBody": null,
      "StatusCode": 202,
      "ResponseHeaders": {
        "Cache-Control": "no-cache",
        "Content-Length": "0",
        "Content-Type": "text/plain; charset=utf-8",
        "Date": "Tue, 31 Aug 2021 23:38:07 GMT",
        "Expires": "-1",
        "Location": "https://management.azure.com/subscriptions/db1ab6f0-4769-4b27-930e-01e2ef9c123c/providers/Microsoft.Storage/locations/eastus2/asyncoperations/daa7940e-8f04-4065-9cf4-7326bf141ce7?monitor=true\u0026api-version=2019-06-01",
        "Pragma": "no-cache",
        "Retry-After": "17",
        "Server": "Microsoft-Azure-Storage-Resource-Provider/1.0,Microsoft-HTTPAPI/2.0 Microsoft-HTTPAPI/2.0",
        "Strict-Transport-Security": "max-age=31536000; includeSubDomains",
        "X-Content-Type-Options": "nosniff",
        "x-ms-client-request-id": "9f309c62b62f6765adc6917d8e99e510",
        "x-ms-correlation-request-id": "b22a66ed-0c26-467a-921b-a8335d9aff0c",
        "x-ms-ratelimit-remaining-subscription-reads": "11998",
        "x-ms-request-id": "bbfb517c-a308-4dc4-b603-2793f656f509",
        "x-ms-routing-request-id": "WESTUS:20210831T233807Z:b22a66ed-0c26-467a-921b-a8335d9aff0c"
      },
      "ResponseBody": []
    },
    {
      "RequestUri": "https://management.azure.com/subscriptions/db1ab6f0-4769-4b27-930e-01e2ef9c123c/providers/Microsoft.Storage/locations/eastus2/asyncoperations/daa7940e-8f04-4065-9cf4-7326bf141ce7?monitor=true\u0026api-version=2019-06-01",
      "RequestMethod": "GET",
      "RequestHeaders": {
        "Authorization": "Sanitized",
        "User-Agent": "azsdk-net-ResourceManager.Storage/1.0.0-alpha.20210831.1 (.NET Framework 4.8.4300.0; Microsoft Windows 10.0.19043 )",
        "x-ms-client-request-id": "b15906b2a862b0f9b2d9dabc75e2ade4",
        "x-ms-return-client-request-id": "true"
      },
      "RequestBody": null,
      "StatusCode": 202,
      "ResponseHeaders": {
        "Cache-Control": "no-cache",
        "Content-Length": "0",
        "Content-Type": "text/plain; charset=utf-8",
        "Date": "Tue, 31 Aug 2021 23:38:08 GMT",
        "Expires": "-1",
        "Location": "https://management.azure.com/subscriptions/db1ab6f0-4769-4b27-930e-01e2ef9c123c/providers/Microsoft.Storage/locations/eastus2/asyncoperations/daa7940e-8f04-4065-9cf4-7326bf141ce7?monitor=true\u0026api-version=2019-06-01",
        "Pragma": "no-cache",
        "Retry-After": "17",
        "Server": "Microsoft-Azure-Storage-Resource-Provider/1.0,Microsoft-HTTPAPI/2.0 Microsoft-HTTPAPI/2.0",
        "Strict-Transport-Security": "max-age=31536000; includeSubDomains",
        "X-Content-Type-Options": "nosniff",
        "x-ms-client-request-id": "b15906b2a862b0f9b2d9dabc75e2ade4",
        "x-ms-correlation-request-id": "7e92b75a-0361-4a89-a0da-6686033a97b6",
        "x-ms-ratelimit-remaining-subscription-reads": "11997",
        "x-ms-request-id": "666bea4f-1333-4af1-9032-0d22534e9ed8",
        "x-ms-routing-request-id": "WESTUS:20210831T233809Z:7e92b75a-0361-4a89-a0da-6686033a97b6"
      },
      "ResponseBody": []
    },
    {
      "RequestUri": "https://management.azure.com/subscriptions/db1ab6f0-4769-4b27-930e-01e2ef9c123c/providers/Microsoft.Storage/locations/eastus2/asyncoperations/daa7940e-8f04-4065-9cf4-7326bf141ce7?monitor=true\u0026api-version=2019-06-01",
      "RequestMethod": "GET",
      "RequestHeaders": {
        "Authorization": "Sanitized",
        "User-Agent": "azsdk-net-ResourceManager.Storage/1.0.0-alpha.20210831.1 (.NET Framework 4.8.4300.0; Microsoft Windows 10.0.19043 )",
        "x-ms-client-request-id": "c3f0705bd934e06dcbc4f97b9f9cd283",
        "x-ms-return-client-request-id": "true"
      },
      "RequestBody": null,
      "StatusCode": 202,
      "ResponseHeaders": {
        "Cache-Control": "no-cache",
        "Content-Length": "0",
        "Content-Type": "text/plain; charset=utf-8",
        "Date": "Tue, 31 Aug 2021 23:38:09 GMT",
        "Expires": "-1",
        "Location": "https://management.azure.com/subscriptions/db1ab6f0-4769-4b27-930e-01e2ef9c123c/providers/Microsoft.Storage/locations/eastus2/asyncoperations/daa7940e-8f04-4065-9cf4-7326bf141ce7?monitor=true\u0026api-version=2019-06-01",
        "Pragma": "no-cache",
        "Retry-After": "17",
        "Server": "Microsoft-Azure-Storage-Resource-Provider/1.0,Microsoft-HTTPAPI/2.0 Microsoft-HTTPAPI/2.0",
        "Strict-Transport-Security": "max-age=31536000; includeSubDomains",
        "X-Content-Type-Options": "nosniff",
        "x-ms-client-request-id": "c3f0705bd934e06dcbc4f97b9f9cd283",
        "x-ms-correlation-request-id": "eddcf667-cbe6-40c7-8bd8-746fb5c6cd9c",
        "x-ms-ratelimit-remaining-subscription-reads": "11996",
        "x-ms-request-id": "e89bfdc8-b297-4c93-b4b8-6ae586780d0a",
        "x-ms-routing-request-id": "WESTUS:20210831T233810Z:eddcf667-cbe6-40c7-8bd8-746fb5c6cd9c"
      },
      "ResponseBody": []
    },
    {
      "RequestUri": "https://management.azure.com/subscriptions/db1ab6f0-4769-4b27-930e-01e2ef9c123c/providers/Microsoft.Storage/locations/eastus2/asyncoperations/daa7940e-8f04-4065-9cf4-7326bf141ce7?monitor=true\u0026api-version=2019-06-01",
      "RequestMethod": "GET",
      "RequestHeaders": {
        "Authorization": "Sanitized",
        "User-Agent": "azsdk-net-ResourceManager.Storage/1.0.0-alpha.20210831.1 (.NET Framework 4.8.4300.0; Microsoft Windows 10.0.19043 )",
        "x-ms-client-request-id": "d8dccbcd3120badaa280ec55dca8f2ca",
        "x-ms-return-client-request-id": "true"
      },
      "RequestBody": null,
      "StatusCode": 202,
      "ResponseHeaders": {
        "Cache-Control": "no-cache",
        "Content-Length": "0",
        "Content-Type": "text/plain; charset=utf-8",
        "Date": "Tue, 31 Aug 2021 23:38:10 GMT",
        "Expires": "-1",
        "Location": "https://management.azure.com/subscriptions/db1ab6f0-4769-4b27-930e-01e2ef9c123c/providers/Microsoft.Storage/locations/eastus2/asyncoperations/daa7940e-8f04-4065-9cf4-7326bf141ce7?monitor=true\u0026api-version=2019-06-01",
        "Pragma": "no-cache",
        "Retry-After": "17",
        "Server": "Microsoft-Azure-Storage-Resource-Provider/1.0,Microsoft-HTTPAPI/2.0 Microsoft-HTTPAPI/2.0",
        "Strict-Transport-Security": "max-age=31536000; includeSubDomains",
        "X-Content-Type-Options": "nosniff",
        "x-ms-client-request-id": "d8dccbcd3120badaa280ec55dca8f2ca",
        "x-ms-correlation-request-id": "60bdc3f5-988b-4a3e-9845-a84c029f2b04",
        "x-ms-ratelimit-remaining-subscription-reads": "11995",
        "x-ms-request-id": "9245bfcc-4d90-4a97-a879-d9c3f69d6b84",
        "x-ms-routing-request-id": "WESTUS:20210831T233811Z:60bdc3f5-988b-4a3e-9845-a84c029f2b04"
      },
      "ResponseBody": []
    },
    {
      "RequestUri": "https://management.azure.com/subscriptions/db1ab6f0-4769-4b27-930e-01e2ef9c123c/providers/Microsoft.Storage/locations/eastus2/asyncoperations/daa7940e-8f04-4065-9cf4-7326bf141ce7?monitor=true\u0026api-version=2019-06-01",
      "RequestMethod": "GET",
      "RequestHeaders": {
        "Authorization": "Sanitized",
        "User-Agent": "azsdk-net-ResourceManager.Storage/1.0.0-alpha.20210831.1 (.NET Framework 4.8.4300.0; Microsoft Windows 10.0.19043 )",
        "x-ms-client-request-id": "1e21ac1921a8d8db9879e69dae7e1016",
        "x-ms-return-client-request-id": "true"
      },
      "RequestBody": null,
      "StatusCode": 202,
      "ResponseHeaders": {
        "Cache-Control": "no-cache",
        "Content-Length": "0",
        "Content-Type": "text/plain; charset=utf-8",
        "Date": "Tue, 31 Aug 2021 23:38:11 GMT",
        "Expires": "-1",
        "Location": "https://management.azure.com/subscriptions/db1ab6f0-4769-4b27-930e-01e2ef9c123c/providers/Microsoft.Storage/locations/eastus2/asyncoperations/daa7940e-8f04-4065-9cf4-7326bf141ce7?monitor=true\u0026api-version=2019-06-01",
        "Pragma": "no-cache",
        "Retry-After": "17",
        "Server": "Microsoft-Azure-Storage-Resource-Provider/1.0,Microsoft-HTTPAPI/2.0 Microsoft-HTTPAPI/2.0",
        "Strict-Transport-Security": "max-age=31536000; includeSubDomains",
        "X-Content-Type-Options": "nosniff",
        "x-ms-client-request-id": "1e21ac1921a8d8db9879e69dae7e1016",
        "x-ms-correlation-request-id": "5b098041-cf36-451a-9c8d-35e9e7d32bff",
        "x-ms-ratelimit-remaining-subscription-reads": "11994",
        "x-ms-request-id": "9d541f8e-d503-4ec8-b31f-02512560d1f4",
        "x-ms-routing-request-id": "WESTUS:20210831T233812Z:5b098041-cf36-451a-9c8d-35e9e7d32bff"
      },
      "ResponseBody": []
    },
    {
      "RequestUri": "https://management.azure.com/subscriptions/db1ab6f0-4769-4b27-930e-01e2ef9c123c/providers/Microsoft.Storage/locations/eastus2/asyncoperations/daa7940e-8f04-4065-9cf4-7326bf141ce7?monitor=true\u0026api-version=2019-06-01",
      "RequestMethod": "GET",
      "RequestHeaders": {
        "Authorization": "Sanitized",
        "User-Agent": "azsdk-net-ResourceManager.Storage/1.0.0-alpha.20210831.1 (.NET Framework 4.8.4300.0; Microsoft Windows 10.0.19043 )",
        "x-ms-client-request-id": "a9ef5607d40629c4953621b4ec170422",
        "x-ms-return-client-request-id": "true"
      },
      "RequestBody": null,
      "StatusCode": 202,
      "ResponseHeaders": {
        "Cache-Control": "no-cache",
        "Content-Length": "0",
        "Content-Type": "text/plain; charset=utf-8",
        "Date": "Tue, 31 Aug 2021 23:38:12 GMT",
        "Expires": "-1",
        "Location": "https://management.azure.com/subscriptions/db1ab6f0-4769-4b27-930e-01e2ef9c123c/providers/Microsoft.Storage/locations/eastus2/asyncoperations/daa7940e-8f04-4065-9cf4-7326bf141ce7?monitor=true\u0026api-version=2019-06-01",
        "Pragma": "no-cache",
        "Retry-After": "17",
        "Server": "Microsoft-Azure-Storage-Resource-Provider/1.0,Microsoft-HTTPAPI/2.0 Microsoft-HTTPAPI/2.0",
        "Strict-Transport-Security": "max-age=31536000; includeSubDomains",
        "X-Content-Type-Options": "nosniff",
        "x-ms-client-request-id": "a9ef5607d40629c4953621b4ec170422",
        "x-ms-correlation-request-id": "bc6bf1aa-fc27-4eb3-b6fc-4499e2be9df2",
        "x-ms-ratelimit-remaining-subscription-reads": "11993",
        "x-ms-request-id": "c5102a95-b041-407d-88ad-b0ec6ff59d88",
        "x-ms-routing-request-id": "WESTUS:20210831T233813Z:bc6bf1aa-fc27-4eb3-b6fc-4499e2be9df2"
      },
      "ResponseBody": []
    },
    {
      "RequestUri": "https://management.azure.com/subscriptions/db1ab6f0-4769-4b27-930e-01e2ef9c123c/providers/Microsoft.Storage/locations/eastus2/asyncoperations/daa7940e-8f04-4065-9cf4-7326bf141ce7?monitor=true\u0026api-version=2019-06-01",
      "RequestMethod": "GET",
      "RequestHeaders": {
        "Authorization": "Sanitized",
        "User-Agent": "azsdk-net-ResourceManager.Storage/1.0.0-alpha.20210831.1 (.NET Framework 4.8.4300.0; Microsoft Windows 10.0.19043 )",
        "x-ms-client-request-id": "f2622ed2b37aabdaf00340a74b3c0b24",
        "x-ms-return-client-request-id": "true"
      },
      "RequestBody": null,
      "StatusCode": 202,
      "ResponseHeaders": {
        "Cache-Control": "no-cache",
        "Content-Length": "0",
        "Content-Type": "text/plain; charset=utf-8",
        "Date": "Tue, 31 Aug 2021 23:38:13 GMT",
        "Expires": "-1",
        "Location": "https://management.azure.com/subscriptions/db1ab6f0-4769-4b27-930e-01e2ef9c123c/providers/Microsoft.Storage/locations/eastus2/asyncoperations/daa7940e-8f04-4065-9cf4-7326bf141ce7?monitor=true\u0026api-version=2019-06-01",
        "Pragma": "no-cache",
        "Retry-After": "17",
        "Server": "Microsoft-Azure-Storage-Resource-Provider/1.0,Microsoft-HTTPAPI/2.0 Microsoft-HTTPAPI/2.0",
        "Strict-Transport-Security": "max-age=31536000; includeSubDomains",
        "X-Content-Type-Options": "nosniff",
        "x-ms-client-request-id": "f2622ed2b37aabdaf00340a74b3c0b24",
        "x-ms-correlation-request-id": "20ebb5f3-7a9b-4546-b373-acebc2b170da",
        "x-ms-ratelimit-remaining-subscription-reads": "11992",
        "x-ms-request-id": "5ed6bfb9-261c-4feb-9692-42480e2bab06",
        "x-ms-routing-request-id": "WESTUS:20210831T233814Z:20ebb5f3-7a9b-4546-b373-acebc2b170da"
      },
      "ResponseBody": []
    },
    {
      "RequestUri": "https://management.azure.com/subscriptions/db1ab6f0-4769-4b27-930e-01e2ef9c123c/providers/Microsoft.Storage/locations/eastus2/asyncoperations/daa7940e-8f04-4065-9cf4-7326bf141ce7?monitor=true\u0026api-version=2019-06-01",
      "RequestMethod": "GET",
      "RequestHeaders": {
        "Authorization": "Sanitized",
        "User-Agent": "azsdk-net-ResourceManager.Storage/1.0.0-alpha.20210831.1 (.NET Framework 4.8.4300.0; Microsoft Windows 10.0.19043 )",
        "x-ms-client-request-id": "854ed66f48b944c4e8f788720027ec80",
        "x-ms-return-client-request-id": "true"
      },
      "RequestBody": null,
      "StatusCode": 202,
      "ResponseHeaders": {
        "Cache-Control": "no-cache",
        "Content-Length": "0",
        "Content-Type": "text/plain; charset=utf-8",
        "Date": "Tue, 31 Aug 2021 23:38:15 GMT",
        "Expires": "-1",
        "Location": "https://management.azure.com/subscriptions/db1ab6f0-4769-4b27-930e-01e2ef9c123c/providers/Microsoft.Storage/locations/eastus2/asyncoperations/daa7940e-8f04-4065-9cf4-7326bf141ce7?monitor=true\u0026api-version=2019-06-01",
        "Pragma": "no-cache",
        "Retry-After": "17",
        "Server": "Microsoft-Azure-Storage-Resource-Provider/1.0,Microsoft-HTTPAPI/2.0 Microsoft-HTTPAPI/2.0",
        "Strict-Transport-Security": "max-age=31536000; includeSubDomains",
        "X-Content-Type-Options": "nosniff",
        "x-ms-client-request-id": "854ed66f48b944c4e8f788720027ec80",
        "x-ms-correlation-request-id": "0593280e-347e-450c-a3ad-176efc5bb63f",
        "x-ms-ratelimit-remaining-subscription-reads": "11991",
        "x-ms-request-id": "e61af491-5d65-493f-8d6b-ae2371a49663",
        "x-ms-routing-request-id": "WESTUS:20210831T233815Z:0593280e-347e-450c-a3ad-176efc5bb63f"
      },
      "ResponseBody": []
    },
    {
      "RequestUri": "https://management.azure.com/subscriptions/db1ab6f0-4769-4b27-930e-01e2ef9c123c/providers/Microsoft.Storage/locations/eastus2/asyncoperations/daa7940e-8f04-4065-9cf4-7326bf141ce7?monitor=true\u0026api-version=2019-06-01",
      "RequestMethod": "GET",
      "RequestHeaders": {
        "Authorization": "Sanitized",
        "User-Agent": "azsdk-net-ResourceManager.Storage/1.0.0-alpha.20210831.1 (.NET Framework 4.8.4300.0; Microsoft Windows 10.0.19043 )",
        "x-ms-client-request-id": "7fcac4741e1b539b7b43b902941cde58",
        "x-ms-return-client-request-id": "true"
      },
      "RequestBody": null,
      "StatusCode": 202,
      "ResponseHeaders": {
        "Cache-Control": "no-cache",
        "Content-Length": "0",
        "Content-Type": "text/plain; charset=utf-8",
        "Date": "Tue, 31 Aug 2021 23:38:16 GMT",
        "Expires": "-1",
        "Location": "https://management.azure.com/subscriptions/db1ab6f0-4769-4b27-930e-01e2ef9c123c/providers/Microsoft.Storage/locations/eastus2/asyncoperations/daa7940e-8f04-4065-9cf4-7326bf141ce7?monitor=true\u0026api-version=2019-06-01",
        "Pragma": "no-cache",
        "Retry-After": "17",
        "Server": "Microsoft-Azure-Storage-Resource-Provider/1.0,Microsoft-HTTPAPI/2.0 Microsoft-HTTPAPI/2.0",
        "Strict-Transport-Security": "max-age=31536000; includeSubDomains",
        "X-Content-Type-Options": "nosniff",
        "x-ms-client-request-id": "7fcac4741e1b539b7b43b902941cde58",
        "x-ms-correlation-request-id": "b578c8a7-7951-49ba-bd2b-6e563487017b",
        "x-ms-ratelimit-remaining-subscription-reads": "11990",
        "x-ms-request-id": "b63b5b38-e6a2-474c-b672-81ffda5f12f8",
        "x-ms-routing-request-id": "WESTUS:20210831T233816Z:b578c8a7-7951-49ba-bd2b-6e563487017b"
      },
      "ResponseBody": []
    },
    {
      "RequestUri": "https://management.azure.com/subscriptions/db1ab6f0-4769-4b27-930e-01e2ef9c123c/providers/Microsoft.Storage/locations/eastus2/asyncoperations/daa7940e-8f04-4065-9cf4-7326bf141ce7?monitor=true\u0026api-version=2019-06-01",
      "RequestMethod": "GET",
      "RequestHeaders": {
        "Authorization": "Sanitized",
        "User-Agent": "azsdk-net-ResourceManager.Storage/1.0.0-alpha.20210831.1 (.NET Framework 4.8.4300.0; Microsoft Windows 10.0.19043 )",
        "x-ms-client-request-id": "1644fc2b7fc98a686a1d0a832b68abc8",
        "x-ms-return-client-request-id": "true"
      },
      "RequestBody": null,
      "StatusCode": 202,
      "ResponseHeaders": {
        "Cache-Control": "no-cache",
        "Content-Length": "0",
        "Content-Type": "text/plain; charset=utf-8",
        "Date": "Tue, 31 Aug 2021 23:38:17 GMT",
        "Expires": "-1",
        "Location": "https://management.azure.com/subscriptions/db1ab6f0-4769-4b27-930e-01e2ef9c123c/providers/Microsoft.Storage/locations/eastus2/asyncoperations/daa7940e-8f04-4065-9cf4-7326bf141ce7?monitor=true\u0026api-version=2019-06-01",
        "Pragma": "no-cache",
        "Retry-After": "17",
        "Server": "Microsoft-Azure-Storage-Resource-Provider/1.0,Microsoft-HTTPAPI/2.0 Microsoft-HTTPAPI/2.0",
        "Strict-Transport-Security": "max-age=31536000; includeSubDomains",
        "X-Content-Type-Options": "nosniff",
        "x-ms-client-request-id": "1644fc2b7fc98a686a1d0a832b68abc8",
        "x-ms-correlation-request-id": "56891506-a414-4dbf-a052-68411fcf19f4",
        "x-ms-ratelimit-remaining-subscription-reads": "11989",
        "x-ms-request-id": "e4cfc000-080a-4af2-8b15-0a7b004d5c3b",
        "x-ms-routing-request-id": "WESTUS:20210831T233818Z:56891506-a414-4dbf-a052-68411fcf19f4"
      },
      "ResponseBody": []
    },
    {
      "RequestUri": "https://management.azure.com/subscriptions/db1ab6f0-4769-4b27-930e-01e2ef9c123c/providers/Microsoft.Storage/locations/eastus2/asyncoperations/daa7940e-8f04-4065-9cf4-7326bf141ce7?monitor=true\u0026api-version=2019-06-01",
      "RequestMethod": "GET",
      "RequestHeaders": {
        "Authorization": "Sanitized",
        "User-Agent": "azsdk-net-ResourceManager.Storage/1.0.0-alpha.20210831.1 (.NET Framework 4.8.4300.0; Microsoft Windows 10.0.19043 )",
        "x-ms-client-request-id": "8732bf178b7151083bfb09768ec1b0cb",
        "x-ms-return-client-request-id": "true"
      },
      "RequestBody": null,
      "StatusCode": 202,
      "ResponseHeaders": {
        "Cache-Control": "no-cache",
        "Content-Length": "0",
        "Content-Type": "text/plain; charset=utf-8",
        "Date": "Tue, 31 Aug 2021 23:38:18 GMT",
        "Expires": "-1",
        "Location": "https://management.azure.com/subscriptions/db1ab6f0-4769-4b27-930e-01e2ef9c123c/providers/Microsoft.Storage/locations/eastus2/asyncoperations/daa7940e-8f04-4065-9cf4-7326bf141ce7?monitor=true\u0026api-version=2019-06-01",
        "Pragma": "no-cache",
        "Retry-After": "17",
        "Server": "Microsoft-Azure-Storage-Resource-Provider/1.0,Microsoft-HTTPAPI/2.0 Microsoft-HTTPAPI/2.0",
        "Strict-Transport-Security": "max-age=31536000; includeSubDomains",
        "X-Content-Type-Options": "nosniff",
        "x-ms-client-request-id": "8732bf178b7151083bfb09768ec1b0cb",
        "x-ms-correlation-request-id": "3b798618-7e6c-495e-a71a-caeaa2966b35",
        "x-ms-ratelimit-remaining-subscription-reads": "11988",
        "x-ms-request-id": "29599cdb-5715-402c-bb15-88cca2791b08",
        "x-ms-routing-request-id": "WESTUS:20210831T233819Z:3b798618-7e6c-495e-a71a-caeaa2966b35"
      },
      "ResponseBody": []
    },
    {
      "RequestUri": "https://management.azure.com/subscriptions/db1ab6f0-4769-4b27-930e-01e2ef9c123c/providers/Microsoft.Storage/locations/eastus2/asyncoperations/daa7940e-8f04-4065-9cf4-7326bf141ce7?monitor=true\u0026api-version=2019-06-01",
      "RequestMethod": "GET",
      "RequestHeaders": {
        "Authorization": "Sanitized",
        "User-Agent": "azsdk-net-ResourceManager.Storage/1.0.0-alpha.20210831.1 (.NET Framework 4.8.4300.0; Microsoft Windows 10.0.19043 )",
        "x-ms-client-request-id": "03472f19d6e2f4b75b4015fe14182713",
        "x-ms-return-client-request-id": "true"
      },
      "RequestBody": null,
      "StatusCode": 202,
      "ResponseHeaders": {
        "Cache-Control": "no-cache",
        "Content-Length": "0",
        "Content-Type": "text/plain; charset=utf-8",
        "Date": "Tue, 31 Aug 2021 23:38:19 GMT",
        "Expires": "-1",
        "Location": "https://management.azure.com/subscriptions/db1ab6f0-4769-4b27-930e-01e2ef9c123c/providers/Microsoft.Storage/locations/eastus2/asyncoperations/daa7940e-8f04-4065-9cf4-7326bf141ce7?monitor=true\u0026api-version=2019-06-01",
        "Pragma": "no-cache",
        "Retry-After": "17",
        "Server": "Microsoft-Azure-Storage-Resource-Provider/1.0,Microsoft-HTTPAPI/2.0 Microsoft-HTTPAPI/2.0",
        "Strict-Transport-Security": "max-age=31536000; includeSubDomains",
        "X-Content-Type-Options": "nosniff",
        "x-ms-client-request-id": "03472f19d6e2f4b75b4015fe14182713",
        "x-ms-correlation-request-id": "b8caae52-21b0-46a8-9516-1b0adea76c44",
        "x-ms-ratelimit-remaining-subscription-reads": "11987",
        "x-ms-request-id": "d14a0004-c292-4d2d-89c2-a5462a12a8c3",
        "x-ms-routing-request-id": "WESTUS:20210831T233820Z:b8caae52-21b0-46a8-9516-1b0adea76c44"
      },
      "ResponseBody": []
    },
    {
      "RequestUri": "https://management.azure.com/subscriptions/db1ab6f0-4769-4b27-930e-01e2ef9c123c/providers/Microsoft.Storage/locations/eastus2/asyncoperations/daa7940e-8f04-4065-9cf4-7326bf141ce7?monitor=true\u0026api-version=2019-06-01",
      "RequestMethod": "GET",
      "RequestHeaders": {
        "Authorization": "Sanitized",
        "User-Agent": "azsdk-net-ResourceManager.Storage/1.0.0-alpha.20210831.1 (.NET Framework 4.8.4300.0; Microsoft Windows 10.0.19043 )",
        "x-ms-client-request-id": "d4ebf09856e99fe7f4f2dacd76f2fba8",
        "x-ms-return-client-request-id": "true"
      },
      "RequestBody": null,
      "StatusCode": 202,
      "ResponseHeaders": {
        "Cache-Control": "no-cache",
        "Content-Length": "0",
        "Content-Type": "text/plain; charset=utf-8",
        "Date": "Tue, 31 Aug 2021 23:38:20 GMT",
        "Expires": "-1",
        "Location": "https://management.azure.com/subscriptions/db1ab6f0-4769-4b27-930e-01e2ef9c123c/providers/Microsoft.Storage/locations/eastus2/asyncoperations/daa7940e-8f04-4065-9cf4-7326bf141ce7?monitor=true\u0026api-version=2019-06-01",
        "Pragma": "no-cache",
        "Retry-After": "3",
        "Server": "Microsoft-Azure-Storage-Resource-Provider/1.0,Microsoft-HTTPAPI/2.0 Microsoft-HTTPAPI/2.0",
        "Strict-Transport-Security": "max-age=31536000; includeSubDomains",
        "X-Content-Type-Options": "nosniff",
        "x-ms-client-request-id": "d4ebf09856e99fe7f4f2dacd76f2fba8",
        "x-ms-correlation-request-id": "0e8a8a98-ecff-4d83-9eec-2d5db5fc5841",
        "x-ms-ratelimit-remaining-subscription-reads": "11986",
        "x-ms-request-id": "3b6139b8-53bb-479a-b7f7-6810eb5115ed",
        "x-ms-routing-request-id": "WESTUS:20210831T233821Z:0e8a8a98-ecff-4d83-9eec-2d5db5fc5841"
      },
      "ResponseBody": []
    },
    {
      "RequestUri": "https://management.azure.com/subscriptions/db1ab6f0-4769-4b27-930e-01e2ef9c123c/providers/Microsoft.Storage/locations/eastus2/asyncoperations/daa7940e-8f04-4065-9cf4-7326bf141ce7?monitor=true\u0026api-version=2019-06-01",
      "RequestMethod": "GET",
      "RequestHeaders": {
        "Authorization": "Sanitized",
        "User-Agent": "azsdk-net-ResourceManager.Storage/1.0.0-alpha.20210831.1 (.NET Framework 4.8.4300.0; Microsoft Windows 10.0.19043 )",
        "x-ms-client-request-id": "fb693e6ca72141e5083e2c31760a3d22",
        "x-ms-return-client-request-id": "true"
      },
      "RequestBody": null,
      "StatusCode": 200,
      "ResponseHeaders": {
        "Cache-Control": "no-cache",
        "Content-Length": "1283",
        "Content-Type": "application/json",
        "Date": "Tue, 31 Aug 2021 23:38:21 GMT",
        "Expires": "-1",
        "Pragma": "no-cache",
        "Server": "Microsoft-Azure-Storage-Resource-Provider/1.0,Microsoft-HTTPAPI/2.0 Microsoft-HTTPAPI/2.0",
        "Strict-Transport-Security": "max-age=31536000; includeSubDomains",
        "X-Content-Type-Options": "nosniff",
        "x-ms-client-request-id": "fb693e6ca72141e5083e2c31760a3d22",
        "x-ms-correlation-request-id": "e5e0b19f-22a0-4571-b274-12d2e6d92cc3",
        "x-ms-ratelimit-remaining-subscription-reads": "11985",
        "x-ms-request-id": "dee8bdca-4c72-444a-9d30-0592eaf4b8db",
        "x-ms-routing-request-id": "WESTUS:20210831T233822Z:e5e0b19f-22a0-4571-b274-12d2e6d92cc3"
      },
      "ResponseBody": {
        "sku": {
          "name": "Standard_GRS",
          "tier": "Standard"
        },
        "kind": "StorageV2",
        "id": "/subscriptions/db1ab6f0-4769-4b27-930e-01e2ef9c123c/resourceGroups/res377/providers/Microsoft.Storage/storageAccounts/sto6180",
        "name": "sto6180",
        "type": "Microsoft.Storage/storageAccounts",
        "location": "eastus2",
        "tags": {
          "key1": "value1",
          "key2": "value2"
        },
        "properties": {
          "privateEndpointConnections": [],
          "networkAcls": {
            "bypass": "AzureServices",
            "virtualNetworkRules": [],
            "ipRules": [],
            "defaultAction": "Allow"
          },
          "supportsHttpsTrafficOnly": true,
          "encryption": {
            "services": {
              "file": {
                "keyType": "Account",
                "enabled": true,
                "lastEnabledTime": "2021-08-31T23:38:05.2474211Z"
              },
              "blob": {
                "keyType": "Account",
                "enabled": true,
                "lastEnabledTime": "2021-08-31T23:38:05.2474211Z"
              }
            },
            "keySource": "Microsoft.Storage"
          },
          "accessTier": "Hot",
          "provisioningState": "Succeeded",
          "creationTime": "2021-08-31T23:38:05.1536634Z",
          "primaryEndpoints": {
            "dfs": "https://sto6180.dfs.core.windows.net/",
            "web": "https://sto6180.z20.web.core.windows.net/",
            "blob": "https://sto6180.blob.core.windows.net/",
            "queue": "https://sto6180.queue.core.windows.net/",
            "table": "https://sto6180.table.core.windows.net/",
            "file": "https://sto6180.file.core.windows.net/"
          },
          "primaryLocation": "eastus2",
          "statusOfPrimary": "available",
          "secondaryLocation": "centralus",
          "statusOfSecondary": "available"
        }
      }
    },
    {
      "RequestUri": "https://management.azure.com/subscriptions/db1ab6f0-4769-4b27-930e-01e2ef9c123c/resourceGroups/res377/providers/Microsoft.Storage/storageAccounts/sto6180/blobServices/default/containers/container6485?api-version=2019-06-01",
      "RequestMethod": "PUT",
      "RequestHeaders": {
        "Accept": "application/json",
        "Authorization": "Sanitized",
        "Content-Length": "17",
        "Content-Type": "application/json",
        "traceparent": "00-81048d99362b6642ad104571acba4c10-4fc1d8e5bd3b584e-00",
        "User-Agent": "azsdk-net-ResourceManager.Storage/1.0.0-alpha.20210831.1 (.NET Framework 4.8.4300.0; Microsoft Windows 10.0.19043 )",
        "x-ms-client-request-id": "d69edef5e1dc48c3a70feffbe97e6944",
        "x-ms-return-client-request-id": "true"
      },
      "RequestBody": {
        "properties": {}
      },
      "StatusCode": 201,
      "ResponseHeaders": {
        "Cache-Control": "no-cache",
        "Content-Length": "379",
        "Content-Type": "application/json",
        "Date": "Tue, 31 Aug 2021 23:38:22 GMT",
        "ETag": "\u00220x8D96CD86BEDC985\u0022",
        "Expires": "-1",
        "Pragma": "no-cache",
        "Server": "Microsoft-Azure-Storage-Resource-Provider/1.0,Microsoft-HTTPAPI/2.0 Microsoft-HTTPAPI/2.0",
        "Strict-Transport-Security": "max-age=31536000; includeSubDomains",
        "X-Content-Type-Options": "nosniff",
        "x-ms-client-request-id": "d69edef5e1dc48c3a70feffbe97e6944",
        "x-ms-correlation-request-id": "04782baf-a6e3-4c9d-b485-0618488023cf",
        "x-ms-ratelimit-remaining-subscription-writes": "1198",
        "x-ms-request-id": "e4b29db4-e445-4437-b180-5f1aef047038",
        "x-ms-routing-request-id": "WESTUS:20210831T233822Z:04782baf-a6e3-4c9d-b485-0618488023cf"
      },
      "ResponseBody": {
        "id": "/subscriptions/db1ab6f0-4769-4b27-930e-01e2ef9c123c/resourceGroups/res377/providers/Microsoft.Storage/storageAccounts/sto6180/blobServices/default/containers/container6485",
        "name": "container6485",
        "type": "Microsoft.Storage/storageAccounts/blobServices/containers",
        "properties": {
          "deleted": false,
          "remainingRetentionDays": 0,
          "hasImmutabilityPolicy": false,
          "hasLegalHold": false
        }
      }
    },
    {
      "RequestUri": "https://management.azure.com/subscriptions/db1ab6f0-4769-4b27-930e-01e2ef9c123c/resourceGroups/res377/providers/Microsoft.Storage/storageAccounts/sto6180/blobServices/default/containers/container6485/immutabilityPolicies/default?api-version=2019-06-01",
      "RequestMethod": "PUT",
      "RequestHeaders": {
        "Accept": "application/json",
        "Authorization": "Sanitized",
        "Content-Length": "58",
        "Content-Type": "application/json",
        "traceparent": "00-a65cfdb501b4224d9dfc1b38c9211746-54870db5f6b99f4e-00",
        "User-Agent": "azsdk-net-ResourceManager.Storage/1.0.0-alpha.20210831.1 (.NET Framework 4.8.4300.0; Microsoft Windows 10.0.19043 )",
        "x-ms-client-request-id": "afd5916cf22c0af0a9ccab2ab529eab5",
        "x-ms-return-client-request-id": "true"
      },
      "RequestBody": {
        "properties": {
          "immutabilityPeriodSinceCreationInDays": 3
        }
      },
      "StatusCode": 200,
      "ResponseHeaders": {
        "Cache-Control": "no-cache",
        "Content-Length": "419",
        "Content-Type": "application/json",
        "Date": "Tue, 31 Aug 2021 23:38:22 GMT",
        "ETag": "\u00228d96cd86c1c5a4e\u0022",
        "Expires": "-1",
        "Pragma": "no-cache",
        "Server": "Microsoft-Azure-Storage-Resource-Provider/1.0,Microsoft-HTTPAPI/2.0 Microsoft-HTTPAPI/2.0",
        "Strict-Transport-Security": "max-age=31536000; includeSubDomains",
        "X-Content-Type-Options": "nosniff",
        "x-ms-client-request-id": "afd5916cf22c0af0a9ccab2ab529eab5",
        "x-ms-correlation-request-id": "7ae24156-d850-4ed2-8814-20542fdef7ec",
        "x-ms-ratelimit-remaining-subscription-writes": "1197",
        "x-ms-request-id": "655c0d69-9b53-4129-994e-ba217e2bf7fa",
        "x-ms-routing-request-id": "WESTUS:20210831T233823Z:7ae24156-d850-4ed2-8814-20542fdef7ec"
      },
      "ResponseBody": {
        "id": "/subscriptions/db1ab6f0-4769-4b27-930e-01e2ef9c123c/resourceGroups/res377/providers/Microsoft.Storage/storageAccounts/sto6180/blobServices/default/containers/container6485/immutabilityPolicies/default",
        "name": "default",
        "type": "Microsoft.Storage/storageAccounts/blobServices/containers/immutabilityPolicies",
        "etag": "\u00228d96cd86c1c5a4e\u0022",
        "properties": {
          "immutabilityPeriodSinceCreationInDays": 3,
          "state": "Unlocked"
        }
      }
    },
    {
      "RequestUri": "https://management.azure.com/subscriptions/db1ab6f0-4769-4b27-930e-01e2ef9c123c/resourceGroups/res377/providers/Microsoft.Storage/storageAccounts/sto6180/blobServices/default/containers/container6485/immutabilityPolicies/default/lock?api-version=2019-06-01",
      "RequestMethod": "POST",
      "RequestHeaders": {
        "Accept": "application/json",
        "Authorization": "Sanitized",
        "If-Match": "\u00228d96cd86c1c5a4e\u0022",
        "traceparent": "00-a316a7b764e0b344b3983ef9c569473c-3aeef848e47ca048-00",
        "User-Agent": "azsdk-net-ResourceManager.Storage/1.0.0-alpha.20210831.1 (.NET Framework 4.8.4300.0; Microsoft Windows 10.0.19043 )",
        "x-ms-client-request-id": "1480f9b7d25d5c90a5b27998f5461ebf",
        "x-ms-return-client-request-id": "true"
      },
      "RequestBody": null,
      "StatusCode": 200,
      "ResponseHeaders": {
        "Cache-Control": "no-cache",
        "Content-Length": "417",
        "Content-Type": "application/json",
        "Date": "Tue, 31 Aug 2021 23:38:22 GMT",
        "ETag": "\u00228d96cd86c532fa8\u0022",
        "Expires": "-1",
        "Pragma": "no-cache",
        "Server": "Microsoft-Azure-Storage-Resource-Provider/1.0,Microsoft-HTTPAPI/2.0 Microsoft-HTTPAPI/2.0",
        "Strict-Transport-Security": "max-age=31536000; includeSubDomains",
        "X-Content-Type-Options": "nosniff",
        "x-ms-client-request-id": "1480f9b7d25d5c90a5b27998f5461ebf",
        "x-ms-correlation-request-id": "95f7fea0-1413-4b0d-ab3e-ba5c2dd7e5da",
        "x-ms-ratelimit-remaining-subscription-writes": "1199",
        "x-ms-request-id": "208c7b09-45c8-4880-9119-8a1952b16232",
        "x-ms-routing-request-id": "WESTUS:20210831T233823Z:95f7fea0-1413-4b0d-ab3e-ba5c2dd7e5da"
      },
      "ResponseBody": {
        "id": "/subscriptions/db1ab6f0-4769-4b27-930e-01e2ef9c123c/resourceGroups/res377/providers/Microsoft.Storage/storageAccounts/sto6180/blobServices/default/containers/container6485/immutabilityPolicies/default",
        "name": "default",
        "type": "Microsoft.Storage/storageAccounts/blobServices/containers/immutabilityPolicies",
        "etag": "\u00228d96cd86c532fa8\u0022",
        "properties": {
          "immutabilityPeriodSinceCreationInDays": 3,
          "state": "Locked"
        }
      }
    },
    {
      "RequestUri": "https://management.azure.com/subscriptions/db1ab6f0-4769-4b27-930e-01e2ef9c123c/resourceGroups/res377/providers/Microsoft.Storage/storageAccounts/sto6180/blobServices/default/containers/container6485/immutabilityPolicies/default/extend?api-version=2019-06-01",
      "RequestMethod": "POST",
      "RequestHeaders": {
        "Accept": "application/json",
        "Authorization": "Sanitized",
        "Content-Length": "60",
        "Content-Type": "application/json",
        "If-Match": "\u00228d96cd86c532fa8\u0022",
        "traceparent": "00-563632d1c42eab45a75224c75696ece5-d21b8ce28f98ad41-00",
        "User-Agent": "azsdk-net-ResourceManager.Storage/1.0.0-alpha.20210831.1 (.NET Framework 4.8.4300.0; Microsoft Windows 10.0.19043 )",
        "x-ms-client-request-id": "7809ecc2736703a7ed932c103698937e",
        "x-ms-return-client-request-id": "true"
      },
      "RequestBody": {
        "properties": {
          "immutabilityPeriodSinceCreationInDays": 100
        }
      },
      "StatusCode": 200,
      "ResponseHeaders": {
        "Cache-Control": "no-cache",
        "Content-Length": "419",
        "Content-Type": "application/json",
        "Date": "Tue, 31 Aug 2021 23:38:23 GMT",
        "ETag": "\u00228d96cd86c82e034\u0022",
        "Expires": "-1",
        "Pragma": "no-cache",
        "Server": "Microsoft-Azure-Storage-Resource-Provider/1.0,Microsoft-HTTPAPI/2.0 Microsoft-HTTPAPI/2.0",
        "Strict-Transport-Security": "max-age=31536000; includeSubDomains",
        "X-Content-Type-Options": "nosniff",
        "x-ms-client-request-id": "7809ecc2736703a7ed932c103698937e",
        "x-ms-correlation-request-id": "4853b7d8-32ee-40a1-b6b3-aab9ca6db2b4",
        "x-ms-ratelimit-remaining-subscription-writes": "1198",
        "x-ms-request-id": "c9d27695-60ae-4e2b-9212-826643c9b16f",
        "x-ms-routing-request-id": "WESTUS:20210831T233823Z:4853b7d8-32ee-40a1-b6b3-aab9ca6db2b4"
      },
      "ResponseBody": {
        "id": "/subscriptions/db1ab6f0-4769-4b27-930e-01e2ef9c123c/resourceGroups/res377/providers/Microsoft.Storage/storageAccounts/sto6180/blobServices/default/containers/container6485/immutabilityPolicies/default",
        "name": "default",
        "type": "Microsoft.Storage/storageAccounts/blobServices/containers/immutabilityPolicies",
        "etag": "\u00228d96cd86c82e034\u0022",
        "properties": {
          "immutabilityPeriodSinceCreationInDays": 100,
          "state": "Locked"
        }
      }
    },
    {
      "RequestUri": "https://management.azure.com/subscriptions/db1ab6f0-4769-4b27-930e-01e2ef9c123c/resourceGroups/res377/providers/Microsoft.Storage/storageAccounts/sto6180/blobServices/default/containers/container6485?api-version=2019-06-01",
      "RequestMethod": "DELETE",
      "RequestHeaders": {
        "Authorization": "Sanitized",
        "traceparent": "00-5f079f94b0da7543a42b6f5d830c84ee-d65fd11d74336e45-00",
        "User-Agent": "azsdk-net-ResourceManager.Storage/1.0.0-alpha.20210831.1 (.NET Framework 4.8.4300.0; Microsoft Windows 10.0.19043 )",
        "x-ms-client-request-id": "ef433a2455fe9ae60179097978571563",
        "x-ms-return-client-request-id": "true"
      },
      "RequestBody": null,
      "StatusCode": 200,
      "ResponseHeaders": {
        "Cache-Control": "no-cache",
        "Content-Length": "0",
        "Content-Type": "text/plain; charset=utf-8",
        "Date": "Tue, 31 Aug 2021 23:38:23 GMT",
        "Expires": "-1",
        "Pragma": "no-cache",
        "Server": "Microsoft-Azure-Storage-Resource-Provider/1.0,Microsoft-HTTPAPI/2.0 Microsoft-HTTPAPI/2.0",
        "Strict-Transport-Security": "max-age=31536000; includeSubDomains",
        "X-Content-Type-Options": "nosniff",
        "x-ms-client-request-id": "ef433a2455fe9ae60179097978571563",
        "x-ms-correlation-request-id": "5b8f782c-a5c1-4e4a-8d1a-ad26783aabdd",
        "x-ms-ratelimit-remaining-subscription-deletes": "14999",
        "x-ms-request-id": "6d13330a-b4df-481b-be1a-034fdacc92da",
        "x-ms-routing-request-id": "WESTUS:20210831T233824Z:5b8f782c-a5c1-4e4a-8d1a-ad26783aabdd"
      },
      "ResponseBody": []
    }
  ],
  "Variables": {
    "RandomSeed": "1156803654",
    "SUBSCRIPTION_ID": "db1ab6f0-4769-4b27-930e-01e2ef9c123c"
  }
}