{
  "Entries": [
    {
      "RequestUri": "https://management.azure.com/subscriptions/c9cbd920-c00c-427c-852b-8aaf38badaeb/resourcegroups/res6494?api-version=2019-10-01",
      "RequestMethod": "PUT",
      "RequestHeaders": {
        "Accept": "application/json",
        "Authorization": "Sanitized",
        "Content-Length": "22",
        "Content-Type": "application/json",
        "traceparent": "00-9cbb11dec53bde408760da5527a027f5-55ebc3ae7142ae48-00",
        "User-Agent": [
          "azsdk-net-ResourceManager.Storage.Tests/1.0.0-alpha.20200914.1",
          "(.NET Core 4.6.29130.01; Microsoft Windows 10.0.19041 )"
        ],
        "x-ms-client-request-id": "1b809c9c98bc33cedf400f0ea0828641",
        "x-ms-return-client-request-id": "true"
      },
      "RequestBody": {
        "location": "eastus2"
      },
      "StatusCode": 201,
      "ResponseHeaders": {
        "Cache-Control": "no-cache",
        "Content-Length": "168",
        "Content-Type": "application/json; charset=utf-8",
        "Date": "Mon, 14 Sep 2020 03:01:39 GMT",
        "Expires": "-1",
        "Pragma": "no-cache",
        "Strict-Transport-Security": "max-age=31536000; includeSubDomains",
        "X-Content-Type-Options": "nosniff",
        "x-ms-correlation-request-id": "89ba9681-eea4-4c96-9f4b-98d616b3a107",
        "x-ms-ratelimit-remaining-subscription-writes": "1125",
        "x-ms-request-id": "89ba9681-eea4-4c96-9f4b-98d616b3a107",
        "x-ms-routing-request-id": "SOUTHEASTASIA:20200914T030139Z:89ba9681-eea4-4c96-9f4b-98d616b3a107"
      },
      "ResponseBody": {
        "id": "/subscriptions/c9cbd920-c00c-427c-852b-8aaf38badaeb/resourceGroups/res6494",
        "name": "res6494",
        "location": "eastus2",
        "properties": {
          "provisioningState": "Succeeded"
        }
      }
    },
    {
      "RequestUri": "https://management.azure.com/subscriptions/c9cbd920-c00c-427c-852b-8aaf38badaeb/resourceGroups/res6494/providers/Microsoft.Storage/storageAccounts/sto4107?api-version=2019-06-01",
      "RequestMethod": "PUT",
      "RequestHeaders": {
        "Accept": "application/json",
        "Authorization": "Sanitized",
        "Content-Length": "126",
        "Content-Type": "application/json",
        "traceparent": "00-cb35e3fa3af43040b69e3467aa24878c-ca7103c6ca44714a-00",
        "User-Agent": [
          "azsdk-net-ResourceManager.Storage/1.0.0-alpha.20200914.1",
          "(.NET Core 4.6.29130.01; Microsoft Windows 10.0.19041 )"
        ],
        "x-ms-client-request-id": "e69e1bba645986313ce1f6472e411d84",
        "x-ms-return-client-request-id": "true"
      },
      "RequestBody": {
        "sku": {
          "name": "Standard_GRS"
        },
        "kind": "Storage",
        "location": "eastus2",
        "tags": {
          "key1": "value1",
          "key2": "value2"
        },
        "properties": {}
      },
      "StatusCode": 202,
      "ResponseHeaders": {
        "Cache-Control": "no-cache",
        "Content-Length": "0",
        "Content-Type": "text/plain; charset=utf-8",
        "Date": "Mon, 14 Sep 2020 03:01:41 GMT",
        "Expires": "-1",
        "Location": "https://management.azure.com/subscriptions/c9cbd920-c00c-427c-852b-8aaf38badaeb/providers/Microsoft.Storage/locations/eastus2/asyncoperations/6898203c-fd82-4e03-9530-bf76350e289f?monitor=true\u0026api-version=2019-06-01",
        "Pragma": "no-cache",
        "Retry-After": "17",
        "Server": "Microsoft-Azure-Storage-Resource-Provider/1.0,Microsoft-HTTPAPI/2.0 Microsoft-HTTPAPI/2.0",
        "Strict-Transport-Security": "max-age=31536000; includeSubDomains",
        "X-Content-Type-Options": "nosniff",
        "x-ms-client-request-id": "e69e1bba645986313ce1f6472e411d84",
        "x-ms-correlation-request-id": "8a9ce5d2-4a3d-4561-a9c7-25f02c539a88",
        "x-ms-ratelimit-remaining-subscription-writes": "1124",
        "x-ms-request-id": "6898203c-fd82-4e03-9530-bf76350e289f",
        "x-ms-routing-request-id": "SOUTHEASTASIA:20200914T030142Z:8a9ce5d2-4a3d-4561-a9c7-25f02c539a88"
      },
      "ResponseBody": []
    },
    {
      "RequestUri": "https://management.azure.com/subscriptions/c9cbd920-c00c-427c-852b-8aaf38badaeb/providers/Microsoft.Storage/locations/eastus2/asyncoperations/6898203c-fd82-4e03-9530-bf76350e289f?monitor=true\u0026api-version=2019-06-01",
      "RequestMethod": "GET",
      "RequestHeaders": {
        "Authorization": "Sanitized",
        "User-Agent": [
          "azsdk-net-ResourceManager.Storage/1.0.0-alpha.20200914.1",
          "(.NET Core 4.6.29130.01; Microsoft Windows 10.0.19041 )"
        ],
        "x-ms-client-request-id": "5ffd9ef1234b37424e957fb7d8ecb1ff",
        "x-ms-return-client-request-id": "true"
      },
      "RequestBody": null,
      "StatusCode": 202,
      "ResponseHeaders": {
        "Cache-Control": "no-cache",
        "Content-Length": "0",
        "Content-Type": "text/plain; charset=utf-8",
        "Date": "Mon, 14 Sep 2020 03:01:42 GMT",
        "Expires": "-1",
        "Location": "https://management.azure.com/subscriptions/c9cbd920-c00c-427c-852b-8aaf38badaeb/providers/Microsoft.Storage/locations/eastus2/asyncoperations/6898203c-fd82-4e03-9530-bf76350e289f?monitor=true\u0026api-version=2019-06-01",
        "Pragma": "no-cache",
        "Retry-After": "17",
        "Server": "Microsoft-Azure-Storage-Resource-Provider/1.0,Microsoft-HTTPAPI/2.0 Microsoft-HTTPAPI/2.0",
        "Strict-Transport-Security": "max-age=31536000; includeSubDomains",
        "X-Content-Type-Options": "nosniff",
        "x-ms-client-request-id": "5ffd9ef1234b37424e957fb7d8ecb1ff",
        "x-ms-correlation-request-id": "5c1b2f3f-f364-4628-885f-579205f79c76",
        "x-ms-ratelimit-remaining-subscription-reads": "11740",
        "x-ms-request-id": "2823847b-3d6a-4d84-acb4-1df6acb86fe1",
        "x-ms-routing-request-id": "SOUTHEASTASIA:20200914T030142Z:5c1b2f3f-f364-4628-885f-579205f79c76"
      },
      "ResponseBody": []
    },
    {
      "RequestUri": "https://management.azure.com/subscriptions/c9cbd920-c00c-427c-852b-8aaf38badaeb/providers/Microsoft.Storage/locations/eastus2/asyncoperations/6898203c-fd82-4e03-9530-bf76350e289f?monitor=true\u0026api-version=2019-06-01",
      "RequestMethod": "GET",
      "RequestHeaders": {
        "Authorization": "Sanitized",
        "User-Agent": [
          "azsdk-net-ResourceManager.Storage/1.0.0-alpha.20200914.1",
          "(.NET Core 4.6.29130.01; Microsoft Windows 10.0.19041 )"
        ],
        "x-ms-client-request-id": "a07089f10825bb3be8085e32ca52aea1",
        "x-ms-return-client-request-id": "true"
      },
      "RequestBody": null,
      "StatusCode": 202,
      "ResponseHeaders": {
        "Cache-Control": "no-cache",
        "Content-Length": "0",
        "Content-Type": "text/plain; charset=utf-8",
        "Date": "Mon, 14 Sep 2020 03:01:43 GMT",
        "Expires": "-1",
        "Location": "https://management.azure.com/subscriptions/c9cbd920-c00c-427c-852b-8aaf38badaeb/providers/Microsoft.Storage/locations/eastus2/asyncoperations/6898203c-fd82-4e03-9530-bf76350e289f?monitor=true\u0026api-version=2019-06-01",
        "Pragma": "no-cache",
        "Retry-After": "17",
        "Server": "Microsoft-Azure-Storage-Resource-Provider/1.0,Microsoft-HTTPAPI/2.0 Microsoft-HTTPAPI/2.0",
        "Strict-Transport-Security": "max-age=31536000; includeSubDomains",
        "X-Content-Type-Options": "nosniff",
        "x-ms-client-request-id": "a07089f10825bb3be8085e32ca52aea1",
        "x-ms-correlation-request-id": "cea425ca-7701-4658-9413-82cdc9e4dd57",
        "x-ms-ratelimit-remaining-subscription-reads": "11739",
        "x-ms-request-id": "37f23763-dd28-4b8d-97ee-741a8887ebac",
        "x-ms-routing-request-id": "SOUTHEASTASIA:20200914T030143Z:cea425ca-7701-4658-9413-82cdc9e4dd57"
      },
      "ResponseBody": []
    },
    {
      "RequestUri": "https://management.azure.com/subscriptions/c9cbd920-c00c-427c-852b-8aaf38badaeb/providers/Microsoft.Storage/locations/eastus2/asyncoperations/6898203c-fd82-4e03-9530-bf76350e289f?monitor=true\u0026api-version=2019-06-01",
      "RequestMethod": "GET",
      "RequestHeaders": {
        "Authorization": "Sanitized",
        "User-Agent": [
          "azsdk-net-ResourceManager.Storage/1.0.0-alpha.20200914.1",
          "(.NET Core 4.6.29130.01; Microsoft Windows 10.0.19041 )"
        ],
        "x-ms-client-request-id": "8f55cf15be440c399f28ea747f7bbe9b",
        "x-ms-return-client-request-id": "true"
      },
      "RequestBody": null,
      "StatusCode": 202,
      "ResponseHeaders": {
        "Cache-Control": "no-cache",
        "Content-Length": "0",
        "Content-Type": "text/plain; charset=utf-8",
        "Date": "Mon, 14 Sep 2020 03:01:44 GMT",
        "Expires": "-1",
        "Location": "https://management.azure.com/subscriptions/c9cbd920-c00c-427c-852b-8aaf38badaeb/providers/Microsoft.Storage/locations/eastus2/asyncoperations/6898203c-fd82-4e03-9530-bf76350e289f?monitor=true\u0026api-version=2019-06-01",
        "Pragma": "no-cache",
        "Retry-After": "17",
        "Server": "Microsoft-Azure-Storage-Resource-Provider/1.0,Microsoft-HTTPAPI/2.0 Microsoft-HTTPAPI/2.0",
        "Strict-Transport-Security": "max-age=31536000; includeSubDomains",
        "X-Content-Type-Options": "nosniff",
        "x-ms-client-request-id": "8f55cf15be440c399f28ea747f7bbe9b",
        "x-ms-correlation-request-id": "ce73940b-2783-4f8a-8cf9-0c97f85116af",
        "x-ms-ratelimit-remaining-subscription-reads": "11738",
        "x-ms-request-id": "0669606e-fed1-43c9-9ab7-d18974f1bc7a",
        "x-ms-routing-request-id": "SOUTHEASTASIA:20200914T030145Z:ce73940b-2783-4f8a-8cf9-0c97f85116af"
      },
      "ResponseBody": []
    },
    {
      "RequestUri": "https://management.azure.com/subscriptions/c9cbd920-c00c-427c-852b-8aaf38badaeb/providers/Microsoft.Storage/locations/eastus2/asyncoperations/6898203c-fd82-4e03-9530-bf76350e289f?monitor=true\u0026api-version=2019-06-01",
      "RequestMethod": "GET",
      "RequestHeaders": {
        "Authorization": "Sanitized",
        "User-Agent": [
          "azsdk-net-ResourceManager.Storage/1.0.0-alpha.20200914.1",
          "(.NET Core 4.6.29130.01; Microsoft Windows 10.0.19041 )"
        ],
        "x-ms-client-request-id": "4ded9b752b2ae90163417742c50f6dfc",
        "x-ms-return-client-request-id": "true"
      },
      "RequestBody": null,
      "StatusCode": 202,
      "ResponseHeaders": {
        "Cache-Control": "no-cache",
        "Content-Length": "0",
        "Content-Type": "text/plain; charset=utf-8",
        "Date": "Mon, 14 Sep 2020 03:01:46 GMT",
        "Expires": "-1",
        "Location": "https://management.azure.com/subscriptions/c9cbd920-c00c-427c-852b-8aaf38badaeb/providers/Microsoft.Storage/locations/eastus2/asyncoperations/6898203c-fd82-4e03-9530-bf76350e289f?monitor=true\u0026api-version=2019-06-01",
        "Pragma": "no-cache",
        "Retry-After": "17",
        "Server": "Microsoft-Azure-Storage-Resource-Provider/1.0,Microsoft-HTTPAPI/2.0 Microsoft-HTTPAPI/2.0",
        "Strict-Transport-Security": "max-age=31536000; includeSubDomains",
        "X-Content-Type-Options": "nosniff",
        "x-ms-client-request-id": "4ded9b752b2ae90163417742c50f6dfc",
        "x-ms-correlation-request-id": "88a5435a-f86b-474e-aae2-ae523ef16e0d",
        "x-ms-ratelimit-remaining-subscription-reads": "11737",
        "x-ms-request-id": "1b6d3cd4-6ea1-43be-aa7e-aabd8ba57968",
        "x-ms-routing-request-id": "SOUTHEASTASIA:20200914T030146Z:88a5435a-f86b-474e-aae2-ae523ef16e0d"
      },
      "ResponseBody": []
    },
    {
      "RequestUri": "https://management.azure.com/subscriptions/c9cbd920-c00c-427c-852b-8aaf38badaeb/providers/Microsoft.Storage/locations/eastus2/asyncoperations/6898203c-fd82-4e03-9530-bf76350e289f?monitor=true\u0026api-version=2019-06-01",
      "RequestMethod": "GET",
      "RequestHeaders": {
        "Authorization": "Sanitized",
        "User-Agent": [
          "azsdk-net-ResourceManager.Storage/1.0.0-alpha.20200914.1",
          "(.NET Core 4.6.29130.01; Microsoft Windows 10.0.19041 )"
        ],
        "x-ms-client-request-id": "08a1dde6219633ba4f6401fc1ec73c6d",
        "x-ms-return-client-request-id": "true"
      },
      "RequestBody": null,
      "StatusCode": 202,
      "ResponseHeaders": {
        "Cache-Control": "no-cache",
        "Content-Length": "0",
        "Content-Type": "text/plain; charset=utf-8",
        "Date": "Mon, 14 Sep 2020 03:01:47 GMT",
        "Expires": "-1",
        "Location": "https://management.azure.com/subscriptions/c9cbd920-c00c-427c-852b-8aaf38badaeb/providers/Microsoft.Storage/locations/eastus2/asyncoperations/6898203c-fd82-4e03-9530-bf76350e289f?monitor=true\u0026api-version=2019-06-01",
        "Pragma": "no-cache",
        "Retry-After": "17",
        "Server": "Microsoft-Azure-Storage-Resource-Provider/1.0,Microsoft-HTTPAPI/2.0 Microsoft-HTTPAPI/2.0",
        "Strict-Transport-Security": "max-age=31536000; includeSubDomains",
        "X-Content-Type-Options": "nosniff",
        "x-ms-client-request-id": "08a1dde6219633ba4f6401fc1ec73c6d",
        "x-ms-correlation-request-id": "d2488c58-be55-4960-a9c7-f560d23beff7",
        "x-ms-ratelimit-remaining-subscription-reads": "11736",
        "x-ms-request-id": "e6855dff-55b5-42be-8932-3384c733904c",
        "x-ms-routing-request-id": "SOUTHEASTASIA:20200914T030147Z:d2488c58-be55-4960-a9c7-f560d23beff7"
      },
      "ResponseBody": []
    },
    {
      "RequestUri": "https://management.azure.com/subscriptions/c9cbd920-c00c-427c-852b-8aaf38badaeb/providers/Microsoft.Storage/locations/eastus2/asyncoperations/6898203c-fd82-4e03-9530-bf76350e289f?monitor=true\u0026api-version=2019-06-01",
      "RequestMethod": "GET",
      "RequestHeaders": {
        "Authorization": "Sanitized",
        "User-Agent": [
          "azsdk-net-ResourceManager.Storage/1.0.0-alpha.20200914.1",
          "(.NET Core 4.6.29130.01; Microsoft Windows 10.0.19041 )"
        ],
        "x-ms-client-request-id": "2ebdc2496065e977ce6b2b0246f6468f",
        "x-ms-return-client-request-id": "true"
      },
      "RequestBody": null,
      "StatusCode": 202,
      "ResponseHeaders": {
        "Cache-Control": "no-cache",
        "Content-Length": "0",
        "Content-Type": "text/plain; charset=utf-8",
        "Date": "Mon, 14 Sep 2020 03:01:48 GMT",
        "Expires": "-1",
        "Location": "https://management.azure.com/subscriptions/c9cbd920-c00c-427c-852b-8aaf38badaeb/providers/Microsoft.Storage/locations/eastus2/asyncoperations/6898203c-fd82-4e03-9530-bf76350e289f?monitor=true\u0026api-version=2019-06-01",
        "Pragma": "no-cache",
        "Retry-After": "17",
        "Server": "Microsoft-Azure-Storage-Resource-Provider/1.0,Microsoft-HTTPAPI/2.0 Microsoft-HTTPAPI/2.0",
        "Strict-Transport-Security": "max-age=31536000; includeSubDomains",
        "X-Content-Type-Options": "nosniff",
        "x-ms-client-request-id": "2ebdc2496065e977ce6b2b0246f6468f",
        "x-ms-correlation-request-id": "3a31ff92-62a3-4bdd-a801-b278fe7b37d5",
        "x-ms-ratelimit-remaining-subscription-reads": "11735",
        "x-ms-request-id": "f04e9ce8-6c59-4df5-8eea-9da2b4235f89",
        "x-ms-routing-request-id": "SOUTHEASTASIA:20200914T030149Z:3a31ff92-62a3-4bdd-a801-b278fe7b37d5"
      },
      "ResponseBody": []
    },
    {
      "RequestUri": "https://management.azure.com/subscriptions/c9cbd920-c00c-427c-852b-8aaf38badaeb/providers/Microsoft.Storage/locations/eastus2/asyncoperations/6898203c-fd82-4e03-9530-bf76350e289f?monitor=true\u0026api-version=2019-06-01",
      "RequestMethod": "GET",
      "RequestHeaders": {
        "Authorization": "Sanitized",
        "User-Agent": [
          "azsdk-net-ResourceManager.Storage/1.0.0-alpha.20200914.1",
          "(.NET Core 4.6.29130.01; Microsoft Windows 10.0.19041 )"
        ],
        "x-ms-client-request-id": "a18dedbbb5d95305e0b9fec52904cb9c",
        "x-ms-return-client-request-id": "true"
      },
      "RequestBody": null,
      "StatusCode": 202,
      "ResponseHeaders": {
        "Cache-Control": "no-cache",
        "Content-Length": "0",
        "Content-Type": "text/plain; charset=utf-8",
        "Date": "Mon, 14 Sep 2020 03:01:50 GMT",
        "Expires": "-1",
        "Location": "https://management.azure.com/subscriptions/c9cbd920-c00c-427c-852b-8aaf38badaeb/providers/Microsoft.Storage/locations/eastus2/asyncoperations/6898203c-fd82-4e03-9530-bf76350e289f?monitor=true\u0026api-version=2019-06-01",
        "Pragma": "no-cache",
        "Retry-After": "17",
        "Server": "Microsoft-Azure-Storage-Resource-Provider/1.0,Microsoft-HTTPAPI/2.0 Microsoft-HTTPAPI/2.0",
        "Strict-Transport-Security": "max-age=31536000; includeSubDomains",
        "X-Content-Type-Options": "nosniff",
        "x-ms-client-request-id": "a18dedbbb5d95305e0b9fec52904cb9c",
        "x-ms-correlation-request-id": "d2bcb4ca-6fe3-49c4-9e84-9ff77beeba09",
        "x-ms-ratelimit-remaining-subscription-reads": "11734",
        "x-ms-request-id": "65130d63-f054-4e10-907c-5a2fb8239d21",
        "x-ms-routing-request-id": "SOUTHEASTASIA:20200914T030150Z:d2bcb4ca-6fe3-49c4-9e84-9ff77beeba09"
      },
      "ResponseBody": []
    },
    {
      "RequestUri": "https://management.azure.com/subscriptions/c9cbd920-c00c-427c-852b-8aaf38badaeb/providers/Microsoft.Storage/locations/eastus2/asyncoperations/6898203c-fd82-4e03-9530-bf76350e289f?monitor=true\u0026api-version=2019-06-01",
      "RequestMethod": "GET",
      "RequestHeaders": {
        "Authorization": "Sanitized",
        "User-Agent": [
          "azsdk-net-ResourceManager.Storage/1.0.0-alpha.20200914.1",
          "(.NET Core 4.6.29130.01; Microsoft Windows 10.0.19041 )"
        ],
        "x-ms-client-request-id": "02f909053e52859766b73a2bf6b8ec59",
        "x-ms-return-client-request-id": "true"
      },
      "RequestBody": null,
      "StatusCode": 202,
      "ResponseHeaders": {
        "Cache-Control": "no-cache",
        "Content-Length": "0",
        "Content-Type": "text/plain; charset=utf-8",
        "Date": "Mon, 14 Sep 2020 03:01:51 GMT",
        "Expires": "-1",
        "Location": "https://management.azure.com/subscriptions/c9cbd920-c00c-427c-852b-8aaf38badaeb/providers/Microsoft.Storage/locations/eastus2/asyncoperations/6898203c-fd82-4e03-9530-bf76350e289f?monitor=true\u0026api-version=2019-06-01",
        "Pragma": "no-cache",
        "Retry-After": "17",
        "Server": "Microsoft-Azure-Storage-Resource-Provider/1.0,Microsoft-HTTPAPI/2.0 Microsoft-HTTPAPI/2.0",
        "Strict-Transport-Security": "max-age=31536000; includeSubDomains",
        "X-Content-Type-Options": "nosniff",
        "x-ms-client-request-id": "02f909053e52859766b73a2bf6b8ec59",
        "x-ms-correlation-request-id": "28203e4e-cadf-46fd-862d-3645cd3f1f05",
        "x-ms-ratelimit-remaining-subscription-reads": "11733",
        "x-ms-request-id": "de67ff61-b982-44a8-9508-22c3bbfecc67",
        "x-ms-routing-request-id": "SOUTHEASTASIA:20200914T030151Z:28203e4e-cadf-46fd-862d-3645cd3f1f05"
      },
      "ResponseBody": []
    },
    {
      "RequestUri": "https://management.azure.com/subscriptions/c9cbd920-c00c-427c-852b-8aaf38badaeb/providers/Microsoft.Storage/locations/eastus2/asyncoperations/6898203c-fd82-4e03-9530-bf76350e289f?monitor=true\u0026api-version=2019-06-01",
      "RequestMethod": "GET",
      "RequestHeaders": {
        "Authorization": "Sanitized",
        "User-Agent": [
          "azsdk-net-ResourceManager.Storage/1.0.0-alpha.20200914.1",
          "(.NET Core 4.6.29130.01; Microsoft Windows 10.0.19041 )"
        ],
        "x-ms-client-request-id": "3041721d9a399493bd694eab62b1c0c9",
        "x-ms-return-client-request-id": "true"
      },
      "RequestBody": null,
      "StatusCode": 202,
      "ResponseHeaders": {
        "Cache-Control": "no-cache",
        "Content-Length": "0",
        "Content-Type": "text/plain; charset=utf-8",
        "Date": "Mon, 14 Sep 2020 03:01:52 GMT",
        "Expires": "-1",
        "Location": "https://management.azure.com/subscriptions/c9cbd920-c00c-427c-852b-8aaf38badaeb/providers/Microsoft.Storage/locations/eastus2/asyncoperations/6898203c-fd82-4e03-9530-bf76350e289f?monitor=true\u0026api-version=2019-06-01",
        "Pragma": "no-cache",
        "Retry-After": "17",
        "Server": "Microsoft-Azure-Storage-Resource-Provider/1.0,Microsoft-HTTPAPI/2.0 Microsoft-HTTPAPI/2.0",
        "Strict-Transport-Security": "max-age=31536000; includeSubDomains",
        "X-Content-Type-Options": "nosniff",
        "x-ms-client-request-id": "3041721d9a399493bd694eab62b1c0c9",
        "x-ms-correlation-request-id": "e89c710f-1a02-463d-9273-8b99c9a690ef",
        "x-ms-ratelimit-remaining-subscription-reads": "11732",
        "x-ms-request-id": "d6782dd4-ec3a-4e97-9533-b3162880629c",
        "x-ms-routing-request-id": "SOUTHEASTASIA:20200914T030153Z:e89c710f-1a02-463d-9273-8b99c9a690ef"
      },
      "ResponseBody": []
    },
    {
      "RequestUri": "https://management.azure.com/subscriptions/c9cbd920-c00c-427c-852b-8aaf38badaeb/providers/Microsoft.Storage/locations/eastus2/asyncoperations/6898203c-fd82-4e03-9530-bf76350e289f?monitor=true\u0026api-version=2019-06-01",
      "RequestMethod": "GET",
      "RequestHeaders": {
        "Authorization": "Sanitized",
        "User-Agent": [
          "azsdk-net-ResourceManager.Storage/1.0.0-alpha.20200914.1",
          "(.NET Core 4.6.29130.01; Microsoft Windows 10.0.19041 )"
        ],
        "x-ms-client-request-id": "3cfd8ea044fd7c3d56083b217ada5c27",
        "x-ms-return-client-request-id": "true"
      },
      "RequestBody": null,
      "StatusCode": 202,
      "ResponseHeaders": {
        "Cache-Control": "no-cache",
        "Content-Length": "0",
        "Content-Type": "text/plain; charset=utf-8",
        "Date": "Mon, 14 Sep 2020 03:01:53 GMT",
        "Expires": "-1",
        "Location": "https://management.azure.com/subscriptions/c9cbd920-c00c-427c-852b-8aaf38badaeb/providers/Microsoft.Storage/locations/eastus2/asyncoperations/6898203c-fd82-4e03-9530-bf76350e289f?monitor=true\u0026api-version=2019-06-01",
        "Pragma": "no-cache",
        "Retry-After": "17",
        "Server": "Microsoft-Azure-Storage-Resource-Provider/1.0,Microsoft-HTTPAPI/2.0 Microsoft-HTTPAPI/2.0",
        "Strict-Transport-Security": "max-age=31536000; includeSubDomains",
        "X-Content-Type-Options": "nosniff",
        "x-ms-client-request-id": "3cfd8ea044fd7c3d56083b217ada5c27",
        "x-ms-correlation-request-id": "326ac748-7cfe-4b39-ba36-0d785be97697",
        "x-ms-ratelimit-remaining-subscription-reads": "11731",
        "x-ms-request-id": "81a253d1-9630-48ec-a8c9-ad97d747865b",
        "x-ms-routing-request-id": "SOUTHEASTASIA:20200914T030154Z:326ac748-7cfe-4b39-ba36-0d785be97697"
      },
      "ResponseBody": []
    },
    {
      "RequestUri": "https://management.azure.com/subscriptions/c9cbd920-c00c-427c-852b-8aaf38badaeb/providers/Microsoft.Storage/locations/eastus2/asyncoperations/6898203c-fd82-4e03-9530-bf76350e289f?monitor=true\u0026api-version=2019-06-01",
      "RequestMethod": "GET",
      "RequestHeaders": {
        "Authorization": "Sanitized",
        "User-Agent": [
          "azsdk-net-ResourceManager.Storage/1.0.0-alpha.20200914.1",
          "(.NET Core 4.6.29130.01; Microsoft Windows 10.0.19041 )"
        ],
        "x-ms-client-request-id": "b7a8a4cc9ac26a63766445e8f0eb22b4",
        "x-ms-return-client-request-id": "true"
      },
      "RequestBody": null,
      "StatusCode": 202,
      "ResponseHeaders": {
        "Cache-Control": "no-cache",
        "Content-Length": "0",
        "Content-Type": "text/plain; charset=utf-8",
        "Date": "Mon, 14 Sep 2020 03:01:55 GMT",
        "Expires": "-1",
        "Location": "https://management.azure.com/subscriptions/c9cbd920-c00c-427c-852b-8aaf38badaeb/providers/Microsoft.Storage/locations/eastus2/asyncoperations/6898203c-fd82-4e03-9530-bf76350e289f?monitor=true\u0026api-version=2019-06-01",
        "Pragma": "no-cache",
        "Retry-After": "17",
        "Server": "Microsoft-Azure-Storage-Resource-Provider/1.0,Microsoft-HTTPAPI/2.0 Microsoft-HTTPAPI/2.0",
        "Strict-Transport-Security": "max-age=31536000; includeSubDomains",
        "X-Content-Type-Options": "nosniff",
        "x-ms-client-request-id": "b7a8a4cc9ac26a63766445e8f0eb22b4",
        "x-ms-correlation-request-id": "e9f8e6ed-489c-469a-bd55-732a358beefe",
        "x-ms-ratelimit-remaining-subscription-reads": "11730",
        "x-ms-request-id": "d5eb8e86-208c-4792-abe5-e567c190c5dd",
        "x-ms-routing-request-id": "SOUTHEASTASIA:20200914T030155Z:e9f8e6ed-489c-469a-bd55-732a358beefe"
      },
      "ResponseBody": []
    },
    {
      "RequestUri": "https://management.azure.com/subscriptions/c9cbd920-c00c-427c-852b-8aaf38badaeb/providers/Microsoft.Storage/locations/eastus2/asyncoperations/6898203c-fd82-4e03-9530-bf76350e289f?monitor=true\u0026api-version=2019-06-01",
      "RequestMethod": "GET",
      "RequestHeaders": {
        "Authorization": "Sanitized",
        "User-Agent": [
          "azsdk-net-ResourceManager.Storage/1.0.0-alpha.20200914.1",
          "(.NET Core 4.6.29130.01; Microsoft Windows 10.0.19041 )"
        ],
        "x-ms-client-request-id": "678a70f7afbbd95b35c4da315f7119e3",
        "x-ms-return-client-request-id": "true"
      },
      "RequestBody": null,
      "StatusCode": 202,
      "ResponseHeaders": {
        "Cache-Control": "no-cache",
        "Content-Length": "0",
        "Content-Type": "text/plain; charset=utf-8",
        "Date": "Mon, 14 Sep 2020 03:01:56 GMT",
        "Expires": "-1",
        "Location": "https://management.azure.com/subscriptions/c9cbd920-c00c-427c-852b-8aaf38badaeb/providers/Microsoft.Storage/locations/eastus2/asyncoperations/6898203c-fd82-4e03-9530-bf76350e289f?monitor=true\u0026api-version=2019-06-01",
        "Pragma": "no-cache",
        "Retry-After": "17",
        "Server": "Microsoft-Azure-Storage-Resource-Provider/1.0,Microsoft-HTTPAPI/2.0 Microsoft-HTTPAPI/2.0",
        "Strict-Transport-Security": "max-age=31536000; includeSubDomains",
        "X-Content-Type-Options": "nosniff",
        "x-ms-client-request-id": "678a70f7afbbd95b35c4da315f7119e3",
        "x-ms-correlation-request-id": "598a45f1-86fc-455b-9901-dbcf032a58dc",
        "x-ms-ratelimit-remaining-subscription-reads": "11729",
        "x-ms-request-id": "576a7805-1fa2-492b-bed3-bf277a44fbfc",
        "x-ms-routing-request-id": "SOUTHEASTASIA:20200914T030157Z:598a45f1-86fc-455b-9901-dbcf032a58dc"
      },
      "ResponseBody": []
    },
    {
      "RequestUri": "https://management.azure.com/subscriptions/c9cbd920-c00c-427c-852b-8aaf38badaeb/providers/Microsoft.Storage/locations/eastus2/asyncoperations/6898203c-fd82-4e03-9530-bf76350e289f?monitor=true\u0026api-version=2019-06-01",
      "RequestMethod": "GET",
      "RequestHeaders": {
        "Authorization": "Sanitized",
        "User-Agent": [
          "azsdk-net-ResourceManager.Storage/1.0.0-alpha.20200914.1",
          "(.NET Core 4.6.29130.01; Microsoft Windows 10.0.19041 )"
        ],
        "x-ms-client-request-id": "bede260c090905072b92c698fe548c6a",
        "x-ms-return-client-request-id": "true"
      },
      "RequestBody": null,
      "StatusCode": 200,
      "ResponseHeaders": {
        "Cache-Control": "no-cache",
        "Content-Length": "1167",
        "Content-Type": "application/json",
        "Date": "Mon, 14 Sep 2020 03:01:58 GMT",
        "Expires": "-1",
        "Pragma": "no-cache",
        "Server": "Microsoft-Azure-Storage-Resource-Provider/1.0,Microsoft-HTTPAPI/2.0 Microsoft-HTTPAPI/2.0",
        "Strict-Transport-Security": "max-age=31536000; includeSubDomains",
        "X-Content-Type-Options": "nosniff",
        "x-ms-client-request-id": "bede260c090905072b92c698fe548c6a",
        "x-ms-correlation-request-id": "c95116a4-7d02-4dfd-b9f7-759dd84d2382",
        "x-ms-ratelimit-remaining-subscription-reads": "11728",
        "x-ms-request-id": "ac889ddd-67a9-49a8-8753-2fc3f579407a",
        "x-ms-routing-request-id": "SOUTHEASTASIA:20200914T030158Z:c95116a4-7d02-4dfd-b9f7-759dd84d2382"
      },
      "ResponseBody": {
        "sku": {
          "name": "Standard_GRS",
          "tier": "Standard"
        },
        "kind": "Storage",
        "id": "/subscriptions/c9cbd920-c00c-427c-852b-8aaf38badaeb/resourceGroups/res6494/providers/Microsoft.Storage/storageAccounts/sto4107",
        "name": "sto4107",
        "type": "Microsoft.Storage/storageAccounts",
        "location": "eastus2",
        "tags": {
          "key1": "value1",
          "key2": "value2"
        },
        "properties": {
          "privateEndpointConnections": [],
          "networkAcls": {
            "bypass": "AzureServices",
            "virtualNetworkRules": [],
            "ipRules": [],
            "defaultAction": "Allow"
          },
          "supportsHttpsTrafficOnly": true,
          "encryption": {
            "services": {
              "file": {
                "keyType": "Account",
                "enabled": true,
                "lastEnabledTime": "2020-09-14T03:01:41.7949032Z"
              },
              "blob": {
                "keyType": "Account",
                "enabled": true,
                "lastEnabledTime": "2020-09-14T03:01:41.7949032Z"
              }
            },
            "keySource": "Microsoft.Storage"
          },
          "provisioningState": "Succeeded",
          "creationTime": "2020-09-14T03:01:41.7168041Z",
          "primaryEndpoints": {
            "blob": "https://sto4107.blob.core.windows.net/",
            "queue": "https://sto4107.queue.core.windows.net/",
            "table": "https://sto4107.table.core.windows.net/",
            "file": "https://sto4107.file.core.windows.net/"
          },
          "primaryLocation": "eastus2",
          "statusOfPrimary": "available",
          "secondaryLocation": "centralus",
          "statusOfSecondary": "available"
        }
      }
    },
    {
      "RequestUri": "https://management.azure.com/subscriptions/c9cbd920-c00c-427c-852b-8aaf38badaeb/resourceGroups/res6494/providers/Microsoft.Storage/storageAccounts/sto4107/encryptionScopes/testscope1?api-version=2019-06-01",
      "RequestMethod": "PUT",
      "RequestHeaders": {
        "Accept": "application/json",
        "Authorization": "Sanitized",
        "Content-Length": "64",
        "Content-Type": "application/json",
        "traceparent": "00-62b11884f410814aa9864a0a43dcd966-6879783d2f1c5c41-00",
        "User-Agent": [
          "azsdk-net-ResourceManager.Storage/1.0.0-alpha.20200914.1",
          "(.NET Core 4.6.29130.01; Microsoft Windows 10.0.19041 )"
        ],
        "x-ms-client-request-id": "0a2a87e5f54f1c6c48ce81fec0310a05",
        "x-ms-return-client-request-id": "true"
      },
      "RequestBody": {
        "properties": {
          "source": "Microsoft.Storage",
          "state": "Disabled"
        }
      },
      "StatusCode": 201,
      "ResponseHeaders": {
        "Cache-Control": "no-cache",
        "Content-Length": "426",
        "Content-Type": "application/json",
        "Date": "Mon, 14 Sep 2020 03:01:58 GMT",
        "Expires": "-1",
        "Pragma": "no-cache",
        "Server": "Microsoft-Azure-Storage-Resource-Provider/1.0,Microsoft-HTTPAPI/2.0 Microsoft-HTTPAPI/2.0",
        "Strict-Transport-Security": "max-age=31536000; includeSubDomains",
        "X-Content-Type-Options": "nosniff",
        "x-ms-client-request-id": "0a2a87e5f54f1c6c48ce81fec0310a05",
        "x-ms-correlation-request-id": "e254679f-2383-430b-9630-32c552bf8b6e",
        "x-ms-ratelimit-remaining-subscription-writes": "1123",
        "x-ms-request-id": "c6a28349-1484-402a-a027-19f6cc3ea9f9",
        "x-ms-routing-request-id": "SOUTHEASTASIA:20200914T030159Z:e254679f-2383-430b-9630-32c552bf8b6e"
      },
      "ResponseBody": {
        "id": "/subscriptions/c9cbd920-c00c-427c-852b-8aaf38badaeb/resourceGroups/res6494/providers/Microsoft.Storage/storageAccounts/sto4107/encryptionScopes/testscope1",
        "type": "Microsoft.Storage/storageAccounts/encryptionScopes",
        "name": "testscope1",
        "properties": {
          "source": "Microsoft.Storage",
          "keyVaultProperties": {},
          "creationTime": "2020-09-14T03:01:58.9634660Z",
          "lastModifiedTime": "2020-09-14T03:01:58.9634660Z",
          "state": "Disabled"
        }
      }
    },
    {
      "RequestUri": "https://management.azure.com/subscriptions/c9cbd920-c00c-427c-852b-8aaf38badaeb/resourceGroups/res6494/providers/Microsoft.Storage/storageAccounts/sto4107/encryptionScopes/testscope2?api-version=2019-06-01",
      "RequestMethod": "PUT",
      "RequestHeaders": {
        "Accept": "application/json",
        "Authorization": "Sanitized",
        "Content-Length": "64",
        "Content-Type": "application/json",
        "traceparent": "00-715b88cdf705c543b1c62506920e0a02-4acf19c6d3eb8045-00",
        "User-Agent": [
          "azsdk-net-ResourceManager.Storage/1.0.0-alpha.20200914.1",
          "(.NET Core 4.6.29130.01; Microsoft Windows 10.0.19041 )"
        ],
        "x-ms-client-request-id": "cadb624b640deeaa69843c28e9c3dbe0",
        "x-ms-return-client-request-id": "true"
      },
      "RequestBody": {
        "properties": {
          "source": "Microsoft.Storage",
          "state": "Disabled"
        }
      },
      "StatusCode": 201,
      "ResponseHeaders": {
        "Cache-Control": "no-cache",
        "Content-Length": "426",
        "Content-Type": "application/json",
        "Date": "Mon, 14 Sep 2020 03:01:59 GMT",
        "Expires": "-1",
        "Pragma": "no-cache",
        "Server": "Microsoft-Azure-Storage-Resource-Provider/1.0,Microsoft-HTTPAPI/2.0 Microsoft-HTTPAPI/2.0",
        "Strict-Transport-Security": "max-age=31536000; includeSubDomains",
        "X-Content-Type-Options": "nosniff",
        "x-ms-client-request-id": "cadb624b640deeaa69843c28e9c3dbe0",
        "x-ms-correlation-request-id": "cd8f920a-f453-4436-9e24-2c154db2ca8c",
        "x-ms-ratelimit-remaining-subscription-writes": "1122",
        "x-ms-request-id": "d5f13889-7d54-4418-bda7-f49bed5ef568",
        "x-ms-routing-request-id": "SOUTHEASTASIA:20200914T030159Z:cd8f920a-f453-4436-9e24-2c154db2ca8c"
      },
      "ResponseBody": {
        "id": "/subscriptions/c9cbd920-c00c-427c-852b-8aaf38badaeb/resourceGroups/res6494/providers/Microsoft.Storage/storageAccounts/sto4107/encryptionScopes/testscope2",
        "type": "Microsoft.Storage/storageAccounts/encryptionScopes",
        "name": "testscope2",
        "properties": {
          "source": "Microsoft.Storage",
          "keyVaultProperties": {},
          "creationTime": "2020-09-14T03:01:59.5468625Z",
          "lastModifiedTime": "2020-09-14T03:01:59.5468625Z",
          "state": "Disabled"
        }
      }
    },
    {
      "RequestUri": "https://management.azure.com/subscriptions/c9cbd920-c00c-427c-852b-8aaf38badaeb/resourceGroups/res6494/providers/Microsoft.Storage/storageAccounts/sto4107/blobServices/default/containers/container1072?api-version=2019-06-01",
      "RequestMethod": "PUT",
      "RequestHeaders": {
        "Accept": "application/json",
        "Authorization": "Sanitized",
        "Content-Length": "90",
        "Content-Type": "application/json",
        "traceparent": "00-2c25fae59f900b44bcbd3fe605e3b705-56f9b15eaad1094a-00",
        "User-Agent": [
          "azsdk-net-ResourceManager.Storage/1.0.0-alpha.20200914.1",
          "(.NET Core 4.6.29130.01; Microsoft Windows 10.0.19041 )"
        ],
        "x-ms-client-request-id": "46d84c6f930fb917c1753b870845f987",
        "x-ms-return-client-request-id": "true"
      },
      "RequestBody": {
        "properties": {
          "defaultEncryptionScope": "testscope1",
          "denyEncryptionScopeOverride": false
        }
      },
      "StatusCode": 201,
      "ResponseHeaders": {
        "Cache-Control": "no-cache",
        "Content-Length": "454",
        "Content-Type": "application/json",
        "Date": "Mon, 14 Sep 2020 03:01:59 GMT",
        "ETag": "\u00220x8D8585A8C9DB87F\u0022",
        "Expires": "-1",
        "Pragma": "no-cache",
        "Server": "Microsoft-Azure-Storage-Resource-Provider/1.0,Microsoft-HTTPAPI/2.0 Microsoft-HTTPAPI/2.0",
        "Strict-Transport-Security": "max-age=31536000; includeSubDomains",
        "X-Content-Type-Options": "nosniff",
        "x-ms-client-request-id": "46d84c6f930fb917c1753b870845f987",
        "x-ms-correlation-request-id": "18d26d1c-33c8-4abb-9e64-4712bb0f2cfd",
        "x-ms-ratelimit-remaining-subscription-writes": "1121",
        "x-ms-request-id": "0b810853-0603-473a-9106-fc5a04bebebe",
        "x-ms-routing-request-id": "SOUTHEASTASIA:20200914T030200Z:18d26d1c-33c8-4abb-9e64-4712bb0f2cfd"
      },
      "ResponseBody": {
        "id": "/subscriptions/c9cbd920-c00c-427c-852b-8aaf38badaeb/resourceGroups/res6494/providers/Microsoft.Storage/storageAccounts/sto4107/blobServices/default/containers/container1072",
        "name": "container1072",
        "type": "Microsoft.Storage/storageAccounts/blobServices/containers",
        "properties": {
          "deleted": false,
          "remainingRetentionDays": 0,
          "defaultEncryptionScope": "testscope1",
          "denyEncryptionScopeOverride": false,
          "hasImmutabilityPolicy": false,
          "hasLegalHold": false
        }
      }
    },
    {
      "RequestUri": "https://management.azure.com/subscriptions/c9cbd920-c00c-427c-852b-8aaf38badaeb/resourceGroups/res6494/providers/Microsoft.Storage/storageAccounts/sto4107/blobServices/default/containers/container1072?api-version=2019-06-01",
      "RequestMethod": "PATCH",
      "RequestHeaders": {
        "Accept": "application/json",
        "Authorization": "Sanitized",
        "Content-Length": "89",
        "Content-Type": "application/json",
        "traceparent": "00-c7ceabab0229ab4eb91a3d4cd7e0eb7f-f7fc433f34fb814c-00",
        "User-Agent": [
          "azsdk-net-ResourceManager.Storage/1.0.0-alpha.20200914.1",
          "(.NET Core 4.6.29130.01; Microsoft Windows 10.0.19041 )"
        ],
        "x-ms-client-request-id": "799b4dc15dc2dd803ca0cab8433385f3",
        "x-ms-return-client-request-id": "true"
      },
      "RequestBody": {
        "properties": {
          "defaultEncryptionScope": "testscope2",
          "denyEncryptionScopeOverride": true
        }
      },
      "StatusCode": 200,
      "ResponseHeaders": {
        "Cache-Control": "no-cache",
        "Content-Length": "453",
        "Content-Type": "application/json",
        "Date": "Mon, 14 Sep 2020 03:02:00 GMT",
        "Expires": "-1",
        "Pragma": "no-cache",
        "Server": "Microsoft-Azure-Storage-Resource-Provider/1.0,Microsoft-HTTPAPI/2.0 Microsoft-HTTPAPI/2.0",
        "Strict-Transport-Security": "max-age=31536000; includeSubDomains",
        "X-Content-Type-Options": "nosniff",
        "x-ms-client-request-id": "799b4dc15dc2dd803ca0cab8433385f3",
        "x-ms-correlation-request-id": "b3e52c1b-7929-4ad1-b442-6819a222873d",
        "x-ms-ratelimit-remaining-subscription-writes": "1120",
        "x-ms-request-id": "ee024227-ed48-4412-b855-665b913fcd85",
        "x-ms-routing-request-id": "SOUTHEASTASIA:20200914T030201Z:b3e52c1b-7929-4ad1-b442-6819a222873d"
      },
      "ResponseBody": {
        "id": "/subscriptions/c9cbd920-c00c-427c-852b-8aaf38badaeb/resourceGroups/res6494/providers/Microsoft.Storage/storageAccounts/sto4107/blobServices/default/containers/container1072",
        "name": "container1072",
        "type": "Microsoft.Storage/storageAccounts/blobServices/containers",
        "properties": {
          "deleted": false,
          "remainingRetentionDays": 0,
          "defaultEncryptionScope": "testscope2",
          "denyEncryptionScopeOverride": true,
          "hasImmutabilityPolicy": false,
          "hasLegalHold": false
        }
      }
    }
  ],
  "Variables": {
    "RandomSeed": "343808669",
    "SUBSCRIPTION_ID": "c9cbd920-c00c-427c-852b-8aaf38badaeb"
  }
}