{
  "Entries": [
    {
      "RequestUri": "/subscriptions/e37510d7-33b6-4676-886f-ee75bcc01871/providers/Microsoft.Compute/locations/eastus2/publishers/MicrosoftWindowsServer/artifacttypes/vmimage/offers/WindowsServer/skus/2012-R2-Datacenter/versions?$top=1&api-version=2023-03-01",
      "EncodedRequestUri": "L3N1YnNjcmlwdGlvbnMvZTM3NTEwZDctMzNiNi00Njc2LTg4NmYtZWU3NWJjYzAxODcxL3Byb3ZpZGVycy9NaWNyb3NvZnQuQ29tcHV0ZS9sb2NhdGlvbnMvZWFzdHVzMi9wdWJsaXNoZXJzL01pY3Jvc29mdFdpbmRvd3NTZXJ2ZXIvYXJ0aWZhY3R0eXBlcy92bWltYWdlL29mZmVycy9XaW5kb3dzU2VydmVyL3NrdXMvMjAxMi1SMi1EYXRhY2VudGVyL3ZlcnNpb25zPyR0b3A9MSZhcGktdmVyc2lvbj0yMDIzLTAzLTAx",
      "RequestMethod": "GET",
      "RequestBody": "",
      "RequestHeaders": {
        "x-ms-client-request-id": [
          "fef8f29d-628d-4b52-a21c-2f059d87d95d"
        ],
        "Accept-Language": [
          "en-US"
        ],
        "User-Agent": [
          "FxVersion/6.0.1523.11507",
          "OSName/Windows",
          "OSVersion/Microsoft.Windows.10.0.22621",
          "Microsoft.Azure.Management.Compute.ComputeManagementClient/61.0.0"
        ]
      },
      "ResponseHeaders": {
        "Cache-Control": [
          "no-cache"
        ],
        "Pragma": [
          "no-cache"
        ],
        "x-ms-ratelimit-remaining-resource": [
          "Microsoft.Compute/ListVMImagesVersionsFromLocation3Min;15999,Microsoft.Compute/ListVMImagesVersionsFromLocation30Min;43999"
        ],
        "Strict-Transport-Security": [
          "max-age=31536000; includeSubDomains"
        ],
        "x-ms-served-by": [
          "19a6b8e7-2f9b-4b25-aea4-718323f85895_133127902736261280"
        ],
        "x-ms-request-id": [
          "bded4407-72a3-4d21-a75b-3d01c703e586"
        ],
        "Server": [
          "Microsoft-HTTPAPI/2.0",
          "Microsoft-HTTPAPI/2.0"
        ],
        "x-ms-ratelimit-remaining-subscription-reads": [
          "11999"
        ],
        "x-ms-correlation-request-id": [
          "97b9c413-6a74-4a82-bcb8-d0dd2e25a9e3"
        ],
        "x-ms-routing-request-id": [
          "CANADACENTRAL:20230316T015916Z:97b9c413-6a74-4a82-bcb8-d0dd2e25a9e3"
        ],
        "X-Content-Type-Options": [
          "nosniff"
        ],
        "Date": [
          "Thu, 16 Mar 2023 01:59:15 GMT"
        ],
        "Content-Length": [
          "309"
        ],
        "Content-Type": [
          "application/json; charset=utf-8"
        ],
        "Expires": [
          "-1"
        ]
      },
      "ResponseBody": "[\r\n  {\r\n    \"location\": \"eastus2\",\r\n    \"name\": \"4.127.20180315\",\r\n    \"id\": \"/Subscriptions/e37510d7-33b6-4676-886f-ee75bcc01871/Providers/Microsoft.Compute/Locations/eastus2/Publishers/MicrosoftWindowsServer/ArtifactTypes/VMImage/Offers/WindowsServer/Skus/2012-R2-Datacenter/Versions/4.127.20180315\"\r\n  }\r\n]",
      "StatusCode": 200
    },
    {
      "RequestUri": "/subscriptions/e37510d7-33b6-4676-886f-ee75bcc01871/resourcegroups/crptestar7621?api-version=2017-05-10",
      "EncodedRequestUri": "L3N1YnNjcmlwdGlvbnMvZTM3NTEwZDctMzNiNi00Njc2LTg4NmYtZWU3NWJjYzAxODcxL3Jlc291cmNlZ3JvdXBzL2NycHRlc3Rhcjc2MjE/YXBpLXZlcnNpb249MjAxNy0wNS0xMA==",
      "RequestMethod": "PUT",
      "RequestBody": "{\r\n  \"location\": \"eastus2\",\r\n  \"tags\": {\r\n    \"crptestar7621\": \"2023-03-16 01:59:15Z\"\r\n  }\r\n}",
      "RequestHeaders": {
        "x-ms-client-request-id": [
          "9ce3fed2-ffdb-4ae9-866f-18b2c56b2809"
        ],
        "Accept-Language": [
          "en-US"
        ],
        "User-Agent": [
          "FxVersion/6.0.1523.11507",
          "OSName/Windows",
          "OSVersion/Microsoft.Windows.10.0.22621",
          "Microsoft.Azure.Management.ResourceManager.ResourceManagementClient/1.6.0.0"
        ],
        "Content-Type": [
          "application/json; charset=utf-8"
        ],
        "Content-Length": [
          "93"
        ]
      },
      "ResponseHeaders": {
        "Cache-Control": [
          "no-cache"
        ],
        "Pragma": [
          "no-cache"
        ],
        "x-ms-ratelimit-remaining-subscription-writes": [
          "1199"
        ],
        "x-ms-request-id": [
          "592a4c29-c8da-4a03-9967-d28b7e5b3a39"
        ],
        "x-ms-correlation-request-id": [
          "592a4c29-c8da-4a03-9967-d28b7e5b3a39"
        ],
        "x-ms-routing-request-id": [
          "CANADACENTRAL:20230316T015916Z:592a4c29-c8da-4a03-9967-d28b7e5b3a39"
        ],
        "Strict-Transport-Security": [
          "max-age=31536000; includeSubDomains"
        ],
        "X-Content-Type-Options": [
          "nosniff"
        ],
        "Date": [
          "Thu, 16 Mar 2023 01:59:16 GMT"
        ],
        "Content-Length": [
          "228"
        ],
        "Content-Type": [
          "application/json; charset=utf-8"
        ],
        "Expires": [
          "-1"
        ]
      },
      "ResponseBody": "{\r\n  \"id\": \"/subscriptions/e37510d7-33b6-4676-886f-ee75bcc01871/resourceGroups/crptestar7621\",\r\n  \"name\": \"crptestar7621\",\r\n  \"location\": \"eastus2\",\r\n  \"tags\": {\r\n    \"crptestar7621\": \"2023-03-16 01:59:15Z\"\r\n  },\r\n  \"properties\": {\r\n    \"provisioningState\": \"Succeeded\"\r\n  }\r\n}",
      "StatusCode": 201
    },
    {
      "RequestUri": "/subscriptions/e37510d7-33b6-4676-886f-ee75bcc01871/resourcegroups/crptestar7621?api-version=2017-05-10",
      "EncodedRequestUri": "L3N1YnNjcmlwdGlvbnMvZTM3NTEwZDctMzNiNi00Njc2LTg4NmYtZWU3NWJjYzAxODcxL3Jlc291cmNlZ3JvdXBzL2NycHRlc3Rhcjc2MjE/YXBpLXZlcnNpb249MjAxNy0wNS0xMA==",
      "RequestMethod": "PUT",
      "RequestBody": "{\r\n  \"location\": \"eastus2\"\r\n}",
      "RequestHeaders": {
        "x-ms-client-request-id": [
          "9bb89c7b-6816-4d8a-ab8b-72837f12002a"
        ],
        "Accept-Language": [
          "en-US"
        ],
        "User-Agent": [
          "FxVersion/6.0.1523.11507",
          "OSName/Windows",
          "OSVersion/Microsoft.Windows.10.0.22621",
          "Microsoft.Azure.Management.ResourceManager.ResourceManagementClient/1.6.0.0"
        ],
        "Content-Type": [
          "application/json; charset=utf-8"
        ],
        "Content-Length": [
          "29"
        ]
      },
      "ResponseHeaders": {
        "Cache-Control": [
          "no-cache"
        ],
        "Pragma": [
          "no-cache"
        ],
        "x-ms-ratelimit-remaining-subscription-writes": [
          "1198"
        ],
        "x-ms-request-id": [
          "afaf9d26-db80-48e9-8b9e-a36e40ea61d9"
        ],
        "x-ms-correlation-request-id": [
          "afaf9d26-db80-48e9-8b9e-a36e40ea61d9"
        ],
        "x-ms-routing-request-id": [
          "CANADACENTRAL:20230316T015949Z:afaf9d26-db80-48e9-8b9e-a36e40ea61d9"
        ],
        "Strict-Transport-Security": [
          "max-age=31536000; includeSubDomains"
        ],
        "X-Content-Type-Options": [
          "nosniff"
        ],
        "Date": [
          "Thu, 16 Mar 2023 01:59:49 GMT"
        ],
        "Content-Length": [
          "180"
        ],
        "Content-Type": [
          "application/json; charset=utf-8"
        ],
        "Expires": [
          "-1"
        ]
      },
      "ResponseBody": "{\r\n  \"id\": \"/subscriptions/e37510d7-33b6-4676-886f-ee75bcc01871/resourceGroups/crptestar7621\",\r\n  \"name\": \"crptestar7621\",\r\n  \"location\": \"eastus2\",\r\n  \"properties\": {\r\n    \"provisioningState\": \"Succeeded\"\r\n  }\r\n}",
      "StatusCode": 200
    },
    {
      "RequestUri": "/subscriptions/e37510d7-33b6-4676-886f-ee75bcc01871/resourceGroups/crptestar7621/providers/Microsoft.Storage/storageAccounts/crptestar8116?api-version=2015-06-15",
      "EncodedRequestUri": "L3N1YnNjcmlwdGlvbnMvZTM3NTEwZDctMzNiNi00Njc2LTg4NmYtZWU3NWJjYzAxODcxL3Jlc291cmNlR3JvdXBzL2NycHRlc3Rhcjc2MjEvcHJvdmlkZXJzL01pY3Jvc29mdC5TdG9yYWdlL3N0b3JhZ2VBY2NvdW50cy9jcnB0ZXN0YXI4MTE2P2FwaS12ZXJzaW9uPTIwMTUtMDYtMTU=",
      "RequestMethod": "PUT",
      "RequestBody": "{\r\n  \"location\": \"eastus2\",\r\n  \"properties\": {\r\n    \"accountType\": \"Standard_GRS\"\r\n  }\r\n}",
      "RequestHeaders": {
        "x-ms-client-request-id": [
          "2e474fed-6787-4de7-ab02-26c02844d320"
        ],
        "Accept-Language": [
          "en-US"
        ],
        "User-Agent": [
          "FxVersion/6.0.1523.11507",
          "OSName/Windows",
          "OSVersion/Microsoft.Windows.10.0.22621",
          "Microsoft.Azure.Management.Storage.StorageManagementClient/4.0.0.0"
        ],
        "Content-Type": [
          "application/json; charset=utf-8"
        ],
        "Content-Length": [
          "89"
        ]
      },
      "ResponseHeaders": {
        "Cache-Control": [
          "no-cache"
        ],
        "Pragma": [
          "no-cache"
        ],
        "Location": [
          "https://management.azure.com/subscriptions/e37510d7-33b6-4676-886f-ee75bcc01871/providers/Microsoft.Storage/locations/eastus2/asyncoperations/e52bb2a1-168f-4d0a-9088-dec74c1ad438?monitor=true&api-version=2015-06-15"
        ],
        "Retry-After": [
          "17"
        ],
        "x-ms-request-id": [
          "e52bb2a1-168f-4d0a-9088-dec74c1ad438"
        ],
        "Strict-Transport-Security": [
          "max-age=31536000; includeSubDomains"
        ],
        "Server": [
          "Microsoft-Azure-Storage-Resource-Provider/1.0,Microsoft-HTTPAPI/2.0 Microsoft-HTTPAPI/2.0"
        ],
        "x-ms-ratelimit-remaining-subscription-writes": [
          "1199"
        ],
        "x-ms-correlation-request-id": [
          "e9f91d7f-a56e-44d5-9264-4448dca73400"
        ],
        "x-ms-routing-request-id": [
          "CANADACENTRAL:20230316T015920Z:e9f91d7f-a56e-44d5-9264-4448dca73400"
        ],
        "X-Content-Type-Options": [
          "nosniff"
        ],
        "Date": [
          "Thu, 16 Mar 2023 01:59:19 GMT"
        ],
        "Content-Type": [
          "text/plain; charset=utf-8"
        ],
        "Expires": [
          "-1"
        ],
        "Content-Length": [
          "0"
        ]
      },
      "ResponseBody": "",
      "StatusCode": 202
    },
    {
      "RequestUri": "/subscriptions/e37510d7-33b6-4676-886f-ee75bcc01871/providers/Microsoft.Storage/locations/eastus2/asyncoperations/e52bb2a1-168f-4d0a-9088-dec74c1ad438?monitor=true&api-version=2015-06-15",
      "EncodedRequestUri": "L3N1YnNjcmlwdGlvbnMvZTM3NTEwZDctMzNiNi00Njc2LTg4NmYtZWU3NWJjYzAxODcxL3Byb3ZpZGVycy9NaWNyb3NvZnQuU3RvcmFnZS9sb2NhdGlvbnMvZWFzdHVzMi9hc3luY29wZXJhdGlvbnMvZTUyYmIyYTEtMTY4Zi00ZDBhLTkwODgtZGVjNzRjMWFkNDM4P21vbml0b3I9dHJ1ZSZhcGktdmVyc2lvbj0yMDE1LTA2LTE1",
      "RequestMethod": "GET",
      "RequestBody": "",
      "RequestHeaders": {
        "User-Agent": [
          "FxVersion/6.0.1523.11507",
          "OSName/Windows",
          "OSVersion/Microsoft.Windows.10.0.22621",
          "Microsoft.Azure.Management.Storage.StorageManagementClient/4.0.0.0"
        ]
      },
      "ResponseHeaders": {
        "Cache-Control": [
          "no-cache"
        ],
        "Pragma": [
          "no-cache"
        ],
        "x-ms-request-id": [
          "1d679724-a940-497b-a1ba-dc28ffb4e227"
        ],
        "Strict-Transport-Security": [
          "max-age=31536000; includeSubDomains"
        ],
        "Server": [
          "Microsoft-Azure-Storage-Resource-Provider/1.0,Microsoft-HTTPAPI/2.0 Microsoft-HTTPAPI/2.0"
        ],
        "x-ms-ratelimit-remaining-subscription-reads": [
          "11978"
        ],
        "x-ms-correlation-request-id": [
          "c24b8232-73f7-478a-8ff3-eec0c36cad69"
        ],
        "x-ms-routing-request-id": [
          "CANADACENTRAL:20230316T015937Z:c24b8232-73f7-478a-8ff3-eec0c36cad69"
        ],
        "X-Content-Type-Options": [
          "nosniff"
        ],
        "Date": [
          "Thu, 16 Mar 2023 01:59:36 GMT"
        ],
        "Content-Length": [
          "89"
        ],
        "Content-Type": [
          "application/json"
        ],
        "Expires": [
          "-1"
        ]
      },
      "ResponseBody": "{\r\n  \"location\": \"eastus2\",\r\n  \"properties\": {\r\n    \"accountType\": \"Standard_GRS\"\r\n  }\r\n}",
      "StatusCode": 200
    },
    {
      "RequestUri": "/subscriptions/e37510d7-33b6-4676-886f-ee75bcc01871/resourceGroups/crptestar7621/providers/Microsoft.Storage/storageAccounts?api-version=2015-06-15",
      "EncodedRequestUri": "L3N1YnNjcmlwdGlvbnMvZTM3NTEwZDctMzNiNi00Njc2LTg4NmYtZWU3NWJjYzAxODcxL3Jlc291cmNlR3JvdXBzL2NycHRlc3Rhcjc2MjEvcHJvdmlkZXJzL01pY3Jvc29mdC5TdG9yYWdlL3N0b3JhZ2VBY2NvdW50cz9hcGktdmVyc2lvbj0yMDE1LTA2LTE1",
      "RequestMethod": "GET",
      "RequestBody": "",
      "RequestHeaders": {
        "x-ms-client-request-id": [
          "f5098c9e-2cd2-4817-a3fd-f1e9e3cbe64d"
        ],
        "Accept-Language": [
          "en-US"
        ],
        "User-Agent": [
          "FxVersion/6.0.1523.11507",
          "OSName/Windows",
          "OSVersion/Microsoft.Windows.10.0.22621",
          "Microsoft.Azure.Management.Storage.StorageManagementClient/4.0.0.0"
        ]
      },
      "ResponseHeaders": {
        "Cache-Control": [
          "no-cache"
        ],
        "Pragma": [
          "no-cache"
        ],
        "x-ms-request-id": [
          "74a422e2-dbc4-4af7-a428-0be840d7d0a6"
        ],
        "Strict-Transport-Security": [
          "max-age=31536000; includeSubDomains"
        ],
        "Server": [
          "Microsoft-Azure-Storage-Resource-Provider/1.0,Microsoft-HTTPAPI/2.0 Microsoft-HTTPAPI/2.0"
        ],
        "x-ms-ratelimit-remaining-subscription-reads": [
          "11977"
        ],
        "x-ms-correlation-request-id": [
          "5d21ded7-31f5-4281-946a-64cc78a7f5bb"
        ],
        "x-ms-routing-request-id": [
          "CANADACENTRAL:20230316T015947Z:5d21ded7-31f5-4281-946a-64cc78a7f5bb"
        ],
        "X-Content-Type-Options": [
          "nosniff"
        ],
        "Date": [
          "Thu, 16 Mar 2023 01:59:46 GMT"
        ],
        "Content-Length": [
          "741"
        ],
        "Content-Type": [
          "application/json"
        ],
        "Expires": [
          "-1"
        ]
      },
      "ResponseBody": "{\r\n  \"value\": [\r\n    {\r\n      \"id\": \"/subscriptions/e37510d7-33b6-4676-886f-ee75bcc01871/resourceGroups/crptestar7621/providers/Microsoft.Storage/storageAccounts/crptestar8116\",\r\n      \"name\": \"crptestar8116\",\r\n      \"type\": \"Microsoft.Storage/storageAccounts\",\r\n      \"location\": \"eastus2\",\r\n      \"tags\": {},\r\n      \"properties\": {\r\n        \"accountType\": \"Standard_GRS\",\r\n        \"provisioningState\": \"Succeeded\",\r\n        \"creationTime\": \"2023-03-16T01:59:17.954163Z\",\r\n        \"primaryEndpoints\": {\r\n          \"blob\": \"https://crptestar8116.blob.core.windows.net/\",\r\n          \"queue\": \"https://crptestar8116.queue.core.windows.net/\",\r\n          \"table\": \"https://crptestar8116.table.core.windows.net/\",\r\n          \"file\": \"https://crptestar8116.file.core.windows.net/\"\r\n        },\r\n        \"primaryLocation\": \"eastus2\",\r\n        \"statusOfPrimary\": \"available\",\r\n        \"secondaryLocation\": \"centralus\",\r\n        \"statusOfSecondary\": \"available\"\r\n      }\r\n    }\r\n  ]\r\n}",
      "StatusCode": 200
    },
    {
      "RequestUri": "/subscriptions/e37510d7-33b6-4676-886f-ee75bcc01871/resourceGroups/crptestar7621/providers/Microsoft.Storage/storageAccounts/crptestar8116?api-version=2015-06-15",
      "EncodedRequestUri": "L3N1YnNjcmlwdGlvbnMvZTM3NTEwZDctMzNiNi00Njc2LTg4NmYtZWU3NWJjYzAxODcxL3Jlc291cmNlR3JvdXBzL2NycHRlc3Rhcjc2MjEvcHJvdmlkZXJzL01pY3Jvc29mdC5TdG9yYWdlL3N0b3JhZ2VBY2NvdW50cy9jcnB0ZXN0YXI4MTE2P2FwaS12ZXJzaW9uPTIwMTUtMDYtMTU=",
      "RequestMethod": "GET",
      "RequestBody": "",
      "RequestHeaders": {
        "x-ms-client-request-id": [
          "a16bd577-a51b-43e6-a8ec-01a7d61d2026"
        ],
        "Accept-Language": [
          "en-US"
        ],
        "User-Agent": [
          "FxVersion/6.0.1523.11507",
          "OSName/Windows",
          "OSVersion/Microsoft.Windows.10.0.22621",
          "Microsoft.Azure.Management.Storage.StorageManagementClient/4.0.0.0"
        ]
      },
      "ResponseHeaders": {
        "Cache-Control": [
          "no-cache"
        ],
        "Pragma": [
          "no-cache"
        ],
        "x-ms-request-id": [
          "ddaa5157-c99f-49d5-8c6d-523975a9ed60"
        ],
        "Strict-Transport-Security": [
          "max-age=31536000; includeSubDomains"
        ],
        "Server": [
          "Microsoft-Azure-Storage-Resource-Provider/1.0,Microsoft-HTTPAPI/2.0 Microsoft-HTTPAPI/2.0"
        ],
        "x-ms-ratelimit-remaining-subscription-reads": [
          "11976"
        ],
        "x-ms-correlation-request-id": [
          "7e48b1a9-f051-40ec-a41c-ca21b5de5813"
        ],
        "x-ms-routing-request-id": [
          "CANADACENTRAL:20230316T015947Z:7e48b1a9-f051-40ec-a41c-ca21b5de5813"
        ],
        "X-Content-Type-Options": [
          "nosniff"
        ],
        "Date": [
          "Thu, 16 Mar 2023 01:59:46 GMT"
        ],
        "Content-Length": [
          "729"
        ],
        "Content-Type": [
          "application/json"
        ],
        "Expires": [
          "-1"
        ]
      },
      "ResponseBody": "{\r\n  \"id\": \"/subscriptions/e37510d7-33b6-4676-886f-ee75bcc01871/resourceGroups/crptestar7621/providers/Microsoft.Storage/storageAccounts/crptestar8116\",\r\n  \"name\": \"crptestar8116\",\r\n  \"type\": \"Microsoft.Storage/storageAccounts\",\r\n  \"location\": \"eastus2\",\r\n  \"tags\": {},\r\n  \"properties\": {\r\n    \"accountType\": \"Standard_GRS\",\r\n    \"provisioningState\": \"Succeeded\",\r\n    \"creationTime\": \"2023-03-16T01:59:17.954163Z\",\r\n    \"primaryEndpoints\": {\r\n      \"blob\": \"https://crptestar8116.blob.core.windows.net/\",\r\n      \"queue\": \"https://crptestar8116.queue.core.windows.net/\",\r\n      \"table\": \"https://crptestar8116.table.core.windows.net/\",\r\n      \"file\": \"https://crptestar8116.file.core.windows.net/\"\r\n    },\r\n    \"primaryLocation\": \"eastus2\",\r\n    \"statusOfPrimary\": \"available\",\r\n    \"secondaryLocation\": \"centralus\",\r\n    \"statusOfSecondary\": \"available\"\r\n  }\r\n}",
      "StatusCode": 200
    },
    {
      "RequestUri": "/subscriptions/e37510d7-33b6-4676-886f-ee75bcc01871/resourceGroups/crptestar7621/providers/Microsoft.Compute/virtualMachineScaleSets/VMScaleSetDoesNotExist?api-version=2023-03-01",
      "EncodedRequestUri": "L3N1YnNjcmlwdGlvbnMvZTM3NTEwZDctMzNiNi00Njc2LTg4NmYtZWU3NWJjYzAxODcxL3Jlc291cmNlR3JvdXBzL2NycHRlc3Rhcjc2MjEvcHJvdmlkZXJzL01pY3Jvc29mdC5Db21wdXRlL3ZpcnR1YWxNYWNoaW5lU2NhbGVTZXRzL1ZNU2NhbGVTZXREb2VzTm90RXhpc3Q/YXBpLXZlcnNpb249MjAyMy0wMy0wMQ==",
      "RequestMethod": "DELETE",
      "RequestBody": "",
      "RequestHeaders": {
        "x-ms-client-request-id": [
          "5213ca45-55c1-4bdf-9899-970b9d4ea876"
        ],
        "Accept-Language": [
          "en-US"
        ],
        "User-Agent": [
          "FxVersion/6.0.1523.11507",
          "OSName/Windows",
          "OSVersion/Microsoft.Windows.10.0.22621",
          "Microsoft.Azure.Management.Compute.ComputeManagementClient/61.0.0"
        ]
      },
      "ResponseHeaders": {
        "Cache-Control": [
          "no-cache"
        ],
        "Pragma": [
          "no-cache"
        ],
        "x-ms-ratelimit-remaining-subscription-deletes": [
          "14999"
        ],
        "x-ms-request-id": [
          "aa2db0dc-23f7-4a4a-98ab-8c15d9308b58"
        ],
        "x-ms-correlation-request-id": [
          "aa2db0dc-23f7-4a4a-98ab-8c15d9308b58"
        ],
        "x-ms-routing-request-id": [
          "CANADACENTRAL:20230316T015948Z:aa2db0dc-23f7-4a4a-98ab-8c15d9308b58"
        ],
        "Strict-Transport-Security": [
          "max-age=31536000; includeSubDomains"
        ],
        "X-Content-Type-Options": [
          "nosniff"
        ],
        "Date": [
          "Thu, 16 Mar 2023 01:59:48 GMT"
        ],
        "Expires": [
          "-1"
        ]
      },
      "ResponseBody": "",
      "StatusCode": 204
    },
    {
      "RequestUri": "/subscriptions/e37510d7-33b6-4676-886f-ee75bcc01871/resourceGroups/crptestar7621/providers/Microsoft.Network/publicIPAddresses/pip7384?api-version=2019-09-01",
      "EncodedRequestUri": "L3N1YnNjcmlwdGlvbnMvZTM3NTEwZDctMzNiNi00Njc2LTg4NmYtZWU3NWJjYzAxODcxL3Jlc291cmNlR3JvdXBzL2NycHRlc3Rhcjc2MjEvcHJvdmlkZXJzL01pY3Jvc29mdC5OZXR3b3JrL3B1YmxpY0lQQWRkcmVzc2VzL3BpcDczODQ/YXBpLXZlcnNpb249MjAxOS0wOS0wMQ==",
      "RequestMethod": "PUT",
      "RequestBody": "{\r\n  \"properties\": {\r\n    \"publicIPAllocationMethod\": \"Dynamic\",\r\n    \"dnsSettings\": {\r\n      \"domainNameLabel\": \"dn176\"\r\n    }\r\n  },\r\n  \"location\": \"eastus2\",\r\n  \"tags\": {\r\n    \"key\": \"value\"\r\n  }\r\n}",
      "RequestHeaders": {
        "x-ms-client-request-id": [
          "9579276d-2346-45b4-91d1-3a7a48b1e1f1"
        ],
        "Accept-Language": [
          "en-US"
        ],
        "User-Agent": [
          "FxVersion/6.0.1523.11507",
          "OSName/Windows",
          "OSVersion/Microsoft.Windows.10.0.22621",
          "Microsoft.Azure.Management.Network.NetworkManagementClient/19.17.1.0"
        ],
        "Content-Type": [
          "application/json; charset=utf-8"
        ],
        "Content-Length": [
          "200"
        ]
      },
      "ResponseHeaders": {
        "Cache-Control": [
          "no-cache"
        ],
        "Pragma": [
          "no-cache"
        ],
        "Retry-After": [
          "1"
        ],
        "x-ms-request-id": [
          "df1879f6-2d77-46b5-9ad0-547fb59ad236"
        ],
        "azure-asyncoperation": [
          "https://management.azure.com/subscriptions/e37510d7-33b6-4676-886f-ee75bcc01871/providers/Microsoft.Network/locations/eastus2/operations/df1879f6-2d77-46b5-9ad0-547fb59ad236?api-version=2019-09-01"
        ],
        "x-ms-correlation-request-id": [
          "d20a54d8-af82-43f8-83ac-e0285ee2f613"
        ],
        "azure-asyncnotification": [
          "Enabled"
        ],
        "x-ms-arm-service-request-id": [
          "d2b9af54-59e9-4337-ada1-83d6cb760490"
        ],
        "Strict-Transport-Security": [
          "max-age=31536000; includeSubDomains"
        ],
        "Server": [
          "Microsoft-HTTPAPI/2.0",
          "Microsoft-HTTPAPI/2.0"
        ],
        "x-ms-ratelimit-remaining-subscription-writes": [
          "1196"
        ],
        "x-ms-routing-request-id": [
          "CANADACENTRAL:20230316T015951Z:d20a54d8-af82-43f8-83ac-e0285ee2f613"
        ],
        "X-Content-Type-Options": [
          "nosniff"
        ],
        "Date": [
          "Thu, 16 Mar 2023 01:59:51 GMT"
        ],
        "Content-Length": [
          "755"
        ],
        "Content-Type": [
          "application/json; charset=utf-8"
        ],
        "Expires": [
          "-1"
        ]
      },
      "ResponseBody": "{\r\n  \"name\": \"pip7384\",\r\n  \"id\": \"/subscriptions/e37510d7-33b6-4676-886f-ee75bcc01871/resourceGroups/crptestar7621/providers/Microsoft.Network/publicIPAddresses/pip7384\",\r\n  \"etag\": \"W/\\\"fbde76a3-be58-4ac4-b88d-3f9bfc95409c\\\"\",\r\n  \"location\": \"eastus2\",\r\n  \"tags\": {\r\n    \"key\": \"value\"\r\n  },\r\n  \"properties\": {\r\n    \"provisioningState\": \"Updating\",\r\n    \"resourceGuid\": \"ec53b7f1-4d8f-4433-927f-823eb7d9f191\",\r\n    \"publicIPAddressVersion\": \"IPv4\",\r\n    \"publicIPAllocationMethod\": \"Dynamic\",\r\n    \"idleTimeoutInMinutes\": 4,\r\n    \"dnsSettings\": {\r\n      \"domainNameLabel\": \"dn176\",\r\n      \"fqdn\": \"dn176.eastus2.cloudapp.azure.com\"\r\n    },\r\n    \"ipTags\": []\r\n  },\r\n  \"type\": \"Microsoft.Network/publicIPAddresses\",\r\n  \"sku\": {\r\n    \"name\": \"Basic\"\r\n  }\r\n}",
      "StatusCode": 201
    },
    {
      "RequestUri": "/subscriptions/e37510d7-33b6-4676-886f-ee75bcc01871/providers/Microsoft.Network/locations/eastus2/operations/df1879f6-2d77-46b5-9ad0-547fb59ad236?api-version=2019-09-01",
      "EncodedRequestUri": "L3N1YnNjcmlwdGlvbnMvZTM3NTEwZDctMzNiNi00Njc2LTg4NmYtZWU3NWJjYzAxODcxL3Byb3ZpZGVycy9NaWNyb3NvZnQuTmV0d29yay9sb2NhdGlvbnMvZWFzdHVzMi9vcGVyYXRpb25zL2RmMTg3OWY2LTJkNzctNDZiNS05YWQwLTU0N2ZiNTlhZDIzNj9hcGktdmVyc2lvbj0yMDE5LTA5LTAx",
      "RequestMethod": "GET",
      "RequestBody": "",
      "RequestHeaders": {
        "User-Agent": [
          "FxVersion/6.0.1523.11507",
          "OSName/Windows",
          "OSVersion/Microsoft.Windows.10.0.22621",
          "Microsoft.Azure.Management.Network.NetworkManagementClient/19.17.1.0"
        ]
      },
      "ResponseHeaders": {
        "Cache-Control": [
          "no-cache"
        ],
        "Pragma": [
          "no-cache"
        ],
        "Retry-After": [
          "2"
        ],
        "x-ms-request-id": [
          "ae24d387-2476-496d-827f-357e5787b794"
        ],
        "x-ms-correlation-request-id": [
          "1756fc65-c51f-4902-8e84-ca1b9bf13a28"
        ],
        "x-ms-arm-service-request-id": [
          "52731144-8459-4010-aea0-37194909ded8"
        ],
        "Strict-Transport-Security": [
          "max-age=31536000; includeSubDomains"
        ],
        "Server": [
          "Microsoft-HTTPAPI/2.0",
          "Microsoft-HTTPAPI/2.0"
        ],
        "x-ms-ratelimit-remaining-subscription-reads": [
          "11990"
        ],
        "x-ms-routing-request-id": [
          "CANADACENTRAL:20230316T015952Z:1756fc65-c51f-4902-8e84-ca1b9bf13a28"
        ],
        "X-Content-Type-Options": [
          "nosniff"
        ],
        "Date": [
          "Thu, 16 Mar 2023 01:59:52 GMT"
        ],
        "Content-Length": [
          "30"
        ],
        "Content-Type": [
          "application/json; charset=utf-8"
        ],
        "Expires": [
          "-1"
        ]
      },
      "ResponseBody": "{\r\n  \"status\": \"InProgress\"\r\n}",
      "StatusCode": 200
    },
    {
      "RequestUri": "/subscriptions/e37510d7-33b6-4676-886f-ee75bcc01871/providers/Microsoft.Network/locations/eastus2/operations/df1879f6-2d77-46b5-9ad0-547fb59ad236?api-version=2019-09-01",
      "EncodedRequestUri": "L3N1YnNjcmlwdGlvbnMvZTM3NTEwZDctMzNiNi00Njc2LTg4NmYtZWU3NWJjYzAxODcxL3Byb3ZpZGVycy9NaWNyb3NvZnQuTmV0d29yay9sb2NhdGlvbnMvZWFzdHVzMi9vcGVyYXRpb25zL2RmMTg3OWY2LTJkNzctNDZiNS05YWQwLTU0N2ZiNTlhZDIzNj9hcGktdmVyc2lvbj0yMDE5LTA5LTAx",
      "RequestMethod": "GET",
      "RequestBody": "",
      "RequestHeaders": {
        "User-Agent": [
          "FxVersion/6.0.1523.11507",
          "OSName/Windows",
          "OSVersion/Microsoft.Windows.10.0.22621",
          "Microsoft.Azure.Management.Network.NetworkManagementClient/19.17.1.0"
        ]
      },
      "ResponseHeaders": {
        "Cache-Control": [
          "no-cache"
        ],
        "Pragma": [
          "no-cache"
        ],
        "x-ms-request-id": [
          "222fd949-9d59-40fb-959c-6a0d03c05df6"
        ],
        "x-ms-correlation-request-id": [
          "1ef7949e-0030-408e-be97-684fe90c130a"
        ],
        "x-ms-arm-service-request-id": [
          "3035f469-bad0-4407-bbe9-be223c1efe05"
        ],
        "Strict-Transport-Security": [
          "max-age=31536000; includeSubDomains"
        ],
        "Server": [
          "Microsoft-HTTPAPI/2.0",
          "Microsoft-HTTPAPI/2.0"
        ],
        "x-ms-ratelimit-remaining-subscription-reads": [
          "11989"
        ],
        "x-ms-routing-request-id": [
          "CANADACENTRAL:20230316T015954Z:1ef7949e-0030-408e-be97-684fe90c130a"
        ],
        "X-Content-Type-Options": [
          "nosniff"
        ],
        "Date": [
          "Thu, 16 Mar 2023 01:59:54 GMT"
        ],
        "Content-Length": [
          "29"
        ],
        "Content-Type": [
          "application/json; charset=utf-8"
        ],
        "Expires": [
          "-1"
        ]
      },
      "ResponseBody": "{\r\n  \"status\": \"Succeeded\"\r\n}",
      "StatusCode": 200
    },
    {
      "RequestUri": "/subscriptions/e37510d7-33b6-4676-886f-ee75bcc01871/resourceGroups/crptestar7621/providers/Microsoft.Network/publicIPAddresses/pip7384?api-version=2019-09-01",
      "EncodedRequestUri": "L3N1YnNjcmlwdGlvbnMvZTM3NTEwZDctMzNiNi00Njc2LTg4NmYtZWU3NWJjYzAxODcxL3Jlc291cmNlR3JvdXBzL2NycHRlc3Rhcjc2MjEvcHJvdmlkZXJzL01pY3Jvc29mdC5OZXR3b3JrL3B1YmxpY0lQQWRkcmVzc2VzL3BpcDczODQ/YXBpLXZlcnNpb249MjAxOS0wOS0wMQ==",
      "RequestMethod": "GET",
      "RequestBody": "",
      "RequestHeaders": {
        "User-Agent": [
          "FxVersion/6.0.1523.11507",
          "OSName/Windows",
          "OSVersion/Microsoft.Windows.10.0.22621",
          "Microsoft.Azure.Management.Network.NetworkManagementClient/19.17.1.0"
        ]
      },
      "ResponseHeaders": {
        "Cache-Control": [
          "no-cache"
        ],
        "Pragma": [
          "no-cache"
        ],
        "ETag": [
          "W/\"673507cc-72b7-4072-bf89-7e7f18c8ad90\""
        ],
        "x-ms-request-id": [
          "0169d190-98ef-4a2b-a16c-6c7c17acdd78"
        ],
        "x-ms-correlation-request-id": [
          "49fb7d63-d841-479f-9922-325f86eb03a2"
        ],
        "x-ms-arm-service-request-id": [
          "fc0df210-fc2f-41cf-ab90-d3c344d98988"
        ],
        "Strict-Transport-Security": [
          "max-age=31536000; includeSubDomains"
        ],
        "Server": [
          "Microsoft-HTTPAPI/2.0",
          "Microsoft-HTTPAPI/2.0"
        ],
        "x-ms-ratelimit-remaining-subscription-reads": [
          "11988"
        ],
        "x-ms-routing-request-id": [
          "CANADACENTRAL:20230316T015955Z:49fb7d63-d841-479f-9922-325f86eb03a2"
        ],
        "X-Content-Type-Options": [
          "nosniff"
        ],
        "Date": [
          "Thu, 16 Mar 2023 01:59:55 GMT"
        ],
        "Content-Length": [
          "756"
        ],
        "Content-Type": [
          "application/json; charset=utf-8"
        ],
        "Expires": [
          "-1"
        ]
      },
      "ResponseBody": "{\r\n  \"name\": \"pip7384\",\r\n  \"id\": \"/subscriptions/e37510d7-33b6-4676-886f-ee75bcc01871/resourceGroups/crptestar7621/providers/Microsoft.Network/publicIPAddresses/pip7384\",\r\n  \"etag\": \"W/\\\"673507cc-72b7-4072-bf89-7e7f18c8ad90\\\"\",\r\n  \"location\": \"eastus2\",\r\n  \"tags\": {\r\n    \"key\": \"value\"\r\n  },\r\n  \"properties\": {\r\n    \"provisioningState\": \"Succeeded\",\r\n    \"resourceGuid\": \"ec53b7f1-4d8f-4433-927f-823eb7d9f191\",\r\n    \"publicIPAddressVersion\": \"IPv4\",\r\n    \"publicIPAllocationMethod\": \"Dynamic\",\r\n    \"idleTimeoutInMinutes\": 4,\r\n    \"dnsSettings\": {\r\n      \"domainNameLabel\": \"dn176\",\r\n      \"fqdn\": \"dn176.eastus2.cloudapp.azure.com\"\r\n    },\r\n    \"ipTags\": []\r\n  },\r\n  \"type\": \"Microsoft.Network/publicIPAddresses\",\r\n  \"sku\": {\r\n    \"name\": \"Basic\"\r\n  }\r\n}",
      "StatusCode": 200
    },
    {
      "RequestUri": "/subscriptions/e37510d7-33b6-4676-886f-ee75bcc01871/resourceGroups/crptestar7621/providers/Microsoft.Network/publicIPAddresses/pip7384?api-version=2019-09-01",
      "EncodedRequestUri": "L3N1YnNjcmlwdGlvbnMvZTM3NTEwZDctMzNiNi00Njc2LTg4NmYtZWU3NWJjYzAxODcxL3Jlc291cmNlR3JvdXBzL2NycHRlc3Rhcjc2MjEvcHJvdmlkZXJzL01pY3Jvc29mdC5OZXR3b3JrL3B1YmxpY0lQQWRkcmVzc2VzL3BpcDczODQ/YXBpLXZlcnNpb249MjAxOS0wOS0wMQ==",
      "RequestMethod": "GET",
      "RequestBody": "",
      "RequestHeaders": {
        "x-ms-client-request-id": [
          "f214a4ce-8da2-4ce9-9d84-0be1dc4639e3"
        ],
        "Accept-Language": [
          "en-US"
        ],
        "User-Agent": [
          "FxVersion/6.0.1523.11507",
          "OSName/Windows",
          "OSVersion/Microsoft.Windows.10.0.22621",
          "Microsoft.Azure.Management.Network.NetworkManagementClient/19.17.1.0"
        ]
      },
      "ResponseHeaders": {
        "Cache-Control": [
          "no-cache"
        ],
        "Pragma": [
          "no-cache"
        ],
        "ETag": [
          "W/\"673507cc-72b7-4072-bf89-7e7f18c8ad90\""
        ],
        "x-ms-request-id": [
          "3e3218b7-92ce-4f77-adbb-1b0a99a025ee"
        ],
        "x-ms-correlation-request-id": [
          "d2d0399d-0636-4be9-9f84-1cb1f85d6025"
        ],
        "x-ms-arm-service-request-id": [
          "d37e577c-c064-4848-b760-fafb3e0cf1e2"
        ],
        "Strict-Transport-Security": [
          "max-age=31536000; includeSubDomains"
        ],
        "Server": [
          "Microsoft-HTTPAPI/2.0",
          "Microsoft-HTTPAPI/2.0"
        ],
        "x-ms-ratelimit-remaining-subscription-reads": [
          "11987"
        ],
        "x-ms-routing-request-id": [
          "CANADACENTRAL:20230316T015955Z:d2d0399d-0636-4be9-9f84-1cb1f85d6025"
        ],
        "X-Content-Type-Options": [
          "nosniff"
        ],
        "Date": [
          "Thu, 16 Mar 2023 01:59:55 GMT"
        ],
        "Content-Length": [
          "756"
        ],
        "Content-Type": [
          "application/json; charset=utf-8"
        ],
        "Expires": [
          "-1"
        ]
      },
      "ResponseBody": "{\r\n  \"name\": \"pip7384\",\r\n  \"id\": \"/subscriptions/e37510d7-33b6-4676-886f-ee75bcc01871/resourceGroups/crptestar7621/providers/Microsoft.Network/publicIPAddresses/pip7384\",\r\n  \"etag\": \"W/\\\"673507cc-72b7-4072-bf89-7e7f18c8ad90\\\"\",\r\n  \"location\": \"eastus2\",\r\n  \"tags\": {\r\n    \"key\": \"value\"\r\n  },\r\n  \"properties\": {\r\n    \"provisioningState\": \"Succeeded\",\r\n    \"resourceGuid\": \"ec53b7f1-4d8f-4433-927f-823eb7d9f191\",\r\n    \"publicIPAddressVersion\": \"IPv4\",\r\n    \"publicIPAllocationMethod\": \"Dynamic\",\r\n    \"idleTimeoutInMinutes\": 4,\r\n    \"dnsSettings\": {\r\n      \"domainNameLabel\": \"dn176\",\r\n      \"fqdn\": \"dn176.eastus2.cloudapp.azure.com\"\r\n    },\r\n    \"ipTags\": []\r\n  },\r\n  \"type\": \"Microsoft.Network/publicIPAddresses\",\r\n  \"sku\": {\r\n    \"name\": \"Basic\"\r\n  }\r\n}",
      "StatusCode": 200
    },
    {
      "RequestUri": "/subscriptions/e37510d7-33b6-4676-886f-ee75bcc01871/resourceGroups/crptestar7621/providers/Microsoft.Network/virtualNetworks/vn2927?api-version=2019-09-01",
      "EncodedRequestUri": "L3N1YnNjcmlwdGlvbnMvZTM3NTEwZDctMzNiNi00Njc2LTg4NmYtZWU3NWJjYzAxODcxL3Jlc291cmNlR3JvdXBzL2NycHRlc3Rhcjc2MjEvcHJvdmlkZXJzL01pY3Jvc29mdC5OZXR3b3JrL3ZpcnR1YWxOZXR3b3Jrcy92bjI5Mjc/YXBpLXZlcnNpb249MjAxOS0wOS0wMQ==",
      "RequestMethod": "PUT",
      "RequestBody": "{\r\n  \"properties\": {\r\n    \"addressSpace\": {\r\n      \"addressPrefixes\": [\r\n        \"10.0.0.0/16\"\r\n      ]\r\n    },\r\n    \"dhcpOptions\": {\r\n      \"dnsServers\": [\r\n        \"10.1.1.1\",\r\n        \"10.1.2.4\"\r\n      ]\r\n    },\r\n    \"subnets\": [\r\n      {\r\n        \"properties\": {\r\n          \"addressPrefix\": \"10.0.0.0/24\"\r\n        },\r\n        \"name\": \"sn5044\"\r\n      }\r\n    ]\r\n  },\r\n  \"location\": \"eastus2\"\r\n}",
      "RequestHeaders": {
        "x-ms-client-request-id": [
          "15658076-3a00-43fb-864a-a35154401152"
        ],
        "Accept-Language": [
          "en-US"
        ],
        "User-Agent": [
          "FxVersion/6.0.1523.11507",
          "OSName/Windows",
          "OSVersion/Microsoft.Windows.10.0.22621",
          "Microsoft.Azure.Management.Network.NetworkManagementClient/19.17.1.0"
        ],
        "Content-Type": [
          "application/json; charset=utf-8"
        ],
        "Content-Length": [
          "396"
        ]
      },
      "ResponseHeaders": {
        "Cache-Control": [
          "no-cache"
        ],
        "Pragma": [
          "no-cache"
        ],
        "Retry-After": [
          "3"
        ],
        "x-ms-request-id": [
          "371e8777-9cfc-4de4-8467-5f2e44ed18bd"
        ],
        "azure-asyncoperation": [
          "https://management.azure.com/subscriptions/e37510d7-33b6-4676-886f-ee75bcc01871/providers/Microsoft.Network/locations/eastus2/operations/371e8777-9cfc-4de4-8467-5f2e44ed18bd?api-version=2019-09-01"
        ],
        "x-ms-correlation-request-id": [
          "2bc27809-f7c1-4641-8fc4-94b480dc6f5c"
        ],
        "azure-asyncnotification": [
          "Enabled"
        ],
        "x-ms-arm-service-request-id": [
          "f16a02ce-c431-4b03-911b-d6aae8d041f1"
        ],
        "Strict-Transport-Security": [
          "max-age=31536000; includeSubDomains"
        ],
        "Server": [
          "Microsoft-HTTPAPI/2.0",
          "Microsoft-HTTPAPI/2.0"
        ],
        "x-ms-ratelimit-remaining-subscription-writes": [
          "1195"
        ],
        "x-ms-routing-request-id": [
          "CANADACENTRAL:20230316T015956Z:2bc27809-f7c1-4641-8fc4-94b480dc6f5c"
        ],
        "X-Content-Type-Options": [
          "nosniff"
        ],
        "Date": [
          "Thu, 16 Mar 2023 01:59:56 GMT"
        ],
        "Content-Length": [
          "1316"
        ],
        "Content-Type": [
          "application/json; charset=utf-8"
        ],
        "Expires": [
          "-1"
        ]
      },
      "ResponseBody": "{\r\n  \"name\": \"vn2927\",\r\n  \"id\": \"/subscriptions/e37510d7-33b6-4676-886f-ee75bcc01871/resourceGroups/crptestar7621/providers/Microsoft.Network/virtualNetworks/vn2927\",\r\n  \"etag\": \"W/\\\"89d728fb-ba4b-41c4-af7d-94160c3d3e96\\\"\",\r\n  \"type\": \"Microsoft.Network/virtualNetworks\",\r\n  \"location\": \"eastus2\",\r\n  \"properties\": {\r\n    \"provisioningState\": \"Updating\",\r\n    \"resourceGuid\": \"c8eb91dc-49df-40da-8a51-19cdb43dd37b\",\r\n    \"addressSpace\": {\r\n      \"addressPrefixes\": [\r\n        \"10.0.0.0/16\"\r\n      ]\r\n    },\r\n    \"dhcpOptions\": {\r\n      \"dnsServers\": [\r\n        \"10.1.1.1\",\r\n        \"10.1.2.4\"\r\n      ]\r\n    },\r\n    \"subnets\": [\r\n      {\r\n        \"name\": \"sn5044\",\r\n        \"id\": \"/subscriptions/e37510d7-33b6-4676-886f-ee75bcc01871/resourceGroups/crptestar7621/providers/Microsoft.Network/virtualNetworks/vn2927/subnets/sn5044\",\r\n        \"etag\": \"W/\\\"89d728fb-ba4b-41c4-af7d-94160c3d3e96\\\"\",\r\n        \"properties\": {\r\n          \"provisioningState\": \"Updating\",\r\n          \"addressPrefix\": \"10.0.0.0/24\",\r\n          \"delegations\": [],\r\n          \"privateEndpointNetworkPolicies\": \"Disabled\",\r\n          \"privateLinkServiceNetworkPolicies\": \"Enabled\"\r\n        },\r\n        \"type\": \"Microsoft.Network/virtualNetworks/subnets\"\r\n      }\r\n    ],\r\n    \"virtualNetworkPeerings\": [],\r\n    \"enableDdosProtection\": false\r\n  }\r\n}",
      "StatusCode": 201
    },
    {
      "RequestUri": "/subscriptions/e37510d7-33b6-4676-886f-ee75bcc01871/providers/Microsoft.Network/locations/eastus2/operations/371e8777-9cfc-4de4-8467-5f2e44ed18bd?api-version=2019-09-01",
      "EncodedRequestUri": "L3N1YnNjcmlwdGlvbnMvZTM3NTEwZDctMzNiNi00Njc2LTg4NmYtZWU3NWJjYzAxODcxL3Byb3ZpZGVycy9NaWNyb3NvZnQuTmV0d29yay9sb2NhdGlvbnMvZWFzdHVzMi9vcGVyYXRpb25zLzM3MWU4Nzc3LTljZmMtNGRlNC04NDY3LTVmMmU0NGVkMThiZD9hcGktdmVyc2lvbj0yMDE5LTA5LTAx",
      "RequestMethod": "GET",
      "RequestBody": "",
      "RequestHeaders": {
        "User-Agent": [
          "FxVersion/6.0.1523.11507",
          "OSName/Windows",
          "OSVersion/Microsoft.Windows.10.0.22621",
          "Microsoft.Azure.Management.Network.NetworkManagementClient/19.17.1.0"
        ]
      },
      "ResponseHeaders": {
        "Cache-Control": [
          "no-cache"
        ],
        "Pragma": [
          "no-cache"
        ],
        "x-ms-request-id": [
          "82f4af1f-462a-4d78-aae8-59175db816d6"
        ],
        "x-ms-correlation-request-id": [
          "a15cc106-bf33-405f-bf6a-4ff0d1f11f9f"
        ],
        "x-ms-arm-service-request-id": [
          "359192a7-179f-431d-abd0-5ca02dd33435"
        ],
        "Strict-Transport-Security": [
          "max-age=31536000; includeSubDomains"
        ],
        "Server": [
          "Microsoft-HTTPAPI/2.0",
          "Microsoft-HTTPAPI/2.0"
        ],
        "x-ms-ratelimit-remaining-subscription-reads": [
          "11986"
        ],
        "x-ms-routing-request-id": [
          "CANADACENTRAL:20230316T015959Z:a15cc106-bf33-405f-bf6a-4ff0d1f11f9f"
        ],
        "X-Content-Type-Options": [
          "nosniff"
        ],
        "Date": [
          "Thu, 16 Mar 2023 01:59:59 GMT"
        ],
        "Content-Length": [
          "29"
        ],
        "Content-Type": [
          "application/json; charset=utf-8"
        ],
        "Expires": [
          "-1"
        ]
      },
      "ResponseBody": "{\r\n  \"status\": \"Succeeded\"\r\n}",
      "StatusCode": 200
    },
    {
      "RequestUri": "/subscriptions/e37510d7-33b6-4676-886f-ee75bcc01871/resourceGroups/crptestar7621/providers/Microsoft.Network/virtualNetworks/vn2927?api-version=2019-09-01",
      "EncodedRequestUri": "L3N1YnNjcmlwdGlvbnMvZTM3NTEwZDctMzNiNi00Njc2LTg4NmYtZWU3NWJjYzAxODcxL3Jlc291cmNlR3JvdXBzL2NycHRlc3Rhcjc2MjEvcHJvdmlkZXJzL01pY3Jvc29mdC5OZXR3b3JrL3ZpcnR1YWxOZXR3b3Jrcy92bjI5Mjc/YXBpLXZlcnNpb249MjAxOS0wOS0wMQ==",
      "RequestMethod": "GET",
      "RequestBody": "",
      "RequestHeaders": {
        "User-Agent": [
          "FxVersion/6.0.1523.11507",
          "OSName/Windows",
          "OSVersion/Microsoft.Windows.10.0.22621",
          "Microsoft.Azure.Management.Network.NetworkManagementClient/19.17.1.0"
        ]
      },
      "ResponseHeaders": {
        "Cache-Control": [
          "no-cache"
        ],
        "Pragma": [
          "no-cache"
        ],
        "ETag": [
          "W/\"04b6cf00-aeb2-431e-ba6e-573100f49a49\""
        ],
        "x-ms-request-id": [
          "01911a78-1e4d-48de-9ab2-5c3cefcf5c47"
        ],
        "x-ms-correlation-request-id": [
          "dc276155-35e2-428d-b519-f268ea951410"
        ],
        "x-ms-arm-service-request-id": [
          "77e817d0-6abd-4e8a-a9ea-327c9146c315"
        ],
        "Strict-Transport-Security": [
          "max-age=31536000; includeSubDomains"
        ],
        "Server": [
          "Microsoft-HTTPAPI/2.0",
          "Microsoft-HTTPAPI/2.0"
        ],
        "x-ms-ratelimit-remaining-subscription-reads": [
          "11985"
        ],
        "x-ms-routing-request-id": [
          "CANADACENTRAL:20230316T015959Z:dc276155-35e2-428d-b519-f268ea951410"
        ],
        "X-Content-Type-Options": [
          "nosniff"
        ],
        "Date": [
          "Thu, 16 Mar 2023 01:59:59 GMT"
        ],
        "Content-Length": [
          "1318"
        ],
        "Content-Type": [
          "application/json; charset=utf-8"
        ],
        "Expires": [
          "-1"
        ]
      },
      "ResponseBody": "{\r\n  \"name\": \"vn2927\",\r\n  \"id\": \"/subscriptions/e37510d7-33b6-4676-886f-ee75bcc01871/resourceGroups/crptestar7621/providers/Microsoft.Network/virtualNetworks/vn2927\",\r\n  \"etag\": \"W/\\\"04b6cf00-aeb2-431e-ba6e-573100f49a49\\\"\",\r\n  \"type\": \"Microsoft.Network/virtualNetworks\",\r\n  \"location\": \"eastus2\",\r\n  \"properties\": {\r\n    \"provisioningState\": \"Succeeded\",\r\n    \"resourceGuid\": \"c8eb91dc-49df-40da-8a51-19cdb43dd37b\",\r\n    \"addressSpace\": {\r\n      \"addressPrefixes\": [\r\n        \"10.0.0.0/16\"\r\n      ]\r\n    },\r\n    \"dhcpOptions\": {\r\n      \"dnsServers\": [\r\n        \"10.1.1.1\",\r\n        \"10.1.2.4\"\r\n      ]\r\n    },\r\n    \"subnets\": [\r\n      {\r\n        \"name\": \"sn5044\",\r\n        \"id\": \"/subscriptions/e37510d7-33b6-4676-886f-ee75bcc01871/resourceGroups/crptestar7621/providers/Microsoft.Network/virtualNetworks/vn2927/subnets/sn5044\",\r\n        \"etag\": \"W/\\\"04b6cf00-aeb2-431e-ba6e-573100f49a49\\\"\",\r\n        \"properties\": {\r\n          \"provisioningState\": \"Succeeded\",\r\n          \"addressPrefix\": \"10.0.0.0/24\",\r\n          \"delegations\": [],\r\n          \"privateEndpointNetworkPolicies\": \"Disabled\",\r\n          \"privateLinkServiceNetworkPolicies\": \"Enabled\"\r\n        },\r\n        \"type\": \"Microsoft.Network/virtualNetworks/subnets\"\r\n      }\r\n    ],\r\n    \"virtualNetworkPeerings\": [],\r\n    \"enableDdosProtection\": false\r\n  }\r\n}",
      "StatusCode": 200
    },
    {
      "RequestUri": "/subscriptions/e37510d7-33b6-4676-886f-ee75bcc01871/resourceGroups/crptestar7621/providers/Microsoft.Network/virtualNetworks/vn2927/subnets/sn5044?api-version=2019-09-01",
      "EncodedRequestUri": "L3N1YnNjcmlwdGlvbnMvZTM3NTEwZDctMzNiNi00Njc2LTg4NmYtZWU3NWJjYzAxODcxL3Jlc291cmNlR3JvdXBzL2NycHRlc3Rhcjc2MjEvcHJvdmlkZXJzL01pY3Jvc29mdC5OZXR3b3JrL3ZpcnR1YWxOZXR3b3Jrcy92bjI5Mjcvc3VibmV0cy9zbjUwNDQ/YXBpLXZlcnNpb249MjAxOS0wOS0wMQ==",
      "RequestMethod": "GET",
      "RequestBody": "",
      "RequestHeaders": {
        "x-ms-client-request-id": [
          "0ca971f9-13c2-4893-9ebf-a9e1c4637a9e"
        ],
        "Accept-Language": [
          "en-US"
        ],
        "User-Agent": [
          "FxVersion/6.0.1523.11507",
          "OSName/Windows",
          "OSVersion/Microsoft.Windows.10.0.22621",
          "Microsoft.Azure.Management.Network.NetworkManagementClient/19.17.1.0"
        ]
      },
      "ResponseHeaders": {
        "Cache-Control": [
          "no-cache"
        ],
        "Pragma": [
          "no-cache"
        ],
        "ETag": [
          "W/\"04b6cf00-aeb2-431e-ba6e-573100f49a49\""
        ],
        "x-ms-request-id": [
          "8db6adb1-92d3-46b4-b37b-b61e916258b2"
        ],
        "x-ms-correlation-request-id": [
          "cb4b8357-c5d3-4f10-b0f1-2b529b65dde4"
        ],
        "x-ms-arm-service-request-id": [
          "141c0bf8-455c-439e-ba5f-0f9ba239516d"
        ],
        "Strict-Transport-Security": [
          "max-age=31536000; includeSubDomains"
        ],
        "Server": [
          "Microsoft-HTTPAPI/2.0",
          "Microsoft-HTTPAPI/2.0"
        ],
        "x-ms-ratelimit-remaining-subscription-reads": [
          "11984"
        ],
        "x-ms-routing-request-id": [
          "CANADACENTRAL:20230316T015959Z:cb4b8357-c5d3-4f10-b0f1-2b529b65dde4"
        ],
        "X-Content-Type-Options": [
          "nosniff"
        ],
        "Date": [
          "Thu, 16 Mar 2023 01:59:59 GMT"
        ],
        "Content-Length": [
          "524"
        ],
        "Content-Type": [
          "application/json; charset=utf-8"
        ],
        "Expires": [
          "-1"
        ]
      },
      "ResponseBody": "{\r\n  \"name\": \"sn5044\",\r\n  \"id\": \"/subscriptions/e37510d7-33b6-4676-886f-ee75bcc01871/resourceGroups/crptestar7621/providers/Microsoft.Network/virtualNetworks/vn2927/subnets/sn5044\",\r\n  \"etag\": \"W/\\\"04b6cf00-aeb2-431e-ba6e-573100f49a49\\\"\",\r\n  \"properties\": {\r\n    \"provisioningState\": \"Succeeded\",\r\n    \"addressPrefix\": \"10.0.0.0/24\",\r\n    \"delegations\": [],\r\n    \"privateEndpointNetworkPolicies\": \"Disabled\",\r\n    \"privateLinkServiceNetworkPolicies\": \"Enabled\"\r\n  },\r\n  \"type\": \"Microsoft.Network/virtualNetworks/subnets\"\r\n}",
      "StatusCode": 200
    },
    {
      "RequestUri": "/subscriptions/e37510d7-33b6-4676-886f-ee75bcc01871/resourceGroups/crptestar7621/providers/Microsoft.Network/networkInterfaces/nic5809?api-version=2019-09-01",
      "EncodedRequestUri": "L3N1YnNjcmlwdGlvbnMvZTM3NTEwZDctMzNiNi00Njc2LTg4NmYtZWU3NWJjYzAxODcxL3Jlc291cmNlR3JvdXBzL2NycHRlc3Rhcjc2MjEvcHJvdmlkZXJzL01pY3Jvc29mdC5OZXR3b3JrL25ldHdvcmtJbnRlcmZhY2VzL25pYzU4MDk/YXBpLXZlcnNpb249MjAxOS0wOS0wMQ==",
      "RequestMethod": "PUT",
      "RequestBody": "{\r\n  \"properties\": {\r\n    \"ipConfigurations\": [\r\n      {\r\n        \"properties\": {\r\n          \"privateIPAllocationMethod\": \"Dynamic\",\r\n          \"subnet\": {\r\n            \"properties\": {\r\n              \"addressPrefix\": \"10.0.0.0/24\",\r\n              \"delegations\": [],\r\n              \"privateEndpointNetworkPolicies\": \"Disabled\",\r\n              \"privateLinkServiceNetworkPolicies\": \"Enabled\"\r\n            },\r\n            \"name\": \"sn5044\",\r\n            \"id\": \"/subscriptions/e37510d7-33b6-4676-886f-ee75bcc01871/resourceGroups/crptestar7621/providers/Microsoft.Network/virtualNetworks/vn2927/subnets/sn5044\"\r\n          }\r\n        },\r\n        \"name\": \"ip6406\"\r\n      }\r\n    ]\r\n  },\r\n  \"location\": \"eastus2\",\r\n  \"tags\": {\r\n    \"key\": \"value\"\r\n  }\r\n}",
      "RequestHeaders": {
        "x-ms-client-request-id": [
          "3d6d73ed-00d0-480d-9662-d30694f43478"
        ],
        "Accept-Language": [
          "en-US"
        ],
        "User-Agent": [
          "FxVersion/6.0.1523.11507",
          "OSName/Windows",
          "OSVersion/Microsoft.Windows.10.0.22621",
          "Microsoft.Azure.Management.Network.NetworkManagementClient/19.17.1.0"
        ],
        "Content-Type": [
          "application/json; charset=utf-8"
        ],
        "Content-Length": [
          "743"
        ]
      },
      "ResponseHeaders": {
        "Cache-Control": [
          "no-cache"
        ],
        "Pragma": [
          "no-cache"
        ],
        "x-ms-request-id": [
          "29a22e48-28c4-4d6d-91f2-4be11882c087"
        ],
        "azure-asyncoperation": [
          "https://management.azure.com/subscriptions/e37510d7-33b6-4676-886f-ee75bcc01871/providers/Microsoft.Network/locations/eastus2/operations/29a22e48-28c4-4d6d-91f2-4be11882c087?api-version=2019-09-01"
        ],
        "x-ms-correlation-request-id": [
          "4a0b0b30-1e79-48a1-ab8f-5e491386a573"
        ],
        "azure-asyncnotification": [
          "Enabled"
        ],
        "x-ms-arm-service-request-id": [
          "9bb944b9-634d-4826-9b3f-189e47919914"
        ],
        "Strict-Transport-Security": [
          "max-age=31536000; includeSubDomains"
        ],
        "Server": [
          "Microsoft-HTTPAPI/2.0",
          "Microsoft-HTTPAPI/2.0"
        ],
        "x-ms-ratelimit-remaining-subscription-writes": [
          "1194"
        ],
        "x-ms-routing-request-id": [
          "CANADACENTRAL:20230316T020000Z:4a0b0b30-1e79-48a1-ab8f-5e491386a573"
        ],
        "X-Content-Type-Options": [
          "nosniff"
        ],
        "Date": [
          "Thu, 16 Mar 2023 02:00:00 GMT"
        ],
        "Content-Length": [
          "1625"
        ],
        "Content-Type": [
          "application/json; charset=utf-8"
        ],
        "Expires": [
          "-1"
        ]
      },
      "ResponseBody": "{\r\n  \"name\": \"nic5809\",\r\n  \"id\": \"/subscriptions/e37510d7-33b6-4676-886f-ee75bcc01871/resourceGroups/crptestar7621/providers/Microsoft.Network/networkInterfaces/nic5809\",\r\n  \"etag\": \"W/\\\"bcc7449c-cf74-4aaf-aca0-5912a3d9dddc\\\"\",\r\n  \"tags\": {\r\n    \"key\": \"value\"\r\n  },\r\n  \"properties\": {\r\n    \"provisioningState\": \"Succeeded\",\r\n    \"resourceGuid\": \"6a5935b7-2a51-434a-8a9a-9ceb3c58d981\",\r\n    \"ipConfigurations\": [\r\n      {\r\n        \"name\": \"ip6406\",\r\n        \"id\": \"/subscriptions/e37510d7-33b6-4676-886f-ee75bcc01871/resourceGroups/crptestar7621/providers/Microsoft.Network/networkInterfaces/nic5809/ipConfigurations/ip6406\",\r\n        \"etag\": \"W/\\\"bcc7449c-cf74-4aaf-aca0-5912a3d9dddc\\\"\",\r\n        \"type\": \"Microsoft.Network/networkInterfaces/ipConfigurations\",\r\n        \"properties\": {\r\n          \"provisioningState\": \"Succeeded\",\r\n          \"privateIPAddress\": \"10.0.0.4\",\r\n          \"privateIPAllocationMethod\": \"Dynamic\",\r\n          \"subnet\": {\r\n            \"id\": \"/subscriptions/e37510d7-33b6-4676-886f-ee75bcc01871/resourceGroups/crptestar7621/providers/Microsoft.Network/virtualNetworks/vn2927/subnets/sn5044\"\r\n          },\r\n          \"primary\": true,\r\n          \"privateIPAddressVersion\": \"IPv4\"\r\n        }\r\n      }\r\n    ],\r\n    \"dnsSettings\": {\r\n      \"dnsServers\": [],\r\n      \"appliedDnsServers\": [],\r\n      \"internalDomainNameSuffix\": \"1si4xsg5jhnebcsrdhg1ipotpd.cx.internal.cloudapp.net\"\r\n    },\r\n    \"enableAcceleratedNetworking\": false,\r\n    \"enableIPForwarding\": false,\r\n    \"hostedWorkloads\": [],\r\n    \"tapConfigurations\": []\r\n  },\r\n  \"type\": \"Microsoft.Network/networkInterfaces\",\r\n  \"location\": \"eastus2\"\r\n}",
      "StatusCode": 201
    },
    {
      "RequestUri": "/subscriptions/e37510d7-33b6-4676-886f-ee75bcc01871/resourceGroups/crptestar7621/providers/Microsoft.Network/networkInterfaces/nic5809?api-version=2019-09-01",
      "EncodedRequestUri": "L3N1YnNjcmlwdGlvbnMvZTM3NTEwZDctMzNiNi00Njc2LTg4NmYtZWU3NWJjYzAxODcxL3Jlc291cmNlR3JvdXBzL2NycHRlc3Rhcjc2MjEvcHJvdmlkZXJzL01pY3Jvc29mdC5OZXR3b3JrL25ldHdvcmtJbnRlcmZhY2VzL25pYzU4MDk/YXBpLXZlcnNpb249MjAxOS0wOS0wMQ==",
      "RequestMethod": "GET",
      "RequestBody": "",
      "RequestHeaders": {
        "User-Agent": [
          "FxVersion/6.0.1523.11507",
          "OSName/Windows",
          "OSVersion/Microsoft.Windows.10.0.22621",
          "Microsoft.Azure.Management.Network.NetworkManagementClient/19.17.1.0"
        ]
      },
      "ResponseHeaders": {
        "Cache-Control": [
          "no-cache"
        ],
        "Pragma": [
          "no-cache"
        ],
        "ETag": [
          "W/\"bcc7449c-cf74-4aaf-aca0-5912a3d9dddc\""
        ],
        "x-ms-request-id": [
          "0faaf3f3-e679-4cce-bfc1-58193de8716e"
        ],
        "x-ms-correlation-request-id": [
          "71f55a0f-a6c0-461d-9064-373c3879fb9b"
        ],
        "x-ms-arm-service-request-id": [
          "8617128e-19e3-43c1-af65-fc215dd246d7"
        ],
        "Strict-Transport-Security": [
          "max-age=31536000; includeSubDomains"
        ],
        "Server": [
          "Microsoft-HTTPAPI/2.0",
          "Microsoft-HTTPAPI/2.0"
        ],
        "x-ms-ratelimit-remaining-subscription-reads": [
          "11983"
        ],
        "x-ms-routing-request-id": [
          "CANADACENTRAL:20230316T020000Z:71f55a0f-a6c0-461d-9064-373c3879fb9b"
        ],
        "X-Content-Type-Options": [
          "nosniff"
        ],
        "Date": [
          "Thu, 16 Mar 2023 02:00:00 GMT"
        ],
        "Content-Length": [
          "1625"
        ],
        "Content-Type": [
          "application/json; charset=utf-8"
        ],
        "Expires": [
          "-1"
        ]
      },
      "ResponseBody": "{\r\n  \"name\": \"nic5809\",\r\n  \"id\": \"/subscriptions/e37510d7-33b6-4676-886f-ee75bcc01871/resourceGroups/crptestar7621/providers/Microsoft.Network/networkInterfaces/nic5809\",\r\n  \"etag\": \"W/\\\"bcc7449c-cf74-4aaf-aca0-5912a3d9dddc\\\"\",\r\n  \"tags\": {\r\n    \"key\": \"value\"\r\n  },\r\n  \"properties\": {\r\n    \"provisioningState\": \"Succeeded\",\r\n    \"resourceGuid\": \"6a5935b7-2a51-434a-8a9a-9ceb3c58d981\",\r\n    \"ipConfigurations\": [\r\n      {\r\n        \"name\": \"ip6406\",\r\n        \"id\": \"/subscriptions/e37510d7-33b6-4676-886f-ee75bcc01871/resourceGroups/crptestar7621/providers/Microsoft.Network/networkInterfaces/nic5809/ipConfigurations/ip6406\",\r\n        \"etag\": \"W/\\\"bcc7449c-cf74-4aaf-aca0-5912a3d9dddc\\\"\",\r\n        \"type\": \"Microsoft.Network/networkInterfaces/ipConfigurations\",\r\n        \"properties\": {\r\n          \"provisioningState\": \"Succeeded\",\r\n          \"privateIPAddress\": \"10.0.0.4\",\r\n          \"privateIPAllocationMethod\": \"Dynamic\",\r\n          \"subnet\": {\r\n            \"id\": \"/subscriptions/e37510d7-33b6-4676-886f-ee75bcc01871/resourceGroups/crptestar7621/providers/Microsoft.Network/virtualNetworks/vn2927/subnets/sn5044\"\r\n          },\r\n          \"primary\": true,\r\n          \"privateIPAddressVersion\": \"IPv4\"\r\n        }\r\n      }\r\n    ],\r\n    \"dnsSettings\": {\r\n      \"dnsServers\": [],\r\n      \"appliedDnsServers\": [],\r\n      \"internalDomainNameSuffix\": \"1si4xsg5jhnebcsrdhg1ipotpd.cx.internal.cloudapp.net\"\r\n    },\r\n    \"enableAcceleratedNetworking\": false,\r\n    \"enableIPForwarding\": false,\r\n    \"hostedWorkloads\": [],\r\n    \"tapConfigurations\": []\r\n  },\r\n  \"type\": \"Microsoft.Network/networkInterfaces\",\r\n  \"location\": \"eastus2\"\r\n}",
      "StatusCode": 200
    },
    {
      "RequestUri": "/subscriptions/e37510d7-33b6-4676-886f-ee75bcc01871/resourceGroups/crptestar7621/providers/Microsoft.Network/networkInterfaces/nic5809?api-version=2019-09-01",
      "EncodedRequestUri": "L3N1YnNjcmlwdGlvbnMvZTM3NTEwZDctMzNiNi00Njc2LTg4NmYtZWU3NWJjYzAxODcxL3Jlc291cmNlR3JvdXBzL2NycHRlc3Rhcjc2MjEvcHJvdmlkZXJzL01pY3Jvc29mdC5OZXR3b3JrL25ldHdvcmtJbnRlcmZhY2VzL25pYzU4MDk/YXBpLXZlcnNpb249MjAxOS0wOS0wMQ==",
      "RequestMethod": "GET",
      "RequestBody": "",
      "RequestHeaders": {
        "x-ms-client-request-id": [
          "3694c945-6b6b-4269-91d3-e312687bd46b"
        ],
        "Accept-Language": [
          "en-US"
        ],
        "User-Agent": [
          "FxVersion/6.0.1523.11507",
          "OSName/Windows",
          "OSVersion/Microsoft.Windows.10.0.22621",
          "Microsoft.Azure.Management.Network.NetworkManagementClient/19.17.1.0"
        ]
      },
      "ResponseHeaders": {
        "Cache-Control": [
          "no-cache"
        ],
        "Pragma": [
          "no-cache"
        ],
        "ETag": [
          "W/\"bcc7449c-cf74-4aaf-aca0-5912a3d9dddc\""
        ],
        "x-ms-request-id": [
          "786e9e46-a3f7-4b5d-be06-c7c689425fc0"
        ],
        "x-ms-correlation-request-id": [
          "1ba1b52f-2404-4b08-adf0-f06e6480b457"
        ],
        "x-ms-arm-service-request-id": [
          "33a35b2a-204d-4de6-8354-23479066bc10"
        ],
        "Strict-Transport-Security": [
          "max-age=31536000; includeSubDomains"
        ],
        "Server": [
          "Microsoft-HTTPAPI/2.0",
          "Microsoft-HTTPAPI/2.0"
        ],
        "x-ms-ratelimit-remaining-subscription-reads": [
          "11982"
        ],
        "x-ms-routing-request-id": [
          "CANADACENTRAL:20230316T020000Z:1ba1b52f-2404-4b08-adf0-f06e6480b457"
        ],
        "X-Content-Type-Options": [
          "nosniff"
        ],
        "Date": [
          "Thu, 16 Mar 2023 02:00:00 GMT"
        ],
        "Content-Length": [
          "1625"
        ],
        "Content-Type": [
          "application/json; charset=utf-8"
        ],
        "Expires": [
          "-1"
        ]
      },
      "ResponseBody": "{\r\n  \"name\": \"nic5809\",\r\n  \"id\": \"/subscriptions/e37510d7-33b6-4676-886f-ee75bcc01871/resourceGroups/crptestar7621/providers/Microsoft.Network/networkInterfaces/nic5809\",\r\n  \"etag\": \"W/\\\"bcc7449c-cf74-4aaf-aca0-5912a3d9dddc\\\"\",\r\n  \"tags\": {\r\n    \"key\": \"value\"\r\n  },\r\n  \"properties\": {\r\n    \"provisioningState\": \"Succeeded\",\r\n    \"resourceGuid\": \"6a5935b7-2a51-434a-8a9a-9ceb3c58d981\",\r\n    \"ipConfigurations\": [\r\n      {\r\n        \"name\": \"ip6406\",\r\n        \"id\": \"/subscriptions/e37510d7-33b6-4676-886f-ee75bcc01871/resourceGroups/crptestar7621/providers/Microsoft.Network/networkInterfaces/nic5809/ipConfigurations/ip6406\",\r\n        \"etag\": \"W/\\\"bcc7449c-cf74-4aaf-aca0-5912a3d9dddc\\\"\",\r\n        \"type\": \"Microsoft.Network/networkInterfaces/ipConfigurations\",\r\n        \"properties\": {\r\n          \"provisioningState\": \"Succeeded\",\r\n          \"privateIPAddress\": \"10.0.0.4\",\r\n          \"privateIPAllocationMethod\": \"Dynamic\",\r\n          \"subnet\": {\r\n            \"id\": \"/subscriptions/e37510d7-33b6-4676-886f-ee75bcc01871/resourceGroups/crptestar7621/providers/Microsoft.Network/virtualNetworks/vn2927/subnets/sn5044\"\r\n          },\r\n          \"primary\": true,\r\n          \"privateIPAddressVersion\": \"IPv4\"\r\n        }\r\n      }\r\n    ],\r\n    \"dnsSettings\": {\r\n      \"dnsServers\": [],\r\n      \"appliedDnsServers\": [],\r\n      \"internalDomainNameSuffix\": \"1si4xsg5jhnebcsrdhg1ipotpd.cx.internal.cloudapp.net\"\r\n    },\r\n    \"enableAcceleratedNetworking\": false,\r\n    \"enableIPForwarding\": false,\r\n    \"hostedWorkloads\": [],\r\n    \"tapConfigurations\": []\r\n  },\r\n  \"type\": \"Microsoft.Network/networkInterfaces\",\r\n  \"location\": \"eastus2\"\r\n}",
      "StatusCode": 200
    },
    {
      "RequestUri": "/subscriptions/e37510d7-33b6-4676-886f-ee75bcc01871/resourceGroups/crptestar7621/providers/Microsoft.Compute/virtualMachineScaleSets/vmss1846?api-version=2023-03-01",
      "EncodedRequestUri": "L3N1YnNjcmlwdGlvbnMvZTM3NTEwZDctMzNiNi00Njc2LTg4NmYtZWU3NWJjYzAxODcxL3Jlc291cmNlR3JvdXBzL2NycHRlc3Rhcjc2MjEvcHJvdmlkZXJzL01pY3Jvc29mdC5Db21wdXRlL3ZpcnR1YWxNYWNoaW5lU2NhbGVTZXRzL3Ztc3MxODQ2P2FwaS12ZXJzaW9uPTIwMjMtMDMtMDE=",
      "RequestMethod": "PUT",
      "RequestBody": "{\r\n  \"sku\": {\r\n    \"name\": \"Standard_A1_v2\",\r\n    \"capacity\": 2\r\n  },\r\n  \"properties\": {\r\n    \"upgradePolicy\": {\r\n      \"mode\": \"Automatic\"\r\n    },\r\n    \"virtualMachineProfile\": {\r\n      \"osProfile\": {\r\n        \"computerNamePrefix\": \"test\",\r\n        \"adminUsername\": \"Foo12\",\r\n        \"adminPassword\": \"[PLACEHOLDEr1]\",\r\n        \"customData\": \"Q3VzdG9tIGRhdGE=\"\r\n      },\r\n      \"storageProfile\": {\r\n        \"imageReference\": {\r\n          \"publisher\": \"MicrosoftWindowsServer\",\r\n          \"offer\": \"WindowsServer\",\r\n          \"sku\": \"2012-R2-Datacenter\",\r\n          \"version\": \"4.127.20180315\"\r\n        },\r\n        \"osDisk\": {\r\n          \"name\": \"test\",\r\n          \"caching\": \"None\",\r\n          \"createOption\": \"FromImage\",\r\n          \"vhdContainers\": [\r\n            \"https://crptestar8116.blob.core.windows.net/crptestar8813\"\r\n          ]\r\n        }\r\n      },\r\n      \"networkProfile\": {\r\n        \"networkInterfaceConfigurations\": [\r\n          {\r\n            \"name\": \"vmsstestnetconfig9315\",\r\n            \"properties\": {\r\n              \"primary\": true,\r\n              \"ipConfigurations\": [\r\n                {\r\n                  \"name\": \"vmsstestnetconfig4075\",\r\n                  \"properties\": {\r\n                    \"subnet\": {\r\n                      \"id\": \"/subscriptions/e37510d7-33b6-4676-886f-ee75bcc01871/resourceGroups/crptestar7621/providers/Microsoft.Network/virtualNetworks/vn2927/subnets/sn5044\"\r\n                    },\r\n                    \"applicationGatewayBackendAddressPools\": []\r\n                  }\r\n                }\r\n              ]\r\n            }\r\n          }\r\n        ]\r\n      }\r\n    },\r\n    \"overprovision\": false\r\n  },\r\n  \"location\": \"eastus2\",\r\n  \"tags\": {\r\n    \"RG\": \"rg\",\r\n    \"testTag\": \"1\"\r\n  }\r\n}",
      "RequestHeaders": {
        "x-ms-client-request-id": [
          "682dfee2-35ea-4efc-9c22-9f01fec90d70"
        ],
        "Accept-Language": [
          "en-US"
        ],
        "User-Agent": [
          "FxVersion/6.0.1523.11507",
          "OSName/Windows",
          "OSVersion/Microsoft.Windows.10.0.22621",
          "Microsoft.Azure.Management.Compute.ComputeManagementClient/61.0.0"
        ],
        "Content-Type": [
          "application/json; charset=utf-8"
        ],
        "Content-Length": [
          "1726"
        ]
      },
      "ResponseHeaders": {
        "Cache-Control": [
          "no-cache"
        ],
        "Pragma": [
          "no-cache"
        ],
        "Retry-After": [
          "10"
        ],
        "Azure-AsyncOperation": [
          "https://management.azure.com/subscriptions/e37510d7-33b6-4676-886f-ee75bcc01871/providers/Microsoft.Compute/locations/eastus2/operations/82231c0e-7d3b-482f-b2ae-412746f2b02b?p=41da89ab-29fa-414a-bb5c-9eea1ddab902&api-version=2023-03-01"
        ],
        "Azure-AsyncNotification": [
          "Enabled"
        ],
        "x-ms-ratelimit-remaining-resource": [
          "Microsoft.Compute/CreateVMScaleSet3Min;59,Microsoft.Compute/CreateVMScaleSet30Min;299,Microsoft.Compute/VMScaleSetBatchedVMRequests5Min;1198,Microsoft.Compute/VmssQueuedVMOperations;0"
        ],
        "x-ms-request-charge": [
          "2"
        ],
        "Strict-Transport-Security": [
          "max-age=31536000; includeSubDomains"
        ],
        "x-ms-request-id": [
          "82231c0e-7d3b-482f-b2ae-412746f2b02b"
        ],
        "Server": [
          "Microsoft-HTTPAPI/2.0",
          "Microsoft-HTTPAPI/2.0"
        ],
        "x-ms-ratelimit-remaining-subscription-writes": [
          "1199"
        ],
        "x-ms-correlation-request-id": [
          "72ffc5aa-9c74-45c4-a8b9-bae092f789d7"
        ],
        "x-ms-routing-request-id": [
          "CANADACENTRAL:20230316T020003Z:72ffc5aa-9c74-45c4-a8b9-bae092f789d7"
        ],
        "X-Content-Type-Options": [
          "nosniff"
        ],
        "Date": [
          "Thu, 16 Mar 2023 02:00:03 GMT"
        ],
        "Content-Length": [
          "3331"
        ],
        "Content-Type": [
          "application/json; charset=utf-8"
        ],
        "Expires": [
          "-1"
        ]
      },
      "ResponseBody": "{\r\n  \"name\": \"vmss1846\",\r\n  \"id\": \"/subscriptions/e37510d7-33b6-4676-886f-ee75bcc01871/resourceGroups/crptestar7621/providers/Microsoft.Compute/virtualMachineScaleSets/vmss1846\",\r\n  \"type\": \"Microsoft.Compute/virtualMachineScaleSets\",\r\n  \"location\": \"eastus2\",\r\n  \"tags\": {\r\n    \"RG\": \"rg\",\r\n    \"testTag\": \"1\",\r\n    \"azsecpack\": \"nonprod\",\r\n    \"platformsettings.host_environment.service.platform_optedin_for_rootcerts\": \"true\"\r\n  },\r\n  \"sku\": {\r\n    \"name\": \"Standard_A1_v2\",\r\n    \"tier\": \"Standard\",\r\n    \"capacity\": 2\r\n  },\r\n  \"properties\": {\r\n    \"singlePlacementGroup\": true,\r\n    \"orchestrationMode\": \"Uniform\",\r\n    \"upgradePolicy\": {\r\n      \"mode\": \"Automatic\"\r\n    },\r\n    \"virtualMachineProfile\": {\r\n      \"osProfile\": {\r\n        \"computerNamePrefix\": \"test\",\r\n        \"adminUsername\": \"Foo12\",\r\n        \"windowsConfiguration\": {\r\n          \"provisionVMAgent\": true,\r\n          \"enableAutomaticUpdates\": true,\r\n          \"enableVMAgentPlatformUpdates\": false\r\n        },\r\n        \"secrets\": [],\r\n        \"allowExtensionOperations\": true,\r\n        \"requireGuestProvisionSignal\": true\r\n      },\r\n      \"storageProfile\": {\r\n        \"osDisk\": {\r\n          \"vhdContainers\": [\r\n            \"https://crptestar8116.blob.core.windows.net/crptestar8813\"\r\n          ],\r\n          \"osType\": \"Windows\",\r\n          \"name\": \"test\",\r\n          \"createOption\": \"FromImage\",\r\n          \"caching\": \"None\"\r\n        },\r\n        \"imageReference\": {\r\n          \"publisher\": \"MicrosoftWindowsServer\",\r\n          \"offer\": \"WindowsServer\",\r\n          \"sku\": \"2012-R2-Datacenter\",\r\n          \"version\": \"4.127.20180315\"\r\n        }\r\n      },\r\n      \"networkProfile\": {\r\n        \"networkInterfaceConfigurations\": [\r\n          {\r\n            \"name\": \"vmsstestnetconfig9315\",\r\n            \"properties\": {\r\n              \"primary\": true,\r\n              \"enableAcceleratedNetworking\": false,\r\n              \"disableTcpStateTracking\": false,\r\n              \"dnsSettings\": {\r\n                \"dnsServers\": []\r\n              },\r\n              \"enableIPForwarding\": false,\r\n              \"ipConfigurations\": [\r\n                {\r\n                  \"name\": \"vmsstestnetconfig4075\",\r\n                  \"properties\": {\r\n                    \"subnet\": {\r\n                      \"id\": \"/subscriptions/e37510d7-33b6-4676-886f-ee75bcc01871/resourceGroups/crptestar7621/providers/Microsoft.Network/virtualNetworks/vn2927/subnets/sn5044\"\r\n                    },\r\n                    \"privateIPAddressVersion\": \"IPv4\"\r\n                  }\r\n                }\r\n              ]\r\n            }\r\n          }\r\n        ]\r\n      },\r\n      \"extensionProfile\": {\r\n        \"extensions\": [\r\n          {\r\n            \"name\": \"Microsoft.Azure.Security.AntimalwareSignature.AntimalwareConfiguration\",\r\n            \"properties\": {\r\n              \"autoUpgradeMinorVersion\": true,\r\n              \"enableAutomaticUpgrade\": true,\r\n              \"publisher\": \"Microsoft.Azure.Security.AntimalwareSignature\",\r\n              \"type\": \"AntimalwareConfiguration\",\r\n              \"typeHandlerVersion\": \"2.0\",\r\n              \"settings\": {}\r\n            }\r\n          },\r\n          {\r\n            \"name\": \"Microsoft.Azure.Geneva.GenevaMonitoring\",\r\n            \"properties\": {\r\n              \"autoUpgradeMinorVersion\": true,\r\n              \"enableAutomaticUpgrade\": true,\r\n              \"publisher\": \"Microsoft.Azure.Geneva\",\r\n              \"type\": \"GenevaMonitoring\",\r\n              \"typeHandlerVersion\": \"2.0\",\r\n              \"settings\": {}\r\n            }\r\n          }\r\n        ]\r\n      }\r\n    },\r\n    \"provisioningState\": \"Creating\",\r\n    \"overprovision\": false,\r\n    \"doNotRunExtensionsOnOverprovisionedVMs\": false,\r\n    \"uniqueId\": \"c3b3a659-7682-47fc-ba18-f194d04d4524\",\r\n    \"timeCreated\": \"2023-03-15T22:00:02.6118615-04:00\"\r\n  }\r\n}",
      "StatusCode": 201
    },
    {
      "RequestUri": "/subscriptions/e37510d7-33b6-4676-886f-ee75bcc01871/resourceGroups/crptestar7621/providers/Microsoft.Compute/virtualMachineScaleSets/vmss1846?api-version=2023-03-01",
      "EncodedRequestUri": "L3N1YnNjcmlwdGlvbnMvZTM3NTEwZDctMzNiNi00Njc2LTg4NmYtZWU3NWJjYzAxODcxL3Jlc291cmNlR3JvdXBzL2NycHRlc3Rhcjc2MjEvcHJvdmlkZXJzL01pY3Jvc29mdC5Db21wdXRlL3ZpcnR1YWxNYWNoaW5lU2NhbGVTZXRzL3Ztc3MxODQ2P2FwaS12ZXJzaW9uPTIwMjMtMDMtMDE=",
      "RequestMethod": "PUT",
      "RequestBody": "{\r\n  \"sku\": {\r\n    \"name\": \"Standard_A1_v2\",\r\n    \"capacity\": 2\r\n  },\r\n  \"properties\": {\r\n    \"upgradePolicy\": {\r\n      \"mode\": \"Automatic\"\r\n    },\r\n    \"virtualMachineProfile\": {\r\n      \"osProfile\": {\r\n        \"computerNamePrefix\": \"test\",\r\n        \"adminUsername\": \"Foo12\",\r\n        \"adminPassword\": \"[PLACEHOLDEr1]\",\r\n        \"customData\": \"Q3VzdG9tIGRhdGE=\"\r\n      },\r\n      \"storageProfile\": {\r\n        \"imageReference\": {\r\n          \"publisher\": \"MicrosoftWindowsServer\",\r\n          \"offer\": \"WindowsServer\",\r\n          \"sku\": \"2012-R2-Datacenter\",\r\n          \"version\": \"4.127.20180315\"\r\n        },\r\n        \"osDisk\": {\r\n          \"name\": \"test\",\r\n          \"caching\": \"None\",\r\n          \"createOption\": \"FromImage\",\r\n          \"vhdContainers\": [\r\n            \"https://crptestar8116.blob.core.windows.net/crptestar8813\"\r\n          ]\r\n        }\r\n      },\r\n      \"networkProfile\": {\r\n        \"networkInterfaceConfigurations\": [\r\n          {\r\n            \"name\": \"vmsstestnetconfig9315\",\r\n            \"properties\": {\r\n              \"primary\": true,\r\n              \"ipConfigurations\": [\r\n                {\r\n                  \"name\": \"vmsstestnetconfig4075\",\r\n                  \"properties\": {\r\n                    \"subnet\": {\r\n                      \"id\": \"/subscriptions/e37510d7-33b6-4676-886f-ee75bcc01871/resourceGroups/crptestar7621/providers/Microsoft.Network/virtualNetworks/vn2927/subnets/sn5044\"\r\n                    },\r\n                    \"applicationGatewayBackendAddressPools\": []\r\n                  }\r\n                }\r\n              ]\r\n            }\r\n          }\r\n        ]\r\n      },\r\n      \"extensionProfile\": {\r\n        \"extensions\": [\r\n          {\r\n            \"name\": \"vmssext01\",\r\n            \"properties\": {\r\n              \"publisher\": \"Microsoft.Compute\",\r\n              \"type\": \"VMAccessAgent\",\r\n              \"typeHandlerVersion\": \"2.0\",\r\n              \"autoUpgradeMinorVersion\": false,\r\n              \"settings\": \"{}\",\r\n              \"protectedSettings\": \"{}\"\r\n            }\r\n          }\r\n        ]\r\n      }\r\n    },\r\n    \"overprovision\": false\r\n  },\r\n  \"location\": \"eastus2\",\r\n  \"tags\": {\r\n    \"RG\": \"rg\",\r\n    \"testTag\": \"1\"\r\n  }\r\n}",
      "RequestHeaders": {
        "x-ms-client-request-id": [
          "ddc43f76-ce47-437b-a8f6-ed122750366b"
        ],
        "Accept-Language": [
          "en-US"
        ],
        "User-Agent": [
          "FxVersion/6.0.1523.11507",
          "OSName/Windows",
          "OSVersion/Microsoft.Windows.10.0.22621",
          "Microsoft.Azure.Management.Compute.ComputeManagementClient/61.0.0"
        ],
        "Content-Type": [
          "application/json; charset=utf-8"
        ],
        "Content-Length": [
          "2161"
        ]
      },
      "ResponseHeaders": {
        "Cache-Control": [
          "no-cache"
        ],
        "Pragma": [
          "no-cache"
        ],
        "Retry-After": [
          "10"
        ],
        "Azure-AsyncOperation": [
          "https://management.azure.com/subscriptions/e37510d7-33b6-4676-886f-ee75bcc01871/providers/Microsoft.Compute/locations/eastus2/operations/8374f42f-438f-44e4-91e6-359c8c131200?p=41da89ab-29fa-414a-bb5c-9eea1ddab902&api-version=2023-03-01"
        ],
        "Azure-AsyncNotification": [
          "Enabled"
        ],
        "x-ms-ratelimit-remaining-resource": [
          "Microsoft.Compute/CreateVMScaleSet3Min;59,Microsoft.Compute/CreateVMScaleSet30Min;298,Microsoft.Compute/VMScaleSetBatchedVMRequests5Min;1198,Microsoft.Compute/VmssQueuedVMOperations;0"
        ],
        "x-ms-request-charge": [
          "2"
        ],
        "Strict-Transport-Security": [
          "max-age=31536000; includeSubDomains"
        ],
        "x-ms-request-id": [
          "8374f42f-438f-44e4-91e6-359c8c131200"
        ],
        "Server": [
          "Microsoft-HTTPAPI/2.0",
          "Microsoft-HTTPAPI/2.0"
        ],
        "x-ms-ratelimit-remaining-subscription-writes": [
          "1196"
        ],
        "x-ms-correlation-request-id": [
          "094051d4-7bf4-4179-b300-8464b6437080"
        ],
        "x-ms-routing-request-id": [
          "CANADACENTRAL:20230316T020512Z:094051d4-7bf4-4179-b300-8464b6437080"
        ],
        "X-Content-Type-Options": [
          "nosniff"
        ],
        "Date": [
          "Thu, 16 Mar 2023 02:05:12 GMT"
        ],
        "Content-Length": [
          "3650"
        ],
        "Content-Type": [
          "application/json; charset=utf-8"
        ],
        "Expires": [
          "-1"
        ]
      },
      "ResponseBody": "{\r\n  \"name\": \"vmss1846\",\r\n  \"id\": \"/subscriptions/e37510d7-33b6-4676-886f-ee75bcc01871/resourceGroups/crptestar7621/providers/Microsoft.Compute/virtualMachineScaleSets/vmss1846\",\r\n  \"type\": \"Microsoft.Compute/virtualMachineScaleSets\",\r\n  \"location\": \"eastus2\",\r\n  \"tags\": {\r\n    \"RG\": \"rg\",\r\n    \"testTag\": \"1\",\r\n    \"azsecpack\": \"nonprod\",\r\n    \"platformsettings.host_environment.service.platform_optedin_for_rootcerts\": \"true\"\r\n  },\r\n  \"sku\": {\r\n    \"name\": \"Standard_A1_v2\",\r\n    \"tier\": \"Standard\",\r\n    \"capacity\": 2\r\n  },\r\n  \"properties\": {\r\n    \"singlePlacementGroup\": true,\r\n    \"orchestrationMode\": \"Uniform\",\r\n    \"upgradePolicy\": {\r\n      \"mode\": \"Automatic\"\r\n    },\r\n    \"virtualMachineProfile\": {\r\n      \"osProfile\": {\r\n        \"computerNamePrefix\": \"test\",\r\n        \"adminUsername\": \"Foo12\",\r\n        \"windowsConfiguration\": {\r\n          \"provisionVMAgent\": true,\r\n          \"enableAutomaticUpdates\": true,\r\n          \"enableVMAgentPlatformUpdates\": false\r\n        },\r\n        \"secrets\": [],\r\n        \"allowExtensionOperations\": true,\r\n        \"requireGuestProvisionSignal\": true\r\n      },\r\n      \"storageProfile\": {\r\n        \"osDisk\": {\r\n          \"vhdContainers\": [\r\n            \"https://crptestar8116.blob.core.windows.net/crptestar8813\"\r\n          ],\r\n          \"osType\": \"Windows\",\r\n          \"name\": \"test\",\r\n          \"createOption\": \"FromImage\",\r\n          \"caching\": \"None\"\r\n        },\r\n        \"imageReference\": {\r\n          \"publisher\": \"MicrosoftWindowsServer\",\r\n          \"offer\": \"WindowsServer\",\r\n          \"sku\": \"2012-R2-Datacenter\",\r\n          \"version\": \"4.127.20180315\"\r\n        }\r\n      },\r\n      \"networkProfile\": {\r\n        \"networkInterfaceConfigurations\": [\r\n          {\r\n            \"name\": \"vmsstestnetconfig9315\",\r\n            \"properties\": {\r\n              \"primary\": true,\r\n              \"enableAcceleratedNetworking\": false,\r\n              \"disableTcpStateTracking\": false,\r\n              \"dnsSettings\": {\r\n                \"dnsServers\": []\r\n              },\r\n              \"enableIPForwarding\": false,\r\n              \"ipConfigurations\": [\r\n                {\r\n                  \"name\": \"vmsstestnetconfig4075\",\r\n                  \"properties\": {\r\n                    \"subnet\": {\r\n                      \"id\": \"/subscriptions/e37510d7-33b6-4676-886f-ee75bcc01871/resourceGroups/crptestar7621/providers/Microsoft.Network/virtualNetworks/vn2927/subnets/sn5044\"\r\n                    },\r\n                    \"privateIPAddressVersion\": \"IPv4\"\r\n                  }\r\n                }\r\n              ]\r\n            }\r\n          }\r\n        ]\r\n      },\r\n      \"extensionProfile\": {\r\n        \"extensions\": [\r\n          {\r\n            \"name\": \"Microsoft.Azure.Security.AntimalwareSignature.AntimalwareConfiguration\",\r\n            \"properties\": {\r\n              \"autoUpgradeMinorVersion\": true,\r\n              \"enableAutomaticUpgrade\": true,\r\n              \"publisher\": \"Microsoft.Azure.Security.AntimalwareSignature\",\r\n              \"type\": \"AntimalwareConfiguration\",\r\n              \"typeHandlerVersion\": \"2.0\",\r\n              \"settings\": {}\r\n            }\r\n          },\r\n          {\r\n            \"name\": \"Microsoft.Azure.Geneva.GenevaMonitoring\",\r\n            \"properties\": {\r\n              \"autoUpgradeMinorVersion\": true,\r\n              \"enableAutomaticUpgrade\": true,\r\n              \"publisher\": \"Microsoft.Azure.Geneva\",\r\n              \"type\": \"GenevaMonitoring\",\r\n              \"typeHandlerVersion\": \"2.0\",\r\n              \"settings\": {}\r\n            }\r\n          },\r\n          {\r\n            \"name\": \"vmssext01\",\r\n            \"properties\": {\r\n              \"autoUpgradeMinorVersion\": false,\r\n              \"publisher\": \"Microsoft.Compute\",\r\n              \"type\": \"VMAccessAgent\",\r\n              \"typeHandlerVersion\": \"2.0\",\r\n              \"settings\": \"{}\"\r\n            }\r\n          }\r\n        ]\r\n      }\r\n    },\r\n    \"provisioningState\": \"Updating\",\r\n    \"overprovision\": false,\r\n    \"doNotRunExtensionsOnOverprovisionedVMs\": false,\r\n    \"uniqueId\": \"c3b3a659-7682-47fc-ba18-f194d04d4524\",\r\n    \"timeCreated\": \"2023-03-15T22:00:02.6118615-04:00\"\r\n  }\r\n}",
      "StatusCode": 200
    },
    {
      "RequestUri": "/subscriptions/e37510d7-33b6-4676-886f-ee75bcc01871/providers/Microsoft.Compute/locations/eastus2/operations/82231c0e-7d3b-482f-b2ae-412746f2b02b?p=41da89ab-29fa-414a-bb5c-9eea1ddab902&api-version=2023-03-01",
      "EncodedRequestUri": "L3N1YnNjcmlwdGlvbnMvZTM3NTEwZDctMzNiNi00Njc2LTg4NmYtZWU3NWJjYzAxODcxL3Byb3ZpZGVycy9NaWNyb3NvZnQuQ29tcHV0ZS9sb2NhdGlvbnMvZWFzdHVzMi9vcGVyYXRpb25zLzgyMjMxYzBlLTdkM2ItNDgyZi1iMmFlLTQxMjc0NmYyYjAyYj9wPTQxZGE4OWFiLTI5ZmEtNDE0YS1iYjVjLTllZWExZGRhYjkwMiZhcGktdmVyc2lvbj0yMDIzLTAzLTAx",
      "RequestMethod": "GET",
      "RequestBody": "",
      "RequestHeaders": {
        "User-Agent": [
          "FxVersion/6.0.1523.11507",
          "OSName/Windows",
          "OSVersion/Microsoft.Windows.10.0.22621",
          "Microsoft.Azure.Management.Compute.ComputeManagementClient/61.0.0"
        ]
      },
      "ResponseHeaders": {
        "Cache-Control": [
          "no-cache"
        ],
        "Pragma": [
          "no-cache"
        ],
        "Retry-After": [
          "97"
        ],
        "x-ms-ratelimit-remaining-resource": [
          "Microsoft.Compute/GetOperation3Min;14999,Microsoft.Compute/GetOperation30Min;29999"
        ],
        "Strict-Transport-Security": [
          "max-age=31536000; includeSubDomains"
        ],
        "x-ms-request-id": [
          "3c6175f0-29c2-4cfd-902a-6a4e80bb023a"
        ],
        "Server": [
          "Microsoft-HTTPAPI/2.0",
          "Microsoft-HTTPAPI/2.0"
        ],
        "x-ms-ratelimit-remaining-subscription-reads": [
          "11998"
        ],
        "x-ms-correlation-request-id": [
          "f366ddd3-ffec-4817-bae2-0902d4ac9dbf"
        ],
        "x-ms-routing-request-id": [
          "CANADACENTRAL:20230316T020013Z:f366ddd3-ffec-4817-bae2-0902d4ac9dbf"
        ],
        "X-Content-Type-Options": [
          "nosniff"
        ],
        "Date": [
          "Thu, 16 Mar 2023 02:00:13 GMT"
        ],
        "Content-Length": [
          "134"
        ],
        "Content-Type": [
          "application/json; charset=utf-8"
        ],
        "Expires": [
          "-1"
        ]
      },
      "ResponseBody": "{\r\n  \"startTime\": \"2023-03-15T22:00:02.6118615-04:00\",\r\n  \"status\": \"InProgress\",\r\n  \"name\": \"82231c0e-7d3b-482f-b2ae-412746f2b02b\"\r\n}",
      "StatusCode": 200
    },
    {
      "RequestUri": "/subscriptions/e37510d7-33b6-4676-886f-ee75bcc01871/providers/Microsoft.Compute/locations/eastus2/operations/82231c0e-7d3b-482f-b2ae-412746f2b02b?p=41da89ab-29fa-414a-bb5c-9eea1ddab902&api-version=2023-03-01",
      "EncodedRequestUri": "L3N1YnNjcmlwdGlvbnMvZTM3NTEwZDctMzNiNi00Njc2LTg4NmYtZWU3NWJjYzAxODcxL3Byb3ZpZGVycy9NaWNyb3NvZnQuQ29tcHV0ZS9sb2NhdGlvbnMvZWFzdHVzMi9vcGVyYXRpb25zLzgyMjMxYzBlLTdkM2ItNDgyZi1iMmFlLTQxMjc0NmYyYjAyYj9wPTQxZGE4OWFiLTI5ZmEtNDE0YS1iYjVjLTllZWExZGRhYjkwMiZhcGktdmVyc2lvbj0yMDIzLTAzLTAx",
      "RequestMethod": "GET",
      "RequestBody": "",
      "RequestHeaders": {
        "User-Agent": [
          "FxVersion/6.0.1523.11507",
          "OSName/Windows",
          "OSVersion/Microsoft.Windows.10.0.22621",
          "Microsoft.Azure.Management.Compute.ComputeManagementClient/61.0.0"
        ]
      },
      "ResponseHeaders": {
        "Cache-Control": [
          "no-cache"
        ],
        "Pragma": [
          "no-cache"
        ],
        "x-ms-ratelimit-remaining-resource": [
          "Microsoft.Compute/GetOperation3Min;14997,Microsoft.Compute/GetOperation30Min;29997"
        ],
        "Strict-Transport-Security": [
          "max-age=31536000; includeSubDomains"
        ],
        "x-ms-request-id": [
          "46082193-e318-4839-bc46-0aa7b3d418a4"
        ],
        "Server": [
          "Microsoft-HTTPAPI/2.0",
          "Microsoft-HTTPAPI/2.0"
        ],
        "x-ms-ratelimit-remaining-subscription-reads": [
          "11999"
        ],
        "x-ms-correlation-request-id": [
          "1144a344-33af-46d6-8f3f-a599dc249b18"
        ],
        "x-ms-routing-request-id": [
          "UKSOUTH:20230316T020152Z:1144a344-33af-46d6-8f3f-a599dc249b18"
        ],
        "X-Content-Type-Options": [
          "nosniff"
        ],
        "Date": [
          "Thu, 16 Mar 2023 02:01:52 GMT"
        ],
        "Content-Length": [
          "134"
        ],
        "Content-Type": [
          "application/json; charset=utf-8"
        ],
        "Expires": [
          "-1"
        ]
      },
      "ResponseBody": "{\r\n  \"startTime\": \"2023-03-15T22:00:02.6118615-04:00\",\r\n  \"status\": \"InProgress\",\r\n  \"name\": \"82231c0e-7d3b-482f-b2ae-412746f2b02b\"\r\n}",
      "StatusCode": 200
    },
    {
      "RequestUri": "/subscriptions/e37510d7-33b6-4676-886f-ee75bcc01871/providers/Microsoft.Compute/locations/eastus2/operations/82231c0e-7d3b-482f-b2ae-412746f2b02b?p=41da89ab-29fa-414a-bb5c-9eea1ddab902&api-version=2023-03-01",
      "EncodedRequestUri": "L3N1YnNjcmlwdGlvbnMvZTM3NTEwZDctMzNiNi00Njc2LTg4NmYtZWU3NWJjYzAxODcxL3Byb3ZpZGVycy9NaWNyb3NvZnQuQ29tcHV0ZS9sb2NhdGlvbnMvZWFzdHVzMi9vcGVyYXRpb25zLzgyMjMxYzBlLTdkM2ItNDgyZi1iMmFlLTQxMjc0NmYyYjAyYj9wPTQxZGE4OWFiLTI5ZmEtNDE0YS1iYjVjLTllZWExZGRhYjkwMiZhcGktdmVyc2lvbj0yMDIzLTAzLTAx",
      "RequestMethod": "GET",
      "RequestBody": "",
      "RequestHeaders": {
        "User-Agent": [
          "FxVersion/6.0.1523.11507",
          "OSName/Windows",
          "OSVersion/Microsoft.Windows.10.0.22621",
          "Microsoft.Azure.Management.Compute.ComputeManagementClient/61.0.0"
        ]
      },
      "ResponseHeaders": {
        "Cache-Control": [
          "no-cache"
        ],
        "Pragma": [
          "no-cache"
        ],
        "x-ms-ratelimit-remaining-resource": [
          "Microsoft.Compute/GetOperation3Min;14995,Microsoft.Compute/GetOperation30Min;29994"
        ],
        "Strict-Transport-Security": [
          "max-age=31536000; includeSubDomains"
        ],
        "x-ms-request-id": [
          "a727a06f-7daf-4158-bcce-6f60ce7e869a"
        ],
        "Server": [
          "Microsoft-HTTPAPI/2.0",
          "Microsoft-HTTPAPI/2.0"
        ],
        "x-ms-ratelimit-remaining-subscription-reads": [
          "11999"
        ],
        "x-ms-correlation-request-id": [
          "1102a11b-645d-478f-ab8b-e48a05bbcbcd"
        ],
        "x-ms-routing-request-id": [
          "CANADACENTRAL:20230316T020330Z:1102a11b-645d-478f-ab8b-e48a05bbcbcd"
        ],
        "X-Content-Type-Options": [
          "nosniff"
        ],
        "Date": [
          "Thu, 16 Mar 2023 02:03:30 GMT"
        ],
        "Content-Length": [
          "134"
        ],
        "Content-Type": [
          "application/json; charset=utf-8"
        ],
        "Expires": [
          "-1"
        ]
      },
      "ResponseBody": "{\r\n  \"startTime\": \"2023-03-15T22:00:02.6118615-04:00\",\r\n  \"status\": \"InProgress\",\r\n  \"name\": \"82231c0e-7d3b-482f-b2ae-412746f2b02b\"\r\n}",
      "StatusCode": 200
    },
    {
      "RequestUri": "/subscriptions/e37510d7-33b6-4676-886f-ee75bcc01871/providers/Microsoft.Compute/locations/eastus2/operations/82231c0e-7d3b-482f-b2ae-412746f2b02b?p=41da89ab-29fa-414a-bb5c-9eea1ddab902&api-version=2023-03-01",
      "EncodedRequestUri": "L3N1YnNjcmlwdGlvbnMvZTM3NTEwZDctMzNiNi00Njc2LTg4NmYtZWU3NWJjYzAxODcxL3Byb3ZpZGVycy9NaWNyb3NvZnQuQ29tcHV0ZS9sb2NhdGlvbnMvZWFzdHVzMi9vcGVyYXRpb25zLzgyMjMxYzBlLTdkM2ItNDgyZi1iMmFlLTQxMjc0NmYyYjAyYj9wPTQxZGE4OWFiLTI5ZmEtNDE0YS1iYjVjLTllZWExZGRhYjkwMiZhcGktdmVyc2lvbj0yMDIzLTAzLTAx",
      "RequestMethod": "GET",
      "RequestBody": "",
      "RequestHeaders": {
        "User-Agent": [
          "FxVersion/6.0.1523.11507",
          "OSName/Windows",
          "OSVersion/Microsoft.Windows.10.0.22621",
          "Microsoft.Azure.Management.Compute.ComputeManagementClient/61.0.0"
        ]
      },
      "ResponseHeaders": {
        "Cache-Control": [
          "no-cache"
        ],
        "Pragma": [
          "no-cache"
        ],
        "x-ms-ratelimit-remaining-resource": [
          "Microsoft.Compute/GetOperation3Min;14995,Microsoft.Compute/GetOperation30Min;29991"
        ],
        "Strict-Transport-Security": [
          "max-age=31536000; includeSubDomains"
        ],
        "x-ms-request-id": [
          "1b6b71c3-f41b-4aa9-9314-d39fe35f91b2"
        ],
        "Server": [
          "Microsoft-HTTPAPI/2.0",
          "Microsoft-HTTPAPI/2.0"
        ],
        "x-ms-ratelimit-remaining-subscription-reads": [
          "11991"
        ],
        "x-ms-correlation-request-id": [
          "fda59949-5f99-41c3-97a0-2c529ddc2653"
        ],
        "x-ms-routing-request-id": [
          "CANADACENTRAL:20230316T020508Z:fda59949-5f99-41c3-97a0-2c529ddc2653"
        ],
        "X-Content-Type-Options": [
          "nosniff"
        ],
        "Date": [
          "Thu, 16 Mar 2023 02:05:08 GMT"
        ],
        "Content-Length": [
          "183"
        ],
        "Content-Type": [
          "application/json; charset=utf-8"
        ],
        "Expires": [
          "-1"
        ]
      },
      "ResponseBody": "{\r\n  \"startTime\": \"2023-03-15T22:00:02.6118615-04:00\",\r\n  \"endTime\": \"2023-03-15T22:04:02.329392-04:00\",\r\n  \"status\": \"Succeeded\",\r\n  \"name\": \"82231c0e-7d3b-482f-b2ae-412746f2b02b\"\r\n}",
      "StatusCode": 200
    },
    {
      "RequestUri": "/subscriptions/e37510d7-33b6-4676-886f-ee75bcc01871/resourceGroups/crptestar7621/providers/Microsoft.Compute/virtualMachineScaleSets/vmss1846?api-version=2023-03-01",
      "EncodedRequestUri": "L3N1YnNjcmlwdGlvbnMvZTM3NTEwZDctMzNiNi00Njc2LTg4NmYtZWU3NWJjYzAxODcxL3Jlc291cmNlR3JvdXBzL2NycHRlc3Rhcjc2MjEvcHJvdmlkZXJzL01pY3Jvc29mdC5Db21wdXRlL3ZpcnR1YWxNYWNoaW5lU2NhbGVTZXRzL3Ztc3MxODQ2P2FwaS12ZXJzaW9uPTIwMjMtMDMtMDE=",
      "RequestMethod": "GET",
      "RequestBody": "",
      "RequestHeaders": {
        "User-Agent": [
          "FxVersion/6.0.1523.11507",
          "OSName/Windows",
          "OSVersion/Microsoft.Windows.10.0.22621",
          "Microsoft.Azure.Management.Compute.ComputeManagementClient/61.0.0"
        ]
      },
      "ResponseHeaders": {
        "Cache-Control": [
          "no-cache"
        ],
        "Pragma": [
          "no-cache"
        ],
        "x-ms-ratelimit-remaining-resource": [
          "Microsoft.Compute/GetVMScaleSet3Min;395,Microsoft.Compute/GetVMScaleSet30Min;2594"
        ],
        "Strict-Transport-Security": [
          "max-age=31536000; includeSubDomains"
        ],
        "x-ms-request-id": [
          "5a975bf1-7bfb-44d3-9d5f-7f72831b6b0f"
        ],
        "Server": [
          "Microsoft-HTTPAPI/2.0",
          "Microsoft-HTTPAPI/2.0"
        ],
        "x-ms-ratelimit-remaining-subscription-reads": [
          "11990"
        ],
        "x-ms-correlation-request-id": [
          "5ab65446-6da0-4033-9afc-ac9c6ba51991"
        ],
        "x-ms-routing-request-id": [
          "CANADACENTRAL:20230316T020508Z:5ab65446-6da0-4033-9afc-ac9c6ba51991"
        ],
        "X-Content-Type-Options": [
          "nosniff"
        ],
        "Date": [
          "Thu, 16 Mar 2023 02:05:08 GMT"
        ],
        "Content-Length": [
          "3332"
        ],
        "Content-Type": [
          "application/json; charset=utf-8"
        ],
        "Expires": [
          "-1"
        ]
      },
      "ResponseBody": "{\r\n  \"name\": \"vmss1846\",\r\n  \"id\": \"/subscriptions/e37510d7-33b6-4676-886f-ee75bcc01871/resourceGroups/crptestar7621/providers/Microsoft.Compute/virtualMachineScaleSets/vmss1846\",\r\n  \"type\": \"Microsoft.Compute/virtualMachineScaleSets\",\r\n  \"location\": \"eastus2\",\r\n  \"tags\": {\r\n    \"RG\": \"rg\",\r\n    \"testTag\": \"1\",\r\n    \"azsecpack\": \"nonprod\",\r\n    \"platformsettings.host_environment.service.platform_optedin_for_rootcerts\": \"true\"\r\n  },\r\n  \"sku\": {\r\n    \"name\": \"Standard_A1_v2\",\r\n    \"tier\": \"Standard\",\r\n    \"capacity\": 2\r\n  },\r\n  \"properties\": {\r\n    \"singlePlacementGroup\": true,\r\n    \"orchestrationMode\": \"Uniform\",\r\n    \"upgradePolicy\": {\r\n      \"mode\": \"Automatic\"\r\n    },\r\n    \"virtualMachineProfile\": {\r\n      \"osProfile\": {\r\n        \"computerNamePrefix\": \"test\",\r\n        \"adminUsername\": \"Foo12\",\r\n        \"windowsConfiguration\": {\r\n          \"provisionVMAgent\": true,\r\n          \"enableAutomaticUpdates\": true,\r\n          \"enableVMAgentPlatformUpdates\": false\r\n        },\r\n        \"secrets\": [],\r\n        \"allowExtensionOperations\": true,\r\n        \"requireGuestProvisionSignal\": true\r\n      },\r\n      \"storageProfile\": {\r\n        \"osDisk\": {\r\n          \"vhdContainers\": [\r\n            \"https://crptestar8116.blob.core.windows.net/crptestar8813\"\r\n          ],\r\n          \"osType\": \"Windows\",\r\n          \"name\": \"test\",\r\n          \"createOption\": \"FromImage\",\r\n          \"caching\": \"None\"\r\n        },\r\n        \"imageReference\": {\r\n          \"publisher\": \"MicrosoftWindowsServer\",\r\n          \"offer\": \"WindowsServer\",\r\n          \"sku\": \"2012-R2-Datacenter\",\r\n          \"version\": \"4.127.20180315\"\r\n        }\r\n      },\r\n      \"networkProfile\": {\r\n        \"networkInterfaceConfigurations\": [\r\n          {\r\n            \"name\": \"vmsstestnetconfig9315\",\r\n            \"properties\": {\r\n              \"primary\": true,\r\n              \"enableAcceleratedNetworking\": false,\r\n              \"disableTcpStateTracking\": false,\r\n              \"dnsSettings\": {\r\n                \"dnsServers\": []\r\n              },\r\n              \"enableIPForwarding\": false,\r\n              \"ipConfigurations\": [\r\n                {\r\n                  \"name\": \"vmsstestnetconfig4075\",\r\n                  \"properties\": {\r\n                    \"subnet\": {\r\n                      \"id\": \"/subscriptions/e37510d7-33b6-4676-886f-ee75bcc01871/resourceGroups/crptestar7621/providers/Microsoft.Network/virtualNetworks/vn2927/subnets/sn5044\"\r\n                    },\r\n                    \"privateIPAddressVersion\": \"IPv4\"\r\n                  }\r\n                }\r\n              ]\r\n            }\r\n          }\r\n        ]\r\n      },\r\n      \"extensionProfile\": {\r\n        \"extensions\": [\r\n          {\r\n            \"name\": \"Microsoft.Azure.Security.AntimalwareSignature.AntimalwareConfiguration\",\r\n            \"properties\": {\r\n              \"autoUpgradeMinorVersion\": true,\r\n              \"enableAutomaticUpgrade\": true,\r\n              \"publisher\": \"Microsoft.Azure.Security.AntimalwareSignature\",\r\n              \"type\": \"AntimalwareConfiguration\",\r\n              \"typeHandlerVersion\": \"2.0\",\r\n              \"settings\": {}\r\n            }\r\n          },\r\n          {\r\n            \"name\": \"Microsoft.Azure.Geneva.GenevaMonitoring\",\r\n            \"properties\": {\r\n              \"autoUpgradeMinorVersion\": true,\r\n              \"enableAutomaticUpgrade\": true,\r\n              \"publisher\": \"Microsoft.Azure.Geneva\",\r\n              \"type\": \"GenevaMonitoring\",\r\n              \"typeHandlerVersion\": \"2.0\",\r\n              \"settings\": {}\r\n            }\r\n          }\r\n        ]\r\n      }\r\n    },\r\n    \"provisioningState\": \"Succeeded\",\r\n    \"overprovision\": false,\r\n    \"doNotRunExtensionsOnOverprovisionedVMs\": false,\r\n    \"uniqueId\": \"c3b3a659-7682-47fc-ba18-f194d04d4524\",\r\n    \"timeCreated\": \"2023-03-15T22:00:02.6118615-04:00\"\r\n  }\r\n}",
      "StatusCode": 200
    },
    {
      "RequestUri": "/subscriptions/e37510d7-33b6-4676-886f-ee75bcc01871/resourceGroups/crptestar7621/providers/Microsoft.Compute/virtualMachineScaleSets/vmss1846?api-version=2023-03-01",
      "EncodedRequestUri": "L3N1YnNjcmlwdGlvbnMvZTM3NTEwZDctMzNiNi00Njc2LTg4NmYtZWU3NWJjYzAxODcxL3Jlc291cmNlR3JvdXBzL2NycHRlc3Rhcjc2MjEvcHJvdmlkZXJzL01pY3Jvc29mdC5Db21wdXRlL3ZpcnR1YWxNYWNoaW5lU2NhbGVTZXRzL3Ztc3MxODQ2P2FwaS12ZXJzaW9uPTIwMjMtMDMtMDE=",
      "RequestMethod": "GET",
      "RequestBody": "",
      "RequestHeaders": {
        "x-ms-client-request-id": [
          "153e5d3e-7cc1-4839-8943-10cd4ccabfb4"
        ],
        "Accept-Language": [
          "en-US"
        ],
        "User-Agent": [
          "FxVersion/6.0.1523.11507",
          "OSName/Windows",
          "OSVersion/Microsoft.Windows.10.0.22621",
          "Microsoft.Azure.Management.Compute.ComputeManagementClient/61.0.0"
        ]
      },
      "ResponseHeaders": {
        "Cache-Control": [
          "no-cache"
        ],
        "Pragma": [
          "no-cache"
        ],
        "x-ms-ratelimit-remaining-resource": [
          "Microsoft.Compute/GetVMScaleSet3Min;394,Microsoft.Compute/GetVMScaleSet30Min;2593"
        ],
        "Strict-Transport-Security": [
          "max-age=31536000; includeSubDomains"
        ],
        "x-ms-request-id": [
          "dbee0e26-c607-4116-b8cc-b00159fbe6f8"
        ],
        "Server": [
          "Microsoft-HTTPAPI/2.0",
          "Microsoft-HTTPAPI/2.0"
        ],
        "x-ms-ratelimit-remaining-subscription-reads": [
          "11989"
        ],
        "x-ms-correlation-request-id": [
          "5ef03d78-2bfb-4b00-bd9e-000abf17da15"
        ],
        "x-ms-routing-request-id": [
          "CANADACENTRAL:20230316T020508Z:5ef03d78-2bfb-4b00-bd9e-000abf17da15"
        ],
        "X-Content-Type-Options": [
          "nosniff"
        ],
        "Date": [
          "Thu, 16 Mar 2023 02:05:08 GMT"
        ],
        "Content-Length": [
          "3332"
        ],
        "Content-Type": [
          "application/json; charset=utf-8"
        ],
        "Expires": [
          "-1"
        ]
      },
      "ResponseBody": "{\r\n  \"name\": \"vmss1846\",\r\n  \"id\": \"/subscriptions/e37510d7-33b6-4676-886f-ee75bcc01871/resourceGroups/crptestar7621/providers/Microsoft.Compute/virtualMachineScaleSets/vmss1846\",\r\n  \"type\": \"Microsoft.Compute/virtualMachineScaleSets\",\r\n  \"location\": \"eastus2\",\r\n  \"tags\": {\r\n    \"RG\": \"rg\",\r\n    \"testTag\": \"1\",\r\n    \"azsecpack\": \"nonprod\",\r\n    \"platformsettings.host_environment.service.platform_optedin_for_rootcerts\": \"true\"\r\n  },\r\n  \"sku\": {\r\n    \"name\": \"Standard_A1_v2\",\r\n    \"tier\": \"Standard\",\r\n    \"capacity\": 2\r\n  },\r\n  \"properties\": {\r\n    \"singlePlacementGroup\": true,\r\n    \"orchestrationMode\": \"Uniform\",\r\n    \"upgradePolicy\": {\r\n      \"mode\": \"Automatic\"\r\n    },\r\n    \"virtualMachineProfile\": {\r\n      \"osProfile\": {\r\n        \"computerNamePrefix\": \"test\",\r\n        \"adminUsername\": \"Foo12\",\r\n        \"windowsConfiguration\": {\r\n          \"provisionVMAgent\": true,\r\n          \"enableAutomaticUpdates\": true,\r\n          \"enableVMAgentPlatformUpdates\": false\r\n        },\r\n        \"secrets\": [],\r\n        \"allowExtensionOperations\": true,\r\n        \"requireGuestProvisionSignal\": true\r\n      },\r\n      \"storageProfile\": {\r\n        \"osDisk\": {\r\n          \"vhdContainers\": [\r\n            \"https://crptestar8116.blob.core.windows.net/crptestar8813\"\r\n          ],\r\n          \"osType\": \"Windows\",\r\n          \"name\": \"test\",\r\n          \"createOption\": \"FromImage\",\r\n          \"caching\": \"None\"\r\n        },\r\n        \"imageReference\": {\r\n          \"publisher\": \"MicrosoftWindowsServer\",\r\n          \"offer\": \"WindowsServer\",\r\n          \"sku\": \"2012-R2-Datacenter\",\r\n          \"version\": \"4.127.20180315\"\r\n        }\r\n      },\r\n      \"networkProfile\": {\r\n        \"networkInterfaceConfigurations\": [\r\n          {\r\n            \"name\": \"vmsstestnetconfig9315\",\r\n            \"properties\": {\r\n              \"primary\": true,\r\n              \"enableAcceleratedNetworking\": false,\r\n              \"disableTcpStateTracking\": false,\r\n              \"dnsSettings\": {\r\n                \"dnsServers\": []\r\n              },\r\n              \"enableIPForwarding\": false,\r\n              \"ipConfigurations\": [\r\n                {\r\n                  \"name\": \"vmsstestnetconfig4075\",\r\n                  \"properties\": {\r\n                    \"subnet\": {\r\n                      \"id\": \"/subscriptions/e37510d7-33b6-4676-886f-ee75bcc01871/resourceGroups/crptestar7621/providers/Microsoft.Network/virtualNetworks/vn2927/subnets/sn5044\"\r\n                    },\r\n                    \"privateIPAddressVersion\": \"IPv4\"\r\n                  }\r\n                }\r\n              ]\r\n            }\r\n          }\r\n        ]\r\n      },\r\n      \"extensionProfile\": {\r\n        \"extensions\": [\r\n          {\r\n            \"name\": \"Microsoft.Azure.Security.AntimalwareSignature.AntimalwareConfiguration\",\r\n            \"properties\": {\r\n              \"autoUpgradeMinorVersion\": true,\r\n              \"enableAutomaticUpgrade\": true,\r\n              \"publisher\": \"Microsoft.Azure.Security.AntimalwareSignature\",\r\n              \"type\": \"AntimalwareConfiguration\",\r\n              \"typeHandlerVersion\": \"2.0\",\r\n              \"settings\": {}\r\n            }\r\n          },\r\n          {\r\n            \"name\": \"Microsoft.Azure.Geneva.GenevaMonitoring\",\r\n            \"properties\": {\r\n              \"autoUpgradeMinorVersion\": true,\r\n              \"enableAutomaticUpgrade\": true,\r\n              \"publisher\": \"Microsoft.Azure.Geneva\",\r\n              \"type\": \"GenevaMonitoring\",\r\n              \"typeHandlerVersion\": \"2.0\",\r\n              \"settings\": {}\r\n            }\r\n          }\r\n        ]\r\n      }\r\n    },\r\n    \"provisioningState\": \"Succeeded\",\r\n    \"overprovision\": false,\r\n    \"doNotRunExtensionsOnOverprovisionedVMs\": false,\r\n    \"uniqueId\": \"c3b3a659-7682-47fc-ba18-f194d04d4524\",\r\n    \"timeCreated\": \"2023-03-15T22:00:02.6118615-04:00\"\r\n  }\r\n}",
      "StatusCode": 200
    },
    {
      "RequestUri": "/subscriptions/e37510d7-33b6-4676-886f-ee75bcc01871/resourceGroups/crptestar7621/providers/Microsoft.Compute/virtualMachineScaleSets/vmss1846?api-version=2023-03-01",
      "EncodedRequestUri": "L3N1YnNjcmlwdGlvbnMvZTM3NTEwZDctMzNiNi00Njc2LTg4NmYtZWU3NWJjYzAxODcxL3Jlc291cmNlR3JvdXBzL2NycHRlc3Rhcjc2MjEvcHJvdmlkZXJzL01pY3Jvc29mdC5Db21wdXRlL3ZpcnR1YWxNYWNoaW5lU2NhbGVTZXRzL3Ztc3MxODQ2P2FwaS12ZXJzaW9uPTIwMjMtMDMtMDE=",
      "RequestMethod": "GET",
      "RequestBody": "",
      "RequestHeaders": {
        "x-ms-client-request-id": [
          "0549ca8c-be36-4b5f-b906-5c603ee01214"
        ],
        "Accept-Language": [
          "en-US"
        ],
        "User-Agent": [
          "FxVersion/6.0.1523.11507",
          "OSName/Windows",
          "OSVersion/Microsoft.Windows.10.0.22621",
          "Microsoft.Azure.Management.Compute.ComputeManagementClient/61.0.0"
        ]
      },
      "ResponseHeaders": {
        "Cache-Control": [
          "no-cache"
        ],
        "Pragma": [
          "no-cache"
        ],
        "x-ms-ratelimit-remaining-resource": [
          "Microsoft.Compute/GetVMScaleSet3Min;393,Microsoft.Compute/GetVMScaleSet30Min;2592"
        ],
        "Strict-Transport-Security": [
          "max-age=31536000; includeSubDomains"
        ],
        "x-ms-request-id": [
          "89aba4cd-8b35-4e9a-b387-75a856f083d0"
        ],
        "Server": [
          "Microsoft-HTTPAPI/2.0",
          "Microsoft-HTTPAPI/2.0"
        ],
        "x-ms-ratelimit-remaining-subscription-reads": [
          "11988"
        ],
        "x-ms-correlation-request-id": [
          "9c9add26-1313-4e6b-abb3-24f5953228c5"
        ],
        "x-ms-routing-request-id": [
          "CANADACENTRAL:20230316T020508Z:9c9add26-1313-4e6b-abb3-24f5953228c5"
        ],
        "X-Content-Type-Options": [
          "nosniff"
        ],
        "Date": [
          "Thu, 16 Mar 2023 02:05:08 GMT"
        ],
        "Content-Length": [
          "3332"
        ],
        "Content-Type": [
          "application/json; charset=utf-8"
        ],
        "Expires": [
          "-1"
        ]
      },
      "ResponseBody": "{\r\n  \"name\": \"vmss1846\",\r\n  \"id\": \"/subscriptions/e37510d7-33b6-4676-886f-ee75bcc01871/resourceGroups/crptestar7621/providers/Microsoft.Compute/virtualMachineScaleSets/vmss1846\",\r\n  \"type\": \"Microsoft.Compute/virtualMachineScaleSets\",\r\n  \"location\": \"eastus2\",\r\n  \"tags\": {\r\n    \"RG\": \"rg\",\r\n    \"testTag\": \"1\",\r\n    \"azsecpack\": \"nonprod\",\r\n    \"platformsettings.host_environment.service.platform_optedin_for_rootcerts\": \"true\"\r\n  },\r\n  \"sku\": {\r\n    \"name\": \"Standard_A1_v2\",\r\n    \"tier\": \"Standard\",\r\n    \"capacity\": 2\r\n  },\r\n  \"properties\": {\r\n    \"singlePlacementGroup\": true,\r\n    \"orchestrationMode\": \"Uniform\",\r\n    \"upgradePolicy\": {\r\n      \"mode\": \"Automatic\"\r\n    },\r\n    \"virtualMachineProfile\": {\r\n      \"osProfile\": {\r\n        \"computerNamePrefix\": \"test\",\r\n        \"adminUsername\": \"Foo12\",\r\n        \"windowsConfiguration\": {\r\n          \"provisionVMAgent\": true,\r\n          \"enableAutomaticUpdates\": true,\r\n          \"enableVMAgentPlatformUpdates\": false\r\n        },\r\n        \"secrets\": [],\r\n        \"allowExtensionOperations\": true,\r\n        \"requireGuestProvisionSignal\": true\r\n      },\r\n      \"storageProfile\": {\r\n        \"osDisk\": {\r\n          \"vhdContainers\": [\r\n            \"https://crptestar8116.blob.core.windows.net/crptestar8813\"\r\n          ],\r\n          \"osType\": \"Windows\",\r\n          \"name\": \"test\",\r\n          \"createOption\": \"FromImage\",\r\n          \"caching\": \"None\"\r\n        },\r\n        \"imageReference\": {\r\n          \"publisher\": \"MicrosoftWindowsServer\",\r\n          \"offer\": \"WindowsServer\",\r\n          \"sku\": \"2012-R2-Datacenter\",\r\n          \"version\": \"4.127.20180315\"\r\n        }\r\n      },\r\n      \"networkProfile\": {\r\n        \"networkInterfaceConfigurations\": [\r\n          {\r\n            \"name\": \"vmsstestnetconfig9315\",\r\n            \"properties\": {\r\n              \"primary\": true,\r\n              \"enableAcceleratedNetworking\": false,\r\n              \"disableTcpStateTracking\": false,\r\n              \"dnsSettings\": {\r\n                \"dnsServers\": []\r\n              },\r\n              \"enableIPForwarding\": false,\r\n              \"ipConfigurations\": [\r\n                {\r\n                  \"name\": \"vmsstestnetconfig4075\",\r\n                  \"properties\": {\r\n                    \"subnet\": {\r\n                      \"id\": \"/subscriptions/e37510d7-33b6-4676-886f-ee75bcc01871/resourceGroups/crptestar7621/providers/Microsoft.Network/virtualNetworks/vn2927/subnets/sn5044\"\r\n                    },\r\n                    \"privateIPAddressVersion\": \"IPv4\"\r\n                  }\r\n                }\r\n              ]\r\n            }\r\n          }\r\n        ]\r\n      },\r\n      \"extensionProfile\": {\r\n        \"extensions\": [\r\n          {\r\n            \"name\": \"Microsoft.Azure.Security.AntimalwareSignature.AntimalwareConfiguration\",\r\n            \"properties\": {\r\n              \"autoUpgradeMinorVersion\": true,\r\n              \"enableAutomaticUpgrade\": true,\r\n              \"publisher\": \"Microsoft.Azure.Security.AntimalwareSignature\",\r\n              \"type\": \"AntimalwareConfiguration\",\r\n              \"typeHandlerVersion\": \"2.0\",\r\n              \"settings\": {}\r\n            }\r\n          },\r\n          {\r\n            \"name\": \"Microsoft.Azure.Geneva.GenevaMonitoring\",\r\n            \"properties\": {\r\n              \"autoUpgradeMinorVersion\": true,\r\n              \"enableAutomaticUpgrade\": true,\r\n              \"publisher\": \"Microsoft.Azure.Geneva\",\r\n              \"type\": \"GenevaMonitoring\",\r\n              \"typeHandlerVersion\": \"2.0\",\r\n              \"settings\": {}\r\n            }\r\n          }\r\n        ]\r\n      }\r\n    },\r\n    \"provisioningState\": \"Succeeded\",\r\n    \"overprovision\": false,\r\n    \"doNotRunExtensionsOnOverprovisionedVMs\": false,\r\n    \"uniqueId\": \"c3b3a659-7682-47fc-ba18-f194d04d4524\",\r\n    \"timeCreated\": \"2023-03-15T22:00:02.6118615-04:00\"\r\n  }\r\n}",
      "StatusCode": 200
    },
    {
      "RequestUri": "/subscriptions/e37510d7-33b6-4676-886f-ee75bcc01871/resourceGroups/crptestar7621/providers/Microsoft.Compute/virtualMachineScaleSets/vmss1846?api-version=2023-03-01",
      "EncodedRequestUri": "L3N1YnNjcmlwdGlvbnMvZTM3NTEwZDctMzNiNi00Njc2LTg4NmYtZWU3NWJjYzAxODcxL3Jlc291cmNlR3JvdXBzL2NycHRlc3Rhcjc2MjEvcHJvdmlkZXJzL01pY3Jvc29mdC5Db21wdXRlL3ZpcnR1YWxNYWNoaW5lU2NhbGVTZXRzL3Ztc3MxODQ2P2FwaS12ZXJzaW9uPTIwMjMtMDMtMDE=",
      "RequestMethod": "GET",
      "RequestBody": "",
      "RequestHeaders": {
        "User-Agent": [
          "FxVersion/6.0.1523.11507",
          "OSName/Windows",
          "OSVersion/Microsoft.Windows.10.0.22621",
          "Microsoft.Azure.Management.Compute.ComputeManagementClient/61.0.0"
        ]
      },
      "ResponseHeaders": {
        "Cache-Control": [
          "no-cache"
        ],
        "Pragma": [
          "no-cache"
        ],
        "x-ms-ratelimit-remaining-resource": [
          "Microsoft.Compute/GetVMScaleSet3Min;384,Microsoft.Compute/GetVMScaleSet30Min;2583"
        ],
        "Strict-Transport-Security": [
          "max-age=31536000; includeSubDomains"
        ],
        "x-ms-request-id": [
          "52956d78-b823-4d3a-ad92-c4d3af0e0165"
        ],
        "Server": [
          "Microsoft-HTTPAPI/2.0",
          "Microsoft-HTTPAPI/2.0"
        ],
        "x-ms-ratelimit-remaining-subscription-reads": [
          "11985"
        ],
        "x-ms-correlation-request-id": [
          "889438f1-59eb-4ae2-8750-5a8c84be0a74"
        ],
        "x-ms-routing-request-id": [
          "CANADACENTRAL:20230316T020613Z:889438f1-59eb-4ae2-8750-5a8c84be0a74"
        ],
        "X-Content-Type-Options": [
          "nosniff"
        ],
        "Date": [
          "Thu, 16 Mar 2023 02:06:13 GMT"
        ],
        "Content-Length": [
          "4066"
        ],
        "Content-Type": [
          "application/json; charset=utf-8"
        ],
        "Expires": [
          "-1"
        ]
      },
      "ResponseBody": "{\r\n  \"name\": \"vmss1846\",\r\n  \"id\": \"/subscriptions/e37510d7-33b6-4676-886f-ee75bcc01871/resourceGroups/crptestar7621/providers/Microsoft.Compute/virtualMachineScaleSets/vmss1846\",\r\n  \"type\": \"Microsoft.Compute/virtualMachineScaleSets\",\r\n  \"location\": \"eastus2\",\r\n  \"tags\": {\r\n    \"RG\": \"rg\",\r\n    \"testTag\": \"1\",\r\n    \"azsecpack\": \"nonprod\",\r\n    \"platformsettings.host_environment.service.platform_optedin_for_rootcerts\": \"true\"\r\n  },\r\n  \"identity\": {\r\n    \"type\": \"UserAssigned\",\r\n    \"userAssignedIdentities\": {\r\n      \"/subscriptions/e37510d7-33b6-4676-886f-ee75bcc01871/resourceGroups/AzSecPackAutoConfigRG/providers/Microsoft.ManagedIdentity/userAssignedIdentities/AzSecPackAutoConfigUA-eastus2\": {\r\n        \"principalId\": \"783b6573-df0b-4181-8791-95050995e223\",\r\n        \"clientId\": \"a41b9f34-a591-4c91-806e-9ca8259f9a65\"\r\n      }\r\n    }\r\n  },\r\n  \"sku\": {\r\n    \"name\": \"Standard_A1_v2\",\r\n    \"tier\": \"Standard\",\r\n    \"capacity\": 2\r\n  },\r\n  \"properties\": {\r\n    \"singlePlacementGroup\": true,\r\n    \"orchestrationMode\": \"Uniform\",\r\n    \"upgradePolicy\": {\r\n      \"mode\": \"Automatic\"\r\n    },\r\n    \"virtualMachineProfile\": {\r\n      \"osProfile\": {\r\n        \"computerNamePrefix\": \"test\",\r\n        \"adminUsername\": \"Foo12\",\r\n        \"windowsConfiguration\": {\r\n          \"provisionVMAgent\": true,\r\n          \"enableAutomaticUpdates\": true,\r\n          \"enableVMAgentPlatformUpdates\": false\r\n        },\r\n        \"secrets\": [],\r\n        \"allowExtensionOperations\": true,\r\n        \"requireGuestProvisionSignal\": true\r\n      },\r\n      \"storageProfile\": {\r\n        \"osDisk\": {\r\n          \"vhdContainers\": [\r\n            \"https://crptestar8116.blob.core.windows.net/crptestar8813\"\r\n          ],\r\n          \"osType\": \"Windows\",\r\n          \"name\": \"test\",\r\n          \"createOption\": \"FromImage\",\r\n          \"caching\": \"None\"\r\n        },\r\n        \"imageReference\": {\r\n          \"publisher\": \"MicrosoftWindowsServer\",\r\n          \"offer\": \"WindowsServer\",\r\n          \"sku\": \"2012-R2-Datacenter\",\r\n          \"version\": \"4.127.20180315\"\r\n        }\r\n      },\r\n      \"networkProfile\": {\r\n        \"networkInterfaceConfigurations\": [\r\n          {\r\n            \"name\": \"vmsstestnetconfig9315\",\r\n            \"properties\": {\r\n              \"primary\": true,\r\n              \"enableAcceleratedNetworking\": false,\r\n              \"disableTcpStateTracking\": false,\r\n              \"dnsSettings\": {\r\n                \"dnsServers\": []\r\n              },\r\n              \"enableIPForwarding\": false,\r\n              \"ipConfigurations\": [\r\n                {\r\n                  \"name\": \"vmsstestnetconfig4075\",\r\n                  \"properties\": {\r\n                    \"subnet\": {\r\n                      \"id\": \"/subscriptions/e37510d7-33b6-4676-886f-ee75bcc01871/resourceGroups/crptestar7621/providers/Microsoft.Network/virtualNetworks/vn2927/subnets/sn5044\"\r\n                    },\r\n                    \"privateIPAddressVersion\": \"IPv4\"\r\n                  }\r\n                }\r\n              ]\r\n            }\r\n          }\r\n        ]\r\n      },\r\n      \"extensionProfile\": {\r\n        \"extensions\": [\r\n          {\r\n            \"name\": \"Microsoft.Azure.Security.AntimalwareSignature.AntimalwareConfiguration\",\r\n            \"properties\": {\r\n              \"autoUpgradeMinorVersion\": true,\r\n              \"enableAutomaticUpgrade\": true,\r\n              \"publisher\": \"Microsoft.Azure.Security.AntimalwareSignature\",\r\n              \"type\": \"AntimalwareConfiguration\",\r\n              \"typeHandlerVersion\": \"2.0\",\r\n              \"settings\": {}\r\n            }\r\n          },\r\n          {\r\n            \"name\": \"Microsoft.Azure.Geneva.GenevaMonitoring\",\r\n            \"properties\": {\r\n              \"autoUpgradeMinorVersion\": true,\r\n              \"enableAutomaticUpgrade\": true,\r\n              \"publisher\": \"Microsoft.Azure.Geneva\",\r\n              \"type\": \"GenevaMonitoring\",\r\n              \"typeHandlerVersion\": \"2.0\",\r\n              \"settings\": {}\r\n            }\r\n          },\r\n          {\r\n            \"name\": \"vmssext01\",\r\n            \"properties\": {\r\n              \"autoUpgradeMinorVersion\": false,\r\n              \"publisher\": \"Microsoft.Compute\",\r\n              \"type\": \"VMAccessAgent\",\r\n              \"typeHandlerVersion\": \"2.0\",\r\n              \"settings\": \"{}\"\r\n            }\r\n          }\r\n        ]\r\n      }\r\n    },\r\n    \"provisioningState\": \"Succeeded\",\r\n    \"overprovision\": false,\r\n    \"doNotRunExtensionsOnOverprovisionedVMs\": false,\r\n    \"uniqueId\": \"c3b3a659-7682-47fc-ba18-f194d04d4524\",\r\n    \"timeCreated\": \"2023-03-15T22:00:02.6118615-04:00\"\r\n  }\r\n}",
      "StatusCode": 200
    },
    {
      "RequestUri": "/subscriptions/e37510d7-33b6-4676-886f-ee75bcc01871/resourceGroups/crptestar7621/providers/Microsoft.Compute/virtualMachineScaleSets/vmss1846?api-version=2023-03-01",
      "EncodedRequestUri": "L3N1YnNjcmlwdGlvbnMvZTM3NTEwZDctMzNiNi00Njc2LTg4NmYtZWU3NWJjYzAxODcxL3Jlc291cmNlR3JvdXBzL2NycHRlc3Rhcjc2MjEvcHJvdmlkZXJzL01pY3Jvc29mdC5Db21wdXRlL3ZpcnR1YWxNYWNoaW5lU2NhbGVTZXRzL3Ztc3MxODQ2P2FwaS12ZXJzaW9uPTIwMjMtMDMtMDE=",
      "RequestMethod": "GET",
      "RequestBody": "",
      "RequestHeaders": {
        "x-ms-client-request-id": [
          "eb7678d8-dd6c-493e-858f-05a366100098"
        ],
        "Accept-Language": [
          "en-US"
        ],
        "User-Agent": [
          "FxVersion/6.0.1523.11507",
          "OSName/Windows",
          "OSVersion/Microsoft.Windows.10.0.22621",
          "Microsoft.Azure.Management.Compute.ComputeManagementClient/61.0.0"
        ]
      },
      "ResponseHeaders": {
        "Cache-Control": [
          "no-cache"
        ],
        "Pragma": [
          "no-cache"
        ],
        "x-ms-ratelimit-remaining-resource": [
          "Microsoft.Compute/GetVMScaleSet3Min;383,Microsoft.Compute/GetVMScaleSet30Min;2582"
        ],
        "Strict-Transport-Security": [
          "max-age=31536000; includeSubDomains"
        ],
        "x-ms-request-id": [
          "e2e605e1-2680-41e4-ad0d-dd86c9fee889"
        ],
        "Server": [
          "Microsoft-HTTPAPI/2.0",
          "Microsoft-HTTPAPI/2.0"
        ],
        "x-ms-ratelimit-remaining-subscription-reads": [
          "11984"
        ],
        "x-ms-correlation-request-id": [
          "f3fde374-1ad0-41a2-8cd9-9e00640e2579"
        ],
        "x-ms-routing-request-id": [
          "CANADACENTRAL:20230316T020613Z:f3fde374-1ad0-41a2-8cd9-9e00640e2579"
        ],
        "X-Content-Type-Options": [
          "nosniff"
        ],
        "Date": [
          "Thu, 16 Mar 2023 02:06:13 GMT"
        ],
        "Content-Length": [
          "4066"
        ],
        "Content-Type": [
          "application/json; charset=utf-8"
        ],
        "Expires": [
          "-1"
        ]
      },
      "ResponseBody": "{\r\n  \"name\": \"vmss1846\",\r\n  \"id\": \"/subscriptions/e37510d7-33b6-4676-886f-ee75bcc01871/resourceGroups/crptestar7621/providers/Microsoft.Compute/virtualMachineScaleSets/vmss1846\",\r\n  \"type\": \"Microsoft.Compute/virtualMachineScaleSets\",\r\n  \"location\": \"eastus2\",\r\n  \"tags\": {\r\n    \"RG\": \"rg\",\r\n    \"testTag\": \"1\",\r\n    \"azsecpack\": \"nonprod\",\r\n    \"platformsettings.host_environment.service.platform_optedin_for_rootcerts\": \"true\"\r\n  },\r\n  \"identity\": {\r\n    \"type\": \"UserAssigned\",\r\n    \"userAssignedIdentities\": {\r\n      \"/subscriptions/e37510d7-33b6-4676-886f-ee75bcc01871/resourceGroups/AzSecPackAutoConfigRG/providers/Microsoft.ManagedIdentity/userAssignedIdentities/AzSecPackAutoConfigUA-eastus2\": {\r\n        \"principalId\": \"783b6573-df0b-4181-8791-95050995e223\",\r\n        \"clientId\": \"a41b9f34-a591-4c91-806e-9ca8259f9a65\"\r\n      }\r\n    }\r\n  },\r\n  \"sku\": {\r\n    \"name\": \"Standard_A1_v2\",\r\n    \"tier\": \"Standard\",\r\n    \"capacity\": 2\r\n  },\r\n  \"properties\": {\r\n    \"singlePlacementGroup\": true,\r\n    \"orchestrationMode\": \"Uniform\",\r\n    \"upgradePolicy\": {\r\n      \"mode\": \"Automatic\"\r\n    },\r\n    \"virtualMachineProfile\": {\r\n      \"osProfile\": {\r\n        \"computerNamePrefix\": \"test\",\r\n        \"adminUsername\": \"Foo12\",\r\n        \"windowsConfiguration\": {\r\n          \"provisionVMAgent\": true,\r\n          \"enableAutomaticUpdates\": true,\r\n          \"enableVMAgentPlatformUpdates\": false\r\n        },\r\n        \"secrets\": [],\r\n        \"allowExtensionOperations\": true,\r\n        \"requireGuestProvisionSignal\": true\r\n      },\r\n      \"storageProfile\": {\r\n        \"osDisk\": {\r\n          \"vhdContainers\": [\r\n            \"https://crptestar8116.blob.core.windows.net/crptestar8813\"\r\n          ],\r\n          \"osType\": \"Windows\",\r\n          \"name\": \"test\",\r\n          \"createOption\": \"FromImage\",\r\n          \"caching\": \"None\"\r\n        },\r\n        \"imageReference\": {\r\n          \"publisher\": \"MicrosoftWindowsServer\",\r\n          \"offer\": \"WindowsServer\",\r\n          \"sku\": \"2012-R2-Datacenter\",\r\n          \"version\": \"4.127.20180315\"\r\n        }\r\n      },\r\n      \"networkProfile\": {\r\n        \"networkInterfaceConfigurations\": [\r\n          {\r\n            \"name\": \"vmsstestnetconfig9315\",\r\n            \"properties\": {\r\n              \"primary\": true,\r\n              \"enableAcceleratedNetworking\": false,\r\n              \"disableTcpStateTracking\": false,\r\n              \"dnsSettings\": {\r\n                \"dnsServers\": []\r\n              },\r\n              \"enableIPForwarding\": false,\r\n              \"ipConfigurations\": [\r\n                {\r\n                  \"name\": \"vmsstestnetconfig4075\",\r\n                  \"properties\": {\r\n                    \"subnet\": {\r\n                      \"id\": \"/subscriptions/e37510d7-33b6-4676-886f-ee75bcc01871/resourceGroups/crptestar7621/providers/Microsoft.Network/virtualNetworks/vn2927/subnets/sn5044\"\r\n                    },\r\n                    \"privateIPAddressVersion\": \"IPv4\"\r\n                  }\r\n                }\r\n              ]\r\n            }\r\n          }\r\n        ]\r\n      },\r\n      \"extensionProfile\": {\r\n        \"extensions\": [\r\n          {\r\n            \"name\": \"Microsoft.Azure.Security.AntimalwareSignature.AntimalwareConfiguration\",\r\n            \"properties\": {\r\n              \"autoUpgradeMinorVersion\": true,\r\n              \"enableAutomaticUpgrade\": true,\r\n              \"publisher\": \"Microsoft.Azure.Security.AntimalwareSignature\",\r\n              \"type\": \"AntimalwareConfiguration\",\r\n              \"typeHandlerVersion\": \"2.0\",\r\n              \"settings\": {}\r\n            }\r\n          },\r\n          {\r\n            \"name\": \"Microsoft.Azure.Geneva.GenevaMonitoring\",\r\n            \"properties\": {\r\n              \"autoUpgradeMinorVersion\": true,\r\n              \"enableAutomaticUpgrade\": true,\r\n              \"publisher\": \"Microsoft.Azure.Geneva\",\r\n              \"type\": \"GenevaMonitoring\",\r\n              \"typeHandlerVersion\": \"2.0\",\r\n              \"settings\": {}\r\n            }\r\n          },\r\n          {\r\n            \"name\": \"vmssext01\",\r\n            \"properties\": {\r\n              \"autoUpgradeMinorVersion\": false,\r\n              \"publisher\": \"Microsoft.Compute\",\r\n              \"type\": \"VMAccessAgent\",\r\n              \"typeHandlerVersion\": \"2.0\",\r\n              \"settings\": \"{}\"\r\n            }\r\n          }\r\n        ]\r\n      }\r\n    },\r\n    \"provisioningState\": \"Succeeded\",\r\n    \"overprovision\": false,\r\n    \"doNotRunExtensionsOnOverprovisionedVMs\": false,\r\n    \"uniqueId\": \"c3b3a659-7682-47fc-ba18-f194d04d4524\",\r\n    \"timeCreated\": \"2023-03-15T22:00:02.6118615-04:00\"\r\n  }\r\n}",
      "StatusCode": 200
    },
    {
      "RequestUri": "/subscriptions/e37510d7-33b6-4676-886f-ee75bcc01871/providers/Microsoft.Compute/locations/eastus2/operations/8374f42f-438f-44e4-91e6-359c8c131200?p=41da89ab-29fa-414a-bb5c-9eea1ddab902&api-version=2023-03-01",
      "EncodedRequestUri": "L3N1YnNjcmlwdGlvbnMvZTM3NTEwZDctMzNiNi00Njc2LTg4NmYtZWU3NWJjYzAxODcxL3Byb3ZpZGVycy9NaWNyb3NvZnQuQ29tcHV0ZS9sb2NhdGlvbnMvZWFzdHVzMi9vcGVyYXRpb25zLzgzNzRmNDJmLTQzOGYtNDRlNC05MWU2LTM1OWM4YzEzMTIwMD9wPTQxZGE4OWFiLTI5ZmEtNDE0YS1iYjVjLTllZWExZGRhYjkwMiZhcGktdmVyc2lvbj0yMDIzLTAzLTAx",
      "RequestMethod": "GET",
      "RequestBody": "",
      "RequestHeaders": {
        "User-Agent": [
          "FxVersion/6.0.1523.11507",
          "OSName/Windows",
          "OSVersion/Microsoft.Windows.10.0.22621",
          "Microsoft.Azure.Management.Compute.ComputeManagementClient/61.0.0"
        ]
      },
      "ResponseHeaders": {
        "Cache-Control": [
          "no-cache"
        ],
        "Pragma": [
          "no-cache"
        ],
        "Retry-After": [
          "51"
        ],
        "x-ms-ratelimit-remaining-resource": [
          "Microsoft.Compute/GetOperation3Min;14994,Microsoft.Compute/GetOperation30Min;29990"
        ],
        "Strict-Transport-Security": [
          "max-age=31536000; includeSubDomains"
        ],
        "x-ms-request-id": [
          "959a1651-1cc1-4e52-841c-e659dbd0f279"
        ],
        "Server": [
          "Microsoft-HTTPAPI/2.0",
          "Microsoft-HTTPAPI/2.0"
        ],
        "x-ms-ratelimit-remaining-subscription-reads": [
          "11987"
        ],
        "x-ms-correlation-request-id": [
          "c9174b25-cc52-4e4d-8215-b251acb8a9e2"
        ],
        "x-ms-routing-request-id": [
          "CANADACENTRAL:20230316T020522Z:c9174b25-cc52-4e4d-8215-b251acb8a9e2"
        ],
        "X-Content-Type-Options": [
          "nosniff"
        ],
        "Date": [
          "Thu, 16 Mar 2023 02:05:22 GMT"
        ],
        "Content-Length": [
          "134"
        ],
        "Content-Type": [
          "application/json; charset=utf-8"
        ],
        "Expires": [
          "-1"
        ]
      },
      "ResponseBody": "{\r\n  \"startTime\": \"2023-03-15T22:05:11.5633934-04:00\",\r\n  \"status\": \"InProgress\",\r\n  \"name\": \"8374f42f-438f-44e4-91e6-359c8c131200\"\r\n}",
      "StatusCode": 200
    },
    {
      "RequestUri": "/subscriptions/e37510d7-33b6-4676-886f-ee75bcc01871/providers/Microsoft.Compute/locations/eastus2/operations/8374f42f-438f-44e4-91e6-359c8c131200?p=41da89ab-29fa-414a-bb5c-9eea1ddab902&api-version=2023-03-01",
      "EncodedRequestUri": "L3N1YnNjcmlwdGlvbnMvZTM3NTEwZDctMzNiNi00Njc2LTg4NmYtZWU3NWJjYzAxODcxL3Byb3ZpZGVycy9NaWNyb3NvZnQuQ29tcHV0ZS9sb2NhdGlvbnMvZWFzdHVzMi9vcGVyYXRpb25zLzgzNzRmNDJmLTQzOGYtNDRlNC05MWU2LTM1OWM4YzEzMTIwMD9wPTQxZGE4OWFiLTI5ZmEtNDE0YS1iYjVjLTllZWExZGRhYjkwMiZhcGktdmVyc2lvbj0yMDIzLTAzLTAx",
      "RequestMethod": "GET",
      "RequestBody": "",
      "RequestHeaders": {
        "User-Agent": [
          "FxVersion/6.0.1523.11507",
          "OSName/Windows",
          "OSVersion/Microsoft.Windows.10.0.22621",
          "Microsoft.Azure.Management.Compute.ComputeManagementClient/61.0.0"
        ]
      },
      "ResponseHeaders": {
        "Cache-Control": [
          "no-cache"
        ],
        "Pragma": [
          "no-cache"
        ],
        "x-ms-ratelimit-remaining-resource": [
          "Microsoft.Compute/GetOperation3Min;14993,Microsoft.Compute/GetOperation30Min;29988"
        ],
        "Strict-Transport-Security": [
          "max-age=31536000; includeSubDomains"
        ],
        "x-ms-request-id": [
          "2a678558-34f8-4194-b149-b23aca4cdb73"
        ],
        "Server": [
          "Microsoft-HTTPAPI/2.0",
          "Microsoft-HTTPAPI/2.0"
        ],
        "x-ms-ratelimit-remaining-subscription-reads": [
          "11986"
        ],
        "x-ms-correlation-request-id": [
          "16254fa2-4ea9-4223-96ec-fa7d0ae84cce"
        ],
        "x-ms-routing-request-id": [
          "CANADACENTRAL:20230316T020613Z:16254fa2-4ea9-4223-96ec-fa7d0ae84cce"
        ],
        "X-Content-Type-Options": [
          "nosniff"
        ],
        "Date": [
          "Thu, 16 Mar 2023 02:06:13 GMT"
        ],
        "Content-Length": [
          "184"
        ],
        "Content-Type": [
          "application/json; charset=utf-8"
        ],
        "Expires": [
          "-1"
        ]
      },
      "ResponseBody": "{\r\n  \"startTime\": \"2023-03-15T22:05:11.5633934-04:00\",\r\n  \"endTime\": \"2023-03-15T22:05:48.3132024-04:00\",\r\n  \"status\": \"Succeeded\",\r\n  \"name\": \"8374f42f-438f-44e4-91e6-359c8c131200\"\r\n}",
      "StatusCode": 200
    },
    {
      "RequestUri": "/subscriptions/e37510d7-33b6-4676-886f-ee75bcc01871/resourceGroups/crptestar7621/providers/Microsoft.Compute/virtualMachineScaleSets/vmss1846?api-version=2023-03-01",
      "EncodedRequestUri": "L3N1YnNjcmlwdGlvbnMvZTM3NTEwZDctMzNiNi00Njc2LTg4NmYtZWU3NWJjYzAxODcxL3Jlc291cmNlR3JvdXBzL2NycHRlc3Rhcjc2MjEvcHJvdmlkZXJzL01pY3Jvc29mdC5Db21wdXRlL3ZpcnR1YWxNYWNoaW5lU2NhbGVTZXRzL3Ztc3MxODQ2P2FwaS12ZXJzaW9uPTIwMjMtMDMtMDE=",
      "RequestMethod": "DELETE",
      "RequestBody": "",
      "RequestHeaders": {
        "x-ms-client-request-id": [
          "bce08f92-789c-4538-a39a-7b3da0a2d58b"
        ],
        "Accept-Language": [
          "en-US"
        ],
        "User-Agent": [
          "FxVersion/6.0.1523.11507",
          "OSName/Windows",
          "OSVersion/Microsoft.Windows.10.0.22621",
          "Microsoft.Azure.Management.Compute.ComputeManagementClient/61.0.0"
        ]
      },
      "ResponseHeaders": {
        "Cache-Control": [
          "no-cache"
        ],
        "Pragma": [
          "no-cache"
        ],
        "Location": [
          "https://management.azure.com/subscriptions/e37510d7-33b6-4676-886f-ee75bcc01871/providers/Microsoft.Compute/locations/eastus2/operations/bd78b997-85fb-413e-8da3-7acb09272210?p=41da89ab-29fa-414a-bb5c-9eea1ddab902&monitor=true&api-version=2023-03-01"
        ],
        "Retry-After": [
          "10"
        ],
        "Azure-AsyncOperation": [
          "https://management.azure.com/subscriptions/e37510d7-33b6-4676-886f-ee75bcc01871/providers/Microsoft.Compute/locations/eastus2/operations/bd78b997-85fb-413e-8da3-7acb09272210?p=41da89ab-29fa-414a-bb5c-9eea1ddab902&api-version=2023-03-01"
        ],
        "Azure-AsyncNotification": [
          "Enabled"
        ],
        "x-ms-ratelimit-remaining-resource": [
          "Microsoft.Compute/DeleteVMScaleSet3Min;79,Microsoft.Compute/DeleteVMScaleSet30Min;399,Microsoft.Compute/VMScaleSetBatchedVMRequests5Min;1196,Microsoft.Compute/VmssQueuedVMOperations;0"
        ],
        "x-ms-request-charge": [
          "2"
        ],
        "Strict-Transport-Security": [
          "max-age=31536000; includeSubDomains"
        ],
        "x-ms-request-id": [
          "bd78b997-85fb-413e-8da3-7acb09272210"
        ],
        "Server": [
          "Microsoft-HTTPAPI/2.0",
          "Microsoft-HTTPAPI/2.0"
        ],
        "x-ms-ratelimit-remaining-subscription-deletes": [
          "14999"
        ],
        "x-ms-correlation-request-id": [
          "0c46fbbc-c7bd-4152-ba0c-2a6931bd2b87"
        ],
        "x-ms-routing-request-id": [
          "CANADACENTRAL:20230316T020614Z:0c46fbbc-c7bd-4152-ba0c-2a6931bd2b87"
        ],
        "X-Content-Type-Options": [
          "nosniff"
        ],
        "Date": [
          "Thu, 16 Mar 2023 02:06:13 GMT"
        ],
        "Expires": [
          "-1"
        ],
        "Content-Length": [
          "0"
        ]
      },
      "ResponseBody": "",
      "StatusCode": 202
    },
    {
      "RequestUri": "/subscriptions/e37510d7-33b6-4676-886f-ee75bcc01871/providers/Microsoft.Compute/locations/eastus2/operations/bd78b997-85fb-413e-8da3-7acb09272210?p=41da89ab-29fa-414a-bb5c-9eea1ddab902&api-version=2023-03-01",
      "EncodedRequestUri": "L3N1YnNjcmlwdGlvbnMvZTM3NTEwZDctMzNiNi00Njc2LTg4NmYtZWU3NWJjYzAxODcxL3Byb3ZpZGVycy9NaWNyb3NvZnQuQ29tcHV0ZS9sb2NhdGlvbnMvZWFzdHVzMi9vcGVyYXRpb25zL2JkNzhiOTk3LTg1ZmItNDEzZS04ZGEzLTdhY2IwOTI3MjIxMD9wPTQxZGE4OWFiLTI5ZmEtNDE0YS1iYjVjLTllZWExZGRhYjkwMiZhcGktdmVyc2lvbj0yMDIzLTAzLTAx",
      "RequestMethod": "GET",
      "RequestBody": "",
      "RequestHeaders": {
        "User-Agent": [
          "FxVersion/6.0.1523.11507",
          "OSName/Windows",
          "OSVersion/Microsoft.Windows.10.0.22621",
          "Microsoft.Azure.Management.Compute.ComputeManagementClient/61.0.0"
        ]
      },
      "ResponseHeaders": {
        "Cache-Control": [
          "no-cache"
        ],
        "Pragma": [
          "no-cache"
        ],
        "Retry-After": [
          "11"
        ],
        "x-ms-ratelimit-remaining-resource": [
          "Microsoft.Compute/GetOperation3Min;14992,Microsoft.Compute/GetOperation30Min;29987"
        ],
        "Strict-Transport-Security": [
          "max-age=31536000; includeSubDomains"
        ],
        "x-ms-request-id": [
          "c840c381-343d-4d7f-a2cc-dd4d1c687c09"
        ],
        "Server": [
          "Microsoft-HTTPAPI/2.0",
          "Microsoft-HTTPAPI/2.0"
        ],
        "x-ms-ratelimit-remaining-subscription-reads": [
          "11983"
        ],
        "x-ms-correlation-request-id": [
          "e881540c-5913-480d-a5dd-2a6a35a18923"
        ],
        "x-ms-routing-request-id": [
          "CANADACENTRAL:20230316T020624Z:e881540c-5913-480d-a5dd-2a6a35a18923"
        ],
        "X-Content-Type-Options": [
          "nosniff"
        ],
        "Date": [
          "Thu, 16 Mar 2023 02:06:23 GMT"
        ],
        "Content-Length": [
          "134"
        ],
        "Content-Type": [
          "application/json; charset=utf-8"
        ],
        "Expires": [
          "-1"
        ]
      },
      "ResponseBody": "{\r\n  \"startTime\": \"2023-03-15T22:06:14.2037598-04:00\",\r\n  \"status\": \"InProgress\",\r\n  \"name\": \"bd78b997-85fb-413e-8da3-7acb09272210\"\r\n}",
      "StatusCode": 200
    },
    {
      "RequestUri": "/subscriptions/e37510d7-33b6-4676-886f-ee75bcc01871/providers/Microsoft.Compute/locations/eastus2/operations/bd78b997-85fb-413e-8da3-7acb09272210?p=41da89ab-29fa-414a-bb5c-9eea1ddab902&api-version=2023-03-01",
      "EncodedRequestUri": "L3N1YnNjcmlwdGlvbnMvZTM3NTEwZDctMzNiNi00Njc2LTg4NmYtZWU3NWJjYzAxODcxL3Byb3ZpZGVycy9NaWNyb3NvZnQuQ29tcHV0ZS9sb2NhdGlvbnMvZWFzdHVzMi9vcGVyYXRpb25zL2JkNzhiOTk3LTg1ZmItNDEzZS04ZGEzLTdhY2IwOTI3MjIxMD9wPTQxZGE4OWFiLTI5ZmEtNDE0YS1iYjVjLTllZWExZGRhYjkwMiZhcGktdmVyc2lvbj0yMDIzLTAzLTAx",
      "RequestMethod": "GET",
      "RequestBody": "",
      "RequestHeaders": {
        "User-Agent": [
          "FxVersion/6.0.1523.11507",
          "OSName/Windows",
          "OSVersion/Microsoft.Windows.10.0.22621",
          "Microsoft.Azure.Management.Compute.ComputeManagementClient/61.0.0"
        ]
      },
      "ResponseHeaders": {
        "Cache-Control": [
          "no-cache"
        ],
        "Pragma": [
          "no-cache"
        ],
        "x-ms-ratelimit-remaining-resource": [
          "Microsoft.Compute/GetOperation3Min;14992,Microsoft.Compute/GetOperation30Min;29986"
        ],
        "Strict-Transport-Security": [
          "max-age=31536000; includeSubDomains"
        ],
        "x-ms-request-id": [
          "21681554-b752-48c0-9dbd-c86826f346b7"
        ],
        "Server": [
          "Microsoft-HTTPAPI/2.0",
          "Microsoft-HTTPAPI/2.0"
        ],
        "x-ms-ratelimit-remaining-subscription-reads": [
          "11982"
        ],
        "x-ms-correlation-request-id": [
          "297fec30-e155-4aef-8935-7d0ce9e54474"
        ],
        "x-ms-routing-request-id": [
          "CANADACENTRAL:20230316T020635Z:297fec30-e155-4aef-8935-7d0ce9e54474"
        ],
        "X-Content-Type-Options": [
          "nosniff"
        ],
        "Date": [
          "Thu, 16 Mar 2023 02:06:34 GMT"
        ],
        "Content-Length": [
          "134"
        ],
        "Content-Type": [
          "application/json; charset=utf-8"
        ],
        "Expires": [
          "-1"
        ]
      },
      "ResponseBody": "{\r\n  \"startTime\": \"2023-03-15T22:06:14.2037598-04:00\",\r\n  \"status\": \"InProgress\",\r\n  \"name\": \"bd78b997-85fb-413e-8da3-7acb09272210\"\r\n}",
      "StatusCode": 200
    },
    {
      "RequestUri": "/subscriptions/e37510d7-33b6-4676-886f-ee75bcc01871/providers/Microsoft.Compute/locations/eastus2/operations/bd78b997-85fb-413e-8da3-7acb09272210?p=41da89ab-29fa-414a-bb5c-9eea1ddab902&api-version=2023-03-01",
      "EncodedRequestUri": "L3N1YnNjcmlwdGlvbnMvZTM3NTEwZDctMzNiNi00Njc2LTg4NmYtZWU3NWJjYzAxODcxL3Byb3ZpZGVycy9NaWNyb3NvZnQuQ29tcHV0ZS9sb2NhdGlvbnMvZWFzdHVzMi9vcGVyYXRpb25zL2JkNzhiOTk3LTg1ZmItNDEzZS04ZGEzLTdhY2IwOTI3MjIxMD9wPTQxZGE4OWFiLTI5ZmEtNDE0YS1iYjVjLTllZWExZGRhYjkwMiZhcGktdmVyc2lvbj0yMDIzLTAzLTAx",
      "RequestMethod": "GET",
      "RequestBody": "",
      "RequestHeaders": {
        "User-Agent": [
          "FxVersion/6.0.1523.11507",
          "OSName/Windows",
          "OSVersion/Microsoft.Windows.10.0.22621",
          "Microsoft.Azure.Management.Compute.ComputeManagementClient/61.0.0"
        ]
      },
      "ResponseHeaders": {
        "Cache-Control": [
          "no-cache"
        ],
        "Pragma": [
          "no-cache"
        ],
        "x-ms-ratelimit-remaining-resource": [
          "Microsoft.Compute/GetOperation3Min;14991,Microsoft.Compute/GetOperation30Min;29985"
        ],
        "Strict-Transport-Security": [
          "max-age=31536000; includeSubDomains"
        ],
        "x-ms-request-id": [
          "941c0449-a81a-4154-b5fd-2570b13bfcd0"
        ],
        "Server": [
          "Microsoft-HTTPAPI/2.0",
          "Microsoft-HTTPAPI/2.0"
        ],
        "x-ms-ratelimit-remaining-subscription-reads": [
          "11981"
        ],
        "x-ms-correlation-request-id": [
          "c4d82a8c-4140-4a93-be2e-e327059b50d8"
        ],
        "x-ms-routing-request-id": [
          "CANADACENTRAL:20230316T020646Z:c4d82a8c-4140-4a93-be2e-e327059b50d8"
        ],
        "X-Content-Type-Options": [
          "nosniff"
        ],
        "Date": [
          "Thu, 16 Mar 2023 02:06:45 GMT"
        ],
        "Content-Length": [
          "134"
        ],
        "Content-Type": [
          "application/json; charset=utf-8"
        ],
        "Expires": [
          "-1"
        ]
      },
      "ResponseBody": "{\r\n  \"startTime\": \"2023-03-15T22:06:14.2037598-04:00\",\r\n  \"status\": \"InProgress\",\r\n  \"name\": \"bd78b997-85fb-413e-8da3-7acb09272210\"\r\n}",
      "StatusCode": 200
    },
    {
      "RequestUri": "/subscriptions/e37510d7-33b6-4676-886f-ee75bcc01871/providers/Microsoft.Compute/locations/eastus2/operations/bd78b997-85fb-413e-8da3-7acb09272210?p=41da89ab-29fa-414a-bb5c-9eea1ddab902&api-version=2023-03-01",
      "EncodedRequestUri": "L3N1YnNjcmlwdGlvbnMvZTM3NTEwZDctMzNiNi00Njc2LTg4NmYtZWU3NWJjYzAxODcxL3Byb3ZpZGVycy9NaWNyb3NvZnQuQ29tcHV0ZS9sb2NhdGlvbnMvZWFzdHVzMi9vcGVyYXRpb25zL2JkNzhiOTk3LTg1ZmItNDEzZS04ZGEzLTdhY2IwOTI3MjIxMD9wPTQxZGE4OWFiLTI5ZmEtNDE0YS1iYjVjLTllZWExZGRhYjkwMiZhcGktdmVyc2lvbj0yMDIzLTAzLTAx",
      "RequestMethod": "GET",
      "RequestBody": "",
      "RequestHeaders": {
        "User-Agent": [
          "FxVersion/6.0.1523.11507",
          "OSName/Windows",
          "OSVersion/Microsoft.Windows.10.0.22621",
          "Microsoft.Azure.Management.Compute.ComputeManagementClient/61.0.0"
        ]
      },
      "ResponseHeaders": {
        "Cache-Control": [
          "no-cache"
        ],
        "Pragma": [
          "no-cache"
        ],
        "x-ms-ratelimit-remaining-resource": [
          "Microsoft.Compute/GetOperation3Min;14990,Microsoft.Compute/GetOperation30Min;29984"
        ],
        "Strict-Transport-Security": [
          "max-age=31536000; includeSubDomains"
        ],
        "x-ms-request-id": [
          "7b54d529-5e9d-4360-9765-dd9ad9cabdf1"
        ],
        "Server": [
          "Microsoft-HTTPAPI/2.0",
          "Microsoft-HTTPAPI/2.0"
        ],
        "x-ms-ratelimit-remaining-subscription-reads": [
          "11980"
        ],
        "x-ms-correlation-request-id": [
          "4c6102b3-4191-4f88-b9c0-6e793b371833"
        ],
        "x-ms-routing-request-id": [
          "CANADACENTRAL:20230316T020658Z:4c6102b3-4191-4f88-b9c0-6e793b371833"
        ],
        "X-Content-Type-Options": [
          "nosniff"
        ],
        "Date": [
          "Thu, 16 Mar 2023 02:06:58 GMT"
        ],
        "Content-Length": [
          "134"
        ],
        "Content-Type": [
          "application/json; charset=utf-8"
        ],
        "Expires": [
          "-1"
        ]
      },
      "ResponseBody": "{\r\n  \"startTime\": \"2023-03-15T22:06:14.2037598-04:00\",\r\n  \"status\": \"InProgress\",\r\n  \"name\": \"bd78b997-85fb-413e-8da3-7acb09272210\"\r\n}",
      "StatusCode": 200
    },
    {
      "RequestUri": "/subscriptions/e37510d7-33b6-4676-886f-ee75bcc01871/providers/Microsoft.Compute/locations/eastus2/operations/bd78b997-85fb-413e-8da3-7acb09272210?p=41da89ab-29fa-414a-bb5c-9eea1ddab902&api-version=2023-03-01",
      "EncodedRequestUri": "L3N1YnNjcmlwdGlvbnMvZTM3NTEwZDctMzNiNi00Njc2LTg4NmYtZWU3NWJjYzAxODcxL3Byb3ZpZGVycy9NaWNyb3NvZnQuQ29tcHV0ZS9sb2NhdGlvbnMvZWFzdHVzMi9vcGVyYXRpb25zL2JkNzhiOTk3LTg1ZmItNDEzZS04ZGEzLTdhY2IwOTI3MjIxMD9wPTQxZGE4OWFiLTI5ZmEtNDE0YS1iYjVjLTllZWExZGRhYjkwMiZhcGktdmVyc2lvbj0yMDIzLTAzLTAx",
      "RequestMethod": "GET",
      "RequestBody": "",
      "RequestHeaders": {
        "User-Agent": [
          "FxVersion/6.0.1523.11507",
          "OSName/Windows",
          "OSVersion/Microsoft.Windows.10.0.22621",
          "Microsoft.Azure.Management.Compute.ComputeManagementClient/61.0.0"
        ]
      },
      "ResponseHeaders": {
        "Cache-Control": [
          "no-cache"
        ],
        "Pragma": [
          "no-cache"
        ],
        "x-ms-ratelimit-remaining-resource": [
          "Microsoft.Compute/GetOperation3Min;14990,Microsoft.Compute/GetOperation30Min;29983"
        ],
        "Strict-Transport-Security": [
          "max-age=31536000; includeSubDomains"
        ],
        "x-ms-request-id": [
          "44c26d16-3f71-4dcb-b862-d4bbec1f9bda"
        ],
        "Server": [
          "Microsoft-HTTPAPI/2.0",
          "Microsoft-HTTPAPI/2.0"
        ],
        "x-ms-ratelimit-remaining-subscription-reads": [
          "11979"
        ],
        "x-ms-correlation-request-id": [
          "353d1385-0f88-4443-9f4d-dceff91664c1"
        ],
        "x-ms-routing-request-id": [
          "CANADACENTRAL:20230316T020709Z:353d1385-0f88-4443-9f4d-dceff91664c1"
        ],
        "X-Content-Type-Options": [
          "nosniff"
        ],
        "Date": [
          "Thu, 16 Mar 2023 02:07:09 GMT"
        ],
        "Content-Length": [
          "182"
        ],
        "Content-Type": [
          "application/json; charset=utf-8"
        ],
        "Expires": [
          "-1"
        ]
      },
      "ResponseBody": "{\r\n  \"startTime\": \"2023-03-15T22:06:14.2037598-04:00\",\r\n  \"endTime\": \"2023-03-15T22:06:59.98473-04:00\",\r\n  \"status\": \"Succeeded\",\r\n  \"name\": \"bd78b997-85fb-413e-8da3-7acb09272210\"\r\n}",
      "StatusCode": 200
    },
    {
      "RequestUri": "/subscriptions/e37510d7-33b6-4676-886f-ee75bcc01871/providers/Microsoft.Compute/locations/eastus2/operations/bd78b997-85fb-413e-8da3-7acb09272210?p=41da89ab-29fa-414a-bb5c-9eea1ddab902&monitor=true&api-version=2023-03-01",
      "EncodedRequestUri": "L3N1YnNjcmlwdGlvbnMvZTM3NTEwZDctMzNiNi00Njc2LTg4NmYtZWU3NWJjYzAxODcxL3Byb3ZpZGVycy9NaWNyb3NvZnQuQ29tcHV0ZS9sb2NhdGlvbnMvZWFzdHVzMi9vcGVyYXRpb25zL2JkNzhiOTk3LTg1ZmItNDEzZS04ZGEzLTdhY2IwOTI3MjIxMD9wPTQxZGE4OWFiLTI5ZmEtNDE0YS1iYjVjLTllZWExZGRhYjkwMiZtb25pdG9yPXRydWUmYXBpLXZlcnNpb249MjAyMy0wMy0wMQ==",
      "RequestMethod": "GET",
      "RequestBody": "",
      "RequestHeaders": {
        "User-Agent": [
          "FxVersion/6.0.1523.11507",
          "OSName/Windows",
          "OSVersion/Microsoft.Windows.10.0.22621",
          "Microsoft.Azure.Management.Compute.ComputeManagementClient/61.0.0"
        ]
      },
      "ResponseHeaders": {
        "Cache-Control": [
          "no-cache"
        ],
        "Pragma": [
          "no-cache"
        ],
        "x-ms-ratelimit-remaining-resource": [
          "Microsoft.Compute/GetOperation3Min;14989,Microsoft.Compute/GetOperation30Min;29982"
        ],
        "Strict-Transport-Security": [
          "max-age=31536000; includeSubDomains"
        ],
        "x-ms-request-id": [
          "093dea98-ad0d-452b-86b8-5975fbbe6b3b"
        ],
        "Server": [
          "Microsoft-HTTPAPI/2.0",
          "Microsoft-HTTPAPI/2.0"
        ],
        "x-ms-ratelimit-remaining-subscription-reads": [
          "11978"
        ],
        "x-ms-correlation-request-id": [
          "6321e367-8154-4255-b116-6553b9081ad1"
        ],
        "x-ms-routing-request-id": [
          "CANADACENTRAL:20230316T020709Z:6321e367-8154-4255-b116-6553b9081ad1"
        ],
        "X-Content-Type-Options": [
          "nosniff"
        ],
        "Date": [
          "Thu, 16 Mar 2023 02:07:09 GMT"
        ],
        "Expires": [
          "-1"
        ],
        "Content-Length": [
          "0"
        ]
      },
      "ResponseBody": "",
      "StatusCode": 200
    },
    {
      "RequestUri": "/subscriptions/e37510d7-33b6-4676-886f-ee75bcc01871/resourcegroups/crptestar7621?api-version=2017-05-10",
      "EncodedRequestUri": "L3N1YnNjcmlwdGlvbnMvZTM3NTEwZDctMzNiNi00Njc2LTg4NmYtZWU3NWJjYzAxODcxL3Jlc291cmNlZ3JvdXBzL2NycHRlc3Rhcjc2MjE/YXBpLXZlcnNpb249MjAxNy0wNS0xMA==",
      "RequestMethod": "DELETE",
      "RequestBody": "",
      "RequestHeaders": {
        "x-ms-client-request-id": [
          "0076d310-bdab-4886-a270-8987d6ca985e"
        ],
        "Accept-Language": [
          "en-US"
        ],
        "User-Agent": [
          "FxVersion/6.0.1523.11507",
          "OSName/Windows",
          "OSVersion/Microsoft.Windows.10.0.22621",
          "Microsoft.Azure.Management.ResourceManager.ResourceManagementClient/1.6.0.0"
        ]
      },
      "ResponseHeaders": {
        "Cache-Control": [
          "no-cache"
        ],
        "Pragma": [
          "no-cache"
        ],
        "Location": [
          "https://management.azure.com/subscriptions/e37510d7-33b6-4676-886f-ee75bcc01871/operationresults/eyJqb2JJZCI6IlJFU09VUkNFR1JPVVBERUxFVElPTkpPQi1DUlBURVNUQVI3NjIxLUVBU1RVUzIiLCJqb2JMb2NhdGlvbiI6ImVhc3R1czIifQ?api-version=2017-05-10"
        ],
        "Retry-After": [
          "15"
        ],
        "x-ms-ratelimit-remaining-subscription-deletes": [
          "14999"
        ],
        "x-ms-request-id": [
          "f3fa55e6-d4d8-457b-8c54-f2203ed8a265"
        ],
        "x-ms-correlation-request-id": [
          "f3fa55e6-d4d8-457b-8c54-f2203ed8a265"
        ],
        "x-ms-routing-request-id": [
          "CANADACENTRAL:20230316T020712Z:f3fa55e6-d4d8-457b-8c54-f2203ed8a265"
        ],
        "Strict-Transport-Security": [
          "max-age=31536000; includeSubDomains"
        ],
        "X-Content-Type-Options": [
          "nosniff"
        ],
        "Date": [
          "Thu, 16 Mar 2023 02:07:12 GMT"
        ],
        "Expires": [
          "-1"
        ],
        "Content-Length": [
          "0"
        ]
      },
      "ResponseBody": "",
      "StatusCode": 202
    },
    {
      "RequestUri": "/subscriptions/e37510d7-33b6-4676-886f-ee75bcc01871/operationresults/eyJqb2JJZCI6IlJFU09VUkNFR1JPVVBERUxFVElPTkpPQi1DUlBURVNUQVI3NjIxLUVBU1RVUzIiLCJqb2JMb2NhdGlvbiI6ImVhc3R1czIifQ?api-version=2017-05-10",
      "EncodedRequestUri": "L3N1YnNjcmlwdGlvbnMvZTM3NTEwZDctMzNiNi00Njc2LTg4NmYtZWU3NWJjYzAxODcxL29wZXJhdGlvbnJlc3VsdHMvZXlKcWIySkpaQ0k2SWxKRlUwOVZVa05GUjFKUFZWQkVSVXhGVkVsUFRrcFBRaTFEVWxCVVJWTlVRVkkzTmpJeExVVkJVMVJWVXpJaUxDSnFiMkpNYjJOaGRHbHZiaUk2SW1WaGMzUjFjeklpZlE/YXBpLXZlcnNpb249MjAxNy0wNS0xMA==",
      "RequestMethod": "GET",
      "RequestBody": "",
      "RequestHeaders": {
        "User-Agent": [
          "FxVersion/6.0.1523.11507",
          "OSName/Windows",
          "OSVersion/Microsoft.Windows.10.0.22621",
          "Microsoft.Azure.Management.ResourceManager.ResourceManagementClient/1.6.0.0"
        ]
      },
      "ResponseHeaders": {
        "Cache-Control": [
          "no-cache"
        ],
        "Pragma": [
          "no-cache"
        ],
        "Location": [
          "https://management.azure.com/subscriptions/e37510d7-33b6-4676-886f-ee75bcc01871/operationresults/eyJqb2JJZCI6IlJFU09VUkNFR1JPVVBERUxFVElPTkpPQi1DUlBURVNUQVI3NjIxLUVBU1RVUzIiLCJqb2JMb2NhdGlvbiI6ImVhc3R1czIifQ?api-version=2017-05-10"
        ],
        "Retry-After": [
          "15"
        ],
        "x-ms-ratelimit-remaining-subscription-reads": [
          "11999"
        ],
        "x-ms-request-id": [
          "c4bfe0c9-91e9-4c7a-a5ab-5d0011e7c750"
        ],
        "x-ms-correlation-request-id": [
          "c4bfe0c9-91e9-4c7a-a5ab-5d0011e7c750"
        ],
        "x-ms-routing-request-id": [
          "CANADACENTRAL:20230316T020728Z:c4bfe0c9-91e9-4c7a-a5ab-5d0011e7c750"
        ],
        "Strict-Transport-Security": [
          "max-age=31536000; includeSubDomains"
        ],
        "X-Content-Type-Options": [
          "nosniff"
        ],
        "Date": [
          "Thu, 16 Mar 2023 02:07:27 GMT"
        ],
        "Expires": [
          "-1"
        ],
        "Content-Length": [
          "0"
        ]
      },
      "ResponseBody": "",
      "StatusCode": 202
    },
    {
      "RequestUri": "/subscriptions/e37510d7-33b6-4676-886f-ee75bcc01871/operationresults/eyJqb2JJZCI6IlJFU09VUkNFR1JPVVBERUxFVElPTkpPQi1DUlBURVNUQVI3NjIxLUVBU1RVUzIiLCJqb2JMb2NhdGlvbiI6ImVhc3R1czIifQ?api-version=2017-05-10",
      "EncodedRequestUri": "L3N1YnNjcmlwdGlvbnMvZTM3NTEwZDctMzNiNi00Njc2LTg4NmYtZWU3NWJjYzAxODcxL29wZXJhdGlvbnJlc3VsdHMvZXlKcWIySkpaQ0k2SWxKRlUwOVZVa05GUjFKUFZWQkVSVXhGVkVsUFRrcFBRaTFEVWxCVVJWTlVRVkkzTmpJeExVVkJVMVJWVXpJaUxDSnFiMkpNYjJOaGRHbHZiaUk2SW1WaGMzUjFjeklpZlE/YXBpLXZlcnNpb249MjAxNy0wNS0xMA==",
      "RequestMethod": "GET",
      "RequestBody": "",
      "RequestHeaders": {
        "User-Agent": [
          "FxVersion/6.0.1523.11507",
          "OSName/Windows",
          "OSVersion/Microsoft.Windows.10.0.22621",
          "Microsoft.Azure.Management.ResourceManager.ResourceManagementClient/1.6.0.0"
        ]
      },
      "ResponseHeaders": {
        "Cache-Control": [
          "no-cache"
        ],
        "Pragma": [
          "no-cache"
        ],
        "Location": [
          "https://management.azure.com/subscriptions/e37510d7-33b6-4676-886f-ee75bcc01871/operationresults/eyJqb2JJZCI6IlJFU09VUkNFR1JPVVBERUxFVElPTkpPQi1DUlBURVNUQVI3NjIxLUVBU1RVUzIiLCJqb2JMb2NhdGlvbiI6ImVhc3R1czIifQ?api-version=2017-05-10"
        ],
        "Retry-After": [
          "15"
        ],
        "x-ms-ratelimit-remaining-subscription-reads": [
          "11998"
        ],
        "x-ms-request-id": [
          "b6ce1639-c23a-484b-919c-5c99b8ab4c15"
        ],
        "x-ms-correlation-request-id": [
          "b6ce1639-c23a-484b-919c-5c99b8ab4c15"
        ],
        "x-ms-routing-request-id": [
          "CANADACENTRAL:20230316T020743Z:b6ce1639-c23a-484b-919c-5c99b8ab4c15"
        ],
        "Strict-Transport-Security": [
          "max-age=31536000; includeSubDomains"
        ],
        "X-Content-Type-Options": [
          "nosniff"
        ],
        "Date": [
          "Thu, 16 Mar 2023 02:07:42 GMT"
        ],
        "Expires": [
          "-1"
        ],
        "Content-Length": [
          "0"
        ]
      },
      "ResponseBody": "",
      "StatusCode": 202
    },
    {
      "RequestUri": "/subscriptions/e37510d7-33b6-4676-886f-ee75bcc01871/operationresults/eyJqb2JJZCI6IlJFU09VUkNFR1JPVVBERUxFVElPTkpPQi1DUlBURVNUQVI3NjIxLUVBU1RVUzIiLCJqb2JMb2NhdGlvbiI6ImVhc3R1czIifQ?api-version=2017-05-10",
      "EncodedRequestUri": "L3N1YnNjcmlwdGlvbnMvZTM3NTEwZDctMzNiNi00Njc2LTg4NmYtZWU3NWJjYzAxODcxL29wZXJhdGlvbnJlc3VsdHMvZXlKcWIySkpaQ0k2SWxKRlUwOVZVa05GUjFKUFZWQkVSVXhGVkVsUFRrcFBRaTFEVWxCVVJWTlVRVkkzTmpJeExVVkJVMVJWVXpJaUxDSnFiMkpNYjJOaGRHbHZiaUk2SW1WaGMzUjFjeklpZlE/YXBpLXZlcnNpb249MjAxNy0wNS0xMA==",
      "RequestMethod": "GET",
      "RequestBody": "",
      "RequestHeaders": {
        "User-Agent": [
          "FxVersion/6.0.1523.11507",
          "OSName/Windows",
          "OSVersion/Microsoft.Windows.10.0.22621",
          "Microsoft.Azure.Management.ResourceManager.ResourceManagementClient/1.6.0.0"
        ]
      },
      "ResponseHeaders": {
        "Cache-Control": [
          "no-cache"
        ],
        "Pragma": [
          "no-cache"
        ],
        "Location": [
          "https://management.azure.com/subscriptions/e37510d7-33b6-4676-886f-ee75bcc01871/operationresults/eyJqb2JJZCI6IlJFU09VUkNFR1JPVVBERUxFVElPTkpPQi1DUlBURVNUQVI3NjIxLUVBU1RVUzIiLCJqb2JMb2NhdGlvbiI6ImVhc3R1czIifQ?api-version=2017-05-10"
        ],
        "Retry-After": [
          "15"
        ],
        "x-ms-ratelimit-remaining-subscription-reads": [
          "11997"
        ],
        "x-ms-request-id": [
          "a427386f-f458-48d7-abad-70e96fbc5020"
        ],
        "x-ms-correlation-request-id": [
          "a427386f-f458-48d7-abad-70e96fbc5020"
        ],
        "x-ms-routing-request-id": [
          "CANADACENTRAL:20230316T020758Z:a427386f-f458-48d7-abad-70e96fbc5020"
        ],
        "Strict-Transport-Security": [
          "max-age=31536000; includeSubDomains"
        ],
        "X-Content-Type-Options": [
          "nosniff"
        ],
        "Date": [
          "Thu, 16 Mar 2023 02:07:57 GMT"
        ],
        "Expires": [
          "-1"
        ],
        "Content-Length": [
          "0"
        ]
      },
      "ResponseBody": "",
      "StatusCode": 202
    },
    {
      "RequestUri": "/subscriptions/e37510d7-33b6-4676-886f-ee75bcc01871/operationresults/eyJqb2JJZCI6IlJFU09VUkNFR1JPVVBERUxFVElPTkpPQi1DUlBURVNUQVI3NjIxLUVBU1RVUzIiLCJqb2JMb2NhdGlvbiI6ImVhc3R1czIifQ?api-version=2017-05-10",
      "EncodedRequestUri": "L3N1YnNjcmlwdGlvbnMvZTM3NTEwZDctMzNiNi00Njc2LTg4NmYtZWU3NWJjYzAxODcxL29wZXJhdGlvbnJlc3VsdHMvZXlKcWIySkpaQ0k2SWxKRlUwOVZVa05GUjFKUFZWQkVSVXhGVkVsUFRrcFBRaTFEVWxCVVJWTlVRVkkzTmpJeExVVkJVMVJWVXpJaUxDSnFiMkpNYjJOaGRHbHZiaUk2SW1WaGMzUjFjeklpZlE/YXBpLXZlcnNpb249MjAxNy0wNS0xMA==",
      "RequestMethod": "GET",
      "RequestBody": "",
      "RequestHeaders": {
        "User-Agent": [
          "FxVersion/6.0.1523.11507",
          "OSName/Windows",
          "OSVersion/Microsoft.Windows.10.0.22621",
          "Microsoft.Azure.Management.ResourceManager.ResourceManagementClient/1.6.0.0"
        ]
      },
      "ResponseHeaders": {
        "Cache-Control": [
          "no-cache"
        ],
        "Pragma": [
          "no-cache"
        ],
        "Location": [
          "https://management.azure.com/subscriptions/e37510d7-33b6-4676-886f-ee75bcc01871/operationresults/eyJqb2JJZCI6IlJFU09VUkNFR1JPVVBERUxFVElPTkpPQi1DUlBURVNUQVI3NjIxLUVBU1RVUzIiLCJqb2JMb2NhdGlvbiI6ImVhc3R1czIifQ?api-version=2017-05-10"
        ],
        "Retry-After": [
          "15"
        ],
        "x-ms-ratelimit-remaining-subscription-reads": [
          "11996"
        ],
        "x-ms-request-id": [
          "320416a6-2364-46ee-8c5b-69c27fe9d1b2"
        ],
        "x-ms-correlation-request-id": [
          "320416a6-2364-46ee-8c5b-69c27fe9d1b2"
        ],
        "x-ms-routing-request-id": [
          "CANADACENTRAL:20230316T020813Z:320416a6-2364-46ee-8c5b-69c27fe9d1b2"
        ],
        "Strict-Transport-Security": [
          "max-age=31536000; includeSubDomains"
        ],
        "X-Content-Type-Options": [
          "nosniff"
        ],
        "Date": [
          "Thu, 16 Mar 2023 02:08:13 GMT"
        ],
        "Expires": [
          "-1"
        ],
        "Content-Length": [
          "0"
        ]
      },
      "ResponseBody": "",
      "StatusCode": 202
    },
    {
      "RequestUri": "/subscriptions/e37510d7-33b6-4676-886f-ee75bcc01871/operationresults/eyJqb2JJZCI6IlJFU09VUkNFR1JPVVBERUxFVElPTkpPQi1DUlBURVNUQVI3NjIxLUVBU1RVUzIiLCJqb2JMb2NhdGlvbiI6ImVhc3R1czIifQ?api-version=2017-05-10",
      "EncodedRequestUri": "L3N1YnNjcmlwdGlvbnMvZTM3NTEwZDctMzNiNi00Njc2LTg4NmYtZWU3NWJjYzAxODcxL29wZXJhdGlvbnJlc3VsdHMvZXlKcWIySkpaQ0k2SWxKRlUwOVZVa05GUjFKUFZWQkVSVXhGVkVsUFRrcFBRaTFEVWxCVVJWTlVRVkkzTmpJeExVVkJVMVJWVXpJaUxDSnFiMkpNYjJOaGRHbHZiaUk2SW1WaGMzUjFjeklpZlE/YXBpLXZlcnNpb249MjAxNy0wNS0xMA==",
      "RequestMethod": "GET",
      "RequestBody": "",
      "RequestHeaders": {
        "User-Agent": [
          "FxVersion/6.0.1523.11507",
          "OSName/Windows",
          "OSVersion/Microsoft.Windows.10.0.22621",
          "Microsoft.Azure.Management.ResourceManager.ResourceManagementClient/1.6.0.0"
        ]
      },
      "ResponseHeaders": {
        "Cache-Control": [
          "no-cache"
        ],
        "Pragma": [
          "no-cache"
        ],
        "x-ms-ratelimit-remaining-subscription-reads": [
          "11995"
        ],
        "x-ms-request-id": [
          "e8df9e98-f3c7-4ff2-af73-4e6fe3028d42"
        ],
        "x-ms-correlation-request-id": [
          "e8df9e98-f3c7-4ff2-af73-4e6fe3028d42"
        ],
        "x-ms-routing-request-id": [
          "CANADACENTRAL:20230316T020830Z:e8df9e98-f3c7-4ff2-af73-4e6fe3028d42"
        ],
        "Strict-Transport-Security": [
          "max-age=31536000; includeSubDomains"
        ],
        "X-Content-Type-Options": [
          "nosniff"
        ],
        "Date": [
          "Thu, 16 Mar 2023 02:08:30 GMT"
        ],
        "Expires": [
          "-1"
        ],
        "Content-Length": [
          "0"
        ]
      },
      "ResponseBody": "",
      "StatusCode": 200
    },
    {
      "RequestUri": "/subscriptions/e37510d7-33b6-4676-886f-ee75bcc01871/operationresults/eyJqb2JJZCI6IlJFU09VUkNFR1JPVVBERUxFVElPTkpPQi1DUlBURVNUQVI3NjIxLUVBU1RVUzIiLCJqb2JMb2NhdGlvbiI6ImVhc3R1czIifQ?api-version=2017-05-10",
      "EncodedRequestUri": "L3N1YnNjcmlwdGlvbnMvZTM3NTEwZDctMzNiNi00Njc2LTg4NmYtZWU3NWJjYzAxODcxL29wZXJhdGlvbnJlc3VsdHMvZXlKcWIySkpaQ0k2SWxKRlUwOVZVa05GUjFKUFZWQkVSVXhGVkVsUFRrcFBRaTFEVWxCVVJWTlVRVkkzTmpJeExVVkJVMVJWVXpJaUxDSnFiMkpNYjJOaGRHbHZiaUk2SW1WaGMzUjFjeklpZlE/YXBpLXZlcnNpb249MjAxNy0wNS0xMA==",
      "RequestMethod": "GET",
      "RequestBody": "",
      "RequestHeaders": {
        "User-Agent": [
          "FxVersion/6.0.1523.11507",
          "OSName/Windows",
          "OSVersion/Microsoft.Windows.10.0.22621",
          "Microsoft.Azure.Management.ResourceManager.ResourceManagementClient/1.6.0.0"
        ]
      },
      "ResponseHeaders": {
        "Cache-Control": [
          "no-cache"
        ],
        "Pragma": [
          "no-cache"
        ],
        "x-ms-ratelimit-remaining-subscription-reads": [
          "11994"
        ],
        "x-ms-request-id": [
          "97a3cb6a-1863-41e5-8ecd-cfce27472334"
        ],
        "x-ms-correlation-request-id": [
          "97a3cb6a-1863-41e5-8ecd-cfce27472334"
        ],
        "x-ms-routing-request-id": [
          "CANADACENTRAL:20230316T020830Z:97a3cb6a-1863-41e5-8ecd-cfce27472334"
        ],
        "Strict-Transport-Security": [
          "max-age=31536000; includeSubDomains"
        ],
        "X-Content-Type-Options": [
          "nosniff"
        ],
        "Date": [
          "Thu, 16 Mar 2023 02:08:30 GMT"
        ],
        "Expires": [
          "-1"
        ],
        "Content-Length": [
          "0"
        ]
      },
      "ResponseBody": "",
      "StatusCode": 200
    }
  ],
  "Names": {
    "TestVMScaleSetUpdateOperations": [
      "crptestar7621",
      "vmss1846",
      "crptestar8116"
    ],
    "CreatePublicIP": [
      "pip7384",
      "dn176"
    ],
    "CreateVNET": [
      "vn2927",
      "sn5044"
    ],
    "CreateNIC": [
      "nic5809",
      "ip6406"
    ],
    "CreateDefaultVMScaleSetInput": [
      "crptestar8813",
      "vmss4023",
      "vmsstestnetconfig9315",
      "vmsstestnetconfig4075"
    ]
  },
  "Variables": {
    "SubscriptionId": "e37510d7-33b6-4676-886f-ee75bcc01871"
  }
}