{
  "Entries": [
    {
      "RequestUri": "https://fakeHost.api.wus2.timeseriesinsights.azure.com/timeseries/modelSettings?api-version=2020-07-31",
      "RequestMethod": "GET",
      "RequestHeaders": {
        "Accept": "application/json",
        "Authorization": "Sanitized",
        "User-Agent": [
          "azsdk-net-IoT.TimeSeriesInsights/1.0.0-alpha.20210412.1",
          "(.NET 5.0.4; Microsoft Windows 10.0.19042)"
        ],
        "x-ms-client-request-id": "1f9456e1754d560e293cd7102ffb1153",
        "x-ms-return-client-request-id": "true"
      },
      "RequestBody": null,
      "StatusCode": 200,
      "ResponseHeaders": {
        "Access-Control-Allow-Origin": "*",
        "Access-Control-Expose-Headers": "x-ms-request-id,x-ms-continuation",
        "Content-Type": "application/json",
        "Date": "Tue, 13 Apr 2021 04:37:39 GMT",
        "Server": "Microsoft-HTTPAPI/2.0",
        "Strict-Transport-Security": "max-age=31536000; includeSubDomains",
        "Transfer-Encoding": "chunked",
        "X-Content-Type-Options": "nosniff",
        "x-ms-request-id": "490d5be3-2734-48b5-928a-28432331abfc"
      },
      "ResponseBody": {
        "modelSettings": {
          "name": "testModel",
          "timeSeriesIdProperties": [
            {
              "name": "building",
              "type": "String"
            },
            {
              "name": "floor",
              "type": "String"
            },
            {
              "name": "room",
              "type": "String"
            }
          ],
          "defaultTypeId": "1be09af9-f089-4d6b-9f0b-48018b5f7393"
        }
      }
    },
    {
      "RequestUri": "https://fakeHost.api.wus2.timeseriesinsights.azure.com/timeseries/types/$batch?api-version=2020-07-31",
      "RequestMethod": "POST",
      "RequestHeaders": {
        "Accept": "application/json",
        "Authorization": "Sanitized",
        "Content-Length": "145",
        "Content-Type": "application/json",
        "User-Agent": [
          "azsdk-net-IoT.TimeSeriesInsights/1.0.0-alpha.20210412.1",
          "(.NET 5.0.4; Microsoft Windows 10.0.19042)"
        ],
        "x-ms-client-request-id": "765377c838096e04170b48a32716d3d2",
        "x-ms-return-client-request-id": "true"
      },
      "RequestBody": {
        "put": [
          {
            "id": "206563945",
            "name": "typel1pBk6XW",
            "variables": {
              "aggregateVariablejqTkSnCM": {
                "aggregation": {
                  "tsx": "count()"
                },
                "kind": "aggregate"
              }
            }
          }
        ]
      },
      "StatusCode": 200,
      "ResponseHeaders": {
        "Access-Control-Allow-Origin": "*",
        "Access-Control-Expose-Headers": "x-ms-request-id,x-ms-continuation",
        "Content-Type": "application/json",
        "Date": "Tue, 13 Apr 2021 04:37:39 GMT",
        "Server": "Microsoft-HTTPAPI/2.0",
        "Strict-Transport-Security": "max-age=31536000; includeSubDomains",
        "Transfer-Encoding": "chunked",
        "X-Content-Type-Options": "nosniff",
        "x-ms-request-id": "046752d7-2544-4207-b638-3c3b9125ed28"
      },
      "ResponseBody": {
        "put": [
          {
            "timeSeriesType": {
              "id": "206563945",
              "name": "typel1pBk6XW",
              "variables": {
                "aggregateVariablejqTkSnCM": {
                  "kind": "aggregate",
                  "aggregation": {
                    "tsx": "count()"
                  }
                }
              }
            }
          }
        ]
      }
    },
    {
      "RequestUri": "https://fakeHost.api.wus2.timeseriesinsights.azure.com/timeseries/modelSettings?api-version=2020-07-31",
      "RequestMethod": "GET",
      "RequestHeaders": {
        "Accept": "application/json",
        "Authorization": "Sanitized",
        "User-Agent": [
          "azsdk-net-IoT.TimeSeriesInsights/1.0.0-alpha.20210412.1",
          "(.NET 5.0.4; Microsoft Windows 10.0.19042)"
        ],
        "x-ms-client-request-id": "ec016029da27b7e993b6656b73c01c57",
        "x-ms-return-client-request-id": "true"
      },
      "RequestBody": null,
      "StatusCode": 200,
      "ResponseHeaders": {
        "Access-Control-Allow-Origin": "*",
        "Access-Control-Expose-Headers": "x-ms-request-id,x-ms-continuation",
        "Content-Type": "application/json",
        "Date": "Tue, 13 Apr 2021 04:37:39 GMT",
        "Server": "Microsoft-HTTPAPI/2.0",
        "Strict-Transport-Security": "max-age=31536000; includeSubDomains",
        "Transfer-Encoding": "chunked",
        "X-Content-Type-Options": "nosniff",
        "x-ms-request-id": "113658b9-d45f-4835-b55a-7eab3ffc48b6"
      },
      "ResponseBody": {
        "modelSettings": {
          "name": "testModel",
          "timeSeriesIdProperties": [
            {
              "name": "building",
              "type": "String"
            },
            {
              "name": "floor",
              "type": "String"
            },
            {
              "name": "room",
              "type": "String"
            }
          ],
          "defaultTypeId": "1be09af9-f089-4d6b-9f0b-48018b5f7393"
        }
      }
    },
    {
      "RequestUri": "https://fakeHost.api.wus2.timeseriesinsights.azure.com/timeseries/modelSettings?api-version=2020-07-31",
      "RequestMethod": "PATCH",
      "RequestHeaders": {
        "Accept": "application/json",
        "Authorization": "Sanitized",
        "Content-Length": "20",
        "Content-Type": "application/json",
        "User-Agent": [
          "azsdk-net-IoT.TimeSeriesInsights/1.0.0-alpha.20210412.1",
          "(.NET 5.0.4; Microsoft Windows 10.0.19042)"
        ],
        "x-ms-client-request-id": "836708c8dcbdc32dd62b48ec555d41d1",
        "x-ms-return-client-request-id": "true"
      },
      "RequestBody": {
        "name": "testModel"
      },
      "StatusCode": 200,
      "ResponseHeaders": {
        "Access-Control-Allow-Origin": "*",
        "Access-Control-Expose-Headers": "x-ms-request-id,x-ms-continuation",
        "Content-Type": "application/json",
        "Date": "Tue, 13 Apr 2021 04:37:39 GMT",
        "Server": "Microsoft-HTTPAPI/2.0",
        "Strict-Transport-Security": "max-age=31536000; includeSubDomains",
        "Transfer-Encoding": "chunked",
        "X-Content-Type-Options": "nosniff",
        "x-ms-request-id": "da18e376-f9ec-4339-a41c-84425c276adc"
      },
      "ResponseBody": {
        "modelSettings": {
          "name": "testModel",
          "timeSeriesIdProperties": [
            {
              "name": "building",
              "type": "String"
            },
            {
              "name": "floor",
              "type": "String"
            },
            {
              "name": "room",
              "type": "String"
            }
          ],
          "defaultTypeId": "1be09af9-f089-4d6b-9f0b-48018b5f7393"
        }
      }
    },
    {
      "RequestUri": "https://fakeHost.api.wus2.timeseriesinsights.azure.com/timeseries/modelSettings?api-version=2020-07-31",
      "RequestMethod": "PATCH",
      "RequestHeaders": {
        "Accept": "application/json",
        "Authorization": "Sanitized",
        "Content-Length": "29",
        "Content-Type": "application/json",
        "User-Agent": [
          "azsdk-net-IoT.TimeSeriesInsights/1.0.0-alpha.20210412.1",
          "(.NET 5.0.4; Microsoft Windows 10.0.19042)"
        ],
        "x-ms-client-request-id": "ac6cc73622e2eee08e9ce252d399fb57",
        "x-ms-return-client-request-id": "true"
      },
      "RequestBody": {
        "defaultTypeId": "206563945"
      },
      "StatusCode": 200,
      "ResponseHeaders": {
        "Access-Control-Allow-Origin": "*",
        "Access-Control-Expose-Headers": "x-ms-request-id,x-ms-continuation",
        "Content-Type": "application/json",
        "Date": "Tue, 13 Apr 2021 04:37:39 GMT",
        "Server": "Microsoft-HTTPAPI/2.0",
        "Strict-Transport-Security": "max-age=31536000; includeSubDomains",
        "Transfer-Encoding": "chunked",
        "X-Content-Type-Options": "nosniff",
        "x-ms-request-id": "573bc425-d7ee-4cdf-af1d-be37b0101032"
      },
      "ResponseBody": {
        "modelSettings": {
          "name": "testModel",
          "timeSeriesIdProperties": [
            {
              "name": "building",
              "type": "String"
            },
            {
              "name": "floor",
              "type": "String"
            },
            {
              "name": "room",
              "type": "String"
            }
          ],
          "defaultTypeId": "206563945"
        }
      }
    },
    {
      "RequestUri": "https://fakeHost.api.wus2.timeseriesinsights.azure.com/timeseries/modelSettings?api-version=2020-07-31",
      "RequestMethod": "PATCH",
      "RequestHeaders": {
        "Accept": "application/json",
        "Authorization": "Sanitized",
        "Content-Length": "56",
        "Content-Type": "application/json",
        "User-Agent": [
          "azsdk-net-IoT.TimeSeriesInsights/1.0.0-alpha.20210412.1",
          "(.NET 5.0.4; Microsoft Windows 10.0.19042)"
        ],
        "x-ms-client-request-id": "1edbf1ef4faf4c14333e16fc91fd6236",
        "x-ms-return-client-request-id": "true"
      },
      "RequestBody": {
        "defaultTypeId": "1be09af9-f089-4d6b-9f0b-48018b5f7393"
      },
      "StatusCode": 200,
      "ResponseHeaders": {
        "Access-Control-Allow-Origin": "*",
        "Access-Control-Expose-Headers": "x-ms-request-id,x-ms-continuation",
        "Content-Type": "application/json",
        "Date": "Tue, 13 Apr 2021 04:37:39 GMT",
        "Server": "Microsoft-HTTPAPI/2.0",
        "Strict-Transport-Security": "max-age=31536000; includeSubDomains",
        "Transfer-Encoding": "chunked",
        "X-Content-Type-Options": "nosniff",
        "x-ms-request-id": "8082472e-6a7a-4afb-89fb-75511b4f33c3"
      },
      "ResponseBody": {
        "modelSettings": {
          "name": "testModel",
          "timeSeriesIdProperties": [
            {
              "name": "building",
              "type": "String"
            },
            {
              "name": "floor",
              "type": "String"
            },
            {
              "name": "room",
              "type": "String"
            }
          ],
          "defaultTypeId": "1be09af9-f089-4d6b-9f0b-48018b5f7393"
        }
      }
    },
    {
      "RequestUri": "https://fakeHost.api.wus2.timeseriesinsights.azure.com/timeseries/types/$batch?api-version=2020-07-31",
      "RequestMethod": "POST",
      "RequestHeaders": {
        "Accept": "application/json",
        "Authorization": "Sanitized",
        "Content-Length": "36",
        "Content-Type": "application/json",
        "User-Agent": [
          "azsdk-net-IoT.TimeSeriesInsights/1.0.0-alpha.20210412.1",
          "(.NET 5.0.4; Microsoft Windows 10.0.19042)"
        ],
        "x-ms-client-request-id": "ab3593747054a6742778f521fadaef3d",
        "x-ms-return-client-request-id": "true"
      },
      "RequestBody": {
        "delete": {
          "typeIds": [
            "206563945"
          ]
        }
      },
      "StatusCode": 200,
      "ResponseHeaders": {
        "Access-Control-Allow-Origin": "*",
        "Access-Control-Expose-Headers": "x-ms-request-id,x-ms-continuation",
        "Content-Type": "application/json",
        "Date": "Tue, 13 Apr 2021 04:37:40 GMT",
        "Server": "Microsoft-HTTPAPI/2.0",
        "Strict-Transport-Security": "max-age=31536000; includeSubDomains",
        "Transfer-Encoding": "chunked",
        "X-Content-Type-Options": "nosniff",
        "x-ms-request-id": "f5d7dbce-df59-4851-a128-e1009bcbcba8"
      },
      "ResponseBody": {
        "delete": [
          null
        ]
      }
    }
  ],
  "Variables": {
    "RandomSeed": "1039187939",
    "TIMESERIESINSIGHTS_URL": "fakeHost.api.wus2.timeseriesinsights.azure.com"
  }
}