{
  "Entries": [
    {
      "RequestUri": "/subscriptions/4f6b17cc-3656-49ce-bc6d-c4a7934df5de/providers/Microsoft.Web?api-version=2014-04-01-preview",
      "EncodedRequestUri": "L3N1YnNjcmlwdGlvbnMvNGY2YjE3Y2MtMzY1Ni00OWNlLWJjNmQtYzRhNzkzNGRmNWRlL3Byb3ZpZGVycy9NaWNyb3NvZnQuV2ViP2FwaS12ZXJzaW9uPTIwMTQtMDQtMDEtcHJldmlldw==",
      "RequestMethod": "GET",
      "RequestBody": "",
      "RequestHeaders": {
        "User-Agent": [
          "Microsoft.Azure.Management.Resources.ResourceManagementClient/1.0.0.0"
        ]
      },
      "ResponseBody": "{\r\n  \"id\": \"/subscriptions/4f6b17cc-3656-49ce-bc6d-c4a7934df5de/providers/Microsoft.Web\",\r\n  \"namespace\": \"Microsoft.Web\",\r\n  \"resourceTypes\": [\r\n    {\r\n      \"resourceType\": \"sites/extensions\",\r\n      \"locations\": [\r\n        \"Brazil South\",\r\n        \"East Asia\",\r\n        \"East US\",\r\n        \"Japan East\",\r\n        \"Japan West\",\r\n        \"North Central US\",\r\n        \"North Europe\",\r\n        \"South Central US\",\r\n        \"West Europe\",\r\n        \"West US\",\r\n        \"Southeast Asia\",\r\n        \"Central US\",\r\n        \"East US 2\"\r\n      ],\r\n      \"apiVersions\": []\r\n    },\r\n    {\r\n      \"resourceType\": \"sites/slots/extensions\",\r\n      \"locations\": [\r\n        \"Brazil South\",\r\n        \"East Asia\",\r\n        \"East US\",\r\n        \"Japan East\",\r\n        \"Japan West\",\r\n        \"North Central US\",\r\n        \"North Europe\",\r\n        \"South Central US\",\r\n        \"West Europe\",\r\n        \"West US\",\r\n        \"Southeast Asia\",\r\n        \"Central US\",\r\n        \"East US 2\"\r\n      ],\r\n      \"apiVersions\": []\r\n    },\r\n    {\r\n      \"resourceType\": \"sites/instances\",\r\n      \"locations\": [\r\n        \"Brazil South\",\r\n        \"East Asia\",\r\n        \"East US\",\r\n        \"Japan East\",\r\n        \"Japan West\",\r\n        \"North Central US\",\r\n        \"North Europe\",\r\n        \"South Central US\",\r\n        \"West Europe\",\r\n        \"West US\",\r\n        \"Southeast Asia\",\r\n        \"Central US\",\r\n        \"East US 2\"\r\n      ],\r\n      \"apiVersions\": []\r\n    },\r\n    {\r\n      \"resourceType\": \"sites/slots/instances\",\r\n      \"locations\": [\r\n        \"Brazil South\",\r\n        \"East Asia\",\r\n        \"East US\",\r\n        \"Japan East\",\r\n        \"Japan West\",\r\n        \"North Central US\",\r\n        \"North Europe\",\r\n        \"South Central US\",\r\n        \"West Europe\",\r\n        \"West US\",\r\n        \"Southeast Asia\",\r\n        \"Central US\",\r\n        \"East US 2\"\r\n      ],\r\n      \"apiVersions\": []\r\n    },\r\n    {\r\n      \"resourceType\": \"sites/instances/extensions\",\r\n      \"locations\": [\r\n        \"Brazil South\",\r\n        \"East Asia\",\r\n        \"East US\",\r\n        \"Japan East\",\r\n        \"Japan West\",\r\n        \"North Central US\",\r\n        \"North Europe\",\r\n        \"South Central US\",\r\n        \"West Europe\",\r\n        \"West US\",\r\n        \"Southeast Asia\",\r\n        \"Central US\",\r\n        \"East US 2\"\r\n      ],\r\n      \"apiVersions\": []\r\n    },\r\n    {\r\n      \"resourceType\": \"sites/slots/instances/extensions\",\r\n      \"locations\": [\r\n        \"Brazil South\",\r\n        \"East Asia\",\r\n        \"East US\",\r\n        \"Japan East\",\r\n        \"Japan West\",\r\n        \"North Central US\",\r\n        \"North Europe\",\r\n        \"South Central US\",\r\n        \"West Europe\",\r\n        \"West US\",\r\n        \"Southeast Asia\",\r\n        \"Central US\",\r\n        \"East US 2\"\r\n      ],\r\n      \"apiVersions\": []\r\n    },\r\n    {\r\n      \"resourceType\": \"publishingUsers\",\r\n      \"locations\": [\r\n        \"Brazil South\",\r\n        \"East Asia\",\r\n        \"East US\",\r\n        \"Japan East\",\r\n        \"Japan West\",\r\n        \"North Central US\",\r\n        \"North Europe\",\r\n        \"South Central US\",\r\n        \"West Europe\",\r\n        \"West US\",\r\n        \"Southeast Asia\",\r\n        \"Central US\",\r\n        \"East US 2\"\r\n      ],\r\n      \"apiVersions\": [\r\n        \"2015-02-01\",\r\n        \"2014-11-01\",\r\n        \"2014-06-01\",\r\n        \"2014-04-01-preview\",\r\n        \"2014-04-01\"\r\n      ]\r\n    },\r\n    {\r\n      \"resourceType\": \"sourceControls\",\r\n      \"locations\": [\r\n        \"Brazil South\",\r\n        \"East Asia\",\r\n        \"East US\",\r\n        \"Japan East\",\r\n        \"Japan West\",\r\n        \"North Central US\",\r\n        \"North Europe\",\r\n        \"South Central US\",\r\n        \"West Europe\",\r\n        \"West US\",\r\n        \"Southeast Asia\",\r\n        \"Central US\",\r\n        \"East US 2\"\r\n      ],\r\n      \"apiVersions\": [\r\n        \"2015-02-01\",\r\n        \"2014-11-01\",\r\n        \"2014-06-01\",\r\n        \"2014-04-01-preview\",\r\n        \"2014-04-01\"\r\n      ]\r\n    },\r\n    {\r\n      \"resourceType\": \"certificates\",\r\n      \"locations\": [\r\n        \"Brazil South\",\r\n        \"East Asia\",\r\n        \"East US\",\r\n        \"Japan East\",\r\n        \"Japan West\",\r\n        \"North Central US\",\r\n        \"North Europe\",\r\n        \"South Central US\",\r\n        \"West Europe\",\r\n        \"West US\",\r\n        \"Southeast Asia\",\r\n        \"Central US\",\r\n        \"East US 2\"\r\n      ],\r\n      \"apiVersions\": [\r\n        \"2015-02-01\",\r\n        \"2014-11-01\",\r\n        \"2014-06-01\",\r\n        \"2014-04-01-preview\",\r\n        \"2014-04-01\"\r\n      ]\r\n    },\r\n    {\r\n      \"resourceType\": \"serverFarms\",\r\n      \"locations\": [\r\n        \"Brazil South\",\r\n        \"East Asia\",\r\n        \"East US\",\r\n        \"Japan East\",\r\n        \"Japan West\",\r\n        \"North Central US\",\r\n        \"North Europe\",\r\n        \"South Central US\",\r\n        \"West Europe\",\r\n        \"West US\",\r\n        \"Southeast Asia\",\r\n        \"Central US\",\r\n        \"East US 2\"\r\n      ],\r\n      \"apiVersions\": [\r\n        \"2015-02-01\",\r\n        \"2014-11-01\",\r\n        \"2014-06-01\",\r\n        \"2014-04-01-preview\",\r\n        \"2014-04-01\"\r\n      ]\r\n    },\r\n    {\r\n      \"resourceType\": \"sites\",\r\n      \"locations\": [\r\n        \"Brazil South\",\r\n        \"East Asia\",\r\n        \"East US\",\r\n        \"Japan East\",\r\n        \"Japan West\",\r\n        \"North Central US\",\r\n        \"North Europe\",\r\n        \"South Central US\",\r\n        \"West Europe\",\r\n        \"West US\",\r\n        \"Southeast Asia\",\r\n        \"Central US\",\r\n        \"East US 2\"\r\n      ],\r\n      \"apiVersions\": [\r\n        \"2015-02-01\",\r\n        \"2014-11-01\",\r\n        \"2014-06-01\",\r\n        \"2014-04-01-preview\",\r\n        \"2014-04-01\"\r\n      ]\r\n    },\r\n    {\r\n      \"resourceType\": \"sites/slots\",\r\n      \"locations\": [\r\n        \"Brazil South\",\r\n        \"East Asia\",\r\n        \"East US\",\r\n        \"Japan East\",\r\n        \"Japan West\",\r\n        \"North Central US\",\r\n        \"North Europe\",\r\n        \"South Central US\",\r\n        \"West Europe\",\r\n        \"West US\",\r\n        \"Southeast Asia\",\r\n        \"Central US\",\r\n        \"East US 2\"\r\n      ],\r\n      \"apiVersions\": [\r\n        \"2015-02-01\",\r\n        \"2014-11-01\",\r\n        \"2014-06-01\",\r\n        \"2014-04-01-preview\",\r\n        \"2014-04-01\"\r\n      ]\r\n    },\r\n    {\r\n      \"resourceType\": \"runtimes\",\r\n      \"locations\": [],\r\n      \"apiVersions\": [\r\n        \"2015-02-01\",\r\n        \"2014-11-01\",\r\n        \"2014-06-01\",\r\n        \"2014-04-01\"\r\n      ]\r\n    },\r\n    {\r\n      \"resourceType\": \"sites/metrics\",\r\n      \"locations\": [],\r\n      \"apiVersions\": [\r\n        \"2015-02-01\",\r\n        \"2014-04-01\"\r\n      ]\r\n    },\r\n    {\r\n      \"resourceType\": \"sites/metricDefinitions\",\r\n      \"locations\": [],\r\n      \"apiVersions\": [\r\n        \"2015-02-01\",\r\n        \"2014-04-01\"\r\n      ]\r\n    },\r\n    {\r\n      \"resourceType\": \"serverFarms/metrics\",\r\n      \"locations\": [],\r\n      \"apiVersions\": [\r\n        \"2015-02-01\",\r\n        \"2014-04-01\"\r\n      ]\r\n    },\r\n    {\r\n      \"resourceType\": \"serverFarms/metricDefinitions\",\r\n      \"locations\": [],\r\n      \"apiVersions\": [\r\n        \"2015-02-01\",\r\n        \"2014-04-01\"\r\n      ]\r\n    },\r\n    {\r\n      \"resourceType\": \"georegions\",\r\n      \"locations\": [],\r\n      \"apiVersions\": [\r\n        \"2015-02-01\",\r\n        \"2014-11-01\",\r\n        \"2014-06-01\",\r\n        \"2014-04-01-preview\",\r\n        \"2014-04-01\"\r\n      ]\r\n    },\r\n    {\r\n      \"resourceType\": \"hostingEnvironments\",\r\n      \"locations\": [\r\n        \"Brazil South\",\r\n        \"East Asia\",\r\n        \"East US\",\r\n        \"Japan East\",\r\n        \"Japan West\",\r\n        \"North Central US\",\r\n        \"North Europe\",\r\n        \"South Central US\",\r\n        \"West Europe\",\r\n        \"West US\",\r\n        \"Southeast Asia\",\r\n        \"Central US\",\r\n        \"East US 2\"\r\n      ],\r\n      \"apiVersions\": [\r\n        \"2015-02-01\",\r\n        \"2014-11-01\",\r\n        \"2014-06-01\",\r\n        \"2014-04-01\"\r\n      ]\r\n    },\r\n    {\r\n      \"resourceType\": \"deploymentLocations\",\r\n      \"locations\": [],\r\n      \"apiVersions\": [\r\n        \"2015-02-01\",\r\n        \"2014-11-01\",\r\n        \"2014-06-01\",\r\n        \"2014-04-01-preview\",\r\n        \"2014-04-01\"\r\n      ]\r\n    }\r\n  ],\r\n  \"registrationState\": \"Registered\"\r\n}",
      "ResponseHeaders": {
        "Content-Length": [
          "4674"
        ],
        "Content-Type": [
          "application/json; charset=utf-8"
        ],
        "Expires": [
          "-1"
        ],
        "Pragma": [
          "no-cache"
        ],
        "x-ms-ratelimit-remaining-subscription-reads": [
          "31998"
        ],
        "x-ms-request-id": [
          "8c1bc03f-6702-4d50-91f4-daf6668224f2"
        ],
        "x-ms-correlation-request-id": [
          "8c1bc03f-6702-4d50-91f4-daf6668224f2"
        ],
        "x-ms-routing-request-id": [
          "WESTUS:20150318T023647Z:8c1bc03f-6702-4d50-91f4-daf6668224f2"
        ],
        "Strict-Transport-Security": [
          "max-age=31536000; includeSubDomains"
        ],
        "Cache-Control": [
          "no-cache"
        ],
        "Date": [
          "Wed, 18 Mar 2015 02:36:47 GMT"
        ]
      },
      "StatusCode": 200
    },
    {
      "RequestUri": "/subscriptions/4f6b17cc-3656-49ce-bc6d-c4a7934df5de/resourcegroups/csmrg3861?api-version=2014-04-01-preview",
      "EncodedRequestUri": "L3N1YnNjcmlwdGlvbnMvNGY2YjE3Y2MtMzY1Ni00OWNlLWJjNmQtYzRhNzkzNGRmNWRlL3Jlc291cmNlZ3JvdXBzL2NzbXJnMzg2MT9hcGktdmVyc2lvbj0yMDE0LTA0LTAxLXByZXZpZXc=",
      "RequestMethod": "PUT",
      "RequestBody": "{\r\n  \"location\": \"East Asia\"\r\n}",
      "RequestHeaders": {
        "Content-Type": [
          "application/json; charset=utf-8"
        ],
        "Content-Length": [
          "31"
        ],
        "User-Agent": [
          "Microsoft.Azure.Management.Resources.ResourceManagementClient/1.0.0.0"
        ]
      },
      "ResponseBody": "{\r\n  \"id\": \"/subscriptions/4f6b17cc-3656-49ce-bc6d-c4a7934df5de/resourceGroups/csmrg3861\",\r\n  \"name\": \"csmrg3861\",\r\n  \"location\": \"eastasia\",\r\n  \"properties\": {\r\n    \"provisioningState\": \"Succeeded\"\r\n  }\r\n}",
      "ResponseHeaders": {
        "Content-Length": [
          "173"
        ],
        "Content-Type": [
          "application/json; charset=utf-8"
        ],
        "Expires": [
          "-1"
        ],
        "Pragma": [
          "no-cache"
        ],
        "x-ms-ratelimit-remaining-subscription-writes": [
          "1186"
        ],
        "x-ms-request-id": [
          "51d762a6-2b1b-4019-93d9-0e2b13920a79"
        ],
        "x-ms-correlation-request-id": [
          "51d762a6-2b1b-4019-93d9-0e2b13920a79"
        ],
        "x-ms-routing-request-id": [
          "WESTUS:20150318T023648Z:51d762a6-2b1b-4019-93d9-0e2b13920a79"
        ],
        "Strict-Transport-Security": [
          "max-age=31536000; includeSubDomains"
        ],
        "Cache-Control": [
          "no-cache"
        ],
        "Date": [
          "Wed, 18 Mar 2015 02:36:48 GMT"
        ]
      },
      "StatusCode": 201
    },
    {
      "RequestUri": "/subscriptions/4f6b17cc-3656-49ce-bc6d-c4a7934df5de/resourceGroups/csmrg3861/providers/Microsoft.Web/serverFarms/csmwhp2063?api-version=2014-06-01",
      "EncodedRequestUri": "L3N1YnNjcmlwdGlvbnMvNGY2YjE3Y2MtMzY1Ni00OWNlLWJjNmQtYzRhNzkzNGRmNWRlL3Jlc291cmNlR3JvdXBzL2NzbXJnMzg2MS9wcm92aWRlcnMvTWljcm9zb2Z0LldlYi9zZXJ2ZXJGYXJtcy9jc213aHAyMDYzP2FwaS12ZXJzaW9uPTIwMTQtMDYtMDE=",
      "RequestMethod": "PUT",
      "RequestBody": "{\r\n  \"properties\": {\r\n    \"sku\": \"Shared\",\r\n    \"numberOfWorkers\": 0,\r\n    \"workerSize\": \"Small\"\r\n  },\r\n  \"name\": \"csmwhp2063\",\r\n  \"location\": \"East Asia\",\r\n  \"tags\": {}\r\n}",
      "RequestHeaders": {
        "Content-Type": [
          "application/json; charset=utf-8"
        ],
        "Content-Length": [
          "172"
        ],
        "User-Agent": [
          "Microsoft.Azure.Management.WebSites.WebSiteManagementClient/2.0.0.0"
        ]
      },
      "ResponseBody": "{\r\n  \"id\": \"/subscriptions/4f6b17cc-3656-49ce-bc6d-c4a7934df5de/resourceGroups/csmrg3861/providers/Microsoft.Web/serverfarms/csmwhp2063\",\r\n  \"name\": \"csmwhp2063\",\r\n  \"type\": \"Microsoft.Web/serverfarms\",\r\n  \"kind\": null,\r\n  \"location\": \"East Asia\",\r\n  \"tags\": {},\r\n  \"properties\": {\r\n    \"name\": \"csmwhp2063\",\r\n    \"sku\": \"Shared\",\r\n    \"workerSize\": 0,\r\n    \"workerSizeId\": 0,\r\n    \"numberOfWorkers\": 0,\r\n    \"currentWorkerSize\": 0,\r\n    \"currentWorkerSizeId\": 0,\r\n    \"currentNumberOfWorkers\": 0,\r\n    \"status\": 0,\r\n    \"webSpace\": \"csmrg3861-EastAsiawebspace\",\r\n    \"subscription\": \"4f6b17cc-3656-49ce-bc6d-c4a7934df5de\",\r\n    \"adminSiteName\": null,\r\n    \"hostingEnvironment\": null\r\n  }\r\n}",
      "ResponseHeaders": {
        "Content-Length": [
          "559"
        ],
        "Content-Type": [
          "application/json"
        ],
        "Expires": [
          "-1"
        ],
        "Pragma": [
          "no-cache"
        ],
        "Strict-Transport-Security": [
          "max-age=31536000; includeSubDomains"
        ],
        "x-ms-request-id": [
          "c2a28603-3133-4854-a266-2e57f553f6cb"
        ],
        "x-ms-ratelimit-remaining-subscription-writes": [
          "1185"
        ],
        "x-ms-correlation-request-id": [
          "7fd75e28-e856-4b84-a192-a62a43e7ab9f"
        ],
        "x-ms-routing-request-id": [
          "WESTUS:20150318T023654Z:7fd75e28-e856-4b84-a192-a62a43e7ab9f"
        ],
        "Cache-Control": [
          "no-cache"
        ],
        "Date": [
          "Wed, 18 Mar 2015 02:36:54 GMT"
        ],
        "Server": [
          "Microsoft-IIS/8.0"
        ],
        "X-AspNet-Version": [
          "4.0.30319"
        ],
        "X-Powered-By": [
          "ASP.NET"
        ]
      },
      "StatusCode": 200
    },
    {
      "RequestUri": "/subscriptions/4f6b17cc-3656-49ce-bc6d-c4a7934df5de/resourceGroups/csmrg3861/providers/Microsoft.Web/sites/csmws196?api-version=2014-06-01",
      "EncodedRequestUri": "L3N1YnNjcmlwdGlvbnMvNGY2YjE3Y2MtMzY1Ni00OWNlLWJjNmQtYzRhNzkzNGRmNWRlL3Jlc291cmNlR3JvdXBzL2NzbXJnMzg2MS9wcm92aWRlcnMvTWljcm9zb2Z0LldlYi9zaXRlcy9jc213czE5Nj9hcGktdmVyc2lvbj0yMDE0LTA2LTAx",
      "RequestMethod": "PUT",
      "RequestBody": "{\r\n  \"properties\": {\r\n    \"ServerFarm\": \"csmwhp2063\"\r\n  },\r\n  \"name\": \"csmws196\",\r\n  \"location\": \"East Asia\",\r\n  \"tags\": {\r\n    \"tag1\": \"value1\",\r\n    \"tag2\": \"\"\r\n  }\r\n}",
      "RequestHeaders": {
        "Content-Type": [
          "application/json; charset=utf-8"
        ],
        "Content-Length": [
          "169"
        ],
        "User-Agent": [
          "Microsoft.Azure.Management.WebSites.WebSiteManagementClient/2.0.0.0"
        ]
      },
      "ResponseBody": "{\r\n  \"id\": \"/subscriptions/4f6b17cc-3656-49ce-bc6d-c4a7934df5de/resourceGroups/csmrg3861/providers/Microsoft.Web/sites/csmws196\",\r\n  \"name\": \"csmws196\",\r\n  \"type\": \"Microsoft.Web/sites\",\r\n  \"kind\": null,\r\n  \"location\": \"East Asia\",\r\n  \"tags\": {\r\n    \"tag1\": \"value1\",\r\n    \"tag2\": \"\"\r\n  },\r\n  \"properties\": {\r\n    \"name\": \"csmws196\",\r\n    \"state\": \"Running\",\r\n    \"hostNames\": [\r\n      \"csmws196.azurewebsites.net\"\r\n    ],\r\n    \"webSpace\": \"csmrg3861-EastAsiawebspace\",\r\n    \"selfLink\": \"https://waws-prod-hk1-007.api.azurewebsites.windows.net:454/subscriptions/4f6b17cc-3656-49ce-bc6d-c4a7934df5de/webspaces/csmrg3861-EastAsiawebspace/sites/csmws196\",\r\n    \"repositorySiteName\": \"csmws196\",\r\n    \"owner\": null,\r\n    \"usageState\": 0,\r\n    \"enabled\": true,\r\n    \"adminEnabled\": true,\r\n    \"enabledHostNames\": [\r\n      \"csmws196.azurewebsites.net\",\r\n      \"csmws196.scm.azurewebsites.net\"\r\n    ],\r\n    \"siteProperties\": {\r\n      \"metadata\": null,\r\n      \"properties\": [],\r\n      \"appSettings\": null\r\n    },\r\n    \"availabilityState\": 0,\r\n    \"sslCertificates\": null,\r\n    \"csrs\": [],\r\n    \"cers\": null,\r\n    \"siteMode\": null,\r\n    \"hostNameSslStates\": [\r\n      {\r\n        \"name\": \"csmws196.azurewebsites.net\",\r\n        \"sslState\": 0,\r\n        \"ipBasedSslResult\": null,\r\n        \"virtualIP\": null,\r\n        \"thumbprint\": null,\r\n        \"toUpdate\": null,\r\n        \"toUpdateIpBasedSsl\": null,\r\n        \"ipBasedSslState\": 0,\r\n        \"hostType\": 0\r\n      },\r\n      {\r\n        \"name\": \"csmws196.scm.azurewebsites.net\",\r\n        \"sslState\": 0,\r\n        \"ipBasedSslResult\": null,\r\n        \"virtualIP\": null,\r\n        \"thumbprint\": null,\r\n        \"toUpdate\": null,\r\n        \"toUpdateIpBasedSsl\": null,\r\n        \"ipBasedSslState\": 0,\r\n        \"hostType\": 1\r\n      }\r\n    ],\r\n    \"computeMode\": null,\r\n    \"serverFarm\": \"csmwhp2063\",\r\n    \"webHostingPlan\": \"csmwhp2063\",\r\n    \"lastModifiedTimeUtc\": \"2015-03-18T02:36:58.917\",\r\n    \"storageRecoveryDefaultState\": \"Running\",\r\n    \"contentAvailabilityState\": 0,\r\n    \"runtimeAvailabilityState\": 0,\r\n    \"siteConfig\": null,\r\n    \"deploymentId\": \"csmws196\",\r\n    \"trafficManagerHostNames\": null,\r\n    \"sku\": \"Shared\",\r\n    \"premiumAppDeployed\": null,\r\n    \"scmSiteAlsoStopped\": false,\r\n    \"targetSwapSlot\": null,\r\n    \"hostingEnvironment\": null,\r\n    \"microService\": \"WebSites\",\r\n    \"gatewaySiteName\": null,\r\n    \"kind\": null,\r\n    \"cloningInfo\": null\r\n  }\r\n}",
      "ResponseHeaders": {
        "Content-Length": [
          "1770"
        ],
        "Content-Type": [
          "application/json"
        ],
        "Expires": [
          "-1"
        ],
        "Pragma": [
          "no-cache"
        ],
        "Strict-Transport-Security": [
          "max-age=31536000; includeSubDomains"
        ],
        "x-ms-request-id": [
          "d333fbe4-bc8f-4fca-ade3-acd30cff7f68"
        ],
        "x-ms-ratelimit-remaining-subscription-writes": [
          "1184"
        ],
        "x-ms-correlation-request-id": [
          "88b010a8-8f9e-4845-b18a-53420e575fa1"
        ],
        "x-ms-routing-request-id": [
          "WESTUS:20150318T023713Z:88b010a8-8f9e-4845-b18a-53420e575fa1"
        ],
        "Cache-Control": [
          "no-cache"
        ],
        "Date": [
          "Wed, 18 Mar 2015 02:37:13 GMT"
        ],
        "Server": [
          "Microsoft-IIS/8.0"
        ],
        "X-AspNet-Version": [
          "4.0.30319"
        ],
        "X-Powered-By": [
          "ASP.NET"
        ]
      },
      "StatusCode": 200
    },
    {
      "RequestUri": "/subscriptions/4f6b17cc-3656-49ce-bc6d-c4a7934df5de/resourceGroups/csmrg3861/providers/Microsoft.Web/sites/csmws196/config/slotConfigNames?api-version=2014-06-01",
      "EncodedRequestUri": "L3N1YnNjcmlwdGlvbnMvNGY2YjE3Y2MtMzY1Ni00OWNlLWJjNmQtYzRhNzkzNGRmNWRlL3Jlc291cmNlR3JvdXBzL2NzbXJnMzg2MS9wcm92aWRlcnMvTWljcm9zb2Z0LldlYi9zaXRlcy9jc213czE5Ni9jb25maWcvc2xvdENvbmZpZ05hbWVzP2FwaS12ZXJzaW9uPTIwMTQtMDYtMDE=",
      "RequestMethod": "PUT",
      "RequestBody": "{\r\n  \"properties\": {\r\n    \"connectionStringNames\": [\r\n      \"ConnString1\",\r\n      \"ConnString2\"\r\n    ],\r\n    \"appSettingNames\": [\r\n      \"AppSetting1\",\r\n      \"AppSetting2\"\r\n    ]\r\n  },\r\n  \"location\": \"East Asia\",\r\n  \"tags\": {}\r\n}",
      "RequestHeaders": {
        "Content-Type": [
          "application/json; charset=utf-8"
        ],
        "Content-Length": [
          "230"
        ],
        "accept": [
          "application/json"
        ],
        "User-Agent": [
          "Microsoft.Azure.Management.WebSites.WebSiteManagementClient/2.0.0.0"
        ]
      },
      "ResponseBody": "{\r\n  \"id\": null,\r\n  \"name\": \"csmws196\",\r\n  \"type\": \"Microsoft.Web/sites\",\r\n  \"kind\": null,\r\n  \"location\": \"East Asia\",\r\n  \"tags\": {\r\n    \"tag1\": \"value1\",\r\n    \"tag2\": \"\"\r\n  },\r\n  \"properties\": {\r\n    \"connectionStringNames\": [\r\n      \"ConnString1\",\r\n      \"ConnString2\"\r\n    ],\r\n    \"appSettingNames\": [\r\n      \"AppSetting1\",\r\n      \"AppSetting2\"\r\n    ]\r\n  }\r\n}",
      "ResponseHeaders": {
        "Content-Length": [
          "245"
        ],
        "Content-Type": [
          "application/json"
        ],
        "Expires": [
          "-1"
        ],
        "Pragma": [
          "no-cache"
        ],
        "Strict-Transport-Security": [
          "max-age=31536000; includeSubDomains"
        ],
        "x-ms-request-id": [
          "01ce4ec8-281b-48e6-86aa-305d7add2879"
        ],
        "x-ms-ratelimit-remaining-subscription-writes": [
          "1183"
        ],
        "x-ms-correlation-request-id": [
          "4006f1bc-62cf-4705-858c-721047b7c4b6"
        ],
        "x-ms-routing-request-id": [
          "WESTUS:20150318T023714Z:4006f1bc-62cf-4705-858c-721047b7c4b6"
        ],
        "Cache-Control": [
          "no-cache"
        ],
        "Date": [
          "Wed, 18 Mar 2015 02:37:14 GMT"
        ],
        "Server": [
          "Microsoft-IIS/8.0"
        ],
        "X-AspNet-Version": [
          "4.0.30319"
        ],
        "X-Powered-By": [
          "ASP.NET"
        ]
      },
      "StatusCode": 200
    },
    {
      "RequestUri": "/subscriptions/4f6b17cc-3656-49ce-bc6d-c4a7934df5de/resourceGroups/csmrg3861/providers/Microsoft.Web/sites/csmws196/config/slotConfigNames?api-version=2014-06-01",
      "EncodedRequestUri": "L3N1YnNjcmlwdGlvbnMvNGY2YjE3Y2MtMzY1Ni00OWNlLWJjNmQtYzRhNzkzNGRmNWRlL3Jlc291cmNlR3JvdXBzL2NzbXJnMzg2MS9wcm92aWRlcnMvTWljcm9zb2Z0LldlYi9zaXRlcy9jc213czE5Ni9jb25maWcvc2xvdENvbmZpZ05hbWVzP2FwaS12ZXJzaW9uPTIwMTQtMDYtMDE=",
      "RequestMethod": "GET",
      "RequestBody": "",
      "RequestHeaders": {
        "accept": [
          "application/json"
        ],
        "User-Agent": [
          "Microsoft.Azure.Management.WebSites.WebSiteManagementClient/2.0.0.0"
        ]
      },
      "ResponseBody": "{\r\n  \"id\": null,\r\n  \"name\": \"csmws196\",\r\n  \"type\": \"Microsoft.Web/sites\",\r\n  \"kind\": null,\r\n  \"location\": \"East Asia\",\r\n  \"tags\": {\r\n    \"tag1\": \"value1\",\r\n    \"tag2\": \"\"\r\n  },\r\n  \"properties\": {\r\n    \"connectionStringNames\": [\r\n      \"ConnString1\",\r\n      \"ConnString2\"\r\n    ],\r\n    \"appSettingNames\": [\r\n      \"AppSetting1\",\r\n      \"AppSetting2\"\r\n    ]\r\n  }\r\n}",
      "ResponseHeaders": {
        "Content-Length": [
          "245"
        ],
        "Content-Type": [
          "application/json"
        ],
        "Expires": [
          "-1"
        ],
        "Pragma": [
          "no-cache"
        ],
        "Strict-Transport-Security": [
          "max-age=31536000; includeSubDomains"
        ],
        "x-ms-request-id": [
          "225d4b26-f9b1-47b5-8ac9-e8381c9b42b4"
        ],
        "x-ms-ratelimit-remaining-subscription-reads": [
          "31997"
        ],
        "x-ms-correlation-request-id": [
          "522d9fba-6093-4130-b312-0cace843ebab"
        ],
        "x-ms-routing-request-id": [
          "WESTUS:20150318T023714Z:522d9fba-6093-4130-b312-0cace843ebab"
        ],
        "Cache-Control": [
          "no-cache"
        ],
        "Date": [
          "Wed, 18 Mar 2015 02:37:14 GMT"
        ],
        "Server": [
          "Microsoft-IIS/8.0"
        ],
        "X-AspNet-Version": [
          "4.0.30319"
        ],
        "X-Powered-By": [
          "ASP.NET"
        ]
      },
      "StatusCode": 200
    },
    {
      "RequestUri": "/subscriptions/4f6b17cc-3656-49ce-bc6d-c4a7934df5de/resourceGroups/csmrg3861/providers/Microsoft.Web/sites/csmws196?api-version=2014-06-01&deleteEmptyServerFarm=false&deleteMetrics=true&deleteAllSlots=true",
      "EncodedRequestUri": "L3N1YnNjcmlwdGlvbnMvNGY2YjE3Y2MtMzY1Ni00OWNlLWJjNmQtYzRhNzkzNGRmNWRlL3Jlc291cmNlR3JvdXBzL2NzbXJnMzg2MS9wcm92aWRlcnMvTWljcm9zb2Z0LldlYi9zaXRlcy9jc213czE5Nj9hcGktdmVyc2lvbj0yMDE0LTA2LTAxJmRlbGV0ZUVtcHR5U2VydmVyRmFybT1mYWxzZSZkZWxldGVNZXRyaWNzPXRydWUmZGVsZXRlQWxsU2xvdHM9dHJ1ZQ==",
      "RequestMethod": "DELETE",
      "RequestBody": "",
      "RequestHeaders": {
        "User-Agent": [
          "Microsoft.Azure.Management.WebSites.WebSiteManagementClient/2.0.0.0"
        ]
      },
      "ResponseBody": "",
      "ResponseHeaders": {
        "Content-Length": [
          "0"
        ],
        "Expires": [
          "-1"
        ],
        "Pragma": [
          "no-cache"
        ],
        "Strict-Transport-Security": [
          "max-age=31536000; includeSubDomains"
        ],
        "x-ms-request-id": [
          "9ac504d6-9c78-407a-b78a-5e4e4c089398"
        ],
        "x-ms-ratelimit-remaining-subscription-writes": [
          "1182"
        ],
        "x-ms-correlation-request-id": [
          "52fe270d-cb1c-40f3-beed-9f04917d4b4d"
        ],
        "x-ms-routing-request-id": [
          "WESTUS:20150318T023719Z:52fe270d-cb1c-40f3-beed-9f04917d4b4d"
        ],
        "Cache-Control": [
          "no-cache"
        ],
        "Date": [
          "Wed, 18 Mar 2015 02:37:19 GMT"
        ],
        "ETag": [
          "\"1D06124684D7CD0\""
        ],
        "Server": [
          "Microsoft-IIS/8.0"
        ],
        "X-AspNet-Version": [
          "4.0.30319"
        ],
        "X-Powered-By": [
          "ASP.NET"
        ]
      },
      "StatusCode": 200
    },
    {
      "RequestUri": "/subscriptions/4f6b17cc-3656-49ce-bc6d-c4a7934df5de/resourceGroups/csmrg3861/providers/Microsoft.Web/serverFarms/csmwhp2063?api-version=2014-06-01",
      "EncodedRequestUri": "L3N1YnNjcmlwdGlvbnMvNGY2YjE3Y2MtMzY1Ni00OWNlLWJjNmQtYzRhNzkzNGRmNWRlL3Jlc291cmNlR3JvdXBzL2NzbXJnMzg2MS9wcm92aWRlcnMvTWljcm9zb2Z0LldlYi9zZXJ2ZXJGYXJtcy9jc213aHAyMDYzP2FwaS12ZXJzaW9uPTIwMTQtMDYtMDE=",
      "RequestMethod": "DELETE",
      "RequestBody": "",
      "RequestHeaders": {
        "User-Agent": [
          "Microsoft.Azure.Management.WebSites.WebSiteManagementClient/2.0.0.0"
        ]
      },
      "ResponseBody": "",
      "ResponseHeaders": {
        "Content-Length": [
          "0"
        ],
        "Expires": [
          "-1"
        ],
        "Pragma": [
          "no-cache"
        ],
        "Strict-Transport-Security": [
          "max-age=31536000; includeSubDomains"
        ],
        "x-ms-request-id": [
          "241d3fab-cd47-4d13-a254-01f24dffb7ed"
        ],
        "x-ms-ratelimit-remaining-subscription-writes": [
          "1181"
        ],
        "x-ms-correlation-request-id": [
          "13674c46-e7a5-42b9-a270-b94500175a60"
        ],
        "x-ms-routing-request-id": [
          "WESTUS:20150318T023723Z:13674c46-e7a5-42b9-a270-b94500175a60"
        ],
        "Cache-Control": [
          "no-cache"
        ],
        "Date": [
          "Wed, 18 Mar 2015 02:37:23 GMT"
        ],
        "Server": [
          "Microsoft-IIS/8.0"
        ],
        "X-AspNet-Version": [
          "4.0.30319"
        ],
        "X-Powered-By": [
          "ASP.NET"
        ]
      },
      "StatusCode": 200
    }
  ],
  "Names": {
    "RunWebsiteTestScenario": [
      "csmws196",
      "csmrg3861",
      "csmwhp2063"
    ]
  },
  "Variables": {
    "SubscriptionId": "4f6b17cc-3656-49ce-bc6d-c4a7934df5de"
  }
}