{
  "Entries": [
    {
      "RequestUri": "/luis/api/v2.0/apps/86226c53-b7a6-416f-876b-226b2b5ab07b/versions/0.1/phraselists",
      "EncodedRequestUri": "L2x1aXMvYXBpL3YyLjAvYXBwcy84NjIyNmM1My1iN2E2LTQxNmYtODc2Yi0yMjZiMmI1YWIwN2IvdmVyc2lvbnMvMC4xL3BocmFzZWxpc3Rz",
      "RequestMethod": "POST",
      "RequestBody": "{\r\n  \"phrases\": \"monday,tuesday,wednesday,thursday,friday,saturday,sunday\",\r\n  \"name\": \"DayOfWeek\",\r\n  \"isExchangeable\": true\r\n}",
      "RequestHeaders": {
        "Content-Type": [
          "application/json; charset=utf-8"
        ],
        "Content-Length": [
          "128"
        ],
        "Ocp-Apim-Subscription-Key": [
          "00000000000000000000000000000000"
        ],
        "User-Agent": [
          "FxVersion/4.6.25815.04",
          "Microsoft.Azure.CognitiveServices.Language.LUIS.Programmatic.LuisProgrammaticAPI/0.0.0.0"
        ]
      },
      "ResponseBody": "648646",
      "ResponseHeaders": {
        "Content-Length": [
          "6"
        ],
        "Content-Type": [
          "application/json; charset=utf-8"
        ],
        "Cache-Control": [
          "no-store, proxy-revalidate, no-cache, max-age=0, private"
        ],
        "Date": [
          "Thu, 14 Dec 2017 17:05:31 GMT"
        ],
        "Pragma": [
          "no-cache"
        ],
        "Apim-Request-Id": [
          "b566b9be-837a-4ab0-bb70-43f7eb38ec8c"
        ],
        "Request-Id": [
          "b566b9be-837a-4ab0-bb70-43f7eb38ec8c"
        ],
        "Request-Context": [
          "appId=cid-v1:26a3540d-a02a-4998-a060-715488fd769b"
        ],
        "X-Content-Type-Options": [
          "nosniff"
        ],
        "X-Frame-Options": [
          "SAMEORIGIN"
        ],
        "X-Powered-By": [
          "ASP.NET"
        ],
        "Strict-Transport-Security": [
          "max-age=31536000; includeSubDomains; preload"
        ]
      },
      "StatusCode": 201
    },
    {
      "RequestUri": "/luis/api/v2.0/apps/86226c53-b7a6-416f-876b-226b2b5ab07b/versions/0.1/phraselists?skip=0&take=100",
      "EncodedRequestUri": "L2x1aXMvYXBpL3YyLjAvYXBwcy84NjIyNmM1My1iN2E2LTQxNmYtODc2Yi0yMjZiMmI1YWIwN2IvdmVyc2lvbnMvMC4xL3BocmFzZWxpc3RzP3NraXA9MCZ0YWtlPTEwMA==",
      "RequestMethod": "GET",
      "RequestBody": "",
      "RequestHeaders": {
        "Ocp-Apim-Subscription-Key": [
          "00000000000000000000000000000000"
        ],
        "User-Agent": [
          "FxVersion/4.6.25815.04",
          "Microsoft.Azure.CognitiveServices.Language.LUIS.Programmatic.LuisProgrammaticAPI/0.0.0.0"
        ]
      },
      "ResponseBody": "[\r\n  {\r\n    \"id\": 648646,\r\n    \"name\": \"DayOfWeek\",\r\n    \"phrases\": \"monday,tuesday,wednesday,thursday,friday,saturday,sunday\",\r\n    \"isExchangeable\": true,\r\n    \"isActive\": true\r\n  }\r\n]",
      "ResponseHeaders": {
        "Content-Length": [
          "141"
        ],
        "Content-Type": [
          "application/json; charset=utf-8"
        ],
        "Cache-Control": [
          "no-store, proxy-revalidate, no-cache, max-age=0, private"
        ],
        "Date": [
          "Thu, 14 Dec 2017 17:05:32 GMT"
        ],
        "Pragma": [
          "no-cache"
        ],
        "Apim-Request-Id": [
          "612860e2-6ef6-4a1e-86b3-27b62a423611"
        ],
        "Request-Id": [
          "612860e2-6ef6-4a1e-86b3-27b62a423611"
        ],
        "Request-Context": [
          "appId=cid-v1:26a3540d-a02a-4998-a060-715488fd769b"
        ],
        "X-Content-Type-Options": [
          "nosniff"
        ],
        "X-Frame-Options": [
          "SAMEORIGIN"
        ],
        "X-Powered-By": [
          "ASP.NET"
        ],
        "Strict-Transport-Security": [
          "max-age=31536000; includeSubDomains; preload"
        ]
      },
      "StatusCode": 200
    },
    {
      "RequestUri": "/luis/api/v2.0/apps/86226c53-b7a6-416f-876b-226b2b5ab07b/versions/0.1/phraselists/648646",
      "EncodedRequestUri": "L2x1aXMvYXBpL3YyLjAvYXBwcy84NjIyNmM1My1iN2E2LTQxNmYtODc2Yi0yMjZiMmI1YWIwN2IvdmVyc2lvbnMvMC4xL3BocmFzZWxpc3RzLzY0ODY0Ng==",
      "RequestMethod": "DELETE",
      "RequestBody": "",
      "RequestHeaders": {
        "Ocp-Apim-Subscription-Key": [
          "00000000000000000000000000000000"
        ],
        "User-Agent": [
          "FxVersion/4.6.25815.04",
          "Microsoft.Azure.CognitiveServices.Language.LUIS.Programmatic.LuisProgrammaticAPI/0.0.0.0"
        ]
      },
      "ResponseBody": "{\r\n  \"code\": \"Success\",\r\n  \"message\": \"Operation Successful\"\r\n}",
      "ResponseHeaders": {
        "Content-Length": [
          "51"
        ],
        "Content-Type": [
          "application/json; charset=utf-8"
        ],
        "Cache-Control": [
          "no-store, proxy-revalidate, no-cache, max-age=0, private"
        ],
        "Date": [
          "Thu, 14 Dec 2017 17:05:34 GMT"
        ],
        "Pragma": [
          "no-cache"
        ],
        "Apim-Request-Id": [
          "b9475d40-2946-4189-b612-9a6962812c6a"
        ],
        "Request-Id": [
          "b9475d40-2946-4189-b612-9a6962812c6a"
        ],
        "Request-Context": [
          "appId=cid-v1:26a3540d-a02a-4998-a060-715488fd769b"
        ],
        "X-Content-Type-Options": [
          "nosniff"
        ],
        "X-Frame-Options": [
          "SAMEORIGIN"
        ],
        "X-Powered-By": [
          "ASP.NET"
        ],
        "Strict-Transport-Security": [
          "max-age=31536000; includeSubDomains; preload"
        ]
      },
      "StatusCode": 200
    }
  ],
  "Names": {},
  "Variables": {}
}