{
  "Entries": [
    {
      "RequestUri": "https://heathskvtst2hsm.managedhsm.azure.net/keys/2074498369?api-version=7.3-preview",
      "RequestMethod": "PUT",
      "RequestHeaders": {
        "Accept": "application/json",
        "Content-Length": "0",
        "traceparent": "00-34585ea68c2d53428663d34fd1101991-6357762350463c4a-00",
        "User-Agent": [
          "azsdk-net-Security.KeyVault.Keys/4.3.0-alpha.20210802.1",
          "(.NET 5.0.8; Microsoft Windows 10.0.19043)"
        ],
        "x-ms-client-request-id": "8529ad612cf738af1c3eaffbb166c640",
        "x-ms-return-client-request-id": "true"
      },
      "RequestBody": null,
      "StatusCode": 401,
      "ResponseHeaders": {
        "Cache-Control": "no-cache",
        "Content-Length": "0",
        "Content-Security-Policy": "default-src \u0027self\u0027",
        "Content-Type": "application/json; charset=utf-8",
        "Strict-Transport-Security": "max-age=31536000; includeSubDomains",
        "WWW-Authenticate": "Bearer authorization=\u0022https://login.microsoftonline.com/72f988bf-86f1-41af-91ab-2d7cd011db47\u0022, resource=\u0022https://managedhsm.azure.net\u0022",
        "X-Content-Type-Options": "nosniff",
        "X-Frame-Options": "SAMEORIGIN",
        "x-ms-request-id": "685ec070-f3ea-11eb-8ab7-000d3aa6a10f",
        "x-ms-server-latency": "1"
      },
      "ResponseBody": []
    },
    {
      "RequestUri": "https://heathskvtst2hsm.managedhsm.azure.net/keys/2074498369?api-version=7.3-preview",
      "RequestMethod": "PUT",
      "RequestHeaders": {
        "Accept": "application/json",
        "Authorization": "Sanitized",
        "Content-Length": "1693",
        "Content-Type": "application/json",
        "traceparent": "00-34585ea68c2d53428663d34fd1101991-6357762350463c4a-00",
        "User-Agent": [
          "azsdk-net-Security.KeyVault.Keys/4.3.0-alpha.20210802.1",
          "(.NET 5.0.8; Microsoft Windows 10.0.19043)"
        ],
        "x-ms-client-request-id": "8529ad612cf738af1c3eaffbb166c640",
        "x-ms-return-client-request-id": "true"
      },
      "RequestBody": {
        "key": {
          "kty": "RSA",
          "key_ops": [
            "encrypt",
            "decrypt",
            "sign",
            "verify",
            "wrapKey",
            "unwrapKey"
          ],
          "n": "x2GrX8BMUN86IYdBa0I9vdeB5e3AWeag0Mx-174PzdU9IwiigZTIYND86PbfIuihrkyreOZ9ZRwgGnvy2RCihSiBwB1NxvBPNuCDFEwwXO-ckyZ_9GeTR-g7J5H76f27Z5qmD4RHrlVVODJo_JdCwXdOfI7CJOmcKRL2zpCjdwWqx2NiOzj27ndGC-3Kym5uCNFeqdGG6t_MfBec8q5MAuhHz5XwfC9vm5eH55j0B03VLfNekVJXmb1UtQTvyBQL4LMLcrhDDh8TeaGIyZY5aMsWLP2kXzoNMdjBEgL3O2yhMK1tpM9C4rZc3DP1F9o6Zt_fagRRhIs9i3ufetffrQ",
          "e": "AQAB",
          "dp": "BQwM6ZV3TQ8eSpW_yw4DiW_mVlS2Whndft4GztwbdqGqAqZ3UqS_SxiakcWGSqJfzCw-GHV1s7SFvWp1AYjXtmO4Tu1pU7KzgPMkTBghGPXQ6vNTSXRaxQfmvOBIa6DPDieA3j5lMB6Ky3tVsdQ-6D2w8SpdYzMFBMBSTWj_KPk",
          "dq": "zPkgSf1xe5W0brbbP5lcKvH3FzUpxyqHawyLrTUA_6LYInU1Pm3ZPTkdBmUmCBmw59dt0OzE58sq5C14CZ5dhoyFJ7dP7SLj5XoKwOBt52pcjLZqeXJtEqRlW6Cpy40r6xuBhCb3AEklSsnaQ2AVR2WU47kLAMsHP13fGUsPhBc",
          "qi": "wrQcKRmeJOM44JslEiVbX9tFcui-JU7HDRUFGKhH94ekpQKloADZmPL0M2SAMLlszIPAevMy_WCRAmGeeWjNhGw5HkexE_nqK8ll1R2KR_Sj8gFQCq1yzeMZZz4VjUB8jzCgyTv5lrpYrtbIJqaiqA-WKyj4ORGh8GrF3ZlbGBo",
          "p": "yi6f3VIiMdN1UB-rAEhizxcfpRfkRiL8_CtzTrIfuXKkqlLuBaTrUfqgmz35xAQi0vC0_-4vwIEqPV7kdVXyHBPTWSY4gZG2to5HPCeehwctz9eqXxVQ9ccBX5yunexj_ATat-eAFJzvar02As6q85NGjLkLguFdOctGX6fVvu8",
          "q": "_HQzwzJkn3jn_XnAsGAflMM92fwC9xYtR4j89BOjvyWAPBsdEkNcziKkAX4EevMRZjZJPDtvSWl01TUjkEezFeelJkidtTigRFhjst2Ury5CCCUZSnvlcr7Vo5ILuvdfCximYhltU8GKhhlDU6Q6U5TZmYs65B7FhhWJU7U9iyM",
          "d": "ilp_FimVi4TrjLqTrb9Aosy56fiqQngkXd-ZoVHVG6r-CqKCSdMZnP1IksxEmK-_CflP_8xJdXEn4dji8rd1X1t1df-fqg21mkn_C4W3BbaL-xx7K_j3na1L5zCJE50rf0A0PY44Q4QZZ66rZaP9Ac0tXIeftweYgnQTadG6bOr5VFmhPYqvTKYi3irjwWhOxF9J5ni2fKeQ66J4k7S70lkT6SD1GuUnJ2yYniBzxmFPARD3t-gXXw5rKwL1504Wy9dts4AXrK1cSBbxKvLeFLQbGlIRdQXYLjfjMaWBoykgrm9S9uTRwnM_LlaKocMMTB20d7kq1IjBsz4r0ZhJjQ"
        }
      },
      "StatusCode": 200,
      "ResponseHeaders": {
        "Cache-Control": "no-cache",
        "Content-Length": "718",
        "Content-Security-Policy": "default-src \u0027self\u0027",
        "Content-Type": "application/json; charset=utf-8",
        "Strict-Transport-Security": "max-age=31536000; includeSubDomains",
        "X-Content-Type-Options": "nosniff",
        "X-Frame-Options": "SAMEORIGIN",
        "x-ms-keyvault-network-info": "conn_type=Ipv4;addr=67.171.12.239;act_addr_fam=Ipv4;",
        "x-ms-keyvault-region": "centralus",
        "x-ms-request-id": "68e27ec4-f3ea-11eb-8ab7-000d3aa6a10f",
        "x-ms-server-latency": "364"
      },
      "ResponseBody": {
        "attributes": {
          "created": 1627947367,
          "enabled": true,
          "exportable": false,
          "recoverableDays": 7,
          "recoveryLevel": "CustomizedRecoverable\u002BPurgeable",
          "updated": 1627947367
        },
        "key": {
          "e": "AQAB",
          "key_ops": [
            "decrypt",
            "encrypt",
            "unwrapKey",
            "sign",
            "verify",
            "wrapKey"
          ],
          "kid": "https://heathskvtst2hsm.managedhsm.azure.net/keys/2074498369/e16c082a193244e1298d85f15ecd7952",
          "kty": "RSA-HSM",
          "n": "x2GrX8BMUN86IYdBa0I9vdeB5e3AWeag0Mx-174PzdU9IwiigZTIYND86PbfIuihrkyreOZ9ZRwgGnvy2RCihSiBwB1NxvBPNuCDFEwwXO-ckyZ_9GeTR-g7J5H76f27Z5qmD4RHrlVVODJo_JdCwXdOfI7CJOmcKRL2zpCjdwWqx2NiOzj27ndGC-3Kym5uCNFeqdGG6t_MfBec8q5MAuhHz5XwfC9vm5eH55j0B03VLfNekVJXmb1UtQTvyBQL4LMLcrhDDh8TeaGIyZY5aMsWLP2kXzoNMdjBEgL3O2yhMK1tpM9C4rZc3DP1F9o6Zt_fagRRhIs9i3ufetffrQ"
        }
      }
    },
    {
      "RequestUri": "https://heathskvtst2hsm.managedhsm.azure.net/keys/2074498369/e16c082a193244e1298d85f15ecd7952/verify?api-version=7.3-preview",
      "RequestMethod": "POST",
      "RequestHeaders": {
        "Accept": "application/json",
        "Authorization": "Sanitized",
        "Content-Length": "423",
        "Content-Type": "application/json",
        "traceparent": "00-bccbc1bd0b32fe438ea0e0bc03fedea2-d8df6a775ec3b644-00",
        "User-Agent": [
          "azsdk-net-Security.KeyVault.Keys/4.3.0-alpha.20210802.1",
          "(.NET 5.0.8; Microsoft Windows 10.0.19043)"
        ],
        "x-ms-client-request-id": "4a12d3360acb1fb452898e08721a3fde",
        "x-ms-return-client-request-id": "true"
      },
      "RequestBody": {
        "alg": "RS256",
        "digest": "SzbWRQ-B21IGFdbQSMhfztIwzFG5zxcNrpqIPZ0L8fc",
        "value": "rylISbEAZbq2X3C1_5RfZ82bAaYBwiIc3xQTBRu3tDWPA6q0N2AQDoeqZHzqywcBp0WDIzWICNWsCH1bakRwp-BnERFKroCe3Dw64fd26O-aDL1r_vo2MluPTUIWE123E8S5EBPLOmlaxlTS_HmsFPONepeyubV_PfAhjQNL-ulf3EcbQOuNCYhlgI3xbJ0FSIeL0Y1gs-brzZdSO6Lgj7IcUL3AvBY9SjucQj4D8OmK-wR4VVHwArXhQkake8ou0zHm7yC48BOu9n_Iu2rJXgE-PTuotwe0g6YYoyWIVkBehKTiR8ZGt57CScAPNMf_-Cy5dXOV4es1V787LyahPQ"
      },
      "StatusCode": 200,
      "ResponseHeaders": {
        "Cache-Control": "no-cache",
        "Content-Length": "130",
        "Content-Security-Policy": "default-src \u0027self\u0027",
        "Content-Type": "application/json; charset=utf-8",
        "Strict-Transport-Security": "max-age=31536000; includeSubDomains",
        "X-Content-Type-Options": "nosniff",
        "X-Frame-Options": "SAMEORIGIN",
        "x-ms-keyvault-network-info": "conn_type=Ipv4;addr=67.171.12.239;act_addr_fam=Ipv4;",
        "x-ms-keyvault-region": "centralus",
        "x-ms-request-id": "69310f80-f3ea-11eb-8ab7-000d3aa6a10f",
        "x-ms-server-latency": "111"
      },
      "ResponseBody": {
        "alg": "RS256",
        "kid": "https://heathskvtst2hsm.managedhsm.azure.net/keys/2074498369/e16c082a193244e1298d85f15ecd7952",
        "value": true
      }
    }
  ],
  "Variables": {
    "AZURE_MANAGEDHSM_URL": "https://heathskvtst2hsm.managedhsm.azure.net/",
    "RandomSeed": "1634959222"
  }
}