{
  "Entries": [
    {
      "RequestUri": "https://heathskeyvaulthsm.managedhsm.azure.net/keys/849130342?api-version=7.3",
      "RequestMethod": "PUT",
      "RequestHeaders": {
        "Accept": "application/json",
        "Content-Length": "0",
        "traceparent": "00-8b3ddc9b337309478ac2cbb48401c02b-70b6db70d3f79d44-00",
        "User-Agent": "azsdk-net-Security.KeyVault.Keys/4.3.0-alpha.20220323.1 (.NET Framework 4.8.4420.0; Microsoft Windows 10.0.22000 )",
        "x-ms-client-request-id": "f8a15316b0a2a21fe51034a928f6f408",
        "x-ms-return-client-request-id": "true"
      },
      "RequestBody": null,
      "StatusCode": 401,
      "ResponseHeaders": {
        "Cache-Control": "no-cache",
        "Content-Length": "0",
        "Content-Security-Policy": "default-src \u0027self\u0027",
        "Content-Type": "application/json; charset=utf-8",
        "Strict-Transport-Security": "max-age=31536000; includeSubDomains",
        "WWW-Authenticate": "Bearer authorization=\u0022https://login.microsoftonline.com/72f988bf-86f1-41af-91ab-2d7cd011db47\u0022, resource=\u0022https://managedhsm.azure.net\u0022",
        "X-Content-Type-Options": "nosniff",
        "X-Frame-Options": "SAMEORIGIN",
        "x-ms-request-id": "0e5d438c-aaf4-11ec-abfe-000d3aeeda4b",
        "x-ms-server-latency": "0"
      },
      "ResponseBody": null
    },
    {
      "RequestUri": "https://heathskeyvaulthsm.managedhsm.azure.net/keys/849130342?api-version=7.3",
      "RequestMethod": "PUT",
      "RequestHeaders": {
        "Accept": "application/json",
        "Authorization": "Sanitized",
        "Content-Length": "1693",
        "Content-Type": "application/json",
        "traceparent": "00-8b3ddc9b337309478ac2cbb48401c02b-70b6db70d3f79d44-00",
        "User-Agent": "azsdk-net-Security.KeyVault.Keys/4.3.0-alpha.20220323.1 (.NET Framework 4.8.4420.0; Microsoft Windows 10.0.22000 )",
        "x-ms-client-request-id": "f8a15316b0a2a21fe51034a928f6f408",
        "x-ms-return-client-request-id": "true"
      },
      "RequestBody": {
        "key": {
          "kty": "RSA",
          "key_ops": [
            "encrypt",
            "decrypt",
            "sign",
            "verify",
            "wrapKey",
            "unwrapKey"
          ],
          "n": "x2GrX8BMUN86IYdBa0I9vdeB5e3AWeag0Mx-174PzdU9IwiigZTIYND86PbfIuihrkyreOZ9ZRwgGnvy2RCihSiBwB1NxvBPNuCDFEwwXO-ckyZ_9GeTR-g7J5H76f27Z5qmD4RHrlVVODJo_JdCwXdOfI7CJOmcKRL2zpCjdwWqx2NiOzj27ndGC-3Kym5uCNFeqdGG6t_MfBec8q5MAuhHz5XwfC9vm5eH55j0B03VLfNekVJXmb1UtQTvyBQL4LMLcrhDDh8TeaGIyZY5aMsWLP2kXzoNMdjBEgL3O2yhMK1tpM9C4rZc3DP1F9o6Zt_fagRRhIs9i3ufetffrQ",
          "e": "AQAB",
          "dp": "BQwM6ZV3TQ8eSpW_yw4DiW_mVlS2Whndft4GztwbdqGqAqZ3UqS_SxiakcWGSqJfzCw-GHV1s7SFvWp1AYjXtmO4Tu1pU7KzgPMkTBghGPXQ6vNTSXRaxQfmvOBIa6DPDieA3j5lMB6Ky3tVsdQ-6D2w8SpdYzMFBMBSTWj_KPk",
          "dq": "zPkgSf1xe5W0brbbP5lcKvH3FzUpxyqHawyLrTUA_6LYInU1Pm3ZPTkdBmUmCBmw59dt0OzE58sq5C14CZ5dhoyFJ7dP7SLj5XoKwOBt52pcjLZqeXJtEqRlW6Cpy40r6xuBhCb3AEklSsnaQ2AVR2WU47kLAMsHP13fGUsPhBc",
          "qi": "wrQcKRmeJOM44JslEiVbX9tFcui-JU7HDRUFGKhH94ekpQKloADZmPL0M2SAMLlszIPAevMy_WCRAmGeeWjNhGw5HkexE_nqK8ll1R2KR_Sj8gFQCq1yzeMZZz4VjUB8jzCgyTv5lrpYrtbIJqaiqA-WKyj4ORGh8GrF3ZlbGBo",
          "p": "yi6f3VIiMdN1UB-rAEhizxcfpRfkRiL8_CtzTrIfuXKkqlLuBaTrUfqgmz35xAQi0vC0_-4vwIEqPV7kdVXyHBPTWSY4gZG2to5HPCeehwctz9eqXxVQ9ccBX5yunexj_ATat-eAFJzvar02As6q85NGjLkLguFdOctGX6fVvu8",
          "q": "_HQzwzJkn3jn_XnAsGAflMM92fwC9xYtR4j89BOjvyWAPBsdEkNcziKkAX4EevMRZjZJPDtvSWl01TUjkEezFeelJkidtTigRFhjst2Ury5CCCUZSnvlcr7Vo5ILuvdfCximYhltU8GKhhlDU6Q6U5TZmYs65B7FhhWJU7U9iyM",
          "d": "ilp_FimVi4TrjLqTrb9Aosy56fiqQngkXd-ZoVHVG6r-CqKCSdMZnP1IksxEmK-_CflP_8xJdXEn4dji8rd1X1t1df-fqg21mkn_C4W3BbaL-xx7K_j3na1L5zCJE50rf0A0PY44Q4QZZ66rZaP9Ac0tXIeftweYgnQTadG6bOr5VFmhPYqvTKYi3irjwWhOxF9J5ni2fKeQ66J4k7S70lkT6SD1GuUnJ2yYniBzxmFPARD3t-gXXw5rKwL1504Wy9dts4AXrK1cSBbxKvLeFLQbGlIRdQXYLjfjMaWBoykgrm9S9uTRwnM_LlaKocMMTB20d7kq1IjBsz4r0ZhJjQ"
        }
      },
      "StatusCode": 200,
      "ResponseHeaders": {
        "Cache-Control": "no-cache",
        "Content-Length": "719",
        "Content-Security-Policy": "default-src \u0027self\u0027",
        "Content-Type": "application/json; charset=utf-8",
        "Strict-Transport-Security": "max-age=31536000; includeSubDomains",
        "X-Content-Type-Options": "nosniff",
        "X-Frame-Options": "SAMEORIGIN",
        "x-ms-keyvault-network-info": "conn_type=Ipv4;addr=67.171.12.239;act_addr_fam=Ipv4;",
        "x-ms-keyvault-region": "southcentralus",
        "x-ms-request-id": "0e8bed9a-aaf4-11ec-abfe-000d3aeeda4b",
        "x-ms-server-latency": "275"
      },
      "ResponseBody": {
        "attributes": {
          "created": 1648072573,
          "enabled": true,
          "exportable": false,
          "recoverableDays": 7,
          "recoveryLevel": "CustomizedRecoverable\u002BPurgeable",
          "updated": 1648072573
        },
        "key": {
          "e": "AQAB",
          "key_ops": [
            "decrypt",
            "encrypt",
            "unwrapKey",
            "sign",
            "verify",
            "wrapKey"
          ],
          "kid": "https://heathskeyvaulthsm.managedhsm.azure.net/keys/849130342/09f6f2cdde59478c1a8e8a54ae2ce4ae",
          "kty": "RSA-HSM",
          "n": "x2GrX8BMUN86IYdBa0I9vdeB5e3AWeag0Mx-174PzdU9IwiigZTIYND86PbfIuihrkyreOZ9ZRwgGnvy2RCihSiBwB1NxvBPNuCDFEwwXO-ckyZ_9GeTR-g7J5H76f27Z5qmD4RHrlVVODJo_JdCwXdOfI7CJOmcKRL2zpCjdwWqx2NiOzj27ndGC-3Kym5uCNFeqdGG6t_MfBec8q5MAuhHz5XwfC9vm5eH55j0B03VLfNekVJXmb1UtQTvyBQL4LMLcrhDDh8TeaGIyZY5aMsWLP2kXzoNMdjBEgL3O2yhMK1tpM9C4rZc3DP1F9o6Zt_fagRRhIs9i3ufetffrQ"
        }
      }
    },
    {
      "RequestUri": "https://heathskeyvaulthsm.managedhsm.azure.net/keys/849130342/09f6f2cdde59478c1a8e8a54ae2ce4ae/verify?api-version=7.3",
      "RequestMethod": "POST",
      "RequestHeaders": {
        "Accept": "application/json",
        "Authorization": "Sanitized",
        "Content-Length": "466",
        "Content-Type": "application/json",
        "traceparent": "00-7be7fa4d59f90f4797336f5d3f504477-3e3b11e745599f4d-00",
        "User-Agent": "azsdk-net-Security.KeyVault.Keys/4.3.0-alpha.20220323.1 (.NET Framework 4.8.4420.0; Microsoft Windows 10.0.22000 )",
        "x-ms-client-request-id": "d47baaf0e35dacf9f15fd800701a6511",
        "x-ms-return-client-request-id": "true"
      },
      "RequestBody": {
        "alg": "PS512",
        "digest": "ctUcIqLLm4g-q07Iy8UV-cnd_8asiuO7izml2NYCUdBnbHcxTjfY2qIVGfaMmgCLsIEtkPfFOssUhYiLupGHcA",
        "value": "LWm6fIqo1YwRFFkSgkI0kaieBcVX6YvZdazhuv5Kzc_0gNI_K2PjqxjgC9LJFBPtGMEjw9y9vKvBPQXDyfbmfZDJiLTChfC_KUJaf-z2SGT_qJa_9B_8TVY8dk_yjJdnmx9t0B9N-TJy9Bjwg_XwFZAD_oMuNklQMHsEQxsm8wct2PtcP1idMcQy6ICtbatLcUxlfGwb7CIMlkODCxjtPcdVeInuNjSab932Yfx9B2NTU2spUNOZwJMmjj2jHEyQU5BMpnxBPH19N-F1nLN0BV0x_Sh-rUmMAqFxwZJIda6fOweYefiAstq1Gs1gMxF1rwihgzL_q1tzvYxGWZWmqg"
      },
      "StatusCode": 200,
      "ResponseHeaders": {
        "Cache-Control": "no-cache",
        "Content-Length": "131",
        "Content-Security-Policy": "default-src \u0027self\u0027",
        "Content-Type": "application/json; charset=utf-8",
        "Strict-Transport-Security": "max-age=31536000; includeSubDomains",
        "X-Content-Type-Options": "nosniff",
        "X-Frame-Options": "SAMEORIGIN",
        "x-ms-keyvault-network-info": "conn_type=Ipv4;addr=67.171.12.239;act_addr_fam=Ipv4;",
        "x-ms-keyvault-region": "southcentralus",
        "x-ms-request-id": "0ec25934-aaf4-11ec-abfe-000d3aeeda4b",
        "x-ms-server-latency": "140"
      },
      "ResponseBody": {
        "alg": "PS512",
        "kid": "https://heathskeyvaulthsm.managedhsm.azure.net/keys/849130342/09f6f2cdde59478c1a8e8a54ae2ce4ae",
        "value": true
      }
    }
  ],
  "Variables": {
    "AZURE_MANAGEDHSM_URL": "https://heathskeyvaulthsm.managedhsm.azure.net/",
    "RandomSeed": "877215298"
  }
}
