{
  "Entries": [
    {
      "RequestUri": "https://heathskeyvaulthsm.managedhsm.azure.net/keys/1351994727?api-version=7.4-preview.1",
      "RequestMethod": "PUT",
      "RequestHeaders": {
        "Accept": "application/json",
        "Content-Length": "0",
        "traceparent": "00-69ed5876fbf5a700227e8cccccdb2030-d80d48812a350a9c-00",
        "User-Agent": "azsdk-net-Security.KeyVault.Keys/4.5.0-alpha.20221102.1 (.NET 6.0.10; Microsoft Windows 10.0.22621)",
        "x-ms-client-request-id": "8efb0bba7683fee8cdf0e2664ec12208",
        "x-ms-return-client-request-id": "true"
      },
      "RequestBody": null,
      "StatusCode": 401,
      "ResponseHeaders": {
        "Cache-Control": "no-cache",
        "Content-Length": "0",
        "Content-Security-Policy": "default-src \u0027self\u0027",
        "Content-Type": "application/json; charset=utf-8",
        "Strict-Transport-Security": "max-age=31536000; includeSubDomains",
        "WWW-Authenticate": "Bearer authorization=\u0022https://login.microsoftonline.com/72f988bf-86f1-41af-91ab-2d7cd011db47\u0022, resource=\u0022https://managedhsm.azure.net\u0022",
        "X-Content-Type-Options": "nosniff",
        "X-Frame-Options": "SAMEORIGIN",
        "x-ms-request-id": "9eee191a-5b04-11ed-83e9-0022488df0c4",
        "x-ms-server-latency": "0"
      },
      "ResponseBody": null
    },
    {
      "RequestUri": "https://heathskeyvaulthsm.managedhsm.azure.net/keys/1351994727?api-version=7.4-preview.1",
      "RequestMethod": "PUT",
      "RequestHeaders": {
        "Accept": "application/json",
        "Authorization": "Sanitized",
        "Content-Length": "212",
        "Content-Type": "application/json",
        "traceparent": "00-69ed5876fbf5a700227e8cccccdb2030-d80d48812a350a9c-00",
        "User-Agent": "azsdk-net-Security.KeyVault.Keys/4.5.0-alpha.20221102.1 (.NET 6.0.10; Microsoft Windows 10.0.22621)",
        "x-ms-client-request-id": "8efb0bba7683fee8cdf0e2664ec12208",
        "x-ms-return-client-request-id": "true"
      },
      "RequestBody": {
        "key": {
          "kty": "EC",
          "key_ops": [
            "sign",
            "verify"
          ],
          "crv": "P-256",
          "x": "6ChXX69u6IDiDD8CCOjCNyeKo-0wxn3H62GvUwindsQ",
          "y": "hMMFDz1XkqrFHsgZT-nonP1nbLB2ASAjiybvk35u3MM",
          "d": "lAoSa6IHxdCTVHn1U9YU6snurwVS1asnar9bHXhGr6w"
        }
      },
      "StatusCode": 200,
      "ResponseHeaders": {
        "Cache-Control": "no-cache",
        "Content-Length": "431",
        "Content-Security-Policy": "default-src \u0027self\u0027",
        "Content-Type": "application/json; charset=utf-8",
        "Strict-Transport-Security": "max-age=31536000; includeSubDomains",
        "X-Content-Type-Options": "nosniff",
        "X-Frame-Options": "SAMEORIGIN",
        "x-ms-keyvault-network-info": "conn_type=Ipv4;addr=131.107.174.211;act_addr_fam=Ipv4;",
        "x-ms-keyvault-region": "northus",
        "x-ms-request-id": "9f0bf6d8-5b04-11ed-83e9-0022488df0c4",
        "x-ms-server-latency": "404"
      },
      "ResponseBody": {
        "attributes": {
          "created": 1667431092,
          "enabled": true,
          "exportable": false,
          "recoverableDays": 7,
          "recoveryLevel": "CustomizedRecoverable\u002BPurgeable",
          "updated": 1667431092
        },
        "key": {
          "crv": "P-256",
          "key_ops": [
            "sign",
            "verify"
          ],
          "kid": "https://heathskeyvaulthsm.managedhsm.azure.net/keys/1351994727/97299566c573021225ee713d47e63713",
          "kty": "EC-HSM",
          "x": "6ChXX69u6IDiDD8CCOjCNyeKo-0wxn3H62GvUwindsQ",
          "y": "hMMFDz1XkqrFHsgZT-nonP1nbLB2ASAjiybvk35u3MM"
        }
      }
    },
    {
      "RequestUri": "https://heathskeyvaulthsm.managedhsm.azure.net/keys/1351994727/97299566c573021225ee713d47e63713/verify?api-version=7.4-preview.1",
      "RequestMethod": "POST",
      "RequestHeaders": {
        "Accept": "application/json",
        "Authorization": "Sanitized",
        "Content-Length": "167",
        "Content-Type": "application/json",
        "traceparent": "00-9bacf45751138c6677452abe2d4e2a7c-834dff104f164fd3-00",
        "User-Agent": "azsdk-net-Security.KeyVault.Keys/4.5.0-alpha.20221102.1 (.NET 6.0.10; Microsoft Windows 10.0.22621)",
        "x-ms-client-request-id": "ae75dc374e110c77c8a71a25da076afa",
        "x-ms-return-client-request-id": "true"
      },
      "RequestBody": {
        "alg": "ES256",
        "digest": "frEEf0jvFEROgqN_Zla2EN4LXg40CO4p_BkQoS4HGIA",
        "value": "uIVCr4idoReaFDmxVrlxuHDiE2cxebHxk6M15F0D87PFMeC6hTbdFtikNLI17HaAbytpgJ0v4HLkTWQ15Kr0eg"
      },
      "StatusCode": 200,
      "ResponseHeaders": {
        "Cache-Control": "no-cache",
        "Content-Length": "132",
        "Content-Security-Policy": "default-src \u0027self\u0027",
        "Content-Type": "application/json; charset=utf-8",
        "Strict-Transport-Security": "max-age=31536000; includeSubDomains",
        "X-Content-Type-Options": "nosniff",
        "X-Frame-Options": "SAMEORIGIN",
        "x-ms-keyvault-network-info": "conn_type=Ipv4;addr=131.107.174.211;act_addr_fam=Ipv4;",
        "x-ms-keyvault-region": "northus",
        "x-ms-request-id": "9f533e26-5b04-11ed-83e9-0022488df0c4",
        "x-ms-server-latency": "199"
      },
      "ResponseBody": {
        "alg": "ES256",
        "kid": "https://heathskeyvaulthsm.managedhsm.azure.net/keys/1351994727/97299566c573021225ee713d47e63713",
        "value": true
      }
    }
  ],
  "Variables": {
    "AZURE_AUTHORITY_HOST": "https://login.microsoftonline.com/",
    "AZURE_MANAGEDHSM_URL": "https://heathskeyvaulthsm.managedhsm.azure.net/",
    "RandomSeed": "1079159391"
  }
}
