{
  "Entries": [
    {
      "RequestUri": "https://heathskvtesthsm.managedhsm.azure.net/keys/1815208457/create?api-version=7.3-preview",
      "RequestMethod": "POST",
      "RequestHeaders": {
        "Accept": "application/json",
        "Content-Length": "0",
        "traceparent": "00-def7f4a7bfc4254fbcbb9df9531d216a-96f7793eb3504a47-00",
        "User-Agent": [
          "azsdk-net-Security.KeyVault.Keys/4.3.0-alpha.20210714.1",
          "(.NET 5.0.8; Microsoft Windows 10.0.19043)"
        ],
        "x-ms-client-request-id": "80a390b4886602c86d86f79d4398d6f6",
        "x-ms-return-client-request-id": "true"
      },
      "RequestBody": null,
      "StatusCode": 401,
      "ResponseHeaders": {
        "Cache-Control": "no-cache",
        "Content-Length": "0",
        "Content-Security-Policy": "default-src \u0027self\u0027",
        "Content-Type": "application/json; charset=utf-8",
        "Strict-Transport-Security": "max-age=31536000; includeSubDomains",
        "WWW-Authenticate": "Bearer authorization=\u0022https://login.microsoftonline.com/72f988bf-86f1-41af-91ab-2d7cd011db47\u0022, resource=\u0022https://managedhsm.azure.net\u0022",
        "X-Content-Type-Options": "nosniff",
        "X-Frame-Options": "SAMEORIGIN",
        "x-ms-request-id": "6c237ca6-e4ee-11eb-801f-000d3a72214d",
        "x-ms-server-latency": "1"
      },
      "ResponseBody": []
    },
    {
      "RequestUri": "https://heathskvtesthsm.managedhsm.azure.net/keys/1815208457/create?api-version=7.3-preview",
      "RequestMethod": "POST",
      "RequestHeaders": {
        "Accept": "application/json",
        "Authorization": "Sanitized",
        "Content-Length": "13",
        "Content-Type": "application/json",
        "traceparent": "00-def7f4a7bfc4254fbcbb9df9531d216a-96f7793eb3504a47-00",
        "User-Agent": [
          "azsdk-net-Security.KeyVault.Keys/4.3.0-alpha.20210714.1",
          "(.NET 5.0.8; Microsoft Windows 10.0.19043)"
        ],
        "x-ms-client-request-id": "80a390b4886602c86d86f79d4398d6f6",
        "x-ms-return-client-request-id": "true"
      },
      "RequestBody": {
        "kty": "RSA"
      },
      "StatusCode": 200,
      "ResponseHeaders": {
        "Cache-Control": "no-cache",
        "Content-Length": "709",
        "Content-Security-Policy": "default-src \u0027self\u0027",
        "Content-Type": "application/json; charset=utf-8",
        "Strict-Transport-Security": "max-age=31536000; includeSubDomains",
        "X-Content-Type-Options": "nosniff",
        "X-Frame-Options": "SAMEORIGIN",
        "x-ms-keyvault-network-info": "conn_type=Ipv4;addr=67.171.12.239;act_addr_fam=Ipv4;",
        "x-ms-keyvault-region": "southcentralus",
        "x-ms-request-id": "6c415582-e4ee-11eb-801f-000d3a72214d",
        "x-ms-server-latency": "254"
      },
      "ResponseBody": {
        "attributes": {
          "created": 1626299823,
          "enabled": true,
          "exportable": false,
          "recoverableDays": 90,
          "recoveryLevel": "Recoverable\u002BPurgeable",
          "updated": 1626299823
        },
        "key": {
          "e": "AQAB",
          "key_ops": [
            "wrapKey",
            "decrypt",
            "encrypt",
            "unwrapKey",
            "sign",
            "verify"
          ],
          "kid": "https://heathskvtesthsm.managedhsm.azure.net/keys/1815208457/d1740cddfb294dda961a5ae68038ff5c",
          "kty": "RSA-HSM",
          "n": "h5FhS86CLSIbSbPSIKLuVVUKQoQZW7OgLAJAJAcPh_IxjAbJRwPCNLPPlr9Qeix_1yZCYiCanssn_53o_pIG65QF3a1vZ9cNh004iPVTnKrnlPHlQP33YLelMD5o-3bGT1qa5F0qGVElRcBpm4RVTrRe-C6jvCis_xl45AVxiZuMtdMD5M7MgsEOwZbweS4dWARUxGjB03m6U_kBDJZakg7wNnN7B3wPVpRN28JCzf1Oj6f9zdbNvQ1krFkbxZACh5_P6yo9CCP8QeY2YbUlf_GKsQOnoaVcYBYY8-YTviQxRj5KdKrA8DXzMKpOFUSOgV-zYwvg5reNvK4MLb3wkQ"
        }
      }
    },
    {
      "RequestUri": "https://heathskvtesthsm.managedhsm.azure.net/keys/1815208457/d1740cddfb294dda961a5ae68038ff5c/sign?api-version=7.3-preview",
      "RequestMethod": "POST",
      "RequestHeaders": {
        "Accept": "application/json",
        "Authorization": "Sanitized",
        "Content-Length": "90",
        "Content-Type": "application/json",
        "traceparent": "00-39a4c7316b316a498108acdf9038dc65-f2eae94f7d36c540-00",
        "User-Agent": [
          "azsdk-net-Security.KeyVault.Keys/4.3.0-alpha.20210714.1",
          "(.NET 5.0.8; Microsoft Windows 10.0.19043)"
        ],
        "x-ms-client-request-id": "7b23a7a9f61d7a9ab6450dc2dbc2b816",
        "x-ms-return-client-request-id": "true"
      },
      "RequestBody": {
        "alg": "PS384",
        "value": "tF_IKy144xbE8EdnSdbeLpwCzl3Noj6vxCEDbrTFPYjlW6JEQuKXAwEMQuirchyK"
      },
      "StatusCode": 200,
      "ResponseHeaders": {
        "Cache-Control": "no-cache",
        "Content-Length": "470",
        "Content-Security-Policy": "default-src \u0027self\u0027",
        "Content-Type": "application/json; charset=utf-8",
        "Strict-Transport-Security": "max-age=31536000; includeSubDomains",
        "X-Content-Type-Options": "nosniff",
        "X-Frame-Options": "SAMEORIGIN",
        "x-ms-keyvault-network-info": "conn_type=Ipv4;addr=67.171.12.239;act_addr_fam=Ipv4;",
        "x-ms-keyvault-region": "southcentralus",
        "x-ms-request-id": "6c72d864-e4ee-11eb-801f-000d3a72214d",
        "x-ms-server-latency": "133"
      },
      "ResponseBody": {
        "alg": "PS384",
        "kid": "https://heathskvtesthsm.managedhsm.azure.net/keys/1815208457/d1740cddfb294dda961a5ae68038ff5c",
        "value": "Q7gUrOHq6DVjVaPCMiirqspvDT2nP76O4joEM9uKn1ijme0Mzr0C8qBeQ01yj2ZImzJrD2Qxb3vYTbj23OdxZyXVRXa5OYlq85ikGg2JLbiv-4kwFjrcqrJHKBQxK8QyIlS0kHDkEEyrJ_eJu7l7zhg-nAAoK_YYycRLfeWRtavWsekUxzyzodJYKwnd1DTq2XuaXz_31eD7ESiIoDIMw53T3Agt03zsy0x6zB_XodW7TEYLkGWH4xNWrH-YaUVZB4lSW27ka1Fhiz0wSHF1wMSmIrHkFecs2Dh7-9DAikdampSehxmBOJLilCb9TbS6FocgOh1uu5vJHf4fYfQAwA"
      }
    },
    {
      "RequestUri": "https://heathskvtesthsm.managedhsm.azure.net/keys/1815208457/d1740cddfb294dda961a5ae68038ff5c/sign?api-version=7.3-preview",
      "RequestMethod": "POST",
      "RequestHeaders": {
        "Accept": "application/json",
        "Authorization": "Sanitized",
        "Content-Length": "90",
        "Content-Type": "application/json",
        "traceparent": "00-0a2250b9f529d742b76e8b1c8d9b7f77-31846eb722ce0442-00",
        "User-Agent": [
          "azsdk-net-Security.KeyVault.Keys/4.3.0-alpha.20210714.1",
          "(.NET 5.0.8; Microsoft Windows 10.0.19043)"
        ],
        "x-ms-client-request-id": "56f678d20fd49575d4857da2d0501488",
        "x-ms-return-client-request-id": "true"
      },
      "RequestBody": {
        "alg": "PS384",
        "value": "tF_IKy144xbE8EdnSdbeLpwCzl3Noj6vxCEDbrTFPYjlW6JEQuKXAwEMQuirchyK"
      },
      "StatusCode": 200,
      "ResponseHeaders": {
        "Cache-Control": "no-cache",
        "Content-Length": "470",
        "Content-Security-Policy": "default-src \u0027self\u0027",
        "Content-Type": "application/json; charset=utf-8",
        "Strict-Transport-Security": "max-age=31536000; includeSubDomains",
        "X-Content-Type-Options": "nosniff",
        "X-Frame-Options": "SAMEORIGIN",
        "x-ms-keyvault-network-info": "conn_type=Ipv4;addr=67.171.12.239;act_addr_fam=Ipv4;",
        "x-ms-keyvault-region": "southcentralus",
        "x-ms-request-id": "6c918d2c-e4ee-11eb-801f-000d3a72214d",
        "x-ms-server-latency": "3"
      },
      "ResponseBody": {
        "alg": "PS384",
        "kid": "https://heathskvtesthsm.managedhsm.azure.net/keys/1815208457/d1740cddfb294dda961a5ae68038ff5c",
        "value": "O-mT6APptyWgBq-PeZ780TXdWIoXAXVTVPZB853Qnz_2jlkHmHeihaPwUfcK-OI8wImYmCtF_uyO4LYPlw8ofTijmTMXM1EkZJmsR3S8oCke6oIdyinnK9sCOYud4CIjHm5tlEQzyzavb-hAQ390Of5sPbw_oZ6C9zhZbMIa1yR4zZ6IeLKEmypyrwfsPRcbdzvRO-XiyqVuMGA_8wtZqQ9dCAU93IM1dV1S-pap7slG8_FoE4MopTqURh6m-w6X_smFlediQf6mbAwh0W3iDLPcQ37-tsh7gaTBK7uv1pWsZSN1IAHBr1szJ2iFtcCQN0ES-LKmpi92qgT85ziS5A"
      }
    },
    {
      "RequestUri": "https://heathskvtesthsm.managedhsm.azure.net/keys/1815208457/d1740cddfb294dda961a5ae68038ff5c/verify?api-version=7.3-preview",
      "RequestMethod": "POST",
      "RequestHeaders": {
        "Accept": "application/json",
        "Authorization": "Sanitized",
        "Content-Length": "444",
        "Content-Type": "application/json",
        "traceparent": "00-a66c826649c36846af4ffd007eec0958-e9de12c073abb245-00",
        "User-Agent": [
          "azsdk-net-Security.KeyVault.Keys/4.3.0-alpha.20210714.1",
          "(.NET 5.0.8; Microsoft Windows 10.0.19043)"
        ],
        "x-ms-client-request-id": "a25c24693832b0615348103c50bc1747",
        "x-ms-return-client-request-id": "true"
      },
      "RequestBody": {
        "alg": "PS384",
        "digest": "tF_IKy144xbE8EdnSdbeLpwCzl3Noj6vxCEDbrTFPYjlW6JEQuKXAwEMQuirchyK",
        "value": "O-mT6APptyWgBq-PeZ780TXdWIoXAXVTVPZB853Qnz_2jlkHmHeihaPwUfcK-OI8wImYmCtF_uyO4LYPlw8ofTijmTMXM1EkZJmsR3S8oCke6oIdyinnK9sCOYud4CIjHm5tlEQzyzavb-hAQ390Of5sPbw_oZ6C9zhZbMIa1yR4zZ6IeLKEmypyrwfsPRcbdzvRO-XiyqVuMGA_8wtZqQ9dCAU93IM1dV1S-pap7slG8_FoE4MopTqURh6m-w6X_smFlediQf6mbAwh0W3iDLPcQ37-tsh7gaTBK7uv1pWsZSN1IAHBr1szJ2iFtcCQN0ES-LKmpi92qgT85ziS5A"
      },
      "StatusCode": 200,
      "ResponseHeaders": {
        "Cache-Control": "no-cache",
        "Content-Length": "130",
        "Content-Security-Policy": "default-src \u0027self\u0027",
        "Content-Type": "application/json; charset=utf-8",
        "Strict-Transport-Security": "max-age=31536000; includeSubDomains",
        "X-Content-Type-Options": "nosniff",
        "X-Frame-Options": "SAMEORIGIN",
        "x-ms-keyvault-network-info": "conn_type=Ipv4;addr=67.171.12.239;act_addr_fam=Ipv4;",
        "x-ms-keyvault-region": "southcentralus",
        "x-ms-request-id": "6c9c9b0e-e4ee-11eb-801f-000d3a72214d",
        "x-ms-server-latency": "1"
      },
      "ResponseBody": {
        "alg": "PS384",
        "kid": "https://heathskvtesthsm.managedhsm.azure.net/keys/1815208457/d1740cddfb294dda961a5ae68038ff5c",
        "value": true
      }
    },
    {
      "RequestUri": "https://heathskvtesthsm.managedhsm.azure.net/keys/1815208457/d1740cddfb294dda961a5ae68038ff5c/verify?api-version=7.3-preview",
      "RequestMethod": "POST",
      "RequestHeaders": {
        "Accept": "application/json",
        "Authorization": "Sanitized",
        "Content-Length": "444",
        "Content-Type": "application/json",
        "traceparent": "00-8424d280209f71428a882c392aaea864-82fa9926c982a042-00",
        "User-Agent": [
          "azsdk-net-Security.KeyVault.Keys/4.3.0-alpha.20210714.1",
          "(.NET 5.0.8; Microsoft Windows 10.0.19043)"
        ],
        "x-ms-client-request-id": "d1b65114e4f49ab3318ea69879f8a966",
        "x-ms-return-client-request-id": "true"
      },
      "RequestBody": {
        "alg": "PS384",
        "digest": "tF_IKy144xbE8EdnSdbeLpwCzl3Noj6vxCEDbrTFPYjlW6JEQuKXAwEMQuirchyK",
        "value": "Q7gUrOHq6DVjVaPCMiirqspvDT2nP76O4joEM9uKn1ijme0Mzr0C8qBeQ01yj2ZImzJrD2Qxb3vYTbj23OdxZyXVRXa5OYlq85ikGg2JLbiv-4kwFjrcqrJHKBQxK8QyIlS0kHDkEEyrJ_eJu7l7zhg-nAAoK_YYycRLfeWRtavWsekUxzyzodJYKwnd1DTq2XuaXz_31eD7ESiIoDIMw53T3Agt03zsy0x6zB_XodW7TEYLkGWH4xNWrH-YaUVZB4lSW27ka1Fhiz0wSHF1wMSmIrHkFecs2Dh7-9DAikdampSehxmBOJLilCb9TbS6FocgOh1uu5vJHf4fYfQAwA"
      },
      "StatusCode": 200,
      "ResponseHeaders": {
        "Cache-Control": "no-cache",
        "Content-Length": "130",
        "Content-Security-Policy": "default-src \u0027self\u0027",
        "Content-Type": "application/json; charset=utf-8",
        "Strict-Transport-Security": "max-age=31536000; includeSubDomains",
        "X-Content-Type-Options": "nosniff",
        "X-Frame-Options": "SAMEORIGIN",
        "x-ms-keyvault-network-info": "conn_type=Ipv4;addr=67.171.12.239;act_addr_fam=Ipv4;",
        "x-ms-keyvault-region": "southcentralus",
        "x-ms-request-id": "6ca6f450-e4ee-11eb-801f-000d3a72214d",
        "x-ms-server-latency": "0"
      },
      "ResponseBody": {
        "alg": "PS384",
        "kid": "https://heathskvtesthsm.managedhsm.azure.net/keys/1815208457/d1740cddfb294dda961a5ae68038ff5c",
        "value": true
      }
    }
  ],
  "Variables": {
    "AZURE_MANAGEDHSM_URL": "https://heathskvtesthsm.managedhsm.azure.net/",
    "RandomSeed": "235812911"
  }
}