{
  "Entries": [
    {
      "RequestUri": "https://heathskeyvaulthsm.managedhsm.azure.net/keys/123765275/create?api-version=7.2",
      "RequestMethod": "POST",
      "RequestHeaders": {
        "Accept": "application/json",
        "Content-Type": "application/json",
        "traceparent": "00-ff61e3f75b9563488ce9db048ade4d73-50103f5db5c76748-00",
        "User-Agent": [
          "azsdk-net-Security.KeyVault.Keys/4.2.0-alpha.20210219.1",
          "(.NET 5.0.3; Microsoft Windows 10.0.19042)"
        ],
        "x-ms-client-request-id": "814939bec1440d5bf2bc97e5969bc5d9",
        "x-ms-return-client-request-id": "true"
      },
      "RequestBody": null,
      "StatusCode": 401,
      "ResponseHeaders": {
        "Cache-Control": "no-cache",
        "Content-Length": "0",
        "Content-Security-Policy": "default-src \u0027self\u0027",
        "Content-Type": "application/json; charset=utf-8",
        "Strict-Transport-Security": "max-age=31536000; includeSubDomains",
        "WWW-Authenticate": "Bearer authorization=\u0022https://login.microsoftonline.com/72f988bf-86f1-41af-91ab-2d7cd011db47\u0022, resource=\u0022https://managedhsm.azure.net\u0022",
        "X-Content-Type-Options": "nosniff",
        "X-Frame-Options": "SAMEORIGIN",
        "x-ms-request-id": "24f572e4-735b-11eb-a84e-0242ac120006",
        "x-ms-server-latency": "1"
      },
      "ResponseBody": []
    },
    {
      "RequestUri": "https://heathskeyvaulthsm.managedhsm.azure.net/keys/123765275/create?api-version=7.2",
      "RequestMethod": "POST",
      "RequestHeaders": {
        "Accept": "application/json",
        "Authorization": "Sanitized",
        "Content-Length": "26",
        "Content-Type": "application/json",
        "traceparent": "00-ff61e3f75b9563488ce9db048ade4d73-50103f5db5c76748-00",
        "User-Agent": [
          "azsdk-net-Security.KeyVault.Keys/4.2.0-alpha.20210219.1",
          "(.NET 5.0.3; Microsoft Windows 10.0.19042)"
        ],
        "x-ms-client-request-id": "814939bec1440d5bf2bc97e5969bc5d9",
        "x-ms-return-client-request-id": "true"
      },
      "RequestBody": {
        "kty": "EC",
        "crv": "P-384"
      },
      "StatusCode": 200,
      "ResponseHeaders": {
        "Cache-Control": "no-cache",
        "Content-Length": "463",
        "Content-Security-Policy": "default-src \u0027self\u0027",
        "Content-Type": "application/json; charset=utf-8",
        "Strict-Transport-Security": "max-age=31536000; includeSubDomains",
        "X-Content-Type-Options": "nosniff",
        "X-Frame-Options": "SAMEORIGIN",
        "x-ms-keyvault-network-info": "addr=67.171.12.239",
        "x-ms-keyvault-region": "southcentralus",
        "x-ms-request-id": "2511976c-735b-11eb-a84e-0242ac120006",
        "x-ms-server-latency": "322"
      },
      "ResponseBody": {
        "attributes": {
          "created": 1613812086,
          "enabled": true,
          "exportable": false,
          "recoverableDays": 90,
          "recoveryLevel": "Recoverable\u002BPurgeable",
          "updated": 1613812086
        },
        "key": {
          "crv": "P-384",
          "key_ops": [
            "verify",
            "sign"
          ],
          "kid": "https://heathskeyvaulthsm.managedhsm.azure.net/keys/123765275/994b3759470906bb8d3ffb1a1fcba1b6",
          "kty": "EC-HSM",
          "x": "FU4-rpP2TMa5Q-nPOiXNZjAsHBUJbdxaDqnN985-O2w0CN60Xd3phn4DciKPEnTX",
          "y": "VmIiFtHf5JQFvDd8mibV7V2J4vq419CN81NPHMWrUvW5UA6IAe6Y3QeCS4Ud3iHP"
        }
      }
    },
    {
      "RequestUri": "https://heathskeyvaulthsm.managedhsm.azure.net/keys/123765275/994b3759470906bb8d3ffb1a1fcba1b6?api-version=7.2",
      "RequestMethod": "GET",
      "RequestHeaders": {
        "Accept": "application/json",
        "Authorization": "Sanitized",
        "Content-Type": "application/json",
        "traceparent": "00-896cfcd218bbdc40ac1568dde33de26d-12a3ec5f7da9264b-00",
        "User-Agent": [
          "azsdk-net-Security.KeyVault.Keys/4.2.0-alpha.20210219.1",
          "(.NET 5.0.3; Microsoft Windows 10.0.19042)"
        ],
        "x-ms-client-request-id": "155d8d0e096db7a248c8855657a5207b",
        "x-ms-return-client-request-id": "true"
      },
      "RequestBody": null,
      "StatusCode": 200,
      "ResponseHeaders": {
        "Cache-Control": "no-cache",
        "Content-Length": "463",
        "Content-Security-Policy": "default-src \u0027self\u0027",
        "Content-Type": "application/json; charset=utf-8",
        "Strict-Transport-Security": "max-age=31536000; includeSubDomains",
        "X-Content-Type-Options": "nosniff",
        "X-Frame-Options": "SAMEORIGIN",
        "x-ms-build-version": "1.0.20210204-1-c9f88df4-develop",
        "x-ms-keyvault-network-info": "addr=67.171.12.239",
        "x-ms-keyvault-region": "southcentralus",
        "x-ms-request-id": "255ee72e-735b-11eb-a84e-0242ac120006",
        "x-ms-server-latency": "153"
      },
      "ResponseBody": {
        "attributes": {
          "created": 1613812086,
          "enabled": true,
          "exportable": false,
          "recoverableDays": 90,
          "recoveryLevel": "Recoverable\u002BPurgeable",
          "updated": 1613812086
        },
        "key": {
          "crv": "P-384",
          "key_ops": [
            "verify",
            "sign"
          ],
          "kid": "https://heathskeyvaulthsm.managedhsm.azure.net/keys/123765275/994b3759470906bb8d3ffb1a1fcba1b6",
          "kty": "EC-HSM",
          "x": "FU4-rpP2TMa5Q-nPOiXNZjAsHBUJbdxaDqnN985-O2w0CN60Xd3phn4DciKPEnTX",
          "y": "VmIiFtHf5JQFvDd8mibV7V2J4vq419CN81NPHMWrUvW5UA6IAe6Y3QeCS4Ud3iHP"
        }
      }
    },
    {
      "RequestUri": "https://heathskeyvaulthsm.managedhsm.azure.net/keys/123765275/994b3759470906bb8d3ffb1a1fcba1b6/sign?api-version=7.2",
      "RequestMethod": "POST",
      "RequestHeaders": {
        "Accept": "application/json",
        "Authorization": "Sanitized",
        "Content-Length": "90",
        "Content-Type": "application/json",
        "traceparent": "00-896cfcd218bbdc40ac1568dde33de26d-e9608326837a094d-00",
        "User-Agent": [
          "azsdk-net-Security.KeyVault.Keys/4.2.0-alpha.20210219.1",
          "(.NET 5.0.3; Microsoft Windows 10.0.19042)"
        ],
        "x-ms-client-request-id": "ab4a6b09c68caf0d94f3a21475f15d08",
        "x-ms-return-client-request-id": "true"
      },
      "RequestBody": {
        "alg": "ES384",
        "value": "jSu-x7Wsf9hZxJSV-gVxY83X46PmRpU3tnbZQ_TK2TLrl4Ba2H5IH0VVFqRCI2zv"
      },
      "StatusCode": 200,
      "ResponseHeaders": {
        "Cache-Control": "no-cache",
        "Content-Length": "257",
        "Content-Security-Policy": "default-src \u0027self\u0027",
        "Content-Type": "application/json; charset=utf-8",
        "Strict-Transport-Security": "max-age=31536000; includeSubDomains",
        "X-Content-Type-Options": "nosniff",
        "X-Frame-Options": "SAMEORIGIN",
        "x-ms-keyvault-network-info": "addr=67.171.12.239",
        "x-ms-keyvault-region": "southcentralus",
        "x-ms-request-id": "2591d328-735b-11eb-a84e-0242ac120006",
        "x-ms-server-latency": "13"
      },
      "ResponseBody": {
        "alg": "ES384",
        "kid": "https://heathskeyvaulthsm.managedhsm.azure.net/keys/123765275/994b3759470906bb8d3ffb1a1fcba1b6",
        "value": "00zkbG-JZkBwrgT5efQc36DmUxuYHDQeTIG5pK-dTj-PNeF8JXLjtZd3Aejwj_hg6Pr-LqFTAjSWC8K-NY2DhDtbnsaHNJTGHRzhpAjPwW0kFR-yKGHXXUYlZM_OK33h"
      }
    }
  ],
  "Variables": {
    "AZURE_MANAGEDHSM_URL": "https://heathskeyvaulthsm.managedhsm.azure.net/",
    "RandomSeed": "1122430019"
  }
}