{
  "Entries": [
    {
      "RequestUri": "https://heathskeyvaulthsm.managedhsm.azure.net/keys/432949481/create?api-version=7.3",
      "RequestMethod": "POST",
      "RequestHeaders": {
        "Accept": "application/json",
        "Content-Length": "0",
        "traceparent": "00-2a7b78f2fe11ddbcaf8ec9a190e317bd-8030428a6ad2ca40-00",
        "User-Agent": "azsdk-net-Security.KeyVault.Keys/4.3.0-alpha.20220322.1 (.NET 6.0.3; Microsoft Windows 10.0.22000)",
        "x-ms-client-request-id": "3be58a79ed7c2e08f922d0b25d894a2d",
        "x-ms-return-client-request-id": "true"
      },
      "RequestBody": null,
      "StatusCode": 401,
      "ResponseHeaders": {
        "Cache-Control": "no-cache",
        "Content-Length": "0",
        "Content-Security-Policy": "default-src \u0027self\u0027",
        "Content-Type": "application/json; charset=utf-8",
        "Strict-Transport-Security": "max-age=31536000; includeSubDomains",
        "WWW-Authenticate": "Bearer authorization=\u0022https://login.microsoftonline.com/72f988bf-86f1-41af-91ab-2d7cd011db47\u0022, resource=\u0022https://managedhsm.azure.net\u0022",
        "X-Content-Type-Options": "nosniff",
        "X-Frame-Options": "SAMEORIGIN",
        "x-ms-request-id": "48257aba-aad3-11ec-9cd0-000d3aeeda4b",
        "x-ms-server-latency": "0"
      },
      "ResponseBody": null
    },
    {
      "RequestUri": "https://heathskeyvaulthsm.managedhsm.azure.net/keys/432949481/create?api-version=7.3",
      "RequestMethod": "POST",
      "RequestHeaders": {
        "Accept": "application/json",
        "Authorization": "Sanitized",
        "Content-Length": "27",
        "Content-Type": "application/json",
        "traceparent": "00-2a7b78f2fe11ddbcaf8ec9a190e317bd-8030428a6ad2ca40-00",
        "User-Agent": "azsdk-net-Security.KeyVault.Keys/4.3.0-alpha.20220322.1 (.NET 6.0.3; Microsoft Windows 10.0.22000)",
        "x-ms-client-request-id": "3be58a79ed7c2e08f922d0b25d894a2d",
        "x-ms-return-client-request-id": "true"
      },
      "RequestBody": {
        "kty": "EC",
        "crv": "P-256K"
      },
      "StatusCode": 200,
      "ResponseHeaders": {
        "Cache-Control": "no-cache",
        "Content-Length": "431",
        "Content-Security-Policy": "default-src \u0027self\u0027",
        "Content-Type": "application/json; charset=utf-8",
        "Strict-Transport-Security": "max-age=31536000; includeSubDomains",
        "X-Content-Type-Options": "nosniff",
        "X-Frame-Options": "SAMEORIGIN",
        "x-ms-keyvault-network-info": "conn_type=Ipv4;addr=67.171.12.239;act_addr_fam=Ipv4;",
        "x-ms-keyvault-region": "southcentralus",
        "x-ms-request-id": "4852af12-aad3-11ec-9cd0-000d3aeeda4b",
        "x-ms-server-latency": "282"
      },
      "ResponseBody": {
        "attributes": {
          "created": 1648058497,
          "enabled": true,
          "exportable": false,
          "recoverableDays": 7,
          "recoveryLevel": "CustomizedRecoverable\u002BPurgeable",
          "updated": 1648058497
        },
        "key": {
          "crv": "P-256K",
          "key_ops": [
            "verify",
            "sign"
          ],
          "kid": "https://heathskeyvaulthsm.managedhsm.azure.net/keys/432949481/bc82d6e3a1c94f3e27b712b69f437bc0",
          "kty": "EC-HSM",
          "x": "FytCtIpMCa3ZlKcg9l5Dbd2zeaH-piuebjiMZIKrSU0",
          "y": "HFkLfLdftoTnQWQOMWtIb78YaKiiLVq9tU4yR72BJoU"
        }
      }
    },
    {
      "RequestUri": "https://heathskeyvaulthsm.managedhsm.azure.net/keys/432949481/bc82d6e3a1c94f3e27b712b69f437bc0/sign?api-version=7.3",
      "RequestMethod": "POST",
      "RequestHeaders": {
        "Accept": "application/json",
        "Authorization": "Sanitized",
        "Content-Length": "70",
        "Content-Type": "application/json",
        "traceparent": "00-eed1cf70c5bdd0b6a1e33b196fd3bdbf-0aa374f723245ac3-00",
        "User-Agent": "azsdk-net-Security.KeyVault.Keys/4.3.0-alpha.20220322.1 (.NET 6.0.3; Microsoft Windows 10.0.22000)",
        "x-ms-client-request-id": "90da3b47ada443ca182f20e792b665db",
        "x-ms-return-client-request-id": "true"
      },
      "RequestBody": {
        "alg": "ES256K",
        "value": "uEpZSQhiVbeKZzswAox47gmu2ZNekrmSvkpHE5yVsnE"
      },
      "StatusCode": 200,
      "ResponseHeaders": {
        "Cache-Control": "no-cache",
        "Content-Length": "216",
        "Content-Security-Policy": "default-src \u0027self\u0027",
        "Content-Type": "application/json; charset=utf-8",
        "Strict-Transport-Security": "max-age=31536000; includeSubDomains",
        "X-Content-Type-Options": "nosniff",
        "X-Frame-Options": "SAMEORIGIN",
        "x-ms-keyvault-network-info": "conn_type=Ipv4;addr=67.171.12.239;act_addr_fam=Ipv4;",
        "x-ms-keyvault-region": "southcentralus",
        "x-ms-request-id": "488d5d4c-aad3-11ec-9cd0-000d3aeeda4b",
        "x-ms-server-latency": "97"
      },
      "ResponseBody": {
        "alg": "ES256K",
        "kid": "https://heathskeyvaulthsm.managedhsm.azure.net/keys/432949481/bc82d6e3a1c94f3e27b712b69f437bc0",
        "value": "sa_Ey0NZY1NAnh1_WuI9Wac-5WuHtBWJylk4muAJ-pJv0hb4cVu7MrfvI3GTuB6BG8GtEU7AOcieb0turOqX2Q"
      }
    },
    {
      "RequestUri": "https://heathskeyvaulthsm.managedhsm.azure.net/keys/432949481/bc82d6e3a1c94f3e27b712b69f437bc0/sign?api-version=7.3",
      "RequestMethod": "POST",
      "RequestHeaders": {
        "Accept": "application/json",
        "Authorization": "Sanitized",
        "Content-Length": "70",
        "Content-Type": "application/json",
        "traceparent": "00-a5c31da8df04599525205ae62bf8b37c-263cafe330c344b1-00",
        "User-Agent": "azsdk-net-Security.KeyVault.Keys/4.3.0-alpha.20220322.1 (.NET 6.0.3; Microsoft Windows 10.0.22000)",
        "x-ms-client-request-id": "8d204af66e0fe8f76b621501f546ba9d",
        "x-ms-return-client-request-id": "true"
      },
      "RequestBody": {
        "alg": "ES256K",
        "value": "uEpZSQhiVbeKZzswAox47gmu2ZNekrmSvkpHE5yVsnE"
      },
      "StatusCode": 200,
      "ResponseHeaders": {
        "Cache-Control": "no-cache",
        "Content-Length": "216",
        "Content-Security-Policy": "default-src \u0027self\u0027",
        "Content-Type": "application/json; charset=utf-8",
        "Strict-Transport-Security": "max-age=31536000; includeSubDomains",
        "X-Content-Type-Options": "nosniff",
        "X-Frame-Options": "SAMEORIGIN",
        "x-ms-keyvault-network-info": "conn_type=Ipv4;addr=67.171.12.239;act_addr_fam=Ipv4;",
        "x-ms-keyvault-region": "southcentralus",
        "x-ms-request-id": "48a877f8-aad3-11ec-9cd0-000d3aeeda4b",
        "x-ms-server-latency": "8"
      },
      "ResponseBody": {
        "alg": "ES256K",
        "kid": "https://heathskeyvaulthsm.managedhsm.azure.net/keys/432949481/bc82d6e3a1c94f3e27b712b69f437bc0",
        "value": "WFhYlLmhroCaaI_ICiPBxp17fKl5CaheAEaWRqgZU_XvlYIJn6btlpPpcdomcDlEozHQ5NFnmEorhllZP0IpiA"
      }
    },
    {
      "RequestUri": "https://heathskeyvaulthsm.managedhsm.azure.net/keys/432949481/bc82d6e3a1c94f3e27b712b69f437bc0/verify?api-version=7.3",
      "RequestMethod": "POST",
      "RequestHeaders": {
        "Accept": "application/json",
        "Authorization": "Sanitized",
        "Content-Length": "168",
        "Content-Type": "application/json",
        "traceparent": "00-ea109b25e5e061310157eb0c524083d5-8cfc60de204cd314-00",
        "User-Agent": "azsdk-net-Security.KeyVault.Keys/4.3.0-alpha.20220322.1 (.NET 6.0.3; Microsoft Windows 10.0.22000)",
        "x-ms-client-request-id": "8e0be6e79b43e5e00536c3078f14fc3a",
        "x-ms-return-client-request-id": "true"
      },
      "RequestBody": {
        "alg": "ES256K",
        "digest": "uEpZSQhiVbeKZzswAox47gmu2ZNekrmSvkpHE5yVsnE",
        "value": "WFhYlLmhroCaaI_ICiPBxp17fKl5CaheAEaWRqgZU_XvlYIJn6btlpPpcdomcDlEozHQ5NFnmEorhllZP0IpiA"
      },
      "StatusCode": 200,
      "ResponseHeaders": {
        "Cache-Control": "no-cache",
        "Content-Length": "132",
        "Content-Security-Policy": "default-src \u0027self\u0027",
        "Content-Type": "application/json; charset=utf-8",
        "Strict-Transport-Security": "max-age=31536000; includeSubDomains",
        "X-Content-Type-Options": "nosniff",
        "X-Frame-Options": "SAMEORIGIN",
        "x-ms-keyvault-network-info": "conn_type=Ipv4;addr=67.171.12.239;act_addr_fam=Ipv4;",
        "x-ms-keyvault-region": "southcentralus",
        "x-ms-request-id": "48bc6ee8-aad3-11ec-9cd0-000d3aeeda4b",
        "x-ms-server-latency": "16"
      },
      "ResponseBody": {
        "alg": "ES256K",
        "kid": "https://heathskeyvaulthsm.managedhsm.azure.net/keys/432949481/bc82d6e3a1c94f3e27b712b69f437bc0",
        "value": true
      }
    },
    {
      "RequestUri": "https://heathskeyvaulthsm.managedhsm.azure.net/keys/432949481/bc82d6e3a1c94f3e27b712b69f437bc0/verify?api-version=7.3",
      "RequestMethod": "POST",
      "RequestHeaders": {
        "Accept": "application/json",
        "Authorization": "Sanitized",
        "Content-Length": "168",
        "Content-Type": "application/json",
        "traceparent": "00-dd603b5714f85734d63583a45ed06b80-f2543ba7995690fc-00",
        "User-Agent": "azsdk-net-Security.KeyVault.Keys/4.3.0-alpha.20220322.1 (.NET 6.0.3; Microsoft Windows 10.0.22000)",
        "x-ms-client-request-id": "b03465b71f5dd86344f2254297c84dd1",
        "x-ms-return-client-request-id": "true"
      },
      "RequestBody": {
        "alg": "ES256K",
        "digest": "uEpZSQhiVbeKZzswAox47gmu2ZNekrmSvkpHE5yVsnE",
        "value": "sa_Ey0NZY1NAnh1_WuI9Wac-5WuHtBWJylk4muAJ-pJv0hb4cVu7MrfvI3GTuB6BG8GtEU7AOcieb0turOqX2Q"
      },
      "StatusCode": 200,
      "ResponseHeaders": {
        "Cache-Control": "no-cache",
        "Content-Length": "132",
        "Content-Security-Policy": "default-src \u0027self\u0027",
        "Content-Type": "application/json; charset=utf-8",
        "Strict-Transport-Security": "max-age=31536000; includeSubDomains",
        "X-Content-Type-Options": "nosniff",
        "X-Frame-Options": "SAMEORIGIN",
        "x-ms-keyvault-network-info": "conn_type=Ipv4;addr=67.171.12.239;act_addr_fam=Ipv4;",
        "x-ms-keyvault-region": "southcentralus",
        "x-ms-request-id": "48d0b4a2-aad3-11ec-9cd0-000d3aeeda4b",
        "x-ms-server-latency": "16"
      },
      "ResponseBody": {
        "alg": "ES256K",
        "kid": "https://heathskeyvaulthsm.managedhsm.azure.net/keys/432949481/bc82d6e3a1c94f3e27b712b69f437bc0",
        "value": true
      }
    }
  ],
  "Variables": {
    "AZURE_MANAGEDHSM_URL": "https://heathskeyvaulthsm.managedhsm.azure.net/",
    "RandomSeed": "2114364868"
  }
}
