{
  "Entries": [
    {
      "RequestUri": "https://heathskvtesthsm.managedhsm.azure.net/keys/2044759346/create?api-version=7.3-preview",
      "RequestMethod": "POST",
      "RequestHeaders": {
        "Accept": "application/json",
        "Content-Length": "0",
        "traceparent": "00-917961ada5a36b4cba13bc0eb79900a4-22d523905075fb4b-00",
        "User-Agent": [
          "azsdk-net-Security.KeyVault.Keys/4.3.0-alpha.20210714.1",
          "(.NET 5.0.8; Microsoft Windows 10.0.19043)"
        ],
        "x-ms-client-request-id": "825054b197f47e284522519dacaa80ce",
        "x-ms-return-client-request-id": "true"
      },
      "RequestBody": null,
      "StatusCode": 401,
      "ResponseHeaders": {
        "Cache-Control": "no-cache",
        "Content-Length": "0",
        "Content-Security-Policy": "default-src \u0027self\u0027",
        "Content-Type": "application/json; charset=utf-8",
        "Strict-Transport-Security": "max-age=31536000; includeSubDomains",
        "WWW-Authenticate": "Bearer authorization=\u0022https://login.microsoftonline.com/72f988bf-86f1-41af-91ab-2d7cd011db47\u0022, resource=\u0022https://managedhsm.azure.net\u0022",
        "X-Content-Type-Options": "nosniff",
        "X-Frame-Options": "SAMEORIGIN",
        "x-ms-request-id": "7169675c-e4ee-11eb-801f-000d3a72214d",
        "x-ms-server-latency": "1"
      },
      "ResponseBody": []
    },
    {
      "RequestUri": "https://heathskvtesthsm.managedhsm.azure.net/keys/2044759346/create?api-version=7.3-preview",
      "RequestMethod": "POST",
      "RequestHeaders": {
        "Accept": "application/json",
        "Authorization": "Sanitized",
        "Content-Length": "26",
        "Content-Type": "application/json",
        "traceparent": "00-917961ada5a36b4cba13bc0eb79900a4-22d523905075fb4b-00",
        "User-Agent": [
          "azsdk-net-Security.KeyVault.Keys/4.3.0-alpha.20210714.1",
          "(.NET 5.0.8; Microsoft Windows 10.0.19043)"
        ],
        "x-ms-client-request-id": "825054b197f47e284522519dacaa80ce",
        "x-ms-return-client-request-id": "true"
      },
      "RequestBody": {
        "kty": "EC",
        "crv": "P-521"
      },
      "StatusCode": 200,
      "ResponseHeaders": {
        "Cache-Control": "no-cache",
        "Content-Length": "510",
        "Content-Security-Policy": "default-src \u0027self\u0027",
        "Content-Type": "application/json; charset=utf-8",
        "Strict-Transport-Security": "max-age=31536000; includeSubDomains",
        "X-Content-Type-Options": "nosniff",
        "X-Frame-Options": "SAMEORIGIN",
        "x-ms-keyvault-network-info": "conn_type=Ipv4;addr=67.171.12.239;act_addr_fam=Ipv4;",
        "x-ms-keyvault-region": "southcentralus",
        "x-ms-request-id": "718125f4-e4ee-11eb-801f-000d3a72214d",
        "x-ms-server-latency": "517"
      },
      "ResponseBody": {
        "attributes": {
          "created": 1626299832,
          "enabled": true,
          "exportable": false,
          "recoverableDays": 90,
          "recoveryLevel": "Recoverable\u002BPurgeable",
          "updated": 1626299832
        },
        "key": {
          "crv": "P-521",
          "key_ops": [
            "verify",
            "sign"
          ],
          "kid": "https://heathskvtesthsm.managedhsm.azure.net/keys/2044759346/58d965380aaf4c32280ea3a932172c27",
          "kty": "EC-HSM",
          "x": "Af0KC9hJYa_YfhUzB_mXf6TF_uLk4cPZfjJZ_uDi4MI6rsmV44v7ulD1pvhT43Pr_17v4QFOrNbWToHCJ_moer-L",
          "y": "AEsd2jy74lYLm2_t-BMnSfLS7CIaahl8UUhRGEhGIORCNffk_xey2YTC8ubD2XfqVZDhmrc9MQsgSYi9Zi5eEil5"
        }
      }
    },
    {
      "RequestUri": "https://heathskvtesthsm.managedhsm.azure.net/keys/2044759346/58d965380aaf4c32280ea3a932172c27/sign?api-version=7.3-preview",
      "RequestMethod": "POST",
      "RequestHeaders": {
        "Accept": "application/json",
        "Authorization": "Sanitized",
        "Content-Length": "112",
        "Content-Type": "application/json",
        "traceparent": "00-4bf7ddfcb4f9a74488ae74cf2f681149-f263b46febba6547-00",
        "User-Agent": [
          "azsdk-net-Security.KeyVault.Keys/4.3.0-alpha.20210714.1",
          "(.NET 5.0.8; Microsoft Windows 10.0.19043)"
        ],
        "x-ms-client-request-id": "5e7df4928dd37666ebe817c290cc7842",
        "x-ms-return-client-request-id": "true"
      },
      "RequestBody": {
        "alg": "ES512",
        "value": "4f5Ws3X7ydx8sFBQWxPZ_TDShdS7EV9mgO8B_g0oj-nqRSBhVLdjkLF4BlApUk1VFfvciCjodO1HyprtGvIu-Q"
      },
      "StatusCode": 200,
      "ResponseHeaders": {
        "Cache-Control": "no-cache",
        "Content-Length": "304",
        "Content-Security-Policy": "default-src \u0027self\u0027",
        "Content-Type": "application/json; charset=utf-8",
        "Strict-Transport-Security": "max-age=31536000; includeSubDomains",
        "X-Content-Type-Options": "nosniff",
        "X-Frame-Options": "SAMEORIGIN",
        "x-ms-keyvault-network-info": "conn_type=Ipv4;addr=67.171.12.239;act_addr_fam=Ipv4;",
        "x-ms-keyvault-region": "southcentralus",
        "x-ms-request-id": "71da8748-e4ee-11eb-801f-000d3a72214d",
        "x-ms-server-latency": "179"
      },
      "ResponseBody": {
        "alg": "ES512",
        "kid": "https://heathskvtesthsm.managedhsm.azure.net/keys/2044759346/58d965380aaf4c32280ea3a932172c27",
        "value": "AA6MHRQ1phpG00LxjBySmJRHyGNIZSOu4dl3WYaqb37vVZEBmL7RQofUuMg6vW1rI-4D89mnYb_Di0gJshQ6JjbtAUS_ZlCA47LsbjmNCXWLwNe6IWb5A8t00UocZqWg6sirEbcxwL0r0M1rbwbkhWHf_afVuanv20TJLz75W_wQFuo3"
      }
    },
    {
      "RequestUri": "https://heathskvtesthsm.managedhsm.azure.net/keys/2044759346/58d965380aaf4c32280ea3a932172c27/sign?api-version=7.3-preview",
      "RequestMethod": "POST",
      "RequestHeaders": {
        "Accept": "application/json",
        "Authorization": "Sanitized",
        "Content-Length": "112",
        "Content-Type": "application/json",
        "traceparent": "00-854f19ab701f7647b1a6a48a6ec23b5c-667df467efa65c43-00",
        "User-Agent": [
          "azsdk-net-Security.KeyVault.Keys/4.3.0-alpha.20210714.1",
          "(.NET 5.0.8; Microsoft Windows 10.0.19043)"
        ],
        "x-ms-client-request-id": "07e3560af69598a98c48151d94404387",
        "x-ms-return-client-request-id": "true"
      },
      "RequestBody": {
        "alg": "ES512",
        "value": "4f5Ws3X7ydx8sFBQWxPZ_TDShdS7EV9mgO8B_g0oj-nqRSBhVLdjkLF4BlApUk1VFfvciCjodO1HyprtGvIu-Q"
      },
      "StatusCode": 200,
      "ResponseHeaders": {
        "Cache-Control": "no-cache",
        "Content-Length": "304",
        "Content-Security-Policy": "default-src \u0027self\u0027",
        "Content-Type": "application/json; charset=utf-8",
        "Strict-Transport-Security": "max-age=31536000; includeSubDomains",
        "X-Content-Type-Options": "nosniff",
        "X-Frame-Options": "SAMEORIGIN",
        "x-ms-keyvault-network-info": "conn_type=Ipv4;addr=67.171.12.239;act_addr_fam=Ipv4;",
        "x-ms-keyvault-region": "southcentralus",
        "x-ms-request-id": "72009b4a-e4ee-11eb-801f-000d3a72214d",
        "x-ms-server-latency": "36"
      },
      "ResponseBody": {
        "alg": "ES512",
        "kid": "https://heathskvtesthsm.managedhsm.azure.net/keys/2044759346/58d965380aaf4c32280ea3a932172c27",
        "value": "ALqPnjuujX7PZSXRQ4etklzyz64a_ysoSq4wWxJ230IfHNkXvwEmEUDvnSsYXQPHV13S95RGwMoCPlTq6CM-J9QrACcYaqbJLsKkGIvRXv15ThTUHtJGbtHNqc09HQxW0QrEBCEH-TaXpTPgU2saluMG5sjkXa9pnRlJIAkL-6rDo5oh"
      }
    },
    {
      "RequestUri": "https://heathskvtesthsm.managedhsm.azure.net/keys/2044759346/58d965380aaf4c32280ea3a932172c27/verify?api-version=7.3-preview",
      "RequestMethod": "POST",
      "RequestHeaders": {
        "Accept": "application/json",
        "Authorization": "Sanitized",
        "Content-Length": "300",
        "Content-Type": "application/json",
        "traceparent": "00-d705acc71eb6bc499d2378a962ea5d21-5ac43adaf6bb9b46-00",
        "User-Agent": [
          "azsdk-net-Security.KeyVault.Keys/4.3.0-alpha.20210714.1",
          "(.NET 5.0.8; Microsoft Windows 10.0.19043)"
        ],
        "x-ms-client-request-id": "11ca3b42b9852d273e9e9e3be1b95f69",
        "x-ms-return-client-request-id": "true"
      },
      "RequestBody": {
        "alg": "ES512",
        "digest": "4f5Ws3X7ydx8sFBQWxPZ_TDShdS7EV9mgO8B_g0oj-nqRSBhVLdjkLF4BlApUk1VFfvciCjodO1HyprtGvIu-Q",
        "value": "ALqPnjuujX7PZSXRQ4etklzyz64a_ysoSq4wWxJ230IfHNkXvwEmEUDvnSsYXQPHV13S95RGwMoCPlTq6CM-J9QrACcYaqbJLsKkGIvRXv15ThTUHtJGbtHNqc09HQxW0QrEBCEH-TaXpTPgU2saluMG5sjkXa9pnRlJIAkL-6rDo5oh"
      },
      "StatusCode": 200,
      "ResponseHeaders": {
        "Cache-Control": "no-cache",
        "Content-Length": "130",
        "Content-Security-Policy": "default-src \u0027self\u0027",
        "Content-Type": "application/json; charset=utf-8",
        "Strict-Transport-Security": "max-age=31536000; includeSubDomains",
        "X-Content-Type-Options": "nosniff",
        "X-Frame-Options": "SAMEORIGIN",
        "x-ms-keyvault-network-info": "conn_type=Ipv4;addr=67.171.12.239;act_addr_fam=Ipv4;",
        "x-ms-keyvault-region": "southcentralus",
        "x-ms-request-id": "72109e46-e4ee-11eb-801f-000d3a72214d",
        "x-ms-server-latency": "71"
      },
      "ResponseBody": {
        "alg": "ES512",
        "kid": "https://heathskvtesthsm.managedhsm.azure.net/keys/2044759346/58d965380aaf4c32280ea3a932172c27",
        "value": true
      }
    },
    {
      "RequestUri": "https://heathskvtesthsm.managedhsm.azure.net/keys/2044759346/58d965380aaf4c32280ea3a932172c27/verify?api-version=7.3-preview",
      "RequestMethod": "POST",
      "RequestHeaders": {
        "Accept": "application/json",
        "Authorization": "Sanitized",
        "Content-Length": "300",
        "Content-Type": "application/json",
        "traceparent": "00-d2694d5ceb07584282e4cbd715052a70-5df40f274dee6849-00",
        "User-Agent": [
          "azsdk-net-Security.KeyVault.Keys/4.3.0-alpha.20210714.1",
          "(.NET 5.0.8; Microsoft Windows 10.0.19043)"
        ],
        "x-ms-client-request-id": "cd1e6335e8ff9b354ae5d28b7748e1ab",
        "x-ms-return-client-request-id": "true"
      },
      "RequestBody": {
        "alg": "ES512",
        "digest": "4f5Ws3X7ydx8sFBQWxPZ_TDShdS7EV9mgO8B_g0oj-nqRSBhVLdjkLF4BlApUk1VFfvciCjodO1HyprtGvIu-Q",
        "value": "AA6MHRQ1phpG00LxjBySmJRHyGNIZSOu4dl3WYaqb37vVZEBmL7RQofUuMg6vW1rI-4D89mnYb_Di0gJshQ6JjbtAUS_ZlCA47LsbjmNCXWLwNe6IWb5A8t00UocZqWg6sirEbcxwL0r0M1rbwbkhWHf_afVuanv20TJLz75W_wQFuo3"
      },
      "StatusCode": 200,
      "ResponseHeaders": {
        "Cache-Control": "no-cache",
        "Content-Length": "130",
        "Content-Security-Policy": "default-src \u0027self\u0027",
        "Content-Type": "application/json; charset=utf-8",
        "Strict-Transport-Security": "max-age=31536000; includeSubDomains",
        "X-Content-Type-Options": "nosniff",
        "X-Frame-Options": "SAMEORIGIN",
        "x-ms-keyvault-network-info": "conn_type=Ipv4;addr=67.171.12.239;act_addr_fam=Ipv4;",
        "x-ms-keyvault-region": "southcentralus",
        "x-ms-request-id": "7225791a-e4ee-11eb-801f-000d3a72214d",
        "x-ms-server-latency": "70"
      },
      "ResponseBody": {
        "alg": "ES512",
        "kid": "https://heathskvtesthsm.managedhsm.azure.net/keys/2044759346/58d965380aaf4c32280ea3a932172c27",
        "value": true
      }
    }
  ],
  "Variables": {
    "AZURE_MANAGEDHSM_URL": "https://heathskvtesthsm.managedhsm.azure.net/",
    "RandomSeed": "925671567"
  }
}