{
  "Entries": [
    {
      "RequestUri": "https://heathskeyvaulthsm.managedhsm.azure.net/keys/250826478/create?api-version=7.4-preview.1",
      "RequestMethod": "POST",
      "RequestHeaders": {
        "Accept": "application/json",
        "Content-Length": "0",
        "traceparent": "00-9fee4bef86ca93b64823b8f61c49a338-b336e40ebc39db32-00",
        "User-Agent": "azsdk-net-Security.KeyVault.Keys/4.5.0-alpha.20221102.1 (.NET 6.0.10; Microsoft Windows 10.0.22621)",
        "x-ms-client-request-id": "0d147bcd1b52f6a77cb133c7b489b0b0",
        "x-ms-return-client-request-id": "true"
      },
      "RequestBody": null,
      "StatusCode": 401,
      "ResponseHeaders": {
        "Cache-Control": "no-cache",
        "Content-Length": "0",
        "Content-Security-Policy": "default-src \u0027self\u0027",
        "Content-Type": "application/json; charset=utf-8",
        "Strict-Transport-Security": "max-age=31536000; includeSubDomains",
        "WWW-Authenticate": "Bearer authorization=\u0022https://login.microsoftonline.com/72f988bf-86f1-41af-91ab-2d7cd011db47\u0022, resource=\u0022https://managedhsm.azure.net\u0022",
        "X-Content-Type-Options": "nosniff",
        "X-Frame-Options": "SAMEORIGIN",
        "x-ms-request-id": "abe6467e-5b04-11ed-83e9-0022488df0c4",
        "x-ms-server-latency": "0"
      },
      "ResponseBody": null
    },
    {
      "RequestUri": "https://heathskeyvaulthsm.managedhsm.azure.net/keys/250826478/create?api-version=7.4-preview.1",
      "RequestMethod": "POST",
      "RequestHeaders": {
        "Accept": "application/json",
        "Authorization": "Sanitized",
        "Content-Length": "29",
        "Content-Type": "application/json",
        "traceparent": "00-9fee4bef86ca93b64823b8f61c49a338-b336e40ebc39db32-00",
        "User-Agent": "azsdk-net-Security.KeyVault.Keys/4.5.0-alpha.20221102.1 (.NET 6.0.10; Microsoft Windows 10.0.22621)",
        "x-ms-client-request-id": "0d147bcd1b52f6a77cb133c7b489b0b0",
        "x-ms-return-client-request-id": "true"
      },
      "RequestBody": {
        "kty": "OKP",
        "crv": "Ed25519"
      },
      "StatusCode": 200,
      "ResponseHeaders": {
        "Cache-Control": "no-cache",
        "Content-Length": "383",
        "Content-Security-Policy": "default-src \u0027self\u0027",
        "Content-Type": "application/json; charset=utf-8",
        "Strict-Transport-Security": "max-age=31536000; includeSubDomains",
        "X-Content-Type-Options": "nosniff",
        "X-Frame-Options": "SAMEORIGIN",
        "x-ms-keyvault-network-info": "conn_type=Ipv4;addr=131.107.174.211;act_addr_fam=Ipv4;",
        "x-ms-keyvault-region": "northus",
        "x-ms-request-id": "ac04f16e-5b04-11ed-83e9-0022488df0c4",
        "x-ms-server-latency": "254"
      },
      "ResponseBody": {
        "attributes": {
          "created": 1667431114,
          "enabled": true,
          "exportable": false,
          "recoverableDays": 7,
          "recoveryLevel": "CustomizedRecoverable\u002BPurgeable",
          "updated": 1667431114
        },
        "key": {
          "crv": "Ed25519",
          "key_ops": [
            "verify",
            "sign"
          ],
          "kid": "https://heathskeyvaulthsm.managedhsm.azure.net/keys/250826478/fb7496e8d81f44261d540357830760b1",
          "kty": "OKP-HSM",
          "x": "5vYbr4uIEhAlbtYQtIoWyJ3KJoNEL0T2Sx0yFAtge5E"
        }
      }
    },
    {
      "RequestUri": "https://heathskeyvaulthsm.managedhsm.azure.net/keys/250826478/fb7496e8d81f44261d540357830760b1?api-version=7.4-preview.1",
      "RequestMethod": "GET",
      "RequestHeaders": {
        "Accept": "application/json",
        "Authorization": "Sanitized",
        "traceparent": "00-2deccfd1696ba8f8e6e422fb477b9869-a0cc407c9c77ce98-00",
        "User-Agent": "azsdk-net-Security.KeyVault.Keys/4.5.0-alpha.20221102.1 (.NET 6.0.10; Microsoft Windows 10.0.22621)",
        "x-ms-client-request-id": "cb57aa31e2ea48233b2fd04fd6283bea",
        "x-ms-return-client-request-id": "true"
      },
      "RequestBody": null,
      "StatusCode": 200,
      "ResponseHeaders": {
        "Cache-Control": "no-cache",
        "Content-Length": "383",
        "Content-Security-Policy": "default-src \u0027self\u0027",
        "Content-Type": "application/json; charset=utf-8",
        "Strict-Transport-Security": "max-age=31536000; includeSubDomains",
        "X-Content-Type-Options": "nosniff",
        "X-Frame-Options": "SAMEORIGIN",
        "x-ms-build-version": "1.0.20221020-1-945ffe56-develop",
        "x-ms-keyvault-network-info": "conn_type=Ipv4;addr=131.107.174.211;act_addr_fam=Ipv4;",
        "x-ms-keyvault-region": "northus",
        "x-ms-request-id": "ac35ed6e-5b04-11ed-83e9-0022488df0c4",
        "x-ms-server-latency": "175"
      },
      "ResponseBody": {
        "attributes": {
          "created": 1667431114,
          "enabled": true,
          "exportable": false,
          "recoverableDays": 7,
          "recoveryLevel": "CustomizedRecoverable\u002BPurgeable",
          "updated": 1667431114
        },
        "key": {
          "crv": "Ed25519",
          "key_ops": [
            "verify",
            "sign"
          ],
          "kid": "https://heathskeyvaulthsm.managedhsm.azure.net/keys/250826478/fb7496e8d81f44261d540357830760b1",
          "kty": "OKP-HSM",
          "x": "5vYbr4uIEhAlbtYQtIoWyJ3KJoNEL0T2Sx0yFAtge5E"
        }
      }
    },
    {
      "RequestUri": "https://heathskeyvaulthsm.managedhsm.azure.net/keys/250826478/fb7496e8d81f44261d540357830760b1/sign?api-version=7.4-preview.1",
      "RequestMethod": "POST",
      "RequestHeaders": {
        "Accept": "application/json",
        "Authorization": "Sanitized",
        "Content-Length": "69",
        "Content-Type": "application/json",
        "traceparent": "00-2deccfd1696ba8f8e6e422fb477b9869-e57b6baa69c15b3d-00",
        "User-Agent": "azsdk-net-Security.KeyVault.Keys/4.5.0-alpha.20221102.1 (.NET 6.0.10; Microsoft Windows 10.0.22621)",
        "x-ms-client-request-id": "c97172eec4a1321de5197d97052abd4f",
        "x-ms-return-client-request-id": "true"
      },
      "RequestBody": {
        "alg": "EdDSA",
        "value": "gfFwoLjqi2ourCYNL7SobzW_p2dMOp6D7ulIPKYFBc0"
      },
      "StatusCode": 200,
      "ResponseHeaders": {
        "Cache-Control": "no-cache",
        "Content-Length": "215",
        "Content-Security-Policy": "default-src \u0027self\u0027",
        "Content-Type": "application/json; charset=utf-8",
        "Strict-Transport-Security": "max-age=31536000; includeSubDomains",
        "X-Content-Type-Options": "nosniff",
        "X-Frame-Options": "SAMEORIGIN",
        "x-ms-keyvault-network-info": "conn_type=Ipv4;addr=131.107.174.211;act_addr_fam=Ipv4;",
        "x-ms-keyvault-region": "northus",
        "x-ms-request-id": "ac591e10-5b04-11ed-83e9-0022488df0c4",
        "x-ms-server-latency": "6"
      },
      "ResponseBody": {
        "alg": "EdDSA",
        "kid": "https://heathskeyvaulthsm.managedhsm.azure.net/keys/250826478/fb7496e8d81f44261d540357830760b1",
        "value": "IzYmSDqkcTGGwXJgHZw88Sbi5UsOw5qLl1imIlwLkrLnAfEBagzh3BdISmvRn90l_aKQYAg9j0-aomWgM4nKDg"
      }
    },
    {
      "RequestUri": "https://heathskeyvaulthsm.managedhsm.azure.net/keys/250826478/fb7496e8d81f44261d540357830760b1/verify?api-version=7.4-preview.1",
      "RequestMethod": "POST",
      "RequestHeaders": {
        "Accept": "application/json",
        "Authorization": "Sanitized",
        "Content-Length": "167",
        "Content-Type": "application/json",
        "traceparent": "00-4afd5973b59e23476024c1b5fa13bba2-c660284635723425-00",
        "User-Agent": "azsdk-net-Security.KeyVault.Keys/4.5.0-alpha.20221102.1 (.NET 6.0.10; Microsoft Windows 10.0.22621)",
        "x-ms-client-request-id": "104e3a8af63a74d6c89eb0639e082e3b",
        "x-ms-return-client-request-id": "true"
      },
      "RequestBody": {
        "alg": "EdDSA",
        "digest": "gfFwoLjqi2ourCYNL7SobzW_p2dMOp6D7ulIPKYFBc0",
        "value": "IzYmSDqkcTGGwXJgHZw88Sbi5UsOw5qLl1imIlwLkrLnAfEBagzh3BdISmvRn90l_aKQYAg9j0-aomWgM4nKDg"
      },
      "StatusCode": 200,
      "ResponseHeaders": {
        "Cache-Control": "no-cache",
        "Content-Length": "131",
        "Content-Security-Policy": "default-src \u0027self\u0027",
        "Content-Type": "application/json; charset=utf-8",
        "Strict-Transport-Security": "max-age=31536000; includeSubDomains",
        "X-Content-Type-Options": "nosniff",
        "X-Frame-Options": "SAMEORIGIN",
        "x-ms-keyvault-network-info": "conn_type=Ipv4;addr=131.107.174.211;act_addr_fam=Ipv4;",
        "x-ms-keyvault-region": "northus",
        "x-ms-request-id": "ac62a46c-5b04-11ed-83e9-0022488df0c4",
        "x-ms-server-latency": "13"
      },
      "ResponseBody": {
        "alg": "EdDSA",
        "kid": "https://heathskeyvaulthsm.managedhsm.azure.net/keys/250826478/fb7496e8d81f44261d540357830760b1",
        "value": true
      }
    }
  ],
  "Variables": {
    "AZURE_AUTHORITY_HOST": "https://login.microsoftonline.com/",
    "AZURE_MANAGEDHSM_URL": "https://heathskeyvaulthsm.managedhsm.azure.net/",
    "RandomSeed": "917588410"
  }
}
