{
  "Entries": [
    {
      "RequestUri": "https://heathskvtesthsm.managedhsm.azure.net/keys/1215949764/create?api-version=7.2",
      "RequestMethod": "POST",
      "RequestHeaders": {
        "Accept": "application/json",
        "Content-Type": "application/json",
        "traceparent": "00-9a18425b1df6ba418bdbbbe047ffe848-ef4e853a5ca3724a-00",
        "User-Agent": [
          "azsdk-net-Security.KeyVault.Keys/4.3.0-alpha.20210713.1",
          "(.NET 5.0.8; Microsoft Windows 10.0.19043)"
        ],
        "x-ms-client-request-id": "c07e0ccfb3bec02e8a7676af59e987d0",
        "x-ms-return-client-request-id": "true"
      },
      "RequestBody": null,
      "StatusCode": 401,
      "ResponseHeaders": {
        "Cache-Control": "no-cache",
        "Content-Length": "0",
        "Content-Security-Policy": "default-src \u0027self\u0027",
        "Content-Type": "application/json; charset=utf-8",
        "Strict-Transport-Security": "max-age=31536000; includeSubDomains",
        "WWW-Authenticate": "Bearer authorization=\u0022https://login.microsoftonline.com/72f988bf-86f1-41af-91ab-2d7cd011db47\u0022, resource=\u0022https://managedhsm.azure.net\u0022",
        "X-Content-Type-Options": "nosniff",
        "X-Frame-Options": "SAMEORIGIN",
        "x-ms-request-id": "071d9978-e448-11eb-ba03-000d3a70aa3b",
        "x-ms-server-latency": "0"
      },
      "ResponseBody": []
    },
    {
      "RequestUri": "https://heathskvtesthsm.managedhsm.azure.net/keys/1215949764/create?api-version=7.2",
      "RequestMethod": "POST",
      "RequestHeaders": {
        "Accept": "application/json",
        "Authorization": "Sanitized",
        "Content-Length": "26",
        "Content-Type": "application/json",
        "traceparent": "00-9a18425b1df6ba418bdbbbe047ffe848-ef4e853a5ca3724a-00",
        "User-Agent": [
          "azsdk-net-Security.KeyVault.Keys/4.3.0-alpha.20210713.1",
          "(.NET 5.0.8; Microsoft Windows 10.0.19043)"
        ],
        "x-ms-client-request-id": "c07e0ccfb3bec02e8a7676af59e987d0",
        "x-ms-return-client-request-id": "true"
      },
      "RequestBody": {
        "kty": "EC",
        "crv": "P-256"
      },
      "StatusCode": 200,
      "ResponseHeaders": {
        "Cache-Control": "no-cache",
        "Content-Length": "420",
        "Content-Security-Policy": "default-src \u0027self\u0027",
        "Content-Type": "application/json; charset=utf-8",
        "Strict-Transport-Security": "max-age=31536000; includeSubDomains",
        "X-Content-Type-Options": "nosniff",
        "X-Frame-Options": "SAMEORIGIN",
        "x-ms-keyvault-network-info": "conn_type=Ipv4;addr=67.171.12.239;act_addr_fam=Ipv4;",
        "x-ms-keyvault-region": "southcentralus",
        "x-ms-request-id": "073996b4-e448-11eb-ba03-000d3a70aa3b",
        "x-ms-server-latency": "245"
      },
      "ResponseBody": {
        "attributes": {
          "created": 1626228357,
          "enabled": true,
          "exportable": false,
          "recoverableDays": 90,
          "recoveryLevel": "Recoverable\u002BPurgeable",
          "updated": 1626228357
        },
        "key": {
          "crv": "P-256",
          "key_ops": [
            "verify",
            "sign"
          ],
          "kid": "https://heathskvtesthsm.managedhsm.azure.net/keys/1215949764/6b171329440a4efeac6af888cdb85c67",
          "kty": "EC-HSM",
          "x": "tkEFgWiZuGnBoRHZzEaR4gNhBfxdsVknwKIus2NxzY8",
          "y": "87seD2XvXgl_fNCMy2FA9632eqYllD9ndZeV95l1pcw"
        }
      }
    },
    {
      "RequestUri": "https://heathskvtesthsm.managedhsm.azure.net/keys/1215949764/6b171329440a4efeac6af888cdb85c67/sign?api-version=7.2",
      "RequestMethod": "POST",
      "RequestHeaders": {
        "Accept": "application/json",
        "Authorization": "Sanitized",
        "Content-Length": "69",
        "Content-Type": "application/json",
        "traceparent": "00-ab691e820d4ddf49af1dd52e3eb44111-d20db2b050590640-00",
        "User-Agent": [
          "azsdk-net-Security.KeyVault.Keys/4.3.0-alpha.20210713.1",
          "(.NET 5.0.8; Microsoft Windows 10.0.19043)"
        ],
        "x-ms-client-request-id": "a332f58299a8ccdc211c6a35ee559e62",
        "x-ms-return-client-request-id": "true"
      },
      "RequestBody": {
        "alg": "ES256",
        "value": "_xvY75JZWKrAvfHim797a5wFTnXG1JyTdAftxgmvNx0"
      },
      "StatusCode": 200,
      "ResponseHeaders": {
        "Cache-Control": "no-cache",
        "Content-Length": "214",
        "Content-Security-Policy": "default-src \u0027self\u0027",
        "Content-Type": "application/json; charset=utf-8",
        "Strict-Transport-Security": "max-age=31536000; includeSubDomains",
        "X-Content-Type-Options": "nosniff",
        "X-Frame-Options": "SAMEORIGIN",
        "x-ms-keyvault-network-info": "conn_type=Ipv4;addr=67.171.12.239;act_addr_fam=Ipv4;",
        "x-ms-keyvault-region": "southcentralus",
        "x-ms-request-id": "076966aa-e448-11eb-ba03-000d3a70aa3b",
        "x-ms-server-latency": "147"
      },
      "ResponseBody": {
        "alg": "ES256",
        "kid": "https://heathskvtesthsm.managedhsm.azure.net/keys/1215949764/6b171329440a4efeac6af888cdb85c67",
        "value": "Ex-bk4LQse_b7Vn6xFtVpunLlBEXtVQ5Y7pR6x2dNDbPnvemOf1z4OvnMHqv39le4rMSOeFUV--mda-RUP5QJg"
      }
    },
    {
      "RequestUri": "https://heathskvtesthsm.managedhsm.azure.net/keys/1215949764/6b171329440a4efeac6af888cdb85c67/sign?api-version=7.2",
      "RequestMethod": "POST",
      "RequestHeaders": {
        "Accept": "application/json",
        "Authorization": "Sanitized",
        "Content-Length": "69",
        "Content-Type": "application/json",
        "traceparent": "00-15a777675e0a104481b8e8e6c88b6a52-ea5ed62c78f19048-00",
        "User-Agent": [
          "azsdk-net-Security.KeyVault.Keys/4.3.0-alpha.20210713.1",
          "(.NET 5.0.8; Microsoft Windows 10.0.19043)"
        ],
        "x-ms-client-request-id": "d5985bc49f44fc9eb7a81f1b3a806a17",
        "x-ms-return-client-request-id": "true"
      },
      "RequestBody": {
        "alg": "ES256",
        "value": "_xvY75JZWKrAvfHim797a5wFTnXG1JyTdAftxgmvNx0"
      },
      "StatusCode": 200,
      "ResponseHeaders": {
        "Cache-Control": "no-cache",
        "Content-Length": "214",
        "Content-Security-Policy": "default-src \u0027self\u0027",
        "Content-Type": "application/json; charset=utf-8",
        "Strict-Transport-Security": "max-age=31536000; includeSubDomains",
        "X-Content-Type-Options": "nosniff",
        "X-Frame-Options": "SAMEORIGIN",
        "x-ms-keyvault-network-info": "conn_type=Ipv4;addr=67.171.12.239;act_addr_fam=Ipv4;",
        "x-ms-keyvault-region": "southcentralus",
        "x-ms-request-id": "078a5c7a-e448-11eb-ba03-000d3a70aa3b",
        "x-ms-server-latency": "9"
      },
      "ResponseBody": {
        "alg": "ES256",
        "kid": "https://heathskvtesthsm.managedhsm.azure.net/keys/1215949764/6b171329440a4efeac6af888cdb85c67",
        "value": "s6UcoKY3DJHQKtsSMa1hItYIpKjOto4hJ3_6djM_4sQ_cTN-dq9tLC2YmQkSwzyF1dloyRJurEEfqBhyvMA2qw"
      }
    },
    {
      "RequestUri": "https://heathskvtesthsm.managedhsm.azure.net/keys/1215949764/6b171329440a4efeac6af888cdb85c67/verify?api-version=7.2",
      "RequestMethod": "POST",
      "RequestHeaders": {
        "Accept": "application/json",
        "Authorization": "Sanitized",
        "Content-Length": "167",
        "Content-Type": "application/json",
        "traceparent": "00-00030bb0940dd0429c200c1e22c6840d-a4bbff5af806ff4d-00",
        "User-Agent": [
          "azsdk-net-Security.KeyVault.Keys/4.3.0-alpha.20210713.1",
          "(.NET 5.0.8; Microsoft Windows 10.0.19043)"
        ],
        "x-ms-client-request-id": "2c56c0680df67d71a7d8c515ea1ac535",
        "x-ms-return-client-request-id": "true"
      },
      "RequestBody": {
        "alg": "ES256",
        "digest": "_xvY75JZWKrAvfHim797a5wFTnXG1JyTdAftxgmvNx0",
        "value": "s6UcoKY3DJHQKtsSMa1hItYIpKjOto4hJ3_6djM_4sQ_cTN-dq9tLC2YmQkSwzyF1dloyRJurEEfqBhyvMA2qw"
      },
      "StatusCode": 200,
      "ResponseHeaders": {
        "Cache-Control": "no-cache",
        "Content-Length": "130",
        "Content-Security-Policy": "default-src \u0027self\u0027",
        "Content-Type": "application/json; charset=utf-8",
        "Strict-Transport-Security": "max-age=31536000; includeSubDomains",
        "X-Content-Type-Options": "nosniff",
        "X-Frame-Options": "SAMEORIGIN",
        "x-ms-keyvault-network-info": "conn_type=Ipv4;addr=67.171.12.239;act_addr_fam=Ipv4;",
        "x-ms-keyvault-region": "southcentralus",
        "x-ms-request-id": "0795f77e-e448-11eb-ba03-000d3a70aa3b",
        "x-ms-server-latency": "16"
      },
      "ResponseBody": {
        "alg": "ES256",
        "kid": "https://heathskvtesthsm.managedhsm.azure.net/keys/1215949764/6b171329440a4efeac6af888cdb85c67",
        "value": true
      }
    },
    {
      "RequestUri": "https://heathskvtesthsm.managedhsm.azure.net/keys/1215949764/6b171329440a4efeac6af888cdb85c67/verify?api-version=7.2",
      "RequestMethod": "POST",
      "RequestHeaders": {
        "Accept": "application/json",
        "Authorization": "Sanitized",
        "Content-Length": "167",
        "Content-Type": "application/json",
        "traceparent": "00-8621529387a16e4a887b11ee0847b599-00b0a2474668d345-00",
        "User-Agent": [
          "azsdk-net-Security.KeyVault.Keys/4.3.0-alpha.20210713.1",
          "(.NET 5.0.8; Microsoft Windows 10.0.19043)"
        ],
        "x-ms-client-request-id": "9ba5652d49a6e3c15735ebff7ac091a1",
        "x-ms-return-client-request-id": "true"
      },
      "RequestBody": {
        "alg": "ES256",
        "digest": "_xvY75JZWKrAvfHim797a5wFTnXG1JyTdAftxgmvNx0",
        "value": "Ex-bk4LQse_b7Vn6xFtVpunLlBEXtVQ5Y7pR6x2dNDbPnvemOf1z4OvnMHqv39le4rMSOeFUV--mda-RUP5QJg"
      },
      "StatusCode": 200,
      "ResponseHeaders": {
        "Cache-Control": "no-cache",
        "Content-Length": "130",
        "Content-Security-Policy": "default-src \u0027self\u0027",
        "Content-Type": "application/json; charset=utf-8",
        "Strict-Transport-Security": "max-age=31536000; includeSubDomains",
        "X-Content-Type-Options": "nosniff",
        "X-Frame-Options": "SAMEORIGIN",
        "x-ms-keyvault-network-info": "conn_type=Ipv4;addr=67.171.12.239;act_addr_fam=Ipv4;",
        "x-ms-keyvault-region": "southcentralus",
        "x-ms-request-id": "07a2a9b0-e448-11eb-ba03-000d3a70aa3b",
        "x-ms-server-latency": "15"
      },
      "ResponseBody": {
        "alg": "ES256",
        "kid": "https://heathskvtesthsm.managedhsm.azure.net/keys/1215949764/6b171329440a4efeac6af888cdb85c67",
        "value": true
      }
    }
  ],
  "Variables": {
    "AZURE_MANAGEDHSM_URL": "https://heathskvtesthsm.managedhsm.azure.net/",
    "RandomSeed": "2098678259"
  }
}