{
  "Entries": [
    {
      "RequestUri": "https://heathskvtesthsm.managedhsm.azure.net/keys/1583725177/create?api-version=7.3-preview",
      "RequestMethod": "POST",
      "RequestHeaders": {
        "Accept": "application/json",
        "Content-Length": "0",
        "traceparent": "00-7142ccfc53024c4bbb1bf85fce63b0e8-158d4e244c349446-00",
        "User-Agent": "azsdk-net-Security.KeyVault.Keys/4.3.0-alpha.20210714.1 (.NET Framework 4.8.4300.0; Microsoft Windows 10.0.19043 )",
        "x-ms-client-request-id": "42edf001db6ee1a5bc3f3e4517d4c5cb",
        "x-ms-return-client-request-id": "true"
      },
      "RequestBody": null,
      "StatusCode": 401,
      "ResponseHeaders": {
        "Cache-Control": "no-cache",
        "Content-Length": "0",
        "content-security-policy": "default-src \u0027self\u0027",
        "Content-Type": "application/json; charset=utf-8",
        "strict-transport-security": "max-age=31536000; includeSubDomains",
        "WWW-Authenticate": "Bearer authorization=\u0022https://login.microsoftonline.com/72f988bf-86f1-41af-91ab-2d7cd011db47\u0022, resource=\u0022https://managedhsm.azure.net\u0022",
        "x-content-type-options": "nosniff",
        "x-frame-options": "SAMEORIGIN",
        "x-ms-request-id": "e8671272-e4ef-11eb-881e-000d3a72214d",
        "x-ms-server-latency": "1"
      },
      "ResponseBody": []
    },
    {
      "RequestUri": "https://heathskvtesthsm.managedhsm.azure.net/keys/1583725177/create?api-version=7.3-preview",
      "RequestMethod": "POST",
      "RequestHeaders": {
        "Accept": "application/json",
        "Authorization": "Sanitized",
        "Content-Length": "13",
        "Content-Type": "application/json",
        "traceparent": "00-7142ccfc53024c4bbb1bf85fce63b0e8-158d4e244c349446-00",
        "User-Agent": "azsdk-net-Security.KeyVault.Keys/4.3.0-alpha.20210714.1 (.NET Framework 4.8.4300.0; Microsoft Windows 10.0.19043 )",
        "x-ms-client-request-id": "42edf001db6ee1a5bc3f3e4517d4c5cb",
        "x-ms-return-client-request-id": "true"
      },
      "RequestBody": {
        "kty": "RSA"
      },
      "StatusCode": 200,
      "ResponseHeaders": {
        "Cache-Control": "no-cache",
        "Content-Length": "709",
        "content-security-policy": "default-src \u0027self\u0027",
        "Content-Type": "application/json; charset=utf-8",
        "strict-transport-security": "max-age=31536000; includeSubDomains",
        "x-content-type-options": "nosniff",
        "x-frame-options": "SAMEORIGIN",
        "x-ms-keyvault-network-info": "conn_type=Ipv4;addr=67.171.12.239;act_addr_fam=Ipv4;",
        "x-ms-keyvault-region": "southcentralus",
        "x-ms-request-id": "e89e742e-e4ef-11eb-881e-000d3a72214d",
        "x-ms-server-latency": "234"
      },
      "ResponseBody": {
        "attributes": {
          "created": 1626300461,
          "enabled": true,
          "exportable": false,
          "recoverableDays": 90,
          "recoveryLevel": "Recoverable\u002BPurgeable",
          "updated": 1626300461
        },
        "key": {
          "e": "AQAB",
          "key_ops": [
            "wrapKey",
            "decrypt",
            "encrypt",
            "unwrapKey",
            "sign",
            "verify"
          ],
          "kid": "https://heathskvtesthsm.managedhsm.azure.net/keys/1583725177/4e9be387b1b7423c895abfd89cdee92c",
          "kty": "RSA-HSM",
          "n": "iOU2Tvv1019JfsCq--1xfHXdbjZq1T3h9uP5TRyPyz6h40UHaPSesu7XHD-Ec8oeYOBbyduqZzAkDpnmwNCySCy8ymyXPvO3KGS5C6T1wUOUAwoOTKgmOpmi2dxwNgUQwAAW8v7-G4H1IU61YaGfLfAwjfDoLcMnQdUTkKVFeaujGAbk13V4FUjNXxeFFCXtt5DxT4LQa58O9tDE3Esx8Ch0LEWZ83dDxZJrk-Z_awnhZ-DvibtdMsjtfSe1F_759P5VpLBP8brIQkjRjPuVjpJ7i7_67u3hU7IwlkldxmnR3KMMNfssJTnoxhBEtnC5qYMN7A81lfuTFretjIIWfQ"
        }
      }
    },
    {
      "RequestUri": "https://heathskvtesthsm.managedhsm.azure.net/keys/1583725177/4e9be387b1b7423c895abfd89cdee92c?api-version=7.3-preview",
      "RequestMethod": "GET",
      "RequestHeaders": {
        "Accept": "application/json",
        "Authorization": "Sanitized",
        "traceparent": "00-55d9e6e20fd48c439d6bc5cf9cb5c4b5-3bb56ec4b00e7548-00",
        "User-Agent": "azsdk-net-Security.KeyVault.Keys/4.3.0-alpha.20210714.1 (.NET Framework 4.8.4300.0; Microsoft Windows 10.0.19043 )",
        "x-ms-client-request-id": "3552b1493ecb3fe5c07f7499e1221467",
        "x-ms-return-client-request-id": "true"
      },
      "RequestBody": null,
      "StatusCode": 200,
      "ResponseHeaders": {
        "Cache-Control": "no-cache",
        "Content-Length": "709",
        "content-security-policy": "default-src \u0027self\u0027",
        "Content-Type": "application/json; charset=utf-8",
        "strict-transport-security": "max-age=31536000; includeSubDomains",
        "x-content-type-options": "nosniff",
        "x-frame-options": "SAMEORIGIN",
        "x-ms-build-version": "1.0.20210605-1-ffd80f31-develop",
        "x-ms-keyvault-network-info": "conn_type=Ipv4;addr=67.171.12.239;act_addr_fam=Ipv4;",
        "x-ms-keyvault-region": "southcentralus",
        "x-ms-request-id": "e8ccfd44-e4ef-11eb-881e-000d3a72214d",
        "x-ms-server-latency": "147"
      },
      "ResponseBody": {
        "attributes": {
          "created": 1626300461,
          "enabled": true,
          "exportable": false,
          "recoverableDays": 90,
          "recoveryLevel": "Recoverable\u002BPurgeable",
          "updated": 1626300461
        },
        "key": {
          "e": "AQAB",
          "key_ops": [
            "wrapKey",
            "verify",
            "sign",
            "unwrapKey",
            "encrypt",
            "decrypt"
          ],
          "kid": "https://heathskvtesthsm.managedhsm.azure.net/keys/1583725177/4e9be387b1b7423c895abfd89cdee92c",
          "kty": "RSA-HSM",
          "n": "iOU2Tvv1019JfsCq--1xfHXdbjZq1T3h9uP5TRyPyz6h40UHaPSesu7XHD-Ec8oeYOBbyduqZzAkDpnmwNCySCy8ymyXPvO3KGS5C6T1wUOUAwoOTKgmOpmi2dxwNgUQwAAW8v7-G4H1IU61YaGfLfAwjfDoLcMnQdUTkKVFeaujGAbk13V4FUjNXxeFFCXtt5DxT4LQa58O9tDE3Esx8Ch0LEWZ83dDxZJrk-Z_awnhZ-DvibtdMsjtfSe1F_759P5VpLBP8brIQkjRjPuVjpJ7i7_67u3hU7IwlkldxmnR3KMMNfssJTnoxhBEtnC5qYMN7A81lfuTFretjIIWfQ"
        }
      }
    },
    {
      "RequestUri": "https://heathskvtesthsm.managedhsm.azure.net/keys/1583725177/4e9be387b1b7423c895abfd89cdee92c/sign?api-version=7.3-preview",
      "RequestMethod": "POST",
      "RequestHeaders": {
        "Accept": "application/json",
        "Authorization": "Sanitized",
        "Content-Length": "112",
        "Content-Type": "application/json",
        "traceparent": "00-55d9e6e20fd48c439d6bc5cf9cb5c4b5-7a7af2f09609484b-00",
        "User-Agent": "azsdk-net-Security.KeyVault.Keys/4.3.0-alpha.20210714.1 (.NET Framework 4.8.4300.0; Microsoft Windows 10.0.19043 )",
        "x-ms-client-request-id": "fa349ec5487b46e45ec422537c0f7562",
        "x-ms-return-client-request-id": "true"
      },
      "RequestBody": {
        "alg": "PS512",
        "value": "rkOOTJYJnjXIEhpbQfkzZDsn8Zsd7x4IEQtp1bBuHTvaWiOx_JTyihcWUMLa2cJECTVZtg6xB5Vau8B47zeWsw"
      },
      "StatusCode": 200,
      "ResponseHeaders": {
        "Cache-Control": "no-cache",
        "Content-Length": "470",
        "content-security-policy": "default-src \u0027self\u0027",
        "Content-Type": "application/json; charset=utf-8",
        "strict-transport-security": "max-age=31536000; includeSubDomains",
        "x-content-type-options": "nosniff",
        "x-frame-options": "SAMEORIGIN",
        "x-ms-keyvault-network-info": "conn_type=Ipv4;addr=67.171.12.239;act_addr_fam=Ipv4;",
        "x-ms-keyvault-region": "southcentralus",
        "x-ms-request-id": "e8f9de9a-e4ef-11eb-881e-000d3a72214d",
        "x-ms-server-latency": "3"
      },
      "ResponseBody": {
        "alg": "PS512",
        "kid": "https://heathskvtesthsm.managedhsm.azure.net/keys/1583725177/4e9be387b1b7423c895abfd89cdee92c",
        "value": "R6doJGYz19XIDS8pBPBh25Ysu4p8LruB3giEAPukkuYXu1pn6S2qwgVH2W4edXjcHoJIi5P8gfMqXOHaiasged-5o6E3bnTE_VnGMHdpXr-YWKXFSkPfBcBW1JxirzuM-UzKZhUWQAlAya8bKE3FekmUX9NXufvH3sluGwm4-FwWt3JXJIyoEMOXWK1LNyV920J65X9wALBaztpOMK9CAYa7VNp6g5LEs4Be27M-6nss1adTMAHNmqx8uYHAS236ofY6vtQhAVwq8LqoVnb_ueetikmsKtHOjqfjLV0JMbzUVvEDMKrGUdb4lvqIkRZ9J4RK9AnwEddltJeEJ7r4DQ"
      }
    }
  ],
  "Variables": {
    "AZURE_MANAGEDHSM_URL": "https://heathskvtesthsm.managedhsm.azure.net/",
    "RandomSeed": "1903710452"
  }
}