{
  "Entries": [
    {
      "RequestUri": "https://tcac7e9c41ef52cechsm.managedhsm.azure.net/keys/2110745605/create?api-version=7.4",
      "RequestMethod": "POST",
      "RequestHeaders": {
        "Accept": "application/json",
        "Content-Length": "0",
        "traceparent": "00-e75f0ea8f3e216ebb6636cdfec11701c-ae2b39fa51b0eea8-00",
        "User-Agent": "azsdk-net-Security.KeyVault.Keys/4.5.0-alpha.20230301.1 (.NET 7.0.3; Microsoft Windows 10.0.22621)",
        "x-ms-client-request-id": "f2d9c3b188f58df1128890a73f8940cb",
        "x-ms-return-client-request-id": "true"
      },
      "RequestBody": null,
      "StatusCode": 401,
      "ResponseHeaders": {
        "Cache-Control": "no-cache",
        "Content-Length": "0",
        "Content-Security-Policy": "default-src \u0027self\u0027",
        "Content-Type": "application/json; charset=utf-8",
        "Strict-Transport-Security": "max-age=31536000; includeSubDomains",
        "WWW-Authenticate": "Bearer authorization=\u0022https://login.microsoftonline.com/72f988bf-86f1-41af-91ab-2d7cd011db47\u0022, resource=\u0022https://managedhsm.azure.net\u0022",
        "X-Content-Type-Options": "nosniff",
        "X-Frame-Options": "SAMEORIGIN",
        "x-ms-request-id": "2023cf0e-b896-11ed-be32-000d3a6149b5",
        "x-ms-server-latency": "1"
      },
      "ResponseBody": null
    },
    {
      "RequestUri": "https://tcac7e9c41ef52cechsm.managedhsm.azure.net/keys/2110745605/create?api-version=7.4",
      "RequestMethod": "POST",
      "RequestHeaders": {
        "Accept": "application/json",
        "Authorization": "Sanitized",
        "Content-Length": "13",
        "Content-Type": "application/json",
        "traceparent": "00-e75f0ea8f3e216ebb6636cdfec11701c-ae2b39fa51b0eea8-00",
        "User-Agent": "azsdk-net-Security.KeyVault.Keys/4.5.0-alpha.20230301.1 (.NET 7.0.3; Microsoft Windows 10.0.22621)",
        "x-ms-client-request-id": "f2d9c3b188f58df1128890a73f8940cb",
        "x-ms-return-client-request-id": "true"
      },
      "RequestBody": {
        "kty": "RSA"
      },
      "StatusCode": 200,
      "ResponseHeaders": {
        "Cache-Control": "no-cache",
        "Content-Length": "723",
        "Content-Security-Policy": "default-src \u0027self\u0027",
        "Content-Type": "application/json; charset=utf-8",
        "Strict-Transport-Security": "max-age=31536000; includeSubDomains",
        "X-Content-Type-Options": "nosniff",
        "X-Frame-Options": "SAMEORIGIN",
        "x-ms-keyvault-network-info": "conn_type=Ipv4;addr=131.107.159.211;act_addr_fam=Ipv4;",
        "x-ms-keyvault-region": "northcentralus",
        "x-ms-request-id": "2069f6dc-b896-11ed-be32-000d3a6149b5",
        "x-ms-server-latency": "197"
      },
      "ResponseBody": {
        "attributes": {
          "created": 1677719044,
          "enabled": true,
          "exportable": false,
          "recoverableDays": 7,
          "recoveryLevel": "CustomizedRecoverable\u002BPurgeable",
          "updated": 1677719044
        },
        "key": {
          "e": "AQAB",
          "key_ops": [
            "wrapKey",
            "decrypt",
            "encrypt",
            "unwrapKey",
            "sign",
            "verify"
          ],
          "kid": "https://tcac7e9c41ef52cechsm.managedhsm.azure.net/keys/2110745605/d504bc569c160674308fbdc43c5a996b",
          "kty": "RSA-HSM",
          "n": "iEa-oRJhlz51Mz3tpB_m4y5iom3rZHGS7qQDlfAX4nahrWiL9jzptE-GfhAXmMKWJIMnV_OXIX40SqQRQqkC4B5SnTVOHtTQeIZODy8-AHhSMZMjyUyFObf_g1bwQ8eE8CJMoU6NOcsNKkcQ085derwbpqyx3sWlIKuFgl2YN1HpklFLu1roInvPDlVdg238fekEarCOavQ3XYqyy5SwSOaTeRqrNPbOVJVj9nG7_186DDt7_SqHgLAS_MbL7nS8ZCShUh8XukaCAVBad2aeHIA84mSXgUywdaU5KoQXJcdgREipTQjhOr6tS10FuJBrhFDE7snF-AnQpGmVJghxXw"
        }
      }
    },
    {
      "RequestUri": "https://tcac7e9c41ef52cechsm.managedhsm.azure.net/keys/2110745605/d504bc569c160674308fbdc43c5a996b/sign?api-version=7.4",
      "RequestMethod": "POST",
      "RequestHeaders": {
        "Accept": "application/json",
        "Authorization": "Sanitized",
        "Content-Length": "112",
        "Content-Type": "application/json",
        "traceparent": "00-dcf8325cb26f0014a6ac8d2d7b4230fa-5bdb5f3a4e9ae580-00",
        "User-Agent": "azsdk-net-Security.KeyVault.Keys/4.5.0-alpha.20230301.1 (.NET 7.0.3; Microsoft Windows 10.0.22621)",
        "x-ms-client-request-id": "a4c1244a8ca749ddb0d4736d6551c448",
        "x-ms-return-client-request-id": "true"
      },
      "RequestBody": {
        "alg": "RS512",
        "value": "L_kKw47wOtio8Klo0uC9evLLNe6PzE3T0yTUhbGZML8NLDad1V10rc2BfJSH_jxVuvbxjY4Nzxj87JP2pUdGog"
      },
      "StatusCode": 200,
      "ResponseHeaders": {
        "Cache-Control": "no-cache",
        "Content-Length": "475",
        "Content-Security-Policy": "default-src \u0027self\u0027",
        "Content-Type": "application/json; charset=utf-8",
        "Strict-Transport-Security": "max-age=31536000; includeSubDomains",
        "X-Content-Type-Options": "nosniff",
        "X-Frame-Options": "SAMEORIGIN",
        "x-ms-keyvault-network-info": "conn_type=Ipv4;addr=131.107.159.211;act_addr_fam=Ipv4;",
        "x-ms-keyvault-region": "northcentralus",
        "x-ms-request-id": "20944dc4-b896-11ed-be32-000d3a6149b5",
        "x-ms-server-latency": "30"
      },
      "ResponseBody": {
        "alg": "RS512",
        "kid": "https://tcac7e9c41ef52cechsm.managedhsm.azure.net/keys/2110745605/d504bc569c160674308fbdc43c5a996b",
        "value": "FMZmYHCUguiguCp8pedyjm62kNBMeu44IumEpQ7N-L9XqwfpGQBp40IquR7G2Nz1Vr8E8GqBiZaSscyqfmL2PoJRnvEIt3uGYjg7np8A-iq0gCTBuXdT3CaULLW5XI-C4dexQUyRZitZYuhWUh8lACeqRquiderhj3FksxU4gjWAS9CE43qBNRYfCv_6Dzu1hVCbbo0KBR4yy-ZhhnzXG8z8GYnzrFNIRtzIOkHZKjBQtIljJrc-QNkN4g9IrC0hnQqTXwElas88sTnGWhDa9Fv31PWef86J-voB21hsfZqH7ftYfl7jEniAR8LiDsZP-KoPs5jPub0CcTEJZTz8AA"
      }
    },
    {
      "RequestUri": "https://tcac7e9c41ef52cechsm.managedhsm.azure.net/keys/2110745605/d504bc569c160674308fbdc43c5a996b/sign?api-version=7.4",
      "RequestMethod": "POST",
      "RequestHeaders": {
        "Accept": "application/json",
        "Authorization": "Sanitized",
        "Content-Length": "112",
        "Content-Type": "application/json",
        "traceparent": "00-a7cd52693b8ac6bb531e11884c0b5e8a-706b6be09b480dc1-00",
        "User-Agent": "azsdk-net-Security.KeyVault.Keys/4.5.0-alpha.20230301.1 (.NET 7.0.3; Microsoft Windows 10.0.22621)",
        "x-ms-client-request-id": "e2150b6e613fc7312c0edf2379e911b8",
        "x-ms-return-client-request-id": "true"
      },
      "RequestBody": {
        "alg": "RS512",
        "value": "L_kKw47wOtio8Klo0uC9evLLNe6PzE3T0yTUhbGZML8NLDad1V10rc2BfJSH_jxVuvbxjY4Nzxj87JP2pUdGog"
      },
      "StatusCode": 200,
      "ResponseHeaders": {
        "Cache-Control": "no-cache",
        "Content-Length": "475",
        "Content-Security-Policy": "default-src \u0027self\u0027",
        "Content-Type": "application/json; charset=utf-8",
        "Strict-Transport-Security": "max-age=31536000; includeSubDomains",
        "X-Content-Type-Options": "nosniff",
        "X-Frame-Options": "SAMEORIGIN",
        "x-ms-keyvault-network-info": "conn_type=Ipv4;addr=131.107.159.211;act_addr_fam=Ipv4;",
        "x-ms-keyvault-region": "northcentralus",
        "x-ms-request-id": "20a4384c-b896-11ed-be32-000d3a6149b5",
        "x-ms-server-latency": "2"
      },
      "ResponseBody": {
        "alg": "RS512",
        "kid": "https://tcac7e9c41ef52cechsm.managedhsm.azure.net/keys/2110745605/d504bc569c160674308fbdc43c5a996b",
        "value": "FMZmYHCUguiguCp8pedyjm62kNBMeu44IumEpQ7N-L9XqwfpGQBp40IquR7G2Nz1Vr8E8GqBiZaSscyqfmL2PoJRnvEIt3uGYjg7np8A-iq0gCTBuXdT3CaULLW5XI-C4dexQUyRZitZYuhWUh8lACeqRquiderhj3FksxU4gjWAS9CE43qBNRYfCv_6Dzu1hVCbbo0KBR4yy-ZhhnzXG8z8GYnzrFNIRtzIOkHZKjBQtIljJrc-QNkN4g9IrC0hnQqTXwElas88sTnGWhDa9Fv31PWef86J-voB21hsfZqH7ftYfl7jEniAR8LiDsZP-KoPs5jPub0CcTEJZTz8AA"
      }
    },
    {
      "RequestUri": "https://tcac7e9c41ef52cechsm.managedhsm.azure.net/keys/2110745605/d504bc569c160674308fbdc43c5a996b/verify?api-version=7.4",
      "RequestMethod": "POST",
      "RequestHeaders": {
        "Accept": "application/json",
        "Authorization": "Sanitized",
        "Content-Length": "466",
        "Content-Type": "application/json",
        "traceparent": "00-0631aebcc04aab64c79a213be3ab25e7-5ca08a8a45a7af38-00",
        "User-Agent": "azsdk-net-Security.KeyVault.Keys/4.5.0-alpha.20230301.1 (.NET 7.0.3; Microsoft Windows 10.0.22621)",
        "x-ms-client-request-id": "2b1df4f052497aacc33eac2b593c2e11",
        "x-ms-return-client-request-id": "true"
      },
      "RequestBody": {
        "alg": "RS512",
        "digest": "L_kKw47wOtio8Klo0uC9evLLNe6PzE3T0yTUhbGZML8NLDad1V10rc2BfJSH_jxVuvbxjY4Nzxj87JP2pUdGog",
        "value": "FMZmYHCUguiguCp8pedyjm62kNBMeu44IumEpQ7N-L9XqwfpGQBp40IquR7G2Nz1Vr8E8GqBiZaSscyqfmL2PoJRnvEIt3uGYjg7np8A-iq0gCTBuXdT3CaULLW5XI-C4dexQUyRZitZYuhWUh8lACeqRquiderhj3FksxU4gjWAS9CE43qBNRYfCv_6Dzu1hVCbbo0KBR4yy-ZhhnzXG8z8GYnzrFNIRtzIOkHZKjBQtIljJrc-QNkN4g9IrC0hnQqTXwElas88sTnGWhDa9Fv31PWef86J-voB21hsfZqH7ftYfl7jEniAR8LiDsZP-KoPs5jPub0CcTEJZTz8AA"
      },
      "StatusCode": 200,
      "ResponseHeaders": {
        "Cache-Control": "no-cache",
        "Content-Length": "135",
        "Content-Security-Policy": "default-src \u0027self\u0027",
        "Content-Type": "application/json; charset=utf-8",
        "Strict-Transport-Security": "max-age=31536000; includeSubDomains",
        "X-Content-Type-Options": "nosniff",
        "X-Frame-Options": "SAMEORIGIN",
        "x-ms-keyvault-network-info": "conn_type=Ipv4;addr=131.107.159.211;act_addr_fam=Ipv4;",
        "x-ms-keyvault-region": "northcentralus",
        "x-ms-request-id": "20afb456-b896-11ed-be32-000d3a6149b5",
        "x-ms-server-latency": "1"
      },
      "ResponseBody": {
        "alg": "RS512",
        "kid": "https://tcac7e9c41ef52cechsm.managedhsm.azure.net/keys/2110745605/d504bc569c160674308fbdc43c5a996b",
        "value": true
      }
    },
    {
      "RequestUri": "https://tcac7e9c41ef52cechsm.managedhsm.azure.net/keys/2110745605/d504bc569c160674308fbdc43c5a996b/verify?api-version=7.4",
      "RequestMethod": "POST",
      "RequestHeaders": {
        "Accept": "application/json",
        "Authorization": "Sanitized",
        "Content-Length": "466",
        "Content-Type": "application/json",
        "traceparent": "00-2559a378eae481a6fade71e889f888a1-838f9cb74d7f21d2-00",
        "User-Agent": "azsdk-net-Security.KeyVault.Keys/4.5.0-alpha.20230301.1 (.NET 7.0.3; Microsoft Windows 10.0.22621)",
        "x-ms-client-request-id": "7cb4ef7ec030e9b0f3fa7899acbad0c6",
        "x-ms-return-client-request-id": "true"
      },
      "RequestBody": {
        "alg": "RS512",
        "digest": "L_kKw47wOtio8Klo0uC9evLLNe6PzE3T0yTUhbGZML8NLDad1V10rc2BfJSH_jxVuvbxjY4Nzxj87JP2pUdGog",
        "value": "FMZmYHCUguiguCp8pedyjm62kNBMeu44IumEpQ7N-L9XqwfpGQBp40IquR7G2Nz1Vr8E8GqBiZaSscyqfmL2PoJRnvEIt3uGYjg7np8A-iq0gCTBuXdT3CaULLW5XI-C4dexQUyRZitZYuhWUh8lACeqRquiderhj3FksxU4gjWAS9CE43qBNRYfCv_6Dzu1hVCbbo0KBR4yy-ZhhnzXG8z8GYnzrFNIRtzIOkHZKjBQtIljJrc-QNkN4g9IrC0hnQqTXwElas88sTnGWhDa9Fv31PWef86J-voB21hsfZqH7ftYfl7jEniAR8LiDsZP-KoPs5jPub0CcTEJZTz8AA"
      },
      "StatusCode": 200,
      "ResponseHeaders": {
        "Cache-Control": "no-cache",
        "Content-Length": "135",
        "Content-Security-Policy": "default-src \u0027self\u0027",
        "Content-Type": "application/json; charset=utf-8",
        "Strict-Transport-Security": "max-age=31536000; includeSubDomains",
        "X-Content-Type-Options": "nosniff",
        "X-Frame-Options": "SAMEORIGIN",
        "x-ms-keyvault-network-info": "conn_type=Ipv4;addr=131.107.159.211;act_addr_fam=Ipv4;",
        "x-ms-keyvault-region": "northcentralus",
        "x-ms-request-id": "20baf5b4-b896-11ed-be32-000d3a6149b5",
        "x-ms-server-latency": "0"
      },
      "ResponseBody": {
        "alg": "RS512",
        "kid": "https://tcac7e9c41ef52cechsm.managedhsm.azure.net/keys/2110745605/d504bc569c160674308fbdc43c5a996b",
        "value": true
      }
    }
  ],
  "Variables": {
    "AZURE_AUTHORITY_HOST": "https://login.microsoftonline.com/",
    "AZURE_MANAGEDHSM_URL": "https://tcac7e9c41ef52cechsm.managedhsm.azure.net/",
    "RandomSeed": "1089690296"
  }
}
