{
  "Entries": [
    {
      "RequestUri": "https://management.azure.com/subscriptions/db1ab6f0-4769-4b27-930e-01e2ef9c123c?api-version=2021-01-01",
      "RequestMethod": "GET",
      "RequestHeaders": {
        "Accept": "application/json",
        "Authorization": "Sanitized",
        "traceparent": "00-dfaaea8f0c636c4387d7a6b6a6ab988e-5359f94c69d8cc42-00",
        "User-Agent": "azsdk-net-ResourceManager/1.0.0-alpha.20220118.1 (.NET Framework 4.8.4420.0; Microsoft Windows 10.0.19043 )",
        "x-ms-client-request-id": "01ba096d7ce67b1746b16dfde55d7a21",
        "x-ms-return-client-request-id": "true"
      },
      "RequestBody": null,
      "StatusCode": 200,
      "ResponseHeaders": {
        "Cache-Control": "no-cache",
        "Content-Length": "468",
        "Content-Type": "application/json; charset=utf-8",
        "Date": "Tue, 18 Jan 2022 03:22:58 GMT",
        "Expires": "-1",
        "Pragma": "no-cache",
        "Strict-Transport-Security": "max-age=31536000; includeSubDomains",
        "X-Content-Type-Options": "nosniff",
        "x-ms-correlation-request-id": "526b8bad-5d4f-4ab6-bf90-7816323c8086",
        "x-ms-ratelimit-remaining-subscription-reads": "11958",
        "x-ms-request-id": "526b8bad-5d4f-4ab6-bf90-7816323c8086",
        "x-ms-routing-request-id": "SOUTHEASTASIA:20220118T032258Z:526b8bad-5d4f-4ab6-bf90-7816323c8086"
      },
      "ResponseBody": {
        "id": "/subscriptions/db1ab6f0-4769-4b27-930e-01e2ef9c123c",
        "authorizationSource": "RoleBased",
        "managedByTenants": [],
        "tags": {
          "tagKey1": "tagValue1",
          "tagKey2": "tagValue2"
        },
        "subscriptionId": "db1ab6f0-4769-4b27-930e-01e2ef9c123c",
        "tenantId": "72f988bf-86f1-41af-91ab-2d7cd011db47",
        "displayName": ".NET Mgmt SDK Test with TTL = 1 Day",
        "state": "Enabled",
        "subscriptionPolicies": {
          "locationPlacementId": "Internal_2014-09-01",
          "quotaId": "Internal_2014-09-01",
          "spendingLimit": "Off"
        }
      }
    },
    {
      "RequestUri": "https://management.azure.com/subscriptions/db1ab6f0-4769-4b27-930e-01e2ef9c123c/resourcegroups/teststorageRG-5033?api-version=2021-04-01",
      "RequestMethod": "PUT",
      "RequestHeaders": {
        "Accept": "application/json",
        "Authorization": "Sanitized",
        "Content-Length": "44",
        "Content-Type": "application/json",
        "User-Agent": "azsdk-net-ResourceManager/1.0.0-alpha.20220118.1 (.NET Framework 4.8.4420.0; Microsoft Windows 10.0.19043 )",
        "x-ms-client-request-id": "2b972e741ab9dcdd8c297460296cd5ae",
        "x-ms-return-client-request-id": "true"
      },
      "RequestBody": {
        "tags": {
          "test": "env"
        },
        "location": "eastus2"
      },
      "StatusCode": 201,
      "ResponseHeaders": {
        "Cache-Control": "no-cache",
        "Content-Length": "256",
        "Content-Type": "application/json; charset=utf-8",
        "Date": "Tue, 18 Jan 2022 03:22:58 GMT",
        "Expires": "-1",
        "Pragma": "no-cache",
        "Strict-Transport-Security": "max-age=31536000; includeSubDomains",
        "X-Content-Type-Options": "nosniff",
        "x-ms-correlation-request-id": "5c940e44-932f-43d5-878b-fc4f858b9f63",
        "x-ms-ratelimit-remaining-subscription-writes": "1198",
        "x-ms-request-id": "5c940e44-932f-43d5-878b-fc4f858b9f63",
        "x-ms-routing-request-id": "SOUTHEASTASIA:20220118T032259Z:5c940e44-932f-43d5-878b-fc4f858b9f63"
      },
      "ResponseBody": {
        "id": "/subscriptions/db1ab6f0-4769-4b27-930e-01e2ef9c123c/resourceGroups/teststorageRG-5033",
        "name": "teststorageRG-5033",
        "type": "Microsoft.Resources/resourceGroups",
        "location": "eastus2",
        "tags": {
          "test": "env"
        },
        "properties": {
          "provisioningState": "Succeeded"
        }
      }
    },
    {
      "RequestUri": "https://management.azure.com/subscriptions/db1ab6f0-4769-4b27-930e-01e2ef9c123c/providers/Microsoft.Storage/checkNameAvailability?api-version=2021-08-01",
      "RequestMethod": "POST",
      "RequestHeaders": {
        "Accept": "application/json",
        "Authorization": "Sanitized",
        "Content-Length": "73",
        "Content-Type": "application/json",
        "User-Agent": "azsdk-net-ResourceManager.Storage/1.0.0-alpha.20220118.1 (.NET Framework 4.8.4420.0; Microsoft Windows 10.0.19043 )",
        "x-ms-client-request-id": "b401338a7f435fe8ca6774c5e5464528",
        "x-ms-return-client-request-id": "true"
      },
      "RequestBody": {
        "name": "teststoragemgmt7964",
        "type": "Microsoft.Storage/storageAccounts"
      },
      "StatusCode": 200,
      "ResponseHeaders": {
        "Cache-Control": "no-cache",
        "Content-Length": "22",
        "Content-Type": "application/json",
        "Date": "Tue, 18 Jan 2022 03:22:59 GMT",
        "Expires": "-1",
        "Pragma": "no-cache",
        "Server": "Microsoft-Azure-Storage-Resource-Provider/1.0,Microsoft-HTTPAPI/2.0 Microsoft-HTTPAPI/2.0",
        "Strict-Transport-Security": "max-age=31536000; includeSubDomains",
        "X-Content-Type-Options": "nosniff",
        "x-ms-client-request-id": "b401338a7f435fe8ca6774c5e5464528",
        "x-ms-correlation-request-id": "50e4c413-d636-421e-a1e4-74a1bbf59e68",
        "x-ms-ratelimit-remaining-subscription-reads": "11957",
        "x-ms-request-id": "f9dcc582-e0f0-4738-943f-e4b3b040fbdb",
        "x-ms-routing-request-id": "SOUTHEASTASIA:20220118T032300Z:50e4c413-d636-421e-a1e4-74a1bbf59e68"
      },
      "ResponseBody": {
        "nameAvailable": true
      }
    },
    {
      "RequestUri": "https://management.azure.com/subscriptions/db1ab6f0-4769-4b27-930e-01e2ef9c123c/resourceGroups/teststorageRG-5033/providers/Microsoft.Storage/storageAccounts/teststoragemgmt7964?api-version=2021-08-01",
      "RequestMethod": "PUT",
      "RequestHeaders": {
        "Accept": "application/json",
        "Authorization": "Sanitized",
        "Content-Length": "126",
        "Content-Type": "application/json",
        "User-Agent": "azsdk-net-ResourceManager.Storage/1.0.0-alpha.20220118.1 (.NET Framework 4.8.4420.0; Microsoft Windows 10.0.19043 )",
        "x-ms-client-request-id": "ca7744feb3d8dcee245952a21b1d4597",
        "x-ms-return-client-request-id": "true"
      },
      "RequestBody": {
        "sku": {
          "name": "Standard_GRS"
        },
        "kind": "Storage",
        "location": "eastus2",
        "tags": {
          "key1": "value1",
          "key2": "value2"
        },
        "properties": {}
      },
      "StatusCode": 202,
      "ResponseHeaders": {
        "Cache-Control": "no-cache",
        "Content-Length": "0",
        "Content-Type": "text/plain; charset=utf-8",
        "Date": "Tue, 18 Jan 2022 03:23:08 GMT",
        "Expires": "-1",
        "Location": "https://management.azure.com/subscriptions/db1ab6f0-4769-4b27-930e-01e2ef9c123c/providers/Microsoft.Storage/locations/eastus2/asyncoperations/5c9318c2-d500-43e6-af79-3dc6f19e2945?monitor=true\u0026api-version=2021-08-01",
        "Pragma": "no-cache",
        "Retry-After": "17",
        "Server": "Microsoft-Azure-Storage-Resource-Provider/1.0,Microsoft-HTTPAPI/2.0 Microsoft-HTTPAPI/2.0",
        "Strict-Transport-Security": "max-age=31536000; includeSubDomains",
        "X-Content-Type-Options": "nosniff",
        "x-ms-client-request-id": "ca7744feb3d8dcee245952a21b1d4597",
        "x-ms-correlation-request-id": "425f2171-76c4-43bc-a7a7-0dcbd9a738f3",
        "x-ms-ratelimit-remaining-subscription-writes": "1197",
        "x-ms-request-id": "5c9318c2-d500-43e6-af79-3dc6f19e2945",
        "x-ms-routing-request-id": "SOUTHEASTASIA:20220118T032309Z:425f2171-76c4-43bc-a7a7-0dcbd9a738f3"
      },
      "ResponseBody": []
    },
    {
      "RequestUri": "https://management.azure.com/subscriptions/db1ab6f0-4769-4b27-930e-01e2ef9c123c/providers/Microsoft.Storage/locations/eastus2/asyncoperations/5c9318c2-d500-43e6-af79-3dc6f19e2945?monitor=true\u0026api-version=2021-08-01",
      "RequestMethod": "GET",
      "RequestHeaders": {
        "Authorization": "Sanitized",
        "User-Agent": "azsdk-net-ResourceManager/1.0.0-alpha.20220118.1 (.NET Framework 4.8.4420.0; Microsoft Windows 10.0.19043 )",
        "x-ms-client-request-id": "272a372ee45ed67b44248fea2c4644ad",
        "x-ms-return-client-request-id": "true"
      },
      "RequestBody": null,
      "StatusCode": 202,
      "ResponseHeaders": {
        "Cache-Control": "no-cache",
        "Connection": "close",
        "Content-Length": "0",
        "Content-Type": "text/plain; charset=utf-8",
        "Date": "Tue, 18 Jan 2022 03:23:08 GMT",
        "Expires": "-1",
        "Location": "https://management.azure.com/subscriptions/db1ab6f0-4769-4b27-930e-01e2ef9c123c/providers/Microsoft.Storage/locations/eastus2/asyncoperations/5c9318c2-d500-43e6-af79-3dc6f19e2945?monitor=true\u0026api-version=2021-08-01",
        "Pragma": "no-cache",
        "Retry-After": "17",
        "Server": "Microsoft-Azure-Storage-Resource-Provider/1.0,Microsoft-HTTPAPI/2.0 Microsoft-HTTPAPI/2.0",
        "Strict-Transport-Security": "max-age=31536000; includeSubDomains",
        "X-Content-Type-Options": "nosniff",
        "x-ms-client-request-id": "272a372ee45ed67b44248fea2c4644ad",
        "x-ms-correlation-request-id": "2591aca6-9f1e-4f99-9f47-22384a3e6ca3",
        "x-ms-ratelimit-remaining-subscription-reads": "11956",
        "x-ms-request-id": "a4ceb0b5-b61e-4b8d-b4dd-7b2bf96a1833",
        "x-ms-routing-request-id": "SOUTHEASTASIA:20220118T032309Z:2591aca6-9f1e-4f99-9f47-22384a3e6ca3"
      },
      "ResponseBody": []
    },
    {
      "RequestUri": "https://management.azure.com/subscriptions/db1ab6f0-4769-4b27-930e-01e2ef9c123c/providers/Microsoft.Storage/locations/eastus2/asyncoperations/5c9318c2-d500-43e6-af79-3dc6f19e2945?monitor=true\u0026api-version=2021-08-01",
      "RequestMethod": "GET",
      "RequestHeaders": {
        "Authorization": "Sanitized",
        "User-Agent": "azsdk-net-ResourceManager/1.0.0-alpha.20220118.1 (.NET Framework 4.8.4420.0; Microsoft Windows 10.0.19043 )",
        "x-ms-client-request-id": "5376dc22fe73090814c81b0cc43b730d",
        "x-ms-return-client-request-id": "true"
      },
      "RequestBody": null,
      "StatusCode": 200,
      "ResponseHeaders": {
        "Cache-Control": "no-cache",
        "Connection": "close",
        "Content-Length": "1346",
        "Content-Type": "application/json",
        "Date": "Tue, 18 Jan 2022 03:23:26 GMT",
        "Expires": "-1",
        "Pragma": "no-cache",
        "Server": "Microsoft-Azure-Storage-Resource-Provider/1.0,Microsoft-HTTPAPI/2.0 Microsoft-HTTPAPI/2.0",
        "Strict-Transport-Security": "max-age=31536000; includeSubDomains",
        "X-Content-Type-Options": "nosniff",
        "x-ms-client-request-id": "5376dc22fe73090814c81b0cc43b730d",
        "x-ms-correlation-request-id": "598eb867-331f-4966-9f38-321286fc5917",
        "x-ms-ratelimit-remaining-subscription-reads": "11982",
        "x-ms-request-id": "43a5faf2-35c0-4eeb-a2c9-bbc1840ba233",
        "x-ms-routing-request-id": "SOUTHEASTASIA:20220118T032326Z:598eb867-331f-4966-9f38-321286fc5917"
      },
      "ResponseBody": {
        "sku": {
          "name": "Standard_GRS",
          "tier": "Standard"
        },
        "kind": "Storage",
        "id": "/subscriptions/db1ab6f0-4769-4b27-930e-01e2ef9c123c/resourceGroups/teststorageRG-5033/providers/Microsoft.Storage/storageAccounts/teststoragemgmt7964",
        "name": "teststoragemgmt7964",
        "type": "Microsoft.Storage/storageAccounts",
        "location": "eastus2",
        "tags": {
          "key1": "value1",
          "key2": "value2"
        },
        "properties": {
          "keyCreationTime": {
            "key1": "2022-01-18T03:23:07.4267412Z",
            "key2": "2022-01-18T03:23:07.4267412Z"
          },
          "privateEndpointConnections": [],
          "networkAcls": {
            "bypass": "AzureServices",
            "virtualNetworkRules": [],
            "ipRules": [],
            "defaultAction": "Allow"
          },
          "supportsHttpsTrafficOnly": true,
          "encryption": {
            "services": {
              "file": {
                "keyType": "Account",
                "enabled": true,
                "lastEnabledTime": "2022-01-18T03:23:07.4267412Z"
              },
              "blob": {
                "keyType": "Account",
                "enabled": true,
                "lastEnabledTime": "2022-01-18T03:23:07.4267412Z"
              }
            },
            "keySource": "Microsoft.Storage"
          },
          "provisioningState": "Succeeded",
          "creationTime": "2022-01-18T03:23:07.2861343Z",
          "primaryEndpoints": {
            "blob": "https://teststoragemgmt7964.blob.core.windows.net/",
            "queue": "https://teststoragemgmt7964.queue.core.windows.net/",
            "table": "https://teststoragemgmt7964.table.core.windows.net/",
            "file": "https://teststoragemgmt7964.file.core.windows.net/"
          },
          "primaryLocation": "eastus2",
          "statusOfPrimary": "available",
          "secondaryLocation": "centralus",
          "statusOfSecondary": "available"
        }
      }
    },
    {
      "RequestUri": "https://management.azure.com/subscriptions/db1ab6f0-4769-4b27-930e-01e2ef9c123c/resourceGroups/teststorageRG-5033/providers/Microsoft.Storage/storageAccounts/teststoragemgmt7964/queueServices/default?api-version=2021-08-01",
      "RequestMethod": "GET",
      "RequestHeaders": {
        "Accept": "application/json",
        "Authorization": "Sanitized",
        "User-Agent": "azsdk-net-ResourceManager.Storage/1.0.0-alpha.20220118.1 (.NET Framework 4.8.4420.0; Microsoft Windows 10.0.19043 )",
        "x-ms-client-request-id": "e37370b21df26a3816fd01fb66468168",
        "x-ms-return-client-request-id": "true"
      },
      "RequestBody": null,
      "StatusCode": 200,
      "ResponseHeaders": {
        "Cache-Control": "no-cache",
        "Content-Length": "293",
        "Content-Type": "application/json",
        "Date": "Tue, 18 Jan 2022 03:23:27 GMT",
        "Expires": "-1",
        "Pragma": "no-cache",
        "Server": "Microsoft-Azure-Storage-Resource-Provider/1.0,Microsoft-HTTPAPI/2.0 Microsoft-HTTPAPI/2.0",
        "Strict-Transport-Security": "max-age=31536000; includeSubDomains",
        "X-Content-Type-Options": "nosniff",
        "x-ms-client-request-id": "e37370b21df26a3816fd01fb66468168",
        "x-ms-correlation-request-id": "7a8c50cf-1945-408c-9c8c-cb0581bc2c2a",
        "x-ms-ratelimit-remaining-subscription-reads": "11950",
        "x-ms-request-id": "a4153277-6d0c-4b92-a328-9b8068288a55",
        "x-ms-routing-request-id": "SOUTHEASTASIA:20220118T032327Z:7a8c50cf-1945-408c-9c8c-cb0581bc2c2a"
      },
      "ResponseBody": {
        "id": "/subscriptions/db1ab6f0-4769-4b27-930e-01e2ef9c123c/resourceGroups/teststorageRG-5033/providers/Microsoft.Storage/storageAccounts/teststoragemgmt7964/queueServices/default",
        "name": "default",
        "type": "Microsoft.Storage/storageAccounts/queueServices",
        "properties": {
          "cors": {
            "corsRules": []
          }
        }
      }
    },
    {
      "RequestUri": "https://management.azure.com/subscriptions/db1ab6f0-4769-4b27-930e-01e2ef9c123c/resourceGroups/teststorageRG-5033/providers/Microsoft.Storage/storageAccounts/teststoragemgmt7964/queueServices/default/queues/testqueue4622?api-version=2021-08-01",
      "RequestMethod": "PUT",
      "RequestHeaders": {
        "Accept": "application/json",
        "Authorization": "Sanitized",
        "Content-Length": "17",
        "Content-Type": "application/json",
        "User-Agent": "azsdk-net-ResourceManager.Storage/1.0.0-alpha.20220118.1 (.NET Framework 4.8.4420.0; Microsoft Windows 10.0.19043 )",
        "x-ms-client-request-id": "a08c90416f532f30201396c86e1109b1",
        "x-ms-return-client-request-id": "true"
      },
      "RequestBody": {
        "properties": {}
      },
      "StatusCode": 200,
      "ResponseHeaders": {
        "Cache-Control": "no-cache",
        "Content-Length": "317",
        "Content-Type": "application/json",
        "Date": "Tue, 18 Jan 2022 03:23:27 GMT",
        "Expires": "-1",
        "Pragma": "no-cache",
        "Server": "Microsoft-Azure-Storage-Resource-Provider/1.0,Microsoft-HTTPAPI/2.0 Microsoft-HTTPAPI/2.0",
        "Strict-Transport-Security": "max-age=31536000; includeSubDomains",
        "X-Content-Type-Options": "nosniff",
        "x-ms-client-request-id": "a08c90416f532f30201396c86e1109b1",
        "x-ms-correlation-request-id": "ddf755fd-a86a-488c-b6be-fa4f5c5a896a",
        "x-ms-ratelimit-remaining-subscription-writes": "1199",
        "x-ms-request-id": "f686fc40-41e6-4948-9468-ab1c921ee9e5",
        "x-ms-routing-request-id": "SOUTHEASTASIA:20220118T032328Z:ddf755fd-a86a-488c-b6be-fa4f5c5a896a"
      },
      "ResponseBody": {
        "id": "/subscriptions/db1ab6f0-4769-4b27-930e-01e2ef9c123c/resourceGroups/teststorageRG-5033/providers/Microsoft.Storage/storageAccounts/teststoragemgmt7964/queueServices/default/queues/testqueue4622",
        "name": "testqueue4622",
        "type": "Microsoft.Storage/storageAccounts/queueServices/queues",
        "properties": {
          "metadata": {}
        }
      }
    },
    {
      "RequestUri": "https://management.azure.com/subscriptions/db1ab6f0-4769-4b27-930e-01e2ef9c123c/resourceGroups/teststorageRG-5033/providers/Microsoft.Storage/storageAccounts/teststoragemgmt7964/queueServices/default/queues/testqueue4622?api-version=2021-08-01",
      "RequestMethod": "PATCH",
      "RequestHeaders": {
        "Accept": "application/json",
        "Authorization": "Sanitized",
        "Content-Length": "61",
        "Content-Type": "application/json",
        "User-Agent": "azsdk-net-ResourceManager.Storage/1.0.0-alpha.20220118.1 (.NET Framework 4.8.4420.0; Microsoft Windows 10.0.19043 )",
        "x-ms-client-request-id": "d2bc3781ba60a4050c3c76fd0da3cd46",
        "x-ms-return-client-request-id": "true"
      },
      "RequestBody": {
        "properties": {
          "metadata": {
            "key1": "value1",
            "key2": "value2"
          }
        }
      },
      "StatusCode": 200,
      "ResponseHeaders": {
        "Cache-Control": "no-cache",
        "Content-Length": "348",
        "Content-Type": "application/json",
        "Date": "Tue, 18 Jan 2022 03:23:27 GMT",
        "Expires": "-1",
        "Pragma": "no-cache",
        "Server": "Microsoft-Azure-Storage-Resource-Provider/1.0,Microsoft-HTTPAPI/2.0 Microsoft-HTTPAPI/2.0",
        "Strict-Transport-Security": "max-age=31536000; includeSubDomains",
        "X-Content-Type-Options": "nosniff",
        "x-ms-client-request-id": "d2bc3781ba60a4050c3c76fd0da3cd46",
        "x-ms-correlation-request-id": "57921537-e5a2-48e5-8690-2adf96485f7e",
        "x-ms-ratelimit-remaining-subscription-writes": "1198",
        "x-ms-request-id": "9cce7f95-3929-4f10-9680-ad6b68fe9253",
        "x-ms-routing-request-id": "SOUTHEASTASIA:20220118T032328Z:57921537-e5a2-48e5-8690-2adf96485f7e"
      },
      "ResponseBody": {
        "id": "/subscriptions/db1ab6f0-4769-4b27-930e-01e2ef9c123c/resourceGroups/teststorageRG-5033/providers/Microsoft.Storage/storageAccounts/teststoragemgmt7964/queueServices/default/queues/testqueue4622",
        "name": "testqueue4622",
        "type": "Microsoft.Storage/storageAccounts/queueServices/queues",
        "properties": {
          "metadata": {
            "key1": "value1",
            "key2": "value2"
          }
        }
      }
    },
    {
      "RequestUri": "https://management.azure.com/subscriptions/db1ab6f0-4769-4b27-930e-01e2ef9c123c/resourceGroups/teststorageRG-5033/providers/Microsoft.Storage/storageAccounts?api-version=2021-08-01",
      "RequestMethod": "GET",
      "RequestHeaders": {
        "Accept": "application/json",
        "Authorization": "Sanitized",
        "User-Agent": "azsdk-net-ResourceManager.Storage/1.0.0-alpha.20220118.1 (.NET Framework 4.8.4420.0; Microsoft Windows 10.0.19043 )",
        "x-ms-client-request-id": "aa8285b36de7005f43b4d109a2a1a7eb",
        "x-ms-return-client-request-id": "true"
      },
      "RequestBody": null,
      "StatusCode": 200,
      "ResponseHeaders": {
        "Cache-Control": "no-cache",
        "Content-Length": "1358",
        "Content-Type": "application/json",
        "Date": "Tue, 18 Jan 2022 03:23:28 GMT",
        "Expires": "-1",
        "Pragma": "no-cache",
        "Server": "Microsoft-Azure-Storage-Resource-Provider/1.0,Microsoft-HTTPAPI/2.0 Microsoft-HTTPAPI/2.0",
        "Strict-Transport-Security": "max-age=31536000; includeSubDomains",
        "X-Content-Type-Options": "nosniff",
        "x-ms-client-request-id": "aa8285b36de7005f43b4d109a2a1a7eb",
        "x-ms-correlation-request-id": "36e935b3-3032-4c3e-9c10-166a1f5f077e",
        "x-ms-ratelimit-remaining-subscription-reads": "11949",
        "x-ms-request-id": "40e0248c-7a76-4d5a-a9cd-30f7b9cfba18",
        "x-ms-routing-request-id": "SOUTHEASTASIA:20220118T032329Z:36e935b3-3032-4c3e-9c10-166a1f5f077e"
      },
      "ResponseBody": {
        "value": [
          {
            "sku": {
              "name": "Standard_GRS",
              "tier": "Standard"
            },
            "kind": "Storage",
            "id": "/subscriptions/db1ab6f0-4769-4b27-930e-01e2ef9c123c/resourceGroups/teststorageRG-5033/providers/Microsoft.Storage/storageAccounts/teststoragemgmt7964",
            "name": "teststoragemgmt7964",
            "type": "Microsoft.Storage/storageAccounts",
            "location": "eastus2",
            "tags": {
              "key1": "value1",
              "key2": "value2"
            },
            "properties": {
              "keyCreationTime": {
                "key1": "2022-01-18T03:23:07.4267412Z",
                "key2": "2022-01-18T03:23:07.4267412Z"
              },
              "privateEndpointConnections": [],
              "networkAcls": {
                "bypass": "AzureServices",
                "virtualNetworkRules": [],
                "ipRules": [],
                "defaultAction": "Allow"
              },
              "supportsHttpsTrafficOnly": true,
              "encryption": {
                "services": {
                  "file": {
                    "keyType": "Account",
                    "enabled": true,
                    "lastEnabledTime": "2022-01-18T03:23:07.4267412Z"
                  },
                  "blob": {
                    "keyType": "Account",
                    "enabled": true,
                    "lastEnabledTime": "2022-01-18T03:23:07.4267412Z"
                  }
                },
                "keySource": "Microsoft.Storage"
              },
              "provisioningState": "Succeeded",
              "creationTime": "2022-01-18T03:23:07.2861343Z",
              "primaryEndpoints": {
                "blob": "https://teststoragemgmt7964.blob.core.windows.net/",
                "queue": "https://teststoragemgmt7964.queue.core.windows.net/",
                "table": "https://teststoragemgmt7964.table.core.windows.net/",
                "file": "https://teststoragemgmt7964.file.core.windows.net/"
              },
              "primaryLocation": "eastus2",
              "statusOfPrimary": "available",
              "secondaryLocation": "centralus",
              "statusOfSecondary": "available"
            }
          }
        ]
      }
    },
    {
      "RequestUri": "https://management.azure.com/subscriptions/db1ab6f0-4769-4b27-930e-01e2ef9c123c/resourceGroups/teststorageRG-5033/providers/Microsoft.Storage/storageAccounts/teststoragemgmt7964?api-version=2021-08-01",
      "RequestMethod": "DELETE",
      "RequestHeaders": {
        "Authorization": "Sanitized",
        "User-Agent": "azsdk-net-ResourceManager.Storage/1.0.0-alpha.20220118.1 (.NET Framework 4.8.4420.0; Microsoft Windows 10.0.19043 )",
        "x-ms-client-request-id": "0fe54af895c487268be79316f933217d",
        "x-ms-return-client-request-id": "true"
      },
      "RequestBody": null,
      "StatusCode": 200,
      "ResponseHeaders": {
        "Cache-Control": "no-cache",
        "Content-Length": "0",
        "Content-Type": "text/plain; charset=utf-8",
        "Date": "Tue, 18 Jan 2022 03:23:37 GMT",
        "Expires": "-1",
        "Pragma": "no-cache",
        "Server": "Microsoft-Azure-Storage-Resource-Provider/1.0,Microsoft-HTTPAPI/2.0 Microsoft-HTTPAPI/2.0",
        "Strict-Transport-Security": "max-age=31536000; includeSubDomains",
        "X-Content-Type-Options": "nosniff",
        "x-ms-client-request-id": "0fe54af895c487268be79316f933217d",
        "x-ms-correlation-request-id": "77ccaaec-6dff-456f-9b90-7459bde76a8c",
        "x-ms-ratelimit-remaining-subscription-deletes": "14988",
        "x-ms-request-id": "3ebd2e87-0908-41b2-bc50-d9479022e077",
        "x-ms-routing-request-id": "SOUTHEASTASIA:20220118T032337Z:77ccaaec-6dff-456f-9b90-7459bde76a8c"
      },
      "ResponseBody": []
    }
  ],
  "Variables": {
    "RandomSeed": "1564873917",
    "RESOURCE_MANAGER_URL": null,
    "SUBSCRIPTION_ID": "db1ab6f0-4769-4b27-930e-01e2ef9c123c"
  }
}