{
  "Entries": [
    {
      "RequestUri": "https://management.azure.com/subscriptions/db1ab6f0-4769-4b27-930e-01e2ef9c123c?api-version=2021-01-01",
      "RequestMethod": "GET",
      "RequestHeaders": {
        "Accept": "application/json",
        "Authorization": "Sanitized",
        "traceparent": "00-ebc8c14355507c478d409713fbfc9adf-dbcbfad9ae9ec54b-00",
        "User-Agent": "azsdk-net-ResourceManager/1.0.0-alpha.20220118.1 (.NET Framework 4.8.4420.0; Microsoft Windows 10.0.19043 )",
        "x-ms-client-request-id": "5576770f05a0323f5eef243428f7f9e5",
        "x-ms-return-client-request-id": "true"
      },
      "RequestBody": null,
      "StatusCode": 200,
      "ResponseHeaders": {
        "Cache-Control": "no-cache",
        "Content-Length": "468",
        "Content-Type": "application/json; charset=utf-8",
        "Date": "Tue, 18 Jan 2022 03:20:14 GMT",
        "Expires": "-1",
        "Pragma": "no-cache",
        "Strict-Transport-Security": "max-age=31536000; includeSubDomains",
        "X-Content-Type-Options": "nosniff",
        "x-ms-correlation-request-id": "e95748cf-22c8-4aec-8ee1-732db1c2d232",
        "x-ms-ratelimit-remaining-subscription-reads": "11877",
        "x-ms-request-id": "e95748cf-22c8-4aec-8ee1-732db1c2d232",
        "x-ms-routing-request-id": "SOUTHEASTASIA:20220118T032014Z:e95748cf-22c8-4aec-8ee1-732db1c2d232"
      },
      "ResponseBody": {
        "id": "/subscriptions/db1ab6f0-4769-4b27-930e-01e2ef9c123c",
        "authorizationSource": "RoleBased",
        "managedByTenants": [],
        "tags": {
          "tagKey1": "tagValue1",
          "tagKey2": "tagValue2"
        },
        "subscriptionId": "db1ab6f0-4769-4b27-930e-01e2ef9c123c",
        "tenantId": "72f988bf-86f1-41af-91ab-2d7cd011db47",
        "displayName": ".NET Mgmt SDK Test with TTL = 1 Day",
        "state": "Enabled",
        "subscriptionPolicies": {
          "locationPlacementId": "Internal_2014-09-01",
          "quotaId": "Internal_2014-09-01",
          "spendingLimit": "Off"
        }
      }
    },
    {
      "RequestUri": "https://management.azure.com/subscriptions/db1ab6f0-4769-4b27-930e-01e2ef9c123c/resourcegroups/teststorageRG-467?api-version=2021-04-01",
      "RequestMethod": "PUT",
      "RequestHeaders": {
        "Accept": "application/json",
        "Authorization": "Sanitized",
        "Content-Length": "44",
        "Content-Type": "application/json",
        "User-Agent": "azsdk-net-ResourceManager/1.0.0-alpha.20220118.1 (.NET Framework 4.8.4420.0; Microsoft Windows 10.0.19043 )",
        "x-ms-client-request-id": "27114e786f504e508568e8bb19109e5f",
        "x-ms-return-client-request-id": "true"
      },
      "RequestBody": {
        "tags": {
          "test": "env"
        },
        "location": "eastus2"
      },
      "StatusCode": 201,
      "ResponseHeaders": {
        "Cache-Control": "no-cache",
        "Content-Length": "254",
        "Content-Type": "application/json; charset=utf-8",
        "Date": "Tue, 18 Jan 2022 03:20:14 GMT",
        "Expires": "-1",
        "Pragma": "no-cache",
        "Strict-Transport-Security": "max-age=31536000; includeSubDomains",
        "X-Content-Type-Options": "nosniff",
        "x-ms-correlation-request-id": "9edbacf5-2440-412e-b5c3-7a1441153f84",
        "x-ms-ratelimit-remaining-subscription-writes": "1165",
        "x-ms-request-id": "9edbacf5-2440-412e-b5c3-7a1441153f84",
        "x-ms-routing-request-id": "SOUTHEASTASIA:20220118T032015Z:9edbacf5-2440-412e-b5c3-7a1441153f84"
      },
      "ResponseBody": {
        "id": "/subscriptions/db1ab6f0-4769-4b27-930e-01e2ef9c123c/resourceGroups/teststorageRG-467",
        "name": "teststorageRG-467",
        "type": "Microsoft.Resources/resourceGroups",
        "location": "eastus2",
        "tags": {
          "test": "env"
        },
        "properties": {
          "provisioningState": "Succeeded"
        }
      }
    },
    {
      "RequestUri": "https://management.azure.com/subscriptions/db1ab6f0-4769-4b27-930e-01e2ef9c123c/providers/Microsoft.Storage/checkNameAvailability?api-version=2021-08-01",
      "RequestMethod": "POST",
      "RequestHeaders": {
        "Accept": "application/json",
        "Authorization": "Sanitized",
        "Content-Length": "73",
        "Content-Type": "application/json",
        "User-Agent": "azsdk-net-ResourceManager.Storage/1.0.0-alpha.20220118.1 (.NET Framework 4.8.4420.0; Microsoft Windows 10.0.19043 )",
        "x-ms-client-request-id": "b0313ba5cae2be640bf5e6e46061aad4",
        "x-ms-return-client-request-id": "true"
      },
      "RequestBody": {
        "name": "teststoragemgmt4415",
        "type": "Microsoft.Storage/storageAccounts"
      },
      "StatusCode": 200,
      "ResponseHeaders": {
        "Cache-Control": "no-cache",
        "Content-Length": "22",
        "Content-Type": "application/json",
        "Date": "Tue, 18 Jan 2022 03:20:15 GMT",
        "Expires": "-1",
        "Pragma": "no-cache",
        "Server": "Microsoft-Azure-Storage-Resource-Provider/1.0,Microsoft-HTTPAPI/2.0 Microsoft-HTTPAPI/2.0",
        "Strict-Transport-Security": "max-age=31536000; includeSubDomains",
        "X-Content-Type-Options": "nosniff",
        "x-ms-client-request-id": "b0313ba5cae2be640bf5e6e46061aad4",
        "x-ms-correlation-request-id": "49648c08-4fee-46de-8b87-9f522c6d5f58",
        "x-ms-ratelimit-remaining-subscription-reads": "11876",
        "x-ms-request-id": "f776e9e2-0176-4d35-ad16-c2d6c10c6d17",
        "x-ms-routing-request-id": "SOUTHEASTASIA:20220118T032016Z:49648c08-4fee-46de-8b87-9f522c6d5f58"
      },
      "ResponseBody": {
        "nameAvailable": true
      }
    },
    {
      "RequestUri": "https://management.azure.com/subscriptions/db1ab6f0-4769-4b27-930e-01e2ef9c123c/resourceGroups/teststorageRG-467/providers/Microsoft.Storage/storageAccounts/teststoragemgmt4415?api-version=2021-08-01",
      "RequestMethod": "PUT",
      "RequestHeaders": {
        "Accept": "application/json",
        "Authorization": "Sanitized",
        "Content-Length": "126",
        "Content-Type": "application/json",
        "User-Agent": "azsdk-net-ResourceManager.Storage/1.0.0-alpha.20220118.1 (.NET Framework 4.8.4420.0; Microsoft Windows 10.0.19043 )",
        "x-ms-client-request-id": "fbce1bc5be052608061b9d577744de85",
        "x-ms-return-client-request-id": "true"
      },
      "RequestBody": {
        "sku": {
          "name": "Standard_GRS"
        },
        "kind": "Storage",
        "location": "eastus2",
        "tags": {
          "key1": "value1",
          "key2": "value2"
        },
        "properties": {}
      },
      "StatusCode": 202,
      "ResponseHeaders": {
        "Cache-Control": "no-cache",
        "Content-Length": "0",
        "Content-Type": "text/plain; charset=utf-8",
        "Date": "Tue, 18 Jan 2022 03:20:19 GMT",
        "Expires": "-1",
        "Location": "https://management.azure.com/subscriptions/db1ab6f0-4769-4b27-930e-01e2ef9c123c/providers/Microsoft.Storage/locations/eastus2/asyncoperations/78d8317b-b6ee-45f1-8af0-e2c6e95c3eeb?monitor=true\u0026api-version=2021-08-01",
        "Pragma": "no-cache",
        "Retry-After": "17",
        "Server": "Microsoft-Azure-Storage-Resource-Provider/1.0,Microsoft-HTTPAPI/2.0 Microsoft-HTTPAPI/2.0",
        "Strict-Transport-Security": "max-age=31536000; includeSubDomains",
        "X-Content-Type-Options": "nosniff",
        "x-ms-client-request-id": "fbce1bc5be052608061b9d577744de85",
        "x-ms-correlation-request-id": "0fd0ca5c-73a8-4c00-8675-a35304c89bde",
        "x-ms-ratelimit-remaining-subscription-writes": "1164",
        "x-ms-request-id": "78d8317b-b6ee-45f1-8af0-e2c6e95c3eeb",
        "x-ms-routing-request-id": "SOUTHEASTASIA:20220118T032020Z:0fd0ca5c-73a8-4c00-8675-a35304c89bde"
      },
      "ResponseBody": []
    },
    {
      "RequestUri": "https://management.azure.com/subscriptions/db1ab6f0-4769-4b27-930e-01e2ef9c123c/providers/Microsoft.Storage/locations/eastus2/asyncoperations/78d8317b-b6ee-45f1-8af0-e2c6e95c3eeb?monitor=true\u0026api-version=2021-08-01",
      "RequestMethod": "GET",
      "RequestHeaders": {
        "Authorization": "Sanitized",
        "User-Agent": "azsdk-net-ResourceManager/1.0.0-alpha.20220118.1 (.NET Framework 4.8.4420.0; Microsoft Windows 10.0.19043 )",
        "x-ms-client-request-id": "f454e63d64d0e62c330ba9c72c0d46c6",
        "x-ms-return-client-request-id": "true"
      },
      "RequestBody": null,
      "StatusCode": 202,
      "ResponseHeaders": {
        "Cache-Control": "no-cache",
        "Content-Length": "0",
        "Content-Type": "text/plain; charset=utf-8",
        "Date": "Tue, 18 Jan 2022 03:20:20 GMT",
        "Expires": "-1",
        "Location": "https://management.azure.com/subscriptions/db1ab6f0-4769-4b27-930e-01e2ef9c123c/providers/Microsoft.Storage/locations/eastus2/asyncoperations/78d8317b-b6ee-45f1-8af0-e2c6e95c3eeb?monitor=true\u0026api-version=2021-08-01",
        "Pragma": "no-cache",
        "Retry-After": "17",
        "Server": "Microsoft-Azure-Storage-Resource-Provider/1.0,Microsoft-HTTPAPI/2.0 Microsoft-HTTPAPI/2.0",
        "Strict-Transport-Security": "max-age=31536000; includeSubDomains",
        "X-Content-Type-Options": "nosniff",
        "x-ms-client-request-id": "f454e63d64d0e62c330ba9c72c0d46c6",
        "x-ms-correlation-request-id": "4aeb6471-9c32-47d0-a4ff-b87b59b47896",
        "x-ms-ratelimit-remaining-subscription-reads": "11875",
        "x-ms-request-id": "5bb22edc-d124-42b3-b22f-3f2ebaa2e304",
        "x-ms-routing-request-id": "SOUTHEASTASIA:20220118T032020Z:4aeb6471-9c32-47d0-a4ff-b87b59b47896"
      },
      "ResponseBody": []
    },
    {
      "RequestUri": "https://management.azure.com/subscriptions/db1ab6f0-4769-4b27-930e-01e2ef9c123c/providers/Microsoft.Storage/locations/eastus2/asyncoperations/78d8317b-b6ee-45f1-8af0-e2c6e95c3eeb?monitor=true\u0026api-version=2021-08-01",
      "RequestMethod": "GET",
      "RequestHeaders": {
        "Authorization": "Sanitized",
        "User-Agent": "azsdk-net-ResourceManager/1.0.0-alpha.20220118.1 (.NET Framework 4.8.4420.0; Microsoft Windows 10.0.19043 )",
        "x-ms-client-request-id": "690e6016ec0f832086494e9c798ebc9c",
        "x-ms-return-client-request-id": "true"
      },
      "RequestBody": null,
      "StatusCode": 200,
      "ResponseHeaders": {
        "Cache-Control": "no-cache",
        "Content-Length": "1345",
        "Content-Type": "application/json",
        "Date": "Tue, 18 Jan 2022 03:20:37 GMT",
        "Expires": "-1",
        "Pragma": "no-cache",
        "Server": "Microsoft-Azure-Storage-Resource-Provider/1.0,Microsoft-HTTPAPI/2.0 Microsoft-HTTPAPI/2.0",
        "Strict-Transport-Security": "max-age=31536000; includeSubDomains",
        "X-Content-Type-Options": "nosniff",
        "x-ms-client-request-id": "690e6016ec0f832086494e9c798ebc9c",
        "x-ms-correlation-request-id": "d6c3a485-8d04-4ec5-941b-3c72740b9f56",
        "x-ms-ratelimit-remaining-subscription-reads": "11874",
        "x-ms-request-id": "4c183cf7-bf24-4d2b-9b4a-fe375fa0a9be",
        "x-ms-routing-request-id": "SOUTHEASTASIA:20220118T032038Z:d6c3a485-8d04-4ec5-941b-3c72740b9f56"
      },
      "ResponseBody": {
        "sku": {
          "name": "Standard_GRS",
          "tier": "Standard"
        },
        "kind": "Storage",
        "id": "/subscriptions/db1ab6f0-4769-4b27-930e-01e2ef9c123c/resourceGroups/teststorageRG-467/providers/Microsoft.Storage/storageAccounts/teststoragemgmt4415",
        "name": "teststoragemgmt4415",
        "type": "Microsoft.Storage/storageAccounts",
        "location": "eastus2",
        "tags": {
          "key1": "value1",
          "key2": "value2"
        },
        "properties": {
          "keyCreationTime": {
            "key1": "2022-01-18T03:20:18.5764823Z",
            "key2": "2022-01-18T03:20:18.5764823Z"
          },
          "privateEndpointConnections": [],
          "networkAcls": {
            "bypass": "AzureServices",
            "virtualNetworkRules": [],
            "ipRules": [],
            "defaultAction": "Allow"
          },
          "supportsHttpsTrafficOnly": true,
          "encryption": {
            "services": {
              "file": {
                "keyType": "Account",
                "enabled": true,
                "lastEnabledTime": "2022-01-18T03:20:18.5764823Z"
              },
              "blob": {
                "keyType": "Account",
                "enabled": true,
                "lastEnabledTime": "2022-01-18T03:20:18.5764823Z"
              }
            },
            "keySource": "Microsoft.Storage"
          },
          "provisioningState": "Succeeded",
          "creationTime": "2022-01-18T03:20:18.3733705Z",
          "primaryEndpoints": {
            "blob": "https://teststoragemgmt4415.blob.core.windows.net/",
            "queue": "https://teststoragemgmt4415.queue.core.windows.net/",
            "table": "https://teststoragemgmt4415.table.core.windows.net/",
            "file": "https://teststoragemgmt4415.file.core.windows.net/"
          },
          "primaryLocation": "eastus2",
          "statusOfPrimary": "available",
          "secondaryLocation": "centralus",
          "statusOfSecondary": "available"
        }
      }
    },
    {
      "RequestUri": "https://management.azure.com/subscriptions/db1ab6f0-4769-4b27-930e-01e2ef9c123c/resourceGroups/teststorageRG-467/providers/Microsoft.Storage/storageAccounts/teststoragemgmt4415/queueServices/default?api-version=2021-08-01",
      "RequestMethod": "GET",
      "RequestHeaders": {
        "Accept": "application/json",
        "Authorization": "Sanitized",
        "User-Agent": "azsdk-net-ResourceManager.Storage/1.0.0-alpha.20220118.1 (.NET Framework 4.8.4420.0; Microsoft Windows 10.0.19043 )",
        "x-ms-client-request-id": "901996f5eaef71b5c96b8ba797ce589f",
        "x-ms-return-client-request-id": "true"
      },
      "RequestBody": null,
      "StatusCode": 200,
      "ResponseHeaders": {
        "Cache-Control": "no-cache",
        "Content-Length": "292",
        "Content-Type": "application/json",
        "Date": "Tue, 18 Jan 2022 03:20:37 GMT",
        "Expires": "-1",
        "Pragma": "no-cache",
        "Server": "Microsoft-Azure-Storage-Resource-Provider/1.0,Microsoft-HTTPAPI/2.0 Microsoft-HTTPAPI/2.0",
        "Strict-Transport-Security": "max-age=31536000; includeSubDomains",
        "X-Content-Type-Options": "nosniff",
        "x-ms-client-request-id": "901996f5eaef71b5c96b8ba797ce589f",
        "x-ms-correlation-request-id": "69e0bf77-e350-443a-a26f-e8bdaa2a5554",
        "x-ms-ratelimit-remaining-subscription-reads": "11873",
        "x-ms-request-id": "a1717ff5-1977-48ea-95ca-9b77ae1328f9",
        "x-ms-routing-request-id": "SOUTHEASTASIA:20220118T032038Z:69e0bf77-e350-443a-a26f-e8bdaa2a5554"
      },
      "ResponseBody": {
        "id": "/subscriptions/db1ab6f0-4769-4b27-930e-01e2ef9c123c/resourceGroups/teststorageRG-467/providers/Microsoft.Storage/storageAccounts/teststoragemgmt4415/queueServices/default",
        "name": "default",
        "type": "Microsoft.Storage/storageAccounts/queueServices",
        "properties": {
          "cors": {
            "corsRules": []
          }
        }
      }
    },
    {
      "RequestUri": "https://management.azure.com/subscriptions/db1ab6f0-4769-4b27-930e-01e2ef9c123c/resourceGroups/teststorageRG-467/providers/Microsoft.Storage/storageAccounts/teststoragemgmt4415/queueServices/default/queues/testqueue6504?api-version=2021-08-01",
      "RequestMethod": "PUT",
      "RequestHeaders": {
        "Accept": "application/json",
        "Authorization": "Sanitized",
        "Content-Length": "17",
        "Content-Type": "application/json",
        "User-Agent": "azsdk-net-ResourceManager.Storage/1.0.0-alpha.20220118.1 (.NET Framework 4.8.4420.0; Microsoft Windows 10.0.19043 )",
        "x-ms-client-request-id": "5c09627ff8bbc651d16e8616906da44e",
        "x-ms-return-client-request-id": "true"
      },
      "RequestBody": {
        "properties": {}
      },
      "StatusCode": 200,
      "ResponseHeaders": {
        "Cache-Control": "no-cache",
        "Content-Length": "316",
        "Content-Type": "application/json",
        "Date": "Tue, 18 Jan 2022 03:20:38 GMT",
        "Expires": "-1",
        "Pragma": "no-cache",
        "Server": "Microsoft-Azure-Storage-Resource-Provider/1.0,Microsoft-HTTPAPI/2.0 Microsoft-HTTPAPI/2.0",
        "Strict-Transport-Security": "max-age=31536000; includeSubDomains",
        "X-Content-Type-Options": "nosniff",
        "x-ms-client-request-id": "5c09627ff8bbc651d16e8616906da44e",
        "x-ms-correlation-request-id": "3caa5ff2-389e-438f-be95-2b2ad518e6d6",
        "x-ms-ratelimit-remaining-subscription-writes": "1163",
        "x-ms-request-id": "0996a73f-68f8-4537-a1ed-c9ebf204ddba",
        "x-ms-routing-request-id": "SOUTHEASTASIA:20220118T032038Z:3caa5ff2-389e-438f-be95-2b2ad518e6d6"
      },
      "ResponseBody": {
        "id": "/subscriptions/db1ab6f0-4769-4b27-930e-01e2ef9c123c/resourceGroups/teststorageRG-467/providers/Microsoft.Storage/storageAccounts/teststoragemgmt4415/queueServices/default/queues/testqueue6504",
        "name": "testqueue6504",
        "type": "Microsoft.Storage/storageAccounts/queueServices/queues",
        "properties": {
          "metadata": {}
        }
      }
    },
    {
      "RequestUri": "https://management.azure.com/subscriptions/db1ab6f0-4769-4b27-930e-01e2ef9c123c/resourceGroups/teststorageRG-467/providers/Microsoft.Storage/storageAccounts/teststoragemgmt4415/queueServices/default/queues/testqueue6504?api-version=2021-08-01",
      "RequestMethod": "PATCH",
      "RequestHeaders": {
        "Accept": "application/json",
        "Authorization": "Sanitized",
        "Content-Length": "61",
        "Content-Type": "application/json",
        "User-Agent": "azsdk-net-ResourceManager.Storage/1.0.0-alpha.20220118.1 (.NET Framework 4.8.4420.0; Microsoft Windows 10.0.19043 )",
        "x-ms-client-request-id": "f496d10dd7b6aa2c9da0a36178ecb7f1",
        "x-ms-return-client-request-id": "true"
      },
      "RequestBody": {
        "properties": {
          "metadata": {
            "key1": "value1",
            "key2": "value2"
          }
        }
      },
      "StatusCode": 200,
      "ResponseHeaders": {
        "Cache-Control": "no-cache",
        "Content-Length": "347",
        "Content-Type": "application/json",
        "Date": "Tue, 18 Jan 2022 03:20:38 GMT",
        "Expires": "-1",
        "Pragma": "no-cache",
        "Server": "Microsoft-Azure-Storage-Resource-Provider/1.0,Microsoft-HTTPAPI/2.0 Microsoft-HTTPAPI/2.0",
        "Strict-Transport-Security": "max-age=31536000; includeSubDomains",
        "X-Content-Type-Options": "nosniff",
        "x-ms-client-request-id": "f496d10dd7b6aa2c9da0a36178ecb7f1",
        "x-ms-correlation-request-id": "1f8b3f37-5738-4871-918d-e8a539332ee0",
        "x-ms-ratelimit-remaining-subscription-writes": "1162",
        "x-ms-request-id": "278bf9ba-3031-4cc0-89a2-6d193ccecd3c",
        "x-ms-routing-request-id": "SOUTHEASTASIA:20220118T032039Z:1f8b3f37-5738-4871-918d-e8a539332ee0"
      },
      "ResponseBody": {
        "id": "/subscriptions/db1ab6f0-4769-4b27-930e-01e2ef9c123c/resourceGroups/teststorageRG-467/providers/Microsoft.Storage/storageAccounts/teststoragemgmt4415/queueServices/default/queues/testqueue6504",
        "name": "testqueue6504",
        "type": "Microsoft.Storage/storageAccounts/queueServices/queues",
        "properties": {
          "metadata": {
            "key1": "value1",
            "key2": "value2"
          }
        }
      }
    },
    {
      "RequestUri": "https://management.azure.com/subscriptions/db1ab6f0-4769-4b27-930e-01e2ef9c123c/resourceGroups/teststorageRG-467/providers/Microsoft.Storage/storageAccounts?api-version=2021-08-01",
      "RequestMethod": "GET",
      "RequestHeaders": {
        "Accept": "application/json",
        "Authorization": "Sanitized",
        "User-Agent": "azsdk-net-ResourceManager.Storage/1.0.0-alpha.20220118.1 (.NET Framework 4.8.4420.0; Microsoft Windows 10.0.19043 )",
        "x-ms-client-request-id": "2bfa79ae3fb39e3ac8ca1e7b2f5b39fe",
        "x-ms-return-client-request-id": "true"
      },
      "RequestBody": null,
      "StatusCode": 200,
      "ResponseHeaders": {
        "Cache-Control": "no-cache",
        "Content-Length": "1357",
        "Content-Type": "application/json",
        "Date": "Tue, 18 Jan 2022 03:20:39 GMT",
        "Expires": "-1",
        "Pragma": "no-cache",
        "Server": "Microsoft-Azure-Storage-Resource-Provider/1.0,Microsoft-HTTPAPI/2.0 Microsoft-HTTPAPI/2.0",
        "Strict-Transport-Security": "max-age=31536000; includeSubDomains",
        "X-Content-Type-Options": "nosniff",
        "x-ms-client-request-id": "2bfa79ae3fb39e3ac8ca1e7b2f5b39fe",
        "x-ms-correlation-request-id": "2aa79477-34d2-457f-9cd5-e409c1c620c8",
        "x-ms-ratelimit-remaining-subscription-reads": "11872",
        "x-ms-request-id": "d7e63f98-b1f6-4683-8c58-b28967784767",
        "x-ms-routing-request-id": "SOUTHEASTASIA:20220118T032039Z:2aa79477-34d2-457f-9cd5-e409c1c620c8"
      },
      "ResponseBody": {
        "value": [
          {
            "sku": {
              "name": "Standard_GRS",
              "tier": "Standard"
            },
            "kind": "Storage",
            "id": "/subscriptions/db1ab6f0-4769-4b27-930e-01e2ef9c123c/resourceGroups/teststorageRG-467/providers/Microsoft.Storage/storageAccounts/teststoragemgmt4415",
            "name": "teststoragemgmt4415",
            "type": "Microsoft.Storage/storageAccounts",
            "location": "eastus2",
            "tags": {
              "key1": "value1",
              "key2": "value2"
            },
            "properties": {
              "keyCreationTime": {
                "key1": "2022-01-18T03:20:18.5764823Z",
                "key2": "2022-01-18T03:20:18.5764823Z"
              },
              "privateEndpointConnections": [],
              "networkAcls": {
                "bypass": "AzureServices",
                "virtualNetworkRules": [],
                "ipRules": [],
                "defaultAction": "Allow"
              },
              "supportsHttpsTrafficOnly": true,
              "encryption": {
                "services": {
                  "file": {
                    "keyType": "Account",
                    "enabled": true,
                    "lastEnabledTime": "2022-01-18T03:20:18.5764823Z"
                  },
                  "blob": {
                    "keyType": "Account",
                    "enabled": true,
                    "lastEnabledTime": "2022-01-18T03:20:18.5764823Z"
                  }
                },
                "keySource": "Microsoft.Storage"
              },
              "provisioningState": "Succeeded",
              "creationTime": "2022-01-18T03:20:18.3733705Z",
              "primaryEndpoints": {
                "blob": "https://teststoragemgmt4415.blob.core.windows.net/",
                "queue": "https://teststoragemgmt4415.queue.core.windows.net/",
                "table": "https://teststoragemgmt4415.table.core.windows.net/",
                "file": "https://teststoragemgmt4415.file.core.windows.net/"
              },
              "primaryLocation": "eastus2",
              "statusOfPrimary": "available",
              "secondaryLocation": "centralus",
              "statusOfSecondary": "available"
            }
          }
        ]
      }
    },
    {
      "RequestUri": "https://management.azure.com/subscriptions/db1ab6f0-4769-4b27-930e-01e2ef9c123c/resourceGroups/teststorageRG-467/providers/Microsoft.Storage/storageAccounts/teststoragemgmt4415?api-version=2021-08-01",
      "RequestMethod": "DELETE",
      "RequestHeaders": {
        "Authorization": "Sanitized",
        "User-Agent": "azsdk-net-ResourceManager.Storage/1.0.0-alpha.20220118.1 (.NET Framework 4.8.4420.0; Microsoft Windows 10.0.19043 )",
        "x-ms-client-request-id": "fc8959e6abc2a76c365ebf1b54f04de5",
        "x-ms-return-client-request-id": "true"
      },
      "RequestBody": null,
      "StatusCode": 200,
      "ResponseHeaders": {
        "Cache-Control": "no-cache",
        "Content-Length": "0",
        "Content-Type": "text/plain; charset=utf-8",
        "Date": "Tue, 18 Jan 2022 03:20:44 GMT",
        "Expires": "-1",
        "Pragma": "no-cache",
        "Server": "Microsoft-Azure-Storage-Resource-Provider/1.0,Microsoft-HTTPAPI/2.0 Microsoft-HTTPAPI/2.0",
        "Strict-Transport-Security": "max-age=31536000; includeSubDomains",
        "X-Content-Type-Options": "nosniff",
        "x-ms-client-request-id": "fc8959e6abc2a76c365ebf1b54f04de5",
        "x-ms-correlation-request-id": "df2cb2e9-abb8-4c84-9ab0-a0ad328ff66f",
        "x-ms-ratelimit-remaining-subscription-deletes": "14970",
        "x-ms-request-id": "412572c9-ee46-49f8-b509-640c3e6fbc93",
        "x-ms-routing-request-id": "SOUTHEASTASIA:20220118T032044Z:df2cb2e9-abb8-4c84-9ab0-a0ad328ff66f"
      },
      "ResponseBody": []
    }
  ],
  "Variables": {
    "RandomSeed": "1929143144",
    "RESOURCE_MANAGER_URL": null,
    "SUBSCRIPTION_ID": "db1ab6f0-4769-4b27-930e-01e2ef9c123c"
  }
}