{
  "Entries": [
    {
      "RequestUri": "https://seanmcccanary3.blob.core.windows.net/test-container-0ea2e431-13a9-11b4-16f5-f3f13c19bc26?restype=container",
      "RequestMethod": "PUT",
      "RequestHeaders": {
        "Accept": "application/xml",
        "Authorization": "Sanitized",
        "traceparent": "00-087a9313d069b847b1b2ff8a1fde72a2-ee145e63f9202047-00",
        "User-Agent": [
          "azsdk-net-Storage.Blobs/12.9.0-alpha.20210217.1",
          "(.NET 5.0.3; Microsoft Windows 10.0.19042)"
        ],
        "x-ms-blob-public-access": "container",
        "x-ms-client-request-id": "fd31221c-500d-0f7c-92e5-6b8596a56e95",
        "x-ms-date": "Wed, 17 Feb 2021 19:00:33 GMT",
        "x-ms-return-client-request-id": "true",
        "x-ms-version": "2021-04-10"
      },
      "RequestBody": null,
      "StatusCode": 201,
      "ResponseHeaders": {
        "Content-Length": "0",
        "Date": "Wed, 17 Feb 2021 19:00:33 GMT",
        "ETag": "\"0x8D8D3764DB8A4E8\"",
        "Last-Modified": "Wed, 17 Feb 2021 19:00:33 GMT",
        "Server": [
          "Windows-Azure-Blob/1.0",
          "Microsoft-HTTPAPI/2.0"
        ],
        "x-ms-client-request-id": "fd31221c-500d-0f7c-92e5-6b8596a56e95",
        "x-ms-request-id": "ecf22fcb-501e-0064-755f-052b5a000000",
        "x-ms-version": "2021-04-10"
      },
      "ResponseBody": []
    },
    {
      "RequestUri": "https://seanmcccanary3.blob.core.windows.net/test-container-0ea2e431-13a9-11b4-16f5-f3f13c19bc26/test-blob-cbc99f93-da2e-c1b0-0dfd-c20c06da04de",
      "RequestMethod": "PUT",
      "RequestHeaders": {
        "Accept": "application/xml",
        "Authorization": "Sanitized",
        "If-None-Match": "*",
        "traceparent": "00-cd4b6f21401dac4494d46f411f69f65a-0d999a98fb863745-00",
        "User-Agent": [
          "azsdk-net-Storage.Blobs/12.9.0-alpha.20210217.1",
          "(.NET 5.0.3; Microsoft Windows 10.0.19042)"
        ],
        "x-ms-blob-content-length": "4096",
        "x-ms-blob-sequence-number": "0",
        "x-ms-blob-type": "PageBlob",
        "x-ms-client-request-id": "6d45772d-196f-41f7-7270-ef108e6f09b8",
        "x-ms-date": "Wed, 17 Feb 2021 19:00:33 GMT",
        "x-ms-return-client-request-id": "true",
        "x-ms-version": "2021-04-10"
      },
      "RequestBody": null,
      "StatusCode": 201,
      "ResponseHeaders": {
        "Content-Length": "0",
        "Date": "Wed, 17 Feb 2021 19:00:33 GMT",
        "ETag": "\"0x8D8D3764DC136F3\"",
        "Last-Modified": "Wed, 17 Feb 2021 19:00:33 GMT",
        "Server": [
          "Windows-Azure-Blob/1.0",
          "Microsoft-HTTPAPI/2.0"
        ],
        "x-ms-client-request-id": "6d45772d-196f-41f7-7270-ef108e6f09b8",
        "x-ms-request-id": "ecf22fd7-501e-0064-7d5f-052b5a000000",
        "x-ms-request-server-encrypted": "true",
        "x-ms-version": "2021-04-10",
        "x-ms-version-id": "2021-02-17T19:00:33.7034995Z"
      },
      "ResponseBody": []
    },
    {
      "RequestUri": "https://seanmcccanary3.blob.core.windows.net/test-container-0ea2e431-13a9-11b4-16f5-f3f13c19bc26/test-blob-cbc99f93-da2e-c1b0-0dfd-c20c06da04de?comp=page",
      "RequestMethod": "PUT",
      "RequestHeaders": {
        "Accept": "application/xml",
        "Authorization": "Sanitized",
        "traceparent": "00-5a78a400a75e48458f970909293ff288-7d6cbd177f4d7c45-00",
        "User-Agent": [
          "azsdk-net-Storage.Blobs/12.9.0-alpha.20210217.1",
          "(.NET 5.0.3; Microsoft Windows 10.0.19042)"
        ],
        "x-ms-client-request-id": "8edf1bee-9694-f76e-d693-a778cf077b4d",
        "x-ms-date": "Wed, 17 Feb 2021 19:00:33 GMT",
        "x-ms-if-tags": "\"coolTag\" = 'true'",
        "x-ms-page-write": "clear",
        "x-ms-range": "bytes=0-1023",
        "x-ms-return-client-request-id": "true",
        "x-ms-version": "2021-04-10"
      },
      "RequestBody": null,
      "StatusCode": 412,
      "ResponseHeaders": {
        "Content-Length": "252",
        "Content-Type": "application/xml",
        "Date": "Wed, 17 Feb 2021 19:00:34 GMT",
        "Server": [
          "Windows-Azure-Blob/1.0",
          "Microsoft-HTTPAPI/2.0"
        ],
        "x-ms-client-request-id": "8edf1bee-9694-f76e-d693-a778cf077b4d",
        "x-ms-error-code": "ConditionNotMet",
        "x-ms-request-id": "ecf22fe5-501e-0064-045f-052b5a000000",
        "x-ms-version": "2021-04-10"
      },
      "ResponseBody": [
        "﻿<?xml version=\"1.0\" encoding=\"utf-8\"?><Error><Code>ConditionNotMet</Code><Message>The condition specified using HTTP conditional header(s) is not met.\n",
        "RequestId:ecf22fe5-501e-0064-045f-052b5a000000\n",
        "Time:2021-02-17T19:00:34.6180195Z</Message></Error>"
      ]
    },
    {
      "RequestUri": "https://seanmcccanary3.blob.core.windows.net/test-container-0ea2e431-13a9-11b4-16f5-f3f13c19bc26?restype=container",
      "RequestMethod": "DELETE",
      "RequestHeaders": {
        "Accept": "application/xml",
        "Authorization": "Sanitized",
        "traceparent": "00-dc9e9eed8980b744b75236b6609d7a04-9240db8e9a52d148-00",
        "User-Agent": [
          "azsdk-net-Storage.Blobs/12.9.0-alpha.20210217.1",
          "(.NET 5.0.3; Microsoft Windows 10.0.19042)"
        ],
        "x-ms-client-request-id": "722234b4-7a90-4a23-1e7d-f13cac34057e",
        "x-ms-date": "Wed, 17 Feb 2021 19:00:34 GMT",
        "x-ms-return-client-request-id": "true",
        "x-ms-version": "2021-04-10"
      },
      "RequestBody": null,
      "StatusCode": 202,
      "ResponseHeaders": {
        "Content-Length": "0",
        "Date": "Wed, 17 Feb 2021 19:00:34 GMT",
        "Server": [
          "Windows-Azure-Blob/1.0",
          "Microsoft-HTTPAPI/2.0"
        ],
        "x-ms-client-request-id": "722234b4-7a90-4a23-1e7d-f13cac34057e",
        "x-ms-request-id": "ecf230a3-501e-0064-0b5f-052b5a000000",
        "x-ms-version": "2021-04-10"
      },
      "ResponseBody": []
    }
  ],
  "Variables": {
    "RandomSeed": "941528448",
    "Storage_TestConfigDefault": "ProductionTenant\nseanmcccanary3\nU2FuaXRpemVk\nhttps://seanmcccanary3.blob.core.windows.net\nhttps://seanmcccanary3.file.core.windows.net\nhttps://seanmcccanary3.queue.core.windows.net\nhttps://seanmcccanary3.table.core.windows.net\n\n\n\n\nhttps://seanmcccanary3-secondary.blob.core.windows.net\nhttps://seanmcccanary3-secondary.file.core.windows.net\nhttps://seanmcccanary3-secondary.queue.core.windows.net\nhttps://seanmcccanary3-secondary.table.core.windows.net\n\nSanitized\n\n\nCloud\nBlobEndpoint=https://seanmcccanary3.blob.core.windows.net/;QueueEndpoint=https://seanmcccanary3.queue.core.windows.net/;FileEndpoint=https://seanmcccanary3.file.core.windows.net/;BlobSecondaryEndpoint=https://seanmcccanary3-secondary.blob.core.windows.net/;QueueSecondaryEndpoint=https://seanmcccanary3-secondary.queue.core.windows.net/;FileSecondaryEndpoint=https://seanmcccanary3-secondary.file.core.windows.net/;AccountName=seanmcccanary3;AccountKey=Kg==;\nseanscope1\n\n"
  }
}