{
  "Entries": [
    {
      "RequestUri": "http://storageteglazatesting.blob.core.windows.net/test-container-172b0b45-1c7b-a6ac-a239-f87b855efb07?restype=container",
      "RequestMethod": "PUT",
      "RequestHeaders": {
        "Authorization": "Sanitized",
        "User-Agent": [
          "azsdk-net-Storage.Blobs/1.0.0.0",
          "(.NET Core 4.6.27414.06; Microsoft Windows 10.0.18362 )"
        ],
        "x-ms-blob-public-access": "container",
        "x-ms-client-request-id": "31b6536cdec9948d44fbbbc0d712064f",
        "x-ms-date": "Mon, 01 Jul 2019 21:56:53 GMT",
        "x-ms-return-client-request-id": "true",
        "x-ms-version": "2018-11-09"
      },
      "RequestBody": null,
      "StatusCode": 201,
      "ResponseHeaders": {
        "Content-Length": "0",
        "Date": "Mon, 01 Jul 2019 21:56:53 GMT",
        "ETag": "\u00220x8D6FE6F074D4825\u0022",
        "Last-Modified": "Mon, 01 Jul 2019 21:56:53 GMT",
        "Server": [
          "Windows-Azure-Blob/1.0",
          "Microsoft-HTTPAPI/2.0"
        ],
        "x-ms-request-id": "6f4f5c12-601e-0037-6d57-309fa2000000",
        "x-ms-version": "2018-11-09"
      },
      "ResponseBody": null
    },
    {
      "RequestUri": "http://storageteglazatesting.blob.core.windows.net/test-container-172b0b45-1c7b-a6ac-a239-f87b855efb07/test-blob-2e234cd6-afff-e609-25ab-299a9410e3bd",
      "RequestMethod": "PUT",
      "RequestHeaders": {
        "Authorization": "Sanitized",
        "Content-Length": "0",
        "User-Agent": [
          "azsdk-net-Storage.Blobs/1.0.0.0",
          "(.NET Core 4.6.27414.06; Microsoft Windows 10.0.18362 )"
        ],
        "x-ms-blob-content-length": "4096",
        "x-ms-blob-sequence-number": "0",
        "x-ms-blob-type": "PageBlob",
        "x-ms-client-request-id": "d4757fefcb38660d7e97d37f60ecce90",
        "x-ms-date": "Mon, 01 Jul 2019 21:56:53 GMT",
        "x-ms-return-client-request-id": "true",
        "x-ms-version": "2018-11-09"
      },
      "RequestBody": null,
      "StatusCode": 201,
      "ResponseHeaders": {
        "Content-Length": "0",
        "Date": "Mon, 01 Jul 2019 21:56:53 GMT",
        "ETag": "\u00220x8D6FE6F074F93FB\u0022",
        "Last-Modified": "Mon, 01 Jul 2019 21:56:53 GMT",
        "Server": [
          "Windows-Azure-Blob/1.0",
          "Microsoft-HTTPAPI/2.0"
        ],
        "x-ms-request-id": "6f4f5c20-601e-0037-7957-309fa2000000",
        "x-ms-request-server-encrypted": "true",
        "x-ms-version": "2018-11-09"
      },
      "ResponseBody": null
    },
    {
      "RequestUri": "http://storageteglazatesting.blob.core.windows.net/test-container-172b0b45-1c7b-a6ac-a239-f87b855efb07/test-blob-2e234cd6-afff-e609-25ab-299a9410e3bd?comp=page",
      "RequestMethod": "PUT",
      "RequestHeaders": {
        "Authorization": "Sanitized",
        "Content-Length": "0",
        "User-Agent": [
          "azsdk-net-Storage.Blobs/1.0.0.0",
          "(.NET Core 4.6.27414.06; Microsoft Windows 10.0.18362 )"
        ],
        "x-ms-client-request-id": "39a4a833cc3abd074acf0c1eb5f3ff34",
        "x-ms-date": "Mon, 01 Jul 2019 21:56:53 GMT",
        "x-ms-page-write": "clear",
        "x-ms-range": "bytes=5120-6143",
        "x-ms-return-client-request-id": "true",
        "x-ms-version": "2018-11-09"
      },
      "RequestBody": null,
      "StatusCode": 416,
      "ResponseHeaders": {
        "Content-Length": "221",
        "Content-Type": "application/xml",
        "Date": "Mon, 01 Jul 2019 21:56:53 GMT",
        "Server": [
          "Windows-Azure-Blob/1.0",
          "Microsoft-HTTPAPI/2.0"
        ],
        "x-ms-error-code": "InvalidPageRange",
        "x-ms-request-id": "6f4f5c2a-601e-0037-0357-309fa2000000",
        "x-ms-version": "2018-11-09"
      },
      "ResponseBody": [
        "\ufeff\u003c?xml version=\u00221.0\u0022 encoding=\u0022utf-8\u0022?\u003e\u003cError\u003e\u003cCode\u003eInvalidPageRange\u003c/Code\u003e\u003cMessage\u003eThe page range specified is invalid.\n",
        "RequestId:6f4f5c2a-601e-0037-0357-309fa2000000\n",
        "Time:2019-07-01T21:56:53.7124363Z\u003c/Message\u003e\u003c/Error\u003e"
      ]
    },
    {
      "RequestUri": "http://storageteglazatesting.blob.core.windows.net/test-container-172b0b45-1c7b-a6ac-a239-f87b855efb07?restype=container",
      "RequestMethod": "DELETE",
      "RequestHeaders": {
        "Authorization": "Sanitized",
        "User-Agent": [
          "azsdk-net-Storage.Blobs/1.0.0.0",
          "(.NET Core 4.6.27414.06; Microsoft Windows 10.0.18362 )"
        ],
        "x-ms-client-request-id": "58d1fe17319c0b173ebdb068db898539",
        "x-ms-date": "Mon, 01 Jul 2019 21:56:53 GMT",
        "x-ms-return-client-request-id": "true",
        "x-ms-version": "2018-11-09"
      },
      "RequestBody": null,
      "StatusCode": 202,
      "ResponseHeaders": {
        "Content-Length": "0",
        "Date": "Mon, 01 Jul 2019 21:56:53 GMT",
        "Server": [
          "Windows-Azure-Blob/1.0",
          "Microsoft-HTTPAPI/2.0"
        ],
        "x-ms-request-id": "6f4f5c35-601e-0037-0c57-309fa2000000",
        "x-ms-version": "2018-11-09"
      },
      "ResponseBody": null
    }
  ],
  "Variables": {
    "RandomSeed": "1973145146"
  }
}