{
  "Entries": [
    {
      "RequestUri": "https://seanmcccanary3.blob.core.windows.net/test-container-dde0d1a5-bfe0-4931-e5a4-d3a7e02157f8?restype=container",
      "RequestMethod": "PUT",
      "RequestHeaders": {
        "Accept": "application/xml",
        "Authorization": "Sanitized",
        "traceparent": "00-67d849af41ee154ba3d4357b6d957869-39b7985d59417d4a-00",
        "User-Agent": [
          "azsdk-net-Storage.Blobs/12.9.0-alpha.20210217.1",
          "(.NET 5.0.3; Microsoft Windows 10.0.19042)"
        ],
        "x-ms-blob-public-access": "container",
        "x-ms-client-request-id": "959f5dad-3cf8-292e-ded7-3688dfd52ecf",
        "x-ms-date": "Wed, 17 Feb 2021 19:03:05 GMT",
        "x-ms-return-client-request-id": "true",
        "x-ms-version": "2021-04-10"
      },
      "RequestBody": null,
      "StatusCode": 201,
      "ResponseHeaders": {
        "Content-Length": "0",
        "Date": "Wed, 17 Feb 2021 19:03:04 GMT",
        "ETag": "\"0x8D8D376A8503BB8\"",
        "Last-Modified": "Wed, 17 Feb 2021 19:03:05 GMT",
        "Server": [
          "Windows-Azure-Blob/1.0",
          "Microsoft-HTTPAPI/2.0"
        ],
        "x-ms-client-request-id": "959f5dad-3cf8-292e-ded7-3688dfd52ecf",
        "x-ms-request-id": "f8251428-601e-006f-2c5f-05d031000000",
        "x-ms-version": "2021-04-10"
      },
      "ResponseBody": []
    },
    {
      "RequestUri": "https://seanmcccanary3.blob.core.windows.net/test-container-dde0d1a5-bfe0-4931-e5a4-d3a7e02157f8/test-blob-d300c58c-898f-ff8e-748e-cab76cf573f7",
      "RequestMethod": "PUT",
      "RequestHeaders": {
        "Accept": "application/xml",
        "Authorization": "Sanitized",
        "traceparent": "00-6a6ee491121fd84089651b3bdfd75f0b-713a9dce38ca4447-00",
        "User-Agent": [
          "azsdk-net-Storage.Blobs/12.9.0-alpha.20210217.1",
          "(.NET 5.0.3; Microsoft Windows 10.0.19042)"
        ],
        "x-ms-blob-content-length": "1024",
        "x-ms-blob-type": "PageBlob",
        "x-ms-client-request-id": "10b083fa-80ed-23c5-cfa0-216a7176bde8",
        "x-ms-date": "Wed, 17 Feb 2021 19:03:05 GMT",
        "x-ms-return-client-request-id": "true",
        "x-ms-tags": "tagKey0=tagValue0&tagKey1=tagValue1",
        "x-ms-version": "2021-04-10"
      },
      "RequestBody": null,
      "StatusCode": 201,
      "ResponseHeaders": {
        "Content-Length": "0",
        "Date": "Wed, 17 Feb 2021 19:03:04 GMT",
        "ETag": "\"0x8D8D376A85CAF72\"",
        "Last-Modified": "Wed, 17 Feb 2021 19:03:05 GMT",
        "Server": [
          "Windows-Azure-Blob/1.0",
          "Microsoft-HTTPAPI/2.0"
        ],
        "x-ms-client-request-id": "10b083fa-80ed-23c5-cfa0-216a7176bde8",
        "x-ms-request-id": "f8251441-601e-006f-3c5f-05d031000000",
        "x-ms-request-server-encrypted": "true",
        "x-ms-version": "2021-04-10",
        "x-ms-version-id": "2021-02-17T19:03:05.7173362Z"
      },
      "ResponseBody": []
    },
    {
      "RequestUri": "https://seanmcccanary3.blob.core.windows.net/test-container-dde0d1a5-bfe0-4931-e5a4-d3a7e02157f8/test-blob-d300c58c-898f-ff8e-748e-cab76cf573f7?comp=tags",
      "RequestMethod": "GET",
      "RequestHeaders": {
        "Accept": "application/xml",
        "Authorization": "Sanitized",
        "traceparent": "00-0ebb4903139dac4ab426ad441370bbc0-b11d275cf6ed9e46-00",
        "User-Agent": [
          "azsdk-net-Storage.Blobs/12.9.0-alpha.20210217.1",
          "(.NET 5.0.3; Microsoft Windows 10.0.19042)"
        ],
        "x-ms-client-request-id": "e8bc8e1c-6345-cf09-b9d6-b4e1a095a1da",
        "x-ms-date": "Wed, 17 Feb 2021 19:03:05 GMT",
        "x-ms-return-client-request-id": "true",
        "x-ms-version": "2021-04-10"
      },
      "RequestBody": null,
      "StatusCode": 200,
      "ResponseHeaders": {
        "Content-Length": "178",
        "Content-Type": "application/xml",
        "Date": "Wed, 17 Feb 2021 19:03:05 GMT",
        "Server": [
          "Windows-Azure-Blob/1.0",
          "Microsoft-HTTPAPI/2.0"
        ],
        "x-ms-client-request-id": "e8bc8e1c-6345-cf09-b9d6-b4e1a095a1da",
        "x-ms-request-id": "f8251452-601e-006f-4d5f-05d031000000",
        "x-ms-version": "2021-04-10"
      },
      "ResponseBody": [
        "﻿<?xml version=\"1.0\" encoding=\"utf-8\"?>\n",
        "<Tags><TagSet><Tag><Key>tagKey0</Key><Value>tagValue0</Value></Tag><Tag><Key>tagKey1</Key><Value>tagValue1</Value></Tag></TagSet></Tags>"
      ]
    },
    {
      "RequestUri": "https://seanmcccanary3.blob.core.windows.net/test-container-dde0d1a5-bfe0-4931-e5a4-d3a7e02157f8?restype=container",
      "RequestMethod": "DELETE",
      "RequestHeaders": {
        "Accept": "application/xml",
        "Authorization": "Sanitized",
        "traceparent": "00-56bd271869371c4e98b13b1346429133-1ebfe65e8d449741-00",
        "User-Agent": [
          "azsdk-net-Storage.Blobs/12.9.0-alpha.20210217.1",
          "(.NET 5.0.3; Microsoft Windows 10.0.19042)"
        ],
        "x-ms-client-request-id": "e34d8211-d4b9-00a3-3469-a604f66d292f",
        "x-ms-date": "Wed, 17 Feb 2021 19:03:06 GMT",
        "x-ms-return-client-request-id": "true",
        "x-ms-version": "2021-04-10"
      },
      "RequestBody": null,
      "StatusCode": 202,
      "ResponseHeaders": {
        "Content-Length": "0",
        "Date": "Wed, 17 Feb 2021 19:03:05 GMT",
        "Server": [
          "Windows-Azure-Blob/1.0",
          "Microsoft-HTTPAPI/2.0"
        ],
        "x-ms-client-request-id": "e34d8211-d4b9-00a3-3469-a604f66d292f",
        "x-ms-request-id": "f82514de-601e-006f-415f-05d031000000",
        "x-ms-version": "2021-04-10"
      },
      "ResponseBody": []
    }
  ],
  "Variables": {
    "RandomSeed": "1823816176",
    "Storage_TestConfigDefault": "ProductionTenant\nseanmcccanary3\nU2FuaXRpemVk\nhttps://seanmcccanary3.blob.core.windows.net\nhttps://seanmcccanary3.file.core.windows.net\nhttps://seanmcccanary3.queue.core.windows.net\nhttps://seanmcccanary3.table.core.windows.net\n\n\n\n\nhttps://seanmcccanary3-secondary.blob.core.windows.net\nhttps://seanmcccanary3-secondary.file.core.windows.net\nhttps://seanmcccanary3-secondary.queue.core.windows.net\nhttps://seanmcccanary3-secondary.table.core.windows.net\n\nSanitized\n\n\nCloud\nBlobEndpoint=https://seanmcccanary3.blob.core.windows.net/;QueueEndpoint=https://seanmcccanary3.queue.core.windows.net/;FileEndpoint=https://seanmcccanary3.file.core.windows.net/;BlobSecondaryEndpoint=https://seanmcccanary3-secondary.blob.core.windows.net/;QueueSecondaryEndpoint=https://seanmcccanary3-secondary.queue.core.windows.net/;FileSecondaryEndpoint=https://seanmcccanary3-secondary.file.core.windows.net/;AccountName=seanmcccanary3;AccountKey=Kg==;\nseanscope1\n\n"
  }
}