{
  "Entries": [
    {
      "RequestUri": "http://amandacanary.blob.core.windows.net/test-container-3fe9f634-0d0a-6a34-d80d-d24fd803deea?restype=container",
      "RequestMethod": "PUT",
      "RequestHeaders": {
        "Authorization": "Sanitized",
        "traceparent": "00-55f76b5517f61842a08a885d132e2844-fc9fc9cca2834341-00",
        "User-Agent": [
          "azsdk-net-Storage.Blobs/12.5.0-dev.20200426.1",
          "(.NET Core 4.6.28619.01; Microsoft Windows 10.0.18363 )"
        ],
        "x-ms-blob-public-access": "container",
        "x-ms-client-request-id": "a85f1140-ea20-e4c4-1031-d890ae653972",
        "x-ms-date": "Mon, 27 Apr 2020 16:23:07 GMT",
        "x-ms-return-client-request-id": "true",
        "x-ms-version": "2019-12-12"
      },
      "RequestBody": null,
      "StatusCode": 201,
      "ResponseHeaders": {
        "Content-Length": "0",
        "Date": "Mon, 27 Apr 2020 16:23:07 GMT",
        "ETag": "\u00220x8D7EAC7451426B3\u0022",
        "Last-Modified": "Mon, 27 Apr 2020 16:23:07 GMT",
        "Server": [
          "Windows-Azure-Blob/1.0",
          "Microsoft-HTTPAPI/2.0"
        ],
        "x-ms-client-request-id": "a85f1140-ea20-e4c4-1031-d890ae653972",
        "x-ms-request-id": "3af3faba-001e-0021-29b0-1c01d2000000",
        "x-ms-version": "2019-12-12"
      },
      "ResponseBody": []
    },
    {
      "RequestUri": "https://amandacanary.blob.core.windows.net/test-container-3fe9f634-0d0a-6a34-d80d-d24fd803deea/test-blob-50bc7594-c2d5-b53b-de0e-64e79fb7f0d1",
      "RequestMethod": "PUT",
      "RequestHeaders": {
        "Authorization": "Sanitized",
        "Content-Length": "0",
        "traceparent": "00-fac08947867de546bac121a50b6ce3e0-66ed9c4dbf267543-00",
        "User-Agent": [
          "azsdk-net-Storage.Blobs/12.5.0-dev.20200426.1",
          "(.NET Core 4.6.28619.01; Microsoft Windows 10.0.18363 )"
        ],
        "x-ms-blob-content-length": "1024",
        "x-ms-blob-type": "PageBlob",
        "x-ms-client-request-id": "03e8faea-3c4a-7d24-d6aa-ca1185dd4559",
        "x-ms-date": "Mon, 27 Apr 2020 16:23:07 GMT",
        "x-ms-return-client-request-id": "true",
        "x-ms-version": "2019-12-12"
      },
      "RequestBody": null,
      "StatusCode": 201,
      "ResponseHeaders": {
        "Content-Length": "0",
        "Date": "Mon, 27 Apr 2020 16:23:07 GMT",
        "ETag": "\u00220x8D7EAC745407919\u0022",
        "Last-Modified": "Mon, 27 Apr 2020 16:23:07 GMT",
        "Server": [
          "Windows-Azure-Blob/1.0",
          "Microsoft-HTTPAPI/2.0"
        ],
        "x-ms-client-request-id": "03e8faea-3c4a-7d24-d6aa-ca1185dd4559",
        "x-ms-request-id": "b9b27329-301e-0015-0bb0-1c321a000000",
        "x-ms-request-server-encrypted": "true",
        "x-ms-version": "2019-12-12"
      },
      "ResponseBody": []
    },
    {
      "RequestUri": "http://amandacanary.blob.core.windows.net/test-container-3fe9f634-0d0a-6a34-d80d-d24fd803deea?restype=container",
      "RequestMethod": "DELETE",
      "RequestHeaders": {
        "Authorization": "Sanitized",
        "traceparent": "00-aa8d7ba025041147bcf8bab85dfa0b52-28f194357f89bc47-00",
        "User-Agent": [
          "azsdk-net-Storage.Blobs/12.5.0-dev.20200426.1",
          "(.NET Core 4.6.28619.01; Microsoft Windows 10.0.18363 )"
        ],
        "x-ms-client-request-id": "a4fcf0e2-edce-4486-b391-f0f96bb810ee",
        "x-ms-date": "Mon, 27 Apr 2020 16:23:07 GMT",
        "x-ms-return-client-request-id": "true",
        "x-ms-version": "2019-12-12"
      },
      "RequestBody": null,
      "StatusCode": 202,
      "ResponseHeaders": {
        "Content-Length": "0",
        "Date": "Mon, 27 Apr 2020 16:23:07 GMT",
        "Server": [
          "Windows-Azure-Blob/1.0",
          "Microsoft-HTTPAPI/2.0"
        ],
        "x-ms-client-request-id": "a4fcf0e2-edce-4486-b391-f0f96bb810ee",
        "x-ms-request-id": "3af3facc-001e-0021-33b0-1c01d2000000",
        "x-ms-version": "2019-12-12"
      },
      "ResponseBody": []
    }
  ],
  "Variables": {
    "RandomSeed": "346068097",
    "Storage_TestConfigDefault": "ProductionTenant\namandacanary\nU2FuaXRpemVk\nhttp://amandacanary.blob.core.windows.net\nhttp://amandacanary.file.core.windows.net\nhttp://amandacanary.queue.core.windows.net\nhttp://amandacanary.table.core.windows.net\n\n\n\n\nhttp://amandacanary-secondary.blob.core.windows.net\nhttp://amandacanary-secondary.file.core.windows.net\nhttp://amandacanary-secondary.queue.core.windows.net\nhttp://amandacanary-secondary.table.core.windows.net\n\nSanitized\n\n\nCloud\nBlobEndpoint=http://amandacanary.blob.core.windows.net/;QueueEndpoint=http://amandacanary.queue.core.windows.net/;FileEndpoint=http://amandacanary.file.core.windows.net/;BlobSecondaryEndpoint=http://amandacanary-secondary.blob.core.windows.net/;QueueSecondaryEndpoint=http://amandacanary-secondary.queue.core.windows.net/;FileSecondaryEndpoint=http://amandacanary-secondary.file.core.windows.net/;AccountName=amandacanary;AccountKey=Sanitized\n\nDefaultEndpointsProtocol=https;AccountName=ortestsaccountcbn1;AccountKey=OrRfzSm3ktQSklAGiL90/QusS7SdS6Y5S/AJoxZEeyKYDtnue7OKYIMLOraTnT4xcOyhYbqzWVmtTKappcc5Fg==;EndpointSuffix=core.windows.net\nDefaultEndpointsProtocol=https;AccountName=vbalaorcentral1;AccountKey=vlHMz/LZ3Sx7r/1bdTQT26pG0tqORQ4uTIcxGhHB0LQhIhqGxfv2TXV7u\u002BI2ra4UWXrWGGHG2N6l\u002BBfb5FgAcQ==;EndpointSuffix=core.windows.net"
  }
}