{
  "Entries": [
    {
      "RequestUri": "http://amandadev2.blob.core.windows.net/test-container-059085fc-1eef-f22f-e3d4-962d585ef889?restype=container",
      "RequestMethod": "PUT",
      "RequestHeaders": {
        "Authorization": "Sanitized",
        "traceparent": "00-06eb3264998e4541a61c15065dda494a-19dbbaf58cbeaa45-00",
        "User-Agent": [
          "azsdk-net-Storage.Blobs/12.0.0-dev.20191002.1\u002B33ed27fee62f4db74c02cf40a6294455247e90ec",
          "(.NET Core 4.6.27817.01; Microsoft Windows 10.0.18362 )"
        ],
        "x-ms-blob-public-access": "container",
        "x-ms-client-request-id": "cbe2a3a9-4818-4c36-128b-8671c3bc9163",
        "x-ms-date": "Wed, 02 Oct 2019 19:20:01 GMT",
        "x-ms-return-client-request-id": "true",
        "x-ms-version": "2019-02-02"
      },
      "RequestBody": null,
      "StatusCode": 201,
      "ResponseHeaders": {
        "Content-Length": "0",
        "Date": "Wed, 02 Oct 2019 19:20:00 GMT",
        "ETag": "\u00220x8D7476D857A5C66\u0022",
        "Last-Modified": "Wed, 02 Oct 2019 19:20:01 GMT",
        "Server": [
          "Windows-Azure-Blob/1.0",
          "Microsoft-HTTPAPI/2.0"
        ],
        "x-ms-client-request-id": "cbe2a3a9-4818-4c36-128b-8671c3bc9163",
        "x-ms-request-id": "7d5105a6-201e-00e4-7156-798111000000",
        "x-ms-version": "2019-02-02"
      },
      "ResponseBody": []
    },
    {
      "RequestUri": "http://amandadev2.blob.core.windows.net/test-container-059085fc-1eef-f22f-e3d4-962d585ef889/test-blob-174367b9-cb4a-fcda-b235-d6bea7ac1a61",
      "RequestMethod": "PUT",
      "RequestHeaders": {
        "Authorization": "Sanitized",
        "Content-Length": "0",
        "If-None-Match": "*",
        "traceparent": "00-83877573ae45b24fb11844819ae60019-50b947cf40e09044-00",
        "User-Agent": [
          "azsdk-net-Storage.Blobs/12.0.0-dev.20191002.1\u002B33ed27fee62f4db74c02cf40a6294455247e90ec",
          "(.NET Core 4.6.27817.01; Microsoft Windows 10.0.18362 )"
        ],
        "x-ms-blob-content-length": "1024",
        "x-ms-blob-type": "PageBlob",
        "x-ms-client-request-id": "71c812a0-ac3f-deb5-c9e6-19e27177a465",
        "x-ms-date": "Wed, 02 Oct 2019 19:20:01 GMT",
        "x-ms-return-client-request-id": "true",
        "x-ms-version": "2019-02-02"
      },
      "RequestBody": null,
      "StatusCode": 201,
      "ResponseHeaders": {
        "Content-Length": "0",
        "Date": "Wed, 02 Oct 2019 19:20:00 GMT",
        "ETag": "\u00220x8D7476D85829C7D\u0022",
        "Last-Modified": "Wed, 02 Oct 2019 19:20:01 GMT",
        "Server": [
          "Windows-Azure-Blob/1.0",
          "Microsoft-HTTPAPI/2.0"
        ],
        "x-ms-client-request-id": "71c812a0-ac3f-deb5-c9e6-19e27177a465",
        "x-ms-request-id": "7d5105b6-201e-00e4-7c56-798111000000",
        "x-ms-request-server-encrypted": "true",
        "x-ms-version": "2019-02-02"
      },
      "ResponseBody": []
    },
    {
      "RequestUri": "http://amandadev2.blob.core.windows.net/test-container-059085fc-1eef-f22f-e3d4-962d585ef889?restype=container",
      "RequestMethod": "DELETE",
      "RequestHeaders": {
        "Authorization": "Sanitized",
        "traceparent": "00-b41f57fce3ea4b41a38a0967b0513c81-570dcff40fbf844e-00",
        "User-Agent": [
          "azsdk-net-Storage.Blobs/12.0.0-dev.20191002.1\u002B33ed27fee62f4db74c02cf40a6294455247e90ec",
          "(.NET Core 4.6.27817.01; Microsoft Windows 10.0.18362 )"
        ],
        "x-ms-client-request-id": "951e649d-a8e4-6322-e0a5-eb95138ea61e",
        "x-ms-date": "Wed, 02 Oct 2019 19:20:01 GMT",
        "x-ms-return-client-request-id": "true",
        "x-ms-version": "2019-02-02"
      },
      "RequestBody": null,
      "StatusCode": 202,
      "ResponseHeaders": {
        "Content-Length": "0",
        "Date": "Wed, 02 Oct 2019 19:20:00 GMT",
        "Server": [
          "Windows-Azure-Blob/1.0",
          "Microsoft-HTTPAPI/2.0"
        ],
        "x-ms-client-request-id": "951e649d-a8e4-6322-e0a5-eb95138ea61e",
        "x-ms-request-id": "7d5105c5-201e-00e4-0456-798111000000",
        "x-ms-version": "2019-02-02"
      },
      "ResponseBody": []
    }
  ],
  "Variables": {
    "RandomSeed": "13915265",
    "Storage_TestConfigDefault": "ProductionTenant\namandadev2\nU2FuaXRpemVk\nhttp://amandadev2.blob.core.windows.net\nhttp://amandadev2.file.core.windows.net\nhttp://amandadev2.queue.core.windows.net\nhttp://amandadev2.table.core.windows.net\n\n\n\n\nhttp://amandadev2-secondary.blob.core.windows.net\nhttp://amandadev2-secondary.file.core.windows.net\nhttp://amandadev2-secondary.queue.core.windows.net\nhttp://amandadev2-secondary.table.core.windows.net\n\nSanitized\n\n\nCloud\nBlobEndpoint=http://amandadev2.blob.core.windows.net/;QueueEndpoint=http://amandadev2.queue.core.windows.net/;TableEndpoint=http://amandadev2.table.core.windows.net/;FileEndpoint=http://amandadev2.file.core.windows.net/;BlobSecondaryEndpoint=http://amandadev2-secondary.blob.core.windows.net/;QueueSecondaryEndpoint=http://amandadev2-secondary.queue.core.windows.net/;TableSecondaryEndpoint=http://amandadev2-secondary.table.core.windows.net/;FileSecondaryEndpoint=http://amandadev2-secondary.file.core.windows.net/;AccountName=amandadev2;AccountKey=Sanitized"
  }
}