{
  "Entries": [
    {
      "RequestUri": "http:\u002f\u002fseandevtest.blob.core.windows.net\u002ftest-container-bbb4db87-c06e-48dd-50a2-132d276386aa?restype=container",
      "RequestMethod": "PUT",
      "RequestHeaders": {
        "Authorization": "Sanitized",
        "Request-Id": "|9d4ce4e9-47fbb5491d82eec9.",
        "User-Agent": [
          "azsdk-net-Storage.Blobs\u002f12.0.0-dev.20190827.1\u002b0e7ec14e46f8c7f678ed0e2ea6e77a7f9147ebc5",
          "(.NET Core 4.6.27817.01; Microsoft Windows 10.0.18362 )"
        ],
        "x-ms-blob-public-access": "container",
        "x-ms-client-request-id": "4c7a7663574a90564e89daba91eacb8d",
        "x-ms-date": "Tue, 27 Aug 2019 19:48:12 GMT",
        "x-ms-return-client-request-id": "true",
        "x-ms-version": "2019-02-02"
      },
      "RequestBody": null,
      "StatusCode": 201,
      "ResponseHeaders": {
        "Content-Length": "0",
        "Date": "Tue, 27 Aug 2019 19:48:12 GMT",
        "ETag": "\u00220x8D72B277EA54D36\u0022",
        "Last-Modified": "Tue, 27 Aug 2019 19:48:12 GMT",
        "Server": [
          "Windows-Azure-Blob\u002f1.0",
          "Microsoft-HTTPAPI\u002f2.0"
        ],
        "x-ms-client-request-id": "4c7a7663574a90564e89daba91eacb8d",
        "x-ms-request-id": "a52d7ee7-201e-0017-0210-5dca69000000",
        "x-ms-version": "2019-02-02"
      },
      "ResponseBody": []
    },
    {
      "RequestUri": "http:\u002f\u002fseandevtest.blob.core.windows.net\u002ftest-container-bbb4db87-c06e-48dd-50a2-132d276386aa\u002ftest-blob-57ea2ef5-5c5d-a0c7-178b-df3fd6c9b8ce",
      "RequestMethod": "PUT",
      "RequestHeaders": {
        "Authorization": "Sanitized",
        "Content-Length": "0",
        "Request-Id": "|9d4ce4ea-47fbb5491d82eec9.",
        "User-Agent": [
          "azsdk-net-Storage.Blobs\u002f12.0.0-dev.20190827.1\u002b0e7ec14e46f8c7f678ed0e2ea6e77a7f9147ebc5",
          "(.NET Core 4.6.27817.01; Microsoft Windows 10.0.18362 )"
        ],
        "x-ms-blob-content-length": "1024",
        "x-ms-blob-sequence-number": "2",
        "x-ms-blob-type": "PageBlob",
        "x-ms-client-request-id": "d9b3d385973c304885246de5e622b766",
        "x-ms-date": "Tue, 27 Aug 2019 19:48:12 GMT",
        "x-ms-return-client-request-id": "true",
        "x-ms-version": "2019-02-02"
      },
      "RequestBody": null,
      "StatusCode": 201,
      "ResponseHeaders": {
        "Content-Length": "0",
        "Date": "Tue, 27 Aug 2019 19:48:12 GMT",
        "ETag": "\u00220x8D72B277EA9B760\u0022",
        "Last-Modified": "Tue, 27 Aug 2019 19:48:12 GMT",
        "Server": [
          "Windows-Azure-Blob\u002f1.0",
          "Microsoft-HTTPAPI\u002f2.0"
        ],
        "x-ms-client-request-id": "d9b3d385973c304885246de5e622b766",
        "x-ms-request-id": "a52d7ef6-201e-0017-0f10-5dca69000000",
        "x-ms-request-server-encrypted": "true",
        "x-ms-version": "2019-02-02"
      },
      "ResponseBody": []
    },
    {
      "RequestUri": "http:\u002f\u002fseandevtest.blob.core.windows.net\u002ftest-container-bbb4db87-c06e-48dd-50a2-132d276386aa\u002ftest-blob-57ea2ef5-5c5d-a0c7-178b-df3fd6c9b8ce",
      "RequestMethod": "HEAD",
      "RequestHeaders": {
        "Authorization": "Sanitized",
        "Request-Id": "|9d4ce4eb-47fbb5491d82eec9.",
        "User-Agent": [
          "azsdk-net-Storage.Blobs\u002f12.0.0-dev.20190827.1\u002b0e7ec14e46f8c7f678ed0e2ea6e77a7f9147ebc5",
          "(.NET Core 4.6.27817.01; Microsoft Windows 10.0.18362 )"
        ],
        "x-ms-client-request-id": "f93885d62f79074dafd934bf7716ba85",
        "x-ms-date": "Tue, 27 Aug 2019 19:48:12 GMT",
        "x-ms-return-client-request-id": "true",
        "x-ms-version": "2019-02-02"
      },
      "RequestBody": null,
      "StatusCode": 200,
      "ResponseHeaders": {
        "Accept-Ranges": "bytes",
        "Content-Length": "1024",
        "Content-Type": "application\u002foctet-stream",
        "Date": "Tue, 27 Aug 2019 19:48:12 GMT",
        "ETag": "\u00220x8D72B277EA9B760\u0022",
        "Last-Modified": "Tue, 27 Aug 2019 19:48:12 GMT",
        "Server": [
          "Windows-Azure-Blob\u002f1.0",
          "Microsoft-HTTPAPI\u002f2.0"
        ],
        "x-ms-access-tier": "Hot",
        "x-ms-access-tier-inferred": "true",
        "x-ms-blob-sequence-number": "2",
        "x-ms-blob-type": "PageBlob",
        "x-ms-client-request-id": "f93885d62f79074dafd934bf7716ba85",
        "x-ms-creation-time": "Tue, 27 Aug 2019 19:48:12 GMT",
        "x-ms-lease-state": "available",
        "x-ms-lease-status": "unlocked",
        "x-ms-request-id": "a52d7f09-201e-0017-1f10-5dca69000000",
        "x-ms-server-encrypted": "true",
        "x-ms-tag-count": "0",
        "x-ms-version": "2019-02-02"
      },
      "ResponseBody": []
    },
    {
      "RequestUri": "http:\u002f\u002fseandevtest.blob.core.windows.net\u002ftest-container-bbb4db87-c06e-48dd-50a2-132d276386aa?restype=container",
      "RequestMethod": "DELETE",
      "RequestHeaders": {
        "Authorization": "Sanitized",
        "Request-Id": "|9d4ce4ec-47fbb5491d82eec9.",
        "User-Agent": [
          "azsdk-net-Storage.Blobs\u002f12.0.0-dev.20190827.1\u002b0e7ec14e46f8c7f678ed0e2ea6e77a7f9147ebc5",
          "(.NET Core 4.6.27817.01; Microsoft Windows 10.0.18362 )"
        ],
        "x-ms-client-request-id": "bd340bd1f2365e51e5bad239efe2baf5",
        "x-ms-date": "Tue, 27 Aug 2019 19:48:12 GMT",
        "x-ms-return-client-request-id": "true",
        "x-ms-version": "2019-02-02"
      },
      "RequestBody": null,
      "StatusCode": 202,
      "ResponseHeaders": {
        "Content-Length": "0",
        "Date": "Tue, 27 Aug 2019 19:48:12 GMT",
        "Server": [
          "Windows-Azure-Blob\u002f1.0",
          "Microsoft-HTTPAPI\u002f2.0"
        ],
        "x-ms-client-request-id": "bd340bd1f2365e51e5bad239efe2baf5",
        "x-ms-request-id": "a52d7f20-201e-0017-3310-5dca69000000",
        "x-ms-version": "2019-02-02"
      },
      "ResponseBody": []
    }
  ],
  "Variables": {
    "RandomSeed": "944350228",
    "Storage_TestConfigDefault": "ProductionTenant\nseandevtest\nU2FuaXRpemVk\nhttp:\u002f\u002fseandevtest.blob.core.windows.net\nhttp:\u002f\u002fseandevtest.file.core.windows.net\nhttp:\u002f\u002fseandevtest.queue.core.windows.net\nhttp:\u002f\u002fseandevtest.table.core.windows.net\n\n\n\n\nhttp:\u002f\u002fseandevtest-secondary.blob.core.windows.net\nhttp:\u002f\u002fseandevtest-secondary.file.core.windows.net\nhttp:\u002f\u002fseandevtest-secondary.queue.core.windows.net\nhttp:\u002f\u002fseandevtest-secondary.table.core.windows.net\n\nSanitized\n\n\nCloud\nBlobEndpoint=http:\u002f\u002fseandevtest.blob.core.windows.net\u002f;QueueEndpoint=http:\u002f\u002fseandevtest.queue.core.windows.net\u002f;TableEndpoint=http:\u002f\u002fseandevtest.table.core.windows.net\u002f;FileEndpoint=http:\u002f\u002fseandevtest.file.core.windows.net\u002f;BlobSecondaryEndpoint=http:\u002f\u002fseandevtest-secondary.blob.core.windows.net\u002f;QueueSecondaryEndpoint=http:\u002f\u002fseandevtest-secondary.queue.core.windows.net\u002f;TableSecondaryEndpoint=http:\u002f\u002fseandevtest-secondary.table.core.windows.net\u002f;FileSecondaryEndpoint=http:\u002f\u002fseandevtest-secondary.file.core.windows.net\u002f;AccountName=seandevtest;AccountKey=Sanitized"
  }
}