{
  "Entries": [
    {
      "RequestUri": "https://camaiaor.blob.core.windows.net/test-container-1ec4fb42-3f5b-e721-6c1e-e19ef8244429?restype=container",
      "RequestMethod": "PUT",
      "RequestHeaders": {
        "Accept": "application/xml",
        "Authorization": "Sanitized",
        "traceparent": "00-2ab7928827e2d44fa2ddda6fbebeee1b-2d0b376ab6fbe64a-00",
        "User-Agent": "azsdk-net-Storage.Blobs/12.11.0-alpha.20211015.1 (.NET Framework 4.8.4300.0; Microsoft Windows 10.0.19043 )",
        "x-ms-blob-public-access": "container",
        "x-ms-client-request-id": "3adb5347-d1a4-c00c-3907-d31c8ada0db6",
        "x-ms-date": "Fri, 15 Oct 2021 20:57:05 GMT",
        "x-ms-return-client-request-id": "true",
        "x-ms-version": "2021-04-10"
      },
      "RequestBody": null,
      "StatusCode": 201,
      "ResponseHeaders": {
        "Content-Length": "0",
        "Date": "Fri, 15 Oct 2021 20:57:04 GMT",
        "ETag": "\u00220x8D9901E585811C8\u0022",
        "Last-Modified": "Fri, 15 Oct 2021 20:57:05 GMT",
        "Server": "Windows-Azure-Blob/1.0 Microsoft-HTTPAPI/2.0",
        "x-ms-client-request-id": "3adb5347-d1a4-c00c-3907-d31c8ada0db6",
        "x-ms-request-id": "29565495-101e-000b-2007-c2d0b4000000",
        "x-ms-version": "2021-04-10"
      },
      "ResponseBody": []
    },
    {
      "RequestUri": "https://camaiaor.blob.core.windows.net/test-container-1ec4fb42-3f5b-e721-6c1e-e19ef8244429/test-blob-713824fc-3dff-59e1-1761-886ffe88f506",
      "RequestMethod": "PUT",
      "RequestHeaders": {
        "Accept": "application/xml",
        "Authorization": "Sanitized",
        "traceparent": "00-f12de31a0716a04b90e87d3b0c02e40f-866bbbef5986b941-00",
        "User-Agent": "azsdk-net-Storage.Blobs/12.11.0-alpha.20211015.1 (.NET Framework 4.8.4300.0; Microsoft Windows 10.0.19043 )",
        "x-ms-blob-content-length": "1024",
        "x-ms-blob-type": "PageBlob",
        "x-ms-client-request-id": "7490cc89-27ec-c2d8-014c-34c6e542d0b9",
        "x-ms-date": "Fri, 15 Oct 2021 20:57:05 GMT",
        "x-ms-encryption-algorithm": "AES256",
        "x-ms-encryption-key": "Sanitized",
        "x-ms-encryption-key-sha256": "cDZzvuiNDzOxwGtG/Sob1pj7VqCf5QL1g\u002BCB8v3Nsbc=",
        "x-ms-return-client-request-id": "true",
        "x-ms-version": "2021-04-10"
      },
      "RequestBody": null,
      "StatusCode": 201,
      "ResponseHeaders": {
        "Content-Length": "0",
        "Date": "Fri, 15 Oct 2021 20:57:04 GMT",
        "ETag": "\u00220x8D9901E586CFC70\u0022",
        "Last-Modified": "Fri, 15 Oct 2021 20:57:05 GMT",
        "Server": "Windows-Azure-Blob/1.0 Microsoft-HTTPAPI/2.0",
        "x-ms-client-request-id": "7490cc89-27ec-c2d8-014c-34c6e542d0b9",
        "x-ms-encryption-key-sha256": "cDZzvuiNDzOxwGtG/Sob1pj7VqCf5QL1g\u002BCB8v3Nsbc=",
        "x-ms-request-id": "295654fb-101e-000b-0107-c2d0b4000000",
        "x-ms-request-server-encrypted": "true",
        "x-ms-version": "2021-04-10",
        "x-ms-version-id": "2021-10-15T20:57:05.6591984Z"
      },
      "ResponseBody": []
    },
    {
      "RequestUri": "https://camaiaor.blob.core.windows.net/test-container-1ec4fb42-3f5b-e721-6c1e-e19ef8244429?restype=container",
      "RequestMethod": "DELETE",
      "RequestHeaders": {
        "Accept": "application/xml",
        "Authorization": "Sanitized",
        "traceparent": "00-e2dbf9d0afa65b42a8a2f4b52d840168-96005bd981a81640-00",
        "User-Agent": "azsdk-net-Storage.Blobs/12.11.0-alpha.20211015.1 (.NET Framework 4.8.4300.0; Microsoft Windows 10.0.19043 )",
        "x-ms-client-request-id": "7cb8d43d-4d0c-ebc3-f4a2-173533a70d5c",
        "x-ms-date": "Fri, 15 Oct 2021 20:57:05 GMT",
        "x-ms-return-client-request-id": "true",
        "x-ms-version": "2021-04-10"
      },
      "RequestBody": null,
      "StatusCode": 202,
      "ResponseHeaders": {
        "Content-Length": "0",
        "Date": "Fri, 15 Oct 2021 20:57:05 GMT",
        "Server": "Windows-Azure-Blob/1.0 Microsoft-HTTPAPI/2.0",
        "x-ms-client-request-id": "7cb8d43d-4d0c-ebc3-f4a2-173533a70d5c",
        "x-ms-request-id": "29565544-101e-000b-4907-c2d0b4000000",
        "x-ms-version": "2021-04-10"
      },
      "ResponseBody": []
    }
  ],
  "Variables": {
    "RandomSeed": "1662341996",
    "Storage_TestConfigDefault": "ProductionTenant\ncamaiaor\nU2FuaXRpemVk\nhttps://camaiaor.blob.core.windows.net\nhttps://camaiaor.file.core.windows.net\nhttps://camaiaor.queue.core.windows.net\nhttps://camaiaor.table.core.windows.net\n\n\n\n\nhttps://camaiaor-secondary.blob.core.windows.net\nhttps://camaiaor-secondary.file.core.windows.net\nhttps://camaiaor-secondary.queue.core.windows.net\nhttps://camaiaor-secondary.table.core.windows.net\n\nSanitized\n\n\nCloud\nBlobEndpoint=https://camaiaor.blob.core.windows.net/;QueueEndpoint=https://camaiaor.queue.core.windows.net/;FileEndpoint=https://camaiaor.file.core.windows.net/;BlobSecondaryEndpoint=https://camaiaor-secondary.blob.core.windows.net/;QueueSecondaryEndpoint=https://camaiaor-secondary.queue.core.windows.net/;FileSecondaryEndpoint=https://camaiaor-secondary.file.core.windows.net/;AccountName=camaiaor;AccountKey=Kg==;\nsdktest\n\n"
  }
}