{
  "Entries": [
    {
      "RequestUri": "https://seanmcccanary3.blob.core.windows.net/test-container-9875e26a-4c78-d8b8-1920-ed552ff0e9d7?restype=container",
      "RequestMethod": "PUT",
      "RequestHeaders": {
        "Accept": "application/xml",
        "Authorization": "Sanitized",
        "traceparent": "00-4cca39cba98c65439e3f008461911131-ca95a100231dc444-00",
        "User-Agent": [
          "azsdk-net-Storage.Blobs/12.9.0-alpha.20210217.1",
          "(.NET 5.0.3; Microsoft Windows 10.0.19042)"
        ],
        "x-ms-blob-public-access": "container",
        "x-ms-client-request-id": "de75941a-ba52-cccb-76a5-848d49bfea70",
        "x-ms-date": "Wed, 17 Feb 2021 19:03:02 GMT",
        "x-ms-return-client-request-id": "true",
        "x-ms-version": "2021-04-10"
      },
      "RequestBody": null,
      "StatusCode": 201,
      "ResponseHeaders": {
        "Content-Length": "0",
        "Date": "Wed, 17 Feb 2021 19:03:02 GMT",
        "ETag": "\"0x8D8D376A69D5F01\"",
        "Last-Modified": "Wed, 17 Feb 2021 19:03:02 GMT",
        "Server": [
          "Windows-Azure-Blob/1.0",
          "Microsoft-HTTPAPI/2.0"
        ],
        "x-ms-client-request-id": "de75941a-ba52-cccb-76a5-848d49bfea70",
        "x-ms-request-id": "da741701-a01e-0094-225f-056dab000000",
        "x-ms-version": "2021-04-10"
      },
      "ResponseBody": []
    },
    {
      "RequestUri": "https://seanmcccanary3.blob.core.windows.net/test-container-9875e26a-4c78-d8b8-1920-ed552ff0e9d7/test-blob-9458cf9a-aa41-bb57-09ef-a10458af8ad4",
      "RequestMethod": "PUT",
      "RequestHeaders": {
        "Accept": "application/xml",
        "Authorization": "Sanitized",
        "traceparent": "00-3bf488a05033724c82520f0fdc651f20-6972094f1e0c9645-00",
        "User-Agent": [
          "azsdk-net-Storage.Blobs/12.9.0-alpha.20210217.1",
          "(.NET 5.0.3; Microsoft Windows 10.0.19042)"
        ],
        "x-ms-blob-cache-control": "control",
        "x-ms-blob-content-disposition": "disposition",
        "x-ms-blob-content-encoding": "encoding",
        "x-ms-blob-content-language": "language",
        "x-ms-blob-content-length": "1024",
        "x-ms-blob-content-md5": "JgxVBL7q+u3dqBTex5pFqw==",
        "x-ms-blob-content-type": "type",
        "x-ms-blob-type": "PageBlob",
        "x-ms-client-request-id": "7e6e8489-04eb-705d-3cb9-d46318c674c6",
        "x-ms-date": "Wed, 17 Feb 2021 19:03:02 GMT",
        "x-ms-return-client-request-id": "true",
        "x-ms-version": "2021-04-10"
      },
      "RequestBody": null,
      "StatusCode": 201,
      "ResponseHeaders": {
        "Content-Length": "0",
        "Date": "Wed, 17 Feb 2021 19:03:02 GMT",
        "ETag": "\"0x8D8D376A6A75C54\"",
        "Last-Modified": "Wed, 17 Feb 2021 19:03:02 GMT",
        "Server": [
          "Windows-Azure-Blob/1.0",
          "Microsoft-HTTPAPI/2.0"
        ],
        "x-ms-client-request-id": "7e6e8489-04eb-705d-3cb9-d46318c674c6",
        "x-ms-request-id": "da741718-a01e-0094-345f-056dab000000",
        "x-ms-request-server-encrypted": "true",
        "x-ms-version": "2021-04-10",
        "x-ms-version-id": "2021-02-17T19:03:02.8512852Z"
      },
      "ResponseBody": []
    },
    {
      "RequestUri": "https://seanmcccanary3.blob.core.windows.net/test-container-9875e26a-4c78-d8b8-1920-ed552ff0e9d7/test-blob-9458cf9a-aa41-bb57-09ef-a10458af8ad4",
      "RequestMethod": "HEAD",
      "RequestHeaders": {
        "Accept": "application/xml",
        "Authorization": "Sanitized",
        "traceparent": "00-15e435fda90b7042a81e1d814c56c033-e2539af13ac1b14b-00",
        "User-Agent": [
          "azsdk-net-Storage.Blobs/12.9.0-alpha.20210217.1",
          "(.NET 5.0.3; Microsoft Windows 10.0.19042)"
        ],
        "x-ms-client-request-id": "d37b6ab2-0b41-83e9-f1cb-5ec03620ee35",
        "x-ms-date": "Wed, 17 Feb 2021 19:03:02 GMT",
        "x-ms-return-client-request-id": "true",
        "x-ms-version": "2021-04-10"
      },
      "RequestBody": null,
      "StatusCode": 200,
      "ResponseHeaders": {
        "Accept-Ranges": "bytes",
        "Cache-Control": "control",
        "Content-Disposition": "disposition",
        "Content-Encoding": "encoding",
        "Content-Language": "language",
        "Content-Length": "1024",
        "Content-MD5": "JgxVBL7q+u3dqBTex5pFqw==",
        "Content-Type": "type",
        "Date": "Wed, 17 Feb 2021 19:03:02 GMT",
        "ETag": "\"0x8D8D376A6A75C54\"",
        "Last-Modified": "Wed, 17 Feb 2021 19:03:02 GMT",
        "Server": [
          "Windows-Azure-Blob/1.0",
          "Microsoft-HTTPAPI/2.0"
        ],
        "x-ms-blob-sequence-number": "0",
        "x-ms-blob-type": "PageBlob",
        "x-ms-client-request-id": "d37b6ab2-0b41-83e9-f1cb-5ec03620ee35",
        "x-ms-creation-time": "Wed, 17 Feb 2021 19:03:02 GMT",
        "x-ms-is-current-version": "true",
        "x-ms-lease-state": "available",
        "x-ms-lease-status": "unlocked",
        "x-ms-request-id": "da74172e-a01e-0094-465f-056dab000000",
        "x-ms-server-encrypted": "true",
        "x-ms-version": "2021-04-10",
        "x-ms-version-id": "2021-02-17T19:03:02.8512852Z"
      },
      "ResponseBody": []
    },
    {
      "RequestUri": "https://seanmcccanary3.blob.core.windows.net/test-container-9875e26a-4c78-d8b8-1920-ed552ff0e9d7?restype=container",
      "RequestMethod": "DELETE",
      "RequestHeaders": {
        "Accept": "application/xml",
        "Authorization": "Sanitized",
        "traceparent": "00-5ae3ec929ddfc346a82c68ffc8fc2971-748fcec7e27ad047-00",
        "User-Agent": [
          "azsdk-net-Storage.Blobs/12.9.0-alpha.20210217.1",
          "(.NET 5.0.3; Microsoft Windows 10.0.19042)"
        ],
        "x-ms-client-request-id": "aeb11528-a14b-1084-c682-08b8f034572a",
        "x-ms-date": "Wed, 17 Feb 2021 19:03:02 GMT",
        "x-ms-return-client-request-id": "true",
        "x-ms-version": "2021-04-10"
      },
      "RequestBody": null,
      "StatusCode": 202,
      "ResponseHeaders": {
        "Content-Length": "0",
        "Date": "Wed, 17 Feb 2021 19:03:02 GMT",
        "Server": [
          "Windows-Azure-Blob/1.0",
          "Microsoft-HTTPAPI/2.0"
        ],
        "x-ms-client-request-id": "aeb11528-a14b-1084-c682-08b8f034572a",
        "x-ms-request-id": "da741747-a01e-0094-5b5f-056dab000000",
        "x-ms-version": "2021-04-10"
      },
      "ResponseBody": []
    }
  ],
  "Variables": {
    "RandomSeed": "44151463",
    "Storage_TestConfigDefault": "ProductionTenant\nseanmcccanary3\nU2FuaXRpemVk\nhttps://seanmcccanary3.blob.core.windows.net\nhttps://seanmcccanary3.file.core.windows.net\nhttps://seanmcccanary3.queue.core.windows.net\nhttps://seanmcccanary3.table.core.windows.net\n\n\n\n\nhttps://seanmcccanary3-secondary.blob.core.windows.net\nhttps://seanmcccanary3-secondary.file.core.windows.net\nhttps://seanmcccanary3-secondary.queue.core.windows.net\nhttps://seanmcccanary3-secondary.table.core.windows.net\n\nSanitized\n\n\nCloud\nBlobEndpoint=https://seanmcccanary3.blob.core.windows.net/;QueueEndpoint=https://seanmcccanary3.queue.core.windows.net/;FileEndpoint=https://seanmcccanary3.file.core.windows.net/;BlobSecondaryEndpoint=https://seanmcccanary3-secondary.blob.core.windows.net/;QueueSecondaryEndpoint=https://seanmcccanary3-secondary.queue.core.windows.net/;FileSecondaryEndpoint=https://seanmcccanary3-secondary.file.core.windows.net/;AccountName=seanmcccanary3;AccountKey=Kg==;\nseanscope1\n\n"
  }
}