{
  "Entries": [
    {
      "RequestUri": "http:\u002f\u002fstorageteglazatesting.blob.core.windows.net\u002ftest-container-69ebcdb1-f02a-d483-3c96-02e53cc32633?restype=container",
      "RequestMethod": "PUT",
      "RequestHeaders": {
        "Authorization": "Sanitized",
        "Request-Id": "|8332965a-417105b58f893b74.",
        "User-Agent": [
          "azsdk-net-Storage.Blobs\u002f12.0.0-dev.20190719.1\u002bc8048e578cb4cbc84a82baab49fbe6ebc3f4bd7e",
          "(.NET Core 4.6.27414.06; Microsoft Windows 10.0.18362 )"
        ],
        "x-ms-blob-public-access": "container",
        "x-ms-client-request-id": "2c06a198a17e2f51a43305afb24c1d29",
        "x-ms-date": "Fri, 19 Jul 2019 22:28:35 GMT",
        "x-ms-return-client-request-id": "true",
        "x-ms-version": "2018-11-09"
      },
      "RequestBody": null,
      "StatusCode": 201,
      "ResponseHeaders": {
        "Content-Length": "0",
        "Date": "Fri, 19 Jul 2019 22:28:35 GMT",
        "ETag": "\u00220x8D70C987095E00B\u0022",
        "Last-Modified": "Fri, 19 Jul 2019 22:28:35 GMT",
        "Server": [
          "Windows-Azure-Blob\u002f1.0",
          "Microsoft-HTTPAPI\u002f2.0"
        ],
        "x-ms-request-id": "feb68f04-501e-0061-3b81-3e6e4d000000",
        "x-ms-version": "2018-11-09"
      },
      "ResponseBody": []
    },
    {
      "RequestUri": "http:\u002f\u002fstorageteglazatesting.blob.core.windows.net\u002ftest-container-69ebcdb1-f02a-d483-3c96-02e53cc32633\u002ftest-blob-33d6ab21-582e-afa8-f90b-1cb9934bae71",
      "RequestMethod": "PUT",
      "RequestHeaders": {
        "Authorization": "Sanitized",
        "Content-Length": "0",
        "Request-Id": "|8332965b-417105b58f893b74.",
        "User-Agent": [
          "azsdk-net-Storage.Blobs\u002f12.0.0-dev.20190719.1\u002bc8048e578cb4cbc84a82baab49fbe6ebc3f4bd7e",
          "(.NET Core 4.6.27414.06; Microsoft Windows 10.0.18362 )"
        ],
        "x-ms-blob-content-length": "1024",
        "x-ms-blob-sequence-number": "0",
        "x-ms-blob-type": "PageBlob",
        "x-ms-client-request-id": "067a54fa872010d97cbcc4f7ebd322ef",
        "x-ms-date": "Fri, 19 Jul 2019 22:28:36 GMT",
        "x-ms-return-client-request-id": "true",
        "x-ms-version": "2018-11-09"
      },
      "RequestBody": null,
      "StatusCode": 201,
      "ResponseHeaders": {
        "Content-Length": "0",
        "Date": "Fri, 19 Jul 2019 22:28:35 GMT",
        "ETag": "\u00220x8D70C9870986B2E\u0022",
        "Last-Modified": "Fri, 19 Jul 2019 22:28:35 GMT",
        "Server": [
          "Windows-Azure-Blob\u002f1.0",
          "Microsoft-HTTPAPI\u002f2.0"
        ],
        "x-ms-request-id": "feb68f13-501e-0061-4781-3e6e4d000000",
        "x-ms-request-server-encrypted": "true",
        "x-ms-version": "2018-11-09"
      },
      "ResponseBody": []
    },
    {
      "RequestUri": "http:\u002f\u002fstorageteglazatesting.blob.core.windows.net\u002ftest-container-69ebcdb1-f02a-d483-3c96-02e53cc32633\u002ftest-blob-33d6ab21-582e-afa8-f90b-1cb9934bae71",
      "RequestMethod": "PUT",
      "RequestHeaders": {
        "Authorization": "Sanitized",
        "Content-Length": "0",
        "If-Modified-Since": "Sat, 20 Jul 2019 22:28:35 GMT",
        "Request-Id": "|8332965c-417105b58f893b74.",
        "User-Agent": [
          "azsdk-net-Storage.Blobs\u002f12.0.0-dev.20190719.1\u002bc8048e578cb4cbc84a82baab49fbe6ebc3f4bd7e",
          "(.NET Core 4.6.27414.06; Microsoft Windows 10.0.18362 )"
        ],
        "x-ms-blob-content-length": "1024",
        "x-ms-blob-type": "PageBlob",
        "x-ms-client-request-id": "90c3d978f3ec3f05f857327285989c58",
        "x-ms-date": "Fri, 19 Jul 2019 22:28:36 GMT",
        "x-ms-return-client-request-id": "true",
        "x-ms-version": "2018-11-09"
      },
      "RequestBody": null,
      "StatusCode": 412,
      "ResponseHeaders": {
        "Content-Length": "252",
        "Content-Type": "application\u002fxml",
        "Date": "Fri, 19 Jul 2019 22:28:35 GMT",
        "Server": [
          "Windows-Azure-Blob\u002f1.0",
          "Microsoft-HTTPAPI\u002f2.0"
        ],
        "x-ms-error-code": "ConditionNotMet",
        "x-ms-request-id": "feb68f18-501e-0061-4c81-3e6e4d000000",
        "x-ms-version": "2018-11-09"
      },
      "ResponseBody": [
        "\ufeff\u003c?xml version=\u00221.0\u0022 encoding=\u0022utf-8\u0022?\u003e\u003cError\u003e\u003cCode\u003eConditionNotMet\u003c\u002fCode\u003e\u003cMessage\u003eThe condition specified using HTTP conditional header(s) is not met.\n",
        "RequestId:feb68f18-501e-0061-4c81-3e6e4d000000\n",
        "Time:2019-07-19T22:28:35.9987566Z\u003c\u002fMessage\u003e\u003c\u002fError\u003e"
      ]
    },
    {
      "RequestUri": "http:\u002f\u002fstorageteglazatesting.blob.core.windows.net\u002ftest-container-69ebcdb1-f02a-d483-3c96-02e53cc32633?restype=container",
      "RequestMethod": "DELETE",
      "RequestHeaders": {
        "Authorization": "Sanitized",
        "Request-Id": "|8332965d-417105b58f893b74.",
        "User-Agent": [
          "azsdk-net-Storage.Blobs\u002f12.0.0-dev.20190719.1\u002bc8048e578cb4cbc84a82baab49fbe6ebc3f4bd7e",
          "(.NET Core 4.6.27414.06; Microsoft Windows 10.0.18362 )"
        ],
        "x-ms-client-request-id": "5db4938417d29a08d2c6b77294b1c426",
        "x-ms-date": "Fri, 19 Jul 2019 22:28:36 GMT",
        "x-ms-return-client-request-id": "true",
        "x-ms-version": "2018-11-09"
      },
      "RequestBody": null,
      "StatusCode": 202,
      "ResponseHeaders": {
        "Content-Length": "0",
        "Date": "Fri, 19 Jul 2019 22:28:35 GMT",
        "Server": [
          "Windows-Azure-Blob\u002f1.0",
          "Microsoft-HTTPAPI\u002f2.0"
        ],
        "x-ms-request-id": "feb68f1c-501e-0061-5081-3e6e4d000000",
        "x-ms-version": "2018-11-09"
      },
      "ResponseBody": []
    },
    {
      "RequestUri": "http:\u002f\u002fstorageteglazatesting.blob.core.windows.net\u002ftest-container-b9402ce9-1e87-0785-4f3a-0ec954668be4?restype=container",
      "RequestMethod": "PUT",
      "RequestHeaders": {
        "Authorization": "Sanitized",
        "Request-Id": "|8332965e-417105b58f893b74.",
        "User-Agent": [
          "azsdk-net-Storage.Blobs\u002f12.0.0-dev.20190719.1\u002bc8048e578cb4cbc84a82baab49fbe6ebc3f4bd7e",
          "(.NET Core 4.6.27414.06; Microsoft Windows 10.0.18362 )"
        ],
        "x-ms-blob-public-access": "container",
        "x-ms-client-request-id": "57726b1fc51e611dd129be263b93ab46",
        "x-ms-date": "Fri, 19 Jul 2019 22:28:36 GMT",
        "x-ms-return-client-request-id": "true",
        "x-ms-version": "2018-11-09"
      },
      "RequestBody": null,
      "StatusCode": 201,
      "ResponseHeaders": {
        "Content-Length": "0",
        "Date": "Fri, 19 Jul 2019 22:28:35 GMT",
        "ETag": "\u00220x8D70C98709EE2EB\u0022",
        "Last-Modified": "Fri, 19 Jul 2019 22:28:36 GMT",
        "Server": [
          "Windows-Azure-Blob\u002f1.0",
          "Microsoft-HTTPAPI\u002f2.0"
        ],
        "x-ms-request-id": "feb68f25-501e-0061-5781-3e6e4d000000",
        "x-ms-version": "2018-11-09"
      },
      "ResponseBody": []
    },
    {
      "RequestUri": "http:\u002f\u002fstorageteglazatesting.blob.core.windows.net\u002ftest-container-b9402ce9-1e87-0785-4f3a-0ec954668be4\u002ftest-blob-59890c93-e357-66d1-0eac-0e97093f456b",
      "RequestMethod": "PUT",
      "RequestHeaders": {
        "Authorization": "Sanitized",
        "Content-Length": "0",
        "Request-Id": "|8332965f-417105b58f893b74.",
        "User-Agent": [
          "azsdk-net-Storage.Blobs\u002f12.0.0-dev.20190719.1\u002bc8048e578cb4cbc84a82baab49fbe6ebc3f4bd7e",
          "(.NET Core 4.6.27414.06; Microsoft Windows 10.0.18362 )"
        ],
        "x-ms-blob-content-length": "1024",
        "x-ms-blob-sequence-number": "0",
        "x-ms-blob-type": "PageBlob",
        "x-ms-client-request-id": "2852d23a6c3f23070edfe85e5f5fccbb",
        "x-ms-date": "Fri, 19 Jul 2019 22:28:36 GMT",
        "x-ms-return-client-request-id": "true",
        "x-ms-version": "2018-11-09"
      },
      "RequestBody": null,
      "StatusCode": 201,
      "ResponseHeaders": {
        "Content-Length": "0",
        "Date": "Fri, 19 Jul 2019 22:28:35 GMT",
        "ETag": "\u00220x8D70C9870A0F8C1\u0022",
        "Last-Modified": "Fri, 19 Jul 2019 22:28:36 GMT",
        "Server": [
          "Windows-Azure-Blob\u002f1.0",
          "Microsoft-HTTPAPI\u002f2.0"
        ],
        "x-ms-request-id": "feb68f2c-501e-0061-5c81-3e6e4d000000",
        "x-ms-request-server-encrypted": "true",
        "x-ms-version": "2018-11-09"
      },
      "ResponseBody": []
    },
    {
      "RequestUri": "http:\u002f\u002fstorageteglazatesting.blob.core.windows.net\u002ftest-container-b9402ce9-1e87-0785-4f3a-0ec954668be4\u002ftest-blob-59890c93-e357-66d1-0eac-0e97093f456b",
      "RequestMethod": "PUT",
      "RequestHeaders": {
        "Authorization": "Sanitized",
        "Content-Length": "0",
        "If-Unmodified-Since": "Thu, 18 Jul 2019 22:28:35 GMT",
        "Request-Id": "|83329660-417105b58f893b74.",
        "User-Agent": [
          "azsdk-net-Storage.Blobs\u002f12.0.0-dev.20190719.1\u002bc8048e578cb4cbc84a82baab49fbe6ebc3f4bd7e",
          "(.NET Core 4.6.27414.06; Microsoft Windows 10.0.18362 )"
        ],
        "x-ms-blob-content-length": "1024",
        "x-ms-blob-type": "PageBlob",
        "x-ms-client-request-id": "4835c78f32dd3c8c9a0b4972b6855791",
        "x-ms-date": "Fri, 19 Jul 2019 22:28:36 GMT",
        "x-ms-return-client-request-id": "true",
        "x-ms-version": "2018-11-09"
      },
      "RequestBody": null,
      "StatusCode": 412,
      "ResponseHeaders": {
        "Content-Length": "252",
        "Content-Type": "application\u002fxml",
        "Date": "Fri, 19 Jul 2019 22:28:35 GMT",
        "Server": [
          "Windows-Azure-Blob\u002f1.0",
          "Microsoft-HTTPAPI\u002f2.0"
        ],
        "x-ms-error-code": "ConditionNotMet",
        "x-ms-request-id": "feb68f53-501e-0061-7c81-3e6e4d000000",
        "x-ms-version": "2018-11-09"
      },
      "ResponseBody": [
        "\ufeff\u003c?xml version=\u00221.0\u0022 encoding=\u0022utf-8\u0022?\u003e\u003cError\u003e\u003cCode\u003eConditionNotMet\u003c\u002fCode\u003e\u003cMessage\u003eThe condition specified using HTTP conditional header(s) is not met.\n",
        "RequestId:feb68f53-501e-0061-7c81-3e6e4d000000\n",
        "Time:2019-07-19T22:28:36.0788338Z\u003c\u002fMessage\u003e\u003c\u002fError\u003e"
      ]
    },
    {
      "RequestUri": "http:\u002f\u002fstorageteglazatesting.blob.core.windows.net\u002ftest-container-b9402ce9-1e87-0785-4f3a-0ec954668be4?restype=container",
      "RequestMethod": "DELETE",
      "RequestHeaders": {
        "Authorization": "Sanitized",
        "Request-Id": "|83329661-417105b58f893b74.",
        "User-Agent": [
          "azsdk-net-Storage.Blobs\u002f12.0.0-dev.20190719.1\u002bc8048e578cb4cbc84a82baab49fbe6ebc3f4bd7e",
          "(.NET Core 4.6.27414.06; Microsoft Windows 10.0.18362 )"
        ],
        "x-ms-client-request-id": "68eb52e38340260605654a78fa7307af",
        "x-ms-date": "Fri, 19 Jul 2019 22:28:36 GMT",
        "x-ms-return-client-request-id": "true",
        "x-ms-version": "2018-11-09"
      },
      "RequestBody": null,
      "StatusCode": 202,
      "ResponseHeaders": {
        "Content-Length": "0",
        "Date": "Fri, 19 Jul 2019 22:28:35 GMT",
        "Server": [
          "Windows-Azure-Blob\u002f1.0",
          "Microsoft-HTTPAPI\u002f2.0"
        ],
        "x-ms-request-id": "feb68f67-501e-0061-0e81-3e6e4d000000",
        "x-ms-version": "2018-11-09"
      },
      "ResponseBody": []
    },
    {
      "RequestUri": "http:\u002f\u002fstorageteglazatesting.blob.core.windows.net\u002ftest-container-410852e0-fd09-088e-4616-8d3423946c89?restype=container",
      "RequestMethod": "PUT",
      "RequestHeaders": {
        "Authorization": "Sanitized",
        "Request-Id": "|83329662-417105b58f893b74.",
        "User-Agent": [
          "azsdk-net-Storage.Blobs\u002f12.0.0-dev.20190719.1\u002bc8048e578cb4cbc84a82baab49fbe6ebc3f4bd7e",
          "(.NET Core 4.6.27414.06; Microsoft Windows 10.0.18362 )"
        ],
        "x-ms-blob-public-access": "container",
        "x-ms-client-request-id": "0d7a568763730c7bc00f4377e8144127",
        "x-ms-date": "Fri, 19 Jul 2019 22:28:36 GMT",
        "x-ms-return-client-request-id": "true",
        "x-ms-version": "2018-11-09"
      },
      "RequestBody": null,
      "StatusCode": 201,
      "ResponseHeaders": {
        "Content-Length": "0",
        "Date": "Fri, 19 Jul 2019 22:28:35 GMT",
        "ETag": "\u00220x8D70C9870ACA1EF\u0022",
        "Last-Modified": "Fri, 19 Jul 2019 22:28:36 GMT",
        "Server": [
          "Windows-Azure-Blob\u002f1.0",
          "Microsoft-HTTPAPI\u002f2.0"
        ],
        "x-ms-request-id": "feb68f75-501e-0061-1b81-3e6e4d000000",
        "x-ms-version": "2018-11-09"
      },
      "ResponseBody": []
    },
    {
      "RequestUri": "http:\u002f\u002fstorageteglazatesting.blob.core.windows.net\u002ftest-container-410852e0-fd09-088e-4616-8d3423946c89\u002ftest-blob-64919a04-157c-e687-c4e3-222af6d20370",
      "RequestMethod": "PUT",
      "RequestHeaders": {
        "Authorization": "Sanitized",
        "Content-Length": "0",
        "Request-Id": "|83329663-417105b58f893b74.",
        "User-Agent": [
          "azsdk-net-Storage.Blobs\u002f12.0.0-dev.20190719.1\u002bc8048e578cb4cbc84a82baab49fbe6ebc3f4bd7e",
          "(.NET Core 4.6.27414.06; Microsoft Windows 10.0.18362 )"
        ],
        "x-ms-blob-content-length": "1024",
        "x-ms-blob-sequence-number": "0",
        "x-ms-blob-type": "PageBlob",
        "x-ms-client-request-id": "a3f0c0f8faf87d3bd7fc81faba162032",
        "x-ms-date": "Fri, 19 Jul 2019 22:28:36 GMT",
        "x-ms-return-client-request-id": "true",
        "x-ms-version": "2018-11-09"
      },
      "RequestBody": null,
      "StatusCode": 201,
      "ResponseHeaders": {
        "Content-Length": "0",
        "Date": "Fri, 19 Jul 2019 22:28:35 GMT",
        "ETag": "\u00220x8D70C9870AEB7AB\u0022",
        "Last-Modified": "Fri, 19 Jul 2019 22:28:36 GMT",
        "Server": [
          "Windows-Azure-Blob\u002f1.0",
          "Microsoft-HTTPAPI\u002f2.0"
        ],
        "x-ms-request-id": "feb68f85-501e-0061-2881-3e6e4d000000",
        "x-ms-request-server-encrypted": "true",
        "x-ms-version": "2018-11-09"
      },
      "ResponseBody": []
    },
    {
      "RequestUri": "http:\u002f\u002fstorageteglazatesting.blob.core.windows.net\u002ftest-container-410852e0-fd09-088e-4616-8d3423946c89\u002ftest-blob-64919a04-157c-e687-c4e3-222af6d20370",
      "RequestMethod": "PUT",
      "RequestHeaders": {
        "Authorization": "Sanitized",
        "Content-Length": "0",
        "If-Match": "\u0022garbage\u0022",
        "Request-Id": "|83329664-417105b58f893b74.",
        "User-Agent": [
          "azsdk-net-Storage.Blobs\u002f12.0.0-dev.20190719.1\u002bc8048e578cb4cbc84a82baab49fbe6ebc3f4bd7e",
          "(.NET Core 4.6.27414.06; Microsoft Windows 10.0.18362 )"
        ],
        "x-ms-blob-content-length": "1024",
        "x-ms-blob-type": "PageBlob",
        "x-ms-client-request-id": "883065d40803710ccf934890405015ed",
        "x-ms-date": "Fri, 19 Jul 2019 22:28:36 GMT",
        "x-ms-return-client-request-id": "true",
        "x-ms-version": "2018-11-09"
      },
      "RequestBody": null,
      "StatusCode": 412,
      "ResponseHeaders": {
        "Content-Length": "252",
        "Content-Type": "application\u002fxml",
        "Date": "Fri, 19 Jul 2019 22:28:35 GMT",
        "Server": [
          "Windows-Azure-Blob\u002f1.0",
          "Microsoft-HTTPAPI\u002f2.0"
        ],
        "x-ms-error-code": "ConditionNotMet",
        "x-ms-request-id": "feb68f90-501e-0061-3381-3e6e4d000000",
        "x-ms-version": "2018-11-09"
      },
      "ResponseBody": [
        "\ufeff\u003c?xml version=\u00221.0\u0022 encoding=\u0022utf-8\u0022?\u003e\u003cError\u003e\u003cCode\u003eConditionNotMet\u003c\u002fCode\u003e\u003cMessage\u003eThe condition specified using HTTP conditional header(s) is not met.\n",
        "RequestId:feb68f90-501e-0061-3381-3e6e4d000000\n",
        "Time:2019-07-19T22:28:36.1418945Z\u003c\u002fMessage\u003e\u003c\u002fError\u003e"
      ]
    },
    {
      "RequestUri": "http:\u002f\u002fstorageteglazatesting.blob.core.windows.net\u002ftest-container-410852e0-fd09-088e-4616-8d3423946c89?restype=container",
      "RequestMethod": "DELETE",
      "RequestHeaders": {
        "Authorization": "Sanitized",
        "Request-Id": "|83329665-417105b58f893b74.",
        "User-Agent": [
          "azsdk-net-Storage.Blobs\u002f12.0.0-dev.20190719.1\u002bc8048e578cb4cbc84a82baab49fbe6ebc3f4bd7e",
          "(.NET Core 4.6.27414.06; Microsoft Windows 10.0.18362 )"
        ],
        "x-ms-client-request-id": "277fd20b9d230a2f5e148d80948d2cad",
        "x-ms-date": "Fri, 19 Jul 2019 22:28:36 GMT",
        "x-ms-return-client-request-id": "true",
        "x-ms-version": "2018-11-09"
      },
      "RequestBody": null,
      "StatusCode": 202,
      "ResponseHeaders": {
        "Content-Length": "0",
        "Date": "Fri, 19 Jul 2019 22:28:35 GMT",
        "Server": [
          "Windows-Azure-Blob\u002f1.0",
          "Microsoft-HTTPAPI\u002f2.0"
        ],
        "x-ms-request-id": "feb68f9c-501e-0061-3c81-3e6e4d000000",
        "x-ms-version": "2018-11-09"
      },
      "ResponseBody": []
    },
    {
      "RequestUri": "http:\u002f\u002fstorageteglazatesting.blob.core.windows.net\u002ftest-container-9055f0c2-7aa2-f06c-b47e-d465b1aa3c86?restype=container",
      "RequestMethod": "PUT",
      "RequestHeaders": {
        "Authorization": "Sanitized",
        "Request-Id": "|83329666-417105b58f893b74.",
        "User-Agent": [
          "azsdk-net-Storage.Blobs\u002f12.0.0-dev.20190719.1\u002bc8048e578cb4cbc84a82baab49fbe6ebc3f4bd7e",
          "(.NET Core 4.6.27414.06; Microsoft Windows 10.0.18362 )"
        ],
        "x-ms-blob-public-access": "container",
        "x-ms-client-request-id": "e7ef93e6f997370e36252aee7b8cdd42",
        "x-ms-date": "Fri, 19 Jul 2019 22:28:36 GMT",
        "x-ms-return-client-request-id": "true",
        "x-ms-version": "2018-11-09"
      },
      "RequestBody": null,
      "StatusCode": 201,
      "ResponseHeaders": {
        "Content-Length": "0",
        "Date": "Fri, 19 Jul 2019 22:28:35 GMT",
        "ETag": "\u00220x8D70C9870B556A9\u0022",
        "Last-Modified": "Fri, 19 Jul 2019 22:28:36 GMT",
        "Server": [
          "Windows-Azure-Blob\u002f1.0",
          "Microsoft-HTTPAPI\u002f2.0"
        ],
        "x-ms-request-id": "feb68fa2-501e-0061-4181-3e6e4d000000",
        "x-ms-version": "2018-11-09"
      },
      "ResponseBody": []
    },
    {
      "RequestUri": "http:\u002f\u002fstorageteglazatesting.blob.core.windows.net\u002ftest-container-9055f0c2-7aa2-f06c-b47e-d465b1aa3c86\u002ftest-blob-50cd9b67-85fa-904b-658f-72a5c8c958b4",
      "RequestMethod": "PUT",
      "RequestHeaders": {
        "Authorization": "Sanitized",
        "Content-Length": "0",
        "Request-Id": "|83329667-417105b58f893b74.",
        "User-Agent": [
          "azsdk-net-Storage.Blobs\u002f12.0.0-dev.20190719.1\u002bc8048e578cb4cbc84a82baab49fbe6ebc3f4bd7e",
          "(.NET Core 4.6.27414.06; Microsoft Windows 10.0.18362 )"
        ],
        "x-ms-blob-content-length": "1024",
        "x-ms-blob-sequence-number": "0",
        "x-ms-blob-type": "PageBlob",
        "x-ms-client-request-id": "019906d7449dc916e21e5a7c507d7428",
        "x-ms-date": "Fri, 19 Jul 2019 22:28:36 GMT",
        "x-ms-return-client-request-id": "true",
        "x-ms-version": "2018-11-09"
      },
      "RequestBody": null,
      "StatusCode": 201,
      "ResponseHeaders": {
        "Content-Length": "0",
        "Date": "Fri, 19 Jul 2019 22:28:35 GMT",
        "ETag": "\u00220x8D70C9870B7936D\u0022",
        "Last-Modified": "Fri, 19 Jul 2019 22:28:36 GMT",
        "Server": [
          "Windows-Azure-Blob\u002f1.0",
          "Microsoft-HTTPAPI\u002f2.0"
        ],
        "x-ms-request-id": "feb68fae-501e-0061-4b81-3e6e4d000000",
        "x-ms-request-server-encrypted": "true",
        "x-ms-version": "2018-11-09"
      },
      "ResponseBody": []
    },
    {
      "RequestUri": "http:\u002f\u002fstorageteglazatesting.blob.core.windows.net\u002ftest-container-9055f0c2-7aa2-f06c-b47e-d465b1aa3c86\u002ftest-blob-50cd9b67-85fa-904b-658f-72a5c8c958b4",
      "RequestMethod": "HEAD",
      "RequestHeaders": {
        "Authorization": "Sanitized",
        "Request-Id": "|83329668-417105b58f893b74.",
        "User-Agent": [
          "azsdk-net-Storage.Blobs\u002f12.0.0-dev.20190719.1\u002bc8048e578cb4cbc84a82baab49fbe6ebc3f4bd7e",
          "(.NET Core 4.6.27414.06; Microsoft Windows 10.0.18362 )"
        ],
        "x-ms-client-request-id": "15fe92a1ecdc618c475e810786686e6c",
        "x-ms-date": "Fri, 19 Jul 2019 22:28:36 GMT",
        "x-ms-return-client-request-id": "true",
        "x-ms-version": "2018-11-09"
      },
      "RequestBody": null,
      "StatusCode": 200,
      "ResponseHeaders": {
        "Accept-Ranges": "bytes",
        "Content-Length": "1024",
        "Content-Type": "application\u002foctet-stream",
        "Date": "Fri, 19 Jul 2019 22:28:35 GMT",
        "ETag": "\u00220x8D70C9870B7936D\u0022",
        "Last-Modified": "Fri, 19 Jul 2019 22:28:36 GMT",
        "Server": [
          "Windows-Azure-Blob\u002f1.0",
          "Microsoft-HTTPAPI\u002f2.0"
        ],
        "x-ms-access-tier": "Hot",
        "x-ms-access-tier-inferred": "true",
        "x-ms-blob-sequence-number": "0",
        "x-ms-blob-type": "PageBlob",
        "x-ms-creation-time": "Fri, 19 Jul 2019 22:28:36 GMT",
        "x-ms-lease-state": "available",
        "x-ms-lease-status": "unlocked",
        "x-ms-request-id": "feb68fb6-501e-0061-5381-3e6e4d000000",
        "x-ms-server-encrypted": "true",
        "x-ms-tag-count": "0",
        "x-ms-version": "2018-11-09"
      },
      "ResponseBody": []
    },
    {
      "RequestUri": "http:\u002f\u002fstorageteglazatesting.blob.core.windows.net\u002ftest-container-9055f0c2-7aa2-f06c-b47e-d465b1aa3c86\u002ftest-blob-50cd9b67-85fa-904b-658f-72a5c8c958b4",
      "RequestMethod": "PUT",
      "RequestHeaders": {
        "Authorization": "Sanitized",
        "Content-Length": "0",
        "If-None-Match": "\u00220x8D70C9870B7936D\u0022",
        "Request-Id": "|83329669-417105b58f893b74.",
        "User-Agent": [
          "azsdk-net-Storage.Blobs\u002f12.0.0-dev.20190719.1\u002bc8048e578cb4cbc84a82baab49fbe6ebc3f4bd7e",
          "(.NET Core 4.6.27414.06; Microsoft Windows 10.0.18362 )"
        ],
        "x-ms-blob-content-length": "1024",
        "x-ms-blob-type": "PageBlob",
        "x-ms-client-request-id": "751776ccdbf222a484046edb2ace40e8",
        "x-ms-date": "Fri, 19 Jul 2019 22:28:36 GMT",
        "x-ms-return-client-request-id": "true",
        "x-ms-version": "2018-11-09"
      },
      "RequestBody": null,
      "StatusCode": 412,
      "ResponseHeaders": {
        "Content-Length": "252",
        "Content-Type": "application\u002fxml",
        "Date": "Fri, 19 Jul 2019 22:28:35 GMT",
        "Server": [
          "Windows-Azure-Blob\u002f1.0",
          "Microsoft-HTTPAPI\u002f2.0"
        ],
        "x-ms-error-code": "ConditionNotMet",
        "x-ms-request-id": "feb68fbe-501e-0061-5a81-3e6e4d000000",
        "x-ms-version": "2018-11-09"
      },
      "ResponseBody": [
        "\ufeff\u003c?xml version=\u00221.0\u0022 encoding=\u0022utf-8\u0022?\u003e\u003cError\u003e\u003cCode\u003eConditionNotMet\u003c\u002fCode\u003e\u003cMessage\u003eThe condition specified using HTTP conditional header(s) is not met.\n",
        "RequestId:feb68fbe-501e-0061-5a81-3e6e4d000000\n",
        "Time:2019-07-19T22:28:36.2159659Z\u003c\u002fMessage\u003e\u003c\u002fError\u003e"
      ]
    },
    {
      "RequestUri": "http:\u002f\u002fstorageteglazatesting.blob.core.windows.net\u002ftest-container-9055f0c2-7aa2-f06c-b47e-d465b1aa3c86?restype=container",
      "RequestMethod": "DELETE",
      "RequestHeaders": {
        "Authorization": "Sanitized",
        "Request-Id": "|8332966a-417105b58f893b74.",
        "User-Agent": [
          "azsdk-net-Storage.Blobs\u002f12.0.0-dev.20190719.1\u002bc8048e578cb4cbc84a82baab49fbe6ebc3f4bd7e",
          "(.NET Core 4.6.27414.06; Microsoft Windows 10.0.18362 )"
        ],
        "x-ms-client-request-id": "35044a1a43cbebd77938b93fc30f4279",
        "x-ms-date": "Fri, 19 Jul 2019 22:28:36 GMT",
        "x-ms-return-client-request-id": "true",
        "x-ms-version": "2018-11-09"
      },
      "RequestBody": null,
      "StatusCode": 202,
      "ResponseHeaders": {
        "Content-Length": "0",
        "Date": "Fri, 19 Jul 2019 22:28:35 GMT",
        "Server": [
          "Windows-Azure-Blob\u002f1.0",
          "Microsoft-HTTPAPI\u002f2.0"
        ],
        "x-ms-request-id": "feb68fd1-501e-0061-6881-3e6e4d000000",
        "x-ms-version": "2018-11-09"
      },
      "ResponseBody": []
    },
    {
      "RequestUri": "http:\u002f\u002fstorageteglazatesting.blob.core.windows.net\u002ftest-container-daafedb0-ff66-c536-eedb-91d87db03679?restype=container",
      "RequestMethod": "PUT",
      "RequestHeaders": {
        "Authorization": "Sanitized",
        "Request-Id": "|8332966b-417105b58f893b74.",
        "User-Agent": [
          "azsdk-net-Storage.Blobs\u002f12.0.0-dev.20190719.1\u002bc8048e578cb4cbc84a82baab49fbe6ebc3f4bd7e",
          "(.NET Core 4.6.27414.06; Microsoft Windows 10.0.18362 )"
        ],
        "x-ms-blob-public-access": "container",
        "x-ms-client-request-id": "3cec991e386489a09e2bfbb922655e75",
        "x-ms-date": "Fri, 19 Jul 2019 22:28:36 GMT",
        "x-ms-return-client-request-id": "true",
        "x-ms-version": "2018-11-09"
      },
      "RequestBody": null,
      "StatusCode": 201,
      "ResponseHeaders": {
        "Content-Length": "0",
        "Date": "Fri, 19 Jul 2019 22:28:35 GMT",
        "ETag": "\u00220x8D70C9870C0A412\u0022",
        "Last-Modified": "Fri, 19 Jul 2019 22:28:36 GMT",
        "Server": [
          "Windows-Azure-Blob\u002f1.0",
          "Microsoft-HTTPAPI\u002f2.0"
        ],
        "x-ms-request-id": "feb68fd7-501e-0061-6d81-3e6e4d000000",
        "x-ms-version": "2018-11-09"
      },
      "ResponseBody": []
    },
    {
      "RequestUri": "http:\u002f\u002fstorageteglazatesting.blob.core.windows.net\u002ftest-container-daafedb0-ff66-c536-eedb-91d87db03679\u002ftest-blob-3d2bf4c1-651f-1b81-133f-47f0b1fe6dc8",
      "RequestMethod": "PUT",
      "RequestHeaders": {
        "Authorization": "Sanitized",
        "Content-Length": "0",
        "Request-Id": "|8332966c-417105b58f893b74.",
        "User-Agent": [
          "azsdk-net-Storage.Blobs\u002f12.0.0-dev.20190719.1\u002bc8048e578cb4cbc84a82baab49fbe6ebc3f4bd7e",
          "(.NET Core 4.6.27414.06; Microsoft Windows 10.0.18362 )"
        ],
        "x-ms-blob-content-length": "1024",
        "x-ms-blob-sequence-number": "0",
        "x-ms-blob-type": "PageBlob",
        "x-ms-client-request-id": "2a204002062277154c253b3b037ca289",
        "x-ms-date": "Fri, 19 Jul 2019 22:28:36 GMT",
        "x-ms-return-client-request-id": "true",
        "x-ms-version": "2018-11-09"
      },
      "RequestBody": null,
      "StatusCode": 201,
      "ResponseHeaders": {
        "Content-Length": "0",
        "Date": "Fri, 19 Jul 2019 22:28:35 GMT",
        "ETag": "\u00220x8D70C9870C29292\u0022",
        "Last-Modified": "Fri, 19 Jul 2019 22:28:36 GMT",
        "Server": [
          "Windows-Azure-Blob\u002f1.0",
          "Microsoft-HTTPAPI\u002f2.0"
        ],
        "x-ms-request-id": "feb68fe3-501e-0061-7581-3e6e4d000000",
        "x-ms-request-server-encrypted": "true",
        "x-ms-version": "2018-11-09"
      },
      "ResponseBody": []
    },
    {
      "RequestUri": "http:\u002f\u002fstorageteglazatesting.blob.core.windows.net\u002ftest-container-daafedb0-ff66-c536-eedb-91d87db03679\u002ftest-blob-3d2bf4c1-651f-1b81-133f-47f0b1fe6dc8?comp=lease",
      "RequestMethod": "PUT",
      "RequestHeaders": {
        "Authorization": "Sanitized",
        "Request-Id": "|8332966d-417105b58f893b74.",
        "User-Agent": [
          "azsdk-net-Storage.Blobs\u002f12.0.0-dev.20190719.1\u002bc8048e578cb4cbc84a82baab49fbe6ebc3f4bd7e",
          "(.NET Core 4.6.27414.06; Microsoft Windows 10.0.18362 )"
        ],
        "x-ms-client-request-id": "e1b732bd3444ba53dfb3f0f92a451797",
        "x-ms-date": "Fri, 19 Jul 2019 22:28:36 GMT",
        "x-ms-lease-action": "acquire",
        "x-ms-lease-duration": "-1",
        "x-ms-proposed-lease-id": "89171c7c-f985-b85a-18d1-2825f0b0d8a0",
        "x-ms-return-client-request-id": "true",
        "x-ms-version": "2018-11-09"
      },
      "RequestBody": null,
      "StatusCode": 201,
      "ResponseHeaders": {
        "Content-Length": "0",
        "Date": "Fri, 19 Jul 2019 22:28:35 GMT",
        "ETag": "\u00220x8D70C9870C29292\u0022",
        "Last-Modified": "Fri, 19 Jul 2019 22:28:36 GMT",
        "Server": [
          "Windows-Azure-Blob\u002f1.0",
          "Microsoft-HTTPAPI\u002f2.0"
        ],
        "x-ms-lease-id": "89171c7c-f985-b85a-18d1-2825f0b0d8a0",
        "x-ms-request-id": "feb68fe8-501e-0061-7a81-3e6e4d000000",
        "x-ms-version": "2018-11-09"
      },
      "ResponseBody": []
    },
    {
      "RequestUri": "http:\u002f\u002fstorageteglazatesting.blob.core.windows.net\u002ftest-container-daafedb0-ff66-c536-eedb-91d87db03679\u002ftest-blob-3d2bf4c1-651f-1b81-133f-47f0b1fe6dc8",
      "RequestMethod": "PUT",
      "RequestHeaders": {
        "Authorization": "Sanitized",
        "Content-Length": "0",
        "Request-Id": "|8332966e-417105b58f893b74.",
        "User-Agent": [
          "azsdk-net-Storage.Blobs\u002f12.0.0-dev.20190719.1\u002bc8048e578cb4cbc84a82baab49fbe6ebc3f4bd7e",
          "(.NET Core 4.6.27414.06; Microsoft Windows 10.0.18362 )"
        ],
        "x-ms-blob-content-length": "1024",
        "x-ms-blob-type": "PageBlob",
        "x-ms-client-request-id": "9573be9ce4e70843e6671150deef879c",
        "x-ms-date": "Fri, 19 Jul 2019 22:28:36 GMT",
        "x-ms-lease-id": "58e07ca0-954f-ea31-3521-8812a727b357",
        "x-ms-return-client-request-id": "true",
        "x-ms-version": "2018-11-09"
      },
      "RequestBody": null,
      "StatusCode": 412,
      "ResponseHeaders": {
        "Content-Length": "264",
        "Content-Type": "application\u002fxml",
        "Date": "Fri, 19 Jul 2019 22:28:35 GMT",
        "Server": [
          "Windows-Azure-Blob\u002f1.0",
          "Microsoft-HTTPAPI\u002f2.0"
        ],
        "x-ms-error-code": "LeaseIdMismatchWithBlobOperation",
        "x-ms-request-id": "feb68fec-501e-0061-7e81-3e6e4d000000",
        "x-ms-version": "2018-11-09"
      },
      "ResponseBody": [
        "\ufeff\u003c?xml version=\u00221.0\u0022 encoding=\u0022utf-8\u0022?\u003e\u003cError\u003e\u003cCode\u003eLeaseIdMismatchWithBlobOperation\u003c\u002fCode\u003e\u003cMessage\u003eThe lease ID specified did not match the lease ID for the blob.\n",
        "RequestId:feb68fec-501e-0061-7e81-3e6e4d000000\n",
        "Time:2019-07-19T22:28:36.2900372Z\u003c\u002fMessage\u003e\u003c\u002fError\u003e"
      ]
    },
    {
      "RequestUri": "http:\u002f\u002fstorageteglazatesting.blob.core.windows.net\u002ftest-container-daafedb0-ff66-c536-eedb-91d87db03679?restype=container",
      "RequestMethod": "DELETE",
      "RequestHeaders": {
        "Authorization": "Sanitized",
        "Request-Id": "|8332966f-417105b58f893b74.",
        "User-Agent": [
          "azsdk-net-Storage.Blobs\u002f12.0.0-dev.20190719.1\u002bc8048e578cb4cbc84a82baab49fbe6ebc3f4bd7e",
          "(.NET Core 4.6.27414.06; Microsoft Windows 10.0.18362 )"
        ],
        "x-ms-client-request-id": "d17e9b4dc0c54844c85caad209608ed2",
        "x-ms-date": "Fri, 19 Jul 2019 22:28:36 GMT",
        "x-ms-return-client-request-id": "true",
        "x-ms-version": "2018-11-09"
      },
      "RequestBody": null,
      "StatusCode": 202,
      "ResponseHeaders": {
        "Content-Length": "0",
        "Date": "Fri, 19 Jul 2019 22:28:35 GMT",
        "Server": [
          "Windows-Azure-Blob\u002f1.0",
          "Microsoft-HTTPAPI\u002f2.0"
        ],
        "x-ms-request-id": "feb68ff7-501e-0061-0981-3e6e4d000000",
        "x-ms-version": "2018-11-09"
      },
      "ResponseBody": []
    }
  ],
  "Variables": {
    "DateTimeOffsetNow": "2019-07-19T15:28:35.9882964-07:00",
    "RandomSeed": "481877531",
    "Storage_TestConfigDefault": "ProductionTenant\nstorageteglazatesting\nU2FuaXRpemVk\nhttp:\u002f\u002fstorageteglazatesting.blob.core.windows.net\nhttp:\u002f\u002fstorageteglazatesting.file.core.windows.net\nhttp:\u002f\u002fstorageteglazatesting.queue.core.windows.net\nhttp:\u002f\u002fstorageteglazatesting.table.core.windows.net\n\n\n\n\nhttp:\u002f\u002fstorageteglazatesting-secondary.blob.core.windows.net\n\nhttp:\u002f\u002fstorageteglazatesting-secondary.queue.core.windows.net\nhttp:\u002f\u002fstorageteglazatesting-secondary.table.core.windows.net\n\nSanitized\n\n\nCloud\nBlobEndpoint=http:\u002f\u002fstorageteglazatesting.blob.core.windows.net\u002f;QueueEndpoint=http:\u002f\u002fstorageteglazatesting.queue.core.windows.net\u002f;TableEndpoint=http:\u002f\u002fstorageteglazatesting.table.core.windows.net\u002f;FileEndpoint=http:\u002f\u002fstorageteglazatesting.file.core.windows.net\u002f;BlobSecondaryEndpoint=http:\u002f\u002fstorageteglazatesting-secondary.blob.core.windows.net\u002f;QueueSecondaryEndpoint=http:\u002f\u002fstorageteglazatesting-secondary.queue.core.windows.net\u002f;TableSecondaryEndpoint=http:\u002f\u002fstorageteglazatesting-secondary.table.core.windows.net\u002f;AccountName=storageteglazatesting;AccountKey=Sanitized"
  }
}