{
  "Entries": [
    {
      "RequestUri": "https://huxcanadac.blob.core.windows.net/test-container-2e6df826-5925-32ee-0b7c-71bd8ab4ef2b?restype=container",
      "RequestMethod": "PUT",
      "RequestHeaders": {
        "Authorization": "Sanitized",
        "traceparent": "00-802c0889fdde2245816e6f73abb2bfcd-a0a5379aedf9f04a-00",
        "User-Agent": [
          "azsdk-net-Storage.Blobs/12.5.0-dev.20200603.1",
          "(.NET Core 4.6.28619.01; Microsoft Windows 10.0.18362 )"
        ],
        "x-ms-blob-public-access": "container",
        "x-ms-client-request-id": "09146f79-e82b-cf88-f371-2d268919dc31",
        "x-ms-date": "Wed, 03 Jun 2020 17:29:03 GMT",
        "x-ms-return-client-request-id": "true",
        "x-ms-version": "2020-02-10"
      },
      "RequestBody": null,
      "StatusCode": 201,
      "ResponseHeaders": {
        "Content-Length": "0",
        "Date": "Wed, 03 Jun 2020 17:29:03 GMT",
        "ETag": "\u00220x8D807E39C5AEF8F\u0022",
        "Last-Modified": "Wed, 03 Jun 2020 17:29:03 GMT",
        "Server": [
          "Windows-Azure-Blob/1.0",
          "Microsoft-HTTPAPI/2.0"
        ],
        "x-ms-client-request-id": "09146f79-e82b-cf88-f371-2d268919dc31",
        "x-ms-request-id": "a0e9d2af-601e-0016-66cc-39f73f000000",
        "x-ms-version": "2020-02-10"
      },
      "ResponseBody": []
    },
    {
      "RequestUri": "https://huxcanadac.blob.core.windows.net/test-container-2e6df826-5925-32ee-0b7c-71bd8ab4ef2b/test-blob-0701d1e2-9b4a-e910-8077-6eb932f69366",
      "RequestMethod": "PUT",
      "RequestHeaders": {
        "Authorization": "Sanitized",
        "Content-Length": "0",
        "traceparent": "00-d326699c15a094458609f5782578e20b-2ddedbc0f6ecb64c-00",
        "User-Agent": [
          "azsdk-net-Storage.Blobs/12.5.0-dev.20200603.1",
          "(.NET Core 4.6.28619.01; Microsoft Windows 10.0.18362 )"
        ],
        "x-ms-blob-content-length": "4096",
        "x-ms-blob-sequence-number": "0",
        "x-ms-blob-type": "PageBlob",
        "x-ms-client-request-id": "cd14f58f-e8a3-dd0a-5e2b-88b479cf9cfc",
        "x-ms-date": "Wed, 03 Jun 2020 17:29:04 GMT",
        "x-ms-return-client-request-id": "true",
        "x-ms-version": "2020-02-10"
      },
      "RequestBody": null,
      "StatusCode": 201,
      "ResponseHeaders": {
        "Content-Length": "0",
        "Date": "Wed, 03 Jun 2020 17:29:03 GMT",
        "ETag": "\u00220x8D807E39C62D86C\u0022",
        "Last-Modified": "Wed, 03 Jun 2020 17:29:03 GMT",
        "Server": [
          "Windows-Azure-Blob/1.0",
          "Microsoft-HTTPAPI/2.0"
        ],
        "x-ms-client-request-id": "cd14f58f-e8a3-dd0a-5e2b-88b479cf9cfc",
        "x-ms-request-id": "a0e9d2db-601e-0016-0ecc-39f73f000000",
        "x-ms-request-server-encrypted": "true",
        "x-ms-version": "2020-02-10",
        "x-ms-version-id": "2020-06-03T17:29:03.5629449Z"
      },
      "ResponseBody": []
    },
    {
      "RequestUri": "https://huxcanadac.blob.core.windows.net/test-container-2e6df826-5925-32ee-0b7c-71bd8ab4ef2b/test-blob-0701d1e2-9b4a-e910-8077-6eb932f69366?comp=pagelist",
      "RequestMethod": "GET",
      "RequestHeaders": {
        "Authorization": "Sanitized",
        "traceparent": "00-4396ff7af4f83c45b718cf9177ec1d10-87f6ee3230c0ea4e-00",
        "User-Agent": [
          "azsdk-net-Storage.Blobs/12.5.0-dev.20200603.1",
          "(.NET Core 4.6.28619.01; Microsoft Windows 10.0.18362 )"
        ],
        "x-ms-client-request-id": "3d2ac909-c5e1-a4c3-1265-bc745c4ab67f",
        "x-ms-date": "Wed, 03 Jun 2020 17:29:04 GMT",
        "x-ms-if-tags": "\u0022coolTag\u0022 = \u0027true\u0027",
        "x-ms-range": "bytes=0-4095",
        "x-ms-return-client-request-id": "true",
        "x-ms-version": "2020-02-10"
      },
      "RequestBody": null,
      "StatusCode": 412,
      "ResponseHeaders": {
        "Content-Length": "252",
        "Content-Type": "application/xml",
        "Date": "Wed, 03 Jun 2020 17:29:03 GMT",
        "Server": [
          "Windows-Azure-Blob/1.0",
          "Microsoft-HTTPAPI/2.0"
        ],
        "x-ms-client-request-id": "3d2ac909-c5e1-a4c3-1265-bc745c4ab67f",
        "x-ms-error-code": "ConditionNotMet",
        "x-ms-request-id": "a0e9d307-601e-0016-35cc-39f73f000000",
        "x-ms-version": "2020-02-10"
      },
      "ResponseBody": [
        "\uFEFF\u003C?xml version=\u00221.0\u0022 encoding=\u0022utf-8\u0022?\u003E\u003CError\u003E\u003CCode\u003EConditionNotMet\u003C/Code\u003E\u003CMessage\u003EThe condition specified using HTTP conditional header(s) is not met.\n",
        "RequestId:a0e9d307-601e-0016-35cc-39f73f000000\n",
        "Time:2020-06-03T17:29:03.6191980Z\u003C/Message\u003E\u003C/Error\u003E"
      ]
    },
    {
      "RequestUri": "https://huxcanadac.blob.core.windows.net/test-container-2e6df826-5925-32ee-0b7c-71bd8ab4ef2b?restype=container",
      "RequestMethod": "DELETE",
      "RequestHeaders": {
        "Authorization": "Sanitized",
        "traceparent": "00-1d010d3fcc274d4eb9c2d9fa59b32753-a8058cf483063840-00",
        "User-Agent": [
          "azsdk-net-Storage.Blobs/12.5.0-dev.20200603.1",
          "(.NET Core 4.6.28619.01; Microsoft Windows 10.0.18362 )"
        ],
        "x-ms-client-request-id": "b0aa5951-5fa5-171b-03f6-5970051ca087",
        "x-ms-date": "Wed, 03 Jun 2020 17:29:04 GMT",
        "x-ms-return-client-request-id": "true",
        "x-ms-version": "2020-02-10"
      },
      "RequestBody": null,
      "StatusCode": 202,
      "ResponseHeaders": {
        "Content-Length": "0",
        "Date": "Wed, 03 Jun 2020 17:29:03 GMT",
        "Server": [
          "Windows-Azure-Blob/1.0",
          "Microsoft-HTTPAPI/2.0"
        ],
        "x-ms-client-request-id": "b0aa5951-5fa5-171b-03f6-5970051ca087",
        "x-ms-request-id": "a0e9d336-601e-0016-5dcc-39f73f000000",
        "x-ms-version": "2020-02-10"
      },
      "ResponseBody": []
    }
  ],
  "Variables": {
    "RandomSeed": "681928809",
    "Storage_TestConfigDefault": "ProductionTenant\nhuxcanadac\nU2FuaXRpemVk\nhttps://huxcanadac.blob.core.windows.net\nhttps://huxcanadac.file.core.windows.net\nhttps://huxcanadac.queue.core.windows.net\nhttps://huxcanadac.table.core.windows.net\n\n\n\n\nhttps://huxcanadac-secondary.blob.core.windows.net\nhttps://huxcanadac-secondary.file.core.windows.net\nhttps://huxcanadac-secondary.queue.core.windows.net\nhttps://huxcanadac-secondary.table.core.windows.net\n\nSanitized\n\n\nCloud\nBlobEndpoint=https://huxcanadac.blob.core.windows.net/;QueueEndpoint=https://huxcanadac.queue.core.windows.net/;FileEndpoint=https://huxcanadac.file.core.windows.net/;BlobSecondaryEndpoint=https://huxcanadac-secondary.blob.core.windows.net/;QueueSecondaryEndpoint=https://huxcanadac-secondary.queue.core.windows.net/;FileSecondaryEndpoint=https://huxcanadac-secondary.file.core.windows.net/;AccountName=huxcanadac;AccountKey=Sanitized\nseanscope1"
  }
}