{
  "Entries": [
    {
      "RequestUri": "https://seanmcccanary3.blob.core.windows.net/test-container-ee6e3ff6-63c5-71fa-6ec2-e6fb5e563f73?restype=container",
      "RequestMethod": "PUT",
      "RequestHeaders": {
        "Accept": "application/xml",
        "Authorization": "Sanitized",
        "traceparent": "00-975f05a7dafbef41a90512f2ee701a28-36dcd90c6083d146-00",
        "User-Agent": [
          "azsdk-net-Storage.Blobs/12.9.0-alpha.20210216.1",
          "(.NET 5.0.3; Microsoft Windows 10.0.19042)"
        ],
        "x-ms-blob-public-access": "container",
        "x-ms-client-request-id": "e8ab42ef-f6e2-860f-4aa4-ed1efef59650",
        "x-ms-date": "Wed, 17 Feb 2021 02:26:16 GMT",
        "x-ms-return-client-request-id": "true",
        "x-ms-version": "2020-06-12"
      },
      "RequestBody": null,
      "StatusCode": 201,
      "ResponseHeaders": {
        "Content-Length": "0",
        "Date": "Wed, 17 Feb 2021 02:26:15 GMT",
        "ETag": "\u00220x8D8D2EB67922938\u0022",
        "Last-Modified": "Wed, 17 Feb 2021 02:26:16 GMT",
        "Server": [
          "Windows-Azure-Blob/1.0",
          "Microsoft-HTTPAPI/2.0"
        ],
        "x-ms-client-request-id": "e8ab42ef-f6e2-860f-4aa4-ed1efef59650",
        "x-ms-request-id": "d13d94a6-001e-009d-33d4-042878000000",
        "x-ms-version": "2020-06-12"
      },
      "ResponseBody": []
    },
    {
      "RequestUri": "https://seanmcccanary3.blob.core.windows.net/test-container-ee6e3ff6-63c5-71fa-6ec2-e6fb5e563f73/test-blob-f5093f69-a760-72a4-338d-bc02092c99f1",
      "RequestMethod": "PUT",
      "RequestHeaders": {
        "Accept": "application/xml",
        "Authorization": "Sanitized",
        "If-None-Match": "*",
        "traceparent": "00-35ab8e264a377b4f85867e10d5682cbf-688f50540481c745-00",
        "User-Agent": [
          "azsdk-net-Storage.Blobs/12.9.0-alpha.20210216.1",
          "(.NET 5.0.3; Microsoft Windows 10.0.19042)"
        ],
        "x-ms-blob-content-length": "1024",
        "x-ms-blob-type": "PageBlob",
        "x-ms-client-request-id": "ffd67fab-01c8-797c-44c4-7d71a13c3587",
        "x-ms-date": "Wed, 17 Feb 2021 02:26:16 GMT",
        "x-ms-encryption-algorithm": "AES256",
        "x-ms-encryption-key": "I2UMG6pWkW\u002BUEF6Jlu3iPCwJZJh0qSFHnjm1VDkNfB0=",
        "x-ms-encryption-key-sha256": "eeA3cLOdX9JLa62I2eeMgOKlArKWKHTarm1tjAPl9GI=",
        "x-ms-return-client-request-id": "true",
        "x-ms-version": "2020-06-12"
      },
      "RequestBody": null,
      "StatusCode": 201,
      "ResponseHeaders": {
        "Content-Length": "0",
        "Date": "Wed, 17 Feb 2021 02:26:16 GMT",
        "ETag": "\u00220x8D8D2EB679D9119\u0022",
        "Last-Modified": "Wed, 17 Feb 2021 02:26:17 GMT",
        "Server": [
          "Windows-Azure-Blob/1.0",
          "Microsoft-HTTPAPI/2.0"
        ],
        "x-ms-client-request-id": "ffd67fab-01c8-797c-44c4-7d71a13c3587",
        "x-ms-encryption-key-sha256": "eeA3cLOdX9JLa62I2eeMgOKlArKWKHTarm1tjAPl9GI=",
        "x-ms-request-id": "d13d94f0-001e-009d-71d4-042878000000",
        "x-ms-request-server-encrypted": "true",
        "x-ms-version": "2020-06-12",
        "x-ms-version-id": "2021-02-17T02:26:17.0452249Z"
      },
      "ResponseBody": []
    },
    {
      "RequestUri": "https://seanmcccanary3.blob.core.windows.net/test-container-ee6e3ff6-63c5-71fa-6ec2-e6fb5e563f73/test-blob-f5093f69-a760-72a4-338d-bc02092c99f1?comp=properties",
      "RequestMethod": "PUT",
      "RequestHeaders": {
        "Accept": "application/xml",
        "Authorization": "Sanitized",
        "traceparent": "00-3d075dd8f0781b4a8dff65998a3f58ce-434e20ad57114a48-00",
        "User-Agent": [
          "azsdk-net-Storage.Blobs/12.9.0-alpha.20210216.1",
          "(.NET 5.0.3; Microsoft Windows 10.0.19042)"
        ],
        "x-ms-blob-content-length": "8192",
        "x-ms-client-request-id": "b9a9705d-7c37-0955-7f82-5423fc337172",
        "x-ms-date": "Wed, 17 Feb 2021 02:26:16 GMT",
        "x-ms-encryption-algorithm": "AES256",
        "x-ms-encryption-key": "I2UMG6pWkW\u002BUEF6Jlu3iPCwJZJh0qSFHnjm1VDkNfB0=",
        "x-ms-encryption-key-sha256": "eeA3cLOdX9JLa62I2eeMgOKlArKWKHTarm1tjAPl9GI=",
        "x-ms-return-client-request-id": "true",
        "x-ms-version": "2020-06-12"
      },
      "RequestBody": null,
      "StatusCode": 200,
      "ResponseHeaders": {
        "Content-Length": "0",
        "Date": "Wed, 17 Feb 2021 02:26:16 GMT",
        "ETag": "\u00220x8D8D2EB67A7CC29\u0022",
        "Last-Modified": "Wed, 17 Feb 2021 02:26:17 GMT",
        "Server": [
          "Windows-Azure-Blob/1.0",
          "Microsoft-HTTPAPI/2.0"
        ],
        "x-ms-blob-sequence-number": "0",
        "x-ms-client-request-id": "b9a9705d-7c37-0955-7f82-5423fc337172",
        "x-ms-request-id": "d13d953d-001e-009d-32d4-042878000000",
        "x-ms-version": "2020-06-12"
      },
      "ResponseBody": []
    },
    {
      "RequestUri": "https://seanmcccanary3.blob.core.windows.net/test-container-ee6e3ff6-63c5-71fa-6ec2-e6fb5e563f73?restype=container",
      "RequestMethod": "DELETE",
      "RequestHeaders": {
        "Accept": "application/xml",
        "Authorization": "Sanitized",
        "traceparent": "00-db5823f4066ad14e969e8f66a70f66a5-55ffe5c383939542-00",
        "User-Agent": [
          "azsdk-net-Storage.Blobs/12.9.0-alpha.20210216.1",
          "(.NET 5.0.3; Microsoft Windows 10.0.19042)"
        ],
        "x-ms-client-request-id": "3014fac6-7c92-174f-eb74-1a70f430b52f",
        "x-ms-date": "Wed, 17 Feb 2021 02:26:16 GMT",
        "x-ms-return-client-request-id": "true",
        "x-ms-version": "2020-06-12"
      },
      "RequestBody": null,
      "StatusCode": 202,
      "ResponseHeaders": {
        "Content-Length": "0",
        "Date": "Wed, 17 Feb 2021 02:26:16 GMT",
        "Server": [
          "Windows-Azure-Blob/1.0",
          "Microsoft-HTTPAPI/2.0"
        ],
        "x-ms-client-request-id": "3014fac6-7c92-174f-eb74-1a70f430b52f",
        "x-ms-request-id": "d13d9558-001e-009d-4ad4-042878000000",
        "x-ms-version": "2020-06-12"
      },
      "ResponseBody": []
    }
  ],
  "Variables": {
    "RandomSeed": "1064681607",
    "Storage_TestConfigDefault": "ProductionTenant\nseanmcccanary3\nU2FuaXRpemVk\nhttps://seanmcccanary3.blob.core.windows.net\nhttps://seanmcccanary3.file.core.windows.net\nhttps://seanmcccanary3.queue.core.windows.net\nhttps://seanmcccanary3.table.core.windows.net\n\n\n\n\nhttps://seanmcccanary3-secondary.blob.core.windows.net\nhttps://seanmcccanary3-secondary.file.core.windows.net\nhttps://seanmcccanary3-secondary.queue.core.windows.net\nhttps://seanmcccanary3-secondary.table.core.windows.net\n\nSanitized\n\n\nCloud\nBlobEndpoint=https://seanmcccanary3.blob.core.windows.net/;QueueEndpoint=https://seanmcccanary3.queue.core.windows.net/;FileEndpoint=https://seanmcccanary3.file.core.windows.net/;BlobSecondaryEndpoint=https://seanmcccanary3-secondary.blob.core.windows.net/;QueueSecondaryEndpoint=https://seanmcccanary3-secondary.queue.core.windows.net/;FileSecondaryEndpoint=https://seanmcccanary3-secondary.file.core.windows.net/;AccountName=seanmcccanary3;AccountKey=Kg==;\nseanscope1"
  }
}