{
  "Entries": [
    {
      "RequestUri": "http:\u002f\u002fstorageteglazatesting.blob.core.windows.net\u002ftest-container-d1a82d09-7a94-a2e8-c663-609978dd9593?restype=container",
      "RequestMethod": "PUT",
      "RequestHeaders": {
        "Authorization": "Sanitized",
        "Request-Id": "|584d2f51-4110f39a1cab3ec1.",
        "User-Agent": [
          "azsdk-net-Storage.Blobs\u002f12.0.0-dev.20190816.1\u002b0b169fa1e334f0a6d9b7c68fcdece459ccf147ea",
          "(.NET Core 4.6.27817.01; Microsoft Windows 10.0.18362 )"
        ],
        "x-ms-blob-public-access": "container",
        "x-ms-client-request-id": "95262e020be58de1c983cdaa8505d20c",
        "x-ms-date": "Fri, 16 Aug 2019 17:06:59 GMT",
        "x-ms-return-client-request-id": "true",
        "x-ms-version": "2019-02-02"
      },
      "RequestBody": null,
      "StatusCode": 201,
      "ResponseHeaders": {
        "Content-Length": "0",
        "Date": "Fri, 16 Aug 2019 17:06:59 GMT",
        "ETag": "\u00220x8D7226C267AD41D\u0022",
        "Last-Modified": "Fri, 16 Aug 2019 17:06:59 GMT",
        "Server": [
          "Windows-Azure-Blob\u002f1.0",
          "Microsoft-HTTPAPI\u002f2.0"
        ],
        "x-ms-client-request-id": "95262e020be58de1c983cdaa8505d20c",
        "x-ms-request-id": "7cd4c671-901e-009a-5655-54d3d7000000",
        "x-ms-version": "2019-02-02"
      },
      "ResponseBody": []
    },
    {
      "RequestUri": "http:\u002f\u002fstorageteglazatesting.blob.core.windows.net\u002ftest-container-d1a82d09-7a94-a2e8-c663-609978dd9593\u002ftest-blob-865e2c19-125b-882f-4ffd-4e983fec0023",
      "RequestMethod": "PUT",
      "RequestHeaders": {
        "Authorization": "Sanitized",
        "Content-Length": "0",
        "Request-Id": "|584d2f52-4110f39a1cab3ec1.",
        "User-Agent": [
          "azsdk-net-Storage.Blobs\u002f12.0.0-dev.20190816.1\u002b0b169fa1e334f0a6d9b7c68fcdece459ccf147ea",
          "(.NET Core 4.6.27817.01; Microsoft Windows 10.0.18362 )"
        ],
        "x-ms-blob-content-length": "4096",
        "x-ms-blob-sequence-number": "0",
        "x-ms-blob-type": "PageBlob",
        "x-ms-client-request-id": "82053209d8e9fee04c1b0810ad3d1cc1",
        "x-ms-date": "Fri, 16 Aug 2019 17:06:59 GMT",
        "x-ms-return-client-request-id": "true",
        "x-ms-version": "2019-02-02"
      },
      "RequestBody": null,
      "StatusCode": 201,
      "ResponseHeaders": {
        "Content-Length": "0",
        "Date": "Fri, 16 Aug 2019 17:06:59 GMT",
        "ETag": "\u00220x8D7226C26881773\u0022",
        "Last-Modified": "Fri, 16 Aug 2019 17:06:59 GMT",
        "Server": [
          "Windows-Azure-Blob\u002f1.0",
          "Microsoft-HTTPAPI\u002f2.0"
        ],
        "x-ms-client-request-id": "82053209d8e9fee04c1b0810ad3d1cc1",
        "x-ms-request-id": "7cd4c6a0-901e-009a-8055-54d3d7000000",
        "x-ms-request-server-encrypted": "true",
        "x-ms-version": "2019-02-02"
      },
      "ResponseBody": []
    },
    {
      "RequestUri": "http:\u002f\u002fstorageteglazatesting.blob.core.windows.net\u002ftest-container-d1a82d09-7a94-a2e8-c663-609978dd9593\u002ftest-blob-865e2c19-125b-882f-4ffd-4e983fec0023?comp=properties",
      "RequestMethod": "PUT",
      "RequestHeaders": {
        "Authorization": "Sanitized",
        "Request-Id": "|584d2f53-4110f39a1cab3ec1.",
        "User-Agent": [
          "azsdk-net-Storage.Blobs\u002f12.0.0-dev.20190816.1\u002b0b169fa1e334f0a6d9b7c68fcdece459ccf147ea",
          "(.NET Core 4.6.27817.01; Microsoft Windows 10.0.18362 )"
        ],
        "x-ms-blob-content-length": "8192",
        "x-ms-client-request-id": "4b8053910e7ef037fe9e46e8bd484ddd",
        "x-ms-date": "Fri, 16 Aug 2019 17:06:59 GMT",
        "x-ms-return-client-request-id": "true",
        "x-ms-version": "2019-02-02"
      },
      "RequestBody": null,
      "StatusCode": 200,
      "ResponseHeaders": {
        "Content-Length": "0",
        "Date": "Fri, 16 Aug 2019 17:06:59 GMT",
        "ETag": "\u00220x8D7226C268BC1D6\u0022",
        "Last-Modified": "Fri, 16 Aug 2019 17:06:59 GMT",
        "Server": [
          "Windows-Azure-Blob\u002f1.0",
          "Microsoft-HTTPAPI\u002f2.0"
        ],
        "x-ms-blob-sequence-number": "0",
        "x-ms-client-request-id": "4b8053910e7ef037fe9e46e8bd484ddd",
        "x-ms-request-id": "7cd4c6af-901e-009a-0e55-54d3d7000000",
        "x-ms-version": "2019-02-02"
      },
      "ResponseBody": []
    },
    {
      "RequestUri": "http:\u002f\u002fstorageteglazatesting.blob.core.windows.net\u002ftest-container-d1a82d09-7a94-a2e8-c663-609978dd9593\u002ftest-blob-865e2c19-125b-882f-4ffd-4e983fec0023",
      "RequestMethod": "HEAD",
      "RequestHeaders": {
        "Authorization": "Sanitized",
        "Request-Id": "|584d2f54-4110f39a1cab3ec1.",
        "User-Agent": [
          "azsdk-net-Storage.Blobs\u002f12.0.0-dev.20190816.1\u002b0b169fa1e334f0a6d9b7c68fcdece459ccf147ea",
          "(.NET Core 4.6.27817.01; Microsoft Windows 10.0.18362 )"
        ],
        "x-ms-client-request-id": "53a0a9824fff40234c603a400a1edb11",
        "x-ms-date": "Fri, 16 Aug 2019 17:06:59 GMT",
        "x-ms-return-client-request-id": "true",
        "x-ms-version": "2019-02-02"
      },
      "RequestBody": null,
      "StatusCode": 200,
      "ResponseHeaders": {
        "Accept-Ranges": "bytes",
        "Content-Length": "8192",
        "Content-Type": "application\u002foctet-stream",
        "Date": "Fri, 16 Aug 2019 17:06:59 GMT",
        "ETag": "\u00220x8D7226C268BC1D6\u0022",
        "Last-Modified": "Fri, 16 Aug 2019 17:06:59 GMT",
        "Server": [
          "Windows-Azure-Blob\u002f1.0",
          "Microsoft-HTTPAPI\u002f2.0"
        ],
        "x-ms-access-tier": "Hot",
        "x-ms-access-tier-inferred": "true",
        "x-ms-blob-sequence-number": "0",
        "x-ms-blob-type": "PageBlob",
        "x-ms-client-request-id": "53a0a9824fff40234c603a400a1edb11",
        "x-ms-creation-time": "Fri, 16 Aug 2019 17:06:59 GMT",
        "x-ms-lease-state": "available",
        "x-ms-lease-status": "unlocked",
        "x-ms-request-id": "7cd4c6b3-901e-009a-1255-54d3d7000000",
        "x-ms-server-encrypted": "true",
        "x-ms-tag-count": "0",
        "x-ms-version": "2019-02-02"
      },
      "ResponseBody": []
    },
    {
      "RequestUri": "http:\u002f\u002fstorageteglazatesting.blob.core.windows.net\u002ftest-container-d1a82d09-7a94-a2e8-c663-609978dd9593?restype=container",
      "RequestMethod": "DELETE",
      "RequestHeaders": {
        "Authorization": "Sanitized",
        "Request-Id": "|584d2f55-4110f39a1cab3ec1.",
        "User-Agent": [
          "azsdk-net-Storage.Blobs\u002f12.0.0-dev.20190816.1\u002b0b169fa1e334f0a6d9b7c68fcdece459ccf147ea",
          "(.NET Core 4.6.27817.01; Microsoft Windows 10.0.18362 )"
        ],
        "x-ms-client-request-id": "ec078ce0b46cfba5fb15834b91f84103",
        "x-ms-date": "Fri, 16 Aug 2019 17:06:59 GMT",
        "x-ms-return-client-request-id": "true",
        "x-ms-version": "2019-02-02"
      },
      "RequestBody": null,
      "StatusCode": 202,
      "ResponseHeaders": {
        "Content-Length": "0",
        "Date": "Fri, 16 Aug 2019 17:06:59 GMT",
        "Server": [
          "Windows-Azure-Blob\u002f1.0",
          "Microsoft-HTTPAPI\u002f2.0"
        ],
        "x-ms-client-request-id": "ec078ce0b46cfba5fb15834b91f84103",
        "x-ms-request-id": "7cd4c6c0-901e-009a-1e55-54d3d7000000",
        "x-ms-version": "2019-02-02"
      },
      "ResponseBody": []
    }
  ],
  "Variables": {
    "RandomSeed": "450609523",
    "Storage_TestConfigDefault": "ProductionTenant\nstorageteglazatesting\nU2FuaXRpemVk\nhttp:\u002f\u002fstorageteglazatesting.blob.core.windows.net\nhttp:\u002f\u002fstorageteglazatesting.file.core.windows.net\nhttp:\u002f\u002fstorageteglazatesting.queue.core.windows.net\nhttp:\u002f\u002fstorageteglazatesting.table.core.windows.net\n\n\n\n\nhttp:\u002f\u002fstorageteglazatesting-secondary.blob.core.windows.net\n\nhttp:\u002f\u002fstorageteglazatesting-secondary.queue.core.windows.net\nhttp:\u002f\u002fstorageteglazatesting-secondary.table.core.windows.net\n\nSanitized\n\n\nCloud\nBlobEndpoint=http:\u002f\u002fstorageteglazatesting.blob.core.windows.net\u002f;QueueEndpoint=http:\u002f\u002fstorageteglazatesting.queue.core.windows.net\u002f;TableEndpoint=http:\u002f\u002fstorageteglazatesting.table.core.windows.net\u002f;FileEndpoint=http:\u002f\u002fstorageteglazatesting.file.core.windows.net\u002f;BlobSecondaryEndpoint=http:\u002f\u002fstorageteglazatesting-secondary.blob.core.windows.net\u002f;QueueSecondaryEndpoint=http:\u002f\u002fstorageteglazatesting-secondary.queue.core.windows.net\u002f;TableSecondaryEndpoint=http:\u002f\u002fstorageteglazatesting-secondary.table.core.windows.net\u002f;AccountName=storageteglazatesting;AccountKey=Sanitized"
  }
}