{
  "Entries": [
    {
      "RequestUri": "https://storagedotnettestingprem.blob.core.windows.net/test-container-59b0fdec-8832-4ff4-d23d-9dca15e8f6b1?restype=container",
      "RequestMethod": "PUT",
      "RequestHeaders": {
        "Authorization": "Sanitized",
        "traceparent": "00-fac2fc93ccf7f342a55ea7db39510a21-abc75355c048a945-00",
        "User-Agent": [
          "azsdk-net-Storage.Blobs/12.7.0-alpha.20201001.1",
          "(.NET Core 4.6.29220.03; Microsoft Windows 10.0.19041 )"
        ],
        "x-ms-client-request-id": "9db1d330-f405-ac69-02ff-279e3234378e",
        "x-ms-date": "Thu, 01 Oct 2020 22:57:50 GMT",
        "x-ms-return-client-request-id": "true",
        "x-ms-version": "2020-06-12"
      },
      "RequestBody": null,
      "StatusCode": 201,
      "ResponseHeaders": {
        "Content-Length": "0",
        "Date": "Thu, 01 Oct 2020 22:57:50 GMT",
        "ETag": "\u00220x8D8665D6C1D869F\u0022",
        "Last-Modified": "Thu, 01 Oct 2020 22:57:50 GMT",
        "Server": [
          "Windows-Azure-Blob/1.0",
          "Microsoft-HTTPAPI/2.0"
        ],
        "x-ms-client-request-id": "9db1d330-f405-ac69-02ff-279e3234378e",
        "x-ms-request-id": "72b06ae1-d01c-001b-7346-983902000000",
        "x-ms-version": "2020-06-12"
      },
      "ResponseBody": []
    },
    {
      "RequestUri": "https://storagedotnettestingprem.blob.core.windows.net/test-container-59b0fdec-8832-4ff4-d23d-9dca15e8f6b1/test-blob-86e7319a-d1df-586d-d64c-c3d091a5dc83",
      "RequestMethod": "PUT",
      "RequestHeaders": {
        "Authorization": "Sanitized",
        "Content-Length": "0",
        "If-None-Match": "*",
        "traceparent": "00-ac111a96a5a4df4f86c95766a5df2034-60290b604ada5344-00",
        "User-Agent": [
          "azsdk-net-Storage.Blobs/12.7.0-alpha.20201001.1",
          "(.NET Core 4.6.29220.03; Microsoft Windows 10.0.19041 )"
        ],
        "x-ms-blob-content-length": "1024",
        "x-ms-blob-sequence-number": "0",
        "x-ms-blob-type": "PageBlob",
        "x-ms-client-request-id": "41b4692a-2167-5f66-6559-c7b831981a5d",
        "x-ms-date": "Thu, 01 Oct 2020 22:57:50 GMT",
        "x-ms-return-client-request-id": "true",
        "x-ms-version": "2020-06-12"
      },
      "RequestBody": null,
      "StatusCode": 201,
      "ResponseHeaders": {
        "Content-Length": "0",
        "Date": "Thu, 01 Oct 2020 22:57:50 GMT",
        "ETag": "\u00220x8D8665D6C238C0E\u0022",
        "Last-Modified": "Thu, 01 Oct 2020 22:57:50 GMT",
        "Server": [
          "Windows-Azure-Blob/1.0",
          "Microsoft-HTTPAPI/2.0"
        ],
        "x-ms-client-request-id": "41b4692a-2167-5f66-6559-c7b831981a5d",
        "x-ms-request-id": "72b06aea-d01c-001b-7c46-983902000000",
        "x-ms-request-server-encrypted": "true",
        "x-ms-version": "2020-06-12"
      },
      "ResponseBody": []
    },
    {
      "RequestUri": "https://storagedotnettestingprem.blob.core.windows.net/test-container-59b0fdec-8832-4ff4-d23d-9dca15e8f6b1/test-blob-86e7319a-d1df-586d-d64c-c3d091a5dc83?comp=tier",
      "RequestMethod": "PUT",
      "RequestHeaders": {
        "Authorization": "Sanitized",
        "traceparent": "00-88a522684cf16f4da22baa53a44df8dc-96a342935d65654c-00",
        "User-Agent": [
          "azsdk-net-Storage.Blobs/12.7.0-alpha.20201001.1",
          "(.NET Core 4.6.29220.03; Microsoft Windows 10.0.19041 )"
        ],
        "x-ms-access-tier": "P20",
        "x-ms-client-request-id": "27a6601b-9af0-731b-f13a-dbdd91f3ea6c",
        "x-ms-date": "Thu, 01 Oct 2020 22:57:50 GMT",
        "x-ms-return-client-request-id": "true",
        "x-ms-version": "2020-06-12"
      },
      "RequestBody": null,
      "StatusCode": 200,
      "ResponseHeaders": {
        "Content-Length": "0",
        "Date": "Thu, 01 Oct 2020 22:57:50 GMT",
        "Server": [
          "Windows-Azure-Blob/1.0",
          "Microsoft-HTTPAPI/2.0"
        ],
        "x-ms-client-request-id": "27a6601b-9af0-731b-f13a-dbdd91f3ea6c",
        "x-ms-request-id": "72b06af3-d01c-001b-0546-983902000000",
        "x-ms-version": "2020-06-12"
      },
      "ResponseBody": []
    },
    {
      "RequestUri": "https://storagedotnettestingprem.blob.core.windows.net/test-container-59b0fdec-8832-4ff4-d23d-9dca15e8f6b1/test-blob-86e7319a-d1df-586d-d64c-c3d091a5dc83",
      "RequestMethod": "HEAD",
      "RequestHeaders": {
        "Authorization": "Sanitized",
        "traceparent": "00-b8bfbc41d9a1c444b52c4a19fdd1ddce-0b009597e6c5b64f-00",
        "User-Agent": [
          "azsdk-net-Storage.Blobs/12.7.0-alpha.20201001.1",
          "(.NET Core 4.6.29220.03; Microsoft Windows 10.0.19041 )"
        ],
        "x-ms-client-request-id": "d09d7a6d-f3f2-886d-8896-e95f1a7aaf92",
        "x-ms-date": "Thu, 01 Oct 2020 22:57:50 GMT",
        "x-ms-return-client-request-id": "true",
        "x-ms-version": "2020-06-12"
      },
      "RequestBody": null,
      "StatusCode": 200,
      "ResponseHeaders": {
        "Accept-Ranges": "bytes",
        "Content-Length": "1024",
        "Content-Type": "application/octet-stream",
        "Date": "Thu, 01 Oct 2020 22:57:50 GMT",
        "ETag": "\u00220x8D8665D6C238C0E\u0022",
        "Last-Modified": "Thu, 01 Oct 2020 22:57:50 GMT",
        "Server": [
          "Windows-Azure-Blob/1.0",
          "Microsoft-HTTPAPI/2.0"
        ],
        "x-ms-access-tier": "P20",
        "x-ms-blob-sequence-number": "0",
        "x-ms-blob-type": "PageBlob",
        "x-ms-client-request-id": "d09d7a6d-f3f2-886d-8896-e95f1a7aaf92",
        "x-ms-creation-time": "Thu, 01 Oct 2020 22:57:50 GMT",
        "x-ms-lease-state": "available",
        "x-ms-lease-status": "unlocked",
        "x-ms-request-id": "72b06afe-d01c-001b-1046-983902000000",
        "x-ms-server-encrypted": "true",
        "x-ms-version": "2020-06-12"
      },
      "ResponseBody": []
    },
    {
      "RequestUri": "https://storagedotnettestingprem.blob.core.windows.net/test-container-59b0fdec-8832-4ff4-d23d-9dca15e8f6b1?restype=container",
      "RequestMethod": "DELETE",
      "RequestHeaders": {
        "Authorization": "Sanitized",
        "traceparent": "00-634ec61587e2444d8a392409c28dfb6b-e36868a0d30d6549-00",
        "User-Agent": [
          "azsdk-net-Storage.Blobs/12.7.0-alpha.20201001.1",
          "(.NET Core 4.6.29220.03; Microsoft Windows 10.0.19041 )"
        ],
        "x-ms-client-request-id": "176f06c8-1956-ec7a-1930-3fe96c681a97",
        "x-ms-date": "Thu, 01 Oct 2020 22:57:50 GMT",
        "x-ms-return-client-request-id": "true",
        "x-ms-version": "2020-06-12"
      },
      "RequestBody": null,
      "StatusCode": 202,
      "ResponseHeaders": {
        "Content-Length": "0",
        "Date": "Thu, 01 Oct 2020 22:57:50 GMT",
        "Server": [
          "Windows-Azure-Blob/1.0",
          "Microsoft-HTTPAPI/2.0"
        ],
        "x-ms-client-request-id": "176f06c8-1956-ec7a-1930-3fe96c681a97",
        "x-ms-request-id": "72b06b04-d01c-001b-1646-983902000000",
        "x-ms-version": "2020-06-12"
      },
      "ResponseBody": []
    }
  ],
  "Variables": {
    "RandomSeed": "1834068471",
    "Storage_TestConfigPremiumBlob": "PremiumTenant\nstoragedotnettestingprem\nU2FuaXRpemVk\nhttps://storagedotnettestingprem.blob.core.windows.net\nhttps://storagedotnettestingprem.file.core.windows.net\nhttps://storagedotnettestingprem.queue.core.windows.net\nhttps://storagedotnettestingprem.table.core.windows.net\n\n\n\n\nhttps://storagedotnettestingprem-secondary.blob.core.windows.net\nhttps://storagedotnettestingprem-secondary.file.core.windows.net\nhttps://storagedotnettestingprem-secondary.queue.core.windows.net\nhttps://storagedotnettestingprem-secondary.table.core.windows.net\n\nSanitized\n\n\nCloud\nBlobEndpoint=https://storagedotnettestingprem.blob.core.windows.net/;QueueEndpoint=https://storagedotnettestingprem.queue.core.windows.net/;FileEndpoint=https://storagedotnettestingprem.file.core.windows.net/;BlobSecondaryEndpoint=https://storagedotnettestingprem-secondary.blob.core.windows.net/;QueueSecondaryEndpoint=https://storagedotnettestingprem-secondary.queue.core.windows.net/;FileSecondaryEndpoint=https://storagedotnettestingprem-secondary.file.core.windows.net/;AccountName=storagedotnettestingprem;AccountKey=Sanitized\n"
  }
}