{
  "Entries": [
    {
      "RequestUri": "http://storageteglazatesting.blob.core.windows.net/test-container-5eead877-e9f0-ea42-01b9-6d6c04f8487b?restype=container",
      "RequestMethod": "PUT",
      "RequestHeaders": {
        "Authorization": "Sanitized",
        "User-Agent": [
          "azsdk-net-Storage.Blobs/12.0.0-dev.20190716.1\u002bf831919283b482c09bb15e8c0d930e73d941e30e",
          "(.NET Core 4.6.27414.06; Microsoft Windows 10.0.18362 )"
        ],
        "x-ms-blob-public-access": "container",
        "x-ms-client-request-id": "f4e00e688e759fcabe0abe1440f0aea9",
        "x-ms-date": "Wed, 17 Jul 2019 02:08:46 GMT",
        "x-ms-return-client-request-id": "true",
        "x-ms-version": "2018-11-09"
      },
      "RequestBody": null,
      "StatusCode": 201,
      "ResponseHeaders": {
        "Content-Length": "0",
        "Date": "Wed, 17 Jul 2019 02:08:45 GMT",
        "ETag": "\u00220x8D70A5BB38005EE\u0022",
        "Last-Modified": "Wed, 17 Jul 2019 02:08:46 GMT",
        "Server": [
          "Windows-Azure-Blob/1.0",
          "Microsoft-HTTPAPI/2.0"
        ],
        "x-ms-request-id": "ff57b836-e01e-0029-7f44-3c737a000000",
        "x-ms-version": "2018-11-09"
      },
      "ResponseBody": []
    },
    {
      "RequestUri": "http://storageteglazatesting.blob.core.windows.net/test-container-5eead877-e9f0-ea42-01b9-6d6c04f8487b/test-blob-68b0f62a-75ae-ee42-6a81-b040fd14e619",
      "RequestMethod": "PUT",
      "RequestHeaders": {
        "Authorization": "Sanitized",
        "Content-Length": "0",
        "User-Agent": [
          "azsdk-net-Storage.Blobs/12.0.0-dev.20190716.1\u002bf831919283b482c09bb15e8c0d930e73d941e30e",
          "(.NET Core 4.6.27414.06; Microsoft Windows 10.0.18362 )"
        ],
        "x-ms-blob-content-length": "4096",
        "x-ms-blob-sequence-number": "0",
        "x-ms-blob-type": "PageBlob",
        "x-ms-client-request-id": "4c24f2d851dce8a00e4a9fe52a2eaa11",
        "x-ms-date": "Wed, 17 Jul 2019 02:08:46 GMT",
        "x-ms-return-client-request-id": "true",
        "x-ms-version": "2018-11-09"
      },
      "RequestBody": null,
      "StatusCode": 201,
      "ResponseHeaders": {
        "Content-Length": "0",
        "Date": "Wed, 17 Jul 2019 02:08:45 GMT",
        "ETag": "\u00220x8D70A5BB3826405\u0022",
        "Last-Modified": "Wed, 17 Jul 2019 02:08:46 GMT",
        "Server": [
          "Windows-Azure-Blob/1.0",
          "Microsoft-HTTPAPI/2.0"
        ],
        "x-ms-request-id": "ff57b83f-e01e-0029-0744-3c737a000000",
        "x-ms-request-server-encrypted": "true",
        "x-ms-version": "2018-11-09"
      },
      "ResponseBody": []
    },
    {
      "RequestUri": "http://storageteglazatesting.blob.core.windows.net/test-container-5eead877-e9f0-ea42-01b9-6d6c04f8487b/test-blob-68b0f62a-75ae-ee42-6a81-b040fd14e619?comp=incrementalcopy",
      "RequestMethod": "PUT",
      "RequestHeaders": {
        "Authorization": "Sanitized",
        "User-Agent": [
          "azsdk-net-Storage.Blobs/12.0.0-dev.20190716.1\u002bf831919283b482c09bb15e8c0d930e73d941e30e",
          "(.NET Core 4.6.27414.06; Microsoft Windows 10.0.18362 )"
        ],
        "x-ms-client-request-id": "4d3ba52461ccd9cd55c85a64d65dc33b",
        "x-ms-copy-source": "http://storageteglazatesting.blob.core.windows.net/test-container-5eead877-e9f0-ea42-01b9-6d6c04f8487b/test-blob-0e42c40b-e047-f3cc-cbf2-89f4de8aa2aa?snapshot=2019-03-29T18:12:15.6608647Z",
        "x-ms-date": "Wed, 17 Jul 2019 02:08:46 GMT",
        "x-ms-return-client-request-id": "true",
        "x-ms-version": "2018-11-09"
      },
      "RequestBody": null,
      "StatusCode": 404,
      "ResponseHeaders": {
        "Content-Length": "225",
        "Content-Type": "application/xml",
        "Date": "Wed, 17 Jul 2019 02:08:45 GMT",
        "Server": [
          "Windows-Azure-Blob/1.0",
          "Microsoft-HTTPAPI/2.0"
        ],
        "x-ms-error-code": "CannotVerifyCopySource",
        "x-ms-request-id": "ff57b846-e01e-0029-0d44-3c737a000000",
        "x-ms-version": "2018-11-09"
      },
      "ResponseBody": [
        "\ufeff\u003c?xml version=\u00221.0\u0022 encoding=\u0022utf-8\u0022?\u003e\u003cError\u003e\u003cCode\u003eCannotVerifyCopySource\u003c/Code\u003e\u003cMessage\u003eThe specified blob does not exist.\n",
        "RequestId:ff57b846-e01e-0029-0d44-3c737a000000\n",
        "Time:2019-07-17T02:08:46.6878830Z\u003c/Message\u003e\u003c/Error\u003e"
      ]
    },
    {
      "RequestUri": "http://storageteglazatesting.blob.core.windows.net/test-container-5eead877-e9f0-ea42-01b9-6d6c04f8487b/test-blob-68b0f62a-75ae-ee42-6a81-b040fd14e619?comp=incrementalcopy",
      "RequestMethod": "PUT",
      "RequestHeaders": {
        "Authorization": "Sanitized",
        "User-Agent": [
          "azsdk-net-Storage.Blobs/12.0.0-dev.20190716.1\u002bf831919283b482c09bb15e8c0d930e73d941e30e",
          "(.NET Core 4.6.27414.06; Microsoft Windows 10.0.18362 )"
        ],
        "x-ms-client-request-id": "4d3ba52461ccd9cd55c85a64d65dc33b",
        "x-ms-copy-source": "http://storageteglazatesting.blob.core.windows.net/test-container-5eead877-e9f0-ea42-01b9-6d6c04f8487b/test-blob-0e42c40b-e047-f3cc-cbf2-89f4de8aa2aa?snapshot=2019-03-29T18:12:15.6608647Z",
        "x-ms-date": "Wed, 17 Jul 2019 02:08:46 GMT",
        "x-ms-return-client-request-id": "true",
        "x-ms-version": "2018-11-09"
      },
      "RequestBody": null,
      "StatusCode": 404,
      "ResponseHeaders": {
        "Content-Length": "225",
        "Content-Type": "application/xml",
        "Date": "Wed, 17 Jul 2019 02:08:46 GMT",
        "Server": [
          "Windows-Azure-Blob/1.0",
          "Microsoft-HTTPAPI/2.0"
        ],
        "x-ms-error-code": "CannotVerifyCopySource",
        "x-ms-request-id": "ff57b936-e01e-0029-5544-3c737a000000",
        "x-ms-version": "2018-11-09"
      },
      "ResponseBody": [
        "\ufeff\u003c?xml version=\u00221.0\u0022 encoding=\u0022utf-8\u0022?\u003e\u003cError\u003e\u003cCode\u003eCannotVerifyCopySource\u003c/Code\u003e\u003cMessage\u003eThe specified blob does not exist.\n",
        "RequestId:ff57b936-e01e-0029-5544-3c737a000000\n",
        "Time:2019-07-17T02:08:47.2193891Z\u003c/Message\u003e\u003c/Error\u003e"
      ]
    },
    {
      "RequestUri": "http://storageteglazatesting.blob.core.windows.net/test-container-5eead877-e9f0-ea42-01b9-6d6c04f8487b/test-blob-68b0f62a-75ae-ee42-6a81-b040fd14e619?comp=incrementalcopy",
      "RequestMethod": "PUT",
      "RequestHeaders": {
        "Authorization": "Sanitized",
        "User-Agent": [
          "azsdk-net-Storage.Blobs/12.0.0-dev.20190716.1\u002bf831919283b482c09bb15e8c0d930e73d941e30e",
          "(.NET Core 4.6.27414.06; Microsoft Windows 10.0.18362 )"
        ],
        "x-ms-client-request-id": "4d3ba52461ccd9cd55c85a64d65dc33b",
        "x-ms-copy-source": "http://storageteglazatesting.blob.core.windows.net/test-container-5eead877-e9f0-ea42-01b9-6d6c04f8487b/test-blob-0e42c40b-e047-f3cc-cbf2-89f4de8aa2aa?snapshot=2019-03-29T18:12:15.6608647Z",
        "x-ms-date": "Wed, 17 Jul 2019 02:08:46 GMT",
        "x-ms-return-client-request-id": "true",
        "x-ms-version": "2018-11-09"
      },
      "RequestBody": null,
      "StatusCode": 404,
      "ResponseHeaders": {
        "Content-Length": "225",
        "Content-Type": "application/xml",
        "Date": "Wed, 17 Jul 2019 02:08:47 GMT",
        "Server": [
          "Windows-Azure-Blob/1.0",
          "Microsoft-HTTPAPI/2.0"
        ],
        "x-ms-error-code": "CannotVerifyCopySource",
        "x-ms-request-id": "ff57bacb-e01e-0029-3a44-3c737a000000",
        "x-ms-version": "2018-11-09"
      },
      "ResponseBody": [
        "\ufeff\u003c?xml version=\u00221.0\u0022 encoding=\u0022utf-8\u0022?\u003e\u003cError\u003e\u003cCode\u003eCannotVerifyCopySource\u003c/Code\u003e\u003cMessage\u003eThe specified blob does not exist.\n",
        "RequestId:ff57bacb-e01e-0029-3a44-3c737a000000\n",
        "Time:2019-07-17T02:08:48.1142432Z\u003c/Message\u003e\u003c/Error\u003e"
      ]
    },
    {
      "RequestUri": "http://storageteglazatesting.blob.core.windows.net/test-container-5eead877-e9f0-ea42-01b9-6d6c04f8487b/test-blob-68b0f62a-75ae-ee42-6a81-b040fd14e619?comp=incrementalcopy",
      "RequestMethod": "PUT",
      "RequestHeaders": {
        "Authorization": "Sanitized",
        "User-Agent": [
          "azsdk-net-Storage.Blobs/12.0.0-dev.20190716.1\u002bf831919283b482c09bb15e8c0d930e73d941e30e",
          "(.NET Core 4.6.27414.06; Microsoft Windows 10.0.18362 )"
        ],
        "x-ms-client-request-id": "4d3ba52461ccd9cd55c85a64d65dc33b",
        "x-ms-copy-source": "http://storageteglazatesting.blob.core.windows.net/test-container-5eead877-e9f0-ea42-01b9-6d6c04f8487b/test-blob-0e42c40b-e047-f3cc-cbf2-89f4de8aa2aa?snapshot=2019-03-29T18:12:15.6608647Z",
        "x-ms-date": "Wed, 17 Jul 2019 02:08:46 GMT",
        "x-ms-return-client-request-id": "true",
        "x-ms-version": "2018-11-09"
      },
      "RequestBody": null,
      "StatusCode": 404,
      "ResponseHeaders": {
        "Content-Length": "225",
        "Content-Type": "application/xml",
        "Date": "Wed, 17 Jul 2019 02:08:49 GMT",
        "Server": [
          "Windows-Azure-Blob/1.0",
          "Microsoft-HTTPAPI/2.0"
        ],
        "x-ms-error-code": "CannotVerifyCopySource",
        "x-ms-request-id": "ff57bdf1-e01e-0029-6c44-3c737a000000",
        "x-ms-version": "2018-11-09"
      },
      "ResponseBody": [
        "\ufeff\u003c?xml version=\u00221.0\u0022 encoding=\u0022utf-8\u0022?\u003e\u003cError\u003e\u003cCode\u003eCannotVerifyCopySource\u003c/Code\u003e\u003cMessage\u003eThe specified blob does not exist.\n",
        "RequestId:ff57bdf1-e01e-0029-6c44-3c737a000000\n",
        "Time:2019-07-17T02:08:50.4374591Z\u003c/Message\u003e\u003c/Error\u003e"
      ]
    },
    {
      "RequestUri": "http://storageteglazatesting.blob.core.windows.net/test-container-5eead877-e9f0-ea42-01b9-6d6c04f8487b/test-blob-68b0f62a-75ae-ee42-6a81-b040fd14e619?comp=incrementalcopy",
      "RequestMethod": "PUT",
      "RequestHeaders": {
        "Authorization": "Sanitized",
        "User-Agent": [
          "azsdk-net-Storage.Blobs/12.0.0-dev.20190716.1\u002bf831919283b482c09bb15e8c0d930e73d941e30e",
          "(.NET Core 4.6.27414.06; Microsoft Windows 10.0.18362 )"
        ],
        "x-ms-client-request-id": "4d3ba52461ccd9cd55c85a64d65dc33b",
        "x-ms-copy-source": "http://storageteglazatesting.blob.core.windows.net/test-container-5eead877-e9f0-ea42-01b9-6d6c04f8487b/test-blob-0e42c40b-e047-f3cc-cbf2-89f4de8aa2aa?snapshot=2019-03-29T18:12:15.6608647Z",
        "x-ms-date": "Wed, 17 Jul 2019 02:08:46 GMT",
        "x-ms-return-client-request-id": "true",
        "x-ms-version": "2018-11-09"
      },
      "RequestBody": null,
      "StatusCode": 404,
      "ResponseHeaders": {
        "Content-Length": "225",
        "Content-Type": "application/xml",
        "Date": "Wed, 17 Jul 2019 02:08:54 GMT",
        "Server": [
          "Windows-Azure-Blob/1.0",
          "Microsoft-HTTPAPI/2.0"
        ],
        "x-ms-error-code": "CannotVerifyCopySource",
        "x-ms-request-id": "ff57c441-e01e-0029-7744-3c737a000000",
        "x-ms-version": "2018-11-09"
      },
      "ResponseBody": [
        "\ufeff\u003c?xml version=\u00221.0\u0022 encoding=\u0022utf-8\u0022?\u003e\u003cError\u003e\u003cCode\u003eCannotVerifyCopySource\u003c/Code\u003e\u003cMessage\u003eThe specified blob does not exist.\n",
        "RequestId:ff57c441-e01e-0029-7744-3c737a000000\n",
        "Time:2019-07-17T02:08:55.2100123Z\u003c/Message\u003e\u003c/Error\u003e"
      ]
    },
    {
      "RequestUri": "http://storageteglazatesting.blob.core.windows.net/test-container-5eead877-e9f0-ea42-01b9-6d6c04f8487b/test-blob-68b0f62a-75ae-ee42-6a81-b040fd14e619?comp=incrementalcopy",
      "RequestMethod": "PUT",
      "RequestHeaders": {
        "Authorization": "Sanitized",
        "User-Agent": [
          "azsdk-net-Storage.Blobs/12.0.0-dev.20190716.1\u002bf831919283b482c09bb15e8c0d930e73d941e30e",
          "(.NET Core 4.6.27414.06; Microsoft Windows 10.0.18362 )"
        ],
        "x-ms-client-request-id": "4d3ba52461ccd9cd55c85a64d65dc33b",
        "x-ms-copy-source": "http://storageteglazatesting.blob.core.windows.net/test-container-5eead877-e9f0-ea42-01b9-6d6c04f8487b/test-blob-0e42c40b-e047-f3cc-cbf2-89f4de8aa2aa?snapshot=2019-03-29T18:12:15.6608647Z",
        "x-ms-date": "Wed, 17 Jul 2019 02:08:46 GMT",
        "x-ms-return-client-request-id": "true",
        "x-ms-version": "2018-11-09"
      },
      "RequestBody": null,
      "StatusCode": 404,
      "ResponseHeaders": {
        "Content-Length": "225",
        "Content-Type": "application/xml",
        "Date": "Wed, 17 Jul 2019 02:09:03 GMT",
        "Server": [
          "Windows-Azure-Blob/1.0",
          "Microsoft-HTTPAPI/2.0"
        ],
        "x-ms-error-code": "CannotVerifyCopySource",
        "x-ms-request-id": "ff57d207-e01e-0029-5644-3c737a000000",
        "x-ms-version": "2018-11-09"
      },
      "ResponseBody": [
        "\ufeff\u003c?xml version=\u00221.0\u0022 encoding=\u0022utf-8\u0022?\u003e\u003cError\u003e\u003cCode\u003eCannotVerifyCopySource\u003c/Code\u003e\u003cMessage\u003eThe specified blob does not exist.\n",
        "RequestId:ff57d207-e01e-0029-5644-3c737a000000\n",
        "Time:2019-07-17T02:09:04.2786631Z\u003c/Message\u003e\u003c/Error\u003e"
      ]
    },
    {
      "RequestUri": "http://storageteglazatesting.blob.core.windows.net/test-container-5eead877-e9f0-ea42-01b9-6d6c04f8487b?restype=container",
      "RequestMethod": "DELETE",
      "RequestHeaders": {
        "Authorization": "Sanitized",
        "User-Agent": [
          "azsdk-net-Storage.Blobs/12.0.0-dev.20190716.1\u002bf831919283b482c09bb15e8c0d930e73d941e30e",
          "(.NET Core 4.6.27414.06; Microsoft Windows 10.0.18362 )"
        ],
        "x-ms-client-request-id": "39359fd6d8d2f8d1263181e9c7ac0a83",
        "x-ms-date": "Wed, 17 Jul 2019 02:09:04 GMT",
        "x-ms-return-client-request-id": "true",
        "x-ms-version": "2018-11-09"
      },
      "RequestBody": null,
      "StatusCode": 202,
      "ResponseHeaders": {
        "Content-Length": "0",
        "Date": "Wed, 17 Jul 2019 02:09:03 GMT",
        "Server": [
          "Windows-Azure-Blob/1.0",
          "Microsoft-HTTPAPI/2.0"
        ],
        "x-ms-request-id": "ff57d210-e01e-0029-5e44-3c737a000000",
        "x-ms-version": "2018-11-09"
      },
      "ResponseBody": []
    }
  ],
  "Variables": {
    "RandomSeed": "605704247",
    "Storage_TestConfigDefault": "ProductionTenant\nstorageteglazatesting\nU2FuaXRpemVk\nhttp://storageteglazatesting.blob.core.windows.net\nhttp://storageteglazatesting.file.core.windows.net\nhttp://storageteglazatesting.queue.core.windows.net\nhttp://storageteglazatesting.table.core.windows.net\n\n\n\n\nhttp://storageteglazatesting-secondary.blob.core.windows.net\n\nhttp://storageteglazatesting-secondary.queue.core.windows.net\nhttp://storageteglazatesting-secondary.table.core.windows.net\n\nSanitized\n\n\nCloud\nBlobEndpoint=http://storageteglazatesting.blob.core.windows.net/;QueueEndpoint=http://storageteglazatesting.queue.core.windows.net/;TableEndpoint=http://storageteglazatesting.table.core.windows.net/;FileEndpoint=http://storageteglazatesting.file.core.windows.net/;BlobSecondaryEndpoint=http://storageteglazatesting-secondary.blob.core.windows.net/;QueueSecondaryEndpoint=http://storageteglazatesting-secondary.queue.core.windows.net/;TableSecondaryEndpoint=http://storageteglazatesting-secondary.table.core.windows.net/;AccountName=storageteglazatesting;AccountKey=Sanitized"
  }
}