{
  "Entries": [
    {
      "RequestUri": "http://amandacanary.blob.core.windows.net/test-container-a890de14-c435-39ed-6b35-4f1b2addf3e6?restype=container",
      "RequestMethod": "PUT",
      "RequestHeaders": {
        "Authorization": "Sanitized",
        "traceparent": "00-38e1344b114c814aa28ebe64b002137c-25cef2a479dea540-00",
        "User-Agent": [
          "azsdk-net-Storage.Blobs/12.5.0-dev.20200424.1",
          "(.NET Core 4.6.28619.01; Microsoft Windows 10.0.18363 )"
        ],
        "x-ms-blob-public-access": "container",
        "x-ms-client-request-id": "302a0e3c-011b-a6cb-5563-6f1a4f0d2d94",
        "x-ms-date": "Sat, 25 Apr 2020 01:15:24 GMT",
        "x-ms-return-client-request-id": "true",
        "x-ms-version": "2019-12-12"
      },
      "RequestBody": null,
      "StatusCode": 201,
      "ResponseHeaders": {
        "Content-Length": "0",
        "Date": "Sat, 25 Apr 2020 01:15:24 GMT",
        "ETag": "\u00220x8D7E8B6221D13E2\u0022",
        "Last-Modified": "Sat, 25 Apr 2020 01:15:25 GMT",
        "Server": [
          "Windows-Azure-Blob/1.0",
          "Microsoft-HTTPAPI/2.0"
        ],
        "x-ms-client-request-id": "302a0e3c-011b-a6cb-5563-6f1a4f0d2d94",
        "x-ms-request-id": "7273c31d-501e-003c-509e-1a0c6e000000",
        "x-ms-version": "2019-12-12"
      },
      "ResponseBody": []
    },
    {
      "RequestUri": "http://amandacanary.blob.core.windows.net/test-container-a890de14-c435-39ed-6b35-4f1b2addf3e6/test-blob-f3e930d3-ea6e-ca25-d5b2-8f0fd0d7cbd0",
      "RequestMethod": "PUT",
      "RequestHeaders": {
        "Authorization": "Sanitized",
        "Content-Length": "0",
        "traceparent": "00-24e0981d1b0cfc49943a6748e85fc8f4-c9ad71ec105f2949-00",
        "User-Agent": [
          "azsdk-net-Storage.Blobs/12.5.0-dev.20200424.1",
          "(.NET Core 4.6.28619.01; Microsoft Windows 10.0.18363 )"
        ],
        "x-ms-blob-content-length": "4096",
        "x-ms-blob-sequence-number": "0",
        "x-ms-blob-type": "PageBlob",
        "x-ms-client-request-id": "3d425ff7-c9b1-5254-e95f-5b6971bbd67e",
        "x-ms-date": "Sat, 25 Apr 2020 01:15:25 GMT",
        "x-ms-return-client-request-id": "true",
        "x-ms-version": "2019-12-12"
      },
      "RequestBody": null,
      "StatusCode": 201,
      "ResponseHeaders": {
        "Content-Length": "0",
        "Date": "Sat, 25 Apr 2020 01:15:24 GMT",
        "ETag": "\u00220x8D7E8B62228923E\u0022",
        "Last-Modified": "Sat, 25 Apr 2020 01:15:25 GMT",
        "Server": [
          "Windows-Azure-Blob/1.0",
          "Microsoft-HTTPAPI/2.0"
        ],
        "x-ms-client-request-id": "3d425ff7-c9b1-5254-e95f-5b6971bbd67e",
        "x-ms-request-id": "7273c332-501e-003c-5f9e-1a0c6e000000",
        "x-ms-request-server-encrypted": "true",
        "x-ms-version": "2019-12-12"
      },
      "ResponseBody": []
    },
    {
      "RequestUri": "http://amandacanary.blob.core.windows.net/test-container-a890de14-c435-39ed-6b35-4f1b2addf3e6/test-blob-f3e930d3-ea6e-ca25-d5b2-8f0fd0d7cbd0?comp=properties",
      "RequestMethod": "PUT",
      "RequestHeaders": {
        "Authorization": "Sanitized",
        "traceparent": "00-55648e819ecef74ab9cff2364ac78a18-c1cae5cabf0a2e49-00",
        "User-Agent": [
          "azsdk-net-Storage.Blobs/12.5.0-dev.20200424.1",
          "(.NET Core 4.6.28619.01; Microsoft Windows 10.0.18363 )"
        ],
        "x-ms-blob-sequence-number": "-1",
        "x-ms-client-request-id": "71188424-8e94-ae1f-368c-33536761c0bf",
        "x-ms-date": "Sat, 25 Apr 2020 01:15:25 GMT",
        "x-ms-return-client-request-id": "true",
        "x-ms-sequence-number-action": "update",
        "x-ms-version": "2019-12-12"
      },
      "RequestBody": null,
      "StatusCode": 400,
      "ResponseHeaders": {
        "Content-Length": "333",
        "Content-Type": "application/xml",
        "Date": "Sat, 25 Apr 2020 01:15:24 GMT",
        "Server": [
          "Windows-Azure-Blob/1.0",
          "Microsoft-HTTPAPI/2.0"
        ],
        "x-ms-client-request-id": "71188424-8e94-ae1f-368c-33536761c0bf",
        "x-ms-error-code": "InvalidHeaderValue",
        "x-ms-request-id": "7273c33e-501e-003c-699e-1a0c6e000000",
        "x-ms-version": "2019-12-12"
      },
      "ResponseBody": [
        "\uFEFF\u003C?xml version=\u00221.0\u0022 encoding=\u0022utf-8\u0022?\u003E\u003CError\u003E\u003CCode\u003EInvalidHeaderValue\u003C/Code\u003E\u003CMessage\u003EThe value for one of the HTTP headers is not in the correct format.\n",
        "RequestId:7273c33e-501e-003c-699e-1a0c6e000000\n",
        "Time:2020-04-25T01:15:25.1866473Z\u003C/Message\u003E\u003CHeaderName\u003Ex-ms-blob-sequence-number\u003C/HeaderName\u003E\u003CHeaderValue\u003E-1\u003C/HeaderValue\u003E\u003C/Error\u003E"
      ]
    },
    {
      "RequestUri": "http://amandacanary.blob.core.windows.net/test-container-a890de14-c435-39ed-6b35-4f1b2addf3e6?restype=container",
      "RequestMethod": "DELETE",
      "RequestHeaders": {
        "Authorization": "Sanitized",
        "traceparent": "00-718479c0b1d3c946842ccfeedd4aca89-9b28ae19e79d0941-00",
        "User-Agent": [
          "azsdk-net-Storage.Blobs/12.5.0-dev.20200424.1",
          "(.NET Core 4.6.28619.01; Microsoft Windows 10.0.18363 )"
        ],
        "x-ms-client-request-id": "ed447370-65a3-0ae9-7ef4-8da2de8ea904",
        "x-ms-date": "Sat, 25 Apr 2020 01:15:25 GMT",
        "x-ms-return-client-request-id": "true",
        "x-ms-version": "2019-12-12"
      },
      "RequestBody": null,
      "StatusCode": 202,
      "ResponseHeaders": {
        "Content-Length": "0",
        "Date": "Sat, 25 Apr 2020 01:15:24 GMT",
        "Server": [
          "Windows-Azure-Blob/1.0",
          "Microsoft-HTTPAPI/2.0"
        ],
        "x-ms-client-request-id": "ed447370-65a3-0ae9-7ef4-8da2de8ea904",
        "x-ms-request-id": "7273c341-501e-003c-6c9e-1a0c6e000000",
        "x-ms-version": "2019-12-12"
      },
      "ResponseBody": []
    }
  ],
  "Variables": {
    "RandomSeed": "918184960",
    "Storage_TestConfigDefault": "ProductionTenant\namandacanary\nU2FuaXRpemVk\nhttp://amandacanary.blob.core.windows.net\nhttp://amandacanary.file.core.windows.net\nhttp://amandacanary.queue.core.windows.net\nhttp://amandacanary.table.core.windows.net\n\n\n\n\nhttp://amandacanary-secondary.blob.core.windows.net\nhttp://amandacanary-secondary.file.core.windows.net\nhttp://amandacanary-secondary.queue.core.windows.net\nhttp://amandacanary-secondary.table.core.windows.net\n\nSanitized\n\n\nCloud\nBlobEndpoint=http://amandacanary.blob.core.windows.net/;QueueEndpoint=http://amandacanary.queue.core.windows.net/;FileEndpoint=http://amandacanary.file.core.windows.net/;BlobSecondaryEndpoint=http://amandacanary-secondary.blob.core.windows.net/;QueueSecondaryEndpoint=http://amandacanary-secondary.queue.core.windows.net/;FileSecondaryEndpoint=http://amandacanary-secondary.file.core.windows.net/;AccountName=amandacanary;AccountKey=Sanitized\n\nDefaultEndpointsProtocol=https;AccountName=ortestsaccountcbn1;AccountKey=OrRfzSm3ktQSklAGiL90/QusS7SdS6Y5S/AJoxZEeyKYDtnue7OKYIMLOraTnT4xcOyhYbqzWVmtTKappcc5Fg==;EndpointSuffix=core.windows.net\nDefaultEndpointsProtocol=https;AccountName=vbalaorcentral1;AccountKey=vlHMz/LZ3Sx7r/1bdTQT26pG0tqORQ4uTIcxGhHB0LQhIhqGxfv2TXV7u\u002BI2ra4UWXrWGGHG2N6l\u002BBfb5FgAcQ==;EndpointSuffix=core.windows.net"
  }
}