{
  "Entries": [
    {
      "RequestUri": "http:\u002f\u002fseandevtest.blob.core.windows.net\u002ftest-container-ebbab64f-1dbf-2ecf-1dbd-b6f90573ff55?restype=container",
      "RequestMethod": "PUT",
      "RequestHeaders": {
        "Authorization": "Sanitized",
        "Request-Id": "|9d4cea5f-47fbb5491d82eec9.",
        "User-Agent": [
          "azsdk-net-Storage.Blobs\u002f12.0.0-dev.20190827.1\u002b0e7ec14e46f8c7f678ed0e2ea6e77a7f9147ebc5",
          "(.NET Core 4.6.27817.01; Microsoft Windows 10.0.18362 )"
        ],
        "x-ms-blob-public-access": "container",
        "x-ms-client-request-id": "d307cdde732d45d7a2d978cd2a11b2d9",
        "x-ms-date": "Tue, 27 Aug 2019 19:50:51 GMT",
        "x-ms-return-client-request-id": "true",
        "x-ms-version": "2019-02-02"
      },
      "RequestBody": null,
      "StatusCode": 201,
      "ResponseHeaders": {
        "Content-Length": "0",
        "Date": "Tue, 27 Aug 2019 19:50:51 GMT",
        "ETag": "\u00220x8D72B27DD67E2AD\u0022",
        "Last-Modified": "Tue, 27 Aug 2019 19:50:51 GMT",
        "Server": [
          "Windows-Azure-Blob\u002f1.0",
          "Microsoft-HTTPAPI\u002f2.0"
        ],
        "x-ms-client-request-id": "d307cdde732d45d7a2d978cd2a11b2d9",
        "x-ms-request-id": "2c9f852a-501e-0057-5b10-5de387000000",
        "x-ms-version": "2019-02-02"
      },
      "ResponseBody": []
    },
    {
      "RequestUri": "https:\u002f\u002fseandevtest.blob.core.windows.net\u002ftest-container-ebbab64f-1dbf-2ecf-1dbd-b6f90573ff55\u002ftest-blob-8f18ba3b-6385-6434-1786-0b93177e3e7f",
      "RequestMethod": "PUT",
      "RequestHeaders": {
        "Authorization": "Sanitized",
        "Content-Length": "0",
        "User-Agent": [
          "azsdk-net-Storage.Blobs\u002f12.0.0-dev.20190827.1\u002b0e7ec14e46f8c7f678ed0e2ea6e77a7f9147ebc5",
          "(.NET Core 4.6.27817.01; Microsoft Windows 10.0.18362 )"
        ],
        "x-ms-blob-content-length": "1024",
        "x-ms-blob-type": "PageBlob",
        "x-ms-client-request-id": "a1c4d3539479a974675e78d256b22027",
        "x-ms-date": "Tue, 27 Aug 2019 19:50:51 GMT",
        "x-ms-encryption-algorithm": "AES256",
        "x-ms-encryption-key": "\u002bBQp6rB099zfdUnmpAEEDArdvkpbcNB6mKO8p2dDLSM=",
        "x-ms-encryption-key-sha256": "hRFuZrZxp0bDBUeTbGu6FpYVi\u002fgN6Y9WxDXhWeHkHqk=",
        "x-ms-return-client-request-id": "true",
        "x-ms-version": "2019-02-02"
      },
      "RequestBody": null,
      "StatusCode": 201,
      "ResponseHeaders": {
        "Content-Length": "0",
        "Date": "Tue, 27 Aug 2019 19:50:51 GMT",
        "ETag": "\u00220x8D72B27DD6C2260\u0022",
        "Last-Modified": "Tue, 27 Aug 2019 19:50:51 GMT",
        "Server": [
          "Windows-Azure-Blob\u002f1.0",
          "Microsoft-HTTPAPI\u002f2.0"
        ],
        "x-ms-client-request-id": "a1c4d3539479a974675e78d256b22027",
        "x-ms-encryption-key-sha256": "hRFuZrZxp0bDBUeTbGu6FpYVi\u002fgN6Y9WxDXhWeHkHqk=",
        "x-ms-request-id": "047afc90-a01e-0006-2810-5dfd72000000",
        "x-ms-request-server-encrypted": "true",
        "x-ms-version": "2019-02-02"
      },
      "ResponseBody": []
    },
    {
      "RequestUri": "http:\u002f\u002fseandevtest.blob.core.windows.net\u002ftest-container-ebbab64f-1dbf-2ecf-1dbd-b6f90573ff55?restype=container",
      "RequestMethod": "DELETE",
      "RequestHeaders": {
        "Authorization": "Sanitized",
        "Request-Id": "|9d4cea60-47fbb5491d82eec9.",
        "User-Agent": [
          "azsdk-net-Storage.Blobs\u002f12.0.0-dev.20190827.1\u002b0e7ec14e46f8c7f678ed0e2ea6e77a7f9147ebc5",
          "(.NET Core 4.6.27817.01; Microsoft Windows 10.0.18362 )"
        ],
        "x-ms-client-request-id": "1e5372429b478f4ac5a982dde6b0a8c7",
        "x-ms-date": "Tue, 27 Aug 2019 19:50:51 GMT",
        "x-ms-return-client-request-id": "true",
        "x-ms-version": "2019-02-02"
      },
      "RequestBody": null,
      "StatusCode": 202,
      "ResponseHeaders": {
        "Content-Length": "0",
        "Date": "Tue, 27 Aug 2019 19:50:51 GMT",
        "Server": [
          "Windows-Azure-Blob\u002f1.0",
          "Microsoft-HTTPAPI\u002f2.0"
        ],
        "x-ms-client-request-id": "1e5372429b478f4ac5a982dde6b0a8c7",
        "x-ms-request-id": "2c9f855e-501e-0057-0910-5de387000000",
        "x-ms-version": "2019-02-02"
      },
      "ResponseBody": []
    }
  ],
  "Variables": {
    "RandomSeed": "1031456243",
    "Storage_TestConfigDefault": "ProductionTenant\nseandevtest\nU2FuaXRpemVk\nhttp:\u002f\u002fseandevtest.blob.core.windows.net\nhttp:\u002f\u002fseandevtest.file.core.windows.net\nhttp:\u002f\u002fseandevtest.queue.core.windows.net\nhttp:\u002f\u002fseandevtest.table.core.windows.net\n\n\n\n\nhttp:\u002f\u002fseandevtest-secondary.blob.core.windows.net\nhttp:\u002f\u002fseandevtest-secondary.file.core.windows.net\nhttp:\u002f\u002fseandevtest-secondary.queue.core.windows.net\nhttp:\u002f\u002fseandevtest-secondary.table.core.windows.net\n\nSanitized\n\n\nCloud\nBlobEndpoint=http:\u002f\u002fseandevtest.blob.core.windows.net\u002f;QueueEndpoint=http:\u002f\u002fseandevtest.queue.core.windows.net\u002f;TableEndpoint=http:\u002f\u002fseandevtest.table.core.windows.net\u002f;FileEndpoint=http:\u002f\u002fseandevtest.file.core.windows.net\u002f;BlobSecondaryEndpoint=http:\u002f\u002fseandevtest-secondary.blob.core.windows.net\u002f;QueueSecondaryEndpoint=http:\u002f\u002fseandevtest-secondary.queue.core.windows.net\u002f;TableSecondaryEndpoint=http:\u002f\u002fseandevtest-secondary.table.core.windows.net\u002f;FileSecondaryEndpoint=http:\u002f\u002fseandevtest-secondary.file.core.windows.net\u002f;AccountName=seandevtest;AccountKey=Sanitized"
  }
}