{
  "Entries": [
    {
      "RequestUri": "https://camaiaor.blob.core.windows.net/test-container-f515f793-37df-e485-47fe-061700f0d803?restype=container",
      "RequestMethod": "PUT",
      "RequestHeaders": {
        "Accept": "application/xml",
        "Authorization": "Sanitized",
        "traceparent": "00-4b627c255a66b944b737cede6e420c12-14959765aa4cc84b-00",
        "User-Agent": "azsdk-net-Storage.Blobs/12.11.0-alpha.20211015.1 (.NET Framework 4.8.4300.0; Microsoft Windows 10.0.19043 )",
        "x-ms-blob-public-access": "container",
        "x-ms-client-request-id": "61bd6f59-659a-c5c2-b467-faa39563d51c",
        "x-ms-date": "Fri, 15 Oct 2021 20:39:53 GMT",
        "x-ms-return-client-request-id": "true",
        "x-ms-version": "2021-04-10"
      },
      "RequestBody": null,
      "StatusCode": 201,
      "ResponseHeaders": {
        "Content-Length": "0",
        "Date": "Fri, 15 Oct 2021 20:39:53 GMT",
        "ETag": "\u00220x8D9901BF190FBF5\u0022",
        "Last-Modified": "Fri, 15 Oct 2021 20:39:54 GMT",
        "Server": "Windows-Azure-Blob/1.0 Microsoft-HTTPAPI/2.0",
        "x-ms-client-request-id": "61bd6f59-659a-c5c2-b467-faa39563d51c",
        "x-ms-request-id": "4778bc8f-d01e-0076-7a04-c2a197000000",
        "x-ms-version": "2021-04-10"
      },
      "ResponseBody": []
    },
    {
      "RequestUri": "https://camaiaor.blob.core.windows.net/test-container-f515f793-37df-e485-47fe-061700f0d803/test-blob-8a4a741d-69ef-3dac-4d5d-2f27b4d51f2c",
      "RequestMethod": "PUT",
      "RequestHeaders": {
        "Accept": "application/xml",
        "Authorization": "Sanitized",
        "traceparent": "00-d39020951f2a5d4f9cb2901d998f8f05-ec2f0d78a6e02145-00",
        "User-Agent": "azsdk-net-Storage.Blobs/12.11.0-alpha.20211015.1 (.NET Framework 4.8.4300.0; Microsoft Windows 10.0.19043 )",
        "x-ms-blob-content-length": "1024",
        "x-ms-blob-type": "PageBlob",
        "x-ms-client-request-id": "32cfce65-b13d-353a-5080-43d447421778",
        "x-ms-date": "Fri, 15 Oct 2021 20:39:54 GMT",
        "x-ms-encryption-algorithm": "AES256",
        "x-ms-encryption-key": "Sanitized",
        "x-ms-encryption-key-sha256": "UA\u002BzpMjXOdl/XjzVA97iwbH7iVMyJipTtYOwhoFEpVA=",
        "x-ms-return-client-request-id": "true",
        "x-ms-version": "2021-04-10"
      },
      "RequestBody": null,
      "StatusCode": 201,
      "ResponseHeaders": {
        "Content-Length": "0",
        "Date": "Fri, 15 Oct 2021 20:39:53 GMT",
        "ETag": "\u00220x8D9901BF1A43B74\u0022",
        "Last-Modified": "Fri, 15 Oct 2021 20:39:54 GMT",
        "Server": "Windows-Azure-Blob/1.0 Microsoft-HTTPAPI/2.0",
        "x-ms-client-request-id": "32cfce65-b13d-353a-5080-43d447421778",
        "x-ms-encryption-key-sha256": "UA\u002BzpMjXOdl/XjzVA97iwbH7iVMyJipTtYOwhoFEpVA=",
        "x-ms-request-id": "4778bcdf-d01e-0076-4004-c2a197000000",
        "x-ms-request-server-encrypted": "true",
        "x-ms-version": "2021-04-10",
        "x-ms-version-id": "2021-10-15T20:39:54.2224756Z"
      },
      "ResponseBody": []
    },
    {
      "RequestUri": "https://camaiaor.blob.core.windows.net/test-container-f515f793-37df-e485-47fe-061700f0d803/test-blob-8a4a741d-69ef-3dac-4d5d-2f27b4d51f2c",
      "RequestMethod": "HEAD",
      "RequestHeaders": {
        "Accept": "application/xml",
        "Authorization": "Sanitized",
        "traceparent": "00-1acf8cf72db9e04a8c32b743fc7bceeb-fb26e10eaaafac4b-00",
        "User-Agent": "azsdk-net-Storage.Blobs/12.11.0-alpha.20211015.1 (.NET Framework 4.8.4300.0; Microsoft Windows 10.0.19043 )",
        "x-ms-client-request-id": "e6c11f36-ec06-79ef-95ce-48240015f471",
        "x-ms-date": "Fri, 15 Oct 2021 20:39:54 GMT",
        "x-ms-return-client-request-id": "true",
        "x-ms-version": "2021-04-10"
      },
      "RequestBody": null,
      "StatusCode": 409,
      "ResponseHeaders": {
        "Date": "Fri, 15 Oct 2021 20:39:53 GMT",
        "Server": "Windows-Azure-Blob/1.0 Microsoft-HTTPAPI/2.0",
        "Transfer-Encoding": "chunked",
        "x-ms-client-request-id": "e6c11f36-ec06-79ef-95ce-48240015f471",
        "x-ms-error-code": "BlobUsesCustomerSpecifiedEncryption",
        "x-ms-request-id": "4778bd34-d01e-0076-0c04-c2a197000000",
        "x-ms-version": "2021-04-10"
      },
      "ResponseBody": []
    },
    {
      "RequestUri": "https://camaiaor.blob.core.windows.net/test-container-f515f793-37df-e485-47fe-061700f0d803?restype=container",
      "RequestMethod": "DELETE",
      "RequestHeaders": {
        "Accept": "application/xml",
        "Authorization": "Sanitized",
        "traceparent": "00-038019634ab205468e3d4857aa7b225f-d2ffc6d3364efa4b-00",
        "User-Agent": "azsdk-net-Storage.Blobs/12.11.0-alpha.20211015.1 (.NET Framework 4.8.4300.0; Microsoft Windows 10.0.19043 )",
        "x-ms-client-request-id": "289e587a-3181-fb72-c71a-d24f2c18d774",
        "x-ms-date": "Fri, 15 Oct 2021 20:39:54 GMT",
        "x-ms-return-client-request-id": "true",
        "x-ms-version": "2021-04-10"
      },
      "RequestBody": null,
      "StatusCode": 202,
      "ResponseHeaders": {
        "Content-Length": "0",
        "Date": "Fri, 15 Oct 2021 20:39:53 GMT",
        "Server": "Windows-Azure-Blob/1.0 Microsoft-HTTPAPI/2.0",
        "x-ms-client-request-id": "289e587a-3181-fb72-c71a-d24f2c18d774",
        "x-ms-request-id": "4778bd6f-d01e-0076-3f04-c2a197000000",
        "x-ms-version": "2021-04-10"
      },
      "ResponseBody": []
    }
  ],
  "Variables": {
    "RandomSeed": "950149011",
    "Storage_TestConfigDefault": "ProductionTenant\ncamaiaor\nU2FuaXRpemVk\nhttps://camaiaor.blob.core.windows.net\nhttps://camaiaor.file.core.windows.net\nhttps://camaiaor.queue.core.windows.net\nhttps://camaiaor.table.core.windows.net\n\n\n\n\nhttps://camaiaor-secondary.blob.core.windows.net\nhttps://camaiaor-secondary.file.core.windows.net\nhttps://camaiaor-secondary.queue.core.windows.net\nhttps://camaiaor-secondary.table.core.windows.net\n\nSanitized\n\n\nCloud\nBlobEndpoint=https://camaiaor.blob.core.windows.net/;QueueEndpoint=https://camaiaor.queue.core.windows.net/;FileEndpoint=https://camaiaor.file.core.windows.net/;BlobSecondaryEndpoint=https://camaiaor-secondary.blob.core.windows.net/;QueueSecondaryEndpoint=https://camaiaor-secondary.queue.core.windows.net/;FileSecondaryEndpoint=https://camaiaor-secondary.file.core.windows.net/;AccountName=camaiaor;AccountKey=Kg==;\nsdktest\n\n"
  }
}