{
  "Entries": [
    {
      "RequestUri": "/subscriptions/7e6898e7-868d-490f-8f91-0cffa67c48a0/resourcegroups/csmrg2790?api-version=2015-11-01",
      "EncodedRequestUri": "L3N1YnNjcmlwdGlvbnMvN2U2ODk4ZTctODY4ZC00OTBmLThmOTEtMGNmZmE2N2M0OGEwL3Jlc291cmNlZ3JvdXBzL2NzbXJnMjc5MD9hcGktdmVyc2lvbj0yMDE1LTExLTAx",
      "RequestMethod": "PUT",
      "RequestBody": "{\r\n  \"location\": \"westus\"\r\n}",
      "RequestHeaders": {
        "Content-Type": [
          "application/json; charset=utf-8"
        ],
        "Content-Length": [
          "28"
        ],
        "x-ms-client-request-id": [
          "d90d5ec1-f9ac-4177-af2a-cb0724e106c5"
        ],
        "accept-language": [
          "en-US"
        ],
        "User-Agent": [
          "Microsoft.Azure.Management.Resources.ResourceManagementClient/1.0.0-preview"
        ]
      },
      "ResponseBody": "{\r\n  \"id\": \"/subscriptions/7e6898e7-868d-490f-8f91-0cffa67c48a0/resourceGroups/csmrg2790\",\r\n  \"name\": \"csmrg2790\",\r\n  \"location\": \"westus\",\r\n  \"properties\": {\r\n    \"provisioningState\": \"Succeeded\"\r\n  }\r\n}",
      "ResponseHeaders": {
        "Content-Length": [
          "171"
        ],
        "Content-Type": [
          "application/json; charset=utf-8"
        ],
        "Expires": [
          "-1"
        ],
        "Cache-Control": [
          "no-cache"
        ],
        "Date": [
          "Wed, 29 Jun 2016 06:04:23 GMT"
        ],
        "Pragma": [
          "no-cache"
        ],
        "x-ms-ratelimit-remaining-subscription-writes": [
          "1199"
        ],
        "x-ms-request-id": [
          "14f36010-525b-441e-8ec1-b9a773b0d3ca"
        ],
        "x-ms-correlation-request-id": [
          "14f36010-525b-441e-8ec1-b9a773b0d3ca"
        ],
        "x-ms-routing-request-id": [
          "WESTUS:20160629T060423Z:14f36010-525b-441e-8ec1-b9a773b0d3ca"
        ],
        "Strict-Transport-Security": [
          "max-age=31536000; includeSubDomains"
        ]
      },
      "StatusCode": 201
    },
    {
      "RequestUri": "/subscriptions/7e6898e7-868d-490f-8f91-0cffa67c48a0/resourceGroups/csmrg2790/providers/Microsoft.Network/virtualNetworks/azsmnet4135?api-version=2017-06-01",
      "EncodedRequestUri": "L3N1YnNjcmlwdGlvbnMvN2U2ODk4ZTctODY4ZC00OTBmLThmOTEtMGNmZmE2N2M0OGEwL3Jlc291cmNlR3JvdXBzL2NzbXJnMjc5MC9wcm92aWRlcnMvTWljcm9zb2Z0Lk5ldHdvcmsvdmlydHVhbE5ldHdvcmtzL2F6c21uZXQ0MTM1P2FwaS12ZXJzaW9uPTIwMTctMDYtMDE=",
      "RequestMethod": "PUT",
      "RequestBody": "{\r\n  \"properties\": {\r\n    \"addressSpace\": {\r\n      \"addressPrefixes\": [\r\n        \"10.0.0.0/16\"\r\n      ]\r\n    },\r\n    \"dhcpOptions\": {\r\n      \"dnsServers\": [\r\n        \"10.1.1.1\",\r\n        \"10.1.2.4\"\r\n      ]\r\n    },\r\n    \"subnets\": [\r\n      {\r\n        \"properties\": {\r\n          \"addressPrefix\": \"10.0.1.0/24\"\r\n        },\r\n        \"name\": \"azsmnet7919\"\r\n      },\r\n      {\r\n        \"properties\": {\r\n          \"addressPrefix\": \"10.0.2.0/24\"\r\n        },\r\n        \"name\": \"azsmnet2000\"\r\n      }\r\n    ]\r\n  },\r\n  \"location\": \"westus\"\r\n}",
      "RequestHeaders": {
        "Content-Type": [
          "application/json; charset=utf-8"
        ],
        "Content-Length": [
          "529"
        ],
        "x-ms-client-request-id": [
          "a1cb224e-ef92-4cc0-b030-f527f9be2740"
        ],
        "accept-language": [
          "en-US"
        ],
        "User-Agent": [
          "Microsoft.Azure.Management.Network.NetworkManagementClient/4.6.0"
        ]
      },
      "ResponseBody": "{\r\n  \"name\": \"azsmnet4135\",\r\n  \"id\": \"/subscriptions/7e6898e7-868d-490f-8f91-0cffa67c48a0/resourceGroups/csmrg2790/providers/Microsoft.Network/virtualNetworks/azsmnet4135\",\r\n  \"etag\": \"W/\\\"7d6a49e3-6e7c-430f-84fc-a7eed472e2d5\\\"\",\r\n  \"type\": \"Microsoft.Network/virtualNetworks\",\r\n  \"location\": \"westus\",\r\n  \"properties\": {\r\n    \"provisioningState\": \"Updating\",\r\n    \"resourceGuid\": \"6e364cd9-a035-48bf-a6c3-921f50a6355f\",\r\n    \"addressSpace\": {\r\n      \"addressPrefixes\": [\r\n        \"10.0.0.0/16\"\r\n      ]\r\n    },\r\n    \"dhcpOptions\": {\r\n      \"dnsServers\": [\r\n        \"10.1.1.1\",\r\n        \"10.1.2.4\"\r\n      ]\r\n    },\r\n    \"subnets\": [\r\n      {\r\n        \"name\": \"azsmnet7919\",\r\n        \"id\": \"/subscriptions/7e6898e7-868d-490f-8f91-0cffa67c48a0/resourceGroups/csmrg2790/providers/Microsoft.Network/virtualNetworks/azsmnet4135/subnets/azsmnet7919\",\r\n        \"etag\": \"W/\\\"7d6a49e3-6e7c-430f-84fc-a7eed472e2d5\\\"\",\r\n        \"properties\": {\r\n          \"provisioningState\": \"Updating\",\r\n          \"addressPrefix\": \"10.0.1.0/24\"\r\n        }\r\n      },\r\n      {\r\n        \"name\": \"azsmnet2000\",\r\n        \"id\": \"/subscriptions/7e6898e7-868d-490f-8f91-0cffa67c48a0/resourceGroups/csmrg2790/providers/Microsoft.Network/virtualNetworks/azsmnet4135/subnets/azsmnet2000\",\r\n        \"etag\": \"W/\\\"7d6a49e3-6e7c-430f-84fc-a7eed472e2d5\\\"\",\r\n        \"properties\": {\r\n          \"provisioningState\": \"Updating\",\r\n          \"addressPrefix\": \"10.0.2.0/24\"\r\n        }\r\n      }\r\n    ],\r\n    \"virtualNetworkPeerings\": []\r\n  }\r\n}",
      "ResponseHeaders": {
        "Content-Length": [
          "1495"
        ],
        "Content-Type": [
          "application/json; charset=utf-8"
        ],
        "Expires": [
          "-1"
        ],
        "Cache-Control": [
          "no-cache"
        ],
        "Date": [
          "Wed, 29 Jun 2016 06:04:24 GMT"
        ],
        "Pragma": [
          "no-cache"
        ],
        "Retry-After": [
          "10"
        ],
        "Server": [
          "Microsoft-HTTPAPI/2.0",
          "Microsoft-HTTPAPI/2.0"
        ],
        "x-ms-request-id": [
          "bc77eb57-0b4c-4fe8-ac0e-98bea2d5f2c7"
        ],
        "Azure-AsyncOperation": [
          "https://management.azure.com/subscriptions/7e6898e7-868d-490f-8f91-0cffa67c48a0/providers/Microsoft.Network/locations/westus.validation/operations/bc77eb57-0b4c-4fe8-ac0e-98bea2d5f2c7?api-version=2017-06-01"
        ],
        "Strict-Transport-Security": [
          "max-age=31536000; includeSubDomains"
        ],
        "x-ms-ratelimit-remaining-subscription-writes": [
          "1199"
        ],
        "x-ms-correlation-request-id": [
          "1540900e-3c1e-4edf-b5c6-b0daba9a1c61"
        ],
        "x-ms-routing-request-id": [
          "WESTUS:20160629T060424Z:1540900e-3c1e-4edf-b5c6-b0daba9a1c61"
        ]
      },
      "StatusCode": 201
    },
    {
      "RequestUri": "/subscriptions/7e6898e7-868d-490f-8f91-0cffa67c48a0/providers/Microsoft.Network/locations/westus.validation/operations/bc77eb57-0b4c-4fe8-ac0e-98bea2d5f2c7?api-version=2017-06-01",
      "EncodedRequestUri": "L3N1YnNjcmlwdGlvbnMvN2U2ODk4ZTctODY4ZC00OTBmLThmOTEtMGNmZmE2N2M0OGEwL3Byb3ZpZGVycy9NaWNyb3NvZnQuTmV0d29yay9sb2NhdGlvbnMvd2VzdHVzLnZhbGlkYXRpb24vb3BlcmF0aW9ucy9iYzc3ZWI1Ny0wYjRjLTRmZTgtYWMwZS05OGJlYTJkNWYyYzc/YXBpLXZlcnNpb249MjAxNy0wNi0wMQ==",
      "RequestMethod": "GET",
      "RequestBody": "",
      "RequestHeaders": {
        "User-Agent": [
          "Microsoft.Azure.Management.Network.NetworkManagementClient/4.6.0"
        ]
      },
      "ResponseBody": "{\r\n  \"status\": \"Succeeded\"\r\n}",
      "ResponseHeaders": {
        "Content-Type": [
          "application/json; charset=utf-8"
        ],
        "Expires": [
          "-1"
        ],
        "Cache-Control": [
          "no-cache"
        ],
        "Date": [
          "Wed, 29 Jun 2016 06:04:55 GMT"
        ],
        "Pragma": [
          "no-cache"
        ],
        "Transfer-Encoding": [
          "chunked"
        ],
        "Server": [
          "Microsoft-HTTPAPI/2.0",
          "Microsoft-HTTPAPI/2.0"
        ],
        "Vary": [
          "Accept-Encoding"
        ],
        "x-ms-request-id": [
          "88a5e68c-3336-4633-a01f-4271891c53b1"
        ],
        "Strict-Transport-Security": [
          "max-age=31536000; includeSubDomains"
        ],
        "x-ms-ratelimit-remaining-subscription-reads": [
          "14999"
        ],
        "x-ms-correlation-request-id": [
          "80337303-2d39-4ce2-abdd-cbba1ee801fc"
        ],
        "x-ms-routing-request-id": [
          "WESTUS:20160629T060455Z:80337303-2d39-4ce2-abdd-cbba1ee801fc"
        ]
      },
      "StatusCode": 200
    },
    {
      "RequestUri": "/subscriptions/7e6898e7-868d-490f-8f91-0cffa67c48a0/resourceGroups/csmrg2790/providers/Microsoft.Network/virtualNetworks/azsmnet4135?api-version=2017-06-01",
      "EncodedRequestUri": "L3N1YnNjcmlwdGlvbnMvN2U2ODk4ZTctODY4ZC00OTBmLThmOTEtMGNmZmE2N2M0OGEwL3Jlc291cmNlR3JvdXBzL2NzbXJnMjc5MC9wcm92aWRlcnMvTWljcm9zb2Z0Lk5ldHdvcmsvdmlydHVhbE5ldHdvcmtzL2F6c21uZXQ0MTM1P2FwaS12ZXJzaW9uPTIwMTctMDYtMDE=",
      "RequestMethod": "GET",
      "RequestBody": "",
      "RequestHeaders": {
        "User-Agent": [
          "Microsoft.Azure.Management.Network.NetworkManagementClient/4.6.0"
        ]
      },
      "ResponseBody": "{\r\n  \"name\": \"azsmnet4135\",\r\n  \"id\": \"/subscriptions/7e6898e7-868d-490f-8f91-0cffa67c48a0/resourceGroups/csmrg2790/providers/Microsoft.Network/virtualNetworks/azsmnet4135\",\r\n  \"etag\": \"W/\\\"3f58a4ca-eaea-4992-b1a1-854949970247\\\"\",\r\n  \"type\": \"Microsoft.Network/virtualNetworks\",\r\n  \"location\": \"westus\",\r\n  \"properties\": {\r\n    \"provisioningState\": \"Succeeded\",\r\n    \"resourceGuid\": \"6e364cd9-a035-48bf-a6c3-921f50a6355f\",\r\n    \"addressSpace\": {\r\n      \"addressPrefixes\": [\r\n        \"10.0.0.0/16\"\r\n      ]\r\n    },\r\n    \"dhcpOptions\": {\r\n      \"dnsServers\": [\r\n        \"10.1.1.1\",\r\n        \"10.1.2.4\"\r\n      ]\r\n    },\r\n    \"subnets\": [\r\n      {\r\n        \"name\": \"azsmnet7919\",\r\n        \"id\": \"/subscriptions/7e6898e7-868d-490f-8f91-0cffa67c48a0/resourceGroups/csmrg2790/providers/Microsoft.Network/virtualNetworks/azsmnet4135/subnets/azsmnet7919\",\r\n        \"etag\": \"W/\\\"3f58a4ca-eaea-4992-b1a1-854949970247\\\"\",\r\n        \"properties\": {\r\n          \"provisioningState\": \"Succeeded\",\r\n          \"addressPrefix\": \"10.0.1.0/24\"\r\n        }\r\n      },\r\n      {\r\n        \"name\": \"azsmnet2000\",\r\n        \"id\": \"/subscriptions/7e6898e7-868d-490f-8f91-0cffa67c48a0/resourceGroups/csmrg2790/providers/Microsoft.Network/virtualNetworks/azsmnet4135/subnets/azsmnet2000\",\r\n        \"etag\": \"W/\\\"3f58a4ca-eaea-4992-b1a1-854949970247\\\"\",\r\n        \"properties\": {\r\n          \"provisioningState\": \"Succeeded\",\r\n          \"addressPrefix\": \"10.0.2.0/24\"\r\n        }\r\n      }\r\n    ],\r\n    \"virtualNetworkPeerings\": []\r\n  }\r\n}",
      "ResponseHeaders": {
        "Content-Type": [
          "application/json; charset=utf-8"
        ],
        "Expires": [
          "-1"
        ],
        "Cache-Control": [
          "no-cache"
        ],
        "Date": [
          "Wed, 29 Jun 2016 06:04:55 GMT"
        ],
        "Pragma": [
          "no-cache"
        ],
        "Transfer-Encoding": [
          "chunked"
        ],
        "ETag": [
          "W/\"3f58a4ca-eaea-4992-b1a1-854949970247\""
        ],
        "Server": [
          "Microsoft-HTTPAPI/2.0",
          "Microsoft-HTTPAPI/2.0"
        ],
        "Vary": [
          "Accept-Encoding"
        ],
        "x-ms-request-id": [
          "069a4d34-e60e-4e14-b100-16d99e6112fe"
        ],
        "Strict-Transport-Security": [
          "max-age=31536000; includeSubDomains"
        ],
        "x-ms-ratelimit-remaining-subscription-reads": [
          "14998"
        ],
        "x-ms-correlation-request-id": [
          "12d9da5e-252c-4815-a39a-896900f67e42"
        ],
        "x-ms-routing-request-id": [
          "WESTUS:20160629T060455Z:12d9da5e-252c-4815-a39a-896900f67e42"
        ]
      },
      "StatusCode": 200
    },
    {
      "RequestUri": "/subscriptions/7e6898e7-868d-490f-8f91-0cffa67c48a0/resourceGroups/csmrg2790/providers/Microsoft.Network/virtualNetworks/azsmnet4135?api-version=2017-06-01",
      "EncodedRequestUri": "L3N1YnNjcmlwdGlvbnMvN2U2ODk4ZTctODY4ZC00OTBmLThmOTEtMGNmZmE2N2M0OGEwL3Jlc291cmNlR3JvdXBzL2NzbXJnMjc5MC9wcm92aWRlcnMvTWljcm9zb2Z0Lk5ldHdvcmsvdmlydHVhbE5ldHdvcmtzL2F6c21uZXQ0MTM1P2FwaS12ZXJzaW9uPTIwMTctMDYtMDE=",
      "RequestMethod": "GET",
      "RequestBody": "",
      "RequestHeaders": {
        "x-ms-client-request-id": [
          "d334a76f-b185-4d48-90a9-8c3f1018055d"
        ],
        "accept-language": [
          "en-US"
        ],
        "User-Agent": [
          "Microsoft.Azure.Management.Network.NetworkManagementClient/4.6.0"
        ]
      },
      "ResponseBody": "{\r\n  \"name\": \"azsmnet4135\",\r\n  \"id\": \"/subscriptions/7e6898e7-868d-490f-8f91-0cffa67c48a0/resourceGroups/csmrg2790/providers/Microsoft.Network/virtualNetworks/azsmnet4135\",\r\n  \"etag\": \"W/\\\"3f58a4ca-eaea-4992-b1a1-854949970247\\\"\",\r\n  \"type\": \"Microsoft.Network/virtualNetworks\",\r\n  \"location\": \"westus\",\r\n  \"properties\": {\r\n    \"provisioningState\": \"Succeeded\",\r\n    \"resourceGuid\": \"6e364cd9-a035-48bf-a6c3-921f50a6355f\",\r\n    \"addressSpace\": {\r\n      \"addressPrefixes\": [\r\n        \"10.0.0.0/16\"\r\n      ]\r\n    },\r\n    \"dhcpOptions\": {\r\n      \"dnsServers\": [\r\n        \"10.1.1.1\",\r\n        \"10.1.2.4\"\r\n      ]\r\n    },\r\n    \"subnets\": [\r\n      {\r\n        \"name\": \"azsmnet7919\",\r\n        \"id\": \"/subscriptions/7e6898e7-868d-490f-8f91-0cffa67c48a0/resourceGroups/csmrg2790/providers/Microsoft.Network/virtualNetworks/azsmnet4135/subnets/azsmnet7919\",\r\n        \"etag\": \"W/\\\"3f58a4ca-eaea-4992-b1a1-854949970247\\\"\",\r\n        \"properties\": {\r\n          \"provisioningState\": \"Succeeded\",\r\n          \"addressPrefix\": \"10.0.1.0/24\"\r\n        }\r\n      },\r\n      {\r\n        \"name\": \"azsmnet2000\",\r\n        \"id\": \"/subscriptions/7e6898e7-868d-490f-8f91-0cffa67c48a0/resourceGroups/csmrg2790/providers/Microsoft.Network/virtualNetworks/azsmnet4135/subnets/azsmnet2000\",\r\n        \"etag\": \"W/\\\"3f58a4ca-eaea-4992-b1a1-854949970247\\\"\",\r\n        \"properties\": {\r\n          \"provisioningState\": \"Succeeded\",\r\n          \"addressPrefix\": \"10.0.2.0/24\"\r\n        }\r\n      }\r\n    ],\r\n    \"virtualNetworkPeerings\": []\r\n  }\r\n}",
      "ResponseHeaders": {
        "Content-Type": [
          "application/json; charset=utf-8"
        ],
        "Expires": [
          "-1"
        ],
        "Cache-Control": [
          "no-cache"
        ],
        "Date": [
          "Wed, 29 Jun 2016 06:04:55 GMT"
        ],
        "Pragma": [
          "no-cache"
        ],
        "Transfer-Encoding": [
          "chunked"
        ],
        "ETag": [
          "W/\"3f58a4ca-eaea-4992-b1a1-854949970247\""
        ],
        "Server": [
          "Microsoft-HTTPAPI/2.0",
          "Microsoft-HTTPAPI/2.0"
        ],
        "Vary": [
          "Accept-Encoding"
        ],
        "x-ms-request-id": [
          "dd2e3d75-3d30-450e-a54e-04d4b7556cee"
        ],
        "Strict-Transport-Security": [
          "max-age=31536000; includeSubDomains"
        ],
        "x-ms-ratelimit-remaining-subscription-reads": [
          "14997"
        ],
        "x-ms-correlation-request-id": [
          "e942a6c3-d997-4d7d-809d-87c24a64ef5c"
        ],
        "x-ms-routing-request-id": [
          "WESTUS:20160629T060455Z:e942a6c3-d997-4d7d-809d-87c24a64ef5c"
        ]
      },
      "StatusCode": 200
    },
    {
      "RequestUri": "/subscriptions/7e6898e7-868d-490f-8f91-0cffa67c48a0/resourceGroups/csmrg2790/providers/Microsoft.Network/virtualNetworks?api-version=2017-06-01",
      "EncodedRequestUri": "L3N1YnNjcmlwdGlvbnMvN2U2ODk4ZTctODY4ZC00OTBmLThmOTEtMGNmZmE2N2M0OGEwL3Jlc291cmNlR3JvdXBzL2NzbXJnMjc5MC9wcm92aWRlcnMvTWljcm9zb2Z0Lk5ldHdvcmsvdmlydHVhbE5ldHdvcmtzP2FwaS12ZXJzaW9uPTIwMTctMDYtMDE=",
      "RequestMethod": "GET",
      "RequestBody": "",
      "RequestHeaders": {
        "x-ms-client-request-id": [
          "f478e826-0aee-4d35-bf5c-1a315bc24957"
        ],
        "accept-language": [
          "en-US"
        ],
        "User-Agent": [
          "Microsoft.Azure.Management.Network.NetworkManagementClient/4.6.0"
        ]
      },
      "ResponseBody": "{\r\n  \"value\": [\r\n    {\r\n      \"name\": \"azsmnet4135\",\r\n      \"id\": \"/subscriptions/7e6898e7-868d-490f-8f91-0cffa67c48a0/resourceGroups/csmrg2790/providers/Microsoft.Network/virtualNetworks/azsmnet4135\",\r\n      \"etag\": \"W/\\\"3f58a4ca-eaea-4992-b1a1-854949970247\\\"\",\r\n      \"type\": \"Microsoft.Network/virtualNetworks\",\r\n      \"location\": \"westus\",\r\n      \"properties\": {\r\n        \"provisioningState\": \"Succeeded\",\r\n        \"resourceGuid\": \"6e364cd9-a035-48bf-a6c3-921f50a6355f\",\r\n        \"addressSpace\": {\r\n          \"addressPrefixes\": [\r\n            \"10.0.0.0/16\"\r\n          ]\r\n        },\r\n        \"dhcpOptions\": {\r\n          \"dnsServers\": [\r\n            \"10.1.1.1\",\r\n            \"10.1.2.4\"\r\n          ]\r\n        },\r\n        \"subnets\": [\r\n          {\r\n            \"name\": \"azsmnet7919\",\r\n            \"id\": \"/subscriptions/7e6898e7-868d-490f-8f91-0cffa67c48a0/resourceGroups/csmrg2790/providers/Microsoft.Network/virtualNetworks/azsmnet4135/subnets/azsmnet7919\",\r\n            \"etag\": \"W/\\\"3f58a4ca-eaea-4992-b1a1-854949970247\\\"\",\r\n            \"properties\": {\r\n              \"provisioningState\": \"Succeeded\",\r\n              \"addressPrefix\": \"10.0.1.0/24\"\r\n            }\r\n          },\r\n          {\r\n            \"name\": \"azsmnet2000\",\r\n            \"id\": \"/subscriptions/7e6898e7-868d-490f-8f91-0cffa67c48a0/resourceGroups/csmrg2790/providers/Microsoft.Network/virtualNetworks/azsmnet4135/subnets/azsmnet2000\",\r\n            \"etag\": \"W/\\\"3f58a4ca-eaea-4992-b1a1-854949970247\\\"\",\r\n            \"properties\": {\r\n              \"provisioningState\": \"Succeeded\",\r\n              \"addressPrefix\": \"10.0.2.0/24\"\r\n            }\r\n          }\r\n        ],\r\n        \"virtualNetworkPeerings\": []\r\n      }\r\n    }\r\n  ]\r\n}",
      "ResponseHeaders": {
        "Content-Type": [
          "application/json; charset=utf-8"
        ],
        "Expires": [
          "-1"
        ],
        "Cache-Control": [
          "no-cache"
        ],
        "Date": [
          "Wed, 29 Jun 2016 06:04:55 GMT"
        ],
        "Pragma": [
          "no-cache"
        ],
        "Transfer-Encoding": [
          "chunked"
        ],
        "Server": [
          "Microsoft-HTTPAPI/2.0",
          "Microsoft-HTTPAPI/2.0"
        ],
        "Vary": [
          "Accept-Encoding"
        ],
        "x-ms-request-id": [
          "15568cbd-c620-4d18-867f-258324e0b733"
        ],
        "Strict-Transport-Security": [
          "max-age=31536000; includeSubDomains"
        ],
        "x-ms-ratelimit-remaining-subscription-reads": [
          "14996"
        ],
        "x-ms-correlation-request-id": [
          "863f8fce-57db-4080-b6ce-68e1bdd8bd01"
        ],
        "x-ms-routing-request-id": [
          "WESTUS:20160629T060455Z:863f8fce-57db-4080-b6ce-68e1bdd8bd01"
        ]
      },
      "StatusCode": 200
    },
    {
      "RequestUri": "/subscriptions/7e6898e7-868d-490f-8f91-0cffa67c48a0/resourceGroups/csmrg2790/providers/Microsoft.Network/virtualNetworks?api-version=2017-06-01",
      "EncodedRequestUri": "L3N1YnNjcmlwdGlvbnMvN2U2ODk4ZTctODY4ZC00OTBmLThmOTEtMGNmZmE2N2M0OGEwL3Jlc291cmNlR3JvdXBzL2NzbXJnMjc5MC9wcm92aWRlcnMvTWljcm9zb2Z0Lk5ldHdvcmsvdmlydHVhbE5ldHdvcmtzP2FwaS12ZXJzaW9uPTIwMTctMDYtMDE=",
      "RequestMethod": "GET",
      "RequestBody": "",
      "RequestHeaders": {
        "x-ms-client-request-id": [
          "0597e696-06f3-4b7c-b921-6f1d4607388b"
        ],
        "accept-language": [
          "en-US"
        ],
        "User-Agent": [
          "Microsoft.Azure.Management.Network.NetworkManagementClient/4.6.0"
        ]
      },
      "ResponseBody": "{\r\n  \"value\": []\r\n}",
      "ResponseHeaders": {
        "Content-Type": [
          "application/json; charset=utf-8"
        ],
        "Expires": [
          "-1"
        ],
        "Cache-Control": [
          "no-cache"
        ],
        "Date": [
          "Wed, 29 Jun 2016 06:08:47 GMT"
        ],
        "Pragma": [
          "no-cache"
        ],
        "Vary": [
          "Accept-Encoding"
        ],
        "x-ms-ratelimit-remaining-subscription-reads": [
          "14984"
        ],
        "x-ms-request-id": [
          "f7c1d896-9b55-45fb-910d-b454ac386d8a"
        ],
        "x-ms-correlation-request-id": [
          "f7c1d896-9b55-45fb-910d-b454ac386d8a"
        ],
        "x-ms-routing-request-id": [
          "WESTUS:20160629T060847Z:f7c1d896-9b55-45fb-910d-b454ac386d8a"
        ],
        "Strict-Transport-Security": [
          "max-age=31536000; includeSubDomains"
        ]
      },
      "StatusCode": 200
    },
    {
      "RequestUri": "/subscriptions/7e6898e7-868d-490f-8f91-0cffa67c48a0/resourceGroups/csmrg2790/providers/Microsoft.Network/virtualNetworks/azsmnet6391?api-version=2017-06-01",
      "EncodedRequestUri": "L3N1YnNjcmlwdGlvbnMvN2U2ODk4ZTctODY4ZC00OTBmLThmOTEtMGNmZmE2N2M0OGEwL3Jlc291cmNlR3JvdXBzL2NzbXJnMjc5MC9wcm92aWRlcnMvTWljcm9zb2Z0Lk5ldHdvcmsvdmlydHVhbE5ldHdvcmtzL2F6c21uZXQ2MzkxP2FwaS12ZXJzaW9uPTIwMTctMDYtMDE=",
      "RequestMethod": "PUT",
      "RequestBody": "{\r\n  \"properties\": {\r\n    \"addressSpace\": {\r\n      \"addressPrefixes\": [\r\n        \"10.1.0.0/16\"\r\n      ]\r\n    },\r\n    \"dhcpOptions\": {\r\n      \"dnsServers\": [\r\n        \"10.1.1.1\",\r\n        \"10.1.2.4\"\r\n      ]\r\n    },\r\n    \"subnets\": [\r\n      {\r\n        \"properties\": {\r\n          \"addressPrefix\": \"10.1.1.0/24\"\r\n        },\r\n        \"name\": \"azsmnet7919\"\r\n      },\r\n      {\r\n        \"properties\": {\r\n          \"addressPrefix\": \"10.1.2.0/24\"\r\n        },\r\n        \"name\": \"azsmnet2000\"\r\n      }\r\n    ]\r\n  },\r\n  \"location\": \"westus\"\r\n}",
      "RequestHeaders": {
        "Content-Type": [
          "application/json; charset=utf-8"
        ],
        "Content-Length": [
          "529"
        ],
        "x-ms-client-request-id": [
          "be92693b-442e-4a9a-8f89-2c204eeec1d7"
        ],
        "accept-language": [
          "en-US"
        ],
        "User-Agent": [
          "Microsoft.Azure.Management.Network.NetworkManagementClient/4.6.0"
        ]
      },
      "ResponseBody": "{\r\n  \"name\": \"azsmnet6391\",\r\n  \"id\": \"/subscriptions/7e6898e7-868d-490f-8f91-0cffa67c48a0/resourceGroups/csmrg2790/providers/Microsoft.Network/virtualNetworks/azsmnet6391\",\r\n  \"etag\": \"W/\\\"192e37bc-e614-41c2-8d52-3f07a7e9520e\\\"\",\r\n  \"type\": \"Microsoft.Network/virtualNetworks\",\r\n  \"location\": \"westus\",\r\n  \"properties\": {\r\n    \"provisioningState\": \"Updating\",\r\n    \"resourceGuid\": \"32466346-b6da-4886-bc3e-b3334571e01d\",\r\n    \"addressSpace\": {\r\n      \"addressPrefixes\": [\r\n        \"10.1.0.0/16\"\r\n      ]\r\n    },\r\n    \"dhcpOptions\": {\r\n      \"dnsServers\": [\r\n        \"10.1.1.1\",\r\n        \"10.1.2.4\"\r\n      ]\r\n    },\r\n    \"subnets\": [\r\n      {\r\n        \"name\": \"azsmnet7919\",\r\n        \"id\": \"/subscriptions/7e6898e7-868d-490f-8f91-0cffa67c48a0/resourceGroups/csmrg2790/providers/Microsoft.Network/virtualNetworks/azsmnet6391/subnets/azsmnet7919\",\r\n        \"etag\": \"W/\\\"192e37bc-e614-41c2-8d52-3f07a7e9520e\\\"\",\r\n        \"properties\": {\r\n          \"provisioningState\": \"Updating\",\r\n          \"addressPrefix\": \"10.1.1.0/24\"\r\n        }\r\n      },\r\n      {\r\n        \"name\": \"azsmnet2000\",\r\n        \"id\": \"/subscriptions/7e6898e7-868d-490f-8f91-0cffa67c48a0/resourceGroups/csmrg2790/providers/Microsoft.Network/virtualNetworks/azsmnet6391/subnets/azsmnet2000\",\r\n        \"etag\": \"W/\\\"192e37bc-e614-41c2-8d52-3f07a7e9520e\\\"\",\r\n        \"properties\": {\r\n          \"provisioningState\": \"Updating\",\r\n          \"addressPrefix\": \"10.1.2.0/24\"\r\n        }\r\n      }\r\n    ],\r\n    \"virtualNetworkPeerings\": []\r\n  }\r\n}",
      "ResponseHeaders": {
        "Content-Length": [
          "1495"
        ],
        "Content-Type": [
          "application/json; charset=utf-8"
        ],
        "Expires": [
          "-1"
        ],
        "Cache-Control": [
          "no-cache"
        ],
        "Date": [
          "Wed, 29 Jun 2016 06:04:55 GMT"
        ],
        "Pragma": [
          "no-cache"
        ],
        "Retry-After": [
          "10"
        ],
        "Server": [
          "Microsoft-HTTPAPI/2.0",
          "Microsoft-HTTPAPI/2.0"
        ],
        "x-ms-request-id": [
          "6f1e3332-1c7e-49be-8de6-e0d05d150ff9"
        ],
        "Azure-AsyncOperation": [
          "https://management.azure.com/subscriptions/7e6898e7-868d-490f-8f91-0cffa67c48a0/providers/Microsoft.Network/locations/westus.validation/operations/6f1e3332-1c7e-49be-8de6-e0d05d150ff9?api-version=2017-06-01"
        ],
        "Strict-Transport-Security": [
          "max-age=31536000; includeSubDomains"
        ],
        "x-ms-ratelimit-remaining-subscription-writes": [
          "1198"
        ],
        "x-ms-correlation-request-id": [
          "9126d5f1-2c73-42ad-a3aa-8df7359d659a"
        ],
        "x-ms-routing-request-id": [
          "WESTUS:20160629T060456Z:9126d5f1-2c73-42ad-a3aa-8df7359d659a"
        ]
      },
      "StatusCode": 201
    },
    {
      "RequestUri": "/subscriptions/7e6898e7-868d-490f-8f91-0cffa67c48a0/providers/Microsoft.Network/locations/westus.validation/operations/6f1e3332-1c7e-49be-8de6-e0d05d150ff9?api-version=2017-06-01",
      "EncodedRequestUri": "L3N1YnNjcmlwdGlvbnMvN2U2ODk4ZTctODY4ZC00OTBmLThmOTEtMGNmZmE2N2M0OGEwL3Byb3ZpZGVycy9NaWNyb3NvZnQuTmV0d29yay9sb2NhdGlvbnMvd2VzdHVzLnZhbGlkYXRpb24vb3BlcmF0aW9ucy82ZjFlMzMzMi0xYzdlLTQ5YmUtOGRlNi1lMGQwNWQxNTBmZjk/YXBpLXZlcnNpb249MjAxNy0wNi0wMQ==",
      "RequestMethod": "GET",
      "RequestBody": "",
      "RequestHeaders": {
        "User-Agent": [
          "Microsoft.Azure.Management.Network.NetworkManagementClient/4.6.0"
        ]
      },
      "ResponseBody": "{\r\n  \"status\": \"Succeeded\"\r\n}",
      "ResponseHeaders": {
        "Content-Type": [
          "application/json; charset=utf-8"
        ],
        "Expires": [
          "-1"
        ],
        "Cache-Control": [
          "no-cache"
        ],
        "Date": [
          "Wed, 29 Jun 2016 06:05:25 GMT"
        ],
        "Pragma": [
          "no-cache"
        ],
        "Transfer-Encoding": [
          "chunked"
        ],
        "Server": [
          "Microsoft-HTTPAPI/2.0",
          "Microsoft-HTTPAPI/2.0"
        ],
        "Vary": [
          "Accept-Encoding"
        ],
        "x-ms-request-id": [
          "07912222-6e58-4bbc-8c7c-7a3cbdd7e72e"
        ],
        "Strict-Transport-Security": [
          "max-age=31536000; includeSubDomains"
        ],
        "x-ms-ratelimit-remaining-subscription-reads": [
          "14995"
        ],
        "x-ms-correlation-request-id": [
          "7e9adcb1-3c46-40d8-9067-8c9f5520908b"
        ],
        "x-ms-routing-request-id": [
          "WESTUS:20160629T060526Z:7e9adcb1-3c46-40d8-9067-8c9f5520908b"
        ]
      },
      "StatusCode": 200
    },
    {
      "RequestUri": "/subscriptions/7e6898e7-868d-490f-8f91-0cffa67c48a0/resourceGroups/csmrg2790/providers/Microsoft.Network/virtualNetworks/azsmnet6391?api-version=2017-06-01",
      "EncodedRequestUri": "L3N1YnNjcmlwdGlvbnMvN2U2ODk4ZTctODY4ZC00OTBmLThmOTEtMGNmZmE2N2M0OGEwL3Jlc291cmNlR3JvdXBzL2NzbXJnMjc5MC9wcm92aWRlcnMvTWljcm9zb2Z0Lk5ldHdvcmsvdmlydHVhbE5ldHdvcmtzL2F6c21uZXQ2MzkxP2FwaS12ZXJzaW9uPTIwMTctMDYtMDE=",
      "RequestMethod": "GET",
      "RequestBody": "",
      "RequestHeaders": {
        "User-Agent": [
          "Microsoft.Azure.Management.Network.NetworkManagementClient/4.6.0"
        ]
      },
      "ResponseBody": "{\r\n  \"name\": \"azsmnet6391\",\r\n  \"id\": \"/subscriptions/7e6898e7-868d-490f-8f91-0cffa67c48a0/resourceGroups/csmrg2790/providers/Microsoft.Network/virtualNetworks/azsmnet6391\",\r\n  \"etag\": \"W/\\\"71df5f2b-b2fd-43b8-aa20-3dd53d891fea\\\"\",\r\n  \"type\": \"Microsoft.Network/virtualNetworks\",\r\n  \"location\": \"westus\",\r\n  \"properties\": {\r\n    \"provisioningState\": \"Succeeded\",\r\n    \"resourceGuid\": \"32466346-b6da-4886-bc3e-b3334571e01d\",\r\n    \"addressSpace\": {\r\n      \"addressPrefixes\": [\r\n        \"10.1.0.0/16\"\r\n      ]\r\n    },\r\n    \"dhcpOptions\": {\r\n      \"dnsServers\": [\r\n        \"10.1.1.1\",\r\n        \"10.1.2.4\"\r\n      ]\r\n    },\r\n    \"subnets\": [\r\n      {\r\n        \"name\": \"azsmnet7919\",\r\n        \"id\": \"/subscriptions/7e6898e7-868d-490f-8f91-0cffa67c48a0/resourceGroups/csmrg2790/providers/Microsoft.Network/virtualNetworks/azsmnet6391/subnets/azsmnet7919\",\r\n        \"etag\": \"W/\\\"71df5f2b-b2fd-43b8-aa20-3dd53d891fea\\\"\",\r\n        \"properties\": {\r\n          \"provisioningState\": \"Succeeded\",\r\n          \"addressPrefix\": \"10.1.1.0/24\"\r\n        }\r\n      },\r\n      {\r\n        \"name\": \"azsmnet2000\",\r\n        \"id\": \"/subscriptions/7e6898e7-868d-490f-8f91-0cffa67c48a0/resourceGroups/csmrg2790/providers/Microsoft.Network/virtualNetworks/azsmnet6391/subnets/azsmnet2000\",\r\n        \"etag\": \"W/\\\"71df5f2b-b2fd-43b8-aa20-3dd53d891fea\\\"\",\r\n        \"properties\": {\r\n          \"provisioningState\": \"Succeeded\",\r\n          \"addressPrefix\": \"10.1.2.0/24\"\r\n        }\r\n      }\r\n    ],\r\n    \"virtualNetworkPeerings\": []\r\n  }\r\n}",
      "ResponseHeaders": {
        "Content-Type": [
          "application/json; charset=utf-8"
        ],
        "Expires": [
          "-1"
        ],
        "Cache-Control": [
          "no-cache"
        ],
        "Date": [
          "Wed, 29 Jun 2016 06:05:26 GMT"
        ],
        "Pragma": [
          "no-cache"
        ],
        "Transfer-Encoding": [
          "chunked"
        ],
        "ETag": [
          "W/\"71df5f2b-b2fd-43b8-aa20-3dd53d891fea\""
        ],
        "Server": [
          "Microsoft-HTTPAPI/2.0",
          "Microsoft-HTTPAPI/2.0"
        ],
        "Vary": [
          "Accept-Encoding"
        ],
        "x-ms-request-id": [
          "71445013-6373-4677-bcb8-9d077bba93c9"
        ],
        "Strict-Transport-Security": [
          "max-age=31536000; includeSubDomains"
        ],
        "x-ms-ratelimit-remaining-subscription-reads": [
          "14994"
        ],
        "x-ms-correlation-request-id": [
          "b0913ef5-a367-4183-98bb-69ff320851a9"
        ],
        "x-ms-routing-request-id": [
          "WESTUS:20160629T060526Z:b0913ef5-a367-4183-98bb-69ff320851a9"
        ]
      },
      "StatusCode": 200
    },
    {
      "RequestUri": "/subscriptions/7e6898e7-868d-490f-8f91-0cffa67c48a0/resourceGroups/csmrg2790/providers/Microsoft.Network/virtualNetworks/azsmnet4135/virtualNetworkPeerings?api-version=2017-06-01",
      "EncodedRequestUri": "L3N1YnNjcmlwdGlvbnMvN2U2ODk4ZTctODY4ZC00OTBmLThmOTEtMGNmZmE2N2M0OGEwL3Jlc291cmNlR3JvdXBzL2NzbXJnMjc5MC9wcm92aWRlcnMvTWljcm9zb2Z0Lk5ldHdvcmsvdmlydHVhbE5ldHdvcmtzL2F6c21uZXQ0MTM1L3ZpcnR1YWxOZXR3b3JrUGVlcmluZ3M/YXBpLXZlcnNpb249MjAxNy0wNi0wMQ==",
      "RequestMethod": "GET",
      "RequestBody": "",
      "RequestHeaders": {
        "x-ms-client-request-id": [
          "e37c46a2-8bcb-45fd-97af-29a2d50e00fe"
        ],
        "accept-language": [
          "en-US"
        ],
        "User-Agent": [
          "Microsoft.Azure.Management.Network.NetworkManagementClient/4.6.0"
        ]
      },
      "ResponseBody": "{\r\n  \"value\": []\r\n}",
      "ResponseHeaders": {
        "Content-Type": [
          "application/json; charset=utf-8"
        ],
        "Expires": [
          "-1"
        ],
        "Cache-Control": [
          "no-cache"
        ],
        "Date": [
          "Wed, 29 Jun 2016 06:05:26 GMT"
        ],
        "Pragma": [
          "no-cache"
        ],
        "Transfer-Encoding": [
          "chunked"
        ],
        "Server": [
          "Microsoft-HTTPAPI/2.0",
          "Microsoft-HTTPAPI/2.0"
        ],
        "Vary": [
          "Accept-Encoding"
        ],
        "x-ms-request-id": [
          "9b61c971-9104-45aa-b93a-8f99d7e48e37"
        ],
        "Strict-Transport-Security": [
          "max-age=31536000; includeSubDomains"
        ],
        "x-ms-ratelimit-remaining-subscription-reads": [
          "14993"
        ],
        "x-ms-correlation-request-id": [
          "e2e8a1d7-da99-415c-9669-79f993ce959a"
        ],
        "x-ms-routing-request-id": [
          "WESTUS:20160629T060526Z:e2e8a1d7-da99-415c-9669-79f993ce959a"
        ]
      },
      "StatusCode": 200
    },
    {
      "RequestUri": "/subscriptions/7e6898e7-868d-490f-8f91-0cffa67c48a0/resourceGroups/csmrg2790/providers/Microsoft.Network/virtualNetworks/azsmnet4135/virtualNetworkPeerings?api-version=2017-06-01",
      "EncodedRequestUri": "L3N1YnNjcmlwdGlvbnMvN2U2ODk4ZTctODY4ZC00OTBmLThmOTEtMGNmZmE2N2M0OGEwL3Jlc291cmNlR3JvdXBzL2NzbXJnMjc5MC9wcm92aWRlcnMvTWljcm9zb2Z0Lk5ldHdvcmsvdmlydHVhbE5ldHdvcmtzL2F6c21uZXQ0MTM1L3ZpcnR1YWxOZXR3b3JrUGVlcmluZ3M/YXBpLXZlcnNpb249MjAxNy0wNi0wMQ==",
      "RequestMethod": "GET",
      "RequestBody": "",
      "RequestHeaders": {
        "x-ms-client-request-id": [
          "6d595255-fe42-4b43-b928-5456264c6add"
        ],
        "accept-language": [
          "en-US"
        ],
        "User-Agent": [
          "Microsoft.Azure.Management.Network.NetworkManagementClient/4.6.0"
        ]
      },
      "ResponseBody": "{\r\n  \"value\": [\r\n    {\r\n      \"name\": \"azsmnet3453\",\r\n      \"id\": \"/subscriptions/7e6898e7-868d-490f-8f91-0cffa67c48a0/resourceGroups/csmrg2790/providers/Microsoft.Network/virtualNetworks/azsmnet4135/virtualNetworkPeerings/azsmnet3453\",\r\n      \"etag\": \"W/\\\"24700e87-c7c5-484c-94d6-bf6d2021c6ad\\\"\",\r\n      \"properties\": {\r\n        \"provisioningState\": \"Succeeded\",\r\n        \"peeringState\": \"Initiated\",\r\n        \"remoteVirtualNetwork\": {\r\n          \"id\": \"/subscriptions/7e6898e7-868d-490f-8f91-0cffa67c48a0/resourceGroups/csmrg2790/providers/Microsoft.Network/virtualNetworks/azsmnet6391\"\r\n        },\r\n        \"allowVirtualNetworkAccess\": false,\r\n        \"allowForwardedTraffic\": true,\r\n        \"allowGatewayTransit\": false,\r\n        \"useRemoteGateways\": false,\r\n        \"remoteAddressSpace\": {\r\n          \"addressPrefixes\": [\r\n            \"10.1.0.0/16\"\r\n          ]\r\n        }\r\n      }\r\n    }\r\n  ]\r\n}",
      "ResponseHeaders": {
        "Content-Type": [
          "application/json; charset=utf-8"
        ],
        "Expires": [
          "-1"
        ],
        "Cache-Control": [
          "no-cache"
        ],
        "Date": [
          "Wed, 29 Jun 2016 06:07:03 GMT"
        ],
        "Pragma": [
          "no-cache"
        ],
        "Transfer-Encoding": [
          "chunked"
        ],
        "Server": [
          "Microsoft-HTTPAPI/2.0",
          "Microsoft-HTTPAPI/2.0"
        ],
        "Vary": [
          "Accept-Encoding"
        ],
        "x-ms-request-id": [
          "3114cd22-ae1f-4d0c-aa4b-e37abf7adee9"
        ],
        "Strict-Transport-Security": [
          "max-age=31536000; includeSubDomains"
        ],
        "x-ms-ratelimit-remaining-subscription-reads": [
          "14989"
        ],
        "x-ms-correlation-request-id": [
          "ea25069a-26ba-4649-b17f-66f96ddf0dfa"
        ],
        "x-ms-routing-request-id": [
          "WESTUS:20160629T060704Z:ea25069a-26ba-4649-b17f-66f96ddf0dfa"
        ]
      },
      "StatusCode": 200
    },
    {
      "RequestUri": "/subscriptions/7e6898e7-868d-490f-8f91-0cffa67c48a0/resourceGroups/csmrg2790/providers/Microsoft.Network/virtualNetworks/azsmnet4135/virtualNetworkPeerings?api-version=2017-06-01",
      "EncodedRequestUri": "L3N1YnNjcmlwdGlvbnMvN2U2ODk4ZTctODY4ZC00OTBmLThmOTEtMGNmZmE2N2M0OGEwL3Jlc291cmNlR3JvdXBzL2NzbXJnMjc5MC9wcm92aWRlcnMvTWljcm9zb2Z0Lk5ldHdvcmsvdmlydHVhbE5ldHdvcmtzL2F6c21uZXQ0MTM1L3ZpcnR1YWxOZXR3b3JrUGVlcmluZ3M/YXBpLXZlcnNpb249MjAxNy0wNi0wMQ==",
      "RequestMethod": "GET",
      "RequestBody": "",
      "RequestHeaders": {
        "x-ms-client-request-id": [
          "da361a8b-f9dc-4c57-91d2-34ef6156d8d8"
        ],
        "accept-language": [
          "en-US"
        ],
        "User-Agent": [
          "Microsoft.Azure.Management.Network.NetworkManagementClient/4.6.0"
        ]
      },
      "ResponseBody": "{\r\n  \"value\": []\r\n}",
      "ResponseHeaders": {
        "Content-Type": [
          "application/json; charset=utf-8"
        ],
        "Expires": [
          "-1"
        ],
        "Cache-Control": [
          "no-cache"
        ],
        "Date": [
          "Wed, 29 Jun 2016 06:07:42 GMT"
        ],
        "Pragma": [
          "no-cache"
        ],
        "Transfer-Encoding": [
          "chunked"
        ],
        "Server": [
          "Microsoft-HTTPAPI/2.0",
          "Microsoft-HTTPAPI/2.0"
        ],
        "Vary": [
          "Accept-Encoding"
        ],
        "x-ms-request-id": [
          "0c1402b6-395f-409f-8bf1-c88e7f43b7eb"
        ],
        "Strict-Transport-Security": [
          "max-age=31536000; includeSubDomains"
        ],
        "x-ms-ratelimit-remaining-subscription-reads": [
          "14987"
        ],
        "x-ms-correlation-request-id": [
          "aa54ce0b-b42c-404a-bfb0-bce9466e25c9"
        ],
        "x-ms-routing-request-id": [
          "WESTUS:20160629T060742Z:aa54ce0b-b42c-404a-bfb0-bce9466e25c9"
        ]
      },
      "StatusCode": 200
    },
    {
      "RequestUri": "/subscriptions/7e6898e7-868d-490f-8f91-0cffa67c48a0/resourceGroups/csmrg2790/providers/Microsoft.Network/virtualNetworks/azsmnet4135/virtualNetworkPeerings/azsmnet3453?api-version=2017-06-01",
      "EncodedRequestUri": "L3N1YnNjcmlwdGlvbnMvN2U2ODk4ZTctODY4ZC00OTBmLThmOTEtMGNmZmE2N2M0OGEwL3Jlc291cmNlR3JvdXBzL2NzbXJnMjc5MC9wcm92aWRlcnMvTWljcm9zb2Z0Lk5ldHdvcmsvdmlydHVhbE5ldHdvcmtzL2F6c21uZXQ0MTM1L3ZpcnR1YWxOZXR3b3JrUGVlcmluZ3MvYXpzbW5ldDM0NTM/YXBpLXZlcnNpb249MjAxNy0wNi0wMQ==",
      "RequestMethod": "PUT",
      "RequestBody": "{\r\n  \"properties\": {\r\n    \"allowVirtualNetworkAccess\": false,\r\n    \"allowForwardedTraffic\": true,\r\n    \"remoteVirtualNetwork\": {\r\n      \"id\": \"/subscriptions/7e6898e7-868d-490f-8f91-0cffa67c48a0/resourceGroups/csmrg2790/providers/Microsoft.Network/virtualNetworks/azsmnet6391\"\r\n    }\r\n  },\r\n  \"name\": \"azsmnet3453\"\r\n}",
      "RequestHeaders": {
        "Content-Type": [
          "application/json; charset=utf-8"
        ],
        "Content-Length": [
          "317"
        ],
        "x-ms-client-request-id": [
          "c803fa89-ffa2-4d90-9fbb-e77f8950aa40"
        ],
        "accept-language": [
          "en-US"
        ],
        "User-Agent": [
          "Microsoft.Azure.Management.Network.NetworkManagementClient/4.6.0"
        ]
      },
      "ResponseBody": "{\r\n  \"name\": \"azsmnet3453\",\r\n  \"id\": \"/subscriptions/7e6898e7-868d-490f-8f91-0cffa67c48a0/resourceGroups/csmrg2790/providers/Microsoft.Network/virtualNetworks/azsmnet4135/virtualNetworkPeerings/azsmnet3453\",\r\n  \"etag\": \"W/\\\"ee6ca82f-23d9-427d-9300-0751a7c4067c\\\"\",\r\n  \"properties\": {\r\n    \"provisioningState\": \"Updating\",\r\n    \"peeringState\": \"Initiated\",\r\n    \"remoteVirtualNetwork\": {\r\n      \"id\": \"/subscriptions/7e6898e7-868d-490f-8f91-0cffa67c48a0/resourceGroups/csmrg2790/providers/Microsoft.Network/virtualNetworks/azsmnet6391\"\r\n    },\r\n    \"allowVirtualNetworkAccess\": false,\r\n    \"allowForwardedTraffic\": true,\r\n    \"allowGatewayTransit\": false,\r\n    \"useRemoteGateways\": false,\r\n    \"remoteAddressSpace\": {\r\n      \"addressPrefixes\": [\r\n        \"10.1.0.0/16\"\r\n      ]\r\n    }\r\n  }\r\n}",
      "ResponseHeaders": {
        "Content-Length": [
          "791"
        ],
        "Content-Type": [
          "application/json; charset=utf-8"
        ],
        "Expires": [
          "-1"
        ],
        "Cache-Control": [
          "no-cache"
        ],
        "Date": [
          "Wed, 29 Jun 2016 06:06:16 GMT"
        ],
        "Pragma": [
          "no-cache"
        ],
        "Retry-After": [
          "10"
        ],
        "Server": [
          "Microsoft-HTTPAPI/2.0",
          "Microsoft-HTTPAPI/2.0"
        ],
        "x-ms-request-id": [
          "d5541592-049c-4c84-8b93-2f151349c8f7"
        ],
        "Azure-AsyncOperation": [
          "https://management.azure.com/subscriptions/7e6898e7-868d-490f-8f91-0cffa67c48a0/providers/Microsoft.Network/locations/westus.validation/operations/d5541592-049c-4c84-8b93-2f151349c8f7?api-version=2017-06-01"
        ],
        "Strict-Transport-Security": [
          "max-age=31536000; includeSubDomains"
        ],
        "x-ms-ratelimit-remaining-subscription-writes": [
          "1197"
        ],
        "x-ms-correlation-request-id": [
          "79c6b678-3ec7-4fd5-8496-ae6380b0f187"
        ],
        "x-ms-routing-request-id": [
          "WESTUS:20160629T060617Z:79c6b678-3ec7-4fd5-8496-ae6380b0f187"
        ]
      },
      "StatusCode": 201
    },
    {
      "RequestUri": "/subscriptions/7e6898e7-868d-490f-8f91-0cffa67c48a0/providers/Microsoft.Network/locations/westus.validation/operations/d5541592-049c-4c84-8b93-2f151349c8f7?api-version=2017-06-01",
      "EncodedRequestUri": "L3N1YnNjcmlwdGlvbnMvN2U2ODk4ZTctODY4ZC00OTBmLThmOTEtMGNmZmE2N2M0OGEwL3Byb3ZpZGVycy9NaWNyb3NvZnQuTmV0d29yay9sb2NhdGlvbnMvd2VzdHVzLnZhbGlkYXRpb24vb3BlcmF0aW9ucy9kNTU0MTU5Mi0wNDljLTRjODQtOGI5My0yZjE1MTM0OWM4Zjc/YXBpLXZlcnNpb249MjAxNy0wNi0wMQ==",
      "RequestMethod": "GET",
      "RequestBody": "",
      "RequestHeaders": {
        "User-Agent": [
          "Microsoft.Azure.Management.Network.NetworkManagementClient/4.6.0"
        ]
      },
      "ResponseBody": "{\r\n  \"status\": \"Succeeded\"\r\n}",
      "ResponseHeaders": {
        "Content-Type": [
          "application/json; charset=utf-8"
        ],
        "Expires": [
          "-1"
        ],
        "Cache-Control": [
          "no-cache"
        ],
        "Date": [
          "Wed, 29 Jun 2016 06:06:46 GMT"
        ],
        "Pragma": [
          "no-cache"
        ],
        "Transfer-Encoding": [
          "chunked"
        ],
        "Server": [
          "Microsoft-HTTPAPI/2.0",
          "Microsoft-HTTPAPI/2.0"
        ],
        "Vary": [
          "Accept-Encoding"
        ],
        "x-ms-request-id": [
          "2c698c1e-91b4-407c-87cf-207b32c95883"
        ],
        "Strict-Transport-Security": [
          "max-age=31536000; includeSubDomains"
        ],
        "x-ms-ratelimit-remaining-subscription-reads": [
          "14992"
        ],
        "x-ms-correlation-request-id": [
          "3f2ddb46-fb82-47a2-bdfe-03aaee832f8c"
        ],
        "x-ms-routing-request-id": [
          "WESTUS:20160629T060647Z:3f2ddb46-fb82-47a2-bdfe-03aaee832f8c"
        ]
      },
      "StatusCode": 200
    },
    {
      "RequestUri": "/subscriptions/7e6898e7-868d-490f-8f91-0cffa67c48a0/resourceGroups/csmrg2790/providers/Microsoft.Network/virtualNetworks/azsmnet4135/virtualNetworkPeerings/azsmnet3453?api-version=2017-06-01",
      "EncodedRequestUri": "L3N1YnNjcmlwdGlvbnMvN2U2ODk4ZTctODY4ZC00OTBmLThmOTEtMGNmZmE2N2M0OGEwL3Jlc291cmNlR3JvdXBzL2NzbXJnMjc5MC9wcm92aWRlcnMvTWljcm9zb2Z0Lk5ldHdvcmsvdmlydHVhbE5ldHdvcmtzL2F6c21uZXQ0MTM1L3ZpcnR1YWxOZXR3b3JrUGVlcmluZ3MvYXpzbW5ldDM0NTM/YXBpLXZlcnNpb249MjAxNy0wNi0wMQ==",
      "RequestMethod": "GET",
      "RequestBody": "",
      "RequestHeaders": {
        "User-Agent": [
          "Microsoft.Azure.Management.Network.NetworkManagementClient/4.6.0"
        ]
      },
      "ResponseBody": "{\r\n  \"name\": \"azsmnet3453\",\r\n  \"id\": \"/subscriptions/7e6898e7-868d-490f-8f91-0cffa67c48a0/resourceGroups/csmrg2790/providers/Microsoft.Network/virtualNetworks/azsmnet4135/virtualNetworkPeerings/azsmnet3453\",\r\n  \"etag\": \"W/\\\"24700e87-c7c5-484c-94d6-bf6d2021c6ad\\\"\",\r\n  \"properties\": {\r\n    \"provisioningState\": \"Succeeded\",\r\n    \"peeringState\": \"Initiated\",\r\n    \"remoteVirtualNetwork\": {\r\n      \"id\": \"/subscriptions/7e6898e7-868d-490f-8f91-0cffa67c48a0/resourceGroups/csmrg2790/providers/Microsoft.Network/virtualNetworks/azsmnet6391\"\r\n    },\r\n    \"allowVirtualNetworkAccess\": false,\r\n    \"allowForwardedTraffic\": true,\r\n    \"allowGatewayTransit\": false,\r\n    \"useRemoteGateways\": false,\r\n    \"remoteAddressSpace\": {\r\n      \"addressPrefixes\": [\r\n        \"10.1.0.0/16\"\r\n      ]\r\n    }\r\n  }\r\n}",
      "ResponseHeaders": {
        "Content-Type": [
          "application/json; charset=utf-8"
        ],
        "Expires": [
          "-1"
        ],
        "Cache-Control": [
          "no-cache"
        ],
        "Date": [
          "Wed, 29 Jun 2016 06:06:46 GMT"
        ],
        "Pragma": [
          "no-cache"
        ],
        "Transfer-Encoding": [
          "chunked"
        ],
        "ETag": [
          "W/\"24700e87-c7c5-484c-94d6-bf6d2021c6ad\""
        ],
        "Server": [
          "Microsoft-HTTPAPI/2.0",
          "Microsoft-HTTPAPI/2.0"
        ],
        "Vary": [
          "Accept-Encoding"
        ],
        "x-ms-request-id": [
          "101b5d21-de4c-4a7c-84c0-a8e66cf79191"
        ],
        "Strict-Transport-Security": [
          "max-age=31536000; includeSubDomains"
        ],
        "x-ms-ratelimit-remaining-subscription-reads": [
          "14991"
        ],
        "x-ms-correlation-request-id": [
          "3004c3a8-4cb5-44a6-b391-0fbb4174544c"
        ],
        "x-ms-routing-request-id": [
          "WESTUS:20160629T060647Z:3004c3a8-4cb5-44a6-b391-0fbb4174544c"
        ]
      },
      "StatusCode": 200
    },
    {
      "RequestUri": "/subscriptions/7e6898e7-868d-490f-8f91-0cffa67c48a0/resourceGroups/csmrg2790/providers/Microsoft.Network/virtualNetworks/azsmnet4135/virtualNetworkPeerings/azsmnet3453?api-version=2017-06-01",
      "EncodedRequestUri": "L3N1YnNjcmlwdGlvbnMvN2U2ODk4ZTctODY4ZC00OTBmLThmOTEtMGNmZmE2N2M0OGEwL3Jlc291cmNlR3JvdXBzL2NzbXJnMjc5MC9wcm92aWRlcnMvTWljcm9zb2Z0Lk5ldHdvcmsvdmlydHVhbE5ldHdvcmtzL2F6c21uZXQ0MTM1L3ZpcnR1YWxOZXR3b3JrUGVlcmluZ3MvYXpzbW5ldDM0NTM/YXBpLXZlcnNpb249MjAxNy0wNi0wMQ==",
      "RequestMethod": "GET",
      "RequestBody": "",
      "RequestHeaders": {
        "x-ms-client-request-id": [
          "277b117b-15fb-4a57-a133-e86a84216184"
        ],
        "accept-language": [
          "en-US"
        ],
        "User-Agent": [
          "Microsoft.Azure.Management.Network.NetworkManagementClient/4.6.0"
        ]
      },
      "ResponseBody": "{\r\n  \"name\": \"azsmnet3453\",\r\n  \"id\": \"/subscriptions/7e6898e7-868d-490f-8f91-0cffa67c48a0/resourceGroups/csmrg2790/providers/Microsoft.Network/virtualNetworks/azsmnet4135/virtualNetworkPeerings/azsmnet3453\",\r\n  \"etag\": \"W/\\\"24700e87-c7c5-484c-94d6-bf6d2021c6ad\\\"\",\r\n  \"properties\": {\r\n    \"provisioningState\": \"Succeeded\",\r\n    \"peeringState\": \"Initiated\",\r\n    \"remoteVirtualNetwork\": {\r\n      \"id\": \"/subscriptions/7e6898e7-868d-490f-8f91-0cffa67c48a0/resourceGroups/csmrg2790/providers/Microsoft.Network/virtualNetworks/azsmnet6391\"\r\n    },\r\n    \"allowVirtualNetworkAccess\": false,\r\n    \"allowForwardedTraffic\": true,\r\n    \"allowGatewayTransit\": false,\r\n    \"useRemoteGateways\": false,\r\n    \"remoteAddressSpace\": {\r\n      \"addressPrefixes\": [\r\n        \"10.1.0.0/16\"\r\n      ]\r\n    }\r\n  }\r\n}",
      "ResponseHeaders": {
        "Content-Type": [
          "application/json; charset=utf-8"
        ],
        "Expires": [
          "-1"
        ],
        "Cache-Control": [
          "no-cache"
        ],
        "Date": [
          "Wed, 29 Jun 2016 06:06:54 GMT"
        ],
        "Pragma": [
          "no-cache"
        ],
        "Transfer-Encoding": [
          "chunked"
        ],
        "ETag": [
          "W/\"24700e87-c7c5-484c-94d6-bf6d2021c6ad\""
        ],
        "Server": [
          "Microsoft-HTTPAPI/2.0",
          "Microsoft-HTTPAPI/2.0"
        ],
        "Vary": [
          "Accept-Encoding"
        ],
        "x-ms-request-id": [
          "73d790d7-0163-492c-afc4-9179fae31b7e"
        ],
        "Strict-Transport-Security": [
          "max-age=31536000; includeSubDomains"
        ],
        "x-ms-ratelimit-remaining-subscription-reads": [
          "14990"
        ],
        "x-ms-correlation-request-id": [
          "5360fba1-a49a-4a9f-8e40-dbc279a95a70"
        ],
        "x-ms-routing-request-id": [
          "WESTUS:20160629T060655Z:5360fba1-a49a-4a9f-8e40-dbc279a95a70"
        ]
      },
      "StatusCode": 200
    },
    {
      "RequestUri": "/subscriptions/7e6898e7-868d-490f-8f91-0cffa67c48a0/resourceGroups/csmrg2790/providers/Microsoft.Network/virtualNetworks/azsmnet4135/virtualNetworkPeerings/azsmnet3453?api-version=2017-06-01",
      "EncodedRequestUri": "L3N1YnNjcmlwdGlvbnMvN2U2ODk4ZTctODY4ZC00OTBmLThmOTEtMGNmZmE2N2M0OGEwL3Jlc291cmNlR3JvdXBzL2NzbXJnMjc5MC9wcm92aWRlcnMvTWljcm9zb2Z0Lk5ldHdvcmsvdmlydHVhbE5ldHdvcmtzL2F6c21uZXQ0MTM1L3ZpcnR1YWxOZXR3b3JrUGVlcmluZ3MvYXpzbW5ldDM0NTM/YXBpLXZlcnNpb249MjAxNy0wNi0wMQ==",
      "RequestMethod": "DELETE",
      "RequestBody": "",
      "RequestHeaders": {
        "x-ms-client-request-id": [
          "1100fafb-158f-4250-8cf9-f55f37b2248b"
        ],
        "accept-language": [
          "en-US"
        ],
        "User-Agent": [
          "Microsoft.Azure.Management.Network.NetworkManagementClient/4.6.0"
        ]
      },
      "ResponseBody": "",
      "ResponseHeaders": {
        "Content-Length": [
          "0"
        ],
        "Expires": [
          "-1"
        ],
        "Cache-Control": [
          "no-cache"
        ],
        "Date": [
          "Wed, 29 Jun 2016 06:07:10 GMT"
        ],
        "Pragma": [
          "no-cache"
        ],
        "Location": [
          "https://management.azure.com/subscriptions/7e6898e7-868d-490f-8f91-0cffa67c48a0/providers/Microsoft.Network/locations/westus.validation/operationResults/6684a1f4-8428-45c0-bb6b-c25a44d4833c?api-version=2017-06-01"
        ],
        "Retry-After": [
          "10"
        ],
        "Server": [
          "Microsoft-HTTPAPI/2.0",
          "Microsoft-HTTPAPI/2.0"
        ],
        "x-ms-request-id": [
          "6684a1f4-8428-45c0-bb6b-c25a44d4833c"
        ],
        "Azure-AsyncOperation": [
          "https://management.azure.com/subscriptions/7e6898e7-868d-490f-8f91-0cffa67c48a0/providers/Microsoft.Network/locations/westus.validation/operations/6684a1f4-8428-45c0-bb6b-c25a44d4833c?api-version=2017-06-01"
        ],
        "Strict-Transport-Security": [
          "max-age=31536000; includeSubDomains"
        ],
        "x-ms-ratelimit-remaining-subscription-writes": [
          "1196"
        ],
        "x-ms-correlation-request-id": [
          "9c24a25d-4b5c-4db0-88a2-ef0635bb1427"
        ],
        "x-ms-routing-request-id": [
          "WESTUS:20160629T060711Z:9c24a25d-4b5c-4db0-88a2-ef0635bb1427"
        ]
      },
      "StatusCode": 202
    },
    {
      "RequestUri": "/subscriptions/7e6898e7-868d-490f-8f91-0cffa67c48a0/providers/Microsoft.Network/locations/westus.validation/operations/6684a1f4-8428-45c0-bb6b-c25a44d4833c?api-version=2017-06-01",
      "EncodedRequestUri": "L3N1YnNjcmlwdGlvbnMvN2U2ODk4ZTctODY4ZC00OTBmLThmOTEtMGNmZmE2N2M0OGEwL3Byb3ZpZGVycy9NaWNyb3NvZnQuTmV0d29yay9sb2NhdGlvbnMvd2VzdHVzLnZhbGlkYXRpb24vb3BlcmF0aW9ucy82Njg0YTFmNC04NDI4LTQ1YzAtYmI2Yi1jMjVhNDRkNDgzM2M/YXBpLXZlcnNpb249MjAxNy0wNi0wMQ==",
      "RequestMethod": "GET",
      "RequestBody": "",
      "RequestHeaders": {
        "User-Agent": [
          "Microsoft.Azure.Management.Network.NetworkManagementClient/4.6.0"
        ]
      },
      "ResponseBody": "{\r\n  \"status\": \"Succeeded\"\r\n}",
      "ResponseHeaders": {
        "Content-Type": [
          "application/json; charset=utf-8"
        ],
        "Expires": [
          "-1"
        ],
        "Cache-Control": [
          "no-cache"
        ],
        "Date": [
          "Wed, 29 Jun 2016 06:07:40 GMT"
        ],
        "Pragma": [
          "no-cache"
        ],
        "Transfer-Encoding": [
          "chunked"
        ],
        "Server": [
          "Microsoft-HTTPAPI/2.0",
          "Microsoft-HTTPAPI/2.0"
        ],
        "Vary": [
          "Accept-Encoding"
        ],
        "x-ms-request-id": [
          "f8ad19ad-a020-4489-8ace-fb3f150ca5ba"
        ],
        "Strict-Transport-Security": [
          "max-age=31536000; includeSubDomains"
        ],
        "x-ms-ratelimit-remaining-subscription-reads": [
          "14988"
        ],
        "x-ms-correlation-request-id": [
          "b249d38e-3ca4-40cd-a25f-557aec3bdd34"
        ],
        "x-ms-routing-request-id": [
          "WESTUS:20160629T060741Z:b249d38e-3ca4-40cd-a25f-557aec3bdd34"
        ]
      },
      "StatusCode": 200
    },
    {
      "RequestUri": "/subscriptions/7e6898e7-868d-490f-8f91-0cffa67c48a0/resourceGroups/csmrg2790/providers/Microsoft.Network/virtualNetworks/azsmnet4135?api-version=2017-06-01",
      "EncodedRequestUri": "L3N1YnNjcmlwdGlvbnMvN2U2ODk4ZTctODY4ZC00OTBmLThmOTEtMGNmZmE2N2M0OGEwL3Jlc291cmNlR3JvdXBzL2NzbXJnMjc5MC9wcm92aWRlcnMvTWljcm9zb2Z0Lk5ldHdvcmsvdmlydHVhbE5ldHdvcmtzL2F6c21uZXQ0MTM1P2FwaS12ZXJzaW9uPTIwMTctMDYtMDE=",
      "RequestMethod": "DELETE",
      "RequestBody": "",
      "RequestHeaders": {
        "x-ms-client-request-id": [
          "324a0b69-02af-4af2-97b8-5ddb2871791c"
        ],
        "accept-language": [
          "en-US"
        ],
        "User-Agent": [
          "Microsoft.Azure.Management.Network.NetworkManagementClient/4.6.0"
        ]
      },
      "ResponseBody": "",
      "ResponseHeaders": {
        "Content-Length": [
          "0"
        ],
        "Expires": [
          "-1"
        ],
        "Cache-Control": [
          "no-cache"
        ],
        "Date": [
          "Wed, 29 Jun 2016 06:07:44 GMT"
        ],
        "Pragma": [
          "no-cache"
        ],
        "Location": [
          "https://management.azure.com/subscriptions/7e6898e7-868d-490f-8f91-0cffa67c48a0/providers/Microsoft.Network/locations/westus.validation/operationResults/c401ba88-eaec-4651-8550-e2b8795b28c4?api-version=2017-06-01"
        ],
        "Retry-After": [
          "10"
        ],
        "Server": [
          "Microsoft-HTTPAPI/2.0",
          "Microsoft-HTTPAPI/2.0"
        ],
        "x-ms-request-id": [
          "c401ba88-eaec-4651-8550-e2b8795b28c4"
        ],
        "Azure-AsyncOperation": [
          "https://management.azure.com/subscriptions/7e6898e7-868d-490f-8f91-0cffa67c48a0/providers/Microsoft.Network/locations/westus.validation/operations/c401ba88-eaec-4651-8550-e2b8795b28c4?api-version=2017-06-01"
        ],
        "Strict-Transport-Security": [
          "max-age=31536000; includeSubDomains"
        ],
        "x-ms-ratelimit-remaining-subscription-writes": [
          "1195"
        ],
        "x-ms-correlation-request-id": [
          "a5151096-9347-404b-a9e6-0823f54955c0"
        ],
        "x-ms-routing-request-id": [
          "WESTUS:20160629T060745Z:a5151096-9347-404b-a9e6-0823f54955c0"
        ]
      },
      "StatusCode": 202
    },
    {
      "RequestUri": "/subscriptions/7e6898e7-868d-490f-8f91-0cffa67c48a0/providers/Microsoft.Network/locations/westus.validation/operations/c401ba88-eaec-4651-8550-e2b8795b28c4?api-version=2017-06-01",
      "EncodedRequestUri": "L3N1YnNjcmlwdGlvbnMvN2U2ODk4ZTctODY4ZC00OTBmLThmOTEtMGNmZmE2N2M0OGEwL3Byb3ZpZGVycy9NaWNyb3NvZnQuTmV0d29yay9sb2NhdGlvbnMvd2VzdHVzLnZhbGlkYXRpb24vb3BlcmF0aW9ucy9jNDAxYmE4OC1lYWVjLTQ2NTEtODU1MC1lMmI4Nzk1YjI4YzQ/YXBpLXZlcnNpb249MjAxNy0wNi0wMQ==",
      "RequestMethod": "GET",
      "RequestBody": "",
      "RequestHeaders": {
        "User-Agent": [
          "Microsoft.Azure.Management.Network.NetworkManagementClient/4.6.0"
        ]
      },
      "ResponseBody": "{\r\n  \"status\": \"Succeeded\"\r\n}",
      "ResponseHeaders": {
        "Content-Type": [
          "application/json; charset=utf-8"
        ],
        "Expires": [
          "-1"
        ],
        "Cache-Control": [
          "no-cache"
        ],
        "Date": [
          "Wed, 29 Jun 2016 06:08:15 GMT"
        ],
        "Pragma": [
          "no-cache"
        ],
        "Transfer-Encoding": [
          "chunked"
        ],
        "Server": [
          "Microsoft-HTTPAPI/2.0",
          "Microsoft-HTTPAPI/2.0"
        ],
        "Vary": [
          "Accept-Encoding"
        ],
        "x-ms-request-id": [
          "41473028-6819-419a-9597-fb077cd43266"
        ],
        "Strict-Transport-Security": [
          "max-age=31536000; includeSubDomains"
        ],
        "x-ms-ratelimit-remaining-subscription-reads": [
          "14986"
        ],
        "x-ms-correlation-request-id": [
          "37912428-213d-4a0d-b000-65d03f76ae5d"
        ],
        "x-ms-routing-request-id": [
          "WESTUS:20160629T060815Z:37912428-213d-4a0d-b000-65d03f76ae5d"
        ]
      },
      "StatusCode": 200
    },
    {
      "RequestUri": "/subscriptions/7e6898e7-868d-490f-8f91-0cffa67c48a0/resourceGroups/csmrg2790/providers/Microsoft.Network/virtualNetworks/azsmnet6391?api-version=2017-06-01",
      "EncodedRequestUri": "L3N1YnNjcmlwdGlvbnMvN2U2ODk4ZTctODY4ZC00OTBmLThmOTEtMGNmZmE2N2M0OGEwL3Jlc291cmNlR3JvdXBzL2NzbXJnMjc5MC9wcm92aWRlcnMvTWljcm9zb2Z0Lk5ldHdvcmsvdmlydHVhbE5ldHdvcmtzL2F6c21uZXQ2MzkxP2FwaS12ZXJzaW9uPTIwMTctMDYtMDE=",
      "RequestMethod": "DELETE",
      "RequestBody": "",
      "RequestHeaders": {
        "x-ms-client-request-id": [
          "bac692e6-c096-49fb-a74c-4d0bb62537fd"
        ],
        "accept-language": [
          "en-US"
        ],
        "User-Agent": [
          "Microsoft.Azure.Management.Network.NetworkManagementClient/4.6.0"
        ]
      },
      "ResponseBody": "",
      "ResponseHeaders": {
        "Content-Length": [
          "0"
        ],
        "Expires": [
          "-1"
        ],
        "Cache-Control": [
          "no-cache"
        ],
        "Date": [
          "Wed, 29 Jun 2016 06:08:17 GMT"
        ],
        "Pragma": [
          "no-cache"
        ],
        "Location": [
          "https://management.azure.com/subscriptions/7e6898e7-868d-490f-8f91-0cffa67c48a0/providers/Microsoft.Network/locations/westus.validation/operationResults/fbe9a49e-ee49-4cd2-9e6b-aec391eb8078?api-version=2017-06-01"
        ],
        "Retry-After": [
          "10"
        ],
        "Server": [
          "Microsoft-HTTPAPI/2.0",
          "Microsoft-HTTPAPI/2.0"
        ],
        "x-ms-request-id": [
          "fbe9a49e-ee49-4cd2-9e6b-aec391eb8078"
        ],
        "Azure-AsyncOperation": [
          "https://management.azure.com/subscriptions/7e6898e7-868d-490f-8f91-0cffa67c48a0/providers/Microsoft.Network/locations/westus.validation/operations/fbe9a49e-ee49-4cd2-9e6b-aec391eb8078?api-version=2017-06-01"
        ],
        "Strict-Transport-Security": [
          "max-age=31536000; includeSubDomains"
        ],
        "x-ms-ratelimit-remaining-subscription-writes": [
          "1194"
        ],
        "x-ms-correlation-request-id": [
          "b0ac6161-e92b-43c2-952a-d7aff7b8002d"
        ],
        "x-ms-routing-request-id": [
          "WESTUS:20160629T060817Z:b0ac6161-e92b-43c2-952a-d7aff7b8002d"
        ]
      },
      "StatusCode": 202
    },
    {
      "RequestUri": "/subscriptions/7e6898e7-868d-490f-8f91-0cffa67c48a0/providers/Microsoft.Network/locations/westus.validation/operations/fbe9a49e-ee49-4cd2-9e6b-aec391eb8078?api-version=2017-06-01",
      "EncodedRequestUri": "L3N1YnNjcmlwdGlvbnMvN2U2ODk4ZTctODY4ZC00OTBmLThmOTEtMGNmZmE2N2M0OGEwL3Byb3ZpZGVycy9NaWNyb3NvZnQuTmV0d29yay9sb2NhdGlvbnMvd2VzdHVzLnZhbGlkYXRpb24vb3BlcmF0aW9ucy9mYmU5YTQ5ZS1lZTQ5LTRjZDItOWU2Yi1hZWMzOTFlYjgwNzg/YXBpLXZlcnNpb249MjAxNy0wNi0wMQ==",
      "RequestMethod": "GET",
      "RequestBody": "",
      "RequestHeaders": {
        "User-Agent": [
          "Microsoft.Azure.Management.Network.NetworkManagementClient/4.6.0"
        ]
      },
      "ResponseBody": "{\r\n  \"status\": \"Succeeded\"\r\n}",
      "ResponseHeaders": {
        "Content-Type": [
          "application/json; charset=utf-8"
        ],
        "Expires": [
          "-1"
        ],
        "Cache-Control": [
          "no-cache"
        ],
        "Date": [
          "Wed, 29 Jun 2016 06:08:47 GMT"
        ],
        "Pragma": [
          "no-cache"
        ],
        "Transfer-Encoding": [
          "chunked"
        ],
        "Server": [
          "Microsoft-HTTPAPI/2.0",
          "Microsoft-HTTPAPI/2.0"
        ],
        "Vary": [
          "Accept-Encoding"
        ],
        "x-ms-request-id": [
          "425ad963-8151-4d1e-a122-e1593f9405d5"
        ],
        "Strict-Transport-Security": [
          "max-age=31536000; includeSubDomains"
        ],
        "x-ms-ratelimit-remaining-subscription-reads": [
          "14985"
        ],
        "x-ms-correlation-request-id": [
          "86d6a3ca-190f-4273-be5d-5f363ffeac2d"
        ],
        "x-ms-routing-request-id": [
          "WESTUS:20160629T060847Z:86d6a3ca-190f-4273-be5d-5f363ffeac2d"
        ]
      },
      "StatusCode": 200
    }
  ],
  "Names": {
    "VirtualNetworkPeeringApiTest": [
      "csmrg2790",
      "azsmnet4135",
      "azsmnet6391",
      "azsmnet3453",
      "azsmnet7919",
      "azsmnet2000"
    ]
  },
  "Variables": {
    "SubscriptionId": "7e6898e7-868d-490f-8f91-0cffa67c48a0"
  }
}
