{
  "Entries": [
    {
      "RequestUri": "https://management.azure.com/subscriptions/db1ab6f0-4769-4b27-930e-01e2ef9c123c/resourceGroups/testrg-batch1496/providers/Microsoft.Batch/batchAccounts/testaccount9925?api-version=2022-10-01",
      "RequestMethod": "PUT",
      "RequestHeaders": {
        "Accept": "application/json",
        "Authorization": "Sanitized",
        "Content-Length": "223",
        "Content-Type": "application/json",
        "traceparent": "00-a3b3ed2e47db43469b911ec5bff4f397-788735cbc835744c-00",
        "User-Agent": "azsdk-net-ResourceManager.Batch/1.2.0-alpha.20221201.1 (.NET Framework 4.8.4515.0; Microsoft Windows 10.0.19045 )",
        "x-ms-client-request-id": "7310bf055e326885855275e67e07ded6",
        "x-ms-return-client-request-id": "true"
      },
      "RequestBody": {
        "location": "westus",
        "properties": {
          "autoStorage": {
            "storageAccountId": "/subscriptions/db1ab6f0-4769-4b27-930e-01e2ef9c123c/resourceGroups/testrg-batch1496/providers/Microsoft.Storage/storageAccounts/azstorageforbatch6230"
          }
        }
      },
      "StatusCode": 202,
      "ResponseHeaders": {
        "Cache-Control": "no-cache",
        "Content-Length": "0",
        "Date": "Thu, 01 Dec 2022 03:24:05 GMT",
        "Expires": "-1",
        "Location": "https://management.azure.com/subscriptions/db1ab6f0-4769-4b27-930e-01e2ef9c123c/resourceGroups/testrg-batch1496/providers/Microsoft.Batch/batchAccounts/testaccount9925/operationResults/ebcfc00a-ebed-41f2-9642-3f9d07bc71c8?api-version=2022-10-01",
        "Pragma": "no-cache",
        "Retry-After": "15",
        "Server": "Microsoft-HTTPAPI/2.0",
        "Strict-Transport-Security": "max-age=31536000; includeSubDomains",
        "X-Content-Type-Options": "nosniff",
        "x-ms-correlation-request-id": "74d3ff25-7d73-4c10-88b6-b2690193594f",
        "x-ms-ratelimit-remaining-subscription-writes": "1197",
        "x-ms-request-id": "ebcfc00a-ebed-41f2-9642-3f9d07bc71c8",
        "x-ms-routing-request-id": "SOUTHEASTASIA:20221201T032406Z:74d3ff25-7d73-4c10-88b6-b2690193594f"
      },
      "ResponseBody": null
    },
    {
      "RequestUri": "https://management.azure.com/subscriptions/db1ab6f0-4769-4b27-930e-01e2ef9c123c/resourceGroups/testrg-batch1496/providers/Microsoft.Batch/batchAccounts/testaccount9925/operationResults/ebcfc00a-ebed-41f2-9642-3f9d07bc71c8?api-version=2022-10-01",
      "RequestMethod": "GET",
      "RequestHeaders": {
        "Authorization": "Sanitized",
        "traceparent": "00-a3b3ed2e47db43469b911ec5bff4f397-fff188be74580b42-00",
        "User-Agent": "azsdk-net-ResourceManager/1.3.2 (.NET Framework 4.8.4515.0; Microsoft Windows 10.0.19045 )",
        "x-ms-client-request-id": "04e8efceb1205fde1d6b24e9cd49f4cd",
        "x-ms-return-client-request-id": "true"
      },
      "RequestBody": null,
      "StatusCode": 202,
      "ResponseHeaders": {
        "Cache-Control": "no-cache",
        "Content-Length": "0",
        "Date": "Thu, 01 Dec 2022 03:24:05 GMT",
        "Expires": "-1",
        "Location": "https://management.azure.com/subscriptions/db1ab6f0-4769-4b27-930e-01e2ef9c123c/resourceGroups/testrg-batch1496/providers/Microsoft.Batch/batchAccounts/testaccount9925/operationResults/ebcfc00a-ebed-41f2-9642-3f9d07bc71c8?api-version=2022-10-01",
        "Pragma": "no-cache",
        "Retry-After": "15",
        "Server": "Microsoft-HTTPAPI/2.0",
        "Strict-Transport-Security": "max-age=31536000; includeSubDomains",
        "X-Content-Type-Options": "nosniff",
        "x-ms-correlation-request-id": "ee797ade-afdd-45fa-b199-38bcb1548683",
        "x-ms-ratelimit-remaining-subscription-reads": "11996",
        "x-ms-request-id": "5de7bfae-e3dc-4556-b11b-73d5ecf479df",
        "x-ms-routing-request-id": "SOUTHEASTASIA:20221201T032406Z:ee797ade-afdd-45fa-b199-38bcb1548683"
      },
      "ResponseBody": null
    },
    {
      "RequestUri": "https://management.azure.com/subscriptions/db1ab6f0-4769-4b27-930e-01e2ef9c123c/resourceGroups/testrg-batch1496/providers/Microsoft.Batch/batchAccounts/testaccount9925/operationResults/ebcfc00a-ebed-41f2-9642-3f9d07bc71c8?api-version=2022-10-01",
      "RequestMethod": "GET",
      "RequestHeaders": {
        "Authorization": "Sanitized",
        "traceparent": "00-a3b3ed2e47db43469b911ec5bff4f397-351582e88d552a42-00",
        "User-Agent": "azsdk-net-ResourceManager/1.3.2 (.NET Framework 4.8.4515.0; Microsoft Windows 10.0.19045 )",
        "x-ms-client-request-id": "a5c3a0b0093cc1597d42061599db8432",
        "x-ms-return-client-request-id": "true"
      },
      "RequestBody": null,
      "StatusCode": 200,
      "ResponseHeaders": {
        "Cache-Control": "no-cache",
        "Content-Length": "3743",
        "Content-Type": "application/json; charset=utf-8",
        "Date": "Thu, 01 Dec 2022 03:24:21 GMT",
        "ETag": "\u00220x8DAD34B8A1DFC1C\u0022",
        "Expires": "-1",
        "Last-Modified": "Thu, 01 Dec 2022 03:24:21 GMT",
        "Pragma": "no-cache",
        "Server": "Microsoft-HTTPAPI/2.0",
        "Strict-Transport-Security": "max-age=31536000; includeSubDomains",
        "X-Content-Type-Options": "nosniff",
        "x-ms-correlation-request-id": "88ecab66-0918-4494-94ad-2f27612168c3",
        "x-ms-ratelimit-remaining-subscription-reads": "11995",
        "x-ms-request-id": "0961475b-c722-4d11-a6bd-51c94304c64c",
        "x-ms-routing-request-id": "SOUTHEASTASIA:20221201T032422Z:88ecab66-0918-4494-94ad-2f27612168c3"
      },
      "ResponseBody": {
        "id": "/subscriptions/db1ab6f0-4769-4b27-930e-01e2ef9c123c/resourceGroups/testrg-batch1496/providers/Microsoft.Batch/batchAccounts/testaccount9925",
        "name": "testaccount9925",
        "type": "Microsoft.Batch/batchAccounts",
        "location": "westus",
        "properties": {
          "accountEndpoint": "testaccount9925.westus.batch.azure.com",
          "nodeManagementEndpoint": "6a44080f-1088-4b77-a903-fe9a51a0a065.westus.service.batch.azure.com",
          "provisioningState": "Succeeded",
          "dedicatedCoreQuota": 0,
          "dedicatedCoreQuotaPerVMFamily": [
            {
              "name": "standardAv2Family",
              "coreQuota": 0
            },
            {
              "name": "standardDv2Family",
              "coreQuota": 0
            },
            {
              "name": "standardDv3Family",
              "coreQuota": 0
            },
            {
              "name": "standardEv3Family",
              "coreQuota": 0
            },
            {
              "name": "standardDSv2Family",
              "coreQuota": 0
            },
            {
              "name": "standardDSv3Family",
              "coreQuota": 0
            },
            {
              "name": "standardESv3Family",
              "coreQuota": 0
            },
            {
              "name": "standardFSv2Family",
              "coreQuota": 0
            },
            {
              "name": "standardNCFamily",
              "coreQuota": 0
            },
            {
              "name": "standardNVFamily",
              "coreQuota": 0
            },
            {
              "name": "standardDDv4Family",
              "coreQuota": 0
            },
            {
              "name": "standardDDSv4Family",
              "coreQuota": 0
            },
            {
              "name": "standardEDv4Family",
              "coreQuota": 0
            },
            {
              "name": "standardEDSv4Family",
              "coreQuota": 0
            },
            {
              "name": "standardA0_A7Family",
              "coreQuota": 0
            },
            {
              "name": "standardA8_A11Family",
              "coreQuota": 0
            },
            {
              "name": "standardDFamily",
              "coreQuota": 0
            },
            {
              "name": "standardGFamily",
              "coreQuota": 0
            },
            {
              "name": "basicAFamily",
              "coreQuota": 0
            },
            {
              "name": "standardFFamily",
              "coreQuota": 0
            },
            {
              "name": "standardNVPromoFamily",
              "coreQuota": 0
            },
            {
              "name": "standardNCPromoFamily",
              "coreQuota": 0
            },
            {
              "name": "standardHFamily",
              "coreQuota": 0
            },
            {
              "name": "standardHPromoFamily",
              "coreQuota": 0
            },
            {
              "name": "standardMSFamily",
              "coreQuota": 0
            },
            {
              "name": "standardDSFamily",
              "coreQuota": 0
            },
            {
              "name": "standardFSFamily",
              "coreQuota": 0
            },
            {
              "name": "standardGSFamily",
              "coreQuota": 0
            },
            {
              "name": "standardLSFamily",
              "coreQuota": 0
            },
            {
              "name": "standardLSv2Family",
              "coreQuota": 0
            },
            {
              "name": "standardNCSv2Family",
              "coreQuota": 0
            },
            {
              "name": "standardNDSFamily",
              "coreQuota": 0
            },
            {
              "name": "standardNCSv3Family",
              "coreQuota": 0
            },
            {
              "name": "standardHBSFamily",
              "coreQuota": 0
            },
            {
              "name": "standardHCSFamily",
              "coreQuota": 0
            },
            {
              "name": "standardNVSv3Family",
              "coreQuota": 0
            },
            {
              "name": "standardHBrsv2Family",
              "coreQuota": 0
            },
            {
              "name": "standardDAv4Family",
              "coreQuota": 0
            },
            {
              "name": "standardDASv4Family",
              "coreQuota": 0
            },
            {
              "name": "standardEAv4Family",
              "coreQuota": 0
            },
            {
              "name": "standardEASv4Family",
              "coreQuota": 0
            },
            {
              "name": "standardMSv2Family",
              "coreQuota": 0
            },
            {
              "name": "standardEIv3Family",
              "coreQuota": 0
            },
            {
              "name": "standardNVSv4Family",
              "coreQuota": 0
            },
            {
              "name": "Standard NCASv3_T4 Family",
              "coreQuota": 0
            },
            {
              "name": "standardXEIDSv4Family",
              "coreQuota": 0
            },
            {
              "name": "Standard NDASv4_A100 Family",
              "coreQuota": 0
            },
            {
              "name": "standardDCSv2Family",
              "coreQuota": 0
            },
            {
              "name": "standardHBv3Family",
              "coreQuota": 0
            },
            {
              "name": "standardNPSFamily",
              "coreQuota": 0
            },
            {
              "name": "standardFXMDVSFamily",
              "coreQuota": 0
            },
            {
              "name": "standardDDv5Family",
              "coreQuota": 0
            },
            {
              "name": "standardDDSv5Family",
              "coreQuota": 0
            },
            {
              "name": "standardEDv5Family",
              "coreQuota": 0
            },
            {
              "name": "standardEDSv5Family",
              "coreQuota": 0
            },
            {
              "name": "standardNCADSA100v4Family",
              "coreQuota": 0
            },
            {
              "name": "standardDADSv5Family",
              "coreQuota": 0
            },
            {
              "name": "standardEADSv5Family",
              "coreQuota": 0
            },
            {
              "name": "StandardNVADSA10v5Family",
              "coreQuota": 0
            }
          ],
          "dedicatedCoreQuotaPerVMFamilyEnforced": true,
          "lowPriorityCoreQuota": 0,
          "poolQuota": 100,
          "activeJobAndJobScheduleQuota": 300,
          "autoStorage": {
            "storageAccountId": "/subscriptions/db1ab6f0-4769-4b27-930e-01e2ef9c123c/resourceGroups/testrg-batch1496/providers/Microsoft.Storage/storageAccounts/azstorageforbatch6230",
            "lastKeySync": "2022-12-01T03:24:05.7367306Z",
            "authenticationMode": "StorageKeys"
          },
          "poolAllocationMode": "BatchService",
          "publicNetworkAccess": "Enabled",
          "privateEndpointConnections": [],
          "encryption": {
            "keySource": "Microsoft.Batch"
          },
          "allowedAuthenticationModes": [
            "SharedKey",
            "AAD",
            "TaskAuthenticationToken"
          ]
        },
        "identity": {
          "type": "None"
        }
      }
    },
    {
      "RequestUri": "https://management.azure.com/subscriptions/db1ab6f0-4769-4b27-930e-01e2ef9c123c/resourceGroups/testrg-batch1496/providers/Microsoft.Batch/batchAccounts/testaccount9925/pools/Pool-3202?api-version=2022-10-01",
      "RequestMethod": "PUT",
      "RequestHeaders": {
        "Accept": "application/json",
        "Authorization": "Sanitized",
        "Content-Length": "537",
        "Content-Type": "application/json",
        "traceparent": "00-e6897dcd2d81a34e8cffa038d37496b4-f85d7979cd242043-00",
        "User-Agent": "azsdk-net-ResourceManager.Batch/1.2.0-alpha.20221201.1 (.NET Framework 4.8.4515.0; Microsoft Windows 10.0.19045 )",
        "x-ms-client-request-id": "b5da1e8ea60639d5d61f57002327f7f9",
        "x-ms-return-client-request-id": "true"
      },
      "RequestBody": {
        "properties": {
          "displayName": "test_pool",
          "vmSize": "small",
          "deploymentConfiguration": {
            "cloudServiceConfiguration": {
              "osFamily": "2"
            }
          },
          "scaleSettings": {
            "fixedScale": {
              "targetDedicatedNodes": 0,
              "targetLowPriorityNodes": 0
            }
          },
          "startTask": {
            "commandLine": "cmd.exe /c \u0022echo hello world\u0022",
            "resourceFiles": [
              {
                "httpUrl": "https://blobsource.com/",
                "filePath": "filename.txt",
                "identityReference": {
                  "resourceId": "refUserId123"
                }
              }
            ],
            "environmentSettings": [
              {
                "name": "ENV_VAR",
                "value": "env_value"
              }
            ],
            "userIdentity": {
              "autoUser": {
                "elevationLevel": "Admin"
              }
            }
          }
        }
      },
      "StatusCode": 200,
      "ResponseHeaders": {
        "Cache-Control": "no-cache",
        "Content-Length": "1477",
        "Content-Type": "application/json; charset=utf-8",
        "Date": "Thu, 01 Dec 2022 03:24:22 GMT",
        "ETag": "W/\u00220x8DAD34B8A919862\u0022",
        "Expires": "-1",
        "Last-Modified": "Thu, 01 Dec 2022 03:24:22 GMT",
        "Pragma": "no-cache",
        "Server": "Microsoft-HTTPAPI/2.0",
        "Strict-Transport-Security": "max-age=31536000; includeSubDomains",
        "X-Content-Type-Options": "nosniff",
        "x-ms-correlation-request-id": "515ecf54-efc5-4b40-bfa3-1fe701b52525",
        "x-ms-ratelimit-remaining-subscription-writes": "1196",
        "x-ms-request-id": "56afb922-3b84-4004-a4ac-def6555e9cae",
        "x-ms-routing-request-id": "SOUTHEASTASIA:20221201T032422Z:515ecf54-efc5-4b40-bfa3-1fe701b52525"
      },
      "ResponseBody": {
        "id": "/subscriptions/db1ab6f0-4769-4b27-930e-01e2ef9c123c/resourceGroups/testrg-batch1496/providers/Microsoft.Batch/batchAccounts/testaccount9925/pools/Pool-3202",
        "name": "Pool-3202",
        "type": "Microsoft.Batch/batchAccounts/pools",
        "etag": "W/\u00220x8DAD34B8A919862\u0022",
        "properties": {
          "displayName": "test_pool",
          "lastModified": "2022-12-01T03:24:22.715197Z",
          "creationTime": "2022-12-01T03:24:22.715197Z",
          "provisioningState": "Succeeded",
          "provisioningStateTransitionTime": "2022-12-01T03:24:22.715197Z",
          "allocationState": "Resizing",
          "allocationStateTransitionTime": "2022-12-01T03:24:22.715197Z",
          "vmSize": "Small",
          "interNodeCommunication": "Disabled",
          "taskSlotsPerNode": 1,
          "taskSchedulingPolicy": {
            "nodeFillType": "Spread"
          },
          "deploymentConfiguration": {
            "cloudServiceConfiguration": {
              "osFamily": "2",
              "osVersion": "*"
            }
          },
          "scaleSettings": {
            "fixedScale": {
              "targetDedicatedNodes": 0,
              "targetLowPriorityNodes": 0,
              "resizeTimeout": "PT15M"
            }
          },
          "startTask": {
            "commandLine": "cmd.exe /c \u0022echo hello world\u0022",
            "resourceFiles": [
              {
                "filePath": "filename.txt",
                "httpUrl": "https://blobsource.com/",
                "identityReference": {
                  "resourceId": "refUserId123"
                }
              }
            ],
            "environmentSettings": [
              {
                "name": "ENV_VAR",
                "value": "env_value"
              }
            ],
            "userIdentity": {
              "autoUser": {
                "scope": "Pool",
                "elevationLevel": "Admin"
              }
            },
            "maxTaskRetryCount": 0,
            "waitForSuccess": true
          },
          "resizeOperationStatus": {
            "targetDedicatedNodes": 0,
            "nodeDeallocationOption": "Requeue",
            "resizeTimeout": "PT15M",
            "startTime": "2022-12-01T03:24:22.715197Z"
          },
          "currentDedicatedNodes": 0,
          "currentLowPriorityNodes": 0
        }
      }
    },
    {
      "RequestUri": "https://management.azure.com/subscriptions/db1ab6f0-4769-4b27-930e-01e2ef9c123c/resourceGroups/testrg-batch1496/providers/Microsoft.Batch/batchAccounts/testaccount9925/pools/Pool-3202?api-version=2022-10-01",
      "RequestMethod": "GET",
      "RequestHeaders": {
        "Accept": "application/json",
        "Authorization": "Sanitized",
        "traceparent": "00-6982a5fa25846145a939c2006cad6d85-e5d2db6f3d52fe43-00",
        "User-Agent": "azsdk-net-ResourceManager.Batch/1.2.0-alpha.20221201.1 (.NET Framework 4.8.4515.0; Microsoft Windows 10.0.19045 )",
        "x-ms-client-request-id": "16c88e4396c48626ddabc8c641e6f105",
        "x-ms-return-client-request-id": "true"
      },
      "RequestBody": null,
      "StatusCode": 200,
      "ResponseHeaders": {
        "Cache-Control": "no-cache",
        "Content-Length": "1477",
        "Content-Type": "application/json; charset=utf-8",
        "Date": "Thu, 01 Dec 2022 03:24:22 GMT",
        "ETag": "W/\u00220x8DAD34B8A919862\u0022",
        "Expires": "-1",
        "Last-Modified": "Thu, 01 Dec 2022 03:24:22 GMT",
        "Pragma": "no-cache",
        "Server": "Microsoft-HTTPAPI/2.0",
        "Strict-Transport-Security": "max-age=31536000; includeSubDomains",
        "X-Content-Type-Options": "nosniff",
        "x-ms-correlation-request-id": "74eab774-901a-4d84-af73-c8ce40b30f9f",
        "x-ms-ratelimit-remaining-subscription-reads": "11994",
        "x-ms-request-id": "cfb38685-56b7-4ad7-b976-5f968a3dc317",
        "x-ms-routing-request-id": "SOUTHEASTASIA:20221201T032423Z:74eab774-901a-4d84-af73-c8ce40b30f9f"
      },
      "ResponseBody": {
        "id": "/subscriptions/db1ab6f0-4769-4b27-930e-01e2ef9c123c/resourceGroups/testrg-batch1496/providers/Microsoft.Batch/batchAccounts/testaccount9925/pools/Pool-3202",
        "name": "Pool-3202",
        "type": "Microsoft.Batch/batchAccounts/pools",
        "etag": "W/\u00220x8DAD34B8A919862\u0022",
        "properties": {
          "displayName": "test_pool",
          "lastModified": "2022-12-01T03:24:22.715197Z",
          "creationTime": "2022-12-01T03:24:22.715197Z",
          "provisioningState": "Succeeded",
          "provisioningStateTransitionTime": "2022-12-01T03:24:22.715197Z",
          "allocationState": "Resizing",
          "allocationStateTransitionTime": "2022-12-01T03:24:22.715197Z",
          "vmSize": "Small",
          "interNodeCommunication": "Disabled",
          "taskSlotsPerNode": 1,
          "taskSchedulingPolicy": {
            "nodeFillType": "Spread"
          },
          "deploymentConfiguration": {
            "cloudServiceConfiguration": {
              "osFamily": "2",
              "osVersion": "*"
            }
          },
          "scaleSettings": {
            "fixedScale": {
              "targetDedicatedNodes": 0,
              "targetLowPriorityNodes": 0,
              "resizeTimeout": "PT15M"
            }
          },
          "startTask": {
            "commandLine": "cmd.exe /c \u0022echo hello world\u0022",
            "resourceFiles": [
              {
                "filePath": "filename.txt",
                "httpUrl": "https://blobsource.com/",
                "identityReference": {
                  "resourceId": "refUserId123"
                }
              }
            ],
            "environmentSettings": [
              {
                "name": "ENV_VAR",
                "value": "env_value"
              }
            ],
            "userIdentity": {
              "autoUser": {
                "scope": "Pool",
                "elevationLevel": "Admin"
              }
            },
            "maxTaskRetryCount": 0,
            "waitForSuccess": true
          },
          "resizeOperationStatus": {
            "targetDedicatedNodes": 0,
            "nodeDeallocationOption": "Requeue",
            "resizeTimeout": "PT15M",
            "startTime": "2022-12-01T03:24:22.715197Z"
          },
          "currentDedicatedNodes": 0,
          "currentLowPriorityNodes": 0
        }
      }
    },
    {
      "RequestUri": "https://management.azure.com/subscriptions/db1ab6f0-4769-4b27-930e-01e2ef9c123c/resourceGroups/testrg-batch1496/providers/Microsoft.Batch/batchAccounts/testaccount9925/pools/Pool-3202?api-version=2022-10-01",
      "RequestMethod": "PUT",
      "RequestHeaders": {
        "Accept": "application/json",
        "Authorization": "Sanitized",
        "Content-Length": "537",
        "Content-Type": "application/json",
        "traceparent": "00-a8b0051317b20d4ba36b0bf8f4aa4821-97dbec1b5b423f4f-00",
        "User-Agent": "azsdk-net-ResourceManager.Batch/1.2.0-alpha.20221201.1 (.NET Framework 4.8.4515.0; Microsoft Windows 10.0.19045 )",
        "x-ms-client-request-id": "af6631abead5ffbc66d083a22641e3ee",
        "x-ms-return-client-request-id": "true"
      },
      "RequestBody": {
        "properties": {
          "displayName": "test_pool",
          "vmSize": "small",
          "deploymentConfiguration": {
            "cloudServiceConfiguration": {
              "osFamily": "2"
            }
          },
          "scaleSettings": {
            "fixedScale": {
              "targetDedicatedNodes": 0,
              "targetLowPriorityNodes": 0
            }
          },
          "startTask": {
            "commandLine": "cmd.exe /c \u0022echo hello world\u0022",
            "resourceFiles": [
              {
                "httpUrl": "https://blobsource.com/",
                "filePath": "filename.txt",
                "identityReference": {
                  "resourceId": "refUserId123"
                }
              }
            ],
            "environmentSettings": [
              {
                "name": "ENV_VAR",
                "value": "env_value"
              }
            ],
            "userIdentity": {
              "autoUser": {
                "elevationLevel": "Admin"
              }
            }
          }
        }
      },
      "StatusCode": 200,
      "ResponseHeaders": {
        "Cache-Control": "no-cache",
        "Content-Length": "1477",
        "Content-Type": "application/json; charset=utf-8",
        "Date": "Thu, 01 Dec 2022 03:24:23 GMT",
        "ETag": "W/\u00220x8DAD34B8A919862\u0022",
        "Expires": "-1",
        "Last-Modified": "Thu, 01 Dec 2022 03:24:22 GMT",
        "Pragma": "no-cache",
        "Server": "Microsoft-HTTPAPI/2.0",
        "Strict-Transport-Security": "max-age=31536000; includeSubDomains",
        "X-Content-Type-Options": "nosniff",
        "x-ms-correlation-request-id": "64247366-8ffa-4ff7-b10b-0bd7e1b650d7",
        "x-ms-ratelimit-remaining-subscription-writes": "1195",
        "x-ms-request-id": "ae71ceb4-f90e-4b40-948c-9c9e295fd106",
        "x-ms-routing-request-id": "SOUTHEASTASIA:20221201T032424Z:64247366-8ffa-4ff7-b10b-0bd7e1b650d7"
      },
      "ResponseBody": {
        "id": "/subscriptions/db1ab6f0-4769-4b27-930e-01e2ef9c123c/resourceGroups/testrg-batch1496/providers/Microsoft.Batch/batchAccounts/testaccount9925/pools/Pool-3202",
        "name": "Pool-3202",
        "type": "Microsoft.Batch/batchAccounts/pools",
        "etag": "W/\u00220x8DAD34B8A919862\u0022",
        "properties": {
          "displayName": "test_pool",
          "lastModified": "2022-12-01T03:24:22.715197Z",
          "creationTime": "2022-12-01T03:24:22.715197Z",
          "provisioningState": "Succeeded",
          "provisioningStateTransitionTime": "2022-12-01T03:24:22.715197Z",
          "allocationState": "Resizing",
          "allocationStateTransitionTime": "2022-12-01T03:24:22.715197Z",
          "vmSize": "Small",
          "interNodeCommunication": "Disabled",
          "taskSlotsPerNode": 1,
          "taskSchedulingPolicy": {
            "nodeFillType": "Spread"
          },
          "deploymentConfiguration": {
            "cloudServiceConfiguration": {
              "osFamily": "2",
              "osVersion": "*"
            }
          },
          "scaleSettings": {
            "fixedScale": {
              "targetDedicatedNodes": 0,
              "targetLowPriorityNodes": 0,
              "resizeTimeout": "PT15M"
            }
          },
          "startTask": {
            "commandLine": "cmd.exe /c \u0022echo hello world\u0022",
            "resourceFiles": [
              {
                "filePath": "filename.txt",
                "httpUrl": "https://blobsource.com/",
                "identityReference": {
                  "resourceId": "refUserId123"
                }
              }
            ],
            "environmentSettings": [
              {
                "name": "ENV_VAR",
                "value": "env_value"
              }
            ],
            "userIdentity": {
              "autoUser": {
                "scope": "Pool",
                "elevationLevel": "Admin"
              }
            },
            "maxTaskRetryCount": 0,
            "waitForSuccess": true
          },
          "resizeOperationStatus": {
            "targetDedicatedNodes": 0,
            "nodeDeallocationOption": "Requeue",
            "resizeTimeout": "PT15M",
            "startTime": "2022-12-01T03:24:22.715197Z"
          },
          "currentDedicatedNodes": 0,
          "currentLowPriorityNodes": 0
        }
      }
    },
    {
      "RequestUri": "https://management.azure.com/subscriptions/db1ab6f0-4769-4b27-930e-01e2ef9c123c/resourceGroups/testrg-batch1496/providers/Microsoft.Batch/batchAccounts/testaccount9925/pools/Pool-5204?api-version=2022-10-01",
      "RequestMethod": "PUT",
      "RequestHeaders": {
        "Accept": "application/json",
        "Authorization": "Sanitized",
        "Content-Length": "537",
        "Content-Type": "application/json",
        "traceparent": "00-46b4094bcd39434c93d26b491777b73a-4eaf5a46acb1044f-00",
        "User-Agent": "azsdk-net-ResourceManager.Batch/1.2.0-alpha.20221201.1 (.NET Framework 4.8.4515.0; Microsoft Windows 10.0.19045 )",
        "x-ms-client-request-id": "a340e1a10b1cf852f853d85bdd0ef7ef",
        "x-ms-return-client-request-id": "true"
      },
      "RequestBody": {
        "properties": {
          "displayName": "test_pool",
          "vmSize": "small",
          "deploymentConfiguration": {
            "cloudServiceConfiguration": {
              "osFamily": "2"
            }
          },
          "scaleSettings": {
            "fixedScale": {
              "targetDedicatedNodes": 0,
              "targetLowPriorityNodes": 0
            }
          },
          "startTask": {
            "commandLine": "cmd.exe /c \u0022echo hello world\u0022",
            "resourceFiles": [
              {
                "httpUrl": "https://blobsource.com/",
                "filePath": "filename.txt",
                "identityReference": {
                  "resourceId": "refUserId123"
                }
              }
            ],
            "environmentSettings": [
              {
                "name": "ENV_VAR",
                "value": "env_value"
              }
            ],
            "userIdentity": {
              "autoUser": {
                "elevationLevel": "Admin"
              }
            }
          }
        }
      },
      "StatusCode": 200,
      "ResponseHeaders": {
        "Cache-Control": "no-cache",
        "Content-Length": "1482",
        "Content-Type": "application/json; charset=utf-8",
        "Date": "Thu, 01 Dec 2022 03:24:23 GMT",
        "ETag": "W/\u00220x8DAD34B8B97BE18\u0022",
        "Expires": "-1",
        "Last-Modified": "Thu, 01 Dec 2022 03:24:24 GMT",
        "Pragma": "no-cache",
        "Server": "Microsoft-HTTPAPI/2.0",
        "Strict-Transport-Security": "max-age=31536000; includeSubDomains",
        "X-Content-Type-Options": "nosniff",
        "x-ms-correlation-request-id": "60b4c86b-3a07-4021-b7a7-87c1b61ac54f",
        "x-ms-ratelimit-remaining-subscription-writes": "1194",
        "x-ms-request-id": "efd666e1-3636-4805-afe8-db0c453f96c8",
        "x-ms-routing-request-id": "SOUTHEASTASIA:20221201T032424Z:60b4c86b-3a07-4021-b7a7-87c1b61ac54f"
      },
      "ResponseBody": {
        "id": "/subscriptions/db1ab6f0-4769-4b27-930e-01e2ef9c123c/resourceGroups/testrg-batch1496/providers/Microsoft.Batch/batchAccounts/testaccount9925/pools/Pool-5204",
        "name": "Pool-5204",
        "type": "Microsoft.Batch/batchAccounts/pools",
        "etag": "W/\u00220x8DAD34B8B97BE18\u0022",
        "properties": {
          "displayName": "test_pool",
          "lastModified": "2022-12-01T03:24:24.4332056Z",
          "creationTime": "2022-12-01T03:24:24.4332056Z",
          "provisioningState": "Succeeded",
          "provisioningStateTransitionTime": "2022-12-01T03:24:24.4332056Z",
          "allocationState": "Resizing",
          "allocationStateTransitionTime": "2022-12-01T03:24:24.4332056Z",
          "vmSize": "Small",
          "interNodeCommunication": "Disabled",
          "taskSlotsPerNode": 1,
          "taskSchedulingPolicy": {
            "nodeFillType": "Spread"
          },
          "deploymentConfiguration": {
            "cloudServiceConfiguration": {
              "osFamily": "2",
              "osVersion": "*"
            }
          },
          "scaleSettings": {
            "fixedScale": {
              "targetDedicatedNodes": 0,
              "targetLowPriorityNodes": 0,
              "resizeTimeout": "PT15M"
            }
          },
          "startTask": {
            "commandLine": "cmd.exe /c \u0022echo hello world\u0022",
            "resourceFiles": [
              {
                "filePath": "filename.txt",
                "httpUrl": "https://blobsource.com/",
                "identityReference": {
                  "resourceId": "refUserId123"
                }
              }
            ],
            "environmentSettings": [
              {
                "name": "ENV_VAR",
                "value": "env_value"
              }
            ],
            "userIdentity": {
              "autoUser": {
                "scope": "Pool",
                "elevationLevel": "Admin"
              }
            },
            "maxTaskRetryCount": 0,
            "waitForSuccess": true
          },
          "resizeOperationStatus": {
            "targetDedicatedNodes": 0,
            "nodeDeallocationOption": "Requeue",
            "resizeTimeout": "PT15M",
            "startTime": "2022-12-01T03:24:24.4332056Z"
          },
          "currentDedicatedNodes": 0,
          "currentLowPriorityNodes": 0
        }
      }
    },
    {
      "RequestUri": "https://management.azure.com/subscriptions/db1ab6f0-4769-4b27-930e-01e2ef9c123c/resourceGroups/testrg-batch1496/providers/Microsoft.Batch/batchAccounts/testaccount9925/pools/Pool-5968?api-version=2022-10-01",
      "RequestMethod": "PUT",
      "RequestHeaders": {
        "Accept": "application/json",
        "Authorization": "Sanitized",
        "Content-Length": "537",
        "Content-Type": "application/json",
        "traceparent": "00-bfa5831707f47147b753469ef39d582f-77385ffa76399e4b-00",
        "User-Agent": "azsdk-net-ResourceManager.Batch/1.2.0-alpha.20221201.1 (.NET Framework 4.8.4515.0; Microsoft Windows 10.0.19045 )",
        "x-ms-client-request-id": "f155512d48c15823d2c8b0f41284609b",
        "x-ms-return-client-request-id": "true"
      },
      "RequestBody": {
        "properties": {
          "displayName": "test_pool",
          "vmSize": "small",
          "deploymentConfiguration": {
            "cloudServiceConfiguration": {
              "osFamily": "2"
            }
          },
          "scaleSettings": {
            "fixedScale": {
              "targetDedicatedNodes": 0,
              "targetLowPriorityNodes": 0
            }
          },
          "startTask": {
            "commandLine": "cmd.exe /c \u0022echo hello world\u0022",
            "resourceFiles": [
              {
                "httpUrl": "https://blobsource.com/",
                "filePath": "filename.txt",
                "identityReference": {
                  "resourceId": "refUserId123"
                }
              }
            ],
            "environmentSettings": [
              {
                "name": "ENV_VAR",
                "value": "env_value"
              }
            ],
            "userIdentity": {
              "autoUser": {
                "elevationLevel": "Admin"
              }
            }
          }
        }
      },
      "StatusCode": 200,
      "ResponseHeaders": {
        "Cache-Control": "no-cache",
        "Content-Length": "1482",
        "Content-Type": "application/json; charset=utf-8",
        "Date": "Thu, 01 Dec 2022 03:24:24 GMT",
        "ETag": "W/\u00220x8DAD34B8BEF2D07\u0022",
        "Expires": "-1",
        "Last-Modified": "Thu, 01 Dec 2022 03:24:25 GMT",
        "Pragma": "no-cache",
        "Server": "Microsoft-HTTPAPI/2.0",
        "Strict-Transport-Security": "max-age=31536000; includeSubDomains",
        "X-Content-Type-Options": "nosniff",
        "x-ms-correlation-request-id": "5a6861dc-f366-4e9d-be6a-7a5c32e8c61f",
        "x-ms-ratelimit-remaining-subscription-writes": "1193",
        "x-ms-request-id": "07704b53-183e-42aa-9e54-7cb7538204f3",
        "x-ms-routing-request-id": "SOUTHEASTASIA:20221201T032425Z:5a6861dc-f366-4e9d-be6a-7a5c32e8c61f"
      },
      "ResponseBody": {
        "id": "/subscriptions/db1ab6f0-4769-4b27-930e-01e2ef9c123c/resourceGroups/testrg-batch1496/providers/Microsoft.Batch/batchAccounts/testaccount9925/pools/Pool-5968",
        "name": "Pool-5968",
        "type": "Microsoft.Batch/batchAccounts/pools",
        "etag": "W/\u00220x8DAD34B8BEF2D07\u0022",
        "properties": {
          "displayName": "test_pool",
          "lastModified": "2022-12-01T03:24:25.0062087Z",
          "creationTime": "2022-12-01T03:24:25.0062087Z",
          "provisioningState": "Succeeded",
          "provisioningStateTransitionTime": "2022-12-01T03:24:25.0062087Z",
          "allocationState": "Resizing",
          "allocationStateTransitionTime": "2022-12-01T03:24:25.0062087Z",
          "vmSize": "Small",
          "interNodeCommunication": "Disabled",
          "taskSlotsPerNode": 1,
          "taskSchedulingPolicy": {
            "nodeFillType": "Spread"
          },
          "deploymentConfiguration": {
            "cloudServiceConfiguration": {
              "osFamily": "2",
              "osVersion": "*"
            }
          },
          "scaleSettings": {
            "fixedScale": {
              "targetDedicatedNodes": 0,
              "targetLowPriorityNodes": 0,
              "resizeTimeout": "PT15M"
            }
          },
          "startTask": {
            "commandLine": "cmd.exe /c \u0022echo hello world\u0022",
            "resourceFiles": [
              {
                "filePath": "filename.txt",
                "httpUrl": "https://blobsource.com/",
                "identityReference": {
                  "resourceId": "refUserId123"
                }
              }
            ],
            "environmentSettings": [
              {
                "name": "ENV_VAR",
                "value": "env_value"
              }
            ],
            "userIdentity": {
              "autoUser": {
                "scope": "Pool",
                "elevationLevel": "Admin"
              }
            },
            "maxTaskRetryCount": 0,
            "waitForSuccess": true
          },
          "resizeOperationStatus": {
            "targetDedicatedNodes": 0,
            "nodeDeallocationOption": "Requeue",
            "resizeTimeout": "PT15M",
            "startTime": "2022-12-01T03:24:25.0062087Z"
          },
          "currentDedicatedNodes": 0,
          "currentLowPriorityNodes": 0
        }
      }
    },
    {
      "RequestUri": "https://management.azure.com/subscriptions/db1ab6f0-4769-4b27-930e-01e2ef9c123c/resourceGroups/testrg-batch1496/providers/Microsoft.Batch/batchAccounts/testaccount9925/pools?api-version=2022-10-01",
      "RequestMethod": "GET",
      "RequestHeaders": {
        "Accept": "application/json",
        "Authorization": "Sanitized",
        "traceparent": "00-0867810886a11d49b75762cc6acba0d7-f9ca97716d22964b-00",
        "User-Agent": "azsdk-net-ResourceManager.Batch/1.2.0-alpha.20221201.1 (.NET Framework 4.8.4515.0; Microsoft Windows 10.0.19045 )",
        "x-ms-client-request-id": "5f24dac74da69fe9df6eb68212602257",
        "x-ms-return-client-request-id": "true"
      },
      "RequestBody": null,
      "StatusCode": 200,
      "ResponseHeaders": {
        "Cache-Control": "no-cache",
        "Content-Length": "4454",
        "Content-Type": "application/json; charset=utf-8",
        "Date": "Thu, 01 Dec 2022 03:24:24 GMT",
        "Expires": "-1",
        "Pragma": "no-cache",
        "Server": "Microsoft-HTTPAPI/2.0",
        "Strict-Transport-Security": "max-age=31536000; includeSubDomains",
        "X-Content-Type-Options": "nosniff",
        "x-ms-correlation-request-id": "8b5c3240-bc20-4011-954f-753a17fc38e7",
        "x-ms-ratelimit-remaining-subscription-reads": "11993",
        "x-ms-request-id": "01537dee-882f-4818-9eee-df3df64d3e4c",
        "x-ms-routing-request-id": "SOUTHEASTASIA:20221201T032425Z:8b5c3240-bc20-4011-954f-753a17fc38e7"
      },
      "ResponseBody": {
        "value": [
          {
            "id": "/subscriptions/db1ab6f0-4769-4b27-930e-01e2ef9c123c/resourceGroups/testrg-batch1496/providers/Microsoft.Batch/batchAccounts/testaccount9925/pools/Pool-3202",
            "name": "Pool-3202",
            "type": "Microsoft.Batch/batchAccounts/pools",
            "etag": "W/\u00220x8DAD34B8A919862\u0022",
            "properties": {
              "displayName": "test_pool",
              "lastModified": "2022-12-01T03:24:22.715197Z",
              "creationTime": "2022-12-01T03:24:22.715197Z",
              "provisioningState": "Succeeded",
              "provisioningStateTransitionTime": "2022-12-01T03:24:22.715197Z",
              "allocationState": "Steady",
              "allocationStateTransitionTime": "2022-12-01T03:24:24.1522053Z",
              "vmSize": "Small",
              "interNodeCommunication": "Disabled",
              "taskSlotsPerNode": 1,
              "taskSchedulingPolicy": {
                "nodeFillType": "Spread"
              },
              "deploymentConfiguration": {
                "cloudServiceConfiguration": {
                  "osFamily": "2",
                  "osVersion": "*"
                }
              },
              "scaleSettings": {
                "fixedScale": {
                  "targetDedicatedNodes": 0,
                  "targetLowPriorityNodes": 0,
                  "resizeTimeout": "PT15M"
                }
              },
              "startTask": {
                "commandLine": "cmd.exe /c \u0022echo hello world\u0022",
                "resourceFiles": [
                  {
                    "filePath": "filename.txt",
                    "httpUrl": "https://blobsource.com/",
                    "identityReference": {
                      "resourceId": "refUserId123"
                    }
                  }
                ],
                "environmentSettings": [
                  {
                    "name": "ENV_VAR",
                    "value": "env_value"
                  }
                ],
                "userIdentity": {
                  "autoUser": {
                    "scope": "Pool",
                    "elevationLevel": "Admin"
                  }
                },
                "maxTaskRetryCount": 0,
                "waitForSuccess": true
              },
              "resizeOperationStatus": {
                "targetDedicatedNodes": 0,
                "nodeDeallocationOption": "Requeue",
                "resizeTimeout": "PT15M",
                "startTime": "2022-12-01T03:24:22.715197Z"
              },
              "currentDedicatedNodes": 0,
              "currentLowPriorityNodes": 0
            }
          },
          {
            "id": "/subscriptions/db1ab6f0-4769-4b27-930e-01e2ef9c123c/resourceGroups/testrg-batch1496/providers/Microsoft.Batch/batchAccounts/testaccount9925/pools/Pool-5204",
            "name": "Pool-5204",
            "type": "Microsoft.Batch/batchAccounts/pools",
            "etag": "W/\u00220x8DAD34B8B97BE18\u0022",
            "properties": {
              "displayName": "test_pool",
              "lastModified": "2022-12-01T03:24:24.4332056Z",
              "creationTime": "2022-12-01T03:24:24.4332056Z",
              "provisioningState": "Succeeded",
              "provisioningStateTransitionTime": "2022-12-01T03:24:24.4332056Z",
              "allocationState": "Resizing",
              "allocationStateTransitionTime": "2022-12-01T03:24:24.4332056Z",
              "vmSize": "Small",
              "interNodeCommunication": "Disabled",
              "taskSlotsPerNode": 1,
              "taskSchedulingPolicy": {
                "nodeFillType": "Spread"
              },
              "deploymentConfiguration": {
                "cloudServiceConfiguration": {
                  "osFamily": "2",
                  "osVersion": "*"
                }
              },
              "scaleSettings": {
                "fixedScale": {
                  "targetDedicatedNodes": 0,
                  "targetLowPriorityNodes": 0,
                  "resizeTimeout": "PT15M"
                }
              },
              "startTask": {
                "commandLine": "cmd.exe /c \u0022echo hello world\u0022",
                "resourceFiles": [
                  {
                    "filePath": "filename.txt",
                    "httpUrl": "https://blobsource.com/",
                    "identityReference": {
                      "resourceId": "refUserId123"
                    }
                  }
                ],
                "environmentSettings": [
                  {
                    "name": "ENV_VAR",
                    "value": "env_value"
                  }
                ],
                "userIdentity": {
                  "autoUser": {
                    "scope": "Pool",
                    "elevationLevel": "Admin"
                  }
                },
                "maxTaskRetryCount": 0,
                "waitForSuccess": true
              },
              "resizeOperationStatus": {
                "targetDedicatedNodes": 0,
                "nodeDeallocationOption": "Requeue",
                "resizeTimeout": "PT15M",
                "startTime": "2022-12-01T03:24:24.4332056Z"
              },
              "currentDedicatedNodes": 0,
              "currentLowPriorityNodes": 0
            }
          },
          {
            "id": "/subscriptions/db1ab6f0-4769-4b27-930e-01e2ef9c123c/resourceGroups/testrg-batch1496/providers/Microsoft.Batch/batchAccounts/testaccount9925/pools/Pool-5968",
            "name": "Pool-5968",
            "type": "Microsoft.Batch/batchAccounts/pools",
            "etag": "W/\u00220x8DAD34B8BEF2D07\u0022",
            "properties": {
              "displayName": "test_pool",
              "lastModified": "2022-12-01T03:24:25.0062087Z",
              "creationTime": "2022-12-01T03:24:25.0062087Z",
              "provisioningState": "Succeeded",
              "provisioningStateTransitionTime": "2022-12-01T03:24:25.0062087Z",
              "allocationState": "Resizing",
              "allocationStateTransitionTime": "2022-12-01T03:24:25.0062087Z",
              "vmSize": "Small",
              "interNodeCommunication": "Disabled",
              "taskSlotsPerNode": 1,
              "taskSchedulingPolicy": {
                "nodeFillType": "Spread"
              },
              "deploymentConfiguration": {
                "cloudServiceConfiguration": {
                  "osFamily": "2",
                  "osVersion": "*"
                }
              },
              "scaleSettings": {
                "fixedScale": {
                  "targetDedicatedNodes": 0,
                  "targetLowPriorityNodes": 0,
                  "resizeTimeout": "PT15M"
                }
              },
              "startTask": {
                "commandLine": "cmd.exe /c \u0022echo hello world\u0022",
                "resourceFiles": [
                  {
                    "filePath": "filename.txt",
                    "httpUrl": "https://blobsource.com/",
                    "identityReference": {
                      "resourceId": "refUserId123"
                    }
                  }
                ],
                "environmentSettings": [
                  {
                    "name": "ENV_VAR",
                    "value": "env_value"
                  }
                ],
                "userIdentity": {
                  "autoUser": {
                    "scope": "Pool",
                    "elevationLevel": "Admin"
                  }
                },
                "maxTaskRetryCount": 0,
                "waitForSuccess": true
              },
              "resizeOperationStatus": {
                "targetDedicatedNodes": 0,
                "nodeDeallocationOption": "Requeue",
                "resizeTimeout": "PT15M",
                "startTime": "2022-12-01T03:24:25.0062087Z"
              },
              "currentDedicatedNodes": 0,
              "currentLowPriorityNodes": 0
            }
          }
        ]
      }
    },
    {
      "RequestUri": "https://management.azure.com/subscriptions/db1ab6f0-4769-4b27-930e-01e2ef9c123c/resourceGroups/testrg-batch1496/providers/Microsoft.Batch/batchAccounts/testaccount9925/pools/Pool-3202?api-version=2022-10-01",
      "RequestMethod": "GET",
      "RequestHeaders": {
        "Accept": "application/json",
        "Authorization": "Sanitized",
        "traceparent": "00-978efa8668d96b4796ca8b9d6a451d06-753431ededbd6b4a-00",
        "User-Agent": "azsdk-net-ResourceManager.Batch/1.2.0-alpha.20221201.1 (.NET Framework 4.8.4515.0; Microsoft Windows 10.0.19045 )",
        "x-ms-client-request-id": "d47494d8f1ec592cbde8d1535b5ee574",
        "x-ms-return-client-request-id": "true"
      },
      "RequestBody": null,
      "StatusCode": 200,
      "ResponseHeaders": {
        "Cache-Control": "no-cache",
        "Content-Length": "1476",
        "Content-Type": "application/json; charset=utf-8",
        "Date": "Thu, 01 Dec 2022 03:24:25 GMT",
        "ETag": "W/\u00220x8DAD34B8A919862\u0022",
        "Expires": "-1",
        "Last-Modified": "Thu, 01 Dec 2022 03:24:22 GMT",
        "Pragma": "no-cache",
        "Server": "Microsoft-HTTPAPI/2.0",
        "Strict-Transport-Security": "max-age=31536000; includeSubDomains",
        "X-Content-Type-Options": "nosniff",
        "x-ms-correlation-request-id": "8a23534c-f892-497d-b3a7-1234655f5f3b",
        "x-ms-ratelimit-remaining-subscription-reads": "11992",
        "x-ms-request-id": "19ae77ff-8d5e-413c-88e4-c80c5738e885",
        "x-ms-routing-request-id": "SOUTHEASTASIA:20221201T032426Z:8a23534c-f892-497d-b3a7-1234655f5f3b"
      },
      "ResponseBody": {
        "id": "/subscriptions/db1ab6f0-4769-4b27-930e-01e2ef9c123c/resourceGroups/testrg-batch1496/providers/Microsoft.Batch/batchAccounts/testaccount9925/pools/Pool-3202",
        "name": "Pool-3202",
        "type": "Microsoft.Batch/batchAccounts/pools",
        "etag": "W/\u00220x8DAD34B8A919862\u0022",
        "properties": {
          "displayName": "test_pool",
          "lastModified": "2022-12-01T03:24:22.715197Z",
          "creationTime": "2022-12-01T03:24:22.715197Z",
          "provisioningState": "Succeeded",
          "provisioningStateTransitionTime": "2022-12-01T03:24:22.715197Z",
          "allocationState": "Steady",
          "allocationStateTransitionTime": "2022-12-01T03:24:24.1522053Z",
          "vmSize": "Small",
          "interNodeCommunication": "Disabled",
          "taskSlotsPerNode": 1,
          "taskSchedulingPolicy": {
            "nodeFillType": "Spread"
          },
          "deploymentConfiguration": {
            "cloudServiceConfiguration": {
              "osFamily": "2",
              "osVersion": "*"
            }
          },
          "scaleSettings": {
            "fixedScale": {
              "targetDedicatedNodes": 0,
              "targetLowPriorityNodes": 0,
              "resizeTimeout": "PT15M"
            }
          },
          "startTask": {
            "commandLine": "cmd.exe /c \u0022echo hello world\u0022",
            "resourceFiles": [
              {
                "filePath": "filename.txt",
                "httpUrl": "https://blobsource.com/",
                "identityReference": {
                  "resourceId": "refUserId123"
                }
              }
            ],
            "environmentSettings": [
              {
                "name": "ENV_VAR",
                "value": "env_value"
              }
            ],
            "userIdentity": {
              "autoUser": {
                "scope": "Pool",
                "elevationLevel": "Admin"
              }
            },
            "maxTaskRetryCount": 0,
            "waitForSuccess": true
          },
          "resizeOperationStatus": {
            "targetDedicatedNodes": 0,
            "nodeDeallocationOption": "Requeue",
            "resizeTimeout": "PT15M",
            "startTime": "2022-12-01T03:24:22.715197Z"
          },
          "currentDedicatedNodes": 0,
          "currentLowPriorityNodes": 0
        }
      }
    },
    {
      "RequestUri": "https://management.azure.com/subscriptions/db1ab6f0-4769-4b27-930e-01e2ef9c123c/resourceGroups/testrg-batch1496/providers/Microsoft.Batch/batchAccounts/testaccount9925/pools/Pool-32021?api-version=2022-10-01",
      "RequestMethod": "GET",
      "RequestHeaders": {
        "Accept": "application/json",
        "Authorization": "Sanitized",
        "traceparent": "00-52f21d57f390fa47a0e26ff60606c0d4-9cf6bd2dd223ae4c-00",
        "User-Agent": "azsdk-net-ResourceManager.Batch/1.2.0-alpha.20221201.1 (.NET Framework 4.8.4515.0; Microsoft Windows 10.0.19045 )",
        "x-ms-client-request-id": "02933cf297eae04968b5125291a14572",
        "x-ms-return-client-request-id": "true"
      },
      "RequestBody": null,
      "StatusCode": 404,
      "ResponseHeaders": {
        "Cache-Control": "no-cache",
        "Content-Length": "187",
        "Content-Type": "application/json; charset=utf-8",
        "Date": "Thu, 01 Dec 2022 03:24:25 GMT",
        "Expires": "-1",
        "Pragma": "no-cache",
        "Server": "Microsoft-HTTPAPI/2.0",
        "Strict-Transport-Security": "max-age=31536000; includeSubDomains",
        "X-Content-Type-Options": "nosniff",
        "x-ms-correlation-request-id": "7ced778c-7e5e-4cb3-8aab-db78db5a9072",
        "x-ms-ratelimit-remaining-subscription-reads": "11991",
        "x-ms-request-id": "16e8c42f-5475-439d-9230-c5e929188219",
        "x-ms-routing-request-id": "SOUTHEASTASIA:20221201T032426Z:7ced778c-7e5e-4cb3-8aab-db78db5a9072"
      },
      "ResponseBody": {
        "error": {
          "code": "PoolNotFound",
          "message": "The specified pool does not exist.\nRequestId:16e8c42f-5475-439d-9230-c5e929188219\nTime:2022-12-01T03:24:26.5915314Z",
          "target": "BatchAccount"
        }
      }
    }
  ],
  "Variables": {
    "AZURE_AUTHORITY_HOST": "https://login.microsoftonline.com",
    "RandomSeed": "1930181107",
    "RESOURCE_MANAGER_URL": null,
    "SUBSCRIPTION_ID": "db1ab6f0-4769-4b27-930e-01e2ef9c123c"
  }
}
