{
  "Entries": [
    {
      "RequestUri": "https://management.azure.com/subscriptions/0accec26-d6de-4757-8e74-d080f38eaaab?api-version=2019-11-01",
      "RequestMethod": "GET",
      "RequestHeaders": {
        "Accept": "application/json",
        "Authorization": "Sanitized",
        "User-Agent": [
          "azsdk-net-ResourceManager.Core/1.0.0-alpha.20210623.1",
          "(.NET Core 4.6.29518.01; Microsoft Windows 10.0.19043 )"
        ],
        "x-ms-client-request-id": "f98ef6673f8eba5373d06cc3b630fe56",
        "x-ms-return-client-request-id": "true"
      },
      "RequestBody": null,
      "StatusCode": 200,
      "ResponseHeaders": {
        "Cache-Control": "no-cache",
        "Content-Length": "413",
        "Content-Type": "application/json; charset=utf-8",
        "Date": "Wed, 23 Jun 2021 14:43:01 GMT",
        "Expires": "-1",
        "Pragma": "no-cache",
        "Strict-Transport-Security": "max-age=31536000; includeSubDomains",
        "X-Content-Type-Options": "nosniff",
        "x-ms-correlation-request-id": "c1c0cc4e-bf31-4fb0-b135-a4aa214434e4",
        "x-ms-ratelimit-remaining-subscription-reads": "11998",
        "x-ms-request-id": "c1c0cc4e-bf31-4fb0-b135-a4aa214434e4",
        "x-ms-routing-request-id": "SOUTHEASTASIA:20210623T144301Z:c1c0cc4e-bf31-4fb0-b135-a4aa214434e4"
      },
      "ResponseBody": {
        "id": "/subscriptions/0accec26-d6de-4757-8e74-d080f38eaaab",
        "authorizationSource": "RoleBased",
        "managedByTenants": [],
        "tags": {},
        "subscriptionId": "0accec26-d6de-4757-8e74-d080f38eaaab",
        "tenantId": "72f988bf-86f1-41af-91ab-2d7cd011db47",
        "displayName": "ACR - TEST - China Team",
        "state": "Enabled",
        "subscriptionPolicies": {
          "locationPlacementId": "Internal_2014-09-01",
          "quotaId": "Internal_2014-09-01",
          "spendingLimit": "Off"
        }
      }
    },
    {
      "RequestUri": "https://management.azure.com/subscriptions/0accec26-d6de-4757-8e74-d080f38eaaab/resourcegroups/rg6602?api-version=2019-10-01",
      "RequestMethod": "PUT",
      "RequestHeaders": {
        "Accept": "application/json",
        "Authorization": "Sanitized",
        "Content-Length": "34",
        "Content-Type": "application/json",
        "traceparent": "00-bccba6aeef977d49822e052e7a2a0664-b0509a1d0241904d-00",
        "User-Agent": [
          "azsdk-net-ResourceManager.Core/1.0.0-alpha.20210623.1",
          "(.NET Core 4.6.29518.01; Microsoft Windows 10.0.19043 )"
        ],
        "x-ms-client-request-id": "c73d61736c154e0d6e8debef6677ec64",
        "x-ms-return-client-request-id": "true"
      },
      "RequestBody": {
        "location": "West US 2",
        "tags": {}
      },
      "StatusCode": 201,
      "ResponseHeaders": {
        "Cache-Control": "no-cache",
        "Content-Length": "220",
        "Content-Type": "application/json; charset=utf-8",
        "Date": "Wed, 23 Jun 2021 14:43:03 GMT",
        "Expires": "-1",
        "Pragma": "no-cache",
        "Strict-Transport-Security": "max-age=31536000; includeSubDomains",
        "X-Content-Type-Options": "nosniff",
        "x-ms-correlation-request-id": "2fabe54b-e100-4b36-8671-473219470a7e",
        "x-ms-ratelimit-remaining-subscription-writes": "1199",
        "x-ms-request-id": "2fabe54b-e100-4b36-8671-473219470a7e",
        "x-ms-routing-request-id": "SOUTHEASTASIA:20210623T144304Z:2fabe54b-e100-4b36-8671-473219470a7e"
      },
      "ResponseBody": {
        "id": "/subscriptions/0accec26-d6de-4757-8e74-d080f38eaaab/resourceGroups/rg6602",
        "name": "rg6602",
        "type": "Microsoft.Resources/resourceGroups",
        "location": "westus2",
        "tags": {},
        "properties": {
          "provisioningState": "Succeeded"
        }
      }
    },
    {
      "RequestUri": "https://management.azure.com/subscriptions/0accec26-d6de-4757-8e74-d080f38eaaab/resourceGroups/rg6602/providers/Microsoft.Resources/tags/default?api-version=2019-10-01",
      "RequestMethod": "GET",
      "RequestHeaders": {
        "Accept": "application/json",
        "Authorization": "Sanitized",
        "User-Agent": [
          "azsdk-net-ResourceManager.Core/1.0.0-alpha.20210623.1",
          "(.NET Core 4.6.29518.01; Microsoft Windows 10.0.19043 )"
        ],
        "x-ms-client-request-id": "e3b5c90b548bc3a12ddd6851a75a7b56",
        "x-ms-return-client-request-id": "true"
      },
      "RequestBody": null,
      "StatusCode": 200,
      "ResponseHeaders": {
        "Cache-Control": "no-cache",
        "Content-Length": "201",
        "Content-Type": "application/json; charset=utf-8",
        "Date": "Wed, 23 Jun 2021 14:43:03 GMT",
        "Expires": "-1",
        "Pragma": "no-cache",
        "Strict-Transport-Security": "max-age=31536000; includeSubDomains",
        "X-Content-Type-Options": "nosniff",
        "x-ms-correlation-request-id": "cedf1649-ab5f-45f0-a8a9-96383cff623f",
        "x-ms-ratelimit-remaining-subscription-reads": "11997",
        "x-ms-request-id": "cedf1649-ab5f-45f0-a8a9-96383cff623f",
        "x-ms-routing-request-id": "SOUTHEASTASIA:20210623T144304Z:cedf1649-ab5f-45f0-a8a9-96383cff623f"
      },
      "ResponseBody": {
        "id": "/subscriptions/0accec26-d6de-4757-8e74-d080f38eaaab/resourceGroups/rg6602/providers/Microsoft.Resources/tags/default",
        "name": "default",
        "type": "Microsoft.Resources/tags",
        "properties": {
          "tags": {}
        }
      }
    },
    {
      "RequestUri": "https://management.azure.com/subscriptions/0accec26-d6de-4757-8e74-d080f38eaaab/resourceGroups/rg6602/providers/Microsoft.Resources/tags/default?api-version=2019-10-01",
      "RequestMethod": "PUT",
      "RequestHeaders": {
        "Accept": "application/json",
        "Authorization": "Sanitized",
        "Content-Length": "41",
        "Content-Type": "application/json",
        "User-Agent": [
          "azsdk-net-ResourceManager.Core/1.0.0-alpha.20210623.1",
          "(.NET Core 4.6.29518.01; Microsoft Windows 10.0.19043 )"
        ],
        "x-ms-client-request-id": "2521b4d6ef588a5181aa1fb267cb0c58",
        "x-ms-return-client-request-id": "true"
      },
      "RequestBody": {
        "properties": {
          "tags": {
            "key1": "value1"
          }
        }
      },
      "StatusCode": 200,
      "ResponseHeaders": {
        "Cache-Control": "no-cache",
        "Content-Length": "216",
        "Content-Type": "application/json; charset=utf-8",
        "Date": "Wed, 23 Jun 2021 14:43:04 GMT",
        "Expires": "-1",
        "Pragma": "no-cache",
        "Strict-Transport-Security": "max-age=31536000; includeSubDomains",
        "X-Content-Type-Options": "nosniff",
        "x-ms-correlation-request-id": "a1c93525-6ec4-4ea4-8975-2fdff26bd1ae",
        "x-ms-ratelimit-remaining-subscription-writes": "1198",
        "x-ms-request-id": "a1c93525-6ec4-4ea4-8975-2fdff26bd1ae",
        "x-ms-routing-request-id": "SOUTHEASTASIA:20210623T144304Z:a1c93525-6ec4-4ea4-8975-2fdff26bd1ae"
      },
      "ResponseBody": {
        "id": "/subscriptions/0accec26-d6de-4757-8e74-d080f38eaaab/resourceGroups/rg6602/providers/Microsoft.Resources/tags/default",
        "name": "default",
        "type": "Microsoft.Resources/tags",
        "properties": {
          "tags": {
            "key1": "value1"
          }
        }
      }
    },
    {
      "RequestUri": "https://management.azure.com/subscriptions/0accec26-d6de-4757-8e74-d080f38eaaab/resourcegroups/rg6602?api-version=2019-10-01",
      "RequestMethod": "GET",
      "RequestHeaders": {
        "Accept": "application/json",
        "Authorization": "Sanitized",
        "User-Agent": [
          "azsdk-net-ResourceManager.Core/1.0.0-alpha.20210623.1",
          "(.NET Core 4.6.29518.01; Microsoft Windows 10.0.19043 )"
        ],
        "x-ms-client-request-id": "66ab5e8073491fbdbf7a993804bca614",
        "x-ms-return-client-request-id": "true"
      },
      "RequestBody": null,
      "StatusCode": 200,
      "ResponseHeaders": {
        "Cache-Control": "no-cache",
        "Content-Length": "235",
        "Content-Type": "application/json; charset=utf-8",
        "Date": "Wed, 23 Jun 2021 14:43:04 GMT",
        "Expires": "-1",
        "Pragma": "no-cache",
        "Strict-Transport-Security": "max-age=31536000; includeSubDomains",
        "X-Content-Type-Options": "nosniff",
        "x-ms-correlation-request-id": "e7811543-870f-48b0-8803-af72cfdac0de",
        "x-ms-ratelimit-remaining-subscription-reads": "11996",
        "x-ms-request-id": "e7811543-870f-48b0-8803-af72cfdac0de",
        "x-ms-routing-request-id": "SOUTHEASTASIA:20210623T144304Z:e7811543-870f-48b0-8803-af72cfdac0de"
      },
      "ResponseBody": {
        "id": "/subscriptions/0accec26-d6de-4757-8e74-d080f38eaaab/resourceGroups/rg6602",
        "name": "rg6602",
        "type": "Microsoft.Resources/resourceGroups",
        "location": "westus2",
        "tags": {
          "key1": "value1"
        },
        "properties": {
          "provisioningState": "Succeeded"
        }
      }
    },
    {
      "RequestUri": "https://management.azure.com/subscriptions/0accec26-d6de-4757-8e74-d080f38eaaab/resourceGroups/rg6602/providers/Microsoft.Resources/tags/default?api-version=2019-10-01",
      "RequestMethod": "GET",
      "RequestHeaders": {
        "Accept": "application/json",
        "Authorization": "Sanitized",
        "User-Agent": [
          "azsdk-net-ResourceManager.Core/1.0.0-alpha.20210623.1",
          "(.NET Core 4.6.29518.01; Microsoft Windows 10.0.19043 )"
        ],
        "x-ms-client-request-id": "b2189511c6561b0c782b61e034ee5c61",
        "x-ms-return-client-request-id": "true"
      },
      "RequestBody": null,
      "StatusCode": 200,
      "ResponseHeaders": {
        "Cache-Control": "no-cache",
        "Content-Length": "216",
        "Content-Type": "application/json; charset=utf-8",
        "Date": "Wed, 23 Jun 2021 14:43:04 GMT",
        "Expires": "-1",
        "Pragma": "no-cache",
        "Strict-Transport-Security": "max-age=31536000; includeSubDomains",
        "X-Content-Type-Options": "nosniff",
        "x-ms-correlation-request-id": "02be6dc0-dbfc-415d-b871-d7b268865dc6",
        "x-ms-ratelimit-remaining-subscription-reads": "11995",
        "x-ms-request-id": "02be6dc0-dbfc-415d-b871-d7b268865dc6",
        "x-ms-routing-request-id": "SOUTHEASTASIA:20210623T144304Z:02be6dc0-dbfc-415d-b871-d7b268865dc6"
      },
      "ResponseBody": {
        "id": "/subscriptions/0accec26-d6de-4757-8e74-d080f38eaaab/resourceGroups/rg6602/providers/Microsoft.Resources/tags/default",
        "name": "default",
        "type": "Microsoft.Resources/tags",
        "properties": {
          "tags": {
            "key1": "value1"
          }
        }
      }
    },
    {
      "RequestUri": "https://management.azure.com/subscriptions/0accec26-d6de-4757-8e74-d080f38eaaab/resourceGroups/rg6602/providers/Microsoft.Resources/tags/default?api-version=2019-10-01",
      "RequestMethod": "PUT",
      "RequestHeaders": {
        "Accept": "application/json",
        "Authorization": "Sanitized",
        "Content-Length": "57",
        "Content-Type": "application/json",
        "User-Agent": [
          "azsdk-net-ResourceManager.Core/1.0.0-alpha.20210623.1",
          "(.NET Core 4.6.29518.01; Microsoft Windows 10.0.19043 )"
        ],
        "x-ms-client-request-id": "49d00fd115ae620cf70166dd561986c4",
        "x-ms-return-client-request-id": "true"
      },
      "RequestBody": {
        "properties": {
          "tags": {
            "key1": "value1",
            "key2": "value2"
          }
        }
      },
      "StatusCode": 200,
      "ResponseHeaders": {
        "Cache-Control": "no-cache",
        "Content-Length": "232",
        "Content-Type": "application/json; charset=utf-8",
        "Date": "Wed, 23 Jun 2021 14:43:05 GMT",
        "Expires": "-1",
        "Pragma": "no-cache",
        "Strict-Transport-Security": "max-age=31536000; includeSubDomains",
        "X-Content-Type-Options": "nosniff",
        "x-ms-correlation-request-id": "ed5ab02e-b1b9-48fb-b61c-57a6ce358096",
        "x-ms-ratelimit-remaining-subscription-writes": "1197",
        "x-ms-request-id": "ed5ab02e-b1b9-48fb-b61c-57a6ce358096",
        "x-ms-routing-request-id": "SOUTHEASTASIA:20210623T144305Z:ed5ab02e-b1b9-48fb-b61c-57a6ce358096"
      },
      "ResponseBody": {
        "id": "/subscriptions/0accec26-d6de-4757-8e74-d080f38eaaab/resourceGroups/rg6602/providers/Microsoft.Resources/tags/default",
        "name": "default",
        "type": "Microsoft.Resources/tags",
        "properties": {
          "tags": {
            "key1": "value1",
            "key2": "value2"
          }
        }
      }
    },
    {
      "RequestUri": "https://management.azure.com/subscriptions/0accec26-d6de-4757-8e74-d080f38eaaab/resourcegroups/rg6602?api-version=2019-10-01",
      "RequestMethod": "GET",
      "RequestHeaders": {
        "Accept": "application/json",
        "Authorization": "Sanitized",
        "User-Agent": [
          "azsdk-net-ResourceManager.Core/1.0.0-alpha.20210623.1",
          "(.NET Core 4.6.29518.01; Microsoft Windows 10.0.19043 )"
        ],
        "x-ms-client-request-id": "d1a10b0359b2b9015190ee1e11dcead0",
        "x-ms-return-client-request-id": "true"
      },
      "RequestBody": null,
      "StatusCode": 200,
      "ResponseHeaders": {
        "Cache-Control": "no-cache",
        "Content-Length": "251",
        "Content-Type": "application/json; charset=utf-8",
        "Date": "Wed, 23 Jun 2021 14:43:05 GMT",
        "Expires": "-1",
        "Pragma": "no-cache",
        "Strict-Transport-Security": "max-age=31536000; includeSubDomains",
        "X-Content-Type-Options": "nosniff",
        "x-ms-correlation-request-id": "d814131e-5c86-4a98-b425-f73c502acaa4",
        "x-ms-ratelimit-remaining-subscription-reads": "11994",
        "x-ms-request-id": "d814131e-5c86-4a98-b425-f73c502acaa4",
        "x-ms-routing-request-id": "SOUTHEASTASIA:20210623T144305Z:d814131e-5c86-4a98-b425-f73c502acaa4"
      },
      "ResponseBody": {
        "id": "/subscriptions/0accec26-d6de-4757-8e74-d080f38eaaab/resourceGroups/rg6602",
        "name": "rg6602",
        "type": "Microsoft.Resources/resourceGroups",
        "location": "westus2",
        "tags": {
          "key1": "value1",
          "key2": "value2"
        },
        "properties": {
          "provisioningState": "Succeeded"
        }
      }
    },
    {
      "RequestUri": "https://management.azure.com/subscriptions/0accec26-d6de-4757-8e74-d080f38eaaab/resourceGroups/rg6602/providers/Microsoft.Resources/tags/default?api-version=2019-10-01",
      "RequestMethod": "PATCH",
      "RequestHeaders": {
        "Accept": "application/json",
        "Authorization": "Sanitized",
        "Content-Length": "85",
        "Content-Type": "application/json",
        "User-Agent": [
          "azsdk-net-ResourceManager.Core/1.0.0-alpha.20210623.1",
          "(.NET Core 4.6.29518.01; Microsoft Windows 10.0.19043 )"
        ],
        "x-ms-client-request-id": "f466371e5debfc6588b6bb54602ec55e",
        "x-ms-return-client-request-id": "true"
      },
      "RequestBody": {
        "operation": "Replace",
        "properties": {
          "tags": {
            "key1": "newValue1",
            "newKey2": "value2"
          }
        }
      },
      "StatusCode": 200,
      "ResponseHeaders": {
        "Cache-Control": "no-cache",
        "Content-Length": "238",
        "Content-Type": "application/json; charset=utf-8",
        "Date": "Wed, 23 Jun 2021 14:43:05 GMT",
        "Expires": "-1",
        "Pragma": "no-cache",
        "Strict-Transport-Security": "max-age=31536000; includeSubDomains",
        "X-Content-Type-Options": "nosniff",
        "x-ms-correlation-request-id": "cb907bb8-0be6-4437-98ac-e7b286f1bad5",
        "x-ms-ratelimit-remaining-subscription-writes": "1196",
        "x-ms-request-id": "cb907bb8-0be6-4437-98ac-e7b286f1bad5",
        "x-ms-routing-request-id": "SOUTHEASTASIA:20210623T144306Z:cb907bb8-0be6-4437-98ac-e7b286f1bad5"
      },
      "ResponseBody": {
        "id": "/subscriptions/0accec26-d6de-4757-8e74-d080f38eaaab/resourceGroups/rg6602/providers/Microsoft.Resources/tags/default",
        "name": "default",
        "type": "Microsoft.Resources/tags",
        "properties": {
          "tags": {
            "key1": "newValue1",
            "newKey2": "value2"
          }
        }
      }
    }
  ],
  "Variables": {
    "RandomSeed": "1035475896",
    "SUBSCRIPTION_ID": "0accec26-d6de-4757-8e74-d080f38eaaab"
  }
}