{
  "Entries": [
    {
      "RequestUri": "https://management.azure.com/subscriptions/fc9d0215-3964-4895-8df1-3801ccffb3e2?api-version=2021-01-01",
      "RequestMethod": "GET",
      "RequestHeaders": {
        "Accept": "application/json",
        "Authorization": "Sanitized",
        "traceparent": "00-41f09c06579b681d0e05c28d1a11e19b-6f13b1fb11b5e9d9-00",
        "User-Agent": "azsdk-net-ResourceManager/1.3.1 (.NET 6.0.8; Microsoft Windows 10.0.22000)",
        "x-ms-client-request-id": "5b2e0343405aed688fc9dfaca109c816",
        "x-ms-return-client-request-id": "true"
      },
      "RequestBody": null,
      "StatusCode": 200,
      "ResponseHeaders": {
        "Cache-Control": "no-cache",
        "Content-Length": "395",
        "Content-Type": "application/json; charset=utf-8",
        "Date": "Tue, 06 Sep 2022 20:25:53 GMT",
        "Expires": "-1",
        "Pragma": "no-cache",
        "Strict-Transport-Security": "max-age=31536000; includeSubDomains",
        "X-Content-Type-Options": "nosniff",
        "x-ms-correlation-request-id": "0917f2c8-6b34-4369-9ff5-c1e704628ab0",
        "x-ms-ratelimit-remaining-subscription-reads": "11899",
        "x-ms-request-id": "0917f2c8-6b34-4369-9ff5-c1e704628ab0",
        "x-ms-routing-request-id": "WESTUS2:20220906T202554Z:0917f2c8-6b34-4369-9ff5-c1e704628ab0"
      },
      "ResponseBody": {
        "id": "/subscriptions/fc9d0215-3964-4895-8df1-3801ccffb3e2",
        "authorizationSource": "RoleBased",
        "managedByTenants": [],
        "subscriptionId": "fc9d0215-3964-4895-8df1-3801ccffb3e2",
        "tenantId": "72f988bf-86f1-41af-91ab-2d7cd011db47",
        "displayName": "AMVM-SubLib-006",
        "state": "Enabled",
        "subscriptionPolicies": {
          "locationPlacementId": "Internal_2014-09-01",
          "quotaId": "Internal_2014-09-01",
          "spendingLimit": "Off"
        }
      }
    },
    {
      "RequestUri": "https://management.azure.com/subscriptions/fc9d0215-3964-4895-8df1-3801ccffb3e2/resourcegroups/SDKAutomanage-3324?api-version=2021-04-01",
      "RequestMethod": "PUT",
      "RequestHeaders": {
        "Accept": "application/json",
        "Authorization": "Sanitized",
        "Content-Length": "21",
        "Content-Type": "application/json",
        "traceparent": "00-ed279183efc5cda40cdd8786edfa5dab-b9730a3a7a6a4dc8-00",
        "User-Agent": "azsdk-net-ResourceManager/1.3.1 (.NET 6.0.8; Microsoft Windows 10.0.22000)",
        "x-ms-client-request-id": "d1057e3c76c264e7fbe00b3cf27b6d29",
        "x-ms-return-client-request-id": "true"
      },
      "RequestBody": {
        "location": "eastus"
      },
      "StatusCode": 201,
      "ResponseHeaders": {
        "Cache-Control": "no-cache",
        "Content-Length": "233",
        "Content-Type": "application/json; charset=utf-8",
        "Date": "Tue, 06 Sep 2022 20:25:54 GMT",
        "Expires": "-1",
        "Pragma": "no-cache",
        "Strict-Transport-Security": "max-age=31536000; includeSubDomains",
        "X-Content-Type-Options": "nosniff",
        "x-ms-correlation-request-id": "7f1909d6-118a-458e-a38b-f3bf6a75a178",
        "x-ms-ratelimit-remaining-subscription-writes": "1177",
        "x-ms-request-id": "7f1909d6-118a-458e-a38b-f3bf6a75a178",
        "x-ms-routing-request-id": "WESTUS2:20220906T202555Z:7f1909d6-118a-458e-a38b-f3bf6a75a178"
      },
      "ResponseBody": {
        "id": "/subscriptions/fc9d0215-3964-4895-8df1-3801ccffb3e2/resourceGroups/SDKAutomanage-3324",
        "name": "SDKAutomanage-3324",
        "type": "Microsoft.Resources/resourceGroups",
        "location": "eastus",
        "properties": {
          "provisioningState": "Succeeded"
        }
      }
    },
    {
      "RequestUri": "https://management.azure.com/subscriptions/fc9d0215-3964-4895-8df1-3801ccffb3e2/resourceGroups/SDKAutomanage-3324/providers/Microsoft.Automanage/configurationProfiles/SDKAutomanageProfile-7316?api-version=2022-05-04",
      "RequestMethod": "PUT",
      "RequestHeaders": {
        "Accept": "application/json",
        "Authorization": "Sanitized",
        "Content-Length": "478",
        "Content-Type": "application/json",
        "traceparent": "00-8e87f61c663d34507191877e290c3ce5-66e4f725510a4a5a-00",
        "User-Agent": "azsdk-net-ResourceManager.Automanage/1.0.0-alpha.20220906.1 (.NET 6.0.8; Microsoft Windows 10.0.22000)",
        "x-ms-client-request-id": "b4c1eb3c07e26642fc946adf2aceb6c3",
        "x-ms-return-client-request-id": "true"
      },
      "RequestBody": {
        "properties": {
          "configuration": {
            "Antimalware/Enable": true,
            "Antimalware/EnableRealTimeProtection": true,
            "Antimalware/RunScheduledScan": true,
            "Backup/Enable": true,
            "WindowsAdminCenter/Enable": false,
            "VMInsights/Enable": true,
            "AzureSecurityCenter/Enable": true,
            "UpdateManagement/Enable": true,
            "ChangeTrackingAndInventory/Enable": true,
            "GuestConfiguration/Enable": true,
            "AutomationAccount/Enable": true,
            "LogAnalytics/Enable": true,
            "BootDiagnostics/Enable": true
          }
        },
        "tags": {},
        "location": "eastus"
      },
      "StatusCode": 201,
      "ResponseHeaders": {
        "Cache-Control": "no-cache",
        "Content-Length": "1023",
        "Content-Type": "application/json; charset=utf-8",
        "Date": "Tue, 06 Sep 2022 20:25:55 GMT",
        "Expires": "-1",
        "Location": "/subscriptions/fc9d0215-3964-4895-8df1-3801ccffb3e2/resourceGroups/SDKAutomanage-3324/providers/Microsoft.Automanage/configurationProfiles/SDKAutomanageProfile-7316",
        "Pragma": "no-cache",
        "Request-Context": "appId=cid-v1:a4d240dc-d543-4b4e-a019-0a571290b85d",
        "Server": "Kestrel",
        "Strict-Transport-Security": "max-age=31536000; includeSubDomains",
        "X-Content-Type-Options": "nosniff",
        "x-ms-client-request-id": "b4c1eb3c07e26642fc946adf2aceb6c3",
        "x-ms-correlation-request-id": "6a895b3e-284e-42e4-8fe9-379d1c3fff3d",
        "x-ms-ratelimit-remaining-subscription-writes": "1176",
        "x-ms-request-id": "6a895b3e-284e-42e4-8fe9-379d1c3fff3d",
        "x-ms-routing-request-id": "WESTUS2:20220906T202556Z:6a895b3e-284e-42e4-8fe9-379d1c3fff3d"
      },
      "ResponseBody": {
        "id": "/subscriptions/fc9d0215-3964-4895-8df1-3801ccffb3e2/resourceGroups/SDKAutomanage-3324/providers/Microsoft.Automanage/configurationProfiles/SDKAutomanageProfile-7316",
        "name": "SDKAutomanageProfile-7316",
        "type": "Microsoft.Automanage/configurationProfiles",
        "location": "eastus",
        "tags": {},
        "properties": {
          "configuration": {
            "Antimalware/Enable": true,
            "Antimalware/EnableRealTimeProtection": true,
            "Antimalware/RunScheduledScan": true,
            "Backup/Enable": true,
            "WindowsAdminCenter/Enable": false,
            "VMInsights/Enable": true,
            "AzureSecurityCenter/Enable": true,
            "UpdateManagement/Enable": true,
            "ChangeTrackingAndInventory/Enable": true,
            "GuestConfiguration/Enable": true,
            "AutomationAccount/Enable": true,
            "LogAnalytics/Enable": true,
            "BootDiagnostics/Enable": true
          }
        },
        "systemData": {
          "createdAt": "2022-09-06T20:25:55.597595\u002B00:00",
          "createdBy": "32e0f2f9-e6a2-46c8-8e7d-931c57910f45",
          "createdByType": "Application",
          "lastModifiedAt": "2022-09-06T20:25:55.597595\u002B00:00",
          "lastModifiedBy": "32e0f2f9-e6a2-46c8-8e7d-931c57910f45",
          "lastModifiedByType": "Application"
        }
      }
    },
    {
      "RequestUri": "https://management.azure.com/subscriptions/fc9d0215-3964-4895-8df1-3801ccffb3e2/resourceGroups/SDKAutomanage-3324/providers/Microsoft.Automanage/configurationProfiles/SDKAutomanageProfile-7316?api-version=2022-05-04",
      "RequestMethod": "GET",
      "RequestHeaders": {
        "Accept": "application/json",
        "Authorization": "Sanitized",
        "traceparent": "00-81404064a01ef404c0fde81372935c3c-c56d5cdfce6bc35e-00",
        "User-Agent": "azsdk-net-ResourceManager.Automanage/1.0.0-alpha.20220906.1 (.NET 6.0.8; Microsoft Windows 10.0.22000)",
        "x-ms-client-request-id": "2b4af3ff72efb74073f54587e253d663",
        "x-ms-return-client-request-id": "true"
      },
      "RequestBody": null,
      "StatusCode": 200,
      "ResponseHeaders": {
        "Cache-Control": "no-cache",
        "Content-Length": "1023",
        "Content-Type": "application/json; charset=utf-8",
        "Date": "Tue, 06 Sep 2022 20:25:55 GMT",
        "Expires": "-1",
        "Pragma": "no-cache",
        "Request-Context": "appId=cid-v1:a4d240dc-d543-4b4e-a019-0a571290b85d",
        "Server": "Kestrel",
        "Strict-Transport-Security": "max-age=31536000; includeSubDomains",
        "X-Content-Type-Options": "nosniff",
        "x-ms-client-request-id": "2b4af3ff72efb74073f54587e253d663",
        "x-ms-correlation-request-id": "cf262d2b-2d17-4234-b379-f7b391e4c507",
        "x-ms-ratelimit-remaining-subscription-reads": "11898",
        "x-ms-request-id": "cf262d2b-2d17-4234-b379-f7b391e4c507",
        "x-ms-routing-request-id": "WESTUS2:20220906T202556Z:cf262d2b-2d17-4234-b379-f7b391e4c507"
      },
      "ResponseBody": {
        "id": "/subscriptions/fc9d0215-3964-4895-8df1-3801ccffb3e2/resourceGroups/SDKAutomanage-3324/providers/Microsoft.Automanage/configurationProfiles/SDKAutomanageProfile-7316",
        "name": "SDKAutomanageProfile-7316",
        "type": "Microsoft.Automanage/configurationProfiles",
        "location": "eastus",
        "tags": {},
        "properties": {
          "configuration": {
            "Antimalware/Enable": true,
            "Antimalware/EnableRealTimeProtection": true,
            "Antimalware/RunScheduledScan": true,
            "Backup/Enable": true,
            "WindowsAdminCenter/Enable": false,
            "VMInsights/Enable": true,
            "AzureSecurityCenter/Enable": true,
            "UpdateManagement/Enable": true,
            "ChangeTrackingAndInventory/Enable": true,
            "GuestConfiguration/Enable": true,
            "AutomationAccount/Enable": true,
            "LogAnalytics/Enable": true,
            "BootDiagnostics/Enable": true
          }
        },
        "systemData": {
          "createdAt": "2022-09-06T20:25:55.597595\u002B00:00",
          "createdBy": "32e0f2f9-e6a2-46c8-8e7d-931c57910f45",
          "createdByType": "Application",
          "lastModifiedAt": "2022-09-06T20:25:55.597595\u002B00:00",
          "lastModifiedBy": "32e0f2f9-e6a2-46c8-8e7d-931c57910f45",
          "lastModifiedByType": "Application"
        }
      }
    },
    {
      "RequestUri": "https://management.azure.com/subscriptions/fc9d0215-3964-4895-8df1-3801ccffb3e2/resourceGroups/SDKAutomanage-3324/providers/Microsoft.Automanage/configurationProfiles/SDKAutomanageProfile-7316?api-version=2022-05-04",
      "RequestMethod": "DELETE",
      "RequestHeaders": {
        "Accept": "application/json",
        "Authorization": "Sanitized",
        "traceparent": "00-afd9a62c8e89aea17c33577d955f7ea6-80f6d8619ca44fa4-00",
        "User-Agent": "azsdk-net-ResourceManager.Automanage/1.0.0-alpha.20220906.1 (.NET 6.0.8; Microsoft Windows 10.0.22000)",
        "x-ms-client-request-id": "dccd773f355535713c9ed42e0c07392c",
        "x-ms-return-client-request-id": "true"
      },
      "RequestBody": null,
      "StatusCode": 200,
      "ResponseHeaders": {
        "Cache-Control": "no-cache",
        "Content-Length": "0",
        "Date": "Tue, 06 Sep 2022 20:25:56 GMT",
        "Expires": "-1",
        "Pragma": "no-cache",
        "Request-Context": "appId=cid-v1:a4d240dc-d543-4b4e-a019-0a571290b85d",
        "Server": "Kestrel",
        "Strict-Transport-Security": "max-age=31536000; includeSubDomains",
        "X-Content-Type-Options": "nosniff",
        "x-ms-client-request-id": "dccd773f355535713c9ed42e0c07392c",
        "x-ms-correlation-request-id": "a52335d4-de46-4c3b-993e-3e07e0253d6f",
        "x-ms-ratelimit-remaining-subscription-deletes": "14999",
        "x-ms-request-id": "a52335d4-de46-4c3b-993e-3e07e0253d6f",
        "x-ms-routing-request-id": "WESTUS2:20220906T202557Z:a52335d4-de46-4c3b-993e-3e07e0253d6f"
      },
      "ResponseBody": null
    },
    {
      "RequestUri": "https://management.azure.com/subscriptions/fc9d0215-3964-4895-8df1-3801ccffb3e2/resourceGroups/SDKAutomanage-3324/providers/Microsoft.Automanage/configurationProfiles/SDKAutomanageProfile-7316?api-version=2022-05-04",
      "RequestMethod": "GET",
      "RequestHeaders": {
        "Accept": "application/json",
        "Authorization": "Sanitized",
        "traceparent": "00-0f622a41aeaf88b46cf87a12b4123329-87e77656f07dd541-00",
        "User-Agent": "azsdk-net-ResourceManager.Automanage/1.0.0-alpha.20220906.1 (.NET 6.0.8; Microsoft Windows 10.0.22000)",
        "x-ms-client-request-id": "ff3c482a4231c93aab0940edc2ba84a9",
        "x-ms-return-client-request-id": "true"
      },
      "RequestBody": null,
      "StatusCode": 404,
      "ResponseHeaders": {
        "Cache-Control": "no-cache",
        "Content-Length": "258",
        "Content-Type": "application/json; charset=utf-8",
        "Date": "Tue, 06 Sep 2022 20:25:56 GMT",
        "Expires": "-1",
        "Pragma": "no-cache",
        "Strict-Transport-Security": "max-age=31536000; includeSubDomains",
        "X-Content-Type-Options": "nosniff",
        "x-ms-correlation-request-id": "dc4325b4-ed22-482e-a003-e1169159064d",
        "x-ms-failure-cause": "gateway",
        "x-ms-request-id": "dc4325b4-ed22-482e-a003-e1169159064d",
        "x-ms-routing-request-id": "WESTUS2:20220906T202557Z:dc4325b4-ed22-482e-a003-e1169159064d"
      },
      "ResponseBody": {
        "error": {
          "code": "ResourceNotFound",
          "message": "The Resource \u0027Microsoft.Automanage/configurationProfiles/SDKAutomanageProfile-7316\u0027 under resource group \u0027SDKAutomanage-3324\u0027 was not found. For more details please go to https://aka.ms/ARMResourceNotFoundFix"
        }
      }
    }
  ],
  "Variables": {
    "AZURE_AUTHORITY_HOST": "https://login.microsoftonline.com/",
    "RandomSeed": "1698803817",
    "RESOURCE_MANAGER_URL": "https://management.azure.com/",
    "SUBSCRIPTION_ID": "fc9d0215-3964-4895-8df1-3801ccffb3e2"
  }
}
