{
  "Entries": [
    {
      "RequestUri": "https://management.azure.com/subscriptions/d0efb362-cb15-4021-9b3b-8c107b937d4c?api-version=2021-01-01",
      "RequestMethod": "GET",
      "RequestHeaders": {
        "Accept": "application/json",
        "Authorization": "Sanitized",
        "traceparent": "00-37bff7ba70346cd639b50fdf93fd250d-eee819b019937014-00",
        "User-Agent": "azsdk-net-ResourceManager/1.3.1 (.NET 6.0.9; Microsoft Windows 10.0.22621)",
        "x-ms-client-request-id": "36e214ba8f116303cb443eff2126aa0e",
        "x-ms-return-client-request-id": "true"
      },
      "RequestBody": null,
      "StatusCode": 200,
      "ResponseHeaders": {
        "Cache-Control": "no-cache",
        "Content-Length": "395",
        "Content-Type": "application/json; charset=utf-8",
        "Date": "Thu, 29 Sep 2022 18:06:24 GMT",
        "Expires": "-1",
        "Pragma": "no-cache",
        "Strict-Transport-Security": "max-age=31536000; includeSubDomains",
        "X-Content-Type-Options": "nosniff",
        "x-ms-correlation-request-id": "80be4a04-d882-4877-a9dc-6a4feb18a1e7",
        "x-ms-ratelimit-remaining-subscription-reads": "11916",
        "x-ms-request-id": "80be4a04-d882-4877-a9dc-6a4feb18a1e7",
        "x-ms-routing-request-id": "WESTUS2:20220929T180625Z:80be4a04-d882-4877-a9dc-6a4feb18a1e7"
      },
      "ResponseBody": {
        "id": "/subscriptions/d0efb362-cb15-4021-9b3b-8c107b937d4c",
        "authorizationSource": "RoleBased",
        "managedByTenants": [],
        "subscriptionId": "d0efb362-cb15-4021-9b3b-8c107b937d4c",
        "tenantId": "72f988bf-86f1-41af-91ab-2d7cd011db47",
        "displayName": "AMVM-SubLib-019",
        "state": "Enabled",
        "subscriptionPolicies": {
          "locationPlacementId": "Internal_2014-09-01",
          "quotaId": "Internal_2014-09-01",
          "spendingLimit": "Off"
        }
      }
    },
    {
      "RequestUri": "https://management.azure.com/subscriptions/d0efb362-cb15-4021-9b3b-8c107b937d4c/resourcegroups/SDKAutomanage-1816?api-version=**",
      "RequestMethod": "PUT",
      "RequestHeaders": {
        "Accept": "application/json",
        "Authorization": "Sanitized",
        "Content-Length": "21",
        "Content-Type": "application/json",
        "traceparent": "00-e88d4c66affab3c23b7fbbf2f8836fdc-75521aa99f570916-00",
        "User-Agent": "azsdk-net-ResourceManager/1.3.1 (.NET 6.0.9; Microsoft Windows 10.0.22621)",
        "x-ms-client-request-id": "eebc37d038c30169d4c7360703060c19",
        "x-ms-return-client-request-id": "true"
      },
      "RequestBody": {
        "location": "eastus"
      },
      "StatusCode": 201,
      "ResponseHeaders": {
        "Cache-Control": "no-cache",
        "Content-Length": "233",
        "Content-Type": "application/json; charset=utf-8",
        "Date": "Thu, 29 Sep 2022 18:06:25 GMT",
        "Expires": "-1",
        "Pragma": "no-cache",
        "Strict-Transport-Security": "max-age=31536000; includeSubDomains",
        "X-Content-Type-Options": "nosniff",
        "x-ms-correlation-request-id": "1ca2aed5-2c2b-47f8-9640-672c6ccb1652",
        "x-ms-ratelimit-remaining-subscription-writes": "1176",
        "x-ms-request-id": "1ca2aed5-2c2b-47f8-9640-672c6ccb1652",
        "x-ms-routing-request-id": "WESTUS2:20220929T180626Z:1ca2aed5-2c2b-47f8-9640-672c6ccb1652"
      },
      "ResponseBody": {
        "id": "/subscriptions/d0efb362-cb15-4021-9b3b-8c107b937d4c/resourceGroups/SDKAutomanage-1816",
        "name": "SDKAutomanage-1816",
        "type": "Microsoft.Resources/resourceGroups",
        "location": "eastus",
        "properties": {
          "provisioningState": "Succeeded"
        }
      }
    },
    {
      "RequestUri": "https://management.azure.com/subscriptions/d0efb362-cb15-4021-9b3b-8c107b937d4c/resourceGroups/SDKAutomanage-1816/providers/Microsoft.Automanage/configurationProfiles/SDKAutomanageProfile-854?api-version=2022-05-04",
      "RequestMethod": "PUT",
      "RequestHeaders": {
        "Accept": "application/json",
        "Authorization": "Sanitized",
        "Content-Length": "478",
        "Content-Type": "application/json",
        "traceparent": "00-497a2a010e7e5282cca2e291bebd004b-dc4cc8f441120e27-00",
        "User-Agent": "azsdk-net-ResourceManager.Automanage/1.0.0-alpha.20220929.1 (.NET 6.0.9; Microsoft Windows 10.0.22621)",
        "x-ms-client-request-id": "ef6749d65c0e7058cb36fd82a31f74f2",
        "x-ms-return-client-request-id": "true"
      },
      "RequestBody": {
        "properties": {
          "configuration": {
            "Antimalware/Enable": true,
            "Antimalware/EnableRealTimeProtection": true,
            "Antimalware/RunScheduledScan": true,
            "Backup/Enable": true,
            "WindowsAdminCenter/Enable": false,
            "VMInsights/Enable": true,
            "AzureSecurityCenter/Enable": true,
            "UpdateManagement/Enable": true,
            "ChangeTrackingAndInventory/Enable": true,
            "GuestConfiguration/Enable": true,
            "AutomationAccount/Enable": true,
            "LogAnalytics/Enable": true,
            "BootDiagnostics/Enable": true
          }
        },
        "tags": {},
        "location": "eastus"
      },
      "StatusCode": 201,
      "ResponseHeaders": {
        "Cache-Control": "no-cache",
        "Content-Length": "1023",
        "Content-Type": "application/json; charset=utf-8",
        "Date": "Thu, 29 Sep 2022 18:06:26 GMT",
        "Expires": "-1",
        "Location": "/subscriptions/d0efb362-cb15-4021-9b3b-8c107b937d4c/resourceGroups/SDKAutomanage-1816/providers/Microsoft.Automanage/configurationProfiles/SDKAutomanageProfile-854",
        "Pragma": "no-cache",
        "Request-Context": "appId=cid-v1:a4d240dc-d543-4b4e-a019-0a571290b85d",
        "Server": "Kestrel",
        "Strict-Transport-Security": "max-age=31536000; includeSubDomains",
        "X-Content-Type-Options": "nosniff",
        "x-ms-client-request-id": "ef6749d65c0e7058cb36fd82a31f74f2",
        "x-ms-correlation-request-id": "dd6f325c-63e4-4dc3-a091-e7a02b7c7d67",
        "x-ms-ratelimit-remaining-subscription-writes": "1175",
        "x-ms-request-id": "dd6f325c-63e4-4dc3-a091-e7a02b7c7d67",
        "x-ms-routing-request-id": "WESTUS2:20220929T180627Z:dd6f325c-63e4-4dc3-a091-e7a02b7c7d67"
      },
      "ResponseBody": {
        "id": "/subscriptions/d0efb362-cb15-4021-9b3b-8c107b937d4c/resourceGroups/SDKAutomanage-1816/providers/Microsoft.Automanage/configurationProfiles/SDKAutomanageProfile-854",
        "name": "SDKAutomanageProfile-854",
        "type": "Microsoft.Automanage/configurationProfiles",
        "location": "eastus",
        "tags": {},
        "properties": {
          "configuration": {
            "Antimalware/Enable": true,
            "Antimalware/EnableRealTimeProtection": true,
            "Antimalware/RunScheduledScan": true,
            "Backup/Enable": true,
            "WindowsAdminCenter/Enable": false,
            "VMInsights/Enable": true,
            "AzureSecurityCenter/Enable": true,
            "UpdateManagement/Enable": true,
            "ChangeTrackingAndInventory/Enable": true,
            "GuestConfiguration/Enable": true,
            "AutomationAccount/Enable": true,
            "LogAnalytics/Enable": true,
            "BootDiagnostics/Enable": true
          }
        },
        "systemData": {
          "createdAt": "2022-09-29T18:06:26.8966268\u002B00:00",
          "createdBy": "fe8c00ac-251c-4142-8d76-6e653ab21919",
          "createdByType": "Application",
          "lastModifiedAt": "2022-09-29T18:06:26.8966268\u002B00:00",
          "lastModifiedBy": "fe8c00ac-251c-4142-8d76-6e653ab21919",
          "lastModifiedByType": "Application"
        }
      }
    },
    {
      "RequestUri": "https://management.azure.com/subscriptions/d0efb362-cb15-4021-9b3b-8c107b937d4c/resourceGroups/SDKAutomanage-1816/providers/Microsoft.Automanage/configurationProfiles/SDKAutomanageProfile-854?api-version=2022-05-04",
      "RequestMethod": "GET",
      "RequestHeaders": {
        "Accept": "application/json",
        "Authorization": "Sanitized",
        "traceparent": "00-20d20f55b8e3aefa1fe0f005f0d51285-3b32a28a6341f0d7-00",
        "User-Agent": "azsdk-net-ResourceManager.Automanage/1.0.0-alpha.20220929.1 (.NET 6.0.9; Microsoft Windows 10.0.22621)",
        "x-ms-client-request-id": "1a185204cc80a950cd0fbb3c2cc44037",
        "x-ms-return-client-request-id": "true"
      },
      "RequestBody": null,
      "StatusCode": 200,
      "ResponseHeaders": {
        "Cache-Control": "no-cache",
        "Content-Length": "1023",
        "Content-Type": "application/json; charset=utf-8",
        "Date": "Thu, 29 Sep 2022 18:06:26 GMT",
        "Expires": "-1",
        "Pragma": "no-cache",
        "Request-Context": "appId=cid-v1:a4d240dc-d543-4b4e-a019-0a571290b85d",
        "Server": "Kestrel",
        "Strict-Transport-Security": "max-age=31536000; includeSubDomains",
        "X-Content-Type-Options": "nosniff",
        "x-ms-client-request-id": "1a185204cc80a950cd0fbb3c2cc44037",
        "x-ms-correlation-request-id": "393f3ce4-71ce-4b0d-b262-642f728f1451",
        "x-ms-ratelimit-remaining-subscription-reads": "11915",
        "x-ms-request-id": "393f3ce4-71ce-4b0d-b262-642f728f1451",
        "x-ms-routing-request-id": "WESTUS2:20220929T180627Z:393f3ce4-71ce-4b0d-b262-642f728f1451"
      },
      "ResponseBody": {
        "id": "/subscriptions/d0efb362-cb15-4021-9b3b-8c107b937d4c/resourceGroups/SDKAutomanage-1816/providers/Microsoft.Automanage/configurationProfiles/SDKAutomanageProfile-854",
        "name": "SDKAutomanageProfile-854",
        "type": "Microsoft.Automanage/configurationProfiles",
        "location": "eastus",
        "tags": {},
        "properties": {
          "configuration": {
            "Antimalware/Enable": true,
            "Antimalware/EnableRealTimeProtection": true,
            "Antimalware/RunScheduledScan": true,
            "Backup/Enable": true,
            "WindowsAdminCenter/Enable": false,
            "VMInsights/Enable": true,
            "AzureSecurityCenter/Enable": true,
            "UpdateManagement/Enable": true,
            "ChangeTrackingAndInventory/Enable": true,
            "GuestConfiguration/Enable": true,
            "AutomationAccount/Enable": true,
            "LogAnalytics/Enable": true,
            "BootDiagnostics/Enable": true
          }
        },
        "systemData": {
          "createdAt": "2022-09-29T18:06:26.8966268\u002B00:00",
          "createdBy": "fe8c00ac-251c-4142-8d76-6e653ab21919",
          "createdByType": "Application",
          "lastModifiedAt": "2022-09-29T18:06:26.8966268\u002B00:00",
          "lastModifiedBy": "fe8c00ac-251c-4142-8d76-6e653ab21919",
          "lastModifiedByType": "Application"
        }
      }
    }
  ],
  "Variables": {
    "AZURE_AUTHORITY_HOST": "https://login.microsoftonline.com/",
    "RandomSeed": "1671328945",
    "RESOURCE_MANAGER_URL": "https://management.azure.com/",
    "SUBSCRIPTION_ID": "d0efb362-cb15-4021-9b3b-8c107b937d4c"
  }
}
