{
  "Entries": [
    {
      "RequestUri": "/subscriptions/3c2a4c80-e594-46eb-b923-98fd98d50155/providers/Microsoft.Subscriptions.Admin/offers?api-version=2015-11-01",
      "EncodedRequestUri": "L3N1YnNjcmlwdGlvbnMvM2MyYTRjODAtZTU5NC00NmViLWI5MjMtOThmZDk4ZDUwMTU1L3Byb3ZpZGVycy9NaWNyb3NvZnQuU3Vic2NyaXB0aW9ucy5BZG1pbi9vZmZlcnM/YXBpLXZlcnNpb249MjAxNS0xMS0wMQ==",
      "RequestMethod": "GET",
      "RequestBody": "",
      "RequestHeaders": {
        "x-ms-client-request-id": [
          "9d30a510-1c89-4e9f-a40c-ab9925e444fa"
        ],
        "accept-language": [
          "en-US"
        ],
        "User-Agent": [
          "FxVersion/4.6.26201.01",
          "Microsoft.AzureStack.Management.Subscriptions.Admin.SubscriptionsAdminClient/0.1.0.0"
        ]
      },
      "ResponseBody": "{\r\n  \"value\": [\r\n    {\r\n      \"id\": \"/subscriptions/3c2a4c80-e594-46eb-b923-98fd98d50155/resourceGroups/planoffer/providers/Microsoft.Subscriptions.Admin/offers/offersub\",\r\n      \"name\": \"offersub\",\r\n      \"type\": \"Microsoft.Subscriptions.Admin/offers\",\r\n      \"location\": \"redmond\",\r\n      \"properties\": {\r\n        \"name\": \"offersub\",\r\n        \"displayName\": \"offersub\",\r\n        \"description\": \"\",\r\n        \"externalReferenceId\": \"\",\r\n        \"state\": \"Public\",\r\n        \"subscriptionCount\": 4,\r\n        \"maxSubscriptionsPerAccount\": 0,\r\n        \"basePlanIds\": [\r\n          \"/subscriptions/3c2a4c80-e594-46eb-b923-98fd98d50155/resourceGroups/planoffer/providers/Microsoft.Subscriptions.Admin/plans/plansub\"\r\n        ],\r\n        \"addonPlans\": []\r\n      }\r\n    },\r\n    {\r\n      \"id\": \"/subscriptions/3c2a4c80-e594-46eb-b923-98fd98d50155/resourceGroups/offerdel-rg/providers/Microsoft.Subscriptions.Admin/offers/offerdel\",\r\n      \"name\": \"offerdel\",\r\n      \"type\": \"Microsoft.Subscriptions.Admin/offers\",\r\n      \"location\": \"redmond\",\r\n      \"properties\": {\r\n        \"name\": \"offerdel\",\r\n        \"displayName\": \"offerdel\",\r\n        \"description\": \"\",\r\n        \"externalReferenceId\": \"\",\r\n        \"state\": \"Public\",\r\n        \"subscriptionCount\": 0,\r\n        \"maxSubscriptionsPerAccount\": 0,\r\n        \"basePlanIds\": [\r\n          \"/subscriptions/3c2a4c80-e594-46eb-b923-98fd98d50155/resourceGroups/offerdel-rg/providers/Microsoft.Subscriptions.Admin/plans/planb\"\r\n        ],\r\n        \"addonPlans\": []\r\n      }\r\n    }\r\n  ]\r\n}",
      "ResponseHeaders": {
        "Content-Length": [
          "1137"
        ],
        "Content-Type": [
          "application/json; charset=utf-8"
        ],
        "Expires": [
          "-1"
        ],
        "Cache-Control": [
          "no-cache"
        ],
        "Date": [
          "Tue, 10 Apr 2018 18:02:11 GMT"
        ],
        "Pragma": [
          "no-cache"
        ],
        "x-ms-ratelimit-remaining-subscription-reads": [
          "14811"
        ],
        "x-ms-request-id": [
          "7d5237f0-4870-4d43-ad2b-fe26c6f48399"
        ],
        "x-ms-correlation-request-id": [
          "7d5237f0-4870-4d43-ad2b-fe26c6f48399"
        ],
        "x-ms-routing-request-id": [
          "REDMOND:20180410T180211Z:7d5237f0-4870-4d43-ad2b-fe26c6f48399"
        ],
        "Strict-Transport-Security": [
          "max-age=31536000; includeSubDomains"
        ],
        "X-Content-Type-Options": [
          "nosniff"
        ]
      },
      "StatusCode": 200
    },
    {
      "RequestUri": "/subscriptions/3c2a4c80-e594-46eb-b923-98fd98d50155/providers/Microsoft.Subscriptions.Admin/subscriptions?$filter=providerNamespace%20eq%20'Microsoft.Subscriptions'&api-version=2015-11-01",
      "EncodedRequestUri": "L3N1YnNjcmlwdGlvbnMvM2MyYTRjODAtZTU5NC00NmViLWI5MjMtOThmZDk4ZDUwMTU1L3Byb3ZpZGVycy9NaWNyb3NvZnQuU3Vic2NyaXB0aW9ucy5BZG1pbi9zdWJzY3JpcHRpb25zPyRmaWx0ZXI9cHJvdmlkZXJOYW1lc3BhY2UlMjBlcSUyMCdNaWNyb3NvZnQuU3Vic2NyaXB0aW9ucycmYXBpLXZlcnNpb249MjAxNS0xMS0wMQ==",
      "RequestMethod": "GET",
      "RequestBody": "",
      "RequestHeaders": {
        "x-ms-client-request-id": [
          "57b3cc80-d486-4d08-b5b3-4ce544ad99ea"
        ],
        "accept-language": [
          "en-US"
        ],
        "User-Agent": [
          "FxVersion/4.6.26201.01",
          "Microsoft.AzureStack.Management.Subscriptions.Admin.SubscriptionsAdminClient/0.1.0.0"
        ]
      },
      "ResponseBody": "{\r\n  \"value\": [\r\n    {\r\n      \"id\": \"/subscriptions/3c2a4c80-e594-46eb-b923-98fd98d50155/providers/Microsoft.Subscriptions.Admin/subscriptions/00aedb65-a937-4345-9d8f-8ea86361e3ad\",\r\n      \"subscriptionId\": \"00aedb65-a937-4345-9d8f-8ea86361e3ad\",\r\n      \"delegatedProviderSubscriptionId\": \"3c2a4c80-e594-46eb-b923-98fd98d50155\",\r\n      \"displayName\": \"updated del name 222\",\r\n      \"owner\": \"tenantadmin1@msazurestack.onmicrosoft.com\",\r\n      \"tenantId\": \"76440dfb-c97c-4fee-8f6c-dff8ddbe816f\",\r\n      \"routingResourceManagerType\": \"Default\",\r\n      \"offerId\": \"/subscriptions/3c2a4c80-e594-46eb-b923-98fd98d50155/resourceGroups/planoffer/providers/Microsoft.Subscriptions.Admin/offers/offersub\",\r\n      \"state\": \"Enabled\"\r\n    },\r\n    {\r\n      \"id\": \"/subscriptions/3c2a4c80-e594-46eb-b923-98fd98d50155/providers/Microsoft.Subscriptions.Admin/subscriptions/2f7b2bb9-3e98-41b1-9f3a-aeecb63e0266\",\r\n      \"subscriptionId\": \"2f7b2bb9-3e98-41b1-9f3a-aeecb63e0266\",\r\n      \"delegatedProviderSubscriptionId\": \"3c2a4c80-e594-46eb-b923-98fd98d50155\",\r\n      \"displayName\": \"pssub1\",\r\n      \"owner\": \"ciserviceadmin@msazurestack.onmicrosoft.com\",\r\n      \"tenantId\": \"76440dfb-c97c-4fee-8f6c-dff8ddbe816f\",\r\n      \"routingResourceManagerType\": \"Default\",\r\n      \"offerId\": \"/subscriptions/3c2a4c80-e594-46eb-b923-98fd98d50155/resourceGroups/planoffer/providers/Microsoft.Subscriptions.Admin/offers/offersub\",\r\n      \"state\": \"Enabled\"\r\n    },\r\n    {\r\n      \"id\": \"/subscriptions/3c2a4c80-e594-46eb-b923-98fd98d50155/providers/Microsoft.Subscriptions.Admin/subscriptions/8f3bb5ac-cfc3-49f8-9f4e-57386dce5152\",\r\n      \"subscriptionId\": \"8f3bb5ac-cfc3-49f8-9f4e-57386dce5152\",\r\n      \"delegatedProviderSubscriptionId\": \"3c2a4c80-e594-46eb-b923-98fd98d50155\",\r\n      \"displayName\": \"pssub2-2\",\r\n      \"owner\": \"ciserviceadmin@msazurestack.onmicrosoft.com\",\r\n      \"tenantId\": \"76440dfb-c97c-4fee-8f6c-dff8ddbe816f\",\r\n      \"routingResourceManagerType\": \"Default\",\r\n      \"offerId\": \"/subscriptions/3c2a4c80-e594-46eb-b923-98fd98d50155/resourceGroups/planoffer/providers/Microsoft.Subscriptions.Admin/offers/offersub\",\r\n      \"state\": \"Enabled\"\r\n    },\r\n    {\r\n      \"id\": \"/subscriptions/3c2a4c80-e594-46eb-b923-98fd98d50155/providers/Microsoft.Subscriptions.Admin/subscriptions/5726af45-76ac-4bc0-a7d3-6ff1da8be4de\",\r\n      \"subscriptionId\": \"5726af45-76ac-4bc0-a7d3-6ff1da8be4de\",\r\n      \"delegatedProviderSubscriptionId\": \"3c2a4c80-e594-46eb-b923-98fd98d50155\",\r\n      \"displayName\": \"pssub5-1\",\r\n      \"owner\": \"tenantadmin1@msazurestack.onmicrosoft.com\",\r\n      \"tenantId\": \"76440dfb-c97c-4fee-8f6c-dff8ddbe816f\",\r\n      \"routingResourceManagerType\": \"Default\",\r\n      \"offerId\": \"/subscriptions/3c2a4c80-e594-46eb-b923-98fd98d50155/resourceGroups/planoffer/providers/Microsoft.Subscriptions.Admin/offers/offersub\",\r\n      \"state\": \"Enabled\"\r\n    }\r\n  ]\r\n}",
      "ResponseHeaders": {
        "Content-Length": [
          "2465"
        ],
        "Content-Type": [
          "application/json; charset=utf-8"
        ],
        "Expires": [
          "-1"
        ],
        "Cache-Control": [
          "no-cache"
        ],
        "Date": [
          "Tue, 10 Apr 2018 18:02:11 GMT"
        ],
        "Pragma": [
          "no-cache"
        ],
        "x-ms-ratelimit-remaining-subscription-reads": [
          "14810"
        ],
        "x-ms-request-id": [
          "bb782c59-b18f-4640-b84a-35e2c80901fc"
        ],
        "x-ms-correlation-request-id": [
          "bb782c59-b18f-4640-b84a-35e2c80901fc"
        ],
        "x-ms-routing-request-id": [
          "REDMOND:20180410T180211Z:bb782c59-b18f-4640-b84a-35e2c80901fc"
        ],
        "Strict-Transport-Security": [
          "max-age=31536000; includeSubDomains"
        ],
        "X-Content-Type-Options": [
          "nosniff"
        ]
      },
      "StatusCode": 200
    },
    {
      "RequestUri": "/subscriptions/3c2a4c80-e594-46eb-b923-98fd98d50155/resourcegroups/offerdel-rg/providers/Microsoft.Subscriptions.Admin/offers/offerdel/offerDelegations/testOfferDelegation?api-version=2015-11-01",
      "EncodedRequestUri": "L3N1YnNjcmlwdGlvbnMvM2MyYTRjODAtZTU5NC00NmViLWI5MjMtOThmZDk4ZDUwMTU1L3Jlc291cmNlZ3JvdXBzL29mZmVyZGVsLXJnL3Byb3ZpZGVycy9NaWNyb3NvZnQuU3Vic2NyaXB0aW9ucy5BZG1pbi9vZmZlcnMvb2ZmZXJkZWwvb2ZmZXJEZWxlZ2F0aW9ucy90ZXN0T2ZmZXJEZWxlZ2F0aW9uP2FwaS12ZXJzaW9uPTIwMTUtMTEtMDE=",
      "RequestMethod": "PUT",
      "RequestBody": "{\r\n  \"properties\": {\r\n    \"subscriptionId\": \"00aedb65-a937-4345-9d8f-8ea86361e3ad\"\r\n  },\r\n  \"location\": \"local\"\r\n}",
      "RequestHeaders": {
        "Content-Type": [
          "application/json; charset=utf-8"
        ],
        "Content-Length": [
          "114"
        ],
        "x-ms-client-request-id": [
          "87b11e63-0ef5-4d82-9b7b-3ecd42ef5817"
        ],
        "accept-language": [
          "en-US"
        ],
        "User-Agent": [
          "FxVersion/4.6.26201.01",
          "Microsoft.AzureStack.Management.Subscriptions.Admin.SubscriptionsAdminClient/0.1.0.0"
        ]
      },
      "ResponseBody": "{\r\n  \"id\": \"/subscriptions/3c2a4c80-e594-46eb-b923-98fd98d50155/resourceGroups/offerdel-rg/providers/Microsoft.Subscriptions.Admin/offers/offerdel/offerDelegations/testOfferDelegation\",\r\n  \"name\": \"offerdel/testOfferDelegation\",\r\n  \"type\": \"Microsoft.Subscriptions.Admin/offers/offerDelegations\",\r\n  \"location\": \"redmond\",\r\n  \"properties\": {\r\n    \"subscriptionId\": \"00aedb65-a937-4345-9d8f-8ea86361e3ad\"\r\n  }\r\n}",
      "ResponseHeaders": {
        "Content-Length": [
          "373"
        ],
        "Content-Type": [
          "application/json; charset=utf-8"
        ],
        "Expires": [
          "-1"
        ],
        "Cache-Control": [
          "no-cache"
        ],
        "Date": [
          "Tue, 10 Apr 2018 18:02:11 GMT"
        ],
        "Pragma": [
          "no-cache"
        ],
        "x-ms-ratelimit-remaining-subscription-writes": [
          "1184"
        ],
        "x-ms-request-id": [
          "50433ea3-4d82-4166-bf62-cfdf2701a7bf"
        ],
        "x-ms-correlation-request-id": [
          "50433ea3-4d82-4166-bf62-cfdf2701a7bf"
        ],
        "x-ms-routing-request-id": [
          "REDMOND:20180410T180211Z:50433ea3-4d82-4166-bf62-cfdf2701a7bf"
        ],
        "Strict-Transport-Security": [
          "max-age=31536000; includeSubDomains"
        ],
        "X-Content-Type-Options": [
          "nosniff"
        ]
      },
      "StatusCode": 201
    },
    {
      "RequestUri": "/subscriptions/3c2a4c80-e594-46eb-b923-98fd98d50155/resourcegroups/offerdel-rg/providers/Microsoft.Subscriptions.Admin/offers/offerdel/offerDelegations/testOfferDelegation?api-version=2015-11-01",
      "EncodedRequestUri": "L3N1YnNjcmlwdGlvbnMvM2MyYTRjODAtZTU5NC00NmViLWI5MjMtOThmZDk4ZDUwMTU1L3Jlc291cmNlZ3JvdXBzL29mZmVyZGVsLXJnL3Byb3ZpZGVycy9NaWNyb3NvZnQuU3Vic2NyaXB0aW9ucy5BZG1pbi9vZmZlcnMvb2ZmZXJkZWwvb2ZmZXJEZWxlZ2F0aW9ucy90ZXN0T2ZmZXJEZWxlZ2F0aW9uP2FwaS12ZXJzaW9uPTIwMTUtMTEtMDE=",
      "RequestMethod": "GET",
      "RequestBody": "",
      "RequestHeaders": {
        "x-ms-client-request-id": [
          "1f84c026-01e5-4d02-b72a-b4f6b37ed88a"
        ],
        "accept-language": [
          "en-US"
        ],
        "User-Agent": [
          "FxVersion/4.6.26201.01",
          "Microsoft.AzureStack.Management.Subscriptions.Admin.SubscriptionsAdminClient/0.1.0.0"
        ]
      },
      "ResponseBody": "{\r\n  \"id\": \"/subscriptions/3c2a4c80-e594-46eb-b923-98fd98d50155/resourceGroups/offerdel-rg/providers/Microsoft.Subscriptions.Admin/offers/offerdel/offerDelegations/testOfferDelegation\",\r\n  \"name\": \"offerdel/testOfferDelegation\",\r\n  \"type\": \"Microsoft.Subscriptions.Admin/offers/offerDelegations\",\r\n  \"location\": \"redmond\",\r\n  \"properties\": {\r\n    \"subscriptionId\": \"00aedb65-a937-4345-9d8f-8ea86361e3ad\"\r\n  }\r\n}",
      "ResponseHeaders": {
        "Content-Length": [
          "373"
        ],
        "Content-Type": [
          "application/json; charset=utf-8"
        ],
        "Expires": [
          "-1"
        ],
        "Cache-Control": [
          "no-cache"
        ],
        "Date": [
          "Tue, 10 Apr 2018 18:02:11 GMT"
        ],
        "Pragma": [
          "no-cache"
        ],
        "x-ms-ratelimit-remaining-subscription-reads": [
          "14809"
        ],
        "x-ms-request-id": [
          "68a66dc3-df6b-4391-abbe-ee06a3aa9136"
        ],
        "x-ms-correlation-request-id": [
          "68a66dc3-df6b-4391-abbe-ee06a3aa9136"
        ],
        "x-ms-routing-request-id": [
          "REDMOND:20180410T180211Z:68a66dc3-df6b-4391-abbe-ee06a3aa9136"
        ],
        "Strict-Transport-Security": [
          "max-age=31536000; includeSubDomains"
        ],
        "X-Content-Type-Options": [
          "nosniff"
        ]
      },
      "StatusCode": 200
    },
    {
      "RequestUri": "/subscriptions/3c2a4c80-e594-46eb-b923-98fd98d50155/resourcegroups/offerdel-rg/providers/Microsoft.Subscriptions.Admin/offers/offerdel/offerDelegations/testOfferDelegation?api-version=2015-11-01",
      "EncodedRequestUri": "L3N1YnNjcmlwdGlvbnMvM2MyYTRjODAtZTU5NC00NmViLWI5MjMtOThmZDk4ZDUwMTU1L3Jlc291cmNlZ3JvdXBzL29mZmVyZGVsLXJnL3Byb3ZpZGVycy9NaWNyb3NvZnQuU3Vic2NyaXB0aW9ucy5BZG1pbi9vZmZlcnMvb2ZmZXJkZWwvb2ZmZXJEZWxlZ2F0aW9ucy90ZXN0T2ZmZXJEZWxlZ2F0aW9uP2FwaS12ZXJzaW9uPTIwMTUtMTEtMDE=",
      "RequestMethod": "DELETE",
      "RequestBody": "",
      "RequestHeaders": {
        "x-ms-client-request-id": [
          "c8b013cf-b3b2-4299-b489-0c67c31c9459"
        ],
        "accept-language": [
          "en-US"
        ],
        "User-Agent": [
          "FxVersion/4.6.26201.01",
          "Microsoft.AzureStack.Management.Subscriptions.Admin.SubscriptionsAdminClient/0.1.0.0"
        ]
      },
      "ResponseBody": "",
      "ResponseHeaders": {
        "Content-Length": [
          "0"
        ],
        "Expires": [
          "-1"
        ],
        "Cache-Control": [
          "no-cache"
        ],
        "Date": [
          "Tue, 10 Apr 2018 18:02:11 GMT"
        ],
        "Pragma": [
          "no-cache"
        ],
        "x-ms-ratelimit-remaining-subscription-writes": [
          "1183"
        ],
        "x-ms-request-id": [
          "32e190a5-d549-4337-baa0-2586e233aef2"
        ],
        "x-ms-correlation-request-id": [
          "32e190a5-d549-4337-baa0-2586e233aef2"
        ],
        "x-ms-routing-request-id": [
          "REDMOND:20180410T180211Z:32e190a5-d549-4337-baa0-2586e233aef2"
        ],
        "Strict-Transport-Security": [
          "max-age=31536000; includeSubDomains"
        ],
        "X-Content-Type-Options": [
          "nosniff"
        ]
      },
      "StatusCode": 200
    }
  ],
  "Names": {},
  "Variables": {
    "SubscriptionId": "3c2a4c80-e594-46eb-b923-98fd98d50155"
  }
}