{
  "Entries": [
    {
      "RequestUri": "https://jaschrepragrs.blob.core.windows.net/test-container-d948678f-7a95-7ba3-5893-ab7581fd44aa?restype=container",
      "RequestMethod": "PUT",
      "RequestHeaders": {
        "Accept": "application/xml",
        "Authorization": "Sanitized",
        "Content-Length": "0",
        "traceparent": "00-399677f72f055d40935a8ef7576bd0cc-71ecdc45d181914c-00",
        "User-Agent": "azsdk-net-Storage.Blobs/12.12.0-alpha.20220504.1 (.NET Framework 4.8.4470.0; Microsoft Windows 10.0.22000 )",
        "x-ms-blob-public-access": "container",
        "x-ms-client-request-id": "c44a7732-00c3-5637-cb71-a740800429d3",
        "x-ms-date": "Mon, 09 May 2022 21:50:11 GMT",
        "x-ms-return-client-request-id": "true",
        "x-ms-version": "2021-06-08"
      },
      "RequestBody": null,
      "StatusCode": 201,
      "ResponseHeaders": {
        "Content-Length": "0",
        "Date": "Mon, 09 May 2022 21:50:10 GMT",
        "ETag": "\u00220x8DA3205E48211A7\u0022",
        "Last-Modified": "Mon, 09 May 2022 21:50:11 GMT",
        "Server": [
          "Windows-Azure-Blob/1.0",
          "Microsoft-HTTPAPI/2.0"
        ],
        "x-ms-client-request-id": "c44a7732-00c3-5637-cb71-a740800429d3",
        "x-ms-request-id": "be4fbcac-301e-0060-31ee-63a589000000",
        "x-ms-version": "2021-06-08"
      },
      "ResponseBody": null
    },
    {
      "RequestUri": "https://jaschrepragrs.blob.core.windows.net/test-container-d948678f-7a95-7ba3-5893-ab7581fd44aa/test-blob-09790884-a48b-a180-f5f7-9ccea1cc31b3",
      "RequestMethod": "PUT",
      "RequestHeaders": {
        "Accept": "application/xml",
        "Authorization": "Sanitized",
        "Content-Length": "0",
        "traceparent": "00-8e6fcc0c7fbe46438730c7348e365657-dc163d9f0e88fe4a-00",
        "User-Agent": "azsdk-net-Storage.Blobs/12.12.0-alpha.20220504.1 (.NET Framework 4.8.4470.0; Microsoft Windows 10.0.22000 )",
        "x-ms-blob-type": "AppendBlob",
        "x-ms-client-request-id": "0bdd52e4-defa-c0f0-9a2e-64800e85b435",
        "x-ms-date": "Mon, 09 May 2022 21:50:12 GMT",
        "x-ms-return-client-request-id": "true",
        "x-ms-version": "2021-06-08"
      },
      "RequestBody": null,
      "StatusCode": 201,
      "ResponseHeaders": {
        "Content-Length": "0",
        "Date": "Mon, 09 May 2022 21:50:10 GMT",
        "ETag": "\u00220x8DA3205E49245C6\u0022",
        "Last-Modified": "Mon, 09 May 2022 21:50:11 GMT",
        "Server": [
          "Windows-Azure-Blob/1.0",
          "Microsoft-HTTPAPI/2.0"
        ],
        "x-ms-client-request-id": "0bdd52e4-defa-c0f0-9a2e-64800e85b435",
        "x-ms-request-id": "be4fbd09-301e-0060-05ee-63a589000000",
        "x-ms-request-server-encrypted": "true",
        "x-ms-version": "2021-06-08",
        "x-ms-version-id": "2022-05-09T21:50:11.7363142Z"
      },
      "ResponseBody": null
    },
    {
      "RequestUri": "https://jaschrepragrs.blob.core.windows.net/test-container-d948678f-7a95-7ba3-5893-ab7581fd44aa?restype=container",
      "RequestMethod": "DELETE",
      "RequestHeaders": {
        "Accept": "application/xml",
        "Authorization": "Sanitized",
        "traceparent": "00-1e0e7128a5edb749babda2c4fd7756bd-df1f63436f3e2a40-00",
        "User-Agent": "azsdk-net-Storage.Blobs/12.12.0-alpha.20220504.1 (.NET Framework 4.8.4470.0; Microsoft Windows 10.0.22000 )",
        "x-ms-client-request-id": "4fe98a66-25ef-30b9-73e4-32229129e4bc",
        "x-ms-date": "Mon, 09 May 2022 21:50:12 GMT",
        "x-ms-return-client-request-id": "true",
        "x-ms-version": "2021-06-08"
      },
      "RequestBody": null,
      "StatusCode": 202,
      "ResponseHeaders": {
        "Content-Length": "0",
        "Date": "Mon, 09 May 2022 21:50:11 GMT",
        "Server": [
          "Windows-Azure-Blob/1.0",
          "Microsoft-HTTPAPI/2.0"
        ],
        "x-ms-client-request-id": "4fe98a66-25ef-30b9-73e4-32229129e4bc",
        "x-ms-request-id": "be4fbd52-301e-0060-47ee-63a589000000",
        "x-ms-version": "2021-06-08"
      },
      "ResponseBody": null
    }
  ],
  "Variables": {
    "RandomSeed": "500078381",
    "Storage_TestConfigDefault": "ProductionTenant\njaschrepragrs\nU2FuaXRpemVk\nhttps://jaschrepragrs.blob.core.windows.net\nhttps://jaschrepragrs.file.core.windows.net\nhttps://jaschrepragrs.queue.core.windows.net\nhttps://jaschrepragrs.table.core.windows.net\n\n\n\n\nhttps://jaschrepragrs-secondary.blob.core.windows.net\nhttps://jaschrepragrs-secondary.file.core.windows.net\nhttps://jaschrepragrs-secondary.queue.core.windows.net\nhttps://jaschrepragrs-secondary.table.core.windows.net\n\nSanitized\n\n\nCloud\nBlobEndpoint=https://jaschrepragrs.blob.core.windows.net/;QueueEndpoint=https://jaschrepragrs.queue.core.windows.net/;FileEndpoint=https://jaschrepragrs.file.core.windows.net/;BlobSecondaryEndpoint=https://jaschrepragrs-secondary.blob.core.windows.net/;QueueSecondaryEndpoint=https://jaschrepragrs-secondary.queue.core.windows.net/;FileSecondaryEndpoint=https://jaschrepragrs-secondary.file.core.windows.net/;AccountName=jaschrepragrs;AccountKey=Sanitized\n[encryption scope]\n\n"
  }
}
