{
  "Entries": [
    {
      "RequestUri": "/subscriptions/80d4fe69-c95b-4dd2-a938-9250f1c8ab03/resourceGroups/flowrg/providers/Microsoft.Logic/integrationAccounts?api-version=2019-05-01",
      "EncodedRequestUri": "L3N1YnNjcmlwdGlvbnMvODBkNGZlNjktYzk1Yi00ZGQyLWE5MzgtOTI1MGYxYzhhYjAzL3Jlc291cmNlR3JvdXBzL2Zsb3dyZy9wcm92aWRlcnMvTWljcm9zb2Z0LkxvZ2ljL2ludGVncmF0aW9uQWNjb3VudHM/YXBpLXZlcnNpb249MjAxOS0wNS0wMQ==",
      "RequestMethod": "GET",
      "RequestBody": "",
      "RequestHeaders": {
        "x-ms-client-request-id": [
          "3a1e9e50-fc6f-42bd-a783-a40d6bb3ce6c"
        ],
        "Accept-Language": [
          "en-US"
        ],
        "User-Agent": [
          "FxVersion/4.6.28207.04",
          "OSName/Windows",
          "OSVersion/Microsoft.Windows.10.0.18363.",
          "Microsoft.Azure.Management.Logic.LogicManagementClient/4.1.0.0"
        ]
      },
      "ResponseHeaders": {
        "Cache-Control": [
          "no-cache"
        ],
        "Pragma": [
          "no-cache"
        ],
        "x-ms-ratelimit-remaining-subscription-reads": [
          "11997"
        ],
        "x-ms-request-id": [
          "9203c7fc-46fb-4d03-abed-c620a189d9a2"
        ],
        "x-ms-correlation-request-id": [
          "9203c7fc-46fb-4d03-abed-c620a189d9a2"
        ],
        "x-ms-routing-request-id": [
          "WESTUS:20191219T091737Z:9203c7fc-46fb-4d03-abed-c620a189d9a2"
        ],
        "Strict-Transport-Security": [
          "max-age=31536000; includeSubDomains"
        ],
        "X-Content-Type-Options": [
          "nosniff"
        ],
        "Date": [
          "Thu, 19 Dec 2019 09:17:37 GMT"
        ],
        "Content-Type": [
          "application/json; charset=utf-8"
        ],
        "Expires": [
          "-1"
        ],
        "Content-Length": [
          "12"
        ]
      },
      "ResponseBody": "{\r\n  \"value\": []\r\n}",
      "StatusCode": 200
    },
    {
      "RequestUri": "/subscriptions/80d4fe69-c95b-4dd2-a938-9250f1c8ab03/resourceGroups/flowrg/providers/Microsoft.Logic/workflows?api-version=2019-05-01",
      "EncodedRequestUri": "L3N1YnNjcmlwdGlvbnMvODBkNGZlNjktYzk1Yi00ZGQyLWE5MzgtOTI1MGYxYzhhYjAzL3Jlc291cmNlR3JvdXBzL2Zsb3dyZy9wcm92aWRlcnMvTWljcm9zb2Z0LkxvZ2ljL3dvcmtmbG93cz9hcGktdmVyc2lvbj0yMDE5LTA1LTAx",
      "RequestMethod": "GET",
      "RequestBody": "",
      "RequestHeaders": {
        "x-ms-client-request-id": [
          "b6265e67-cff6-49a4-8402-dfa68d0e1ea4"
        ],
        "Accept-Language": [
          "en-US"
        ],
        "User-Agent": [
          "FxVersion/4.6.28207.04",
          "OSName/Windows",
          "OSVersion/Microsoft.Windows.10.0.18363.",
          "Microsoft.Azure.Management.Logic.LogicManagementClient/4.1.0.0"
        ]
      },
      "ResponseHeaders": {
        "Cache-Control": [
          "no-cache"
        ],
        "Pragma": [
          "no-cache"
        ],
        "x-ms-ratelimit-remaining-subscription-resource-requests": [
          "19999"
        ],
        "x-ms-request-id": [
          "2f0664b7-095a-40c2-aa60-25947b62497f"
        ],
        "x-ms-correlation-request-id": [
          "2f0664b7-095a-40c2-aa60-25947b62497f"
        ],
        "x-ms-routing-request-id": [
          "WESTUS:20191219T091737Z:2f0664b7-095a-40c2-aa60-25947b62497f"
        ],
        "Strict-Transport-Security": [
          "max-age=31536000; includeSubDomains"
        ],
        "X-Content-Type-Options": [
          "nosniff"
        ],
        "Date": [
          "Thu, 19 Dec 2019 09:17:37 GMT"
        ],
        "Content-Type": [
          "application/json; charset=utf-8"
        ],
        "Expires": [
          "-1"
        ],
        "Content-Length": [
          "12"
        ]
      },
      "ResponseBody": "{\r\n  \"value\": []\r\n}",
      "StatusCode": 200
    },
    {
      "RequestUri": "/subscriptions/80d4fe69-c95b-4dd2-a938-9250f1c8ab03/resourceGroups/flowrg/providers/Microsoft.Logic/integrationAccounts/IntegrationAccount659?api-version=2019-05-01",
      "EncodedRequestUri": "L3N1YnNjcmlwdGlvbnMvODBkNGZlNjktYzk1Yi00ZGQyLWE5MzgtOTI1MGYxYzhhYjAzL3Jlc291cmNlR3JvdXBzL2Zsb3dyZy9wcm92aWRlcnMvTWljcm9zb2Z0LkxvZ2ljL2ludGVncmF0aW9uQWNjb3VudHMvSW50ZWdyYXRpb25BY2NvdW50NjU5P2FwaS12ZXJzaW9uPTIwMTktMDUtMDE=",
      "RequestMethod": "PUT",
      "RequestBody": "{\r\n  \"properties\": {},\r\n  \"sku\": {\r\n    \"name\": \"Standard\"\r\n  },\r\n  \"location\": \"westus\"\r\n}",
      "RequestHeaders": {
        "x-ms-client-request-id": [
          "0c5754aa-59b7-458c-a4d3-1d995bfb2984"
        ],
        "Accept-Language": [
          "en-US"
        ],
        "User-Agent": [
          "FxVersion/4.6.28207.04",
          "OSName/Windows",
          "OSVersion/Microsoft.Windows.10.0.18363.",
          "Microsoft.Azure.Management.Logic.LogicManagementClient/4.1.0.0"
        ],
        "Content-Type": [
          "application/json; charset=utf-8"
        ],
        "Content-Length": [
          "91"
        ]
      },
      "ResponseHeaders": {
        "Cache-Control": [
          "no-cache"
        ],
        "Pragma": [
          "no-cache"
        ],
        "x-ms-request-id": [
          "westus:f7eb8c7f-b955-48e3-97a6-27f42bea14c3"
        ],
        "Strict-Transport-Security": [
          "max-age=31536000; includeSubDomains"
        ],
        "x-ms-ratelimit-remaining-subscription-writes": [
          "1199"
        ],
        "x-ms-correlation-request-id": [
          "c24f6cdc-9e9e-456a-8865-72aab240c612"
        ],
        "x-ms-routing-request-id": [
          "WESTUS:20191219T091738Z:c24f6cdc-9e9e-456a-8865-72aab240c612"
        ],
        "X-Content-Type-Options": [
          "nosniff"
        ],
        "Date": [
          "Thu, 19 Dec 2019 09:17:38 GMT"
        ],
        "Content-Length": [
          "305"
        ],
        "Content-Type": [
          "application/json; charset=utf-8"
        ],
        "Expires": [
          "-1"
        ]
      },
      "ResponseBody": "{\r\n  \"properties\": {\r\n    \"state\": \"Enabled\"\r\n  },\r\n  \"sku\": {\r\n    \"name\": \"Standard\"\r\n  },\r\n  \"id\": \"/subscriptions/80d4fe69-c95b-4dd2-a938-9250f1c8ab03/resourceGroups/flowrg/providers/Microsoft.Logic/integrationAccounts/IntegrationAccount659\",\r\n  \"name\": \"IntegrationAccount659\",\r\n  \"type\": \"Microsoft.Logic/integrationAccounts\",\r\n  \"location\": \"westus\"\r\n}",
      "StatusCode": 201
    },
    {
      "RequestUri": "/subscriptions/80d4fe69-c95b-4dd2-a938-9250f1c8ab03/resourceGroups/flowrg/providers/Microsoft.Logic/integrationAccounts/IntegrationAccount659/sessions/IntegrationAccountSession9836?api-version=2019-05-01",
      "EncodedRequestUri": "L3N1YnNjcmlwdGlvbnMvODBkNGZlNjktYzk1Yi00ZGQyLWE5MzgtOTI1MGYxYzhhYjAzL3Jlc291cmNlR3JvdXBzL2Zsb3dyZy9wcm92aWRlcnMvTWljcm9zb2Z0LkxvZ2ljL2ludGVncmF0aW9uQWNjb3VudHMvSW50ZWdyYXRpb25BY2NvdW50NjU5L3Nlc3Npb25zL0ludGVncmF0aW9uQWNjb3VudFNlc3Npb245ODM2P2FwaS12ZXJzaW9uPTIwMTktMDUtMDE=",
      "RequestMethod": "PUT",
      "RequestBody": "{\r\n  \"properties\": {\r\n    \"content\": \"456\"\r\n  },\r\n  \"location\": \"westus\"\r\n}",
      "RequestHeaders": {
        "x-ms-client-request-id": [
          "fa63b918-4064-48ab-8b56-4de24c1b9aef"
        ],
        "Accept-Language": [
          "en-US"
        ],
        "User-Agent": [
          "FxVersion/4.6.28207.04",
          "OSName/Windows",
          "OSVersion/Microsoft.Windows.10.0.18363.",
          "Microsoft.Azure.Management.Logic.LogicManagementClient/4.1.0.0"
        ],
        "Content-Type": [
          "application/json; charset=utf-8"
        ],
        "Content-Length": [
          "75"
        ]
      },
      "ResponseHeaders": {
        "Cache-Control": [
          "no-cache"
        ],
        "Pragma": [
          "no-cache"
        ],
        "ETag": [
          "\"08586248598270730592\""
        ],
        "x-ms-request-id": [
          "westus:6fb788d6-930f-4c54-abba-c5afb306153c"
        ],
        "Strict-Transport-Security": [
          "max-age=31536000; includeSubDomains"
        ],
        "x-ms-ratelimit-remaining-subscription-writes": [
          "1198"
        ],
        "x-ms-correlation-request-id": [
          "50d064b4-b8aa-41f9-bd4b-e40ff5dd43eb"
        ],
        "x-ms-routing-request-id": [
          "WESTUS:20191219T091738Z:50d064b4-b8aa-41f9-bd4b-e40ff5dd43eb"
        ],
        "X-Content-Type-Options": [
          "nosniff"
        ],
        "Date": [
          "Thu, 19 Dec 2019 09:17:38 GMT"
        ],
        "Content-Length": [
          "437"
        ],
        "Content-Type": [
          "application/json; charset=utf-8"
        ],
        "Expires": [
          "-1"
        ]
      },
      "ResponseBody": "{\r\n  \"properties\": {\r\n    \"createdTime\": \"2019-12-19T09:17:38.4045134Z\",\r\n    \"changedTime\": \"2019-12-19T09:17:38.4045134Z\",\r\n    \"content\": \"456\"\r\n  },\r\n  \"id\": \"/subscriptions/80d4fe69-c95b-4dd2-a938-9250f1c8ab03/resourceGroups/flowrg/providers/Microsoft.Logic/integrationAccounts/IntegrationAccount659/sessions/IntegrationAccountSession9836\",\r\n  \"name\": \"IntegrationAccountSession9836\",\r\n  \"type\": \"Microsoft.Logic/integrationAccounts/sessions\",\r\n  \"etag\": \"\\\"08586248598270730592\\\"\"\r\n}",
      "StatusCode": 201
    },
    {
      "RequestUri": "/subscriptions/80d4fe69-c95b-4dd2-a938-9250f1c8ab03/resourceGroups/flowrg/providers/Microsoft.Logic/integrationAccounts/IntegrationAccount659?api-version=2019-05-01",
      "EncodedRequestUri": "L3N1YnNjcmlwdGlvbnMvODBkNGZlNjktYzk1Yi00ZGQyLWE5MzgtOTI1MGYxYzhhYjAzL3Jlc291cmNlR3JvdXBzL2Zsb3dyZy9wcm92aWRlcnMvTWljcm9zb2Z0LkxvZ2ljL2ludGVncmF0aW9uQWNjb3VudHMvSW50ZWdyYXRpb25BY2NvdW50NjU5P2FwaS12ZXJzaW9uPTIwMTktMDUtMDE=",
      "RequestMethod": "DELETE",
      "RequestBody": "",
      "RequestHeaders": {
        "x-ms-client-request-id": [
          "2a704609-4eea-47a8-97c3-a6de5ffc024b"
        ],
        "Accept-Language": [
          "en-US"
        ],
        "User-Agent": [
          "FxVersion/4.6.28207.04",
          "OSName/Windows",
          "OSVersion/Microsoft.Windows.10.0.18363.",
          "Microsoft.Azure.Management.Logic.LogicManagementClient/4.1.0.0"
        ]
      },
      "ResponseHeaders": {
        "Cache-Control": [
          "no-cache"
        ],
        "Pragma": [
          "no-cache"
        ],
        "x-ms-request-id": [
          "westus:c5b29398-c3d4-459d-8eca-1865ead4255a"
        ],
        "Strict-Transport-Security": [
          "max-age=31536000; includeSubDomains"
        ],
        "x-ms-ratelimit-remaining-subscription-deletes": [
          "14999"
        ],
        "x-ms-correlation-request-id": [
          "7b852a95-cfb6-4cd5-a8b3-641abdbbe09f"
        ],
        "x-ms-routing-request-id": [
          "WESTUS:20191219T091738Z:7b852a95-cfb6-4cd5-a8b3-641abdbbe09f"
        ],
        "X-Content-Type-Options": [
          "nosniff"
        ],
        "Date": [
          "Thu, 19 Dec 2019 09:17:38 GMT"
        ],
        "Expires": [
          "-1"
        ],
        "Content-Length": [
          "0"
        ]
      },
      "ResponseBody": "",
      "StatusCode": 200
    },
    {
      "RequestUri": "/subscriptions/80d4fe69-c95b-4dd2-a938-9250f1c8ab03/resourceGroups/flowrg/providers/Microsoft.Logic/integrationAccounts/IntegrationAccount659/sessions/IntegrationAccountSession9836?api-version=2019-05-01",
      "EncodedRequestUri": "L3N1YnNjcmlwdGlvbnMvODBkNGZlNjktYzk1Yi00ZGQyLWE5MzgtOTI1MGYxYzhhYjAzL3Jlc291cmNlR3JvdXBzL2Zsb3dyZy9wcm92aWRlcnMvTWljcm9zb2Z0LkxvZ2ljL2ludGVncmF0aW9uQWNjb3VudHMvSW50ZWdyYXRpb25BY2NvdW50NjU5L3Nlc3Npb25zL0ludGVncmF0aW9uQWNjb3VudFNlc3Npb245ODM2P2FwaS12ZXJzaW9uPTIwMTktMDUtMDE=",
      "RequestMethod": "GET",
      "RequestBody": "",
      "RequestHeaders": {
        "x-ms-client-request-id": [
          "3503c34b-fe2b-4a50-bc2d-7977982b13d7"
        ],
        "Accept-Language": [
          "en-US"
        ],
        "User-Agent": [
          "FxVersion/4.6.28207.04",
          "OSName/Windows",
          "OSVersion/Microsoft.Windows.10.0.18363.",
          "Microsoft.Azure.Management.Logic.LogicManagementClient/4.1.0.0"
        ]
      },
      "ResponseHeaders": {
        "Cache-Control": [
          "no-cache"
        ],
        "Pragma": [
          "no-cache"
        ],
        "x-ms-failure-cause": [
          "gateway"
        ],
        "x-ms-request-id": [
          "65571f23-ed98-4aaa-adcd-50dd7dffd78f"
        ],
        "x-ms-correlation-request-id": [
          "65571f23-ed98-4aaa-adcd-50dd7dffd78f"
        ],
        "x-ms-routing-request-id": [
          "WESTUS:20191219T091738Z:65571f23-ed98-4aaa-adcd-50dd7dffd78f"
        ],
        "Strict-Transport-Security": [
          "max-age=31536000; includeSubDomains"
        ],
        "X-Content-Type-Options": [
          "nosniff"
        ],
        "Date": [
          "Thu, 19 Dec 2019 09:17:38 GMT"
        ],
        "Content-Type": [
          "application/json; charset=utf-8"
        ],
        "Expires": [
          "-1"
        ],
        "Content-Length": [
          "167"
        ]
      },
      "ResponseBody": "{\r\n  \"error\": {\r\n    \"code\": \"ResourceNotFound\",\r\n    \"message\": \"The Resource 'Microsoft.Logic/integrationAccounts/IntegrationAccount659' under resource group 'flowrg' was not found.\"\r\n  }\r\n}",
      "StatusCode": 404
    }
  ],
  "Names": {
    "IntegrationAccountSessions_DeleteWhenDeleteIntegrationAccount_OK": [
      "IntegrationAccount659",
      "IntegrationAccountSession9836"
    ]
  },
  "Variables": {
    "SubscriptionId": "80d4fe69-c95b-4dd2-a938-9250f1c8ab03"
  }
}