{
  "Entries": [
    {
      "RequestUri": "/luis/api/v2.0/apps/86226c53-b7a6-416f-876b-226b2b5ab07b/versions/0.1/prebuilts",
      "EncodedRequestUri": "L2x1aXMvYXBpL3YyLjAvYXBwcy84NjIyNmM1My1iN2E2LTQxNmYtODc2Yi0yMjZiMmI1YWIwN2IvdmVyc2lvbnMvMC4xL3ByZWJ1aWx0cw==",
      "RequestMethod": "POST",
      "RequestBody": "[\r\n  \"number\"\r\n]",
      "RequestHeaders": {
        "Content-Type": [
          "application/json; charset=utf-8"
        ],
        "Content-Length": [
          "16"
        ],
        "Ocp-Apim-Subscription-Key": [
          "00000000000000000000000000000000"
        ],
        "User-Agent": [
          "FxVersion/4.6.25815.04",
          "Microsoft.Azure.CognitiveServices.Language.LUIS.Programmatic.LuisProgrammaticAPI/0.0.0.0"
        ]
      },
      "ResponseBody": "[\r\n  {\r\n    \"id\": \"b2ccad31-0279-472d-8380-fcc4ee3d2c37\",\r\n    \"name\": \"number\",\r\n    \"typeId\": 2,\r\n    \"readableType\": \"Prebuilt Entity Extractor\"\r\n  }\r\n]",
      "ResponseHeaders": {
        "Content-Length": [
          "117"
        ],
        "Content-Type": [
          "application/json; charset=utf-8"
        ],
        "Cache-Control": [
          "no-store, proxy-revalidate, no-cache, max-age=0, private"
        ],
        "Date": [
          "Thu, 14 Dec 2017 19:44:36 GMT"
        ],
        "Pragma": [
          "no-cache"
        ],
        "Apim-Request-Id": [
          "ad1ccf49-bcfc-4e39-9434-6e96109c4d6a"
        ],
        "Request-Id": [
          "ad1ccf49-bcfc-4e39-9434-6e96109c4d6a"
        ],
        "Request-Context": [
          "appId=cid-v1:26a3540d-a02a-4998-a060-715488fd769b"
        ],
        "X-Content-Type-Options": [
          "nosniff"
        ],
        "X-Frame-Options": [
          "SAMEORIGIN"
        ],
        "X-Powered-By": [
          "ASP.NET"
        ],
        "Strict-Transport-Security": [
          "max-age=31536000; includeSubDomains; preload"
        ]
      },
      "StatusCode": 201
    },
    {
      "RequestUri": "/luis/api/v2.0/apps/86226c53-b7a6-416f-876b-226b2b5ab07b/versions/0.1/prebuilts?skip=0&take=100",
      "EncodedRequestUri": "L2x1aXMvYXBpL3YyLjAvYXBwcy84NjIyNmM1My1iN2E2LTQxNmYtODc2Yi0yMjZiMmI1YWIwN2IvdmVyc2lvbnMvMC4xL3ByZWJ1aWx0cz9za2lwPTAmdGFrZT0xMDA=",
      "RequestMethod": "GET",
      "RequestBody": "",
      "RequestHeaders": {
        "Ocp-Apim-Subscription-Key": [
          "00000000000000000000000000000000"
        ],
        "User-Agent": [
          "FxVersion/4.6.25815.04",
          "Microsoft.Azure.CognitiveServices.Language.LUIS.Programmatic.LuisProgrammaticAPI/0.0.0.0"
        ]
      },
      "ResponseBody": "[\r\n  {\r\n    \"id\": \"e221132c-d612-4a6d-a7fe-769ebd8d6b00\",\r\n    \"name\": \"datetime\",\r\n    \"typeId\": 2,\r\n    \"readableType\": \"Prebuilt Entity Extractor\"\r\n  },\r\n  {\r\n    \"id\": \"b2ccad31-0279-472d-8380-fcc4ee3d2c37\",\r\n    \"name\": \"number\",\r\n    \"typeId\": 2,\r\n    \"readableType\": \"Prebuilt Entity Extractor\"\r\n  }\r\n]",
      "ResponseHeaders": {
        "Content-Length": [
          "235"
        ],
        "Content-Type": [
          "application/json; charset=utf-8"
        ],
        "Cache-Control": [
          "no-store, proxy-revalidate, no-cache, max-age=0, private"
        ],
        "Date": [
          "Thu, 14 Dec 2017 19:44:36 GMT"
        ],
        "Pragma": [
          "no-cache"
        ],
        "Apim-Request-Id": [
          "08320463-b3f2-47c0-bbf9-37100ce90b35"
        ],
        "Request-Id": [
          "08320463-b3f2-47c0-bbf9-37100ce90b35"
        ],
        "Request-Context": [
          "appId=cid-v1:26a3540d-a02a-4998-a060-715488fd769b"
        ],
        "X-Content-Type-Options": [
          "nosniff"
        ],
        "X-Frame-Options": [
          "SAMEORIGIN"
        ],
        "X-Powered-By": [
          "ASP.NET"
        ],
        "Strict-Transport-Security": [
          "max-age=31536000; includeSubDomains; preload"
        ]
      },
      "StatusCode": 200
    },
    {
      "RequestUri": "/luis/api/v2.0/apps/86226c53-b7a6-416f-876b-226b2b5ab07b/versions/0.1/prebuilts/b2ccad31-0279-472d-8380-fcc4ee3d2c37",
      "EncodedRequestUri": "L2x1aXMvYXBpL3YyLjAvYXBwcy84NjIyNmM1My1iN2E2LTQxNmYtODc2Yi0yMjZiMmI1YWIwN2IvdmVyc2lvbnMvMC4xL3ByZWJ1aWx0cy9iMmNjYWQzMS0wMjc5LTQ3MmQtODM4MC1mY2M0ZWUzZDJjMzc=",
      "RequestMethod": "DELETE",
      "RequestBody": "",
      "RequestHeaders": {
        "Ocp-Apim-Subscription-Key": [
          "00000000000000000000000000000000"
        ],
        "User-Agent": [
          "FxVersion/4.6.25815.04",
          "Microsoft.Azure.CognitiveServices.Language.LUIS.Programmatic.LuisProgrammaticAPI/0.0.0.0"
        ]
      },
      "ResponseBody": "{\r\n  \"code\": \"Success\",\r\n  \"message\": \"Operation Successful\"\r\n}",
      "ResponseHeaders": {
        "Content-Length": [
          "51"
        ],
        "Content-Type": [
          "application/json; charset=utf-8"
        ],
        "Cache-Control": [
          "no-store, proxy-revalidate, no-cache, max-age=0, private"
        ],
        "Date": [
          "Thu, 14 Dec 2017 19:44:37 GMT"
        ],
        "Pragma": [
          "no-cache"
        ],
        "Apim-Request-Id": [
          "d7fd4c57-22e2-424d-8cee-a3d740e06fd5"
        ],
        "Request-Id": [
          "d7fd4c57-22e2-424d-8cee-a3d740e06fd5"
        ],
        "Request-Context": [
          "appId=cid-v1:26a3540d-a02a-4998-a060-715488fd769b"
        ],
        "X-Content-Type-Options": [
          "nosniff"
        ],
        "X-Frame-Options": [
          "SAMEORIGIN"
        ],
        "X-Powered-By": [
          "ASP.NET"
        ],
        "Strict-Transport-Security": [
          "max-age=31536000; includeSubDomains; preload"
        ]
      },
      "StatusCode": 200
    }
  ],
  "Names": {},
  "Variables": {}
}