{
  "Entries": [
    {
      "RequestUri": "/subscriptions/12053b8f-cab5-4f5c-9c1a-870580142abd/resourcegroups/CosmosDBDotNetSDKTestsRG4689?api-version=2015-11-01",
      "EncodedRequestUri": "L3N1YnNjcmlwdGlvbnMvMTIwNTNiOGYtY2FiNS00ZjVjLTljMWEtODcwNTgwMTQyYWJkL3Jlc291cmNlZ3JvdXBzL0Nvc21vc0RCRG90TmV0U0RLVGVzdHNSRzQ2ODk/YXBpLXZlcnNpb249MjAxNS0xMS0wMQ==",
      "RequestMethod": "PUT",
      "RequestBody": "{\r\n  \"location\": \"central us\"\r\n}",
      "RequestHeaders": {
        "x-ms-client-request-id": [
          "599f10ce-bfc8-4b39-87a6-e725b3f24b42"
        ],
        "Accept-Language": [
          "en-US"
        ],
        "User-Agent": [
          "FxVersion/4.6.28207.03",
          "OSName/Windows",
          "OSVersion/Microsoft.Windows.10.0.22000.",
          "Microsoft.Azure.Management.Resources.ResourceManagementClient/1.0.0.0"
        ],
        "Content-Type": [
          "application/json; charset=utf-8"
        ],
        "Content-Length": [
          "32"
        ]
      },
      "ResponseHeaders": {
        "Cache-Control": [
          "no-cache"
        ],
        "Pragma": [
          "no-cache"
        ],
        "x-ms-ratelimit-remaining-subscription-writes": [
          "1199"
        ],
        "x-ms-request-id": [
          "2622b4f5-0f30-4b30-990e-233c75c57e7b"
        ],
        "x-ms-correlation-request-id": [
          "2622b4f5-0f30-4b30-990e-233c75c57e7b"
        ],
        "x-ms-routing-request-id": [
          "SOUTHINDIA:20220211T100132Z:2622b4f5-0f30-4b30-990e-233c75c57e7b"
        ],
        "Strict-Transport-Security": [
          "max-age=31536000; includeSubDomains"
        ],
        "X-Content-Type-Options": [
          "nosniff"
        ],
        "Date": [
          "Fri, 11 Feb 2022 10:01:32 GMT"
        ],
        "Content-Length": [
          "212"
        ],
        "Content-Type": [
          "application/json; charset=utf-8"
        ],
        "Expires": [
          "-1"
        ]
      },
      "ResponseBody": "{\r\n  \"id\": \"/subscriptions/12053b8f-cab5-4f5c-9c1a-870580142abd/resourceGroups/CosmosDBDotNetSDKTestsRG4689\",\r\n  \"name\": \"CosmosDBDotNetSDKTestsRG4689\",\r\n  \"location\": \"centralus\",\r\n  \"properties\": {\r\n    \"provisioningState\": \"Succeeded\"\r\n  }\r\n}",
      "StatusCode": 201
    },
    {
      "RequestUri": "/subscriptions/12053b8f-cab5-4f5c-9c1a-870580142abd/resourceGroups/CosmosDBDotNetSDKTestsRG4689/providers/Microsoft.DocumentDB/databaseAccounts/databaseaccount6473?api-version=2021-10-15-preview",
      "EncodedRequestUri": "L3N1YnNjcmlwdGlvbnMvMTIwNTNiOGYtY2FiNS00ZjVjLTljMWEtODcwNTgwMTQyYWJkL3Jlc291cmNlR3JvdXBzL0Nvc21vc0RCRG90TmV0U0RLVGVzdHNSRzQ2ODkvcHJvdmlkZXJzL01pY3Jvc29mdC5Eb2N1bWVudERCL2RhdGFiYXNlQWNjb3VudHMvZGF0YWJhc2VhY2NvdW50NjQ3Mz9hcGktdmVyc2lvbj0yMDIxLTEwLTE1LXByZXZpZXc=",
      "RequestMethod": "PUT",
      "RequestBody": "{\r\n  \"kind\": \"GlobalDocumentDB\",\r\n  \"properties\": {\r\n    \"locations\": [\r\n      {\r\n        \"locationName\": \"central us\"\r\n      }\r\n    ],\r\n    \"isVirtualNetworkFilterEnabled\": true,\r\n    \"enableAutomaticFailover\": false,\r\n    \"enableMultipleWriteLocations\": false,\r\n    \"disableKeyBasedMetadataWriteAccess\": false,\r\n    \"createMode\": \"Default\",\r\n    \"networkAclBypass\": \"AzureServices\",\r\n    \"databaseAccountOfferType\": \"Standard\"\r\n  },\r\n  \"location\": \"central us\"\r\n}",
      "RequestHeaders": {
        "x-ms-client-request-id": [
          "da75aa68-e8d8-4ce2-8d80-07f0f50311dd"
        ],
        "Accept-Language": [
          "en-US"
        ],
        "User-Agent": [
          "FxVersion/4.6.28207.03",
          "OSName/Windows",
          "OSVersion/Microsoft.Windows.10.0.22000.",
          "Microsoft.Azure.Management.CosmosDB.CosmosDBManagementClient/3.2.0.0"
        ],
        "Content-Type": [
          "application/json; charset=utf-8"
        ],
        "Content-Length": [
          "465"
        ]
      },
      "ResponseHeaders": {
        "Cache-Control": [
          "no-store, no-cache"
        ],
        "Pragma": [
          "no-cache"
        ],
        "Location": [
          "https://management.azure.com/subscriptions/12053b8f-cab5-4f5c-9c1a-870580142abd/resourceGroups/CosmosDBDotNetSDKTestsRG4689/providers/Microsoft.DocumentDB/databaseAccounts/databaseaccount6473/operationResults/c295846f-4d2e-4eda-ae3e-39f5eef7d902?api-version=2021-10-15-preview"
        ],
        "x-ms-request-id": [
          "c295846f-4d2e-4eda-ae3e-39f5eef7d902"
        ],
        "Azure-AsyncOperation": [
          "https://management.azure.com/subscriptions/12053b8f-cab5-4f5c-9c1a-870580142abd/providers/Microsoft.DocumentDB/locations/centralus/operationsStatus/c295846f-4d2e-4eda-ae3e-39f5eef7d902?api-version=2021-10-15-preview"
        ],
        "Strict-Transport-Security": [
          "max-age=31536000; includeSubDomains"
        ],
        "x-ms-gatewayversion": [
          "version=2.14.0"
        ],
        "Server": [
          "Microsoft-HTTPAPI/2.0"
        ],
        "x-ms-ratelimit-remaining-subscription-writes": [
          "1198"
        ],
        "x-ms-correlation-request-id": [
          "b70c3c9e-6ef9-4eee-ab87-0aee52761085"
        ],
        "x-ms-routing-request-id": [
          "SOUTHINDIA:20220211T100145Z:b70c3c9e-6ef9-4eee-ab87-0aee52761085"
        ],
        "X-Content-Type-Options": [
          "nosniff"
        ],
        "Date": [
          "Fri, 11 Feb 2022 10:01:44 GMT"
        ],
        "Content-Length": [
          "2093"
        ],
        "Content-Type": [
          "application/json"
        ]
      },
      "ResponseBody": "{\r\n  \"id\": \"/subscriptions/12053b8f-cab5-4f5c-9c1a-870580142abd/resourceGroups/CosmosDBDotNetSDKTestsRG4689/providers/Microsoft.DocumentDB/databaseAccounts/databaseaccount6473\",\r\n  \"name\": \"databaseaccount6473\",\r\n  \"location\": \"Central US\",\r\n  \"type\": \"Microsoft.DocumentDB/databaseAccounts\",\r\n  \"kind\": \"GlobalDocumentDB\",\r\n  \"tags\": {},\r\n  \"systemData\": {\r\n    \"createdAt\": \"2022-02-11T10:01:41.9868943Z\"\r\n  },\r\n  \"properties\": {\r\n    \"provisioningState\": \"Creating\",\r\n    \"publicNetworkAccess\": \"Enabled\",\r\n    \"enableAutomaticFailover\": false,\r\n    \"enableMultipleWriteLocations\": false,\r\n    \"enablePartitionKeyMonitor\": false,\r\n    \"isVirtualNetworkFilterEnabled\": true,\r\n    \"virtualNetworkRules\": [],\r\n    \"EnabledApiTypes\": \"Sql\",\r\n    \"disableKeyBasedMetadataWriteAccess\": false,\r\n    \"enableFreeTier\": false,\r\n    \"enableAnalyticalStorage\": false,\r\n    \"analyticalStorageConfiguration\": {\r\n      \"schemaType\": \"WellDefined\"\r\n    },\r\n    \"instanceId\": \"17bb38db-789d-4406-a674-b7d085d7bda7\",\r\n    \"databaseAccountOfferType\": \"Standard\",\r\n    \"enableCassandraConnector\": false,\r\n    \"connectorOffer\": \"\",\r\n    \"enableMaterializedViews\": false,\r\n    \"defaultIdentity\": \"\",\r\n    \"networkAclBypass\": \"AzureServices\",\r\n    \"disableLocalAuth\": false,\r\n    \"consistencyPolicy\": {\r\n      \"defaultConsistencyLevel\": \"Session\",\r\n      \"maxIntervalInSeconds\": 5,\r\n      \"maxStalenessPrefix\": 100\r\n    },\r\n    \"configurationOverrides\": {},\r\n    \"writeLocations\": [\r\n      {\r\n        \"id\": \"databaseaccount6473-centralus\",\r\n        \"locationName\": \"Central US\",\r\n        \"provisioningState\": \"Creating\",\r\n        \"failoverPriority\": 0,\r\n        \"isZoneRedundant\": false\r\n      }\r\n    ],\r\n    \"readLocations\": [\r\n      {\r\n        \"id\": \"databaseaccount6473-centralus\",\r\n        \"locationName\": \"Central US\",\r\n        \"provisioningState\": \"Creating\",\r\n        \"failoverPriority\": 0,\r\n        \"isZoneRedundant\": false\r\n      }\r\n    ],\r\n    \"locations\": [\r\n      {\r\n        \"id\": \"databaseaccount6473-centralus\",\r\n        \"locationName\": \"Central US\",\r\n        \"provisioningState\": \"Creating\",\r\n        \"failoverPriority\": 0,\r\n        \"isZoneRedundant\": false\r\n      }\r\n    ],\r\n    \"failoverPolicies\": [\r\n      {\r\n        \"id\": \"databaseaccount6473-centralus\",\r\n        \"locationName\": \"Central US\",\r\n        \"failoverPriority\": 0\r\n      }\r\n    ],\r\n    \"cors\": [],\r\n    \"capabilities\": [],\r\n    \"ipRules\": [],\r\n    \"backupPolicy\": {\r\n      \"type\": \"Periodic\",\r\n      \"periodicModeProperties\": {\r\n        \"backupIntervalInMinutes\": 240,\r\n        \"backupRetentionIntervalInHours\": 8,\r\n        \"backupStorageRedundancy\": \"Invalid\"\r\n      }\r\n    },\r\n    \"networkAclBypassResourceIds\": [],\r\n    \"diagnosticLogSettings\": {\r\n      \"enableFullTextQuery\": \"None\"\r\n    }\r\n  },\r\n  \"identity\": {\r\n    \"type\": \"None\"\r\n  }\r\n}",
      "StatusCode": 200
    },
    {
      "RequestUri": "/subscriptions/12053b8f-cab5-4f5c-9c1a-870580142abd/resourceGroups/CosmosDBDotNetSDKTestsRG4689/providers/Microsoft.DocumentDB/databaseAccounts/databaseaccount6473?api-version=2021-10-15-preview",
      "EncodedRequestUri": "L3N1YnNjcmlwdGlvbnMvMTIwNTNiOGYtY2FiNS00ZjVjLTljMWEtODcwNTgwMTQyYWJkL3Jlc291cmNlR3JvdXBzL0Nvc21vc0RCRG90TmV0U0RLVGVzdHNSRzQ2ODkvcHJvdmlkZXJzL01pY3Jvc29mdC5Eb2N1bWVudERCL2RhdGFiYXNlQWNjb3VudHMvZGF0YWJhc2VhY2NvdW50NjQ3Mz9hcGktdmVyc2lvbj0yMDIxLTEwLTE1LXByZXZpZXc=",
      "RequestMethod": "PUT",
      "RequestBody": "{\r\n  \"kind\": \"GlobalDocumentDB\",\r\n  \"properties\": {\r\n    \"locations\": [\r\n      {\r\n        \"locationName\": \"central us\"\r\n      }\r\n    ],\r\n    \"backupPolicy\": {\r\n      \"type\": \"Periodic\",\r\n      \"periodicModeProperties\": {\r\n        \"backupIntervalInMinutes\": 60,\r\n        \"backupRetentionIntervalInHours\": 8,\r\n        \"backupStorageRedundancy\": \"Geo\"\r\n      }\r\n    },\r\n    \"databaseAccountOfferType\": \"Standard\"\r\n  },\r\n  \"location\": \"central us\"\r\n}",
      "RequestHeaders": {
        "x-ms-client-request-id": [
          "1b11c7dd-b809-4304-81d3-7329ecb990bc"
        ],
        "Accept-Language": [
          "en-US"
        ],
        "User-Agent": [
          "FxVersion/4.6.28207.03",
          "OSName/Windows",
          "OSVersion/Microsoft.Windows.10.0.22000.",
          "Microsoft.Azure.Management.CosmosDB.CosmosDBManagementClient/3.2.0.0"
        ],
        "Content-Type": [
          "application/json; charset=utf-8"
        ],
        "Content-Length": [
          "446"
        ]
      },
      "ResponseHeaders": {
        "Cache-Control": [
          "no-store, no-cache"
        ],
        "Pragma": [
          "no-cache"
        ],
        "Location": [
          "https://management.azure.com/subscriptions/12053b8f-cab5-4f5c-9c1a-870580142abd/resourceGroups/CosmosDBDotNetSDKTestsRG4689/providers/Microsoft.DocumentDB/databaseAccounts/databaseaccount6473/operationResults/40abab7a-9303-4764-be16-32dff805fa2b?api-version=2021-10-15-preview"
        ],
        "x-ms-request-id": [
          "40abab7a-9303-4764-be16-32dff805fa2b"
        ],
        "Azure-AsyncOperation": [
          "https://management.azure.com/subscriptions/12053b8f-cab5-4f5c-9c1a-870580142abd/providers/Microsoft.DocumentDB/locations/centralus/operationsStatus/40abab7a-9303-4764-be16-32dff805fa2b?api-version=2021-10-15-preview"
        ],
        "Strict-Transport-Security": [
          "max-age=31536000; includeSubDomains"
        ],
        "x-ms-gatewayversion": [
          "version=2.14.0"
        ],
        "Server": [
          "Microsoft-HTTPAPI/2.0"
        ],
        "x-ms-ratelimit-remaining-subscription-writes": [
          "1197"
        ],
        "x-ms-correlation-request-id": [
          "67ede85e-d056-42cf-9f0a-8884de7af3db"
        ],
        "x-ms-routing-request-id": [
          "SOUTHINDIA:20220211T100423Z:67ede85e-d056-42cf-9f0a-8884de7af3db"
        ],
        "X-Content-Type-Options": [
          "nosniff"
        ],
        "Date": [
          "Fri, 11 Feb 2022 10:04:23 GMT"
        ],
        "Content-Length": [
          "2433"
        ],
        "Content-Type": [
          "application/json"
        ]
      },
      "ResponseBody": "{\r\n  \"id\": \"/subscriptions/12053b8f-cab5-4f5c-9c1a-870580142abd/resourceGroups/CosmosDBDotNetSDKTestsRG4689/providers/Microsoft.DocumentDB/databaseAccounts/databaseaccount6473\",\r\n  \"name\": \"databaseaccount6473\",\r\n  \"location\": \"Central US\",\r\n  \"type\": \"Microsoft.DocumentDB/databaseAccounts\",\r\n  \"kind\": \"GlobalDocumentDB\",\r\n  \"tags\": {},\r\n  \"systemData\": {\r\n    \"createdAt\": \"2022-02-11T10:03:23.7048918Z\"\r\n  },\r\n  \"properties\": {\r\n    \"provisioningState\": \"Updating\",\r\n    \"documentEndpoint\": \"https://databaseaccount6473.documents.azure.com:443/\",\r\n    \"publicNetworkAccess\": \"Enabled\",\r\n    \"enableAutomaticFailover\": false,\r\n    \"enableMultipleWriteLocations\": false,\r\n    \"enablePartitionKeyMonitor\": false,\r\n    \"isVirtualNetworkFilterEnabled\": true,\r\n    \"virtualNetworkRules\": [],\r\n    \"EnabledApiTypes\": \"Sql\",\r\n    \"disableKeyBasedMetadataWriteAccess\": false,\r\n    \"enableFreeTier\": false,\r\n    \"enableAnalyticalStorage\": false,\r\n    \"analyticalStorageConfiguration\": {\r\n      \"schemaType\": \"WellDefined\"\r\n    },\r\n    \"instanceId\": \"17bb38db-789d-4406-a674-b7d085d7bda7\",\r\n    \"databaseAccountOfferType\": \"Standard\",\r\n    \"enableCassandraConnector\": false,\r\n    \"connectorOffer\": \"\",\r\n    \"enableMaterializedViews\": false,\r\n    \"defaultIdentity\": \"FirstPartyIdentity\",\r\n    \"networkAclBypass\": \"AzureServices\",\r\n    \"disableLocalAuth\": false,\r\n    \"consistencyPolicy\": {\r\n      \"defaultConsistencyLevel\": \"Session\",\r\n      \"maxIntervalInSeconds\": 5,\r\n      \"maxStalenessPrefix\": 100\r\n    },\r\n    \"configurationOverrides\": {},\r\n    \"writeLocations\": [\r\n      {\r\n        \"id\": \"databaseaccount6473-centralus\",\r\n        \"locationName\": \"Central US\",\r\n        \"documentEndpoint\": \"https://databaseaccount6473-centralus.documents.azure.com:443/\",\r\n        \"provisioningState\": \"Updating\",\r\n        \"failoverPriority\": 0,\r\n        \"isZoneRedundant\": false\r\n      }\r\n    ],\r\n    \"readLocations\": [\r\n      {\r\n        \"id\": \"databaseaccount6473-centralus\",\r\n        \"locationName\": \"Central US\",\r\n        \"documentEndpoint\": \"https://databaseaccount6473-centralus.documents.azure.com:443/\",\r\n        \"provisioningState\": \"Updating\",\r\n        \"failoverPriority\": 0,\r\n        \"isZoneRedundant\": false\r\n      }\r\n    ],\r\n    \"locations\": [\r\n      {\r\n        \"id\": \"databaseaccount6473-centralus\",\r\n        \"locationName\": \"Central US\",\r\n        \"documentEndpoint\": \"https://databaseaccount6473-centralus.documents.azure.com:443/\",\r\n        \"provisioningState\": \"Updating\",\r\n        \"failoverPriority\": 0,\r\n        \"isZoneRedundant\": false\r\n      }\r\n    ],\r\n    \"failoverPolicies\": [\r\n      {\r\n        \"id\": \"databaseaccount6473-centralus\",\r\n        \"locationName\": \"Central US\",\r\n        \"failoverPriority\": 0\r\n      }\r\n    ],\r\n    \"cors\": [],\r\n    \"capabilities\": [],\r\n    \"ipRules\": [],\r\n    \"backupPolicy\": {\r\n      \"type\": \"Periodic\",\r\n      \"periodicModeProperties\": {\r\n        \"backupIntervalInMinutes\": 240,\r\n        \"backupRetentionIntervalInHours\": 8,\r\n        \"backupStorageRedundancy\": \"Geo\"\r\n      }\r\n    },\r\n    \"networkAclBypassResourceIds\": [],\r\n    \"diagnosticLogSettings\": {\r\n      \"enableFullTextQuery\": \"None\"\r\n    }\r\n  },\r\n  \"identity\": {\r\n    \"type\": \"None\"\r\n  }\r\n}",
      "StatusCode": 200
    },
    {
      "RequestUri": "/subscriptions/12053b8f-cab5-4f5c-9c1a-870580142abd/resourceGroups/CosmosDBDotNetSDKTestsRG4689/providers/Microsoft.DocumentDB/databaseAccounts/databaseaccount6473?api-version=2021-10-15-preview",
      "EncodedRequestUri": "L3N1YnNjcmlwdGlvbnMvMTIwNTNiOGYtY2FiNS00ZjVjLTljMWEtODcwNTgwMTQyYWJkL3Jlc291cmNlR3JvdXBzL0Nvc21vc0RCRG90TmV0U0RLVGVzdHNSRzQ2ODkvcHJvdmlkZXJzL01pY3Jvc29mdC5Eb2N1bWVudERCL2RhdGFiYXNlQWNjb3VudHMvZGF0YWJhc2VhY2NvdW50NjQ3Mz9hcGktdmVyc2lvbj0yMDIxLTEwLTE1LXByZXZpZXc=",
      "RequestMethod": "PUT",
      "RequestBody": "{\r\n  \"kind\": \"GlobalDocumentDB\",\r\n  \"properties\": {\r\n    \"locations\": [\r\n      {\r\n        \"locationName\": \"central us\"\r\n      }\r\n    ],\r\n    \"backupPolicy\": {\r\n      \"type\": \"Periodic\",\r\n      \"periodicModeProperties\": {\r\n        \"backupIntervalInMinutes\": 60,\r\n        \"backupRetentionIntervalInHours\": 12,\r\n        \"backupStorageRedundancy\": \"Local\"\r\n      }\r\n    },\r\n    \"databaseAccountOfferType\": \"Standard\"\r\n  },\r\n  \"location\": \"central us\"\r\n}",
      "RequestHeaders": {
        "x-ms-client-request-id": [
          "0a2129a4-ece4-4d6a-94e8-6964de5d3940"
        ],
        "Accept-Language": [
          "en-US"
        ],
        "User-Agent": [
          "FxVersion/4.6.28207.03",
          "OSName/Windows",
          "OSVersion/Microsoft.Windows.10.0.22000.",
          "Microsoft.Azure.Management.CosmosDB.CosmosDBManagementClient/3.2.0.0"
        ],
        "Content-Type": [
          "application/json; charset=utf-8"
        ],
        "Content-Length": [
          "449"
        ]
      },
      "ResponseHeaders": {
        "Cache-Control": [
          "no-store, no-cache"
        ],
        "Pragma": [
          "no-cache"
        ],
        "Location": [
          "https://management.azure.com/subscriptions/12053b8f-cab5-4f5c-9c1a-870580142abd/resourceGroups/CosmosDBDotNetSDKTestsRG4689/providers/Microsoft.DocumentDB/databaseAccounts/databaseaccount6473/operationResults/cd7f92a1-8f55-43bc-87fb-f49bfceb53f3?api-version=2021-10-15-preview"
        ],
        "x-ms-request-id": [
          "cd7f92a1-8f55-43bc-87fb-f49bfceb53f3"
        ],
        "Azure-AsyncOperation": [
          "https://management.azure.com/subscriptions/12053b8f-cab5-4f5c-9c1a-870580142abd/providers/Microsoft.DocumentDB/locations/centralus/operationsStatus/cd7f92a1-8f55-43bc-87fb-f49bfceb53f3?api-version=2021-10-15-preview"
        ],
        "Strict-Transport-Security": [
          "max-age=31536000; includeSubDomains"
        ],
        "x-ms-gatewayversion": [
          "version=2.14.0"
        ],
        "Server": [
          "Microsoft-HTTPAPI/2.0"
        ],
        "x-ms-ratelimit-remaining-subscription-writes": [
          "1196"
        ],
        "x-ms-correlation-request-id": [
          "acd634c4-174e-402e-b40e-132fbc96a03b"
        ],
        "x-ms-routing-request-id": [
          "SOUTHINDIA:20220211T101240Z:acd634c4-174e-402e-b40e-132fbc96a03b"
        ],
        "X-Content-Type-Options": [
          "nosniff"
        ],
        "Date": [
          "Fri, 11 Feb 2022 10:12:39 GMT"
        ],
        "Content-Length": [
          "2424"
        ],
        "Content-Type": [
          "application/json"
        ]
      },
      "ResponseBody": "{\r\n  \"id\": \"/subscriptions/12053b8f-cab5-4f5c-9c1a-870580142abd/resourceGroups/CosmosDBDotNetSDKTestsRG4689/providers/Microsoft.DocumentDB/databaseAccounts/databaseaccount6473\",\r\n  \"name\": \"databaseaccount6473\",\r\n  \"location\": \"Central US\",\r\n  \"type\": \"Microsoft.DocumentDB/databaseAccounts\",\r\n  \"kind\": \"GlobalDocumentDB\",\r\n  \"tags\": {},\r\n  \"systemData\": {\r\n    \"createdAt\": \"2022-02-11T10:03:23.7048918Z\"\r\n  },\r\n  \"properties\": {\r\n    \"provisioningState\": \"Updating\",\r\n    \"documentEndpoint\": \"https://databaseaccount6473.documents.azure.com:443/\",\r\n    \"publicNetworkAccess\": \"Enabled\",\r\n    \"enableAutomaticFailover\": false,\r\n    \"enableMultipleWriteLocations\": false,\r\n    \"enablePartitionKeyMonitor\": false,\r\n    \"isVirtualNetworkFilterEnabled\": false,\r\n    \"virtualNetworkRules\": [],\r\n    \"EnabledApiTypes\": \"Sql\",\r\n    \"disableKeyBasedMetadataWriteAccess\": false,\r\n    \"enableFreeTier\": false,\r\n    \"enableAnalyticalStorage\": false,\r\n    \"analyticalStorageConfiguration\": {\r\n      \"schemaType\": \"WellDefined\"\r\n    },\r\n    \"instanceId\": \"17bb38db-789d-4406-a674-b7d085d7bda7\",\r\n    \"databaseAccountOfferType\": \"Standard\",\r\n    \"enableCassandraConnector\": false,\r\n    \"connectorOffer\": \"\",\r\n    \"enableMaterializedViews\": false,\r\n    \"defaultIdentity\": \"FirstPartyIdentity\",\r\n    \"networkAclBypass\": \"None\",\r\n    \"disableLocalAuth\": false,\r\n    \"consistencyPolicy\": {\r\n      \"defaultConsistencyLevel\": \"Session\",\r\n      \"maxIntervalInSeconds\": 5,\r\n      \"maxStalenessPrefix\": 100\r\n    },\r\n    \"configurationOverrides\": {},\r\n    \"writeLocations\": [\r\n      {\r\n        \"id\": \"databaseaccount6473-centralus\",\r\n        \"locationName\": \"Central US\",\r\n        \"documentEndpoint\": \"https://databaseaccount6473-centralus.documents.azure.com:443/\",\r\n        \"provisioningState\": \"Updating\",\r\n        \"failoverPriority\": 0,\r\n        \"isZoneRedundant\": false\r\n      }\r\n    ],\r\n    \"readLocations\": [\r\n      {\r\n        \"id\": \"databaseaccount6473-centralus\",\r\n        \"locationName\": \"Central US\",\r\n        \"documentEndpoint\": \"https://databaseaccount6473-centralus.documents.azure.com:443/\",\r\n        \"provisioningState\": \"Updating\",\r\n        \"failoverPriority\": 0,\r\n        \"isZoneRedundant\": false\r\n      }\r\n    ],\r\n    \"locations\": [\r\n      {\r\n        \"id\": \"databaseaccount6473-centralus\",\r\n        \"locationName\": \"Central US\",\r\n        \"documentEndpoint\": \"https://databaseaccount6473-centralus.documents.azure.com:443/\",\r\n        \"provisioningState\": \"Updating\",\r\n        \"failoverPriority\": 0,\r\n        \"isZoneRedundant\": false\r\n      }\r\n    ],\r\n    \"failoverPolicies\": [\r\n      {\r\n        \"id\": \"databaseaccount6473-centralus\",\r\n        \"locationName\": \"Central US\",\r\n        \"failoverPriority\": 0\r\n      }\r\n    ],\r\n    \"cors\": [],\r\n    \"capabilities\": [],\r\n    \"ipRules\": [],\r\n    \"backupPolicy\": {\r\n      \"type\": \"Periodic\",\r\n      \"periodicModeProperties\": {\r\n        \"backupIntervalInMinutes\": 60,\r\n        \"backupRetentionIntervalInHours\": 8,\r\n        \"backupStorageRedundancy\": \"Geo\"\r\n      }\r\n    },\r\n    \"networkAclBypassResourceIds\": [],\r\n    \"diagnosticLogSettings\": {\r\n      \"enableFullTextQuery\": \"None\"\r\n    }\r\n  },\r\n  \"identity\": {\r\n    \"type\": \"None\"\r\n  }\r\n}",
      "StatusCode": 200
    },
    {
      "RequestUri": "/subscriptions/12053b8f-cab5-4f5c-9c1a-870580142abd/providers/Microsoft.DocumentDB/locations/centralus/operationsStatus/c295846f-4d2e-4eda-ae3e-39f5eef7d902?api-version=2021-10-15-preview",
      "EncodedRequestUri": "L3N1YnNjcmlwdGlvbnMvMTIwNTNiOGYtY2FiNS00ZjVjLTljMWEtODcwNTgwMTQyYWJkL3Byb3ZpZGVycy9NaWNyb3NvZnQuRG9jdW1lbnREQi9sb2NhdGlvbnMvY2VudHJhbHVzL29wZXJhdGlvbnNTdGF0dXMvYzI5NTg0NmYtNGQyZS00ZWRhLWFlM2UtMzlmNWVlZjdkOTAyP2FwaS12ZXJzaW9uPTIwMjEtMTAtMTUtcHJldmlldw==",
      "RequestMethod": "GET",
      "RequestBody": "",
      "RequestHeaders": {
        "User-Agent": [
          "FxVersion/4.6.28207.03",
          "OSName/Windows",
          "OSVersion/Microsoft.Windows.10.0.22000.",
          "Microsoft.Azure.Management.CosmosDB.CosmosDBManagementClient/3.2.0.0"
        ]
      },
      "ResponseHeaders": {
        "Cache-Control": [
          "no-store, no-cache"
        ],
        "Pragma": [
          "no-cache"
        ],
        "Strict-Transport-Security": [
          "max-age=31536000; includeSubDomains"
        ],
        "x-ms-gatewayversion": [
          "version=2.14.0"
        ],
        "Server": [
          "Microsoft-HTTPAPI/2.0"
        ],
        "x-ms-ratelimit-remaining-subscription-reads": [
          "11998"
        ],
        "x-ms-request-id": [
          "7f5bf638-37ed-49d9-bada-dd64d6915e33"
        ],
        "x-ms-correlation-request-id": [
          "7f5bf638-37ed-49d9-bada-dd64d6915e33"
        ],
        "x-ms-routing-request-id": [
          "SOUTHINDIA:20220211T100216Z:7f5bf638-37ed-49d9-bada-dd64d6915e33"
        ],
        "X-Content-Type-Options": [
          "nosniff"
        ],
        "Date": [
          "Fri, 11 Feb 2022 10:02:15 GMT"
        ],
        "Content-Length": [
          "21"
        ],
        "Content-Type": [
          "application/json"
        ]
      },
      "ResponseBody": "{\r\n  \"status\": \"Dequeued\"\r\n}",
      "StatusCode": 200
    },
    {
      "RequestUri": "/subscriptions/12053b8f-cab5-4f5c-9c1a-870580142abd/providers/Microsoft.DocumentDB/locations/centralus/operationsStatus/c295846f-4d2e-4eda-ae3e-39f5eef7d902?api-version=2021-10-15-preview",
      "EncodedRequestUri": "L3N1YnNjcmlwdGlvbnMvMTIwNTNiOGYtY2FiNS00ZjVjLTljMWEtODcwNTgwMTQyYWJkL3Byb3ZpZGVycy9NaWNyb3NvZnQuRG9jdW1lbnREQi9sb2NhdGlvbnMvY2VudHJhbHVzL29wZXJhdGlvbnNTdGF0dXMvYzI5NTg0NmYtNGQyZS00ZWRhLWFlM2UtMzlmNWVlZjdkOTAyP2FwaS12ZXJzaW9uPTIwMjEtMTAtMTUtcHJldmlldw==",
      "RequestMethod": "GET",
      "RequestBody": "",
      "RequestHeaders": {
        "User-Agent": [
          "FxVersion/4.6.28207.03",
          "OSName/Windows",
          "OSVersion/Microsoft.Windows.10.0.22000.",
          "Microsoft.Azure.Management.CosmosDB.CosmosDBManagementClient/3.2.0.0"
        ]
      },
      "ResponseHeaders": {
        "Cache-Control": [
          "no-store, no-cache"
        ],
        "Pragma": [
          "no-cache"
        ],
        "Strict-Transport-Security": [
          "max-age=31536000; includeSubDomains"
        ],
        "x-ms-gatewayversion": [
          "version=2.14.0"
        ],
        "Server": [
          "Microsoft-HTTPAPI/2.0"
        ],
        "x-ms-ratelimit-remaining-subscription-reads": [
          "11997"
        ],
        "x-ms-request-id": [
          "cdee45a3-bd80-40ea-af0c-0b01d924c354"
        ],
        "x-ms-correlation-request-id": [
          "cdee45a3-bd80-40ea-af0c-0b01d924c354"
        ],
        "x-ms-routing-request-id": [
          "SOUTHINDIA:20220211T100246Z:cdee45a3-bd80-40ea-af0c-0b01d924c354"
        ],
        "X-Content-Type-Options": [
          "nosniff"
        ],
        "Date": [
          "Fri, 11 Feb 2022 10:02:46 GMT"
        ],
        "Content-Length": [
          "21"
        ],
        "Content-Type": [
          "application/json"
        ]
      },
      "ResponseBody": "{\r\n  \"status\": \"Dequeued\"\r\n}",
      "StatusCode": 200
    },
    {
      "RequestUri": "/subscriptions/12053b8f-cab5-4f5c-9c1a-870580142abd/providers/Microsoft.DocumentDB/locations/centralus/operationsStatus/c295846f-4d2e-4eda-ae3e-39f5eef7d902?api-version=2021-10-15-preview",
      "EncodedRequestUri": "L3N1YnNjcmlwdGlvbnMvMTIwNTNiOGYtY2FiNS00ZjVjLTljMWEtODcwNTgwMTQyYWJkL3Byb3ZpZGVycy9NaWNyb3NvZnQuRG9jdW1lbnREQi9sb2NhdGlvbnMvY2VudHJhbHVzL29wZXJhdGlvbnNTdGF0dXMvYzI5NTg0NmYtNGQyZS00ZWRhLWFlM2UtMzlmNWVlZjdkOTAyP2FwaS12ZXJzaW9uPTIwMjEtMTAtMTUtcHJldmlldw==",
      "RequestMethod": "GET",
      "RequestBody": "",
      "RequestHeaders": {
        "User-Agent": [
          "FxVersion/4.6.28207.03",
          "OSName/Windows",
          "OSVersion/Microsoft.Windows.10.0.22000.",
          "Microsoft.Azure.Management.CosmosDB.CosmosDBManagementClient/3.2.0.0"
        ]
      },
      "ResponseHeaders": {
        "Cache-Control": [
          "no-store, no-cache"
        ],
        "Pragma": [
          "no-cache"
        ],
        "Strict-Transport-Security": [
          "max-age=31536000; includeSubDomains"
        ],
        "x-ms-gatewayversion": [
          "version=2.14.0"
        ],
        "Server": [
          "Microsoft-HTTPAPI/2.0"
        ],
        "x-ms-ratelimit-remaining-subscription-reads": [
          "11996"
        ],
        "x-ms-request-id": [
          "75b00e82-7768-4901-8e79-4451f35d9bc4"
        ],
        "x-ms-correlation-request-id": [
          "75b00e82-7768-4901-8e79-4451f35d9bc4"
        ],
        "x-ms-routing-request-id": [
          "SOUTHINDIA:20220211T100317Z:75b00e82-7768-4901-8e79-4451f35d9bc4"
        ],
        "X-Content-Type-Options": [
          "nosniff"
        ],
        "Date": [
          "Fri, 11 Feb 2022 10:03:17 GMT"
        ],
        "Content-Length": [
          "21"
        ],
        "Content-Type": [
          "application/json"
        ]
      },
      "ResponseBody": "{\r\n  \"status\": \"Dequeued\"\r\n}",
      "StatusCode": 200
    },
    {
      "RequestUri": "/subscriptions/12053b8f-cab5-4f5c-9c1a-870580142abd/providers/Microsoft.DocumentDB/locations/centralus/operationsStatus/c295846f-4d2e-4eda-ae3e-39f5eef7d902?api-version=2021-10-15-preview",
      "EncodedRequestUri": "L3N1YnNjcmlwdGlvbnMvMTIwNTNiOGYtY2FiNS00ZjVjLTljMWEtODcwNTgwMTQyYWJkL3Byb3ZpZGVycy9NaWNyb3NvZnQuRG9jdW1lbnREQi9sb2NhdGlvbnMvY2VudHJhbHVzL29wZXJhdGlvbnNTdGF0dXMvYzI5NTg0NmYtNGQyZS00ZWRhLWFlM2UtMzlmNWVlZjdkOTAyP2FwaS12ZXJzaW9uPTIwMjEtMTAtMTUtcHJldmlldw==",
      "RequestMethod": "GET",
      "RequestBody": "",
      "RequestHeaders": {
        "User-Agent": [
          "FxVersion/4.6.28207.03",
          "OSName/Windows",
          "OSVersion/Microsoft.Windows.10.0.22000.",
          "Microsoft.Azure.Management.CosmosDB.CosmosDBManagementClient/3.2.0.0"
        ]
      },
      "ResponseHeaders": {
        "Cache-Control": [
          "no-store, no-cache"
        ],
        "Pragma": [
          "no-cache"
        ],
        "Strict-Transport-Security": [
          "max-age=31536000; includeSubDomains"
        ],
        "x-ms-gatewayversion": [
          "version=2.14.0"
        ],
        "Server": [
          "Microsoft-HTTPAPI/2.0"
        ],
        "x-ms-ratelimit-remaining-subscription-reads": [
          "11995"
        ],
        "x-ms-request-id": [
          "44d26a3c-f5c0-4a46-b166-66a1a4952b0f"
        ],
        "x-ms-correlation-request-id": [
          "44d26a3c-f5c0-4a46-b166-66a1a4952b0f"
        ],
        "x-ms-routing-request-id": [
          "SOUTHINDIA:20220211T100347Z:44d26a3c-f5c0-4a46-b166-66a1a4952b0f"
        ],
        "X-Content-Type-Options": [
          "nosniff"
        ],
        "Date": [
          "Fri, 11 Feb 2022 10:03:47 GMT"
        ],
        "Content-Length": [
          "21"
        ],
        "Content-Type": [
          "application/json"
        ]
      },
      "ResponseBody": "{\r\n  \"status\": \"Dequeued\"\r\n}",
      "StatusCode": 200
    },
    {
      "RequestUri": "/subscriptions/12053b8f-cab5-4f5c-9c1a-870580142abd/providers/Microsoft.DocumentDB/locations/centralus/operationsStatus/c295846f-4d2e-4eda-ae3e-39f5eef7d902?api-version=2021-10-15-preview",
      "EncodedRequestUri": "L3N1YnNjcmlwdGlvbnMvMTIwNTNiOGYtY2FiNS00ZjVjLTljMWEtODcwNTgwMTQyYWJkL3Byb3ZpZGVycy9NaWNyb3NvZnQuRG9jdW1lbnREQi9sb2NhdGlvbnMvY2VudHJhbHVzL29wZXJhdGlvbnNTdGF0dXMvYzI5NTg0NmYtNGQyZS00ZWRhLWFlM2UtMzlmNWVlZjdkOTAyP2FwaS12ZXJzaW9uPTIwMjEtMTAtMTUtcHJldmlldw==",
      "RequestMethod": "GET",
      "RequestBody": "",
      "RequestHeaders": {
        "User-Agent": [
          "FxVersion/4.6.28207.03",
          "OSName/Windows",
          "OSVersion/Microsoft.Windows.10.0.22000.",
          "Microsoft.Azure.Management.CosmosDB.CosmosDBManagementClient/3.2.0.0"
        ]
      },
      "ResponseHeaders": {
        "Cache-Control": [
          "no-store, no-cache"
        ],
        "Pragma": [
          "no-cache"
        ],
        "Strict-Transport-Security": [
          "max-age=31536000; includeSubDomains"
        ],
        "x-ms-gatewayversion": [
          "version=2.14.0"
        ],
        "Server": [
          "Microsoft-HTTPAPI/2.0"
        ],
        "x-ms-ratelimit-remaining-subscription-reads": [
          "11994"
        ],
        "x-ms-request-id": [
          "ecf15d90-bb98-4b8b-953f-6c366c3f5780"
        ],
        "x-ms-correlation-request-id": [
          "ecf15d90-bb98-4b8b-953f-6c366c3f5780"
        ],
        "x-ms-routing-request-id": [
          "SOUTHINDIA:20220211T100418Z:ecf15d90-bb98-4b8b-953f-6c366c3f5780"
        ],
        "X-Content-Type-Options": [
          "nosniff"
        ],
        "Date": [
          "Fri, 11 Feb 2022 10:04:17 GMT"
        ],
        "Content-Length": [
          "22"
        ],
        "Content-Type": [
          "application/json"
        ]
      },
      "ResponseBody": "{\r\n  \"status\": \"Succeeded\"\r\n}",
      "StatusCode": 200
    },
    {
      "RequestUri": "/subscriptions/12053b8f-cab5-4f5c-9c1a-870580142abd/resourceGroups/CosmosDBDotNetSDKTestsRG4689/providers/Microsoft.DocumentDB/databaseAccounts/databaseaccount6473?api-version=2021-10-15-preview",
      "EncodedRequestUri": "L3N1YnNjcmlwdGlvbnMvMTIwNTNiOGYtY2FiNS00ZjVjLTljMWEtODcwNTgwMTQyYWJkL3Jlc291cmNlR3JvdXBzL0Nvc21vc0RCRG90TmV0U0RLVGVzdHNSRzQ2ODkvcHJvdmlkZXJzL01pY3Jvc29mdC5Eb2N1bWVudERCL2RhdGFiYXNlQWNjb3VudHMvZGF0YWJhc2VhY2NvdW50NjQ3Mz9hcGktdmVyc2lvbj0yMDIxLTEwLTE1LXByZXZpZXc=",
      "RequestMethod": "GET",
      "RequestBody": "",
      "RequestHeaders": {
        "User-Agent": [
          "FxVersion/4.6.28207.03",
          "OSName/Windows",
          "OSVersion/Microsoft.Windows.10.0.22000.",
          "Microsoft.Azure.Management.CosmosDB.CosmosDBManagementClient/3.2.0.0"
        ]
      },
      "ResponseHeaders": {
        "Cache-Control": [
          "no-store, no-cache"
        ],
        "Pragma": [
          "no-cache"
        ],
        "Strict-Transport-Security": [
          "max-age=31536000; includeSubDomains"
        ],
        "x-ms-gatewayversion": [
          "version=2.14.0"
        ],
        "Server": [
          "Microsoft-HTTPAPI/2.0"
        ],
        "x-ms-ratelimit-remaining-subscription-reads": [
          "11993"
        ],
        "x-ms-request-id": [
          "18e5fabc-c68f-4244-99b5-210cec3de131"
        ],
        "x-ms-correlation-request-id": [
          "18e5fabc-c68f-4244-99b5-210cec3de131"
        ],
        "x-ms-routing-request-id": [
          "SOUTHINDIA:20220211T100419Z:18e5fabc-c68f-4244-99b5-210cec3de131"
        ],
        "X-Content-Type-Options": [
          "nosniff"
        ],
        "Date": [
          "Fri, 11 Feb 2022 10:04:19 GMT"
        ],
        "Content-Length": [
          "2437"
        ],
        "Content-Type": [
          "application/json"
        ]
      },
      "ResponseBody": "{\r\n  \"id\": \"/subscriptions/12053b8f-cab5-4f5c-9c1a-870580142abd/resourceGroups/CosmosDBDotNetSDKTestsRG4689/providers/Microsoft.DocumentDB/databaseAccounts/databaseaccount6473\",\r\n  \"name\": \"databaseaccount6473\",\r\n  \"location\": \"Central US\",\r\n  \"type\": \"Microsoft.DocumentDB/databaseAccounts\",\r\n  \"kind\": \"GlobalDocumentDB\",\r\n  \"tags\": {},\r\n  \"systemData\": {\r\n    \"createdAt\": \"2022-02-11T10:03:23.7048918Z\"\r\n  },\r\n  \"properties\": {\r\n    \"provisioningState\": \"Succeeded\",\r\n    \"documentEndpoint\": \"https://databaseaccount6473.documents.azure.com:443/\",\r\n    \"publicNetworkAccess\": \"Enabled\",\r\n    \"enableAutomaticFailover\": false,\r\n    \"enableMultipleWriteLocations\": false,\r\n    \"enablePartitionKeyMonitor\": false,\r\n    \"isVirtualNetworkFilterEnabled\": true,\r\n    \"virtualNetworkRules\": [],\r\n    \"EnabledApiTypes\": \"Sql\",\r\n    \"disableKeyBasedMetadataWriteAccess\": false,\r\n    \"enableFreeTier\": false,\r\n    \"enableAnalyticalStorage\": false,\r\n    \"analyticalStorageConfiguration\": {\r\n      \"schemaType\": \"WellDefined\"\r\n    },\r\n    \"instanceId\": \"17bb38db-789d-4406-a674-b7d085d7bda7\",\r\n    \"databaseAccountOfferType\": \"Standard\",\r\n    \"enableCassandraConnector\": false,\r\n    \"connectorOffer\": \"\",\r\n    \"enableMaterializedViews\": false,\r\n    \"defaultIdentity\": \"FirstPartyIdentity\",\r\n    \"networkAclBypass\": \"AzureServices\",\r\n    \"disableLocalAuth\": false,\r\n    \"consistencyPolicy\": {\r\n      \"defaultConsistencyLevel\": \"Session\",\r\n      \"maxIntervalInSeconds\": 5,\r\n      \"maxStalenessPrefix\": 100\r\n    },\r\n    \"configurationOverrides\": {},\r\n    \"writeLocations\": [\r\n      {\r\n        \"id\": \"databaseaccount6473-centralus\",\r\n        \"locationName\": \"Central US\",\r\n        \"documentEndpoint\": \"https://databaseaccount6473-centralus.documents.azure.com:443/\",\r\n        \"provisioningState\": \"Succeeded\",\r\n        \"failoverPriority\": 0,\r\n        \"isZoneRedundant\": false\r\n      }\r\n    ],\r\n    \"readLocations\": [\r\n      {\r\n        \"id\": \"databaseaccount6473-centralus\",\r\n        \"locationName\": \"Central US\",\r\n        \"documentEndpoint\": \"https://databaseaccount6473-centralus.documents.azure.com:443/\",\r\n        \"provisioningState\": \"Succeeded\",\r\n        \"failoverPriority\": 0,\r\n        \"isZoneRedundant\": false\r\n      }\r\n    ],\r\n    \"locations\": [\r\n      {\r\n        \"id\": \"databaseaccount6473-centralus\",\r\n        \"locationName\": \"Central US\",\r\n        \"documentEndpoint\": \"https://databaseaccount6473-centralus.documents.azure.com:443/\",\r\n        \"provisioningState\": \"Succeeded\",\r\n        \"failoverPriority\": 0,\r\n        \"isZoneRedundant\": false\r\n      }\r\n    ],\r\n    \"failoverPolicies\": [\r\n      {\r\n        \"id\": \"databaseaccount6473-centralus\",\r\n        \"locationName\": \"Central US\",\r\n        \"failoverPriority\": 0\r\n      }\r\n    ],\r\n    \"cors\": [],\r\n    \"capabilities\": [],\r\n    \"ipRules\": [],\r\n    \"backupPolicy\": {\r\n      \"type\": \"Periodic\",\r\n      \"periodicModeProperties\": {\r\n        \"backupIntervalInMinutes\": 240,\r\n        \"backupRetentionIntervalInHours\": 8,\r\n        \"backupStorageRedundancy\": \"Geo\"\r\n      }\r\n    },\r\n    \"networkAclBypassResourceIds\": [],\r\n    \"diagnosticLogSettings\": {\r\n      \"enableFullTextQuery\": \"None\"\r\n    }\r\n  },\r\n  \"identity\": {\r\n    \"type\": \"None\"\r\n  }\r\n}",
      "StatusCode": 200
    },
    {
      "RequestUri": "/subscriptions/12053b8f-cab5-4f5c-9c1a-870580142abd/resourceGroups/CosmosDBDotNetSDKTestsRG4689/providers/Microsoft.DocumentDB/databaseAccounts/databaseaccount6473?api-version=2021-10-15-preview",
      "EncodedRequestUri": "L3N1YnNjcmlwdGlvbnMvMTIwNTNiOGYtY2FiNS00ZjVjLTljMWEtODcwNTgwMTQyYWJkL3Jlc291cmNlR3JvdXBzL0Nvc21vc0RCRG90TmV0U0RLVGVzdHNSRzQ2ODkvcHJvdmlkZXJzL01pY3Jvc29mdC5Eb2N1bWVudERCL2RhdGFiYXNlQWNjb3VudHMvZGF0YWJhc2VhY2NvdW50NjQ3Mz9hcGktdmVyc2lvbj0yMDIxLTEwLTE1LXByZXZpZXc=",
      "RequestMethod": "GET",
      "RequestBody": "",
      "RequestHeaders": {
        "User-Agent": [
          "FxVersion/4.6.28207.03",
          "OSName/Windows",
          "OSVersion/Microsoft.Windows.10.0.22000.",
          "Microsoft.Azure.Management.CosmosDB.CosmosDBManagementClient/3.2.0.0"
        ]
      },
      "ResponseHeaders": {
        "Cache-Control": [
          "no-store, no-cache"
        ],
        "Pragma": [
          "no-cache"
        ],
        "Strict-Transport-Security": [
          "max-age=31536000; includeSubDomains"
        ],
        "x-ms-gatewayversion": [
          "version=2.14.0"
        ],
        "Server": [
          "Microsoft-HTTPAPI/2.0"
        ],
        "x-ms-ratelimit-remaining-subscription-reads": [
          "11976"
        ],
        "x-ms-request-id": [
          "778bc203-5996-42db-9b7a-204aa2b69538"
        ],
        "x-ms-correlation-request-id": [
          "778bc203-5996-42db-9b7a-204aa2b69538"
        ],
        "x-ms-routing-request-id": [
          "SOUTHINDIA:20220211T101235Z:778bc203-5996-42db-9b7a-204aa2b69538"
        ],
        "X-Content-Type-Options": [
          "nosniff"
        ],
        "Date": [
          "Fri, 11 Feb 2022 10:12:34 GMT"
        ],
        "Content-Length": [
          "2428"
        ],
        "Content-Type": [
          "application/json"
        ]
      },
      "ResponseBody": "{\r\n  \"id\": \"/subscriptions/12053b8f-cab5-4f5c-9c1a-870580142abd/resourceGroups/CosmosDBDotNetSDKTestsRG4689/providers/Microsoft.DocumentDB/databaseAccounts/databaseaccount6473\",\r\n  \"name\": \"databaseaccount6473\",\r\n  \"location\": \"Central US\",\r\n  \"type\": \"Microsoft.DocumentDB/databaseAccounts\",\r\n  \"kind\": \"GlobalDocumentDB\",\r\n  \"tags\": {},\r\n  \"systemData\": {\r\n    \"createdAt\": \"2022-02-11T10:03:23.7048918Z\"\r\n  },\r\n  \"properties\": {\r\n    \"provisioningState\": \"Succeeded\",\r\n    \"documentEndpoint\": \"https://databaseaccount6473.documents.azure.com:443/\",\r\n    \"publicNetworkAccess\": \"Enabled\",\r\n    \"enableAutomaticFailover\": false,\r\n    \"enableMultipleWriteLocations\": false,\r\n    \"enablePartitionKeyMonitor\": false,\r\n    \"isVirtualNetworkFilterEnabled\": false,\r\n    \"virtualNetworkRules\": [],\r\n    \"EnabledApiTypes\": \"Sql\",\r\n    \"disableKeyBasedMetadataWriteAccess\": false,\r\n    \"enableFreeTier\": false,\r\n    \"enableAnalyticalStorage\": false,\r\n    \"analyticalStorageConfiguration\": {\r\n      \"schemaType\": \"WellDefined\"\r\n    },\r\n    \"instanceId\": \"17bb38db-789d-4406-a674-b7d085d7bda7\",\r\n    \"databaseAccountOfferType\": \"Standard\",\r\n    \"enableCassandraConnector\": false,\r\n    \"connectorOffer\": \"\",\r\n    \"enableMaterializedViews\": false,\r\n    \"defaultIdentity\": \"FirstPartyIdentity\",\r\n    \"networkAclBypass\": \"None\",\r\n    \"disableLocalAuth\": false,\r\n    \"consistencyPolicy\": {\r\n      \"defaultConsistencyLevel\": \"Session\",\r\n      \"maxIntervalInSeconds\": 5,\r\n      \"maxStalenessPrefix\": 100\r\n    },\r\n    \"configurationOverrides\": {},\r\n    \"writeLocations\": [\r\n      {\r\n        \"id\": \"databaseaccount6473-centralus\",\r\n        \"locationName\": \"Central US\",\r\n        \"documentEndpoint\": \"https://databaseaccount6473-centralus.documents.azure.com:443/\",\r\n        \"provisioningState\": \"Succeeded\",\r\n        \"failoverPriority\": 0,\r\n        \"isZoneRedundant\": false\r\n      }\r\n    ],\r\n    \"readLocations\": [\r\n      {\r\n        \"id\": \"databaseaccount6473-centralus\",\r\n        \"locationName\": \"Central US\",\r\n        \"documentEndpoint\": \"https://databaseaccount6473-centralus.documents.azure.com:443/\",\r\n        \"provisioningState\": \"Succeeded\",\r\n        \"failoverPriority\": 0,\r\n        \"isZoneRedundant\": false\r\n      }\r\n    ],\r\n    \"locations\": [\r\n      {\r\n        \"id\": \"databaseaccount6473-centralus\",\r\n        \"locationName\": \"Central US\",\r\n        \"documentEndpoint\": \"https://databaseaccount6473-centralus.documents.azure.com:443/\",\r\n        \"provisioningState\": \"Succeeded\",\r\n        \"failoverPriority\": 0,\r\n        \"isZoneRedundant\": false\r\n      }\r\n    ],\r\n    \"failoverPolicies\": [\r\n      {\r\n        \"id\": \"databaseaccount6473-centralus\",\r\n        \"locationName\": \"Central US\",\r\n        \"failoverPriority\": 0\r\n      }\r\n    ],\r\n    \"cors\": [],\r\n    \"capabilities\": [],\r\n    \"ipRules\": [],\r\n    \"backupPolicy\": {\r\n      \"type\": \"Periodic\",\r\n      \"periodicModeProperties\": {\r\n        \"backupIntervalInMinutes\": 60,\r\n        \"backupRetentionIntervalInHours\": 8,\r\n        \"backupStorageRedundancy\": \"Geo\"\r\n      }\r\n    },\r\n    \"networkAclBypassResourceIds\": [],\r\n    \"diagnosticLogSettings\": {\r\n      \"enableFullTextQuery\": \"None\"\r\n    }\r\n  },\r\n  \"identity\": {\r\n    \"type\": \"None\"\r\n  }\r\n}",
      "StatusCode": 200
    },
    {
      "RequestUri": "/subscriptions/12053b8f-cab5-4f5c-9c1a-870580142abd/resourceGroups/CosmosDBDotNetSDKTestsRG4689/providers/Microsoft.DocumentDB/databaseAccounts/databaseaccount6473?api-version=2021-10-15-preview",
      "EncodedRequestUri": "L3N1YnNjcmlwdGlvbnMvMTIwNTNiOGYtY2FiNS00ZjVjLTljMWEtODcwNTgwMTQyYWJkL3Jlc291cmNlR3JvdXBzL0Nvc21vc0RCRG90TmV0U0RLVGVzdHNSRzQ2ODkvcHJvdmlkZXJzL01pY3Jvc29mdC5Eb2N1bWVudERCL2RhdGFiYXNlQWNjb3VudHMvZGF0YWJhc2VhY2NvdW50NjQ3Mz9hcGktdmVyc2lvbj0yMDIxLTEwLTE1LXByZXZpZXc=",
      "RequestMethod": "GET",
      "RequestBody": "",
      "RequestHeaders": {
        "User-Agent": [
          "FxVersion/4.6.28207.03",
          "OSName/Windows",
          "OSVersion/Microsoft.Windows.10.0.22000.",
          "Microsoft.Azure.Management.CosmosDB.CosmosDBManagementClient/3.2.0.0"
        ]
      },
      "ResponseHeaders": {
        "Cache-Control": [
          "no-store, no-cache"
        ],
        "Pragma": [
          "no-cache"
        ],
        "Strict-Transport-Security": [
          "max-age=31536000; includeSubDomains"
        ],
        "x-ms-gatewayversion": [
          "version=2.14.0"
        ],
        "Server": [
          "Microsoft-HTTPAPI/2.0"
        ],
        "x-ms-ratelimit-remaining-subscription-reads": [
          "11965"
        ],
        "x-ms-request-id": [
          "0d30661b-d695-42cb-aabb-b1948b80d801"
        ],
        "x-ms-correlation-request-id": [
          "0d30661b-d695-42cb-aabb-b1948b80d801"
        ],
        "x-ms-routing-request-id": [
          "SOUTHINDIA:20220211T101749Z:0d30661b-d695-42cb-aabb-b1948b80d801"
        ],
        "X-Content-Type-Options": [
          "nosniff"
        ],
        "Date": [
          "Fri, 11 Feb 2022 10:17:49 GMT"
        ],
        "Content-Length": [
          "2431"
        ],
        "Content-Type": [
          "application/json"
        ]
      },
      "ResponseBody": "{\r\n  \"id\": \"/subscriptions/12053b8f-cab5-4f5c-9c1a-870580142abd/resourceGroups/CosmosDBDotNetSDKTestsRG4689/providers/Microsoft.DocumentDB/databaseAccounts/databaseaccount6473\",\r\n  \"name\": \"databaseaccount6473\",\r\n  \"location\": \"Central US\",\r\n  \"type\": \"Microsoft.DocumentDB/databaseAccounts\",\r\n  \"kind\": \"GlobalDocumentDB\",\r\n  \"tags\": {},\r\n  \"systemData\": {\r\n    \"createdAt\": \"2022-02-11T10:03:23.7048918Z\"\r\n  },\r\n  \"properties\": {\r\n    \"provisioningState\": \"Succeeded\",\r\n    \"documentEndpoint\": \"https://databaseaccount6473.documents.azure.com:443/\",\r\n    \"publicNetworkAccess\": \"Enabled\",\r\n    \"enableAutomaticFailover\": false,\r\n    \"enableMultipleWriteLocations\": false,\r\n    \"enablePartitionKeyMonitor\": false,\r\n    \"isVirtualNetworkFilterEnabled\": false,\r\n    \"virtualNetworkRules\": [],\r\n    \"EnabledApiTypes\": \"Sql\",\r\n    \"disableKeyBasedMetadataWriteAccess\": false,\r\n    \"enableFreeTier\": false,\r\n    \"enableAnalyticalStorage\": false,\r\n    \"analyticalStorageConfiguration\": {\r\n      \"schemaType\": \"WellDefined\"\r\n    },\r\n    \"instanceId\": \"17bb38db-789d-4406-a674-b7d085d7bda7\",\r\n    \"databaseAccountOfferType\": \"Standard\",\r\n    \"enableCassandraConnector\": false,\r\n    \"connectorOffer\": \"\",\r\n    \"enableMaterializedViews\": false,\r\n    \"defaultIdentity\": \"FirstPartyIdentity\",\r\n    \"networkAclBypass\": \"None\",\r\n    \"disableLocalAuth\": false,\r\n    \"consistencyPolicy\": {\r\n      \"defaultConsistencyLevel\": \"Session\",\r\n      \"maxIntervalInSeconds\": 5,\r\n      \"maxStalenessPrefix\": 100\r\n    },\r\n    \"configurationOverrides\": {},\r\n    \"writeLocations\": [\r\n      {\r\n        \"id\": \"databaseaccount6473-centralus\",\r\n        \"locationName\": \"Central US\",\r\n        \"documentEndpoint\": \"https://databaseaccount6473-centralus.documents.azure.com:443/\",\r\n        \"provisioningState\": \"Succeeded\",\r\n        \"failoverPriority\": 0,\r\n        \"isZoneRedundant\": false\r\n      }\r\n    ],\r\n    \"readLocations\": [\r\n      {\r\n        \"id\": \"databaseaccount6473-centralus\",\r\n        \"locationName\": \"Central US\",\r\n        \"documentEndpoint\": \"https://databaseaccount6473-centralus.documents.azure.com:443/\",\r\n        \"provisioningState\": \"Succeeded\",\r\n        \"failoverPriority\": 0,\r\n        \"isZoneRedundant\": false\r\n      }\r\n    ],\r\n    \"locations\": [\r\n      {\r\n        \"id\": \"databaseaccount6473-centralus\",\r\n        \"locationName\": \"Central US\",\r\n        \"documentEndpoint\": \"https://databaseaccount6473-centralus.documents.azure.com:443/\",\r\n        \"provisioningState\": \"Succeeded\",\r\n        \"failoverPriority\": 0,\r\n        \"isZoneRedundant\": false\r\n      }\r\n    ],\r\n    \"failoverPolicies\": [\r\n      {\r\n        \"id\": \"databaseaccount6473-centralus\",\r\n        \"locationName\": \"Central US\",\r\n        \"failoverPriority\": 0\r\n      }\r\n    ],\r\n    \"cors\": [],\r\n    \"capabilities\": [],\r\n    \"ipRules\": [],\r\n    \"backupPolicy\": {\r\n      \"type\": \"Periodic\",\r\n      \"periodicModeProperties\": {\r\n        \"backupIntervalInMinutes\": 60,\r\n        \"backupRetentionIntervalInHours\": 12,\r\n        \"backupStorageRedundancy\": \"Local\"\r\n      }\r\n    },\r\n    \"networkAclBypassResourceIds\": [],\r\n    \"diagnosticLogSettings\": {\r\n      \"enableFullTextQuery\": \"None\"\r\n    }\r\n  },\r\n  \"identity\": {\r\n    \"type\": \"None\"\r\n  }\r\n}",
      "StatusCode": 200
    },
    {
      "RequestUri": "/subscriptions/12053b8f-cab5-4f5c-9c1a-870580142abd/providers/Microsoft.DocumentDB/locations/centralus/operationsStatus/40abab7a-9303-4764-be16-32dff805fa2b?api-version=2021-10-15-preview",
      "EncodedRequestUri": "L3N1YnNjcmlwdGlvbnMvMTIwNTNiOGYtY2FiNS00ZjVjLTljMWEtODcwNTgwMTQyYWJkL3Byb3ZpZGVycy9NaWNyb3NvZnQuRG9jdW1lbnREQi9sb2NhdGlvbnMvY2VudHJhbHVzL29wZXJhdGlvbnNTdGF0dXMvNDBhYmFiN2EtOTMwMy00NzY0LWJlMTYtMzJkZmY4MDVmYTJiP2FwaS12ZXJzaW9uPTIwMjEtMTAtMTUtcHJldmlldw==",
      "RequestMethod": "GET",
      "RequestBody": "",
      "RequestHeaders": {
        "User-Agent": [
          "FxVersion/4.6.28207.03",
          "OSName/Windows",
          "OSVersion/Microsoft.Windows.10.0.22000.",
          "Microsoft.Azure.Management.CosmosDB.CosmosDBManagementClient/3.2.0.0"
        ]
      },
      "ResponseHeaders": {
        "Cache-Control": [
          "no-store, no-cache"
        ],
        "Pragma": [
          "no-cache"
        ],
        "Strict-Transport-Security": [
          "max-age=31536000; includeSubDomains"
        ],
        "x-ms-gatewayversion": [
          "version=2.14.0"
        ],
        "Server": [
          "Microsoft-HTTPAPI/2.0"
        ],
        "x-ms-ratelimit-remaining-subscription-reads": [
          "11992"
        ],
        "x-ms-request-id": [
          "d84465e4-3e32-4e36-87f6-e7b32346433c"
        ],
        "x-ms-correlation-request-id": [
          "d84465e4-3e32-4e36-87f6-e7b32346433c"
        ],
        "x-ms-routing-request-id": [
          "SOUTHINDIA:20220211T100453Z:d84465e4-3e32-4e36-87f6-e7b32346433c"
        ],
        "X-Content-Type-Options": [
          "nosniff"
        ],
        "Date": [
          "Fri, 11 Feb 2022 10:04:53 GMT"
        ],
        "Content-Length": [
          "21"
        ],
        "Content-Type": [
          "application/json"
        ]
      },
      "ResponseBody": "{\r\n  \"status\": \"Dequeued\"\r\n}",
      "StatusCode": 200
    },
    {
      "RequestUri": "/subscriptions/12053b8f-cab5-4f5c-9c1a-870580142abd/providers/Microsoft.DocumentDB/locations/centralus/operationsStatus/40abab7a-9303-4764-be16-32dff805fa2b?api-version=2021-10-15-preview",
      "EncodedRequestUri": "L3N1YnNjcmlwdGlvbnMvMTIwNTNiOGYtY2FiNS00ZjVjLTljMWEtODcwNTgwMTQyYWJkL3Byb3ZpZGVycy9NaWNyb3NvZnQuRG9jdW1lbnREQi9sb2NhdGlvbnMvY2VudHJhbHVzL29wZXJhdGlvbnNTdGF0dXMvNDBhYmFiN2EtOTMwMy00NzY0LWJlMTYtMzJkZmY4MDVmYTJiP2FwaS12ZXJzaW9uPTIwMjEtMTAtMTUtcHJldmlldw==",
      "RequestMethod": "GET",
      "RequestBody": "",
      "RequestHeaders": {
        "User-Agent": [
          "FxVersion/4.6.28207.03",
          "OSName/Windows",
          "OSVersion/Microsoft.Windows.10.0.22000.",
          "Microsoft.Azure.Management.CosmosDB.CosmosDBManagementClient/3.2.0.0"
        ]
      },
      "ResponseHeaders": {
        "Cache-Control": [
          "no-store, no-cache"
        ],
        "Pragma": [
          "no-cache"
        ],
        "Strict-Transport-Security": [
          "max-age=31536000; includeSubDomains"
        ],
        "x-ms-gatewayversion": [
          "version=2.14.0"
        ],
        "Server": [
          "Microsoft-HTTPAPI/2.0"
        ],
        "x-ms-ratelimit-remaining-subscription-reads": [
          "11991"
        ],
        "x-ms-request-id": [
          "f8b8678b-f4d3-40da-a294-65fe9e9d2fc5"
        ],
        "x-ms-correlation-request-id": [
          "f8b8678b-f4d3-40da-a294-65fe9e9d2fc5"
        ],
        "x-ms-routing-request-id": [
          "SOUTHINDIA:20220211T100524Z:f8b8678b-f4d3-40da-a294-65fe9e9d2fc5"
        ],
        "X-Content-Type-Options": [
          "nosniff"
        ],
        "Date": [
          "Fri, 11 Feb 2022 10:05:24 GMT"
        ],
        "Content-Length": [
          "21"
        ],
        "Content-Type": [
          "application/json"
        ]
      },
      "ResponseBody": "{\r\n  \"status\": \"Dequeued\"\r\n}",
      "StatusCode": 200
    },
    {
      "RequestUri": "/subscriptions/12053b8f-cab5-4f5c-9c1a-870580142abd/providers/Microsoft.DocumentDB/locations/centralus/operationsStatus/40abab7a-9303-4764-be16-32dff805fa2b?api-version=2021-10-15-preview",
      "EncodedRequestUri": "L3N1YnNjcmlwdGlvbnMvMTIwNTNiOGYtY2FiNS00ZjVjLTljMWEtODcwNTgwMTQyYWJkL3Byb3ZpZGVycy9NaWNyb3NvZnQuRG9jdW1lbnREQi9sb2NhdGlvbnMvY2VudHJhbHVzL29wZXJhdGlvbnNTdGF0dXMvNDBhYmFiN2EtOTMwMy00NzY0LWJlMTYtMzJkZmY4MDVmYTJiP2FwaS12ZXJzaW9uPTIwMjEtMTAtMTUtcHJldmlldw==",
      "RequestMethod": "GET",
      "RequestBody": "",
      "RequestHeaders": {
        "User-Agent": [
          "FxVersion/4.6.28207.03",
          "OSName/Windows",
          "OSVersion/Microsoft.Windows.10.0.22000.",
          "Microsoft.Azure.Management.CosmosDB.CosmosDBManagementClient/3.2.0.0"
        ]
      },
      "ResponseHeaders": {
        "Cache-Control": [
          "no-store, no-cache"
        ],
        "Pragma": [
          "no-cache"
        ],
        "Strict-Transport-Security": [
          "max-age=31536000; includeSubDomains"
        ],
        "x-ms-gatewayversion": [
          "version=2.14.0"
        ],
        "Server": [
          "Microsoft-HTTPAPI/2.0"
        ],
        "x-ms-ratelimit-remaining-subscription-reads": [
          "11990"
        ],
        "x-ms-request-id": [
          "e9e6c782-1db5-4d51-ab04-ff0667f150d8"
        ],
        "x-ms-correlation-request-id": [
          "e9e6c782-1db5-4d51-ab04-ff0667f150d8"
        ],
        "x-ms-routing-request-id": [
          "SOUTHINDIA:20220211T100555Z:e9e6c782-1db5-4d51-ab04-ff0667f150d8"
        ],
        "X-Content-Type-Options": [
          "nosniff"
        ],
        "Date": [
          "Fri, 11 Feb 2022 10:05:54 GMT"
        ],
        "Content-Length": [
          "21"
        ],
        "Content-Type": [
          "application/json"
        ]
      },
      "ResponseBody": "{\r\n  \"status\": \"Dequeued\"\r\n}",
      "StatusCode": 200
    },
    {
      "RequestUri": "/subscriptions/12053b8f-cab5-4f5c-9c1a-870580142abd/providers/Microsoft.DocumentDB/locations/centralus/operationsStatus/40abab7a-9303-4764-be16-32dff805fa2b?api-version=2021-10-15-preview",
      "EncodedRequestUri": "L3N1YnNjcmlwdGlvbnMvMTIwNTNiOGYtY2FiNS00ZjVjLTljMWEtODcwNTgwMTQyYWJkL3Byb3ZpZGVycy9NaWNyb3NvZnQuRG9jdW1lbnREQi9sb2NhdGlvbnMvY2VudHJhbHVzL29wZXJhdGlvbnNTdGF0dXMvNDBhYmFiN2EtOTMwMy00NzY0LWJlMTYtMzJkZmY4MDVmYTJiP2FwaS12ZXJzaW9uPTIwMjEtMTAtMTUtcHJldmlldw==",
      "RequestMethod": "GET",
      "RequestBody": "",
      "RequestHeaders": {
        "User-Agent": [
          "FxVersion/4.6.28207.03",
          "OSName/Windows",
          "OSVersion/Microsoft.Windows.10.0.22000.",
          "Microsoft.Azure.Management.CosmosDB.CosmosDBManagementClient/3.2.0.0"
        ]
      },
      "ResponseHeaders": {
        "Cache-Control": [
          "no-store, no-cache"
        ],
        "Pragma": [
          "no-cache"
        ],
        "Strict-Transport-Security": [
          "max-age=31536000; includeSubDomains"
        ],
        "x-ms-gatewayversion": [
          "version=2.14.0"
        ],
        "Server": [
          "Microsoft-HTTPAPI/2.0"
        ],
        "x-ms-ratelimit-remaining-subscription-reads": [
          "11989"
        ],
        "x-ms-request-id": [
          "fa6eaf26-0bd6-40b8-99f6-e491e9b52f9a"
        ],
        "x-ms-correlation-request-id": [
          "fa6eaf26-0bd6-40b8-99f6-e491e9b52f9a"
        ],
        "x-ms-routing-request-id": [
          "SOUTHINDIA:20220211T100626Z:fa6eaf26-0bd6-40b8-99f6-e491e9b52f9a"
        ],
        "X-Content-Type-Options": [
          "nosniff"
        ],
        "Date": [
          "Fri, 11 Feb 2022 10:06:25 GMT"
        ],
        "Content-Length": [
          "21"
        ],
        "Content-Type": [
          "application/json"
        ]
      },
      "ResponseBody": "{\r\n  \"status\": \"Dequeued\"\r\n}",
      "StatusCode": 200
    },
    {
      "RequestUri": "/subscriptions/12053b8f-cab5-4f5c-9c1a-870580142abd/providers/Microsoft.DocumentDB/locations/centralus/operationsStatus/40abab7a-9303-4764-be16-32dff805fa2b?api-version=2021-10-15-preview",
      "EncodedRequestUri": "L3N1YnNjcmlwdGlvbnMvMTIwNTNiOGYtY2FiNS00ZjVjLTljMWEtODcwNTgwMTQyYWJkL3Byb3ZpZGVycy9NaWNyb3NvZnQuRG9jdW1lbnREQi9sb2NhdGlvbnMvY2VudHJhbHVzL29wZXJhdGlvbnNTdGF0dXMvNDBhYmFiN2EtOTMwMy00NzY0LWJlMTYtMzJkZmY4MDVmYTJiP2FwaS12ZXJzaW9uPTIwMjEtMTAtMTUtcHJldmlldw==",
      "RequestMethod": "GET",
      "RequestBody": "",
      "RequestHeaders": {
        "User-Agent": [
          "FxVersion/4.6.28207.03",
          "OSName/Windows",
          "OSVersion/Microsoft.Windows.10.0.22000.",
          "Microsoft.Azure.Management.CosmosDB.CosmosDBManagementClient/3.2.0.0"
        ]
      },
      "ResponseHeaders": {
        "Cache-Control": [
          "no-store, no-cache"
        ],
        "Pragma": [
          "no-cache"
        ],
        "Strict-Transport-Security": [
          "max-age=31536000; includeSubDomains"
        ],
        "x-ms-gatewayversion": [
          "version=2.14.0"
        ],
        "Server": [
          "Microsoft-HTTPAPI/2.0"
        ],
        "x-ms-ratelimit-remaining-subscription-reads": [
          "11988"
        ],
        "x-ms-request-id": [
          "42569ee4-7eb7-4fe6-8326-8fdf22d8fc02"
        ],
        "x-ms-correlation-request-id": [
          "42569ee4-7eb7-4fe6-8326-8fdf22d8fc02"
        ],
        "x-ms-routing-request-id": [
          "SOUTHINDIA:20220211T100656Z:42569ee4-7eb7-4fe6-8326-8fdf22d8fc02"
        ],
        "X-Content-Type-Options": [
          "nosniff"
        ],
        "Date": [
          "Fri, 11 Feb 2022 10:06:55 GMT"
        ],
        "Content-Length": [
          "21"
        ],
        "Content-Type": [
          "application/json"
        ]
      },
      "ResponseBody": "{\r\n  \"status\": \"Dequeued\"\r\n}",
      "StatusCode": 200
    },
    {
      "RequestUri": "/subscriptions/12053b8f-cab5-4f5c-9c1a-870580142abd/providers/Microsoft.DocumentDB/locations/centralus/operationsStatus/40abab7a-9303-4764-be16-32dff805fa2b?api-version=2021-10-15-preview",
      "EncodedRequestUri": "L3N1YnNjcmlwdGlvbnMvMTIwNTNiOGYtY2FiNS00ZjVjLTljMWEtODcwNTgwMTQyYWJkL3Byb3ZpZGVycy9NaWNyb3NvZnQuRG9jdW1lbnREQi9sb2NhdGlvbnMvY2VudHJhbHVzL29wZXJhdGlvbnNTdGF0dXMvNDBhYmFiN2EtOTMwMy00NzY0LWJlMTYtMzJkZmY4MDVmYTJiP2FwaS12ZXJzaW9uPTIwMjEtMTAtMTUtcHJldmlldw==",
      "RequestMethod": "GET",
      "RequestBody": "",
      "RequestHeaders": {
        "User-Agent": [
          "FxVersion/4.6.28207.03",
          "OSName/Windows",
          "OSVersion/Microsoft.Windows.10.0.22000.",
          "Microsoft.Azure.Management.CosmosDB.CosmosDBManagementClient/3.2.0.0"
        ]
      },
      "ResponseHeaders": {
        "Cache-Control": [
          "no-store, no-cache"
        ],
        "Pragma": [
          "no-cache"
        ],
        "Strict-Transport-Security": [
          "max-age=31536000; includeSubDomains"
        ],
        "x-ms-gatewayversion": [
          "version=2.14.0"
        ],
        "Server": [
          "Microsoft-HTTPAPI/2.0"
        ],
        "x-ms-ratelimit-remaining-subscription-reads": [
          "11987"
        ],
        "x-ms-request-id": [
          "6a24daf5-b810-4337-8a7e-7ff3d48f9c90"
        ],
        "x-ms-correlation-request-id": [
          "6a24daf5-b810-4337-8a7e-7ff3d48f9c90"
        ],
        "x-ms-routing-request-id": [
          "SOUTHINDIA:20220211T100727Z:6a24daf5-b810-4337-8a7e-7ff3d48f9c90"
        ],
        "X-Content-Type-Options": [
          "nosniff"
        ],
        "Date": [
          "Fri, 11 Feb 2022 10:07:27 GMT"
        ],
        "Content-Length": [
          "21"
        ],
        "Content-Type": [
          "application/json"
        ]
      },
      "ResponseBody": "{\r\n  \"status\": \"Dequeued\"\r\n}",
      "StatusCode": 200
    },
    {
      "RequestUri": "/subscriptions/12053b8f-cab5-4f5c-9c1a-870580142abd/providers/Microsoft.DocumentDB/locations/centralus/operationsStatus/40abab7a-9303-4764-be16-32dff805fa2b?api-version=2021-10-15-preview",
      "EncodedRequestUri": "L3N1YnNjcmlwdGlvbnMvMTIwNTNiOGYtY2FiNS00ZjVjLTljMWEtODcwNTgwMTQyYWJkL3Byb3ZpZGVycy9NaWNyb3NvZnQuRG9jdW1lbnREQi9sb2NhdGlvbnMvY2VudHJhbHVzL29wZXJhdGlvbnNTdGF0dXMvNDBhYmFiN2EtOTMwMy00NzY0LWJlMTYtMzJkZmY4MDVmYTJiP2FwaS12ZXJzaW9uPTIwMjEtMTAtMTUtcHJldmlldw==",
      "RequestMethod": "GET",
      "RequestBody": "",
      "RequestHeaders": {
        "User-Agent": [
          "FxVersion/4.6.28207.03",
          "OSName/Windows",
          "OSVersion/Microsoft.Windows.10.0.22000.",
          "Microsoft.Azure.Management.CosmosDB.CosmosDBManagementClient/3.2.0.0"
        ]
      },
      "ResponseHeaders": {
        "Cache-Control": [
          "no-store, no-cache"
        ],
        "Pragma": [
          "no-cache"
        ],
        "Strict-Transport-Security": [
          "max-age=31536000; includeSubDomains"
        ],
        "x-ms-gatewayversion": [
          "version=2.14.0"
        ],
        "Server": [
          "Microsoft-HTTPAPI/2.0"
        ],
        "x-ms-ratelimit-remaining-subscription-reads": [
          "11986"
        ],
        "x-ms-request-id": [
          "9ea08152-ae78-436e-8ef7-152e5d528371"
        ],
        "x-ms-correlation-request-id": [
          "9ea08152-ae78-436e-8ef7-152e5d528371"
        ],
        "x-ms-routing-request-id": [
          "SOUTHINDIA:20220211T100757Z:9ea08152-ae78-436e-8ef7-152e5d528371"
        ],
        "X-Content-Type-Options": [
          "nosniff"
        ],
        "Date": [
          "Fri, 11 Feb 2022 10:07:57 GMT"
        ],
        "Content-Length": [
          "21"
        ],
        "Content-Type": [
          "application/json"
        ]
      },
      "ResponseBody": "{\r\n  \"status\": \"Dequeued\"\r\n}",
      "StatusCode": 200
    },
    {
      "RequestUri": "/subscriptions/12053b8f-cab5-4f5c-9c1a-870580142abd/providers/Microsoft.DocumentDB/locations/centralus/operationsStatus/40abab7a-9303-4764-be16-32dff805fa2b?api-version=2021-10-15-preview",
      "EncodedRequestUri": "L3N1YnNjcmlwdGlvbnMvMTIwNTNiOGYtY2FiNS00ZjVjLTljMWEtODcwNTgwMTQyYWJkL3Byb3ZpZGVycy9NaWNyb3NvZnQuRG9jdW1lbnREQi9sb2NhdGlvbnMvY2VudHJhbHVzL29wZXJhdGlvbnNTdGF0dXMvNDBhYmFiN2EtOTMwMy00NzY0LWJlMTYtMzJkZmY4MDVmYTJiP2FwaS12ZXJzaW9uPTIwMjEtMTAtMTUtcHJldmlldw==",
      "RequestMethod": "GET",
      "RequestBody": "",
      "RequestHeaders": {
        "User-Agent": [
          "FxVersion/4.6.28207.03",
          "OSName/Windows",
          "OSVersion/Microsoft.Windows.10.0.22000.",
          "Microsoft.Azure.Management.CosmosDB.CosmosDBManagementClient/3.2.0.0"
        ]
      },
      "ResponseHeaders": {
        "Cache-Control": [
          "no-store, no-cache"
        ],
        "Pragma": [
          "no-cache"
        ],
        "Strict-Transport-Security": [
          "max-age=31536000; includeSubDomains"
        ],
        "x-ms-gatewayversion": [
          "version=2.14.0"
        ],
        "Server": [
          "Microsoft-HTTPAPI/2.0"
        ],
        "x-ms-ratelimit-remaining-subscription-reads": [
          "11985"
        ],
        "x-ms-request-id": [
          "7887f034-6bd4-41b5-851e-797e15a0bfbd"
        ],
        "x-ms-correlation-request-id": [
          "7887f034-6bd4-41b5-851e-797e15a0bfbd"
        ],
        "x-ms-routing-request-id": [
          "SOUTHINDIA:20220211T100828Z:7887f034-6bd4-41b5-851e-797e15a0bfbd"
        ],
        "X-Content-Type-Options": [
          "nosniff"
        ],
        "Date": [
          "Fri, 11 Feb 2022 10:08:28 GMT"
        ],
        "Content-Length": [
          "21"
        ],
        "Content-Type": [
          "application/json"
        ]
      },
      "ResponseBody": "{\r\n  \"status\": \"Dequeued\"\r\n}",
      "StatusCode": 200
    },
    {
      "RequestUri": "/subscriptions/12053b8f-cab5-4f5c-9c1a-870580142abd/providers/Microsoft.DocumentDB/locations/centralus/operationsStatus/40abab7a-9303-4764-be16-32dff805fa2b?api-version=2021-10-15-preview",
      "EncodedRequestUri": "L3N1YnNjcmlwdGlvbnMvMTIwNTNiOGYtY2FiNS00ZjVjLTljMWEtODcwNTgwMTQyYWJkL3Byb3ZpZGVycy9NaWNyb3NvZnQuRG9jdW1lbnREQi9sb2NhdGlvbnMvY2VudHJhbHVzL29wZXJhdGlvbnNTdGF0dXMvNDBhYmFiN2EtOTMwMy00NzY0LWJlMTYtMzJkZmY4MDVmYTJiP2FwaS12ZXJzaW9uPTIwMjEtMTAtMTUtcHJldmlldw==",
      "RequestMethod": "GET",
      "RequestBody": "",
      "RequestHeaders": {
        "User-Agent": [
          "FxVersion/4.6.28207.03",
          "OSName/Windows",
          "OSVersion/Microsoft.Windows.10.0.22000.",
          "Microsoft.Azure.Management.CosmosDB.CosmosDBManagementClient/3.2.0.0"
        ]
      },
      "ResponseHeaders": {
        "Cache-Control": [
          "no-store, no-cache"
        ],
        "Pragma": [
          "no-cache"
        ],
        "Strict-Transport-Security": [
          "max-age=31536000; includeSubDomains"
        ],
        "x-ms-gatewayversion": [
          "version=2.14.0"
        ],
        "Server": [
          "Microsoft-HTTPAPI/2.0"
        ],
        "x-ms-ratelimit-remaining-subscription-reads": [
          "11984"
        ],
        "x-ms-request-id": [
          "8c0e0b93-9409-470d-b02f-1581be5946e6"
        ],
        "x-ms-correlation-request-id": [
          "8c0e0b93-9409-470d-b02f-1581be5946e6"
        ],
        "x-ms-routing-request-id": [
          "SOUTHINDIA:20220211T100859Z:8c0e0b93-9409-470d-b02f-1581be5946e6"
        ],
        "X-Content-Type-Options": [
          "nosniff"
        ],
        "Date": [
          "Fri, 11 Feb 2022 10:08:58 GMT"
        ],
        "Content-Length": [
          "21"
        ],
        "Content-Type": [
          "application/json"
        ]
      },
      "ResponseBody": "{\r\n  \"status\": \"Dequeued\"\r\n}",
      "StatusCode": 200
    },
    {
      "RequestUri": "/subscriptions/12053b8f-cab5-4f5c-9c1a-870580142abd/providers/Microsoft.DocumentDB/locations/centralus/operationsStatus/40abab7a-9303-4764-be16-32dff805fa2b?api-version=2021-10-15-preview",
      "EncodedRequestUri": "L3N1YnNjcmlwdGlvbnMvMTIwNTNiOGYtY2FiNS00ZjVjLTljMWEtODcwNTgwMTQyYWJkL3Byb3ZpZGVycy9NaWNyb3NvZnQuRG9jdW1lbnREQi9sb2NhdGlvbnMvY2VudHJhbHVzL29wZXJhdGlvbnNTdGF0dXMvNDBhYmFiN2EtOTMwMy00NzY0LWJlMTYtMzJkZmY4MDVmYTJiP2FwaS12ZXJzaW9uPTIwMjEtMTAtMTUtcHJldmlldw==",
      "RequestMethod": "GET",
      "RequestBody": "",
      "RequestHeaders": {
        "User-Agent": [
          "FxVersion/4.6.28207.03",
          "OSName/Windows",
          "OSVersion/Microsoft.Windows.10.0.22000.",
          "Microsoft.Azure.Management.CosmosDB.CosmosDBManagementClient/3.2.0.0"
        ]
      },
      "ResponseHeaders": {
        "Cache-Control": [
          "no-store, no-cache"
        ],
        "Pragma": [
          "no-cache"
        ],
        "Strict-Transport-Security": [
          "max-age=31536000; includeSubDomains"
        ],
        "x-ms-gatewayversion": [
          "version=2.14.0"
        ],
        "Server": [
          "Microsoft-HTTPAPI/2.0"
        ],
        "x-ms-ratelimit-remaining-subscription-reads": [
          "11983"
        ],
        "x-ms-request-id": [
          "71026208-12f1-4cfd-b697-2bd77dcf4639"
        ],
        "x-ms-correlation-request-id": [
          "71026208-12f1-4cfd-b697-2bd77dcf4639"
        ],
        "x-ms-routing-request-id": [
          "SOUTHINDIA:20220211T100930Z:71026208-12f1-4cfd-b697-2bd77dcf4639"
        ],
        "X-Content-Type-Options": [
          "nosniff"
        ],
        "Date": [
          "Fri, 11 Feb 2022 10:09:29 GMT"
        ],
        "Content-Length": [
          "21"
        ],
        "Content-Type": [
          "application/json"
        ]
      },
      "ResponseBody": "{\r\n  \"status\": \"Dequeued\"\r\n}",
      "StatusCode": 200
    },
    {
      "RequestUri": "/subscriptions/12053b8f-cab5-4f5c-9c1a-870580142abd/providers/Microsoft.DocumentDB/locations/centralus/operationsStatus/40abab7a-9303-4764-be16-32dff805fa2b?api-version=2021-10-15-preview",
      "EncodedRequestUri": "L3N1YnNjcmlwdGlvbnMvMTIwNTNiOGYtY2FiNS00ZjVjLTljMWEtODcwNTgwMTQyYWJkL3Byb3ZpZGVycy9NaWNyb3NvZnQuRG9jdW1lbnREQi9sb2NhdGlvbnMvY2VudHJhbHVzL29wZXJhdGlvbnNTdGF0dXMvNDBhYmFiN2EtOTMwMy00NzY0LWJlMTYtMzJkZmY4MDVmYTJiP2FwaS12ZXJzaW9uPTIwMjEtMTAtMTUtcHJldmlldw==",
      "RequestMethod": "GET",
      "RequestBody": "",
      "RequestHeaders": {
        "User-Agent": [
          "FxVersion/4.6.28207.03",
          "OSName/Windows",
          "OSVersion/Microsoft.Windows.10.0.22000.",
          "Microsoft.Azure.Management.CosmosDB.CosmosDBManagementClient/3.2.0.0"
        ]
      },
      "ResponseHeaders": {
        "Cache-Control": [
          "no-store, no-cache"
        ],
        "Pragma": [
          "no-cache"
        ],
        "Strict-Transport-Security": [
          "max-age=31536000; includeSubDomains"
        ],
        "x-ms-gatewayversion": [
          "version=2.14.0"
        ],
        "Server": [
          "Microsoft-HTTPAPI/2.0"
        ],
        "x-ms-ratelimit-remaining-subscription-reads": [
          "11982"
        ],
        "x-ms-request-id": [
          "4b144943-59ac-4688-85da-4452e5326f6b"
        ],
        "x-ms-correlation-request-id": [
          "4b144943-59ac-4688-85da-4452e5326f6b"
        ],
        "x-ms-routing-request-id": [
          "SOUTHINDIA:20220211T101000Z:4b144943-59ac-4688-85da-4452e5326f6b"
        ],
        "X-Content-Type-Options": [
          "nosniff"
        ],
        "Date": [
          "Fri, 11 Feb 2022 10:09:59 GMT"
        ],
        "Content-Length": [
          "21"
        ],
        "Content-Type": [
          "application/json"
        ]
      },
      "ResponseBody": "{\r\n  \"status\": \"Dequeued\"\r\n}",
      "StatusCode": 200
    },
    {
      "RequestUri": "/subscriptions/12053b8f-cab5-4f5c-9c1a-870580142abd/providers/Microsoft.DocumentDB/locations/centralus/operationsStatus/40abab7a-9303-4764-be16-32dff805fa2b?api-version=2021-10-15-preview",
      "EncodedRequestUri": "L3N1YnNjcmlwdGlvbnMvMTIwNTNiOGYtY2FiNS00ZjVjLTljMWEtODcwNTgwMTQyYWJkL3Byb3ZpZGVycy9NaWNyb3NvZnQuRG9jdW1lbnREQi9sb2NhdGlvbnMvY2VudHJhbHVzL29wZXJhdGlvbnNTdGF0dXMvNDBhYmFiN2EtOTMwMy00NzY0LWJlMTYtMzJkZmY4MDVmYTJiP2FwaS12ZXJzaW9uPTIwMjEtMTAtMTUtcHJldmlldw==",
      "RequestMethod": "GET",
      "RequestBody": "",
      "RequestHeaders": {
        "User-Agent": [
          "FxVersion/4.6.28207.03",
          "OSName/Windows",
          "OSVersion/Microsoft.Windows.10.0.22000.",
          "Microsoft.Azure.Management.CosmosDB.CosmosDBManagementClient/3.2.0.0"
        ]
      },
      "ResponseHeaders": {
        "Cache-Control": [
          "no-store, no-cache"
        ],
        "Pragma": [
          "no-cache"
        ],
        "Strict-Transport-Security": [
          "max-age=31536000; includeSubDomains"
        ],
        "x-ms-gatewayversion": [
          "version=2.14.0"
        ],
        "Server": [
          "Microsoft-HTTPAPI/2.0"
        ],
        "x-ms-ratelimit-remaining-subscription-reads": [
          "11981"
        ],
        "x-ms-request-id": [
          "ebe03cf8-b25b-48a6-9742-67fc76b45372"
        ],
        "x-ms-correlation-request-id": [
          "ebe03cf8-b25b-48a6-9742-67fc76b45372"
        ],
        "x-ms-routing-request-id": [
          "SOUTHINDIA:20220211T101031Z:ebe03cf8-b25b-48a6-9742-67fc76b45372"
        ],
        "X-Content-Type-Options": [
          "nosniff"
        ],
        "Date": [
          "Fri, 11 Feb 2022 10:10:31 GMT"
        ],
        "Content-Length": [
          "21"
        ],
        "Content-Type": [
          "application/json"
        ]
      },
      "ResponseBody": "{\r\n  \"status\": \"Dequeued\"\r\n}",
      "StatusCode": 200
    },
    {
      "RequestUri": "/subscriptions/12053b8f-cab5-4f5c-9c1a-870580142abd/providers/Microsoft.DocumentDB/locations/centralus/operationsStatus/40abab7a-9303-4764-be16-32dff805fa2b?api-version=2021-10-15-preview",
      "EncodedRequestUri": "L3N1YnNjcmlwdGlvbnMvMTIwNTNiOGYtY2FiNS00ZjVjLTljMWEtODcwNTgwMTQyYWJkL3Byb3ZpZGVycy9NaWNyb3NvZnQuRG9jdW1lbnREQi9sb2NhdGlvbnMvY2VudHJhbHVzL29wZXJhdGlvbnNTdGF0dXMvNDBhYmFiN2EtOTMwMy00NzY0LWJlMTYtMzJkZmY4MDVmYTJiP2FwaS12ZXJzaW9uPTIwMjEtMTAtMTUtcHJldmlldw==",
      "RequestMethod": "GET",
      "RequestBody": "",
      "RequestHeaders": {
        "User-Agent": [
          "FxVersion/4.6.28207.03",
          "OSName/Windows",
          "OSVersion/Microsoft.Windows.10.0.22000.",
          "Microsoft.Azure.Management.CosmosDB.CosmosDBManagementClient/3.2.0.0"
        ]
      },
      "ResponseHeaders": {
        "Cache-Control": [
          "no-store, no-cache"
        ],
        "Pragma": [
          "no-cache"
        ],
        "Strict-Transport-Security": [
          "max-age=31536000; includeSubDomains"
        ],
        "x-ms-gatewayversion": [
          "version=2.14.0"
        ],
        "Server": [
          "Microsoft-HTTPAPI/2.0"
        ],
        "x-ms-ratelimit-remaining-subscription-reads": [
          "11980"
        ],
        "x-ms-request-id": [
          "e878ef9a-6aed-4444-b6cd-d78d2157c382"
        ],
        "x-ms-correlation-request-id": [
          "e878ef9a-6aed-4444-b6cd-d78d2157c382"
        ],
        "x-ms-routing-request-id": [
          "SOUTHINDIA:20220211T101102Z:e878ef9a-6aed-4444-b6cd-d78d2157c382"
        ],
        "X-Content-Type-Options": [
          "nosniff"
        ],
        "Date": [
          "Fri, 11 Feb 2022 10:11:01 GMT"
        ],
        "Content-Length": [
          "21"
        ],
        "Content-Type": [
          "application/json"
        ]
      },
      "ResponseBody": "{\r\n  \"status\": \"Dequeued\"\r\n}",
      "StatusCode": 200
    },
    {
      "RequestUri": "/subscriptions/12053b8f-cab5-4f5c-9c1a-870580142abd/providers/Microsoft.DocumentDB/locations/centralus/operationsStatus/40abab7a-9303-4764-be16-32dff805fa2b?api-version=2021-10-15-preview",
      "EncodedRequestUri": "L3N1YnNjcmlwdGlvbnMvMTIwNTNiOGYtY2FiNS00ZjVjLTljMWEtODcwNTgwMTQyYWJkL3Byb3ZpZGVycy9NaWNyb3NvZnQuRG9jdW1lbnREQi9sb2NhdGlvbnMvY2VudHJhbHVzL29wZXJhdGlvbnNTdGF0dXMvNDBhYmFiN2EtOTMwMy00NzY0LWJlMTYtMzJkZmY4MDVmYTJiP2FwaS12ZXJzaW9uPTIwMjEtMTAtMTUtcHJldmlldw==",
      "RequestMethod": "GET",
      "RequestBody": "",
      "RequestHeaders": {
        "User-Agent": [
          "FxVersion/4.6.28207.03",
          "OSName/Windows",
          "OSVersion/Microsoft.Windows.10.0.22000.",
          "Microsoft.Azure.Management.CosmosDB.CosmosDBManagementClient/3.2.0.0"
        ]
      },
      "ResponseHeaders": {
        "Cache-Control": [
          "no-store, no-cache"
        ],
        "Pragma": [
          "no-cache"
        ],
        "Strict-Transport-Security": [
          "max-age=31536000; includeSubDomains"
        ],
        "x-ms-gatewayversion": [
          "version=2.14.0"
        ],
        "Server": [
          "Microsoft-HTTPAPI/2.0"
        ],
        "x-ms-ratelimit-remaining-subscription-reads": [
          "11979"
        ],
        "x-ms-request-id": [
          "e5f9926e-3b57-4c91-9e1e-27c3c8d91f4e"
        ],
        "x-ms-correlation-request-id": [
          "e5f9926e-3b57-4c91-9e1e-27c3c8d91f4e"
        ],
        "x-ms-routing-request-id": [
          "SOUTHINDIA:20220211T101133Z:e5f9926e-3b57-4c91-9e1e-27c3c8d91f4e"
        ],
        "X-Content-Type-Options": [
          "nosniff"
        ],
        "Date": [
          "Fri, 11 Feb 2022 10:11:32 GMT"
        ],
        "Content-Length": [
          "21"
        ],
        "Content-Type": [
          "application/json"
        ]
      },
      "ResponseBody": "{\r\n  \"status\": \"Dequeued\"\r\n}",
      "StatusCode": 200
    },
    {
      "RequestUri": "/subscriptions/12053b8f-cab5-4f5c-9c1a-870580142abd/providers/Microsoft.DocumentDB/locations/centralus/operationsStatus/40abab7a-9303-4764-be16-32dff805fa2b?api-version=2021-10-15-preview",
      "EncodedRequestUri": "L3N1YnNjcmlwdGlvbnMvMTIwNTNiOGYtY2FiNS00ZjVjLTljMWEtODcwNTgwMTQyYWJkL3Byb3ZpZGVycy9NaWNyb3NvZnQuRG9jdW1lbnREQi9sb2NhdGlvbnMvY2VudHJhbHVzL29wZXJhdGlvbnNTdGF0dXMvNDBhYmFiN2EtOTMwMy00NzY0LWJlMTYtMzJkZmY4MDVmYTJiP2FwaS12ZXJzaW9uPTIwMjEtMTAtMTUtcHJldmlldw==",
      "RequestMethod": "GET",
      "RequestBody": "",
      "RequestHeaders": {
        "User-Agent": [
          "FxVersion/4.6.28207.03",
          "OSName/Windows",
          "OSVersion/Microsoft.Windows.10.0.22000.",
          "Microsoft.Azure.Management.CosmosDB.CosmosDBManagementClient/3.2.0.0"
        ]
      },
      "ResponseHeaders": {
        "Cache-Control": [
          "no-store, no-cache"
        ],
        "Pragma": [
          "no-cache"
        ],
        "Strict-Transport-Security": [
          "max-age=31536000; includeSubDomains"
        ],
        "x-ms-gatewayversion": [
          "version=2.14.0"
        ],
        "Server": [
          "Microsoft-HTTPAPI/2.0"
        ],
        "x-ms-ratelimit-remaining-subscription-reads": [
          "11978"
        ],
        "x-ms-request-id": [
          "9c5ba2d4-aab9-460c-a00f-0635b7ef2f04"
        ],
        "x-ms-correlation-request-id": [
          "9c5ba2d4-aab9-460c-a00f-0635b7ef2f04"
        ],
        "x-ms-routing-request-id": [
          "SOUTHINDIA:20220211T101204Z:9c5ba2d4-aab9-460c-a00f-0635b7ef2f04"
        ],
        "X-Content-Type-Options": [
          "nosniff"
        ],
        "Date": [
          "Fri, 11 Feb 2022 10:12:04 GMT"
        ],
        "Content-Length": [
          "21"
        ],
        "Content-Type": [
          "application/json"
        ]
      },
      "ResponseBody": "{\r\n  \"status\": \"Dequeued\"\r\n}",
      "StatusCode": 200
    },
    {
      "RequestUri": "/subscriptions/12053b8f-cab5-4f5c-9c1a-870580142abd/providers/Microsoft.DocumentDB/locations/centralus/operationsStatus/40abab7a-9303-4764-be16-32dff805fa2b?api-version=2021-10-15-preview",
      "EncodedRequestUri": "L3N1YnNjcmlwdGlvbnMvMTIwNTNiOGYtY2FiNS00ZjVjLTljMWEtODcwNTgwMTQyYWJkL3Byb3ZpZGVycy9NaWNyb3NvZnQuRG9jdW1lbnREQi9sb2NhdGlvbnMvY2VudHJhbHVzL29wZXJhdGlvbnNTdGF0dXMvNDBhYmFiN2EtOTMwMy00NzY0LWJlMTYtMzJkZmY4MDVmYTJiP2FwaS12ZXJzaW9uPTIwMjEtMTAtMTUtcHJldmlldw==",
      "RequestMethod": "GET",
      "RequestBody": "",
      "RequestHeaders": {
        "User-Agent": [
          "FxVersion/4.6.28207.03",
          "OSName/Windows",
          "OSVersion/Microsoft.Windows.10.0.22000.",
          "Microsoft.Azure.Management.CosmosDB.CosmosDBManagementClient/3.2.0.0"
        ]
      },
      "ResponseHeaders": {
        "Cache-Control": [
          "no-store, no-cache"
        ],
        "Pragma": [
          "no-cache"
        ],
        "Strict-Transport-Security": [
          "max-age=31536000; includeSubDomains"
        ],
        "x-ms-gatewayversion": [
          "version=2.14.0"
        ],
        "Server": [
          "Microsoft-HTTPAPI/2.0"
        ],
        "x-ms-ratelimit-remaining-subscription-reads": [
          "11977"
        ],
        "x-ms-request-id": [
          "1c2aac7e-f100-4dfa-a8f2-a9693ec7a464"
        ],
        "x-ms-correlation-request-id": [
          "1c2aac7e-f100-4dfa-a8f2-a9693ec7a464"
        ],
        "x-ms-routing-request-id": [
          "SOUTHINDIA:20220211T101235Z:1c2aac7e-f100-4dfa-a8f2-a9693ec7a464"
        ],
        "X-Content-Type-Options": [
          "nosniff"
        ],
        "Date": [
          "Fri, 11 Feb 2022 10:12:34 GMT"
        ],
        "Content-Length": [
          "22"
        ],
        "Content-Type": [
          "application/json"
        ]
      },
      "ResponseBody": "{\r\n  \"status\": \"Succeeded\"\r\n}",
      "StatusCode": 200
    },
    {
      "RequestUri": "/subscriptions/12053b8f-cab5-4f5c-9c1a-870580142abd/providers/Microsoft.DocumentDB/locations/centralus/operationsStatus/cd7f92a1-8f55-43bc-87fb-f49bfceb53f3?api-version=2021-10-15-preview",
      "EncodedRequestUri": "L3N1YnNjcmlwdGlvbnMvMTIwNTNiOGYtY2FiNS00ZjVjLTljMWEtODcwNTgwMTQyYWJkL3Byb3ZpZGVycy9NaWNyb3NvZnQuRG9jdW1lbnREQi9sb2NhdGlvbnMvY2VudHJhbHVzL29wZXJhdGlvbnNTdGF0dXMvY2Q3ZjkyYTEtOGY1NS00M2JjLTg3ZmItZjQ5YmZjZWI1M2YzP2FwaS12ZXJzaW9uPTIwMjEtMTAtMTUtcHJldmlldw==",
      "RequestMethod": "GET",
      "RequestBody": "",
      "RequestHeaders": {
        "User-Agent": [
          "FxVersion/4.6.28207.03",
          "OSName/Windows",
          "OSVersion/Microsoft.Windows.10.0.22000.",
          "Microsoft.Azure.Management.CosmosDB.CosmosDBManagementClient/3.2.0.0"
        ]
      },
      "ResponseHeaders": {
        "Cache-Control": [
          "no-store, no-cache"
        ],
        "Pragma": [
          "no-cache"
        ],
        "Strict-Transport-Security": [
          "max-age=31536000; includeSubDomains"
        ],
        "x-ms-gatewayversion": [
          "version=2.14.0"
        ],
        "Server": [
          "Microsoft-HTTPAPI/2.0"
        ],
        "x-ms-ratelimit-remaining-subscription-reads": [
          "11975"
        ],
        "x-ms-request-id": [
          "dbfcb3fe-a9ac-4580-9f2b-e9e6f42c527d"
        ],
        "x-ms-correlation-request-id": [
          "dbfcb3fe-a9ac-4580-9f2b-e9e6f42c527d"
        ],
        "x-ms-routing-request-id": [
          "SOUTHINDIA:20220211T101311Z:dbfcb3fe-a9ac-4580-9f2b-e9e6f42c527d"
        ],
        "X-Content-Type-Options": [
          "nosniff"
        ],
        "Date": [
          "Fri, 11 Feb 2022 10:13:11 GMT"
        ],
        "Content-Length": [
          "21"
        ],
        "Content-Type": [
          "application/json"
        ]
      },
      "ResponseBody": "{\r\n  \"status\": \"Dequeued\"\r\n}",
      "StatusCode": 200
    },
    {
      "RequestUri": "/subscriptions/12053b8f-cab5-4f5c-9c1a-870580142abd/providers/Microsoft.DocumentDB/locations/centralus/operationsStatus/cd7f92a1-8f55-43bc-87fb-f49bfceb53f3?api-version=2021-10-15-preview",
      "EncodedRequestUri": "L3N1YnNjcmlwdGlvbnMvMTIwNTNiOGYtY2FiNS00ZjVjLTljMWEtODcwNTgwMTQyYWJkL3Byb3ZpZGVycy9NaWNyb3NvZnQuRG9jdW1lbnREQi9sb2NhdGlvbnMvY2VudHJhbHVzL29wZXJhdGlvbnNTdGF0dXMvY2Q3ZjkyYTEtOGY1NS00M2JjLTg3ZmItZjQ5YmZjZWI1M2YzP2FwaS12ZXJzaW9uPTIwMjEtMTAtMTUtcHJldmlldw==",
      "RequestMethod": "GET",
      "RequestBody": "",
      "RequestHeaders": {
        "User-Agent": [
          "FxVersion/4.6.28207.03",
          "OSName/Windows",
          "OSVersion/Microsoft.Windows.10.0.22000.",
          "Microsoft.Azure.Management.CosmosDB.CosmosDBManagementClient/3.2.0.0"
        ]
      },
      "ResponseHeaders": {
        "Cache-Control": [
          "no-store, no-cache"
        ],
        "Pragma": [
          "no-cache"
        ],
        "Strict-Transport-Security": [
          "max-age=31536000; includeSubDomains"
        ],
        "x-ms-gatewayversion": [
          "version=2.14.0"
        ],
        "Server": [
          "Microsoft-HTTPAPI/2.0"
        ],
        "x-ms-ratelimit-remaining-subscription-reads": [
          "11974"
        ],
        "x-ms-request-id": [
          "433dd45b-380b-4fa4-a46b-8edb0abe1ccf"
        ],
        "x-ms-correlation-request-id": [
          "433dd45b-380b-4fa4-a46b-8edb0abe1ccf"
        ],
        "x-ms-routing-request-id": [
          "SOUTHINDIA:20220211T101342Z:433dd45b-380b-4fa4-a46b-8edb0abe1ccf"
        ],
        "X-Content-Type-Options": [
          "nosniff"
        ],
        "Date": [
          "Fri, 11 Feb 2022 10:13:41 GMT"
        ],
        "Content-Length": [
          "21"
        ],
        "Content-Type": [
          "application/json"
        ]
      },
      "ResponseBody": "{\r\n  \"status\": \"Dequeued\"\r\n}",
      "StatusCode": 200
    },
    {
      "RequestUri": "/subscriptions/12053b8f-cab5-4f5c-9c1a-870580142abd/providers/Microsoft.DocumentDB/locations/centralus/operationsStatus/cd7f92a1-8f55-43bc-87fb-f49bfceb53f3?api-version=2021-10-15-preview",
      "EncodedRequestUri": "L3N1YnNjcmlwdGlvbnMvMTIwNTNiOGYtY2FiNS00ZjVjLTljMWEtODcwNTgwMTQyYWJkL3Byb3ZpZGVycy9NaWNyb3NvZnQuRG9jdW1lbnREQi9sb2NhdGlvbnMvY2VudHJhbHVzL29wZXJhdGlvbnNTdGF0dXMvY2Q3ZjkyYTEtOGY1NS00M2JjLTg3ZmItZjQ5YmZjZWI1M2YzP2FwaS12ZXJzaW9uPTIwMjEtMTAtMTUtcHJldmlldw==",
      "RequestMethod": "GET",
      "RequestBody": "",
      "RequestHeaders": {
        "User-Agent": [
          "FxVersion/4.6.28207.03",
          "OSName/Windows",
          "OSVersion/Microsoft.Windows.10.0.22000.",
          "Microsoft.Azure.Management.CosmosDB.CosmosDBManagementClient/3.2.0.0"
        ]
      },
      "ResponseHeaders": {
        "Cache-Control": [
          "no-store, no-cache"
        ],
        "Pragma": [
          "no-cache"
        ],
        "Strict-Transport-Security": [
          "max-age=31536000; includeSubDomains"
        ],
        "x-ms-gatewayversion": [
          "version=2.14.0"
        ],
        "Server": [
          "Microsoft-HTTPAPI/2.0"
        ],
        "x-ms-ratelimit-remaining-subscription-reads": [
          "11973"
        ],
        "x-ms-request-id": [
          "50526a5f-d165-4ce8-8648-e07a6daa43c5"
        ],
        "x-ms-correlation-request-id": [
          "50526a5f-d165-4ce8-8648-e07a6daa43c5"
        ],
        "x-ms-routing-request-id": [
          "SOUTHINDIA:20220211T101413Z:50526a5f-d165-4ce8-8648-e07a6daa43c5"
        ],
        "X-Content-Type-Options": [
          "nosniff"
        ],
        "Date": [
          "Fri, 11 Feb 2022 10:14:12 GMT"
        ],
        "Content-Length": [
          "21"
        ],
        "Content-Type": [
          "application/json"
        ]
      },
      "ResponseBody": "{\r\n  \"status\": \"Dequeued\"\r\n}",
      "StatusCode": 200
    },
    {
      "RequestUri": "/subscriptions/12053b8f-cab5-4f5c-9c1a-870580142abd/providers/Microsoft.DocumentDB/locations/centralus/operationsStatus/cd7f92a1-8f55-43bc-87fb-f49bfceb53f3?api-version=2021-10-15-preview",
      "EncodedRequestUri": "L3N1YnNjcmlwdGlvbnMvMTIwNTNiOGYtY2FiNS00ZjVjLTljMWEtODcwNTgwMTQyYWJkL3Byb3ZpZGVycy9NaWNyb3NvZnQuRG9jdW1lbnREQi9sb2NhdGlvbnMvY2VudHJhbHVzL29wZXJhdGlvbnNTdGF0dXMvY2Q3ZjkyYTEtOGY1NS00M2JjLTg3ZmItZjQ5YmZjZWI1M2YzP2FwaS12ZXJzaW9uPTIwMjEtMTAtMTUtcHJldmlldw==",
      "RequestMethod": "GET",
      "RequestBody": "",
      "RequestHeaders": {
        "User-Agent": [
          "FxVersion/4.6.28207.03",
          "OSName/Windows",
          "OSVersion/Microsoft.Windows.10.0.22000.",
          "Microsoft.Azure.Management.CosmosDB.CosmosDBManagementClient/3.2.0.0"
        ]
      },
      "ResponseHeaders": {
        "Cache-Control": [
          "no-store, no-cache"
        ],
        "Pragma": [
          "no-cache"
        ],
        "Strict-Transport-Security": [
          "max-age=31536000; includeSubDomains"
        ],
        "x-ms-gatewayversion": [
          "version=2.14.0"
        ],
        "Server": [
          "Microsoft-HTTPAPI/2.0"
        ],
        "x-ms-ratelimit-remaining-subscription-reads": [
          "11972"
        ],
        "x-ms-request-id": [
          "67d0e787-5788-42f0-8ce9-e32c4c5178fd"
        ],
        "x-ms-correlation-request-id": [
          "67d0e787-5788-42f0-8ce9-e32c4c5178fd"
        ],
        "x-ms-routing-request-id": [
          "SOUTHINDIA:20220211T101444Z:67d0e787-5788-42f0-8ce9-e32c4c5178fd"
        ],
        "X-Content-Type-Options": [
          "nosniff"
        ],
        "Date": [
          "Fri, 11 Feb 2022 10:14:44 GMT"
        ],
        "Content-Length": [
          "21"
        ],
        "Content-Type": [
          "application/json"
        ]
      },
      "ResponseBody": "{\r\n  \"status\": \"Dequeued\"\r\n}",
      "StatusCode": 200
    },
    {
      "RequestUri": "/subscriptions/12053b8f-cab5-4f5c-9c1a-870580142abd/providers/Microsoft.DocumentDB/locations/centralus/operationsStatus/cd7f92a1-8f55-43bc-87fb-f49bfceb53f3?api-version=2021-10-15-preview",
      "EncodedRequestUri": "L3N1YnNjcmlwdGlvbnMvMTIwNTNiOGYtY2FiNS00ZjVjLTljMWEtODcwNTgwMTQyYWJkL3Byb3ZpZGVycy9NaWNyb3NvZnQuRG9jdW1lbnREQi9sb2NhdGlvbnMvY2VudHJhbHVzL29wZXJhdGlvbnNTdGF0dXMvY2Q3ZjkyYTEtOGY1NS00M2JjLTg3ZmItZjQ5YmZjZWI1M2YzP2FwaS12ZXJzaW9uPTIwMjEtMTAtMTUtcHJldmlldw==",
      "RequestMethod": "GET",
      "RequestBody": "",
      "RequestHeaders": {
        "User-Agent": [
          "FxVersion/4.6.28207.03",
          "OSName/Windows",
          "OSVersion/Microsoft.Windows.10.0.22000.",
          "Microsoft.Azure.Management.CosmosDB.CosmosDBManagementClient/3.2.0.0"
        ]
      },
      "ResponseHeaders": {
        "Cache-Control": [
          "no-store, no-cache"
        ],
        "Pragma": [
          "no-cache"
        ],
        "Strict-Transport-Security": [
          "max-age=31536000; includeSubDomains"
        ],
        "x-ms-gatewayversion": [
          "version=2.14.0"
        ],
        "Server": [
          "Microsoft-HTTPAPI/2.0"
        ],
        "x-ms-ratelimit-remaining-subscription-reads": [
          "11971"
        ],
        "x-ms-request-id": [
          "84b16000-aec3-425f-bb3e-7ecac3197545"
        ],
        "x-ms-correlation-request-id": [
          "84b16000-aec3-425f-bb3e-7ecac3197545"
        ],
        "x-ms-routing-request-id": [
          "SOUTHINDIA:20220211T101515Z:84b16000-aec3-425f-bb3e-7ecac3197545"
        ],
        "X-Content-Type-Options": [
          "nosniff"
        ],
        "Date": [
          "Fri, 11 Feb 2022 10:15:14 GMT"
        ],
        "Content-Length": [
          "21"
        ],
        "Content-Type": [
          "application/json"
        ]
      },
      "ResponseBody": "{\r\n  \"status\": \"Dequeued\"\r\n}",
      "StatusCode": 200
    },
    {
      "RequestUri": "/subscriptions/12053b8f-cab5-4f5c-9c1a-870580142abd/providers/Microsoft.DocumentDB/locations/centralus/operationsStatus/cd7f92a1-8f55-43bc-87fb-f49bfceb53f3?api-version=2021-10-15-preview",
      "EncodedRequestUri": "L3N1YnNjcmlwdGlvbnMvMTIwNTNiOGYtY2FiNS00ZjVjLTljMWEtODcwNTgwMTQyYWJkL3Byb3ZpZGVycy9NaWNyb3NvZnQuRG9jdW1lbnREQi9sb2NhdGlvbnMvY2VudHJhbHVzL29wZXJhdGlvbnNTdGF0dXMvY2Q3ZjkyYTEtOGY1NS00M2JjLTg3ZmItZjQ5YmZjZWI1M2YzP2FwaS12ZXJzaW9uPTIwMjEtMTAtMTUtcHJldmlldw==",
      "RequestMethod": "GET",
      "RequestBody": "",
      "RequestHeaders": {
        "User-Agent": [
          "FxVersion/4.6.28207.03",
          "OSName/Windows",
          "OSVersion/Microsoft.Windows.10.0.22000.",
          "Microsoft.Azure.Management.CosmosDB.CosmosDBManagementClient/3.2.0.0"
        ]
      },
      "ResponseHeaders": {
        "Cache-Control": [
          "no-store, no-cache"
        ],
        "Pragma": [
          "no-cache"
        ],
        "Strict-Transport-Security": [
          "max-age=31536000; includeSubDomains"
        ],
        "x-ms-gatewayversion": [
          "version=2.14.0"
        ],
        "Server": [
          "Microsoft-HTTPAPI/2.0"
        ],
        "x-ms-ratelimit-remaining-subscription-reads": [
          "11970"
        ],
        "x-ms-request-id": [
          "1e98797c-c7ab-4965-b563-1472ee901629"
        ],
        "x-ms-correlation-request-id": [
          "1e98797c-c7ab-4965-b563-1472ee901629"
        ],
        "x-ms-routing-request-id": [
          "SOUTHINDIA:20220211T101545Z:1e98797c-c7ab-4965-b563-1472ee901629"
        ],
        "X-Content-Type-Options": [
          "nosniff"
        ],
        "Date": [
          "Fri, 11 Feb 2022 10:15:44 GMT"
        ],
        "Content-Length": [
          "21"
        ],
        "Content-Type": [
          "application/json"
        ]
      },
      "ResponseBody": "{\r\n  \"status\": \"Dequeued\"\r\n}",
      "StatusCode": 200
    },
    {
      "RequestUri": "/subscriptions/12053b8f-cab5-4f5c-9c1a-870580142abd/providers/Microsoft.DocumentDB/locations/centralus/operationsStatus/cd7f92a1-8f55-43bc-87fb-f49bfceb53f3?api-version=2021-10-15-preview",
      "EncodedRequestUri": "L3N1YnNjcmlwdGlvbnMvMTIwNTNiOGYtY2FiNS00ZjVjLTljMWEtODcwNTgwMTQyYWJkL3Byb3ZpZGVycy9NaWNyb3NvZnQuRG9jdW1lbnREQi9sb2NhdGlvbnMvY2VudHJhbHVzL29wZXJhdGlvbnNTdGF0dXMvY2Q3ZjkyYTEtOGY1NS00M2JjLTg3ZmItZjQ5YmZjZWI1M2YzP2FwaS12ZXJzaW9uPTIwMjEtMTAtMTUtcHJldmlldw==",
      "RequestMethod": "GET",
      "RequestBody": "",
      "RequestHeaders": {
        "User-Agent": [
          "FxVersion/4.6.28207.03",
          "OSName/Windows",
          "OSVersion/Microsoft.Windows.10.0.22000.",
          "Microsoft.Azure.Management.CosmosDB.CosmosDBManagementClient/3.2.0.0"
        ]
      },
      "ResponseHeaders": {
        "Cache-Control": [
          "no-store, no-cache"
        ],
        "Pragma": [
          "no-cache"
        ],
        "Strict-Transport-Security": [
          "max-age=31536000; includeSubDomains"
        ],
        "x-ms-gatewayversion": [
          "version=2.14.0"
        ],
        "Server": [
          "Microsoft-HTTPAPI/2.0"
        ],
        "x-ms-ratelimit-remaining-subscription-reads": [
          "11969"
        ],
        "x-ms-request-id": [
          "37a0b605-fd18-4e9a-856b-85863b25904c"
        ],
        "x-ms-correlation-request-id": [
          "37a0b605-fd18-4e9a-856b-85863b25904c"
        ],
        "x-ms-routing-request-id": [
          "SOUTHINDIA:20220211T101616Z:37a0b605-fd18-4e9a-856b-85863b25904c"
        ],
        "X-Content-Type-Options": [
          "nosniff"
        ],
        "Date": [
          "Fri, 11 Feb 2022 10:16:16 GMT"
        ],
        "Content-Length": [
          "21"
        ],
        "Content-Type": [
          "application/json"
        ]
      },
      "ResponseBody": "{\r\n  \"status\": \"Dequeued\"\r\n}",
      "StatusCode": 200
    },
    {
      "RequestUri": "/subscriptions/12053b8f-cab5-4f5c-9c1a-870580142abd/providers/Microsoft.DocumentDB/locations/centralus/operationsStatus/cd7f92a1-8f55-43bc-87fb-f49bfceb53f3?api-version=2021-10-15-preview",
      "EncodedRequestUri": "L3N1YnNjcmlwdGlvbnMvMTIwNTNiOGYtY2FiNS00ZjVjLTljMWEtODcwNTgwMTQyYWJkL3Byb3ZpZGVycy9NaWNyb3NvZnQuRG9jdW1lbnREQi9sb2NhdGlvbnMvY2VudHJhbHVzL29wZXJhdGlvbnNTdGF0dXMvY2Q3ZjkyYTEtOGY1NS00M2JjLTg3ZmItZjQ5YmZjZWI1M2YzP2FwaS12ZXJzaW9uPTIwMjEtMTAtMTUtcHJldmlldw==",
      "RequestMethod": "GET",
      "RequestBody": "",
      "RequestHeaders": {
        "User-Agent": [
          "FxVersion/4.6.28207.03",
          "OSName/Windows",
          "OSVersion/Microsoft.Windows.10.0.22000.",
          "Microsoft.Azure.Management.CosmosDB.CosmosDBManagementClient/3.2.0.0"
        ]
      },
      "ResponseHeaders": {
        "Cache-Control": [
          "no-store, no-cache"
        ],
        "Pragma": [
          "no-cache"
        ],
        "Strict-Transport-Security": [
          "max-age=31536000; includeSubDomains"
        ],
        "x-ms-gatewayversion": [
          "version=2.14.0"
        ],
        "Server": [
          "Microsoft-HTTPAPI/2.0"
        ],
        "x-ms-ratelimit-remaining-subscription-reads": [
          "11968"
        ],
        "x-ms-request-id": [
          "f10d3933-5272-4061-a50c-3d317f46ae9e"
        ],
        "x-ms-correlation-request-id": [
          "f10d3933-5272-4061-a50c-3d317f46ae9e"
        ],
        "x-ms-routing-request-id": [
          "SOUTHINDIA:20220211T101647Z:f10d3933-5272-4061-a50c-3d317f46ae9e"
        ],
        "X-Content-Type-Options": [
          "nosniff"
        ],
        "Date": [
          "Fri, 11 Feb 2022 10:16:46 GMT"
        ],
        "Content-Length": [
          "21"
        ],
        "Content-Type": [
          "application/json"
        ]
      },
      "ResponseBody": "{\r\n  \"status\": \"Dequeued\"\r\n}",
      "StatusCode": 200
    },
    {
      "RequestUri": "/subscriptions/12053b8f-cab5-4f5c-9c1a-870580142abd/providers/Microsoft.DocumentDB/locations/centralus/operationsStatus/cd7f92a1-8f55-43bc-87fb-f49bfceb53f3?api-version=2021-10-15-preview",
      "EncodedRequestUri": "L3N1YnNjcmlwdGlvbnMvMTIwNTNiOGYtY2FiNS00ZjVjLTljMWEtODcwNTgwMTQyYWJkL3Byb3ZpZGVycy9NaWNyb3NvZnQuRG9jdW1lbnREQi9sb2NhdGlvbnMvY2VudHJhbHVzL29wZXJhdGlvbnNTdGF0dXMvY2Q3ZjkyYTEtOGY1NS00M2JjLTg3ZmItZjQ5YmZjZWI1M2YzP2FwaS12ZXJzaW9uPTIwMjEtMTAtMTUtcHJldmlldw==",
      "RequestMethod": "GET",
      "RequestBody": "",
      "RequestHeaders": {
        "User-Agent": [
          "FxVersion/4.6.28207.03",
          "OSName/Windows",
          "OSVersion/Microsoft.Windows.10.0.22000.",
          "Microsoft.Azure.Management.CosmosDB.CosmosDBManagementClient/3.2.0.0"
        ]
      },
      "ResponseHeaders": {
        "Cache-Control": [
          "no-store, no-cache"
        ],
        "Pragma": [
          "no-cache"
        ],
        "Strict-Transport-Security": [
          "max-age=31536000; includeSubDomains"
        ],
        "x-ms-gatewayversion": [
          "version=2.14.0"
        ],
        "Server": [
          "Microsoft-HTTPAPI/2.0"
        ],
        "x-ms-ratelimit-remaining-subscription-reads": [
          "11967"
        ],
        "x-ms-request-id": [
          "0458de09-830b-4ef9-8bff-d74debdee4b4"
        ],
        "x-ms-correlation-request-id": [
          "0458de09-830b-4ef9-8bff-d74debdee4b4"
        ],
        "x-ms-routing-request-id": [
          "SOUTHINDIA:20220211T101718Z:0458de09-830b-4ef9-8bff-d74debdee4b4"
        ],
        "X-Content-Type-Options": [
          "nosniff"
        ],
        "Date": [
          "Fri, 11 Feb 2022 10:17:18 GMT"
        ],
        "Content-Length": [
          "21"
        ],
        "Content-Type": [
          "application/json"
        ]
      },
      "ResponseBody": "{\r\n  \"status\": \"Dequeued\"\r\n}",
      "StatusCode": 200
    },
    {
      "RequestUri": "/subscriptions/12053b8f-cab5-4f5c-9c1a-870580142abd/providers/Microsoft.DocumentDB/locations/centralus/operationsStatus/cd7f92a1-8f55-43bc-87fb-f49bfceb53f3?api-version=2021-10-15-preview",
      "EncodedRequestUri": "L3N1YnNjcmlwdGlvbnMvMTIwNTNiOGYtY2FiNS00ZjVjLTljMWEtODcwNTgwMTQyYWJkL3Byb3ZpZGVycy9NaWNyb3NvZnQuRG9jdW1lbnREQi9sb2NhdGlvbnMvY2VudHJhbHVzL29wZXJhdGlvbnNTdGF0dXMvY2Q3ZjkyYTEtOGY1NS00M2JjLTg3ZmItZjQ5YmZjZWI1M2YzP2FwaS12ZXJzaW9uPTIwMjEtMTAtMTUtcHJldmlldw==",
      "RequestMethod": "GET",
      "RequestBody": "",
      "RequestHeaders": {
        "User-Agent": [
          "FxVersion/4.6.28207.03",
          "OSName/Windows",
          "OSVersion/Microsoft.Windows.10.0.22000.",
          "Microsoft.Azure.Management.CosmosDB.CosmosDBManagementClient/3.2.0.0"
        ]
      },
      "ResponseHeaders": {
        "Cache-Control": [
          "no-store, no-cache"
        ],
        "Pragma": [
          "no-cache"
        ],
        "Strict-Transport-Security": [
          "max-age=31536000; includeSubDomains"
        ],
        "x-ms-gatewayversion": [
          "version=2.14.0"
        ],
        "Server": [
          "Microsoft-HTTPAPI/2.0"
        ],
        "x-ms-ratelimit-remaining-subscription-reads": [
          "11966"
        ],
        "x-ms-request-id": [
          "6f8a3cf2-d2b9-4cc4-8824-7a52daa71e03"
        ],
        "x-ms-correlation-request-id": [
          "6f8a3cf2-d2b9-4cc4-8824-7a52daa71e03"
        ],
        "x-ms-routing-request-id": [
          "SOUTHINDIA:20220211T101749Z:6f8a3cf2-d2b9-4cc4-8824-7a52daa71e03"
        ],
        "X-Content-Type-Options": [
          "nosniff"
        ],
        "Date": [
          "Fri, 11 Feb 2022 10:17:49 GMT"
        ],
        "Content-Length": [
          "22"
        ],
        "Content-Type": [
          "application/json"
        ]
      },
      "ResponseBody": "{\r\n  \"status\": \"Succeeded\"\r\n}",
      "StatusCode": 200
    }
  ],
  "Names": {
    "Init": [
      "CosmosDBDotNetSDKTestsRG4689"
    ],
    "CreateDatabaseAccount": [
      "databaseaccount6473"
    ]
  },
  "Variables": {
    "SubscriptionId": "12053b8f-cab5-4f5c-9c1a-870580142abd"
  }
}