{
  "Entries": [
    {
      "RequestUri": "/subscriptions/259fbb24-9bcd-4cfc-865c-fc33b22fe38a/resourcegroups/CosmosDBDotNetSDKTestsRG5471?api-version=2015-11-01",
      "EncodedRequestUri": "L3N1YnNjcmlwdGlvbnMvMjU5ZmJiMjQtOWJjZC00Y2ZjLTg2NWMtZmMzM2IyMmZlMzhhL3Jlc291cmNlZ3JvdXBzL0Nvc21vc0RCRG90TmV0U0RLVGVzdHNSRzU0NzE/YXBpLXZlcnNpb249MjAxNS0xMS0wMQ==",
      "RequestMethod": "PUT",
      "RequestBody": "{\r\n  \"location\": \"central us\"\r\n}",
      "RequestHeaders": {
        "x-ms-client-request-id": [
          "bd5c0f3c-a6db-41f6-b1c3-2fd1a63aaf14"
        ],
        "Accept-Language": [
          "en-US"
        ],
        "User-Agent": [
          "FxVersion/4.700.22.41602",
          "OSName/Windows",
          "OSVersion/Microsoft.Windows.10.0.19044",
          "Microsoft.Azure.Management.Resources.ResourceManagementClient/1.0.0.0"
        ],
        "Content-Type": [
          "application/json; charset=utf-8"
        ],
        "Content-Length": [
          "32"
        ]
      },
      "ResponseHeaders": {
        "Cache-Control": [
          "no-cache"
        ],
        "Pragma": [
          "no-cache"
        ],
        "x-ms-ratelimit-remaining-subscription-writes": [
          "1199"
        ],
        "x-ms-request-id": [
          "6cbda820-cc76-4167-acee-73faf6da57b8"
        ],
        "x-ms-correlation-request-id": [
          "6cbda820-cc76-4167-acee-73faf6da57b8"
        ],
        "x-ms-routing-request-id": [
          "EASTUS:20220920T085737Z:6cbda820-cc76-4167-acee-73faf6da57b8"
        ],
        "Strict-Transport-Security": [
          "max-age=31536000; includeSubDomains"
        ],
        "X-Content-Type-Options": [
          "nosniff"
        ],
        "Date": [
          "Tue, 20 Sep 2022 08:57:37 GMT"
        ],
        "Content-Length": [
          "212"
        ],
        "Content-Type": [
          "application/json; charset=utf-8"
        ],
        "Expires": [
          "-1"
        ]
      },
      "ResponseBody": "{\r\n  \"id\": \"/subscriptions/259fbb24-9bcd-4cfc-865c-fc33b22fe38a/resourceGroups/CosmosDBDotNetSDKTestsRG5471\",\r\n  \"name\": \"CosmosDBDotNetSDKTestsRG5471\",\r\n  \"location\": \"centralus\",\r\n  \"properties\": {\r\n    \"provisioningState\": \"Succeeded\"\r\n  }\r\n}",
      "StatusCode": 201
    },
    {
      "RequestUri": "/subscriptions/259fbb24-9bcd-4cfc-865c-fc33b22fe38a/resourceGroups/CosmosDBDotNetSDKTestsRG5471/providers/Microsoft.DocumentDB/databaseAccounts/databaseaccount8812?api-version=2022-08-15-preview",
      "EncodedRequestUri": "L3N1YnNjcmlwdGlvbnMvMjU5ZmJiMjQtOWJjZC00Y2ZjLTg2NWMtZmMzM2IyMmZlMzhhL3Jlc291cmNlR3JvdXBzL0Nvc21vc0RCRG90TmV0U0RLVGVzdHNSRzU0NzEvcHJvdmlkZXJzL01pY3Jvc29mdC5Eb2N1bWVudERCL2RhdGFiYXNlQWNjb3VudHMvZGF0YWJhc2VhY2NvdW50ODgxMj9hcGktdmVyc2lvbj0yMDIyLTA4LTE1LXByZXZpZXc=",
      "RequestMethod": "PUT",
      "RequestBody": "{\r\n  \"kind\": \"GlobalDocumentDB\",\r\n  \"properties\": {\r\n    \"locations\": [\r\n      {\r\n        \"locationName\": \"central us\"\r\n      }\r\n    ],\r\n    \"isVirtualNetworkFilterEnabled\": true,\r\n    \"enableAutomaticFailover\": false,\r\n    \"enableMultipleWriteLocations\": false,\r\n    \"disableKeyBasedMetadataWriteAccess\": false,\r\n    \"createMode\": \"Default\",\r\n    \"networkAclBypass\": \"AzureServices\",\r\n    \"databaseAccountOfferType\": \"Standard\"\r\n  },\r\n  \"location\": \"central us\"\r\n}",
      "RequestHeaders": {
        "x-ms-client-request-id": [
          "4b7a4699-facb-451e-aa8c-9620d6df148b"
        ],
        "Accept-Language": [
          "en-US"
        ],
        "User-Agent": [
          "FxVersion/4.700.22.41602",
          "OSName/Windows",
          "OSVersion/Microsoft.Windows.10.0.19044",
          "Microsoft.Azure.Management.CosmosDB.CosmosDBManagementClient/3.7.0.0"
        ],
        "Content-Type": [
          "application/json; charset=utf-8"
        ],
        "Content-Length": [
          "465"
        ]
      },
      "ResponseHeaders": {
        "Cache-Control": [
          "no-store, no-cache"
        ],
        "Pragma": [
          "no-cache"
        ],
        "Location": [
          "https://management.azure.com/subscriptions/259fbb24-9bcd-4cfc-865c-fc33b22fe38a/resourceGroups/CosmosDBDotNetSDKTestsRG5471/providers/Microsoft.DocumentDB/databaseAccounts/databaseaccount8812/operationResults/b0b1ae8b-3bf3-462c-bdfa-03bcab94ba86?api-version=2022-08-15-preview"
        ],
        "x-ms-request-id": [
          "b0b1ae8b-3bf3-462c-bdfa-03bcab94ba86"
        ],
        "Azure-AsyncOperation": [
          "https://management.azure.com/subscriptions/259fbb24-9bcd-4cfc-865c-fc33b22fe38a/providers/Microsoft.DocumentDB/locations/centralus/operationsStatus/b0b1ae8b-3bf3-462c-bdfa-03bcab94ba86?api-version=2022-08-15-preview"
        ],
        "Strict-Transport-Security": [
          "max-age=31536000; includeSubDomains"
        ],
        "x-ms-gatewayversion": [
          "version=2.14.0"
        ],
        "Server": [
          "Microsoft-HTTPAPI/2.0"
        ],
        "x-ms-ratelimit-remaining-subscription-writes": [
          "1199"
        ],
        "x-ms-correlation-request-id": [
          "c8e5266b-8c50-4135-8b6c-312afc95e969"
        ],
        "x-ms-routing-request-id": [
          "EASTUS:20220920T085743Z:c8e5266b-8c50-4135-8b6c-312afc95e969"
        ],
        "X-Content-Type-Options": [
          "nosniff"
        ],
        "Date": [
          "Tue, 20 Sep 2022 08:57:42 GMT"
        ],
        "Content-Length": [
          "2350"
        ],
        "Content-Type": [
          "application/json"
        ]
      },
      "ResponseBody": "{\r\n  \"id\": \"/subscriptions/259fbb24-9bcd-4cfc-865c-fc33b22fe38a/resourceGroups/CosmosDBDotNetSDKTestsRG5471/providers/Microsoft.DocumentDB/databaseAccounts/databaseaccount8812\",\r\n  \"name\": \"databaseaccount8812\",\r\n  \"location\": \"Central US\",\r\n  \"type\": \"Microsoft.DocumentDB/databaseAccounts\",\r\n  \"kind\": \"GlobalDocumentDB\",\r\n  \"tags\": {},\r\n  \"systemData\": {\r\n    \"createdAt\": \"2022-09-20T08:57:40.9393763Z\"\r\n  },\r\n  \"properties\": {\r\n    \"provisioningState\": \"Creating\",\r\n    \"publicNetworkAccess\": \"Enabled\",\r\n    \"enableAutomaticFailover\": false,\r\n    \"enableMultipleWriteLocations\": false,\r\n    \"enablePartitionKeyMonitor\": false,\r\n    \"isVirtualNetworkFilterEnabled\": true,\r\n    \"virtualNetworkRules\": [],\r\n    \"EnabledApiTypes\": \"Sql\",\r\n    \"disableKeyBasedMetadataWriteAccess\": false,\r\n    \"enableFreeTier\": false,\r\n    \"enableAnalyticalStorage\": false,\r\n    \"analyticalStorageConfiguration\": {\r\n      \"schemaType\": \"WellDefined\"\r\n    },\r\n    \"instanceId\": \"39f5d390-e401-4720-b232-196bb32850f6\",\r\n    \"databaseAccountOfferType\": \"Standard\",\r\n    \"defaultIdentity\": \"\",\r\n    \"networkAclBypass\": \"AzureServices\",\r\n    \"disableLocalAuth\": false,\r\n    \"enablePartitionMerge\": false,\r\n    \"consistencyPolicy\": {\r\n      \"defaultConsistencyLevel\": \"Session\",\r\n      \"maxIntervalInSeconds\": 5,\r\n      \"maxStalenessPrefix\": 100\r\n    },\r\n    \"configurationOverrides\": {},\r\n    \"writeLocations\": [\r\n      {\r\n        \"id\": \"databaseaccount8812-centralus\",\r\n        \"locationName\": \"Central US\",\r\n        \"provisioningState\": \"Creating\",\r\n        \"failoverPriority\": 0,\r\n        \"isZoneRedundant\": false\r\n      }\r\n    ],\r\n    \"readLocations\": [\r\n      {\r\n        \"id\": \"databaseaccount8812-centralus\",\r\n        \"locationName\": \"Central US\",\r\n        \"provisioningState\": \"Creating\",\r\n        \"failoverPriority\": 0,\r\n        \"isZoneRedundant\": false\r\n      }\r\n    ],\r\n    \"locations\": [\r\n      {\r\n        \"id\": \"databaseaccount8812-centralus\",\r\n        \"locationName\": \"Central US\",\r\n        \"provisioningState\": \"Creating\",\r\n        \"failoverPriority\": 0,\r\n        \"isZoneRedundant\": false\r\n      }\r\n    ],\r\n    \"failoverPolicies\": [\r\n      {\r\n        \"id\": \"databaseaccount8812-centralus\",\r\n        \"locationName\": \"Central US\",\r\n        \"failoverPriority\": 0\r\n      }\r\n    ],\r\n    \"cors\": [],\r\n    \"capabilities\": [],\r\n    \"ipRules\": [],\r\n    \"backupPolicy\": {\r\n      \"type\": \"Periodic\",\r\n      \"periodicModeProperties\": {\r\n        \"backupIntervalInMinutes\": 240,\r\n        \"backupRetentionIntervalInHours\": 8,\r\n        \"backupStorageRedundancy\": \"Invalid\"\r\n      }\r\n    },\r\n    \"networkAclBypassResourceIds\": [],\r\n    \"diagnosticLogSettings\": {\r\n      \"enableFullTextQuery\": \"None\"\r\n    },\r\n    \"keysMetadata\": {\r\n      \"primaryMasterKey\": {\r\n        \"generationTime\": \"2022-09-20T08:57:40.9393763Z\"\r\n      },\r\n      \"secondaryMasterKey\": {\r\n        \"generationTime\": \"2022-09-20T08:57:40.9393763Z\"\r\n      },\r\n      \"primaryReadonlyMasterKey\": {\r\n        \"generationTime\": \"2022-09-20T08:57:40.9393763Z\"\r\n      },\r\n      \"secondaryReadonlyMasterKey\": {\r\n        \"generationTime\": \"2022-09-20T08:57:40.9393763Z\"\r\n      }\r\n    }\r\n  },\r\n  \"identity\": {\r\n    \"type\": \"None\"\r\n  }\r\n}",
      "StatusCode": 200
    },
    {
      "RequestUri": "/subscriptions/259fbb24-9bcd-4cfc-865c-fc33b22fe38a/providers/Microsoft.DocumentDB/locations/centralus/operationsStatus/b0b1ae8b-3bf3-462c-bdfa-03bcab94ba86?api-version=2022-08-15-preview",
      "EncodedRequestUri": "L3N1YnNjcmlwdGlvbnMvMjU5ZmJiMjQtOWJjZC00Y2ZjLTg2NWMtZmMzM2IyMmZlMzhhL3Byb3ZpZGVycy9NaWNyb3NvZnQuRG9jdW1lbnREQi9sb2NhdGlvbnMvY2VudHJhbHVzL29wZXJhdGlvbnNTdGF0dXMvYjBiMWFlOGItM2JmMy00NjJjLWJkZmEtMDNiY2FiOTRiYTg2P2FwaS12ZXJzaW9uPTIwMjItMDgtMTUtcHJldmlldw==",
      "RequestMethod": "GET",
      "RequestBody": "",
      "RequestHeaders": {
        "User-Agent": [
          "FxVersion/4.700.22.41602",
          "OSName/Windows",
          "OSVersion/Microsoft.Windows.10.0.19044",
          "Microsoft.Azure.Management.CosmosDB.CosmosDBManagementClient/3.7.0.0"
        ]
      },
      "ResponseHeaders": {
        "Cache-Control": [
          "no-store, no-cache"
        ],
        "Pragma": [
          "no-cache"
        ],
        "Strict-Transport-Security": [
          "max-age=31536000; includeSubDomains"
        ],
        "x-ms-gatewayversion": [
          "version=2.14.0"
        ],
        "Server": [
          "Microsoft-HTTPAPI/2.0"
        ],
        "x-ms-ratelimit-remaining-subscription-reads": [
          "11999"
        ],
        "x-ms-request-id": [
          "12068ecd-1cfe-40b5-9521-e5e52fd444d7"
        ],
        "x-ms-correlation-request-id": [
          "12068ecd-1cfe-40b5-9521-e5e52fd444d7"
        ],
        "x-ms-routing-request-id": [
          "EASTUS:20220920T085813Z:12068ecd-1cfe-40b5-9521-e5e52fd444d7"
        ],
        "X-Content-Type-Options": [
          "nosniff"
        ],
        "Date": [
          "Tue, 20 Sep 2022 08:58:12 GMT"
        ],
        "Content-Length": [
          "21"
        ],
        "Content-Type": [
          "application/json"
        ]
      },
      "ResponseBody": "{\r\n  \"status\": \"Dequeued\"\r\n}",
      "StatusCode": 200
    },
    {
      "RequestUri": "/subscriptions/259fbb24-9bcd-4cfc-865c-fc33b22fe38a/providers/Microsoft.DocumentDB/locations/centralus/operationsStatus/b0b1ae8b-3bf3-462c-bdfa-03bcab94ba86?api-version=2022-08-15-preview",
      "EncodedRequestUri": "L3N1YnNjcmlwdGlvbnMvMjU5ZmJiMjQtOWJjZC00Y2ZjLTg2NWMtZmMzM2IyMmZlMzhhL3Byb3ZpZGVycy9NaWNyb3NvZnQuRG9jdW1lbnREQi9sb2NhdGlvbnMvY2VudHJhbHVzL29wZXJhdGlvbnNTdGF0dXMvYjBiMWFlOGItM2JmMy00NjJjLWJkZmEtMDNiY2FiOTRiYTg2P2FwaS12ZXJzaW9uPTIwMjItMDgtMTUtcHJldmlldw==",
      "RequestMethod": "GET",
      "RequestBody": "",
      "RequestHeaders": {
        "User-Agent": [
          "FxVersion/4.700.22.41602",
          "OSName/Windows",
          "OSVersion/Microsoft.Windows.10.0.19044",
          "Microsoft.Azure.Management.CosmosDB.CosmosDBManagementClient/3.7.0.0"
        ]
      },
      "ResponseHeaders": {
        "Cache-Control": [
          "no-store, no-cache"
        ],
        "Pragma": [
          "no-cache"
        ],
        "Strict-Transport-Security": [
          "max-age=31536000; includeSubDomains"
        ],
        "x-ms-gatewayversion": [
          "version=2.14.0"
        ],
        "Server": [
          "Microsoft-HTTPAPI/2.0"
        ],
        "x-ms-ratelimit-remaining-subscription-reads": [
          "11998"
        ],
        "x-ms-request-id": [
          "318bc05f-963d-4929-b6f3-8c69717b00e5"
        ],
        "x-ms-correlation-request-id": [
          "318bc05f-963d-4929-b6f3-8c69717b00e5"
        ],
        "x-ms-routing-request-id": [
          "EASTUS:20220920T085843Z:318bc05f-963d-4929-b6f3-8c69717b00e5"
        ],
        "X-Content-Type-Options": [
          "nosniff"
        ],
        "Date": [
          "Tue, 20 Sep 2022 08:58:42 GMT"
        ],
        "Content-Length": [
          "21"
        ],
        "Content-Type": [
          "application/json"
        ]
      },
      "ResponseBody": "{\r\n  \"status\": \"Dequeued\"\r\n}",
      "StatusCode": 200
    },
    {
      "RequestUri": "/subscriptions/259fbb24-9bcd-4cfc-865c-fc33b22fe38a/providers/Microsoft.DocumentDB/locations/centralus/operationsStatus/b0b1ae8b-3bf3-462c-bdfa-03bcab94ba86?api-version=2022-08-15-preview",
      "EncodedRequestUri": "L3N1YnNjcmlwdGlvbnMvMjU5ZmJiMjQtOWJjZC00Y2ZjLTg2NWMtZmMzM2IyMmZlMzhhL3Byb3ZpZGVycy9NaWNyb3NvZnQuRG9jdW1lbnREQi9sb2NhdGlvbnMvY2VudHJhbHVzL29wZXJhdGlvbnNTdGF0dXMvYjBiMWFlOGItM2JmMy00NjJjLWJkZmEtMDNiY2FiOTRiYTg2P2FwaS12ZXJzaW9uPTIwMjItMDgtMTUtcHJldmlldw==",
      "RequestMethod": "GET",
      "RequestBody": "",
      "RequestHeaders": {
        "User-Agent": [
          "FxVersion/4.700.22.41602",
          "OSName/Windows",
          "OSVersion/Microsoft.Windows.10.0.19044",
          "Microsoft.Azure.Management.CosmosDB.CosmosDBManagementClient/3.7.0.0"
        ]
      },
      "ResponseHeaders": {
        "Cache-Control": [
          "no-store, no-cache"
        ],
        "Pragma": [
          "no-cache"
        ],
        "Strict-Transport-Security": [
          "max-age=31536000; includeSubDomains"
        ],
        "x-ms-gatewayversion": [
          "version=2.14.0"
        ],
        "Server": [
          "Microsoft-HTTPAPI/2.0"
        ],
        "x-ms-ratelimit-remaining-subscription-reads": [
          "11997"
        ],
        "x-ms-request-id": [
          "c55a2295-6a6b-4bf5-adcb-35d464eaba46"
        ],
        "x-ms-correlation-request-id": [
          "c55a2295-6a6b-4bf5-adcb-35d464eaba46"
        ],
        "x-ms-routing-request-id": [
          "EASTUS:20220920T085913Z:c55a2295-6a6b-4bf5-adcb-35d464eaba46"
        ],
        "X-Content-Type-Options": [
          "nosniff"
        ],
        "Date": [
          "Tue, 20 Sep 2022 08:59:12 GMT"
        ],
        "Content-Length": [
          "21"
        ],
        "Content-Type": [
          "application/json"
        ]
      },
      "ResponseBody": "{\r\n  \"status\": \"Dequeued\"\r\n}",
      "StatusCode": 200
    },
    {
      "RequestUri": "/subscriptions/259fbb24-9bcd-4cfc-865c-fc33b22fe38a/providers/Microsoft.DocumentDB/locations/centralus/operationsStatus/b0b1ae8b-3bf3-462c-bdfa-03bcab94ba86?api-version=2022-08-15-preview",
      "EncodedRequestUri": "L3N1YnNjcmlwdGlvbnMvMjU5ZmJiMjQtOWJjZC00Y2ZjLTg2NWMtZmMzM2IyMmZlMzhhL3Byb3ZpZGVycy9NaWNyb3NvZnQuRG9jdW1lbnREQi9sb2NhdGlvbnMvY2VudHJhbHVzL29wZXJhdGlvbnNTdGF0dXMvYjBiMWFlOGItM2JmMy00NjJjLWJkZmEtMDNiY2FiOTRiYTg2P2FwaS12ZXJzaW9uPTIwMjItMDgtMTUtcHJldmlldw==",
      "RequestMethod": "GET",
      "RequestBody": "",
      "RequestHeaders": {
        "User-Agent": [
          "FxVersion/4.700.22.41602",
          "OSName/Windows",
          "OSVersion/Microsoft.Windows.10.0.19044",
          "Microsoft.Azure.Management.CosmosDB.CosmosDBManagementClient/3.7.0.0"
        ]
      },
      "ResponseHeaders": {
        "Cache-Control": [
          "no-store, no-cache"
        ],
        "Pragma": [
          "no-cache"
        ],
        "Strict-Transport-Security": [
          "max-age=31536000; includeSubDomains"
        ],
        "x-ms-gatewayversion": [
          "version=2.14.0"
        ],
        "Server": [
          "Microsoft-HTTPAPI/2.0"
        ],
        "x-ms-ratelimit-remaining-subscription-reads": [
          "11996"
        ],
        "x-ms-request-id": [
          "1631f553-c587-430c-b595-cd9cbe7cd9bc"
        ],
        "x-ms-correlation-request-id": [
          "1631f553-c587-430c-b595-cd9cbe7cd9bc"
        ],
        "x-ms-routing-request-id": [
          "EASTUS:20220920T085943Z:1631f553-c587-430c-b595-cd9cbe7cd9bc"
        ],
        "X-Content-Type-Options": [
          "nosniff"
        ],
        "Date": [
          "Tue, 20 Sep 2022 08:59:43 GMT"
        ],
        "Content-Length": [
          "21"
        ],
        "Content-Type": [
          "application/json"
        ]
      },
      "ResponseBody": "{\r\n  \"status\": \"Dequeued\"\r\n}",
      "StatusCode": 200
    },
    {
      "RequestUri": "/subscriptions/259fbb24-9bcd-4cfc-865c-fc33b22fe38a/providers/Microsoft.DocumentDB/locations/centralus/operationsStatus/b0b1ae8b-3bf3-462c-bdfa-03bcab94ba86?api-version=2022-08-15-preview",
      "EncodedRequestUri": "L3N1YnNjcmlwdGlvbnMvMjU5ZmJiMjQtOWJjZC00Y2ZjLTg2NWMtZmMzM2IyMmZlMzhhL3Byb3ZpZGVycy9NaWNyb3NvZnQuRG9jdW1lbnREQi9sb2NhdGlvbnMvY2VudHJhbHVzL29wZXJhdGlvbnNTdGF0dXMvYjBiMWFlOGItM2JmMy00NjJjLWJkZmEtMDNiY2FiOTRiYTg2P2FwaS12ZXJzaW9uPTIwMjItMDgtMTUtcHJldmlldw==",
      "RequestMethod": "GET",
      "RequestBody": "",
      "RequestHeaders": {
        "User-Agent": [
          "FxVersion/4.700.22.41602",
          "OSName/Windows",
          "OSVersion/Microsoft.Windows.10.0.19044",
          "Microsoft.Azure.Management.CosmosDB.CosmosDBManagementClient/3.7.0.0"
        ]
      },
      "ResponseHeaders": {
        "Cache-Control": [
          "no-store, no-cache"
        ],
        "Pragma": [
          "no-cache"
        ],
        "Strict-Transport-Security": [
          "max-age=31536000; includeSubDomains"
        ],
        "x-ms-gatewayversion": [
          "version=2.14.0"
        ],
        "Server": [
          "Microsoft-HTTPAPI/2.0"
        ],
        "x-ms-ratelimit-remaining-subscription-reads": [
          "11995"
        ],
        "x-ms-request-id": [
          "24f68816-96cc-48a4-add9-0abaf4c95ee1"
        ],
        "x-ms-correlation-request-id": [
          "24f68816-96cc-48a4-add9-0abaf4c95ee1"
        ],
        "x-ms-routing-request-id": [
          "EASTUS:20220920T090013Z:24f68816-96cc-48a4-add9-0abaf4c95ee1"
        ],
        "X-Content-Type-Options": [
          "nosniff"
        ],
        "Date": [
          "Tue, 20 Sep 2022 09:00:13 GMT"
        ],
        "Content-Length": [
          "22"
        ],
        "Content-Type": [
          "application/json"
        ]
      },
      "ResponseBody": "{\r\n  \"status\": \"Succeeded\"\r\n}",
      "StatusCode": 200
    },
    {
      "RequestUri": "/subscriptions/259fbb24-9bcd-4cfc-865c-fc33b22fe38a/resourceGroups/CosmosDBDotNetSDKTestsRG5471/providers/Microsoft.DocumentDB/databaseAccounts/databaseaccount8812?api-version=2022-08-15-preview",
      "EncodedRequestUri": "L3N1YnNjcmlwdGlvbnMvMjU5ZmJiMjQtOWJjZC00Y2ZjLTg2NWMtZmMzM2IyMmZlMzhhL3Jlc291cmNlR3JvdXBzL0Nvc21vc0RCRG90TmV0U0RLVGVzdHNSRzU0NzEvcHJvdmlkZXJzL01pY3Jvc29mdC5Eb2N1bWVudERCL2RhdGFiYXNlQWNjb3VudHMvZGF0YWJhc2VhY2NvdW50ODgxMj9hcGktdmVyc2lvbj0yMDIyLTA4LTE1LXByZXZpZXc=",
      "RequestMethod": "GET",
      "RequestBody": "",
      "RequestHeaders": {
        "User-Agent": [
          "FxVersion/4.700.22.41602",
          "OSName/Windows",
          "OSVersion/Microsoft.Windows.10.0.19044",
          "Microsoft.Azure.Management.CosmosDB.CosmosDBManagementClient/3.7.0.0"
        ]
      },
      "ResponseHeaders": {
        "Cache-Control": [
          "no-store, no-cache"
        ],
        "Pragma": [
          "no-cache"
        ],
        "Strict-Transport-Security": [
          "max-age=31536000; includeSubDomains"
        ],
        "x-ms-gatewayversion": [
          "version=2.14.0"
        ],
        "Server": [
          "Microsoft-HTTPAPI/2.0"
        ],
        "x-ms-ratelimit-remaining-subscription-reads": [
          "11994"
        ],
        "x-ms-request-id": [
          "168ff9ea-7dda-4b87-a5d2-68dd723991c5"
        ],
        "x-ms-correlation-request-id": [
          "168ff9ea-7dda-4b87-a5d2-68dd723991c5"
        ],
        "x-ms-routing-request-id": [
          "EASTUS:20220920T090013Z:168ff9ea-7dda-4b87-a5d2-68dd723991c5"
        ],
        "X-Content-Type-Options": [
          "nosniff"
        ],
        "Date": [
          "Tue, 20 Sep 2022 09:00:13 GMT"
        ],
        "Content-Length": [
          "2694"
        ],
        "Content-Type": [
          "application/json"
        ]
      },
      "ResponseBody": "{\r\n  \"id\": \"/subscriptions/259fbb24-9bcd-4cfc-865c-fc33b22fe38a/resourceGroups/CosmosDBDotNetSDKTestsRG5471/providers/Microsoft.DocumentDB/databaseAccounts/databaseaccount8812\",\r\n  \"name\": \"databaseaccount8812\",\r\n  \"location\": \"Central US\",\r\n  \"type\": \"Microsoft.DocumentDB/databaseAccounts\",\r\n  \"kind\": \"GlobalDocumentDB\",\r\n  \"tags\": {},\r\n  \"systemData\": {\r\n    \"createdAt\": \"2022-09-20T08:59:20.2234243Z\"\r\n  },\r\n  \"properties\": {\r\n    \"provisioningState\": \"Succeeded\",\r\n    \"documentEndpoint\": \"https://databaseaccount8812.documents.azure.com:443/\",\r\n    \"publicNetworkAccess\": \"Enabled\",\r\n    \"enableAutomaticFailover\": false,\r\n    \"enableMultipleWriteLocations\": false,\r\n    \"enablePartitionKeyMonitor\": false,\r\n    \"isVirtualNetworkFilterEnabled\": true,\r\n    \"virtualNetworkRules\": [],\r\n    \"EnabledApiTypes\": \"Sql\",\r\n    \"disableKeyBasedMetadataWriteAccess\": false,\r\n    \"enableFreeTier\": false,\r\n    \"enableAnalyticalStorage\": false,\r\n    \"analyticalStorageConfiguration\": {\r\n      \"schemaType\": \"WellDefined\"\r\n    },\r\n    \"instanceId\": \"39f5d390-e401-4720-b232-196bb32850f6\",\r\n    \"databaseAccountOfferType\": \"Standard\",\r\n    \"defaultIdentity\": \"FirstPartyIdentity\",\r\n    \"networkAclBypass\": \"AzureServices\",\r\n    \"disableLocalAuth\": false,\r\n    \"enablePartitionMerge\": false,\r\n    \"consistencyPolicy\": {\r\n      \"defaultConsistencyLevel\": \"Session\",\r\n      \"maxIntervalInSeconds\": 5,\r\n      \"maxStalenessPrefix\": 100\r\n    },\r\n    \"configurationOverrides\": {},\r\n    \"writeLocations\": [\r\n      {\r\n        \"id\": \"databaseaccount8812-centralus\",\r\n        \"locationName\": \"Central US\",\r\n        \"documentEndpoint\": \"https://databaseaccount8812-centralus.documents.azure.com:443/\",\r\n        \"provisioningState\": \"Succeeded\",\r\n        \"failoverPriority\": 0,\r\n        \"isZoneRedundant\": false\r\n      }\r\n    ],\r\n    \"readLocations\": [\r\n      {\r\n        \"id\": \"databaseaccount8812-centralus\",\r\n        \"locationName\": \"Central US\",\r\n        \"documentEndpoint\": \"https://databaseaccount8812-centralus.documents.azure.com:443/\",\r\n        \"provisioningState\": \"Succeeded\",\r\n        \"failoverPriority\": 0,\r\n        \"isZoneRedundant\": false\r\n      }\r\n    ],\r\n    \"locations\": [\r\n      {\r\n        \"id\": \"databaseaccount8812-centralus\",\r\n        \"locationName\": \"Central US\",\r\n        \"documentEndpoint\": \"https://databaseaccount8812-centralus.documents.azure.com:443/\",\r\n        \"provisioningState\": \"Succeeded\",\r\n        \"failoverPriority\": 0,\r\n        \"isZoneRedundant\": false\r\n      }\r\n    ],\r\n    \"failoverPolicies\": [\r\n      {\r\n        \"id\": \"databaseaccount8812-centralus\",\r\n        \"locationName\": \"Central US\",\r\n        \"failoverPriority\": 0\r\n      }\r\n    ],\r\n    \"cors\": [],\r\n    \"capabilities\": [],\r\n    \"ipRules\": [],\r\n    \"backupPolicy\": {\r\n      \"type\": \"Periodic\",\r\n      \"periodicModeProperties\": {\r\n        \"backupIntervalInMinutes\": 240,\r\n        \"backupRetentionIntervalInHours\": 8,\r\n        \"backupStorageRedundancy\": \"Geo\"\r\n      }\r\n    },\r\n    \"networkAclBypassResourceIds\": [],\r\n    \"diagnosticLogSettings\": {\r\n      \"enableFullTextQuery\": \"None\"\r\n    },\r\n    \"keysMetadata\": {\r\n      \"primaryMasterKey\": {\r\n        \"generationTime\": \"2022-09-20T08:59:20.2234243Z\"\r\n      },\r\n      \"secondaryMasterKey\": {\r\n        \"generationTime\": \"2022-09-20T08:59:20.2234243Z\"\r\n      },\r\n      \"primaryReadonlyMasterKey\": {\r\n        \"generationTime\": \"2022-09-20T08:59:20.2234243Z\"\r\n      },\r\n      \"secondaryReadonlyMasterKey\": {\r\n        \"generationTime\": \"2022-09-20T08:59:20.2234243Z\"\r\n      }\r\n    }\r\n  },\r\n  \"identity\": {\r\n    \"type\": \"None\"\r\n  }\r\n}",
      "StatusCode": 200
    },
    {
      "RequestUri": "/subscriptions/259fbb24-9bcd-4cfc-865c-fc33b22fe38a/resourceGroups/CosmosDBDotNetSDKTestsRG5471/providers/Microsoft.DocumentDB/databaseAccounts/databaseaccount8812/sqlDatabases/database6648?api-version=2022-08-15-preview",
      "EncodedRequestUri": "L3N1YnNjcmlwdGlvbnMvMjU5ZmJiMjQtOWJjZC00Y2ZjLTg2NWMtZmMzM2IyMmZlMzhhL3Jlc291cmNlR3JvdXBzL0Nvc21vc0RCRG90TmV0U0RLVGVzdHNSRzU0NzEvcHJvdmlkZXJzL01pY3Jvc29mdC5Eb2N1bWVudERCL2RhdGFiYXNlQWNjb3VudHMvZGF0YWJhc2VhY2NvdW50ODgxMi9zcWxEYXRhYmFzZXMvZGF0YWJhc2U2NjQ4P2FwaS12ZXJzaW9uPTIwMjItMDgtMTUtcHJldmlldw==",
      "RequestMethod": "PUT",
      "RequestBody": "{\r\n  \"properties\": {\r\n    \"resource\": {\r\n      \"id\": \"database6648\"\r\n    },\r\n    \"options\": {}\r\n  }\r\n}",
      "RequestHeaders": {
        "x-ms-client-request-id": [
          "5e852492-7b80-447d-8e12-c47c9620cd3c"
        ],
        "Accept-Language": [
          "en-US"
        ],
        "User-Agent": [
          "FxVersion/4.700.22.41602",
          "OSName/Windows",
          "OSVersion/Microsoft.Windows.10.0.19044",
          "Microsoft.Azure.Management.CosmosDB.CosmosDBManagementClient/3.7.0.0"
        ],
        "Content-Type": [
          "application/json; charset=utf-8"
        ],
        "Content-Length": [
          "102"
        ]
      },
      "ResponseHeaders": {
        "Cache-Control": [
          "no-store, no-cache"
        ],
        "Pragma": [
          "no-cache"
        ],
        "Location": [
          "https://management.azure.com/subscriptions/259fbb24-9bcd-4cfc-865c-fc33b22fe38a/resourceGroups/CosmosDBDotNetSDKTestsRG5471/providers/Microsoft.DocumentDB/databaseAccounts/databaseaccount8812/sqlDatabases/database6648/operationResults/3a880702-a960-4ebb-a481-fa257f0606db?api-version=2022-08-15-preview"
        ],
        "Azure-AsyncOperation": [
          "https://management.azure.com/subscriptions/259fbb24-9bcd-4cfc-865c-fc33b22fe38a/providers/Microsoft.DocumentDB/locations/centralus/operationsStatus/3a880702-a960-4ebb-a481-fa257f0606db?api-version=2022-08-15-preview"
        ],
        "x-ms-request-id": [
          "3a880702-a960-4ebb-a481-fa257f0606db"
        ],
        "Strict-Transport-Security": [
          "max-age=31536000; includeSubDomains"
        ],
        "x-ms-gatewayversion": [
          "version=2.14.0"
        ],
        "Server": [
          "Microsoft-HTTPAPI/2.0"
        ],
        "x-ms-ratelimit-remaining-subscription-writes": [
          "1198"
        ],
        "x-ms-correlation-request-id": [
          "13f8f4c0-4ea9-4b9f-8f76-0b8b59d35efd"
        ],
        "x-ms-routing-request-id": [
          "EASTUS:20220920T090014Z:13f8f4c0-4ea9-4b9f-8f76-0b8b59d35efd"
        ],
        "X-Content-Type-Options": [
          "nosniff"
        ],
        "Date": [
          "Tue, 20 Sep 2022 09:00:14 GMT"
        ],
        "Content-Length": [
          "21"
        ],
        "Content-Type": [
          "application/json"
        ]
      },
      "ResponseBody": "{\r\n  \"status\": \"Enqueued\"\r\n}",
      "StatusCode": 202
    },
    {
      "RequestUri": "/subscriptions/259fbb24-9bcd-4cfc-865c-fc33b22fe38a/providers/Microsoft.DocumentDB/locations/centralus/operationsStatus/3a880702-a960-4ebb-a481-fa257f0606db?api-version=2022-08-15-preview",
      "EncodedRequestUri": "L3N1YnNjcmlwdGlvbnMvMjU5ZmJiMjQtOWJjZC00Y2ZjLTg2NWMtZmMzM2IyMmZlMzhhL3Byb3ZpZGVycy9NaWNyb3NvZnQuRG9jdW1lbnREQi9sb2NhdGlvbnMvY2VudHJhbHVzL29wZXJhdGlvbnNTdGF0dXMvM2E4ODA3MDItYTk2MC00ZWJiLWE0ODEtZmEyNTdmMDYwNmRiP2FwaS12ZXJzaW9uPTIwMjItMDgtMTUtcHJldmlldw==",
      "RequestMethod": "GET",
      "RequestBody": "",
      "RequestHeaders": {
        "User-Agent": [
          "FxVersion/4.700.22.41602",
          "OSName/Windows",
          "OSVersion/Microsoft.Windows.10.0.19044",
          "Microsoft.Azure.Management.CosmosDB.CosmosDBManagementClient/3.7.0.0"
        ]
      },
      "ResponseHeaders": {
        "Cache-Control": [
          "no-store, no-cache"
        ],
        "Pragma": [
          "no-cache"
        ],
        "Strict-Transport-Security": [
          "max-age=31536000; includeSubDomains"
        ],
        "x-ms-gatewayversion": [
          "version=2.14.0"
        ],
        "Server": [
          "Microsoft-HTTPAPI/2.0"
        ],
        "x-ms-ratelimit-remaining-subscription-reads": [
          "11993"
        ],
        "x-ms-request-id": [
          "0a31f334-780e-4e4d-ab91-3a4f9eee155e"
        ],
        "x-ms-correlation-request-id": [
          "0a31f334-780e-4e4d-ab91-3a4f9eee155e"
        ],
        "x-ms-routing-request-id": [
          "EASTUS:20220920T090044Z:0a31f334-780e-4e4d-ab91-3a4f9eee155e"
        ],
        "X-Content-Type-Options": [
          "nosniff"
        ],
        "Date": [
          "Tue, 20 Sep 2022 09:00:44 GMT"
        ],
        "Content-Length": [
          "22"
        ],
        "Content-Type": [
          "application/json"
        ]
      },
      "ResponseBody": "{\r\n  \"status\": \"Succeeded\"\r\n}",
      "StatusCode": 200
    },
    {
      "RequestUri": "/subscriptions/259fbb24-9bcd-4cfc-865c-fc33b22fe38a/resourceGroups/CosmosDBDotNetSDKTestsRG5471/providers/Microsoft.DocumentDB/databaseAccounts/databaseaccount8812/sqlDatabases/database6648?api-version=2022-08-15-preview",
      "EncodedRequestUri": "L3N1YnNjcmlwdGlvbnMvMjU5ZmJiMjQtOWJjZC00Y2ZjLTg2NWMtZmMzM2IyMmZlMzhhL3Jlc291cmNlR3JvdXBzL0Nvc21vc0RCRG90TmV0U0RLVGVzdHNSRzU0NzEvcHJvdmlkZXJzL01pY3Jvc29mdC5Eb2N1bWVudERCL2RhdGFiYXNlQWNjb3VudHMvZGF0YWJhc2VhY2NvdW50ODgxMi9zcWxEYXRhYmFzZXMvZGF0YWJhc2U2NjQ4P2FwaS12ZXJzaW9uPTIwMjItMDgtMTUtcHJldmlldw==",
      "RequestMethod": "GET",
      "RequestBody": "",
      "RequestHeaders": {
        "User-Agent": [
          "FxVersion/4.700.22.41602",
          "OSName/Windows",
          "OSVersion/Microsoft.Windows.10.0.19044",
          "Microsoft.Azure.Management.CosmosDB.CosmosDBManagementClient/3.7.0.0"
        ]
      },
      "ResponseHeaders": {
        "Cache-Control": [
          "no-store, no-cache"
        ],
        "Pragma": [
          "no-cache"
        ],
        "Strict-Transport-Security": [
          "max-age=31536000; includeSubDomains"
        ],
        "x-ms-gatewayversion": [
          "version=2.14.0"
        ],
        "Server": [
          "Microsoft-HTTPAPI/2.0"
        ],
        "x-ms-ratelimit-remaining-subscription-reads": [
          "11992"
        ],
        "x-ms-request-id": [
          "8f571715-5b82-4ab9-8a16-40e9658f1327"
        ],
        "x-ms-correlation-request-id": [
          "8f571715-5b82-4ab9-8a16-40e9658f1327"
        ],
        "x-ms-routing-request-id": [
          "EASTUS:20220920T090044Z:8f571715-5b82-4ab9-8a16-40e9658f1327"
        ],
        "X-Content-Type-Options": [
          "nosniff"
        ],
        "Date": [
          "Tue, 20 Sep 2022 09:00:44 GMT"
        ],
        "Content-Length": [
          "474"
        ],
        "Content-Type": [
          "application/json"
        ]
      },
      "ResponseBody": "{\r\n  \"id\": \"/subscriptions/259fbb24-9bcd-4cfc-865c-fc33b22fe38a/resourceGroups/CosmosDBDotNetSDKTestsRG5471/providers/Microsoft.DocumentDB/databaseAccounts/databaseaccount8812/sqlDatabases/database6648\",\r\n  \"type\": \"Microsoft.DocumentDB/databaseAccounts/sqlDatabases\",\r\n  \"name\": \"database6648\",\r\n  \"properties\": {\r\n    \"resource\": {\r\n      \"id\": \"database6648\",\r\n      \"_rid\": \"Fp0zAA==\",\r\n      \"_self\": \"dbs/Fp0zAA==/\",\r\n      \"_etag\": \"\\\"00002c00-0000-0300-0000-632981230000\\\"\",\r\n      \"_colls\": \"colls/\",\r\n      \"_users\": \"users/\",\r\n      \"_ts\": 1663664419\r\n    }\r\n  }\r\n}",
      "StatusCode": 200
    },
    {
      "RequestUri": "/subscriptions/259fbb24-9bcd-4cfc-865c-fc33b22fe38a/resourceGroups/CosmosDBDotNetSDKTestsRG5471/providers/Microsoft.DocumentDB/databaseAccounts/databaseaccount8812/sqlDatabases/database6648/clientEncryptionKeys/clientEncryptionKey9292?api-version=2022-08-15-preview",
      "EncodedRequestUri": "L3N1YnNjcmlwdGlvbnMvMjU5ZmJiMjQtOWJjZC00Y2ZjLTg2NWMtZmMzM2IyMmZlMzhhL3Jlc291cmNlR3JvdXBzL0Nvc21vc0RCRG90TmV0U0RLVGVzdHNSRzU0NzEvcHJvdmlkZXJzL01pY3Jvc29mdC5Eb2N1bWVudERCL2RhdGFiYXNlQWNjb3VudHMvZGF0YWJhc2VhY2NvdW50ODgxMi9zcWxEYXRhYmFzZXMvZGF0YWJhc2U2NjQ4L2NsaWVudEVuY3J5cHRpb25LZXlzL2NsaWVudEVuY3J5cHRpb25LZXk5MjkyP2FwaS12ZXJzaW9uPTIwMjItMDgtMTUtcHJldmlldw==",
      "RequestMethod": "PUT",
      "RequestBody": "{\r\n  \"properties\": {\r\n    \"resource\": {\r\n      \"id\": \"clientEncryptionKey9292\",\r\n      \"encryptionAlgorithm\": \"AEAD_AES_256_CBC_HMAC_SHA256\",\r\n      \"wrappedDataEncryptionKey\": \"q1cF6Z/i\",\r\n      \"keyWrapMetadata\": {\r\n        \"name\": \"cmk\",\r\n        \"type\": \"akv\",\r\n        \"value\": \"akvPath\",\r\n        \"algorithm\": \"algo\"\r\n      }\r\n    }\r\n  }\r\n}",
      "RequestHeaders": {
        "x-ms-client-request-id": [
          "1122113e-edab-43a1-a054-f56a91d53049"
        ],
        "Accept-Language": [
          "en-US"
        ],
        "User-Agent": [
          "FxVersion/4.700.22.41602",
          "OSName/Windows",
          "OSVersion/Microsoft.Windows.10.0.19044",
          "Microsoft.Azure.Management.CosmosDB.CosmosDBManagementClient/3.7.0.0"
        ],
        "Content-Type": [
          "application/json; charset=utf-8"
        ],
        "Content-Length": [
          "346"
        ]
      },
      "ResponseHeaders": {
        "Cache-Control": [
          "no-store, no-cache"
        ],
        "Pragma": [
          "no-cache"
        ],
        "Location": [
          "https://management.azure.com/subscriptions/259fbb24-9bcd-4cfc-865c-fc33b22fe38a/resourceGroups/CosmosDBDotNetSDKTestsRG5471/providers/Microsoft.DocumentDB/databaseAccounts/databaseaccount8812/sqlDatabases/database6648/clientEncryptionKeys/clientEncryptionKey9292/operationResults/c2539421-f43c-4e95-bba8-5c164de1a4e9?api-version=2022-08-15-preview"
        ],
        "Azure-AsyncOperation": [
          "https://management.azure.com/subscriptions/259fbb24-9bcd-4cfc-865c-fc33b22fe38a/providers/Microsoft.DocumentDB/locations/centralus/operationsStatus/c2539421-f43c-4e95-bba8-5c164de1a4e9?api-version=2022-08-15-preview"
        ],
        "x-ms-request-id": [
          "c2539421-f43c-4e95-bba8-5c164de1a4e9"
        ],
        "Strict-Transport-Security": [
          "max-age=31536000; includeSubDomains"
        ],
        "x-ms-gatewayversion": [
          "version=2.14.0"
        ],
        "Server": [
          "Microsoft-HTTPAPI/2.0"
        ],
        "x-ms-ratelimit-remaining-subscription-writes": [
          "1197"
        ],
        "x-ms-correlation-request-id": [
          "2d64a3e3-4510-45b1-b099-32473014fa31"
        ],
        "x-ms-routing-request-id": [
          "EASTUS:20220920T090045Z:2d64a3e3-4510-45b1-b099-32473014fa31"
        ],
        "X-Content-Type-Options": [
          "nosniff"
        ],
        "Date": [
          "Tue, 20 Sep 2022 09:00:45 GMT"
        ],
        "Content-Length": [
          "21"
        ],
        "Content-Type": [
          "application/json"
        ]
      },
      "ResponseBody": "{\r\n  \"status\": \"Enqueued\"\r\n}",
      "StatusCode": 202
    },
    {
      "RequestUri": "/subscriptions/259fbb24-9bcd-4cfc-865c-fc33b22fe38a/resourceGroups/CosmosDBDotNetSDKTestsRG5471/providers/Microsoft.DocumentDB/databaseAccounts/databaseaccount8812/sqlDatabases/database6648/clientEncryptionKeys/clientEncryptionKey9292?api-version=2022-08-15-preview",
      "EncodedRequestUri": "L3N1YnNjcmlwdGlvbnMvMjU5ZmJiMjQtOWJjZC00Y2ZjLTg2NWMtZmMzM2IyMmZlMzhhL3Jlc291cmNlR3JvdXBzL0Nvc21vc0RCRG90TmV0U0RLVGVzdHNSRzU0NzEvcHJvdmlkZXJzL01pY3Jvc29mdC5Eb2N1bWVudERCL2RhdGFiYXNlQWNjb3VudHMvZGF0YWJhc2VhY2NvdW50ODgxMi9zcWxEYXRhYmFzZXMvZGF0YWJhc2U2NjQ4L2NsaWVudEVuY3J5cHRpb25LZXlzL2NsaWVudEVuY3J5cHRpb25LZXk5MjkyP2FwaS12ZXJzaW9uPTIwMjItMDgtMTUtcHJldmlldw==",
      "RequestMethod": "PUT",
      "RequestBody": "{\r\n  \"properties\": {\r\n    \"resource\": {\r\n      \"id\": \"clientEncryptionKey9292\",\r\n      \"encryptionAlgorithm\": \"AEAD_AES_256_CBC_HMAC_SHA256\",\r\n      \"wrappedDataEncryptionKey\": \"rBU=\",\r\n      \"keyWrapMetadata\": {\r\n        \"name\": \"cmk\",\r\n        \"type\": \"akv\",\r\n        \"value\": \"akvPath\",\r\n        \"algorithm\": \"algo\"\r\n      }\r\n    }\r\n  }\r\n}",
      "RequestHeaders": {
        "x-ms-client-request-id": [
          "396a5947-2bc1-43bb-a6c1-80d7e28077da"
        ],
        "Accept-Language": [
          "en-US"
        ],
        "User-Agent": [
          "FxVersion/4.700.22.41602",
          "OSName/Windows",
          "OSVersion/Microsoft.Windows.10.0.19044",
          "Microsoft.Azure.Management.CosmosDB.CosmosDBManagementClient/3.7.0.0"
        ],
        "Content-Type": [
          "application/json; charset=utf-8"
        ],
        "Content-Length": [
          "342"
        ]
      },
      "ResponseHeaders": {
        "Cache-Control": [
          "no-store, no-cache"
        ],
        "Pragma": [
          "no-cache"
        ],
        "Location": [
          "https://management.azure.com/subscriptions/259fbb24-9bcd-4cfc-865c-fc33b22fe38a/resourceGroups/CosmosDBDotNetSDKTestsRG5471/providers/Microsoft.DocumentDB/databaseAccounts/databaseaccount8812/sqlDatabases/database6648/clientEncryptionKeys/clientEncryptionKey9292/operationResults/e7268c1b-c5b7-4c5b-84dc-6ccc496ce6a0?api-version=2022-08-15-preview"
        ],
        "Azure-AsyncOperation": [
          "https://management.azure.com/subscriptions/259fbb24-9bcd-4cfc-865c-fc33b22fe38a/providers/Microsoft.DocumentDB/locations/centralus/operationsStatus/e7268c1b-c5b7-4c5b-84dc-6ccc496ce6a0?api-version=2022-08-15-preview"
        ],
        "x-ms-request-id": [
          "e7268c1b-c5b7-4c5b-84dc-6ccc496ce6a0"
        ],
        "Strict-Transport-Security": [
          "max-age=31536000; includeSubDomains"
        ],
        "x-ms-gatewayversion": [
          "version=2.14.0"
        ],
        "Server": [
          "Microsoft-HTTPAPI/2.0"
        ],
        "x-ms-ratelimit-remaining-subscription-writes": [
          "1196"
        ],
        "x-ms-correlation-request-id": [
          "f847d6c2-7626-47c7-853d-39e75728e31c"
        ],
        "x-ms-routing-request-id": [
          "EASTUS:20220920T090055Z:f847d6c2-7626-47c7-853d-39e75728e31c"
        ],
        "X-Content-Type-Options": [
          "nosniff"
        ],
        "Date": [
          "Tue, 20 Sep 2022 09:00:55 GMT"
        ],
        "Content-Length": [
          "21"
        ],
        "Content-Type": [
          "application/json"
        ]
      },
      "ResponseBody": "{\r\n  \"status\": \"Enqueued\"\r\n}",
      "StatusCode": 202
    },
    {
      "RequestUri": "/subscriptions/259fbb24-9bcd-4cfc-865c-fc33b22fe38a/resourceGroups/CosmosDBDotNetSDKTestsRG5471/providers/Microsoft.DocumentDB/databaseAccounts/databaseaccount8812/sqlDatabases/database6648/clientEncryptionKeys/clientEncryptionKey9292?api-version=2022-08-15-preview",
      "EncodedRequestUri": "L3N1YnNjcmlwdGlvbnMvMjU5ZmJiMjQtOWJjZC00Y2ZjLTg2NWMtZmMzM2IyMmZlMzhhL3Jlc291cmNlR3JvdXBzL0Nvc21vc0RCRG90TmV0U0RLVGVzdHNSRzU0NzEvcHJvdmlkZXJzL01pY3Jvc29mdC5Eb2N1bWVudERCL2RhdGFiYXNlQWNjb3VudHMvZGF0YWJhc2VhY2NvdW50ODgxMi9zcWxEYXRhYmFzZXMvZGF0YWJhc2U2NjQ4L2NsaWVudEVuY3J5cHRpb25LZXlzL2NsaWVudEVuY3J5cHRpb25LZXk5MjkyP2FwaS12ZXJzaW9uPTIwMjItMDgtMTUtcHJldmlldw==",
      "RequestMethod": "GET",
      "RequestBody": "",
      "RequestHeaders": {
        "x-ms-client-request-id": [
          "6a0acee2-c81c-47ea-84e8-224d122f6429"
        ],
        "Accept-Language": [
          "en-US"
        ],
        "User-Agent": [
          "FxVersion/4.700.22.41602",
          "OSName/Windows",
          "OSVersion/Microsoft.Windows.10.0.19044",
          "Microsoft.Azure.Management.CosmosDB.CosmosDBManagementClient/3.7.0.0"
        ]
      },
      "ResponseHeaders": {
        "Cache-Control": [
          "no-store, no-cache"
        ],
        "Pragma": [
          "no-cache"
        ],
        "Strict-Transport-Security": [
          "max-age=31536000; includeSubDomains"
        ],
        "x-ms-gatewayversion": [
          "version=2.14.0"
        ],
        "Server": [
          "Microsoft-HTTPAPI/2.0"
        ],
        "x-ms-ratelimit-remaining-subscription-reads": [
          "11991"
        ],
        "x-ms-request-id": [
          "87cc8dd2-362a-44db-a953-4c3c461fb103"
        ],
        "x-ms-correlation-request-id": [
          "87cc8dd2-362a-44db-a953-4c3c461fb103"
        ],
        "x-ms-routing-request-id": [
          "EASTUS:20220920T090055Z:87cc8dd2-362a-44db-a953-4c3c461fb103"
        ],
        "X-Content-Type-Options": [
          "nosniff"
        ],
        "Date": [
          "Tue, 20 Sep 2022 09:00:54 GMT"
        ],
        "Content-Length": [
          "780"
        ],
        "Content-Type": [
          "application/json"
        ]
      },
      "ResponseBody": "{\r\n  \"id\": \"/subscriptions/259fbb24-9bcd-4cfc-865c-fc33b22fe38a/resourceGroups/CosmosDBDotNetSDKTestsRG5471/providers/Microsoft.DocumentDB/databaseAccounts/databaseaccount8812/sqlDatabases/database6648/clientEncryptionKeys/clientEncryptionKey9292\",\r\n  \"type\": \"Microsoft.DocumentDB/databaseAccounts/sqlDatabases/clientEncryptionKeys\",\r\n  \"name\": \"clientEncryptionKey9292\",\r\n  \"properties\": {\r\n    \"resource\": {\r\n      \"id\": \"clientEncryptionKey9292\",\r\n      \"encryptionAlgorithm\": \"AEAD_AES_256_CBC_HMAC_SHA256\",\r\n      \"wrappedDataEncryptionKey\": \"q1cF6Z/i\",\r\n      \"keyWrapMetadata\": {\r\n        \"name\": \"cmk\",\r\n        \"type\": \"akv\",\r\n        \"value\": \"akvPath\",\r\n        \"algorithm\": \"algo\"\r\n      },\r\n      \"_rid\": \"Fp0zAAAAAADbIknVAgAAAA==\",\r\n      \"_self\": \"dbs/Fp0zAA==/clientencryptionkeys/Fp0zAAAAAADbIknVAgAAAA==/\",\r\n      \"_etag\": \"\\\"00002d00-0000-0300-0000-632981420000\\\"\",\r\n      \"_cts\": 1663664450,\r\n      \"_ts\": 1663664450\r\n    }\r\n  }\r\n}",
      "StatusCode": 200
    },
    {
      "RequestUri": "/subscriptions/259fbb24-9bcd-4cfc-865c-fc33b22fe38a/resourceGroups/CosmosDBDotNetSDKTestsRG5471/providers/Microsoft.DocumentDB/databaseAccounts/databaseaccount8812/sqlDatabases/database6648/clientEncryptionKeys/clientEncryptionKey9292?api-version=2022-08-15-preview",
      "EncodedRequestUri": "L3N1YnNjcmlwdGlvbnMvMjU5ZmJiMjQtOWJjZC00Y2ZjLTg2NWMtZmMzM2IyMmZlMzhhL3Jlc291cmNlR3JvdXBzL0Nvc21vc0RCRG90TmV0U0RLVGVzdHNSRzU0NzEvcHJvdmlkZXJzL01pY3Jvc29mdC5Eb2N1bWVudERCL2RhdGFiYXNlQWNjb3VudHMvZGF0YWJhc2VhY2NvdW50ODgxMi9zcWxEYXRhYmFzZXMvZGF0YWJhc2U2NjQ4L2NsaWVudEVuY3J5cHRpb25LZXlzL2NsaWVudEVuY3J5cHRpb25LZXk5MjkyP2FwaS12ZXJzaW9uPTIwMjItMDgtMTUtcHJldmlldw==",
      "RequestMethod": "GET",
      "RequestBody": "",
      "RequestHeaders": {
        "x-ms-client-request-id": [
          "0ae9f5a2-649f-46cb-9579-225292d6b724"
        ],
        "Accept-Language": [
          "en-US"
        ],
        "User-Agent": [
          "FxVersion/4.700.22.41602",
          "OSName/Windows",
          "OSVersion/Microsoft.Windows.10.0.19044",
          "Microsoft.Azure.Management.CosmosDB.CosmosDBManagementClient/3.7.0.0"
        ]
      },
      "ResponseHeaders": {
        "Cache-Control": [
          "no-store, no-cache"
        ],
        "Pragma": [
          "no-cache"
        ],
        "Strict-Transport-Security": [
          "max-age=31536000; includeSubDomains"
        ],
        "x-ms-gatewayversion": [
          "version=2.14.0"
        ],
        "Server": [
          "Microsoft-HTTPAPI/2.0"
        ],
        "x-ms-ratelimit-remaining-subscription-reads": [
          "11990"
        ],
        "x-ms-request-id": [
          "3e50f420-661f-4c83-80c9-7d17c4f9584f"
        ],
        "x-ms-correlation-request-id": [
          "3e50f420-661f-4c83-80c9-7d17c4f9584f"
        ],
        "x-ms-routing-request-id": [
          "EASTUS:20220920T090105Z:3e50f420-661f-4c83-80c9-7d17c4f9584f"
        ],
        "X-Content-Type-Options": [
          "nosniff"
        ],
        "Date": [
          "Tue, 20 Sep 2022 09:01:05 GMT"
        ],
        "Content-Length": [
          "776"
        ],
        "Content-Type": [
          "application/json"
        ]
      },
      "ResponseBody": "{\r\n  \"id\": \"/subscriptions/259fbb24-9bcd-4cfc-865c-fc33b22fe38a/resourceGroups/CosmosDBDotNetSDKTestsRG5471/providers/Microsoft.DocumentDB/databaseAccounts/databaseaccount8812/sqlDatabases/database6648/clientEncryptionKeys/clientEncryptionKey9292\",\r\n  \"type\": \"Microsoft.DocumentDB/databaseAccounts/sqlDatabases/clientEncryptionKeys\",\r\n  \"name\": \"clientEncryptionKey9292\",\r\n  \"properties\": {\r\n    \"resource\": {\r\n      \"id\": \"clientEncryptionKey9292\",\r\n      \"encryptionAlgorithm\": \"AEAD_AES_256_CBC_HMAC_SHA256\",\r\n      \"wrappedDataEncryptionKey\": \"rBU=\",\r\n      \"keyWrapMetadata\": {\r\n        \"name\": \"cmk\",\r\n        \"type\": \"akv\",\r\n        \"value\": \"akvPath\",\r\n        \"algorithm\": \"algo\"\r\n      },\r\n      \"_rid\": \"Fp0zAAAAAADbIknVAgAAAA==\",\r\n      \"_self\": \"dbs/Fp0zAA==/clientencryptionkeys/Fp0zAAAAAADbIknVAgAAAA==/\",\r\n      \"_etag\": \"\\\"00002f00-0000-0300-0000-6329814c0000\\\"\",\r\n      \"_cts\": 1663664450,\r\n      \"_ts\": 1663664460\r\n    }\r\n  }\r\n}",
      "StatusCode": 200
    },
    {
      "RequestUri": "/subscriptions/259fbb24-9bcd-4cfc-865c-fc33b22fe38a/resourceGroups/CosmosDBDotNetSDKTestsRG5471/providers/Microsoft.DocumentDB/databaseAccounts/databaseaccount8812/sqlDatabases/database6648/clientEncryptionKeys/clientEncryptionKey9292?api-version=2022-08-15-preview",
      "EncodedRequestUri": "L3N1YnNjcmlwdGlvbnMvMjU5ZmJiMjQtOWJjZC00Y2ZjLTg2NWMtZmMzM2IyMmZlMzhhL3Jlc291cmNlR3JvdXBzL0Nvc21vc0RCRG90TmV0U0RLVGVzdHNSRzU0NzEvcHJvdmlkZXJzL01pY3Jvc29mdC5Eb2N1bWVudERCL2RhdGFiYXNlQWNjb3VudHMvZGF0YWJhc2VhY2NvdW50ODgxMi9zcWxEYXRhYmFzZXMvZGF0YWJhc2U2NjQ4L2NsaWVudEVuY3J5cHRpb25LZXlzL2NsaWVudEVuY3J5cHRpb25LZXk5MjkyP2FwaS12ZXJzaW9uPTIwMjItMDgtMTUtcHJldmlldw==",
      "RequestMethod": "GET",
      "RequestBody": "",
      "RequestHeaders": {
        "User-Agent": [
          "FxVersion/4.700.22.41602",
          "OSName/Windows",
          "OSVersion/Microsoft.Windows.10.0.19044",
          "Microsoft.Azure.Management.CosmosDB.CosmosDBManagementClient/3.7.0.0"
        ]
      },
      "ResponseHeaders": {
        "Cache-Control": [
          "no-store, no-cache"
        ],
        "Pragma": [
          "no-cache"
        ],
        "Strict-Transport-Security": [
          "max-age=31536000; includeSubDomains"
        ],
        "x-ms-gatewayversion": [
          "version=2.14.0"
        ],
        "Server": [
          "Microsoft-HTTPAPI/2.0"
        ],
        "x-ms-ratelimit-remaining-subscription-reads": [
          "11988"
        ],
        "x-ms-request-id": [
          "fb4faf3c-dd62-4f15-a5a3-284b360b2336"
        ],
        "x-ms-correlation-request-id": [
          "fb4faf3c-dd62-4f15-a5a3-284b360b2336"
        ],
        "x-ms-routing-request-id": [
          "EASTUS:20220920T090115Z:fb4faf3c-dd62-4f15-a5a3-284b360b2336"
        ],
        "X-Content-Type-Options": [
          "nosniff"
        ],
        "Date": [
          "Tue, 20 Sep 2022 09:01:15 GMT"
        ],
        "Content-Length": [
          "776"
        ],
        "Content-Type": [
          "application/json"
        ]
      },
      "ResponseBody": "{\r\n  \"id\": \"/subscriptions/259fbb24-9bcd-4cfc-865c-fc33b22fe38a/resourceGroups/CosmosDBDotNetSDKTestsRG5471/providers/Microsoft.DocumentDB/databaseAccounts/databaseaccount8812/sqlDatabases/database6648/clientEncryptionKeys/clientEncryptionKey9292\",\r\n  \"type\": \"Microsoft.DocumentDB/databaseAccounts/sqlDatabases/clientEncryptionKeys\",\r\n  \"name\": \"clientEncryptionKey9292\",\r\n  \"properties\": {\r\n    \"resource\": {\r\n      \"id\": \"clientEncryptionKey9292\",\r\n      \"encryptionAlgorithm\": \"AEAD_AES_256_CBC_HMAC_SHA256\",\r\n      \"wrappedDataEncryptionKey\": \"rBU=\",\r\n      \"keyWrapMetadata\": {\r\n        \"name\": \"cmk\",\r\n        \"type\": \"akv\",\r\n        \"value\": \"akvPath\",\r\n        \"algorithm\": \"algo\"\r\n      },\r\n      \"_rid\": \"Fp0zAAAAAADbIknVAgAAAA==\",\r\n      \"_self\": \"dbs/Fp0zAA==/clientencryptionkeys/Fp0zAAAAAADbIknVAgAAAA==/\",\r\n      \"_etag\": \"\\\"00002f00-0000-0300-0000-6329814c0000\\\"\",\r\n      \"_cts\": 1663664450,\r\n      \"_ts\": 1663664460\r\n    }\r\n  }\r\n}",
      "StatusCode": 200
    },
    {
      "RequestUri": "/subscriptions/259fbb24-9bcd-4cfc-865c-fc33b22fe38a/resourceGroups/CosmosDBDotNetSDKTestsRG5471/providers/Microsoft.DocumentDB/databaseAccounts/databaseaccount8812/sqlDatabases/database6648/clientEncryptionKeys/clientEncryptionKey9292?api-version=2022-08-15-preview",
      "EncodedRequestUri": "L3N1YnNjcmlwdGlvbnMvMjU5ZmJiMjQtOWJjZC00Y2ZjLTg2NWMtZmMzM2IyMmZlMzhhL3Jlc291cmNlR3JvdXBzL0Nvc21vc0RCRG90TmV0U0RLVGVzdHNSRzU0NzEvcHJvdmlkZXJzL01pY3Jvc29mdC5Eb2N1bWVudERCL2RhdGFiYXNlQWNjb3VudHMvZGF0YWJhc2VhY2NvdW50ODgxMi9zcWxEYXRhYmFzZXMvZGF0YWJhc2U2NjQ4L2NsaWVudEVuY3J5cHRpb25LZXlzL2NsaWVudEVuY3J5cHRpb25LZXk5MjkyP2FwaS12ZXJzaW9uPTIwMjItMDgtMTUtcHJldmlldw==",
      "RequestMethod": "GET",
      "RequestBody": "",
      "RequestHeaders": {
        "User-Agent": [
          "FxVersion/4.700.22.41602",
          "OSName/Windows",
          "OSVersion/Microsoft.Windows.10.0.19044",
          "Microsoft.Azure.Management.CosmosDB.CosmosDBManagementClient/3.7.0.0"
        ]
      },
      "ResponseHeaders": {
        "Cache-Control": [
          "no-store, no-cache"
        ],
        "Pragma": [
          "no-cache"
        ],
        "Strict-Transport-Security": [
          "max-age=31536000; includeSubDomains"
        ],
        "x-ms-gatewayversion": [
          "version=2.14.0"
        ],
        "Server": [
          "Microsoft-HTTPAPI/2.0"
        ],
        "x-ms-ratelimit-remaining-subscription-reads": [
          "11997"
        ],
        "x-ms-request-id": [
          "fc2166e8-d410-48c0-89ae-ace30a03c754"
        ],
        "x-ms-correlation-request-id": [
          "fc2166e8-d410-48c0-89ae-ace30a03c754"
        ],
        "x-ms-routing-request-id": [
          "EASTUS:20220920T090125Z:fc2166e8-d410-48c0-89ae-ace30a03c754"
        ],
        "X-Content-Type-Options": [
          "nosniff"
        ],
        "Date": [
          "Tue, 20 Sep 2022 09:01:25 GMT"
        ],
        "Content-Length": [
          "776"
        ],
        "Content-Type": [
          "application/json"
        ]
      },
      "ResponseBody": "{\r\n  \"id\": \"/subscriptions/259fbb24-9bcd-4cfc-865c-fc33b22fe38a/resourceGroups/CosmosDBDotNetSDKTestsRG5471/providers/Microsoft.DocumentDB/databaseAccounts/databaseaccount8812/sqlDatabases/database6648/clientEncryptionKeys/clientEncryptionKey9292\",\r\n  \"type\": \"Microsoft.DocumentDB/databaseAccounts/sqlDatabases/clientEncryptionKeys\",\r\n  \"name\": \"clientEncryptionKey9292\",\r\n  \"properties\": {\r\n    \"resource\": {\r\n      \"id\": \"clientEncryptionKey9292\",\r\n      \"encryptionAlgorithm\": \"AEAD_AES_256_CBC_HMAC_SHA256\",\r\n      \"wrappedDataEncryptionKey\": \"rBU=\",\r\n      \"keyWrapMetadata\": {\r\n        \"name\": \"cmk\",\r\n        \"type\": \"akv\",\r\n        \"value\": \"akvPath\",\r\n        \"algorithm\": \"algo\"\r\n      },\r\n      \"_rid\": \"Fp0zAAAAAADbIknVAgAAAA==\",\r\n      \"_self\": \"dbs/Fp0zAA==/clientencryptionkeys/Fp0zAAAAAADbIknVAgAAAA==/\",\r\n      \"_etag\": \"\\\"00002f00-0000-0300-0000-6329814c0000\\\"\",\r\n      \"_cts\": 1663664450,\r\n      \"_ts\": 1663664460\r\n    }\r\n  }\r\n}",
      "StatusCode": 200
    },
    {
      "RequestUri": "/subscriptions/259fbb24-9bcd-4cfc-865c-fc33b22fe38a/resourceGroups/CosmosDBDotNetSDKTestsRG5471/providers/Microsoft.DocumentDB/databaseAccounts/databaseaccount8812/sqlDatabases/database6648/clientEncryptionKeys/clientEncryptionKey1141?api-version=2022-08-15-preview",
      "EncodedRequestUri": "L3N1YnNjcmlwdGlvbnMvMjU5ZmJiMjQtOWJjZC00Y2ZjLTg2NWMtZmMzM2IyMmZlMzhhL3Jlc291cmNlR3JvdXBzL0Nvc21vc0RCRG90TmV0U0RLVGVzdHNSRzU0NzEvcHJvdmlkZXJzL01pY3Jvc29mdC5Eb2N1bWVudERCL2RhdGFiYXNlQWNjb3VudHMvZGF0YWJhc2VhY2NvdW50ODgxMi9zcWxEYXRhYmFzZXMvZGF0YWJhc2U2NjQ4L2NsaWVudEVuY3J5cHRpb25LZXlzL2NsaWVudEVuY3J5cHRpb25LZXkxMTQxP2FwaS12ZXJzaW9uPTIwMjItMDgtMTUtcHJldmlldw==",
      "RequestMethod": "PUT",
      "RequestBody": "{\r\n  \"properties\": {\r\n    \"resource\": {\r\n      \"id\": \"clientEncryptionKey1141\",\r\n      \"encryptionAlgorithm\": \"AEAD_AES_256_CBC_HMAC_SHA256\",\r\n      \"wrappedDataEncryptionKey\": \"EVQQqR8k\",\r\n      \"keyWrapMetadata\": {\r\n        \"name\": \"cmk\",\r\n        \"type\": \"akv\",\r\n        \"value\": \"akvPath2\",\r\n        \"algorithm\": \"algo\"\r\n      }\r\n    }\r\n  }\r\n}",
      "RequestHeaders": {
        "x-ms-client-request-id": [
          "8c1e083e-c75c-42c7-96d6-63ab324fc683"
        ],
        "Accept-Language": [
          "en-US"
        ],
        "User-Agent": [
          "FxVersion/4.700.22.41602",
          "OSName/Windows",
          "OSVersion/Microsoft.Windows.10.0.19044",
          "Microsoft.Azure.Management.CosmosDB.CosmosDBManagementClient/3.7.0.0"
        ],
        "Content-Type": [
          "application/json; charset=utf-8"
        ],
        "Content-Length": [
          "347"
        ]
      },
      "ResponseHeaders": {
        "Cache-Control": [
          "no-store, no-cache"
        ],
        "Pragma": [
          "no-cache"
        ],
        "Location": [
          "https://management.azure.com/subscriptions/259fbb24-9bcd-4cfc-865c-fc33b22fe38a/resourceGroups/CosmosDBDotNetSDKTestsRG5471/providers/Microsoft.DocumentDB/databaseAccounts/databaseaccount8812/sqlDatabases/database6648/clientEncryptionKeys/clientEncryptionKey1141/operationResults/b9ea9870-38e4-422d-b430-d6d0ae8d5f2a?api-version=2022-08-15-preview"
        ],
        "Azure-AsyncOperation": [
          "https://management.azure.com/subscriptions/259fbb24-9bcd-4cfc-865c-fc33b22fe38a/providers/Microsoft.DocumentDB/locations/centralus/operationsStatus/b9ea9870-38e4-422d-b430-d6d0ae8d5f2a?api-version=2022-08-15-preview"
        ],
        "x-ms-request-id": [
          "b9ea9870-38e4-422d-b430-d6d0ae8d5f2a"
        ],
        "Strict-Transport-Security": [
          "max-age=31536000; includeSubDomains"
        ],
        "x-ms-gatewayversion": [
          "version=2.14.0"
        ],
        "Server": [
          "Microsoft-HTTPAPI/2.0"
        ],
        "x-ms-ratelimit-remaining-subscription-writes": [
          "1195"
        ],
        "x-ms-correlation-request-id": [
          "f6961df1-8d28-4701-9173-c5dceaaba32f"
        ],
        "x-ms-routing-request-id": [
          "EASTUS:20220920T090106Z:f6961df1-8d28-4701-9173-c5dceaaba32f"
        ],
        "X-Content-Type-Options": [
          "nosniff"
        ],
        "Date": [
          "Tue, 20 Sep 2022 09:01:05 GMT"
        ],
        "Content-Length": [
          "21"
        ],
        "Content-Type": [
          "application/json"
        ]
      },
      "ResponseBody": "{\r\n  \"status\": \"Enqueued\"\r\n}",
      "StatusCode": 202
    },
    {
      "RequestUri": "/subscriptions/259fbb24-9bcd-4cfc-865c-fc33b22fe38a/providers/Microsoft.DocumentDB/locations/centralus/operationsStatus/c2539421-f43c-4e95-bba8-5c164de1a4e9?api-version=2022-08-15-preview",
      "EncodedRequestUri": "L3N1YnNjcmlwdGlvbnMvMjU5ZmJiMjQtOWJjZC00Y2ZjLTg2NWMtZmMzM2IyMmZlMzhhL3Byb3ZpZGVycy9NaWNyb3NvZnQuRG9jdW1lbnREQi9sb2NhdGlvbnMvY2VudHJhbHVzL29wZXJhdGlvbnNTdGF0dXMvYzI1Mzk0MjEtZjQzYy00ZTk1LWJiYTgtNWMxNjRkZTFhNGU5P2FwaS12ZXJzaW9uPTIwMjItMDgtMTUtcHJldmlldw==",
      "RequestMethod": "GET",
      "RequestBody": "",
      "RequestHeaders": {
        "User-Agent": [
          "FxVersion/4.700.22.41602",
          "OSName/Windows",
          "OSVersion/Microsoft.Windows.10.0.19044",
          "Microsoft.Azure.Management.CosmosDB.CosmosDBManagementClient/3.7.0.0"
        ]
      },
      "ResponseHeaders": {
        "Cache-Control": [
          "no-store, no-cache"
        ],
        "Pragma": [
          "no-cache"
        ],
        "Strict-Transport-Security": [
          "max-age=31536000; includeSubDomains"
        ],
        "x-ms-gatewayversion": [
          "version=2.14.0"
        ],
        "Server": [
          "Microsoft-HTTPAPI/2.0"
        ],
        "x-ms-ratelimit-remaining-subscription-reads": [
          "11989"
        ],
        "x-ms-request-id": [
          "1d6e22cc-d09f-45f4-901b-bc5644bd79c2"
        ],
        "x-ms-correlation-request-id": [
          "1d6e22cc-d09f-45f4-901b-bc5644bd79c2"
        ],
        "x-ms-routing-request-id": [
          "EASTUS:20220920T090115Z:1d6e22cc-d09f-45f4-901b-bc5644bd79c2"
        ],
        "X-Content-Type-Options": [
          "nosniff"
        ],
        "Date": [
          "Tue, 20 Sep 2022 09:01:15 GMT"
        ],
        "Content-Length": [
          "22"
        ],
        "Content-Type": [
          "application/json"
        ]
      },
      "ResponseBody": "{\r\n  \"status\": \"Succeeded\"\r\n}",
      "StatusCode": 200
    },
    {
      "RequestUri": "/subscriptions/259fbb24-9bcd-4cfc-865c-fc33b22fe38a/resourceGroups/CosmosDBDotNetSDKTestsRG5471/providers/Microsoft.DocumentDB/databaseAccounts/databaseaccount8812/sqlDatabases/database6648/clientEncryptionKeys?api-version=2022-08-15-preview",
      "EncodedRequestUri": "L3N1YnNjcmlwdGlvbnMvMjU5ZmJiMjQtOWJjZC00Y2ZjLTg2NWMtZmMzM2IyMmZlMzhhL3Jlc291cmNlR3JvdXBzL0Nvc21vc0RCRG90TmV0U0RLVGVzdHNSRzU0NzEvcHJvdmlkZXJzL01pY3Jvc29mdC5Eb2N1bWVudERCL2RhdGFiYXNlQWNjb3VudHMvZGF0YWJhc2VhY2NvdW50ODgxMi9zcWxEYXRhYmFzZXMvZGF0YWJhc2U2NjQ4L2NsaWVudEVuY3J5cHRpb25LZXlzP2FwaS12ZXJzaW9uPTIwMjItMDgtMTUtcHJldmlldw==",
      "RequestMethod": "GET",
      "RequestBody": "",
      "RequestHeaders": {
        "x-ms-client-request-id": [
          "99a6e6d8-9bc4-4954-be1b-e8822b3878be"
        ],
        "Accept-Language": [
          "en-US"
        ],
        "User-Agent": [
          "FxVersion/4.700.22.41602",
          "OSName/Windows",
          "OSVersion/Microsoft.Windows.10.0.19044",
          "Microsoft.Azure.Management.CosmosDB.CosmosDBManagementClient/3.7.0.0"
        ]
      },
      "ResponseHeaders": {
        "Cache-Control": [
          "no-store, no-cache"
        ],
        "Pragma": [
          "no-cache"
        ],
        "Strict-Transport-Security": [
          "max-age=31536000; includeSubDomains"
        ],
        "x-ms-gatewayversion": [
          "version=2.14.0"
        ],
        "Server": [
          "Microsoft-HTTPAPI/2.0"
        ],
        "x-ms-ratelimit-remaining-subscription-reads": [
          "11999"
        ],
        "x-ms-request-id": [
          "6062ccef-cbc6-40b9-87c7-bc84ebaa0437"
        ],
        "x-ms-correlation-request-id": [
          "6062ccef-cbc6-40b9-87c7-bc84ebaa0437"
        ],
        "x-ms-routing-request-id": [
          "EASTUS:20220920T090115Z:6062ccef-cbc6-40b9-87c7-bc84ebaa0437"
        ],
        "X-Content-Type-Options": [
          "nosniff"
        ],
        "Date": [
          "Tue, 20 Sep 2022 09:01:15 GMT"
        ],
        "Content-Length": [
          "1570"
        ],
        "Content-Type": [
          "application/json"
        ]
      },
      "ResponseBody": "{\r\n  \"value\": [\r\n    {\r\n      \"id\": \"/subscriptions/259fbb24-9bcd-4cfc-865c-fc33b22fe38a/resourceGroups/CosmosDBDotNetSDKTestsRG5471/providers/Microsoft.DocumentDB/databaseAccounts/databaseaccount8812/sqlDatabases/database6648/clientEncryptionKeys/clientEncryptionKey1141\",\r\n      \"type\": \"Microsoft.DocumentDB/databaseAccounts/sqlDatabases/clientEncryptionKeys\",\r\n      \"name\": \"clientEncryptionKey1141\",\r\n      \"properties\": {\r\n        \"resource\": {\r\n          \"id\": \"clientEncryptionKey1141\",\r\n          \"encryptionAlgorithm\": \"AEAD_AES_256_CBC_HMAC_SHA256\",\r\n          \"wrappedDataEncryptionKey\": \"EVQQqR8k\",\r\n          \"keyWrapMetadata\": {\r\n            \"name\": \"cmk\",\r\n            \"type\": \"akv\",\r\n            \"value\": \"akvPath2\",\r\n            \"algorithm\": \"algo\"\r\n          },\r\n          \"_rid\": \"Fp0zAAAAAADWo7wkAgAAAA==\",\r\n          \"_self\": \"dbs/Fp0zAA==/clientencryptionkeys/Fp0zAAAAAADWo7wkAgAAAA==/\",\r\n          \"_etag\": \"\\\"00003000-0000-0300-0000-632981560000\\\"\",\r\n          \"_cts\": 1663664470,\r\n          \"_ts\": 1663664470\r\n        }\r\n      }\r\n    },\r\n    {\r\n      \"id\": \"/subscriptions/259fbb24-9bcd-4cfc-865c-fc33b22fe38a/resourceGroups/CosmosDBDotNetSDKTestsRG5471/providers/Microsoft.DocumentDB/databaseAccounts/databaseaccount8812/sqlDatabases/database6648/clientEncryptionKeys/clientEncryptionKey9292\",\r\n      \"type\": \"Microsoft.DocumentDB/databaseAccounts/sqlDatabases/clientEncryptionKeys\",\r\n      \"name\": \"clientEncryptionKey9292\",\r\n      \"properties\": {\r\n        \"resource\": {\r\n          \"id\": \"clientEncryptionKey9292\",\r\n          \"encryptionAlgorithm\": \"AEAD_AES_256_CBC_HMAC_SHA256\",\r\n          \"wrappedDataEncryptionKey\": \"rBU=\",\r\n          \"keyWrapMetadata\": {\r\n            \"name\": \"cmk\",\r\n            \"type\": \"akv\",\r\n            \"value\": \"akvPath\",\r\n            \"algorithm\": \"algo\"\r\n          },\r\n          \"_rid\": \"Fp0zAAAAAADbIknVAgAAAA==\",\r\n          \"_self\": \"dbs/Fp0zAA==/clientencryptionkeys/Fp0zAAAAAADbIknVAgAAAA==/\",\r\n          \"_etag\": \"\\\"00002f00-0000-0300-0000-6329814c0000\\\"\",\r\n          \"_cts\": 1663664450,\r\n          \"_ts\": 1663664460\r\n        }\r\n      }\r\n    }\r\n  ]\r\n}",
      "StatusCode": 200
    },
    {
      "RequestUri": "/subscriptions/259fbb24-9bcd-4cfc-865c-fc33b22fe38a/providers/Microsoft.DocumentDB/locations/centralus/operationsStatus/e7268c1b-c5b7-4c5b-84dc-6ccc496ce6a0?api-version=2022-08-15-preview",
      "EncodedRequestUri": "L3N1YnNjcmlwdGlvbnMvMjU5ZmJiMjQtOWJjZC00Y2ZjLTg2NWMtZmMzM2IyMmZlMzhhL3Byb3ZpZGVycy9NaWNyb3NvZnQuRG9jdW1lbnREQi9sb2NhdGlvbnMvY2VudHJhbHVzL29wZXJhdGlvbnNTdGF0dXMvZTcyNjhjMWItYzViNy00YzViLTg0ZGMtNmNjYzQ5NmNlNmEwP2FwaS12ZXJzaW9uPTIwMjItMDgtMTUtcHJldmlldw==",
      "RequestMethod": "GET",
      "RequestBody": "",
      "RequestHeaders": {
        "User-Agent": [
          "FxVersion/4.700.22.41602",
          "OSName/Windows",
          "OSVersion/Microsoft.Windows.10.0.19044",
          "Microsoft.Azure.Management.CosmosDB.CosmosDBManagementClient/3.7.0.0"
        ]
      },
      "ResponseHeaders": {
        "Cache-Control": [
          "no-store, no-cache"
        ],
        "Pragma": [
          "no-cache"
        ],
        "Strict-Transport-Security": [
          "max-age=31536000; includeSubDomains"
        ],
        "x-ms-gatewayversion": [
          "version=2.14.0"
        ],
        "Server": [
          "Microsoft-HTTPAPI/2.0"
        ],
        "x-ms-ratelimit-remaining-subscription-reads": [
          "11998"
        ],
        "x-ms-request-id": [
          "53d2c57d-16a0-4629-8a52-a827a67e031e"
        ],
        "x-ms-correlation-request-id": [
          "53d2c57d-16a0-4629-8a52-a827a67e031e"
        ],
        "x-ms-routing-request-id": [
          "EASTUS:20220920T090125Z:53d2c57d-16a0-4629-8a52-a827a67e031e"
        ],
        "X-Content-Type-Options": [
          "nosniff"
        ],
        "Date": [
          "Tue, 20 Sep 2022 09:01:25 GMT"
        ],
        "Content-Length": [
          "22"
        ],
        "Content-Type": [
          "application/json"
        ]
      },
      "ResponseBody": "{\r\n  \"status\": \"Succeeded\"\r\n}",
      "StatusCode": 200
    },
    {
      "RequestUri": "/subscriptions/259fbb24-9bcd-4cfc-865c-fc33b22fe38a/resourceGroups/CosmosDBDotNetSDKTestsRG5471/providers/Microsoft.DocumentDB/databaseAccounts/databaseaccount8812/sqlDatabases/database6648/containers/containerWithClientEncryptionPolicy6862?api-version=2022-08-15-preview",
      "EncodedRequestUri": "L3N1YnNjcmlwdGlvbnMvMjU5ZmJiMjQtOWJjZC00Y2ZjLTg2NWMtZmMzM2IyMmZlMzhhL3Jlc291cmNlR3JvdXBzL0Nvc21vc0RCRG90TmV0U0RLVGVzdHNSRzU0NzEvcHJvdmlkZXJzL01pY3Jvc29mdC5Eb2N1bWVudERCL2RhdGFiYXNlQWNjb3VudHMvZGF0YWJhc2VhY2NvdW50ODgxMi9zcWxEYXRhYmFzZXMvZGF0YWJhc2U2NjQ4L2NvbnRhaW5lcnMvY29udGFpbmVyV2l0aENsaWVudEVuY3J5cHRpb25Qb2xpY3k2ODYyP2FwaS12ZXJzaW9uPTIwMjItMDgtMTUtcHJldmlldw==",
      "RequestMethod": "PUT",
      "RequestBody": "{\r\n  \"properties\": {\r\n    \"resource\": {\r\n      \"id\": \"containerWithClientEncryptionPolicy6862\",\r\n      \"partitionKey\": {\r\n        \"paths\": [\r\n          \"/address/zipCode\"\r\n        ],\r\n        \"kind\": \"Hash\"\r\n      },\r\n      \"clientEncryptionPolicy\": {\r\n        \"includedPaths\": [\r\n          {\r\n            \"path\": \"/path1\",\r\n            \"clientEncryptionKeyId\": \"clientEncryptionKey9292\",\r\n            \"encryptionType\": \"Randomized\",\r\n            \"encryptionAlgorithm\": \"AEAD_AES_256_CBC_HMAC_SHA256\"\r\n          },\r\n          {\r\n            \"path\": \"/path2\",\r\n            \"clientEncryptionKeyId\": \"clientEncryptionKey1141\",\r\n            \"encryptionType\": \"Deterministic\",\r\n            \"encryptionAlgorithm\": \"AEAD_AES_256_CBC_HMAC_SHA256\"\r\n          }\r\n        ],\r\n        \"policyFormatVersion\": 1\r\n      }\r\n    }\r\n  }\r\n}",
      "RequestHeaders": {
        "x-ms-client-request-id": [
          "90635b37-0ca3-4bfc-8b50-8472525002ba"
        ],
        "Accept-Language": [
          "en-US"
        ],
        "User-Agent": [
          "FxVersion/4.700.22.41602",
          "OSName/Windows",
          "OSVersion/Microsoft.Windows.10.0.19044",
          "Microsoft.Azure.Management.CosmosDB.CosmosDBManagementClient/3.7.0.0"
        ],
        "Content-Type": [
          "application/json; charset=utf-8"
        ],
        "Content-Length": [
          "821"
        ]
      },
      "ResponseHeaders": {
        "Cache-Control": [
          "no-store, no-cache"
        ],
        "Pragma": [
          "no-cache"
        ],
        "Location": [
          "https://management.azure.com/subscriptions/259fbb24-9bcd-4cfc-865c-fc33b22fe38a/resourceGroups/CosmosDBDotNetSDKTestsRG5471/providers/Microsoft.DocumentDB/databaseAccounts/databaseaccount8812/sqlDatabases/database6648/containers/containerWithClientEncryptionPolicy6862/operationResults/f4989060-53a1-476a-b6c4-07d10a55937f?api-version=2022-08-15-preview"
        ],
        "Azure-AsyncOperation": [
          "https://management.azure.com/subscriptions/259fbb24-9bcd-4cfc-865c-fc33b22fe38a/providers/Microsoft.DocumentDB/locations/centralus/operationsStatus/f4989060-53a1-476a-b6c4-07d10a55937f?api-version=2022-08-15-preview"
        ],
        "x-ms-request-id": [
          "f4989060-53a1-476a-b6c4-07d10a55937f"
        ],
        "Strict-Transport-Security": [
          "max-age=31536000; includeSubDomains"
        ],
        "x-ms-gatewayversion": [
          "version=2.14.0"
        ],
        "Server": [
          "Microsoft-HTTPAPI/2.0"
        ],
        "x-ms-ratelimit-remaining-subscription-writes": [
          "1199"
        ],
        "x-ms-correlation-request-id": [
          "5024160f-e6cd-4fcf-a523-91d62ef82ee6"
        ],
        "x-ms-routing-request-id": [
          "EASTUS:20220920T090127Z:5024160f-e6cd-4fcf-a523-91d62ef82ee6"
        ],
        "X-Content-Type-Options": [
          "nosniff"
        ],
        "Date": [
          "Tue, 20 Sep 2022 09:01:26 GMT"
        ],
        "Content-Length": [
          "21"
        ],
        "Content-Type": [
          "application/json"
        ]
      },
      "ResponseBody": "{\r\n  \"status\": \"Enqueued\"\r\n}",
      "StatusCode": 202
    },
    {
      "RequestUri": "/subscriptions/259fbb24-9bcd-4cfc-865c-fc33b22fe38a/providers/Microsoft.DocumentDB/locations/centralus/operationsStatus/b9ea9870-38e4-422d-b430-d6d0ae8d5f2a?api-version=2022-08-15-preview",
      "EncodedRequestUri": "L3N1YnNjcmlwdGlvbnMvMjU5ZmJiMjQtOWJjZC00Y2ZjLTg2NWMtZmMzM2IyMmZlMzhhL3Byb3ZpZGVycy9NaWNyb3NvZnQuRG9jdW1lbnREQi9sb2NhdGlvbnMvY2VudHJhbHVzL29wZXJhdGlvbnNTdGF0dXMvYjllYTk4NzAtMzhlNC00MjJkLWI0MzAtZDZkMGFlOGQ1ZjJhP2FwaS12ZXJzaW9uPTIwMjItMDgtMTUtcHJldmlldw==",
      "RequestMethod": "GET",
      "RequestBody": "",
      "RequestHeaders": {
        "User-Agent": [
          "FxVersion/4.700.22.41602",
          "OSName/Windows",
          "OSVersion/Microsoft.Windows.10.0.19044",
          "Microsoft.Azure.Management.CosmosDB.CosmosDBManagementClient/3.7.0.0"
        ]
      },
      "ResponseHeaders": {
        "Cache-Control": [
          "no-store, no-cache"
        ],
        "Pragma": [
          "no-cache"
        ],
        "Strict-Transport-Security": [
          "max-age=31536000; includeSubDomains"
        ],
        "x-ms-gatewayversion": [
          "version=2.14.0"
        ],
        "Server": [
          "Microsoft-HTTPAPI/2.0"
        ],
        "x-ms-ratelimit-remaining-subscription-reads": [
          "11996"
        ],
        "x-ms-request-id": [
          "a9dbe775-c023-4efe-86e9-bb8be31a29cc"
        ],
        "x-ms-correlation-request-id": [
          "a9dbe775-c023-4efe-86e9-bb8be31a29cc"
        ],
        "x-ms-routing-request-id": [
          "EASTUS:20220920T090136Z:a9dbe775-c023-4efe-86e9-bb8be31a29cc"
        ],
        "X-Content-Type-Options": [
          "nosniff"
        ],
        "Date": [
          "Tue, 20 Sep 2022 09:01:35 GMT"
        ],
        "Content-Length": [
          "22"
        ],
        "Content-Type": [
          "application/json"
        ]
      },
      "ResponseBody": "{\r\n  \"status\": \"Succeeded\"\r\n}",
      "StatusCode": 200
    },
    {
      "RequestUri": "/subscriptions/259fbb24-9bcd-4cfc-865c-fc33b22fe38a/resourceGroups/CosmosDBDotNetSDKTestsRG5471/providers/Microsoft.DocumentDB/databaseAccounts/databaseaccount8812/sqlDatabases/database6648/clientEncryptionKeys/clientEncryptionKey1141?api-version=2022-08-15-preview",
      "EncodedRequestUri": "L3N1YnNjcmlwdGlvbnMvMjU5ZmJiMjQtOWJjZC00Y2ZjLTg2NWMtZmMzM2IyMmZlMzhhL3Jlc291cmNlR3JvdXBzL0Nvc21vc0RCRG90TmV0U0RLVGVzdHNSRzU0NzEvcHJvdmlkZXJzL01pY3Jvc29mdC5Eb2N1bWVudERCL2RhdGFiYXNlQWNjb3VudHMvZGF0YWJhc2VhY2NvdW50ODgxMi9zcWxEYXRhYmFzZXMvZGF0YWJhc2U2NjQ4L2NsaWVudEVuY3J5cHRpb25LZXlzL2NsaWVudEVuY3J5cHRpb25LZXkxMTQxP2FwaS12ZXJzaW9uPTIwMjItMDgtMTUtcHJldmlldw==",
      "RequestMethod": "GET",
      "RequestBody": "",
      "RequestHeaders": {
        "User-Agent": [
          "FxVersion/4.700.22.41602",
          "OSName/Windows",
          "OSVersion/Microsoft.Windows.10.0.19044",
          "Microsoft.Azure.Management.CosmosDB.CosmosDBManagementClient/3.7.0.0"
        ]
      },
      "ResponseHeaders": {
        "Cache-Control": [
          "no-store, no-cache"
        ],
        "Pragma": [
          "no-cache"
        ],
        "Strict-Transport-Security": [
          "max-age=31536000; includeSubDomains"
        ],
        "x-ms-gatewayversion": [
          "version=2.14.0"
        ],
        "Server": [
          "Microsoft-HTTPAPI/2.0"
        ],
        "x-ms-ratelimit-remaining-subscription-reads": [
          "11995"
        ],
        "x-ms-request-id": [
          "e696f412-81aa-4471-a3df-7bb60ba8ec75"
        ],
        "x-ms-correlation-request-id": [
          "e696f412-81aa-4471-a3df-7bb60ba8ec75"
        ],
        "x-ms-routing-request-id": [
          "EASTUS:20220920T090136Z:e696f412-81aa-4471-a3df-7bb60ba8ec75"
        ],
        "X-Content-Type-Options": [
          "nosniff"
        ],
        "Date": [
          "Tue, 20 Sep 2022 09:01:35 GMT"
        ],
        "Content-Length": [
          "781"
        ],
        "Content-Type": [
          "application/json"
        ]
      },
      "ResponseBody": "{\r\n  \"id\": \"/subscriptions/259fbb24-9bcd-4cfc-865c-fc33b22fe38a/resourceGroups/CosmosDBDotNetSDKTestsRG5471/providers/Microsoft.DocumentDB/databaseAccounts/databaseaccount8812/sqlDatabases/database6648/clientEncryptionKeys/clientEncryptionKey1141\",\r\n  \"type\": \"Microsoft.DocumentDB/databaseAccounts/sqlDatabases/clientEncryptionKeys\",\r\n  \"name\": \"clientEncryptionKey1141\",\r\n  \"properties\": {\r\n    \"resource\": {\r\n      \"id\": \"clientEncryptionKey1141\",\r\n      \"encryptionAlgorithm\": \"AEAD_AES_256_CBC_HMAC_SHA256\",\r\n      \"wrappedDataEncryptionKey\": \"EVQQqR8k\",\r\n      \"keyWrapMetadata\": {\r\n        \"name\": \"cmk\",\r\n        \"type\": \"akv\",\r\n        \"value\": \"akvPath2\",\r\n        \"algorithm\": \"algo\"\r\n      },\r\n      \"_rid\": \"Fp0zAAAAAADWo7wkAgAAAA==\",\r\n      \"_self\": \"dbs/Fp0zAA==/clientencryptionkeys/Fp0zAAAAAADWo7wkAgAAAA==/\",\r\n      \"_etag\": \"\\\"00003000-0000-0300-0000-632981560000\\\"\",\r\n      \"_cts\": 1663664470,\r\n      \"_ts\": 1663664470\r\n    }\r\n  }\r\n}",
      "StatusCode": 200
    },
    {
      "RequestUri": "/subscriptions/259fbb24-9bcd-4cfc-865c-fc33b22fe38a/providers/Microsoft.DocumentDB/locations/centralus/operationsStatus/f4989060-53a1-476a-b6c4-07d10a55937f?api-version=2022-08-15-preview",
      "EncodedRequestUri": "L3N1YnNjcmlwdGlvbnMvMjU5ZmJiMjQtOWJjZC00Y2ZjLTg2NWMtZmMzM2IyMmZlMzhhL3Byb3ZpZGVycy9NaWNyb3NvZnQuRG9jdW1lbnREQi9sb2NhdGlvbnMvY2VudHJhbHVzL29wZXJhdGlvbnNTdGF0dXMvZjQ5ODkwNjAtNTNhMS00NzZhLWI2YzQtMDdkMTBhNTU5MzdmP2FwaS12ZXJzaW9uPTIwMjItMDgtMTUtcHJldmlldw==",
      "RequestMethod": "GET",
      "RequestBody": "",
      "RequestHeaders": {
        "User-Agent": [
          "FxVersion/4.700.22.41602",
          "OSName/Windows",
          "OSVersion/Microsoft.Windows.10.0.19044",
          "Microsoft.Azure.Management.CosmosDB.CosmosDBManagementClient/3.7.0.0"
        ]
      },
      "ResponseHeaders": {
        "Cache-Control": [
          "no-store, no-cache"
        ],
        "Pragma": [
          "no-cache"
        ],
        "Strict-Transport-Security": [
          "max-age=31536000; includeSubDomains"
        ],
        "x-ms-gatewayversion": [
          "version=2.14.0"
        ],
        "Server": [
          "Microsoft-HTTPAPI/2.0"
        ],
        "x-ms-ratelimit-remaining-subscription-reads": [
          "11994"
        ],
        "x-ms-request-id": [
          "3f8031a8-a4db-44fd-af00-d94354446d84"
        ],
        "x-ms-correlation-request-id": [
          "3f8031a8-a4db-44fd-af00-d94354446d84"
        ],
        "x-ms-routing-request-id": [
          "EASTUS:20220920T090157Z:3f8031a8-a4db-44fd-af00-d94354446d84"
        ],
        "X-Content-Type-Options": [
          "nosniff"
        ],
        "Date": [
          "Tue, 20 Sep 2022 09:01:56 GMT"
        ],
        "Content-Length": [
          "22"
        ],
        "Content-Type": [
          "application/json"
        ]
      },
      "ResponseBody": "{\r\n  \"status\": \"Succeeded\"\r\n}",
      "StatusCode": 200
    },
    {
      "RequestUri": "/subscriptions/259fbb24-9bcd-4cfc-865c-fc33b22fe38a/resourceGroups/CosmosDBDotNetSDKTestsRG5471/providers/Microsoft.DocumentDB/databaseAccounts/databaseaccount8812/sqlDatabases/database6648/containers/containerWithClientEncryptionPolicy6862?api-version=2022-08-15-preview",
      "EncodedRequestUri": "L3N1YnNjcmlwdGlvbnMvMjU5ZmJiMjQtOWJjZC00Y2ZjLTg2NWMtZmMzM2IyMmZlMzhhL3Jlc291cmNlR3JvdXBzL0Nvc21vc0RCRG90TmV0U0RLVGVzdHNSRzU0NzEvcHJvdmlkZXJzL01pY3Jvc29mdC5Eb2N1bWVudERCL2RhdGFiYXNlQWNjb3VudHMvZGF0YWJhc2VhY2NvdW50ODgxMi9zcWxEYXRhYmFzZXMvZGF0YWJhc2U2NjQ4L2NvbnRhaW5lcnMvY29udGFpbmVyV2l0aENsaWVudEVuY3J5cHRpb25Qb2xpY3k2ODYyP2FwaS12ZXJzaW9uPTIwMjItMDgtMTUtcHJldmlldw==",
      "RequestMethod": "GET",
      "RequestBody": "",
      "RequestHeaders": {
        "User-Agent": [
          "FxVersion/4.700.22.41602",
          "OSName/Windows",
          "OSVersion/Microsoft.Windows.10.0.19044",
          "Microsoft.Azure.Management.CosmosDB.CosmosDBManagementClient/3.7.0.0"
        ]
      },
      "ResponseHeaders": {
        "Cache-Control": [
          "no-store, no-cache"
        ],
        "Pragma": [
          "no-cache"
        ],
        "Strict-Transport-Security": [
          "max-age=31536000; includeSubDomains"
        ],
        "x-ms-gatewayversion": [
          "version=2.14.0"
        ],
        "Server": [
          "Microsoft-HTTPAPI/2.0"
        ],
        "x-ms-ratelimit-remaining-subscription-reads": [
          "11993"
        ],
        "x-ms-request-id": [
          "a1d5e1a8-304e-45f7-87d3-03ddbd79ea5d"
        ],
        "x-ms-correlation-request-id": [
          "a1d5e1a8-304e-45f7-87d3-03ddbd79ea5d"
        ],
        "x-ms-routing-request-id": [
          "EASTUS:20220920T090157Z:a1d5e1a8-304e-45f7-87d3-03ddbd79ea5d"
        ],
        "X-Content-Type-Options": [
          "nosniff"
        ],
        "Date": [
          "Tue, 20 Sep 2022 09:01:56 GMT"
        ],
        "Content-Length": [
          "1558"
        ],
        "Content-Type": [
          "application/json"
        ]
      },
      "ResponseBody": "{\r\n  \"id\": \"/subscriptions/259fbb24-9bcd-4cfc-865c-fc33b22fe38a/resourceGroups/CosmosDBDotNetSDKTestsRG5471/providers/Microsoft.DocumentDB/databaseAccounts/databaseaccount8812/sqlDatabases/database6648/containers/containerWithClientEncryptionPolicy6862\",\r\n  \"type\": \"Microsoft.DocumentDB/databaseAccounts/sqlDatabases/containers\",\r\n  \"name\": \"containerWithClientEncryptionPolicy6862\",\r\n  \"properties\": {\r\n    \"resource\": {\r\n      \"id\": \"containerWithClientEncryptionPolicy6862\",\r\n      \"indexingPolicy\": {\r\n        \"indexingMode\": \"consistent\",\r\n        \"automatic\": true,\r\n        \"includedPaths\": [\r\n          {\r\n            \"path\": \"/*\"\r\n          }\r\n        ],\r\n        \"excludedPaths\": [\r\n          {\r\n            \"path\": \"/\\\"_etag\\\"/?\"\r\n          }\r\n        ]\r\n      },\r\n      \"partitionKey\": {\r\n        \"paths\": [\r\n          \"/address/zipCode\"\r\n        ],\r\n        \"kind\": \"Hash\"\r\n      },\r\n      \"uniqueKeyPolicy\": {\r\n        \"uniqueKeys\": []\r\n      },\r\n      \"conflictResolutionPolicy\": {\r\n        \"mode\": \"LastWriterWins\",\r\n        \"conflictResolutionPath\": \"/_ts\",\r\n        \"conflictResolutionProcedure\": \"\"\r\n      },\r\n      \"geospatialConfig\": {\r\n        \"type\": \"Geography\"\r\n      },\r\n      \"clientEncryptionPolicy\": {\r\n        \"includedPaths\": [\r\n          {\r\n            \"path\": \"/path1\",\r\n            \"clientEncryptionKeyId\": \"clientEncryptionKey9292\",\r\n            \"encryptionAlgorithm\": \"AEAD_AES_256_CBC_HMAC_SHA256\",\r\n            \"encryptionType\": \"Randomized\"\r\n          },\r\n          {\r\n            \"path\": \"/path2\",\r\n            \"clientEncryptionKeyId\": \"clientEncryptionKey1141\",\r\n            \"encryptionAlgorithm\": \"AEAD_AES_256_CBC_HMAC_SHA256\",\r\n            \"encryptionType\": \"Deterministic\"\r\n          }\r\n        ],\r\n        \"policyFormatVersion\": 1\r\n      },\r\n      \"_rid\": \"Fp0zAMegx-4=\",\r\n      \"_ts\": 1663664491,\r\n      \"_self\": \"dbs/Fp0zAA==/colls/Fp0zAMegx-4=/\",\r\n      \"_etag\": \"\\\"00003200-0000-0300-0000-6329816b0000\\\"\",\r\n      \"_docs\": \"docs/\",\r\n      \"_sprocs\": \"sprocs/\",\r\n      \"_triggers\": \"triggers/\",\r\n      \"_udfs\": \"udfs/\",\r\n      \"_conflicts\": \"conflicts/\",\r\n      \"statistics\": [\r\n        {\r\n          \"id\": \"0\",\r\n          \"sizeInKB\": 0,\r\n          \"documentCount\": 0,\r\n          \"sampledDistinctPartitionKeyCount\": 0,\r\n          \"partitionKeys\": []\r\n        }\r\n      ]\r\n    }\r\n  }\r\n}",
      "StatusCode": 200
    },
    {
      "RequestUri": "/subscriptions/259fbb24-9bcd-4cfc-865c-fc33b22fe38a/resourceGroups/CosmosDBDotNetSDKTestsRG5471/providers/Microsoft.DocumentDB/databaseAccounts/databaseaccount8812/sqlDatabases/database6648?api-version=2022-08-15-preview",
      "EncodedRequestUri": "L3N1YnNjcmlwdGlvbnMvMjU5ZmJiMjQtOWJjZC00Y2ZjLTg2NWMtZmMzM2IyMmZlMzhhL3Jlc291cmNlR3JvdXBzL0Nvc21vc0RCRG90TmV0U0RLVGVzdHNSRzU0NzEvcHJvdmlkZXJzL01pY3Jvc29mdC5Eb2N1bWVudERCL2RhdGFiYXNlQWNjb3VudHMvZGF0YWJhc2VhY2NvdW50ODgxMi9zcWxEYXRhYmFzZXMvZGF0YWJhc2U2NjQ4P2FwaS12ZXJzaW9uPTIwMjItMDgtMTUtcHJldmlldw==",
      "RequestMethod": "DELETE",
      "RequestBody": "",
      "RequestHeaders": {
        "x-ms-client-request-id": [
          "a918b221-ca29-49b0-a937-a696dd6b06b5"
        ],
        "Accept-Language": [
          "en-US"
        ],
        "User-Agent": [
          "FxVersion/4.700.22.41602",
          "OSName/Windows",
          "OSVersion/Microsoft.Windows.10.0.19044",
          "Microsoft.Azure.Management.CosmosDB.CosmosDBManagementClient/3.7.0.0"
        ]
      },
      "ResponseHeaders": {
        "Cache-Control": [
          "no-store, no-cache"
        ],
        "Pragma": [
          "no-cache"
        ],
        "Location": [
          "https://management.azure.com/subscriptions/259fbb24-9bcd-4cfc-865c-fc33b22fe38a/resourceGroups/CosmosDBDotNetSDKTestsRG5471/providers/Microsoft.DocumentDB/databaseAccounts/databaseaccount8812/sqlDatabases/database6648/operationResults/ed280c61-d997-48c9-94f5-e59d7fad35eb?api-version=2022-08-15-preview"
        ],
        "Azure-AsyncOperation": [
          "https://management.azure.com/subscriptions/259fbb24-9bcd-4cfc-865c-fc33b22fe38a/providers/Microsoft.DocumentDB/locations/centralus/operationsStatus/ed280c61-d997-48c9-94f5-e59d7fad35eb?api-version=2022-08-15-preview"
        ],
        "x-ms-request-id": [
          "ed280c61-d997-48c9-94f5-e59d7fad35eb"
        ],
        "Strict-Transport-Security": [
          "max-age=31536000; includeSubDomains"
        ],
        "x-ms-gatewayversion": [
          "version=2.14.0"
        ],
        "Server": [
          "Microsoft-HTTPAPI/2.0"
        ],
        "x-ms-ratelimit-remaining-subscription-deletes": [
          "14999"
        ],
        "x-ms-correlation-request-id": [
          "7d4d2796-2daa-4542-9289-c634934f2560"
        ],
        "x-ms-routing-request-id": [
          "EASTUS:20220920T090157Z:7d4d2796-2daa-4542-9289-c634934f2560"
        ],
        "X-Content-Type-Options": [
          "nosniff"
        ],
        "Date": [
          "Tue, 20 Sep 2022 09:01:57 GMT"
        ],
        "Content-Length": [
          "21"
        ],
        "Content-Type": [
          "application/json"
        ]
      },
      "ResponseBody": "{\r\n  \"status\": \"Enqueued\"\r\n}",
      "StatusCode": 202
    }
  ],
  "Names": {
    "Init": [
      "CosmosDBDotNetSDKTestsRG5471"
    ],
    "CreateDatabaseAccount": [
      "databaseaccount8812"
    ],
    "SqlClientEncryptionTests": [
      "database6648",
      "clientEncryptionKey9292",
      "clientEncryptionKey1141",
      "containerWithClientEncryptionPolicy6862"
    ]
  },
  "Variables": {
    "SubscriptionId": "259fbb24-9bcd-4cfc-865c-fc33b22fe38a"
  }
}