{
  "Entries": [
    {
      "RequestUri": "/subscriptions/5250dd92-b580-46be-b327-e6596c8de196/resourceGroups/flowrg/providers/Microsoft.Logic/integrationAccounts/IntegrationAccount6796?api-version=2015-08-01-preview",
      "EncodedRequestUri": "L3N1YnNjcmlwdGlvbnMvNTI1MGRkOTItYjU4MC00NmJlLWIzMjctZTY1OTZjOGRlMTk2L3Jlc291cmNlR3JvdXBzL2Zsb3dyZy9wcm92aWRlcnMvTWljcm9zb2Z0LkxvZ2ljL2ludGVncmF0aW9uQWNjb3VudHMvSW50ZWdyYXRpb25BY2NvdW50Njc5Nj9hcGktdmVyc2lvbj0yMDE1LTA4LTAxLXByZXZpZXc=",
      "RequestMethod": "PUT",
      "RequestBody": "{\r\n  \"properties\": {},\r\n  \"sku\": {\r\n    \"name\": \"Standard\"\r\n  },\r\n  \"name\": \"IntegrationAccount6796\",\r\n  \"location\": \"westus\"\r\n}",
      "RequestHeaders": {
        "Content-Type": [
          "application/json; charset=utf-8"
        ],
        "Content-Length": [
          "128"
        ],
        "x-ms-client-request-id": [
          "c6fbca42-24e0-4dd7-a639-c5939c3f7ccb"
        ],
        "accept-language": [
          "en-US"
        ],
        "User-Agent": [
          "Microsoft.Azure.Management.Logic.LogicManagementClient/0.1.0.0"
        ]
      },
      "ResponseBody": "{\r\n  \"properties\": {},\r\n  \"sku\": {\r\n    \"name\": \"Standard\"\r\n  },\r\n  \"id\": \"/subscriptions/5250dd92-b580-46be-b327-e6596c8de196/resourceGroups/flowrg/providers/Microsoft.Logic/integrationAccounts/IntegrationAccount6796\",\r\n  \"name\": \"IntegrationAccount6796\",\r\n  \"type\": \"Microsoft.Logic/integrationAccounts\",\r\n  \"location\": \"westus\"\r\n}",
      "ResponseHeaders": {
        "Content-Length": [
          "290"
        ],
        "Content-Type": [
          "application/json; charset=utf-8"
        ],
        "Expires": [
          "-1"
        ],
        "Pragma": [
          "no-cache"
        ],
        "x-ms-request-id": [
          "westus:192c5d5f-9819-4daf-81e6-e4c6f9fddd53"
        ],
        "Strict-Transport-Security": [
          "max-age=31536000; includeSubDomains"
        ],
        "x-ms-ratelimit-remaining-subscription-writes": [
          "1192"
        ],
        "x-ms-correlation-request-id": [
          "0ea69523-735f-4696-b922-a318f39b46a4"
        ],
        "x-ms-routing-request-id": [
          "WESTUS2:20160720T172245Z:0ea69523-735f-4696-b922-a318f39b46a4"
        ],
        "Cache-Control": [
          "no-cache"
        ],
        "Date": [
          "Wed, 20 Jul 2016 17:22:45 GMT"
        ]
      },
      "StatusCode": 201
    },
    {
      "RequestUri": "/subscriptions/5250dd92-b580-46be-b327-e6596c8de196/resourceGroups/flowrg/providers/Microsoft.Logic/integrationAccounts/IntegrationAccount6796/maps/IntegrationAccountMap6216?api-version=2015-08-01-preview",
      "EncodedRequestUri": "L3N1YnNjcmlwdGlvbnMvNTI1MGRkOTItYjU4MC00NmJlLWIzMjctZTY1OTZjOGRlMTk2L3Jlc291cmNlR3JvdXBzL2Zsb3dyZy9wcm92aWRlcnMvTWljcm9zb2Z0LkxvZ2ljL2ludGVncmF0aW9uQWNjb3VudHMvSW50ZWdyYXRpb25BY2NvdW50Njc5Ni9tYXBzL0ludGVncmF0aW9uQWNjb3VudE1hcDYyMTY/YXBpLXZlcnNpb249MjAxNS0wOC0wMS1wcmV2aWV3",
      "RequestMethod": "PUT",
      "RequestBody": "{\r\n  \"properties\": {\r\n    \"mapType\": \"Xslt\",\r\n    \"content\": \"<?xml version=\\\"1.0\\\" encoding=\\\"UTF-16\\\"?>\\r\\n<xsl:stylesheet xmlns:xsl=\\\"http://www.w3.org/1999/XSL/Transform\\\" xmlns:msxsl=\\\"urn:schemas-microsoft-com:xslt\\\" xmlns:var=\\\"http://schemas.microsoft.com/BizTalk/2003/var\\\" exclude-result-prefixes=\\\"msxsl var s0 userCSharp\\\" version=\\\"1.0\\\" xmlns:ns0=\\\"http://BizTalk_Server_Project4.StringFunctoidsDestinationSchema\\\" xmlns:s0=\\\"http://BizTalk_Server_Project4.StringFunctoidsSourceSchema\\\" xmlns:userCSharp=\\\"http://schemas.microsoft.com/BizTalk/2003/userCSharp\\\">\\r\\n  <xsl:import href=\\\"http://btsfunctoids.blob.core.windows.net/functoids/functoids.xslt\\\" />\\r\\n  <xsl:output omit-xml-declaration=\\\"yes\\\" method=\\\"xml\\\" version=\\\"1.0\\\" />\\r\\n  <xsl:template match=\\\"/\\\">\\r\\n    <xsl:apply-templates select=\\\"/s0:Root\\\" />\\r\\n  </xsl:template>\\r\\n  <xsl:template match=\\\"/s0:Root\\\">\\r\\n    <xsl:variable name=\\\"var:v1\\\" select=\\\"userCSharp:StringFind(string(StringFindSource/text()) , &quot;SearchString&quot;)\\\" />\\r\\n    <xsl:variable name=\\\"var:v2\\\" select=\\\"userCSharp:StringLeft(string(StringLeftSource/text()) , &quot;2&quot;)\\\" />\\r\\n    <xsl:variable name=\\\"var:v3\\\" select=\\\"userCSharp:StringRight(string(StringRightSource/text()) , &quot;2&quot;)\\\" />\\r\\n    <xsl:variable name=\\\"var:v4\\\" select=\\\"userCSharp:StringUpperCase(string(UppercaseSource/text()))\\\" />\\r\\n    <xsl:variable name=\\\"var:v5\\\" select=\\\"userCSharp:StringLowerCase(string(LowercaseSource/text()))\\\" />\\r\\n    <xsl:variable name=\\\"var:v6\\\" select=\\\"userCSharp:StringSize(string(SizeSource/text()))\\\" />\\r\\n    <xsl:variable name=\\\"var:v7\\\" select=\\\"userCSharp:StringSubstring(string(StringExtractSource/text()) , &quot;0&quot; , &quot;2&quot;)\\\" />\\r\\n    <xsl:variable name=\\\"var:v8\\\" select=\\\"userCSharp:StringConcat(string(StringConcatSource/text()))\\\" />\\r\\n    <xsl:variable name=\\\"var:v9\\\" select=\\\"userCSharp:StringTrimLeft(string(StringLeftTrimSource/text()))\\\" />\\r\\n    <xsl:variable name=\\\"var:v10\\\" select=\\\"userCSharp:StringTrimRight(string(StringRightTrimSource/text()))\\\" />\\r\\n    <ns0:Root>\\r\\n      <StringFindDestination>\\r\\n        <xsl:value-of select=\\\"$var:v1\\\" />\\r\\n      </StringFindDestination>\\r\\n      <StringLeftDestination>\\r\\n        <xsl:value-of select=\\\"$var:v2\\\" />\\r\\n      </StringLeftDestination>\\r\\n      <StringRightDestination>\\r\\n        <xsl:value-of select=\\\"$var:v3\\\" />\\r\\n      </StringRightDestination>\\r\\n      <UppercaseDestination>\\r\\n        <xsl:value-of select=\\\"$var:v4\\\" />\\r\\n      </UppercaseDestination>\\r\\n      <LowercaseDestination>\\r\\n        <xsl:value-of select=\\\"$var:v5\\\" />\\r\\n      </LowercaseDestination>\\r\\n      <SizeDestination>\\r\\n        <xsl:value-of select=\\\"$var:v6\\\" />\\r\\n      </SizeDestination>\\r\\n      <StringExtractDestination>\\r\\n        <xsl:value-of select=\\\"$var:v7\\\" />\\r\\n      </StringExtractDestination>\\r\\n      <StringConcatDestination>\\r\\n        <xsl:value-of select=\\\"$var:v8\\\" />\\r\\n      </StringConcatDestination>\\r\\n      <StringLeftTrimDestination>\\r\\n        <xsl:value-of select=\\\"$var:v9\\\" />\\r\\n      </StringLeftTrimDestination>\\r\\n      <StringRightTrimDestination>\\r\\n        <xsl:value-of select=\\\"$var:v10\\\" />\\r\\n      </StringRightTrimDestination>\\r\\n    </ns0:Root>\\r\\n  </xsl:template>\\r\\n</xsl:stylesheet>\",\r\n    \"contentType\": \"application/xml\",\r\n    \"metadata\": \"IntegrationAccountMap6216\"\r\n  },\r\n  \"name\": \"IntegrationAccountMap6216\",\r\n  \"location\": \"westus\",\r\n  \"tags\": {\r\n    \"integrationAccountMapName\": \"IntegrationAccountMap6216\"\r\n  }\r\n}",
      "RequestHeaders": {
        "Content-Type": [
          "application/json; charset=utf-8"
        ],
        "Content-Length": [
          "3554"
        ],
        "x-ms-client-request-id": [
          "524b8b1b-7d74-4bbf-91e1-671c5346ed62"
        ],
        "accept-language": [
          "en-US"
        ],
        "User-Agent": [
          "Microsoft.Azure.Management.Logic.LogicManagementClient/0.1.0.0"
        ]
      },
      "ResponseBody": "{\r\n  \"properties\": {\r\n    \"mapType\": \"Xslt\",\r\n    \"contentLink\": {\r\n      \"uri\": \"https://flowprodcu09by01.blob.core.windows.net/integrationaccounts62bb648f4fdc46eb83595ec6972109f7/99D1E_XSLT_INTEGRATIONACCOUNTMAP6216-3E7C451F1007413E83A427F20C527F48?sv=2014-02-14&sr=b&sig=RtG2es1wGUZ4vwFpsZLj6ohKqO6dGMiQxxHiX5hvMR8%3D&se=2016-07-20T21%3A22%3A45Z&sp=r\",\r\n      \"contentVersion\": \"\\\"0x8D3B0C27660AFF5\\\"\",\r\n      \"contentSize\": 3056,\r\n      \"contentHash\": {\r\n        \"algorithm\": \"md5\",\r\n        \"value\": \"A2avz/M0ov2FPI3+Je8vDw==\"\r\n      }\r\n    },\r\n    \"createdTime\": \"2016-07-20T17:22:45.5531972Z\",\r\n    \"changedTime\": \"2016-07-20T17:22:45.5538666Z\",\r\n    \"metadata\": \"IntegrationAccountMap6216\"\r\n  },\r\n  \"id\": \"/subscriptions/5250dd92-b580-46be-b327-e6596c8de196/resourceGroups/flowrg/providers/Microsoft.Logic/integrationAccounts/IntegrationAccount6796/maps/IntegrationAccountMap6216\",\r\n  \"name\": \"IntegrationAccountMap6216\",\r\n  \"type\": \"Microsoft.Logic/integrationAccounts/maps\"\r\n}",
      "ResponseHeaders": {
        "Content-Length": [
          "853"
        ],
        "Content-Type": [
          "application/json; charset=utf-8"
        ],
        "Expires": [
          "-1"
        ],
        "Pragma": [
          "no-cache"
        ],
        "x-ms-request-id": [
          "westus:067a1ee8-06c3-4839-b838-a40715589ff7"
        ],
        "Strict-Transport-Security": [
          "max-age=31536000; includeSubDomains"
        ],
        "x-ms-ratelimit-remaining-subscription-writes": [
          "1191"
        ],
        "x-ms-correlation-request-id": [
          "01eeac19-287e-4448-9cbe-c00e26388518"
        ],
        "x-ms-routing-request-id": [
          "WESTUS2:20160720T172245Z:01eeac19-287e-4448-9cbe-c00e26388518"
        ],
        "Cache-Control": [
          "no-cache"
        ],
        "Date": [
          "Wed, 20 Jul 2016 17:22:45 GMT"
        ]
      },
      "StatusCode": 201
    },
    {
      "RequestUri": "/subscriptions/5250dd92-b580-46be-b327-e6596c8de196/resourceGroups/flowrg/providers/Microsoft.Logic/integrationAccounts/IntegrationAccount6796?api-version=2015-08-01-preview",
      "EncodedRequestUri": "L3N1YnNjcmlwdGlvbnMvNTI1MGRkOTItYjU4MC00NmJlLWIzMjctZTY1OTZjOGRlMTk2L3Jlc291cmNlR3JvdXBzL2Zsb3dyZy9wcm92aWRlcnMvTWljcm9zb2Z0LkxvZ2ljL2ludGVncmF0aW9uQWNjb3VudHMvSW50ZWdyYXRpb25BY2NvdW50Njc5Nj9hcGktdmVyc2lvbj0yMDE1LTA4LTAxLXByZXZpZXc=",
      "RequestMethod": "DELETE",
      "RequestBody": "",
      "RequestHeaders": {
        "x-ms-client-request-id": [
          "bf2d5047-9d23-4c56-bd05-0a79cbc85991"
        ],
        "accept-language": [
          "en-US"
        ],
        "User-Agent": [
          "Microsoft.Azure.Management.Logic.LogicManagementClient/0.1.0.0"
        ]
      },
      "ResponseBody": "",
      "ResponseHeaders": {
        "Content-Length": [
          "0"
        ],
        "Expires": [
          "-1"
        ],
        "Pragma": [
          "no-cache"
        ],
        "x-ms-request-id": [
          "westus:71e33144-123b-4b76-a611-95f71a4be2d8"
        ],
        "Strict-Transport-Security": [
          "max-age=31536000; includeSubDomains"
        ],
        "x-ms-ratelimit-remaining-subscription-writes": [
          "1190"
        ],
        "x-ms-correlation-request-id": [
          "258be12d-e617-4e4f-934a-e32338aa64c0"
        ],
        "x-ms-routing-request-id": [
          "WESTUS2:20160720T172245Z:258be12d-e617-4e4f-934a-e32338aa64c0"
        ],
        "Cache-Control": [
          "no-cache"
        ],
        "Date": [
          "Wed, 20 Jul 2016 17:22:45 GMT"
        ]
      },
      "StatusCode": 200
    },
    {
      "RequestUri": "/subscriptions/5250dd92-b580-46be-b327-e6596c8de196/resourceGroups/flowrg/providers/Microsoft.Logic/integrationAccounts/IntegrationAccount6796/maps/IntegrationAccountMap6216?api-version=2015-08-01-preview",
      "EncodedRequestUri": "L3N1YnNjcmlwdGlvbnMvNTI1MGRkOTItYjU4MC00NmJlLWIzMjctZTY1OTZjOGRlMTk2L3Jlc291cmNlR3JvdXBzL2Zsb3dyZy9wcm92aWRlcnMvTWljcm9zb2Z0LkxvZ2ljL2ludGVncmF0aW9uQWNjb3VudHMvSW50ZWdyYXRpb25BY2NvdW50Njc5Ni9tYXBzL0ludGVncmF0aW9uQWNjb3VudE1hcDYyMTY/YXBpLXZlcnNpb249MjAxNS0wOC0wMS1wcmV2aWV3",
      "RequestMethod": "GET",
      "RequestBody": "",
      "RequestHeaders": {
        "x-ms-client-request-id": [
          "db313835-eb53-413c-b556-518f5666f82e"
        ],
        "accept-language": [
          "en-US"
        ],
        "User-Agent": [
          "Microsoft.Azure.Management.Logic.LogicManagementClient/0.1.0.0"
        ]
      },
      "ResponseBody": "{\r\n  \"error\": {\r\n    \"code\": \"ResourceNotFound\",\r\n    \"message\": \"The Resource 'Microsoft.Logic/integrationAccounts/IntegrationAccount6796' under resource group 'flowrg' was not found.\"\r\n  }\r\n}",
      "ResponseHeaders": {
        "Content-Length": [
          "168"
        ],
        "Content-Type": [
          "application/json; charset=utf-8"
        ],
        "Expires": [
          "-1"
        ],
        "Pragma": [
          "no-cache"
        ],
        "x-ms-failure-cause": [
          "gateway"
        ],
        "x-ms-request-id": [
          "fe64ad7a-06be-4f31-9213-b824015e477c"
        ],
        "x-ms-correlation-request-id": [
          "fe64ad7a-06be-4f31-9213-b824015e477c"
        ],
        "x-ms-routing-request-id": [
          "WESTUS2:20160720T172245Z:fe64ad7a-06be-4f31-9213-b824015e477c"
        ],
        "Strict-Transport-Security": [
          "max-age=31536000; includeSubDomains"
        ],
        "Cache-Control": [
          "no-cache"
        ],
        "Date": [
          "Wed, 20 Jul 2016 17:22:45 GMT"
        ]
      },
      "StatusCode": 404
    }
  ],
  "Names": {
    "DeleteIntegrationAccountMapOnAccountDeletion": [
      "IntegrationAccount6796",
      "IntegrationAccountMap6216"
    ]
  },
  "Variables": {
    "SubscriptionId": "5250dd92-b580-46be-b327-e6596c8de196"
  }
}