{
  "Entries": [
    {
      "RequestUri": "/subscriptions/97181df2-909d-420b-ab93-1bff15acb6b7/resourcegroups/pgsdkrg?api-version=2017-05-10",
      "EncodedRequestUri": "L3N1YnNjcmlwdGlvbnMvOTcxODFkZjItOTA5ZC00MjBiLWFiOTMtMWJmZjE1YWNiNmI3L3Jlc291cmNlZ3JvdXBzL3Bnc2Rrcmc/YXBpLXZlcnNpb249MjAxNy0wNS0xMA==",
      "RequestMethod": "PUT",
      "RequestBody": "{\r\n  \"location\": \"koreasouth\"\r\n}",
      "RequestHeaders": {
        "Content-Type": [
          "application/json; charset=utf-8"
        ],
        "Content-Length": [
          "32"
        ],
        "x-ms-client-request-id": [
          "27835963-091a-4da9-bfba-222885b77dc6"
        ],
        "accept-language": [
          "en-US"
        ],
        "User-Agent": [
          "FxVersion/4.6.25211.01",
          "Microsoft.Azure.Management.ResourceManager.ResourceManagementClient/1.6.0.0"
        ]
      },
      "ResponseBody": "{\r\n  \"id\": \"/subscriptions/97181df2-909d-420b-ab93-1bff15acb6b7/resourceGroups/pgsdkrg\",\r\n  \"name\": \"pgsdkrg\",\r\n  \"location\": \"koreasouth\",\r\n  \"properties\": {\r\n    \"provisioningState\": \"Succeeded\"\r\n  }\r\n}",
      "ResponseHeaders": {
        "Content-Length": [
          "171"
        ],
        "Content-Type": [
          "application/json; charset=utf-8"
        ],
        "Expires": [
          "-1"
        ],
        "Cache-Control": [
          "no-cache"
        ],
        "Date": [
          "Thu, 29 Mar 2018 05:37:53 GMT"
        ],
        "Pragma": [
          "no-cache"
        ],
        "x-ms-ratelimit-remaining-subscription-writes": [
          "1199"
        ],
        "x-ms-request-id": [
          "7e4507a8-5faa-46d0-ba75-8bc6b733d22b"
        ],
        "x-ms-correlation-request-id": [
          "7e4507a8-5faa-46d0-ba75-8bc6b733d22b"
        ],
        "x-ms-routing-request-id": [
          "WESTUS2:20180329T053753Z:7e4507a8-5faa-46d0-ba75-8bc6b733d22b"
        ],
        "Strict-Transport-Security": [
          "max-age=31536000; includeSubDomains"
        ],
        "X-Content-Type-Options": [
          "nosniff"
        ]
      },
      "StatusCode": 201
    },
    {
      "RequestUri": "/subscriptions/97181df2-909d-420b-ab93-1bff15acb6b7/resourceGroups/pgsdkrg/providers/Microsoft.DBforPostgreSQL/servers/pgsdkserver?api-version=2017-12-01",
      "EncodedRequestUri": "L3N1YnNjcmlwdGlvbnMvOTcxODFkZjItOTA5ZC00MjBiLWFiOTMtMWJmZjE1YWNiNmI3L3Jlc291cmNlR3JvdXBzL3Bnc2RrcmcvcHJvdmlkZXJzL01pY3Jvc29mdC5EQmZvclBvc3RncmVTUUwvc2VydmVycy9wZ3Nka3NlcnZlcj9hcGktdmVyc2lvbj0yMDE3LTEyLTAx",
      "RequestMethod": "PUT",
      "RequestBody": "{\r\n  \"sku\": {\r\n    \"name\": \"B_Gen5_1\"\r\n  },\r\n  \"properties\": {\r\n    \"createMode\": \"Default\",\r\n    \"administratorLogin\": \"testUser\",\r\n    \"administratorLoginPassword\": \"testPassword1!\"\r\n  },\r\n  \"location\": \"koreasouth\"\r\n}",
      "RequestHeaders": {
        "Content-Type": [
          "application/json; charset=utf-8"
        ],
        "Content-Length": [
          "220"
        ],
        "x-ms-client-request-id": [
          "4616a358-3535-4890-b780-45549b45d6a9"
        ],
        "accept-language": [
          "en-US"
        ],
        "User-Agent": [
          "FxVersion/4.6.25211.01",
          "Microsoft.Azure.Management.DBforPostgreSQL.PostgreSQLManagementClient/0.0.0.0"
        ]
      },
      "ResponseBody": "{\r\n  \"operation\": \"UpsertElasticServer\",\r\n  \"startTime\": \"2018-03-29T05:37:59.863Z\"\r\n}",
      "ResponseHeaders": {
        "Content-Length": [
          "74"
        ],
        "Content-Type": [
          "application/json; charset=utf-8"
        ],
        "Expires": [
          "-1"
        ],
        "Cache-Control": [
          "no-cache"
        ],
        "Date": [
          "Thu, 29 Mar 2018 05:37:59 GMT"
        ],
        "Pragma": [
          "no-cache"
        ],
        "Location": [
          "https://management.azure.com/subscriptions/97181df2-909d-420b-ab93-1bff15acb6b7/providers/Microsoft.DBforPostgreSQL/locations/koreasouth/operationResults/25fea5b8-0043-40df-852e-fa238511c3d0?api-version=2017-12-01"
        ],
        "Retry-After": [
          "60"
        ],
        "Server": [
          "Microsoft-HTTPAPI/2.0"
        ],
        "Azure-AsyncOperation": [
          "https://management.azure.com/subscriptions/97181df2-909d-420b-ab93-1bff15acb6b7/providers/Microsoft.DBforPostgreSQL/locations/koreasouth/azureAsyncOperation/25fea5b8-0043-40df-852e-fa238511c3d0?api-version=2017-12-01"
        ],
        "x-ms-request-id": [
          "25fea5b8-0043-40df-852e-fa238511c3d0"
        ],
        "x-ms-ratelimit-remaining-subscription-writes": [
          "1199"
        ],
        "x-ms-correlation-request-id": [
          "255a3129-be6e-4786-9439-7a6b2d36f010"
        ],
        "x-ms-routing-request-id": [
          "WESTUS2:20180329T053800Z:255a3129-be6e-4786-9439-7a6b2d36f010"
        ],
        "Strict-Transport-Security": [
          "max-age=31536000; includeSubDomains"
        ],
        "X-Content-Type-Options": [
          "nosniff"
        ]
      },
      "StatusCode": 202
    },
    {
      "RequestUri": "/subscriptions/97181df2-909d-420b-ab93-1bff15acb6b7/providers/Microsoft.DBforPostgreSQL/locations/koreasouth/azureAsyncOperation/25fea5b8-0043-40df-852e-fa238511c3d0?api-version=2017-12-01",
      "EncodedRequestUri": "L3N1YnNjcmlwdGlvbnMvOTcxODFkZjItOTA5ZC00MjBiLWFiOTMtMWJmZjE1YWNiNmI3L3Byb3ZpZGVycy9NaWNyb3NvZnQuREJmb3JQb3N0Z3JlU1FML2xvY2F0aW9ucy9rb3JlYXNvdXRoL2F6dXJlQXN5bmNPcGVyYXRpb24vMjVmZWE1YjgtMDA0My00MGRmLTg1MmUtZmEyMzg1MTFjM2QwP2FwaS12ZXJzaW9uPTIwMTctMTItMDE=",
      "RequestMethod": "GET",
      "RequestBody": "",
      "RequestHeaders": {
        "User-Agent": [
          "FxVersion/4.6.25211.01",
          "Microsoft.Azure.Management.DBforPostgreSQL.PostgreSQLManagementClient/0.0.0.0"
        ]
      },
      "ResponseBody": "{\r\n  \"name\": \"25fea5b8-0043-40df-852e-fa238511c3d0\",\r\n  \"status\": \"InProgress\",\r\n  \"startTime\": \"2018-03-29T05:37:59.863Z\"\r\n}",
      "ResponseHeaders": {
        "Content-Type": [
          "application/json; charset=utf-8"
        ],
        "Expires": [
          "-1"
        ],
        "Cache-Control": [
          "no-cache"
        ],
        "Date": [
          "Thu, 29 Mar 2018 05:39:00 GMT"
        ],
        "Pragma": [
          "no-cache"
        ],
        "Transfer-Encoding": [
          "chunked"
        ],
        "Retry-After": [
          "60"
        ],
        "Server": [
          "Microsoft-HTTPAPI/2.0"
        ],
        "Vary": [
          "Accept-Encoding"
        ],
        "x-ms-request-id": [
          "cdac9334-35a2-4e62-bd3f-da39a00365d4"
        ],
        "x-ms-ratelimit-remaining-subscription-reads": [
          "14979"
        ],
        "x-ms-correlation-request-id": [
          "ee558d6b-cf90-4c46-9763-3a7f8976cbca"
        ],
        "x-ms-routing-request-id": [
          "WESTUS2:20180329T053900Z:ee558d6b-cf90-4c46-9763-3a7f8976cbca"
        ],
        "Strict-Transport-Security": [
          "max-age=31536000; includeSubDomains"
        ],
        "X-Content-Type-Options": [
          "nosniff"
        ]
      },
      "StatusCode": 200
    },
    {
      "RequestUri": "/subscriptions/97181df2-909d-420b-ab93-1bff15acb6b7/providers/Microsoft.DBforPostgreSQL/locations/koreasouth/azureAsyncOperation/25fea5b8-0043-40df-852e-fa238511c3d0?api-version=2017-12-01",
      "EncodedRequestUri": "L3N1YnNjcmlwdGlvbnMvOTcxODFkZjItOTA5ZC00MjBiLWFiOTMtMWJmZjE1YWNiNmI3L3Byb3ZpZGVycy9NaWNyb3NvZnQuREJmb3JQb3N0Z3JlU1FML2xvY2F0aW9ucy9rb3JlYXNvdXRoL2F6dXJlQXN5bmNPcGVyYXRpb24vMjVmZWE1YjgtMDA0My00MGRmLTg1MmUtZmEyMzg1MTFjM2QwP2FwaS12ZXJzaW9uPTIwMTctMTItMDE=",
      "RequestMethod": "GET",
      "RequestBody": "",
      "RequestHeaders": {
        "User-Agent": [
          "FxVersion/4.6.25211.01",
          "Microsoft.Azure.Management.DBforPostgreSQL.PostgreSQLManagementClient/0.0.0.0"
        ]
      },
      "ResponseBody": "{\r\n  \"name\": \"25fea5b8-0043-40df-852e-fa238511c3d0\",\r\n  \"status\": \"Succeeded\",\r\n  \"startTime\": \"2018-03-29T05:37:59.863Z\"\r\n}",
      "ResponseHeaders": {
        "Content-Type": [
          "application/json; charset=utf-8"
        ],
        "Expires": [
          "-1"
        ],
        "Cache-Control": [
          "no-cache"
        ],
        "Date": [
          "Thu, 29 Mar 2018 05:40:01 GMT"
        ],
        "Pragma": [
          "no-cache"
        ],
        "Transfer-Encoding": [
          "chunked"
        ],
        "Retry-After": [
          "60"
        ],
        "Server": [
          "Microsoft-HTTPAPI/2.0"
        ],
        "Vary": [
          "Accept-Encoding"
        ],
        "x-ms-request-id": [
          "39a58b5d-5d4a-44d0-bf0c-a88a3f1e8e54"
        ],
        "x-ms-ratelimit-remaining-subscription-reads": [
          "14986"
        ],
        "x-ms-correlation-request-id": [
          "6d55dc22-3554-4f5a-b7b0-0c3be8f442d4"
        ],
        "x-ms-routing-request-id": [
          "WESTUS2:20180329T054001Z:6d55dc22-3554-4f5a-b7b0-0c3be8f442d4"
        ],
        "Strict-Transport-Security": [
          "max-age=31536000; includeSubDomains"
        ],
        "X-Content-Type-Options": [
          "nosniff"
        ]
      },
      "StatusCode": 200
    },
    {
      "RequestUri": "/subscriptions/97181df2-909d-420b-ab93-1bff15acb6b7/resourceGroups/pgsdkrg/providers/Microsoft.DBforPostgreSQL/servers/pgsdkserver?api-version=2017-12-01",
      "EncodedRequestUri": "L3N1YnNjcmlwdGlvbnMvOTcxODFkZjItOTA5ZC00MjBiLWFiOTMtMWJmZjE1YWNiNmI3L3Jlc291cmNlR3JvdXBzL3Bnc2RrcmcvcHJvdmlkZXJzL01pY3Jvc29mdC5EQmZvclBvc3RncmVTUUwvc2VydmVycy9wZ3Nka3NlcnZlcj9hcGktdmVyc2lvbj0yMDE3LTEyLTAx",
      "RequestMethod": "GET",
      "RequestBody": "",
      "RequestHeaders": {
        "User-Agent": [
          "FxVersion/4.6.25211.01",
          "Microsoft.Azure.Management.DBforPostgreSQL.PostgreSQLManagementClient/0.0.0.0"
        ]
      },
      "ResponseBody": "{\r\n  \"sku\": {\r\n    \"name\": \"B_Gen5_1\",\r\n    \"tier\": \"Basic\",\r\n    \"family\": \"Gen5\",\r\n    \"capacity\": 1\r\n  },\r\n  \"properties\": {\r\n    \"administratorLogin\": \"testUser\",\r\n    \"storageProfile\": {\r\n      \"storageMB\": 5120,\r\n      \"backupRetentionDays\": 7,\r\n      \"geoRedundantBackup\": \"Disabled\"\r\n    },\r\n    \"version\": \"9.6\",\r\n    \"sslEnforcement\": \"Enabled\",\r\n    \"userVisibleState\": \"Ready\",\r\n    \"fullyQualifiedDomainName\": \"pgsdkserver.postgres.database.azure.com\",\r\n    \"earliestRestoreDate\": \"2018-03-28T22:48:00.16-07:00\",\r\n    \"replicationRole\": \"None\",\r\n    \"primaryServerId\": \"\",\r\n    \"replicaCapacity\": 5\r\n  },\r\n  \"location\": \"koreasouth\",\r\n  \"id\": \"/subscriptions/97181df2-909d-420b-ab93-1bff15acb6b7/resourceGroups/pgsdkrg/providers/Microsoft.DBforPostgreSQL/servers/pgsdkserver\",\r\n  \"name\": \"pgsdkserver\",\r\n  \"type\": \"Microsoft.DBforPostgreSQL/servers\"\r\n}",
      "ResponseHeaders": {
        "Content-Type": [
          "application/json; charset=utf-8"
        ],
        "Expires": [
          "-1"
        ],
        "Cache-Control": [
          "no-cache"
        ],
        "Date": [
          "Thu, 29 Mar 2018 05:40:02 GMT"
        ],
        "Pragma": [
          "no-cache"
        ],
        "Transfer-Encoding": [
          "chunked"
        ],
        "Server": [
          "Microsoft-HTTPAPI/2.0"
        ],
        "Vary": [
          "Accept-Encoding"
        ],
        "x-ms-request-id": [
          "2fc80fb8-49e9-4a8b-8ed0-8d57c630fe21"
        ],
        "x-ms-ratelimit-remaining-subscription-reads": [
          "14985"
        ],
        "x-ms-correlation-request-id": [
          "99fa0839-83c3-4971-9398-4dbce3345352"
        ],
        "x-ms-routing-request-id": [
          "WESTUS2:20180329T054002Z:99fa0839-83c3-4971-9398-4dbce3345352"
        ],
        "Strict-Transport-Security": [
          "max-age=31536000; includeSubDomains"
        ],
        "X-Content-Type-Options": [
          "nosniff"
        ]
      },
      "StatusCode": 200
    }
  ],
  "Names": {},
  "Variables": {
    "SubscriptionId": "97181df2-909d-420b-ab93-1bff15acb6b7"
  }
}