{
  "Entries": [
    {
      "RequestUri": "https://acstestbot1.communication.azure.com/calling/serverCalls/3500769f-e11b-4ceb-85cb-bc8df2a01768/:join?api-version=2021-06-15-preview",
      "RequestMethod": "POST",
      "RequestHeaders": {
        "Accept": "application/json",
        "Authorization": "Sanitized",
        "Content-Length": "281",
        "Content-Type": "application/json",
        "traceparent": "00-f444ac3da87fc046b4f8fb0ef5d8cb93-28d2f5b0ee14d549-00",
        "User-Agent": [
          "azsdk-net-Communication.CallingServer/1.0.0-alpha.20210811.1",
          "(.NET Framework 4.8.4300.0; Microsoft Windows 10.0.19043 )"
        ],
        "x-ms-client-request-id": "f49f5f0bf1da113c53240a529cfffbef",
        "x-ms-content-sha256": "Sanitized",
        "x-ms-date": "Thu, 12 Aug 2021 06:54:01 GMT",
        "x-ms-return-client-request-id": "true"
      },
      "RequestBody": {
        "source": {
          "communicationUser": {
            "id": "8:acs:016a7064-0581-40b9-be73-6dde64d69d72_e3560385-776f-41d1-bf04-07ef738f2f23"
          }
        },
        "callbackUri": "https://dummy.ngrok.io/api/incident/callback?SecretKey=helloworld",
        "requestedMediaTypes": [
          "audio"
        ],
        "requestedCallEvents": [
          "participantsUpdated"
        ]
      },
      "StatusCode": 202,
      "ResponseHeaders": {
        "Content-Length": "59",
        "Content-Type": "application/json; charset=utf-8",
        "Date": "Thu, 12 Aug 2021 06:54:02 GMT",
        "X-Azure-Ref": "0icUUYQAAAAC5QU0UvBLESKzPy6yrQVlDV1NURURHRTA4MjEAOWZjN2I1MTktYThjYy00Zjg5LTkzNWUtYzkxNDhhZTA5ZTgx",
        "X-Cache": "CONFIG_NOCACHE",
        "X-Microsoft-Skype-Chain-ID": "41dfb708-67a3-4b89-b113-46d2d54879ba",
        "x-ms-client-request-id": "f49f5f0bf1da113c53240a529cfffbef"
      },
      "ResponseBody": {
        "callConnectionId": "02000480-fa04-4606-abb5-56ce492da3d1"
      }
    },
    {
      "RequestUri": "https://acstestbot1.communication.azure.com/calling/serverCalls/3500769f-e11b-4ceb-85cb-bc8df2a01768/:join?api-version=2021-06-15-preview",
      "RequestMethod": "POST",
      "RequestHeaders": {
        "Accept": "application/json",
        "Authorization": "Sanitized",
        "Content-Length": "281",
        "Content-Type": "application/json",
        "traceparent": "00-c3032e617898f74c90073850e794e2fb-a189da16c6ce3340-00",
        "User-Agent": [
          "azsdk-net-Communication.CallingServer/1.0.0-alpha.20210811.1",
          "(.NET Framework 4.8.4300.0; Microsoft Windows 10.0.19043 )"
        ],
        "x-ms-client-request-id": "37b43a95a006dde1b43b017473e2d7de",
        "x-ms-content-sha256": "Sanitized",
        "x-ms-date": "Thu, 12 Aug 2021 06:54:04 GMT",
        "x-ms-return-client-request-id": "true"
      },
      "RequestBody": {
        "source": {
          "communicationUser": {
            "id": "8:acs:016a7064-0581-40b9-be73-6dde64d69d72_e3560385-776f-41d1-bf04-07ef738f2fc1"
          }
        },
        "callbackUri": "https://dummy.ngrok.io/api/incident/callback?SecretKey=helloworld",
        "requestedMediaTypes": [
          "audio"
        ],
        "requestedCallEvents": [
          "participantsUpdated"
        ]
      },
      "StatusCode": 202,
      "ResponseHeaders": {
        "Content-Length": "59",
        "Content-Type": "application/json; charset=utf-8",
        "Date": "Thu, 12 Aug 2021 06:54:05 GMT",
        "X-Azure-Ref": "0jMUUYQAAAABFYaJhh7dASZYD4QQvwxCmV1NURURHRTA4MjEAOWZjN2I1MTktYThjYy00Zjg5LTkzNWUtYzkxNDhhZTA5ZTgx",
        "X-Cache": "CONFIG_NOCACHE",
        "X-Microsoft-Skype-Chain-ID": "85882902-b6b7-42ea-97e1-2f6a803c8b9f",
        "x-ms-client-request-id": "37b43a95a006dde1b43b017473e2d7de"
      },
      "ResponseBody": {
        "callConnectionId": "02000480-7a0a-4ca9-9391-2503f9c6499d"
      }
    },
    {
      "RequestUri": "https://acstestbot1.communication.azure.com/calling/serverCalls/3500769f-e11b-4ceb-85cb-bc8df2a01768/recordings?api-version=2021-06-15-preview",
      "RequestMethod": "POST",
      "RequestHeaders": {
        "Accept": "application/json",
        "Authorization": "Sanitized",
        "Content-Length": "97",
        "Content-Type": "application/json",
        "User-Agent": [
          "azsdk-net-Communication.CallingServer/1.0.0-alpha.20210811.1",
          "(.NET Framework 4.8.4300.0; Microsoft Windows 10.0.19043 )"
        ],
        "x-ms-client-request-id": "c9e4c88cc186738e15632a50b497a3fc",
        "x-ms-content-sha256": "Sanitized",
        "x-ms-date": "Thu, 12 Aug 2021 06:54:07 GMT",
        "x-ms-return-client-request-id": "true"
      },
      "RequestBody": {
        "recordingStateCallbackUri": "https://dummy.ngrok.io/api/incident/callback?SecretKey=helloworld"
      },
      "StatusCode": 200,
      "ResponseHeaders": {
        "Content-Length": "180",
        "Content-Type": "application/json; charset=utf-8",
        "Date": "Thu, 12 Aug 2021 06:54:09 GMT",
        "X-Azure-Ref": "0j8UUYQAAAACgPlb25/GWSYXFrYO8hrU9V1NURURHRTA4MjEAOWZjN2I1MTktYThjYy00Zjg5LTkzNWUtYzkxNDhhZTA5ZTgx",
        "X-Cache": "CONFIG_NOCACHE",
        "X-Microsoft-Skype-Chain-ID": "0816f093-acc2-4ab2-8075-1fba7b156573",
        "x-ms-client-request-id": "c9e4c88cc186738e15632a50b497a3fc"
      },
      "ResponseBody": {
        "recordingId": "eyJQbGF0Zm9ybUVuZHBvaW50SWQiOiIwMjAwMDQ4MC1iZjMzLTQ5MjEtYTRiOS0xYjViYWNkODU3MGQiLCJSZXNvdXJjZVNwZWNpZmljSWQiOiI5OGUyMzBmOS1lYWMwLTRlNWEtYTU2NS05NGQzZmUwZDk1MDIifQ"
      }
    },
    {
      "RequestUri": "https://acstestbot1.communication.azure.com/calling/serverCalls/3500769f-e11b-4ceb-85cb-bc8df2a01768/recordings/eyJQbGF0Zm9ybUVuZHBvaW50SWQiOiIwMjAwMDQ4MC1iZjMzLTQ5MjEtYTRiOS0xYjViYWNkODU3MGQiLCJSZXNvdXJjZVNwZWNpZmljSWQiOiI5OGUyMzBmOS1lYWMwLTRlNWEtYTU2NS05NGQzZmUwZDk1MDIifQ?api-version=2021-06-15-preview",
      "RequestMethod": "GET",
      "RequestHeaders": {
        "Accept": "application/json",
        "Authorization": "Sanitized",
        "User-Agent": [
          "azsdk-net-Communication.CallingServer/1.0.0-alpha.20210811.1",
          "(.NET Framework 4.8.4300.0; Microsoft Windows 10.0.19043 )"
        ],
        "x-ms-client-request-id": "729d170df0726a9b7dc2409ff0c89e70",
        "x-ms-content-sha256": "Sanitized",
        "x-ms-date": "Thu, 12 Aug 2021 06:54:16 GMT",
        "x-ms-return-client-request-id": "true"
      },
      "RequestBody": null,
      "StatusCode": 200,
      "ResponseHeaders": {
        "Content-Length": "27",
        "Content-Type": "application/json; charset=utf-8",
        "Date": "Thu, 12 Aug 2021 06:54:15 GMT",
        "X-Azure-Ref": "0mMUUYQAAAABiFDSUH9\u002BoTL9fBgjz69W9V1NURURHRTA4MjEAOWZjN2I1MTktYThjYy00Zjg5LTkzNWUtYzkxNDhhZTA5ZTgx",
        "X-Cache": "CONFIG_NOCACHE",
        "X-Microsoft-Skype-Chain-ID": "bc292254-ec35-463d-93b2-35d960b820b6",
        "x-ms-client-request-id": "729d170df0726a9b7dc2409ff0c89e70"
      },
      "ResponseBody": {
        "recordingState": "active"
      }
    },
    {
      "RequestUri": "https://acstestbot1.communication.azure.com/calling/serverCalls/3500769f-e11b-4ceb-85cb-bc8df2a01768/recordings/eyJQbGF0Zm9ybUVuZHBvaW50SWQiOiIwMjAwMDQ4MC1iZjMzLTQ5MjEtYTRiOS0xYjViYWNkODU3MGQiLCJSZXNvdXJjZVNwZWNpZmljSWQiOiI5OGUyMzBmOS1lYWMwLTRlNWEtYTU2NS05NGQzZmUwZDk1MDIifQ/:pause?api-version=2021-06-15-preview",
      "RequestMethod": "POST",
      "RequestHeaders": {
        "Accept": "application/json",
        "Authorization": "Sanitized",
        "User-Agent": [
          "azsdk-net-Communication.CallingServer/1.0.0-alpha.20210811.1",
          "(.NET Framework 4.8.4300.0; Microsoft Windows 10.0.19043 )"
        ],
        "x-ms-client-request-id": "d3c52c4d311ad369ab4121a37691281d",
        "x-ms-content-sha256": "Sanitized",
        "x-ms-date": "Thu, 12 Aug 2021 06:54:16 GMT",
        "x-ms-return-client-request-id": "true"
      },
      "RequestBody": null,
      "StatusCode": 200,
      "ResponseHeaders": {
        "Content-Length": "0",
        "Date": "Thu, 12 Aug 2021 06:54:15 GMT",
        "X-Azure-Ref": "0mMUUYQAAAACmFUuaKMReRrbbSa2bnME4V1NURURHRTA4MjEAOWZjN2I1MTktYThjYy00Zjg5LTkzNWUtYzkxNDhhZTA5ZTgx",
        "X-Cache": "CONFIG_NOCACHE",
        "X-Microsoft-Skype-Chain-ID": "6722b4fb-6967-4b20-ac2b-1f7ef78ce3de",
        "x-ms-client-request-id": "d3c52c4d311ad369ab4121a37691281d"
      },
      "ResponseBody": []
    },
    {
      "RequestUri": "https://acstestbot1.communication.azure.com/calling/serverCalls/3500769f-e11b-4ceb-85cb-bc8df2a01768/recordings/eyJQbGF0Zm9ybUVuZHBvaW50SWQiOiIwMjAwMDQ4MC1iZjMzLTQ5MjEtYTRiOS0xYjViYWNkODU3MGQiLCJSZXNvdXJjZVNwZWNpZmljSWQiOiI5OGUyMzBmOS1lYWMwLTRlNWEtYTU2NS05NGQzZmUwZDk1MDIifQ?api-version=2021-06-15-preview",
      "RequestMethod": "GET",
      "RequestHeaders": {
        "Accept": "application/json",
        "Authorization": "Sanitized",
        "User-Agent": [
          "azsdk-net-Communication.CallingServer/1.0.0-alpha.20210811.1",
          "(.NET Framework 4.8.4300.0; Microsoft Windows 10.0.19043 )"
        ],
        "x-ms-client-request-id": "5b67059864459b6c2d794bc481ef834d",
        "x-ms-content-sha256": "Sanitized",
        "x-ms-date": "Thu, 12 Aug 2021 06:54:22 GMT",
        "x-ms-return-client-request-id": "true"
      },
      "RequestBody": null,
      "StatusCode": 200,
      "ResponseHeaders": {
        "Content-Length": "29",
        "Content-Type": "application/json; charset=utf-8",
        "Date": "Thu, 12 Aug 2021 06:54:21 GMT",
        "X-Azure-Ref": "0nsUUYQAAAAD7Djkn7k\u002BDRrbB1aCxx2eJV1NURURHRTA4MjEAOWZjN2I1MTktYThjYy00Zjg5LTkzNWUtYzkxNDhhZTA5ZTgx",
        "X-Cache": "CONFIG_NOCACHE",
        "X-Microsoft-Skype-Chain-ID": "848ffa76-2e9f-44f9-b89e-0aeec34ecded",
        "x-ms-client-request-id": "5b67059864459b6c2d794bc481ef834d"
      },
      "ResponseBody": {
        "recordingState": "inactive"
      }
    },
    {
      "RequestUri": "https://acstestbot1.communication.azure.com/calling/serverCalls/3500769f-e11b-4ceb-85cb-bc8df2a01768/recordings/eyJQbGF0Zm9ybUVuZHBvaW50SWQiOiIwMjAwMDQ4MC1iZjMzLTQ5MjEtYTRiOS0xYjViYWNkODU3MGQiLCJSZXNvdXJjZVNwZWNpZmljSWQiOiI5OGUyMzBmOS1lYWMwLTRlNWEtYTU2NS05NGQzZmUwZDk1MDIifQ/:resume?api-version=2021-06-15-preview",
      "RequestMethod": "POST",
      "RequestHeaders": {
        "Accept": "application/json",
        "Authorization": "Sanitized",
        "User-Agent": [
          "azsdk-net-Communication.CallingServer/1.0.0-alpha.20210811.1",
          "(.NET Framework 4.8.4300.0; Microsoft Windows 10.0.19043 )"
        ],
        "x-ms-client-request-id": "8803bac5d0d2dbe1aec9c730cff8f4eb",
        "x-ms-content-sha256": "Sanitized",
        "x-ms-date": "Thu, 12 Aug 2021 06:54:22 GMT",
        "x-ms-return-client-request-id": "true"
      },
      "RequestBody": null,
      "StatusCode": 200,
      "ResponseHeaders": {
        "Content-Length": "0",
        "Date": "Thu, 12 Aug 2021 06:54:21 GMT",
        "X-Azure-Ref": "0nsUUYQAAAAAFo1rwaIGPSIs\u002BD/EITfA4V1NURURHRTA4MjEAOWZjN2I1MTktYThjYy00Zjg5LTkzNWUtYzkxNDhhZTA5ZTgx",
        "X-Cache": "CONFIG_NOCACHE",
        "X-Microsoft-Skype-Chain-ID": "16dd98af-4d7c-4cda-b7b7-fe32f0aba877",
        "x-ms-client-request-id": "8803bac5d0d2dbe1aec9c730cff8f4eb"
      },
      "ResponseBody": []
    },
    {
      "RequestUri": "https://acstestbot1.communication.azure.com/calling/serverCalls/3500769f-e11b-4ceb-85cb-bc8df2a01768/recordings/eyJQbGF0Zm9ybUVuZHBvaW50SWQiOiIwMjAwMDQ4MC1iZjMzLTQ5MjEtYTRiOS0xYjViYWNkODU3MGQiLCJSZXNvdXJjZVNwZWNpZmljSWQiOiI5OGUyMzBmOS1lYWMwLTRlNWEtYTU2NS05NGQzZmUwZDk1MDIifQ?api-version=2021-06-15-preview",
      "RequestMethod": "GET",
      "RequestHeaders": {
        "Accept": "application/json",
        "Authorization": "Sanitized",
        "User-Agent": [
          "azsdk-net-Communication.CallingServer/1.0.0-alpha.20210811.1",
          "(.NET Framework 4.8.4300.0; Microsoft Windows 10.0.19043 )"
        ],
        "x-ms-client-request-id": "ea0623994260e82abf29a6a1e5a552bc",
        "x-ms-content-sha256": "Sanitized",
        "x-ms-date": "Thu, 12 Aug 2021 06:54:28 GMT",
        "x-ms-return-client-request-id": "true"
      },
      "RequestBody": null,
      "StatusCode": 200,
      "ResponseHeaders": {
        "Content-Length": "27",
        "Content-Type": "application/json; charset=utf-8",
        "Date": "Thu, 12 Aug 2021 06:54:28 GMT",
        "X-Azure-Ref": "0pMUUYQAAAABJ/kZ283AWQrqJHP/h4/PVV1NURURHRTA4MjEAOWZjN2I1MTktYThjYy00Zjg5LTkzNWUtYzkxNDhhZTA5ZTgx",
        "X-Cache": "CONFIG_NOCACHE",
        "X-Microsoft-Skype-Chain-ID": "63258550-ee55-4682-8c05-5410fe207483",
        "x-ms-client-request-id": "ea0623994260e82abf29a6a1e5a552bc"
      },
      "ResponseBody": {
        "recordingState": "active"
      }
    },
    {
      "RequestUri": "https://acstestbot1.communication.azure.com/calling/serverCalls/3500769f-e11b-4ceb-85cb-bc8df2a01768/recordings/eyJQbGF0Zm9ybUVuZHBvaW50SWQiOiIwMjAwMDQ4MC1iZjMzLTQ5MjEtYTRiOS0xYjViYWNkODU3MGQiLCJSZXNvdXJjZVNwZWNpZmljSWQiOiI5OGUyMzBmOS1lYWMwLTRlNWEtYTU2NS05NGQzZmUwZDk1MDIifQ?api-version=2021-06-15-preview",
      "RequestMethod": "DELETE",
      "RequestHeaders": {
        "Accept": "application/json",
        "Authorization": "Sanitized",
        "User-Agent": [
          "azsdk-net-Communication.CallingServer/1.0.0-alpha.20210811.1",
          "(.NET Framework 4.8.4300.0; Microsoft Windows 10.0.19043 )"
        ],
        "x-ms-client-request-id": "bbddd4be9f8ec84b238cad7c9d3bcc34",
        "x-ms-content-sha256": "Sanitized",
        "x-ms-date": "Thu, 12 Aug 2021 06:54:29 GMT",
        "x-ms-return-client-request-id": "true"
      },
      "RequestBody": null,
      "StatusCode": 200,
      "ResponseHeaders": {
        "Content-Length": "0",
        "Date": "Thu, 12 Aug 2021 06:54:28 GMT",
        "X-Azure-Ref": "0pcUUYQAAAAAzRJM\u002BXQ3MTaoE3bywbhvRV1NURURHRTA4MjEAOWZjN2I1MTktYThjYy00Zjg5LTkzNWUtYzkxNDhhZTA5ZTgx",
        "X-Cache": "CONFIG_NOCACHE",
        "X-Microsoft-Skype-Chain-ID": "d41be124-8e98-403d-a87e-2b45d7576762",
        "x-ms-client-request-id": "bbddd4be9f8ec84b238cad7c9d3bcc34"
      },
      "ResponseBody": []
    },
    {
      "RequestUri": "https://acstestbot1.communication.azure.com/calling/serverCalls/3500769f-e11b-4ceb-85cb-bc8df2a01768/recordings/eyJQbGF0Zm9ybUVuZHBvaW50SWQiOiIwMjAwMDQ4MC1iZjMzLTQ5MjEtYTRiOS0xYjViYWNkODU3MGQiLCJSZXNvdXJjZVNwZWNpZmljSWQiOiI5OGUyMzBmOS1lYWMwLTRlNWEtYTU2NS05NGQzZmUwZDk1MDIifQ?api-version=2021-06-15-preview",
      "RequestMethod": "GET",
      "RequestHeaders": {
        "Accept": "application/json",
        "Authorization": "Sanitized",
        "User-Agent": [
          "azsdk-net-Communication.CallingServer/1.0.0-alpha.20210811.1",
          "(.NET Framework 4.8.4300.0; Microsoft Windows 10.0.19043 )"
        ],
        "x-ms-client-request-id": "5e2a5f8598e882ec8f1ac9a82940f508",
        "x-ms-content-sha256": "Sanitized",
        "x-ms-date": "Thu, 12 Aug 2021 06:54:29 GMT",
        "x-ms-return-client-request-id": "true"
      },
      "RequestBody": null,
      "StatusCode": 404,
      "ResponseHeaders": {
        "Content-Length": "58",
        "Content-Type": "application/json; charset=utf-8",
        "Date": "Thu, 12 Aug 2021 06:54:28 GMT",
        "X-Azure-Ref": "0pcUUYQAAAABd1LMRv\u002BonSqEQOLyGQTLzV1NURURHRTA4MjEAOWZjN2I1MTktYThjYy00Zjg5LTkzNWUtYzkxNDhhZTA5ZTgx",
        "X-Cache": "CONFIG_NOCACHE",
        "X-Microsoft-Skype-Chain-ID": "af66d384-5da1-488f-bacb-78102fbbb8f5",
        "x-ms-client-request-id": "5e2a5f8598e882ec8f1ac9a82940f508"
      },
      "ResponseBody": {
        "error": {
          "code": "8522",
          "message": "Recording not found."
        }
      }
    },
    {
      "RequestUri": "https://acstestbot1.communication.azure.com/calling/callConnections/02000480-fa04-4606-abb5-56ce492da3d1/:hangup?api-version=2021-06-15-preview",
      "RequestMethod": "POST",
      "RequestHeaders": {
        "Accept": "application/json",
        "Authorization": "Sanitized",
        "User-Agent": [
          "azsdk-net-Communication.CallingServer/1.0.0-alpha.20210811.1",
          "(.NET Framework 4.8.4300.0; Microsoft Windows 10.0.19043 )"
        ],
        "x-ms-client-request-id": "fb720b77381af95dd83ec7d495ae4a83",
        "x-ms-content-sha256": "Sanitized",
        "x-ms-date": "Thu, 12 Aug 2021 06:54:39 GMT",
        "x-ms-return-client-request-id": "true"
      },
      "RequestBody": null,
      "StatusCode": 202,
      "ResponseHeaders": {
        "Content-Length": "0",
        "Date": "Thu, 12 Aug 2021 06:54:40 GMT",
        "X-Azure-Ref": "0r8UUYQAAAACbOCyUawjgRY06uusp\u002BooNV1NURURHRTA4MjEAOWZjN2I1MTktYThjYy00Zjg5LTkzNWUtYzkxNDhhZTA5ZTgx",
        "X-Cache": "CONFIG_NOCACHE",
        "X-Microsoft-Skype-Chain-ID": "148c4b95-0284-4f62-8c67-a3b7c82fbb7d",
        "x-ms-client-request-id": "fb720b77381af95dd83ec7d495ae4a83"
      },
      "ResponseBody": []
    },
    {
      "RequestUri": "https://acstestbot1.communication.azure.com/calling/callConnections/02000480-7a0a-4ca9-9391-2503f9c6499d/:hangup?api-version=2021-06-15-preview",
      "RequestMethod": "POST",
      "RequestHeaders": {
        "Accept": "application/json",
        "Authorization": "Sanitized",
        "User-Agent": [
          "azsdk-net-Communication.CallingServer/1.0.0-alpha.20210811.1",
          "(.NET Framework 4.8.4300.0; Microsoft Windows 10.0.19043 )"
        ],
        "x-ms-client-request-id": "851b715df47a25d3e75b2c73d6a29ee3",
        "x-ms-content-sha256": "Sanitized",
        "x-ms-date": "Thu, 12 Aug 2021 06:54:40 GMT",
        "x-ms-return-client-request-id": "true"
      },
      "RequestBody": null,
      "StatusCode": 202,
      "ResponseHeaders": {
        "Content-Length": "0",
        "Date": "Thu, 12 Aug 2021 06:54:40 GMT",
        "X-Azure-Ref": "0sMUUYQAAAAC0xuINOi1HT5pWEAL9VJoBV1NURURHRTA4MjEAOWZjN2I1MTktYThjYy00Zjg5LTkzNWUtYzkxNDhhZTA5ZTgx",
        "X-Cache": "CONFIG_NOCACHE",
        "X-Microsoft-Skype-Chain-ID": "91f0f11f-fd2e-41b2-8f3b-0cdf6787c9b9",
        "x-ms-client-request-id": "851b715df47a25d3e75b2c73d6a29ee3"
      },
      "ResponseBody": []
    },
    {
      "RequestUri": "https://acstestbot1.communication.azure.com/calling/serverCalls/3500769f-e11b-4ceb-85cb-bc8df2a01768/:join?api-version=2021-06-15-preview",
      "RequestMethod": "POST",
      "RequestHeaders": {
        "Accept": "application/json",
        "Authorization": "Sanitized",
        "Content-Length": "281",
        "Content-Type": "application/json",
        "traceparent": "00-f4939ab13fc8d546a9622820eee8a6c8-5f3a0dd4e920f942-00",
        "User-Agent": [
          "azsdk-net-Communication.CallingServer/1.0.0-alpha.20210811.1",
          "(.NET Framework 4.8.4300.0; Microsoft Windows 10.0.19043 )"
        ],
        "x-ms-client-request-id": "9204a496d1c94c1a023186a9d117ede0",
        "x-ms-return-client-request-id": "true"
      },
      "RequestBody": {
        "source": {
          "communicationUser": {
            "id": "8:acs:016a7064-0581-40b9-be73-6dde64d69d72_e3560385-776f-41d1-bf04-07ef738f2f23"
          }
        },
        "callbackUri": "https://dummy.ngrok.io/api/incident/callback?SecretKey=helloworld",
        "requestedMediaTypes": [
          "audio"
        ],
        "requestedCallEvents": [
          "participantsUpdated"
        ]
      },
      "StatusCode": 202,
      "ResponseHeaders": {
        "Content-Length": "59",
        "Content-Type": "application/json; charset=utf-8",
        "Date": "Thu, 12 Aug 2021 06:54:42 GMT",
        "X-Azure-Ref": "0scUUYQAAAADLrQZcthxpQK0a564\u002BuPwyV1NURURHRTA4MTcAOWZjN2I1MTktYThjYy00Zjg5LTkzNWUtYzkxNDhhZTA5ZTgx",
        "X-Cache": "CONFIG_NOCACHE",
        "X-Microsoft-Skype-Chain-ID": "56b0e89e-9b92-46d5-95b2-7b07dd929975",
        "x-ms-client-request-id": "9204a496d1c94c1a023186a9d117ede0"
      },
      "ResponseBody": {
        "callConnectionId": "01000480-d2c6-4bc5-8ce0-a0e6db618309"
      }
    },
    {
      "RequestUri": "https://acstestbot1.communication.azure.com/calling/serverCalls/3500769f-e11b-4ceb-85cb-bc8df2a01768/:join?api-version=2021-06-15-preview",
      "RequestMethod": "POST",
      "RequestHeaders": {
        "Accept": "application/json",
        "Authorization": "Sanitized",
        "Content-Length": "281",
        "Content-Type": "application/json",
        "traceparent": "00-f7f00e0274d1e54baed59b4c96bba801-12fd47010ad01d46-00",
        "User-Agent": [
          "azsdk-net-Communication.CallingServer/1.0.0-alpha.20210811.1",
          "(.NET Framework 4.8.4300.0; Microsoft Windows 10.0.19043 )"
        ],
        "x-ms-client-request-id": "b84b45cf6f24838e374c13bf0ce92235",
        "x-ms-return-client-request-id": "true"
      },
      "RequestBody": {
        "source": {
          "communicationUser": {
            "id": "8:acs:016a7064-0581-40b9-be73-6dde64d69d72_e3560385-776f-41d1-bf04-07ef738f2fc1"
          }
        },
        "callbackUri": "https://dummy.ngrok.io/api/incident/callback?SecretKey=helloworld",
        "requestedMediaTypes": [
          "audio"
        ],
        "requestedCallEvents": [
          "participantsUpdated"
        ]
      },
      "StatusCode": 202,
      "ResponseHeaders": {
        "Content-Length": "59",
        "Content-Type": "application/json; charset=utf-8",
        "Date": "Thu, 12 Aug 2021 06:54:44 GMT",
        "X-Azure-Ref": "0tMUUYQAAAACxyQ8gVra8TYeRcvd2\u002BB9\u002BV1NURURHRTA4MTcAOWZjN2I1MTktYThjYy00Zjg5LTkzNWUtYzkxNDhhZTA5ZTgx",
        "X-Cache": "CONFIG_NOCACHE",
        "X-Microsoft-Skype-Chain-ID": "f6cd0330-8328-42fc-8c26-c7fe743dfe9a",
        "x-ms-client-request-id": "b84b45cf6f24838e374c13bf0ce92235"
      },
      "ResponseBody": {
        "callConnectionId": "01000480-e162-4941-8ecd-0418cae12839"
      }
    },
    {
      "RequestUri": "https://acstestbot1.communication.azure.com/calling/serverCalls/3500769f-e11b-4ceb-85cb-bc8df2a01768/recordings?api-version=2021-06-15-preview",
      "RequestMethod": "POST",
      "RequestHeaders": {
        "Accept": "application/json",
        "Authorization": "Sanitized",
        "Content-Length": "97",
        "Content-Type": "application/json",
        "User-Agent": [
          "azsdk-net-Communication.CallingServer/1.0.0-alpha.20210811.1",
          "(.NET Framework 4.8.4300.0; Microsoft Windows 10.0.19043 )"
        ],
        "x-ms-client-request-id": "f03de3a0b8aa8bba57cf83496d2954cf",
        "x-ms-return-client-request-id": "true"
      },
      "RequestBody": {
        "recordingStateCallbackUri": "https://dummy.ngrok.io/api/incident/callback?SecretKey=helloworld"
      },
      "StatusCode": 200,
      "ResponseHeaders": {
        "Content-Length": "180",
        "Content-Type": "application/json; charset=utf-8",
        "Date": "Thu, 12 Aug 2021 06:54:51 GMT",
        "X-Azure-Ref": "0tsUUYQAAAACiDh52lsXfToOmOKXG31DNV1NURURHRTA4MTcAOWZjN2I1MTktYThjYy00Zjg5LTkzNWUtYzkxNDhhZTA5ZTgx",
        "X-Cache": "CONFIG_NOCACHE",
        "X-Microsoft-Skype-Chain-ID": "c62e1f77-ed19-4ea5-b8ce-65a5b6c0098c",
        "x-ms-client-request-id": "f03de3a0b8aa8bba57cf83496d2954cf"
      },
      "ResponseBody": {
        "recordingId": "eyJQbGF0Zm9ybUVuZHBvaW50SWQiOiIwMTAwMDQ4MC1mMmFiLTRhNTAtYWI0OS1mYTAxMGU4ZTY2ZGYiLCJSZXNvdXJjZVNwZWNpZmljSWQiOiIxNDcyNWUzYi01NmQ2LTQwYTQtYTMzZi03NzA2MGZlYTA1ZjkifQ"
      }
    },
    {
      "RequestUri": "https://acstestbot1.communication.azure.com/calling/serverCalls/3500769f-e11b-4ceb-85cb-bc8df2a01768/recordings/eyJQbGF0Zm9ybUVuZHBvaW50SWQiOiIwMTAwMDQ4MC1mMmFiLTRhNTAtYWI0OS1mYTAxMGU4ZTY2ZGYiLCJSZXNvdXJjZVNwZWNpZmljSWQiOiIxNDcyNWUzYi01NmQ2LTQwYTQtYTMzZi03NzA2MGZlYTA1ZjkifQ?api-version=2021-06-15-preview",
      "RequestMethod": "GET",
      "RequestHeaders": {
        "Accept": "application/json",
        "Authorization": "Sanitized",
        "User-Agent": [
          "azsdk-net-Communication.CallingServer/1.0.0-alpha.20210811.1",
          "(.NET Framework 4.8.4300.0; Microsoft Windows 10.0.19043 )"
        ],
        "x-ms-client-request-id": "91a34b6ee55727be16815a7cbd5b4018",
        "x-ms-return-client-request-id": "true"
      },
      "RequestBody": null,
      "StatusCode": 200,
      "ResponseHeaders": {
        "Content-Length": "27",
        "Content-Type": "application/json; charset=utf-8",
        "Date": "Thu, 12 Aug 2021 06:54:57 GMT",
        "X-Azure-Ref": "0wcUUYQAAAAAlt9W\u002BNaKxQLaS8i7Y/Mo5V1NURURHRTA4MTcAOWZjN2I1MTktYThjYy00Zjg5LTkzNWUtYzkxNDhhZTA5ZTgx",
        "X-Cache": "CONFIG_NOCACHE",
        "X-Microsoft-Skype-Chain-ID": "71d14baa-42af-4f8b-88b8-e12b03ced37c",
        "x-ms-client-request-id": "91a34b6ee55727be16815a7cbd5b4018"
      },
      "ResponseBody": {
        "recordingState": "active"
      }
    },
    {
      "RequestUri": "https://acstestbot1.communication.azure.com/calling/serverCalls/3500769f-e11b-4ceb-85cb-bc8df2a01768/recordings/eyJQbGF0Zm9ybUVuZHBvaW50SWQiOiIwMTAwMDQ4MC1mMmFiLTRhNTAtYWI0OS1mYTAxMGU4ZTY2ZGYiLCJSZXNvdXJjZVNwZWNpZmljSWQiOiIxNDcyNWUzYi01NmQ2LTQwYTQtYTMzZi03NzA2MGZlYTA1ZjkifQ/:pause?api-version=2021-06-15-preview",
      "RequestMethod": "POST",
      "RequestHeaders": {
        "Accept": "application/json",
        "Authorization": "Sanitized",
        "User-Agent": [
          "azsdk-net-Communication.CallingServer/1.0.0-alpha.20210811.1",
          "(.NET Framework 4.8.4300.0; Microsoft Windows 10.0.19043 )"
        ],
        "x-ms-client-request-id": "ed08500efcda17368abf6155eb44150d",
        "x-ms-return-client-request-id": "true"
      },
      "RequestBody": null,
      "StatusCode": 200,
      "ResponseHeaders": {
        "Content-Length": "0",
        "Date": "Thu, 12 Aug 2021 06:54:57 GMT",
        "X-Azure-Ref": "0wcUUYQAAAACmRVBcLnwsQLQAhj49wuSkV1NURURHRTA4MTcAOWZjN2I1MTktYThjYy00Zjg5LTkzNWUtYzkxNDhhZTA5ZTgx",
        "X-Cache": "CONFIG_NOCACHE",
        "X-Microsoft-Skype-Chain-ID": "15b6af7a-c8ce-4ac7-9dd8-7ccd01edf6bf",
        "x-ms-client-request-id": "ed08500efcda17368abf6155eb44150d"
      },
      "ResponseBody": []
    },
    {
      "RequestUri": "https://acstestbot1.communication.azure.com/calling/serverCalls/3500769f-e11b-4ceb-85cb-bc8df2a01768/recordings/eyJQbGF0Zm9ybUVuZHBvaW50SWQiOiIwMTAwMDQ4MC1mMmFiLTRhNTAtYWI0OS1mYTAxMGU4ZTY2ZGYiLCJSZXNvdXJjZVNwZWNpZmljSWQiOiIxNDcyNWUzYi01NmQ2LTQwYTQtYTMzZi03NzA2MGZlYTA1ZjkifQ?api-version=2021-06-15-preview",
      "RequestMethod": "GET",
      "RequestHeaders": {
        "Accept": "application/json",
        "Authorization": "Sanitized",
        "User-Agent": [
          "azsdk-net-Communication.CallingServer/1.0.0-alpha.20210811.1",
          "(.NET Framework 4.8.4300.0; Microsoft Windows 10.0.19043 )"
        ],
        "x-ms-client-request-id": "c05043f89145bbdd2416da285d3ecdfb",
        "x-ms-return-client-request-id": "true"
      },
      "RequestBody": null,
      "StatusCode": 200,
      "ResponseHeaders": {
        "Content-Length": "29",
        "Content-Type": "application/json; charset=utf-8",
        "Date": "Thu, 12 Aug 2021 06:55:03 GMT",
        "X-Azure-Ref": "0yMUUYQAAAADC9y58hsyoTYb3yGLeX1dhV1NURURHRTA4MTcAOWZjN2I1MTktYThjYy00Zjg5LTkzNWUtYzkxNDhhZTA5ZTgx",
        "X-Cache": "CONFIG_NOCACHE",
        "X-Microsoft-Skype-Chain-ID": "8cef590f-a857-4744-8ecd-674dd4c59143",
        "x-ms-client-request-id": "c05043f89145bbdd2416da285d3ecdfb"
      },
      "ResponseBody": {
        "recordingState": "inactive"
      }
    },
    {
      "RequestUri": "https://acstestbot1.communication.azure.com/calling/serverCalls/3500769f-e11b-4ceb-85cb-bc8df2a01768/recordings/eyJQbGF0Zm9ybUVuZHBvaW50SWQiOiIwMTAwMDQ4MC1mMmFiLTRhNTAtYWI0OS1mYTAxMGU4ZTY2ZGYiLCJSZXNvdXJjZVNwZWNpZmljSWQiOiIxNDcyNWUzYi01NmQ2LTQwYTQtYTMzZi03NzA2MGZlYTA1ZjkifQ/:resume?api-version=2021-06-15-preview",
      "RequestMethod": "POST",
      "RequestHeaders": {
        "Accept": "application/json",
        "Authorization": "Sanitized",
        "User-Agent": [
          "azsdk-net-Communication.CallingServer/1.0.0-alpha.20210811.1",
          "(.NET Framework 4.8.4300.0; Microsoft Windows 10.0.19043 )"
        ],
        "x-ms-client-request-id": "1d3b6a8e662171f5158c069783693bd2",
        "x-ms-return-client-request-id": "true"
      },
      "RequestBody": null,
      "StatusCode": 200,
      "ResponseHeaders": {
        "Content-Length": "0",
        "Date": "Thu, 12 Aug 2021 06:55:03 GMT",
        "X-Azure-Ref": "0yMUUYQAAAACw4EIjLfIHSalk/5\u002BcG\u002B\u002B8V1NURURHRTA4MTcAOWZjN2I1MTktYThjYy00Zjg5LTkzNWUtYzkxNDhhZTA5ZTgx",
        "X-Cache": "CONFIG_NOCACHE",
        "X-Microsoft-Skype-Chain-ID": "00fc7923-e990-4726-a818-34fd0f74035e",
        "x-ms-client-request-id": "1d3b6a8e662171f5158c069783693bd2"
      },
      "ResponseBody": []
    },
    {
      "RequestUri": "https://acstestbot1.communication.azure.com/calling/serverCalls/3500769f-e11b-4ceb-85cb-bc8df2a01768/recordings/eyJQbGF0Zm9ybUVuZHBvaW50SWQiOiIwMTAwMDQ4MC1mMmFiLTRhNTAtYWI0OS1mYTAxMGU4ZTY2ZGYiLCJSZXNvdXJjZVNwZWNpZmljSWQiOiIxNDcyNWUzYi01NmQ2LTQwYTQtYTMzZi03NzA2MGZlYTA1ZjkifQ?api-version=2021-06-15-preview",
      "RequestMethod": "GET",
      "RequestHeaders": {
        "Accept": "application/json",
        "Authorization": "Sanitized",
        "User-Agent": [
          "azsdk-net-Communication.CallingServer/1.0.0-alpha.20210811.1",
          "(.NET Framework 4.8.4300.0; Microsoft Windows 10.0.19043 )"
        ],
        "x-ms-client-request-id": "7a834c6b7f0a7dd3724dc8c3220db94c",
        "x-ms-return-client-request-id": "true"
      },
      "RequestBody": null,
      "StatusCode": 200,
      "ResponseHeaders": {
        "Content-Length": "27",
        "Content-Type": "application/json; charset=utf-8",
        "Date": "Thu, 12 Aug 2021 06:55:09 GMT",
        "X-Azure-Ref": "0zsUUYQAAAABCBz11M42SQqBhKP\u002BoBS7KV1NURURHRTA4MTcAOWZjN2I1MTktYThjYy00Zjg5LTkzNWUtYzkxNDhhZTA5ZTgx",
        "X-Cache": "CONFIG_NOCACHE",
        "X-Microsoft-Skype-Chain-ID": "d794e9e1-1fba-427c-b229-576ae585c1ab",
        "x-ms-client-request-id": "7a834c6b7f0a7dd3724dc8c3220db94c"
      },
      "ResponseBody": {
        "recordingState": "active"
      }
    },
    {
      "RequestUri": "https://acstestbot1.communication.azure.com/calling/serverCalls/3500769f-e11b-4ceb-85cb-bc8df2a01768/recordings/eyJQbGF0Zm9ybUVuZHBvaW50SWQiOiIwMTAwMDQ4MC1mMmFiLTRhNTAtYWI0OS1mYTAxMGU4ZTY2ZGYiLCJSZXNvdXJjZVNwZWNpZmljSWQiOiIxNDcyNWUzYi01NmQ2LTQwYTQtYTMzZi03NzA2MGZlYTA1ZjkifQ?api-version=2021-06-15-preview",
      "RequestMethod": "DELETE",
      "RequestHeaders": {
        "Accept": "application/json",
        "Authorization": "Sanitized",
        "User-Agent": [
          "azsdk-net-Communication.CallingServer/1.0.0-alpha.20210811.1",
          "(.NET Framework 4.8.4300.0; Microsoft Windows 10.0.19043 )"
        ],
        "x-ms-client-request-id": "81c665f1f80991ec4edfabb98a4637bb",
        "x-ms-return-client-request-id": "true"
      },
      "RequestBody": null,
      "StatusCode": 200,
      "ResponseHeaders": {
        "Content-Length": "0",
        "Date": "Thu, 12 Aug 2021 06:55:10 GMT",
        "X-Azure-Ref": "0zsUUYQAAAACL7oCCpAswSZEqTP1zzcHBV1NURURHRTA4MTcAOWZjN2I1MTktYThjYy00Zjg5LTkzNWUtYzkxNDhhZTA5ZTgx",
        "X-Cache": "CONFIG_NOCACHE",
        "X-Microsoft-Skype-Chain-ID": "ed59a64c-6c00-4222-a2c0-aaf7971890f3",
        "x-ms-client-request-id": "81c665f1f80991ec4edfabb98a4637bb"
      },
      "ResponseBody": []
    },
    {
      "RequestUri": "https://acstestbot1.communication.azure.com/calling/serverCalls/3500769f-e11b-4ceb-85cb-bc8df2a01768/recordings/eyJQbGF0Zm9ybUVuZHBvaW50SWQiOiIwMTAwMDQ4MC1mMmFiLTRhNTAtYWI0OS1mYTAxMGU4ZTY2ZGYiLCJSZXNvdXJjZVNwZWNpZmljSWQiOiIxNDcyNWUzYi01NmQ2LTQwYTQtYTMzZi03NzA2MGZlYTA1ZjkifQ?api-version=2021-06-15-preview",
      "RequestMethod": "GET",
      "RequestHeaders": {
        "Accept": "application/json",
        "Authorization": "Sanitized",
        "User-Agent": [
          "azsdk-net-Communication.CallingServer/1.0.0-alpha.20210811.1",
          "(.NET Framework 4.8.4300.0; Microsoft Windows 10.0.19043 )"
        ],
        "x-ms-client-request-id": "10bd08da53ba0ff197bdaad39e314f07",
        "x-ms-return-client-request-id": "true"
      },
      "RequestBody": null,
      "StatusCode": 400,
      "ResponseHeaders": {
        "Content-Length": "93",
        "Content-Type": "application/json; charset=utf-8",
        "Date": "Thu, 12 Aug 2021 06:55:10 GMT",
        "X-Azure-Ref": "0z8UUYQAAAAAHTfCaIGYHTKaW3dU4da8lV1NURURHRTA4MTcAOWZjN2I1MTktYThjYy00Zjg5LTkzNWUtYzkxNDhhZTA5ZTgx",
        "X-Cache": "CONFIG_NOCACHE",
        "X-Microsoft-Skype-Chain-ID": "7f478411-4724-4742-a42c-5818272d9a17",
        "x-ms-client-request-id": "10bd08da53ba0ff197bdaad39e314f07"
      },
      "ResponseBody": {
        "error": {
          "code": "8501",
          "message": "Action is invalid when call is not in Established state"
        }
      }
    },
    {
      "RequestUri": "https://acstestbot1.communication.azure.com/calling/callConnections/01000480-d2c6-4bc5-8ce0-a0e6db618309/:hangup?api-version=2021-06-15-preview",
      "RequestMethod": "POST",
      "RequestHeaders": {
        "Accept": "application/json",
        "Authorization": "Sanitized",
        "User-Agent": [
          "azsdk-net-Communication.CallingServer/1.0.0-alpha.20210811.1",
          "(.NET Framework 4.8.4300.0; Microsoft Windows 10.0.19043 )"
        ],
        "x-ms-client-request-id": "1da5bad2baa273c860f22b2bd319f32c",
        "x-ms-return-client-request-id": "true"
      },
      "RequestBody": null,
      "StatusCode": 202,
      "ResponseHeaders": {
        "Content-Length": "0",
        "Date": "Thu, 12 Aug 2021 06:55:20 GMT",
        "X-Azure-Ref": "02cUUYQAAAADtlbg\u002BfD7QRL2eE2g5mZTjV1NURURHRTA4MTcAOWZjN2I1MTktYThjYy00Zjg5LTkzNWUtYzkxNDhhZTA5ZTgx",
        "X-Cache": "CONFIG_NOCACHE",
        "X-Microsoft-Skype-Chain-ID": "68d9df29-e522-4fda-892f-94d41114f70e",
        "x-ms-client-request-id": "1da5bad2baa273c860f22b2bd319f32c"
      },
      "ResponseBody": []
    },
    {
      "RequestUri": "https://acstestbot1.communication.azure.com/calling/callConnections/01000480-e162-4941-8ecd-0418cae12839/:hangup?api-version=2021-06-15-preview",
      "RequestMethod": "POST",
      "RequestHeaders": {
        "Accept": "application/json",
        "Authorization": "Sanitized",
        "User-Agent": [
          "azsdk-net-Communication.CallingServer/1.0.0-alpha.20210811.1",
          "(.NET Framework 4.8.4300.0; Microsoft Windows 10.0.19043 )"
        ],
        "x-ms-client-request-id": "19e80d15a8509e9273b6e94b4e18f31c",
        "x-ms-return-client-request-id": "true"
      },
      "RequestBody": null,
      "StatusCode": 202,
      "ResponseHeaders": {
        "Content-Length": "0",
        "Date": "Thu, 12 Aug 2021 06:55:20 GMT",
        "X-Azure-Ref": "02cUUYQAAAAB8um9is2bdSqli/WM7J/zoV1NURURHRTA4MTcAOWZjN2I1MTktYThjYy00Zjg5LTkzNWUtYzkxNDhhZTA5ZTgx",
        "X-Cache": "CONFIG_NOCACHE",
        "X-Microsoft-Skype-Chain-ID": "4c9fbabe-4d04-40cd-84c1-6802b7208e3c",
        "x-ms-client-request-id": "19e80d15a8509e9273b6e94b4e18f31c"
      },
      "ResponseBody": []
    }
  ],
  "Variables": {
    "COMMUNICATION_LIVETEST_STATIC_CONNECTION_STRING": "endpoint=https://acstestbot1.communication.azure.com/;accesskey=Kg==",
    "RandomSeed": "502582709"
  }
}