{
  "Entries": [
    {
      "RequestUri": "http://seanstagehierarchical.blob.core.windows.net/test-filesystem-a6f0169f-369d-d76f-a077-ef8a85a57715?restype=container",
      "RequestMethod": "PUT",
      "RequestHeaders": {
        "Authorization": "Sanitized",
        "traceparent": "00-613db350f502bc40bc4c7948bb03ce28-edec5a37cc14cc42-00",
        "User-Agent": [
          "azsdk-net-Storage.Files.DataLake/12.0.0-dev.20191211.1\u002B95de79970bae9e90d6eeeb548063d2887c659c3a",
          "(.NET Core 4.6.28008.01; Microsoft Windows 10.0.18363 )"
        ],
        "x-ms-blob-public-access": "container",
        "x-ms-client-request-id": "4ca037a9-36f2-d859-baa1-f7a9256426c8",
        "x-ms-date": "Wed, 11 Dec 2019 19:36:25 GMT",
        "x-ms-return-client-request-id": "true",
        "x-ms-version": "2019-07-07"
      },
      "RequestBody": null,
      "StatusCode": 201,
      "ResponseHeaders": {
        "Content-Length": "0",
        "Date": "Wed, 11 Dec 2019 19:36:25 GMT",
        "ETag": "\u00220x8D77E716957EDE1\u0022",
        "Last-Modified": "Wed, 11 Dec 2019 19:36:25 GMT",
        "Server": [
          "Windows-Azure-Blob/1.0",
          "Microsoft-HTTPAPI/2.0"
        ],
        "x-ms-client-request-id": "4ca037a9-36f2-d859-baa1-f7a9256426c8",
        "x-ms-request-id": "fe80044a-701e-0041-485a-b0cadf000000",
        "x-ms-version": "2019-07-07"
      },
      "ResponseBody": []
    },
    {
      "RequestUri": "http://seanstagehierarchical.dfs.core.windows.net/test-filesystem-a6f0169f-369d-d76f-a077-ef8a85a57715/test-directory-2ad2e382-660b-4179-1c16-84dc7f0f611b?resource=directory",
      "RequestMethod": "PUT",
      "RequestHeaders": {
        "Authorization": "Sanitized",
        "traceparent": "00-16849ec76860c84dbbb8d15f0469b8a9-92716158704bd24f-00",
        "User-Agent": [
          "azsdk-net-Storage.Files.DataLake/12.0.0-dev.20191211.1\u002B95de79970bae9e90d6eeeb548063d2887c659c3a",
          "(.NET Core 4.6.28008.01; Microsoft Windows 10.0.18363 )"
        ],
        "x-ms-client-request-id": "92ddee9a-8db3-431f-bd5e-30dcb27d59aa",
        "x-ms-date": "Wed, 11 Dec 2019 19:36:26 GMT",
        "x-ms-return-client-request-id": "true",
        "x-ms-version": "2019-02-02"
      },
      "RequestBody": null,
      "StatusCode": 201,
      "ResponseHeaders": {
        "Content-Length": "0",
        "Date": "Wed, 11 Dec 2019 19:36:25 GMT",
        "ETag": "\u00220x8D77E716966A724\u0022",
        "Last-Modified": "Wed, 11 Dec 2019 19:36:26 GMT",
        "Server": [
          "Windows-Azure-HDFS/1.0",
          "Microsoft-HTTPAPI/2.0"
        ],
        "x-ms-client-request-id": "92ddee9a-8db3-431f-bd5e-30dcb27d59aa",
        "x-ms-request-id": "da690d72-901f-002b-165a-b012f7000000",
        "x-ms-version": "2019-02-02"
      },
      "ResponseBody": []
    },
    {
      "RequestUri": "http://seanstagehierarchical.blob.core.windows.net/test-filesystem-a6f0169f-369d-d76f-a077-ef8a85a57715/test-directory-2ad2e382-660b-4179-1c16-84dc7f0f611b?sv=2019-07-07\u0026ss=b\u0026srt=sco\u0026st=2019-12-11T18%3A36%3A26Z\u0026se=2019-12-11T20%3A36%3A26Z\u0026sp=rwdlac\u0026sig=Sanitized",
      "RequestMethod": "HEAD",
      "RequestHeaders": {
        "traceparent": "00-6a802eca4ce9484b9ea597a99b2c392b-007ef0e1ddeb8e43-00",
        "User-Agent": [
          "azsdk-net-Storage.Files.DataLake/12.0.0-dev.20191211.1\u002B95de79970bae9e90d6eeeb548063d2887c659c3a",
          "(.NET Core 4.6.28008.01; Microsoft Windows 10.0.18363 )"
        ],
        "x-ms-client-request-id": "9142c661-cf31-3167-a59d-90a6f946fcc8",
        "x-ms-return-client-request-id": "true",
        "x-ms-version": "2019-07-07"
      },
      "RequestBody": null,
      "StatusCode": 200,
      "ResponseHeaders": {
        "Accept-Ranges": "bytes",
        "Content-Length": "0",
        "Content-Type": "application/octet-stream",
        "Date": "Wed, 11 Dec 2019 19:36:26 GMT",
        "ETag": "\u00220x8D77E716966A724\u0022",
        "Last-Modified": "Wed, 11 Dec 2019 19:36:26 GMT",
        "Server": [
          "Windows-Azure-Blob/1.0",
          "Microsoft-HTTPAPI/2.0"
        ],
        "x-ms-access-tier": "Hot",
        "x-ms-access-tier-inferred": "true",
        "x-ms-blob-type": "BlockBlob",
        "x-ms-client-request-id": "9142c661-cf31-3167-a59d-90a6f946fcc8",
        "x-ms-creation-time": "Wed, 11 Dec 2019 19:36:26 GMT",
        "x-ms-lease-state": "available",
        "x-ms-lease-status": "unlocked",
        "x-ms-meta-hdi_isfolder": "true",
        "x-ms-request-id": "fe80044d-701e-0041-495a-b0cadf000000",
        "x-ms-server-encrypted": "true",
        "x-ms-version": "2019-07-07"
      },
      "ResponseBody": []
    },
    {
      "RequestUri": "http://seanstagehierarchical.blob.core.windows.net/test-filesystem-a6f0169f-369d-d76f-a077-ef8a85a57715?restype=container",
      "RequestMethod": "DELETE",
      "RequestHeaders": {
        "Authorization": "Sanitized",
        "traceparent": "00-01d35f2c4e70194ba922d6ff2789a4c4-e8b2eb64fa79f849-00",
        "User-Agent": [
          "azsdk-net-Storage.Files.DataLake/12.0.0-dev.20191211.1\u002B95de79970bae9e90d6eeeb548063d2887c659c3a",
          "(.NET Core 4.6.28008.01; Microsoft Windows 10.0.18363 )"
        ],
        "x-ms-client-request-id": "ec7b6582-c73b-7079-75b9-bbe7481d5d7a",
        "x-ms-date": "Wed, 11 Dec 2019 19:36:26 GMT",
        "x-ms-return-client-request-id": "true",
        "x-ms-version": "2019-07-07"
      },
      "RequestBody": null,
      "StatusCode": 202,
      "ResponseHeaders": {
        "Content-Length": "0",
        "Date": "Wed, 11 Dec 2019 19:36:26 GMT",
        "Server": [
          "Windows-Azure-Blob/1.0",
          "Microsoft-HTTPAPI/2.0"
        ],
        "x-ms-client-request-id": "ec7b6582-c73b-7079-75b9-bbe7481d5d7a",
        "x-ms-request-id": "fe800451-701e-0041-4c5a-b0cadf000000",
        "x-ms-version": "2019-07-07"
      },
      "ResponseBody": []
    }
  ],
  "Variables": {
    "DateTimeOffsetNow": "2019-12-11T11:36:26.1617968-08:00",
    "RandomSeed": "1333111981",
    "Storage_TestConfigHierarchicalNamespace": "NamespaceTenant\nseanstagehierarchical\nU2FuaXRpemVk\nhttp://seanstagehierarchical.blob.core.windows.net\nhttp://seanstagehierarchical.file.core.windows.net\nhttp://seanstagehierarchical.queue.core.windows.net\nhttp://seanstagehierarchical.table.core.windows.net\n\n\n\n\nhttp://seanstagehierarchical-secondary.blob.core.windows.net\nhttp://seanstagehierarchical-secondary.file.core.windows.net\nhttp://seanstagehierarchical-secondary.queue.core.windows.net\nhttp://seanstagehierarchical-secondary.table.core.windows.net\n68390a19-a643-458b-b726-408abf67b4fc\nSanitized\n72f988bf-86f1-41af-91ab-2d7cd011db47\nhttps://login.microsoftonline.com/\nCloud\nBlobEndpoint=http://seanstagehierarchical.blob.core.windows.net/;QueueEndpoint=http://seanstagehierarchical.queue.core.windows.net/;FileEndpoint=http://seanstagehierarchical.file.core.windows.net/;BlobSecondaryEndpoint=http://seanstagehierarchical-secondary.blob.core.windows.net/;QueueSecondaryEndpoint=http://seanstagehierarchical-secondary.queue.core.windows.net/;FileSecondaryEndpoint=http://seanstagehierarchical-secondary.file.core.windows.net/;AccountName=seanstagehierarchical;AccountKey=Sanitized\n"
  }
}