{
  "Entries": [
    {
      "RequestUri": "https://seannsecanary.blob.core.windows.net/test-filesystem-72e04c43-ee76-5ea0-6b72-f81903fbcc4a?restype=container",
      "RequestMethod": "PUT",
      "RequestHeaders": {
        "Authorization": "Sanitized",
        "traceparent": "00-e1f75a9ac273614db17e9b90b897aaac-8a2d0faeb0f59340-00",
        "User-Agent": [
          "azsdk-net-Storage.Files.DataLake/12.6.0-alpha.20201214.1",
          "(.NET 5.0.1-servicing.20575.16; Microsoft Windows 10.0.19042)"
        ],
        "x-ms-blob-public-access": "container",
        "x-ms-client-request-id": "dc2f3a99-374b-c586-2c91-2b44dee07972",
        "x-ms-date": "Mon, 14 Dec 2020 21:47:21 GMT",
        "x-ms-return-client-request-id": "true",
        "x-ms-version": "2020-04-08"
      },
      "RequestBody": null,
      "StatusCode": 201,
      "ResponseHeaders": {
        "Content-Length": "0",
        "Date": "Mon, 14 Dec 2020 21:47:22 GMT",
        "ETag": "\u00220x8D8A079D6D6ECF4\u0022",
        "Last-Modified": "Mon, 14 Dec 2020 21:47:22 GMT",
        "Server": [
          "Windows-Azure-Blob/1.0",
          "Microsoft-HTTPAPI/2.0"
        ],
        "x-ms-client-request-id": "dc2f3a99-374b-c586-2c91-2b44dee07972",
        "x-ms-request-id": "b46e7c6f-001e-0080-2e62-d2b2a6000000",
        "x-ms-version": "2020-04-08"
      },
      "ResponseBody": []
    },
    {
      "RequestUri": "https://seannsecanary.dfs.core.windows.net/test-filesystem-72e04c43-ee76-5ea0-6b72-f81903fbcc4a/test-directory-74690c8f-7e3c-4e20-4632-0fc0e5f9c3ae?resource=directory",
      "RequestMethod": "PUT",
      "RequestHeaders": {
        "Authorization": "Sanitized",
        "traceparent": "00-3914d4625eb2734eb4532d364364d571-dd004ab5feb08146-00",
        "User-Agent": [
          "azsdk-net-Storage.Files.DataLake/12.6.0-alpha.20201214.1",
          "(.NET 5.0.1-servicing.20575.16; Microsoft Windows 10.0.19042)"
        ],
        "x-ms-client-request-id": "ab261412-e7c9-d963-53b8-c87f63609bbc",
        "x-ms-date": "Mon, 14 Dec 2020 21:47:21 GMT",
        "x-ms-return-client-request-id": "true",
        "x-ms-version": "2020-04-08"
      },
      "RequestBody": null,
      "StatusCode": 201,
      "ResponseHeaders": {
        "Content-Length": "0",
        "Date": "Mon, 14 Dec 2020 21:47:22 GMT",
        "ETag": "\u00220x8D8A079D7012765\u0022",
        "Last-Modified": "Mon, 14 Dec 2020 21:47:23 GMT",
        "Server": [
          "Windows-Azure-HDFS/1.0",
          "Microsoft-HTTPAPI/2.0"
        ],
        "x-ms-client-request-id": "ab261412-e7c9-d963-53b8-c87f63609bbc",
        "x-ms-request-id": "f73f5428-001f-0029-0862-d273d4000000",
        "x-ms-version": "2020-04-08"
      },
      "ResponseBody": []
    },
    {
      "RequestUri": "https://seannsecanary.blob.core.windows.net/test-filesystem-72e04c43-ee76-5ea0-6b72-f81903fbcc4a/test-directory-74690c8f-7e3c-4e20-4632-0fc0e5f9c3ae",
      "RequestMethod": "HEAD",
      "RequestHeaders": {
        "Authorization": "Sanitized",
        "traceparent": "00-5e11f84d6ec4f3408cec26cebec9a7f0-43e52005343a3b4c-00",
        "User-Agent": [
          "azsdk-net-Storage.Files.DataLake/12.6.0-alpha.20201214.1",
          "(.NET 5.0.1-servicing.20575.16; Microsoft Windows 10.0.19042)"
        ],
        "x-ms-client-request-id": "c931da83-ceb9-c7a8-e72e-d5c40fb99d07",
        "x-ms-date": "Mon, 14 Dec 2020 21:47:21 GMT",
        "x-ms-return-client-request-id": "true",
        "x-ms-version": "2020-04-08"
      },
      "RequestBody": null,
      "StatusCode": 200,
      "ResponseHeaders": {
        "Accept-Ranges": "bytes",
        "Content-Length": "0",
        "Content-Type": "application/octet-stream",
        "Date": "Mon, 14 Dec 2020 21:47:22 GMT",
        "ETag": "\u00220x8D8A079D7012765\u0022",
        "Last-Modified": "Mon, 14 Dec 2020 21:47:23 GMT",
        "Server": [
          "Windows-Azure-Blob/1.0",
          "Microsoft-HTTPAPI/2.0"
        ],
        "x-ms-access-tier": "Hot",
        "x-ms-access-tier-inferred": "true",
        "x-ms-blob-type": "BlockBlob",
        "x-ms-client-request-id": "c931da83-ceb9-c7a8-e72e-d5c40fb99d07",
        "x-ms-creation-time": "Mon, 14 Dec 2020 21:47:23 GMT",
        "x-ms-lease-state": "available",
        "x-ms-lease-status": "unlocked",
        "x-ms-meta-hdi_isfolder": "true",
        "x-ms-request-id": "8742d8de-c01e-0044-4c62-d2c79f000000",
        "x-ms-server-encrypted": "true",
        "x-ms-version": "2020-04-08"
      },
      "ResponseBody": []
    },
    {
      "RequestUri": "https://seannsecanary.dfs.core.windows.net/test-filesystem-72e04c43-ee76-5ea0-6b72-f81903fbcc4a/test-directory-74690c8f-7e3c-4e20-4632-0fc0e5f9c3ae?action=getAccessControl",
      "RequestMethod": "HEAD",
      "RequestHeaders": {
        "Authorization": "Sanitized",
        "traceparent": "00-5ca5a9ecf745f445a3d0c413ca541d05-403cfea1dea14e43-00",
        "User-Agent": [
          "azsdk-net-Storage.Files.DataLake/12.6.0-alpha.20201214.1",
          "(.NET 5.0.1-servicing.20575.16; Microsoft Windows 10.0.19042)"
        ],
        "x-ms-client-request-id": "88fb4516-d12e-b203-40ff-0ec020b8b247",
        "x-ms-date": "Mon, 14 Dec 2020 21:47:21 GMT",
        "x-ms-return-client-request-id": "true",
        "x-ms-version": "2020-04-08"
      },
      "RequestBody": null,
      "StatusCode": 200,
      "ResponseHeaders": {
        "Date": "Mon, 14 Dec 2020 21:47:22 GMT",
        "ETag": "\u00220x8D8A079D7012765\u0022",
        "Last-Modified": "Mon, 14 Dec 2020 21:47:23 GMT",
        "Server": [
          "Windows-Azure-HDFS/1.0",
          "Microsoft-HTTPAPI/2.0"
        ],
        "x-ms-acl": "user::rwx,group::r-x,other::---",
        "x-ms-client-request-id": "88fb4516-d12e-b203-40ff-0ec020b8b247",
        "x-ms-group": "$superuser",
        "x-ms-owner": "$superuser",
        "x-ms-permissions": "rwxr-x---",
        "x-ms-request-id": "1f6b4b82-c01f-006b-4362-d2ca54000000",
        "x-ms-version": "2020-04-08"
      },
      "ResponseBody": []
    },
    {
      "RequestUri": "https://seannsecanary.blob.core.windows.net/test-filesystem-72e04c43-ee76-5ea0-6b72-f81903fbcc4a?restype=container",
      "RequestMethod": "DELETE",
      "RequestHeaders": {
        "Authorization": "Sanitized",
        "traceparent": "00-1c48fbecdcee9a4191955c52d5d3d183-3d4c187b4f0eb04e-00",
        "User-Agent": [
          "azsdk-net-Storage.Files.DataLake/12.6.0-alpha.20201214.1",
          "(.NET 5.0.1-servicing.20575.16; Microsoft Windows 10.0.19042)"
        ],
        "x-ms-client-request-id": "c9aec5b4-14bd-81d9-170f-f9e108a1fcde",
        "x-ms-date": "Mon, 14 Dec 2020 21:47:22 GMT",
        "x-ms-return-client-request-id": "true",
        "x-ms-version": "2020-04-08"
      },
      "RequestBody": null,
      "StatusCode": 202,
      "ResponseHeaders": {
        "Content-Length": "0",
        "Date": "Mon, 14 Dec 2020 21:47:22 GMT",
        "Server": [
          "Windows-Azure-Blob/1.0",
          "Microsoft-HTTPAPI/2.0"
        ],
        "x-ms-client-request-id": "c9aec5b4-14bd-81d9-170f-f9e108a1fcde",
        "x-ms-request-id": "8742d8fb-c01e-0044-5f62-d2c79f000000",
        "x-ms-version": "2020-04-08"
      },
      "ResponseBody": []
    }
  ],
  "Variables": {
    "RandomSeed": "1649970409",
    "Storage_TestConfigHierarchicalNamespace": "NamespaceTenant\nseannsecanary\nU2FuaXRpemVk\nhttps://seannsecanary.blob.core.windows.net\nhttps://seannsecanary.file.core.windows.net\nhttps://seannsecanary.queue.core.windows.net\nhttps://seannsecanary.table.core.windows.net\n\n\n\n\nhttps://seannsecanary-secondary.blob.core.windows.net\nhttps://seannsecanary-secondary.file.core.windows.net\nhttps://seannsecanary-secondary.queue.core.windows.net\nhttps://seannsecanary-secondary.table.core.windows.net\n68390a19-a643-458b-b726-408abf67b4fc\nSanitized\n72f988bf-86f1-41af-91ab-2d7cd011db47\nhttps://login.microsoftonline.com/\nCloud\nBlobEndpoint=https://seannsecanary.blob.core.windows.net/;QueueEndpoint=https://seannsecanary.queue.core.windows.net/;FileEndpoint=https://seannsecanary.file.core.windows.net/;BlobSecondaryEndpoint=https://seannsecanary-secondary.blob.core.windows.net/;QueueSecondaryEndpoint=https://seannsecanary-secondary.queue.core.windows.net/;FileSecondaryEndpoint=https://seannsecanary-secondary.file.core.windows.net/;AccountName=seannsecanary;AccountKey=Sanitized\n"
  }
}