{
  "Entries": [
    {
      "RequestUri": "https://seannse.blob.core.windows.net/test-filesystem-db8785d4-1962-9753-3fdd-2a0aa6997f68?restype=container",
      "RequestMethod": "PUT",
      "RequestHeaders": {
        "Accept": "application/xml",
        "Authorization": "Sanitized",
        "traceparent": "00-0cd2df7bb3681e4dab64f439f6fb49f7-1ef028d2a9c7764a-00",
        "User-Agent": [
          "azsdk-net-Storage.Files.DataLake/12.7.0-alpha.20210217.1",
          "(.NET 5.0.3; Microsoft Windows 10.0.19042)"
        ],
        "x-ms-blob-public-access": "container",
        "x-ms-client-request-id": "094cfd8e-a791-070a-b03e-05a3fdfa81f1",
        "x-ms-date": "Wed, 17 Feb 2021 22:18:51 GMT",
        "x-ms-return-client-request-id": "true",
        "x-ms-version": "2020-06-12"
      },
      "RequestBody": null,
      "StatusCode": 201,
      "ResponseHeaders": {
        "Content-Length": "0",
        "Date": "Wed, 17 Feb 2021 22:18:50 GMT",
        "ETag": "\u00220x8D8D392015D1FF7\u0022",
        "Last-Modified": "Wed, 17 Feb 2021 22:18:51 GMT",
        "Server": [
          "Windows-Azure-Blob/1.0",
          "Microsoft-HTTPAPI/2.0"
        ],
        "x-ms-client-request-id": "094cfd8e-a791-070a-b03e-05a3fdfa81f1",
        "x-ms-request-id": "7f087c57-301e-0073-357a-0527cc000000",
        "x-ms-version": "2020-06-12"
      },
      "ResponseBody": []
    },
    {
      "RequestUri": "https://seannse.dfs.core.windows.net/test-filesystem-db8785d4-1962-9753-3fdd-2a0aa6997f68/test-directory-3bf9e445-cd14-49d5-d5bf-1b59164d0b04?resource=directory",
      "RequestMethod": "PUT",
      "RequestHeaders": {
        "Authorization": "Sanitized",
        "traceparent": "00-24c4901ee0f9fa4588e9d3de7128daa2-564bf272a0dab849-00",
        "User-Agent": [
          "azsdk-net-Storage.Files.DataLake/12.7.0-alpha.20210217.1",
          "(.NET 5.0.3; Microsoft Windows 10.0.19042)"
        ],
        "x-ms-client-request-id": "18ca4444-0201-9372-dcaf-f40ec48dee06",
        "x-ms-date": "Wed, 17 Feb 2021 22:18:51 GMT",
        "x-ms-return-client-request-id": "true",
        "x-ms-version": "2020-06-12"
      },
      "RequestBody": null,
      "StatusCode": 201,
      "ResponseHeaders": {
        "Content-Length": "0",
        "Date": "Wed, 17 Feb 2021 22:18:51 GMT",
        "ETag": "\u00220x8D8D39201AEE31A\u0022",
        "Last-Modified": "Wed, 17 Feb 2021 22:18:51 GMT",
        "Server": [
          "Windows-Azure-HDFS/1.0",
          "Microsoft-HTTPAPI/2.0"
        ],
        "x-ms-client-request-id": "18ca4444-0201-9372-dcaf-f40ec48dee06",
        "x-ms-request-id": "e21c43fa-e01f-0070-067a-05c6a8000000",
        "x-ms-version": "2020-06-12"
      },
      "ResponseBody": []
    },
    {
      "RequestUri": "https://seannse.blob.core.windows.net/test-filesystem-db8785d4-1962-9753-3fdd-2a0aa6997f68/test-directory-3bf9e445-cd14-49d5-d5bf-1b59164d0b04?sv=2020-06-12\u0026se=2021-02-18T22%3A18%3A52Z\u0026sr=b\u0026sp=racwdlmeop\u0026sig=Sanitized",
      "RequestMethod": "HEAD",
      "RequestHeaders": {
        "Accept": "application/xml",
        "traceparent": "00-5f9d105c6f0e0740853bc04664396f71-ca0c90ec1ba8e041-00",
        "User-Agent": [
          "azsdk-net-Storage.Files.DataLake/12.7.0-alpha.20210217.1",
          "(.NET 5.0.3; Microsoft Windows 10.0.19042)"
        ],
        "x-ms-client-request-id": "b85ea541-692f-cfef-b33c-e233e50db526",
        "x-ms-return-client-request-id": "true",
        "x-ms-version": "2020-06-12"
      },
      "RequestBody": null,
      "StatusCode": 200,
      "ResponseHeaders": {
        "Accept-Ranges": "bytes",
        "Content-Length": "0",
        "Content-Type": "application/octet-stream",
        "Date": "Wed, 17 Feb 2021 22:18:51 GMT",
        "ETag": "\u00220x8D8D39201AEE31A\u0022",
        "Last-Modified": "Wed, 17 Feb 2021 22:18:51 GMT",
        "Server": [
          "Windows-Azure-Blob/1.0",
          "Microsoft-HTTPAPI/2.0"
        ],
        "x-ms-access-tier": "Hot",
        "x-ms-access-tier-inferred": "true",
        "x-ms-blob-type": "BlockBlob",
        "x-ms-client-request-id": "b85ea541-692f-cfef-b33c-e233e50db526",
        "x-ms-creation-time": "Wed, 17 Feb 2021 22:18:51 GMT",
        "x-ms-group": "$superuser",
        "x-ms-lease-state": "available",
        "x-ms-lease-status": "unlocked",
        "x-ms-meta-hdi_isfolder": "true",
        "x-ms-owner": "$superuser",
        "x-ms-permissions": "rwxr-x---",
        "x-ms-request-id": "8c890463-401e-0034-707a-054c97000000",
        "x-ms-server-encrypted": "true",
        "x-ms-version": "2020-06-12"
      },
      "ResponseBody": []
    },
    {
      "RequestUri": "https://seannse.dfs.core.windows.net/test-filesystem-db8785d4-1962-9753-3fdd-2a0aa6997f68/test-directory-3bf9e445-cd14-49d5-d5bf-1b59164d0b04?sv=2020-06-12\u0026se=2021-02-18T22%3A18%3A52Z\u0026sr=b\u0026sp=racwdlmeop\u0026sig=Sanitized\u0026action=getAccessControl",
      "RequestMethod": "HEAD",
      "RequestHeaders": {
        "traceparent": "00-0e21e9d938e3c6488d87281ec53dd5fe-d30f060155ef6543-00",
        "User-Agent": [
          "azsdk-net-Storage.Files.DataLake/12.7.0-alpha.20210217.1",
          "(.NET 5.0.3; Microsoft Windows 10.0.19042)"
        ],
        "x-ms-client-request-id": "1fcc6eb7-352e-59d7-db09-7368d8c1ced3",
        "x-ms-return-client-request-id": "true",
        "x-ms-version": "2020-06-12"
      },
      "RequestBody": null,
      "StatusCode": 200,
      "ResponseHeaders": {
        "Date": "Wed, 17 Feb 2021 22:18:51 GMT",
        "ETag": "\u00220x8D8D39201AEE31A\u0022",
        "Last-Modified": "Wed, 17 Feb 2021 22:18:51 GMT",
        "Server": [
          "Windows-Azure-HDFS/1.0",
          "Microsoft-HTTPAPI/2.0"
        ],
        "x-ms-acl": "user::rwx,group::r-x,other::---",
        "x-ms-client-request-id": "1fcc6eb7-352e-59d7-db09-7368d8c1ced3",
        "x-ms-group": "$superuser",
        "x-ms-owner": "$superuser",
        "x-ms-permissions": "rwxr-x---",
        "x-ms-request-id": "53838412-601f-006e-4f7a-052a70000000",
        "x-ms-version": "2020-06-12"
      },
      "ResponseBody": []
    },
    {
      "RequestUri": "https://seannse.blob.core.windows.net/test-filesystem-db8785d4-1962-9753-3fdd-2a0aa6997f68?restype=container",
      "RequestMethod": "DELETE",
      "RequestHeaders": {
        "Accept": "application/xml",
        "Authorization": "Sanitized",
        "traceparent": "00-00a7da3922e03e43a8967c6c37a4c3d0-54b2f7e83d119947-00",
        "User-Agent": [
          "azsdk-net-Storage.Files.DataLake/12.7.0-alpha.20210217.1",
          "(.NET 5.0.3; Microsoft Windows 10.0.19042)"
        ],
        "x-ms-client-request-id": "777b4115-9641-eaf7-5db3-68466153b18d",
        "x-ms-date": "Wed, 17 Feb 2021 22:18:52 GMT",
        "x-ms-return-client-request-id": "true",
        "x-ms-version": "2020-06-12"
      },
      "RequestBody": null,
      "StatusCode": 202,
      "ResponseHeaders": {
        "Content-Length": "0",
        "Date": "Wed, 17 Feb 2021 22:18:52 GMT",
        "Server": [
          "Windows-Azure-Blob/1.0",
          "Microsoft-HTTPAPI/2.0"
        ],
        "x-ms-client-request-id": "777b4115-9641-eaf7-5db3-68466153b18d",
        "x-ms-request-id": "7f088398-301e-0073-077a-0527cc000000",
        "x-ms-version": "2020-06-12"
      },
      "ResponseBody": []
    }
  ],
  "Variables": {
    "DateTimeOffsetNow": "2021-02-17T16:18:52.1640071-06:00",
    "RandomSeed": "509221726",
    "Storage_TestConfigHierarchicalNamespace": "NamespaceTenant\nseannse\nU2FuaXRpemVk\nhttps://seannse.blob.core.windows.net\nhttps://seannse.file.core.windows.net\nhttps://seannse.queue.core.windows.net\nhttps://seannse.table.core.windows.net\n\n\n\n\nhttps://seannse-secondary.blob.core.windows.net\nhttps://seannse-secondary.file.core.windows.net\nhttps://seannse-secondary.queue.core.windows.net\nhttps://seannse-secondary.table.core.windows.net\n68390a19-a643-458b-b726-408abf67b4fc\nSanitized\n72f988bf-86f1-41af-91ab-2d7cd011db47\nhttps://login.microsoftonline.com/\nCloud\nBlobEndpoint=https://seannse.blob.core.windows.net/;QueueEndpoint=https://seannse.queue.core.windows.net/;FileEndpoint=https://seannse.file.core.windows.net/;BlobSecondaryEndpoint=https://seannse-secondary.blob.core.windows.net/;QueueSecondaryEndpoint=https://seannse-secondary.queue.core.windows.net/;FileSecondaryEndpoint=https://seannse-secondary.file.core.windows.net/;AccountName=seannse;AccountKey=Sanitized\n"
  }
}