{
  "Entries": [
    {
      "RequestUri": "https://amandaadlscanary.blob.core.windows.net/test-filesystem-997941a1-64ee-2250-797f-3cf48dada772?restype=container",
      "RequestMethod": "PUT",
      "RequestHeaders": {
        "Accept": "application/xml",
        "Authorization": "Sanitized",
        "Content-Length": "0",
        "traceparent": "00-44110fa86a79fb6721aa2e11a3caead0-ef7d693aad107100-00",
        "User-Agent": "azsdk-net-Storage.Files.DataLake/12.15.0-alpha.20230626.1 (.NET 6.0.18; Microsoft Windows 10.0.22621)",
        "x-ms-blob-public-access": "container",
        "x-ms-client-request-id": "08d6f89c-4486-bdaa-f990-27e7ab483244",
        "x-ms-date": "Mon, 26 Jun 2023 22:29:45 GMT",
        "x-ms-return-client-request-id": "true",
        "x-ms-version": "2023-01-03"
      },
      "RequestBody": null,
      "StatusCode": 201,
      "ResponseHeaders": {
        "Content-Length": "0",
        "Date": "Mon, 26 Jun 2023 22:29:46 GMT",
        "ETag": "\u00220x8DB7694D8892639\u0022",
        "Last-Modified": "Mon, 26 Jun 2023 22:29:46 GMT",
        "Server": [
          "Windows-Azure-Blob/1.0",
          "Microsoft-HTTPAPI/2.0"
        ],
        "x-ms-client-request-id": "08d6f89c-4486-bdaa-f990-27e7ab483244",
        "x-ms-request-id": "ac8a9f8e-901e-0014-317d-a8be4e000000",
        "x-ms-version": "2023-01-03"
      },
      "ResponseBody": null
    },
    {
      "RequestUri": "https://amandaadlscanary.dfs.core.windows.net/test-filesystem-997941a1-64ee-2250-797f-3cf48dada772/test-file-c07a4c75-d928-1bd4-5469-bea0dae51a2d?resource=file",
      "RequestMethod": "PUT",
      "RequestHeaders": {
        "Accept": "application/json",
        "Authorization": "Sanitized",
        "Content-Length": "0",
        "traceparent": "00-a5e8d959c977bb2378e6486d6fc12cdd-c8fbf7a3196cb44c-00",
        "User-Agent": "azsdk-net-Storage.Files.DataLake/12.15.0-alpha.20230626.1 (.NET 6.0.18; Microsoft Windows 10.0.22621)",
        "x-ms-client-request-id": "bbf4451b-c7d0-c3de-24ba-b31c860ae313",
        "x-ms-date": "Mon, 26 Jun 2023 22:29:45 GMT",
        "x-ms-return-client-request-id": "true",
        "x-ms-version": "2023-01-03"
      },
      "RequestBody": null,
      "StatusCode": 201,
      "ResponseHeaders": {
        "Content-Length": "0",
        "Date": "Mon, 26 Jun 2023 22:29:45 GMT",
        "ETag": "\u00220x8DB7694D8D14A36\u0022",
        "Last-Modified": "Mon, 26 Jun 2023 22:29:46 GMT",
        "Server": [
          "Windows-Azure-HDFS/1.0",
          "Microsoft-HTTPAPI/2.0"
        ],
        "x-ms-client-request-id": "bbf4451b-c7d0-c3de-24ba-b31c860ae313",
        "x-ms-request-id": "5f3053a4-701f-0051-747d-a86bad000000",
        "x-ms-request-server-encrypted": "true",
        "x-ms-version": "2023-01-03"
      },
      "ResponseBody": null
    },
    {
      "RequestUri": "https://amandaadlscanary.dfs.core.windows.net/test-filesystem-997941a1-64ee-2250-797f-3cf48dada772/test-directory-76f0f975-9df0-d66d-60e9-8f2e4f17bb4f?mode=legacy",
      "RequestMethod": "PUT",
      "RequestHeaders": {
        "Accept": "application/json",
        "Authorization": "Sanitized",
        "Content-Length": "0",
        "traceparent": "00-a8f266b52052bfeb817e7dea5813dea4-417cc4ba9383dccf-00",
        "User-Agent": "azsdk-net-Storage.Files.DataLake/12.15.0-alpha.20230626.1 (.NET 6.0.18; Microsoft Windows 10.0.22621)",
        "x-ms-client-request-id": "66477516-ef15-7ea3-d71e-5be737b0730d",
        "x-ms-date": "Mon, 26 Jun 2023 22:29:46 GMT",
        "x-ms-rename-source": "/test-filesystem-997941a1-64ee-2250-797f-3cf48dada772/test-file-c07a4c75-d928-1bd4-5469-bea0dae51a2d",
        "x-ms-return-client-request-id": "true",
        "x-ms-version": "2023-01-03"
      },
      "RequestBody": null,
      "StatusCode": 201,
      "ResponseHeaders": {
        "Content-Length": "0",
        "Date": "Mon, 26 Jun 2023 22:29:46 GMT",
        "ETag": "\u00220x8DB7694D8D14A36\u0022",
        "Last-Modified": "Mon, 26 Jun 2023 22:29:46 GMT",
        "Server": [
          "Windows-Azure-HDFS/1.0",
          "Microsoft-HTTPAPI/2.0"
        ],
        "x-ms-client-request-id": "66477516-ef15-7ea3-d71e-5be737b0730d",
        "x-ms-request-id": "5f3053a5-701f-0051-757d-a86bad000000",
        "x-ms-version": "2023-01-03"
      },
      "ResponseBody": null
    },
    {
      "RequestUri": "https://amandaadlscanary.blob.core.windows.net/test-filesystem-997941a1-64ee-2250-797f-3cf48dada772/test-directory-76f0f975-9df0-d66d-60e9-8f2e4f17bb4f",
      "RequestMethod": "HEAD",
      "RequestHeaders": {
        "Accept": "application/xml",
        "Authorization": "Sanitized",
        "User-Agent": "azsdk-net-Storage.Files.DataLake/12.15.0-alpha.20230626.1 (.NET 6.0.18; Microsoft Windows 10.0.22621)",
        "x-ms-client-request-id": "d91869df-55d0-143a-8706-bcd20275f6a5",
        "x-ms-date": "Mon, 26 Jun 2023 22:29:46 GMT",
        "x-ms-return-client-request-id": "true",
        "x-ms-version": "2023-01-03"
      },
      "RequestBody": null,
      "StatusCode": 200,
      "ResponseHeaders": {
        "Accept-Ranges": "bytes",
        "Content-Length": "0",
        "Content-Type": "application/octet-stream",
        "Date": "Mon, 26 Jun 2023 22:29:47 GMT",
        "ETag": "\u00220x8DB7694D8D14A36\u0022",
        "Last-Modified": "Mon, 26 Jun 2023 22:29:46 GMT",
        "Server": [
          "Windows-Azure-Blob/1.0",
          "Microsoft-HTTPAPI/2.0"
        ],
        "x-ms-access-tier": "Hot",
        "x-ms-access-tier-inferred": "true",
        "x-ms-blob-type": "BlockBlob",
        "x-ms-client-request-id": "d91869df-55d0-143a-8706-bcd20275f6a5",
        "x-ms-creation-time": "Mon, 26 Jun 2023 22:29:46 GMT",
        "x-ms-group": "$superuser",
        "x-ms-lease-state": "available",
        "x-ms-lease-status": "unlocked",
        "x-ms-owner": "$superuser",
        "x-ms-permissions": "rw-r-----",
        "x-ms-request-id": "ac8aa059-901e-0014-6b7d-a8be4e000000",
        "x-ms-resource-type": "file",
        "x-ms-server-encrypted": "true",
        "x-ms-version": "2023-01-03"
      },
      "ResponseBody": null
    },
    {
      "RequestUri": "https://amandaadlscanary.blob.core.windows.net/test-filesystem-997941a1-64ee-2250-797f-3cf48dada772?restype=container",
      "RequestMethod": "DELETE",
      "RequestHeaders": {
        "Accept": "application/xml",
        "Authorization": "Sanitized",
        "traceparent": "00-066b63da70c4ba2452e48f2e19859614-5c38b569890b40a7-00",
        "User-Agent": "azsdk-net-Storage.Files.DataLake/12.15.0-alpha.20230626.1 (.NET 6.0.18; Microsoft Windows 10.0.22621)",
        "x-ms-client-request-id": "ce08ca34-9997-a93d-2904-d47f92501527",
        "x-ms-date": "Mon, 26 Jun 2023 22:29:46 GMT",
        "x-ms-return-client-request-id": "true",
        "x-ms-version": "2023-01-03"
      },
      "RequestBody": null,
      "StatusCode": 202,
      "ResponseHeaders": {
        "Content-Length": "0",
        "Date": "Mon, 26 Jun 2023 22:29:47 GMT",
        "Server": [
          "Windows-Azure-Blob/1.0",
          "Microsoft-HTTPAPI/2.0"
        ],
        "x-ms-client-request-id": "ce08ca34-9997-a93d-2904-d47f92501527",
        "x-ms-request-id": "ac8aa06a-901e-0014-7a7d-a8be4e000000",
        "x-ms-version": "2023-01-03"
      },
      "ResponseBody": null
    }
  ],
  "Variables": {
    "RandomSeed": "61813923",
    "Storage_TestConfigHierarchicalNamespace": "NamespaceTenant\namandaadlscanary\nU2FuaXRpemVk\nhttps://amandaadlscanary.blob.core.windows.net\nhttps://amandaadlscanary.file.core.windows.net\nhttps://amandaadlscanary.queue.core.windows.net\nhttps://amandaadlscanary.table.core.windows.net\n\n\n\n\nhttps://amandaadlscanary-secondary.blob.core.windows.net\nhttps://amandaadlscanary-secondary.file.core.windows.net\nhttps://amandaadlscanary-secondary.queue.core.windows.net\nhttps://amandaadlscanary-secondary.table.core.windows.net\n68390a19-a643-458b-b726-408abf67b4fc\nSanitized\n72f988bf-86f1-41af-91ab-2d7cd011db47\nhttps://login.microsoftonline.com/\nCloud\nBlobEndpoint=https://amandaadlscanary.blob.core.windows.net/;QueueEndpoint=https://amandaadlscanary.queue.core.windows.net/;FileEndpoint=https://amandaadlscanary.file.core.windows.net/;BlobSecondaryEndpoint=https://amandaadlscanary-secondary.blob.core.windows.net/;QueueSecondaryEndpoint=https://amandaadlscanary-secondary.queue.core.windows.net/;FileSecondaryEndpoint=https://amandaadlscanary-secondary.file.core.windows.net/;AccountName=amandaadlscanary;AccountKey=Sanitized\n\n\n"
  }
}
