{
  "Entries": [
    {
      "RequestUri": "http://seanstagetest.file.core.windows.net/test-share-1240c46b-1188-26ea-d445-9dfee4c36634?restype=share",
      "RequestMethod": "PUT",
      "RequestHeaders": {
        "Authorization": "Sanitized",
        "traceparent": "00-1ff4f2797872a942944d2e2ba4a65f58-d0328fbbea009b4e-00",
        "User-Agent": [
          "azsdk-net-Storage.Files.Shares/12.0.0-dev.20191205.1+4f14c4315f17fbbc59c93c6819467b6f15d7008f",
          "(.NET Core 4.6.28008.01; Microsoft Windows 10.0.18363 )"
        ],
        "x-ms-client-request-id": "1d408bb6-dc7e-f23f-a107-f05b7cefe104",
        "x-ms-date": "Fri, 06 Dec 2019 00:25:21 GMT",
        "x-ms-return-client-request-id": "true",
        "x-ms-version": "2019-07-07"
      },
      "RequestBody": null,
      "StatusCode": 201,
      "ResponseHeaders": {
        "Content-Length": "0",
        "Date": "Fri, 06 Dec 2019 00:25:20 GMT",
        "ETag": "\"0x8D779E2C762D44B\"",
        "Last-Modified": "Fri, 06 Dec 2019 00:25:21 GMT",
        "Server": [
          "Windows-Azure-File/1.0",
          "Microsoft-HTTPAPI/2.0"
        ],
        "x-ms-client-request-id": "1d408bb6-dc7e-f23f-a107-f05b7cefe104",
        "x-ms-request-id": "a2d0f40a-501a-0034-0dcb-aba1f3000000",
        "x-ms-version": "2019-07-07"
      },
      "ResponseBody": []
    },
    {
      "RequestUri": "http://seanstagetest.file.core.windows.net/test-share-1240c46b-1188-26ea-d445-9dfee4c36634/test-directory-9eea871f-2a5f-9455-c69c-8efb9f9098c2?restype=directory",
      "RequestMethod": "PUT",
      "RequestHeaders": {
        "Authorization": "Sanitized",
        "traceparent": "00-9786c43e2b35024fb2aa8fdebe92dc77-34cfa902e3f04641-00",
        "User-Agent": [
          "azsdk-net-Storage.Files.Shares/12.0.0-dev.20191205.1+4f14c4315f17fbbc59c93c6819467b6f15d7008f",
          "(.NET Core 4.6.28008.01; Microsoft Windows 10.0.18363 )"
        ],
        "x-ms-client-request-id": "053a6dab-b427-8c39-36ab-56e14d435310",
        "x-ms-date": "Fri, 06 Dec 2019 00:25:21 GMT",
        "x-ms-file-attributes": "None",
        "x-ms-file-creation-time": "Now",
        "x-ms-file-last-write-time": "Now",
        "x-ms-file-permission": "Inherit",
        "x-ms-return-client-request-id": "true",
        "x-ms-version": "2019-07-07"
      },
      "RequestBody": null,
      "StatusCode": 201,
      "ResponseHeaders": {
        "Content-Length": "0",
        "Date": "Fri, 06 Dec 2019 00:25:20 GMT",
        "ETag": "\"0x8D779E2C7706675\"",
        "Last-Modified": "Fri, 06 Dec 2019 00:25:21 GMT",
        "Server": [
          "Windows-Azure-File/1.0",
          "Microsoft-HTTPAPI/2.0"
        ],
        "x-ms-client-request-id": "053a6dab-b427-8c39-36ab-56e14d435310",
        "x-ms-file-attributes": "Directory",
        "x-ms-file-change-time": "2019-12-06T00:25:21.1816565Z",
        "x-ms-file-creation-time": "2019-12-06T00:25:21.1816565Z",
        "x-ms-file-id": "13835128424026341376",
        "x-ms-file-last-write-time": "2019-12-06T00:25:21.1816565Z",
        "x-ms-file-parent-id": "0",
        "x-ms-file-permission-key": "7855875120676328179*422928105932735866",
        "x-ms-request-id": "a2d0f40d-501a-0034-0fcb-aba1f3000000",
        "x-ms-request-server-encrypted": "true",
        "x-ms-version": "2019-07-07"
      },
      "ResponseBody": []
    },
    {
      "RequestUri": "http://seanstagetest.file.core.windows.net/test-share-1240c46b-1188-26ea-d445-9dfee4c36634/test-directory-9eea871f-2a5f-9455-c69c-8efb9f9098c2/test-directory-77692e6e-89a7-d681-d126-c69380ccad23?restype=directory",
      "RequestMethod": "PUT",
      "RequestHeaders": {
        "Authorization": "Sanitized",
        "traceparent": "00-957b88b98a29eb41807acc5232e970f3-3e9f1051a263a344-00",
        "User-Agent": [
          "azsdk-net-Storage.Files.Shares/12.0.0-dev.20191205.1+4f14c4315f17fbbc59c93c6819467b6f15d7008f",
          "(.NET Core 4.6.28008.01; Microsoft Windows 10.0.18363 )"
        ],
        "x-ms-client-request-id": "b81a9978-b039-22ed-ec64-3301eda50c6a",
        "x-ms-date": "Fri, 06 Dec 2019 00:25:21 GMT",
        "x-ms-file-attributes": "None",
        "x-ms-file-creation-time": "Now",
        "x-ms-file-last-write-time": "Now",
        "x-ms-file-permission": "Inherit",
        "x-ms-return-client-request-id": "true",
        "x-ms-version": "2019-07-07"
      },
      "RequestBody": null,
      "StatusCode": 201,
      "ResponseHeaders": {
        "Content-Length": "0",
        "Date": "Fri, 06 Dec 2019 00:25:20 GMT",
        "ETag": "\"0x8D779E2C77D394F\"",
        "Last-Modified": "Fri, 06 Dec 2019 00:25:21 GMT",
        "Server": [
          "Windows-Azure-File/1.0",
          "Microsoft-HTTPAPI/2.0"
        ],
        "x-ms-client-request-id": "b81a9978-b039-22ed-ec64-3301eda50c6a",
        "x-ms-file-attributes": "Directory",
        "x-ms-file-change-time": "2019-12-06T00:25:21.2656975Z",
        "x-ms-file-creation-time": "2019-12-06T00:25:21.2656975Z",
        "x-ms-file-id": "11529285414812647424",
        "x-ms-file-last-write-time": "2019-12-06T00:25:21.2656975Z",
        "x-ms-file-parent-id": "13835128424026341376",
        "x-ms-file-permission-key": "7855875120676328179*422928105932735866",
        "x-ms-request-id": "a2d0f410-501a-0034-12cb-aba1f3000000",
        "x-ms-request-server-encrypted": "true",
        "x-ms-version": "2019-07-07"
      },
      "ResponseBody": []
    },
    {
      "RequestUri": "http://seanstagetest.file.core.windows.net/test-share-1240c46b-1188-26ea-d445-9dfee4c36634/test-directory-9eea871f-2a5f-9455-c69c-8efb9f9098c2/test-directory-77692e6e-89a7-d681-d126-c69380ccad23?restype=directory",
      "RequestMethod": "GET",
      "RequestHeaders": {
        "Authorization": "Sanitized",
        "User-Agent": [
          "azsdk-net-Storage.Files.Shares/12.0.0-dev.20191205.1+4f14c4315f17fbbc59c93c6819467b6f15d7008f",
          "(.NET Core 4.6.28008.01; Microsoft Windows 10.0.18363 )"
        ],
        "x-ms-client-request-id": "e71b33af-f5b1-c4ea-0b2c-45f060995025",
        "x-ms-date": "Fri, 06 Dec 2019 00:25:21 GMT",
        "x-ms-return-client-request-id": "true",
        "x-ms-version": "2019-07-07"
      },
      "RequestBody": null,
      "StatusCode": 200,
      "ResponseHeaders": {
        "Access-Control-Allow-Origin": "*",
        "Content-Length": "0",
        "Date": "Fri, 06 Dec 2019 00:25:21 GMT",
        "ETag": "\"0x8D779E2C77D394F\"",
        "Last-Modified": "Fri, 06 Dec 2019 00:25:21 GMT",
        "Server": [
          "Windows-Azure-File/1.0",
          "Microsoft-HTTPAPI/2.0"
        ],
        "x-ms-client-request-id": "e71b33af-f5b1-c4ea-0b2c-45f060995025",
        "x-ms-file-attributes": "Directory",
        "x-ms-file-change-time": "2019-12-06T00:25:21.2656975Z",
        "x-ms-file-creation-time": "2019-12-06T00:25:21.2656975Z",
        "x-ms-file-id": "11529285414812647424",
        "x-ms-file-last-write-time": "2019-12-06T00:25:21.2656975Z",
        "x-ms-file-parent-id": "13835128424026341376",
        "x-ms-file-permission-key": "7855875120676328179*422928105932735866",
        "x-ms-request-id": "a2d0f412-501a-0034-14cb-aba1f3000000",
        "x-ms-server-encrypted": "true",
        "x-ms-version": "2019-07-07"
      },
      "ResponseBody": []
    },
    {
      "RequestUri": "http://seanstagetest.file.core.windows.net/test-share-1240c46b-1188-26ea-d445-9dfee4c36634?restype=share",
      "RequestMethod": "DELETE",
      "RequestHeaders": {
        "Authorization": "Sanitized",
        "traceparent": "00-7d4b3e595dab6e4ea39e0da9c95fcf1c-274e569a6125784b-00",
        "User-Agent": [
          "azsdk-net-Storage.Files.Shares/12.0.0-dev.20191205.1+4f14c4315f17fbbc59c93c6819467b6f15d7008f",
          "(.NET Core 4.6.28008.01; Microsoft Windows 10.0.18363 )"
        ],
        "x-ms-client-request-id": "ba513580-258a-09b8-49a9-49c7dcca7af9",
        "x-ms-date": "Fri, 06 Dec 2019 00:25:21 GMT",
        "x-ms-delete-snapshots": "include",
        "x-ms-return-client-request-id": "true",
        "x-ms-version": "2019-07-07"
      },
      "RequestBody": null,
      "StatusCode": 202,
      "ResponseHeaders": {
        "Content-Length": "0",
        "Date": "Fri, 06 Dec 2019 00:25:21 GMT",
        "Server": [
          "Windows-Azure-File/1.0",
          "Microsoft-HTTPAPI/2.0"
        ],
        "x-ms-client-request-id": "ba513580-258a-09b8-49a9-49c7dcca7af9",
        "x-ms-request-id": "a2d0f414-501a-0034-16cb-aba1f3000000",
        "x-ms-version": "2019-07-07"
      },
      "ResponseBody": []
    }
  ],
  "Variables": {
    "RandomSeed": "1553994735",
    "Storage_TestConfigDefault": "ProductionTenant\nseanstagetest\nU2FuaXRpemVk\nhttp://seanstagetest.blob.core.windows.net\nhttp://seanstagetest.file.core.windows.net\nhttp://seanstagetest.queue.core.windows.net\nhttp://seanstagetest.table.core.windows.net\n\n\n\n\nhttp://seanstagetest-secondary.blob.core.windows.net\nhttp://seanstagetest-secondary.file.core.windows.net\nhttp://seanstagetest-secondary.queue.core.windows.net\nhttp://seanstagetest-secondary.table.core.windows.net\n\nSanitized\n\n\nCloud\nBlobEndpoint=http://seanstagetest.blob.core.windows.net/;QueueEndpoint=http://seanstagetest.queue.core.windows.net/;FileEndpoint=http://seanstagetest.file.core.windows.net/;BlobSecondaryEndpoint=http://seanstagetest-secondary.blob.core.windows.net/;QueueSecondaryEndpoint=http://seanstagetest-secondary.queue.core.windows.net/;FileSecondaryEndpoint=http://seanstagetest-secondary.file.core.windows.net/;AccountName=seanstagetest;AccountKey=Sanitized\nseanscope1"
  }
}