{
  "Entries": [
    {
      "RequestUri": "https://3x5xscnapby3pev24a.file.preprod.core.windows.net/test-share-fbe2620d-9d8c-89df-6616-75bf23ecc740?restype=share",
      "RequestMethod": "PUT",
      "RequestHeaders": {
        "Accept": "application/xml",
        "Authorization": "Sanitized",
        "traceparent": "00-a92a701a2494190ef1e79210e708dc74-c45c5d20572fd4dc-00",
        "User-Agent": [
          "azsdk-net-Storage.Files.Shares/12.9.0-alpha.20220105.1",
          "(.NET 6.0.1; Microsoft Windows 10.0.19044)"
        ],
        "x-ms-client-request-id": "055a3c63-5eb6-200e-68ad-8f91d6637356",
        "x-ms-date": "Wed, 05 Jan 2022 20:03:50 GMT",
        "x-ms-return-client-request-id": "true",
        "x-ms-version": "2021-06-08"
      },
      "RequestBody": null,
      "StatusCode": 201,
      "ResponseHeaders": {
        "Date": "Wed, 05 Jan 2022 20:03:49 GMT",
        "ETag": "\u00220x8D9D0867DA10C54\u0022",
        "Last-Modified": "Wed, 05 Jan 2022 20:03:50 GMT",
        "Transfer-Encoding": "chunked",
        "x-ms-client-request-id": "055a3c63-5eb6-200e-68ad-8f91d6637356",
        "x-ms-request-id": "e9e589c0-a01a-0003-7c6f-021608000000",
        "x-ms-version": "2021-06-08"
      },
      "ResponseBody": []
    },
    {
      "RequestUri": "https://3x5xscnapby3pev24a.file.preprod.core.windows.net/test-share-fbe2620d-9d8c-89df-6616-75bf23ecc740/test-directory-96502c41-6643-8bfe-073f-dfcb95fb709e?restype=directory",
      "RequestMethod": "PUT",
      "RequestHeaders": {
        "Accept": "application/xml",
        "Authorization": "Sanitized",
        "traceparent": "00-aa883a612d836d105f86f8936af25745-51afc0538eaaab8b-00",
        "User-Agent": [
          "azsdk-net-Storage.Files.Shares/12.9.0-alpha.20220105.1",
          "(.NET 6.0.1; Microsoft Windows 10.0.19044)"
        ],
        "x-ms-client-request-id": "eca2b14d-fd77-fc98-3ecf-fe767e428b6d",
        "x-ms-date": "Wed, 05 Jan 2022 20:03:51 GMT",
        "x-ms-file-attributes": "None",
        "x-ms-file-change-time": "2019-08-15T05:15:25.0600000Z",
        "x-ms-file-creation-time": "Now",
        "x-ms-file-last-write-time": "Now",
        "x-ms-file-permission": "Inherit",
        "x-ms-return-client-request-id": "true",
        "x-ms-version": "2021-06-08"
      },
      "RequestBody": null,
      "StatusCode": 201,
      "ResponseHeaders": {
        "Date": "Wed, 05 Jan 2022 20:03:49 GMT",
        "ETag": "\u00220x8D9D0867DBA413E\u0022",
        "Last-Modified": "Wed, 05 Jan 2022 20:03:50 GMT",
        "Transfer-Encoding": "chunked",
        "x-ms-client-request-id": "eca2b14d-fd77-fc98-3ecf-fe767e428b6d",
        "x-ms-file-attributes": "Directory",
        "x-ms-file-change-time": "2019-08-15T05:15:25.0600000Z",
        "x-ms-file-creation-time": "2022-01-05T20:03:50.3189310Z",
        "x-ms-file-id": "13835128424026341376",
        "x-ms-file-last-write-time": "2022-01-05T20:03:50.3189310Z",
        "x-ms-file-parent-id": "0",
        "x-ms-file-permission-key": "12799024878497514044*4413432848340395133",
        "x-ms-request-id": "e9e589c4-a01a-0003-7d6f-021608000000",
        "x-ms-request-server-encrypted": "true",
        "x-ms-version": "2021-06-08"
      },
      "ResponseBody": []
    },
    {
      "RequestUri": "https://3x5xscnapby3pev24a.file.preprod.core.windows.net/test-share-fbe2620d-9d8c-89df-6616-75bf23ecc740?restype=share",
      "RequestMethod": "DELETE",
      "RequestHeaders": {
        "Accept": "application/xml",
        "Authorization": "Sanitized",
        "traceparent": "00-1aca7c4eeb1bdcff319f3137c98ef4a3-5cbed1262af9a700-00",
        "User-Agent": [
          "azsdk-net-Storage.Files.Shares/12.9.0-alpha.20220105.1",
          "(.NET 6.0.1; Microsoft Windows 10.0.19044)"
        ],
        "x-ms-client-request-id": "e47e2673-8458-8427-005f-a7c2c314aab4",
        "x-ms-date": "Wed, 05 Jan 2022 20:03:51 GMT",
        "x-ms-delete-snapshots": "include",
        "x-ms-return-client-request-id": "true",
        "x-ms-version": "2021-06-08"
      },
      "RequestBody": null,
      "StatusCode": 202,
      "ResponseHeaders": {
        "Date": "Wed, 05 Jan 2022 20:03:49 GMT",
        "Transfer-Encoding": "chunked",
        "x-ms-client-request-id": "e47e2673-8458-8427-005f-a7c2c314aab4",
        "x-ms-request-id": "e9e589c6-a01a-0003-7e6f-021608000000",
        "x-ms-version": "2021-06-08"
      },
      "ResponseBody": []
    }
  ],
  "Variables": {
    "RandomSeed": "748330555",
    "Storage_TestConfigDefault": "ProductionTenant\n3x5xscnapby3pev24a\nU2FuaXRpemVk\nhttps://3x5xscnapby3pev24a.blob.core.windows.net\nhttps://3x5xscnapby3pev24a.file.preprod.core.windows.net\nhttps://3x5xscnapby3pev24a.queue.core.windows.net\nhttps://3x5xscnapby3pev24a.table.core.windows.net\n\n\n\n\nhttps://3x5xscnapby3pev24a-secondary.blob.core.windows.net\nhttps://3x5xscnapby3pev24a-secondary.file.core.windows.net\nhttps://3x5xscnapby3pev24a-secondary.queue.core.windows.net\nhttps://3x5xscnapby3pev24a-secondary.table.core.windows.net\n\nSanitized\n\n\nCloud\nBlobEndpoint=https://3x5xscnapby3pev24a.blob.core.windows.net/;QueueEndpoint=https://3x5xscnapby3pev24a.queue.core.windows.net/;FileEndpoint=https://3x5xscnapby3pev24a.file.preprod.core.windows.net/;BlobSecondaryEndpoint=https://3x5xscnapby3pev24a-secondary.blob.core.windows.net/;QueueSecondaryEndpoint=https://3x5xscnapby3pev24a-secondary.queue.core.windows.net/;FileSecondaryEndpoint=https://3x5xscnapby3pev24a-secondary.file.core.windows.net/;AccountName=3x5xscnapby3pev24a;AccountKey=Kg==;\nseanscope1\n\n"
  }
}