{
  "Entries": [
    {
      "RequestUri": "http://seanstagetest.file.core.windows.net/test-share-6625c414-3fee-1d58-19b6-b2604c163d24?restype=share",
      "RequestMethod": "PUT",
      "RequestHeaders": {
        "Authorization": "Sanitized",
        "traceparent": "00-3f66e8450538f849960a3c3b969cc7b7-f1a1aebb0e0df441-00",
        "User-Agent": [
          "azsdk-net-Storage.Files.Shares/12.0.0-dev.20191204.1\u002B5028d723e0cdeb10a227db4dee6ed6afa7cb4fa8",
          "(.NET Core 4.6.28008.01; Microsoft Windows 10.0.18363 )"
        ],
        "x-ms-client-request-id": "c05c295d-6cb7-28b4-6823-546d2a9d33af",
        "x-ms-date": "Thu, 05 Dec 2019 04:09:51 GMT",
        "x-ms-return-client-request-id": "true",
        "x-ms-share-quota": "1",
        "x-ms-version": "2019-07-07"
      },
      "RequestBody": null,
      "StatusCode": 201,
      "ResponseHeaders": {
        "Content-Length": "0",
        "Date": "Thu, 05 Dec 2019 04:09:50 GMT",
        "ETag": "\u00220x8D77938F9F1531D\u0022",
        "Last-Modified": "Thu, 05 Dec 2019 04:09:51 GMT",
        "Server": [
          "Windows-Azure-File/1.0",
          "Microsoft-HTTPAPI/2.0"
        ],
        "x-ms-client-request-id": "c05c295d-6cb7-28b4-6823-546d2a9d33af",
        "x-ms-request-id": "0119f54b-f01a-0002-2521-ab2c83000000",
        "x-ms-version": "2019-07-07"
      },
      "ResponseBody": []
    },
    {
      "RequestUri": "http://seanstagetest.file.core.windows.net/test-share-6625c414-3fee-1d58-19b6-b2604c163d24/test-directory-f1b74bc4-14db-1530-07b4-b95a6cb8dccb?restype=directory",
      "RequestMethod": "PUT",
      "RequestHeaders": {
        "Authorization": "Sanitized",
        "traceparent": "00-a1619add31da9e4d8d92a3670a75bb24-05acbdcb6ac27f44-00",
        "User-Agent": [
          "azsdk-net-Storage.Files.Shares/12.0.0-dev.20191204.1\u002B5028d723e0cdeb10a227db4dee6ed6afa7cb4fa8",
          "(.NET Core 4.6.28008.01; Microsoft Windows 10.0.18363 )"
        ],
        "x-ms-client-request-id": "f5db235f-4c96-49c9-f847-b802b359bcaf",
        "x-ms-date": "Thu, 05 Dec 2019 04:09:51 GMT",
        "x-ms-file-attributes": "None",
        "x-ms-file-creation-time": "Now",
        "x-ms-file-last-write-time": "Now",
        "x-ms-file-permission": "Inherit",
        "x-ms-return-client-request-id": "true",
        "x-ms-version": "2019-07-07"
      },
      "RequestBody": null,
      "StatusCode": 201,
      "ResponseHeaders": {
        "Content-Length": "0",
        "Date": "Thu, 05 Dec 2019 04:09:51 GMT",
        "ETag": "\u00220x8D77938FA00818B\u0022",
        "Last-Modified": "Thu, 05 Dec 2019 04:09:51 GMT",
        "Server": [
          "Windows-Azure-File/1.0",
          "Microsoft-HTTPAPI/2.0"
        ],
        "x-ms-client-request-id": "f5db235f-4c96-49c9-f847-b802b359bcaf",
        "x-ms-file-attributes": "Directory",
        "x-ms-file-change-time": "2019-12-05T04:09:51.5681163Z",
        "x-ms-file-creation-time": "2019-12-05T04:09:51.5681163Z",
        "x-ms-file-id": "13835128424026341376",
        "x-ms-file-last-write-time": "2019-12-05T04:09:51.5681163Z",
        "x-ms-file-parent-id": "0",
        "x-ms-file-permission-key": "7855875120676328179*422928105932735866",
        "x-ms-request-id": "0119f54f-f01a-0002-2721-ab2c83000000",
        "x-ms-request-server-encrypted": "true",
        "x-ms-version": "2019-07-07"
      },
      "ResponseBody": []
    },
    {
      "RequestUri": "http://seanstagetest.file.core.windows.net/test-share-6625c414-3fee-1d58-19b6-b2604c163d24?restype=share",
      "RequestMethod": "DELETE",
      "RequestHeaders": {
        "Authorization": "Sanitized",
        "traceparent": "00-e97630acf3d056428506e2cce533be95-e66ec414ba4f4644-00",
        "User-Agent": [
          "azsdk-net-Storage.Files.Shares/12.0.0-dev.20191204.1\u002B5028d723e0cdeb10a227db4dee6ed6afa7cb4fa8",
          "(.NET Core 4.6.28008.01; Microsoft Windows 10.0.18363 )"
        ],
        "x-ms-client-request-id": "48fba96e-e6dd-2c35-44b8-2a73c36ad88e",
        "x-ms-date": "Thu, 05 Dec 2019 04:09:51 GMT",
        "x-ms-delete-snapshots": "include",
        "x-ms-return-client-request-id": "true",
        "x-ms-version": "2019-07-07"
      },
      "RequestBody": null,
      "StatusCode": 202,
      "ResponseHeaders": {
        "Content-Length": "0",
        "Date": "Thu, 05 Dec 2019 04:09:51 GMT",
        "Server": [
          "Windows-Azure-File/1.0",
          "Microsoft-HTTPAPI/2.0"
        ],
        "x-ms-client-request-id": "48fba96e-e6dd-2c35-44b8-2a73c36ad88e",
        "x-ms-request-id": "0119f553-f01a-0002-2a21-ab2c83000000",
        "x-ms-version": "2019-07-07"
      },
      "ResponseBody": []
    }
  ],
  "Variables": {
    "RandomSeed": "633482132",
    "Storage_TestConfigDefault": "ProductionTenant\nseanstagetest\nU2FuaXRpemVk\nhttp://seanstagetest.blob.core.windows.net\nhttp://seanstagetest.file.core.windows.net\nhttp://seanstagetest.queue.core.windows.net\nhttp://seanstagetest.table.core.windows.net\n\n\n\n\nhttp://seanstagetest-secondary.blob.core.windows.net\nhttp://seanstagetest-secondary.file.core.windows.net\nhttp://seanstagetest-secondary.queue.core.windows.net\nhttp://seanstagetest-secondary.table.core.windows.net\n\nSanitized\n\n\nCloud\nBlobEndpoint=http://seanstagetest.blob.core.windows.net/;QueueEndpoint=http://seanstagetest.queue.core.windows.net/;FileEndpoint=http://seanstagetest.file.core.windows.net/;BlobSecondaryEndpoint=http://seanstagetest-secondary.blob.core.windows.net/;QueueSecondaryEndpoint=http://seanstagetest-secondary.queue.core.windows.net/;FileSecondaryEndpoint=http://seanstagetest-secondary.file.core.windows.net/;AccountName=seanstagetest;AccountKey=Sanitized"
  }
}