{
  "Entries": [
    {
      "RequestUri": "http://seanstagetest.file.core.windows.net/test-share-4f5e2bb3-0f4c-59d4-fa8d-12f6dda19ed4?restype=share",
      "RequestMethod": "PUT",
      "RequestHeaders": {
        "Authorization": "Sanitized",
        "traceparent": "00-902b66fb8eeecb40a6a0216c44d29098-ed382f4f7fb53840-00",
        "User-Agent": [
          "azsdk-net-Storage.Files.Shares/12.0.0-dev.20191209.1\u002Bb71b1fa965b15eccfc57e2c7781b8bf85cd4c766",
          "(.NET Core 4.6.28008.01; Microsoft Windows 10.0.18363 )"
        ],
        "x-ms-client-request-id": "7ab4d14f-199d-4467-e35c-107e69d83809",
        "x-ms-date": "Tue, 10 Dec 2019 05:30:34 GMT",
        "x-ms-return-client-request-id": "true",
        "x-ms-version": "2019-07-07"
      },
      "RequestBody": null,
      "StatusCode": 201,
      "ResponseHeaders": {
        "Content-Length": "0",
        "Date": "Tue, 10 Dec 2019 05:30:34 GMT",
        "ETag": "\u00220x8D77D3214981B45\u0022",
        "Last-Modified": "Tue, 10 Dec 2019 05:30:34 GMT",
        "Server": [
          "Windows-Azure-File/1.0",
          "Microsoft-HTTPAPI/2.0"
        ],
        "x-ms-client-request-id": "7ab4d14f-199d-4467-e35c-107e69d83809",
        "x-ms-request-id": "3e8da97b-201a-003e-231a-af0544000000",
        "x-ms-version": "2019-07-07"
      },
      "ResponseBody": []
    },
    {
      "RequestUri": "http://seanstagetest.file.core.windows.net/test-share-4f5e2bb3-0f4c-59d4-fa8d-12f6dda19ed4?restype=share\u0026comp=filepermission",
      "RequestMethod": "PUT",
      "RequestHeaders": {
        "Authorization": "Sanitized",
        "Content-Length": "206",
        "Content-Type": "application/json",
        "traceparent": "00-12f305f255a114459262b314c677cccc-ba2d7bdd33395542-00",
        "User-Agent": [
          "azsdk-net-Storage.Files.Shares/12.0.0-dev.20191209.1\u002Bb71b1fa965b15eccfc57e2c7781b8bf85cd4c766",
          "(.NET Core 4.6.28008.01; Microsoft Windows 10.0.18363 )"
        ],
        "x-ms-client-request-id": "0ba61818-24ec-fc37-245b-84a56a1d72f4",
        "x-ms-date": "Tue, 10 Dec 2019 05:30:34 GMT",
        "x-ms-return-client-request-id": "true",
        "x-ms-version": "2019-07-07"
      },
      "RequestBody": {
        "permission": "O:S-1-5-21-2127521184-1604012920-1887927527-21560751G:S-1-5-21-2127521184-1604012920-1887927527-513D:AI(A;;FA;;;SY)(A;;FA;;;BA)(A;;0x1200a9;;;S-1-5-21-397955417-626881126-188441444-3053964)"
      },
      "StatusCode": 201,
      "ResponseHeaders": {
        "Date": "Tue, 10 Dec 2019 05:30:34 GMT",
        "Server": [
          "Windows-Azure-File/1.0",
          "Microsoft-HTTPAPI/2.0"
        ],
        "Transfer-Encoding": "chunked",
        "x-ms-client-request-id": "0ba61818-24ec-fc37-245b-84a56a1d72f4",
        "x-ms-file-permission-key": "11680444563946999947*422928105932735866",
        "x-ms-request-id": "3e8da97d-201a-003e-241a-af0544000000",
        "x-ms-version": "2019-07-07"
      },
      "ResponseBody": []
    },
    {
      "RequestUri": "http://seanstagetest.file.core.windows.net/test-share-4f5e2bb3-0f4c-59d4-fa8d-12f6dda19ed4/test-directory-92c0b98e-1052-1698-767c-ea1a97e2f82d?restype=directory",
      "RequestMethod": "PUT",
      "RequestHeaders": {
        "Authorization": "Sanitized",
        "traceparent": "00-2f475a145f4f2744aaa2ff6ccf87cfe9-fc9da505a1bbde4e-00",
        "User-Agent": [
          "azsdk-net-Storage.Files.Shares/12.0.0-dev.20191209.1\u002Bb71b1fa965b15eccfc57e2c7781b8bf85cd4c766",
          "(.NET Core 4.6.28008.01; Microsoft Windows 10.0.18363 )"
        ],
        "x-ms-client-request-id": "91f58d0f-b1f5-08f9-808f-9470391c6542",
        "x-ms-date": "Tue, 10 Dec 2019 05:30:34 GMT",
        "x-ms-file-attributes": "ReadOnly|Directory",
        "x-ms-file-creation-time": "2019-08-15T05:15:25.0600000Z",
        "x-ms-file-last-write-time": "2019-08-26T05:15:25.0600000Z",
        "x-ms-file-permission-key": "11680444563946999947*422928105932735866",
        "x-ms-return-client-request-id": "true",
        "x-ms-version": "2019-07-07"
      },
      "RequestBody": null,
      "StatusCode": 201,
      "ResponseHeaders": {
        "Content-Length": "0",
        "Date": "Tue, 10 Dec 2019 05:30:34 GMT",
        "ETag": "\u00220x8D7213F9447BC40\u0022",
        "Last-Modified": "Thu, 15 Aug 2019 05:15:25 GMT",
        "Server": [
          "Windows-Azure-File/1.0",
          "Microsoft-HTTPAPI/2.0"
        ],
        "x-ms-client-request-id": "91f58d0f-b1f5-08f9-808f-9470391c6542",
        "x-ms-file-attributes": "ReadOnly | Directory",
        "x-ms-file-change-time": "2019-08-15T05:15:25.0600000Z",
        "x-ms-file-creation-time": "2019-08-15T05:15:25.0600000Z",
        "x-ms-file-id": "13835128424026341376",
        "x-ms-file-last-write-time": "2019-08-26T05:15:25.0600000Z",
        "x-ms-file-parent-id": "0",
        "x-ms-file-permission-key": "16713728419002454479*422928105932735866",
        "x-ms-request-id": "3e8da97f-201a-003e-251a-af0544000000",
        "x-ms-request-server-encrypted": "true",
        "x-ms-version": "2019-07-07"
      },
      "ResponseBody": []
    },
    {
      "RequestUri": "http://seanstagetest.file.core.windows.net/test-share-4f5e2bb3-0f4c-59d4-fa8d-12f6dda19ed4?restype=share",
      "RequestMethod": "DELETE",
      "RequestHeaders": {
        "Authorization": "Sanitized",
        "traceparent": "00-d90b7df58d084b4bb7244bc961acfffb-7722edbbbad98e4c-00",
        "User-Agent": [
          "azsdk-net-Storage.Files.Shares/12.0.0-dev.20191209.1\u002Bb71b1fa965b15eccfc57e2c7781b8bf85cd4c766",
          "(.NET Core 4.6.28008.01; Microsoft Windows 10.0.18363 )"
        ],
        "x-ms-client-request-id": "090b78ae-67ec-6737-ca5c-cfa298ad002f",
        "x-ms-date": "Tue, 10 Dec 2019 05:30:34 GMT",
        "x-ms-delete-snapshots": "include",
        "x-ms-return-client-request-id": "true",
        "x-ms-version": "2019-07-07"
      },
      "RequestBody": null,
      "StatusCode": 202,
      "ResponseHeaders": {
        "Content-Length": "0",
        "Date": "Tue, 10 Dec 2019 05:30:34 GMT",
        "Server": [
          "Windows-Azure-File/1.0",
          "Microsoft-HTTPAPI/2.0"
        ],
        "x-ms-client-request-id": "090b78ae-67ec-6737-ca5c-cfa298ad002f",
        "x-ms-request-id": "3e8da980-201a-003e-261a-af0544000000",
        "x-ms-version": "2019-07-07"
      },
      "ResponseBody": []
    }
  ],
  "Variables": {
    "RandomSeed": "189994733",
    "Storage_TestConfigDefault": "ProductionTenant\nseanstagetest\nU2FuaXRpemVk\nhttp://seanstagetest.blob.core.windows.net\nhttp://seanstagetest.file.core.windows.net\nhttp://seanstagetest.queue.core.windows.net\nhttp://seanstagetest.table.core.windows.net\n\n\n\n\nhttp://seanstagetest-secondary.blob.core.windows.net\nhttp://seanstagetest-secondary.file.core.windows.net\nhttp://seanstagetest-secondary.queue.core.windows.net\nhttp://seanstagetest-secondary.table.core.windows.net\n\nSanitized\n\n\nCloud\nBlobEndpoint=http://seanstagetest.blob.core.windows.net/;QueueEndpoint=http://seanstagetest.queue.core.windows.net/;FileEndpoint=http://seanstagetest.file.core.windows.net/;BlobSecondaryEndpoint=http://seanstagetest-secondary.blob.core.windows.net/;QueueSecondaryEndpoint=http://seanstagetest-secondary.queue.core.windows.net/;FileSecondaryEndpoint=http://seanstagetest-secondary.file.core.windows.net/;AccountName=seanstagetest;AccountKey=Sanitized"
  }
}