{
  "Entries": [
    {
      "RequestUri": "http://amandacanary.file.core.windows.net/test-share-2e083557-e7d0-dfa0-626f-6d05e714b23b?restype=share",
      "RequestMethod": "PUT",
      "RequestHeaders": {
        "Authorization": "Sanitized",
        "traceparent": "00-9a334cd144b935448dbeea3b0926aeb9-53ccbb7ee2bcff40-00",
        "User-Agent": [
          "azsdk-net-Storage.Files.Shares/12.3.0-dev.20200424.1",
          "(.NET Core 4.6.28619.01; Microsoft Windows 10.0.18363 )"
        ],
        "x-ms-client-request-id": "eaadba9a-1523-1fae-0484-0b3933ec7170",
        "x-ms-date": "Sat, 25 Apr 2020 01:17:44 GMT",
        "x-ms-return-client-request-id": "true",
        "x-ms-version": "2019-12-12"
      },
      "RequestBody": null,
      "StatusCode": 201,
      "ResponseHeaders": {
        "Content-Length": "0",
        "Date": "Sat, 25 Apr 2020 01:17:43 GMT",
        "ETag": "\u00220x8D7E8B67514DDAA\u0022",
        "Last-Modified": "Sat, 25 Apr 2020 01:17:44 GMT",
        "Server": [
          "Windows-Azure-File/1.0",
          "Microsoft-HTTPAPI/2.0"
        ],
        "x-ms-client-request-id": "eaadba9a-1523-1fae-0484-0b3933ec7170",
        "x-ms-request-id": "8411db4a-001a-007c-779f-1a0b56000000",
        "x-ms-version": "2019-12-12"
      },
      "ResponseBody": []
    },
    {
      "RequestUri": "http://amandacanary.file.core.windows.net/test-share-2e083557-e7d0-dfa0-626f-6d05e714b23b/test-directory-3b236ae3-f9f5-8014-eef0-8c6ea686e211?restype=directory",
      "RequestMethod": "PUT",
      "RequestHeaders": {
        "Authorization": "Sanitized",
        "traceparent": "00-efa4ffff4c0ec44a9d11e988e047a8b7-87808c7854cf7e4d-00",
        "User-Agent": [
          "azsdk-net-Storage.Files.Shares/12.3.0-dev.20200424.1",
          "(.NET Core 4.6.28619.01; Microsoft Windows 10.0.18363 )"
        ],
        "x-ms-client-request-id": "9235d0f0-182c-a0c7-a52c-fc33883f797d",
        "x-ms-date": "Sat, 25 Apr 2020 01:17:44 GMT",
        "x-ms-file-attributes": "None",
        "x-ms-file-creation-time": "Now",
        "x-ms-file-last-write-time": "Now",
        "x-ms-file-permission": "Inherit",
        "x-ms-return-client-request-id": "true",
        "x-ms-version": "2019-12-12"
      },
      "RequestBody": null,
      "StatusCode": 201,
      "ResponseHeaders": {
        "Content-Length": "0",
        "Date": "Sat, 25 Apr 2020 01:17:43 GMT",
        "ETag": "\u00220x8D7E8B6752143C7\u0022",
        "Last-Modified": "Sat, 25 Apr 2020 01:17:44 GMT",
        "Server": [
          "Windows-Azure-File/1.0",
          "Microsoft-HTTPAPI/2.0"
        ],
        "x-ms-client-request-id": "9235d0f0-182c-a0c7-a52c-fc33883f797d",
        "x-ms-file-attributes": "Directory",
        "x-ms-file-change-time": "2020-04-25T01:17:44.3020743Z",
        "x-ms-file-creation-time": "2020-04-25T01:17:44.3020743Z",
        "x-ms-file-id": "13835128424026341376",
        "x-ms-file-last-write-time": "2020-04-25T01:17:44.3020743Z",
        "x-ms-file-parent-id": "0",
        "x-ms-file-permission-key": "15599277547783403350*12727421398096584927",
        "x-ms-request-id": "8411db4c-001a-007c-789f-1a0b56000000",
        "x-ms-request-server-encrypted": "true",
        "x-ms-version": "2019-12-12"
      },
      "ResponseBody": []
    },
    {
      "RequestUri": "http://amandacanary.file.core.windows.net/test-share-2e083557-e7d0-dfa0-626f-6d05e714b23b/test-directory-3b236ae3-f9f5-8014-eef0-8c6ea686e211?restype=directory",
      "RequestMethod": "PUT",
      "RequestHeaders": {
        "Authorization": "Sanitized",
        "traceparent": "00-c207fd3e4b7c344b845a0c03aedf431a-1cf508e3a6562543-00",
        "User-Agent": [
          "azsdk-net-Storage.Files.Shares/12.3.0-dev.20200424.1",
          "(.NET Core 4.6.28619.01; Microsoft Windows 10.0.18363 )"
        ],
        "x-ms-client-request-id": "d57ed80b-4f50-03e5-eaca-883acce522f5",
        "x-ms-date": "Sat, 25 Apr 2020 01:17:44 GMT",
        "x-ms-file-attributes": "None",
        "x-ms-file-creation-time": "Now",
        "x-ms-file-last-write-time": "Now",
        "x-ms-file-permission": "Inherit",
        "x-ms-return-client-request-id": "true",
        "x-ms-version": "2019-12-12"
      },
      "RequestBody": null,
      "StatusCode": 409,
      "ResponseHeaders": {
        "Content-Length": "228",
        "Content-Type": "application/xml",
        "Date": "Sat, 25 Apr 2020 01:17:43 GMT",
        "Server": [
          "Windows-Azure-File/1.0",
          "Microsoft-HTTPAPI/2.0"
        ],
        "x-ms-client-request-id": "d57ed80b-4f50-03e5-eaca-883acce522f5",
        "x-ms-error-code": "ResourceAlreadyExists",
        "x-ms-request-id": "8411db4d-001a-007c-799f-1a0b56000000",
        "x-ms-version": "2019-12-12"
      },
      "ResponseBody": [
        "\uFEFF\u003C?xml version=\u00221.0\u0022 encoding=\u0022utf-8\u0022?\u003E\u003CError\u003E\u003CCode\u003EResourceAlreadyExists\u003C/Code\u003E\u003CMessage\u003EThe specified resource already exists.\n",
        "RequestId:8411db4d-001a-007c-799f-1a0b56000000\n",
        "Time:2020-04-25T01:17:44.3737356Z\u003C/Message\u003E\u003C/Error\u003E"
      ]
    },
    {
      "RequestUri": "http://amandacanary.file.core.windows.net/test-share-2e083557-e7d0-dfa0-626f-6d05e714b23b?restype=share",
      "RequestMethod": "DELETE",
      "RequestHeaders": {
        "Authorization": "Sanitized",
        "traceparent": "00-5b03c40bdc26ed42bcce2ce8ea1e29da-7dcf13e22f6e9c43-00",
        "User-Agent": [
          "azsdk-net-Storage.Files.Shares/12.3.0-dev.20200424.1",
          "(.NET Core 4.6.28619.01; Microsoft Windows 10.0.18363 )"
        ],
        "x-ms-client-request-id": "b0271b77-a3c0-532c-141a-97b7bbce4e6d",
        "x-ms-date": "Sat, 25 Apr 2020 01:17:44 GMT",
        "x-ms-delete-snapshots": "include",
        "x-ms-return-client-request-id": "true",
        "x-ms-version": "2019-12-12"
      },
      "RequestBody": null,
      "StatusCode": 202,
      "ResponseHeaders": {
        "Content-Length": "0",
        "Date": "Sat, 25 Apr 2020 01:17:43 GMT",
        "Server": [
          "Windows-Azure-File/1.0",
          "Microsoft-HTTPAPI/2.0"
        ],
        "x-ms-client-request-id": "b0271b77-a3c0-532c-141a-97b7bbce4e6d",
        "x-ms-request-id": "8411db4e-001a-007c-7a9f-1a0b56000000",
        "x-ms-version": "2019-12-12"
      },
      "ResponseBody": []
    }
  ],
  "Variables": {
    "RandomSeed": "1786636505",
    "Storage_TestConfigDefault": "ProductionTenant\namandacanary\nU2FuaXRpemVk\nhttp://amandacanary.blob.core.windows.net\nhttp://amandacanary.file.core.windows.net\nhttp://amandacanary.queue.core.windows.net\nhttp://amandacanary.table.core.windows.net\n\n\n\n\nhttp://amandacanary-secondary.blob.core.windows.net\nhttp://amandacanary-secondary.file.core.windows.net\nhttp://amandacanary-secondary.queue.core.windows.net\nhttp://amandacanary-secondary.table.core.windows.net\n\nSanitized\n\n\nCloud\nBlobEndpoint=http://amandacanary.blob.core.windows.net/;QueueEndpoint=http://amandacanary.queue.core.windows.net/;FileEndpoint=http://amandacanary.file.core.windows.net/;BlobSecondaryEndpoint=http://amandacanary-secondary.blob.core.windows.net/;QueueSecondaryEndpoint=http://amandacanary-secondary.queue.core.windows.net/;FileSecondaryEndpoint=http://amandacanary-secondary.file.core.windows.net/;AccountName=amandacanary;AccountKey=Sanitized\n\nDefaultEndpointsProtocol=https;AccountName=ortestsaccountcbn1;AccountKey=OrRfzSm3ktQSklAGiL90/QusS7SdS6Y5S/AJoxZEeyKYDtnue7OKYIMLOraTnT4xcOyhYbqzWVmtTKappcc5Fg==;EndpointSuffix=core.windows.net\nDefaultEndpointsProtocol=https;AccountName=vbalaorcentral1;AccountKey=vlHMz/LZ3Sx7r/1bdTQT26pG0tqORQ4uTIcxGhHB0LQhIhqGxfv2TXV7u\u002BI2ra4UWXrWGGHG2N6l\u002BBfb5FgAcQ==;EndpointSuffix=core.windows.net"
  }
}