{
  "Entries": [
    {
      "RequestUri": "https://seanmcccanary3.file.core.windows.net/test-share-d390f12c-82fb-23fe-02bc-c796038032df?restype=share",
      "RequestMethod": "PUT",
      "RequestHeaders": {
        "Accept": "application/xml",
        "Authorization": "Sanitized",
        "traceparent": "00-0c05e6e7b962ca4a9fbe34e10935df08-f5621c11c5c8f445-00",
        "User-Agent": [
          "azsdk-net-Storage.Files.Shares/12.7.0-alpha.20210121.1",
          "(.NET 5.0.2; Microsoft Windows 10.0.19042)"
        ],
        "x-ms-client-request-id": "dcb61a39-77a1-c88d-df45-ea30e290a143",
        "x-ms-date": "Thu, 21 Jan 2021 20:37:00 GMT",
        "x-ms-return-client-request-id": "true",
        "x-ms-version": "2020-04-08"
      },
      "RequestBody": null,
      "StatusCode": 201,
      "ResponseHeaders": {
        "Content-Length": "0",
        "Date": "Thu, 21 Jan 2021 20:36:59 GMT",
        "ETag": "\u00220x8D8BE4C4DEA45F6\u0022",
        "Last-Modified": "Thu, 21 Jan 2021 20:37:00 GMT",
        "Server": [
          "Windows-Azure-File/1.0",
          "Microsoft-HTTPAPI/2.0"
        ],
        "x-ms-client-request-id": "dcb61a39-77a1-c88d-df45-ea30e290a143",
        "x-ms-request-id": "fe85f3f5-f01a-001f-1335-f069c6000000",
        "x-ms-version": "2020-04-08"
      },
      "ResponseBody": []
    },
    {
      "RequestUri": "https://seanmcccanary3.file.core.windows.net/test-share-d390f12c-82fb-23fe-02bc-c796038032df/test-directory-a2ec5f69-d064-0755-90a9-7c631a5e9307?restype=directory",
      "RequestMethod": "PUT",
      "RequestHeaders": {
        "Accept": "application/xml",
        "Authorization": "Sanitized",
        "traceparent": "00-4eeba9ad995a5949a91140e1a85858ea-e773c722a545e546-00",
        "User-Agent": [
          "azsdk-net-Storage.Files.Shares/12.7.0-alpha.20210121.1",
          "(.NET 5.0.2; Microsoft Windows 10.0.19042)"
        ],
        "x-ms-client-request-id": "303625f6-410f-6845-c4ae-4cf8fb29ae80",
        "x-ms-date": "Thu, 21 Jan 2021 20:37:01 GMT",
        "x-ms-file-attributes": "None",
        "x-ms-file-creation-time": "Now",
        "x-ms-file-last-write-time": "Now",
        "x-ms-file-permission": "Inherit",
        "x-ms-return-client-request-id": "true",
        "x-ms-version": "2020-04-08"
      },
      "RequestBody": null,
      "StatusCode": 201,
      "ResponseHeaders": {
        "Content-Length": "0",
        "Date": "Thu, 21 Jan 2021 20:36:59 GMT",
        "ETag": "\u00220x8D8BE4C4DF4B2E9\u0022",
        "Last-Modified": "Thu, 21 Jan 2021 20:37:00 GMT",
        "Server": [
          "Windows-Azure-File/1.0",
          "Microsoft-HTTPAPI/2.0"
        ],
        "x-ms-client-request-id": "303625f6-410f-6845-c4ae-4cf8fb29ae80",
        "x-ms-file-attributes": "Directory",
        "x-ms-file-change-time": "2021-01-21T20:37:00.7599337Z",
        "x-ms-file-creation-time": "2021-01-21T20:37:00.7599337Z",
        "x-ms-file-id": "13835128424026341376",
        "x-ms-file-last-write-time": "2021-01-21T20:37:00.7599337Z",
        "x-ms-file-parent-id": "0",
        "x-ms-file-permission-key": "17860367565182308406*11459378189709739967",
        "x-ms-request-id": "fe85f3f7-f01a-001f-1435-f069c6000000",
        "x-ms-request-server-encrypted": "true",
        "x-ms-version": "2020-04-08"
      },
      "ResponseBody": []
    },
    {
      "RequestUri": "https://seanmcccanary3.file.core.windows.net/test-share-d390f12c-82fb-23fe-02bc-c796038032df/test-directory-a2ec5f69-d064-0755-90a9-7c631a5e9307?restype=directory\u0026sv=2020-04-08\u0026st=2021-01-21T19%3A37%3A01Z\u0026se=2021-01-21T21%3A37%3A01Z\u0026sr=s\u0026sp=rcwdl\u0026sig=Sanitized",
      "RequestMethod": "GET",
      "RequestHeaders": {
        "Accept": "application/xml",
        "traceparent": "00-b2b2963cc9bb48439aafd1f26fbe9cde-0ee0386f76e4f74d-00",
        "User-Agent": [
          "azsdk-net-Storage.Files.Shares/12.7.0-alpha.20210121.1",
          "(.NET 5.0.2; Microsoft Windows 10.0.19042)"
        ],
        "x-ms-client-request-id": "f46db5a4-6228-97f7-d8f4-241b0945fc93",
        "x-ms-return-client-request-id": "true",
        "x-ms-version": "2020-04-08"
      },
      "RequestBody": null,
      "StatusCode": 200,
      "ResponseHeaders": {
        "Content-Length": "0",
        "Date": "Thu, 21 Jan 2021 20:37:00 GMT",
        "ETag": "\u00220x8D8BE4C4DF4B2E9\u0022",
        "Last-Modified": "Thu, 21 Jan 2021 20:37:00 GMT",
        "Server": [
          "Windows-Azure-File/1.0",
          "Microsoft-HTTPAPI/2.0"
        ],
        "Vary": "Origin",
        "x-ms-client-request-id": "f46db5a4-6228-97f7-d8f4-241b0945fc93",
        "x-ms-file-attributes": "Directory",
        "x-ms-file-change-time": "2021-01-21T20:37:00.7599337Z",
        "x-ms-file-creation-time": "2021-01-21T20:37:00.7599337Z",
        "x-ms-file-id": "13835128424026341376",
        "x-ms-file-last-write-time": "2021-01-21T20:37:00.7599337Z",
        "x-ms-file-parent-id": "0",
        "x-ms-file-permission-key": "17860367565182308406*11459378189709739967",
        "x-ms-request-id": "96ac98d5-701a-002e-4935-f088d5000000",
        "x-ms-server-encrypted": "true",
        "x-ms-version": "2020-04-08"
      },
      "ResponseBody": []
    },
    {
      "RequestUri": "https://seanmcccanary3.file.core.windows.net/test-share-d390f12c-82fb-23fe-02bc-c796038032df?restype=share",
      "RequestMethod": "DELETE",
      "RequestHeaders": {
        "Accept": "application/xml",
        "Authorization": "Sanitized",
        "traceparent": "00-a36d4556f5e6b743a9294dcb6ff0e37d-7f72a8dea443f54c-00",
        "User-Agent": [
          "azsdk-net-Storage.Files.Shares/12.7.0-alpha.20210121.1",
          "(.NET 5.0.2; Microsoft Windows 10.0.19042)"
        ],
        "x-ms-client-request-id": "4653ece2-b9bc-4e58-ebbf-ec3e935c0bdc",
        "x-ms-date": "Thu, 21 Jan 2021 20:37:01 GMT",
        "x-ms-delete-snapshots": "include",
        "x-ms-return-client-request-id": "true",
        "x-ms-version": "2020-04-08"
      },
      "RequestBody": null,
      "StatusCode": 202,
      "ResponseHeaders": {
        "Content-Length": "0",
        "Date": "Thu, 21 Jan 2021 20:37:00 GMT",
        "Server": [
          "Windows-Azure-File/1.0",
          "Microsoft-HTTPAPI/2.0"
        ],
        "x-ms-client-request-id": "4653ece2-b9bc-4e58-ebbf-ec3e935c0bdc",
        "x-ms-request-id": "96ac98d7-701a-002e-4a35-f088d5000000",
        "x-ms-version": "2020-04-08"
      },
      "ResponseBody": []
    }
  ],
  "Variables": {
    "DateTimeOffsetNow": "2021-01-21T14:37:01.0241013-06:00",
    "RandomSeed": "406064618",
    "Storage_TestConfigDefault": "ProductionTenant\nseanmcccanary3\nU2FuaXRpemVk\nhttps://seanmcccanary3.blob.core.windows.net\nhttps://seanmcccanary3.file.core.windows.net\nhttps://seanmcccanary3.queue.core.windows.net\nhttps://seanmcccanary3.table.core.windows.net\n\n\n\n\nhttps://seanmcccanary3-secondary.blob.core.windows.net\nhttps://seanmcccanary3-secondary.file.core.windows.net\nhttps://seanmcccanary3-secondary.queue.core.windows.net\nhttps://seanmcccanary3-secondary.table.core.windows.net\n\nSanitized\n\n\nCloud\nBlobEndpoint=https://seanmcccanary3.blob.core.windows.net/;QueueEndpoint=https://seanmcccanary3.queue.core.windows.net/;FileEndpoint=https://seanmcccanary3.file.core.windows.net/;BlobSecondaryEndpoint=https://seanmcccanary3-secondary.blob.core.windows.net/;QueueSecondaryEndpoint=https://seanmcccanary3-secondary.queue.core.windows.net/;FileSecondaryEndpoint=https://seanmcccanary3-secondary.file.core.windows.net/;AccountName=seanmcccanary3;AccountKey=Kg==;\nseanscope1"
  }
}