{
  "Entries": [
    {
      "RequestUri": "https://seanmcccanary3.file.core.windows.net/test-share-884911af-5fd8-af81-226b-b049b2ec74a7?restype=share",
      "RequestMethod": "PUT",
      "RequestHeaders": {
        "Accept": "application/xml",
        "Authorization": "Sanitized",
        "traceparent": "00-848a2898cd390649830762f76c56c92f-f6ed2a998656f045-00",
        "User-Agent": [
          "azsdk-net-Storage.Files.Shares/12.7.0-alpha.20210121.1",
          "(.NET 5.0.2; Microsoft Windows 10.0.19042)"
        ],
        "x-ms-client-request-id": "250d5af8-feb9-4135-533a-18c816edc6dc",
        "x-ms-date": "Thu, 21 Jan 2021 20:37:03 GMT",
        "x-ms-return-client-request-id": "true",
        "x-ms-version": "2020-04-08"
      },
      "RequestBody": null,
      "StatusCode": 201,
      "ResponseHeaders": {
        "Content-Length": "0",
        "Date": "Thu, 21 Jan 2021 20:37:02 GMT",
        "ETag": "\u00220x8D8BE4C4F4130D0\u0022",
        "Last-Modified": "Thu, 21 Jan 2021 20:37:02 GMT",
        "Server": [
          "Windows-Azure-File/1.0",
          "Microsoft-HTTPAPI/2.0"
        ],
        "x-ms-client-request-id": "250d5af8-feb9-4135-533a-18c816edc6dc",
        "x-ms-request-id": "773813af-f01a-0099-7b35-f0a57f000000",
        "x-ms-version": "2020-04-08"
      },
      "ResponseBody": []
    },
    {
      "RequestUri": "https://seanmcccanary3.file.core.windows.net/test-share-884911af-5fd8-af81-226b-b049b2ec74a7/test-directory-7b8a0452-3444-ceea-7fbc-09bbc4d42d74?restype=directory",
      "RequestMethod": "PUT",
      "RequestHeaders": {
        "Accept": "application/xml",
        "Authorization": "Sanitized",
        "traceparent": "00-cb9a949472461d429f0b4756f16754e8-d23e1cda0287424b-00",
        "User-Agent": [
          "azsdk-net-Storage.Files.Shares/12.7.0-alpha.20210121.1",
          "(.NET 5.0.2; Microsoft Windows 10.0.19042)"
        ],
        "x-ms-client-request-id": "7d5abe55-cf23-c3ef-703e-a5fcf4797c7f",
        "x-ms-date": "Thu, 21 Jan 2021 20:37:03 GMT",
        "x-ms-file-attributes": "None",
        "x-ms-file-creation-time": "Now",
        "x-ms-file-last-write-time": "Now",
        "x-ms-file-permission": "Inherit",
        "x-ms-return-client-request-id": "true",
        "x-ms-version": "2020-04-08"
      },
      "RequestBody": null,
      "StatusCode": 201,
      "ResponseHeaders": {
        "Content-Length": "0",
        "Date": "Thu, 21 Jan 2021 20:37:02 GMT",
        "ETag": "\u00220x8D8BE4C4F4AE442\u0022",
        "Last-Modified": "Thu, 21 Jan 2021 20:37:03 GMT",
        "Server": [
          "Windows-Azure-File/1.0",
          "Microsoft-HTTPAPI/2.0"
        ],
        "x-ms-client-request-id": "7d5abe55-cf23-c3ef-703e-a5fcf4797c7f",
        "x-ms-file-attributes": "Directory",
        "x-ms-file-change-time": "2021-01-21T20:37:03.0025282Z",
        "x-ms-file-creation-time": "2021-01-21T20:37:03.0025282Z",
        "x-ms-file-id": "13835128424026341376",
        "x-ms-file-last-write-time": "2021-01-21T20:37:03.0025282Z",
        "x-ms-file-parent-id": "0",
        "x-ms-file-permission-key": "17860367565182308406*11459378189709739967",
        "x-ms-request-id": "773813b2-f01a-0099-7c35-f0a57f000000",
        "x-ms-request-server-encrypted": "true",
        "x-ms-version": "2020-04-08"
      },
      "ResponseBody": []
    },
    {
      "RequestUri": "https://seanmcccanary3.file.core.windows.net/test-share-884911af-5fd8-af81-226b-b049b2ec74a7/test-directory-7b8a0452-3444-ceea-7fbc-09bbc4d42d74/test-file-99a7a30d-6e9c-03fd-1665-eef504b706b5",
      "RequestMethod": "PUT",
      "RequestHeaders": {
        "Accept": "application/xml",
        "Authorization": "Sanitized",
        "traceparent": "00-e2b68466d11c7a46b3bb16767355b030-88f6ea484365364a-00",
        "User-Agent": [
          "azsdk-net-Storage.Files.Shares/12.7.0-alpha.20210121.1",
          "(.NET 5.0.2; Microsoft Windows 10.0.19042)"
        ],
        "x-ms-client-request-id": "2425b1d1-dc21-e7f3-c056-66bee1f9bfb8",
        "x-ms-content-length": "1024",
        "x-ms-date": "Thu, 21 Jan 2021 20:37:03 GMT",
        "x-ms-file-attributes": "None",
        "x-ms-file-creation-time": "Now",
        "x-ms-file-last-write-time": "Now",
        "x-ms-file-permission": "Inherit",
        "x-ms-return-client-request-id": "true",
        "x-ms-type": "file",
        "x-ms-version": "2020-04-08"
      },
      "RequestBody": null,
      "StatusCode": 201,
      "ResponseHeaders": {
        "Content-Length": "0",
        "Date": "Thu, 21 Jan 2021 20:37:03 GMT",
        "ETag": "\u00220x8D8BE4C4F556D88\u0022",
        "Last-Modified": "Thu, 21 Jan 2021 20:37:03 GMT",
        "Server": [
          "Windows-Azure-File/1.0",
          "Microsoft-HTTPAPI/2.0"
        ],
        "x-ms-client-request-id": "2425b1d1-dc21-e7f3-c056-66bee1f9bfb8",
        "x-ms-file-attributes": "Archive",
        "x-ms-file-change-time": "2021-01-21T20:37:03.0715784Z",
        "x-ms-file-creation-time": "2021-01-21T20:37:03.0715784Z",
        "x-ms-file-id": "11529285414812647424",
        "x-ms-file-last-write-time": "2021-01-21T20:37:03.0715784Z",
        "x-ms-file-parent-id": "13835128424026341376",
        "x-ms-file-permission-key": "4010187179898695473*11459378189709739967",
        "x-ms-request-id": "773813b3-f01a-0099-7d35-f0a57f000000",
        "x-ms-request-server-encrypted": "true",
        "x-ms-version": "2020-04-08"
      },
      "ResponseBody": []
    },
    {
      "RequestUri": "https://seanmcccanary3.file.core.windows.net/test-share-884911af-5fd8-af81-226b-b049b2ec74a7/test-directory-7b8a0452-3444-ceea-7fbc-09bbc4d42d74?restype=directory",
      "RequestMethod": "DELETE",
      "RequestHeaders": {
        "Accept": "application/xml",
        "Authorization": "Sanitized",
        "traceparent": "00-77047cdcea98ae4c94b4a0576315fe35-7bbd13053427b545-00",
        "User-Agent": [
          "azsdk-net-Storage.Files.Shares/12.7.0-alpha.20210121.1",
          "(.NET 5.0.2; Microsoft Windows 10.0.19042)"
        ],
        "x-ms-client-request-id": "5223da35-e191-6994-857e-462248916e94",
        "x-ms-date": "Thu, 21 Jan 2021 20:37:03 GMT",
        "x-ms-return-client-request-id": "true",
        "x-ms-version": "2020-04-08"
      },
      "RequestBody": null,
      "StatusCode": 409,
      "ResponseHeaders": {
        "Content-Length": "223",
        "Content-Type": "application/xml",
        "Date": "Thu, 21 Jan 2021 20:37:03 GMT",
        "Server": [
          "Windows-Azure-File/1.0",
          "Microsoft-HTTPAPI/2.0"
        ],
        "x-ms-client-request-id": "5223da35-e191-6994-857e-462248916e94",
        "x-ms-error-code": "DirectoryNotEmpty",
        "x-ms-request-id": "773813b4-f01a-0099-7e35-f0a57f000000",
        "x-ms-version": "2020-04-08"
      },
      "ResponseBody": [
        "\uFEFF\u003C?xml version=\u00221.0\u0022 encoding=\u0022utf-8\u0022?\u003E\u003CError\u003E\u003CCode\u003EDirectoryNotEmpty\u003C/Code\u003E\u003CMessage\u003EThe specified directory is not empty.\n",
        "RequestId:773813b4-f01a-0099-7e35-f0a57f000000\n",
        "Time:2021-01-21T20:37:03.1380949Z\u003C/Message\u003E\u003C/Error\u003E"
      ]
    },
    {
      "RequestUri": "https://seanmcccanary3.file.core.windows.net/test-share-884911af-5fd8-af81-226b-b049b2ec74a7?restype=share",
      "RequestMethod": "DELETE",
      "RequestHeaders": {
        "Accept": "application/xml",
        "Authorization": "Sanitized",
        "traceparent": "00-8d5af79d19566e4aa6177013694e2c1d-d446919bf3b0ef42-00",
        "User-Agent": [
          "azsdk-net-Storage.Files.Shares/12.7.0-alpha.20210121.1",
          "(.NET 5.0.2; Microsoft Windows 10.0.19042)"
        ],
        "x-ms-client-request-id": "068941fb-6cd5-5526-5b4c-f6952fe314c0",
        "x-ms-date": "Thu, 21 Jan 2021 20:37:03 GMT",
        "x-ms-delete-snapshots": "include",
        "x-ms-return-client-request-id": "true",
        "x-ms-version": "2020-04-08"
      },
      "RequestBody": null,
      "StatusCode": 202,
      "ResponseHeaders": {
        "Content-Length": "0",
        "Date": "Thu, 21 Jan 2021 20:37:03 GMT",
        "Server": [
          "Windows-Azure-File/1.0",
          "Microsoft-HTTPAPI/2.0"
        ],
        "x-ms-client-request-id": "068941fb-6cd5-5526-5b4c-f6952fe314c0",
        "x-ms-request-id": "773813b5-f01a-0099-7f35-f0a57f000000",
        "x-ms-version": "2020-04-08"
      },
      "ResponseBody": []
    }
  ],
  "Variables": {
    "RandomSeed": "838258106",
    "Storage_TestConfigDefault": "ProductionTenant\nseanmcccanary3\nU2FuaXRpemVk\nhttps://seanmcccanary3.blob.core.windows.net\nhttps://seanmcccanary3.file.core.windows.net\nhttps://seanmcccanary3.queue.core.windows.net\nhttps://seanmcccanary3.table.core.windows.net\n\n\n\n\nhttps://seanmcccanary3-secondary.blob.core.windows.net\nhttps://seanmcccanary3-secondary.file.core.windows.net\nhttps://seanmcccanary3-secondary.queue.core.windows.net\nhttps://seanmcccanary3-secondary.table.core.windows.net\n\nSanitized\n\n\nCloud\nBlobEndpoint=https://seanmcccanary3.blob.core.windows.net/;QueueEndpoint=https://seanmcccanary3.queue.core.windows.net/;FileEndpoint=https://seanmcccanary3.file.core.windows.net/;BlobSecondaryEndpoint=https://seanmcccanary3-secondary.blob.core.windows.net/;QueueSecondaryEndpoint=https://seanmcccanary3-secondary.queue.core.windows.net/;FileSecondaryEndpoint=https://seanmcccanary3-secondary.file.core.windows.net/;AccountName=seanmcccanary3;AccountKey=Kg==;\nseanscope1"
  }
}