{
  "Entries": [
    {
      "RequestUri": "https://seanmcccanary3.file.core.windows.net/test-share-f5808bf2-441b-4cec-f6aa-2a78fa15db33?restype=share",
      "RequestMethod": "PUT",
      "RequestHeaders": {
        "Accept": "application/xml",
        "Authorization": "Sanitized",
        "traceparent": "00-1af04ce60b4934409b5c3e42ad9eafb6-ef3ed9672ee69d44-00",
        "User-Agent": [
          "azsdk-net-Storage.Files.Shares/12.7.0-alpha.20210126.1",
          "(.NET 5.0.2; Microsoft Windows 10.0.19042)"
        ],
        "x-ms-client-request-id": "cb28432b-4a2c-c1e1-b925-058cc523d190",
        "x-ms-date": "Tue, 26 Jan 2021 19:27:29 GMT",
        "x-ms-return-client-request-id": "true",
         "x-ms-version": "2020-08-04"
      },
      "RequestBody": null,
      "StatusCode": 201,
      "ResponseHeaders": {
        "Content-Length": "0",
        "Date": "Tue, 26 Jan 2021 19:27:28 GMT",
        "ETag": "\u00220x8D8C2306B5B72EA\u0022",
        "Last-Modified": "Tue, 26 Jan 2021 19:27:28 GMT",
        "Server": [
          "Windows-Azure-File/1.0",
          "Microsoft-HTTPAPI/2.0"
        ],
        "x-ms-client-request-id": "cb28432b-4a2c-c1e1-b925-058cc523d190",
        "x-ms-request-id": "f571de25-601a-0050-6519-f41892000000",
         "x-ms-version": "2020-08-04"
      },
      "ResponseBody": []
    },
    {
      "RequestUri": "https://seanmcccanary3.file.core.windows.net/test-share-f5808bf2-441b-4cec-f6aa-2a78fa15db33/test-directory-b61e33bd-0905-f650-41be-a14cbc349b6b?restype=directory",
      "RequestMethod": "PUT",
      "RequestHeaders": {
        "Accept": "application/xml",
        "Authorization": "Sanitized",
        "traceparent": "00-52541ff95a62fd4999b9479436efadeb-02939d7665e5ad4a-00",
        "User-Agent": [
          "azsdk-net-Storage.Files.Shares/12.7.0-alpha.20210126.1",
          "(.NET 5.0.2; Microsoft Windows 10.0.19042)"
        ],
        "x-ms-client-request-id": "7dfaf7fd-1e6b-21c3-f231-8a6ea8940484",
        "x-ms-date": "Tue, 26 Jan 2021 19:27:29 GMT",
        "x-ms-file-attributes": "None",
        "x-ms-file-creation-time": "Now",
        "x-ms-file-last-write-time": "Now",
        "x-ms-file-permission": "Inherit",
        "x-ms-return-client-request-id": "true",
         "x-ms-version": "2020-08-04"
      },
      "RequestBody": null,
      "StatusCode": 201,
      "ResponseHeaders": {
        "Content-Length": "0",
        "Date": "Tue, 26 Jan 2021 19:27:28 GMT",
        "ETag": "\u00220x8D8C2306B654EF5\u0022",
        "Last-Modified": "Tue, 26 Jan 2021 19:27:28 GMT",
        "Server": [
          "Windows-Azure-File/1.0",
          "Microsoft-HTTPAPI/2.0"
        ],
        "x-ms-client-request-id": "7dfaf7fd-1e6b-21c3-f231-8a6ea8940484",
        "x-ms-file-attributes": "Directory",
        "x-ms-file-change-time": "2021-01-26T19:27:28.8945397Z",
        "x-ms-file-creation-time": "2021-01-26T19:27:28.8945397Z",
        "x-ms-file-id": "13835128424026341376",
        "x-ms-file-last-write-time": "2021-01-26T19:27:28.8945397Z",
        "x-ms-file-parent-id": "0",
        "x-ms-file-permission-key": "17860367565182308406*11459378189709739967",
        "x-ms-request-id": "f571de28-601a-0050-6619-f41892000000",
        "x-ms-request-server-encrypted": "true",
         "x-ms-version": "2020-08-04"
      },
      "ResponseBody": []
    },
    {
      "RequestUri": "https://seanmcccanary3.file.core.windows.net/test-share-f5808bf2-441b-4cec-f6aa-2a78fa15db33/test-directory-b61e33bd-0905-f650-41be-a14cbc349b6b/test-directory-64b7998a-19d6-aea3-2b1a-d7fed32a0084?restype=directory",
      "RequestMethod": "PUT",
      "RequestHeaders": {
        "Accept": "application/xml",
        "Authorization": "Sanitized",
        "traceparent": "00-f875c0786fc958498784ceb05a5f3fc0-55b5cf54ffa74d4b-00",
        "User-Agent": [
          "azsdk-net-Storage.Files.Shares/12.7.0-alpha.20210126.1",
          "(.NET 5.0.2; Microsoft Windows 10.0.19042)"
        ],
        "x-ms-client-request-id": "5c9bb202-9705-e35a-534c-515146c44ec7",
        "x-ms-date": "Tue, 26 Jan 2021 19:27:29 GMT",
        "x-ms-file-attributes": "None",
        "x-ms-file-creation-time": "Now",
        "x-ms-file-last-write-time": "Now",
        "x-ms-file-permission": "Inherit",
        "x-ms-return-client-request-id": "true",
         "x-ms-version": "2020-08-04"
      },
      "RequestBody": null,
      "StatusCode": 201,
      "ResponseHeaders": {
        "Content-Length": "0",
        "Date": "Tue, 26 Jan 2021 19:27:28 GMT",
        "ETag": "\u00220x8D8C2306B6E9F70\u0022",
        "Last-Modified": "Tue, 26 Jan 2021 19:27:28 GMT",
        "Server": [
          "Windows-Azure-File/1.0",
          "Microsoft-HTTPAPI/2.0"
        ],
        "x-ms-client-request-id": "5c9bb202-9705-e35a-534c-515146c44ec7",
        "x-ms-file-attributes": "Directory",
        "x-ms-file-change-time": "2021-01-26T19:27:28.9555824Z",
        "x-ms-file-creation-time": "2021-01-26T19:27:28.9555824Z",
        "x-ms-file-id": "11529285414812647424",
        "x-ms-file-last-write-time": "2021-01-26T19:27:28.9555824Z",
        "x-ms-file-parent-id": "13835128424026341376",
        "x-ms-file-permission-key": "17860367565182308406*11459378189709739967",
        "x-ms-request-id": "f571de29-601a-0050-6719-f41892000000",
        "x-ms-request-server-encrypted": "true",
         "x-ms-version": "2020-08-04"
      },
      "ResponseBody": []
    },
    {
      "RequestUri": "https://seanmcccanary3.file.core.windows.net/test-share-f5808bf2-441b-4cec-f6aa-2a78fa15db33/test-directory-b61e33bd-0905-f650-41be-a14cbc349b6b/test-directory-64b7998a-19d6-aea3-2b1a-d7fed32a0084?restype=directory",
      "RequestMethod": "DELETE",
      "RequestHeaders": {
        "Accept": "application/xml",
        "Authorization": "Sanitized",
        "traceparent": "00-cdfb5f4b0f36214c8845d03112670976-2770a7439718d942-00",
        "User-Agent": [
          "azsdk-net-Storage.Files.Shares/12.7.0-alpha.20210126.1",
          "(.NET 5.0.2; Microsoft Windows 10.0.19042)"
        ],
        "x-ms-client-request-id": "20fc8dbe-a38f-297e-166c-71edcbae6fd9",
        "x-ms-date": "Tue, 26 Jan 2021 19:27:29 GMT",
        "x-ms-return-client-request-id": "true",
         "x-ms-version": "2020-08-04"
      },
      "RequestBody": null,
      "StatusCode": 202,
      "ResponseHeaders": {
        "Content-Length": "0",
        "Date": "Tue, 26 Jan 2021 19:27:28 GMT",
        "Server": [
          "Windows-Azure-File/1.0",
          "Microsoft-HTTPAPI/2.0"
        ],
        "x-ms-client-request-id": "20fc8dbe-a38f-297e-166c-71edcbae6fd9",
        "x-ms-request-id": "f571de2a-601a-0050-6819-f41892000000",
         "x-ms-version": "2020-08-04"
      },
      "ResponseBody": []
    },
    {
      "RequestUri": "https://seanmcccanary3.file.core.windows.net/test-share-f5808bf2-441b-4cec-f6aa-2a78fa15db33/test-directory-b61e33bd-0905-f650-41be-a14cbc349b6b/test-directory-64b7998a-19d6-aea3-2b1a-d7fed32a0084?restype=directory",
      "RequestMethod": "GET",
      "RequestHeaders": {
        "Accept": "application/xml",
        "Authorization": "Sanitized",
        "User-Agent": [
          "azsdk-net-Storage.Files.Shares/12.7.0-alpha.20210126.1",
          "(.NET 5.0.2; Microsoft Windows 10.0.19042)"
        ],
        "x-ms-client-request-id": "b892bf22-2dc8-8e38-8682-21d8cd5ca1eb",
        "x-ms-date": "Tue, 26 Jan 2021 19:27:29 GMT",
        "x-ms-return-client-request-id": "true",
         "x-ms-version": "2020-08-04"
      },
      "RequestBody": null,
      "StatusCode": 404,
      "ResponseHeaders": {
        "Content-Length": "223",
        "Content-Type": "application/xml",
        "Date": "Tue, 26 Jan 2021 19:27:28 GMT",
        "Server": [
          "Windows-Azure-File/1.0",
          "Microsoft-HTTPAPI/2.0"
        ],
        "Vary": "Origin",
        "x-ms-client-request-id": "b892bf22-2dc8-8e38-8682-21d8cd5ca1eb",
        "x-ms-error-code": "ResourceNotFound",
        "x-ms-request-id": "f571de2b-601a-0050-6919-f41892000000",
         "x-ms-version": "2020-08-04"
      },
      "ResponseBody": [
        "\uFEFF\u003C?xml version=\u00221.0\u0022 encoding=\u0022utf-8\u0022?\u003E\u003CError\u003E\u003CCode\u003EResourceNotFound\u003C/Code\u003E\u003CMessage\u003EThe specified resource does not exist.\n",
        "RequestId:f571de2b-601a-0050-6919-f41892000000\n",
        "Time:2021-01-26T19:27:29.0971141Z\u003C/Message\u003E\u003C/Error\u003E"
      ]
    },
    {
      "RequestUri": "https://seanmcccanary3.file.core.windows.net/test-share-f5808bf2-441b-4cec-f6aa-2a78fa15db33?restype=share",
      "RequestMethod": "DELETE",
      "RequestHeaders": {
        "Accept": "application/xml",
        "Authorization": "Sanitized",
        "traceparent": "00-5ae6e23971d2c94095a53a3dfc08e20f-d7b3d6e0c653254d-00",
        "User-Agent": [
          "azsdk-net-Storage.Files.Shares/12.7.0-alpha.20210126.1",
          "(.NET 5.0.2; Microsoft Windows 10.0.19042)"
        ],
        "x-ms-client-request-id": "0cca06df-b61b-b011-c4fa-f86a022cf50a",
        "x-ms-date": "Tue, 26 Jan 2021 19:27:29 GMT",
        "x-ms-delete-snapshots": "include",
        "x-ms-return-client-request-id": "true",
         "x-ms-version": "2020-08-04"
      },
      "RequestBody": null,
      "StatusCode": 202,
      "ResponseHeaders": {
        "Content-Length": "0",
        "Date": "Tue, 26 Jan 2021 19:27:28 GMT",
        "Server": [
          "Windows-Azure-File/1.0",
          "Microsoft-HTTPAPI/2.0"
        ],
        "x-ms-client-request-id": "0cca06df-b61b-b011-c4fa-f86a022cf50a",
        "x-ms-request-id": "f571de2c-601a-0050-6a19-f41892000000",
         "x-ms-version": "2020-08-04"
      },
      "ResponseBody": []
    }
  ],
  "Variables": {
    "RandomSeed": "364580505",
    "Storage_TestConfigDefault": "ProductionTenant\nseanmcccanary3\nU2FuaXRpemVk\nhttps://seanmcccanary3.blob.core.windows.net\nhttps://seanmcccanary3.file.core.windows.net\nhttps://seanmcccanary3.queue.core.windows.net\nhttps://seanmcccanary3.table.core.windows.net\n\n\n\n\nhttps://seanmcccanary3-secondary.blob.core.windows.net\nhttps://seanmcccanary3-secondary.file.core.windows.net\nhttps://seanmcccanary3-secondary.queue.core.windows.net\nhttps://seanmcccanary3-secondary.table.core.windows.net\n\nSanitized\n\n\nCloud\nBlobEndpoint=https://seanmcccanary3.blob.core.windows.net/;QueueEndpoint=https://seanmcccanary3.queue.core.windows.net/;FileEndpoint=https://seanmcccanary3.file.core.windows.net/;BlobSecondaryEndpoint=https://seanmcccanary3-secondary.blob.core.windows.net/;QueueSecondaryEndpoint=https://seanmcccanary3-secondary.queue.core.windows.net/;FileSecondaryEndpoint=https://seanmcccanary3-secondary.file.core.windows.net/;AccountName=seanmcccanary3;AccountKey=Kg==;\nseanscope1"
  }
}