{
  "Entries": [
    {
      "RequestUri": "http://seanstagetest.file.core.windows.net/test-share-720dff82-bfa6-20d5-7d86-ce850383b846?restype=share",
      "RequestMethod": "PUT",
      "RequestHeaders": {
        "Authorization": "Sanitized",
        "traceparent": "00-e73d04ac1cf0854ea2d397b9d1c35877-37b51f426d6ccc44-00",
        "User-Agent": [
          "azsdk-net-Storage.Files.Shares/12.2.0-dev.20200305.1",
          "(.NET Core 4.6.28325.01; Microsoft Windows 10.0.18363 )"
        ],
        "x-ms-client-request-id": "b52a85b5-4142-bbe4-e378-cddd92eec082",
        "x-ms-date": "Thu, 05 Mar 2020 21:42:48 GMT",
        "x-ms-return-client-request-id": "true",
        "x-ms-version": "2020-04-08"
      },
      "RequestBody": null,
      "StatusCode": 201,
      "ResponseHeaders": {
        "Content-Length": "0",
        "Date": "Thu, 05 Mar 2020 21:42:48 GMT",
        "ETag": "\u00220x8D7C14E25EE69BE\u0022",
        "Last-Modified": "Thu, 05 Mar 2020 21:42:48 GMT",
        "Server": [
          "Windows-Azure-File/1.0",
          "Microsoft-HTTPAPI/2.0"
        ],
        "x-ms-client-request-id": "b52a85b5-4142-bbe4-e378-cddd92eec082",
        "x-ms-request-id": "c9ef6090-f01a-0012-4037-f3e9eb000000",
        "x-ms-version": "2020-04-08"
      },
      "ResponseBody": []
    },
    {
      "RequestUri": "http://seanstagetest.file.core.windows.net/test-share-720dff82-bfa6-20d5-7d86-ce850383b846/test-directory-a604d606-d5ee-9ccc-b275-d2c9fa0cfc56?restype=directory",
      "RequestMethod": "PUT",
      "RequestHeaders": {
        "Authorization": "Sanitized",
        "traceparent": "00-d9615acc61697749844057cd8442ea54-b5b64afe8bdea745-00",
        "User-Agent": [
          "azsdk-net-Storage.Files.Shares/12.2.0-dev.20200305.1",
          "(.NET Core 4.6.28325.01; Microsoft Windows 10.0.18363 )"
        ],
        "x-ms-client-request-id": "4dc3421b-e022-e04a-b88d-03cd6f1ac1d7",
        "x-ms-date": "Thu, 05 Mar 2020 21:42:48 GMT",
        "x-ms-file-attributes": "None",
        "x-ms-file-creation-time": "Now",
        "x-ms-file-last-write-time": "Now",
        "x-ms-file-permission": "Inherit",
        "x-ms-return-client-request-id": "true",
        "x-ms-version": "2020-04-08"
      },
      "RequestBody": null,
      "StatusCode": 201,
      "ResponseHeaders": {
        "Content-Length": "0",
        "Date": "Thu, 05 Mar 2020 21:42:48 GMT",
        "ETag": "\u00220x8D7C14E25FC42F7\u0022",
        "Last-Modified": "Thu, 05 Mar 2020 21:42:48 GMT",
        "Server": [
          "Windows-Azure-File/1.0",
          "Microsoft-HTTPAPI/2.0"
        ],
        "x-ms-client-request-id": "4dc3421b-e022-e04a-b88d-03cd6f1ac1d7",
        "x-ms-file-attributes": "Directory",
        "x-ms-file-change-time": "2020-03-05T21:42:48.5113591Z",
        "x-ms-file-creation-time": "2020-03-05T21:42:48.5113591Z",
        "x-ms-file-id": "13835128424026341376",
        "x-ms-file-last-write-time": "2020-03-05T21:42:48.5113591Z",
        "x-ms-file-parent-id": "0",
        "x-ms-file-permission-key": "7855875120676328179*422928105932735866",
        "x-ms-request-id": "c9ef6092-f01a-0012-4137-f3e9eb000000",
        "x-ms-request-server-encrypted": "true",
        "x-ms-version": "2020-04-08"
      },
      "ResponseBody": []
    },
    {
      "RequestUri": "http://seanstagetest.file.core.windows.net/test-share-720dff82-bfa6-20d5-7d86-ce850383b846/test-directory-a604d606-d5ee-9ccc-b275-d2c9fa0cfc56/test-file-fddd767c-421e-0429-d2a7-453e00428443",
      "RequestMethod": "PUT",
      "RequestHeaders": {
        "Authorization": "Sanitized",
        "traceparent": "00-8a7e74ed2dc4ef4c849f465a9dcbe535-69a95c2e714afa43-00",
        "User-Agent": [
          "azsdk-net-Storage.Files.Shares/12.2.0-dev.20200305.1",
          "(.NET Core 4.6.28325.01; Microsoft Windows 10.0.18363 )"
        ],
        "x-ms-client-request-id": "a10dfeee-0991-d992-19be-7a7a9b0bdf75",
        "x-ms-content-length": "1024",
        "x-ms-date": "Thu, 05 Mar 2020 21:42:48 GMT",
        "x-ms-file-attributes": "None",
        "x-ms-file-creation-time": "Now",
        "x-ms-file-last-write-time": "Now",
        "x-ms-file-permission": "Inherit",
        "x-ms-return-client-request-id": "true",
        "x-ms-type": "file",
        "x-ms-version": "2020-04-08"
      },
      "RequestBody": null,
      "StatusCode": 201,
      "ResponseHeaders": {
        "Content-Length": "0",
        "Date": "Thu, 05 Mar 2020 21:42:48 GMT",
        "ETag": "\u00220x8D7C14E2609D8BC\u0022",
        "Last-Modified": "Thu, 05 Mar 2020 21:42:48 GMT",
        "Server": [
          "Windows-Azure-File/1.0",
          "Microsoft-HTTPAPI/2.0"
        ],
        "x-ms-client-request-id": "a10dfeee-0991-d992-19be-7a7a9b0bdf75",
        "x-ms-file-attributes": "Archive",
        "x-ms-file-change-time": "2020-03-05T21:42:48.6003900Z",
        "x-ms-file-creation-time": "2020-03-05T21:42:48.6003900Z",
        "x-ms-file-id": "11529285414812647424",
        "x-ms-file-last-write-time": "2020-03-05T21:42:48.6003900Z",
        "x-ms-file-parent-id": "13835128424026341376",
        "x-ms-file-permission-key": "12501538048846835188*422928105932735866",
        "x-ms-request-id": "c9ef6093-f01a-0012-4237-f3e9eb000000",
        "x-ms-request-server-encrypted": "true",
        "x-ms-version": "2020-04-08"
      },
      "ResponseBody": []
    },
    {
      "RequestUri": "http://seanstagetest.file.core.windows.net/test-share-720dff82-bfa6-20d5-7d86-ce850383b846/test-directory-a604d606-d5ee-9ccc-b275-d2c9fa0cfc56/test-file-fddd767c-421e-0429-d2a7-453e00428443",
      "RequestMethod": "DELETE",
      "RequestHeaders": {
        "Authorization": "Sanitized",
        "traceparent": "00-076d1a626040e04eb0bf0ca9b53568e0-0744605e43c8bd45-00",
        "User-Agent": [
          "azsdk-net-Storage.Files.Shares/12.2.0-dev.20200305.1",
          "(.NET Core 4.6.28325.01; Microsoft Windows 10.0.18363 )"
        ],
        "x-ms-client-request-id": "0150ffba-e334-65b2-8ed4-9e8a33b9833e",
        "x-ms-date": "Thu, 05 Mar 2020 21:42:48 GMT",
        "x-ms-return-client-request-id": "true",
        "x-ms-version": "2020-04-08"
      },
      "RequestBody": null,
      "StatusCode": 202,
      "ResponseHeaders": {
        "Content-Length": "0",
        "Date": "Thu, 05 Mar 2020 21:42:48 GMT",
        "Server": [
          "Windows-Azure-File/1.0",
          "Microsoft-HTTPAPI/2.0"
        ],
        "x-ms-client-request-id": "0150ffba-e334-65b2-8ed4-9e8a33b9833e",
        "x-ms-request-id": "c9ef6094-f01a-0012-4337-f3e9eb000000",
        "x-ms-version": "2020-04-08"
      },
      "ResponseBody": []
    },
    {
      "RequestUri": "http://seanstagetest.file.core.windows.net/test-share-720dff82-bfa6-20d5-7d86-ce850383b846/test-directory-a604d606-d5ee-9ccc-b275-d2c9fa0cfc56/test-file-fddd767c-421e-0429-d2a7-453e00428443",
      "RequestMethod": "HEAD",
      "RequestHeaders": {
        "Authorization": "Sanitized",
        "User-Agent": [
          "azsdk-net-Storage.Files.Shares/12.2.0-dev.20200305.1",
          "(.NET Core 4.6.28325.01; Microsoft Windows 10.0.18363 )"
        ],
        "x-ms-client-request-id": "9bbfdeb9-debb-2640-0df9-bf986a039a89",
        "x-ms-date": "Thu, 05 Mar 2020 21:42:48 GMT",
        "x-ms-return-client-request-id": "true",
        "x-ms-version": "2020-04-08"
      },
      "RequestBody": null,
      "StatusCode": 404,
      "ResponseHeaders": {
        "Date": "Thu, 05 Mar 2020 21:42:48 GMT",
        "Server": [
          "Windows-Azure-File/1.0",
          "Microsoft-HTTPAPI/2.0"
        ],
        "Transfer-Encoding": "chunked",
        "Vary": "Origin",
        "x-ms-client-request-id": "9bbfdeb9-debb-2640-0df9-bf986a039a89",
        "x-ms-error-code": "ResourceNotFound",
        "x-ms-request-id": "c9ef6095-f01a-0012-4437-f3e9eb000000",
        "x-ms-version": "2020-04-08"
      },
      "ResponseBody": []
    },
    {
      "RequestUri": "http://seanstagetest.file.core.windows.net/test-share-720dff82-bfa6-20d5-7d86-ce850383b846?restype=share",
      "RequestMethod": "DELETE",
      "RequestHeaders": {
        "Authorization": "Sanitized",
        "traceparent": "00-da5b058b44eb3646b5eb0dc0bddfea3f-9002b4fb0f35e440-00",
        "User-Agent": [
          "azsdk-net-Storage.Files.Shares/12.2.0-dev.20200305.1",
          "(.NET Core 4.6.28325.01; Microsoft Windows 10.0.18363 )"
        ],
        "x-ms-client-request-id": "55d0e477-e8f9-3182-0f9b-32ddde407a6c",
        "x-ms-date": "Thu, 05 Mar 2020 21:42:48 GMT",
        "x-ms-delete-snapshots": "include",
        "x-ms-return-client-request-id": "true",
        "x-ms-version": "2020-04-08"
      },
      "RequestBody": null,
      "StatusCode": 202,
      "ResponseHeaders": {
        "Content-Length": "0",
        "Date": "Thu, 05 Mar 2020 21:42:48 GMT",
        "Server": [
          "Windows-Azure-File/1.0",
          "Microsoft-HTTPAPI/2.0"
        ],
        "x-ms-client-request-id": "55d0e477-e8f9-3182-0f9b-32ddde407a6c",
        "x-ms-request-id": "c9ef6096-f01a-0012-4537-f3e9eb000000",
        "x-ms-version": "2020-04-08"
      },
      "ResponseBody": []
    }
  ],
  "Variables": {
    "RandomSeed": "1593676530",
    "Storage_TestConfigDefault": "ProductionTenant\nseanstagetest\nU2FuaXRpemVk\nhttps://seanstagetest.blob.core.windows.net\nhttp://seanstagetest.file.core.windows.net\nhttp://seanstagetest.queue.core.windows.net\nhttp://seanstagetest.table.core.windows.net\n\n\n\n\nhttp://seanstagetest-secondary.blob.core.windows.net\nhttp://seanstagetest-secondary.file.core.windows.net\nhttp://seanstagetest-secondary.queue.core.windows.net\nhttp://seanstagetest-secondary.table.core.windows.net\n\nSanitized\n\n\nCloud\nBlobEndpoint=https://seanstagetest.blob.core.windows.net/;QueueEndpoint=http://seanstagetest.queue.core.windows.net/;FileEndpoint=http://seanstagetest.file.core.windows.net/;BlobSecondaryEndpoint=http://seanstagetest-secondary.blob.core.windows.net/;QueueSecondaryEndpoint=http://seanstagetest-secondary.queue.core.windows.net/;FileSecondaryEndpoint=http://seanstagetest-secondary.file.core.windows.net/;AccountName=seanstagetest;AccountKey=Sanitized\nseanscope1"
  }
}