{
  "Entries": [
    {
      "RequestUri": "http://amandacanary.file.core.windows.net/test-share-1e526072-f638-1b3d-e827-9d7eaaa5dd0c?restype=share",
      "RequestMethod": "PUT",
      "RequestHeaders": {
        "Authorization": "Sanitized",
        "traceparent": "00-93f4e16679aa0f40b41366cb6c759ca7-423f5c41bf976849-00",
        "User-Agent": [
          "azsdk-net-Storage.Files.Shares/12.3.0-dev.20200424.1",
          "(.NET Core 4.6.28619.01; Microsoft Windows 10.0.18363 )"
        ],
        "x-ms-client-request-id": "a4bcafea-5329-c8a9-558f-cfa404f73c09",
        "x-ms-date": "Sat, 25 Apr 2020 01:18:01 GMT",
        "x-ms-return-client-request-id": "true",
        "x-ms-version": "2019-12-12"
      },
      "RequestBody": null,
      "StatusCode": 201,
      "ResponseHeaders": {
        "Content-Length": "0",
        "Date": "Sat, 25 Apr 2020 01:18:00 GMT",
        "ETag": "\u00220x8D7E8B67F55A7C1\u0022",
        "Last-Modified": "Sat, 25 Apr 2020 01:18:01 GMT",
        "Server": [
          "Windows-Azure-File/1.0",
          "Microsoft-HTTPAPI/2.0"
        ],
        "x-ms-client-request-id": "a4bcafea-5329-c8a9-558f-cfa404f73c09",
        "x-ms-request-id": "8411dc75-001a-007c-549f-1a0b56000000",
        "x-ms-version": "2019-12-12"
      },
      "ResponseBody": []
    },
    {
      "RequestUri": "http://amandacanary.file.core.windows.net/test-share-1e526072-f638-1b3d-e827-9d7eaaa5dd0c/test-directory-9ca574f6-f72b-fe32-3133-0ea44f077723?restype=directory",
      "RequestMethod": "PUT",
      "RequestHeaders": {
        "Authorization": "Sanitized",
        "traceparent": "00-976ae9b31e4f2d4cad6eac3f63e17cae-ec2be4585c7f764c-00",
        "User-Agent": [
          "azsdk-net-Storage.Files.Shares/12.3.0-dev.20200424.1",
          "(.NET Core 4.6.28619.01; Microsoft Windows 10.0.18363 )"
        ],
        "x-ms-client-request-id": "303f9e56-8a20-f366-7cbe-73f64504784e",
        "x-ms-date": "Sat, 25 Apr 2020 01:18:01 GMT",
        "x-ms-file-attributes": "None",
        "x-ms-file-creation-time": "Now",
        "x-ms-file-last-write-time": "Now",
        "x-ms-file-permission": "Inherit",
        "x-ms-return-client-request-id": "true",
        "x-ms-version": "2019-12-12"
      },
      "RequestBody": null,
      "StatusCode": 201,
      "ResponseHeaders": {
        "Content-Length": "0",
        "Date": "Sat, 25 Apr 2020 01:18:00 GMT",
        "ETag": "\u00220x8D7E8B67F62336A\u0022",
        "Last-Modified": "Sat, 25 Apr 2020 01:18:01 GMT",
        "Server": [
          "Windows-Azure-File/1.0",
          "Microsoft-HTTPAPI/2.0"
        ],
        "x-ms-client-request-id": "303f9e56-8a20-f366-7cbe-73f64504784e",
        "x-ms-file-attributes": "Directory",
        "x-ms-file-change-time": "2020-04-25T01:18:01.5048554Z",
        "x-ms-file-creation-time": "2020-04-25T01:18:01.5048554Z",
        "x-ms-file-id": "13835128424026341376",
        "x-ms-file-last-write-time": "2020-04-25T01:18:01.5048554Z",
        "x-ms-file-parent-id": "0",
        "x-ms-file-permission-key": "15599277547783403350*12727421398096584927",
        "x-ms-request-id": "8411dc77-001a-007c-559f-1a0b56000000",
        "x-ms-request-server-encrypted": "true",
        "x-ms-version": "2019-12-12"
      },
      "ResponseBody": []
    },
    {
      "RequestUri": "http://amandacanary.file.core.windows.net/test-share-1e526072-f638-1b3d-e827-9d7eaaa5dd0c/test-directory-9ca574f6-f72b-fe32-3133-0ea44f077723?comp=forceclosehandles",
      "RequestMethod": "PUT",
      "RequestHeaders": {
        "Authorization": "Sanitized",
        "traceparent": "00-16bab64175dd364fb2a5b12691889053-8c915a9ed2ebe747-00",
        "User-Agent": [
          "azsdk-net-Storage.Files.Shares/12.3.0-dev.20200424.1",
          "(.NET Core 4.6.28619.01; Microsoft Windows 10.0.18363 )"
        ],
        "x-ms-client-request-id": "b04ef619-46c7-7402-a5a0-7d2ac6ebace0",
        "x-ms-date": "Sat, 25 Apr 2020 01:18:01 GMT",
        "x-ms-handle-id": "*",
        "x-ms-recursive": "true",
        "x-ms-return-client-request-id": "true",
        "x-ms-version": "2019-12-12"
      },
      "RequestBody": null,
      "StatusCode": 200,
      "ResponseHeaders": {
        "Content-Length": "0",
        "Date": "Sat, 25 Apr 2020 01:18:00 GMT",
        "Server": [
          "Windows-Azure-File/1.0",
          "Microsoft-HTTPAPI/2.0"
        ],
        "x-ms-client-request-id": "b04ef619-46c7-7402-a5a0-7d2ac6ebace0",
        "x-ms-number-of-handles-closed": "0",
        "x-ms-number-of-handles-failed": "0",
        "x-ms-request-id": "8411dc78-001a-007c-569f-1a0b56000000",
        "x-ms-version": "2019-12-12"
      },
      "ResponseBody": []
    },
    {
      "RequestUri": "http://amandacanary.file.core.windows.net/test-share-1e526072-f638-1b3d-e827-9d7eaaa5dd0c?restype=share",
      "RequestMethod": "DELETE",
      "RequestHeaders": {
        "Authorization": "Sanitized",
        "traceparent": "00-e0a4d1e6ae22d94ab6a9b4592b6cc4fd-c2d4bc6bad59ff49-00",
        "User-Agent": [
          "azsdk-net-Storage.Files.Shares/12.3.0-dev.20200424.1",
          "(.NET Core 4.6.28619.01; Microsoft Windows 10.0.18363 )"
        ],
        "x-ms-client-request-id": "4eddcc64-c8b5-d086-a92f-53c3c4f6f6a6",
        "x-ms-date": "Sat, 25 Apr 2020 01:18:01 GMT",
        "x-ms-delete-snapshots": "include",
        "x-ms-return-client-request-id": "true",
        "x-ms-version": "2019-12-12"
      },
      "RequestBody": null,
      "StatusCode": 202,
      "ResponseHeaders": {
        "Content-Length": "0",
        "Date": "Sat, 25 Apr 2020 01:18:01 GMT",
        "Server": [
          "Windows-Azure-File/1.0",
          "Microsoft-HTTPAPI/2.0"
        ],
        "x-ms-client-request-id": "4eddcc64-c8b5-d086-a92f-53c3c4f6f6a6",
        "x-ms-request-id": "8411dc79-001a-007c-579f-1a0b56000000",
        "x-ms-version": "2019-12-12"
      },
      "ResponseBody": []
    }
  ],
  "Variables": {
    "RandomSeed": "1186425237",
    "Storage_TestConfigDefault": "ProductionTenant\namandacanary\nU2FuaXRpemVk\nhttp://amandacanary.blob.core.windows.net\nhttp://amandacanary.file.core.windows.net\nhttp://amandacanary.queue.core.windows.net\nhttp://amandacanary.table.core.windows.net\n\n\n\n\nhttp://amandacanary-secondary.blob.core.windows.net\nhttp://amandacanary-secondary.file.core.windows.net\nhttp://amandacanary-secondary.queue.core.windows.net\nhttp://amandacanary-secondary.table.core.windows.net\n\nSanitized\n\n\nCloud\nBlobEndpoint=http://amandacanary.blob.core.windows.net/;QueueEndpoint=http://amandacanary.queue.core.windows.net/;FileEndpoint=http://amandacanary.file.core.windows.net/;BlobSecondaryEndpoint=http://amandacanary-secondary.blob.core.windows.net/;QueueSecondaryEndpoint=http://amandacanary-secondary.queue.core.windows.net/;FileSecondaryEndpoint=http://amandacanary-secondary.file.core.windows.net/;AccountName=amandacanary;AccountKey=Sanitized\n\nDefaultEndpointsProtocol=https;AccountName=ortestsaccountcbn1;AccountKey=OrRfzSm3ktQSklAGiL90/QusS7SdS6Y5S/AJoxZEeyKYDtnue7OKYIMLOraTnT4xcOyhYbqzWVmtTKappcc5Fg==;EndpointSuffix=core.windows.net\nDefaultEndpointsProtocol=https;AccountName=vbalaorcentral1;AccountKey=vlHMz/LZ3Sx7r/1bdTQT26pG0tqORQ4uTIcxGhHB0LQhIhqGxfv2TXV7u\u002BI2ra4UWXrWGGHG2N6l\u002BBfb5FgAcQ==;EndpointSuffix=core.windows.net"
  }
}