{
  "Entries": [
    {
      "RequestUri": "http://seanstagetest.file.core.windows.net/test-share-9b47d107-bc52-d9c5-aeab-5be4c1d68027?restype=share",
      "RequestMethod": "PUT",
      "RequestHeaders": {
        "Authorization": "Sanitized",
        "traceparent": "00-0cbb4478e6c3974c9f0828726585372a-2a52bb32554b6f4a-00",
        "User-Agent": [
          "azsdk-net-Storage.Files.Shares/12.0.0-dev.20191209.1\u002B61bda4d1783b0e05dba0d434ff14b2840726d3b1",
          "(.NET Core 4.6.28008.01; Microsoft Windows 10.0.18363 )"
        ],
        "x-ms-client-request-id": "2069fc7d-4856-6a64-6d04-2ffa54687d64",
        "x-ms-date": "Tue, 10 Dec 2019 05:59:04 GMT",
        "x-ms-return-client-request-id": "true",
        "x-ms-version": "2019-07-07"
      },
      "RequestBody": null,
      "StatusCode": 201,
      "ResponseHeaders": {
        "Content-Length": "0",
        "Date": "Tue, 10 Dec 2019 05:59:04 GMT",
        "ETag": "\u00220x8D77D360FE62A94\u0022",
        "Last-Modified": "Tue, 10 Dec 2019 05:59:04 GMT",
        "Server": [
          "Windows-Azure-File/1.0",
          "Microsoft-HTTPAPI/2.0"
        ],
        "x-ms-client-request-id": "2069fc7d-4856-6a64-6d04-2ffa54687d64",
        "x-ms-request-id": "8749bd6d-c01a-0019-6c1e-af1280000000",
        "x-ms-version": "2019-07-07"
      },
      "ResponseBody": []
    },
    {
      "RequestUri": "http://seanstagetest.file.core.windows.net/test-share-9b47d107-bc52-d9c5-aeab-5be4c1d68027/test-directory-db31a363-c2c3-4588-e730-b639c3a86c70?comp=forceclosehandles",
      "RequestMethod": "PUT",
      "RequestHeaders": {
        "Authorization": "Sanitized",
        "traceparent": "00-b511fb95810a7b4f8590278064b626e9-69fe0c3a659dd749-00",
        "User-Agent": [
          "azsdk-net-Storage.Files.Shares/12.0.0-dev.20191209.1\u002B61bda4d1783b0e05dba0d434ff14b2840726d3b1",
          "(.NET Core 4.6.28008.01; Microsoft Windows 10.0.18363 )"
        ],
        "x-ms-client-request-id": "c8b8949c-190c-bb92-7424-3825912ba6c4",
        "x-ms-date": "Tue, 10 Dec 2019 05:59:04 GMT",
        "x-ms-handle-id": "nonExistantHandleId",
        "x-ms-return-client-request-id": "true",
        "x-ms-version": "2019-07-07"
      },
      "RequestBody": null,
      "StatusCode": 400,
      "ResponseHeaders": {
        "Content-Length": "339",
        "Content-Type": "application/xml",
        "Date": "Tue, 10 Dec 2019 05:59:04 GMT",
        "Server": [
          "Windows-Azure-File/1.0",
          "Microsoft-HTTPAPI/2.0"
        ],
        "x-ms-client-request-id": "c8b8949c-190c-bb92-7424-3825912ba6c4",
        "x-ms-error-code": "InvalidHeaderValue",
        "x-ms-request-id": "8749bd6f-c01a-0019-6d1e-af1280000000",
        "x-ms-version": "2019-07-07"
      },
      "ResponseBody": [
        "\uFEFF\u003C?xml version=\u00221.0\u0022 encoding=\u0022utf-8\u0022?\u003E\u003CError\u003E\u003CCode\u003EInvalidHeaderValue\u003C/Code\u003E\u003CMessage\u003EThe value for one of the HTTP headers is not in the correct format.\n",
        "RequestId:8749bd6f-c01a-0019-6d1e-af1280000000\n",
        "Time:2019-12-10T05:59:04.5633012Z\u003C/Message\u003E\u003CHeaderName\u003Ex-ms-handle-id\u003C/HeaderName\u003E\u003CHeaderValue\u003EnonExistantHandleId\u003C/HeaderValue\u003E\u003C/Error\u003E"
      ]
    },
    {
      "RequestUri": "http://seanstagetest.file.core.windows.net/test-share-9b47d107-bc52-d9c5-aeab-5be4c1d68027?restype=share",
      "RequestMethod": "DELETE",
      "RequestHeaders": {
        "Authorization": "Sanitized",
        "traceparent": "00-ba91471db397664ba3a994bfaa750b85-701cda9ab4be4f4e-00",
        "User-Agent": [
          "azsdk-net-Storage.Files.Shares/12.0.0-dev.20191209.1\u002B61bda4d1783b0e05dba0d434ff14b2840726d3b1",
          "(.NET Core 4.6.28008.01; Microsoft Windows 10.0.18363 )"
        ],
        "x-ms-client-request-id": "2e9c3b6e-a3f0-9d64-73ab-504827ac44bc",
        "x-ms-date": "Tue, 10 Dec 2019 05:59:04 GMT",
        "x-ms-delete-snapshots": "include",
        "x-ms-return-client-request-id": "true",
        "x-ms-version": "2019-07-07"
      },
      "RequestBody": null,
      "StatusCode": 202,
      "ResponseHeaders": {
        "Content-Length": "0",
        "Date": "Tue, 10 Dec 2019 05:59:04 GMT",
        "Server": [
          "Windows-Azure-File/1.0",
          "Microsoft-HTTPAPI/2.0"
        ],
        "x-ms-client-request-id": "2e9c3b6e-a3f0-9d64-73ab-504827ac44bc",
        "x-ms-request-id": "8749bd70-c01a-0019-6e1e-af1280000000",
        "x-ms-version": "2019-07-07"
      },
      "ResponseBody": []
    }
  ],
  "Variables": {
    "RandomSeed": "402664489",
    "Storage_TestConfigDefault": "ProductionTenant\nseanstagetest\nU2FuaXRpemVk\nhttp://seanstagetest.blob.core.windows.net\nhttp://seanstagetest.file.core.windows.net\nhttp://seanstagetest.queue.core.windows.net\nhttp://seanstagetest.table.core.windows.net\n\n\n\n\nhttp://seanstagetest-secondary.blob.core.windows.net\nhttp://seanstagetest-secondary.file.core.windows.net\nhttp://seanstagetest-secondary.queue.core.windows.net\nhttp://seanstagetest-secondary.table.core.windows.net\n\nSanitized\n\n\nCloud\nBlobEndpoint=http://seanstagetest.blob.core.windows.net/;QueueEndpoint=http://seanstagetest.queue.core.windows.net/;FileEndpoint=http://seanstagetest.file.core.windows.net/;BlobSecondaryEndpoint=http://seanstagetest-secondary.blob.core.windows.net/;QueueSecondaryEndpoint=http://seanstagetest-secondary.queue.core.windows.net/;FileSecondaryEndpoint=http://seanstagetest-secondary.file.core.windows.net/;AccountName=seanstagetest;AccountKey=Sanitized"
  }
}