{
  "Entries": [
    {
      "RequestUri": "https://seanmcccanary.file.core.windows.net/test-share-373292bb-f174-5608-1b8e-ea38de98bf31?restype=share",
      "RequestMethod": "PUT",
      "RequestHeaders": {
        "Authorization": "Sanitized",
        "traceparent": "00-690fb1dfde150f4aa4c0c8d89e525bb7-51befaff6d5b1d4c-00",
        "User-Agent": [
          "azsdk-net-Storage.Files.Shares/12.3.0-dev.20200702.1",
          "(.NET Core 4.6.28801.04; Microsoft Windows 10.0.18362 )"
        ],
        "x-ms-client-request-id": "6065c7af-3793-45ae-8059-c8c729a1b861",
        "x-ms-date": "Thu, 02 Jul 2020 21:01:28 GMT",
        "x-ms-return-client-request-id": "true",
        "x-ms-version": "2020-04-08"
      },
      "RequestBody": null,
      "StatusCode": 201,
      "ResponseHeaders": {
        "Content-Length": "0",
        "Date": "Thu, 02 Jul 2020 21:01:28 GMT",
        "ETag": "\u00220x8D81ECB178420A1\u0022",
        "Last-Modified": "Thu, 02 Jul 2020 21:01:29 GMT",
        "Server": [
          "Windows-Azure-File/1.0",
          "Microsoft-HTTPAPI/2.0"
        ],
        "x-ms-client-request-id": "6065c7af-3793-45ae-8059-c8c729a1b861",
        "x-ms-request-id": "52494d78-901a-0014-0fb3-5005cf000000",
        "x-ms-version": "2020-04-08"
      },
      "ResponseBody": []
    },
    {
      "RequestUri": "https://seanmcccanary.file.core.windows.net/test-share-373292bb-f174-5608-1b8e-ea38de98bf31/directory?restype=directory",
      "RequestMethod": "PUT",
      "RequestHeaders": {
        "Authorization": "Sanitized",
        "traceparent": "00-583368f9a68a1a4f94c309670e08d5f2-f2d7dabfaab70440-00",
        "User-Agent": [
          "azsdk-net-Storage.Files.Shares/12.3.0-dev.20200702.1",
          "(.NET Core 4.6.28801.04; Microsoft Windows 10.0.18362 )"
        ],
        "x-ms-client-request-id": "1688bbc7-5f33-519e-30f7-f166f9de0e51",
        "x-ms-date": "Thu, 02 Jul 2020 21:01:29 GMT",
        "x-ms-file-attributes": "None",
        "x-ms-file-creation-time": "Now",
        "x-ms-file-last-write-time": "Now",
        "x-ms-file-permission": "Inherit",
        "x-ms-return-client-request-id": "true",
        "x-ms-version": "2020-04-08"
      },
      "RequestBody": null,
      "StatusCode": 201,
      "ResponseHeaders": {
        "Content-Length": "0",
        "Date": "Thu, 02 Jul 2020 21:01:29 GMT",
        "ETag": "\u00220x8D81ECB178DF0B6\u0022",
        "Last-Modified": "Thu, 02 Jul 2020 21:01:29 GMT",
        "Server": [
          "Windows-Azure-File/1.0",
          "Microsoft-HTTPAPI/2.0"
        ],
        "x-ms-client-request-id": "1688bbc7-5f33-519e-30f7-f166f9de0e51",
        "x-ms-file-attributes": "Directory",
        "x-ms-file-change-time": "2020-07-02T21:01:29.5297718Z",
        "x-ms-file-creation-time": "2020-07-02T21:01:29.5297718Z",
        "x-ms-file-id": "13835128424026341376",
        "x-ms-file-last-write-time": "2020-07-02T21:01:29.5297718Z",
        "x-ms-file-parent-id": "0",
        "x-ms-file-permission-key": "11811099930176499864*14641856446884751121",
        "x-ms-request-id": "52494d7b-901a-0014-10b3-5005cf000000",
        "x-ms-request-server-encrypted": "true",
        "x-ms-version": "2020-04-08"
      },
      "ResponseBody": []
    },
    {
      "RequestUri": "https://seanmcccanary.file.core.windows.net/test-share-373292bb-f174-5608-1b8e-ea38de98bf31/directory/file",
      "RequestMethod": "PUT",
      "RequestHeaders": {
        "Authorization": "Sanitized",
        "traceparent": "00-c7d2a271c69c2145ad39d87e7107e142-0b5238a8d91c7e4c-00",
        "User-Agent": [
          "azsdk-net-Storage.Files.Shares/12.3.0-dev.20200702.1",
          "(.NET Core 4.6.28801.04; Microsoft Windows 10.0.18362 )"
        ],
        "x-ms-client-request-id": "6dff15d9-a118-742e-1486-b1c7cdcb000d",
        "x-ms-content-length": "1024",
        "x-ms-date": "Thu, 02 Jul 2020 21:01:29 GMT",
        "x-ms-file-attributes": "None",
        "x-ms-file-creation-time": "Now",
        "x-ms-file-last-write-time": "Now",
        "x-ms-file-permission": "Inherit",
        "x-ms-return-client-request-id": "true",
        "x-ms-type": "file",
        "x-ms-version": "2020-04-08"
      },
      "RequestBody": null,
      "StatusCode": 201,
      "ResponseHeaders": {
        "Content-Length": "0",
        "Date": "Thu, 02 Jul 2020 21:01:29 GMT",
        "ETag": "\u00220x8D81ECB17998B94\u0022",
        "Last-Modified": "Thu, 02 Jul 2020 21:01:29 GMT",
        "Server": [
          "Windows-Azure-File/1.0",
          "Microsoft-HTTPAPI/2.0"
        ],
        "x-ms-client-request-id": "6dff15d9-a118-742e-1486-b1c7cdcb000d",
        "x-ms-file-attributes": "Archive",
        "x-ms-file-change-time": "2020-07-02T21:01:29.6058260Z",
        "x-ms-file-creation-time": "2020-07-02T21:01:29.6058260Z",
        "x-ms-file-id": "11529285414812647424",
        "x-ms-file-last-write-time": "2020-07-02T21:01:29.6058260Z",
        "x-ms-file-parent-id": "13835128424026341376",
        "x-ms-file-permission-key": "7175002341387128735*14641856446884751121",
        "x-ms-request-id": "52494d7c-901a-0014-11b3-5005cf000000",
        "x-ms-request-server-encrypted": "true",
        "x-ms-version": "2020-04-08"
      },
      "ResponseBody": []
    },
    {
      "RequestUri": "https://seanmcccanary.file.core.windows.net/test-share-373292bb-f174-5608-1b8e-ea38de98bf31/directory/file",
      "RequestMethod": "HEAD",
      "RequestHeaders": {
        "Authorization": "Sanitized",
        "User-Agent": [
          "azsdk-net-Storage.Files.Shares/12.3.0-dev.20200702.1",
          "(.NET Core 4.6.28801.04; Microsoft Windows 10.0.18362 )"
        ],
        "x-ms-client-request-id": "e48db2b2-a0de-8338-617f-0e0933a723c9",
        "x-ms-date": "Thu, 02 Jul 2020 21:01:29 GMT",
        "x-ms-return-client-request-id": "true",
        "x-ms-version": "2020-04-08"
      },
      "RequestBody": null,
      "StatusCode": 200,
      "ResponseHeaders": {
        "Content-Length": "0",
        "Content-Type": "application/octet-stream",
        "Date": "Thu, 02 Jul 2020 21:01:29 GMT",
        "ETag": "\u00220x8D81ECB17998B94\u0022",
        "Last-Modified": "Thu, 02 Jul 2020 21:01:29 GMT",
        "Server": [
          "Windows-Azure-File/1.0",
          "Microsoft-HTTPAPI/2.0"
        ],
        "x-ms-client-request-id": "e48db2b2-a0de-8338-617f-0e0933a723c9",
        "x-ms-file-attributes": "Archive",
        "x-ms-file-change-time": "2020-07-02T21:01:29.6058260Z",
        "x-ms-file-creation-time": "2020-07-02T21:01:29.6058260Z",
        "x-ms-file-id": "11529285414812647424",
        "x-ms-file-last-write-time": "2020-07-02T21:01:29.6058260Z",
        "x-ms-file-parent-id": "13835128424026341376",
        "x-ms-file-permission-key": "7175002341387128735*14641856446884751121",
        "x-ms-lease-state": "available",
        "x-ms-lease-status": "unlocked",
        "x-ms-request-id": "465cd416-501a-0046-0fb3-507927000000",
        "x-ms-server-encrypted": "true",
        "x-ms-type": "File",
        "x-ms-version": "2020-04-08"
      },
      "ResponseBody": []
    },
    {
      "RequestUri": "https://seanmcccanary.file.core.windows.net/test-share-373292bb-f174-5608-1b8e-ea38de98bf31/directory?restype=directory\u0026comp=list",
      "RequestMethod": "GET",
      "RequestHeaders": {
        "Authorization": "Sanitized",
        "User-Agent": [
          "azsdk-net-Storage.Files.Shares/12.3.0-dev.20200702.1",
          "(.NET Core 4.6.28801.04; Microsoft Windows 10.0.18362 )"
        ],
        "x-ms-client-request-id": "1a159927-1b3d-4a2e-baec-0fcc4e18afa4",
        "x-ms-date": "Thu, 02 Jul 2020 21:01:29 GMT",
        "x-ms-return-client-request-id": "true",
        "x-ms-version": "2020-04-08"
      },
      "RequestBody": null,
      "StatusCode": 200,
      "ResponseHeaders": {
        "Content-Type": "application/xml",
        "Date": "Thu, 02 Jul 2020 21:01:29 GMT",
        "Server": [
          "Windows-Azure-File/1.0",
          "Microsoft-HTTPAPI/2.0"
        ],
        "Transfer-Encoding": "chunked",
        "x-ms-client-request-id": "1a159927-1b3d-4a2e-baec-0fcc4e18afa4",
        "x-ms-request-id": "52494d7d-901a-0014-12b3-5005cf000000",
        "x-ms-version": "2020-04-08"
      },
      "ResponseBody": "\uFEFF\u003C?xml version=\u00221.0\u0022 encoding=\u0022utf-8\u0022?\u003E\u003CEnumerationResults ServiceEndpoint=\u0022https://seanmcccanary.file.core.windows.net/\u0022 ShareName=\u0022test-share-373292bb-f174-5608-1b8e-ea38de98bf31\u0022 DirectoryPath=\u0022directory\u0022\u003E\u003CEntries\u003E\u003CFile\u003E\u003CName\u003Efile\u003C/Name\u003E\u003CProperties\u003E\u003CContent-Length\u003E1024\u003C/Content-Length\u003E\u003C/Properties\u003E\u003C/File\u003E\u003C/Entries\u003E\u003CNextMarker /\u003E\u003C/EnumerationResults\u003E"
    },
    {
      "RequestUri": "https://seanmcccanary.file.core.windows.net/test-share-373292bb-f174-5608-1b8e-ea38de98bf31/directory/file?sv=2020-04-08\u0026st=2020-07-02T20%3A01%3A29Z\u0026se=2020-07-02T22%3A01%3A29Z\u0026sr=f\u0026sp=rcwd\u0026sig=Sanitized",
      "RequestMethod": "HEAD",
      "RequestHeaders": {
        "traceparent": "00-ef3f89d3a328ba45aad52c3ee4206a24-42beb735ec422141-00",
        "User-Agent": [
          "azsdk-net-Storage.Files.Shares/12.3.0-dev.20200702.1",
          "(.NET Core 4.6.28801.04; Microsoft Windows 10.0.18362 )"
        ],
        "x-ms-client-request-id": "9ae2fef6-0892-4f8b-3764-44bbc4262ed9",
        "x-ms-return-client-request-id": "true",
        "x-ms-version": "2020-04-08"
      },
      "RequestBody": null,
      "StatusCode": 200,
      "ResponseHeaders": {
        "Content-Length": "0",
        "Content-Type": "application/octet-stream",
        "Date": "Thu, 02 Jul 2020 21:01:29 GMT",
        "ETag": "\u00220x8D81ECB17998B94\u0022",
        "Last-Modified": "Thu, 02 Jul 2020 21:01:29 GMT",
        "Server": [
          "Windows-Azure-File/1.0",
          "Microsoft-HTTPAPI/2.0"
        ],
        "x-ms-client-request-id": "9ae2fef6-0892-4f8b-3764-44bbc4262ed9",
        "x-ms-file-attributes": "Archive",
        "x-ms-file-change-time": "2020-07-02T21:01:29.6058260Z",
        "x-ms-file-creation-time": "2020-07-02T21:01:29.6058260Z",
        "x-ms-file-id": "11529285414812647424",
        "x-ms-file-last-write-time": "2020-07-02T21:01:29.6058260Z",
        "x-ms-file-parent-id": "13835128424026341376",
        "x-ms-file-permission-key": "7175002341387128735*14641856446884751121",
        "x-ms-lease-state": "available",
        "x-ms-lease-status": "unlocked",
        "x-ms-request-id": "e0155335-101a-0078-1cb3-50ee58000000",
        "x-ms-server-encrypted": "true",
        "x-ms-type": "File",
        "x-ms-version": "2020-04-08"
      },
      "ResponseBody": []
    },
    {
      "RequestUri": "https://seanmcccanary.file.core.windows.net/test-share-373292bb-f174-5608-1b8e-ea38de98bf31?restype=share",
      "RequestMethod": "DELETE",
      "RequestHeaders": {
        "Authorization": "Sanitized",
        "traceparent": "00-2f434542ef87db4fad2fb261eba840c1-f37f85be2631604a-00",
        "User-Agent": [
          "azsdk-net-Storage.Files.Shares/12.3.0-dev.20200702.1",
          "(.NET Core 4.6.28801.04; Microsoft Windows 10.0.18362 )"
        ],
        "x-ms-client-request-id": "4fd61489-1536-6b12-2b0d-4ef21bb41998",
        "x-ms-date": "Thu, 02 Jul 2020 21:01:29 GMT",
        "x-ms-delete-snapshots": "include",
        "x-ms-return-client-request-id": "true",
        "x-ms-version": "2020-04-08"
      },
      "RequestBody": null,
      "StatusCode": 202,
      "ResponseHeaders": {
        "Content-Length": "0",
        "Date": "Thu, 02 Jul 2020 21:01:29 GMT",
        "Server": [
          "Windows-Azure-File/1.0",
          "Microsoft-HTTPAPI/2.0"
        ],
        "x-ms-client-request-id": "4fd61489-1536-6b12-2b0d-4ef21bb41998",
        "x-ms-request-id": "52494d7e-901a-0014-13b3-5005cf000000",
        "x-ms-version": "2020-04-08"
      },
      "ResponseBody": []
    }
  ],
  "Variables": {
    "DateTimeOffsetNow": "2020-07-02T16:01:29.5516444-05:00",
    "RandomSeed": "357069887",
    "Storage_TestConfigDefault": "ProductionTenant\nseanmcccanary\nU2FuaXRpemVk\nhttps://seanmcccanary.blob.core.windows.net\nhttps://seanmcccanary.file.core.windows.net\nhttps://seanmcccanary.queue.core.windows.net\nhttps://seanmcccanary.table.core.windows.net\n\n\n\n\nhttps://seanmcccanary-secondary.blob.core.windows.net\nhttps://seanmcccanary-secondary.file.core.windows.net\nhttps://seanmcccanary-secondary.queue.core.windows.net\nhttps://seanmcccanary-secondary.table.core.windows.net\n\nSanitized\n\n\nCloud\nBlobEndpoint=https://seanmcccanary.blob.core.windows.net/;QueueEndpoint=https://seanmcccanary.queue.core.windows.net/;FileEndpoint=https://seanmcccanary.file.core.windows.net/;BlobSecondaryEndpoint=https://seanmcccanary-secondary.blob.core.windows.net/;QueueSecondaryEndpoint=https://seanmcccanary-secondary.queue.core.windows.net/;FileSecondaryEndpoint=https://seanmcccanary-secondary.file.core.windows.net/;AccountName=seanmcccanary;AccountKey=Kg==;\nseanscope1"
  }
}