{
  "Entries": [
    {
      "RequestUri": "https://seanmcccanary.file.core.windows.net/test-share-d3876d20-d4cc-7423-2e1d-81e4ab8a4409?restype=share",
      "RequestMethod": "PUT",
      "RequestHeaders": {
        "Authorization": "Sanitized",
        "traceparent": "00-ab1cf0e89b887a43861b121380ce3c76-17d00bea32366346-00",
        "User-Agent": [
          "azsdk-net-Storage.Files.Shares/12.3.0-dev.20200702.1",
          "(.NET Core 4.6.28801.04; Microsoft Windows 10.0.18362 )"
        ],
        "x-ms-client-request-id": "9a12e182-991d-b20e-fa43-9384e331b520",
        "x-ms-date": "Thu, 02 Jul 2020 21:01:26 GMT",
        "x-ms-return-client-request-id": "true",
        "x-ms-version": "2020-04-08"
      },
      "RequestBody": null,
      "StatusCode": 201,
      "ResponseHeaders": {
        "Content-Length": "0",
        "Date": "Thu, 02 Jul 2020 21:01:25 GMT",
        "ETag": "\u00220x8D81ECB15DFA5A3\u0022",
        "Last-Modified": "Thu, 02 Jul 2020 21:01:26 GMT",
        "Server": [
          "Windows-Azure-File/1.0",
          "Microsoft-HTTPAPI/2.0"
        ],
        "x-ms-client-request-id": "9a12e182-991d-b20e-fa43-9384e331b520",
        "x-ms-request-id": "3e00015e-d01a-0083-18b3-5053c2000000",
        "x-ms-version": "2020-04-08"
      },
      "ResponseBody": []
    },
    {
      "RequestUri": "https://seanmcccanary.file.core.windows.net/test-share-d3876d20-d4cc-7423-2e1d-81e4ab8a4409/%21%27%28%29%3B%5B%5D?restype=directory",
      "RequestMethod": "PUT",
      "RequestHeaders": {
        "Authorization": "Sanitized",
        "traceparent": "00-42b39ddce0985c40bde5a7bc43d26a51-a8de5c7f2f0c0247-00",
        "User-Agent": [
          "azsdk-net-Storage.Files.Shares/12.3.0-dev.20200702.1",
          "(.NET Core 4.6.28801.04; Microsoft Windows 10.0.18362 )"
        ],
        "x-ms-client-request-id": "ca61dbd6-aa78-b8ec-c181-fa25248f36dc",
        "x-ms-date": "Thu, 02 Jul 2020 21:01:26 GMT",
        "x-ms-file-attributes": "None",
        "x-ms-file-creation-time": "Now",
        "x-ms-file-last-write-time": "Now",
        "x-ms-file-permission": "Inherit",
        "x-ms-return-client-request-id": "true",
        "x-ms-version": "2020-04-08"
      },
      "RequestBody": null,
      "StatusCode": 201,
      "ResponseHeaders": {
        "Content-Length": "0",
        "Date": "Thu, 02 Jul 2020 21:01:25 GMT",
        "ETag": "\u00220x8D81ECB15E9B78D\u0022",
        "Last-Modified": "Thu, 02 Jul 2020 21:01:26 GMT",
        "Server": [
          "Windows-Azure-File/1.0",
          "Microsoft-HTTPAPI/2.0"
        ],
        "x-ms-client-request-id": "ca61dbd6-aa78-b8ec-c181-fa25248f36dc",
        "x-ms-file-attributes": "Directory",
        "x-ms-file-change-time": "2020-07-02T21:01:26.7757965Z",
        "x-ms-file-creation-time": "2020-07-02T21:01:26.7757965Z",
        "x-ms-file-id": "13835128424026341376",
        "x-ms-file-last-write-time": "2020-07-02T21:01:26.7757965Z",
        "x-ms-file-parent-id": "0",
        "x-ms-file-permission-key": "11811099930176499864*14641856446884751121",
        "x-ms-request-id": "3e000161-d01a-0083-19b3-5053c2000000",
        "x-ms-request-server-encrypted": "true",
        "x-ms-version": "2020-04-08"
      },
      "ResponseBody": []
    },
    {
      "RequestUri": "https://seanmcccanary.file.core.windows.net/test-share-d3876d20-d4cc-7423-2e1d-81e4ab8a4409/%21%27%28%29%3B%5B%5D/%2521%2527%2528%2529%253B%255B%2523\u00E4\u00C4\u00F6\u00D6\u00FC\u00DC\u00DF%253B",
      "RequestMethod": "PUT",
      "RequestHeaders": {
        "Authorization": "Sanitized",
        "traceparent": "00-acd6ba7dab135c4a85175614949b927a-f7361848965f7241-00",
        "User-Agent": [
          "azsdk-net-Storage.Files.Shares/12.3.0-dev.20200702.1",
          "(.NET Core 4.6.28801.04; Microsoft Windows 10.0.18362 )"
        ],
        "x-ms-client-request-id": "07ae6589-eacf-40a8-4d18-198929e144c8",
        "x-ms-content-length": "1024",
        "x-ms-date": "Thu, 02 Jul 2020 21:01:26 GMT",
        "x-ms-file-attributes": "None",
        "x-ms-file-creation-time": "Now",
        "x-ms-file-last-write-time": "Now",
        "x-ms-file-permission": "Inherit",
        "x-ms-return-client-request-id": "true",
        "x-ms-type": "file",
        "x-ms-version": "2020-04-08"
      },
      "RequestBody": null,
      "StatusCode": 201,
      "ResponseHeaders": {
        "Content-Length": "0",
        "Date": "Thu, 02 Jul 2020 21:01:26 GMT",
        "ETag": "\u00220x8D81ECB15F2E101\u0022",
        "Last-Modified": "Thu, 02 Jul 2020 21:01:26 GMT",
        "Server": [
          "Windows-Azure-File/1.0",
          "Microsoft-HTTPAPI/2.0"
        ],
        "x-ms-client-request-id": "07ae6589-eacf-40a8-4d18-198929e144c8",
        "x-ms-file-attributes": "Archive",
        "x-ms-file-change-time": "2020-07-02T21:01:26.8358401Z",
        "x-ms-file-creation-time": "2020-07-02T21:01:26.8358401Z",
        "x-ms-file-id": "11529285414812647424",
        "x-ms-file-last-write-time": "2020-07-02T21:01:26.8358401Z",
        "x-ms-file-parent-id": "13835128424026341376",
        "x-ms-file-permission-key": "7175002341387128735*14641856446884751121",
        "x-ms-request-id": "3e000162-d01a-0083-1ab3-5053c2000000",
        "x-ms-request-server-encrypted": "true",
        "x-ms-version": "2020-04-08"
      },
      "ResponseBody": []
    },
    {
      "RequestUri": "https://seanmcccanary.file.core.windows.net/test-share-d3876d20-d4cc-7423-2e1d-81e4ab8a4409/%21%27%28%29%3B%5B%5D/%2521%2527%2528%2529%253B%255B%2523\u00E4\u00C4\u00F6\u00D6\u00FC\u00DC\u00DF%253B",
      "RequestMethod": "HEAD",
      "RequestHeaders": {
        "Authorization": "Sanitized",
        "User-Agent": [
          "azsdk-net-Storage.Files.Shares/12.3.0-dev.20200702.1",
          "(.NET Core 4.6.28801.04; Microsoft Windows 10.0.18362 )"
        ],
        "x-ms-client-request-id": "be9c7143-2ee1-bd0c-9686-3217521135f7",
        "x-ms-date": "Thu, 02 Jul 2020 21:01:26 GMT",
        "x-ms-return-client-request-id": "true",
        "x-ms-version": "2020-04-08"
      },
      "RequestBody": null,
      "StatusCode": 200,
      "ResponseHeaders": {
        "Content-Length": "0",
        "Content-Type": "application/octet-stream",
        "Date": "Thu, 02 Jul 2020 21:01:26 GMT",
        "ETag": "\u00220x8D81ECB15F2E101\u0022",
        "Last-Modified": "Thu, 02 Jul 2020 21:01:26 GMT",
        "Server": [
          "Windows-Azure-File/1.0",
          "Microsoft-HTTPAPI/2.0"
        ],
        "x-ms-client-request-id": "be9c7143-2ee1-bd0c-9686-3217521135f7",
        "x-ms-file-attributes": "Archive",
        "x-ms-file-change-time": "2020-07-02T21:01:26.8358401Z",
        "x-ms-file-creation-time": "2020-07-02T21:01:26.8358401Z",
        "x-ms-file-id": "11529285414812647424",
        "x-ms-file-last-write-time": "2020-07-02T21:01:26.8358401Z",
        "x-ms-file-parent-id": "13835128424026341376",
        "x-ms-file-permission-key": "7175002341387128735*14641856446884751121",
        "x-ms-lease-state": "available",
        "x-ms-lease-status": "unlocked",
        "x-ms-request-id": "87ed7418-f01a-003d-34b3-503bbb000000",
        "x-ms-server-encrypted": "true",
        "x-ms-type": "File",
        "x-ms-version": "2020-04-08"
      },
      "ResponseBody": []
    },
    {
      "RequestUri": "https://seanmcccanary.file.core.windows.net/test-share-d3876d20-d4cc-7423-2e1d-81e4ab8a4409/%21%27%28%29%3B%5B%5D?restype=directory\u0026comp=list",
      "RequestMethod": "GET",
      "RequestHeaders": {
        "Authorization": "Sanitized",
        "User-Agent": [
          "azsdk-net-Storage.Files.Shares/12.3.0-dev.20200702.1",
          "(.NET Core 4.6.28801.04; Microsoft Windows 10.0.18362 )"
        ],
        "x-ms-client-request-id": "b745f634-8545-07e6-da0a-a02507e6172f",
        "x-ms-date": "Thu, 02 Jul 2020 21:01:26 GMT",
        "x-ms-return-client-request-id": "true",
        "x-ms-version": "2020-04-08"
      },
      "RequestBody": null,
      "StatusCode": 200,
      "ResponseHeaders": {
        "Content-Type": "application/xml",
        "Date": "Thu, 02 Jul 2020 21:01:26 GMT",
        "Server": [
          "Windows-Azure-File/1.0",
          "Microsoft-HTTPAPI/2.0"
        ],
        "Transfer-Encoding": "chunked",
        "x-ms-client-request-id": "b745f634-8545-07e6-da0a-a02507e6172f",
        "x-ms-request-id": "3e000164-d01a-0083-1bb3-5053c2000000",
        "x-ms-version": "2020-04-08"
      },
      "ResponseBody": "\uFEFF\u003C?xml version=\u00221.0\u0022 encoding=\u0022utf-8\u0022?\u003E\u003CEnumerationResults ServiceEndpoint=\u0022https://seanmcccanary.file.core.windows.net/\u0022 ShareName=\u0022test-share-d3876d20-d4cc-7423-2e1d-81e4ab8a4409\u0022 DirectoryPath=\u0022!\u0027();[]\u0022\u003E\u003CEntries\u003E\u003CFile\u003E\u003CName\u003E%21%27%28%29%3B%5B%23\u00E4\u00C4\u00F6\u00D6\u00FC\u00DC\u00DF%3B\u003C/Name\u003E\u003CProperties\u003E\u003CContent-Length\u003E1024\u003C/Content-Length\u003E\u003C/Properties\u003E\u003C/File\u003E\u003C/Entries\u003E\u003CNextMarker /\u003E\u003C/EnumerationResults\u003E"
    },
    {
      "RequestUri": "https://seanmcccanary.file.core.windows.net/test-share-d3876d20-d4cc-7423-2e1d-81e4ab8a4409/%21%27%28%29%3B%5B%5D/%2521%2527%2528%2529%253B%255B%2523\u00E4\u00C4\u00F6\u00D6\u00FC\u00DC\u00DF%253B?sv=2020-04-08\u0026st=2020-07-02T20%3A01%3A26Z\u0026se=2020-07-02T22%3A01%3A26Z\u0026sr=f\u0026sp=rcwd\u0026sig=Sanitized",
      "RequestMethod": "HEAD",
      "RequestHeaders": {
        "traceparent": "00-b1b8683664b4254fb4110306e2f40660-e621109032691f47-00",
        "User-Agent": [
          "azsdk-net-Storage.Files.Shares/12.3.0-dev.20200702.1",
          "(.NET Core 4.6.28801.04; Microsoft Windows 10.0.18362 )"
        ],
        "x-ms-client-request-id": "5ce321ae-7dcb-e0b2-9172-11cb65b74781",
        "x-ms-return-client-request-id": "true",
        "x-ms-version": "2020-04-08"
      },
      "RequestBody": null,
      "StatusCode": 200,
      "ResponseHeaders": {
        "Content-Length": "0",
        "Content-Type": "application/octet-stream",
        "Date": "Thu, 02 Jul 2020 21:01:26 GMT",
        "ETag": "\u00220x8D81ECB15F2E101\u0022",
        "Last-Modified": "Thu, 02 Jul 2020 21:01:26 GMT",
        "Server": [
          "Windows-Azure-File/1.0",
          "Microsoft-HTTPAPI/2.0"
        ],
        "x-ms-client-request-id": "5ce321ae-7dcb-e0b2-9172-11cb65b74781",
        "x-ms-file-attributes": "Archive",
        "x-ms-file-change-time": "2020-07-02T21:01:26.8358401Z",
        "x-ms-file-creation-time": "2020-07-02T21:01:26.8358401Z",
        "x-ms-file-id": "11529285414812647424",
        "x-ms-file-last-write-time": "2020-07-02T21:01:26.8358401Z",
        "x-ms-file-parent-id": "13835128424026341376",
        "x-ms-file-permission-key": "7175002341387128735*14641856446884751121",
        "x-ms-lease-state": "available",
        "x-ms-lease-status": "unlocked",
        "x-ms-request-id": "5774f23c-001a-005b-25b3-50749b000000",
        "x-ms-server-encrypted": "true",
        "x-ms-type": "File",
        "x-ms-version": "2020-04-08"
      },
      "ResponseBody": []
    },
    {
      "RequestUri": "https://seanmcccanary.file.core.windows.net/test-share-d3876d20-d4cc-7423-2e1d-81e4ab8a4409?restype=share",
      "RequestMethod": "DELETE",
      "RequestHeaders": {
        "Authorization": "Sanitized",
        "traceparent": "00-2c29087ca920d14d816b8b45fb22a396-05efd8dd26dc3c46-00",
        "User-Agent": [
          "azsdk-net-Storage.Files.Shares/12.3.0-dev.20200702.1",
          "(.NET Core 4.6.28801.04; Microsoft Windows 10.0.18362 )"
        ],
        "x-ms-client-request-id": "e676e547-ba03-4f63-4686-5e51e681d7dc",
        "x-ms-date": "Thu, 02 Jul 2020 21:01:26 GMT",
        "x-ms-delete-snapshots": "include",
        "x-ms-return-client-request-id": "true",
        "x-ms-version": "2020-04-08"
      },
      "RequestBody": null,
      "StatusCode": 202,
      "ResponseHeaders": {
        "Content-Length": "0",
        "Date": "Thu, 02 Jul 2020 21:01:26 GMT",
        "Server": [
          "Windows-Azure-File/1.0",
          "Microsoft-HTTPAPI/2.0"
        ],
        "x-ms-client-request-id": "e676e547-ba03-4f63-4686-5e51e681d7dc",
        "x-ms-request-id": "3e000165-d01a-0083-1cb3-5053c2000000",
        "x-ms-version": "2020-04-08"
      },
      "ResponseBody": []
    }
  ],
  "Variables": {
    "DateTimeOffsetNow": "2020-07-02T16:01:26.7683696-05:00",
    "RandomSeed": "470108231",
    "Storage_TestConfigDefault": "ProductionTenant\nseanmcccanary\nU2FuaXRpemVk\nhttps://seanmcccanary.blob.core.windows.net\nhttps://seanmcccanary.file.core.windows.net\nhttps://seanmcccanary.queue.core.windows.net\nhttps://seanmcccanary.table.core.windows.net\n\n\n\n\nhttps://seanmcccanary-secondary.blob.core.windows.net\nhttps://seanmcccanary-secondary.file.core.windows.net\nhttps://seanmcccanary-secondary.queue.core.windows.net\nhttps://seanmcccanary-secondary.table.core.windows.net\n\nSanitized\n\n\nCloud\nBlobEndpoint=https://seanmcccanary.blob.core.windows.net/;QueueEndpoint=https://seanmcccanary.queue.core.windows.net/;FileEndpoint=https://seanmcccanary.file.core.windows.net/;BlobSecondaryEndpoint=https://seanmcccanary-secondary.blob.core.windows.net/;QueueSecondaryEndpoint=https://seanmcccanary-secondary.queue.core.windows.net/;FileSecondaryEndpoint=https://seanmcccanary-secondary.file.core.windows.net/;AccountName=seanmcccanary;AccountKey=Kg==;\nseanscope1"
  }
}