{
  "Entries": [
    {
      "RequestUri": "https://seanmcccanary.file.core.windows.net/test-share-da890ef2-6640-538e-ed9a-6c8e972a232c?restype=share",
      "RequestMethod": "PUT",
      "RequestHeaders": {
        "Authorization": "Sanitized",
        "traceparent": "00-964f18d34bd193409d35b0c7e34f01f2-327d756d42ca5a42-00",
        "User-Agent": [
          "azsdk-net-Storage.Files.Shares/12.3.0-dev.20200702.1",
          "(.NET Core 4.6.28801.04; Microsoft Windows 10.0.18362 )"
        ],
        "x-ms-client-request-id": "0fc31214-5c46-1b65-5fc2-1c3799bd50fe",
        "x-ms-date": "Thu, 02 Jul 2020 21:01:21 GMT",
        "x-ms-return-client-request-id": "true",
        "x-ms-version": "2020-04-08"
      },
      "RequestBody": null,
      "StatusCode": 201,
      "ResponseHeaders": {
        "Content-Length": "0",
        "Date": "Thu, 02 Jul 2020 21:01:21 GMT",
        "ETag": "\u00220x8D81ECB1340054A\u0022",
        "Last-Modified": "Thu, 02 Jul 2020 21:01:22 GMT",
        "Server": [
          "Windows-Azure-File/1.0",
          "Microsoft-HTTPAPI/2.0"
        ],
        "x-ms-client-request-id": "0fc31214-5c46-1b65-5fc2-1c3799bd50fe",
        "x-ms-request-id": "835568aa-601a-005d-2fb3-504724000000",
        "x-ms-version": "2020-04-08"
      },
      "ResponseBody": []
    },
    {
      "RequestUri": "https://seanmcccanary.file.core.windows.net/test-share-da890ef2-6640-538e-ed9a-6c8e972a232c/directory?restype=directory",
      "RequestMethod": "PUT",
      "RequestHeaders": {
        "Authorization": "Sanitized",
        "traceparent": "00-e2ac3e5f4d30954389ff496497215386-77811b3124c5ad44-00",
        "User-Agent": [
          "azsdk-net-Storage.Files.Shares/12.3.0-dev.20200702.1",
          "(.NET Core 4.6.28801.04; Microsoft Windows 10.0.18362 )"
        ],
        "x-ms-client-request-id": "857a61e5-1466-cbe6-eda0-4a87321723b0",
        "x-ms-date": "Thu, 02 Jul 2020 21:01:22 GMT",
        "x-ms-file-attributes": "None",
        "x-ms-file-creation-time": "Now",
        "x-ms-file-last-write-time": "Now",
        "x-ms-file-permission": "Inherit",
        "x-ms-return-client-request-id": "true",
        "x-ms-version": "2020-04-08"
      },
      "RequestBody": null,
      "StatusCode": 201,
      "ResponseHeaders": {
        "Content-Length": "0",
        "Date": "Thu, 02 Jul 2020 21:01:21 GMT",
        "ETag": "\u00220x8D81ECB1359BAB0\u0022",
        "Last-Modified": "Thu, 02 Jul 2020 21:01:22 GMT",
        "Server": [
          "Windows-Azure-File/1.0",
          "Microsoft-HTTPAPI/2.0"
        ],
        "x-ms-client-request-id": "857a61e5-1466-cbe6-eda0-4a87321723b0",
        "x-ms-file-attributes": "Directory",
        "x-ms-file-change-time": "2020-07-02T21:01:22.4767152Z",
        "x-ms-file-creation-time": "2020-07-02T21:01:22.4767152Z",
        "x-ms-file-id": "13835128424026341376",
        "x-ms-file-last-write-time": "2020-07-02T21:01:22.4767152Z",
        "x-ms-file-parent-id": "0",
        "x-ms-file-permission-key": "11811099930176499864*14641856446884751121",
        "x-ms-request-id": "835568ad-601a-005d-30b3-504724000000",
        "x-ms-request-server-encrypted": "true",
        "x-ms-version": "2020-04-08"
      },
      "ResponseBody": []
    },
    {
      "RequestUri": "https://seanmcccanary.file.core.windows.net/test-share-da890ef2-6640-538e-ed9a-6c8e972a232c/directory/%21%27%28%29%3B%5B%5D%40%26%25%3D%2B%24%2C%23\u00E4\u00C4\u00F6\u00D6\u00FC\u00DC\u00DF%3B",
      "RequestMethod": "PUT",
      "RequestHeaders": {
        "Authorization": "Sanitized",
        "traceparent": "00-f05e51fe199b4448ba732c17f4075ce5-1eb87339d19b1149-00",
        "User-Agent": [
          "azsdk-net-Storage.Files.Shares/12.3.0-dev.20200702.1",
          "(.NET Core 4.6.28801.04; Microsoft Windows 10.0.18362 )"
        ],
        "x-ms-client-request-id": "3752745e-cb43-7998-5f12-5551feef71a6",
        "x-ms-content-length": "1024",
        "x-ms-date": "Thu, 02 Jul 2020 21:01:22 GMT",
        "x-ms-file-attributes": "None",
        "x-ms-file-creation-time": "Now",
        "x-ms-file-last-write-time": "Now",
        "x-ms-file-permission": "Inherit",
        "x-ms-return-client-request-id": "true",
        "x-ms-type": "file",
        "x-ms-version": "2020-04-08"
      },
      "RequestBody": null,
      "StatusCode": 201,
      "ResponseHeaders": {
        "Content-Length": "0",
        "Date": "Thu, 02 Jul 2020 21:01:21 GMT",
        "ETag": "\u00220x8D81ECB136C349E\u0022",
        "Last-Modified": "Thu, 02 Jul 2020 21:01:22 GMT",
        "Server": [
          "Windows-Azure-File/1.0",
          "Microsoft-HTTPAPI/2.0"
        ],
        "x-ms-client-request-id": "3752745e-cb43-7998-5f12-5551feef71a6",
        "x-ms-file-attributes": "Archive",
        "x-ms-file-change-time": "2020-07-02T21:01:22.5978014Z",
        "x-ms-file-creation-time": "2020-07-02T21:01:22.5978014Z",
        "x-ms-file-id": "11529285414812647424",
        "x-ms-file-last-write-time": "2020-07-02T21:01:22.5978014Z",
        "x-ms-file-parent-id": "13835128424026341376",
        "x-ms-file-permission-key": "7175002341387128735*14641856446884751121",
        "x-ms-request-id": "835568ae-601a-005d-31b3-504724000000",
        "x-ms-request-server-encrypted": "true",
        "x-ms-version": "2020-04-08"
      },
      "ResponseBody": []
    },
    {
      "RequestUri": "https://seanmcccanary.file.core.windows.net/test-share-da890ef2-6640-538e-ed9a-6c8e972a232c/directory/%21%27%28%29%3B%5B%5D%40%26%25%3D%2B%24%2C%23\u00E4\u00C4\u00F6\u00D6\u00FC\u00DC\u00DF%3B",
      "RequestMethod": "HEAD",
      "RequestHeaders": {
        "Authorization": "Sanitized",
        "User-Agent": [
          "azsdk-net-Storage.Files.Shares/12.3.0-dev.20200702.1",
          "(.NET Core 4.6.28801.04; Microsoft Windows 10.0.18362 )"
        ],
        "x-ms-client-request-id": "bd294398-ecc5-af6d-ba2f-48541cc6ccab",
        "x-ms-date": "Thu, 02 Jul 2020 21:01:22 GMT",
        "x-ms-return-client-request-id": "true",
        "x-ms-version": "2020-04-08"
      },
      "RequestBody": null,
      "StatusCode": 200,
      "ResponseHeaders": {
        "Content-Length": "0",
        "Content-Type": "application/octet-stream",
        "Date": "Thu, 02 Jul 2020 21:01:21 GMT",
        "ETag": "\u00220x8D81ECB136C349E\u0022",
        "Last-Modified": "Thu, 02 Jul 2020 21:01:22 GMT",
        "Server": [
          "Windows-Azure-File/1.0",
          "Microsoft-HTTPAPI/2.0"
        ],
        "x-ms-client-request-id": "bd294398-ecc5-af6d-ba2f-48541cc6ccab",
        "x-ms-file-attributes": "Archive",
        "x-ms-file-change-time": "2020-07-02T21:01:22.5978014Z",
        "x-ms-file-creation-time": "2020-07-02T21:01:22.5978014Z",
        "x-ms-file-id": "11529285414812647424",
        "x-ms-file-last-write-time": "2020-07-02T21:01:22.5978014Z",
        "x-ms-file-parent-id": "13835128424026341376",
        "x-ms-file-permission-key": "7175002341387128735*14641856446884751121",
        "x-ms-lease-state": "available",
        "x-ms-lease-status": "unlocked",
        "x-ms-request-id": "c4426743-401a-0017-22b3-50e4ab000000",
        "x-ms-server-encrypted": "true",
        "x-ms-type": "File",
        "x-ms-version": "2020-04-08"
      },
      "ResponseBody": []
    },
    {
      "RequestUri": "https://seanmcccanary.file.core.windows.net/test-share-da890ef2-6640-538e-ed9a-6c8e972a232c/directory?restype=directory\u0026comp=list",
      "RequestMethod": "GET",
      "RequestHeaders": {
        "Authorization": "Sanitized",
        "User-Agent": [
          "azsdk-net-Storage.Files.Shares/12.3.0-dev.20200702.1",
          "(.NET Core 4.6.28801.04; Microsoft Windows 10.0.18362 )"
        ],
        "x-ms-client-request-id": "bab95936-b4c6-bde0-4d49-068172eb5783",
        "x-ms-date": "Thu, 02 Jul 2020 21:01:22 GMT",
        "x-ms-return-client-request-id": "true",
        "x-ms-version": "2020-04-08"
      },
      "RequestBody": null,
      "StatusCode": 200,
      "ResponseHeaders": {
        "Content-Type": "application/xml",
        "Date": "Thu, 02 Jul 2020 21:01:22 GMT",
        "Server": [
          "Windows-Azure-File/1.0",
          "Microsoft-HTTPAPI/2.0"
        ],
        "Transfer-Encoding": "chunked",
        "x-ms-client-request-id": "bab95936-b4c6-bde0-4d49-068172eb5783",
        "x-ms-request-id": "835568b0-601a-005d-32b3-504724000000",
        "x-ms-version": "2020-04-08"
      },
      "ResponseBody": "\uFEFF\u003C?xml version=\u00221.0\u0022 encoding=\u0022utf-8\u0022?\u003E\u003CEnumerationResults ServiceEndpoint=\u0022https://seanmcccanary.file.core.windows.net/\u0022 ShareName=\u0022test-share-da890ef2-6640-538e-ed9a-6c8e972a232c\u0022 DirectoryPath=\u0022directory\u0022\u003E\u003CEntries\u003E\u003CFile\u003E\u003CName\u003E!\u0027();[]@\u0026amp;%=\u002B$,#\u00E4\u00C4\u00F6\u00D6\u00FC\u00DC\u00DF;\u003C/Name\u003E\u003CProperties\u003E\u003CContent-Length\u003E1024\u003C/Content-Length\u003E\u003C/Properties\u003E\u003C/File\u003E\u003C/Entries\u003E\u003CNextMarker /\u003E\u003C/EnumerationResults\u003E"
    },
    {
      "RequestUri": "https://seanmcccanary.file.core.windows.net/test-share-da890ef2-6640-538e-ed9a-6c8e972a232c/directory/%21%27%28%29%3B%5B%5D%40%26%25%3D%2B%24%2C%23\u00E4\u00C4\u00F6\u00D6\u00FC\u00DC\u00DF%3B?sv=2020-04-08\u0026st=2020-07-02T20%3A01%3A22Z\u0026se=2020-07-02T22%3A01%3A22Z\u0026sr=f\u0026sp=rcwd\u0026sig=Sanitized",
      "RequestMethod": "HEAD",
      "RequestHeaders": {
        "traceparent": "00-ea625b7052098340a94bdffd07615269-9063591d8ab26443-00",
        "User-Agent": [
          "azsdk-net-Storage.Files.Shares/12.3.0-dev.20200702.1",
          "(.NET Core 4.6.28801.04; Microsoft Windows 10.0.18362 )"
        ],
        "x-ms-client-request-id": "c31d5579-120d-f9e5-c913-e7ae40d42f49",
        "x-ms-return-client-request-id": "true",
        "x-ms-version": "2020-04-08"
      },
      "RequestBody": null,
      "StatusCode": 200,
      "ResponseHeaders": {
        "Content-Length": "0",
        "Content-Type": "application/octet-stream",
        "Date": "Thu, 02 Jul 2020 21:01:22 GMT",
        "ETag": "\u00220x8D81ECB136C349E\u0022",
        "Last-Modified": "Thu, 02 Jul 2020 21:01:22 GMT",
        "Server": [
          "Windows-Azure-File/1.0",
          "Microsoft-HTTPAPI/2.0"
        ],
        "x-ms-client-request-id": "c31d5579-120d-f9e5-c913-e7ae40d42f49",
        "x-ms-file-attributes": "Archive",
        "x-ms-file-change-time": "2020-07-02T21:01:22.5978014Z",
        "x-ms-file-creation-time": "2020-07-02T21:01:22.5978014Z",
        "x-ms-file-id": "11529285414812647424",
        "x-ms-file-last-write-time": "2020-07-02T21:01:22.5978014Z",
        "x-ms-file-parent-id": "13835128424026341376",
        "x-ms-file-permission-key": "7175002341387128735*14641856446884751121",
        "x-ms-lease-state": "available",
        "x-ms-lease-status": "unlocked",
        "x-ms-request-id": "b1be3e6d-501a-0034-1bb3-507e68000000",
        "x-ms-server-encrypted": "true",
        "x-ms-type": "File",
        "x-ms-version": "2020-04-08"
      },
      "ResponseBody": []
    },
    {
      "RequestUri": "https://seanmcccanary.file.core.windows.net/test-share-da890ef2-6640-538e-ed9a-6c8e972a232c?restype=share",
      "RequestMethod": "DELETE",
      "RequestHeaders": {
        "Authorization": "Sanitized",
        "traceparent": "00-6668ab13a1c9ec40ac66f2ddb67cacf3-16a4dfb239a1044b-00",
        "User-Agent": [
          "azsdk-net-Storage.Files.Shares/12.3.0-dev.20200702.1",
          "(.NET Core 4.6.28801.04; Microsoft Windows 10.0.18362 )"
        ],
        "x-ms-client-request-id": "1d079d7b-93cd-cf75-589e-4f88be551119",
        "x-ms-date": "Thu, 02 Jul 2020 21:01:22 GMT",
        "x-ms-delete-snapshots": "include",
        "x-ms-return-client-request-id": "true",
        "x-ms-version": "2020-04-08"
      },
      "RequestBody": null,
      "StatusCode": 202,
      "ResponseHeaders": {
        "Content-Length": "0",
        "Date": "Thu, 02 Jul 2020 21:01:22 GMT",
        "Server": [
          "Windows-Azure-File/1.0",
          "Microsoft-HTTPAPI/2.0"
        ],
        "x-ms-client-request-id": "1d079d7b-93cd-cf75-589e-4f88be551119",
        "x-ms-request-id": "835568b2-601a-005d-34b3-504724000000",
        "x-ms-version": "2020-04-08"
      },
      "ResponseBody": []
    }
  ],
  "Variables": {
    "DateTimeOffsetNow": "2020-07-02T16:01:22.5655725-05:00",
    "RandomSeed": "1898928186",
    "Storage_TestConfigDefault": "ProductionTenant\nseanmcccanary\nU2FuaXRpemVk\nhttps://seanmcccanary.blob.core.windows.net\nhttps://seanmcccanary.file.core.windows.net\nhttps://seanmcccanary.queue.core.windows.net\nhttps://seanmcccanary.table.core.windows.net\n\n\n\n\nhttps://seanmcccanary-secondary.blob.core.windows.net\nhttps://seanmcccanary-secondary.file.core.windows.net\nhttps://seanmcccanary-secondary.queue.core.windows.net\nhttps://seanmcccanary-secondary.table.core.windows.net\n\nSanitized\n\n\nCloud\nBlobEndpoint=https://seanmcccanary.blob.core.windows.net/;QueueEndpoint=https://seanmcccanary.queue.core.windows.net/;FileEndpoint=https://seanmcccanary.file.core.windows.net/;BlobSecondaryEndpoint=https://seanmcccanary-secondary.blob.core.windows.net/;QueueSecondaryEndpoint=https://seanmcccanary-secondary.queue.core.windows.net/;FileSecondaryEndpoint=https://seanmcccanary-secondary.file.core.windows.net/;AccountName=seanmcccanary;AccountKey=Kg==;\nseanscope1"
  }
}