{
  "Entries": [
    {
      "RequestUri": "https://seanmcccanary3.file.core.windows.net/test-share-3a147c7f-6664-1ea0-5023-c1a698a00d3e?restype=share",
      "RequestMethod": "PUT",
      "RequestHeaders": {
        "Accept": "application/xml",
        "Authorization": "Sanitized",
        "traceparent": "00-c85a164c48b3cf42a6aa46a330a99d77-ff50d7b1381d6a47-00",
        "User-Agent": [
          "azsdk-net-Storage.Files.Shares/12.7.0-alpha.20210126.1",
          "(.NET 5.0.2; Microsoft Windows 10.0.19042)"
        ],
        "x-ms-client-request-id": "7b013e0b-8c0f-6f3b-a973-979b8ea6863a",
        "x-ms-date": "Tue, 26 Jan 2021 19:26:51 GMT",
        "x-ms-return-client-request-id": "true",
         "x-ms-version": "2020-08-04"
      },
      "RequestBody": null,
      "StatusCode": 201,
      "ResponseHeaders": {
        "Content-Length": "0",
        "Date": "Tue, 26 Jan 2021 19:26:49 GMT",
        "ETag": "\u00220x8D8C23054ACA05B\u0022",
        "Last-Modified": "Tue, 26 Jan 2021 19:26:50 GMT",
        "Server": [
          "Windows-Azure-File/1.0",
          "Microsoft-HTTPAPI/2.0"
        ],
        "x-ms-client-request-id": "7b013e0b-8c0f-6f3b-a973-979b8ea6863a",
        "x-ms-request-id": "78abef92-801a-0058-5819-f4029d000000",
         "x-ms-version": "2020-08-04"
      },
      "ResponseBody": []
    },
    {
      "RequestUri": "https://seanmcccanary3.file.core.windows.net/test-share-3a147c7f-6664-1ea0-5023-c1a698a00d3e/test-directory-9981f6a2-5251-7477-f635-b2fce1f3d1ae?restype=directory",
      "RequestMethod": "GET",
      "RequestHeaders": {
        "Accept": "application/xml",
        "Authorization": "Sanitized",
        "traceparent": "00-64610e49173d4f41bd8c160029281c04-473b4279d031e54c-00",
        "User-Agent": [
          "azsdk-net-Storage.Files.Shares/12.7.0-alpha.20210126.1",
          "(.NET 5.0.2; Microsoft Windows 10.0.19042)"
        ],
        "x-ms-client-request-id": "560a49e1-5920-b86b-c78c-84dad93e8db6",
        "x-ms-date": "Tue, 26 Jan 2021 19:26:51 GMT",
        "x-ms-return-client-request-id": "true",
         "x-ms-version": "2020-08-04"
      },
      "RequestBody": null,
      "StatusCode": 404,
      "ResponseHeaders": {
        "Content-Length": "223",
        "Content-Type": "application/xml",
        "Date": "Tue, 26 Jan 2021 19:26:49 GMT",
        "Server": [
          "Windows-Azure-File/1.0",
          "Microsoft-HTTPAPI/2.0"
        ],
        "Vary": "Origin",
        "x-ms-client-request-id": "560a49e1-5920-b86b-c78c-84dad93e8db6",
        "x-ms-error-code": "ResourceNotFound",
        "x-ms-request-id": "78abef9b-801a-0058-5f19-f4029d000000",
         "x-ms-version": "2020-08-04"
      },
      "ResponseBody": [
        "\uFEFF\u003C?xml version=\u00221.0\u0022 encoding=\u0022utf-8\u0022?\u003E\u003CError\u003E\u003CCode\u003EResourceNotFound\u003C/Code\u003E\u003CMessage\u003EThe specified resource does not exist.\n",
        "RequestId:78abef9b-801a-0058-5f19-f4029d000000\n",
        "Time:2021-01-26T19:26:50.8293712Z\u003C/Message\u003E\u003C/Error\u003E"
      ]
    },
    {
      "RequestUri": "https://seanmcccanary3.file.core.windows.net/test-share-3a147c7f-6664-1ea0-5023-c1a698a00d3e?restype=share",
      "RequestMethod": "DELETE",
      "RequestHeaders": {
        "Accept": "application/xml",
        "Authorization": "Sanitized",
        "traceparent": "00-8a92291cbbd50f4e9483ec7a2ad9d195-bca4cc1763478d41-00",
        "User-Agent": [
          "azsdk-net-Storage.Files.Shares/12.7.0-alpha.20210126.1",
          "(.NET 5.0.2; Microsoft Windows 10.0.19042)"
        ],
        "x-ms-client-request-id": "981ad0e4-7ae8-d58d-98e3-93120d55aae7",
        "x-ms-date": "Tue, 26 Jan 2021 19:26:51 GMT",
        "x-ms-delete-snapshots": "include",
        "x-ms-return-client-request-id": "true",
         "x-ms-version": "2020-08-04"
      },
      "RequestBody": null,
      "StatusCode": 202,
      "ResponseHeaders": {
        "Content-Length": "0",
        "Date": "Tue, 26 Jan 2021 19:26:49 GMT",
        "Server": [
          "Windows-Azure-File/1.0",
          "Microsoft-HTTPAPI/2.0"
        ],
        "x-ms-client-request-id": "981ad0e4-7ae8-d58d-98e3-93120d55aae7",
        "x-ms-request-id": "78abefa4-801a-0058-6819-f4029d000000",
         "x-ms-version": "2020-08-04"
      },
      "ResponseBody": []
    }
  ],
  "Variables": {
    "RandomSeed": "79403989",
    "Storage_TestConfigDefault": "ProductionTenant\nseanmcccanary3\nU2FuaXRpemVk\nhttps://seanmcccanary3.blob.core.windows.net\nhttps://seanmcccanary3.file.core.windows.net\nhttps://seanmcccanary3.queue.core.windows.net\nhttps://seanmcccanary3.table.core.windows.net\n\n\n\n\nhttps://seanmcccanary3-secondary.blob.core.windows.net\nhttps://seanmcccanary3-secondary.file.core.windows.net\nhttps://seanmcccanary3-secondary.queue.core.windows.net\nhttps://seanmcccanary3-secondary.table.core.windows.net\n\nSanitized\n\n\nCloud\nBlobEndpoint=https://seanmcccanary3.blob.core.windows.net/;QueueEndpoint=https://seanmcccanary3.queue.core.windows.net/;FileEndpoint=https://seanmcccanary3.file.core.windows.net/;BlobSecondaryEndpoint=https://seanmcccanary3-secondary.blob.core.windows.net/;QueueSecondaryEndpoint=https://seanmcccanary3-secondary.queue.core.windows.net/;FileSecondaryEndpoint=https://seanmcccanary3-secondary.file.core.windows.net/;AccountName=seanmcccanary3;AccountKey=Kg==;\nseanscope1"
  }
}