{
  "Entries": [
    {
      "RequestUri": "http://seanstagetest.file.core.windows.net/test-share-13c505ba-dd61-2b79-73e5-64f328d37500?restype=share",
      "RequestMethod": "PUT",
      "RequestHeaders": {
        "Authorization": "Sanitized",
<<<<<<< HEAD
        "traceparent": "00-297db2b7bc838a40955d21b16402d53d-96f578b365432848-00",
=======
        "traceparent": "00-080f170404601548bfa3eac170c7082a-749b1f473cf68045-00",
>>>>>>> feature/storage/stg71-base
        "User-Agent": [
          "azsdk-net-Storage.Files.Shares/12.0.0-dev.20191204.1\u002B5028d723e0cdeb10a227db4dee6ed6afa7cb4fa8",
          "(.NET Core 4.6.28008.01; Microsoft Windows 10.0.18363 )"
        ],
        "x-ms-client-request-id": "11d8a98e-c18b-b617-afa8-255ad03589a6",
<<<<<<< HEAD
        "x-ms-date": "Wed, 04 Dec 2019 22:59:53 GMT",
        "x-ms-return-client-request-id": "true",
=======
        "x-ms-date": "Wed, 04 Dec 2019 19:44:53 GMT",
        "x-ms-return-client-request-id": "true",
        "x-ms-share-quota": "1",
>>>>>>> feature/storage/stg71-base
        "x-ms-version": "2019-07-07"
      },
      "RequestBody": null,
      "StatusCode": 201,
      "ResponseHeaders": {
        "Content-Length": "0",
<<<<<<< HEAD
        "Date": "Wed, 04 Dec 2019 22:59:52 GMT",
        "ETag": "\u00220x8D7790DAC806452\u0022",
        "Last-Modified": "Wed, 04 Dec 2019 22:59:53 GMT",
=======
        "Date": "Wed, 04 Dec 2019 19:44:53 GMT",
        "ETag": "\u00220x8D778F26F3D99AA\u0022",
        "Last-Modified": "Wed, 04 Dec 2019 19:44:53 GMT",
>>>>>>> feature/storage/stg71-base
        "Server": [
          "Windows-Azure-File/1.0",
          "Microsoft-HTTPAPI/2.0"
        ],
        "x-ms-client-request-id": "11d8a98e-c18b-b617-afa8-255ad03589a6",
<<<<<<< HEAD
        "x-ms-request-id": "edfb88de-501a-0046-76f6-aaa6bc000000",
=======
        "x-ms-request-id": "6805a9d7-401a-0007-12db-aafe58000000",
>>>>>>> feature/storage/stg71-base
        "x-ms-version": "2019-07-07"
      },
      "ResponseBody": []
    },
    {
      "RequestUri": "http://seanstagetest.file.core.windows.net/test-share-13c505ba-dd61-2b79-73e5-64f328d37500/test-directory-e59a1f7f-a74f-2a48-5772-2f49264bfa18?restype=directory",
      "RequestMethod": "PUT",
      "RequestHeaders": {
        "Authorization": "Sanitized",
<<<<<<< HEAD
        "traceparent": "00-1b71f837df4f054fa248145e6bebfe55-0df6c2b8d654d44f-00",
=======
        "traceparent": "00-b97f33ddb30c7640b59f49cc4689ba5d-8ad2f807ff08f14e-00",
>>>>>>> feature/storage/stg71-base
        "User-Agent": [
          "azsdk-net-Storage.Files.Shares/12.0.0-dev.20191204.1\u002B5028d723e0cdeb10a227db4dee6ed6afa7cb4fa8",
          "(.NET Core 4.6.28008.01; Microsoft Windows 10.0.18363 )"
        ],
        "x-ms-client-request-id": "11ad108e-09c0-e67b-61ad-ba1891ce8f63",
<<<<<<< HEAD
        "x-ms-date": "Wed, 04 Dec 2019 22:59:53 GMT",
=======
        "x-ms-date": "Wed, 04 Dec 2019 19:44:54 GMT",
>>>>>>> feature/storage/stg71-base
        "x-ms-file-attributes": "None",
        "x-ms-file-creation-time": "Now",
        "x-ms-file-last-write-time": "Now",
        "x-ms-file-permission": "Inherit",
        "x-ms-return-client-request-id": "true",
        "x-ms-version": "2019-07-07"
      },
      "RequestBody": null,
      "StatusCode": 201,
      "ResponseHeaders": {
        "Content-Length": "0",
<<<<<<< HEAD
        "Date": "Wed, 04 Dec 2019 22:59:52 GMT",
        "ETag": "\u00220x8D7790DAC8F0739\u0022",
        "Last-Modified": "Wed, 04 Dec 2019 22:59:53 GMT",
=======
        "Date": "Wed, 04 Dec 2019 19:44:53 GMT",
        "ETag": "\u00220x8D778F26F4BDBFA\u0022",
        "Last-Modified": "Wed, 04 Dec 2019 19:44:54 GMT",
>>>>>>> feature/storage/stg71-base
        "Server": [
          "Windows-Azure-File/1.0",
          "Microsoft-HTTPAPI/2.0"
        ],
        "x-ms-client-request-id": "11ad108e-09c0-e67b-61ad-ba1891ce8f63",
        "x-ms-file-attributes": "Directory",
<<<<<<< HEAD
        "x-ms-file-change-time": "2019-12-04T22:59:53.2804921Z",
        "x-ms-file-creation-time": "2019-12-04T22:59:53.2804921Z",
        "x-ms-file-id": "13835128424026341376",
        "x-ms-file-last-write-time": "2019-12-04T22:59:53.2804921Z",
        "x-ms-file-parent-id": "0",
        "x-ms-file-permission-key": "7855875120676328179*422928105932735866",
        "x-ms-request-id": "edfb88e2-501a-0046-79f6-aaa6bc000000",
=======
        "x-ms-file-change-time": "2019-12-04T19:44:54.0875770Z",
        "x-ms-file-creation-time": "2019-12-04T19:44:54.0875770Z",
        "x-ms-file-id": "13835128424026341376",
        "x-ms-file-last-write-time": "2019-12-04T19:44:54.0875770Z",
        "x-ms-file-parent-id": "0",
        "x-ms-file-permission-key": "7855875120676328179*422928105932735866",
        "x-ms-request-id": "6805a9da-401a-0007-14db-aafe58000000",
>>>>>>> feature/storage/stg71-base
        "x-ms-request-server-encrypted": "true",
        "x-ms-version": "2019-07-07"
      },
      "ResponseBody": []
    },
    {
      "RequestUri": "http://seanstagetest.file.core.windows.net/test-share-13c505ba-dd61-2b79-73e5-64f328d37500/test-directory-e59a1f7f-a74f-2a48-5772-2f49264bfa18?restype=directory",
      "RequestMethod": "GET",
      "RequestHeaders": {
        "Authorization": "Sanitized",
<<<<<<< HEAD
        "traceparent": "00-adab09a41935be47a5f308bef604ecbd-ea46277168c6a745-00",
=======
        "traceparent": "00-83458b716cb42745bbd88e8b73fc41b8-94946ca3d44c3749-00",
>>>>>>> feature/storage/stg71-base
        "User-Agent": [
          "azsdk-net-Storage.Files.Shares/12.0.0-dev.20191204.1\u002B5028d723e0cdeb10a227db4dee6ed6afa7cb4fa8",
          "(.NET Core 4.6.28008.01; Microsoft Windows 10.0.18363 )"
        ],
        "x-ms-client-request-id": "16bb80ef-e99e-eb58-1d7f-1d4ca95c51b4",
<<<<<<< HEAD
        "x-ms-date": "Wed, 04 Dec 2019 22:59:53 GMT",
=======
        "x-ms-date": "Wed, 04 Dec 2019 19:44:54 GMT",
>>>>>>> feature/storage/stg71-base
        "x-ms-return-client-request-id": "true",
        "x-ms-version": "2019-07-07"
      },
      "RequestBody": null,
      "StatusCode": 200,
      "ResponseHeaders": {
        "Access-Control-Allow-Origin": "*",
        "Content-Length": "0",
<<<<<<< HEAD
        "Date": "Wed, 04 Dec 2019 22:59:52 GMT",
        "ETag": "\u00220x8D7790DAC8F0739\u0022",
        "Last-Modified": "Wed, 04 Dec 2019 22:59:53 GMT",
=======
        "Date": "Wed, 04 Dec 2019 19:44:53 GMT",
        "ETag": "\u00220x8D778F26F4BDBFA\u0022",
        "Last-Modified": "Wed, 04 Dec 2019 19:44:54 GMT",
>>>>>>> feature/storage/stg71-base
        "Server": [
          "Windows-Azure-File/1.0",
          "Microsoft-HTTPAPI/2.0"
        ],
        "x-ms-client-request-id": "16bb80ef-e99e-eb58-1d7f-1d4ca95c51b4",
        "x-ms-file-attributes": "Directory",
<<<<<<< HEAD
        "x-ms-file-change-time": "2019-12-04T22:59:53.2804921Z",
        "x-ms-file-creation-time": "2019-12-04T22:59:53.2804921Z",
        "x-ms-file-id": "13835128424026341376",
        "x-ms-file-last-write-time": "2019-12-04T22:59:53.2804921Z",
        "x-ms-file-parent-id": "0",
        "x-ms-file-permission-key": "7855875120676328179*422928105932735866",
        "x-ms-request-id": "edfb88e8-501a-0046-7ff6-aaa6bc000000",
=======
        "x-ms-file-change-time": "2019-12-04T19:44:54.0875770Z",
        "x-ms-file-creation-time": "2019-12-04T19:44:54.0875770Z",
        "x-ms-file-id": "13835128424026341376",
        "x-ms-file-last-write-time": "2019-12-04T19:44:54.0875770Z",
        "x-ms-file-parent-id": "0",
        "x-ms-file-permission-key": "7855875120676328179*422928105932735866",
        "x-ms-request-id": "6805a9dd-401a-0007-17db-aafe58000000",
>>>>>>> feature/storage/stg71-base
        "x-ms-server-encrypted": "true",
        "x-ms-version": "2019-07-07"
      },
      "ResponseBody": []
    },
    {
      "RequestUri": "http://seanstagetest.file.core.windows.net/test-share-13c505ba-dd61-2b79-73e5-64f328d37500?restype=share",
      "RequestMethod": "DELETE",
      "RequestHeaders": {
        "Authorization": "Sanitized",
<<<<<<< HEAD
        "traceparent": "00-af1c10ab47a2c847a0569390640efd8b-572d527c86a5614c-00",
=======
        "traceparent": "00-d02c29891cbd5e4aaa4b9ddf6203c6be-a427430f0541144a-00",
>>>>>>> feature/storage/stg71-base
        "User-Agent": [
          "azsdk-net-Storage.Files.Shares/12.0.0-dev.20191204.1\u002B5028d723e0cdeb10a227db4dee6ed6afa7cb4fa8",
          "(.NET Core 4.6.28008.01; Microsoft Windows 10.0.18363 )"
        ],
        "x-ms-client-request-id": "1129b6ed-7913-c4c5-b479-1a51ee5f714d",
<<<<<<< HEAD
        "x-ms-date": "Wed, 04 Dec 2019 22:59:53 GMT",
=======
        "x-ms-date": "Wed, 04 Dec 2019 19:44:54 GMT",
>>>>>>> feature/storage/stg71-base
        "x-ms-delete-snapshots": "include",
        "x-ms-return-client-request-id": "true",
        "x-ms-version": "2019-07-07"
      },
      "RequestBody": null,
      "StatusCode": 202,
      "ResponseHeaders": {
        "Content-Length": "0",
<<<<<<< HEAD
        "Date": "Wed, 04 Dec 2019 22:59:52 GMT",
=======
        "Date": "Wed, 04 Dec 2019 19:44:53 GMT",
>>>>>>> feature/storage/stg71-base
        "Server": [
          "Windows-Azure-File/1.0",
          "Microsoft-HTTPAPI/2.0"
        ],
        "x-ms-client-request-id": "1129b6ed-7913-c4c5-b479-1a51ee5f714d",
<<<<<<< HEAD
        "x-ms-request-id": "edfb88f0-501a-0046-07f6-aaa6bc000000",
=======
        "x-ms-request-id": "6805a9df-401a-0007-19db-aafe58000000",
>>>>>>> feature/storage/stg71-base
        "x-ms-version": "2019-07-07"
      },
      "ResponseBody": []
    }
  ],
  "Variables": {
    "RandomSeed": "40503370",
    "Storage_TestConfigDefault": "ProductionTenant\nseanstagetest\nU2FuaXRpemVk\nhttp://seanstagetest.blob.core.windows.net\nhttp://seanstagetest.file.core.windows.net\nhttp://seanstagetest.queue.core.windows.net\nhttp://seanstagetest.table.core.windows.net\n\n\n\n\nhttp://seanstagetest-secondary.blob.core.windows.net\nhttp://seanstagetest-secondary.file.core.windows.net\nhttp://seanstagetest-secondary.queue.core.windows.net\nhttp://seanstagetest-secondary.table.core.windows.net\n\nSanitized\n\n\nCloud\nBlobEndpoint=http://seanstagetest.blob.core.windows.net/;QueueEndpoint=http://seanstagetest.queue.core.windows.net/;FileEndpoint=http://seanstagetest.file.core.windows.net/;BlobSecondaryEndpoint=http://seanstagetest-secondary.blob.core.windows.net/;QueueSecondaryEndpoint=http://seanstagetest-secondary.queue.core.windows.net/;FileSecondaryEndpoint=http://seanstagetest-secondary.file.core.windows.net/;AccountName=seanstagetest;AccountKey=Sanitized"
  }
}