{
  "Entries": [
    {
      "RequestUri": "https://seanmcccanary.file.core.windows.net/test-share-34ced388-50b8-5bcc-a876-83421d527ba2?restype=share",
      "RequestMethod": "PUT",
      "RequestHeaders": {
        "Authorization": "Sanitized",
        "traceparent": "00-1ac300d217c7584da91426baec14232c-e68a7f3aaefd434f-00",
        "User-Agent": [
          "azsdk-net-Storage.Files.Shares/12.3.0-dev.20200702.1",
          "(.NET Core 4.6.28801.04; Microsoft Windows 10.0.18362 )"
        ],
        "x-ms-client-request-id": "60ba6b5d-767a-5631-40c2-ef47ea3abfd3",
        "x-ms-date": "Thu, 02 Jul 2020 21:01:08 GMT",
        "x-ms-return-client-request-id": "true",
        "x-ms-version": "2020-04-08"
      },
      "RequestBody": null,
      "StatusCode": 201,
      "ResponseHeaders": {
        "Content-Length": "0",
        "Date": "Thu, 02 Jul 2020 21:01:09 GMT",
        "ETag": "\u00220x8D81ECB0B7B1437\u0022",
        "Last-Modified": "Thu, 02 Jul 2020 21:01:09 GMT",
        "Server": [
          "Windows-Azure-File/1.0",
          "Microsoft-HTTPAPI/2.0"
        ],
        "x-ms-client-request-id": "60ba6b5d-767a-5631-40c2-ef47ea3abfd3",
        "x-ms-request-id": "01e6fd8e-801a-0055-21b3-505d2b000000",
        "x-ms-version": "2020-04-08"
      },
      "ResponseBody": []
    },
    {
      "RequestUri": "https://seanmcccanary.file.core.windows.net/test-share-34ced388-50b8-5bcc-a876-83421d527ba2/%2521%2527%2528%2529%253B%255B%255D?restype=directory",
      "RequestMethod": "PUT",
      "RequestHeaders": {
        "Authorization": "Sanitized",
        "traceparent": "00-9780d4f5a0b26d40ae98b25554b980df-da25c10e8a19384b-00",
        "User-Agent": [
          "azsdk-net-Storage.Files.Shares/12.3.0-dev.20200702.1",
          "(.NET Core 4.6.28801.04; Microsoft Windows 10.0.18362 )"
        ],
        "x-ms-client-request-id": "b1e5178a-1b98-9627-87f3-7e7ef8925591",
        "x-ms-date": "Thu, 02 Jul 2020 21:01:08 GMT",
        "x-ms-file-attributes": "None",
        "x-ms-file-creation-time": "Now",
        "x-ms-file-last-write-time": "Now",
        "x-ms-file-permission": "Inherit",
        "x-ms-return-client-request-id": "true",
        "x-ms-version": "2020-04-08"
      },
      "RequestBody": null,
      "StatusCode": 201,
      "ResponseHeaders": {
        "Content-Length": "0",
        "Date": "Thu, 02 Jul 2020 21:01:09 GMT",
        "ETag": "\u00220x8D81ECB0B84F73D\u0022",
        "Last-Modified": "Thu, 02 Jul 2020 21:01:09 GMT",
        "Server": [
          "Windows-Azure-File/1.0",
          "Microsoft-HTTPAPI/2.0"
        ],
        "x-ms-client-request-id": "b1e5178a-1b98-9627-87f3-7e7ef8925591",
        "x-ms-file-attributes": "Directory",
        "x-ms-file-change-time": "2020-07-02T21:01:09.3382973Z",
        "x-ms-file-creation-time": "2020-07-02T21:01:09.3382973Z",
        "x-ms-file-id": "13835128424026341376",
        "x-ms-file-last-write-time": "2020-07-02T21:01:09.3382973Z",
        "x-ms-file-parent-id": "0",
        "x-ms-file-permission-key": "11811099930176499864*14641856446884751121",
        "x-ms-request-id": "01e6fd91-801a-0055-22b3-505d2b000000",
        "x-ms-request-server-encrypted": "true",
        "x-ms-version": "2020-04-08"
      },
      "ResponseBody": []
    },
    {
      "RequestUri": "https://seanmcccanary.file.core.windows.net/test-share-34ced388-50b8-5bcc-a876-83421d527ba2/%2521%2527%2528%2529%253B%255B%255D/%21%27%28%29%3B%5B%5D%40%26%25%3D%2B%24%2C%23\u00E4\u00C4\u00F6\u00D6\u00FC\u00DC\u00DF%3B?restype=directory",
      "RequestMethod": "PUT",
      "RequestHeaders": {
        "Authorization": "Sanitized",
        "traceparent": "00-e4ada64824e1d24fbaafd2dc30d0658b-e269382b8ae43b44-00",
        "User-Agent": [
          "azsdk-net-Storage.Files.Shares/12.3.0-dev.20200702.1",
          "(.NET Core 4.6.28801.04; Microsoft Windows 10.0.18362 )"
        ],
        "x-ms-client-request-id": "d2bc222d-0e54-173b-5340-b5498de0a866",
        "x-ms-date": "Thu, 02 Jul 2020 21:01:08 GMT",
        "x-ms-file-attributes": "None",
        "x-ms-file-creation-time": "Now",
        "x-ms-file-last-write-time": "Now",
        "x-ms-file-permission": "Inherit",
        "x-ms-return-client-request-id": "true",
        "x-ms-version": "2020-04-08"
      },
      "RequestBody": null,
      "StatusCode": 201,
      "ResponseHeaders": {
        "Content-Length": "0",
        "Date": "Thu, 02 Jul 2020 21:01:09 GMT",
        "ETag": "\u00220x8D81ECB0B8DF991\u0022",
        "Last-Modified": "Thu, 02 Jul 2020 21:01:09 GMT",
        "Server": [
          "Windows-Azure-File/1.0",
          "Microsoft-HTTPAPI/2.0"
        ],
        "x-ms-client-request-id": "d2bc222d-0e54-173b-5340-b5498de0a866",
        "x-ms-file-attributes": "Directory",
        "x-ms-file-change-time": "2020-07-02T21:01:09.3973393Z",
        "x-ms-file-creation-time": "2020-07-02T21:01:09.3973393Z",
        "x-ms-file-id": "11529285414812647424",
        "x-ms-file-last-write-time": "2020-07-02T21:01:09.3973393Z",
        "x-ms-file-parent-id": "13835128424026341376",
        "x-ms-file-permission-key": "11811099930176499864*14641856446884751121",
        "x-ms-request-id": "01e6fd92-801a-0055-23b3-505d2b000000",
        "x-ms-request-server-encrypted": "true",
        "x-ms-version": "2020-04-08"
      },
      "ResponseBody": []
    },
    {
      "RequestUri": "https://seanmcccanary.file.core.windows.net/test-share-34ced388-50b8-5bcc-a876-83421d527ba2/%2521%2527%2528%2529%253B%255B%255D/%21%27%28%29%3B%5B%5D%40%26%25%3D%2B%24%2C%23\u00E4\u00C4\u00F6\u00D6\u00FC\u00DC\u00DF%3B?restype=directory",
      "RequestMethod": "GET",
      "RequestHeaders": {
        "Authorization": "Sanitized",
        "User-Agent": [
          "azsdk-net-Storage.Files.Shares/12.3.0-dev.20200702.1",
          "(.NET Core 4.6.28801.04; Microsoft Windows 10.0.18362 )"
        ],
        "x-ms-client-request-id": "d550a016-82d6-223c-c920-f7c4f8e5c22c",
        "x-ms-date": "Thu, 02 Jul 2020 21:01:09 GMT",
        "x-ms-return-client-request-id": "true",
        "x-ms-version": "2020-04-08"
      },
      "RequestBody": null,
      "StatusCode": 200,
      "ResponseHeaders": {
        "Content-Length": "0",
        "Date": "Thu, 02 Jul 2020 21:01:09 GMT",
        "ETag": "\u00220x8D81ECB0B8DF991\u0022",
        "Last-Modified": "Thu, 02 Jul 2020 21:01:09 GMT",
        "Server": [
          "Windows-Azure-File/1.0",
          "Microsoft-HTTPAPI/2.0"
        ],
        "x-ms-client-request-id": "d550a016-82d6-223c-c920-f7c4f8e5c22c",
        "x-ms-file-attributes": "Directory",
        "x-ms-file-change-time": "2020-07-02T21:01:09.3973393Z",
        "x-ms-file-creation-time": "2020-07-02T21:01:09.3973393Z",
        "x-ms-file-id": "11529285414812647424",
        "x-ms-file-last-write-time": "2020-07-02T21:01:09.3973393Z",
        "x-ms-file-parent-id": "13835128424026341376",
        "x-ms-file-permission-key": "11811099930176499864*14641856446884751121",
        "x-ms-request-id": "d7409efb-e01a-000e-04b3-506410000000",
        "x-ms-server-encrypted": "true",
        "x-ms-version": "2020-04-08"
      },
      "ResponseBody": []
    },
    {
      "RequestUri": "https://seanmcccanary.file.core.windows.net/test-share-34ced388-50b8-5bcc-a876-83421d527ba2/%2521%2527%2528%2529%253B%255B%255D?restype=directory\u0026comp=list",
      "RequestMethod": "GET",
      "RequestHeaders": {
        "Authorization": "Sanitized",
        "User-Agent": [
          "azsdk-net-Storage.Files.Shares/12.3.0-dev.20200702.1",
          "(.NET Core 4.6.28801.04; Microsoft Windows 10.0.18362 )"
        ],
        "x-ms-client-request-id": "ed3398b7-d28f-b790-9a73-aa095203e403",
        "x-ms-date": "Thu, 02 Jul 2020 21:01:09 GMT",
        "x-ms-return-client-request-id": "true",
        "x-ms-version": "2020-04-08"
      },
      "RequestBody": null,
      "StatusCode": 200,
      "ResponseHeaders": {
        "Content-Type": "application/xml",
        "Date": "Thu, 02 Jul 2020 21:01:09 GMT",
        "Server": [
          "Windows-Azure-File/1.0",
          "Microsoft-HTTPAPI/2.0"
        ],
        "Transfer-Encoding": "chunked",
        "x-ms-client-request-id": "ed3398b7-d28f-b790-9a73-aa095203e403",
        "x-ms-request-id": "01e6fd94-801a-0055-24b3-505d2b000000",
        "x-ms-version": "2020-04-08"
      },
      "ResponseBody": "\uFEFF\u003C?xml version=\u00221.0\u0022 encoding=\u0022utf-8\u0022?\u003E\u003CEnumerationResults ServiceEndpoint=\u0022https://seanmcccanary.file.core.windows.net/\u0022 ShareName=\u0022test-share-34ced388-50b8-5bcc-a876-83421d527ba2\u0022 DirectoryPath=\u0022%21%27%28%29%3B%5B%5D\u0022\u003E\u003CEntries\u003E\u003CDirectory\u003E\u003CName\u003E!\u0027();[]@\u0026amp;%=\u002B$,#\u00E4\u00C4\u00F6\u00D6\u00FC\u00DC\u00DF;\u003C/Name\u003E\u003CProperties /\u003E\u003C/Directory\u003E\u003C/Entries\u003E\u003CNextMarker /\u003E\u003C/EnumerationResults\u003E"
    },
    {
      "RequestUri": "https://seanmcccanary.file.core.windows.net/test-share-34ced388-50b8-5bcc-a876-83421d527ba2?restype=share",
      "RequestMethod": "DELETE",
      "RequestHeaders": {
        "Authorization": "Sanitized",
        "traceparent": "00-c6e10f9e865f394f86a079b02a5a94db-61c913a8abe27d42-00",
        "User-Agent": [
          "azsdk-net-Storage.Files.Shares/12.3.0-dev.20200702.1",
          "(.NET Core 4.6.28801.04; Microsoft Windows 10.0.18362 )"
        ],
        "x-ms-client-request-id": "600de1bc-d4b1-9d9c-70f9-9b5fbeab9057",
        "x-ms-date": "Thu, 02 Jul 2020 21:01:09 GMT",
        "x-ms-delete-snapshots": "include",
        "x-ms-return-client-request-id": "true",
        "x-ms-version": "2020-04-08"
      },
      "RequestBody": null,
      "StatusCode": 202,
      "ResponseHeaders": {
        "Content-Length": "0",
        "Date": "Thu, 02 Jul 2020 21:01:09 GMT",
        "Server": [
          "Windows-Azure-File/1.0",
          "Microsoft-HTTPAPI/2.0"
        ],
        "x-ms-client-request-id": "600de1bc-d4b1-9d9c-70f9-9b5fbeab9057",
        "x-ms-request-id": "01e6fd95-801a-0055-25b3-505d2b000000",
        "x-ms-version": "2020-04-08"
      },
      "ResponseBody": []
    }
  ],
  "Variables": {
    "RandomSeed": "1641826188",
    "Storage_TestConfigDefault": "ProductionTenant\nseanmcccanary\nU2FuaXRpemVk\nhttps://seanmcccanary.blob.core.windows.net\nhttps://seanmcccanary.file.core.windows.net\nhttps://seanmcccanary.queue.core.windows.net\nhttps://seanmcccanary.table.core.windows.net\n\n\n\n\nhttps://seanmcccanary-secondary.blob.core.windows.net\nhttps://seanmcccanary-secondary.file.core.windows.net\nhttps://seanmcccanary-secondary.queue.core.windows.net\nhttps://seanmcccanary-secondary.table.core.windows.net\n\nSanitized\n\n\nCloud\nBlobEndpoint=https://seanmcccanary.blob.core.windows.net/;QueueEndpoint=https://seanmcccanary.queue.core.windows.net/;FileEndpoint=https://seanmcccanary.file.core.windows.net/;BlobSecondaryEndpoint=https://seanmcccanary-secondary.blob.core.windows.net/;QueueSecondaryEndpoint=https://seanmcccanary-secondary.queue.core.windows.net/;FileSecondaryEndpoint=https://seanmcccanary-secondary.file.core.windows.net/;AccountName=seanmcccanary;AccountKey=Kg==;\nseanscope1"
  }
}