{
  "Entries": [
    {
      "RequestUri": "https://seanmcccanary3.file.core.windows.net/test-share-850808e2-4cbc-1866-aba9-faa0b99f78b5?restype=share",
      "RequestMethod": "PUT",
      "RequestHeaders": {
        "Accept": "application/xml",
        "Authorization": "Sanitized",
        "traceparent": "00-c7e5ec5ded7f51408e2f504f6a5ac5b5-47412e241de3a24d-00",
        "User-Agent": [
          "azsdk-net-Storage.Files.Shares/12.7.0-alpha.20210126.1",
          "(.NET 5.0.2; Microsoft Windows 10.0.19042)"
        ],
        "x-ms-client-request-id": "14a5c3d6-ccf1-02fa-66a6-7559dce6e86e",
        "x-ms-date": "Tue, 26 Jan 2021 19:27:16 GMT",
        "x-ms-return-client-request-id": "true",
        "x-ms-version": "2021-04-10"
      },
      "RequestBody": null,
      "StatusCode": 201,
      "ResponseHeaders": {
        "Content-Length": "0",
        "Date": "Tue, 26 Jan 2021 19:27:15 GMT",
        "ETag": "\"0x8D8C23063BE2001\"",
        "Last-Modified": "Tue, 26 Jan 2021 19:27:16 GMT",
        "Server": [
          "Windows-Azure-File/1.0",
          "Microsoft-HTTPAPI/2.0"
        ],
        "x-ms-client-request-id": "14a5c3d6-ccf1-02fa-66a6-7559dce6e86e",
        "x-ms-request-id": "f571dd8e-601a-0050-6219-f41892000000",
        "x-ms-version": "2021-04-10"
      },
      "ResponseBody": []
    },
    {
      "RequestUri": "https://seanmcccanary3.file.core.windows.net/test-share-850808e2-4cbc-1866-aba9-faa0b99f78b5/directory0?restype=directory",
      "RequestMethod": "PUT",
      "RequestHeaders": {
        "Accept": "application/xml",
        "Authorization": "Sanitized",
        "traceparent": "00-67d926e3e8b47a4e85354690f5bb080c-251110829986184d-00",
        "User-Agent": [
          "azsdk-net-Storage.Files.Shares/12.7.0-alpha.20210126.1",
          "(.NET 5.0.2; Microsoft Windows 10.0.19042)"
        ],
        "x-ms-client-request-id": "f5ca1430-63f9-fbc3-be97-66eaea6f1dfd",
        "x-ms-date": "Tue, 26 Jan 2021 19:27:16 GMT",
        "x-ms-file-attributes": "None",
        "x-ms-file-creation-time": "Now",
        "x-ms-file-last-write-time": "Now",
        "x-ms-file-permission": "Inherit",
        "x-ms-return-client-request-id": "true",
        "x-ms-version": "2021-04-10"
      },
      "RequestBody": null,
      "StatusCode": 201,
      "ResponseHeaders": {
        "Content-Length": "0",
        "Date": "Tue, 26 Jan 2021 19:27:15 GMT",
        "ETag": "\"0x8D8C23063C7FAF6\"",
        "Last-Modified": "Tue, 26 Jan 2021 19:27:16 GMT",
        "Server": [
          "Windows-Azure-File/1.0",
          "Microsoft-HTTPAPI/2.0"
        ],
        "x-ms-client-request-id": "f5ca1430-63f9-fbc3-be97-66eaea6f1dfd",
        "x-ms-file-attributes": "Directory",
        "x-ms-file-change-time": "2021-01-26T19:27:16.119423Z",
        "x-ms-file-creation-time": "2021-01-26T19:27:16.119423Z",
        "x-ms-file-id": "13835128424026341376",
        "x-ms-file-last-write-time": "2021-01-26T19:27:16.119423Z",
        "x-ms-file-parent-id": "0",
        "x-ms-file-permission-key": "17860367565182308406*11459378189709739967",
        "x-ms-request-id": "f571dd91-601a-0050-6319-f41892000000",
        "x-ms-request-server-encrypted": "true",
        "x-ms-version": "2021-04-10"
      },
      "ResponseBody": []
    },
    {
      "RequestUri": "https://seanmcccanary3.file.core.windows.net/test-share-850808e2-4cbc-1866-aba9-faa0b99f78b5/directory0/directory1?restype=directory",
      "RequestMethod": "PUT",
      "RequestHeaders": {
        "Accept": "application/xml",
        "Authorization": "Sanitized",
        "traceparent": "00-4d7d6b919202844e973470a252337a20-dfea5e211c5e1545-00",
        "User-Agent": [
          "azsdk-net-Storage.Files.Shares/12.7.0-alpha.20210126.1",
          "(.NET 5.0.2; Microsoft Windows 10.0.19042)"
        ],
        "x-ms-client-request-id": "c729730f-f31c-b274-3f78-921bd79599cf",
        "x-ms-date": "Tue, 26 Jan 2021 19:27:16 GMT",
        "x-ms-file-attributes": "None",
        "x-ms-file-creation-time": "Now",
        "x-ms-file-last-write-time": "Now",
        "x-ms-file-permission": "Inherit",
        "x-ms-return-client-request-id": "true",
        "x-ms-version": "2021-04-10"
      },
      "RequestBody": null,
      "StatusCode": 201,
      "ResponseHeaders": {
        "Content-Length": "0",
        "Date": "Tue, 26 Jan 2021 19:27:15 GMT",
        "ETag": "\"0x8D8C23063D4322F\"",
        "Last-Modified": "Tue, 26 Jan 2021 19:27:16 GMT",
        "Server": [
          "Windows-Azure-File/1.0",
          "Microsoft-HTTPAPI/2.0"
        ],
        "x-ms-client-request-id": "c729730f-f31c-b274-3f78-921bd79599cf",
        "x-ms-file-attributes": "Directory",
        "x-ms-file-change-time": "2021-01-26T19:27:16.1994799Z",
        "x-ms-file-creation-time": "2021-01-26T19:27:16.1994799Z",
        "x-ms-file-id": "11529285414812647424",
        "x-ms-file-last-write-time": "2021-01-26T19:27:16.1994799Z",
        "x-ms-file-parent-id": "13835128424026341376",
        "x-ms-file-permission-key": "17860367565182308406*11459378189709739967",
        "x-ms-request-id": "f571dd93-601a-0050-6419-f41892000000",
        "x-ms-request-server-encrypted": "true",
        "x-ms-version": "2021-04-10"
      },
      "ResponseBody": []
    },
    {
      "RequestUri": "https://seanmcccanary3.file.core.windows.net/test-share-850808e2-4cbc-1866-aba9-faa0b99f78b5/directory0/directory1?restype=directory",
      "RequestMethod": "GET",
      "RequestHeaders": {
        "Accept": "application/xml",
        "Authorization": "Sanitized",
        "User-Agent": [
          "azsdk-net-Storage.Files.Shares/12.7.0-alpha.20210126.1",
          "(.NET 5.0.2; Microsoft Windows 10.0.19042)"
        ],
        "x-ms-client-request-id": "76dbd671-5646-25e1-8cc6-3ebd9617c0ae",
        "x-ms-date": "Tue, 26 Jan 2021 19:27:17 GMT",
        "x-ms-return-client-request-id": "true",
        "x-ms-version": "2021-04-10"
      },
      "RequestBody": null,
      "StatusCode": 200,
      "ResponseHeaders": {
        "Content-Length": "0",
        "Date": "Tue, 26 Jan 2021 19:27:16 GMT",
        "ETag": "\"0x8D8C23063D4322F\"",
        "Last-Modified": "Tue, 26 Jan 2021 19:27:16 GMT",
        "Server": [
          "Windows-Azure-File/1.0",
          "Microsoft-HTTPAPI/2.0"
        ],
        "Vary": "Origin",
        "x-ms-client-request-id": "76dbd671-5646-25e1-8cc6-3ebd9617c0ae",
        "x-ms-file-attributes": "Directory",
        "x-ms-file-change-time": "2021-01-26T19:27:16.1994799Z",
        "x-ms-file-creation-time": "2021-01-26T19:27:16.1994799Z",
        "x-ms-file-id": "11529285414812647424",
        "x-ms-file-last-write-time": "2021-01-26T19:27:16.1994799Z",
        "x-ms-file-parent-id": "13835128424026341376",
        "x-ms-file-permission-key": "17860367565182308406*11459378189709739967",
        "x-ms-request-id": "efd08a76-c01a-0014-3119-f492ad000000",
        "x-ms-server-encrypted": "true",
        "x-ms-version": "2021-04-10"
      },
      "ResponseBody": []
    },
    {
      "RequestUri": "https://seanmcccanary3.file.core.windows.net/test-share-850808e2-4cbc-1866-aba9-faa0b99f78b5/directory0?restype=directory&comp=list",
      "RequestMethod": "GET",
      "RequestHeaders": {
        "Accept": "application/xml",
        "Authorization": "Sanitized",
        "User-Agent": [
          "azsdk-net-Storage.Files.Shares/12.7.0-alpha.20210126.1",
          "(.NET 5.0.2; Microsoft Windows 10.0.19042)"
        ],
        "x-ms-client-request-id": "00a913a8-22ba-9a88-c37c-4e96db0e70c9",
        "x-ms-date": "Tue, 26 Jan 2021 19:27:17 GMT",
        "x-ms-return-client-request-id": "true",
        "x-ms-version": "2021-04-10"
      },
      "RequestBody": null,
      "StatusCode": 200,
      "ResponseHeaders": {
        "Content-Type": "application/xml",
        "Date": "Tue, 26 Jan 2021 19:27:16 GMT",
        "Server": [
          "Windows-Azure-File/1.0",
          "Microsoft-HTTPAPI/2.0"
        ],
        "Transfer-Encoding": "chunked",
        "Vary": "Origin",
        "x-ms-client-request-id": "00a913a8-22ba-9a88-c37c-4e96db0e70c9",
        "x-ms-request-id": "efd08a7a-c01a-0014-3319-f492ad000000",
        "x-ms-version": "2021-04-10"
      },
      "ResponseBody": "﻿<?xml version=\"1.0\" encoding=\"utf-8\"?><EnumerationResults ServiceEndpoint=\"https://seanmcccanary3.file.core.windows.net/\" ShareName=\"test-share-850808e2-4cbc-1866-aba9-faa0b99f78b5\" DirectoryPath=\"directory0\"><Entries><Directory><Name>directory1</Name><Properties /></Directory></Entries><NextMarker /></EnumerationResults>"
    },
    {
      "RequestUri": "https://seanmcccanary3.file.core.windows.net/test-share-850808e2-4cbc-1866-aba9-faa0b99f78b5?restype=share",
      "RequestMethod": "DELETE",
      "RequestHeaders": {
        "Accept": "application/xml",
        "Authorization": "Sanitized",
        "traceparent": "00-a88cd717ac848b4cafaebd418123471e-ade3f071ca53eb4c-00",
        "User-Agent": [
          "azsdk-net-Storage.Files.Shares/12.7.0-alpha.20210126.1",
          "(.NET 5.0.2; Microsoft Windows 10.0.19042)"
        ],
        "x-ms-client-request-id": "8214e0a2-bf6e-65f4-7d56-c221fc9c1a99",
        "x-ms-date": "Tue, 26 Jan 2021 19:27:17 GMT",
        "x-ms-delete-snapshots": "include",
        "x-ms-return-client-request-id": "true",
        "x-ms-version": "2021-04-10"
      },
      "RequestBody": null,
      "StatusCode": 202,
      "ResponseHeaders": {
        "Content-Length": "0",
        "Date": "Tue, 26 Jan 2021 19:27:16 GMT",
        "Server": [
          "Windows-Azure-File/1.0",
          "Microsoft-HTTPAPI/2.0"
        ],
        "x-ms-client-request-id": "8214e0a2-bf6e-65f4-7d56-c221fc9c1a99",
        "x-ms-request-id": "efd08a7c-c01a-0014-3519-f492ad000000",
        "x-ms-version": "2021-04-10"
      },
      "ResponseBody": []
    }
  ],
  "Variables": {
    "RandomSeed": "861697548",
    "Storage_TestConfigDefault": "ProductionTenant\nseanmcccanary3\nU2FuaXRpemVk\nhttps://seanmcccanary3.blob.core.windows.net\nhttps://seanmcccanary3.file.core.windows.net\nhttps://seanmcccanary3.queue.core.windows.net\nhttps://seanmcccanary3.table.core.windows.net\n\n\n\n\nhttps://seanmcccanary3-secondary.blob.core.windows.net\nhttps://seanmcccanary3-secondary.file.core.windows.net\nhttps://seanmcccanary3-secondary.queue.core.windows.net\nhttps://seanmcccanary3-secondary.table.core.windows.net\n\nSanitized\n\n\nCloud\nBlobEndpoint=https://seanmcccanary3.blob.core.windows.net/;QueueEndpoint=https://seanmcccanary3.queue.core.windows.net/;FileEndpoint=https://seanmcccanary3.file.core.windows.net/;BlobSecondaryEndpoint=https://seanmcccanary3-secondary.blob.core.windows.net/;QueueSecondaryEndpoint=https://seanmcccanary3-secondary.queue.core.windows.net/;FileSecondaryEndpoint=https://seanmcccanary3-secondary.file.core.windows.net/;AccountName=seanmcccanary3;AccountKey=Kg==;\nseanscope1\n\n"
  }
}