{
  "Entries": [
    {
      "RequestUri": "http://seanstagetest.file.core.windows.net/test-share-92d0113b-e876-4141-9a04-5991c25e06d3?restype=share",
      "RequestMethod": "PUT",
      "RequestHeaders": {
        "Authorization": "Sanitized",
        "traceparent": "00-f2727868710c694591680b6b4d19c4b4-d4e31e7213597042-00",
        "User-Agent": [
          "azsdk-net-Storage.Files.Shares/12.0.0-dev.20191209.1\u002Bb71b1fa965b15eccfc57e2c7781b8bf85cd4c766",
          "(.NET Core 4.6.28008.01; Microsoft Windows 10.0.18363 )"
        ],
        "x-ms-client-request-id": "c82c8a4d-f8e0-f03c-55f3-e7f55d24cb43",
        "x-ms-date": "Tue, 10 Dec 2019 05:30:30 GMT",
        "x-ms-return-client-request-id": "true",
        "x-ms-version": "2019-07-07"
      },
      "RequestBody": null,
      "StatusCode": 201,
      "ResponseHeaders": {
        "Content-Length": "0",
        "Date": "Tue, 10 Dec 2019 05:30:30 GMT",
        "ETag": "\u00220x8D77D32121A4650\u0022",
        "Last-Modified": "Tue, 10 Dec 2019 05:30:30 GMT",
        "Server": [
          "Windows-Azure-File/1.0",
          "Microsoft-HTTPAPI/2.0"
        ],
        "x-ms-client-request-id": "c82c8a4d-f8e0-f03c-55f3-e7f55d24cb43",
        "x-ms-request-id": "3e8da93b-201a-003e-751a-af0544000000",
        "x-ms-version": "2019-07-07"
      },
      "ResponseBody": []
    },
    {
      "RequestUri": "http://seanstagetest.file.core.windows.net/test-share-92d0113b-e876-4141-9a04-5991c25e06d3/test-directory-635959bf-0679-6b24-a4ec-82912210b332?restype=directory",
      "RequestMethod": "PUT",
      "RequestHeaders": {
        "Authorization": "Sanitized",
        "traceparent": "00-84d8372887f81046a04af95aeea60f2f-d8005fe37ed8ec4b-00",
        "User-Agent": [
          "azsdk-net-Storage.Files.Shares/12.0.0-dev.20191209.1\u002Bb71b1fa965b15eccfc57e2c7781b8bf85cd4c766",
          "(.NET Core 4.6.28008.01; Microsoft Windows 10.0.18363 )"
        ],
        "x-ms-client-request-id": "33708219-f80e-47d0-65c1-24f375abce44",
        "x-ms-date": "Tue, 10 Dec 2019 05:30:30 GMT",
        "x-ms-file-attributes": "None",
        "x-ms-file-creation-time": "Now",
        "x-ms-file-last-write-time": "Now",
        "x-ms-file-permission": "Inherit",
        "x-ms-return-client-request-id": "true",
        "x-ms-version": "2019-07-07"
      },
      "RequestBody": null,
      "StatusCode": 201,
      "ResponseHeaders": {
        "Content-Length": "0",
        "Date": "Tue, 10 Dec 2019 05:30:30 GMT",
        "ETag": "\u00220x8D77D3212289A0B\u0022",
        "Last-Modified": "Tue, 10 Dec 2019 05:30:30 GMT",
        "Server": [
          "Windows-Azure-File/1.0",
          "Microsoft-HTTPAPI/2.0"
        ],
        "x-ms-client-request-id": "33708219-f80e-47d0-65c1-24f375abce44",
        "x-ms-file-attributes": "Directory",
        "x-ms-file-change-time": "2019-12-10T05:30:30.2702091Z",
        "x-ms-file-creation-time": "2019-12-10T05:30:30.2702091Z",
        "x-ms-file-id": "13835128424026341376",
        "x-ms-file-last-write-time": "2019-12-10T05:30:30.2702091Z",
        "x-ms-file-parent-id": "0",
        "x-ms-file-permission-key": "7855875120676328179*422928105932735866",
        "x-ms-request-id": "3e8da93d-201a-003e-761a-af0544000000",
        "x-ms-request-server-encrypted": "true",
        "x-ms-version": "2019-07-07"
      },
      "ResponseBody": []
    },
    {
      "RequestUri": "http://seanstagetest.file.core.windows.net/test-share-92d0113b-e876-4141-9a04-5991c25e06d3/test-directory-635959bf-0679-6b24-a4ec-82912210b332?comp=listhandles",
      "RequestMethod": "GET",
      "RequestHeaders": {
        "Authorization": "Sanitized",
        "User-Agent": [
          "azsdk-net-Storage.Files.Shares/12.0.0-dev.20191209.1\u002Bb71b1fa965b15eccfc57e2c7781b8bf85cd4c766",
          "(.NET Core 4.6.28008.01; Microsoft Windows 10.0.18363 )"
        ],
        "x-ms-client-request-id": "9f779767-7fa0-b023-3efd-d26f19ff6d75",
        "x-ms-date": "Tue, 10 Dec 2019 05:30:30 GMT",
        "x-ms-return-client-request-id": "true",
        "x-ms-version": "2019-07-07"
      },
      "RequestBody": null,
      "StatusCode": 200,
      "ResponseHeaders": {
        "Access-Control-Allow-Origin": "*",
        "Content-Type": "application/xml",
        "Date": "Tue, 10 Dec 2019 05:30:30 GMT",
        "Server": [
          "Windows-Azure-File/1.0",
          "Microsoft-HTTPAPI/2.0"
        ],
        "Transfer-Encoding": "chunked",
        "x-ms-client-request-id": "9f779767-7fa0-b023-3efd-d26f19ff6d75",
        "x-ms-request-id": "3e8da93e-201a-003e-771a-af0544000000",
        "x-ms-version": "2019-07-07"
      },
      "ResponseBody": "\uFEFF\u003C?xml version=\u00221.0\u0022 encoding=\u0022utf-8\u0022?\u003E\u003CEnumerationResults\u003E\u003CEntries /\u003E\u003CNextMarker /\u003E\u003C/EnumerationResults\u003E"
    },
    {
      "RequestUri": "http://seanstagetest.file.core.windows.net/test-share-92d0113b-e876-4141-9a04-5991c25e06d3?restype=share",
      "RequestMethod": "DELETE",
      "RequestHeaders": {
        "Authorization": "Sanitized",
        "traceparent": "00-13e90e17565ae04ea873ae22b095cb74-c462ae0698bb6c40-00",
        "User-Agent": [
          "azsdk-net-Storage.Files.Shares/12.0.0-dev.20191209.1\u002Bb71b1fa965b15eccfc57e2c7781b8bf85cd4c766",
          "(.NET Core 4.6.28008.01; Microsoft Windows 10.0.18363 )"
        ],
        "x-ms-client-request-id": "de8bf63e-2e33-c0a4-929b-0fe3c0a26867",
        "x-ms-date": "Tue, 10 Dec 2019 05:30:30 GMT",
        "x-ms-delete-snapshots": "include",
        "x-ms-return-client-request-id": "true",
        "x-ms-version": "2019-07-07"
      },
      "RequestBody": null,
      "StatusCode": 202,
      "ResponseHeaders": {
        "Content-Length": "0",
        "Date": "Tue, 10 Dec 2019 05:30:30 GMT",
        "Server": [
          "Windows-Azure-File/1.0",
          "Microsoft-HTTPAPI/2.0"
        ],
        "x-ms-client-request-id": "de8bf63e-2e33-c0a4-929b-0fe3c0a26867",
        "x-ms-request-id": "3e8da93f-201a-003e-781a-af0544000000",
        "x-ms-version": "2019-07-07"
      },
      "ResponseBody": []
    }
  ],
  "Variables": {
    "RandomSeed": "1304343429",
    "Storage_TestConfigDefault": "ProductionTenant\nseanstagetest\nU2FuaXRpemVk\nhttp://seanstagetest.blob.core.windows.net\nhttp://seanstagetest.file.core.windows.net\nhttp://seanstagetest.queue.core.windows.net\nhttp://seanstagetest.table.core.windows.net\n\n\n\n\nhttp://seanstagetest-secondary.blob.core.windows.net\nhttp://seanstagetest-secondary.file.core.windows.net\nhttp://seanstagetest-secondary.queue.core.windows.net\nhttp://seanstagetest-secondary.table.core.windows.net\n\nSanitized\n\n\nCloud\nBlobEndpoint=http://seanstagetest.blob.core.windows.net/;QueueEndpoint=http://seanstagetest.queue.core.windows.net/;FileEndpoint=http://seanstagetest.file.core.windows.net/;BlobSecondaryEndpoint=http://seanstagetest-secondary.blob.core.windows.net/;QueueSecondaryEndpoint=http://seanstagetest-secondary.queue.core.windows.net/;FileSecondaryEndpoint=http://seanstagetest-secondary.file.core.windows.net/;AccountName=seanstagetest;AccountKey=Sanitized"
  }
}