{
  "Entries": [
    {
      "RequestUri": "https://seanmcccanary3.file.core.windows.net/test-share-223f1a51-c973-5377-e92a-ed3729ec0f13?restype=share",
      "RequestMethod": "PUT",
      "RequestHeaders": {
        "Accept": "application/xml",
        "Authorization": "Sanitized",
        "traceparent": "00-843550bcf3662e4b9c899d7f10b38fe9-6d1fbdc5d95e174c-00",
        "User-Agent": [
          "azsdk-net-Storage.Files.Shares/12.7.0-alpha.20210126.1",
          "(.NET 5.0.2; Microsoft Windows 10.0.19042)"
        ],
        "x-ms-client-request-id": "ef79d9fd-3c4b-67f3-1998-8f05ca00c77b",
        "x-ms-date": "Tue, 26 Jan 2021 19:27:37 GMT",
        "x-ms-return-client-request-id": "true",
        "x-ms-version": "2021-04-10"
      },
      "RequestBody": null,
      "StatusCode": 201,
      "ResponseHeaders": {
        "Content-Length": "0",
        "Date": "Tue, 26 Jan 2021 19:27:36 GMT",
        "ETag": "\"0x8D8C23070539595\"",
        "Last-Modified": "Tue, 26 Jan 2021 19:27:37 GMT",
        "Server": [
          "Windows-Azure-File/1.0",
          "Microsoft-HTTPAPI/2.0"
        ],
        "x-ms-client-request-id": "ef79d9fd-3c4b-67f3-1998-8f05ca00c77b",
        "x-ms-request-id": "c0b83697-501a-0016-3619-f42c15000000",
        "x-ms-version": "2021-04-10"
      },
      "ResponseBody": []
    },
    {
      "RequestUri": "https://seanmcccanary3.file.core.windows.net/test-share-223f1a51-c973-5377-e92a-ed3729ec0f13/test-directory-a99025f1-eab3-e075-21f6-f7039830ca0c?restype=directory",
      "RequestMethod": "PUT",
      "RequestHeaders": {
        "Accept": "application/xml",
        "Authorization": "Sanitized",
        "traceparent": "00-03dfc5b2c948474ca8a6379c52cd5ad7-0beb223387e13f42-00",
        "User-Agent": [
          "azsdk-net-Storage.Files.Shares/12.7.0-alpha.20210126.1",
          "(.NET 5.0.2; Microsoft Windows 10.0.19042)"
        ],
        "x-ms-client-request-id": "6355b5a7-3b4c-136b-6499-ce5444efcfe8",
        "x-ms-date": "Tue, 26 Jan 2021 19:27:38 GMT",
        "x-ms-file-attributes": "None",
        "x-ms-file-creation-time": "Now",
        "x-ms-file-last-write-time": "Now",
        "x-ms-file-permission": "Inherit",
        "x-ms-return-client-request-id": "true",
        "x-ms-version": "2021-04-10"
      },
      "RequestBody": null,
      "StatusCode": 201,
      "ResponseHeaders": {
        "Content-Length": "0",
        "Date": "Tue, 26 Jan 2021 19:27:36 GMT",
        "ETag": "\"0x8D8C230705E0946\"",
        "Last-Modified": "Tue, 26 Jan 2021 19:27:37 GMT",
        "Server": [
          "Windows-Azure-File/1.0",
          "Microsoft-HTTPAPI/2.0"
        ],
        "x-ms-client-request-id": "6355b5a7-3b4c-136b-6499-ce5444efcfe8",
        "x-ms-file-attributes": "Directory",
        "x-ms-file-change-time": "2021-01-26T19:27:37.2354886Z",
        "x-ms-file-creation-time": "2021-01-26T19:27:37.2354886Z",
        "x-ms-file-id": "13835128424026341376",
        "x-ms-file-last-write-time": "2021-01-26T19:27:37.2354886Z",
        "x-ms-file-parent-id": "0",
        "x-ms-file-permission-key": "17860367565182308406*11459378189709739967",
        "x-ms-request-id": "c0b8369a-501a-0016-3719-f42c15000000",
        "x-ms-request-server-encrypted": "true",
        "x-ms-version": "2021-04-10"
      },
      "ResponseBody": []
    },
    {
      "RequestUri": "https://seanmcccanary3.file.core.windows.net/test-share-223f1a51-c973-5377-e92a-ed3729ec0f13/test-directory-a99025f1-eab3-e075-21f6-f7039830ca0c/test-file-c306081f-14ef-afd4-5e33-2d30ee7a09b3",
      "RequestMethod": "PUT",
      "RequestHeaders": {
        "Accept": "application/xml",
        "Authorization": "Sanitized",
        "traceparent": "00-f0692c7b5179fd4b83f673f745ce516e-b6d87c9bcf1adf4f-00",
        "User-Agent": [
          "azsdk-net-Storage.Files.Shares/12.7.0-alpha.20210126.1",
          "(.NET 5.0.2; Microsoft Windows 10.0.19042)"
        ],
        "x-ms-client-request-id": "e25bcd78-66db-0ac0-6426-ebd952732248",
        "x-ms-content-length": "1048576",
        "x-ms-date": "Tue, 26 Jan 2021 19:27:38 GMT",
        "x-ms-file-attributes": "None",
        "x-ms-file-creation-time": "Now",
        "x-ms-file-last-write-time": "Now",
        "x-ms-file-permission": "Inherit",
        "x-ms-return-client-request-id": "true",
        "x-ms-type": "file",
        "x-ms-version": "2021-04-10"
      },
      "RequestBody": null,
      "StatusCode": 201,
      "ResponseHeaders": {
        "Content-Length": "0",
        "Date": "Tue, 26 Jan 2021 19:27:36 GMT",
        "ETag": "\"0x8D8C23070686B6A\"",
        "Last-Modified": "Tue, 26 Jan 2021 19:27:37 GMT",
        "Server": [
          "Windows-Azure-File/1.0",
          "Microsoft-HTTPAPI/2.0"
        ],
        "x-ms-client-request-id": "e25bcd78-66db-0ac0-6426-ebd952732248",
        "x-ms-file-attributes": "Archive",
        "x-ms-file-change-time": "2021-01-26T19:27:37.303537Z",
        "x-ms-file-creation-time": "2021-01-26T19:27:37.303537Z",
        "x-ms-file-id": "11529285414812647424",
        "x-ms-file-last-write-time": "2021-01-26T19:27:37.303537Z",
        "x-ms-file-parent-id": "13835128424026341376",
        "x-ms-file-permission-key": "4010187179898695473*11459378189709739967",
        "x-ms-request-id": "c0b8369c-501a-0016-3819-f42c15000000",
        "x-ms-request-server-encrypted": "true",
        "x-ms-version": "2021-04-10"
      },
      "ResponseBody": []
    },
    {
      "RequestUri": "https://seanmcccanary3.file.core.windows.net/test-share-223f1a51-c973-5377-e92a-ed3729ec0f13/test-directory-a99025f1-eab3-e075-21f6-f7039830ca0c/test-file-24422307-861a-d227-2d8b-9a9855f6f8c3",
      "RequestMethod": "PUT",
      "RequestHeaders": {
        "Accept": "application/xml",
        "Authorization": "Sanitized",
        "traceparent": "00-88b812523d626143a81474f16e2890b8-a2b00e5ff77edd42-00",
        "User-Agent": [
          "azsdk-net-Storage.Files.Shares/12.7.0-alpha.20210126.1",
          "(.NET 5.0.2; Microsoft Windows 10.0.19042)"
        ],
        "x-ms-client-request-id": "76dca099-ec93-680d-c3b5-96a08b2f7ee9",
        "x-ms-content-length": "1048576",
        "x-ms-date": "Tue, 26 Jan 2021 19:27:38 GMT",
        "x-ms-file-attributes": "None",
        "x-ms-file-creation-time": "Now",
        "x-ms-file-last-write-time": "Now",
        "x-ms-file-permission": "Inherit",
        "x-ms-return-client-request-id": "true",
        "x-ms-type": "file",
        "x-ms-version": "2021-04-10"
      },
      "RequestBody": null,
      "StatusCode": 201,
      "ResponseHeaders": {
        "Content-Length": "0",
        "Date": "Tue, 26 Jan 2021 19:27:36 GMT",
        "ETag": "\"0x8D8C2307071E308\"",
        "Last-Modified": "Tue, 26 Jan 2021 19:27:37 GMT",
        "Server": [
          "Windows-Azure-File/1.0",
          "Microsoft-HTTPAPI/2.0"
        ],
        "x-ms-client-request-id": "76dca099-ec93-680d-c3b5-96a08b2f7ee9",
        "x-ms-file-attributes": "Archive",
        "x-ms-file-change-time": "2021-01-26T19:27:37.3655816Z",
        "x-ms-file-creation-time": "2021-01-26T19:27:37.3655816Z",
        "x-ms-file-id": "16140971433240035328",
        "x-ms-file-last-write-time": "2021-01-26T19:27:37.3655816Z",
        "x-ms-file-parent-id": "13835128424026341376",
        "x-ms-file-permission-key": "4010187179898695473*11459378189709739967",
        "x-ms-request-id": "c0b8369d-501a-0016-3919-f42c15000000",
        "x-ms-request-server-encrypted": "true",
        "x-ms-version": "2021-04-10"
      },
      "ResponseBody": []
    },
    {
      "RequestUri": "https://seanmcccanary3.file.core.windows.net/test-share-223f1a51-c973-5377-e92a-ed3729ec0f13/test-directory-a99025f1-eab3-e075-21f6-f7039830ca0c/test-file-d4c9af72-b565-f4e2-546d-b7d1eae9d794",
      "RequestMethod": "PUT",
      "RequestHeaders": {
        "Accept": "application/xml",
        "Authorization": "Sanitized",
        "traceparent": "00-23d9c83f540f5f4192923d29ca13cf90-c4cfd4a8f773514e-00",
        "User-Agent": [
          "azsdk-net-Storage.Files.Shares/12.7.0-alpha.20210126.1",
          "(.NET 5.0.2; Microsoft Windows 10.0.19042)"
        ],
        "x-ms-client-request-id": "b23f1eef-ab97-e4b4-18a7-9a7eedc2a47d",
        "x-ms-content-length": "1048576",
        "x-ms-date": "Tue, 26 Jan 2021 19:27:38 GMT",
        "x-ms-file-attributes": "None",
        "x-ms-file-creation-time": "Now",
        "x-ms-file-last-write-time": "Now",
        "x-ms-file-permission": "Inherit",
        "x-ms-return-client-request-id": "true",
        "x-ms-type": "file",
        "x-ms-version": "2021-04-10"
      },
      "RequestBody": null,
      "StatusCode": 201,
      "ResponseHeaders": {
        "Content-Length": "0",
        "Date": "Tue, 26 Jan 2021 19:27:36 GMT",
        "ETag": "\"0x8D8C230707B5A9D\"",
        "Last-Modified": "Tue, 26 Jan 2021 19:27:37 GMT",
        "Server": [
          "Windows-Azure-File/1.0",
          "Microsoft-HTTPAPI/2.0"
        ],
        "x-ms-client-request-id": "b23f1eef-ab97-e4b4-18a7-9a7eedc2a47d",
        "x-ms-file-attributes": "Archive",
        "x-ms-file-change-time": "2021-01-26T19:27:37.4276253Z",
        "x-ms-file-creation-time": "2021-01-26T19:27:37.4276253Z",
        "x-ms-file-id": "10376363910205800448",
        "x-ms-file-last-write-time": "2021-01-26T19:27:37.4276253Z",
        "x-ms-file-parent-id": "13835128424026341376",
        "x-ms-file-permission-key": "4010187179898695473*11459378189709739967",
        "x-ms-request-id": "c0b8369e-501a-0016-3a19-f42c15000000",
        "x-ms-request-server-encrypted": "true",
        "x-ms-version": "2021-04-10"
      },
      "ResponseBody": []
    },
    {
      "RequestUri": "https://seanmcccanary3.file.core.windows.net/test-share-223f1a51-c973-5377-e92a-ed3729ec0f13/test-directory-a99025f1-eab3-e075-21f6-f7039830ca0c/test-file-d1a3b00e-9df8-994e-e133-9664793c5967",
      "RequestMethod": "PUT",
      "RequestHeaders": {
        "Accept": "application/xml",
        "Authorization": "Sanitized",
        "traceparent": "00-5aeda51f19697f4aaa9eb7dbe6a32a68-82d09b1546e73d47-00",
        "User-Agent": [
          "azsdk-net-Storage.Files.Shares/12.7.0-alpha.20210126.1",
          "(.NET 5.0.2; Microsoft Windows 10.0.19042)"
        ],
        "x-ms-client-request-id": "6db08975-ccef-5d51-735d-9ede077c07a8",
        "x-ms-content-length": "1048576",
        "x-ms-date": "Tue, 26 Jan 2021 19:27:38 GMT",
        "x-ms-file-attributes": "None",
        "x-ms-file-creation-time": "Now",
        "x-ms-file-last-write-time": "Now",
        "x-ms-file-permission": "Inherit",
        "x-ms-return-client-request-id": "true",
        "x-ms-type": "file",
        "x-ms-version": "2021-04-10"
      },
      "RequestBody": null,
      "StatusCode": 201,
      "ResponseHeaders": {
        "Content-Length": "0",
        "Date": "Tue, 26 Jan 2021 19:27:37 GMT",
        "ETag": "\"0x8D8C23070845CF3\"",
        "Last-Modified": "Tue, 26 Jan 2021 19:27:37 GMT",
        "Server": [
          "Windows-Azure-File/1.0",
          "Microsoft-HTTPAPI/2.0"
        ],
        "x-ms-client-request-id": "6db08975-ccef-5d51-735d-9ede077c07a8",
        "x-ms-file-attributes": "Archive",
        "x-ms-file-change-time": "2021-01-26T19:27:37.4866675Z",
        "x-ms-file-creation-time": "2021-01-26T19:27:37.4866675Z",
        "x-ms-file-id": "14988049928633188352",
        "x-ms-file-last-write-time": "2021-01-26T19:27:37.4866675Z",
        "x-ms-file-parent-id": "13835128424026341376",
        "x-ms-file-permission-key": "4010187179898695473*11459378189709739967",
        "x-ms-request-id": "c0b8369f-501a-0016-3b19-f42c15000000",
        "x-ms-request-server-encrypted": "true",
        "x-ms-version": "2021-04-10"
      },
      "ResponseBody": []
    },
    {
      "RequestUri": "https://seanmcccanary3.file.core.windows.net/test-share-223f1a51-c973-5377-e92a-ed3729ec0f13/test-directory-a99025f1-eab3-e075-21f6-f7039830ca0c/test-file-3fbd6a3b-34b1-524d-404d-cfadce56e743",
      "RequestMethod": "PUT",
      "RequestHeaders": {
        "Accept": "application/xml",
        "Authorization": "Sanitized",
        "traceparent": "00-6bd5f94dd1cd9c49a138d08e623b0733-5fda7b525513844a-00",
        "User-Agent": [
          "azsdk-net-Storage.Files.Shares/12.7.0-alpha.20210126.1",
          "(.NET 5.0.2; Microsoft Windows 10.0.19042)"
        ],
        "x-ms-client-request-id": "6308759f-3711-3a8d-cbbc-2eb8e068f028",
        "x-ms-content-length": "1048576",
        "x-ms-date": "Tue, 26 Jan 2021 19:27:38 GMT",
        "x-ms-file-attributes": "None",
        "x-ms-file-creation-time": "Now",
        "x-ms-file-last-write-time": "Now",
        "x-ms-file-permission": "Inherit",
        "x-ms-return-client-request-id": "true",
        "x-ms-type": "file",
        "x-ms-version": "2021-04-10"
      },
      "RequestBody": null,
      "StatusCode": 201,
      "ResponseHeaders": {
        "Content-Length": "0",
        "Date": "Tue, 26 Jan 2021 19:27:37 GMT",
        "ETag": "\"0x8D8C230708DD48F\"",
        "Last-Modified": "Tue, 26 Jan 2021 19:27:37 GMT",
        "Server": [
          "Windows-Azure-File/1.0",
          "Microsoft-HTTPAPI/2.0"
        ],
        "x-ms-client-request-id": "6308759f-3711-3a8d-cbbc-2eb8e068f028",
        "x-ms-file-attributes": "Archive",
        "x-ms-file-change-time": "2021-01-26T19:27:37.5487119Z",
        "x-ms-file-creation-time": "2021-01-26T19:27:37.5487119Z",
        "x-ms-file-id": "12682206919419494400",
        "x-ms-file-last-write-time": "2021-01-26T19:27:37.5487119Z",
        "x-ms-file-parent-id": "13835128424026341376",
        "x-ms-file-permission-key": "4010187179898695473*11459378189709739967",
        "x-ms-request-id": "c0b836a0-501a-0016-3c19-f42c15000000",
        "x-ms-request-server-encrypted": "true",
        "x-ms-version": "2021-04-10"
      },
      "ResponseBody": []
    },
    {
      "RequestUri": "https://seanmcccanary3.file.core.windows.net/test-share-223f1a51-c973-5377-e92a-ed3729ec0f13/test-directory-a99025f1-eab3-e075-21f6-f7039830ca0c/test-file-a48a06b4-2653-d5cb-6030-f3311f7e7b18",
      "RequestMethod": "PUT",
      "RequestHeaders": {
        "Accept": "application/xml",
        "Authorization": "Sanitized",
        "traceparent": "00-8f109bab02b668408a5f3e6b5160b791-e26086de31177f4b-00",
        "User-Agent": [
          "azsdk-net-Storage.Files.Shares/12.7.0-alpha.20210126.1",
          "(.NET 5.0.2; Microsoft Windows 10.0.19042)"
        ],
        "x-ms-client-request-id": "923f3d2e-a473-4f96-2a15-76c76f3d8f6e",
        "x-ms-content-length": "1048576",
        "x-ms-date": "Tue, 26 Jan 2021 19:27:38 GMT",
        "x-ms-file-attributes": "None",
        "x-ms-file-creation-time": "Now",
        "x-ms-file-last-write-time": "Now",
        "x-ms-file-permission": "Inherit",
        "x-ms-return-client-request-id": "true",
        "x-ms-type": "file",
        "x-ms-version": "2021-04-10"
      },
      "RequestBody": null,
      "StatusCode": 201,
      "ResponseHeaders": {
        "Content-Length": "0",
        "Date": "Tue, 26 Jan 2021 19:27:37 GMT",
        "ETag": "\"0x8D8C2307096FDFE\"",
        "Last-Modified": "Tue, 26 Jan 2021 19:27:37 GMT",
        "Server": [
          "Windows-Azure-File/1.0",
          "Microsoft-HTTPAPI/2.0"
        ],
        "x-ms-client-request-id": "923f3d2e-a473-4f96-2a15-76c76f3d8f6e",
        "x-ms-file-attributes": "Archive",
        "x-ms-file-change-time": "2021-01-26T19:27:37.608755Z",
        "x-ms-file-creation-time": "2021-01-26T19:27:37.608755Z",
        "x-ms-file-id": "17293892937846882304",
        "x-ms-file-last-write-time": "2021-01-26T19:27:37.608755Z",
        "x-ms-file-parent-id": "13835128424026341376",
        "x-ms-file-permission-key": "4010187179898695473*11459378189709739967",
        "x-ms-request-id": "c0b836a1-501a-0016-3d19-f42c15000000",
        "x-ms-request-server-encrypted": "true",
        "x-ms-version": "2021-04-10"
      },
      "ResponseBody": []
    },
    {
      "RequestUri": "https://seanmcccanary3.file.core.windows.net/test-share-223f1a51-c973-5377-e92a-ed3729ec0f13/test-directory-a99025f1-eab3-e075-21f6-f7039830ca0c/test-file-80955013-982b-dae3-6351-90abcda1ca8b",
      "RequestMethod": "PUT",
      "RequestHeaders": {
        "Accept": "application/xml",
        "Authorization": "Sanitized",
        "traceparent": "00-a89f590d48da544491cf0421a24e472a-cd7a982bd356db4d-00",
        "User-Agent": [
          "azsdk-net-Storage.Files.Shares/12.7.0-alpha.20210126.1",
          "(.NET 5.0.2; Microsoft Windows 10.0.19042)"
        ],
        "x-ms-client-request-id": "a38a06fe-5d29-3ab5-cd91-d35150d86755",
        "x-ms-content-length": "1048576",
        "x-ms-date": "Tue, 26 Jan 2021 19:27:38 GMT",
        "x-ms-file-attributes": "None",
        "x-ms-file-creation-time": "Now",
        "x-ms-file-last-write-time": "Now",
        "x-ms-file-permission": "Inherit",
        "x-ms-return-client-request-id": "true",
        "x-ms-type": "file",
        "x-ms-version": "2021-04-10"
      },
      "RequestBody": null,
      "StatusCode": 201,
      "ResponseHeaders": {
        "Content-Length": "0",
        "Date": "Tue, 26 Jan 2021 19:27:37 GMT",
        "ETag": "\"0x8D8C23070A02772\"",
        "Last-Modified": "Tue, 26 Jan 2021 19:27:37 GMT",
        "Server": [
          "Windows-Azure-File/1.0",
          "Microsoft-HTTPAPI/2.0"
        ],
        "x-ms-client-request-id": "a38a06fe-5d29-3ab5-cd91-d35150d86755",
        "x-ms-file-attributes": "Archive",
        "x-ms-file-change-time": "2021-01-26T19:27:37.6687986Z",
        "x-ms-file-creation-time": "2021-01-26T19:27:37.6687986Z",
        "x-ms-file-id": "9799903157902376960",
        "x-ms-file-last-write-time": "2021-01-26T19:27:37.6687986Z",
        "x-ms-file-parent-id": "13835128424026341376",
        "x-ms-file-permission-key": "4010187179898695473*11459378189709739967",
        "x-ms-request-id": "c0b836a2-501a-0016-3e19-f42c15000000",
        "x-ms-request-server-encrypted": "true",
        "x-ms-version": "2021-04-10"
      },
      "ResponseBody": []
    },
    {
      "RequestUri": "https://seanmcccanary3.file.core.windows.net/test-share-223f1a51-c973-5377-e92a-ed3729ec0f13/test-directory-a99025f1-eab3-e075-21f6-f7039830ca0c/test-file-73b0524b-b5b2-1514-9fe8-df80401c32c2",
      "RequestMethod": "PUT",
      "RequestHeaders": {
        "Accept": "application/xml",
        "Authorization": "Sanitized",
        "traceparent": "00-cdf0ce52976009469ea2e55a7bc5b865-6639ccb9085af54c-00",
        "User-Agent": [
          "azsdk-net-Storage.Files.Shares/12.7.0-alpha.20210126.1",
          "(.NET 5.0.2; Microsoft Windows 10.0.19042)"
        ],
        "x-ms-client-request-id": "69c94c9a-ecb3-f945-2e95-6cd85da887fc",
        "x-ms-content-length": "1048576",
        "x-ms-date": "Tue, 26 Jan 2021 19:27:38 GMT",
        "x-ms-file-attributes": "None",
        "x-ms-file-creation-time": "Now",
        "x-ms-file-last-write-time": "Now",
        "x-ms-file-permission": "Inherit",
        "x-ms-return-client-request-id": "true",
        "x-ms-type": "file",
        "x-ms-version": "2021-04-10"
      },
      "RequestBody": null,
      "StatusCode": 201,
      "ResponseHeaders": {
        "Content-Length": "0",
        "Date": "Tue, 26 Jan 2021 19:27:37 GMT",
        "ETag": "\"0x8D8C23070AE0CAD\"",
        "Last-Modified": "Tue, 26 Jan 2021 19:27:37 GMT",
        "Server": [
          "Windows-Azure-File/1.0",
          "Microsoft-HTTPAPI/2.0"
        ],
        "x-ms-client-request-id": "69c94c9a-ecb3-f945-2e95-6cd85da887fc",
        "x-ms-file-attributes": "Archive",
        "x-ms-file-change-time": "2021-01-26T19:27:37.7598637Z",
        "x-ms-file-creation-time": "2021-01-26T19:27:37.7598637Z",
        "x-ms-file-id": "14411589176329764864",
        "x-ms-file-last-write-time": "2021-01-26T19:27:37.7598637Z",
        "x-ms-file-parent-id": "13835128424026341376",
        "x-ms-file-permission-key": "4010187179898695473*11459378189709739967",
        "x-ms-request-id": "c0b836a3-501a-0016-3f19-f42c15000000",
        "x-ms-request-server-encrypted": "true",
        "x-ms-version": "2021-04-10"
      },
      "ResponseBody": []
    },
    {
      "RequestUri": "https://seanmcccanary3.file.core.windows.net/test-share-223f1a51-c973-5377-e92a-ed3729ec0f13/test-directory-a99025f1-eab3-e075-21f6-f7039830ca0c/test-file-7e99b6d1-67c0-1b17-22af-4101952007bf",
      "RequestMethod": "PUT",
      "RequestHeaders": {
        "Accept": "application/xml",
        "Authorization": "Sanitized",
        "traceparent": "00-58a75c2bd060e54f8707974a848919c9-d4dd97e065585943-00",
        "User-Agent": [
          "azsdk-net-Storage.Files.Shares/12.7.0-alpha.20210126.1",
          "(.NET 5.0.2; Microsoft Windows 10.0.19042)"
        ],
        "x-ms-client-request-id": "04b68ee2-fd0e-c4a1-e255-ac3b17e4a09a",
        "x-ms-content-length": "1048576",
        "x-ms-date": "Tue, 26 Jan 2021 19:27:38 GMT",
        "x-ms-file-attributes": "None",
        "x-ms-file-creation-time": "Now",
        "x-ms-file-last-write-time": "Now",
        "x-ms-file-permission": "Inherit",
        "x-ms-return-client-request-id": "true",
        "x-ms-type": "file",
        "x-ms-version": "2021-04-10"
      },
      "RequestBody": null,
      "StatusCode": 201,
      "ResponseHeaders": {
        "Content-Length": "0",
        "Date": "Tue, 26 Jan 2021 19:27:37 GMT",
        "ETag": "\"0x8D8C23070B7F98E\"",
        "Last-Modified": "Tue, 26 Jan 2021 19:27:37 GMT",
        "Server": [
          "Windows-Azure-File/1.0",
          "Microsoft-HTTPAPI/2.0"
        ],
        "x-ms-client-request-id": "04b68ee2-fd0e-c4a1-e255-ac3b17e4a09a",
        "x-ms-file-attributes": "Archive",
        "x-ms-file-change-time": "2021-01-26T19:27:37.8249102Z",
        "x-ms-file-creation-time": "2021-01-26T19:27:37.8249102Z",
        "x-ms-file-id": "12105746167116070912",
        "x-ms-file-last-write-time": "2021-01-26T19:27:37.8249102Z",
        "x-ms-file-parent-id": "13835128424026341376",
        "x-ms-file-permission-key": "4010187179898695473*11459378189709739967",
        "x-ms-request-id": "c0b836a4-501a-0016-4019-f42c15000000",
        "x-ms-request-server-encrypted": "true",
        "x-ms-version": "2021-04-10"
      },
      "ResponseBody": []
    },
    {
      "RequestUri": "https://seanmcccanary3.file.core.windows.net/test-share-223f1a51-c973-5377-e92a-ed3729ec0f13/test-directory-a99025f1-eab3-e075-21f6-f7039830ca0c/test-file-cce66865-08cd-5e66-3b80-e142b9629946",
      "RequestMethod": "PUT",
      "RequestHeaders": {
        "Accept": "application/xml",
        "Authorization": "Sanitized",
        "traceparent": "00-407bafb42764344ba41fe3b44f24b982-0177d32c70b74947-00",
        "User-Agent": [
          "azsdk-net-Storage.Files.Shares/12.7.0-alpha.20210126.1",
          "(.NET 5.0.2; Microsoft Windows 10.0.19042)"
        ],
        "x-ms-client-request-id": "cff5642f-83f2-cced-d95b-9640f31d6265",
        "x-ms-content-length": "1048576",
        "x-ms-date": "Tue, 26 Jan 2021 19:27:38 GMT",
        "x-ms-file-attributes": "None",
        "x-ms-file-creation-time": "Now",
        "x-ms-file-last-write-time": "Now",
        "x-ms-file-permission": "Inherit",
        "x-ms-return-client-request-id": "true",
        "x-ms-type": "file",
        "x-ms-version": "2021-04-10"
      },
      "RequestBody": null,
      "StatusCode": 201,
      "ResponseHeaders": {
        "Content-Length": "0",
        "Date": "Tue, 26 Jan 2021 19:27:37 GMT",
        "ETag": "\"0x8D8C23070C0D4CA\"",
        "Last-Modified": "Tue, 26 Jan 2021 19:27:37 GMT",
        "Server": [
          "Windows-Azure-File/1.0",
          "Microsoft-HTTPAPI/2.0"
        ],
        "x-ms-client-request-id": "cff5642f-83f2-cced-d95b-9640f31d6265",
        "x-ms-file-attributes": "Archive",
        "x-ms-file-change-time": "2021-01-26T19:27:37.8829514Z",
        "x-ms-file-creation-time": "2021-01-26T19:27:37.8829514Z",
        "x-ms-file-id": "16717432185543458816",
        "x-ms-file-last-write-time": "2021-01-26T19:27:37.8829514Z",
        "x-ms-file-parent-id": "13835128424026341376",
        "x-ms-file-permission-key": "4010187179898695473*11459378189709739967",
        "x-ms-request-id": "c0b836a5-501a-0016-4119-f42c15000000",
        "x-ms-request-server-encrypted": "true",
        "x-ms-version": "2021-04-10"
      },
      "ResponseBody": []
    },
    {
      "RequestUri": "https://seanmcccanary3.file.core.windows.net/test-share-223f1a51-c973-5377-e92a-ed3729ec0f13/test-directory-a99025f1-eab3-e075-21f6-f7039830ca0c/test-file-17d9ce1e-4c07-e4ca-3b94-500273127f7e?restype=directory",
      "RequestMethod": "PUT",
      "RequestHeaders": {
        "Accept": "application/xml",
        "Authorization": "Sanitized",
        "traceparent": "00-86fa69423b62e94f9ea91f0b62677880-356d853e17adbd47-00",
        "User-Agent": [
          "azsdk-net-Storage.Files.Shares/12.7.0-alpha.20210126.1",
          "(.NET 5.0.2; Microsoft Windows 10.0.19042)"
        ],
        "x-ms-client-request-id": "b20bf1fc-d1ef-5ca8-d3a9-804a9f6d07d6",
        "x-ms-date": "Tue, 26 Jan 2021 19:27:38 GMT",
        "x-ms-file-attributes": "None",
        "x-ms-file-creation-time": "Now",
        "x-ms-file-last-write-time": "Now",
        "x-ms-file-permission": "Inherit",
        "x-ms-return-client-request-id": "true",
        "x-ms-version": "2021-04-10"
      },
      "RequestBody": null,
      "StatusCode": 201,
      "ResponseHeaders": {
        "Content-Length": "0",
        "Date": "Tue, 26 Jan 2021 19:27:37 GMT",
        "ETag": "\"0x8D8C23070CAC1B4\"",
        "Last-Modified": "Tue, 26 Jan 2021 19:27:37 GMT",
        "Server": [
          "Windows-Azure-File/1.0",
          "Microsoft-HTTPAPI/2.0"
        ],
        "x-ms-client-request-id": "b20bf1fc-d1ef-5ca8-d3a9-804a9f6d07d6",
        "x-ms-file-attributes": "Directory",
        "x-ms-file-change-time": "2021-01-26T19:27:37.9479988Z",
        "x-ms-file-creation-time": "2021-01-26T19:27:37.9479988Z",
        "x-ms-file-id": "10952824662509223936",
        "x-ms-file-last-write-time": "2021-01-26T19:27:37.9479988Z",
        "x-ms-file-parent-id": "13835128424026341376",
        "x-ms-file-permission-key": "17860367565182308406*11459378189709739967",
        "x-ms-request-id": "c0b836a6-501a-0016-4219-f42c15000000",
        "x-ms-request-server-encrypted": "true",
        "x-ms-version": "2021-04-10"
      },
      "ResponseBody": []
    },
    {
      "RequestUri": "https://seanmcccanary3.file.core.windows.net/test-share-223f1a51-c973-5377-e92a-ed3729ec0f13/test-directory-a99025f1-eab3-e075-21f6-f7039830ca0c/test-file-d71a1fe1-6535-c9f4-503b-424085d462bf?restype=directory",
      "RequestMethod": "PUT",
      "RequestHeaders": {
        "Accept": "application/xml",
        "Authorization": "Sanitized",
        "traceparent": "00-9d4fe8eb0bc01a43b7c48075ac7c47d1-886482e1a0157440-00",
        "User-Agent": [
          "azsdk-net-Storage.Files.Shares/12.7.0-alpha.20210126.1",
          "(.NET 5.0.2; Microsoft Windows 10.0.19042)"
        ],
        "x-ms-client-request-id": "02443623-af12-1a75-1c86-0c538c170c72",
        "x-ms-date": "Tue, 26 Jan 2021 19:27:38 GMT",
        "x-ms-file-attributes": "None",
        "x-ms-file-creation-time": "Now",
        "x-ms-file-last-write-time": "Now",
        "x-ms-file-permission": "Inherit",
        "x-ms-return-client-request-id": "true",
        "x-ms-version": "2021-04-10"
      },
      "RequestBody": null,
      "StatusCode": 201,
      "ResponseHeaders": {
        "Content-Length": "0",
        "Date": "Tue, 26 Jan 2021 19:27:37 GMT",
        "ETag": "\"0x8D8C23070D57206\"",
        "Last-Modified": "Tue, 26 Jan 2021 19:27:38 GMT",
        "Server": [
          "Windows-Azure-File/1.0",
          "Microsoft-HTTPAPI/2.0"
        ],
        "x-ms-client-request-id": "02443623-af12-1a75-1c86-0c538c170c72",
        "x-ms-file-attributes": "Directory",
        "x-ms-file-change-time": "2021-01-26T19:27:38.0180486Z",
        "x-ms-file-creation-time": "2021-01-26T19:27:38.0180486Z",
        "x-ms-file-id": "15564510680936611840",
        "x-ms-file-last-write-time": "2021-01-26T19:27:38.0180486Z",
        "x-ms-file-parent-id": "13835128424026341376",
        "x-ms-file-permission-key": "17860367565182308406*11459378189709739967",
        "x-ms-request-id": "c0b836a7-501a-0016-4319-f42c15000000",
        "x-ms-request-server-encrypted": "true",
        "x-ms-version": "2021-04-10"
      },
      "ResponseBody": []
    },
    {
      "RequestUri": "https://seanmcccanary3.file.core.windows.net/test-share-223f1a51-c973-5377-e92a-ed3729ec0f13/test-directory-a99025f1-eab3-e075-21f6-f7039830ca0c/test-file-c7e3fa16-f046-19b7-9e01-9139b763ea28?restype=directory",
      "RequestMethod": "PUT",
      "RequestHeaders": {
        "Accept": "application/xml",
        "Authorization": "Sanitized",
        "traceparent": "00-5667b9f381c7d2419181f02a09b627b2-6adf8b25cf932947-00",
        "User-Agent": [
          "azsdk-net-Storage.Files.Shares/12.7.0-alpha.20210126.1",
          "(.NET 5.0.2; Microsoft Windows 10.0.19042)"
        ],
        "x-ms-client-request-id": "692621bb-0529-3dc4-4420-ab1a6c6b95ea",
        "x-ms-date": "Tue, 26 Jan 2021 19:27:38 GMT",
        "x-ms-file-attributes": "None",
        "x-ms-file-creation-time": "Now",
        "x-ms-file-last-write-time": "Now",
        "x-ms-file-permission": "Inherit",
        "x-ms-return-client-request-id": "true",
        "x-ms-version": "2021-04-10"
      },
      "RequestBody": null,
      "StatusCode": 201,
      "ResponseHeaders": {
        "Content-Length": "0",
        "Date": "Tue, 26 Jan 2021 19:27:37 GMT",
        "ETag": "\"0x8D8C23070DE7461\"",
        "Last-Modified": "Tue, 26 Jan 2021 19:27:38 GMT",
        "Server": [
          "Windows-Azure-File/1.0",
          "Microsoft-HTTPAPI/2.0"
        ],
        "x-ms-client-request-id": "692621bb-0529-3dc4-4420-ab1a6c6b95ea",
        "x-ms-file-attributes": "Directory",
        "x-ms-file-change-time": "2021-01-26T19:27:38.0770913Z",
        "x-ms-file-creation-time": "2021-01-26T19:27:38.0770913Z",
        "x-ms-file-id": "13258667671722917888",
        "x-ms-file-last-write-time": "2021-01-26T19:27:38.0770913Z",
        "x-ms-file-parent-id": "13835128424026341376",
        "x-ms-file-permission-key": "17860367565182308406*11459378189709739967",
        "x-ms-request-id": "c0b836a8-501a-0016-4419-f42c15000000",
        "x-ms-request-server-encrypted": "true",
        "x-ms-version": "2021-04-10"
      },
      "ResponseBody": []
    },
    {
      "RequestUri": "https://seanmcccanary3.file.core.windows.net/test-share-223f1a51-c973-5377-e92a-ed3729ec0f13/test-directory-a99025f1-eab3-e075-21f6-f7039830ca0c/test-file-99616200-c248-b811-d90f-c6cb098a5e66?restype=directory",
      "RequestMethod": "PUT",
      "RequestHeaders": {
        "Accept": "application/xml",
        "Authorization": "Sanitized",
        "traceparent": "00-ef02d2ec469cf4439e2ea75f7ccded68-cc0f54318a0fe44c-00",
        "User-Agent": [
          "azsdk-net-Storage.Files.Shares/12.7.0-alpha.20210126.1",
          "(.NET 5.0.2; Microsoft Windows 10.0.19042)"
        ],
        "x-ms-client-request-id": "6b97689d-a3f1-ae49-7593-df1ec3a416c8",
        "x-ms-date": "Tue, 26 Jan 2021 19:27:38 GMT",
        "x-ms-file-attributes": "None",
        "x-ms-file-creation-time": "Now",
        "x-ms-file-last-write-time": "Now",
        "x-ms-file-permission": "Inherit",
        "x-ms-return-client-request-id": "true",
        "x-ms-version": "2021-04-10"
      },
      "RequestBody": null,
      "StatusCode": 201,
      "ResponseHeaders": {
        "Content-Length": "0",
        "Date": "Tue, 26 Jan 2021 19:27:37 GMT",
        "ETag": "\"0x8D8C23070E8614A\"",
        "Last-Modified": "Tue, 26 Jan 2021 19:27:38 GMT",
        "Server": [
          "Windows-Azure-File/1.0",
          "Microsoft-HTTPAPI/2.0"
        ],
        "x-ms-client-request-id": "6b97689d-a3f1-ae49-7593-df1ec3a416c8",
        "x-ms-file-attributes": "Directory",
        "x-ms-file-change-time": "2021-01-26T19:27:38.1421386Z",
        "x-ms-file-creation-time": "2021-01-26T19:27:38.1421386Z",
        "x-ms-file-id": "17870353690150305792",
        "x-ms-file-last-write-time": "2021-01-26T19:27:38.1421386Z",
        "x-ms-file-parent-id": "13835128424026341376",
        "x-ms-file-permission-key": "17860367565182308406*11459378189709739967",
        "x-ms-request-id": "c0b836a9-501a-0016-4519-f42c15000000",
        "x-ms-request-server-encrypted": "true",
        "x-ms-version": "2021-04-10"
      },
      "ResponseBody": []
    },
    {
      "RequestUri": "https://seanmcccanary3.file.core.windows.net/test-share-223f1a51-c973-5377-e92a-ed3729ec0f13/test-directory-a99025f1-eab3-e075-21f6-f7039830ca0c/test-file-79ec9031-b82f-f138-6701-3933d4bb11ec?restype=directory",
      "RequestMethod": "PUT",
      "RequestHeaders": {
        "Accept": "application/xml",
        "Authorization": "Sanitized",
        "traceparent": "00-d2e8ec53c665954fa30f7befca7e9e5e-327a3ac63fc2d849-00",
        "User-Agent": [
          "azsdk-net-Storage.Files.Shares/12.7.0-alpha.20210126.1",
          "(.NET 5.0.2; Microsoft Windows 10.0.19042)"
        ],
        "x-ms-client-request-id": "037d00e8-2ad3-98f9-33d4-c4caeb01f0d2",
        "x-ms-date": "Tue, 26 Jan 2021 19:27:38 GMT",
        "x-ms-file-attributes": "None",
        "x-ms-file-creation-time": "Now",
        "x-ms-file-last-write-time": "Now",
        "x-ms-file-permission": "Inherit",
        "x-ms-return-client-request-id": "true",
        "x-ms-version": "2021-04-10"
      },
      "RequestBody": null,
      "StatusCode": 201,
      "ResponseHeaders": {
        "Content-Length": "0",
        "Date": "Tue, 26 Jan 2021 19:27:37 GMT",
        "ETag": "\"0x8D8C23070F27540\"",
        "Last-Modified": "Tue, 26 Jan 2021 19:27:38 GMT",
        "Server": [
          "Windows-Azure-File/1.0",
          "Microsoft-HTTPAPI/2.0"
        ],
        "x-ms-client-request-id": "037d00e8-2ad3-98f9-33d4-c4caeb01f0d2",
        "x-ms-file-attributes": "Directory",
        "x-ms-file-change-time": "2021-01-26T19:27:38.2081856Z",
        "x-ms-file-creation-time": "2021-01-26T19:27:38.2081856Z",
        "x-ms-file-id": "9511672781750665216",
        "x-ms-file-last-write-time": "2021-01-26T19:27:38.2081856Z",
        "x-ms-file-parent-id": "13835128424026341376",
        "x-ms-file-permission-key": "17860367565182308406*11459378189709739967",
        "x-ms-request-id": "c0b836aa-501a-0016-4619-f42c15000000",
        "x-ms-request-server-encrypted": "true",
        "x-ms-version": "2021-04-10"
      },
      "ResponseBody": []
    },
    {
      "RequestUri": "https://seanmcccanary3.file.core.windows.net/test-share-223f1a51-c973-5377-e92a-ed3729ec0f13/test-directory-a99025f1-eab3-e075-21f6-f7039830ca0c?restype=directory&comp=list",
      "RequestMethod": "GET",
      "RequestHeaders": {
        "Accept": "application/xml",
        "Authorization": "Sanitized",
        "traceparent": "00-7a3ad428545e1d40b00a70773daa98c8-628116329c89fb4f-00",
        "User-Agent": [
          "azsdk-net-Storage.Files.Shares/12.7.0-alpha.20210126.1",
          "(.NET 5.0.2; Microsoft Windows 10.0.19042)"
        ],
        "x-ms-client-request-id": "c2356a55-1227-28f5-ccd1-3319eb7b04ff",
        "x-ms-date": "Tue, 26 Jan 2021 19:27:39 GMT",
        "x-ms-return-client-request-id": "true",
        "x-ms-version": "2021-04-10"
      },
      "RequestBody": null,
      "StatusCode": 200,
      "ResponseHeaders": {
        "Content-Type": "application/xml",
        "Date": "Tue, 26 Jan 2021 19:27:37 GMT",
        "Server": [
          "Windows-Azure-File/1.0",
          "Microsoft-HTTPAPI/2.0"
        ],
        "Transfer-Encoding": "chunked",
        "Vary": "Origin",
        "x-ms-client-request-id": "c2356a55-1227-28f5-ccd1-3319eb7b04ff",
        "x-ms-request-id": "c0b836ab-501a-0016-4719-f42c15000000",
        "x-ms-version": "2021-04-10"
      },
      "ResponseBody": "﻿<?xml version=\"1.0\" encoding=\"utf-8\"?><EnumerationResults ServiceEndpoint=\"https://seanmcccanary3.file.core.windows.net/\" ShareName=\"test-share-223f1a51-c973-5377-e92a-ed3729ec0f13\" DirectoryPath=\"test-directory-a99025f1-eab3-e075-21f6-f7039830ca0c\"><Entries><Directory><Name>test-file-17d9ce1e-4c07-e4ca-3b94-500273127f7e</Name><Properties /></Directory><File><Name>test-file-24422307-861a-d227-2d8b-9a9855f6f8c3</Name><Properties><Content-Length>1048576</Content-Length></Properties></File><File><Name>test-file-3fbd6a3b-34b1-524d-404d-cfadce56e743</Name><Properties><Content-Length>1048576</Content-Length></Properties></File><File><Name>test-file-73b0524b-b5b2-1514-9fe8-df80401c32c2</Name><Properties><Content-Length>1048576</Content-Length></Properties></File><Directory><Name>test-file-79ec9031-b82f-f138-6701-3933d4bb11ec</Name><Properties /></Directory><File><Name>test-file-7e99b6d1-67c0-1b17-22af-4101952007bf</Name><Properties><Content-Length>1048576</Content-Length></Properties></File><File><Name>test-file-80955013-982b-dae3-6351-90abcda1ca8b</Name><Properties><Content-Length>1048576</Content-Length></Properties></File><Directory><Name>test-file-99616200-c248-b811-d90f-c6cb098a5e66</Name><Properties /></Directory><File><Name>test-file-a48a06b4-2653-d5cb-6030-f3311f7e7b18</Name><Properties><Content-Length>1048576</Content-Length></Properties></File><File><Name>test-file-c306081f-14ef-afd4-5e33-2d30ee7a09b3</Name><Properties><Content-Length>1048576</Content-Length></Properties></File><Directory><Name>test-file-c7e3fa16-f046-19b7-9e01-9139b763ea28</Name><Properties /></Directory><File><Name>test-file-cce66865-08cd-5e66-3b80-e142b9629946</Name><Properties><Content-Length>1048576</Content-Length></Properties></File><File><Name>test-file-d1a3b00e-9df8-994e-e133-9664793c5967</Name><Properties><Content-Length>1048576</Content-Length></Properties></File><File><Name>test-file-d4c9af72-b565-f4e2-546d-b7d1eae9d794</Name><Properties><Content-Length>1048576</Content-Length></Properties></File><Directory><Name>test-file-d71a1fe1-6535-c9f4-503b-424085d462bf</Name><Properties /></Directory></Entries><NextMarker /></EnumerationResults>"
    },
    {
      "RequestUri": "https://seanmcccanary3.file.core.windows.net/test-share-223f1a51-c973-5377-e92a-ed3729ec0f13?restype=share",
      "RequestMethod": "DELETE",
      "RequestHeaders": {
        "Accept": "application/xml",
        "Authorization": "Sanitized",
        "traceparent": "00-05df45fc91b5974fac90a2c4e2772267-8ebac77406aecf43-00",
        "User-Agent": [
          "azsdk-net-Storage.Files.Shares/12.7.0-alpha.20210126.1",
          "(.NET 5.0.2; Microsoft Windows 10.0.19042)"
        ],
        "x-ms-client-request-id": "8175e95c-2dcc-97ab-11ae-6d939ea202a7",
        "x-ms-date": "Tue, 26 Jan 2021 19:27:39 GMT",
        "x-ms-delete-snapshots": "include",
        "x-ms-return-client-request-id": "true",
        "x-ms-version": "2021-04-10"
      },
      "RequestBody": null,
      "StatusCode": 202,
      "ResponseHeaders": {
        "Content-Length": "0",
        "Date": "Tue, 26 Jan 2021 19:27:37 GMT",
        "Server": [
          "Windows-Azure-File/1.0",
          "Microsoft-HTTPAPI/2.0"
        ],
        "x-ms-client-request-id": "8175e95c-2dcc-97ab-11ae-6d939ea202a7",
        "x-ms-request-id": "c0b836ac-501a-0016-4819-f42c15000000",
        "x-ms-version": "2021-04-10"
      },
      "ResponseBody": []
    }
  ],
  "Variables": {
    "RandomSeed": "1038804003",
    "Storage_TestConfigDefault": "ProductionTenant\nseanmcccanary3\nU2FuaXRpemVk\nhttps://seanmcccanary3.blob.core.windows.net\nhttps://seanmcccanary3.file.core.windows.net\nhttps://seanmcccanary3.queue.core.windows.net\nhttps://seanmcccanary3.table.core.windows.net\n\n\n\n\nhttps://seanmcccanary3-secondary.blob.core.windows.net\nhttps://seanmcccanary3-secondary.file.core.windows.net\nhttps://seanmcccanary3-secondary.queue.core.windows.net\nhttps://seanmcccanary3-secondary.table.core.windows.net\n\nSanitized\n\n\nCloud\nBlobEndpoint=https://seanmcccanary3.blob.core.windows.net/;QueueEndpoint=https://seanmcccanary3.queue.core.windows.net/;FileEndpoint=https://seanmcccanary3.file.core.windows.net/;BlobSecondaryEndpoint=https://seanmcccanary3-secondary.blob.core.windows.net/;QueueSecondaryEndpoint=https://seanmcccanary3-secondary.queue.core.windows.net/;FileSecondaryEndpoint=https://seanmcccanary3-secondary.file.core.windows.net/;AccountName=seanmcccanary3;AccountKey=Kg==;\nseanscope1\n\n"
  }
}