{
  "Entries": [
    {
      "RequestUri": "https://seanmcccanary3.file.core.windows.net/test-share-e1827929-4657-9a4d-e4ab-a942b7487b10?restype=share",
      "RequestMethod": "PUT",
      "RequestHeaders": {
        "Accept": "application/xml",
        "Authorization": "Sanitized",
        "traceparent": "00-f0c89cbcd8d7a34db4494b00c888ca89-ec4f4c9ae06cb947-00",
        "User-Agent": [
          "azsdk-net-Storage.Files.Shares/12.7.0-alpha.20210126.1",
          "(.NET 5.0.2; Microsoft Windows 10.0.19042)"
        ],
        "x-ms-client-request-id": "dd93ea54-d68d-41e6-5f22-96475a257d32",
        "x-ms-date": "Tue, 26 Jan 2021 19:27:39 GMT",
        "x-ms-return-client-request-id": "true",
        "x-ms-version": "2020-06-12"
      },
      "RequestBody": null,
      "StatusCode": 201,
      "ResponseHeaders": {
        "Content-Length": "0",
        "Date": "Tue, 26 Jan 2021 19:27:38 GMT",
        "ETag": "\u00220x8D8C2307174C7E8\u0022",
        "Last-Modified": "Tue, 26 Jan 2021 19:27:39 GMT",
        "Server": [
          "Windows-Azure-File/1.0",
          "Microsoft-HTTPAPI/2.0"
        ],
        "x-ms-client-request-id": "dd93ea54-d68d-41e6-5f22-96475a257d32",
        "x-ms-request-id": "757ac62d-d01a-006a-7a19-f402ea000000",
        "x-ms-version": "2020-06-12"
      },
      "ResponseBody": []
    },
    {
      "RequestUri": "https://seanmcccanary3.file.core.windows.net/test-share-e1827929-4657-9a4d-e4ab-a942b7487b10/test-directory-739d42db-723f-ff19-5afa-0ead330839a0?restype=directory",
      "RequestMethod": "PUT",
      "RequestHeaders": {
        "Accept": "application/xml",
        "Authorization": "Sanitized",
        "traceparent": "00-c3a9eab15bf12f45b2a3441e3a17eb60-1b79df8368209e45-00",
        "User-Agent": [
          "azsdk-net-Storage.Files.Shares/12.7.0-alpha.20210126.1",
          "(.NET 5.0.2; Microsoft Windows 10.0.19042)"
        ],
        "x-ms-client-request-id": "1e69e02d-2ea6-e1a0-d194-8393c8380d56",
        "x-ms-date": "Tue, 26 Jan 2021 19:27:39 GMT",
        "x-ms-file-attributes": "None",
        "x-ms-file-creation-time": "Now",
        "x-ms-file-last-write-time": "Now",
        "x-ms-file-permission": "Inherit",
        "x-ms-return-client-request-id": "true",
        "x-ms-version": "2020-06-12"
      },
      "RequestBody": null,
      "StatusCode": 201,
      "ResponseHeaders": {
        "Content-Length": "0",
        "Date": "Tue, 26 Jan 2021 19:27:38 GMT",
        "ETag": "\u00220x8D8C23071802921\u0022",
        "Last-Modified": "Tue, 26 Jan 2021 19:27:39 GMT",
        "Server": [
          "Windows-Azure-File/1.0",
          "Microsoft-HTTPAPI/2.0"
        ],
        "x-ms-client-request-id": "1e69e02d-2ea6-e1a0-d194-8393c8380d56",
        "x-ms-file-attributes": "Directory",
        "x-ms-file-change-time": "2021-01-26T19:27:39.1368481Z",
        "x-ms-file-creation-time": "2021-01-26T19:27:39.1368481Z",
        "x-ms-file-id": "13835128424026341376",
        "x-ms-file-last-write-time": "2021-01-26T19:27:39.1368481Z",
        "x-ms-file-parent-id": "0",
        "x-ms-file-permission-key": "17860367565182308406*11459378189709739967",
        "x-ms-request-id": "757ac631-d01a-006a-7d19-f402ea000000",
        "x-ms-request-server-encrypted": "true",
        "x-ms-version": "2020-06-12"
      },
      "ResponseBody": []
    },
    {
      "RequestUri": "https://seanmcccanary3.file.core.windows.net/test-share-e1827929-4657-9a4d-e4ab-a942b7487b10/test-directory-739d42db-723f-ff19-5afa-0ead330839a0?comp=listhandles\u0026maxresults=5",
      "RequestMethod": "GET",
      "RequestHeaders": {
        "Accept": "application/xml",
        "Authorization": "Sanitized",
        "traceparent": "00-b22a374f568a2e47b1886f0710158355-4bf123754dc15145-00",
        "User-Agent": [
          "azsdk-net-Storage.Files.Shares/12.7.0-alpha.20210126.1",
          "(.NET 5.0.2; Microsoft Windows 10.0.19042)"
        ],
        "x-ms-client-request-id": "538061cd-1a9e-dafa-280c-fb201aef7e3c",
        "x-ms-date": "Tue, 26 Jan 2021 19:27:39 GMT",
        "x-ms-recursive": "true",
        "x-ms-return-client-request-id": "true",
        "x-ms-version": "2020-06-12"
      },
      "RequestBody": null,
      "StatusCode": 200,
      "ResponseHeaders": {
        "Content-Type": "application/xml",
        "Date": "Tue, 26 Jan 2021 19:27:38 GMT",
        "Server": [
          "Windows-Azure-File/1.0",
          "Microsoft-HTTPAPI/2.0"
        ],
        "Transfer-Encoding": "chunked",
        "Vary": "Origin",
        "x-ms-client-request-id": "538061cd-1a9e-dafa-280c-fb201aef7e3c",
        "x-ms-request-id": "757ac635-d01a-006a-0119-f402ea000000",
        "x-ms-version": "2020-06-12"
      },
      "ResponseBody": "\uFEFF\u003C?xml version=\u00221.0\u0022 encoding=\u0022utf-8\u0022?\u003E\u003CEnumerationResults\u003E\u003CMaxResults\u003E5\u003C/MaxResults\u003E\u003CEntries /\u003E\u003CNextMarker /\u003E\u003C/EnumerationResults\u003E"
    },
    {
      "RequestUri": "https://seanmcccanary3.file.core.windows.net/test-share-e1827929-4657-9a4d-e4ab-a942b7487b10?restype=share",
      "RequestMethod": "DELETE",
      "RequestHeaders": {
        "Accept": "application/xml",
        "Authorization": "Sanitized",
        "traceparent": "00-6fb3ac72ee27ec43a24a82cf397f29df-c57ff818309c664d-00",
        "User-Agent": [
          "azsdk-net-Storage.Files.Shares/12.7.0-alpha.20210126.1",
          "(.NET 5.0.2; Microsoft Windows 10.0.19042)"
        ],
        "x-ms-client-request-id": "66c60029-b9b8-ceb7-fb63-682ab45d22d1",
        "x-ms-date": "Tue, 26 Jan 2021 19:27:40 GMT",
        "x-ms-delete-snapshots": "include",
        "x-ms-return-client-request-id": "true",
        "x-ms-version": "2020-06-12"
      },
      "RequestBody": null,
      "StatusCode": 202,
      "ResponseHeaders": {
        "Content-Length": "0",
        "Date": "Tue, 26 Jan 2021 19:27:38 GMT",
        "Server": [
          "Windows-Azure-File/1.0",
          "Microsoft-HTTPAPI/2.0"
        ],
        "x-ms-client-request-id": "66c60029-b9b8-ceb7-fb63-682ab45d22d1",
        "x-ms-request-id": "757ac63e-d01a-006a-0919-f402ea000000",
        "x-ms-version": "2020-06-12"
      },
      "ResponseBody": []
    }
  ],
  "Variables": {
    "RandomSeed": "682732429",
    "Storage_TestConfigDefault": "ProductionTenant\nseanmcccanary3\nU2FuaXRpemVk\nhttps://seanmcccanary3.blob.core.windows.net\nhttps://seanmcccanary3.file.core.windows.net\nhttps://seanmcccanary3.queue.core.windows.net\nhttps://seanmcccanary3.table.core.windows.net\n\n\n\n\nhttps://seanmcccanary3-secondary.blob.core.windows.net\nhttps://seanmcccanary3-secondary.file.core.windows.net\nhttps://seanmcccanary3-secondary.queue.core.windows.net\nhttps://seanmcccanary3-secondary.table.core.windows.net\n\nSanitized\n\n\nCloud\nBlobEndpoint=https://seanmcccanary3.blob.core.windows.net/;QueueEndpoint=https://seanmcccanary3.queue.core.windows.net/;FileEndpoint=https://seanmcccanary3.file.core.windows.net/;BlobSecondaryEndpoint=https://seanmcccanary3-secondary.blob.core.windows.net/;QueueSecondaryEndpoint=https://seanmcccanary3-secondary.queue.core.windows.net/;FileSecondaryEndpoint=https://seanmcccanary3-secondary.file.core.windows.net/;AccountName=seanmcccanary3;AccountKey=Kg==;\nseanscope1"
  }
}