{
  "Entries": [
    {
      "RequestUri": "http://seanstagetest.file.core.windows.net/test-share-42c6ca8b-3d16-57c2-857c-52d5791cf904?restype=share",
      "RequestMethod": "PUT",
      "RequestHeaders": {
        "Authorization": "Sanitized",
        "traceparent": "00-7ad79829085fc74f9d869f1a0f24694d-63f496262d44ca4b-00",
        "User-Agent": [
          "azsdk-net-Storage.Files.Shares/12.0.0-dev.20191203.1\u002Bfb8a3e76e923ddd8093ad431ccf5d23b2c851a14",
          "(.NET Core 4.6.28008.01; Microsoft Windows 10.0.18363 )"
        ],
        "x-ms-client-request-id": "d26e5ee5-d510-df98-5e4a-86c575148c57",
        "x-ms-date": "Wed, 04 Dec 2019 05:09:51 GMT",
        "x-ms-return-client-request-id": "true",
        "x-ms-share-quota": "1",
        "x-ms-version": "2019-07-07"
      },
      "RequestBody": null,
      "StatusCode": 201,
      "ResponseHeaders": {
        "Content-Length": "0",
        "Date": "Wed, 04 Dec 2019 05:09:51 GMT",
        "ETag": "\u00220x8D77878314F388F\u0022",
        "Last-Modified": "Wed, 04 Dec 2019 05:09:51 GMT",
        "Server": [
          "Windows-Azure-File/1.0",
          "Microsoft-HTTPAPI/2.0"
        ],
        "x-ms-client-request-id": "d26e5ee5-d510-df98-5e4a-86c575148c57",
        "x-ms-request-id": "b55903d9-301a-000d-7a61-aa5aef000000",
        "x-ms-version": "2019-07-07"
      },
      "ResponseBody": []
    },
    {
      "RequestUri": "http://seanstagetest.file.core.windows.net/test-share-42c6ca8b-3d16-57c2-857c-52d5791cf904/test-directory-5264c7e7-910c-d7b0-cf35-99fb623d93f6?restype=directory",
      "RequestMethod": "PUT",
      "RequestHeaders": {
        "Authorization": "Sanitized",
        "traceparent": "00-1e3040a42597a94792fc6450740b0b42-b03f755c0f92d341-00",
        "User-Agent": [
          "azsdk-net-Storage.Files.Shares/12.0.0-dev.20191203.1\u002Bfb8a3e76e923ddd8093ad431ccf5d23b2c851a14",
          "(.NET Core 4.6.28008.01; Microsoft Windows 10.0.18363 )"
        ],
        "x-ms-client-request-id": "fc9d838d-dc2a-53db-ae97-03da3b9d7c20",
        "x-ms-date": "Wed, 04 Dec 2019 05:09:51 GMT",
        "x-ms-file-attributes": "None",
        "x-ms-file-creation-time": "Now",
        "x-ms-file-last-write-time": "Now",
        "x-ms-file-permission": "Inherit",
        "x-ms-return-client-request-id": "true",
        "x-ms-version": "2019-07-07"
      },
      "RequestBody": null,
      "StatusCode": 201,
      "ResponseHeaders": {
        "Content-Length": "0",
        "Date": "Wed, 04 Dec 2019 05:09:51 GMT",
        "ETag": "\u00220x8D77878316A7E1D\u0022",
        "Last-Modified": "Wed, 04 Dec 2019 05:09:51 GMT",
        "Server": [
          "Windows-Azure-File/1.0",
          "Microsoft-HTTPAPI/2.0"
        ],
        "x-ms-client-request-id": "fc9d838d-dc2a-53db-ae97-03da3b9d7c20",
        "x-ms-file-attributes": "Directory",
        "x-ms-file-change-time": "2019-12-04T05:09:51.6685853Z",
        "x-ms-file-creation-time": "2019-12-04T05:09:51.6685853Z",
        "x-ms-file-id": "13835128424026341376",
        "x-ms-file-last-write-time": "2019-12-04T05:09:51.6685853Z",
        "x-ms-file-parent-id": "0",
        "x-ms-file-permission-key": "7855875120676328179*422928105932735866",
        "x-ms-request-id": "b55903dc-301a-000d-7c61-aa5aef000000",
        "x-ms-request-server-encrypted": "true",
        "x-ms-version": "2019-07-07"
      },
      "ResponseBody": []
    },
    {
      "RequestUri": "http://seanstagetest.file.core.windows.net/test-share-42c6ca8b-3d16-57c2-857c-52d5791cf904/test-directory-5264c7e7-910c-d7b0-cf35-99fb623d93f6?comp=listhandles\u0026maxresults=5",
      "RequestMethod": "GET",
      "RequestHeaders": {
        "Authorization": "Sanitized",
        "User-Agent": [
          "azsdk-net-Storage.Files.Shares/12.0.0-dev.20191203.1\u002Bfb8a3e76e923ddd8093ad431ccf5d23b2c851a14",
          "(.NET Core 4.6.28008.01; Microsoft Windows 10.0.18363 )"
        ],
        "x-ms-client-request-id": "de6d0519-97a0-71cc-8e9b-6c16231932e0",
        "x-ms-date": "Wed, 04 Dec 2019 05:09:51 GMT",
        "x-ms-recursive": "true",
        "x-ms-return-client-request-id": "true",
        "x-ms-version": "2019-07-07"
      },
      "RequestBody": null,
      "StatusCode": 200,
      "ResponseHeaders": {
        "Content-Type": "application/xml",
        "Date": "Wed, 04 Dec 2019 05:09:51 GMT",
        "Server": [
          "Windows-Azure-File/1.0",
          "Microsoft-HTTPAPI/2.0"
        ],
        "Transfer-Encoding": "chunked",
        "Vary": "Origin",
        "x-ms-client-request-id": "de6d0519-97a0-71cc-8e9b-6c16231932e0",
        "x-ms-request-id": "b55903e0-301a-000d-8061-aa5aef000000",
        "x-ms-version": "2019-07-07"
      },
      "ResponseBody": "\uFEFF\u003C?xml version=\u00221.0\u0022 encoding=\u0022utf-8\u0022?\u003E\u003CEnumerationResults\u003E\u003CMaxResults\u003E5\u003C/MaxResults\u003E\u003CEntries /\u003E\u003CNextMarker /\u003E\u003C/EnumerationResults\u003E"
    },
    {
      "RequestUri": "http://seanstagetest.file.core.windows.net/test-share-42c6ca8b-3d16-57c2-857c-52d5791cf904?restype=share",
      "RequestMethod": "DELETE",
      "RequestHeaders": {
        "Authorization": "Sanitized",
        "traceparent": "00-59047a70034ee44596fa1f9d4cf2ee37-903eeb20a1bfd345-00",
        "User-Agent": [
          "azsdk-net-Storage.Files.Shares/12.0.0-dev.20191203.1\u002Bfb8a3e76e923ddd8093ad431ccf5d23b2c851a14",
          "(.NET Core 4.6.28008.01; Microsoft Windows 10.0.18363 )"
        ],
        "x-ms-client-request-id": "36c16aee-9d2f-1e7f-c306-7c8905939cb9",
        "x-ms-date": "Wed, 04 Dec 2019 05:09:51 GMT",
        "x-ms-delete-snapshots": "include",
        "x-ms-return-client-request-id": "true",
        "x-ms-version": "2019-07-07"
      },
      "RequestBody": null,
      "StatusCode": 202,
      "ResponseHeaders": {
        "Content-Length": "0",
        "Date": "Wed, 04 Dec 2019 05:09:51 GMT",
        "Server": [
          "Windows-Azure-File/1.0",
          "Microsoft-HTTPAPI/2.0"
        ],
        "x-ms-client-request-id": "36c16aee-9d2f-1e7f-c306-7c8905939cb9",
        "x-ms-request-id": "b55903e1-301a-000d-0161-aa5aef000000",
        "x-ms-version": "2019-07-07"
      },
      "ResponseBody": []
    }
  ],
  "Variables": {
    "RandomSeed": "1890750557",
    "Storage_TestConfigDefault": "ProductionTenant\nseanstagetest\nU2FuaXRpemVk\nhttp://seanstagetest.blob.core.windows.net\nhttp://seanstagetest.file.core.windows.net\nhttp://seanstagetest.queue.core.windows.net\nhttp://seanstagetest.table.core.windows.net\n\n\n\n\nhttp://seanstagetest-secondary.blob.core.windows.net\nhttp://seanstagetest-secondary.file.core.windows.net\nhttp://seanstagetest-secondary.queue.core.windows.net\nhttp://seanstagetest-secondary.table.core.windows.net\n\nSanitized\n\n\nCloud\nBlobEndpoint=http://seanstagetest.blob.core.windows.net/;QueueEndpoint=http://seanstagetest.queue.core.windows.net/;FileEndpoint=http://seanstagetest.file.core.windows.net/;BlobSecondaryEndpoint=http://seanstagetest-secondary.blob.core.windows.net/;QueueSecondaryEndpoint=http://seanstagetest-secondary.queue.core.windows.net/;FileSecondaryEndpoint=http://seanstagetest-secondary.file.core.windows.net/;AccountName=seanstagetest;AccountKey=Sanitized"
  }
}