{
  "Entries": [
    {
      "RequestUri": "https://8umxscnapby3pev24a.file.preprod.core.windows.net/test-share-6274a4f0-9d5e-ed00-31f8-98559004868e?restype=share",
      "RequestMethod": "PUT",
      "RequestHeaders": {
        "Accept": "application/xml",
        "Authorization": "Sanitized",
        "Content-Length": "0",
        "traceparent": "00-52df449218e6161c48e474be4cf08e31-a039dc5e273c8ad6-00",
        "User-Agent": "azsdk-net-Storage.Files.Shares/12.11.0-alpha.20220705.1 (.NET 6.0.6; Microsoft Windows 10.0.19044)",
        "x-ms-client-request-id": "bef010ac-da3e-122b-d027-419ee321b38d",
        "x-ms-date": "Tue, 05 Jul 2022 18:19:13 GMT",
        "x-ms-return-client-request-id": "true",
        "x-ms-version": "2021-10-04"
      },
      "RequestBody": null,
      "StatusCode": 201,
      "ResponseHeaders": {
        "Date": "Tue, 05 Jul 2022 18:19:14 GMT",
        "ETag": "\u00220x8DA5EB2DDED2602\u0022",
        "Last-Modified": "Tue, 05 Jul 2022 18:19:14 GMT",
        "Transfer-Encoding": "chunked",
        "x-ms-client-request-id": "bef010ac-da3e-122b-d027-419ee321b38d",
        "x-ms-request-id": "0cf08acb-e01a-0007-649b-90fda4000000",
        "x-ms-version": "2021-10-04"
      },
      "ResponseBody": null
    },
    {
      "RequestUri": "https://8umxscnapby3pev24a.file.preprod.core.windows.net/test-share-6274a4f0-9d5e-ed00-31f8-98559004868e/test-directory-7fa80359-c813-3350-a926-715839e07309?restype=directory\u0026sv=2021-10-04\u0026ss=f\u0026srt=sco\u0026st=2022-07-05T17%3A19%3A13Z\u0026se=2022-07-05T19%3A19%3A13Z\u0026sp=rwdxylacuptfi\u0026sig=Sanitized",
      "RequestMethod": "PUT",
      "RequestHeaders": {
        "Accept": "application/xml",
        "Content-Length": "0",
        "traceparent": "00-a6762810afc600a5e73605fe1b5cfa6c-f16325d7232d2c38-00",
        "User-Agent": "azsdk-net-Storage.Files.Shares/12.11.0-alpha.20220705.1 (.NET 6.0.6; Microsoft Windows 10.0.19044)",
        "x-ms-client-request-id": "3e4f2eaa-5011-83c5-8c5d-cb992f3090fa",
        "x-ms-file-attributes": "None",
        "x-ms-file-creation-time": "Now",
        "x-ms-file-last-write-time": "Now",
        "x-ms-file-permission": "Inherit",
        "x-ms-return-client-request-id": "true",
        "x-ms-version": "2021-10-04"
      },
      "RequestBody": null,
      "StatusCode": 201,
      "ResponseHeaders": {
        "Date": "Tue, 05 Jul 2022 18:19:14 GMT",
        "ETag": "\u00220x8DA5EB2DDFC14D5\u0022",
        "Last-Modified": "Tue, 05 Jul 2022 18:19:14 GMT",
        "Transfer-Encoding": "chunked",
        "x-ms-client-request-id": "3e4f2eaa-5011-83c5-8c5d-cb992f3090fa",
        "x-ms-file-attributes": "Directory",
        "x-ms-file-change-time": "2022-07-05T18:19:14.7821269Z",
        "x-ms-file-creation-time": "2022-07-05T18:19:14.7821269Z",
        "x-ms-file-id": "13835128424026341376",
        "x-ms-file-last-write-time": "2022-07-05T18:19:14.7821269Z",
        "x-ms-file-parent-id": "0",
        "x-ms-file-permission-key": "6380327732882384147*15288479242722132818",
        "x-ms-request-id": "0cf08acd-e01a-0007-659b-90fda4000000",
        "x-ms-request-server-encrypted": "true",
        "x-ms-version": "2021-10-04"
      },
      "ResponseBody": null
    },
    {
      "RequestUri": "https://8umxscnapby3pev24a.file.preprod.core.windows.net/test-share-6274a4f0-9d5e-ed00-31f8-98559004868e/test-directory-3df8682d-d643-4b77-b37a-9920a2ae6bc6?restype=directory\u0026comp=rename\u0026sv=2021-10-04\u0026ss=f\u0026srt=sco\u0026st=2022-07-05T17%3A19%3A13Z\u0026se=2022-07-05T19%3A19%3A13Z\u0026sp=rwdxylacuptfi\u0026sig=Sanitized",
      "RequestMethod": "PUT",
      "RequestHeaders": {
        "Accept": "application/xml",
        "Content-Length": "0",
        "traceparent": "00-35829f78b6c6568223620b631d117d6d-990009a1d9521496-00",
        "User-Agent": "azsdk-net-Storage.Files.Shares/12.11.0-alpha.20220705.1 (.NET 6.0.6; Microsoft Windows 10.0.19044)",
        "x-ms-client-request-id": "7375553d-2c5f-49b4-71c1-541a67e006a1",
        "x-ms-file-rename-source": "https://8umxscnapby3pev24a.file.preprod.core.windows.net/test-share-6274a4f0-9d5e-ed00-31f8-98559004868e/test-directory-7fa80359-c813-3350-a926-715839e07309?sv=2021-10-04\u0026ss=f\u0026srt=sco\u0026st=2022-07-05T17%3A19%3A13Z\u0026se=2022-07-05T19%3A19%3A13Z\u0026sp=rwdxylacuptfi\u0026sig=Sanitized",
        "x-ms-return-client-request-id": "true",
        "x-ms-version": "2021-10-04"
      },
      "RequestBody": null,
      "StatusCode": 200,
      "ResponseHeaders": {
        "Date": "Tue, 05 Jul 2022 18:19:14 GMT",
        "ETag": "\u00220x8DA5EB2DE053CAC\u0022",
        "Last-Modified": "Tue, 05 Jul 2022 18:19:14 GMT",
        "Transfer-Encoding": "chunked",
        "x-ms-client-request-id": "7375553d-2c5f-49b4-71c1-541a67e006a1",
        "x-ms-file-attributes": "Directory",
        "x-ms-file-change-time": "2022-07-05T18:19:14.8421292Z",
        "x-ms-file-creation-time": "2022-07-05T18:19:14.7821269Z",
        "x-ms-file-id": "13835128424026341376",
        "x-ms-file-last-write-time": "2022-07-05T18:19:14.7821269Z",
        "x-ms-file-parent-id": "0",
        "x-ms-file-permission-key": "6380327732882384147*15288479242722132818",
        "x-ms-request-id": "0cf08ad1-e01a-0007-669b-90fda4000000",
        "x-ms-request-server-encrypted": "true",
        "x-ms-version": "2021-10-04"
      },
      "ResponseBody": null
    },
    {
      "RequestUri": "https://8umxscnapby3pev24a.file.preprod.core.windows.net/test-share-6274a4f0-9d5e-ed00-31f8-98559004868e/test-directory-3df8682d-d643-4b77-b37a-9920a2ae6bc6?restype=directory\u0026sv=2021-10-04\u0026ss=f\u0026srt=sco\u0026st=2022-07-05T17%3A19%3A13Z\u0026se=2022-07-05T19%3A19%3A13Z\u0026sp=rwdxylacuptfi\u0026sig=Sanitized",
      "RequestMethod": "GET",
      "RequestHeaders": {
        "Accept": "application/xml",
        "User-Agent": "azsdk-net-Storage.Files.Shares/12.11.0-alpha.20220705.1 (.NET 6.0.6; Microsoft Windows 10.0.19044)",
        "x-ms-client-request-id": "d95c1b01-1dba-8e9a-f675-90db3d76920e",
        "x-ms-return-client-request-id": "true",
        "x-ms-version": "2021-10-04"
      },
      "RequestBody": null,
      "StatusCode": 200,
      "ResponseHeaders": {
        "Date": "Tue, 05 Jul 2022 18:19:14 GMT",
        "ETag": "\u00220x8DA5EB2DE053CAC\u0022",
        "Last-Modified": "Tue, 05 Jul 2022 18:19:14 GMT",
        "Transfer-Encoding": "chunked",
        "x-ms-client-request-id": "d95c1b01-1dba-8e9a-f675-90db3d76920e",
        "x-ms-file-attributes": "Directory",
        "x-ms-file-change-time": "2022-07-05T18:19:14.8421292Z",
        "x-ms-file-creation-time": "2022-07-05T18:19:14.7821269Z",
        "x-ms-file-id": "13835128424026341376",
        "x-ms-file-last-write-time": "2022-07-05T18:19:14.7821269Z",
        "x-ms-file-parent-id": "0",
        "x-ms-file-permission-key": "6380327732882384147*15288479242722132818",
        "x-ms-request-id": "0cf08adb-e01a-0007-679b-90fda4000000",
        "x-ms-server-encrypted": "true",
        "x-ms-version": "2021-10-04"
      },
      "ResponseBody": null
    },
    {
      "RequestUri": "https://8umxscnapby3pev24a.file.preprod.core.windows.net/test-share-6274a4f0-9d5e-ed00-31f8-98559004868e?restype=share",
      "RequestMethod": "DELETE",
      "RequestHeaders": {
        "Accept": "application/xml",
        "Authorization": "Sanitized",
        "traceparent": "00-7f2fdcde429ce1815524bb65c3670de5-473e9b773c6dbcb5-00",
        "User-Agent": "azsdk-net-Storage.Files.Shares/12.11.0-alpha.20220705.1 (.NET 6.0.6; Microsoft Windows 10.0.19044)",
        "x-ms-client-request-id": "4c1947f3-2c84-02e6-8aae-4ecfabccda27",
        "x-ms-date": "Tue, 05 Jul 2022 18:19:13 GMT",
        "x-ms-delete-snapshots": "include",
        "x-ms-return-client-request-id": "true",
        "x-ms-version": "2021-10-04"
      },
      "RequestBody": null,
      "StatusCode": 202,
      "ResponseHeaders": {
        "Date": "Tue, 05 Jul 2022 18:19:14 GMT",
        "Transfer-Encoding": "chunked",
        "x-ms-client-request-id": "4c1947f3-2c84-02e6-8aae-4ecfabccda27",
        "x-ms-request-id": "0cf08adc-e01a-0007-689b-90fda4000000",
        "x-ms-version": "2021-10-04"
      },
      "ResponseBody": null
    }
  ],
  "Variables": {
    "DateTimeOffsetNow": "2022-07-05T13:19:13.7521827-05:00",
    "RandomSeed": "1006284873",
    "Storage_TestConfigDefault": "ProductionTenant\n8umxscnapby3pev24a\nU2FuaXRpemVk\nhttps://8umxscnapby3pev24a.blob.core.windows.net\nhttps://8umxscnapby3pev24a.file.preprod.core.windows.net\nhttps://8umxscnapby3pev24a.queue.core.windows.net\nhttps://8umxscnapby3pev24a.table.core.windows.net\n\n\n\n\nhttps://8umxscnapby3pev24a-secondary.blob.core.windows.net\nhttps://8umxscnapby3pev24a-secondary.file.preprod.core.windows.net\nhttps://8umxscnapby3pev24a-secondary.queue.core.windows.net\nhttps://8umxscnapby3pev24a-secondary.table.core.windows.net\n\nSanitized\n\n\nCloud\nBlobEndpoint=https://8umxscnapby3pev24a.blob.core.windows.net/;QueueEndpoint=https://8umxscnapby3pev24a.queue.core.windows.net/;FileEndpoint=https://8umxscnapby3pev24a.file.preprod.core.windows.net/;BlobSecondaryEndpoint=https://8umxscnapby3pev24a-secondary.blob.core.windows.net/;QueueSecondaryEndpoint=https://8umxscnapby3pev24a-secondary.queue.core.windows.net/;FileSecondaryEndpoint=https://8umxscnapby3pev24a-secondary.file.preprod.core.windows.net/;AccountName=8umxscnapby3pev24a;AccountKey=Sanitized\nseanscope1\n\n"
  }
}
