{
  "Entries": [
    {
      "RequestUri": "http://seanstagetest.file.core.windows.net/test-share-88ecddfb-59aa-afb8-97b3-89d56c057756?restype=share",
      "RequestMethod": "PUT",
      "RequestHeaders": {
        "Authorization": "Sanitized",
        "traceparent": "00-0b9e4b01cd284e429b72fb34369b3edd-392c45fad303b74a-00",
        "User-Agent": [
          "azsdk-net-Storage.Files.Shares/12.0.0-dev.20191211.1\u002B899431c003876eb9b26cefd8e8a37e7f27f82ced",
          "(.NET Core 4.6.28008.01; Microsoft Windows 10.0.18363 )"
        ],
        "x-ms-client-request-id": "c8c7078e-847d-b75b-a33e-062f074ae7f6",
        "x-ms-date": "Wed, 11 Dec 2019 20:37:17 GMT",
        "x-ms-return-client-request-id": "true",
        "x-ms-version": "2019-07-07"
      },
      "RequestBody": null,
      "StatusCode": 201,
      "ResponseHeaders": {
        "Content-Length": "0",
        "Date": "Wed, 11 Dec 2019 20:37:17 GMT",
        "ETag": "\u00220x8D77E79E9AF7969\u0022",
        "Last-Modified": "Wed, 11 Dec 2019 20:37:17 GMT",
        "Server": [
          "Windows-Azure-File/1.0",
          "Microsoft-HTTPAPI/2.0"
        ],
        "x-ms-client-request-id": "c8c7078e-847d-b75b-a33e-062f074ae7f6",
        "x-ms-request-id": "ef3e38ed-c01a-0019-3f62-b01280000000",
        "x-ms-version": "2019-07-07"
      },
      "ResponseBody": []
    },
    {
      "RequestUri": "http://seanstagetest.file.core.windows.net/test-share-88ecddfb-59aa-afb8-97b3-89d56c057756/test-directory-7ec59707-887d-1af3-dee7-00ee8af5a619?restype=directory\u0026comp=metadata",
      "RequestMethod": "PUT",
      "RequestHeaders": {
        "Authorization": "Sanitized",
        "traceparent": "00-36ba3b3e7af3984f93064b8aac8e4cc6-d9895f54cdea9148-00",
        "User-Agent": [
          "azsdk-net-Storage.Files.Shares/12.0.0-dev.20191211.1\u002B899431c003876eb9b26cefd8e8a37e7f27f82ced",
          "(.NET Core 4.6.28008.01; Microsoft Windows 10.0.18363 )"
        ],
        "x-ms-client-request-id": "70bad7d4-d1b8-06e6-14ac-ea96836d2cae",
        "x-ms-date": "Wed, 11 Dec 2019 20:37:17 GMT",
        "x-ms-meta-Capital": "letter",
        "x-ms-meta-foo": "bar",
        "x-ms-meta-meta": "data",
        "x-ms-meta-UPPER": "case",
        "x-ms-return-client-request-id": "true",
        "x-ms-version": "2019-07-07"
      },
      "RequestBody": null,
      "StatusCode": 404,
      "ResponseHeaders": {
        "Content-Length": "223",
        "Content-Type": "application/xml",
        "Date": "Wed, 11 Dec 2019 20:37:17 GMT",
        "Server": [
          "Windows-Azure-File/1.0",
          "Microsoft-HTTPAPI/2.0"
        ],
        "x-ms-client-request-id": "70bad7d4-d1b8-06e6-14ac-ea96836d2cae",
        "x-ms-error-code": "ResourceNotFound",
        "x-ms-request-id": "ef3e38ef-c01a-0019-4062-b01280000000",
        "x-ms-version": "2019-07-07"
      },
      "ResponseBody": [
        "\uFEFF\u003C?xml version=\u00221.0\u0022 encoding=\u0022utf-8\u0022?\u003E\u003CError\u003E\u003CCode\u003EResourceNotFound\u003C/Code\u003E\u003CMessage\u003EThe specified resource does not exist.\n",
        "RequestId:ef3e38ef-c01a-0019-4062-b01280000000\n",
        "Time:2019-12-11T20:37:17.3828004Z\u003C/Message\u003E\u003C/Error\u003E"
      ]
    },
    {
      "RequestUri": "http://seanstagetest.file.core.windows.net/test-share-88ecddfb-59aa-afb8-97b3-89d56c057756?restype=share",
      "RequestMethod": "DELETE",
      "RequestHeaders": {
        "Authorization": "Sanitized",
        "traceparent": "00-571e8d226dcfef4db1ca62d6b2cee466-45a5198c4fadc649-00",
        "User-Agent": [
          "azsdk-net-Storage.Files.Shares/12.0.0-dev.20191211.1\u002B899431c003876eb9b26cefd8e8a37e7f27f82ced",
          "(.NET Core 4.6.28008.01; Microsoft Windows 10.0.18363 )"
        ],
        "x-ms-client-request-id": "b219c3e9-353b-9261-3f3f-5091c541d067",
        "x-ms-date": "Wed, 11 Dec 2019 20:37:17 GMT",
        "x-ms-delete-snapshots": "include",
        "x-ms-return-client-request-id": "true",
        "x-ms-version": "2019-07-07"
      },
      "RequestBody": null,
      "StatusCode": 202,
      "ResponseHeaders": {
        "Content-Length": "0",
        "Date": "Wed, 11 Dec 2019 20:37:17 GMT",
        "Server": [
          "Windows-Azure-File/1.0",
          "Microsoft-HTTPAPI/2.0"
        ],
        "x-ms-client-request-id": "b219c3e9-353b-9261-3f3f-5091c541d067",
        "x-ms-request-id": "ef3e38f0-c01a-0019-4162-b01280000000",
        "x-ms-version": "2019-07-07"
      },
      "ResponseBody": []
    }
  ],
  "Variables": {
    "RandomSeed": "655837415",
    "Storage_TestConfigDefault": "ProductionTenant\nseanstagetest\nU2FuaXRpemVk\nhttp://seanstagetest.blob.core.windows.net\nhttp://seanstagetest.file.core.windows.net\nhttp://seanstagetest.queue.core.windows.net\nhttp://seanstagetest.table.core.windows.net\n\n\n\n\nhttp://seanstagetest-secondary.blob.core.windows.net\nhttp://seanstagetest-secondary.file.core.windows.net\nhttp://seanstagetest-secondary.queue.core.windows.net\nhttp://seanstagetest-secondary.table.core.windows.net\n\nSanitized\n\n\nCloud\nBlobEndpoint=http://seanstagetest.blob.core.windows.net/;QueueEndpoint=http://seanstagetest.queue.core.windows.net/;FileEndpoint=http://seanstagetest.file.core.windows.net/;BlobSecondaryEndpoint=http://seanstagetest-secondary.blob.core.windows.net/;QueueSecondaryEndpoint=http://seanstagetest-secondary.queue.core.windows.net/;FileSecondaryEndpoint=http://seanstagetest-secondary.file.core.windows.net/;AccountName=seanstagetest;AccountKey=Sanitized"
  }
}