{
  "Entries": [
    {
      "RequestUri": "http://seanstagetest.file.core.windows.net/test-share-54934dfb-59ca-7d14-3498-68c2c5620e9b?restype=share",
      "RequestMethod": "PUT",
      "RequestHeaders": {
        "Authorization": "Sanitized",
        "traceparent": "00-9af728bce4c90840b73393cd90adf2f8-2e8cf12f57196b40-00",
        "User-Agent": [
          "azsdk-net-Storage.Files.Shares/12.0.0-dev.20191203.1\u002Bfb8a3e76e923ddd8093ad431ccf5d23b2c851a14",
          "(.NET Core 4.6.28008.01; Microsoft Windows 10.0.18363 )"
        ],
        "x-ms-client-request-id": "38043284-2fc8-7057-0b38-0d5613e31df3",
        "x-ms-date": "Wed, 04 Dec 2019 05:09:33 GMT",
        "x-ms-return-client-request-id": "true",
        "x-ms-share-quota": "1",
        "x-ms-version": "2019-07-07"
      },
      "RequestBody": null,
      "StatusCode": 201,
      "ResponseHeaders": {
        "Content-Length": "0",
        "Date": "Wed, 04 Dec 2019 05:09:32 GMT",
        "ETag": "\u00220x8D7787826609BE0\u0022",
        "Last-Modified": "Wed, 04 Dec 2019 05:09:33 GMT",
        "Server": [
          "Windows-Azure-File/1.0",
          "Microsoft-HTTPAPI/2.0"
        ],
        "x-ms-client-request-id": "38043284-2fc8-7057-0b38-0d5613e31df3",
        "x-ms-request-id": "b5590219-301a-000d-6f61-aa5aef000000",
        "x-ms-version": "2019-07-07"
      },
      "ResponseBody": []
    },
    {
      "RequestUri": "http://seanstagetest.file.core.windows.net/test-share-54934dfb-59ca-7d14-3498-68c2c5620e9b/test-directory-44630841-fbd9-5cec-828c-4f048e218873?restype=directory\u0026comp=metadata",
      "RequestMethod": "PUT",
      "RequestHeaders": {
        "Authorization": "Sanitized",
        "traceparent": "00-ad1d2336a4ec9c4c8aac90ba08f5dad2-17746be9d80ddf43-00",
        "User-Agent": [
          "azsdk-net-Storage.Files.Shares/12.0.0-dev.20191203.1\u002Bfb8a3e76e923ddd8093ad431ccf5d23b2c851a14",
          "(.NET Core 4.6.28008.01; Microsoft Windows 10.0.18363 )"
        ],
        "x-ms-client-request-id": "ecb1d7a8-825e-895e-45a7-b53ce052e1e9",
        "x-ms-date": "Wed, 04 Dec 2019 05:09:33 GMT",
        "x-ms-meta-Capital": "letter",
        "x-ms-meta-foo": "bar",
        "x-ms-meta-meta": "data",
        "x-ms-meta-UPPER": "case",
        "x-ms-return-client-request-id": "true",
        "x-ms-version": "2019-07-07"
      },
      "RequestBody": null,
      "StatusCode": 404,
      "ResponseHeaders": {
        "Content-Length": "223",
        "Content-Type": "application/xml",
        "Date": "Wed, 04 Dec 2019 05:09:32 GMT",
        "Server": [
          "Windows-Azure-File/1.0",
          "Microsoft-HTTPAPI/2.0"
        ],
        "x-ms-client-request-id": "ecb1d7a8-825e-895e-45a7-b53ce052e1e9",
        "x-ms-error-code": "ResourceNotFound",
        "x-ms-request-id": "b559021d-301a-000d-7261-aa5aef000000",
        "x-ms-version": "2019-07-07"
      },
      "ResponseBody": [
        "\uFEFF\u003C?xml version=\u00221.0\u0022 encoding=\u0022utf-8\u0022?\u003E\u003CError\u003E\u003CCode\u003EResourceNotFound\u003C/Code\u003E\u003CMessage\u003EThe specified resource does not exist.\n",
        "RequestId:b559021d-301a-000d-7261-aa5aef000000\n",
        "Time:2019-12-04T05:09:33.2558882Z\u003C/Message\u003E\u003C/Error\u003E"
      ]
    },
    {
      "RequestUri": "http://seanstagetest.file.core.windows.net/test-share-54934dfb-59ca-7d14-3498-68c2c5620e9b?restype=share",
      "RequestMethod": "DELETE",
      "RequestHeaders": {
        "Authorization": "Sanitized",
        "traceparent": "00-d3fdac8e1cd3f34a87c382f55a70aefa-ddffca36d5e39242-00",
        "User-Agent": [
          "azsdk-net-Storage.Files.Shares/12.0.0-dev.20191203.1\u002Bfb8a3e76e923ddd8093ad431ccf5d23b2c851a14",
          "(.NET Core 4.6.28008.01; Microsoft Windows 10.0.18363 )"
        ],
        "x-ms-client-request-id": "b75c2d98-9b6f-4e14-d1b4-4db61f973bce",
        "x-ms-date": "Wed, 04 Dec 2019 05:09:33 GMT",
        "x-ms-delete-snapshots": "include",
        "x-ms-return-client-request-id": "true",
        "x-ms-version": "2019-07-07"
      },
      "RequestBody": null,
      "StatusCode": 202,
      "ResponseHeaders": {
        "Content-Length": "0",
        "Date": "Wed, 04 Dec 2019 05:09:32 GMT",
        "Server": [
          "Windows-Azure-File/1.0",
          "Microsoft-HTTPAPI/2.0"
        ],
        "x-ms-client-request-id": "b75c2d98-9b6f-4e14-d1b4-4db61f973bce",
        "x-ms-request-id": "b5590220-301a-000d-7561-aa5aef000000",
        "x-ms-version": "2019-07-07"
      },
      "ResponseBody": []
    }
  ],
  "Variables": {
    "RandomSeed": "798335362",
    "Storage_TestConfigDefault": "ProductionTenant\nseanstagetest\nU2FuaXRpemVk\nhttp://seanstagetest.blob.core.windows.net\nhttp://seanstagetest.file.core.windows.net\nhttp://seanstagetest.queue.core.windows.net\nhttp://seanstagetest.table.core.windows.net\n\n\n\n\nhttp://seanstagetest-secondary.blob.core.windows.net\nhttp://seanstagetest-secondary.file.core.windows.net\nhttp://seanstagetest-secondary.queue.core.windows.net\nhttp://seanstagetest-secondary.table.core.windows.net\n\nSanitized\n\n\nCloud\nBlobEndpoint=http://seanstagetest.blob.core.windows.net/;QueueEndpoint=http://seanstagetest.queue.core.windows.net/;FileEndpoint=http://seanstagetest.file.core.windows.net/;BlobSecondaryEndpoint=http://seanstagetest-secondary.blob.core.windows.net/;QueueSecondaryEndpoint=http://seanstagetest-secondary.queue.core.windows.net/;FileSecondaryEndpoint=http://seanstagetest-secondary.file.core.windows.net/;AccountName=seanstagetest;AccountKey=Sanitized"
  }
}