{
  "Entries": [
    {
      "RequestUri": "https://3x5xscnapby3pev24a.file.preprod.core.windows.net/test-share-5b4ad1b3-493e-c013-d507-bf3b2c5aabef?restype=share",
      "RequestMethod": "PUT",
      "RequestHeaders": {
        "Accept": "application/xml",
        "Authorization": "Sanitized",
        "traceparent": "00-b41c2562abd846399f0ec9a0741a945c-464ba48a0c3902b6-00",
        "User-Agent": [
          "azsdk-net-Storage.Files.Shares/12.9.0-alpha.20220105.1",
          "(.NET 6.0.1; Microsoft Windows 10.0.19044)"
        ],
        "x-ms-client-request-id": "3e81103e-9198-2a73-ec02-a08341ce1aa8",
        "x-ms-date": "Wed, 05 Jan 2022 20:03:51 GMT",
        "x-ms-return-client-request-id": "true",
        "x-ms-version": "2021-06-08"
      },
      "RequestBody": null,
      "StatusCode": 201,
      "ResponseHeaders": {
        "Date": "Wed, 05 Jan 2022 20:03:49 GMT",
        "ETag": "\u00220x8D9D0867DD2CAF9\u0022",
        "Last-Modified": "Wed, 05 Jan 2022 20:03:50 GMT",
        "Transfer-Encoding": "chunked",
        "x-ms-client-request-id": "3e81103e-9198-2a73-ec02-a08341ce1aa8",
        "x-ms-request-id": "e9e589c7-a01a-0003-7f6f-021608000000",
        "x-ms-version": "2021-06-08"
      },
      "ResponseBody": []
    },
    {
      "RequestUri": "https://3x5xscnapby3pev24a.file.preprod.core.windows.net/test-share-5b4ad1b3-493e-c013-d507-bf3b2c5aabef/test-directory-2fd7099c-5c80-546b-be68-d957fd235939?restype=directory",
      "RequestMethod": "PUT",
      "RequestHeaders": {
        "Accept": "application/xml",
        "Authorization": "Sanitized",
        "traceparent": "00-e9fbd13a68b29132ec21ab155a73819e-250e0b032f2d28eb-00",
        "User-Agent": [
          "azsdk-net-Storage.Files.Shares/12.9.0-alpha.20220105.1",
          "(.NET 6.0.1; Microsoft Windows 10.0.19044)"
        ],
        "x-ms-client-request-id": "5d53a3cc-24c4-e17a-a52c-7f2fb71c2cc9",
        "x-ms-date": "Wed, 05 Jan 2022 20:03:51 GMT",
        "x-ms-file-attributes": "None",
        "x-ms-file-creation-time": "Now",
        "x-ms-file-last-write-time": "Now",
        "x-ms-file-permission": "Inherit",
        "x-ms-return-client-request-id": "true",
        "x-ms-version": "2021-06-08"
      },
      "RequestBody": null,
      "StatusCode": 201,
      "ResponseHeaders": {
        "Date": "Wed, 05 Jan 2022 20:03:49 GMT",
        "ETag": "\u00220x8D9D0867DDF080A\u0022",
        "Last-Modified": "Wed, 05 Jan 2022 20:03:50 GMT",
        "Transfer-Encoding": "chunked",
        "x-ms-client-request-id": "5d53a3cc-24c4-e17a-a52c-7f2fb71c2cc9",
        "x-ms-file-attributes": "Directory",
        "x-ms-file-change-time": "2022-01-05T20:03:50.5599498Z",
        "x-ms-file-creation-time": "2022-01-05T20:03:50.5599498Z",
        "x-ms-file-id": "13835128424026341376",
        "x-ms-file-last-write-time": "2022-01-05T20:03:50.5599498Z",
        "x-ms-file-parent-id": "0",
        "x-ms-file-permission-key": "12799024878497514044*4413432848340395133",
        "x-ms-request-id": "e9e589c9-a01a-0003-806f-021608000000",
        "x-ms-request-server-encrypted": "true",
        "x-ms-version": "2021-06-08"
      },
      "ResponseBody": []
    },
    {
      "RequestUri": "https://3x5xscnapby3pev24a.file.preprod.core.windows.net/test-share-5b4ad1b3-493e-c013-d507-bf3b2c5aabef/test-directory-2fd7099c-5c80-546b-be68-d957fd235939?restype=directory\u0026comp=properties",
      "RequestMethod": "PUT",
      "RequestHeaders": {
        "Accept": "application/xml",
        "Authorization": "Sanitized",
        "traceparent": "00-d0d66bdf8e53b094940ea81c43958eeb-e091df7db09fb978-00",
        "User-Agent": [
          "azsdk-net-Storage.Files.Shares/12.9.0-alpha.20220105.1",
          "(.NET 6.0.1; Microsoft Windows 10.0.19044)"
        ],
        "x-ms-client-request-id": "598a25c8-fbcf-8e75-4a1b-76aced272eff",
        "x-ms-date": "Wed, 05 Jan 2022 20:03:51 GMT",
        "x-ms-file-attributes": "Preserve",
        "x-ms-file-change-time": "2019-08-15T05:15:25.0600000Z",
        "x-ms-file-creation-time": "Preserve",
        "x-ms-file-last-write-time": "Preserve",
        "x-ms-file-permission": "Preserve",
        "x-ms-return-client-request-id": "true",
        "x-ms-version": "2021-06-08"
      },
      "RequestBody": null,
      "StatusCode": 200,
      "ResponseHeaders": {
        "Date": "Wed, 05 Jan 2022 20:03:49 GMT",
        "ETag": "\u00220x8D9D0867DE9B686\u0022",
        "Last-Modified": "Wed, 05 Jan 2022 20:03:50 GMT",
        "Transfer-Encoding": "chunked",
        "x-ms-client-request-id": "598a25c8-fbcf-8e75-4a1b-76aced272eff",
        "x-ms-file-attributes": "Directory",
        "x-ms-file-change-time": "2019-08-15T05:15:25.0600000Z",
        "x-ms-file-creation-time": "2022-01-05T20:03:50.5599498Z",
        "x-ms-file-id": "13835128424026341376",
        "x-ms-file-last-write-time": "2022-01-05T20:03:50.5599498Z",
        "x-ms-file-parent-id": "0",
        "x-ms-file-permission-key": "12799024878497514044*4413432848340395133",
        "x-ms-request-id": "e9e589ca-a01a-0003-016f-021608000000",
        "x-ms-request-server-encrypted": "true",
        "x-ms-version": "2021-06-08"
      },
      "ResponseBody": []
    },
    {
      "RequestUri": "https://3x5xscnapby3pev24a.file.preprod.core.windows.net/test-share-5b4ad1b3-493e-c013-d507-bf3b2c5aabef?restype=share",
      "RequestMethod": "DELETE",
      "RequestHeaders": {
        "Accept": "application/xml",
        "Authorization": "Sanitized",
        "traceparent": "00-131b9ea86fd1e5dd0ea96c3bb4a6f31c-633943ad651ce041-00",
        "User-Agent": [
          "azsdk-net-Storage.Files.Shares/12.9.0-alpha.20220105.1",
          "(.NET 6.0.1; Microsoft Windows 10.0.19044)"
        ],
        "x-ms-client-request-id": "92674f98-d391-adf9-f140-32b48823418b",
        "x-ms-date": "Wed, 05 Jan 2022 20:03:51 GMT",
        "x-ms-delete-snapshots": "include",
        "x-ms-return-client-request-id": "true",
        "x-ms-version": "2021-06-08"
      },
      "RequestBody": null,
      "StatusCode": 202,
      "ResponseHeaders": {
        "Date": "Wed, 05 Jan 2022 20:03:49 GMT",
        "Transfer-Encoding": "chunked",
        "x-ms-client-request-id": "92674f98-d391-adf9-f140-32b48823418b",
        "x-ms-request-id": "e9e589cb-a01a-0003-026f-021608000000",
        "x-ms-version": "2021-06-08"
      },
      "ResponseBody": []
    }
  ],
  "Variables": {
    "RandomSeed": "565677032",
    "Storage_TestConfigDefault": "ProductionTenant\n3x5xscnapby3pev24a\nU2FuaXRpemVk\nhttps://3x5xscnapby3pev24a.blob.core.windows.net\nhttps://3x5xscnapby3pev24a.file.preprod.core.windows.net\nhttps://3x5xscnapby3pev24a.queue.core.windows.net\nhttps://3x5xscnapby3pev24a.table.core.windows.net\n\n\n\n\nhttps://3x5xscnapby3pev24a-secondary.blob.core.windows.net\nhttps://3x5xscnapby3pev24a-secondary.file.core.windows.net\nhttps://3x5xscnapby3pev24a-secondary.queue.core.windows.net\nhttps://3x5xscnapby3pev24a-secondary.table.core.windows.net\n\nSanitized\n\n\nCloud\nBlobEndpoint=https://3x5xscnapby3pev24a.blob.core.windows.net/;QueueEndpoint=https://3x5xscnapby3pev24a.queue.core.windows.net/;FileEndpoint=https://3x5xscnapby3pev24a.file.preprod.core.windows.net/;BlobSecondaryEndpoint=https://3x5xscnapby3pev24a-secondary.blob.core.windows.net/;QueueSecondaryEndpoint=https://3x5xscnapby3pev24a-secondary.queue.core.windows.net/;FileSecondaryEndpoint=https://3x5xscnapby3pev24a-secondary.file.core.windows.net/;AccountName=3x5xscnapby3pev24a;AccountKey=Kg==;\nseanscope1\n\n"
  }
}