{
  "Entries": [
    {
      "RequestUri": "http://seanstagetest.file.core.windows.net/test-share-7bac7e06-ffcd-2fb7-41f0-eaab8023cea3?restype=share",
      "RequestMethod": "PUT",
      "RequestHeaders": {
        "Authorization": "Sanitized",
<<<<<<< HEAD
        "traceparent": "00-651bb9c06420d040a0b0557df5dce00b-283ce583f79ffc49-00",
        "User-Agent": [
          "azsdk-net-Storage.Files.Shares/12.0.0-dev.20191203.1\u002Bfb8a3e76e923ddd8093ad431ccf5d23b2c851a14",
          "(.NET Core 4.6.28008.01; Microsoft Windows 10.0.18363 )"
        ],
        "x-ms-client-request-id": "b9fb623b-9bae-6f81-f1d4-2d3ca6404250",
        "x-ms-date": "Wed, 04 Dec 2019 05:09:33 GMT",
=======
        "traceparent": "00-08df7f64d64ba346a242d0300de3607c-1e42003878ad7645-00",
        "User-Agent": [
          "azsdk-net-Storage.Files.Shares/12.0.0-dev.20191204.1\u002B5028d723e0cdeb10a227db4dee6ed6afa7cb4fa8",
          "(.NET Core 4.6.28008.01; Microsoft Windows 10.0.18363 )"
        ],
        "x-ms-client-request-id": "b9fb623b-9bae-6f81-f1d4-2d3ca6404250",
        "x-ms-date": "Wed, 04 Dec 2019 19:44:58 GMT",
>>>>>>> feature/storage/stg71-base
        "x-ms-return-client-request-id": "true",
        "x-ms-share-quota": "1",
        "x-ms-version": "2019-07-07"
      },
      "RequestBody": null,
      "StatusCode": 201,
      "ResponseHeaders": {
        "Content-Length": "0",
<<<<<<< HEAD
        "Date": "Wed, 04 Dec 2019 05:09:32 GMT",
        "ETag": "\u00220x8D7787826898328\u0022",
        "Last-Modified": "Wed, 04 Dec 2019 05:09:33 GMT",
=======
        "Date": "Wed, 04 Dec 2019 19:44:57 GMT",
        "ETag": "\u00220x8D778F271A7D610\u0022",
        "Last-Modified": "Wed, 04 Dec 2019 19:44:58 GMT",
>>>>>>> feature/storage/stg71-base
        "Server": [
          "Windows-Azure-File/1.0",
          "Microsoft-HTTPAPI/2.0"
        ],
        "x-ms-client-request-id": "b9fb623b-9bae-6f81-f1d4-2d3ca6404250",
<<<<<<< HEAD
        "x-ms-request-id": "b5590222-301a-000d-7761-aa5aef000000",
=======
        "x-ms-request-id": "6805aa47-401a-0007-6edb-aafe58000000",
>>>>>>> feature/storage/stg71-base
        "x-ms-version": "2019-07-07"
      },
      "ResponseBody": []
    },
    {
      "RequestUri": "http://seanstagetest.file.core.windows.net/test-share-7bac7e06-ffcd-2fb7-41f0-eaab8023cea3/test-directory-a2e38e93-6030-b161-f961-53f7c15a46c9?restype=directory",
      "RequestMethod": "PUT",
      "RequestHeaders": {
        "Authorization": "Sanitized",
<<<<<<< HEAD
        "traceparent": "00-d52b9035381b0642b3817f5f41d9d43b-5e393c4afa429c4f-00",
        "User-Agent": [
          "azsdk-net-Storage.Files.Shares/12.0.0-dev.20191203.1\u002Bfb8a3e76e923ddd8093ad431ccf5d23b2c851a14",
          "(.NET Core 4.6.28008.01; Microsoft Windows 10.0.18363 )"
        ],
        "x-ms-client-request-id": "5ac9ec93-7994-dac3-004a-bf4c478aae96",
        "x-ms-date": "Wed, 04 Dec 2019 05:09:33 GMT",
=======
        "traceparent": "00-85af1934256cc34f8bc3f2bcb80a49aa-54b713e7bffb324a-00",
        "User-Agent": [
          "azsdk-net-Storage.Files.Shares/12.0.0-dev.20191204.1\u002B5028d723e0cdeb10a227db4dee6ed6afa7cb4fa8",
          "(.NET Core 4.6.28008.01; Microsoft Windows 10.0.18363 )"
        ],
        "x-ms-client-request-id": "5ac9ec93-7994-dac3-004a-bf4c478aae96",
        "x-ms-date": "Wed, 04 Dec 2019 19:44:58 GMT",
>>>>>>> feature/storage/stg71-base
        "x-ms-file-attributes": "None",
        "x-ms-file-creation-time": "Now",
        "x-ms-file-last-write-time": "Now",
        "x-ms-file-permission": "Inherit",
        "x-ms-return-client-request-id": "true",
        "x-ms-version": "2019-07-07"
      },
      "RequestBody": null,
      "StatusCode": 201,
      "ResponseHeaders": {
        "Content-Length": "0",
<<<<<<< HEAD
        "Date": "Wed, 04 Dec 2019 05:09:32 GMT",
        "ETag": "\u00220x8D7787826972C06\u0022",
        "Last-Modified": "Wed, 04 Dec 2019 05:09:33 GMT",
=======
        "Date": "Wed, 04 Dec 2019 19:44:57 GMT",
        "ETag": "\u00220x8D778F271B71173\u0022",
        "Last-Modified": "Wed, 04 Dec 2019 19:44:58 GMT",
>>>>>>> feature/storage/stg71-base
        "Server": [
          "Windows-Azure-File/1.0",
          "Microsoft-HTTPAPI/2.0"
        ],
        "x-ms-client-request-id": "5ac9ec93-7994-dac3-004a-bf4c478aae96",
        "x-ms-file-attributes": "Directory",
<<<<<<< HEAD
        "x-ms-file-change-time": "2019-12-04T05:09:33.5064582Z",
        "x-ms-file-creation-time": "2019-12-04T05:09:33.5064582Z",
        "x-ms-file-id": "13835128424026341376",
        "x-ms-file-last-write-time": "2019-12-04T05:09:33.5064582Z",
        "x-ms-file-parent-id": "0",
        "x-ms-file-permission-key": "7855875120676328179*422928105932735866",
        "x-ms-request-id": "b5590225-301a-000d-7961-aa5aef000000",
=======
        "x-ms-file-change-time": "2019-12-04T19:44:58.1456243Z",
        "x-ms-file-creation-time": "2019-12-04T19:44:58.1456243Z",
        "x-ms-file-id": "13835128424026341376",
        "x-ms-file-last-write-time": "2019-12-04T19:44:58.1456243Z",
        "x-ms-file-parent-id": "0",
        "x-ms-file-permission-key": "7855875120676328179*422928105932735866",
        "x-ms-request-id": "6805aa49-401a-0007-6fdb-aafe58000000",
>>>>>>> feature/storage/stg71-base
        "x-ms-request-server-encrypted": "true",
        "x-ms-version": "2019-07-07"
      },
      "ResponseBody": []
    },
    {
      "RequestUri": "http://seanstagetest.file.core.windows.net/test-share-7bac7e06-ffcd-2fb7-41f0-eaab8023cea3/test-directory-a2e38e93-6030-b161-f961-53f7c15a46c9?restype=directory\u0026comp=properties",
      "RequestMethod": "PUT",
      "RequestHeaders": {
        "Authorization": "Sanitized",
<<<<<<< HEAD
        "traceparent": "00-62bfef40189e8e4f8c80770d022303e6-b93bf80af9f2e945-00",
        "User-Agent": [
          "azsdk-net-Storage.Files.Shares/12.0.0-dev.20191203.1\u002Bfb8a3e76e923ddd8093ad431ccf5d23b2c851a14",
          "(.NET Core 4.6.28008.01; Microsoft Windows 10.0.18363 )"
        ],
        "x-ms-client-request-id": "d4636cbc-ec90-5a35-3396-1cdd55a8183a",
        "x-ms-date": "Wed, 04 Dec 2019 05:09:33 GMT",
=======
        "traceparent": "00-b7ebdab7e4f5364991d8e1503a6c908d-cf46331ddb2a1443-00",
        "User-Agent": [
          "azsdk-net-Storage.Files.Shares/12.0.0-dev.20191204.1\u002B5028d723e0cdeb10a227db4dee6ed6afa7cb4fa8",
          "(.NET Core 4.6.28008.01; Microsoft Windows 10.0.18363 )"
        ],
        "x-ms-client-request-id": "d4636cbc-ec90-5a35-3396-1cdd55a8183a",
        "x-ms-date": "Wed, 04 Dec 2019 19:44:58 GMT",
>>>>>>> feature/storage/stg71-base
        "x-ms-file-attributes": "Preserve",
        "x-ms-file-creation-time": "Preserve",
        "x-ms-file-last-write-time": "Preserve",
        "x-ms-file-permission": "O:S-1-5-21-2127521184-1604012920-1887927527-21560751G:S-1-5-21-2127521184-1604012920-1887927527-513D:AI(A;;FA;;;SY)(A;;FA;;;BA)(A;;0x1200a9;;;S-1-5-21-397955417-626881126-188441444-3053964)",
        "x-ms-return-client-request-id": "true",
        "x-ms-version": "2019-07-07"
      },
      "RequestBody": null,
      "StatusCode": 200,
      "ResponseHeaders": {
        "Content-Length": "0",
<<<<<<< HEAD
        "Date": "Wed, 04 Dec 2019 05:09:32 GMT",
        "ETag": "\u00220x8D7787826A6E38C\u0022",
        "Last-Modified": "Wed, 04 Dec 2019 05:09:33 GMT",
=======
        "Date": "Wed, 04 Dec 2019 19:44:57 GMT",
        "ETag": "\u00220x8D778F271C6C8F7\u0022",
        "Last-Modified": "Wed, 04 Dec 2019 19:44:58 GMT",
>>>>>>> feature/storage/stg71-base
        "Server": [
          "Windows-Azure-File/1.0",
          "Microsoft-HTTPAPI/2.0"
        ],
        "x-ms-client-request-id": "d4636cbc-ec90-5a35-3396-1cdd55a8183a",
        "x-ms-file-attributes": "Directory",
<<<<<<< HEAD
        "x-ms-file-change-time": "2019-12-04T05:09:33.6094604Z",
        "x-ms-file-creation-time": "2019-12-04T05:09:33.5064582Z",
        "x-ms-file-id": "13835128424026341376",
        "x-ms-file-last-write-time": "2019-12-04T05:09:33.5064582Z",
        "x-ms-file-parent-id": "0",
        "x-ms-file-permission-key": "11680444563946999947*422928105932735866",
        "x-ms-request-id": "b5590228-301a-000d-7c61-aa5aef000000",
=======
        "x-ms-file-change-time": "2019-12-04T19:44:58.2486263Z",
        "x-ms-file-creation-time": "2019-12-04T19:44:58.1456243Z",
        "x-ms-file-id": "13835128424026341376",
        "x-ms-file-last-write-time": "2019-12-04T19:44:58.1456243Z",
        "x-ms-file-parent-id": "0",
        "x-ms-file-permission-key": "11680444563946999947*422928105932735866",
        "x-ms-request-id": "6805aa4a-401a-0007-70db-aafe58000000",
>>>>>>> feature/storage/stg71-base
        "x-ms-request-server-encrypted": "true",
        "x-ms-version": "2019-07-07"
      },
      "ResponseBody": []
    },
    {
      "RequestUri": "http://seanstagetest.file.core.windows.net/test-share-7bac7e06-ffcd-2fb7-41f0-eaab8023cea3?restype=share",
      "RequestMethod": "DELETE",
      "RequestHeaders": {
        "Authorization": "Sanitized",
<<<<<<< HEAD
        "traceparent": "00-c7b23a3c2733c342aeeb911519cc7848-d09f654c8ff38946-00",
        "User-Agent": [
          "azsdk-net-Storage.Files.Shares/12.0.0-dev.20191203.1\u002Bfb8a3e76e923ddd8093ad431ccf5d23b2c851a14",
          "(.NET Core 4.6.28008.01; Microsoft Windows 10.0.18363 )"
        ],
        "x-ms-client-request-id": "db900fc0-d926-a006-2e0d-7c39084b28f1",
        "x-ms-date": "Wed, 04 Dec 2019 05:09:33 GMT",
=======
        "traceparent": "00-7512015a5038d84ebef7ca2989ee5a74-a05d6c793519da49-00",
        "User-Agent": [
          "azsdk-net-Storage.Files.Shares/12.0.0-dev.20191204.1\u002B5028d723e0cdeb10a227db4dee6ed6afa7cb4fa8",
          "(.NET Core 4.6.28008.01; Microsoft Windows 10.0.18363 )"
        ],
        "x-ms-client-request-id": "db900fc0-d926-a006-2e0d-7c39084b28f1",
        "x-ms-date": "Wed, 04 Dec 2019 19:44:58 GMT",
>>>>>>> feature/storage/stg71-base
        "x-ms-delete-snapshots": "include",
        "x-ms-return-client-request-id": "true",
        "x-ms-version": "2019-07-07"
      },
      "RequestBody": null,
      "StatusCode": 202,
      "ResponseHeaders": {
        "Content-Length": "0",
<<<<<<< HEAD
        "Date": "Wed, 04 Dec 2019 05:09:32 GMT",
=======
        "Date": "Wed, 04 Dec 2019 19:44:57 GMT",
>>>>>>> feature/storage/stg71-base
        "Server": [
          "Windows-Azure-File/1.0",
          "Microsoft-HTTPAPI/2.0"
        ],
        "x-ms-client-request-id": "db900fc0-d926-a006-2e0d-7c39084b28f1",
<<<<<<< HEAD
        "x-ms-request-id": "b559022a-301a-000d-7e61-aa5aef000000",
=======
        "x-ms-request-id": "6805aa4b-401a-0007-71db-aafe58000000",
>>>>>>> feature/storage/stg71-base
        "x-ms-version": "2019-07-07"
      },
      "ResponseBody": []
    }
  ],
  "Variables": {
    "RandomSeed": "1786400381",
    "Storage_TestConfigDefault": "ProductionTenant\nseanstagetest\nU2FuaXRpemVk\nhttp://seanstagetest.blob.core.windows.net\nhttp://seanstagetest.file.core.windows.net\nhttp://seanstagetest.queue.core.windows.net\nhttp://seanstagetest.table.core.windows.net\n\n\n\n\nhttp://seanstagetest-secondary.blob.core.windows.net\nhttp://seanstagetest-secondary.file.core.windows.net\nhttp://seanstagetest-secondary.queue.core.windows.net\nhttp://seanstagetest-secondary.table.core.windows.net\n\nSanitized\n\n\nCloud\nBlobEndpoint=http://seanstagetest.blob.core.windows.net/;QueueEndpoint=http://seanstagetest.queue.core.windows.net/;FileEndpoint=http://seanstagetest.file.core.windows.net/;BlobSecondaryEndpoint=http://seanstagetest-secondary.blob.core.windows.net/;QueueSecondaryEndpoint=http://seanstagetest-secondary.queue.core.windows.net/;FileSecondaryEndpoint=http://seanstagetest-secondary.file.core.windows.net/;AccountName=seanstagetest;AccountKey=Sanitized"
  }
}