{
  "Entries": [
    {
      "RequestUri": "/subscriptions/b364ed8d-4279-4bf8-8fd1-56f8fa0ae05c/resourceGroups/Arpita-air/providers/Microsoft.RecoveryServices/vaults/h2atest/replicationFabrics/SiteRecoveryTestSite1?api-version=2021-08-01",
      "EncodedRequestUri": "L3N1YnNjcmlwdGlvbnMvYjM2NGVkOGQtNDI3OS00YmY4LThmZDEtNTZmOGZhMGFlMDVjL3Jlc291cmNlR3JvdXBzL0FycGl0YS1haXIvcHJvdmlkZXJzL01pY3Jvc29mdC5SZWNvdmVyeVNlcnZpY2VzL3ZhdWx0cy9oMmF0ZXN0L3JlcGxpY2F0aW9uRmFicmljcy9TaXRlUmVjb3ZlcnlUZXN0U2l0ZTE/YXBpLXZlcnNpb249MjAyMS0wOC0wMQ==",
      "RequestMethod": "PUT",
      "RequestBody": "{\r\n  \"properties\": {}\r\n}",
      "RequestHeaders": {
        "x-ms-client-request-id": [
          "f14c2bcd-7f12-4de7-a436-cf8492244eba"
        ],
        "Accept-Language": [
          "en-US"
        ],
        "User-Agent": [
          "FxVersion/4.6.29812.02",
          "OSName/Windows",
          "OSVersion/Microsoft.Windows.10.0.19042.",
          "Microsoft.Azure.Management.RecoveryServices.SiteRecovery.SiteRecoveryManagementClient/2.1.6.0"
        ],
        "Content-Type": [
          "application/json; charset=utf-8"
        ],
        "Content-Length": [
          "24"
        ]
      },
      "ResponseHeaders": {
        "Cache-Control": [
          "no-cache"
        ],
        "Pragma": [
          "no-cache"
        ],
        "Location": [
          "https://centraluseuap.management.azure.com/Subscriptions/b364ed8d-4279-4bf8-8fd1-56f8fa0ae05c/resourceGroups/Arpita-air/providers/Microsoft.RecoveryServices/vaults/h2atest/replicationFabrics/SiteRecoveryTestSite1/operationresults/8d0c5781-6973-43bb-9d21-2e1522994f4a?api-version=2021-08-01"
        ],
        "Retry-After": [
          "30"
        ],
        "Strict-Transport-Security": [
          "max-age=31536000; includeSubDomains"
        ],
        "x-ms-request-id": [
          "/Subscriptions/b364ed8d-4279-4bf8-8fd1-56f8fa0ae05c/resourceGroups/Arpita-air/providers/Microsoft.RecoveryServices/vaults/h2atest/replicationJobs/8d0c5781-6973-43bb-9d21-2e1522994f4a",
          "/Subscriptions/b364ed8d-4279-4bf8-8fd1-56f8fa0ae05c/resourceGroups/Arpita-air/providers/Microsoft.RecoveryServices/vaults/h2atest/replicationJobs/8d0c5781-6973-43bb-9d21-2e1522994f4a"
        ],
        "Azure-AsyncOperation": [
          "https://centraluseuap.management.azure.com/Subscriptions/b364ed8d-4279-4bf8-8fd1-56f8fa0ae05c/resourceGroups/Arpita-air/providers/Microsoft.RecoveryServices/vaults/h2atest/replicationOperationStatus/8d0c5781-6973-43bb-9d21-2e1522994f4a?api-version=2021-08-01"
        ],
        "X-Content-Type-Options": [
          "nosniff"
        ],
        "x-ms-client-request-id": [
          "f14c2bcd-7f12-4de7-a436-cf8492244eba"
        ],
        "x-ms-ratelimit-remaining-subscription-writes": [
          "1198"
        ],
        "x-ms-correlation-request-id": [
          "95ca653b-6cfd-4bd7-a0af-0caf93e1b585"
        ],
        "x-ms-routing-request-id": [
          "CENTRALUSEUAP:20210319T120336Z:95ca653b-6cfd-4bd7-a0af-0caf93e1b585"
        ],
        "Date": [
          "Wed, 13 Oct 2021 18:57:07 GMT"
        ],
        "Expires": [
          "-1"
        ],
        "Content-Length": [
          "0"
        ]
      },
      "ResponseBody": "",
      "StatusCode": 202
    },
    {
      "RequestUri": "/Subscriptions/b364ed8d-4279-4bf8-8fd1-56f8fa0ae05c/resourceGroups/Arpita-air/providers/Microsoft.RecoveryServices/vaults/h2atest/replicationOperationStatus/8d0c5781-6973-43bb-9d21-2e1522994f4a?api-version=2021-08-01",
      "EncodedRequestUri": "L1N1YnNjcmlwdGlvbnMvYjM2NGVkOGQtNDI3OS00YmY4LThmZDEtNTZmOGZhMGFlMDVjL3Jlc291cmNlR3JvdXBzL0FycGl0YS1haXIvcHJvdmlkZXJzL01pY3Jvc29mdC5SZWNvdmVyeVNlcnZpY2VzL3ZhdWx0cy9oMmF0ZXN0L3JlcGxpY2F0aW9uT3BlcmF0aW9uU3RhdHVzLzhkMGM1NzgxLTY5NzMtNDNiYi05ZDIxLTJlMTUyMjk5NGY0YT9hcGktdmVyc2lvbj0yMDIxLTA4LTAx",
      "RequestMethod": "GET",
      "RequestBody": "",
      "RequestHeaders": {
        "User-Agent": [
          "FxVersion/4.6.29812.02",
          "OSName/Windows",
          "OSVersion/Microsoft.Windows.10.0.19042.",
          "Microsoft.Azure.Management.RecoveryServices.SiteRecovery.SiteRecoveryManagementClient/2.1.6.0"
        ]
      },
      "ResponseHeaders": {
        "Cache-Control": [
          "no-cache"
        ],
        "Pragma": [
          "no-cache"
        ],
        "x-ms-ratelimit-remaining-subscription-reads": [
          "11972"
        ],
        "Server": [
          "Microsoft-IIS/10.0",
          "Kestrel"
        ],
        "Strict-Transport-Security": [
          "max-age=31536000; includeSubDomains"
        ],
        "x-ms-request-id": [
          "/Subscriptions/b364ed8d-4279-4bf8-8fd1-56f8fa0ae05c/resourceGroups/Arpita-air/providers/Microsoft.RecoveryServices/vaults/h2atest/replicationJobs/8d0c5781-6973-43bb-9d21-2e1522994f4a"
        ],
        "X-Content-Type-Options": [
          "nosniff"
        ],
        "x-ms-client-request-id": [
          "fe7d74cb-84a0-44f4-a633-baa322ee66c3"
        ],
        "x-ms-correlation-request-id": [
          "7a381f63-a708-4f2e-9e73-c6e1cc53b8ec"
        ],
        "x-ms-routing-request-id": [
          "CENTRALUSEUAP:20210319T120407Z:7a381f63-a708-4f2e-9e73-c6e1cc53b8ec"
        ],
        "Date": [
          "Wed, 13 Oct 2021 18:57:07 GMT"
        ],
        "Content-Length": [
          "216"
        ],
        "Content-Type": [
          "application/json"
        ],
        "Expires": [
          "-1"
        ]
      },
      "ResponseBody": "{\r\n  \"error\": null,\r\n  \"id\": null,\r\n  \"name\": \"8d0c5781-6973-43bb-9d21-2e1522994f4a\",\r\n  \"properties\": null,\r\n  \"status\": \"Succeeded\",\r\n  \"startTime\": \"2021-03-19T12:03:36.0876578Z\",\r\n  \"endTime\": \"2021-03-19T12:03:36Z\",\r\n  \"percentComplete\": null\r\n}",
      "StatusCode": 200
    },
    {
      "RequestUri": "/subscriptions/b364ed8d-4279-4bf8-8fd1-56f8fa0ae05c/resourceGroups/Arpita-air/providers/Microsoft.RecoveryServices/vaults/h2atest/replicationFabrics/SiteRecoveryTestSite1?api-version=2021-08-01",
      "EncodedRequestUri": "L3N1YnNjcmlwdGlvbnMvYjM2NGVkOGQtNDI3OS00YmY4LThmZDEtNTZmOGZhMGFlMDVjL3Jlc291cmNlR3JvdXBzL0FycGl0YS1haXIvcHJvdmlkZXJzL01pY3Jvc29mdC5SZWNvdmVyeVNlcnZpY2VzL3ZhdWx0cy9oMmF0ZXN0L3JlcGxpY2F0aW9uRmFicmljcy9TaXRlUmVjb3ZlcnlUZXN0U2l0ZTE/YXBpLXZlcnNpb249MjAyMS0wOC0wMQ==",
      "RequestMethod": "GET",
      "RequestBody": "",
      "RequestHeaders": {
        "User-Agent": [
          "FxVersion/4.6.29812.02",
          "OSName/Windows",
          "OSVersion/Microsoft.Windows.10.0.19042.",
          "Microsoft.Azure.Management.RecoveryServices.SiteRecovery.SiteRecoveryManagementClient/2.1.6.0"
        ]
      },
      "ResponseHeaders": {
        "Cache-Control": [
          "no-cache"
        ],
        "Pragma": [
          "no-cache"
        ],
        "x-ms-ratelimit-remaining-subscription-reads": [
          "11971"
        ],
        "Server": [
          "Microsoft-IIS/10.0",
          "Kestrel"
        ],
        "Strict-Transport-Security": [
          "max-age=31536000; includeSubDomains"
        ],
        "x-ms-request-id": [
          "50a0eb8b-1494-4822-8710-f7b679faffd0 3/19/2021 12:04:07 PM"
        ],
        "X-Content-Type-Options": [
          "nosniff"
        ],
        "x-ms-client-request-id": [
          "50a0eb8b-1494-4822-8710-f7b679faffd0"
        ],
        "x-ms-correlation-request-id": [
          "e95cbcbd-e341-4008-83ba-764b6208a59e"
        ],
        "x-ms-routing-request-id": [
          "CENTRALUSEUAP:20210319T120407Z:e95cbcbd-e341-4008-83ba-764b6208a59e"
        ],
        "Date": [
          "Wed, 13 Oct 2021 18:57:07 GMT"
        ],
        "Content-Length": [
          "649"
        ],
        "Content-Type": [
          "application/json"
        ],
        "Expires": [
          "-1"
        ]
      },
      "ResponseBody": "{\r\n  \"name\": \"SiteRecoveryTestSite1\",\r\n  \"type\": \"Microsoft.RecoveryServices/vaults/replicationFabrics\",\r\n  \"id\": \"/Subscriptions/b364ed8d-4279-4bf8-8fd1-56f8fa0ae05c/resourceGroups/Arpita-air/providers/Microsoft.RecoveryServices/vaults/h2atest/replicationFabrics/SiteRecoveryTestSite1\",\r\n  \"properties\": {\r\n    \"friendlyName\": \"SiteRecoveryTestSite1\",\r\n    \"encryptionDetails\": {\r\n      \"kekState\": \"None\",\r\n      \"kekCertThumbprint\": null\r\n    },\r\n    \"rolloverEncryptionDetails\": {\r\n      \"kekState\": \"None\",\r\n      \"kekCertThumbprint\": null\r\n    },\r\n    \"internalIdentifier\": \"eecac84c-1761-50ad-9624-a7092c581567\",\r\n    \"bcdrState\": \"Valid\",\r\n    \"customDetails\": {\r\n      \"instanceType\": \"HyperVSite\",\r\n      \"hyperVHosts\": []\r\n    },\r\n    \"healthErrorDetails\": [],\r\n    \"health\": \"Normal\"\r\n  }\r\n}",
      "StatusCode": 200
    },
    {
      "RequestUri": "/subscriptions/b364ed8d-4279-4bf8-8fd1-56f8fa0ae05c/resourceGroups/Arpita-air/providers/Microsoft.RecoveryServices/vaults/h2atest/replicationFabrics/SiteRecoveryTestSite1?api-version=2021-08-01",
      "EncodedRequestUri": "L3N1YnNjcmlwdGlvbnMvYjM2NGVkOGQtNDI3OS00YmY4LThmZDEtNTZmOGZhMGFlMDVjL3Jlc291cmNlR3JvdXBzL0FycGl0YS1haXIvcHJvdmlkZXJzL01pY3Jvc29mdC5SZWNvdmVyeVNlcnZpY2VzL3ZhdWx0cy9oMmF0ZXN0L3JlcGxpY2F0aW9uRmFicmljcy9TaXRlUmVjb3ZlcnlUZXN0U2l0ZTE/YXBpLXZlcnNpb249MjAyMS0wOC0wMQ==",
      "RequestMethod": "GET",
      "RequestBody": "",
      "RequestHeaders": {
        "x-ms-client-request-id": [
          "6eb97da6-18a7-49fc-b3c3-d59728d297f2"
        ],
        "Accept-Language": [
          "en-US"
        ],
        "User-Agent": [
          "FxVersion/4.6.29812.02",
          "OSName/Windows",
          "OSVersion/Microsoft.Windows.10.0.19042.",
          "Microsoft.Azure.Management.RecoveryServices.SiteRecovery.SiteRecoveryManagementClient/2.1.6.0"
        ]
      },
      "ResponseHeaders": {
        "Cache-Control": [
          "no-cache"
        ],
        "Pragma": [
          "no-cache"
        ],
        "x-ms-ratelimit-remaining-subscription-reads": [
          "11970"
        ],
        "Server": [
          "Microsoft-IIS/10.0",
          "Kestrel"
        ],
        "Strict-Transport-Security": [
          "max-age=31536000; includeSubDomains"
        ],
        "x-ms-request-id": [
          "6eb97da6-18a7-49fc-b3c3-d59728d297f2 3/19/2021 12:04:08 PM"
        ],
        "X-Content-Type-Options": [
          "nosniff"
        ],
        "x-ms-client-request-id": [
          "6eb97da6-18a7-49fc-b3c3-d59728d297f2"
        ],
        "x-ms-correlation-request-id": [
          "fd2a1be5-5b17-49e4-a7fa-558ee74d471c"
        ],
        "x-ms-routing-request-id": [
          "CENTRALUSEUAP:20210319T120408Z:fd2a1be5-5b17-49e4-a7fa-558ee74d471c"
        ],
        "Date": [
          "Wed, 13 Oct 2021 18:57:07 GMT"
        ],
        "Content-Length": [
          "649"
        ],
        "Content-Type": [
          "application/json"
        ],
        "Expires": [
          "-1"
        ]
      },
      "ResponseBody": "{\r\n  \"name\": \"SiteRecoveryTestSite1\",\r\n  \"type\": \"Microsoft.RecoveryServices/vaults/replicationFabrics\",\r\n  \"id\": \"/Subscriptions/b364ed8d-4279-4bf8-8fd1-56f8fa0ae05c/resourceGroups/Arpita-air/providers/Microsoft.RecoveryServices/vaults/h2atest/replicationFabrics/SiteRecoveryTestSite1\",\r\n  \"properties\": {\r\n    \"friendlyName\": \"SiteRecoveryTestSite1\",\r\n    \"encryptionDetails\": {\r\n      \"kekState\": \"None\",\r\n      \"kekCertThumbprint\": null\r\n    },\r\n    \"rolloverEncryptionDetails\": {\r\n      \"kekState\": \"None\",\r\n      \"kekCertThumbprint\": null\r\n    },\r\n    \"internalIdentifier\": \"eecac84c-1761-50ad-9624-a7092c581567\",\r\n    \"bcdrState\": \"Valid\",\r\n    \"customDetails\": {\r\n      \"instanceType\": \"HyperVSite\",\r\n      \"hyperVHosts\": []\r\n    },\r\n    \"healthErrorDetails\": [],\r\n    \"health\": \"Normal\"\r\n  }\r\n}",
      "StatusCode": 200
    }
  ],
  "Names": {

  },
  "Variables": {
    "SubscriptionId": "b364ed8d-4279-4bf8-8fd1-56f8fa0ae05c"
  }
}
