{
  "Entries": [
    {
      "RequestUri": "/subscriptions/b364ed8d-4279-4bf8-8fd1-56f8fa0ae05c/resourceGroups/Arpita-air/providers/Microsoft.RecoveryServices/vaults/h2atest/replicationPolicies/protectionprofile2?api-version=2021-02-10",
      "EncodedRequestUri": "L3N1YnNjcmlwdGlvbnMvYjM2NGVkOGQtNDI3OS00YmY4LThmZDEtNTZmOGZhMGFlMDVjL3Jlc291cmNlR3JvdXBzL0FycGl0YS1haXIvcHJvdmlkZXJzL01pY3Jvc29mdC5SZWNvdmVyeVNlcnZpY2VzL3ZhdWx0cy9oMmF0ZXN0L3JlcGxpY2F0aW9uUG9saWNpZXMvcHJvdGVjdGlvbnByb2ZpbGUyP2FwaS12ZXJzaW9uPTIwMjEtMDItMTA=",
      "RequestMethod": "PUT",
      "RequestBody": "{\r\n  \"properties\": {\r\n    \"providerSpecificInput\": {\r\n      \"instanceType\": \"HyperVReplicaAzure\",\r\n      \"recoveryPointHistoryDuration\": 4,\r\n      \"applicationConsistentSnapshotFrequencyInHours\": 2,\r\n      \"replicationInterval\": 300,\r\n      \"storageAccounts\": [\r\n        \"/subscriptions/b364ed8d-4279-4bf8-8fd1-56f8fa0ae05c/resourceGroups/Arpita-air/providers/Microsoft.Storage/storageAccounts/sah2atest\"\r\n      ]\r\n    }\r\n  }\r\n}",
      "RequestHeaders": {
        "x-ms-client-request-id": [
          "3ad00d76-118e-4c9b-a6bf-7cf37a251ddb"
        ],
        "Accept-Language": [
          "en-US"
        ],
        "User-Agent": [
          "FxVersion/4.6.29812.02",
          "OSName/Windows",
          "OSVersion/Microsoft.Windows.10.0.19042.",
          "Microsoft.Azure.Management.RecoveryServices.SiteRecovery.SiteRecoveryManagementClient/2.1.4.0"
        ],
        "Content-Type": [
          "application/json; charset=utf-8"
        ],
        "Content-Length": [
          "428"
        ]
      },
      "ResponseHeaders": {
        "Cache-Control": [
          "no-cache"
        ],
        "Pragma": [
          "no-cache"
        ],
        "Location": [
          "https://centraluseuap.management.azure.com/Subscriptions/b364ed8d-4279-4bf8-8fd1-56f8fa0ae05c/resourceGroups/Arpita-air/providers/Microsoft.RecoveryServices/vaults/h2atest/replicationPolicies/protectionprofile2/operationresults/29c3b1c4-614e-4c23-a477-f1caa07ffb44?api-version=2021-02-10"
        ],
        "Retry-After": [
          "30"
        ],
        "Strict-Transport-Security": [
          "max-age=31536000; includeSubDomains"
        ],
        "x-ms-request-id": [
          "3ad00d76-118e-4c9b-a6bf-7cf37a251ddb 3/19/2021 12:42:11 PM"
        ],
        "Azure-AsyncOperation": [
          "https://centraluseuap.management.azure.com/Subscriptions/b364ed8d-4279-4bf8-8fd1-56f8fa0ae05c/resourceGroups/Arpita-air/providers/Microsoft.RecoveryServices/vaults/h2atest/replicationOperationStatus/29c3b1c4-614e-4c23-a477-f1caa07ffb44?api-version=2021-02-10"
        ],
        "X-Content-Type-Options": [
          "nosniff"
        ],
        "x-ms-client-request-id": [
          "3ad00d76-118e-4c9b-a6bf-7cf37a251ddb"
        ],
        "x-ms-ratelimit-remaining-subscription-writes": [
          "1199"
        ],
        "x-ms-correlation-request-id": [
          "f58156ae-bb11-41e6-9e55-0241e38f0b2f"
        ],
        "x-ms-routing-request-id": [
          "CENTRALUSEUAP:20210319T124211Z:f58156ae-bb11-41e6-9e55-0241e38f0b2f"
        ],
        "Date": [
          "Fri, 19 Mar 2021 12:42:11 GMT"
        ],
        "Expires": [
          "-1"
        ],
        "Content-Length": [
          "0"
        ]
      },
      "ResponseBody": "",
      "StatusCode": 202
    },
    {
      "RequestUri": "/Subscriptions/b364ed8d-4279-4bf8-8fd1-56f8fa0ae05c/resourceGroups/Arpita-air/providers/Microsoft.RecoveryServices/vaults/h2atest/replicationOperationStatus/29c3b1c4-614e-4c23-a477-f1caa07ffb44?api-version=2021-02-10",
      "EncodedRequestUri": "L1N1YnNjcmlwdGlvbnMvYjM2NGVkOGQtNDI3OS00YmY4LThmZDEtNTZmOGZhMGFlMDVjL3Jlc291cmNlR3JvdXBzL0FycGl0YS1haXIvcHJvdmlkZXJzL01pY3Jvc29mdC5SZWNvdmVyeVNlcnZpY2VzL3ZhdWx0cy9oMmF0ZXN0L3JlcGxpY2F0aW9uT3BlcmF0aW9uU3RhdHVzLzI5YzNiMWM0LTYxNGUtNGMyMy1hNDc3LWYxY2FhMDdmZmI0ND9hcGktdmVyc2lvbj0yMDIxLTAyLTEw",
      "RequestMethod": "GET",
      "RequestBody": "",
      "RequestHeaders": {
        "User-Agent": [
          "FxVersion/4.6.29812.02",
          "OSName/Windows",
          "OSVersion/Microsoft.Windows.10.0.19042.",
          "Microsoft.Azure.Management.RecoveryServices.SiteRecovery.SiteRecoveryManagementClient/2.1.4.0"
        ]
      },
      "ResponseHeaders": {
        "Cache-Control": [
          "no-cache"
        ],
        "Pragma": [
          "no-cache"
        ],
        "x-ms-ratelimit-remaining-subscription-reads": [
          "11994"
        ],
        "Server": [
          "Microsoft-IIS/10.0",
          "Kestrel"
        ],
        "Strict-Transport-Security": [
          "max-age=31536000; includeSubDomains"
        ],
        "x-ms-request-id": [
          "/Subscriptions/b364ed8d-4279-4bf8-8fd1-56f8fa0ae05c/resourceGroups/Arpita-air/providers/Microsoft.RecoveryServices/vaults/h2atest/replicationJobs/29c3b1c4-614e-4c23-a477-f1caa07ffb44"
        ],
        "X-Content-Type-Options": [
          "nosniff"
        ],
        "x-ms-client-request-id": [
          "75d2dd92-2338-434b-be39-a0f7a59566c1"
        ],
        "x-ms-correlation-request-id": [
          "5038ffd0-4a6b-4a4d-a9a1-5c539a3ff2a2"
        ],
        "x-ms-routing-request-id": [
          "CENTRALUSEUAP:20210319T124242Z:5038ffd0-4a6b-4a4d-a9a1-5c539a3ff2a2"
        ],
        "Date": [
          "Fri, 19 Mar 2021 12:42:42 GMT"
        ],
        "Content-Length": [
          "216"
        ],
        "Content-Type": [
          "application/json"
        ],
        "Expires": [
          "-1"
        ]
      },
      "ResponseBody": "{\r\n  \"error\": null,\r\n  \"id\": null,\r\n  \"name\": \"29c3b1c4-614e-4c23-a477-f1caa07ffb44\",\r\n  \"properties\": null,\r\n  \"status\": \"Succeeded\",\r\n  \"startTime\": \"2021-03-19T12:42:11.6171438Z\",\r\n  \"endTime\": \"2021-03-19T12:42:13Z\",\r\n  \"percentComplete\": null\r\n}",
      "StatusCode": 200
    },
    {
      "RequestUri": "/subscriptions/b364ed8d-4279-4bf8-8fd1-56f8fa0ae05c/resourceGroups/Arpita-air/providers/Microsoft.RecoveryServices/vaults/h2atest/replicationPolicies/protectionprofile2?api-version=2021-02-10",
      "EncodedRequestUri": "L3N1YnNjcmlwdGlvbnMvYjM2NGVkOGQtNDI3OS00YmY4LThmZDEtNTZmOGZhMGFlMDVjL3Jlc291cmNlR3JvdXBzL0FycGl0YS1haXIvcHJvdmlkZXJzL01pY3Jvc29mdC5SZWNvdmVyeVNlcnZpY2VzL3ZhdWx0cy9oMmF0ZXN0L3JlcGxpY2F0aW9uUG9saWNpZXMvcHJvdGVjdGlvbnByb2ZpbGUyP2FwaS12ZXJzaW9uPTIwMjEtMDItMTA=",
      "RequestMethod": "GET",
      "RequestBody": "",
      "RequestHeaders": {
        "User-Agent": [
          "FxVersion/4.6.29812.02",
          "OSName/Windows",
          "OSVersion/Microsoft.Windows.10.0.19042.",
          "Microsoft.Azure.Management.RecoveryServices.SiteRecovery.SiteRecoveryManagementClient/2.1.4.0"
        ]
      },
      "ResponseHeaders": {
        "Cache-Control": [
          "no-cache"
        ],
        "Pragma": [
          "no-cache"
        ],
        "x-ms-ratelimit-remaining-subscription-reads": [
          "11993"
        ],
        "Server": [
          "Microsoft-IIS/10.0",
          "Kestrel"
        ],
        "Strict-Transport-Security": [
          "max-age=31536000; includeSubDomains"
        ],
        "x-ms-request-id": [
          "fdde3006-e130-4824-a70e-e28e194c1700 3/19/2021 12:42:42 PM"
        ],
        "X-Content-Type-Options": [
          "nosniff"
        ],
        "x-ms-client-request-id": [
          "fdde3006-e130-4824-a70e-e28e194c1700"
        ],
        "x-ms-correlation-request-id": [
          "9ef28e35-e348-400e-9582-8c6a0d6a7dc7"
        ],
        "x-ms-routing-request-id": [
          "CENTRALUSEUAP:20210319T124242Z:9ef28e35-e348-400e-9582-8c6a0d6a7dc7"
        ],
        "Date": [
          "Fri, 19 Mar 2021 12:42:42 GMT"
        ],
        "Content-Length": [
          "682"
        ],
        "Content-Type": [
          "application/json"
        ],
        "Expires": [
          "-1"
        ]
      },
      "ResponseBody": "{\r\n  \"id\": \"/Subscriptions/b364ed8d-4279-4bf8-8fd1-56f8fa0ae05c/resourceGroups/Arpita-air/providers/Microsoft.RecoveryServices/vaults/h2atest/replicationPolicies/protectionprofile2\",\r\n  \"name\": \"protectionprofile2\",\r\n  \"type\": \"Microsoft.RecoveryServices/vaults/replicationPolicies\",\r\n  \"properties\": {\r\n    \"friendlyName\": \"protectionprofile2\",\r\n    \"providerSpecificDetails\": {\r\n      \"instanceType\": \"HyperVReplicaAzure\",\r\n      \"recoveryPointHistoryDurationInHours\": 4,\r\n      \"applicationConsistentSnapshotFrequencyInHours\": 2,\r\n      \"replicationInterval\": 300,\r\n      \"encryption\": \"Disabled\",\r\n      \"activeStorageAccountId\": \"/subscriptions/b364ed8d-4279-4bf8-8fd1-56f8fa0ae05c/resourceGroups/Arpita-air/providers/Microsoft.Storage/storageAccounts/sah2atest\"\r\n    }\r\n  }\r\n}",
      "StatusCode": 200
    },
    {
      "RequestUri": "/subscriptions/b364ed8d-4279-4bf8-8fd1-56f8fa0ae05c/resourceGroups/Arpita-air/providers/Microsoft.RecoveryServices/vaults/h2atest/replicationPolicies/protectionprofile2?api-version=2021-02-10",
      "EncodedRequestUri": "L3N1YnNjcmlwdGlvbnMvYjM2NGVkOGQtNDI3OS00YmY4LThmZDEtNTZmOGZhMGFlMDVjL3Jlc291cmNlR3JvdXBzL0FycGl0YS1haXIvcHJvdmlkZXJzL01pY3Jvc29mdC5SZWNvdmVyeVNlcnZpY2VzL3ZhdWx0cy9oMmF0ZXN0L3JlcGxpY2F0aW9uUG9saWNpZXMvcHJvdGVjdGlvbnByb2ZpbGUyP2FwaS12ZXJzaW9uPTIwMjEtMDItMTA=",
      "RequestMethod": "GET",
      "RequestBody": "",
      "RequestHeaders": {
        "x-ms-client-request-id": [
          "69613820-e8bd-4587-9f86-e18f5e34054a"
        ],
        "Accept-Language": [
          "en-US"
        ],
        "User-Agent": [
          "FxVersion/4.6.29812.02",
          "OSName/Windows",
          "OSVersion/Microsoft.Windows.10.0.19042.",
          "Microsoft.Azure.Management.RecoveryServices.SiteRecovery.SiteRecoveryManagementClient/2.1.4.0"
        ]
      },
      "ResponseHeaders": {
        "Cache-Control": [
          "no-cache"
        ],
        "Pragma": [
          "no-cache"
        ],
        "x-ms-ratelimit-remaining-subscription-reads": [
          "11992"
        ],
        "Server": [
          "Microsoft-IIS/10.0",
          "Kestrel"
        ],
        "Strict-Transport-Security": [
          "max-age=31536000; includeSubDomains"
        ],
        "x-ms-request-id": [
          "69613820-e8bd-4587-9f86-e18f5e34054a 3/19/2021 12:42:43 PM"
        ],
        "X-Content-Type-Options": [
          "nosniff"
        ],
        "x-ms-client-request-id": [
          "69613820-e8bd-4587-9f86-e18f5e34054a"
        ],
        "x-ms-correlation-request-id": [
          "10feb29d-420d-4d89-9a8e-9c6cc7e3880a"
        ],
        "x-ms-routing-request-id": [
          "CENTRALUSEUAP:20210319T124243Z:10feb29d-420d-4d89-9a8e-9c6cc7e3880a"
        ],
        "Date": [
          "Fri, 19 Mar 2021 12:42:42 GMT"
        ],
        "Content-Length": [
          "682"
        ],
        "Content-Type": [
          "application/json"
        ],
        "Expires": [
          "-1"
        ]
      },
      "ResponseBody": "{\r\n  \"id\": \"/Subscriptions/b364ed8d-4279-4bf8-8fd1-56f8fa0ae05c/resourceGroups/Arpita-air/providers/Microsoft.RecoveryServices/vaults/h2atest/replicationPolicies/protectionprofile2\",\r\n  \"name\": \"protectionprofile2\",\r\n  \"type\": \"Microsoft.RecoveryServices/vaults/replicationPolicies\",\r\n  \"properties\": {\r\n    \"friendlyName\": \"protectionprofile2\",\r\n    \"providerSpecificDetails\": {\r\n      \"instanceType\": \"HyperVReplicaAzure\",\r\n      \"recoveryPointHistoryDurationInHours\": 4,\r\n      \"applicationConsistentSnapshotFrequencyInHours\": 2,\r\n      \"replicationInterval\": 300,\r\n      \"encryption\": \"Disabled\",\r\n      \"activeStorageAccountId\": \"/subscriptions/b364ed8d-4279-4bf8-8fd1-56f8fa0ae05c/resourceGroups/Arpita-air/providers/Microsoft.Storage/storageAccounts/sah2atest\"\r\n    }\r\n  }\r\n}",
      "StatusCode": 200
    }
  ],
  "Names": {},
  "Variables": {
    "SubscriptionId": "b364ed8d-4279-4bf8-8fd1-56f8fa0ae05c"
  }
}