{
  "Entries": [
    {
      "RequestUri": "/Subscriptions/c183865e-6077-46f2-a3b1-deb0f4f4650a/resourceGroups/siterecoveryprod1/providers/Microsoft.RecoveryServices/vaults/SDKVault/replicationFabrics/SiteRecoveryTestSite1?api-version=2018-07-10",
      "EncodedRequestUri": "L1N1YnNjcmlwdGlvbnMvYzE4Mzg2NWUtNjA3Ny00NmYyLWEzYjEtZGViMGY0ZjQ2NTBhL3Jlc291cmNlR3JvdXBzL3NpdGVyZWNvdmVyeXByb2QxL3Byb3ZpZGVycy9NaWNyb3NvZnQuUmVjb3ZlcnlTZXJ2aWNlcy92YXVsdHMvU0RLVmF1bHQvcmVwbGljYXRpb25GYWJyaWNzL1NpdGVSZWNvdmVyeVRlc3RTaXRlMT9hcGktdmVyc2lvbj0yMDE4LTA3LTEw",
      "RequestMethod": "DELETE",
      "RequestBody": "",
      "RequestHeaders": {
        "x-ms-client-request-id": [
          "d627598d-f9ec-4573-8916-fd58c6d32d20"
        ],
        "accept-language": [
          "en-US"
        ],
        "User-Agent": [
          "FxVersion/4.6.25009.03",
          "Microsoft.Azure.Management.RecoveryServices.SiteRecovery.SiteRecoveryManagementClient/1.4.0.0"
        ]
      },
      "ResponseBody": "",
      "ResponseHeaders": {
        "Content-Length": [
          "0"
        ],
        "Expires": [
          "-1"
        ],
        "Cache-Control": [
          "no-cache"
        ],
        "Date": [
          "Sat, 13 May 2017 20:40:39 GMT"
        ],
        "Pragma": [
          "no-cache"
        ],
        "Location": [
          "https://management.azure.com/Subscriptions/c183865e-6077-46f2-a3b1-deb0f4f4650a/resourceGroups/siterecoveryprod1/providers/Microsoft.RecoveryServices/vaults/SDKVault/replicationFabrics/SiteRecoveryTestSite1/operationresults/583abb1c-6a0f-4ac7-9c2b-ebda2d194cfc?api-version=2018-07-10"
        ],
        "Retry-After": [
          "30"
        ],
        "x-ms-request-id": [
          "/Subscriptions/c183865e-6077-46f2-a3b1-deb0f4f4650a/resourceGroups/siterecoveryprod1/providers/Microsoft.RecoveryServices/vaults/SDKVault/replicationJobs/583abb1c-6a0f-4ac7-9c2b-ebda2d194cfc",
          "d627598d-f9ec-4573-8916-fd58c6d32d20 5/13/2017 8:40:40 PM"
        ],
        "Azure-AsyncOperation": [
          "https://management.azure.com/Subscriptions/c183865e-6077-46f2-a3b1-deb0f4f4650a/resourceGroups/siterecoveryprod1/providers/Microsoft.RecoveryServices/vaults/SDKVault/replicationJobs/583abb1c-6a0f-4ac7-9c2b-ebda2d194cfc?api-version=2018-07-10"
        ],
        "Strict-Transport-Security": [
          "max-age=31536000; includeSubDomains"
        ],
        "x-ms-client-request-id": [
          "d627598d-f9ec-4573-8916-fd58c6d32d20"
        ],
        "X-Powered-By": [
          "ASP.NET"
        ],
        "x-ms-ratelimit-remaining-subscription-writes": [
          "1199"
        ],
        "x-ms-correlation-request-id": [
          "8bc48d39-544d-42b0-9999-bcc681f1f131"
        ],
        "x-ms-routing-request-id": [
          "CENTRALINDIA:20170513T204040Z:8bc48d39-544d-42b0-9999-bcc681f1f131"
        ]
      },
      "StatusCode": 202
    },
    {
      "RequestUri": "/Subscriptions/c183865e-6077-46f2-a3b1-deb0f4f4650a/resourceGroups/siterecoveryprod1/providers/Microsoft.RecoveryServices/vaults/SDKVault/replicationJobs/583abb1c-6a0f-4ac7-9c2b-ebda2d194cfc?api-version=2018-07-10",
      "EncodedRequestUri": "L1N1YnNjcmlwdGlvbnMvYzE4Mzg2NWUtNjA3Ny00NmYyLWEzYjEtZGViMGY0ZjQ2NTBhL3Jlc291cmNlR3JvdXBzL3NpdGVyZWNvdmVyeXByb2QxL3Byb3ZpZGVycy9NaWNyb3NvZnQuUmVjb3ZlcnlTZXJ2aWNlcy92YXVsdHMvU0RLVmF1bHQvcmVwbGljYXRpb25Kb2JzLzU4M2FiYjFjLTZhMGYtNGFjNy05YzJiLWViZGEyZDE5NGNmYz9hcGktdmVyc2lvbj0yMDE4LTA3LTEw",
      "RequestMethod": "GET",
      "RequestBody": "",
      "RequestHeaders": {
        "User-Agent": [
          "FxVersion/4.6.25009.03",
          "Microsoft.Azure.Management.RecoveryServices.SiteRecovery.SiteRecoveryManagementClient/1.4.0.0"
        ]
      },
      "ResponseBody": "{\r\n  \"id\": \"/Subscriptions/c183865e-6077-46f2-a3b1-deb0f4f4650a/resourceGroups/siterecoveryprod1/providers/Microsoft.RecoveryServices/vaults/SDKVault/replicationJobs/583abb1c-6a0f-4ac7-9c2b-ebda2d194cfc\",\r\n  \"name\": \"583abb1c-6a0f-4ac7-9c2b-ebda2d194cfc\",\r\n  \"properties\": {\r\n    \"activityId\": \"d627598d-f9ec-4573-8916-fd58c6d32d20 ActivityId: 8bc48d39-544d-42b0-9999-bcc681f1f131\",\r\n    \"scenarioName\": \"PurgeVMM\",\r\n    \"friendlyName\": \"Delete the server\",\r\n    \"state\": \"Succeeded\",\r\n    \"stateDescription\": \"Completed\",\r\n    \"tasks\": [\r\n      {\r\n        \"taskId\": \"PurgeFabricPreflightChecksTask\",\r\n        \"name\": \"PurgeFabricPreflightChecksTask\",\r\n        \"startTime\": \"2017-05-13T20:40:40.9316141Z\",\r\n        \"endTime\": \"2017-05-13T20:40:42.1259592Z\",\r\n        \"allowedActions\": [],\r\n        \"friendlyName\": \"Prerequisites check for deleting the server\",\r\n        \"state\": \"Succeeded\",\r\n        \"stateDescription\": \"Completed\",\r\n        \"taskType\": \"TaskDetails\",\r\n        \"customDetails\": {\r\n          \"instanceType\": \"TaskDetails\"\r\n        },\r\n        \"groupTaskCustomDetails\": null,\r\n        \"errors\": []\r\n      },\r\n      {\r\n        \"taskId\": \"PurgeFabricTask\",\r\n        \"name\": \"PurgeFabricTask\",\r\n        \"startTime\": \"2017-05-13T20:40:42.1259592Z\",\r\n        \"endTime\": \"2017-05-13T20:40:42.250972Z\",\r\n        \"allowedActions\": [],\r\n        \"friendlyName\": \"Deleting the server\",\r\n        \"state\": \"Succeeded\",\r\n        \"stateDescription\": \"Completed\",\r\n        \"taskType\": \"TaskDetails\",\r\n        \"customDetails\": {\r\n          \"instanceType\": \"TaskDetails\"\r\n        },\r\n        \"groupTaskCustomDetails\": null,\r\n        \"errors\": []\r\n      }\r\n    ],\r\n    \"errors\": [],\r\n    \"startTime\": \"2017-05-13T20:40:40.6078476Z\",\r\n    \"endTime\": \"2017-05-13T20:40:41Z\",\r\n    \"allowedActions\": [],\r\n    \"targetObjectId\": \"fa06e03b-e306-52f4-a01f-88cdeba67a1c\",\r\n    \"targetObjectName\": \"SiteRecoveryTestSite1\",\r\n    \"targetInstanceType\": \"Server\",\r\n    \"customDetails\": {\r\n      \"instanceType\": \"AsrJobDetails\",\r\n      \"affectedObjectDetails\": {\r\n        \"PrimaryVmmId\": \"fa06e03b-e306-52f4-a01f-88cdeba67a1c\",\r\n        \"PrimaryVmmName\": \"SiteRecoveryTestSite1\",\r\n        \"PrimaryFabricProviderId\": \"HyperVSite\"\r\n      }\r\n    }\r\n  },\r\n  \"status\": \"Succeeded\",\r\n  \"error\": null,\r\n  \"startTime\": \"2017-05-13T20:40:40.6078476Z\",\r\n  \"endTime\": \"2017-05-13T20:40:41Z\"\r\n}",
      "ResponseHeaders": {
        "Content-Type": [
          "application/json"
        ],
        "Expires": [
          "-1"
        ],
        "Cache-Control": [
          "no-cache"
        ],
        "Date": [
          "Sat, 13 May 2017 20:41:11 GMT"
        ],
        "Pragma": [
          "no-cache"
        ],
        "Transfer-Encoding": [
          "chunked"
        ],
        "Server": [
          "Microsoft-IIS/8.0",
          "Microsoft-IIS/8.5"
        ],
        "Vary": [
          "Accept-Encoding"
        ],
        "x-ms-request-id": [
          "/Subscriptions/c183865e-6077-46f2-a3b1-deb0f4f4650a/resourceGroups/siterecoveryprod1/providers/Microsoft.RecoveryServices/vaults/SDKVault/replicationJobs/583abb1c-6a0f-4ac7-9c2b-ebda2d194cfc"
        ],
        "Strict-Transport-Security": [
          "max-age=31536000; includeSubDomains"
        ],
        "X-AspNet-Version": [
          "4.0.30319"
        ],
        "X-Powered-By": [
          "ASP.NET"
        ],
        "x-ms-client-request-id": [
          "8069a265-6ed9-4229-b392-4be9ee3edb68"
        ],
        "x-ms-ratelimit-remaining-subscription-reads": [
          "13876"
        ],
        "x-ms-correlation-request-id": [
          "dae0d58f-f552-470a-909d-f9247328aee0"
        ],
        "x-ms-routing-request-id": [
          "CENTRALINDIA:20170513T204111Z:dae0d58f-f552-470a-909d-f9247328aee0"
        ]
      },
      "StatusCode": 200
    },
    {
      "RequestUri": "/Subscriptions/c183865e-6077-46f2-a3b1-deb0f4f4650a/resourceGroups/siterecoveryprod1/providers/Microsoft.RecoveryServices/vaults/SDKVault/replicationFabrics/SiteRecoveryTestSite1/operationresults/583abb1c-6a0f-4ac7-9c2b-ebda2d194cfc?api-version=2018-07-10",
      "EncodedRequestUri": "L1N1YnNjcmlwdGlvbnMvYzE4Mzg2NWUtNjA3Ny00NmYyLWEzYjEtZGViMGY0ZjQ2NTBhL3Jlc291cmNlR3JvdXBzL3NpdGVyZWNvdmVyeXByb2QxL3Byb3ZpZGVycy9NaWNyb3NvZnQuUmVjb3ZlcnlTZXJ2aWNlcy92YXVsdHMvU0RLVmF1bHQvcmVwbGljYXRpb25GYWJyaWNzL1NpdGVSZWNvdmVyeVRlc3RTaXRlMS9vcGVyYXRpb25yZXN1bHRzLzU4M2FiYjFjLTZhMGYtNGFjNy05YzJiLWViZGEyZDE5NGNmYz9hcGktdmVyc2lvbj0yMDE4LTA3LTEw",
      "RequestMethod": "GET",
      "RequestBody": "",
      "RequestHeaders": {
        "User-Agent": [
          "FxVersion/4.6.25009.03",
          "Microsoft.Azure.Management.RecoveryServices.SiteRecovery.SiteRecoveryManagementClient/1.4.0.0"
        ]
      },
      "ResponseBody": "{\r\n  \"id\": \"/Subscriptions/c183865e-6077-46f2-a3b1-deb0f4f4650a/resourceGroups/siterecoveryprod1/providers/Microsoft.RecoveryServices/vaults/SDKVault/replicationJobs/583abb1c-6a0f-4ac7-9c2b-ebda2d194cfc\",\r\n  \"name\": \"583abb1c-6a0f-4ac7-9c2b-ebda2d194cfc\",\r\n  \"properties\": {\r\n    \"activityId\": \"d627598d-f9ec-4573-8916-fd58c6d32d20 ActivityId: 8bc48d39-544d-42b0-9999-bcc681f1f131\",\r\n    \"scenarioName\": \"PurgeVMM\",\r\n    \"friendlyName\": \"Delete the server\",\r\n    \"state\": \"Succeeded\",\r\n    \"stateDescription\": \"Completed\",\r\n    \"tasks\": [\r\n      {\r\n        \"taskId\": \"PurgeFabricPreflightChecksTask\",\r\n        \"name\": \"PurgeFabricPreflightChecksTask\",\r\n        \"startTime\": \"2017-05-13T20:40:40.9316141Z\",\r\n        \"endTime\": \"2017-05-13T20:40:42.1259592Z\",\r\n        \"allowedActions\": [],\r\n        \"friendlyName\": \"Prerequisites check for deleting the server\",\r\n        \"state\": \"Succeeded\",\r\n        \"stateDescription\": \"Completed\",\r\n        \"taskType\": \"TaskDetails\",\r\n        \"customDetails\": {\r\n          \"instanceType\": \"TaskDetails\"\r\n        },\r\n        \"groupTaskCustomDetails\": null,\r\n        \"errors\": []\r\n      },\r\n      {\r\n        \"taskId\": \"PurgeFabricTask\",\r\n        \"name\": \"PurgeFabricTask\",\r\n        \"startTime\": \"2017-05-13T20:40:42.1259592Z\",\r\n        \"endTime\": \"2017-05-13T20:40:42.250972Z\",\r\n        \"allowedActions\": [],\r\n        \"friendlyName\": \"Deleting the server\",\r\n        \"state\": \"Succeeded\",\r\n        \"stateDescription\": \"Completed\",\r\n        \"taskType\": \"TaskDetails\",\r\n        \"customDetails\": {\r\n          \"instanceType\": \"TaskDetails\"\r\n        },\r\n        \"groupTaskCustomDetails\": null,\r\n        \"errors\": []\r\n      }\r\n    ],\r\n    \"errors\": [],\r\n    \"startTime\": \"2017-05-13T20:40:40.6078476Z\",\r\n    \"endTime\": \"2017-05-13T20:40:41Z\",\r\n    \"allowedActions\": [],\r\n    \"targetObjectId\": \"fa06e03b-e306-52f4-a01f-88cdeba67a1c\",\r\n    \"targetObjectName\": \"SiteRecoveryTestSite1\",\r\n    \"targetInstanceType\": \"Server\",\r\n    \"customDetails\": {\r\n      \"instanceType\": \"AsrJobDetails\",\r\n      \"affectedObjectDetails\": {\r\n        \"PrimaryVmmId\": \"fa06e03b-e306-52f4-a01f-88cdeba67a1c\",\r\n        \"PrimaryVmmName\": \"SiteRecoveryTestSite1\",\r\n        \"PrimaryFabricProviderId\": \"HyperVSite\"\r\n      }\r\n    }\r\n  },\r\n  \"status\": \"Succeeded\",\r\n  \"error\": null,\r\n  \"startTime\": \"2017-05-13T20:40:40.6078476Z\",\r\n  \"endTime\": \"2017-05-13T20:40:41Z\"\r\n}",
      "ResponseHeaders": {
        "Content-Type": [
          "application/json"
        ],
        "Expires": [
          "-1"
        ],
        "Cache-Control": [
          "no-cache"
        ],
        "Date": [
          "Sat, 13 May 2017 20:41:11 GMT"
        ],
        "Pragma": [
          "no-cache"
        ],
        "Transfer-Encoding": [
          "chunked"
        ],
        "Server": [
          "Microsoft-IIS/8.0",
          "Microsoft-IIS/8.5"
        ],
        "Vary": [
          "Accept-Encoding"
        ],
        "x-ms-request-id": [
          "/Subscriptions/c183865e-6077-46f2-a3b1-deb0f4f4650a/resourceGroups/siterecoveryprod1/providers/Microsoft.RecoveryServices/vaults/SDKVault/replicationJobs/583abb1c-6a0f-4ac7-9c2b-ebda2d194cfc"
        ],
        "Strict-Transport-Security": [
          "max-age=31536000; includeSubDomains"
        ],
        "X-AspNet-Version": [
          "4.0.30319"
        ],
        "X-Powered-By": [
          "ASP.NET"
        ],
        "x-ms-client-request-id": [
          "8069a265-6ed9-4229-b392-4be9ee3edb68"
        ],
        "x-ms-ratelimit-remaining-subscription-reads": [
          "13876"
        ],
        "x-ms-correlation-request-id": [
          "dae0d58f-f552-470a-909d-f9247328aee0"
        ],
        "x-ms-routing-request-id": [
          "CENTRALINDIA:20170513T204111Z:dae0d58f-f552-470a-909d-f9247328aee0"
        ]
      },
      "StatusCode": 200
    }
  ],
  "Names": {},
  "Variables": {
    "SubscriptionId": "c183865e-6077-46f2-a3b1-deb0f4f4650a"
  }
}
