{
  "Entries": [
    {
      "RequestUri": "https://heathskv.vault.azure.net/keys/16462329/create?api-version=7.1",
      "RequestMethod": "POST",
      "RequestHeaders": {
        "Accept": "application/json",
        "Content-Type": "application/json",
        "traceparent": "00-9c3c3be0f30ddb45a8b368772f540cb4-b93888881db7ca4f-00",
        "User-Agent": [
          "azsdk-net-Security.KeyVault.Keys/4.1.0-dev.20200729.1",
          "(.NET Core 4.6.29017.01; Microsoft Windows 10.0.19041 )"
        ],
        "x-ms-client-request-id": "33da7e98951fb2a4b65555d94e61a0ab",
        "x-ms-return-client-request-id": "true"
      },
      "RequestBody": null,
      "StatusCode": 401,
      "ResponseHeaders": {
        "Cache-Control": "no-cache",
        "Content-Length": "87",
        "Content-Type": "application/json; charset=utf-8",
        "Date": "Wed, 29 Jul 2020 22:44:16 GMT",
        "Expires": "-1",
        "Pragma": "no-cache",
        "Strict-Transport-Security": "max-age=31536000;includeSubDomains",
        "WWW-Authenticate": "Bearer authorization=\u0022https://login.windows.net/72f988bf-86f1-41af-91ab-2d7cd011db47\u0022, resource=\u0022https://vault.azure.net\u0022",
        "X-AspNet-Version": "4.0.30319",
        "X-Content-Type-Options": "nosniff",
        "x-ms-keyvault-network-info": "conn_type=Ipv4;addr=67.171.12.239;act_addr_fam=InterNetwork;",
        "x-ms-keyvault-region": "westus2",
        "x-ms-keyvault-service-version": "1.1.10.0",
        "x-ms-request-id": "3ddf2290-bfa9-4ccc-a0ae-4ece7d21c887",
        "X-Powered-By": "ASP.NET"
      },
      "ResponseBody": {
        "error": {
          "code": "Unauthorized",
          "message": "Request is missing a Bearer or PoP token."
        }
      }
    },
    {
      "RequestUri": "https://heathskv.vault.azure.net/keys/16462329/create?api-version=7.1",
      "RequestMethod": "POST",
      "RequestHeaders": {
        "Accept": "application/json",
        "Authorization": "Sanitized",
        "Content-Length": "13",
        "Content-Type": "application/json",
        "traceparent": "00-9c3c3be0f30ddb45a8b368772f540cb4-b93888881db7ca4f-00",
        "User-Agent": [
          "azsdk-net-Security.KeyVault.Keys/4.1.0-dev.20200729.1",
          "(.NET Core 4.6.29017.01; Microsoft Windows 10.0.19041 )"
        ],
        "x-ms-client-request-id": "33da7e98951fb2a4b65555d94e61a0ab",
        "x-ms-return-client-request-id": "true"
      },
      "RequestBody": {
        "kty": "RSA"
      },
      "StatusCode": 200,
      "ResponseHeaders": {
        "Cache-Control": "no-cache",
        "Content-Length": "672",
        "Content-Type": "application/json; charset=utf-8",
        "Date": "Wed, 29 Jul 2020 22:44:16 GMT",
        "Expires": "-1",
        "Pragma": "no-cache",
        "Strict-Transport-Security": "max-age=31536000;includeSubDomains",
        "X-AspNet-Version": "4.0.30319",
        "X-Content-Type-Options": "nosniff",
        "x-ms-keyvault-network-info": "conn_type=Ipv4;addr=67.171.12.239;act_addr_fam=InterNetwork;",
        "x-ms-keyvault-region": "westus2",
        "x-ms-keyvault-service-version": "1.1.10.0",
        "x-ms-request-id": "ae405a36-54d8-4c3b-8f54-5f7874a75011",
        "X-Powered-By": "ASP.NET"
      },
      "ResponseBody": {
        "key": {
          "kid": "https://heathskv.vault.azure.net/keys/16462329/c66a6a2e4078428e926a91cc9de12487",
          "kty": "RSA",
          "key_ops": [
            "encrypt",
            "decrypt",
            "sign",
            "verify",
            "wrapKey",
            "unwrapKey"
          ],
          "n": "pOA--k6DYRsBA13T3lp5RUrBGyj2V9Azxjiv6mp9tU_zDyq1tK4d22tG2Deko1VlEKRcN-FQiCX-Aq03jAwQwuSOJCPFC3_FEnoo5-b5oyAJRqXhcxLy6jci6wi5Y29GWeCRWr91NdK8zGTBEjGUIbqNXbhlsN7ziH98vxHxF7EwZDcnw5raJSTFmPWgkFZhUPn4U6gNVQ3DVnLkW8NeC2RoQvbVSq0lIxm9lXijyEr03Q46sAFlZ-8eJ43aMYzd22ykt505baBMjvCfUmICbTgFECfGwrKS619S8gzqoKWUvP8fKQWkUDjEZ_AmhtKMJQv1f07_JzRiiQlGaQ2OBQ",
          "e": "AQAB"
        },
        "attributes": {
          "enabled": true,
          "created": 1596062657,
          "updated": 1596062657,
          "recoveryLevel": "Recoverable\u002BPurgeable",
          "recoverableDays": 90
        }
      }
    },
    {
      "RequestUri": "https://heathskv.vault.azure.net/keys/16462329/c66a6a2e4078428e926a91cc9de12487/encrypt?api-version=7.1",
      "RequestMethod": "POST",
      "RequestHeaders": {
        "Accept": "application/json",
        "Authorization": "Sanitized",
        "Content-Length": "76",
        "Content-Type": "application/json",
        "traceparent": "00-be5bc0626b6f3b48a026c58d607e113f-05c5a2276001ae48-00",
        "User-Agent": [
          "azsdk-net-Security.KeyVault.Keys/4.1.0-dev.20200729.1",
          "(.NET Core 4.6.29017.01; Microsoft Windows 10.0.19041 )"
        ],
        "x-ms-client-request-id": "7d397f54aa05389a94c9601820e60b57",
        "x-ms-return-client-request-id": "true"
      },
      "RequestBody": {
        "alg": "RSA-OAEP-256",
        "value": "TwvmQV5f6RDTBnS-p1_Nz7kFZqHHFW_nLyLEcMlij1w"
      },
      "StatusCode": 200,
      "ResponseHeaders": {
        "Cache-Control": "no-cache",
        "Content-Length": "442",
        "Content-Type": "application/json; charset=utf-8",
        "Date": "Wed, 29 Jul 2020 22:44:16 GMT",
        "Expires": "-1",
        "Pragma": "no-cache",
        "Strict-Transport-Security": "max-age=31536000;includeSubDomains",
        "X-AspNet-Version": "4.0.30319",
        "X-Content-Type-Options": "nosniff",
        "x-ms-keyvault-network-info": "conn_type=Ipv4;addr=67.171.12.239;act_addr_fam=InterNetwork;",
        "x-ms-keyvault-region": "westus2",
        "x-ms-keyvault-service-version": "1.1.10.0",
        "x-ms-request-id": "4730623d-0457-4644-8e60-964a369125b6",
        "X-Powered-By": "ASP.NET"
      },
      "ResponseBody": {
        "kid": "https://heathskv.vault.azure.net/keys/16462329/c66a6a2e4078428e926a91cc9de12487",
        "value": "ZW_gT1d3hArutydbx2a_1r-JjuVueoRDviqUhxzM6ekyYfuiqvbWDPgMF7t5mAacbAZJ12Gc44vxxpRKnLyebDtZmx2TpW7C8P7H7_3ft7PC_hCJk1a6JhE2dvHEMMjkTfzaEdKqDjli6gvAsQQh2i6TasQoeCcNyDnaxxADO1xCRBmsOq-8IpPJ94Lj7kBNfodTpLnwdvBXeb89WPCh3QmUkevAvLeIERTeFu4AtOGPscST90Z5N9CJlVZTWqWmZJPmk0yJgdgUpmcz95R8FCUddSHe8-nCQ0w__xjP6orRqM1pDCrN1_dJYerzSWLygWeDiq2R4PtcmlCfZL2jDg"
      }
    },
    {
      "RequestUri": "https://heathskv.vault.azure.net/keys/16462329/c66a6a2e4078428e926a91cc9de12487/decrypt?api-version=7.1",
      "RequestMethod": "POST",
      "RequestHeaders": {
        "Accept": "application/json",
        "Authorization": "Sanitized",
        "Content-Length": "375",
        "Content-Type": "application/json",
        "traceparent": "00-fd7b42a3f9ad734bb92f07377ffbdcff-aa2e4dbbd369de41-00",
        "User-Agent": [
          "azsdk-net-Security.KeyVault.Keys/4.1.0-dev.20200729.1",
          "(.NET Core 4.6.29017.01; Microsoft Windows 10.0.19041 )"
        ],
        "x-ms-client-request-id": "49208688fefa39e39cfe123c9b794670",
        "x-ms-return-client-request-id": "true"
      },
      "RequestBody": {
        "alg": "RSA-OAEP-256",
        "value": "ZW_gT1d3hArutydbx2a_1r-JjuVueoRDviqUhxzM6ekyYfuiqvbWDPgMF7t5mAacbAZJ12Gc44vxxpRKnLyebDtZmx2TpW7C8P7H7_3ft7PC_hCJk1a6JhE2dvHEMMjkTfzaEdKqDjli6gvAsQQh2i6TasQoeCcNyDnaxxADO1xCRBmsOq-8IpPJ94Lj7kBNfodTpLnwdvBXeb89WPCh3QmUkevAvLeIERTeFu4AtOGPscST90Z5N9CJlVZTWqWmZJPmk0yJgdgUpmcz95R8FCUddSHe8-nCQ0w__xjP6orRqM1pDCrN1_dJYerzSWLygWeDiq2R4PtcmlCfZL2jDg"
      },
      "StatusCode": 200,
      "ResponseHeaders": {
        "Cache-Control": "no-cache",
        "Content-Length": "143",
        "Content-Type": "application/json; charset=utf-8",
        "Date": "Wed, 29 Jul 2020 22:44:16 GMT",
        "Expires": "-1",
        "Pragma": "no-cache",
        "Strict-Transport-Security": "max-age=31536000;includeSubDomains",
        "X-AspNet-Version": "4.0.30319",
        "X-Content-Type-Options": "nosniff",
        "x-ms-keyvault-network-info": "conn_type=Ipv4;addr=67.171.12.239;act_addr_fam=InterNetwork;",
        "x-ms-keyvault-region": "westus2",
        "x-ms-keyvault-service-version": "1.1.10.0",
        "x-ms-request-id": "712fcf65-aaad-42d2-ab5e-e74ab4bf00e5",
        "X-Powered-By": "ASP.NET"
      },
      "ResponseBody": {
        "kid": "https://heathskv.vault.azure.net/keys/16462329/c66a6a2e4078428e926a91cc9de12487",
        "value": "TwvmQV5f6RDTBnS-p1_Nz7kFZqHHFW_nLyLEcMlij1w"
      }
    }
  ],
  "Variables": {
    "AZURE_KEYVAULT_URL": "https://heathskv.vault.azure.net",
    "RandomSeed": "1555762028"
  }
}
