{
  "Entries": [
    {
      "RequestUri": "https://heathskeyvault.vault.azure.net/keys/1898715978/create?api-version=7.3-preview",
      "RequestMethod": "POST",
      "RequestHeaders": {
        "Accept": "application/json",
        "Content-Type": "application/json",
        "traceparent": "00-7f807dba43016a43b385ca2f1e3824e3-b3ef9e8be9ac2e4f-00",
        "User-Agent": [
          "azsdk-net-Security.KeyVault.Keys/4.3.0-alpha.20210924.1",
          "(.NET 5.0.10; Microsoft Windows 10.0.19043)"
        ],
        "x-ms-client-request-id": "50e6492dbfe86fd95092cb721c474e80",
        "x-ms-return-client-request-id": "true"
      },
      "RequestBody": null,
      "StatusCode": 401,
      "ResponseHeaders": {
        "Cache-Control": "no-cache",
        "Content-Length": "97",
        "Content-Type": "application/json; charset=utf-8",
        "Date": "Fri, 24 Sep 2021 23:40:10 GMT",
        "Expires": "-1",
        "Pragma": "no-cache",
        "Strict-Transport-Security": "max-age=31536000;includeSubDomains",
        "WWW-Authenticate": "Bearer authorization=\u0022https://login.windows.net/72f988bf-86f1-41af-91ab-2d7cd011db47\u0022, resource=\u0022https://vault.azure.net\u0022",
        "X-Content-Type-Options": "nosniff",
        "x-ms-client-request-id": "50e6492dbfe86fd95092cb721c474e80",
        "x-ms-keyvault-network-info": "conn_type=Ipv4;addr=67.171.12.239;act_addr_fam=InterNetwork;",
        "x-ms-keyvault-region": "westus2",
        "x-ms-keyvault-service-version": "1.9.79.2",
        "x-ms-request-id": "7e261138-ca96-42a5-b374-3d0256b440b5",
        "X-Powered-By": "ASP.NET"
      },
      "ResponseBody": {
        "error": {
          "code": "Unauthorized",
          "message": "AKV10000: Request is missing a Bearer or PoP token."
        }
      }
    },
    {
      "RequestUri": "https://heathskeyvault.vault.azure.net/keys/1898715978/create?api-version=7.3-preview",
      "RequestMethod": "POST",
      "RequestHeaders": {
        "Accept": "application/json",
        "Authorization": "Sanitized",
        "Content-Length": "13",
        "Content-Type": "application/json",
        "traceparent": "00-7f807dba43016a43b385ca2f1e3824e3-b3ef9e8be9ac2e4f-00",
        "User-Agent": [
          "azsdk-net-Security.KeyVault.Keys/4.3.0-alpha.20210924.1",
          "(.NET 5.0.10; Microsoft Windows 10.0.19043)"
        ],
        "x-ms-client-request-id": "50e6492dbfe86fd95092cb721c474e80",
        "x-ms-return-client-request-id": "true"
      },
      "RequestBody": {
        "kty": "RSA"
      },
      "StatusCode": 200,
      "ResponseHeaders": {
        "Cache-Control": "no-cache",
        "Content-Length": "689",
        "Content-Type": "application/json; charset=utf-8",
        "Date": "Fri, 24 Sep 2021 23:40:11 GMT",
        "Expires": "-1",
        "Pragma": "no-cache",
        "Strict-Transport-Security": "max-age=31536000;includeSubDomains",
        "X-Content-Type-Options": "nosniff",
        "x-ms-client-request-id": "50e6492dbfe86fd95092cb721c474e80",
        "x-ms-keyvault-network-info": "conn_type=Ipv4;addr=67.171.12.239;act_addr_fam=InterNetwork;",
        "x-ms-keyvault-region": "westus2",
        "x-ms-keyvault-service-version": "1.9.79.2",
        "x-ms-request-id": "4e5325d5-9a5e-4c21-b343-e1001621f8a5",
        "X-Powered-By": "ASP.NET"
      },
      "ResponseBody": {
        "key": {
          "kid": "https://heathskeyvault.vault.azure.net/keys/1898715978/9f6f5a4b206140cfbb6257e480b2ae29",
          "kty": "RSA",
          "key_ops": [
            "encrypt",
            "decrypt",
            "sign",
            "verify",
            "wrapKey",
            "unwrapKey"
          ],
          "n": "tt4VrTQ8dOj4f9PBM3wpCi5SuG-UKXN_VAd6Z2HOAYRsIAwsBGBehpMNv6KC7kCuocC9hwoCOq7xkpJ_d32bQ3XSII82Oc0Meb5mBPY49tRBmfrH0baJAB_yifqMRkpAmtVKzemqe3ZB_rR09YTmZJxsJXprwSKIdTB9mibgpfh5RQN0cgbKtftl9WKpCPIIorWq7j5DclHMzBHg_ZQ2Um-R-DR8uxXWYsJwehCqo58wxEQoTckiQp0OA7LwUY7hQV8DxXPRJmsJZFexDB5uHAlJ4jvXNB5iJnOrgY_pHi7EdVvA_HMGy9koAhlmw9CNcfBsVAlNz_Yp9JbQZt7g2Q",
          "e": "AQAB"
        },
        "attributes": {
          "enabled": true,
          "created": 1632526811,
          "updated": 1632526811,
          "recoveryLevel": "CustomizedRecoverable\u002BPurgeable",
          "recoverableDays": 7
        }
      }
    },
    {
      "RequestUri": "https://heathskeyvault.vault.azure.net/keys/1898715978/9f6f5a4b206140cfbb6257e480b2ae29/encrypt?api-version=7.3-preview",
      "RequestMethod": "POST",
      "RequestHeaders": {
        "Accept": "application/json",
        "Authorization": "Sanitized",
        "Content-Length": "65",
        "Content-Type": "application/json",
        "traceparent": "00-f09cd46f29e7d4448aacad5a883e1869-cd5c6e285eebf443-00",
        "User-Agent": [
          "azsdk-net-Security.KeyVault.Keys/4.3.0-alpha.20210924.1",
          "(.NET 5.0.10; Microsoft Windows 10.0.19043)"
        ],
        "x-ms-client-request-id": "354a7933211bd42c10e050dccfd3aad4",
        "x-ms-return-client-request-id": "true"
      },
      "RequestBody": {
        "alg": "RSA-OAEP",
        "value": "QSBzaW5nbGUgYmxvY2sgb2YgcGxhaW50ZXh0"
      },
      "StatusCode": 200,
      "ResponseHeaders": {
        "Cache-Control": "no-cache",
        "Content-Length": "450",
        "Content-Type": "application/json; charset=utf-8",
        "Date": "Fri, 24 Sep 2021 23:40:12 GMT",
        "Expires": "-1",
        "Pragma": "no-cache",
        "Strict-Transport-Security": "max-age=31536000;includeSubDomains",
        "X-Content-Type-Options": "nosniff",
        "x-ms-client-request-id": "354a7933211bd42c10e050dccfd3aad4",
        "x-ms-keyvault-network-info": "conn_type=Ipv4;addr=67.171.12.239;act_addr_fam=InterNetwork;",
        "x-ms-keyvault-region": "westus2",
        "x-ms-keyvault-service-version": "1.9.79.2",
        "x-ms-request-id": "76c29fac-11ec-4c40-bbc7-e26d78f384d0",
        "X-Powered-By": "ASP.NET"
      },
      "ResponseBody": {
        "kid": "https://heathskeyvault.vault.azure.net/keys/1898715978/9f6f5a4b206140cfbb6257e480b2ae29",
        "value": "T5RdQ4oHON48rq2ZgyNuX3HWvqOmJppkTVSjFKZBNOKsFl_AoIHZoD_OjaBpCznI2OSmuAXzhWBpD0ms5KeN5YQH29H9WlLi2moZwgc2dd3qYY67IBLbHRCFTstYBfPxFdv6Ikp6XioQFTSIbKuIF6Fn1chn95sCfepMDSi4uzP3VKlScTaxEItgIz4jAPLHREkiFn50CN-QZrZS_cunMXpRimYkCHlDCPccsTDPx09z1AQy_8_ejFINwaon-zb8Mn5nLq_wU4YHMTo8YpDHbZ3hCL-uwwBEtwFqo9rMb448TMkPKZbbLXZeq5hiAe872eZFr0G2aM_qMmQqVYIfWw"
      }
    },
    {
      "RequestUri": "https://heathskeyvault.vault.azure.net/keys/1898715978/9f6f5a4b206140cfbb6257e480b2ae29/decrypt?api-version=7.3-preview",
      "RequestMethod": "POST",
      "RequestHeaders": {
        "Accept": "application/json",
        "Authorization": "Sanitized",
        "Content-Length": "371",
        "Content-Type": "application/json",
        "traceparent": "00-b494ed553be4a246a7e05a5fc269b234-82823b78f0324e41-00",
        "User-Agent": [
          "azsdk-net-Security.KeyVault.Keys/4.3.0-alpha.20210924.1",
          "(.NET 5.0.10; Microsoft Windows 10.0.19043)"
        ],
        "x-ms-client-request-id": "91a099a89e59ac48b9068d724922c604",
        "x-ms-return-client-request-id": "true"
      },
      "RequestBody": {
        "alg": "RSA-OAEP",
        "value": "T5RdQ4oHON48rq2ZgyNuX3HWvqOmJppkTVSjFKZBNOKsFl_AoIHZoD_OjaBpCznI2OSmuAXzhWBpD0ms5KeN5YQH29H9WlLi2moZwgc2dd3qYY67IBLbHRCFTstYBfPxFdv6Ikp6XioQFTSIbKuIF6Fn1chn95sCfepMDSi4uzP3VKlScTaxEItgIz4jAPLHREkiFn50CN-QZrZS_cunMXpRimYkCHlDCPccsTDPx09z1AQy_8_ejFINwaon-zb8Mn5nLq_wU4YHMTo8YpDHbZ3hCL-uwwBEtwFqo9rMb448TMkPKZbbLXZeq5hiAe872eZFr0G2aM_qMmQqVYIfWw"
      },
      "StatusCode": 200,
      "ResponseHeaders": {
        "Cache-Control": "no-cache",
        "Content-Length": "144",
        "Content-Type": "application/json; charset=utf-8",
        "Date": "Fri, 24 Sep 2021 23:40:12 GMT",
        "Expires": "-1",
        "Pragma": "no-cache",
        "Strict-Transport-Security": "max-age=31536000;includeSubDomains",
        "X-Content-Type-Options": "nosniff",
        "x-ms-client-request-id": "91a099a89e59ac48b9068d724922c604",
        "x-ms-keyvault-network-info": "conn_type=Ipv4;addr=67.171.12.239;act_addr_fam=InterNetwork;",
        "x-ms-keyvault-region": "westus2",
        "x-ms-keyvault-service-version": "1.9.79.2",
        "x-ms-request-id": "509dd81f-1496-4ea6-909b-153be07198c7",
        "X-Powered-By": "ASP.NET"
      },
      "ResponseBody": {
        "kid": "https://heathskeyvault.vault.azure.net/keys/1898715978/9f6f5a4b206140cfbb6257e480b2ae29",
        "value": "QSBzaW5nbGUgYmxvY2sgb2YgcGxhaW50ZXh0"
      }
    }
  ],
  "Variables": {
    "AZURE_KEYVAULT_URL": "https://heathskeyvault.vault.azure.net/",
    "RandomSeed": "2116201662"
  }
}