{
  "Entries": [
    {
      "RequestUri": "https://heathskeyvault.vault.azure.net/keys/1637022104/create?api-version=7.3",
      "RequestMethod": "POST",
      "RequestHeaders": {
        "Accept": "application/json",
        "Content-Length": "0",
        "traceparent": "00-b600e7ff1e1b20b2abe214b19296cac7-02a6d0090f4324e9-00",
        "User-Agent": "azsdk-net-Security.KeyVault.Keys/4.3.0-alpha.20220322.1 (.NET 6.0.3; Microsoft Windows 10.0.22000)",
        "x-ms-client-request-id": "65d96da687878da2dec8f22475ae39ca",
        "x-ms-return-client-request-id": "true"
      },
      "RequestBody": null,
      "StatusCode": 401,
      "ResponseHeaders": {
        "Cache-Control": "no-cache",
        "Content-Length": "97",
        "Content-Type": "application/json; charset=utf-8",
        "Date": "Wed, 23 Mar 2022 17:32:50 GMT",
        "Expires": "-1",
        "Pragma": "no-cache",
        "Strict-Transport-Security": "max-age=31536000;includeSubDomains",
        "WWW-Authenticate": "Bearer authorization=\u0022https://login.windows.net/72f988bf-86f1-41af-91ab-2d7cd011db47\u0022, resource=\u0022https://vault.azure.net\u0022",
        "X-Content-Type-Options": "nosniff",
        "x-ms-client-request-id": "65d96da687878da2dec8f22475ae39ca",
        "x-ms-keyvault-network-info": "conn_type=Ipv4;addr=67.171.12.239;act_addr_fam=InterNetwork;",
        "x-ms-keyvault-region": "westus2",
        "x-ms-keyvault-service-version": "1.9.331.5",
        "x-ms-request-id": "4dd80ea0-98ba-485f-8914-e02e28006b3a",
        "X-Powered-By": "ASP.NET"
      },
      "ResponseBody": {
        "error": {
          "code": "Unauthorized",
          "message": "AKV10000: Request is missing a Bearer or PoP token."
        }
      }
    },
    {
      "RequestUri": "https://heathskeyvault.vault.azure.net/keys/1637022104/create?api-version=7.3",
      "RequestMethod": "POST",
      "RequestHeaders": {
        "Accept": "application/json",
        "Authorization": "Sanitized",
        "Content-Length": "13",
        "Content-Type": "application/json",
        "traceparent": "00-b600e7ff1e1b20b2abe214b19296cac7-02a6d0090f4324e9-00",
        "User-Agent": "azsdk-net-Security.KeyVault.Keys/4.3.0-alpha.20220322.1 (.NET 6.0.3; Microsoft Windows 10.0.22000)",
        "x-ms-client-request-id": "65d96da687878da2dec8f22475ae39ca",
        "x-ms-return-client-request-id": "true"
      },
      "RequestBody": {
        "kty": "RSA"
      },
      "StatusCode": 200,
      "ResponseHeaders": {
        "Cache-Control": "no-cache",
        "Content-Length": "689",
        "Content-Type": "application/json; charset=utf-8",
        "Date": "Wed, 23 Mar 2022 17:32:51 GMT",
        "Expires": "-1",
        "Pragma": "no-cache",
        "Strict-Transport-Security": "max-age=31536000;includeSubDomains",
        "X-Content-Type-Options": "nosniff",
        "x-ms-client-request-id": "65d96da687878da2dec8f22475ae39ca",
        "x-ms-keyvault-network-info": "conn_type=Ipv4;addr=67.171.12.239;act_addr_fam=InterNetwork;",
        "x-ms-keyvault-rbac-assignment-id": "a48fa4aa-b483-5e42-a9a9-e5d29691603c",
        "x-ms-keyvault-rbac-cache": "ra_age=2534;da_age=2534;rd_age=2534;brd_age=19245;dec_lev=1;",
        "x-ms-keyvault-region": "westus2",
        "x-ms-keyvault-service-version": "1.9.331.5",
        "x-ms-request-id": "4599f0d0-db5f-470a-b489-fde4496ac6f8",
        "X-Powered-By": "ASP.NET"
      },
      "ResponseBody": {
        "key": {
          "kid": "https://heathskeyvault.vault.azure.net/keys/1637022104/a24ee5cca356489e8f2d6e449349919e",
          "kty": "RSA",
          "key_ops": [
            "encrypt",
            "decrypt",
            "sign",
            "verify",
            "wrapKey",
            "unwrapKey"
          ],
          "n": "ppu0x4jdpE5tg0BnzFgGuE9ddwH16yiIj_BM_Uw05BmtrN0U7uGi1CAVjMjwrSb_lNu3oUJ01tthx6vzCx3CHnozVWUbm4OpkhUtjAygZhpnQvIYKTnoM3Nz9ItcxyjlgmxFfHK88Yv3ENsvcgZcFwnuCSCDQMV3XqTEa22MKO7_MFJnEhfVzWR9WqNyYPQ4n2WalOyQZdQ4icfSuui-oLNqb81W3yHIiAoZIif-uchZp2dforwMjBnZ0oOL1AO6S8fOXc2YYltKDKsFTLEsq9qavpEPlH2XBMMG8S5QfAb1B8jRg222iU2u7wDupjYvU-vwodMwn8-PivvYauMBMQ",
          "e": "AQAB"
        },
        "attributes": {
          "enabled": true,
          "created": 1648056771,
          "updated": 1648056771,
          "recoveryLevel": "CustomizedRecoverable\u002BPurgeable",
          "recoverableDays": 7
        }
      }
    },
    {
      "RequestUri": "https://heathskeyvault.vault.azure.net/keys/1637022104/encrypt?api-version=7.3",
      "RequestMethod": "POST",
      "RequestHeaders": {
        "Accept": "application/json",
        "Authorization": "Sanitized",
        "Content-Length": "65",
        "Content-Type": "application/json",
        "traceparent": "00-e42bf3e72b39e1431dd7dd3025f43f9d-029391df3c1b08dc-00",
        "User-Agent": "azsdk-net-Security.KeyVault.Keys/4.3.0-alpha.20220322.1 (.NET 6.0.3; Microsoft Windows 10.0.22000)",
        "x-ms-client-request-id": "a16eb65f8c7fbf1358a3bdd24aed03ff",
        "x-ms-return-client-request-id": "true"
      },
      "RequestBody": {
        "alg": "RSA-OAEP",
        "value": "QSBzaW5nbGUgYmxvY2sgb2YgcGxhaW50ZXh0"
      },
      "StatusCode": 200,
      "ResponseHeaders": {
        "Cache-Control": "no-cache",
        "Content-Length": "450",
        "Content-Type": "application/json; charset=utf-8",
        "Date": "Wed, 23 Mar 2022 17:32:51 GMT",
        "Expires": "-1",
        "Pragma": "no-cache",
        "Strict-Transport-Security": "max-age=31536000;includeSubDomains",
        "X-Content-Type-Options": "nosniff",
        "x-ms-client-request-id": "a16eb65f8c7fbf1358a3bdd24aed03ff",
        "x-ms-keyvault-network-info": "conn_type=Ipv4;addr=67.171.12.239;act_addr_fam=InterNetwork;",
        "x-ms-keyvault-rbac-assignment-id": "a48fa4aa-b483-5e42-a9a9-e5d29691603c",
        "x-ms-keyvault-rbac-cache": "ra_age=2534;da_age=2534;rd_age=2534;brd_age=19245;dec_lev=1;",
        "x-ms-keyvault-region": "westus2",
        "x-ms-keyvault-service-version": "1.9.331.5",
        "x-ms-request-id": "c4c90a24-a748-48f1-9865-7008fb62e053",
        "X-Powered-By": "ASP.NET"
      },
      "ResponseBody": {
        "kid": "https://heathskeyvault.vault.azure.net/keys/1637022104/a24ee5cca356489e8f2d6e449349919e",
        "value": "KP-Enb6GY0AbJa90gLt2x1fDsClzAubbCAM24co7VHtZZTY1HteQmBl0Cwdo6cQhxXc4pvpgfSvm3uT_qmetoGA4qW9dDzDY0nNQ1DGi4amCi0b9CCK1FPQ61dmQlYglUDhWfz4ak6jNgn7gxmMEJM82MwozGsOlJQIrZlAxkBCVX0Mtx_ot7fa64ISRt6FIIFwkTW5u0xJ2cVmB56W4Tz-gryJiZQ5uigA7rLephYfDQdOhA2EEZACmN8TOzJGUw3fFfM05niB_mgBkUKVRvikF-flPJ8fuP0RSiKFfPwzAhT8lmvBv2_CtQ2mt82KUcg2Qjeg9Xc6Oe-F_KoTNuA"
      }
    }
  ],
  "Variables": {
    "AZURE_KEYVAULT_URL": "https://heathskeyvault.vault.azure.net/",
    "RandomSeed": "1781154712"
  }
}
