{
  "Entries": [
    {
      "RequestUri": "https://heathskeyvault.vault.azure.net/keys/2023742306?api-version=7.4-preview.1",
      "RequestMethod": "PUT",
      "RequestHeaders": {
        "Accept": "application/json",
        "Content-Length": "0",
        "traceparent": "00-2adfd377fa4ba5fcba659309a2b2d5da-f0b512b86b2782a6-00",
        "User-Agent": "azsdk-net-Security.KeyVault.Keys/4.5.0-alpha.20221101.1 (.NET 6.0.10; Microsoft Windows 10.0.22621)",
        "x-ms-client-request-id": "6aa8b2fabe7d6643b1ba70498f499b02",
        "x-ms-return-client-request-id": "true"
      },
      "RequestBody": null,
      "StatusCode": 401,
      "ResponseHeaders": {
        "Cache-Control": "no-cache",
        "Content-Length": "97",
        "Content-Type": "application/json; charset=utf-8",
        "Date": "Tue, 01 Nov 2022 17:15:53 GMT",
        "Expires": "-1",
        "Pragma": "no-cache",
        "Strict-Transport-Security": "max-age=31536000;includeSubDomains",
        "WWW-Authenticate": "Bearer authorization=\u0022https://login.windows.net/72f988bf-86f1-41af-91ab-2d7cd011db47\u0022, resource=\u0022https://vault.azure.net\u0022",
        "X-Content-Type-Options": "nosniff",
        "x-ms-client-request-id": "6aa8b2fabe7d6643b1ba70498f499b02",
        "x-ms-keyvault-network-info": "conn_type=Ipv4;addr=24.16.19.131;act_addr_fam=InterNetwork;",
        "x-ms-keyvault-region": "westus",
        "x-ms-keyvault-service-version": "1.9.538.1",
        "x-ms-request-id": "dda776b3-dcd4-4725-88c4-3b79da018bee"
      },
      "ResponseBody": {
        "error": {
          "code": "Unauthorized",
          "message": "AKV10000: Request is missing a Bearer or PoP token."
        }
      }
    },
    {
      "RequestUri": "https://heathskeyvault.vault.azure.net/keys/2023742306?api-version=7.4-preview.1",
      "RequestMethod": "PUT",
      "RequestHeaders": {
        "Accept": "application/json",
        "Authorization": "Sanitized",
        "Content-Length": "212",
        "Content-Type": "application/json",
        "traceparent": "00-2adfd377fa4ba5fcba659309a2b2d5da-f0b512b86b2782a6-00",
        "User-Agent": "azsdk-net-Security.KeyVault.Keys/4.5.0-alpha.20221101.1 (.NET 6.0.10; Microsoft Windows 10.0.22621)",
        "x-ms-client-request-id": "6aa8b2fabe7d6643b1ba70498f499b02",
        "x-ms-return-client-request-id": "true"
      },
      "RequestBody": {
        "key": {
          "kty": "EC",
          "key_ops": [
            "sign",
            "verify"
          ],
          "crv": "P-256",
          "x": "eSaXRRkzbyZruamY1nihLy6fTGkO69VRNDNKh1DMcRU",
          "y": "vh3jllywdf1Q4PCwQWypI1KLw5X9D75A2JmSYHw7veo",
          "d": "wEQZyO4Nx3Tcy3JcCnvhPrbbTljkH67iYqahEjx_9zU"
        }
      },
      "StatusCode": 200,
      "ResponseHeaders": {
        "Cache-Control": "no-cache",
        "Content-Length": "419",
        "Content-Type": "application/json; charset=utf-8",
        "Date": "Tue, 01 Nov 2022 17:15:53 GMT",
        "Expires": "-1",
        "Pragma": "no-cache",
        "Strict-Transport-Security": "max-age=31536000;includeSubDomains",
        "X-Content-Type-Options": "nosniff",
        "x-ms-client-request-id": "6aa8b2fabe7d6643b1ba70498f499b02",
        "x-ms-keyvault-network-info": "conn_type=Ipv4;addr=24.16.19.131;act_addr_fam=InterNetwork;",
        "x-ms-keyvault-rbac-assignment-id": "0ecc3e39-c3aa-550c-9221-2cec9776c051",
        "x-ms-keyvault-rbac-cache": "ra_age=9;da_age=2922;rd_age=2922;brd_age=10731;ra_notif_age=11;dec_lev=1;",
        "x-ms-keyvault-region": "westus",
        "x-ms-keyvault-service-version": "1.9.538.1",
        "x-ms-request-id": "3d0f1bbb-6a4e-45c6-8849-5be8933be7bb"
      },
      "ResponseBody": {
        "key": {
          "kid": "https://heathskeyvault.vault.azure.net/keys/2023742306/617ff5504f05468b87d2f3b55becb8f2",
          "kty": "EC",
          "key_ops": [
            "sign",
            "verify"
          ],
          "crv": "P-256",
          "x": "eSaXRRkzbyZruamY1nihLy6fTGkO69VRNDNKh1DMcRU",
          "y": "vh3jllywdf1Q4PCwQWypI1KLw5X9D75A2JmSYHw7veo"
        },
        "attributes": {
          "enabled": true,
          "created": 1667322953,
          "updated": 1667322953,
          "recoveryLevel": "CustomizedRecoverable\u002BPurgeable",
          "recoverableDays": 7,
          "exportable": false
        }
      }
    },
    {
      "RequestUri": "https://heathskeyvault.vault.azure.net/keys/2023742306/617ff5504f05468b87d2f3b55becb8f2/verify?api-version=7.4-preview.1",
      "RequestMethod": "POST",
      "RequestHeaders": {
        "Accept": "application/json",
        "Authorization": "Sanitized",
        "Content-Length": "167",
        "Content-Type": "application/json",
        "traceparent": "00-222be0d0595c360f9a6df78b92dd660b-1cf54703e8deef24-00",
        "User-Agent": "azsdk-net-Security.KeyVault.Keys/4.5.0-alpha.20221101.1 (.NET 6.0.10; Microsoft Windows 10.0.22621)",
        "x-ms-client-request-id": "a22c5f71e1b394e971282ec60447b031",
        "x-ms-return-client-request-id": "true"
      },
      "RequestBody": {
        "alg": "ES256",
        "digest": "W-8pg5UlNFHP-QH3CtsyocSR-zYnIy3zuElrM4NaVv8",
        "value": "847mzeER5FOelrE3XDleXRxbSXgTBmaPOjt5vr2S38JGdEPLa60tJyAB18Y2ebYCSHK5pkkhMTqmCuKPReWxqw"
      },
      "StatusCode": 200,
      "ResponseHeaders": {
        "Cache-Control": "no-cache",
        "Content-Length": "14",
        "Content-Type": "application/json; charset=utf-8",
        "Date": "Tue, 01 Nov 2022 17:15:53 GMT",
        "Expires": "-1",
        "Pragma": "no-cache",
        "Strict-Transport-Security": "max-age=31536000;includeSubDomains",
        "X-Content-Type-Options": "nosniff",
        "x-ms-client-request-id": "a22c5f71e1b394e971282ec60447b031",
        "x-ms-keyvault-network-info": "conn_type=Ipv4;addr=24.16.19.131;act_addr_fam=InterNetwork;",
        "x-ms-keyvault-rbac-assignment-id": "0ecc3e39-c3aa-550c-9221-2cec9776c051",
        "x-ms-keyvault-rbac-cache": "ra_age=9;da_age=2923;rd_age=2923;brd_age=10731;ra_notif_age=11;dec_lev=1;",
        "x-ms-keyvault-region": "westus",
        "x-ms-keyvault-service-version": "1.9.538.1",
        "x-ms-request-id": "d26ff589-4ea6-4e2a-a849-01928010ca45"
      },
      "ResponseBody": {
        "value": true
      }
    }
  ],
  "Variables": {
    "AZURE_AUTHORITY_HOST": "https://login.microsoftonline.com/",
    "AZURE_KEYVAULT_URL": "https://heathskeyvault.vault.azure.net/",
    "RandomSeed": "1270765260"
  }
}
