{
  "Entries": [
    {
      "RequestUri": "https://heathskv.vault.azure.net/keys/245975807?api-version=7.1",
      "RequestMethod": "PUT",
      "RequestHeaders": {
        "Accept": "application/json",
        "Content-Type": "application/json",
        "traceparent": "00-0d79b073d461004691e531f0898bca77-b798e8d69d2c8347-00",
        "User-Agent": [
          "azsdk-net-Security.KeyVault.Keys/4.1.0-dev.20200729.1",
          "(.NET Framework 4.8.4180.0; Microsoft Windows 10.0.19041 )"
        ],
        "x-ms-client-request-id": "f26f90371f844733e64ba49e57170954",
        "x-ms-return-client-request-id": "true"
      },
      "RequestBody": null,
      "StatusCode": 401,
      "ResponseHeaders": {
        "Cache-Control": "no-cache",
        "Content-Length": "87",
        "Content-Type": "application/json; charset=utf-8",
        "Date": "Wed, 29 Jul 2020 23:50:35 GMT",
        "Expires": "-1",
        "Pragma": "no-cache",
        "Strict-Transport-Security": "max-age=31536000;includeSubDomains",
        "WWW-Authenticate": "Bearer authorization=\u0022https://login.windows.net/72f988bf-86f1-41af-91ab-2d7cd011db47\u0022, resource=\u0022https://vault.azure.net\u0022",
        "X-AspNet-Version": "4.0.30319",
        "X-Content-Type-Options": "nosniff",
        "x-ms-keyvault-network-info": "conn_type=Ipv4;addr=67.171.12.239;act_addr_fam=InterNetwork;",
        "x-ms-keyvault-region": "westus2",
        "x-ms-keyvault-service-version": "1.1.10.0",
        "x-ms-request-id": "ce4e6a02-2fb8-47c5-a407-3e1029888e39",
        "X-Powered-By": "ASP.NET"
      },
      "ResponseBody": {
        "error": {
          "code": "Unauthorized",
          "message": "Request is missing a Bearer or PoP token."
        }
      }
    },
    {
      "RequestUri": "https://heathskv.vault.azure.net/keys/245975807?api-version=7.1",
      "RequestMethod": "PUT",
      "RequestHeaders": {
        "Accept": "application/json",
        "Authorization": "Sanitized",
        "Content-Length": "1693",
        "Content-Type": "application/json",
        "traceparent": "00-0d79b073d461004691e531f0898bca77-b798e8d69d2c8347-00",
        "User-Agent": [
          "azsdk-net-Security.KeyVault.Keys/4.1.0-dev.20200729.1",
          "(.NET Framework 4.8.4180.0; Microsoft Windows 10.0.19041 )"
        ],
        "x-ms-client-request-id": "f26f90371f844733e64ba49e57170954",
        "x-ms-return-client-request-id": "true"
      },
      "RequestBody": {
        "key": {
          "kty": "RSA",
          "key_ops": [
            "encrypt",
            "decrypt",
            "sign",
            "verify",
            "wrapKey",
            "unwrapKey"
          ],
          "n": "x2GrX8BMUN86IYdBa0I9vdeB5e3AWeag0Mx-174PzdU9IwiigZTIYND86PbfIuihrkyreOZ9ZRwgGnvy2RCihSiBwB1NxvBPNuCDFEwwXO-ckyZ_9GeTR-g7J5H76f27Z5qmD4RHrlVVODJo_JdCwXdOfI7CJOmcKRL2zpCjdwWqx2NiOzj27ndGC-3Kym5uCNFeqdGG6t_MfBec8q5MAuhHz5XwfC9vm5eH55j0B03VLfNekVJXmb1UtQTvyBQL4LMLcrhDDh8TeaGIyZY5aMsWLP2kXzoNMdjBEgL3O2yhMK1tpM9C4rZc3DP1F9o6Zt_fagRRhIs9i3ufetffrQ",
          "e": "AQAB",
          "dp": "BQwM6ZV3TQ8eSpW_yw4DiW_mVlS2Whndft4GztwbdqGqAqZ3UqS_SxiakcWGSqJfzCw-GHV1s7SFvWp1AYjXtmO4Tu1pU7KzgPMkTBghGPXQ6vNTSXRaxQfmvOBIa6DPDieA3j5lMB6Ky3tVsdQ-6D2w8SpdYzMFBMBSTWj_KPk",
          "dq": "zPkgSf1xe5W0brbbP5lcKvH3FzUpxyqHawyLrTUA_6LYInU1Pm3ZPTkdBmUmCBmw59dt0OzE58sq5C14CZ5dhoyFJ7dP7SLj5XoKwOBt52pcjLZqeXJtEqRlW6Cpy40r6xuBhCb3AEklSsnaQ2AVR2WU47kLAMsHP13fGUsPhBc",
          "qi": "wrQcKRmeJOM44JslEiVbX9tFcui-JU7HDRUFGKhH94ekpQKloADZmPL0M2SAMLlszIPAevMy_WCRAmGeeWjNhGw5HkexE_nqK8ll1R2KR_Sj8gFQCq1yzeMZZz4VjUB8jzCgyTv5lrpYrtbIJqaiqA-WKyj4ORGh8GrF3ZlbGBo",
          "p": "yi6f3VIiMdN1UB-rAEhizxcfpRfkRiL8_CtzTrIfuXKkqlLuBaTrUfqgmz35xAQi0vC0_-4vwIEqPV7kdVXyHBPTWSY4gZG2to5HPCeehwctz9eqXxVQ9ccBX5yunexj_ATat-eAFJzvar02As6q85NGjLkLguFdOctGX6fVvu8",
          "q": "_HQzwzJkn3jn_XnAsGAflMM92fwC9xYtR4j89BOjvyWAPBsdEkNcziKkAX4EevMRZjZJPDtvSWl01TUjkEezFeelJkidtTigRFhjst2Ury5CCCUZSnvlcr7Vo5ILuvdfCximYhltU8GKhhlDU6Q6U5TZmYs65B7FhhWJU7U9iyM",
          "d": "ilp_FimVi4TrjLqTrb9Aosy56fiqQngkXd-ZoVHVG6r-CqKCSdMZnP1IksxEmK-_CflP_8xJdXEn4dji8rd1X1t1df-fqg21mkn_C4W3BbaL-xx7K_j3na1L5zCJE50rf0A0PY44Q4QZZ66rZaP9Ac0tXIeftweYgnQTadG6bOr5VFmhPYqvTKYi3irjwWhOxF9J5ni2fKeQ66J4k7S70lkT6SD1GuUnJ2yYniBzxmFPARD3t-gXXw5rKwL1504Wy9dts4AXrK1cSBbxKvLeFLQbGlIRdQXYLjfjMaWBoykgrm9S9uTRwnM_LlaKocMMTB20d7kq1IjBsz4r0ZhJjQ"
        }
      },
      "StatusCode": 200,
      "ResponseHeaders": {
        "Cache-Control": "no-cache",
        "Content-Length": "673",
        "Content-Type": "application/json; charset=utf-8",
        "Date": "Wed, 29 Jul 2020 23:50:36 GMT",
        "Expires": "-1",
        "Pragma": "no-cache",
        "Strict-Transport-Security": "max-age=31536000;includeSubDomains",
        "X-AspNet-Version": "4.0.30319",
        "X-Content-Type-Options": "nosniff",
        "x-ms-keyvault-network-info": "conn_type=Ipv4;addr=67.171.12.239;act_addr_fam=InterNetwork;",
        "x-ms-keyvault-region": "westus2",
        "x-ms-keyvault-service-version": "1.1.10.0",
        "x-ms-request-id": "a966271d-4310-48b8-ad7e-c3b2670c2254",
        "X-Powered-By": "ASP.NET"
      },
      "ResponseBody": {
        "key": {
          "kid": "https://heathskv.vault.azure.net/keys/245975807/4ff4bbd3742245a8a5959ece6934f295",
          "kty": "RSA",
          "key_ops": [
            "encrypt",
            "decrypt",
            "sign",
            "verify",
            "wrapKey",
            "unwrapKey"
          ],
          "n": "x2GrX8BMUN86IYdBa0I9vdeB5e3AWeag0Mx-174PzdU9IwiigZTIYND86PbfIuihrkyreOZ9ZRwgGnvy2RCihSiBwB1NxvBPNuCDFEwwXO-ckyZ_9GeTR-g7J5H76f27Z5qmD4RHrlVVODJo_JdCwXdOfI7CJOmcKRL2zpCjdwWqx2NiOzj27ndGC-3Kym5uCNFeqdGG6t_MfBec8q5MAuhHz5XwfC9vm5eH55j0B03VLfNekVJXmb1UtQTvyBQL4LMLcrhDDh8TeaGIyZY5aMsWLP2kXzoNMdjBEgL3O2yhMK1tpM9C4rZc3DP1F9o6Zt_fagRRhIs9i3ufetffrQ",
          "e": "AQAB"
        },
        "attributes": {
          "enabled": true,
          "created": 1596066636,
          "updated": 1596066636,
          "recoveryLevel": "Recoverable\u002BPurgeable",
          "recoverableDays": 90
        }
      }
    },
    {
      "RequestUri": "https://heathskv.vault.azure.net/keys/245975807/4ff4bbd3742245a8a5959ece6934f295/sign?api-version=7.1",
      "RequestMethod": "POST",
      "RequestHeaders": {
        "Accept": "application/json",
        "Authorization": "Sanitized",
        "Content-Length": "69",
        "Content-Type": "application/json",
        "traceparent": "00-f067f2bbb16cc4408864a78ab91d623a-2b482b4a66e75a47-00",
        "User-Agent": [
          "azsdk-net-Security.KeyVault.Keys/4.1.0-dev.20200729.1",
          "(.NET Framework 4.8.4180.0; Microsoft Windows 10.0.19041 )"
        ],
        "x-ms-client-request-id": "2ce692e7d53f7bd6739e642e93d33bba",
        "x-ms-return-client-request-id": "true"
      },
      "RequestBody": {
        "alg": "PS256",
        "value": "2DnDXs6P86HJxavhC-cJVmf849H2ZWXE4Tku5GLOqw0"
      },
      "StatusCode": 200,
      "ResponseHeaders": {
        "Cache-Control": "no-cache",
        "Content-Length": "443",
        "Content-Type": "application/json; charset=utf-8",
        "Date": "Wed, 29 Jul 2020 23:50:37 GMT",
        "Expires": "-1",
        "Pragma": "no-cache",
        "Strict-Transport-Security": "max-age=31536000;includeSubDomains",
        "X-AspNet-Version": "4.0.30319",
        "X-Content-Type-Options": "nosniff",
        "x-ms-keyvault-network-info": "conn_type=Ipv4;addr=67.171.12.239;act_addr_fam=InterNetwork;",
        "x-ms-keyvault-region": "westus2",
        "x-ms-keyvault-service-version": "1.1.10.0",
        "x-ms-request-id": "50fabc94-8bc4-47db-a8f2-1dac671fb8d2",
        "X-Powered-By": "ASP.NET"
      },
      "ResponseBody": {
        "kid": "https://heathskv.vault.azure.net/keys/245975807/4ff4bbd3742245a8a5959ece6934f295",
        "value": "g0Pzs2Opv_DP8AkVWnjaXWgOdS6qUQPqfEJDqrwVdaNu0ma6B_XnzO_0mvDRP_5EM2AzhARn9E675yPQAadmmWiyWIf7d1ZpX4lwQmNByFq6JSflLkPgIscUUREw_zZvsQ7DJ0talH9t5dJZAkejUgKbD-0hOJzh2X68Xub67yP8qMRKA0tDGq5LGyhSW5diC2XAvqhq3evCsK946CJw43ucoF1Xe_PrGmuSytLTNXarTMYighG-q6s4TSVqizMB2v8e8ESlqxPYw3t2NvVbj9zwDj_EtyZ_j9g4BNMrwONXGoQkZ_VC0GVc5gwHeFtcxIIatad_fHbQd2oVGPTQlw"
      }
    },
    {
      "RequestUri": "https://heathskv.vault.azure.net/keys/245975807/4ff4bbd3742245a8a5959ece6934f295/verify?api-version=7.1",
      "RequestMethod": "POST",
      "RequestHeaders": {
        "Accept": "application/json",
        "Authorization": "Sanitized",
        "Content-Length": "423",
        "Content-Type": "application/json",
        "traceparent": "00-167fd6ea64cea24da1c79f90881ecae5-b763b70ca9c8f441-00",
        "User-Agent": [
          "azsdk-net-Security.KeyVault.Keys/4.1.0-dev.20200729.1",
          "(.NET Framework 4.8.4180.0; Microsoft Windows 10.0.19041 )"
        ],
        "x-ms-client-request-id": "6abc481ab34cec69e7f71c83ac4b4168",
        "x-ms-return-client-request-id": "true"
      },
      "RequestBody": {
        "alg": "PS256",
        "digest": "2DnDXs6P86HJxavhC-cJVmf849H2ZWXE4Tku5GLOqw0",
        "value": "g0Pzs2Opv_DP8AkVWnjaXWgOdS6qUQPqfEJDqrwVdaNu0ma6B_XnzO_0mvDRP_5EM2AzhARn9E675yPQAadmmWiyWIf7d1ZpX4lwQmNByFq6JSflLkPgIscUUREw_zZvsQ7DJ0talH9t5dJZAkejUgKbD-0hOJzh2X68Xub67yP8qMRKA0tDGq5LGyhSW5diC2XAvqhq3evCsK946CJw43ucoF1Xe_PrGmuSytLTNXarTMYighG-q6s4TSVqizMB2v8e8ESlqxPYw3t2NvVbj9zwDj_EtyZ_j9g4BNMrwONXGoQkZ_VC0GVc5gwHeFtcxIIatad_fHbQd2oVGPTQlw"
      },
      "StatusCode": 200,
      "ResponseHeaders": {
        "Cache-Control": "no-cache",
        "Content-Length": "14",
        "Content-Type": "application/json; charset=utf-8",
        "Date": "Wed, 29 Jul 2020 23:50:37 GMT",
        "Expires": "-1",
        "Pragma": "no-cache",
        "Strict-Transport-Security": "max-age=31536000;includeSubDomains",
        "X-AspNet-Version": "4.0.30319",
        "X-Content-Type-Options": "nosniff",
        "x-ms-keyvault-network-info": "conn_type=Ipv4;addr=67.171.12.239;act_addr_fam=InterNetwork;",
        "x-ms-keyvault-region": "westus2",
        "x-ms-keyvault-service-version": "1.1.10.0",
        "x-ms-request-id": "3798a4fb-a957-40eb-8453-2349aabe5ad6",
        "X-Powered-By": "ASP.NET"
      },
      "ResponseBody": {
        "value": true
      }
    }
  ],
  "Variables": {
    "AZURE_KEYVAULT_URL": "https://heathskv.vault.azure.net",
    "RandomSeed": "161087281"
  }
}
