{
  "Entries": [
    {
      "RequestUri": "https://tcac7e9c41ef52cec.vault.azure.net/keys/279410298?api-version=7.4",
      "RequestMethod": "PUT",
      "RequestHeaders": {
        "Accept": "application/json",
        "Content-Length": "0",
        "traceparent": "00-9bab777c7353c5910a546bdc622dc6a0-c605628f7ea97a07-00",
        "User-Agent": "azsdk-net-Security.KeyVault.Keys/4.5.0-alpha.20230301.1 (.NET 7.0.3; Microsoft Windows 10.0.22621)",
        "x-ms-client-request-id": "6009f9f7814228208e17391768675883",
        "x-ms-return-client-request-id": "true"
      },
      "RequestBody": null,
      "StatusCode": 401,
      "ResponseHeaders": {
        "Cache-Control": "no-cache",
        "Content-Length": "97",
        "Content-Type": "application/json; charset=utf-8",
        "Date": "Thu, 02 Mar 2023 01:00:23 GMT",
        "Expires": "-1",
        "Pragma": "no-cache",
        "Strict-Transport-Security": "max-age=31536000;includeSubDomains",
        "WWW-Authenticate": "Bearer authorization=\u0022https://login.windows.net/72f988bf-86f1-41af-91ab-2d7cd011db47\u0022, resource=\u0022https://vault.azure.net\u0022",
        "X-Content-Type-Options": "nosniff",
        "x-ms-client-request-id": "6009f9f7814228208e17391768675883",
        "x-ms-keyvault-network-info": "conn_type=Ipv4;addr=131.107.174.211;act_addr_fam=InterNetwork;",
        "x-ms-keyvault-region": "westus",
        "x-ms-keyvault-service-version": "1.9.713.1",
        "x-ms-request-id": "95b16d39-ef14-4555-a463-17fd05f7e3f1"
      },
      "ResponseBody": {
        "error": {
          "code": "Unauthorized",
          "message": "AKV10000: Request is missing a Bearer or PoP token."
        }
      }
    },
    {
      "RequestUri": "https://tcac7e9c41ef52cec.vault.azure.net/keys/279410298?api-version=7.4",
      "RequestMethod": "PUT",
      "RequestHeaders": {
        "Accept": "application/json",
        "Authorization": "Sanitized",
        "Content-Length": "275",
        "Content-Type": "application/json",
        "traceparent": "00-9bab777c7353c5910a546bdc622dc6a0-c605628f7ea97a07-00",
        "User-Agent": "azsdk-net-Security.KeyVault.Keys/4.5.0-alpha.20230301.1 (.NET 7.0.3; Microsoft Windows 10.0.22621)",
        "x-ms-client-request-id": "6009f9f7814228208e17391768675883",
        "x-ms-return-client-request-id": "true"
      },
      "RequestBody": {
        "key": {
          "kty": "EC",
          "key_ops": [
            "sign",
            "verify"
          ],
          "crv": "P-384",
          "x": "EXX53GDquUgmXeysEHXhJJgbJKzcX8ZGgpSsEJTVfhrIjk-AYXbD2VxQT_Ozr1ya",
          "y": "9KRBAVl1cPss8VDEFIMG_bptHXMvuCrmYJnXEoxedp2H8-_4qhd6UzNXwbkkK-r4",
          "d": "vDj_T2f78mLmJSzmPYxwuBNwBODS74Hc4jiJYsyXCW38eVcMH8fAT1DxE79Ivd7K"
        }
      },
      "StatusCode": 200,
      "ResponseHeaders": {
        "Cache-Control": "no-cache",
        "Content-Length": "463",
        "Content-Type": "application/json; charset=utf-8",
        "Date": "Thu, 02 Mar 2023 01:00:24 GMT",
        "Expires": "-1",
        "Pragma": "no-cache",
        "Strict-Transport-Security": "max-age=31536000;includeSubDomains",
        "X-Content-Type-Options": "nosniff",
        "x-ms-client-request-id": "6009f9f7814228208e17391768675883",
        "x-ms-keyvault-network-info": "conn_type=Ipv4;addr=131.107.174.211;act_addr_fam=InterNetwork;",
        "x-ms-keyvault-rbac-assignment-id": "466efa33-812c-52bf-a654-fa0cf1fa2619",
        "x-ms-keyvault-rbac-cache": "ra_age=32;da_age=32;rd_age=32;brd_age=12045;ra_notif_age=2109;dec_lev=1;",
        "x-ms-keyvault-region": "westus",
        "x-ms-keyvault-service-version": "1.9.713.1",
        "x-ms-request-id": "bcd470eb-1488-45d4-9f07-1b70e3256d6e"
      },
      "ResponseBody": {
        "key": {
          "kid": "https://tcac7e9c41ef52cec.vault.azure.net/keys/279410298/a4f8abe043cf415d86244800810e4786",
          "kty": "EC",
          "key_ops": [
            "sign",
            "verify"
          ],
          "crv": "P-384",
          "x": "EXX53GDquUgmXeysEHXhJJgbJKzcX8ZGgpSsEJTVfhrIjk-AYXbD2VxQT_Ozr1ya",
          "y": "9KRBAVl1cPss8VDEFIMG_bptHXMvuCrmYJnXEoxedp2H8-_4qhd6UzNXwbkkK-r4"
        },
        "attributes": {
          "enabled": true,
          "created": 1677718825,
          "updated": 1677718825,
          "recoveryLevel": "CustomizedRecoverable\u002BPurgeable",
          "recoverableDays": 7,
          "exportable": false
        }
      }
    },
    {
      "RequestUri": "https://tcac7e9c41ef52cec.vault.azure.net/keys/279410298/a4f8abe043cf415d86244800810e4786/verify?api-version=7.4",
      "RequestMethod": "POST",
      "RequestHeaders": {
        "Accept": "application/json",
        "Authorization": "Sanitized",
        "Content-Length": "230",
        "Content-Type": "application/json",
        "traceparent": "00-dbad47bb63041785eb4729da56c3731a-a88e22ab299c70f6-00",
        "User-Agent": "azsdk-net-Security.KeyVault.Keys/4.5.0-alpha.20230301.1 (.NET 7.0.3; Microsoft Windows 10.0.22621)",
        "x-ms-client-request-id": "6850b13833f262decba0f40f9eeefef7",
        "x-ms-return-client-request-id": "true"
      },
      "RequestBody": {
        "alg": "ES384",
        "digest": "rU4_wSfix50rbpbarLx-omYtRtXW1I_SYD6HqMLjFhdgbuFIdLCAS-awdkAhMKso",
        "value": "TG2RtUX-TZ7cPJAlJ6mnQPpQTiDxnuMOLl6_2LJjb6_lQlm9i6eFox4PI9QPN_RJmzdvv38CsW3MJNXyd4rJs3iB_2eFlw1i94J5Ujcr5nyAtSkXUT6wu01NRUhiVodW"
      },
      "StatusCode": 200,
      "ResponseHeaders": {
        "Cache-Control": "no-cache",
        "Content-Length": "14",
        "Content-Type": "application/json; charset=utf-8",
        "Date": "Thu, 02 Mar 2023 01:00:24 GMT",
        "Expires": "-1",
        "Pragma": "no-cache",
        "Strict-Transport-Security": "max-age=31536000;includeSubDomains",
        "X-Content-Type-Options": "nosniff",
        "x-ms-client-request-id": "6850b13833f262decba0f40f9eeefef7",
        "x-ms-keyvault-network-info": "conn_type=Ipv4;addr=131.107.174.211;act_addr_fam=InterNetwork;",
        "x-ms-keyvault-rbac-assignment-id": "466efa33-812c-52bf-a654-fa0cf1fa2619",
        "x-ms-keyvault-rbac-cache": "ra_age=32;da_age=32;rd_age=32;brd_age=12045;ra_notif_age=2109;dec_lev=1;",
        "x-ms-keyvault-region": "westus",
        "x-ms-keyvault-service-version": "1.9.713.1",
        "x-ms-request-id": "9dd505fd-d404-4889-b9ba-e0e51ef067fd"
      },
      "ResponseBody": {
        "value": true
      }
    }
  ],
  "Variables": {
    "AZURE_AUTHORITY_HOST": "https://login.microsoftonline.com/",
    "AZURE_KEYVAULT_URL": "https://tcac7e9c41ef52cec.vault.azure.net/",
    "RandomSeed": "839603171"
  }
}
