{
  "Entries": [
    {
      "RequestUri": "https://heathskeyvault.vault.azure.net/keys/1023370471/create?api-version=7.3",
      "RequestMethod": "POST",
      "RequestHeaders": {
        "Accept": "application/json",
        "Content-Length": "0",
        "traceparent": "00-0a960935d38e3e863c7a0e4052b1d044-97dac1c177a0456c-00",
        "User-Agent": "azsdk-net-Security.KeyVault.Keys/4.3.0-alpha.20220322.1 (.NET 6.0.3; Microsoft Windows 10.0.22000)",
        "x-ms-client-request-id": "035d0631840f438e8c47529a5adf9c67",
        "x-ms-return-client-request-id": "true"
      },
      "RequestBody": null,
      "StatusCode": 401,
      "ResponseHeaders": {
        "Cache-Control": "no-cache",
        "Content-Length": "97",
        "Content-Type": "application/json; charset=utf-8",
        "Date": "Wed, 23 Mar 2022 17:28:06 GMT",
        "Expires": "-1",
        "Pragma": "no-cache",
        "Strict-Transport-Security": "max-age=31536000;includeSubDomains",
        "WWW-Authenticate": "Bearer authorization=\u0022https://login.windows.net/72f988bf-86f1-41af-91ab-2d7cd011db47\u0022, resource=\u0022https://vault.azure.net\u0022",
        "X-Content-Type-Options": "nosniff",
        "x-ms-client-request-id": "035d0631840f438e8c47529a5adf9c67",
        "x-ms-keyvault-network-info": "conn_type=Ipv4;addr=67.171.12.239;act_addr_fam=InterNetwork;",
        "x-ms-keyvault-region": "westus2",
        "x-ms-keyvault-service-version": "1.9.331.5",
        "x-ms-request-id": "81a48922-502d-435c-ba43-4cf594b2e9e5",
        "X-Powered-By": "ASP.NET"
      },
      "ResponseBody": {
        "error": {
          "code": "Unauthorized",
          "message": "AKV10000: Request is missing a Bearer or PoP token."
        }
      }
    },
    {
      "RequestUri": "https://heathskeyvault.vault.azure.net/keys/1023370471/create?api-version=7.3",
      "RequestMethod": "POST",
      "RequestHeaders": {
        "Accept": "application/json",
        "Authorization": "Sanitized",
        "Content-Length": "13",
        "Content-Type": "application/json",
        "traceparent": "00-0a960935d38e3e863c7a0e4052b1d044-97dac1c177a0456c-00",
        "User-Agent": "azsdk-net-Security.KeyVault.Keys/4.3.0-alpha.20220322.1 (.NET 6.0.3; Microsoft Windows 10.0.22000)",
        "x-ms-client-request-id": "035d0631840f438e8c47529a5adf9c67",
        "x-ms-return-client-request-id": "true"
      },
      "RequestBody": {
        "kty": "RSA"
      },
      "StatusCode": 200,
      "ResponseHeaders": {
        "Cache-Control": "no-cache",
        "Content-Length": "689",
        "Content-Type": "application/json; charset=utf-8",
        "Date": "Wed, 23 Mar 2022 17:28:06 GMT",
        "Expires": "-1",
        "Pragma": "no-cache",
        "Strict-Transport-Security": "max-age=31536000;includeSubDomains",
        "X-Content-Type-Options": "nosniff",
        "x-ms-client-request-id": "035d0631840f438e8c47529a5adf9c67",
        "x-ms-keyvault-network-info": "conn_type=Ipv4;addr=67.171.12.239;act_addr_fam=InterNetwork;",
        "x-ms-keyvault-rbac-assignment-id": "a48fa4aa-b483-5e42-a9a9-e5d29691603c",
        "x-ms-keyvault-rbac-cache": "ra_age=2249;da_age=2249;rd_age=2249;brd_age=18961;dec_lev=1;",
        "x-ms-keyvault-region": "westus2",
        "x-ms-keyvault-service-version": "1.9.331.5",
        "x-ms-request-id": "63eee69b-3511-428d-83e2-4de649435fc1",
        "X-Powered-By": "ASP.NET"
      },
      "ResponseBody": {
        "key": {
          "kid": "https://heathskeyvault.vault.azure.net/keys/1023370471/579d2b8198bf4b8dbc1007a151bf763c",
          "kty": "RSA",
          "key_ops": [
            "encrypt",
            "decrypt",
            "sign",
            "verify",
            "wrapKey",
            "unwrapKey"
          ],
          "n": "wKghciYxauOogYW0CI_dco2IktnnBTv0xq3d5NmIhjyqCoimBVqN2LA-hFodrSB5CfKcB7p80B8HGH0_-7FSU62Mvre6tW6SagHBh-icVRZ3MZUdDjcsi8dvTk2GFzWiYvyhMSuEAqjsGh6z_ejGoex-82vCAqfOYK3aSrWhIcIIBESk-lHd9DQGW27LntyDgggn2D7JVsVlXohOUpn2qxVM9pvW4eO6vGbWRBOEtJ9APWaggKKT3eUnD1DyPtiIRSKha8RIYB6heubRYD9Kda9gqOxjkkahEvxiAIuhITvwITiU62yMrIwNc8BGbiaFgj4LKv3qlYrRxONcdPhtjQ",
          "e": "AQAB"
        },
        "attributes": {
          "enabled": true,
          "created": 1648056487,
          "updated": 1648056487,
          "recoveryLevel": "CustomizedRecoverable\u002BPurgeable",
          "recoverableDays": 7
        }
      }
    },
    {
      "RequestUri": "https://heathskeyvault.vault.azure.net/keys/1023370471/579d2b8198bf4b8dbc1007a151bf763c/sign?api-version=7.3",
      "RequestMethod": "POST",
      "RequestHeaders": {
        "Accept": "application/json",
        "Authorization": "Sanitized",
        "Content-Length": "69",
        "Content-Type": "application/json",
        "traceparent": "00-f77dddb782616477828a997e651f3872-49af2fecd5b324f3-00",
        "User-Agent": "azsdk-net-Security.KeyVault.Keys/4.3.0-alpha.20220322.1 (.NET 6.0.3; Microsoft Windows 10.0.22000)",
        "x-ms-client-request-id": "5da226f3ed45841066103d8b2e249068",
        "x-ms-return-client-request-id": "true"
      },
      "RequestBody": {
        "alg": "PS256",
        "value": "eQozTkNp4fYDiCqIdapIfLmuoqcLoPMgQ0V0Qqc741Q"
      },
      "StatusCode": 200,
      "ResponseHeaders": {
        "Cache-Control": "no-cache",
        "Content-Length": "450",
        "Content-Type": "application/json; charset=utf-8",
        "Date": "Wed, 23 Mar 2022 17:28:06 GMT",
        "Expires": "-1",
        "Pragma": "no-cache",
        "Strict-Transport-Security": "max-age=31536000;includeSubDomains",
        "X-Content-Type-Options": "nosniff",
        "x-ms-client-request-id": "5da226f3ed45841066103d8b2e249068",
        "x-ms-keyvault-network-info": "conn_type=Ipv4;addr=67.171.12.239;act_addr_fam=InterNetwork;",
        "x-ms-keyvault-rbac-assignment-id": "a48fa4aa-b483-5e42-a9a9-e5d29691603c",
        "x-ms-keyvault-rbac-cache": "ra_age=2249;da_age=2249;rd_age=2249;brd_age=18961;dec_lev=1;",
        "x-ms-keyvault-region": "westus2",
        "x-ms-keyvault-service-version": "1.9.331.5",
        "x-ms-request-id": "b5423dfa-5f6a-4a8b-9022-b91b35cf13b6",
        "X-Powered-By": "ASP.NET"
      },
      "ResponseBody": {
        "kid": "https://heathskeyvault.vault.azure.net/keys/1023370471/579d2b8198bf4b8dbc1007a151bf763c",
        "value": "SZ3wa4_GH7GoMMhrP3N4wm88ZAe_lKqGH0sb0zlXLaEY3ndoU_qTKcoZ9HU-Uej81DNpBt9EY9xI9oIqCySfzqzM7nf5NCK9hxJUqAInhvu1ewEmmG1pfO_YLkYreErn196w_sJmzd19tMO91KZXCWtGO8Wvem6ZP_a69VzqtLr8xG1G7OsPOx1wtIFzthsOGIvD16gz9tlChsA24bKTjT5Z8uJuuO0lB7e4mSc1hREI8Q2k4iGED9R8BBJm1k90C0a2rVysdwgGevY9kg2G0ubZNi_TSxKAO9xinsJhfJfnJh8y8X6aekyIbIb7hYY8z6dukZdZVo__2pCGHG0_jA"
      }
    },
    {
      "RequestUri": "https://heathskeyvault.vault.azure.net/keys/1023370471/579d2b8198bf4b8dbc1007a151bf763c/sign?api-version=7.3",
      "RequestMethod": "POST",
      "RequestHeaders": {
        "Accept": "application/json",
        "Authorization": "Sanitized",
        "Content-Length": "69",
        "Content-Type": "application/json",
        "traceparent": "00-ee54630f370877c25c61b590b11a595f-c5f354a94c479db4-00",
        "User-Agent": "azsdk-net-Security.KeyVault.Keys/4.3.0-alpha.20220322.1 (.NET 6.0.3; Microsoft Windows 10.0.22000)",
        "x-ms-client-request-id": "709fc1a7186f70058bda420d81dc7c34",
        "x-ms-return-client-request-id": "true"
      },
      "RequestBody": {
        "alg": "PS256",
        "value": "eQozTkNp4fYDiCqIdapIfLmuoqcLoPMgQ0V0Qqc741Q"
      },
      "StatusCode": 200,
      "ResponseHeaders": {
        "Cache-Control": "no-cache",
        "Content-Length": "450",
        "Content-Type": "application/json; charset=utf-8",
        "Date": "Wed, 23 Mar 2022 17:28:06 GMT",
        "Expires": "-1",
        "Pragma": "no-cache",
        "Strict-Transport-Security": "max-age=31536000;includeSubDomains",
        "X-Content-Type-Options": "nosniff",
        "x-ms-client-request-id": "709fc1a7186f70058bda420d81dc7c34",
        "x-ms-keyvault-network-info": "conn_type=Ipv4;addr=67.171.12.239;act_addr_fam=InterNetwork;",
        "x-ms-keyvault-rbac-assignment-id": "a48fa4aa-b483-5e42-a9a9-e5d29691603c",
        "x-ms-keyvault-rbac-cache": "ra_age=2249;da_age=2249;rd_age=2249;brd_age=18961;dec_lev=0;",
        "x-ms-keyvault-region": "westus2",
        "x-ms-keyvault-service-version": "1.9.331.5",
        "x-ms-request-id": "67b05979-7be5-46ce-b84f-ea91b2f7fbd1",
        "X-Powered-By": "ASP.NET"
      },
      "ResponseBody": {
        "kid": "https://heathskeyvault.vault.azure.net/keys/1023370471/579d2b8198bf4b8dbc1007a151bf763c",
        "value": "uyA2X8Jh5ltP1RgW5rKQDOooDkX1gSyJPvIg0kYdldeoab2Vp2ga4ZEnLVXxxDtixBIX6Ss_FhiYTIBALM_33tvy2vNYAp-IR03vy9WAG0MESo5VPVcDzM8bnsjx4bAJWCczQLgmV_u9htveuNK8OUz4-KrXS2IyEH5UM9VLMWPDUaDc0Q13VL2svrfKuFMFokHAVCYfwqR3MIicOxFpY_Opt7_6DCd-kYHLndt9KRvYFvfcl3FCjMZSjd-RSHs06LC6dmmNr-GWpw25iAE5JV3kwwyS-LdbOpuN-ZTwrZMpcOQ86DJ8Eob7N0ZNfRoEH5ujk8V3-w_2xY4zlqldjw"
      }
    },
    {
      "RequestUri": "https://heathskeyvault.vault.azure.net/keys/1023370471/579d2b8198bf4b8dbc1007a151bf763c/verify?api-version=7.3",
      "RequestMethod": "POST",
      "RequestHeaders": {
        "Accept": "application/json",
        "Authorization": "Sanitized",
        "Content-Length": "423",
        "Content-Type": "application/json",
        "traceparent": "00-1706a10668a75b65a3aea6219f8f6384-3b5319ad52ba7b2f-00",
        "User-Agent": "azsdk-net-Security.KeyVault.Keys/4.3.0-alpha.20220322.1 (.NET 6.0.3; Microsoft Windows 10.0.22000)",
        "x-ms-client-request-id": "9a13e6fe27187bb2c07f75a96d216ab3",
        "x-ms-return-client-request-id": "true"
      },
      "RequestBody": {
        "alg": "PS256",
        "digest": "eQozTkNp4fYDiCqIdapIfLmuoqcLoPMgQ0V0Qqc741Q",
        "value": "uyA2X8Jh5ltP1RgW5rKQDOooDkX1gSyJPvIg0kYdldeoab2Vp2ga4ZEnLVXxxDtixBIX6Ss_FhiYTIBALM_33tvy2vNYAp-IR03vy9WAG0MESo5VPVcDzM8bnsjx4bAJWCczQLgmV_u9htveuNK8OUz4-KrXS2IyEH5UM9VLMWPDUaDc0Q13VL2svrfKuFMFokHAVCYfwqR3MIicOxFpY_Opt7_6DCd-kYHLndt9KRvYFvfcl3FCjMZSjd-RSHs06LC6dmmNr-GWpw25iAE5JV3kwwyS-LdbOpuN-ZTwrZMpcOQ86DJ8Eob7N0ZNfRoEH5ujk8V3-w_2xY4zlqldjw"
      },
      "StatusCode": 200,
      "ResponseHeaders": {
        "Cache-Control": "no-cache",
        "Content-Length": "14",
        "Content-Type": "application/json; charset=utf-8",
        "Date": "Wed, 23 Mar 2022 17:28:06 GMT",
        "Expires": "-1",
        "Pragma": "no-cache",
        "Strict-Transport-Security": "max-age=31536000;includeSubDomains",
        "X-Content-Type-Options": "nosniff",
        "x-ms-client-request-id": "9a13e6fe27187bb2c07f75a96d216ab3",
        "x-ms-keyvault-network-info": "conn_type=Ipv4;addr=67.171.12.239;act_addr_fam=InterNetwork;",
        "x-ms-keyvault-rbac-assignment-id": "a48fa4aa-b483-5e42-a9a9-e5d29691603c",
        "x-ms-keyvault-rbac-cache": "ra_age=2249;da_age=2249;rd_age=2249;brd_age=18961;dec_lev=1;",
        "x-ms-keyvault-region": "westus2",
        "x-ms-keyvault-service-version": "1.9.331.5",
        "x-ms-request-id": "3af0bd04-66dc-4a76-b244-93493b87d69b",
        "X-Powered-By": "ASP.NET"
      },
      "ResponseBody": {
        "value": true
      }
    },
    {
      "RequestUri": "https://heathskeyvault.vault.azure.net/keys/1023370471/579d2b8198bf4b8dbc1007a151bf763c/verify?api-version=7.3",
      "RequestMethod": "POST",
      "RequestHeaders": {
        "Accept": "application/json",
        "Authorization": "Sanitized",
        "Content-Length": "423",
        "Content-Type": "application/json",
        "traceparent": "00-9f6b852f88578aeb11b52a8dab881183-27b38c17a300053e-00",
        "User-Agent": "azsdk-net-Security.KeyVault.Keys/4.3.0-alpha.20220322.1 (.NET 6.0.3; Microsoft Windows 10.0.22000)",
        "x-ms-client-request-id": "20081e5c3d5ddab62132d26baa020289",
        "x-ms-return-client-request-id": "true"
      },
      "RequestBody": {
        "alg": "PS256",
        "digest": "eQozTkNp4fYDiCqIdapIfLmuoqcLoPMgQ0V0Qqc741Q",
        "value": "SZ3wa4_GH7GoMMhrP3N4wm88ZAe_lKqGH0sb0zlXLaEY3ndoU_qTKcoZ9HU-Uej81DNpBt9EY9xI9oIqCySfzqzM7nf5NCK9hxJUqAInhvu1ewEmmG1pfO_YLkYreErn196w_sJmzd19tMO91KZXCWtGO8Wvem6ZP_a69VzqtLr8xG1G7OsPOx1wtIFzthsOGIvD16gz9tlChsA24bKTjT5Z8uJuuO0lB7e4mSc1hREI8Q2k4iGED9R8BBJm1k90C0a2rVysdwgGevY9kg2G0ubZNi_TSxKAO9xinsJhfJfnJh8y8X6aekyIbIb7hYY8z6dukZdZVo__2pCGHG0_jA"
      },
      "StatusCode": 200,
      "ResponseHeaders": {
        "Cache-Control": "no-cache",
        "Content-Length": "14",
        "Content-Type": "application/json; charset=utf-8",
        "Date": "Wed, 23 Mar 2022 17:28:06 GMT",
        "Expires": "-1",
        "Pragma": "no-cache",
        "Strict-Transport-Security": "max-age=31536000;includeSubDomains",
        "X-Content-Type-Options": "nosniff",
        "x-ms-client-request-id": "20081e5c3d5ddab62132d26baa020289",
        "x-ms-keyvault-network-info": "conn_type=Ipv4;addr=67.171.12.239;act_addr_fam=InterNetwork;",
        "x-ms-keyvault-rbac-assignment-id": "a48fa4aa-b483-5e42-a9a9-e5d29691603c",
        "x-ms-keyvault-rbac-cache": "ra_age=2249;da_age=2249;rd_age=2249;brd_age=18961;dec_lev=0;",
        "x-ms-keyvault-region": "westus2",
        "x-ms-keyvault-service-version": "1.9.331.5",
        "x-ms-request-id": "e198714e-901d-4629-9346-91b4761be9d2",
        "X-Powered-By": "ASP.NET"
      },
      "ResponseBody": {
        "value": true
      }
    }
  ],
  "Variables": {
    "AZURE_KEYVAULT_URL": "https://heathskeyvault.vault.azure.net/",
    "RandomSeed": "666056298"
  }
}
