{
  "Entries": [
    {
      "RequestUri": "https://heathskeyvault.vault.azure.net/keys/1924430934/create?api-version=7.3",
      "RequestMethod": "POST",
      "RequestHeaders": {
        "Accept": "application/json",
        "Content-Length": "0",
        "traceparent": "00-2dd012de90b09545abd65b12d23b2049-df00ad47e1c38945-00",
        "User-Agent": "azsdk-net-Security.KeyVault.Keys/4.3.0-alpha.20220323.1 (.NET Framework 4.8.4420.0; Microsoft Windows 10.0.22000 )",
        "x-ms-client-request-id": "516d87023d2dedc461112de5ab617b0f",
        "x-ms-return-client-request-id": "true"
      },
      "RequestBody": null,
      "StatusCode": 401,
      "ResponseHeaders": {
        "Cache-Control": "no-cache",
        "Content-Length": "97",
        "Content-Type": "application/json; charset=utf-8",
        "Date": "Wed, 23 Mar 2022 21:54:26 GMT",
        "Expires": "-1",
        "Pragma": "no-cache",
        "Strict-Transport-Security": "max-age=31536000;includeSubDomains",
        "WWW-Authenticate": "Bearer authorization=\u0022https://login.windows.net/72f988bf-86f1-41af-91ab-2d7cd011db47\u0022, resource=\u0022https://vault.azure.net\u0022",
        "X-Content-Type-Options": "nosniff",
        "x-ms-client-request-id": "516d87023d2dedc461112de5ab617b0f",
        "x-ms-keyvault-network-info": "conn_type=Ipv4;addr=67.171.12.239;act_addr_fam=InterNetwork;",
        "x-ms-keyvault-region": "westus2",
        "x-ms-keyvault-service-version": "1.9.331.5",
        "x-ms-request-id": "72e5f6df-f819-4646-8b0f-bf9f1da6401a",
        "X-Powered-By": "ASP.NET"
      },
      "ResponseBody": {
        "error": {
          "code": "Unauthorized",
          "message": "AKV10000: Request is missing a Bearer or PoP token."
        }
      }
    },
    {
      "RequestUri": "https://heathskeyvault.vault.azure.net/keys/1924430934/create?api-version=7.3",
      "RequestMethod": "POST",
      "RequestHeaders": {
        "Accept": "application/json",
        "Authorization": "Sanitized",
        "Content-Length": "13",
        "Content-Type": "application/json",
        "traceparent": "00-2dd012de90b09545abd65b12d23b2049-df00ad47e1c38945-00",
        "User-Agent": "azsdk-net-Security.KeyVault.Keys/4.3.0-alpha.20220323.1 (.NET Framework 4.8.4420.0; Microsoft Windows 10.0.22000 )",
        "x-ms-client-request-id": "516d87023d2dedc461112de5ab617b0f",
        "x-ms-return-client-request-id": "true"
      },
      "RequestBody": {
        "kty": "RSA"
      },
      "StatusCode": 200,
      "ResponseHeaders": {
        "Cache-Control": "no-cache",
        "Content-Length": "689",
        "Content-Type": "application/json; charset=utf-8",
        "Date": "Wed, 23 Mar 2022 21:54:27 GMT",
        "Expires": "-1",
        "Pragma": "no-cache",
        "Strict-Transport-Security": "max-age=31536000;includeSubDomains",
        "X-Content-Type-Options": "nosniff",
        "x-ms-client-request-id": "516d87023d2dedc461112de5ab617b0f",
        "x-ms-keyvault-network-info": "conn_type=Ipv4;addr=67.171.12.239;act_addr_fam=InterNetwork;",
        "x-ms-keyvault-rbac-assignment-id": "a48fa4aa-b483-5e42-a9a9-e5d29691603c",
        "x-ms-keyvault-rbac-cache": "ra_age=1;da_age=502;rd_age=502;brd_age=13335;ra_notif_age=16;dec_lev=1;",
        "x-ms-keyvault-region": "westus2",
        "x-ms-keyvault-service-version": "1.9.331.5",
        "x-ms-request-id": "1f89b740-5478-4cf7-8a4b-a1d4f692b1a2",
        "X-Powered-By": "ASP.NET"
      },
      "ResponseBody": {
        "key": {
          "kid": "https://heathskeyvault.vault.azure.net/keys/1924430934/66ac04f56abf4c3799b11b36582f1492",
          "kty": "RSA",
          "key_ops": [
            "encrypt",
            "decrypt",
            "sign",
            "verify",
            "wrapKey",
            "unwrapKey"
          ],
          "n": "usEythikSAUexX6MdpKuSkPetNyUW5YDrgmnx8UACEzGpapneW6niy7R_J7VH1Al1_ZHi5wpAgX2hulEhWxTz1iPr2M3SJPoc_LktLoWwRt6ioHxjfyPAPWbgJ4exh48inFYu3rYjErA34Vm_67djJLgkeumk35g_UJjLhooBTNkBf6NxSp2iSk-0bEThDAwH5CMaE-oZeelZVegOlRvc3B-U5rpJbwQGZbrkVsZVpchuBV6wvrtBlpZWepHdZCMhJdj1J6KZDVkK9pN0fnNS4em6kwGfJCoJpPLw1mo5jwK0th80tVHK9OK3d60T3MS8xstc4HGr8n27BAFb6TmKQ",
          "e": "AQAB"
        },
        "attributes": {
          "enabled": true,
          "created": 1648072467,
          "updated": 1648072467,
          "recoveryLevel": "CustomizedRecoverable\u002BPurgeable",
          "recoverableDays": 7
        }
      }
    },
    {
      "RequestUri": "https://heathskeyvault.vault.azure.net/keys/1924430934/66ac04f56abf4c3799b11b36582f1492?api-version=7.3",
      "RequestMethod": "GET",
      "RequestHeaders": {
        "Accept": "application/json",
        "Authorization": "Sanitized",
        "traceparent": "00-a32a6f2abe6c3f4eb3ddd8934275d859-5b84c45ebc738a47-00",
        "User-Agent": "azsdk-net-Security.KeyVault.Keys/4.3.0-alpha.20220323.1 (.NET Framework 4.8.4420.0; Microsoft Windows 10.0.22000 )",
        "x-ms-client-request-id": "69601bd83c90936dab195a71af43df6d",
        "x-ms-return-client-request-id": "true"
      },
      "RequestBody": null,
      "StatusCode": 200,
      "ResponseHeaders": {
        "Cache-Control": "no-cache",
        "Content-Length": "689",
        "Content-Type": "application/json; charset=utf-8",
        "Date": "Wed, 23 Mar 2022 21:54:27 GMT",
        "Expires": "-1",
        "Pragma": "no-cache",
        "Strict-Transport-Security": "max-age=31536000;includeSubDomains",
        "X-Content-Type-Options": "nosniff",
        "x-ms-client-request-id": "69601bd83c90936dab195a71af43df6d",
        "x-ms-keyvault-network-info": "conn_type=Ipv4;addr=67.171.12.239;act_addr_fam=InterNetwork;",
        "x-ms-keyvault-rbac-assignment-id": "a48fa4aa-b483-5e42-a9a9-e5d29691603c",
        "x-ms-keyvault-rbac-cache": "ra_age=1;da_age=503;rd_age=503;brd_age=13335;ra_notif_age=16;dec_lev=1;",
        "x-ms-keyvault-region": "westus2",
        "x-ms-keyvault-service-version": "1.9.331.5",
        "x-ms-request-id": "b6dfe982-cd5e-4f9f-b12f-ec5834fc4bd6",
        "X-Powered-By": "ASP.NET"
      },
      "ResponseBody": {
        "key": {
          "kid": "https://heathskeyvault.vault.azure.net/keys/1924430934/66ac04f56abf4c3799b11b36582f1492",
          "kty": "RSA",
          "key_ops": [
            "encrypt",
            "decrypt",
            "sign",
            "verify",
            "wrapKey",
            "unwrapKey"
          ],
          "n": "usEythikSAUexX6MdpKuSkPetNyUW5YDrgmnx8UACEzGpapneW6niy7R_J7VH1Al1_ZHi5wpAgX2hulEhWxTz1iPr2M3SJPoc_LktLoWwRt6ioHxjfyPAPWbgJ4exh48inFYu3rYjErA34Vm_67djJLgkeumk35g_UJjLhooBTNkBf6NxSp2iSk-0bEThDAwH5CMaE-oZeelZVegOlRvc3B-U5rpJbwQGZbrkVsZVpchuBV6wvrtBlpZWepHdZCMhJdj1J6KZDVkK9pN0fnNS4em6kwGfJCoJpPLw1mo5jwK0th80tVHK9OK3d60T3MS8xstc4HGr8n27BAFb6TmKQ",
          "e": "AQAB"
        },
        "attributes": {
          "enabled": true,
          "created": 1648072467,
          "updated": 1648072467,
          "recoveryLevel": "CustomizedRecoverable\u002BPurgeable",
          "recoverableDays": 7
        }
      }
    },
    {
      "RequestUri": "https://heathskeyvault.vault.azure.net/keys/1924430934/66ac04f56abf4c3799b11b36582f1492/sign?api-version=7.3",
      "RequestMethod": "POST",
      "RequestHeaders": {
        "Accept": "application/json",
        "Authorization": "Sanitized",
        "Content-Length": "90",
        "Content-Type": "application/json",
        "traceparent": "00-a32a6f2abe6c3f4eb3ddd8934275d859-f93e29633136d04f-00",
        "User-Agent": "azsdk-net-Security.KeyVault.Keys/4.3.0-alpha.20220323.1 (.NET Framework 4.8.4420.0; Microsoft Windows 10.0.22000 )",
        "x-ms-client-request-id": "9299bc0a495ae97aa28c186165493fe2",
        "x-ms-return-client-request-id": "true"
      },
      "RequestBody": {
        "alg": "PS384",
        "value": "ZxhQXvQ6MInvtKePLitDBQzFcoecIj8uQQUmfWaryh-vpkSbi2kADSxPPaAHekM5"
      },
      "StatusCode": 200,
      "ResponseHeaders": {
        "Cache-Control": "no-cache",
        "Content-Length": "450",
        "Content-Type": "application/json; charset=utf-8",
        "Date": "Wed, 23 Mar 2022 21:54:27 GMT",
        "Expires": "-1",
        "Pragma": "no-cache",
        "Strict-Transport-Security": "max-age=31536000;includeSubDomains",
        "X-Content-Type-Options": "nosniff",
        "x-ms-client-request-id": "9299bc0a495ae97aa28c186165493fe2",
        "x-ms-keyvault-network-info": "conn_type=Ipv4;addr=67.171.12.239;act_addr_fam=InterNetwork;",
        "x-ms-keyvault-rbac-assignment-id": "a48fa4aa-b483-5e42-a9a9-e5d29691603c",
        "x-ms-keyvault-rbac-cache": "ra_age=1;da_age=503;rd_age=503;brd_age=13335;ra_notif_age=16;dec_lev=1;",
        "x-ms-keyvault-region": "westus2",
        "x-ms-keyvault-service-version": "1.9.331.5",
        "x-ms-request-id": "b77e5c1d-05cd-4fb8-aa2f-fb6d4c843836",
        "X-Powered-By": "ASP.NET"
      },
      "ResponseBody": {
        "kid": "https://heathskeyvault.vault.azure.net/keys/1924430934/66ac04f56abf4c3799b11b36582f1492",
        "value": "BKeTrqbcsOdMmiZ7kSv3FeNeurXHXhZ4izoh5r2qy6O77iPK_npFCzOKNfnNPuYL19ZXR8zTpJ9hPprAWtm2GRH-IsywlZR77L18PYq3yFR5-AKkVZnumk9a9lpHIsjKmDe9ZnxDaeiUy8-bGBKxNo1rTduiRMBvTg_8MITWCQUaNySsOxyR1evbRDDjhPZEaJaBxS5DZh5B7EGPHL5eWC1cPnCP2tzFf7sCRi70FW0WH0rROjco4_knprBe4l_38dx0B2hf3FPWt0bKiC5iqlssjvz549v5zXC4eeh-JyDh_kZvcF3YH6wINZCkdGxCdmiqey3f4FF5jzlkKfedXw"
      }
    }
  ],
  "Variables": {
    "AZURE_KEYVAULT_URL": "https://heathskeyvault.vault.azure.net/",
    "RandomSeed": "1012171512"
  }
}
