{
  "Entries": [
    {
      "RequestUri": "https://tcac7e9c41ef52cec.vault.azure.net/keys/1705547979/create?api-version=7.4",
      "RequestMethod": "POST",
      "RequestHeaders": {
        "Accept": "application/json",
        "Content-Length": "0",
        "traceparent": "00-a28a9c98ad82db67433af9382891c07a-fdc83b7d73443c66-00",
        "User-Agent": "azsdk-net-Security.KeyVault.Keys/4.5.0-alpha.20230301.1 (.NET 7.0.3; Microsoft Windows 10.0.22621)",
        "x-ms-client-request-id": "8aa0e12379a933999146fa3e683ecd7a",
        "x-ms-return-client-request-id": "true"
      },
      "RequestBody": null,
      "StatusCode": 401,
      "ResponseHeaders": {
        "Cache-Control": "no-cache",
        "Content-Length": "97",
        "Content-Type": "application/json; charset=utf-8",
        "Date": "Thu, 02 Mar 2023 01:01:40 GMT",
        "Expires": "-1",
        "Pragma": "no-cache",
        "Strict-Transport-Security": "max-age=31536000;includeSubDomains",
        "WWW-Authenticate": "Bearer authorization=\u0022https://login.windows.net/72f988bf-86f1-41af-91ab-2d7cd011db47\u0022, resource=\u0022https://vault.azure.net\u0022",
        "X-Content-Type-Options": "nosniff",
        "x-ms-client-request-id": "8aa0e12379a933999146fa3e683ecd7a",
        "x-ms-keyvault-network-info": "conn_type=Ipv4;addr=131.107.174.211;act_addr_fam=InterNetwork;",
        "x-ms-keyvault-region": "westus",
        "x-ms-keyvault-service-version": "1.9.713.1",
        "x-ms-request-id": "433cc6b1-207f-46fa-88e6-0b7e75848024"
      },
      "ResponseBody": {
        "error": {
          "code": "Unauthorized",
          "message": "AKV10000: Request is missing a Bearer or PoP token."
        }
      }
    },
    {
      "RequestUri": "https://tcac7e9c41ef52cec.vault.azure.net/keys/1705547979/create?api-version=7.4",
      "RequestMethod": "POST",
      "RequestHeaders": {
        "Accept": "application/json",
        "Authorization": "Sanitized",
        "Content-Length": "13",
        "Content-Type": "application/json",
        "traceparent": "00-a28a9c98ad82db67433af9382891c07a-fdc83b7d73443c66-00",
        "User-Agent": "azsdk-net-Security.KeyVault.Keys/4.5.0-alpha.20230301.1 (.NET 7.0.3; Microsoft Windows 10.0.22621)",
        "x-ms-client-request-id": "8aa0e12379a933999146fa3e683ecd7a",
        "x-ms-return-client-request-id": "true"
      },
      "RequestBody": {
        "kty": "RSA"
      },
      "StatusCode": 200,
      "ResponseHeaders": {
        "Cache-Control": "no-cache",
        "Content-Length": "711",
        "Content-Type": "application/json; charset=utf-8",
        "Date": "Thu, 02 Mar 2023 01:01:40 GMT",
        "Expires": "-1",
        "Pragma": "no-cache",
        "Strict-Transport-Security": "max-age=31536000;includeSubDomains",
        "X-Content-Type-Options": "nosniff",
        "x-ms-client-request-id": "8aa0e12379a933999146fa3e683ecd7a",
        "x-ms-keyvault-network-info": "conn_type=Ipv4;addr=131.107.174.211;act_addr_fam=InterNetwork;",
        "x-ms-keyvault-rbac-assignment-id": "466efa33-812c-52bf-a654-fa0cf1fa2619",
        "x-ms-keyvault-rbac-cache": "ra_age=107;da_age=107;rd_age=107;brd_age=12120;ra_notif_age=2184;dec_lev=1;",
        "x-ms-keyvault-region": "westus",
        "x-ms-keyvault-service-version": "1.9.713.1",
        "x-ms-request-id": "cbe0aa59-803f-471a-852f-24d9b6132841"
      },
      "ResponseBody": {
        "key": {
          "kid": "https://tcac7e9c41ef52cec.vault.azure.net/keys/1705547979/2d79d9f4db784d689267eb1ad5dac1da",
          "kty": "RSA",
          "key_ops": [
            "encrypt",
            "decrypt",
            "sign",
            "verify",
            "wrapKey",
            "unwrapKey"
          ],
          "n": "utf0zxZBW-vJy16SpfpgGLqC3Aq9h4mOZegYzrJtOmfNjpgfQ3vd_txcnv5zKR1obBzgDIHSJI1HFeKzD83cMu2Lj7zzeJqCU3ArXUSv1UnScTiSLW6p62jVrXjpPbk-JAPuDCliwQYs5xP0Ci7wfg4OMcTNpGWTBNXGnXZm6nAL7jkgigIdB63QLOmW_UgH4QZ1oqY_HvyjjFda5zxFtcdNwu8IoIW4PwIVo0hR_tI8GWmCFtaIhjdWhHP0xrmNjPBLDbL2NkTvFr0F_4fI6BfX8_68a0C7D9UDQC4vPFskpVXyQyGf15HN2EUoPTWfBgbTDL24BX-kae5KO_JgzQ",
          "e": "AQAB"
        },
        "attributes": {
          "enabled": true,
          "created": 1677718900,
          "updated": 1677718900,
          "recoveryLevel": "CustomizedRecoverable\u002BPurgeable",
          "recoverableDays": 7,
          "exportable": false
        }
      }
    },
    {
      "RequestUri": "https://tcac7e9c41ef52cec.vault.azure.net/keys/1705547979/2d79d9f4db784d689267eb1ad5dac1da?api-version=7.4",
      "RequestMethod": "GET",
      "RequestHeaders": {
        "Accept": "application/json",
        "Authorization": "Sanitized",
        "traceparent": "00-ff406559f65473acf28f3941d6b9d85e-8788007c39f14d60-00",
        "User-Agent": "azsdk-net-Security.KeyVault.Keys/4.5.0-alpha.20230301.1 (.NET 7.0.3; Microsoft Windows 10.0.22621)",
        "x-ms-client-request-id": "160800f6e7795a054f8a0fdd27000b9e",
        "x-ms-return-client-request-id": "true"
      },
      "RequestBody": null,
      "StatusCode": 200,
      "ResponseHeaders": {
        "Cache-Control": "no-cache",
        "Content-Length": "711",
        "Content-Type": "application/json; charset=utf-8",
        "Date": "Thu, 02 Mar 2023 01:01:40 GMT",
        "Expires": "-1",
        "Pragma": "no-cache",
        "Strict-Transport-Security": "max-age=31536000;includeSubDomains",
        "X-Content-Type-Options": "nosniff",
        "x-ms-client-request-id": "160800f6e7795a054f8a0fdd27000b9e",
        "x-ms-keyvault-network-info": "conn_type=Ipv4;addr=131.107.174.211;act_addr_fam=InterNetwork;",
        "x-ms-keyvault-rbac-assignment-id": "466efa33-812c-52bf-a654-fa0cf1fa2619",
        "x-ms-keyvault-rbac-cache": "ra_age=108;da_age=108;rd_age=108;brd_age=12120;ra_notif_age=2184;dec_lev=1;",
        "x-ms-keyvault-region": "westus",
        "x-ms-keyvault-service-version": "1.9.713.1",
        "x-ms-request-id": "4423b429-ade5-4a14-9bf7-6977f435b954"
      },
      "ResponseBody": {
        "key": {
          "kid": "https://tcac7e9c41ef52cec.vault.azure.net/keys/1705547979/2d79d9f4db784d689267eb1ad5dac1da",
          "kty": "RSA",
          "key_ops": [
            "encrypt",
            "decrypt",
            "sign",
            "verify",
            "wrapKey",
            "unwrapKey"
          ],
          "n": "utf0zxZBW-vJy16SpfpgGLqC3Aq9h4mOZegYzrJtOmfNjpgfQ3vd_txcnv5zKR1obBzgDIHSJI1HFeKzD83cMu2Lj7zzeJqCU3ArXUSv1UnScTiSLW6p62jVrXjpPbk-JAPuDCliwQYs5xP0Ci7wfg4OMcTNpGWTBNXGnXZm6nAL7jkgigIdB63QLOmW_UgH4QZ1oqY_HvyjjFda5zxFtcdNwu8IoIW4PwIVo0hR_tI8GWmCFtaIhjdWhHP0xrmNjPBLDbL2NkTvFr0F_4fI6BfX8_68a0C7D9UDQC4vPFskpVXyQyGf15HN2EUoPTWfBgbTDL24BX-kae5KO_JgzQ",
          "e": "AQAB"
        },
        "attributes": {
          "enabled": true,
          "created": 1677718900,
          "updated": 1677718900,
          "recoveryLevel": "CustomizedRecoverable\u002BPurgeable",
          "recoverableDays": 7,
          "exportable": false
        }
      }
    },
    {
      "RequestUri": "https://tcac7e9c41ef52cec.vault.azure.net/keys/1705547979/2d79d9f4db784d689267eb1ad5dac1da/sign?api-version=7.4",
      "RequestMethod": "POST",
      "RequestHeaders": {
        "Accept": "application/json",
        "Authorization": "Sanitized",
        "Content-Length": "112",
        "Content-Type": "application/json",
        "traceparent": "00-ff406559f65473acf28f3941d6b9d85e-338e06dca12e740d-00",
        "User-Agent": "azsdk-net-Security.KeyVault.Keys/4.5.0-alpha.20230301.1 (.NET 7.0.3; Microsoft Windows 10.0.22621)",
        "x-ms-client-request-id": "ad354fdc2927a5c8498e5c360be4c30a",
        "x-ms-return-client-request-id": "true"
      },
      "RequestBody": {
        "alg": "PS512",
        "value": "b2Pt6_vo9nAeL24hvuHw9jphGYuCwwhAn3CLQ0XeC6A3m8SFDe8drm9-C0VqHwOmHKFLK9qEP4TB9OfjhL1T2g"
      },
      "StatusCode": 200,
      "ResponseHeaders": {
        "Cache-Control": "no-cache",
        "Content-Length": "453",
        "Content-Type": "application/json; charset=utf-8",
        "Date": "Thu, 02 Mar 2023 01:01:40 GMT",
        "Expires": "-1",
        "Pragma": "no-cache",
        "Strict-Transport-Security": "max-age=31536000;includeSubDomains",
        "X-Content-Type-Options": "nosniff",
        "x-ms-client-request-id": "ad354fdc2927a5c8498e5c360be4c30a",
        "x-ms-keyvault-network-info": "conn_type=Ipv4;addr=131.107.174.211;act_addr_fam=InterNetwork;",
        "x-ms-keyvault-rbac-assignment-id": "466efa33-812c-52bf-a654-fa0cf1fa2619",
        "x-ms-keyvault-rbac-cache": "ra_age=108;da_age=108;rd_age=108;brd_age=12120;ra_notif_age=2184;dec_lev=1;",
        "x-ms-keyvault-region": "westus",
        "x-ms-keyvault-service-version": "1.9.713.1",
        "x-ms-request-id": "59748738-13f1-43cb-a67b-4c01ff6b1d04"
      },
      "ResponseBody": {
        "kid": "https://tcac7e9c41ef52cec.vault.azure.net/keys/1705547979/2d79d9f4db784d689267eb1ad5dac1da",
        "value": "hcCKjIqsLWfoiY1zfCy-KXaipDJlU06o3aX8OE26dU0vvjSw0P4PTbcV4AH-WidOx_SB6mzBmP8vMDxFp0_NmuPkH4POA6Td5z6COo31TAE7ckro8cdT32O4pGgwpRJzXkM1PMS6zzomw32VYujEts9N8PlLQq42beqcYzQw6ycpHwczOGCYs_2lDfWUJITaAQZw1VDMoC-O-LwbrPEdUtBPPfoy0a7C31WKS5SmENyKCWrXc0clTxt4jLi6MclBai55WKLTNwRQ9vvtqFQcrJq08yz-EEF5owkEWjunjIzNGAIUUPs4pzi39xml3JhlZcHXawQ_riJUgei0_nEEGA"
      }
    }
  ],
  "Variables": {
    "AZURE_AUTHORITY_HOST": "https://login.microsoftonline.com/",
    "AZURE_KEYVAULT_URL": "https://tcac7e9c41ef52cec.vault.azure.net/",
    "RandomSeed": "1155372199"
  }
}
