{
  "Entries": [
    {
      "RequestUri": "https://heathskeyvault.vault.azure.net/keys/740480559/create?api-version=7.1",
      "RequestMethod": "POST",
      "RequestHeaders": {
        "Accept": "application/json",
        "Content-Type": "application/json",
        "traceparent": "00-659ac091b5ccc6478a3b5bf932534c42-f5e1bbd3bd7f874b-00",
        "User-Agent": [
          "azsdk-net-Security.KeyVault.Keys/4.2.0-alpha.20210205.1",
          "(.NET Core 4.6.29518.01; Microsoft Windows 10.0.19042 )"
        ],
        "x-ms-client-request-id": "be5d2cb21541e9ef7621aced489dad62",
        "x-ms-return-client-request-id": "true"
      },
      "RequestBody": null,
      "StatusCode": 401,
      "ResponseHeaders": {
        "Cache-Control": "no-cache",
        "Content-Length": "87",
        "Content-Type": "application/json; charset=utf-8",
        "Date": "Fri, 05 Feb 2021 21:39:54 GMT",
        "Expires": "-1",
        "Pragma": "no-cache",
        "Strict-Transport-Security": "max-age=31536000;includeSubDomains",
        "WWW-Authenticate": "Bearer authorization=\u0022https://login.windows.net/72f988bf-86f1-41af-91ab-2d7cd011db47\u0022, resource=\u0022https://vault.azure.net\u0022",
        "X-Content-Type-Options": "nosniff",
        "x-ms-keyvault-network-info": "conn_type=Ipv4;addr=67.171.12.239;act_addr_fam=InterNetwork;",
        "x-ms-keyvault-region": "westus2",
        "x-ms-keyvault-service-version": "1.2.164.0",
        "x-ms-request-id": "e71f23b6-9e61-404a-a347-9b2cc9652162",
        "X-Powered-By": "ASP.NET"
      },
      "ResponseBody": {
        "error": {
          "code": "Unauthorized",
          "message": "Request is missing a Bearer or PoP token."
        }
      }
    },
    {
      "RequestUri": "https://heathskeyvault.vault.azure.net/keys/740480559/create?api-version=7.1",
      "RequestMethod": "POST",
      "RequestHeaders": {
        "Accept": "application/json",
        "Authorization": "Sanitized",
        "Content-Length": "13",
        "Content-Type": "application/json",
        "traceparent": "00-659ac091b5ccc6478a3b5bf932534c42-f5e1bbd3bd7f874b-00",
        "User-Agent": [
          "azsdk-net-Security.KeyVault.Keys/4.2.0-alpha.20210205.1",
          "(.NET Core 4.6.29518.01; Microsoft Windows 10.0.19042 )"
        ],
        "x-ms-client-request-id": "be5d2cb21541e9ef7621aced489dad62",
        "x-ms-return-client-request-id": "true"
      },
      "RequestBody": {
        "kty": "RSA"
      },
      "StatusCode": 200,
      "ResponseHeaders": {
        "Cache-Control": "no-cache",
        "Content-Length": "679",
        "Content-Type": "application/json; charset=utf-8",
        "Date": "Fri, 05 Feb 2021 21:39:54 GMT",
        "Expires": "-1",
        "Pragma": "no-cache",
        "Strict-Transport-Security": "max-age=31536000;includeSubDomains",
        "X-Content-Type-Options": "nosniff",
        "x-ms-keyvault-network-info": "conn_type=Ipv4;addr=67.171.12.239;act_addr_fam=InterNetwork;",
        "x-ms-keyvault-region": "westus2",
        "x-ms-keyvault-service-version": "1.2.164.0",
        "x-ms-request-id": "e1e1a361-60b3-42b0-84e7-58401129304b",
        "X-Powered-By": "ASP.NET"
      },
      "ResponseBody": {
        "key": {
          "kid": "https://heathskeyvault.vault.azure.net/keys/740480559/0cb2db84a7bc47a8bfefd13425a3523e",
          "kty": "RSA",
          "key_ops": [
            "encrypt",
            "decrypt",
            "sign",
            "verify",
            "wrapKey",
            "unwrapKey"
          ],
          "n": "zkMDnyp7EZfEns1pB8Wh_byNxJ_RbpAH8gqahWoO-TfjShrUv_57MpoTC2QALmapcAuAZSbUiKa-zHVFRnZzIzwd_E_q94ecfmZXjLywvQeJvIHn0v7ivn0G_RkNIZjcMUiPh-uMBfE0ywUT6MQ8cEa5abq4i7P8QUP81049yEC28jITHU2wNs9f65vSfCmEru9eRTgcXlXtxaMslVbiIH4hBTl7Fk_0zmBCqAgd7l2yNinx2c0CTbCTHARuBkHJk3PyGnSbMj7kRmkmG27I8l9BXsSmN0xpPXUxtscdcqLTULFstCY40cs455NKESjG0apQ1fSDe0aonLSFk-AgKQ",
          "e": "AQAB"
        },
        "attributes": {
          "enabled": true,
          "created": 1612561195,
          "updated": 1612561195,
          "recoveryLevel": "Recoverable\u002BPurgeable",
          "recoverableDays": 90
        }
      }
    },
    {
      "RequestUri": "https://heathskeyvault.vault.azure.net/keys/740480559/0cb2db84a7bc47a8bfefd13425a3523e?api-version=7.1",
      "RequestMethod": "GET",
      "RequestHeaders": {
        "Accept": "application/json",
        "Authorization": "Sanitized",
        "Content-Type": "application/json",
        "traceparent": "00-6522c383b8381b4b9be89d04bb903449-ffd26dfa043a7c4a-00",
        "User-Agent": [
          "azsdk-net-Security.KeyVault.Keys/4.2.0-alpha.20210205.1",
          "(.NET Core 4.6.29518.01; Microsoft Windows 10.0.19042 )"
        ],
        "x-ms-client-request-id": "ecabe536cf086130ee2a75094b449c44",
        "x-ms-return-client-request-id": "true"
      },
      "RequestBody": null,
      "StatusCode": 200,
      "ResponseHeaders": {
        "Cache-Control": "no-cache",
        "Content-Length": "679",
        "Content-Type": "application/json; charset=utf-8",
        "Date": "Fri, 05 Feb 2021 21:39:54 GMT",
        "Expires": "-1",
        "Pragma": "no-cache",
        "Strict-Transport-Security": "max-age=31536000;includeSubDomains",
        "X-Content-Type-Options": "nosniff",
        "x-ms-keyvault-network-info": "conn_type=Ipv4;addr=67.171.12.239;act_addr_fam=InterNetwork;",
        "x-ms-keyvault-region": "westus2",
        "x-ms-keyvault-service-version": "1.2.164.0",
        "x-ms-request-id": "85859e5d-5009-4a40-a84c-f36da2da6ed7",
        "X-Powered-By": "ASP.NET"
      },
      "ResponseBody": {
        "key": {
          "kid": "https://heathskeyvault.vault.azure.net/keys/740480559/0cb2db84a7bc47a8bfefd13425a3523e",
          "kty": "RSA",
          "key_ops": [
            "encrypt",
            "decrypt",
            "sign",
            "verify",
            "wrapKey",
            "unwrapKey"
          ],
          "n": "zkMDnyp7EZfEns1pB8Wh_byNxJ_RbpAH8gqahWoO-TfjShrUv_57MpoTC2QALmapcAuAZSbUiKa-zHVFRnZzIzwd_E_q94ecfmZXjLywvQeJvIHn0v7ivn0G_RkNIZjcMUiPh-uMBfE0ywUT6MQ8cEa5abq4i7P8QUP81049yEC28jITHU2wNs9f65vSfCmEru9eRTgcXlXtxaMslVbiIH4hBTl7Fk_0zmBCqAgd7l2yNinx2c0CTbCTHARuBkHJk3PyGnSbMj7kRmkmG27I8l9BXsSmN0xpPXUxtscdcqLTULFstCY40cs455NKESjG0apQ1fSDe0aonLSFk-AgKQ",
          "e": "AQAB"
        },
        "attributes": {
          "enabled": true,
          "created": 1612561195,
          "updated": 1612561195,
          "recoveryLevel": "Recoverable\u002BPurgeable",
          "recoverableDays": 90
        }
      }
    },
    {
      "RequestUri": "https://heathskeyvault.vault.azure.net/keys/740480559/0cb2db84a7bc47a8bfefd13425a3523e/sign?api-version=7.1",
      "RequestMethod": "POST",
      "RequestHeaders": {
        "Accept": "application/json",
        "Authorization": "Sanitized",
        "Content-Length": "112",
        "Content-Type": "application/json",
        "traceparent": "00-6522c383b8381b4b9be89d04bb903449-b1661d98a4f5974c-00",
        "User-Agent": [
          "azsdk-net-Security.KeyVault.Keys/4.2.0-alpha.20210205.1",
          "(.NET Core 4.6.29518.01; Microsoft Windows 10.0.19042 )"
        ],
        "x-ms-client-request-id": "7df68e56ccfdb167a035edd2677545e6",
        "x-ms-return-client-request-id": "true"
      },
      "RequestBody": {
        "alg": "RS512",
        "value": "Y66wIxLCMTF79BVAuBFYaxYas7iozSvxTYR3Tth1a5VYZKo_gKC_SQ6JzyG0SH8R98M9QexfBG4-ZSDZb0QDvg"
      },
      "StatusCode": 200,
      "ResponseHeaders": {
        "Cache-Control": "no-cache",
        "Content-Length": "449",
        "Content-Type": "application/json; charset=utf-8",
        "Date": "Fri, 05 Feb 2021 21:39:54 GMT",
        "Expires": "-1",
        "Pragma": "no-cache",
        "Strict-Transport-Security": "max-age=31536000;includeSubDomains",
        "X-Content-Type-Options": "nosniff",
        "x-ms-keyvault-network-info": "conn_type=Ipv4;addr=67.171.12.239;act_addr_fam=InterNetwork;",
        "x-ms-keyvault-region": "westus2",
        "x-ms-keyvault-service-version": "1.2.164.0",
        "x-ms-request-id": "50c3a548-1b7e-4bfb-a24b-ecbba167a1ce",
        "X-Powered-By": "ASP.NET"
      },
      "ResponseBody": {
        "kid": "https://heathskeyvault.vault.azure.net/keys/740480559/0cb2db84a7bc47a8bfefd13425a3523e",
        "value": "N3pMnD8Z_P-66HoFHeyqLqwnL6Bc7kTRIRFOQE66GGkU5Lf0ny064M7-tzow6E9vVRMqd6Si97AWio_L3Z7SyPQrvk44qfaAny290-kRPD0rtBP_S30JUZjxCpBOanaIcDS6UsTBZ-jpgwZeBSbZkYwU231TsmdzWoeqp36grI3Z2Q4WiWDHLdFYhBmX5wEFaQEq-zsBt21566DcOi5Tk-8mabeKYISJIZ6pKZplKiz6oBqjDWDsHUDu8IzZv_CNYmyKD5n_q0OcaeJKhOhKRtmJfB8uyev0IedFS8D1syjRbg0diPN5h5h4KKN84V7TDphoRk4uUTkIZYxEYBJEaA"
      }
    }
  ],
  "Variables": {
    "AZURE_KEYVAULT_URL": "https://heathskeyvault.vault.azure.net/",
    "RandomSeed": "779201106"
  }
}