{
  "Entries": [
    {
      "RequestUri": "https://heathskeyvault.vault.azure.net/keys/235832169/create?api-version=7.1",
      "RequestMethod": "POST",
      "RequestHeaders": {
        "Accept": "application/json",
        "Content-Type": "application/json",
        "traceparent": "00-1fd9578f1b8dfe42ad9e7d6d5f14fd9e-5b799ae522b5344d-00",
        "User-Agent": [
          "azsdk-net-Security.KeyVault.Keys/4.2.0-alpha.20210205.1",
          "(.NET Core 4.6.29518.01; Microsoft Windows 10.0.19042 )"
        ],
        "x-ms-client-request-id": "e35a6e34f26fb345c67a076da3eeea95",
        "x-ms-return-client-request-id": "true"
      },
      "RequestBody": null,
      "StatusCode": 401,
      "ResponseHeaders": {
        "Cache-Control": "no-cache",
        "Content-Length": "87",
        "Content-Type": "application/json; charset=utf-8",
        "Date": "Fri, 05 Feb 2021 21:40:27 GMT",
        "Expires": "-1",
        "Pragma": "no-cache",
        "Strict-Transport-Security": "max-age=31536000;includeSubDomains",
        "WWW-Authenticate": "Bearer authorization=\u0022https://login.windows.net/72f988bf-86f1-41af-91ab-2d7cd011db47\u0022, resource=\u0022https://vault.azure.net\u0022",
        "X-Content-Type-Options": "nosniff",
        "x-ms-keyvault-network-info": "conn_type=Ipv4;addr=67.171.12.239;act_addr_fam=InterNetwork;",
        "x-ms-keyvault-region": "westus2",
        "x-ms-keyvault-service-version": "1.2.164.0",
        "x-ms-request-id": "0bbdc843-4054-4996-9890-7ca5dabea8e8",
        "X-Powered-By": "ASP.NET"
      },
      "ResponseBody": {
        "error": {
          "code": "Unauthorized",
          "message": "Request is missing a Bearer or PoP token."
        }
      }
    },
    {
      "RequestUri": "https://heathskeyvault.vault.azure.net/keys/235832169/create?api-version=7.1",
      "RequestMethod": "POST",
      "RequestHeaders": {
        "Accept": "application/json",
        "Authorization": "Sanitized",
        "Content-Length": "13",
        "Content-Type": "application/json",
        "traceparent": "00-1fd9578f1b8dfe42ad9e7d6d5f14fd9e-5b799ae522b5344d-00",
        "User-Agent": [
          "azsdk-net-Security.KeyVault.Keys/4.2.0-alpha.20210205.1",
          "(.NET Core 4.6.29518.01; Microsoft Windows 10.0.19042 )"
        ],
        "x-ms-client-request-id": "e35a6e34f26fb345c67a076da3eeea95",
        "x-ms-return-client-request-id": "true"
      },
      "RequestBody": {
        "kty": "RSA"
      },
      "StatusCode": 200,
      "ResponseHeaders": {
        "Cache-Control": "no-cache",
        "Content-Length": "679",
        "Content-Type": "application/json; charset=utf-8",
        "Date": "Fri, 05 Feb 2021 21:40:28 GMT",
        "Expires": "-1",
        "Pragma": "no-cache",
        "Strict-Transport-Security": "max-age=31536000;includeSubDomains",
        "X-Content-Type-Options": "nosniff",
        "x-ms-keyvault-network-info": "conn_type=Ipv4;addr=67.171.12.239;act_addr_fam=InterNetwork;",
        "x-ms-keyvault-region": "westus2",
        "x-ms-keyvault-service-version": "1.2.164.0",
        "x-ms-request-id": "7024486a-e3a2-4147-b096-2dbdf87498a3",
        "X-Powered-By": "ASP.NET"
      },
      "ResponseBody": {
        "key": {
          "kid": "https://heathskeyvault.vault.azure.net/keys/235832169/380e425221cf4cba8b73fb81f8715d8d",
          "kty": "RSA",
          "key_ops": [
            "encrypt",
            "decrypt",
            "sign",
            "verify",
            "wrapKey",
            "unwrapKey"
          ],
          "n": "1JhhfJGqUf7Agukkd8O4Xyy6dTZJ7Zz-w_ws4K6q5g1eEQMjE7nmpYHm3tY83qhrBHIDy1dM6QbttyBo_WZBPl_NkyEN0DY9t6CEnLFvBmpjKnRPWgai9kR0KxvnozgK6kx6YZ4tJ5QtDotFAxh5w_HgUKoxz4Qw0rT3drGypJU4SnDlqyAWRTIoWLANXwmLUhiWqcREHZkuL2pELe3g9fUu2vEZS1MLXOvR19x8AN3aq7vRa61NCWHXbb4dzlAYeVhTE_4h04hy_USoR2Ns2BUBdREZjHxKQqSY6bv4_c80kMOU0O8P4tHU-PrY3cc9y92cL-kuO_pkKpEQBdYwQQ",
          "e": "AQAB"
        },
        "attributes": {
          "enabled": true,
          "created": 1612561228,
          "updated": 1612561228,
          "recoveryLevel": "Recoverable\u002BPurgeable",
          "recoverableDays": 90
        }
      }
    },
    {
      "RequestUri": "https://heathskeyvault.vault.azure.net/keys/235832169/380e425221cf4cba8b73fb81f8715d8d/sign?api-version=7.1",
      "RequestMethod": "POST",
      "RequestHeaders": {
        "Accept": "application/json",
        "Authorization": "Sanitized",
        "Content-Length": "90",
        "Content-Type": "application/json",
        "traceparent": "00-e13be7eb6471814295b70441569c2b46-4ad1d621431af94f-00",
        "User-Agent": [
          "azsdk-net-Security.KeyVault.Keys/4.2.0-alpha.20210205.1",
          "(.NET Core 4.6.29518.01; Microsoft Windows 10.0.19042 )"
        ],
        "x-ms-client-request-id": "7de50b177c26d2dcd1039f0eeb46e2be",
        "x-ms-return-client-request-id": "true"
      },
      "RequestBody": {
        "alg": "PS384",
        "value": "83JMGg1CeQvk5VQxpOLc3f5PRxP7QVjfhbdVEatbVCbOO_8mz7KRVnoPHFskrVGk"
      },
      "StatusCode": 200,
      "ResponseHeaders": {
        "Cache-Control": "no-cache",
        "Content-Length": "449",
        "Content-Type": "application/json; charset=utf-8",
        "Date": "Fri, 05 Feb 2021 21:40:28 GMT",
        "Expires": "-1",
        "Pragma": "no-cache",
        "Strict-Transport-Security": "max-age=31536000;includeSubDomains",
        "X-Content-Type-Options": "nosniff",
        "x-ms-keyvault-network-info": "conn_type=Ipv4;addr=67.171.12.239;act_addr_fam=InterNetwork;",
        "x-ms-keyvault-region": "westus2",
        "x-ms-keyvault-service-version": "1.2.164.0",
        "x-ms-request-id": "1ca5a37d-90cb-4d33-b8e5-b5b0de2bef66",
        "X-Powered-By": "ASP.NET"
      },
      "ResponseBody": {
        "kid": "https://heathskeyvault.vault.azure.net/keys/235832169/380e425221cf4cba8b73fb81f8715d8d",
        "value": "h2N-ZNO7OqvVhqpDQdVKkHSK00v-e_dI-XD5LWxAHxl2jpBt3Lk-wDJtLGc9Ypq6VgPazBSbzUnH-MKVvetxtm9VOou6d6kTuZBVrZD91DynIEHjDkwk8VLIMHdNTRkbNlfI_OxhH9q0spplzr_HNZqUZRLd9vh5upU-QBI7Xjk3l-KU5-8AeuCnXw6oWOZ9ILbcyBqdbha8OOC4f5u1oIhDZyxiSbFB3ekRqIIgqXZpW-MW6SAJfXttGocrbS5tfC9xR5qWH0GsHXmpnLUtNvp5HxJeN5dNy0M0VtBd0F-46RhNVHlrOIBBvVSd2G0RBtrA7lBSnSU6GYdkZYWiGQ"
      }
    },
    {
      "RequestUri": "https://heathskeyvault.vault.azure.net/keys/235832169/380e425221cf4cba8b73fb81f8715d8d/sign?api-version=7.1",
      "RequestMethod": "POST",
      "RequestHeaders": {
        "Accept": "application/json",
        "Authorization": "Sanitized",
        "Content-Length": "90",
        "Content-Type": "application/json",
        "traceparent": "00-1608d6c4d7444a4e8ca20527f5755e9e-5678880d20b17741-00",
        "User-Agent": [
          "azsdk-net-Security.KeyVault.Keys/4.2.0-alpha.20210205.1",
          "(.NET Core 4.6.29518.01; Microsoft Windows 10.0.19042 )"
        ],
        "x-ms-client-request-id": "043960e2caa16fbe8c84e4c9cd479224",
        "x-ms-return-client-request-id": "true"
      },
      "RequestBody": {
        "alg": "PS384",
        "value": "83JMGg1CeQvk5VQxpOLc3f5PRxP7QVjfhbdVEatbVCbOO_8mz7KRVnoPHFskrVGk"
      },
      "StatusCode": 200,
      "ResponseHeaders": {
        "Cache-Control": "no-cache",
        "Content-Length": "449",
        "Content-Type": "application/json; charset=utf-8",
        "Date": "Fri, 05 Feb 2021 21:40:28 GMT",
        "Expires": "-1",
        "Pragma": "no-cache",
        "Strict-Transport-Security": "max-age=31536000;includeSubDomains",
        "X-Content-Type-Options": "nosniff",
        "x-ms-keyvault-network-info": "conn_type=Ipv4;addr=67.171.12.239;act_addr_fam=InterNetwork;",
        "x-ms-keyvault-region": "westus2",
        "x-ms-keyvault-service-version": "1.2.164.0",
        "x-ms-request-id": "8b4ee112-430b-4a19-b0f8-9e3f232d994f",
        "X-Powered-By": "ASP.NET"
      },
      "ResponseBody": {
        "kid": "https://heathskeyvault.vault.azure.net/keys/235832169/380e425221cf4cba8b73fb81f8715d8d",
        "value": "vkdhDAvK-24aCW6FjNHvkHHisWI0UOfSzaWi-B20LYbAOwBHGbD0T0oGbr4aFAw0s42rk7PAfxKZtiG-RSDvw1cr91TxDK2JA4EC1LAl31CWvcdQLULs23ibgOSi4X9p0v-V-CrVrTaN031sGwX2i26kV040y-tYPt4Ye9IMrHpCuaBzC17swbUNw_kvYQmOsCPB7OewbGZeH7hAdBg-I1BSESeO7ea4rIftDEXEGBoUgEdYGXNlRVyR1xlCmFmT-Wbc8DyG-P8Tu4wSUJsTOWdGPQZc9ich7ZbQLPPOgjdMiErh_2J6I9bIlfHtGQAtlWG9Mn-DJO8RVRigw0SWtg"
      }
    },
    {
      "RequestUri": "https://heathskeyvault.vault.azure.net/keys/235832169/380e425221cf4cba8b73fb81f8715d8d/verify?api-version=7.1",
      "RequestMethod": "POST",
      "RequestHeaders": {
        "Accept": "application/json",
        "Authorization": "Sanitized",
        "Content-Length": "444",
        "Content-Type": "application/json",
        "traceparent": "00-dcd1261cfc262e4baa1920ed03230304-e825431030ac9746-00",
        "User-Agent": [
          "azsdk-net-Security.KeyVault.Keys/4.2.0-alpha.20210205.1",
          "(.NET Core 4.6.29518.01; Microsoft Windows 10.0.19042 )"
        ],
        "x-ms-client-request-id": "6a1a70f5cee33c382cd59a43502f0694",
        "x-ms-return-client-request-id": "true"
      },
      "RequestBody": {
        "alg": "PS384",
        "digest": "83JMGg1CeQvk5VQxpOLc3f5PRxP7QVjfhbdVEatbVCbOO_8mz7KRVnoPHFskrVGk",
        "value": "vkdhDAvK-24aCW6FjNHvkHHisWI0UOfSzaWi-B20LYbAOwBHGbD0T0oGbr4aFAw0s42rk7PAfxKZtiG-RSDvw1cr91TxDK2JA4EC1LAl31CWvcdQLULs23ibgOSi4X9p0v-V-CrVrTaN031sGwX2i26kV040y-tYPt4Ye9IMrHpCuaBzC17swbUNw_kvYQmOsCPB7OewbGZeH7hAdBg-I1BSESeO7ea4rIftDEXEGBoUgEdYGXNlRVyR1xlCmFmT-Wbc8DyG-P8Tu4wSUJsTOWdGPQZc9ich7ZbQLPPOgjdMiErh_2J6I9bIlfHtGQAtlWG9Mn-DJO8RVRigw0SWtg"
      },
      "StatusCode": 200,
      "ResponseHeaders": {
        "Cache-Control": "no-cache",
        "Content-Length": "14",
        "Content-Type": "application/json; charset=utf-8",
        "Date": "Fri, 05 Feb 2021 21:40:28 GMT",
        "Expires": "-1",
        "Pragma": "no-cache",
        "Strict-Transport-Security": "max-age=31536000;includeSubDomains",
        "X-Content-Type-Options": "nosniff",
        "x-ms-keyvault-network-info": "conn_type=Ipv4;addr=67.171.12.239;act_addr_fam=InterNetwork;",
        "x-ms-keyvault-region": "westus2",
        "x-ms-keyvault-service-version": "1.2.164.0",
        "x-ms-request-id": "24e591fb-2453-4882-b86e-16e91315c4aa",
        "X-Powered-By": "ASP.NET"
      },
      "ResponseBody": {
        "value": true
      }
    },
    {
      "RequestUri": "https://heathskeyvault.vault.azure.net/keys/235832169/380e425221cf4cba8b73fb81f8715d8d/verify?api-version=7.1",
      "RequestMethod": "POST",
      "RequestHeaders": {
        "Accept": "application/json",
        "Authorization": "Sanitized",
        "Content-Length": "444",
        "Content-Type": "application/json",
        "traceparent": "00-fd63b5f24be2e545858fe60daa817ebf-91224abb85cece4d-00",
        "User-Agent": [
          "azsdk-net-Security.KeyVault.Keys/4.2.0-alpha.20210205.1",
          "(.NET Core 4.6.29518.01; Microsoft Windows 10.0.19042 )"
        ],
        "x-ms-client-request-id": "88fa67372a774d064d75f1a19813058a",
        "x-ms-return-client-request-id": "true"
      },
      "RequestBody": {
        "alg": "PS384",
        "digest": "83JMGg1CeQvk5VQxpOLc3f5PRxP7QVjfhbdVEatbVCbOO_8mz7KRVnoPHFskrVGk",
        "value": "h2N-ZNO7OqvVhqpDQdVKkHSK00v-e_dI-XD5LWxAHxl2jpBt3Lk-wDJtLGc9Ypq6VgPazBSbzUnH-MKVvetxtm9VOou6d6kTuZBVrZD91DynIEHjDkwk8VLIMHdNTRkbNlfI_OxhH9q0spplzr_HNZqUZRLd9vh5upU-QBI7Xjk3l-KU5-8AeuCnXw6oWOZ9ILbcyBqdbha8OOC4f5u1oIhDZyxiSbFB3ekRqIIgqXZpW-MW6SAJfXttGocrbS5tfC9xR5qWH0GsHXmpnLUtNvp5HxJeN5dNy0M0VtBd0F-46RhNVHlrOIBBvVSd2G0RBtrA7lBSnSU6GYdkZYWiGQ"
      },
      "StatusCode": 200,
      "ResponseHeaders": {
        "Cache-Control": "no-cache",
        "Content-Length": "14",
        "Content-Type": "application/json; charset=utf-8",
        "Date": "Fri, 05 Feb 2021 21:40:28 GMT",
        "Expires": "-1",
        "Pragma": "no-cache",
        "Strict-Transport-Security": "max-age=31536000;includeSubDomains",
        "X-Content-Type-Options": "nosniff",
        "x-ms-keyvault-network-info": "conn_type=Ipv4;addr=67.171.12.239;act_addr_fam=InterNetwork;",
        "x-ms-keyvault-region": "westus2",
        "x-ms-keyvault-service-version": "1.2.164.0",
        "x-ms-request-id": "7c45f710-483c-4973-afde-36aab316cf87",
        "X-Powered-By": "ASP.NET"
      },
      "ResponseBody": {
        "value": true
      }
    }
  ],
  "Variables": {
    "AZURE_KEYVAULT_URL": "https://heathskeyvault.vault.azure.net/",
    "RandomSeed": "1593074910"
  }
}