{
  "Entries": [
    {
      "RequestUri": "https://heathskvtest.vault.azure.net/keys/613336731/create?api-version=7.3-preview",
      "RequestMethod": "POST",
      "RequestHeaders": {
        "Accept": "application/json",
        "Content-Length": "0",
        "traceparent": "00-0a1a817b046e744b907206c82056b5b1-9ccbce09fed44741-00",
        "User-Agent": [
          "azsdk-net-Security.KeyVault.Keys/4.3.0-alpha.20210713.1",
          "(.NET 5.0.8; Microsoft Windows 10.0.19043)"
        ],
        "x-ms-client-request-id": "a3b2220070aa59ff71905fb69e668259",
        "x-ms-return-client-request-id": "true"
      },
      "RequestBody": null,
      "StatusCode": 401,
      "ResponseHeaders": {
        "Cache-Control": "no-cache",
        "Content-Length": "97",
        "Content-Type": "application/json; charset=utf-8",
        "Date": "Wed, 14 Jul 2021 01:05:54 GMT",
        "Expires": "-1",
        "Pragma": "no-cache",
        "Strict-Transport-Security": "max-age=31536000;includeSubDomains",
        "WWW-Authenticate": "Bearer authorization=\u0022https://login.windows.net/72f988bf-86f1-41af-91ab-2d7cd011db47\u0022, resource=\u0022https://vault.azure.net\u0022",
        "X-Content-Type-Options": "nosniff",
        "x-ms-client-request-id": "a3b2220070aa59ff71905fb69e668259",
        "x-ms-keyvault-network-info": "conn_type=Ipv4;addr=67.171.12.239;act_addr_fam=InterNetwork;",
        "x-ms-keyvault-region": "westus2",
        "x-ms-keyvault-service-version": "1.9.12.0",
        "x-ms-request-id": "f59308c4-a9e1-41a7-acd8-8803119d338a",
        "X-Powered-By": "ASP.NET"
      },
      "ResponseBody": {
        "error": {
          "code": "Unauthorized",
          "message": "AKV10000: Request is missing a Bearer or PoP token."
        }
      }
    },
    {
      "RequestUri": "https://heathskvtest.vault.azure.net/keys/613336731/create?api-version=7.3-preview",
      "RequestMethod": "POST",
      "RequestHeaders": {
        "Accept": "application/json",
        "Authorization": "Sanitized",
        "Content-Length": "27",
        "Content-Type": "application/json",
        "traceparent": "00-0a1a817b046e744b907206c82056b5b1-9ccbce09fed44741-00",
        "User-Agent": [
          "azsdk-net-Security.KeyVault.Keys/4.3.0-alpha.20210713.1",
          "(.NET 5.0.8; Microsoft Windows 10.0.19043)"
        ],
        "x-ms-client-request-id": "a3b2220070aa59ff71905fb69e668259",
        "x-ms-return-client-request-id": "true"
      },
      "RequestBody": {
        "kty": "EC",
        "crv": "P-256K"
      },
      "StatusCode": 200,
      "ResponseHeaders": {
        "Cache-Control": "no-cache",
        "Content-Length": "389",
        "Content-Type": "application/json; charset=utf-8",
        "Date": "Wed, 14 Jul 2021 01:05:54 GMT",
        "Expires": "-1",
        "Pragma": "no-cache",
        "Strict-Transport-Security": "max-age=31536000;includeSubDomains",
        "X-Content-Type-Options": "nosniff",
        "x-ms-client-request-id": "a3b2220070aa59ff71905fb69e668259",
        "x-ms-keyvault-network-info": "conn_type=Ipv4;addr=67.171.12.239;act_addr_fam=InterNetwork;",
        "x-ms-keyvault-region": "westus2",
        "x-ms-keyvault-service-version": "1.9.12.0",
        "x-ms-request-id": "0c1da6d2-18f4-4bb1-8d69-22c464200f72",
        "X-Powered-By": "ASP.NET"
      },
      "ResponseBody": {
        "key": {
          "kid": "https://heathskvtest.vault.azure.net/keys/613336731/70bf6cdef5b24b9fb52332648d41636e",
          "kty": "EC",
          "key_ops": [
            "sign",
            "verify"
          ],
          "crv": "P-256K",
          "x": "cRsVpqQJEKV5Agdh9NXFGNNq4r1Cb7VRQS6xPDhZuSw",
          "y": "wGdf_OcxH1YiuAatDtkv6hKS2n4aMBSi17V12y7xcfs"
        },
        "attributes": {
          "enabled": true,
          "created": 1626224755,
          "updated": 1626224755,
          "recoveryLevel": "Recoverable\u002BPurgeable",
          "recoverableDays": 90
        }
      }
    },
    {
      "RequestUri": "https://heathskvtest.vault.azure.net/keys/613336731/70bf6cdef5b24b9fb52332648d41636e/sign?api-version=7.3-preview",
      "RequestMethod": "POST",
      "RequestHeaders": {
        "Accept": "application/json",
        "Authorization": "Sanitized",
        "Content-Length": "70",
        "Content-Type": "application/json",
        "traceparent": "00-4e86ac0dd23e4a4d8b6ccf656d54ac52-72789026949d3c4b-00",
        "User-Agent": [
          "azsdk-net-Security.KeyVault.Keys/4.3.0-alpha.20210713.1",
          "(.NET 5.0.8; Microsoft Windows 10.0.19043)"
        ],
        "x-ms-client-request-id": "6221f67abdfd45d9403eb50e260c103a",
        "x-ms-return-client-request-id": "true"
      },
      "RequestBody": {
        "alg": "ES256K",
        "value": "WyIynh7KprXf2MzX8jIalM_3x9zaq_CEFfgRz7YaLT8"
      },
      "StatusCode": 200,
      "ResponseHeaders": {
        "Cache-Control": "no-cache",
        "Content-Length": "191",
        "Content-Type": "application/json; charset=utf-8",
        "Date": "Wed, 14 Jul 2021 01:05:54 GMT",
        "Expires": "-1",
        "Pragma": "no-cache",
        "Strict-Transport-Security": "max-age=31536000;includeSubDomains",
        "X-Content-Type-Options": "nosniff",
        "x-ms-client-request-id": "6221f67abdfd45d9403eb50e260c103a",
        "x-ms-keyvault-network-info": "conn_type=Ipv4;addr=67.171.12.239;act_addr_fam=InterNetwork;",
        "x-ms-keyvault-region": "westus2",
        "x-ms-keyvault-service-version": "1.9.12.0",
        "x-ms-request-id": "65cec176-fb0a-433f-b3d0-4a3eb9c8ba38",
        "X-Powered-By": "ASP.NET"
      },
      "ResponseBody": {
        "kid": "https://heathskvtest.vault.azure.net/keys/613336731/70bf6cdef5b24b9fb52332648d41636e",
        "value": "9UF7ChHEeqbtFz2AEIIHL9OxAHInuickSG1Z5otn2Tb2DGXH5sAC87ocVP86SU7dSDAJgueBe7DKcm3UXzAOoQ"
      }
    },
    {
      "RequestUri": "https://heathskvtest.vault.azure.net/keys/613336731/70bf6cdef5b24b9fb52332648d41636e/sign?api-version=7.3-preview",
      "RequestMethod": "POST",
      "RequestHeaders": {
        "Accept": "application/json",
        "Authorization": "Sanitized",
        "Content-Length": "70",
        "Content-Type": "application/json",
        "traceparent": "00-0e1624bba959354880bb170cea5474a3-8635e08cd535f149-00",
        "User-Agent": [
          "azsdk-net-Security.KeyVault.Keys/4.3.0-alpha.20210713.1",
          "(.NET 5.0.8; Microsoft Windows 10.0.19043)"
        ],
        "x-ms-client-request-id": "4b9f0fd5a89e5c0aa980a771e435f450",
        "x-ms-return-client-request-id": "true"
      },
      "RequestBody": {
        "alg": "ES256K",
        "value": "WyIynh7KprXf2MzX8jIalM_3x9zaq_CEFfgRz7YaLT8"
      },
      "StatusCode": 200,
      "ResponseHeaders": {
        "Cache-Control": "no-cache",
        "Content-Length": "191",
        "Content-Type": "application/json; charset=utf-8",
        "Date": "Wed, 14 Jul 2021 01:05:54 GMT",
        "Expires": "-1",
        "Pragma": "no-cache",
        "Strict-Transport-Security": "max-age=31536000;includeSubDomains",
        "X-Content-Type-Options": "nosniff",
        "x-ms-client-request-id": "4b9f0fd5a89e5c0aa980a771e435f450",
        "x-ms-keyvault-network-info": "conn_type=Ipv4;addr=67.171.12.239;act_addr_fam=InterNetwork;",
        "x-ms-keyvault-region": "westus2",
        "x-ms-keyvault-service-version": "1.9.12.0",
        "x-ms-request-id": "92609516-73e3-4f1b-abd2-5b7903f4fd02",
        "X-Powered-By": "ASP.NET"
      },
      "ResponseBody": {
        "kid": "https://heathskvtest.vault.azure.net/keys/613336731/70bf6cdef5b24b9fb52332648d41636e",
        "value": "fCwqAyrRxJ1sgaXhhTvEyJB8qnRPjV6YEJbdBRI2W8PRPZWmpOVsZAapYX0UD3Op45_rqSNKlfo0pgppOCUCQg"
      }
    },
    {
      "RequestUri": "https://heathskvtest.vault.azure.net/keys/613336731/70bf6cdef5b24b9fb52332648d41636e/verify?api-version=7.3-preview",
      "RequestMethod": "POST",
      "RequestHeaders": {
        "Accept": "application/json",
        "Authorization": "Sanitized",
        "Content-Length": "168",
        "Content-Type": "application/json",
        "traceparent": "00-99e1f7e3ba10ae47987b489ac1d94f61-278bf31243561847-00",
        "User-Agent": [
          "azsdk-net-Security.KeyVault.Keys/4.3.0-alpha.20210713.1",
          "(.NET 5.0.8; Microsoft Windows 10.0.19043)"
        ],
        "x-ms-client-request-id": "53780f1c591659527a8199101328a20e",
        "x-ms-return-client-request-id": "true"
      },
      "RequestBody": {
        "alg": "ES256K",
        "digest": "WyIynh7KprXf2MzX8jIalM_3x9zaq_CEFfgRz7YaLT8",
        "value": "fCwqAyrRxJ1sgaXhhTvEyJB8qnRPjV6YEJbdBRI2W8PRPZWmpOVsZAapYX0UD3Op45_rqSNKlfo0pgppOCUCQg"
      },
      "StatusCode": 200,
      "ResponseHeaders": {
        "Cache-Control": "no-cache",
        "Content-Length": "14",
        "Content-Type": "application/json; charset=utf-8",
        "Date": "Wed, 14 Jul 2021 01:05:54 GMT",
        "Expires": "-1",
        "Pragma": "no-cache",
        "Strict-Transport-Security": "max-age=31536000;includeSubDomains",
        "X-Content-Type-Options": "nosniff",
        "x-ms-client-request-id": "53780f1c591659527a8199101328a20e",
        "x-ms-keyvault-network-info": "conn_type=Ipv4;addr=67.171.12.239;act_addr_fam=InterNetwork;",
        "x-ms-keyvault-region": "westus2",
        "x-ms-keyvault-service-version": "1.9.12.0",
        "x-ms-request-id": "11a641ce-ffab-4e96-997f-e8e0bfce6dd3",
        "X-Powered-By": "ASP.NET"
      },
      "ResponseBody": {
        "value": true
      }
    },
    {
      "RequestUri": "https://heathskvtest.vault.azure.net/keys/613336731/70bf6cdef5b24b9fb52332648d41636e/verify?api-version=7.3-preview",
      "RequestMethod": "POST",
      "RequestHeaders": {
        "Accept": "application/json",
        "Authorization": "Sanitized",
        "Content-Length": "168",
        "Content-Type": "application/json",
        "traceparent": "00-b5ba7ec59851bd4a921ce20b8dd07c61-a6752bd42bad5d44-00",
        "User-Agent": [
          "azsdk-net-Security.KeyVault.Keys/4.3.0-alpha.20210713.1",
          "(.NET 5.0.8; Microsoft Windows 10.0.19043)"
        ],
        "x-ms-client-request-id": "70d79c4034fed29bebc4b87d1567610a",
        "x-ms-return-client-request-id": "true"
      },
      "RequestBody": {
        "alg": "ES256K",
        "digest": "WyIynh7KprXf2MzX8jIalM_3x9zaq_CEFfgRz7YaLT8",
        "value": "9UF7ChHEeqbtFz2AEIIHL9OxAHInuickSG1Z5otn2Tb2DGXH5sAC87ocVP86SU7dSDAJgueBe7DKcm3UXzAOoQ"
      },
      "StatusCode": 200,
      "ResponseHeaders": {
        "Cache-Control": "no-cache",
        "Content-Length": "14",
        "Content-Type": "application/json; charset=utf-8",
        "Date": "Wed, 14 Jul 2021 01:05:54 GMT",
        "Expires": "-1",
        "Pragma": "no-cache",
        "Strict-Transport-Security": "max-age=31536000;includeSubDomains",
        "X-Content-Type-Options": "nosniff",
        "x-ms-client-request-id": "70d79c4034fed29bebc4b87d1567610a",
        "x-ms-keyvault-network-info": "conn_type=Ipv4;addr=67.171.12.239;act_addr_fam=InterNetwork;",
        "x-ms-keyvault-region": "westus2",
        "x-ms-keyvault-service-version": "1.9.12.0",
        "x-ms-request-id": "1c4e390b-807d-4809-a8c9-e205b12caa82",
        "X-Powered-By": "ASP.NET"
      },
      "ResponseBody": {
        "value": true
      }
    }
  ],
  "Variables": {
    "AZURE_KEYVAULT_URL": "https://heathskvtest.vault.azure.net/",
    "RandomSeed": "268235531"
  }
}