{
  "Entries": [
    {
      "RequestUri": "https://tcac7e9c41ef52cec.vault.azure.net/keys/982107744/create?api-version=7.4",
      "RequestMethod": "POST",
      "RequestHeaders": {
        "Accept": "application/json",
        "Content-Length": "0",
        "traceparent": "00-2661b84a5d13bba95287859a426fd5a4-b3d4e1d3e52290f6-00",
        "User-Agent": "azsdk-net-Security.KeyVault.Keys/4.5.0-alpha.20230301.1 (.NET 7.0.3; Microsoft Windows 10.0.22621)",
        "x-ms-client-request-id": "8349686c4d7e2725cf7dbb2e365d1c8c",
        "x-ms-return-client-request-id": "true"
      },
      "RequestBody": null,
      "StatusCode": 401,
      "ResponseHeaders": {
        "Cache-Control": "no-cache",
        "Content-Length": "97",
        "Content-Type": "application/json; charset=utf-8",
        "Date": "Thu, 02 Mar 2023 01:02:16 GMT",
        "Expires": "-1",
        "Pragma": "no-cache",
        "Strict-Transport-Security": "max-age=31536000;includeSubDomains",
        "WWW-Authenticate": "Bearer authorization=\u0022https://login.windows.net/72f988bf-86f1-41af-91ab-2d7cd011db47\u0022, resource=\u0022https://vault.azure.net\u0022",
        "X-Content-Type-Options": "nosniff",
        "x-ms-client-request-id": "8349686c4d7e2725cf7dbb2e365d1c8c",
        "x-ms-keyvault-network-info": "conn_type=Ipv4;addr=131.107.174.211;act_addr_fam=InterNetwork;",
        "x-ms-keyvault-region": "westus",
        "x-ms-keyvault-service-version": "1.9.713.1",
        "x-ms-request-id": "ef85f97c-7059-40ed-8319-4d6ea24aab14"
      },
      "ResponseBody": {
        "error": {
          "code": "Unauthorized",
          "message": "AKV10000: Request is missing a Bearer or PoP token."
        }
      }
    },
    {
      "RequestUri": "https://tcac7e9c41ef52cec.vault.azure.net/keys/982107744/create?api-version=7.4",
      "RequestMethod": "POST",
      "RequestHeaders": {
        "Accept": "application/json",
        "Authorization": "Sanitized",
        "Content-Length": "13",
        "Content-Type": "application/json",
        "traceparent": "00-2661b84a5d13bba95287859a426fd5a4-b3d4e1d3e52290f6-00",
        "User-Agent": "azsdk-net-Security.KeyVault.Keys/4.5.0-alpha.20230301.1 (.NET 7.0.3; Microsoft Windows 10.0.22621)",
        "x-ms-client-request-id": "8349686c4d7e2725cf7dbb2e365d1c8c",
        "x-ms-return-client-request-id": "true"
      },
      "RequestBody": {
        "kty": "RSA"
      },
      "StatusCode": 200,
      "ResponseHeaders": {
        "Cache-Control": "no-cache",
        "Content-Length": "710",
        "Content-Type": "application/json; charset=utf-8",
        "Date": "Thu, 02 Mar 2023 01:02:16 GMT",
        "Expires": "-1",
        "Pragma": "no-cache",
        "Strict-Transport-Security": "max-age=31536000;includeSubDomains",
        "X-Content-Type-Options": "nosniff",
        "x-ms-client-request-id": "8349686c4d7e2725cf7dbb2e365d1c8c",
        "x-ms-keyvault-network-info": "conn_type=Ipv4;addr=131.107.174.211;act_addr_fam=InterNetwork;",
        "x-ms-keyvault-rbac-assignment-id": "466efa33-812c-52bf-a654-fa0cf1fa2619",
        "x-ms-keyvault-rbac-cache": "ra_age=145;da_age=145;rd_age=145;brd_age=12157;ra_notif_age=2222;dec_lev=1;",
        "x-ms-keyvault-region": "westus",
        "x-ms-keyvault-service-version": "1.9.713.1",
        "x-ms-request-id": "62026202-f961-4ddf-8d6b-e963832bb026"
      },
      "ResponseBody": {
        "key": {
          "kid": "https://tcac7e9c41ef52cec.vault.azure.net/keys/982107744/2dfe06d3ae8e423294a0dec4b7209fb0",
          "kty": "RSA",
          "key_ops": [
            "encrypt",
            "decrypt",
            "sign",
            "verify",
            "wrapKey",
            "unwrapKey"
          ],
          "n": "xlQOpvHgcfKVNQIvpuB6JReATRVnSbSrnqEgipEvu5U4jP6GZo9VYXXXB041hUWOuRx6s-KqaeuMcoZBumpCs7gXRD7kyMVzbma4iaEk1ZqVWV4JNo3ohz5AgSUkk9edr38OLrJQqtaEx897eG7gdt7HuUmGGFktQWh8Yjd-rtogn2B360hHLZQov2D89F04ZPIv9B8OMNVvIuF-BI_6d-mKAOsDFCobmrw0RGGKkXOukkmik7MzxaB43vwmH2_iv1TTEyt1LGS8JBgpjl3GqCD0uJfwgbUPIU2j1ota-rOtROQxRFKEmhrkph6LPWxHBNAk9EA-0_LT19Ez9fDaCQ",
          "e": "AQAB"
        },
        "attributes": {
          "enabled": true,
          "created": 1677718937,
          "updated": 1677718937,
          "recoveryLevel": "CustomizedRecoverable\u002BPurgeable",
          "recoverableDays": 7,
          "exportable": false
        }
      }
    },
    {
      "RequestUri": "https://tcac7e9c41ef52cec.vault.azure.net/keys/982107744/2dfe06d3ae8e423294a0dec4b7209fb0/wrapKey?api-version=7.4",
      "RequestMethod": "POST",
      "RequestHeaders": {
        "Accept": "application/json",
        "Authorization": "Sanitized",
        "Content-Length": "70",
        "Content-Type": "application/json",
        "traceparent": "00-b7d7138de5d93a0a65cd7bbda51be125-9fed5e72be0e092f-00",
        "User-Agent": "azsdk-net-Security.KeyVault.Keys/4.5.0-alpha.20230301.1 (.NET 7.0.3; Microsoft Windows 10.0.22621)",
        "x-ms-client-request-id": "62a3165e60f2929f041a5868aa61cf59",
        "x-ms-return-client-request-id": "true"
      },
      "RequestBody": {
        "alg": "RSA1_5",
        "value": "zk1098HaZC4rFqLDWHbX4U6CPN0MiZBqiFqRM3CZv7M"
      },
      "StatusCode": 200,
      "ResponseHeaders": {
        "Cache-Control": "no-cache",
        "Content-Length": "452",
        "Content-Type": "application/json; charset=utf-8",
        "Date": "Thu, 02 Mar 2023 01:02:16 GMT",
        "Expires": "-1",
        "Pragma": "no-cache",
        "Strict-Transport-Security": "max-age=31536000;includeSubDomains",
        "X-Content-Type-Options": "nosniff",
        "x-ms-client-request-id": "62a3165e60f2929f041a5868aa61cf59",
        "x-ms-keyvault-network-info": "conn_type=Ipv4;addr=131.107.174.211;act_addr_fam=InterNetwork;",
        "x-ms-keyvault-rbac-assignment-id": "466efa33-812c-52bf-a654-fa0cf1fa2619",
        "x-ms-keyvault-rbac-cache": "ra_age=145;da_age=145;rd_age=145;brd_age=12158;ra_notif_age=2222;dec_lev=1;",
        "x-ms-keyvault-region": "westus",
        "x-ms-keyvault-service-version": "1.9.713.1",
        "x-ms-request-id": "fc10c548-c7cb-4517-b36c-2ef1909811d3"
      },
      "ResponseBody": {
        "kid": "https://tcac7e9c41ef52cec.vault.azure.net/keys/982107744/2dfe06d3ae8e423294a0dec4b7209fb0",
        "value": "G3NEoGTvFyIQTzVqFU088n7HgRHZ3MnCQVycMWsg86H2ezUJcK7wSOjD7Q4POctw3FkYjJllqpFckCwyaNXeMLNVz9-DfRbg0AaK1hXuKA1o3ECVsSVEnck0CqR4wzBYf39qqJHv6INHTUeQ3_qQw1d7QO1otPytwYkvJvom3XK5T70WZ19j2tTCTyD-3rF8Xv0HaUWMEYO5E6X3PpoIX5ndhUVdF2AO5ACoJNmsJhzL95E902UbGlJ0D1Po9ukuk5ljD5RBUILQOVXPUQ-jrfe_E8iraBPVVsEWYV8rbMwKap5Xb2hYKvS6tnPu_GVX9YXtXZycuI4AWFTDSF2daw"
      }
    },
    {
      "RequestUri": "https://tcac7e9c41ef52cec.vault.azure.net/keys/982107744/2dfe06d3ae8e423294a0dec4b7209fb0/unwrapKey?api-version=7.4",
      "RequestMethod": "POST",
      "RequestHeaders": {
        "Accept": "application/json",
        "Authorization": "Sanitized",
        "Content-Length": "369",
        "Content-Type": "application/json",
        "traceparent": "00-4255ee4ca499eca0d3a0a3fb02619da6-91741525efabba19-00",
        "User-Agent": "azsdk-net-Security.KeyVault.Keys/4.5.0-alpha.20230301.1 (.NET 7.0.3; Microsoft Windows 10.0.22621)",
        "x-ms-client-request-id": "b4e0daa53f204580bd096e674830bd91",
        "x-ms-return-client-request-id": "true"
      },
      "RequestBody": {
        "alg": "RSA1_5",
        "value": "G3NEoGTvFyIQTzVqFU088n7HgRHZ3MnCQVycMWsg86H2ezUJcK7wSOjD7Q4POctw3FkYjJllqpFckCwyaNXeMLNVz9-DfRbg0AaK1hXuKA1o3ECVsSVEnck0CqR4wzBYf39qqJHv6INHTUeQ3_qQw1d7QO1otPytwYkvJvom3XK5T70WZ19j2tTCTyD-3rF8Xv0HaUWMEYO5E6X3PpoIX5ndhUVdF2AO5ACoJNmsJhzL95E902UbGlJ0D1Po9ukuk5ljD5RBUILQOVXPUQ-jrfe_E8iraBPVVsEWYV8rbMwKap5Xb2hYKvS6tnPu_GVX9YXtXZycuI4AWFTDSF2daw"
      },
      "StatusCode": 200,
      "ResponseHeaders": {
        "Cache-Control": "no-cache",
        "Content-Length": "153",
        "Content-Type": "application/json; charset=utf-8",
        "Date": "Thu, 02 Mar 2023 01:02:17 GMT",
        "Expires": "-1",
        "Pragma": "no-cache",
        "Strict-Transport-Security": "max-age=31536000;includeSubDomains",
        "X-Content-Type-Options": "nosniff",
        "x-ms-client-request-id": "b4e0daa53f204580bd096e674830bd91",
        "x-ms-keyvault-network-info": "conn_type=Ipv4;addr=131.107.174.211;act_addr_fam=InterNetwork;",
        "x-ms-keyvault-rbac-assignment-id": "466efa33-812c-52bf-a654-fa0cf1fa2619",
        "x-ms-keyvault-rbac-cache": "ra_age=145;da_age=145;rd_age=145;brd_age=12158;ra_notif_age=2222;dec_lev=1;",
        "x-ms-keyvault-region": "westus",
        "x-ms-keyvault-service-version": "1.9.713.1",
        "x-ms-request-id": "08b30f5a-7162-479f-b532-5b614abc983a"
      },
      "ResponseBody": {
        "kid": "https://tcac7e9c41ef52cec.vault.azure.net/keys/982107744/2dfe06d3ae8e423294a0dec4b7209fb0",
        "value": "zk1098HaZC4rFqLDWHbX4U6CPN0MiZBqiFqRM3CZv7M"
      }
    }
  ],
  "Variables": {
    "AZURE_AUTHORITY_HOST": "https://login.microsoftonline.com/",
    "AZURE_KEYVAULT_URL": "https://tcac7e9c41ef52cec.vault.azure.net/",
    "RandomSeed": "655643734"
  }
}
