{
  "Entries": [
    {
      "RequestUri": "https://management.azure.com/subscriptions/db1ab6f0-4769-4b27-930e-01e2ef9c123c?api-version=2021-01-01",
      "RequestMethod": "GET",
      "RequestHeaders": {
        "Accept": "application/json",
        "Authorization": "Sanitized",
        "traceparent": "00-ea9f7ab31e7d414ce503374a1146c2f9-1cd8194d39ad9251-00",
        "User-Agent": "azsdk-net-ResourceManager/1.4.0 (.NET 7.0.3; Microsoft Windows 10.0.22621)",
        "x-ms-client-request-id": "d4b7f4d0ed7f955dfd6195e94348e556",
        "x-ms-return-client-request-id": "true"
      },
      "RequestBody": null,
      "StatusCode": 200,
      "ResponseHeaders": {
        "Cache-Control": "no-cache",
        "Content-Length": "748",
        "Content-Type": "application/json; charset=utf-8",
        "Date": "Mon, 20 Feb 2023 09:36:20 GMT",
        "Expires": "-1",
        "Pragma": "no-cache",
        "Strict-Transport-Security": "max-age=31536000; includeSubDomains",
        "X-Content-Type-Options": "nosniff",
        "x-ms-correlation-request-id": "7ff3a940-aa04-45f6-b9d9-3da69f19950f",
        "x-ms-ratelimit-remaining-subscription-reads": "11963",
        "x-ms-request-id": "7ff3a940-aa04-45f6-b9d9-3da69f19950f",
        "x-ms-routing-request-id": "SOUTHEASTASIA:20230220T093620Z:7ff3a940-aa04-45f6-b9d9-3da69f19950f"
      },
      "ResponseBody": {
        "id": "/subscriptions/db1ab6f0-4769-4b27-930e-01e2ef9c123c",
        "authorizationSource": "RoleBased",
        "managedByTenants": [],
        "tags": {
          "TagKey-9823": "TagValue-1254",
          "TagKey-3481": "TagValue-320",
          "TagKey-4926": "TagValue-1187",
          "TagKey-751": "TagValue-3921",
          "TagKey-1866": "TagValue-8559",
          "TagKey-3094": "TagValue-9190",
          "TagKey-2449": "TagValue-9",
          "TagKey-8379": "TagValue-164",
          "TagKey-7470": "TagValue-2205",
          "TagKey-4236": "TagValue-3698",
          "TagKey-5316": "TagValue-2725"
        },
        "subscriptionId": "db1ab6f0-4769-4b27-930e-01e2ef9c123c",
        "tenantId": "72f988bf-86f1-41af-91ab-2d7cd011db47",
        "displayName": ".NET Mgmt SDK Test with TTL = 1 Day",
        "state": "Enabled",
        "subscriptionPolicies": {
          "locationPlacementId": "Internal_2014-09-01",
          "quotaId": "Internal_2014-09-01",
          "spendingLimit": "Off"
        }
      }
    },
    {
      "RequestUri": "https://management.azure.com/subscriptions/db1ab6f0-4769-4b27-930e-01e2ef9c123c/resourcegroups/testaksrg468?api-version=**",
      "RequestMethod": "PUT",
      "RequestHeaders": {
        "Accept": "application/json",
        "Authorization": "Sanitized",
        "Content-Length": "21",
        "Content-Type": "application/json",
        "traceparent": "00-a56ea94e0050d94b118fbe67a35bea57-c517578cfb731322-00",
        "User-Agent": "azsdk-net-ResourceManager/1.4.0 (.NET 7.0.3; Microsoft Windows 10.0.22621)",
        "x-ms-client-request-id": "8172d2aaaa586326957f0fae4827c15f",
        "x-ms-return-client-request-id": "true"
      },
      "RequestBody": {
        "location": "eastus"
      },
      "StatusCode": 201,
      "ResponseHeaders": {
        "Cache-Control": "no-cache",
        "Content-Length": "221",
        "Content-Type": "application/json; charset=utf-8",
        "Date": "Mon, 20 Feb 2023 09:36:21 GMT",
        "Expires": "-1",
        "Pragma": "no-cache",
        "Strict-Transport-Security": "max-age=31536000; includeSubDomains",
        "X-Content-Type-Options": "nosniff",
        "x-ms-correlation-request-id": "c51b7c66-18b3-49fc-8379-6984df833ddf",
        "x-ms-ratelimit-remaining-subscription-writes": "1197",
        "x-ms-request-id": "c51b7c66-18b3-49fc-8379-6984df833ddf",
        "x-ms-routing-request-id": "SOUTHEASTASIA:20230220T093622Z:c51b7c66-18b3-49fc-8379-6984df833ddf"
      },
      "ResponseBody": {
        "id": "/subscriptions/db1ab6f0-4769-4b27-930e-01e2ef9c123c/resourceGroups/testaksrg468",
        "name": "testaksrg468",
        "type": "Microsoft.Resources/resourceGroups",
        "location": "eastus",
        "properties": {
          "provisioningState": "Succeeded"
        }
      }
    },
    {
      "RequestUri": "https://management.azure.com/subscriptions/db1ab6f0-4769-4b27-930e-01e2ef9c123c/resourceGroups/testaksrg468/providers/Microsoft.ContainerService/managedClusters/akscluster6301?api-version=2022-11-02-preview",
      "RequestMethod": "PUT",
      "RequestHeaders": {
        "Accept": "application/json",
        "Authorization": "Sanitized",
        "Content-Length": "205",
        "Content-Type": "application/json",
        "traceparent": "00-6ffb0ff5a4526d73f3d100b3b9fc9c8a-57ed0a27ab0768dd-00",
        "User-Agent": "azsdk-net-ResourceManager.ContainerService/1.2.0-alpha.20230220.1 (.NET 7.0.3; Microsoft Windows 10.0.22621)",
        "x-ms-client-request-id": "f723711e0d0d80bd13533ebf5442ff66",
        "x-ms-return-client-request-id": "true"
      },
      "RequestBody": {
        "identity": {
          "type": "SystemAssigned"
        },
        "tags": {},
        "location": "eastus",
        "properties": {
          "dnsPrefix": "aksdotnetsdk",
          "agentPoolProfiles": [
            {
              "name": "aksagent",
              "count": 1,
              "vmSize": "Standard_D2s_v3",
              "mode": "System"
            }
          ]
        }
      },
      "StatusCode": 201,
      "ResponseHeaders": {
        "azure-asyncoperation": "https://management.azure.com/subscriptions/db1ab6f0-4769-4b27-930e-01e2ef9c123c/providers/Microsoft.ContainerService/locations/eastus/operations/03fe1aa7-973c-48ab-a9f6-4c5a5f365192?api-version=2017-08-31",
        "Cache-Control": "no-cache",
        "Content-Length": "2471",
        "Content-Type": "application/json",
        "Date": "Mon, 20 Feb 2023 09:36:32 GMT",
        "Expires": "-1",
        "Pragma": "no-cache",
        "Server": "nginx",
        "Strict-Transport-Security": "max-age=31536000; includeSubDomains",
        "X-Content-Type-Options": "nosniff",
        "x-ms-correlation-request-id": "a17dfc33-9630-47eb-a055-15ab849ecf63",
        "x-ms-ratelimit-remaining-subscription-writes": "1196",
        "x-ms-request-id": "03fe1aa7-973c-48ab-a9f6-4c5a5f365192",
        "x-ms-routing-request-id": "SOUTHEASTASIA:20230220T093633Z:a17dfc33-9630-47eb-a055-15ab849ecf63"
      },
      "ResponseBody": {
        "id": "/subscriptions/db1ab6f0-4769-4b27-930e-01e2ef9c123c/resourcegroups/testaksrg468/providers/Microsoft.ContainerService/managedClusters/akscluster6301",
        "location": "eastus",
        "name": "akscluster6301",
        "type": "Microsoft.ContainerService/ManagedClusters",
        "properties": {
          "provisioningState": "Creating",
          "powerState": {
            "code": "Running"
          },
          "kubernetesVersion": "1.24.9",
          "currentKubernetesVersion": "1.24.9",
          "dnsPrefix": "aksdotnetsdk",
          "fqdn": "aksdotnetsdk-e25b096a.hcp.eastus.azmk8s.io",
          "azurePortalFQDN": "aksdotnetsdk-e25b096a.portal.hcp.eastus.azmk8s.io",
          "agentPoolProfiles": [
            {
              "name": "aksagent",
              "count": 1,
              "vmSize": "Standard_D2s_v3",
              "osDiskSizeGB": 128,
              "osDiskType": "Managed",
              "kubeletDiskType": "OS",
              "maxPods": 110,
              "type": "VirtualMachineScaleSets",
              "provisioningState": "Creating",
              "powerState": {
                "code": "Running"
              },
              "orchestratorVersion": "1.24.9",
              "currentOrchestratorVersion": "1.24.9",
              "mode": "System",
              "osType": "Linux",
              "osSKU": "Ubuntu",
              "nodeImageVersion": "AKSUbuntu-1804gen2containerd-2023.01.26",
              "enableFIPS": false
            }
          ],
          "servicePrincipalProfile": {
            "clientId": "msi"
          },
          "nodeResourceGroup": "MC_testaksrg468_akscluster6301_eastus",
          "enableRBAC": true,
          "networkProfile": {
            "networkPlugin": "kubenet",
            "loadBalancerSku": "standard",
            "loadBalancerProfile": {
              "managedOutboundIPs": {
                "count": 1
              },
              "backendPoolType": "nodeIPConfiguration"
            },
            "podCidr": "10.244.0.0/16",
            "serviceCidr": "10.0.0.0/16",
            "dnsServiceIP": "10.0.0.10",
            "dockerBridgeCidr": "172.17.0.1/16",
            "outboundType": "loadBalancer",
            "podCidrs": [
              "10.244.0.0/16"
            ],
            "serviceCidrs": [
              "10.0.0.0/16"
            ],
            "ipFamilies": [
              "IPv4"
            ]
          },
          "maxAgentPools": 100,
          "securityProfile": {},
          "storageProfile": {
            "diskCSIDriver": {
              "enabled": true,
              "version": "v1"
            },
            "fileCSIDriver": {
              "enabled": true
            },
            "snapshotController": {
              "enabled": true
            }
          },
          "oidcIssuerProfile": {
            "enabled": false
          },
          "workloadAutoScalerProfile": {}
        },
        "identity": {
          "type": "SystemAssigned",
          "principalId": "9a4e927d-a3a3-4b09-9d9a-ab6e1aefcc13",
          "tenantId": "72f988bf-86f1-41af-91ab-2d7cd011db47"
        },
        "sku": {
          "name": "Basic",
          "tier": "Free"
        }
      }
    },
    {
      "RequestUri": "https://management.azure.com/subscriptions/db1ab6f0-4769-4b27-930e-01e2ef9c123c/providers/Microsoft.ContainerService/locations/eastus/operations/03fe1aa7-973c-48ab-a9f6-4c5a5f365192?api-version=2017-08-31",
      "RequestMethod": "GET",
      "RequestHeaders": {
        "Authorization": "Sanitized",
        "traceparent": "00-6ffb0ff5a4526d73f3d100b3b9fc9c8a-938c4e1abd6d0dc4-00",
        "User-Agent": "azsdk-net-ResourceManager/1.4.0 (.NET 7.0.3; Microsoft Windows 10.0.22621)",
        "x-ms-client-request-id": "7329f289bd32c49db5014456e7a3413c",
        "x-ms-return-client-request-id": "true"
      },
      "RequestBody": null,
      "StatusCode": 200,
      "ResponseHeaders": {
        "Cache-Control": "no-cache",
        "Content-Length": "126",
        "Content-Type": "application/json",
        "Date": "Mon, 20 Feb 2023 09:36:33 GMT",
        "Expires": "-1",
        "Pragma": "no-cache",
        "Server": "nginx",
        "Strict-Transport-Security": "max-age=31536000; includeSubDomains",
        "X-Content-Type-Options": "nosniff",
        "x-ms-correlation-request-id": "9d8140b3-52b8-4e08-8533-807c5fc802de",
        "x-ms-ratelimit-remaining-subscription-reads": "11962",
        "x-ms-request-id": "f3c4ee7a-562d-453f-aefd-b107e051eeab",
        "x-ms-routing-request-id": "SOUTHEASTASIA:20230220T093633Z:9d8140b3-52b8-4e08-8533-807c5fc802de"
      },
      "ResponseBody": {
        "name": "a71afe03-3c97-ab48-a9f6-4c5a5f365192",
        "status": "InProgress",
        "startTime": "2023-02-20T09:36:31.9035489Z"
      }
    },
    {
      "RequestUri": "https://management.azure.com/subscriptions/db1ab6f0-4769-4b27-930e-01e2ef9c123c/providers/Microsoft.ContainerService/locations/eastus/operations/03fe1aa7-973c-48ab-a9f6-4c5a5f365192?api-version=2017-08-31",
      "RequestMethod": "GET",
      "RequestHeaders": {
        "Authorization": "Sanitized",
        "traceparent": "00-6ffb0ff5a4526d73f3d100b3b9fc9c8a-2ec608e2f2ed5b6c-00",
        "User-Agent": "azsdk-net-ResourceManager/1.4.0 (.NET 7.0.3; Microsoft Windows 10.0.22621)",
        "x-ms-client-request-id": "13be480fc8e7a6a5279285239f6e995f",
        "x-ms-return-client-request-id": "true"
      },
      "RequestBody": null,
      "StatusCode": 200,
      "ResponseHeaders": {
        "Cache-Control": "no-cache",
        "Content-Length": "126",
        "Content-Type": "application/json",
        "Date": "Mon, 20 Feb 2023 09:36:34 GMT",
        "Expires": "-1",
        "Pragma": "no-cache",
        "Server": "nginx",
        "Strict-Transport-Security": "max-age=31536000; includeSubDomains",
        "X-Content-Type-Options": "nosniff",
        "x-ms-correlation-request-id": "1cde3e2f-9469-4900-8861-afd360ff9d7d",
        "x-ms-ratelimit-remaining-subscription-reads": "11961",
        "x-ms-request-id": "6bd497c9-e9f1-4f84-ab29-335b10d91135",
        "x-ms-routing-request-id": "SOUTHEASTASIA:20230220T093635Z:1cde3e2f-9469-4900-8861-afd360ff9d7d"
      },
      "ResponseBody": {
        "name": "a71afe03-3c97-ab48-a9f6-4c5a5f365192",
        "status": "InProgress",
        "startTime": "2023-02-20T09:36:31.9035489Z"
      }
    },
    {
      "RequestUri": "https://management.azure.com/subscriptions/db1ab6f0-4769-4b27-930e-01e2ef9c123c/providers/Microsoft.ContainerService/locations/eastus/operations/03fe1aa7-973c-48ab-a9f6-4c5a5f365192?api-version=2017-08-31",
      "RequestMethod": "GET",
      "RequestHeaders": {
        "Authorization": "Sanitized",
        "traceparent": "00-6ffb0ff5a4526d73f3d100b3b9fc9c8a-9767ad8463334c0f-00",
        "User-Agent": "azsdk-net-ResourceManager/1.4.0 (.NET 7.0.3; Microsoft Windows 10.0.22621)",
        "x-ms-client-request-id": "61356a198c19cd337614e1a933f3a9cd",
        "x-ms-return-client-request-id": "true"
      },
      "RequestBody": null,
      "StatusCode": 200,
      "ResponseHeaders": {
        "Cache-Control": "no-cache",
        "Content-Length": "126",
        "Content-Type": "application/json",
        "Date": "Mon, 20 Feb 2023 09:36:35 GMT",
        "Expires": "-1",
        "Pragma": "no-cache",
        "Server": "nginx",
        "Strict-Transport-Security": "max-age=31536000; includeSubDomains",
        "X-Content-Type-Options": "nosniff",
        "x-ms-correlation-request-id": "cf70b0ed-7759-4694-a410-acd7a3786990",
        "x-ms-ratelimit-remaining-subscription-reads": "11960",
        "x-ms-request-id": "a993d7ab-30da-433e-8423-ac425e03ab63",
        "x-ms-routing-request-id": "SOUTHEASTASIA:20230220T093636Z:cf70b0ed-7759-4694-a410-acd7a3786990"
      },
      "ResponseBody": {
        "name": "a71afe03-3c97-ab48-a9f6-4c5a5f365192",
        "status": "InProgress",
        "startTime": "2023-02-20T09:36:31.9035489Z"
      }
    },
    {
      "RequestUri": "https://management.azure.com/subscriptions/db1ab6f0-4769-4b27-930e-01e2ef9c123c/providers/Microsoft.ContainerService/locations/eastus/operations/03fe1aa7-973c-48ab-a9f6-4c5a5f365192?api-version=2017-08-31",
      "RequestMethod": "GET",
      "RequestHeaders": {
        "Authorization": "Sanitized",
        "traceparent": "00-6ffb0ff5a4526d73f3d100b3b9fc9c8a-29b1fe8625bc6bff-00",
        "User-Agent": "azsdk-net-ResourceManager/1.4.0 (.NET 7.0.3; Microsoft Windows 10.0.22621)",
        "x-ms-client-request-id": "9d3e31a826f5c1ec4d824b9f37792546",
        "x-ms-return-client-request-id": "true"
      },
      "RequestBody": null,
      "StatusCode": 200,
      "ResponseHeaders": {
        "Cache-Control": "no-cache",
        "Content-Length": "126",
        "Content-Type": "application/json",
        "Date": "Mon, 20 Feb 2023 09:36:37 GMT",
        "Expires": "-1",
        "Pragma": "no-cache",
        "Server": "nginx",
        "Strict-Transport-Security": "max-age=31536000; includeSubDomains",
        "X-Content-Type-Options": "nosniff",
        "x-ms-correlation-request-id": "925319af-06cc-4579-8057-48f077e6b90e",
        "x-ms-ratelimit-remaining-subscription-reads": "11959",
        "x-ms-request-id": "447d28f2-2148-4ffa-abb4-929070873673",
        "x-ms-routing-request-id": "SOUTHEASTASIA:20230220T093637Z:925319af-06cc-4579-8057-48f077e6b90e"
      },
      "ResponseBody": {
        "name": "a71afe03-3c97-ab48-a9f6-4c5a5f365192",
        "status": "InProgress",
        "startTime": "2023-02-20T09:36:31.9035489Z"
      }
    },
    {
      "RequestUri": "https://management.azure.com/subscriptions/db1ab6f0-4769-4b27-930e-01e2ef9c123c/providers/Microsoft.ContainerService/locations/eastus/operations/03fe1aa7-973c-48ab-a9f6-4c5a5f365192?api-version=2017-08-31",
      "RequestMethod": "GET",
      "RequestHeaders": {
        "Authorization": "Sanitized",
        "traceparent": "00-6ffb0ff5a4526d73f3d100b3b9fc9c8a-416abde83aebe645-00",
        "User-Agent": "azsdk-net-ResourceManager/1.4.0 (.NET 7.0.3; Microsoft Windows 10.0.22621)",
        "x-ms-client-request-id": "7d3de467e06d832214f19dd3e7fb7234",
        "x-ms-return-client-request-id": "true"
      },
      "RequestBody": null,
      "StatusCode": 200,
      "ResponseHeaders": {
        "Cache-Control": "no-cache",
        "Content-Length": "126",
        "Content-Type": "application/json",
        "Date": "Mon, 20 Feb 2023 09:36:39 GMT",
        "Expires": "-1",
        "Pragma": "no-cache",
        "Server": "nginx",
        "Strict-Transport-Security": "max-age=31536000; includeSubDomains",
        "X-Content-Type-Options": "nosniff",
        "x-ms-correlation-request-id": "c4cad1fc-615e-4d71-8fa5-7243783318c5",
        "x-ms-ratelimit-remaining-subscription-reads": "11958",
        "x-ms-request-id": "786725cd-4732-4e50-acf7-bf823497afc7",
        "x-ms-routing-request-id": "SOUTHEASTASIA:20230220T093640Z:c4cad1fc-615e-4d71-8fa5-7243783318c5"
      },
      "ResponseBody": {
        "name": "a71afe03-3c97-ab48-a9f6-4c5a5f365192",
        "status": "InProgress",
        "startTime": "2023-02-20T09:36:31.9035489Z"
      }
    },
    {
      "RequestUri": "https://management.azure.com/subscriptions/db1ab6f0-4769-4b27-930e-01e2ef9c123c/providers/Microsoft.ContainerService/locations/eastus/operations/03fe1aa7-973c-48ab-a9f6-4c5a5f365192?api-version=2017-08-31",
      "RequestMethod": "GET",
      "RequestHeaders": {
        "Authorization": "Sanitized",
        "traceparent": "00-6ffb0ff5a4526d73f3d100b3b9fc9c8a-e7492c5457344de8-00",
        "User-Agent": "azsdk-net-ResourceManager/1.4.0 (.NET 7.0.3; Microsoft Windows 10.0.22621)",
        "x-ms-client-request-id": "6d7bb8e9fb30f3697d741396409396fc",
        "x-ms-return-client-request-id": "true"
      },
      "RequestBody": null,
      "StatusCode": 200,
      "ResponseHeaders": {
        "Cache-Control": "no-cache",
        "Content-Length": "126",
        "Content-Type": "application/json",
        "Date": "Mon, 20 Feb 2023 09:36:44 GMT",
        "Expires": "-1",
        "Pragma": "no-cache",
        "Server": "nginx",
        "Strict-Transport-Security": "max-age=31536000; includeSubDomains",
        "X-Content-Type-Options": "nosniff",
        "x-ms-correlation-request-id": "576938d3-40cb-47ac-b5f4-f3b6c75b57a5",
        "x-ms-ratelimit-remaining-subscription-reads": "11957",
        "x-ms-request-id": "0dd7353a-2ffe-4f90-8097-aa2e1ac0d1c9",
        "x-ms-routing-request-id": "SOUTHEASTASIA:20230220T093644Z:576938d3-40cb-47ac-b5f4-f3b6c75b57a5"
      },
      "ResponseBody": {
        "name": "a71afe03-3c97-ab48-a9f6-4c5a5f365192",
        "status": "InProgress",
        "startTime": "2023-02-20T09:36:31.9035489Z"
      }
    },
    {
      "RequestUri": "https://management.azure.com/subscriptions/db1ab6f0-4769-4b27-930e-01e2ef9c123c/providers/Microsoft.ContainerService/locations/eastus/operations/03fe1aa7-973c-48ab-a9f6-4c5a5f365192?api-version=2017-08-31",
      "RequestMethod": "GET",
      "RequestHeaders": {
        "Authorization": "Sanitized",
        "traceparent": "00-6ffb0ff5a4526d73f3d100b3b9fc9c8a-48cec3c876ff9b67-00",
        "User-Agent": "azsdk-net-ResourceManager/1.4.0 (.NET 7.0.3; Microsoft Windows 10.0.22621)",
        "x-ms-client-request-id": "4e419bef2cb6c85f0fba88048819d951",
        "x-ms-return-client-request-id": "true"
      },
      "RequestBody": null,
      "StatusCode": 200,
      "ResponseHeaders": {
        "Cache-Control": "no-cache",
        "Content-Length": "126",
        "Content-Type": "application/json",
        "Date": "Mon, 20 Feb 2023 09:36:52 GMT",
        "Expires": "-1",
        "Pragma": "no-cache",
        "Server": "nginx",
        "Strict-Transport-Security": "max-age=31536000; includeSubDomains",
        "X-Content-Type-Options": "nosniff",
        "x-ms-correlation-request-id": "9a589b15-d044-453f-8a89-97a2c3946176",
        "x-ms-ratelimit-remaining-subscription-reads": "11956",
        "x-ms-request-id": "983f06cd-b6d8-4e25-974a-ebf117b1dd0d",
        "x-ms-routing-request-id": "SOUTHEASTASIA:20230220T093653Z:9a589b15-d044-453f-8a89-97a2c3946176"
      },
      "ResponseBody": {
        "name": "a71afe03-3c97-ab48-a9f6-4c5a5f365192",
        "status": "InProgress",
        "startTime": "2023-02-20T09:36:31.9035489Z"
      }
    },
    {
      "RequestUri": "https://management.azure.com/subscriptions/db1ab6f0-4769-4b27-930e-01e2ef9c123c/providers/Microsoft.ContainerService/locations/eastus/operations/03fe1aa7-973c-48ab-a9f6-4c5a5f365192?api-version=2017-08-31",
      "RequestMethod": "GET",
      "RequestHeaders": {
        "Authorization": "Sanitized",
        "traceparent": "00-6ffb0ff5a4526d73f3d100b3b9fc9c8a-c588f56d148db83a-00",
        "User-Agent": "azsdk-net-ResourceManager/1.4.0 (.NET 7.0.3; Microsoft Windows 10.0.22621)",
        "x-ms-client-request-id": "7eb6170fb7fe6c157b49fff8cc8b4281",
        "x-ms-return-client-request-id": "true"
      },
      "RequestBody": null,
      "StatusCode": 200,
      "ResponseHeaders": {
        "Cache-Control": "no-cache",
        "Content-Length": "126",
        "Content-Type": "application/json",
        "Date": "Mon, 20 Feb 2023 09:37:08 GMT",
        "Expires": "-1",
        "Pragma": "no-cache",
        "Server": "nginx",
        "Strict-Transport-Security": "max-age=31536000; includeSubDomains",
        "X-Content-Type-Options": "nosniff",
        "x-ms-correlation-request-id": "b3eb2112-e56c-4f68-ba5e-aa7cc9bbe064",
        "x-ms-ratelimit-remaining-subscription-reads": "11955",
        "x-ms-request-id": "65f3d8ef-0495-48d2-bc49-cfc23853cf83",
        "x-ms-routing-request-id": "SOUTHEASTASIA:20230220T093709Z:b3eb2112-e56c-4f68-ba5e-aa7cc9bbe064"
      },
      "ResponseBody": {
        "name": "a71afe03-3c97-ab48-a9f6-4c5a5f365192",
        "status": "InProgress",
        "startTime": "2023-02-20T09:36:31.9035489Z"
      }
    },
    {
      "RequestUri": "https://management.azure.com/subscriptions/db1ab6f0-4769-4b27-930e-01e2ef9c123c/providers/Microsoft.ContainerService/locations/eastus/operations/03fe1aa7-973c-48ab-a9f6-4c5a5f365192?api-version=2017-08-31",
      "RequestMethod": "GET",
      "RequestHeaders": {
        "Authorization": "Sanitized",
        "traceparent": "00-6ffb0ff5a4526d73f3d100b3b9fc9c8a-5df80550c5f01ec3-00",
        "User-Agent": "azsdk-net-ResourceManager/1.4.0 (.NET 7.0.3; Microsoft Windows 10.0.22621)",
        "x-ms-client-request-id": "4ce4a15a24babc7d59b25e7572646a64",
        "x-ms-return-client-request-id": "true"
      },
      "RequestBody": null,
      "StatusCode": 200,
      "ResponseHeaders": {
        "Cache-Control": "no-cache",
        "Content-Length": "126",
        "Content-Type": "application/json",
        "Date": "Mon, 20 Feb 2023 09:37:41 GMT",
        "Expires": "-1",
        "Pragma": "no-cache",
        "Server": "nginx",
        "Strict-Transport-Security": "max-age=31536000; includeSubDomains",
        "X-Content-Type-Options": "nosniff",
        "x-ms-correlation-request-id": "bc694039-35d3-4a5c-a938-1412ce674913",
        "x-ms-ratelimit-remaining-subscription-reads": "11954",
        "x-ms-request-id": "e42fc533-45d3-4ab0-9fa8-7748071a4964",
        "x-ms-routing-request-id": "SOUTHEASTASIA:20230220T093741Z:bc694039-35d3-4a5c-a938-1412ce674913"
      },
      "ResponseBody": {
        "name": "a71afe03-3c97-ab48-a9f6-4c5a5f365192",
        "status": "InProgress",
        "startTime": "2023-02-20T09:36:31.9035489Z"
      }
    },
    {
      "RequestUri": "https://management.azure.com/subscriptions/db1ab6f0-4769-4b27-930e-01e2ef9c123c/providers/Microsoft.ContainerService/locations/eastus/operations/03fe1aa7-973c-48ab-a9f6-4c5a5f365192?api-version=2017-08-31",
      "RequestMethod": "GET",
      "RequestHeaders": {
        "Authorization": "Sanitized",
        "traceparent": "00-6ffb0ff5a4526d73f3d100b3b9fc9c8a-6e8a79b0c733feee-00",
        "User-Agent": "azsdk-net-ResourceManager/1.4.0 (.NET 7.0.3; Microsoft Windows 10.0.22621)",
        "x-ms-client-request-id": "2887c29b17dd37fd85d5d36c2c66fb83",
        "x-ms-return-client-request-id": "true"
      },
      "RequestBody": null,
      "StatusCode": 200,
      "ResponseHeaders": {
        "Cache-Control": "no-cache",
        "Content-Length": "126",
        "Content-Type": "application/json",
        "Date": "Mon, 20 Feb 2023 09:38:13 GMT",
        "Expires": "-1",
        "Pragma": "no-cache",
        "Server": "nginx",
        "Strict-Transport-Security": "max-age=31536000; includeSubDomains",
        "X-Content-Type-Options": "nosniff",
        "x-ms-correlation-request-id": "df64a59f-01f8-4007-a364-1a9d82944791",
        "x-ms-ratelimit-remaining-subscription-reads": "11953",
        "x-ms-request-id": "11b1925f-f88b-4d4c-8798-100897b8c1fb",
        "x-ms-routing-request-id": "SOUTHEASTASIA:20230220T093814Z:df64a59f-01f8-4007-a364-1a9d82944791"
      },
      "ResponseBody": {
        "name": "a71afe03-3c97-ab48-a9f6-4c5a5f365192",
        "status": "InProgress",
        "startTime": "2023-02-20T09:36:31.9035489Z"
      }
    },
    {
      "RequestUri": "https://management.azure.com/subscriptions/db1ab6f0-4769-4b27-930e-01e2ef9c123c/providers/Microsoft.ContainerService/locations/eastus/operations/03fe1aa7-973c-48ab-a9f6-4c5a5f365192?api-version=2017-08-31",
      "RequestMethod": "GET",
      "RequestHeaders": {
        "Authorization": "Sanitized",
        "traceparent": "00-6ffb0ff5a4526d73f3d100b3b9fc9c8a-63fff2d107361631-00",
        "User-Agent": "azsdk-net-ResourceManager/1.4.0 (.NET 7.0.3; Microsoft Windows 10.0.22621)",
        "x-ms-client-request-id": "e7aa07788d34eb979af9254b59a0f916",
        "x-ms-return-client-request-id": "true"
      },
      "RequestBody": null,
      "StatusCode": 200,
      "ResponseHeaders": {
        "Cache-Control": "no-cache",
        "Content-Length": "126",
        "Content-Type": "application/json",
        "Date": "Mon, 20 Feb 2023 09:38:45 GMT",
        "Expires": "-1",
        "Pragma": "no-cache",
        "Server": "nginx",
        "Strict-Transport-Security": "max-age=31536000; includeSubDomains",
        "X-Content-Type-Options": "nosniff",
        "x-ms-correlation-request-id": "e6ac7f68-e388-4b62-b1b0-4381ebdd85eb",
        "x-ms-ratelimit-remaining-subscription-reads": "11952",
        "x-ms-request-id": "5fb4de69-61a1-4fe1-b9d0-8fe22126560d",
        "x-ms-routing-request-id": "SOUTHEASTASIA:20230220T093846Z:e6ac7f68-e388-4b62-b1b0-4381ebdd85eb"
      },
      "ResponseBody": {
        "name": "a71afe03-3c97-ab48-a9f6-4c5a5f365192",
        "status": "InProgress",
        "startTime": "2023-02-20T09:36:31.9035489Z"
      }
    },
    {
      "RequestUri": "https://management.azure.com/subscriptions/db1ab6f0-4769-4b27-930e-01e2ef9c123c/providers/Microsoft.ContainerService/locations/eastus/operations/03fe1aa7-973c-48ab-a9f6-4c5a5f365192?api-version=2017-08-31",
      "RequestMethod": "GET",
      "RequestHeaders": {
        "Authorization": "Sanitized",
        "traceparent": "00-6ffb0ff5a4526d73f3d100b3b9fc9c8a-bc062a30526bf02f-00",
        "User-Agent": "azsdk-net-ResourceManager/1.4.0 (.NET 7.0.3; Microsoft Windows 10.0.22621)",
        "x-ms-client-request-id": "095d9bde190442a3a3adc7e4501090f2",
        "x-ms-return-client-request-id": "true"
      },
      "RequestBody": null,
      "StatusCode": 200,
      "ResponseHeaders": {
        "Cache-Control": "no-cache",
        "Content-Length": "126",
        "Content-Type": "application/json",
        "Date": "Mon, 20 Feb 2023 09:39:19 GMT",
        "Expires": "-1",
        "Pragma": "no-cache",
        "Server": "nginx",
        "Strict-Transport-Security": "max-age=31536000; includeSubDomains",
        "X-Content-Type-Options": "nosniff",
        "x-ms-correlation-request-id": "1c0a1f97-1f6e-4d1a-983f-6117f371487c",
        "x-ms-ratelimit-remaining-subscription-reads": "11951",
        "x-ms-request-id": "231c8851-6dd1-4de2-8641-c79c973b4cc6",
        "x-ms-routing-request-id": "SOUTHEASTASIA:20230220T093919Z:1c0a1f97-1f6e-4d1a-983f-6117f371487c"
      },
      "ResponseBody": {
        "name": "a71afe03-3c97-ab48-a9f6-4c5a5f365192",
        "status": "InProgress",
        "startTime": "2023-02-20T09:36:31.9035489Z"
      }
    },
    {
      "RequestUri": "https://management.azure.com/subscriptions/db1ab6f0-4769-4b27-930e-01e2ef9c123c/providers/Microsoft.ContainerService/locations/eastus/operations/03fe1aa7-973c-48ab-a9f6-4c5a5f365192?api-version=2017-08-31",
      "RequestMethod": "GET",
      "RequestHeaders": {
        "Authorization": "Sanitized",
        "traceparent": "00-6ffb0ff5a4526d73f3d100b3b9fc9c8a-66bcc7b4058cf1f3-00",
        "User-Agent": "azsdk-net-ResourceManager/1.4.0 (.NET 7.0.3; Microsoft Windows 10.0.22621)",
        "x-ms-client-request-id": "6afddbb783ba0e2f2b9b8ee3f2b1dde4",
        "x-ms-return-client-request-id": "true"
      },
      "RequestBody": null,
      "StatusCode": 200,
      "ResponseHeaders": {
        "Cache-Control": "no-cache",
        "Content-Length": "126",
        "Content-Type": "application/json",
        "Date": "Mon, 20 Feb 2023 09:39:51 GMT",
        "Expires": "-1",
        "Pragma": "no-cache",
        "Server": "nginx",
        "Strict-Transport-Security": "max-age=31536000; includeSubDomains",
        "X-Content-Type-Options": "nosniff",
        "x-ms-correlation-request-id": "2cd9c3e1-3105-43c7-b2e9-f60854b77bef",
        "x-ms-ratelimit-remaining-subscription-reads": "11950",
        "x-ms-request-id": "fe5b9a46-e5e7-4a8b-aaf9-44ff0fd29cde",
        "x-ms-routing-request-id": "SOUTHEASTASIA:20230220T093952Z:2cd9c3e1-3105-43c7-b2e9-f60854b77bef"
      },
      "ResponseBody": {
        "name": "a71afe03-3c97-ab48-a9f6-4c5a5f365192",
        "status": "InProgress",
        "startTime": "2023-02-20T09:36:31.9035489Z"
      }
    },
    {
      "RequestUri": "https://management.azure.com/subscriptions/db1ab6f0-4769-4b27-930e-01e2ef9c123c/providers/Microsoft.ContainerService/locations/eastus/operations/03fe1aa7-973c-48ab-a9f6-4c5a5f365192?api-version=2017-08-31",
      "RequestMethod": "GET",
      "RequestHeaders": {
        "Authorization": "Sanitized",
        "traceparent": "00-6ffb0ff5a4526d73f3d100b3b9fc9c8a-0062db2f92805d7c-00",
        "User-Agent": "azsdk-net-ResourceManager/1.4.0 (.NET 7.0.3; Microsoft Windows 10.0.22621)",
        "x-ms-client-request-id": "908ebddbf2085e7e64674387c5b29a89",
        "x-ms-return-client-request-id": "true"
      },
      "RequestBody": null,
      "StatusCode": 200,
      "ResponseHeaders": {
        "Cache-Control": "no-cache",
        "Content-Length": "126",
        "Content-Type": "application/json",
        "Date": "Mon, 20 Feb 2023 09:40:24 GMT",
        "Expires": "-1",
        "Pragma": "no-cache",
        "Server": "nginx",
        "Strict-Transport-Security": "max-age=31536000; includeSubDomains",
        "X-Content-Type-Options": "nosniff",
        "x-ms-correlation-request-id": "54d2eb9f-9ced-4ced-b829-ff4d5901008f",
        "x-ms-ratelimit-remaining-subscription-reads": "11949",
        "x-ms-request-id": "6f2026b5-2a53-4c68-a730-7d6ce60262e7",
        "x-ms-routing-request-id": "SOUTHEASTASIA:20230220T094024Z:54d2eb9f-9ced-4ced-b829-ff4d5901008f"
      },
      "ResponseBody": {
        "name": "a71afe03-3c97-ab48-a9f6-4c5a5f365192",
        "status": "InProgress",
        "startTime": "2023-02-20T09:36:31.9035489Z"
      }
    },
    {
      "RequestUri": "https://management.azure.com/subscriptions/db1ab6f0-4769-4b27-930e-01e2ef9c123c/providers/Microsoft.ContainerService/locations/eastus/operations/03fe1aa7-973c-48ab-a9f6-4c5a5f365192?api-version=2017-08-31",
      "RequestMethod": "GET",
      "RequestHeaders": {
        "Authorization": "Sanitized",
        "traceparent": "00-6ffb0ff5a4526d73f3d100b3b9fc9c8a-6386548f00e515ec-00",
        "User-Agent": "azsdk-net-ResourceManager/1.4.0 (.NET 7.0.3; Microsoft Windows 10.0.22621)",
        "x-ms-client-request-id": "7e9432698ea25a5b6c4fde698bc050f1",
        "x-ms-return-client-request-id": "true"
      },
      "RequestBody": null,
      "StatusCode": 200,
      "ResponseHeaders": {
        "Cache-Control": "no-cache",
        "Content-Length": "126",
        "Content-Type": "application/json",
        "Date": "Mon, 20 Feb 2023 09:40:56 GMT",
        "Expires": "-1",
        "Pragma": "no-cache",
        "Server": "nginx",
        "Strict-Transport-Security": "max-age=31536000; includeSubDomains",
        "X-Content-Type-Options": "nosniff",
        "x-ms-correlation-request-id": "3783f254-8a18-42ab-ab75-4743569a469e",
        "x-ms-ratelimit-remaining-subscription-reads": "11948",
        "x-ms-request-id": "861ffae4-2b8b-44b5-b702-47d788f10802",
        "x-ms-routing-request-id": "SOUTHEASTASIA:20230220T094057Z:3783f254-8a18-42ab-ab75-4743569a469e"
      },
      "ResponseBody": {
        "name": "a71afe03-3c97-ab48-a9f6-4c5a5f365192",
        "status": "InProgress",
        "startTime": "2023-02-20T09:36:31.9035489Z"
      }
    },
    {
      "RequestUri": "https://management.azure.com/subscriptions/db1ab6f0-4769-4b27-930e-01e2ef9c123c/providers/Microsoft.ContainerService/locations/eastus/operations/03fe1aa7-973c-48ab-a9f6-4c5a5f365192?api-version=2017-08-31",
      "RequestMethod": "GET",
      "RequestHeaders": {
        "Authorization": "Sanitized",
        "traceparent": "00-6ffb0ff5a4526d73f3d100b3b9fc9c8a-ad7331ac77d3fc4a-00",
        "User-Agent": "azsdk-net-ResourceManager/1.4.0 (.NET 7.0.3; Microsoft Windows 10.0.22621)",
        "x-ms-client-request-id": "9309e2d0ff82c4e95c9f065340a84879",
        "x-ms-return-client-request-id": "true"
      },
      "RequestBody": null,
      "StatusCode": 200,
      "ResponseHeaders": {
        "Cache-Control": "no-cache",
        "Content-Length": "126",
        "Content-Type": "application/json",
        "Date": "Mon, 20 Feb 2023 09:41:28 GMT",
        "Expires": "-1",
        "Pragma": "no-cache",
        "Server": "nginx",
        "Strict-Transport-Security": "max-age=31536000; includeSubDomains",
        "X-Content-Type-Options": "nosniff",
        "x-ms-correlation-request-id": "3b2b4fe3-7317-410a-9009-ec3883729772",
        "x-ms-ratelimit-remaining-subscription-reads": "11947",
        "x-ms-request-id": "a1fb142a-a6e9-4625-87d2-9d3f0aebd4f3",
        "x-ms-routing-request-id": "SOUTHEASTASIA:20230220T094129Z:3b2b4fe3-7317-410a-9009-ec3883729772"
      },
      "ResponseBody": {
        "name": "a71afe03-3c97-ab48-a9f6-4c5a5f365192",
        "status": "InProgress",
        "startTime": "2023-02-20T09:36:31.9035489Z"
      }
    },
    {
      "RequestUri": "https://management.azure.com/subscriptions/db1ab6f0-4769-4b27-930e-01e2ef9c123c/providers/Microsoft.ContainerService/locations/eastus/operations/03fe1aa7-973c-48ab-a9f6-4c5a5f365192?api-version=2017-08-31",
      "RequestMethod": "GET",
      "RequestHeaders": {
        "Authorization": "Sanitized",
        "traceparent": "00-6ffb0ff5a4526d73f3d100b3b9fc9c8a-6be55d335bb02fb6-00",
        "User-Agent": "azsdk-net-ResourceManager/1.4.0 (.NET 7.0.3; Microsoft Windows 10.0.22621)",
        "x-ms-client-request-id": "c07a05005e1d4c42613324b91315d3a3",
        "x-ms-return-client-request-id": "true"
      },
      "RequestBody": null,
      "StatusCode": 200,
      "ResponseHeaders": {
        "Cache-Control": "no-cache",
        "Content-Length": "126",
        "Content-Type": "application/json",
        "Date": "Mon, 20 Feb 2023 09:42:01 GMT",
        "Expires": "-1",
        "Pragma": "no-cache",
        "Server": "nginx",
        "Strict-Transport-Security": "max-age=31536000; includeSubDomains",
        "X-Content-Type-Options": "nosniff",
        "x-ms-correlation-request-id": "9826eb61-26d3-47ed-bd8a-e733e5fa9b78",
        "x-ms-ratelimit-remaining-subscription-reads": "11946",
        "x-ms-request-id": "51c4351d-56da-4de0-a331-023e1df3ff2c",
        "x-ms-routing-request-id": "SOUTHEASTASIA:20230220T094201Z:9826eb61-26d3-47ed-bd8a-e733e5fa9b78"
      },
      "ResponseBody": {
        "name": "a71afe03-3c97-ab48-a9f6-4c5a5f365192",
        "status": "InProgress",
        "startTime": "2023-02-20T09:36:31.9035489Z"
      }
    },
    {
      "RequestUri": "https://management.azure.com/subscriptions/db1ab6f0-4769-4b27-930e-01e2ef9c123c/providers/Microsoft.ContainerService/locations/eastus/operations/03fe1aa7-973c-48ab-a9f6-4c5a5f365192?api-version=2017-08-31",
      "RequestMethod": "GET",
      "RequestHeaders": {
        "Authorization": "Sanitized",
        "traceparent": "00-6ffb0ff5a4526d73f3d100b3b9fc9c8a-5212c2e0e095ec34-00",
        "User-Agent": "azsdk-net-ResourceManager/1.4.0 (.NET 7.0.3; Microsoft Windows 10.0.22621)",
        "x-ms-client-request-id": "e3b7511607a9690748cf210388071ac3",
        "x-ms-return-client-request-id": "true"
      },
      "RequestBody": null,
      "StatusCode": 200,
      "ResponseHeaders": {
        "Cache-Control": "no-cache",
        "Content-Length": "126",
        "Content-Type": "application/json",
        "Date": "Mon, 20 Feb 2023 09:42:34 GMT",
        "Expires": "-1",
        "Pragma": "no-cache",
        "Server": "nginx",
        "Strict-Transport-Security": "max-age=31536000; includeSubDomains",
        "X-Content-Type-Options": "nosniff",
        "x-ms-correlation-request-id": "d8a0a619-a2a3-4a2d-9ca3-df09d0ab4ac5",
        "x-ms-ratelimit-remaining-subscription-reads": "11945",
        "x-ms-request-id": "076be7da-1fb4-467c-816b-1e45297aa869",
        "x-ms-routing-request-id": "SOUTHEASTASIA:20230220T094234Z:d8a0a619-a2a3-4a2d-9ca3-df09d0ab4ac5"
      },
      "ResponseBody": {
        "name": "a71afe03-3c97-ab48-a9f6-4c5a5f365192",
        "status": "InProgress",
        "startTime": "2023-02-20T09:36:31.9035489Z"
      }
    },
    {
      "RequestUri": "https://management.azure.com/subscriptions/db1ab6f0-4769-4b27-930e-01e2ef9c123c/providers/Microsoft.ContainerService/locations/eastus/operations/03fe1aa7-973c-48ab-a9f6-4c5a5f365192?api-version=2017-08-31",
      "RequestMethod": "GET",
      "RequestHeaders": {
        "Authorization": "Sanitized",
        "traceparent": "00-6ffb0ff5a4526d73f3d100b3b9fc9c8a-8e019e5b2376d8f8-00",
        "User-Agent": "azsdk-net-ResourceManager/1.4.0 (.NET 7.0.3; Microsoft Windows 10.0.22621)",
        "x-ms-client-request-id": "85686506904671d4a0bc314fdb30b147",
        "x-ms-return-client-request-id": "true"
      },
      "RequestBody": null,
      "StatusCode": 200,
      "ResponseHeaders": {
        "Cache-Control": "no-cache",
        "Content-Length": "126",
        "Content-Type": "application/json",
        "Date": "Mon, 20 Feb 2023 09:43:08 GMT",
        "Expires": "-1",
        "Pragma": "no-cache",
        "Server": "nginx",
        "Strict-Transport-Security": "max-age=31536000; includeSubDomains",
        "X-Content-Type-Options": "nosniff",
        "x-ms-correlation-request-id": "6d0b98f1-dcda-4b40-adc5-b397e8817490",
        "x-ms-ratelimit-remaining-subscription-reads": "11944",
        "x-ms-request-id": "e0a39f27-bd13-4e01-82a6-65c32fedec02",
        "x-ms-routing-request-id": "SOUTHEASTASIA:20230220T094308Z:6d0b98f1-dcda-4b40-adc5-b397e8817490"
      },
      "ResponseBody": {
        "name": "a71afe03-3c97-ab48-a9f6-4c5a5f365192",
        "status": "InProgress",
        "startTime": "2023-02-20T09:36:31.9035489Z"
      }
    },
    {
      "RequestUri": "https://management.azure.com/subscriptions/db1ab6f0-4769-4b27-930e-01e2ef9c123c/providers/Microsoft.ContainerService/locations/eastus/operations/03fe1aa7-973c-48ab-a9f6-4c5a5f365192?api-version=2017-08-31",
      "RequestMethod": "GET",
      "RequestHeaders": {
        "Authorization": "Sanitized",
        "traceparent": "00-6ffb0ff5a4526d73f3d100b3b9fc9c8a-f0304088c83eb6b0-00",
        "User-Agent": "azsdk-net-ResourceManager/1.4.0 (.NET 7.0.3; Microsoft Windows 10.0.22621)",
        "x-ms-client-request-id": "ee3d63cc65f0f9cffe10774d3d3fc45a",
        "x-ms-return-client-request-id": "true"
      },
      "RequestBody": null,
      "StatusCode": 200,
      "ResponseHeaders": {
        "Cache-Control": "no-cache",
        "Content-Length": "126",
        "Content-Type": "application/json",
        "Date": "Mon, 20 Feb 2023 09:43:40 GMT",
        "Expires": "-1",
        "Pragma": "no-cache",
        "Server": "nginx",
        "Strict-Transport-Security": "max-age=31536000; includeSubDomains",
        "X-Content-Type-Options": "nosniff",
        "x-ms-correlation-request-id": "6f7bdd44-5eec-4097-9bed-61c186bf0829",
        "x-ms-ratelimit-remaining-subscription-reads": "11943",
        "x-ms-request-id": "1df77f91-ec84-450a-bcd3-2a110057c591",
        "x-ms-routing-request-id": "SOUTHEASTASIA:20230220T094341Z:6f7bdd44-5eec-4097-9bed-61c186bf0829"
      },
      "ResponseBody": {
        "name": "a71afe03-3c97-ab48-a9f6-4c5a5f365192",
        "status": "InProgress",
        "startTime": "2023-02-20T09:36:31.9035489Z"
      }
    },
    {
      "RequestUri": "https://management.azure.com/subscriptions/db1ab6f0-4769-4b27-930e-01e2ef9c123c/providers/Microsoft.ContainerService/locations/eastus/operations/03fe1aa7-973c-48ab-a9f6-4c5a5f365192?api-version=2017-08-31",
      "RequestMethod": "GET",
      "RequestHeaders": {
        "Authorization": "Sanitized",
        "traceparent": "00-6ffb0ff5a4526d73f3d100b3b9fc9c8a-3af9a50bb0eacdd8-00",
        "User-Agent": "azsdk-net-ResourceManager/1.4.0 (.NET 7.0.3; Microsoft Windows 10.0.22621)",
        "x-ms-client-request-id": "adb260184dad865c7c4643ecd5b78e18",
        "x-ms-return-client-request-id": "true"
      },
      "RequestBody": null,
      "StatusCode": 200,
      "ResponseHeaders": {
        "Cache-Control": "no-cache",
        "Content-Length": "126",
        "Content-Type": "application/json",
        "Date": "Mon, 20 Feb 2023 09:44:13 GMT",
        "Expires": "-1",
        "Pragma": "no-cache",
        "Server": "nginx",
        "Strict-Transport-Security": "max-age=31536000; includeSubDomains",
        "X-Content-Type-Options": "nosniff",
        "x-ms-correlation-request-id": "34877018-86b7-43a7-81fe-2ef56f44c9d2",
        "x-ms-ratelimit-remaining-subscription-reads": "11942",
        "x-ms-request-id": "07274cec-e5bd-43aa-ac31-f3fd537f1a20",
        "x-ms-routing-request-id": "SOUTHEASTASIA:20230220T094413Z:34877018-86b7-43a7-81fe-2ef56f44c9d2"
      },
      "ResponseBody": {
        "name": "a71afe03-3c97-ab48-a9f6-4c5a5f365192",
        "status": "InProgress",
        "startTime": "2023-02-20T09:36:31.9035489Z"
      }
    },
    {
      "RequestUri": "https://management.azure.com/subscriptions/db1ab6f0-4769-4b27-930e-01e2ef9c123c/providers/Microsoft.ContainerService/locations/eastus/operations/03fe1aa7-973c-48ab-a9f6-4c5a5f365192?api-version=2017-08-31",
      "RequestMethod": "GET",
      "RequestHeaders": {
        "Authorization": "Sanitized",
        "traceparent": "00-6ffb0ff5a4526d73f3d100b3b9fc9c8a-067b1c97b479c825-00",
        "User-Agent": "azsdk-net-ResourceManager/1.4.0 (.NET 7.0.3; Microsoft Windows 10.0.22621)",
        "x-ms-client-request-id": "2436da1e2bcaa1d3956e873518873460",
        "x-ms-return-client-request-id": "true"
      },
      "RequestBody": null,
      "StatusCode": 200,
      "ResponseHeaders": {
        "Cache-Control": "no-cache",
        "Content-Length": "170",
        "Content-Type": "application/json",
        "Date": "Mon, 20 Feb 2023 09:44:45 GMT",
        "Expires": "-1",
        "Pragma": "no-cache",
        "Server": "nginx",
        "Strict-Transport-Security": "max-age=31536000; includeSubDomains",
        "X-Content-Type-Options": "nosniff",
        "x-ms-correlation-request-id": "3a93dfc2-9be0-4e57-8849-75ac4439178f",
        "x-ms-ratelimit-remaining-subscription-reads": "11941",
        "x-ms-request-id": "e71f3ab4-eeba-4fb1-bb34-b5625d728a1e",
        "x-ms-routing-request-id": "SOUTHEASTASIA:20230220T094445Z:3a93dfc2-9be0-4e57-8849-75ac4439178f"
      },
      "ResponseBody": {
        "name": "a71afe03-3c97-ab48-a9f6-4c5a5f365192",
        "status": "Succeeded",
        "startTime": "2023-02-20T09:36:31.9035489Z",
        "endTime": "2023-02-20T09:44:20.2444433Z"
      }
    },
    {
      "RequestUri": "https://management.azure.com/subscriptions/db1ab6f0-4769-4b27-930e-01e2ef9c123c/resourceGroups/testaksrg468/providers/Microsoft.ContainerService/managedClusters/akscluster6301?api-version=2022-11-02-preview",
      "RequestMethod": "GET",
      "RequestHeaders": {
        "Authorization": "Sanitized",
        "traceparent": "00-6ffb0ff5a4526d73f3d100b3b9fc9c8a-4d754590ca16ff9d-00",
        "User-Agent": "azsdk-net-ResourceManager/1.4.0 (.NET 7.0.3; Microsoft Windows 10.0.22621)",
        "x-ms-client-request-id": "7a36d7f7037d7e9a06b671aa21e32446",
        "x-ms-return-client-request-id": "true"
      },
      "RequestBody": null,
      "StatusCode": 200,
      "ResponseHeaders": {
        "Cache-Control": "no-cache",
        "Content-Length": "3116",
        "Content-Type": "application/json",
        "Date": "Mon, 20 Feb 2023 09:44:45 GMT",
        "Expires": "-1",
        "Pragma": "no-cache",
        "Server": "nginx",
        "Strict-Transport-Security": "max-age=31536000; includeSubDomains",
        "X-Content-Type-Options": "nosniff",
        "x-ms-correlation-request-id": "eb4855df-663d-4fff-b2d6-754455b7e26e",
        "x-ms-ratelimit-remaining-subscription-reads": "11940",
        "x-ms-request-id": "b13a7041-b5c3-47cb-889a-8505e1b94053",
        "x-ms-routing-request-id": "SOUTHEASTASIA:20230220T094446Z:eb4855df-663d-4fff-b2d6-754455b7e26e"
      },
      "ResponseBody": {
        "id": "/subscriptions/db1ab6f0-4769-4b27-930e-01e2ef9c123c/resourcegroups/testaksrg468/providers/Microsoft.ContainerService/managedClusters/akscluster6301",
        "location": "eastus",
        "name": "akscluster6301",
        "type": "Microsoft.ContainerService/ManagedClusters",
        "properties": {
          "provisioningState": "Succeeded",
          "powerState": {
            "code": "Running"
          },
          "kubernetesVersion": "1.24.9",
          "currentKubernetesVersion": "1.24.9",
          "dnsPrefix": "aksdotnetsdk",
          "fqdn": "aksdotnetsdk-e25b096a.hcp.eastus.azmk8s.io",
          "azurePortalFQDN": "aksdotnetsdk-e25b096a.portal.hcp.eastus.azmk8s.io",
          "agentPoolProfiles": [
            {
              "name": "aksagent",
              "count": 1,
              "vmSize": "Standard_D2s_v3",
              "osDiskSizeGB": 128,
              "osDiskType": "Managed",
              "kubeletDiskType": "OS",
              "maxPods": 110,
              "type": "VirtualMachineScaleSets",
              "provisioningState": "Succeeded",
              "powerState": {
                "code": "Running"
              },
              "orchestratorVersion": "1.24.9",
              "currentOrchestratorVersion": "1.24.9",
              "mode": "System",
              "osType": "Linux",
              "osSKU": "Ubuntu",
              "nodeImageVersion": "AKSUbuntu-1804gen2containerd-2023.01.26",
              "enableFIPS": false
            }
          ],
          "servicePrincipalProfile": {
            "clientId": "msi"
          },
          "nodeResourceGroup": "MC_testaksrg468_akscluster6301_eastus",
          "enableRBAC": true,
          "networkProfile": {
            "networkPlugin": "kubenet",
            "loadBalancerSku": "Standard",
            "loadBalancerProfile": {
              "managedOutboundIPs": {
                "count": 1
              },
              "effectiveOutboundIPs": [
                {
                  "id": "/subscriptions/db1ab6f0-4769-4b27-930e-01e2ef9c123c/resourceGroups/MC_testaksrg468_akscluster6301_eastus/providers/Microsoft.Network/publicIPAddresses/6208f620-7f33-4c8a-9f9f-2f582c9044b8"
                }
              ],
              "backendPoolType": "nodeIPConfiguration"
            },
            "podCidr": "10.244.0.0/16",
            "serviceCidr": "10.0.0.0/16",
            "dnsServiceIP": "10.0.0.10",
            "dockerBridgeCidr": "172.17.0.1/16",
            "outboundType": "loadBalancer",
            "podCidrs": [
              "10.244.0.0/16"
            ],
            "serviceCidrs": [
              "10.0.0.0/16"
            ],
            "ipFamilies": [
              "IPv4"
            ]
          },
          "maxAgentPools": 100,
          "identityProfile": {
            "kubeletidentity": {
              "resourceId": "/subscriptions/db1ab6f0-4769-4b27-930e-01e2ef9c123c/resourcegroups/MC_testaksrg468_akscluster6301_eastus/providers/Microsoft.ManagedIdentity/userAssignedIdentities/akscluster6301-agentpool",
              "clientId": "455ca198-3772-4684-a861-094e01595ca1",
              "objectId": "2cdbb234-13d4-49f9-9502-5866278f4fa9"
            }
          },
          "securityProfile": {},
          "storageProfile": {
            "diskCSIDriver": {
              "enabled": true,
              "version": "v1"
            },
            "fileCSIDriver": {
              "enabled": true
            },
            "snapshotController": {
              "enabled": true
            }
          },
          "oidcIssuerProfile": {
            "enabled": false
          },
          "workloadAutoScalerProfile": {}
        },
        "identity": {
          "type": "SystemAssigned",
          "principalId": "9a4e927d-a3a3-4b09-9d9a-ab6e1aefcc13",
          "tenantId": "72f988bf-86f1-41af-91ab-2d7cd011db47"
        },
        "sku": {
          "name": "Basic",
          "tier": "Free"
        }
      }
    },
    {
      "RequestUri": "https://management.azure.com/subscriptions/db1ab6f0-4769-4b27-930e-01e2ef9c123c/resourceGroups/testaksrg468/providers/Microsoft.ContainerService/managedClusters/akscluster6301/listClusterAdminCredential?api-version=2022-11-02-preview",
      "RequestMethod": "POST",
      "RequestHeaders": {
        "Accept": "application/json",
        "Authorization": "Sanitized",
        "Content-Length": "0",
        "traceparent": "00-5a03a5db2bea9fe12325010a5b36daf1-5fb2d0e9df423e1a-00",
        "User-Agent": "azsdk-net-ResourceManager.ContainerService/1.2.0-alpha.20230220.1 (.NET 7.0.3; Microsoft Windows 10.0.22621)",
        "x-ms-client-request-id": "622f5f829f08ec8f8d10183ec6276df5",
        "x-ms-return-client-request-id": "true"
      },
      "RequestBody": null,
      "StatusCode": 200,
      "ResponseHeaders": {
        "Cache-Control": "no-cache",
        "Content-Length": "13053",
        "Content-Type": "application/json",
        "Date": "Mon, 20 Feb 2023 09:44:46 GMT",
        "Expires": "-1",
        "Pragma": "no-cache",
        "Server": "nginx",
        "Strict-Transport-Security": "max-age=31536000; includeSubDomains",
        "X-Content-Type-Options": "nosniff",
        "x-ms-correlation-request-id": "d2758c3f-b7a0-4c2e-88bc-28332dba0c33",
        "x-ms-ratelimit-remaining-subscription-writes": "1199",
        "x-ms-request-id": "987e84f2-1903-4e0b-b6a3-55b611c16b1e",
        "x-ms-routing-request-id": "SOUTHEASTASIA:20230220T094447Z:d2758c3f-b7a0-4c2e-88bc-28332dba0c33"
      },
      "ResponseBody": {
        "kubeconfigs": [
          {
            "name": "clusterAdmin",
            "value": "YXBpVmVyc2lvbjogdjEKY2x1c3RlcnM6Ci0gY2x1c3RlcjoKICAgIGNlcnRpZmljYXRlLWF1dGhvcml0eS1kYXRhOiBMUzB0TFMxQ1JVZEpUaUJEUlZKVVNVWkpRMEZVUlMwdExTMHRDazFKU1VVMlJFTkRRWFJEWjBGM1NVSkJaMGxSWm5od1NEWkVWVmsxYUV3d0syd3hWa3hFWmt0a2FrRk9RbWRyY1docmFVYzVkekJDUVZGelJrRkVRVTRLVFZGemQwTlJXVVJXVVZGRVJYZEthbGxVUVdkR2R6QjVUWHBCZVUxcVFYZFBWRWt6VGtST1lVZEJPSGxOUkZWNlRVUkplVTFFUVRWTmVtTXdUVEZ2ZHdwRVZFVk1UVUZyUjBFeFZVVkJlRTFEV1RKRmQyZG5TV2xOUVRCSFExTnhSMU5KWWpORVVVVkNRVkZWUVVFMFNVTkVkMEYzWjJkSlMwRnZTVU5CVVVSeENtNDJja05QVG1ORVVrMDRTVlZtTUZWRWQwOUVaeXN6YUdwa1ZuRk9RemhwYzJvMGIzRnFkRmxhVnpORVdGbEVjbmhNYWtoTFFWVkhUbk41TVRVeFRHWUtSbWhoYTFsTFJtVk5NbE16UkZGeGVuVmlkVkU0U0ZBeU0wTlllbTl2TW0xSE9HeHJWMHhCTTNoRlNHeFJabmR6YkhWdGNqQjFjV2M1U2sxNmVFcHNhQXBTVUROaU0wTXJXbVJ2YUZGU1pYWnNjVGR5WjJkUlVrbERWelJIVTFJdmFUTjJSQzlHZDNsc1EwVkhZMVpNYUVObFkyUTRXWFJQUW5aMFpYQjNSMWN2Q25wamRqZDVRbnA2WVRSM1lYSXhTbkZaTWtkMmFVNHpNSE5wVEVaYU1HdEdOR1ZsWlROM1NUTlNUV3BEUldST2VHNVJRMnhzZWxKM01GTmpLMk5xTUhBS1IzZGxTM2x5UWtwNU5HdGxiV1ZXTTFwYWJVdHRjVkpIVlZoeU4xTkRVa3RaYVVObGN6VlJaM0E0YWtKMk4xbE1NbUZqT1RZMVJXMVNUVTkzVTBwaGR3cFBWMDlEVWtkT1NGaHFZeTlzVUdWV04xaFJWVkJMU1UxWVNtODNUbGs1UzNKa1MyTTVOblZXWmk5amRIcHdRM3BRUW1ScVkzTTRSRU52ZDNCMFIxWnlDa2hMVlZwSmFUSlZOMFJpWW05M01GRkxjVGt2TjJkUmFFZERZMFJ4VW1KalNHRllZM2N5V21SdmVVSjNVSE0xTDJFdlprZzBhSEZ3WmxFMGRVaENZUzhLY210M01qTlFiMUZPTUV4VWQxUXlaM0p0UTJSSVdHZHlaMGh6YjFBMk56WkNlSHBYWmtkWFF6SkdMMXBOVkdOS1pFRmtRa3RGVmt0clRsSkJObWhKYWdwV1dEQXJPSEpxVEZJMmFWUnlUVFYwWlZKNlFtaHVXR2N6TkcxdFFVUnFaemxqT0RkbWIxSllSREkwTm5oNEwzVjNOMUJtVmxoblRFRnhNM1IzY0U5ckNsSjRkWGgyYUdkeFZWcFBSbWhJZVU5bGIwUXdSVnB3U0ZkMFkxbGtOSE5GU1dwcU0wUm5OR2RzVjJ4dU16QlJTSFpLUldNMFFuSTVZa2hYTUZOR1dFSUtLMWxQYkVOUE56YzRjRkJ6UjBWUFptcFNSblZDZFZacEsxSjZXbk14V2xWVFYwMDRkMGR6Y1VSM1NVUkJVVUZDYnpCSmQxRkVRVTlDWjA1V1NGRTRRZ3BCWmpoRlFrRk5RMEZ4VVhkRWQxbEVWbEl3VkVGUlNDOUNRVlYzUVhkRlFpOTZRV1JDWjA1V1NGRTBSVVpuVVZWblMxcDVZa3RzTVhGdmRFeEZNM0p0Q21aVVNEbHpUakl4YWprNGQwUlJXVXBMYjFwSmFIWmpUa0ZSUlV4Q1VVRkVaMmRKUWtGRlpVWnJXSEJqU0hKYU1raHljVkZ3T0UxdU9HcFJkV3BFV25VS00wNXljVnAxUkdkRU5Ha3hZVFJ2U0ZZNFJVcEhjVmx6TmtzeFpXRTNZVFZuYWpNNFEyVk1SazQwY0U1alNYVm5TMGRuTlM4dlNtaHpiazFJVldoblZ3cENZbkZVVlV3NWNqWmFPSFIwV0hrMlIybHpkM0JaVmpaQ1dVMTRNMHROVERSbWVuRkdVRU5zT0RWQlowczJUVFpCVkVWRU5YcHNRMmhGY25CaVVEWjJDamx1VFVWVFkwOUpObmRITW5wU1JEY3hkVEJUUlhZeFJreEpjVzVyUVdSeWNFczNhemxKVW1sUlFVbGtSVzV3YTJoUFNTczFNV3hPUzB4UlpUZG5Ra3NLYldZclJXNTViRkJFTUVwaWFuUXhjamhFU214Uk4zaFpkVVJHUzNBM1NXaDVjMEpWTmpaMVF5dHhkRmRPYWpsR1VVeHpObUp5SzJzck9IbHpiM1J3TVFwdVlWUkRNRkprVlVkS2JtcGxXSFZqUm14RFdtVkxiWHBITmtGVGNYRjZkbFYxYkd4NlMweDJjemxPYkVsWFdFMVhTWEZaUldzNFdFc3hSR3RtZEdGUkNqVnBjaTh2YTFSWWRGVXJObmR3T0ZSTFpFaGtkRWt2ZFRCUlIyazBlWE5hZEhKblQyWm9TV1oxYWpoS1ZHVnNWMlJZVVZKUGIwMXpaamtyYzNGc1RsWUtaVUl6TVd0U1dERXpUWE5CWWpKUGIzcHRaMUk0YmtveU0ySlJNMHcwU0haWGRUSnhUM1o0UjJJd1YzaEhWelpTY0ZCWU5VSTFjVFV2WVN0UFZHcEtPQXBaTlZGdVEwSnRXV3BpUjJ0RVlqbHZlbTkyWnpFd01VMVpNRkZDU1VoWE9DOXpjekpzWkZGRFVYWjBWbE5PZDNFM2VUUlpOVW8xVTFoNFQwdE5TMHR2Q2xGdU5VSXpVMGhDV1Rjd1pqRmFTams1UTFReE5WZHJPV3N6VFhKS2QyZEpTa1F6VW5RMFdqRjRZblZLTWpWMlJVeHFRMkUxWjFsWGVUSTNOM2c1UW1JS2JFRnVlRmxuZW05dGJFSXlUbVpGU1RSUkwzZFRSVzVRVlRGT1lWcDJRV1ZLY0ZOR05rVkRRazE1TkdvMWVWUTVTa2s1SzBWV2JGSjRWRVJIVVhwSFJncHljelZuT0RjM2QwMDFNVmRKVmpoSkNpMHRMUzB0UlU1RUlFTkZVbFJKUmtsRFFWUkZMUzB0TFMwSwogICAgc2VydmVyOiBodHRwczovL2Frc2RvdG5ldHNkay1lMjViMDk2YS5oY3AuZWFzdHVzLmF6bWs4cy5pbzo0NDMKICBuYW1lOiBha3NjbHVzdGVyNjMwMQpjb250ZXh0czoKLSBjb250ZXh0OgogICAgY2x1c3RlcjogYWtzY2x1c3RlcjYzMDEKICAgIHVzZXI6IGNsdXN0ZXJBZG1pbl90ZXN0YWtzcmc0NjhfYWtzY2x1c3RlcjYzMDEKICBuYW1lOiBha3NjbHVzdGVyNjMwMQpjdXJyZW50LWNvbnRleHQ6IGFrc2NsdXN0ZXI2MzAxCmtpbmQ6IENvbmZpZwpwcmVmZXJlbmNlczoge30KdXNlcnM6Ci0gbmFtZTogY2x1c3RlckFkbWluX3Rlc3Rha3NyZzQ2OF9ha3NjbHVzdGVyNjMwMQogIHVzZXI6CiAgICBjbGllbnQtY2VydGlmaWNhdGUtZGF0YTogTFMwdExTMUNSVWRKVGlCRFJWSlVTVVpKUTBGVVJTMHRMUzB0Q2sxSlNVWklha05EUVhkaFowRjNTVUpCWjBsU1FVdG9SMUUzZUcwM2RtNXpiVXd2U0hwWk5GbzRlamgzUkZGWlNrdHZXa2xvZG1OT1FWRkZURUpSUVhjS1JGUkZURTFCYTBkQk1WVkZRWGhOUTFreVJYZElhR05PVFdwTmQwMXFTWGROUkd0NVRucFJlbGRvWTA1TmFsVjNUV3BKZDAxRWEzcE9lbEY2VjJwQmR3cE5VbU4zUmxGWlJGWlJVVXRGZHpWNlpWaE9NRnBYTURaaVYwWjZaRWRXZVdONlJWWk5RazFIUVRGVlJVRjRUVTFpVjBaNlpFZFdlVmt5ZUhCYVZ6VXdDazFKU1VOSmFrRk9RbWRyY1docmFVYzVkekJDUVZGRlJrRkJUME5CWnpoQlRVbEpRME5uUzBOQlowVkJNMWg0TUhGTFlsWlBaa2Q1UzBzNVJVZGxRbVVLY3l0RVlXRmxhVXhvYW1sNWN6aDFObk5QVWtVM1ZXUkZSV0o1UXpaWk0xaHhkbUZJYkhSQlZFTnpSbkphZGs5alFYaEVWbXN6Y0hCVlpsZEJlU3QyYXdveWJqVnVWVFF3U21WNFJYRjZXalI2TTNWUlNYaHJjMlJYTUdGSWNuWk5RMUZNWkU1UVVHOTFWelJtV2twaVFYbEVRVGxsVjA1QllXVmFNSEF2YUc5V0NsUnNUVkJWZEVndk0yMHZUMUpoVlhveVdGcHdSMWw2VjJaRVVYbDVUR3RIYUVRMWVERnBkMlJKTVZVd1dVMW1WV1psV2pZek4wSnZiRnBUVEdwdVpGZ0tiSFZ0VjJRMk1XMWhabGNyVG5kWVRtVnNTMlpuSzNabGRGQXhNbll5VEdoNE5GUmxPSGx5WVVkSFREZFlTRGxsWTNVemJXaFFhVFExTWxKUVFUZERhQXBzU25sVlVIRnJkMUJhVnpWQ1RuYzJUMlU0ZWtGclFuTkVha015VTIxeWFuQk9SbmhLYlUxbVJWaHdVVTB3TDFWRk4yZGlVMXBsTkVwWWVVZHdNV2xzQ2poUVNDOXpMemhSTVc5U1RrNUNiV1J2T0ZVd1pEVTBhMmRaY1ROaldtMXdXR0phVGt4U2VqSTFabUpvU2sxNVdIWTVVbU4zWm5kd1NpdDZjREZKVWxJS00ySmhkamRDWjNWeVRtWkpUVEFyUmpCRE9HNHdUVU56Vm1od05IVjZWVE5qU1dsQ1dqbERjMVJSVlhNeU5WSkNaRGx3ZDNWTGFsbGtXa0lyUW5KdU9BcHJlbGRMZFdwTlMxUk9XVlpTYWxkaFZFTkxLMmhhUkdabVdrZEZkVEZCU3k5eFRUVnVlRk5OT0VSTFdqaEJSRE42V0RGRWNFWm9WMmwyVjNFMldHNXNDbGsyTUZGNlpraDVkSFZYUmtsWVVVMUxVRXhxT0ZoTVMyOTBibE5pYUdScGVqSk1RbUpWV0VaV2JHWlZhWFoyWlZsSlJWcFliRFZ2V0VaSmVFUTRWMmNLVHlzeE4yZFNNMmcyYUhWaGJIVXdNR3B5ZDAxdFlUQmtXazkzVTFZMlducDVZWEphTW1sNVoya3hZVVprWW05RE1XODVkVk5GVEdONGVVNW9lVmxYYndwcFlUaENNakUwWTNwd1pEWnVUMFV6VXpOMFZWZHRZME5CZDBWQlFXRk9WMDFHVVhkRVoxbEVWbEl3VUVGUlNDOUNRVkZFUVdkWFowMUNUVWRCTVZWa0NrcFJVVTFOUVc5SFEwTnpSMEZSVlVaQ2QwMURUVUYzUjBFeFZXUkZkMFZDTDNkUlEwMUJRWGRJZDFsRVZsSXdha0pDWjNkR2IwRlZaMHRhZVdKTGJERUtjVzkwVEVVemNtMW1WRWc1YzA0eU1XbzVPSGRFVVZsS1MyOWFTV2gyWTA1QlVVVk1RbEZCUkdkblNVSkJTVmhNVDBwdUsxRldkVU5pZGtOR1UwbGlaZ3BYZDJnNGRpOVlZbEF2TlVndlpuaHBOWE4yTlVsSmFrczBla1oxU1RoUWQyUm5ZVmxWV2preE5HWXZSbEowWTFNd2FHTnZPVXBvWldOVUwyNUlaVEV3Q21KSWNtcE1Na1I0Wm0xVllsQTBhRUZPWlZGYVluZERURVE0SzBOQlpXeFVjMmROYkRsM05rTlRSMlE0UVRNd1Z6aDBSMlJaUkRSSU0xTjFiRXg2ZW5JS1JHMDFVVnBwWVZrNFRFaEhTMHgzVmt0TWQyZFZLMk5GU2s5UWJHaGhVRGsyY0RCUVdXUlZhMUpNV2t0UGRraHFOR0pUV1RGU1IyNXhNbFF4VWxjd1dRcGhaMVpEZVRCck4wSmpOM1UzY3pCR1ZsZHJNbFpLY0VKdU5EQmlOM0p6TjFZd1pVdzNXR05EV1dOMlkyVTBUbWxYTVhkaGNFRXZTMDFRVTFORFpsa3lDbmRVUm1oa1NWSnhUVE5JV21SbFEyODJNWFJJV0c0MUwwNW9NV3BFZUZrNGNtc3paR1J1YVZSeGJsUkRUa2h6ZG5kMmJsSlZNRTVSZUhwek1taHZNM1FLYjFGaGNuSlNRVkZyTVdjM2JHaHpTbkJxZVVKRlNYQnBZekIyTVdGcFFWSkdia0V2VURsS1NHMW1TR1ZTVldSeVNYQnNOVXRCT1hobFZIRlpWRzEwTHdwSE1qVkJkMmxYU25vdkwyUm9kQ3RLVDBwWlRVUTBXRGhhV0U0NVF6aFpkMWx5UzJoWFdVVjBjRko0ZDFsdVRrVkdhRzVrWVVvMGQxbHRWMkp6UzBkbUNrb3JUVk5XYkRSeU4ydGpiVVZ4Ykc4ck1rUkdiSGN6SzBOV2FFZFpaVFExWW5nd01XeFZSamRtZFhOS09FNXRZbVZPY25oWFQyVmlXbTk2WTBKUlprSUtNMkZNVkRVMFYyZHJibWhpU0hsd00xQXhTR0ZaT1c1dFRFczBWSFpCVkdFMmFscFZNVFJ1ZDNOQmVERnlURWhDWmtoNlZ6UnhZbWczUlU1eGNtb3dMd3BvT0ZWU2NVaFNOVGRpVW5wRlREZG1kMHBGYlVZclNUZ3hXV2RPWkdwQlp6aFZPWEYwWkdJMldsUkdZbTQyZDJ4a05UWk5UM2MwUjJ0YU4wY3dUVUo1Q200clpFTjBjRFl4UVV0VldGUmhWVWd4VjJweVkyVTRkQW90TFMwdExVVk9SQ0JEUlZKVVNVWkpRMEZVUlMwdExTMHRDZz09CiAgICBjbGllbnQta2V5LWRhdGE6IExTMHRMUzFDUlVkSlRpQlNVMEVnVUZKSlZrRlVSU0JMUlZrdExTMHRMUXBOU1VsS1MyZEpRa0ZCUzBOQlowVkJNMWg0TUhGTFlsWlBaa2Q1UzBzNVJVZGxRbVZ6SzBSaFlXVnBUR2hxYVhsek9IVTJjMDlTUlRkVlpFVkZZbmxEQ2paWk0xaHhkbUZJYkhSQlZFTnpSbkphZGs5alFYaEVWbXN6Y0hCVlpsZEJlU3QyYXpKdU5XNVZOREJLWlhoRmNYcGFOSG96ZFZGSmVHdHpaRmN3WVVnS2NuWk5RMUZNWkU1UVVHOTFWelJtV2twaVFYbEVRVGxsVjA1QllXVmFNSEF2YUc5V1ZHeE5VRlYwU0M4emJTOVBVbUZWZWpKWVduQkhXWHBYWmtSUmVRcDVUR3RIYUVRMWVERnBkMlJKTVZVd1dVMW1WV1psV2pZek4wSnZiRnBUVEdwdVpGaHNkVzFYWkRZeGJXRm1WeXRPZDFoT1pXeExabWNyZG1WMFVERXlDbll5VEdoNE5GUmxPSGx5WVVkSFREZFlTRGxsWTNVemJXaFFhVFExTWxKUVFUZERhR3hLZVZWUWNXdDNVRnBYTlVKT2R6WlBaVGg2UVd0Q2MwUnFReklLVTIxeWFuQk9SbmhLYlUxbVJWaHdVVTB3TDFWRk4yZGlVMXBsTkVwWWVVZHdNV2xzT0ZCSUwzTXZPRkV4YjFKT1RrSnRaRzg0VlRCa05UUnJaMWx4TXdwaldtMXdXR0phVGt4U2VqSTFabUpvU2sxNVdIWTVVbU4zWm5kd1NpdDZjREZKVWxJelltRjJOMEpuZFhKT1prbE5NQ3RHTUVNNGJqQk5RM05XYUhBMENuVjZWVE5qU1dsQ1dqbERjMVJSVlhNeU5WSkNaRGx3ZDNWTGFsbGtXa0lyUW5KdU9HdDZWMHQxYWsxTFZFNVpWbEpxVjJGVVEwc3JhRnBFWm1aYVIwVUtkVEZCU3k5eFRUVnVlRk5OT0VSTFdqaEJSRE42V0RGRWNFWm9WMmwyVjNFMldHNXNXVFl3VVhwbVNIbDBkVmRHU1ZoUlRVdFFUR280V0V4TGIzUnVVd3BpYUdScGVqSk1RbUpWV0VaV2JHWlZhWFoyWlZsSlJWcFliRFZ2V0VaSmVFUTRWMmRQS3pFM1oxSXphRFpvZFdGc2RUQXdhbkozVFcxaE1HUmFUM2RUQ2xZMlducDVZWEphTW1sNVoya3hZVVprWW05RE1XODVkVk5GVEdONGVVNW9lVmxYYjJsaE9FSXlNVFJqZW5Ca05tNVBSVE5UTTNSVlYyMWpRMEYzUlVFS1FWRkxRMEZuUVZCcGRXUkpNbTlTUjBRMk56TTJaWGt5WjBOa1JrdHFaRXBxVm1OV1RWTTVhRXhLTDB0UlFYRlRUMEpyVUhkYVNGTlFMMFIwWmpKV1pRcGpVRmRXU1V0UFpqQjFTMVV5U0RaVldHUmxPRTQyVlRGTGFsZHBSelZMTW5Fd1VVdEVaR1JoU0VseU5WUnFiRXhoVVZGRVdISjVkM2w2TjFOUFkzSkRDbmcySzNaSWNWcG1XR0pFTVZwaVMzbFBkRUpSZW01WFpUZHJaVzFsYlN0ME1sTjZRMlZGWjJGWVVrSTFXbnBVVXpWVE5EaEJlRWMxVVdweGVERjNkalFLUVhCd09ESXdURlZ6T1VVeWEwcEVOREUxUmxCU1pVSlNVRUpETm1ReVVHMTJRbFpsZUVNM015ODBSU3N6TUU1M1dqUklNbGt6T0UxNVUzbGpObkpqVndwcE1rSkpjVGxIUmpKVE5WRnNSamxFTXpSNGFVOUphazg0Ym5Nd1UxcFRhRzVSTDFWcmIyZHpWR2xSVERSeWVFdHZVMmt3UTJwclVXMWtWMngzUldwWUNtSTRaRVJYTjJvM1JVNVJTMGRxV2xsQlRIbGpZazVQY1U1TE9WbFRjMEZJTW13M1VYVkVhMWR4YnpSdGNtdERRbW96UkdjNFdqTjRXVTFhTjFwNmIwNEtUVTR5ZVV4U01raDRNRm8xWkZseU0zcEtOMkpCVVZBMk0waFFRbXAxU0VRM1JuZHlTR2xPVXk5U1dFRm5UR0UzZEZWYVl6UXlUM1J4YVhCR01qSTRTd3B4VDJaaFdFMVBjRFZHVkZoWGJHcElObFZIT1hGTlowWkNNRnBUT0daS0syWk5VMlpVUTNWUFJXWjZSRkF4TVRJeFVtbDFNbkExVTB4Qk0ySTBUbWxtQ25wRFZrTmFaRlJvU1N0UVUxSTBka0p3TVhwUFFrUnpWRGxJUjNRMWIyRlJObUo2UW5OQ1JHeEhhRUY1UjJKcFNtNVdiRTlNTnpVMk56QjViRnBJTTBnS1dHRlRjM1JMZW1sdGNFUmFhbUpyYVRneFpIaHplbkk0U0ZRck1XcEtZWGRKVGpCamNsWnlWREEyVUVsQmJTc3dPRVY1TjNGRlYxUmtZbmRXZG5ZeWNnbzJZbVE1YzNwU1RESmxXbFZEU0U1MmJ6UnpWRXBFU1ZaMGJtTm9ZMDlJYmt0MFR5dFFaelZSVDFkS05VMXhjMDVsVVV0RFFWRkZRVFZGWW1ORlpubGxDa1pDZVdGc1FrbDVia05pTldGVGNHdzVSMU52WkhGUUwwcFlZM1V3V0RGelZtOVpZVmtyT1hSUU0zYzRUMkpOZEZrdk16aFpRUzl2VGxORVVHTkdTamdLZWpoaVozSXdTamx6YTNjMkx6ZEJSbVV3VDBnNFRHMVZaVVIwZDJwSWVuVXlWMEZITjBOYWRrNHlURTVRZURsT2NsRjBlQ3RKVXpsRlkzUkVjbVZXVFFvNU1VSnZhVWxuUkRSelNubFZkMjFMTVRoVVNUbFpkR0V6U25sNWQxSm9WWGhRYTA5NFNYUjNNSFpHY1VFd1Iyd3hVelpUY1hWWmJtOU9XVGxuVlRKc0NsbEVka1ZVWlZoRldtcExNMnhzT0dac2MwZFplazVsYjNCUFUwbGFVVWR5V1dONVpUQm9aa1ZOTm05WWVraERUalI0YUVsTmNEbFVNeXR1UWt0M2NHOEtWakUzVFc1VmJGUmhVWE5CZUZCdU5FaG1ZVFJoVWxGQlMzRkdNbWgyYlVOclZXWTBWMGhpVlZSd1RrSnhkVEJ3YVc5V09EQXZPREZIVG5OMk5tZHlaZ3BhU1d4aFFrUktiRWw0VW1GNWQwdERRVkZGUVN0SFNqVm1NRmRYT1VSNE1saEtXVUpVZGsxbFYzbE9hbkJTVTNGS1kwZGtkRWwzVFZKWGJsVjNiVWxDQ2t4bGNuQmlhMk5zS3k5ek1GSkNSRUp5TVZGTmIwZ3lTV0ZwTTFORVdYZElPVkozWVVWMWNHVlJXa1IwT0ZkU01IbDNhMmhaWTFZNGVuUkVlVkZ0V0RjS1pFaGlTazlhUVc4elZEYzJUblpaT0RKSVFWZFFMMGczV1VWdWJYVk1VSFZQT1hkT1YxcHpNVlpUUm1kUldTdFhRM0JCWlhkVEswSjZRMGh4VjNWcWNBcE9XR1Z1UVhscVRtTnJaV3A0YlhCdWNGWk5iMDlGYmpGa1EzVkliVU0wVlU5NWVYTmxVRTlrV2xOTVNrUXJNMGxXVjNacGJXUmhjVFpJUjFwaFJXSmpDaTh4VjJFdldWTmpMMWd4U21WR2NraFBhWGhXSzFNM1dtOXZSa0YxV1ZOWGVTOVlkMVpTVkd0V1RqVXhiVmwzS3pkR2IzaHdVREkxWkdKUU4wZENSMllLYWtWc0sxcGFLMmRuWVVaemR6ZFhaVTVwWVhoRE1EUnBRMGxuWWtWMGJGQlhWbGRWYm5saUwxWlJTME5CVVVWQmIySnpVMk5EZG5GVk5WWjNZbnBtTVFwWk1uazFhVU5xYURCNVZEbDBhRU0yTVVoQ09GZDVMMmhqWlhaU1FuSjVOMU5vT1dKRVFWcEhVVzVJVVZCTU9FbGFXblUxV0VoelZYTnhSRlY2TVdKekNtUXdXa3hDY0hoUVVtVlhlV2x1Y25oR1lqUklTRFJJYTA0eE5IaHBWalI0Y21GMmVXWnhXbEJCYVhJMWRFaHNWeXQ1VW00M2RYaHRaVEZKWTNaYU5tY0tTV2xvYUd4NlRreHBNVTlCYWxoalQwTlFPVGhLYUVveUwwcGlORkEwWjB4b01taEVSVGgxVUVWc2NrMTZkMmRDVXpWS0sxRlFOR2xFVDNoTVUwZFdhQXB2U1dGUFV6VjBXbHBvV1VScVFqSXJMMmhTYzBScFVVRnhSMjEzYmtkcU5rOVRRbkJtUVRkRFpVRk1ZMHBCUml0RE1GbDRPV0Y1UzBGR2Vrb3llVmcwQ2xWd1VGcEdOMWREWkV4bk5FeDZjR05aT1daQ1oyZ3JSWGRwYldKaGFFaEhiVmRVTjFGWU5rWjZMelpFVldrclpVUjBORGhPUkZVdk1FcHlMMmszYlc4S2NtaElaSGRSUzBOQlVVVkJlV1pKYlc1c1psTkdPV3huTUc0MFZIRnJSRFJ0Vm1vMGJIbDBjQ3Q2UTJ0TVJITkNZbmcxVVc5WmNGWk5lVkZtYW1zelF3cHJSa1ExWldFeU1rTXZjbTFIVlZvelRuWjZlVWcxYlU5cWNtRXJZa1Z4Y0ZBNU1qVXhPVEkxU2paeVVYWldSak16UWpjclIxRlpXbTRyVGtWVU9IcHdDbkpLYVdKcWVuYzRNVU41ZEhGdFpuWXpZVmMwVGsxMk1rVnBNR3B1V1hOWWJscE9OVlV4VTA5NFVpOVJTVmh0YVhGdWJWbDBWR3hTUVhWMU5XMXNVQ3NLVm1JdmVGcEZlakl6S3k5M1lqTlBVMWxXVmxNNVYxQm9hSGR6V0ZneUsxTjBUSFpJYUZjdmNYaGhhbXh1TDFwMFJtNW1iVXB0V1ZoSlNFcFdhRmhJWndwM2FXbDJTaklyU0UwNFJVRldXWHBHTTJRMFFUVmtWSEpXWjBWeU1tTkZWM012YmpZeU1VTjJhVVJNT0RCbmVVbFZVelUwU2tkWFVIUjBkVFpNU2pOUkNsQm9WV3N2VTI5Wk4wTlphRWt2VUhWeU9HdGFWMmRZWkVGbFJWYzJVamh1TUZGTFEwRlJSVUZzYTNKNmNGQXZiakJLTW5WUU4yTlBNM1kzVkVOSmEwRUtkeXRDVHpKWlRWTkhkbWhuYmpOT2FYQnJha2xSWVhGaGFGZ3JORTVhTlhacFRVaHJSMWRxTWxCT2VXdFBTVU5YZVM5QmFERnlkM2R1ZFRoTGNYQlJPUXBQY1RneFRVNHhkazVNVUZGM0sycE5Za0ZaZUdSUVkyRmFibmR1UjJSbE5tOURVVmRKUWxObWNFdFVZUzlZYWt0cFMwNVRWVEpNVW5KaGJrUllURzR3Q2tsb09HeFdUVXh3UWxGT1oxSjJWWEF4VTJ0TVlYVk1hbXhLVTJWSGQzQnBZeTl1Y1d0R01rUXpVSHBIUms1a1RURkVNMU5OUTNwWFFVcEZRV3BrZERjS2NpOW5jbmRJVVhOTFJXOTZlbmxCU0VveU1IcHdjM0pFUVRaWksyZDRMMGRWUWxkTE5DdFZRMjQwYWtkT01XOUZRa1ZHU25WUlZXRjBRM2xUZDJSRVpnbzRWbmg1WkV0aU5XWk1UV3h4Ums5bWNrOUdiRWQ2U2k5MVYyUkRNbE0yTW1kamJYazFURWsxVm1SWmFqTmxRMHhTUjBsWFRIaEpSREYwVDJsbFFUMDlDaTB0TFMwdFJVNUVJRkpUUVNCUVVrbFdRVlJGSUV0RldTMHRMUzB0Q2c9PQogICAgdG9rZW46IDVhYTkyZmExMzRjNDRjNzRhYzY4MmI5YzA5OTI4ZjNkYzkzMjhkOGNkYmVjOThlMGZlMTJmODMwMGI1OWZjNmM5YjI2YjRmZDAzZGZiMjZlYmRkNGZlYTQzZGY0YjdlYWJjZDdiOTBkMzIwNmE5YjAwMDkwOTUwYzc1ZWRiZjNmCg=="
          }
        ]
      }
    },
    {
      "RequestUri": "https://management.azure.com/subscriptions/db1ab6f0-4769-4b27-930e-01e2ef9c123c/resourceGroups/testaksrg468/providers/Microsoft.ContainerService/managedClusters/akscluster6301/listClusterUserCredential?api-version=2022-11-02-preview",
      "RequestMethod": "POST",
      "RequestHeaders": {
        "Accept": "application/json",
        "Authorization": "Sanitized",
        "Content-Length": "0",
        "traceparent": "00-86157f7032ec848c74a9ecdc6626ff3d-0a0e9a251e425e28-00",
        "User-Agent": "azsdk-net-ResourceManager.ContainerService/1.2.0-alpha.20230220.1 (.NET 7.0.3; Microsoft Windows 10.0.22621)",
        "x-ms-client-request-id": "fdf5e21213811a9a3fb71e13ba2880b2",
        "x-ms-return-client-request-id": "true"
      },
      "RequestBody": null,
      "StatusCode": 200,
      "ResponseHeaders": {
        "Cache-Control": "no-cache",
        "Content-Length": "13048",
        "Content-Type": "application/json",
        "Date": "Mon, 20 Feb 2023 09:44:47 GMT",
        "Expires": "-1",
        "Pragma": "no-cache",
        "Server": "nginx",
        "Strict-Transport-Security": "max-age=31536000; includeSubDomains",
        "X-Content-Type-Options": "nosniff",
        "x-ms-correlation-request-id": "bc17cb64-bd61-4230-a5de-f9792fef4333",
        "x-ms-ratelimit-remaining-subscription-writes": "1198",
        "x-ms-request-id": "dc25407d-d580-4571-9d2e-21f02f7b29f1",
        "x-ms-routing-request-id": "SOUTHEASTASIA:20230220T094448Z:bc17cb64-bd61-4230-a5de-f9792fef4333"
      },
      "ResponseBody": {
        "kubeconfigs": [
          {
            "name": "clusterUser",
            "value": "YXBpVmVyc2lvbjogdjEKY2x1c3RlcnM6Ci0gY2x1c3RlcjoKICAgIGNlcnRpZmljYXRlLWF1dGhvcml0eS1kYXRhOiBMUzB0TFMxQ1JVZEpUaUJEUlZKVVNVWkpRMEZVUlMwdExTMHRDazFKU1VVMlJFTkRRWFJEWjBGM1NVSkJaMGxSWm5od1NEWkVWVmsxYUV3d0syd3hWa3hFWmt0a2FrRk9RbWRyY1docmFVYzVkekJDUVZGelJrRkVRVTRLVFZGemQwTlJXVVJXVVZGRVJYZEthbGxVUVdkR2R6QjVUWHBCZVUxcVFYZFBWRWt6VGtST1lVZEJPSGxOUkZWNlRVUkplVTFFUVRWTmVtTXdUVEZ2ZHdwRVZFVk1UVUZyUjBFeFZVVkJlRTFEV1RKRmQyZG5TV2xOUVRCSFExTnhSMU5KWWpORVVVVkNRVkZWUVVFMFNVTkVkMEYzWjJkSlMwRnZTVU5CVVVSeENtNDJja05QVG1ORVVrMDRTVlZtTUZWRWQwOUVaeXN6YUdwa1ZuRk9RemhwYzJvMGIzRnFkRmxhVnpORVdGbEVjbmhNYWtoTFFWVkhUbk41TVRVeFRHWUtSbWhoYTFsTFJtVk5NbE16UkZGeGVuVmlkVkU0U0ZBeU0wTlllbTl2TW0xSE9HeHJWMHhCTTNoRlNHeFJabmR6YkhWdGNqQjFjV2M1U2sxNmVFcHNhQXBTVUROaU0wTXJXbVJ2YUZGU1pYWnNjVGR5WjJkUlVrbERWelJIVTFJdmFUTjJSQzlHZDNsc1EwVkhZMVpNYUVObFkyUTRXWFJQUW5aMFpYQjNSMWN2Q25wamRqZDVRbnA2WVRSM1lYSXhTbkZaTWtkMmFVNHpNSE5wVEVaYU1HdEdOR1ZsWlROM1NUTlNUV3BEUldST2VHNVJRMnhzZWxKM01GTmpLMk5xTUhBS1IzZGxTM2x5UWtwNU5HdGxiV1ZXTTFwYWJVdHRjVkpIVlZoeU4xTkRVa3RaYVVObGN6VlJaM0E0YWtKMk4xbE1NbUZqT1RZMVJXMVNUVTkzVTBwaGR3cFBWMDlEVWtkT1NGaHFZeTlzVUdWV04xaFJWVkJMU1UxWVNtODNUbGs1UzNKa1MyTTVOblZXWmk5amRIcHdRM3BRUW1ScVkzTTRSRU52ZDNCMFIxWnlDa2hMVlZwSmFUSlZOMFJpWW05M01GRkxjVGt2TjJkUmFFZERZMFJ4VW1KalNHRllZM2N5V21SdmVVSjNVSE0xTDJFdlprZzBhSEZ3WmxFMGRVaENZUzhLY210M01qTlFiMUZPTUV4VWQxUXlaM0p0UTJSSVdHZHlaMGh6YjFBMk56WkNlSHBYWmtkWFF6SkdMMXBOVkdOS1pFRmtRa3RGVmt0clRsSkJObWhKYWdwV1dEQXJPSEpxVEZJMmFWUnlUVFYwWlZKNlFtaHVXR2N6TkcxdFFVUnFaemxqT0RkbWIxSllSREkwTm5oNEwzVjNOMUJtVmxoblRFRnhNM1IzY0U5ckNsSjRkWGgyYUdkeFZWcFBSbWhJZVU5bGIwUXdSVnB3U0ZkMFkxbGtOSE5GU1dwcU0wUm5OR2RzVjJ4dU16QlJTSFpLUldNMFFuSTVZa2hYTUZOR1dFSUtLMWxQYkVOUE56YzRjRkJ6UjBWUFptcFNSblZDZFZacEsxSjZXbk14V2xWVFYwMDRkMGR6Y1VSM1NVUkJVVUZDYnpCSmQxRkVRVTlDWjA1V1NGRTRRZ3BCWmpoRlFrRk5RMEZ4VVhkRWQxbEVWbEl3VkVGUlNDOUNRVlYzUVhkRlFpOTZRV1JDWjA1V1NGRTBSVVpuVVZWblMxcDVZa3RzTVhGdmRFeEZNM0p0Q21aVVNEbHpUakl4YWprNGQwUlJXVXBMYjFwSmFIWmpUa0ZSUlV4Q1VVRkVaMmRKUWtGRlpVWnJXSEJqU0hKYU1raHljVkZ3T0UxdU9HcFJkV3BFV25VS00wNXljVnAxUkdkRU5Ha3hZVFJ2U0ZZNFJVcEhjVmx6TmtzeFpXRTNZVFZuYWpNNFEyVk1SazQwY0U1alNYVm5TMGRuTlM4dlNtaHpiazFJVldoblZ3cENZbkZVVlV3NWNqWmFPSFIwV0hrMlIybHpkM0JaVmpaQ1dVMTRNMHROVERSbWVuRkdVRU5zT0RWQlowczJUVFpCVkVWRU5YcHNRMmhGY25CaVVEWjJDamx1VFVWVFkwOUpObmRITW5wU1JEY3hkVEJUUlhZeFJreEpjVzVyUVdSeWNFczNhemxKVW1sUlFVbGtSVzV3YTJoUFNTczFNV3hPUzB4UlpUZG5Ra3NLYldZclJXNTViRkJFTUVwaWFuUXhjamhFU214Uk4zaFpkVVJHUzNBM1NXaDVjMEpWTmpaMVF5dHhkRmRPYWpsR1VVeHpObUp5SzJzck9IbHpiM1J3TVFwdVlWUkRNRkprVlVkS2JtcGxXSFZqUm14RFdtVkxiWHBITmtGVGNYRjZkbFYxYkd4NlMweDJjemxPYkVsWFdFMVhTWEZaUldzNFdFc3hSR3RtZEdGUkNqVnBjaTh2YTFSWWRGVXJObmR3T0ZSTFpFaGtkRWt2ZFRCUlIyazBlWE5hZEhKblQyWm9TV1oxYWpoS1ZHVnNWMlJZVVZKUGIwMXpaamtyYzNGc1RsWUtaVUl6TVd0U1dERXpUWE5CWWpKUGIzcHRaMUk0YmtveU0ySlJNMHcwU0haWGRUSnhUM1o0UjJJd1YzaEhWelpTY0ZCWU5VSTFjVFV2WVN0UFZHcEtPQXBaTlZGdVEwSnRXV3BpUjJ0RVlqbHZlbTkyWnpFd01VMVpNRkZDU1VoWE9DOXpjekpzWkZGRFVYWjBWbE5PZDNFM2VUUlpOVW8xVTFoNFQwdE5TMHR2Q2xGdU5VSXpVMGhDV1Rjd1pqRmFTams1UTFReE5WZHJPV3N6VFhKS2QyZEpTa1F6VW5RMFdqRjRZblZLTWpWMlJVeHFRMkUxWjFsWGVUSTNOM2c1UW1JS2JFRnVlRmxuZW05dGJFSXlUbVpGU1RSUkwzZFRSVzVRVlRGT1lWcDJRV1ZLY0ZOR05rVkRRazE1TkdvMWVWUTVTa2s1SzBWV2JGSjRWRVJIVVhwSFJncHljelZuT0RjM2QwMDFNVmRKVmpoSkNpMHRMUzB0UlU1RUlFTkZVbFJKUmtsRFFWUkZMUzB0TFMwSwogICAgc2VydmVyOiBodHRwczovL2Frc2RvdG5ldHNkay1lMjViMDk2YS5oY3AuZWFzdHVzLmF6bWs4cy5pbzo0NDMKICBuYW1lOiBha3NjbHVzdGVyNjMwMQpjb250ZXh0czoKLSBjb250ZXh0OgogICAgY2x1c3RlcjogYWtzY2x1c3RlcjYzMDEKICAgIHVzZXI6IGNsdXN0ZXJVc2VyX3Rlc3Rha3NyZzQ2OF9ha3NjbHVzdGVyNjMwMQogIG5hbWU6IGFrc2NsdXN0ZXI2MzAxCmN1cnJlbnQtY29udGV4dDogYWtzY2x1c3RlcjYzMDEKa2luZDogQ29uZmlnCnByZWZlcmVuY2VzOiB7fQp1c2VyczoKLSBuYW1lOiBjbHVzdGVyVXNlcl90ZXN0YWtzcmc0NjhfYWtzY2x1c3RlcjYzMDEKICB1c2VyOgogICAgY2xpZW50LWNlcnRpZmljYXRlLWRhdGE6IExTMHRMUzFDUlVkSlRpQkRSVkpVU1VaSlEwRlVSUzB0TFMwdENrMUpTVVpJYWtORFFYZGhaMEYzU1VKQlowbFNRVXRvUjFFM2VHMDNkbTV6YlV3dlNIcFpORm80ZWpoM1JGRlpTa3R2V2tsb2RtTk9RVkZGVEVKUlFYY0tSRlJGVEUxQmEwZEJNVlZGUVhoTlExa3lSWGRJYUdOT1RXcE5kMDFxU1hkTlJHdDVUbnBSZWxkb1kwNU5hbFYzVFdwSmQwMUVhM3BPZWxGNlYycEJkd3BOVW1OM1JsRlpSRlpSVVV0RmR6VjZaVmhPTUZwWE1EWmlWMFo2WkVkV2VXTjZSVlpOUWsxSFFURlZSVUY0VFUxaVYwWjZaRWRXZVZreWVIQmFWelV3Q2sxSlNVTkpha0ZPUW1kcmNXaHJhVWM1ZHpCQ1FWRkZSa0ZCVDBOQlp6aEJUVWxKUTBOblMwTkJaMFZCTTFoNE1IRkxZbFpQWmtkNVMwczVSVWRsUW1VS2N5dEVZV0ZsYVV4b2FtbDVjemgxTm5OUFVrVTNWV1JGUldKNVF6WlpNMWh4ZG1GSWJIUkJWRU56Um5KYWRrOWpRWGhFVm1zemNIQlZabGRCZVN0MmF3b3lialZ1VlRRd1NtVjRSWEY2V2pSNk0zVlJTWGhyYzJSWE1HRkljblpOUTFGTVpFNVFVRzkxVnpSbVdrcGlRWGxFUVRsbFYwNUJZV1ZhTUhBdmFHOVdDbFJzVFZCVmRFZ3ZNMjB2VDFKaFZYb3lXRnB3UjFsNlYyWkVVWGw1VEd0SGFFUTFlREZwZDJSSk1WVXdXVTFtVldabFdqWXpOMEp2YkZwVFRHcHVaRmdLYkhWdFYyUTJNVzFoWmxjclRuZFlUbVZzUzJabkszWmxkRkF4TW5ZeVRHaDRORlJsT0hseVlVZEhURGRZU0RsbFkzVXpiV2hRYVRRMU1sSlFRVGREYUFwc1NubFZVSEZyZDFCYVZ6VkNUbmMyVDJVNGVrRnJRbk5FYWtNeVUyMXlhbkJPUm5oS2JVMW1SVmh3VVUwd0wxVkZOMmRpVTFwbE5FcFllVWR3TVdsc0NqaFFTQzl6THpoUk1XOVNUazVDYldSdk9GVXdaRFUwYTJkWmNUTmpXbTF3V0dKYVRreFNlakkxWm1Kb1NrMTVXSFk1VW1OM1puZHdTaXQ2Y0RGSlVsSUtNMkpoZGpkQ1ozVnlUbVpKVFRBclJqQkRPRzR3VFVOelZtaHdOSFY2VlROalNXbENXamxEYzFSUlZYTXlOVkpDWkRsd2QzVkxhbGxrV2tJclFuSnVPQXByZWxkTGRXcE5TMVJPV1ZaU2FsZGhWRU5MSzJoYVJHWm1Xa2RGZFRGQlN5OXhUVFZ1ZUZOTk9FUkxXamhCUkRONldERkVjRVpvVjJsMlYzRTJXRzVzQ2xrMk1GRjZaa2g1ZEhWWFJrbFlVVTFMVUV4cU9GaE1TMjkwYmxOaWFHUnBlakpNUW1KVldFWldiR1pWYVhaMlpWbEpSVnBZYkRWdldFWkplRVE0VjJjS1R5c3hOMmRTTTJnMmFIVmhiSFV3TUdweWQwMXRZVEJrV2s5M1UxWTJXbnA1WVhKYU1tbDVaMmt4WVVaa1ltOURNVzg1ZFZORlRHTjRlVTVvZVZsWGJ3cHBZVGhDTWpFMFkzcHdaRFp1VDBVelV6TjBWVmR0WTBOQmQwVkJRV0ZPVjAxR1VYZEVaMWxFVmxJd1VFRlJTQzlDUVZGRVFXZFhaMDFDVFVkQk1WVmtDa3BSVVUxTlFXOUhRME56UjBGUlZVWkNkMDFEVFVGM1IwRXhWV1JGZDBWQ0wzZFJRMDFCUVhkSWQxbEVWbEl3YWtKQ1ozZEdiMEZWWjB0YWVXSkxiREVLY1c5MFRFVXpjbTFtVkVnNWMwNHlNV281T0hkRVVWbEtTMjlhU1doMlkwNUJVVVZNUWxGQlJHZG5TVUpCU1ZoTVQwcHVLMUZXZFVOaWRrTkdVMGxpWmdwWGQyZzRkaTlZWWxBdk5VZ3ZabmhwTlhOMk5VbEpha3MwZWtaMVNUaFFkMlJuWVZsVldqa3hOR1l2UmxKMFkxTXdhR052T1Vwb1pXTlVMMjVJWlRFd0NtSkljbXBNTWtSNFptMVZZbEEwYUVGT1pWRmFZbmREVEVRNEswTkJaV3hVYzJkTmJEbDNOa05UUjJRNFFUTXdWemgwUjJSWlJEUklNMU4xYkV4NmVuSUtSRzAxVVZwcFlWazRURWhIUzB4M1ZrdE1kMmRWSzJORlNrOVFiR2hoVURrMmNEQlFXV1JWYTFKTVdrdFBka2hxTkdKVFdURlNSMjV4TWxReFVsY3dXUXBoWjFaRGVUQnJOMEpqTjNVM2N6QkdWbGRyTWxaS2NFSnVOREJpTjNKek4xWXdaVXczV0dORFdXTjJZMlUwVG1sWE1YZGhjRUV2UzAxUVUxTkRabGt5Q25kVVJtaGtTVkp4VFROSVdtUmxRMjgyTVhSSVdHNDFMMDVvTVdwRWVGazRjbXN6WkdSdWFWUnhibFJEVGtoemRuZDJibEpWTUU1UmVIcHpNbWh2TTNRS2IxRmhjbkpTUVZGck1XYzNiR2h6U25CcWVVSkZTWEJwWXpCMk1XRnBRVkpHYmtFdlVEbEtTRzFtU0dWU1ZXUnlTWEJzTlV0Qk9YaGxWSEZaVkcxMEx3cEhNalZCZDJsWFNub3ZMMlJvZEN0S1QwcFpUVVEwV0RoYVdFNDVRemhaZDFseVMyaFhXVVYwY0ZKNGQxbHVUa1ZHYUc1a1lVbzBkMWx0VjJKelMwZG1Da29yVFZOV2JEUnlOMnRqYlVWeGJHOHJNa1JHYkhjekswTldhRWRaWlRRMVluZ3dNV3hWUmpkbWRYTktPRTV0WW1WT2NuaFhUMlZpV205NlkwSlJaa0lLTTJGTVZEVTBWMmRyYm1oaVNIbHdNMUF4U0dGWk9XNXRURXMwVkhaQlZHRTJhbHBWTVRSdWQzTkJlREZ5VEVoQ1praDZWelJ4WW1nM1JVNXhjbW93THdwb09GVlNjVWhTTlRkaVVucEZURGRtZDBwRmJVWXJTVGd4V1dkT1pHcEJaemhWT1hGMFpHSTJXbFJHWW00MmQyeGtOVFpOVDNjMFIydGFOMGN3VFVKNUNtNHJaRU4wY0RZeFFVdFZXRlJoVlVneFYycHlZMlU0ZEFvdExTMHRMVVZPUkNCRFJWSlVTVVpKUTBGVVJTMHRMUzB0Q2c9PQogICAgY2xpZW50LWtleS1kYXRhOiBMUzB0TFMxQ1JVZEpUaUJTVTBFZ1VGSkpWa0ZVUlNCTFJWa3RMUzB0TFFwTlNVbEtTMmRKUWtGQlMwTkJaMFZCTTFoNE1IRkxZbFpQWmtkNVMwczVSVWRsUW1WekswUmhZV1ZwVEdocWFYbHpPSFUyYzA5U1JUZFZaRVZGWW5sRENqWlpNMWh4ZG1GSWJIUkJWRU56Um5KYWRrOWpRWGhFVm1zemNIQlZabGRCZVN0MmF6SnVOVzVWTkRCS1pYaEZjWHBhTkhvemRWRkplR3R6WkZjd1lVZ0tjblpOUTFGTVpFNVFVRzkxVnpSbVdrcGlRWGxFUVRsbFYwNUJZV1ZhTUhBdmFHOVdWR3hOVUZWMFNDOHpiUzlQVW1GVmVqSllXbkJIV1hwWFprUlJlUXA1VEd0SGFFUTFlREZwZDJSSk1WVXdXVTFtVldabFdqWXpOMEp2YkZwVFRHcHVaRmhzZFcxWFpEWXhiV0ZtVnl0T2QxaE9aV3hMWm1jcmRtVjBVREV5Q25ZeVRHaDRORlJsT0hseVlVZEhURGRZU0RsbFkzVXpiV2hRYVRRMU1sSlFRVGREYUd4S2VWVlFjV3QzVUZwWE5VSk9kelpQWlRoNlFXdENjMFJxUXpJS1UyMXlhbkJPUm5oS2JVMW1SVmh3VVUwd0wxVkZOMmRpVTFwbE5FcFllVWR3TVdsc09GQklMM012T0ZFeGIxSk9Ua0p0Wkc4NFZUQmtOVFJyWjFseE13cGpXbTF3V0dKYVRreFNlakkxWm1Kb1NrMTVXSFk1VW1OM1puZHdTaXQ2Y0RGSlVsSXpZbUYyTjBKbmRYSk9aa2xOTUN0R01FTTRiakJOUTNOV2FIQTBDblY2VlROalNXbENXamxEYzFSUlZYTXlOVkpDWkRsd2QzVkxhbGxrV2tJclFuSnVPR3Q2VjB0MWFrMUxWRTVaVmxKcVYyRlVRMHNyYUZwRVptWmFSMFVLZFRGQlN5OXhUVFZ1ZUZOTk9FUkxXamhCUkRONldERkVjRVpvVjJsMlYzRTJXRzVzV1RZd1VYcG1TSGwwZFZkR1NWaFJUVXRRVEdvNFdFeExiM1J1VXdwaWFHUnBlakpNUW1KVldFWldiR1pWYVhaMlpWbEpSVnBZYkRWdldFWkplRVE0VjJkUEt6RTNaMUl6YURab2RXRnNkVEF3YW5KM1RXMWhNR1JhVDNkVENsWTJXbnA1WVhKYU1tbDVaMmt4WVVaa1ltOURNVzg1ZFZORlRHTjRlVTVvZVZsWGIybGhPRUl5TVRSamVuQmtObTVQUlROVE0zUlZWMjFqUTBGM1JVRUtRVkZMUTBGblFWQnBkV1JKTW05U1IwUTJOek0yWlhreVowTmtSa3RxWkVwcVZtTldUVk01YUV4S0wwdFJRWEZUVDBKclVIZGFTRk5RTDBSMFpqSldaUXBqVUZkV1NVdFBaakIxUzFVeVNEWlZXR1JsT0U0MlZURkxhbGRwUnpWTE1uRXdVVXRFWkdSaFNFbHlOVlJxYkV4aFVWRkVXSEo1ZDNsNk4xTlBZM0pEQ25nMkszWkljVnBtV0dKRU1WcGlTM2xQZEVKUmVtNVhaVGRyWlcxbGJTdDBNbE42UTJWRloyRllVa0kxV25wVVV6VlRORGhCZUVjMVVXcHhlREYzZGpRS1FYQndPREl3VEZWek9VVXlhMHBFTkRFMVJsQlNaVUpTVUVKRE5tUXlVRzEyUWxabGVFTTNNeTgwUlNzek1FNTNXalJJTWxrek9FMTVVM2xqTm5KalZ3cHBNa0pKY1RsSFJqSlROVkZzUmpsRU16UjRhVTlKYWs4NGJuTXdVMXBUYUc1UkwxVnJiMmR6VkdsUlREUnllRXR2VTJrd1EycHJVVzFrVjJ4M1JXcFlDbUk0WkVSWE4ybzNSVTVSUzBkcVdsbEJUSGxqWWs1UGNVNUxPVmxUYzBGSU1tdzNVWFZFYTFkeGJ6UnRjbXREUW1velJHYzRXak40V1UxYU4xcDZiMDRLVFU0eWVVeFNNa2g0TUZvMVpGbHlNM3BLTjJKQlVWQTJNMGhRUW1wMVNFUTNSbmR5U0dsT1V5OVNXRUZuVEdFM2RGVmFZelF5VDNSeGFYQkdNakk0U3dweFQyWmhXRTFQY0RWR1ZGaFhiR3BJTmxWSE9YRk5aMFpDTUZwVE9HWktLMlpOVTJaVVEzVlBSV1o2UkZBeE1USXhVbWwxTW5BMVUweEJNMkkwVG1sbUNucERWa05hWkZSb1NTdFFVMUkwZGtKd01YcFBRa1J6VkRsSVIzUTFiMkZSTm1KNlFuTkNSR3hIYUVGNVIySnBTbTVXYkU5TU56VTJOekI1YkZwSU0wZ0tXR0ZUYzNSTGVtbHRjRVJhYW1KcmFUZ3haSGh6ZW5JNFNGUXJNV3BLWVhkSlRqQmpjbFp5VkRBMlVFbEJiU3N3T0VWNU4zRkZWMVJrWW5kV2RuWXljZ28yWW1RNWMzcFNUREpsV2xWRFNFNTJielJ6VkVwRVNWWjBibU5vWTA5SWJrdDBUeXRRWnpWUlQxZEtOVTF4YzA1bFVVdERRVkZGUVRWRlltTkZabmxsQ2taQ2VXRnNRa2w1YmtOaU5XRlRjR3c1UjFOdlpIRlFMMHBZWTNVd1dERnpWbTlaWVZrck9YUlFNM2M0VDJKTmRGa3ZNemhaUVM5dlRsTkVVR05HU2pnS2VqaGlaM0l3U2psemEzYzJMemRCUm1Vd1QwZzRURzFWWlVSMGQycEllblV5VjBGSE4wTmFkazR5VEU1UWVEbE9jbEYwZUN0SlV6bEZZM1JFY21WV1RRbzVNVUp2YVVsblJEUnpTbmxWZDIxTE1UaFVTVGxaZEdFelNubDVkMUpvVlhoUWEwOTRTWFIzTUhaR2NVRXdSMnd4VXpaVGNYVlpibTlPV1RsblZUSnNDbGxFZGtWVVpWaEZXbXBMTTJ4c09HWnNjMGRaZWs1bGIzQlBVMGxhVVVkeVdXTjVaVEJvWmtWTk5tOVlla2hEVGpSNGFFbE5jRGxVTXl0dVFrdDNjRzhLVmpFM1RXNVZiRlJoVVhOQmVGQnVORWhtWVRSaFVsRkJTM0ZHTW1oMmJVTnJWV1kwVjBoaVZWUndUa0p4ZFRCd2FXOVdPREF2T0RGSFRuTjJObWR5WmdwYVNXeGhRa1JLYkVsNFVtRjVkMHREUVZGRlFTdEhTalZtTUZkWE9VUjRNbGhLV1VKVWRrMWxWM2xPYW5CU1UzRktZMGRrZEVsM1RWSlhibFYzYlVsQ0NreGxjbkJpYTJOc0t5OXpNRkpDUkVKeU1WRk5iMGd5U1dGcE0xTkVXWGRJT1ZKM1lVVjFjR1ZSV2tSME9GZFNNSGwzYTJoWlkxWTRlblJFZVZGdFdEY0taRWhpU2s5YVFXOHpWRGMyVG5aWk9ESklRVmRRTDBnM1dVVnViWFZNVUhWUE9YZE9WMXB6TVZaVFJtZFJXU3RYUTNCQlpYZFRLMEo2UTBoeFYzVnFjQXBPV0dWdVFYbHFUbU5yWldwNGJYQnVjRlpOYjA5RmJqRmtRM1ZJYlVNMFZVOTVlWE5sVUU5a1dsTk1Ta1FyTTBsV1YzWnBiV1JoY1RaSVIxcGhSV0pqQ2k4eFYyRXZXVk5qTDFneFNtVkdja2hQYVhoV0sxTTNXbTl2UmtGMVdWTlhlUzlZZDFaU1ZHdFdUalV4YlZsM0t6ZEdiM2h3VURJMVpHSlFOMGRDUjJZS2FrVnNLMXBhSzJkbllVWnpkemRYWlU1cFlYaERNRFJwUTBsbllrVjBiRkJYVmxkVmJubGlMMVpSUzBOQlVVVkJiMkp6VTJORGRuRlZOVlozWW5wbU1RcFpNbmsxYVVOcWFEQjVWRGwwYUVNMk1VaENPRmQ1TDJoalpYWlNRbko1TjFOb09XSkVRVnBIVVc1SVVWQk1PRWxhV25VMVdFaHpWWE54UkZWNk1XSnpDbVF3V2t4Q2NIaFFVbVZYZVdsdWNuaEdZalJJU0RSSWEwNHhOSGhwVmpSNGNtRjJlV1p4V2xCQmFYSTFkRWhzVnl0NVVtNDNkWGh0WlRGSlkzWmFObWNLU1dsb2FHeDZUa3hwTVU5QmFsaGpUME5RT1RoS2FFb3lMMHBpTkZBMFoweG9NbWhFUlRoMVVFVnNjazE2ZDJkQ1V6VktLMUZRTkdsRVQzaE1VMGRXYUFwdlNXRlBVelYwV2xwb1dVUnFRaklyTDJoU2MwUnBVVUZ4UjIxM2JrZHFOazlUUW5CbVFUZERaVUZNWTBwQlJpdERNRmw0T1dGNVMwRkdla295ZVZnMENsVndVRnBHTjFkRFpFeG5ORXg2Y0dOWk9XWkNaMmdyUlhkcGJXSmhhRWhIYlZkVU4xRllOa1o2THpaRVZXa3JaVVIwTkRoT1JGVXZNRXB5TDJrM2JXOEtjbWhJWkhkUlMwTkJVVVZCZVdaSmJXNXNabE5HT1d4bk1HNDBWSEZyUkRSdFZtbzBiSGwwY0N0NlEydE1SSE5DWW5nMVVXOVpjRlpOZVZGbWFtc3pRd3ByUmtRMVpXRXlNa012Y20xSFZWb3pUblo2ZVVnMWJVOXFjbUVyWWtWeGNGQTVNalV4T1RJMVNqWnlVWFpXUmpNelFqY3JSMUZaV200clRrVlVPSHB3Q25KS2FXSnFlbmM0TVVONWRIRnRabll6WVZjMFRrMTJNa1ZwTUdwdVdYTllibHBPTlZVeFUwOTRVaTlSU1ZodGFYRnViVmwwVkd4U1FYVjFOVzFzVUNzS1ZtSXZlRnBGZWpJekt5OTNZak5QVTFsV1ZsTTVWMUJvYUhkeldGZ3lLMU4wVEhaSWFGY3ZjWGhoYW14dUwxcDBSbTVtYlVwdFdWaEpTRXBXYUZoSVp3cDNhV2wyU2pJclNFMDRSVUZXV1hwR00yUTBRVFZrVkhKV1owVnlNbU5GVjNNdmJqWXlNVU4yYVVSTU9EQm5lVWxWVXpVMFNrZFhVSFIwZFRaTVNqTlJDbEJvVldzdlUyOVpOME5aYUVrdlVIVnlPR3RhVjJkWVpFRmxSVmMyVWpodU1GRkxRMEZSUlVGc2EzSjZjRkF2YmpCS01uVlFOMk5QTTNZM1ZFTkphMEVLZHl0Q1R6SlpUVk5IZG1obmJqTk9hWEJyYWtsUllYRmhhRmdyTkU1YU5YWnBUVWhyUjFkcU1sQk9lV3RQU1VOWGVTOUJhREZ5ZDNkdWRUaExjWEJST1FwUGNUZ3hUVTR4ZGs1TVVGRjNLMnBOWWtGWmVHUlFZMkZhYm5kdVIyUmxObTlEVVZkSlFsTm1jRXRVWVM5WWFrdHBTMDVUVlRKTVVuSmhia1JZVEc0d0NrbG9PR3hXVFV4d1FsRk9aMUoyVlhBeFUydE1ZWFZNYW14S1UyVkhkM0JwWXk5dWNXdEdNa1F6VUhwSFJrNWtUVEZFTTFOTlEzcFhRVXBGUVdwa2REY0tjaTluY25kSVVYTkxSVzk2ZW5sQlNFb3lNSHB3YzNKRVFUWlpLMmQ0TDBkVlFsZExOQ3RWUTI0MGFrZE9NVzlGUWtWR1NuVlJWV0YwUTNsVGQyUkVaZ280Vm5oNVpFdGlOV1pNVFd4eFJrOW1jazlHYkVkNlNpOTFWMlJETWxNMk1tZGpiWGsxVEVrMVZtUlphak5sUTB4U1IwbFhUSGhKUkRGMFQybGxRVDA5Q2kwdExTMHRSVTVFSUZKVFFTQlFVa2xXUVZSRklFdEZXUzB0TFMwdENnPT0KICAgIHRva2VuOiA1NzY4N2Y1MGE0YzE5NDA5NmRkN2JiN2QwODQ5MzYyYWEyM2JkMmMyZjdkMDY2ODdmYjQ3OTY0MTcxYzc3YjExODAwYTc5YmRlOGI1MDgzMDExMWI1NTBmNWFlN2EwNWY0Y2U0NzQyOTQ5NGM5MWYwNTA5ZDU1ZGE5NDVjOTIyZgo="
          }
        ]
      }
    },
    {
      "RequestUri": "https://management.azure.com/subscriptions/db1ab6f0-4769-4b27-930e-01e2ef9c123c/resourceGroups/testaksrg468/providers/Microsoft.ContainerService/managedClusters/akscluster6301?api-version=2022-11-02-preview",
      "RequestMethod": "DELETE",
      "RequestHeaders": {
        "Accept": "application/json",
        "Authorization": "Sanitized",
        "traceparent": "00-b5fb72abe3c4d44e18f6c6b69aceed32-5fa7d9296aed5188-00",
        "User-Agent": "azsdk-net-ResourceManager.ContainerService/1.2.0-alpha.20230220.1 (.NET 7.0.3; Microsoft Windows 10.0.22621)",
        "x-ms-client-request-id": "b9b34049d15857584749ec6deb5bb8df",
        "x-ms-return-client-request-id": "true"
      },
      "RequestBody": null,
      "StatusCode": 202,
      "ResponseHeaders": {
        "azure-asyncoperation": "https://management.azure.com/subscriptions/db1ab6f0-4769-4b27-930e-01e2ef9c123c/providers/Microsoft.ContainerService/locations/eastus/operations/6d1c8776-96d1-42d2-99b0-f59d17907fba?api-version=2017-08-31",
        "Cache-Control": "no-cache",
        "Content-Length": "0",
        "Date": "Mon, 20 Feb 2023 09:44:48 GMT",
        "Expires": "-1",
        "Location": "https://management.azure.com/subscriptions/db1ab6f0-4769-4b27-930e-01e2ef9c123c/providers/Microsoft.ContainerService/locations/eastus/operationresults/6d1c8776-96d1-42d2-99b0-f59d17907fba?api-version=2017-08-31",
        "Pragma": "no-cache",
        "Server": "nginx",
        "Strict-Transport-Security": "max-age=31536000; includeSubDomains",
        "X-Content-Type-Options": "nosniff",
        "x-ms-correlation-request-id": "6013be96-7bdb-4d25-bb6f-6a87ecf850cd",
        "x-ms-ratelimit-remaining-subscription-deletes": "14998",
        "x-ms-request-id": "6d1c8776-96d1-42d2-99b0-f59d17907fba",
        "x-ms-routing-request-id": "SOUTHEASTASIA:20230220T094449Z:6013be96-7bdb-4d25-bb6f-6a87ecf850cd"
      },
      "ResponseBody": null
    },
    {
      "RequestUri": "https://management.azure.com/subscriptions/db1ab6f0-4769-4b27-930e-01e2ef9c123c/providers/Microsoft.ContainerService/locations/eastus/operations/6d1c8776-96d1-42d2-99b0-f59d17907fba?api-version=2017-08-31",
      "RequestMethod": "GET",
      "RequestHeaders": {
        "Authorization": "Sanitized",
        "traceparent": "00-b5fb72abe3c4d44e18f6c6b69aceed32-8ba59ac99ab93a8d-00",
        "User-Agent": "azsdk-net-ResourceManager/1.4.0 (.NET 7.0.3; Microsoft Windows 10.0.22621)",
        "x-ms-client-request-id": "85f56590b474409d899db637262c2ee4",
        "x-ms-return-client-request-id": "true"
      },
      "RequestBody": null,
      "StatusCode": 200,
      "ResponseHeaders": {
        "Cache-Control": "no-cache",
        "Content-Length": "126",
        "Content-Type": "application/json",
        "Date": "Mon, 20 Feb 2023 09:44:48 GMT",
        "Expires": "-1",
        "Pragma": "no-cache",
        "Server": "nginx",
        "Strict-Transport-Security": "max-age=31536000; includeSubDomains",
        "X-Content-Type-Options": "nosniff",
        "x-ms-correlation-request-id": "1da3f837-3b29-485a-ae46-4973e55bd668",
        "x-ms-ratelimit-remaining-subscription-reads": "11939",
        "x-ms-request-id": "4b564550-be32-4af8-bf08-80592b202413",
        "x-ms-routing-request-id": "SOUTHEASTASIA:20230220T094449Z:1da3f837-3b29-485a-ae46-4973e55bd668"
      },
      "ResponseBody": {
        "name": "76871c6d-d196-d242-99b0-f59d17907fba",
        "status": "InProgress",
        "startTime": "2023-02-20T09:44:49.3403446Z"
      }
    },
    {
      "RequestUri": "https://management.azure.com/subscriptions/db1ab6f0-4769-4b27-930e-01e2ef9c123c/providers/Microsoft.ContainerService/locations/eastus/operations/6d1c8776-96d1-42d2-99b0-f59d17907fba?api-version=2017-08-31",
      "RequestMethod": "GET",
      "RequestHeaders": {
        "Authorization": "Sanitized",
        "traceparent": "00-b5fb72abe3c4d44e18f6c6b69aceed32-0fceb432f85d182d-00",
        "User-Agent": "azsdk-net-ResourceManager/1.4.0 (.NET 7.0.3; Microsoft Windows 10.0.22621)",
        "x-ms-client-request-id": "3dcb3ffe409022c47b44f443ae07d6cb",
        "x-ms-return-client-request-id": "true"
      },
      "RequestBody": null,
      "StatusCode": 200,
      "ResponseHeaders": {
        "Cache-Control": "no-cache",
        "Content-Length": "126",
        "Content-Type": "application/json",
        "Date": "Mon, 20 Feb 2023 09:44:50 GMT",
        "Expires": "-1",
        "Pragma": "no-cache",
        "Server": "nginx",
        "Strict-Transport-Security": "max-age=31536000; includeSubDomains",
        "X-Content-Type-Options": "nosniff",
        "x-ms-correlation-request-id": "901a9913-400c-4c1b-9c09-33639fe9686d",
        "x-ms-ratelimit-remaining-subscription-reads": "11938",
        "x-ms-request-id": "58bfde3f-3d88-40e8-bcd8-3fb0a8590ee0",
        "x-ms-routing-request-id": "SOUTHEASTASIA:20230220T094451Z:901a9913-400c-4c1b-9c09-33639fe9686d"
      },
      "ResponseBody": {
        "name": "76871c6d-d196-d242-99b0-f59d17907fba",
        "status": "InProgress",
        "startTime": "2023-02-20T09:44:49.3403446Z"
      }
    },
    {
      "RequestUri": "https://management.azure.com/subscriptions/db1ab6f0-4769-4b27-930e-01e2ef9c123c/providers/Microsoft.ContainerService/locations/eastus/operations/6d1c8776-96d1-42d2-99b0-f59d17907fba?api-version=2017-08-31",
      "RequestMethod": "GET",
      "RequestHeaders": {
        "Authorization": "Sanitized",
        "traceparent": "00-b5fb72abe3c4d44e18f6c6b69aceed32-6276a3e5f963ffe7-00",
        "User-Agent": "azsdk-net-ResourceManager/1.4.0 (.NET 7.0.3; Microsoft Windows 10.0.22621)",
        "x-ms-client-request-id": "86dd88173366946adf57b54f708d4898",
        "x-ms-return-client-request-id": "true"
      },
      "RequestBody": null,
      "StatusCode": 200,
      "ResponseHeaders": {
        "Cache-Control": "no-cache",
        "Content-Length": "126",
        "Content-Type": "application/json",
        "Date": "Mon, 20 Feb 2023 09:44:51 GMT",
        "Expires": "-1",
        "Pragma": "no-cache",
        "Server": "nginx",
        "Strict-Transport-Security": "max-age=31536000; includeSubDomains",
        "X-Content-Type-Options": "nosniff",
        "x-ms-correlation-request-id": "9bc6ad1f-591a-4717-a09f-0c93251e542d",
        "x-ms-ratelimit-remaining-subscription-reads": "11937",
        "x-ms-request-id": "4a3fd8a1-4edf-465e-b501-de54025598bf",
        "x-ms-routing-request-id": "SOUTHEASTASIA:20230220T094452Z:9bc6ad1f-591a-4717-a09f-0c93251e542d"
      },
      "ResponseBody": {
        "name": "76871c6d-d196-d242-99b0-f59d17907fba",
        "status": "InProgress",
        "startTime": "2023-02-20T09:44:49.3403446Z"
      }
    },
    {
      "RequestUri": "https://management.azure.com/subscriptions/db1ab6f0-4769-4b27-930e-01e2ef9c123c/providers/Microsoft.ContainerService/locations/eastus/operations/6d1c8776-96d1-42d2-99b0-f59d17907fba?api-version=2017-08-31",
      "RequestMethod": "GET",
      "RequestHeaders": {
        "Authorization": "Sanitized",
        "traceparent": "00-b5fb72abe3c4d44e18f6c6b69aceed32-347acaf1564c312c-00",
        "User-Agent": "azsdk-net-ResourceManager/1.4.0 (.NET 7.0.3; Microsoft Windows 10.0.22621)",
        "x-ms-client-request-id": "41513ee6f4b04fd4a0d2092fc05a9181",
        "x-ms-return-client-request-id": "true"
      },
      "RequestBody": null,
      "StatusCode": 200,
      "ResponseHeaders": {
        "Cache-Control": "no-cache",
        "Content-Length": "126",
        "Content-Type": "application/json",
        "Date": "Mon, 20 Feb 2023 09:44:53 GMT",
        "Expires": "-1",
        "Pragma": "no-cache",
        "Server": "nginx",
        "Strict-Transport-Security": "max-age=31536000; includeSubDomains",
        "X-Content-Type-Options": "nosniff",
        "x-ms-correlation-request-id": "51fecb68-3b51-417b-a968-87502ea01630",
        "x-ms-ratelimit-remaining-subscription-reads": "11936",
        "x-ms-request-id": "9eb6b09b-59d6-433f-b317-c62978ee3ef7",
        "x-ms-routing-request-id": "SOUTHEASTASIA:20230220T094453Z:51fecb68-3b51-417b-a968-87502ea01630"
      },
      "ResponseBody": {
        "name": "76871c6d-d196-d242-99b0-f59d17907fba",
        "status": "InProgress",
        "startTime": "2023-02-20T09:44:49.3403446Z"
      }
    },
    {
      "RequestUri": "https://management.azure.com/subscriptions/db1ab6f0-4769-4b27-930e-01e2ef9c123c/providers/Microsoft.ContainerService/locations/eastus/operations/6d1c8776-96d1-42d2-99b0-f59d17907fba?api-version=2017-08-31",
      "RequestMethod": "GET",
      "RequestHeaders": {
        "Authorization": "Sanitized",
        "traceparent": "00-b5fb72abe3c4d44e18f6c6b69aceed32-7e3c492982fc1829-00",
        "User-Agent": "azsdk-net-ResourceManager/1.4.0 (.NET 7.0.3; Microsoft Windows 10.0.22621)",
        "x-ms-client-request-id": "9e20eac7a84fcb7ed4375e388a75b2ee",
        "x-ms-return-client-request-id": "true"
      },
      "RequestBody": null,
      "StatusCode": 200,
      "ResponseHeaders": {
        "Cache-Control": "no-cache",
        "Content-Length": "126",
        "Content-Type": "application/json",
        "Date": "Mon, 20 Feb 2023 09:44:56 GMT",
        "Expires": "-1",
        "Pragma": "no-cache",
        "Server": "nginx",
        "Strict-Transport-Security": "max-age=31536000; includeSubDomains",
        "X-Content-Type-Options": "nosniff",
        "x-ms-correlation-request-id": "5fc88808-fd88-4e7f-a9ca-4a952c6ea69e",
        "x-ms-ratelimit-remaining-subscription-reads": "11935",
        "x-ms-request-id": "f78b5aac-90d8-43b7-9298-1f5596ad63f6",
        "x-ms-routing-request-id": "SOUTHEASTASIA:20230220T094456Z:5fc88808-fd88-4e7f-a9ca-4a952c6ea69e"
      },
      "ResponseBody": {
        "name": "76871c6d-d196-d242-99b0-f59d17907fba",
        "status": "InProgress",
        "startTime": "2023-02-20T09:44:49.3403446Z"
      }
    },
    {
      "RequestUri": "https://management.azure.com/subscriptions/db1ab6f0-4769-4b27-930e-01e2ef9c123c/providers/Microsoft.ContainerService/locations/eastus/operations/6d1c8776-96d1-42d2-99b0-f59d17907fba?api-version=2017-08-31",
      "RequestMethod": "GET",
      "RequestHeaders": {
        "Authorization": "Sanitized",
        "traceparent": "00-b5fb72abe3c4d44e18f6c6b69aceed32-1f6e802f536a874b-00",
        "User-Agent": "azsdk-net-ResourceManager/1.4.0 (.NET 7.0.3; Microsoft Windows 10.0.22621)",
        "x-ms-client-request-id": "705c5bfb94b6221bb38de594293ad384",
        "x-ms-return-client-request-id": "true"
      },
      "RequestBody": null,
      "StatusCode": 200,
      "ResponseHeaders": {
        "Cache-Control": "no-cache",
        "Content-Length": "126",
        "Content-Type": "application/json",
        "Date": "Mon, 20 Feb 2023 09:45:00 GMT",
        "Expires": "-1",
        "Pragma": "no-cache",
        "Server": "nginx",
        "Strict-Transport-Security": "max-age=31536000; includeSubDomains",
        "X-Content-Type-Options": "nosniff",
        "x-ms-correlation-request-id": "a7770bc0-2b92-4f93-86b8-6fe7f09eecf4",
        "x-ms-ratelimit-remaining-subscription-reads": "11934",
        "x-ms-request-id": "11e5b579-92dc-44b7-825c-6e509b446496",
        "x-ms-routing-request-id": "SOUTHEASTASIA:20230220T094500Z:a7770bc0-2b92-4f93-86b8-6fe7f09eecf4"
      },
      "ResponseBody": {
        "name": "76871c6d-d196-d242-99b0-f59d17907fba",
        "status": "InProgress",
        "startTime": "2023-02-20T09:44:49.3403446Z"
      }
    },
    {
      "RequestUri": "https://management.azure.com/subscriptions/db1ab6f0-4769-4b27-930e-01e2ef9c123c/providers/Microsoft.ContainerService/locations/eastus/operations/6d1c8776-96d1-42d2-99b0-f59d17907fba?api-version=2017-08-31",
      "RequestMethod": "GET",
      "RequestHeaders": {
        "Authorization": "Sanitized",
        "traceparent": "00-b5fb72abe3c4d44e18f6c6b69aceed32-6d2b793cd1051fe3-00",
        "User-Agent": "azsdk-net-ResourceManager/1.4.0 (.NET 7.0.3; Microsoft Windows 10.0.22621)",
        "x-ms-client-request-id": "868834c6a96d3d48bf866d79969bc42b",
        "x-ms-return-client-request-id": "true"
      },
      "RequestBody": null,
      "StatusCode": 200,
      "ResponseHeaders": {
        "Cache-Control": "no-cache",
        "Content-Length": "126",
        "Content-Type": "application/json",
        "Date": "Mon, 20 Feb 2023 09:45:09 GMT",
        "Expires": "-1",
        "Pragma": "no-cache",
        "Server": "nginx",
        "Strict-Transport-Security": "max-age=31536000; includeSubDomains",
        "X-Content-Type-Options": "nosniff",
        "x-ms-correlation-request-id": "229e3b52-2c98-4802-8b1c-08febb06d617",
        "x-ms-ratelimit-remaining-subscription-reads": "11933",
        "x-ms-request-id": "45bd9397-d3f5-4421-b4e4-3aa6ee6f6405",
        "x-ms-routing-request-id": "SOUTHEASTASIA:20230220T094509Z:229e3b52-2c98-4802-8b1c-08febb06d617"
      },
      "ResponseBody": {
        "name": "76871c6d-d196-d242-99b0-f59d17907fba",
        "status": "InProgress",
        "startTime": "2023-02-20T09:44:49.3403446Z"
      }
    },
    {
      "RequestUri": "https://management.azure.com/subscriptions/db1ab6f0-4769-4b27-930e-01e2ef9c123c/providers/Microsoft.ContainerService/locations/eastus/operations/6d1c8776-96d1-42d2-99b0-f59d17907fba?api-version=2017-08-31",
      "RequestMethod": "GET",
      "RequestHeaders": {
        "Authorization": "Sanitized",
        "traceparent": "00-b5fb72abe3c4d44e18f6c6b69aceed32-0b5eebb2e435e1fe-00",
        "User-Agent": "azsdk-net-ResourceManager/1.4.0 (.NET 7.0.3; Microsoft Windows 10.0.22621)",
        "x-ms-client-request-id": "64341b1f20fd33cbcffeeac1c3eaa199",
        "x-ms-return-client-request-id": "true"
      },
      "RequestBody": null,
      "StatusCode": 200,
      "ResponseHeaders": {
        "Cache-Control": "no-cache",
        "Content-Length": "126",
        "Content-Type": "application/json",
        "Date": "Mon, 20 Feb 2023 09:45:25 GMT",
        "Expires": "-1",
        "Pragma": "no-cache",
        "Server": "nginx",
        "Strict-Transport-Security": "max-age=31536000; includeSubDomains",
        "X-Content-Type-Options": "nosniff",
        "x-ms-correlation-request-id": "8936c56b-14fb-4e3a-ad83-bc8158bcddb4",
        "x-ms-ratelimit-remaining-subscription-reads": "11932",
        "x-ms-request-id": "7e43f8a3-9283-405c-b2bc-a8f6616a0d04",
        "x-ms-routing-request-id": "SOUTHEASTASIA:20230220T094525Z:8936c56b-14fb-4e3a-ad83-bc8158bcddb4"
      },
      "ResponseBody": {
        "name": "76871c6d-d196-d242-99b0-f59d17907fba",
        "status": "InProgress",
        "startTime": "2023-02-20T09:44:49.3403446Z"
      }
    },
    {
      "RequestUri": "https://management.azure.com/subscriptions/db1ab6f0-4769-4b27-930e-01e2ef9c123c/providers/Microsoft.ContainerService/locations/eastus/operations/6d1c8776-96d1-42d2-99b0-f59d17907fba?api-version=2017-08-31",
      "RequestMethod": "GET",
      "RequestHeaders": {
        "Authorization": "Sanitized",
        "traceparent": "00-b5fb72abe3c4d44e18f6c6b69aceed32-be81793ea115878d-00",
        "User-Agent": "azsdk-net-ResourceManager/1.4.0 (.NET 7.0.3; Microsoft Windows 10.0.22621)",
        "x-ms-client-request-id": "5672d9632bed5281121fb02f26a18c17",
        "x-ms-return-client-request-id": "true"
      },
      "RequestBody": null,
      "StatusCode": 200,
      "ResponseHeaders": {
        "Cache-Control": "no-cache",
        "Content-Length": "126",
        "Content-Type": "application/json",
        "Date": "Mon, 20 Feb 2023 09:45:57 GMT",
        "Expires": "-1",
        "Pragma": "no-cache",
        "Server": "nginx",
        "Strict-Transport-Security": "max-age=31536000; includeSubDomains",
        "X-Content-Type-Options": "nosniff",
        "x-ms-correlation-request-id": "574f9593-63e7-4788-939a-feff50707969",
        "x-ms-ratelimit-remaining-subscription-reads": "11931",
        "x-ms-request-id": "ba65808e-503f-4f71-9b21-840353500c97",
        "x-ms-routing-request-id": "SOUTHEASTASIA:20230220T094558Z:574f9593-63e7-4788-939a-feff50707969"
      },
      "ResponseBody": {
        "name": "76871c6d-d196-d242-99b0-f59d17907fba",
        "status": "InProgress",
        "startTime": "2023-02-20T09:44:49.3403446Z"
      }
    },
    {
      "RequestUri": "https://management.azure.com/subscriptions/db1ab6f0-4769-4b27-930e-01e2ef9c123c/providers/Microsoft.ContainerService/locations/eastus/operations/6d1c8776-96d1-42d2-99b0-f59d17907fba?api-version=2017-08-31",
      "RequestMethod": "GET",
      "RequestHeaders": {
        "Authorization": "Sanitized",
        "traceparent": "00-b5fb72abe3c4d44e18f6c6b69aceed32-6160fd01207a396e-00",
        "User-Agent": "azsdk-net-ResourceManager/1.4.0 (.NET 7.0.3; Microsoft Windows 10.0.22621)",
        "x-ms-client-request-id": "0d74b9c96f06a5876854b76ebf877ad5",
        "x-ms-return-client-request-id": "true"
      },
      "RequestBody": null,
      "StatusCode": 200,
      "ResponseHeaders": {
        "Cache-Control": "no-cache",
        "Content-Length": "126",
        "Content-Type": "application/json",
        "Date": "Mon, 20 Feb 2023 09:47:18 GMT",
        "Expires": "-1",
        "Pragma": "no-cache",
        "Server": "nginx",
        "Strict-Transport-Security": "max-age=31536000; includeSubDomains",
        "X-Content-Type-Options": "nosniff",
        "x-ms-correlation-request-id": "13c0e988-8d70-440d-b34a-0415512f050d",
        "x-ms-ratelimit-remaining-subscription-reads": "11999",
        "x-ms-request-id": "f96148c9-1da6-45b2-aca4-3394e1475071",
        "x-ms-routing-request-id": "SOUTHEASTASIA:20230220T094719Z:13c0e988-8d70-440d-b34a-0415512f050d"
      },
      "ResponseBody": {
        "name": "76871c6d-d196-d242-99b0-f59d17907fba",
        "status": "InProgress",
        "startTime": "2023-02-20T09:44:49.3403446Z"
      }
    },
    {
      "RequestUri": "https://management.azure.com/subscriptions/db1ab6f0-4769-4b27-930e-01e2ef9c123c/providers/Microsoft.ContainerService/locations/eastus/operations/6d1c8776-96d1-42d2-99b0-f59d17907fba?api-version=2017-08-31",
      "RequestMethod": "GET",
      "RequestHeaders": {
        "Authorization": "Sanitized",
        "traceparent": "00-b5fb72abe3c4d44e18f6c6b69aceed32-ad5f12f461a2190f-00",
        "User-Agent": "azsdk-net-ResourceManager/1.4.0 (.NET 7.0.3; Microsoft Windows 10.0.22621)",
        "x-ms-client-request-id": "bc16d4e46d29f43e9ae251dd709b0c2d",
        "x-ms-return-client-request-id": "true"
      },
      "RequestBody": null,
      "StatusCode": 200,
      "ResponseHeaders": {
        "Cache-Control": "no-cache",
        "Content-Length": "126",
        "Content-Type": "application/json",
        "Date": "Mon, 20 Feb 2023 09:47:51 GMT",
        "Expires": "-1",
        "Pragma": "no-cache",
        "Server": "nginx",
        "Strict-Transport-Security": "max-age=31536000; includeSubDomains",
        "X-Content-Type-Options": "nosniff",
        "x-ms-correlation-request-id": "c6e57adf-7ac9-4882-9530-b45a64fce9c5",
        "x-ms-ratelimit-remaining-subscription-reads": "11998",
        "x-ms-request-id": "0a59bf1c-d7d5-4006-97fd-c0bff2ce9480",
        "x-ms-routing-request-id": "SOUTHEASTASIA:20230220T094752Z:c6e57adf-7ac9-4882-9530-b45a64fce9c5"
      },
      "ResponseBody": {
        "name": "76871c6d-d196-d242-99b0-f59d17907fba",
        "status": "InProgress",
        "startTime": "2023-02-20T09:44:49.3403446Z"
      }
    },
    {
      "RequestUri": "https://management.azure.com/subscriptions/db1ab6f0-4769-4b27-930e-01e2ef9c123c/providers/Microsoft.ContainerService/locations/eastus/operations/6d1c8776-96d1-42d2-99b0-f59d17907fba?api-version=2017-08-31",
      "RequestMethod": "GET",
      "RequestHeaders": {
        "Authorization": "Sanitized",
        "traceparent": "00-b5fb72abe3c4d44e18f6c6b69aceed32-1bc8230158604ec1-00",
        "User-Agent": "azsdk-net-ResourceManager/1.4.0 (.NET 7.0.3; Microsoft Windows 10.0.22621)",
        "x-ms-client-request-id": "09f8d2729376f49251ccee987412928b",
        "x-ms-return-client-request-id": "true"
      },
      "RequestBody": null,
      "StatusCode": 200,
      "ResponseHeaders": {
        "Cache-Control": "no-cache",
        "Content-Length": "126",
        "Content-Type": "application/json",
        "Date": "Mon, 20 Feb 2023 09:48:23 GMT",
        "Expires": "-1",
        "Pragma": "no-cache",
        "Server": "nginx",
        "Strict-Transport-Security": "max-age=31536000; includeSubDomains",
        "X-Content-Type-Options": "nosniff",
        "x-ms-correlation-request-id": "4464408c-cc1d-4995-96e4-5322e62a2c7e",
        "x-ms-ratelimit-remaining-subscription-reads": "11997",
        "x-ms-request-id": "8f1c9e57-401d-406c-a1e6-bd30489f5dc2",
        "x-ms-routing-request-id": "SOUTHEASTASIA:20230220T094824Z:4464408c-cc1d-4995-96e4-5322e62a2c7e"
      },
      "ResponseBody": {
        "name": "76871c6d-d196-d242-99b0-f59d17907fba",
        "status": "InProgress",
        "startTime": "2023-02-20T09:44:49.3403446Z"
      }
    },
    {
      "RequestUri": "https://management.azure.com/subscriptions/db1ab6f0-4769-4b27-930e-01e2ef9c123c/providers/Microsoft.ContainerService/locations/eastus/operations/6d1c8776-96d1-42d2-99b0-f59d17907fba?api-version=2017-08-31",
      "RequestMethod": "GET",
      "RequestHeaders": {
        "Authorization": "Sanitized",
        "traceparent": "00-b5fb72abe3c4d44e18f6c6b69aceed32-a2290efae316df7c-00",
        "User-Agent": "azsdk-net-ResourceManager/1.4.0 (.NET 7.0.3; Microsoft Windows 10.0.22621)",
        "x-ms-client-request-id": "524bdba4cf8a5bee7b8073241daa35cc",
        "x-ms-return-client-request-id": "true"
      },
      "RequestBody": null,
      "StatusCode": 200,
      "ResponseHeaders": {
        "Cache-Control": "no-cache",
        "Content-Length": "170",
        "Content-Type": "application/json",
        "Date": "Mon, 20 Feb 2023 09:48:56 GMT",
        "Expires": "-1",
        "Pragma": "no-cache",
        "Server": "nginx",
        "Strict-Transport-Security": "max-age=31536000; includeSubDomains",
        "X-Content-Type-Options": "nosniff",
        "x-ms-correlation-request-id": "e5ad7206-1099-4bf6-9b07-9ccb0defb81a",
        "x-ms-ratelimit-remaining-subscription-reads": "11996",
        "x-ms-request-id": "0fe6971f-2d00-4d93-8b0c-d789249578df",
        "x-ms-routing-request-id": "SOUTHEASTASIA:20230220T094856Z:e5ad7206-1099-4bf6-9b07-9ccb0defb81a"
      },
      "ResponseBody": {
        "name": "76871c6d-d196-d242-99b0-f59d17907fba",
        "status": "Succeeded",
        "startTime": "2023-02-20T09:44:49.3403446Z",
        "endTime": "2023-02-20T09:48:41.8276051Z"
      }
    }
  ],
  "Variables": {
    "AZURE_AUTHORITY_HOST": "https://login.microsoftonline.com",
    "RandomSeed": "353419038",
    "RESOURCE_MANAGER_URL": "https://management.azure.com/",
    "SUBSCRIPTION_ID": "db1ab6f0-4769-4b27-930e-01e2ef9c123c"
  }
}
