{
  "Entries": [
    {
      "RequestUri": "https://management.azure.com/subscriptions/db1ab6f0-4769-4b27-930e-01e2ef9c123c?api-version=2021-01-01",
      "RequestMethod": "GET",
      "RequestHeaders": {
        "Accept": "application/json",
        "Authorization": "Sanitized",
        "traceparent": "00-37abf4ecba26cd43b7e290c8ae403ac6-b91cfafd01218c43-00",
        "User-Agent": "azsdk-net-ResourceManager/1.3.2 (.NET Framework 4.8.4515.0; Microsoft Windows 10.0.19045 )",
        "x-ms-client-request-id": "f0fb76d44702967ffcaa25682d997676",
        "x-ms-return-client-request-id": "true"
      },
      "RequestBody": null,
      "StatusCode": 200,
      "ResponseHeaders": {
        "Cache-Control": "no-cache",
        "Content-Length": "748",
        "Content-Type": "application/json; charset=utf-8",
        "Date": "Mon, 28 Nov 2022 09:10:18 GMT",
        "Expires": "-1",
        "Pragma": "no-cache",
        "Strict-Transport-Security": "max-age=31536000; includeSubDomains",
        "X-Content-Type-Options": "nosniff",
        "x-ms-correlation-request-id": "83194035-c621-4cf2-98f0-120edd143f35",
        "x-ms-ratelimit-remaining-subscription-reads": "11994",
        "x-ms-request-id": "83194035-c621-4cf2-98f0-120edd143f35",
        "x-ms-routing-request-id": "SOUTHEASTASIA:20221128T091019Z:83194035-c621-4cf2-98f0-120edd143f35"
      },
      "ResponseBody": {
        "id": "/subscriptions/db1ab6f0-4769-4b27-930e-01e2ef9c123c",
        "authorizationSource": "RoleBased",
        "managedByTenants": [],
        "tags": {
          "TagKey-9823": "TagValue-1254",
          "TagKey-3481": "TagValue-320",
          "TagKey-4926": "TagValue-1187",
          "TagKey-751": "TagValue-3921",
          "TagKey-1866": "TagValue-8559",
          "TagKey-3094": "TagValue-9190",
          "TagKey-2449": "TagValue-9",
          "TagKey-8379": "TagValue-164",
          "TagKey-7470": "TagValue-2205",
          "TagKey-4236": "TagValue-3698",
          "TagKey-5316": "TagValue-2725"
        },
        "subscriptionId": "db1ab6f0-4769-4b27-930e-01e2ef9c123c",
        "tenantId": "72f988bf-86f1-41af-91ab-2d7cd011db47",
        "displayName": ".NET Mgmt SDK Test with TTL = 1 Day",
        "state": "Enabled",
        "subscriptionPolicies": {
          "locationPlacementId": "Internal_2014-09-01",
          "quotaId": "Internal_2014-09-01",
          "spendingLimit": "Off"
        }
      }
    },
    {
      "RequestUri": "https://management.azure.com/subscriptions/db1ab6f0-4769-4b27-930e-01e2ef9c123c/resourcegroups/testaksrg7977?api-version=2021-04-01",
      "RequestMethod": "PUT",
      "RequestHeaders": {
        "Accept": "application/json",
        "Authorization": "Sanitized",
        "Content-Length": "21",
        "Content-Type": "application/json",
        "traceparent": "00-575a6fcbc83e884dab9fec2b0056633a-0300b4c55df9f64f-00",
        "User-Agent": "azsdk-net-ResourceManager/1.3.2 (.NET Framework 4.8.4515.0; Microsoft Windows 10.0.19045 )",
        "x-ms-client-request-id": "ae1ccf6cf4be9fd88ed4ca93cc30277a",
        "x-ms-return-client-request-id": "true"
      },
      "RequestBody": {
        "location": "eastus"
      },
      "StatusCode": 201,
      "ResponseHeaders": {
        "Cache-Control": "no-cache",
        "Content-Length": "223",
        "Content-Type": "application/json; charset=utf-8",
        "Date": "Mon, 28 Nov 2022 09:10:21 GMT",
        "Expires": "-1",
        "Pragma": "no-cache",
        "Strict-Transport-Security": "max-age=31536000; includeSubDomains",
        "X-Content-Type-Options": "nosniff",
        "x-ms-correlation-request-id": "0a969234-bfc4-45e7-9b15-ace28d32adf2",
        "x-ms-ratelimit-remaining-subscription-writes": "1199",
        "x-ms-request-id": "0a969234-bfc4-45e7-9b15-ace28d32adf2",
        "x-ms-routing-request-id": "SOUTHEASTASIA:20221128T091022Z:0a969234-bfc4-45e7-9b15-ace28d32adf2"
      },
      "ResponseBody": {
        "id": "/subscriptions/db1ab6f0-4769-4b27-930e-01e2ef9c123c/resourceGroups/testaksrg7977",
        "name": "testaksrg7977",
        "type": "Microsoft.Resources/resourceGroups",
        "location": "eastus",
        "properties": {
          "provisioningState": "Succeeded"
        }
      }
    },
    {
      "RequestUri": "https://management.azure.com/subscriptions/db1ab6f0-4769-4b27-930e-01e2ef9c123c/resourceGroups/testaksrg7977/providers/Microsoft.ContainerService/managedClusters/akscluster3007?api-version=2022-09-01",
      "RequestMethod": "PUT",
      "RequestHeaders": {
        "Accept": "application/json",
        "Authorization": "Sanitized",
        "Content-Length": "205",
        "Content-Type": "application/json",
        "traceparent": "00-f3090e91c842344eacda661fd1944b55-136a493acf17ab46-00",
        "User-Agent": "azsdk-net-ResourceManager.ContainerService/1.1.0-alpha.20221128.1 (.NET Framework 4.8.4515.0; Microsoft Windows 10.0.19045 )",
        "x-ms-client-request-id": "90b64e694efbb428dc2d24fa0d5f48fc",
        "x-ms-return-client-request-id": "true"
      },
      "RequestBody": {
        "identity": {
          "type": "SystemAssigned"
        },
        "tags": {},
        "location": "eastus",
        "properties": {
          "dnsPrefix": "aksdotnetsdk",
          "agentPoolProfiles": [
            {
              "name": "aksagent",
              "count": 1,
              "vmSize": "Standard_D2s_v3",
              "mode": "System"
            }
          ]
        }
      },
      "StatusCode": 201,
      "ResponseHeaders": {
        "azure-asyncoperation": "https://management.azure.com/subscriptions/db1ab6f0-4769-4b27-930e-01e2ef9c123c/providers/Microsoft.ContainerService/locations/eastus/operations/a04912ff-0ce0-4284-a87a-37c9f0866607?api-version=2017-08-31",
        "Cache-Control": "no-cache",
        "Content-Length": "2372",
        "Content-Type": "application/json",
        "Date": "Mon, 28 Nov 2022 09:10:34 GMT",
        "Expires": "-1",
        "Pragma": "no-cache",
        "Server": "nginx",
        "Strict-Transport-Security": "max-age=31536000; includeSubDomains",
        "X-Content-Type-Options": "nosniff",
        "x-ms-correlation-request-id": "118e8a3b-78be-4f2f-8ed2-ab68bb4a4f70",
        "x-ms-ratelimit-remaining-subscription-writes": "1198",
        "x-ms-request-id": "a04912ff-0ce0-4284-a87a-37c9f0866607",
        "x-ms-routing-request-id": "SOUTHEASTASIA:20221128T091035Z:118e8a3b-78be-4f2f-8ed2-ab68bb4a4f70"
      },
      "ResponseBody": {
        "id": "/subscriptions/db1ab6f0-4769-4b27-930e-01e2ef9c123c/resourcegroups/testaksrg7977/providers/Microsoft.ContainerService/managedClusters/akscluster3007",
        "location": "eastus",
        "name": "akscluster3007",
        "type": "Microsoft.ContainerService/ManagedClusters",
        "properties": {
          "provisioningState": "Creating",
          "powerState": {
            "code": "Running"
          },
          "kubernetesVersion": "1.23.12",
          "currentKubernetesVersion": "1.23.12",
          "dnsPrefix": "aksdotnetsdk",
          "fqdn": "aksdotnetsdk-535b183a.hcp.eastus.azmk8s.io",
          "azurePortalFQDN": "aksdotnetsdk-535b183a.portal.hcp.eastus.azmk8s.io",
          "agentPoolProfiles": [
            {
              "name": "aksagent",
              "count": 1,
              "vmSize": "Standard_D2s_v3",
              "osDiskSizeGB": 128,
              "osDiskType": "Managed",
              "kubeletDiskType": "OS",
              "maxPods": 110,
              "type": "VirtualMachineScaleSets",
              "provisioningState": "Creating",
              "powerState": {
                "code": "Running"
              },
              "orchestratorVersion": "1.23.12",
              "currentOrchestratorVersion": "1.23.12",
              "mode": "System",
              "osType": "Linux",
              "osSKU": "Ubuntu",
              "nodeImageVersion": "AKSUbuntu-1804gen2containerd-2022.11.02",
              "enableFIPS": false
            }
          ],
          "servicePrincipalProfile": {
            "clientId": "msi"
          },
          "nodeResourceGroup": "MC_testaksrg7977_akscluster3007_eastus",
          "enableRBAC": true,
          "networkProfile": {
            "networkPlugin": "kubenet",
            "loadBalancerSku": "standard",
            "loadBalancerProfile": {
              "managedOutboundIPs": {
                "count": 1
              }
            },
            "podCidr": "10.244.0.0/16",
            "serviceCidr": "10.0.0.0/16",
            "dnsServiceIP": "10.0.0.10",
            "dockerBridgeCidr": "172.17.0.1/16",
            "outboundType": "loadBalancer",
            "podCidrs": [
              "10.244.0.0/16"
            ],
            "serviceCidrs": [
              "10.0.0.0/16"
            ],
            "ipFamilies": [
              "IPv4"
            ]
          },
          "maxAgentPools": 100,
          "securityProfile": {},
          "storageProfile": {
            "diskCSIDriver": {
              "enabled": true
            },
            "fileCSIDriver": {
              "enabled": true
            },
            "snapshotController": {
              "enabled": true
            }
          },
          "oidcIssuerProfile": {
            "enabled": false
          }
        },
        "identity": {
          "type": "SystemAssigned",
          "principalId": "df0b0215-0f37-437e-a22a-b5afcf614c5f",
          "tenantId": "72f988bf-86f1-41af-91ab-2d7cd011db47"
        },
        "sku": {
          "name": "Basic",
          "tier": "Free"
        }
      }
    },
    {
      "RequestUri": "https://management.azure.com/subscriptions/db1ab6f0-4769-4b27-930e-01e2ef9c123c/providers/Microsoft.ContainerService/locations/eastus/operations/a04912ff-0ce0-4284-a87a-37c9f0866607?api-version=2017-08-31",
      "RequestMethod": "GET",
      "RequestHeaders": {
        "Authorization": "Sanitized",
        "traceparent": "00-f3090e91c842344eacda661fd1944b55-3e30f9a38cb83a4d-00",
        "User-Agent": "azsdk-net-ResourceManager/1.3.2 (.NET Framework 4.8.4515.0; Microsoft Windows 10.0.19045 )",
        "x-ms-client-request-id": "283079ee5bbf8171f4fae1c7b4a58075",
        "x-ms-return-client-request-id": "true"
      },
      "RequestBody": null,
      "StatusCode": 200,
      "ResponseHeaders": {
        "Cache-Control": "no-cache",
        "Content-Length": "126",
        "Content-Type": "application/json",
        "Date": "Mon, 28 Nov 2022 09:10:35 GMT",
        "Expires": "-1",
        "Pragma": "no-cache",
        "Server": "nginx",
        "Strict-Transport-Security": "max-age=31536000; includeSubDomains",
        "X-Content-Type-Options": "nosniff",
        "x-ms-correlation-request-id": "d18a810d-e85d-44c3-831e-9e76831e6f71",
        "x-ms-ratelimit-remaining-subscription-reads": "11993",
        "x-ms-request-id": "c201292c-746b-40b2-9845-24de3fccf191",
        "x-ms-routing-request-id": "SOUTHEASTASIA:20221128T091035Z:d18a810d-e85d-44c3-831e-9e76831e6f71"
      },
      "ResponseBody": {
        "name": "ff1249a0-e00c-8442-a87a-37c9f0866607",
        "status": "InProgress",
        "startTime": "2022-11-28T09:10:34.0655545Z"
      }
    },
    {
      "RequestUri": "https://management.azure.com/subscriptions/db1ab6f0-4769-4b27-930e-01e2ef9c123c/providers/Microsoft.ContainerService/locations/eastus/operations/a04912ff-0ce0-4284-a87a-37c9f0866607?api-version=2017-08-31",
      "RequestMethod": "GET",
      "RequestHeaders": {
        "Authorization": "Sanitized",
        "traceparent": "00-f3090e91c842344eacda661fd1944b55-79fa9c4eda53b041-00",
        "User-Agent": "azsdk-net-ResourceManager/1.3.2 (.NET Framework 4.8.4515.0; Microsoft Windows 10.0.19045 )",
        "x-ms-client-request-id": "948097819f3d53d7cc933f87da72b1ac",
        "x-ms-return-client-request-id": "true"
      },
      "RequestBody": null,
      "StatusCode": 200,
      "ResponseHeaders": {
        "Cache-Control": "no-cache",
        "Content-Length": "126",
        "Content-Type": "application/json",
        "Date": "Mon, 28 Nov 2022 09:10:36 GMT",
        "Expires": "-1",
        "Pragma": "no-cache",
        "Server": "nginx",
        "Strict-Transport-Security": "max-age=31536000; includeSubDomains",
        "X-Content-Type-Options": "nosniff",
        "x-ms-correlation-request-id": "791cd351-8b7d-4ba3-89b4-f58112492563",
        "x-ms-ratelimit-remaining-subscription-reads": "11992",
        "x-ms-request-id": "481d63f3-1df6-48b6-bdea-df5381fc9641",
        "x-ms-routing-request-id": "SOUTHEASTASIA:20221128T091037Z:791cd351-8b7d-4ba3-89b4-f58112492563"
      },
      "ResponseBody": {
        "name": "ff1249a0-e00c-8442-a87a-37c9f0866607",
        "status": "InProgress",
        "startTime": "2022-11-28T09:10:34.0655545Z"
      }
    },
    {
      "RequestUri": "https://management.azure.com/subscriptions/db1ab6f0-4769-4b27-930e-01e2ef9c123c/providers/Microsoft.ContainerService/locations/eastus/operations/a04912ff-0ce0-4284-a87a-37c9f0866607?api-version=2017-08-31",
      "RequestMethod": "GET",
      "RequestHeaders": {
        "Authorization": "Sanitized",
        "traceparent": "00-f3090e91c842344eacda661fd1944b55-e866fb6eb8ce6a46-00",
        "User-Agent": "azsdk-net-ResourceManager/1.3.2 (.NET Framework 4.8.4515.0; Microsoft Windows 10.0.19045 )",
        "x-ms-client-request-id": "930c26b3202fef3c2a68e7e134ba6fac",
        "x-ms-return-client-request-id": "true"
      },
      "RequestBody": null,
      "StatusCode": 200,
      "ResponseHeaders": {
        "Cache-Control": "no-cache",
        "Content-Length": "126",
        "Content-Type": "application/json",
        "Date": "Mon, 28 Nov 2022 09:10:37 GMT",
        "Expires": "-1",
        "Pragma": "no-cache",
        "Server": "nginx",
        "Strict-Transport-Security": "max-age=31536000; includeSubDomains",
        "X-Content-Type-Options": "nosniff",
        "x-ms-correlation-request-id": "651de159-3e00-449a-b131-7dbee51b94bd",
        "x-ms-ratelimit-remaining-subscription-reads": "11991",
        "x-ms-request-id": "5a02cf07-237b-43d0-ba26-885bbb0e2f7f",
        "x-ms-routing-request-id": "SOUTHEASTASIA:20221128T091038Z:651de159-3e00-449a-b131-7dbee51b94bd"
      },
      "ResponseBody": {
        "name": "ff1249a0-e00c-8442-a87a-37c9f0866607",
        "status": "InProgress",
        "startTime": "2022-11-28T09:10:34.0655545Z"
      }
    },
    {
      "RequestUri": "https://management.azure.com/subscriptions/db1ab6f0-4769-4b27-930e-01e2ef9c123c/providers/Microsoft.ContainerService/locations/eastus/operations/a04912ff-0ce0-4284-a87a-37c9f0866607?api-version=2017-08-31",
      "RequestMethod": "GET",
      "RequestHeaders": {
        "Authorization": "Sanitized",
        "traceparent": "00-f3090e91c842344eacda661fd1944b55-d3e285864fb5be4b-00",
        "User-Agent": "azsdk-net-ResourceManager/1.3.2 (.NET Framework 4.8.4515.0; Microsoft Windows 10.0.19045 )",
        "x-ms-client-request-id": "6c33fdf2e4af4ec0a2dc5b2b1ce9a681",
        "x-ms-return-client-request-id": "true"
      },
      "RequestBody": null,
      "StatusCode": 200,
      "ResponseHeaders": {
        "Cache-Control": "no-cache",
        "Content-Length": "126",
        "Content-Type": "application/json",
        "Date": "Mon, 28 Nov 2022 09:10:39 GMT",
        "Expires": "-1",
        "Pragma": "no-cache",
        "Server": "nginx",
        "Strict-Transport-Security": "max-age=31536000; includeSubDomains",
        "X-Content-Type-Options": "nosniff",
        "x-ms-correlation-request-id": "4d6390a4-533e-4d68-890f-15c58fda270d",
        "x-ms-ratelimit-remaining-subscription-reads": "11990",
        "x-ms-request-id": "a6301812-ccd7-4a38-8d74-2ea72d41c7f7",
        "x-ms-routing-request-id": "SOUTHEASTASIA:20221128T091039Z:4d6390a4-533e-4d68-890f-15c58fda270d"
      },
      "ResponseBody": {
        "name": "ff1249a0-e00c-8442-a87a-37c9f0866607",
        "status": "InProgress",
        "startTime": "2022-11-28T09:10:34.0655545Z"
      }
    },
    {
      "RequestUri": "https://management.azure.com/subscriptions/db1ab6f0-4769-4b27-930e-01e2ef9c123c/providers/Microsoft.ContainerService/locations/eastus/operations/a04912ff-0ce0-4284-a87a-37c9f0866607?api-version=2017-08-31",
      "RequestMethod": "GET",
      "RequestHeaders": {
        "Authorization": "Sanitized",
        "traceparent": "00-f3090e91c842344eacda661fd1944b55-c2e0a02d76d82743-00",
        "User-Agent": "azsdk-net-ResourceManager/1.3.2 (.NET Framework 4.8.4515.0; Microsoft Windows 10.0.19045 )",
        "x-ms-client-request-id": "8d133549ed9861455a916ad4b8f51f11",
        "x-ms-return-client-request-id": "true"
      },
      "RequestBody": null,
      "StatusCode": 200,
      "ResponseHeaders": {
        "Cache-Control": "no-cache",
        "Content-Length": "126",
        "Content-Type": "application/json",
        "Date": "Mon, 28 Nov 2022 09:10:41 GMT",
        "Expires": "-1",
        "Pragma": "no-cache",
        "Server": "nginx",
        "Strict-Transport-Security": "max-age=31536000; includeSubDomains",
        "X-Content-Type-Options": "nosniff",
        "x-ms-correlation-request-id": "739621b8-b2b1-4cf1-b2e5-9540afcc4759",
        "x-ms-ratelimit-remaining-subscription-reads": "11989",
        "x-ms-request-id": "6521b57a-538e-4b9e-9135-4775174b18e5",
        "x-ms-routing-request-id": "SOUTHEASTASIA:20221128T091042Z:739621b8-b2b1-4cf1-b2e5-9540afcc4759"
      },
      "ResponseBody": {
        "name": "ff1249a0-e00c-8442-a87a-37c9f0866607",
        "status": "InProgress",
        "startTime": "2022-11-28T09:10:34.0655545Z"
      }
    },
    {
      "RequestUri": "https://management.azure.com/subscriptions/db1ab6f0-4769-4b27-930e-01e2ef9c123c/providers/Microsoft.ContainerService/locations/eastus/operations/a04912ff-0ce0-4284-a87a-37c9f0866607?api-version=2017-08-31",
      "RequestMethod": "GET",
      "RequestHeaders": {
        "Authorization": "Sanitized",
        "traceparent": "00-f3090e91c842344eacda661fd1944b55-3e7783e174a14a42-00",
        "User-Agent": "azsdk-net-ResourceManager/1.3.2 (.NET Framework 4.8.4515.0; Microsoft Windows 10.0.19045 )",
        "x-ms-client-request-id": "dd949224453ecffd66bdf152c411d341",
        "x-ms-return-client-request-id": "true"
      },
      "RequestBody": null,
      "StatusCode": 200,
      "ResponseHeaders": {
        "Cache-Control": "no-cache",
        "Content-Length": "126",
        "Content-Type": "application/json",
        "Date": "Mon, 28 Nov 2022 09:10:45 GMT",
        "Expires": "-1",
        "Pragma": "no-cache",
        "Server": "nginx",
        "Strict-Transport-Security": "max-age=31536000; includeSubDomains",
        "X-Content-Type-Options": "nosniff",
        "x-ms-correlation-request-id": "970e765c-68db-49c0-ab4e-09303fe68b60",
        "x-ms-ratelimit-remaining-subscription-reads": "11988",
        "x-ms-request-id": "b4ddaa84-0656-412b-b6c8-c39983d73800",
        "x-ms-routing-request-id": "SOUTHEASTASIA:20221128T091046Z:970e765c-68db-49c0-ab4e-09303fe68b60"
      },
      "ResponseBody": {
        "name": "ff1249a0-e00c-8442-a87a-37c9f0866607",
        "status": "InProgress",
        "startTime": "2022-11-28T09:10:34.0655545Z"
      }
    },
    {
      "RequestUri": "https://management.azure.com/subscriptions/db1ab6f0-4769-4b27-930e-01e2ef9c123c/providers/Microsoft.ContainerService/locations/eastus/operations/a04912ff-0ce0-4284-a87a-37c9f0866607?api-version=2017-08-31",
      "RequestMethod": "GET",
      "RequestHeaders": {
        "Authorization": "Sanitized",
        "traceparent": "00-f3090e91c842344eacda661fd1944b55-6520fcea466e0c4f-00",
        "User-Agent": "azsdk-net-ResourceManager/1.3.2 (.NET Framework 4.8.4515.0; Microsoft Windows 10.0.19045 )",
        "x-ms-client-request-id": "fe9865c2e1a70513b7d2111d7aeb96ac",
        "x-ms-return-client-request-id": "true"
      },
      "RequestBody": null,
      "StatusCode": 200,
      "ResponseHeaders": {
        "Cache-Control": "no-cache",
        "Content-Length": "126",
        "Content-Type": "application/json",
        "Date": "Mon, 28 Nov 2022 09:10:54 GMT",
        "Expires": "-1",
        "Pragma": "no-cache",
        "Server": "nginx",
        "Strict-Transport-Security": "max-age=31536000; includeSubDomains",
        "X-Content-Type-Options": "nosniff",
        "x-ms-correlation-request-id": "165e07ad-b621-4fe3-a139-9f2939fa943d",
        "x-ms-ratelimit-remaining-subscription-reads": "11987",
        "x-ms-request-id": "5015fc45-5212-48c9-a150-0f0846f558b7",
        "x-ms-routing-request-id": "SOUTHEASTASIA:20221128T091054Z:165e07ad-b621-4fe3-a139-9f2939fa943d"
      },
      "ResponseBody": {
        "name": "ff1249a0-e00c-8442-a87a-37c9f0866607",
        "status": "InProgress",
        "startTime": "2022-11-28T09:10:34.0655545Z"
      }
    },
    {
      "RequestUri": "https://management.azure.com/subscriptions/db1ab6f0-4769-4b27-930e-01e2ef9c123c/providers/Microsoft.ContainerService/locations/eastus/operations/a04912ff-0ce0-4284-a87a-37c9f0866607?api-version=2017-08-31",
      "RequestMethod": "GET",
      "RequestHeaders": {
        "Authorization": "Sanitized",
        "traceparent": "00-f3090e91c842344eacda661fd1944b55-583e11b73b4a8645-00",
        "User-Agent": "azsdk-net-ResourceManager/1.3.2 (.NET Framework 4.8.4515.0; Microsoft Windows 10.0.19045 )",
        "x-ms-client-request-id": "890649bdc9540442384427dbfbf39d48",
        "x-ms-return-client-request-id": "true"
      },
      "RequestBody": null,
      "StatusCode": 200,
      "ResponseHeaders": {
        "Cache-Control": "no-cache",
        "Content-Length": "126",
        "Content-Type": "application/json",
        "Date": "Mon, 28 Nov 2022 09:11:10 GMT",
        "Expires": "-1",
        "Pragma": "no-cache",
        "Server": "nginx",
        "Strict-Transport-Security": "max-age=31536000; includeSubDomains",
        "X-Content-Type-Options": "nosniff",
        "x-ms-correlation-request-id": "a4171e15-341d-4c33-99fb-58126329ae1c",
        "x-ms-ratelimit-remaining-subscription-reads": "11986",
        "x-ms-request-id": "1168e470-893d-426e-adb9-aee3581e6e0e",
        "x-ms-routing-request-id": "SOUTHEASTASIA:20221128T091111Z:a4171e15-341d-4c33-99fb-58126329ae1c"
      },
      "ResponseBody": {
        "name": "ff1249a0-e00c-8442-a87a-37c9f0866607",
        "status": "InProgress",
        "startTime": "2022-11-28T09:10:34.0655545Z"
      }
    },
    {
      "RequestUri": "https://management.azure.com/subscriptions/db1ab6f0-4769-4b27-930e-01e2ef9c123c/providers/Microsoft.ContainerService/locations/eastus/operations/a04912ff-0ce0-4284-a87a-37c9f0866607?api-version=2017-08-31",
      "RequestMethod": "GET",
      "RequestHeaders": {
        "Authorization": "Sanitized",
        "traceparent": "00-f3090e91c842344eacda661fd1944b55-836439ed9f1e284d-00",
        "User-Agent": "azsdk-net-ResourceManager/1.3.2 (.NET Framework 4.8.4515.0; Microsoft Windows 10.0.19045 )",
        "x-ms-client-request-id": "521228be205d436a7f8f256c33df547b",
        "x-ms-return-client-request-id": "true"
      },
      "RequestBody": null,
      "StatusCode": 200,
      "ResponseHeaders": {
        "Cache-Control": "no-cache",
        "Content-Length": "126",
        "Content-Type": "application/json",
        "Date": "Mon, 28 Nov 2022 09:11:43 GMT",
        "Expires": "-1",
        "Pragma": "no-cache",
        "Server": "nginx",
        "Strict-Transport-Security": "max-age=31536000; includeSubDomains",
        "X-Content-Type-Options": "nosniff",
        "x-ms-correlation-request-id": "03406e91-cffd-4969-86da-a86d61f46685",
        "x-ms-ratelimit-remaining-subscription-reads": "11985",
        "x-ms-request-id": "f0f57f1c-0a6e-4f99-9dd9-7cb2d8dc8b15",
        "x-ms-routing-request-id": "SOUTHEASTASIA:20221128T091143Z:03406e91-cffd-4969-86da-a86d61f46685"
      },
      "ResponseBody": {
        "name": "ff1249a0-e00c-8442-a87a-37c9f0866607",
        "status": "InProgress",
        "startTime": "2022-11-28T09:10:34.0655545Z"
      }
    },
    {
      "RequestUri": "https://management.azure.com/subscriptions/db1ab6f0-4769-4b27-930e-01e2ef9c123c/providers/Microsoft.ContainerService/locations/eastus/operations/a04912ff-0ce0-4284-a87a-37c9f0866607?api-version=2017-08-31",
      "RequestMethod": "GET",
      "RequestHeaders": {
        "Authorization": "Sanitized",
        "traceparent": "00-f3090e91c842344eacda661fd1944b55-4faa4b9096102343-00",
        "User-Agent": "azsdk-net-ResourceManager/1.3.2 (.NET Framework 4.8.4515.0; Microsoft Windows 10.0.19045 )",
        "x-ms-client-request-id": "7a944427490bf8ec2394c662ba3709c4",
        "x-ms-return-client-request-id": "true"
      },
      "RequestBody": null,
      "StatusCode": 200,
      "ResponseHeaders": {
        "Cache-Control": "no-cache",
        "Content-Length": "126",
        "Content-Type": "application/json",
        "Date": "Mon, 28 Nov 2022 09:12:15 GMT",
        "Expires": "-1",
        "Pragma": "no-cache",
        "Server": "nginx",
        "Strict-Transport-Security": "max-age=31536000; includeSubDomains",
        "X-Content-Type-Options": "nosniff",
        "x-ms-correlation-request-id": "6d562216-6495-4c14-8862-0207d2f92236",
        "x-ms-ratelimit-remaining-subscription-reads": "11984",
        "x-ms-request-id": "7d9b9a40-4bcc-4175-abbd-f62b43ec9b69",
        "x-ms-routing-request-id": "SOUTHEASTASIA:20221128T091215Z:6d562216-6495-4c14-8862-0207d2f92236"
      },
      "ResponseBody": {
        "name": "ff1249a0-e00c-8442-a87a-37c9f0866607",
        "status": "InProgress",
        "startTime": "2022-11-28T09:10:34.0655545Z"
      }
    },
    {
      "RequestUri": "https://management.azure.com/subscriptions/db1ab6f0-4769-4b27-930e-01e2ef9c123c/providers/Microsoft.ContainerService/locations/eastus/operations/a04912ff-0ce0-4284-a87a-37c9f0866607?api-version=2017-08-31",
      "RequestMethod": "GET",
      "RequestHeaders": {
        "Authorization": "Sanitized",
        "traceparent": "00-f3090e91c842344eacda661fd1944b55-04dc1fae57afb94d-00",
        "User-Agent": "azsdk-net-ResourceManager/1.3.2 (.NET Framework 4.8.4515.0; Microsoft Windows 10.0.19045 )",
        "x-ms-client-request-id": "515fc83444d89d4fdfc309c5a4d5d058",
        "x-ms-return-client-request-id": "true"
      },
      "RequestBody": null,
      "StatusCode": 200,
      "ResponseHeaders": {
        "Cache-Control": "no-cache",
        "Content-Length": "126",
        "Content-Type": "application/json",
        "Date": "Mon, 28 Nov 2022 09:12:47 GMT",
        "Expires": "-1",
        "Pragma": "no-cache",
        "Server": "nginx",
        "Strict-Transport-Security": "max-age=31536000; includeSubDomains",
        "X-Content-Type-Options": "nosniff",
        "x-ms-correlation-request-id": "d5ea05a4-018e-466c-8511-be98c180e05f",
        "x-ms-ratelimit-remaining-subscription-reads": "11983",
        "x-ms-request-id": "a06072be-1c3f-488d-ae67-2eab7e4e3f23",
        "x-ms-routing-request-id": "SOUTHEASTASIA:20221128T091248Z:d5ea05a4-018e-466c-8511-be98c180e05f"
      },
      "ResponseBody": {
        "name": "ff1249a0-e00c-8442-a87a-37c9f0866607",
        "status": "InProgress",
        "startTime": "2022-11-28T09:10:34.0655545Z"
      }
    },
    {
      "RequestUri": "https://management.azure.com/subscriptions/db1ab6f0-4769-4b27-930e-01e2ef9c123c/providers/Microsoft.ContainerService/locations/eastus/operations/a04912ff-0ce0-4284-a87a-37c9f0866607?api-version=2017-08-31",
      "RequestMethod": "GET",
      "RequestHeaders": {
        "Authorization": "Sanitized",
        "Connection": "close",
        "traceparent": "00-f3090e91c842344eacda661fd1944b55-e46f953af5207f4a-00",
        "User-Agent": "azsdk-net-ResourceManager/1.3.2 (.NET Framework 4.8.4515.0; Microsoft Windows 10.0.19045 )",
        "x-ms-client-request-id": "b7b4acef225e753d3c1a2ec859078847",
        "x-ms-return-client-request-id": "true"
      },
      "RequestBody": null,
      "StatusCode": 200,
      "ResponseHeaders": {
        "Cache-Control": "no-cache",
        "Connection": "close",
        "Content-Length": "126",
        "Content-Type": "application/json",
        "Date": "Mon, 28 Nov 2022 09:13:19 GMT",
        "Expires": "-1",
        "Pragma": "no-cache",
        "Server": "nginx",
        "Strict-Transport-Security": "max-age=31536000; includeSubDomains",
        "X-Content-Type-Options": "nosniff",
        "x-ms-correlation-request-id": "1104d154-5791-400a-b212-5785eea8d379",
        "x-ms-ratelimit-remaining-subscription-reads": "11982",
        "x-ms-request-id": "33441b2a-4e30-476d-9591-3c138d336900",
        "x-ms-routing-request-id": "SOUTHEASTASIA:20221128T091320Z:1104d154-5791-400a-b212-5785eea8d379"
      },
      "ResponseBody": {
        "name": "ff1249a0-e00c-8442-a87a-37c9f0866607",
        "status": "InProgress",
        "startTime": "2022-11-28T09:10:34.0655545Z"
      }
    },
    {
      "RequestUri": "https://management.azure.com/subscriptions/db1ab6f0-4769-4b27-930e-01e2ef9c123c/providers/Microsoft.ContainerService/locations/eastus/operations/a04912ff-0ce0-4284-a87a-37c9f0866607?api-version=2017-08-31",
      "RequestMethod": "GET",
      "RequestHeaders": {
        "Authorization": "Sanitized",
        "traceparent": "00-f3090e91c842344eacda661fd1944b55-26f12e3abc46674c-00",
        "User-Agent": "azsdk-net-ResourceManager/1.3.2 (.NET Framework 4.8.4515.0; Microsoft Windows 10.0.19045 )",
        "x-ms-client-request-id": "6a3760850380e2a2f5f79b473f27544d",
        "x-ms-return-client-request-id": "true"
      },
      "RequestBody": null,
      "StatusCode": 200,
      "ResponseHeaders": {
        "Cache-Control": "no-cache",
        "Content-Length": "126",
        "Content-Type": "application/json",
        "Date": "Mon, 28 Nov 2022 09:13:53 GMT",
        "Expires": "-1",
        "Pragma": "no-cache",
        "Server": "nginx",
        "Strict-Transport-Security": "max-age=31536000; includeSubDomains",
        "X-Content-Type-Options": "nosniff",
        "x-ms-correlation-request-id": "49378be1-dd7c-4bc6-b6c9-4bccf320d93b",
        "x-ms-ratelimit-remaining-subscription-reads": "11999",
        "x-ms-request-id": "ef55fa9e-2299-40e9-8b97-1c21a92bfb38",
        "x-ms-routing-request-id": "SOUTHEASTASIA:20221128T091353Z:49378be1-dd7c-4bc6-b6c9-4bccf320d93b"
      },
      "ResponseBody": {
        "name": "ff1249a0-e00c-8442-a87a-37c9f0866607",
        "status": "InProgress",
        "startTime": "2022-11-28T09:10:34.0655545Z"
      }
    },
    {
      "RequestUri": "https://management.azure.com/subscriptions/db1ab6f0-4769-4b27-930e-01e2ef9c123c/providers/Microsoft.ContainerService/locations/eastus/operations/a04912ff-0ce0-4284-a87a-37c9f0866607?api-version=2017-08-31",
      "RequestMethod": "GET",
      "RequestHeaders": {
        "Authorization": "Sanitized",
        "traceparent": "00-f3090e91c842344eacda661fd1944b55-83e0c89f39fdef48-00",
        "User-Agent": "azsdk-net-ResourceManager/1.3.2 (.NET Framework 4.8.4515.0; Microsoft Windows 10.0.19045 )",
        "x-ms-client-request-id": "0e736ec3528312658aea15be158643d7",
        "x-ms-return-client-request-id": "true"
      },
      "RequestBody": null,
      "StatusCode": 200,
      "ResponseHeaders": {
        "Cache-Control": "no-cache",
        "Content-Length": "126",
        "Content-Type": "application/json",
        "Date": "Mon, 28 Nov 2022 09:14:25 GMT",
        "Expires": "-1",
        "Pragma": "no-cache",
        "Server": "nginx",
        "Strict-Transport-Security": "max-age=31536000; includeSubDomains",
        "X-Content-Type-Options": "nosniff",
        "x-ms-correlation-request-id": "189d705d-ffd6-4637-8125-750612ff066c",
        "x-ms-ratelimit-remaining-subscription-reads": "11998",
        "x-ms-request-id": "9b4c77cc-2d2f-4e81-8db5-08001f450145",
        "x-ms-routing-request-id": "SOUTHEASTASIA:20221128T091426Z:189d705d-ffd6-4637-8125-750612ff066c"
      },
      "ResponseBody": {
        "name": "ff1249a0-e00c-8442-a87a-37c9f0866607",
        "status": "InProgress",
        "startTime": "2022-11-28T09:10:34.0655545Z"
      }
    },
    {
      "RequestUri": "https://management.azure.com/subscriptions/db1ab6f0-4769-4b27-930e-01e2ef9c123c/providers/Microsoft.ContainerService/locations/eastus/operations/a04912ff-0ce0-4284-a87a-37c9f0866607?api-version=2017-08-31",
      "RequestMethod": "GET",
      "RequestHeaders": {
        "Authorization": "Sanitized",
        "traceparent": "00-f3090e91c842344eacda661fd1944b55-310b2ca2c2f6144c-00",
        "User-Agent": "azsdk-net-ResourceManager/1.3.2 (.NET Framework 4.8.4515.0; Microsoft Windows 10.0.19045 )",
        "x-ms-client-request-id": "433fc13a659decd709d1c16787f63514",
        "x-ms-return-client-request-id": "true"
      },
      "RequestBody": null,
      "StatusCode": 200,
      "ResponseHeaders": {
        "Cache-Control": "no-cache",
        "Content-Length": "126",
        "Content-Type": "application/json",
        "Date": "Mon, 28 Nov 2022 09:14:58 GMT",
        "Expires": "-1",
        "Pragma": "no-cache",
        "Server": "nginx",
        "Strict-Transport-Security": "max-age=31536000; includeSubDomains",
        "X-Content-Type-Options": "nosniff",
        "x-ms-correlation-request-id": "abb1cf77-8682-4185-ab3c-78b288231995",
        "x-ms-ratelimit-remaining-subscription-reads": "11997",
        "x-ms-request-id": "5e4a7330-ba97-441e-b09c-4bde3cb9c514",
        "x-ms-routing-request-id": "SOUTHEASTASIA:20221128T091458Z:abb1cf77-8682-4185-ab3c-78b288231995"
      },
      "ResponseBody": {
        "name": "ff1249a0-e00c-8442-a87a-37c9f0866607",
        "status": "InProgress",
        "startTime": "2022-11-28T09:10:34.0655545Z"
      }
    },
    {
      "RequestUri": "https://management.azure.com/subscriptions/db1ab6f0-4769-4b27-930e-01e2ef9c123c/providers/Microsoft.ContainerService/locations/eastus/operations/a04912ff-0ce0-4284-a87a-37c9f0866607?api-version=2017-08-31",
      "RequestMethod": "GET",
      "RequestHeaders": {
        "Authorization": "Sanitized",
        "traceparent": "00-f3090e91c842344eacda661fd1944b55-7089496385882a45-00",
        "User-Agent": "azsdk-net-ResourceManager/1.3.2 (.NET Framework 4.8.4515.0; Microsoft Windows 10.0.19045 )",
        "x-ms-client-request-id": "eb04e0c57a9432c4fb25df96ede4cd6e",
        "x-ms-return-client-request-id": "true"
      },
      "RequestBody": null,
      "StatusCode": 200,
      "ResponseHeaders": {
        "Cache-Control": "no-cache",
        "Content-Length": "126",
        "Content-Type": "application/json",
        "Date": "Mon, 28 Nov 2022 09:15:29 GMT",
        "Expires": "-1",
        "Pragma": "no-cache",
        "Server": "nginx",
        "Strict-Transport-Security": "max-age=31536000; includeSubDomains",
        "X-Content-Type-Options": "nosniff",
        "x-ms-correlation-request-id": "5c47d07a-2c71-4b3b-a7b2-baecc442dede",
        "x-ms-ratelimit-remaining-subscription-reads": "11996",
        "x-ms-request-id": "53b9207c-53f4-42f8-a537-0b0e3e768325",
        "x-ms-routing-request-id": "SOUTHEASTASIA:20221128T091530Z:5c47d07a-2c71-4b3b-a7b2-baecc442dede"
      },
      "ResponseBody": {
        "name": "ff1249a0-e00c-8442-a87a-37c9f0866607",
        "status": "InProgress",
        "startTime": "2022-11-28T09:10:34.0655545Z"
      }
    },
    {
      "RequestUri": "https://management.azure.com/subscriptions/db1ab6f0-4769-4b27-930e-01e2ef9c123c/providers/Microsoft.ContainerService/locations/eastus/operations/a04912ff-0ce0-4284-a87a-37c9f0866607?api-version=2017-08-31",
      "RequestMethod": "GET",
      "RequestHeaders": {
        "Authorization": "Sanitized",
        "traceparent": "00-f3090e91c842344eacda661fd1944b55-ee93e3f141dda14f-00",
        "User-Agent": "azsdk-net-ResourceManager/1.3.2 (.NET Framework 4.8.4515.0; Microsoft Windows 10.0.19045 )",
        "x-ms-client-request-id": "7d0cc3b311e75eaf968605b290fe8b94",
        "x-ms-return-client-request-id": "true"
      },
      "RequestBody": null,
      "StatusCode": 200,
      "ResponseHeaders": {
        "Cache-Control": "no-cache",
        "Content-Length": "169",
        "Content-Type": "application/json",
        "Date": "Mon, 28 Nov 2022 09:16:02 GMT",
        "Expires": "-1",
        "Pragma": "no-cache",
        "Server": "nginx",
        "Strict-Transport-Security": "max-age=31536000; includeSubDomains",
        "X-Content-Type-Options": "nosniff",
        "x-ms-correlation-request-id": "c9700183-4b76-4733-8258-1d5be727a45c",
        "x-ms-ratelimit-remaining-subscription-reads": "11995",
        "x-ms-request-id": "c2aa8ee2-2a9a-44e1-986a-20d4f205d10a",
        "x-ms-routing-request-id": "SOUTHEASTASIA:20221128T091603Z:c9700183-4b76-4733-8258-1d5be727a45c"
      },
      "ResponseBody": {
        "name": "ff1249a0-e00c-8442-a87a-37c9f0866607",
        "status": "Succeeded",
        "startTime": "2022-11-28T09:10:34.0655545Z",
        "endTime": "2022-11-28T09:15:37.440056Z"
      }
    },
    {
      "RequestUri": "https://management.azure.com/subscriptions/db1ab6f0-4769-4b27-930e-01e2ef9c123c/resourceGroups/testaksrg7977/providers/Microsoft.ContainerService/managedClusters/akscluster3007?api-version=2022-09-01",
      "RequestMethod": "GET",
      "RequestHeaders": {
        "Authorization": "Sanitized",
        "traceparent": "00-f3090e91c842344eacda661fd1944b55-fdaa20db11b79642-00",
        "User-Agent": "azsdk-net-ResourceManager/1.3.2 (.NET Framework 4.8.4515.0; Microsoft Windows 10.0.19045 )",
        "x-ms-client-request-id": "34f800b45881c042fd0d47788641ff24",
        "x-ms-return-client-request-id": "true"
      },
      "RequestBody": null,
      "StatusCode": 200,
      "ResponseHeaders": {
        "Cache-Control": "no-cache",
        "Content-Length": "3019",
        "Content-Type": "application/json",
        "Date": "Mon, 28 Nov 2022 09:16:04 GMT",
        "Expires": "-1",
        "Pragma": "no-cache",
        "Server": "nginx",
        "Strict-Transport-Security": "max-age=31536000; includeSubDomains",
        "X-Content-Type-Options": "nosniff",
        "x-ms-correlation-request-id": "fd74d624-ed4a-4fce-ac73-a465cad09806",
        "x-ms-ratelimit-remaining-subscription-reads": "11994",
        "x-ms-request-id": "320cee86-9a15-4db4-9927-4bfeecc27f86",
        "x-ms-routing-request-id": "SOUTHEASTASIA:20221128T091604Z:fd74d624-ed4a-4fce-ac73-a465cad09806"
      },
      "ResponseBody": {
        "id": "/subscriptions/db1ab6f0-4769-4b27-930e-01e2ef9c123c/resourcegroups/testaksrg7977/providers/Microsoft.ContainerService/managedClusters/akscluster3007",
        "location": "eastus",
        "name": "akscluster3007",
        "type": "Microsoft.ContainerService/ManagedClusters",
        "properties": {
          "provisioningState": "Succeeded",
          "powerState": {
            "code": "Running"
          },
          "kubernetesVersion": "1.23.12",
          "currentKubernetesVersion": "1.23.12",
          "dnsPrefix": "aksdotnetsdk",
          "fqdn": "aksdotnetsdk-535b183a.hcp.eastus.azmk8s.io",
          "azurePortalFQDN": "aksdotnetsdk-535b183a.portal.hcp.eastus.azmk8s.io",
          "agentPoolProfiles": [
            {
              "name": "aksagent",
              "count": 1,
              "vmSize": "Standard_D2s_v3",
              "osDiskSizeGB": 128,
              "osDiskType": "Managed",
              "kubeletDiskType": "OS",
              "maxPods": 110,
              "type": "VirtualMachineScaleSets",
              "provisioningState": "Succeeded",
              "powerState": {
                "code": "Running"
              },
              "orchestratorVersion": "1.23.12",
              "currentOrchestratorVersion": "1.23.12",
              "mode": "System",
              "osType": "Linux",
              "osSKU": "Ubuntu",
              "nodeImageVersion": "AKSUbuntu-1804gen2containerd-2022.11.02",
              "enableFIPS": false
            }
          ],
          "servicePrincipalProfile": {
            "clientId": "msi"
          },
          "nodeResourceGroup": "MC_testaksrg7977_akscluster3007_eastus",
          "enableRBAC": true,
          "networkProfile": {
            "networkPlugin": "kubenet",
            "loadBalancerSku": "Standard",
            "loadBalancerProfile": {
              "managedOutboundIPs": {
                "count": 1
              },
              "effectiveOutboundIPs": [
                {
                  "id": "/subscriptions/db1ab6f0-4769-4b27-930e-01e2ef9c123c/resourceGroups/MC_testaksrg7977_akscluster3007_eastus/providers/Microsoft.Network/publicIPAddresses/70d22d5c-f54f-47ac-843a-370458a63d15"
                }
              ]
            },
            "podCidr": "10.244.0.0/16",
            "serviceCidr": "10.0.0.0/16",
            "dnsServiceIP": "10.0.0.10",
            "dockerBridgeCidr": "172.17.0.1/16",
            "outboundType": "loadBalancer",
            "podCidrs": [
              "10.244.0.0/16"
            ],
            "serviceCidrs": [
              "10.0.0.0/16"
            ],
            "ipFamilies": [
              "IPv4"
            ]
          },
          "maxAgentPools": 100,
          "identityProfile": {
            "kubeletidentity": {
              "resourceId": "/subscriptions/db1ab6f0-4769-4b27-930e-01e2ef9c123c/resourcegroups/MC_testaksrg7977_akscluster3007_eastus/providers/Microsoft.ManagedIdentity/userAssignedIdentities/akscluster3007-agentpool",
              "clientId": "81da7590-ac8e-4d70-85c0-ffbf42bbd58d",
              "objectId": "08daf975-eefb-400d-a4c5-59805ad028b3"
            }
          },
          "securityProfile": {},
          "storageProfile": {
            "diskCSIDriver": {
              "enabled": true
            },
            "fileCSIDriver": {
              "enabled": true
            },
            "snapshotController": {
              "enabled": true
            }
          },
          "oidcIssuerProfile": {
            "enabled": false
          }
        },
        "identity": {
          "type": "SystemAssigned",
          "principalId": "df0b0215-0f37-437e-a22a-b5afcf614c5f",
          "tenantId": "72f988bf-86f1-41af-91ab-2d7cd011db47"
        },
        "sku": {
          "name": "Basic",
          "tier": "Free"
        }
      }
    },
    {
      "RequestUri": "https://management.azure.com/subscriptions/db1ab6f0-4769-4b27-930e-01e2ef9c123c/resourceGroups/testaksrg7977/providers/Microsoft.ContainerService/managedClusters/akscluster3007/listClusterAdminCredential?api-version=2022-09-01",
      "RequestMethod": "POST",
      "RequestHeaders": {
        "Accept": "application/json",
        "Authorization": "Sanitized",
        "Content-Length": "0",
        "traceparent": "00-67cde212b6b8cf48a587a4b088f97024-4362dc4b1b349d46-00",
        "User-Agent": "azsdk-net-ResourceManager.ContainerService/1.1.0-alpha.20221128.1 (.NET Framework 4.8.4515.0; Microsoft Windows 10.0.19045 )",
        "x-ms-client-request-id": "c3b35303b8e9b32c30a6540e7411a2fd",
        "x-ms-return-client-request-id": "true"
      },
      "RequestBody": null,
      "StatusCode": 200,
      "ResponseHeaders": {
        "Cache-Control": "no-cache",
        "Content-Length": "13045",
        "Content-Type": "application/json",
        "Date": "Mon, 28 Nov 2022 09:16:04 GMT",
        "Expires": "-1",
        "Pragma": "no-cache",
        "Server": "nginx",
        "Strict-Transport-Security": "max-age=31536000; includeSubDomains",
        "X-Content-Type-Options": "nosniff",
        "x-ms-correlation-request-id": "489d7369-b148-4044-ac3c-68a4ec1c6071",
        "x-ms-ratelimit-remaining-subscription-writes": "1199",
        "x-ms-request-id": "f0e8221c-425e-44f4-b33f-be912b905a5c",
        "x-ms-routing-request-id": "SOUTHEASTASIA:20221128T091605Z:489d7369-b148-4044-ac3c-68a4ec1c6071"
      },
      "ResponseBody": {
        "kubeconfigs": [
          {
            "name": "clusterAdmin",
            "value": "YXBpVmVyc2lvbjogdjEKY2x1c3RlcnM6Ci0gY2x1c3RlcjoKICAgIGNlcnRpZmljYXRlLWF1dGhvcml0eS1kYXRhOiBMUzB0TFMxQ1JVZEpUaUJEUlZKVVNVWkpRMEZVUlMwdExTMHRDazFKU1VVMlJFTkRRWFJEWjBGM1NVSkJaMGxSV214WGJsbHJUazF6UnpaSWFFaHRWRmszVG5KMlJFRk9RbWRyY1docmFVYzVkekJDUVZGelJrRkVRVTRLVFZGemQwTlJXVVJXVVZGRVJYZEthbGxVUVdkR2R6QjVUV3BGZUUxcVozZFBWRUY0VFdwT1lVZEJPSGxOUkZWNVRWUkZlVTlFUVRWTlZFVjVUVEZ2ZHdwRVZFVk1UVUZyUjBFeFZVVkJlRTFEV1RKRmQyZG5TV2xOUVRCSFExTnhSMU5KWWpORVVVVkNRVkZWUVVFMFNVTkVkMEYzWjJkSlMwRnZTVU5CVVVNckNrWlpXVnB1TkVrMWVtZHBjbU5JZFRWaWVDc3ZkMllyV1RaSVozcGpaMlEwVkV4a1V5dDRlaTk1Y21OUGVGTlBiMUZWUWxWTlYyWnBRelpKUVZORVJrUUtSVEpDUTFabVRXeHNOeTlDTm5WMUsyZGxWVmhHUTAxTGVrSlVMMnhEV1dRclVWbGpSa2gwV1Uxb1ZrOUxaMVJQWVdoSmVIb3JRWEYzWmpGVlIzbDJXUXBSTTJoVEwxRkVVRk5oVlROTVRsSlNhbXhZYW5GRlZsbDZVbEYwTWpKUlZFNVBSekJVTkdkbU1ubDVhamxOTjFock5FVlpia1pMWkhwemJqUk9VRkJrQ214WFMxbFpPREU1TjBOSlZtbzVPVXN6TW5GRVZHZHVWSFF6TlM4M2JYRm1WU3RHTTFBd1RGaFVlSHBpZFZReFJFRlZjVmxsVVZsMk56ZE1WakozUWprS0syNUhNRk5IUTNWaFNVUTBkWEpRTTBOSVJGTTNNVkYyVjBkWmNFRTBaVkpxTm5KWE9FcEtOMUpxU2sxd1p6SnNZVUpCTVhWQk1HWjZSM1YwYm14NmFncEtTek5XZVZoR2FISk9OV1JJVjBKdFRFMHhUbkp5U1hKVVVrRXliblUxUkRWbE5ub3ZTMVpKYkN0NGVGRTVZa1JPVkVGcU0waEZVMlpMWVd4clVqaHpDblU0TnpKWVpYaHpOSHBPTmpSemF6UXJabXBHVVZCcWRYQk5aMUpzTmpCRUszQXJSRXhtWVRoT2RFVmxXbVpSTTI1NGExb3hPSGhFUlM5WVFqbEVjRmNLVTBoeVdsTk1MMFJ3WmxSNGExcEpUelprTDBGSk5WZ3dORzVDWnpORVpqZHFRelE0Y25rMlRXNHlWSHBWSzJ0RFpuSklRMU5CWVV4dlNESkJlVWhFZHdwVVkyRTBURXB2VTB3dlRIZFRjVVJFUlhGek0yZGpia2xEVkZoSVQzYzVZMmxqZGpaRmNFcGtlamRYYjNGR1FWTm9LMlJIVERaU2VVUXdRamMxYUdWNUNqRXJLME5HUVdKYVFYQlpkSFE1TUdkVVNUQnVXWFp5VldocGJ6aFRVMG80TUcwMFZrbzRObFI1T1dGbFNHMTRlaTlNUTFSUGRtZERUV3N5WlV4alZVd0tja2hhSzB0elVVOWtNSEl4TkRKdGJUaEVPVFppTmtwb1FsWkNlamhuVUhaSllUbHhXVmM1VFhWM1NVUkJVVUZDYnpCSmQxRkVRVTlDWjA1V1NGRTRRZ3BCWmpoRlFrRk5RMEZ4VVhkRWQxbEVWbEl3VkVGUlNDOUNRVlYzUVhkRlFpOTZRV1JDWjA1V1NGRTBSVVpuVVZWQlRISnZLMWR6ZWpGQmJuZFZSRmg0Q2sxT1ltRmFjM0p5TTFKemQwUlJXVXBMYjFwSmFIWmpUa0ZSUlV4Q1VVRkVaMmRKUWtGR2EzcE9aWE55Wm00eVVVRnVOR1U0U25wSlpYTnJSRlJJVVZBS2FEbFhTMDFsTlVkV2MwdFJNRFZqUlRsWWNqWmpSMDF3VEV0UGF6aFhlbnBuTlRsVllsTjFRa3hHWWpkYVZuTm9UelpDV0hFeE5IUkhSMmh5YXpsR2VBcDRRaTlFUm1kS2FsUTVjbXhQYzJ4eVduSmtNVXhZVFZvMlRqbFdjVlpyYjBONFR6QjBhRUoxVUZwc1IyY3JMM0pVY1M5RldWWTFkVWhTTTFObmMzVXlDbVUyWVZGTlpEZGplR1JNTTNOa01UQkhWazVHY0dSVFVVbDVOVGRDT1hVNFFXRktaMjVxUTNKNFJ6UlpWMk5OYW1ZM05FOWFibklyUkRkUVZqSkhla2NLYkZoQ1oxSjNZMnQzT0ZsSFZYVnliRmxVZFU0d2JVWkhOMm81VW5oelltTm5hMHhETDFWVmVFZDJORlo2Tmtod2QxWjBXV0pVWVRsSFQwaEhjME5KTlFvNE9HUTFNVmN3SzFCbksyVllPWGRMTlV3NVRHZFhjV2RETTNCQ2RFMVFabU1yU3pRMFJrTTJiVlZsZVdoQlkyZE5RMncxUmxGTlNuRTBjMVpKVG01SUNuQklZMHQ1TUVkbWJEQnZOM1lyVHpCMFZVeGlOSEk1YWtreVdVTkZUWEZEZEdwbE5HZFVhbTVIUWtGNFJERXhjVmxqVkdsR1RIRjVjVlJvUjBGRmFHMEtUWEIzY1VOSFQydHhiMGx2Y214bU9VNXVRbWxUZDFsekwyVkVVRUpDVmpSWlJFSlJka1pVVm1WTk5URnRWamxJV1VwTk1WTTVOVFJJTW1ONGEyUnNWd3BHUmxoNWVuQkxlbmhsTTIxWU0wZFFhMGxhZDBKdGVqa3ljSEZ3YjFKS00yRkplVFV4Y0VSMGIzRmFTelJDVUhGV2JtMXZTRkZqUVc1dGNsRnBWVFJrQ25wdFpXOVZNMFZuVGpoWk5EQTRWakJTYUc4MU1YRjRia1JOVDIxUk9GRnZibXBFZHpCaFZtTTNSVTVJWlhkUWJISk5iMEZVVVhWTGNETldkV0pPT1hJS1ZGcFpORkkyVld0SVQxRkpkMk5LZVdSMFFXbEJiRWN5VW1JM1owOXdUR3N5UVdSRVNXbFBaelJVZDBOWlpXNWljMkp1ZEdGclZXOXFja0U0UlRsSk9RbzFNbVkwTmxrNFZrSlRSVVZxSzJJeUNpMHRMUzB0UlU1RUlFTkZVbFJKUmtsRFFWUkZMUzB0TFMwSwogICAgc2VydmVyOiBodHRwczovL2Frc2RvdG5ldHNkay01MzViMTgzYS5oY3AuZWFzdHVzLmF6bWs4cy5pbzo0NDMKICBuYW1lOiBha3NjbHVzdGVyMzAwNwpjb250ZXh0czoKLSBjb250ZXh0OgogICAgY2x1c3RlcjogYWtzY2x1c3RlcjMwMDcKICAgIHVzZXI6IGNsdXN0ZXJBZG1pbl90ZXN0YWtzcmc3OTc3X2Frc2NsdXN0ZXIzMDA3CiAgbmFtZTogYWtzY2x1c3RlcjMwMDcKY3VycmVudC1jb250ZXh0OiBha3NjbHVzdGVyMzAwNwpraW5kOiBDb25maWcKcHJlZmVyZW5jZXM6IHt9CnVzZXJzOgotIG5hbWU6IGNsdXN0ZXJBZG1pbl90ZXN0YWtzcmc3OTc3X2Frc2NsdXN0ZXIzMDA3CiAgdXNlcjoKICAgIGNsaWVudC1jZXJ0aWZpY2F0ZS1kYXRhOiBMUzB0TFMxQ1JVZEpUaUJEUlZKVVNVWkpRMEZVUlMwdExTMHRDazFKU1VaSVZFTkRRWGRYWjBGM1NVSkJaMGxSV1c5SVlUQkdSVkpWYmpOSWVqUnhjbmh4UjFJNGFrRk9RbWRyY1docmFVYzVkekJDUVZGelJrRkVRVTRLVFZGemQwTlJXVVJXVVZGRVJYZEthbGxVUVdWR2R6QjVUV3BGZUUxcVozZFBWRUY0VFdwT1lVWjNNSGxPUkVWNFRXcG5kMDlVUlhoTmFrNWhUVVJCZUFwR2VrRldRbWRPVmtKQmIxUkViazQxWXpOU2JHSlVjSFJaV0U0d1dsaEtlazFTVlhkRmQxbEVWbEZSUkVWM2VIUlpXRTR3V2xoS2FtSkhiR3hpYmxGM0NtZG5TV2xOUVRCSFExTnhSMU5KWWpORVVVVkNRVkZWUVVFMFNVTkVkMEYzWjJkSlMwRnZTVU5CVVVNMVIyWXpNMmRFUWpKMFkwdGxkMUkzT1U5VWJsRUtTbXgyZEdoemJHcHJha2hCYUhCaGRUSkRjRmx1TVVNemF6UjVPVGhITDJkUVIxTnJUMUZ1VjB0T1puZHJiVlJaY2pkdlQyVnVXSE5RWjBGRlRIVldUUXAzWjA5RllUQmtabmxpYm5ka1QyMXJOMUI2WkZSa0sydEljVmxpVDNWblkwSlBXRTVXYVRRd1prRmhhMEZIZURSVVJYUnVhM1ZaTkVSck5FNUtNVTlxQ25aaVlYSTVUblo1ZUhwbk0wTkNTVFoyWm1kdVdYQmxXRWRFYVVSTllrd3dTbEZaWm0xeVR6Z3ljbFF6YnpOdEwwSmFlVGhpVDBaNVJGWjJaRUY0VUVrS1dqRTViMWhHYmpkMVVsVjNSVlV2ZEhrcmJUWk5ZeloyVkM5NVNIbEJXa1poUVdSbE5uVm9iMGxWTWxabGRFOVhNRUphTWxKM1MwVkxTSE40VUc1WFZRbzFTazVpVmxndmF6TkVZV3N6YWs4eFpXWlpUMEp1V0dORVJ6Wm1VR2xzY1M5aGJtRjNNVWxGVTBKVGJFeENUME4zZFhsSGJUbFpTMGh2SzFkdFIwNUNDbFYwVERSTlRFTTVSVU5sTmtKTldVdFVaRXRVVjI1MllVNTBXa0pWTkhWaVRFNXBNM0YwVFdGdFNsZE9hWEpWSzNZd2VITnFXUzgwVVhGc1ZWSnBhRGtLUnpSWlRERnRhVFJUZWxCcUsyWTBTM056U25Fdll6ZFhZelZLZG1OWlZtcGxRVFYwVFN0MU1XVmtURFJOTTFsWlNVSnZTVXRhUXpNeFVYaEhkVEV3Y0FvMWNUVm1lV1pCVld3dlMxbFpSa3hFWmpOU2FIWkplalpOWkc1UFNIcFRUMjlNTW1GaVNUUm9OVFpXWXpOU1MxVnFTbmxWVFV4cWEwTjNRamxPV25OcUNrSnpjM0UxVDNaaU1rUmFlVVpNV2t0Wk5XbEJielJwY205Wk9GTmphM1Z1VkhGSE1WWkJlVVZFTTNSR1kxSkNZaTkyZW1GR1dGZFdWbXBOUkdOdE5qa0tUMjlKWlhCeE1YWnhTV3g2UWs5Nk5FUnBiaTlhTjNGRGRYRTBPVmRHU1VoaFRVcFhTa1owU0ZKUldIZERWVkJRVFdzeE4xWjJjMWwwYWxoV1NXOU9Vd3B6VGpWeE9XYzJhbTFJUm1GQ1RWa3hVVGw1ZVVKUlNVUkJVVUZDYnpGWmQxWkVRVTlDWjA1V1NGRTRRa0ZtT0VWQ1FVMURRbUZCZDBWM1dVUldVakJzQ2tKQmQzZERaMWxKUzNkWlFrSlJWVWhCZDBsM1JFRlpSRlpTTUZSQlVVZ3ZRa0ZKZDBGRVFXWkNaMDVXU0ZOTlJVZEVRVmRuUWxGQmRYVnFOV0Y2VUZVS1EyWkNVVTVtUlhjeGRIQnRlWFYyWkVkNlFVNUNaMnR4YUd0cFJ6bDNNRUpCVVhOR1FVRlBRMEZuUlVGclZVNTFhRVoxT0VkeldHbE1SbFIyYURSR1FncElVWE00WkdoWlNITXlORmxVZG5RNE0zazBXRkEyY0hGVmVWSllZbnBvWTBwT05HMDBkV0pOUTJSQmQwcFhaRkZZV2xWU2NWbHVOMHQwWjNoSWFHOTJDa2dyUjAweVRsSkVhRzV0VTNkNGRVeGFVbWxDT0dGUFYyNWhZekZMVVhOTFNEaHpaMU13UVdwbFYwdDNZVmhTYzAxM01IZHpRbFJwZHpCRU9VbGhiRFFLTVVVNVpYZHJVbkZLU0VJNGIwbEROVlp4VVRoWVVsQndNMWswWVZoWGRESktNVUZHUkU1ek4zUmFTRXd6YVd0U1ZEQmpNbmgyWlhWNmJWUm5WMFJuY3dwaGFFSllZM3BVYTJkTlQydExSMnhyUzFCbEsxaGlaR2RoY1ZaWE5VVTNPVkpNVG5SVVZ5OXZXRTl3YjBGcE1EaEJTSHBXZGpWNmFHZHNTazFuWWxGUUNqbHhWV1JIWmt0VVZsVkdVbVpZUlRsbWFVVXZZVXRtVjNKc1RIRnhlWGt5VHpsbllYTlRTV1ZHTW01RE5rUndPWEU0YTJocGF6WkVkRTlVTXpWdmQyb0tlak5hU0dwdmNtcENOMHgxYjJGbU5UVndSR2hKYVZoRWMwUkxaQ3R0WW1seFZEQnRTa3RxVW1zMEwyaHlWaXRPV0V4dmIwMHJLM05EUzNsek5GRlRZZ292Y1VsWVlYbHlVbE5NVlc1NmMwbExUbWxLWmtwNlEzcExURUpJYmtaSlpERXdXWEpGT1ZKSlpEWkhhV3QzWkVremRYaHNPRFZsTjFCS2VXeHNkR2swQ25GSVltaElUeloyYWpkWmIyZ3pabHBWVGs1V2FrUnpabWN2T0RoUVRFSlJUV295ZFZSVVNVbG9iSEZyU0Zsc1lWUXZSamwxY1RGMlQxcFpXRmRYWjFrS2NsWXpOemhHY1RCWVZVTmxhelJqYjJGSlZFaE9iMmR6V0RSbWJGWkZiU3R1VldKTFYzVnNSMnh6V2tGVE5sVnRkVFEyT0UxS0wybHRRMGswV0U5WVRncFZVblZPZVhKMlVTdFVNbGx1VVdKMGNVTXpiMGh0Y1RkNlowOU9SSFo2VTBFMmNEZGllVVIyYWs0eE0yRXpNamhqVlRWM1JERXlMMUYyVWs5YU5XZE9DbkY1U1hnMmJDOUhjRFJXU2podk5VMVRSbXh6YTNwWlBRb3RMUzB0TFVWT1JDQkRSVkpVU1VaSlEwRlVSUzB0TFMwdENnPT0KICAgIGNsaWVudC1rZXktZGF0YTogTFMwdExTMUNSVWRKVGlCU1UwRWdVRkpKVmtGVVJTQkxSVmt0TFMwdExRcE5TVWxLUzFGSlFrRkJTME5CWjBWQmRWSnVPVGswUVhka2NsaERibk5GWlM5VWF6VXdRMXBpTjFsaVNsazFTWGgzU1dGWGNuUm5jVmRLT1ZGME5VOU5DblptUW5ZMFJIaHJjRVJyU2pGcGFsZzRTa3ByTWtzck5rUnVjREUzUkRSQlFrTTNiRlJOU1VSb1IzUklXRGh0TlRoSVZIQndUM280TTFVelpuQkNObTBLUjNweWIwaEJWR3g2VmxsMVRraDNSM0JCUW5ObFJYaE1XalZNYlU5Qk5VOUVVMlJVYnpjeU1uRXZWR0k0YzJNMFRuZG5VMDl5TXpSS01rdFliSGhuTkFwbmVrZDVPVU5WUjBnMWNYcDJUbkV3T1RaT05YWjNWMk4yUjNwb1kyY3hZak5SVFZSNVIyUm1ZVVo0V2lzM2ExWk5Ra1pRTjJOMmNIVnFTRTl5TUM4NENtZzRaMGRTVjJkSVdIVnliMkZEUms1c1dISlViSFJCVjJSclkwTm9RMmczVFZRMU1XeFBVMVJYTVZZdk5VNTNNbkJPTkhwMFdHNHlSR2RhTVROQmVIVUtibm8wY0dGMk1uQXljMDVUUWtWblZYQlRkMVJuYzB4emFIQjJWME5vTmxCc2NHaHFVVlpNVXl0RVEzZDJVa0Z1ZFdkVVIwTnJNMU5yTVhBM01tcGlWd3BSVms5TWJYbDZXWFEyY2xSSGNHbFdhbGx4TVZCeU9VMWlTVEpRSzBWTGNGWkZXVzltVW5WSFF6bGFiM1ZGYzNvMEwyNHJRM0pNUTJGMk0wOHhiazlUQ21JelIwWlpNMmRQWWxSUWNuUllibE1yUkU0eVIwTkJZVU5EYlZGME9WVk5VbkowWkV0bFlYVllPRzUzUmtwbWVXMUhRbE4zTXprd1dXSjVUU3RxU0ZvS2VtZzRNR3B4UXpsdGJYbFBTV1ZsYkZoT01GTnNTWGxqYkVSRE5EVkJjMEZtVkZkaVNYZGlURXQxVkhJeU9XY3lZMmhUTWxOdFQxbG5TMDlKY1RaSFVBcEZia3BNY0RBMmFIUldVVTFvUVRrM1VsaEZVVmN2TnpneWFGWXhiRlpaZWtFelNuVjJWSEZEU0hGaGRHSTJhVXBqZDFSekswRTBjQzh5WlRabmNuRjFDbEJXYUZOQ01tcERWbWxTWWxJd1ZVWTRRV3hFZW5wS1RtVXhZamRIVEZreE1WTkxSRlZ5UkdWaGRsbFBielZvZUZkblZFZE9WVkJqYzJkVlEwRjNSVUVLUVZGTFEwRm5SVUYwVWs5dlZIbGpiMUZtYTNSdGQwSjRkMGRpY2tZMlZuVTJURFpwTlV4V2RqRnNabFJ6VG1adVJsTjBSbGN4UlUxeVowMDBZbkpUYkFvdk9FZE5lbVZVUnpKeFJtSTFiRFpEVGxGbE0zUktVWGxxSzFWUmFrUmhRVWRzY1ZsVFEzbG1jVmwxTVhoYVNGSkVUek5TYVd0M2VGVjRTV1JZYzNWeUNuY3lVVGRpZW5sc1oyMXhibk5yWkhkMlRFbEpXbGMwV2tSUFZXSXZWMHh4UVU4MVdTOVFaa2hHYnpkbGVHNW9keXR3WVVsc1ZtTnpZMkYwT0RGVWIya0tPREptZW5wU2VHNVVTbkYyZW5nNEsxcFdXbVZrWVZJM05sbHVTa2xLVGk4d2FXZEhTSGx5UVdZelZuZExPRVF2ZEZKYWEybDZlRVZZZEVKbE1HbGphUXBxYzJobE9IWTRhRlp6YjBKck9XVmtTV0ptTVhwcVQwd3dTRU0xZEdnMmJIbFJUM0pUWTJacU4xRlZlWE5MV0U4dk5HeDVXWGRKUjJSbFNIQjNja1JGQ2t0VE5VdFlZMWhzTjBjNWFEVjBiWEJoVlZkd04yUjRXSFUwY2pSRVNsTm1jR0ZPV1c1VVRrbDJRM0E0V0VaMFQyZzNhRmRxWkRONVNFMTJXVVlyUkRVS1ZYWnhRVkkwWkVVek5XdElNVXBzY1hRekswRmlTRVZWZW5sb1oybFRVVkJPYkN0Sk9WRkNWQ3N2YlRobloweFFaSFZuU0UxTFRGZ3ZiR1JHYTIxYVR3cHhOMnAyV1Zsc1NIZDFaWFZCUzI5d1pWUkVZM3BPZUcxMmRuSkVNVFJwZDBkSlFVSjRUemxpUzNSc0t6Z3JiRkJ3VVhsbmRUSk1XV1JrYlhkMlVWbHVDa1FyVUdNclpraGhTVWR4U0U5UGRUZzRVM2t2YmsxVWJsRmxiSEJRUTI1SFkyMUZNRUYyYzNOTE9YVnRhV3d5WldWQ1l6bEtUSEpCVFcxclZYTkRWR2tLTDJkaVQwcElTRUZzYTFSYVFVUTBhVms0VERaR2RVMTRVVnBTUmpkMFZqa3lSRFJyVDNOdVIyMWhRMnBzVGtsNEwxSjRNVVZLTVRWSE1HRTRUamx0YVFwTVVsVlBlUzgyYTB0VVUyUlFSVlU1ZG5WQmIydHpkSEpyTmxFclptRlRObXM1YzFCcU16SkVValpYVDBOemNVeFBRVVZEWjJkRlFrRlBaMjR3VWtsYUNpOXVjVFY2V25SM1JEQklMMmQzVm5ScGJYaFpVamswTkRWUVoxb3pVMUZrWjNOdlZWRXJNVTV0TDFwRVkzUTNWV0ZDY1VkVlZFcGtlV0pxZVRaNFlWSUtWVzExZUhGQmQyOUxNSE01WkdKaU9XTjBlR294SzJwU2IxbFVibnBvVldoVk1XbE5VbTlGTlZkVU5WTTFjVEJwZG5FeFJ6Wlpha2hJTVZobmFscDFjd3BqV0dGdmN5czNLMlJuYkc1V09FTlpPVk0xWTJaM2IyeGhabVIwTVRCaU5HY3dWVlI1VVdoelpFMW1lR1YwS3pFMlpESnhWMjVIYzJGd2JYcGFlRkZ0Q2tGT05rbFFZMnRrVTFRekwyWnZia2x6ZEV4VFRDOVJSemhQUzI5SU0wRmlWR2t5VjB0NlZFRlZVWGRVU2t4d1RuQXhiV2RJVFRSQk0wd3lPRzg1U1dRS1MweHVielJRTkdWUGRtWnphMnM0UlVWbVkyVjFTMGhDY0dOcVdIY3JOWFpqTlVObFNIQldWbTE1VWxsT2JHcHhUSGg2YXpCemVHWkpabE0zWWt0V1pRcGxWMFV6VG5KWVdGVjNhMnhYUjFWRFoyZEZRa0ZOZDJNNVpXNXFWMElyV1dsblRFTTBabWwwY2xabFRqY3pOVmRaYml0dVUwOTJTSGxFTUhCUFVHUnZDbUZHY0RjNWFtWnBVVmRPWjJWWmFreGhOWGRTUTFKeVRHWXJTa2h2WVV0dGRYRkVhRlV4TURaUEsyY3hRbElyZEU1eE5ucE9WR2d6U0U1S2JWY3dTbXdLYjFwc1FUTllUMjlqTTI5eVlWTXllWFZwV1dReU55OWlOelJHU0VsYUwwcGlOMDVLV1RGa0wybElPWEJsYkhsd1prSXhiVGx1UmxWU2FrOXVRVmx1YXdwUVZqaFJZVFZrTlRKdWJrVTFNa0U1VVZrMlMyeGtia0p0Um1STWRqVkpUM0JpY2tFMlVuVTFVRGR5WVRSdmNpOUtaWGRSVjJVdk1HeDZSbW95Uld4bUNuSkJSelkyUlhOQ1JsaDVSRzlxYm1aMlZXcFpPRTk2U0RKcmRWbzRPVXBTZFVGTVltcDFMMEZvZDNGV2NsaExWRlZTWlZWcGFYVmFhVXh1ZFZGRFNWb0tNVGszWVdoaVIxcG5ibGxXUkdFMFJqQlJVRFF2Y0VobWNqRlBkRmxEV1c5aE5XZDNjaXR3UW5sVFJVTm5aMFZCVGtKSGVVZzNaelo2YmxoaUszRXZkd3BxUTBoME1XZHlVMnREYUdkMmFWQlBibmxNVmpaaFRFRXdaV2R1YzBKTVNFWjZNMkpvYzFSdVRVbFFUblJHYXpaNFJVOW1ia3RyZEdKclFXcGhPRFpoQ201Nk5rTndNamxFUlhSR1JpOU5OeTk0YUhCcWNUTlBWa05RWnpGWVFXaHllbk5IZWxGVlVGbDBiVFpCVGtwQ1RXOHJkRUZrTldvcmRtUnNjWFZuUkZNS2IzQjBUMGxGUm5WU1JqWXdhelppSzJ4SFRreGtTSGxMYmt4VGNWVjZlRmxIVUhjNVZHVXlNRXhYV20wNFRGZ3lSblJGV2todWFrUnRlVmM1YW1Rd1J3cHlNbEZrYTI1UE1GQXZjWEZxVEZnNU1IbG9XVWhOU0ZSRlFVSjBXVzFDT0VSU1VrTkhXazFRU2s1bU0yWm1SRTVyWWxNNGJsbFRlWFpNWmxKMGN6QTJDamx3TlZZeGJXdFpVMjB2VjJjeGF6Sm5UWGc0UVc0NU1qQlJibFl6UkV0bFNVWkhNSEJ6Tm01clNHZ3lSM2xhTDB4REwxcFdNa2hSU1ZwRVRITlpPVUVLTjFnd01YcFJTME5CVVVWQmVIZ3hTbFk0ZVV3emRXRjZWekZaTld0d2JqWnBNM0pQYzNaUllWTnRWWEZaWW1kWGQyNU9RVTk2YjBNNGNVbFROSGhyTkFweFNGVnZiV2xYTWpaQ2VFZFJXR3hpVnpaYU9Vc3ljSGxxVW1KRFpVTlBhVFZVWTNwMFJqaEtRbEYxVmxVeWRpOUdaRVE0U0ZveEwwMTZNWFo1Y1M4NUNsWnhVMkZwYUZoalQyVnlUM2RET0ZKVFdTOVhXVlZZYTFSWlZ6a3ZNVVpQUjNRd1QyNVBOVXBSV0ZZM01qZHdWMk5ZVkhSeU1VdFVLeTlVVFhkSmQwTUtZMDRyUVhoM1ZqWjFhell2VDBKdUwxQnpiVXRNUkZaV2RuZFZTbGxvTkc4MlYwMHhkRVp4U3pVcmNHSnJhRmROYlVsWVMweEhia1ZLYW5aeE9UWkJjZ3BGWW1odWRsRldhVnBZYjJOTVUwRlpPVGM1VEdReFVqUnhXRVE1TUhsNVFtb3ZXRXh4WjFoRlEySnFRbmRTTmxwdWNXVnZjMHAwT1ZaemVtUjBkemhHQ210aFQyZEpTemxVTkhkbk0ySndOVVJNZFVodE9XUktaMmMyY1dKTlZ6ZFVaMUZMUTBGUlFYVnBUekYzVkVwcVJtaGhiWEF6TVhndlRWZGFiM1EyVTFvS2JreERWRGM1ZWtKSWR6ZzFOR1ZKTVdJeU1ERm5OWGhTYjNWU0wwcGxXa1prYlhvMFpreENjMnB0ZG5GU1drZGtkak5TTHk5MmRGQmFURFJSVUd3eFpncDFWMEoyVjNGTGRFaFNhRkZxVVdkUVZHWnRlblkxTkZSUVIxTk9ORFp0UzBONGVFNTNjWFYwZEZKMVNtOXdjR3hWVGtSNGJ6QkVSRGx3U3pKeGNIRk1DbXRPYVRaNlRETnVaRGd2TkZrNVkySjNWMmR2VjFKb2NFUmlSMGsxZFhSRlQwWmthMGs0WWpSV2QyRmtkV0pQYm5kUEwzSkdiMU40TVhOb1owTlNNWFlLTUdKbWVVZFROMGRTYTFKUE5qaFBOREZVUVd4MmRWbE5ZbGRpYlRCd1V6VlNRVTFMYUROM2QzQjFOVFZyYjBoc1dTdHRVVWhNWkVReWRVRnliMjF6VEFwNFYxTlpjSE5PUkcxRlpVRnNTRUZxUlVJeFpqUnRaVWhOVjJRMlVVSnRaSGhYYldGd1EwMTBPVVJKTVVsMGJYRlVkVXBpZEdSSFlXNWtRM0lLTFMwdExTMUZUa1FnVWxOQklGQlNTVlpCVkVVZ1MwVlpMUzB0TFMwSwogICAgdG9rZW46IGFkZDg4ZmVmNGUyZTM5YTk5ZmI4NjMyZDg3NTUxMTNiODJhNzg4YjRmYjU2YmEwZWZiODE0YmI0ZGJiZWViZjFkMjA0MjI0ZmVjOWI1MGJkZjM5MzFmMTI2NTdmNzNkN2M0ZDUwZTdkMWQwOWI3YzU4YmI1MmY3OGQyMTVjZGQ4Cg=="
          }
        ]
      }
    },
    {
      "RequestUri": "https://management.azure.com/subscriptions/db1ab6f0-4769-4b27-930e-01e2ef9c123c/resourceGroups/testaksrg7977/providers/Microsoft.ContainerService/managedClusters/akscluster3007/listClusterUserCredential?api-version=2022-09-01",
      "RequestMethod": "POST",
      "RequestHeaders": {
        "Accept": "application/json",
        "Authorization": "Sanitized",
        "Content-Length": "0",
        "traceparent": "00-630e8a5596ec254ea7dbc569257dc41c-ee975816207e1e45-00",
        "User-Agent": "azsdk-net-ResourceManager.ContainerService/1.1.0-alpha.20221128.1 (.NET Framework 4.8.4515.0; Microsoft Windows 10.0.19045 )",
        "x-ms-client-request-id": "ece14a9a98eb5bed804c7fdac937d854",
        "x-ms-return-client-request-id": "true"
      },
      "RequestBody": null,
      "StatusCode": 200,
      "ResponseHeaders": {
        "Cache-Control": "no-cache",
        "Content-Length": "13040",
        "Content-Type": "application/json",
        "Date": "Mon, 28 Nov 2022 09:16:05 GMT",
        "Expires": "-1",
        "Pragma": "no-cache",
        "Server": "nginx",
        "Strict-Transport-Security": "max-age=31536000; includeSubDomains",
        "X-Content-Type-Options": "nosniff",
        "x-ms-correlation-request-id": "fa35ba87-9b99-441c-8612-4264a7c71e3d",
        "x-ms-ratelimit-remaining-subscription-writes": "1198",
        "x-ms-request-id": "ac40bce5-9c5d-48e5-98af-af27c71c2f32",
        "x-ms-routing-request-id": "SOUTHEASTASIA:20221128T091605Z:fa35ba87-9b99-441c-8612-4264a7c71e3d"
      },
      "ResponseBody": {
        "kubeconfigs": [
          {
            "name": "clusterUser",
            "value": "YXBpVmVyc2lvbjogdjEKY2x1c3RlcnM6Ci0gY2x1c3RlcjoKICAgIGNlcnRpZmljYXRlLWF1dGhvcml0eS1kYXRhOiBMUzB0TFMxQ1JVZEpUaUJEUlZKVVNVWkpRMEZVUlMwdExTMHRDazFKU1VVMlJFTkRRWFJEWjBGM1NVSkJaMGxSV214WGJsbHJUazF6UnpaSWFFaHRWRmszVG5KMlJFRk9RbWRyY1docmFVYzVkekJDUVZGelJrRkVRVTRLVFZGemQwTlJXVVJXVVZGRVJYZEthbGxVUVdkR2R6QjVUV3BGZUUxcVozZFBWRUY0VFdwT1lVZEJPSGxOUkZWNVRWUkZlVTlFUVRWTlZFVjVUVEZ2ZHdwRVZFVk1UVUZyUjBFeFZVVkJlRTFEV1RKRmQyZG5TV2xOUVRCSFExTnhSMU5KWWpORVVVVkNRVkZWUVVFMFNVTkVkMEYzWjJkSlMwRnZTVU5CVVVNckNrWlpXVnB1TkVrMWVtZHBjbU5JZFRWaWVDc3ZkMllyV1RaSVozcGpaMlEwVkV4a1V5dDRlaTk1Y21OUGVGTlBiMUZWUWxWTlYyWnBRelpKUVZORVJrUUtSVEpDUTFabVRXeHNOeTlDTm5WMUsyZGxWVmhHUTAxTGVrSlVMMnhEV1dRclVWbGpSa2gwV1Uxb1ZrOUxaMVJQWVdoSmVIb3JRWEYzWmpGVlIzbDJXUXBSTTJoVEwxRkVVRk5oVlROTVRsSlNhbXhZYW5GRlZsbDZVbEYwTWpKUlZFNVBSekJVTkdkbU1ubDVhamxOTjFock5FVlpia1pMWkhwemJqUk9VRkJrQ214WFMxbFpPREU1TjBOSlZtbzVPVXN6TW5GRVZHZHVWSFF6TlM4M2JYRm1WU3RHTTFBd1RGaFVlSHBpZFZReFJFRlZjVmxsVVZsMk56ZE1WakozUWprS0syNUhNRk5IUTNWaFNVUTBkWEpRTTBOSVJGTTNNVkYyVjBkWmNFRTBaVkpxTm5KWE9FcEtOMUpxU2sxd1p6SnNZVUpCTVhWQk1HWjZSM1YwYm14NmFncEtTek5XZVZoR2FISk9OV1JJVjBKdFRFMHhUbkp5U1hKVVVrRXliblUxUkRWbE5ub3ZTMVpKYkN0NGVGRTVZa1JPVkVGcU0waEZVMlpMWVd4clVqaHpDblU0TnpKWVpYaHpOSHBPTmpSemF6UXJabXBHVVZCcWRYQk5aMUpzTmpCRUszQXJSRXhtWVRoT2RFVmxXbVpSTTI1NGExb3hPSGhFUlM5WVFqbEVjRmNLVTBoeVdsTk1MMFJ3WmxSNGExcEpUelprTDBGSk5WZ3dORzVDWnpORVpqZHFRelE0Y25rMlRXNHlWSHBWSzJ0RFpuSklRMU5CWVV4dlNESkJlVWhFZHdwVVkyRTBURXB2VTB3dlRIZFRjVVJFUlhGek0yZGpia2xEVkZoSVQzYzVZMmxqZGpaRmNFcGtlamRYYjNGR1FWTm9LMlJIVERaU2VVUXdRamMxYUdWNUNqRXJLME5HUVdKYVFYQlpkSFE1TUdkVVNUQnVXWFp5VldocGJ6aFRVMG80TUcwMFZrbzRObFI1T1dGbFNHMTRlaTlNUTFSUGRtZERUV3N5WlV4alZVd0tja2hhSzB0elVVOWtNSEl4TkRKdGJUaEVPVFppTmtwb1FsWkNlamhuVUhaSllUbHhXVmM1VFhWM1NVUkJVVUZDYnpCSmQxRkVRVTlDWjA1V1NGRTRRZ3BCWmpoRlFrRk5RMEZ4VVhkRWQxbEVWbEl3VkVGUlNDOUNRVlYzUVhkRlFpOTZRV1JDWjA1V1NGRTBSVVpuVVZWQlRISnZLMWR6ZWpGQmJuZFZSRmg0Q2sxT1ltRmFjM0p5TTFKemQwUlJXVXBMYjFwSmFIWmpUa0ZSUlV4Q1VVRkVaMmRKUWtGR2EzcE9aWE55Wm00eVVVRnVOR1U0U25wSlpYTnJSRlJJVVZBS2FEbFhTMDFsTlVkV2MwdFJNRFZqUlRsWWNqWmpSMDF3VEV0UGF6aFhlbnBuTlRsVllsTjFRa3hHWWpkYVZuTm9UelpDV0hFeE5IUkhSMmh5YXpsR2VBcDRRaTlFUm1kS2FsUTVjbXhQYzJ4eVduSmtNVXhZVFZvMlRqbFdjVlpyYjBONFR6QjBhRUoxVUZwc1IyY3JMM0pVY1M5RldWWTFkVWhTTTFObmMzVXlDbVUyWVZGTlpEZGplR1JNTTNOa01UQkhWazVHY0dSVFVVbDVOVGRDT1hVNFFXRktaMjVxUTNKNFJ6UlpWMk5OYW1ZM05FOWFibklyUkRkUVZqSkhla2NLYkZoQ1oxSjNZMnQzT0ZsSFZYVnliRmxVZFU0d2JVWkhOMm81VW5oelltTm5hMHhETDFWVmVFZDJORlo2Tmtod2QxWjBXV0pVWVRsSFQwaEhjME5KTlFvNE9HUTFNVmN3SzFCbksyVllPWGRMTlV3NVRHZFhjV2RETTNCQ2RFMVFabU1yU3pRMFJrTTJiVlZsZVdoQlkyZE5RMncxUmxGTlNuRTBjMVpKVG01SUNuQklZMHQ1TUVkbWJEQnZOM1lyVHpCMFZVeGlOSEk1YWtreVdVTkZUWEZEZEdwbE5HZFVhbTVIUWtGNFJERXhjVmxqVkdsR1RIRjVjVlJvUjBGRmFHMEtUWEIzY1VOSFQydHhiMGx2Y214bU9VNXVRbWxUZDFsekwyVkVVRUpDVmpSWlJFSlJka1pVVm1WTk5URnRWamxJV1VwTk1WTTVOVFJJTW1ONGEyUnNWd3BHUmxoNWVuQkxlbmhsTTIxWU0wZFFhMGxhZDBKdGVqa3ljSEZ3YjFKS00yRkplVFV4Y0VSMGIzRmFTelJDVUhGV2JtMXZTRkZqUVc1dGNsRnBWVFJrQ25wdFpXOVZNMFZuVGpoWk5EQTRWakJTYUc4MU1YRjRia1JOVDIxUk9GRnZibXBFZHpCaFZtTTNSVTVJWlhkUWJISk5iMEZVVVhWTGNETldkV0pPT1hJS1ZGcFpORkkyVld0SVQxRkpkMk5LZVdSMFFXbEJiRWN5VW1JM1owOXdUR3N5UVdSRVNXbFBaelJVZDBOWlpXNWljMkp1ZEdGclZXOXFja0U0UlRsSk9RbzFNbVkwTmxrNFZrSlRSVVZxSzJJeUNpMHRMUzB0UlU1RUlFTkZVbFJKUmtsRFFWUkZMUzB0TFMwSwogICAgc2VydmVyOiBodHRwczovL2Frc2RvdG5ldHNkay01MzViMTgzYS5oY3AuZWFzdHVzLmF6bWs4cy5pbzo0NDMKICBuYW1lOiBha3NjbHVzdGVyMzAwNwpjb250ZXh0czoKLSBjb250ZXh0OgogICAgY2x1c3RlcjogYWtzY2x1c3RlcjMwMDcKICAgIHVzZXI6IGNsdXN0ZXJVc2VyX3Rlc3Rha3NyZzc5NzdfYWtzY2x1c3RlcjMwMDcKICBuYW1lOiBha3NjbHVzdGVyMzAwNwpjdXJyZW50LWNvbnRleHQ6IGFrc2NsdXN0ZXIzMDA3CmtpbmQ6IENvbmZpZwpwcmVmZXJlbmNlczoge30KdXNlcnM6Ci0gbmFtZTogY2x1c3RlclVzZXJfdGVzdGFrc3JnNzk3N19ha3NjbHVzdGVyMzAwNwogIHVzZXI6CiAgICBjbGllbnQtY2VydGlmaWNhdGUtZGF0YTogTFMwdExTMUNSVWRKVGlCRFJWSlVTVVpKUTBGVVJTMHRMUzB0Q2sxSlNVWklWRU5EUVhkWFowRjNTVUpCWjBsUldXOUlZVEJHUlZKVmJqTkllalJ4Y25oeFIxSTRha0ZPUW1kcmNXaHJhVWM1ZHpCQ1FWRnpSa0ZFUVU0S1RWRnpkME5SV1VSV1VWRkVSWGRLYWxsVVFXVkdkekI1VFdwRmVFMXFaM2RQVkVGNFRXcE9ZVVozTUhsT1JFVjRUV3BuZDA5VVJYaE5hazVoVFVSQmVBcEdla0ZXUW1kT1ZrSkJiMVJFYms0MVl6TlNiR0pVY0hSWldFNHdXbGhLZWsxU1ZYZEZkMWxFVmxGUlJFVjNlSFJaV0U0d1dsaEthbUpIYkd4aWJsRjNDbWRuU1dsTlFUQkhRMU54UjFOSllqTkVVVVZDUVZGVlFVRTBTVU5FZDBGM1oyZEpTMEZ2U1VOQlVVTTFSMll6TTJkRVFqSjBZMHRsZDFJM09VOVVibEVLU214MmRHaHpiR3ByYWtoQmFIQmhkVEpEY0ZsdU1VTXphelI1T1RoSEwyZFFSMU5yVDFGdVYwdE9abmRyYlZSWmNqZHZUMlZ1V0hOUVowRkZUSFZXVFFwM1owOUZZVEJrWm5saWJuZGtUMjFyTjFCNlpGUmtLMnRJY1ZsaVQzVm5ZMEpQV0U1V2FUUXdaa0ZoYTBGSGVEUlVSWFJ1YTNWWk5FUnJORTVLTVU5cUNuWmlZWEk1VG5aNWVIcG5NME5DU1RaMlptZHVXWEJsV0VkRWFVUk5Za3d3U2xGWlptMXlUemd5Y2xRemJ6TnRMMEphZVRoaVQwWjVSRloyWkVGNFVFa0tXakU1YjFoR2JqZDFVbFYzUlZVdmRIa3JiVFpOWXpaMlZDOTVTSGxCV2taaFFXUmxOblZvYjBsVk1sWmxkRTlYTUVKYU1sSjNTMFZMU0hONFVHNVhWUW8xU2s1aVZsZ3Zhek5FWVdzemFrOHhaV1paVDBKdVdHTkVSelptVUdsc2NTOWhibUYzTVVsRlUwSlRiRXhDVDBOM2RYbEhiVGxaUzBodksxZHRSMDVDQ2xWMFREUk5URU01UlVObE5rSk5XVXRVWkV0VVYyNTJZVTUwV2tKVk5IVmlURTVwTTNGMFRXRnRTbGRPYVhKVkszWXdlSE5xV1M4MFVYRnNWVkpwYURrS1J6UlpUREZ0YVRSVGVsQnFLMlkwUzNOelNuRXZZemRYWXpWS2RtTlpWbXBsUVRWMFRTdDFNV1ZrVERSTk0xbFpTVUp2U1V0YVF6TXhVWGhIZFRFd2NBbzFjVFZtZVdaQlZXd3ZTMWxaUmt4RVpqTlNhSFpKZWpaTlpHNVBTSHBUVDI5TU1tRmlTVFJvTlRaV1l6TlNTMVZxU25sVlRVeHFhME4zUWpsT1duTnFDa0p6YzNFMVQzWmlNa1JhZVVaTVdrdFpOV2xCYnpScGNtOVpPRk5qYTNWdVZIRkhNVlpCZVVWRU0zUkdZMUpDWWk5MmVtRkdXRmRXVm1wTlJHTnROamtLVDI5SlpYQnhNWFp4U1d4NlFrOTZORVJwYmk5YU4zRkRkWEUwT1ZkR1NVaGhUVXBYU2taMFNGSlJXSGREVlZCUVRXc3hOMVoyYzFsMGFsaFdTVzlPVXdwelRqVnhPV2MyYW0xSVJtRkNUVmt4VVRsNWVVSlJTVVJCVVVGQ2J6RlpkMVpFUVU5Q1owNVdTRkU0UWtGbU9FVkNRVTFEUW1GQmQwVjNXVVJXVWpCc0NrSkJkM2REWjFsSlMzZFpRa0pSVlVoQmQwbDNSRUZaUkZaU01GUkJVVWd2UWtGSmQwRkVRV1pDWjA1V1NGTk5SVWRFUVZkblFsRkJkWFZxTldGNlVGVUtRMlpDVVU1bVJYY3hkSEJ0ZVhWMlpFZDZRVTVDWjJ0eGFHdHBSemwzTUVKQlVYTkdRVUZQUTBGblJVRnJWVTUxYUVaMU9FZHpXR2xNUmxSMmFEUkdRZ3BJVVhNNFpHaFpTSE15TkZsVWRuUTRNM2swV0ZBMmNIRlZlVkpZWW5wb1kwcE9ORzAwZFdKTlEyUkJkMHBYWkZGWVdsVlNjVmx1TjB0MFozaElhRzkyQ2tnclIwMHlUbEpFYUc1dFUzZDRkVXhhVW1sQ09HRlBWMjVoWXpGTFVYTkxTRGh6WjFNd1FXcGxWMHQzWVZoU2MwMTNNSGR6UWxScGR6QkVPVWxoYkRRS01VVTVaWGRyVW5GS1NFSTRiMGxETlZaeFVUaFlVbEJ3TTFrMFlWaFhkREpLTVVGR1JFNXpOM1JhU0V3emFXdFNWREJqTW5oMlpYVjZiVlJuVjBSbmN3cGhhRUpZWTNwVWEyZE5UMnRMUjJ4clMxQmxLMWhpWkdkaGNWWlhOVVUzT1ZKTVRuUlVWeTl2V0U5d2IwRnBNRGhCU0hwV2RqVjZhR2RzU2sxbllsRlFDamx4VldSSFprdFVWbFZHVW1aWVJUbG1hVVV2WVV0bVYzSnNUSEZ4ZVhreVR6bG5ZWE5UU1dWR01tNUROa1J3T1hFNGEyaHBhelpFZEU5VU16VnZkMm9LZWpOYVNHcHZjbXBDTjB4MWIyRm1OVFZ3UkdoSmFWaEVjMFJMWkN0dFltbHhWREJ0U2t0cVVtczBMMmh5Vml0T1dFeHZiMDBySzNORFMzbHpORkZUWWdvdmNVbFlZWGx5VWxOTVZXNTZjMGxMVG1sS1prcDZRM3BMVEVKSWJrWkpaREV3V1hKRk9WSkpaRFpIYVd0M1pFa3pkWGhzT0RWbE4xQktlV3hzZEdrMENuRklZbWhJVHpaMmFqZFpiMmd6WmxwVlRrNVdha1J6Wm1jdk9EaFFURUpSVFdveWRWUlVTVWxvYkhGclNGbHNZVlF2UmpsMWNURjJUMXBaV0ZkWFoxa0tjbFl6TnpoR2NUQllWVU5sYXpSamIyRkpWRWhPYjJkeldEUm1iRlpGYlN0dVZXSkxWM1ZzUjJ4eldrRlRObFZ0ZFRRMk9FMUtMMmx0UTBrMFdFOVlUZ3BWVW5WT2VYSjJVU3RVTWxsdVVXSjBjVU16YjBodGNUZDZaMDlPUkhaNlUwRTJjRGRpZVVSMmFrNHhNMkV6TWpoalZUVjNSREV5TDFGMlVrOWFOV2RPQ25GNVNYZzJiQzlIY0RSV1NqaHZOVTFUUm14emEzcFpQUW90TFMwdExVVk9SQ0JEUlZKVVNVWkpRMEZVUlMwdExTMHRDZz09CiAgICBjbGllbnQta2V5LWRhdGE6IExTMHRMUzFDUlVkSlRpQlNVMEVnVUZKSlZrRlVSU0JMUlZrdExTMHRMUXBOU1VsS1MxRkpRa0ZCUzBOQlowVkJkVkp1T1RrMFFYZGtjbGhEYm5ORlpTOVVhelV3UTFwaU4xbGlTbGsxU1hoM1NXRlhjblJuY1ZkS09WRjBOVTlOQ25abVFuWTBSSGhyY0VSclNqRnBhbGc0U2twck1rc3JOa1J1Y0RFM1JEUkJRa00zYkZSTlNVUm9SM1JJV0RodE5UaElWSEJ3VDNvNE0xVXpabkJDTm0wS1IzcHliMGhCVkd4NlZsbDFUa2gzUjNCQlFuTmxSWGhNV2pWTWJVOUJOVTlFVTJSVWJ6Y3lNbkV2VkdJNGMyTTBUbmRuVTA5eU16UktNa3RZYkhobk5BcG5la2Q1T1VOVlIwZzFjWHAyVG5Fd09UWk9OWFozVjJOMlIzcG9ZMmN4WWpOUlRWUjVSMlJtWVVaNFdpczNhMVpOUWtaUU4yTjJjSFZxU0U5eU1DODRDbWc0WjBkU1YyZElXSFZ5YjJGRFJrNXNXSEpVYkhSQlYyUnJZME5vUTJnM1RWUTFNV3hQVTFSWE1WWXZOVTUzTW5CT05IcDBXRzR5UkdkYU1UTkJlSFVLYm5vMGNHRjJNbkF5YzA1VFFrVm5WWEJUZDFSbmMweHphSEIyVjBOb05sQnNjR2hxVVZaTVV5dEVRM2QyVWtGdWRXZFVSME5yTTFOck1YQTNNbXBpVndwUlZrOU1iWGw2V1hRMmNsUkhjR2xXYWxseE1WQnlPVTFpU1RKUUswVkxjRlpGV1c5bVVuVkhRemxhYjNWRmMzbzBMMjRyUTNKTVEyRjJNMDh4Yms5VENtSXpSMFpaTTJkUFlsUlFjblJZYmxNclJFNHlSME5CWVVORGJWRjBPVlZOVW5KMFpFdGxZWFZZT0c1M1JrcG1lVzFIUWxOM016a3dXV0o1VFN0cVNGb0tlbWc0TUdweFF6bHRiWGxQU1dWbGJGaE9NRk5zU1hsamJFUkRORFZCYzBGbVZGZGlTWGRpVEV0MVZISXlPV2N5WTJoVE1sTnRUMWxuUzA5SmNUWkhVQXBGYmtwTWNEQTJhSFJXVVUxb1FUazNVbGhGVVZjdk56Z3lhRll4YkZaWmVrRXpTblYyVkhGRFNIRmhkR0kyYVVwamQxUnpLMEUwY0M4eVpUWm5jbkYxQ2xCV2FGTkNNbXBEVm1sU1lsSXdWVVk0UVd4RWVucEtUbVV4WWpkSFRGa3hNVk5MUkZWeVJHVmhkbGxQYnpWb2VGZG5WRWRPVlZCamMyZFZRMEYzUlVFS1FWRkxRMEZuUlVGMFVrOXZWSGxqYjFGbWEzUnRkMEo0ZDBkaWNrWTJWblUyVERacE5VeFdkakZzWmxSelRtWnVSbE4wUmxjeFJVMXlaMDAwWW5KVGJBb3ZPRWROZW1WVVJ6SnhSbUkxYkRaRFRsRmxNM1JLVVhscUsxVlJha1JoUVVkc2NWbFRRM2xtY1ZsMU1YaGFTRkpFVHpOU2FXdDNlRlY0U1dSWWMzVnlDbmN5VVRkaWVubHNaMjF4Ym5OclpIZDJURWxKV2xjMFdrUlBWV0l2VjB4eFFVODFXUzlRWmtoR2J6ZGxlRzVvZHl0d1lVbHNWbU56WTJGME9ERlViMmtLT0RKbWVucFNlRzVVU25GMmVuZzRLMXBXV21Wa1lWSTNObGx1U2tsS1RpOHdhV2RIU0hseVFXWXpWbmRMT0VRdmRGSmFhMmw2ZUVWWWRFSmxNR2xqYVFwcWMyaGxPSFk0YUZaemIwSnJPV1ZrU1dKbU1YcHFUMHd3U0VNMWRHZzJiSGxSVDNKVFkyWnFOMUZWZVhOTFdFOHZOR3g1V1hkSlIyUmxTSEIzY2tSRkNrdFROVXRZWTFoc04wYzVhRFYwYlhCaFZWZHdOMlI0V0hVMGNqUkVTbE5tY0dGT1dXNVVUa2wyUTNBNFdFWjBUMmczYUZkcVpETjVTRTEyV1VZclJEVUtWWFp4UVZJMFpFVXpOV3RJTVVwc2NYUXpLMEZpU0VWVmVubG9aMmxUVVZCT2JDdEpPVkZDVkNzdmJUaG5aMHhRWkhWblNFMUxURmd2YkdSR2EyMWFUd3B4TjJwMldWbHNTSGQxWlhWQlMyOXdaVlJFWTNwT2VHMTJkbkpFTVRScGQwZEpRVUo0VHpsaVMzUnNLemdyYkZCd1VYbG5kVEpNV1dSa2JYZDJVVmx1Q2tRclVHTXJaa2hoU1VkeFNFOVBkVGc0VTNrdmJrMVVibEZsYkhCUVEyNUhZMjFGTUVGMmMzTkxPWFZ0YVd3eVpXVkNZemxLVEhKQlRXMXJWWE5EVkdrS0wyZGlUMHBJU0VGc2ExUmFRVVEwYVZrNFREWkdkVTE0VVZwU1JqZDBWamt5UkRSclQzTnVSMjFoUTJwc1RrbDRMMUo0TVVWS01UVkhNR0U0VGpsdGFRcE1VbFZQZVM4MmEwdFVVMlJRUlZVNWRuVkJiMnR6ZEhKck5sRXJabUZUTm1zNWMxQnFNekpFVWpaWFQwTnpjVXhQUVVWRFoyZEZRa0ZQWjI0d1VrbGFDaTl1Y1RWNlduUjNSREJJTDJkM1ZuUnBiWGhaVWprME5EVlFaMW96VTFGa1ozTnZWVkVyTVU1dEwxcEVZM1EzVldGQ2NVZFZWRXBrZVdKcWVUWjRZVklLVlcxMWVIRkJkMjlMTUhNNVpHSmlPV04wZUdveEsycFNiMWxVYm5wb1ZXaFZNV2xOVW05Rk5WZFVOVk0xY1RCcGRuRXhSelpaYWtoSU1WaG5hbHAxY3dwaldHRnZjeXMzSzJSbmJHNVdPRU5aT1ZNMVkyWjNiMnhoWm1SME1UQmlOR2N3VlZSNVVXaHpaRTFtZUdWMEt6RTJaREp4VjI1SGMyRndiWHBhZUZGdENrRk9Oa2xRWTJ0a1UxUXpMMlp2YmtsemRFeFRUQzlSUnpoUFMyOUlNMEZpVkdreVYwdDZWRUZWVVhkVVNreHdUbkF4YldkSVRUUkJNMHd5T0c4NVNXUUtTMHh1YnpSUU5HVlBkbVp6YTJzNFJVVm1ZMlYxUzBoQ2NHTnFXSGNyTlhaak5VTmxTSEJXVm0xNVVsbE9iR3B4VEhoNmF6QnplR1pKWmxNM1lrdFdaUXBsVjBVelRuSllXRlYzYTJ4WFIxVkRaMmRGUWtGTmQyTTVaVzVxVjBJcldXbG5URU0wWm1sMGNsWmxUamN6TlZkWmJpdHVVMDkyU0hsRU1IQlBVR1J2Q21GR2NEYzVhbVpwVVZkT1oyVlpha3hoTlhkU1ExSnlUR1lyU2todllVdHRkWEZFYUZVeE1EWlBLMmN4UWxJcmRFNXhObnBPVkdnelNFNUtiVmN3U213S2IxcHNRVE5ZVDI5ak0yOXlZVk15ZVhWcFdXUXlOeTlpTnpSR1NFbGFMMHBpTjA1S1dURmtMMmxJT1hCbGJIbHdaa0l4YlRsdVJsVlNhazl1UVZsdWF3cFFWamhSWVRWa05USnVia1UxTWtFNVVWazJTMnhrYmtKdFJtUk1kalZKVDNCaWNrRTJVblUxVURkeVlUUnZjaTlLWlhkUlYyVXZNR3g2Um1veVJXeG1DbkpCUnpZMlJYTkNSbGg1Ukc5cWJtWjJWV3BaT0U5NlNESnJkVm80T1VwU2RVRk1ZbXAxTDBGb2QzRldjbGhMVkZWU1pWVnBhWFZhYVV4dWRWRkRTVm9LTVRrM1lXaGlSMXBuYmxsV1JHRTBSakJSVURRdmNFaG1jakZQZEZsRFdXOWhOV2QzY2l0d1FubFRSVU5uWjBWQlRrSkhlVWczWnpaNmJsaGlLM0V2ZHdwcVEwaDBNV2R5VTJ0RGFHZDJhVkJQYm5sTVZqWmhURUV3WldkdWMwSk1TRVo2TTJKb2MxUnVUVWxRVG5SR2F6WjRSVTltYmt0cmRHSnJRV3BoT0RaaENtNTZOa053TWpsRVJYUkdSaTlOTnk5NGFIQnFjVE5QVmtOUVp6RllRV2h5ZW5OSGVsRlZVRmwwYlRaQlRrcENUVzhyZEVGa05Xb3JkbVJzY1hWblJGTUtiM0IwVDBsRlJuVlNSall3YXpaaUsyeEhUa3hrU0hsTGJreFRjVlY2ZUZsSFVIYzVWR1V5TUV4WFdtMDRURmd5Um5SRldraHVha1J0ZVZjNWFtUXdSd3B5TWxGa2EyNVBNRkF2Y1hGcVRGZzVNSGxvV1VoTlNGUkZRVUowV1cxQ09FUlNVa05IV2sxUVNrNW1NMlptUkU1cllsTTRibGxUZVhaTVpsSjBjekEyQ2psd05WWXhiV3RaVTIwdlYyY3hhekpuVFhnNFFXNDVNakJSYmxZelJFdGxTVVpITUhCek5tNXJTR2d5UjNsYUwweERMMXBXTWtoUlNWcEVUSE5aT1VFS04xZ3dNWHBSUzBOQlVVVkJlSGd4U2xZNGVVd3pkV0Y2VnpGWk5XdHdialpwTTNKUGMzWlJZVk50VlhGWlltZFhkMjVPUVU5NmIwTTRjVWxUTkhock5BcHhTRlZ2YldsWE1qWkNlRWRSV0d4aVZ6WmFPVXN5Y0hscVVtSkRaVU5QYVRWVVkzcDBSamhLUWxGMVZsVXlkaTlHWkVRNFNGb3hMMDE2TVhaNWNTODVDbFp4VTJGcGFGaGpUMlZ5VDNkRE9GSlRXUzlYV1ZWWWExUlpWemt2TVVaUFIzUXdUMjVQTlVwUldGWTNNamR3VjJOWVZIUnlNVXRVS3k5VVRYZEpkME1LWTA0clFYaDNWaloxYXpZdlQwSnVMMUJ6YlV0TVJGWldkbmRWU2xsb05HODJWMDB4ZEVaeFN6VXJjR0pyYUZkTmJVbFlTMHhIYmtWS2FuWnhPVFpCY2dwRlltaHVkbEZXYVZwWWIyTk1VMEZaT1RjNVRHUXhValJ4V0VRNU1IbDVRbW92V0V4eFoxaEZRMkpxUW5kU05scHVjV1Z2YzBwME9WWnplbVIwZHpoR0NtdGhUMmRKU3psVU5IZG5NMkp3TlVSTWRVaHRPV1JLWjJjMmNXSk5WemRVWjFGTFEwRlJRWFZwVHpGM1ZFcHFSbWhoYlhBek1YZ3ZUVmRhYjNRMlUxb0tia3hEVkRjNWVrSklkemcxTkdWSk1XSXlNREZuTlhoU2IzVlNMMHBsV2taa2JYbzBaa3hDYzJwdGRuRlNXa2RrZGpOU0x5OTJkRkJhVERSUlVHd3haZ3AxVjBKMlYzRkxkRWhTYUZGcVVXZFFWR1p0ZW5ZMU5GUlFSMU5PTkRadFMwTjRlRTUzY1hWMGRGSjFTbTl3Y0d4VlRrUjRiekJFUkRsd1N6SnhjSEZNQ210T2FUWjZURE51WkRndk5GazVZMkozVjJkdlYxSm9jRVJpUjBrMWRYUkZUMFprYTBrNFlqUldkMkZrZFdKUGJuZFBMM0pHYjFONE1YTm9aME5TTVhZS01HSm1lVWRUTjBkU2ExSlBOamhQTkRGVVFXeDJkVmxOWWxkaWJUQndVelZTUVUxTGFETjNkM0IxTlRWcmIwaHNXU3R0VVVoTVpFUXlkVUZ5YjIxelRBcDRWMU5aY0hOT1JHMUZaVUZzU0VGcVJVSXhaalJ0WlVoTlYyUTJVVUp0WkhoWGJXRndRMDEwT1VSSk1VbDBiWEZVZFVwaWRHUkhZVzVrUTNJS0xTMHRMUzFGVGtRZ1VsTkJJRkJTU1ZaQlZFVWdTMFZaTFMwdExTMEsKICAgIHRva2VuOiAzNjU4MGNmMjNmYWRiZDJkNWM4OGM4OWM4NmVjZTJkYjhmNWU5MzA3Njk5YzBkZjI3M2RlZWYxZmVlODNiMDBjMTRiNDkyZmNiNDMxNjcwMzE5ZDdhNWY3YjMzMWExZmMwZDQwOGYwY2NjZTE0YzAzZDhjYjJjNjNlNDg2NTAxNQo="
          }
        ]
      }
    },
    {
      "RequestUri": "https://management.azure.com/subscriptions/db1ab6f0-4769-4b27-930e-01e2ef9c123c/resourceGroups/testaksrg7977/providers/Microsoft.ContainerService/managedClusters/akscluster3007?api-version=2022-09-01",
      "RequestMethod": "DELETE",
      "RequestHeaders": {
        "Accept": "application/json",
        "Authorization": "Sanitized",
        "traceparent": "00-350158af22b0314ebf9ef6197c79922d-8a04eb1ca67df849-00",
        "User-Agent": "azsdk-net-ResourceManager.ContainerService/1.1.0-alpha.20221128.1 (.NET Framework 4.8.4515.0; Microsoft Windows 10.0.19045 )",
        "x-ms-client-request-id": "3dafe087c74afcabd34403da03344bec",
        "x-ms-return-client-request-id": "true"
      },
      "RequestBody": null,
      "StatusCode": 202,
      "ResponseHeaders": {
        "azure-asyncoperation": "https://management.azure.com/subscriptions/db1ab6f0-4769-4b27-930e-01e2ef9c123c/providers/Microsoft.ContainerService/locations/eastus/operations/58837644-bfce-4ad7-907c-7ecf33f7f331?api-version=2017-08-31",
        "Cache-Control": "no-cache",
        "Content-Length": "0",
        "Date": "Mon, 28 Nov 2022 09:16:07 GMT",
        "Expires": "-1",
        "Location": "https://management.azure.com/subscriptions/db1ab6f0-4769-4b27-930e-01e2ef9c123c/providers/Microsoft.ContainerService/locations/eastus/operationresults/58837644-bfce-4ad7-907c-7ecf33f7f331?api-version=2017-08-31",
        "Pragma": "no-cache",
        "Server": "nginx",
        "Strict-Transport-Security": "max-age=31536000; includeSubDomains",
        "X-Content-Type-Options": "nosniff",
        "x-ms-correlation-request-id": "2ae46407-dce0-454a-a584-6b47b2408ba7",
        "x-ms-ratelimit-remaining-subscription-deletes": "14999",
        "x-ms-request-id": "58837644-bfce-4ad7-907c-7ecf33f7f331",
        "x-ms-routing-request-id": "SOUTHEASTASIA:20221128T091607Z:2ae46407-dce0-454a-a584-6b47b2408ba7"
      },
      "ResponseBody": null
    },
    {
      "RequestUri": "https://management.azure.com/subscriptions/db1ab6f0-4769-4b27-930e-01e2ef9c123c/providers/Microsoft.ContainerService/locations/eastus/operations/58837644-bfce-4ad7-907c-7ecf33f7f331?api-version=2017-08-31",
      "RequestMethod": "GET",
      "RequestHeaders": {
        "Authorization": "Sanitized",
        "traceparent": "00-350158af22b0314ebf9ef6197c79922d-a86df59f54d8964a-00",
        "User-Agent": "azsdk-net-ResourceManager/1.3.2 (.NET Framework 4.8.4515.0; Microsoft Windows 10.0.19045 )",
        "x-ms-client-request-id": "948600ce6462d2b29fe418a69512584c",
        "x-ms-return-client-request-id": "true"
      },
      "RequestBody": null,
      "StatusCode": 200,
      "ResponseHeaders": {
        "Cache-Control": "no-cache",
        "Content-Length": "126",
        "Content-Type": "application/json",
        "Date": "Mon, 28 Nov 2022 09:16:07 GMT",
        "Expires": "-1",
        "Pragma": "no-cache",
        "Server": "nginx",
        "Strict-Transport-Security": "max-age=31536000; includeSubDomains",
        "X-Content-Type-Options": "nosniff",
        "x-ms-correlation-request-id": "78eb536d-9974-438d-84b9-101234599c3c",
        "x-ms-ratelimit-remaining-subscription-reads": "11993",
        "x-ms-request-id": "e6cf9972-d0cb-4b81-bf50-b05030f67c8e",
        "x-ms-routing-request-id": "SOUTHEASTASIA:20221128T091607Z:78eb536d-9974-438d-84b9-101234599c3c"
      },
      "ResponseBody": {
        "name": "44768358-cebf-d74a-907c-7ecf33f7f331",
        "status": "InProgress",
        "startTime": "2022-11-28T09:16:07.3314418Z"
      }
    },
    {
      "RequestUri": "https://management.azure.com/subscriptions/db1ab6f0-4769-4b27-930e-01e2ef9c123c/providers/Microsoft.ContainerService/locations/eastus/operations/58837644-bfce-4ad7-907c-7ecf33f7f331?api-version=2017-08-31",
      "RequestMethod": "GET",
      "RequestHeaders": {
        "Authorization": "Sanitized",
        "traceparent": "00-350158af22b0314ebf9ef6197c79922d-008d279d1e8f5449-00",
        "User-Agent": "azsdk-net-ResourceManager/1.3.2 (.NET Framework 4.8.4515.0; Microsoft Windows 10.0.19045 )",
        "x-ms-client-request-id": "7f6f93009c5975f3a744d7f2850ec481",
        "x-ms-return-client-request-id": "true"
      },
      "RequestBody": null,
      "StatusCode": 200,
      "ResponseHeaders": {
        "Cache-Control": "no-cache",
        "Content-Length": "126",
        "Content-Type": "application/json",
        "Date": "Mon, 28 Nov 2022 09:16:08 GMT",
        "Expires": "-1",
        "Pragma": "no-cache",
        "Server": "nginx",
        "Strict-Transport-Security": "max-age=31536000; includeSubDomains",
        "X-Content-Type-Options": "nosniff",
        "x-ms-correlation-request-id": "c03c6609-eda0-4f78-8a06-fd957a2282de",
        "x-ms-ratelimit-remaining-subscription-reads": "11992",
        "x-ms-request-id": "5a19fb0a-ea95-483e-83cd-6d0f66b73018",
        "x-ms-routing-request-id": "SOUTHEASTASIA:20221128T091609Z:c03c6609-eda0-4f78-8a06-fd957a2282de"
      },
      "ResponseBody": {
        "name": "44768358-cebf-d74a-907c-7ecf33f7f331",
        "status": "InProgress",
        "startTime": "2022-11-28T09:16:07.3314418Z"
      }
    },
    {
      "RequestUri": "https://management.azure.com/subscriptions/db1ab6f0-4769-4b27-930e-01e2ef9c123c/providers/Microsoft.ContainerService/locations/eastus/operations/58837644-bfce-4ad7-907c-7ecf33f7f331?api-version=2017-08-31",
      "RequestMethod": "GET",
      "RequestHeaders": {
        "Authorization": "Sanitized",
        "traceparent": "00-350158af22b0314ebf9ef6197c79922d-59af95de2940b446-00",
        "User-Agent": "azsdk-net-ResourceManager/1.3.2 (.NET Framework 4.8.4515.0; Microsoft Windows 10.0.19045 )",
        "x-ms-client-request-id": "020c0a5ab7ad0689970b9b7cf991d554",
        "x-ms-return-client-request-id": "true"
      },
      "RequestBody": null,
      "StatusCode": 200,
      "ResponseHeaders": {
        "Cache-Control": "no-cache",
        "Content-Length": "126",
        "Content-Type": "application/json",
        "Date": "Mon, 28 Nov 2022 09:16:10 GMT",
        "Expires": "-1",
        "Pragma": "no-cache",
        "Server": "nginx",
        "Strict-Transport-Security": "max-age=31536000; includeSubDomains",
        "X-Content-Type-Options": "nosniff",
        "x-ms-correlation-request-id": "93ed7cdd-f5b8-41a7-8cd6-eba3c61e2167",
        "x-ms-ratelimit-remaining-subscription-reads": "11991",
        "x-ms-request-id": "3f588ca7-3867-4861-913c-f3079f439a80",
        "x-ms-routing-request-id": "SOUTHEASTASIA:20221128T091610Z:93ed7cdd-f5b8-41a7-8cd6-eba3c61e2167"
      },
      "ResponseBody": {
        "name": "44768358-cebf-d74a-907c-7ecf33f7f331",
        "status": "InProgress",
        "startTime": "2022-11-28T09:16:07.3314418Z"
      }
    },
    {
      "RequestUri": "https://management.azure.com/subscriptions/db1ab6f0-4769-4b27-930e-01e2ef9c123c/providers/Microsoft.ContainerService/locations/eastus/operations/58837644-bfce-4ad7-907c-7ecf33f7f331?api-version=2017-08-31",
      "RequestMethod": "GET",
      "RequestHeaders": {
        "Authorization": "Sanitized",
        "traceparent": "00-350158af22b0314ebf9ef6197c79922d-c0e5dea7cc02dd46-00",
        "User-Agent": "azsdk-net-ResourceManager/1.3.2 (.NET Framework 4.8.4515.0; Microsoft Windows 10.0.19045 )",
        "x-ms-client-request-id": "a59cf6ff6ae231a00c11ec1e8dc04d90",
        "x-ms-return-client-request-id": "true"
      },
      "RequestBody": null,
      "StatusCode": 200,
      "ResponseHeaders": {
        "Cache-Control": "no-cache",
        "Content-Length": "126",
        "Content-Type": "application/json",
        "Date": "Mon, 28 Nov 2022 09:16:11 GMT",
        "Expires": "-1",
        "Pragma": "no-cache",
        "Server": "nginx",
        "Strict-Transport-Security": "max-age=31536000; includeSubDomains",
        "X-Content-Type-Options": "nosniff",
        "x-ms-correlation-request-id": "da73fa8a-a739-4e45-9723-2d206d2db0d9",
        "x-ms-ratelimit-remaining-subscription-reads": "11990",
        "x-ms-request-id": "d323e82f-2dc6-45d5-b7c5-76d745d3718d",
        "x-ms-routing-request-id": "SOUTHEASTASIA:20221128T091611Z:da73fa8a-a739-4e45-9723-2d206d2db0d9"
      },
      "ResponseBody": {
        "name": "44768358-cebf-d74a-907c-7ecf33f7f331",
        "status": "InProgress",
        "startTime": "2022-11-28T09:16:07.3314418Z"
      }
    },
    {
      "RequestUri": "https://management.azure.com/subscriptions/db1ab6f0-4769-4b27-930e-01e2ef9c123c/providers/Microsoft.ContainerService/locations/eastus/operations/58837644-bfce-4ad7-907c-7ecf33f7f331?api-version=2017-08-31",
      "RequestMethod": "GET",
      "RequestHeaders": {
        "Authorization": "Sanitized",
        "traceparent": "00-350158af22b0314ebf9ef6197c79922d-ec97f408be95094b-00",
        "User-Agent": "azsdk-net-ResourceManager/1.3.2 (.NET Framework 4.8.4515.0; Microsoft Windows 10.0.19045 )",
        "x-ms-client-request-id": "8a4c97205605499e0969e74d01777b16",
        "x-ms-return-client-request-id": "true"
      },
      "RequestBody": null,
      "StatusCode": 200,
      "ResponseHeaders": {
        "Cache-Control": "no-cache",
        "Content-Length": "126",
        "Content-Type": "application/json",
        "Date": "Mon, 28 Nov 2022 09:16:13 GMT",
        "Expires": "-1",
        "Pragma": "no-cache",
        "Server": "nginx",
        "Strict-Transport-Security": "max-age=31536000; includeSubDomains",
        "X-Content-Type-Options": "nosniff",
        "x-ms-correlation-request-id": "40932e59-8e67-409e-8509-6f69a943784e",
        "x-ms-ratelimit-remaining-subscription-reads": "11989",
        "x-ms-request-id": "debf8dcb-dd0d-4ff3-859c-2d9b03370cfa",
        "x-ms-routing-request-id": "SOUTHEASTASIA:20221128T091614Z:40932e59-8e67-409e-8509-6f69a943784e"
      },
      "ResponseBody": {
        "name": "44768358-cebf-d74a-907c-7ecf33f7f331",
        "status": "InProgress",
        "startTime": "2022-11-28T09:16:07.3314418Z"
      }
    },
    {
      "RequestUri": "https://management.azure.com/subscriptions/db1ab6f0-4769-4b27-930e-01e2ef9c123c/providers/Microsoft.ContainerService/locations/eastus/operations/58837644-bfce-4ad7-907c-7ecf33f7f331?api-version=2017-08-31",
      "RequestMethod": "GET",
      "RequestHeaders": {
        "Authorization": "Sanitized",
        "traceparent": "00-350158af22b0314ebf9ef6197c79922d-89aa6d62ec3c904d-00",
        "User-Agent": "azsdk-net-ResourceManager/1.3.2 (.NET Framework 4.8.4515.0; Microsoft Windows 10.0.19045 )",
        "x-ms-client-request-id": "8ef3836e1e72f09f6adaf69bcb6b78d6",
        "x-ms-return-client-request-id": "true"
      },
      "RequestBody": null,
      "StatusCode": 200,
      "ResponseHeaders": {
        "Cache-Control": "no-cache",
        "Content-Length": "126",
        "Content-Type": "application/json",
        "Date": "Mon, 28 Nov 2022 09:16:18 GMT",
        "Expires": "-1",
        "Pragma": "no-cache",
        "Server": "nginx",
        "Strict-Transport-Security": "max-age=31536000; includeSubDomains",
        "X-Content-Type-Options": "nosniff",
        "x-ms-correlation-request-id": "77b468b6-1cac-476a-8f0c-6add519a93e6",
        "x-ms-ratelimit-remaining-subscription-reads": "11988",
        "x-ms-request-id": "dc399d7b-8065-440c-ac55-d757c5b880aa",
        "x-ms-routing-request-id": "SOUTHEASTASIA:20221128T091618Z:77b468b6-1cac-476a-8f0c-6add519a93e6"
      },
      "ResponseBody": {
        "name": "44768358-cebf-d74a-907c-7ecf33f7f331",
        "status": "InProgress",
        "startTime": "2022-11-28T09:16:07.3314418Z"
      }
    },
    {
      "RequestUri": "https://management.azure.com/subscriptions/db1ab6f0-4769-4b27-930e-01e2ef9c123c/providers/Microsoft.ContainerService/locations/eastus/operations/58837644-bfce-4ad7-907c-7ecf33f7f331?api-version=2017-08-31",
      "RequestMethod": "GET",
      "RequestHeaders": {
        "Authorization": "Sanitized",
        "traceparent": "00-350158af22b0314ebf9ef6197c79922d-776c46cf0b755e49-00",
        "User-Agent": "azsdk-net-ResourceManager/1.3.2 (.NET Framework 4.8.4515.0; Microsoft Windows 10.0.19045 )",
        "x-ms-client-request-id": "625b0abe4a45a94e57539b7882523094",
        "x-ms-return-client-request-id": "true"
      },
      "RequestBody": null,
      "StatusCode": 200,
      "ResponseHeaders": {
        "Cache-Control": "no-cache",
        "Content-Length": "126",
        "Content-Type": "application/json",
        "Date": "Mon, 28 Nov 2022 09:16:26 GMT",
        "Expires": "-1",
        "Pragma": "no-cache",
        "Server": "nginx",
        "Strict-Transport-Security": "max-age=31536000; includeSubDomains",
        "X-Content-Type-Options": "nosniff",
        "x-ms-correlation-request-id": "09b60f72-55e7-4c2e-84db-d9c39f1c54bd",
        "x-ms-ratelimit-remaining-subscription-reads": "11987",
        "x-ms-request-id": "4c037b44-f5d2-40c3-925e-73fd341a9c4b",
        "x-ms-routing-request-id": "SOUTHEASTASIA:20221128T091626Z:09b60f72-55e7-4c2e-84db-d9c39f1c54bd"
      },
      "ResponseBody": {
        "name": "44768358-cebf-d74a-907c-7ecf33f7f331",
        "status": "InProgress",
        "startTime": "2022-11-28T09:16:07.3314418Z"
      }
    },
    {
      "RequestUri": "https://management.azure.com/subscriptions/db1ab6f0-4769-4b27-930e-01e2ef9c123c/providers/Microsoft.ContainerService/locations/eastus/operations/58837644-bfce-4ad7-907c-7ecf33f7f331?api-version=2017-08-31",
      "RequestMethod": "GET",
      "RequestHeaders": {
        "Authorization": "Sanitized",
        "traceparent": "00-350158af22b0314ebf9ef6197c79922d-a3664031efaf2c4c-00",
        "User-Agent": "azsdk-net-ResourceManager/1.3.2 (.NET Framework 4.8.4515.0; Microsoft Windows 10.0.19045 )",
        "x-ms-client-request-id": "0aafd696becd011ef75b202b5f027e9d",
        "x-ms-return-client-request-id": "true"
      },
      "RequestBody": null,
      "StatusCode": 200,
      "ResponseHeaders": {
        "Cache-Control": "no-cache",
        "Content-Length": "126",
        "Content-Type": "application/json",
        "Date": "Mon, 28 Nov 2022 09:16:42 GMT",
        "Expires": "-1",
        "Pragma": "no-cache",
        "Server": "nginx",
        "Strict-Transport-Security": "max-age=31536000; includeSubDomains",
        "X-Content-Type-Options": "nosniff",
        "x-ms-correlation-request-id": "589e89bd-c3d1-48cf-9ef7-417422a849f3",
        "x-ms-ratelimit-remaining-subscription-reads": "11986",
        "x-ms-request-id": "40c4c140-62e2-45d0-a61e-1ffa3c84ce20",
        "x-ms-routing-request-id": "SOUTHEASTASIA:20221128T091643Z:589e89bd-c3d1-48cf-9ef7-417422a849f3"
      },
      "ResponseBody": {
        "name": "44768358-cebf-d74a-907c-7ecf33f7f331",
        "status": "InProgress",
        "startTime": "2022-11-28T09:16:07.3314418Z"
      }
    },
    {
      "RequestUri": "https://management.azure.com/subscriptions/db1ab6f0-4769-4b27-930e-01e2ef9c123c/providers/Microsoft.ContainerService/locations/eastus/operations/58837644-bfce-4ad7-907c-7ecf33f7f331?api-version=2017-08-31",
      "RequestMethod": "GET",
      "RequestHeaders": {
        "Authorization": "Sanitized",
        "traceparent": "00-350158af22b0314ebf9ef6197c79922d-a9b8624926aff949-00",
        "User-Agent": "azsdk-net-ResourceManager/1.3.2 (.NET Framework 4.8.4515.0; Microsoft Windows 10.0.19045 )",
        "x-ms-client-request-id": "f68f10f0191c23d03549371e82266d17",
        "x-ms-return-client-request-id": "true"
      },
      "RequestBody": null,
      "StatusCode": 200,
      "ResponseHeaders": {
        "Cache-Control": "no-cache",
        "Content-Length": "126",
        "Content-Type": "application/json",
        "Date": "Mon, 28 Nov 2022 09:17:14 GMT",
        "Expires": "-1",
        "Pragma": "no-cache",
        "Server": "nginx",
        "Strict-Transport-Security": "max-age=31536000; includeSubDomains",
        "X-Content-Type-Options": "nosniff",
        "x-ms-correlation-request-id": "41d468e3-4daa-4e20-bafb-a7896827ee59",
        "x-ms-ratelimit-remaining-subscription-reads": "11985",
        "x-ms-request-id": "5dfe1eac-470c-4592-86f5-e67ffb4ef4c7",
        "x-ms-routing-request-id": "SOUTHEASTASIA:20221128T091715Z:41d468e3-4daa-4e20-bafb-a7896827ee59"
      },
      "ResponseBody": {
        "name": "44768358-cebf-d74a-907c-7ecf33f7f331",
        "status": "InProgress",
        "startTime": "2022-11-28T09:16:07.3314418Z"
      }
    },
    {
      "RequestUri": "https://management.azure.com/subscriptions/db1ab6f0-4769-4b27-930e-01e2ef9c123c/providers/Microsoft.ContainerService/locations/eastus/operations/58837644-bfce-4ad7-907c-7ecf33f7f331?api-version=2017-08-31",
      "RequestMethod": "GET",
      "RequestHeaders": {
        "Authorization": "Sanitized",
        "traceparent": "00-350158af22b0314ebf9ef6197c79922d-6642161c96793d4e-00",
        "User-Agent": "azsdk-net-ResourceManager/1.3.2 (.NET Framework 4.8.4515.0; Microsoft Windows 10.0.19045 )",
        "x-ms-client-request-id": "f40561a96ebbff09eb596ae92a224954",
        "x-ms-return-client-request-id": "true"
      },
      "RequestBody": null,
      "StatusCode": 200,
      "ResponseHeaders": {
        "Cache-Control": "no-cache",
        "Content-Length": "126",
        "Content-Type": "application/json",
        "Date": "Mon, 28 Nov 2022 09:17:47 GMT",
        "Expires": "-1",
        "Pragma": "no-cache",
        "Server": "nginx",
        "Strict-Transport-Security": "max-age=31536000; includeSubDomains",
        "X-Content-Type-Options": "nosniff",
        "x-ms-correlation-request-id": "184ed4f2-fd65-4f08-a228-05251b3d3eff",
        "x-ms-ratelimit-remaining-subscription-reads": "11984",
        "x-ms-request-id": "de12dada-74ac-49f3-9bd3-ec398b54e154",
        "x-ms-routing-request-id": "SOUTHEASTASIA:20221128T091748Z:184ed4f2-fd65-4f08-a228-05251b3d3eff"
      },
      "ResponseBody": {
        "name": "44768358-cebf-d74a-907c-7ecf33f7f331",
        "status": "InProgress",
        "startTime": "2022-11-28T09:16:07.3314418Z"
      }
    },
    {
      "RequestUri": "https://management.azure.com/subscriptions/db1ab6f0-4769-4b27-930e-01e2ef9c123c/providers/Microsoft.ContainerService/locations/eastus/operations/58837644-bfce-4ad7-907c-7ecf33f7f331?api-version=2017-08-31",
      "RequestMethod": "GET",
      "RequestHeaders": {
        "Authorization": "Sanitized",
        "traceparent": "00-350158af22b0314ebf9ef6197c79922d-f0e6e45d0f58204c-00",
        "User-Agent": "azsdk-net-ResourceManager/1.3.2 (.NET Framework 4.8.4515.0; Microsoft Windows 10.0.19045 )",
        "x-ms-client-request-id": "7188fed53ac27d78058cd58387007fd1",
        "x-ms-return-client-request-id": "true"
      },
      "RequestBody": null,
      "StatusCode": 200,
      "ResponseHeaders": {
        "Cache-Control": "no-cache",
        "Content-Length": "126",
        "Content-Type": "application/json",
        "Date": "Mon, 28 Nov 2022 09:18:20 GMT",
        "Expires": "-1",
        "Pragma": "no-cache",
        "Server": "nginx",
        "Strict-Transport-Security": "max-age=31536000; includeSubDomains",
        "X-Content-Type-Options": "nosniff",
        "x-ms-correlation-request-id": "0100baa2-e365-466a-bb90-284b88c49d1b",
        "x-ms-ratelimit-remaining-subscription-reads": "11983",
        "x-ms-request-id": "cdb618ed-dde0-465c-a199-68244962e8c8",
        "x-ms-routing-request-id": "SOUTHEASTASIA:20221128T091820Z:0100baa2-e365-466a-bb90-284b88c49d1b"
      },
      "ResponseBody": {
        "name": "44768358-cebf-d74a-907c-7ecf33f7f331",
        "status": "InProgress",
        "startTime": "2022-11-28T09:16:07.3314418Z"
      }
    },
    {
      "RequestUri": "https://management.azure.com/subscriptions/db1ab6f0-4769-4b27-930e-01e2ef9c123c/providers/Microsoft.ContainerService/locations/eastus/operations/58837644-bfce-4ad7-907c-7ecf33f7f331?api-version=2017-08-31",
      "RequestMethod": "GET",
      "RequestHeaders": {
        "Authorization": "Sanitized",
        "traceparent": "00-350158af22b0314ebf9ef6197c79922d-be7524a40d6cf947-00",
        "User-Agent": "azsdk-net-ResourceManager/1.3.2 (.NET Framework 4.8.4515.0; Microsoft Windows 10.0.19045 )",
        "x-ms-client-request-id": "fe8209ee89fd82e207900ac2aee6f912",
        "x-ms-return-client-request-id": "true"
      },
      "RequestBody": null,
      "StatusCode": 200,
      "ResponseHeaders": {
        "Cache-Control": "no-cache",
        "Content-Length": "126",
        "Content-Type": "application/json",
        "Date": "Mon, 28 Nov 2022 09:18:52 GMT",
        "Expires": "-1",
        "Pragma": "no-cache",
        "Server": "nginx",
        "Strict-Transport-Security": "max-age=31536000; includeSubDomains",
        "X-Content-Type-Options": "nosniff",
        "x-ms-correlation-request-id": "8ac0ab2e-15c9-47f9-943b-19b83ebdad46",
        "x-ms-ratelimit-remaining-subscription-reads": "11982",
        "x-ms-request-id": "8969b586-d9a0-4f40-b6fa-0dc57f528dcf",
        "x-ms-routing-request-id": "SOUTHEASTASIA:20221128T091853Z:8ac0ab2e-15c9-47f9-943b-19b83ebdad46"
      },
      "ResponseBody": {
        "name": "44768358-cebf-d74a-907c-7ecf33f7f331",
        "status": "InProgress",
        "startTime": "2022-11-28T09:16:07.3314418Z"
      }
    },
    {
      "RequestUri": "https://management.azure.com/subscriptions/db1ab6f0-4769-4b27-930e-01e2ef9c123c/providers/Microsoft.ContainerService/locations/eastus/operations/58837644-bfce-4ad7-907c-7ecf33f7f331?api-version=2017-08-31",
      "RequestMethod": "GET",
      "RequestHeaders": {
        "Authorization": "Sanitized",
        "Connection": "close",
        "traceparent": "00-350158af22b0314ebf9ef6197c79922d-b8f174213bf91946-00",
        "User-Agent": "azsdk-net-ResourceManager/1.3.2 (.NET Framework 4.8.4515.0; Microsoft Windows 10.0.19045 )",
        "x-ms-client-request-id": "8449e200fb9e6e55e988ee2f998578eb",
        "x-ms-return-client-request-id": "true"
      },
      "RequestBody": null,
      "StatusCode": 200,
      "ResponseHeaders": {
        "Cache-Control": "no-cache",
        "Connection": "close",
        "Content-Length": "126",
        "Content-Type": "application/json",
        "Date": "Mon, 28 Nov 2022 09:19:25 GMT",
        "Expires": "-1",
        "Pragma": "no-cache",
        "Server": "nginx",
        "Strict-Transport-Security": "max-age=31536000; includeSubDomains",
        "X-Content-Type-Options": "nosniff",
        "x-ms-correlation-request-id": "87d3aefb-a6a2-40e9-8f4d-c734aacef853",
        "x-ms-ratelimit-remaining-subscription-reads": "11981",
        "x-ms-request-id": "aba72233-aef0-465f-80e8-536a07cae090",
        "x-ms-routing-request-id": "SOUTHEASTASIA:20221128T091925Z:87d3aefb-a6a2-40e9-8f4d-c734aacef853"
      },
      "ResponseBody": {
        "name": "44768358-cebf-d74a-907c-7ecf33f7f331",
        "status": "InProgress",
        "startTime": "2022-11-28T09:16:07.3314418Z"
      }
    },
    {
      "RequestUri": "https://management.azure.com/subscriptions/db1ab6f0-4769-4b27-930e-01e2ef9c123c/providers/Microsoft.ContainerService/locations/eastus/operations/58837644-bfce-4ad7-907c-7ecf33f7f331?api-version=2017-08-31",
      "RequestMethod": "GET",
      "RequestHeaders": {
        "Authorization": "Sanitized",
        "traceparent": "00-350158af22b0314ebf9ef6197c79922d-d707c9ec4b0b484e-00",
        "User-Agent": "azsdk-net-ResourceManager/1.3.2 (.NET Framework 4.8.4515.0; Microsoft Windows 10.0.19045 )",
        "x-ms-client-request-id": "21fb99da4ba04b571c056a3230b5ce1f",
        "x-ms-return-client-request-id": "true"
      },
      "RequestBody": null,
      "StatusCode": 200,
      "ResponseHeaders": {
        "Cache-Control": "no-cache",
        "Content-Length": "126",
        "Content-Type": "application/json",
        "Date": "Mon, 28 Nov 2022 09:19:58 GMT",
        "Expires": "-1",
        "Pragma": "no-cache",
        "Server": "nginx",
        "Strict-Transport-Security": "max-age=31536000; includeSubDomains",
        "X-Content-Type-Options": "nosniff",
        "x-ms-correlation-request-id": "4183c3c8-092d-403a-97b1-c105bdd11a6f",
        "x-ms-ratelimit-remaining-subscription-reads": "11999",
        "x-ms-request-id": "7374fcb8-890a-43d7-9149-946fd477823b",
        "x-ms-routing-request-id": "SOUTHEASTASIA:20221128T091959Z:4183c3c8-092d-403a-97b1-c105bdd11a6f"
      },
      "ResponseBody": {
        "name": "44768358-cebf-d74a-907c-7ecf33f7f331",
        "status": "InProgress",
        "startTime": "2022-11-28T09:16:07.3314418Z"
      }
    },
    {
      "RequestUri": "https://management.azure.com/subscriptions/db1ab6f0-4769-4b27-930e-01e2ef9c123c/providers/Microsoft.ContainerService/locations/eastus/operations/58837644-bfce-4ad7-907c-7ecf33f7f331?api-version=2017-08-31",
      "RequestMethod": "GET",
      "RequestHeaders": {
        "Authorization": "Sanitized",
        "traceparent": "00-350158af22b0314ebf9ef6197c79922d-c5617ad9aba7ee4f-00",
        "User-Agent": "azsdk-net-ResourceManager/1.3.2 (.NET Framework 4.8.4515.0; Microsoft Windows 10.0.19045 )",
        "x-ms-client-request-id": "a483c293fab6f233b31314759ab2e881",
        "x-ms-return-client-request-id": "true"
      },
      "RequestBody": null,
      "StatusCode": 200,
      "ResponseHeaders": {
        "Cache-Control": "no-cache",
        "Content-Length": "126",
        "Content-Type": "application/json",
        "Date": "Mon, 28 Nov 2022 09:20:30 GMT",
        "Expires": "-1",
        "Pragma": "no-cache",
        "Server": "nginx",
        "Strict-Transport-Security": "max-age=31536000; includeSubDomains",
        "X-Content-Type-Options": "nosniff",
        "x-ms-correlation-request-id": "b132aaa5-04b4-4b52-9349-96f2d0bb52d2",
        "x-ms-ratelimit-remaining-subscription-reads": "11998",
        "x-ms-request-id": "7695c8f6-c0ed-4e82-a181-dbbb91a91f1a",
        "x-ms-routing-request-id": "SOUTHEASTASIA:20221128T092031Z:b132aaa5-04b4-4b52-9349-96f2d0bb52d2"
      },
      "ResponseBody": {
        "name": "44768358-cebf-d74a-907c-7ecf33f7f331",
        "status": "InProgress",
        "startTime": "2022-11-28T09:16:07.3314418Z"
      }
    },
    {
      "RequestUri": "https://management.azure.com/subscriptions/db1ab6f0-4769-4b27-930e-01e2ef9c123c/providers/Microsoft.ContainerService/locations/eastus/operations/58837644-bfce-4ad7-907c-7ecf33f7f331?api-version=2017-08-31",
      "RequestMethod": "GET",
      "RequestHeaders": {
        "Authorization": "Sanitized",
        "traceparent": "00-350158af22b0314ebf9ef6197c79922d-1c7972bb05a0d943-00",
        "User-Agent": "azsdk-net-ResourceManager/1.3.2 (.NET Framework 4.8.4515.0; Microsoft Windows 10.0.19045 )",
        "x-ms-client-request-id": "15e81e17d8eab5728bfd689891223e34",
        "x-ms-return-client-request-id": "true"
      },
      "RequestBody": null,
      "StatusCode": 200,
      "ResponseHeaders": {
        "Cache-Control": "no-cache",
        "Content-Length": "126",
        "Content-Type": "application/json",
        "Date": "Mon, 28 Nov 2022 09:21:03 GMT",
        "Expires": "-1",
        "Pragma": "no-cache",
        "Server": "nginx",
        "Strict-Transport-Security": "max-age=31536000; includeSubDomains",
        "X-Content-Type-Options": "nosniff",
        "x-ms-correlation-request-id": "15f8cc58-de6d-4fb5-9ab5-1d2a13cacf0f",
        "x-ms-ratelimit-remaining-subscription-reads": "11997",
        "x-ms-request-id": "43dfd68d-8327-40c8-bc04-070082dd8002",
        "x-ms-routing-request-id": "SOUTHEASTASIA:20221128T092103Z:15f8cc58-de6d-4fb5-9ab5-1d2a13cacf0f"
      },
      "ResponseBody": {
        "name": "44768358-cebf-d74a-907c-7ecf33f7f331",
        "status": "InProgress",
        "startTime": "2022-11-28T09:16:07.3314418Z"
      }
    },
    {
      "RequestUri": "https://management.azure.com/subscriptions/db1ab6f0-4769-4b27-930e-01e2ef9c123c/providers/Microsoft.ContainerService/locations/eastus/operations/58837644-bfce-4ad7-907c-7ecf33f7f331?api-version=2017-08-31",
      "RequestMethod": "GET",
      "RequestHeaders": {
        "Authorization": "Sanitized",
        "traceparent": "00-350158af22b0314ebf9ef6197c79922d-a31ed53d914e094f-00",
        "User-Agent": "azsdk-net-ResourceManager/1.3.2 (.NET Framework 4.8.4515.0; Microsoft Windows 10.0.19045 )",
        "x-ms-client-request-id": "d79ccfb9d302df3566086d8c36e2b169",
        "x-ms-return-client-request-id": "true"
      },
      "RequestBody": null,
      "StatusCode": 200,
      "ResponseHeaders": {
        "Cache-Control": "no-cache",
        "Content-Length": "126",
        "Content-Type": "application/json",
        "Date": "Mon, 28 Nov 2022 09:21:35 GMT",
        "Expires": "-1",
        "Pragma": "no-cache",
        "Server": "nginx",
        "Strict-Transport-Security": "max-age=31536000; includeSubDomains",
        "X-Content-Type-Options": "nosniff",
        "x-ms-correlation-request-id": "1906bbb7-d681-4259-8f36-b3d0e2cb3a30",
        "x-ms-ratelimit-remaining-subscription-reads": "11996",
        "x-ms-request-id": "b5843235-f939-41de-b3ef-b526292deb11",
        "x-ms-routing-request-id": "SOUTHEASTASIA:20221128T092136Z:1906bbb7-d681-4259-8f36-b3d0e2cb3a30"
      },
      "ResponseBody": {
        "name": "44768358-cebf-d74a-907c-7ecf33f7f331",
        "status": "InProgress",
        "startTime": "2022-11-28T09:16:07.3314418Z"
      }
    },
    {
      "RequestUri": "https://management.azure.com/subscriptions/db1ab6f0-4769-4b27-930e-01e2ef9c123c/providers/Microsoft.ContainerService/locations/eastus/operations/58837644-bfce-4ad7-907c-7ecf33f7f331?api-version=2017-08-31",
      "RequestMethod": "GET",
      "RequestHeaders": {
        "Authorization": "Sanitized",
        "traceparent": "00-350158af22b0314ebf9ef6197c79922d-fd0da9958e383d49-00",
        "User-Agent": "azsdk-net-ResourceManager/1.3.2 (.NET Framework 4.8.4515.0; Microsoft Windows 10.0.19045 )",
        "x-ms-client-request-id": "121be81cb9cdba344fcd19b8929a6191",
        "x-ms-return-client-request-id": "true"
      },
      "RequestBody": null,
      "StatusCode": 200,
      "ResponseHeaders": {
        "Cache-Control": "no-cache",
        "Content-Length": "170",
        "Content-Type": "application/json",
        "Date": "Mon, 28 Nov 2022 09:22:07 GMT",
        "Expires": "-1",
        "Pragma": "no-cache",
        "Server": "nginx",
        "Strict-Transport-Security": "max-age=31536000; includeSubDomains",
        "X-Content-Type-Options": "nosniff",
        "x-ms-correlation-request-id": "3e5b6b67-48c4-447c-8e60-0554c5e8f34a",
        "x-ms-ratelimit-remaining-subscription-reads": "11995",
        "x-ms-request-id": "abbda69d-25b4-4d79-b73e-2d17a0c8ca9c",
        "x-ms-routing-request-id": "SOUTHEASTASIA:20221128T092208Z:3e5b6b67-48c4-447c-8e60-0554c5e8f34a"
      },
      "ResponseBody": {
        "name": "44768358-cebf-d74a-907c-7ecf33f7f331",
        "status": "Succeeded",
        "startTime": "2022-11-28T09:16:07.3314418Z",
        "endTime": "2022-11-28T09:21:37.6129394Z"
      }
    }
  ],
  "Variables": {
    "AZURE_AUTHORITY_HOST": "https://login.microsoftonline.com",
    "RandomSeed": "698143080",
    "RESOURCE_MANAGER_URL": null,
    "SUBSCRIPTION_ID": "db1ab6f0-4769-4b27-930e-01e2ef9c123c"
  }
}
