{
  "Entries": [
    {
      "RequestUri": "/subscriptions/d501c374-9d2a-44ec-83cd-111b05ee81bf/providers/Microsoft.Network?api-version=2014-04-01-preview",
      "EncodedRequestUri": "L3N1YnNjcmlwdGlvbnMvZDUwMWMzNzQtOWQyYS00NGVjLTgzY2QtMTExYjA1ZWU4MWJmL3Byb3ZpZGVycy9NaWNyb3NvZnQuTmV0d29yaz9hcGktdmVyc2lvbj0yMDE0LTA0LTAxLXByZXZpZXc=",
      "RequestMethod": "GET",
      "RequestBody": "",
      "RequestHeaders": {
        "User-Agent": [
          "Microsoft.Azure.Management.Resources.ResourceManagementClient/1.0.0.0"
        ]
      },
      "ResponseBody": "{\r\n  \"id\": \"/subscriptions/d501c374-9d2a-44ec-83cd-111b05ee81bf/providers/Microsoft.Network\",\r\n  \"namespace\": \"Microsoft.Network\",\r\n  \"resourceTypes\": [\r\n    {\r\n      \"resourceType\": \"virtualNetworks\",\r\n      \"locations\": [\r\n        \"West Europe\",\r\n        \"Central US\",\r\n        \"West US\"\r\n      ],\r\n      \"apiVersions\": [\r\n        \"2015-05-01-preview\",\r\n        \"2014-12-01-preview\"\r\n      ]\r\n    },\r\n    {\r\n      \"resourceType\": \"publicIPAddresses\",\r\n      \"locations\": [\r\n        \"West Europe\",\r\n        \"Central US\",\r\n        \"West US\"\r\n      ],\r\n      \"apiVersions\": [\r\n        \"2015-05-01-preview\",\r\n        \"2014-12-01-preview\"\r\n      ]\r\n    },\r\n    {\r\n      \"resourceType\": \"networkInterfaces\",\r\n      \"locations\": [\r\n        \"West Europe\",\r\n        \"Central US\",\r\n        \"West US\"\r\n      ],\r\n      \"apiVersions\": [\r\n        \"2015-05-01-preview\",\r\n        \"2014-12-01-preview\"\r\n      ]\r\n    },\r\n    {\r\n      \"resourceType\": \"loadBalancers\",\r\n      \"locations\": [\r\n        \"West Europe\",\r\n        \"Central US\",\r\n        \"West US\"\r\n      ],\r\n      \"apiVersions\": [\r\n        \"2015-05-01-preview\",\r\n        \"2014-12-01-preview\"\r\n      ]\r\n    },\r\n    {\r\n      \"resourceType\": \"networkSecurityGroups\",\r\n      \"locations\": [\r\n        \"West Europe\",\r\n        \"Central US\",\r\n        \"West US\"\r\n      ],\r\n      \"apiVersions\": [\r\n        \"2015-05-01-preview\",\r\n        \"2014-12-01-preview\"\r\n      ]\r\n    },\r\n    {\r\n      \"resourceType\": \"locations\",\r\n      \"locations\": [],\r\n      \"apiVersions\": [\r\n        \"2015-05-01-preview\",\r\n        \"2014-12-01-preview\"\r\n      ]\r\n    },\r\n    {\r\n      \"resourceType\": \"locations/operations\",\r\n      \"locations\": [],\r\n      \"apiVersions\": [\r\n        \"2015-05-01-preview\",\r\n        \"2014-12-01-preview\"\r\n      ]\r\n    },\r\n    {\r\n      \"resourceType\": \"locations/operationResults\",\r\n      \"locations\": [],\r\n      \"apiVersions\": [\r\n        \"2015-05-01-preview\",\r\n        \"2014-12-01-preview\"\r\n      ]\r\n    },\r\n    {\r\n      \"resourceType\": \"locations/CheckDnsNameAvailability\",\r\n      \"locations\": [],\r\n      \"apiVersions\": [\r\n        \"2015-05-01-preview\",\r\n        \"2014-12-01-preview\"\r\n      ]\r\n    }\r\n  ],\r\n  \"registrationState\": \"Registered\"\r\n}",
      "ResponseHeaders": {
        "Content-Length": [
          "1360"
        ],
        "Content-Type": [
          "application/json; charset=utf-8"
        ],
        "Expires": [
          "-1"
        ],
        "Pragma": [
          "no-cache"
        ],
        "x-ms-ratelimit-remaining-subscription-reads": [
          "31933"
        ],
        "x-ms-request-id": [
          "0e446962-bd7a-4dd7-ad4e-8d754e96448b"
        ],
        "x-ms-correlation-request-id": [
          "0e446962-bd7a-4dd7-ad4e-8d754e96448b"
        ],
        "x-ms-routing-request-id": [
          "CENTRALUS:20150417T085344Z:0e446962-bd7a-4dd7-ad4e-8d754e96448b"
        ],
        "Strict-Transport-Security": [
          "max-age=31536000; includeSubDomains"
        ],
        "Cache-Control": [
          "no-cache"
        ],
        "Date": [
          "Fri, 17 Apr 2015 08:53:44 GMT"
        ]
      },
      "StatusCode": 200
    },
    {
      "RequestUri": "/subscriptions/d501c374-9d2a-44ec-83cd-111b05ee81bf/resourcegroups/csmrg1801?api-version=2014-04-01-preview",
      "EncodedRequestUri": "L3N1YnNjcmlwdGlvbnMvZDUwMWMzNzQtOWQyYS00NGVjLTgzY2QtMTExYjA1ZWU4MWJmL3Jlc291cmNlZ3JvdXBzL2NzbXJnMTgwMT9hcGktdmVyc2lvbj0yMDE0LTA0LTAxLXByZXZpZXc=",
      "RequestMethod": "PUT",
      "RequestBody": "{\r\n  \"location\": \"West Europe\"\r\n}",
      "RequestHeaders": {
        "Content-Type": [
          "application/json; charset=utf-8"
        ],
        "Content-Length": [
          "33"
        ],
        "User-Agent": [
          "Microsoft.Azure.Management.Resources.ResourceManagementClient/1.0.0.0"
        ]
      },
      "ResponseBody": "{\r\n  \"id\": \"/subscriptions/d501c374-9d2a-44ec-83cd-111b05ee81bf/resourceGroups/csmrg1801\",\r\n  \"name\": \"csmrg1801\",\r\n  \"location\": \"westeurope\",\r\n  \"properties\": {\r\n    \"provisioningState\": \"Succeeded\"\r\n  }\r\n}",
      "ResponseHeaders": {
        "Content-Length": [
          "175"
        ],
        "Content-Type": [
          "application/json; charset=utf-8"
        ],
        "Expires": [
          "-1"
        ],
        "Pragma": [
          "no-cache"
        ],
        "x-ms-ratelimit-remaining-subscription-writes": [
          "1169"
        ],
        "x-ms-request-id": [
          "51fb23d5-3143-41fa-bb24-589bb2cac794"
        ],
        "x-ms-correlation-request-id": [
          "51fb23d5-3143-41fa-bb24-589bb2cac794"
        ],
        "x-ms-routing-request-id": [
          "CENTRALUS:20150417T085351Z:51fb23d5-3143-41fa-bb24-589bb2cac794"
        ],
        "Strict-Transport-Security": [
          "max-age=31536000; includeSubDomains"
        ],
        "Cache-Control": [
          "no-cache"
        ],
        "Date": [
          "Fri, 17 Apr 2015 08:53:51 GMT"
        ]
      },
      "StatusCode": 201
    },
    {
      "RequestUri": "/subscriptions/d501c374-9d2a-44ec-83cd-111b05ee81bf/resourceGroups/csmrg1801/providers/Microsoft.Network/publicIPAddresses/azsmnet6051/?api-version=2015-05-01-preview",
      "EncodedRequestUri": "L3N1YnNjcmlwdGlvbnMvZDUwMWMzNzQtOWQyYS00NGVjLTgzY2QtMTExYjA1ZWU4MWJmL3Jlc291cmNlR3JvdXBzL2NzbXJnMTgwMS9wcm92aWRlcnMvTWljcm9zb2Z0Lk5ldHdvcmsvcHVibGljSVBBZGRyZXNzZXMvYXpzbW5ldDYwNTEvP2FwaS12ZXJzaW9uPTIwMTUtMDUtMDEtcHJldmlldw==",
      "RequestMethod": "PUT",
      "RequestBody": "{\r\n  \"properties\": {\r\n    \"publicIPAllocationMethod\": \"Dynamic\",\r\n    \"dnsSettings\": {\r\n      \"domainNameLabel\": \"azsmnet4338\"\r\n    }\r\n  },\r\n  \"location\": \"West Europe\",\r\n  \"tags\": {\r\n    \"key\": \"value\"\r\n  }\r\n}",
      "RequestHeaders": {
        "Content-Type": [
          "application/json"
        ],
        "Content-Length": [
          "210"
        ],
        "User-Agent": [
          "Microsoft.Azure.Management.Network.NetworkResourceProviderClient/1.0.0.0"
        ]
      },
      "ResponseBody": "{\r\n  \"name\": \"azsmnet6051\",\r\n  \"id\": \"/subscriptions/d501c374-9d2a-44ec-83cd-111b05ee81bf/resourceGroups/csmrg1801/providers/Microsoft.Network/publicIPAddresses/azsmnet6051\",\r\n  \"etag\": \"W/\\\"e4e8d733-a8aa-448a-9ac1-545e3a5b9766\\\"\",\r\n  \"properties\": {\r\n    \"provisioningState\": \"Updating\",\r\n    \"publicIPAllocationMethod\": \"Dynamic\",\r\n    \"idleTimeoutInMinutes\": 4,\r\n    \"dnsSettings\": {\r\n      \"domainNameLabel\": \"azsmnet4338\",\r\n      \"fqdn\": \"azsmnet4338.azure-bvt.com.\"\r\n    }\r\n  },\r\n  \"location\": \"West Europe\",\r\n  \"tags\": {\r\n    \"key\": \"value\"\r\n  }\r\n}",
      "ResponseHeaders": {
        "Content-Length": [
          "555"
        ],
        "Content-Type": [
          "application/json; charset=utf-8"
        ],
        "Expires": [
          "-1"
        ],
        "Pragma": [
          "no-cache"
        ],
        "Retry-After": [
          "10"
        ],
        "x-ms-request-id": [
          "7ecb27a3-d007-4ed9-b140-117dc47a5b29"
        ],
        "Azure-AsyncOperation": [
          "https://api-dogfood.resources.windows-int.net/subscriptions/d501c374-9d2a-44ec-83cd-111b05ee81bf/providers/Microsoft.Network/locations/nrp7/operations/7ecb27a3-d007-4ed9-b140-117dc47a5b29?api-version=2015-05-01-preview"
        ],
        "Strict-Transport-Security": [
          "max-age=31536000; includeSubDomains"
        ],
        "Cache-Control": [
          "no-cache"
        ],
        "Server": [
          "Microsoft-HTTPAPI/2.0",
          "Microsoft-HTTPAPI/2.0"
        ],
        "x-ms-ratelimit-remaining-subscription-writes": [
          "1168"
        ],
        "x-ms-correlation-request-id": [
          "114ae5e1-9382-407c-ab5e-b20ccc864be6"
        ],
        "x-ms-routing-request-id": [
          "CENTRALUS:20150417T085401Z:114ae5e1-9382-407c-ab5e-b20ccc864be6"
        ],
        "Date": [
          "Fri, 17 Apr 2015 08:54:00 GMT"
        ]
      },
      "StatusCode": 201
    },
    {
      "RequestUri": "/subscriptions/d501c374-9d2a-44ec-83cd-111b05ee81bf/providers/Microsoft.Network/locations/nrp7/operations/7ecb27a3-d007-4ed9-b140-117dc47a5b29?api-version=2015-05-01-preview",
      "EncodedRequestUri": "L3N1YnNjcmlwdGlvbnMvZDUwMWMzNzQtOWQyYS00NGVjLTgzY2QtMTExYjA1ZWU4MWJmL3Byb3ZpZGVycy9NaWNyb3NvZnQuTmV0d29yay9sb2NhdGlvbnMvbnJwNy9vcGVyYXRpb25zLzdlY2IyN2EzLWQwMDctNGVkOS1iMTQwLTExN2RjNDdhNWIyOT9hcGktdmVyc2lvbj0yMDE1LTA1LTAxLXByZXZpZXc=",
      "RequestMethod": "GET",
      "RequestBody": "",
      "RequestHeaders": {
        "x-ms-version": [
          "2015-05-01-preview"
        ],
        "User-Agent": [
          "Microsoft.Azure.Management.Network.NetworkResourceProviderClient/1.0.0.0"
        ]
      },
      "ResponseBody": "{\r\n  \"status\": \"Succeeded\"\r\n}",
      "ResponseHeaders": {
        "Content-Length": [
          "29"
        ],
        "Content-Type": [
          "application/json; charset=utf-8"
        ],
        "Expires": [
          "-1"
        ],
        "Pragma": [
          "no-cache"
        ],
        "x-ms-request-id": [
          "2c4b6c21-c901-4cc4-953f-87812c3cd8b6"
        ],
        "Strict-Transport-Security": [
          "max-age=31536000; includeSubDomains"
        ],
        "Cache-Control": [
          "no-cache"
        ],
        "Server": [
          "Microsoft-HTTPAPI/2.0",
          "Microsoft-HTTPAPI/2.0"
        ],
        "x-ms-ratelimit-remaining-subscription-reads": [
          "31932"
        ],
        "x-ms-correlation-request-id": [
          "82a68245-9698-4020-85a6-69ae9737b91f"
        ],
        "x-ms-routing-request-id": [
          "CENTRALUS:20150417T085401Z:82a68245-9698-4020-85a6-69ae9737b91f"
        ],
        "Date": [
          "Fri, 17 Apr 2015 08:54:01 GMT"
        ]
      },
      "StatusCode": 200
    },
    {
      "RequestUri": "/subscriptions/d501c374-9d2a-44ec-83cd-111b05ee81bf/resourceGroups/csmrg1801/providers/Microsoft.Network/publicIPAddresses/azsmnet6051/?api-version=2015-05-01-preview",
      "EncodedRequestUri": "L3N1YnNjcmlwdGlvbnMvZDUwMWMzNzQtOWQyYS00NGVjLTgzY2QtMTExYjA1ZWU4MWJmL3Jlc291cmNlR3JvdXBzL2NzbXJnMTgwMS9wcm92aWRlcnMvTWljcm9zb2Z0Lk5ldHdvcmsvcHVibGljSVBBZGRyZXNzZXMvYXpzbW5ldDYwNTEvP2FwaS12ZXJzaW9uPTIwMTUtMDUtMDEtcHJldmlldw==",
      "RequestMethod": "GET",
      "RequestBody": "",
      "RequestHeaders": {
        "User-Agent": [
          "Microsoft.Azure.Management.Network.NetworkResourceProviderClient/1.0.0.0"
        ]
      },
      "ResponseBody": "{\r\n  \"name\": \"azsmnet6051\",\r\n  \"id\": \"/subscriptions/d501c374-9d2a-44ec-83cd-111b05ee81bf/resourceGroups/csmrg1801/providers/Microsoft.Network/publicIPAddresses/azsmnet6051\",\r\n  \"etag\": \"W/\\\"c65181d6-da4d-4b3b-9405-e6a7ef5b2940\\\"\",\r\n  \"properties\": {\r\n    \"provisioningState\": \"Succeeded\",\r\n    \"publicIPAllocationMethod\": \"Dynamic\",\r\n    \"idleTimeoutInMinutes\": 4,\r\n    \"dnsSettings\": {\r\n      \"domainNameLabel\": \"azsmnet4338\",\r\n      \"fqdn\": \"azsmnet4338.azure-bvt.com.\"\r\n    }\r\n  },\r\n  \"location\": \"West Europe\",\r\n  \"tags\": {\r\n    \"key\": \"value\"\r\n  }\r\n}",
      "ResponseHeaders": {
        "Content-Length": [
          "556"
        ],
        "Content-Type": [
          "application/json; charset=utf-8"
        ],
        "Expires": [
          "-1"
        ],
        "Pragma": [
          "no-cache"
        ],
        "x-ms-request-id": [
          "e7a644e4-e33e-4eed-9b78-7d581638d627"
        ],
        "Strict-Transport-Security": [
          "max-age=31536000; includeSubDomains"
        ],
        "Cache-Control": [
          "no-cache"
        ],
        "ETag": [
          "W/\"c65181d6-da4d-4b3b-9405-e6a7ef5b2940\""
        ],
        "Server": [
          "Microsoft-HTTPAPI/2.0",
          "Microsoft-HTTPAPI/2.0"
        ],
        "x-ms-ratelimit-remaining-subscription-reads": [
          "31931"
        ],
        "x-ms-correlation-request-id": [
          "1ad35d10-83e4-43d7-bb37-1f8756b20158"
        ],
        "x-ms-routing-request-id": [
          "CENTRALUS:20150417T085401Z:1ad35d10-83e4-43d7-bb37-1f8756b20158"
        ],
        "Date": [
          "Fri, 17 Apr 2015 08:54:01 GMT"
        ]
      },
      "StatusCode": 200
    },
    {
      "RequestUri": "/subscriptions/d501c374-9d2a-44ec-83cd-111b05ee81bf/resourceGroups/csmrg1801/providers/Microsoft.Network/virtualnetworks/azsmnet4971?api-version=2015-05-01-preview",
      "EncodedRequestUri": "L3N1YnNjcmlwdGlvbnMvZDUwMWMzNzQtOWQyYS00NGVjLTgzY2QtMTExYjA1ZWU4MWJmL3Jlc291cmNlR3JvdXBzL2NzbXJnMTgwMS9wcm92aWRlcnMvTWljcm9zb2Z0Lk5ldHdvcmsvdmlydHVhbG5ldHdvcmtzL2F6c21uZXQ0OTcxP2FwaS12ZXJzaW9uPTIwMTUtMDUtMDEtcHJldmlldw==",
      "RequestMethod": "PUT",
      "RequestBody": "{\r\n  \"properties\": {\r\n    \"addressSpace\": {\r\n      \"addressPrefixes\": [\r\n        \"10.0.0.0/16\"\r\n      ]\r\n    },\r\n    \"dhcpOptions\": {\r\n      \"dnsServers\": [\r\n        \"10.1.1.1\",\r\n        \"10.1.2.4\"\r\n      ]\r\n    },\r\n    \"subnets\": [\r\n      {\r\n        \"properties\": {\r\n          \"addressPrefix\": \"10.0.0.0/24\"\r\n        },\r\n        \"name\": \"azsmnet8254\"\r\n      }\r\n    ]\r\n  },\r\n  \"location\": \"West Europe\",\r\n  \"tags\": {}\r\n}",
      "RequestHeaders": {
        "Content-Type": [
          "application/json"
        ],
        "Content-Length": [
          "420"
        ],
        "User-Agent": [
          "Microsoft.Azure.Management.Network.NetworkResourceProviderClient/1.0.0.0"
        ]
      },
      "ResponseBody": "{\r\n  \"name\": \"azsmnet4971\",\r\n  \"id\": \"/subscriptions/d501c374-9d2a-44ec-83cd-111b05ee81bf/resourceGroups/csmrg1801/providers/Microsoft.Network/virtualNetworks/azsmnet4971\",\r\n  \"etag\": \"W/\\\"0762e0f3-7213-4728-aef1-a442389e2bdc\\\"\",\r\n  \"properties\": {\r\n    \"provisioningState\": \"Updating\",\r\n    \"addressSpace\": {\r\n      \"addressPrefixes\": [\r\n        \"10.0.0.0/16\"\r\n      ]\r\n    },\r\n    \"dhcpOptions\": {\r\n      \"dnsServers\": [\r\n        \"10.1.1.1\",\r\n        \"10.1.2.4\"\r\n      ]\r\n    },\r\n    \"subnets\": [\r\n      {\r\n        \"name\": \"azsmnet8254\",\r\n        \"id\": \"/subscriptions/d501c374-9d2a-44ec-83cd-111b05ee81bf/resourceGroups/csmrg1801/providers/Microsoft.Network/virtualNetworks/azsmnet4971/subnets/azsmnet8254\",\r\n        \"etag\": \"W/\\\"0762e0f3-7213-4728-aef1-a442389e2bdc\\\"\",\r\n        \"properties\": {\r\n          \"provisioningState\": \"Updating\",\r\n          \"addressPrefix\": \"10.0.0.0/24\"\r\n        }\r\n      }\r\n    ]\r\n  },\r\n  \"location\": \"West Europe\"\r\n}",
      "ResponseHeaders": {
        "Content-Length": [
          "949"
        ],
        "Content-Type": [
          "application/json; charset=utf-8"
        ],
        "Expires": [
          "-1"
        ],
        "Pragma": [
          "no-cache"
        ],
        "Retry-After": [
          "10"
        ],
        "x-ms-request-id": [
          "17867eb2-30a9-4f51-b984-522b6e4425c6"
        ],
        "Azure-AsyncOperation": [
          "https://api-dogfood.resources.windows-int.net/subscriptions/d501c374-9d2a-44ec-83cd-111b05ee81bf/providers/Microsoft.Network/locations/nrp7/operations/17867eb2-30a9-4f51-b984-522b6e4425c6?api-version=2015-05-01-preview"
        ],
        "Strict-Transport-Security": [
          "max-age=31536000; includeSubDomains"
        ],
        "Cache-Control": [
          "no-cache"
        ],
        "Server": [
          "Microsoft-HTTPAPI/2.0",
          "Microsoft-HTTPAPI/2.0"
        ],
        "x-ms-ratelimit-remaining-subscription-writes": [
          "1167"
        ],
        "x-ms-correlation-request-id": [
          "cd98d0b3-535c-4f9e-b2c5-f4581c1ea837"
        ],
        "x-ms-routing-request-id": [
          "CENTRALUS:20150417T085405Z:cd98d0b3-535c-4f9e-b2c5-f4581c1ea837"
        ],
        "Date": [
          "Fri, 17 Apr 2015 08:54:04 GMT"
        ]
      },
      "StatusCode": 201
    },
    {
      "RequestUri": "/subscriptions/d501c374-9d2a-44ec-83cd-111b05ee81bf/providers/Microsoft.Network/locations/nrp7/operations/17867eb2-30a9-4f51-b984-522b6e4425c6?api-version=2015-05-01-preview",
      "EncodedRequestUri": "L3N1YnNjcmlwdGlvbnMvZDUwMWMzNzQtOWQyYS00NGVjLTgzY2QtMTExYjA1ZWU4MWJmL3Byb3ZpZGVycy9NaWNyb3NvZnQuTmV0d29yay9sb2NhdGlvbnMvbnJwNy9vcGVyYXRpb25zLzE3ODY3ZWIyLTMwYTktNGY1MS1iOTg0LTUyMmI2ZTQ0MjVjNj9hcGktdmVyc2lvbj0yMDE1LTA1LTAxLXByZXZpZXc=",
      "RequestMethod": "GET",
      "RequestBody": "",
      "RequestHeaders": {
        "x-ms-version": [
          "2015-05-01-preview"
        ],
        "User-Agent": [
          "Microsoft.Azure.Management.Network.NetworkResourceProviderClient/1.0.0.0"
        ]
      },
      "ResponseBody": "{\r\n  \"status\": \"Succeeded\"\r\n}",
      "ResponseHeaders": {
        "Content-Length": [
          "29"
        ],
        "Content-Type": [
          "application/json; charset=utf-8"
        ],
        "Expires": [
          "-1"
        ],
        "Pragma": [
          "no-cache"
        ],
        "x-ms-request-id": [
          "e4e2bf57-0d07-4b3b-87ca-e9a6a176676a"
        ],
        "Strict-Transport-Security": [
          "max-age=31536000; includeSubDomains"
        ],
        "Cache-Control": [
          "no-cache"
        ],
        "Server": [
          "Microsoft-HTTPAPI/2.0",
          "Microsoft-HTTPAPI/2.0"
        ],
        "x-ms-ratelimit-remaining-subscription-reads": [
          "31930"
        ],
        "x-ms-correlation-request-id": [
          "b222e713-4197-4fe6-ab5c-3e759547f711"
        ],
        "x-ms-routing-request-id": [
          "CENTRALUS:20150417T085405Z:b222e713-4197-4fe6-ab5c-3e759547f711"
        ],
        "Date": [
          "Fri, 17 Apr 2015 08:54:04 GMT"
        ]
      },
      "StatusCode": 200
    },
    {
      "RequestUri": "/subscriptions/d501c374-9d2a-44ec-83cd-111b05ee81bf/resourceGroups/csmrg1801/providers/Microsoft.Network/virtualnetworks/azsmnet4971/subnets/azsmnet8254?api-version=2015-05-01-preview",
      "EncodedRequestUri": "L3N1YnNjcmlwdGlvbnMvZDUwMWMzNzQtOWQyYS00NGVjLTgzY2QtMTExYjA1ZWU4MWJmL3Jlc291cmNlR3JvdXBzL2NzbXJnMTgwMS9wcm92aWRlcnMvTWljcm9zb2Z0Lk5ldHdvcmsvdmlydHVhbG5ldHdvcmtzL2F6c21uZXQ0OTcxL3N1Ym5ldHMvYXpzbW5ldDgyNTQ/YXBpLXZlcnNpb249MjAxNS0wNS0wMS1wcmV2aWV3",
      "RequestMethod": "GET",
      "RequestBody": "",
      "RequestHeaders": {
        "User-Agent": [
          "Microsoft.Azure.Management.Network.NetworkResourceProviderClient/1.0.0.0"
        ]
      },
      "ResponseBody": "{\r\n  \"name\": \"azsmnet8254\",\r\n  \"id\": \"/subscriptions/d501c374-9d2a-44ec-83cd-111b05ee81bf/resourceGroups/csmrg1801/providers/Microsoft.Network/virtualNetworks/azsmnet4971/subnets/azsmnet8254\",\r\n  \"etag\": \"W/\\\"b644e42b-9848-416d-9b02-645c24589da5\\\"\",\r\n  \"properties\": {\r\n    \"provisioningState\": \"Succeeded\",\r\n    \"addressPrefix\": \"10.0.0.0/24\"\r\n  }\r\n}",
      "ResponseHeaders": {
        "Content-Length": [
          "351"
        ],
        "Content-Type": [
          "application/json; charset=utf-8"
        ],
        "Expires": [
          "-1"
        ],
        "Pragma": [
          "no-cache"
        ],
        "x-ms-request-id": [
          "4026d8bf-034d-439e-94fe-b72c902272c9"
        ],
        "Strict-Transport-Security": [
          "max-age=31536000; includeSubDomains"
        ],
        "Cache-Control": [
          "no-cache"
        ],
        "ETag": [
          "W/\"b644e42b-9848-416d-9b02-645c24589da5\""
        ],
        "Server": [
          "Microsoft-HTTPAPI/2.0",
          "Microsoft-HTTPAPI/2.0"
        ],
        "x-ms-ratelimit-remaining-subscription-reads": [
          "31929"
        ],
        "x-ms-correlation-request-id": [
          "0269fdad-85c9-40cd-8b00-7f377b02e544"
        ],
        "x-ms-routing-request-id": [
          "CENTRALUS:20150417T085405Z:0269fdad-85c9-40cd-8b00-7f377b02e544"
        ],
        "Date": [
          "Fri, 17 Apr 2015 08:54:04 GMT"
        ]
      },
      "StatusCode": 200
    },
    {
      "RequestUri": "/subscriptions/d501c374-9d2a-44ec-83cd-111b05ee81bf/resourceGroups/csmrg1801/providers/Microsoft.Network/networkInterfaces/azsmnet6719?api-version=2015-05-01-preview",
      "EncodedRequestUri": "L3N1YnNjcmlwdGlvbnMvZDUwMWMzNzQtOWQyYS00NGVjLTgzY2QtMTExYjA1ZWU4MWJmL3Jlc291cmNlR3JvdXBzL2NzbXJnMTgwMS9wcm92aWRlcnMvTWljcm9zb2Z0Lk5ldHdvcmsvbmV0d29ya0ludGVyZmFjZXMvYXpzbW5ldDY3MTk/YXBpLXZlcnNpb249MjAxNS0wNS0wMS1wcmV2aWV3",
      "RequestMethod": "PUT",
      "RequestBody": "{\r\n  \"properties\": {\r\n    \"ipConfigurations\": [\r\n      {\r\n        \"properties\": {\r\n          \"privateIPAllocationMethod\": \"Dynamic\",\r\n          \"subnet\": {\r\n            \"id\": \"/subscriptions/d501c374-9d2a-44ec-83cd-111b05ee81bf/resourceGroups/csmrg1801/providers/Microsoft.Network/virtualNetworks/azsmnet4971/subnets/azsmnet8254\"\r\n          },\r\n          \"publicIPAddress\": {\r\n            \"id\": \"/subscriptions/d501c374-9d2a-44ec-83cd-111b05ee81bf/resourceGroups/csmrg1801/providers/Microsoft.Network/publicIPAddresses/azsmnet6051\"\r\n          }\r\n        },\r\n        \"name\": \"azsmnet4618\"\r\n      }\r\n    ]\r\n  },\r\n  \"name\": \"azsmnet6719\",\r\n  \"location\": \"West Europe\",\r\n  \"tags\": {\r\n    \"key\": \"value\"\r\n  }\r\n}",
      "RequestHeaders": {
        "Content-Type": [
          "application/json"
        ],
        "Content-Length": [
          "706"
        ],
        "User-Agent": [
          "Microsoft.Azure.Management.Network.NetworkResourceProviderClient/1.0.0.0"
        ]
      },
      "ResponseBody": "{\r\n  \"name\": \"azsmnet6719\",\r\n  \"id\": \"/subscriptions/d501c374-9d2a-44ec-83cd-111b05ee81bf/resourceGroups/csmrg1801/providers/Microsoft.Network/networkInterfaces/azsmnet6719\",\r\n  \"etag\": \"W/\\\"11847469-2113-424b-9d16-90f87d287842\\\"\",\r\n  \"properties\": {\r\n    \"provisioningState\": \"Succeeded\",\r\n    \"ipConfigurations\": [\r\n      {\r\n        \"name\": \"azsmnet4618\",\r\n        \"id\": \"/subscriptions/d501c374-9d2a-44ec-83cd-111b05ee81bf/resourceGroups/csmrg1801/providers/Microsoft.Network/networkInterfaces/azsmnet6719/ipConfigurations/azsmnet4618\",\r\n        \"etag\": \"W/\\\"11847469-2113-424b-9d16-90f87d287842\\\"\",\r\n        \"properties\": {\r\n          \"provisioningState\": \"Succeeded\",\r\n          \"privateIPAddress\": \"10.0.0.4\",\r\n          \"privateIPAllocationMethod\": \"Dynamic\",\r\n          \"publicIPAddress\": {\r\n            \"id\": \"/subscriptions/d501c374-9d2a-44ec-83cd-111b05ee81bf/resourceGroups/csmrg1801/providers/Microsoft.Network/publicIPAddresses/azsmnet6051\"\r\n          },\r\n          \"subnet\": {\r\n            \"id\": \"/subscriptions/d501c374-9d2a-44ec-83cd-111b05ee81bf/resourceGroups/csmrg1801/providers/Microsoft.Network/virtualNetworks/azsmnet4971/subnets/azsmnet8254\"\r\n          }\r\n        }\r\n      }\r\n    ],\r\n    \"dnsSettings\": {}\r\n  },\r\n  \"location\": \"West Europe\",\r\n  \"tags\": {\r\n    \"key\": \"value\"\r\n  }\r\n}",
      "ResponseHeaders": {
        "Content-Length": [
          "1306"
        ],
        "Content-Type": [
          "application/json; charset=utf-8"
        ],
        "Expires": [
          "-1"
        ],
        "Pragma": [
          "no-cache"
        ],
        "Retry-After": [
          "10"
        ],
        "x-ms-request-id": [
          "c2540c65-ddf5-4d64-81c3-5287a6d0df28"
        ],
        "Azure-AsyncOperation": [
          "https://api-dogfood.resources.windows-int.net/subscriptions/d501c374-9d2a-44ec-83cd-111b05ee81bf/providers/Microsoft.Network/locations/nrp7/operations/c2540c65-ddf5-4d64-81c3-5287a6d0df28?api-version=2015-05-01-preview"
        ],
        "Strict-Transport-Security": [
          "max-age=31536000; includeSubDomains"
        ],
        "Cache-Control": [
          "no-cache"
        ],
        "Server": [
          "Microsoft-HTTPAPI/2.0",
          "Microsoft-HTTPAPI/2.0"
        ],
        "x-ms-ratelimit-remaining-subscription-writes": [
          "1166"
        ],
        "x-ms-correlation-request-id": [
          "de334aea-c9f0-4dd2-9450-618ba68a5d08"
        ],
        "x-ms-routing-request-id": [
          "CENTRALUS:20150417T085418Z:de334aea-c9f0-4dd2-9450-618ba68a5d08"
        ],
        "Date": [
          "Fri, 17 Apr 2015 08:54:18 GMT"
        ]
      },
      "StatusCode": 201
    },
    {
      "RequestUri": "/subscriptions/d501c374-9d2a-44ec-83cd-111b05ee81bf/providers/Microsoft.Network/locations/nrp7/operations/c2540c65-ddf5-4d64-81c3-5287a6d0df28?api-version=2015-05-01-preview",
      "EncodedRequestUri": "L3N1YnNjcmlwdGlvbnMvZDUwMWMzNzQtOWQyYS00NGVjLTgzY2QtMTExYjA1ZWU4MWJmL3Byb3ZpZGVycy9NaWNyb3NvZnQuTmV0d29yay9sb2NhdGlvbnMvbnJwNy9vcGVyYXRpb25zL2MyNTQwYzY1LWRkZjUtNGQ2NC04MWMzLTUyODdhNmQwZGYyOD9hcGktdmVyc2lvbj0yMDE1LTA1LTAxLXByZXZpZXc=",
      "RequestMethod": "GET",
      "RequestBody": "",
      "RequestHeaders": {
        "x-ms-version": [
          "2015-05-01-preview"
        ],
        "User-Agent": [
          "Microsoft.Azure.Management.Network.NetworkResourceProviderClient/1.0.0.0"
        ]
      },
      "ResponseBody": "{\r\n  \"status\": \"Succeeded\"\r\n}",
      "ResponseHeaders": {
        "Content-Length": [
          "29"
        ],
        "Content-Type": [
          "application/json; charset=utf-8"
        ],
        "Expires": [
          "-1"
        ],
        "Pragma": [
          "no-cache"
        ],
        "x-ms-request-id": [
          "7edc4762-4241-4f42-be67-3f4b78ee5864"
        ],
        "Strict-Transport-Security": [
          "max-age=31536000; includeSubDomains"
        ],
        "Cache-Control": [
          "no-cache"
        ],
        "Server": [
          "Microsoft-HTTPAPI/2.0",
          "Microsoft-HTTPAPI/2.0"
        ],
        "x-ms-ratelimit-remaining-subscription-reads": [
          "31928"
        ],
        "x-ms-correlation-request-id": [
          "d15ee5d6-4acf-424e-b1e0-25736d8c1e63"
        ],
        "x-ms-routing-request-id": [
          "CENTRALUS:20150417T085418Z:d15ee5d6-4acf-424e-b1e0-25736d8c1e63"
        ],
        "Date": [
          "Fri, 17 Apr 2015 08:54:18 GMT"
        ]
      },
      "StatusCode": 200
    },
    {
      "RequestUri": "/subscriptions/d501c374-9d2a-44ec-83cd-111b05ee81bf/resourceGroups/csmrg1801/providers/Microsoft.Network/networkInterfaces/azsmnet6719?api-version=2015-05-01-preview",
      "EncodedRequestUri": "L3N1YnNjcmlwdGlvbnMvZDUwMWMzNzQtOWQyYS00NGVjLTgzY2QtMTExYjA1ZWU4MWJmL3Jlc291cmNlR3JvdXBzL2NzbXJnMTgwMS9wcm92aWRlcnMvTWljcm9zb2Z0Lk5ldHdvcmsvbmV0d29ya0ludGVyZmFjZXMvYXpzbW5ldDY3MTk/YXBpLXZlcnNpb249MjAxNS0wNS0wMS1wcmV2aWV3",
      "RequestMethod": "GET",
      "RequestBody": "",
      "RequestHeaders": {
        "User-Agent": [
          "Microsoft.Azure.Management.Network.NetworkResourceProviderClient/1.0.0.0"
        ]
      },
      "ResponseBody": "{\r\n  \"name\": \"azsmnet6719\",\r\n  \"id\": \"/subscriptions/d501c374-9d2a-44ec-83cd-111b05ee81bf/resourceGroups/csmrg1801/providers/Microsoft.Network/networkInterfaces/azsmnet6719\",\r\n  \"etag\": \"W/\\\"11847469-2113-424b-9d16-90f87d287842\\\"\",\r\n  \"properties\": {\r\n    \"provisioningState\": \"Succeeded\",\r\n    \"ipConfigurations\": [\r\n      {\r\n        \"name\": \"azsmnet4618\",\r\n        \"id\": \"/subscriptions/d501c374-9d2a-44ec-83cd-111b05ee81bf/resourceGroups/csmrg1801/providers/Microsoft.Network/networkInterfaces/azsmnet6719/ipConfigurations/azsmnet4618\",\r\n        \"etag\": \"W/\\\"11847469-2113-424b-9d16-90f87d287842\\\"\",\r\n        \"properties\": {\r\n          \"provisioningState\": \"Succeeded\",\r\n          \"privateIPAddress\": \"10.0.0.4\",\r\n          \"privateIPAllocationMethod\": \"Dynamic\",\r\n          \"publicIPAddress\": {\r\n            \"id\": \"/subscriptions/d501c374-9d2a-44ec-83cd-111b05ee81bf/resourceGroups/csmrg1801/providers/Microsoft.Network/publicIPAddresses/azsmnet6051\"\r\n          },\r\n          \"subnet\": {\r\n            \"id\": \"/subscriptions/d501c374-9d2a-44ec-83cd-111b05ee81bf/resourceGroups/csmrg1801/providers/Microsoft.Network/virtualNetworks/azsmnet4971/subnets/azsmnet8254\"\r\n          }\r\n        }\r\n      }\r\n    ],\r\n    \"dnsSettings\": {}\r\n  },\r\n  \"location\": \"West Europe\",\r\n  \"tags\": {\r\n    \"key\": \"value\"\r\n  }\r\n}",
      "ResponseHeaders": {
        "Content-Length": [
          "1306"
        ],
        "Content-Type": [
          "application/json; charset=utf-8"
        ],
        "Expires": [
          "-1"
        ],
        "Pragma": [
          "no-cache"
        ],
        "x-ms-request-id": [
          "4ef1dc69-4773-4a76-bca3-4a5a02be660c"
        ],
        "Strict-Transport-Security": [
          "max-age=31536000; includeSubDomains"
        ],
        "Cache-Control": [
          "no-cache"
        ],
        "ETag": [
          "W/\"11847469-2113-424b-9d16-90f87d287842\""
        ],
        "Server": [
          "Microsoft-HTTPAPI/2.0",
          "Microsoft-HTTPAPI/2.0"
        ],
        "x-ms-ratelimit-remaining-subscription-reads": [
          "31927"
        ],
        "x-ms-correlation-request-id": [
          "578f7fa7-db67-4741-87bd-a1240c6e40af"
        ],
        "x-ms-routing-request-id": [
          "CENTRALUS:20150417T085419Z:578f7fa7-db67-4741-87bd-a1240c6e40af"
        ],
        "Date": [
          "Fri, 17 Apr 2015 08:54:18 GMT"
        ]
      },
      "StatusCode": 200
    },
    {
      "RequestUri": "/subscriptions/d501c374-9d2a-44ec-83cd-111b05ee81bf/resourceGroups/csmrg1801/providers/Microsoft.Network/networkInterfaces?api-version=2015-05-01-preview",
      "EncodedRequestUri": "L3N1YnNjcmlwdGlvbnMvZDUwMWMzNzQtOWQyYS00NGVjLTgzY2QtMTExYjA1ZWU4MWJmL3Jlc291cmNlR3JvdXBzL2NzbXJnMTgwMS9wcm92aWRlcnMvTWljcm9zb2Z0Lk5ldHdvcmsvbmV0d29ya0ludGVyZmFjZXM/YXBpLXZlcnNpb249MjAxNS0wNS0wMS1wcmV2aWV3",
      "RequestMethod": "GET",
      "RequestBody": "",
      "RequestHeaders": {
        "User-Agent": [
          "Microsoft.Azure.Management.Network.NetworkResourceProviderClient/1.0.0.0"
        ]
      },
      "ResponseBody": "{\r\n  \"value\": [\r\n    {\r\n      \"name\": \"azsmnet6719\",\r\n      \"id\": \"/subscriptions/d501c374-9d2a-44ec-83cd-111b05ee81bf/resourceGroups/csmrg1801/providers/Microsoft.Network/networkInterfaces/azsmnet6719\",\r\n      \"etag\": \"W/\\\"11847469-2113-424b-9d16-90f87d287842\\\"\",\r\n      \"properties\": {\r\n        \"provisioningState\": \"Succeeded\",\r\n        \"ipConfigurations\": [\r\n          {\r\n            \"name\": \"azsmnet4618\",\r\n            \"id\": \"/subscriptions/d501c374-9d2a-44ec-83cd-111b05ee81bf/resourceGroups/csmrg1801/providers/Microsoft.Network/networkInterfaces/azsmnet6719/ipConfigurations/azsmnet4618\",\r\n            \"etag\": \"W/\\\"11847469-2113-424b-9d16-90f87d287842\\\"\",\r\n            \"properties\": {\r\n              \"provisioningState\": \"Succeeded\",\r\n              \"privateIPAddress\": \"10.0.0.4\",\r\n              \"privateIPAllocationMethod\": \"Dynamic\",\r\n              \"publicIPAddress\": {\r\n                \"id\": \"/subscriptions/d501c374-9d2a-44ec-83cd-111b05ee81bf/resourceGroups/csmrg1801/providers/Microsoft.Network/publicIPAddresses/azsmnet6051\"\r\n              },\r\n              \"subnet\": {\r\n                \"id\": \"/subscriptions/d501c374-9d2a-44ec-83cd-111b05ee81bf/resourceGroups/csmrg1801/providers/Microsoft.Network/virtualNetworks/azsmnet4971/subnets/azsmnet8254\"\r\n              }\r\n            }\r\n          }\r\n        ],\r\n        \"dnsSettings\": {}\r\n      },\r\n      \"location\": \"West Europe\",\r\n      \"tags\": {\r\n        \"key\": \"value\"\r\n      }\r\n    }\r\n  ],\r\n  \"nextLink\": \"\"\r\n}",
      "ResponseHeaders": {
        "Content-Length": [
          "1474"
        ],
        "Content-Type": [
          "application/json; charset=utf-8"
        ],
        "Expires": [
          "-1"
        ],
        "Pragma": [
          "no-cache"
        ],
        "x-ms-request-id": [
          "773367e5-bf17-474f-a6ca-30d5963699d0"
        ],
        "Strict-Transport-Security": [
          "max-age=31536000; includeSubDomains"
        ],
        "Cache-Control": [
          "no-cache"
        ],
        "Server": [
          "Microsoft-HTTPAPI/2.0",
          "Microsoft-HTTPAPI/2.0"
        ],
        "x-ms-ratelimit-remaining-subscription-reads": [
          "31926"
        ],
        "x-ms-correlation-request-id": [
          "48c0ced7-2b67-431a-af6c-c10100a56228"
        ],
        "x-ms-routing-request-id": [
          "CENTRALUS:20150417T085419Z:48c0ced7-2b67-431a-af6c-c10100a56228"
        ],
        "Date": [
          "Fri, 17 Apr 2015 08:54:19 GMT"
        ]
      },
      "StatusCode": 200
    },
    {
      "RequestUri": "/subscriptions/d501c374-9d2a-44ec-83cd-111b05ee81bf/resourceGroups/csmrg1801/providers/Microsoft.Network/networkInterfaces?api-version=2015-05-01-preview",
      "EncodedRequestUri": "L3N1YnNjcmlwdGlvbnMvZDUwMWMzNzQtOWQyYS00NGVjLTgzY2QtMTExYjA1ZWU4MWJmL3Jlc291cmNlR3JvdXBzL2NzbXJnMTgwMS9wcm92aWRlcnMvTWljcm9zb2Z0Lk5ldHdvcmsvbmV0d29ya0ludGVyZmFjZXM/YXBpLXZlcnNpb249MjAxNS0wNS0wMS1wcmV2aWV3",
      "RequestMethod": "GET",
      "RequestBody": "",
      "RequestHeaders": {
        "User-Agent": [
          "Microsoft.Azure.Management.Network.NetworkResourceProviderClient/1.0.0.0"
        ]
      },
      "ResponseBody": "{\r\n  \"nextLink\": \"\"\r\n}",
      "ResponseHeaders": {
        "Content-Length": [
          "22"
        ],
        "Content-Type": [
          "application/json; charset=utf-8"
        ],
        "Expires": [
          "-1"
        ],
        "Pragma": [
          "no-cache"
        ],
        "x-ms-request-id": [
          "928d6979-721e-4fcf-8cd8-7e6eba3fbcc5"
        ],
        "Strict-Transport-Security": [
          "max-age=31536000; includeSubDomains"
        ],
        "Cache-Control": [
          "no-cache"
        ],
        "Server": [
          "Microsoft-HTTPAPI/2.0",
          "Microsoft-HTTPAPI/2.0"
        ],
        "x-ms-ratelimit-remaining-subscription-reads": [
          "31923"
        ],
        "x-ms-correlation-request-id": [
          "5cfa83d4-0e47-4265-8ef9-d8430a8a68fc"
        ],
        "x-ms-routing-request-id": [
          "CENTRALUS:20150417T085433Z:5cfa83d4-0e47-4265-8ef9-d8430a8a68fc"
        ],
        "Date": [
          "Fri, 17 Apr 2015 08:54:32 GMT"
        ]
      },
      "StatusCode": 200
    },
    {
      "RequestUri": "/subscriptions/d501c374-9d2a-44ec-83cd-111b05ee81bf/providers/Microsoft.Network/networkInterfaces?api-version=2015-05-01-preview",
      "EncodedRequestUri": "L3N1YnNjcmlwdGlvbnMvZDUwMWMzNzQtOWQyYS00NGVjLTgzY2QtMTExYjA1ZWU4MWJmL3Byb3ZpZGVycy9NaWNyb3NvZnQuTmV0d29yay9uZXR3b3JrSW50ZXJmYWNlcz9hcGktdmVyc2lvbj0yMDE1LTA1LTAxLXByZXZpZXc=",
      "RequestMethod": "GET",
      "RequestBody": "",
      "RequestHeaders": {
        "User-Agent": [
          "Microsoft.Azure.Management.Network.NetworkResourceProviderClient/1.0.0.0"
        ]
      },
      "ResponseBody": "{\r\n  \"value\": [\r\n    {\r\n      \"name\": \"azsmnet6719\",\r\n      \"id\": \"/subscriptions/d501c374-9d2a-44ec-83cd-111b05ee81bf/resourceGroups/csmrg1801/providers/Microsoft.Network/networkInterfaces/azsmnet6719\",\r\n      \"etag\": \"W/\\\"11847469-2113-424b-9d16-90f87d287842\\\"\",\r\n      \"properties\": {\r\n        \"provisioningState\": \"Succeeded\",\r\n        \"ipConfigurations\": [\r\n          {\r\n            \"name\": \"azsmnet4618\",\r\n            \"id\": \"/subscriptions/d501c374-9d2a-44ec-83cd-111b05ee81bf/resourceGroups/csmrg1801/providers/Microsoft.Network/networkInterfaces/azsmnet6719/ipConfigurations/azsmnet4618\",\r\n            \"etag\": \"W/\\\"11847469-2113-424b-9d16-90f87d287842\\\"\",\r\n            \"properties\": {\r\n              \"provisioningState\": \"Succeeded\",\r\n              \"privateIPAddress\": \"10.0.0.4\",\r\n              \"privateIPAllocationMethod\": \"Dynamic\",\r\n              \"publicIPAddress\": {\r\n                \"id\": \"/subscriptions/d501c374-9d2a-44ec-83cd-111b05ee81bf/resourceGroups/csmrg1801/providers/Microsoft.Network/publicIPAddresses/azsmnet6051\"\r\n              },\r\n              \"subnet\": {\r\n                \"id\": \"/subscriptions/d501c374-9d2a-44ec-83cd-111b05ee81bf/resourceGroups/csmrg1801/providers/Microsoft.Network/virtualNetworks/azsmnet4971/subnets/azsmnet8254\"\r\n              }\r\n            }\r\n          }\r\n        ],\r\n        \"dnsSettings\": {}\r\n      },\r\n      \"location\": \"West Europe\",\r\n      \"tags\": {\r\n        \"key\": \"value\"\r\n      }\r\n    }\r\n  ],\r\n  \"nextLink\": \"\"\r\n}",
      "ResponseHeaders": {
        "Content-Length": [
          "1474"
        ],
        "Content-Type": [
          "application/json; charset=utf-8"
        ],
        "Expires": [
          "-1"
        ],
        "Pragma": [
          "no-cache"
        ],
        "x-ms-request-id": [
          "43724c57-8b87-4567-9d32-41654dc12a49"
        ],
        "Strict-Transport-Security": [
          "max-age=31536000; includeSubDomains"
        ],
        "Cache-Control": [
          "no-cache"
        ],
        "Server": [
          "Microsoft-HTTPAPI/2.0",
          "Microsoft-HTTPAPI/2.0"
        ],
        "x-ms-ratelimit-remaining-subscription-reads": [
          "31925"
        ],
        "x-ms-correlation-request-id": [
          "27c79edb-16e7-4294-8f73-d1f875e51708"
        ],
        "x-ms-routing-request-id": [
          "CENTRALUS:20150417T085419Z:27c79edb-16e7-4294-8f73-d1f875e51708"
        ],
        "Date": [
          "Fri, 17 Apr 2015 08:54:19 GMT"
        ]
      },
      "StatusCode": 200
    },
    {
      "RequestUri": "/subscriptions/d501c374-9d2a-44ec-83cd-111b05ee81bf/resourceGroups/csmrg1801/providers/Microsoft.Network/networkInterfaces/azsmnet6719?api-version=2015-05-01-preview",
      "EncodedRequestUri": "L3N1YnNjcmlwdGlvbnMvZDUwMWMzNzQtOWQyYS00NGVjLTgzY2QtMTExYjA1ZWU4MWJmL3Jlc291cmNlR3JvdXBzL2NzbXJnMTgwMS9wcm92aWRlcnMvTWljcm9zb2Z0Lk5ldHdvcmsvbmV0d29ya0ludGVyZmFjZXMvYXpzbW5ldDY3MTk/YXBpLXZlcnNpb249MjAxNS0wNS0wMS1wcmV2aWV3",
      "RequestMethod": "DELETE",
      "RequestBody": "",
      "RequestHeaders": {
        "User-Agent": [
          "Microsoft.Azure.Management.Network.NetworkResourceProviderClient/1.0.0.0"
        ]
      },
      "ResponseBody": "",
      "ResponseHeaders": {
        "Content-Length": [
          "0"
        ],
        "Expires": [
          "-1"
        ],
        "Pragma": [
          "no-cache"
        ],
        "Retry-After": [
          "10"
        ],
        "x-ms-request-id": [
          "d756db86-a17e-4c8c-9c24-6090949b655c"
        ],
        "Azure-AsyncOperation": [
          "https://api-dogfood.resources.windows-int.net/subscriptions/d501c374-9d2a-44ec-83cd-111b05ee81bf/providers/Microsoft.Network/locations/nrp7/operations/d756db86-a17e-4c8c-9c24-6090949b655c?api-version=2015-05-01-preview"
        ],
        "Strict-Transport-Security": [
          "max-age=31536000; includeSubDomains"
        ],
        "Cache-Control": [
          "no-cache"
        ],
        "Location": [
          "https://api-dogfood.resources.windows-int.net/subscriptions/d501c374-9d2a-44ec-83cd-111b05ee81bf/providers/Microsoft.Network/locations/nrp7/operationResults/d756db86-a17e-4c8c-9c24-6090949b655c?api-version=2015-05-01-preview"
        ],
        "Server": [
          "Microsoft-HTTPAPI/2.0",
          "Microsoft-HTTPAPI/2.0"
        ],
        "x-ms-ratelimit-remaining-subscription-writes": [
          "1165"
        ],
        "x-ms-correlation-request-id": [
          "83d2c79d-67b8-4af9-918f-7bda0e3d0023"
        ],
        "x-ms-routing-request-id": [
          "CENTRALUS:20150417T085432Z:83d2c79d-67b8-4af9-918f-7bda0e3d0023"
        ],
        "Date": [
          "Fri, 17 Apr 2015 08:54:32 GMT"
        ]
      },
      "StatusCode": 202
    },
    {
      "RequestUri": "/subscriptions/d501c374-9d2a-44ec-83cd-111b05ee81bf/providers/Microsoft.Network/locations/nrp7/operations/d756db86-a17e-4c8c-9c24-6090949b655c?api-version=2015-05-01-preview",
      "EncodedRequestUri": "L3N1YnNjcmlwdGlvbnMvZDUwMWMzNzQtOWQyYS00NGVjLTgzY2QtMTExYjA1ZWU4MWJmL3Byb3ZpZGVycy9NaWNyb3NvZnQuTmV0d29yay9sb2NhdGlvbnMvbnJwNy9vcGVyYXRpb25zL2Q3NTZkYjg2LWExN2UtNGM4Yy05YzI0LTYwOTA5NDliNjU1Yz9hcGktdmVyc2lvbj0yMDE1LTA1LTAxLXByZXZpZXc=",
      "RequestMethod": "GET",
      "RequestBody": "",
      "RequestHeaders": {
        "x-ms-version": [
          "2015-05-01-preview"
        ],
        "User-Agent": [
          "Microsoft.Azure.Management.Network.NetworkResourceProviderClient/1.0.0.0"
        ]
      },
      "ResponseBody": "{\r\n  \"status\": \"Succeeded\"\r\n}",
      "ResponseHeaders": {
        "Content-Length": [
          "29"
        ],
        "Content-Type": [
          "application/json; charset=utf-8"
        ],
        "Expires": [
          "-1"
        ],
        "Pragma": [
          "no-cache"
        ],
        "x-ms-request-id": [
          "4dae31a4-0fe6-4913-ad2a-fc6ea3e47dcc"
        ],
        "Strict-Transport-Security": [
          "max-age=31536000; includeSubDomains"
        ],
        "Cache-Control": [
          "no-cache"
        ],
        "Server": [
          "Microsoft-HTTPAPI/2.0",
          "Microsoft-HTTPAPI/2.0"
        ],
        "x-ms-ratelimit-remaining-subscription-reads": [
          "31924"
        ],
        "x-ms-correlation-request-id": [
          "d435b674-1078-4d74-8de8-9157bbab5448"
        ],
        "x-ms-routing-request-id": [
          "CENTRALUS:20150417T085433Z:d435b674-1078-4d74-8de8-9157bbab5448"
        ],
        "Date": [
          "Fri, 17 Apr 2015 08:54:32 GMT"
        ]
      },
      "StatusCode": 200
    },
    {
      "RequestUri": "/subscriptions/d501c374-9d2a-44ec-83cd-111b05ee81bf/resourceGroups/csmrg1801/providers/Microsoft.Network/publicIPAddresses/azsmnet6051/?api-version=2015-05-01-preview",
      "EncodedRequestUri": "L3N1YnNjcmlwdGlvbnMvZDUwMWMzNzQtOWQyYS00NGVjLTgzY2QtMTExYjA1ZWU4MWJmL3Jlc291cmNlR3JvdXBzL2NzbXJnMTgwMS9wcm92aWRlcnMvTWljcm9zb2Z0Lk5ldHdvcmsvcHVibGljSVBBZGRyZXNzZXMvYXpzbW5ldDYwNTEvP2FwaS12ZXJzaW9uPTIwMTUtMDUtMDEtcHJldmlldw==",
      "RequestMethod": "DELETE",
      "RequestBody": "",
      "RequestHeaders": {
        "User-Agent": [
          "Microsoft.Azure.Management.Network.NetworkResourceProviderClient/1.0.0.0"
        ]
      },
      "ResponseBody": "",
      "ResponseHeaders": {
        "Content-Length": [
          "0"
        ],
        "Expires": [
          "-1"
        ],
        "Pragma": [
          "no-cache"
        ],
        "Retry-After": [
          "10"
        ],
        "x-ms-request-id": [
          "5e0d2548-ff0a-4489-93c0-7762648f1c00"
        ],
        "Azure-AsyncOperation": [
          "https://api-dogfood.resources.windows-int.net/subscriptions/d501c374-9d2a-44ec-83cd-111b05ee81bf/providers/Microsoft.Network/locations/nrp7/operations/5e0d2548-ff0a-4489-93c0-7762648f1c00?api-version=2015-05-01-preview"
        ],
        "Strict-Transport-Security": [
          "max-age=31536000; includeSubDomains"
        ],
        "Cache-Control": [
          "no-cache"
        ],
        "Location": [
          "https://api-dogfood.resources.windows-int.net/subscriptions/d501c374-9d2a-44ec-83cd-111b05ee81bf/providers/Microsoft.Network/locations/nrp7/operationResults/5e0d2548-ff0a-4489-93c0-7762648f1c00?api-version=2015-05-01-preview"
        ],
        "Server": [
          "Microsoft-HTTPAPI/2.0",
          "Microsoft-HTTPAPI/2.0"
        ],
        "x-ms-ratelimit-remaining-subscription-writes": [
          "1164"
        ],
        "x-ms-correlation-request-id": [
          "696a38d4-32ee-4210-971e-f8df795dae32"
        ],
        "x-ms-routing-request-id": [
          "CENTRALUS:20150417T085435Z:696a38d4-32ee-4210-971e-f8df795dae32"
        ],
        "Date": [
          "Fri, 17 Apr 2015 08:54:35 GMT"
        ]
      },
      "StatusCode": 202
    },
    {
      "RequestUri": "/subscriptions/d501c374-9d2a-44ec-83cd-111b05ee81bf/providers/Microsoft.Network/locations/nrp7/operations/5e0d2548-ff0a-4489-93c0-7762648f1c00?api-version=2015-05-01-preview",
      "EncodedRequestUri": "L3N1YnNjcmlwdGlvbnMvZDUwMWMzNzQtOWQyYS00NGVjLTgzY2QtMTExYjA1ZWU4MWJmL3Byb3ZpZGVycy9NaWNyb3NvZnQuTmV0d29yay9sb2NhdGlvbnMvbnJwNy9vcGVyYXRpb25zLzVlMGQyNTQ4LWZmMGEtNDQ4OS05M2MwLTc3NjI2NDhmMWMwMD9hcGktdmVyc2lvbj0yMDE1LTA1LTAxLXByZXZpZXc=",
      "RequestMethod": "GET",
      "RequestBody": "",
      "RequestHeaders": {
        "x-ms-version": [
          "2015-05-01-preview"
        ],
        "User-Agent": [
          "Microsoft.Azure.Management.Network.NetworkResourceProviderClient/1.0.0.0"
        ]
      },
      "ResponseBody": "{\r\n  \"status\": \"Succeeded\"\r\n}",
      "ResponseHeaders": {
        "Content-Length": [
          "29"
        ],
        "Content-Type": [
          "application/json; charset=utf-8"
        ],
        "Expires": [
          "-1"
        ],
        "Pragma": [
          "no-cache"
        ],
        "x-ms-request-id": [
          "9905ad56-469a-47c5-bb0a-9c0b858ceadd"
        ],
        "Strict-Transport-Security": [
          "max-age=31536000; includeSubDomains"
        ],
        "Cache-Control": [
          "no-cache"
        ],
        "Server": [
          "Microsoft-HTTPAPI/2.0",
          "Microsoft-HTTPAPI/2.0"
        ],
        "x-ms-ratelimit-remaining-subscription-reads": [
          "31922"
        ],
        "x-ms-correlation-request-id": [
          "8dba59a8-cd3e-4aa7-9d28-c94f1b906fa7"
        ],
        "x-ms-routing-request-id": [
          "CENTRALUS:20150417T085436Z:8dba59a8-cd3e-4aa7-9d28-c94f1b906fa7"
        ],
        "Date": [
          "Fri, 17 Apr 2015 08:54:35 GMT"
        ]
      },
      "StatusCode": 200
    },
    {
      "RequestUri": "/subscriptions/d501c374-9d2a-44ec-83cd-111b05ee81bf/resourceGroups/csmrg1801/providers/Microsoft.Network/virtualnetworks/azsmnet4971?api-version=2015-05-01-preview",
      "EncodedRequestUri": "L3N1YnNjcmlwdGlvbnMvZDUwMWMzNzQtOWQyYS00NGVjLTgzY2QtMTExYjA1ZWU4MWJmL3Jlc291cmNlR3JvdXBzL2NzbXJnMTgwMS9wcm92aWRlcnMvTWljcm9zb2Z0Lk5ldHdvcmsvdmlydHVhbG5ldHdvcmtzL2F6c21uZXQ0OTcxP2FwaS12ZXJzaW9uPTIwMTUtMDUtMDEtcHJldmlldw==",
      "RequestMethod": "DELETE",
      "RequestBody": "",
      "RequestHeaders": {
        "User-Agent": [
          "Microsoft.Azure.Management.Network.NetworkResourceProviderClient/1.0.0.0"
        ]
      },
      "ResponseBody": "",
      "ResponseHeaders": {
        "Content-Length": [
          "0"
        ],
        "Expires": [
          "-1"
        ],
        "Pragma": [
          "no-cache"
        ],
        "Retry-After": [
          "10"
        ],
        "x-ms-request-id": [
          "4f392469-109f-4ec0-a8ea-a4dead14d610"
        ],
        "Azure-AsyncOperation": [
          "https://api-dogfood.resources.windows-int.net/subscriptions/d501c374-9d2a-44ec-83cd-111b05ee81bf/providers/Microsoft.Network/locations/nrp7/operations/4f392469-109f-4ec0-a8ea-a4dead14d610?api-version=2015-05-01-preview"
        ],
        "Strict-Transport-Security": [
          "max-age=31536000; includeSubDomains"
        ],
        "Cache-Control": [
          "no-cache"
        ],
        "Location": [
          "https://api-dogfood.resources.windows-int.net/subscriptions/d501c374-9d2a-44ec-83cd-111b05ee81bf/providers/Microsoft.Network/locations/nrp7/operationResults/4f392469-109f-4ec0-a8ea-a4dead14d610?api-version=2015-05-01-preview"
        ],
        "Server": [
          "Microsoft-HTTPAPI/2.0",
          "Microsoft-HTTPAPI/2.0"
        ],
        "x-ms-ratelimit-remaining-subscription-writes": [
          "1163"
        ],
        "x-ms-correlation-request-id": [
          "eeeb0086-f08d-4247-a7de-2d7662463863"
        ],
        "x-ms-routing-request-id": [
          "CENTRALUS:20150417T085440Z:eeeb0086-f08d-4247-a7de-2d7662463863"
        ],
        "Date": [
          "Fri, 17 Apr 2015 08:54:40 GMT"
        ]
      },
      "StatusCode": 202
    },
    {
      "RequestUri": "/subscriptions/d501c374-9d2a-44ec-83cd-111b05ee81bf/providers/Microsoft.Network/locations/nrp7/operations/4f392469-109f-4ec0-a8ea-a4dead14d610?api-version=2015-05-01-preview",
      "EncodedRequestUri": "L3N1YnNjcmlwdGlvbnMvZDUwMWMzNzQtOWQyYS00NGVjLTgzY2QtMTExYjA1ZWU4MWJmL3Byb3ZpZGVycy9NaWNyb3NvZnQuTmV0d29yay9sb2NhdGlvbnMvbnJwNy9vcGVyYXRpb25zLzRmMzkyNDY5LTEwOWYtNGVjMC1hOGVhLWE0ZGVhZDE0ZDYxMD9hcGktdmVyc2lvbj0yMDE1LTA1LTAxLXByZXZpZXc=",
      "RequestMethod": "GET",
      "RequestBody": "",
      "RequestHeaders": {
        "x-ms-version": [
          "2015-05-01-preview"
        ],
        "User-Agent": [
          "Microsoft.Azure.Management.Network.NetworkResourceProviderClient/1.0.0.0"
        ]
      },
      "ResponseBody": "{\r\n  \"status\": \"Succeeded\"\r\n}",
      "ResponseHeaders": {
        "Content-Length": [
          "29"
        ],
        "Content-Type": [
          "application/json; charset=utf-8"
        ],
        "Expires": [
          "-1"
        ],
        "Pragma": [
          "no-cache"
        ],
        "x-ms-request-id": [
          "0a13582c-1fd7-4d23-ba4e-a87fc42de2ac"
        ],
        "Strict-Transport-Security": [
          "max-age=31536000; includeSubDomains"
        ],
        "Cache-Control": [
          "no-cache"
        ],
        "Server": [
          "Microsoft-HTTPAPI/2.0",
          "Microsoft-HTTPAPI/2.0"
        ],
        "x-ms-ratelimit-remaining-subscription-reads": [
          "31921"
        ],
        "x-ms-correlation-request-id": [
          "5f6b0ac3-c3c1-4b00-bd46-e652d5d933fd"
        ],
        "x-ms-routing-request-id": [
          "CENTRALUS:20150417T085446Z:5f6b0ac3-c3c1-4b00-bd46-e652d5d933fd"
        ],
        "Date": [
          "Fri, 17 Apr 2015 08:54:45 GMT"
        ]
      },
      "StatusCode": 200
    }
  ],
  "Names": {
    "NetworkInterfaceApiTest": [
      "csmrg1801",
      "azsmnet6051",
      "azsmnet4338",
      "azsmnet4971",
      "azsmnet8254",
      "azsmnet6719",
      "azsmnet4618"
    ]
  },
  "Variables": {
    "SubscriptionId": "d501c374-9d2a-44ec-83cd-111b05ee81bf"
  }
}