{
  "Entries": [
    {
      "RequestUri": "https://management.azure.com/subscriptions/49d64d54-e966-4c46-a868-1999802b762c?api-version=2021-01-01",
      "RequestMethod": "GET",
      "RequestHeaders": {
        "Accept": "application/json",
        "Authorization": "Sanitized",
        "Connection": "keep-alive",
        "traceparent": "00-5d689c4ca75860478b06d2b3dd77cb9d-26b820d7b893254c-00",
        "User-Agent": "azsdk-net-ResourceManager/1.0.0 (.NET Framework 4.8.4510.0; Microsoft Windows 10.0.22000 )",
        "x-ms-client-request-id": "b492b9e3948c796355c80d1364fb8725",
        "x-ms-return-client-request-id": "true"
      },
      "RequestBody": null,
      "StatusCode": 200,
      "ResponseHeaders": {
        "Cache-Control": "no-cache",
        "Content-Length": "394",
        "Content-Type": "application/json; charset=utf-8",
        "Date": "Thu, 09 Jun 2022 11:55:44 GMT",
        "Expires": "-1",
        "Pragma": "no-cache",
        "Strict-Transport-Security": "max-age=31536000; includeSubDomains",
        "X-Content-Type-Options": "nosniff",
        "x-ms-correlation-request-id": "4d03619d-cd0a-4b05-a815-fa159c85ca9a",
        "x-ms-ratelimit-remaining-subscription-reads": "11999",
        "x-ms-request-id": "4d03619d-cd0a-4b05-a815-fa159c85ca9a",
        "x-ms-routing-request-id": "SOUTHINDIA:20220609T115544Z:4d03619d-cd0a-4b05-a815-fa159c85ca9a"
      },
      "ResponseBody": {
        "id": "/subscriptions/49d64d54-e966-4c46-a868-1999802b762c",
        "authorizationSource": "RoleBased",
        "managedByTenants": [],
        "subscriptionId": "49d64d54-e966-4c46-a868-1999802b762c",
        "tenantId": "72f988bf-86f1-41af-91ab-2d7cd011db47",
        "displayName": "Az WaaS Test 1",
        "state": "Enabled",
        "subscriptionPolicies": {
          "locationPlacementId": "Internal_2014-09-01",
          "quotaId": "Internal_2014-09-01",
          "spendingLimit": "Off"
        }
      }
    },
    {
      "RequestUri": "https://management.azure.com/subscriptions/49d64d54-e966-4c46-a868-1999802b762c/resourcegroups/suha-0802-rg11718?api-version=**",
      "RequestMethod": "PUT",
      "RequestHeaders": {
        "Accept": "application/json",
        "Authorization": "Sanitized",
        "Content-Length": "31",
        "Content-Type": "application/json",
        "traceparent": "00-100d3f72ffff8e4c9950c936dc13d528-a471530f34823045-00",
        "User-Agent": "azsdk-net-ResourceManager/1.0.0 (.NET Framework 4.8.4510.0; Microsoft Windows 10.0.22000 )",
        "x-ms-client-request-id": "084322b7fd5511a3b2ee8c8526ebffcb",
        "x-ms-return-client-request-id": "true"
      },
      "RequestBody": {
        "location": "eastus"
      },
      "StatusCode": 201,
      "ResponseHeaders": {
        "Cache-Control": "no-cache",
        "Content-Length": "261",
        "Content-Type": "application/json; charset=utf-8",
        "Date": "Thu, 09 Jun 2022 11:55:48 GMT",
        "Expires": "-1",
        "Pragma": "no-cache",
        "Strict-Transport-Security": "max-age=31536000; includeSubDomains",
        "X-Content-Type-Options": "nosniff",
        "x-ms-correlation-request-id": "86941379-dc7f-419a-8f11-f62846e556b8",
        "x-ms-ratelimit-remaining-subscription-writes": "1199",
        "x-ms-request-id": "86941379-dc7f-419a-8f11-f62846e556b8",
        "x-ms-routing-request-id": "SOUTHINDIA:20220609T115549Z:86941379-dc7f-419a-8f11-f62846e556b8"
      },
      "ResponseBody": {
        "id": "/subscriptions/49d64d54-e966-4c46-a868-1999802b762c/resourceGroups/suha-0802-rg11718",
        "name": "suha-0802-rg11718",
        "type": "Microsoft.Resources/resourceGroups",
        "location": "eastus",
        "tags": {
          "Created": "20220609"
        },
        "properties": {
          "provisioningState": "Succeeded"
        }
      }
    },
    {
      "RequestUri": "https://management.azure.com/subscriptions/49d64d54-e966-4c46-a868-1999802b762c/resourceGroups/suha-0802-rg11718/providers/Microsoft.Workloads/monitors/suha-0906-ams4670?api-version=2021-12-01-preview",
      "RequestMethod": "PUT",
      "RequestHeaders": {
        "Accept": "application/json",
        "Authorization": "Sanitized",
        "Content-Length": "330",
        "Content-Type": "application/json",
        "traceparent": "00-7a255a1228e4184c93770d9a2621b522-9fd23b237b13454f-00",
        "User-Agent": "azsdk-net-ResourceManager.Workloads/1.0.0-alpha.20220608.1 (.NET Framework 4.8.4510.0; Microsoft Windows 10.0.22000 )",
        "x-ms-client-request-id": "5623209ee0947f3cbbb392c2ca85acf5",
        "x-ms-return-client-request-id": "true"
      },
      "RequestBody": {
        "tags": {},
        "location": "eastus2",
        "properties": {
          "appLocation": "eastus",
          "routingPreference": "RouteAll",
          "managedResourceGroupConfiguration": {
            "name": "sapmonrg-9608"
          },
          "monitorSubnet": "/subscriptions/49d64d54-e966-4c46-a868-1999802b762c/resourceGroups/Basant-db2/providers/Microsoft.Network/virtualNetworks/db2-vnet/subnets/snet-db2-3"
        }
      },
      "StatusCode": 201,
      "ResponseHeaders": {
        "api-supported-versions": "2021-12-01-preview",
        "Azure-AsyncOperation": "https://management.azure.com/subscriptions/49d64d54-e966-4c46-a868-1999802b762c/providers/Microsoft.Workloads/locations/EASTUS2/operationStatuses/b9bb69da-4736-403a-aa5d-2ad285c8a56b*697C47B31607D0FDC8AF92227634D88F019D521D4F2EC1B67E06C3ED379A3789?api-version=2021-12-01-preview",
        "Cache-Control": "no-cache",
        "Content-Length": "853",
        "Content-Type": "application/json; charset=utf-8",
        "Date": "Thu, 09 Jun 2022 11:56:04 GMT",
        "ETag": "\u00228105c834-0000-0200-0000-62a1dfd30000\u0022",
        "Expires": "-1",
        "Location": "/subscriptions/49d64d54-e966-4c46-a868-1999802b762c/resourceGroups/suha-0802-rg11718/providers/Microsoft.Workloads/monitors/suha-0906-ams4670",
        "Pragma": "no-cache",
        "Strict-Transport-Security": "max-age=31536000; includeSubDomains",
        "X-Content-Type-Options": "nosniff",
        "x-ms-correlation-request-id": "127544be-6853-4139-8b1d-4690f5057d0f",
        "x-ms-providerhub-traffic": "True",
        "x-ms-ratelimit-remaining-subscription-writes": "1198",
        "x-ms-request-id": "b9bb69da-4736-403a-aa5d-2ad285c8a56b",
        "x-ms-routing-request-id": "SOUTHINDIA:20220609T115605Z:127544be-6853-4139-8b1d-4690f5057d0f"
      },
      "ResponseBody": {
        "id": "/subscriptions/49d64d54-e966-4c46-a868-1999802b762c/resourceGroups/suha-0802-rg11718/providers/Microsoft.Workloads/monitors/suha-0906-ams4670",
        "name": "suha-0906-ams4670",
        "type": "microsoft.workloads/monitors",
        "location": "eastus2",
        "tags": {},
        "systemData": {
          "createdBy": "a7df1f57-04bc-4411-9ab2-067700f4247b",
          "createdByType": "Application",
          "createdAt": "2022-06-09T11:56:02.7640577Z",
          "lastModifiedBy": "a7df1f57-04bc-4411-9ab2-067700f4247b",
          "lastModifiedByType": "Application",
          "lastModifiedAt": "2022-06-09T11:56:02.7640577Z"
        },
        "properties": {
          "appLocation": "eastus",
          "routingPreference": "RouteAll",
          "managedResourceGroupConfiguration": {
            "name": "sapmonrg-9608"
          },
          "monitorSubnet": "/subscriptions/49d64d54-e966-4c46-a868-1999802b762c/resourceGroups/Basant-db2/providers/Microsoft.Network/virtualNetworks/db2-vnet/subnets/snet-db2-2",
          "provisioningState": "Accepted"
        }
      }
    },
    {
      "RequestUri": "https://management.azure.com/subscriptions/49d64d54-e966-4c46-a868-1999802b762c/providers/Microsoft.Workloads/locations/EASTUS2/operationStatuses/b9bb69da-4736-403a-aa5d-2ad285c8a56b*697C47B31607D0FDC8AF92227634D88F019D521D4F2EC1B67E06C3ED379A3789?api-version=2021-12-01-preview",
      "RequestMethod": "GET",
      "RequestHeaders": {
        "Authorization": "Sanitized",
        "traceparent": "00-7a255a1228e4184c93770d9a2621b522-251dda8dc9068640-00",
        "User-Agent": "azsdk-net-ResourceManager/1.0.0 (.NET Framework 4.8.4510.0; Microsoft Windows 10.0.22000 )",
        "x-ms-client-request-id": "2786e5d9cc9328af187ee85e202bc100",
        "x-ms-return-client-request-id": "true"
      },
      "RequestBody": null,
      "StatusCode": 200,
      "ResponseHeaders": {
        "Cache-Control": "no-cache",
        "Content-Length": "559",
        "Content-Type": "application/json; charset=utf-8",
        "Date": "Thu, 09 Jun 2022 11:56:04 GMT",
        "ETag": "\u0022cb062cfb-0000-0200-0000-62a1dfd30000\u0022",
        "Expires": "-1",
        "Pragma": "no-cache",
        "Strict-Transport-Security": "max-age=31536000; includeSubDomains",
        "X-Content-Type-Options": "nosniff",
        "x-ms-correlation-request-id": "88df4401-f5a2-41c5-852b-e9a4e406e00c",
        "x-ms-ratelimit-remaining-subscription-reads": "11998",
        "x-ms-request-id": "f4019e60-edac-40cc-92f0-5480262da6fa",
        "x-ms-routing-request-id": "SOUTHINDIA:20220609T115605Z:88df4401-f5a2-41c5-852b-e9a4e406e00c"
      },
      "ResponseBody": {
        "id": "/subscriptions/49d64d54-e966-4c46-a868-1999802b762c/providers/Microsoft.Workloads/locations/EASTUS2/operationStatuses/b9bb69da-4736-403a-aa5d-2ad285c8a56b*697C47B31607D0FDC8AF92227634D88F019D521D4F2EC1B67E06C3ED379A3789",
        "name": "b9bb69da-4736-403a-aa5d-2ad285c8a56b*697C47B31607D0FDC8AF92227634D88F019D521D4F2EC1B67E06C3ED379A3789",
        "resourceId": "/subscriptions/49d64d54-e966-4c46-a868-1999802b762c/resourceGroups/suha-0802-rg11718/providers/Microsoft.Workloads/monitors/suha-0906-ams4670",
        "status": "Accepted",
        "startTime": "2022-06-09T11:56:03.6791356Z"
      }
    },
    {
      "RequestUri": "https://management.azure.com/subscriptions/49d64d54-e966-4c46-a868-1999802b762c/providers/Microsoft.Workloads/locations/EASTUS2/operationStatuses/b9bb69da-4736-403a-aa5d-2ad285c8a56b*697C47B31607D0FDC8AF92227634D88F019D521D4F2EC1B67E06C3ED379A3789?api-version=2021-12-01-preview",
      "RequestMethod": "GET",
      "RequestHeaders": {
        "Authorization": "Sanitized",
        "traceparent": "00-7a255a1228e4184c93770d9a2621b522-156e27ac2375e44b-00",
        "User-Agent": "azsdk-net-ResourceManager/1.0.0 (.NET Framework 4.8.4510.0; Microsoft Windows 10.0.22000 )",
        "x-ms-client-request-id": "13d0f57994eaafe57c4ab0bdec0da2ad",
        "x-ms-return-client-request-id": "true"
      },
      "RequestBody": null,
      "StatusCode": 200,
      "ResponseHeaders": {
        "Cache-Control": "no-cache",
        "Content-Length": "559",
        "Content-Type": "application/json; charset=utf-8",
        "Date": "Thu, 09 Jun 2022 11:56:05 GMT",
        "ETag": "\u0022cb062cfb-0000-0200-0000-62a1dfd30000\u0022",
        "Expires": "-1",
        "Pragma": "no-cache",
        "Strict-Transport-Security": "max-age=31536000; includeSubDomains",
        "X-Content-Type-Options": "nosniff",
        "x-ms-correlation-request-id": "a3f29955-96d5-4747-b7ba-5cd1467aa61f",
        "x-ms-ratelimit-remaining-subscription-reads": "11997",
        "x-ms-request-id": "de785ba2-816b-4fb1-a514-adea41e79194",
        "x-ms-routing-request-id": "SOUTHINDIA:20220609T115606Z:a3f29955-96d5-4747-b7ba-5cd1467aa61f"
      },
      "ResponseBody": {
        "id": "/subscriptions/49d64d54-e966-4c46-a868-1999802b762c/providers/Microsoft.Workloads/locations/EASTUS2/operationStatuses/b9bb69da-4736-403a-aa5d-2ad285c8a56b*697C47B31607D0FDC8AF92227634D88F019D521D4F2EC1B67E06C3ED379A3789",
        "name": "b9bb69da-4736-403a-aa5d-2ad285c8a56b*697C47B31607D0FDC8AF92227634D88F019D521D4F2EC1B67E06C3ED379A3789",
        "resourceId": "/subscriptions/49d64d54-e966-4c46-a868-1999802b762c/resourceGroups/suha-0802-rg11718/providers/Microsoft.Workloads/monitors/suha-0906-ams4670",
        "status": "Accepted",
        "startTime": "2022-06-09T11:56:03.6791356Z"
      }
    },
    {
      "RequestUri": "https://management.azure.com/subscriptions/49d64d54-e966-4c46-a868-1999802b762c/providers/Microsoft.Workloads/locations/EASTUS2/operationStatuses/b9bb69da-4736-403a-aa5d-2ad285c8a56b*697C47B31607D0FDC8AF92227634D88F019D521D4F2EC1B67E06C3ED379A3789?api-version=2021-12-01-preview",
      "RequestMethod": "GET",
      "RequestHeaders": {
        "Authorization": "Sanitized",
        "traceparent": "00-7a255a1228e4184c93770d9a2621b522-5bccf5c4ee39a64b-00",
        "User-Agent": "azsdk-net-ResourceManager/1.0.0 (.NET Framework 4.8.4510.0; Microsoft Windows 10.0.22000 )",
        "x-ms-client-request-id": "e4e81e6c85fe636108dd743e0645b87a",
        "x-ms-return-client-request-id": "true"
      },
      "RequestBody": null,
      "StatusCode": 200,
      "ResponseHeaders": {
        "Cache-Control": "no-cache",
        "Content-Length": "559",
        "Content-Type": "application/json; charset=utf-8",
        "Date": "Thu, 09 Jun 2022 11:56:07 GMT",
        "ETag": "\u0022cb062cfb-0000-0200-0000-62a1dfd30000\u0022",
        "Expires": "-1",
        "Pragma": "no-cache",
        "Strict-Transport-Security": "max-age=31536000; includeSubDomains",
        "X-Content-Type-Options": "nosniff",
        "x-ms-correlation-request-id": "1aa3e479-4c18-4782-ad64-92e671b73a38",
        "x-ms-ratelimit-remaining-subscription-reads": "11996",
        "x-ms-request-id": "20af4f9e-7a06-40cf-b4ba-b12f003bbab9",
        "x-ms-routing-request-id": "SOUTHINDIA:20220609T115608Z:1aa3e479-4c18-4782-ad64-92e671b73a38"
      },
      "ResponseBody": {
        "id": "/subscriptions/49d64d54-e966-4c46-a868-1999802b762c/providers/Microsoft.Workloads/locations/EASTUS2/operationStatuses/b9bb69da-4736-403a-aa5d-2ad285c8a56b*697C47B31607D0FDC8AF92227634D88F019D521D4F2EC1B67E06C3ED379A3789",
        "name": "b9bb69da-4736-403a-aa5d-2ad285c8a56b*697C47B31607D0FDC8AF92227634D88F019D521D4F2EC1B67E06C3ED379A3789",
        "resourceId": "/subscriptions/49d64d54-e966-4c46-a868-1999802b762c/resourceGroups/suha-0802-rg11718/providers/Microsoft.Workloads/monitors/suha-0906-ams4670",
        "status": "Accepted",
        "startTime": "2022-06-09T11:56:03.6791356Z"
      }
    },
    {
      "RequestUri": "https://management.azure.com/subscriptions/49d64d54-e966-4c46-a868-1999802b762c/providers/Microsoft.Workloads/locations/EASTUS2/operationStatuses/b9bb69da-4736-403a-aa5d-2ad285c8a56b*697C47B31607D0FDC8AF92227634D88F019D521D4F2EC1B67E06C3ED379A3789?api-version=2021-12-01-preview",
      "RequestMethod": "GET",
      "RequestHeaders": {
        "Authorization": "Sanitized",
        "traceparent": "00-7a255a1228e4184c93770d9a2621b522-d4e688460f2e4748-00",
        "User-Agent": "azsdk-net-ResourceManager/1.0.0 (.NET Framework 4.8.4510.0; Microsoft Windows 10.0.22000 )",
        "x-ms-client-request-id": "e7b5f314333d458900d7aa491cf13b0b",
        "x-ms-return-client-request-id": "true"
      },
      "RequestBody": null,
      "StatusCode": 200,
      "ResponseHeaders": {
        "Cache-Control": "no-cache",
        "Content-Length": "559",
        "Content-Type": "application/json; charset=utf-8",
        "Date": "Thu, 09 Jun 2022 11:56:08 GMT",
        "ETag": "\u0022cb062cfb-0000-0200-0000-62a1dfd30000\u0022",
        "Expires": "-1",
        "Pragma": "no-cache",
        "Strict-Transport-Security": "max-age=31536000; includeSubDomains",
        "X-Content-Type-Options": "nosniff",
        "x-ms-correlation-request-id": "0d24a63b-85b1-424b-aae0-c721252f2c30",
        "x-ms-ratelimit-remaining-subscription-reads": "11995",
        "x-ms-request-id": "6ba401d8-15a9-4ed4-ab63-7f54908c77ef",
        "x-ms-routing-request-id": "SOUTHINDIA:20220609T115609Z:0d24a63b-85b1-424b-aae0-c721252f2c30"
      },
      "ResponseBody": {
        "id": "/subscriptions/49d64d54-e966-4c46-a868-1999802b762c/providers/Microsoft.Workloads/locations/EASTUS2/operationStatuses/b9bb69da-4736-403a-aa5d-2ad285c8a56b*697C47B31607D0FDC8AF92227634D88F019D521D4F2EC1B67E06C3ED379A3789",
        "name": "b9bb69da-4736-403a-aa5d-2ad285c8a56b*697C47B31607D0FDC8AF92227634D88F019D521D4F2EC1B67E06C3ED379A3789",
        "resourceId": "/subscriptions/49d64d54-e966-4c46-a868-1999802b762c/resourceGroups/suha-0802-rg11718/providers/Microsoft.Workloads/monitors/suha-0906-ams4670",
        "status": "Accepted",
        "startTime": "2022-06-09T11:56:03.6791356Z"
      }
    },
    {
      "RequestUri": "https://management.azure.com/subscriptions/49d64d54-e966-4c46-a868-1999802b762c/providers/Microsoft.Workloads/locations/EASTUS2/operationStatuses/b9bb69da-4736-403a-aa5d-2ad285c8a56b*697C47B31607D0FDC8AF92227634D88F019D521D4F2EC1B67E06C3ED379A3789?api-version=2021-12-01-preview",
      "RequestMethod": "GET",
      "RequestHeaders": {
        "Authorization": "Sanitized",
        "traceparent": "00-7a255a1228e4184c93770d9a2621b522-5ca70e0c6a2e7c4a-00",
        "User-Agent": "azsdk-net-ResourceManager/1.0.0 (.NET Framework 4.8.4510.0; Microsoft Windows 10.0.22000 )",
        "x-ms-client-request-id": "02f13adbdc42f402946d0a0c1fa7a837",
        "x-ms-return-client-request-id": "true"
      },
      "RequestBody": null,
      "StatusCode": 200,
      "ResponseHeaders": {
        "Cache-Control": "no-cache",
        "Content-Length": "559",
        "Content-Type": "application/json; charset=utf-8",
        "Date": "Thu, 09 Jun 2022 11:56:10 GMT",
        "ETag": "\u0022cb062cfb-0000-0200-0000-62a1dfd30000\u0022",
        "Expires": "-1",
        "Pragma": "no-cache",
        "Strict-Transport-Security": "max-age=31536000; includeSubDomains",
        "X-Content-Type-Options": "nosniff",
        "x-ms-correlation-request-id": "203cf2e0-5c55-43db-b823-e9f8c1662977",
        "x-ms-ratelimit-remaining-subscription-reads": "11994",
        "x-ms-request-id": "9ba882dd-f665-4953-8f46-44b2d10b9047",
        "x-ms-routing-request-id": "SOUTHINDIA:20220609T115611Z:203cf2e0-5c55-43db-b823-e9f8c1662977"
      },
      "ResponseBody": {
        "id": "/subscriptions/49d64d54-e966-4c46-a868-1999802b762c/providers/Microsoft.Workloads/locations/EASTUS2/operationStatuses/b9bb69da-4736-403a-aa5d-2ad285c8a56b*697C47B31607D0FDC8AF92227634D88F019D521D4F2EC1B67E06C3ED379A3789",
        "name": "b9bb69da-4736-403a-aa5d-2ad285c8a56b*697C47B31607D0FDC8AF92227634D88F019D521D4F2EC1B67E06C3ED379A3789",
        "resourceId": "/subscriptions/49d64d54-e966-4c46-a868-1999802b762c/resourceGroups/suha-0802-rg11718/providers/Microsoft.Workloads/monitors/suha-0906-ams4670",
        "status": "Accepted",
        "startTime": "2022-06-09T11:56:03.6791356Z"
      }
    },
    {
      "RequestUri": "https://management.azure.com/subscriptions/49d64d54-e966-4c46-a868-1999802b762c/providers/Microsoft.Workloads/locations/EASTUS2/operationStatuses/b9bb69da-4736-403a-aa5d-2ad285c8a56b*697C47B31607D0FDC8AF92227634D88F019D521D4F2EC1B67E06C3ED379A3789?api-version=2021-12-01-preview",
      "RequestMethod": "GET",
      "RequestHeaders": {
        "Authorization": "Sanitized",
        "traceparent": "00-7a255a1228e4184c93770d9a2621b522-7ecd2c1b395f6f48-00",
        "User-Agent": "azsdk-net-ResourceManager/1.0.0 (.NET Framework 4.8.4510.0; Microsoft Windows 10.0.22000 )",
        "x-ms-client-request-id": "f8a83591bb57387094a3e426db184617",
        "x-ms-return-client-request-id": "true"
      },
      "RequestBody": null,
      "StatusCode": 200,
      "ResponseHeaders": {
        "Cache-Control": "no-cache",
        "Content-Length": "559",
        "Content-Type": "application/json; charset=utf-8",
        "Date": "Thu, 09 Jun 2022 11:56:16 GMT",
        "ETag": "\u0022cb062cfb-0000-0200-0000-62a1dfd30000\u0022",
        "Expires": "-1",
        "Pragma": "no-cache",
        "Strict-Transport-Security": "max-age=31536000; includeSubDomains",
        "X-Content-Type-Options": "nosniff",
        "x-ms-correlation-request-id": "f8689ce2-3973-4bda-b57d-28a8569c4363",
        "x-ms-ratelimit-remaining-subscription-reads": "11993",
        "x-ms-request-id": "b16cda7f-f838-49e9-9c9f-93d243e114b0",
        "x-ms-routing-request-id": "SOUTHINDIA:20220609T115616Z:f8689ce2-3973-4bda-b57d-28a8569c4363"
      },
      "ResponseBody": {
        "id": "/subscriptions/49d64d54-e966-4c46-a868-1999802b762c/providers/Microsoft.Workloads/locations/EASTUS2/operationStatuses/b9bb69da-4736-403a-aa5d-2ad285c8a56b*697C47B31607D0FDC8AF92227634D88F019D521D4F2EC1B67E06C3ED379A3789",
        "name": "b9bb69da-4736-403a-aa5d-2ad285c8a56b*697C47B31607D0FDC8AF92227634D88F019D521D4F2EC1B67E06C3ED379A3789",
        "resourceId": "/subscriptions/49d64d54-e966-4c46-a868-1999802b762c/resourceGroups/suha-0802-rg11718/providers/Microsoft.Workloads/monitors/suha-0906-ams4670",
        "status": "Accepted",
        "startTime": "2022-06-09T11:56:03.6791356Z"
      }
    },
    {
      "RequestUri": "https://management.azure.com/subscriptions/49d64d54-e966-4c46-a868-1999802b762c/providers/Microsoft.Workloads/locations/EASTUS2/operationStatuses/b9bb69da-4736-403a-aa5d-2ad285c8a56b*697C47B31607D0FDC8AF92227634D88F019D521D4F2EC1B67E06C3ED379A3789?api-version=2021-12-01-preview",
      "RequestMethod": "GET",
      "RequestHeaders": {
        "Authorization": "Sanitized",
        "traceparent": "00-7a255a1228e4184c93770d9a2621b522-fc4b9c716ff3ca49-00",
        "User-Agent": "azsdk-net-ResourceManager/1.0.0 (.NET Framework 4.8.4510.0; Microsoft Windows 10.0.22000 )",
        "x-ms-client-request-id": "cc6269a2b6533737f1c153cf287d2659",
        "x-ms-return-client-request-id": "true"
      },
      "RequestBody": null,
      "StatusCode": 200,
      "ResponseHeaders": {
        "Cache-Control": "no-cache",
        "Content-Length": "559",
        "Content-Type": "application/json; charset=utf-8",
        "Date": "Thu, 09 Jun 2022 11:56:24 GMT",
        "ETag": "\u0022cb062cfb-0000-0200-0000-62a1dfd30000\u0022",
        "Expires": "-1",
        "Pragma": "no-cache",
        "Strict-Transport-Security": "max-age=31536000; includeSubDomains",
        "X-Content-Type-Options": "nosniff",
        "x-ms-correlation-request-id": "2cb7f87a-b43b-42d4-a5b7-929a650f7033",
        "x-ms-ratelimit-remaining-subscription-reads": "11992",
        "x-ms-request-id": "b6abcc12-1d05-4041-8950-d840cd29df3d",
        "x-ms-routing-request-id": "SOUTHINDIA:20220609T115624Z:2cb7f87a-b43b-42d4-a5b7-929a650f7033"
      },
      "ResponseBody": {
        "id": "/subscriptions/49d64d54-e966-4c46-a868-1999802b762c/providers/Microsoft.Workloads/locations/EASTUS2/operationStatuses/b9bb69da-4736-403a-aa5d-2ad285c8a56b*697C47B31607D0FDC8AF92227634D88F019D521D4F2EC1B67E06C3ED379A3789",
        "name": "b9bb69da-4736-403a-aa5d-2ad285c8a56b*697C47B31607D0FDC8AF92227634D88F019D521D4F2EC1B67E06C3ED379A3789",
        "resourceId": "/subscriptions/49d64d54-e966-4c46-a868-1999802b762c/resourceGroups/suha-0802-rg11718/providers/Microsoft.Workloads/monitors/suha-0906-ams4670",
        "status": "Accepted",
        "startTime": "2022-06-09T11:56:03.6791356Z"
      }
    },
    {
      "RequestUri": "https://management.azure.com/subscriptions/49d64d54-e966-4c46-a868-1999802b762c/providers/Microsoft.Workloads/locations/EASTUS2/operationStatuses/b9bb69da-4736-403a-aa5d-2ad285c8a56b*697C47B31607D0FDC8AF92227634D88F019D521D4F2EC1B67E06C3ED379A3789?api-version=2021-12-01-preview",
      "RequestMethod": "GET",
      "RequestHeaders": {
        "Authorization": "Sanitized",
        "traceparent": "00-7a255a1228e4184c93770d9a2621b522-423886d53238d44a-00",
        "User-Agent": "azsdk-net-ResourceManager/1.0.0 (.NET Framework 4.8.4510.0; Microsoft Windows 10.0.22000 )",
        "x-ms-client-request-id": "e6b7722e424820b4c9b96d9ff8db197b",
        "x-ms-return-client-request-id": "true"
      },
      "RequestBody": null,
      "StatusCode": 200,
      "ResponseHeaders": {
        "Cache-Control": "no-cache",
        "Content-Length": "559",
        "Content-Type": "application/json; charset=utf-8",
        "Date": "Thu, 09 Jun 2022 11:56:40 GMT",
        "ETag": "\u0022cb062cfb-0000-0200-0000-62a1dfd30000\u0022",
        "Expires": "-1",
        "Pragma": "no-cache",
        "Strict-Transport-Security": "max-age=31536000; includeSubDomains",
        "X-Content-Type-Options": "nosniff",
        "x-ms-correlation-request-id": "4fc5e36c-8f73-43a8-8d83-c9b22ccbbaa4",
        "x-ms-ratelimit-remaining-subscription-reads": "11991",
        "x-ms-request-id": "50629d6a-970a-400a-b4c6-752852aade9f",
        "x-ms-routing-request-id": "SOUTHINDIA:20220609T115640Z:4fc5e36c-8f73-43a8-8d83-c9b22ccbbaa4"
      },
      "ResponseBody": {
        "id": "/subscriptions/49d64d54-e966-4c46-a868-1999802b762c/providers/Microsoft.Workloads/locations/EASTUS2/operationStatuses/b9bb69da-4736-403a-aa5d-2ad285c8a56b*697C47B31607D0FDC8AF92227634D88F019D521D4F2EC1B67E06C3ED379A3789",
        "name": "b9bb69da-4736-403a-aa5d-2ad285c8a56b*697C47B31607D0FDC8AF92227634D88F019D521D4F2EC1B67E06C3ED379A3789",
        "resourceId": "/subscriptions/49d64d54-e966-4c46-a868-1999802b762c/resourceGroups/suha-0802-rg11718/providers/Microsoft.Workloads/monitors/suha-0906-ams4670",
        "status": "Accepted",
        "startTime": "2022-06-09T11:56:03.6791356Z"
      }
    },
    {
      "RequestUri": "https://management.azure.com/subscriptions/49d64d54-e966-4c46-a868-1999802b762c/providers/Microsoft.Workloads/locations/EASTUS2/operationStatuses/b9bb69da-4736-403a-aa5d-2ad285c8a56b*697C47B31607D0FDC8AF92227634D88F019D521D4F2EC1B67E06C3ED379A3789?api-version=2021-12-01-preview",
      "RequestMethod": "GET",
      "RequestHeaders": {
        "Authorization": "Sanitized",
        "traceparent": "00-7a255a1228e4184c93770d9a2621b522-c1995da1f775a049-00",
        "User-Agent": "azsdk-net-ResourceManager/1.0.0 (.NET Framework 4.8.4510.0; Microsoft Windows 10.0.22000 )",
        "x-ms-client-request-id": "b56af326dc44dae4fd70079567a00f17",
        "x-ms-return-client-request-id": "true"
      },
      "RequestBody": null,
      "StatusCode": 200,
      "ResponseHeaders": {
        "Cache-Control": "no-cache",
        "Content-Length": "559",
        "Content-Type": "application/json; charset=utf-8",
        "Date": "Thu, 09 Jun 2022 11:57:12 GMT",
        "ETag": "\u0022cb062cfb-0000-0200-0000-62a1dfd30000\u0022",
        "Expires": "-1",
        "Pragma": "no-cache",
        "Strict-Transport-Security": "max-age=31536000; includeSubDomains",
        "X-Content-Type-Options": "nosniff",
        "x-ms-correlation-request-id": "95e2784a-9845-4243-a734-bf3cf7fbca1b",
        "x-ms-ratelimit-remaining-subscription-reads": "11990",
        "x-ms-request-id": "2e626d5e-d1f4-4a15-a2a4-cbd4e7cfefe1",
        "x-ms-routing-request-id": "SOUTHINDIA:20220609T115712Z:95e2784a-9845-4243-a734-bf3cf7fbca1b"
      },
      "ResponseBody": {
        "id": "/subscriptions/49d64d54-e966-4c46-a868-1999802b762c/providers/Microsoft.Workloads/locations/EASTUS2/operationStatuses/b9bb69da-4736-403a-aa5d-2ad285c8a56b*697C47B31607D0FDC8AF92227634D88F019D521D4F2EC1B67E06C3ED379A3789",
        "name": "b9bb69da-4736-403a-aa5d-2ad285c8a56b*697C47B31607D0FDC8AF92227634D88F019D521D4F2EC1B67E06C3ED379A3789",
        "resourceId": "/subscriptions/49d64d54-e966-4c46-a868-1999802b762c/resourceGroups/suha-0802-rg11718/providers/Microsoft.Workloads/monitors/suha-0906-ams4670",
        "status": "Accepted",
        "startTime": "2022-06-09T11:56:03.6791356Z"
      }
    },
    {
      "RequestUri": "https://management.azure.com/subscriptions/49d64d54-e966-4c46-a868-1999802b762c/providers/Microsoft.Workloads/locations/EASTUS2/operationStatuses/b9bb69da-4736-403a-aa5d-2ad285c8a56b*697C47B31607D0FDC8AF92227634D88F019D521D4F2EC1B67E06C3ED379A3789?api-version=2021-12-01-preview",
      "RequestMethod": "GET",
      "RequestHeaders": {
        "Authorization": "Sanitized",
        "traceparent": "00-7a255a1228e4184c93770d9a2621b522-df2e96d569848749-00",
        "User-Agent": "azsdk-net-ResourceManager/1.0.0 (.NET Framework 4.8.4510.0; Microsoft Windows 10.0.22000 )",
        "x-ms-client-request-id": "69f88a7c5f605fceb442029a48983f15",
        "x-ms-return-client-request-id": "true"
      },
      "RequestBody": null,
      "StatusCode": 200,
      "ResponseHeaders": {
        "Cache-Control": "no-cache",
        "Content-Length": "559",
        "Content-Type": "application/json; charset=utf-8",
        "Date": "Thu, 09 Jun 2022 11:57:44 GMT",
        "ETag": "\u0022cb062cfb-0000-0200-0000-62a1dfd30000\u0022",
        "Expires": "-1",
        "Pragma": "no-cache",
        "Strict-Transport-Security": "max-age=31536000; includeSubDomains",
        "X-Content-Type-Options": "nosniff",
        "x-ms-correlation-request-id": "a2a667f5-fb37-4a2c-81e0-e59b95544978",
        "x-ms-ratelimit-remaining-subscription-reads": "11989",
        "x-ms-request-id": "f8b8cdd1-25a6-488a-a20b-885b170bd25c",
        "x-ms-routing-request-id": "SOUTHINDIA:20220609T115745Z:a2a667f5-fb37-4a2c-81e0-e59b95544978"
      },
      "ResponseBody": {
        "id": "/subscriptions/49d64d54-e966-4c46-a868-1999802b762c/providers/Microsoft.Workloads/locations/EASTUS2/operationStatuses/b9bb69da-4736-403a-aa5d-2ad285c8a56b*697C47B31607D0FDC8AF92227634D88F019D521D4F2EC1B67E06C3ED379A3789",
        "name": "b9bb69da-4736-403a-aa5d-2ad285c8a56b*697C47B31607D0FDC8AF92227634D88F019D521D4F2EC1B67E06C3ED379A3789",
        "resourceId": "/subscriptions/49d64d54-e966-4c46-a868-1999802b762c/resourceGroups/suha-0802-rg11718/providers/Microsoft.Workloads/monitors/suha-0906-ams4670",
        "status": "Accepted",
        "startTime": "2022-06-09T11:56:03.6791356Z"
      }
    },
    {
      "RequestUri": "https://management.azure.com/subscriptions/49d64d54-e966-4c46-a868-1999802b762c/providers/Microsoft.Workloads/locations/EASTUS2/operationStatuses/b9bb69da-4736-403a-aa5d-2ad285c8a56b*697C47B31607D0FDC8AF92227634D88F019D521D4F2EC1B67E06C3ED379A3789?api-version=2021-12-01-preview",
      "RequestMethod": "GET",
      "RequestHeaders": {
        "Authorization": "Sanitized",
        "traceparent": "00-7a255a1228e4184c93770d9a2621b522-8244eb3a401b194d-00",
        "User-Agent": "azsdk-net-ResourceManager/1.0.0 (.NET Framework 4.8.4510.0; Microsoft Windows 10.0.22000 )",
        "x-ms-client-request-id": "35a9d7a8701252148ddde9d73b1eb829",
        "x-ms-return-client-request-id": "true"
      },
      "RequestBody": null,
      "StatusCode": 200,
      "ResponseHeaders": {
        "Cache-Control": "no-cache",
        "Content-Length": "559",
        "Content-Type": "application/json; charset=utf-8",
        "Date": "Thu, 09 Jun 2022 11:58:16 GMT",
        "ETag": "\u0022cb062cfb-0000-0200-0000-62a1dfd30000\u0022",
        "Expires": "-1",
        "Pragma": "no-cache",
        "Strict-Transport-Security": "max-age=31536000; includeSubDomains",
        "X-Content-Type-Options": "nosniff",
        "x-ms-correlation-request-id": "16d30df9-e553-4ef6-8b96-5299a11668ef",
        "x-ms-ratelimit-remaining-subscription-reads": "11988",
        "x-ms-request-id": "dda9b4e5-149a-4300-8409-72961cd15224",
        "x-ms-routing-request-id": "SOUTHINDIA:20220609T115817Z:16d30df9-e553-4ef6-8b96-5299a11668ef"
      },
      "ResponseBody": {
        "id": "/subscriptions/49d64d54-e966-4c46-a868-1999802b762c/providers/Microsoft.Workloads/locations/EASTUS2/operationStatuses/b9bb69da-4736-403a-aa5d-2ad285c8a56b*697C47B31607D0FDC8AF92227634D88F019D521D4F2EC1B67E06C3ED379A3789",
        "name": "b9bb69da-4736-403a-aa5d-2ad285c8a56b*697C47B31607D0FDC8AF92227634D88F019D521D4F2EC1B67E06C3ED379A3789",
        "resourceId": "/subscriptions/49d64d54-e966-4c46-a868-1999802b762c/resourceGroups/suha-0802-rg11718/providers/Microsoft.Workloads/monitors/suha-0906-ams4670",
        "status": "Accepted",
        "startTime": "2022-06-09T11:56:03.6791356Z"
      }
    },
    {
      "RequestUri": "https://management.azure.com/subscriptions/49d64d54-e966-4c46-a868-1999802b762c/providers/Microsoft.Workloads/locations/EASTUS2/operationStatuses/b9bb69da-4736-403a-aa5d-2ad285c8a56b*697C47B31607D0FDC8AF92227634D88F019D521D4F2EC1B67E06C3ED379A3789?api-version=2021-12-01-preview",
      "RequestMethod": "GET",
      "RequestHeaders": {
        "Authorization": "Sanitized",
        "traceparent": "00-7a255a1228e4184c93770d9a2621b522-c2379cfde84c2f47-00",
        "User-Agent": "azsdk-net-ResourceManager/1.0.0 (.NET Framework 4.8.4510.0; Microsoft Windows 10.0.22000 )",
        "x-ms-client-request-id": "6d2356a9b0e3c61b240b0002d94a9165",
        "x-ms-return-client-request-id": "true"
      },
      "RequestBody": null,
      "StatusCode": 200,
      "ResponseHeaders": {
        "Cache-Control": "no-cache",
        "Content-Length": "559",
        "Content-Type": "application/json; charset=utf-8",
        "Date": "Thu, 09 Jun 2022 11:58:49 GMT",
        "ETag": "\u0022cb062cfb-0000-0200-0000-62a1dfd30000\u0022",
        "Expires": "-1",
        "Pragma": "no-cache",
        "Strict-Transport-Security": "max-age=31536000; includeSubDomains",
        "X-Content-Type-Options": "nosniff",
        "x-ms-correlation-request-id": "2f00125e-74b7-42b7-b638-f77c8623273f",
        "x-ms-ratelimit-remaining-subscription-reads": "11987",
        "x-ms-request-id": "135ee6e8-f495-478e-b1bc-1dd46ce023fc",
        "x-ms-routing-request-id": "SOUTHINDIA:20220609T115850Z:2f00125e-74b7-42b7-b638-f77c8623273f"
      },
      "ResponseBody": {
        "id": "/subscriptions/49d64d54-e966-4c46-a868-1999802b762c/providers/Microsoft.Workloads/locations/EASTUS2/operationStatuses/b9bb69da-4736-403a-aa5d-2ad285c8a56b*697C47B31607D0FDC8AF92227634D88F019D521D4F2EC1B67E06C3ED379A3789",
        "name": "b9bb69da-4736-403a-aa5d-2ad285c8a56b*697C47B31607D0FDC8AF92227634D88F019D521D4F2EC1B67E06C3ED379A3789",
        "resourceId": "/subscriptions/49d64d54-e966-4c46-a868-1999802b762c/resourceGroups/suha-0802-rg11718/providers/Microsoft.Workloads/monitors/suha-0906-ams4670",
        "status": "Accepted",
        "startTime": "2022-06-09T11:56:03.6791356Z"
      }
    },
    {
      "RequestUri": "https://management.azure.com/subscriptions/49d64d54-e966-4c46-a868-1999802b762c/providers/Microsoft.Workloads/locations/EASTUS2/operationStatuses/b9bb69da-4736-403a-aa5d-2ad285c8a56b*697C47B31607D0FDC8AF92227634D88F019D521D4F2EC1B67E06C3ED379A3789?api-version=2021-12-01-preview",
      "RequestMethod": "GET",
      "RequestHeaders": {
        "Authorization": "Sanitized",
        "traceparent": "00-7a255a1228e4184c93770d9a2621b522-2b7d275b74197a4b-00",
        "User-Agent": "azsdk-net-ResourceManager/1.0.0 (.NET Framework 4.8.4510.0; Microsoft Windows 10.0.22000 )",
        "x-ms-client-request-id": "90edf231daf70b0475a5db8376f62496",
        "x-ms-return-client-request-id": "true"
      },
      "RequestBody": null,
      "StatusCode": 200,
      "ResponseHeaders": {
        "Cache-Control": "no-cache",
        "Content-Length": "559",
        "Content-Type": "application/json; charset=utf-8",
        "Date": "Thu, 09 Jun 2022 11:59:21 GMT",
        "ETag": "\u0022cb062cfb-0000-0200-0000-62a1dfd30000\u0022",
        "Expires": "-1",
        "Pragma": "no-cache",
        "Strict-Transport-Security": "max-age=31536000; includeSubDomains",
        "X-Content-Type-Options": "nosniff",
        "x-ms-correlation-request-id": "3fd07191-fab2-40a0-851f-4468fbeab621",
        "x-ms-ratelimit-remaining-subscription-reads": "11986",
        "x-ms-request-id": "af6fb56d-e0ed-41e6-8f64-67a33b09652c",
        "x-ms-routing-request-id": "SOUTHINDIA:20220609T115922Z:3fd07191-fab2-40a0-851f-4468fbeab621"
      },
      "ResponseBody": {
        "id": "/subscriptions/49d64d54-e966-4c46-a868-1999802b762c/providers/Microsoft.Workloads/locations/EASTUS2/operationStatuses/b9bb69da-4736-403a-aa5d-2ad285c8a56b*697C47B31607D0FDC8AF92227634D88F019D521D4F2EC1B67E06C3ED379A3789",
        "name": "b9bb69da-4736-403a-aa5d-2ad285c8a56b*697C47B31607D0FDC8AF92227634D88F019D521D4F2EC1B67E06C3ED379A3789",
        "resourceId": "/subscriptions/49d64d54-e966-4c46-a868-1999802b762c/resourceGroups/suha-0802-rg11718/providers/Microsoft.Workloads/monitors/suha-0906-ams4670",
        "status": "Accepted",
        "startTime": "2022-06-09T11:56:03.6791356Z"
      }
    },
    {
      "RequestUri": "https://management.azure.com/subscriptions/49d64d54-e966-4c46-a868-1999802b762c/providers/Microsoft.Workloads/locations/EASTUS2/operationStatuses/b9bb69da-4736-403a-aa5d-2ad285c8a56b*697C47B31607D0FDC8AF92227634D88F019D521D4F2EC1B67E06C3ED379A3789?api-version=2021-12-01-preview",
      "RequestMethod": "GET",
      "RequestHeaders": {
        "Authorization": "Sanitized",
        "traceparent": "00-7a255a1228e4184c93770d9a2621b522-6b8bb683aaf23d41-00",
        "User-Agent": "azsdk-net-ResourceManager/1.0.0 (.NET Framework 4.8.4510.0; Microsoft Windows 10.0.22000 )",
        "x-ms-client-request-id": "f2f1d989d174f832bce210076f127843",
        "x-ms-return-client-request-id": "true"
      },
      "RequestBody": null,
      "StatusCode": 200,
      "ResponseHeaders": {
        "Cache-Control": "no-cache",
        "Content-Length": "618",
        "Content-Type": "application/json; charset=utf-8",
        "Date": "Thu, 09 Jun 2022 11:59:54 GMT",
        "ETag": "\u0022cb0618fc-0000-0200-0000-62a1e0a90000\u0022",
        "Expires": "-1",
        "Pragma": "no-cache",
        "Strict-Transport-Security": "max-age=31536000; includeSubDomains",
        "X-Content-Type-Options": "nosniff",
        "x-ms-correlation-request-id": "2a7cdf10-85b2-44c6-9d2a-c17ef1f1e9e7",
        "x-ms-ratelimit-remaining-subscription-reads": "11985",
        "x-ms-request-id": "9b517036-7631-4e1f-8db9-ee478bccba50",
        "x-ms-routing-request-id": "SOUTHINDIA:20220609T115954Z:2a7cdf10-85b2-44c6-9d2a-c17ef1f1e9e7"
      },
      "ResponseBody": {
        "id": "/subscriptions/49d64d54-e966-4c46-a868-1999802b762c/providers/Microsoft.Workloads/locations/EASTUS2/operationStatuses/b9bb69da-4736-403a-aa5d-2ad285c8a56b*697C47B31607D0FDC8AF92227634D88F019D521D4F2EC1B67E06C3ED379A3789",
        "name": "b9bb69da-4736-403a-aa5d-2ad285c8a56b*697C47B31607D0FDC8AF92227634D88F019D521D4F2EC1B67E06C3ED379A3789",
        "resourceId": "/subscriptions/49d64d54-e966-4c46-a868-1999802b762c/resourceGroups/suha-0802-rg11718/providers/Microsoft.Workloads/monitors/suha-0906-ams4670",
        "status": "Succeeded",
        "startTime": "2022-06-09T11:56:03.6791356Z",
        "endTime": "2022-06-09T11:59:37.731525Z",
        "properties": null
      }
    },
    {
      "RequestUri": "https://management.azure.com/subscriptions/49d64d54-e966-4c46-a868-1999802b762c/resourceGroups/suha-0802-rg11718/providers/Microsoft.Workloads/monitors/suha-0906-ams4670?api-version=2021-12-01-preview",
      "RequestMethod": "GET",
      "RequestHeaders": {
        "Authorization": "Sanitized",
        "traceparent": "00-7a255a1228e4184c93770d9a2621b522-5a154df106a83043-00",
        "User-Agent": "azsdk-net-ResourceManager/1.0.0 (.NET Framework 4.8.4510.0; Microsoft Windows 10.0.22000 )",
        "x-ms-client-request-id": "48a6834b2830ce315217f73dd497502d",
        "x-ms-return-client-request-id": "true"
      },
      "RequestBody": null,
      "StatusCode": 200,
      "ResponseHeaders": {
        "Cache-Control": "no-cache",
        "Content-Length": "1223",
        "Content-Type": "application/json; charset=utf-8",
        "Date": "Thu, 09 Jun 2022 11:59:54 GMT",
        "ETag": "\u00228105a435-0000-0200-0000-62a1e0a90000\u0022",
        "Expires": "-1",
        "Pragma": "no-cache",
        "Strict-Transport-Security": "max-age=31536000; includeSubDomains",
        "X-Content-Type-Options": "nosniff",
        "x-ms-correlation-request-id": "9dce3cee-6ea5-4aff-bba6-51f97e26bbfc",
        "x-ms-providerhub-traffic": "True",
        "x-ms-ratelimit-remaining-subscription-reads": "11984",
        "x-ms-request-id": "b664e3ac-0f91-4133-8319-ae54e512d6bd",
        "x-ms-routing-request-id": "SOUTHINDIA:20220609T115955Z:9dce3cee-6ea5-4aff-bba6-51f97e26bbfc"
      },
      "ResponseBody": {
        "id": "/subscriptions/49d64d54-e966-4c46-a868-1999802b762c/resourceGroups/suha-0802-rg11718/providers/Microsoft.Workloads/monitors/suha-0906-ams4670",
        "name": "suha-0906-ams4670",
        "type": "microsoft.workloads/monitors",
        "location": "eastus2",
        "tags": {},
        "systemData": {
          "createdBy": "a7df1f57-04bc-4411-9ab2-067700f4247b",
          "createdByType": "Application",
          "createdAt": "2022-06-09T11:56:02.7640577Z",
          "lastModifiedBy": "a7df1f57-04bc-4411-9ab2-067700f4247b",
          "lastModifiedByType": "Application",
          "lastModifiedAt": "2022-06-09T11:56:02.7640577Z"
        },
        "properties": {
          "appLocation": "eastus",
          "routingPreference": "RouteAll",
          "managedResourceGroupConfiguration": {
            "name": "sapmonrg-9608"
          },
          "monitorSubnet": "/subscriptions/49d64d54-e966-4c46-a868-1999802b762c/resourceGroups/Basant-db2/providers/Microsoft.Network/virtualNetworks/db2-vnet/subnets/snet-db2-2",
          "provisioningState": "Succeeded",
          "logAnalyticsWorkspaceArmId": "/subscriptions/49d64d54-e966-4c46-a868-1999802b762c/resourcegroups/sapmonrg-9608/providers/microsoft.operationalinsights/workspaces/sapmon-laws-473691c393dae9",
          "msiArmId": "/subscriptions/49d64d54-e966-4c46-a868-1999802b762c/resourcegroups/sapmonrg-9608/providers/Microsoft.ManagedIdentity/userAssignedIdentities/sapmon-msi-473691c393dae9"
        }
      }
    },
    {
      "RequestUri": "https://management.azure.com/subscriptions/49d64d54-e966-4c46-a868-1999802b762c/resourceGroups/suha-0802-rg11718/providers/Microsoft.Workloads/monitors/suha-0906-ams4670?api-version=2021-12-01-preview",
      "RequestMethod": "GET",
      "RequestHeaders": {
        "Accept": "application/json",
        "Authorization": "Sanitized",
        "traceparent": "00-7fca40f0a25cb14eb433162fd731b61f-528989d8cc520044-00",
        "User-Agent": "azsdk-net-ResourceManager.Workloads/1.0.0-alpha.20220608.1 (.NET Framework 4.8.4510.0; Microsoft Windows 10.0.22000 )",
        "x-ms-client-request-id": "00786ae79f595ff0bff5d314cafc9c63",
        "x-ms-return-client-request-id": "true"
      },
      "RequestBody": null,
      "StatusCode": 200,
      "ResponseHeaders": {
        "Cache-Control": "no-cache",
        "Content-Length": "1223",
        "Content-Type": "application/json; charset=utf-8",
        "Date": "Thu, 09 Jun 2022 11:59:55 GMT",
        "ETag": "\u00228105a435-0000-0200-0000-62a1e0a90000\u0022",
        "Expires": "-1",
        "Pragma": "no-cache",
        "Strict-Transport-Security": "max-age=31536000; includeSubDomains",
        "X-Content-Type-Options": "nosniff",
        "x-ms-correlation-request-id": "8e8ef398-b466-43be-9cbe-09e196d4dd26",
        "x-ms-providerhub-traffic": "True",
        "x-ms-ratelimit-remaining-subscription-reads": "11983",
        "x-ms-request-id": "f3a15c51-c854-4b9c-b81e-26145eff236a",
        "x-ms-routing-request-id": "SOUTHINDIA:20220609T115956Z:8e8ef398-b466-43be-9cbe-09e196d4dd26"
      },
      "ResponseBody": {
        "id": "/subscriptions/49d64d54-e966-4c46-a868-1999802b762c/resourceGroups/suha-0802-rg11718/providers/Microsoft.Workloads/monitors/suha-0906-ams4670",
        "name": "suha-0906-ams4670",
        "type": "microsoft.workloads/monitors",
        "location": "eastus2",
        "tags": {},
        "systemData": {
          "createdBy": "a7df1f57-04bc-4411-9ab2-067700f4247b",
          "createdByType": "Application",
          "createdAt": "2022-06-09T11:56:02.7640577Z",
          "lastModifiedBy": "a7df1f57-04bc-4411-9ab2-067700f4247b",
          "lastModifiedByType": "Application",
          "lastModifiedAt": "2022-06-09T11:56:02.7640577Z"
        },
        "properties": {
          "appLocation": "eastus",
          "routingPreference": "RouteAll",
          "managedResourceGroupConfiguration": {
            "name": "sapmonrg-9608"
          },
          "monitorSubnet": "/subscriptions/49d64d54-e966-4c46-a868-1999802b762c/resourceGroups/Basant-db2/providers/Microsoft.Network/virtualNetworks/db2-vnet/subnets/snet-db2-2",
          "provisioningState": "Succeeded",
          "logAnalyticsWorkspaceArmId": "/subscriptions/49d64d54-e966-4c46-a868-1999802b762c/resourcegroups/sapmonrg-9608/providers/microsoft.operationalinsights/workspaces/sapmon-laws-473691c393dae9",
          "msiArmId": "/subscriptions/49d64d54-e966-4c46-a868-1999802b762c/resourcegroups/sapmonrg-9608/providers/Microsoft.ManagedIdentity/userAssignedIdentities/sapmon-msi-473691c393dae9"
        }
      }
    },
    {
      "RequestUri": "https://management.azure.com/subscriptions/49d64d54-e966-4c46-a868-1999802b762c/resourceGroups/suha-0802-rg11718/providers/Microsoft.Workloads/monitors/suha-0906-ams4670/providerInstances/sapdb2-3469?api-version=2021-12-01-preview",
      "RequestMethod": "PUT",
      "RequestHeaders": {
        "Accept": "application/json",
        "Authorization": "Sanitized",
        "Content-Length": "177",
        "Content-Type": "application/json",
        "traceparent": "00-8a08f0acc183d64db4becdb0c343c8bf-1faaa6c182ae4f42-00",
        "User-Agent": "azsdk-net-ResourceManager.Workloads/1.0.0-alpha.20220608.1 (.NET Framework 4.8.4510.0; Microsoft Windows 10.0.22000 )",
        "x-ms-client-request-id": "f238982cdb506165a7229f5dd9f52324",
        "x-ms-return-client-request-id": "true"
      },
      "RequestBody": {
        "properties": {
          "providerSettings": {
            "hostname": "10.170.100.80",
            "dbName": "T05",
            "dbPort": "5912",
            "dbUsername": "db2t05",
            "dbPassword": "Welcome1",
            "sapSid": "OPA",
            "providerType": "Db2"
          }
        }
      },
      "StatusCode": 201,
      "ResponseHeaders": {
        "api-supported-versions": "2021-12-01-preview",
        "Azure-AsyncOperation": "https://management.azure.com/subscriptions/49d64d54-e966-4c46-a868-1999802b762c/providers/Microsoft.Workloads/locations/EASTUS2/operationStatuses/f79be5ba-929d-4e73-a0fa-42c59765b301*57ADEEA686B1DDB19EC3BEECC8290295B48CD23FB9AFDC387229972DA1FE526D?api-version=2021-12-01-preview",
        "Cache-Control": "no-cache",
        "Content-Length": "718",
        "Content-Type": "application/json; charset=utf-8",
        "Date": "Thu, 09 Jun 2022 12:00:13 GMT",
        "ETag": "\u00221106cfdd-0000-0200-0000-62a1e0cd0000\u0022",
        "Expires": "-1",
        "Location": "/subscriptions/49d64d54-e966-4c46-a868-1999802b762c/resourceGroups/suha-0802-rg11718/providers/Microsoft.Workloads/monitors/suha-0906-ams4670/providerInstances/sapdb2-3469",
        "Pragma": "no-cache",
        "Strict-Transport-Security": "max-age=31536000; includeSubDomains",
        "X-Content-Type-Options": "nosniff",
        "x-ms-correlation-request-id": "2d82c3b5-4031-4560-aa5e-752ae32ec477",
        "x-ms-providerhub-traffic": "True",
        "x-ms-ratelimit-remaining-subscription-writes": "1197",
        "x-ms-request-id": "f79be5ba-929d-4e73-a0fa-42c59765b301",
        "x-ms-routing-request-id": "SOUTHINDIA:20220609T120013Z:2d82c3b5-4031-4560-aa5e-752ae32ec477"
      },
      "ResponseBody": {
        "id": "/subscriptions/49d64d54-e966-4c46-a868-1999802b762c/resourceGroups/suha-0802-rg11718/providers/Microsoft.Workloads/monitors/suha-0906-ams4670/providerInstances/sapdb2-3469",
        "name": "sapdb2-3469",
        "type": "microsoft.workloads/monitors/providerinstances",
        "systemData": {
          "createdBy": "a7df1f57-04bc-4411-9ab2-067700f4247b",
          "createdByType": "Application",
          "createdAt": "2022-06-09T12:00:12.8241206Z",
          "lastModifiedBy": "a7df1f57-04bc-4411-9ab2-067700f4247b",
          "lastModifiedByType": "Application",
          "lastModifiedAt": "2022-06-09T12:00:12.8241206Z"
        },
        "properties": {
          "providerSettings": {
            "hostname": "10.170.100.80",
            "dbName": "T05",
            "dbPort": "5912",
            "dbUsername": "db2t05",
            "sapSid": "OPA",
            "providerType": "Db2"
          },
          "provisioningState": "Accepted"
        }
      }
    },
    {
      "RequestUri": "https://management.azure.com/subscriptions/49d64d54-e966-4c46-a868-1999802b762c/providers/Microsoft.Workloads/locations/EASTUS2/operationStatuses/f79be5ba-929d-4e73-a0fa-42c59765b301*57ADEEA686B1DDB19EC3BEECC8290295B48CD23FB9AFDC387229972DA1FE526D?api-version=2021-12-01-preview",
      "RequestMethod": "GET",
      "RequestHeaders": {
        "Authorization": "Sanitized",
        "traceparent": "00-8a08f0acc183d64db4becdb0c343c8bf-f1fdc9250129fc45-00",
        "User-Agent": "azsdk-net-ResourceManager/1.0.0 (.NET Framework 4.8.4510.0; Microsoft Windows 10.0.22000 )",
        "x-ms-client-request-id": "3c10947a5d5f0bdd04175836009286ca",
        "x-ms-return-client-request-id": "true"
      },
      "RequestBody": null,
      "StatusCode": 200,
      "ResponseHeaders": {
        "Cache-Control": "no-cache",
        "Content-Length": "589",
        "Content-Type": "application/json; charset=utf-8",
        "Date": "Thu, 09 Jun 2022 12:00:13 GMT",
        "ETag": "\u0022cb0645fc-0000-0200-0000-62a1e0cd0000\u0022",
        "Expires": "-1",
        "Pragma": "no-cache",
        "Strict-Transport-Security": "max-age=31536000; includeSubDomains",
        "X-Content-Type-Options": "nosniff",
        "x-ms-correlation-request-id": "0202d74b-e425-48c1-8414-617b6d5b31e9",
        "x-ms-ratelimit-remaining-subscription-reads": "11982",
        "x-ms-request-id": "4c0f1c03-5109-4a90-8729-f1e4a73817c3",
        "x-ms-routing-request-id": "SOUTHINDIA:20220609T120014Z:0202d74b-e425-48c1-8414-617b6d5b31e9"
      },
      "ResponseBody": {
        "id": "/subscriptions/49d64d54-e966-4c46-a868-1999802b762c/providers/Microsoft.Workloads/locations/EASTUS2/operationStatuses/f79be5ba-929d-4e73-a0fa-42c59765b301*57ADEEA686B1DDB19EC3BEECC8290295B48CD23FB9AFDC387229972DA1FE526D",
        "name": "f79be5ba-929d-4e73-a0fa-42c59765b301*57ADEEA686B1DDB19EC3BEECC8290295B48CD23FB9AFDC387229972DA1FE526D",
        "resourceId": "/subscriptions/49d64d54-e966-4c46-a868-1999802b762c/resourceGroups/suha-0802-rg11718/providers/Microsoft.Workloads/monitors/suha-0906-ams4670/providerInstances/sapdb2-3469",
        "status": "Accepted",
        "startTime": "2022-06-09T12:00:13.1906655Z"
      }
    },
    {
      "RequestUri": "https://management.azure.com/subscriptions/49d64d54-e966-4c46-a868-1999802b762c/providers/Microsoft.Workloads/locations/EASTUS2/operationStatuses/f79be5ba-929d-4e73-a0fa-42c59765b301*57ADEEA686B1DDB19EC3BEECC8290295B48CD23FB9AFDC387229972DA1FE526D?api-version=2021-12-01-preview",
      "RequestMethod": "GET",
      "RequestHeaders": {
        "Authorization": "Sanitized",
        "traceparent": "00-8a08f0acc183d64db4becdb0c343c8bf-8c085a1c7e6f7045-00",
        "User-Agent": "azsdk-net-ResourceManager/1.0.0 (.NET Framework 4.8.4510.0; Microsoft Windows 10.0.22000 )",
        "x-ms-client-request-id": "e881aed196dbb4c9ae8d5e0a512a0c8a",
        "x-ms-return-client-request-id": "true"
      },
      "RequestBody": null,
      "StatusCode": 200,
      "ResponseHeaders": {
        "Cache-Control": "no-cache",
        "Content-Length": "589",
        "Content-Type": "application/json; charset=utf-8",
        "Date": "Thu, 09 Jun 2022 12:00:14 GMT",
        "ETag": "\u0022cb064dfc-0000-0200-0000-62a1e0ce0000\u0022",
        "Expires": "-1",
        "Pragma": "no-cache",
        "Strict-Transport-Security": "max-age=31536000; includeSubDomains",
        "X-Content-Type-Options": "nosniff",
        "x-ms-correlation-request-id": "759ae990-551a-44c0-954e-1cab4d0be353",
        "x-ms-ratelimit-remaining-subscription-reads": "11981",
        "x-ms-request-id": "1a9b2127-5f8a-4398-b695-e81bbe65653d",
        "x-ms-routing-request-id": "SOUTHINDIA:20220609T120015Z:759ae990-551a-44c0-954e-1cab4d0be353"
      },
      "ResponseBody": {
        "id": "/subscriptions/49d64d54-e966-4c46-a868-1999802b762c/providers/Microsoft.Workloads/locations/EASTUS2/operationStatuses/f79be5ba-929d-4e73-a0fa-42c59765b301*57ADEEA686B1DDB19EC3BEECC8290295B48CD23FB9AFDC387229972DA1FE526D",
        "name": "f79be5ba-929d-4e73-a0fa-42c59765b301*57ADEEA686B1DDB19EC3BEECC8290295B48CD23FB9AFDC387229972DA1FE526D",
        "resourceId": "/subscriptions/49d64d54-e966-4c46-a868-1999802b762c/resourceGroups/suha-0802-rg11718/providers/Microsoft.Workloads/monitors/suha-0906-ams4670/providerInstances/sapdb2-3469",
        "status": "Creating",
        "startTime": "2022-06-09T12:00:13.1906655Z"
      }
    },
    {
      "RequestUri": "https://management.azure.com/subscriptions/49d64d54-e966-4c46-a868-1999802b762c/providers/Microsoft.Workloads/locations/EASTUS2/operationStatuses/f79be5ba-929d-4e73-a0fa-42c59765b301*57ADEEA686B1DDB19EC3BEECC8290295B48CD23FB9AFDC387229972DA1FE526D?api-version=2021-12-01-preview",
      "RequestMethod": "GET",
      "RequestHeaders": {
        "Authorization": "Sanitized",
        "traceparent": "00-8a08f0acc183d64db4becdb0c343c8bf-eaf12c4e6bba0a40-00",
        "User-Agent": "azsdk-net-ResourceManager/1.0.0 (.NET Framework 4.8.4510.0; Microsoft Windows 10.0.22000 )",
        "x-ms-client-request-id": "45e2491ee7e435c5051400821fb2ab00",
        "x-ms-return-client-request-id": "true"
      },
      "RequestBody": null,
      "StatusCode": 200,
      "ResponseHeaders": {
        "Cache-Control": "no-cache",
        "Content-Length": "589",
        "Content-Type": "application/json; charset=utf-8",
        "Date": "Thu, 09 Jun 2022 12:00:16 GMT",
        "ETag": "\u0022cb064dfc-0000-0200-0000-62a1e0ce0000\u0022",
        "Expires": "-1",
        "Pragma": "no-cache",
        "Strict-Transport-Security": "max-age=31536000; includeSubDomains",
        "X-Content-Type-Options": "nosniff",
        "x-ms-correlation-request-id": "bb20dbf6-0827-48af-98f2-8d807ce84ec4",
        "x-ms-ratelimit-remaining-subscription-reads": "11980",
        "x-ms-request-id": "8d939649-fdf5-45ba-ab6a-7f9c220e9cbd",
        "x-ms-routing-request-id": "SOUTHINDIA:20220609T120016Z:bb20dbf6-0827-48af-98f2-8d807ce84ec4"
      },
      "ResponseBody": {
        "id": "/subscriptions/49d64d54-e966-4c46-a868-1999802b762c/providers/Microsoft.Workloads/locations/EASTUS2/operationStatuses/f79be5ba-929d-4e73-a0fa-42c59765b301*57ADEEA686B1DDB19EC3BEECC8290295B48CD23FB9AFDC387229972DA1FE526D",
        "name": "f79be5ba-929d-4e73-a0fa-42c59765b301*57ADEEA686B1DDB19EC3BEECC8290295B48CD23FB9AFDC387229972DA1FE526D",
        "resourceId": "/subscriptions/49d64d54-e966-4c46-a868-1999802b762c/resourceGroups/suha-0802-rg11718/providers/Microsoft.Workloads/monitors/suha-0906-ams4670/providerInstances/sapdb2-3469",
        "status": "Creating",
        "startTime": "2022-06-09T12:00:13.1906655Z"
      }
    },
    {
      "RequestUri": "https://management.azure.com/subscriptions/49d64d54-e966-4c46-a868-1999802b762c/providers/Microsoft.Workloads/locations/EASTUS2/operationStatuses/f79be5ba-929d-4e73-a0fa-42c59765b301*57ADEEA686B1DDB19EC3BEECC8290295B48CD23FB9AFDC387229972DA1FE526D?api-version=2021-12-01-preview",
      "RequestMethod": "GET",
      "RequestHeaders": {
        "Authorization": "Sanitized",
        "traceparent": "00-8a08f0acc183d64db4becdb0c343c8bf-9b28e629b9078a49-00",
        "User-Agent": "azsdk-net-ResourceManager/1.0.0 (.NET Framework 4.8.4510.0; Microsoft Windows 10.0.22000 )",
        "x-ms-client-request-id": "a669bec01b9be47aca5c8dd2fed2bada",
        "x-ms-return-client-request-id": "true"
      },
      "RequestBody": null,
      "StatusCode": 200,
      "ResponseHeaders": {
        "Cache-Control": "no-cache",
        "Content-Length": "589",
        "Content-Type": "application/json; charset=utf-8",
        "Date": "Thu, 09 Jun 2022 12:00:17 GMT",
        "ETag": "\u0022cb064dfc-0000-0200-0000-62a1e0ce0000\u0022",
        "Expires": "-1",
        "Pragma": "no-cache",
        "Strict-Transport-Security": "max-age=31536000; includeSubDomains",
        "X-Content-Type-Options": "nosniff",
        "x-ms-correlation-request-id": "e743588d-18ef-438b-8d09-3183d2725e27",
        "x-ms-ratelimit-remaining-subscription-reads": "11979",
        "x-ms-request-id": "96981847-fb80-455e-9107-25c6ce8e9cf9",
        "x-ms-routing-request-id": "SOUTHINDIA:20220609T120017Z:e743588d-18ef-438b-8d09-3183d2725e27"
      },
      "ResponseBody": {
        "id": "/subscriptions/49d64d54-e966-4c46-a868-1999802b762c/providers/Microsoft.Workloads/locations/EASTUS2/operationStatuses/f79be5ba-929d-4e73-a0fa-42c59765b301*57ADEEA686B1DDB19EC3BEECC8290295B48CD23FB9AFDC387229972DA1FE526D",
        "name": "f79be5ba-929d-4e73-a0fa-42c59765b301*57ADEEA686B1DDB19EC3BEECC8290295B48CD23FB9AFDC387229972DA1FE526D",
        "resourceId": "/subscriptions/49d64d54-e966-4c46-a868-1999802b762c/resourceGroups/suha-0802-rg11718/providers/Microsoft.Workloads/monitors/suha-0906-ams4670/providerInstances/sapdb2-3469",
        "status": "Creating",
        "startTime": "2022-06-09T12:00:13.1906655Z"
      }
    },
    {
      "RequestUri": "https://management.azure.com/subscriptions/49d64d54-e966-4c46-a868-1999802b762c/providers/Microsoft.Workloads/locations/EASTUS2/operationStatuses/f79be5ba-929d-4e73-a0fa-42c59765b301*57ADEEA686B1DDB19EC3BEECC8290295B48CD23FB9AFDC387229972DA1FE526D?api-version=2021-12-01-preview",
      "RequestMethod": "GET",
      "RequestHeaders": {
        "Authorization": "Sanitized",
        "traceparent": "00-8a08f0acc183d64db4becdb0c343c8bf-099eb54fd35ff64a-00",
        "User-Agent": "azsdk-net-ResourceManager/1.0.0 (.NET Framework 4.8.4510.0; Microsoft Windows 10.0.22000 )",
        "x-ms-client-request-id": "b617ce0b40afeae5e94ce2c7954695fc",
        "x-ms-return-client-request-id": "true"
      },
      "RequestBody": null,
      "StatusCode": 200,
      "ResponseHeaders": {
        "Cache-Control": "no-cache",
        "Content-Length": "589",
        "Content-Type": "application/json; charset=utf-8",
        "Date": "Thu, 09 Jun 2022 12:00:19 GMT",
        "ETag": "\u0022cb064dfc-0000-0200-0000-62a1e0ce0000\u0022",
        "Expires": "-1",
        "Pragma": "no-cache",
        "Strict-Transport-Security": "max-age=31536000; includeSubDomains",
        "X-Content-Type-Options": "nosniff",
        "x-ms-correlation-request-id": "350f2fd2-5886-45e3-9163-2df7293669a0",
        "x-ms-ratelimit-remaining-subscription-reads": "11978",
        "x-ms-request-id": "dc78f4ff-8850-46a4-9e95-07a5cce1307d",
        "x-ms-routing-request-id": "SOUTHINDIA:20220609T120020Z:350f2fd2-5886-45e3-9163-2df7293669a0"
      },
      "ResponseBody": {
        "id": "/subscriptions/49d64d54-e966-4c46-a868-1999802b762c/providers/Microsoft.Workloads/locations/EASTUS2/operationStatuses/f79be5ba-929d-4e73-a0fa-42c59765b301*57ADEEA686B1DDB19EC3BEECC8290295B48CD23FB9AFDC387229972DA1FE526D",
        "name": "f79be5ba-929d-4e73-a0fa-42c59765b301*57ADEEA686B1DDB19EC3BEECC8290295B48CD23FB9AFDC387229972DA1FE526D",
        "resourceId": "/subscriptions/49d64d54-e966-4c46-a868-1999802b762c/resourceGroups/suha-0802-rg11718/providers/Microsoft.Workloads/monitors/suha-0906-ams4670/providerInstances/sapdb2-3469",
        "status": "Creating",
        "startTime": "2022-06-09T12:00:13.1906655Z"
      }
    },
    {
      "RequestUri": "https://management.azure.com/subscriptions/49d64d54-e966-4c46-a868-1999802b762c/providers/Microsoft.Workloads/locations/EASTUS2/operationStatuses/f79be5ba-929d-4e73-a0fa-42c59765b301*57ADEEA686B1DDB19EC3BEECC8290295B48CD23FB9AFDC387229972DA1FE526D?api-version=2021-12-01-preview",
      "RequestMethod": "GET",
      "RequestHeaders": {
        "Authorization": "Sanitized",
        "traceparent": "00-8a08f0acc183d64db4becdb0c343c8bf-56b0e656b6f7f048-00",
        "User-Agent": "azsdk-net-ResourceManager/1.0.0 (.NET Framework 4.8.4510.0; Microsoft Windows 10.0.22000 )",
        "x-ms-client-request-id": "924a5ee266c003eecffe7a8859f33632",
        "x-ms-return-client-request-id": "true"
      },
      "RequestBody": null,
      "StatusCode": 200,
      "ResponseHeaders": {
        "Cache-Control": "no-cache",
        "Content-Length": "589",
        "Content-Type": "application/json; charset=utf-8",
        "Date": "Thu, 09 Jun 2022 12:00:24 GMT",
        "ETag": "\u0022cb064dfc-0000-0200-0000-62a1e0ce0000\u0022",
        "Expires": "-1",
        "Pragma": "no-cache",
        "Strict-Transport-Security": "max-age=31536000; includeSubDomains",
        "X-Content-Type-Options": "nosniff",
        "x-ms-correlation-request-id": "33190b18-99d6-4084-93ae-16ae5c75f3c2",
        "x-ms-ratelimit-remaining-subscription-reads": "11977",
        "x-ms-request-id": "492e8657-7110-4adc-93b6-12658918fa72",
        "x-ms-routing-request-id": "SOUTHINDIA:20220609T120024Z:33190b18-99d6-4084-93ae-16ae5c75f3c2"
      },
      "ResponseBody": {
        "id": "/subscriptions/49d64d54-e966-4c46-a868-1999802b762c/providers/Microsoft.Workloads/locations/EASTUS2/operationStatuses/f79be5ba-929d-4e73-a0fa-42c59765b301*57ADEEA686B1DDB19EC3BEECC8290295B48CD23FB9AFDC387229972DA1FE526D",
        "name": "f79be5ba-929d-4e73-a0fa-42c59765b301*57ADEEA686B1DDB19EC3BEECC8290295B48CD23FB9AFDC387229972DA1FE526D",
        "resourceId": "/subscriptions/49d64d54-e966-4c46-a868-1999802b762c/resourceGroups/suha-0802-rg11718/providers/Microsoft.Workloads/monitors/suha-0906-ams4670/providerInstances/sapdb2-3469",
        "status": "Creating",
        "startTime": "2022-06-09T12:00:13.1906655Z"
      }
    },
    {
      "RequestUri": "https://management.azure.com/subscriptions/49d64d54-e966-4c46-a868-1999802b762c/providers/Microsoft.Workloads/locations/EASTUS2/operationStatuses/f79be5ba-929d-4e73-a0fa-42c59765b301*57ADEEA686B1DDB19EC3BEECC8290295B48CD23FB9AFDC387229972DA1FE526D?api-version=2021-12-01-preview",
      "RequestMethod": "GET",
      "RequestHeaders": {
        "Authorization": "Sanitized",
        "traceparent": "00-8a08f0acc183d64db4becdb0c343c8bf-1fee6b883d1a7b4a-00",
        "User-Agent": "azsdk-net-ResourceManager/1.0.0 (.NET Framework 4.8.4510.0; Microsoft Windows 10.0.22000 )",
        "x-ms-client-request-id": "5077265af49a7f51d97fbc4e38b24e84",
        "x-ms-return-client-request-id": "true"
      },
      "RequestBody": null,
      "StatusCode": 200,
      "ResponseHeaders": {
        "Cache-Control": "no-cache",
        "Content-Length": "589",
        "Content-Type": "application/json; charset=utf-8",
        "Date": "Thu, 09 Jun 2022 12:00:32 GMT",
        "ETag": "\u0022cb064dfc-0000-0200-0000-62a1e0ce0000\u0022",
        "Expires": "-1",
        "Pragma": "no-cache",
        "Strict-Transport-Security": "max-age=31536000; includeSubDomains",
        "X-Content-Type-Options": "nosniff",
        "x-ms-correlation-request-id": "6e9386d2-aa15-4d50-b7c4-83a4d4beea0f",
        "x-ms-ratelimit-remaining-subscription-reads": "11976",
        "x-ms-request-id": "a00e4acc-be92-4b38-9ce1-6867a0594c4e",
        "x-ms-routing-request-id": "SOUTHINDIA:20220609T120033Z:6e9386d2-aa15-4d50-b7c4-83a4d4beea0f"
      },
      "ResponseBody": {
        "id": "/subscriptions/49d64d54-e966-4c46-a868-1999802b762c/providers/Microsoft.Workloads/locations/EASTUS2/operationStatuses/f79be5ba-929d-4e73-a0fa-42c59765b301*57ADEEA686B1DDB19EC3BEECC8290295B48CD23FB9AFDC387229972DA1FE526D",
        "name": "f79be5ba-929d-4e73-a0fa-42c59765b301*57ADEEA686B1DDB19EC3BEECC8290295B48CD23FB9AFDC387229972DA1FE526D",
        "resourceId": "/subscriptions/49d64d54-e966-4c46-a868-1999802b762c/resourceGroups/suha-0802-rg11718/providers/Microsoft.Workloads/monitors/suha-0906-ams4670/providerInstances/sapdb2-3469",
        "status": "Creating",
        "startTime": "2022-06-09T12:00:13.1906655Z"
      }
    },
    {
      "RequestUri": "https://management.azure.com/subscriptions/49d64d54-e966-4c46-a868-1999802b762c/providers/Microsoft.Workloads/locations/EASTUS2/operationStatuses/f79be5ba-929d-4e73-a0fa-42c59765b301*57ADEEA686B1DDB19EC3BEECC8290295B48CD23FB9AFDC387229972DA1FE526D?api-version=2021-12-01-preview",
      "RequestMethod": "GET",
      "RequestHeaders": {
        "Authorization": "Sanitized",
        "Connection": "close",
        "traceparent": "00-8a08f0acc183d64db4becdb0c343c8bf-1a826d484273d349-00",
        "User-Agent": "azsdk-net-ResourceManager/1.0.0 (.NET Framework 4.8.4510.0; Microsoft Windows 10.0.22000 )",
        "x-ms-client-request-id": "a0f091c62788a419df14e7b1c55d90f6",
        "x-ms-return-client-request-id": "true"
      },
      "RequestBody": null,
      "StatusCode": 200,
      "ResponseHeaders": {
        "Cache-Control": "no-cache",
        "Connection": "close",
        "Content-Length": "589",
        "Content-Type": "application/json; charset=utf-8",
        "Date": "Thu, 09 Jun 2022 12:00:48 GMT",
        "ETag": "\u0022cb064dfc-0000-0200-0000-62a1e0ce0000\u0022",
        "Expires": "-1",
        "Pragma": "no-cache",
        "Strict-Transport-Security": "max-age=31536000; includeSubDomains",
        "X-Content-Type-Options": "nosniff",
        "x-ms-correlation-request-id": "1718a73b-6379-4e65-8818-93622547c90e",
        "x-ms-ratelimit-remaining-subscription-reads": "11975",
        "x-ms-request-id": "2154d118-b018-4a29-83d4-74445c0f7fd3",
        "x-ms-routing-request-id": "SOUTHINDIA:20220609T120049Z:1718a73b-6379-4e65-8818-93622547c90e"
      },
      "ResponseBody": {
        "id": "/subscriptions/49d64d54-e966-4c46-a868-1999802b762c/providers/Microsoft.Workloads/locations/EASTUS2/operationStatuses/f79be5ba-929d-4e73-a0fa-42c59765b301*57ADEEA686B1DDB19EC3BEECC8290295B48CD23FB9AFDC387229972DA1FE526D",
        "name": "f79be5ba-929d-4e73-a0fa-42c59765b301*57ADEEA686B1DDB19EC3BEECC8290295B48CD23FB9AFDC387229972DA1FE526D",
        "resourceId": "/subscriptions/49d64d54-e966-4c46-a868-1999802b762c/resourceGroups/suha-0802-rg11718/providers/Microsoft.Workloads/monitors/suha-0906-ams4670/providerInstances/sapdb2-3469",
        "status": "Creating",
        "startTime": "2022-06-09T12:00:13.1906655Z"
      }
    },
    {
      "RequestUri": "https://management.azure.com/subscriptions/49d64d54-e966-4c46-a868-1999802b762c/providers/Microsoft.Workloads/locations/EASTUS2/operationStatuses/f79be5ba-929d-4e73-a0fa-42c59765b301*57ADEEA686B1DDB19EC3BEECC8290295B48CD23FB9AFDC387229972DA1FE526D?api-version=2021-12-01-preview",
      "RequestMethod": "GET",
      "RequestHeaders": {
        "Authorization": "Sanitized",
        "traceparent": "00-8a08f0acc183d64db4becdb0c343c8bf-2b4fcedbff9fc44a-00",
        "User-Agent": "azsdk-net-ResourceManager/1.0.0 (.NET Framework 4.8.4510.0; Microsoft Windows 10.0.22000 )",
        "x-ms-client-request-id": "6f6cb01644cfed610ccab941a99fca1c",
        "x-ms-return-client-request-id": "true"
      },
      "RequestBody": null,
      "StatusCode": 200,
      "ResponseHeaders": {
        "Cache-Control": "no-cache",
        "Content-Length": "589",
        "Content-Type": "application/json; charset=utf-8",
        "Date": "Thu, 09 Jun 2022 12:01:22 GMT",
        "ETag": "\u0022cb064dfc-0000-0200-0000-62a1e0ce0000\u0022",
        "Expires": "-1",
        "Pragma": "no-cache",
        "Strict-Transport-Security": "max-age=31536000; includeSubDomains",
        "X-Content-Type-Options": "nosniff",
        "x-ms-correlation-request-id": "665b2994-cd92-4489-b6a9-b01960c4cc03",
        "x-ms-ratelimit-remaining-subscription-reads": "11999",
        "x-ms-request-id": "1b531f3c-857e-4bf3-88bc-cc34d46eac54",
        "x-ms-routing-request-id": "SOUTHINDIA:20220609T120122Z:665b2994-cd92-4489-b6a9-b01960c4cc03"
      },
      "ResponseBody": {
        "id": "/subscriptions/49d64d54-e966-4c46-a868-1999802b762c/providers/Microsoft.Workloads/locations/EASTUS2/operationStatuses/f79be5ba-929d-4e73-a0fa-42c59765b301*57ADEEA686B1DDB19EC3BEECC8290295B48CD23FB9AFDC387229972DA1FE526D",
        "name": "f79be5ba-929d-4e73-a0fa-42c59765b301*57ADEEA686B1DDB19EC3BEECC8290295B48CD23FB9AFDC387229972DA1FE526D",
        "resourceId": "/subscriptions/49d64d54-e966-4c46-a868-1999802b762c/resourceGroups/suha-0802-rg11718/providers/Microsoft.Workloads/monitors/suha-0906-ams4670/providerInstances/sapdb2-3469",
        "status": "Creating",
        "startTime": "2022-06-09T12:00:13.1906655Z"
      }
    },
    {
      "RequestUri": "https://management.azure.com/subscriptions/49d64d54-e966-4c46-a868-1999802b762c/providers/Microsoft.Workloads/locations/EASTUS2/operationStatuses/f79be5ba-929d-4e73-a0fa-42c59765b301*57ADEEA686B1DDB19EC3BEECC8290295B48CD23FB9AFDC387229972DA1FE526D?api-version=2021-12-01-preview",
      "RequestMethod": "GET",
      "RequestHeaders": {
        "Authorization": "Sanitized",
        "traceparent": "00-8a08f0acc183d64db4becdb0c343c8bf-843f62434b6d064f-00",
        "User-Agent": "azsdk-net-ResourceManager/1.0.0 (.NET Framework 4.8.4510.0; Microsoft Windows 10.0.22000 )",
        "x-ms-client-request-id": "c8c1f6b0950233aa0cd270850da0b97b",
        "x-ms-return-client-request-id": "true"
      },
      "RequestBody": null,
      "StatusCode": 200,
      "ResponseHeaders": {
        "Cache-Control": "no-cache",
        "Content-Length": "589",
        "Content-Type": "application/json; charset=utf-8",
        "Date": "Thu, 09 Jun 2022 12:01:53 GMT",
        "ETag": "\u0022cb064dfc-0000-0200-0000-62a1e0ce0000\u0022",
        "Expires": "-1",
        "Pragma": "no-cache",
        "Strict-Transport-Security": "max-age=31536000; includeSubDomains",
        "X-Content-Type-Options": "nosniff",
        "x-ms-correlation-request-id": "4fd2ac3b-4633-4c45-82c8-6daf74e7e35b",
        "x-ms-ratelimit-remaining-subscription-reads": "11998",
        "x-ms-request-id": "5e10c7af-c89a-4472-9d9e-16e8a4abf603",
        "x-ms-routing-request-id": "SOUTHINDIA:20220609T120154Z:4fd2ac3b-4633-4c45-82c8-6daf74e7e35b"
      },
      "ResponseBody": {
        "id": "/subscriptions/49d64d54-e966-4c46-a868-1999802b762c/providers/Microsoft.Workloads/locations/EASTUS2/operationStatuses/f79be5ba-929d-4e73-a0fa-42c59765b301*57ADEEA686B1DDB19EC3BEECC8290295B48CD23FB9AFDC387229972DA1FE526D",
        "name": "f79be5ba-929d-4e73-a0fa-42c59765b301*57ADEEA686B1DDB19EC3BEECC8290295B48CD23FB9AFDC387229972DA1FE526D",
        "resourceId": "/subscriptions/49d64d54-e966-4c46-a868-1999802b762c/resourceGroups/suha-0802-rg11718/providers/Microsoft.Workloads/monitors/suha-0906-ams4670/providerInstances/sapdb2-3469",
        "status": "Creating",
        "startTime": "2022-06-09T12:00:13.1906655Z"
      }
    },
    {
      "RequestUri": "https://management.azure.com/subscriptions/49d64d54-e966-4c46-a868-1999802b762c/providers/Microsoft.Workloads/locations/EASTUS2/operationStatuses/f79be5ba-929d-4e73-a0fa-42c59765b301*57ADEEA686B1DDB19EC3BEECC8290295B48CD23FB9AFDC387229972DA1FE526D?api-version=2021-12-01-preview",
      "RequestMethod": "GET",
      "RequestHeaders": {
        "Authorization": "Sanitized",
        "traceparent": "00-8a08f0acc183d64db4becdb0c343c8bf-512e69695121e04b-00",
        "User-Agent": "azsdk-net-ResourceManager/1.0.0 (.NET Framework 4.8.4510.0; Microsoft Windows 10.0.22000 )",
        "x-ms-client-request-id": "8838c6efde4582b5300293bd6dd8fb40",
        "x-ms-return-client-request-id": "true"
      },
      "RequestBody": null,
      "StatusCode": 200,
      "ResponseHeaders": {
        "Cache-Control": "no-cache",
        "Content-Length": "589",
        "Content-Type": "application/json; charset=utf-8",
        "Date": "Thu, 09 Jun 2022 12:02:27 GMT",
        "ETag": "\u0022cb064dfc-0000-0200-0000-62a1e0ce0000\u0022",
        "Expires": "-1",
        "Pragma": "no-cache",
        "Strict-Transport-Security": "max-age=31536000; includeSubDomains",
        "X-Content-Type-Options": "nosniff",
        "x-ms-correlation-request-id": "d566b951-c1d2-44f9-ad78-4fc226165b92",
        "x-ms-ratelimit-remaining-subscription-reads": "11997",
        "x-ms-request-id": "3858c78b-bda1-48e1-bf1c-377038d08515",
        "x-ms-routing-request-id": "SOUTHINDIA:20220609T120227Z:d566b951-c1d2-44f9-ad78-4fc226165b92"
      },
      "ResponseBody": {
        "id": "/subscriptions/49d64d54-e966-4c46-a868-1999802b762c/providers/Microsoft.Workloads/locations/EASTUS2/operationStatuses/f79be5ba-929d-4e73-a0fa-42c59765b301*57ADEEA686B1DDB19EC3BEECC8290295B48CD23FB9AFDC387229972DA1FE526D",
        "name": "f79be5ba-929d-4e73-a0fa-42c59765b301*57ADEEA686B1DDB19EC3BEECC8290295B48CD23FB9AFDC387229972DA1FE526D",
        "resourceId": "/subscriptions/49d64d54-e966-4c46-a868-1999802b762c/resourceGroups/suha-0802-rg11718/providers/Microsoft.Workloads/monitors/suha-0906-ams4670/providerInstances/sapdb2-3469",
        "status": "Creating",
        "startTime": "2022-06-09T12:00:13.1906655Z"
      }
    },
    {
      "RequestUri": "https://management.azure.com/subscriptions/49d64d54-e966-4c46-a868-1999802b762c/providers/Microsoft.Workloads/locations/EASTUS2/operationStatuses/f79be5ba-929d-4e73-a0fa-42c59765b301*57ADEEA686B1DDB19EC3BEECC8290295B48CD23FB9AFDC387229972DA1FE526D?api-version=2021-12-01-preview",
      "RequestMethod": "GET",
      "RequestHeaders": {
        "Authorization": "Sanitized",
        "traceparent": "00-8a08f0acc183d64db4becdb0c343c8bf-c0993c6c77ce2044-00",
        "User-Agent": "azsdk-net-ResourceManager/1.0.0 (.NET Framework 4.8.4510.0; Microsoft Windows 10.0.22000 )",
        "x-ms-client-request-id": "cf00ca4ac79c81f3053962fcd3dbe06c",
        "x-ms-return-client-request-id": "true"
      },
      "RequestBody": null,
      "StatusCode": 200,
      "ResponseHeaders": {
        "Cache-Control": "no-cache",
        "Content-Length": "589",
        "Content-Type": "application/json; charset=utf-8",
        "Date": "Thu, 09 Jun 2022 12:02:59 GMT",
        "ETag": "\u0022cb064dfc-0000-0200-0000-62a1e0ce0000\u0022",
        "Expires": "-1",
        "Pragma": "no-cache",
        "Strict-Transport-Security": "max-age=31536000; includeSubDomains",
        "X-Content-Type-Options": "nosniff",
        "x-ms-correlation-request-id": "403c99e4-ce2e-4a61-8f4a-0ed0f709c75e",
        "x-ms-ratelimit-remaining-subscription-reads": "11996",
        "x-ms-request-id": "4a7db89a-e547-4e4f-a0c4-8bd6ce7f45ed",
        "x-ms-routing-request-id": "SOUTHINDIA:20220609T120259Z:403c99e4-ce2e-4a61-8f4a-0ed0f709c75e"
      },
      "ResponseBody": {
        "id": "/subscriptions/49d64d54-e966-4c46-a868-1999802b762c/providers/Microsoft.Workloads/locations/EASTUS2/operationStatuses/f79be5ba-929d-4e73-a0fa-42c59765b301*57ADEEA686B1DDB19EC3BEECC8290295B48CD23FB9AFDC387229972DA1FE526D",
        "name": "f79be5ba-929d-4e73-a0fa-42c59765b301*57ADEEA686B1DDB19EC3BEECC8290295B48CD23FB9AFDC387229972DA1FE526D",
        "resourceId": "/subscriptions/49d64d54-e966-4c46-a868-1999802b762c/resourceGroups/suha-0802-rg11718/providers/Microsoft.Workloads/monitors/suha-0906-ams4670/providerInstances/sapdb2-3469",
        "status": "Creating",
        "startTime": "2022-06-09T12:00:13.1906655Z"
      }
    },
    {
      "RequestUri": "https://management.azure.com/subscriptions/49d64d54-e966-4c46-a868-1999802b762c/providers/Microsoft.Workloads/locations/EASTUS2/operationStatuses/f79be5ba-929d-4e73-a0fa-42c59765b301*57ADEEA686B1DDB19EC3BEECC8290295B48CD23FB9AFDC387229972DA1FE526D?api-version=2021-12-01-preview",
      "RequestMethod": "GET",
      "RequestHeaders": {
        "Authorization": "Sanitized",
        "traceparent": "00-8a08f0acc183d64db4becdb0c343c8bf-23bc6f4235075a41-00",
        "User-Agent": "azsdk-net-ResourceManager/1.0.0 (.NET Framework 4.8.4510.0; Microsoft Windows 10.0.22000 )",
        "x-ms-client-request-id": "e2513e104167d1d6413f980001edc534",
        "x-ms-return-client-request-id": "true"
      },
      "RequestBody": null,
      "StatusCode": 200,
      "ResponseHeaders": {
        "Cache-Control": "no-cache",
        "Content-Length": "589",
        "Content-Type": "application/json; charset=utf-8",
        "Date": "Thu, 09 Jun 2022 12:03:30 GMT",
        "ETag": "\u0022cb064dfc-0000-0200-0000-62a1e0ce0000\u0022",
        "Expires": "-1",
        "Pragma": "no-cache",
        "Strict-Transport-Security": "max-age=31536000; includeSubDomains",
        "X-Content-Type-Options": "nosniff",
        "x-ms-correlation-request-id": "58298646-ccdc-4bb5-a789-838cd8be5a1b",
        "x-ms-ratelimit-remaining-subscription-reads": "11995",
        "x-ms-request-id": "bcf0d219-ff88-4032-b8ed-70826f456c3e",
        "x-ms-routing-request-id": "SOUTHINDIA:20220609T120331Z:58298646-ccdc-4bb5-a789-838cd8be5a1b"
      },
      "ResponseBody": {
        "id": "/subscriptions/49d64d54-e966-4c46-a868-1999802b762c/providers/Microsoft.Workloads/locations/EASTUS2/operationStatuses/f79be5ba-929d-4e73-a0fa-42c59765b301*57ADEEA686B1DDB19EC3BEECC8290295B48CD23FB9AFDC387229972DA1FE526D",
        "name": "f79be5ba-929d-4e73-a0fa-42c59765b301*57ADEEA686B1DDB19EC3BEECC8290295B48CD23FB9AFDC387229972DA1FE526D",
        "resourceId": "/subscriptions/49d64d54-e966-4c46-a868-1999802b762c/resourceGroups/suha-0802-rg11718/providers/Microsoft.Workloads/monitors/suha-0906-ams4670/providerInstances/sapdb2-3469",
        "status": "Creating",
        "startTime": "2022-06-09T12:00:13.1906655Z"
      }
    },
    {
      "RequestUri": "https://management.azure.com/subscriptions/49d64d54-e966-4c46-a868-1999802b762c/providers/Microsoft.Workloads/locations/EASTUS2/operationStatuses/f79be5ba-929d-4e73-a0fa-42c59765b301*57ADEEA686B1DDB19EC3BEECC8290295B48CD23FB9AFDC387229972DA1FE526D?api-version=2021-12-01-preview",
      "RequestMethod": "GET",
      "RequestHeaders": {
        "Authorization": "Sanitized",
        "traceparent": "00-8a08f0acc183d64db4becdb0c343c8bf-0bbcff7d89ba3043-00",
        "User-Agent": "azsdk-net-ResourceManager/1.0.0 (.NET Framework 4.8.4510.0; Microsoft Windows 10.0.22000 )",
        "x-ms-client-request-id": "423b30d7ea9f27dfd3b7830c7cb8ae54",
        "x-ms-return-client-request-id": "true"
      },
      "RequestBody": null,
      "StatusCode": 200,
      "ResponseHeaders": {
        "Cache-Control": "no-cache",
        "Content-Length": "589",
        "Content-Type": "application/json; charset=utf-8",
        "Date": "Thu, 09 Jun 2022 12:04:03 GMT",
        "ETag": "\u0022cb064dfc-0000-0200-0000-62a1e0ce0000\u0022",
        "Expires": "-1",
        "Pragma": "no-cache",
        "Strict-Transport-Security": "max-age=31536000; includeSubDomains",
        "X-Content-Type-Options": "nosniff",
        "x-ms-correlation-request-id": "6705b8a8-d602-45ae-b3e6-5a9353c360e8",
        "x-ms-ratelimit-remaining-subscription-reads": "11994",
        "x-ms-request-id": "9590387c-c881-4de8-bca3-4e9a09d02f24",
        "x-ms-routing-request-id": "SOUTHINDIA:20220609T120404Z:6705b8a8-d602-45ae-b3e6-5a9353c360e8"
      },
      "ResponseBody": {
        "id": "/subscriptions/49d64d54-e966-4c46-a868-1999802b762c/providers/Microsoft.Workloads/locations/EASTUS2/operationStatuses/f79be5ba-929d-4e73-a0fa-42c59765b301*57ADEEA686B1DDB19EC3BEECC8290295B48CD23FB9AFDC387229972DA1FE526D",
        "name": "f79be5ba-929d-4e73-a0fa-42c59765b301*57ADEEA686B1DDB19EC3BEECC8290295B48CD23FB9AFDC387229972DA1FE526D",
        "resourceId": "/subscriptions/49d64d54-e966-4c46-a868-1999802b762c/resourceGroups/suha-0802-rg11718/providers/Microsoft.Workloads/monitors/suha-0906-ams4670/providerInstances/sapdb2-3469",
        "status": "Creating",
        "startTime": "2022-06-09T12:00:13.1906655Z"
      }
    },
    {
      "RequestUri": "https://management.azure.com/subscriptions/49d64d54-e966-4c46-a868-1999802b762c/providers/Microsoft.Workloads/locations/EASTUS2/operationStatuses/f79be5ba-929d-4e73-a0fa-42c59765b301*57ADEEA686B1DDB19EC3BEECC8290295B48CD23FB9AFDC387229972DA1FE526D?api-version=2021-12-01-preview",
      "RequestMethod": "GET",
      "RequestHeaders": {
        "Authorization": "Sanitized",
        "traceparent": "00-8a08f0acc183d64db4becdb0c343c8bf-fa3ada2294c9df4f-00",
        "User-Agent": "azsdk-net-ResourceManager/1.0.0 (.NET Framework 4.8.4510.0; Microsoft Windows 10.0.22000 )",
        "x-ms-client-request-id": "2fac2722188609d8f42f8e5c2ff27f18",
        "x-ms-return-client-request-id": "true"
      },
      "RequestBody": null,
      "StatusCode": 200,
      "ResponseHeaders": {
        "Cache-Control": "no-cache",
        "Content-Length": "649",
        "Content-Type": "application/json; charset=utf-8",
        "Date": "Thu, 09 Jun 2022 12:04:36 GMT",
        "ETag": "\u0022cb06eefd-0000-0200-0000-62a1e1bf0000\u0022",
        "Expires": "-1",
        "Pragma": "no-cache",
        "Strict-Transport-Security": "max-age=31536000; includeSubDomains",
        "X-Content-Type-Options": "nosniff",
        "x-ms-correlation-request-id": "dfb28aff-b68e-4809-9b9a-19c6ea05f33a",
        "x-ms-ratelimit-remaining-subscription-reads": "11993",
        "x-ms-request-id": "97cdcf6b-bd50-49a8-8d6d-80e0cf1cdc44",
        "x-ms-routing-request-id": "SOUTHINDIA:20220609T120436Z:dfb28aff-b68e-4809-9b9a-19c6ea05f33a"
      },
      "ResponseBody": {
        "id": "/subscriptions/49d64d54-e966-4c46-a868-1999802b762c/providers/Microsoft.Workloads/locations/EASTUS2/operationStatuses/f79be5ba-929d-4e73-a0fa-42c59765b301*57ADEEA686B1DDB19EC3BEECC8290295B48CD23FB9AFDC387229972DA1FE526D",
        "name": "f79be5ba-929d-4e73-a0fa-42c59765b301*57ADEEA686B1DDB19EC3BEECC8290295B48CD23FB9AFDC387229972DA1FE526D",
        "resourceId": "/subscriptions/49d64d54-e966-4c46-a868-1999802b762c/resourceGroups/suha-0802-rg11718/providers/Microsoft.Workloads/monitors/suha-0906-ams4670/providerInstances/sapdb2-3469",
        "status": "Succeeded",
        "startTime": "2022-06-09T12:00:13.1906655Z",
        "endTime": "2022-06-09T12:04:15.5898889Z",
        "properties": null
      }
    },
    {
      "RequestUri": "https://management.azure.com/subscriptions/49d64d54-e966-4c46-a868-1999802b762c/resourceGroups/suha-0802-rg11718/providers/Microsoft.Workloads/monitors/suha-0906-ams4670/providerInstances/sapdb2-3469?api-version=2021-12-01-preview",
      "RequestMethod": "GET",
      "RequestHeaders": {
        "Authorization": "Sanitized",
        "traceparent": "00-8a08f0acc183d64db4becdb0c343c8bf-a11ea0e9a2d9b44c-00",
        "User-Agent": "azsdk-net-ResourceManager/1.0.0 (.NET Framework 4.8.4510.0; Microsoft Windows 10.0.22000 )",
        "x-ms-client-request-id": "a3252e739da026cd5e2a0fb0bdca5488",
        "x-ms-return-client-request-id": "true"
      },
      "RequestBody": null,
      "StatusCode": 200,
      "ResponseHeaders": {
        "Cache-Control": "no-cache",
        "Content-Length": "719",
        "Content-Type": "application/json; charset=utf-8",
        "Date": "Thu, 09 Jun 2022 12:04:36 GMT",
        "ETag": "\u0022110669df-0000-0200-0000-62a1e1bf0000\u0022",
        "Expires": "-1",
        "Pragma": "no-cache",
        "Strict-Transport-Security": "max-age=31536000; includeSubDomains",
        "X-Content-Type-Options": "nosniff",
        "x-ms-correlation-request-id": "fec80b7b-b358-4a05-b9a5-bdb1e208642c",
        "x-ms-providerhub-traffic": "True",
        "x-ms-ratelimit-remaining-subscription-reads": "11992",
        "x-ms-request-id": "eb67ff0f-0e90-4757-9152-b3adfb9601fb",
        "x-ms-routing-request-id": "SOUTHINDIA:20220609T120437Z:fec80b7b-b358-4a05-b9a5-bdb1e208642c"
      },
      "ResponseBody": {
        "id": "/subscriptions/49d64d54-e966-4c46-a868-1999802b762c/resourceGroups/suha-0802-rg11718/providers/Microsoft.Workloads/monitors/suha-0906-ams4670/providerInstances/sapdb2-3469",
        "name": "sapdb2-3469",
        "type": "microsoft.workloads/monitors/providerinstances",
        "systemData": {
          "createdBy": "a7df1f57-04bc-4411-9ab2-067700f4247b",
          "createdByType": "Application",
          "createdAt": "2022-06-09T12:00:12.8241206Z",
          "lastModifiedBy": "a7df1f57-04bc-4411-9ab2-067700f4247b",
          "lastModifiedByType": "Application",
          "lastModifiedAt": "2022-06-09T12:00:12.8241206Z"
        },
        "properties": {
          "providerSettings": {
            "hostname": "10.170.100.80",
            "dbName": "T05",
            "dbPort": "5912",
            "dbUsername": "db2t05",
            "sapSid": "OPA",
            "providerType": "Db2"
          },
          "provisioningState": "Succeeded"
        }
      }
    },
    {
      "RequestUri": "https://management.azure.com/subscriptions/49d64d54-e966-4c46-a868-1999802b762c/resourceGroups/suha-0802-rg11718/providers/Microsoft.Workloads/monitors/suha-0906-ams4670/providerInstances/sapdb2-3469?api-version=2021-12-01-preview",
      "RequestMethod": "GET",
      "RequestHeaders": {
        "Accept": "application/json",
        "Authorization": "Sanitized",
        "traceparent": "00-c52e1e7c412da44c9deb5c7ae0b6ce0a-38f2696fa83c4548-00",
        "User-Agent": "azsdk-net-ResourceManager.Workloads/1.0.0-alpha.20220608.1 (.NET Framework 4.8.4510.0; Microsoft Windows 10.0.22000 )",
        "x-ms-client-request-id": "dadd43909640bead58314e6f5c82f8e0",
        "x-ms-return-client-request-id": "true"
      },
      "RequestBody": null,
      "StatusCode": 200,
      "ResponseHeaders": {
        "Cache-Control": "no-cache",
        "Content-Length": "719",
        "Content-Type": "application/json; charset=utf-8",
        "Date": "Thu, 09 Jun 2022 12:04:43 GMT",
        "ETag": "\u0022110669df-0000-0200-0000-62a1e1bf0000\u0022",
        "Expires": "-1",
        "Pragma": "no-cache",
        "Strict-Transport-Security": "max-age=31536000; includeSubDomains",
        "X-Content-Type-Options": "nosniff",
        "x-ms-correlation-request-id": "62e0c1e4-9325-4fe3-a32c-9615eff45a2b",
        "x-ms-providerhub-traffic": "True",
        "x-ms-ratelimit-remaining-subscription-reads": "11991",
        "x-ms-request-id": "32ca0ad4-0869-417b-819d-1f4af7402ce4",
        "x-ms-routing-request-id": "SOUTHINDIA:20220609T120444Z:62e0c1e4-9325-4fe3-a32c-9615eff45a2b"
      },
      "ResponseBody": {
        "id": "/subscriptions/49d64d54-e966-4c46-a868-1999802b762c/resourceGroups/suha-0802-rg11718/providers/Microsoft.Workloads/monitors/suha-0906-ams4670/providerInstances/sapdb2-3469",
        "name": "sapdb2-3469",
        "type": "microsoft.workloads/monitors/providerinstances",
        "systemData": {
          "createdBy": "a7df1f57-04bc-4411-9ab2-067700f4247b",
          "createdByType": "Application",
          "createdAt": "2022-06-09T12:00:12.8241206Z",
          "lastModifiedBy": "a7df1f57-04bc-4411-9ab2-067700f4247b",
          "lastModifiedByType": "Application",
          "lastModifiedAt": "2022-06-09T12:00:12.8241206Z"
        },
        "properties": {
          "providerSettings": {
            "hostname": "10.170.100.80",
            "dbName": "T05",
            "dbPort": "5912",
            "dbUsername": "db2t05",
            "sapSid": "OPA",
            "providerType": "Db2"
          },
          "provisioningState": "Succeeded"
        }
      }
    },
    {
      "RequestUri": "https://management.azure.com/subscriptions/49d64d54-e966-4c46-a868-1999802b762c/resourceGroups/suha-0802-rg11718/providers/Microsoft.Workloads/monitors/suha-0906-ams4670/providerInstances/sapdb2-3469?api-version=2021-12-01-preview",
      "RequestMethod": "DELETE",
      "RequestHeaders": {
        "Accept": "application/json",
        "Authorization": "Sanitized",
        "traceparent": "00-f62cc40a6ca11a4c9d049129dcbb312a-23b9552d08457245-00",
        "User-Agent": "azsdk-net-ResourceManager.Workloads/1.0.0-alpha.20220608.1 (.NET Framework 4.8.4510.0; Microsoft Windows 10.0.22000 )",
        "x-ms-client-request-id": "4d986b370b9385b45985d05c09284b29",
        "x-ms-return-client-request-id": "true"
      },
      "RequestBody": null,
      "StatusCode": 202,
      "ResponseHeaders": {
        "api-supported-versions": "2021-12-01-preview",
        "Azure-AsyncOperation": "https://management.azure.com/subscriptions/49d64d54-e966-4c46-a868-1999802b762c/providers/Microsoft.Workloads/locations/EASTUS2/operationStatuses/08d0d436-7c7c-4301-8c89-7f6339cfae49*57ADEEA686B1DDB19EC3BEECC8290295B48CD23FB9AFDC387229972DA1FE526D?api-version=2021-12-01-preview",
        "Cache-Control": "no-cache",
        "Content-Length": "4",
        "Content-Type": "application/json; charset=utf-8",
        "Date": "Thu, 09 Jun 2022 12:05:01 GMT",
        "ETag": "\u0022fb0178e9-0000-0100-0000-62a1e1ee0000\u0022",
        "Expires": "-1",
        "Location": "https://management.azure.com/subscriptions/49d64d54-e966-4c46-a868-1999802b762c/providers/Microsoft.Workloads/locations/EASTUS2/operationStatuses/08d0d436-7c7c-4301-8c89-7f6339cfae49*57ADEEA686B1DDB19EC3BEECC8290295B48CD23FB9AFDC387229972DA1FE526D?api-version=2021-12-01-preview",
        "Pragma": "no-cache",
        "Strict-Transport-Security": "max-age=31536000; includeSubDomains",
        "X-Content-Type-Options": "nosniff",
        "x-ms-correlation-request-id": "f3421a4d-9ee2-4604-88e5-42e046ade75b",
        "x-ms-providerhub-traffic": "True",
        "x-ms-ratelimit-remaining-subscription-deletes": "14999",
        "x-ms-request-id": "08d0d436-7c7c-4301-8c89-7f6339cfae49",
        "x-ms-routing-request-id": "SOUTHINDIA:20220609T120502Z:f3421a4d-9ee2-4604-88e5-42e046ade75b"
      },
      "ResponseBody": "null"
    },
    {
      "RequestUri": "https://management.azure.com/subscriptions/49d64d54-e966-4c46-a868-1999802b762c/providers/Microsoft.Workloads/locations/EASTUS2/operationStatuses/08d0d436-7c7c-4301-8c89-7f6339cfae49*57ADEEA686B1DDB19EC3BEECC8290295B48CD23FB9AFDC387229972DA1FE526D?api-version=2021-12-01-preview",
      "RequestMethod": "GET",
      "RequestHeaders": {
        "Authorization": "Sanitized",
        "traceparent": "00-f62cc40a6ca11a4c9d049129dcbb312a-4748f85bda20524e-00",
        "User-Agent": "azsdk-net-ResourceManager/1.0.0 (.NET Framework 4.8.4510.0; Microsoft Windows 10.0.22000 )",
        "x-ms-client-request-id": "51782e32073185f58f5880bbc651b52f",
        "x-ms-return-client-request-id": "true"
      },
      "RequestBody": null,
      "StatusCode": 202,
      "ResponseHeaders": {
        "Cache-Control": "no-cache",
        "Content-Length": "589",
        "Content-Type": "application/json; charset=utf-8",
        "Date": "Thu, 09 Jun 2022 12:05:01 GMT",
        "ETag": "\u0022830353d8-0000-0100-0000-62a1e1ee0000\u0022",
        "Expires": "-1",
        "Pragma": "no-cache",
        "Strict-Transport-Security": "max-age=31536000; includeSubDomains",
        "X-Content-Type-Options": "nosniff",
        "x-ms-correlation-request-id": "53b941ee-7db4-4f3d-a3fb-36fe06d4b607",
        "x-ms-ratelimit-remaining-subscription-reads": "11990",
        "x-ms-request-id": "5ceea66d-a598-4128-9ad5-674c9b4f1973",
        "x-ms-routing-request-id": "SOUTHINDIA:20220609T120502Z:53b941ee-7db4-4f3d-a3fb-36fe06d4b607"
      },
      "ResponseBody": {
        "id": "/subscriptions/49d64d54-e966-4c46-a868-1999802b762c/providers/Microsoft.Workloads/locations/EASTUS2/operationStatuses/08d0d436-7c7c-4301-8c89-7f6339cfae49*57ADEEA686B1DDB19EC3BEECC8290295B48CD23FB9AFDC387229972DA1FE526D",
        "name": "08d0d436-7c7c-4301-8c89-7f6339cfae49*57ADEEA686B1DDB19EC3BEECC8290295B48CD23FB9AFDC387229972DA1FE526D",
        "resourceId": "/subscriptions/49d64d54-e966-4c46-a868-1999802b762c/resourceGroups/suha-0802-rg11718/providers/Microsoft.Workloads/monitors/suha-0906-ams4670/providerInstances/sapdb2-3469",
        "status": "Deleting",
        "startTime": "2022-06-09T12:05:02.0246963Z"
      }
    },
    {
      "RequestUri": "https://management.azure.com/subscriptions/49d64d54-e966-4c46-a868-1999802b762c/providers/Microsoft.Workloads/locations/EASTUS2/operationStatuses/08d0d436-7c7c-4301-8c89-7f6339cfae49*57ADEEA686B1DDB19EC3BEECC8290295B48CD23FB9AFDC387229972DA1FE526D?api-version=2021-12-01-preview",
      "RequestMethod": "GET",
      "RequestHeaders": {
        "Authorization": "Sanitized",
        "traceparent": "00-f62cc40a6ca11a4c9d049129dcbb312a-67304e2694330342-00",
        "User-Agent": "azsdk-net-ResourceManager/1.0.0 (.NET Framework 4.8.4510.0; Microsoft Windows 10.0.22000 )",
        "x-ms-client-request-id": "569424e50db692cb94bbcc2cc04636fb",
        "x-ms-return-client-request-id": "true"
      },
      "RequestBody": null,
      "StatusCode": 202,
      "ResponseHeaders": {
        "Cache-Control": "no-cache",
        "Content-Length": "589",
        "Content-Type": "application/json; charset=utf-8",
        "Date": "Thu, 09 Jun 2022 12:05:03 GMT",
        "ETag": "\u0022830353d8-0000-0100-0000-62a1e1ee0000\u0022",
        "Expires": "-1",
        "Pragma": "no-cache",
        "Strict-Transport-Security": "max-age=31536000; includeSubDomains",
        "X-Content-Type-Options": "nosniff",
        "x-ms-correlation-request-id": "ebf353b7-d0df-40b5-830c-c081954670c7",
        "x-ms-ratelimit-remaining-subscription-reads": "11989",
        "x-ms-request-id": "bfe70cad-38a0-4d56-93a8-cecaaae805de",
        "x-ms-routing-request-id": "SOUTHINDIA:20220609T120504Z:ebf353b7-d0df-40b5-830c-c081954670c7"
      },
      "ResponseBody": {
        "id": "/subscriptions/49d64d54-e966-4c46-a868-1999802b762c/providers/Microsoft.Workloads/locations/EASTUS2/operationStatuses/08d0d436-7c7c-4301-8c89-7f6339cfae49*57ADEEA686B1DDB19EC3BEECC8290295B48CD23FB9AFDC387229972DA1FE526D",
        "name": "08d0d436-7c7c-4301-8c89-7f6339cfae49*57ADEEA686B1DDB19EC3BEECC8290295B48CD23FB9AFDC387229972DA1FE526D",
        "resourceId": "/subscriptions/49d64d54-e966-4c46-a868-1999802b762c/resourceGroups/suha-0802-rg11718/providers/Microsoft.Workloads/monitors/suha-0906-ams4670/providerInstances/sapdb2-3469",
        "status": "Deleting",
        "startTime": "2022-06-09T12:05:02.0246963Z"
      }
    },
    {
      "RequestUri": "https://management.azure.com/subscriptions/49d64d54-e966-4c46-a868-1999802b762c/providers/Microsoft.Workloads/locations/EASTUS2/operationStatuses/08d0d436-7c7c-4301-8c89-7f6339cfae49*57ADEEA686B1DDB19EC3BEECC8290295B48CD23FB9AFDC387229972DA1FE526D?api-version=2021-12-01-preview",
      "RequestMethod": "GET",
      "RequestHeaders": {
        "Authorization": "Sanitized",
        "traceparent": "00-f62cc40a6ca11a4c9d049129dcbb312a-40569dd0e7ad6e45-00",
        "User-Agent": "azsdk-net-ResourceManager/1.0.0 (.NET Framework 4.8.4510.0; Microsoft Windows 10.0.22000 )",
        "x-ms-client-request-id": "da2af4bbf9afd3f810465bbc241b1630",
        "x-ms-return-client-request-id": "true"
      },
      "RequestBody": null,
      "StatusCode": 202,
      "ResponseHeaders": {
        "Cache-Control": "no-cache",
        "Content-Length": "589",
        "Content-Type": "application/json; charset=utf-8",
        "Date": "Thu, 09 Jun 2022 12:05:04 GMT",
        "ETag": "\u0022830353d8-0000-0100-0000-62a1e1ee0000\u0022",
        "Expires": "-1",
        "Pragma": "no-cache",
        "Strict-Transport-Security": "max-age=31536000; includeSubDomains",
        "X-Content-Type-Options": "nosniff",
        "x-ms-correlation-request-id": "f516ae69-fa6a-49c8-aa2a-6eb1386f4a70",
        "x-ms-ratelimit-remaining-subscription-reads": "11988",
        "x-ms-request-id": "e71a6cde-b854-4b4d-aa17-59832b334e73",
        "x-ms-routing-request-id": "SOUTHINDIA:20220609T120505Z:f516ae69-fa6a-49c8-aa2a-6eb1386f4a70"
      },
      "ResponseBody": {
        "id": "/subscriptions/49d64d54-e966-4c46-a868-1999802b762c/providers/Microsoft.Workloads/locations/EASTUS2/operationStatuses/08d0d436-7c7c-4301-8c89-7f6339cfae49*57ADEEA686B1DDB19EC3BEECC8290295B48CD23FB9AFDC387229972DA1FE526D",
        "name": "08d0d436-7c7c-4301-8c89-7f6339cfae49*57ADEEA686B1DDB19EC3BEECC8290295B48CD23FB9AFDC387229972DA1FE526D",
        "resourceId": "/subscriptions/49d64d54-e966-4c46-a868-1999802b762c/resourceGroups/suha-0802-rg11718/providers/Microsoft.Workloads/monitors/suha-0906-ams4670/providerInstances/sapdb2-3469",
        "status": "Deleting",
        "startTime": "2022-06-09T12:05:02.0246963Z"
      }
    },
    {
      "RequestUri": "https://management.azure.com/subscriptions/49d64d54-e966-4c46-a868-1999802b762c/providers/Microsoft.Workloads/locations/EASTUS2/operationStatuses/08d0d436-7c7c-4301-8c89-7f6339cfae49*57ADEEA686B1DDB19EC3BEECC8290295B48CD23FB9AFDC387229972DA1FE526D?api-version=2021-12-01-preview",
      "RequestMethod": "GET",
      "RequestHeaders": {
        "Authorization": "Sanitized",
        "traceparent": "00-f62cc40a6ca11a4c9d049129dcbb312a-6e4425e28a182643-00",
        "User-Agent": "azsdk-net-ResourceManager/1.0.0 (.NET Framework 4.8.4510.0; Microsoft Windows 10.0.22000 )",
        "x-ms-client-request-id": "29881bb174c9242563e6bd753ac8c448",
        "x-ms-return-client-request-id": "true"
      },
      "RequestBody": null,
      "StatusCode": 202,
      "ResponseHeaders": {
        "Cache-Control": "no-cache",
        "Content-Length": "589",
        "Content-Type": "application/json; charset=utf-8",
        "Date": "Thu, 09 Jun 2022 12:05:05 GMT",
        "ETag": "\u0022830353d8-0000-0100-0000-62a1e1ee0000\u0022",
        "Expires": "-1",
        "Pragma": "no-cache",
        "Strict-Transport-Security": "max-age=31536000; includeSubDomains",
        "X-Content-Type-Options": "nosniff",
        "x-ms-correlation-request-id": "a5e13865-d28e-4aed-9b25-36abf0c8d83f",
        "x-ms-ratelimit-remaining-subscription-reads": "11987",
        "x-ms-request-id": "696fcdcf-f961-4db2-a57e-5dca1ba2fa4e",
        "x-ms-routing-request-id": "SOUTHINDIA:20220609T120506Z:a5e13865-d28e-4aed-9b25-36abf0c8d83f"
      },
      "ResponseBody": {
        "id": "/subscriptions/49d64d54-e966-4c46-a868-1999802b762c/providers/Microsoft.Workloads/locations/EASTUS2/operationStatuses/08d0d436-7c7c-4301-8c89-7f6339cfae49*57ADEEA686B1DDB19EC3BEECC8290295B48CD23FB9AFDC387229972DA1FE526D",
        "name": "08d0d436-7c7c-4301-8c89-7f6339cfae49*57ADEEA686B1DDB19EC3BEECC8290295B48CD23FB9AFDC387229972DA1FE526D",
        "resourceId": "/subscriptions/49d64d54-e966-4c46-a868-1999802b762c/resourceGroups/suha-0802-rg11718/providers/Microsoft.Workloads/monitors/suha-0906-ams4670/providerInstances/sapdb2-3469",
        "status": "Deleting",
        "startTime": "2022-06-09T12:05:02.0246963Z"
      }
    },
    {
      "RequestUri": "https://management.azure.com/subscriptions/49d64d54-e966-4c46-a868-1999802b762c/providers/Microsoft.Workloads/locations/EASTUS2/operationStatuses/08d0d436-7c7c-4301-8c89-7f6339cfae49*57ADEEA686B1DDB19EC3BEECC8290295B48CD23FB9AFDC387229972DA1FE526D?api-version=2021-12-01-preview",
      "RequestMethod": "GET",
      "RequestHeaders": {
        "Authorization": "Sanitized",
        "traceparent": "00-f62cc40a6ca11a4c9d049129dcbb312a-b399a2448d0e2241-00",
        "User-Agent": "azsdk-net-ResourceManager/1.0.0 (.NET Framework 4.8.4510.0; Microsoft Windows 10.0.22000 )",
        "x-ms-client-request-id": "d2008522db27ec7f2cc1456fb10e6e78",
        "x-ms-return-client-request-id": "true"
      },
      "RequestBody": null,
      "StatusCode": 202,
      "ResponseHeaders": {
        "Cache-Control": "no-cache",
        "Content-Length": "589",
        "Content-Type": "application/json; charset=utf-8",
        "Date": "Thu, 09 Jun 2022 12:05:09 GMT",
        "ETag": "\u0022830353d8-0000-0100-0000-62a1e1ee0000\u0022",
        "Expires": "-1",
        "Pragma": "no-cache",
        "Strict-Transport-Security": "max-age=31536000; includeSubDomains",
        "X-Content-Type-Options": "nosniff",
        "x-ms-correlation-request-id": "d09fd6d0-6f95-4ec3-92ce-5ea8d0ddb30a",
        "x-ms-ratelimit-remaining-subscription-reads": "11986",
        "x-ms-request-id": "ce554d5c-4661-4b50-8d85-99714f73c4ac",
        "x-ms-routing-request-id": "SOUTHINDIA:20220609T120509Z:d09fd6d0-6f95-4ec3-92ce-5ea8d0ddb30a"
      },
      "ResponseBody": {
        "id": "/subscriptions/49d64d54-e966-4c46-a868-1999802b762c/providers/Microsoft.Workloads/locations/EASTUS2/operationStatuses/08d0d436-7c7c-4301-8c89-7f6339cfae49*57ADEEA686B1DDB19EC3BEECC8290295B48CD23FB9AFDC387229972DA1FE526D",
        "name": "08d0d436-7c7c-4301-8c89-7f6339cfae49*57ADEEA686B1DDB19EC3BEECC8290295B48CD23FB9AFDC387229972DA1FE526D",
        "resourceId": "/subscriptions/49d64d54-e966-4c46-a868-1999802b762c/resourceGroups/suha-0802-rg11718/providers/Microsoft.Workloads/monitors/suha-0906-ams4670/providerInstances/sapdb2-3469",
        "status": "Deleting",
        "startTime": "2022-06-09T12:05:02.0246963Z"
      }
    },
    {
      "RequestUri": "https://management.azure.com/subscriptions/49d64d54-e966-4c46-a868-1999802b762c/providers/Microsoft.Workloads/locations/EASTUS2/operationStatuses/08d0d436-7c7c-4301-8c89-7f6339cfae49*57ADEEA686B1DDB19EC3BEECC8290295B48CD23FB9AFDC387229972DA1FE526D?api-version=2021-12-01-preview",
      "RequestMethod": "GET",
      "RequestHeaders": {
        "Authorization": "Sanitized",
        "traceparent": "00-f62cc40a6ca11a4c9d049129dcbb312a-f8cfe01bf0870348-00",
        "User-Agent": "azsdk-net-ResourceManager/1.0.0 (.NET Framework 4.8.4510.0; Microsoft Windows 10.0.22000 )",
        "x-ms-client-request-id": "a57b9ca50cbe4632ce0576c93c829848",
        "x-ms-return-client-request-id": "true"
      },
      "RequestBody": null,
      "StatusCode": 202,
      "ResponseHeaders": {
        "Cache-Control": "no-cache",
        "Content-Length": "589",
        "Content-Type": "application/json; charset=utf-8",
        "Date": "Thu, 09 Jun 2022 12:05:13 GMT",
        "ETag": "\u0022830353d8-0000-0100-0000-62a1e1ee0000\u0022",
        "Expires": "-1",
        "Pragma": "no-cache",
        "Strict-Transport-Security": "max-age=31536000; includeSubDomains",
        "X-Content-Type-Options": "nosniff",
        "x-ms-correlation-request-id": "89d82b71-5c23-484b-84c4-9d9de8f52366",
        "x-ms-ratelimit-remaining-subscription-reads": "11985",
        "x-ms-request-id": "9e9489d3-bfb7-43b8-af93-8b652603025e",
        "x-ms-routing-request-id": "SOUTHINDIA:20220609T120513Z:89d82b71-5c23-484b-84c4-9d9de8f52366"
      },
      "ResponseBody": {
        "id": "/subscriptions/49d64d54-e966-4c46-a868-1999802b762c/providers/Microsoft.Workloads/locations/EASTUS2/operationStatuses/08d0d436-7c7c-4301-8c89-7f6339cfae49*57ADEEA686B1DDB19EC3BEECC8290295B48CD23FB9AFDC387229972DA1FE526D",
        "name": "08d0d436-7c7c-4301-8c89-7f6339cfae49*57ADEEA686B1DDB19EC3BEECC8290295B48CD23FB9AFDC387229972DA1FE526D",
        "resourceId": "/subscriptions/49d64d54-e966-4c46-a868-1999802b762c/resourceGroups/suha-0802-rg11718/providers/Microsoft.Workloads/monitors/suha-0906-ams4670/providerInstances/sapdb2-3469",
        "status": "Deleting",
        "startTime": "2022-06-09T12:05:02.0246963Z"
      }
    },
    {
      "RequestUri": "https://management.azure.com/subscriptions/49d64d54-e966-4c46-a868-1999802b762c/providers/Microsoft.Workloads/locations/EASTUS2/operationStatuses/08d0d436-7c7c-4301-8c89-7f6339cfae49*57ADEEA686B1DDB19EC3BEECC8290295B48CD23FB9AFDC387229972DA1FE526D?api-version=2021-12-01-preview",
      "RequestMethod": "GET",
      "RequestHeaders": {
        "Authorization": "Sanitized",
        "traceparent": "00-f62cc40a6ca11a4c9d049129dcbb312a-478f5cf1a4296146-00",
        "User-Agent": "azsdk-net-ResourceManager/1.0.0 (.NET Framework 4.8.4510.0; Microsoft Windows 10.0.22000 )",
        "x-ms-client-request-id": "9e9a1382431bd6089b9cfd082eb57355",
        "x-ms-return-client-request-id": "true"
      },
      "RequestBody": null,
      "StatusCode": 202,
      "ResponseHeaders": {
        "Cache-Control": "no-cache",
        "Content-Length": "589",
        "Content-Type": "application/json; charset=utf-8",
        "Date": "Thu, 09 Jun 2022 12:05:21 GMT",
        "ETag": "\u0022830353d8-0000-0100-0000-62a1e1ee0000\u0022",
        "Expires": "-1",
        "Pragma": "no-cache",
        "Strict-Transport-Security": "max-age=31536000; includeSubDomains",
        "X-Content-Type-Options": "nosniff",
        "x-ms-correlation-request-id": "32db654f-d135-47f0-8cf9-284faf71f356",
        "x-ms-ratelimit-remaining-subscription-reads": "11984",
        "x-ms-request-id": "bb8ecbad-a2d3-41ef-b7c9-5c1401a4dc4e",
        "x-ms-routing-request-id": "SOUTHINDIA:20220609T120521Z:32db654f-d135-47f0-8cf9-284faf71f356"
      },
      "ResponseBody": {
        "id": "/subscriptions/49d64d54-e966-4c46-a868-1999802b762c/providers/Microsoft.Workloads/locations/EASTUS2/operationStatuses/08d0d436-7c7c-4301-8c89-7f6339cfae49*57ADEEA686B1DDB19EC3BEECC8290295B48CD23FB9AFDC387229972DA1FE526D",
        "name": "08d0d436-7c7c-4301-8c89-7f6339cfae49*57ADEEA686B1DDB19EC3BEECC8290295B48CD23FB9AFDC387229972DA1FE526D",
        "resourceId": "/subscriptions/49d64d54-e966-4c46-a868-1999802b762c/resourceGroups/suha-0802-rg11718/providers/Microsoft.Workloads/monitors/suha-0906-ams4670/providerInstances/sapdb2-3469",
        "status": "Deleting",
        "startTime": "2022-06-09T12:05:02.0246963Z"
      }
    },
    {
      "RequestUri": "https://management.azure.com/subscriptions/49d64d54-e966-4c46-a868-1999802b762c/providers/Microsoft.Workloads/locations/EASTUS2/operationStatuses/08d0d436-7c7c-4301-8c89-7f6339cfae49*57ADEEA686B1DDB19EC3BEECC8290295B48CD23FB9AFDC387229972DA1FE526D?api-version=2021-12-01-preview",
      "RequestMethod": "GET",
      "RequestHeaders": {
        "Authorization": "Sanitized",
        "traceparent": "00-f62cc40a6ca11a4c9d049129dcbb312a-d637621842fe6044-00",
        "User-Agent": "azsdk-net-ResourceManager/1.0.0 (.NET Framework 4.8.4510.0; Microsoft Windows 10.0.22000 )",
        "x-ms-client-request-id": "9ecf44781f4c158a53b9032164b6afa9",
        "x-ms-return-client-request-id": "true"
      },
      "RequestBody": null,
      "StatusCode": 202,
      "ResponseHeaders": {
        "Cache-Control": "no-cache",
        "Content-Length": "589",
        "Content-Type": "application/json; charset=utf-8",
        "Date": "Thu, 09 Jun 2022 12:05:37 GMT",
        "ETag": "\u0022830353d8-0000-0100-0000-62a1e1ee0000\u0022",
        "Expires": "-1",
        "Pragma": "no-cache",
        "Strict-Transport-Security": "max-age=31536000; includeSubDomains",
        "X-Content-Type-Options": "nosniff",
        "x-ms-correlation-request-id": "7e88be73-86fa-4c38-b1c8-db3c310d47c8",
        "x-ms-ratelimit-remaining-subscription-reads": "11983",
        "x-ms-request-id": "1bcff899-c17f-4210-bc94-e16cb0321cde",
        "x-ms-routing-request-id": "SOUTHINDIA:20220609T120537Z:7e88be73-86fa-4c38-b1c8-db3c310d47c8"
      },
      "ResponseBody": {
        "id": "/subscriptions/49d64d54-e966-4c46-a868-1999802b762c/providers/Microsoft.Workloads/locations/EASTUS2/operationStatuses/08d0d436-7c7c-4301-8c89-7f6339cfae49*57ADEEA686B1DDB19EC3BEECC8290295B48CD23FB9AFDC387229972DA1FE526D",
        "name": "08d0d436-7c7c-4301-8c89-7f6339cfae49*57ADEEA686B1DDB19EC3BEECC8290295B48CD23FB9AFDC387229972DA1FE526D",
        "resourceId": "/subscriptions/49d64d54-e966-4c46-a868-1999802b762c/resourceGroups/suha-0802-rg11718/providers/Microsoft.Workloads/monitors/suha-0906-ams4670/providerInstances/sapdb2-3469",
        "status": "Deleting",
        "startTime": "2022-06-09T12:05:02.0246963Z"
      }
    },
    {
      "RequestUri": "https://management.azure.com/subscriptions/49d64d54-e966-4c46-a868-1999802b762c/providers/Microsoft.Workloads/locations/EASTUS2/operationStatuses/08d0d436-7c7c-4301-8c89-7f6339cfae49*57ADEEA686B1DDB19EC3BEECC8290295B48CD23FB9AFDC387229972DA1FE526D?api-version=2021-12-01-preview",
      "RequestMethod": "GET",
      "RequestHeaders": {
        "Authorization": "Sanitized",
        "traceparent": "00-f62cc40a6ca11a4c9d049129dcbb312a-2d8fc2ba82906842-00",
        "User-Agent": "azsdk-net-ResourceManager/1.0.0 (.NET Framework 4.8.4510.0; Microsoft Windows 10.0.22000 )",
        "x-ms-client-request-id": "9eedfd28cf73625c93a509210f291819",
        "x-ms-return-client-request-id": "true"
      },
      "RequestBody": null,
      "StatusCode": 200,
      "ResponseHeaders": {
        "Cache-Control": "no-cache",
        "Content-Length": "649",
        "Content-Type": "application/json; charset=utf-8",
        "Date": "Thu, 09 Jun 2022 12:06:09 GMT",
        "ETag": "\u0022cb0665fe-0000-0200-0000-62a1e2150000\u0022",
        "Expires": "-1",
        "Pragma": "no-cache",
        "Strict-Transport-Security": "max-age=31536000; includeSubDomains",
        "X-Content-Type-Options": "nosniff",
        "x-ms-correlation-request-id": "ed52b00a-b782-4166-a3c0-174f6ebc0308",
        "x-ms-ratelimit-remaining-subscription-reads": "11982",
        "x-ms-request-id": "2b2ecc02-402b-4cae-9608-cc2c3566939a",
        "x-ms-routing-request-id": "SOUTHINDIA:20220609T120610Z:ed52b00a-b782-4166-a3c0-174f6ebc0308"
      },
      "ResponseBody": {
        "id": "/subscriptions/49d64d54-e966-4c46-a868-1999802b762c/providers/Microsoft.Workloads/locations/EASTUS2/operationStatuses/08d0d436-7c7c-4301-8c89-7f6339cfae49*57ADEEA686B1DDB19EC3BEECC8290295B48CD23FB9AFDC387229972DA1FE526D",
        "name": "08d0d436-7c7c-4301-8c89-7f6339cfae49*57ADEEA686B1DDB19EC3BEECC8290295B48CD23FB9AFDC387229972DA1FE526D",
        "resourceId": "/subscriptions/49d64d54-e966-4c46-a868-1999802b762c/resourceGroups/suha-0802-rg11718/providers/Microsoft.Workloads/monitors/suha-0906-ams4670/providerInstances/sapdb2-3469",
        "status": "Succeeded",
        "startTime": "2022-06-09T12:05:02.0246963Z",
        "endTime": "2022-06-09T12:05:41.4784813Z",
        "properties": null
      }
    },
    {
      "RequestUri": "https://management.azure.com/subscriptions/49d64d54-e966-4c46-a868-1999802b762c/resourceGroups/suha-0802-rg11718/providers/Microsoft.Workloads/monitors/suha-0906-ams4670/providerInstances/sapdb2-3469?api-version=2021-12-01-preview",
      "RequestMethod": "GET",
      "RequestHeaders": {
        "Accept": "application/json",
        "Authorization": "Sanitized",
        "Connection": "close",
        "traceparent": "00-3c36a665b110cb4b9dd34d27c3b44c8c-73e1498e3cc14d49-00",
        "User-Agent": "azsdk-net-ResourceManager.Workloads/1.0.0-alpha.20220608.1 (.NET Framework 4.8.4510.0; Microsoft Windows 10.0.22000 )",
        "x-ms-client-request-id": "f7512091fab362fb88854b623fe671e5",
        "x-ms-return-client-request-id": "true"
      },
      "RequestBody": null,
      "StatusCode": 404,
      "ResponseHeaders": {
        "Cache-Control": "no-cache",
        "Connection": "close",
        "Content-Length": "161",
        "Content-Type": "application/json",
        "Date": "Thu, 09 Jun 2022 12:06:38 GMT",
        "Expires": "-1",
        "Pragma": "no-cache",
        "Strict-Transport-Security": "max-age=31536000; includeSubDomains",
        "X-Content-Type-Options": "nosniff",
        "x-ms-correlation-request-id": "441ffd3c-f924-4756-9f57-b5e743ff60fa",
        "x-ms-failure-cause": "gateway",
        "x-ms-providerhub-traffic": "True",
        "x-ms-ratelimit-remaining-subscription-reads": "11981",
        "x-ms-request-id": "15b3519a-9c1b-493e-93d4-e6aab904a8bf",
        "x-ms-routing-request-id": "SOUTHINDIA:20220609T120639Z:441ffd3c-f924-4756-9f57-b5e743ff60fa"
      },
      "ResponseBody": {
        "error": {
          "code": "ResourceNotFound",
          "message": "The resource \u0027Microsoft.Workloads/monitors/suha-0906-ams4670/providerInstances/sapdb2-3469\u0027 could not be found."
        }
      }
    },
    {
      "RequestUri": "https://management.azure.com/subscriptions/49d64d54-e966-4c46-a868-1999802b762c/resourceGroups/suha-0802-rg11718/providers/Microsoft.Workloads/monitors/suha-0906-ams4670?api-version=2021-12-01-preview",
      "RequestMethod": "DELETE",
      "RequestHeaders": {
        "Accept": "application/json",
        "Authorization": "Sanitized",
        "traceparent": "00-7ddb5276ed296241819c78d251588ad0-4982a76f220b5248-00",
        "User-Agent": "azsdk-net-ResourceManager.Workloads/1.0.0-alpha.20220608.1 (.NET Framework 4.8.4510.0; Microsoft Windows 10.0.22000 )",
        "x-ms-client-request-id": "31df53ecd5c7a8e1e76d0aa715680629",
        "x-ms-return-client-request-id": "true"
      },
      "RequestBody": null,
      "StatusCode": 202,
      "ResponseHeaders": {
        "Azure-AsyncOperation": "https://management.azure.com/subscriptions/49d64d54-e966-4c46-a868-1999802b762c/providers/Microsoft.Workloads/locations/EASTUS2/operationStatuses/5e0d6346-565b-4143-b4fb-a5f0e409d88b*697C47B31607D0FDC8AF92227634D88F019D521D4F2EC1B67E06C3ED379A3789?api-version=2021-12-01-preview",
        "Cache-Control": "no-cache",
        "Content-Length": "4",
        "Content-Type": "application/json; charset=utf-8",
        "Date": "Thu, 09 Jun 2022 12:06:56 GMT",
        "ETag": "\u002281053b38-0000-0200-0000-62a1e2600000\u0022",
        "Expires": "-1",
        "Location": "https://management.azure.com/subscriptions/49d64d54-e966-4c46-a868-1999802b762c/providers/Microsoft.Workloads/locations/EASTUS2/operationStatuses/5e0d6346-565b-4143-b4fb-a5f0e409d88b*697C47B31607D0FDC8AF92227634D88F019D521D4F2EC1B67E06C3ED379A3789?api-version=2021-12-01-preview",
        "Pragma": "no-cache",
        "Strict-Transport-Security": "max-age=31536000; includeSubDomains",
        "X-Content-Type-Options": "nosniff",
        "x-ms-correlation-request-id": "ab21b4ec-5455-4e4a-8044-360f74eff356",
        "x-ms-providerhub-traffic": "True",
        "x-ms-ratelimit-remaining-subscription-deletes": "14999",
        "x-ms-request-id": "5e0d6346-565b-4143-b4fb-a5f0e409d88b",
        "x-ms-routing-request-id": "SOUTHINDIA:20220609T120656Z:ab21b4ec-5455-4e4a-8044-360f74eff356"
      },
      "ResponseBody": "null"
    },
    {
      "RequestUri": "https://management.azure.com/subscriptions/49d64d54-e966-4c46-a868-1999802b762c/providers/Microsoft.Workloads/locations/EASTUS2/operationStatuses/5e0d6346-565b-4143-b4fb-a5f0e409d88b*697C47B31607D0FDC8AF92227634D88F019D521D4F2EC1B67E06C3ED379A3789?api-version=2021-12-01-preview",
      "RequestMethod": "GET",
      "RequestHeaders": {
        "Authorization": "Sanitized",
        "traceparent": "00-7ddb5276ed296241819c78d251588ad0-f551088e965ca442-00",
        "User-Agent": "azsdk-net-ResourceManager/1.0.0 (.NET Framework 4.8.4510.0; Microsoft Windows 10.0.22000 )",
        "x-ms-client-request-id": "bb352433e74abc513fa81045f0544c1f",
        "x-ms-return-client-request-id": "true"
      },
      "RequestBody": null,
      "StatusCode": 202,
      "ResponseHeaders": {
        "Cache-Control": "no-cache",
        "Content-Length": "559",
        "Content-Type": "application/json; charset=utf-8",
        "Date": "Thu, 09 Jun 2022 12:06:56 GMT",
        "ETag": "\u0022cb06befe-0000-0200-0000-62a1e2600000\u0022",
        "Expires": "-1",
        "Pragma": "no-cache",
        "Strict-Transport-Security": "max-age=31536000; includeSubDomains",
        "X-Content-Type-Options": "nosniff",
        "x-ms-correlation-request-id": "65fd561d-9a31-4cb2-bfcc-dced1142da5b",
        "x-ms-ratelimit-remaining-subscription-reads": "11999",
        "x-ms-request-id": "618af0cc-5c71-4a02-9c70-a19a68663013",
        "x-ms-routing-request-id": "SOUTHINDIA:20220609T120657Z:65fd561d-9a31-4cb2-bfcc-dced1142da5b"
      },
      "ResponseBody": {
        "id": "/subscriptions/49d64d54-e966-4c46-a868-1999802b762c/providers/Microsoft.Workloads/locations/EASTUS2/operationStatuses/5e0d6346-565b-4143-b4fb-a5f0e409d88b*697C47B31607D0FDC8AF92227634D88F019D521D4F2EC1B67E06C3ED379A3789",
        "name": "5e0d6346-565b-4143-b4fb-a5f0e409d88b*697C47B31607D0FDC8AF92227634D88F019D521D4F2EC1B67E06C3ED379A3789",
        "resourceId": "/subscriptions/49d64d54-e966-4c46-a868-1999802b762c/resourceGroups/suha-0802-rg11718/providers/Microsoft.Workloads/monitors/suha-0906-ams4670",
        "status": "Deleting",
        "startTime": "2022-06-09T12:06:56.1056056Z"
      }
    },
    {
      "RequestUri": "https://management.azure.com/subscriptions/49d64d54-e966-4c46-a868-1999802b762c/providers/Microsoft.Workloads/locations/EASTUS2/operationStatuses/5e0d6346-565b-4143-b4fb-a5f0e409d88b*697C47B31607D0FDC8AF92227634D88F019D521D4F2EC1B67E06C3ED379A3789?api-version=2021-12-01-preview",
      "RequestMethod": "GET",
      "RequestHeaders": {
        "Authorization": "Sanitized",
        "traceparent": "00-7ddb5276ed296241819c78d251588ad0-e6103348e406914b-00",
        "User-Agent": "azsdk-net-ResourceManager/1.0.0 (.NET Framework 4.8.4510.0; Microsoft Windows 10.0.22000 )",
        "x-ms-client-request-id": "54c2217e2d5635805db12f3cbff324ed",
        "x-ms-return-client-request-id": "true"
      },
      "RequestBody": null,
      "StatusCode": 202,
      "ResponseHeaders": {
        "Cache-Control": "no-cache",
        "Content-Length": "559",
        "Content-Type": "application/json; charset=utf-8",
        "Date": "Thu, 09 Jun 2022 12:06:57 GMT",
        "ETag": "\u0022cb06befe-0000-0200-0000-62a1e2600000\u0022",
        "Expires": "-1",
        "Pragma": "no-cache",
        "Strict-Transport-Security": "max-age=31536000; includeSubDomains",
        "X-Content-Type-Options": "nosniff",
        "x-ms-correlation-request-id": "6276e930-26a8-4da5-afb3-a9e3dc4424b2",
        "x-ms-ratelimit-remaining-subscription-reads": "11998",
        "x-ms-request-id": "b94d3a4a-8d8f-4512-be13-3241534ed990",
        "x-ms-routing-request-id": "SOUTHINDIA:20220609T120658Z:6276e930-26a8-4da5-afb3-a9e3dc4424b2"
      },
      "ResponseBody": {
        "id": "/subscriptions/49d64d54-e966-4c46-a868-1999802b762c/providers/Microsoft.Workloads/locations/EASTUS2/operationStatuses/5e0d6346-565b-4143-b4fb-a5f0e409d88b*697C47B31607D0FDC8AF92227634D88F019D521D4F2EC1B67E06C3ED379A3789",
        "name": "5e0d6346-565b-4143-b4fb-a5f0e409d88b*697C47B31607D0FDC8AF92227634D88F019D521D4F2EC1B67E06C3ED379A3789",
        "resourceId": "/subscriptions/49d64d54-e966-4c46-a868-1999802b762c/resourceGroups/suha-0802-rg11718/providers/Microsoft.Workloads/monitors/suha-0906-ams4670",
        "status": "Deleting",
        "startTime": "2022-06-09T12:06:56.1056056Z"
      }
    },
    {
      "RequestUri": "https://management.azure.com/subscriptions/49d64d54-e966-4c46-a868-1999802b762c/providers/Microsoft.Workloads/locations/EASTUS2/operationStatuses/5e0d6346-565b-4143-b4fb-a5f0e409d88b*697C47B31607D0FDC8AF92227634D88F019D521D4F2EC1B67E06C3ED379A3789?api-version=2021-12-01-preview",
      "RequestMethod": "GET",
      "RequestHeaders": {
        "Authorization": "Sanitized",
        "traceparent": "00-7ddb5276ed296241819c78d251588ad0-939bc8e87971804a-00",
        "User-Agent": "azsdk-net-ResourceManager/1.0.0 (.NET Framework 4.8.4510.0; Microsoft Windows 10.0.22000 )",
        "x-ms-client-request-id": "f1735d4b4b33b9df99d304bba7b13dac",
        "x-ms-return-client-request-id": "true"
      },
      "RequestBody": null,
      "StatusCode": 202,
      "ResponseHeaders": {
        "Cache-Control": "no-cache",
        "Content-Length": "559",
        "Content-Type": "application/json; charset=utf-8",
        "Date": "Thu, 09 Jun 2022 12:06:59 GMT",
        "ETag": "\u0022cb06befe-0000-0200-0000-62a1e2600000\u0022",
        "Expires": "-1",
        "Pragma": "no-cache",
        "Strict-Transport-Security": "max-age=31536000; includeSubDomains",
        "X-Content-Type-Options": "nosniff",
        "x-ms-correlation-request-id": "a310f302-d0d2-4790-ac7d-3db249d5a958",
        "x-ms-ratelimit-remaining-subscription-reads": "11997",
        "x-ms-request-id": "58a45fea-8269-4783-bc9e-69d493665159",
        "x-ms-routing-request-id": "SOUTHINDIA:20220609T120659Z:a310f302-d0d2-4790-ac7d-3db249d5a958"
      },
      "ResponseBody": {
        "id": "/subscriptions/49d64d54-e966-4c46-a868-1999802b762c/providers/Microsoft.Workloads/locations/EASTUS2/operationStatuses/5e0d6346-565b-4143-b4fb-a5f0e409d88b*697C47B31607D0FDC8AF92227634D88F019D521D4F2EC1B67E06C3ED379A3789",
        "name": "5e0d6346-565b-4143-b4fb-a5f0e409d88b*697C47B31607D0FDC8AF92227634D88F019D521D4F2EC1B67E06C3ED379A3789",
        "resourceId": "/subscriptions/49d64d54-e966-4c46-a868-1999802b762c/resourceGroups/suha-0802-rg11718/providers/Microsoft.Workloads/monitors/suha-0906-ams4670",
        "status": "Deleting",
        "startTime": "2022-06-09T12:06:56.1056056Z"
      }
    },
    {
      "RequestUri": "https://management.azure.com/subscriptions/49d64d54-e966-4c46-a868-1999802b762c/providers/Microsoft.Workloads/locations/EASTUS2/operationStatuses/5e0d6346-565b-4143-b4fb-a5f0e409d88b*697C47B31607D0FDC8AF92227634D88F019D521D4F2EC1B67E06C3ED379A3789?api-version=2021-12-01-preview",
      "RequestMethod": "GET",
      "RequestHeaders": {
        "Authorization": "Sanitized",
        "traceparent": "00-7ddb5276ed296241819c78d251588ad0-cb059e420d875148-00",
        "User-Agent": "azsdk-net-ResourceManager/1.0.0 (.NET Framework 4.8.4510.0; Microsoft Windows 10.0.22000 )",
        "x-ms-client-request-id": "6170f63ecd380556a3ff5d98b715fd4c",
        "x-ms-return-client-request-id": "true"
      },
      "RequestBody": null,
      "StatusCode": 202,
      "ResponseHeaders": {
        "Cache-Control": "no-cache",
        "Content-Length": "559",
        "Content-Type": "application/json; charset=utf-8",
        "Date": "Thu, 09 Jun 2022 12:07:00 GMT",
        "ETag": "\u0022cb06befe-0000-0200-0000-62a1e2600000\u0022",
        "Expires": "-1",
        "Pragma": "no-cache",
        "Strict-Transport-Security": "max-age=31536000; includeSubDomains",
        "X-Content-Type-Options": "nosniff",
        "x-ms-correlation-request-id": "73a555ce-c37b-4ba9-b382-3e450f84b11d",
        "x-ms-ratelimit-remaining-subscription-reads": "11996",
        "x-ms-request-id": "35233c1a-092c-4855-abf7-59a73f46a1e0",
        "x-ms-routing-request-id": "SOUTHINDIA:20220609T120701Z:73a555ce-c37b-4ba9-b382-3e450f84b11d"
      },
      "ResponseBody": {
        "id": "/subscriptions/49d64d54-e966-4c46-a868-1999802b762c/providers/Microsoft.Workloads/locations/EASTUS2/operationStatuses/5e0d6346-565b-4143-b4fb-a5f0e409d88b*697C47B31607D0FDC8AF92227634D88F019D521D4F2EC1B67E06C3ED379A3789",
        "name": "5e0d6346-565b-4143-b4fb-a5f0e409d88b*697C47B31607D0FDC8AF92227634D88F019D521D4F2EC1B67E06C3ED379A3789",
        "resourceId": "/subscriptions/49d64d54-e966-4c46-a868-1999802b762c/resourceGroups/suha-0802-rg11718/providers/Microsoft.Workloads/monitors/suha-0906-ams4670",
        "status": "Deleting",
        "startTime": "2022-06-09T12:06:56.1056056Z"
      }
    },
    {
      "RequestUri": "https://management.azure.com/subscriptions/49d64d54-e966-4c46-a868-1999802b762c/providers/Microsoft.Workloads/locations/EASTUS2/operationStatuses/5e0d6346-565b-4143-b4fb-a5f0e409d88b*697C47B31607D0FDC8AF92227634D88F019D521D4F2EC1B67E06C3ED379A3789?api-version=2021-12-01-preview",
      "RequestMethod": "GET",
      "RequestHeaders": {
        "Authorization": "Sanitized",
        "traceparent": "00-7ddb5276ed296241819c78d251588ad0-1f927e6fb7433947-00",
        "User-Agent": "azsdk-net-ResourceManager/1.0.0 (.NET Framework 4.8.4510.0; Microsoft Windows 10.0.22000 )",
        "x-ms-client-request-id": "92f922845be133ec4208bb8229c48dab",
        "x-ms-return-client-request-id": "true"
      },
      "RequestBody": null,
      "StatusCode": 202,
      "ResponseHeaders": {
        "Cache-Control": "no-cache",
        "Content-Length": "559",
        "Content-Type": "application/json; charset=utf-8",
        "Date": "Thu, 09 Jun 2022 12:07:02 GMT",
        "ETag": "\u0022cb06befe-0000-0200-0000-62a1e2600000\u0022",
        "Expires": "-1",
        "Pragma": "no-cache",
        "Strict-Transport-Security": "max-age=31536000; includeSubDomains",
        "X-Content-Type-Options": "nosniff",
        "x-ms-correlation-request-id": "2b47ecbd-1f6b-4ada-9af7-96e0a16517e2",
        "x-ms-ratelimit-remaining-subscription-reads": "11995",
        "x-ms-request-id": "ac461d07-ee80-4b2c-bacd-b2120e9d79b2",
        "x-ms-routing-request-id": "SOUTHINDIA:20220609T120703Z:2b47ecbd-1f6b-4ada-9af7-96e0a16517e2"
      },
      "ResponseBody": {
        "id": "/subscriptions/49d64d54-e966-4c46-a868-1999802b762c/providers/Microsoft.Workloads/locations/EASTUS2/operationStatuses/5e0d6346-565b-4143-b4fb-a5f0e409d88b*697C47B31607D0FDC8AF92227634D88F019D521D4F2EC1B67E06C3ED379A3789",
        "name": "5e0d6346-565b-4143-b4fb-a5f0e409d88b*697C47B31607D0FDC8AF92227634D88F019D521D4F2EC1B67E06C3ED379A3789",
        "resourceId": "/subscriptions/49d64d54-e966-4c46-a868-1999802b762c/resourceGroups/suha-0802-rg11718/providers/Microsoft.Workloads/monitors/suha-0906-ams4670",
        "status": "Deleting",
        "startTime": "2022-06-09T12:06:56.1056056Z"
      }
    },
    {
      "RequestUri": "https://management.azure.com/subscriptions/49d64d54-e966-4c46-a868-1999802b762c/providers/Microsoft.Workloads/locations/EASTUS2/operationStatuses/5e0d6346-565b-4143-b4fb-a5f0e409d88b*697C47B31607D0FDC8AF92227634D88F019D521D4F2EC1B67E06C3ED379A3789?api-version=2021-12-01-preview",
      "RequestMethod": "GET",
      "RequestHeaders": {
        "Authorization": "Sanitized",
        "traceparent": "00-7ddb5276ed296241819c78d251588ad0-55cd0c2f8f633e48-00",
        "User-Agent": "azsdk-net-ResourceManager/1.0.0 (.NET Framework 4.8.4510.0; Microsoft Windows 10.0.22000 )",
        "x-ms-client-request-id": "c8fd8274c2837db5076d4d33ed460184",
        "x-ms-return-client-request-id": "true"
      },
      "RequestBody": null,
      "StatusCode": 202,
      "ResponseHeaders": {
        "Cache-Control": "no-cache",
        "Content-Length": "559",
        "Content-Type": "application/json; charset=utf-8",
        "Date": "Thu, 09 Jun 2022 12:07:07 GMT",
        "ETag": "\u0022cb06befe-0000-0200-0000-62a1e2600000\u0022",
        "Expires": "-1",
        "Pragma": "no-cache",
        "Strict-Transport-Security": "max-age=31536000; includeSubDomains",
        "X-Content-Type-Options": "nosniff",
        "x-ms-correlation-request-id": "e321668f-ed33-4528-b711-efd71949191e",
        "x-ms-ratelimit-remaining-subscription-reads": "11994",
        "x-ms-request-id": "6e83c825-4fd0-4f30-a5cf-cfed43824677",
        "x-ms-routing-request-id": "SOUTHINDIA:20220609T120707Z:e321668f-ed33-4528-b711-efd71949191e"
      },
      "ResponseBody": {
        "id": "/subscriptions/49d64d54-e966-4c46-a868-1999802b762c/providers/Microsoft.Workloads/locations/EASTUS2/operationStatuses/5e0d6346-565b-4143-b4fb-a5f0e409d88b*697C47B31607D0FDC8AF92227634D88F019D521D4F2EC1B67E06C3ED379A3789",
        "name": "5e0d6346-565b-4143-b4fb-a5f0e409d88b*697C47B31607D0FDC8AF92227634D88F019D521D4F2EC1B67E06C3ED379A3789",
        "resourceId": "/subscriptions/49d64d54-e966-4c46-a868-1999802b762c/resourceGroups/suha-0802-rg11718/providers/Microsoft.Workloads/monitors/suha-0906-ams4670",
        "status": "Deleting",
        "startTime": "2022-06-09T12:06:56.1056056Z"
      }
    },
    {
      "RequestUri": "https://management.azure.com/subscriptions/49d64d54-e966-4c46-a868-1999802b762c/providers/Microsoft.Workloads/locations/EASTUS2/operationStatuses/5e0d6346-565b-4143-b4fb-a5f0e409d88b*697C47B31607D0FDC8AF92227634D88F019D521D4F2EC1B67E06C3ED379A3789?api-version=2021-12-01-preview",
      "RequestMethod": "GET",
      "RequestHeaders": {
        "Authorization": "Sanitized",
        "traceparent": "00-7ddb5276ed296241819c78d251588ad0-d296a7b86ac98d4b-00",
        "User-Agent": "azsdk-net-ResourceManager/1.0.0 (.NET Framework 4.8.4510.0; Microsoft Windows 10.0.22000 )",
        "x-ms-client-request-id": "8437b8d6abb7e3cb0a3d1f2f12d3dcdf",
        "x-ms-return-client-request-id": "true"
      },
      "RequestBody": null,
      "StatusCode": 202,
      "ResponseHeaders": {
        "Cache-Control": "no-cache",
        "Content-Length": "559",
        "Content-Type": "application/json; charset=utf-8",
        "Date": "Thu, 09 Jun 2022 12:07:16 GMT",
        "ETag": "\u0022cb06befe-0000-0200-0000-62a1e2600000\u0022",
        "Expires": "-1",
        "Pragma": "no-cache",
        "Strict-Transport-Security": "max-age=31536000; includeSubDomains",
        "X-Content-Type-Options": "nosniff",
        "x-ms-correlation-request-id": "85d31f6b-d480-454f-95d7-5d420bbd9236",
        "x-ms-ratelimit-remaining-subscription-reads": "11993",
        "x-ms-request-id": "463c7070-0980-4593-9ada-13a21da06e73",
        "x-ms-routing-request-id": "SOUTHINDIA:20220609T120716Z:85d31f6b-d480-454f-95d7-5d420bbd9236"
      },
      "ResponseBody": {
        "id": "/subscriptions/49d64d54-e966-4c46-a868-1999802b762c/providers/Microsoft.Workloads/locations/EASTUS2/operationStatuses/5e0d6346-565b-4143-b4fb-a5f0e409d88b*697C47B31607D0FDC8AF92227634D88F019D521D4F2EC1B67E06C3ED379A3789",
        "name": "5e0d6346-565b-4143-b4fb-a5f0e409d88b*697C47B31607D0FDC8AF92227634D88F019D521D4F2EC1B67E06C3ED379A3789",
        "resourceId": "/subscriptions/49d64d54-e966-4c46-a868-1999802b762c/resourceGroups/suha-0802-rg11718/providers/Microsoft.Workloads/monitors/suha-0906-ams4670",
        "status": "Deleting",
        "startTime": "2022-06-09T12:06:56.1056056Z"
      }
    },
    {
      "RequestUri": "https://management.azure.com/subscriptions/49d64d54-e966-4c46-a868-1999802b762c/providers/Microsoft.Workloads/locations/EASTUS2/operationStatuses/5e0d6346-565b-4143-b4fb-a5f0e409d88b*697C47B31607D0FDC8AF92227634D88F019D521D4F2EC1B67E06C3ED379A3789?api-version=2021-12-01-preview",
      "RequestMethod": "GET",
      "RequestHeaders": {
        "Authorization": "Sanitized",
        "traceparent": "00-7ddb5276ed296241819c78d251588ad0-16812120666c614e-00",
        "User-Agent": "azsdk-net-ResourceManager/1.0.0 (.NET Framework 4.8.4510.0; Microsoft Windows 10.0.22000 )",
        "x-ms-client-request-id": "3423b1723417c1c96d7c8a730db845fb",
        "x-ms-return-client-request-id": "true"
      },
      "RequestBody": null,
      "StatusCode": 202,
      "ResponseHeaders": {
        "Cache-Control": "no-cache",
        "Content-Length": "559",
        "Content-Type": "application/json; charset=utf-8",
        "Date": "Thu, 09 Jun 2022 12:07:32 GMT",
        "ETag": "\u0022cb06befe-0000-0200-0000-62a1e2600000\u0022",
        "Expires": "-1",
        "Pragma": "no-cache",
        "Strict-Transport-Security": "max-age=31536000; includeSubDomains",
        "X-Content-Type-Options": "nosniff",
        "x-ms-correlation-request-id": "6a77845b-f6bd-4327-853b-551b77f244c8",
        "x-ms-ratelimit-remaining-subscription-reads": "11992",
        "x-ms-request-id": "146b4193-ba71-42d4-adc1-ee92a4e07f32",
        "x-ms-routing-request-id": "SOUTHINDIA:20220609T120732Z:6a77845b-f6bd-4327-853b-551b77f244c8"
      },
      "ResponseBody": {
        "id": "/subscriptions/49d64d54-e966-4c46-a868-1999802b762c/providers/Microsoft.Workloads/locations/EASTUS2/operationStatuses/5e0d6346-565b-4143-b4fb-a5f0e409d88b*697C47B31607D0FDC8AF92227634D88F019D521D4F2EC1B67E06C3ED379A3789",
        "name": "5e0d6346-565b-4143-b4fb-a5f0e409d88b*697C47B31607D0FDC8AF92227634D88F019D521D4F2EC1B67E06C3ED379A3789",
        "resourceId": "/subscriptions/49d64d54-e966-4c46-a868-1999802b762c/resourceGroups/suha-0802-rg11718/providers/Microsoft.Workloads/monitors/suha-0906-ams4670",
        "status": "Deleting",
        "startTime": "2022-06-09T12:06:56.1056056Z"
      }
    },
    {
      "RequestUri": "https://management.azure.com/subscriptions/49d64d54-e966-4c46-a868-1999802b762c/providers/Microsoft.Workloads/locations/EASTUS2/operationStatuses/5e0d6346-565b-4143-b4fb-a5f0e409d88b*697C47B31607D0FDC8AF92227634D88F019D521D4F2EC1B67E06C3ED379A3789?api-version=2021-12-01-preview",
      "RequestMethod": "GET",
      "RequestHeaders": {
        "Authorization": "Sanitized",
        "traceparent": "00-7ddb5276ed296241819c78d251588ad0-f39ddfd369e2a040-00",
        "User-Agent": "azsdk-net-ResourceManager/1.0.0 (.NET Framework 4.8.4510.0; Microsoft Windows 10.0.22000 )",
        "x-ms-client-request-id": "71ac3707088dc9f4b71abe46a3856b34",
        "x-ms-return-client-request-id": "true"
      },
      "RequestBody": null,
      "StatusCode": 202,
      "ResponseHeaders": {
        "Cache-Control": "no-cache",
        "Content-Length": "559",
        "Content-Type": "application/json; charset=utf-8",
        "Date": "Thu, 09 Jun 2022 12:08:04 GMT",
        "ETag": "\u0022cb06befe-0000-0200-0000-62a1e2600000\u0022",
        "Expires": "-1",
        "Pragma": "no-cache",
        "Strict-Transport-Security": "max-age=31536000; includeSubDomains",
        "X-Content-Type-Options": "nosniff",
        "x-ms-correlation-request-id": "9b3c6fe0-7ae5-4537-a68c-d3238bae3cf7",
        "x-ms-ratelimit-remaining-subscription-reads": "11991",
        "x-ms-request-id": "c56ea2bd-e80e-44b8-86f2-a37729fa1ea2",
        "x-ms-routing-request-id": "SOUTHINDIA:20220609T120804Z:9b3c6fe0-7ae5-4537-a68c-d3238bae3cf7"
      },
      "ResponseBody": {
        "id": "/subscriptions/49d64d54-e966-4c46-a868-1999802b762c/providers/Microsoft.Workloads/locations/EASTUS2/operationStatuses/5e0d6346-565b-4143-b4fb-a5f0e409d88b*697C47B31607D0FDC8AF92227634D88F019D521D4F2EC1B67E06C3ED379A3789",
        "name": "5e0d6346-565b-4143-b4fb-a5f0e409d88b*697C47B31607D0FDC8AF92227634D88F019D521D4F2EC1B67E06C3ED379A3789",
        "resourceId": "/subscriptions/49d64d54-e966-4c46-a868-1999802b762c/resourceGroups/suha-0802-rg11718/providers/Microsoft.Workloads/monitors/suha-0906-ams4670",
        "status": "Deleting",
        "startTime": "2022-06-09T12:06:56.1056056Z"
      }
    },
    {
      "RequestUri": "https://management.azure.com/subscriptions/49d64d54-e966-4c46-a868-1999802b762c/providers/Microsoft.Workloads/locations/EASTUS2/operationStatuses/5e0d6346-565b-4143-b4fb-a5f0e409d88b*697C47B31607D0FDC8AF92227634D88F019D521D4F2EC1B67E06C3ED379A3789?api-version=2021-12-01-preview",
      "RequestMethod": "GET",
      "RequestHeaders": {
        "Authorization": "Sanitized",
        "traceparent": "00-7ddb5276ed296241819c78d251588ad0-cc683dcc0567a646-00",
        "User-Agent": "azsdk-net-ResourceManager/1.0.0 (.NET Framework 4.8.4510.0; Microsoft Windows 10.0.22000 )",
        "x-ms-client-request-id": "3bc16e91cd22a26cef76173b2058d551",
        "x-ms-return-client-request-id": "true"
      },
      "RequestBody": null,
      "StatusCode": 202,
      "ResponseHeaders": {
        "Cache-Control": "no-cache",
        "Content-Length": "559",
        "Content-Type": "application/json; charset=utf-8",
        "Date": "Thu, 09 Jun 2022 12:08:37 GMT",
        "ETag": "\u0022cb06befe-0000-0200-0000-62a1e2600000\u0022",
        "Expires": "-1",
        "Pragma": "no-cache",
        "Strict-Transport-Security": "max-age=31536000; includeSubDomains",
        "X-Content-Type-Options": "nosniff",
        "x-ms-correlation-request-id": "d0334720-0adb-4097-afdf-62e6e5e9edce",
        "x-ms-ratelimit-remaining-subscription-reads": "11990",
        "x-ms-request-id": "e89a21e0-a280-459d-95fc-5112eaa883b8",
        "x-ms-routing-request-id": "SOUTHINDIA:20220609T120837Z:d0334720-0adb-4097-afdf-62e6e5e9edce"
      },
      "ResponseBody": {
        "id": "/subscriptions/49d64d54-e966-4c46-a868-1999802b762c/providers/Microsoft.Workloads/locations/EASTUS2/operationStatuses/5e0d6346-565b-4143-b4fb-a5f0e409d88b*697C47B31607D0FDC8AF92227634D88F019D521D4F2EC1B67E06C3ED379A3789",
        "name": "5e0d6346-565b-4143-b4fb-a5f0e409d88b*697C47B31607D0FDC8AF92227634D88F019D521D4F2EC1B67E06C3ED379A3789",
        "resourceId": "/subscriptions/49d64d54-e966-4c46-a868-1999802b762c/resourceGroups/suha-0802-rg11718/providers/Microsoft.Workloads/monitors/suha-0906-ams4670",
        "status": "Deleting",
        "startTime": "2022-06-09T12:06:56.1056056Z"
      }
    },
    {
      "RequestUri": "https://management.azure.com/subscriptions/49d64d54-e966-4c46-a868-1999802b762c/providers/Microsoft.Workloads/locations/EASTUS2/operationStatuses/5e0d6346-565b-4143-b4fb-a5f0e409d88b*697C47B31607D0FDC8AF92227634D88F019D521D4F2EC1B67E06C3ED379A3789?api-version=2021-12-01-preview",
      "RequestMethod": "GET",
      "RequestHeaders": {
        "Authorization": "Sanitized",
        "traceparent": "00-7ddb5276ed296241819c78d251588ad0-42437a183e1bd74a-00",
        "User-Agent": "azsdk-net-ResourceManager/1.0.0 (.NET Framework 4.8.4510.0; Microsoft Windows 10.0.22000 )",
        "x-ms-client-request-id": "da2823f76a276951bd5a7dfc75821de7",
        "x-ms-return-client-request-id": "true"
      },
      "RequestBody": null,
      "StatusCode": 202,
      "ResponseHeaders": {
        "Cache-Control": "no-cache",
        "Content-Length": "559",
        "Content-Type": "application/json; charset=utf-8",
        "Date": "Thu, 09 Jun 2022 12:09:09 GMT",
        "ETag": "\u0022cb06befe-0000-0200-0000-62a1e2600000\u0022",
        "Expires": "-1",
        "Pragma": "no-cache",
        "Strict-Transport-Security": "max-age=31536000; includeSubDomains",
        "X-Content-Type-Options": "nosniff",
        "x-ms-correlation-request-id": "99508d75-d0fe-4fb6-b57a-14a51364ce30",
        "x-ms-ratelimit-remaining-subscription-reads": "11989",
        "x-ms-request-id": "04bcf406-cff3-4cb8-b3d5-dbf549cb7686",
        "x-ms-routing-request-id": "SOUTHINDIA:20220609T120910Z:99508d75-d0fe-4fb6-b57a-14a51364ce30"
      },
      "ResponseBody": {
        "id": "/subscriptions/49d64d54-e966-4c46-a868-1999802b762c/providers/Microsoft.Workloads/locations/EASTUS2/operationStatuses/5e0d6346-565b-4143-b4fb-a5f0e409d88b*697C47B31607D0FDC8AF92227634D88F019D521D4F2EC1B67E06C3ED379A3789",
        "name": "5e0d6346-565b-4143-b4fb-a5f0e409d88b*697C47B31607D0FDC8AF92227634D88F019D521D4F2EC1B67E06C3ED379A3789",
        "resourceId": "/subscriptions/49d64d54-e966-4c46-a868-1999802b762c/resourceGroups/suha-0802-rg11718/providers/Microsoft.Workloads/monitors/suha-0906-ams4670",
        "status": "Deleting",
        "startTime": "2022-06-09T12:06:56.1056056Z"
      }
    },
    {
      "RequestUri": "https://management.azure.com/subscriptions/49d64d54-e966-4c46-a868-1999802b762c/providers/Microsoft.Workloads/locations/EASTUS2/operationStatuses/5e0d6346-565b-4143-b4fb-a5f0e409d88b*697C47B31607D0FDC8AF92227634D88F019D521D4F2EC1B67E06C3ED379A3789?api-version=2021-12-01-preview",
      "RequestMethod": "GET",
      "RequestHeaders": {
        "Authorization": "Sanitized",
        "traceparent": "00-7ddb5276ed296241819c78d251588ad0-0449386c2813b244-00",
        "User-Agent": "azsdk-net-ResourceManager/1.0.0 (.NET Framework 4.8.4510.0; Microsoft Windows 10.0.22000 )",
        "x-ms-client-request-id": "9fe1551009f73ad8ca098117f0b9a85e",
        "x-ms-return-client-request-id": "true"
      },
      "RequestBody": null,
      "StatusCode": 202,
      "ResponseHeaders": {
        "Cache-Control": "no-cache",
        "Content-Length": "559",
        "Content-Type": "application/json; charset=utf-8",
        "Date": "Thu, 09 Jun 2022 12:09:41 GMT",
        "ETag": "\u0022cb06befe-0000-0200-0000-62a1e2600000\u0022",
        "Expires": "-1",
        "Pragma": "no-cache",
        "Strict-Transport-Security": "max-age=31536000; includeSubDomains",
        "X-Content-Type-Options": "nosniff",
        "x-ms-correlation-request-id": "ee42369a-b542-4999-8061-9db6501c5fe4",
        "x-ms-ratelimit-remaining-subscription-reads": "11988",
        "x-ms-request-id": "1ca5f458-f335-4fb7-9ee0-1c4001be2c55",
        "x-ms-routing-request-id": "SOUTHINDIA:20220609T120942Z:ee42369a-b542-4999-8061-9db6501c5fe4"
      },
      "ResponseBody": {
        "id": "/subscriptions/49d64d54-e966-4c46-a868-1999802b762c/providers/Microsoft.Workloads/locations/EASTUS2/operationStatuses/5e0d6346-565b-4143-b4fb-a5f0e409d88b*697C47B31607D0FDC8AF92227634D88F019D521D4F2EC1B67E06C3ED379A3789",
        "name": "5e0d6346-565b-4143-b4fb-a5f0e409d88b*697C47B31607D0FDC8AF92227634D88F019D521D4F2EC1B67E06C3ED379A3789",
        "resourceId": "/subscriptions/49d64d54-e966-4c46-a868-1999802b762c/resourceGroups/suha-0802-rg11718/providers/Microsoft.Workloads/monitors/suha-0906-ams4670",
        "status": "Deleting",
        "startTime": "2022-06-09T12:06:56.1056056Z"
      }
    },
    {
      "RequestUri": "https://management.azure.com/subscriptions/49d64d54-e966-4c46-a868-1999802b762c/providers/Microsoft.Workloads/locations/EASTUS2/operationStatuses/5e0d6346-565b-4143-b4fb-a5f0e409d88b*697C47B31607D0FDC8AF92227634D88F019D521D4F2EC1B67E06C3ED379A3789?api-version=2021-12-01-preview",
      "RequestMethod": "GET",
      "RequestHeaders": {
        "Authorization": "Sanitized",
        "traceparent": "00-7ddb5276ed296241819c78d251588ad0-f917978211c9b84b-00",
        "User-Agent": "azsdk-net-ResourceManager/1.0.0 (.NET Framework 4.8.4510.0; Microsoft Windows 10.0.22000 )",
        "x-ms-client-request-id": "804e6c45915d260d1c577ec84f702c6c",
        "x-ms-return-client-request-id": "true"
      },
      "RequestBody": null,
      "StatusCode": 202,
      "ResponseHeaders": {
        "Cache-Control": "no-cache",
        "Content-Length": "559",
        "Content-Type": "application/json; charset=utf-8",
        "Date": "Thu, 09 Jun 2022 12:10:14 GMT",
        "ETag": "\u0022cb06befe-0000-0200-0000-62a1e2600000\u0022",
        "Expires": "-1",
        "Pragma": "no-cache",
        "Strict-Transport-Security": "max-age=31536000; includeSubDomains",
        "X-Content-Type-Options": "nosniff",
        "x-ms-correlation-request-id": "bf814711-eca3-46d6-ac7e-4347868a10ca",
        "x-ms-ratelimit-remaining-subscription-reads": "11987",
        "x-ms-request-id": "2639bbb7-5db7-4c9f-8c42-d4ba4edeb67f",
        "x-ms-routing-request-id": "SOUTHINDIA:20220609T121014Z:bf814711-eca3-46d6-ac7e-4347868a10ca"
      },
      "ResponseBody": {
        "id": "/subscriptions/49d64d54-e966-4c46-a868-1999802b762c/providers/Microsoft.Workloads/locations/EASTUS2/operationStatuses/5e0d6346-565b-4143-b4fb-a5f0e409d88b*697C47B31607D0FDC8AF92227634D88F019D521D4F2EC1B67E06C3ED379A3789",
        "name": "5e0d6346-565b-4143-b4fb-a5f0e409d88b*697C47B31607D0FDC8AF92227634D88F019D521D4F2EC1B67E06C3ED379A3789",
        "resourceId": "/subscriptions/49d64d54-e966-4c46-a868-1999802b762c/resourceGroups/suha-0802-rg11718/providers/Microsoft.Workloads/monitors/suha-0906-ams4670",
        "status": "Deleting",
        "startTime": "2022-06-09T12:06:56.1056056Z"
      }
    },
    {
      "RequestUri": "https://management.azure.com/subscriptions/49d64d54-e966-4c46-a868-1999802b762c/providers/Microsoft.Workloads/locations/EASTUS2/operationStatuses/5e0d6346-565b-4143-b4fb-a5f0e409d88b*697C47B31607D0FDC8AF92227634D88F019D521D4F2EC1B67E06C3ED379A3789?api-version=2021-12-01-preview",
      "RequestMethod": "GET",
      "RequestHeaders": {
        "Authorization": "Sanitized",
        "traceparent": "00-7ddb5276ed296241819c78d251588ad0-6c57802c878ed044-00",
        "User-Agent": "azsdk-net-ResourceManager/1.0.0 (.NET Framework 4.8.4510.0; Microsoft Windows 10.0.22000 )",
        "x-ms-client-request-id": "cb2a30583576ed5a4aee101de83a7803",
        "x-ms-return-client-request-id": "true"
      },
      "RequestBody": null,
      "StatusCode": 200,
      "ResponseHeaders": {
        "Cache-Control": "no-cache",
        "Content-Length": "578",
        "Content-Type": "application/json; charset=utf-8",
        "Date": "Thu, 09 Jun 2022 12:10:46 GMT",
        "ETag": "\u0022cb06acff-0000-0200-0000-62a1e3370000\u0022",
        "Expires": "-1",
        "Pragma": "no-cache",
        "Strict-Transport-Security": "max-age=31536000; includeSubDomains",
        "X-Content-Type-Options": "nosniff",
        "x-ms-correlation-request-id": "8e88e7c7-2fd2-4bc4-a314-25e803056548",
        "x-ms-ratelimit-remaining-subscription-reads": "11986",
        "x-ms-request-id": "4289abba-4f6b-43c2-b43b-7ec424958479",
        "x-ms-routing-request-id": "SOUTHINDIA:20220609T121047Z:8e88e7c7-2fd2-4bc4-a314-25e803056548"
      },
      "ResponseBody": {
        "id": "/subscriptions/49d64d54-e966-4c46-a868-1999802b762c/providers/Microsoft.Workloads/locations/EASTUS2/operationStatuses/5e0d6346-565b-4143-b4fb-a5f0e409d88b*697C47B31607D0FDC8AF92227634D88F019D521D4F2EC1B67E06C3ED379A3789",
        "name": "5e0d6346-565b-4143-b4fb-a5f0e409d88b*697C47B31607D0FDC8AF92227634D88F019D521D4F2EC1B67E06C3ED379A3789",
        "resourceId": "/subscriptions/49d64d54-e966-4c46-a868-1999802b762c/resourceGroups/suha-0802-rg11718/providers/Microsoft.Workloads/monitors/suha-0906-ams4670",
        "status": "Succeeded",
        "startTime": "2022-06-09T12:06:56.1056056Z",
        "properties": null
      }
    },
    {
      "RequestUri": "https://management.azure.com/subscriptions/49d64d54-e966-4c46-a868-1999802b762c/resourceGroups/suha-0802-rg11718/providers/Microsoft.Workloads/monitors/suha-0906-ams4670?api-version=2021-12-01-preview",
      "RequestMethod": "GET",
      "RequestHeaders": {
        "Accept": "application/json",
        "Authorization": "Sanitized",
        "traceparent": "00-4881cafa268ff94ea8dc3af82f61ded6-15be06bcbc8d9b4f-00",
        "User-Agent": "azsdk-net-ResourceManager.Workloads/1.0.0-alpha.20220608.1 (.NET Framework 4.8.4510.0; Microsoft Windows 10.0.22000 )",
        "x-ms-client-request-id": "08b71eb29d347f8948ba829f8b10ea5a",
        "x-ms-return-client-request-id": "true"
      },
      "RequestBody": null,
      "StatusCode": 404,
      "ResponseHeaders": {
        "Cache-Control": "no-cache",
        "Content-Length": "235",
        "Content-Type": "application/json; charset=utf-8",
        "Date": "Thu, 09 Jun 2022 12:11:28 GMT",
        "Expires": "-1",
        "Pragma": "no-cache",
        "Strict-Transport-Security": "max-age=31536000; includeSubDomains",
        "X-Content-Type-Options": "nosniff",
        "x-ms-correlation-request-id": "a4fe1f41-dcd6-451d-ac33-4a540d8d5af4",
        "x-ms-failure-cause": "gateway",
        "x-ms-request-id": "a4fe1f41-dcd6-451d-ac33-4a540d8d5af4",
        "x-ms-routing-request-id": "SOUTHINDIA:20220609T121128Z:a4fe1f41-dcd6-451d-ac33-4a540d8d5af4"
      },
      "ResponseBody": {
        "error": {
          "code": "ResourceNotFound",
          "message": "The Resource \u0027Microsoft.Workloads/monitors/suha-0906-ams4670\u0027 under resource group \u0027suha-0802-rg11718\u0027 was not found. For more details please go to https://aka.ms/ARMResourceNotFoundFix"
        }
      }
    }
  ],
  "Variables": {
    "RandomSeed": "1100272230",
    "RESOURCE_MANAGER_URL": null,
    "SUBSCRIPTION_ID": "49d64d54-e966-4c46-a868-1999802b762c"
  }
}
