{
  "Entries": [
    {
      "RequestUri": "/subscriptions/97f78232-382b-46a7-8a72-964d692c4f3f/resourcegroups/crptestar55161?api-version=2015-11-01",
      "EncodedRequestUri": "L3N1YnNjcmlwdGlvbnMvOTdmNzgyMzItMzgyYi00NmE3LThhNzItOTY0ZDY5MmM0ZjNmL3Jlc291cmNlZ3JvdXBzL2NycHRlc3RhcjU1MTYxP2FwaS12ZXJzaW9uPTIwMTUtMTEtMDE=",
      "RequestMethod": "PUT",
      "RequestBody": "{\r\n  \"location\": \"SoutheastAsia\",\r\n  \"tags\": {\r\n    \"crptestar55161\": \"2017-05-11 19:05:18Z\"\r\n  }\r\n}",
      "RequestHeaders": {
        "Content-Type": [
          "application/json; charset=utf-8"
        ],
        "Content-Length": [
          "100"
        ],
        "x-ms-client-request-id": [
          "89724391-382c-46a1-abb3-3343dc7d5037"
        ],
        "accept-language": [
          "en-US"
        ],
        "User-Agent": [
          "FxVersion/4.6.1637.0",
          "OSName/Windows_10_Enterprise",
          "OSVersion/6.3.14393",
          "Microsoft.Azure.Management.Resources.ResourceManagementClient/3.4.0-preview"
        ]
      },
      "ResponseBody": "{\r\n  \"id\": \"/subscriptions/97f78232-382b-46a7-8a72-964d692c4f3f/resourceGroups/crptestar55161\",\r\n  \"name\": \"crptestar55161\",\r\n  \"location\": \"southeastasia\",\r\n  \"tags\": {\r\n    \"crptestar55161\": \"2017-05-11 19:05:18Z\"\r\n  },\r\n  \"properties\": {\r\n    \"provisioningState\": \"Succeeded\"\r\n  }\r\n}",
      "ResponseHeaders": {
        "Content-Length": [
          "237"
        ],
        "Content-Type": [
          "application/json; charset=utf-8"
        ],
        "Expires": [
          "-1"
        ],
        "Pragma": [
          "no-cache"
        ],
        "x-ms-ratelimit-remaining-subscription-writes": [
          "1199"
        ],
        "x-ms-request-id": [
          "dfbfdbce-61d9-4d01-b029-4a2a93cdc7a6"
        ],
        "x-ms-correlation-request-id": [
          "dfbfdbce-61d9-4d01-b029-4a2a93cdc7a6"
        ],
        "x-ms-routing-request-id": [
          "WESTUS:20170511T190522Z:dfbfdbce-61d9-4d01-b029-4a2a93cdc7a6"
        ],
        "Strict-Transport-Security": [
          "max-age=31536000; includeSubDomains"
        ],
        "Cache-Control": [
          "no-cache"
        ],
        "Date": [
          "Thu, 11 May 2017 19:05:21 GMT"
        ]
      },
      "StatusCode": 201
    },
    {
      "RequestUri": "/subscriptions/97f78232-382b-46a7-8a72-964d692c4f3f/resourcegroups/crptestar55161?api-version=2015-11-01",
      "EncodedRequestUri": "L3N1YnNjcmlwdGlvbnMvOTdmNzgyMzItMzgyYi00NmE3LThhNzItOTY0ZDY5MmM0ZjNmL3Jlc291cmNlZ3JvdXBzL2NycHRlc3RhcjU1MTYxP2FwaS12ZXJzaW9uPTIwMTUtMTEtMDE=",
      "RequestMethod": "PUT",
      "RequestBody": "{\r\n  \"location\": \"SoutheastAsia\"\r\n}",
      "RequestHeaders": {
        "Content-Type": [
          "application/json; charset=utf-8"
        ],
        "Content-Length": [
          "35"
        ],
        "x-ms-client-request-id": [
          "2fff5b8b-326e-40e7-b468-53d2685a5000"
        ],
        "accept-language": [
          "en-US"
        ],
        "User-Agent": [
          "FxVersion/4.6.1637.0",
          "OSName/Windows_10_Enterprise",
          "OSVersion/6.3.14393",
          "Microsoft.Azure.Management.Resources.ResourceManagementClient/3.4.0-preview"
        ]
      },
      "ResponseBody": "{\r\n  \"id\": \"/subscriptions/97f78232-382b-46a7-8a72-964d692c4f3f/resourceGroups/crptestar55161\",\r\n  \"name\": \"crptestar55161\",\r\n  \"location\": \"southeastasia\",\r\n  \"properties\": {\r\n    \"provisioningState\": \"Succeeded\"\r\n  }\r\n}",
      "ResponseHeaders": {
        "Content-Length": [
          "188"
        ],
        "Content-Type": [
          "application/json; charset=utf-8"
        ],
        "Expires": [
          "-1"
        ],
        "Pragma": [
          "no-cache"
        ],
        "x-ms-ratelimit-remaining-subscription-writes": [
          "1198"
        ],
        "x-ms-request-id": [
          "ff73ea94-3922-49a1-a99a-5959378ef8e9"
        ],
        "x-ms-correlation-request-id": [
          "ff73ea94-3922-49a1-a99a-5959378ef8e9"
        ],
        "x-ms-routing-request-id": [
          "WESTUS:20170511T190621Z:ff73ea94-3922-49a1-a99a-5959378ef8e9"
        ],
        "Strict-Transport-Security": [
          "max-age=31536000; includeSubDomains"
        ],
        "Cache-Control": [
          "no-cache"
        ],
        "Date": [
          "Thu, 11 May 2017 19:06:20 GMT"
        ]
      },
      "StatusCode": 200
    },
    {
      "RequestUri": "/subscriptions/97f78232-382b-46a7-8a72-964d692c4f3f/resourceGroups/crptestar55161/providers/Microsoft.Storage/storageAccounts/crptestar6734?api-version=2015-06-15",
      "EncodedRequestUri": "L3N1YnNjcmlwdGlvbnMvOTdmNzgyMzItMzgyYi00NmE3LThhNzItOTY0ZDY5MmM0ZjNmL3Jlc291cmNlR3JvdXBzL2NycHRlc3RhcjU1MTYxL3Byb3ZpZGVycy9NaWNyb3NvZnQuU3RvcmFnZS9zdG9yYWdlQWNjb3VudHMvY3JwdGVzdGFyNjczND9hcGktdmVyc2lvbj0yMDE1LTA2LTE1",
      "RequestMethod": "PUT",
      "RequestBody": "{\r\n  \"location\": \"SoutheastAsia\",\r\n  \"properties\": {\r\n    \"accountType\": \"Standard_GRS\"\r\n  }\r\n}",
      "RequestHeaders": {
        "Content-Type": [
          "application/json; charset=utf-8"
        ],
        "Content-Length": [
          "95"
        ],
        "x-ms-client-request-id": [
          "93c0cedd-f3f9-46ee-bf1b-e7a3f344f9c3"
        ],
        "accept-language": [
          "en-US"
        ],
        "User-Agent": [
          "FxVersion/4.6.1637.0",
          "OSName/Windows_10_Enterprise",
          "OSVersion/6.3.14393",
          "Microsoft.Azure.Management.Storage.StorageManagementClient/4.1.0-preview"
        ]
      },
      "ResponseBody": "",
      "ResponseHeaders": {
        "Content-Length": [
          "0"
        ],
        "Expires": [
          "-1"
        ],
        "Pragma": [
          "no-cache"
        ],
        "Retry-After": [
          "17"
        ],
        "x-ms-ratelimit-remaining-subscription-writes": [
          "1199"
        ],
        "x-ms-request-id": [
          "fd5f2ad6-6f02-4151-a73a-9f36a35c11c3"
        ],
        "Cache-Control": [
          "no-cache"
        ],
        "Location": [
          "https://management.azure.com/subscriptions/97f78232-382b-46a7-8a72-964d692c4f3f/providers/Microsoft.Storage/operations/9eca3dcb-ec0e-4568-8510-8bf0109be81c?monitor=true&api-version=2015-06-15"
        ],
        "Server": [
          "Microsoft-Azure-Storage-Resource-Provider/1.0",
          "Microsoft-HTTPAPI/2.0"
        ],
        "x-ms-correlation-request-id": [
          "fd5f2ad6-6f02-4151-a73a-9f36a35c11c3"
        ],
        "x-ms-routing-request-id": [
          "WESTUS:20170511T190537Z:fd5f2ad6-6f02-4151-a73a-9f36a35c11c3"
        ],
        "Strict-Transport-Security": [
          "max-age=31536000; includeSubDomains"
        ],
        "Date": [
          "Thu, 11 May 2017 19:05:36 GMT"
        ]
      },
      "StatusCode": 202
    },
    {
      "RequestUri": "/subscriptions/97f78232-382b-46a7-8a72-964d692c4f3f/providers/Microsoft.Storage/operations/9eca3dcb-ec0e-4568-8510-8bf0109be81c?monitor=true&api-version=2015-06-15",
      "EncodedRequestUri": "L3N1YnNjcmlwdGlvbnMvOTdmNzgyMzItMzgyYi00NmE3LThhNzItOTY0ZDY5MmM0ZjNmL3Byb3ZpZGVycy9NaWNyb3NvZnQuU3RvcmFnZS9vcGVyYXRpb25zLzllY2EzZGNiLWVjMGUtNDU2OC04NTEwLThiZjAxMDliZTgxYz9tb25pdG9yPXRydWUmYXBpLXZlcnNpb249MjAxNS0wNi0xNQ==",
      "RequestMethod": "GET",
      "RequestBody": "",
      "RequestHeaders": {
        "User-Agent": [
          "FxVersion/4.6.1637.0",
          "OSName/Windows_10_Enterprise",
          "OSVersion/6.3.14393",
          "Microsoft.Azure.Management.Storage.StorageManagementClient/4.1.0-preview"
        ]
      },
      "ResponseBody": "{\r\n  \"location\": \"SoutheastAsia\",\r\n  \"properties\": {\r\n    \"accountType\": \"Standard_GRS\"\r\n  }\r\n}",
      "ResponseHeaders": {
        "Content-Length": [
          "72"
        ],
        "Content-Type": [
          "application/json"
        ],
        "Expires": [
          "-1"
        ],
        "Pragma": [
          "no-cache"
        ],
        "x-ms-request-id": [
          "b778ba76-b00c-42b8-a9d3-129ecd05e983"
        ],
        "Cache-Control": [
          "no-cache"
        ],
        "Server": [
          "Microsoft-Azure-Storage-Resource-Provider/1.0",
          "Microsoft-HTTPAPI/2.0"
        ],
        "x-ms-ratelimit-remaining-subscription-reads": [
          "14999"
        ],
        "x-ms-correlation-request-id": [
          "b778ba76-b00c-42b8-a9d3-129ecd05e983"
        ],
        "x-ms-routing-request-id": [
          "WESTUS:20170511T190607Z:b778ba76-b00c-42b8-a9d3-129ecd05e983"
        ],
        "Strict-Transport-Security": [
          "max-age=31536000; includeSubDomains"
        ],
        "Date": [
          "Thu, 11 May 2017 19:06:06 GMT"
        ]
      },
      "StatusCode": 200
    },
    {
      "RequestUri": "/subscriptions/97f78232-382b-46a7-8a72-964d692c4f3f/resourceGroups/crptestar55161/providers/Microsoft.Storage/storageAccounts?api-version=2015-06-15",
      "EncodedRequestUri": "L3N1YnNjcmlwdGlvbnMvOTdmNzgyMzItMzgyYi00NmE3LThhNzItOTY0ZDY5MmM0ZjNmL3Jlc291cmNlR3JvdXBzL2NycHRlc3RhcjU1MTYxL3Byb3ZpZGVycy9NaWNyb3NvZnQuU3RvcmFnZS9zdG9yYWdlQWNjb3VudHM/YXBpLXZlcnNpb249MjAxNS0wNi0xNQ==",
      "RequestMethod": "GET",
      "RequestBody": "",
      "RequestHeaders": {
        "x-ms-client-request-id": [
          "eabdf133-b6d6-4ba2-ad33-1c013c826728"
        ],
        "accept-language": [
          "en-US"
        ],
        "User-Agent": [
          "FxVersion/4.6.1637.0",
          "OSName/Windows_10_Enterprise",
          "OSVersion/6.3.14393",
          "Microsoft.Azure.Management.Storage.StorageManagementClient/4.1.0-preview"
        ]
      },
      "ResponseBody": "{\r\n  \"value\": [\r\n    {\r\n      \"id\": \"/subscriptions/97f78232-382b-46a7-8a72-964d692c4f3f/resourceGroups/crptestar55161/providers/Microsoft.Storage/storageAccounts/crptestar6734\",\r\n      \"location\": \"southeastasia\",\r\n      \"name\": \"crptestar6734\",\r\n      \"properties\": {\r\n        \"accountType\": \"Standard_GRS\",\r\n        \"creationTime\": \"2017-05-11T19:05:24.6801784Z\",\r\n        \"primaryEndpoints\": {\r\n          \"blob\": \"https://crptestar6734.blob.core.windows.net/\",\r\n          \"file\": \"https://crptestar6734.file.core.windows.net/\",\r\n          \"queue\": \"https://crptestar6734.queue.core.windows.net/\",\r\n          \"table\": \"https://crptestar6734.table.core.windows.net/\"\r\n        },\r\n        \"primaryLocation\": \"southeastasia\",\r\n        \"provisioningState\": \"Succeeded\",\r\n        \"secondaryLocation\": \"eastasia\",\r\n        \"statusOfPrimary\": \"available\",\r\n        \"statusOfSecondary\": \"available\"\r\n      },\r\n      \"tags\": {},\r\n      \"type\": \"Microsoft.Storage/storageAccounts\"\r\n    }\r\n  ]\r\n}",
      "ResponseHeaders": {
        "Content-Length": [
          "754"
        ],
        "Content-Type": [
          "application/json"
        ],
        "Expires": [
          "-1"
        ],
        "Pragma": [
          "no-cache"
        ],
        "x-ms-request-id": [
          "8ba5a031-0dcb-401d-8424-27e4fd402cae"
        ],
        "Cache-Control": [
          "no-cache"
        ],
        "Server": [
          "Microsoft-Azure-Storage-Resource-Provider/1.0",
          "Microsoft-HTTPAPI/2.0"
        ],
        "x-ms-ratelimit-remaining-subscription-reads": [
          "14998"
        ],
        "x-ms-correlation-request-id": [
          "8ba5a031-0dcb-401d-8424-27e4fd402cae"
        ],
        "x-ms-routing-request-id": [
          "WESTUS:20170511T190617Z:8ba5a031-0dcb-401d-8424-27e4fd402cae"
        ],
        "Strict-Transport-Security": [
          "max-age=31536000; includeSubDomains"
        ],
        "Date": [
          "Thu, 11 May 2017 19:06:16 GMT"
        ]
      },
      "StatusCode": 200
    },
    {
      "RequestUri": "/subscriptions/97f78232-382b-46a7-8a72-964d692c4f3f/resourceGroups/crptestar55161/providers/Microsoft.Storage/storageAccounts/crptestar6734?api-version=2015-06-15",
      "EncodedRequestUri": "L3N1YnNjcmlwdGlvbnMvOTdmNzgyMzItMzgyYi00NmE3LThhNzItOTY0ZDY5MmM0ZjNmL3Jlc291cmNlR3JvdXBzL2NycHRlc3RhcjU1MTYxL3Byb3ZpZGVycy9NaWNyb3NvZnQuU3RvcmFnZS9zdG9yYWdlQWNjb3VudHMvY3JwdGVzdGFyNjczND9hcGktdmVyc2lvbj0yMDE1LTA2LTE1",
      "RequestMethod": "GET",
      "RequestBody": "",
      "RequestHeaders": {
        "x-ms-client-request-id": [
          "1f2b4ae7-f326-4f77-ab26-203e6155305a"
        ],
        "accept-language": [
          "en-US"
        ],
        "User-Agent": [
          "FxVersion/4.6.1637.0",
          "OSName/Windows_10_Enterprise",
          "OSVersion/6.3.14393",
          "Microsoft.Azure.Management.Storage.StorageManagementClient/4.1.0-preview"
        ]
      },
      "ResponseBody": "{\r\n  \"id\": \"/subscriptions/97f78232-382b-46a7-8a72-964d692c4f3f/resourceGroups/crptestar55161/providers/Microsoft.Storage/storageAccounts/crptestar6734\",\r\n  \"location\": \"southeastasia\",\r\n  \"name\": \"crptestar6734\",\r\n  \"properties\": {\r\n    \"accountType\": \"Standard_GRS\",\r\n    \"creationTime\": \"2017-05-11T19:05:24.6801784Z\",\r\n    \"primaryEndpoints\": {\r\n      \"blob\": \"https://crptestar6734.blob.core.windows.net/\",\r\n      \"file\": \"https://crptestar6734.file.core.windows.net/\",\r\n      \"queue\": \"https://crptestar6734.queue.core.windows.net/\",\r\n      \"table\": \"https://crptestar6734.table.core.windows.net/\"\r\n    },\r\n    \"primaryLocation\": \"southeastasia\",\r\n    \"provisioningState\": \"Succeeded\",\r\n    \"secondaryLocation\": \"eastasia\",\r\n    \"statusOfPrimary\": \"available\",\r\n    \"statusOfSecondary\": \"available\"\r\n  },\r\n  \"tags\": {},\r\n  \"type\": \"Microsoft.Storage/storageAccounts\"\r\n}",
      "ResponseHeaders": {
        "Content-Length": [
          "742"
        ],
        "Content-Type": [
          "application/json"
        ],
        "Expires": [
          "-1"
        ],
        "Pragma": [
          "no-cache"
        ],
        "x-ms-request-id": [
          "4cfa76ba-ed45-4e8f-b4f2-6726160f2d82"
        ],
        "Cache-Control": [
          "no-cache"
        ],
        "Server": [
          "Microsoft-Azure-Storage-Resource-Provider/1.0",
          "Microsoft-HTTPAPI/2.0"
        ],
        "x-ms-ratelimit-remaining-subscription-reads": [
          "14997"
        ],
        "x-ms-correlation-request-id": [
          "4cfa76ba-ed45-4e8f-b4f2-6726160f2d82"
        ],
        "x-ms-routing-request-id": [
          "WESTUS:20170511T190617Z:4cfa76ba-ed45-4e8f-b4f2-6726160f2d82"
        ],
        "Strict-Transport-Security": [
          "max-age=31536000; includeSubDomains"
        ],
        "Date": [
          "Thu, 11 May 2017 19:06:16 GMT"
        ]
      },
      "StatusCode": 200
    },
    {
      "RequestUri": "/subscriptions/97f78232-382b-46a7-8a72-964d692c4f3f/providers/Microsoft.Compute/locations/SoutheastAsia/publishers/MicrosoftWindowsServer/artifacttypes/vmimage/offers/WindowsServer/skus/2012-R2-Datacenter/versions?$top=1&api-version=2017-03-30",
      "EncodedRequestUri": "L3N1YnNjcmlwdGlvbnMvOTdmNzgyMzItMzgyYi00NmE3LThhNzItOTY0ZDY5MmM0ZjNmL3Byb3ZpZGVycy9NaWNyb3NvZnQuQ29tcHV0ZS9sb2NhdGlvbnMvU291dGhlYXN0QXNpYS9wdWJsaXNoZXJzL01pY3Jvc29mdFdpbmRvd3NTZXJ2ZXIvYXJ0aWZhY3R0eXBlcy92bWltYWdlL29mZmVycy9XaW5kb3dzU2VydmVyL3NrdXMvMjAxMi1SMi1EYXRhY2VudGVyL3ZlcnNpb25zPyR0b3A9MSZhcGktdmVyc2lvbj0yMDE3LTAzLTMw",
      "RequestMethod": "GET",
      "RequestBody": "",
      "RequestHeaders": {
        "x-ms-client-request-id": [
          "c7e12793-34b7-44f8-8620-8db2f7bcfab7"
        ],
        "accept-language": [
          "en-US"
        ],
        "User-Agent": [
          "FxVersion/4.6.1637.0",
          "OSName/Windows_10_Enterprise",
          "OSVersion/6.3.14393",
          "Microsoft.Azure.Management.Compute.ComputeManagementClient/1.0.506.0"
        ]
      },
      "ResponseBody": "[\r\n  {\r\n    \"location\": \"southeastasia\",\r\n    \"name\": \"4.0.20160617\",\r\n    \"id\": \"/Subscriptions/97f78232-382b-46a7-8a72-964d692c4f3f/Providers/Microsoft.Compute/Locations/southeastasia/Publishers/MicrosoftWindowsServer/ArtifactTypes/VMImage/Offers/WindowsServer/Skus/2012-R2-Datacenter/Versions/4.0.20160617\"\r\n  }\r\n]",
      "ResponseHeaders": {
        "Content-Length": [
          "317"
        ],
        "Content-Type": [
          "application/json; charset=utf-8"
        ],
        "Expires": [
          "-1"
        ],
        "Pragma": [
          "no-cache"
        ],
        "Strict-Transport-Security": [
          "max-age=31536000; includeSubDomains"
        ],
        "x-ms-served-by": [
          "9fc414ea-410e-4600-9f7c-71bc36416f3f_131358074010838994"
        ],
        "x-ms-request-id": [
          "7fe16a20-1467-47dd-b580-35f449a4f169"
        ],
        "Cache-Control": [
          "no-cache"
        ],
        "Server": [
          "Microsoft-HTTPAPI/2.0",
          "Microsoft-HTTPAPI/2.0"
        ],
        "x-ms-ratelimit-remaining-subscription-reads": [
          "14999"
        ],
        "x-ms-correlation-request-id": [
          "13e31521-37c6-4790-a7da-b9472cbaec08"
        ],
        "x-ms-routing-request-id": [
          "WESTUS:20170511T190618Z:13e31521-37c6-4790-a7da-b9472cbaec08"
        ],
        "Date": [
          "Thu, 11 May 2017 19:06:18 GMT"
        ]
      },
      "StatusCode": 200
    },
    {
      "RequestUri": "/subscriptions/97f78232-382b-46a7-8a72-964d692c4f3f/resourceGroups/crptestar55161/providers/Microsoft.Network/publicIPAddresses/pip2992?api-version=2017-03-01",
      "EncodedRequestUri": "L3N1YnNjcmlwdGlvbnMvOTdmNzgyMzItMzgyYi00NmE3LThhNzItOTY0ZDY5MmM0ZjNmL3Jlc291cmNlR3JvdXBzL2NycHRlc3RhcjU1MTYxL3Byb3ZpZGVycy9NaWNyb3NvZnQuTmV0d29yay9wdWJsaWNJUEFkZHJlc3Nlcy9waXAyOTkyP2FwaS12ZXJzaW9uPTIwMTctMDMtMDE=",
      "RequestMethod": "PUT",
      "RequestBody": "{\r\n  \"properties\": {\r\n    \"publicIPAllocationMethod\": \"Dynamic\",\r\n    \"dnsSettings\": {\r\n      \"domainNameLabel\": \"dn9901\"\r\n    }\r\n  },\r\n  \"location\": \"SoutheastAsia\",\r\n  \"tags\": {\r\n    \"key\": \"value\"\r\n  }\r\n}",
      "RequestHeaders": {
        "Content-Type": [
          "application/json; charset=utf-8"
        ],
        "Content-Length": [
          "207"
        ],
        "x-ms-client-request-id": [
          "62517e91-1265-4366-babd-14d783283f3a"
        ],
        "accept-language": [
          "en-US"
        ],
        "User-Agent": [
          "FxVersion/4.6.1637.0",
          "OSName/Windows_10_Enterprise",
          "OSVersion/6.3.14393",
          "Microsoft.Azure.Management.Network.NetworkManagementClient/8.0.0-preview"
        ]
      },
      "ResponseBody": "{\r\n  \"name\": \"pip2992\",\r\n  \"id\": \"/subscriptions/97f78232-382b-46a7-8a72-964d692c4f3f/resourceGroups/crptestar55161/providers/Microsoft.Network/publicIPAddresses/pip2992\",\r\n  \"etag\": \"W/\\\"80fb4355-a963-495f-8417-c6715bc1abe1\\\"\",\r\n  \"location\": \"southeastasia\",\r\n  \"tags\": {\r\n    \"key\": \"value\"\r\n  },\r\n  \"properties\": {\r\n    \"provisioningState\": \"Updating\",\r\n    \"resourceGuid\": \"cb87877e-3634-4610-8fef-5bf3b594aa58\",\r\n    \"publicIPAddressVersion\": \"IPv4\",\r\n    \"publicIPAllocationMethod\": \"Dynamic\",\r\n    \"idleTimeoutInMinutes\": 4,\r\n    \"dnsSettings\": {\r\n      \"domainNameLabel\": \"dn9901\",\r\n      \"fqdn\": \"dn9901.southeastasia.cloudapp.azure.com\"\r\n    }\r\n  },\r\n  \"type\": \"Microsoft.Network/publicIPAddresses\"\r\n}",
      "ResponseHeaders": {
        "Content-Length": [
          "712"
        ],
        "Content-Type": [
          "application/json; charset=utf-8"
        ],
        "Expires": [
          "-1"
        ],
        "Pragma": [
          "no-cache"
        ],
        "Retry-After": [
          "3"
        ],
        "x-ms-request-id": [
          "8691c01c-4466-4a5a-a547-0dafc1f1235a"
        ],
        "Azure-AsyncOperation": [
          "https://management.azure.com/subscriptions/97f78232-382b-46a7-8a72-964d692c4f3f/providers/Microsoft.Network/locations/southeastasia/operations/8691c01c-4466-4a5a-a547-0dafc1f1235a?api-version=2017-03-01"
        ],
        "Strict-Transport-Security": [
          "max-age=31536000; includeSubDomains"
        ],
        "Cache-Control": [
          "no-cache"
        ],
        "Server": [
          "Microsoft-HTTPAPI/2.0",
          "Microsoft-HTTPAPI/2.0"
        ],
        "x-ms-ratelimit-remaining-subscription-writes": [
          "1197"
        ],
        "x-ms-correlation-request-id": [
          "34d1d865-0072-4991-b829-6cba0a3caefc"
        ],
        "x-ms-routing-request-id": [
          "WESTUS:20170511T190627Z:34d1d865-0072-4991-b829-6cba0a3caefc"
        ],
        "Date": [
          "Thu, 11 May 2017 19:06:26 GMT"
        ]
      },
      "StatusCode": 201
    },
    {
      "RequestUri": "/subscriptions/97f78232-382b-46a7-8a72-964d692c4f3f/providers/Microsoft.Network/locations/southeastasia/operations/8691c01c-4466-4a5a-a547-0dafc1f1235a?api-version=2017-03-01",
      "EncodedRequestUri": "L3N1YnNjcmlwdGlvbnMvOTdmNzgyMzItMzgyYi00NmE3LThhNzItOTY0ZDY5MmM0ZjNmL3Byb3ZpZGVycy9NaWNyb3NvZnQuTmV0d29yay9sb2NhdGlvbnMvc291dGhlYXN0YXNpYS9vcGVyYXRpb25zLzg2OTFjMDFjLTQ0NjYtNGE1YS1hNTQ3LTBkYWZjMWYxMjM1YT9hcGktdmVyc2lvbj0yMDE3LTAzLTAx",
      "RequestMethod": "GET",
      "RequestBody": "",
      "RequestHeaders": {
        "User-Agent": [
          "FxVersion/4.6.1637.0",
          "OSName/Windows_10_Enterprise",
          "OSVersion/6.3.14393",
          "Microsoft.Azure.Management.Network.NetworkManagementClient/8.0.0-preview"
        ]
      },
      "ResponseBody": "{\r\n  \"status\": \"Succeeded\"\r\n}",
      "ResponseHeaders": {
        "Content-Length": [
          "29"
        ],
        "Content-Type": [
          "application/json; charset=utf-8"
        ],
        "Expires": [
          "-1"
        ],
        "Pragma": [
          "no-cache"
        ],
        "x-ms-request-id": [
          "83111112-8463-4fb8-b1a6-5726d1364b8a"
        ],
        "Strict-Transport-Security": [
          "max-age=31536000; includeSubDomains"
        ],
        "Cache-Control": [
          "no-cache"
        ],
        "Server": [
          "Microsoft-HTTPAPI/2.0",
          "Microsoft-HTTPAPI/2.0"
        ],
        "x-ms-ratelimit-remaining-subscription-reads": [
          "14995"
        ],
        "x-ms-correlation-request-id": [
          "a64c50f2-160d-43b1-8d3e-c69344d33e13"
        ],
        "x-ms-routing-request-id": [
          "WESTUS:20170511T190657Z:a64c50f2-160d-43b1-8d3e-c69344d33e13"
        ],
        "Date": [
          "Thu, 11 May 2017 19:06:57 GMT"
        ]
      },
      "StatusCode": 200
    },
    {
      "RequestUri": "/subscriptions/97f78232-382b-46a7-8a72-964d692c4f3f/resourceGroups/crptestar55161/providers/Microsoft.Network/publicIPAddresses/pip2992?api-version=2017-03-01",
      "EncodedRequestUri": "L3N1YnNjcmlwdGlvbnMvOTdmNzgyMzItMzgyYi00NmE3LThhNzItOTY0ZDY5MmM0ZjNmL3Jlc291cmNlR3JvdXBzL2NycHRlc3RhcjU1MTYxL3Byb3ZpZGVycy9NaWNyb3NvZnQuTmV0d29yay9wdWJsaWNJUEFkZHJlc3Nlcy9waXAyOTkyP2FwaS12ZXJzaW9uPTIwMTctMDMtMDE=",
      "RequestMethod": "GET",
      "RequestBody": "",
      "RequestHeaders": {
        "User-Agent": [
          "FxVersion/4.6.1637.0",
          "OSName/Windows_10_Enterprise",
          "OSVersion/6.3.14393",
          "Microsoft.Azure.Management.Network.NetworkManagementClient/8.0.0-preview"
        ]
      },
      "ResponseBody": "{\r\n  \"name\": \"pip2992\",\r\n  \"id\": \"/subscriptions/97f78232-382b-46a7-8a72-964d692c4f3f/resourceGroups/crptestar55161/providers/Microsoft.Network/publicIPAddresses/pip2992\",\r\n  \"etag\": \"W/\\\"cf95df7c-9200-4cc5-b491-28ecfbf74038\\\"\",\r\n  \"location\": \"southeastasia\",\r\n  \"tags\": {\r\n    \"key\": \"value\"\r\n  },\r\n  \"properties\": {\r\n    \"provisioningState\": \"Succeeded\",\r\n    \"resourceGuid\": \"cb87877e-3634-4610-8fef-5bf3b594aa58\",\r\n    \"publicIPAddressVersion\": \"IPv4\",\r\n    \"publicIPAllocationMethod\": \"Dynamic\",\r\n    \"idleTimeoutInMinutes\": 4,\r\n    \"dnsSettings\": {\r\n      \"domainNameLabel\": \"dn9901\",\r\n      \"fqdn\": \"dn9901.southeastasia.cloudapp.azure.com\"\r\n    }\r\n  },\r\n  \"type\": \"Microsoft.Network/publicIPAddresses\"\r\n}",
      "ResponseHeaders": {
        "Content-Length": [
          "713"
        ],
        "Content-Type": [
          "application/json; charset=utf-8"
        ],
        "Expires": [
          "-1"
        ],
        "Pragma": [
          "no-cache"
        ],
        "x-ms-request-id": [
          "a20ee9fb-fa64-4238-ad43-7b63ecb17d72"
        ],
        "Strict-Transport-Security": [
          "max-age=31536000; includeSubDomains"
        ],
        "Cache-Control": [
          "no-cache"
        ],
        "ETag": [
          "W/\"cf95df7c-9200-4cc5-b491-28ecfbf74038\""
        ],
        "Server": [
          "Microsoft-HTTPAPI/2.0",
          "Microsoft-HTTPAPI/2.0"
        ],
        "x-ms-ratelimit-remaining-subscription-reads": [
          "14994"
        ],
        "x-ms-correlation-request-id": [
          "64f4cf40-82db-4794-94f0-7fc9f7d9fb06"
        ],
        "x-ms-routing-request-id": [
          "WESTUS:20170511T190658Z:64f4cf40-82db-4794-94f0-7fc9f7d9fb06"
        ],
        "Date": [
          "Thu, 11 May 2017 19:06:58 GMT"
        ]
      },
      "StatusCode": 200
    },
    {
      "RequestUri": "/subscriptions/97f78232-382b-46a7-8a72-964d692c4f3f/resourceGroups/crptestar55161/providers/Microsoft.Network/publicIPAddresses/pip2992?api-version=2017-03-01",
      "EncodedRequestUri": "L3N1YnNjcmlwdGlvbnMvOTdmNzgyMzItMzgyYi00NmE3LThhNzItOTY0ZDY5MmM0ZjNmL3Jlc291cmNlR3JvdXBzL2NycHRlc3RhcjU1MTYxL3Byb3ZpZGVycy9NaWNyb3NvZnQuTmV0d29yay9wdWJsaWNJUEFkZHJlc3Nlcy9waXAyOTkyP2FwaS12ZXJzaW9uPTIwMTctMDMtMDE=",
      "RequestMethod": "GET",
      "RequestBody": "",
      "RequestHeaders": {
        "x-ms-client-request-id": [
          "af622d55-53f7-49cd-b498-f50745677c30"
        ],
        "accept-language": [
          "en-US"
        ],
        "User-Agent": [
          "FxVersion/4.6.1637.0",
          "OSName/Windows_10_Enterprise",
          "OSVersion/6.3.14393",
          "Microsoft.Azure.Management.Network.NetworkManagementClient/8.0.0-preview"
        ]
      },
      "ResponseBody": "{\r\n  \"name\": \"pip2992\",\r\n  \"id\": \"/subscriptions/97f78232-382b-46a7-8a72-964d692c4f3f/resourceGroups/crptestar55161/providers/Microsoft.Network/publicIPAddresses/pip2992\",\r\n  \"etag\": \"W/\\\"cf95df7c-9200-4cc5-b491-28ecfbf74038\\\"\",\r\n  \"location\": \"southeastasia\",\r\n  \"tags\": {\r\n    \"key\": \"value\"\r\n  },\r\n  \"properties\": {\r\n    \"provisioningState\": \"Succeeded\",\r\n    \"resourceGuid\": \"cb87877e-3634-4610-8fef-5bf3b594aa58\",\r\n    \"publicIPAddressVersion\": \"IPv4\",\r\n    \"publicIPAllocationMethod\": \"Dynamic\",\r\n    \"idleTimeoutInMinutes\": 4,\r\n    \"dnsSettings\": {\r\n      \"domainNameLabel\": \"dn9901\",\r\n      \"fqdn\": \"dn9901.southeastasia.cloudapp.azure.com\"\r\n    }\r\n  },\r\n  \"type\": \"Microsoft.Network/publicIPAddresses\"\r\n}",
      "ResponseHeaders": {
        "Content-Length": [
          "713"
        ],
        "Content-Type": [
          "application/json; charset=utf-8"
        ],
        "Expires": [
          "-1"
        ],
        "Pragma": [
          "no-cache"
        ],
        "x-ms-request-id": [
          "f142d9bd-f3c1-433e-ac91-564436b879e6"
        ],
        "Strict-Transport-Security": [
          "max-age=31536000; includeSubDomains"
        ],
        "Cache-Control": [
          "no-cache"
        ],
        "ETag": [
          "W/\"cf95df7c-9200-4cc5-b491-28ecfbf74038\""
        ],
        "Server": [
          "Microsoft-HTTPAPI/2.0",
          "Microsoft-HTTPAPI/2.0"
        ],
        "x-ms-ratelimit-remaining-subscription-reads": [
          "14993"
        ],
        "x-ms-correlation-request-id": [
          "944e93da-6ace-4f72-a57d-88d705c9da08"
        ],
        "x-ms-routing-request-id": [
          "WESTUS:20170511T190658Z:944e93da-6ace-4f72-a57d-88d705c9da08"
        ],
        "Date": [
          "Thu, 11 May 2017 19:06:58 GMT"
        ]
      },
      "StatusCode": 200
    },
    {
      "RequestUri": "/subscriptions/97f78232-382b-46a7-8a72-964d692c4f3f/resourceGroups/crptestar55161/providers/Microsoft.Network/virtualNetworks/vn487?api-version=2017-03-01",
      "EncodedRequestUri": "L3N1YnNjcmlwdGlvbnMvOTdmNzgyMzItMzgyYi00NmE3LThhNzItOTY0ZDY5MmM0ZjNmL3Jlc291cmNlR3JvdXBzL2NycHRlc3RhcjU1MTYxL3Byb3ZpZGVycy9NaWNyb3NvZnQuTmV0d29yay92aXJ0dWFsTmV0d29ya3Mvdm40ODc/YXBpLXZlcnNpb249MjAxNy0wMy0wMQ==",
      "RequestMethod": "PUT",
      "RequestBody": "{\r\n  \"properties\": {\r\n    \"addressSpace\": {\r\n      \"addressPrefixes\": [\r\n        \"10.0.0.0/16\"\r\n      ]\r\n    },\r\n    \"dhcpOptions\": {\r\n      \"dnsServers\": [\r\n        \"10.1.1.1\",\r\n        \"10.1.2.4\"\r\n      ]\r\n    },\r\n    \"subnets\": [\r\n      {\r\n        \"properties\": {\r\n          \"addressPrefix\": \"10.0.0.0/24\"\r\n        },\r\n        \"name\": \"sn1143\"\r\n      }\r\n    ]\r\n  },\r\n  \"location\": \"SoutheastAsia\"\r\n}",
      "RequestHeaders": {
        "Content-Type": [
          "application/json; charset=utf-8"
        ],
        "Content-Length": [
          "402"
        ],
        "x-ms-client-request-id": [
          "41ad0633-0c42-45fe-8db4-f125a6694e50"
        ],
        "accept-language": [
          "en-US"
        ],
        "User-Agent": [
          "FxVersion/4.6.1637.0",
          "OSName/Windows_10_Enterprise",
          "OSVersion/6.3.14393",
          "Microsoft.Azure.Management.Network.NetworkManagementClient/8.0.0-preview"
        ]
      },
      "ResponseBody": "{\r\n  \"name\": \"vn487\",\r\n  \"id\": \"/subscriptions/97f78232-382b-46a7-8a72-964d692c4f3f/resourceGroups/crptestar55161/providers/Microsoft.Network/virtualNetworks/vn487\",\r\n  \"etag\": \"W/\\\"9ca7cd85-dfba-4df5-8a73-3f5bd92b45c7\\\"\",\r\n  \"type\": \"Microsoft.Network/virtualNetworks\",\r\n  \"location\": \"southeastasia\",\r\n  \"properties\": {\r\n    \"provisioningState\": \"Updating\",\r\n    \"resourceGuid\": \"e86118b6-fa80-4fd0-8532-a067e01722d8\",\r\n    \"addressSpace\": {\r\n      \"addressPrefixes\": [\r\n        \"10.0.0.0/16\"\r\n      ]\r\n    },\r\n    \"dhcpOptions\": {\r\n      \"dnsServers\": [\r\n        \"10.1.1.1\",\r\n        \"10.1.2.4\"\r\n      ]\r\n    },\r\n    \"subnets\": [\r\n      {\r\n        \"name\": \"sn1143\",\r\n        \"id\": \"/subscriptions/97f78232-382b-46a7-8a72-964d692c4f3f/resourceGroups/crptestar55161/providers/Microsoft.Network/virtualNetworks/vn487/subnets/sn1143\",\r\n        \"etag\": \"W/\\\"9ca7cd85-dfba-4df5-8a73-3f5bd92b45c7\\\"\",\r\n        \"properties\": {\r\n          \"provisioningState\": \"Updating\",\r\n          \"addressPrefix\": \"10.0.0.0/24\"\r\n        }\r\n      }\r\n    ],\r\n    \"virtualNetworkPeerings\": []\r\n  }\r\n}",
      "ResponseHeaders": {
        "Content-Length": [
          "1077"
        ],
        "Content-Type": [
          "application/json; charset=utf-8"
        ],
        "Expires": [
          "-1"
        ],
        "Pragma": [
          "no-cache"
        ],
        "Retry-After": [
          "3"
        ],
        "x-ms-request-id": [
          "7511dd47-192e-47f7-9e0e-a06d0dd300c7"
        ],
        "Azure-AsyncOperation": [
          "https://management.azure.com/subscriptions/97f78232-382b-46a7-8a72-964d692c4f3f/providers/Microsoft.Network/locations/southeastasia/operations/7511dd47-192e-47f7-9e0e-a06d0dd300c7?api-version=2017-03-01"
        ],
        "Strict-Transport-Security": [
          "max-age=31536000; includeSubDomains"
        ],
        "Cache-Control": [
          "no-cache"
        ],
        "Server": [
          "Microsoft-HTTPAPI/2.0",
          "Microsoft-HTTPAPI/2.0"
        ],
        "x-ms-ratelimit-remaining-subscription-writes": [
          "1196"
        ],
        "x-ms-correlation-request-id": [
          "ade80782-fbfa-46ad-a73d-b5d5fba67962"
        ],
        "x-ms-routing-request-id": [
          "WESTUS:20170511T190701Z:ade80782-fbfa-46ad-a73d-b5d5fba67962"
        ],
        "Date": [
          "Thu, 11 May 2017 19:07:01 GMT"
        ]
      },
      "StatusCode": 201
    },
    {
      "RequestUri": "/subscriptions/97f78232-382b-46a7-8a72-964d692c4f3f/providers/Microsoft.Network/locations/southeastasia/operations/7511dd47-192e-47f7-9e0e-a06d0dd300c7?api-version=2017-03-01",
      "EncodedRequestUri": "L3N1YnNjcmlwdGlvbnMvOTdmNzgyMzItMzgyYi00NmE3LThhNzItOTY0ZDY5MmM0ZjNmL3Byb3ZpZGVycy9NaWNyb3NvZnQuTmV0d29yay9sb2NhdGlvbnMvc291dGhlYXN0YXNpYS9vcGVyYXRpb25zLzc1MTFkZDQ3LTE5MmUtNDdmNy05ZTBlLWEwNmQwZGQzMDBjNz9hcGktdmVyc2lvbj0yMDE3LTAzLTAx",
      "RequestMethod": "GET",
      "RequestBody": "",
      "RequestHeaders": {
        "User-Agent": [
          "FxVersion/4.6.1637.0",
          "OSName/Windows_10_Enterprise",
          "OSVersion/6.3.14393",
          "Microsoft.Azure.Management.Network.NetworkManagementClient/8.0.0-preview"
        ]
      },
      "ResponseBody": "{\r\n  \"status\": \"Succeeded\"\r\n}",
      "ResponseHeaders": {
        "Content-Length": [
          "29"
        ],
        "Content-Type": [
          "application/json; charset=utf-8"
        ],
        "Expires": [
          "-1"
        ],
        "Pragma": [
          "no-cache"
        ],
        "x-ms-request-id": [
          "e5c78c61-2079-4168-911f-90f4f7bb8c03"
        ],
        "Strict-Transport-Security": [
          "max-age=31536000; includeSubDomains"
        ],
        "Cache-Control": [
          "no-cache"
        ],
        "Server": [
          "Microsoft-HTTPAPI/2.0",
          "Microsoft-HTTPAPI/2.0"
        ],
        "x-ms-ratelimit-remaining-subscription-reads": [
          "14992"
        ],
        "x-ms-correlation-request-id": [
          "64438d74-faac-474c-91be-f9c0fc414eae"
        ],
        "x-ms-routing-request-id": [
          "WESTUS:20170511T190732Z:64438d74-faac-474c-91be-f9c0fc414eae"
        ],
        "Date": [
          "Thu, 11 May 2017 19:07:31 GMT"
        ]
      },
      "StatusCode": 200
    },
    {
      "RequestUri": "/subscriptions/97f78232-382b-46a7-8a72-964d692c4f3f/resourceGroups/crptestar55161/providers/Microsoft.Network/virtualNetworks/vn487?api-version=2017-03-01",
      "EncodedRequestUri": "L3N1YnNjcmlwdGlvbnMvOTdmNzgyMzItMzgyYi00NmE3LThhNzItOTY0ZDY5MmM0ZjNmL3Jlc291cmNlR3JvdXBzL2NycHRlc3RhcjU1MTYxL3Byb3ZpZGVycy9NaWNyb3NvZnQuTmV0d29yay92aXJ0dWFsTmV0d29ya3Mvdm40ODc/YXBpLXZlcnNpb249MjAxNy0wMy0wMQ==",
      "RequestMethod": "GET",
      "RequestBody": "",
      "RequestHeaders": {
        "User-Agent": [
          "FxVersion/4.6.1637.0",
          "OSName/Windows_10_Enterprise",
          "OSVersion/6.3.14393",
          "Microsoft.Azure.Management.Network.NetworkManagementClient/8.0.0-preview"
        ]
      },
      "ResponseBody": "{\r\n  \"name\": \"vn487\",\r\n  \"id\": \"/subscriptions/97f78232-382b-46a7-8a72-964d692c4f3f/resourceGroups/crptestar55161/providers/Microsoft.Network/virtualNetworks/vn487\",\r\n  \"etag\": \"W/\\\"acbd3426-cc60-4beb-99be-9358e6136b10\\\"\",\r\n  \"type\": \"Microsoft.Network/virtualNetworks\",\r\n  \"location\": \"southeastasia\",\r\n  \"properties\": {\r\n    \"provisioningState\": \"Succeeded\",\r\n    \"resourceGuid\": \"e86118b6-fa80-4fd0-8532-a067e01722d8\",\r\n    \"addressSpace\": {\r\n      \"addressPrefixes\": [\r\n        \"10.0.0.0/16\"\r\n      ]\r\n    },\r\n    \"dhcpOptions\": {\r\n      \"dnsServers\": [\r\n        \"10.1.1.1\",\r\n        \"10.1.2.4\"\r\n      ]\r\n    },\r\n    \"subnets\": [\r\n      {\r\n        \"name\": \"sn1143\",\r\n        \"id\": \"/subscriptions/97f78232-382b-46a7-8a72-964d692c4f3f/resourceGroups/crptestar55161/providers/Microsoft.Network/virtualNetworks/vn487/subnets/sn1143\",\r\n        \"etag\": \"W/\\\"acbd3426-cc60-4beb-99be-9358e6136b10\\\"\",\r\n        \"properties\": {\r\n          \"provisioningState\": \"Succeeded\",\r\n          \"addressPrefix\": \"10.0.0.0/24\"\r\n        }\r\n      }\r\n    ],\r\n    \"virtualNetworkPeerings\": []\r\n  }\r\n}",
      "ResponseHeaders": {
        "Content-Length": [
          "1079"
        ],
        "Content-Type": [
          "application/json; charset=utf-8"
        ],
        "Expires": [
          "-1"
        ],
        "Pragma": [
          "no-cache"
        ],
        "x-ms-request-id": [
          "c94458fe-95b6-466f-9f6a-f75a07ebeed8"
        ],
        "Strict-Transport-Security": [
          "max-age=31536000; includeSubDomains"
        ],
        "Cache-Control": [
          "no-cache"
        ],
        "ETag": [
          "W/\"acbd3426-cc60-4beb-99be-9358e6136b10\""
        ],
        "Server": [
          "Microsoft-HTTPAPI/2.0",
          "Microsoft-HTTPAPI/2.0"
        ],
        "x-ms-ratelimit-remaining-subscription-reads": [
          "14991"
        ],
        "x-ms-correlation-request-id": [
          "3f3d7724-0f5a-41b1-86f8-3ab541af9339"
        ],
        "x-ms-routing-request-id": [
          "WESTUS:20170511T190732Z:3f3d7724-0f5a-41b1-86f8-3ab541af9339"
        ],
        "Date": [
          "Thu, 11 May 2017 19:07:32 GMT"
        ]
      },
      "StatusCode": 200
    },
    {
      "RequestUri": "/subscriptions/97f78232-382b-46a7-8a72-964d692c4f3f/resourceGroups/crptestar55161/providers/Microsoft.Network/virtualNetworks/vn487/subnets/sn1143?api-version=2017-03-01",
      "EncodedRequestUri": "L3N1YnNjcmlwdGlvbnMvOTdmNzgyMzItMzgyYi00NmE3LThhNzItOTY0ZDY5MmM0ZjNmL3Jlc291cmNlR3JvdXBzL2NycHRlc3RhcjU1MTYxL3Byb3ZpZGVycy9NaWNyb3NvZnQuTmV0d29yay92aXJ0dWFsTmV0d29ya3Mvdm40ODcvc3VibmV0cy9zbjExNDM/YXBpLXZlcnNpb249MjAxNy0wMy0wMQ==",
      "RequestMethod": "GET",
      "RequestBody": "",
      "RequestHeaders": {
        "x-ms-client-request-id": [
          "44bd11d4-1175-4723-90ba-a2dc8f01638e"
        ],
        "accept-language": [
          "en-US"
        ],
        "User-Agent": [
          "FxVersion/4.6.1637.0",
          "OSName/Windows_10_Enterprise",
          "OSVersion/6.3.14393",
          "Microsoft.Azure.Management.Network.NetworkManagementClient/8.0.0-preview"
        ]
      },
      "ResponseBody": "{\r\n  \"name\": \"sn1143\",\r\n  \"id\": \"/subscriptions/97f78232-382b-46a7-8a72-964d692c4f3f/resourceGroups/crptestar55161/providers/Microsoft.Network/virtualNetworks/vn487/subnets/sn1143\",\r\n  \"etag\": \"W/\\\"acbd3426-cc60-4beb-99be-9358e6136b10\\\"\",\r\n  \"properties\": {\r\n    \"provisioningState\": \"Succeeded\",\r\n    \"addressPrefix\": \"10.0.0.0/24\"\r\n  }\r\n}",
      "ResponseHeaders": {
        "Content-Length": [
          "340"
        ],
        "Content-Type": [
          "application/json; charset=utf-8"
        ],
        "Expires": [
          "-1"
        ],
        "Pragma": [
          "no-cache"
        ],
        "x-ms-request-id": [
          "d360d301-fdc0-4bd5-a005-467e1ab105d2"
        ],
        "Strict-Transport-Security": [
          "max-age=31536000; includeSubDomains"
        ],
        "Cache-Control": [
          "no-cache"
        ],
        "ETag": [
          "W/\"acbd3426-cc60-4beb-99be-9358e6136b10\""
        ],
        "Server": [
          "Microsoft-HTTPAPI/2.0",
          "Microsoft-HTTPAPI/2.0"
        ],
        "x-ms-ratelimit-remaining-subscription-reads": [
          "14990"
        ],
        "x-ms-correlation-request-id": [
          "b6d0cc67-7016-4822-b031-085d46129945"
        ],
        "x-ms-routing-request-id": [
          "WESTUS:20170511T190732Z:b6d0cc67-7016-4822-b031-085d46129945"
        ],
        "Date": [
          "Thu, 11 May 2017 19:07:32 GMT"
        ]
      },
      "StatusCode": 200
    },
    {
      "RequestUri": "/subscriptions/97f78232-382b-46a7-8a72-964d692c4f3f/resourceGroups/crptestar55161/providers/Microsoft.Network/networkInterfaces/nic3462?api-version=2017-03-01",
      "EncodedRequestUri": "L3N1YnNjcmlwdGlvbnMvOTdmNzgyMzItMzgyYi00NmE3LThhNzItOTY0ZDY5MmM0ZjNmL3Jlc291cmNlR3JvdXBzL2NycHRlc3RhcjU1MTYxL3Byb3ZpZGVycy9NaWNyb3NvZnQuTmV0d29yay9uZXR3b3JrSW50ZXJmYWNlcy9uaWMzNDYyP2FwaS12ZXJzaW9uPTIwMTctMDMtMDE=",
      "RequestMethod": "PUT",
      "RequestBody": "{\r\n  \"properties\": {\r\n    \"ipConfigurations\": [\r\n      {\r\n        \"properties\": {\r\n          \"privateIPAllocationMethod\": \"Dynamic\",\r\n          \"subnet\": {\r\n            \"properties\": {\r\n              \"addressPrefix\": \"10.0.0.0/24\",\r\n              \"provisioningState\": \"Succeeded\"\r\n            },\r\n            \"name\": \"sn1143\",\r\n            \"etag\": \"W/\\\"acbd3426-cc60-4beb-99be-9358e6136b10\\\"\",\r\n            \"id\": \"/subscriptions/97f78232-382b-46a7-8a72-964d692c4f3f/resourceGroups/crptestar55161/providers/Microsoft.Network/virtualNetworks/vn487/subnets/sn1143\"\r\n          }\r\n        },\r\n        \"name\": \"ip5097\"\r\n      }\r\n    ]\r\n  },\r\n  \"location\": \"SoutheastAsia\",\r\n  \"tags\": {\r\n    \"key\": \"value\"\r\n  }\r\n}",
      "RequestHeaders": {
        "Content-Type": [
          "application/json; charset=utf-8"
        ],
        "Content-Length": [
          "707"
        ],
        "x-ms-client-request-id": [
          "78573f78-6b24-4fa8-b3b6-06770bfa4d94"
        ],
        "accept-language": [
          "en-US"
        ],
        "User-Agent": [
          "FxVersion/4.6.1637.0",
          "OSName/Windows_10_Enterprise",
          "OSVersion/6.3.14393",
          "Microsoft.Azure.Management.Network.NetworkManagementClient/8.0.0-preview"
        ]
      },
      "ResponseBody": "{\r\n  \"name\": \"nic3462\",\r\n  \"id\": \"/subscriptions/97f78232-382b-46a7-8a72-964d692c4f3f/resourceGroups/crptestar55161/providers/Microsoft.Network/networkInterfaces/nic3462\",\r\n  \"etag\": \"W/\\\"4f8f0a3a-d600-4ea9-a576-bfaa462b72a7\\\"\",\r\n  \"location\": \"southeastasia\",\r\n  \"tags\": {\r\n    \"key\": \"value\"\r\n  },\r\n  \"properties\": {\r\n    \"provisioningState\": \"Succeeded\",\r\n    \"resourceGuid\": \"e6bda31a-e169-4570-9bcd-c13d5a7dfbf5\",\r\n    \"ipConfigurations\": [\r\n      {\r\n        \"name\": \"ip5097\",\r\n        \"id\": \"/subscriptions/97f78232-382b-46a7-8a72-964d692c4f3f/resourceGroups/crptestar55161/providers/Microsoft.Network/networkInterfaces/nic3462/ipConfigurations/ip5097\",\r\n        \"etag\": \"W/\\\"4f8f0a3a-d600-4ea9-a576-bfaa462b72a7\\\"\",\r\n        \"properties\": {\r\n          \"provisioningState\": \"Succeeded\",\r\n          \"privateIPAddress\": \"10.0.0.4\",\r\n          \"privateIPAllocationMethod\": \"Dynamic\",\r\n          \"subnet\": {\r\n            \"id\": \"/subscriptions/97f78232-382b-46a7-8a72-964d692c4f3f/resourceGroups/crptestar55161/providers/Microsoft.Network/virtualNetworks/vn487/subnets/sn1143\"\r\n          },\r\n          \"primary\": true,\r\n          \"privateIPAddressVersion\": \"IPv4\"\r\n        }\r\n      }\r\n    ],\r\n    \"dnsSettings\": {\r\n      \"dnsServers\": [],\r\n      \"appliedDnsServers\": [],\r\n      \"internalDomainNameSuffix\": \"wymgd0ea5lie5bjsubt4afzc1a.ix.internal.cloudapp.net\"\r\n    },\r\n    \"enableAcceleratedNetworking\": false,\r\n    \"enableIPForwarding\": false\r\n  },\r\n  \"type\": \"Microsoft.Network/networkInterfaces\"\r\n}",
      "ResponseHeaders": {
        "Content-Length": [
          "1502"
        ],
        "Content-Type": [
          "application/json; charset=utf-8"
        ],
        "Expires": [
          "-1"
        ],
        "Pragma": [
          "no-cache"
        ],
        "x-ms-request-id": [
          "66cf5dd8-ef72-4c57-9934-1b111c0dda3c"
        ],
        "Azure-AsyncOperation": [
          "https://management.azure.com/subscriptions/97f78232-382b-46a7-8a72-964d692c4f3f/providers/Microsoft.Network/locations/southeastasia/operations/66cf5dd8-ef72-4c57-9934-1b111c0dda3c?api-version=2017-03-01"
        ],
        "Strict-Transport-Security": [
          "max-age=31536000; includeSubDomains"
        ],
        "Cache-Control": [
          "no-cache"
        ],
        "Server": [
          "Microsoft-HTTPAPI/2.0",
          "Microsoft-HTTPAPI/2.0"
        ],
        "x-ms-ratelimit-remaining-subscription-writes": [
          "1195"
        ],
        "x-ms-correlation-request-id": [
          "db285660-e855-4cfd-8852-997e60083f93"
        ],
        "x-ms-routing-request-id": [
          "WESTUS:20170511T190735Z:db285660-e855-4cfd-8852-997e60083f93"
        ],
        "Date": [
          "Thu, 11 May 2017 19:07:35 GMT"
        ]
      },
      "StatusCode": 201
    },
    {
      "RequestUri": "/subscriptions/97f78232-382b-46a7-8a72-964d692c4f3f/resourceGroups/crptestar55161/providers/Microsoft.Network/networkInterfaces/nic3462?api-version=2017-03-01",
      "EncodedRequestUri": "L3N1YnNjcmlwdGlvbnMvOTdmNzgyMzItMzgyYi00NmE3LThhNzItOTY0ZDY5MmM0ZjNmL3Jlc291cmNlR3JvdXBzL2NycHRlc3RhcjU1MTYxL3Byb3ZpZGVycy9NaWNyb3NvZnQuTmV0d29yay9uZXR3b3JrSW50ZXJmYWNlcy9uaWMzNDYyP2FwaS12ZXJzaW9uPTIwMTctMDMtMDE=",
      "RequestMethod": "GET",
      "RequestBody": "",
      "RequestHeaders": {
        "User-Agent": [
          "FxVersion/4.6.1637.0",
          "OSName/Windows_10_Enterprise",
          "OSVersion/6.3.14393",
          "Microsoft.Azure.Management.Network.NetworkManagementClient/8.0.0-preview"
        ]
      },
      "ResponseBody": "{\r\n  \"name\": \"nic3462\",\r\n  \"id\": \"/subscriptions/97f78232-382b-46a7-8a72-964d692c4f3f/resourceGroups/crptestar55161/providers/Microsoft.Network/networkInterfaces/nic3462\",\r\n  \"etag\": \"W/\\\"4f8f0a3a-d600-4ea9-a576-bfaa462b72a7\\\"\",\r\n  \"location\": \"southeastasia\",\r\n  \"tags\": {\r\n    \"key\": \"value\"\r\n  },\r\n  \"properties\": {\r\n    \"provisioningState\": \"Succeeded\",\r\n    \"resourceGuid\": \"e6bda31a-e169-4570-9bcd-c13d5a7dfbf5\",\r\n    \"ipConfigurations\": [\r\n      {\r\n        \"name\": \"ip5097\",\r\n        \"id\": \"/subscriptions/97f78232-382b-46a7-8a72-964d692c4f3f/resourceGroups/crptestar55161/providers/Microsoft.Network/networkInterfaces/nic3462/ipConfigurations/ip5097\",\r\n        \"etag\": \"W/\\\"4f8f0a3a-d600-4ea9-a576-bfaa462b72a7\\\"\",\r\n        \"properties\": {\r\n          \"provisioningState\": \"Succeeded\",\r\n          \"privateIPAddress\": \"10.0.0.4\",\r\n          \"privateIPAllocationMethod\": \"Dynamic\",\r\n          \"subnet\": {\r\n            \"id\": \"/subscriptions/97f78232-382b-46a7-8a72-964d692c4f3f/resourceGroups/crptestar55161/providers/Microsoft.Network/virtualNetworks/vn487/subnets/sn1143\"\r\n          },\r\n          \"primary\": true,\r\n          \"privateIPAddressVersion\": \"IPv4\"\r\n        }\r\n      }\r\n    ],\r\n    \"dnsSettings\": {\r\n      \"dnsServers\": [],\r\n      \"appliedDnsServers\": [],\r\n      \"internalDomainNameSuffix\": \"wymgd0ea5lie5bjsubt4afzc1a.ix.internal.cloudapp.net\"\r\n    },\r\n    \"enableAcceleratedNetworking\": false,\r\n    \"enableIPForwarding\": false\r\n  },\r\n  \"type\": \"Microsoft.Network/networkInterfaces\"\r\n}",
      "ResponseHeaders": {
        "Content-Length": [
          "1502"
        ],
        "Content-Type": [
          "application/json; charset=utf-8"
        ],
        "Expires": [
          "-1"
        ],
        "Pragma": [
          "no-cache"
        ],
        "x-ms-request-id": [
          "22d0fb27-e126-4f62-995a-dda07365113b"
        ],
        "Strict-Transport-Security": [
          "max-age=31536000; includeSubDomains"
        ],
        "Cache-Control": [
          "no-cache"
        ],
        "ETag": [
          "W/\"4f8f0a3a-d600-4ea9-a576-bfaa462b72a7\""
        ],
        "Server": [
          "Microsoft-HTTPAPI/2.0",
          "Microsoft-HTTPAPI/2.0"
        ],
        "x-ms-ratelimit-remaining-subscription-reads": [
          "14989"
        ],
        "x-ms-correlation-request-id": [
          "9eab9243-9fb9-415a-a732-3cc443dfb096"
        ],
        "x-ms-routing-request-id": [
          "WESTUS:20170511T190735Z:9eab9243-9fb9-415a-a732-3cc443dfb096"
        ],
        "Date": [
          "Thu, 11 May 2017 19:07:35 GMT"
        ]
      },
      "StatusCode": 200
    },
    {
      "RequestUri": "/subscriptions/97f78232-382b-46a7-8a72-964d692c4f3f/resourceGroups/crptestar55161/providers/Microsoft.Network/networkInterfaces/nic3462?api-version=2017-03-01",
      "EncodedRequestUri": "L3N1YnNjcmlwdGlvbnMvOTdmNzgyMzItMzgyYi00NmE3LThhNzItOTY0ZDY5MmM0ZjNmL3Jlc291cmNlR3JvdXBzL2NycHRlc3RhcjU1MTYxL3Byb3ZpZGVycy9NaWNyb3NvZnQuTmV0d29yay9uZXR3b3JrSW50ZXJmYWNlcy9uaWMzNDYyP2FwaS12ZXJzaW9uPTIwMTctMDMtMDE=",
      "RequestMethod": "GET",
      "RequestBody": "",
      "RequestHeaders": {
        "x-ms-client-request-id": [
          "9b20ccd0-53bc-4908-875c-c689ff7f682e"
        ],
        "accept-language": [
          "en-US"
        ],
        "User-Agent": [
          "FxVersion/4.6.1637.0",
          "OSName/Windows_10_Enterprise",
          "OSVersion/6.3.14393",
          "Microsoft.Azure.Management.Network.NetworkManagementClient/8.0.0-preview"
        ]
      },
      "ResponseBody": "{\r\n  \"name\": \"nic3462\",\r\n  \"id\": \"/subscriptions/97f78232-382b-46a7-8a72-964d692c4f3f/resourceGroups/crptestar55161/providers/Microsoft.Network/networkInterfaces/nic3462\",\r\n  \"etag\": \"W/\\\"4f8f0a3a-d600-4ea9-a576-bfaa462b72a7\\\"\",\r\n  \"location\": \"southeastasia\",\r\n  \"tags\": {\r\n    \"key\": \"value\"\r\n  },\r\n  \"properties\": {\r\n    \"provisioningState\": \"Succeeded\",\r\n    \"resourceGuid\": \"e6bda31a-e169-4570-9bcd-c13d5a7dfbf5\",\r\n    \"ipConfigurations\": [\r\n      {\r\n        \"name\": \"ip5097\",\r\n        \"id\": \"/subscriptions/97f78232-382b-46a7-8a72-964d692c4f3f/resourceGroups/crptestar55161/providers/Microsoft.Network/networkInterfaces/nic3462/ipConfigurations/ip5097\",\r\n        \"etag\": \"W/\\\"4f8f0a3a-d600-4ea9-a576-bfaa462b72a7\\\"\",\r\n        \"properties\": {\r\n          \"provisioningState\": \"Succeeded\",\r\n          \"privateIPAddress\": \"10.0.0.4\",\r\n          \"privateIPAllocationMethod\": \"Dynamic\",\r\n          \"subnet\": {\r\n            \"id\": \"/subscriptions/97f78232-382b-46a7-8a72-964d692c4f3f/resourceGroups/crptestar55161/providers/Microsoft.Network/virtualNetworks/vn487/subnets/sn1143\"\r\n          },\r\n          \"primary\": true,\r\n          \"privateIPAddressVersion\": \"IPv4\"\r\n        }\r\n      }\r\n    ],\r\n    \"dnsSettings\": {\r\n      \"dnsServers\": [],\r\n      \"appliedDnsServers\": [],\r\n      \"internalDomainNameSuffix\": \"wymgd0ea5lie5bjsubt4afzc1a.ix.internal.cloudapp.net\"\r\n    },\r\n    \"enableAcceleratedNetworking\": false,\r\n    \"enableIPForwarding\": false\r\n  },\r\n  \"type\": \"Microsoft.Network/networkInterfaces\"\r\n}",
      "ResponseHeaders": {
        "Content-Length": [
          "1502"
        ],
        "Content-Type": [
          "application/json; charset=utf-8"
        ],
        "Expires": [
          "-1"
        ],
        "Pragma": [
          "no-cache"
        ],
        "x-ms-request-id": [
          "199c6e48-85df-40cd-a0dc-fdfc75d4b151"
        ],
        "Strict-Transport-Security": [
          "max-age=31536000; includeSubDomains"
        ],
        "Cache-Control": [
          "no-cache"
        ],
        "ETag": [
          "W/\"4f8f0a3a-d600-4ea9-a576-bfaa462b72a7\""
        ],
        "Server": [
          "Microsoft-HTTPAPI/2.0",
          "Microsoft-HTTPAPI/2.0"
        ],
        "x-ms-ratelimit-remaining-subscription-reads": [
          "14988"
        ],
        "x-ms-correlation-request-id": [
          "47517c82-833d-4e9f-8184-55ce2580b507"
        ],
        "x-ms-routing-request-id": [
          "WESTUS:20170511T190735Z:47517c82-833d-4e9f-8184-55ce2580b507"
        ],
        "Date": [
          "Thu, 11 May 2017 19:07:35 GMT"
        ]
      },
      "StatusCode": 200
    },
    {
      "RequestUri": "/subscriptions/97f78232-382b-46a7-8a72-964d692c4f3f/resourceGroups/crptestar55161/providers/Microsoft.Compute/virtualMachineScaleSets/vmss2859?api-version=2017-03-30",
      "EncodedRequestUri": "L3N1YnNjcmlwdGlvbnMvOTdmNzgyMzItMzgyYi00NmE3LThhNzItOTY0ZDY5MmM0ZjNmL3Jlc291cmNlR3JvdXBzL2NycHRlc3RhcjU1MTYxL3Byb3ZpZGVycy9NaWNyb3NvZnQuQ29tcHV0ZS92aXJ0dWFsTWFjaGluZVNjYWxlU2V0cy92bXNzMjg1OT9hcGktdmVyc2lvbj0yMDE3LTAzLTMw",
      "RequestMethod": "PUT",
      "RequestBody": "{\r\n  \"sku\": {\r\n    \"name\": \"Standard_A0\",\r\n    \"capacity\": 2\r\n  },\r\n  \"properties\": {\r\n    \"upgradePolicy\": {\r\n      \"mode\": \"Automatic\"\r\n    },\r\n    \"virtualMachineProfile\": {\r\n      \"osProfile\": {\r\n        \"computerNamePrefix\": \"test\",\r\n        \"adminUsername\": \"Foo12\",\r\n        \"adminPassword\": \"[PLACEHOLDER]\",\r\n        \"customData\": \"Q3VzdG9tIGRhdGE=\"\r\n      },\r\n      \"storageProfile\": {\r\n        \"imageReference\": {\r\n          \"publisher\": \"MicrosoftWindowsServer\",\r\n          \"offer\": \"WindowsServer\",\r\n          \"sku\": \"2012-R2-Datacenter\",\r\n          \"version\": \"4.0.20160617\"\r\n        },\r\n        \"dataDisks\": [\r\n          {\r\n            \"lun\": 1,\r\n            \"createOption\": \"empty\",\r\n            \"diskSizeGB\": 128\r\n          }\r\n        ]\r\n      },\r\n      \"networkProfile\": {\r\n        \"networkInterfaceConfigurations\": [\r\n          {\r\n            \"name\": \"vmsstestnetconfig1996\",\r\n            \"properties\": {\r\n              \"primary\": true,\r\n              \"ipConfigurations\": [\r\n                {\r\n                  \"name\": \"vmsstestnetconfig3962\",\r\n                  \"properties\": {\r\n                    \"subnet\": {\r\n                      \"id\": \"/subscriptions/97f78232-382b-46a7-8a72-964d692c4f3f/resourceGroups/crptestar55161/providers/Microsoft.Network/virtualNetworks/vn487/subnets/sn1143\"\r\n                    },\r\n                    \"applicationGatewayBackendAddressPools\": []\r\n                  }\r\n                }\r\n              ]\r\n            }\r\n          }\r\n        ]\r\n      },\r\n      \"diagnosticsProfile\": {\r\n        \"bootDiagnostics\": {\r\n          \"enabled\": true,\r\n          \"storageUri\": \"https://crptestar6734.blob.core.windows.net/\"\r\n        }\r\n      }\r\n    },\r\n    \"overprovision\": false\r\n  },\r\n  \"location\": \"SoutheastAsia\",\r\n  \"tags\": {\r\n    \"RG\": \"rg\",\r\n    \"testTag\": \"1\"\r\n  }\r\n}",
      "RequestHeaders": {
        "Content-Type": [
          "application/json; charset=utf-8"
        ],
        "Content-Length": [
          "1824"
        ],
        "x-ms-client-request-id": [
          "6136c96a-3da4-44a9-aaa6-cd3a7074bbf6"
        ],
        "accept-language": [
          "en-US"
        ],
        "User-Agent": [
          "FxVersion/4.6.1637.0",
          "OSName/Windows_10_Enterprise",
          "OSVersion/6.3.14393",
          "Microsoft.Azure.Management.Compute.ComputeManagementClient/1.0.506.0"
        ]
      },
      "ResponseBody": "{\r\n  \"sku\": {\r\n    \"name\": \"Standard_A0\",\r\n    \"tier\": \"Standard\",\r\n    \"capacity\": 2\r\n  },\r\n  \"properties\": {\r\n    \"singlePlacementGroup\": true,\r\n    \"upgradePolicy\": {\r\n      \"mode\": \"Automatic\"\r\n    },\r\n    \"virtualMachineProfile\": {\r\n      \"osProfile\": {\r\n        \"computerNamePrefix\": \"test\",\r\n        \"adminUsername\": \"Foo12\",\r\n        \"windowsConfiguration\": {\r\n          \"provisionVMAgent\": true,\r\n          \"enableAutomaticUpdates\": true\r\n        },\r\n        \"secrets\": []\r\n      },\r\n      \"storageProfile\": {\r\n        \"osDisk\": {\r\n          \"createOption\": \"FromImage\",\r\n          \"caching\": \"None\",\r\n          \"managedDisk\": {\r\n            \"storageAccountType\": \"Standard_LRS\"\r\n          }\r\n        },\r\n        \"imageReference\": {\r\n          \"publisher\": \"MicrosoftWindowsServer\",\r\n          \"offer\": \"WindowsServer\",\r\n          \"sku\": \"2012-R2-Datacenter\",\r\n          \"version\": \"4.0.20160617\"\r\n        },\r\n        \"dataDisks\": [\r\n          {\r\n            \"lun\": 1,\r\n            \"createOption\": \"Empty\",\r\n            \"caching\": \"None\",\r\n            \"managedDisk\": {\r\n              \"storageAccountType\": \"Standard_LRS\"\r\n            },\r\n            \"diskSizeGB\": 128\r\n          }\r\n        ]\r\n      },\r\n      \"networkProfile\": {\r\n        \"networkInterfaceConfigurations\": [\r\n          {\r\n            \"name\": \"vmsstestnetconfig1996\",\r\n            \"properties\": {\r\n              \"primary\": true,\r\n              \"enableAcceleratedNetworking\": false,\r\n              \"dnsSettings\": {\r\n                \"dnsServers\": []\r\n              },\r\n              \"ipConfigurations\": [\r\n                {\r\n                  \"name\": \"vmsstestnetconfig3962\",\r\n                  \"properties\": {\r\n                    \"subnet\": {\r\n                      \"id\": \"/subscriptions/97f78232-382b-46a7-8a72-964d692c4f3f/resourceGroups/crptestar55161/providers/Microsoft.Network/virtualNetworks/vn487/subnets/sn1143\"\r\n                    },\r\n                    \"privateIPAddressVersion\": \"IPv4\"\r\n                  }\r\n                }\r\n              ]\r\n            }\r\n          }\r\n        ]\r\n      },\r\n      \"diagnosticsProfile\": {\r\n        \"bootDiagnostics\": {\r\n          \"enabled\": true,\r\n          \"storageUri\": \"https://crptestar6734.blob.core.windows.net/\"\r\n        }\r\n      }\r\n    },\r\n    \"provisioningState\": \"Creating\",\r\n    \"overprovision\": false,\r\n    \"uniqueId\": \"5f11e972-263a-40d9-ba5e-1d2857e5a85d\"\r\n  },\r\n  \"type\": \"Microsoft.Compute/virtualMachineScaleSets\",\r\n  \"location\": \"southeastasia\",\r\n  \"tags\": {\r\n    \"RG\": \"rg\",\r\n    \"testTag\": \"1\"\r\n  },\r\n  \"id\": \"/subscriptions/97f78232-382b-46a7-8a72-964d692c4f3f/resourceGroups/crptestar55161/providers/Microsoft.Compute/virtualMachineScaleSets/vmss2859\",\r\n  \"name\": \"vmss2859\"\r\n}",
      "ResponseHeaders": {
        "Content-Length": [
          "2313"
        ],
        "Content-Type": [
          "application/json; charset=utf-8"
        ],
        "Expires": [
          "-1"
        ],
        "Pragma": [
          "no-cache"
        ],
        "Azure-AsyncOperation": [
          "https://management.azure.com/subscriptions/97f78232-382b-46a7-8a72-964d692c4f3f/providers/Microsoft.Compute/locations/southeastasia/operations/1e1099ad-94c5-44bd-b6fb-acdfa03e2ae5?api-version=2017-03-30"
        ],
        "Strict-Transport-Security": [
          "max-age=31536000; includeSubDomains"
        ],
        "x-ms-served-by": [
          "b29f529d-f399-4b9b-9527-29304a99d6e9_131315529026058009"
        ],
        "x-ms-request-id": [
          "1e1099ad-94c5-44bd-b6fb-acdfa03e2ae5"
        ],
        "Cache-Control": [
          "no-cache"
        ],
        "Server": [
          "Microsoft-HTTPAPI/2.0",
          "Microsoft-HTTPAPI/2.0"
        ],
        "x-ms-ratelimit-remaining-subscription-writes": [
          "1199"
        ],
        "x-ms-correlation-request-id": [
          "a31dc1a9-588f-4d55-91fc-41bd1cef2bf9"
        ],
        "x-ms-routing-request-id": [
          "WESTUS:20170511T190741Z:a31dc1a9-588f-4d55-91fc-41bd1cef2bf9"
        ],
        "Date": [
          "Thu, 11 May 2017 19:07:40 GMT"
        ]
      },
      "StatusCode": 201
    },
    {
      "RequestUri": "/subscriptions/97f78232-382b-46a7-8a72-964d692c4f3f/providers/Microsoft.Compute/locations/southeastasia/operations/1e1099ad-94c5-44bd-b6fb-acdfa03e2ae5?api-version=2017-03-30",
      "EncodedRequestUri": "L3N1YnNjcmlwdGlvbnMvOTdmNzgyMzItMzgyYi00NmE3LThhNzItOTY0ZDY5MmM0ZjNmL3Byb3ZpZGVycy9NaWNyb3NvZnQuQ29tcHV0ZS9sb2NhdGlvbnMvc291dGhlYXN0YXNpYS9vcGVyYXRpb25zLzFlMTA5OWFkLTk0YzUtNDRiZC1iNmZiLWFjZGZhMDNlMmFlNT9hcGktdmVyc2lvbj0yMDE3LTAzLTMw",
      "RequestMethod": "GET",
      "RequestBody": "",
      "RequestHeaders": {
        "User-Agent": [
          "FxVersion/4.6.1637.0",
          "OSName/Windows_10_Enterprise",
          "OSVersion/6.3.14393",
          "Microsoft.Azure.Management.Compute.ComputeManagementClient/1.0.506.0"
        ]
      },
      "ResponseBody": "{\r\n  \"startTime\": \"2017-05-11T12:07:37.8936175-07:00\",\r\n  \"status\": \"InProgress\",\r\n  \"name\": \"1e1099ad-94c5-44bd-b6fb-acdfa03e2ae5\"\r\n}",
      "ResponseHeaders": {
        "Content-Length": [
          "134"
        ],
        "Content-Type": [
          "application/json; charset=utf-8"
        ],
        "Expires": [
          "-1"
        ],
        "Pragma": [
          "no-cache"
        ],
        "Strict-Transport-Security": [
          "max-age=31536000; includeSubDomains"
        ],
        "x-ms-served-by": [
          "b29f529d-f399-4b9b-9527-29304a99d6e9_131315529026058009"
        ],
        "x-ms-request-id": [
          "e60768ac-487b-4102-9d36-6c56cb28e4e1"
        ],
        "Cache-Control": [
          "no-cache"
        ],
        "Server": [
          "Microsoft-HTTPAPI/2.0",
          "Microsoft-HTTPAPI/2.0"
        ],
        "x-ms-ratelimit-remaining-subscription-reads": [
          "14998"
        ],
        "x-ms-correlation-request-id": [
          "5471b579-f6ab-45a5-b3a9-c87089660099"
        ],
        "x-ms-routing-request-id": [
          "WESTUS:20170511T190812Z:5471b579-f6ab-45a5-b3a9-c87089660099"
        ],
        "Date": [
          "Thu, 11 May 2017 19:08:11 GMT"
        ]
      },
      "StatusCode": 200
    },
    {
      "RequestUri": "/subscriptions/97f78232-382b-46a7-8a72-964d692c4f3f/providers/Microsoft.Compute/locations/southeastasia/operations/1e1099ad-94c5-44bd-b6fb-acdfa03e2ae5?api-version=2017-03-30",
      "EncodedRequestUri": "L3N1YnNjcmlwdGlvbnMvOTdmNzgyMzItMzgyYi00NmE3LThhNzItOTY0ZDY5MmM0ZjNmL3Byb3ZpZGVycy9NaWNyb3NvZnQuQ29tcHV0ZS9sb2NhdGlvbnMvc291dGhlYXN0YXNpYS9vcGVyYXRpb25zLzFlMTA5OWFkLTk0YzUtNDRiZC1iNmZiLWFjZGZhMDNlMmFlNT9hcGktdmVyc2lvbj0yMDE3LTAzLTMw",
      "RequestMethod": "GET",
      "RequestBody": "",
      "RequestHeaders": {
        "User-Agent": [
          "FxVersion/4.6.1637.0",
          "OSName/Windows_10_Enterprise",
          "OSVersion/6.3.14393",
          "Microsoft.Azure.Management.Compute.ComputeManagementClient/1.0.506.0"
        ]
      },
      "ResponseBody": "{\r\n  \"startTime\": \"2017-05-11T12:07:37.8936175-07:00\",\r\n  \"status\": \"InProgress\",\r\n  \"name\": \"1e1099ad-94c5-44bd-b6fb-acdfa03e2ae5\"\r\n}",
      "ResponseHeaders": {
        "Content-Length": [
          "134"
        ],
        "Content-Type": [
          "application/json; charset=utf-8"
        ],
        "Expires": [
          "-1"
        ],
        "Pragma": [
          "no-cache"
        ],
        "Strict-Transport-Security": [
          "max-age=31536000; includeSubDomains"
        ],
        "x-ms-served-by": [
          "b29f529d-f399-4b9b-9527-29304a99d6e9_131315529026058009"
        ],
        "x-ms-request-id": [
          "1f59e298-ab0d-4e75-8c46-659f8b6ff31c"
        ],
        "Cache-Control": [
          "no-cache"
        ],
        "Server": [
          "Microsoft-HTTPAPI/2.0",
          "Microsoft-HTTPAPI/2.0"
        ],
        "x-ms-ratelimit-remaining-subscription-reads": [
          "14997"
        ],
        "x-ms-correlation-request-id": [
          "7d57522a-8a0c-4218-922f-697ede20adcb"
        ],
        "x-ms-routing-request-id": [
          "WESTUS:20170511T190842Z:7d57522a-8a0c-4218-922f-697ede20adcb"
        ],
        "Date": [
          "Thu, 11 May 2017 19:08:42 GMT"
        ]
      },
      "StatusCode": 200
    },
    {
      "RequestUri": "/subscriptions/97f78232-382b-46a7-8a72-964d692c4f3f/providers/Microsoft.Compute/locations/southeastasia/operations/1e1099ad-94c5-44bd-b6fb-acdfa03e2ae5?api-version=2017-03-30",
      "EncodedRequestUri": "L3N1YnNjcmlwdGlvbnMvOTdmNzgyMzItMzgyYi00NmE3LThhNzItOTY0ZDY5MmM0ZjNmL3Byb3ZpZGVycy9NaWNyb3NvZnQuQ29tcHV0ZS9sb2NhdGlvbnMvc291dGhlYXN0YXNpYS9vcGVyYXRpb25zLzFlMTA5OWFkLTk0YzUtNDRiZC1iNmZiLWFjZGZhMDNlMmFlNT9hcGktdmVyc2lvbj0yMDE3LTAzLTMw",
      "RequestMethod": "GET",
      "RequestBody": "",
      "RequestHeaders": {
        "User-Agent": [
          "FxVersion/4.6.1637.0",
          "OSName/Windows_10_Enterprise",
          "OSVersion/6.3.14393",
          "Microsoft.Azure.Management.Compute.ComputeManagementClient/1.0.506.0"
        ]
      },
      "ResponseBody": "{\r\n  \"startTime\": \"2017-05-11T12:07:37.8936175-07:00\",\r\n  \"status\": \"InProgress\",\r\n  \"name\": \"1e1099ad-94c5-44bd-b6fb-acdfa03e2ae5\"\r\n}",
      "ResponseHeaders": {
        "Content-Length": [
          "134"
        ],
        "Content-Type": [
          "application/json; charset=utf-8"
        ],
        "Expires": [
          "-1"
        ],
        "Pragma": [
          "no-cache"
        ],
        "Strict-Transport-Security": [
          "max-age=31536000; includeSubDomains"
        ],
        "x-ms-served-by": [
          "b29f529d-f399-4b9b-9527-29304a99d6e9_131315529026058009"
        ],
        "x-ms-request-id": [
          "1702c0a3-2661-4ecd-b832-5461e27b14d3"
        ],
        "Cache-Control": [
          "no-cache"
        ],
        "Server": [
          "Microsoft-HTTPAPI/2.0",
          "Microsoft-HTTPAPI/2.0"
        ],
        "x-ms-ratelimit-remaining-subscription-reads": [
          "14996"
        ],
        "x-ms-correlation-request-id": [
          "7319c732-47ab-4710-983c-ab168f6632b4"
        ],
        "x-ms-routing-request-id": [
          "WESTUS:20170511T190912Z:7319c732-47ab-4710-983c-ab168f6632b4"
        ],
        "Date": [
          "Thu, 11 May 2017 19:09:12 GMT"
        ]
      },
      "StatusCode": 200
    },
    {
      "RequestUri": "/subscriptions/97f78232-382b-46a7-8a72-964d692c4f3f/providers/Microsoft.Compute/locations/southeastasia/operations/1e1099ad-94c5-44bd-b6fb-acdfa03e2ae5?api-version=2017-03-30",
      "EncodedRequestUri": "L3N1YnNjcmlwdGlvbnMvOTdmNzgyMzItMzgyYi00NmE3LThhNzItOTY0ZDY5MmM0ZjNmL3Byb3ZpZGVycy9NaWNyb3NvZnQuQ29tcHV0ZS9sb2NhdGlvbnMvc291dGhlYXN0YXNpYS9vcGVyYXRpb25zLzFlMTA5OWFkLTk0YzUtNDRiZC1iNmZiLWFjZGZhMDNlMmFlNT9hcGktdmVyc2lvbj0yMDE3LTAzLTMw",
      "RequestMethod": "GET",
      "RequestBody": "",
      "RequestHeaders": {
        "User-Agent": [
          "FxVersion/4.6.1637.0",
          "OSName/Windows_10_Enterprise",
          "OSVersion/6.3.14393",
          "Microsoft.Azure.Management.Compute.ComputeManagementClient/1.0.506.0"
        ]
      },
      "ResponseBody": "{\r\n  \"startTime\": \"2017-05-11T12:07:37.8936175-07:00\",\r\n  \"status\": \"InProgress\",\r\n  \"name\": \"1e1099ad-94c5-44bd-b6fb-acdfa03e2ae5\"\r\n}",
      "ResponseHeaders": {
        "Content-Length": [
          "134"
        ],
        "Content-Type": [
          "application/json; charset=utf-8"
        ],
        "Expires": [
          "-1"
        ],
        "Pragma": [
          "no-cache"
        ],
        "Strict-Transport-Security": [
          "max-age=31536000; includeSubDomains"
        ],
        "x-ms-served-by": [
          "b29f529d-f399-4b9b-9527-29304a99d6e9_131315529026058009"
        ],
        "x-ms-request-id": [
          "00d4af90-2d50-4a0e-ae91-31eec43fbf7b"
        ],
        "Cache-Control": [
          "no-cache"
        ],
        "Server": [
          "Microsoft-HTTPAPI/2.0",
          "Microsoft-HTTPAPI/2.0"
        ],
        "x-ms-ratelimit-remaining-subscription-reads": [
          "14995"
        ],
        "x-ms-correlation-request-id": [
          "0f3c9b10-e654-4745-8184-50b690b84710"
        ],
        "x-ms-routing-request-id": [
          "WESTUS:20170511T190943Z:0f3c9b10-e654-4745-8184-50b690b84710"
        ],
        "Date": [
          "Thu, 11 May 2017 19:09:42 GMT"
        ]
      },
      "StatusCode": 200
    },
    {
      "RequestUri": "/subscriptions/97f78232-382b-46a7-8a72-964d692c4f3f/providers/Microsoft.Compute/locations/southeastasia/operations/1e1099ad-94c5-44bd-b6fb-acdfa03e2ae5?api-version=2017-03-30",
      "EncodedRequestUri": "L3N1YnNjcmlwdGlvbnMvOTdmNzgyMzItMzgyYi00NmE3LThhNzItOTY0ZDY5MmM0ZjNmL3Byb3ZpZGVycy9NaWNyb3NvZnQuQ29tcHV0ZS9sb2NhdGlvbnMvc291dGhlYXN0YXNpYS9vcGVyYXRpb25zLzFlMTA5OWFkLTk0YzUtNDRiZC1iNmZiLWFjZGZhMDNlMmFlNT9hcGktdmVyc2lvbj0yMDE3LTAzLTMw",
      "RequestMethod": "GET",
      "RequestBody": "",
      "RequestHeaders": {
        "User-Agent": [
          "FxVersion/4.6.1637.0",
          "OSName/Windows_10_Enterprise",
          "OSVersion/6.3.14393",
          "Microsoft.Azure.Management.Compute.ComputeManagementClient/1.0.506.0"
        ]
      },
      "ResponseBody": "{\r\n  \"startTime\": \"2017-05-11T12:07:37.8936175-07:00\",\r\n  \"status\": \"InProgress\",\r\n  \"name\": \"1e1099ad-94c5-44bd-b6fb-acdfa03e2ae5\"\r\n}",
      "ResponseHeaders": {
        "Content-Length": [
          "134"
        ],
        "Content-Type": [
          "application/json; charset=utf-8"
        ],
        "Expires": [
          "-1"
        ],
        "Pragma": [
          "no-cache"
        ],
        "Strict-Transport-Security": [
          "max-age=31536000; includeSubDomains"
        ],
        "x-ms-served-by": [
          "b29f529d-f399-4b9b-9527-29304a99d6e9_131315529026058009"
        ],
        "x-ms-request-id": [
          "ba4c0f7c-7a99-473d-ba1f-181683e7a336"
        ],
        "Cache-Control": [
          "no-cache"
        ],
        "Server": [
          "Microsoft-HTTPAPI/2.0",
          "Microsoft-HTTPAPI/2.0"
        ],
        "x-ms-ratelimit-remaining-subscription-reads": [
          "14994"
        ],
        "x-ms-correlation-request-id": [
          "8006a9be-1147-4ad4-97ce-ffcc60c02abc"
        ],
        "x-ms-routing-request-id": [
          "WESTUS:20170511T191013Z:8006a9be-1147-4ad4-97ce-ffcc60c02abc"
        ],
        "Date": [
          "Thu, 11 May 2017 19:10:12 GMT"
        ]
      },
      "StatusCode": 200
    },
    {
      "RequestUri": "/subscriptions/97f78232-382b-46a7-8a72-964d692c4f3f/providers/Microsoft.Compute/locations/southeastasia/operations/1e1099ad-94c5-44bd-b6fb-acdfa03e2ae5?api-version=2017-03-30",
      "EncodedRequestUri": "L3N1YnNjcmlwdGlvbnMvOTdmNzgyMzItMzgyYi00NmE3LThhNzItOTY0ZDY5MmM0ZjNmL3Byb3ZpZGVycy9NaWNyb3NvZnQuQ29tcHV0ZS9sb2NhdGlvbnMvc291dGhlYXN0YXNpYS9vcGVyYXRpb25zLzFlMTA5OWFkLTk0YzUtNDRiZC1iNmZiLWFjZGZhMDNlMmFlNT9hcGktdmVyc2lvbj0yMDE3LTAzLTMw",
      "RequestMethod": "GET",
      "RequestBody": "",
      "RequestHeaders": {
        "User-Agent": [
          "FxVersion/4.6.1637.0",
          "OSName/Windows_10_Enterprise",
          "OSVersion/6.3.14393",
          "Microsoft.Azure.Management.Compute.ComputeManagementClient/1.0.506.0"
        ]
      },
      "ResponseBody": "{\r\n  \"startTime\": \"2017-05-11T12:07:37.8936175-07:00\",\r\n  \"status\": \"InProgress\",\r\n  \"name\": \"1e1099ad-94c5-44bd-b6fb-acdfa03e2ae5\"\r\n}",
      "ResponseHeaders": {
        "Content-Length": [
          "134"
        ],
        "Content-Type": [
          "application/json; charset=utf-8"
        ],
        "Expires": [
          "-1"
        ],
        "Pragma": [
          "no-cache"
        ],
        "Strict-Transport-Security": [
          "max-age=31536000; includeSubDomains"
        ],
        "x-ms-served-by": [
          "b29f529d-f399-4b9b-9527-29304a99d6e9_131315529026058009"
        ],
        "x-ms-request-id": [
          "f302439d-1599-4c28-b087-ce9b15d4f42a"
        ],
        "Cache-Control": [
          "no-cache"
        ],
        "Server": [
          "Microsoft-HTTPAPI/2.0",
          "Microsoft-HTTPAPI/2.0"
        ],
        "x-ms-ratelimit-remaining-subscription-reads": [
          "14993"
        ],
        "x-ms-correlation-request-id": [
          "4bdf67a4-cb0b-4452-9da0-ffe2df151e24"
        ],
        "x-ms-routing-request-id": [
          "WESTUS:20170511T191043Z:4bdf67a4-cb0b-4452-9da0-ffe2df151e24"
        ],
        "Date": [
          "Thu, 11 May 2017 19:10:42 GMT"
        ]
      },
      "StatusCode": 200
    },
    {
      "RequestUri": "/subscriptions/97f78232-382b-46a7-8a72-964d692c4f3f/providers/Microsoft.Compute/locations/southeastasia/operations/1e1099ad-94c5-44bd-b6fb-acdfa03e2ae5?api-version=2017-03-30",
      "EncodedRequestUri": "L3N1YnNjcmlwdGlvbnMvOTdmNzgyMzItMzgyYi00NmE3LThhNzItOTY0ZDY5MmM0ZjNmL3Byb3ZpZGVycy9NaWNyb3NvZnQuQ29tcHV0ZS9sb2NhdGlvbnMvc291dGhlYXN0YXNpYS9vcGVyYXRpb25zLzFlMTA5OWFkLTk0YzUtNDRiZC1iNmZiLWFjZGZhMDNlMmFlNT9hcGktdmVyc2lvbj0yMDE3LTAzLTMw",
      "RequestMethod": "GET",
      "RequestBody": "",
      "RequestHeaders": {
        "User-Agent": [
          "FxVersion/4.6.1637.0",
          "OSName/Windows_10_Enterprise",
          "OSVersion/6.3.14393",
          "Microsoft.Azure.Management.Compute.ComputeManagementClient/1.0.506.0"
        ]
      },
      "ResponseBody": "{\r\n  \"startTime\": \"2017-05-11T12:07:37.8936175-07:00\",\r\n  \"status\": \"InProgress\",\r\n  \"name\": \"1e1099ad-94c5-44bd-b6fb-acdfa03e2ae5\"\r\n}",
      "ResponseHeaders": {
        "Content-Length": [
          "134"
        ],
        "Content-Type": [
          "application/json; charset=utf-8"
        ],
        "Expires": [
          "-1"
        ],
        "Pragma": [
          "no-cache"
        ],
        "Strict-Transport-Security": [
          "max-age=31536000; includeSubDomains"
        ],
        "x-ms-served-by": [
          "b29f529d-f399-4b9b-9527-29304a99d6e9_131315529026058009"
        ],
        "x-ms-request-id": [
          "d3deb0c3-d545-48f3-8d6e-3fb249fcca8c"
        ],
        "Cache-Control": [
          "no-cache"
        ],
        "Server": [
          "Microsoft-HTTPAPI/2.0",
          "Microsoft-HTTPAPI/2.0"
        ],
        "x-ms-ratelimit-remaining-subscription-reads": [
          "14992"
        ],
        "x-ms-correlation-request-id": [
          "36a3dc53-3689-46b3-b10a-d496f9650117"
        ],
        "x-ms-routing-request-id": [
          "WESTUS:20170511T191113Z:36a3dc53-3689-46b3-b10a-d496f9650117"
        ],
        "Date": [
          "Thu, 11 May 2017 19:11:12 GMT"
        ]
      },
      "StatusCode": 200
    },
    {
      "RequestUri": "/subscriptions/97f78232-382b-46a7-8a72-964d692c4f3f/providers/Microsoft.Compute/locations/southeastasia/operations/1e1099ad-94c5-44bd-b6fb-acdfa03e2ae5?api-version=2017-03-30",
      "EncodedRequestUri": "L3N1YnNjcmlwdGlvbnMvOTdmNzgyMzItMzgyYi00NmE3LThhNzItOTY0ZDY5MmM0ZjNmL3Byb3ZpZGVycy9NaWNyb3NvZnQuQ29tcHV0ZS9sb2NhdGlvbnMvc291dGhlYXN0YXNpYS9vcGVyYXRpb25zLzFlMTA5OWFkLTk0YzUtNDRiZC1iNmZiLWFjZGZhMDNlMmFlNT9hcGktdmVyc2lvbj0yMDE3LTAzLTMw",
      "RequestMethod": "GET",
      "RequestBody": "",
      "RequestHeaders": {
        "User-Agent": [
          "FxVersion/4.6.1637.0",
          "OSName/Windows_10_Enterprise",
          "OSVersion/6.3.14393",
          "Microsoft.Azure.Management.Compute.ComputeManagementClient/1.0.506.0"
        ]
      },
      "ResponseBody": "{\r\n  \"startTime\": \"2017-05-11T12:07:37.8936175-07:00\",\r\n  \"status\": \"InProgress\",\r\n  \"name\": \"1e1099ad-94c5-44bd-b6fb-acdfa03e2ae5\"\r\n}",
      "ResponseHeaders": {
        "Content-Length": [
          "134"
        ],
        "Content-Type": [
          "application/json; charset=utf-8"
        ],
        "Expires": [
          "-1"
        ],
        "Pragma": [
          "no-cache"
        ],
        "Strict-Transport-Security": [
          "max-age=31536000; includeSubDomains"
        ],
        "x-ms-served-by": [
          "b29f529d-f399-4b9b-9527-29304a99d6e9_131315529026058009"
        ],
        "x-ms-request-id": [
          "21bf2250-79fc-4607-a7d0-c9c642f75341"
        ],
        "Cache-Control": [
          "no-cache"
        ],
        "Server": [
          "Microsoft-HTTPAPI/2.0",
          "Microsoft-HTTPAPI/2.0"
        ],
        "x-ms-ratelimit-remaining-subscription-reads": [
          "14991"
        ],
        "x-ms-correlation-request-id": [
          "3200cb59-8073-45ac-8b72-ae4fe332135e"
        ],
        "x-ms-routing-request-id": [
          "WESTUS:20170511T191143Z:3200cb59-8073-45ac-8b72-ae4fe332135e"
        ],
        "Date": [
          "Thu, 11 May 2017 19:11:43 GMT"
        ]
      },
      "StatusCode": 200
    },
    {
      "RequestUri": "/subscriptions/97f78232-382b-46a7-8a72-964d692c4f3f/providers/Microsoft.Compute/locations/southeastasia/operations/1e1099ad-94c5-44bd-b6fb-acdfa03e2ae5?api-version=2017-03-30",
      "EncodedRequestUri": "L3N1YnNjcmlwdGlvbnMvOTdmNzgyMzItMzgyYi00NmE3LThhNzItOTY0ZDY5MmM0ZjNmL3Byb3ZpZGVycy9NaWNyb3NvZnQuQ29tcHV0ZS9sb2NhdGlvbnMvc291dGhlYXN0YXNpYS9vcGVyYXRpb25zLzFlMTA5OWFkLTk0YzUtNDRiZC1iNmZiLWFjZGZhMDNlMmFlNT9hcGktdmVyc2lvbj0yMDE3LTAzLTMw",
      "RequestMethod": "GET",
      "RequestBody": "",
      "RequestHeaders": {
        "User-Agent": [
          "FxVersion/4.6.1637.0",
          "OSName/Windows_10_Enterprise",
          "OSVersion/6.3.14393",
          "Microsoft.Azure.Management.Compute.ComputeManagementClient/1.0.506.0"
        ]
      },
      "ResponseBody": "{\r\n  \"startTime\": \"2017-05-11T12:07:37.8936175-07:00\",\r\n  \"status\": \"InProgress\",\r\n  \"name\": \"1e1099ad-94c5-44bd-b6fb-acdfa03e2ae5\"\r\n}",
      "ResponseHeaders": {
        "Content-Length": [
          "134"
        ],
        "Content-Type": [
          "application/json; charset=utf-8"
        ],
        "Expires": [
          "-1"
        ],
        "Pragma": [
          "no-cache"
        ],
        "Strict-Transport-Security": [
          "max-age=31536000; includeSubDomains"
        ],
        "x-ms-served-by": [
          "b29f529d-f399-4b9b-9527-29304a99d6e9_131315529026058009"
        ],
        "x-ms-request-id": [
          "e8d42ebd-7b27-4cb8-9b28-d9415b88ad9f"
        ],
        "Cache-Control": [
          "no-cache"
        ],
        "Server": [
          "Microsoft-HTTPAPI/2.0",
          "Microsoft-HTTPAPI/2.0"
        ],
        "x-ms-ratelimit-remaining-subscription-reads": [
          "14990"
        ],
        "x-ms-correlation-request-id": [
          "d7caefbd-b016-436e-a006-ba9951a5f340"
        ],
        "x-ms-routing-request-id": [
          "WESTUS:20170511T191214Z:d7caefbd-b016-436e-a006-ba9951a5f340"
        ],
        "Date": [
          "Thu, 11 May 2017 19:12:14 GMT"
        ]
      },
      "StatusCode": 200
    },
    {
      "RequestUri": "/subscriptions/97f78232-382b-46a7-8a72-964d692c4f3f/providers/Microsoft.Compute/locations/southeastasia/operations/1e1099ad-94c5-44bd-b6fb-acdfa03e2ae5?api-version=2017-03-30",
      "EncodedRequestUri": "L3N1YnNjcmlwdGlvbnMvOTdmNzgyMzItMzgyYi00NmE3LThhNzItOTY0ZDY5MmM0ZjNmL3Byb3ZpZGVycy9NaWNyb3NvZnQuQ29tcHV0ZS9sb2NhdGlvbnMvc291dGhlYXN0YXNpYS9vcGVyYXRpb25zLzFlMTA5OWFkLTk0YzUtNDRiZC1iNmZiLWFjZGZhMDNlMmFlNT9hcGktdmVyc2lvbj0yMDE3LTAzLTMw",
      "RequestMethod": "GET",
      "RequestBody": "",
      "RequestHeaders": {
        "User-Agent": [
          "FxVersion/4.6.1637.0",
          "OSName/Windows_10_Enterprise",
          "OSVersion/6.3.14393",
          "Microsoft.Azure.Management.Compute.ComputeManagementClient/1.0.506.0"
        ]
      },
      "ResponseBody": "{\r\n  \"startTime\": \"2017-05-11T12:07:37.8936175-07:00\",\r\n  \"status\": \"InProgress\",\r\n  \"name\": \"1e1099ad-94c5-44bd-b6fb-acdfa03e2ae5\"\r\n}",
      "ResponseHeaders": {
        "Content-Length": [
          "134"
        ],
        "Content-Type": [
          "application/json; charset=utf-8"
        ],
        "Expires": [
          "-1"
        ],
        "Pragma": [
          "no-cache"
        ],
        "Strict-Transport-Security": [
          "max-age=31536000; includeSubDomains"
        ],
        "x-ms-served-by": [
          "b29f529d-f399-4b9b-9527-29304a99d6e9_131315529026058009"
        ],
        "x-ms-request-id": [
          "ff88532f-5e1d-4ba6-9c19-da3a42e4235a"
        ],
        "Cache-Control": [
          "no-cache"
        ],
        "Server": [
          "Microsoft-HTTPAPI/2.0",
          "Microsoft-HTTPAPI/2.0"
        ],
        "x-ms-ratelimit-remaining-subscription-reads": [
          "14989"
        ],
        "x-ms-correlation-request-id": [
          "15586126-466e-4a88-8184-e6f4488bc4c2"
        ],
        "x-ms-routing-request-id": [
          "WESTUS:20170511T191244Z:15586126-466e-4a88-8184-e6f4488bc4c2"
        ],
        "Date": [
          "Thu, 11 May 2017 19:12:44 GMT"
        ]
      },
      "StatusCode": 200
    },
    {
      "RequestUri": "/subscriptions/97f78232-382b-46a7-8a72-964d692c4f3f/providers/Microsoft.Compute/locations/southeastasia/operations/1e1099ad-94c5-44bd-b6fb-acdfa03e2ae5?api-version=2017-03-30",
      "EncodedRequestUri": "L3N1YnNjcmlwdGlvbnMvOTdmNzgyMzItMzgyYi00NmE3LThhNzItOTY0ZDY5MmM0ZjNmL3Byb3ZpZGVycy9NaWNyb3NvZnQuQ29tcHV0ZS9sb2NhdGlvbnMvc291dGhlYXN0YXNpYS9vcGVyYXRpb25zLzFlMTA5OWFkLTk0YzUtNDRiZC1iNmZiLWFjZGZhMDNlMmFlNT9hcGktdmVyc2lvbj0yMDE3LTAzLTMw",
      "RequestMethod": "GET",
      "RequestBody": "",
      "RequestHeaders": {
        "User-Agent": [
          "FxVersion/4.6.1637.0",
          "OSName/Windows_10_Enterprise",
          "OSVersion/6.3.14393",
          "Microsoft.Azure.Management.Compute.ComputeManagementClient/1.0.506.0"
        ]
      },
      "ResponseBody": "{\r\n  \"startTime\": \"2017-05-11T12:07:37.8936175-07:00\",\r\n  \"status\": \"InProgress\",\r\n  \"name\": \"1e1099ad-94c5-44bd-b6fb-acdfa03e2ae5\"\r\n}",
      "ResponseHeaders": {
        "Content-Length": [
          "134"
        ],
        "Content-Type": [
          "application/json; charset=utf-8"
        ],
        "Expires": [
          "-1"
        ],
        "Pragma": [
          "no-cache"
        ],
        "Strict-Transport-Security": [
          "max-age=31536000; includeSubDomains"
        ],
        "x-ms-served-by": [
          "b29f529d-f399-4b9b-9527-29304a99d6e9_131315529026058009"
        ],
        "x-ms-request-id": [
          "fc9562b2-60d5-426a-aa41-15542797ba0b"
        ],
        "Cache-Control": [
          "no-cache"
        ],
        "Server": [
          "Microsoft-HTTPAPI/2.0",
          "Microsoft-HTTPAPI/2.0"
        ],
        "x-ms-ratelimit-remaining-subscription-reads": [
          "14988"
        ],
        "x-ms-correlation-request-id": [
          "413b1221-25e8-4be7-9a88-72b911d98e10"
        ],
        "x-ms-routing-request-id": [
          "WESTUS:20170511T191314Z:413b1221-25e8-4be7-9a88-72b911d98e10"
        ],
        "Date": [
          "Thu, 11 May 2017 19:13:14 GMT"
        ]
      },
      "StatusCode": 200
    },
    {
      "RequestUri": "/subscriptions/97f78232-382b-46a7-8a72-964d692c4f3f/providers/Microsoft.Compute/locations/southeastasia/operations/1e1099ad-94c5-44bd-b6fb-acdfa03e2ae5?api-version=2017-03-30",
      "EncodedRequestUri": "L3N1YnNjcmlwdGlvbnMvOTdmNzgyMzItMzgyYi00NmE3LThhNzItOTY0ZDY5MmM0ZjNmL3Byb3ZpZGVycy9NaWNyb3NvZnQuQ29tcHV0ZS9sb2NhdGlvbnMvc291dGhlYXN0YXNpYS9vcGVyYXRpb25zLzFlMTA5OWFkLTk0YzUtNDRiZC1iNmZiLWFjZGZhMDNlMmFlNT9hcGktdmVyc2lvbj0yMDE3LTAzLTMw",
      "RequestMethod": "GET",
      "RequestBody": "",
      "RequestHeaders": {
        "User-Agent": [
          "FxVersion/4.6.1637.0",
          "OSName/Windows_10_Enterprise",
          "OSVersion/6.3.14393",
          "Microsoft.Azure.Management.Compute.ComputeManagementClient/1.0.506.0"
        ]
      },
      "ResponseBody": "{\r\n  \"startTime\": \"2017-05-11T12:07:37.8936175-07:00\",\r\n  \"status\": \"InProgress\",\r\n  \"name\": \"1e1099ad-94c5-44bd-b6fb-acdfa03e2ae5\"\r\n}",
      "ResponseHeaders": {
        "Content-Length": [
          "134"
        ],
        "Content-Type": [
          "application/json; charset=utf-8"
        ],
        "Expires": [
          "-1"
        ],
        "Pragma": [
          "no-cache"
        ],
        "Strict-Transport-Security": [
          "max-age=31536000; includeSubDomains"
        ],
        "x-ms-served-by": [
          "b29f529d-f399-4b9b-9527-29304a99d6e9_131315529026058009"
        ],
        "x-ms-request-id": [
          "efa4dd3f-644a-4b78-8370-f5d2301921c5"
        ],
        "Cache-Control": [
          "no-cache"
        ],
        "Server": [
          "Microsoft-HTTPAPI/2.0",
          "Microsoft-HTTPAPI/2.0"
        ],
        "x-ms-ratelimit-remaining-subscription-reads": [
          "14987"
        ],
        "x-ms-correlation-request-id": [
          "dd86a4fc-72c5-4d21-807e-0fab334be27b"
        ],
        "x-ms-routing-request-id": [
          "WESTUS:20170511T191345Z:dd86a4fc-72c5-4d21-807e-0fab334be27b"
        ],
        "Date": [
          "Thu, 11 May 2017 19:13:44 GMT"
        ]
      },
      "StatusCode": 200
    },
    {
      "RequestUri": "/subscriptions/97f78232-382b-46a7-8a72-964d692c4f3f/providers/Microsoft.Compute/locations/southeastasia/operations/1e1099ad-94c5-44bd-b6fb-acdfa03e2ae5?api-version=2017-03-30",
      "EncodedRequestUri": "L3N1YnNjcmlwdGlvbnMvOTdmNzgyMzItMzgyYi00NmE3LThhNzItOTY0ZDY5MmM0ZjNmL3Byb3ZpZGVycy9NaWNyb3NvZnQuQ29tcHV0ZS9sb2NhdGlvbnMvc291dGhlYXN0YXNpYS9vcGVyYXRpb25zLzFlMTA5OWFkLTk0YzUtNDRiZC1iNmZiLWFjZGZhMDNlMmFlNT9hcGktdmVyc2lvbj0yMDE3LTAzLTMw",
      "RequestMethod": "GET",
      "RequestBody": "",
      "RequestHeaders": {
        "User-Agent": [
          "FxVersion/4.6.1637.0",
          "OSName/Windows_10_Enterprise",
          "OSVersion/6.3.14393",
          "Microsoft.Azure.Management.Compute.ComputeManagementClient/1.0.506.0"
        ]
      },
      "ResponseBody": "{\r\n  \"startTime\": \"2017-05-11T12:07:37.8936175-07:00\",\r\n  \"status\": \"InProgress\",\r\n  \"name\": \"1e1099ad-94c5-44bd-b6fb-acdfa03e2ae5\"\r\n}",
      "ResponseHeaders": {
        "Content-Length": [
          "134"
        ],
        "Content-Type": [
          "application/json; charset=utf-8"
        ],
        "Expires": [
          "-1"
        ],
        "Pragma": [
          "no-cache"
        ],
        "Strict-Transport-Security": [
          "max-age=31536000; includeSubDomains"
        ],
        "x-ms-served-by": [
          "b29f529d-f399-4b9b-9527-29304a99d6e9_131315529026058009"
        ],
        "x-ms-request-id": [
          "2b97c87c-0c59-4ac0-baf6-6ffad2c5db8c"
        ],
        "Cache-Control": [
          "no-cache"
        ],
        "Server": [
          "Microsoft-HTTPAPI/2.0",
          "Microsoft-HTTPAPI/2.0"
        ],
        "x-ms-ratelimit-remaining-subscription-reads": [
          "14986"
        ],
        "x-ms-correlation-request-id": [
          "33d7b141-fd7a-49de-84ef-1d921120ed48"
        ],
        "x-ms-routing-request-id": [
          "WESTUS:20170511T191415Z:33d7b141-fd7a-49de-84ef-1d921120ed48"
        ],
        "Date": [
          "Thu, 11 May 2017 19:14:14 GMT"
        ]
      },
      "StatusCode": 200
    },
    {
      "RequestUri": "/subscriptions/97f78232-382b-46a7-8a72-964d692c4f3f/providers/Microsoft.Compute/locations/southeastasia/operations/1e1099ad-94c5-44bd-b6fb-acdfa03e2ae5?api-version=2017-03-30",
      "EncodedRequestUri": "L3N1YnNjcmlwdGlvbnMvOTdmNzgyMzItMzgyYi00NmE3LThhNzItOTY0ZDY5MmM0ZjNmL3Byb3ZpZGVycy9NaWNyb3NvZnQuQ29tcHV0ZS9sb2NhdGlvbnMvc291dGhlYXN0YXNpYS9vcGVyYXRpb25zLzFlMTA5OWFkLTk0YzUtNDRiZC1iNmZiLWFjZGZhMDNlMmFlNT9hcGktdmVyc2lvbj0yMDE3LTAzLTMw",
      "RequestMethod": "GET",
      "RequestBody": "",
      "RequestHeaders": {
        "User-Agent": [
          "FxVersion/4.6.1637.0",
          "OSName/Windows_10_Enterprise",
          "OSVersion/6.3.14393",
          "Microsoft.Azure.Management.Compute.ComputeManagementClient/1.0.506.0"
        ]
      },
      "ResponseBody": "{\r\n  \"startTime\": \"2017-05-11T12:07:37.8936175-07:00\",\r\n  \"status\": \"InProgress\",\r\n  \"name\": \"1e1099ad-94c5-44bd-b6fb-acdfa03e2ae5\"\r\n}",
      "ResponseHeaders": {
        "Content-Length": [
          "134"
        ],
        "Content-Type": [
          "application/json; charset=utf-8"
        ],
        "Expires": [
          "-1"
        ],
        "Pragma": [
          "no-cache"
        ],
        "Strict-Transport-Security": [
          "max-age=31536000; includeSubDomains"
        ],
        "x-ms-served-by": [
          "b29f529d-f399-4b9b-9527-29304a99d6e9_131315529026058009"
        ],
        "x-ms-request-id": [
          "80b31a8d-aea7-4ba6-b52b-4c39827d6639"
        ],
        "Cache-Control": [
          "no-cache"
        ],
        "Server": [
          "Microsoft-HTTPAPI/2.0",
          "Microsoft-HTTPAPI/2.0"
        ],
        "x-ms-ratelimit-remaining-subscription-reads": [
          "14985"
        ],
        "x-ms-correlation-request-id": [
          "2019d524-3d0e-4ff8-837e-56188cfc6681"
        ],
        "x-ms-routing-request-id": [
          "WESTUS:20170511T191445Z:2019d524-3d0e-4ff8-837e-56188cfc6681"
        ],
        "Date": [
          "Thu, 11 May 2017 19:14:44 GMT"
        ]
      },
      "StatusCode": 200
    },
    {
      "RequestUri": "/subscriptions/97f78232-382b-46a7-8a72-964d692c4f3f/providers/Microsoft.Compute/locations/southeastasia/operations/1e1099ad-94c5-44bd-b6fb-acdfa03e2ae5?api-version=2017-03-30",
      "EncodedRequestUri": "L3N1YnNjcmlwdGlvbnMvOTdmNzgyMzItMzgyYi00NmE3LThhNzItOTY0ZDY5MmM0ZjNmL3Byb3ZpZGVycy9NaWNyb3NvZnQuQ29tcHV0ZS9sb2NhdGlvbnMvc291dGhlYXN0YXNpYS9vcGVyYXRpb25zLzFlMTA5OWFkLTk0YzUtNDRiZC1iNmZiLWFjZGZhMDNlMmFlNT9hcGktdmVyc2lvbj0yMDE3LTAzLTMw",
      "RequestMethod": "GET",
      "RequestBody": "",
      "RequestHeaders": {
        "User-Agent": [
          "FxVersion/4.6.1637.0",
          "OSName/Windows_10_Enterprise",
          "OSVersion/6.3.14393",
          "Microsoft.Azure.Management.Compute.ComputeManagementClient/1.0.506.0"
        ]
      },
      "ResponseBody": "{\r\n  \"startTime\": \"2017-05-11T12:07:37.8936175-07:00\",\r\n  \"status\": \"InProgress\",\r\n  \"name\": \"1e1099ad-94c5-44bd-b6fb-acdfa03e2ae5\"\r\n}",
      "ResponseHeaders": {
        "Content-Length": [
          "134"
        ],
        "Content-Type": [
          "application/json; charset=utf-8"
        ],
        "Expires": [
          "-1"
        ],
        "Pragma": [
          "no-cache"
        ],
        "Strict-Transport-Security": [
          "max-age=31536000; includeSubDomains"
        ],
        "x-ms-served-by": [
          "b29f529d-f399-4b9b-9527-29304a99d6e9_131315529026058009"
        ],
        "x-ms-request-id": [
          "3a422a56-af68-4118-9584-eed87bb45a35"
        ],
        "Cache-Control": [
          "no-cache"
        ],
        "Server": [
          "Microsoft-HTTPAPI/2.0",
          "Microsoft-HTTPAPI/2.0"
        ],
        "x-ms-ratelimit-remaining-subscription-reads": [
          "14984"
        ],
        "x-ms-correlation-request-id": [
          "1306cde9-818a-4aa8-a74f-df12d0552c08"
        ],
        "x-ms-routing-request-id": [
          "WESTUS:20170511T191515Z:1306cde9-818a-4aa8-a74f-df12d0552c08"
        ],
        "Date": [
          "Thu, 11 May 2017 19:15:15 GMT"
        ]
      },
      "StatusCode": 200
    },
    {
      "RequestUri": "/subscriptions/97f78232-382b-46a7-8a72-964d692c4f3f/providers/Microsoft.Compute/locations/southeastasia/operations/1e1099ad-94c5-44bd-b6fb-acdfa03e2ae5?api-version=2017-03-30",
      "EncodedRequestUri": "L3N1YnNjcmlwdGlvbnMvOTdmNzgyMzItMzgyYi00NmE3LThhNzItOTY0ZDY5MmM0ZjNmL3Byb3ZpZGVycy9NaWNyb3NvZnQuQ29tcHV0ZS9sb2NhdGlvbnMvc291dGhlYXN0YXNpYS9vcGVyYXRpb25zLzFlMTA5OWFkLTk0YzUtNDRiZC1iNmZiLWFjZGZhMDNlMmFlNT9hcGktdmVyc2lvbj0yMDE3LTAzLTMw",
      "RequestMethod": "GET",
      "RequestBody": "",
      "RequestHeaders": {
        "User-Agent": [
          "FxVersion/4.6.1637.0",
          "OSName/Windows_10_Enterprise",
          "OSVersion/6.3.14393",
          "Microsoft.Azure.Management.Compute.ComputeManagementClient/1.0.506.0"
        ]
      },
      "ResponseBody": "{\r\n  \"startTime\": \"2017-05-11T12:07:37.8936175-07:00\",\r\n  \"status\": \"InProgress\",\r\n  \"name\": \"1e1099ad-94c5-44bd-b6fb-acdfa03e2ae5\"\r\n}",
      "ResponseHeaders": {
        "Content-Length": [
          "134"
        ],
        "Content-Type": [
          "application/json; charset=utf-8"
        ],
        "Expires": [
          "-1"
        ],
        "Pragma": [
          "no-cache"
        ],
        "Strict-Transport-Security": [
          "max-age=31536000; includeSubDomains"
        ],
        "x-ms-served-by": [
          "b29f529d-f399-4b9b-9527-29304a99d6e9_131315529026058009"
        ],
        "x-ms-request-id": [
          "3cbcbf9c-10ee-40fb-9413-5c527e22c679"
        ],
        "Cache-Control": [
          "no-cache"
        ],
        "Server": [
          "Microsoft-HTTPAPI/2.0",
          "Microsoft-HTTPAPI/2.0"
        ],
        "x-ms-ratelimit-remaining-subscription-reads": [
          "14983"
        ],
        "x-ms-correlation-request-id": [
          "b1260e16-99fc-49fd-a49f-2e74b64e3fea"
        ],
        "x-ms-routing-request-id": [
          "WESTUS:20170511T191545Z:b1260e16-99fc-49fd-a49f-2e74b64e3fea"
        ],
        "Date": [
          "Thu, 11 May 2017 19:15:45 GMT"
        ]
      },
      "StatusCode": 200
    },
    {
      "RequestUri": "/subscriptions/97f78232-382b-46a7-8a72-964d692c4f3f/providers/Microsoft.Compute/locations/southeastasia/operations/1e1099ad-94c5-44bd-b6fb-acdfa03e2ae5?api-version=2017-03-30",
      "EncodedRequestUri": "L3N1YnNjcmlwdGlvbnMvOTdmNzgyMzItMzgyYi00NmE3LThhNzItOTY0ZDY5MmM0ZjNmL3Byb3ZpZGVycy9NaWNyb3NvZnQuQ29tcHV0ZS9sb2NhdGlvbnMvc291dGhlYXN0YXNpYS9vcGVyYXRpb25zLzFlMTA5OWFkLTk0YzUtNDRiZC1iNmZiLWFjZGZhMDNlMmFlNT9hcGktdmVyc2lvbj0yMDE3LTAzLTMw",
      "RequestMethod": "GET",
      "RequestBody": "",
      "RequestHeaders": {
        "User-Agent": [
          "FxVersion/4.6.1637.0",
          "OSName/Windows_10_Enterprise",
          "OSVersion/6.3.14393",
          "Microsoft.Azure.Management.Compute.ComputeManagementClient/1.0.506.0"
        ]
      },
      "ResponseBody": "{\r\n  \"startTime\": \"2017-05-11T12:07:37.8936175-07:00\",\r\n  \"endTime\": \"2017-05-11T12:15:54.6942706-07:00\",\r\n  \"status\": \"Succeeded\",\r\n  \"name\": \"1e1099ad-94c5-44bd-b6fb-acdfa03e2ae5\"\r\n}",
      "ResponseHeaders": {
        "Content-Length": [
          "184"
        ],
        "Content-Type": [
          "application/json; charset=utf-8"
        ],
        "Expires": [
          "-1"
        ],
        "Pragma": [
          "no-cache"
        ],
        "Strict-Transport-Security": [
          "max-age=31536000; includeSubDomains"
        ],
        "x-ms-served-by": [
          "b29f529d-f399-4b9b-9527-29304a99d6e9_131315529026058009"
        ],
        "x-ms-request-id": [
          "b4b1c5dc-1344-4e04-a3c6-f6ca54ace607"
        ],
        "Cache-Control": [
          "no-cache"
        ],
        "Server": [
          "Microsoft-HTTPAPI/2.0",
          "Microsoft-HTTPAPI/2.0"
        ],
        "x-ms-ratelimit-remaining-subscription-reads": [
          "14982"
        ],
        "x-ms-correlation-request-id": [
          "4d1bedda-f94b-4073-8117-7fec850b676b"
        ],
        "x-ms-routing-request-id": [
          "WESTUS:20170511T191616Z:4d1bedda-f94b-4073-8117-7fec850b676b"
        ],
        "Date": [
          "Thu, 11 May 2017 19:16:15 GMT"
        ]
      },
      "StatusCode": 200
    },
    {
      "RequestUri": "/subscriptions/97f78232-382b-46a7-8a72-964d692c4f3f/resourceGroups/crptestar55161/providers/Microsoft.Compute/virtualMachineScaleSets/vmss2859?api-version=2017-03-30",
      "EncodedRequestUri": "L3N1YnNjcmlwdGlvbnMvOTdmNzgyMzItMzgyYi00NmE3LThhNzItOTY0ZDY5MmM0ZjNmL3Jlc291cmNlR3JvdXBzL2NycHRlc3RhcjU1MTYxL3Byb3ZpZGVycy9NaWNyb3NvZnQuQ29tcHV0ZS92aXJ0dWFsTWFjaGluZVNjYWxlU2V0cy92bXNzMjg1OT9hcGktdmVyc2lvbj0yMDE3LTAzLTMw",
      "RequestMethod": "GET",
      "RequestBody": "",
      "RequestHeaders": {
        "User-Agent": [
          "FxVersion/4.6.1637.0",
          "OSName/Windows_10_Enterprise",
          "OSVersion/6.3.14393",
          "Microsoft.Azure.Management.Compute.ComputeManagementClient/1.0.506.0"
        ]
      },
      "ResponseBody": "{\r\n  \"sku\": {\r\n    \"name\": \"Standard_A0\",\r\n    \"tier\": \"Standard\",\r\n    \"capacity\": 2\r\n  },\r\n  \"properties\": {\r\n    \"singlePlacementGroup\": true,\r\n    \"upgradePolicy\": {\r\n      \"mode\": \"Automatic\"\r\n    },\r\n    \"virtualMachineProfile\": {\r\n      \"osProfile\": {\r\n        \"computerNamePrefix\": \"test\",\r\n        \"adminUsername\": \"Foo12\",\r\n        \"windowsConfiguration\": {\r\n          \"provisionVMAgent\": true,\r\n          \"enableAutomaticUpdates\": true\r\n        },\r\n        \"secrets\": []\r\n      },\r\n      \"storageProfile\": {\r\n        \"osDisk\": {\r\n          \"createOption\": \"FromImage\",\r\n          \"caching\": \"None\",\r\n          \"managedDisk\": {\r\n            \"storageAccountType\": \"Standard_LRS\"\r\n          }\r\n        },\r\n        \"imageReference\": {\r\n          \"publisher\": \"MicrosoftWindowsServer\",\r\n          \"offer\": \"WindowsServer\",\r\n          \"sku\": \"2012-R2-Datacenter\",\r\n          \"version\": \"4.0.20160617\"\r\n        },\r\n        \"dataDisks\": [\r\n          {\r\n            \"lun\": 1,\r\n            \"createOption\": \"Empty\",\r\n            \"caching\": \"None\",\r\n            \"managedDisk\": {\r\n              \"storageAccountType\": \"Standard_LRS\"\r\n            },\r\n            \"diskSizeGB\": 128\r\n          }\r\n        ]\r\n      },\r\n      \"networkProfile\": {\r\n        \"networkInterfaceConfigurations\": [\r\n          {\r\n            \"name\": \"vmsstestnetconfig1996\",\r\n            \"properties\": {\r\n              \"primary\": true,\r\n              \"enableAcceleratedNetworking\": false,\r\n              \"dnsSettings\": {\r\n                \"dnsServers\": []\r\n              },\r\n              \"ipConfigurations\": [\r\n                {\r\n                  \"name\": \"vmsstestnetconfig3962\",\r\n                  \"properties\": {\r\n                    \"subnet\": {\r\n                      \"id\": \"/subscriptions/97f78232-382b-46a7-8a72-964d692c4f3f/resourceGroups/crptestar55161/providers/Microsoft.Network/virtualNetworks/vn487/subnets/sn1143\"\r\n                    },\r\n                    \"privateIPAddressVersion\": \"IPv4\"\r\n                  }\r\n                }\r\n              ]\r\n            }\r\n          }\r\n        ]\r\n      },\r\n      \"diagnosticsProfile\": {\r\n        \"bootDiagnostics\": {\r\n          \"enabled\": true,\r\n          \"storageUri\": \"https://crptestar6734.blob.core.windows.net/\"\r\n        }\r\n      }\r\n    },\r\n    \"provisioningState\": \"Succeeded\",\r\n    \"overprovision\": false,\r\n    \"uniqueId\": \"5f11e972-263a-40d9-ba5e-1d2857e5a85d\"\r\n  },\r\n  \"type\": \"Microsoft.Compute/virtualMachineScaleSets\",\r\n  \"location\": \"southeastasia\",\r\n  \"tags\": {\r\n    \"RG\": \"rg\",\r\n    \"testTag\": \"1\"\r\n  },\r\n  \"id\": \"/subscriptions/97f78232-382b-46a7-8a72-964d692c4f3f/resourceGroups/crptestar55161/providers/Microsoft.Compute/virtualMachineScaleSets/vmss2859\",\r\n  \"name\": \"vmss2859\"\r\n}",
      "ResponseHeaders": {
        "Content-Length": [
          "2314"
        ],
        "Content-Type": [
          "application/json; charset=utf-8"
        ],
        "Expires": [
          "-1"
        ],
        "Pragma": [
          "no-cache"
        ],
        "Strict-Transport-Security": [
          "max-age=31536000; includeSubDomains"
        ],
        "x-ms-served-by": [
          "b29f529d-f399-4b9b-9527-29304a99d6e9_131315529026058009"
        ],
        "x-ms-request-id": [
          "d97cf1bb-f6d4-4787-b58d-33a8e7f6e972"
        ],
        "Cache-Control": [
          "no-cache"
        ],
        "Server": [
          "Microsoft-HTTPAPI/2.0",
          "Microsoft-HTTPAPI/2.0"
        ],
        "x-ms-ratelimit-remaining-subscription-reads": [
          "14981"
        ],
        "x-ms-correlation-request-id": [
          "38c096f5-21d6-4a7a-b392-c45deeee68e7"
        ],
        "x-ms-routing-request-id": [
          "WESTUS:20170511T191616Z:38c096f5-21d6-4a7a-b392-c45deeee68e7"
        ],
        "Date": [
          "Thu, 11 May 2017 19:16:16 GMT"
        ]
      },
      "StatusCode": 200
    },
    {
      "RequestUri": "/subscriptions/97f78232-382b-46a7-8a72-964d692c4f3f/resourceGroups/crptestar55161/providers/Microsoft.Compute/virtualMachineScaleSets/vmss2859?api-version=2017-03-30",
      "EncodedRequestUri": "L3N1YnNjcmlwdGlvbnMvOTdmNzgyMzItMzgyYi00NmE3LThhNzItOTY0ZDY5MmM0ZjNmL3Jlc291cmNlR3JvdXBzL2NycHRlc3RhcjU1MTYxL3Byb3ZpZGVycy9NaWNyb3NvZnQuQ29tcHV0ZS92aXJ0dWFsTWFjaGluZVNjYWxlU2V0cy92bXNzMjg1OT9hcGktdmVyc2lvbj0yMDE3LTAzLTMw",
      "RequestMethod": "GET",
      "RequestBody": "",
      "RequestHeaders": {
        "x-ms-client-request-id": [
          "17971290-0dd4-45de-8885-a79d5f3dc7f2"
        ],
        "accept-language": [
          "en-US"
        ],
        "User-Agent": [
          "FxVersion/4.6.1637.0",
          "OSName/Windows_10_Enterprise",
          "OSVersion/6.3.14393",
          "Microsoft.Azure.Management.Compute.ComputeManagementClient/1.0.506.0"
        ]
      },
      "ResponseBody": "{\r\n  \"sku\": {\r\n    \"name\": \"Standard_A0\",\r\n    \"tier\": \"Standard\",\r\n    \"capacity\": 2\r\n  },\r\n  \"properties\": {\r\n    \"singlePlacementGroup\": true,\r\n    \"upgradePolicy\": {\r\n      \"mode\": \"Automatic\"\r\n    },\r\n    \"virtualMachineProfile\": {\r\n      \"osProfile\": {\r\n        \"computerNamePrefix\": \"test\",\r\n        \"adminUsername\": \"Foo12\",\r\n        \"windowsConfiguration\": {\r\n          \"provisionVMAgent\": true,\r\n          \"enableAutomaticUpdates\": true\r\n        },\r\n        \"secrets\": []\r\n      },\r\n      \"storageProfile\": {\r\n        \"osDisk\": {\r\n          \"createOption\": \"FromImage\",\r\n          \"caching\": \"None\",\r\n          \"managedDisk\": {\r\n            \"storageAccountType\": \"Standard_LRS\"\r\n          }\r\n        },\r\n        \"imageReference\": {\r\n          \"publisher\": \"MicrosoftWindowsServer\",\r\n          \"offer\": \"WindowsServer\",\r\n          \"sku\": \"2012-R2-Datacenter\",\r\n          \"version\": \"4.0.20160617\"\r\n        },\r\n        \"dataDisks\": [\r\n          {\r\n            \"lun\": 1,\r\n            \"createOption\": \"Empty\",\r\n            \"caching\": \"None\",\r\n            \"managedDisk\": {\r\n              \"storageAccountType\": \"Standard_LRS\"\r\n            },\r\n            \"diskSizeGB\": 128\r\n          }\r\n        ]\r\n      },\r\n      \"networkProfile\": {\r\n        \"networkInterfaceConfigurations\": [\r\n          {\r\n            \"name\": \"vmsstestnetconfig1996\",\r\n            \"properties\": {\r\n              \"primary\": true,\r\n              \"enableAcceleratedNetworking\": false,\r\n              \"dnsSettings\": {\r\n                \"dnsServers\": []\r\n              },\r\n              \"ipConfigurations\": [\r\n                {\r\n                  \"name\": \"vmsstestnetconfig3962\",\r\n                  \"properties\": {\r\n                    \"subnet\": {\r\n                      \"id\": \"/subscriptions/97f78232-382b-46a7-8a72-964d692c4f3f/resourceGroups/crptestar55161/providers/Microsoft.Network/virtualNetworks/vn487/subnets/sn1143\"\r\n                    },\r\n                    \"privateIPAddressVersion\": \"IPv4\"\r\n                  }\r\n                }\r\n              ]\r\n            }\r\n          }\r\n        ]\r\n      },\r\n      \"diagnosticsProfile\": {\r\n        \"bootDiagnostics\": {\r\n          \"enabled\": true,\r\n          \"storageUri\": \"https://crptestar6734.blob.core.windows.net/\"\r\n        }\r\n      }\r\n    },\r\n    \"provisioningState\": \"Succeeded\",\r\n    \"overprovision\": false,\r\n    \"uniqueId\": \"5f11e972-263a-40d9-ba5e-1d2857e5a85d\"\r\n  },\r\n  \"type\": \"Microsoft.Compute/virtualMachineScaleSets\",\r\n  \"location\": \"southeastasia\",\r\n  \"tags\": {\r\n    \"RG\": \"rg\",\r\n    \"testTag\": \"1\"\r\n  },\r\n  \"id\": \"/subscriptions/97f78232-382b-46a7-8a72-964d692c4f3f/resourceGroups/crptestar55161/providers/Microsoft.Compute/virtualMachineScaleSets/vmss2859\",\r\n  \"name\": \"vmss2859\"\r\n}",
      "ResponseHeaders": {
        "Content-Length": [
          "2314"
        ],
        "Content-Type": [
          "application/json; charset=utf-8"
        ],
        "Expires": [
          "-1"
        ],
        "Pragma": [
          "no-cache"
        ],
        "Strict-Transport-Security": [
          "max-age=31536000; includeSubDomains"
        ],
        "x-ms-served-by": [
          "b29f529d-f399-4b9b-9527-29304a99d6e9_131315529026058009"
        ],
        "x-ms-request-id": [
          "1ad66545-5f14-4085-930e-7d48f052fdfc"
        ],
        "Cache-Control": [
          "no-cache"
        ],
        "Server": [
          "Microsoft-HTTPAPI/2.0",
          "Microsoft-HTTPAPI/2.0"
        ],
        "x-ms-ratelimit-remaining-subscription-reads": [
          "14980"
        ],
        "x-ms-correlation-request-id": [
          "ae5c2e93-58da-43af-a8fa-83f40e895b11"
        ],
        "x-ms-routing-request-id": [
          "WESTUS:20170511T191617Z:ae5c2e93-58da-43af-a8fa-83f40e895b11"
        ],
        "Date": [
          "Thu, 11 May 2017 19:16:16 GMT"
        ]
      },
      "StatusCode": 200
    },
    {
      "RequestUri": "/subscriptions/97f78232-382b-46a7-8a72-964d692c4f3f/resourceGroups/crptestar55161/providers/Microsoft.Compute/virtualMachineScaleSets/vmss2859?api-version=2017-03-30",
      "EncodedRequestUri": "L3N1YnNjcmlwdGlvbnMvOTdmNzgyMzItMzgyYi00NmE3LThhNzItOTY0ZDY5MmM0ZjNmL3Jlc291cmNlR3JvdXBzL2NycHRlc3RhcjU1MTYxL3Byb3ZpZGVycy9NaWNyb3NvZnQuQ29tcHV0ZS92aXJ0dWFsTWFjaGluZVNjYWxlU2V0cy92bXNzMjg1OT9hcGktdmVyc2lvbj0yMDE3LTAzLTMw",
      "RequestMethod": "GET",
      "RequestBody": "",
      "RequestHeaders": {
        "x-ms-client-request-id": [
          "eabcc800-3134-4fe4-a0fc-7ef1fe2ec58e"
        ],
        "accept-language": [
          "en-US"
        ],
        "User-Agent": [
          "FxVersion/4.6.1637.0",
          "OSName/Windows_10_Enterprise",
          "OSVersion/6.3.14393",
          "Microsoft.Azure.Management.Compute.ComputeManagementClient/1.0.506.0"
        ]
      },
      "ResponseBody": "{\r\n  \"sku\": {\r\n    \"name\": \"Standard_A0\",\r\n    \"tier\": \"Standard\",\r\n    \"capacity\": 2\r\n  },\r\n  \"properties\": {\r\n    \"singlePlacementGroup\": true,\r\n    \"upgradePolicy\": {\r\n      \"mode\": \"Automatic\"\r\n    },\r\n    \"virtualMachineProfile\": {\r\n      \"osProfile\": {\r\n        \"computerNamePrefix\": \"test\",\r\n        \"adminUsername\": \"Foo12\",\r\n        \"windowsConfiguration\": {\r\n          \"provisionVMAgent\": true,\r\n          \"enableAutomaticUpdates\": true\r\n        },\r\n        \"secrets\": []\r\n      },\r\n      \"storageProfile\": {\r\n        \"osDisk\": {\r\n          \"createOption\": \"FromImage\",\r\n          \"caching\": \"None\",\r\n          \"managedDisk\": {\r\n            \"storageAccountType\": \"Standard_LRS\"\r\n          }\r\n        },\r\n        \"imageReference\": {\r\n          \"publisher\": \"MicrosoftWindowsServer\",\r\n          \"offer\": \"WindowsServer\",\r\n          \"sku\": \"2012-R2-Datacenter\",\r\n          \"version\": \"4.0.20160617\"\r\n        },\r\n        \"dataDisks\": [\r\n          {\r\n            \"lun\": 1,\r\n            \"createOption\": \"Empty\",\r\n            \"caching\": \"None\",\r\n            \"managedDisk\": {\r\n              \"storageAccountType\": \"Standard_LRS\"\r\n            },\r\n            \"diskSizeGB\": 128\r\n          }\r\n        ]\r\n      },\r\n      \"networkProfile\": {\r\n        \"networkInterfaceConfigurations\": [\r\n          {\r\n            \"name\": \"vmsstestnetconfig1996\",\r\n            \"properties\": {\r\n              \"primary\": true,\r\n              \"enableAcceleratedNetworking\": false,\r\n              \"dnsSettings\": {\r\n                \"dnsServers\": []\r\n              },\r\n              \"ipConfigurations\": [\r\n                {\r\n                  \"name\": \"vmsstestnetconfig3962\",\r\n                  \"properties\": {\r\n                    \"subnet\": {\r\n                      \"id\": \"/subscriptions/97f78232-382b-46a7-8a72-964d692c4f3f/resourceGroups/crptestar55161/providers/Microsoft.Network/virtualNetworks/vn487/subnets/sn1143\"\r\n                    },\r\n                    \"privateIPAddressVersion\": \"IPv4\"\r\n                  }\r\n                }\r\n              ]\r\n            }\r\n          }\r\n        ]\r\n      },\r\n      \"diagnosticsProfile\": {\r\n        \"bootDiagnostics\": {\r\n          \"enabled\": true,\r\n          \"storageUri\": \"https://crptestar6734.blob.core.windows.net/\"\r\n        }\r\n      }\r\n    },\r\n    \"provisioningState\": \"Succeeded\",\r\n    \"overprovision\": false,\r\n    \"uniqueId\": \"5f11e972-263a-40d9-ba5e-1d2857e5a85d\"\r\n  },\r\n  \"type\": \"Microsoft.Compute/virtualMachineScaleSets\",\r\n  \"location\": \"southeastasia\",\r\n  \"tags\": {\r\n    \"RG\": \"rg\",\r\n    \"testTag\": \"1\"\r\n  },\r\n  \"id\": \"/subscriptions/97f78232-382b-46a7-8a72-964d692c4f3f/resourceGroups/crptestar55161/providers/Microsoft.Compute/virtualMachineScaleSets/vmss2859\",\r\n  \"name\": \"vmss2859\"\r\n}",
      "ResponseHeaders": {
        "Content-Length": [
          "2314"
        ],
        "Content-Type": [
          "application/json; charset=utf-8"
        ],
        "Expires": [
          "-1"
        ],
        "Pragma": [
          "no-cache"
        ],
        "Strict-Transport-Security": [
          "max-age=31536000; includeSubDomains"
        ],
        "x-ms-served-by": [
          "b29f529d-f399-4b9b-9527-29304a99d6e9_131315529026058009"
        ],
        "x-ms-request-id": [
          "7388222a-5c10-46d2-b741-e5129ff9fef0"
        ],
        "Cache-Control": [
          "no-cache"
        ],
        "Server": [
          "Microsoft-HTTPAPI/2.0",
          "Microsoft-HTTPAPI/2.0"
        ],
        "x-ms-ratelimit-remaining-subscription-reads": [
          "14979"
        ],
        "x-ms-correlation-request-id": [
          "f790b99f-aff0-4404-8c10-3ef93709053c"
        ],
        "x-ms-routing-request-id": [
          "WESTUS:20170511T191617Z:f790b99f-aff0-4404-8c10-3ef93709053c"
        ],
        "Date": [
          "Thu, 11 May 2017 19:16:17 GMT"
        ]
      },
      "StatusCode": 200
    },
    {
      "RequestUri": "/subscriptions/97f78232-382b-46a7-8a72-964d692c4f3f/resourcegroups/crptestar55161?api-version=2015-11-01",
      "EncodedRequestUri": "L3N1YnNjcmlwdGlvbnMvOTdmNzgyMzItMzgyYi00NmE3LThhNzItOTY0ZDY5MmM0ZjNmL3Jlc291cmNlZ3JvdXBzL2NycHRlc3RhcjU1MTYxP2FwaS12ZXJzaW9uPTIwMTUtMTEtMDE=",
      "RequestMethod": "DELETE",
      "RequestBody": "",
      "RequestHeaders": {
        "x-ms-client-request-id": [
          "86002827-d2ac-4649-809c-2180306a70a0"
        ],
        "accept-language": [
          "en-US"
        ],
        "User-Agent": [
          "FxVersion/4.6.1637.0",
          "OSName/Windows_10_Enterprise",
          "OSVersion/6.3.14393",
          "Microsoft.Azure.Management.Resources.ResourceManagementClient/3.4.0-preview"
        ]
      },
      "ResponseBody": "",
      "ResponseHeaders": {
        "Content-Length": [
          "0"
        ],
        "Expires": [
          "-1"
        ],
        "Pragma": [
          "no-cache"
        ],
        "Retry-After": [
          "15"
        ],
        "x-ms-ratelimit-remaining-subscription-writes": [
          "1199"
        ],
        "x-ms-request-id": [
          "3db51bdb-a9db-42ba-99ea-97100b37bfb0"
        ],
        "x-ms-correlation-request-id": [
          "3db51bdb-a9db-42ba-99ea-97100b37bfb0"
        ],
        "x-ms-routing-request-id": [
          "WESTUS2:20170511T191621Z:3db51bdb-a9db-42ba-99ea-97100b37bfb0"
        ],
        "Strict-Transport-Security": [
          "max-age=31536000; includeSubDomains"
        ],
        "Cache-Control": [
          "no-cache"
        ],
        "Date": [
          "Thu, 11 May 2017 19:16:20 GMT"
        ],
        "Location": [
          "https://management.azure.com/subscriptions/97f78232-382b-46a7-8a72-964d692c4f3f/operationresults/eyJqb2JJZCI6IlJFU09VUkNFR1JPVVBERUxFVElPTkpPQi1DUlBURVNUQVI1NTE2MS1TT1VUSEVBU1RBU0lBIiwiam9iTG9jYXRpb24iOiJzb3V0aGVhc3Rhc2lhIn0?api-version=2015-11-01"
        ]
      },
      "StatusCode": 202
    },
    {
      "RequestUri": "/subscriptions/97f78232-382b-46a7-8a72-964d692c4f3f/operationresults/eyJqb2JJZCI6IlJFU09VUkNFR1JPVVBERUxFVElPTkpPQi1DUlBURVNUQVI1NTE2MS1TT1VUSEVBU1RBU0lBIiwiam9iTG9jYXRpb24iOiJzb3V0aGVhc3Rhc2lhIn0?api-version=2015-11-01",
      "EncodedRequestUri": "L3N1YnNjcmlwdGlvbnMvOTdmNzgyMzItMzgyYi00NmE3LThhNzItOTY0ZDY5MmM0ZjNmL29wZXJhdGlvbnJlc3VsdHMvZXlKcWIySkpaQ0k2SWxKRlUwOVZVa05GUjFKUFZWQkVSVXhGVkVsUFRrcFBRaTFEVWxCVVJWTlVRVkkxTlRFMk1TMVRUMVZVU0VWQlUxUkJVMGxCSWl3aWFtOWlURzlqWVhScGIyNGlPaUp6YjNWMGFHVmhjM1JoYzJsaEluMD9hcGktdmVyc2lvbj0yMDE1LTExLTAx",
      "RequestMethod": "GET",
      "RequestBody": "",
      "RequestHeaders": {
        "User-Agent": [
          "FxVersion/4.6.1637.0",
          "OSName/Windows_10_Enterprise",
          "OSVersion/6.3.14393",
          "Microsoft.Azure.Management.Resources.ResourceManagementClient/3.4.0-preview"
        ]
      },
      "ResponseBody": "",
      "ResponseHeaders": {
        "Content-Length": [
          "0"
        ],
        "Expires": [
          "-1"
        ],
        "Pragma": [
          "no-cache"
        ],
        "Retry-After": [
          "15"
        ],
        "x-ms-ratelimit-remaining-subscription-reads": [
          "14999"
        ],
        "x-ms-request-id": [
          "88f21ebb-1a0f-42b3-8bf9-890cb0ba0e49"
        ],
        "x-ms-correlation-request-id": [
          "88f21ebb-1a0f-42b3-8bf9-890cb0ba0e49"
        ],
        "x-ms-routing-request-id": [
          "WESTUS2:20170511T191651Z:88f21ebb-1a0f-42b3-8bf9-890cb0ba0e49"
        ],
        "Strict-Transport-Security": [
          "max-age=31536000; includeSubDomains"
        ],
        "Cache-Control": [
          "no-cache"
        ],
        "Date": [
          "Thu, 11 May 2017 19:16:50 GMT"
        ],
        "Location": [
          "https://management.azure.com/subscriptions/97f78232-382b-46a7-8a72-964d692c4f3f/operationresults/eyJqb2JJZCI6IlJFU09VUkNFR1JPVVBERUxFVElPTkpPQi1DUlBURVNUQVI1NTE2MS1TT1VUSEVBU1RBU0lBIiwiam9iTG9jYXRpb24iOiJzb3V0aGVhc3Rhc2lhIn0?api-version=2015-11-01"
        ]
      },
      "StatusCode": 202
    },
    {
      "RequestUri": "/subscriptions/97f78232-382b-46a7-8a72-964d692c4f3f/operationresults/eyJqb2JJZCI6IlJFU09VUkNFR1JPVVBERUxFVElPTkpPQi1DUlBURVNUQVI1NTE2MS1TT1VUSEVBU1RBU0lBIiwiam9iTG9jYXRpb24iOiJzb3V0aGVhc3Rhc2lhIn0?api-version=2015-11-01",
      "EncodedRequestUri": "L3N1YnNjcmlwdGlvbnMvOTdmNzgyMzItMzgyYi00NmE3LThhNzItOTY0ZDY5MmM0ZjNmL29wZXJhdGlvbnJlc3VsdHMvZXlKcWIySkpaQ0k2SWxKRlUwOVZVa05GUjFKUFZWQkVSVXhGVkVsUFRrcFBRaTFEVWxCVVJWTlVRVkkxTlRFMk1TMVRUMVZVU0VWQlUxUkJVMGxCSWl3aWFtOWlURzlqWVhScGIyNGlPaUp6YjNWMGFHVmhjM1JoYzJsaEluMD9hcGktdmVyc2lvbj0yMDE1LTExLTAx",
      "RequestMethod": "GET",
      "RequestBody": "",
      "RequestHeaders": {
        "User-Agent": [
          "FxVersion/4.6.1637.0",
          "OSName/Windows_10_Enterprise",
          "OSVersion/6.3.14393",
          "Microsoft.Azure.Management.Resources.ResourceManagementClient/3.4.0-preview"
        ]
      },
      "ResponseBody": "",
      "ResponseHeaders": {
        "Content-Length": [
          "0"
        ],
        "Expires": [
          "-1"
        ],
        "Pragma": [
          "no-cache"
        ],
        "Retry-After": [
          "15"
        ],
        "x-ms-ratelimit-remaining-subscription-reads": [
          "14998"
        ],
        "x-ms-request-id": [
          "ce9250ec-1d8b-43e9-af0d-13e35f057cc9"
        ],
        "x-ms-correlation-request-id": [
          "ce9250ec-1d8b-43e9-af0d-13e35f057cc9"
        ],
        "x-ms-routing-request-id": [
          "WESTUS2:20170511T191721Z:ce9250ec-1d8b-43e9-af0d-13e35f057cc9"
        ],
        "Strict-Transport-Security": [
          "max-age=31536000; includeSubDomains"
        ],
        "Cache-Control": [
          "no-cache"
        ],
        "Date": [
          "Thu, 11 May 2017 19:17:21 GMT"
        ],
        "Location": [
          "https://management.azure.com/subscriptions/97f78232-382b-46a7-8a72-964d692c4f3f/operationresults/eyJqb2JJZCI6IlJFU09VUkNFR1JPVVBERUxFVElPTkpPQi1DUlBURVNUQVI1NTE2MS1TT1VUSEVBU1RBU0lBIiwiam9iTG9jYXRpb24iOiJzb3V0aGVhc3Rhc2lhIn0?api-version=2015-11-01"
        ]
      },
      "StatusCode": 202
    },
    {
      "RequestUri": "/subscriptions/97f78232-382b-46a7-8a72-964d692c4f3f/operationresults/eyJqb2JJZCI6IlJFU09VUkNFR1JPVVBERUxFVElPTkpPQi1DUlBURVNUQVI1NTE2MS1TT1VUSEVBU1RBU0lBIiwiam9iTG9jYXRpb24iOiJzb3V0aGVhc3Rhc2lhIn0?api-version=2015-11-01",
      "EncodedRequestUri": "L3N1YnNjcmlwdGlvbnMvOTdmNzgyMzItMzgyYi00NmE3LThhNzItOTY0ZDY5MmM0ZjNmL29wZXJhdGlvbnJlc3VsdHMvZXlKcWIySkpaQ0k2SWxKRlUwOVZVa05GUjFKUFZWQkVSVXhGVkVsUFRrcFBRaTFEVWxCVVJWTlVRVkkxTlRFMk1TMVRUMVZVU0VWQlUxUkJVMGxCSWl3aWFtOWlURzlqWVhScGIyNGlPaUp6YjNWMGFHVmhjM1JoYzJsaEluMD9hcGktdmVyc2lvbj0yMDE1LTExLTAx",
      "RequestMethod": "GET",
      "RequestBody": "",
      "RequestHeaders": {
        "User-Agent": [
          "FxVersion/4.6.1637.0",
          "OSName/Windows_10_Enterprise",
          "OSVersion/6.3.14393",
          "Microsoft.Azure.Management.Resources.ResourceManagementClient/3.4.0-preview"
        ]
      },
      "ResponseBody": "",
      "ResponseHeaders": {
        "Content-Length": [
          "0"
        ],
        "Expires": [
          "-1"
        ],
        "Pragma": [
          "no-cache"
        ],
        "Retry-After": [
          "15"
        ],
        "x-ms-ratelimit-remaining-subscription-reads": [
          "14997"
        ],
        "x-ms-request-id": [
          "6b8c29e3-11b0-434a-a8a6-709fbdbb5b98"
        ],
        "x-ms-correlation-request-id": [
          "6b8c29e3-11b0-434a-a8a6-709fbdbb5b98"
        ],
        "x-ms-routing-request-id": [
          "WESTUS2:20170511T191752Z:6b8c29e3-11b0-434a-a8a6-709fbdbb5b98"
        ],
        "Strict-Transport-Security": [
          "max-age=31536000; includeSubDomains"
        ],
        "Cache-Control": [
          "no-cache"
        ],
        "Date": [
          "Thu, 11 May 2017 19:17:51 GMT"
        ],
        "Location": [
          "https://management.azure.com/subscriptions/97f78232-382b-46a7-8a72-964d692c4f3f/operationresults/eyJqb2JJZCI6IlJFU09VUkNFR1JPVVBERUxFVElPTkpPQi1DUlBURVNUQVI1NTE2MS1TT1VUSEVBU1RBU0lBIiwiam9iTG9jYXRpb24iOiJzb3V0aGVhc3Rhc2lhIn0?api-version=2015-11-01"
        ]
      },
      "StatusCode": 202
    },
    {
      "RequestUri": "/subscriptions/97f78232-382b-46a7-8a72-964d692c4f3f/operationresults/eyJqb2JJZCI6IlJFU09VUkNFR1JPVVBERUxFVElPTkpPQi1DUlBURVNUQVI1NTE2MS1TT1VUSEVBU1RBU0lBIiwiam9iTG9jYXRpb24iOiJzb3V0aGVhc3Rhc2lhIn0?api-version=2015-11-01",
      "EncodedRequestUri": "L3N1YnNjcmlwdGlvbnMvOTdmNzgyMzItMzgyYi00NmE3LThhNzItOTY0ZDY5MmM0ZjNmL29wZXJhdGlvbnJlc3VsdHMvZXlKcWIySkpaQ0k2SWxKRlUwOVZVa05GUjFKUFZWQkVSVXhGVkVsUFRrcFBRaTFEVWxCVVJWTlVRVkkxTlRFMk1TMVRUMVZVU0VWQlUxUkJVMGxCSWl3aWFtOWlURzlqWVhScGIyNGlPaUp6YjNWMGFHVmhjM1JoYzJsaEluMD9hcGktdmVyc2lvbj0yMDE1LTExLTAx",
      "RequestMethod": "GET",
      "RequestBody": "",
      "RequestHeaders": {
        "User-Agent": [
          "FxVersion/4.6.1637.0",
          "OSName/Windows_10_Enterprise",
          "OSVersion/6.3.14393",
          "Microsoft.Azure.Management.Resources.ResourceManagementClient/3.4.0-preview"
        ]
      },
      "ResponseBody": "",
      "ResponseHeaders": {
        "Content-Length": [
          "0"
        ],
        "Expires": [
          "-1"
        ],
        "Pragma": [
          "no-cache"
        ],
        "Retry-After": [
          "15"
        ],
        "x-ms-ratelimit-remaining-subscription-reads": [
          "14996"
        ],
        "x-ms-request-id": [
          "a6ba57c6-ab8f-485d-b7a4-81984c701456"
        ],
        "x-ms-correlation-request-id": [
          "a6ba57c6-ab8f-485d-b7a4-81984c701456"
        ],
        "x-ms-routing-request-id": [
          "WESTUS2:20170511T191822Z:a6ba57c6-ab8f-485d-b7a4-81984c701456"
        ],
        "Strict-Transport-Security": [
          "max-age=31536000; includeSubDomains"
        ],
        "Cache-Control": [
          "no-cache"
        ],
        "Date": [
          "Thu, 11 May 2017 19:18:21 GMT"
        ],
        "Location": [
          "https://management.azure.com/subscriptions/97f78232-382b-46a7-8a72-964d692c4f3f/operationresults/eyJqb2JJZCI6IlJFU09VUkNFR1JPVVBERUxFVElPTkpPQi1DUlBURVNUQVI1NTE2MS1TT1VUSEVBU1RBU0lBIiwiam9iTG9jYXRpb24iOiJzb3V0aGVhc3Rhc2lhIn0?api-version=2015-11-01"
        ]
      },
      "StatusCode": 202
    },
    {
      "RequestUri": "/subscriptions/97f78232-382b-46a7-8a72-964d692c4f3f/operationresults/eyJqb2JJZCI6IlJFU09VUkNFR1JPVVBERUxFVElPTkpPQi1DUlBURVNUQVI1NTE2MS1TT1VUSEVBU1RBU0lBIiwiam9iTG9jYXRpb24iOiJzb3V0aGVhc3Rhc2lhIn0?api-version=2015-11-01",
      "EncodedRequestUri": "L3N1YnNjcmlwdGlvbnMvOTdmNzgyMzItMzgyYi00NmE3LThhNzItOTY0ZDY5MmM0ZjNmL29wZXJhdGlvbnJlc3VsdHMvZXlKcWIySkpaQ0k2SWxKRlUwOVZVa05GUjFKUFZWQkVSVXhGVkVsUFRrcFBRaTFEVWxCVVJWTlVRVkkxTlRFMk1TMVRUMVZVU0VWQlUxUkJVMGxCSWl3aWFtOWlURzlqWVhScGIyNGlPaUp6YjNWMGFHVmhjM1JoYzJsaEluMD9hcGktdmVyc2lvbj0yMDE1LTExLTAx",
      "RequestMethod": "GET",
      "RequestBody": "",
      "RequestHeaders": {
        "User-Agent": [
          "FxVersion/4.6.1637.0",
          "OSName/Windows_10_Enterprise",
          "OSVersion/6.3.14393",
          "Microsoft.Azure.Management.Resources.ResourceManagementClient/3.4.0-preview"
        ]
      },
      "ResponseBody": "",
      "ResponseHeaders": {
        "Content-Length": [
          "0"
        ],
        "Expires": [
          "-1"
        ],
        "Pragma": [
          "no-cache"
        ],
        "Retry-After": [
          "15"
        ],
        "x-ms-ratelimit-remaining-subscription-reads": [
          "14995"
        ],
        "x-ms-request-id": [
          "93f351d8-66d3-4937-9927-d000049a03d8"
        ],
        "x-ms-correlation-request-id": [
          "93f351d8-66d3-4937-9927-d000049a03d8"
        ],
        "x-ms-routing-request-id": [
          "WESTUS2:20170511T191852Z:93f351d8-66d3-4937-9927-d000049a03d8"
        ],
        "Strict-Transport-Security": [
          "max-age=31536000; includeSubDomains"
        ],
        "Cache-Control": [
          "no-cache"
        ],
        "Date": [
          "Thu, 11 May 2017 19:18:52 GMT"
        ],
        "Location": [
          "https://management.azure.com/subscriptions/97f78232-382b-46a7-8a72-964d692c4f3f/operationresults/eyJqb2JJZCI6IlJFU09VUkNFR1JPVVBERUxFVElPTkpPQi1DUlBURVNUQVI1NTE2MS1TT1VUSEVBU1RBU0lBIiwiam9iTG9jYXRpb24iOiJzb3V0aGVhc3Rhc2lhIn0?api-version=2015-11-01"
        ]
      },
      "StatusCode": 202
    },
    {
      "RequestUri": "/subscriptions/97f78232-382b-46a7-8a72-964d692c4f3f/operationresults/eyJqb2JJZCI6IlJFU09VUkNFR1JPVVBERUxFVElPTkpPQi1DUlBURVNUQVI1NTE2MS1TT1VUSEVBU1RBU0lBIiwiam9iTG9jYXRpb24iOiJzb3V0aGVhc3Rhc2lhIn0?api-version=2015-11-01",
      "EncodedRequestUri": "L3N1YnNjcmlwdGlvbnMvOTdmNzgyMzItMzgyYi00NmE3LThhNzItOTY0ZDY5MmM0ZjNmL29wZXJhdGlvbnJlc3VsdHMvZXlKcWIySkpaQ0k2SWxKRlUwOVZVa05GUjFKUFZWQkVSVXhGVkVsUFRrcFBRaTFEVWxCVVJWTlVRVkkxTlRFMk1TMVRUMVZVU0VWQlUxUkJVMGxCSWl3aWFtOWlURzlqWVhScGIyNGlPaUp6YjNWMGFHVmhjM1JoYzJsaEluMD9hcGktdmVyc2lvbj0yMDE1LTExLTAx",
      "RequestMethod": "GET",
      "RequestBody": "",
      "RequestHeaders": {
        "User-Agent": [
          "FxVersion/4.6.1637.0",
          "OSName/Windows_10_Enterprise",
          "OSVersion/6.3.14393",
          "Microsoft.Azure.Management.Resources.ResourceManagementClient/3.4.0-preview"
        ]
      },
      "ResponseBody": "",
      "ResponseHeaders": {
        "Content-Length": [
          "0"
        ],
        "Expires": [
          "-1"
        ],
        "Pragma": [
          "no-cache"
        ],
        "Retry-After": [
          "15"
        ],
        "x-ms-ratelimit-remaining-subscription-reads": [
          "14994"
        ],
        "x-ms-request-id": [
          "f400c820-5c6f-4509-b578-5a1323524dac"
        ],
        "x-ms-correlation-request-id": [
          "f400c820-5c6f-4509-b578-5a1323524dac"
        ],
        "x-ms-routing-request-id": [
          "WESTUS2:20170511T191923Z:f400c820-5c6f-4509-b578-5a1323524dac"
        ],
        "Strict-Transport-Security": [
          "max-age=31536000; includeSubDomains"
        ],
        "Cache-Control": [
          "no-cache"
        ],
        "Date": [
          "Thu, 11 May 2017 19:19:22 GMT"
        ],
        "Location": [
          "https://management.azure.com/subscriptions/97f78232-382b-46a7-8a72-964d692c4f3f/operationresults/eyJqb2JJZCI6IlJFU09VUkNFR1JPVVBERUxFVElPTkpPQi1DUlBURVNUQVI1NTE2MS1TT1VUSEVBU1RBU0lBIiwiam9iTG9jYXRpb24iOiJzb3V0aGVhc3Rhc2lhIn0?api-version=2015-11-01"
        ]
      },
      "StatusCode": 202
    },
    {
      "RequestUri": "/subscriptions/97f78232-382b-46a7-8a72-964d692c4f3f/operationresults/eyJqb2JJZCI6IlJFU09VUkNFR1JPVVBERUxFVElPTkpPQi1DUlBURVNUQVI1NTE2MS1TT1VUSEVBU1RBU0lBIiwiam9iTG9jYXRpb24iOiJzb3V0aGVhc3Rhc2lhIn0?api-version=2015-11-01",
      "EncodedRequestUri": "L3N1YnNjcmlwdGlvbnMvOTdmNzgyMzItMzgyYi00NmE3LThhNzItOTY0ZDY5MmM0ZjNmL29wZXJhdGlvbnJlc3VsdHMvZXlKcWIySkpaQ0k2SWxKRlUwOVZVa05GUjFKUFZWQkVSVXhGVkVsUFRrcFBRaTFEVWxCVVJWTlVRVkkxTlRFMk1TMVRUMVZVU0VWQlUxUkJVMGxCSWl3aWFtOWlURzlqWVhScGIyNGlPaUp6YjNWMGFHVmhjM1JoYzJsaEluMD9hcGktdmVyc2lvbj0yMDE1LTExLTAx",
      "RequestMethod": "GET",
      "RequestBody": "",
      "RequestHeaders": {
        "User-Agent": [
          "FxVersion/4.6.1637.0",
          "OSName/Windows_10_Enterprise",
          "OSVersion/6.3.14393",
          "Microsoft.Azure.Management.Resources.ResourceManagementClient/3.4.0-preview"
        ]
      },
      "ResponseBody": "",
      "ResponseHeaders": {
        "Content-Length": [
          "0"
        ],
        "Expires": [
          "-1"
        ],
        "Pragma": [
          "no-cache"
        ],
        "Retry-After": [
          "15"
        ],
        "x-ms-ratelimit-remaining-subscription-reads": [
          "14993"
        ],
        "x-ms-request-id": [
          "984f0c74-ad3d-4c4f-ab50-ac002a64a037"
        ],
        "x-ms-correlation-request-id": [
          "984f0c74-ad3d-4c4f-ab50-ac002a64a037"
        ],
        "x-ms-routing-request-id": [
          "WESTUS2:20170511T191953Z:984f0c74-ad3d-4c4f-ab50-ac002a64a037"
        ],
        "Strict-Transport-Security": [
          "max-age=31536000; includeSubDomains"
        ],
        "Cache-Control": [
          "no-cache"
        ],
        "Date": [
          "Thu, 11 May 2017 19:19:53 GMT"
        ],
        "Location": [
          "https://management.azure.com/subscriptions/97f78232-382b-46a7-8a72-964d692c4f3f/operationresults/eyJqb2JJZCI6IlJFU09VUkNFR1JPVVBERUxFVElPTkpPQi1DUlBURVNUQVI1NTE2MS1TT1VUSEVBU1RBU0lBIiwiam9iTG9jYXRpb24iOiJzb3V0aGVhc3Rhc2lhIn0?api-version=2015-11-01"
        ]
      },
      "StatusCode": 202
    },
    {
      "RequestUri": "/subscriptions/97f78232-382b-46a7-8a72-964d692c4f3f/operationresults/eyJqb2JJZCI6IlJFU09VUkNFR1JPVVBERUxFVElPTkpPQi1DUlBURVNUQVI1NTE2MS1TT1VUSEVBU1RBU0lBIiwiam9iTG9jYXRpb24iOiJzb3V0aGVhc3Rhc2lhIn0?api-version=2015-11-01",
      "EncodedRequestUri": "L3N1YnNjcmlwdGlvbnMvOTdmNzgyMzItMzgyYi00NmE3LThhNzItOTY0ZDY5MmM0ZjNmL29wZXJhdGlvbnJlc3VsdHMvZXlKcWIySkpaQ0k2SWxKRlUwOVZVa05GUjFKUFZWQkVSVXhGVkVsUFRrcFBRaTFEVWxCVVJWTlVRVkkxTlRFMk1TMVRUMVZVU0VWQlUxUkJVMGxCSWl3aWFtOWlURzlqWVhScGIyNGlPaUp6YjNWMGFHVmhjM1JoYzJsaEluMD9hcGktdmVyc2lvbj0yMDE1LTExLTAx",
      "RequestMethod": "GET",
      "RequestBody": "",
      "RequestHeaders": {
        "User-Agent": [
          "FxVersion/4.6.1637.0",
          "OSName/Windows_10_Enterprise",
          "OSVersion/6.3.14393",
          "Microsoft.Azure.Management.Resources.ResourceManagementClient/3.4.0-preview"
        ]
      },
      "ResponseBody": "",
      "ResponseHeaders": {
        "Content-Length": [
          "0"
        ],
        "Expires": [
          "-1"
        ],
        "Pragma": [
          "no-cache"
        ],
        "Retry-After": [
          "15"
        ],
        "x-ms-ratelimit-remaining-subscription-reads": [
          "14992"
        ],
        "x-ms-request-id": [
          "4978d44c-2c83-4100-a555-546cc8f729b6"
        ],
        "x-ms-correlation-request-id": [
          "4978d44c-2c83-4100-a555-546cc8f729b6"
        ],
        "x-ms-routing-request-id": [
          "WESTUS2:20170511T192023Z:4978d44c-2c83-4100-a555-546cc8f729b6"
        ],
        "Strict-Transport-Security": [
          "max-age=31536000; includeSubDomains"
        ],
        "Cache-Control": [
          "no-cache"
        ],
        "Date": [
          "Thu, 11 May 2017 19:20:23 GMT"
        ],
        "Location": [
          "https://management.azure.com/subscriptions/97f78232-382b-46a7-8a72-964d692c4f3f/operationresults/eyJqb2JJZCI6IlJFU09VUkNFR1JPVVBERUxFVElPTkpPQi1DUlBURVNUQVI1NTE2MS1TT1VUSEVBU1RBU0lBIiwiam9iTG9jYXRpb24iOiJzb3V0aGVhc3Rhc2lhIn0?api-version=2015-11-01"
        ]
      },
      "StatusCode": 202
    },
    {
      "RequestUri": "/subscriptions/97f78232-382b-46a7-8a72-964d692c4f3f/operationresults/eyJqb2JJZCI6IlJFU09VUkNFR1JPVVBERUxFVElPTkpPQi1DUlBURVNUQVI1NTE2MS1TT1VUSEVBU1RBU0lBIiwiam9iTG9jYXRpb24iOiJzb3V0aGVhc3Rhc2lhIn0?api-version=2015-11-01",
      "EncodedRequestUri": "L3N1YnNjcmlwdGlvbnMvOTdmNzgyMzItMzgyYi00NmE3LThhNzItOTY0ZDY5MmM0ZjNmL29wZXJhdGlvbnJlc3VsdHMvZXlKcWIySkpaQ0k2SWxKRlUwOVZVa05GUjFKUFZWQkVSVXhGVkVsUFRrcFBRaTFEVWxCVVJWTlVRVkkxTlRFMk1TMVRUMVZVU0VWQlUxUkJVMGxCSWl3aWFtOWlURzlqWVhScGIyNGlPaUp6YjNWMGFHVmhjM1JoYzJsaEluMD9hcGktdmVyc2lvbj0yMDE1LTExLTAx",
      "RequestMethod": "GET",
      "RequestBody": "",
      "RequestHeaders": {
        "User-Agent": [
          "FxVersion/4.6.1637.0",
          "OSName/Windows_10_Enterprise",
          "OSVersion/6.3.14393",
          "Microsoft.Azure.Management.Resources.ResourceManagementClient/3.4.0-preview"
        ]
      },
      "ResponseBody": "",
      "ResponseHeaders": {
        "Content-Length": [
          "0"
        ],
        "Expires": [
          "-1"
        ],
        "Pragma": [
          "no-cache"
        ],
        "x-ms-ratelimit-remaining-subscription-reads": [
          "14991"
        ],
        "x-ms-request-id": [
          "004460e4-7f15-4fa4-b05a-ca44751d4b28"
        ],
        "x-ms-correlation-request-id": [
          "004460e4-7f15-4fa4-b05a-ca44751d4b28"
        ],
        "x-ms-routing-request-id": [
          "WESTUS2:20170511T192054Z:004460e4-7f15-4fa4-b05a-ca44751d4b28"
        ],
        "Strict-Transport-Security": [
          "max-age=31536000; includeSubDomains"
        ],
        "Cache-Control": [
          "no-cache"
        ],
        "Date": [
          "Thu, 11 May 2017 19:20:53 GMT"
        ]
      },
      "StatusCode": 200
    }
  ],
  "Names": {
    "TestVMScaleSetDiagnosticsProfile": [
      "crptestar5516",
      "vmss2859",
      "crptestar6734"
    ],
    "CreatePublicIP": [
      "pip2992",
      "dn9901"
    ],
    "CreateVNET": [
      "vn487",
      "sn1143"
    ],
    "CreateNIC": [
      "nic3462",
      "ip5097"
    ],
    "CreateDefaultVMScaleSetInput": [
      "crptestar5345",
      "vmss9562",
      "vmsstestnetconfig1996",
      "vmsstestnetconfig3962"
    ]
  },
  "Variables": {
    "SubscriptionId": "97f78232-382b-46a7-8a72-964d692c4f3f"
  }
}
