{
  "Entries": [
    {
      "RequestUri": "/subscriptions/b80cf239-2c72-47ab-b309-b26aec4656b1/providers/Microsoft.Search/register?api-version=2016-02-01",
      "EncodedRequestUri": "L3N1YnNjcmlwdGlvbnMvYjgwY2YyMzktMmM3Mi00N2FiLWIzMDktYjI2YWVjNDY1NmIxL3Byb3ZpZGVycy9NaWNyb3NvZnQuU2VhcmNoL3JlZ2lzdGVyP2FwaS12ZXJzaW9uPTIwMTYtMDItMDE=",
      "RequestMethod": "POST",
      "RequestBody": "",
      "RequestHeaders": {
        "x-ms-client-request-id": [
          "545b4a5d-d120-466c-9324-24a2361c41a6"
        ],
        "accept-language": [
          "en-US"
        ],
        "User-Agent": [
          "Microsoft.Azure.Management.ResourceManager.ResourceManagementClient/1.1.1-preview"
        ]
      },
      "ResponseBody": "{\r\n  \"id\": \"/subscriptions/b80cf239-2c72-47ab-b309-b26aec4656b1/providers/Microsoft.Search\",\r\n  \"namespace\": \"Microsoft.Search\",\r\n  \"resourceTypes\": [\r\n    {\r\n      \"resourceType\": \"searchServices\",\r\n      \"locations\": [\r\n        \"West US\"\r\n      ],\r\n      \"apiVersions\": [\r\n        \"2015-08-19\",\r\n        \"2015-02-28\",\r\n        \"2014-07-31-Preview\"\r\n      ],\r\n      \"capabilities\": \"CrossResourceGroupResourceMove, CrossSubscriptionResourceMove\"\r\n    },\r\n    {\r\n      \"resourceType\": \"searchServicesCit\",\r\n      \"locations\": [\r\n        \"West US\"\r\n      ],\r\n      \"apiVersions\": [\r\n        \"2015-08-19\",\r\n        \"2015-02-28\",\r\n        \"2014-07-31-Preview\"\r\n      ],\r\n      \"capabilities\": \"CrossResourceGroupResourceMove, CrossSubscriptionResourceMove\"\r\n    },\r\n    {\r\n      \"resourceType\": \"searchServicesNxt\",\r\n      \"locations\": [\r\n        \"West US\"\r\n      ],\r\n      \"apiVersions\": [\r\n        \"2015-08-19\",\r\n        \"2015-02-28\",\r\n        \"2014-07-31-Preview\"\r\n      ],\r\n      \"capabilities\": \"CrossResourceGroupResourceMove, CrossSubscriptionResourceMove\"\r\n    },\r\n    {\r\n      \"resourceType\": \"searchServicesInt\",\r\n      \"locations\": [\r\n        \"West US\"\r\n      ],\r\n      \"apiVersions\": [\r\n        \"2015-08-19\",\r\n        \"2015-02-28\",\r\n        \"2014-07-31-Preview\"\r\n      ],\r\n      \"capabilities\": \"CrossResourceGroupResourceMove, CrossSubscriptionResourceMove\"\r\n    },\r\n    {\r\n      \"resourceType\": \"searchServicesPpe\",\r\n      \"locations\": [\r\n        \"West US\"\r\n      ],\r\n      \"apiVersions\": [\r\n        \"2015-08-19\",\r\n        \"2015-02-28\",\r\n        \"2014-07-31-Preview\"\r\n      ],\r\n      \"capabilities\": \"CrossResourceGroupResourceMove, CrossSubscriptionResourceMove\"\r\n    },\r\n    {\r\n      \"resourceType\": \"checkServiceNameAvailability\",\r\n      \"locations\": [],\r\n      \"apiVersions\": [\r\n        \"2015-02-28\",\r\n        \"2014-07-31-Preview\"\r\n      ]\r\n    },\r\n    {\r\n      \"resourceType\": \"checkServiceNameAvailabilityCit\",\r\n      \"locations\": [],\r\n      \"apiVersions\": [\r\n        \"2015-02-28\",\r\n        \"2014-07-31-Preview\"\r\n      ]\r\n    },\r\n    {\r\n      \"resourceType\": \"checkServiceNameAvailabilityNxt\",\r\n      \"locations\": [],\r\n      \"apiVersions\": [\r\n        \"2015-02-28\",\r\n        \"2014-07-31-Preview\"\r\n      ]\r\n    },\r\n    {\r\n      \"resourceType\": \"checkServiceNameAvailabilityInt\",\r\n      \"locations\": [],\r\n      \"apiVersions\": [\r\n        \"2015-02-28\",\r\n        \"2014-07-31-Preview\"\r\n      ]\r\n    },\r\n    {\r\n      \"resourceType\": \"checkServiceNameAvailabilityPpe\",\r\n      \"locations\": [],\r\n      \"apiVersions\": [\r\n        \"2015-02-28\",\r\n        \"2014-07-31-Preview\"\r\n      ]\r\n    },\r\n    {\r\n      \"resourceType\": \"checkNameAvailability\",\r\n      \"locations\": [],\r\n      \"apiVersions\": [\r\n        \"2015-08-19\"\r\n      ]\r\n    },\r\n    {\r\n      \"resourceType\": \"checkNameAvailabilityCit\",\r\n      \"locations\": [],\r\n      \"apiVersions\": [\r\n        \"2015-08-19\"\r\n      ]\r\n    },\r\n    {\r\n      \"resourceType\": \"checkNameAvailabilityNxt\",\r\n      \"locations\": [],\r\n      \"apiVersions\": [\r\n        \"2015-08-19\"\r\n      ]\r\n    },\r\n    {\r\n      \"resourceType\": \"checkNameAvailabilityInt\",\r\n      \"locations\": [],\r\n      \"apiVersions\": [\r\n        \"2015-08-19\"\r\n      ]\r\n    },\r\n    {\r\n      \"resourceType\": \"checkNameAvailabilityPpe\",\r\n      \"locations\": [],\r\n      \"apiVersions\": [\r\n        \"2015-08-19\"\r\n      ]\r\n    },\r\n    {\r\n      \"resourceType\": \"operations\",\r\n      \"locations\": [],\r\n      \"apiVersions\": [\r\n        \"2015-08-19\",\r\n        \"2015-02-28\"\r\n      ]\r\n    }\r\n  ],\r\n  \"registrationState\": \"Registered\"\r\n}",
      "ResponseHeaders": {
        "Content-Type": [
          "application/json; charset=utf-8"
        ],
        "Expires": [
          "-1"
        ],
        "Cache-Control": [
          "no-cache"
        ],
        "Date": [
          "Mon, 05 Sep 2016 22:29:32 GMT"
        ],
        "Pragma": [
          "no-cache"
        ],
        "Vary": [
          "Accept-Encoding"
        ],
        "x-ms-ratelimit-remaining-subscription-writes": [
          "1161"
        ],
        "x-ms-request-id": [
          "77c33f71-57b7-429e-9e41-916b79a8b77b"
        ],
        "x-ms-correlation-request-id": [
          "77c33f71-57b7-429e-9e41-916b79a8b77b"
        ],
        "x-ms-routing-request-id": [
          "CENTRALUS:20160905T222933Z:77c33f71-57b7-429e-9e41-916b79a8b77b"
        ],
        "Strict-Transport-Security": [
          "max-age=31536000; includeSubDomains"
        ]
      },
      "StatusCode": 200
    },
    {
      "RequestUri": "/subscriptions/b80cf239-2c72-47ab-b309-b26aec4656b1/resourcegroups/azsmnet4338?api-version=2016-02-01",
      "EncodedRequestUri": "L3N1YnNjcmlwdGlvbnMvYjgwY2YyMzktMmM3Mi00N2FiLWIzMDktYjI2YWVjNDY1NmIxL3Jlc291cmNlZ3JvdXBzL2F6c21uZXQ0MzM4P2FwaS12ZXJzaW9uPTIwMTYtMDItMDE=",
      "RequestMethod": "PUT",
      "RequestBody": "{\r\n  \"location\": \"West US\"\r\n}",
      "RequestHeaders": {
        "Content-Type": [
          "application/json; charset=utf-8"
        ],
        "Content-Length": [
          "29"
        ],
        "x-ms-client-request-id": [
          "a862105c-d10c-4323-b15e-524f691f9557"
        ],
        "accept-language": [
          "en-US"
        ],
        "User-Agent": [
          "Microsoft.Azure.Management.ResourceManager.ResourceManagementClient/1.1.1-preview"
        ]
      },
      "ResponseBody": "{\r\n  \"id\": \"/subscriptions/b80cf239-2c72-47ab-b309-b26aec4656b1/resourceGroups/azsmnet4338\",\r\n  \"name\": \"azsmnet4338\",\r\n  \"location\": \"westus\",\r\n  \"properties\": {\r\n    \"provisioningState\": \"Succeeded\"\r\n  }\r\n}",
      "ResponseHeaders": {
        "Content-Length": [
          "175"
        ],
        "Content-Type": [
          "application/json; charset=utf-8"
        ],
        "Expires": [
          "-1"
        ],
        "Cache-Control": [
          "no-cache"
        ],
        "Date": [
          "Mon, 05 Sep 2016 22:29:32 GMT"
        ],
        "Pragma": [
          "no-cache"
        ],
        "x-ms-ratelimit-remaining-subscription-writes": [
          "1160"
        ],
        "x-ms-request-id": [
          "cfaf44e9-328e-4239-8b28-840e1ed3e22e"
        ],
        "x-ms-correlation-request-id": [
          "cfaf44e9-328e-4239-8b28-840e1ed3e22e"
        ],
        "x-ms-routing-request-id": [
          "CENTRALUS:20160905T222933Z:cfaf44e9-328e-4239-8b28-840e1ed3e22e"
        ],
        "Strict-Transport-Security": [
          "max-age=31536000; includeSubDomains"
        ]
      },
      "StatusCode": 201
    },
    {
      "RequestUri": "/subscriptions/b80cf239-2c72-47ab-b309-b26aec4656b1/resourceGroups/azsmnet4338/providers/Microsoft.Search/searchServices/azs-3946?api-version=2015-02-28",
      "EncodedRequestUri": "L3N1YnNjcmlwdGlvbnMvYjgwY2YyMzktMmM3Mi00N2FiLWIzMDktYjI2YWVjNDY1NmIxL3Jlc291cmNlR3JvdXBzL2F6c21uZXQ0MzM4L3Byb3ZpZGVycy9NaWNyb3NvZnQuU2VhcmNoL3NlYXJjaFNlcnZpY2VzL2F6cy0zOTQ2P2FwaS12ZXJzaW9uPTIwMTUtMDItMjg=",
      "RequestMethod": "PUT",
      "RequestBody": "{\r\n  \"location\": \"West US\",\r\n  \"properties\": {\r\n    \"sku\": {\r\n      \"name\": \"free\"\r\n    }\r\n  }\r\n}",
      "RequestHeaders": {
        "Content-Type": [
          "application/json; charset=utf-8"
        ],
        "Content-Length": [
          "97"
        ],
        "x-ms-client-request-id": [
          "2a9b18cd-3291-4d00-af89-1b342f5e27ea"
        ],
        "accept-language": [
          "en-US"
        ],
        "User-Agent": [
          "Microsoft.Azure.Management.Search.SearchManagementClient/0.9.0-preview"
        ]
      },
      "ResponseBody": "{\r\n  \"id\": \"/subscriptions/b80cf239-2c72-47ab-b309-b26aec4656b1/resourceGroups/azsmnet4338/providers/Microsoft.Search/searchServices/azs-3946\",\r\n  \"name\": \"azs-3946\",\r\n  \"type\": \"Microsoft.Search/searchServices\",\r\n  \"location\": \"West US\",\r\n  \"properties\": {\r\n    \"sku\": {\r\n      \"name\": \"free\"\r\n    },\r\n    \"replicaCount\": 1,\r\n    \"partitionCount\": 1,\r\n    \"status\": \"running\",\r\n    \"statusDetails\": null,\r\n    \"provisioningState\": \"succeeded\",\r\n    \"hostingMode\": \"Default\"\r\n  }\r\n}",
      "ResponseHeaders": {
        "Content-Length": [
          "387"
        ],
        "Content-Type": [
          "application/json; charset=utf-8"
        ],
        "Expires": [
          "-1"
        ],
        "Cache-Control": [
          "no-cache"
        ],
        "Date": [
          "Mon, 05 Sep 2016 22:29:39 GMT"
        ],
        "Pragma": [
          "no-cache"
        ],
        "ETag": [
          "W/\"datetime'2016-09-05T22%3A29%3A39.8814454Z'\""
        ],
        "request-id": [
          "2a9b18cd-3291-4d00-af89-1b342f5e27ea"
        ],
        "elapsed-time": [
          "3624"
        ],
        "Strict-Transport-Security": [
          "max-age=31536000; includeSubDomains"
        ],
        "X-AspNet-Version": [
          "4.0.30319"
        ],
        "x-ms-ratelimit-remaining-subscription-writes": [
          "1158"
        ],
        "x-ms-request-id": [
          "99f502c2-c2dc-40ff-8f76-f680dbcc06ef"
        ],
        "x-ms-correlation-request-id": [
          "99f502c2-c2dc-40ff-8f76-f680dbcc06ef"
        ],
        "x-ms-routing-request-id": [
          "CENTRALUS:20160905T222939Z:99f502c2-c2dc-40ff-8f76-f680dbcc06ef"
        ]
      },
      "StatusCode": 201
    },
    {
      "RequestUri": "/subscriptions/b80cf239-2c72-47ab-b309-b26aec4656b1/resourceGroups/azsmnet4338/providers/Microsoft.Search/searchServices/azs-3946/listAdminKeys?api-version=2015-02-28",
      "EncodedRequestUri": "L3N1YnNjcmlwdGlvbnMvYjgwY2YyMzktMmM3Mi00N2FiLWIzMDktYjI2YWVjNDY1NmIxL3Jlc291cmNlR3JvdXBzL2F6c21uZXQ0MzM4L3Byb3ZpZGVycy9NaWNyb3NvZnQuU2VhcmNoL3NlYXJjaFNlcnZpY2VzL2F6cy0zOTQ2L2xpc3RBZG1pbktleXM/YXBpLXZlcnNpb249MjAxNS0wMi0yOA==",
      "RequestMethod": "POST",
      "RequestBody": "",
      "RequestHeaders": {
        "x-ms-client-request-id": [
          "50b0d4eb-4ce1-452a-867c-b5c0d19fd51f"
        ],
        "accept-language": [
          "en-US"
        ],
        "User-Agent": [
          "Microsoft.Azure.Management.Search.SearchManagementClient/0.9.0-preview"
        ]
      },
      "ResponseBody": "{\r\n  \"primaryKey\": \"16A89EC60C4140302A46D68EF4E9A944\",\r\n  \"secondaryKey\": \"7E02EA222B66DF1C7BCEDF0D11208095\"\r\n}",
      "ResponseHeaders": {
        "Content-Type": [
          "application/json; charset=utf-8"
        ],
        "Expires": [
          "-1"
        ],
        "Cache-Control": [
          "no-cache"
        ],
        "Date": [
          "Mon, 05 Sep 2016 22:29:41 GMT"
        ],
        "Pragma": [
          "no-cache"
        ],
        "Transfer-Encoding": [
          "chunked"
        ],
        "Vary": [
          "Accept-Encoding",
          "Accept-Encoding"
        ],
        "request-id": [
          "50b0d4eb-4ce1-452a-867c-b5c0d19fd51f"
        ],
        "elapsed-time": [
          "437"
        ],
        "Strict-Transport-Security": [
          "max-age=31536000; includeSubDomains"
        ],
        "X-AspNet-Version": [
          "4.0.30319"
        ],
        "x-ms-ratelimit-remaining-subscription-writes": [
          "1157"
        ],
        "x-ms-request-id": [
          "45cd7bb0-2e5f-4ef3-ad5f-990fdc810348"
        ],
        "x-ms-correlation-request-id": [
          "45cd7bb0-2e5f-4ef3-ad5f-990fdc810348"
        ],
        "x-ms-routing-request-id": [
          "CENTRALUS:20160905T222941Z:45cd7bb0-2e5f-4ef3-ad5f-990fdc810348"
        ]
      },
      "StatusCode": 200
    },
    {
      "RequestUri": "/subscriptions/b80cf239-2c72-47ab-b309-b26aec4656b1/resourceGroups/azsmnet4338/providers/Microsoft.Search/searchServices/azs-3946/listQueryKeys?api-version=2015-02-28",
      "EncodedRequestUri": "L3N1YnNjcmlwdGlvbnMvYjgwY2YyMzktMmM3Mi00N2FiLWIzMDktYjI2YWVjNDY1NmIxL3Jlc291cmNlR3JvdXBzL2F6c21uZXQ0MzM4L3Byb3ZpZGVycy9NaWNyb3NvZnQuU2VhcmNoL3NlYXJjaFNlcnZpY2VzL2F6cy0zOTQ2L2xpc3RRdWVyeUtleXM/YXBpLXZlcnNpb249MjAxNS0wMi0yOA==",
      "RequestMethod": "GET",
      "RequestBody": "",
      "RequestHeaders": {
        "x-ms-client-request-id": [
          "da9a9399-3e0f-48bb-ba1a-dd0a55323ae6"
        ],
        "accept-language": [
          "en-US"
        ],
        "User-Agent": [
          "Microsoft.Azure.Management.Search.SearchManagementClient/0.9.0-preview"
        ]
      },
      "ResponseBody": "{\r\n  \"value\": [\r\n    {\r\n      \"name\": null,\r\n      \"key\": \"27013A0617DB4D4CAA840C2701389AC4\"\r\n    }\r\n  ],\r\n  \"nextLink\": null\r\n}",
      "ResponseHeaders": {
        "Content-Type": [
          "application/json; charset=utf-8"
        ],
        "Expires": [
          "-1"
        ],
        "Cache-Control": [
          "no-cache"
        ],
        "Date": [
          "Mon, 05 Sep 2016 22:29:41 GMT"
        ],
        "Pragma": [
          "no-cache"
        ],
        "Transfer-Encoding": [
          "chunked"
        ],
        "Vary": [
          "Accept-Encoding",
          "Accept-Encoding"
        ],
        "request-id": [
          "da9a9399-3e0f-48bb-ba1a-dd0a55323ae6"
        ],
        "elapsed-time": [
          "252"
        ],
        "Strict-Transport-Security": [
          "max-age=31536000; includeSubDomains"
        ],
        "X-AspNet-Version": [
          "4.0.30319"
        ],
        "x-ms-ratelimit-remaining-subscription-reads": [
          "14991"
        ],
        "x-ms-request-id": [
          "c052c53f-9e63-4df0-b4b8-e305f820a9f7"
        ],
        "x-ms-correlation-request-id": [
          "c052c53f-9e63-4df0-b4b8-e305f820a9f7"
        ],
        "x-ms-routing-request-id": [
          "CENTRALUS:20160905T222942Z:c052c53f-9e63-4df0-b4b8-e305f820a9f7"
        ]
      },
      "StatusCode": 200
    },
    {
      "RequestUri": "/indexes?api-version=2015-02-28-Preview",
      "EncodedRequestUri": "L2luZGV4ZXM/YXBpLXZlcnNpb249MjAxNS0wMi0yOC1QcmV2aWV3",
      "RequestMethod": "POST",
      "RequestBody": "{\r\n  \"name\": \"azsmnet5398\",\r\n  \"fields\": [\r\n    {\r\n      \"name\": \"hotelId\",\r\n      \"type\": \"Edm.String\",\r\n      \"key\": true,\r\n      \"searchable\": false,\r\n      \"filterable\": true,\r\n      \"sortable\": true,\r\n      \"facetable\": true,\r\n      \"retrievable\": true\r\n    },\r\n    {\r\n      \"name\": \"baseRate\",\r\n      \"type\": \"Edm.Double\",\r\n      \"key\": false,\r\n      \"searchable\": false,\r\n      \"filterable\": true,\r\n      \"sortable\": true,\r\n      \"facetable\": true,\r\n      \"retrievable\": true\r\n    },\r\n    {\r\n      \"name\": \"description\",\r\n      \"type\": \"Edm.String\",\r\n      \"key\": false,\r\n      \"searchable\": true,\r\n      \"filterable\": false,\r\n      \"sortable\": false,\r\n      \"facetable\": false,\r\n      \"retrievable\": true\r\n    },\r\n    {\r\n      \"name\": \"descriptionFr\",\r\n      \"type\": \"Edm.String\",\r\n      \"analyzer\": \"fr.lucene\",\r\n      \"key\": false,\r\n      \"searchable\": true,\r\n      \"filterable\": false,\r\n      \"sortable\": false,\r\n      \"facetable\": false,\r\n      \"retrievable\": true\r\n    },\r\n    {\r\n      \"name\": \"hotelName\",\r\n      \"type\": \"Edm.String\",\r\n      \"key\": false,\r\n      \"searchable\": true,\r\n      \"filterable\": true,\r\n      \"sortable\": true,\r\n      \"facetable\": true,\r\n      \"retrievable\": true\r\n    },\r\n    {\r\n      \"name\": \"category\",\r\n      \"type\": \"Edm.String\",\r\n      \"key\": false,\r\n      \"searchable\": true,\r\n      \"filterable\": true,\r\n      \"sortable\": true,\r\n      \"facetable\": true,\r\n      \"retrievable\": true\r\n    },\r\n    {\r\n      \"name\": \"tags\",\r\n      \"type\": \"Collection(Edm.String)\",\r\n      \"key\": false,\r\n      \"searchable\": true,\r\n      \"filterable\": true,\r\n      \"sortable\": false,\r\n      \"facetable\": true,\r\n      \"retrievable\": true\r\n    },\r\n    {\r\n      \"name\": \"parkingIncluded\",\r\n      \"type\": \"Edm.Boolean\",\r\n      \"key\": false,\r\n      \"searchable\": false,\r\n      \"filterable\": true,\r\n      \"sortable\": true,\r\n      \"facetable\": true,\r\n      \"retrievable\": true\r\n    },\r\n    {\r\n      \"name\": \"smokingAllowed\",\r\n      \"type\": \"Edm.Boolean\",\r\n      \"key\": false,\r\n      \"searchable\": false,\r\n      \"filterable\": true,\r\n      \"sortable\": true,\r\n      \"facetable\": true,\r\n      \"retrievable\": true\r\n    },\r\n    {\r\n      \"name\": \"lastRenovationDate\",\r\n      \"type\": \"Edm.DateTimeOffset\",\r\n      \"key\": false,\r\n      \"searchable\": false,\r\n      \"filterable\": true,\r\n      \"sortable\": true,\r\n      \"facetable\": true,\r\n      \"retrievable\": true\r\n    },\r\n    {\r\n      \"name\": \"rating\",\r\n      \"type\": \"Edm.Int32\",\r\n      \"key\": false,\r\n      \"searchable\": false,\r\n      \"filterable\": true,\r\n      \"sortable\": true,\r\n      \"facetable\": true,\r\n      \"retrievable\": true\r\n    },\r\n    {\r\n      \"name\": \"location\",\r\n      \"type\": \"Edm.GeographyPoint\",\r\n      \"key\": false,\r\n      \"searchable\": false,\r\n      \"filterable\": true,\r\n      \"sortable\": true,\r\n      \"facetable\": false,\r\n      \"retrievable\": true\r\n    }\r\n  ],\r\n  \"scoringProfiles\": [\r\n    {\r\n      \"name\": \"nearest\",\r\n      \"functions\": [\r\n        {\r\n          \"type\": \"distance\",\r\n          \"distance\": {\r\n            \"referencePointParameter\": \"myloc\",\r\n            \"boostingDistance\": 100.0\r\n          },\r\n          \"fieldName\": \"location\",\r\n          \"boost\": 2.0\r\n        }\r\n      ],\r\n      \"functionAggregation\": \"sum\"\r\n    }\r\n  ],\r\n  \"suggesters\": [\r\n    {\r\n      \"name\": \"sg\",\r\n      \"searchMode\": \"analyzingInfixMatching\",\r\n      \"sourceFields\": [\r\n        \"description\",\r\n        \"hotelName\"\r\n      ]\r\n    }\r\n  ]\r\n}",
      "RequestHeaders": {
        "Content-Type": [
          "application/json; charset=utf-8"
        ],
        "Content-Length": [
          "3401"
        ],
        "client-request-id": [
          "ae3dd70f-4fe2-47e4-8b0f-ecb108f7cd3e"
        ],
        "accept-language": [
          "en-US"
        ],
        "api-key": [
          "16A89EC60C4140302A46D68EF4E9A944"
        ],
        "Prefer": [
          "return=representation"
        ],
        "User-Agent": [
          "Microsoft.Azure.Search.SearchServiceClient/2.0.3-preview"
        ]
      },
      "ResponseBody": "{\r\n  \"@odata.context\": \"https://azs-3946.search-dogfood.windows-int.net/$metadata#indexes/$entity\",\r\n  \"@odata.etag\": \"\\\"0x8D3D5DC232438B2\\\"\",\r\n  \"name\": \"azsmnet5398\",\r\n  \"fields\": [\r\n    {\r\n      \"name\": \"hotelId\",\r\n      \"type\": \"Edm.String\",\r\n      \"searchable\": false,\r\n      \"filterable\": true,\r\n      \"retrievable\": true,\r\n      \"sortable\": true,\r\n      \"facetable\": true,\r\n      \"key\": true,\r\n      \"indexAnalyzer\": null,\r\n      \"searchAnalyzer\": null,\r\n      \"analyzer\": null,\r\n      \"synonymMaps\": []\r\n    },\r\n    {\r\n      \"name\": \"baseRate\",\r\n      \"type\": \"Edm.Double\",\r\n      \"searchable\": false,\r\n      \"filterable\": true,\r\n      \"retrievable\": true,\r\n      \"sortable\": true,\r\n      \"facetable\": true,\r\n      \"key\": false,\r\n      \"indexAnalyzer\": null,\r\n      \"searchAnalyzer\": null,\r\n      \"analyzer\": null,\r\n      \"synonymMaps\": []\r\n    },\r\n    {\r\n      \"name\": \"description\",\r\n      \"type\": \"Edm.String\",\r\n      \"searchable\": true,\r\n      \"filterable\": false,\r\n      \"retrievable\": true,\r\n      \"sortable\": false,\r\n      \"facetable\": false,\r\n      \"key\": false,\r\n      \"indexAnalyzer\": null,\r\n      \"searchAnalyzer\": null,\r\n      \"analyzer\": null,\r\n      \"synonymMaps\": []\r\n    },\r\n    {\r\n      \"name\": \"descriptionFr\",\r\n      \"type\": \"Edm.String\",\r\n      \"searchable\": true,\r\n      \"filterable\": false,\r\n      \"retrievable\": true,\r\n      \"sortable\": false,\r\n      \"facetable\": false,\r\n      \"key\": false,\r\n      \"indexAnalyzer\": null,\r\n      \"searchAnalyzer\": null,\r\n      \"analyzer\": \"fr.lucene\",\r\n      \"synonymMaps\": []\r\n    },\r\n    {\r\n      \"name\": \"hotelName\",\r\n      \"type\": \"Edm.String\",\r\n      \"searchable\": true,\r\n      \"filterable\": true,\r\n      \"retrievable\": true,\r\n      \"sortable\": true,\r\n      \"facetable\": true,\r\n      \"key\": false,\r\n      \"indexAnalyzer\": null,\r\n      \"searchAnalyzer\": null,\r\n      \"analyzer\": null,\r\n      \"synonymMaps\": []\r\n    },\r\n    {\r\n      \"name\": \"category\",\r\n      \"type\": \"Edm.String\",\r\n      \"searchable\": true,\r\n      \"filterable\": true,\r\n      \"retrievable\": true,\r\n      \"sortable\": true,\r\n      \"facetable\": true,\r\n      \"key\": false,\r\n      \"indexAnalyzer\": null,\r\n      \"searchAnalyzer\": null,\r\n      \"analyzer\": null,\r\n      \"synonymMaps\": []\r\n    },\r\n    {\r\n      \"name\": \"tags\",\r\n      \"type\": \"Collection(Edm.String)\",\r\n      \"searchable\": true,\r\n      \"filterable\": true,\r\n      \"retrievable\": true,\r\n      \"sortable\": false,\r\n      \"facetable\": true,\r\n      \"key\": false,\r\n      \"indexAnalyzer\": null,\r\n      \"searchAnalyzer\": null,\r\n      \"analyzer\": null,\r\n      \"synonymMaps\": []\r\n    },\r\n    {\r\n      \"name\": \"parkingIncluded\",\r\n      \"type\": \"Edm.Boolean\",\r\n      \"searchable\": false,\r\n      \"filterable\": true,\r\n      \"retrievable\": true,\r\n      \"sortable\": true,\r\n      \"facetable\": true,\r\n      \"key\": false,\r\n      \"indexAnalyzer\": null,\r\n      \"searchAnalyzer\": null,\r\n      \"analyzer\": null,\r\n      \"synonymMaps\": []\r\n    },\r\n    {\r\n      \"name\": \"smokingAllowed\",\r\n      \"type\": \"Edm.Boolean\",\r\n      \"searchable\": false,\r\n      \"filterable\": true,\r\n      \"retrievable\": true,\r\n      \"sortable\": true,\r\n      \"facetable\": true,\r\n      \"key\": false,\r\n      \"indexAnalyzer\": null,\r\n      \"searchAnalyzer\": null,\r\n      \"analyzer\": null,\r\n      \"synonymMaps\": []\r\n    },\r\n    {\r\n      \"name\": \"lastRenovationDate\",\r\n      \"type\": \"Edm.DateTimeOffset\",\r\n      \"searchable\": false,\r\n      \"filterable\": true,\r\n      \"retrievable\": true,\r\n      \"sortable\": true,\r\n      \"facetable\": true,\r\n      \"key\": false,\r\n      \"indexAnalyzer\": null,\r\n      \"searchAnalyzer\": null,\r\n      \"analyzer\": null,\r\n      \"synonymMaps\": []\r\n    },\r\n    {\r\n      \"name\": \"rating\",\r\n      \"type\": \"Edm.Int32\",\r\n      \"searchable\": false,\r\n      \"filterable\": true,\r\n      \"retrievable\": true,\r\n      \"sortable\": true,\r\n      \"facetable\": true,\r\n      \"key\": false,\r\n      \"indexAnalyzer\": null,\r\n      \"searchAnalyzer\": null,\r\n      \"analyzer\": null,\r\n      \"synonymMaps\": []\r\n    },\r\n    {\r\n      \"name\": \"location\",\r\n      \"type\": \"Edm.GeographyPoint\",\r\n      \"searchable\": false,\r\n      \"filterable\": true,\r\n      \"retrievable\": true,\r\n      \"sortable\": true,\r\n      \"facetable\": false,\r\n      \"key\": false,\r\n      \"indexAnalyzer\": null,\r\n      \"searchAnalyzer\": null,\r\n      \"analyzer\": null,\r\n      \"synonymMaps\": []\r\n    }\r\n  ],\r\n  \"scoringProfiles\": [\r\n    {\r\n      \"name\": \"nearest\",\r\n      \"text\": null,\r\n      \"functions\": [\r\n        {\r\n          \"fieldName\": \"location\",\r\n          \"freshness\": null,\r\n          \"interpolation\": \"linear\",\r\n          \"magnitude\": null,\r\n          \"distance\": {\r\n            \"referencePointParameter\": \"myloc\",\r\n            \"boostingDistance\": 100.0\r\n          },\r\n          \"tag\": null,\r\n          \"type\": \"distance\",\r\n          \"boost\": 2.0\r\n        }\r\n      ],\r\n      \"functionAggregation\": \"sum\"\r\n    }\r\n  ],\r\n  \"defaultScoringProfile\": null,\r\n  \"corsOptions\": null,\r\n  \"suggesters\": [\r\n    {\r\n      \"name\": \"sg\",\r\n      \"searchMode\": \"analyzingInfixMatching\",\r\n      \"sourceFields\": [\r\n        \"description\",\r\n        \"hotelName\"\r\n      ]\r\n    }\r\n  ],\r\n  \"analyzers\": [],\r\n  \"tokenizers\": [],\r\n  \"tokenFilters\": [],\r\n  \"charFilters\": []\r\n}",
      "ResponseHeaders": {
        "Content-Length": [
          "3345"
        ],
        "Content-Type": [
          "application/json; odata.metadata=minimal"
        ],
        "Expires": [
          "-1"
        ],
        "Cache-Control": [
          "no-cache"
        ],
        "Date": [
          "Mon, 05 Sep 2016 22:29:43 GMT"
        ],
        "Pragma": [
          "no-cache"
        ],
        "ETag": [
          "W/\"0x8D3D5DC232438B2\""
        ],
        "Location": [
          "https://azs-3946.search-dogfood.windows-int.net/indexes('azsmnet5398')?api-version=2015-02-28-Preview"
        ],
        "request-id": [
          "ae3dd70f-4fe2-47e4-8b0f-ecb108f7cd3e"
        ],
        "elapsed-time": [
          "988"
        ],
        "OData-Version": [
          "4.0"
        ],
        "Preference-Applied": [
          "odata.include-annotations=\"*\""
        ],
        "Strict-Transport-Security": [
          "max-age=15724800; includeSubDomains"
        ]
      },
      "StatusCode": 201
    },
    {
      "RequestUri": "/indexes?api-version=2015-02-28-Preview",
      "EncodedRequestUri": "L2luZGV4ZXM/YXBpLXZlcnNpb249MjAxNS0wMi0yOC1QcmV2aWV3",
      "RequestMethod": "POST",
      "RequestBody": "{\r\n  \"name\": \"azsmnet5408\",\r\n  \"fields\": [\r\n    {\r\n      \"name\": \"id\",\r\n      \"type\": \"Edm.String\",\r\n      \"key\": true,\r\n      \"searchable\": false,\r\n      \"filterable\": false,\r\n      \"sortable\": false,\r\n      \"facetable\": false,\r\n      \"retrievable\": true\r\n    },\r\n    {\r\n      \"name\": \"message\",\r\n      \"type\": \"Edm.String\",\r\n      \"analyzer\": \"my_email_analyzer\",\r\n      \"key\": false,\r\n      \"searchable\": true,\r\n      \"filterable\": false,\r\n      \"sortable\": false,\r\n      \"facetable\": false,\r\n      \"retrievable\": true\r\n    }\r\n  ],\r\n  \"analyzers\": [\r\n    {\r\n      \"@odata.type\": \"#Microsoft.Azure.Search.CustomAnalyzer\",\r\n      \"tokenizer\": \"standard\",\r\n      \"charFilters\": [\r\n        \"my_email_filter\"\r\n      ],\r\n      \"name\": \"my_email_analyzer\"\r\n    }\r\n  ],\r\n  \"charFilters\": [\r\n    {\r\n      \"@odata.type\": \"#Microsoft.Azure.Search.PatternReplaceCharFilter\",\r\n      \"pattern\": \"@\",\r\n      \"replacement\": \"_\",\r\n      \"name\": \"my_email_filter\"\r\n    }\r\n  ]\r\n}",
      "RequestHeaders": {
        "Content-Type": [
          "application/json; charset=utf-8"
        ],
        "Content-Length": [
          "963"
        ],
        "client-request-id": [
          "2fae7bb0-1400-4319-a10c-1583de1d6fb3"
        ],
        "accept-language": [
          "en-US"
        ],
        "api-key": [
          "16A89EC60C4140302A46D68EF4E9A944"
        ],
        "Prefer": [
          "return=representation"
        ],
        "User-Agent": [
          "Microsoft.Azure.Search.SearchServiceClient/2.0.3-preview"
        ]
      },
      "ResponseBody": "{\"@odata.context\":\"https://azs-3946.search-dogfood.windows-int.net/$metadata#indexes/$entity\",\"@odata.etag\":\"\\\"0x8D3D5DC3078DA7B\\\"\",\"name\":\"azsmnet5408\",\"fields\":[{\"name\":\"id\",\"type\":\"Edm.String\",\"searchable\":false,\"filterable\":false,\"retrievable\":true,\"sortable\":false,\"facetable\":false,\"key\":true,\"indexAnalyzer\":null,\"searchAnalyzer\":null,\"analyzer\":null,\"synonymMaps\":[]},{\"name\":\"message\",\"type\":\"Edm.String\",\"searchable\":true,\"filterable\":false,\"retrievable\":true,\"sortable\":false,\"facetable\":false,\"key\":false,\"indexAnalyzer\":null,\"searchAnalyzer\":null,\"analyzer\":\"my_email_analyzer\",\"synonymMaps\":[]}],\"scoringProfiles\":[],\"defaultScoringProfile\":null,\"corsOptions\":null,\"suggesters\":[],\"analyzers\":[{\"@odata.type\":\"#Microsoft.Azure.Search.CustomAnalyzer\",\"name\":\"my_email_analyzer\",\"tokenizer\":\"standard\",\"tokenFilters\":[],\"charFilters\":[\"my_email_filter\"]}],\"tokenizers\":[],\"tokenFilters\":[],\"charFilters\":[{\"@odata.type\":\"#Microsoft.Azure.Search.PatternReplaceCharFilter\",\"name\":\"my_email_filter\",\"pattern\":\"@\",\"replacement\":\"_\"}]}",
      "ResponseHeaders": {
        "Content-Length": [
          "1042"
        ],
        "Content-Type": [
          "application/json; odata.metadata=minimal"
        ],
        "Expires": [
          "-1"
        ],
        "Cache-Control": [
          "no-cache"
        ],
        "Date": [
          "Mon, 05 Sep 2016 22:30:05 GMT"
        ],
        "Pragma": [
          "no-cache"
        ],
        "ETag": [
          "W/\"0x8D3D5DC3078DA7B\""
        ],
        "Location": [
          "https://azs-3946.search-dogfood.windows-int.net/indexes('azsmnet5408')?api-version=2015-02-28-Preview"
        ],
        "request-id": [
          "2fae7bb0-1400-4319-a10c-1583de1d6fb3"
        ],
        "elapsed-time": [
          "1000"
        ],
        "OData-Version": [
          "4.0"
        ],
        "Preference-Applied": [
          "odata.include-annotations=\"*\""
        ],
        "Strict-Transport-Security": [
          "max-age=15724800; includeSubDomains"
        ]
      },
      "StatusCode": 201
    },
    {
      "RequestUri": "/indexes('azsmnet5408')/docs/search.index?api-version=2015-02-28-Preview",
      "EncodedRequestUri": "L2luZGV4ZXMoJ2F6c21uZXQ1NDA4JykvZG9jcy9zZWFyY2guaW5kZXg/YXBpLXZlcnNpb249MjAxNS0wMi0yOC1QcmV2aWV3",
      "RequestMethod": "POST",
      "RequestBody": "{\r\n  \"value\": [\r\n    {\r\n      \"@search.action\": \"upload\",\r\n      \"id\": \"1\",\r\n      \"message\": \"My email is someone@somewhere.something.\"\r\n    },\r\n    {\r\n      \"@search.action\": \"upload\",\r\n      \"id\": \"2\",\r\n      \"message\": \"His email is someone@nowhere.nothing.\"\r\n    }\r\n  ]\r\n}",
      "RequestHeaders": {
        "Content-Type": [
          "application/json; charset=utf-8"
        ],
        "Content-Length": [
          "277"
        ],
        "accept-language": [
          "en-US"
        ],
        "Accept": [
          "application/json; odata.metadata=none"
        ],
        "api-key": [
          "16A89EC60C4140302A46D68EF4E9A944"
        ],
        "Prefer": [
          "return=representation"
        ],
        "User-Agent": [
          "Microsoft.Azure.Search.SearchIndexClient/2.0.3-preview"
        ]
      },
      "ResponseBody": "{\"value\":[{\"key\":\"1\",\"status\":true,\"errorMessage\":null,\"statusCode\":201},{\"key\":\"2\",\"status\":true,\"errorMessage\":null,\"statusCode\":201}]}",
      "ResponseHeaders": {
        "Content-Type": [
          "application/json; odata.metadata=none"
        ],
        "Expires": [
          "-1"
        ],
        "Cache-Control": [
          "no-cache"
        ],
        "Date": [
          "Mon, 05 Sep 2016 22:30:07 GMT"
        ],
        "Pragma": [
          "no-cache"
        ],
        "Vary": [
          "Accept-Encoding"
        ],
        "request-id": [
          "9598c3e4-e5be-48df-ba55-4d4c0516ef6e"
        ],
        "elapsed-time": [
          "164"
        ],
        "OData-Version": [
          "4.0"
        ],
        "Preference-Applied": [
          "odata.include-annotations=\"*\""
        ],
        "Strict-Transport-Security": [
          "max-age=15724800; includeSubDomains"
        ]
      },
      "StatusCode": 200
    },
    {
      "RequestUri": "/indexes('azsmnet5408')/docs/search.post.search?api-version=2015-02-28-Preview",
      "EncodedRequestUri": "L2luZGV4ZXMoJ2F6c21uZXQ1NDA4JykvZG9jcy9zZWFyY2gucG9zdC5zZWFyY2g/YXBpLXZlcnNpb249MjAxNS0wMi0yOC1QcmV2aWV3",
      "RequestMethod": "POST",
      "RequestBody": "{\r\n  \"count\": false,\r\n  \"facets\": [],\r\n  \"queryType\": \"simple\",\r\n  \"scoringParameters\": [],\r\n  \"search\": \"someone@somewhere.something\",\r\n  \"searchMode\": \"any\"\r\n}",
      "RequestHeaders": {
        "Content-Type": [
          "application/json; charset=utf-8"
        ],
        "Content-Length": [
          "161"
        ],
        "accept-language": [
          "en-US"
        ],
        "Accept": [
          "application/json; odata.metadata=none"
        ],
        "api-key": [
          "16A89EC60C4140302A46D68EF4E9A944"
        ],
        "Prefer": [
          "return=representation"
        ],
        "User-Agent": [
          "Microsoft.Azure.Search.SearchIndexClient/2.0.3-preview"
        ]
      },
      "ResponseBody": "{\"value\":[{\"@search.score\":0.5,\"id\":\"1\",\"message\":\"My email is someone@somewhere.something.\"}]}",
      "ResponseHeaders": {
        "Content-Type": [
          "application/json; odata.metadata=none"
        ],
        "Expires": [
          "-1"
        ],
        "Cache-Control": [
          "no-cache"
        ],
        "Date": [
          "Mon, 05 Sep 2016 22:30:09 GMT"
        ],
        "Pragma": [
          "no-cache"
        ],
        "Vary": [
          "Accept-Encoding"
        ],
        "request-id": [
          "996737a3-32a3-4a44-9763-3371e4d73ea9"
        ],
        "elapsed-time": [
          "6"
        ],
        "OData-Version": [
          "4.0"
        ],
        "Preference-Applied": [
          "odata.include-annotations=\"*\""
        ],
        "Strict-Transport-Security": [
          "max-age=15724800; includeSubDomains"
        ]
      },
      "StatusCode": 200
    },
    {
      "RequestUri": "/subscriptions/b80cf239-2c72-47ab-b309-b26aec4656b1/resourceGroups/azsmnet4338/providers/Microsoft.Search/searchServices/azs-3946?api-version=2015-02-28",
      "EncodedRequestUri": "L3N1YnNjcmlwdGlvbnMvYjgwY2YyMzktMmM3Mi00N2FiLWIzMDktYjI2YWVjNDY1NmIxL3Jlc291cmNlR3JvdXBzL2F6c21uZXQ0MzM4L3Byb3ZpZGVycy9NaWNyb3NvZnQuU2VhcmNoL3NlYXJjaFNlcnZpY2VzL2F6cy0zOTQ2P2FwaS12ZXJzaW9uPTIwMTUtMDItMjg=",
      "RequestMethod": "DELETE",
      "RequestBody": "",
      "RequestHeaders": {
        "x-ms-client-request-id": [
          "9201ef0a-ecd0-46c6-8ed2-13f23714f2cb"
        ],
        "accept-language": [
          "en-US"
        ],
        "User-Agent": [
          "Microsoft.Azure.Management.Search.SearchManagementClient/0.9.0-preview"
        ]
      },
      "ResponseBody": "",
      "ResponseHeaders": {
        "Content-Length": [
          "0"
        ],
        "Expires": [
          "-1"
        ],
        "Cache-Control": [
          "no-cache"
        ],
        "Date": [
          "Mon, 05 Sep 2016 22:30:12 GMT"
        ],
        "Pragma": [
          "no-cache"
        ],
        "request-id": [
          "9201ef0a-ecd0-46c6-8ed2-13f23714f2cb"
        ],
        "elapsed-time": [
          "722"
        ],
        "Strict-Transport-Security": [
          "max-age=31536000; includeSubDomains"
        ],
        "X-AspNet-Version": [
          "4.0.30319"
        ],
        "x-ms-ratelimit-remaining-subscription-writes": [
          "1165"
        ],
        "x-ms-request-id": [
          "233a8a08-8f21-4622-919d-d7ee5835fcdd"
        ],
        "x-ms-correlation-request-id": [
          "233a8a08-8f21-4622-919d-d7ee5835fcdd"
        ],
        "x-ms-routing-request-id": [
          "CENTRALUS:20160905T223013Z:233a8a08-8f21-4622-919d-d7ee5835fcdd"
        ]
      },
      "StatusCode": 200
    }
  ],
  "Names": {
    "GenerateName": [
      "azsmnet4338",
      "azsmnet5398",
      "azsmnet5408"
    ],
    "GenerateServiceName": [
      "azs-3946"
    ]
  },
  "Variables": {
    "SubscriptionId": "b80cf239-2c72-47ab-b309-b26aec4656b1"
  }
}