{
  "Entries": [
    {
      "RequestUri": "/luis/authoring/v3.0-preview/apps/6c859d36-47a0-4dd9-a2ab-7817e211646b/versions/0.1/entities",
      "EncodedRequestUri": "L2x1aXMvYXV0aG9yaW5nL3YzLjAtcHJldmlldy9hcHBzLzZjODU5ZDM2LTQ3YTAtNGRkOS1hMmFiLTc4MTdlMjExNjQ2Yi92ZXJzaW9ucy8wLjEvZW50aXRpZXM=",
      "RequestMethod": "POST",
      "RequestBody": "{\r\n  \"name\": \"New Entity Test\"\r\n}",
      "RequestHeaders": {
        "Ocp-Apim-Subscription-Key": [
          "120f721e60454544a884022b1bc988a5"
        ],
        "User-Agent": [
          "FxVersion/4.6.27817.01",
          "OSName/Windows",
          "OSVersion/Microsoft.Windows.10.0.18363.",
          "Microsoft.Azure.CognitiveServices.Language.LUIS.Authoring.LUISAuthoringClient/3.8.0.0"
        ],
        "Content-Type": [
          "application/json; charset=utf-8"
        ],
        "Content-Length": [
          "33"
        ]
      },
      "ResponseHeaders": {
        "Cache-Control": [
          "no-store, proxy-revalidate, no-cache, max-age=0, private"
        ],
        "Pragma": [
          "no-cache"
        ],
        "Location": [
          "https://westus.api.cognitive.microsoft.com/luis/api/v3.0-preview/apps/6c859d36-47a0-4dd9-a2ab-7817e211646b/versions/0.1/entities/6c4fb6f8-b7f4-487d-acb7-248ece727282"
        ],
        "Apim-Request-Id": [
          "0c180c9b-d5a6-436d-9fb2-c6da4332d814"
        ],
        "Request-Id": [
          "0c180c9b-d5a6-436d-9fb2-c6da4332d814"
        ],
        "Operation-Location": [
          "https://westus.api.cognitive.microsoft.com/luis/api/v3.0-preview/apps/6c859d36-47a0-4dd9-a2ab-7817e211646b/versions/0.1/entities/6c4fb6f8-b7f4-487d-acb7-248ece727282"
        ],
        "Strict-Transport-Security": [
          "max-age=31536000; includeSubDomains; preload"
        ],
        "Request-Context": [
          "appId=cid-v1:26a3540d-a02a-4998-a060-715488fd769b"
        ],
        "X-Content-Type-Options": [
          "nosniff"
        ],
        "X-Frame-Options": [
          "SAMEORIGIN"
        ],
        "Date": [
          "Tue, 29 Oct 2019 13:19:32 GMT"
        ],
        "Content-Length": [
          "38"
        ],
        "Content-Type": [
          "application/json; charset=utf-8"
        ]
      },
      "ResponseBody": "\"6c4fb6f8-b7f4-487d-acb7-248ece727282\"",
      "StatusCode": 201
    },
    {
      "RequestUri": "/luis/authoring/v3.0-preview/apps/6c859d36-47a0-4dd9-a2ab-7817e211646b/versions/0.1/entities/6c4fb6f8-b7f4-487d-acb7-248ece727282",
      "EncodedRequestUri": "L2x1aXMvYXV0aG9yaW5nL3YzLjAtcHJldmlldy9hcHBzLzZjODU5ZDM2LTQ3YTAtNGRkOS1hMmFiLTc4MTdlMjExNjQ2Yi92ZXJzaW9ucy8wLjEvZW50aXRpZXMvNmM0ZmI2ZjgtYjdmNC00ODdkLWFjYjctMjQ4ZWNlNzI3Mjgy",
      "RequestMethod": "GET",
      "RequestBody": "",
      "RequestHeaders": {
        "Ocp-Apim-Subscription-Key": [
          "120f721e60454544a884022b1bc988a5"
        ],
        "User-Agent": [
          "FxVersion/4.6.27817.01",
          "OSName/Windows",
          "OSVersion/Microsoft.Windows.10.0.18363.",
          "Microsoft.Azure.CognitiveServices.Language.LUIS.Authoring.LUISAuthoringClient/3.8.0.0"
        ]
      },
      "ResponseHeaders": {
        "Cache-Control": [
          "no-store, proxy-revalidate, no-cache, max-age=0, private"
        ],
        "Pragma": [
          "no-cache"
        ],
        "Apim-Request-Id": [
          "14acf776-3fb8-4579-99f7-2fda0fa57323"
        ],
        "Request-Id": [
          "14acf776-3fb8-4579-99f7-2fda0fa57323"
        ],
        "Strict-Transport-Security": [
          "max-age=31536000; includeSubDomains; preload"
        ],
        "Request-Context": [
          "appId=cid-v1:26a3540d-a02a-4998-a060-715488fd769b"
        ],
        "X-Content-Type-Options": [
          "nosniff"
        ],
        "X-Frame-Options": [
          "SAMEORIGIN"
        ],
        "Date": [
          "Tue, 29 Oct 2019 13:19:32 GMT"
        ],
        "Content-Length": [
          "140"
        ],
        "Content-Type": [
          "application/json; charset=utf-8"
        ]
      },
      "ResponseBody": "{\r\n  \"id\": \"6c4fb6f8-b7f4-487d-acb7-248ece727282\",\r\n  \"name\": \"New Entity Test\",\r\n  \"typeId\": 1,\r\n  \"readableType\": \"Entity Extractor\",\r\n  \"children\": [],\r\n  \"roles\": []\r\n}",
      "StatusCode": 200
    },
    {
      "RequestUri": "/luis/authoring/v3.0-preview/apps/6c859d36-47a0-4dd9-a2ab-7817e211646b/versions/0.1/entities/6c4fb6f8-b7f4-487d-acb7-248ece727282",
      "EncodedRequestUri": "L2x1aXMvYXV0aG9yaW5nL3YzLjAtcHJldmlldy9hcHBzLzZjODU5ZDM2LTQ3YTAtNGRkOS1hMmFiLTc4MTdlMjExNjQ2Yi92ZXJzaW9ucy8wLjEvZW50aXRpZXMvNmM0ZmI2ZjgtYjdmNC00ODdkLWFjYjctMjQ4ZWNlNzI3Mjgy",
      "RequestMethod": "DELETE",
      "RequestBody": "",
      "RequestHeaders": {
        "Ocp-Apim-Subscription-Key": [
          "120f721e60454544a884022b1bc988a5"
        ],
        "User-Agent": [
          "FxVersion/4.6.27817.01",
          "OSName/Windows",
          "OSVersion/Microsoft.Windows.10.0.18363.",
          "Microsoft.Azure.CognitiveServices.Language.LUIS.Authoring.LUISAuthoringClient/3.8.0.0"
        ]
      },
      "ResponseHeaders": {
        "Cache-Control": [
          "no-store, proxy-revalidate, no-cache, max-age=0, private"
        ],
        "Pragma": [
          "no-cache"
        ],
        "Apim-Request-Id": [
          "8f854a8b-002a-4884-9fe3-9e2b80c61ca7"
        ],
        "Request-Id": [
          "8f854a8b-002a-4884-9fe3-9e2b80c61ca7"
        ],
        "Strict-Transport-Security": [
          "max-age=31536000; includeSubDomains; preload"
        ],
        "Request-Context": [
          "appId=cid-v1:26a3540d-a02a-4998-a060-715488fd769b"
        ],
        "X-Content-Type-Options": [
          "nosniff"
        ],
        "X-Frame-Options": [
          "SAMEORIGIN"
        ],
        "Date": [
          "Tue, 29 Oct 2019 13:19:33 GMT"
        ],
        "Content-Length": [
          "51"
        ],
        "Content-Type": [
          "application/json; charset=utf-8"
        ]
      },
      "ResponseBody": "{\r\n  \"code\": \"Success\",\r\n  \"message\": \"Operation Successful\"\r\n}",
      "StatusCode": 200
    }
  ],
  "Names": {},
  "Variables": {}
}