{
  "Entries": [
    {
      "RequestUri": "https://localhost:8443/subscriptions/00000000-0000-0000-0000-000000000000?api-version=2019-11-01",
      "RequestMethod": "GET",
      "RequestHeaders": {
        "Accept": "application/json",
        "Authorization": "Sanitized",
        "traceparent": "00-e8dd84abbb2fc04bad734b50bb50fb5d-66516e3a27250446-00",
        "User-Agent": "azsdk-net-ResourceManager/1.0.0-alpha.20211208.1 (.NET Framework 4.8.4300.0; Microsoft Windows 10.0.19044 )",
        "x-ms-client-request-id": "2b8dd210767dd98a127dd6699dd62944",
        "x-ms-return-client-request-id": "true"
      },
      "RequestBody": null,
      "StatusCode": 200,
      "ResponseHeaders": {
        "Connection": "keep-alive",
        "Content-Length": "403",
        "Content-Type": "application/json; charset=utf-8",
        "Date": "Wed, 08 Dec 2021 07:24:59 GMT",
        "ETag": "W/\u0022193-XMviJqaGXohjOV1XjmYhUY8VLpk\u0022",
        "Keep-Alive": "timeout=5",
        "X-Powered-By": "Express"
      },
      "ResponseBody": {
        "id": "/subscriptions/00000000-0000-0000-0000-000000000000",
        "authorizationSource": "RoleBased",
        "managedByTenants": [],
        "subscriptionId": "00000000-0000-0000-0000-000000000000",
        "tenantId": "0000000-0000-0000-0000-000000000000",
        "displayName": "Name of the subscription",
        "state": "Enabled",
        "subscriptionPolicies": {
          "locationPlacementId": "Internal_2014-09-01",
          "quotaId": "Internal_2014-09-01",
          "spendingLimit": "Off"
        }
      }
    },
    {
      "RequestUri": "https://localhost:8443/subscriptions/00000000-0000-0000-0000-000000000000/resourcegroups/Default-SQL-SouthEastAsia?api-version=2019-10-01",
      "RequestMethod": "PUT",
      "RequestHeaders": {
        "Accept": "application/json",
        "Authorization": "Sanitized",
        "Content-Length": "81",
        "Content-Type": "application/json",
        "User-Agent": "azsdk-net-ResourceManager/1.0.0-alpha.20211208.1 (.NET Framework 4.8.4300.0; Microsoft Windows 10.0.19044 )",
        "x-ms-client-request-id": "5ecb1aac1e6276bd5c716080d25df83e",
        "x-ms-return-client-request-id": "true"
      },
      "RequestBody": {
        "location": "Azure.ResourceManager.Resources.Subscription",
        "tags": {
          "test": "env"
        }
      },
      "StatusCode": 200,
      "ResponseHeaders": {
        "Connection": "keep-alive",
        "Content-Length": "274",
        "Content-Type": "application/json; charset=utf-8",
        "Date": "Wed, 08 Dec 2021 07:24:59 GMT",
        "ETag": "W/\u0022112-wwv9Nwlr2k3wpXu9KLWZZtGTCBE\u0022",
        "Keep-Alive": "timeout=5",
        "X-Powered-By": "Express"
      },
      "ResponseBody": {
        "id": "/subscriptions/00000000-0000-0000-0000-000000000000/resourcegroups/Default-SQL-SouthEastAsia",
        "location": "eastus",
        "managedBy": null,
        "name": "Default-SQL-SouthEastAsia",
        "properties": {
          "provisioningState": "Succeeded"
        },
        "tags": {},
        "type": "Microsoft.Resources/resourceGroups"
      }
    },
    {
      "RequestUri": "https://localhost:8443/subscriptions/00000000-0000-0000-0000-000000000000/resourceGroups/Default-SQL-SouthEastAsia/providers/Microsoft.Sql/servers/testsvr?api-version=2021-02-01-preview",
      "RequestMethod": "PUT",
      "RequestHeaders": {
        "Accept": "application/json",
        "Authorization": "Sanitized",
        "Content-Length": "396",
        "Content-Type": "application/json",
        "User-Agent": "azsdk-net-ResourceManager.Sql/1.0.0-alpha.20211208.1 (.NET Framework 4.8.4300.0; Microsoft Windows 10.0.19044 )",
        "x-ms-client-request-id": "6de880de79563eb3b31d4bb03c9d04e0",
        "x-ms-return-client-request-id": "true"
      },
      "RequestBody": {
        "tags": {},
        "location": "japaneast",
        "properties": {
          "administratorLogin": "dummylogin",
          "administratorLoginPassword": "PLACEHOLDER",
          "publicNetworkAccess": "Enabled",
          "administrators": {
            "principalType": "User",
            "login": "bob@contoso.com",
            "sid": "00000011-1111-2222-2222-123456789111",
            "tenantId": "00000011-1111-2222-2222-123456789111",
            "azureADOnlyAuthentication": true
          },
          "restrictOutboundNetworkAccess": "Enabled"
        }
      },
      "StatusCode": 200,
      "ResponseHeaders": {
        "Connection": "keep-alive",
        "Content-Length": "1953",
        "Content-Type": "application/json; charset=utf-8",
        "Date": "Wed, 08 Dec 2021 07:24:59 GMT",
        "ETag": "W/\u00227a1-3usm7zSTz59KSnDjgCEwS8CGwGY\u0022",
        "Keep-Alive": "timeout=5",
        "X-Powered-By": "Express"
      },
      "ResponseBody": {
        "id": "/subscriptions/00000000-0000-0000-0000-000000000000/resourceGroups/Default-SQL-SouthEastAsia/providers/Microsoft.Sql/servers/testsvr",
        "name": "testsvr",
        "type": "aaaaaaaaaaaaaaaaaaaaaaaaaaaaa",
        "location": "aaaaaaaaaaaa",
        "tags": {
          "key7402": "aaaaaaaaaaaaaaaaaaaaaaaaaaaa"
        },
        "identity": {
          "userAssignedIdentities": {
            "/subscriptions/00000000-0000-0000-0000-000000000000/resourceGroups/00000000-0000-0000-0000-000000000000/providers/Microsoft.ManagedIdentity/userAssignedIdentities/key1521": {
              "principalId": "00000000-0000-0000-0000-000000000000",
              "clientId": "00000000-0000-0000-0000-000000000000"
            }
          },
          "principalId": "00000000-0000-0000-0000-000000000000",
          "type": "None",
          "tenantId": "00000000-0000-0000-0000-000000000000"
        },
        "kind": "aaaaaaaaaaaaaaaaaaaaaaaaaaaa",
        "properties": {
          "administratorLogin": "aaaaaaaaaaaaaaaaa",
          "administratorLoginPassword": "aaaaaaaaaaaaa",
          "version": "aaaaaaaaaaaaa",
          "state": "aaaaaaaaaaaaaaaaaaaaa",
          "fullyQualifiedDomainName": "aaaaaaaaaaa",
          "privateEndpointConnections": [
            {
              "id": "/subscriptions/a9cbceed-cd54-47f1-b7a2-bad149218603/resourceGroups/mockRg/providers/Microsoft.Resources/mockResource/mockName",
              "properties": {
                "privateEndpoint": {
                  "id": "/subscriptions/a9cbceed-cd54-47f1-b7a2-bad149218603/resourceGroups/mockRg/providers/Microsoft.Resources/mockResource/mockName"
                },
                "privateLinkServiceConnectionState": {
                  "status": "Approved",
                  "description": "aaaaaaaaaaaaaaaaaaaaaaa",
                  "actionsRequired": "None"
                },
                "provisioningState": "Succeeded"
              }
            }
          ],
          "minimalTlsVersion": "aaaaaaaaaaaaaaaa",
          "publicNetworkAccess": "Enabled",
          "workspaceFeature": "Connected",
          "primaryUserAssignedIdentityId": "aaaaaaaaaaaaa",
          "federatedClientId": "00000000-0000-0000-0000-000000000000",
          "keyId": "aaaaaaaaaaaaaaaaaaaaaaa",
          "administrators": {
            "administratorType": "ActiveDirectory",
            "principalType": "User",
            "login": "aaaaaaaaaaaaaa",
            "sid": "00000000-0000-0000-0000-000000000000",
            "tenantId": "00000000-0000-0000-0000-000000000000",
            "azureADOnlyAuthentication": true
          },
          "restrictOutboundNetworkAccess": "Enabled"
        }
      }
    },
    {
      "RequestUri": "https://localhost:8443/subscriptions/00000000-0000-0000-0000-000000000000/resourceGroups/Default-SQL-SouthEastAsia/providers/Microsoft.Sql/servers/testsvr/databases/testdb?api-version=2021-02-01-preview",
      "RequestMethod": "PUT",
      "RequestHeaders": {
        "Accept": "application/json",
        "Authorization": "Sanitized",
        "Content-Length": "54",
        "Content-Type": "application/json",
        "User-Agent": "azsdk-net-ResourceManager.Sql/1.0.0-alpha.20211208.1 (.NET Framework 4.8.4300.0; Microsoft Windows 10.0.19044 )",
        "x-ms-client-request-id": "1d8b9884bbed33ee678cab45d30c39be",
        "x-ms-return-client-request-id": "true"
      },
      "RequestBody": {
        "tags": {},
        "location": "southeastasia",
        "properties": {}
      },
      "StatusCode": 200,
      "ResponseHeaders": {
        "Connection": "keep-alive",
        "Content-Length": "1875",
        "Content-Type": "application/json; charset=utf-8",
        "Date": "Wed, 08 Dec 2021 07:24:59 GMT",
        "ETag": "W/\u0022753-Uiy1Lw3BtPlMEULkBMMsqaiHiNs\u0022",
        "Keep-Alive": "timeout=5",
        "X-Powered-By": "Express"
      },
      "ResponseBody": {
        "id": "/subscriptions/00000000-0000-0000-0000-000000000000/resourceGroups/Default-SQL-SouthEastAsia/providers/Microsoft.Sql/servers/testsvr/databases/testdb",
        "name": "testdb",
        "type": "aaaaaaaaaaaaaaaaaaaaa",
        "location": "a",
        "tags": {
          "key9164": "aaaaaaaaaaaa"
        },
        "sku": {
          "name": "testdb",
          "tier": "aaaaaaaaaaaaaaaaaaaaaaaaa",
          "size": "aa",
          "family": "aaaaaaaaaaaaaa",
          "capacity": 17
        },
        "kind": "aaaaaaaaaaaaa",
        "managedBy": "aaaaaaaaaaaaaaaaa",
        "properties": {
          "createMode": "Default",
          "collation": "aaaaaaaaaaaaaaaaa",
          "maxSizeBytes": 23,
          "sampleName": "AdventureWorksLT",
          "elasticPoolId": "aaaaaaaaaaa",
          "sourceDatabaseId": "aa",
          "status": "Online",
          "databaseId": "00000000-0000-0000-0000-000000000000",
          "creationDate": "2021-12-08T07:24:59.462Z",
          "currentServiceObjectiveName": "aaaaaa",
          "requestedServiceObjectiveName": "aaaaaaaaaaaaaaaaaaaaaaaaaaaaaa",
          "defaultSecondaryLocation": "aaaaaaaaaaaa",
          "failoverGroupId": "aaaaaaaaaaaaaaaaaaaaaaaaaaaa",
          "restorePointInTime": "2021-12-08T07:24:59.462Z",
          "sourceDatabaseDeletionDate": "2021-12-08T07:24:59.462Z",
          "recoveryServicesRecoveryPointId": "aaaaaaaaaaaaaaaaaaaaaaaaaaaa",
          "longTermRetentionBackupResourceId": "aaaaaaaa",
          "recoverableDatabaseId": "aaaaaaaaaaaaaaaaaaaa",
          "restorableDroppedDatabaseId": "aaaa",
          "catalogCollation": "DATABASE_DEFAULT",
          "zoneRedundant": true,
          "licenseType": "LicenseIncluded",
          "maxLogSizeBytes": 25,
          "earliestRestoreDate": "2021-12-08T07:24:59.462Z",
          "readScale": "Enabled",
          "highAvailabilityReplicaCount": 2,
          "secondaryType": "Geo",
          "currentSku": {
            "name": "testdb",
            "tier": "aaaaaaaaaaaaaaaaaaaaaaaaaaaaa",
            "size": "aaaaaaaaaaaaaaaa",
            "family": "aaaaaaaaaaaaaaaa",
            "capacity": 29
          },
          "autoPauseDelay": 29,
          "currentBackupStorageRedundancy": "Geo",
          "requestedBackupStorageRedundancy": "Geo",
          "minCapacity": 6,
          "pausedDate": "2021-12-08T07:24:59.462Z",
          "resumedDate": "2021-12-08T07:24:59.462Z",
          "maintenanceConfigurationId": "aaaaaaaaaaaaaaaaaaa",
          "isLedgerOn": true,
          "isInfraEncryptionEnabled": true
        }
      }
    }
  ],
  "Variables": {
    "RandomSeed": "1445475010",
    "RESOURCE_MANAGER_URL": "https://localhost:8443",
    "SUBSCRIPTION_ID": "00000000-0000-0000-0000-000000000000"
  }
}
