{
  "Entries": [
    {
      "RequestUri": "/subscriptions/b80cf239-2c72-47ab-b309-b26aec4656b1/providers/Microsoft.Search/register?api-version=2016-02-01",
      "EncodedRequestUri": "L3N1YnNjcmlwdGlvbnMvYjgwY2YyMzktMmM3Mi00N2FiLWIzMDktYjI2YWVjNDY1NmIxL3Byb3ZpZGVycy9NaWNyb3NvZnQuU2VhcmNoL3JlZ2lzdGVyP2FwaS12ZXJzaW9uPTIwMTYtMDItMDE=",
      "RequestMethod": "POST",
      "RequestBody": "",
      "RequestHeaders": {
        "x-ms-client-request-id": [
          "aa620b3b-f694-483e-aac0-00e6dbf5253d"
        ],
        "accept-language": [
          "en-US"
        ],
        "User-Agent": [
          "FxVersion/4.6.24214.01",
          "Microsoft.Azure.Management.ResourceManager.ResourceManagementClient/1.1.1-preview"
        ]
      },
      "ResponseBody": "{\r\n  \"id\": \"/subscriptions/b80cf239-2c72-47ab-b309-b26aec4656b1/providers/Microsoft.Search\",\r\n  \"namespace\": \"Microsoft.Search\",\r\n  \"resourceTypes\": [\r\n    {\r\n      \"resourceType\": \"searchServices\",\r\n      \"locations\": [\r\n        \"West US\"\r\n      ],\r\n      \"apiVersions\": [\r\n        \"2015-08-19\",\r\n        \"2015-02-28\",\r\n        \"2014-07-31-Preview\"\r\n      ],\r\n      \"capabilities\": \"CrossResourceGroupResourceMove, CrossSubscriptionResourceMove\"\r\n    },\r\n    {\r\n      \"resourceType\": \"searchServicesCit\",\r\n      \"locations\": [\r\n        \"West US\"\r\n      ],\r\n      \"apiVersions\": [\r\n        \"2015-08-19\",\r\n        \"2015-02-28\",\r\n        \"2014-07-31-Preview\"\r\n      ],\r\n      \"capabilities\": \"CrossResourceGroupResourceMove, CrossSubscriptionResourceMove\"\r\n    },\r\n    {\r\n      \"resourceType\": \"searchServicesNxt\",\r\n      \"locations\": [\r\n        \"West US\"\r\n      ],\r\n      \"apiVersions\": [\r\n        \"2015-08-19\",\r\n        \"2015-02-28\",\r\n        \"2014-07-31-Preview\"\r\n      ],\r\n      \"capabilities\": \"CrossResourceGroupResourceMove, CrossSubscriptionResourceMove\"\r\n    },\r\n    {\r\n      \"resourceType\": \"searchServicesInt\",\r\n      \"locations\": [\r\n        \"West US\"\r\n      ],\r\n      \"apiVersions\": [\r\n        \"2015-08-19\",\r\n        \"2015-02-28\",\r\n        \"2014-07-31-Preview\"\r\n      ],\r\n      \"capabilities\": \"CrossResourceGroupResourceMove, CrossSubscriptionResourceMove\"\r\n    },\r\n    {\r\n      \"resourceType\": \"searchServicesPpe\",\r\n      \"locations\": [\r\n        \"West US\"\r\n      ],\r\n      \"apiVersions\": [\r\n        \"2015-08-19\",\r\n        \"2015-02-28\",\r\n        \"2014-07-31-Preview\"\r\n      ],\r\n      \"capabilities\": \"CrossResourceGroupResourceMove, CrossSubscriptionResourceMove\"\r\n    },\r\n    {\r\n      \"resourceType\": \"checkServiceNameAvailability\",\r\n      \"locations\": [],\r\n      \"apiVersions\": [\r\n        \"2015-02-28\",\r\n        \"2014-07-31-Preview\"\r\n      ]\r\n    },\r\n    {\r\n      \"resourceType\": \"checkServiceNameAvailabilityCit\",\r\n      \"locations\": [],\r\n      \"apiVersions\": [\r\n        \"2015-02-28\",\r\n        \"2014-07-31-Preview\"\r\n      ]\r\n    },\r\n    {\r\n      \"resourceType\": \"checkServiceNameAvailabilityNxt\",\r\n      \"locations\": [],\r\n      \"apiVersions\": [\r\n        \"2015-02-28\",\r\n        \"2014-07-31-Preview\"\r\n      ]\r\n    },\r\n    {\r\n      \"resourceType\": \"checkServiceNameAvailabilityInt\",\r\n      \"locations\": [],\r\n      \"apiVersions\": [\r\n        \"2015-02-28\",\r\n        \"2014-07-31-Preview\"\r\n      ]\r\n    },\r\n    {\r\n      \"resourceType\": \"checkServiceNameAvailabilityPpe\",\r\n      \"locations\": [],\r\n      \"apiVersions\": [\r\n        \"2015-02-28\",\r\n        \"2014-07-31-Preview\"\r\n      ]\r\n    },\r\n    {\r\n      \"resourceType\": \"checkNameAvailability\",\r\n      \"locations\": [],\r\n      \"apiVersions\": [\r\n        \"2015-08-19\"\r\n      ]\r\n    },\r\n    {\r\n      \"resourceType\": \"checkNameAvailabilityCit\",\r\n      \"locations\": [],\r\n      \"apiVersions\": [\r\n        \"2015-08-19\"\r\n      ]\r\n    },\r\n    {\r\n      \"resourceType\": \"checkNameAvailabilityNxt\",\r\n      \"locations\": [],\r\n      \"apiVersions\": [\r\n        \"2015-08-19\"\r\n      ]\r\n    },\r\n    {\r\n      \"resourceType\": \"checkNameAvailabilityInt\",\r\n      \"locations\": [],\r\n      \"apiVersions\": [\r\n        \"2015-08-19\"\r\n      ]\r\n    },\r\n    {\r\n      \"resourceType\": \"checkNameAvailabilityPpe\",\r\n      \"locations\": [],\r\n      \"apiVersions\": [\r\n        \"2015-08-19\"\r\n      ]\r\n    },\r\n    {\r\n      \"resourceType\": \"operations\",\r\n      \"locations\": [],\r\n      \"apiVersions\": [\r\n        \"2015-08-19\",\r\n        \"2015-02-28\"\r\n      ]\r\n    }\r\n  ],\r\n  \"registrationState\": \"Registered\"\r\n}",
      "ResponseHeaders": {
        "Content-Type": [
          "application/json; charset=utf-8"
        ],
        "Expires": [
          "-1"
        ],
        "Cache-Control": [
          "no-cache"
        ],
        "Date": [
          "Wed, 23 Nov 2016 22:28:12 GMT"
        ],
        "Pragma": [
          "no-cache"
        ],
        "Vary": [
          "Accept-Encoding"
        ],
        "x-ms-ratelimit-remaining-subscription-writes": [
          "1152"
        ],
        "x-ms-request-id": [
          "e23170a3-f575-4d0b-8b4d-3bc46b91460e"
        ],
        "x-ms-correlation-request-id": [
          "e23170a3-f575-4d0b-8b4d-3bc46b91460e"
        ],
        "x-ms-routing-request-id": [
          "CENTRALUS:20161123T222813Z:e23170a3-f575-4d0b-8b4d-3bc46b91460e"
        ],
        "Strict-Transport-Security": [
          "max-age=31536000; includeSubDomains"
        ]
      },
      "StatusCode": 200
    },
    {
      "RequestUri": "/subscriptions/b80cf239-2c72-47ab-b309-b26aec4656b1/resourcegroups/azsmnet3122?api-version=2016-02-01",
      "EncodedRequestUri": "L3N1YnNjcmlwdGlvbnMvYjgwY2YyMzktMmM3Mi00N2FiLWIzMDktYjI2YWVjNDY1NmIxL3Jlc291cmNlZ3JvdXBzL2F6c21uZXQzMTIyP2FwaS12ZXJzaW9uPTIwMTYtMDItMDE=",
      "RequestMethod": "PUT",
      "RequestBody": "{\r\n  \"location\": \"West US\"\r\n}",
      "RequestHeaders": {
        "Content-Type": [
          "application/json; charset=utf-8"
        ],
        "Content-Length": [
          "29"
        ],
        "x-ms-client-request-id": [
          "433e2f24-3b38-4575-aaf4-2851908e1163"
        ],
        "accept-language": [
          "en-US"
        ],
        "User-Agent": [
          "FxVersion/4.6.24214.01",
          "Microsoft.Azure.Management.ResourceManager.ResourceManagementClient/1.1.1-preview"
        ]
      },
      "ResponseBody": "{\r\n  \"id\": \"/subscriptions/b80cf239-2c72-47ab-b309-b26aec4656b1/resourceGroups/azsmnet3122\",\r\n  \"name\": \"azsmnet3122\",\r\n  \"location\": \"westus\",\r\n  \"properties\": {\r\n    \"provisioningState\": \"Succeeded\"\r\n  }\r\n}",
      "ResponseHeaders": {
        "Content-Length": [
          "175"
        ],
        "Content-Type": [
          "application/json; charset=utf-8"
        ],
        "Expires": [
          "-1"
        ],
        "Cache-Control": [
          "no-cache"
        ],
        "Date": [
          "Wed, 23 Nov 2016 22:28:12 GMT"
        ],
        "Pragma": [
          "no-cache"
        ],
        "x-ms-ratelimit-remaining-subscription-writes": [
          "1151"
        ],
        "x-ms-request-id": [
          "8750f5af-ef25-49a9-9001-421a79b593f1"
        ],
        "x-ms-correlation-request-id": [
          "8750f5af-ef25-49a9-9001-421a79b593f1"
        ],
        "x-ms-routing-request-id": [
          "CENTRALUS:20161123T222813Z:8750f5af-ef25-49a9-9001-421a79b593f1"
        ],
        "Strict-Transport-Security": [
          "max-age=31536000; includeSubDomains"
        ]
      },
      "StatusCode": 201
    },
    {
      "RequestUri": "/subscriptions/b80cf239-2c72-47ab-b309-b26aec4656b1/resourceGroups/azsmnet3122/providers/Microsoft.Search/searchServices/azs-597?api-version=2015-08-19",
      "EncodedRequestUri": "L3N1YnNjcmlwdGlvbnMvYjgwY2YyMzktMmM3Mi00N2FiLWIzMDktYjI2YWVjNDY1NmIxL3Jlc291cmNlR3JvdXBzL2F6c21uZXQzMTIyL3Byb3ZpZGVycy9NaWNyb3NvZnQuU2VhcmNoL3NlYXJjaFNlcnZpY2VzL2F6cy01OTc/YXBpLXZlcnNpb249MjAxNS0wOC0xOQ==",
      "RequestMethod": "PUT",
      "RequestBody": "{\r\n  \"sku\": {\r\n    \"name\": \"free\"\r\n  },\r\n  \"location\": \"West US\"\r\n}",
      "RequestHeaders": {
        "Content-Type": [
          "application/json; charset=utf-8"
        ],
        "Content-Length": [
          "67"
        ],
        "x-ms-client-request-id": [
          "d295e6fc-8b01-450d-86f6-50bf1ada580a"
        ],
        "accept-language": [
          "en-US"
        ],
        "User-Agent": [
          "FxVersion/4.6.24214.01",
          "Microsoft.Azure.Management.Search.SearchManagementClient/1.0.0-rc"
        ]
      },
      "ResponseBody": "{\r\n  \"id\": \"/subscriptions/b80cf239-2c72-47ab-b309-b26aec4656b1/resourceGroups/azsmnet3122/providers/Microsoft.Search/searchServices/azs-597\",\r\n  \"name\": \"azs-597\",\r\n  \"type\": \"Microsoft.Search/searchServices\",\r\n  \"location\": \"West US\",\r\n  \"properties\": {\r\n    \"replicaCount\": 1,\r\n    \"partitionCount\": 1,\r\n    \"status\": \"running\",\r\n    \"statusDetails\": null,\r\n    \"provisioningState\": \"succeeded\",\r\n    \"hostingMode\": \"Default\"\r\n  },\r\n  \"sku\": {\r\n    \"name\": \"free\"\r\n  }\r\n}",
      "ResponseHeaders": {
        "Content-Length": [
          "385"
        ],
        "Content-Type": [
          "application/json; charset=utf-8"
        ],
        "Expires": [
          "-1"
        ],
        "Cache-Control": [
          "no-cache"
        ],
        "Date": [
          "Wed, 23 Nov 2016 22:28:19 GMT"
        ],
        "Pragma": [
          "no-cache"
        ],
        "ETag": [
          "W/\"datetime'2016-11-23T22%3A28%3A19.7761991Z'\""
        ],
        "x-ms-request-id": [
          "d295e6fc-8b01-450d-86f6-50bf1ada580a"
        ],
        "request-id": [
          "d295e6fc-8b01-450d-86f6-50bf1ada580a"
        ],
        "elapsed-time": [
          "4543"
        ],
        "Strict-Transport-Security": [
          "max-age=31536000; includeSubDomains"
        ],
        "X-AspNet-Version": [
          "4.0.30319"
        ],
        "x-ms-ratelimit-remaining-subscription-writes": [
          "1150"
        ],
        "x-ms-correlation-request-id": [
          "d6010458-302a-4774-ad52-95cfdef1974e"
        ],
        "x-ms-routing-request-id": [
          "CENTRALUS:20161123T222819Z:d6010458-302a-4774-ad52-95cfdef1974e"
        ]
      },
      "StatusCode": 201
    },
    {
      "RequestUri": "/subscriptions/b80cf239-2c72-47ab-b309-b26aec4656b1/resourceGroups/azsmnet3122/providers/Microsoft.Search/searchServices/azs-597/listAdminKeys?api-version=2015-08-19",
      "EncodedRequestUri": "L3N1YnNjcmlwdGlvbnMvYjgwY2YyMzktMmM3Mi00N2FiLWIzMDktYjI2YWVjNDY1NmIxL3Jlc291cmNlR3JvdXBzL2F6c21uZXQzMTIyL3Byb3ZpZGVycy9NaWNyb3NvZnQuU2VhcmNoL3NlYXJjaFNlcnZpY2VzL2F6cy01OTcvbGlzdEFkbWluS2V5cz9hcGktdmVyc2lvbj0yMDE1LTA4LTE5",
      "RequestMethod": "POST",
      "RequestBody": "",
      "RequestHeaders": {
        "x-ms-client-request-id": [
          "87b4554d-19e2-4ede-a6eb-319c8e20b9e0"
        ],
        "accept-language": [
          "en-US"
        ],
        "User-Agent": [
          "FxVersion/4.6.24214.01",
          "Microsoft.Azure.Management.Search.SearchManagementClient/1.0.0-rc"
        ]
      },
      "ResponseBody": "{\r\n  \"primaryKey\": \"6632DDF0E2CE6BC13DA1798298FC93F9\",\r\n  \"secondaryKey\": \"0B918BD98F8046499E7AE3E9CE7C5284\"\r\n}",
      "ResponseHeaders": {
        "Content-Type": [
          "application/json; charset=utf-8"
        ],
        "Expires": [
          "-1"
        ],
        "Cache-Control": [
          "no-cache"
        ],
        "Date": [
          "Wed, 23 Nov 2016 22:28:21 GMT"
        ],
        "Pragma": [
          "no-cache"
        ],
        "Transfer-Encoding": [
          "chunked"
        ],
        "Vary": [
          "Accept-Encoding",
          "Accept-Encoding"
        ],
        "x-ms-request-id": [
          "87b4554d-19e2-4ede-a6eb-319c8e20b9e0"
        ],
        "request-id": [
          "87b4554d-19e2-4ede-a6eb-319c8e20b9e0"
        ],
        "elapsed-time": [
          "177"
        ],
        "Strict-Transport-Security": [
          "max-age=31536000; includeSubDomains"
        ],
        "X-AspNet-Version": [
          "4.0.30319"
        ],
        "x-ms-ratelimit-remaining-subscription-writes": [
          "1149"
        ],
        "x-ms-correlation-request-id": [
          "d5f1276d-1b8c-4ba1-97bf-3e50c8366fe5"
        ],
        "x-ms-routing-request-id": [
          "CENTRALUS:20161123T222821Z:d5f1276d-1b8c-4ba1-97bf-3e50c8366fe5"
        ]
      },
      "StatusCode": 200
    },
    {
      "RequestUri": "/subscriptions/b80cf239-2c72-47ab-b309-b26aec4656b1/resourceGroups/azsmnet3122/providers/Microsoft.Search/searchServices/azs-597/listQueryKeys?api-version=2015-08-19",
      "EncodedRequestUri": "L3N1YnNjcmlwdGlvbnMvYjgwY2YyMzktMmM3Mi00N2FiLWIzMDktYjI2YWVjNDY1NmIxL3Jlc291cmNlR3JvdXBzL2F6c21uZXQzMTIyL3Byb3ZpZGVycy9NaWNyb3NvZnQuU2VhcmNoL3NlYXJjaFNlcnZpY2VzL2F6cy01OTcvbGlzdFF1ZXJ5S2V5cz9hcGktdmVyc2lvbj0yMDE1LTA4LTE5",
      "RequestMethod": "GET",
      "RequestBody": "",
      "RequestHeaders": {
        "x-ms-client-request-id": [
          "3d22e8ca-0080-404e-af83-c037999909e6"
        ],
        "accept-language": [
          "en-US"
        ],
        "User-Agent": [
          "FxVersion/4.6.24214.01",
          "Microsoft.Azure.Management.Search.SearchManagementClient/1.0.0-rc"
        ]
      },
      "ResponseBody": "{\r\n  \"value\": [\r\n    {\r\n      \"name\": null,\r\n      \"key\": \"0629BD55C0DCB7CB6FE817E22E17ECA0\"\r\n    }\r\n  ],\r\n  \"nextLink\": null\r\n}",
      "ResponseHeaders": {
        "Content-Type": [
          "application/json; charset=utf-8"
        ],
        "Expires": [
          "-1"
        ],
        "Cache-Control": [
          "no-cache"
        ],
        "Date": [
          "Wed, 23 Nov 2016 22:28:22 GMT"
        ],
        "Pragma": [
          "no-cache"
        ],
        "Transfer-Encoding": [
          "chunked"
        ],
        "Vary": [
          "Accept-Encoding",
          "Accept-Encoding"
        ],
        "x-ms-request-id": [
          "3d22e8ca-0080-404e-af83-c037999909e6"
        ],
        "request-id": [
          "3d22e8ca-0080-404e-af83-c037999909e6"
        ],
        "elapsed-time": [
          "1161"
        ],
        "Strict-Transport-Security": [
          "max-age=31536000; includeSubDomains"
        ],
        "X-AspNet-Version": [
          "4.0.30319"
        ],
        "x-ms-ratelimit-remaining-subscription-reads": [
          "14990"
        ],
        "x-ms-correlation-request-id": [
          "9a1e1d35-fe51-47a6-bb1f-83d0b3b0419f"
        ],
        "x-ms-routing-request-id": [
          "CENTRALUS:20161123T222822Z:9a1e1d35-fe51-47a6-bb1f-83d0b3b0419f"
        ]
      },
      "StatusCode": 200
    },
    {
      "RequestUri": "/indexes?api-version=2016-09-01",
      "EncodedRequestUri": "L2luZGV4ZXM/YXBpLXZlcnNpb249MjAxNi0wOS0wMQ==",
      "RequestMethod": "POST",
      "RequestBody": "{\r\n  \"name\": \"azsmnet7359\",\r\n  \"fields\": [\r\n    {\r\n      \"name\": \"hotelId\",\r\n      \"type\": \"Edm.String\",\r\n      \"key\": true,\r\n      \"searchable\": false,\r\n      \"filterable\": true,\r\n      \"sortable\": true,\r\n      \"facetable\": true,\r\n      \"retrievable\": true\r\n    },\r\n    {\r\n      \"name\": \"baseRate\",\r\n      \"type\": \"Edm.Double\",\r\n      \"key\": false,\r\n      \"searchable\": false,\r\n      \"filterable\": true,\r\n      \"sortable\": true,\r\n      \"facetable\": true,\r\n      \"retrievable\": true\r\n    },\r\n    {\r\n      \"name\": \"description\",\r\n      \"type\": \"Edm.String\",\r\n      \"key\": false,\r\n      \"searchable\": true,\r\n      \"filterable\": false,\r\n      \"sortable\": false,\r\n      \"facetable\": false,\r\n      \"retrievable\": true\r\n    },\r\n    {\r\n      \"name\": \"descriptionFr\",\r\n      \"type\": \"Edm.String\",\r\n      \"analyzer\": \"fr.lucene\",\r\n      \"key\": false,\r\n      \"searchable\": true,\r\n      \"filterable\": false,\r\n      \"sortable\": false,\r\n      \"facetable\": false,\r\n      \"retrievable\": true\r\n    },\r\n    {\r\n      \"name\": \"hotelName\",\r\n      \"type\": \"Edm.String\",\r\n      \"key\": false,\r\n      \"searchable\": true,\r\n      \"filterable\": true,\r\n      \"sortable\": true,\r\n      \"facetable\": true,\r\n      \"retrievable\": true\r\n    },\r\n    {\r\n      \"name\": \"category\",\r\n      \"type\": \"Edm.String\",\r\n      \"key\": false,\r\n      \"searchable\": true,\r\n      \"filterable\": true,\r\n      \"sortable\": true,\r\n      \"facetable\": true,\r\n      \"retrievable\": true\r\n    },\r\n    {\r\n      \"name\": \"tags\",\r\n      \"type\": \"Collection(Edm.String)\",\r\n      \"key\": false,\r\n      \"searchable\": true,\r\n      \"filterable\": true,\r\n      \"sortable\": false,\r\n      \"facetable\": true,\r\n      \"retrievable\": true\r\n    },\r\n    {\r\n      \"name\": \"parkingIncluded\",\r\n      \"type\": \"Edm.Boolean\",\r\n      \"key\": false,\r\n      \"searchable\": false,\r\n      \"filterable\": true,\r\n      \"sortable\": true,\r\n      \"facetable\": true,\r\n      \"retrievable\": true\r\n    },\r\n    {\r\n      \"name\": \"smokingAllowed\",\r\n      \"type\": \"Edm.Boolean\",\r\n      \"key\": false,\r\n      \"searchable\": false,\r\n      \"filterable\": true,\r\n      \"sortable\": true,\r\n      \"facetable\": true,\r\n      \"retrievable\": true\r\n    },\r\n    {\r\n      \"name\": \"lastRenovationDate\",\r\n      \"type\": \"Edm.DateTimeOffset\",\r\n      \"key\": false,\r\n      \"searchable\": false,\r\n      \"filterable\": true,\r\n      \"sortable\": true,\r\n      \"facetable\": true,\r\n      \"retrievable\": true\r\n    },\r\n    {\r\n      \"name\": \"rating\",\r\n      \"type\": \"Edm.Int32\",\r\n      \"key\": false,\r\n      \"searchable\": false,\r\n      \"filterable\": true,\r\n      \"sortable\": true,\r\n      \"facetable\": true,\r\n      \"retrievable\": true\r\n    },\r\n    {\r\n      \"name\": \"location\",\r\n      \"type\": \"Edm.GeographyPoint\",\r\n      \"key\": false,\r\n      \"searchable\": false,\r\n      \"filterable\": true,\r\n      \"sortable\": true,\r\n      \"facetable\": false,\r\n      \"retrievable\": true\r\n    }\r\n  ],\r\n  \"scoringProfiles\": [\r\n    {\r\n      \"name\": \"nearest\",\r\n      \"functions\": [\r\n        {\r\n          \"type\": \"distance\",\r\n          \"distance\": {\r\n            \"referencePointParameter\": \"myloc\",\r\n            \"boostingDistance\": 100.0\r\n          },\r\n          \"fieldName\": \"location\",\r\n          \"boost\": 2.0\r\n        }\r\n      ],\r\n      \"functionAggregation\": \"sum\"\r\n    }\r\n  ],\r\n  \"suggesters\": [\r\n    {\r\n      \"name\": \"sg\",\r\n      \"searchMode\": \"analyzingInfixMatching\",\r\n      \"sourceFields\": [\r\n        \"description\",\r\n        \"hotelName\"\r\n      ]\r\n    }\r\n  ]\r\n}",
      "RequestHeaders": {
        "Content-Type": [
          "application/json; charset=utf-8"
        ],
        "Content-Length": [
          "3401"
        ],
        "client-request-id": [
          "f3a98115-cebc-4e1c-bd6d-9e218951f66b"
        ],
        "accept-language": [
          "en-US"
        ],
        "api-key": [
          "6632DDF0E2CE6BC13DA1798298FC93F9"
        ],
        "Prefer": [
          "return=representation"
        ],
        "User-Agent": [
          "FxVersion/4.6.24214.01",
          "Microsoft.Azure.Search.SearchServiceClient/3.0.0-rc"
        ]
      },
      "ResponseBody": "{\r\n  \"@odata.context\": \"https://azs-597.search-dogfood.windows-int.net/$metadata#indexes/$entity\",\r\n  \"@odata.etag\": \"\\\"0x8D413F00AFA7AF7\\\"\",\r\n  \"name\": \"azsmnet7359\",\r\n  \"fields\": [\r\n    {\r\n      \"name\": \"hotelId\",\r\n      \"type\": \"Edm.String\",\r\n      \"searchable\": false,\r\n      \"filterable\": true,\r\n      \"retrievable\": true,\r\n      \"sortable\": true,\r\n      \"facetable\": true,\r\n      \"key\": true,\r\n      \"indexAnalyzer\": null,\r\n      \"searchAnalyzer\": null,\r\n      \"analyzer\": null\r\n    },\r\n    {\r\n      \"name\": \"baseRate\",\r\n      \"type\": \"Edm.Double\",\r\n      \"searchable\": false,\r\n      \"filterable\": true,\r\n      \"retrievable\": true,\r\n      \"sortable\": true,\r\n      \"facetable\": true,\r\n      \"key\": false,\r\n      \"indexAnalyzer\": null,\r\n      \"searchAnalyzer\": null,\r\n      \"analyzer\": null\r\n    },\r\n    {\r\n      \"name\": \"description\",\r\n      \"type\": \"Edm.String\",\r\n      \"searchable\": true,\r\n      \"filterable\": false,\r\n      \"retrievable\": true,\r\n      \"sortable\": false,\r\n      \"facetable\": false,\r\n      \"key\": false,\r\n      \"indexAnalyzer\": null,\r\n      \"searchAnalyzer\": null,\r\n      \"analyzer\": null\r\n    },\r\n    {\r\n      \"name\": \"descriptionFr\",\r\n      \"type\": \"Edm.String\",\r\n      \"searchable\": true,\r\n      \"filterable\": false,\r\n      \"retrievable\": true,\r\n      \"sortable\": false,\r\n      \"facetable\": false,\r\n      \"key\": false,\r\n      \"indexAnalyzer\": null,\r\n      \"searchAnalyzer\": null,\r\n      \"analyzer\": \"fr.lucene\"\r\n    },\r\n    {\r\n      \"name\": \"hotelName\",\r\n      \"type\": \"Edm.String\",\r\n      \"searchable\": true,\r\n      \"filterable\": true,\r\n      \"retrievable\": true,\r\n      \"sortable\": true,\r\n      \"facetable\": true,\r\n      \"key\": false,\r\n      \"indexAnalyzer\": null,\r\n      \"searchAnalyzer\": null,\r\n      \"analyzer\": null\r\n    },\r\n    {\r\n      \"name\": \"category\",\r\n      \"type\": \"Edm.String\",\r\n      \"searchable\": true,\r\n      \"filterable\": true,\r\n      \"retrievable\": true,\r\n      \"sortable\": true,\r\n      \"facetable\": true,\r\n      \"key\": false,\r\n      \"indexAnalyzer\": null,\r\n      \"searchAnalyzer\": null,\r\n      \"analyzer\": null\r\n    },\r\n    {\r\n      \"name\": \"tags\",\r\n      \"type\": \"Collection(Edm.String)\",\r\n      \"searchable\": true,\r\n      \"filterable\": true,\r\n      \"retrievable\": true,\r\n      \"sortable\": false,\r\n      \"facetable\": true,\r\n      \"key\": false,\r\n      \"indexAnalyzer\": null,\r\n      \"searchAnalyzer\": null,\r\n      \"analyzer\": null\r\n    },\r\n    {\r\n      \"name\": \"parkingIncluded\",\r\n      \"type\": \"Edm.Boolean\",\r\n      \"searchable\": false,\r\n      \"filterable\": true,\r\n      \"retrievable\": true,\r\n      \"sortable\": true,\r\n      \"facetable\": true,\r\n      \"key\": false,\r\n      \"indexAnalyzer\": null,\r\n      \"searchAnalyzer\": null,\r\n      \"analyzer\": null\r\n    },\r\n    {\r\n      \"name\": \"smokingAllowed\",\r\n      \"type\": \"Edm.Boolean\",\r\n      \"searchable\": false,\r\n      \"filterable\": true,\r\n      \"retrievable\": true,\r\n      \"sortable\": true,\r\n      \"facetable\": true,\r\n      \"key\": false,\r\n      \"indexAnalyzer\": null,\r\n      \"searchAnalyzer\": null,\r\n      \"analyzer\": null\r\n    },\r\n    {\r\n      \"name\": \"lastRenovationDate\",\r\n      \"type\": \"Edm.DateTimeOffset\",\r\n      \"searchable\": false,\r\n      \"filterable\": true,\r\n      \"retrievable\": true,\r\n      \"sortable\": true,\r\n      \"facetable\": true,\r\n      \"key\": false,\r\n      \"indexAnalyzer\": null,\r\n      \"searchAnalyzer\": null,\r\n      \"analyzer\": null\r\n    },\r\n    {\r\n      \"name\": \"rating\",\r\n      \"type\": \"Edm.Int32\",\r\n      \"searchable\": false,\r\n      \"filterable\": true,\r\n      \"retrievable\": true,\r\n      \"sortable\": true,\r\n      \"facetable\": true,\r\n      \"key\": false,\r\n      \"indexAnalyzer\": null,\r\n      \"searchAnalyzer\": null,\r\n      \"analyzer\": null\r\n    },\r\n    {\r\n      \"name\": \"location\",\r\n      \"type\": \"Edm.GeographyPoint\",\r\n      \"searchable\": false,\r\n      \"filterable\": true,\r\n      \"retrievable\": true,\r\n      \"sortable\": true,\r\n      \"facetable\": false,\r\n      \"key\": false,\r\n      \"indexAnalyzer\": null,\r\n      \"searchAnalyzer\": null,\r\n      \"analyzer\": null\r\n    }\r\n  ],\r\n  \"scoringProfiles\": [\r\n    {\r\n      \"name\": \"nearest\",\r\n      \"text\": null,\r\n      \"functions\": [\r\n        {\r\n          \"fieldName\": \"location\",\r\n          \"freshness\": null,\r\n          \"interpolation\": \"linear\",\r\n          \"magnitude\": null,\r\n          \"distance\": {\r\n            \"referencePointParameter\": \"myloc\",\r\n            \"boostingDistance\": 100.0\r\n          },\r\n          \"tag\": null,\r\n          \"type\": \"distance\",\r\n          \"boost\": 2.0\r\n        }\r\n      ],\r\n      \"functionAggregation\": \"sum\"\r\n    }\r\n  ],\r\n  \"defaultScoringProfile\": null,\r\n  \"corsOptions\": null,\r\n  \"suggesters\": [\r\n    {\r\n      \"name\": \"sg\",\r\n      \"searchMode\": \"analyzingInfixMatching\",\r\n      \"sourceFields\": [\r\n        \"description\",\r\n        \"hotelName\"\r\n      ]\r\n    }\r\n  ],\r\n  \"analyzers\": [],\r\n  \"tokenizers\": [],\r\n  \"tokenFilters\": [],\r\n  \"charFilters\": []\r\n}",
      "ResponseHeaders": {
        "Content-Length": [
          "3140"
        ],
        "Content-Type": [
          "application/json; odata.metadata=minimal"
        ],
        "Expires": [
          "-1"
        ],
        "Cache-Control": [
          "no-cache"
        ],
        "Date": [
          "Wed, 23 Nov 2016 22:28:26 GMT"
        ],
        "Pragma": [
          "no-cache"
        ],
        "ETag": [
          "W/\"0x8D413F00AFA7AF7\""
        ],
        "Location": [
          "https://azs-597.search-dogfood.windows-int.net/indexes('azsmnet7359')?api-version=2016-09-01"
        ],
        "request-id": [
          "f3a98115-cebc-4e1c-bd6d-9e218951f66b"
        ],
        "elapsed-time": [
          "1833"
        ],
        "OData-Version": [
          "4.0"
        ],
        "Preference-Applied": [
          "odata.include-annotations=\"*\""
        ],
        "Strict-Transport-Security": [
          "max-age=15724800; includeSubDomains"
        ]
      },
      "StatusCode": 201
    },
    {
      "RequestUri": "/indexes('azsmnet7359')/docs/search.index?api-version=2016-09-01",
      "EncodedRequestUri": "L2luZGV4ZXMoJ2F6c21uZXQ3MzU5JykvZG9jcy9zZWFyY2guaW5kZXg/YXBpLXZlcnNpb249MjAxNi0wOS0wMQ==",
      "RequestMethod": "POST",
      "RequestBody": "{\r\n  \"value\": [\r\n    {\r\n      \"@search.action\": \"upload\",\r\n      \"hotelId\": \"1\",\r\n      \"baseRate\": 199.0,\r\n      \"description\": \"Best hotel in town if you like luxury hotels. They have an amazing infinity pool, a spa, and a really helpful concierge. The location is perfect -- right downtown, close to all the tourist attractions. We highly recommend this hotel.\",\r\n      \"descriptionFr\": \"Meilleur hôtel en ville si vous aimez les hôtels de luxe. Ils ont une magnifique piscine à débordement, un spa et un concierge très utile. L'emplacement est parfait – en plein centre, à proximité de toutes les attractions touristiques. Nous recommandons fortement cet hôtel.\",\r\n      \"hotelName\": \"Fancy Stay\",\r\n      \"category\": \"Luxury\",\r\n      \"tags\": [\r\n        \"pool\",\r\n        \"view\",\r\n        \"wifi\",\r\n        \"concierge\"\r\n      ],\r\n      \"parkingIncluded\": false,\r\n      \"smokingAllowed\": false,\r\n      \"lastRenovationDate\": \"2010-06-26T17:00:00-07:00\",\r\n      \"rating\": 5,\r\n      \"location\": {\r\n        \"type\": \"Point\",\r\n        \"coordinates\": [\r\n          -122.131577,\r\n          47.678581\r\n        ]\r\n      }\r\n    },\r\n    {\r\n      \"@search.action\": \"upload\",\r\n      \"hotelId\": \"2\",\r\n      \"baseRate\": 79.99,\r\n      \"description\": \"Cheapest hotel in town\",\r\n      \"descriptionFr\": \"Hôtel le moins cher en ville\",\r\n      \"hotelName\": \"Roach Motel\",\r\n      \"category\": \"Budget\",\r\n      \"tags\": [\r\n        \"motel\",\r\n        \"budget\"\r\n      ],\r\n      \"parkingIncluded\": true,\r\n      \"smokingAllowed\": true,\r\n      \"lastRenovationDate\": \"1982-04-27T17:00:00-07:00\",\r\n      \"rating\": 1,\r\n      \"location\": {\r\n        \"type\": \"Point\",\r\n        \"coordinates\": [\r\n          -122.131577,\r\n          49.678581\r\n        ]\r\n      }\r\n    },\r\n    {\r\n      \"@search.action\": \"upload\",\r\n      \"hotelId\": \"3\",\r\n      \"baseRate\": 129.99,\r\n      \"description\": \"Most popular hotel in town\",\r\n      \"descriptionFr\": \"Hôtel le plus populaire en ville\",\r\n      \"hotelName\": \"EconoStay\",\r\n      \"category\": \"Budget\",\r\n      \"tags\": [\r\n        \"wifi\",\r\n        \"budget\"\r\n      ],\r\n      \"parkingIncluded\": true,\r\n      \"smokingAllowed\": false,\r\n      \"lastRenovationDate\": \"1995-06-30T17:00:00-07:00\",\r\n      \"rating\": 4,\r\n      \"location\": {\r\n        \"type\": \"Point\",\r\n        \"coordinates\": [\r\n          -122.131577,\r\n          46.678581\r\n        ]\r\n      }\r\n    },\r\n    {\r\n      \"@search.action\": \"upload\",\r\n      \"hotelId\": \"4\",\r\n      \"baseRate\": 129.99,\r\n      \"description\": \"Pretty good hotel\",\r\n      \"descriptionFr\": \"Assez bon hôtel\",\r\n      \"hotelName\": \"Express Rooms\",\r\n      \"category\": \"Budget\",\r\n      \"tags\": [\r\n        \"wifi\",\r\n        \"budget\"\r\n      ],\r\n      \"parkingIncluded\": true,\r\n      \"smokingAllowed\": false,\r\n      \"lastRenovationDate\": \"1995-06-30T17:00:00-07:00\",\r\n      \"rating\": 4,\r\n      \"location\": {\r\n        \"type\": \"Point\",\r\n        \"coordinates\": [\r\n          -122.131577,\r\n          48.678581\r\n        ]\r\n      }\r\n    },\r\n    {\r\n      \"@search.action\": \"upload\",\r\n      \"hotelId\": \"5\",\r\n      \"baseRate\": 129.99,\r\n      \"description\": \"Another good hotel\",\r\n      \"descriptionFr\": \"Un autre bon hôtel\",\r\n      \"hotelName\": \"Comfy Place\",\r\n      \"category\": \"Budget\",\r\n      \"tags\": [\r\n        \"wifi\",\r\n        \"budget\"\r\n      ],\r\n      \"parkingIncluded\": true,\r\n      \"smokingAllowed\": false,\r\n      \"lastRenovationDate\": \"2012-08-11T17:00:00-07:00\",\r\n      \"rating\": 4,\r\n      \"location\": {\r\n        \"type\": \"Point\",\r\n        \"coordinates\": [\r\n          -122.131577,\r\n          48.678581\r\n        ]\r\n      }\r\n    },\r\n    {\r\n      \"@search.action\": \"upload\",\r\n      \"hotelId\": \"6\",\r\n      \"baseRate\": 279.99,\r\n      \"description\": \"Surprisingly expensive\"\r\n    }\r\n  ]\r\n}",
      "RequestHeaders": {
        "Content-Type": [
          "application/json; charset=utf-8"
        ],
        "Content-Length": [
          "3701"
        ],
        "accept-language": [
          "en-US"
        ],
        "Accept": [
          "application/json; odata.metadata=none"
        ],
        "api-key": [
          "6632DDF0E2CE6BC13DA1798298FC93F9"
        ],
        "Prefer": [
          "return=representation"
        ],
        "User-Agent": [
          "FxVersion/4.6.24214.01",
          "Microsoft.Azure.Search.SearchIndexClient/3.0.0-rc"
        ]
      },
      "ResponseBody": "{\r\n  \"value\": [\r\n    {\r\n      \"key\": \"1\",\r\n      \"status\": true,\r\n      \"errorMessage\": null,\r\n      \"statusCode\": 201\r\n    },\r\n    {\r\n      \"key\": \"2\",\r\n      \"status\": true,\r\n      \"errorMessage\": null,\r\n      \"statusCode\": 201\r\n    },\r\n    {\r\n      \"key\": \"3\",\r\n      \"status\": true,\r\n      \"errorMessage\": null,\r\n      \"statusCode\": 201\r\n    },\r\n    {\r\n      \"key\": \"4\",\r\n      \"status\": true,\r\n      \"errorMessage\": null,\r\n      \"statusCode\": 201\r\n    },\r\n    {\r\n      \"key\": \"5\",\r\n      \"status\": true,\r\n      \"errorMessage\": null,\r\n      \"statusCode\": 201\r\n    },\r\n    {\r\n      \"key\": \"6\",\r\n      \"status\": true,\r\n      \"errorMessage\": null,\r\n      \"statusCode\": 201\r\n    }\r\n  ]\r\n}",
      "ResponseHeaders": {
        "Content-Type": [
          "application/json; odata.metadata=none"
        ],
        "Expires": [
          "-1"
        ],
        "Cache-Control": [
          "no-cache"
        ],
        "Date": [
          "Wed, 23 Nov 2016 22:28:44 GMT"
        ],
        "Pragma": [
          "no-cache"
        ],
        "Vary": [
          "Accept-Encoding"
        ],
        "request-id": [
          "b4788756-5e8e-4596-bf43-4fe7b43b0156"
        ],
        "elapsed-time": [
          "169"
        ],
        "OData-Version": [
          "4.0"
        ],
        "Preference-Applied": [
          "odata.include-annotations=\"*\""
        ],
        "Strict-Transport-Security": [
          "max-age=15724800; includeSubDomains"
        ]
      },
      "StatusCode": 200
    },
    {
      "RequestUri": "/indexes('azsmnet7359')/docs/search.post.search?api-version=2016-09-01",
      "EncodedRequestUri": "L2luZGV4ZXMoJ2F6c21uZXQ3MzU5JykvZG9jcy9zZWFyY2gucG9zdC5zZWFyY2g/YXBpLXZlcnNpb249MjAxNi0wOS0wMQ==",
      "RequestMethod": "POST",
      "RequestBody": "{\r\n  \"count\": false,\r\n  \"facets\": [],\r\n  \"minimumCoverage\": 50.0,\r\n  \"queryType\": \"simple\",\r\n  \"scoringParameters\": [],\r\n  \"search\": \"*\",\r\n  \"searchMode\": \"any\"\r\n}",
      "RequestHeaders": {
        "Content-Type": [
          "application/json; charset=utf-8"
        ],
        "Content-Length": [
          "163"
        ],
        "accept-language": [
          "en-US"
        ],
        "Accept": [
          "application/json; odata.metadata=none"
        ],
        "api-key": [
          "0629BD55C0DCB7CB6FE817E22E17ECA0"
        ],
        "Prefer": [
          "return=representation"
        ],
        "User-Agent": [
          "FxVersion/4.6.24214.01",
          "Microsoft.Azure.Search.SearchIndexClient/3.0.0-rc"
        ]
      },
      "ResponseBody": "{\"@search.coverage\":100.0,\"value\":[{\"@search.score\":1.0,\"hotelId\":\"1\",\"baseRate\":199.0,\"description\":\"Best hotel in town if you like luxury hotels. They have an amazing infinity pool, a spa, and a really helpful concierge. The location is perfect -- right downtown, close to all the tourist attractions. We highly recommend this hotel.\",\"descriptionFr\":\"Meilleur h\\u00f4tel en ville si vous aimez les h\\u00f4tels de luxe. Ils ont une magnifique piscine \\u00e0 d\\u00e9bordement, un spa et un concierge tr\\u00e8s utile. L'emplacement est parfait \\u2013 en plein centre, \\u00e0 proximit\\u00e9 de toutes les attractions touristiques. Nous recommandons fortement cet h\\u00f4tel.\",\"hotelName\":\"Fancy Stay\",\"category\":\"Luxury\",\"tags\":[\"pool\",\"view\",\"wifi\",\"concierge\"],\"parkingIncluded\":false,\"smokingAllowed\":false,\"lastRenovationDate\":\"2010-06-27T00:00:00Z\",\"rating\":5,\"location\":{\"type\":\"Point\",\"coordinates\":[-122.131577,47.678581],\"crs\":{\"type\":\"name\",\"properties\":{\"name\":\"EPSG:4326\"}}}},{\"@search.score\":1.0,\"hotelId\":\"2\",\"baseRate\":79.99,\"description\":\"Cheapest hotel in town\",\"descriptionFr\":\"H\\u00f4tel le moins cher en ville\",\"hotelName\":\"Roach Motel\",\"category\":\"Budget\",\"tags\":[\"motel\",\"budget\"],\"parkingIncluded\":true,\"smokingAllowed\":true,\"lastRenovationDate\":\"1982-04-28T00:00:00Z\",\"rating\":1,\"location\":{\"type\":\"Point\",\"coordinates\":[-122.131577,49.678581],\"crs\":{\"type\":\"name\",\"properties\":{\"name\":\"EPSG:4326\"}}}},{\"@search.score\":1.0,\"hotelId\":\"3\",\"baseRate\":129.99,\"description\":\"Most popular hotel in town\",\"descriptionFr\":\"H\\u00f4tel le plus populaire en ville\",\"hotelName\":\"EconoStay\",\"category\":\"Budget\",\"tags\":[\"wifi\",\"budget\"],\"parkingIncluded\":true,\"smokingAllowed\":false,\"lastRenovationDate\":\"1995-07-01T00:00:00Z\",\"rating\":4,\"location\":{\"type\":\"Point\",\"coordinates\":[-122.131577,46.678581],\"crs\":{\"type\":\"name\",\"properties\":{\"name\":\"EPSG:4326\"}}}},{\"@search.score\":1.0,\"hotelId\":\"4\",\"baseRate\":129.99,\"description\":\"Pretty good hotel\",\"descriptionFr\":\"Assez bon h\\u00f4tel\",\"hotelName\":\"Express Rooms\",\"category\":\"Budget\",\"tags\":[\"wifi\",\"budget\"],\"parkingIncluded\":true,\"smokingAllowed\":false,\"lastRenovationDate\":\"1995-07-01T00:00:00Z\",\"rating\":4,\"location\":{\"type\":\"Point\",\"coordinates\":[-122.131577,48.678581],\"crs\":{\"type\":\"name\",\"properties\":{\"name\":\"EPSG:4326\"}}}},{\"@search.score\":1.0,\"hotelId\":\"5\",\"baseRate\":129.99,\"description\":\"Another good hotel\",\"descriptionFr\":\"Un autre bon h\\u00f4tel\",\"hotelName\":\"Comfy Place\",\"category\":\"Budget\",\"tags\":[\"wifi\",\"budget\"],\"parkingIncluded\":true,\"smokingAllowed\":false,\"lastRenovationDate\":\"2012-08-12T00:00:00Z\",\"rating\":4,\"location\":{\"type\":\"Point\",\"coordinates\":[-122.131577,48.678581],\"crs\":{\"type\":\"name\",\"properties\":{\"name\":\"EPSG:4326\"}}}},{\"@search.score\":1.0,\"hotelId\":\"6\",\"baseRate\":279.99,\"description\":\"Surprisingly expensive\",\"descriptionFr\":null,\"hotelName\":null,\"category\":null,\"tags\":[],\"parkingIncluded\":null,\"smokingAllowed\":null,\"lastRenovationDate\":null,\"rating\":null,\"location\":null}]}",
      "ResponseHeaders": {
        "Content-Type": [
          "application/json; odata.metadata=none"
        ],
        "Expires": [
          "-1"
        ],
        "Cache-Control": [
          "no-cache"
        ],
        "Date": [
          "Wed, 23 Nov 2016 22:28:52 GMT"
        ],
        "Pragma": [
          "no-cache"
        ],
        "Vary": [
          "Accept-Encoding"
        ],
        "request-id": [
          "0ee643de-fb45-4626-9a88-3bb5b627f534"
        ],
        "elapsed-time": [
          "84"
        ],
        "OData-Version": [
          "4.0"
        ],
        "Preference-Applied": [
          "odata.include-annotations=\"*\""
        ],
        "Strict-Transport-Security": [
          "max-age=15724800; includeSubDomains"
        ]
      },
      "StatusCode": 200
    },
    {
      "RequestUri": "/subscriptions/b80cf239-2c72-47ab-b309-b26aec4656b1/resourceGroups/azsmnet3122/providers/Microsoft.Search/searchServices/azs-597?api-version=2015-08-19",
      "EncodedRequestUri": "L3N1YnNjcmlwdGlvbnMvYjgwY2YyMzktMmM3Mi00N2FiLWIzMDktYjI2YWVjNDY1NmIxL3Jlc291cmNlR3JvdXBzL2F6c21uZXQzMTIyL3Byb3ZpZGVycy9NaWNyb3NvZnQuU2VhcmNoL3NlYXJjaFNlcnZpY2VzL2F6cy01OTc/YXBpLXZlcnNpb249MjAxNS0wOC0xOQ==",
      "RequestMethod": "DELETE",
      "RequestBody": "",
      "RequestHeaders": {
        "x-ms-client-request-id": [
          "6638019b-7752-4b20-96f1-aab969c080a1"
        ],
        "accept-language": [
          "en-US"
        ],
        "User-Agent": [
          "FxVersion/4.6.24214.01",
          "Microsoft.Azure.Management.Search.SearchManagementClient/1.0.0-rc"
        ]
      },
      "ResponseBody": "",
      "ResponseHeaders": {
        "Content-Length": [
          "0"
        ],
        "Expires": [
          "-1"
        ],
        "Cache-Control": [
          "no-cache"
        ],
        "Date": [
          "Wed, 23 Nov 2016 22:28:53 GMT"
        ],
        "Pragma": [
          "no-cache"
        ],
        "x-ms-request-id": [
          "6638019b-7752-4b20-96f1-aab969c080a1"
        ],
        "request-id": [
          "6638019b-7752-4b20-96f1-aab969c080a1"
        ],
        "elapsed-time": [
          "358"
        ],
        "Strict-Transport-Security": [
          "max-age=31536000; includeSubDomains"
        ],
        "X-AspNet-Version": [
          "4.0.30319"
        ],
        "x-ms-ratelimit-remaining-subscription-writes": [
          "1150"
        ],
        "x-ms-correlation-request-id": [
          "1dffcb7c-416a-41f5-b2ce-6a1c4dd29ea4"
        ],
        "x-ms-routing-request-id": [
          "CENTRALUS:20161123T222853Z:1dffcb7c-416a-41f5-b2ce-6a1c4dd29ea4"
        ]
      },
      "StatusCode": 200
    }
  ],
  "Names": {
    "GenerateName": [
      "azsmnet3122",
      "azsmnet7359"
    ],
    "GenerateServiceName": [
      "azs-597"
    ]
  },
  "Variables": {
    "SubscriptionId": "b80cf239-2c72-47ab-b309-b26aec4656b1"
  }
}