{
  "Entries": [
    {
      "RequestUri": "https://management.azure.com/subscriptions/db1ab6f0-4769-4b27-930e-01e2ef9c123c?api-version=2021-01-01",
      "RequestMethod": "GET",
      "RequestHeaders": {
        "Accept": "application/json",
        "Authorization": "Sanitized",
        "traceparent": "00-94db157fd471773dfde1363b0e1581ff-494dab6b47eccb94-00",
        "User-Agent": "azsdk-net-ResourceManager/1.2.0-alpha.20220621.2 (.NET 6.0.6; Microsoft Windows 10.0.22621)",
        "x-ms-client-request-id": "6817731b41de59beb42697438f6234a9",
        "x-ms-return-client-request-id": "true"
      },
      "RequestBody": null,
      "StatusCode": 200,
      "ResponseHeaders": {
        "Cache-Control": "no-cache",
        "Content-Length": "747",
        "Content-Type": "application/json; charset=utf-8",
        "Date": "Wed, 22 Jun 2022 04:02:39 GMT",
        "Expires": "-1",
        "Pragma": "no-cache",
        "Strict-Transport-Security": "max-age=31536000; includeSubDomains",
        "X-Content-Type-Options": "nosniff",
        "x-ms-correlation-request-id": "eb8c0551-c6c6-4ea8-9a6d-eb958209fea5",
        "x-ms-ratelimit-remaining-subscription-reads": "11992",
        "x-ms-request-id": "eb8c0551-c6c6-4ea8-9a6d-eb958209fea5",
        "x-ms-routing-request-id": "SOUTHEASTASIA:20220622T040239Z:eb8c0551-c6c6-4ea8-9a6d-eb958209fea5"
      },
      "ResponseBody": {
        "id": "/subscriptions/db1ab6f0-4769-4b27-930e-01e2ef9c123c",
        "authorizationSource": "RoleBased",
        "managedByTenants": [],
        "tags": {
          "TagKey-9823": "TagValue-566",
          "TagKey-3481": "TagValue-320",
          "TagKey-4926": "TagValue-1187",
          "TagKey-751": "TagValue-3921",
          "TagKey-1866": "TagValue-8559",
          "TagKey-3094": "TagValue-9190",
          "TagKey-2449": "TagValue-9",
          "TagKey-8379": "TagValue-164",
          "TagKey-7470": "TagValue-2205",
          "TagKey-4236": "TagValue-3698",
          "TagKey-5316": "TagValue-2725"
        },
        "subscriptionId": "db1ab6f0-4769-4b27-930e-01e2ef9c123c",
        "tenantId": "72f988bf-86f1-41af-91ab-2d7cd011db47",
        "displayName": ".NET Mgmt SDK Test with TTL = 1 Day",
        "state": "Enabled",
        "subscriptionPolicies": {
          "locationPlacementId": "Internal_2014-09-01",
          "quotaId": "Internal_2014-09-01",
          "spendingLimit": "Off"
        }
      }
    },
    {
      "RequestUri": "https://management.azure.com/subscriptions/db1ab6f0-4769-4b27-930e-01e2ef9c123c/resourcegroups/teststorageRG-3802?api-version=2021-04-01",
      "RequestMethod": "PUT",
      "RequestHeaders": {
        "Accept": "application/json",
        "Authorization": "Sanitized",
        "Content-Length": "44",
        "Content-Type": "application/json",
        "traceparent": "00-191a12dbb8abd3a7c87c89446da25bce-b3f5ffd0f667b25b-00",
        "User-Agent": "azsdk-net-ResourceManager/1.2.0-alpha.20220621.2 (.NET 6.0.6; Microsoft Windows 10.0.22621)",
        "x-ms-client-request-id": "6b212f3367c4594d3361b7151535a8f5",
        "x-ms-return-client-request-id": "true"
      },
      "RequestBody": {
        "tags": {
          "test": "env"
        },
        "location": "eastus2"
      },
      "StatusCode": 201,
      "ResponseHeaders": {
        "Cache-Control": "no-cache",
        "Content-Length": "256",
        "Content-Type": "application/json; charset=utf-8",
        "Date": "Wed, 22 Jun 2022 04:02:41 GMT",
        "Expires": "-1",
        "Pragma": "no-cache",
        "Strict-Transport-Security": "max-age=31536000; includeSubDomains",
        "X-Content-Type-Options": "nosniff",
        "x-ms-correlation-request-id": "f4facba4-ab9f-4d44-96b5-3270646163a5",
        "x-ms-ratelimit-remaining-subscription-writes": "1196",
        "x-ms-request-id": "f4facba4-ab9f-4d44-96b5-3270646163a5",
        "x-ms-routing-request-id": "SOUTHEASTASIA:20220622T040241Z:f4facba4-ab9f-4d44-96b5-3270646163a5"
      },
      "ResponseBody": {
        "id": "/subscriptions/db1ab6f0-4769-4b27-930e-01e2ef9c123c/resourceGroups/teststorageRG-3802",
        "name": "teststorageRG-3802",
        "type": "Microsoft.Resources/resourceGroups",
        "location": "eastus2",
        "tags": {
          "test": "env"
        },
        "properties": {
          "provisioningState": "Succeeded"
        }
      }
    },
    {
      "RequestUri": "https://management.azure.com/subscriptions/db1ab6f0-4769-4b27-930e-01e2ef9c123c/providers/Microsoft.Storage/checkNameAvailability?api-version=2021-09-01",
      "RequestMethod": "POST",
      "RequestHeaders": {
        "Accept": "application/json",
        "Authorization": "Sanitized",
        "Content-Length": "73",
        "Content-Type": "application/json",
        "traceparent": "00-1b856866a31cdcf03ef24acdb2c364e5-ee678642cb1ba70b-00",
        "User-Agent": "azsdk-net-ResourceManager.Storage/1.0.0-alpha.20220622.1 (.NET 6.0.6; Microsoft Windows 10.0.22621)",
        "x-ms-client-request-id": "708f2735125b818834a8bca63a52b6ac",
        "x-ms-return-client-request-id": "true"
      },
      "RequestBody": {
        "name": "teststoragemgmt2870",
        "type": "Microsoft.Storage/storageAccounts"
      },
      "StatusCode": 200,
      "ResponseHeaders": {
        "Cache-Control": "no-cache",
        "Content-Length": "22",
        "Content-Type": "application/json",
        "Date": "Wed, 22 Jun 2022 04:02:42 GMT",
        "Expires": "-1",
        "Pragma": "no-cache",
        "Server": "Microsoft-Azure-Storage-Resource-Provider/1.0,Microsoft-HTTPAPI/2.0 Microsoft-HTTPAPI/2.0",
        "Strict-Transport-Security": "max-age=31536000; includeSubDomains",
        "X-Content-Type-Options": "nosniff",
        "x-ms-client-request-id": "708f2735125b818834a8bca63a52b6ac",
        "x-ms-correlation-request-id": "11c4739a-cf71-4710-bd50-0803efdafedb",
        "x-ms-ratelimit-remaining-subscription-reads": "11991",
        "x-ms-request-id": "43c8a9f6-de8c-4f1a-88de-388931c304ed",
        "x-ms-routing-request-id": "SOUTHEASTASIA:20220622T040242Z:11c4739a-cf71-4710-bd50-0803efdafedb"
      },
      "ResponseBody": {
        "nameAvailable": true
      }
    },
    {
      "RequestUri": "https://management.azure.com/subscriptions/db1ab6f0-4769-4b27-930e-01e2ef9c123c/providers/Microsoft.ManagedIdentity?api-version=2021-04-01",
      "RequestMethod": "GET",
      "RequestHeaders": {
        "Accept": "application/json",
        "Authorization": "Sanitized",
        "traceparent": "00-eca8f0ccaade488a92303910bb0e8670-30c82bcc1f9aa132-00",
        "User-Agent": "azsdk-net-ResourceManager/1.2.0-alpha.20220621.2 (.NET 6.0.6; Microsoft Windows 10.0.22621)",
        "x-ms-client-request-id": "e6ecd3190b570ecaabdf06449ef1ee4d",
        "x-ms-return-client-request-id": "true"
      },
      "RequestBody": null,
      "StatusCode": 200,
      "ResponseHeaders": {
        "Cache-Control": "no-cache",
        "Content-Length": "2725",
        "Content-Type": "application/json; charset=utf-8",
        "Date": "Wed, 22 Jun 2022 04:02:42 GMT",
        "Expires": "-1",
        "Pragma": "no-cache",
        "Strict-Transport-Security": "max-age=31536000; includeSubDomains",
        "X-Content-Type-Options": "nosniff",
        "x-ms-correlation-request-id": "185a1dc1-4e24-45ee-80f8-7654afecb80d",
        "x-ms-ratelimit-remaining-subscription-reads": "11990",
        "x-ms-request-id": "185a1dc1-4e24-45ee-80f8-7654afecb80d",
        "x-ms-routing-request-id": "SOUTHEASTASIA:20220622T040242Z:185a1dc1-4e24-45ee-80f8-7654afecb80d"
      },
      "ResponseBody": {
        "id": "/subscriptions/db1ab6f0-4769-4b27-930e-01e2ef9c123c/providers/Microsoft.ManagedIdentity",
        "namespace": "Microsoft.ManagedIdentity",
        "resourceTypes": [
          {
            "resourceType": "Identities",
            "locations": [
              "Global",
              "United States",
              "South Africa",
              "UK",
              "Japan",
              "India",
              "France",
              "Europe",
              "Germany",
              "Switzerland",
              "Canada",
              "Brazil",
              "Australia",
              "Asia",
              "UAE",
              "Korea",
              "Norway",
              "South Africa North",
              "South Africa West",
              "UAE North",
              "Australia Central",
              "Australia East",
              "Australia Southeast",
              "Canada Central",
              "Canada East",
              "Brazil South",
              "Central India",
              "West India",
              "Jio India West",
              "South India",
              "Japan West",
              "Japan East",
              "East Asia",
              "Southeast Asia",
              "Korea Central",
              "Korea South",
              "North Europe",
              "West Europe",
              "UK West",
              "UK South",
              "Sweden Central",
              "Switzerland North",
              "Germany West Central",
              "Central US",
              "North Central US",
              "East US",
              "East US 2",
              "South Central US",
              "West US",
              "West US 2",
              "West US 3",
              "West Central US",
              "France Central",
              "Norway East"
            ],
            "apiVersions": [
              "2022-01-31-PREVIEW",
              "2021-09-30-PREVIEW",
              "2018-11-30",
              "2015-08-31-PREVIEW"
            ],
            "defaultApiVersion": "2018-11-30",
            "capabilities": "SupportsExtension"
          },
          {
            "resourceType": "userAssignedIdentities",
            "locations": [
              "South Africa North",
              "South Africa West",
              "UAE North",
              "Australia Central",
              "Australia East",
              "Australia Southeast",
              "Canada Central",
              "Canada East",
              "Brazil South",
              "Central India",
              "West India",
              "Jio India West",
              "South India",
              "Japan West",
              "Japan East",
              "East Asia",
              "Southeast Asia",
              "Korea Central",
              "Korea South",
              "North Europe",
              "West Europe",
              "UK West",
              "UK South",
              "Sweden Central",
              "Switzerland North",
              "Germany West Central",
              "Central US",
              "North Central US",
              "East US",
              "East US 2",
              "South Central US",
              "West US",
              "West US 2",
              "West US 3",
              "West Central US",
              "France Central",
              "Norway East"
            ],
            "apiVersions": [
              "2022-01-31-PREVIEW",
              "2021-09-30-PREVIEW",
              "2018-11-30",
              "2015-08-31-PREVIEW"
            ],
            "defaultApiVersion": "2018-11-30",
            "capabilities": "SupportsTags, SupportsLocation"
          },
          {
            "resourceType": "operations",
            "locations": [
              "South Africa North",
              "South Africa West",
              "UAE North",
              "Australia Central",
              "Australia East",
              "Australia Southeast",
              "Canada Central",
              "Canada East",
              "Brazil South",
              "Central India",
              "West India",
              "Jio India West",
              "South India",
              "Japan West",
              "Japan East",
              "East Asia",
              "Southeast Asia",
              "Korea Central",
              "Korea South",
              "North Europe",
              "West Europe",
              "UK West",
              "UK South",
              "Sweden Central",
              "Switzerland North",
              "Germany West Central",
              "Central US",
              "North Central US",
              "East US",
              "East US 2",
              "South Central US",
              "West US",
              "West US 2",
              "West US 3",
              "West Central US",
              "France Central",
              "Norway East"
            ],
            "apiVersions": [
              "2022-01-31-PREVIEW",
              "2021-09-30-PREVIEW",
              "2018-11-30",
              "2015-08-31-PREVIEW"
            ],
            "defaultApiVersion": "2018-11-30",
            "capabilities": "None"
          }
        ],
        "registrationState": "Registered",
        "registrationPolicy": "RegistrationRequired"
      }
    },
    {
      "RequestUri": "https://management.azure.com/subscriptions/db1ab6f0-4769-4b27-930e-01e2ef9c123c/resourceGroups/teststorageRG-3802/providers/Microsoft.ManagedIdentity/userAssignedIdentities/testMsi-9073?api-version=2022-01-31-PREVIEW",
      "RequestMethod": "PUT",
      "RequestHeaders": {
        "Accept": "application/json",
        "Authorization": "Sanitized",
        "Content-Length": "22",
        "Content-Type": "application/json",
        "traceparent": "00-eca8f0ccaade488a92303910bb0e8670-3ab796be8a720b22-00",
        "User-Agent": "azsdk-net-ResourceManager/1.2.0-alpha.20220621.2 (.NET 6.0.6; Microsoft Windows 10.0.22621)",
        "x-ms-client-request-id": "190d2c4bd801981cea8fbf90b3f80f00",
        "x-ms-return-client-request-id": "true"
      },
      "RequestBody": {
        "location": "eastus2"
      },
      "StatusCode": 201,
      "ResponseHeaders": {
        "Cache-Control": "no-cache",
        "Content-Length": "445",
        "Content-Type": "application/json; charset=utf-8",
        "Date": "Wed, 22 Jun 2022 04:02:45 GMT",
        "Expires": "-1",
        "Location": "/subscriptions/db1ab6f0-4769-4b27-930e-01e2ef9c123c/resourcegroups/teststorageRG-3802/providers/Microsoft.ManagedIdentity/userAssignedIdentities/testMsi-9073",
        "Pragma": "no-cache",
        "Strict-Transport-Security": "max-age=31536000; includeSubDomains",
        "X-Content-Type-Options": "nosniff",
        "x-ms-correlation-request-id": "ed43789a-eec8-4757-a219-b8e2bd4e5a0f",
        "x-ms-ratelimit-remaining-subscription-writes": "1195",
        "x-ms-request-id": "ed43789a-eec8-4757-a219-b8e2bd4e5a0f",
        "x-ms-routing-request-id": "SOUTHEASTASIA:20220622T040246Z:ed43789a-eec8-4757-a219-b8e2bd4e5a0f"
      },
      "ResponseBody": {
        "id": "/subscriptions/db1ab6f0-4769-4b27-930e-01e2ef9c123c/resourcegroups/teststorageRG-3802/providers/Microsoft.ManagedIdentity/userAssignedIdentities/testMsi-9073",
        "name": "testMsi-9073",
        "type": "Microsoft.ManagedIdentity/userAssignedIdentities",
        "location": "eastus2",
        "tags": {},
        "properties": {
          "tenantId": "72f988bf-86f1-41af-91ab-2d7cd011db47",
          "principalId": "f5e675f4-bebb-4c2c-ad79-9a657d13b440",
          "clientId": "76aacdec-0d5a-4ead-bf1b-e52b01b4a594"
        }
      }
    },
    {
      "RequestUri": "https://management.azure.com/subscriptions/db1ab6f0-4769-4b27-930e-01e2ef9c123c/resourcegroups/teststorageRG-3802/providers/Microsoft.ManagedIdentity/userAssignedIdentities/testMsi-9073?api-version=2022-01-31-PREVIEW",
      "RequestMethod": "GET",
      "RequestHeaders": {
        "Authorization": "Sanitized",
        "traceparent": "00-eca8f0ccaade488a92303910bb0e8670-478e055b3fdf1cea-00",
        "User-Agent": "azsdk-net-ResourceManager/1.2.0-alpha.20220621.2 (.NET 6.0.6; Microsoft Windows 10.0.22621)",
        "x-ms-client-request-id": "25ef59cd92a94018b654fcc74c395bb2",
        "x-ms-return-client-request-id": "true"
      },
      "RequestBody": null,
      "StatusCode": 200,
      "ResponseHeaders": {
        "Cache-Control": "no-cache",
        "Content-Length": "445",
        "Content-Type": "application/json; charset=utf-8",
        "Date": "Wed, 22 Jun 2022 04:02:46 GMT",
        "Expires": "-1",
        "Pragma": "no-cache",
        "Strict-Transport-Security": "max-age=31536000; includeSubDomains",
        "X-Content-Type-Options": "nosniff",
        "x-ms-correlation-request-id": "1a0edf07-489c-4d4b-8566-b5faa4b36a51",
        "x-ms-ratelimit-remaining-subscription-reads": "11989",
        "x-ms-request-id": "1a0edf07-489c-4d4b-8566-b5faa4b36a51",
        "x-ms-routing-request-id": "SOUTHEASTASIA:20220622T040246Z:1a0edf07-489c-4d4b-8566-b5faa4b36a51"
      },
      "ResponseBody": {
        "id": "/subscriptions/db1ab6f0-4769-4b27-930e-01e2ef9c123c/resourcegroups/teststorageRG-3802/providers/Microsoft.ManagedIdentity/userAssignedIdentities/testMsi-9073",
        "name": "testMsi-9073",
        "type": "Microsoft.ManagedIdentity/userAssignedIdentities",
        "location": "eastus2",
        "tags": {},
        "properties": {
          "tenantId": "72f988bf-86f1-41af-91ab-2d7cd011db47",
          "principalId": "f5e675f4-bebb-4c2c-ad79-9a657d13b440",
          "clientId": "76aacdec-0d5a-4ead-bf1b-e52b01b4a594"
        }
      }
    },
    {
      "RequestUri": "https://management.azure.com/subscriptions/db1ab6f0-4769-4b27-930e-01e2ef9c123c/resourceGroups/teststorageRG-3802/providers/Microsoft.Storage/storageAccounts/teststoragemgmt2870?api-version=2021-09-01",
      "RequestMethod": "PUT",
      "RequestHeaders": {
        "Accept": "application/json",
        "Authorization": "Sanitized",
        "Content-Length": "351",
        "Content-Type": "application/json",
        "traceparent": "00-d4ae3c9035529399b418e7416149ecdd-034d703bb90c3975-00",
        "User-Agent": "azsdk-net-ResourceManager.Storage/1.0.0-alpha.20220622.1 (.NET 6.0.6; Microsoft Windows 10.0.22621)",
        "x-ms-client-request-id": "a2db06cf19d5ee444ef1549f28e915ae",
        "x-ms-return-client-request-id": "true"
      },
      "RequestBody": {
        "sku": {
          "name": "Standard_LRS"
        },
        "kind": "Storage",
        "location": "eastus2",
        "tags": {
          "key1": "value1",
          "key2": "value2"
        },
        "identity": {
          "type": "UserAssigned",
          "userAssignedIdentities": {
            "/subscriptions/db1ab6f0-4769-4b27-930e-01e2ef9c123c/resourcegroups/teststorageRG-3802/providers/Microsoft.ManagedIdentity/userAssignedIdentities/testMsi-9073": {}
          }
        },
        "properties": {}
      },
      "StatusCode": 202,
      "ResponseHeaders": {
        "Cache-Control": "no-cache",
        "Content-Length": "0",
        "Content-Type": "text/plain; charset=utf-8",
        "Date": "Wed, 22 Jun 2022 04:02:52 GMT",
        "Expires": "-1",
        "Location": "https://management.azure.com/subscriptions/db1ab6f0-4769-4b27-930e-01e2ef9c123c/providers/Microsoft.Storage/locations/eastus2/asyncoperations/147878a1-e869-4890-8f9e-07d6b458a027?monitor=true\u0026api-version=2021-09-01",
        "Pragma": "no-cache",
        "Retry-After": "17",
        "Server": "Microsoft-Azure-Storage-Resource-Provider/1.0,Microsoft-HTTPAPI/2.0 Microsoft-HTTPAPI/2.0",
        "Strict-Transport-Security": "max-age=31536000; includeSubDomains",
        "X-Content-Type-Options": "nosniff",
        "x-ms-client-request-id": "a2db06cf19d5ee444ef1549f28e915ae",
        "x-ms-correlation-request-id": "92583503-46ea-40cf-9ffb-b4a41b92c673",
        "x-ms-ratelimit-remaining-subscription-writes": "1194",
        "x-ms-request-id": "147878a1-e869-4890-8f9e-07d6b458a027",
        "x-ms-routing-request-id": "SOUTHEASTASIA:20220622T040252Z:92583503-46ea-40cf-9ffb-b4a41b92c673"
      },
      "ResponseBody": null
    },
    {
      "RequestUri": "https://management.azure.com/subscriptions/db1ab6f0-4769-4b27-930e-01e2ef9c123c/providers/Microsoft.Storage/locations/eastus2/asyncoperations/147878a1-e869-4890-8f9e-07d6b458a027?monitor=true\u0026api-version=2021-09-01",
      "RequestMethod": "GET",
      "RequestHeaders": {
        "Authorization": "Sanitized",
        "traceparent": "00-d4ae3c9035529399b418e7416149ecdd-937c5319e2139548-00",
        "User-Agent": "azsdk-net-ResourceManager/1.2.0-alpha.20220621.2 (.NET 6.0.6; Microsoft Windows 10.0.22621)",
        "x-ms-client-request-id": "7c63fd07f260b4e11401d6b73d7817cd",
        "x-ms-return-client-request-id": "true"
      },
      "RequestBody": null,
      "StatusCode": 202,
      "ResponseHeaders": {
        "Cache-Control": "no-cache",
        "Content-Length": "0",
        "Content-Type": "text/plain; charset=utf-8",
        "Date": "Wed, 22 Jun 2022 04:02:53 GMT",
        "Expires": "-1",
        "Location": "https://management.azure.com/subscriptions/db1ab6f0-4769-4b27-930e-01e2ef9c123c/providers/Microsoft.Storage/locations/eastus2/asyncoperations/147878a1-e869-4890-8f9e-07d6b458a027?monitor=true\u0026api-version=2021-09-01",
        "Pragma": "no-cache",
        "Retry-After": "17",
        "Server": "Microsoft-Azure-Storage-Resource-Provider/1.0,Microsoft-HTTPAPI/2.0 Microsoft-HTTPAPI/2.0",
        "Strict-Transport-Security": "max-age=31536000; includeSubDomains",
        "X-Content-Type-Options": "nosniff",
        "x-ms-client-request-id": "7c63fd07f260b4e11401d6b73d7817cd",
        "x-ms-correlation-request-id": "1f7d0961-de66-4302-89bc-970b864f282d",
        "x-ms-ratelimit-remaining-subscription-reads": "11988",
        "x-ms-request-id": "79a35507-7cbf-4927-801c-3ec8223919fe",
        "x-ms-routing-request-id": "SOUTHEASTASIA:20220622T040253Z:1f7d0961-de66-4302-89bc-970b864f282d"
      },
      "ResponseBody": null
    },
    {
      "RequestUri": "https://management.azure.com/subscriptions/db1ab6f0-4769-4b27-930e-01e2ef9c123c/providers/Microsoft.Storage/locations/eastus2/asyncoperations/147878a1-e869-4890-8f9e-07d6b458a027?monitor=true\u0026api-version=2021-09-01",
      "RequestMethod": "GET",
      "RequestHeaders": {
        "Authorization": "Sanitized",
        "traceparent": "00-d4ae3c9035529399b418e7416149ecdd-27eb368c9f609940-00",
        "User-Agent": "azsdk-net-ResourceManager/1.2.0-alpha.20220621.2 (.NET 6.0.6; Microsoft Windows 10.0.22621)",
        "x-ms-client-request-id": "44cd4d3e0176e5a9ae05bffafa8f8c38",
        "x-ms-return-client-request-id": "true"
      },
      "RequestBody": null,
      "StatusCode": 200,
      "ResponseHeaders": {
        "Cache-Control": "no-cache",
        "Content-Length": "2119",
        "Content-Type": "application/json",
        "Date": "Wed, 22 Jun 2022 04:03:11 GMT",
        "Expires": "-1",
        "Pragma": "no-cache",
        "Server": "Microsoft-Azure-Storage-Resource-Provider/1.0,Microsoft-HTTPAPI/2.0 Microsoft-HTTPAPI/2.0",
        "Strict-Transport-Security": "max-age=31536000; includeSubDomains",
        "X-Content-Type-Options": "nosniff",
        "x-ms-client-request-id": "44cd4d3e0176e5a9ae05bffafa8f8c38",
        "x-ms-correlation-request-id": "f2978b72-b611-47b3-9182-3c7032c90220",
        "x-ms-ratelimit-remaining-subscription-reads": "11987",
        "x-ms-request-id": "47b1b892-7775-48e3-8783-3695439e0d82",
        "x-ms-routing-request-id": "SOUTHEASTASIA:20220622T040311Z:f2978b72-b611-47b3-9182-3c7032c90220"
      },
      "ResponseBody": {
        "identity": {
          "userAssignedIdentities": {
            "/subscriptions/db1ab6f0-4769-4b27-930e-01e2ef9c123c/resourcegroups/teststorageRG-3802/providers/Microsoft.ManagedIdentity/userAssignedIdentities/testMsi-9073": {
              "principalId": "f5e675f4-bebb-4c2c-ad79-9a657d13b440",
              "tenantId": "72f988bf-86f1-41af-91ab-2d7cd011db47",
              "clientId": "76aacdec-0d5a-4ead-bf1b-e52b01b4a594",
              "identityUrl": "https://control-eastus2.identity.azure.net/subscriptions/db1ab6f0-4769-4b27-930e-01e2ef9c123c/resourcegroups/teststorageRG-3802/providers/Microsoft.Storage/storageAccounts/teststoragemgmt2870/credentials/v2/userassigned?arpid=eae70901-4940-4c84-9660-2a09bce1e65a\u0026uaid=76aacdec-0d5a-4ead-bf1b-e52b01b4a594\u0026tid=72f988bf-86f1-41af-91ab-2d7cd011db47",
              "certRenewAfter": "2022-08-07T03:57:00Z"
            }
          },
          "type": "UserAssigned"
        },
        "sku": {
          "name": "Standard_LRS",
          "tier": "Standard"
        },
        "kind": "Storage",
        "id": "/subscriptions/db1ab6f0-4769-4b27-930e-01e2ef9c123c/resourceGroups/teststorageRG-3802/providers/Microsoft.Storage/storageAccounts/teststoragemgmt2870",
        "name": "teststoragemgmt2870",
        "type": "Microsoft.Storage/storageAccounts",
        "location": "eastus2",
        "tags": {
          "key1": "value1",
          "key2": "value2"
        },
        "properties": {
          "keyCreationTime": {
            "key1": "2022-06-22T04:02:49.8259710Z",
            "key2": "2022-06-22T04:02:49.8259710Z"
          },
          "privateEndpointConnections": [],
          "minimumTlsVersion": "TLS1_0",
          "allowBlobPublicAccess": true,
          "networkAcls": {
            "bypass": "AzureServices",
            "virtualNetworkRules": [],
            "ipRules": [],
            "defaultAction": "Allow"
          },
          "supportsHttpsTrafficOnly": true,
          "encryption": {
            "services": {
              "file": {
                "keyType": "Account",
                "enabled": true,
                "lastEnabledTime": "2022-06-22T04:02:49.8259710Z"
              },
              "blob": {
                "keyType": "Account",
                "enabled": true,
                "lastEnabledTime": "2022-06-22T04:02:49.8259710Z"
              }
            },
            "keySource": "Microsoft.Storage"
          },
          "provisioningState": "Succeeded",
          "creationTime": "2022-06-22T04:02:49.6384718Z",
          "primaryEndpoints": {
            "blob": "https://teststoragemgmt2870.blob.core.windows.net/",
            "queue": "https://teststoragemgmt2870.queue.core.windows.net/",
            "table": "https://teststoragemgmt2870.table.core.windows.net/",
            "file": "https://teststoragemgmt2870.file.core.windows.net/"
          },
          "primaryLocation": "eastus2",
          "statusOfPrimary": "available"
        }
      }
    },
    {
      "RequestUri": "https://management.azure.com/subscriptions/db1ab6f0-4769-4b27-930e-01e2ef9c123c/resourceGroups/teststorageRG-3802/providers/Microsoft.Storage/storageAccounts?api-version=2021-09-01",
      "RequestMethod": "GET",
      "RequestHeaders": {
        "Accept": "application/json",
        "Authorization": "Sanitized",
        "traceparent": "00-ff6db3f076ad1524f22e3b405f9e0627-e49295a596216755-00",
        "User-Agent": "azsdk-net-ResourceManager.Storage/1.0.0-alpha.20220622.1 (.NET 6.0.6; Microsoft Windows 10.0.22621)",
        "x-ms-client-request-id": "2b98c9229985074e260e4507149f996a",
        "x-ms-return-client-request-id": "true"
      },
      "RequestBody": null,
      "StatusCode": 200,
      "ResponseHeaders": {
        "Cache-Control": "no-cache",
        "Content-Length": "2131",
        "Content-Type": "application/json",
        "Date": "Wed, 22 Jun 2022 04:03:11 GMT",
        "Expires": "-1",
        "Pragma": "no-cache",
        "Server": "Microsoft-Azure-Storage-Resource-Provider/1.0,Microsoft-HTTPAPI/2.0 Microsoft-HTTPAPI/2.0",
        "Strict-Transport-Security": "max-age=31536000; includeSubDomains",
        "X-Content-Type-Options": "nosniff",
        "x-ms-client-request-id": "2b98c9229985074e260e4507149f996a",
        "x-ms-correlation-request-id": "6021287a-2458-492a-886e-a67ac4da792a",
        "x-ms-ratelimit-remaining-subscription-reads": "11986",
        "x-ms-request-id": "7cd5c071-16eb-477f-8604-d5cd21c73699",
        "x-ms-routing-request-id": "SOUTHEASTASIA:20220622T040311Z:6021287a-2458-492a-886e-a67ac4da792a"
      },
      "ResponseBody": {
        "value": [
          {
            "identity": {
              "userAssignedIdentities": {
                "/subscriptions/db1ab6f0-4769-4b27-930e-01e2ef9c123c/resourcegroups/teststorageRG-3802/providers/Microsoft.ManagedIdentity/userAssignedIdentities/testMsi-9073": {
                  "principalId": "f5e675f4-bebb-4c2c-ad79-9a657d13b440",
                  "tenantId": "72f988bf-86f1-41af-91ab-2d7cd011db47",
                  "clientId": "76aacdec-0d5a-4ead-bf1b-e52b01b4a594",
                  "identityUrl": "https://control-eastus2.identity.azure.net/subscriptions/db1ab6f0-4769-4b27-930e-01e2ef9c123c/resourcegroups/teststorageRG-3802/providers/Microsoft.Storage/storageAccounts/teststoragemgmt2870/credentials/v2/userassigned?arpid=eae70901-4940-4c84-9660-2a09bce1e65a\u0026uaid=76aacdec-0d5a-4ead-bf1b-e52b01b4a594\u0026tid=72f988bf-86f1-41af-91ab-2d7cd011db47",
                  "certRenewAfter": "2022-08-07T03:57:00Z"
                }
              },
              "type": "UserAssigned"
            },
            "sku": {
              "name": "Standard_LRS",
              "tier": "Standard"
            },
            "kind": "Storage",
            "id": "/subscriptions/db1ab6f0-4769-4b27-930e-01e2ef9c123c/resourceGroups/teststorageRG-3802/providers/Microsoft.Storage/storageAccounts/teststoragemgmt2870",
            "name": "teststoragemgmt2870",
            "type": "Microsoft.Storage/storageAccounts",
            "location": "eastus2",
            "tags": {
              "key1": "value1",
              "key2": "value2"
            },
            "properties": {
              "keyCreationTime": {
                "key1": "2022-06-22T04:02:49.8259710Z",
                "key2": "2022-06-22T04:02:49.8259710Z"
              },
              "privateEndpointConnections": [],
              "minimumTlsVersion": "TLS1_0",
              "allowBlobPublicAccess": true,
              "networkAcls": {
                "bypass": "AzureServices",
                "virtualNetworkRules": [],
                "ipRules": [],
                "defaultAction": "Allow"
              },
              "supportsHttpsTrafficOnly": true,
              "encryption": {
                "services": {
                  "file": {
                    "keyType": "Account",
                    "enabled": true,
                    "lastEnabledTime": "2022-06-22T04:02:49.8259710Z"
                  },
                  "blob": {
                    "keyType": "Account",
                    "enabled": true,
                    "lastEnabledTime": "2022-06-22T04:02:49.8259710Z"
                  }
                },
                "keySource": "Microsoft.Storage"
              },
              "provisioningState": "Succeeded",
              "creationTime": "2022-06-22T04:02:49.6384718Z",
              "primaryEndpoints": {
                "blob": "https://teststoragemgmt2870.blob.core.windows.net/",
                "queue": "https://teststoragemgmt2870.queue.core.windows.net/",
                "table": "https://teststoragemgmt2870.table.core.windows.net/",
                "file": "https://teststoragemgmt2870.file.core.windows.net/"
              },
              "primaryLocation": "eastus2",
              "statusOfPrimary": "available"
            }
          }
        ]
      }
    },
    {
      "RequestUri": "https://management.azure.com/subscriptions/db1ab6f0-4769-4b27-930e-01e2ef9c123c/resourceGroups/teststorageRG-3802/providers/Microsoft.Storage/storageAccounts/teststoragemgmt2870?api-version=2021-09-01",
      "RequestMethod": "DELETE",
      "RequestHeaders": {
        "Authorization": "Sanitized",
        "traceparent": "00-9f84d3ab5d8bd11dbf314190bd5ca87f-1d1f5608b3e227e0-00",
        "User-Agent": "azsdk-net-ResourceManager.Storage/1.0.0-alpha.20220622.1 (.NET 6.0.6; Microsoft Windows 10.0.22621)",
        "x-ms-client-request-id": "137650c38a480514537ecd5b33e6b985",
        "x-ms-return-client-request-id": "true"
      },
      "RequestBody": null,
      "StatusCode": 200,
      "ResponseHeaders": {
        "Cache-Control": "no-cache",
        "Content-Length": "0",
        "Content-Type": "text/plain; charset=utf-8",
        "Date": "Wed, 22 Jun 2022 04:03:18 GMT",
        "Expires": "-1",
        "Pragma": "no-cache",
        "Server": "Microsoft-Azure-Storage-Resource-Provider/1.0,Microsoft-HTTPAPI/2.0 Microsoft-HTTPAPI/2.0",
        "Strict-Transport-Security": "max-age=31536000; includeSubDomains",
        "X-Content-Type-Options": "nosniff",
        "x-ms-client-request-id": "137650c38a480514537ecd5b33e6b985",
        "x-ms-correlation-request-id": "d4087265-a832-4fa3-a023-8de5c841679a",
        "x-ms-ratelimit-remaining-subscription-deletes": "14998",
        "x-ms-request-id": "b6536bc3-c62c-40a5-8c18-02d566f8fd3c",
        "x-ms-routing-request-id": "SOUTHEASTASIA:20220622T040318Z:d4087265-a832-4fa3-a023-8de5c841679a"
      },
      "ResponseBody": null
    }
  ],
  "Variables": {
    "RandomSeed": "1929729641",
    "RESOURCE_MANAGER_URL": null,
    "SUBSCRIPTION_ID": "db1ab6f0-4769-4b27-930e-01e2ef9c123c"
  }
}
