{
  "Entries": [
    {
      "RequestUri": "https://management.azure.com/subscriptions/db1ab6f0-4769-4b27-930e-01e2ef9c123c?api-version=2021-01-01",
      "RequestMethod": "GET",
      "RequestHeaders": {
        "Accept": "application/json",
        "Authorization": "Sanitized",
        "traceparent": "00-a8d8a5da32471d4db00c5eca740546cb-5dec183028c36347-00",
        "User-Agent": "azsdk-net-ResourceManager/1.0.0-alpha.20220217.1 (.NET Framework 4.8.4420.0; Microsoft Windows 10.0.22000 ) azsdk-net-ResourceManager/1.0.0-alpha.20220217.1 (.NET Framework 4.8.4420.0; Microsoft Windows 10.0.22000 )",
        "x-ms-client-request-id": "7851bd5dcc3ea343d766c183a91c7fcd",
        "x-ms-return-client-request-id": "true"
      },
      "RequestBody": null,
      "StatusCode": 200,
      "ResponseHeaders": {
        "Cache-Control": "no-cache",
        "Content-Length": "647",
        "Content-Type": "application/json; charset=utf-8",
        "Date": "Thu, 17 Feb 2022 12:40:02 GMT",
        "Expires": "-1",
        "Pragma": "no-cache",
        "Strict-Transport-Security": "max-age=31536000; includeSubDomains",
        "X-Content-Type-Options": "nosniff",
        "x-ms-correlation-request-id": "2c93666d-97f1-484e-aa0b-a8e2b4335188",
        "x-ms-ratelimit-remaining-subscription-reads": "11992",
        "x-ms-request-id": "2c93666d-97f1-484e-aa0b-a8e2b4335188",
        "x-ms-routing-request-id": "SOUTHEASTASIA:20220217T124002Z:2c93666d-97f1-484e-aa0b-a8e2b4335188"
      },
      "ResponseBody": {
        "id": "/subscriptions/db1ab6f0-4769-4b27-930e-01e2ef9c123c",
        "authorizationSource": "RoleBased",
        "managedByTenants": [],
        "tags": {
          "tagKey1": "tagValue1",
          "tagKey2": "tagValue2",
          "TagKey-3829": "TagValue-1478",
          "TagKey-8632": "TagValue-622",
          "TagKey-1884": "TagValue-5685",
          "TagKey-9159": "TagValue-5509",
          "TagKey-8053": "TagValue-1419",
          "TagKey-4768": "TagValue-5890"
        },
        "subscriptionId": "db1ab6f0-4769-4b27-930e-01e2ef9c123c",
        "tenantId": "72f988bf-86f1-41af-91ab-2d7cd011db47",
        "displayName": ".NET Mgmt SDK Test with TTL = 1 Day",
        "state": "Enabled",
        "subscriptionPolicies": {
          "locationPlacementId": "Internal_2014-09-01",
          "quotaId": "Internal_2014-09-01",
          "spendingLimit": "Off"
        }
      }
    },
    {
      "RequestUri": "https://management.azure.com/subscriptions/db1ab6f0-4769-4b27-930e-01e2ef9c123c/resourcegroups/teststorageRG-3708?api-version=2021-04-01",
      "RequestMethod": "PUT",
      "RequestHeaders": {
        "Accept": "application/json",
        "Authorization": "Sanitized",
        "Content-Length": "44",
        "Content-Type": "application/json",
        "traceparent": "00-18c4db1327a0c448b5a02c3ca4162885-278bcc1b2771354d-00",
        "User-Agent": "azsdk-net-ResourceManager/1.0.0-alpha.20220217.1 (.NET Framework 4.8.4420.0; Microsoft Windows 10.0.22000 ) azsdk-net-ResourceManager/1.0.0-alpha.20220217.1 (.NET Framework 4.8.4420.0; Microsoft Windows 10.0.22000 )",
        "x-ms-client-request-id": "cab23bf676584090faf13317178bb5e4",
        "x-ms-return-client-request-id": "true"
      },
      "RequestBody": {
        "tags": {
          "test": "env"
        },
        "location": "eastus2"
      },
      "StatusCode": 201,
      "ResponseHeaders": {
        "Cache-Control": "no-cache",
        "Content-Length": "256",
        "Content-Type": "application/json; charset=utf-8",
        "Date": "Thu, 17 Feb 2022 12:40:03 GMT",
        "Expires": "-1",
        "Pragma": "no-cache",
        "Strict-Transport-Security": "max-age=31536000; includeSubDomains",
        "X-Content-Type-Options": "nosniff",
        "x-ms-correlation-request-id": "dffc5d07-8bc5-4e3b-82b1-1648bc96d34a",
        "x-ms-ratelimit-remaining-subscription-writes": "1196",
        "x-ms-request-id": "dffc5d07-8bc5-4e3b-82b1-1648bc96d34a",
        "x-ms-routing-request-id": "SOUTHEASTASIA:20220217T124004Z:dffc5d07-8bc5-4e3b-82b1-1648bc96d34a"
      },
      "ResponseBody": {
        "id": "/subscriptions/db1ab6f0-4769-4b27-930e-01e2ef9c123c/resourceGroups/teststorageRG-3708",
        "name": "teststorageRG-3708",
        "type": "Microsoft.Resources/resourceGroups",
        "location": "eastus2",
        "tags": {
          "test": "env"
        },
        "properties": {
          "provisioningState": "Succeeded"
        }
      }
    },
    {
      "RequestUri": "https://management.azure.com/subscriptions/db1ab6f0-4769-4b27-930e-01e2ef9c123c/providers/Microsoft.Storage/checkNameAvailability?api-version=2021-08-01",
      "RequestMethod": "POST",
      "RequestHeaders": {
        "Accept": "application/json",
        "Authorization": "Sanitized",
        "Content-Length": "73",
        "Content-Type": "application/json",
        "traceparent": "00-ae12b48b134afd4a849c5e8636e05a1c-4337e5a1441f1140-00",
        "User-Agent": "azsdk-net-ResourceManager.Storage/1.0.0-alpha.20220217.1 (.NET Framework 4.8.4420.0; Microsoft Windows 10.0.22000 ) azsdk-net-ResourceManager/1.0.0-alpha.20220217.1 (.NET Framework 4.8.4420.0; Microsoft Windows 10.0.22000 )",
        "x-ms-client-request-id": "1c76857863cee953883f21aef4f6a447",
        "x-ms-return-client-request-id": "true"
      },
      "RequestBody": {
        "name": "teststoragemgmt1594",
        "type": "Microsoft.Storage/storageAccounts"
      },
      "StatusCode": 200,
      "ResponseHeaders": {
        "Cache-Control": "no-cache",
        "Content-Length": "22",
        "Content-Type": "application/json",
        "Date": "Thu, 17 Feb 2022 12:40:04 GMT",
        "Expires": "-1",
        "Pragma": "no-cache",
        "Server": "Microsoft-Azure-Storage-Resource-Provider/1.0,Microsoft-HTTPAPI/2.0 Microsoft-HTTPAPI/2.0",
        "Strict-Transport-Security": "max-age=31536000; includeSubDomains",
        "X-Content-Type-Options": "nosniff",
        "x-ms-client-request-id": "1c76857863cee953883f21aef4f6a447",
        "x-ms-correlation-request-id": "c7b3854b-6ad4-4981-a436-ca38cca9d56e",
        "x-ms-ratelimit-remaining-subscription-reads": "11991",
        "x-ms-request-id": "618e9b93-3100-4c9b-9265-685d4a54dea3",
        "x-ms-routing-request-id": "SOUTHEASTASIA:20220217T124005Z:c7b3854b-6ad4-4981-a436-ca38cca9d56e"
      },
      "ResponseBody": {
        "nameAvailable": true
      }
    },
    {
      "RequestUri": "https://management.azure.com/subscriptions/db1ab6f0-4769-4b27-930e-01e2ef9c123c/providers/Microsoft.ManagedIdentity?api-version=2021-04-01",
      "RequestMethod": "GET",
      "RequestHeaders": {
        "Accept": "application/json",
        "Authorization": "Sanitized",
        "traceparent": "00-66a9322dec7aa1428f530c9ed9301c3f-c9124be478cf5a49-00",
        "User-Agent": "azsdk-net-ResourceManager/1.0.0-alpha.20220217.1 (.NET Framework 4.8.4420.0; Microsoft Windows 10.0.22000 ) azsdk-net-ResourceManager/1.0.0-alpha.20220217.1 (.NET Framework 4.8.4420.0; Microsoft Windows 10.0.22000 )",
        "x-ms-client-request-id": "1ca1265a470437c044da108bbfda0c9f",
        "x-ms-return-client-request-id": "true"
      },
      "RequestBody": null,
      "StatusCode": 200,
      "ResponseHeaders": {
        "Cache-Control": "no-cache",
        "Content-Length": "2508",
        "Content-Type": "application/json; charset=utf-8",
        "Date": "Thu, 17 Feb 2022 12:40:05 GMT",
        "Expires": "-1",
        "Pragma": "no-cache",
        "Strict-Transport-Security": "max-age=31536000; includeSubDomains",
        "X-Content-Type-Options": "nosniff",
        "x-ms-correlation-request-id": "6363625c-a5e6-4d0a-ac28-8cf54c188d77",
        "x-ms-ratelimit-remaining-subscription-reads": "11990",
        "x-ms-request-id": "6363625c-a5e6-4d0a-ac28-8cf54c188d77",
        "x-ms-routing-request-id": "SOUTHEASTASIA:20220217T124005Z:6363625c-a5e6-4d0a-ac28-8cf54c188d77"
      },
      "ResponseBody": {
        "id": "/subscriptions/db1ab6f0-4769-4b27-930e-01e2ef9c123c/providers/Microsoft.ManagedIdentity",
        "namespace": "Microsoft.ManagedIdentity",
        "resourceTypes": [
          {
            "resourceType": "Identities",
            "locations": [
              "Global",
              "South Africa North",
              "South Africa West",
              "UAE North",
              "Australia Central",
              "Australia East",
              "Australia Southeast",
              "Canada Central",
              "Canada East",
              "Brazil South",
              "Central India",
              "West India",
              "Jio India West",
              "South India",
              "Japan West",
              "Japan East",
              "East Asia",
              "Southeast Asia",
              "Korea Central",
              "North Europe",
              "West Europe",
              "UK West",
              "UK South",
              "Sweden Central",
              "Switzerland North",
              "Germany West Central",
              "Central US",
              "North Central US",
              "East US",
              "East US 2",
              "South Central US",
              "West US",
              "West US 2",
              "West US 3",
              "West Central US",
              "France Central",
              "Norway East",
              "Korea South"
            ],
            "apiVersions": [
              "2021-09-30-PREVIEW",
              "2018-11-30",
              "2015-08-31-PREVIEW"
            ],
            "defaultApiVersion": "2018-11-30",
            "capabilities": "SupportsExtension"
          },
          {
            "resourceType": "userAssignedIdentities",
            "locations": [
              "South Africa North",
              "South Africa West",
              "UAE North",
              "Australia Central",
              "Australia East",
              "Australia Southeast",
              "Canada Central",
              "Canada East",
              "Brazil South",
              "Central India",
              "West India",
              "Jio India West",
              "South India",
              "Japan West",
              "Japan East",
              "East Asia",
              "Southeast Asia",
              "Korea Central",
              "North Europe",
              "West Europe",
              "UK West",
              "UK South",
              "Sweden Central",
              "Switzerland North",
              "Germany West Central",
              "Central US",
              "North Central US",
              "East US",
              "East US 2",
              "South Central US",
              "West US",
              "West US 2",
              "West US 3",
              "West Central US",
              "France Central",
              "Norway East",
              "Korea South"
            ],
            "apiVersions": [
              "2021-09-30-PREVIEW",
              "2018-11-30",
              "2015-08-31-PREVIEW"
            ],
            "defaultApiVersion": "2018-11-30",
            "capabilities": "SupportsTags, SupportsLocation"
          },
          {
            "resourceType": "operations",
            "locations": [
              "South Africa North",
              "South Africa West",
              "UAE North",
              "Australia Central",
              "Australia East",
              "Australia Southeast",
              "Canada Central",
              "Canada East",
              "Brazil South",
              "Central India",
              "West India",
              "Jio India West",
              "South India",
              "Japan West",
              "Japan East",
              "East Asia",
              "Southeast Asia",
              "Korea Central",
              "North Europe",
              "West Europe",
              "UK West",
              "UK South",
              "Sweden Central",
              "Switzerland North",
              "Germany West Central",
              "Central US",
              "North Central US",
              "East US",
              "East US 2",
              "South Central US",
              "West US",
              "West US 2",
              "West US 3",
              "West Central US",
              "France Central",
              "Norway East",
              "Korea South"
            ],
            "apiVersions": [
              "2021-09-30-PREVIEW",
              "2018-11-30",
              "2015-08-31-PREVIEW"
            ],
            "defaultApiVersion": "2018-11-30",
            "capabilities": "None"
          }
        ],
        "registrationState": "Registered",
        "registrationPolicy": "RegistrationRequired"
      }
    },
    {
      "RequestUri": "https://management.azure.com/subscriptions/db1ab6f0-4769-4b27-930e-01e2ef9c123c/resourceGroups/teststorageRG-3708/providers/Microsoft.ManagedIdentity/userAssignedIdentities/testMsi-2637?api-version=2021-09-30-PREVIEW",
      "RequestMethod": "PUT",
      "RequestHeaders": {
        "Accept": "application/json",
        "Authorization": "Sanitized",
        "Content-Length": "32",
        "Content-Type": "application/json",
        "traceparent": "00-66a9322dec7aa1428f530c9ed9301c3f-6fc60afbaa0b994c-00",
        "User-Agent": "azsdk-net-ResourceManager/1.0.0-alpha.20220217.1 (.NET Framework 4.8.4420.0; Microsoft Windows 10.0.22000 ) azsdk-net-ResourceManager/1.0.0-alpha.20220217.1 (.NET Framework 4.8.4420.0; Microsoft Windows 10.0.22000 )",
        "x-ms-client-request-id": "57f9a47128735fd7e1d0366f9106fb8f",
        "x-ms-return-client-request-id": "true"
      },
      "RequestBody": {
        "tags": {},
        "location": "eastus2"
      },
      "StatusCode": 201,
      "ResponseHeaders": {
        "Cache-Control": "no-cache",
        "Content-Length": "445",
        "Content-Type": "application/json; charset=utf-8",
        "Date": "Thu, 17 Feb 2022 12:40:09 GMT",
        "Expires": "-1",
        "Location": "/subscriptions/db1ab6f0-4769-4b27-930e-01e2ef9c123c/resourcegroups/teststorageRG-3708/providers/Microsoft.ManagedIdentity/userAssignedIdentities/testMsi-2637",
        "Pragma": "no-cache",
        "Strict-Transport-Security": "max-age=31536000; includeSubDomains",
        "X-Content-Type-Options": "nosniff",
        "x-ms-correlation-request-id": "8e1dfd47-0932-4b70-bb4a-97a53d51f757",
        "x-ms-ratelimit-remaining-subscription-writes": "1195",
        "x-ms-request-id": "8e1dfd47-0932-4b70-bb4a-97a53d51f757",
        "x-ms-routing-request-id": "SOUTHEASTASIA:20220217T124010Z:8e1dfd47-0932-4b70-bb4a-97a53d51f757"
      },
      "ResponseBody": {
        "id": "/subscriptions/db1ab6f0-4769-4b27-930e-01e2ef9c123c/resourcegroups/teststorageRG-3708/providers/Microsoft.ManagedIdentity/userAssignedIdentities/testMsi-2637",
        "name": "testMsi-2637",
        "type": "Microsoft.ManagedIdentity/userAssignedIdentities",
        "location": "eastus2",
        "tags": {},
        "properties": {
          "tenantId": "72f988bf-86f1-41af-91ab-2d7cd011db47",
          "principalId": "7af6c08c-ba48-463b-9f94-a6dd9218a146",
          "clientId": "7a3a1ae6-1288-4d26-a5b1-c6a5eb31e2ef"
        }
      }
    },
    {
      "RequestUri": "https://management.azure.com/subscriptions/db1ab6f0-4769-4b27-930e-01e2ef9c123c/resourcegroups/teststorageRG-3708/providers/Microsoft.ManagedIdentity/userAssignedIdentities/testMsi-2637?api-version=2021-09-30-PREVIEW",
      "RequestMethod": "GET",
      "RequestHeaders": {
        "Authorization": "Sanitized",
        "User-Agent": "azsdk-net-ResourceManager/1.0.0-alpha.20220217.1 (.NET Framework 4.8.4420.0; Microsoft Windows 10.0.22000 ) azsdk-net-ResourceManager/1.0.0-alpha.20220217.1 (.NET Framework 4.8.4420.0; Microsoft Windows 10.0.22000 )",
        "x-ms-client-request-id": "51830f15f0aa31734f423b341051a63e",
        "x-ms-return-client-request-id": "true"
      },
      "RequestBody": null,
      "StatusCode": 200,
      "ResponseHeaders": {
        "Cache-Control": "no-cache",
        "Content-Length": "445",
        "Content-Type": "application/json; charset=utf-8",
        "Date": "Thu, 17 Feb 2022 12:40:10 GMT",
        "Expires": "-1",
        "Pragma": "no-cache",
        "Strict-Transport-Security": "max-age=31536000; includeSubDomains",
        "X-Content-Type-Options": "nosniff",
        "x-ms-correlation-request-id": "3078f8b9-7c19-40bd-abd7-55402396ab0a",
        "x-ms-ratelimit-remaining-subscription-reads": "11989",
        "x-ms-request-id": "3078f8b9-7c19-40bd-abd7-55402396ab0a",
        "x-ms-routing-request-id": "SOUTHEASTASIA:20220217T124010Z:3078f8b9-7c19-40bd-abd7-55402396ab0a"
      },
      "ResponseBody": {
        "id": "/subscriptions/db1ab6f0-4769-4b27-930e-01e2ef9c123c/resourcegroups/teststorageRG-3708/providers/Microsoft.ManagedIdentity/userAssignedIdentities/testMsi-2637",
        "name": "testMsi-2637",
        "type": "Microsoft.ManagedIdentity/userAssignedIdentities",
        "location": "eastus2",
        "tags": {},
        "properties": {
          "tenantId": "72f988bf-86f1-41af-91ab-2d7cd011db47",
          "principalId": "7af6c08c-ba48-463b-9f94-a6dd9218a146",
          "clientId": "7a3a1ae6-1288-4d26-a5b1-c6a5eb31e2ef"
        }
      }
    },
    {
      "RequestUri": "https://management.azure.com/subscriptions/db1ab6f0-4769-4b27-930e-01e2ef9c123c/resourceGroups/teststorageRG-3708/providers/Microsoft.Storage/storageAccounts/teststoragemgmt1594?api-version=2021-08-01",
      "RequestMethod": "PUT",
      "RequestHeaders": {
        "Accept": "application/json",
        "Authorization": "Sanitized",
        "Content-Length": "351",
        "Content-Type": "application/json",
        "traceparent": "00-1e1accb37a25544bb4ea73930074274d-da93047a60f9184c-00",
        "User-Agent": "azsdk-net-ResourceManager.Storage/1.0.0-alpha.20220217.1 (.NET Framework 4.8.4420.0; Microsoft Windows 10.0.22000 ) azsdk-net-ResourceManager/1.0.0-alpha.20220217.1 (.NET Framework 4.8.4420.0; Microsoft Windows 10.0.22000 )",
        "x-ms-client-request-id": "8fbb80de7da8555c30bba18e9e4d1b83",
        "x-ms-return-client-request-id": "true"
      },
      "RequestBody": {
        "sku": {
          "name": "Standard_LRS"
        },
        "kind": "Storage",
        "location": "eastus2",
        "tags": {
          "key1": "value1",
          "key2": "value2"
        },
        "identity": {
          "type": "UserAssigned",
          "userAssignedIdentities": {
            "/subscriptions/db1ab6f0-4769-4b27-930e-01e2ef9c123c/resourcegroups/teststorageRG-3708/providers/Microsoft.ManagedIdentity/userAssignedIdentities/testMsi-2637": {}
          }
        },
        "properties": {}
      },
      "StatusCode": 202,
      "ResponseHeaders": {
        "Cache-Control": "no-cache",
        "Content-Length": "0",
        "Content-Type": "text/plain; charset=utf-8",
        "Date": "Thu, 17 Feb 2022 12:40:15 GMT",
        "Expires": "-1",
        "Location": "https://management.azure.com/subscriptions/db1ab6f0-4769-4b27-930e-01e2ef9c123c/providers/Microsoft.Storage/locations/eastus2/asyncoperations/8c316d4a-a6b6-43ef-9a6d-bc70050f85aa?monitor=true\u0026api-version=2021-08-01",
        "Pragma": "no-cache",
        "Retry-After": "17",
        "Server": "Microsoft-Azure-Storage-Resource-Provider/1.0,Microsoft-HTTPAPI/2.0 Microsoft-HTTPAPI/2.0",
        "Strict-Transport-Security": "max-age=31536000; includeSubDomains",
        "X-Content-Type-Options": "nosniff",
        "x-ms-client-request-id": "8fbb80de7da8555c30bba18e9e4d1b83",
        "x-ms-correlation-request-id": "687657b4-1cae-42f8-9ad7-047210f0b5a1",
        "x-ms-ratelimit-remaining-subscription-writes": "1194",
        "x-ms-request-id": "8c316d4a-a6b6-43ef-9a6d-bc70050f85aa",
        "x-ms-routing-request-id": "SOUTHEASTASIA:20220217T124016Z:687657b4-1cae-42f8-9ad7-047210f0b5a1"
      },
      "ResponseBody": null
    },
    {
      "RequestUri": "https://management.azure.com/subscriptions/db1ab6f0-4769-4b27-930e-01e2ef9c123c/providers/Microsoft.Storage/locations/eastus2/asyncoperations/8c316d4a-a6b6-43ef-9a6d-bc70050f85aa?monitor=true\u0026api-version=2021-08-01",
      "RequestMethod": "GET",
      "RequestHeaders": {
        "Authorization": "Sanitized",
        "User-Agent": "azsdk-net-ResourceManager/1.0.0-alpha.20220217.1 (.NET Framework 4.8.4420.0; Microsoft Windows 10.0.22000 ) azsdk-net-ResourceManager/1.0.0-alpha.20220217.1 (.NET Framework 4.8.4420.0; Microsoft Windows 10.0.22000 )",
        "x-ms-client-request-id": "c2ab4a3e39a198bbb32d21ee4ee59201",
        "x-ms-return-client-request-id": "true"
      },
      "RequestBody": null,
      "StatusCode": 202,
      "ResponseHeaders": {
        "Cache-Control": "no-cache",
        "Content-Length": "0",
        "Content-Type": "text/plain; charset=utf-8",
        "Date": "Thu, 17 Feb 2022 12:40:15 GMT",
        "Expires": "-1",
        "Location": "https://management.azure.com/subscriptions/db1ab6f0-4769-4b27-930e-01e2ef9c123c/providers/Microsoft.Storage/locations/eastus2/asyncoperations/8c316d4a-a6b6-43ef-9a6d-bc70050f85aa?monitor=true\u0026api-version=2021-08-01",
        "Pragma": "no-cache",
        "Retry-After": "17",
        "Server": "Microsoft-Azure-Storage-Resource-Provider/1.0,Microsoft-HTTPAPI/2.0 Microsoft-HTTPAPI/2.0",
        "Strict-Transport-Security": "max-age=31536000; includeSubDomains",
        "X-Content-Type-Options": "nosniff",
        "x-ms-client-request-id": "c2ab4a3e39a198bbb32d21ee4ee59201",
        "x-ms-correlation-request-id": "a9a50a8d-db48-4157-97f0-db12c6012e08",
        "x-ms-ratelimit-remaining-subscription-reads": "11988",
        "x-ms-request-id": "31367466-c40a-4707-a031-28a84f3cf2d2",
        "x-ms-routing-request-id": "SOUTHEASTASIA:20220217T124016Z:a9a50a8d-db48-4157-97f0-db12c6012e08"
      },
      "ResponseBody": null
    },
    {
      "RequestUri": "https://management.azure.com/subscriptions/db1ab6f0-4769-4b27-930e-01e2ef9c123c/providers/Microsoft.Storage/locations/eastus2/asyncoperations/8c316d4a-a6b6-43ef-9a6d-bc70050f85aa?monitor=true\u0026api-version=2021-08-01",
      "RequestMethod": "GET",
      "RequestHeaders": {
        "Authorization": "Sanitized",
        "User-Agent": "azsdk-net-ResourceManager/1.0.0-alpha.20220217.1 (.NET Framework 4.8.4420.0; Microsoft Windows 10.0.22000 ) azsdk-net-ResourceManager/1.0.0-alpha.20220217.1 (.NET Framework 4.8.4420.0; Microsoft Windows 10.0.22000 )",
        "x-ms-client-request-id": "3e2db82624f734bb9bdcd2a83d5b75f1",
        "x-ms-return-client-request-id": "true"
      },
      "RequestBody": null,
      "StatusCode": 200,
      "ResponseHeaders": {
        "Cache-Control": "no-cache",
        "Content-Length": "2119",
        "Content-Type": "application/json",
        "Date": "Thu, 17 Feb 2022 12:40:33 GMT",
        "Expires": "-1",
        "Pragma": "no-cache",
        "Server": "Microsoft-Azure-Storage-Resource-Provider/1.0,Microsoft-HTTPAPI/2.0 Microsoft-HTTPAPI/2.0",
        "Strict-Transport-Security": "max-age=31536000; includeSubDomains",
        "X-Content-Type-Options": "nosniff",
        "x-ms-client-request-id": "3e2db82624f734bb9bdcd2a83d5b75f1",
        "x-ms-correlation-request-id": "0fcc56ad-b7ff-4248-9469-1bed243a102c",
        "x-ms-ratelimit-remaining-subscription-reads": "11987",
        "x-ms-request-id": "a0acddcb-00dc-4995-8202-9781e1208faa",
        "x-ms-routing-request-id": "SOUTHEASTASIA:20220217T124033Z:0fcc56ad-b7ff-4248-9469-1bed243a102c"
      },
      "ResponseBody": {
        "identity": {
          "userAssignedIdentities": {
            "/subscriptions/db1ab6f0-4769-4b27-930e-01e2ef9c123c/resourcegroups/teststorageRG-3708/providers/Microsoft.ManagedIdentity/userAssignedIdentities/testMsi-2637": {
              "principalId": "7af6c08c-ba48-463b-9f94-a6dd9218a146",
              "tenantId": "72f988bf-86f1-41af-91ab-2d7cd011db47",
              "clientId": "7a3a1ae6-1288-4d26-a5b1-c6a5eb31e2ef",
              "identityUrl": "https://control-eastus2.identity.azure.net/subscriptions/db1ab6f0-4769-4b27-930e-01e2ef9c123c/resourcegroups/teststorageRG-3708/providers/Microsoft.Storage/storageAccounts/teststoragemgmt1594/credentials/v2/userassigned?arpid=1b8b5a2c-0087-417a-a232-be20efb50849\u0026uaid=7a3a1ae6-1288-4d26-a5b1-c6a5eb31e2ef\u0026tid=72f988bf-86f1-41af-91ab-2d7cd011db47",
              "certRenewAfter": "2022-04-04T12:35:00Z"
            }
          },
          "type": "UserAssigned"
        },
        "sku": {
          "name": "Standard_LRS",
          "tier": "Standard"
        },
        "kind": "Storage",
        "id": "/subscriptions/db1ab6f0-4769-4b27-930e-01e2ef9c123c/resourceGroups/teststorageRG-3708/providers/Microsoft.Storage/storageAccounts/teststoragemgmt1594",
        "name": "teststoragemgmt1594",
        "type": "Microsoft.Storage/storageAccounts",
        "location": "eastus2",
        "tags": {
          "key1": "value1",
          "key2": "value2"
        },
        "properties": {
          "keyCreationTime": {
            "key1": "2022-02-17T12:40:13.8007187Z",
            "key2": "2022-02-17T12:40:13.8007187Z"
          },
          "privateEndpointConnections": [],
          "minimumTlsVersion": "TLS1_0",
          "allowBlobPublicAccess": true,
          "networkAcls": {
            "bypass": "AzureServices",
            "virtualNetworkRules": [],
            "ipRules": [],
            "defaultAction": "Allow"
          },
          "supportsHttpsTrafficOnly": true,
          "encryption": {
            "services": {
              "file": {
                "keyType": "Account",
                "enabled": true,
                "lastEnabledTime": "2022-02-17T12:40:13.8163033Z"
              },
              "blob": {
                "keyType": "Account",
                "enabled": true,
                "lastEnabledTime": "2022-02-17T12:40:13.8163033Z"
              }
            },
            "keySource": "Microsoft.Storage"
          },
          "provisioningState": "Succeeded",
          "creationTime": "2022-02-17T12:40:13.6756996Z",
          "primaryEndpoints": {
            "blob": "https://teststoragemgmt1594.blob.core.windows.net/",
            "queue": "https://teststoragemgmt1594.queue.core.windows.net/",
            "table": "https://teststoragemgmt1594.table.core.windows.net/",
            "file": "https://teststoragemgmt1594.file.core.windows.net/"
          },
          "primaryLocation": "eastus2",
          "statusOfPrimary": "available"
        }
      }
    },
    {
      "RequestUri": "https://management.azure.com/subscriptions/db1ab6f0-4769-4b27-930e-01e2ef9c123c/resourceGroups/teststorageRG-3708/providers/Microsoft.Storage/storageAccounts?api-version=2021-08-01",
      "RequestMethod": "GET",
      "RequestHeaders": {
        "Accept": "application/json",
        "Authorization": "Sanitized",
        "traceparent": "00-932d73cf4bde9140b090c2a985a2035d-957511a87545d243-00",
        "User-Agent": "azsdk-net-ResourceManager.Storage/1.0.0-alpha.20220217.1 (.NET Framework 4.8.4420.0; Microsoft Windows 10.0.22000 ) azsdk-net-ResourceManager/1.0.0-alpha.20220217.1 (.NET Framework 4.8.4420.0; Microsoft Windows 10.0.22000 )",
        "x-ms-client-request-id": "54503e8d59a2cde116c1ce5588f691d7",
        "x-ms-return-client-request-id": "true"
      },
      "RequestBody": null,
      "StatusCode": 200,
      "ResponseHeaders": {
        "Cache-Control": "no-cache",
        "Content-Length": "2131",
        "Content-Type": "application/json",
        "Date": "Thu, 17 Feb 2022 12:40:34 GMT",
        "Expires": "-1",
        "Pragma": "no-cache",
        "Server": "Microsoft-Azure-Storage-Resource-Provider/1.0,Microsoft-HTTPAPI/2.0 Microsoft-HTTPAPI/2.0",
        "Strict-Transport-Security": "max-age=31536000; includeSubDomains",
        "X-Content-Type-Options": "nosniff",
        "x-ms-client-request-id": "54503e8d59a2cde116c1ce5588f691d7",
        "x-ms-correlation-request-id": "98164518-9e61-4edf-b9a2-15ea82aba17a",
        "x-ms-ratelimit-remaining-subscription-reads": "11986",
        "x-ms-request-id": "675e60fd-1ab3-45c5-b87c-a089b35cd2b7",
        "x-ms-routing-request-id": "SOUTHEASTASIA:20220217T124034Z:98164518-9e61-4edf-b9a2-15ea82aba17a"
      },
      "ResponseBody": {
        "value": [
          {
            "identity": {
              "userAssignedIdentities": {
                "/subscriptions/db1ab6f0-4769-4b27-930e-01e2ef9c123c/resourcegroups/teststorageRG-3708/providers/Microsoft.ManagedIdentity/userAssignedIdentities/testMsi-2637": {
                  "principalId": "7af6c08c-ba48-463b-9f94-a6dd9218a146",
                  "tenantId": "72f988bf-86f1-41af-91ab-2d7cd011db47",
                  "clientId": "7a3a1ae6-1288-4d26-a5b1-c6a5eb31e2ef",
                  "identityUrl": "https://control-eastus2.identity.azure.net/subscriptions/db1ab6f0-4769-4b27-930e-01e2ef9c123c/resourcegroups/teststorageRG-3708/providers/Microsoft.Storage/storageAccounts/teststoragemgmt1594/credentials/v2/userassigned?arpid=1b8b5a2c-0087-417a-a232-be20efb50849\u0026uaid=7a3a1ae6-1288-4d26-a5b1-c6a5eb31e2ef\u0026tid=72f988bf-86f1-41af-91ab-2d7cd011db47",
                  "certRenewAfter": "2022-04-04T12:35:00Z"
                }
              },
              "type": "UserAssigned"
            },
            "sku": {
              "name": "Standard_LRS",
              "tier": "Standard"
            },
            "kind": "Storage",
            "id": "/subscriptions/db1ab6f0-4769-4b27-930e-01e2ef9c123c/resourceGroups/teststorageRG-3708/providers/Microsoft.Storage/storageAccounts/teststoragemgmt1594",
            "name": "teststoragemgmt1594",
            "type": "Microsoft.Storage/storageAccounts",
            "location": "eastus2",
            "tags": {
              "key1": "value1",
              "key2": "value2"
            },
            "properties": {
              "keyCreationTime": {
                "key1": "2022-02-17T12:40:13.8007187Z",
                "key2": "2022-02-17T12:40:13.8007187Z"
              },
              "privateEndpointConnections": [],
              "minimumTlsVersion": "TLS1_0",
              "allowBlobPublicAccess": true,
              "networkAcls": {
                "bypass": "AzureServices",
                "virtualNetworkRules": [],
                "ipRules": [],
                "defaultAction": "Allow"
              },
              "supportsHttpsTrafficOnly": true,
              "encryption": {
                "services": {
                  "file": {
                    "keyType": "Account",
                    "enabled": true,
                    "lastEnabledTime": "2022-02-17T12:40:13.8163033Z"
                  },
                  "blob": {
                    "keyType": "Account",
                    "enabled": true,
                    "lastEnabledTime": "2022-02-17T12:40:13.8163033Z"
                  }
                },
                "keySource": "Microsoft.Storage"
              },
              "provisioningState": "Succeeded",
              "creationTime": "2022-02-17T12:40:13.6756996Z",
              "primaryEndpoints": {
                "blob": "https://teststoragemgmt1594.blob.core.windows.net/",
                "queue": "https://teststoragemgmt1594.queue.core.windows.net/",
                "table": "https://teststoragemgmt1594.table.core.windows.net/",
                "file": "https://teststoragemgmt1594.file.core.windows.net/"
              },
              "primaryLocation": "eastus2",
              "statusOfPrimary": "available"
            }
          }
        ]
      }
    },
    {
      "RequestUri": "https://management.azure.com/subscriptions/db1ab6f0-4769-4b27-930e-01e2ef9c123c/resourceGroups/teststorageRG-3708/providers/Microsoft.Storage/storageAccounts/teststoragemgmt1594?api-version=2021-08-01",
      "RequestMethod": "DELETE",
      "RequestHeaders": {
        "Authorization": "Sanitized",
        "traceparent": "00-078f8c13985cec4f98d0ee8e53fed3b9-c6b0c6d89cd70a40-00",
        "User-Agent": "azsdk-net-ResourceManager.Storage/1.0.0-alpha.20220217.1 (.NET Framework 4.8.4420.0; Microsoft Windows 10.0.22000 ) azsdk-net-ResourceManager/1.0.0-alpha.20220217.1 (.NET Framework 4.8.4420.0; Microsoft Windows 10.0.22000 )",
        "x-ms-client-request-id": "27da3e6def11196b8f7627c566125a57",
        "x-ms-return-client-request-id": "true"
      },
      "RequestBody": null,
      "StatusCode": 200,
      "ResponseHeaders": {
        "Cache-Control": "no-cache",
        "Content-Length": "0",
        "Content-Type": "text/plain; charset=utf-8",
        "Date": "Thu, 17 Feb 2022 12:40:40 GMT",
        "Expires": "-1",
        "Pragma": "no-cache",
        "Server": "Microsoft-Azure-Storage-Resource-Provider/1.0,Microsoft-HTTPAPI/2.0 Microsoft-HTTPAPI/2.0",
        "Strict-Transport-Security": "max-age=31536000; includeSubDomains",
        "X-Content-Type-Options": "nosniff",
        "x-ms-client-request-id": "27da3e6def11196b8f7627c566125a57",
        "x-ms-correlation-request-id": "fcb1bb72-1250-4de7-81a5-b9cd266b158a",
        "x-ms-ratelimit-remaining-subscription-deletes": "14998",
        "x-ms-request-id": "772216e4-f2cd-492b-b478-f897479893d3",
        "x-ms-routing-request-id": "SOUTHEASTASIA:20220217T124040Z:fcb1bb72-1250-4de7-81a5-b9cd266b158a"
      },
      "ResponseBody": null
    }
  ],
  "Variables": {
    "RandomSeed": "34321730",
    "RESOURCE_MANAGER_URL": "https://management.azure.com",
    "SUBSCRIPTION_ID": "db1ab6f0-4769-4b27-930e-01e2ef9c123c"
  }
}
