{
  "Entries": [
    {
      "RequestUri": "https://management.azure.com/subscriptions/db1ab6f0-4769-4b27-930e-01e2ef9c123c?api-version=2021-01-01",
      "RequestMethod": "GET",
      "RequestHeaders": {
        "Accept": "application/json",
        "Authorization": "Sanitized",
        "traceparent": "00-dc8ee443a0d77842bbe9928d7c107f91-5a9efd61be017c4d-00",
        "User-Agent": "azsdk-net-ResourceManager/1.0.0-alpha.20220217.1 (.NET Framework 4.8.4420.0; Microsoft Windows 10.0.22000 ) azsdk-net-ResourceManager/1.0.0-alpha.20220217.1 (.NET Framework 4.8.4420.0; Microsoft Windows 10.0.22000 )",
        "x-ms-client-request-id": "319f3cbbae9cfe500145afac568087c6",
        "x-ms-return-client-request-id": "true"
      },
      "RequestBody": null,
      "StatusCode": 200,
      "ResponseHeaders": {
        "Cache-Control": "no-cache",
        "Content-Length": "647",
        "Content-Type": "application/json; charset=utf-8",
        "Date": "Thu, 17 Feb 2022 14:48:07 GMT",
        "Expires": "-1",
        "Pragma": "no-cache",
        "Strict-Transport-Security": "max-age=31536000; includeSubDomains",
        "X-Content-Type-Options": "nosniff",
        "x-ms-correlation-request-id": "c668586b-c1fe-429a-b065-8a5c53dd1945",
        "x-ms-ratelimit-remaining-subscription-reads": "11991",
        "x-ms-request-id": "c668586b-c1fe-429a-b065-8a5c53dd1945",
        "x-ms-routing-request-id": "SOUTHEASTASIA:20220217T144807Z:c668586b-c1fe-429a-b065-8a5c53dd1945"
      },
      "ResponseBody": {
        "id": "/subscriptions/db1ab6f0-4769-4b27-930e-01e2ef9c123c",
        "authorizationSource": "RoleBased",
        "managedByTenants": [],
        "tags": {
          "tagKey1": "tagValue1",
          "tagKey2": "tagValue2",
          "TagKey-3829": "TagValue-1478",
          "TagKey-8632": "TagValue-622",
          "TagKey-1884": "TagValue-5685",
          "TagKey-9159": "TagValue-5509",
          "TagKey-8053": "TagValue-1419",
          "TagKey-4768": "TagValue-5890"
        },
        "subscriptionId": "db1ab6f0-4769-4b27-930e-01e2ef9c123c",
        "tenantId": "72f988bf-86f1-41af-91ab-2d7cd011db47",
        "displayName": ".NET Mgmt SDK Test with TTL = 1 Day",
        "state": "Enabled",
        "subscriptionPolicies": {
          "locationPlacementId": "Internal_2014-09-01",
          "quotaId": "Internal_2014-09-01",
          "spendingLimit": "Off"
        }
      }
    },
    {
      "RequestUri": "https://management.azure.com/subscriptions/db1ab6f0-4769-4b27-930e-01e2ef9c123c/resourcegroups/teststorageRG-8436?api-version=2021-04-01",
      "RequestMethod": "PUT",
      "RequestHeaders": {
        "Accept": "application/json",
        "Authorization": "Sanitized",
        "Content-Length": "44",
        "Content-Type": "application/json",
        "traceparent": "00-be14bca5389a1b4ab4dd61dd7e323142-b1d5f6b289f0774d-00",
        "User-Agent": "azsdk-net-ResourceManager/1.0.0-alpha.20220217.1 (.NET Framework 4.8.4420.0; Microsoft Windows 10.0.22000 ) azsdk-net-ResourceManager/1.0.0-alpha.20220217.1 (.NET Framework 4.8.4420.0; Microsoft Windows 10.0.22000 )",
        "x-ms-client-request-id": "dae5795e71b387aef193ebf9ef32181e",
        "x-ms-return-client-request-id": "true"
      },
      "RequestBody": {
        "tags": {
          "test": "env"
        },
        "location": "eastus2"
      },
      "StatusCode": 201,
      "ResponseHeaders": {
        "Cache-Control": "no-cache",
        "Content-Length": "256",
        "Content-Type": "application/json; charset=utf-8",
        "Date": "Thu, 17 Feb 2022 14:48:08 GMT",
        "Expires": "-1",
        "Pragma": "no-cache",
        "Strict-Transport-Security": "max-age=31536000; includeSubDomains",
        "X-Content-Type-Options": "nosniff",
        "x-ms-correlation-request-id": "ec174fd4-541f-4cc5-8bba-7750f09476e9",
        "x-ms-ratelimit-remaining-subscription-writes": "1195",
        "x-ms-request-id": "ec174fd4-541f-4cc5-8bba-7750f09476e9",
        "x-ms-routing-request-id": "SOUTHEASTASIA:20220217T144809Z:ec174fd4-541f-4cc5-8bba-7750f09476e9"
      },
      "ResponseBody": {
        "id": "/subscriptions/db1ab6f0-4769-4b27-930e-01e2ef9c123c/resourceGroups/teststorageRG-8436",
        "name": "teststorageRG-8436",
        "type": "Microsoft.Resources/resourceGroups",
        "location": "eastus2",
        "tags": {
          "test": "env"
        },
        "properties": {
          "provisioningState": "Succeeded"
        }
      }
    },
    {
      "RequestUri": "https://management.azure.com/subscriptions/db1ab6f0-4769-4b27-930e-01e2ef9c123c/providers/Microsoft.Storage/checkNameAvailability?api-version=2021-08-01",
      "RequestMethod": "POST",
      "RequestHeaders": {
        "Accept": "application/json",
        "Authorization": "Sanitized",
        "Content-Length": "73",
        "Content-Type": "application/json",
        "traceparent": "00-3f7aa11626906243a617fe561d9f9ee6-10eae89a2dc7064e-00",
        "User-Agent": "azsdk-net-ResourceManager.Storage/1.0.0-alpha.20220217.1 (.NET Framework 4.8.4420.0; Microsoft Windows 10.0.22000 ) azsdk-net-ResourceManager/1.0.0-alpha.20220217.1 (.NET Framework 4.8.4420.0; Microsoft Windows 10.0.22000 )",
        "x-ms-client-request-id": "0a20b5041e67cc0ca1b604824db0cb76",
        "x-ms-return-client-request-id": "true"
      },
      "RequestBody": {
        "name": "teststoragemgmt2817",
        "type": "Microsoft.Storage/storageAccounts"
      },
      "StatusCode": 200,
      "ResponseHeaders": {
        "Cache-Control": "no-cache",
        "Content-Length": "22",
        "Content-Type": "application/json",
        "Date": "Thu, 17 Feb 2022 14:48:09 GMT",
        "Expires": "-1",
        "Pragma": "no-cache",
        "Server": "Microsoft-Azure-Storage-Resource-Provider/1.0,Microsoft-HTTPAPI/2.0 Microsoft-HTTPAPI/2.0",
        "Strict-Transport-Security": "max-age=31536000; includeSubDomains",
        "X-Content-Type-Options": "nosniff",
        "x-ms-client-request-id": "0a20b5041e67cc0ca1b604824db0cb76",
        "x-ms-correlation-request-id": "164162d6-2b8c-4ca0-8c56-c00fa7aa6138",
        "x-ms-ratelimit-remaining-subscription-reads": "11990",
        "x-ms-request-id": "11d4b1ec-79fd-4f0d-96f2-be25079396f5",
        "x-ms-routing-request-id": "SOUTHEASTASIA:20220217T144810Z:164162d6-2b8c-4ca0-8c56-c00fa7aa6138"
      },
      "ResponseBody": {
        "nameAvailable": true
      }
    },
    {
      "RequestUri": "https://management.azure.com/subscriptions/db1ab6f0-4769-4b27-930e-01e2ef9c123c/resourceGroups/teststorageRG-8436/providers/Microsoft.Storage/storageAccounts/teststoragemgmt2817?api-version=2021-08-01",
      "RequestMethod": "PUT",
      "RequestHeaders": {
        "Accept": "application/json",
        "Authorization": "Sanitized",
        "Content-Length": "126",
        "Content-Type": "application/json",
        "traceparent": "00-ac3f90ad42ab854da2ee3354c023623c-7da0d26f26747845-00",
        "User-Agent": "azsdk-net-ResourceManager.Storage/1.0.0-alpha.20220217.1 (.NET Framework 4.8.4420.0; Microsoft Windows 10.0.22000 ) azsdk-net-ResourceManager/1.0.0-alpha.20220217.1 (.NET Framework 4.8.4420.0; Microsoft Windows 10.0.22000 )",
        "x-ms-client-request-id": "9eb4a6710893f1cbaaaa1a6404121297",
        "x-ms-return-client-request-id": "true"
      },
      "RequestBody": {
        "sku": {
          "name": "Standard_LRS"
        },
        "kind": "Storage",
        "location": "eastus2",
        "tags": {
          "key1": "value1",
          "key2": "value2"
        },
        "properties": {}
      },
      "StatusCode": 202,
      "ResponseHeaders": {
        "Cache-Control": "no-cache",
        "Content-Length": "0",
        "Content-Type": "text/plain; charset=utf-8",
        "Date": "Thu, 17 Feb 2022 14:48:13 GMT",
        "Expires": "-1",
        "Location": "https://management.azure.com/subscriptions/db1ab6f0-4769-4b27-930e-01e2ef9c123c/providers/Microsoft.Storage/locations/eastus2/asyncoperations/b93cda4b-10c3-42d4-b350-19dbb8c82c9b?monitor=true\u0026api-version=2021-08-01",
        "Pragma": "no-cache",
        "Retry-After": "17",
        "Server": "Microsoft-Azure-Storage-Resource-Provider/1.0,Microsoft-HTTPAPI/2.0 Microsoft-HTTPAPI/2.0",
        "Strict-Transport-Security": "max-age=31536000; includeSubDomains",
        "X-Content-Type-Options": "nosniff",
        "x-ms-client-request-id": "9eb4a6710893f1cbaaaa1a6404121297",
        "x-ms-correlation-request-id": "23cafdff-0845-4fad-8906-11d1e7745332",
        "x-ms-ratelimit-remaining-subscription-writes": "1194",
        "x-ms-request-id": "b93cda4b-10c3-42d4-b350-19dbb8c82c9b",
        "x-ms-routing-request-id": "SOUTHEASTASIA:20220217T144814Z:23cafdff-0845-4fad-8906-11d1e7745332"
      },
      "ResponseBody": null
    },
    {
      "RequestUri": "https://management.azure.com/subscriptions/db1ab6f0-4769-4b27-930e-01e2ef9c123c/providers/Microsoft.Storage/locations/eastus2/asyncoperations/b93cda4b-10c3-42d4-b350-19dbb8c82c9b?monitor=true\u0026api-version=2021-08-01",
      "RequestMethod": "GET",
      "RequestHeaders": {
        "Authorization": "Sanitized",
        "User-Agent": "azsdk-net-ResourceManager/1.0.0-alpha.20220217.1 (.NET Framework 4.8.4420.0; Microsoft Windows 10.0.22000 ) azsdk-net-ResourceManager/1.0.0-alpha.20220217.1 (.NET Framework 4.8.4420.0; Microsoft Windows 10.0.22000 )",
        "x-ms-client-request-id": "8b7e83207f63fc6dea2e60bc04a8c88f",
        "x-ms-return-client-request-id": "true"
      },
      "RequestBody": null,
      "StatusCode": 202,
      "ResponseHeaders": {
        "Cache-Control": "no-cache",
        "Content-Length": "0",
        "Content-Type": "text/plain; charset=utf-8",
        "Date": "Thu, 17 Feb 2022 14:48:13 GMT",
        "Expires": "-1",
        "Location": "https://management.azure.com/subscriptions/db1ab6f0-4769-4b27-930e-01e2ef9c123c/providers/Microsoft.Storage/locations/eastus2/asyncoperations/b93cda4b-10c3-42d4-b350-19dbb8c82c9b?monitor=true\u0026api-version=2021-08-01",
        "Pragma": "no-cache",
        "Retry-After": "17",
        "Server": "Microsoft-Azure-Storage-Resource-Provider/1.0,Microsoft-HTTPAPI/2.0 Microsoft-HTTPAPI/2.0",
        "Strict-Transport-Security": "max-age=31536000; includeSubDomains",
        "X-Content-Type-Options": "nosniff",
        "x-ms-client-request-id": "8b7e83207f63fc6dea2e60bc04a8c88f",
        "x-ms-correlation-request-id": "dbbe4d39-ee81-4756-bbb3-c9695c40e188",
        "x-ms-ratelimit-remaining-subscription-reads": "11989",
        "x-ms-request-id": "ece563ef-2b1f-4534-a87b-f5aafdf3edc1",
        "x-ms-routing-request-id": "SOUTHEASTASIA:20220217T144814Z:dbbe4d39-ee81-4756-bbb3-c9695c40e188"
      },
      "ResponseBody": null
    },
    {
      "RequestUri": "https://management.azure.com/subscriptions/db1ab6f0-4769-4b27-930e-01e2ef9c123c/providers/Microsoft.Storage/locations/eastus2/asyncoperations/b93cda4b-10c3-42d4-b350-19dbb8c82c9b?monitor=true\u0026api-version=2021-08-01",
      "RequestMethod": "GET",
      "RequestHeaders": {
        "Authorization": "Sanitized",
        "User-Agent": "azsdk-net-ResourceManager/1.0.0-alpha.20220217.1 (.NET Framework 4.8.4420.0; Microsoft Windows 10.0.22000 ) azsdk-net-ResourceManager/1.0.0-alpha.20220217.1 (.NET Framework 4.8.4420.0; Microsoft Windows 10.0.22000 )",
        "x-ms-client-request-id": "f7f46da3fa3419cfaf59c584f71048a6",
        "x-ms-return-client-request-id": "true"
      },
      "RequestBody": null,
      "StatusCode": 200,
      "ResponseHeaders": {
        "Cache-Control": "no-cache",
        "Content-Length": "1340",
        "Content-Type": "application/json",
        "Date": "Thu, 17 Feb 2022 14:48:31 GMT",
        "Expires": "-1",
        "Pragma": "no-cache",
        "Server": "Microsoft-Azure-Storage-Resource-Provider/1.0,Microsoft-HTTPAPI/2.0 Microsoft-HTTPAPI/2.0",
        "Strict-Transport-Security": "max-age=31536000; includeSubDomains",
        "X-Content-Type-Options": "nosniff",
        "x-ms-client-request-id": "f7f46da3fa3419cfaf59c584f71048a6",
        "x-ms-correlation-request-id": "da105ae9-6928-4fc0-b9e5-aae890fee2dc",
        "x-ms-ratelimit-remaining-subscription-reads": "11988",
        "x-ms-request-id": "8e0736ee-f4b7-4f3a-a510-f468be84297a",
        "x-ms-routing-request-id": "SOUTHEASTASIA:20220217T144831Z:da105ae9-6928-4fc0-b9e5-aae890fee2dc"
      },
      "ResponseBody": {
        "sku": {
          "name": "Standard_LRS",
          "tier": "Standard"
        },
        "kind": "Storage",
        "id": "/subscriptions/db1ab6f0-4769-4b27-930e-01e2ef9c123c/resourceGroups/teststorageRG-8436/providers/Microsoft.Storage/storageAccounts/teststoragemgmt2817",
        "name": "teststoragemgmt2817",
        "type": "Microsoft.Storage/storageAccounts",
        "location": "eastus2",
        "tags": {
          "key1": "value1",
          "key2": "value2"
        },
        "properties": {
          "keyCreationTime": {
            "key1": "2022-02-17T14:48:12.2136616Z",
            "key2": "2022-02-17T14:48:12.2136616Z"
          },
          "privateEndpointConnections": [],
          "minimumTlsVersion": "TLS1_0",
          "allowBlobPublicAccess": true,
          "networkAcls": {
            "bypass": "AzureServices",
            "virtualNetworkRules": [],
            "ipRules": [],
            "defaultAction": "Allow"
          },
          "supportsHttpsTrafficOnly": true,
          "encryption": {
            "services": {
              "file": {
                "keyType": "Account",
                "enabled": true,
                "lastEnabledTime": "2022-02-17T14:48:12.2136616Z"
              },
              "blob": {
                "keyType": "Account",
                "enabled": true,
                "lastEnabledTime": "2022-02-17T14:48:12.2136616Z"
              }
            },
            "keySource": "Microsoft.Storage"
          },
          "provisioningState": "Succeeded",
          "creationTime": "2022-02-17T14:48:12.0886605Z",
          "primaryEndpoints": {
            "blob": "https://teststoragemgmt2817.blob.core.windows.net/",
            "queue": "https://teststoragemgmt2817.queue.core.windows.net/",
            "table": "https://teststoragemgmt2817.table.core.windows.net/",
            "file": "https://teststoragemgmt2817.file.core.windows.net/"
          },
          "primaryLocation": "eastus2",
          "statusOfPrimary": "available"
        }
      }
    },
    {
      "RequestUri": "https://management.azure.com/subscriptions/db1ab6f0-4769-4b27-930e-01e2ef9c123c/providers/Microsoft.ManagedIdentity?api-version=2021-04-01",
      "RequestMethod": "GET",
      "RequestHeaders": {
        "Accept": "application/json",
        "Authorization": "Sanitized",
        "traceparent": "00-8eb9b715996fe644ad9da2809b470934-2372fee2bfef374e-00",
        "User-Agent": "azsdk-net-ResourceManager/1.0.0-alpha.20220217.1 (.NET Framework 4.8.4420.0; Microsoft Windows 10.0.22000 ) azsdk-net-ResourceManager/1.0.0-alpha.20220217.1 (.NET Framework 4.8.4420.0; Microsoft Windows 10.0.22000 )",
        "x-ms-client-request-id": "948044373386e90e80e778f73a563046",
        "x-ms-return-client-request-id": "true"
      },
      "RequestBody": null,
      "StatusCode": 200,
      "ResponseHeaders": {
        "Cache-Control": "no-cache",
        "Content-Length": "2508",
        "Content-Type": "application/json; charset=utf-8",
        "Date": "Thu, 17 Feb 2022 14:48:31 GMT",
        "Expires": "-1",
        "Pragma": "no-cache",
        "Strict-Transport-Security": "max-age=31536000; includeSubDomains",
        "X-Content-Type-Options": "nosniff",
        "x-ms-correlation-request-id": "4d20a7a9-5cef-41b0-a498-d8c4f17da23b",
        "x-ms-ratelimit-remaining-subscription-reads": "11987",
        "x-ms-request-id": "4d20a7a9-5cef-41b0-a498-d8c4f17da23b",
        "x-ms-routing-request-id": "SOUTHEASTASIA:20220217T144831Z:4d20a7a9-5cef-41b0-a498-d8c4f17da23b"
      },
      "ResponseBody": {
        "id": "/subscriptions/db1ab6f0-4769-4b27-930e-01e2ef9c123c/providers/Microsoft.ManagedIdentity",
        "namespace": "Microsoft.ManagedIdentity",
        "resourceTypes": [
          {
            "resourceType": "Identities",
            "locations": [
              "Global",
              "South Africa North",
              "South Africa West",
              "UAE North",
              "Australia Central",
              "Australia East",
              "Australia Southeast",
              "Canada Central",
              "Canada East",
              "Brazil South",
              "Central India",
              "West India",
              "Jio India West",
              "South India",
              "Japan West",
              "Japan East",
              "East Asia",
              "Southeast Asia",
              "Korea Central",
              "North Europe",
              "West Europe",
              "UK West",
              "UK South",
              "Sweden Central",
              "Switzerland North",
              "Germany West Central",
              "Central US",
              "North Central US",
              "East US",
              "East US 2",
              "South Central US",
              "West US",
              "West US 2",
              "West US 3",
              "West Central US",
              "France Central",
              "Norway East",
              "Korea South"
            ],
            "apiVersions": [
              "2021-09-30-PREVIEW",
              "2018-11-30",
              "2015-08-31-PREVIEW"
            ],
            "defaultApiVersion": "2018-11-30",
            "capabilities": "SupportsExtension"
          },
          {
            "resourceType": "userAssignedIdentities",
            "locations": [
              "South Africa North",
              "South Africa West",
              "UAE North",
              "Australia Central",
              "Australia East",
              "Australia Southeast",
              "Canada Central",
              "Canada East",
              "Brazil South",
              "Central India",
              "West India",
              "Jio India West",
              "South India",
              "Japan West",
              "Japan East",
              "East Asia",
              "Southeast Asia",
              "Korea Central",
              "North Europe",
              "West Europe",
              "UK West",
              "UK South",
              "Sweden Central",
              "Switzerland North",
              "Germany West Central",
              "Central US",
              "North Central US",
              "East US",
              "East US 2",
              "South Central US",
              "West US",
              "West US 2",
              "West US 3",
              "West Central US",
              "France Central",
              "Norway East",
              "Korea South"
            ],
            "apiVersions": [
              "2021-09-30-PREVIEW",
              "2018-11-30",
              "2015-08-31-PREVIEW"
            ],
            "defaultApiVersion": "2018-11-30",
            "capabilities": "SupportsTags, SupportsLocation"
          },
          {
            "resourceType": "operations",
            "locations": [
              "South Africa North",
              "South Africa West",
              "UAE North",
              "Australia Central",
              "Australia East",
              "Australia Southeast",
              "Canada Central",
              "Canada East",
              "Brazil South",
              "Central India",
              "West India",
              "Jio India West",
              "South India",
              "Japan West",
              "Japan East",
              "East Asia",
              "Southeast Asia",
              "Korea Central",
              "North Europe",
              "West Europe",
              "UK West",
              "UK South",
              "Sweden Central",
              "Switzerland North",
              "Germany West Central",
              "Central US",
              "North Central US",
              "East US",
              "East US 2",
              "South Central US",
              "West US",
              "West US 2",
              "West US 3",
              "West Central US",
              "France Central",
              "Norway East",
              "Korea South"
            ],
            "apiVersions": [
              "2021-09-30-PREVIEW",
              "2018-11-30",
              "2015-08-31-PREVIEW"
            ],
            "defaultApiVersion": "2018-11-30",
            "capabilities": "None"
          }
        ],
        "registrationState": "Registered",
        "registrationPolicy": "RegistrationRequired"
      }
    },
    {
      "RequestUri": "https://management.azure.com/subscriptions/db1ab6f0-4769-4b27-930e-01e2ef9c123c/resourceGroups/teststorageRG-8436/providers/Microsoft.ManagedIdentity/userAssignedIdentities/testMsi-3873?api-version=2021-09-30-PREVIEW",
      "RequestMethod": "PUT",
      "RequestHeaders": {
        "Accept": "application/json",
        "Authorization": "Sanitized",
        "Content-Length": "32",
        "Content-Type": "application/json",
        "traceparent": "00-8eb9b715996fe644ad9da2809b470934-8acf0d8c72db9742-00",
        "User-Agent": "azsdk-net-ResourceManager/1.0.0-alpha.20220217.1 (.NET Framework 4.8.4420.0; Microsoft Windows 10.0.22000 ) azsdk-net-ResourceManager/1.0.0-alpha.20220217.1 (.NET Framework 4.8.4420.0; Microsoft Windows 10.0.22000 )",
        "x-ms-client-request-id": "103c1781aeacb32564dc09bae805dae5",
        "x-ms-return-client-request-id": "true"
      },
      "RequestBody": {
        "tags": {},
        "location": "eastus2"
      },
      "StatusCode": 201,
      "ResponseHeaders": {
        "Cache-Control": "no-cache",
        "Content-Length": "445",
        "Content-Type": "application/json; charset=utf-8",
        "Date": "Thu, 17 Feb 2022 14:48:36 GMT",
        "Expires": "-1",
        "Location": "/subscriptions/db1ab6f0-4769-4b27-930e-01e2ef9c123c/resourcegroups/teststorageRG-8436/providers/Microsoft.ManagedIdentity/userAssignedIdentities/testMsi-3873",
        "Pragma": "no-cache",
        "Strict-Transport-Security": "max-age=31536000; includeSubDomains",
        "X-Content-Type-Options": "nosniff",
        "x-ms-correlation-request-id": "1ef9e18c-d1e1-4b45-99d7-d953b39fbed3",
        "x-ms-ratelimit-remaining-subscription-writes": "1193",
        "x-ms-request-id": "1ef9e18c-d1e1-4b45-99d7-d953b39fbed3",
        "x-ms-routing-request-id": "SOUTHEASTASIA:20220217T144836Z:1ef9e18c-d1e1-4b45-99d7-d953b39fbed3"
      },
      "ResponseBody": {
        "id": "/subscriptions/db1ab6f0-4769-4b27-930e-01e2ef9c123c/resourcegroups/teststorageRG-8436/providers/Microsoft.ManagedIdentity/userAssignedIdentities/testMsi-3873",
        "name": "testMsi-3873",
        "type": "Microsoft.ManagedIdentity/userAssignedIdentities",
        "location": "eastus2",
        "tags": {},
        "properties": {
          "tenantId": "72f988bf-86f1-41af-91ab-2d7cd011db47",
          "principalId": "ba74688a-1e4d-43d8-ab99-d86ee7036b77",
          "clientId": "9a0eb43e-47bd-4469-97c5-e0230645d677"
        }
      }
    },
    {
      "RequestUri": "https://management.azure.com/subscriptions/db1ab6f0-4769-4b27-930e-01e2ef9c123c/resourcegroups/teststorageRG-8436/providers/Microsoft.ManagedIdentity/userAssignedIdentities/testMsi-3873?api-version=2021-09-30-PREVIEW",
      "RequestMethod": "GET",
      "RequestHeaders": {
        "Authorization": "Sanitized",
        "User-Agent": "azsdk-net-ResourceManager/1.0.0-alpha.20220217.1 (.NET Framework 4.8.4420.0; Microsoft Windows 10.0.22000 ) azsdk-net-ResourceManager/1.0.0-alpha.20220217.1 (.NET Framework 4.8.4420.0; Microsoft Windows 10.0.22000 )",
        "x-ms-client-request-id": "f8753e95950c885b1ecd2faa2954007a",
        "x-ms-return-client-request-id": "true"
      },
      "RequestBody": null,
      "StatusCode": 200,
      "ResponseHeaders": {
        "Cache-Control": "no-cache",
        "Content-Length": "445",
        "Content-Type": "application/json; charset=utf-8",
        "Date": "Thu, 17 Feb 2022 14:48:37 GMT",
        "Expires": "-1",
        "Pragma": "no-cache",
        "Strict-Transport-Security": "max-age=31536000; includeSubDomains",
        "X-Content-Type-Options": "nosniff",
        "x-ms-correlation-request-id": "bfed0458-768a-4fc1-ba76-26424d01afed",
        "x-ms-ratelimit-remaining-subscription-reads": "11986",
        "x-ms-request-id": "bfed0458-768a-4fc1-ba76-26424d01afed",
        "x-ms-routing-request-id": "SOUTHEASTASIA:20220217T144837Z:bfed0458-768a-4fc1-ba76-26424d01afed"
      },
      "ResponseBody": {
        "id": "/subscriptions/db1ab6f0-4769-4b27-930e-01e2ef9c123c/resourcegroups/teststorageRG-8436/providers/Microsoft.ManagedIdentity/userAssignedIdentities/testMsi-3873",
        "name": "testMsi-3873",
        "type": "Microsoft.ManagedIdentity/userAssignedIdentities",
        "location": "eastus2",
        "tags": {},
        "properties": {
          "tenantId": "72f988bf-86f1-41af-91ab-2d7cd011db47",
          "principalId": "ba74688a-1e4d-43d8-ab99-d86ee7036b77",
          "clientId": "9a0eb43e-47bd-4469-97c5-e0230645d677"
        }
      }
    },
    {
      "RequestUri": "https://management.azure.com/subscriptions/db1ab6f0-4769-4b27-930e-01e2ef9c123c/resourceGroups/teststorageRG-8436/providers/Microsoft.Storage/storageAccounts/teststoragemgmt2817?api-version=2021-08-01",
      "RequestMethod": "PATCH",
      "RequestHeaders": {
        "Accept": "application/json",
        "Authorization": "Sanitized",
        "Content-Length": "242",
        "Content-Type": "application/json",
        "traceparent": "00-6f9c48d625da464eb9293c96a5199323-4e9c2bbf58492748-00",
        "User-Agent": "azsdk-net-ResourceManager.Storage/1.0.0-alpha.20220217.1 (.NET Framework 4.8.4420.0; Microsoft Windows 10.0.22000 ) azsdk-net-ResourceManager/1.0.0-alpha.20220217.1 (.NET Framework 4.8.4420.0; Microsoft Windows 10.0.22000 )",
        "x-ms-client-request-id": "863d930dcc8886fefb022a9df9125c43",
        "x-ms-return-client-request-id": "true"
      },
      "RequestBody": {
        "identity": {
          "type": "UserAssigned",
          "userAssignedIdentities": {
            "/subscriptions/db1ab6f0-4769-4b27-930e-01e2ef9c123c/resourcegroups/teststorageRG-8436/providers/Microsoft.ManagedIdentity/userAssignedIdentities/testMsi-3873": {}
          }
        },
        "properties": {}
      },
      "StatusCode": 200,
      "ResponseHeaders": {
        "Cache-Control": "no-cache",
        "Content-Length": "2119",
        "Content-Type": "application/json",
        "Date": "Thu, 17 Feb 2022 14:48:41 GMT",
        "Expires": "-1",
        "Pragma": "no-cache",
        "Server": "Microsoft-Azure-Storage-Resource-Provider/1.0,Microsoft-HTTPAPI/2.0 Microsoft-HTTPAPI/2.0",
        "Strict-Transport-Security": "max-age=31536000; includeSubDomains",
        "X-Content-Type-Options": "nosniff",
        "x-ms-client-request-id": "863d930dcc8886fefb022a9df9125c43",
        "x-ms-correlation-request-id": "dfc2d78a-cdc4-4243-a6c9-bb6fcbfc77e8",
        "x-ms-ratelimit-remaining-subscription-writes": "1192",
        "x-ms-request-id": "18e134dc-00aa-42fd-adf2-9593b19d201b",
        "x-ms-routing-request-id": "SOUTHEASTASIA:20220217T144841Z:dfc2d78a-cdc4-4243-a6c9-bb6fcbfc77e8"
      },
      "ResponseBody": {
        "identity": {
          "userAssignedIdentities": {
            "/subscriptions/db1ab6f0-4769-4b27-930e-01e2ef9c123c/resourcegroups/teststorageRG-8436/providers/Microsoft.ManagedIdentity/userAssignedIdentities/testMsi-3873": {
              "principalId": "ba74688a-1e4d-43d8-ab99-d86ee7036b77",
              "tenantId": "72f988bf-86f1-41af-91ab-2d7cd011db47",
              "clientId": "9a0eb43e-47bd-4469-97c5-e0230645d677",
              "identityUrl": "https://control-eastus2.identity.azure.net/subscriptions/db1ab6f0-4769-4b27-930e-01e2ef9c123c/resourcegroups/teststorageRG-8436/providers/Microsoft.Storage/storageAccounts/teststoragemgmt2817/credentials/v2/userassigned?arpid=22719dcb-5413-4240-91c3-b471932bba78\u0026uaid=9a0eb43e-47bd-4469-97c5-e0230645d677\u0026tid=72f988bf-86f1-41af-91ab-2d7cd011db47",
              "certRenewAfter": "2022-04-04T14:43:00Z"
            }
          },
          "type": "UserAssigned"
        },
        "sku": {
          "name": "Standard_LRS",
          "tier": "Standard"
        },
        "kind": "Storage",
        "id": "/subscriptions/db1ab6f0-4769-4b27-930e-01e2ef9c123c/resourceGroups/teststorageRG-8436/providers/Microsoft.Storage/storageAccounts/teststoragemgmt2817",
        "name": "teststoragemgmt2817",
        "type": "Microsoft.Storage/storageAccounts",
        "location": "eastus2",
        "tags": {
          "key1": "value1",
          "key2": "value2"
        },
        "properties": {
          "keyCreationTime": {
            "key1": "2022-02-17T14:48:12.2136616Z",
            "key2": "2022-02-17T14:48:12.2136616Z"
          },
          "privateEndpointConnections": [],
          "minimumTlsVersion": "TLS1_0",
          "allowBlobPublicAccess": true,
          "networkAcls": {
            "bypass": "AzureServices",
            "virtualNetworkRules": [],
            "ipRules": [],
            "defaultAction": "Allow"
          },
          "supportsHttpsTrafficOnly": true,
          "encryption": {
            "services": {
              "file": {
                "keyType": "Account",
                "enabled": true,
                "lastEnabledTime": "2022-02-17T14:48:12.2136616Z"
              },
              "blob": {
                "keyType": "Account",
                "enabled": true,
                "lastEnabledTime": "2022-02-17T14:48:12.2136616Z"
              }
            },
            "keySource": "Microsoft.Storage"
          },
          "provisioningState": "Succeeded",
          "creationTime": "2022-02-17T14:48:12.0886605Z",
          "primaryEndpoints": {
            "blob": "https://teststoragemgmt2817.blob.core.windows.net/",
            "queue": "https://teststoragemgmt2817.queue.core.windows.net/",
            "table": "https://teststoragemgmt2817.table.core.windows.net/",
            "file": "https://teststoragemgmt2817.file.core.windows.net/"
          },
          "primaryLocation": "eastus2",
          "statusOfPrimary": "available"
        }
      }
    },
    {
      "RequestUri": "https://management.azure.com/subscriptions/db1ab6f0-4769-4b27-930e-01e2ef9c123c/resourceGroups/teststorageRG-8436/providers/Microsoft.Storage/storageAccounts/teststoragemgmt2817?api-version=2021-08-01",
      "RequestMethod": "GET",
      "RequestHeaders": {
        "Accept": "application/json",
        "Authorization": "Sanitized",
        "traceparent": "00-59f4e2859d995d4596301d754fb9f3ab-fd649ddaca486b42-00",
        "User-Agent": "azsdk-net-ResourceManager.Storage/1.0.0-alpha.20220217.1 (.NET Framework 4.8.4420.0; Microsoft Windows 10.0.22000 ) azsdk-net-ResourceManager/1.0.0-alpha.20220217.1 (.NET Framework 4.8.4420.0; Microsoft Windows 10.0.22000 )",
        "x-ms-client-request-id": "aa240667e18f24d959444679cc710f91",
        "x-ms-return-client-request-id": "true"
      },
      "RequestBody": null,
      "StatusCode": 200,
      "ResponseHeaders": {
        "Cache-Control": "no-cache",
        "Content-Length": "2119",
        "Content-Type": "application/json",
        "Date": "Thu, 17 Feb 2022 14:48:41 GMT",
        "Expires": "-1",
        "Pragma": "no-cache",
        "Server": "Microsoft-Azure-Storage-Resource-Provider/1.0,Microsoft-HTTPAPI/2.0 Microsoft-HTTPAPI/2.0",
        "Strict-Transport-Security": "max-age=31536000; includeSubDomains",
        "X-Content-Type-Options": "nosniff",
        "x-ms-client-request-id": "aa240667e18f24d959444679cc710f91",
        "x-ms-correlation-request-id": "82047603-d9c4-43d4-8908-6987c2ae71d2",
        "x-ms-ratelimit-remaining-subscription-reads": "11985",
        "x-ms-request-id": "cc9fe0b3-3e83-48f3-abfc-d1f273cee51a",
        "x-ms-routing-request-id": "SOUTHEASTASIA:20220217T144841Z:82047603-d9c4-43d4-8908-6987c2ae71d2"
      },
      "ResponseBody": {
        "identity": {
          "userAssignedIdentities": {
            "/subscriptions/db1ab6f0-4769-4b27-930e-01e2ef9c123c/resourcegroups/teststorageRG-8436/providers/Microsoft.ManagedIdentity/userAssignedIdentities/testMsi-3873": {
              "principalId": "ba74688a-1e4d-43d8-ab99-d86ee7036b77",
              "tenantId": "72f988bf-86f1-41af-91ab-2d7cd011db47",
              "clientId": "9a0eb43e-47bd-4469-97c5-e0230645d677",
              "identityUrl": "https://control-eastus2.identity.azure.net/subscriptions/db1ab6f0-4769-4b27-930e-01e2ef9c123c/resourcegroups/teststorageRG-8436/providers/Microsoft.Storage/storageAccounts/teststoragemgmt2817/credentials/v2/userassigned?arpid=22719dcb-5413-4240-91c3-b471932bba78\u0026uaid=9a0eb43e-47bd-4469-97c5-e0230645d677\u0026tid=72f988bf-86f1-41af-91ab-2d7cd011db47",
              "certRenewAfter": "2022-04-04T14:43:00Z"
            }
          },
          "type": "UserAssigned"
        },
        "sku": {
          "name": "Standard_LRS",
          "tier": "Standard"
        },
        "kind": "Storage",
        "id": "/subscriptions/db1ab6f0-4769-4b27-930e-01e2ef9c123c/resourceGroups/teststorageRG-8436/providers/Microsoft.Storage/storageAccounts/teststoragemgmt2817",
        "name": "teststoragemgmt2817",
        "type": "Microsoft.Storage/storageAccounts",
        "location": "eastus2",
        "tags": {
          "key1": "value1",
          "key2": "value2"
        },
        "properties": {
          "keyCreationTime": {
            "key1": "2022-02-17T14:48:12.2136616Z",
            "key2": "2022-02-17T14:48:12.2136616Z"
          },
          "privateEndpointConnections": [],
          "minimumTlsVersion": "TLS1_0",
          "allowBlobPublicAccess": true,
          "networkAcls": {
            "bypass": "AzureServices",
            "virtualNetworkRules": [],
            "ipRules": [],
            "defaultAction": "Allow"
          },
          "supportsHttpsTrafficOnly": true,
          "encryption": {
            "services": {
              "file": {
                "keyType": "Account",
                "enabled": true,
                "lastEnabledTime": "2022-02-17T14:48:12.2136616Z"
              },
              "blob": {
                "keyType": "Account",
                "enabled": true,
                "lastEnabledTime": "2022-02-17T14:48:12.2136616Z"
              }
            },
            "keySource": "Microsoft.Storage"
          },
          "provisioningState": "Succeeded",
          "creationTime": "2022-02-17T14:48:12.0886605Z",
          "primaryEndpoints": {
            "blob": "https://teststoragemgmt2817.blob.core.windows.net/",
            "queue": "https://teststoragemgmt2817.queue.core.windows.net/",
            "table": "https://teststoragemgmt2817.table.core.windows.net/",
            "file": "https://teststoragemgmt2817.file.core.windows.net/"
          },
          "primaryLocation": "eastus2",
          "statusOfPrimary": "available"
        }
      }
    },
    {
      "RequestUri": "https://management.azure.com/subscriptions/db1ab6f0-4769-4b27-930e-01e2ef9c123c/resourceGroups/teststorageRG-8436/providers/Microsoft.Storage/storageAccounts?api-version=2021-08-01",
      "RequestMethod": "GET",
      "RequestHeaders": {
        "Accept": "application/json",
        "Authorization": "Sanitized",
        "traceparent": "00-6f672a62b9c15d448e4c4c85b9f7ba91-04d84c245d03164f-00",
        "User-Agent": "azsdk-net-ResourceManager.Storage/1.0.0-alpha.20220217.1 (.NET Framework 4.8.4420.0; Microsoft Windows 10.0.22000 ) azsdk-net-ResourceManager/1.0.0-alpha.20220217.1 (.NET Framework 4.8.4420.0; Microsoft Windows 10.0.22000 )",
        "x-ms-client-request-id": "c305390deee3c97a3feffd0a6abd8f0b",
        "x-ms-return-client-request-id": "true"
      },
      "RequestBody": null,
      "StatusCode": 200,
      "ResponseHeaders": {
        "Cache-Control": "no-cache",
        "Content-Length": "2131",
        "Content-Type": "application/json",
        "Date": "Thu, 17 Feb 2022 14:48:41 GMT",
        "Expires": "-1",
        "Pragma": "no-cache",
        "Server": "Microsoft-Azure-Storage-Resource-Provider/1.0,Microsoft-HTTPAPI/2.0 Microsoft-HTTPAPI/2.0",
        "Strict-Transport-Security": "max-age=31536000; includeSubDomains",
        "X-Content-Type-Options": "nosniff",
        "x-ms-client-request-id": "c305390deee3c97a3feffd0a6abd8f0b",
        "x-ms-correlation-request-id": "5c6fd562-f712-4cb7-938e-58b11db4d245",
        "x-ms-ratelimit-remaining-subscription-reads": "11984",
        "x-ms-request-id": "83e02a7a-b5d1-4265-b8ce-f6bc70bd9e37",
        "x-ms-routing-request-id": "SOUTHEASTASIA:20220217T144842Z:5c6fd562-f712-4cb7-938e-58b11db4d245"
      },
      "ResponseBody": {
        "value": [
          {
            "identity": {
              "userAssignedIdentities": {
                "/subscriptions/db1ab6f0-4769-4b27-930e-01e2ef9c123c/resourcegroups/teststorageRG-8436/providers/Microsoft.ManagedIdentity/userAssignedIdentities/testMsi-3873": {
                  "principalId": "ba74688a-1e4d-43d8-ab99-d86ee7036b77",
                  "tenantId": "72f988bf-86f1-41af-91ab-2d7cd011db47",
                  "clientId": "9a0eb43e-47bd-4469-97c5-e0230645d677",
                  "identityUrl": "https://control-eastus2.identity.azure.net/subscriptions/db1ab6f0-4769-4b27-930e-01e2ef9c123c/resourcegroups/teststorageRG-8436/providers/Microsoft.Storage/storageAccounts/teststoragemgmt2817/credentials/v2/userassigned?arpid=22719dcb-5413-4240-91c3-b471932bba78\u0026uaid=9a0eb43e-47bd-4469-97c5-e0230645d677\u0026tid=72f988bf-86f1-41af-91ab-2d7cd011db47",
                  "certRenewAfter": "2022-04-04T14:43:00Z"
                }
              },
              "type": "UserAssigned"
            },
            "sku": {
              "name": "Standard_LRS",
              "tier": "Standard"
            },
            "kind": "Storage",
            "id": "/subscriptions/db1ab6f0-4769-4b27-930e-01e2ef9c123c/resourceGroups/teststorageRG-8436/providers/Microsoft.Storage/storageAccounts/teststoragemgmt2817",
            "name": "teststoragemgmt2817",
            "type": "Microsoft.Storage/storageAccounts",
            "location": "eastus2",
            "tags": {
              "key1": "value1",
              "key2": "value2"
            },
            "properties": {
              "keyCreationTime": {
                "key1": "2022-02-17T14:48:12.2136616Z",
                "key2": "2022-02-17T14:48:12.2136616Z"
              },
              "privateEndpointConnections": [],
              "minimumTlsVersion": "TLS1_0",
              "allowBlobPublicAccess": true,
              "networkAcls": {
                "bypass": "AzureServices",
                "virtualNetworkRules": [],
                "ipRules": [],
                "defaultAction": "Allow"
              },
              "supportsHttpsTrafficOnly": true,
              "encryption": {
                "services": {
                  "file": {
                    "keyType": "Account",
                    "enabled": true,
                    "lastEnabledTime": "2022-02-17T14:48:12.2136616Z"
                  },
                  "blob": {
                    "keyType": "Account",
                    "enabled": true,
                    "lastEnabledTime": "2022-02-17T14:48:12.2136616Z"
                  }
                },
                "keySource": "Microsoft.Storage"
              },
              "provisioningState": "Succeeded",
              "creationTime": "2022-02-17T14:48:12.0886605Z",
              "primaryEndpoints": {
                "blob": "https://teststoragemgmt2817.blob.core.windows.net/",
                "queue": "https://teststoragemgmt2817.queue.core.windows.net/",
                "table": "https://teststoragemgmt2817.table.core.windows.net/",
                "file": "https://teststoragemgmt2817.file.core.windows.net/"
              },
              "primaryLocation": "eastus2",
              "statusOfPrimary": "available"
            }
          }
        ]
      }
    },
    {
      "RequestUri": "https://management.azure.com/subscriptions/db1ab6f0-4769-4b27-930e-01e2ef9c123c/resourceGroups/teststorageRG-8436/providers/Microsoft.Storage/storageAccounts/teststoragemgmt2817?api-version=2021-08-01",
      "RequestMethod": "DELETE",
      "RequestHeaders": {
        "Authorization": "Sanitized",
        "traceparent": "00-760059d79ee54e449de11d7f72fafd44-c364cdca96107549-00",
        "User-Agent": "azsdk-net-ResourceManager.Storage/1.0.0-alpha.20220217.1 (.NET Framework 4.8.4420.0; Microsoft Windows 10.0.22000 ) azsdk-net-ResourceManager/1.0.0-alpha.20220217.1 (.NET Framework 4.8.4420.0; Microsoft Windows 10.0.22000 )",
        "x-ms-client-request-id": "2342ec70562f2bebb9192c448585ba89",
        "x-ms-return-client-request-id": "true"
      },
      "RequestBody": null,
      "StatusCode": 200,
      "ResponseHeaders": {
        "Cache-Control": "no-cache",
        "Content-Length": "0",
        "Content-Type": "text/plain; charset=utf-8",
        "Date": "Thu, 17 Feb 2022 14:48:47 GMT",
        "Expires": "-1",
        "Pragma": "no-cache",
        "Server": "Microsoft-Azure-Storage-Resource-Provider/1.0,Microsoft-HTTPAPI/2.0 Microsoft-HTTPAPI/2.0",
        "Strict-Transport-Security": "max-age=31536000; includeSubDomains",
        "X-Content-Type-Options": "nosniff",
        "x-ms-client-request-id": "2342ec70562f2bebb9192c448585ba89",
        "x-ms-correlation-request-id": "0a35d90f-857b-4e26-987b-1f251dd8d7ec",
        "x-ms-ratelimit-remaining-subscription-deletes": "14998",
        "x-ms-request-id": "54ba3fd2-5e8a-4042-936c-67eb44b0e41c",
        "x-ms-routing-request-id": "SOUTHEASTASIA:20220217T144847Z:0a35d90f-857b-4e26-987b-1f251dd8d7ec"
      },
      "ResponseBody": null
    }
  ],
  "Variables": {
    "RandomSeed": "204752199",
    "RESOURCE_MANAGER_URL": "https://management.azure.com",
    "SUBSCRIPTION_ID": "db1ab6f0-4769-4b27-930e-01e2ef9c123c"
  }
}
