{
  "Entries": [
    {
      "RequestUri": "https://management.azure.com/subscriptions/db1ab6f0-4769-4b27-930e-01e2ef9c123c?api-version=2021-01-01",
      "RequestMethod": "GET",
      "RequestHeaders": {
        "Accept": "application/json",
        "Authorization": "Sanitized",
        "traceparent": "00-2fd54af169b3ac5d26a0f8682a2c09e7-4724786ff4d9c0f8-00",
        "User-Agent": "azsdk-net-ResourceManager/1.2.0-alpha.20220621.2 (.NET 6.0.6; Microsoft Windows 10.0.22621)",
        "x-ms-client-request-id": "a996f148e282b66961ef97868b8effc7",
        "x-ms-return-client-request-id": "true"
      },
      "RequestBody": null,
      "StatusCode": 200,
      "ResponseHeaders": {
        "Cache-Control": "no-cache",
        "Content-Length": "747",
        "Content-Type": "application/json; charset=utf-8",
        "Date": "Wed, 22 Jun 2022 04:11:33 GMT",
        "Expires": "-1",
        "Pragma": "no-cache",
        "Strict-Transport-Security": "max-age=31536000; includeSubDomains",
        "X-Content-Type-Options": "nosniff",
        "x-ms-correlation-request-id": "f67f66e2-6554-4743-963f-7f1a6ace5885",
        "x-ms-ratelimit-remaining-subscription-reads": "11858",
        "x-ms-request-id": "f67f66e2-6554-4743-963f-7f1a6ace5885",
        "x-ms-routing-request-id": "SOUTHEASTASIA:20220622T041134Z:f67f66e2-6554-4743-963f-7f1a6ace5885"
      },
      "ResponseBody": {
        "id": "/subscriptions/db1ab6f0-4769-4b27-930e-01e2ef9c123c",
        "authorizationSource": "RoleBased",
        "managedByTenants": [],
        "tags": {
          "TagKey-9823": "TagValue-566",
          "TagKey-3481": "TagValue-320",
          "TagKey-4926": "TagValue-1187",
          "TagKey-751": "TagValue-3921",
          "TagKey-1866": "TagValue-8559",
          "TagKey-3094": "TagValue-9190",
          "TagKey-2449": "TagValue-9",
          "TagKey-8379": "TagValue-164",
          "TagKey-7470": "TagValue-2205",
          "TagKey-4236": "TagValue-3698",
          "TagKey-5316": "TagValue-2725"
        },
        "subscriptionId": "db1ab6f0-4769-4b27-930e-01e2ef9c123c",
        "tenantId": "72f988bf-86f1-41af-91ab-2d7cd011db47",
        "displayName": ".NET Mgmt SDK Test with TTL = 1 Day",
        "state": "Enabled",
        "subscriptionPolicies": {
          "locationPlacementId": "Internal_2014-09-01",
          "quotaId": "Internal_2014-09-01",
          "spendingLimit": "Off"
        }
      }
    },
    {
      "RequestUri": "https://management.azure.com/subscriptions/db1ab6f0-4769-4b27-930e-01e2ef9c123c/resourcegroups/teststorageRG-4206?api-version=2021-04-01",
      "RequestMethod": "PUT",
      "RequestHeaders": {
        "Accept": "application/json",
        "Authorization": "Sanitized",
        "Content-Length": "44",
        "Content-Type": "application/json",
        "traceparent": "00-9df3ec14d3c2f53afa0c98cb6d9e1745-4c489ca747de4b42-00",
        "User-Agent": "azsdk-net-ResourceManager/1.2.0-alpha.20220621.2 (.NET 6.0.6; Microsoft Windows 10.0.22621)",
        "x-ms-client-request-id": "2a90af478e409fe4c3cb6d0c8160c839",
        "x-ms-return-client-request-id": "true"
      },
      "RequestBody": {
        "tags": {
          "test": "env"
        },
        "location": "eastus2"
      },
      "StatusCode": 201,
      "ResponseHeaders": {
        "Cache-Control": "no-cache",
        "Content-Length": "256",
        "Content-Type": "application/json; charset=utf-8",
        "Date": "Wed, 22 Jun 2022 04:11:35 GMT",
        "Expires": "-1",
        "Pragma": "no-cache",
        "Strict-Transport-Security": "max-age=31536000; includeSubDomains",
        "X-Content-Type-Options": "nosniff",
        "x-ms-correlation-request-id": "e50a4ad8-1e1d-4908-82f8-f6266071074f",
        "x-ms-ratelimit-remaining-subscription-writes": "1157",
        "x-ms-request-id": "e50a4ad8-1e1d-4908-82f8-f6266071074f",
        "x-ms-routing-request-id": "SOUTHEASTASIA:20220622T041135Z:e50a4ad8-1e1d-4908-82f8-f6266071074f"
      },
      "ResponseBody": {
        "id": "/subscriptions/db1ab6f0-4769-4b27-930e-01e2ef9c123c/resourceGroups/teststorageRG-4206",
        "name": "teststorageRG-4206",
        "type": "Microsoft.Resources/resourceGroups",
        "location": "eastus2",
        "tags": {
          "test": "env"
        },
        "properties": {
          "provisioningState": "Succeeded"
        }
      }
    },
    {
      "RequestUri": "https://management.azure.com/subscriptions/db1ab6f0-4769-4b27-930e-01e2ef9c123c/providers/Microsoft.Storage/checkNameAvailability?api-version=2021-09-01",
      "RequestMethod": "POST",
      "RequestHeaders": {
        "Accept": "application/json",
        "Authorization": "Sanitized",
        "Content-Length": "73",
        "Content-Type": "application/json",
        "traceparent": "00-6eaf3d8a207605166df902f0d945422e-aebd494dfc391dc2-00",
        "User-Agent": "azsdk-net-ResourceManager.Storage/1.0.0-alpha.20220622.1 (.NET 6.0.6; Microsoft Windows 10.0.22621)",
        "x-ms-client-request-id": "636cd0d37acc0d7ca4568b9ed97c7b59",
        "x-ms-return-client-request-id": "true"
      },
      "RequestBody": {
        "name": "teststoragemgmt4316",
        "type": "Microsoft.Storage/storageAccounts"
      },
      "StatusCode": 200,
      "ResponseHeaders": {
        "Cache-Control": "no-cache",
        "Content-Length": "22",
        "Content-Type": "application/json",
        "Date": "Wed, 22 Jun 2022 04:11:36 GMT",
        "Expires": "-1",
        "Pragma": "no-cache",
        "Server": "Microsoft-Azure-Storage-Resource-Provider/1.0,Microsoft-HTTPAPI/2.0 Microsoft-HTTPAPI/2.0",
        "Strict-Transport-Security": "max-age=31536000; includeSubDomains",
        "X-Content-Type-Options": "nosniff",
        "x-ms-client-request-id": "636cd0d37acc0d7ca4568b9ed97c7b59",
        "x-ms-correlation-request-id": "d6f7de4e-0c52-46d5-930d-94d706770b32",
        "x-ms-ratelimit-remaining-subscription-reads": "11857",
        "x-ms-request-id": "dfbc1a1d-1f44-47e8-8dea-e3ad0285c504",
        "x-ms-routing-request-id": "SOUTHEASTASIA:20220622T041136Z:d6f7de4e-0c52-46d5-930d-94d706770b32"
      },
      "ResponseBody": {
        "nameAvailable": true
      }
    },
    {
      "RequestUri": "https://management.azure.com/subscriptions/db1ab6f0-4769-4b27-930e-01e2ef9c123c/providers/Microsoft.ManagedIdentity?api-version=2021-04-01",
      "RequestMethod": "GET",
      "RequestHeaders": {
        "Accept": "application/json",
        "Authorization": "Sanitized",
        "traceparent": "00-1ea47fef15e3c9b87a399c4301ddeef6-a4e811ba6a7b6318-00",
        "User-Agent": "azsdk-net-ResourceManager/1.2.0-alpha.20220621.2 (.NET 6.0.6; Microsoft Windows 10.0.22621)",
        "x-ms-client-request-id": "0e64456d63080ab1be17fba9e08ece4d",
        "x-ms-return-client-request-id": "true"
      },
      "RequestBody": null,
      "StatusCode": 200,
      "ResponseHeaders": {
        "Cache-Control": "no-cache",
        "Content-Length": "2725",
        "Content-Type": "application/json; charset=utf-8",
        "Date": "Wed, 22 Jun 2022 04:11:36 GMT",
        "Expires": "-1",
        "Pragma": "no-cache",
        "Strict-Transport-Security": "max-age=31536000; includeSubDomains",
        "X-Content-Type-Options": "nosniff",
        "x-ms-correlation-request-id": "92a1af39-3380-421b-8dcd-ecf2ab7194ab",
        "x-ms-ratelimit-remaining-subscription-reads": "11856",
        "x-ms-request-id": "92a1af39-3380-421b-8dcd-ecf2ab7194ab",
        "x-ms-routing-request-id": "SOUTHEASTASIA:20220622T041136Z:92a1af39-3380-421b-8dcd-ecf2ab7194ab"
      },
      "ResponseBody": {
        "id": "/subscriptions/db1ab6f0-4769-4b27-930e-01e2ef9c123c/providers/Microsoft.ManagedIdentity",
        "namespace": "Microsoft.ManagedIdentity",
        "resourceTypes": [
          {
            "resourceType": "Identities",
            "locations": [
              "Global",
              "United States",
              "South Africa",
              "UK",
              "Japan",
              "India",
              "France",
              "Europe",
              "Germany",
              "Switzerland",
              "Canada",
              "Brazil",
              "Australia",
              "Asia",
              "UAE",
              "Korea",
              "Norway",
              "South Africa North",
              "South Africa West",
              "UAE North",
              "Australia Central",
              "Australia East",
              "Australia Southeast",
              "Canada Central",
              "Canada East",
              "Brazil South",
              "Central India",
              "West India",
              "Jio India West",
              "South India",
              "Japan West",
              "Japan East",
              "East Asia",
              "Southeast Asia",
              "Korea Central",
              "Korea South",
              "North Europe",
              "West Europe",
              "UK West",
              "UK South",
              "Sweden Central",
              "Switzerland North",
              "Germany West Central",
              "Central US",
              "North Central US",
              "East US",
              "East US 2",
              "South Central US",
              "West US",
              "West US 2",
              "West US 3",
              "West Central US",
              "France Central",
              "Norway East"
            ],
            "apiVersions": [
              "2022-01-31-PREVIEW",
              "2021-09-30-PREVIEW",
              "2018-11-30",
              "2015-08-31-PREVIEW"
            ],
            "defaultApiVersion": "2018-11-30",
            "capabilities": "SupportsExtension"
          },
          {
            "resourceType": "userAssignedIdentities",
            "locations": [
              "South Africa North",
              "South Africa West",
              "UAE North",
              "Australia Central",
              "Australia East",
              "Australia Southeast",
              "Canada Central",
              "Canada East",
              "Brazil South",
              "Central India",
              "West India",
              "Jio India West",
              "South India",
              "Japan West",
              "Japan East",
              "East Asia",
              "Southeast Asia",
              "Korea Central",
              "Korea South",
              "North Europe",
              "West Europe",
              "UK West",
              "UK South",
              "Sweden Central",
              "Switzerland North",
              "Germany West Central",
              "Central US",
              "North Central US",
              "East US",
              "East US 2",
              "South Central US",
              "West US",
              "West US 2",
              "West US 3",
              "West Central US",
              "France Central",
              "Norway East"
            ],
            "apiVersions": [
              "2022-01-31-PREVIEW",
              "2021-09-30-PREVIEW",
              "2018-11-30",
              "2015-08-31-PREVIEW"
            ],
            "defaultApiVersion": "2018-11-30",
            "capabilities": "SupportsTags, SupportsLocation"
          },
          {
            "resourceType": "operations",
            "locations": [
              "South Africa North",
              "South Africa West",
              "UAE North",
              "Australia Central",
              "Australia East",
              "Australia Southeast",
              "Canada Central",
              "Canada East",
              "Brazil South",
              "Central India",
              "West India",
              "Jio India West",
              "South India",
              "Japan West",
              "Japan East",
              "East Asia",
              "Southeast Asia",
              "Korea Central",
              "Korea South",
              "North Europe",
              "West Europe",
              "UK West",
              "UK South",
              "Sweden Central",
              "Switzerland North",
              "Germany West Central",
              "Central US",
              "North Central US",
              "East US",
              "East US 2",
              "South Central US",
              "West US",
              "West US 2",
              "West US 3",
              "West Central US",
              "France Central",
              "Norway East"
            ],
            "apiVersions": [
              "2022-01-31-PREVIEW",
              "2021-09-30-PREVIEW",
              "2018-11-30",
              "2015-08-31-PREVIEW"
            ],
            "defaultApiVersion": "2018-11-30",
            "capabilities": "None"
          }
        ],
        "registrationState": "Registered",
        "registrationPolicy": "RegistrationRequired"
      }
    },
    {
      "RequestUri": "https://management.azure.com/subscriptions/db1ab6f0-4769-4b27-930e-01e2ef9c123c/resourceGroups/teststorageRG-4206/providers/Microsoft.ManagedIdentity/userAssignedIdentities/testMsi-9208?api-version=2022-01-31-PREVIEW",
      "RequestMethod": "PUT",
      "RequestHeaders": {
        "Accept": "application/json",
        "Authorization": "Sanitized",
        "Content-Length": "22",
        "Content-Type": "application/json",
        "traceparent": "00-1ea47fef15e3c9b87a399c4301ddeef6-a417c308c88c21fb-00",
        "User-Agent": "azsdk-net-ResourceManager/1.2.0-alpha.20220621.2 (.NET 6.0.6; Microsoft Windows 10.0.22621)",
        "x-ms-client-request-id": "5b2ebb377ba513341d9b375800e94ff2",
        "x-ms-return-client-request-id": "true"
      },
      "RequestBody": {
        "location": "eastus2"
      },
      "StatusCode": 201,
      "ResponseHeaders": {
        "Cache-Control": "no-cache",
        "Content-Length": "445",
        "Content-Type": "application/json; charset=utf-8",
        "Date": "Wed, 22 Jun 2022 04:11:39 GMT",
        "Expires": "-1",
        "Location": "/subscriptions/db1ab6f0-4769-4b27-930e-01e2ef9c123c/resourcegroups/teststorageRG-4206/providers/Microsoft.ManagedIdentity/userAssignedIdentities/testMsi-9208",
        "Pragma": "no-cache",
        "Strict-Transport-Security": "max-age=31536000; includeSubDomains",
        "X-Content-Type-Options": "nosniff",
        "x-ms-correlation-request-id": "d66e107c-8e95-40e9-bc5c-df2e388a8e87",
        "x-ms-ratelimit-remaining-subscription-writes": "1156",
        "x-ms-request-id": "d66e107c-8e95-40e9-bc5c-df2e388a8e87",
        "x-ms-routing-request-id": "SOUTHEASTASIA:20220622T041140Z:d66e107c-8e95-40e9-bc5c-df2e388a8e87"
      },
      "ResponseBody": {
        "id": "/subscriptions/db1ab6f0-4769-4b27-930e-01e2ef9c123c/resourcegroups/teststorageRG-4206/providers/Microsoft.ManagedIdentity/userAssignedIdentities/testMsi-9208",
        "name": "testMsi-9208",
        "type": "Microsoft.ManagedIdentity/userAssignedIdentities",
        "location": "eastus2",
        "tags": {},
        "properties": {
          "tenantId": "72f988bf-86f1-41af-91ab-2d7cd011db47",
          "principalId": "e9500c86-44ca-454c-941b-6550da14bc78",
          "clientId": "bc3ff012-b807-4777-a85f-ba0ab6e41331"
        }
      }
    },
    {
      "RequestUri": "https://management.azure.com/subscriptions/db1ab6f0-4769-4b27-930e-01e2ef9c123c/resourcegroups/teststorageRG-4206/providers/Microsoft.ManagedIdentity/userAssignedIdentities/testMsi-9208?api-version=2022-01-31-PREVIEW",
      "RequestMethod": "GET",
      "RequestHeaders": {
        "Authorization": "Sanitized",
        "traceparent": "00-1ea47fef15e3c9b87a399c4301ddeef6-4163a08b64108c6f-00",
        "User-Agent": "azsdk-net-ResourceManager/1.2.0-alpha.20220621.2 (.NET 6.0.6; Microsoft Windows 10.0.22621)",
        "x-ms-client-request-id": "c0a251bcfe4cf1ed1150f06c2b5909d5",
        "x-ms-return-client-request-id": "true"
      },
      "RequestBody": null,
      "StatusCode": 200,
      "ResponseHeaders": {
        "Cache-Control": "no-cache",
        "Content-Length": "445",
        "Content-Type": "application/json; charset=utf-8",
        "Date": "Wed, 22 Jun 2022 04:11:40 GMT",
        "Expires": "-1",
        "Pragma": "no-cache",
        "Strict-Transport-Security": "max-age=31536000; includeSubDomains",
        "X-Content-Type-Options": "nosniff",
        "x-ms-correlation-request-id": "da21c737-b4b5-4a4c-bbee-39653130e67a",
        "x-ms-ratelimit-remaining-subscription-reads": "11855",
        "x-ms-request-id": "da21c737-b4b5-4a4c-bbee-39653130e67a",
        "x-ms-routing-request-id": "SOUTHEASTASIA:20220622T041141Z:da21c737-b4b5-4a4c-bbee-39653130e67a"
      },
      "ResponseBody": {
        "id": "/subscriptions/db1ab6f0-4769-4b27-930e-01e2ef9c123c/resourcegroups/teststorageRG-4206/providers/Microsoft.ManagedIdentity/userAssignedIdentities/testMsi-9208",
        "name": "testMsi-9208",
        "type": "Microsoft.ManagedIdentity/userAssignedIdentities",
        "location": "eastus2",
        "tags": {},
        "properties": {
          "tenantId": "72f988bf-86f1-41af-91ab-2d7cd011db47",
          "principalId": "e9500c86-44ca-454c-941b-6550da14bc78",
          "clientId": "bc3ff012-b807-4777-a85f-ba0ab6e41331"
        }
      }
    },
    {
      "RequestUri": "https://management.azure.com/subscriptions/db1ab6f0-4769-4b27-930e-01e2ef9c123c/resourceGroups/teststorageRG-4206/providers/Microsoft.Storage/storageAccounts/teststoragemgmt4316?api-version=2021-09-01",
      "RequestMethod": "PUT",
      "RequestHeaders": {
        "Accept": "application/json",
        "Authorization": "Sanitized",
        "Content-Length": "351",
        "Content-Type": "application/json",
        "traceparent": "00-da4a498babffb874fd54c52ca9a439c5-fb028c8a21896165-00",
        "User-Agent": "azsdk-net-ResourceManager.Storage/1.0.0-alpha.20220622.1 (.NET 6.0.6; Microsoft Windows 10.0.22621)",
        "x-ms-client-request-id": "f1f608c74b9bf278f0c1a04b6dd092ba",
        "x-ms-return-client-request-id": "true"
      },
      "RequestBody": {
        "sku": {
          "name": "Standard_LRS"
        },
        "kind": "Storage",
        "location": "eastus2",
        "tags": {
          "key1": "value1",
          "key2": "value2"
        },
        "identity": {
          "type": "UserAssigned",
          "userAssignedIdentities": {
            "/subscriptions/db1ab6f0-4769-4b27-930e-01e2ef9c123c/resourcegroups/teststorageRG-4206/providers/Microsoft.ManagedIdentity/userAssignedIdentities/testMsi-9208": {}
          }
        },
        "properties": {}
      },
      "StatusCode": 202,
      "ResponseHeaders": {
        "Cache-Control": "no-cache",
        "Content-Length": "0",
        "Content-Type": "text/plain; charset=utf-8",
        "Date": "Wed, 22 Jun 2022 04:11:46 GMT",
        "Expires": "-1",
        "Location": "https://management.azure.com/subscriptions/db1ab6f0-4769-4b27-930e-01e2ef9c123c/providers/Microsoft.Storage/locations/eastus2/asyncoperations/070e80b8-94f6-4ffc-9af7-e543a88a38cd?monitor=true\u0026api-version=2021-09-01",
        "Pragma": "no-cache",
        "Retry-After": "17",
        "Server": "Microsoft-Azure-Storage-Resource-Provider/1.0,Microsoft-HTTPAPI/2.0 Microsoft-HTTPAPI/2.0",
        "Strict-Transport-Security": "max-age=31536000; includeSubDomains",
        "X-Content-Type-Options": "nosniff",
        "x-ms-client-request-id": "f1f608c74b9bf278f0c1a04b6dd092ba",
        "x-ms-correlation-request-id": "783cb1c0-617b-49d1-b3c4-4a98a2e6145f",
        "x-ms-ratelimit-remaining-subscription-writes": "1155",
        "x-ms-request-id": "070e80b8-94f6-4ffc-9af7-e543a88a38cd",
        "x-ms-routing-request-id": "SOUTHEASTASIA:20220622T041146Z:783cb1c0-617b-49d1-b3c4-4a98a2e6145f"
      },
      "ResponseBody": null
    },
    {
      "RequestUri": "https://management.azure.com/subscriptions/db1ab6f0-4769-4b27-930e-01e2ef9c123c/providers/Microsoft.Storage/locations/eastus2/asyncoperations/070e80b8-94f6-4ffc-9af7-e543a88a38cd?monitor=true\u0026api-version=2021-09-01",
      "RequestMethod": "GET",
      "RequestHeaders": {
        "Authorization": "Sanitized",
        "traceparent": "00-da4a498babffb874fd54c52ca9a439c5-2f52038b5664052a-00",
        "User-Agent": "azsdk-net-ResourceManager/1.2.0-alpha.20220621.2 (.NET 6.0.6; Microsoft Windows 10.0.22621)",
        "x-ms-client-request-id": "789c374fd26d712cd8afd08a5da18341",
        "x-ms-return-client-request-id": "true"
      },
      "RequestBody": null,
      "StatusCode": 202,
      "ResponseHeaders": {
        "Cache-Control": "no-cache",
        "Content-Length": "0",
        "Content-Type": "text/plain; charset=utf-8",
        "Date": "Wed, 22 Jun 2022 04:11:46 GMT",
        "Expires": "-1",
        "Location": "https://management.azure.com/subscriptions/db1ab6f0-4769-4b27-930e-01e2ef9c123c/providers/Microsoft.Storage/locations/eastus2/asyncoperations/070e80b8-94f6-4ffc-9af7-e543a88a38cd?monitor=true\u0026api-version=2021-09-01",
        "Pragma": "no-cache",
        "Retry-After": "17",
        "Server": "Microsoft-Azure-Storage-Resource-Provider/1.0,Microsoft-HTTPAPI/2.0 Microsoft-HTTPAPI/2.0",
        "Strict-Transport-Security": "max-age=31536000; includeSubDomains",
        "X-Content-Type-Options": "nosniff",
        "x-ms-client-request-id": "789c374fd26d712cd8afd08a5da18341",
        "x-ms-correlation-request-id": "2b5c398b-4688-466d-a96b-507fa3e897a7",
        "x-ms-ratelimit-remaining-subscription-reads": "11854",
        "x-ms-request-id": "21892f2b-3836-4ea4-b60c-52e88bae0a39",
        "x-ms-routing-request-id": "SOUTHEASTASIA:20220622T041147Z:2b5c398b-4688-466d-a96b-507fa3e897a7"
      },
      "ResponseBody": null
    },
    {
      "RequestUri": "https://management.azure.com/subscriptions/db1ab6f0-4769-4b27-930e-01e2ef9c123c/providers/Microsoft.Storage/locations/eastus2/asyncoperations/070e80b8-94f6-4ffc-9af7-e543a88a38cd?monitor=true\u0026api-version=2021-09-01",
      "RequestMethod": "GET",
      "RequestHeaders": {
        "Authorization": "Sanitized",
        "traceparent": "00-da4a498babffb874fd54c52ca9a439c5-f36642963a26dc81-00",
        "User-Agent": "azsdk-net-ResourceManager/1.2.0-alpha.20220621.2 (.NET 6.0.6; Microsoft Windows 10.0.22621)",
        "x-ms-client-request-id": "bc9536bd5abd388e6241f199d9f49d92",
        "x-ms-return-client-request-id": "true"
      },
      "RequestBody": null,
      "StatusCode": 200,
      "ResponseHeaders": {
        "Cache-Control": "no-cache",
        "Content-Length": "2119",
        "Content-Type": "application/json",
        "Date": "Wed, 22 Jun 2022 04:12:04 GMT",
        "Expires": "-1",
        "Pragma": "no-cache",
        "Server": "Microsoft-Azure-Storage-Resource-Provider/1.0,Microsoft-HTTPAPI/2.0 Microsoft-HTTPAPI/2.0",
        "Strict-Transport-Security": "max-age=31536000; includeSubDomains",
        "X-Content-Type-Options": "nosniff",
        "x-ms-client-request-id": "bc9536bd5abd388e6241f199d9f49d92",
        "x-ms-correlation-request-id": "b004c31a-ced2-4198-ab0c-3501491812d8",
        "x-ms-ratelimit-remaining-subscription-reads": "11853",
        "x-ms-request-id": "0f9f64a7-2923-455e-bf4f-6718245ccaf6",
        "x-ms-routing-request-id": "SOUTHEASTASIA:20220622T041205Z:b004c31a-ced2-4198-ab0c-3501491812d8"
      },
      "ResponseBody": {
        "identity": {
          "userAssignedIdentities": {
            "/subscriptions/db1ab6f0-4769-4b27-930e-01e2ef9c123c/resourcegroups/teststorageRG-4206/providers/Microsoft.ManagedIdentity/userAssignedIdentities/testMsi-9208": {
              "principalId": "e9500c86-44ca-454c-941b-6550da14bc78",
              "tenantId": "72f988bf-86f1-41af-91ab-2d7cd011db47",
              "clientId": "bc3ff012-b807-4777-a85f-ba0ab6e41331",
              "identityUrl": "https://control-eastus2.identity.azure.net/subscriptions/db1ab6f0-4769-4b27-930e-01e2ef9c123c/resourcegroups/teststorageRG-4206/providers/Microsoft.Storage/storageAccounts/teststoragemgmt4316/credentials/v2/userassigned?arpid=ee7c94c5-ffce-45f7-bf4e-222c4fba5c10\u0026uaid=bc3ff012-b807-4777-a85f-ba0ab6e41331\u0026tid=72f988bf-86f1-41af-91ab-2d7cd011db47",
              "certRenewAfter": "2022-08-07T04:06:00Z"
            }
          },
          "type": "UserAssigned"
        },
        "sku": {
          "name": "Standard_LRS",
          "tier": "Standard"
        },
        "kind": "Storage",
        "id": "/subscriptions/db1ab6f0-4769-4b27-930e-01e2ef9c123c/resourceGroups/teststorageRG-4206/providers/Microsoft.Storage/storageAccounts/teststoragemgmt4316",
        "name": "teststoragemgmt4316",
        "type": "Microsoft.Storage/storageAccounts",
        "location": "eastus2",
        "tags": {
          "key1": "value1",
          "key2": "value2"
        },
        "properties": {
          "keyCreationTime": {
            "key1": "2022-06-22T04:11:44.5020302Z",
            "key2": "2022-06-22T04:11:44.5020302Z"
          },
          "privateEndpointConnections": [],
          "minimumTlsVersion": "TLS1_0",
          "allowBlobPublicAccess": true,
          "networkAcls": {
            "bypass": "AzureServices",
            "virtualNetworkRules": [],
            "ipRules": [],
            "defaultAction": "Allow"
          },
          "supportsHttpsTrafficOnly": true,
          "encryption": {
            "services": {
              "file": {
                "keyType": "Account",
                "enabled": true,
                "lastEnabledTime": "2022-06-22T04:11:44.5020302Z"
              },
              "blob": {
                "keyType": "Account",
                "enabled": true,
                "lastEnabledTime": "2022-06-22T04:11:44.5020302Z"
              }
            },
            "keySource": "Microsoft.Storage"
          },
          "provisioningState": "Succeeded",
          "creationTime": "2022-06-22T04:11:44.3614632Z",
          "primaryEndpoints": {
            "blob": "https://teststoragemgmt4316.blob.core.windows.net/",
            "queue": "https://teststoragemgmt4316.queue.core.windows.net/",
            "table": "https://teststoragemgmt4316.table.core.windows.net/",
            "file": "https://teststoragemgmt4316.file.core.windows.net/"
          },
          "primaryLocation": "eastus2",
          "statusOfPrimary": "available"
        }
      }
    },
    {
      "RequestUri": "https://management.azure.com/subscriptions/db1ab6f0-4769-4b27-930e-01e2ef9c123c/resourceGroups/teststorageRG-4206/providers/Microsoft.Storage/storageAccounts/teststoragemgmt4316?api-version=2021-09-01",
      "RequestMethod": "PATCH",
      "RequestHeaders": {
        "Accept": "application/json",
        "Authorization": "Sanitized",
        "Content-Length": "67",
        "Content-Type": "application/json",
        "traceparent": "00-c5f5112243a9fa02ad9059629ef2badd-2c3d6d26ef8d77c7-00",
        "User-Agent": "azsdk-net-ResourceManager.Storage/1.0.0-alpha.20220622.1 (.NET 6.0.6; Microsoft Windows 10.0.22621)",
        "x-ms-client-request-id": "36fb3e801a33044d432ad697be1b565f",
        "x-ms-return-client-request-id": "true"
      },
      "RequestBody": {
        "identity": {
          "type": "SystemAssigned,UserAssigned"
        },
        "properties": {}
      },
      "StatusCode": 200,
      "ResponseHeaders": {
        "Cache-Control": "no-cache",
        "Content-Length": "2237",
        "Content-Type": "application/json",
        "Date": "Wed, 22 Jun 2022 04:12:08 GMT",
        "Expires": "-1",
        "Pragma": "no-cache",
        "Server": "Microsoft-Azure-Storage-Resource-Provider/1.0,Microsoft-HTTPAPI/2.0 Microsoft-HTTPAPI/2.0",
        "Strict-Transport-Security": "max-age=31536000; includeSubDomains",
        "X-Content-Type-Options": "nosniff",
        "x-ms-client-request-id": "36fb3e801a33044d432ad697be1b565f",
        "x-ms-correlation-request-id": "6ac1304a-5aec-4ce8-ba90-b47c4c64c8e0",
        "x-ms-ratelimit-remaining-subscription-writes": "1154",
        "x-ms-request-id": "cc1109e6-e690-41fa-938c-d939fdeac4dd",
        "x-ms-routing-request-id": "SOUTHEASTASIA:20220622T041209Z:6ac1304a-5aec-4ce8-ba90-b47c4c64c8e0"
      },
      "ResponseBody": {
        "identity": {
          "userAssignedIdentities": {
            "/subscriptions/db1ab6f0-4769-4b27-930e-01e2ef9c123c/resourcegroups/teststorageRG-4206/providers/Microsoft.ManagedIdentity/userAssignedIdentities/testMsi-9208": {
              "principalId": "e9500c86-44ca-454c-941b-6550da14bc78",
              "tenantId": "72f988bf-86f1-41af-91ab-2d7cd011db47",
              "clientId": "bc3ff012-b807-4777-a85f-ba0ab6e41331",
              "identityUrl": "https://control-eastus2.identity.azure.net/subscriptions/db1ab6f0-4769-4b27-930e-01e2ef9c123c/resourcegroups/teststorageRG-4206/providers/Microsoft.Storage/storageAccounts/teststoragemgmt4316/credentials/v2/userassigned?arpid=ee7c94c5-ffce-45f7-bf4e-222c4fba5c10\u0026uaid=bc3ff012-b807-4777-a85f-ba0ab6e41331\u0026tid=72f988bf-86f1-41af-91ab-2d7cd011db47",
              "certRenewAfter": "2022-08-07T04:06:00Z"
            }
          },
          "principalId": "a1421425-5415-44a5-b21b-e940d902009f",
          "tenantId": "72f988bf-86f1-41af-91ab-2d7cd011db47",
          "type": "SystemAssigned,UserAssigned"
        },
        "sku": {
          "name": "Standard_LRS",
          "tier": "Standard"
        },
        "kind": "Storage",
        "id": "/subscriptions/db1ab6f0-4769-4b27-930e-01e2ef9c123c/resourceGroups/teststorageRG-4206/providers/Microsoft.Storage/storageAccounts/teststoragemgmt4316",
        "name": "teststoragemgmt4316",
        "type": "Microsoft.Storage/storageAccounts",
        "location": "eastus2",
        "tags": {
          "key1": "value1",
          "key2": "value2"
        },
        "properties": {
          "keyCreationTime": {
            "key1": "2022-06-22T04:11:44.5020302Z",
            "key2": "2022-06-22T04:11:44.5020302Z"
          },
          "privateEndpointConnections": [],
          "minimumTlsVersion": "TLS1_0",
          "allowBlobPublicAccess": true,
          "networkAcls": {
            "bypass": "AzureServices",
            "virtualNetworkRules": [],
            "ipRules": [],
            "defaultAction": "Allow"
          },
          "supportsHttpsTrafficOnly": true,
          "encryption": {
            "services": {
              "file": {
                "keyType": "Account",
                "enabled": true,
                "lastEnabledTime": "2022-06-22T04:11:44.5020302Z"
              },
              "blob": {
                "keyType": "Account",
                "enabled": true,
                "lastEnabledTime": "2022-06-22T04:11:44.5020302Z"
              }
            },
            "keySource": "Microsoft.Storage"
          },
          "provisioningState": "Succeeded",
          "creationTime": "2022-06-22T04:11:44.3614632Z",
          "primaryEndpoints": {
            "blob": "https://teststoragemgmt4316.blob.core.windows.net/",
            "queue": "https://teststoragemgmt4316.queue.core.windows.net/",
            "table": "https://teststoragemgmt4316.table.core.windows.net/",
            "file": "https://teststoragemgmt4316.file.core.windows.net/"
          },
          "primaryLocation": "eastus2",
          "statusOfPrimary": "available"
        }
      }
    },
    {
      "RequestUri": "https://management.azure.com/subscriptions/db1ab6f0-4769-4b27-930e-01e2ef9c123c/resourceGroups/teststorageRG-4206/providers/Microsoft.Storage/storageAccounts/teststoragemgmt4316?api-version=2021-09-01",
      "RequestMethod": "GET",
      "RequestHeaders": {
        "Accept": "application/json",
        "Authorization": "Sanitized",
        "traceparent": "00-ceb4f05e3ad68f2d74d21699d8d28180-d29cedced8faad70-00",
        "User-Agent": "azsdk-net-ResourceManager.Storage/1.0.0-alpha.20220622.1 (.NET 6.0.6; Microsoft Windows 10.0.22621)",
        "x-ms-client-request-id": "1ec6307e84c9f5a4a963162be19297e3",
        "x-ms-return-client-request-id": "true"
      },
      "RequestBody": null,
      "StatusCode": 200,
      "ResponseHeaders": {
        "Cache-Control": "no-cache",
        "Content-Length": "2237",
        "Content-Type": "application/json",
        "Date": "Wed, 22 Jun 2022 04:12:09 GMT",
        "Expires": "-1",
        "Pragma": "no-cache",
        "Server": "Microsoft-Azure-Storage-Resource-Provider/1.0,Microsoft-HTTPAPI/2.0 Microsoft-HTTPAPI/2.0",
        "Strict-Transport-Security": "max-age=31536000; includeSubDomains",
        "X-Content-Type-Options": "nosniff",
        "x-ms-client-request-id": "1ec6307e84c9f5a4a963162be19297e3",
        "x-ms-correlation-request-id": "3b494c79-5159-4370-afbf-bf3dff1f65ca",
        "x-ms-ratelimit-remaining-subscription-reads": "11852",
        "x-ms-request-id": "6ccb8878-99a1-464f-83e7-4f3a17740745",
        "x-ms-routing-request-id": "SOUTHEASTASIA:20220622T041210Z:3b494c79-5159-4370-afbf-bf3dff1f65ca"
      },
      "ResponseBody": {
        "identity": {
          "userAssignedIdentities": {
            "/subscriptions/db1ab6f0-4769-4b27-930e-01e2ef9c123c/resourcegroups/teststorageRG-4206/providers/Microsoft.ManagedIdentity/userAssignedIdentities/testMsi-9208": {
              "principalId": "e9500c86-44ca-454c-941b-6550da14bc78",
              "tenantId": "72f988bf-86f1-41af-91ab-2d7cd011db47",
              "clientId": "bc3ff012-b807-4777-a85f-ba0ab6e41331",
              "identityUrl": "https://control-eastus2.identity.azure.net/subscriptions/db1ab6f0-4769-4b27-930e-01e2ef9c123c/resourcegroups/teststorageRG-4206/providers/Microsoft.Storage/storageAccounts/teststoragemgmt4316/credentials/v2/userassigned?arpid=ee7c94c5-ffce-45f7-bf4e-222c4fba5c10\u0026uaid=bc3ff012-b807-4777-a85f-ba0ab6e41331\u0026tid=72f988bf-86f1-41af-91ab-2d7cd011db47",
              "certRenewAfter": "2022-08-07T04:06:00Z"
            }
          },
          "principalId": "a1421425-5415-44a5-b21b-e940d902009f",
          "tenantId": "72f988bf-86f1-41af-91ab-2d7cd011db47",
          "type": "SystemAssigned,UserAssigned"
        },
        "sku": {
          "name": "Standard_LRS",
          "tier": "Standard"
        },
        "kind": "Storage",
        "id": "/subscriptions/db1ab6f0-4769-4b27-930e-01e2ef9c123c/resourceGroups/teststorageRG-4206/providers/Microsoft.Storage/storageAccounts/teststoragemgmt4316",
        "name": "teststoragemgmt4316",
        "type": "Microsoft.Storage/storageAccounts",
        "location": "eastus2",
        "tags": {
          "key1": "value1",
          "key2": "value2"
        },
        "properties": {
          "keyCreationTime": {
            "key1": "2022-06-22T04:11:44.5020302Z",
            "key2": "2022-06-22T04:11:44.5020302Z"
          },
          "privateEndpointConnections": [],
          "minimumTlsVersion": "TLS1_0",
          "allowBlobPublicAccess": true,
          "networkAcls": {
            "bypass": "AzureServices",
            "virtualNetworkRules": [],
            "ipRules": [],
            "defaultAction": "Allow"
          },
          "supportsHttpsTrafficOnly": true,
          "encryption": {
            "services": {
              "file": {
                "keyType": "Account",
                "enabled": true,
                "lastEnabledTime": "2022-06-22T04:11:44.5020302Z"
              },
              "blob": {
                "keyType": "Account",
                "enabled": true,
                "lastEnabledTime": "2022-06-22T04:11:44.5020302Z"
              }
            },
            "keySource": "Microsoft.Storage"
          },
          "provisioningState": "Succeeded",
          "creationTime": "2022-06-22T04:11:44.3614632Z",
          "primaryEndpoints": {
            "blob": "https://teststoragemgmt4316.blob.core.windows.net/",
            "queue": "https://teststoragemgmt4316.queue.core.windows.net/",
            "table": "https://teststoragemgmt4316.table.core.windows.net/",
            "file": "https://teststoragemgmt4316.file.core.windows.net/"
          },
          "primaryLocation": "eastus2",
          "statusOfPrimary": "available"
        }
      }
    },
    {
      "RequestUri": "https://management.azure.com/subscriptions/db1ab6f0-4769-4b27-930e-01e2ef9c123c/resourceGroups/teststorageRG-4206/providers/Microsoft.Storage/storageAccounts?api-version=2021-09-01",
      "RequestMethod": "GET",
      "RequestHeaders": {
        "Accept": "application/json",
        "Authorization": "Sanitized",
        "traceparent": "00-ceeade58136dabf8cd2f2eabe037ab81-3235382ddde260e5-00",
        "User-Agent": "azsdk-net-ResourceManager.Storage/1.0.0-alpha.20220622.1 (.NET 6.0.6; Microsoft Windows 10.0.22621)",
        "x-ms-client-request-id": "1f0a3e114da5a30de990789284f77946",
        "x-ms-return-client-request-id": "true"
      },
      "RequestBody": null,
      "StatusCode": 200,
      "ResponseHeaders": {
        "Cache-Control": "no-cache",
        "Content-Length": "2249",
        "Content-Type": "application/json",
        "Date": "Wed, 22 Jun 2022 04:12:09 GMT",
        "Expires": "-1",
        "Pragma": "no-cache",
        "Server": "Microsoft-Azure-Storage-Resource-Provider/1.0,Microsoft-HTTPAPI/2.0 Microsoft-HTTPAPI/2.0",
        "Strict-Transport-Security": "max-age=31536000; includeSubDomains",
        "X-Content-Type-Options": "nosniff",
        "x-ms-client-request-id": "1f0a3e114da5a30de990789284f77946",
        "x-ms-correlation-request-id": "fed7e9c2-f68d-427c-bd34-481c84a406c6",
        "x-ms-ratelimit-remaining-subscription-reads": "11851",
        "x-ms-request-id": "321a4808-4578-4092-bc8b-7ec422f9c750",
        "x-ms-routing-request-id": "SOUTHEASTASIA:20220622T041210Z:fed7e9c2-f68d-427c-bd34-481c84a406c6"
      },
      "ResponseBody": {
        "value": [
          {
            "identity": {
              "userAssignedIdentities": {
                "/subscriptions/db1ab6f0-4769-4b27-930e-01e2ef9c123c/resourcegroups/teststorageRG-4206/providers/Microsoft.ManagedIdentity/userAssignedIdentities/testMsi-9208": {
                  "principalId": "e9500c86-44ca-454c-941b-6550da14bc78",
                  "tenantId": "72f988bf-86f1-41af-91ab-2d7cd011db47",
                  "clientId": "bc3ff012-b807-4777-a85f-ba0ab6e41331",
                  "identityUrl": "https://control-eastus2.identity.azure.net/subscriptions/db1ab6f0-4769-4b27-930e-01e2ef9c123c/resourcegroups/teststorageRG-4206/providers/Microsoft.Storage/storageAccounts/teststoragemgmt4316/credentials/v2/userassigned?arpid=ee7c94c5-ffce-45f7-bf4e-222c4fba5c10\u0026uaid=bc3ff012-b807-4777-a85f-ba0ab6e41331\u0026tid=72f988bf-86f1-41af-91ab-2d7cd011db47",
                  "certRenewAfter": "2022-08-07T04:06:00Z"
                }
              },
              "principalId": "a1421425-5415-44a5-b21b-e940d902009f",
              "tenantId": "72f988bf-86f1-41af-91ab-2d7cd011db47",
              "type": "SystemAssigned,UserAssigned"
            },
            "sku": {
              "name": "Standard_LRS",
              "tier": "Standard"
            },
            "kind": "Storage",
            "id": "/subscriptions/db1ab6f0-4769-4b27-930e-01e2ef9c123c/resourceGroups/teststorageRG-4206/providers/Microsoft.Storage/storageAccounts/teststoragemgmt4316",
            "name": "teststoragemgmt4316",
            "type": "Microsoft.Storage/storageAccounts",
            "location": "eastus2",
            "tags": {
              "key1": "value1",
              "key2": "value2"
            },
            "properties": {
              "keyCreationTime": {
                "key1": "2022-06-22T04:11:44.5020302Z",
                "key2": "2022-06-22T04:11:44.5020302Z"
              },
              "privateEndpointConnections": [],
              "minimumTlsVersion": "TLS1_0",
              "allowBlobPublicAccess": true,
              "networkAcls": {
                "bypass": "AzureServices",
                "virtualNetworkRules": [],
                "ipRules": [],
                "defaultAction": "Allow"
              },
              "supportsHttpsTrafficOnly": true,
              "encryption": {
                "services": {
                  "file": {
                    "keyType": "Account",
                    "enabled": true,
                    "lastEnabledTime": "2022-06-22T04:11:44.5020302Z"
                  },
                  "blob": {
                    "keyType": "Account",
                    "enabled": true,
                    "lastEnabledTime": "2022-06-22T04:11:44.5020302Z"
                  }
                },
                "keySource": "Microsoft.Storage"
              },
              "provisioningState": "Succeeded",
              "creationTime": "2022-06-22T04:11:44.3614632Z",
              "primaryEndpoints": {
                "blob": "https://teststoragemgmt4316.blob.core.windows.net/",
                "queue": "https://teststoragemgmt4316.queue.core.windows.net/",
                "table": "https://teststoragemgmt4316.table.core.windows.net/",
                "file": "https://teststoragemgmt4316.file.core.windows.net/"
              },
              "primaryLocation": "eastus2",
              "statusOfPrimary": "available"
            }
          }
        ]
      }
    },
    {
      "RequestUri": "https://management.azure.com/subscriptions/db1ab6f0-4769-4b27-930e-01e2ef9c123c/resourceGroups/teststorageRG-4206/providers/Microsoft.Storage/storageAccounts/teststoragemgmt4316?api-version=2021-09-01",
      "RequestMethod": "DELETE",
      "RequestHeaders": {
        "Authorization": "Sanitized",
        "traceparent": "00-c0c717a16ef9e56afae332498ae4db10-e74406e01cd664f9-00",
        "User-Agent": "azsdk-net-ResourceManager.Storage/1.0.0-alpha.20220622.1 (.NET 6.0.6; Microsoft Windows 10.0.22621)",
        "x-ms-client-request-id": "a91b92ea7f2efbc89a068cd0042123b0",
        "x-ms-return-client-request-id": "true"
      },
      "RequestBody": null,
      "StatusCode": 200,
      "ResponseHeaders": {
        "Cache-Control": "no-cache",
        "Content-Length": "0",
        "Content-Type": "text/plain; charset=utf-8",
        "Date": "Wed, 22 Jun 2022 04:12:16 GMT",
        "Expires": "-1",
        "Pragma": "no-cache",
        "Server": "Microsoft-Azure-Storage-Resource-Provider/1.0,Microsoft-HTTPAPI/2.0 Microsoft-HTTPAPI/2.0",
        "Strict-Transport-Security": "max-age=31536000; includeSubDomains",
        "X-Content-Type-Options": "nosniff",
        "x-ms-client-request-id": "a91b92ea7f2efbc89a068cd0042123b0",
        "x-ms-correlation-request-id": "40f8d944-adca-475a-9cb1-20c8a987ceac",
        "x-ms-ratelimit-remaining-subscription-deletes": "14984",
        "x-ms-request-id": "0d426334-1e1f-4460-ab64-f667a85040fe",
        "x-ms-routing-request-id": "SOUTHEASTASIA:20220622T041217Z:40f8d944-adca-475a-9cb1-20c8a987ceac"
      },
      "ResponseBody": null
    }
  ],
  "Variables": {
    "RandomSeed": "1447122543",
    "RESOURCE_MANAGER_URL": null,
    "SUBSCRIPTION_ID": "db1ab6f0-4769-4b27-930e-01e2ef9c123c"
  }
}
