{
  "Entries": [
    {
      "RequestUri": "https://management.azure.com/subscriptions/db1ab6f0-4769-4b27-930e-01e2ef9c123c?api-version=2021-01-01",
      "RequestMethod": "GET",
      "RequestHeaders": {
        "Accept": "application/json",
        "Authorization": "Sanitized",
        "traceparent": "00-55d30087254a6cce022ee36730cd2693-426b1287ccc6d72d-00",
        "User-Agent": "azsdk-net-ResourceManager/1.3.0 (.NET 6.0.8; Microsoft Windows 10.0.19044)",
        "x-ms-client-request-id": "c01c1edd74867d736e7389e564b64d64",
        "x-ms-return-client-request-id": "true"
      },
      "RequestBody": null,
      "StatusCode": 200,
      "ResponseHeaders": {
        "Cache-Control": "no-cache",
        "Content-Length": "747",
        "Content-Type": "application/json; charset=utf-8",
        "Date": "Thu, 18 Aug 2022 09:01:33 GMT",
        "Expires": "-1",
        "Pragma": "no-cache",
        "Strict-Transport-Security": "max-age=31536000; includeSubDomains",
        "X-Content-Type-Options": "nosniff",
        "x-ms-correlation-request-id": "9b5adcc5-b117-4be6-8717-54861e1ffd80",
        "x-ms-ratelimit-remaining-subscription-reads": "11778",
        "x-ms-request-id": "9b5adcc5-b117-4be6-8717-54861e1ffd80",
        "x-ms-routing-request-id": "SOUTHEASTASIA:20220818T090134Z:9b5adcc5-b117-4be6-8717-54861e1ffd80"
      },
      "ResponseBody": {
        "id": "/subscriptions/db1ab6f0-4769-4b27-930e-01e2ef9c123c",
        "authorizationSource": "RoleBased",
        "managedByTenants": [],
        "tags": {
          "TagKey-9823": "TagValue-566",
          "TagKey-3481": "TagValue-320",
          "TagKey-4926": "TagValue-1187",
          "TagKey-751": "TagValue-3921",
          "TagKey-1866": "TagValue-8559",
          "TagKey-3094": "TagValue-9190",
          "TagKey-2449": "TagValue-9",
          "TagKey-8379": "TagValue-164",
          "TagKey-7470": "TagValue-2205",
          "TagKey-4236": "TagValue-3698",
          "TagKey-5316": "TagValue-2725"
        },
        "subscriptionId": "db1ab6f0-4769-4b27-930e-01e2ef9c123c",
        "tenantId": "72f988bf-86f1-41af-91ab-2d7cd011db47",
        "displayName": ".NET Mgmt SDK Test with TTL = 1 Day",
        "state": "Enabled",
        "subscriptionPolicies": {
          "locationPlacementId": "Internal_2014-09-01",
          "quotaId": "Internal_2014-09-01",
          "spendingLimit": "Off"
        }
      }
    },
    {
      "RequestUri": "https://management.azure.com/subscriptions/db1ab6f0-4769-4b27-930e-01e2ef9c123c/resourcegroups/teststorageRG-1816?api-version=2021-04-01",
      "RequestMethod": "PUT",
      "RequestHeaders": {
        "Accept": "application/json",
        "Authorization": "Sanitized",
        "Content-Length": "44",
        "Content-Type": "application/json",
        "traceparent": "00-327231c3f49e6f8583786498aa0eef45-52c0056d1131eec2-00",
        "User-Agent": "azsdk-net-ResourceManager/1.3.0 (.NET 6.0.8; Microsoft Windows 10.0.19044)",
        "x-ms-client-request-id": "097d3a460f15649a555e2a765c415eca",
        "x-ms-return-client-request-id": "true"
      },
      "RequestBody": {
        "tags": {
          "test": "env"
        },
        "location": "eastus2"
      },
      "StatusCode": 201,
      "ResponseHeaders": {
        "Cache-Control": "no-cache",
        "Content-Length": "256",
        "Content-Type": "application/json; charset=utf-8",
        "Date": "Thu, 18 Aug 2022 09:01:34 GMT",
        "Expires": "-1",
        "Pragma": "no-cache",
        "Strict-Transport-Security": "max-age=31536000; includeSubDomains",
        "X-Content-Type-Options": "nosniff",
        "x-ms-correlation-request-id": "f5f7f41f-8508-4851-ace8-fbde73bb7500",
        "x-ms-ratelimit-remaining-subscription-writes": "1111",
        "x-ms-request-id": "f5f7f41f-8508-4851-ace8-fbde73bb7500",
        "x-ms-routing-request-id": "SOUTHEASTASIA:20220818T090135Z:f5f7f41f-8508-4851-ace8-fbde73bb7500"
      },
      "ResponseBody": {
        "id": "/subscriptions/db1ab6f0-4769-4b27-930e-01e2ef9c123c/resourceGroups/teststorageRG-1816",
        "name": "teststorageRG-1816",
        "type": "Microsoft.Resources/resourceGroups",
        "location": "eastus2",
        "tags": {
          "test": "env"
        },
        "properties": {
          "provisioningState": "Succeeded"
        }
      }
    },
    {
      "RequestUri": "https://management.azure.com/subscriptions/db1ab6f0-4769-4b27-930e-01e2ef9c123c/providers/Microsoft.Storage/checkNameAvailability?api-version=2022-05-01",
      "RequestMethod": "POST",
      "RequestHeaders": {
        "Accept": "application/json",
        "Authorization": "Sanitized",
        "Content-Length": "73",
        "Content-Type": "application/json",
        "traceparent": "00-8cab3d6a44f15590919aac643d4a86e5-3c362a77a90d2e29-00",
        "User-Agent": "azsdk-net-ResourceManager.Storage/1.0.0-alpha.20220818.1 (.NET 6.0.8; Microsoft Windows 10.0.19044)",
        "x-ms-client-request-id": "78c3870f458108198c7a9cd32d4d6ff0",
        "x-ms-return-client-request-id": "true"
      },
      "RequestBody": {
        "name": "teststoragemgmt7670",
        "type": "Microsoft.Storage/storageAccounts"
      },
      "StatusCode": 200,
      "ResponseHeaders": {
        "Cache-Control": "no-cache",
        "Content-Length": "22",
        "Content-Type": "application/json",
        "Date": "Thu, 18 Aug 2022 09:01:36 GMT",
        "Expires": "-1",
        "Pragma": "no-cache",
        "Server": "Microsoft-Azure-Storage-Resource-Provider/1.0,Microsoft-HTTPAPI/2.0 Microsoft-HTTPAPI/2.0",
        "Strict-Transport-Security": "max-age=31536000; includeSubDomains",
        "X-Content-Type-Options": "nosniff",
        "x-ms-client-request-id": "78c3870f458108198c7a9cd32d4d6ff0",
        "x-ms-correlation-request-id": "f0865e43-9ffc-4d5a-8488-91bb647ab9e0",
        "x-ms-ratelimit-remaining-subscription-reads": "11777",
        "x-ms-request-id": "16710bdc-c328-422c-ac0f-b70e3f9e7928",
        "x-ms-routing-request-id": "SOUTHEASTASIA:20220818T090136Z:f0865e43-9ffc-4d5a-8488-91bb647ab9e0"
      },
      "ResponseBody": {
        "nameAvailable": true
      }
    },
    {
      "RequestUri": "https://management.azure.com/subscriptions/db1ab6f0-4769-4b27-930e-01e2ef9c123c/providers/Microsoft.ManagedIdentity?api-version=2021-04-01",
      "RequestMethod": "GET",
      "RequestHeaders": {
        "Accept": "application/json",
        "Authorization": "Sanitized",
        "traceparent": "00-7854f74fc74e2786018962c7a20c233a-c687d6b78e45aea2-00",
        "User-Agent": "azsdk-net-ResourceManager/1.3.0 (.NET 6.0.8; Microsoft Windows 10.0.19044)",
        "x-ms-client-request-id": "209718ae0ec75c813015480711322a1a",
        "x-ms-return-client-request-id": "true"
      },
      "RequestBody": null,
      "StatusCode": 200,
      "ResponseHeaders": {
        "Cache-Control": "no-cache",
        "Content-Length": "2773",
        "Content-Type": "application/json; charset=utf-8",
        "Date": "Thu, 18 Aug 2022 09:01:36 GMT",
        "Expires": "-1",
        "Pragma": "no-cache",
        "Strict-Transport-Security": "max-age=31536000; includeSubDomains",
        "X-Content-Type-Options": "nosniff",
        "x-ms-correlation-request-id": "83cee93f-556f-4709-be63-a32187eff40c",
        "x-ms-ratelimit-remaining-subscription-reads": "11776",
        "x-ms-request-id": "83cee93f-556f-4709-be63-a32187eff40c",
        "x-ms-routing-request-id": "SOUTHEASTASIA:20220818T090136Z:83cee93f-556f-4709-be63-a32187eff40c"
      },
      "ResponseBody": {
        "id": "/subscriptions/db1ab6f0-4769-4b27-930e-01e2ef9c123c/providers/Microsoft.ManagedIdentity",
        "namespace": "Microsoft.ManagedIdentity",
        "resourceTypes": [
          {
            "resourceType": "Identities",
            "locations": [
              "Global",
              "United States",
              "South Africa",
              "UK",
              "Japan",
              "India",
              "France",
              "Europe",
              "Germany",
              "Switzerland",
              "Canada",
              "Brazil",
              "Australia",
              "Asia",
              "UAE",
              "Korea",
              "Norway",
              "South Africa North",
              "South Africa West",
              "UAE North",
              "Australia Central",
              "Australia East",
              "Australia Southeast",
              "Canada Central",
              "Canada East",
              "Brazil South",
              "Central India",
              "West India",
              "Jio India West",
              "South India",
              "Japan West",
              "Japan East",
              "East Asia",
              "Southeast Asia",
              "Korea Central",
              "Korea South",
              "North Europe",
              "Qatar Central",
              "West Europe",
              "UK West",
              "UK South",
              "Sweden Central",
              "Switzerland North",
              "Germany West Central",
              "Central US",
              "North Central US",
              "East US",
              "East US 2",
              "South Central US",
              "West US",
              "West US 2",
              "West US 3",
              "West Central US",
              "France Central",
              "Norway East"
            ],
            "apiVersions": [
              "2022-01-31-PREVIEW",
              "2021-09-30-PREVIEW",
              "2018-11-30",
              "2015-08-31-PREVIEW"
            ],
            "defaultApiVersion": "2018-11-30",
            "capabilities": "SupportsExtension"
          },
          {
            "resourceType": "userAssignedIdentities",
            "locations": [
              "South Africa North",
              "South Africa West",
              "UAE North",
              "Australia Central",
              "Australia East",
              "Australia Southeast",
              "Canada Central",
              "Canada East",
              "Brazil South",
              "Central India",
              "West India",
              "Jio India West",
              "South India",
              "Japan West",
              "Japan East",
              "East Asia",
              "Southeast Asia",
              "Korea Central",
              "Korea South",
              "North Europe",
              "Qatar Central",
              "West Europe",
              "UK West",
              "UK South",
              "Sweden Central",
              "Switzerland North",
              "Germany West Central",
              "Central US",
              "North Central US",
              "East US",
              "East US 2",
              "South Central US",
              "West US",
              "West US 2",
              "West US 3",
              "West Central US",
              "France Central",
              "Norway East"
            ],
            "apiVersions": [
              "2022-01-31-PREVIEW",
              "2021-09-30-PREVIEW",
              "2018-11-30",
              "2015-08-31-PREVIEW"
            ],
            "defaultApiVersion": "2018-11-30",
            "capabilities": "SupportsTags, SupportsLocation"
          },
          {
            "resourceType": "operations",
            "locations": [
              "South Africa North",
              "South Africa West",
              "UAE North",
              "Australia Central",
              "Australia East",
              "Australia Southeast",
              "Canada Central",
              "Canada East",
              "Brazil South",
              "Central India",
              "West India",
              "Jio India West",
              "South India",
              "Japan West",
              "Japan East",
              "East Asia",
              "Southeast Asia",
              "Korea Central",
              "Korea South",
              "North Europe",
              "Qatar Central",
              "West Europe",
              "UK West",
              "UK South",
              "Sweden Central",
              "Switzerland North",
              "Germany West Central",
              "Central US",
              "North Central US",
              "East US",
              "East US 2",
              "South Central US",
              "West US",
              "West US 2",
              "West US 3",
              "West Central US",
              "France Central",
              "Norway East"
            ],
            "apiVersions": [
              "2022-01-31-PREVIEW",
              "2021-09-30-PREVIEW",
              "2018-11-30",
              "2015-08-31-PREVIEW"
            ],
            "defaultApiVersion": "2018-11-30",
            "capabilities": "None"
          }
        ],
        "registrationState": "Registered",
        "registrationPolicy": "RegistrationRequired"
      }
    },
    {
      "RequestUri": "https://management.azure.com/subscriptions/db1ab6f0-4769-4b27-930e-01e2ef9c123c/resourceGroups/teststorageRG-1816/providers/Microsoft.ManagedIdentity/userAssignedIdentities/testMsi-6448?api-version=2022-01-31-PREVIEW",
      "RequestMethod": "PUT",
      "RequestHeaders": {
        "Accept": "application/json",
        "Authorization": "Sanitized",
        "Content-Length": "22",
        "Content-Type": "application/json",
        "traceparent": "00-7854f74fc74e2786018962c7a20c233a-76d53b6e55a34435-00",
        "User-Agent": "azsdk-net-ResourceManager/1.3.0 (.NET 6.0.8; Microsoft Windows 10.0.19044)",
        "x-ms-client-request-id": "a1c6a6e7c52d63f5018995fe902811bb",
        "x-ms-return-client-request-id": "true"
      },
      "RequestBody": {
        "location": "eastus2"
      },
      "StatusCode": 201,
      "ResponseHeaders": {
        "Cache-Control": "no-cache",
        "Content-Length": "445",
        "Content-Type": "application/json; charset=utf-8",
        "Date": "Thu, 18 Aug 2022 09:01:39 GMT",
        "Expires": "-1",
        "Location": "/subscriptions/db1ab6f0-4769-4b27-930e-01e2ef9c123c/resourcegroups/teststorageRG-1816/providers/Microsoft.ManagedIdentity/userAssignedIdentities/testMsi-6448",
        "Pragma": "no-cache",
        "Strict-Transport-Security": "max-age=31536000; includeSubDomains",
        "X-Content-Type-Options": "nosniff",
        "x-ms-correlation-request-id": "26a1d09b-9409-47fc-9890-4e55aaa56831",
        "x-ms-ratelimit-remaining-subscription-writes": "1110",
        "x-ms-request-id": "26a1d09b-9409-47fc-9890-4e55aaa56831",
        "x-ms-routing-request-id": "SOUTHEASTASIA:20220818T090140Z:26a1d09b-9409-47fc-9890-4e55aaa56831"
      },
      "ResponseBody": {
        "id": "/subscriptions/db1ab6f0-4769-4b27-930e-01e2ef9c123c/resourcegroups/teststorageRG-1816/providers/Microsoft.ManagedIdentity/userAssignedIdentities/testMsi-6448",
        "name": "testMsi-6448",
        "type": "Microsoft.ManagedIdentity/userAssignedIdentities",
        "location": "eastus2",
        "tags": {},
        "properties": {
          "tenantId": "72f988bf-86f1-41af-91ab-2d7cd011db47",
          "principalId": "b92fabf6-dabf-4912-b601-55915adeb478",
          "clientId": "66ec1eae-b3b7-4ec9-a5f9-feb59d6ab36c"
        }
      }
    },
    {
      "RequestUri": "https://management.azure.com/subscriptions/db1ab6f0-4769-4b27-930e-01e2ef9c123c/resourcegroups/teststorageRG-1816/providers/Microsoft.ManagedIdentity/userAssignedIdentities/testMsi-6448?api-version=2022-01-31-PREVIEW",
      "RequestMethod": "GET",
      "RequestHeaders": {
        "Authorization": "Sanitized",
        "traceparent": "00-7854f74fc74e2786018962c7a20c233a-7c4eb2d6ead42981-00",
        "User-Agent": "azsdk-net-ResourceManager/1.3.0 (.NET 6.0.8; Microsoft Windows 10.0.19044)",
        "x-ms-client-request-id": "a646b9714ea8e8c823331f3e7983cb07",
        "x-ms-return-client-request-id": "true"
      },
      "RequestBody": null,
      "StatusCode": 200,
      "ResponseHeaders": {
        "Cache-Control": "no-cache",
        "Content-Length": "445",
        "Content-Type": "application/json; charset=utf-8",
        "Date": "Thu, 18 Aug 2022 09:01:39 GMT",
        "Expires": "-1",
        "Pragma": "no-cache",
        "Strict-Transport-Security": "max-age=31536000; includeSubDomains",
        "X-Content-Type-Options": "nosniff",
        "x-ms-correlation-request-id": "78c259e6-bacc-4e90-a90b-c707a5c5aa2b",
        "x-ms-ratelimit-remaining-subscription-reads": "11775",
        "x-ms-request-id": "78c259e6-bacc-4e90-a90b-c707a5c5aa2b",
        "x-ms-routing-request-id": "SOUTHEASTASIA:20220818T090140Z:78c259e6-bacc-4e90-a90b-c707a5c5aa2b"
      },
      "ResponseBody": {
        "id": "/subscriptions/db1ab6f0-4769-4b27-930e-01e2ef9c123c/resourcegroups/teststorageRG-1816/providers/Microsoft.ManagedIdentity/userAssignedIdentities/testMsi-6448",
        "name": "testMsi-6448",
        "type": "Microsoft.ManagedIdentity/userAssignedIdentities",
        "location": "eastus2",
        "tags": {},
        "properties": {
          "tenantId": "72f988bf-86f1-41af-91ab-2d7cd011db47",
          "principalId": "b92fabf6-dabf-4912-b601-55915adeb478",
          "clientId": "66ec1eae-b3b7-4ec9-a5f9-feb59d6ab36c"
        }
      }
    },
    {
      "RequestUri": "https://management.azure.com/subscriptions/db1ab6f0-4769-4b27-930e-01e2ef9c123c/resourceGroups/teststorageRG-1816/providers/Microsoft.Storage/storageAccounts/teststoragemgmt7670?api-version=2022-05-01",
      "RequestMethod": "PUT",
      "RequestHeaders": {
        "Accept": "application/json",
        "Authorization": "Sanitized",
        "Content-Length": "366",
        "Content-Type": "application/json",
        "traceparent": "00-1872725cb31f10873e5775c221beda9a-3de95ed7525ff105-00",
        "User-Agent": "azsdk-net-ResourceManager.Storage/1.0.0-alpha.20220818.1 (.NET 6.0.8; Microsoft Windows 10.0.19044)",
        "x-ms-client-request-id": "aa818c03e59f8ae75e4e5f1074c59200",
        "x-ms-return-client-request-id": "true"
      },
      "RequestBody": {
        "sku": {
          "name": "Standard_LRS"
        },
        "kind": "Storage",
        "location": "eastus2",
        "tags": {
          "key1": "value1",
          "key2": "value2"
        },
        "identity": {
          "type": "SystemAssigned,UserAssigned",
          "userAssignedIdentities": {
            "/subscriptions/db1ab6f0-4769-4b27-930e-01e2ef9c123c/resourcegroups/teststorageRG-1816/providers/Microsoft.ManagedIdentity/userAssignedIdentities/testMsi-6448": {}
          }
        },
        "properties": {}
      },
      "StatusCode": 202,
      "ResponseHeaders": {
        "Cache-Control": "no-cache",
        "Content-Length": "0",
        "Content-Type": "text/plain; charset=utf-8",
        "Date": "Thu, 18 Aug 2022 09:01:45 GMT",
        "Expires": "-1",
        "Location": "https://management.azure.com/subscriptions/db1ab6f0-4769-4b27-930e-01e2ef9c123c/providers/Microsoft.Storage/locations/eastus2/asyncoperations/938f251e-8ea6-485a-85c9-a046389646bf?monitor=true\u0026api-version=2022-05-01",
        "Pragma": "no-cache",
        "Retry-After": "17",
        "Server": "Microsoft-Azure-Storage-Resource-Provider/1.0,Microsoft-HTTPAPI/2.0 Microsoft-HTTPAPI/2.0",
        "Strict-Transport-Security": "max-age=31536000; includeSubDomains",
        "X-Content-Type-Options": "nosniff",
        "x-ms-client-request-id": "aa818c03e59f8ae75e4e5f1074c59200",
        "x-ms-correlation-request-id": "2a846709-fd72-457f-bacb-7970afb1dda1",
        "x-ms-ratelimit-remaining-subscription-writes": "1109",
        "x-ms-request-id": "938f251e-8ea6-485a-85c9-a046389646bf",
        "x-ms-routing-request-id": "SOUTHEASTASIA:20220818T090146Z:2a846709-fd72-457f-bacb-7970afb1dda1"
      },
      "ResponseBody": null
    },
    {
      "RequestUri": "https://management.azure.com/subscriptions/db1ab6f0-4769-4b27-930e-01e2ef9c123c/providers/Microsoft.Storage/locations/eastus2/asyncoperations/938f251e-8ea6-485a-85c9-a046389646bf?monitor=true\u0026api-version=2022-05-01",
      "RequestMethod": "GET",
      "RequestHeaders": {
        "Authorization": "Sanitized",
        "traceparent": "00-1872725cb31f10873e5775c221beda9a-f20b7e63bb0cbd3f-00",
        "User-Agent": "azsdk-net-ResourceManager/1.3.0 (.NET 6.0.8; Microsoft Windows 10.0.19044)",
        "x-ms-client-request-id": "442c4951d07f8ca8d1bb485aeeb8745e",
        "x-ms-return-client-request-id": "true"
      },
      "RequestBody": null,
      "StatusCode": 202,
      "ResponseHeaders": {
        "Cache-Control": "no-cache",
        "Content-Length": "0",
        "Content-Type": "text/plain; charset=utf-8",
        "Date": "Thu, 18 Aug 2022 09:01:45 GMT",
        "Expires": "-1",
        "Location": "https://management.azure.com/subscriptions/db1ab6f0-4769-4b27-930e-01e2ef9c123c/providers/Microsoft.Storage/locations/eastus2/asyncoperations/938f251e-8ea6-485a-85c9-a046389646bf?monitor=true\u0026api-version=2022-05-01",
        "Pragma": "no-cache",
        "Retry-After": "17",
        "Server": "Microsoft-Azure-Storage-Resource-Provider/1.0,Microsoft-HTTPAPI/2.0 Microsoft-HTTPAPI/2.0",
        "Strict-Transport-Security": "max-age=31536000; includeSubDomains",
        "X-Content-Type-Options": "nosniff",
        "x-ms-client-request-id": "442c4951d07f8ca8d1bb485aeeb8745e",
        "x-ms-correlation-request-id": "cf64dcd3-5e45-48cc-8859-6cefaebd2cb3",
        "x-ms-ratelimit-remaining-subscription-reads": "11774",
        "x-ms-request-id": "f8850771-3f5e-4fca-ad70-148c742409ac",
        "x-ms-routing-request-id": "SOUTHEASTASIA:20220818T090146Z:cf64dcd3-5e45-48cc-8859-6cefaebd2cb3"
      },
      "ResponseBody": null
    },
    {
      "RequestUri": "https://management.azure.com/subscriptions/db1ab6f0-4769-4b27-930e-01e2ef9c123c/providers/Microsoft.Storage/locations/eastus2/asyncoperations/938f251e-8ea6-485a-85c9-a046389646bf?monitor=true\u0026api-version=2022-05-01",
      "RequestMethod": "GET",
      "RequestHeaders": {
        "Authorization": "Sanitized",
        "traceparent": "00-1872725cb31f10873e5775c221beda9a-294836460ebb7808-00",
        "User-Agent": "azsdk-net-ResourceManager/1.3.0 (.NET 6.0.8; Microsoft Windows 10.0.19044)",
        "x-ms-client-request-id": "2c301fa1f3f5982579490bf5c2e84c54",
        "x-ms-return-client-request-id": "true"
      },
      "RequestBody": null,
      "StatusCode": 200,
      "ResponseHeaders": {
        "Cache-Control": "no-cache",
        "Content-Length": "2237",
        "Content-Type": "application/json",
        "Date": "Thu, 18 Aug 2022 09:02:03 GMT",
        "Expires": "-1",
        "Pragma": "no-cache",
        "Server": "Microsoft-Azure-Storage-Resource-Provider/1.0,Microsoft-HTTPAPI/2.0 Microsoft-HTTPAPI/2.0",
        "Strict-Transport-Security": "max-age=31536000; includeSubDomains",
        "X-Content-Type-Options": "nosniff",
        "x-ms-client-request-id": "2c301fa1f3f5982579490bf5c2e84c54",
        "x-ms-correlation-request-id": "7bbea271-1f1a-4d02-b5ed-4124b5a79f05",
        "x-ms-ratelimit-remaining-subscription-reads": "11773",
        "x-ms-request-id": "19b4933f-4de2-4856-9317-8408577096b6",
        "x-ms-routing-request-id": "SOUTHEASTASIA:20220818T090204Z:7bbea271-1f1a-4d02-b5ed-4124b5a79f05"
      },
      "ResponseBody": {
        "identity": {
          "userAssignedIdentities": {
            "/subscriptions/db1ab6f0-4769-4b27-930e-01e2ef9c123c/resourcegroups/teststorageRG-1816/providers/Microsoft.ManagedIdentity/userAssignedIdentities/testMsi-6448": {
              "principalId": "b92fabf6-dabf-4912-b601-55915adeb478",
              "tenantId": "72f988bf-86f1-41af-91ab-2d7cd011db47",
              "clientId": "66ec1eae-b3b7-4ec9-a5f9-feb59d6ab36c",
              "identityUrl": "https://control-eastus2.identity.azure.net/subscriptions/db1ab6f0-4769-4b27-930e-01e2ef9c123c/resourcegroups/teststorageRG-1816/providers/Microsoft.Storage/storageAccounts/teststoragemgmt7670/credentials/v2/userassigned?arpid=a6bb9ebd-a8ad-4510-b1c3-343b57fa1c31\u0026uaid=66ec1eae-b3b7-4ec9-a5f9-feb59d6ab36c\u0026tid=72f988bf-86f1-41af-91ab-2d7cd011db47",
              "certRenewAfter": "2022-10-03T08:56:00Z"
            }
          },
          "principalId": "a28fed5c-87df-4097-8f80-76bab0169b72",
          "tenantId": "72f988bf-86f1-41af-91ab-2d7cd011db47",
          "type": "SystemAssigned,UserAssigned"
        },
        "sku": {
          "name": "Standard_LRS",
          "tier": "Standard"
        },
        "kind": "Storage",
        "id": "/subscriptions/db1ab6f0-4769-4b27-930e-01e2ef9c123c/resourceGroups/teststorageRG-1816/providers/Microsoft.Storage/storageAccounts/teststoragemgmt7670",
        "name": "teststoragemgmt7670",
        "type": "Microsoft.Storage/storageAccounts",
        "location": "eastus2",
        "tags": {
          "key1": "value1",
          "key2": "value2"
        },
        "properties": {
          "keyCreationTime": {
            "key1": "2022-08-18T09:01:44.5448843Z",
            "key2": "2022-08-18T09:01:44.5448843Z"
          },
          "privateEndpointConnections": [],
          "minimumTlsVersion": "TLS1_0",
          "allowBlobPublicAccess": true,
          "networkAcls": {
            "bypass": "AzureServices",
            "virtualNetworkRules": [],
            "ipRules": [],
            "defaultAction": "Allow"
          },
          "supportsHttpsTrafficOnly": true,
          "encryption": {
            "services": {
              "file": {
                "keyType": "Account",
                "enabled": true,
                "lastEnabledTime": "2022-08-18T09:01:44.5448843Z"
              },
              "blob": {
                "keyType": "Account",
                "enabled": true,
                "lastEnabledTime": "2022-08-18T09:01:44.5448843Z"
              }
            },
            "keySource": "Microsoft.Storage"
          },
          "provisioningState": "Succeeded",
          "creationTime": "2022-08-18T09:01:44.4042466Z",
          "primaryEndpoints": {
            "blob": "https://teststoragemgmt7670.blob.core.windows.net/",
            "queue": "https://teststoragemgmt7670.queue.core.windows.net/",
            "table": "https://teststoragemgmt7670.table.core.windows.net/",
            "file": "https://teststoragemgmt7670.file.core.windows.net/"
          },
          "primaryLocation": "eastus2",
          "statusOfPrimary": "available"
        }
      }
    },
    {
      "RequestUri": "https://management.azure.com/subscriptions/db1ab6f0-4769-4b27-930e-01e2ef9c123c/resourceGroups/teststorageRG-1816/providers/Microsoft.Storage/storageAccounts/teststoragemgmt7670?api-version=2022-05-01",
      "RequestMethod": "PATCH",
      "RequestHeaders": {
        "Accept": "application/json",
        "Authorization": "Sanitized",
        "Content-Length": "54",
        "Content-Type": "application/json",
        "traceparent": "00-ef47d01910720f484c8356d4f80737cc-cf10d25395c44a57-00",
        "User-Agent": "azsdk-net-ResourceManager.Storage/1.0.0-alpha.20220818.1 (.NET 6.0.8; Microsoft Windows 10.0.19044)",
        "x-ms-client-request-id": "2bbea14e4e983d80a501062622b848e6",
        "x-ms-return-client-request-id": "true"
      },
      "RequestBody": {
        "identity": {
          "type": "SystemAssigned"
        },
        "properties": {}
      },
      "StatusCode": 200,
      "ResponseHeaders": {
        "Cache-Control": "no-cache",
        "Content-Length": "1480",
        "Content-Type": "application/json",
        "Date": "Thu, 18 Aug 2022 09:02:06 GMT",
        "Expires": "-1",
        "Pragma": "no-cache",
        "Server": "Microsoft-Azure-Storage-Resource-Provider/1.0,Microsoft-HTTPAPI/2.0 Microsoft-HTTPAPI/2.0",
        "Strict-Transport-Security": "max-age=31536000; includeSubDomains",
        "X-Content-Type-Options": "nosniff",
        "x-ms-client-request-id": "2bbea14e4e983d80a501062622b848e6",
        "x-ms-correlation-request-id": "2bb20bce-a3e9-454e-a007-a253af2268d5",
        "x-ms-ratelimit-remaining-subscription-writes": "1108",
        "x-ms-request-id": "299abcf8-c52c-4433-8001-017cf8d53824",
        "x-ms-routing-request-id": "SOUTHEASTASIA:20220818T090207Z:2bb20bce-a3e9-454e-a007-a253af2268d5"
      },
      "ResponseBody": {
        "identity": {
          "principalId": "a28fed5c-87df-4097-8f80-76bab0169b72",
          "tenantId": "72f988bf-86f1-41af-91ab-2d7cd011db47",
          "type": "SystemAssigned"
        },
        "sku": {
          "name": "Standard_LRS",
          "tier": "Standard"
        },
        "kind": "Storage",
        "id": "/subscriptions/db1ab6f0-4769-4b27-930e-01e2ef9c123c/resourceGroups/teststorageRG-1816/providers/Microsoft.Storage/storageAccounts/teststoragemgmt7670",
        "name": "teststoragemgmt7670",
        "type": "Microsoft.Storage/storageAccounts",
        "location": "eastus2",
        "tags": {
          "key1": "value1",
          "key2": "value2"
        },
        "properties": {
          "keyCreationTime": {
            "key1": "2022-08-18T09:01:44.5448843Z",
            "key2": "2022-08-18T09:01:44.5448843Z"
          },
          "privateEndpointConnections": [],
          "minimumTlsVersion": "TLS1_0",
          "allowBlobPublicAccess": true,
          "networkAcls": {
            "bypass": "AzureServices",
            "virtualNetworkRules": [],
            "ipRules": [],
            "defaultAction": "Allow"
          },
          "supportsHttpsTrafficOnly": true,
          "encryption": {
            "services": {
              "file": {
                "keyType": "Account",
                "enabled": true,
                "lastEnabledTime": "2022-08-18T09:01:44.5448843Z"
              },
              "blob": {
                "keyType": "Account",
                "enabled": true,
                "lastEnabledTime": "2022-08-18T09:01:44.5448843Z"
              }
            },
            "keySource": "Microsoft.Storage"
          },
          "provisioningState": "Succeeded",
          "creationTime": "2022-08-18T09:01:44.4042466Z",
          "primaryEndpoints": {
            "blob": "https://teststoragemgmt7670.blob.core.windows.net/",
            "queue": "https://teststoragemgmt7670.queue.core.windows.net/",
            "table": "https://teststoragemgmt7670.table.core.windows.net/",
            "file": "https://teststoragemgmt7670.file.core.windows.net/"
          },
          "primaryLocation": "eastus2",
          "statusOfPrimary": "available"
        }
      }
    },
    {
      "RequestUri": "https://management.azure.com/subscriptions/db1ab6f0-4769-4b27-930e-01e2ef9c123c/resourceGroups/teststorageRG-1816/providers/Microsoft.Storage/storageAccounts/teststoragemgmt7670?api-version=2022-05-01",
      "RequestMethod": "GET",
      "RequestHeaders": {
        "Accept": "application/json",
        "Authorization": "Sanitized",
        "traceparent": "00-68f07513559bf2c0eed536300f469a71-a10c150a1b721827-00",
        "User-Agent": "azsdk-net-ResourceManager.Storage/1.0.0-alpha.20220818.1 (.NET 6.0.8; Microsoft Windows 10.0.19044)",
        "x-ms-client-request-id": "1d5ec436d3d95ec82394ca36c4b2c9e9",
        "x-ms-return-client-request-id": "true"
      },
      "RequestBody": null,
      "StatusCode": 200,
      "ResponseHeaders": {
        "Cache-Control": "no-cache",
        "Content-Length": "1480",
        "Content-Type": "application/json",
        "Date": "Thu, 18 Aug 2022 09:02:07 GMT",
        "Expires": "-1",
        "Pragma": "no-cache",
        "Server": "Microsoft-Azure-Storage-Resource-Provider/1.0,Microsoft-HTTPAPI/2.0 Microsoft-HTTPAPI/2.0",
        "Strict-Transport-Security": "max-age=31536000; includeSubDomains",
        "X-Content-Type-Options": "nosniff",
        "x-ms-client-request-id": "1d5ec436d3d95ec82394ca36c4b2c9e9",
        "x-ms-correlation-request-id": "deb91a3c-4e23-4320-99d9-4ccc7074b1bf",
        "x-ms-ratelimit-remaining-subscription-reads": "11772",
        "x-ms-request-id": "9efc834a-49a5-4480-b6d3-87fd452d3f02",
        "x-ms-routing-request-id": "SOUTHEASTASIA:20220818T090208Z:deb91a3c-4e23-4320-99d9-4ccc7074b1bf"
      },
      "ResponseBody": {
        "identity": {
          "principalId": "a28fed5c-87df-4097-8f80-76bab0169b72",
          "tenantId": "72f988bf-86f1-41af-91ab-2d7cd011db47",
          "type": "SystemAssigned"
        },
        "sku": {
          "name": "Standard_LRS",
          "tier": "Standard"
        },
        "kind": "Storage",
        "id": "/subscriptions/db1ab6f0-4769-4b27-930e-01e2ef9c123c/resourceGroups/teststorageRG-1816/providers/Microsoft.Storage/storageAccounts/teststoragemgmt7670",
        "name": "teststoragemgmt7670",
        "type": "Microsoft.Storage/storageAccounts",
        "location": "eastus2",
        "tags": {
          "key1": "value1",
          "key2": "value2"
        },
        "properties": {
          "keyCreationTime": {
            "key1": "2022-08-18T09:01:44.5448843Z",
            "key2": "2022-08-18T09:01:44.5448843Z"
          },
          "privateEndpointConnections": [],
          "minimumTlsVersion": "TLS1_0",
          "allowBlobPublicAccess": true,
          "networkAcls": {
            "bypass": "AzureServices",
            "virtualNetworkRules": [],
            "ipRules": [],
            "defaultAction": "Allow"
          },
          "supportsHttpsTrafficOnly": true,
          "encryption": {
            "services": {
              "file": {
                "keyType": "Account",
                "enabled": true,
                "lastEnabledTime": "2022-08-18T09:01:44.5448843Z"
              },
              "blob": {
                "keyType": "Account",
                "enabled": true,
                "lastEnabledTime": "2022-08-18T09:01:44.5448843Z"
              }
            },
            "keySource": "Microsoft.Storage"
          },
          "provisioningState": "Succeeded",
          "creationTime": "2022-08-18T09:01:44.4042466Z",
          "primaryEndpoints": {
            "blob": "https://teststoragemgmt7670.blob.core.windows.net/",
            "queue": "https://teststoragemgmt7670.queue.core.windows.net/",
            "table": "https://teststoragemgmt7670.table.core.windows.net/",
            "file": "https://teststoragemgmt7670.file.core.windows.net/"
          },
          "primaryLocation": "eastus2",
          "statusOfPrimary": "available"
        }
      }
    },
    {
      "RequestUri": "https://management.azure.com/subscriptions/db1ab6f0-4769-4b27-930e-01e2ef9c123c/resourceGroups/teststorageRG-1816/providers/Microsoft.Storage/storageAccounts?api-version=2022-05-01",
      "RequestMethod": "GET",
      "RequestHeaders": {
        "Accept": "application/json",
        "Authorization": "Sanitized",
        "traceparent": "00-10208e4ac0c466b1c2f38cfd07b5d725-d034db6ba5bae7c4-00",
        "User-Agent": "azsdk-net-ResourceManager.Storage/1.0.0-alpha.20220818.1 (.NET 6.0.8; Microsoft Windows 10.0.19044)",
        "x-ms-client-request-id": "4d0bf46e48f953c59ff286f4ecfe75c0",
        "x-ms-return-client-request-id": "true"
      },
      "RequestBody": null,
      "StatusCode": 200,
      "ResponseHeaders": {
        "Cache-Control": "no-cache",
        "Content-Length": "1492",
        "Content-Type": "application/json",
        "Date": "Thu, 18 Aug 2022 09:02:08 GMT",
        "Expires": "-1",
        "Pragma": "no-cache",
        "Server": "Microsoft-Azure-Storage-Resource-Provider/1.0,Microsoft-HTTPAPI/2.0 Microsoft-HTTPAPI/2.0",
        "Strict-Transport-Security": "max-age=31536000; includeSubDomains",
        "X-Content-Type-Options": "nosniff",
        "x-ms-client-request-id": "4d0bf46e48f953c59ff286f4ecfe75c0",
        "x-ms-correlation-request-id": "c22643b0-2ffb-4be9-a175-da1f03b96be6",
        "x-ms-ratelimit-remaining-subscription-reads": "11771",
        "x-ms-request-id": "f599aca7-9a1c-4d6a-91a3-339e134dded1",
        "x-ms-routing-request-id": "SOUTHEASTASIA:20220818T090209Z:c22643b0-2ffb-4be9-a175-da1f03b96be6"
      },
      "ResponseBody": {
        "value": [
          {
            "identity": {
              "principalId": "a28fed5c-87df-4097-8f80-76bab0169b72",
              "tenantId": "72f988bf-86f1-41af-91ab-2d7cd011db47",
              "type": "SystemAssigned"
            },
            "sku": {
              "name": "Standard_LRS",
              "tier": "Standard"
            },
            "kind": "Storage",
            "id": "/subscriptions/db1ab6f0-4769-4b27-930e-01e2ef9c123c/resourceGroups/teststorageRG-1816/providers/Microsoft.Storage/storageAccounts/teststoragemgmt7670",
            "name": "teststoragemgmt7670",
            "type": "Microsoft.Storage/storageAccounts",
            "location": "eastus2",
            "tags": {
              "key1": "value1",
              "key2": "value2"
            },
            "properties": {
              "keyCreationTime": {
                "key1": "2022-08-18T09:01:44.5448843Z",
                "key2": "2022-08-18T09:01:44.5448843Z"
              },
              "privateEndpointConnections": [],
              "minimumTlsVersion": "TLS1_0",
              "allowBlobPublicAccess": true,
              "networkAcls": {
                "bypass": "AzureServices",
                "virtualNetworkRules": [],
                "ipRules": [],
                "defaultAction": "Allow"
              },
              "supportsHttpsTrafficOnly": true,
              "encryption": {
                "services": {
                  "file": {
                    "keyType": "Account",
                    "enabled": true,
                    "lastEnabledTime": "2022-08-18T09:01:44.5448843Z"
                  },
                  "blob": {
                    "keyType": "Account",
                    "enabled": true,
                    "lastEnabledTime": "2022-08-18T09:01:44.5448843Z"
                  }
                },
                "keySource": "Microsoft.Storage"
              },
              "provisioningState": "Succeeded",
              "creationTime": "2022-08-18T09:01:44.4042466Z",
              "primaryEndpoints": {
                "blob": "https://teststoragemgmt7670.blob.core.windows.net/",
                "queue": "https://teststoragemgmt7670.queue.core.windows.net/",
                "table": "https://teststoragemgmt7670.table.core.windows.net/",
                "file": "https://teststoragemgmt7670.file.core.windows.net/"
              },
              "primaryLocation": "eastus2",
              "statusOfPrimary": "available"
            }
          }
        ]
      }
    },
    {
      "RequestUri": "https://management.azure.com/subscriptions/db1ab6f0-4769-4b27-930e-01e2ef9c123c/resourceGroups/teststorageRG-1816/providers/Microsoft.Storage/storageAccounts/teststoragemgmt7670?api-version=2022-05-01",
      "RequestMethod": "DELETE",
      "RequestHeaders": {
        "Authorization": "Sanitized",
        "traceparent": "00-7d56cd85e5e1d6af8d56ab8c47fa624b-6b5a28a802b78b77-00",
        "User-Agent": "azsdk-net-ResourceManager.Storage/1.0.0-alpha.20220818.1 (.NET 6.0.8; Microsoft Windows 10.0.19044)",
        "x-ms-client-request-id": "febf25002e8a7b7ad8600704834978f2",
        "x-ms-return-client-request-id": "true"
      },
      "RequestBody": null,
      "StatusCode": 200,
      "ResponseHeaders": {
        "Cache-Control": "no-cache",
        "Content-Length": "0",
        "Content-Type": "text/plain; charset=utf-8",
        "Date": "Thu, 18 Aug 2022 09:02:17 GMT",
        "Expires": "-1",
        "Pragma": "no-cache",
        "Server": "Microsoft-Azure-Storage-Resource-Provider/1.0,Microsoft-HTTPAPI/2.0 Microsoft-HTTPAPI/2.0",
        "Strict-Transport-Security": "max-age=31536000; includeSubDomains",
        "X-Content-Type-Options": "nosniff",
        "x-ms-client-request-id": "febf25002e8a7b7ad8600704834978f2",
        "x-ms-correlation-request-id": "6cc95953-9674-4976-811f-6ab5e38a40a4",
        "x-ms-ratelimit-remaining-subscription-deletes": "14972",
        "x-ms-request-id": "0d3f41b2-9f83-465e-9e57-b1d6c821df8c",
        "x-ms-routing-request-id": "SOUTHEASTASIA:20220818T090217Z:6cc95953-9674-4976-811f-6ab5e38a40a4"
      },
      "ResponseBody": null
    }
  ],
  "Variables": {
    "AZURE_AUTHORITY_HOST": "https://login.microsoftonline.com",
    "RandomSeed": "232042126",
    "RESOURCE_MANAGER_URL": null,
    "SUBSCRIPTION_ID": "db1ab6f0-4769-4b27-930e-01e2ef9c123c"
  }
}
