{
  "Entries": [
    {
      "RequestUri": "https://management.azure.com/subscriptions/45b60d85-fd72-427a-a708-f994d26e593e?api-version=2021-01-01",
      "RequestMethod": "GET",
      "RequestHeaders": {
        "Accept": "application/json",
        "Authorization": "Sanitized",
        "traceparent": "00-4c211858f84ec4489d60e69fafa8a796-d99b8a68ef53794b-00",
        "User-Agent": "azsdk-net-ResourceManager/1.3.1 (.NET Framework 4.8.4515.0; Microsoft Windows 10.0.19045 )",
        "x-ms-client-request-id": "4e31c076c0bcdce7c12250f975ed6c6f",
        "x-ms-return-client-request-id": "true"
      },
      "RequestBody": null,
      "StatusCode": 200,
      "ResponseHeaders": {
        "Cache-Control": "no-cache",
        "Content-Length": "411",
        "Content-Type": "application/json; charset=utf-8",
        "Date": "Fri, 18 Nov 2022 02:55:25 GMT",
        "Expires": "-1",
        "Pragma": "no-cache",
        "Strict-Transport-Security": "max-age=31536000; includeSubDomains",
        "X-Content-Type-Options": "nosniff",
        "x-ms-correlation-request-id": "3d7c781f-383f-4e84-be42-b6459575c037",
        "x-ms-ratelimit-remaining-subscription-reads": "11981",
        "x-ms-request-id": "3d7c781f-383f-4e84-be42-b6459575c037",
        "x-ms-routing-request-id": "SOUTHEASTASIA:20221118T025525Z:3d7c781f-383f-4e84-be42-b6459575c037"
      },
      "ResponseBody": {
        "id": "/subscriptions/45b60d85-fd72-427a-a708-f994d26e593e",
        "authorizationSource": "RoleBased",
        "managedByTenants": [],
        "subscriptionId": "45b60d85-fd72-427a-a708-f994d26e593e",
        "tenantId": "72f988bf-86f1-41af-91ab-2d7cd011db47",
        "displayName": "AzureStorage_DMStaging_10041369",
        "state": "Enabled",
        "subscriptionPolicies": {
          "locationPlacementId": "Internal_2014-09-01",
          "quotaId": "Internal_2014-09-01",
          "spendingLimit": "Off"
        }
      }
    },
    {
      "RequestUri": "https://management.azure.com/subscriptions/45b60d85-fd72-427a-a708-f994d26e593e/resourcegroups/teststorageRG-7569?api-version=**",
      "RequestMethod": "PUT",
      "RequestHeaders": {
        "Accept": "application/json",
        "Authorization": "Sanitized",
        "Content-Length": "44",
        "Content-Type": "application/json",
        "traceparent": "00-04de4ffa6f60d34eb69cc152627b87fa-dd362bc7f0cdd847-00",
        "User-Agent": "azsdk-net-ResourceManager/1.3.1 (.NET Framework 4.8.4515.0; Microsoft Windows 10.0.19045 )",
        "x-ms-client-request-id": "42c6ea3e624c3948d2417ac1e2536206",
        "x-ms-return-client-request-id": "true"
      },
      "RequestBody": {
        "tags": {
          "test": "env"
        },
        "location": "eastus2"
      },
      "StatusCode": 201,
      "ResponseHeaders": {
        "Cache-Control": "no-cache",
        "Content-Length": "256",
        "Content-Type": "application/json; charset=utf-8",
        "Date": "Fri, 18 Nov 2022 02:55:26 GMT",
        "Expires": "-1",
        "Pragma": "no-cache",
        "Strict-Transport-Security": "max-age=31536000; includeSubDomains",
        "X-Content-Type-Options": "nosniff",
        "x-ms-correlation-request-id": "1794ebda-9e63-45e6-82d9-2f5decaac176",
        "x-ms-ratelimit-remaining-subscription-writes": "1190",
        "x-ms-request-id": "1794ebda-9e63-45e6-82d9-2f5decaac176",
        "x-ms-routing-request-id": "SOUTHEASTASIA:20221118T025526Z:1794ebda-9e63-45e6-82d9-2f5decaac176"
      },
      "ResponseBody": {
        "id": "/subscriptions/45b60d85-fd72-427a-a708-f994d26e593e/resourceGroups/teststorageRG-7569",
        "name": "teststorageRG-7569",
        "type": "Microsoft.Resources/resourceGroups",
        "location": "eastus2",
        "tags": {
          "test": "env"
        },
        "properties": {
          "provisioningState": "Succeeded"
        }
      }
    },
    {
      "RequestUri": "https://management.azure.com/subscriptions/45b60d85-fd72-427a-a708-f994d26e593e/providers/Microsoft.Storage/checkNameAvailability?api-version=2022-09-01",
      "RequestMethod": "POST",
      "RequestHeaders": {
        "Accept": "application/json",
        "Authorization": "Sanitized",
        "Content-Length": "73",
        "Content-Type": "application/json",
        "traceparent": "00-cbda4c9c83ad2242bb961ebd76cf46e4-9782774b31373c4d-00",
        "User-Agent": "azsdk-net-ResourceManager.Storage/1.1.0-alpha.20221117.1 (.NET Framework 4.8.4515.0; Microsoft Windows 10.0.19045 )",
        "x-ms-client-request-id": "fc6e4231bed075ce5a83dee4249389eb",
        "x-ms-return-client-request-id": "true"
      },
      "RequestBody": {
        "name": "teststoragemgmt2719",
        "type": "Microsoft.Storage/storageAccounts"
      },
      "StatusCode": 200,
      "ResponseHeaders": {
        "Cache-Control": "no-cache",
        "Content-Length": "22",
        "Content-Type": "application/json",
        "Date": "Fri, 18 Nov 2022 02:55:27 GMT",
        "Expires": "-1",
        "Pragma": "no-cache",
        "Server": "Microsoft-Azure-Storage-Resource-Provider/1.0,Microsoft-HTTPAPI/2.0 Microsoft-HTTPAPI/2.0",
        "Strict-Transport-Security": "max-age=31536000; includeSubDomains",
        "X-Content-Type-Options": "nosniff",
        "x-ms-client-request-id": "fc6e4231bed075ce5a83dee4249389eb",
        "x-ms-correlation-request-id": "1e6bb438-a81f-4a02-919f-0beb9c1799e7",
        "x-ms-ratelimit-remaining-subscription-reads": "11980",
        "x-ms-request-id": "751908e7-5d99-4bb5-834c-edfd6945effb",
        "x-ms-routing-request-id": "SOUTHEASTASIA:20221118T025527Z:1e6bb438-a81f-4a02-919f-0beb9c1799e7"
      },
      "ResponseBody": {
        "nameAvailable": true
      }
    },
    {
      "RequestUri": "https://management.azure.com/subscriptions/45b60d85-fd72-427a-a708-f994d26e593e/providers/Microsoft.ManagedIdentity?api-version=**",
      "RequestMethod": "GET",
      "RequestHeaders": {
        "Accept": "application/json",
        "Authorization": "Sanitized",
        "traceparent": "00-32f862cc251d5e44a068d4aa10e801b8-b10eacdfc9cf2d4d-00",
        "User-Agent": "azsdk-net-ResourceManager/1.3.1 (.NET Framework 4.8.4515.0; Microsoft Windows 10.0.19045 )",
        "x-ms-client-request-id": "d2d7a38a5e2a15e8e97f6d1bdecfeef2",
        "x-ms-return-client-request-id": "true"
      },
      "RequestBody": null,
      "StatusCode": 200,
      "ResponseHeaders": {
        "Cache-Control": "no-cache",
        "Content-Length": "3780",
        "Content-Type": "application/json; charset=utf-8",
        "Date": "Fri, 18 Nov 2022 02:55:27 GMT",
        "Expires": "-1",
        "Pragma": "no-cache",
        "Strict-Transport-Security": "max-age=31536000; includeSubDomains",
        "X-Content-Type-Options": "nosniff",
        "x-ms-correlation-request-id": "68963179-defb-4016-9d28-2773f6eb5c0a",
        "x-ms-ratelimit-remaining-subscription-reads": "11979",
        "x-ms-request-id": "68963179-defb-4016-9d28-2773f6eb5c0a",
        "x-ms-routing-request-id": "SOUTHEASTASIA:20221118T025527Z:68963179-defb-4016-9d28-2773f6eb5c0a"
      },
      "ResponseBody": {
        "id": "/subscriptions/45b60d85-fd72-427a-a708-f994d26e593e/providers/Microsoft.ManagedIdentity",
        "namespace": "Microsoft.ManagedIdentity",
        "resourceTypes": [
          {
            "resourceType": "Identities",
            "locations": [
              "Global",
              "United States",
              "South Africa",
              "UK",
              "Japan",
              "India",
              "France",
              "Europe",
              "Germany",
              "Switzerland",
              "Canada",
              "Brazil",
              "Australia",
              "Asia",
              "UAE",
              "Korea",
              "Norway",
              "South Africa North",
              "South Africa West",
              "UAE North",
              "Australia Central",
              "Australia East",
              "Australia Southeast",
              "Canada Central",
              "Canada East",
              "Brazil South",
              "Central India",
              "West India",
              "Jio India West",
              "South India",
              "Japan West",
              "Japan East",
              "East Asia",
              "Southeast Asia",
              "Korea Central",
              "Korea South",
              "North Europe",
              "Qatar Central",
              "West Europe",
              "UK West",
              "UK South",
              "Sweden Central",
              "Switzerland West",
              "Switzerland North",
              "Germany West Central",
              "Central US",
              "North Central US",
              "East US",
              "East US 2",
              "South Central US",
              "West US",
              "West US 2",
              "West US 3",
              "West Central US",
              "France Central",
              "Norway East",
              "United States EUAP",
              "East US 2 EUAP",
              "Central US EUAP"
            ],
            "apiVersions": [
              "2022-01-31-PREVIEW",
              "2021-09-30-PREVIEW",
              "2018-11-30",
              "2015-08-31-PREVIEW"
            ],
            "defaultApiVersion": "2018-11-30",
            "capabilities": "SupportsExtension"
          },
          {
            "resourceType": "userAssignedIdentities",
            "locations": [
              "South Africa North",
              "South Africa West",
              "UAE North",
              "Australia Central",
              "Australia East",
              "Australia Southeast",
              "Canada Central",
              "Canada East",
              "Brazil South",
              "Central India",
              "West India",
              "Jio India West",
              "South India",
              "Japan West",
              "Japan East",
              "East Asia",
              "Southeast Asia",
              "Korea Central",
              "Korea South",
              "North Europe",
              "Qatar Central",
              "West Europe",
              "UK West",
              "UK South",
              "Sweden Central",
              "Switzerland West",
              "Switzerland North",
              "Germany West Central",
              "Central US",
              "North Central US",
              "East US",
              "East US 2",
              "South Central US",
              "West US",
              "West US 2",
              "West US 3",
              "West Central US",
              "France Central",
              "Norway East",
              "East US 2 EUAP",
              "Central US EUAP"
            ],
            "apiVersions": [
              "2022-01-31-PREVIEW",
              "2021-09-30-PREVIEW",
              "2018-11-30",
              "2015-08-31-PREVIEW"
            ],
            "defaultApiVersion": "2018-11-30",
            "capabilities": "SupportsTags, SupportsLocation"
          },
          {
            "resourceType": "operations",
            "locations": [
              "South Africa North",
              "South Africa West",
              "UAE North",
              "Australia Central",
              "Australia East",
              "Australia Southeast",
              "Canada Central",
              "Canada East",
              "Brazil South",
              "Central India",
              "West India",
              "Jio India West",
              "South India",
              "Japan West",
              "Japan East",
              "East Asia",
              "Southeast Asia",
              "Korea Central",
              "Korea South",
              "North Europe",
              "Qatar Central",
              "West Europe",
              "UK West",
              "UK South",
              "Sweden Central",
              "Switzerland West",
              "Switzerland North",
              "Germany West Central",
              "Central US",
              "North Central US",
              "East US",
              "East US 2",
              "South Central US",
              "West US",
              "West US 2",
              "West US 3",
              "West Central US",
              "France Central",
              "Norway East",
              "East US 2 EUAP",
              "Central US EUAP"
            ],
            "apiVersions": [
              "2022-01-31-PREVIEW",
              "2021-09-30-PREVIEW",
              "2018-11-30",
              "2015-08-31-PREVIEW"
            ],
            "defaultApiVersion": "2018-11-30",
            "capabilities": "None"
          },
          {
            "resourceType": "userAssignedIdentities/federatedIdentityCredentials",
            "locations": [
              "South Africa North",
              "South Africa West",
              "UAE North",
              "Australia Central",
              "Australia East",
              "Australia Southeast",
              "Canada Central",
              "Canada East",
              "Brazil South",
              "Central India",
              "West India",
              "Jio India West",
              "South India",
              "Japan West",
              "Japan East",
              "East Asia",
              "Southeast Asia",
              "Korea Central",
              "Korea South",
              "North Europe",
              "Qatar Central",
              "West Europe",
              "UK West",
              "UK South",
              "Sweden Central",
              "Switzerland West",
              "Switzerland North",
              "Germany West Central",
              "Central US",
              "North Central US",
              "East US",
              "East US 2",
              "South Central US",
              "West US",
              "West US 2",
              "West US 3",
              "West Central US",
              "France Central",
              "Norway East",
              "East US 2 EUAP",
              "Central US EUAP"
            ],
            "apiVersions": [
              "2022-01-31-PREVIEW"
            ],
            "defaultApiVersion": "2022-01-31-PREVIEW",
            "capabilities": "None"
          }
        ],
        "registrationState": "Registered",
        "registrationPolicy": "RegistrationRequired"
      }
    },
    {
      "RequestUri": "https://management.azure.com/subscriptions/45b60d85-fd72-427a-a708-f994d26e593e/resourceGroups/teststorageRG-7569/providers/Microsoft.ManagedIdentity/userAssignedIdentities/testMsi-7825?api-version=2022-01-31-PREVIEW",
      "RequestMethod": "PUT",
      "RequestHeaders": {
        "Accept": "application/json",
        "Authorization": "Sanitized",
        "Content-Length": "22",
        "Content-Type": "application/json",
        "traceparent": "00-32f862cc251d5e44a068d4aa10e801b8-b76db3d14b2be74b-00",
        "User-Agent": "azsdk-net-ResourceManager/1.3.1 (.NET Framework 4.8.4515.0; Microsoft Windows 10.0.19045 )",
        "x-ms-client-request-id": "002abca96d01f82bcdf1de6a54aeadf1",
        "x-ms-return-client-request-id": "true"
      },
      "RequestBody": {
        "location": "eastus2"
      },
      "StatusCode": 201,
      "ResponseHeaders": {
        "Cache-Control": "no-cache",
        "Content-Length": "445",
        "Content-Type": "application/json; charset=utf-8",
        "Date": "Fri, 18 Nov 2022 02:55:31 GMT",
        "Expires": "-1",
        "Location": "/subscriptions/45b60d85-fd72-427a-a708-f994d26e593e/resourcegroups/teststorageRG-7569/providers/Microsoft.ManagedIdentity/userAssignedIdentities/testMsi-7825",
        "Pragma": "no-cache",
        "Strict-Transport-Security": "max-age=31536000; includeSubDomains",
        "X-Content-Type-Options": "nosniff",
        "x-ms-correlation-request-id": "987f2afe-364d-48e2-b41a-cc90b13d7976",
        "x-ms-ratelimit-remaining-subscription-writes": "1189",
        "x-ms-request-id": "987f2afe-364d-48e2-b41a-cc90b13d7976",
        "x-ms-routing-request-id": "SOUTHEASTASIA:20221118T025531Z:987f2afe-364d-48e2-b41a-cc90b13d7976"
      },
      "ResponseBody": {
        "id": "/subscriptions/45b60d85-fd72-427a-a708-f994d26e593e/resourcegroups/teststorageRG-7569/providers/Microsoft.ManagedIdentity/userAssignedIdentities/testMsi-7825",
        "name": "testMsi-7825",
        "type": "Microsoft.ManagedIdentity/userAssignedIdentities",
        "location": "eastus2",
        "tags": {},
        "properties": {
          "tenantId": "72f988bf-86f1-41af-91ab-2d7cd011db47",
          "principalId": "66ea5d19-e60f-409c-af72-203b355425e1",
          "clientId": "576e1af2-8a96-408d-b371-1bc81d41775f"
        }
      }
    },
    {
      "RequestUri": "https://management.azure.com/subscriptions/45b60d85-fd72-427a-a708-f994d26e593e/resourcegroups/teststorageRG-7569/providers/Microsoft.ManagedIdentity/userAssignedIdentities/testMsi-7825?api-version=2022-01-31-PREVIEW",
      "RequestMethod": "GET",
      "RequestHeaders": {
        "Authorization": "Sanitized",
        "traceparent": "00-32f862cc251d5e44a068d4aa10e801b8-21b1dac257ae7b41-00",
        "User-Agent": "azsdk-net-ResourceManager/1.3.1 (.NET Framework 4.8.4515.0; Microsoft Windows 10.0.19045 )",
        "x-ms-client-request-id": "d67af1f0ea5e1c1f78df05387f7ec03b",
        "x-ms-return-client-request-id": "true"
      },
      "RequestBody": null,
      "StatusCode": 200,
      "ResponseHeaders": {
        "Cache-Control": "no-cache",
        "Content-Length": "445",
        "Content-Type": "application/json; charset=utf-8",
        "Date": "Fri, 18 Nov 2022 02:55:31 GMT",
        "Expires": "-1",
        "Pragma": "no-cache",
        "Strict-Transport-Security": "max-age=31536000; includeSubDomains",
        "X-Content-Type-Options": "nosniff",
        "x-ms-correlation-request-id": "16728f46-1cbf-47eb-81be-c069f5483475",
        "x-ms-ratelimit-remaining-subscription-reads": "11978",
        "x-ms-request-id": "16728f46-1cbf-47eb-81be-c069f5483475",
        "x-ms-routing-request-id": "SOUTHEASTASIA:20221118T025532Z:16728f46-1cbf-47eb-81be-c069f5483475"
      },
      "ResponseBody": {
        "id": "/subscriptions/45b60d85-fd72-427a-a708-f994d26e593e/resourcegroups/teststorageRG-7569/providers/Microsoft.ManagedIdentity/userAssignedIdentities/testMsi-7825",
        "name": "testMsi-7825",
        "type": "Microsoft.ManagedIdentity/userAssignedIdentities",
        "location": "eastus2",
        "tags": {},
        "properties": {
          "tenantId": "72f988bf-86f1-41af-91ab-2d7cd011db47",
          "principalId": "66ea5d19-e60f-409c-af72-203b355425e1",
          "clientId": "576e1af2-8a96-408d-b371-1bc81d41775f"
        }
      }
    },
    {
      "RequestUri": "https://management.azure.com/subscriptions/45b60d85-fd72-427a-a708-f994d26e593e/resourceGroups/teststorageRG-7569/providers/Microsoft.Storage/storageAccounts/teststoragemgmt2719?api-version=2022-09-01",
      "RequestMethod": "PUT",
      "RequestHeaders": {
        "Accept": "application/json",
        "Authorization": "Sanitized",
        "Content-Length": "366",
        "Content-Type": "application/json",
        "traceparent": "00-9e63a83bf50cb944aa86232828c21827-54da7341f2d74f48-00",
        "User-Agent": "azsdk-net-ResourceManager.Storage/1.1.0-alpha.20221117.1 (.NET Framework 4.8.4515.0; Microsoft Windows 10.0.19045 )",
        "x-ms-client-request-id": "1c457bd12f06b0c3b5467a1a87eb9673",
        "x-ms-return-client-request-id": "true"
      },
      "RequestBody": {
        "sku": {
          "name": "Standard_LRS"
        },
        "kind": "Storage",
        "location": "eastus2",
        "tags": {
          "key1": "value1",
          "key2": "value2"
        },
        "identity": {
          "type": "SystemAssigned,UserAssigned",
          "userAssignedIdentities": {
            "/subscriptions/45b60d85-fd72-427a-a708-f994d26e593e/resourcegroups/teststorageRG-7569/providers/Microsoft.ManagedIdentity/userAssignedIdentities/testMsi-7825": {}
          }
        },
        "properties": {}
      },
      "StatusCode": 202,
      "ResponseHeaders": {
        "Cache-Control": "no-cache",
        "Content-Length": "0",
        "Content-Type": "text/plain; charset=utf-8",
        "Date": "Fri, 18 Nov 2022 02:55:37 GMT",
        "Expires": "-1",
        "Location": "https://management.azure.com/subscriptions/45b60d85-fd72-427a-a708-f994d26e593e/providers/Microsoft.Storage/locations/eastus2/asyncoperations/d67350b7-717b-4cb9-8d03-bef580ca20bc?monitor=true\u0026api-version=2022-09-01",
        "Pragma": "no-cache",
        "Retry-After": "17",
        "Server": "Microsoft-Azure-Storage-Resource-Provider/1.0,Microsoft-HTTPAPI/2.0 Microsoft-HTTPAPI/2.0",
        "Strict-Transport-Security": "max-age=31536000; includeSubDomains",
        "X-Content-Type-Options": "nosniff",
        "x-ms-client-request-id": "1c457bd12f06b0c3b5467a1a87eb9673",
        "x-ms-correlation-request-id": "7c7695cc-019f-4126-8871-3c0a3b653524",
        "x-ms-ratelimit-remaining-subscription-writes": "1188",
        "x-ms-request-id": "d67350b7-717b-4cb9-8d03-bef580ca20bc",
        "x-ms-routing-request-id": "SOUTHEASTASIA:20221118T025538Z:7c7695cc-019f-4126-8871-3c0a3b653524"
      },
      "ResponseBody": null
    },
    {
      "RequestUri": "https://management.azure.com/subscriptions/45b60d85-fd72-427a-a708-f994d26e593e/providers/Microsoft.Storage/locations/eastus2/asyncoperations/d67350b7-717b-4cb9-8d03-bef580ca20bc?monitor=true\u0026api-version=2022-09-01",
      "RequestMethod": "GET",
      "RequestHeaders": {
        "Authorization": "Sanitized",
        "traceparent": "00-9e63a83bf50cb944aa86232828c21827-e51a18036b622d47-00",
        "User-Agent": "azsdk-net-ResourceManager/1.3.1 (.NET Framework 4.8.4515.0; Microsoft Windows 10.0.19045 )",
        "x-ms-client-request-id": "e56daa265f14c0ad2dca20187005958c",
        "x-ms-return-client-request-id": "true"
      },
      "RequestBody": null,
      "StatusCode": 202,
      "ResponseHeaders": {
        "Cache-Control": "no-cache",
        "Content-Length": "0",
        "Content-Type": "text/plain; charset=utf-8",
        "Date": "Fri, 18 Nov 2022 02:55:38 GMT",
        "Expires": "-1",
        "Location": "https://management.azure.com/subscriptions/45b60d85-fd72-427a-a708-f994d26e593e/providers/Microsoft.Storage/locations/eastus2/asyncoperations/d67350b7-717b-4cb9-8d03-bef580ca20bc?monitor=true\u0026api-version=2022-09-01",
        "Pragma": "no-cache",
        "Retry-After": "17",
        "Server": "Microsoft-Azure-Storage-Resource-Provider/1.0,Microsoft-HTTPAPI/2.0 Microsoft-HTTPAPI/2.0",
        "Strict-Transport-Security": "max-age=31536000; includeSubDomains",
        "X-Content-Type-Options": "nosniff",
        "x-ms-client-request-id": "e56daa265f14c0ad2dca20187005958c",
        "x-ms-correlation-request-id": "40cea101-3716-467a-a8eb-421a21421c56",
        "x-ms-ratelimit-remaining-subscription-reads": "11977",
        "x-ms-request-id": "e6305df7-3698-4499-9b09-fa3f984acd46",
        "x-ms-routing-request-id": "SOUTHEASTASIA:20221118T025538Z:40cea101-3716-467a-a8eb-421a21421c56"
      },
      "ResponseBody": null
    },
    {
      "RequestUri": "https://management.azure.com/subscriptions/45b60d85-fd72-427a-a708-f994d26e593e/providers/Microsoft.Storage/locations/eastus2/asyncoperations/d67350b7-717b-4cb9-8d03-bef580ca20bc?monitor=true\u0026api-version=2022-09-01",
      "RequestMethod": "GET",
      "RequestHeaders": {
        "Authorization": "Sanitized",
        "traceparent": "00-9e63a83bf50cb944aa86232828c21827-2b07b8c1be68bb41-00",
        "User-Agent": "azsdk-net-ResourceManager/1.3.1 (.NET Framework 4.8.4515.0; Microsoft Windows 10.0.19045 )",
        "x-ms-client-request-id": "54c391485c05fb07e959795ae973bce7",
        "x-ms-return-client-request-id": "true"
      },
      "RequestBody": null,
      "StatusCode": 200,
      "ResponseHeaders": {
        "Cache-Control": "no-cache",
        "Content-Length": "2339",
        "Content-Type": "application/json",
        "Date": "Fri, 18 Nov 2022 02:55:55 GMT",
        "Expires": "-1",
        "Pragma": "no-cache",
        "Server": "Microsoft-Azure-Storage-Resource-Provider/1.0,Microsoft-HTTPAPI/2.0 Microsoft-HTTPAPI/2.0",
        "Strict-Transport-Security": "max-age=31536000; includeSubDomains",
        "X-Content-Type-Options": "nosniff",
        "x-ms-client-request-id": "54c391485c05fb07e959795ae973bce7",
        "x-ms-correlation-request-id": "0a6b84fd-406f-4afc-8395-f6576d1a065d",
        "x-ms-ratelimit-remaining-subscription-reads": "11976",
        "x-ms-request-id": "59d4fefb-4317-47e8-b233-069b65e363b4",
        "x-ms-routing-request-id": "SOUTHEASTASIA:20221118T025555Z:0a6b84fd-406f-4afc-8395-f6576d1a065d"
      },
      "ResponseBody": {
        "identity": {
          "userAssignedIdentities": {
            "/subscriptions/45b60d85-fd72-427a-a708-f994d26e593e/resourcegroups/teststorageRG-7569/providers/Microsoft.ManagedIdentity/userAssignedIdentities/testMsi-7825": {
              "principalId": "66ea5d19-e60f-409c-af72-203b355425e1",
              "tenantId": "72f988bf-86f1-41af-91ab-2d7cd011db47",
              "clientId": "576e1af2-8a96-408d-b371-1bc81d41775f",
              "identityUrl": "https://control-eastus2.identity.azure.net/subscriptions/45b60d85-fd72-427a-a708-f994d26e593e/resourcegroups/teststorageRG-7569/providers/Microsoft.Storage/storageAccounts/teststoragemgmt2719/credentials/v2/userassigned?arpid=4a95381d-2f79-444f-a343-6d379fc9bec3\u0026keyid=3651d708-b690-40b3-b499-53d5bfeaac1a\u0026sigver=1.0\u0026tid=72f988bf-86f1-41af-91ab-2d7cd011db47\u0026uaid=576e1af2-8a96-408d-b371-1bc81d41775f\u0026sig=NoTAiOePyrfyi8m4gSQBcUuLTqtmgMJaMAnGHPECY9o",
              "certRenewAfter": "2023-01-03T02:50:00Z"
            }
          },
          "principalId": "5e4203ac-c5de-4e17-bf9c-051d5e2c5f23",
          "tenantId": "72f988bf-86f1-41af-91ab-2d7cd011db47",
          "type": "SystemAssigned,UserAssigned"
        },
        "sku": {
          "name": "Standard_LRS",
          "tier": "Standard"
        },
        "kind": "Storage",
        "id": "/subscriptions/45b60d85-fd72-427a-a708-f994d26e593e/resourceGroups/teststorageRG-7569/providers/Microsoft.Storage/storageAccounts/teststoragemgmt2719",
        "name": "teststoragemgmt2719",
        "type": "Microsoft.Storage/storageAccounts",
        "location": "eastus2",
        "tags": {
          "key1": "value1",
          "key2": "value2"
        },
        "properties": {
          "keyCreationTime": {
            "key1": "2022-11-18T02:55:34.5019415Z",
            "key2": "2022-11-18T02:55:34.5019415Z"
          },
          "privateEndpointConnections": [],
          "minimumTlsVersion": "TLS1_0",
          "allowBlobPublicAccess": true,
          "networkAcls": {
            "bypass": "AzureServices",
            "virtualNetworkRules": [],
            "ipRules": [],
            "defaultAction": "Allow"
          },
          "supportsHttpsTrafficOnly": true,
          "encryption": {
            "services": {
              "file": {
                "keyType": "Account",
                "enabled": true,
                "lastEnabledTime": "2022-11-18T02:55:35.1113133Z"
              },
              "blob": {
                "keyType": "Account",
                "enabled": true,
                "lastEnabledTime": "2022-11-18T02:55:35.1113133Z"
              }
            },
            "keySource": "Microsoft.Storage"
          },
          "provisioningState": "Succeeded",
          "creationTime": "2022-11-18T02:55:34.3613066Z",
          "primaryEndpoints": {
            "blob": "https://teststoragemgmt2719.blob.core.windows.net/",
            "queue": "https://teststoragemgmt2719.queue.core.windows.net/",
            "table": "https://teststoragemgmt2719.table.core.windows.net/",
            "file": "https://teststoragemgmt2719.file.core.windows.net/"
          },
          "primaryLocation": "eastus2",
          "statusOfPrimary": "available"
        }
      }
    },
    {
      "RequestUri": "https://management.azure.com/subscriptions/45b60d85-fd72-427a-a708-f994d26e593e/resourceGroups/teststorageRG-7569/providers/Microsoft.Storage/storageAccounts/teststoragemgmt2719?api-version=2022-09-01",
      "RequestMethod": "PATCH",
      "RequestHeaders": {
        "Accept": "application/json",
        "Authorization": "Sanitized",
        "Content-Length": "44",
        "Content-Type": "application/json",
        "traceparent": "00-b68bb6813c6b7646ade75b4752deefe3-e9b013b8d313824d-00",
        "User-Agent": "azsdk-net-ResourceManager.Storage/1.1.0-alpha.20221117.1 (.NET Framework 4.8.4515.0; Microsoft Windows 10.0.19045 )",
        "x-ms-client-request-id": "dcf473e1b07e155e7cb83669b57a7b9d",
        "x-ms-return-client-request-id": "true"
      },
      "RequestBody": {
        "identity": {
          "type": "None"
        },
        "properties": {}
      },
      "StatusCode": 200,
      "ResponseHeaders": {
        "Cache-Control": "no-cache",
        "Content-Length": "1367",
        "Content-Type": "application/json",
        "Date": "Fri, 18 Nov 2022 02:55:59 GMT",
        "Expires": "-1",
        "Pragma": "no-cache",
        "Server": "Microsoft-Azure-Storage-Resource-Provider/1.0,Microsoft-HTTPAPI/2.0 Microsoft-HTTPAPI/2.0",
        "Strict-Transport-Security": "max-age=31536000; includeSubDomains",
        "X-Content-Type-Options": "nosniff",
        "x-ms-client-request-id": "dcf473e1b07e155e7cb83669b57a7b9d",
        "x-ms-correlation-request-id": "9e0ffcc2-7b1b-4898-9b4e-9f3848f1bf85",
        "x-ms-ratelimit-remaining-subscription-writes": "1187",
        "x-ms-request-id": "85f13b14-01a1-4ebe-940c-791368cbf168",
        "x-ms-routing-request-id": "SOUTHEASTASIA:20221118T025559Z:9e0ffcc2-7b1b-4898-9b4e-9f3848f1bf85"
      },
      "ResponseBody": {
        "identity": {
          "type": "None"
        },
        "sku": {
          "name": "Standard_LRS",
          "tier": "Standard"
        },
        "kind": "Storage",
        "id": "/subscriptions/45b60d85-fd72-427a-a708-f994d26e593e/resourceGroups/teststorageRG-7569/providers/Microsoft.Storage/storageAccounts/teststoragemgmt2719",
        "name": "teststoragemgmt2719",
        "type": "Microsoft.Storage/storageAccounts",
        "location": "eastus2",
        "tags": {
          "key1": "value1",
          "key2": "value2"
        },
        "properties": {
          "keyCreationTime": {
            "key1": "2022-11-18T02:55:34.5019415Z",
            "key2": "2022-11-18T02:55:34.5019415Z"
          },
          "privateEndpointConnections": [],
          "minimumTlsVersion": "TLS1_0",
          "allowBlobPublicAccess": true,
          "networkAcls": {
            "bypass": "AzureServices",
            "virtualNetworkRules": [],
            "ipRules": [],
            "defaultAction": "Allow"
          },
          "supportsHttpsTrafficOnly": true,
          "encryption": {
            "services": {
              "file": {
                "keyType": "Account",
                "enabled": true,
                "lastEnabledTime": "2022-11-18T02:55:35.1113133Z"
              },
              "blob": {
                "keyType": "Account",
                "enabled": true,
                "lastEnabledTime": "2022-11-18T02:55:35.1113133Z"
              }
            },
            "keySource": "Microsoft.Storage"
          },
          "provisioningState": "Succeeded",
          "creationTime": "2022-11-18T02:55:34.3613066Z",
          "primaryEndpoints": {
            "blob": "https://teststoragemgmt2719.blob.core.windows.net/",
            "queue": "https://teststoragemgmt2719.queue.core.windows.net/",
            "table": "https://teststoragemgmt2719.table.core.windows.net/",
            "file": "https://teststoragemgmt2719.file.core.windows.net/"
          },
          "primaryLocation": "eastus2",
          "statusOfPrimary": "available"
        }
      }
    },
    {
      "RequestUri": "https://management.azure.com/subscriptions/45b60d85-fd72-427a-a708-f994d26e593e/resourceGroups/teststorageRG-7569/providers/Microsoft.Storage/storageAccounts/teststoragemgmt2719?api-version=2022-09-01",
      "RequestMethod": "GET",
      "RequestHeaders": {
        "Accept": "application/json",
        "Authorization": "Sanitized",
        "traceparent": "00-d1f4c204851b6843898bdc89ce381d38-b6272cfd4f27984a-00",
        "User-Agent": "azsdk-net-ResourceManager.Storage/1.1.0-alpha.20221117.1 (.NET Framework 4.8.4515.0; Microsoft Windows 10.0.19045 )",
        "x-ms-client-request-id": "6206b916100bc901a372fcbbe652d7b9",
        "x-ms-return-client-request-id": "true"
      },
      "RequestBody": null,
      "StatusCode": 200,
      "ResponseHeaders": {
        "Cache-Control": "no-cache",
        "Content-Length": "1367",
        "Content-Type": "application/json",
        "Date": "Fri, 18 Nov 2022 02:55:59 GMT",
        "Expires": "-1",
        "Pragma": "no-cache",
        "Server": "Microsoft-Azure-Storage-Resource-Provider/1.0,Microsoft-HTTPAPI/2.0 Microsoft-HTTPAPI/2.0",
        "Strict-Transport-Security": "max-age=31536000; includeSubDomains",
        "X-Content-Type-Options": "nosniff",
        "x-ms-client-request-id": "6206b916100bc901a372fcbbe652d7b9",
        "x-ms-correlation-request-id": "a965915e-aa3b-4682-8c4f-5c777903fc04",
        "x-ms-ratelimit-remaining-subscription-reads": "11975",
        "x-ms-request-id": "03afbdb5-e0e0-4d02-bace-112e4cf8df47",
        "x-ms-routing-request-id": "SOUTHEASTASIA:20221118T025600Z:a965915e-aa3b-4682-8c4f-5c777903fc04"
      },
      "ResponseBody": {
        "identity": {
          "type": "None"
        },
        "sku": {
          "name": "Standard_LRS",
          "tier": "Standard"
        },
        "kind": "Storage",
        "id": "/subscriptions/45b60d85-fd72-427a-a708-f994d26e593e/resourceGroups/teststorageRG-7569/providers/Microsoft.Storage/storageAccounts/teststoragemgmt2719",
        "name": "teststoragemgmt2719",
        "type": "Microsoft.Storage/storageAccounts",
        "location": "eastus2",
        "tags": {
          "key1": "value1",
          "key2": "value2"
        },
        "properties": {
          "keyCreationTime": {
            "key1": "2022-11-18T02:55:34.5019415Z",
            "key2": "2022-11-18T02:55:34.5019415Z"
          },
          "privateEndpointConnections": [],
          "minimumTlsVersion": "TLS1_0",
          "allowBlobPublicAccess": true,
          "networkAcls": {
            "bypass": "AzureServices",
            "virtualNetworkRules": [],
            "ipRules": [],
            "defaultAction": "Allow"
          },
          "supportsHttpsTrafficOnly": true,
          "encryption": {
            "services": {
              "file": {
                "keyType": "Account",
                "enabled": true,
                "lastEnabledTime": "2022-11-18T02:55:35.1113133Z"
              },
              "blob": {
                "keyType": "Account",
                "enabled": true,
                "lastEnabledTime": "2022-11-18T02:55:35.1113133Z"
              }
            },
            "keySource": "Microsoft.Storage"
          },
          "provisioningState": "Succeeded",
          "creationTime": "2022-11-18T02:55:34.3613066Z",
          "primaryEndpoints": {
            "blob": "https://teststoragemgmt2719.blob.core.windows.net/",
            "queue": "https://teststoragemgmt2719.queue.core.windows.net/",
            "table": "https://teststoragemgmt2719.table.core.windows.net/",
            "file": "https://teststoragemgmt2719.file.core.windows.net/"
          },
          "primaryLocation": "eastus2",
          "statusOfPrimary": "available"
        }
      }
    },
    {
      "RequestUri": "https://management.azure.com/subscriptions/45b60d85-fd72-427a-a708-f994d26e593e/resourceGroups/teststorageRG-7569/providers/Microsoft.Storage/storageAccounts?api-version=2022-09-01",
      "RequestMethod": "GET",
      "RequestHeaders": {
        "Accept": "application/json",
        "Authorization": "Sanitized",
        "traceparent": "00-a83b5e6a58d7034eb08e658684ee89d6-b912f4421609e444-00",
        "User-Agent": "azsdk-net-ResourceManager.Storage/1.1.0-alpha.20221117.1 (.NET Framework 4.8.4515.0; Microsoft Windows 10.0.19045 )",
        "x-ms-client-request-id": "fd36390eb811980e32add74c269d456e",
        "x-ms-return-client-request-id": "true"
      },
      "RequestBody": null,
      "StatusCode": 200,
      "ResponseHeaders": {
        "Cache-Control": "no-cache",
        "Content-Length": "1379",
        "Content-Type": "application/json",
        "Date": "Fri, 18 Nov 2022 02:56:00 GMT",
        "Expires": "-1",
        "Pragma": "no-cache",
        "Server": "Microsoft-Azure-Storage-Resource-Provider/1.0,Microsoft-HTTPAPI/2.0 Microsoft-HTTPAPI/2.0",
        "Strict-Transport-Security": "max-age=31536000; includeSubDomains",
        "X-Content-Type-Options": "nosniff",
        "x-ms-client-request-id": "fd36390eb811980e32add74c269d456e",
        "x-ms-correlation-request-id": "183f63f1-0bd2-4bb7-9b05-efcaa07b2afa",
        "x-ms-ratelimit-remaining-subscription-reads": "11974",
        "x-ms-request-id": "10322569-c839-482d-9539-193e6723f93a",
        "x-ms-routing-request-id": "SOUTHEASTASIA:20221118T025600Z:183f63f1-0bd2-4bb7-9b05-efcaa07b2afa"
      },
      "ResponseBody": {
        "value": [
          {
            "identity": {
              "type": "None"
            },
            "sku": {
              "name": "Standard_LRS",
              "tier": "Standard"
            },
            "kind": "Storage",
            "id": "/subscriptions/45b60d85-fd72-427a-a708-f994d26e593e/resourceGroups/teststorageRG-7569/providers/Microsoft.Storage/storageAccounts/teststoragemgmt2719",
            "name": "teststoragemgmt2719",
            "type": "Microsoft.Storage/storageAccounts",
            "location": "eastus2",
            "tags": {
              "key1": "value1",
              "key2": "value2"
            },
            "properties": {
              "keyCreationTime": {
                "key1": "2022-11-18T02:55:34.5019415Z",
                "key2": "2022-11-18T02:55:34.5019415Z"
              },
              "privateEndpointConnections": [],
              "minimumTlsVersion": "TLS1_0",
              "allowBlobPublicAccess": true,
              "networkAcls": {
                "bypass": "AzureServices",
                "virtualNetworkRules": [],
                "ipRules": [],
                "defaultAction": "Allow"
              },
              "supportsHttpsTrafficOnly": true,
              "encryption": {
                "services": {
                  "file": {
                    "keyType": "Account",
                    "enabled": true,
                    "lastEnabledTime": "2022-11-18T02:55:35.1113133Z"
                  },
                  "blob": {
                    "keyType": "Account",
                    "enabled": true,
                    "lastEnabledTime": "2022-11-18T02:55:35.1113133Z"
                  }
                },
                "keySource": "Microsoft.Storage"
              },
              "provisioningState": "Succeeded",
              "creationTime": "2022-11-18T02:55:34.3613066Z",
              "primaryEndpoints": {
                "blob": "https://teststoragemgmt2719.blob.core.windows.net/",
                "queue": "https://teststoragemgmt2719.queue.core.windows.net/",
                "table": "https://teststoragemgmt2719.table.core.windows.net/",
                "file": "https://teststoragemgmt2719.file.core.windows.net/"
              },
              "primaryLocation": "eastus2",
              "statusOfPrimary": "available"
            }
          }
        ]
      }
    },
    {
      "RequestUri": "https://management.azure.com/subscriptions/45b60d85-fd72-427a-a708-f994d26e593e/resourceGroups/teststorageRG-7569/providers/Microsoft.Storage/storageAccounts/teststoragemgmt2719?api-version=2022-09-01",
      "RequestMethod": "DELETE",
      "RequestHeaders": {
        "Authorization": "Sanitized",
        "traceparent": "00-255478d27e0de84a93d4f45ce10b5b88-996fc621f4554846-00",
        "User-Agent": "azsdk-net-ResourceManager.Storage/1.1.0-alpha.20221117.1 (.NET Framework 4.8.4515.0; Microsoft Windows 10.0.19045 )",
        "x-ms-client-request-id": "3044dcdd596cd1dc712a390bb3a32f29",
        "x-ms-return-client-request-id": "true"
      },
      "RequestBody": null,
      "StatusCode": 200,
      "ResponseHeaders": {
        "Cache-Control": "no-cache",
        "Content-Length": "0",
        "Content-Type": "text/plain; charset=utf-8",
        "Date": "Fri, 18 Nov 2022 02:56:06 GMT",
        "Expires": "-1",
        "Pragma": "no-cache",
        "Server": "Microsoft-Azure-Storage-Resource-Provider/1.0,Microsoft-HTTPAPI/2.0 Microsoft-HTTPAPI/2.0",
        "Strict-Transport-Security": "max-age=31536000; includeSubDomains",
        "X-Content-Type-Options": "nosniff",
        "x-ms-client-request-id": "3044dcdd596cd1dc712a390bb3a32f29",
        "x-ms-correlation-request-id": "d307c00a-2ae2-48cb-bc84-113b494d1aed",
        "x-ms-ratelimit-remaining-subscription-deletes": "14996",
        "x-ms-request-id": "cdbf0377-3344-4ec4-b15b-1fdbbbf36200",
        "x-ms-routing-request-id": "SOUTHEASTASIA:20221118T025607Z:d307c00a-2ae2-48cb-bc84-113b494d1aed"
      },
      "ResponseBody": null
    }
  ],
  "Variables": {
    "AZURE_AUTHORITY_HOST": "https://login.microsoftonline.com",
    "RandomSeed": "779478551",
    "RESOURCE_MANAGER_URL": null,
    "SUBSCRIPTION_ID": "45b60d85-fd72-427a-a708-f994d26e593e"
  }
}
