{
  "Entries": [
    {
      "RequestUri": "https://management.azure.com/subscriptions/db1ab6f0-4769-4b27-930e-01e2ef9c123c?api-version=2021-01-01",
      "RequestMethod": "GET",
      "RequestHeaders": {
        "Accept": "application/json",
        "Authorization": "Sanitized",
        "traceparent": "00-6861f9eeeee47c41a45f19309bdfb03c-633658a7e3c18c4c-00",
        "User-Agent": "azsdk-net-ResourceManager/1.3.0 (.NET Core 3.1.28; Microsoft Windows 10.0.22000)",
        "x-ms-client-request-id": "d487531ebccdcd80030e177c2a64034f",
        "x-ms-return-client-request-id": "true"
      },
      "RequestBody": null,
      "StatusCode": 200,
      "ResponseHeaders": {
        "Cache-Control": "no-cache",
        "Content-Length": "747",
        "Content-Type": "application/json; charset=utf-8",
        "Date": "Fri, 26 Aug 2022 09:04:29 GMT",
        "Expires": "-1",
        "Pragma": "no-cache",
        "Strict-Transport-Security": "max-age=31536000; includeSubDomains",
        "X-Content-Type-Options": "nosniff",
        "x-ms-correlation-request-id": "7578b8f3-30d0-498a-b802-6a185dc35dda",
        "x-ms-ratelimit-remaining-subscription-reads": "11999",
        "x-ms-request-id": "7578b8f3-30d0-498a-b802-6a185dc35dda",
        "x-ms-routing-request-id": "SOUTHEASTASIA:20220826T090429Z:7578b8f3-30d0-498a-b802-6a185dc35dda"
      },
      "ResponseBody": {
        "id": "/subscriptions/db1ab6f0-4769-4b27-930e-01e2ef9c123c",
        "authorizationSource": "RoleBased",
        "managedByTenants": [],
        "tags": {
          "TagKey-9823": "TagValue-566",
          "TagKey-3481": "TagValue-320",
          "TagKey-4926": "TagValue-1187",
          "TagKey-751": "TagValue-3921",
          "TagKey-1866": "TagValue-8559",
          "TagKey-3094": "TagValue-9190",
          "TagKey-2449": "TagValue-9",
          "TagKey-8379": "TagValue-164",
          "TagKey-7470": "TagValue-2205",
          "TagKey-4236": "TagValue-3698",
          "TagKey-5316": "TagValue-2725"
        },
        "subscriptionId": "db1ab6f0-4769-4b27-930e-01e2ef9c123c",
        "tenantId": "72f988bf-86f1-41af-91ab-2d7cd011db47",
        "displayName": ".NET Mgmt SDK Test with TTL = 1 Day",
        "state": "Enabled",
        "subscriptionPolicies": {
          "locationPlacementId": "Internal_2014-09-01",
          "quotaId": "Internal_2014-09-01",
          "spendingLimit": "Off"
        }
      }
    },
    {
      "RequestUri": "https://management.azure.com/subscriptions/db1ab6f0-4769-4b27-930e-01e2ef9c123c/resourcegroups/LogicAppRG-4548?api-version=**",
      "RequestMethod": "PUT",
      "RequestHeaders": {
        "Accept": "application/json",
        "Authorization": "Sanitized",
        "Content-Length": "24",
        "Content-Type": "application/json",
        "traceparent": "00-b2d42ba1c8d5db43b2ce47c2385fd096-54ebc156cab41940-00",
        "User-Agent": "azsdk-net-ResourceManager/1.3.0 (.NET Core 3.1.28; Microsoft Windows 10.0.22000)",
        "x-ms-client-request-id": "6295fd64f6f6a0c51fcfff973ac1119e",
        "x-ms-return-client-request-id": "true"
      },
      "RequestBody": {
        "location": "centralus"
      },
      "StatusCode": 201,
      "ResponseHeaders": {
        "Cache-Control": "no-cache",
        "Content-Length": "230",
        "Content-Type": "application/json; charset=utf-8",
        "Date": "Fri, 26 Aug 2022 09:04:32 GMT",
        "Expires": "-1",
        "Pragma": "no-cache",
        "Strict-Transport-Security": "max-age=31536000; includeSubDomains",
        "X-Content-Type-Options": "nosniff",
        "x-ms-correlation-request-id": "ca89a844-a520-41e4-a10b-10c788763860",
        "x-ms-ratelimit-remaining-subscription-writes": "1199",
        "x-ms-request-id": "ca89a844-a520-41e4-a10b-10c788763860",
        "x-ms-routing-request-id": "SOUTHEASTASIA:20220826T090432Z:ca89a844-a520-41e4-a10b-10c788763860"
      },
      "ResponseBody": {
        "id": "/subscriptions/db1ab6f0-4769-4b27-930e-01e2ef9c123c/resourceGroups/LogicAppRG-4548",
        "name": "LogicAppRG-4548",
        "type": "Microsoft.Resources/resourceGroups",
        "location": "centralus",
        "properties": {
          "provisioningState": "Succeeded"
        }
      }
    },
    {
      "RequestUri": "https://management.azure.com/subscriptions/db1ab6f0-4769-4b27-930e-01e2ef9c123c/resourceGroups/LogicAppRG-4548/providers/Microsoft.Logic/integrationAccounts/integration1409?api-version=2019-05-01",
      "RequestMethod": "PUT",
      "RequestHeaders": {
        "Accept": "application/json",
        "Authorization": "Sanitized",
        "Content-Length": "76",
        "Content-Type": "application/json",
        "traceparent": "00-0ecec2ffbdaf1a41b13d2ea94f298d7a-a3957c53e05a0147-00",
        "User-Agent": "azsdk-net-ResourceManager.Logic/1.0.0-alpha.20220825.1 (.NET Core 3.1.28; Microsoft Windows 10.0.22000)",
        "x-ms-client-request-id": "34b7a57364a5559a677a03fab9e2913e",
        "x-ms-return-client-request-id": "true"
      },
      "RequestBody": {
        "sku": {
          "name": "Standard"
        },
        "tags": {},
        "location": "centralus",
        "properties": {}
      },
      "StatusCode": 201,
      "ResponseHeaders": {
        "Cache-Control": "no-cache",
        "Content-Length": "315",
        "Content-Type": "application/json; charset=utf-8",
        "Date": "Fri, 26 Aug 2022 09:04:39 GMT",
        "Expires": "-1",
        "Pragma": "no-cache",
        "Strict-Transport-Security": "max-age=31536000; includeSubDomains",
        "X-Content-Type-Options": "nosniff",
        "x-ms-correlation-request-id": "f0a85110-786d-4fbe-8f71-45ddbfed3940",
        "x-ms-ratelimit-remaining-subscription-writes": "1198",
        "x-ms-request-id": "centralus:d14182e8-bc39-461d-bd9e-bcf091c17984",
        "x-ms-routing-request-id": "SOUTHEASTASIA:20220826T090439Z:f0a85110-786d-4fbe-8f71-45ddbfed3940"
      },
      "ResponseBody": {
        "properties": {
          "state": "Enabled"
        },
        "sku": {
          "name": "Standard"
        },
        "id": "/subscriptions/db1ab6f0-4769-4b27-930e-01e2ef9c123c/resourceGroups/LogicAppRG-4548/providers/Microsoft.Logic/integrationAccounts/integration1409",
        "name": "integration1409",
        "type": "Microsoft.Logic/integrationAccounts",
        "location": "centralus",
        "tags": {}
      }
    },
    {
      "RequestUri": "https://management.azure.com/subscriptions/db1ab6f0-4769-4b27-930e-01e2ef9c123c/resourceGroups/LogicAppRG-4548/providers/Microsoft.Logic/workflows/workflow6567?api-version=2019-05-01",
      "RequestMethod": "PUT",
      "RequestHeaders": {
        "Accept": "application/json",
        "Authorization": "Sanitized",
        "Content-Length": "590",
        "Content-Type": "application/json",
        "traceparent": "00-f71bd35fd4a04c4cab6640f32b691a21-ea7dc5ee6d2f7945-00",
        "User-Agent": "azsdk-net-ResourceManager.Logic/1.0.0-alpha.20220825.1 (.NET Core 3.1.28; Microsoft Windows 10.0.22000)",
        "x-ms-client-request-id": "0099cf0e5c2733c1aeed8136c94c05de",
        "x-ms-return-client-request-id": "true"
      },
      "RequestBody": {
        "tags": {},
        "location": "centralus",
        "properties": {
          "integrationAccount": {
            "id": "/subscriptions/db1ab6f0-4769-4b27-930e-01e2ef9c123c/resourceGroups/LogicAppRG-4548/providers/Microsoft.Logic/integrationAccounts/integration1409"
          },
          "definition": {
            "$schema": "https://schema.management.azure.com/providers/Microsoft.Logic/schemas/2016-06-01/workflowdefinition.json#",
            "contentVersion": "1.0.0.0",
            "parameters": {},
            "triggers": {
              "manual": {
                "type": "Request",
                "kind": "Http",
                "inputs": {
                  "schema": {}
                }
              }
            },
            "actions": {
              "Response": {
                "runAfter": {},
                "type": "Response",
                "kind": "Http",
                "inputs": {
                  "statusCode": 200
                }
              }
            },
            "outputs": {}
          }
        }
      },
      "StatusCode": 201,
      "ResponseHeaders": {
        "Cache-Control": "no-cache",
        "Content-Length": "2042",
        "Content-Type": "application/json; charset=utf-8",
        "Date": "Fri, 26 Aug 2022 09:04:42 GMT",
        "Expires": "-1",
        "Pragma": "no-cache",
        "Strict-Transport-Security": "max-age=31536000; includeSubDomains",
        "X-Content-Type-Options": "nosniff",
        "x-ms-correlation-request-id": "25d26935-5a1d-4823-953c-96db733b81a8",
        "x-ms-ratelimit-remaining-subscription-writes": "1197",
        "x-ms-request-id": "centralus:c34642f0-561d-4755-b3ad-5aaf7bb9091e",
        "x-ms-routing-request-id": "SOUTHEASTASIA:20220826T090443Z:25d26935-5a1d-4823-953c-96db733b81a8"
      },
      "ResponseBody": {
        "properties": {
          "provisioningState": "Succeeded",
          "createdTime": "2022-08-26T09:04:41.9695489Z",
          "changedTime": "2022-08-26T09:04:41.9664632Z",
          "state": "Enabled",
          "version": "08585401022035544043",
          "accessEndpoint": "https://prod-01.centralus.logic.azure.com:443/workflows/141014d645d14273865f5b5c9e5466d1",
          "integrationAccount": {
            "name": "integration1409",
            "id": "/subscriptions/db1ab6f0-4769-4b27-930e-01e2ef9c123c/resourceGroups/LogicAppRG-4548/providers/Microsoft.Logic/integrationAccounts/integration1409",
            "type": "Microsoft.Logic/integrationAccounts"
          },
          "definition": {
            "$schema": "https://schema.management.azure.com/providers/Microsoft.Logic/schemas/2016-06-01/workflowdefinition.json#",
            "contentVersion": "1.0.0.0",
            "parameters": {},
            "triggers": {
              "manual": {
                "type": "Request",
                "kind": "Http",
                "inputs": {
                  "schema": {}
                }
              }
            },
            "actions": {
              "Response": {
                "runAfter": {},
                "type": "Response",
                "kind": "Http",
                "inputs": {
                  "statusCode": 200
                }
              }
            },
            "outputs": {}
          },
          "parameters": {},
          "endpointsConfiguration": {
            "workflow": {
              "outgoingIpAddresses": [
                {
                  "address": "13.67.236.125"
                },
                {
                  "address": "104.208.25.27"
                },
                {
                  "address": "40.122.170.198"
                },
                {
                  "address": "40.113.218.230"
                },
                {
                  "address": "23.100.86.139"
                },
                {
                  "address": "23.100.87.24"
                },
                {
                  "address": "23.100.87.56"
                },
                {
                  "address": "23.100.82.16"
                },
                {
                  "address": "52.141.221.6"
                },
                {
                  "address": "52.141.218.55"
                },
                {
                  "address": "20.109.202.36"
                },
                {
                  "address": "20.109.202.29"
                }
              ],
              "accessEndpointIpAddresses": [
                {
                  "address": "13.67.236.76"
                },
                {
                  "address": "40.77.111.254"
                },
                {
                  "address": "40.77.31.87"
                },
                {
                  "address": "104.43.243.39"
                },
                {
                  "address": "13.86.98.126"
                },
                {
                  "address": "20.109.202.37"
                }
              ]
            },
            "connector": {
              "outgoingIpAddresses": [
                {
                  "address": "52.173.241.27"
                },
                {
                  "address": "52.173.245.164"
                },
                {
                  "address": "13.89.171.80/28"
                },
                {
                  "address": "13.89.178.64/27"
                },
                {
                  "address": "40.77.68.110"
                },
                {
                  "address": "20.98.144.224/27"
                },
                {
                  "address": "20.98.145.0/28"
                },
                {
                  "address": "20.80.123.134"
                },
                {
                  "address": "20.80.123.57"
                }
              ]
            }
          }
        },
        "id": "/subscriptions/db1ab6f0-4769-4b27-930e-01e2ef9c123c/resourceGroups/LogicAppRG-4548/providers/Microsoft.Logic/workflows/workflow6567",
        "name": "workflow6567",
        "type": "Microsoft.Logic/workflows",
        "location": "centralus",
        "tags": {}
      }
    },
    {
      "RequestUri": "https://management.azure.com/subscriptions/db1ab6f0-4769-4b27-930e-01e2ef9c123c/resourceGroups/LogicAppRG-4548/providers/Microsoft.Logic/workflows/workflow6567/triggers/manual?api-version=2019-05-01",
      "RequestMethod": "GET",
      "RequestHeaders": {
        "Accept": "application/json",
        "Authorization": "Sanitized",
        "traceparent": "00-913c42351fefcf488ef44b63452eebfc-aa0a097d4f6a9d4a-00",
        "User-Agent": "azsdk-net-ResourceManager.Logic/1.0.0-alpha.20220825.1 (.NET Core 3.1.28; Microsoft Windows 10.0.22000)",
        "x-ms-client-request-id": "985df03ebf5cfb990c8e7bc2a665ec6d",
        "x-ms-return-client-request-id": "true"
      },
      "RequestBody": null,
      "StatusCode": 200,
      "ResponseHeaders": {
        "Cache-Control": "no-cache",
        "Content-Length": "627",
        "Content-Type": "application/json; charset=utf-8",
        "Date": "Fri, 26 Aug 2022 09:04:43 GMT",
        "Expires": "-1",
        "Pragma": "no-cache",
        "Strict-Transport-Security": "max-age=31536000; includeSubDomains",
        "Vary": "Accept-Encoding",
        "X-Content-Type-Options": "nosniff",
        "x-ms-correlation-request-id": "ec3de59c-5a48-43c5-934b-17ca9ab07e31",
        "x-ms-ratelimit-remaining-subscription-reads": "11998",
        "x-ms-request-id": "centralus:9b68e0f3-2d74-4665-bdfe-bdf73376bbd5",
        "x-ms-routing-request-id": "SOUTHEASTASIA:20220826T090443Z:ec3de59c-5a48-43c5-934b-17ca9ab07e31"
      },
      "ResponseBody": {
        "properties": {
          "provisioningState": "Succeeded",
          "createdTime": "2022-08-26T09:04:41.9695489Z",
          "changedTime": "2022-08-26T09:04:41.9705143Z",
          "state": "Enabled",
          "workflow": {
            "id": "/subscriptions/db1ab6f0-4769-4b27-930e-01e2ef9c123c/resourceGroups/LogicAppRG-4548/providers/Microsoft.Logic/workflows/workflow6567/versions/08585401022035544043",
            "name": "08585401022035544043",
            "type": "Microsoft.Logic/workflows/versions"
          }
        },
        "id": "/subscriptions/db1ab6f0-4769-4b27-930e-01e2ef9c123c/resourceGroups/LogicAppRG-4548/providers/Microsoft.Logic/workflows/workflow6567/triggers/manual",
        "name": "manual",
        "type": "Microsoft.Logic/workflows/triggers"
      }
    }
  ],
  "Variables": {
    "AZURE_AUTHORITY_HOST": "https://login.microsoftonline.com",
    "RandomSeed": "312226106",
    "RESOURCE_MANAGER_URL": null,
    "SUBSCRIPTION_ID": "db1ab6f0-4769-4b27-930e-01e2ef9c123c"
  }
}
