{
  "Entries": [
    {
      "RequestUri": "https://management.azure.com/subscriptions/db1ab6f0-4769-4b27-930e-01e2ef9c123c/resourcegroups/Sql-RG-3468?api-version=2019-10-01",
      "RequestMethod": "GET",
      "RequestHeaders": {
        "Accept": "application/json",
        "Authorization": "Sanitized",
        "traceparent": "00-26ddbe6c7138d242bc09795850e35ed5-1f2035734ffc0741-00",
        "User-Agent": [
          "azsdk-net-ResourceManager/1.0.0-beta.5",
          "(.NET Core 3.1.21; Microsoft Windows 10.0.22000)"
        ],
        "x-ms-client-request-id": "be1051135ea599ff2e95dab30f5aed34",
        "x-ms-return-client-request-id": "true"
      },
      "RequestBody": null,
      "StatusCode": 200,
      "ResponseHeaders": {
        "Cache-Control": "no-cache",
        "Content-Length": "220",
        "Content-Type": "application/json; charset=utf-8",
        "Date": "Thu, 18 Nov 2021 09:51:45 GMT",
        "Expires": "-1",
        "Pragma": "no-cache",
        "Strict-Transport-Security": "max-age=31536000; includeSubDomains",
        "X-Content-Type-Options": "nosniff",
        "x-ms-correlation-request-id": "4998cd73-9814-4ca5-b711-89b7b96006be",
        "x-ms-ratelimit-remaining-subscription-reads": "11410",
        "x-ms-request-id": "4998cd73-9814-4ca5-b711-89b7b96006be",
        "x-ms-routing-request-id": "SOUTHEASTASIA:20211118T095146Z:4998cd73-9814-4ca5-b711-89b7b96006be"
      },
      "ResponseBody": {
        "id": "/subscriptions/db1ab6f0-4769-4b27-930e-01e2ef9c123c/resourceGroups/Sql-RG-3468",
        "name": "Sql-RG-3468",
        "type": "Microsoft.Resources/resourceGroups",
        "location": "westus2",
        "properties": {
          "provisioningState": "Succeeded"
        }
      }
    },
    {
      "RequestUri": "https://management.azure.com/subscriptions/db1ab6f0-4769-4b27-930e-01e2ef9c123c/resourceGroups/Sql-RG-3468/providers/Microsoft.Network/networkSecurityGroups/network-security-group-3562?api-version=2021-02-01",
      "RequestMethod": "PUT",
      "RequestHeaders": {
        "Accept": "application/json",
        "Authorization": "Sanitized",
        "Content-Length": "38",
        "Content-Type": "application/json",
        "User-Agent": [
          "azsdk-net-ResourceManager.Network/1.0.0-beta.3",
          "(.NET Core 3.1.21; Microsoft Windows 10.0.22000)"
        ],
        "x-ms-client-request-id": "ffcc0b53ce9830204453bc4d4465b952",
        "x-ms-return-client-request-id": "true"
      },
      "RequestBody": {
        "location": "westus2",
        "properties": {}
      },
      "StatusCode": 201,
      "ResponseHeaders": {
        "Azure-AsyncNotification": "Enabled",
        "Azure-AsyncOperation": "https://management.azure.com/subscriptions/db1ab6f0-4769-4b27-930e-01e2ef9c123c/providers/Microsoft.Network/locations/westus2/operations/db0a3007-525e-46d8-82d1-8f71540f8995?api-version=2021-02-01",
        "Cache-Control": "no-cache",
        "Content-Length": "6662",
        "Content-Type": "application/json; charset=utf-8",
        "Date": "Thu, 18 Nov 2021 09:51:50 GMT",
        "Expires": "-1",
        "Pragma": "no-cache",
        "Retry-After": "3",
        "Server": [
          "Microsoft-HTTPAPI/2.0",
          "Microsoft-HTTPAPI/2.0"
        ],
        "Strict-Transport-Security": "max-age=31536000; includeSubDomains",
        "X-Content-Type-Options": "nosniff",
        "x-ms-arm-service-request-id": "c57ae2ff-cad5-4ad1-ab17-d2479bf15ca4",
        "x-ms-client-request-id": "ffcc0b53ce9830204453bc4d4465b952",
        "x-ms-correlation-request-id": "d4d99c7a-b9dd-4381-b125-1d857b8b1f79",
        "x-ms-ratelimit-remaining-subscription-writes": "1196",
        "x-ms-request-id": "db0a3007-525e-46d8-82d1-8f71540f8995",
        "x-ms-routing-request-id": "SOUTHEASTASIA:20211118T095151Z:d4d99c7a-b9dd-4381-b125-1d857b8b1f79"
      },
      "ResponseBody": [
        "{\r\n",
        "  \"name\": \"network-security-group-3562\",\r\n",
        "  \"id\": \"/subscriptions/db1ab6f0-4769-4b27-930e-01e2ef9c123c/resourceGroups/Sql-RG-3468/providers/Microsoft.Network/networkSecurityGroups/network-security-group-3562\",\r\n",
        "  \"etag\": \"W/\\\"1d808eb4-d105-435d-94a7-809fee3ca88b\\\"\",\r\n",
        "  \"type\": \"Microsoft.Network/networkSecurityGroups\",\r\n",
        "  \"location\": \"westus2\",\r\n",
        "  \"properties\": {\r\n",
        "    \"provisioningState\": \"Updating\",\r\n",
        "    \"resourceGuid\": \"cf7628a0-dbc9-4a75-940f-a54ad989101b\",\r\n",
        "    \"securityRules\": [],\r\n",
        "    \"defaultSecurityRules\": [\r\n",
        "      {\r\n",
        "        \"name\": \"AllowVnetInBound\",\r\n",
        "        \"id\": \"/subscriptions/db1ab6f0-4769-4b27-930e-01e2ef9c123c/resourceGroups/Sql-RG-3468/providers/Microsoft.Network/networkSecurityGroups/network-security-group-3562/defaultSecurityRules/AllowVnetInBound\",\r\n",
        "        \"etag\": \"W/\\\"1d808eb4-d105-435d-94a7-809fee3ca88b\\\"\",\r\n",
        "        \"type\": \"Microsoft.Network/networkSecurityGroups/defaultSecurityRules\",\r\n",
        "        \"properties\": {\r\n",
        "          \"provisioningState\": \"Updating\",\r\n",
        "          \"description\": \"Allow inbound traffic from all VMs in VNET\",\r\n",
        "          \"protocol\": \"*\",\r\n",
        "          \"sourcePortRange\": \"*\",\r\n",
        "          \"destinationPortRange\": \"*\",\r\n",
        "          \"sourceAddressPrefix\": \"VirtualNetwork\",\r\n",
        "          \"destinationAddressPrefix\": \"VirtualNetwork\",\r\n",
        "          \"access\": \"Allow\",\r\n",
        "          \"priority\": 65000,\r\n",
        "          \"direction\": \"Inbound\",\r\n",
        "          \"sourcePortRanges\": [],\r\n",
        "          \"destinationPortRanges\": [],\r\n",
        "          \"sourceAddressPrefixes\": [],\r\n",
        "          \"destinationAddressPrefixes\": []\r\n",
        "        }\r\n",
        "      },\r\n",
        "      {\r\n",
        "        \"name\": \"AllowAzureLoadBalancerInBound\",\r\n",
        "        \"id\": \"/subscriptions/db1ab6f0-4769-4b27-930e-01e2ef9c123c/resourceGroups/Sql-RG-3468/providers/Microsoft.Network/networkSecurityGroups/network-security-group-3562/defaultSecurityRules/AllowAzureLoadBalancerInBound\",\r\n",
        "        \"etag\": \"W/\\\"1d808eb4-d105-435d-94a7-809fee3ca88b\\\"\",\r\n",
        "        \"type\": \"Microsoft.Network/networkSecurityGroups/defaultSecurityRules\",\r\n",
        "        \"properties\": {\r\n",
        "          \"provisioningState\": \"Updating\",\r\n",
        "          \"description\": \"Allow inbound traffic from azure load balancer\",\r\n",
        "          \"protocol\": \"*\",\r\n",
        "          \"sourcePortRange\": \"*\",\r\n",
        "          \"destinationPortRange\": \"*\",\r\n",
        "          \"sourceAddressPrefix\": \"AzureLoadBalancer\",\r\n",
        "          \"destinationAddressPrefix\": \"*\",\r\n",
        "          \"access\": \"Allow\",\r\n",
        "          \"priority\": 65001,\r\n",
        "          \"direction\": \"Inbound\",\r\n",
        "          \"sourcePortRanges\": [],\r\n",
        "          \"destinationPortRanges\": [],\r\n",
        "          \"sourceAddressPrefixes\": [],\r\n",
        "          \"destinationAddressPrefixes\": []\r\n",
        "        }\r\n",
        "      },\r\n",
        "      {\r\n",
        "        \"name\": \"DenyAllInBound\",\r\n",
        "        \"id\": \"/subscriptions/db1ab6f0-4769-4b27-930e-01e2ef9c123c/resourceGroups/Sql-RG-3468/providers/Microsoft.Network/networkSecurityGroups/network-security-group-3562/defaultSecurityRules/DenyAllInBound\",\r\n",
        "        \"etag\": \"W/\\\"1d808eb4-d105-435d-94a7-809fee3ca88b\\\"\",\r\n",
        "        \"type\": \"Microsoft.Network/networkSecurityGroups/defaultSecurityRules\",\r\n",
        "        \"properties\": {\r\n",
        "          \"provisioningState\": \"Updating\",\r\n",
        "          \"description\": \"Deny all inbound traffic\",\r\n",
        "          \"protocol\": \"*\",\r\n",
        "          \"sourcePortRange\": \"*\",\r\n",
        "          \"destinationPortRange\": \"*\",\r\n",
        "          \"sourceAddressPrefix\": \"*\",\r\n",
        "          \"destinationAddressPrefix\": \"*\",\r\n",
        "          \"access\": \"Deny\",\r\n",
        "          \"priority\": 65500,\r\n",
        "          \"direction\": \"Inbound\",\r\n",
        "          \"sourcePortRanges\": [],\r\n",
        "          \"destinationPortRanges\": [],\r\n",
        "          \"sourceAddressPrefixes\": [],\r\n",
        "          \"destinationAddressPrefixes\": []\r\n",
        "        }\r\n",
        "      },\r\n",
        "      {\r\n",
        "        \"name\": \"AllowVnetOutBound\",\r\n",
        "        \"id\": \"/subscriptions/db1ab6f0-4769-4b27-930e-01e2ef9c123c/resourceGroups/Sql-RG-3468/providers/Microsoft.Network/networkSecurityGroups/network-security-group-3562/defaultSecurityRules/AllowVnetOutBound\",\r\n",
        "        \"etag\": \"W/\\\"1d808eb4-d105-435d-94a7-809fee3ca88b\\\"\",\r\n",
        "        \"type\": \"Microsoft.Network/networkSecurityGroups/defaultSecurityRules\",\r\n",
        "        \"properties\": {\r\n",
        "          \"provisioningState\": \"Updating\",\r\n",
        "          \"description\": \"Allow outbound traffic from all VMs to all VMs in VNET\",\r\n",
        "          \"protocol\": \"*\",\r\n",
        "          \"sourcePortRange\": \"*\",\r\n",
        "          \"destinationPortRange\": \"*\",\r\n",
        "          \"sourceAddressPrefix\": \"VirtualNetwork\",\r\n",
        "          \"destinationAddressPrefix\": \"VirtualNetwork\",\r\n",
        "          \"access\": \"Allow\",\r\n",
        "          \"priority\": 65000,\r\n",
        "          \"direction\": \"Outbound\",\r\n",
        "          \"sourcePortRanges\": [],\r\n",
        "          \"destinationPortRanges\": [],\r\n",
        "          \"sourceAddressPrefixes\": [],\r\n",
        "          \"destinationAddressPrefixes\": []\r\n",
        "        }\r\n",
        "      },\r\n",
        "      {\r\n",
        "        \"name\": \"AllowInternetOutBound\",\r\n",
        "        \"id\": \"/subscriptions/db1ab6f0-4769-4b27-930e-01e2ef9c123c/resourceGroups/Sql-RG-3468/providers/Microsoft.Network/networkSecurityGroups/network-security-group-3562/defaultSecurityRules/AllowInternetOutBound\",\r\n",
        "        \"etag\": \"W/\\\"1d808eb4-d105-435d-94a7-809fee3ca88b\\\"\",\r\n",
        "        \"type\": \"Microsoft.Network/networkSecurityGroups/defaultSecurityRules\",\r\n",
        "        \"properties\": {\r\n",
        "          \"provisioningState\": \"Updating\",\r\n",
        "          \"description\": \"Allow outbound traffic from all VMs to Internet\",\r\n",
        "          \"protocol\": \"*\",\r\n",
        "          \"sourcePortRange\": \"*\",\r\n",
        "          \"destinationPortRange\": \"*\",\r\n",
        "          \"sourceAddressPrefix\": \"*\",\r\n",
        "          \"destinationAddressPrefix\": \"Internet\",\r\n",
        "          \"access\": \"Allow\",\r\n",
        "          \"priority\": 65001,\r\n",
        "          \"direction\": \"Outbound\",\r\n",
        "          \"sourcePortRanges\": [],\r\n",
        "          \"destinationPortRanges\": [],\r\n",
        "          \"sourceAddressPrefixes\": [],\r\n",
        "          \"destinationAddressPrefixes\": []\r\n",
        "        }\r\n",
        "      },\r\n",
        "      {\r\n",
        "        \"name\": \"DenyAllOutBound\",\r\n",
        "        \"id\": \"/subscriptions/db1ab6f0-4769-4b27-930e-01e2ef9c123c/resourceGroups/Sql-RG-3468/providers/Microsoft.Network/networkSecurityGroups/network-security-group-3562/defaultSecurityRules/DenyAllOutBound\",\r\n",
        "        \"etag\": \"W/\\\"1d808eb4-d105-435d-94a7-809fee3ca88b\\\"\",\r\n",
        "        \"type\": \"Microsoft.Network/networkSecurityGroups/defaultSecurityRules\",\r\n",
        "        \"properties\": {\r\n",
        "          \"provisioningState\": \"Updating\",\r\n",
        "          \"description\": \"Deny all outbound traffic\",\r\n",
        "          \"protocol\": \"*\",\r\n",
        "          \"sourcePortRange\": \"*\",\r\n",
        "          \"destinationPortRange\": \"*\",\r\n",
        "          \"sourceAddressPrefix\": \"*\",\r\n",
        "          \"destinationAddressPrefix\": \"*\",\r\n",
        "          \"access\": \"Deny\",\r\n",
        "          \"priority\": 65500,\r\n",
        "          \"direction\": \"Outbound\",\r\n",
        "          \"sourcePortRanges\": [],\r\n",
        "          \"destinationPortRanges\": [],\r\n",
        "          \"sourceAddressPrefixes\": [],\r\n",
        "          \"destinationAddressPrefixes\": []\r\n",
        "        }\r\n",
        "      }\r\n",
        "    ]\r\n",
        "  }\r\n",
        "}"
      ]
    },
    {
      "RequestUri": "https://management.azure.com/subscriptions/db1ab6f0-4769-4b27-930e-01e2ef9c123c/providers/Microsoft.Network/locations/westus2/operations/db0a3007-525e-46d8-82d1-8f71540f8995?api-version=2021-02-01",
      "RequestMethod": "GET",
      "RequestHeaders": {
        "Authorization": "Sanitized",
        "User-Agent": [
          "azsdk-net-ResourceManager/1.0.0-beta.5",
          "(.NET Core 3.1.21; Microsoft Windows 10.0.22000)"
        ],
        "x-ms-client-request-id": "0784338f1085d6253ecf54dbd98d6ea9",
        "x-ms-return-client-request-id": "true"
      },
      "RequestBody": null,
      "StatusCode": 200,
      "ResponseHeaders": {
        "Cache-Control": "no-cache",
        "Content-Length": "29",
        "Content-Type": "application/json; charset=utf-8",
        "Date": "Thu, 18 Nov 2021 09:51:51 GMT",
        "Expires": "-1",
        "Pragma": "no-cache",
        "Server": [
          "Microsoft-HTTPAPI/2.0",
          "Microsoft-HTTPAPI/2.0"
        ],
        "Strict-Transport-Security": "max-age=31536000; includeSubDomains",
        "X-Content-Type-Options": "nosniff",
        "x-ms-arm-service-request-id": "8508379d-7180-4b0a-bb32-6a9ae2100f3e",
        "x-ms-client-request-id": "0784338f1085d6253ecf54dbd98d6ea9",
        "x-ms-correlation-request-id": "a85d3ed5-0fc3-44ee-8514-2fe92282b7c3",
        "x-ms-ratelimit-remaining-subscription-reads": "11409",
        "x-ms-request-id": "49f1e86e-fa35-4055-9261-727f4bf382b2",
        "x-ms-routing-request-id": "SOUTHEASTASIA:20211118T095151Z:a85d3ed5-0fc3-44ee-8514-2fe92282b7c3"
      },
      "ResponseBody": [
        "{\r\n",
        "  \"status\": \"Succeeded\"\r\n",
        "}"
      ]
    },
    {
      "RequestUri": "https://management.azure.com/subscriptions/db1ab6f0-4769-4b27-930e-01e2ef9c123c/resourceGroups/Sql-RG-3468/providers/Microsoft.Network/networkSecurityGroups/network-security-group-3562?api-version=2021-02-01",
      "RequestMethod": "GET",
      "RequestHeaders": {
        "Authorization": "Sanitized",
        "User-Agent": [
          "azsdk-net-ResourceManager/1.0.0-beta.5",
          "(.NET Core 3.1.21; Microsoft Windows 10.0.22000)"
        ],
        "x-ms-client-request-id": "05589aa14c870f771c3b4af954b9af83",
        "x-ms-return-client-request-id": "true"
      },
      "RequestBody": null,
      "StatusCode": 200,
      "ResponseHeaders": {
        "Cache-Control": "no-cache",
        "Content-Length": "6669",
        "Content-Type": "application/json; charset=utf-8",
        "Date": "Thu, 18 Nov 2021 09:51:51 GMT",
        "ETag": "W/\"94742f45-df91-40c8-b731-9a15661dfcd6\"",
        "Expires": "-1",
        "Pragma": "no-cache",
        "Server": [
          "Microsoft-HTTPAPI/2.0",
          "Microsoft-HTTPAPI/2.0"
        ],
        "Strict-Transport-Security": "max-age=31536000; includeSubDomains",
        "X-Content-Type-Options": "nosniff",
        "x-ms-arm-service-request-id": "d9b19306-9233-45e5-91bb-027a0cc5d9f6",
        "x-ms-client-request-id": "05589aa14c870f771c3b4af954b9af83",
        "x-ms-correlation-request-id": "9bf774d9-9cff-4e2d-962e-72b83b005428",
        "x-ms-ratelimit-remaining-subscription-reads": "11408",
        "x-ms-request-id": "c19d1020-4863-4545-a9d0-bdc177355871",
        "x-ms-routing-request-id": "SOUTHEASTASIA:20211118T095151Z:9bf774d9-9cff-4e2d-962e-72b83b005428"
      },
      "ResponseBody": [
        "{\r\n",
        "  \"name\": \"network-security-group-3562\",\r\n",
        "  \"id\": \"/subscriptions/db1ab6f0-4769-4b27-930e-01e2ef9c123c/resourceGroups/Sql-RG-3468/providers/Microsoft.Network/networkSecurityGroups/network-security-group-3562\",\r\n",
        "  \"etag\": \"W/\\\"94742f45-df91-40c8-b731-9a15661dfcd6\\\"\",\r\n",
        "  \"type\": \"Microsoft.Network/networkSecurityGroups\",\r\n",
        "  \"location\": \"westus2\",\r\n",
        "  \"properties\": {\r\n",
        "    \"provisioningState\": \"Succeeded\",\r\n",
        "    \"resourceGuid\": \"cf7628a0-dbc9-4a75-940f-a54ad989101b\",\r\n",
        "    \"securityRules\": [],\r\n",
        "    \"defaultSecurityRules\": [\r\n",
        "      {\r\n",
        "        \"name\": \"AllowVnetInBound\",\r\n",
        "        \"id\": \"/subscriptions/db1ab6f0-4769-4b27-930e-01e2ef9c123c/resourceGroups/Sql-RG-3468/providers/Microsoft.Network/networkSecurityGroups/network-security-group-3562/defaultSecurityRules/AllowVnetInBound\",\r\n",
        "        \"etag\": \"W/\\\"94742f45-df91-40c8-b731-9a15661dfcd6\\\"\",\r\n",
        "        \"type\": \"Microsoft.Network/networkSecurityGroups/defaultSecurityRules\",\r\n",
        "        \"properties\": {\r\n",
        "          \"provisioningState\": \"Succeeded\",\r\n",
        "          \"description\": \"Allow inbound traffic from all VMs in VNET\",\r\n",
        "          \"protocol\": \"*\",\r\n",
        "          \"sourcePortRange\": \"*\",\r\n",
        "          \"destinationPortRange\": \"*\",\r\n",
        "          \"sourceAddressPrefix\": \"VirtualNetwork\",\r\n",
        "          \"destinationAddressPrefix\": \"VirtualNetwork\",\r\n",
        "          \"access\": \"Allow\",\r\n",
        "          \"priority\": 65000,\r\n",
        "          \"direction\": \"Inbound\",\r\n",
        "          \"sourcePortRanges\": [],\r\n",
        "          \"destinationPortRanges\": [],\r\n",
        "          \"sourceAddressPrefixes\": [],\r\n",
        "          \"destinationAddressPrefixes\": []\r\n",
        "        }\r\n",
        "      },\r\n",
        "      {\r\n",
        "        \"name\": \"AllowAzureLoadBalancerInBound\",\r\n",
        "        \"id\": \"/subscriptions/db1ab6f0-4769-4b27-930e-01e2ef9c123c/resourceGroups/Sql-RG-3468/providers/Microsoft.Network/networkSecurityGroups/network-security-group-3562/defaultSecurityRules/AllowAzureLoadBalancerInBound\",\r\n",
        "        \"etag\": \"W/\\\"94742f45-df91-40c8-b731-9a15661dfcd6\\\"\",\r\n",
        "        \"type\": \"Microsoft.Network/networkSecurityGroups/defaultSecurityRules\",\r\n",
        "        \"properties\": {\r\n",
        "          \"provisioningState\": \"Succeeded\",\r\n",
        "          \"description\": \"Allow inbound traffic from azure load balancer\",\r\n",
        "          \"protocol\": \"*\",\r\n",
        "          \"sourcePortRange\": \"*\",\r\n",
        "          \"destinationPortRange\": \"*\",\r\n",
        "          \"sourceAddressPrefix\": \"AzureLoadBalancer\",\r\n",
        "          \"destinationAddressPrefix\": \"*\",\r\n",
        "          \"access\": \"Allow\",\r\n",
        "          \"priority\": 65001,\r\n",
        "          \"direction\": \"Inbound\",\r\n",
        "          \"sourcePortRanges\": [],\r\n",
        "          \"destinationPortRanges\": [],\r\n",
        "          \"sourceAddressPrefixes\": [],\r\n",
        "          \"destinationAddressPrefixes\": []\r\n",
        "        }\r\n",
        "      },\r\n",
        "      {\r\n",
        "        \"name\": \"DenyAllInBound\",\r\n",
        "        \"id\": \"/subscriptions/db1ab6f0-4769-4b27-930e-01e2ef9c123c/resourceGroups/Sql-RG-3468/providers/Microsoft.Network/networkSecurityGroups/network-security-group-3562/defaultSecurityRules/DenyAllInBound\",\r\n",
        "        \"etag\": \"W/\\\"94742f45-df91-40c8-b731-9a15661dfcd6\\\"\",\r\n",
        "        \"type\": \"Microsoft.Network/networkSecurityGroups/defaultSecurityRules\",\r\n",
        "        \"properties\": {\r\n",
        "          \"provisioningState\": \"Succeeded\",\r\n",
        "          \"description\": \"Deny all inbound traffic\",\r\n",
        "          \"protocol\": \"*\",\r\n",
        "          \"sourcePortRange\": \"*\",\r\n",
        "          \"destinationPortRange\": \"*\",\r\n",
        "          \"sourceAddressPrefix\": \"*\",\r\n",
        "          \"destinationAddressPrefix\": \"*\",\r\n",
        "          \"access\": \"Deny\",\r\n",
        "          \"priority\": 65500,\r\n",
        "          \"direction\": \"Inbound\",\r\n",
        "          \"sourcePortRanges\": [],\r\n",
        "          \"destinationPortRanges\": [],\r\n",
        "          \"sourceAddressPrefixes\": [],\r\n",
        "          \"destinationAddressPrefixes\": []\r\n",
        "        }\r\n",
        "      },\r\n",
        "      {\r\n",
        "        \"name\": \"AllowVnetOutBound\",\r\n",
        "        \"id\": \"/subscriptions/db1ab6f0-4769-4b27-930e-01e2ef9c123c/resourceGroups/Sql-RG-3468/providers/Microsoft.Network/networkSecurityGroups/network-security-group-3562/defaultSecurityRules/AllowVnetOutBound\",\r\n",
        "        \"etag\": \"W/\\\"94742f45-df91-40c8-b731-9a15661dfcd6\\\"\",\r\n",
        "        \"type\": \"Microsoft.Network/networkSecurityGroups/defaultSecurityRules\",\r\n",
        "        \"properties\": {\r\n",
        "          \"provisioningState\": \"Succeeded\",\r\n",
        "          \"description\": \"Allow outbound traffic from all VMs to all VMs in VNET\",\r\n",
        "          \"protocol\": \"*\",\r\n",
        "          \"sourcePortRange\": \"*\",\r\n",
        "          \"destinationPortRange\": \"*\",\r\n",
        "          \"sourceAddressPrefix\": \"VirtualNetwork\",\r\n",
        "          \"destinationAddressPrefix\": \"VirtualNetwork\",\r\n",
        "          \"access\": \"Allow\",\r\n",
        "          \"priority\": 65000,\r\n",
        "          \"direction\": \"Outbound\",\r\n",
        "          \"sourcePortRanges\": [],\r\n",
        "          \"destinationPortRanges\": [],\r\n",
        "          \"sourceAddressPrefixes\": [],\r\n",
        "          \"destinationAddressPrefixes\": []\r\n",
        "        }\r\n",
        "      },\r\n",
        "      {\r\n",
        "        \"name\": \"AllowInternetOutBound\",\r\n",
        "        \"id\": \"/subscriptions/db1ab6f0-4769-4b27-930e-01e2ef9c123c/resourceGroups/Sql-RG-3468/providers/Microsoft.Network/networkSecurityGroups/network-security-group-3562/defaultSecurityRules/AllowInternetOutBound\",\r\n",
        "        \"etag\": \"W/\\\"94742f45-df91-40c8-b731-9a15661dfcd6\\\"\",\r\n",
        "        \"type\": \"Microsoft.Network/networkSecurityGroups/defaultSecurityRules\",\r\n",
        "        \"properties\": {\r\n",
        "          \"provisioningState\": \"Succeeded\",\r\n",
        "          \"description\": \"Allow outbound traffic from all VMs to Internet\",\r\n",
        "          \"protocol\": \"*\",\r\n",
        "          \"sourcePortRange\": \"*\",\r\n",
        "          \"destinationPortRange\": \"*\",\r\n",
        "          \"sourceAddressPrefix\": \"*\",\r\n",
        "          \"destinationAddressPrefix\": \"Internet\",\r\n",
        "          \"access\": \"Allow\",\r\n",
        "          \"priority\": 65001,\r\n",
        "          \"direction\": \"Outbound\",\r\n",
        "          \"sourcePortRanges\": [],\r\n",
        "          \"destinationPortRanges\": [],\r\n",
        "          \"sourceAddressPrefixes\": [],\r\n",
        "          \"destinationAddressPrefixes\": []\r\n",
        "        }\r\n",
        "      },\r\n",
        "      {\r\n",
        "        \"name\": \"DenyAllOutBound\",\r\n",
        "        \"id\": \"/subscriptions/db1ab6f0-4769-4b27-930e-01e2ef9c123c/resourceGroups/Sql-RG-3468/providers/Microsoft.Network/networkSecurityGroups/network-security-group-3562/defaultSecurityRules/DenyAllOutBound\",\r\n",
        "        \"etag\": \"W/\\\"94742f45-df91-40c8-b731-9a15661dfcd6\\\"\",\r\n",
        "        \"type\": \"Microsoft.Network/networkSecurityGroups/defaultSecurityRules\",\r\n",
        "        \"properties\": {\r\n",
        "          \"provisioningState\": \"Succeeded\",\r\n",
        "          \"description\": \"Deny all outbound traffic\",\r\n",
        "          \"protocol\": \"*\",\r\n",
        "          \"sourcePortRange\": \"*\",\r\n",
        "          \"destinationPortRange\": \"*\",\r\n",
        "          \"sourceAddressPrefix\": \"*\",\r\n",
        "          \"destinationAddressPrefix\": \"*\",\r\n",
        "          \"access\": \"Deny\",\r\n",
        "          \"priority\": 65500,\r\n",
        "          \"direction\": \"Outbound\",\r\n",
        "          \"sourcePortRanges\": [],\r\n",
        "          \"destinationPortRanges\": [],\r\n",
        "          \"sourceAddressPrefixes\": [],\r\n",
        "          \"destinationAddressPrefixes\": []\r\n",
        "        }\r\n",
        "      }\r\n",
        "    ]\r\n",
        "  }\r\n",
        "}"
      ]
    },
    {
      "RequestUri": "https://management.azure.com/subscriptions/db1ab6f0-4769-4b27-930e-01e2ef9c123c/resourceGroups/Sql-RG-3468/providers/Microsoft.Network/routeTables/route-table-6610?api-version=2021-02-01",
      "RequestMethod": "PUT",
      "RequestHeaders": {
        "Accept": "application/json",
        "Authorization": "Sanitized",
        "Content-Length": "38",
        "Content-Type": "application/json",
        "User-Agent": [
          "azsdk-net-ResourceManager.Network/1.0.0-beta.3",
          "(.NET Core 3.1.21; Microsoft Windows 10.0.22000)"
        ],
        "x-ms-client-request-id": "11bdcfbfb1e0caccbeb75e8cef14b726",
        "x-ms-return-client-request-id": "true"
      },
      "RequestBody": {
        "location": "westus2",
        "properties": {}
      },
      "StatusCode": 201,
      "ResponseHeaders": {
        "Azure-AsyncNotification": "Enabled",
        "Azure-AsyncOperation": "https://management.azure.com/subscriptions/db1ab6f0-4769-4b27-930e-01e2ef9c123c/providers/Microsoft.Network/locations/westus2/operations/c5562f88-8618-4dd5-890e-c3962471f4c8?api-version=2021-02-01",
        "Cache-Control": "no-cache",
        "Content-Length": "493",
        "Content-Type": "application/json; charset=utf-8",
        "Date": "Thu, 18 Nov 2021 09:51:54 GMT",
        "Expires": "-1",
        "Pragma": "no-cache",
        "Retry-After": "10",
        "Server": [
          "Microsoft-HTTPAPI/2.0",
          "Microsoft-HTTPAPI/2.0"
        ],
        "Strict-Transport-Security": "max-age=31536000; includeSubDomains",
        "X-Content-Type-Options": "nosniff",
        "x-ms-arm-service-request-id": "29652770-dfc7-4068-845b-8d922c96d0ce",
        "x-ms-client-request-id": "11bdcfbfb1e0caccbeb75e8cef14b726",
        "x-ms-correlation-request-id": "9a5f33ea-a949-4387-ad0c-9f6bb56ac645",
        "x-ms-ratelimit-remaining-subscription-writes": "1195",
        "x-ms-request-id": "c5562f88-8618-4dd5-890e-c3962471f4c8",
        "x-ms-routing-request-id": "SOUTHEASTASIA:20211118T095155Z:9a5f33ea-a949-4387-ad0c-9f6bb56ac645"
      },
      "ResponseBody": [
        "{\r\n",
        "  \"name\": \"route-table-6610\",\r\n",
        "  \"id\": \"/subscriptions/db1ab6f0-4769-4b27-930e-01e2ef9c123c/resourceGroups/Sql-RG-3468/providers/Microsoft.Network/routeTables/route-table-6610\",\r\n",
        "  \"etag\": \"W/\\\"0ad509ee-e5ae-462f-9998-3ac8775e899c\\\"\",\r\n",
        "  \"type\": \"Microsoft.Network/routeTables\",\r\n",
        "  \"location\": \"westus2\",\r\n",
        "  \"properties\": {\r\n",
        "    \"provisioningState\": \"Updating\",\r\n",
        "    \"resourceGuid\": \"23321d02-bccc-48b3-8a36-4209c2588bc0\",\r\n",
        "    \"disableBgpRoutePropagation\": false,\r\n",
        "    \"routes\": []\r\n",
        "  }\r\n",
        "}"
      ]
    },
    {
      "RequestUri": "https://management.azure.com/subscriptions/db1ab6f0-4769-4b27-930e-01e2ef9c123c/providers/Microsoft.Network/locations/westus2/operations/c5562f88-8618-4dd5-890e-c3962471f4c8?api-version=2021-02-01",
      "RequestMethod": "GET",
      "RequestHeaders": {
        "Authorization": "Sanitized",
        "User-Agent": [
          "azsdk-net-ResourceManager/1.0.0-beta.5",
          "(.NET Core 3.1.21; Microsoft Windows 10.0.22000)"
        ],
        "x-ms-client-request-id": "0a1cd11f5dd0efc8ce8e47cfedeb2008",
        "x-ms-return-client-request-id": "true"
      },
      "RequestBody": null,
      "StatusCode": 200,
      "ResponseHeaders": {
        "Cache-Control": "no-cache",
        "Content-Length": "29",
        "Content-Type": "application/json; charset=utf-8",
        "Date": "Thu, 18 Nov 2021 09:51:54 GMT",
        "Expires": "-1",
        "Pragma": "no-cache",
        "Server": [
          "Microsoft-HTTPAPI/2.0",
          "Microsoft-HTTPAPI/2.0"
        ],
        "Strict-Transport-Security": "max-age=31536000; includeSubDomains",
        "X-Content-Type-Options": "nosniff",
        "x-ms-arm-service-request-id": "951f3a65-4174-4a2a-bcbe-f9f9d1dae353",
        "x-ms-client-request-id": "0a1cd11f5dd0efc8ce8e47cfedeb2008",
        "x-ms-correlation-request-id": "221d20c5-39ae-4d58-ba5f-52aa772d784c",
        "x-ms-ratelimit-remaining-subscription-reads": "11407",
        "x-ms-request-id": "8ed6721c-b442-4e4f-9ded-5ca63545ce52",
        "x-ms-routing-request-id": "SOUTHEASTASIA:20211118T095155Z:221d20c5-39ae-4d58-ba5f-52aa772d784c"
      },
      "ResponseBody": [
        "{\r\n",
        "  \"status\": \"Succeeded\"\r\n",
        "}"
      ]
    },
    {
      "RequestUri": "https://management.azure.com/subscriptions/db1ab6f0-4769-4b27-930e-01e2ef9c123c/resourceGroups/Sql-RG-3468/providers/Microsoft.Network/routeTables/route-table-6610?api-version=2021-02-01",
      "RequestMethod": "GET",
      "RequestHeaders": {
        "Authorization": "Sanitized",
        "User-Agent": [
          "azsdk-net-ResourceManager/1.0.0-beta.5",
          "(.NET Core 3.1.21; Microsoft Windows 10.0.22000)"
        ],
        "x-ms-client-request-id": "83c72384c9f3301a6979556bc6830591",
        "x-ms-return-client-request-id": "true"
      },
      "RequestBody": null,
      "StatusCode": 200,
      "ResponseHeaders": {
        "Cache-Control": "no-cache",
        "Content-Length": "494",
        "Content-Type": "application/json; charset=utf-8",
        "Date": "Thu, 18 Nov 2021 09:51:55 GMT",
        "ETag": "W/\"624752da-0996-4175-8faf-5b4b94c7bd60\"",
        "Expires": "-1",
        "Pragma": "no-cache",
        "Server": [
          "Microsoft-HTTPAPI/2.0",
          "Microsoft-HTTPAPI/2.0"
        ],
        "Strict-Transport-Security": "max-age=31536000; includeSubDomains",
        "X-Content-Type-Options": "nosniff",
        "x-ms-arm-service-request-id": "da511266-d505-446f-856f-260a26898e92",
        "x-ms-client-request-id": "83c72384c9f3301a6979556bc6830591",
        "x-ms-correlation-request-id": "90b01cee-7c1b-4e7e-84b6-b23372cdeb82",
        "x-ms-ratelimit-remaining-subscription-reads": "11406",
        "x-ms-request-id": "c988a283-0cfe-432b-868c-b391ac2200c5",
        "x-ms-routing-request-id": "SOUTHEASTASIA:20211118T095155Z:90b01cee-7c1b-4e7e-84b6-b23372cdeb82"
      },
      "ResponseBody": [
        "{\r\n",
        "  \"name\": \"route-table-6610\",\r\n",
        "  \"id\": \"/subscriptions/db1ab6f0-4769-4b27-930e-01e2ef9c123c/resourceGroups/Sql-RG-3468/providers/Microsoft.Network/routeTables/route-table-6610\",\r\n",
        "  \"etag\": \"W/\\\"624752da-0996-4175-8faf-5b4b94c7bd60\\\"\",\r\n",
        "  \"type\": \"Microsoft.Network/routeTables\",\r\n",
        "  \"location\": \"westus2\",\r\n",
        "  \"properties\": {\r\n",
        "    \"provisioningState\": \"Succeeded\",\r\n",
        "    \"resourceGuid\": \"23321d02-bccc-48b3-8a36-4209c2588bc0\",\r\n",
        "    \"disableBgpRoutePropagation\": false,\r\n",
        "    \"routes\": []\r\n",
        "  }\r\n",
        "}"
      ]
    },
    {
      "RequestUri": "https://management.azure.com/subscriptions/db1ab6f0-4769-4b27-930e-01e2ef9c123c/resourceGroups/Sql-RG-3468/providers/Microsoft.Network/virtualNetworks/vnet-1459?api-version=2021-02-01",
      "RequestMethod": "PUT",
      "RequestHeaders": {
        "Accept": "application/json",
        "Authorization": "Sanitized",
        "Content-Length": "762",
        "Content-Type": "application/json",
        "User-Agent": [
          "azsdk-net-ResourceManager.Network/1.0.0-beta.3",
          "(.NET Core 3.1.21; Microsoft Windows 10.0.22000)"
        ],
        "x-ms-client-request-id": "1d6cd934adf7d45608d517da469655d0",
        "x-ms-return-client-request-id": "true"
      },
      "RequestBody": {
        "location": "westus2",
        "properties": {
          "addressSpace": {
            "addressPrefixes": [
              "10.10.0.0/16"
            ]
          },
          "subnets": [
            {
              "name": "subnet01",
              "properties": {
                "addressPrefix": "10.10.1.0/24"
              }
            },
            {
              "name": "ManagedInstance",
              "properties": {
                "addressPrefix": "10.10.2.0/24",
                "networkSecurityGroup": {
                  "id": "/subscriptions/db1ab6f0-4769-4b27-930e-01e2ef9c123c/resourceGroups/Sql-RG-3468/providers/Microsoft.Network/networkSecurityGroups/network-security-group-3562",
                  "properties": {}
                },
                "routeTable": {
                  "id": "/subscriptions/db1ab6f0-4769-4b27-930e-01e2ef9c123c/resourceGroups/Sql-RG-3468/providers/Microsoft.Network/routeTables/route-table-6610",
                  "properties": {}
                },
                "delegations": [
                  {
                    "name": "Microsoft.Sql/managedInstances",
                    "type": "Microsoft.Sql",
                    "properties": {
                      "serviceName": "Microsoft.Sql/managedInstances"
                    }
                  }
                ]
              }
            }
          ]
        }
      },
      "StatusCode": 201,
      "ResponseHeaders": {
        "Azure-AsyncNotification": "Enabled",
        "Azure-AsyncOperation": "https://management.azure.com/subscriptions/db1ab6f0-4769-4b27-930e-01e2ef9c123c/providers/Microsoft.Network/locations/westus2/operations/f3a16f24-14f6-4d8b-a5df-805ff0a10abd?api-version=2021-02-01",
        "Cache-Control": "no-cache",
        "Content-Length": "3224",
        "Content-Type": "application/json; charset=utf-8",
        "Date": "Thu, 18 Nov 2021 09:51:59 GMT",
        "Expires": "-1",
        "Pragma": "no-cache",
        "Retry-After": "3",
        "Server": [
          "Microsoft-HTTPAPI/2.0",
          "Microsoft-HTTPAPI/2.0"
        ],
        "Strict-Transport-Security": "max-age=31536000; includeSubDomains",
        "X-Content-Type-Options": "nosniff",
        "x-ms-arm-service-request-id": "a3685c1a-cc11-41da-893b-68a9d6bf50db",
        "x-ms-client-request-id": "1d6cd934adf7d45608d517da469655d0",
        "x-ms-correlation-request-id": "e8833e25-2463-41f3-a564-05c595a8e722",
        "x-ms-ratelimit-remaining-subscription-writes": "1194",
        "x-ms-request-id": "f3a16f24-14f6-4d8b-a5df-805ff0a10abd",
        "x-ms-routing-request-id": "SOUTHEASTASIA:20211118T095159Z:e8833e25-2463-41f3-a564-05c595a8e722"
      },
      "ResponseBody": [
        "{\r\n",
        "  \"name\": \"vnet-1459\",\r\n",
        "  \"id\": \"/subscriptions/db1ab6f0-4769-4b27-930e-01e2ef9c123c/resourceGroups/Sql-RG-3468/providers/Microsoft.Network/virtualNetworks/vnet-1459\",\r\n",
        "  \"etag\": \"W/\\\"e4485b90-82fd-460f-8502-b7faf70c4f86\\\"\",\r\n",
        "  \"type\": \"Microsoft.Network/virtualNetworks\",\r\n",
        "  \"location\": \"westus2\",\r\n",
        "  \"properties\": {\r\n",
        "    \"provisioningState\": \"Updating\",\r\n",
        "    \"resourceGuid\": \"124141f8-cce9-45a9-a265-395c5d1340f8\",\r\n",
        "    \"addressSpace\": {\r\n",
        "      \"addressPrefixes\": [\r\n",
        "        \"10.10.0.0/16\"\r\n",
        "      ]\r\n",
        "    },\r\n",
        "    \"subnets\": [\r\n",
        "      {\r\n",
        "        \"name\": \"subnet01\",\r\n",
        "        \"id\": \"/subscriptions/db1ab6f0-4769-4b27-930e-01e2ef9c123c/resourceGroups/Sql-RG-3468/providers/Microsoft.Network/virtualNetworks/vnet-1459/subnets/subnet01\",\r\n",
        "        \"etag\": \"W/\\\"e4485b90-82fd-460f-8502-b7faf70c4f86\\\"\",\r\n",
        "        \"properties\": {\r\n",
        "          \"provisioningState\": \"Updating\",\r\n",
        "          \"addressPrefix\": \"10.10.1.0/24\",\r\n",
        "          \"delegations\": [],\r\n",
        "          \"privateEndpointNetworkPolicies\": \"Enabled\",\r\n",
        "          \"privateLinkServiceNetworkPolicies\": \"Enabled\"\r\n",
        "        },\r\n",
        "        \"type\": \"Microsoft.Network/virtualNetworks/subnets\"\r\n",
        "      },\r\n",
        "      {\r\n",
        "        \"name\": \"ManagedInstance\",\r\n",
        "        \"id\": \"/subscriptions/db1ab6f0-4769-4b27-930e-01e2ef9c123c/resourceGroups/Sql-RG-3468/providers/Microsoft.Network/virtualNetworks/vnet-1459/subnets/ManagedInstance\",\r\n",
        "        \"etag\": \"W/\\\"e4485b90-82fd-460f-8502-b7faf70c4f86\\\"\",\r\n",
        "        \"properties\": {\r\n",
        "          \"provisioningState\": \"Updating\",\r\n",
        "          \"addressPrefix\": \"10.10.2.0/24\",\r\n",
        "          \"networkSecurityGroup\": {\r\n",
        "            \"id\": \"/subscriptions/db1ab6f0-4769-4b27-930e-01e2ef9c123c/resourceGroups/Sql-RG-3468/providers/Microsoft.Network/networkSecurityGroups/network-security-group-3562\"\r\n",
        "          },\r\n",
        "          \"routeTable\": {\r\n",
        "            \"id\": \"/subscriptions/db1ab6f0-4769-4b27-930e-01e2ef9c123c/resourceGroups/Sql-RG-3468/providers/Microsoft.Network/routeTables/route-table-6610\"\r\n",
        "          },\r\n",
        "          \"delegations\": [\r\n",
        "            {\r\n",
        "              \"name\": \"Microsoft.Sql/managedInstances\",\r\n",
        "              \"id\": \"/subscriptions/db1ab6f0-4769-4b27-930e-01e2ef9c123c/resourceGroups/Sql-RG-3468/providers/Microsoft.Network/virtualNetworks/vnet-1459/subnets/ManagedInstance/delegations/Microsoft.Sql/managedInstances\",\r\n",
        "              \"etag\": \"W/\\\"e4485b90-82fd-460f-8502-b7faf70c4f86\\\"\",\r\n",
        "              \"properties\": {\r\n",
        "                \"provisioningState\": \"Succeeded\",\r\n",
        "                \"serviceName\": \"Microsoft.Sql/managedInstances\",\r\n",
        "                \"actions\": [\r\n",
        "                  \"Microsoft.Network/virtualNetworks/subnets/join/action\",\r\n",
        "                  \"Microsoft.Network/virtualNetworks/subnets/prepareNetworkPolicies/action\",\r\n",
        "                  \"Microsoft.Network/virtualNetworks/subnets/unprepareNetworkPolicies/action\"\r\n",
        "                ]\r\n",
        "              },\r\n",
        "              \"type\": \"Microsoft.Network/virtualNetworks/subnets/delegations\"\r\n",
        "            }\r\n",
        "          ],\r\n",
        "          \"privateEndpointNetworkPolicies\": \"Enabled\",\r\n",
        "          \"privateLinkServiceNetworkPolicies\": \"Enabled\"\r\n",
        "        },\r\n",
        "        \"type\": \"Microsoft.Network/virtualNetworks/subnets\"\r\n",
        "      }\r\n",
        "    ],\r\n",
        "    \"virtualNetworkPeerings\": [],\r\n",
        "    \"enableDdosProtection\": false\r\n",
        "  }\r\n",
        "}"
      ]
    },
    {
      "RequestUri": "https://management.azure.com/subscriptions/db1ab6f0-4769-4b27-930e-01e2ef9c123c/providers/Microsoft.Network/locations/westus2/operations/f3a16f24-14f6-4d8b-a5df-805ff0a10abd?api-version=2021-02-01",
      "RequestMethod": "GET",
      "RequestHeaders": {
        "Authorization": "Sanitized",
        "User-Agent": [
          "azsdk-net-ResourceManager/1.0.0-beta.5",
          "(.NET Core 3.1.21; Microsoft Windows 10.0.22000)"
        ],
        "x-ms-client-request-id": "149bb588027ed710cdf37b1db140ead2",
        "x-ms-return-client-request-id": "true"
      },
      "RequestBody": null,
      "StatusCode": 200,
      "ResponseHeaders": {
        "Cache-Control": "no-cache",
        "Content-Length": "30",
        "Content-Type": "application/json; charset=utf-8",
        "Date": "Thu, 18 Nov 2021 09:51:59 GMT",
        "Expires": "-1",
        "Pragma": "no-cache",
        "Retry-After": "10",
        "Server": [
          "Microsoft-HTTPAPI/2.0",
          "Microsoft-HTTPAPI/2.0"
        ],
        "Strict-Transport-Security": "max-age=31536000; includeSubDomains",
        "X-Content-Type-Options": "nosniff",
        "x-ms-arm-service-request-id": "030d98d2-f258-424c-a007-ff46ac9f4558",
        "x-ms-client-request-id": "149bb588027ed710cdf37b1db140ead2",
        "x-ms-correlation-request-id": "3caf5c3c-5449-4109-8c01-85715ffb23f3",
        "x-ms-ratelimit-remaining-subscription-reads": "11405",
        "x-ms-request-id": "92b0f449-a727-49ff-b6aa-7279bc5bd104",
        "x-ms-routing-request-id": "SOUTHEASTASIA:20211118T095200Z:3caf5c3c-5449-4109-8c01-85715ffb23f3"
      },
      "ResponseBody": [
        "{\r\n",
        "  \"status\": \"InProgress\"\r\n",
        "}"
      ]
    },
    {
      "RequestUri": "https://management.azure.com/subscriptions/db1ab6f0-4769-4b27-930e-01e2ef9c123c/providers/Microsoft.Network/locations/westus2/operations/f3a16f24-14f6-4d8b-a5df-805ff0a10abd?api-version=2021-02-01",
      "RequestMethod": "GET",
      "RequestHeaders": {
        "Authorization": "Sanitized",
        "User-Agent": [
          "azsdk-net-ResourceManager/1.0.0-beta.5",
          "(.NET Core 3.1.21; Microsoft Windows 10.0.22000)"
        ],
        "x-ms-client-request-id": "e316842363bd352c4716660b0c00ccab",
        "x-ms-return-client-request-id": "true"
      },
      "RequestBody": null,
      "StatusCode": 200,
      "ResponseHeaders": {
        "Cache-Control": "no-cache",
        "Content-Length": "29",
        "Content-Type": "application/json; charset=utf-8",
        "Date": "Thu, 18 Nov 2021 09:52:00 GMT",
        "Expires": "-1",
        "Pragma": "no-cache",
        "Server": [
          "Microsoft-HTTPAPI/2.0",
          "Microsoft-HTTPAPI/2.0"
        ],
        "Strict-Transport-Security": "max-age=31536000; includeSubDomains",
        "X-Content-Type-Options": "nosniff",
        "x-ms-arm-service-request-id": "05fd429d-a540-41e4-9978-38f4140b6251",
        "x-ms-client-request-id": "e316842363bd352c4716660b0c00ccab",
        "x-ms-correlation-request-id": "b92bf2ab-e780-44cb-ac69-832afc0ae0a7",
        "x-ms-ratelimit-remaining-subscription-reads": "11404",
        "x-ms-request-id": "455bffdf-1c3a-44b5-9e7b-f0801c4c2169",
        "x-ms-routing-request-id": "SOUTHEASTASIA:20211118T095201Z:b92bf2ab-e780-44cb-ac69-832afc0ae0a7"
      },
      "ResponseBody": [
        "{\r\n",
        "  \"status\": \"Succeeded\"\r\n",
        "}"
      ]
    },
    {
      "RequestUri": "https://management.azure.com/subscriptions/db1ab6f0-4769-4b27-930e-01e2ef9c123c/resourceGroups/Sql-RG-3468/providers/Microsoft.Network/virtualNetworks/vnet-1459?api-version=2021-02-01",
      "RequestMethod": "GET",
      "RequestHeaders": {
        "Authorization": "Sanitized",
        "User-Agent": [
          "azsdk-net-ResourceManager/1.0.0-beta.5",
          "(.NET Core 3.1.21; Microsoft Windows 10.0.22000)"
        ],
        "x-ms-client-request-id": "9151ccac41fb5252d2eed4718473a476",
        "x-ms-return-client-request-id": "true"
      },
      "RequestBody": null,
      "StatusCode": 200,
      "ResponseHeaders": {
        "Cache-Control": "no-cache",
        "Content-Length": "3227",
        "Content-Type": "application/json; charset=utf-8",
        "Date": "Thu, 18 Nov 2021 09:52:01 GMT",
        "ETag": "W/\"181fd440-2c3e-4699-be28-77d19b3b2f67\"",
        "Expires": "-1",
        "Pragma": "no-cache",
        "Server": [
          "Microsoft-HTTPAPI/2.0",
          "Microsoft-HTTPAPI/2.0"
        ],
        "Strict-Transport-Security": "max-age=31536000; includeSubDomains",
        "X-Content-Type-Options": "nosniff",
        "x-ms-arm-service-request-id": "81100968-4d5c-4498-90b9-5f19f2792941",
        "x-ms-client-request-id": "9151ccac41fb5252d2eed4718473a476",
        "x-ms-correlation-request-id": "ec9b6d37-149b-4a59-8066-521dba088041",
        "x-ms-ratelimit-remaining-subscription-reads": "11403",
        "x-ms-request-id": "de0734e2-8f76-43b0-8315-ee8a962449bc",
        "x-ms-routing-request-id": "SOUTHEASTASIA:20211118T095201Z:ec9b6d37-149b-4a59-8066-521dba088041"
      },
      "ResponseBody": [
        "{\r\n",
        "  \"name\": \"vnet-1459\",\r\n",
        "  \"id\": \"/subscriptions/db1ab6f0-4769-4b27-930e-01e2ef9c123c/resourceGroups/Sql-RG-3468/providers/Microsoft.Network/virtualNetworks/vnet-1459\",\r\n",
        "  \"etag\": \"W/\\\"181fd440-2c3e-4699-be28-77d19b3b2f67\\\"\",\r\n",
        "  \"type\": \"Microsoft.Network/virtualNetworks\",\r\n",
        "  \"location\": \"westus2\",\r\n",
        "  \"properties\": {\r\n",
        "    \"provisioningState\": \"Succeeded\",\r\n",
        "    \"resourceGuid\": \"124141f8-cce9-45a9-a265-395c5d1340f8\",\r\n",
        "    \"addressSpace\": {\r\n",
        "      \"addressPrefixes\": [\r\n",
        "        \"10.10.0.0/16\"\r\n",
        "      ]\r\n",
        "    },\r\n",
        "    \"subnets\": [\r\n",
        "      {\r\n",
        "        \"name\": \"subnet01\",\r\n",
        "        \"id\": \"/subscriptions/db1ab6f0-4769-4b27-930e-01e2ef9c123c/resourceGroups/Sql-RG-3468/providers/Microsoft.Network/virtualNetworks/vnet-1459/subnets/subnet01\",\r\n",
        "        \"etag\": \"W/\\\"181fd440-2c3e-4699-be28-77d19b3b2f67\\\"\",\r\n",
        "        \"properties\": {\r\n",
        "          \"provisioningState\": \"Succeeded\",\r\n",
        "          \"addressPrefix\": \"10.10.1.0/24\",\r\n",
        "          \"delegations\": [],\r\n",
        "          \"privateEndpointNetworkPolicies\": \"Enabled\",\r\n",
        "          \"privateLinkServiceNetworkPolicies\": \"Enabled\"\r\n",
        "        },\r\n",
        "        \"type\": \"Microsoft.Network/virtualNetworks/subnets\"\r\n",
        "      },\r\n",
        "      {\r\n",
        "        \"name\": \"ManagedInstance\",\r\n",
        "        \"id\": \"/subscriptions/db1ab6f0-4769-4b27-930e-01e2ef9c123c/resourceGroups/Sql-RG-3468/providers/Microsoft.Network/virtualNetworks/vnet-1459/subnets/ManagedInstance\",\r\n",
        "        \"etag\": \"W/\\\"181fd440-2c3e-4699-be28-77d19b3b2f67\\\"\",\r\n",
        "        \"properties\": {\r\n",
        "          \"provisioningState\": \"Succeeded\",\r\n",
        "          \"addressPrefix\": \"10.10.2.0/24\",\r\n",
        "          \"networkSecurityGroup\": {\r\n",
        "            \"id\": \"/subscriptions/db1ab6f0-4769-4b27-930e-01e2ef9c123c/resourceGroups/Sql-RG-3468/providers/Microsoft.Network/networkSecurityGroups/network-security-group-3562\"\r\n",
        "          },\r\n",
        "          \"routeTable\": {\r\n",
        "            \"id\": \"/subscriptions/db1ab6f0-4769-4b27-930e-01e2ef9c123c/resourceGroups/Sql-RG-3468/providers/Microsoft.Network/routeTables/route-table-6610\"\r\n",
        "          },\r\n",
        "          \"delegations\": [\r\n",
        "            {\r\n",
        "              \"name\": \"Microsoft.Sql/managedInstances\",\r\n",
        "              \"id\": \"/subscriptions/db1ab6f0-4769-4b27-930e-01e2ef9c123c/resourceGroups/Sql-RG-3468/providers/Microsoft.Network/virtualNetworks/vnet-1459/subnets/ManagedInstance/delegations/Microsoft.Sql/managedInstances\",\r\n",
        "              \"etag\": \"W/\\\"181fd440-2c3e-4699-be28-77d19b3b2f67\\\"\",\r\n",
        "              \"properties\": {\r\n",
        "                \"provisioningState\": \"Succeeded\",\r\n",
        "                \"serviceName\": \"Microsoft.Sql/managedInstances\",\r\n",
        "                \"actions\": [\r\n",
        "                  \"Microsoft.Network/virtualNetworks/subnets/join/action\",\r\n",
        "                  \"Microsoft.Network/virtualNetworks/subnets/prepareNetworkPolicies/action\",\r\n",
        "                  \"Microsoft.Network/virtualNetworks/subnets/unprepareNetworkPolicies/action\"\r\n",
        "                ]\r\n",
        "              },\r\n",
        "              \"type\": \"Microsoft.Network/virtualNetworks/subnets/delegations\"\r\n",
        "            }\r\n",
        "          ],\r\n",
        "          \"privateEndpointNetworkPolicies\": \"Enabled\",\r\n",
        "          \"privateLinkServiceNetworkPolicies\": \"Enabled\"\r\n",
        "        },\r\n",
        "        \"type\": \"Microsoft.Network/virtualNetworks/subnets\"\r\n",
        "      }\r\n",
        "    ],\r\n",
        "    \"virtualNetworkPeerings\": [],\r\n",
        "    \"enableDdosProtection\": false\r\n",
        "  }\r\n",
        "}"
      ]
    },
    {
      "RequestUri": "https://management.azure.com/subscriptions/db1ab6f0-4769-4b27-930e-01e2ef9c123c/resourceGroups/Sql-RG-3468/providers/Microsoft.Sql/managedInstances/managed-instance-2741?api-version=2020-11-01-preview",
      "RequestMethod": "PUT",
      "RequestHeaders": {
        "Accept": "application/json",
        "Authorization": "Sanitized",
        "Content-Length": "601",
        "Content-Type": "application/json",
        "User-Agent": [
          "azsdk-net-ResourceManager.Sql/1.0.0-alpha.20211118.1",
          "(.NET Core 3.1.21; Microsoft Windows 10.0.22000)"
        ],
        "x-ms-client-request-id": "8232ce014646258d8965cd679b04cbcd",
        "x-ms-return-client-request-id": "true"
      },
      "RequestBody": {
        "tags": {},
        "location": "westus2",
        "properties": {
          "administratorLogin": "admin-managed-instance-2741",
          "administratorLoginPassword": "HvVJ%paVC@%GBKmi",
          "subnetId": "/subscriptions/db1ab6f0-4769-4b27-930e-01e2ef9c123c/resourceGroups/Sql-RG-3468/providers/Microsoft.Network/virtualNetworks/vnet-1459/subnets/ManagedInstance",
          "publicDataEndpointEnabled": false,
          "proxyOverride": "Proxy",
          "timezoneId": "UTC",
          "maintenanceConfigurationId": "/subscriptions/db1ab6f0-4769-4b27-930e-01e2ef9c123c/providers/Microsoft.Maintenance/publicMaintenanceConfigurations/SQL_Default",
          "storageAccountType": "GRS",
          "zoneRedundant": false
        }
      },
      "StatusCode": 201,
      "ResponseHeaders": {
        "Cache-Control": "no-cache",
        "Content-Length": "765",
        "Content-Type": "application/json; charset=utf-8",
        "Date": "Thu, 18 Nov 2021 09:52:06 GMT",
        "Expires": "-1",
        "Pragma": "no-cache",
        "Retry-After": "60",
        "Server": "Microsoft-HTTPAPI/2.0",
        "Strict-Transport-Security": "max-age=31536000; includeSubDomains",
        "X-Content-Type-Options": "nosniff",
        "x-ms-correlation-request-id": "e171c706-2a02-4700-9d04-77770d304864",
        "x-ms-ratelimit-remaining-subscription-writes": "1193",
        "x-ms-request-id": "c0cbd793-d9c5-48fa-96f0-57489d6cfa09",
        "x-ms-routing-request-id": "SOUTHEASTASIA:20211118T095207Z:e171c706-2a02-4700-9d04-77770d304864"
      },
      "ResponseBody": {
        "identity": {
          "type": "None"
        },
        "sku": {
          "name": "GP_Gen5",
          "tier": "GeneralPurpose",
          "family": "Gen5",
          "capacity": 8
        },
        "properties": {
          "provisioningState": "Creating",
          "administratorLogin": "admin-managed-instance-2741",
          "licenseType": "LicenseIncluded",
          "vCores": 8,
          "storageSizeInGB": 256,
          "collation": "SQL_Latin1_General_CP1_CI_AS",
          "publicDataEndpointEnabled": false,
          "proxyOverride": "Proxy",
          "timezoneId": "UTC",
          "maintenanceConfigurationId": "SystemDefault",
          "privateEndpointConnections": [],
          "storageAccountType": "GRS",
          "zoneRedundant": false
        },
        "location": "westus2",
        "tags": {},
        "id": "/subscriptions/db1ab6f0-4769-4b27-930e-01e2ef9c123c/resourceGroups/Sql-RG-3468/providers/Microsoft.Sql/managedInstances/managed-instance-2741",
        "name": "managed-instance-2741",
        "type": "Microsoft.Sql/managedInstances"
      }
    },
    {
      "RequestUri": "https://management.azure.com/subscriptions/db1ab6f0-4769-4b27-930e-01e2ef9c123c/resourceGroups/Sql-RG-3468/providers/Microsoft.Sql/managedInstances/managed-instance-2741?api-version=2020-11-01-preview",
      "RequestMethod": "GET",
      "RequestHeaders": {
        "Authorization": "Sanitized",
        "User-Agent": [
          "azsdk-net-ResourceManager/1.0.0-beta.5",
          "(.NET Core 3.1.21; Microsoft Windows 10.0.22000)"
        ],
        "x-ms-client-request-id": "9a5a808038284b3ec4aa05a470498ac6",
        "x-ms-return-client-request-id": "true"
      },
      "RequestBody": null,
      "StatusCode": 200,
      "ResponseHeaders": {
        "Cache-Control": "no-cache",
        "Content-Length": "1149",
        "Content-Type": "application/json; charset=utf-8",
        "Date": "Thu, 18 Nov 2021 13:20:11 GMT",
        "Expires": "-1",
        "Pragma": "no-cache",
        "Server": "Microsoft-HTTPAPI/2.0",
        "Strict-Transport-Security": "max-age=31536000; includeSubDomains",
        "X-Content-Type-Options": "nosniff",
        "x-ms-correlation-request-id": "3aff766f-950a-47dc-9041-effed542ca3e",
        "x-ms-ratelimit-remaining-subscription-reads": "11962",
        "x-ms-request-id": "064f380d-2232-4c6e-93ce-6a059ab801eb",
        "x-ms-routing-request-id": "KOREASOUTH:20211118T132011Z:3aff766f-950a-47dc-9041-effed542ca3e"
      },
      "ResponseBody": {
        "sku": {
          "name": "GP_Gen5",
          "tier": "GeneralPurpose",
          "family": "Gen5",
          "capacity": 8
        },
        "properties": {
          "provisioningState": "Succeeded",
          "fullyQualifiedDomainName": "managed-instance-2741.87447eaa63ad.database.windows.net",
          "administratorLogin": "admin-managed-instance-2741",
          "subnetId": "/subscriptions/db1ab6f0-4769-4b27-930e-01e2ef9c123c/resourceGroups/Sql-RG-3468/providers/Microsoft.Network/virtualNetworks/vnet-1459/subnets/ManagedInstance",
          "state": "Ready",
          "licenseType": "LicenseIncluded",
          "vCores": 8,
          "storageSizeInGB": 256,
          "collation": "SQL_Latin1_General_CP1_CI_AS",
          "dnsZone": "87447eaa63ad",
          "publicDataEndpointEnabled": false,
          "proxyOverride": "Proxy",
          "timezoneId": "UTC",
          "maintenanceConfigurationId": "/subscriptions/db1ab6f0-4769-4b27-930e-01e2ef9c123c/providers/Microsoft.Maintenance/publicMaintenanceConfigurations/SQL_Default",
          "privateEndpointConnections": [],
          "storageAccountType": "GRS",
          "zoneRedundant": false
        },
        "location": "westus2",
        "tags": {},
        "id": "/subscriptions/db1ab6f0-4769-4b27-930e-01e2ef9c123c/resourceGroups/Sql-RG-3468/providers/Microsoft.Sql/managedInstances/managed-instance-2741",
        "name": "managed-instance-2741",
        "type": "Microsoft.Sql/managedInstances"
      }
    },
    {
      "RequestUri": "https://management.azure.com/subscriptions/db1ab6f0-4769-4b27-930e-01e2ef9c123c/resourceGroups/Sql-RG-3468/providers/Microsoft.Sql/managedInstances/managed-instance-2741/vulnerabilityAssessments/Default?api-version=2020-11-01-preview",
      "RequestMethod": "GET",
      "RequestHeaders": {
        "Accept": "application/json",
        "Authorization": "Sanitized",
        "User-Agent": [
          "azsdk-net-ResourceManager.Sql/1.0.0-alpha.20211118.1",
          "(.NET Core 3.1.21; Microsoft Windows 10.0.22000)"
        ],
        "x-ms-client-request-id": "1466622ba81e888761e55c0fab1eec46",
        "x-ms-return-client-request-id": "true"
      },
      "RequestBody": null,
      "StatusCode": 200,
      "ResponseHeaders": {
        "Cache-Control": "no-cache",
        "Content-Length": "348",
        "Content-Type": "application/json; charset=utf-8",
        "Date": "Thu, 18 Nov 2021 13:20:11 GMT",
        "Expires": "-1",
        "Pragma": "no-cache",
        "Server": "Microsoft-HTTPAPI/2.0",
        "Strict-Transport-Security": "max-age=31536000; includeSubDomains",
        "X-Content-Type-Options": "nosniff",
        "x-ms-correlation-request-id": "127ca3d9-4fcd-46ce-a947-4a3aca001f8d",
        "x-ms-ratelimit-remaining-subscription-reads": "11961",
        "x-ms-request-id": "0b1e02e0-cf55-41d7-831d-f5057729840f",
        "x-ms-routing-request-id": "KOREASOUTH:20211118T132011Z:127ca3d9-4fcd-46ce-a947-4a3aca001f8d"
      },
      "ResponseBody": {
        "properties": {
          "recurringScans": {
            "isEnabled": false,
            "emailSubscriptionAdmins": true
          }
        },
        "id": "/subscriptions/db1ab6f0-4769-4b27-930e-01e2ef9c123c/resourceGroups/Sql-RG-3468/providers/Microsoft.Sql/managedInstances/managed-instance-2741/vulnerabilityAssessments/Default",
        "name": "Default",
        "type": "Microsoft.Sql/managedInstances/vulnerabilityAssessments"
      }
    },
    {
      "RequestUri": "https://management.azure.com/subscriptions/db1ab6f0-4769-4b27-930e-01e2ef9c123c/resourceGroups/Sql-RG-3468/providers/Microsoft.Sql/managedInstances/managed-instance-2741/vulnerabilityAssessments/Default?api-version=2020-11-01-preview",
      "RequestMethod": "GET",
      "RequestHeaders": {
        "Accept": "application/json",
        "Authorization": "Sanitized",
        "User-Agent": [
          "azsdk-net-ResourceManager.Sql/1.0.0-alpha.20211118.1",
          "(.NET Core 3.1.21; Microsoft Windows 10.0.22000)"
        ],
        "x-ms-client-request-id": "2c4ae315d2ed026c507d8e48d4676889",
        "x-ms-return-client-request-id": "true"
      },
      "RequestBody": null,
      "StatusCode": 200,
      "ResponseHeaders": {
        "Cache-Control": "no-cache",
        "Content-Length": "348",
        "Content-Type": "application/json; charset=utf-8",
        "Date": "Thu, 18 Nov 2021 13:20:11 GMT",
        "Expires": "-1",
        "Pragma": "no-cache",
        "Server": "Microsoft-HTTPAPI/2.0",
        "Strict-Transport-Security": "max-age=31536000; includeSubDomains",
        "X-Content-Type-Options": "nosniff",
        "x-ms-correlation-request-id": "2592f402-3747-4787-96dd-fb6a16ba1cd4",
        "x-ms-ratelimit-remaining-subscription-reads": "11959",
        "x-ms-request-id": "87cc8caf-4685-44ab-8c04-be4dbf343964",
        "x-ms-routing-request-id": "KOREASOUTH:20211118T132012Z:2592f402-3747-4787-96dd-fb6a16ba1cd4"
      },
      "ResponseBody": {
        "properties": {
          "recurringScans": {
            "isEnabled": false,
            "emailSubscriptionAdmins": true
          }
        },
        "id": "/subscriptions/db1ab6f0-4769-4b27-930e-01e2ef9c123c/resourceGroups/Sql-RG-3468/providers/Microsoft.Sql/managedInstances/managed-instance-2741/vulnerabilityAssessments/Default",
        "name": "Default",
        "type": "Microsoft.Sql/managedInstances/vulnerabilityAssessments"
      }
    },
    {
      "RequestUri": "https://management.azure.com/subscriptions/db1ab6f0-4769-4b27-930e-01e2ef9c123c/resourceGroups/Sql-RG-3468/providers/Microsoft.Sql/managedInstances/managed-instance-2741/vulnerabilityAssessments?api-version=2020-11-01-preview",
      "RequestMethod": "GET",
      "RequestHeaders": {
        "Accept": "application/json",
        "Authorization": "Sanitized",
        "User-Agent": [
          "azsdk-net-ResourceManager.Sql/1.0.0-alpha.20211118.1",
          "(.NET Core 3.1.21; Microsoft Windows 10.0.22000)"
        ],
        "x-ms-client-request-id": "a31ac3c1f711d84cf9d13942dc2fa0a5",
        "x-ms-return-client-request-id": "true"
      },
      "RequestBody": null,
      "StatusCode": 200,
      "ResponseHeaders": {
        "Cache-Control": "no-cache",
        "Content-Length": "360",
        "Content-Type": "application/json; charset=utf-8",
        "Date": "Thu, 18 Nov 2021 13:20:12 GMT",
        "Expires": "-1",
        "Pragma": "no-cache",
        "Server": "Microsoft-HTTPAPI/2.0",
        "Strict-Transport-Security": "max-age=31536000; includeSubDomains",
        "X-Content-Type-Options": "nosniff",
        "x-ms-correlation-request-id": "405f8c4d-c685-460d-842c-09decc0408ca",
        "x-ms-ratelimit-remaining-subscription-reads": "11958",
        "x-ms-request-id": "1b5574bd-60a1-4d50-bc3d-87b45f3d59b0",
        "x-ms-routing-request-id": "KOREASOUTH:20211118T132012Z:405f8c4d-c685-460d-842c-09decc0408ca"
      },
      "ResponseBody": {
        "value": [
          {
            "properties": {
              "recurringScans": {
                "isEnabled": false,
                "emailSubscriptionAdmins": true
              }
            },
            "id": "/subscriptions/db1ab6f0-4769-4b27-930e-01e2ef9c123c/resourceGroups/Sql-RG-3468/providers/Microsoft.Sql/managedInstances/managed-instance-2741/vulnerabilityAssessments/Default",
            "name": "Default",
            "type": "Microsoft.Sql/managedInstances/vulnerabilityAssessments"
          }
        ]
      }
    }
  ],
  "Variables": {
    "RandomSeed": "658684651",
    "RESOURCE_MANAGER_URL": null,
    "SUBSCRIPTION_ID": "db1ab6f0-4769-4b27-930e-01e2ef9c123c"
  }
}