{
  "Entries": [
    {
      "RequestUri": "https://management.azure.com/subscriptions/db1ab6f0-4769-4b27-930e-01e2ef9c123c?api-version=2019-11-01",
      "RequestMethod": "GET",
      "RequestHeaders": {
        "Accept": "application/json",
        "Authorization": "Sanitized",
        "User-Agent": "azsdk-net-ResourceManager/1.0.0-alpha.20210811.3 (.NET Framework 4.8.4300.0; Microsoft Windows 10.0.19043 )",
        "x-ms-client-request-id": "4ab13edd66c1d3244aa502aec52debf9",
        "x-ms-return-client-request-id": "true"
      },
      "RequestBody": null,
      "StatusCode": 200,
      "ResponseHeaders": {
        "Cache-Control": "no-cache",
        "Content-Length": "468",
        "Content-Type": "application/json; charset=utf-8",
        "Date": "Tue, 17 Aug 2021 03:45:39 GMT",
        "Expires": "-1",
        "Pragma": "no-cache",
        "Strict-Transport-Security": "max-age=31536000; includeSubDomains",
        "X-Content-Type-Options": "nosniff",
        "x-ms-correlation-request-id": "374ffa43-507e-46ca-aea2-58d783549223",
        "x-ms-ratelimit-remaining-subscription-reads": "11975",
        "x-ms-request-id": "374ffa43-507e-46ca-aea2-58d783549223",
        "x-ms-routing-request-id": "SOUTHEASTASIA:20210817T034540Z:374ffa43-507e-46ca-aea2-58d783549223"
      },
      "ResponseBody": {
        "id": "/subscriptions/db1ab6f0-4769-4b27-930e-01e2ef9c123c",
        "authorizationSource": "RoleBased",
        "managedByTenants": [],
        "tags": {
          "tagKey1": "tagValue1",
          "tagKey2": "tagValue2"
        },
        "subscriptionId": "db1ab6f0-4769-4b27-930e-01e2ef9c123c",
        "tenantId": "72f988bf-86f1-41af-91ab-2d7cd011db47",
        "displayName": ".NET Mgmt SDK Test with TTL = 1 Day",
        "state": "Enabled",
        "subscriptionPolicies": {
          "locationPlacementId": "Internal_2014-09-01",
          "quotaId": "Internal_2014-09-01",
          "spendingLimit": "Off"
        }
      }
    },
    {
      "RequestUri": "https://management.azure.com/subscriptions/db1ab6f0-4769-4b27-930e-01e2ef9c123c/resourcegroups/teststorageRG-513?api-version=2019-10-01",
      "RequestMethod": "PUT",
      "RequestHeaders": {
        "Accept": "application/json",
        "Authorization": "Sanitized",
        "Content-Length": "44",
        "Content-Type": "application/json",
        "traceparent": "00-d327255c72624a4a9dab7139ac19316d-67ae148ba46a5244-00",
        "User-Agent": "azsdk-net-ResourceManager/1.0.0-alpha.20210811.3 (.NET Framework 4.8.4300.0; Microsoft Windows 10.0.19043 )",
        "x-ms-client-request-id": "caa2dcd62547528fbde15dcb5668c727",
        "x-ms-return-client-request-id": "true"
      },
      "RequestBody": {
        "location": "eastus2",
        "tags": {
          "test": "env"
        }
      },
      "StatusCode": 201,
      "ResponseHeaders": {
        "Cache-Control": "no-cache",
        "Content-Length": "254",
        "Content-Type": "application/json; charset=utf-8",
        "Date": "Tue, 17 Aug 2021 03:45:40 GMT",
        "Expires": "-1",
        "Pragma": "no-cache",
        "Strict-Transport-Security": "max-age=31536000; includeSubDomains",
        "X-Content-Type-Options": "nosniff",
        "x-ms-correlation-request-id": "0823e5b2-c9b0-4a52-a417-1e218ee61f10",
        "x-ms-ratelimit-remaining-subscription-writes": "1196",
        "x-ms-request-id": "0823e5b2-c9b0-4a52-a417-1e218ee61f10",
        "x-ms-routing-request-id": "SOUTHEASTASIA:20210817T034541Z:0823e5b2-c9b0-4a52-a417-1e218ee61f10"
      },
      "ResponseBody": {
        "id": "/subscriptions/db1ab6f0-4769-4b27-930e-01e2ef9c123c/resourceGroups/teststorageRG-513",
        "name": "teststorageRG-513",
        "type": "Microsoft.Resources/resourceGroups",
        "location": "eastus2",
        "tags": {
          "test": "env"
        },
        "properties": {
          "provisioningState": "Succeeded"
        }
      }
    },
    {
      "RequestUri": "https://management.azure.com/subscriptions/db1ab6f0-4769-4b27-930e-01e2ef9c123c/resourceGroups/teststorageRG-513/providers/Microsoft.Storage/storageAccounts/storage6266?api-version=2021-04-01",
      "RequestMethod": "PUT",
      "RequestHeaders": {
        "Accept": "application/json",
        "Authorization": "Sanitized",
        "Content-Length": "126",
        "Content-Type": "application/json",
        "User-Agent": "azsdk-net-ResourceManager/1.0.0-alpha.20210811.3 (.NET Framework 4.8.4300.0; Microsoft Windows 10.0.19043 )",
        "x-ms-client-request-id": "279d5d54c5aa40abf0e58d02456b08f1",
        "x-ms-return-client-request-id": "true"
      },
      "RequestBody": {
        "sku": {
          "name": "Standard_GRS"
        },
        "kind": "Storage",
        "location": "eastus2",
        "tags": {
          "key1": "value1",
          "key2": "value2"
        },
        "properties": {}
      },
      "StatusCode": 202,
      "ResponseHeaders": {
        "Cache-Control": "no-cache",
        "Content-Length": "0",
        "Content-Type": "text/plain; charset=utf-8",
        "Date": "Tue, 17 Aug 2021 03:45:46 GMT",
        "Expires": "-1",
        "Location": "https://management.azure.com/subscriptions/db1ab6f0-4769-4b27-930e-01e2ef9c123c/providers/Microsoft.Storage/locations/eastus2/asyncoperations/2740f7e9-f767-4b4c-abe2-8083b808fef1?monitor=true\u0026api-version=2021-04-01",
        "Pragma": "no-cache",
        "Retry-After": "17",
        "Server": "Microsoft-Azure-Storage-Resource-Provider/1.0,Microsoft-HTTPAPI/2.0 Microsoft-HTTPAPI/2.0",
        "Strict-Transport-Security": "max-age=31536000; includeSubDomains",
        "X-Content-Type-Options": "nosniff",
        "x-ms-client-request-id": "279d5d54c5aa40abf0e58d02456b08f1",
        "x-ms-correlation-request-id": "0ca040ae-3cbf-4dd5-ac17-b300d03101ea",
        "x-ms-ratelimit-remaining-subscription-writes": "1195",
        "x-ms-request-id": "2740f7e9-f767-4b4c-abe2-8083b808fef1",
        "x-ms-routing-request-id": "SOUTHEASTASIA:20210817T034547Z:0ca040ae-3cbf-4dd5-ac17-b300d03101ea"
      },
      "ResponseBody": []
    },
    {
      "RequestUri": "https://management.azure.com/subscriptions/db1ab6f0-4769-4b27-930e-01e2ef9c123c/providers/Microsoft.Storage/locations/eastus2/asyncoperations/2740f7e9-f767-4b4c-abe2-8083b808fef1?monitor=true\u0026api-version=2021-04-01",
      "RequestMethod": "GET",
      "RequestHeaders": {
        "Authorization": "Sanitized",
        "User-Agent": "azsdk-net-ResourceManager/1.0.0-alpha.20210811.3 (.NET Framework 4.8.4300.0; Microsoft Windows 10.0.19043 )",
        "x-ms-client-request-id": "8ed9c287f45b172bf78a574002507775",
        "x-ms-return-client-request-id": "true"
      },
      "RequestBody": null,
      "StatusCode": 202,
      "ResponseHeaders": {
        "Cache-Control": "no-cache",
        "Content-Length": "0",
        "Content-Type": "text/plain; charset=utf-8",
        "Date": "Tue, 17 Aug 2021 03:45:46 GMT",
        "Expires": "-1",
        "Location": "https://management.azure.com/subscriptions/db1ab6f0-4769-4b27-930e-01e2ef9c123c/providers/Microsoft.Storage/locations/eastus2/asyncoperations/2740f7e9-f767-4b4c-abe2-8083b808fef1?monitor=true\u0026api-version=2021-04-01",
        "Pragma": "no-cache",
        "Retry-After": "17",
        "Server": "Microsoft-Azure-Storage-Resource-Provider/1.0,Microsoft-HTTPAPI/2.0 Microsoft-HTTPAPI/2.0",
        "Strict-Transport-Security": "max-age=31536000; includeSubDomains",
        "X-Content-Type-Options": "nosniff",
        "x-ms-client-request-id": "8ed9c287f45b172bf78a574002507775",
        "x-ms-correlation-request-id": "b1dfe088-3efb-4b83-b4fc-5414b96efca3",
        "x-ms-ratelimit-remaining-subscription-reads": "11974",
        "x-ms-request-id": "670ae557-b47a-44e3-a4e1-ba8798704ee5",
        "x-ms-routing-request-id": "SOUTHEASTASIA:20210817T034547Z:b1dfe088-3efb-4b83-b4fc-5414b96efca3"
      },
      "ResponseBody": []
    },
    {
      "RequestUri": "https://management.azure.com/subscriptions/db1ab6f0-4769-4b27-930e-01e2ef9c123c/providers/Microsoft.Storage/locations/eastus2/asyncoperations/2740f7e9-f767-4b4c-abe2-8083b808fef1?monitor=true\u0026api-version=2021-04-01",
      "RequestMethod": "GET",
      "RequestHeaders": {
        "Authorization": "Sanitized",
        "User-Agent": "azsdk-net-ResourceManager/1.0.0-alpha.20210811.3 (.NET Framework 4.8.4300.0; Microsoft Windows 10.0.19043 )",
        "x-ms-client-request-id": "7794da54d831beb3457a2fa640e338fc",
        "x-ms-return-client-request-id": "true"
      },
      "RequestBody": null,
      "StatusCode": 202,
      "ResponseHeaders": {
        "Cache-Control": "no-cache",
        "Content-Length": "0",
        "Content-Type": "text/plain; charset=utf-8",
        "Date": "Tue, 17 Aug 2021 03:45:48 GMT",
        "Expires": "-1",
        "Location": "https://management.azure.com/subscriptions/db1ab6f0-4769-4b27-930e-01e2ef9c123c/providers/Microsoft.Storage/locations/eastus2/asyncoperations/2740f7e9-f767-4b4c-abe2-8083b808fef1?monitor=true\u0026api-version=2021-04-01",
        "Pragma": "no-cache",
        "Retry-After": "17",
        "Server": "Microsoft-Azure-Storage-Resource-Provider/1.0,Microsoft-HTTPAPI/2.0 Microsoft-HTTPAPI/2.0",
        "Strict-Transport-Security": "max-age=31536000; includeSubDomains",
        "X-Content-Type-Options": "nosniff",
        "x-ms-client-request-id": "7794da54d831beb3457a2fa640e338fc",
        "x-ms-correlation-request-id": "969a46f9-9d3f-47f5-9573-4152dda943e0",
        "x-ms-ratelimit-remaining-subscription-reads": "11973",
        "x-ms-request-id": "a6a22fbf-97fa-4739-abe5-7c800d505a74",
        "x-ms-routing-request-id": "SOUTHEASTASIA:20210817T034548Z:969a46f9-9d3f-47f5-9573-4152dda943e0"
      },
      "ResponseBody": []
    },
    {
      "RequestUri": "https://management.azure.com/subscriptions/db1ab6f0-4769-4b27-930e-01e2ef9c123c/providers/Microsoft.Storage/locations/eastus2/asyncoperations/2740f7e9-f767-4b4c-abe2-8083b808fef1?monitor=true\u0026api-version=2021-04-01",
      "RequestMethod": "GET",
      "RequestHeaders": {
        "Authorization": "Sanitized",
        "User-Agent": "azsdk-net-ResourceManager/1.0.0-alpha.20210811.3 (.NET Framework 4.8.4300.0; Microsoft Windows 10.0.19043 )",
        "x-ms-client-request-id": "837b52a77992cd95c57e57c43ed720a7",
        "x-ms-return-client-request-id": "true"
      },
      "RequestBody": null,
      "StatusCode": 202,
      "ResponseHeaders": {
        "Cache-Control": "no-cache",
        "Content-Length": "0",
        "Content-Type": "text/plain; charset=utf-8",
        "Date": "Tue, 17 Aug 2021 03:45:49 GMT",
        "Expires": "-1",
        "Location": "https://management.azure.com/subscriptions/db1ab6f0-4769-4b27-930e-01e2ef9c123c/providers/Microsoft.Storage/locations/eastus2/asyncoperations/2740f7e9-f767-4b4c-abe2-8083b808fef1?monitor=true\u0026api-version=2021-04-01",
        "Pragma": "no-cache",
        "Retry-After": "17",
        "Server": "Microsoft-Azure-Storage-Resource-Provider/1.0,Microsoft-HTTPAPI/2.0 Microsoft-HTTPAPI/2.0",
        "Strict-Transport-Security": "max-age=31536000; includeSubDomains",
        "X-Content-Type-Options": "nosniff",
        "x-ms-client-request-id": "837b52a77992cd95c57e57c43ed720a7",
        "x-ms-correlation-request-id": "d278b3f7-2b77-4c29-a372-13ef33d1b48a",
        "x-ms-ratelimit-remaining-subscription-reads": "11972",
        "x-ms-request-id": "04038fe6-0bcd-4b52-bc3d-3d1541f423bd",
        "x-ms-routing-request-id": "SOUTHEASTASIA:20210817T034550Z:d278b3f7-2b77-4c29-a372-13ef33d1b48a"
      },
      "ResponseBody": []
    },
    {
      "RequestUri": "https://management.azure.com/subscriptions/db1ab6f0-4769-4b27-930e-01e2ef9c123c/providers/Microsoft.Storage/locations/eastus2/asyncoperations/2740f7e9-f767-4b4c-abe2-8083b808fef1?monitor=true\u0026api-version=2021-04-01",
      "RequestMethod": "GET",
      "RequestHeaders": {
        "Authorization": "Sanitized",
        "User-Agent": "azsdk-net-ResourceManager/1.0.0-alpha.20210811.3 (.NET Framework 4.8.4300.0; Microsoft Windows 10.0.19043 )",
        "x-ms-client-request-id": "2d720f8cc660af080f1a49e0c584d613",
        "x-ms-return-client-request-id": "true"
      },
      "RequestBody": null,
      "StatusCode": 202,
      "ResponseHeaders": {
        "Cache-Control": "no-cache",
        "Content-Length": "0",
        "Content-Type": "text/plain; charset=utf-8",
        "Date": "Tue, 17 Aug 2021 03:45:50 GMT",
        "Expires": "-1",
        "Location": "https://management.azure.com/subscriptions/db1ab6f0-4769-4b27-930e-01e2ef9c123c/providers/Microsoft.Storage/locations/eastus2/asyncoperations/2740f7e9-f767-4b4c-abe2-8083b808fef1?monitor=true\u0026api-version=2021-04-01",
        "Pragma": "no-cache",
        "Retry-After": "17",
        "Server": "Microsoft-Azure-Storage-Resource-Provider/1.0,Microsoft-HTTPAPI/2.0 Microsoft-HTTPAPI/2.0",
        "Strict-Transport-Security": "max-age=31536000; includeSubDomains",
        "X-Content-Type-Options": "nosniff",
        "x-ms-client-request-id": "2d720f8cc660af080f1a49e0c584d613",
        "x-ms-correlation-request-id": "feec04fe-b705-453a-9311-96ef89777f9d",
        "x-ms-ratelimit-remaining-subscription-reads": "11971",
        "x-ms-request-id": "c0acaf57-4e08-4490-bca8-a95a5e131c13",
        "x-ms-routing-request-id": "SOUTHEASTASIA:20210817T034551Z:feec04fe-b705-453a-9311-96ef89777f9d"
      },
      "ResponseBody": []
    },
    {
      "RequestUri": "https://management.azure.com/subscriptions/db1ab6f0-4769-4b27-930e-01e2ef9c123c/providers/Microsoft.Storage/locations/eastus2/asyncoperations/2740f7e9-f767-4b4c-abe2-8083b808fef1?monitor=true\u0026api-version=2021-04-01",
      "RequestMethod": "GET",
      "RequestHeaders": {
        "Authorization": "Sanitized",
        "User-Agent": "azsdk-net-ResourceManager/1.0.0-alpha.20210811.3 (.NET Framework 4.8.4300.0; Microsoft Windows 10.0.19043 )",
        "x-ms-client-request-id": "af985a51f4d4dae345c6b2b281ee7f6d",
        "x-ms-return-client-request-id": "true"
      },
      "RequestBody": null,
      "StatusCode": 202,
      "ResponseHeaders": {
        "Cache-Control": "no-cache",
        "Content-Length": "0",
        "Content-Type": "text/plain; charset=utf-8",
        "Date": "Tue, 17 Aug 2021 03:45:52 GMT",
        "Expires": "-1",
        "Location": "https://management.azure.com/subscriptions/db1ab6f0-4769-4b27-930e-01e2ef9c123c/providers/Microsoft.Storage/locations/eastus2/asyncoperations/2740f7e9-f767-4b4c-abe2-8083b808fef1?monitor=true\u0026api-version=2021-04-01",
        "Pragma": "no-cache",
        "Retry-After": "17",
        "Server": "Microsoft-Azure-Storage-Resource-Provider/1.0,Microsoft-HTTPAPI/2.0 Microsoft-HTTPAPI/2.0",
        "Strict-Transport-Security": "max-age=31536000; includeSubDomains",
        "X-Content-Type-Options": "nosniff",
        "x-ms-client-request-id": "af985a51f4d4dae345c6b2b281ee7f6d",
        "x-ms-correlation-request-id": "c6d7b15a-fd3d-4fdd-be58-6868596bc3e7",
        "x-ms-ratelimit-remaining-subscription-reads": "11970",
        "x-ms-request-id": "0061e26f-d214-4e64-ad71-745df0d62f69",
        "x-ms-routing-request-id": "SOUTHEASTASIA:20210817T034552Z:c6d7b15a-fd3d-4fdd-be58-6868596bc3e7"
      },
      "ResponseBody": []
    },
    {
      "RequestUri": "https://management.azure.com/subscriptions/db1ab6f0-4769-4b27-930e-01e2ef9c123c/providers/Microsoft.Storage/locations/eastus2/asyncoperations/2740f7e9-f767-4b4c-abe2-8083b808fef1?monitor=true\u0026api-version=2021-04-01",
      "RequestMethod": "GET",
      "RequestHeaders": {
        "Authorization": "Sanitized",
        "User-Agent": "azsdk-net-ResourceManager/1.0.0-alpha.20210811.3 (.NET Framework 4.8.4300.0; Microsoft Windows 10.0.19043 )",
        "x-ms-client-request-id": "301a875a0a70e19b4acb747730b40740",
        "x-ms-return-client-request-id": "true"
      },
      "RequestBody": null,
      "StatusCode": 202,
      "ResponseHeaders": {
        "Cache-Control": "no-cache",
        "Content-Length": "0",
        "Content-Type": "text/plain; charset=utf-8",
        "Date": "Tue, 17 Aug 2021 03:45:53 GMT",
        "Expires": "-1",
        "Location": "https://management.azure.com/subscriptions/db1ab6f0-4769-4b27-930e-01e2ef9c123c/providers/Microsoft.Storage/locations/eastus2/asyncoperations/2740f7e9-f767-4b4c-abe2-8083b808fef1?monitor=true\u0026api-version=2021-04-01",
        "Pragma": "no-cache",
        "Retry-After": "17",
        "Server": "Microsoft-Azure-Storage-Resource-Provider/1.0,Microsoft-HTTPAPI/2.0 Microsoft-HTTPAPI/2.0",
        "Strict-Transport-Security": "max-age=31536000; includeSubDomains",
        "X-Content-Type-Options": "nosniff",
        "x-ms-client-request-id": "301a875a0a70e19b4acb747730b40740",
        "x-ms-correlation-request-id": "3edf5a32-9fc4-43e6-b15f-e3eddb7360a9",
        "x-ms-ratelimit-remaining-subscription-reads": "11969",
        "x-ms-request-id": "a677ef6f-3863-4ede-a3e2-a7d9bf2d63f0",
        "x-ms-routing-request-id": "SOUTHEASTASIA:20210817T034554Z:3edf5a32-9fc4-43e6-b15f-e3eddb7360a9"
      },
      "ResponseBody": []
    },
    {
      "RequestUri": "https://management.azure.com/subscriptions/db1ab6f0-4769-4b27-930e-01e2ef9c123c/providers/Microsoft.Storage/locations/eastus2/asyncoperations/2740f7e9-f767-4b4c-abe2-8083b808fef1?monitor=true\u0026api-version=2021-04-01",
      "RequestMethod": "GET",
      "RequestHeaders": {
        "Authorization": "Sanitized",
        "User-Agent": "azsdk-net-ResourceManager/1.0.0-alpha.20210811.3 (.NET Framework 4.8.4300.0; Microsoft Windows 10.0.19043 )",
        "x-ms-client-request-id": "e47343a8703e98d22c97e89914552e20",
        "x-ms-return-client-request-id": "true"
      },
      "RequestBody": null,
      "StatusCode": 202,
      "ResponseHeaders": {
        "Cache-Control": "no-cache",
        "Content-Length": "0",
        "Content-Type": "text/plain; charset=utf-8",
        "Date": "Tue, 17 Aug 2021 03:45:54 GMT",
        "Expires": "-1",
        "Location": "https://management.azure.com/subscriptions/db1ab6f0-4769-4b27-930e-01e2ef9c123c/providers/Microsoft.Storage/locations/eastus2/asyncoperations/2740f7e9-f767-4b4c-abe2-8083b808fef1?monitor=true\u0026api-version=2021-04-01",
        "Pragma": "no-cache",
        "Retry-After": "17",
        "Server": "Microsoft-Azure-Storage-Resource-Provider/1.0,Microsoft-HTTPAPI/2.0 Microsoft-HTTPAPI/2.0",
        "Strict-Transport-Security": "max-age=31536000; includeSubDomains",
        "X-Content-Type-Options": "nosniff",
        "x-ms-client-request-id": "e47343a8703e98d22c97e89914552e20",
        "x-ms-correlation-request-id": "39f25e84-0281-43c7-be83-f5d3e732e13d",
        "x-ms-ratelimit-remaining-subscription-reads": "11968",
        "x-ms-request-id": "dd72bc0d-b1c3-46f1-bdde-482fb62dc3ca",
        "x-ms-routing-request-id": "SOUTHEASTASIA:20210817T034555Z:39f25e84-0281-43c7-be83-f5d3e732e13d"
      },
      "ResponseBody": []
    },
    {
      "RequestUri": "https://management.azure.com/subscriptions/db1ab6f0-4769-4b27-930e-01e2ef9c123c/providers/Microsoft.Storage/locations/eastus2/asyncoperations/2740f7e9-f767-4b4c-abe2-8083b808fef1?monitor=true\u0026api-version=2021-04-01",
      "RequestMethod": "GET",
      "RequestHeaders": {
        "Authorization": "Sanitized",
        "User-Agent": "azsdk-net-ResourceManager/1.0.0-alpha.20210811.3 (.NET Framework 4.8.4300.0; Microsoft Windows 10.0.19043 )",
        "x-ms-client-request-id": "3e85db9ba56a46a2bfb76509806baa90",
        "x-ms-return-client-request-id": "true"
      },
      "RequestBody": null,
      "StatusCode": 202,
      "ResponseHeaders": {
        "Cache-Control": "no-cache",
        "Content-Length": "0",
        "Content-Type": "text/plain; charset=utf-8",
        "Date": "Tue, 17 Aug 2021 03:45:56 GMT",
        "Expires": "-1",
        "Location": "https://management.azure.com/subscriptions/db1ab6f0-4769-4b27-930e-01e2ef9c123c/providers/Microsoft.Storage/locations/eastus2/asyncoperations/2740f7e9-f767-4b4c-abe2-8083b808fef1?monitor=true\u0026api-version=2021-04-01",
        "Pragma": "no-cache",
        "Retry-After": "17",
        "Server": "Microsoft-Azure-Storage-Resource-Provider/1.0,Microsoft-HTTPAPI/2.0 Microsoft-HTTPAPI/2.0",
        "Strict-Transport-Security": "max-age=31536000; includeSubDomains",
        "X-Content-Type-Options": "nosniff",
        "x-ms-client-request-id": "3e85db9ba56a46a2bfb76509806baa90",
        "x-ms-correlation-request-id": "de6d6a58-9ab2-482f-a4ed-640f2f9d871c",
        "x-ms-ratelimit-remaining-subscription-reads": "11967",
        "x-ms-request-id": "7ba1eaaa-7336-4645-83c3-af3322444fd1",
        "x-ms-routing-request-id": "SOUTHEASTASIA:20210817T034556Z:de6d6a58-9ab2-482f-a4ed-640f2f9d871c"
      },
      "ResponseBody": []
    },
    {
      "RequestUri": "https://management.azure.com/subscriptions/db1ab6f0-4769-4b27-930e-01e2ef9c123c/providers/Microsoft.Storage/locations/eastus2/asyncoperations/2740f7e9-f767-4b4c-abe2-8083b808fef1?monitor=true\u0026api-version=2021-04-01",
      "RequestMethod": "GET",
      "RequestHeaders": {
        "Authorization": "Sanitized",
        "User-Agent": "azsdk-net-ResourceManager/1.0.0-alpha.20210811.3 (.NET Framework 4.8.4300.0; Microsoft Windows 10.0.19043 )",
        "x-ms-client-request-id": "3d0a72be9b7bea2fb48104d82201cdf4",
        "x-ms-return-client-request-id": "true"
      },
      "RequestBody": null,
      "StatusCode": 202,
      "ResponseHeaders": {
        "Cache-Control": "no-cache",
        "Content-Length": "0",
        "Content-Type": "text/plain; charset=utf-8",
        "Date": "Tue, 17 Aug 2021 03:45:57 GMT",
        "Expires": "-1",
        "Location": "https://management.azure.com/subscriptions/db1ab6f0-4769-4b27-930e-01e2ef9c123c/providers/Microsoft.Storage/locations/eastus2/asyncoperations/2740f7e9-f767-4b4c-abe2-8083b808fef1?monitor=true\u0026api-version=2021-04-01",
        "Pragma": "no-cache",
        "Retry-After": "17",
        "Server": "Microsoft-Azure-Storage-Resource-Provider/1.0,Microsoft-HTTPAPI/2.0 Microsoft-HTTPAPI/2.0",
        "Strict-Transport-Security": "max-age=31536000; includeSubDomains",
        "X-Content-Type-Options": "nosniff",
        "x-ms-client-request-id": "3d0a72be9b7bea2fb48104d82201cdf4",
        "x-ms-correlation-request-id": "6bfcb708-66fe-43c2-8af0-a5f99105b487",
        "x-ms-ratelimit-remaining-subscription-reads": "11966",
        "x-ms-request-id": "cf4a531c-12b9-423f-bc73-784187305c43",
        "x-ms-routing-request-id": "SOUTHEASTASIA:20210817T034558Z:6bfcb708-66fe-43c2-8af0-a5f99105b487"
      },
      "ResponseBody": []
    },
    {
      "RequestUri": "https://management.azure.com/subscriptions/db1ab6f0-4769-4b27-930e-01e2ef9c123c/providers/Microsoft.Storage/locations/eastus2/asyncoperations/2740f7e9-f767-4b4c-abe2-8083b808fef1?monitor=true\u0026api-version=2021-04-01",
      "RequestMethod": "GET",
      "RequestHeaders": {
        "Authorization": "Sanitized",
        "User-Agent": "azsdk-net-ResourceManager/1.0.0-alpha.20210811.3 (.NET Framework 4.8.4300.0; Microsoft Windows 10.0.19043 )",
        "x-ms-client-request-id": "54dc539dc92e02d5a02c25860bc918c1",
        "x-ms-return-client-request-id": "true"
      },
      "RequestBody": null,
      "StatusCode": 202,
      "ResponseHeaders": {
        "Cache-Control": "no-cache",
        "Content-Length": "0",
        "Content-Type": "text/plain; charset=utf-8",
        "Date": "Tue, 17 Aug 2021 03:45:58 GMT",
        "Expires": "-1",
        "Location": "https://management.azure.com/subscriptions/db1ab6f0-4769-4b27-930e-01e2ef9c123c/providers/Microsoft.Storage/locations/eastus2/asyncoperations/2740f7e9-f767-4b4c-abe2-8083b808fef1?monitor=true\u0026api-version=2021-04-01",
        "Pragma": "no-cache",
        "Retry-After": "17",
        "Server": "Microsoft-Azure-Storage-Resource-Provider/1.0,Microsoft-HTTPAPI/2.0 Microsoft-HTTPAPI/2.0",
        "Strict-Transport-Security": "max-age=31536000; includeSubDomains",
        "X-Content-Type-Options": "nosniff",
        "x-ms-client-request-id": "54dc539dc92e02d5a02c25860bc918c1",
        "x-ms-correlation-request-id": "e2085d0e-f353-4883-8318-a04819d9c903",
        "x-ms-ratelimit-remaining-subscription-reads": "11965",
        "x-ms-request-id": "5b3edf38-97ca-47e6-b75b-755fa754aba6",
        "x-ms-routing-request-id": "SOUTHEASTASIA:20210817T034559Z:e2085d0e-f353-4883-8318-a04819d9c903"
      },
      "ResponseBody": []
    },
    {
      "RequestUri": "https://management.azure.com/subscriptions/db1ab6f0-4769-4b27-930e-01e2ef9c123c/providers/Microsoft.Storage/locations/eastus2/asyncoperations/2740f7e9-f767-4b4c-abe2-8083b808fef1?monitor=true\u0026api-version=2021-04-01",
      "RequestMethod": "GET",
      "RequestHeaders": {
        "Authorization": "Sanitized",
        "User-Agent": "azsdk-net-ResourceManager/1.0.0-alpha.20210811.3 (.NET Framework 4.8.4300.0; Microsoft Windows 10.0.19043 )",
        "x-ms-client-request-id": "a2db57edf04b00a4ac9b8ae9a1ca24bd",
        "x-ms-return-client-request-id": "true"
      },
      "RequestBody": null,
      "StatusCode": 202,
      "ResponseHeaders": {
        "Cache-Control": "no-cache",
        "Content-Length": "0",
        "Content-Type": "text/plain; charset=utf-8",
        "Date": "Tue, 17 Aug 2021 03:46:00 GMT",
        "Expires": "-1",
        "Location": "https://management.azure.com/subscriptions/db1ab6f0-4769-4b27-930e-01e2ef9c123c/providers/Microsoft.Storage/locations/eastus2/asyncoperations/2740f7e9-f767-4b4c-abe2-8083b808fef1?monitor=true\u0026api-version=2021-04-01",
        "Pragma": "no-cache",
        "Retry-After": "3",
        "Server": "Microsoft-Azure-Storage-Resource-Provider/1.0,Microsoft-HTTPAPI/2.0 Microsoft-HTTPAPI/2.0",
        "Strict-Transport-Security": "max-age=31536000; includeSubDomains",
        "X-Content-Type-Options": "nosniff",
        "x-ms-client-request-id": "a2db57edf04b00a4ac9b8ae9a1ca24bd",
        "x-ms-correlation-request-id": "6dd59b21-cdf5-4c02-87b1-661469e18a52",
        "x-ms-ratelimit-remaining-subscription-reads": "11964",
        "x-ms-request-id": "216f8f6a-424d-4c19-af33-1611fd5cc293",
        "x-ms-routing-request-id": "SOUTHEASTASIA:20210817T034600Z:6dd59b21-cdf5-4c02-87b1-661469e18a52"
      },
      "ResponseBody": []
    },
    {
      "RequestUri": "https://management.azure.com/subscriptions/db1ab6f0-4769-4b27-930e-01e2ef9c123c/providers/Microsoft.Storage/locations/eastus2/asyncoperations/2740f7e9-f767-4b4c-abe2-8083b808fef1?monitor=true\u0026api-version=2021-04-01",
      "RequestMethod": "GET",
      "RequestHeaders": {
        "Authorization": "Sanitized",
        "User-Agent": "azsdk-net-ResourceManager/1.0.0-alpha.20210811.3 (.NET Framework 4.8.4300.0; Microsoft Windows 10.0.19043 )",
        "x-ms-client-request-id": "2c6b70ea558ff5629c089c4f76a8dfea",
        "x-ms-return-client-request-id": "true"
      },
      "RequestBody": null,
      "StatusCode": 202,
      "ResponseHeaders": {
        "Cache-Control": "no-cache",
        "Content-Length": "0",
        "Content-Type": "text/plain; charset=utf-8",
        "Date": "Tue, 17 Aug 2021 03:46:01 GMT",
        "Expires": "-1",
        "Location": "https://management.azure.com/subscriptions/db1ab6f0-4769-4b27-930e-01e2ef9c123c/providers/Microsoft.Storage/locations/eastus2/asyncoperations/2740f7e9-f767-4b4c-abe2-8083b808fef1?monitor=true\u0026api-version=2021-04-01",
        "Pragma": "no-cache",
        "Retry-After": "3",
        "Server": "Microsoft-Azure-Storage-Resource-Provider/1.0,Microsoft-HTTPAPI/2.0 Microsoft-HTTPAPI/2.0",
        "Strict-Transport-Security": "max-age=31536000; includeSubDomains",
        "X-Content-Type-Options": "nosniff",
        "x-ms-client-request-id": "2c6b70ea558ff5629c089c4f76a8dfea",
        "x-ms-correlation-request-id": "17157a5a-687c-4d52-8c0a-9a7b3feea87b",
        "x-ms-ratelimit-remaining-subscription-reads": "11963",
        "x-ms-request-id": "23fbd172-6123-458e-a6ee-30038383a19f",
        "x-ms-routing-request-id": "SOUTHEASTASIA:20210817T034602Z:17157a5a-687c-4d52-8c0a-9a7b3feea87b"
      },
      "ResponseBody": []
    },
    {
      "RequestUri": "https://management.azure.com/subscriptions/db1ab6f0-4769-4b27-930e-01e2ef9c123c/providers/Microsoft.Storage/locations/eastus2/asyncoperations/2740f7e9-f767-4b4c-abe2-8083b808fef1?monitor=true\u0026api-version=2021-04-01",
      "RequestMethod": "GET",
      "RequestHeaders": {
        "Authorization": "Sanitized",
        "User-Agent": "azsdk-net-ResourceManager/1.0.0-alpha.20210811.3 (.NET Framework 4.8.4300.0; Microsoft Windows 10.0.19043 )",
        "x-ms-client-request-id": "caeb43692b26ada9aedca8923fec60d6",
        "x-ms-return-client-request-id": "true"
      },
      "RequestBody": null,
      "StatusCode": 200,
      "ResponseHeaders": {
        "Cache-Control": "no-cache",
        "Content-Length": "1297",
        "Content-Type": "application/json",
        "Date": "Tue, 17 Aug 2021 03:46:02 GMT",
        "Expires": "-1",
        "Pragma": "no-cache",
        "Server": "Microsoft-Azure-Storage-Resource-Provider/1.0,Microsoft-HTTPAPI/2.0 Microsoft-HTTPAPI/2.0",
        "Strict-Transport-Security": "max-age=31536000; includeSubDomains",
        "X-Content-Type-Options": "nosniff",
        "x-ms-client-request-id": "caeb43692b26ada9aedca8923fec60d6",
        "x-ms-correlation-request-id": "40c6d0b9-01db-4158-b0c9-f93d5d804138",
        "x-ms-ratelimit-remaining-subscription-reads": "11962",
        "x-ms-request-id": "81007683-694e-4d6d-91c7-422bb02679d8",
        "x-ms-routing-request-id": "SOUTHEASTASIA:20210817T034603Z:40c6d0b9-01db-4158-b0c9-f93d5d804138"
      },
      "ResponseBody": {
        "sku": {
          "name": "Standard_GRS",
          "tier": "Standard"
        },
        "kind": "Storage",
        "id": "/subscriptions/db1ab6f0-4769-4b27-930e-01e2ef9c123c/resourceGroups/teststorageRG-513/providers/Microsoft.Storage/storageAccounts/storage6266",
        "name": "storage6266",
        "type": "Microsoft.Storage/storageAccounts",
        "location": "eastus2",
        "tags": {
          "key1": "value1",
          "key2": "value2"
        },
        "properties": {
          "keyCreationTime": {
            "key1": "2021-08-17T03:45:44.7507248Z",
            "key2": "2021-08-17T03:45:44.7507248Z"
          },
          "privateEndpointConnections": [],
          "networkAcls": {
            "bypass": "AzureServices",
            "virtualNetworkRules": [],
            "ipRules": [],
            "defaultAction": "Allow"
          },
          "supportsHttpsTrafficOnly": true,
          "encryption": {
            "services": {
              "file": {
                "keyType": "Account",
                "enabled": true,
                "lastEnabledTime": "2021-08-17T03:45:44.7663473Z"
              },
              "blob": {
                "keyType": "Account",
                "enabled": true,
                "lastEnabledTime": "2021-08-17T03:45:44.7663473Z"
              }
            },
            "keySource": "Microsoft.Storage"
          },
          "provisioningState": "Succeeded",
          "creationTime": "2021-08-17T03:45:44.6726462Z",
          "primaryEndpoints": {
            "blob": "https://storage6266.blob.core.windows.net/",
            "queue": "https://storage6266.queue.core.windows.net/",
            "table": "https://storage6266.table.core.windows.net/",
            "file": "https://storage6266.file.core.windows.net/"
          },
          "primaryLocation": "eastus2",
          "statusOfPrimary": "available",
          "secondaryLocation": "centralus",
          "statusOfSecondary": "available"
        }
      }
    },
    {
      "RequestUri": "https://management.azure.com/subscriptions/db1ab6f0-4769-4b27-930e-01e2ef9c123c/resourceGroups/teststorageRG-513/providers/Microsoft.Storage/storageAccounts/storage6266/fileServices/default?api-version=2021-04-01",
      "RequestMethod": "GET",
      "RequestHeaders": {
        "Accept": "application/json",
        "Authorization": "Sanitized",
        "User-Agent": "azsdk-net-ResourceManager/1.0.0-alpha.20210811.3 (.NET Framework 4.8.4300.0; Microsoft Windows 10.0.19043 )",
        "x-ms-client-request-id": "9a9c6707eb5e9732f4e6054253558903",
        "x-ms-return-client-request-id": "true"
      },
      "RequestBody": null,
      "StatusCode": 200,
      "ResponseHeaders": {
        "Cache-Control": "no-cache",
        "Content-Length": "415",
        "Content-Type": "application/json",
        "Date": "Tue, 17 Aug 2021 03:46:03 GMT",
        "Expires": "-1",
        "Pragma": "no-cache",
        "Server": "Microsoft-Azure-Storage-Resource-Provider/1.0,Microsoft-HTTPAPI/2.0 Microsoft-HTTPAPI/2.0",
        "Strict-Transport-Security": "max-age=31536000; includeSubDomains",
        "X-Content-Type-Options": "nosniff",
        "x-ms-client-request-id": "9a9c6707eb5e9732f4e6054253558903",
        "x-ms-correlation-request-id": "9cdd13e7-472a-49c6-98e9-1a23834fbcb1",
        "x-ms-ratelimit-remaining-subscription-reads": "11961",
        "x-ms-request-id": "9747072e-5478-4a77-8d3c-fac18ea4fdca",
        "x-ms-routing-request-id": "SOUTHEASTASIA:20210817T034603Z:9cdd13e7-472a-49c6-98e9-1a23834fbcb1"
      },
      "ResponseBody": {
        "sku": {
          "name": "Standard_GRS",
          "tier": "Standard"
        },
        "id": "/subscriptions/db1ab6f0-4769-4b27-930e-01e2ef9c123c/resourceGroups/teststorageRG-513/providers/Microsoft.Storage/storageAccounts/storage6266/fileServices/default",
        "name": "default",
        "type": "Microsoft.Storage/storageAccounts/fileServices",
        "properties": {
          "protocolSettings": {
            "smb": {}
          },
          "cors": {
            "corsRules": []
          },
          "shareDeleteRetentionPolicy": {
            "enabled": true,
            "days": 7
          }
        }
      }
    },
    {
      "RequestUri": "https://management.azure.com/subscriptions/db1ab6f0-4769-4b27-930e-01e2ef9c123c/resourceGroups/teststorageRG-513/providers/Microsoft.Storage/storageAccounts/storage6266/fileServices/default/shares/testfileshare4954?api-version=2021-04-01",
      "RequestMethod": "PUT",
      "RequestHeaders": {
        "Accept": "application/json",
        "Authorization": "Sanitized",
        "Content-Length": "17",
        "Content-Type": "application/json",
        "User-Agent": "azsdk-net-ResourceManager/1.0.0-alpha.20210811.3 (.NET Framework 4.8.4300.0; Microsoft Windows 10.0.19043 )",
        "x-ms-client-request-id": "de5e7f9f965ac7bfbe7db2adcfb5b0a8",
        "x-ms-return-client-request-id": "true"
      },
      "RequestBody": {
        "properties": {}
      },
      "StatusCode": 201,
      "ResponseHeaders": {
        "Cache-Control": "no-cache",
        "Content-Length": "301",
        "Content-Type": "application/json",
        "Date": "Tue, 17 Aug 2021 03:46:03 GMT",
        "ETag": "\u00220x8D9613189E2FCFC\u0022",
        "Expires": "-1",
        "Pragma": "no-cache",
        "Server": "Microsoft-Azure-Storage-Resource-Provider/1.0,Microsoft-HTTPAPI/2.0 Microsoft-HTTPAPI/2.0",
        "Strict-Transport-Security": "max-age=31536000; includeSubDomains",
        "X-Content-Type-Options": "nosniff",
        "x-ms-client-request-id": "de5e7f9f965ac7bfbe7db2adcfb5b0a8",
        "x-ms-correlation-request-id": "999bea3b-7ecd-4efa-9010-7bead90c2a54",
        "x-ms-ratelimit-remaining-subscription-writes": "1194",
        "x-ms-request-id": "c666ebb3-3458-4538-a232-c8e3cd0b11ac",
        "x-ms-routing-request-id": "SOUTHEASTASIA:20210817T034604Z:999bea3b-7ecd-4efa-9010-7bead90c2a54"
      },
      "ResponseBody": {
        "id": "/subscriptions/db1ab6f0-4769-4b27-930e-01e2ef9c123c/resourceGroups/teststorageRG-513/providers/Microsoft.Storage/storageAccounts/storage6266/fileServices/default/shares/testfileshare4954",
        "name": "testfileshare4954",
        "type": "Microsoft.Storage/storageAccounts/fileServices/shares",
        "properties": {}
      }
    },
    {
      "RequestUri": "https://management.azure.com/subscriptions/db1ab6f0-4769-4b27-930e-01e2ef9c123c/resourceGroups/teststorageRG-513/providers/Microsoft.Storage/storageAccounts/storage6266/fileServices/default/shares/testfileshare4954?api-version=2021-04-01",
      "RequestMethod": "GET",
      "RequestHeaders": {
        "Accept": "application/json",
        "Authorization": "Sanitized",
        "User-Agent": "azsdk-net-ResourceManager/1.0.0-alpha.20210811.3 (.NET Framework 4.8.4300.0; Microsoft Windows 10.0.19043 )",
        "x-ms-client-request-id": "0c0e47c68c44117d53d5402566595852",
        "x-ms-return-client-request-id": "true"
      },
      "RequestBody": null,
      "StatusCode": 200,
      "ResponseHeaders": {
        "Cache-Control": "no-cache",
        "Content-Length": "472",
        "Content-Type": "application/json",
        "Date": "Tue, 17 Aug 2021 03:46:04 GMT",
        "ETag": "\u00220x8D9613189E2FCFC\u0022",
        "Expires": "-1",
        "Pragma": "no-cache",
        "Server": "Microsoft-Azure-Storage-Resource-Provider/1.0,Microsoft-HTTPAPI/2.0 Microsoft-HTTPAPI/2.0",
        "Strict-Transport-Security": "max-age=31536000; includeSubDomains",
        "X-Content-Type-Options": "nosniff",
        "x-ms-client-request-id": "0c0e47c68c44117d53d5402566595852",
        "x-ms-correlation-request-id": "e032062d-274c-4da1-9f44-5df9191e5b52",
        "x-ms-ratelimit-remaining-subscription-reads": "11960",
        "x-ms-request-id": "cf11726a-b9ac-4b62-b900-1ab07febf634",
        "x-ms-routing-request-id": "SOUTHEASTASIA:20210817T034604Z:e032062d-274c-4da1-9f44-5df9191e5b52"
      },
      "ResponseBody": {
        "id": "/subscriptions/db1ab6f0-4769-4b27-930e-01e2ef9c123c/resourceGroups/teststorageRG-513/providers/Microsoft.Storage/storageAccounts/storage6266/fileServices/default/shares/testfileshare4954",
        "name": "testfileshare4954",
        "type": "Microsoft.Storage/storageAccounts/fileServices/shares",
        "etag": "\u00220x8D9613189E2FCFC\u0022",
        "properties": {
          "leaseStatus": "unlocked",
          "leaseState": "available",
          "signedIdentifiers": [],
          "lastModifiedTime": "2021-08-17T03:46:04.0000000Z",
          "shareQuota": 5120
        }
      }
    },
    {
      "RequestUri": "https://management.azure.com/subscriptions/db1ab6f0-4769-4b27-930e-01e2ef9c123c/resourceGroups/teststorageRG-513/providers/Microsoft.Storage/storageAccounts/storage6266/fileServices/default/shares/testfileshare4954?api-version=2021-04-01",
      "RequestMethod": "GET",
      "RequestHeaders": {
        "Accept": "application/json",
        "Authorization": "Sanitized",
        "User-Agent": "azsdk-net-ResourceManager/1.0.0-alpha.20210811.3 (.NET Framework 4.8.4300.0; Microsoft Windows 10.0.19043 )",
        "x-ms-client-request-id": "6c9fd6a4f802d1adddd29f6e7fea2530",
        "x-ms-return-client-request-id": "true"
      },
      "RequestBody": null,
      "StatusCode": 200,
      "ResponseHeaders": {
        "Cache-Control": "no-cache",
        "Content-Length": "472",
        "Content-Type": "application/json",
        "Date": "Tue, 17 Aug 2021 03:46:04 GMT",
        "ETag": "\u00220x8D9613189E2FCFC\u0022",
        "Expires": "-1",
        "Pragma": "no-cache",
        "Server": "Microsoft-Azure-Storage-Resource-Provider/1.0,Microsoft-HTTPAPI/2.0 Microsoft-HTTPAPI/2.0",
        "Strict-Transport-Security": "max-age=31536000; includeSubDomains",
        "X-Content-Type-Options": "nosniff",
        "x-ms-client-request-id": "6c9fd6a4f802d1adddd29f6e7fea2530",
        "x-ms-correlation-request-id": "10f68524-65da-4fe2-8644-f70b8a5c593a",
        "x-ms-ratelimit-remaining-subscription-reads": "11959",
        "x-ms-request-id": "de357268-60d6-4948-8b31-f43f5bb226c0",
        "x-ms-routing-request-id": "SOUTHEASTASIA:20210817T034605Z:10f68524-65da-4fe2-8644-f70b8a5c593a"
      },
      "ResponseBody": {
        "id": "/subscriptions/db1ab6f0-4769-4b27-930e-01e2ef9c123c/resourceGroups/teststorageRG-513/providers/Microsoft.Storage/storageAccounts/storage6266/fileServices/default/shares/testfileshare4954",
        "name": "testfileshare4954",
        "type": "Microsoft.Storage/storageAccounts/fileServices/shares",
        "etag": "\u00220x8D9613189E2FCFC\u0022",
        "properties": {
          "leaseStatus": "unlocked",
          "leaseState": "available",
          "signedIdentifiers": [],
          "lastModifiedTime": "2021-08-17T03:46:04.0000000Z",
          "shareQuota": 5120
        }
      }
    },
    {
      "RequestUri": "https://management.azure.com/subscriptions/db1ab6f0-4769-4b27-930e-01e2ef9c123c/resourceGroups/teststorageRG-513/providers/Microsoft.Storage/storageAccounts/storage6266/fileServices/default/shares/testfileshare49541?api-version=2021-04-01",
      "RequestMethod": "GET",
      "RequestHeaders": {
        "Accept": "application/json",
        "Authorization": "Sanitized",
        "User-Agent": "azsdk-net-ResourceManager/1.0.0-alpha.20210811.3 (.NET Framework 4.8.4300.0; Microsoft Windows 10.0.19043 )",
        "x-ms-client-request-id": "0e8d9a55f77b1277014d8a8456996165",
        "x-ms-return-client-request-id": "true"
      },
      "RequestBody": null,
      "StatusCode": 404,
      "ResponseHeaders": {
        "Cache-Control": "no-cache",
        "Content-Length": "165",
        "Content-Type": "application/json",
        "Date": "Tue, 17 Aug 2021 03:46:04 GMT",
        "Expires": "-1",
        "Pragma": "no-cache",
        "Server": "Microsoft-Azure-Storage-Resource-Provider/1.0,Microsoft-HTTPAPI/2.0 Microsoft-HTTPAPI/2.0",
        "Strict-Transport-Security": "max-age=31536000; includeSubDomains",
        "X-Content-Type-Options": "nosniff",
        "x-ms-client-request-id": "0e8d9a55f77b1277014d8a8456996165",
        "x-ms-correlation-request-id": "2eb3b812-02ca-417d-b5ec-297cce50373d",
        "x-ms-ratelimit-remaining-subscription-reads": "11958",
        "x-ms-request-id": "af0a3ec0-aeae-4858-b4cc-ccb49b2c88df",
        "x-ms-routing-request-id": "SOUTHEASTASIA:20210817T034605Z:2eb3b812-02ca-417d-b5ec-297cce50373d"
      },
      "ResponseBody": {
        "error": {
          "code": "ShareNotFound",
          "message": "The specified share does not exist.\nRequestId:5323e60b-901a-003a-0e1a-936672000000\nTime:2021-08-17T03:46:05.4229587Z"
        }
      }
    },
    {
      "RequestUri": "https://management.azure.com/subscriptions/db1ab6f0-4769-4b27-930e-01e2ef9c123c/resourceGroups/teststorageRG-513/providers/Microsoft.Storage/storageAccounts/storage6266/fileServices/default/shares/testfileshare4954?api-version=2021-04-01",
      "RequestMethod": "DELETE",
      "RequestHeaders": {
        "Accept": "application/json",
        "Authorization": "Sanitized",
        "User-Agent": "azsdk-net-ResourceManager/1.0.0-alpha.20210811.3 (.NET Framework 4.8.4300.0; Microsoft Windows 10.0.19043 )",
        "x-ms-client-request-id": "f90860244316cea69a3d2e72ed0f9169",
        "x-ms-return-client-request-id": "true"
      },
      "RequestBody": null,
      "StatusCode": 200,
      "ResponseHeaders": {
        "Cache-Control": "no-cache",
        "Content-Length": "0",
        "Content-Type": "text/plain; charset=utf-8",
        "Date": "Tue, 17 Aug 2021 03:46:05 GMT",
        "Expires": "-1",
        "Pragma": "no-cache",
        "Server": "Microsoft-Azure-Storage-Resource-Provider/1.0,Microsoft-HTTPAPI/2.0 Microsoft-HTTPAPI/2.0",
        "Strict-Transport-Security": "max-age=31536000; includeSubDomains",
        "X-Content-Type-Options": "nosniff",
        "x-ms-client-request-id": "f90860244316cea69a3d2e72ed0f9169",
        "x-ms-correlation-request-id": "45faf1e4-3cde-47b1-a2f6-14632dabec52",
        "x-ms-ratelimit-remaining-subscription-deletes": "14996",
        "x-ms-request-id": "f276859b-4be0-48b8-a98b-a504a954a246",
        "x-ms-routing-request-id": "SOUTHEASTASIA:20210817T034605Z:45faf1e4-3cde-47b1-a2f6-14632dabec52"
      },
      "ResponseBody": []
    },
    {
      "RequestUri": "https://management.azure.com/subscriptions/db1ab6f0-4769-4b27-930e-01e2ef9c123c/resourceGroups/teststorageRG-513/providers/Microsoft.Storage/storageAccounts/storage6266/fileServices/default/shares/testfileshare4954?api-version=2021-04-01",
      "RequestMethod": "GET",
      "RequestHeaders": {
        "Accept": "application/json",
        "Authorization": "Sanitized",
        "User-Agent": "azsdk-net-ResourceManager/1.0.0-alpha.20210811.3 (.NET Framework 4.8.4300.0; Microsoft Windows 10.0.19043 )",
        "x-ms-client-request-id": "ccd010b04accacd75e8c6bb46d287a43",
        "x-ms-return-client-request-id": "true"
      },
      "RequestBody": null,
      "StatusCode": 404,
      "ResponseHeaders": {
        "Cache-Control": "no-cache",
        "Content-Length": "165",
        "Content-Type": "application/json",
        "Date": "Tue, 17 Aug 2021 03:46:05 GMT",
        "Expires": "-1",
        "Pragma": "no-cache",
        "Server": "Microsoft-Azure-Storage-Resource-Provider/1.0,Microsoft-HTTPAPI/2.0 Microsoft-HTTPAPI/2.0",
        "Strict-Transport-Security": "max-age=31536000; includeSubDomains",
        "X-Content-Type-Options": "nosniff",
        "x-ms-client-request-id": "ccd010b04accacd75e8c6bb46d287a43",
        "x-ms-correlation-request-id": "1bc2a13e-511a-48f0-bf41-9c0b390082e7",
        "x-ms-ratelimit-remaining-subscription-reads": "11957",
        "x-ms-request-id": "4fab494b-285b-45c5-83f3-5bc5cc3503e3",
        "x-ms-routing-request-id": "SOUTHEASTASIA:20210817T034606Z:1bc2a13e-511a-48f0-bf41-9c0b390082e7"
      },
      "ResponseBody": {
        "error": {
          "code": "ShareNotFound",
          "message": "The specified share does not exist.\nRequestId:5323e617-901a-003a-191a-936672000000\nTime:2021-08-17T03:46:06.1344735Z"
        }
      }
    },
    {
      "RequestUri": "https://management.azure.com/subscriptions/db1ab6f0-4769-4b27-930e-01e2ef9c123c/resourceGroups/teststorageRG-513/providers/Microsoft.Storage/storageAccounts/storage6266/fileServices/default/shares/testfileshare4954?api-version=2021-04-01",
      "RequestMethod": "GET",
      "RequestHeaders": {
        "Accept": "application/json",
        "Authorization": "Sanitized",
        "User-Agent": "azsdk-net-ResourceManager/1.0.0-alpha.20210811.3 (.NET Framework 4.8.4300.0; Microsoft Windows 10.0.19043 )",
        "x-ms-client-request-id": "1e493a712be1111af4bf733dc90525f1",
        "x-ms-return-client-request-id": "true"
      },
      "RequestBody": null,
      "StatusCode": 404,
      "ResponseHeaders": {
        "Cache-Control": "no-cache",
        "Content-Length": "165",
        "Content-Type": "application/json",
        "Date": "Tue, 17 Aug 2021 03:46:05 GMT",
        "Expires": "-1",
        "Pragma": "no-cache",
        "Server": "Microsoft-Azure-Storage-Resource-Provider/1.0,Microsoft-HTTPAPI/2.0 Microsoft-HTTPAPI/2.0",
        "Strict-Transport-Security": "max-age=31536000; includeSubDomains",
        "X-Content-Type-Options": "nosniff",
        "x-ms-client-request-id": "1e493a712be1111af4bf733dc90525f1",
        "x-ms-correlation-request-id": "d3ae1835-ed9b-4b19-aada-c58420ac98f9",
        "x-ms-ratelimit-remaining-subscription-reads": "11956",
        "x-ms-request-id": "a7fdf34a-9b55-4fe8-960a-bff7834ca304",
        "x-ms-routing-request-id": "SOUTHEASTASIA:20210817T034606Z:d3ae1835-ed9b-4b19-aada-c58420ac98f9"
      },
      "ResponseBody": {
        "error": {
          "code": "ShareNotFound",
          "message": "The specified share does not exist.\nRequestId:5323e622-901a-003a-241a-936672000000\nTime:2021-08-17T03:46:06.5257563Z"
        }
      }
    },
    {
      "RequestUri": "https://management.azure.com/subscriptions/db1ab6f0-4769-4b27-930e-01e2ef9c123c/resourceGroups/teststorageRG-513/providers/Microsoft.Storage/storageAccounts?api-version=2021-04-01",
      "RequestMethod": "GET",
      "RequestHeaders": {
        "Accept": "application/json",
        "Authorization": "Sanitized",
        "User-Agent": "azsdk-net-ResourceManager/1.0.0-alpha.20210811.3 (.NET Framework 4.8.4300.0; Microsoft Windows 10.0.19043 )",
        "x-ms-client-request-id": "46d321bb94c8d998895c9a89d7f16071",
        "x-ms-return-client-request-id": "true"
      },
      "RequestBody": null,
      "StatusCode": 200,
      "ResponseHeaders": {
        "Cache-Control": "no-cache",
        "Content-Length": "1309",
        "Content-Type": "application/json",
        "Date": "Tue, 17 Aug 2021 03:46:06 GMT",
        "Expires": "-1",
        "Pragma": "no-cache",
        "Server": "Microsoft-Azure-Storage-Resource-Provider/1.0,Microsoft-HTTPAPI/2.0 Microsoft-HTTPAPI/2.0",
        "Strict-Transport-Security": "max-age=31536000; includeSubDomains",
        "X-Content-Type-Options": "nosniff",
        "x-ms-client-request-id": "46d321bb94c8d998895c9a89d7f16071",
        "x-ms-correlation-request-id": "72a52159-b9ec-4f17-9184-699e902cb941",
        "x-ms-ratelimit-remaining-subscription-reads": "11955",
        "x-ms-request-id": "89d27dd8-21b0-47c2-beb6-dafe5639b92c",
        "x-ms-routing-request-id": "SOUTHEASTASIA:20210817T034606Z:72a52159-b9ec-4f17-9184-699e902cb941"
      },
      "ResponseBody": {
        "value": [
          {
            "sku": {
              "name": "Standard_GRS",
              "tier": "Standard"
            },
            "kind": "Storage",
            "id": "/subscriptions/db1ab6f0-4769-4b27-930e-01e2ef9c123c/resourceGroups/teststorageRG-513/providers/Microsoft.Storage/storageAccounts/storage6266",
            "name": "storage6266",
            "type": "Microsoft.Storage/storageAccounts",
            "location": "eastus2",
            "tags": {
              "key1": "value1",
              "key2": "value2"
            },
            "properties": {
              "keyCreationTime": {
                "key1": "2021-08-17T03:45:44.7507248Z",
                "key2": "2021-08-17T03:45:44.7507248Z"
              },
              "privateEndpointConnections": [],
              "networkAcls": {
                "bypass": "AzureServices",
                "virtualNetworkRules": [],
                "ipRules": [],
                "defaultAction": "Allow"
              },
              "supportsHttpsTrafficOnly": true,
              "encryption": {
                "services": {
                  "file": {
                    "keyType": "Account",
                    "enabled": true,
                    "lastEnabledTime": "2021-08-17T03:45:44.7663473Z"
                  },
                  "blob": {
                    "keyType": "Account",
                    "enabled": true,
                    "lastEnabledTime": "2021-08-17T03:45:44.7663473Z"
                  }
                },
                "keySource": "Microsoft.Storage"
              },
              "provisioningState": "Succeeded",
              "creationTime": "2021-08-17T03:45:44.6726462Z",
              "primaryEndpoints": {
                "blob": "https://storage6266.blob.core.windows.net/",
                "queue": "https://storage6266.queue.core.windows.net/",
                "table": "https://storage6266.table.core.windows.net/",
                "file": "https://storage6266.file.core.windows.net/"
              },
              "primaryLocation": "eastus2",
              "statusOfPrimary": "available",
              "secondaryLocation": "centralus",
              "statusOfSecondary": "available"
            }
          }
        ]
      }
    },
    {
      "RequestUri": "https://management.azure.com/subscriptions/db1ab6f0-4769-4b27-930e-01e2ef9c123c/resourceGroups/teststorageRG-513/providers/Microsoft.Storage/storageAccounts/storage6266?api-version=2021-04-01",
      "RequestMethod": "DELETE",
      "RequestHeaders": {
        "Authorization": "Sanitized",
        "User-Agent": "azsdk-net-ResourceManager/1.0.0-alpha.20210811.3 (.NET Framework 4.8.4300.0; Microsoft Windows 10.0.19043 )",
        "x-ms-client-request-id": "b300eac272c68587f5bed80dd699e358",
        "x-ms-return-client-request-id": "true"
      },
      "RequestBody": null,
      "StatusCode": 200,
      "ResponseHeaders": {
        "Cache-Control": "no-cache",
        "Content-Length": "0",
        "Content-Type": "text/plain; charset=utf-8",
        "Date": "Tue, 17 Aug 2021 03:46:12 GMT",
        "Expires": "-1",
        "Pragma": "no-cache",
        "Server": "Microsoft-Azure-Storage-Resource-Provider/1.0,Microsoft-HTTPAPI/2.0 Microsoft-HTTPAPI/2.0",
        "Strict-Transport-Security": "max-age=31536000; includeSubDomains",
        "X-Content-Type-Options": "nosniff",
        "x-ms-client-request-id": "b300eac272c68587f5bed80dd699e358",
        "x-ms-correlation-request-id": "4439fda3-4281-4c59-be92-53a5911cb445",
        "x-ms-ratelimit-remaining-subscription-deletes": "14995",
        "x-ms-request-id": "818b30ef-fe10-41c5-ba13-b3de45c35458",
        "x-ms-routing-request-id": "SOUTHEASTASIA:20210817T034613Z:4439fda3-4281-4c59-be92-53a5911cb445"
      },
      "ResponseBody": []
    }
  ],
  "Variables": {
    "RandomSeed": "408875736",
    "RESOURCE_MANAGER_URL": null,
    "SUBSCRIPTION_ID": "db1ab6f0-4769-4b27-930e-01e2ef9c123c"
  }
}