{
  "Entries": [
    {
      "RequestUri": "https://management.azure.com/subscriptions/db1ab6f0-4769-4b27-930e-01e2ef9c123c/resourceGroups/Default-Dns-3253/providers/Microsoft.Network/dnsZones/azure.ameredmondlocalNotoptest.dns?api-version=2018-05-01",
      "RequestMethod": "PUT",
      "RequestHeaders": {
        "Accept": "application/json",
        "Authorization": "Sanitized",
        "Content-Length": "37",
        "Content-Type": "application/json",
        "traceparent": "00-e75760cc9f64f34f9e7e11a97e559f64-79f37a690b84dd46-00",
        "User-Agent": [
          "azsdk-net-ResourceManager.Dns/1.0.0-alpha.20200928.1",
          "(.NET Core 4.6.29130.01; Linux 4.19.128-microsoft-standard #1 SMP Tue Jun 23 12:58:10 UTC 2020)"
        ],
        "x-ms-client-request-id": "4aa93dff94c75965c38b94f63a8ab42b",
        "x-ms-return-client-request-id": "true"
      },
      "RequestBody": {
        "location": "Global",
        "properties": {}
      },
      "StatusCode": 201,
      "ResponseHeaders": {
        "Cache-Control": "private",
        "Content-Length": "568",
        "Content-Type": "application/json; charset=utf-8",
        "Date": "Mon, 28 Sep 2020 19:34:28 GMT",
        "ETag": "00000002-0000-0000-b6bd-7761ce95d601",
        "Server": "Microsoft-IIS/10.0",
        "Strict-Transport-Security": "max-age=31536000; includeSubDomains",
        "X-Content-Type-Options": "nosniff",
        "x-ms-correlation-request-id": "9f25e20a-a7fe-437a-90f5-a1dcfe7a54c1",
        "x-ms-ratelimit-remaining-subscription-resource-requests": "11997",
        "x-ms-request-id": "4aa93dff-94c7-5965-c38b-94f63a8ab42b",
        "x-ms-routing-request-id": "WESTUS2:20200928T193429Z:9f25e20a-a7fe-437a-90f5-a1dcfe7a54c1",
        "X-Powered-By": "ASP.NET"
      },
      "ResponseBody": "{\u0022id\u0022:\u0022\\/subscriptions\\/db1ab6f0-4769-4b27-930e-01e2ef9c123c\\/resourceGroups\\/default-dns-3253\\/providers\\/Microsoft.Network\\/dnszones\\/azure.ameredmondlocalnotoptest.dns\u0022,\u0022name\u0022:\u0022azure.ameredmondlocalnotoptest.dns\u0022,\u0022type\u0022:\u0022Microsoft.Network\\/dnszones\u0022,\u0022etag\u0022:\u002200000002-0000-0000-b6bd-7761ce95d601\u0022,\u0022location\u0022:\u0022global\u0022,\u0022tags\u0022:{},\u0022properties\u0022:{\u0022maxNumberOfRecordSets\u0022:10000,\u0022maxNumberOfRecordsPerRecordSet\u0022:null,\u0022nameServers\u0022:[\u0022ns1-04.azure-dns.com.\u0022,\u0022ns2-04.azure-dns.net.\u0022,\u0022ns3-04.azure-dns.org.\u0022,\u0022ns4-04.azure-dns.info.\u0022],\u0022numberOfRecordSets\u0022:2,\u0022zoneType\u0022:\u0022Public\u0022}}"
    },
    {
      "RequestUri": "https://management.azure.com/subscriptions/db1ab6f0-4769-4b27-930e-01e2ef9c123c/resourceGroups/Default-Dns-3253/providers/Microsoft.Network/dnsZones/azure.ameredmondlocalNotoptest.dns/AAAA/aaaa_record66?api-version=2018-05-01",
      "RequestMethod": "PUT",
      "RequestHeaders": {
        "Accept": "application/json",
        "Authorization": "Sanitized",
        "Content-Length": "156",
        "Content-Type": "application/json",
        "traceparent": "00-7cae78072d7e444bb4dadef31e251343-fe9f70554cfe7b49-00",
        "User-Agent": [
          "azsdk-net-ResourceManager.Dns/1.0.0-alpha.20200928.1",
          "(.NET Core 4.6.29130.01; Linux 4.19.128-microsoft-standard #1 SMP Tue Jun 23 12:58:10 UTC 2020)"
        ],
        "x-ms-client-request-id": "447a7219db895a4770dbea9754d9fe2b",
        "x-ms-return-client-request-id": "true"
      },
      "RequestBody": {
        "properties": {
          "metadata": {
            "tag1": "value1"
          },
          "TTL": 3600,
          "AAAARecords": [
            {
              "ipv6Address": "1:1:1:1:1:ffff:783f:e6dc"
            },
            {
              "ipv6Address": "0:0:0:0:0:ffff:403:201"
            }
          ]
        }
      },
      "StatusCode": 201,
      "ResponseHeaders": {
        "Cache-Control": "private",
        "Content-Length": "571",
        "Content-Type": "application/json; charset=utf-8",
        "Date": "Mon, 28 Sep 2020 19:34:29 GMT",
        "ETag": "0ca182ff-1a83-4d07-8160-ee77e5bb751b",
        "Server": "Microsoft-IIS/10.0",
        "Strict-Transport-Security": "max-age=31536000; includeSubDomains",
        "X-Content-Type-Options": "nosniff",
        "x-ms-correlation-request-id": "ef3cae8f-90af-41f6-a62a-b0867003a8d4",
        "x-ms-ratelimit-remaining-subscription-resource-requests": "11997",
        "x-ms-request-id": "447a7219-db89-5a47-70db-ea9754d9fe2b",
        "x-ms-routing-request-id": "WESTUS2:20200928T193429Z:ef3cae8f-90af-41f6-a62a-b0867003a8d4",
        "X-Powered-By": "ASP.NET"
      },
      "ResponseBody": "{\u0022id\u0022:\u0022\\/subscriptions\\/db1ab6f0-4769-4b27-930e-01e2ef9c123c\\/resourceGroups\\/Default-Dns-3253\\/providers\\/Microsoft.Network\\/dnszones\\/azure.ameredmondlocalNotoptest.dns\\/AAAA\\/aaaa_record66\u0022,\u0022name\u0022:\u0022aaaa_record66\u0022,\u0022type\u0022:\u0022Microsoft.Network\\/dnszones\\/AAAA\u0022,\u0022etag\u0022:\u00220ca182ff-1a83-4d07-8160-ee77e5bb751b\u0022,\u0022properties\u0022:{\u0022metadata\u0022:{\u0022tag1\u0022:\u0022value1\u0022},\u0022fqdn\u0022:\u0022aaaa_record66.azure.ameredmondlocalNotoptest.dns.\u0022,\u0022TTL\u0022:3600,\u0022AAAARecords\u0022:[{\u0022ipv6Address\u0022:\u00221:1:1:1:1:ffff:783f:e6dc\u0022},{\u0022ipv6Address\u0022:\u00220:0:0:0:0:ffff:403:201\u0022}],\u0022targetResource\u0022:{},\u0022provisioningState\u0022:\u0022Succeeded\u0022}}"
    },
    {
      "RequestUri": "https://management.azure.com/subscriptions/db1ab6f0-4769-4b27-930e-01e2ef9c123c/resourceGroups/Default-Dns-3253/providers/Microsoft.Network/dnsZones/azure.ameredmondlocalNotoptest.dns/AAAA/aaaa_record2?api-version=2018-05-01",
      "RequestMethod": "PUT",
      "RequestHeaders": {
        "Accept": "application/json",
        "Authorization": "Sanitized",
        "Content-Length": "156",
        "Content-Type": "application/json",
        "traceparent": "00-99a040b9f286b641ac42ed34a22178d4-6ce869e803e6a846-00",
        "User-Agent": [
          "azsdk-net-ResourceManager.Dns/1.0.0-alpha.20200928.1",
          "(.NET Core 4.6.29130.01; Linux 4.19.128-microsoft-standard #1 SMP Tue Jun 23 12:58:10 UTC 2020)"
        ],
        "x-ms-client-request-id": "c6731abee15c54b10dd5f160389968c2",
        "x-ms-return-client-request-id": "true"
      },
      "RequestBody": {
        "properties": {
          "metadata": {
            "tag1": "value1"
          },
          "TTL": 3600,
          "AAAARecords": [
            {
              "ipv6Address": "1:1:1:1:1:ffff:783f:e6dc"
            },
            {
              "ipv6Address": "0:0:0:0:0:ffff:403:201"
            }
          ]
        }
      },
      "StatusCode": 201,
      "ResponseHeaders": {
        "Cache-Control": "private",
        "Content-Length": "568",
        "Content-Type": "application/json; charset=utf-8",
        "Date": "Mon, 28 Sep 2020 19:34:29 GMT",
        "ETag": "b2e333f0-4870-4fe3-bde8-26bda32f6ca8",
        "Server": "Microsoft-IIS/10.0",
        "Strict-Transport-Security": "max-age=31536000; includeSubDomains",
        "X-Content-Type-Options": "nosniff",
        "x-ms-correlation-request-id": "7997738f-7d8a-4973-80a3-76fa761e6515",
        "x-ms-ratelimit-remaining-subscription-resource-requests": "11996",
        "x-ms-request-id": "c6731abe-e15c-54b1-0dd5-f160389968c2",
        "x-ms-routing-request-id": "WESTUS2:20200928T193430Z:7997738f-7d8a-4973-80a3-76fa761e6515",
        "X-Powered-By": "ASP.NET"
      },
      "ResponseBody": "{\u0022id\u0022:\u0022\\/subscriptions\\/db1ab6f0-4769-4b27-930e-01e2ef9c123c\\/resourceGroups\\/Default-Dns-3253\\/providers\\/Microsoft.Network\\/dnszones\\/azure.ameredmondlocalNotoptest.dns\\/AAAA\\/aaaa_record2\u0022,\u0022name\u0022:\u0022aaaa_record2\u0022,\u0022type\u0022:\u0022Microsoft.Network\\/dnszones\\/AAAA\u0022,\u0022etag\u0022:\u0022b2e333f0-4870-4fe3-bde8-26bda32f6ca8\u0022,\u0022properties\u0022:{\u0022metadata\u0022:{\u0022tag1\u0022:\u0022value1\u0022},\u0022fqdn\u0022:\u0022aaaa_record2.azure.ameredmondlocalNotoptest.dns.\u0022,\u0022TTL\u0022:3600,\u0022AAAARecords\u0022:[{\u0022ipv6Address\u0022:\u00221:1:1:1:1:ffff:783f:e6dc\u0022},{\u0022ipv6Address\u0022:\u00220:0:0:0:0:ffff:403:201\u0022}],\u0022targetResource\u0022:{},\u0022provisioningState\u0022:\u0022Succeeded\u0022}}"
    },
    {
      "RequestUri": "https://management.azure.com/subscriptions/db1ab6f0-4769-4b27-930e-01e2ef9c123c/resourceGroups/Default-Dns-3253/providers/Microsoft.Network/dnsZones/azure.ameredmondlocalNotoptest.dns/recordsets?api-version=2018-05-01",
      "RequestMethod": "GET",
      "RequestHeaders": {
        "Accept": "application/json",
        "Authorization": "Sanitized",
        "User-Agent": [
          "azsdk-net-ResourceManager.Dns/1.0.0-alpha.20200928.1",
          "(.NET Core 4.6.29130.01; Linux 4.19.128-microsoft-standard #1 SMP Tue Jun 23 12:58:10 UTC 2020)"
        ],
        "x-ms-client-request-id": "d5ae3e2ebbde23c9f54fd9eca9ce05e9",
        "x-ms-return-client-request-id": "true"
      },
      "RequestBody": null,
      "StatusCode": 200,
      "ResponseHeaders": {
        "Cache-Control": "private",
        "Content-Length": "2280",
        "Content-Type": "application/json; charset=utf-8",
        "Date": "Mon, 28 Sep 2020 19:34:29 GMT",
        "Server": "Microsoft-IIS/10.0",
        "Strict-Transport-Security": "max-age=31536000; includeSubDomains",
        "X-Content-Type-Options": "nosniff",
        "x-ms-correlation-request-id": "747d99c7-e45a-4271-9c20-50fddba363d6",
        "x-ms-ratelimit-remaining-subscription-resource-entities-read": "59996",
        "x-ms-ratelimit-remaining-subscription-resource-requests": "499",
        "x-ms-request-id": "d5ae3e2e-bbde-23c9-f54f-d9eca9ce05e9",
        "x-ms-routing-request-id": "WESTUS2:20200928T193430Z:747d99c7-e45a-4271-9c20-50fddba363d6",
        "X-Powered-By": "ASP.NET"
      },
      "ResponseBody": "{\u0022value\u0022:[{\u0022id\u0022:\u0022\\/subscriptions\\/db1ab6f0-4769-4b27-930e-01e2ef9c123c\\/resourceGroups\\/default-dns-3253\\/providers\\/Microsoft.Network\\/dnszones\\/azure.ameredmondlocalnotoptest.dns\\/NS\\/@\u0022,\u0022name\u0022:\u0022@\u0022,\u0022type\u0022:\u0022Microsoft.Network\\/dnszones\\/NS\u0022,\u0022etag\u0022:\u0022444998c2-6b2d-471f-aa84-7e378e523ae9\u0022,\u0022properties\u0022:{\u0022fqdn\u0022:\u0022azure.ameredmondlocalnotoptest.dns.\u0022,\u0022TTL\u0022:172800,\u0022NSRecords\u0022:[{\u0022nsdname\u0022:\u0022ns1-04.azure-dns.com.\u0022},{\u0022nsdname\u0022:\u0022ns2-04.azure-dns.net.\u0022},{\u0022nsdname\u0022:\u0022ns3-04.azure-dns.org.\u0022},{\u0022nsdname\u0022:\u0022ns4-04.azure-dns.info.\u0022}],\u0022targetResource\u0022:{},\u0022provisioningState\u0022:\u0022Succeeded\u0022}},{\u0022id\u0022:\u0022\\/subscriptions\\/db1ab6f0-4769-4b27-930e-01e2ef9c123c\\/resourceGroups\\/default-dns-3253\\/providers\\/Microsoft.Network\\/dnszones\\/azure.ameredmondlocalnotoptest.dns\\/SOA\\/@\u0022,\u0022name\u0022:\u0022@\u0022,\u0022type\u0022:\u0022Microsoft.Network\\/dnszones\\/SOA\u0022,\u0022etag\u0022:\u0022395ce930-2a57-4737-8ddc-5cee15d6c480\u0022,\u0022properties\u0022:{\u0022fqdn\u0022:\u0022azure.ameredmondlocalnotoptest.dns.\u0022,\u0022TTL\u0022:3600,\u0022SOARecord\u0022:{\u0022email\u0022:\u0022azuredns-hostmaster.microsoft.com\u0022,\u0022expireTime\u0022:2419200,\u0022host\u0022:\u0022ns1-04.azure-dns.com.\u0022,\u0022minimumTTL\u0022:300,\u0022refreshTime\u0022:3600,\u0022retryTime\u0022:300,\u0022serialNumber\u0022:1},\u0022targetResource\u0022:{},\u0022provisioningState\u0022:\u0022Succeeded\u0022}},{\u0022id\u0022:\u0022\\/subscriptions\\/db1ab6f0-4769-4b27-930e-01e2ef9c123c\\/resourceGroups\\/default-dns-3253\\/providers\\/Microsoft.Network\\/dnszones\\/azure.ameredmondlocalnotoptest.dns\\/AAAA\\/aaaa_record2\u0022,\u0022name\u0022:\u0022aaaa_record2\u0022,\u0022type\u0022:\u0022Microsoft.Network\\/dnszones\\/AAAA\u0022,\u0022etag\u0022:\u0022b2e333f0-4870-4fe3-bde8-26bda32f6ca8\u0022,\u0022properties\u0022:{\u0022metadata\u0022:{\u0022tag1\u0022:\u0022value1\u0022},\u0022fqdn\u0022:\u0022aaaa_record2.azure.ameredmondlocalnotoptest.dns.\u0022,\u0022TTL\u0022:3600,\u0022AAAARecords\u0022:[{\u0022ipv6Address\u0022:\u00221:1:1:1:1:ffff:783f:e6dc\u0022},{\u0022ipv6Address\u0022:\u0022::ffff:4.3.2.1\u0022}],\u0022targetResource\u0022:{},\u0022provisioningState\u0022:\u0022Succeeded\u0022}},{\u0022id\u0022:\u0022\\/subscriptions\\/db1ab6f0-4769-4b27-930e-01e2ef9c123c\\/resourceGroups\\/default-dns-3253\\/providers\\/Microsoft.Network\\/dnszones\\/azure.ameredmondlocalnotoptest.dns\\/AAAA\\/aaaa_record66\u0022,\u0022name\u0022:\u0022aaaa_record66\u0022,\u0022type\u0022:\u0022Microsoft.Network\\/dnszones\\/AAAA\u0022,\u0022etag\u0022:\u00220ca182ff-1a83-4d07-8160-ee77e5bb751b\u0022,\u0022properties\u0022:{\u0022metadata\u0022:{\u0022tag1\u0022:\u0022value1\u0022},\u0022fqdn\u0022:\u0022aaaa_record66.azure.ameredmondlocalnotoptest.dns.\u0022,\u0022TTL\u0022:3600,\u0022AAAARecords\u0022:[{\u0022ipv6Address\u0022:\u00221:1:1:1:1:ffff:783f:e6dc\u0022},{\u0022ipv6Address\u0022:\u0022::ffff:4.3.2.1\u0022}],\u0022targetResource\u0022:{},\u0022provisioningState\u0022:\u0022Succeeded\u0022}}]}"
    },
    {
      "RequestUri": "https://management.azure.com/subscriptions/db1ab6f0-4769-4b27-930e-01e2ef9c123c/resourceGroups/Default-Dns-3253/providers/Microsoft.Network/dnsZones/azure.ameredmondlocalNotoptest.dns/A/aaaa_record2?api-version=2018-05-01",
      "RequestMethod": "DELETE",
      "RequestHeaders": {
        "Accept": "application/json",
        "Authorization": "Sanitized",
        "traceparent": "00-dcba89c2058cf543a159f7e21ec0ce93-e8a0b52bad4ac94f-00",
        "User-Agent": [
          "azsdk-net-ResourceManager.Dns/1.0.0-alpha.20200928.1",
          "(.NET Core 4.6.29130.01; Linux 4.19.128-microsoft-standard #1 SMP Tue Jun 23 12:58:10 UTC 2020)"
        ],
        "x-ms-client-request-id": "2037688ced1638cfc02637b4eae721d7",
        "x-ms-return-client-request-id": "true"
      },
      "RequestBody": null,
      "StatusCode": 204,
      "ResponseHeaders": {
        "Cache-Control": "private",
        "Date": "Mon, 28 Sep 2020 19:34:29 GMT",
        "Server": "Microsoft-IIS/10.0",
        "Strict-Transport-Security": "max-age=31536000; includeSubDomains",
        "X-Content-Type-Options": "nosniff",
        "x-ms-correlation-request-id": "920f31bc-abfb-4ecd-94a9-b40420438a55",
        "x-ms-ratelimit-remaining-subscription-resource-requests": "11996",
        "x-ms-request-id": "2037688c-ed16-38cf-c026-37b4eae721d7",
        "x-ms-routing-request-id": "WESTUS2:20200928T193430Z:920f31bc-abfb-4ecd-94a9-b40420438a55",
        "X-Powered-By": "ASP.NET"
      },
      "ResponseBody": []
    },
    {
      "RequestUri": "https://management.azure.com/subscriptions/db1ab6f0-4769-4b27-930e-01e2ef9c123c/resourceGroups/Default-Dns-3253/providers/Microsoft.Network/dnsZones/azure.ameredmondlocalNotoptest.dns?api-version=2018-05-01",
      "RequestMethod": "DELETE",
      "RequestHeaders": {
        "Accept": "application/json",
        "Authorization": "Sanitized",
        "traceparent": "00-e7fac2fd55908a4383bb547c7eb4a298-376c95e35e57c74d-00",
        "User-Agent": [
          "azsdk-net-ResourceManager.Dns/1.0.0-alpha.20200928.1",
          "(.NET Core 4.6.29130.01; Linux 4.19.128-microsoft-standard #1 SMP Tue Jun 23 12:58:10 UTC 2020)"
        ],
        "x-ms-client-request-id": "16692872282b034d504fd00d07c5aa3e",
        "x-ms-return-client-request-id": "true"
      },
      "RequestBody": null,
      "StatusCode": 202,
      "ResponseHeaders": {
        "Azure-AsyncOperation": "https://management.azure.com:443/subscriptions/db1ab6f0-4769-4b27-930e-01e2ef9c123c/resourceGroups/default-dns-3253/providers/Microsoft.Network/dnsOperationStatuses/delzone637369184705785826a609ea3b?api-version=2018-05-01",
        "Cache-Control": "private",
        "Content-Length": "0",
        "Date": "Mon, 28 Sep 2020 19:34:30 GMT",
        "Location": "https://management.azure.com/subscriptions/db1ab6f0-4769-4b27-930e-01e2ef9c123c/resourceGroups/default-dns-3253/providers/Microsoft.Network/dnsOperationResults/delzone637369184705785826a609ea3b?api-version=2018-05-01",
        "Retry-After": "3",
        "Server": "Microsoft-IIS/10.0",
        "Strict-Transport-Security": "max-age=31536000; includeSubDomains",
        "X-Content-Type-Options": "nosniff",
        "x-ms-correlation-request-id": "e6dd46fd-a349-41ae-b080-ee218318e487",
        "x-ms-ratelimit-remaining-subscription-resource-requests": "11998",
        "x-ms-request-id": "16692872-282b-034d-504f-d00d07c5aa3e",
        "x-ms-routing-request-id": "WESTUS2:20200928T193430Z:e6dd46fd-a349-41ae-b080-ee218318e487",
        "X-Powered-By": "ASP.NET"
      },
      "ResponseBody": []
    }
  ],
  "Variables": {
    "RandomSeed": "1102421553",
    "SUBSCRIPTION_ID": "db1ab6f0-4769-4b27-930e-01e2ef9c123c"
  }
}