{
  "Entries": [
    {
      "RequestUri": "https://management.azure.com/subscriptions/db1ab6f0-4769-4b27-930e-01e2ef9c123c/resourceGroups/Default-Dns-574/providers/Microsoft.Network/dnsZones/azure.ameredmondlocaltoptest.dns?api-version=2018-05-01",
      "RequestMethod": "PUT",
      "RequestHeaders": {
        "Accept": "application/json",
        "Authorization": "Sanitized",
        "Content-Length": "37",
        "Content-Type": "application/json",
        "traceparent": "00-d34919b3264e9045b6389ab38ea09ca5-b06410813e95524f-00",
        "User-Agent": [
          "azsdk-net-ResourceManager.Dns/1.0.0-alpha.20201020.1",
          "(.NET Core 4.6.29130.01; Linux 4.19.128-microsoft-standard #1 SMP Tue Jun 23 12:58:10 UTC 2020)"
        ],
        "x-ms-client-request-id": "4348bce1525ad7df73a8a981e624e2f0",
        "x-ms-return-client-request-id": "true"
      },
      "RequestBody": {
        "location": "Global",
        "properties": {}
      },
      "StatusCode": 201,
      "ResponseHeaders": {
        "Cache-Control": "private",
        "Content-Length": "563",
        "Content-Type": "application/json; charset=utf-8",
        "Date": "Tue, 20 Oct 2020 19:44:03 GMT",
        "ETag": "00000002-0000-0000-0a72-ce5c19a7d601",
        "Server": "Microsoft-IIS/10.0",
        "Strict-Transport-Security": "max-age=31536000; includeSubDomains",
        "X-Content-Type-Options": "nosniff",
        "x-ms-correlation-request-id": "0b07c03d-11de-499e-9df1-7e367b95fe63",
        "x-ms-ratelimit-remaining-subscription-resource-requests": "11996",
        "x-ms-request-id": "4348bce1-525a-d7df-73a8-a981e624e2f0",
        "x-ms-routing-request-id": "WESTUS2:20201020T194403Z:0b07c03d-11de-499e-9df1-7e367b95fe63",
        "X-Powered-By": "ASP.NET"
      },
      "ResponseBody": "{\u0022id\u0022:\u0022\\/subscriptions\\/db1ab6f0-4769-4b27-930e-01e2ef9c123c\\/resourceGroups\\/default-dns-574\\/providers\\/Microsoft.Network\\/dnszones\\/azure.ameredmondlocaltoptest.dns\u0022,\u0022name\u0022:\u0022azure.ameredmondlocaltoptest.dns\u0022,\u0022type\u0022:\u0022Microsoft.Network\\/dnszones\u0022,\u0022etag\u0022:\u002200000002-0000-0000-0a72-ce5c19a7d601\u0022,\u0022location\u0022:\u0022global\u0022,\u0022tags\u0022:{},\u0022properties\u0022:{\u0022maxNumberOfRecordSets\u0022:10000,\u0022maxNumberOfRecordsPerRecordSet\u0022:null,\u0022nameServers\u0022:[\u0022ns1-07.azure-dns.com.\u0022,\u0022ns2-07.azure-dns.net.\u0022,\u0022ns3-07.azure-dns.org.\u0022,\u0022ns4-07.azure-dns.info.\u0022],\u0022numberOfRecordSets\u0022:2,\u0022zoneType\u0022:\u0022Public\u0022}}"
    },
    {
      "RequestUri": "https://management.azure.com/subscriptions/db1ab6f0-4769-4b27-930e-01e2ef9c123c/resourceGroups/Default-Dns-574/providers/Microsoft.Network/dnsZones/azure.ameredmondlocaltoptest.dns/AAAA/aaaa_record666?api-version=2018-05-01",
      "RequestMethod": "PUT",
      "RequestHeaders": {
        "Accept": "application/json",
        "Authorization": "Sanitized",
        "Content-Length": "156",
        "Content-Type": "application/json",
        "traceparent": "00-f5db833843440843a2343dba7f1c748e-1781f23caa75424d-00",
        "User-Agent": [
          "azsdk-net-ResourceManager.Dns/1.0.0-alpha.20201020.1",
          "(.NET Core 4.6.29130.01; Linux 4.19.128-microsoft-standard #1 SMP Tue Jun 23 12:58:10 UTC 2020)"
        ],
        "x-ms-client-request-id": "f778e605e1307c7bf737a5db3a369dd9",
        "x-ms-return-client-request-id": "true"
      },
      "RequestBody": {
        "properties": {
          "metadata": {
            "tag1": "value1"
          },
          "TTL": 3600,
          "AAAARecords": [
            {
              "ipv6Address": "1:1:1:1:1:ffff:783f:e6dc"
            },
            {
              "ipv6Address": "0:0:0:0:0:ffff:403:201"
            }
          ]
        }
      },
      "StatusCode": 201,
      "ResponseHeaders": {
        "Cache-Control": "private",
        "Content-Length": "569",
        "Content-Type": "application/json; charset=utf-8",
        "Date": "Tue, 20 Oct 2020 19:44:03 GMT",
        "ETag": "12915eb6-0e0e-4c72-b6b7-14a13cb61d79",
        "Server": "Microsoft-IIS/10.0",
        "Strict-Transport-Security": "max-age=31536000; includeSubDomains",
        "X-Content-Type-Options": "nosniff",
        "x-ms-correlation-request-id": "14476f4c-6912-4b5e-8870-e2301759720c",
        "x-ms-ratelimit-remaining-subscription-resource-requests": "11995",
        "x-ms-request-id": "f778e605-e130-7c7b-f737-a5db3a369dd9",
        "x-ms-routing-request-id": "WESTUS2:20201020T194404Z:14476f4c-6912-4b5e-8870-e2301759720c",
        "X-Powered-By": "ASP.NET"
      },
      "ResponseBody": "{\u0022id\u0022:\u0022\\/subscriptions\\/db1ab6f0-4769-4b27-930e-01e2ef9c123c\\/resourceGroups\\/Default-Dns-574\\/providers\\/Microsoft.Network\\/dnszones\\/azure.ameredmondlocaltoptest.dns\\/AAAA\\/aaaa_record666\u0022,\u0022name\u0022:\u0022aaaa_record666\u0022,\u0022type\u0022:\u0022Microsoft.Network\\/dnszones\\/AAAA\u0022,\u0022etag\u0022:\u002212915eb6-0e0e-4c72-b6b7-14a13cb61d79\u0022,\u0022properties\u0022:{\u0022metadata\u0022:{\u0022tag1\u0022:\u0022value1\u0022},\u0022fqdn\u0022:\u0022aaaa_record666.azure.ameredmondlocaltoptest.dns.\u0022,\u0022TTL\u0022:3600,\u0022AAAARecords\u0022:[{\u0022ipv6Address\u0022:\u00221:1:1:1:1:ffff:783f:e6dc\u0022},{\u0022ipv6Address\u0022:\u00220:0:0:0:0:ffff:403:201\u0022}],\u0022targetResource\u0022:{},\u0022provisioningState\u0022:\u0022Succeeded\u0022}}"
    },
    {
      "RequestUri": "https://management.azure.com/subscriptions/db1ab6f0-4769-4b27-930e-01e2ef9c123c/resourceGroups/Default-Dns-574/providers/Microsoft.Network/dnsZones/azure.ameredmondlocaltoptest.dns/AAAA/aaaa_record2?api-version=2018-05-01",
      "RequestMethod": "PUT",
      "RequestHeaders": {
        "Accept": "application/json",
        "Authorization": "Sanitized",
        "Content-Length": "156",
        "Content-Type": "application/json",
        "traceparent": "00-225bd9a852a65e4aa5f81a043cf40d81-a63f81ad1659a54a-00",
        "User-Agent": [
          "azsdk-net-ResourceManager.Dns/1.0.0-alpha.20201020.1",
          "(.NET Core 4.6.29130.01; Linux 4.19.128-microsoft-standard #1 SMP Tue Jun 23 12:58:10 UTC 2020)"
        ],
        "x-ms-client-request-id": "c7489295758569de7e20011c7ed2d76f",
        "x-ms-return-client-request-id": "true"
      },
      "RequestBody": {
        "properties": {
          "metadata": {
            "tag1": "value1"
          },
          "TTL": 3600,
          "AAAARecords": [
            {
              "ipv6Address": "1:1:1:1:1:ffff:783f:e6dc"
            },
            {
              "ipv6Address": "0:0:0:0:0:ffff:403:201"
            }
          ]
        }
      },
      "StatusCode": 201,
      "ResponseHeaders": {
        "Cache-Control": "private",
        "Content-Length": "563",
        "Content-Type": "application/json; charset=utf-8",
        "Date": "Tue, 20 Oct 2020 19:44:04 GMT",
        "ETag": "c2c5942a-7232-4be1-8aca-63e0470dc41e",
        "Server": "Microsoft-IIS/10.0",
        "Strict-Transport-Security": "max-age=31536000; includeSubDomains",
        "X-Content-Type-Options": "nosniff",
        "x-ms-correlation-request-id": "17c59fd7-03ac-41ce-b40c-9577a04bb796",
        "x-ms-ratelimit-remaining-subscription-resource-requests": "11994",
        "x-ms-request-id": "c7489295-7585-69de-7e20-011c7ed2d76f",
        "x-ms-routing-request-id": "WESTUS2:20201020T194404Z:17c59fd7-03ac-41ce-b40c-9577a04bb796",
        "X-Powered-By": "ASP.NET"
      },
      "ResponseBody": "{\u0022id\u0022:\u0022\\/subscriptions\\/db1ab6f0-4769-4b27-930e-01e2ef9c123c\\/resourceGroups\\/Default-Dns-574\\/providers\\/Microsoft.Network\\/dnszones\\/azure.ameredmondlocaltoptest.dns\\/AAAA\\/aaaa_record2\u0022,\u0022name\u0022:\u0022aaaa_record2\u0022,\u0022type\u0022:\u0022Microsoft.Network\\/dnszones\\/AAAA\u0022,\u0022etag\u0022:\u0022c2c5942a-7232-4be1-8aca-63e0470dc41e\u0022,\u0022properties\u0022:{\u0022metadata\u0022:{\u0022tag1\u0022:\u0022value1\u0022},\u0022fqdn\u0022:\u0022aaaa_record2.azure.ameredmondlocaltoptest.dns.\u0022,\u0022TTL\u0022:3600,\u0022AAAARecords\u0022:[{\u0022ipv6Address\u0022:\u00221:1:1:1:1:ffff:783f:e6dc\u0022},{\u0022ipv6Address\u0022:\u00220:0:0:0:0:ffff:403:201\u0022}],\u0022targetResource\u0022:{},\u0022provisioningState\u0022:\u0022Succeeded\u0022}}"
    },
    {
      "RequestUri": "https://management.azure.com/subscriptions/db1ab6f0-4769-4b27-930e-01e2ef9c123c/resourceGroups/Default-Dns-574/providers/Microsoft.Network/dnsZones/azure.ameredmondlocaltoptest.dns/recordsets?$top=1\u0026api-version=2018-05-01",
      "RequestMethod": "GET",
      "RequestHeaders": {
        "Accept": "application/json",
        "Authorization": "Sanitized",
        "User-Agent": [
          "azsdk-net-ResourceManager.Dns/1.0.0-alpha.20201020.1",
          "(.NET Core 4.6.29130.01; Linux 4.19.128-microsoft-standard #1 SMP Tue Jun 23 12:58:10 UTC 2020)"
        ],
        "x-ms-client-request-id": "6833dbf2cd9e002e41cc4b22ad039d3c",
        "x-ms-return-client-request-id": "true"
      },
      "RequestBody": null,
      "StatusCode": 200,
      "ResponseHeaders": {
        "Cache-Control": "private",
        "Content-Length": "829",
        "Content-Type": "application/json; charset=utf-8",
        "Date": "Tue, 20 Oct 2020 19:44:04 GMT",
        "Server": "Microsoft-IIS/10.0",
        "Strict-Transport-Security": "max-age=31536000; includeSubDomains",
        "X-Content-Type-Options": "nosniff",
        "x-ms-correlation-request-id": "29debae9-d5f2-4661-9657-0bd60e97ff92",
        "x-ms-ratelimit-remaining-subscription-resource-entities-read": "59995",
        "x-ms-ratelimit-remaining-subscription-resource-requests": "498",
        "x-ms-request-id": "6833dbf2-cd9e-002e-41cc-4b22ad039d3c",
        "x-ms-routing-request-id": "WESTUS2:20201020T194404Z:29debae9-d5f2-4661-9657-0bd60e97ff92",
        "X-Powered-By": "ASP.NET"
      },
      "ResponseBody": "{\u0022nextLink\u0022:\u0022https:\\/\\/management.azure.com:443\\/subscriptions\\/db1ab6f0-4769-4b27-930e-01e2ef9c123c\\/resourceGroups\\/default-dns-574\\/providers\\/Microsoft.Network\\/dnszones\\/azure.ameredmondlocaltoptest.dns\\/ALL?api-version=2018-05-01\u0026$top=1\u0026$skipToken=LzI%3D\u0022,\u0022value\u0022:[{\u0022id\u0022:\u0022\\/subscriptions\\/db1ab6f0-4769-4b27-930e-01e2ef9c123c\\/resourceGroups\\/default-dns-574\\/providers\\/Microsoft.Network\\/dnszones\\/azure.ameredmondlocaltoptest.dns\\/NS\\/@\u0022,\u0022name\u0022:\u0022@\u0022,\u0022type\u0022:\u0022Microsoft.Network\\/dnszones\\/NS\u0022,\u0022etag\u0022:\u00226b993eba-9d5f-48d6-9cfd-f332532a2e11\u0022,\u0022properties\u0022:{\u0022fqdn\u0022:\u0022azure.ameredmondlocaltoptest.dns.\u0022,\u0022TTL\u0022:172800,\u0022NSRecords\u0022:[{\u0022nsdname\u0022:\u0022ns1-07.azure-dns.com.\u0022},{\u0022nsdname\u0022:\u0022ns2-07.azure-dns.net.\u0022},{\u0022nsdname\u0022:\u0022ns3-07.azure-dns.org.\u0022},{\u0022nsdname\u0022:\u0022ns4-07.azure-dns.info.\u0022}],\u0022targetResource\u0022:{},\u0022provisioningState\u0022:\u0022Succeeded\u0022}}]}"
    },
    {
      "RequestUri": "https://management.azure.com/subscriptions/db1ab6f0-4769-4b27-930e-01e2ef9c123c/resourceGroups/default-dns-574/providers/Microsoft.Network/dnszones/azure.ameredmondlocaltoptest.dns/ALL?api-version=2018-05-01\u0026$top=1\u0026$skipToken=LzI%3D",
      "RequestMethod": "GET",
      "RequestHeaders": {
        "Accept": "application/json",
        "Authorization": "Sanitized",
        "User-Agent": [
          "azsdk-net-ResourceManager.Dns/1.0.0-alpha.20201020.1",
          "(.NET Core 4.6.29130.01; Linux 4.19.128-microsoft-standard #1 SMP Tue Jun 23 12:58:10 UTC 2020)"
        ],
        "x-ms-client-request-id": "54ebcf0a1bdb8f6b080f790fdf5efd25",
        "x-ms-return-client-request-id": "true"
      },
      "RequestBody": null,
      "StatusCode": 200,
      "ResponseHeaders": {
        "Cache-Control": "private",
        "Content-Length": "849",
        "Content-Type": "application/json; charset=utf-8",
        "Date": "Tue, 20 Oct 2020 19:44:04 GMT",
        "Server": "Microsoft-IIS/10.0",
        "Strict-Transport-Security": "max-age=31536000; includeSubDomains",
        "X-Content-Type-Options": "nosniff",
        "x-ms-correlation-request-id": "69c1c492-9ad6-4095-b707-4d85508bbd1f",
        "x-ms-ratelimit-remaining-subscription-resource-entities-read": "59996",
        "x-ms-ratelimit-remaining-subscription-resource-requests": "498",
        "x-ms-request-id": "54ebcf0a-1bdb-8f6b-080f-790fdf5efd25",
        "x-ms-routing-request-id": "WESTUS2:20201020T194404Z:69c1c492-9ad6-4095-b707-4d85508bbd1f",
        "X-Powered-By": "ASP.NET"
      },
      "ResponseBody": "{\u0022nextLink\u0022:\u0022https:\\/\\/management.azure.com:443\\/subscriptions\\/db1ab6f0-4769-4b27-930e-01e2ef9c123c\\/resourceGroups\\/default-dns-574\\/providers\\/Microsoft.Network\\/dnszones\\/azure.ameredmondlocaltoptest.dns\\/ALL?api-version=2018-05-01\u0026$top=1\u0026$skipToken=LzY%3D\u0022,\u0022value\u0022:[{\u0022id\u0022:\u0022\\/subscriptions\\/db1ab6f0-4769-4b27-930e-01e2ef9c123c\\/resourceGroups\\/default-dns-574\\/providers\\/Microsoft.Network\\/dnszones\\/azure.ameredmondlocaltoptest.dns\\/SOA\\/@\u0022,\u0022name\u0022:\u0022@\u0022,\u0022type\u0022:\u0022Microsoft.Network\\/dnszones\\/SOA\u0022,\u0022etag\u0022:\u0022ae502d33-3fd0-4108-8205-a023bc4c62fd\u0022,\u0022properties\u0022:{\u0022fqdn\u0022:\u0022azure.ameredmondlocaltoptest.dns.\u0022,\u0022TTL\u0022:3600,\u0022SOARecord\u0022:{\u0022email\u0022:\u0022azuredns-hostmaster.microsoft.com\u0022,\u0022expireTime\u0022:2419200,\u0022host\u0022:\u0022ns1-07.azure-dns.com.\u0022,\u0022minimumTTL\u0022:300,\u0022refreshTime\u0022:3600,\u0022retryTime\u0022:300,\u0022serialNumber\u0022:1},\u0022targetResource\u0022:{},\u0022provisioningState\u0022:\u0022Succeeded\u0022}}]}"
    },
    {
      "RequestUri": "https://management.azure.com/subscriptions/db1ab6f0-4769-4b27-930e-01e2ef9c123c/resourceGroups/default-dns-574/providers/Microsoft.Network/dnszones/azure.ameredmondlocaltoptest.dns/ALL?api-version=2018-05-01\u0026$top=1\u0026$skipToken=LzY%3D",
      "RequestMethod": "GET",
      "RequestHeaders": {
        "Accept": "application/json",
        "Authorization": "Sanitized",
        "User-Agent": [
          "azsdk-net-ResourceManager.Dns/1.0.0-alpha.20201020.1",
          "(.NET Core 4.6.29130.01; Linux 4.19.128-microsoft-standard #1 SMP Tue Jun 23 12:58:10 UTC 2020)"
        ],
        "x-ms-client-request-id": "5ee8355f3503c83b634885b82abbbb7b",
        "x-ms-return-client-request-id": "true"
      },
      "RequestBody": null,
      "StatusCode": 200,
      "ResponseHeaders": {
        "Cache-Control": "private",
        "Content-Length": "856",
        "Content-Type": "application/json; charset=utf-8",
        "Date": "Tue, 20 Oct 2020 19:44:05 GMT",
        "Server": "Microsoft-IIS/10.0",
        "Strict-Transport-Security": "max-age=31536000; includeSubDomains",
        "X-Content-Type-Options": "nosniff",
        "x-ms-correlation-request-id": "7cc5fb36-1ce8-460e-9dce-5c270066be5f",
        "x-ms-ratelimit-remaining-subscription-resource-entities-read": "59995",
        "x-ms-ratelimit-remaining-subscription-resource-requests": "497",
        "x-ms-request-id": "5ee8355f-3503-c83b-6348-85b82abbbb7b",
        "x-ms-routing-request-id": "WESTUS2:20201020T194405Z:7cc5fb36-1ce8-460e-9dce-5c270066be5f",
        "X-Powered-By": "ASP.NET"
      },
      "ResponseBody": "{\u0022nextLink\u0022:\u0022https:\\/\\/management.azure.com:443\\/subscriptions\\/db1ab6f0-4769-4b27-930e-01e2ef9c123c\\/resourceGroups\\/default-dns-574\\/providers\\/Microsoft.Network\\/dnszones\\/azure.ameredmondlocaltoptest.dns\\/ALL?api-version=2018-05-01\u0026$top=1\u0026$skipToken=YWFhYV9yZWNvcmQyLzIxNDc0ODM2NDc%3D\u0022,\u0022value\u0022:[{\u0022id\u0022:\u0022\\/subscriptions\\/db1ab6f0-4769-4b27-930e-01e2ef9c123c\\/resourceGroups\\/default-dns-574\\/providers\\/Microsoft.Network\\/dnszones\\/azure.ameredmondlocaltoptest.dns\\/AAAA\\/aaaa_record2\u0022,\u0022name\u0022:\u0022aaaa_record2\u0022,\u0022type\u0022:\u0022Microsoft.Network\\/dnszones\\/AAAA\u0022,\u0022etag\u0022:\u0022c2c5942a-7232-4be1-8aca-63e0470dc41e\u0022,\u0022properties\u0022:{\u0022metadata\u0022:{\u0022tag1\u0022:\u0022value1\u0022},\u0022fqdn\u0022:\u0022aaaa_record2.azure.ameredmondlocaltoptest.dns.\u0022,\u0022TTL\u0022:3600,\u0022AAAARecords\u0022:[{\u0022ipv6Address\u0022:\u00221:1:1:1:1:ffff:783f:e6dc\u0022},{\u0022ipv6Address\u0022:\u0022::ffff:4.3.2.1\u0022}],\u0022targetResource\u0022:{},\u0022provisioningState\u0022:\u0022Succeeded\u0022}}]}"
    },
    {
      "RequestUri": "https://management.azure.com/subscriptions/db1ab6f0-4769-4b27-930e-01e2ef9c123c/resourceGroups/default-dns-574/providers/Microsoft.Network/dnszones/azure.ameredmondlocaltoptest.dns/ALL?api-version=2018-05-01\u0026$top=1\u0026$skipToken=YWFhYV9yZWNvcmQyLzIxNDc0ODM2NDc%3D",
      "RequestMethod": "GET",
      "RequestHeaders": {
        "Accept": "application/json",
        "Authorization": "Sanitized",
        "User-Agent": [
          "azsdk-net-ResourceManager.Dns/1.0.0-alpha.20201020.1",
          "(.NET Core 4.6.29130.01; Linux 4.19.128-microsoft-standard #1 SMP Tue Jun 23 12:58:10 UTC 2020)"
        ],
        "x-ms-client-request-id": "ae11c58383e6d7946fa3608e531e21e3",
        "x-ms-return-client-request-id": "true"
      },
      "RequestBody": null,
      "StatusCode": 200,
      "ResponseHeaders": {
        "Cache-Control": "private",
        "Content-Length": "868",
        "Content-Type": "application/json; charset=utf-8",
        "Date": "Tue, 20 Oct 2020 19:44:05 GMT",
        "Server": "Microsoft-IIS/10.0",
        "Strict-Transport-Security": "max-age=31536000; includeSubDomains",
        "X-Content-Type-Options": "nosniff",
        "x-ms-correlation-request-id": "041e6685-e15a-4404-9a1d-cb192c37313b",
        "x-ms-ratelimit-remaining-subscription-resource-entities-read": "59994",
        "x-ms-ratelimit-remaining-subscription-resource-requests": "496",
        "x-ms-request-id": "ae11c583-83e6-d794-6fa3-608e531e21e3",
        "x-ms-routing-request-id": "WESTUS2:20201020T194405Z:041e6685-e15a-4404-9a1d-cb192c37313b",
        "X-Powered-By": "ASP.NET"
      },
      "ResponseBody": "{\u0022nextLink\u0022:\u0022https:\\/\\/management.azure.com:443\\/subscriptions\\/db1ab6f0-4769-4b27-930e-01e2ef9c123c\\/resourceGroups\\/default-dns-574\\/providers\\/Microsoft.Network\\/dnszones\\/azure.ameredmondlocaltoptest.dns\\/ALL?api-version=2018-05-01\u0026$top=1\u0026$skipToken=YWFhYV9yZWNvcmQ2NjYvMjE0NzQ4MzY0Nw%3D%3D\u0022,\u0022value\u0022:[{\u0022id\u0022:\u0022\\/subscriptions\\/db1ab6f0-4769-4b27-930e-01e2ef9c123c\\/resourceGroups\\/default-dns-574\\/providers\\/Microsoft.Network\\/dnszones\\/azure.ameredmondlocaltoptest.dns\\/AAAA\\/aaaa_record666\u0022,\u0022name\u0022:\u0022aaaa_record666\u0022,\u0022type\u0022:\u0022Microsoft.Network\\/dnszones\\/AAAA\u0022,\u0022etag\u0022:\u002212915eb6-0e0e-4c72-b6b7-14a13cb61d79\u0022,\u0022properties\u0022:{\u0022metadata\u0022:{\u0022tag1\u0022:\u0022value1\u0022},\u0022fqdn\u0022:\u0022aaaa_record666.azure.ameredmondlocaltoptest.dns.\u0022,\u0022TTL\u0022:3600,\u0022AAAARecords\u0022:[{\u0022ipv6Address\u0022:\u00221:1:1:1:1:ffff:783f:e6dc\u0022},{\u0022ipv6Address\u0022:\u0022::ffff:4.3.2.1\u0022}],\u0022targetResource\u0022:{},\u0022provisioningState\u0022:\u0022Succeeded\u0022}}]}"
    },
    {
      "RequestUri": "https://management.azure.com/subscriptions/db1ab6f0-4769-4b27-930e-01e2ef9c123c/resourceGroups/default-dns-574/providers/Microsoft.Network/dnszones/azure.ameredmondlocaltoptest.dns/ALL?api-version=2018-05-01\u0026$top=1\u0026$skipToken=YWFhYV9yZWNvcmQ2NjYvMjE0NzQ4MzY0Nw%3D%3D",
      "RequestMethod": "GET",
      "RequestHeaders": {
        "Accept": "application/json",
        "Authorization": "Sanitized",
        "User-Agent": [
          "azsdk-net-ResourceManager.Dns/1.0.0-alpha.20201020.1",
          "(.NET Core 4.6.29130.01; Linux 4.19.128-microsoft-standard #1 SMP Tue Jun 23 12:58:10 UTC 2020)"
        ],
        "x-ms-client-request-id": "77c326ce3e1ad4399323f09395b3654c",
        "x-ms-return-client-request-id": "true"
      },
      "RequestBody": null,
      "StatusCode": 200,
      "ResponseHeaders": {
        "Cache-Control": "private",
        "Content-Length": "12",
        "Content-Type": "application/json; charset=utf-8",
        "Date": "Tue, 20 Oct 2020 19:44:05 GMT",
        "Server": "Microsoft-IIS/10.0",
        "Strict-Transport-Security": "max-age=31536000; includeSubDomains",
        "X-Content-Type-Options": "nosniff",
        "x-ms-correlation-request-id": "eb34d99c-cf35-4ee7-bea4-1045724f9cbb",
        "x-ms-ratelimit-remaining-subscription-resource-entities-read": "59994",
        "x-ms-ratelimit-remaining-subscription-resource-requests": "495",
        "x-ms-request-id": "77c326ce-3e1a-d439-9323-f09395b3654c",
        "x-ms-routing-request-id": "WESTUS2:20201020T194405Z:eb34d99c-cf35-4ee7-bea4-1045724f9cbb",
        "X-Powered-By": "ASP.NET"
      },
      "ResponseBody": {
        "value": []
      }
    },
    {
      "RequestUri": "https://management.azure.com/subscriptions/db1ab6f0-4769-4b27-930e-01e2ef9c123c/resourceGroups/Default-Dns-574/providers/Microsoft.Network/dnsZones/azure.ameredmondlocaltoptest.dns/A/aaaa_record2?api-version=2018-05-01",
      "RequestMethod": "DELETE",
      "RequestHeaders": {
        "Accept": "application/json",
        "Authorization": "Sanitized",
        "traceparent": "00-2833fb92fd944e4aa39145617f0b5756-8a5d3e0f7b6ad84c-00",
        "User-Agent": [
          "azsdk-net-ResourceManager.Dns/1.0.0-alpha.20201020.1",
          "(.NET Core 4.6.29130.01; Linux 4.19.128-microsoft-standard #1 SMP Tue Jun 23 12:58:10 UTC 2020)"
        ],
        "x-ms-client-request-id": "1a8cfd534f4cdc3ea011ef5fd5ac7444",
        "x-ms-return-client-request-id": "true"
      },
      "RequestBody": null,
      "StatusCode": 204,
      "ResponseHeaders": {
        "Cache-Control": "private",
        "Date": "Tue, 20 Oct 2020 19:44:05 GMT",
        "Server": "Microsoft-IIS/10.0",
        "Strict-Transport-Security": "max-age=31536000; includeSubDomains",
        "X-Content-Type-Options": "nosniff",
        "x-ms-correlation-request-id": "a5554150-2ec3-4460-aceb-93810444f4f9",
        "x-ms-ratelimit-remaining-subscription-resource-requests": "11995",
        "x-ms-request-id": "1a8cfd53-4f4c-dc3e-a011-ef5fd5ac7444",
        "x-ms-routing-request-id": "WESTUS2:20201020T194405Z:a5554150-2ec3-4460-aceb-93810444f4f9",
        "X-Powered-By": "ASP.NET"
      },
      "ResponseBody": []
    },
    {
      "RequestUri": "https://management.azure.com/subscriptions/db1ab6f0-4769-4b27-930e-01e2ef9c123c/resourceGroups/Default-Dns-574/providers/Microsoft.Network/dnsZones/azure.ameredmondlocaltoptest.dns?api-version=2018-05-01",
      "RequestMethod": "DELETE",
      "RequestHeaders": {
        "Accept": "application/json",
        "Authorization": "Sanitized",
        "traceparent": "00-f7d89bfa6ca0594dbd0484cbdb115701-e48806e4f47a5843-00",
        "User-Agent": [
          "azsdk-net-ResourceManager.Dns/1.0.0-alpha.20201020.1",
          "(.NET Core 4.6.29130.01; Linux 4.19.128-microsoft-standard #1 SMP Tue Jun 23 12:58:10 UTC 2020)"
        ],
        "x-ms-client-request-id": "04e9a22644f845618b3d1ac3930141bc",
        "x-ms-return-client-request-id": "true"
      },
      "RequestBody": null,
      "StatusCode": 202,
      "ResponseHeaders": {
        "Azure-AsyncOperation": "https://management.azure.com:443/subscriptions/db1ab6f0-4769-4b27-930e-01e2ef9c123c/resourceGroups/default-dns-574/providers/Microsoft.Network/dnsOperationStatuses/delzone6373881984627018553e50c1b4?api-version=2018-05-01",
        "Cache-Control": "private",
        "Content-Length": "0",
        "Date": "Tue, 20 Oct 2020 19:44:06 GMT",
        "Location": "https://management.azure.com/subscriptions/db1ab6f0-4769-4b27-930e-01e2ef9c123c/resourceGroups/default-dns-574/providers/Microsoft.Network/dnsOperationResults/delzone6373881984627018553e50c1b4?api-version=2018-05-01",
        "Retry-After": "3",
        "Server": "Microsoft-IIS/10.0",
        "Strict-Transport-Security": "max-age=31536000; includeSubDomains",
        "X-Content-Type-Options": "nosniff",
        "x-ms-correlation-request-id": "6cbb1281-7687-4c4a-903d-3240fe22ff5e",
        "x-ms-ratelimit-remaining-subscription-resource-requests": "11997",
        "x-ms-request-id": "04e9a226-44f8-4561-8b3d-1ac3930141bc",
        "x-ms-routing-request-id": "WESTUS2:20201020T194406Z:6cbb1281-7687-4c4a-903d-3240fe22ff5e",
        "X-Powered-By": "ASP.NET"
      },
      "ResponseBody": []
    }
  ],
  "Variables": {
    "RandomSeed": "25834803",
    "SUBSCRIPTION_ID": "db1ab6f0-4769-4b27-930e-01e2ef9c123c"
  }
}