{
  "Entries": [
    {
      "RequestUri": "https://management.azure.com/subscriptions/db1ab6f0-4769-4b27-930e-01e2ef9c123c/resourceGroups/Default-Dns-9382/providers/Microsoft.Network/dnsZones/azure.ameredmond.dns/A/a_update_record?api-version=2018-05-01",
      "RequestMethod": "PUT",
      "RequestHeaders": {
        "Accept": "application/json",
        "Authorization": "Sanitized",
        "Content-Length": "96",
        "Content-Type": "application/json",
        "traceparent": "00-a0d0d2c75700b242802a9355d8921a27-07be9a88fac2ec43-00",
        "User-Agent": [
          "azsdk-net-ResourceManager.Dns/1.0.0-alpha.20200923.1",
          "(.NET Core 4.6.29130.01; Linux 4.19.128-microsoft-standard #1 SMP Tue Jun 23 12:58:10 UTC 2020)"
        ],
        "x-ms-client-request-id": "4a9a03d1f035c9475e9f5194f2ee9be0",
        "x-ms-return-client-request-id": "true"
      },
      "RequestBody": {
        "properties": {
          "metadata": {
            "tag1": "value1"
          },
          "TTL": 60,
          "ARecords": [
            {
              "ipv4Address": "123.32.1.0"
            }
          ]
        }
      },
      "StatusCode": 201,
      "ResponseHeaders": {
        "Cache-Control": "private",
        "Content-Length": "483",
        "Content-Type": "application/json; charset=utf-8",
        "Date": "Wed, 23 Sep 2020 16:44:18 GMT",
        "ETag": "83069445-e6e6-4c9e-9ad3-a8207fd3aaa4",
        "Server": "Microsoft-IIS/10.0",
        "Strict-Transport-Security": "max-age=31536000; includeSubDomains",
        "X-Content-Type-Options": "nosniff",
        "x-ms-correlation-request-id": "292f1cd4-3c2f-428a-8b9b-13982b8d1ced",
        "x-ms-ratelimit-remaining-subscription-resource-requests": "11998",
        "x-ms-request-id": "4a9a03d1-f035-c947-5e9f-5194f2ee9be0",
        "x-ms-routing-request-id": "WESTUS2:20200923T164418Z:292f1cd4-3c2f-428a-8b9b-13982b8d1ced",
        "X-Powered-By": "ASP.NET"
      },
      "ResponseBody": "{\u0022id\u0022:\u0022\\/subscriptions\\/db1ab6f0-4769-4b27-930e-01e2ef9c123c\\/resourceGroups\\/Default-Dns-9382\\/providers\\/Microsoft.Network\\/dnszones\\/azure.ameredmond.dns\\/A\\/a_update_record\u0022,\u0022name\u0022:\u0022a_update_record\u0022,\u0022type\u0022:\u0022Microsoft.Network\\/dnszones\\/A\u0022,\u0022etag\u0022:\u002283069445-e6e6-4c9e-9ad3-a8207fd3aaa4\u0022,\u0022properties\u0022:{\u0022metadata\u0022:{\u0022tag1\u0022:\u0022value1\u0022},\u0022fqdn\u0022:\u0022a_update_record.azure.ameredmond.dns.\u0022,\u0022TTL\u0022:60,\u0022ARecords\u0022:[{\u0022ipv4Address\u0022:\u0022123.32.1.0\u0022}],\u0022targetResource\u0022:{},\u0022provisioningState\u0022:\u0022Succeeded\u0022}}"
    },
    {
      "RequestUri": "https://management.azure.com/subscriptions/db1ab6f0-4769-4b27-930e-01e2ef9c123c/resourceGroups/Default-Dns-9382/providers/Microsoft.Network/dnsZones/azure.ameredmond.dns/A/a_update_record?api-version=2018-05-01",
      "RequestMethod": "GET",
      "RequestHeaders": {
        "Accept": "application/json",
        "Authorization": "Sanitized",
        "traceparent": "00-f425e183f7cf0643899c7d8016784c87-1bad42ece4c60d4e-00",
        "User-Agent": [
          "azsdk-net-ResourceManager.Dns/1.0.0-alpha.20200923.1",
          "(.NET Core 4.6.29130.01; Linux 4.19.128-microsoft-standard #1 SMP Tue Jun 23 12:58:10 UTC 2020)"
        ],
        "x-ms-client-request-id": "24d90eadc789cb110e8676be52bfdd5b",
        "x-ms-return-client-request-id": "true"
      },
      "RequestBody": null,
      "StatusCode": 200,
      "ResponseHeaders": {
        "Cache-Control": "private",
        "Content-Length": "483",
        "Content-Type": "application/json; charset=utf-8",
        "Date": "Wed, 23 Sep 2020 16:44:19 GMT",
        "ETag": "83069445-e6e6-4c9e-9ad3-a8207fd3aaa4",
        "Server": "Microsoft-IIS/10.0",
        "Strict-Transport-Security": "max-age=31536000; includeSubDomains",
        "X-Content-Type-Options": "nosniff",
        "x-ms-correlation-request-id": "95114717-4a5b-4b97-a4dd-057efadb54ad",
        "x-ms-ratelimit-remaining-subscription-resource-requests": "499",
        "x-ms-request-id": "24d90ead-c789-cb11-0e86-76be52bfdd5b",
        "x-ms-routing-request-id": "WESTUS2:20200923T164419Z:95114717-4a5b-4b97-a4dd-057efadb54ad",
        "X-Powered-By": "ASP.NET"
      },
      "ResponseBody": "{\u0022id\u0022:\u0022\\/subscriptions\\/db1ab6f0-4769-4b27-930e-01e2ef9c123c\\/resourceGroups\\/Default-Dns-9382\\/providers\\/Microsoft.Network\\/dnszones\\/azure.ameredmond.dns\\/A\\/a_update_record\u0022,\u0022name\u0022:\u0022a_update_record\u0022,\u0022type\u0022:\u0022Microsoft.Network\\/dnszones\\/A\u0022,\u0022etag\u0022:\u002283069445-e6e6-4c9e-9ad3-a8207fd3aaa4\u0022,\u0022properties\u0022:{\u0022metadata\u0022:{\u0022tag1\u0022:\u0022value1\u0022},\u0022fqdn\u0022:\u0022a_update_record.azure.ameredmond.dns.\u0022,\u0022TTL\u0022:60,\u0022ARecords\u0022:[{\u0022ipv4Address\u0022:\u0022123.32.1.0\u0022}],\u0022targetResource\u0022:{},\u0022provisioningState\u0022:\u0022Succeeded\u0022}}"
    },
    {
      "RequestUri": "https://management.azure.com/subscriptions/db1ab6f0-4769-4b27-930e-01e2ef9c123c/resourceGroups/Default-Dns-9382/providers/Microsoft.Network/dnsZones/azure.ameredmond.dns/A/a_update_record?api-version=2018-05-01",
      "RequestMethod": "PUT",
      "RequestHeaders": {
        "Accept": "application/json",
        "Authorization": "Sanitized",
        "Content-Length": "163",
        "Content-Type": "application/json",
        "traceparent": "00-cd969e915cc51d40933fdbce62b95497-47bd4a219ca02b41-00",
        "User-Agent": [
          "azsdk-net-ResourceManager.Dns/1.0.0-alpha.20200923.1",
          "(.NET Core 4.6.29130.01; Linux 4.19.128-microsoft-standard #1 SMP Tue Jun 23 12:58:10 UTC 2020)"
        ],
        "x-ms-client-request-id": "c15f87a7ca8de9b7f46d2077c54b58f5",
        "x-ms-return-client-request-id": "true"
      },
      "RequestBody": {
        "etag": "83069445-e6e6-4c9e-9ad3-a8207fd3aaa4",
        "properties": {
          "metadata": {
            "tag1": "value1"
          },
          "TTL": 120,
          "targetResource": {},
          "ARecords": [
            {
              "ipv4Address": "123.32.1.0"
            }
          ]
        }
      },
      "StatusCode": 200,
      "ResponseHeaders": {
        "Cache-Control": "private",
        "Content-Length": "484",
        "Content-Type": "application/json; charset=utf-8",
        "Date": "Wed, 23 Sep 2020 16:44:19 GMT",
        "ETag": "3c9af791-b0cc-48e6-8cdd-b0b2b1a7c2f9",
        "Server": "Microsoft-IIS/10.0",
        "Strict-Transport-Security": "max-age=31536000; includeSubDomains",
        "X-Content-Type-Options": "nosniff",
        "x-ms-correlation-request-id": "468320e0-d350-4520-82ac-9ee8854413c8",
        "x-ms-ratelimit-remaining-subscription-resource-requests": "11997",
        "x-ms-request-id": "c15f87a7-ca8d-e9b7-f46d-2077c54b58f5",
        "x-ms-routing-request-id": "WESTUS2:20200923T164419Z:468320e0-d350-4520-82ac-9ee8854413c8",
        "X-Powered-By": "ASP.NET"
      },
      "ResponseBody": "{\u0022id\u0022:\u0022\\/subscriptions\\/db1ab6f0-4769-4b27-930e-01e2ef9c123c\\/resourceGroups\\/Default-Dns-9382\\/providers\\/Microsoft.Network\\/dnszones\\/azure.ameredmond.dns\\/A\\/a_update_record\u0022,\u0022name\u0022:\u0022a_update_record\u0022,\u0022type\u0022:\u0022Microsoft.Network\\/dnszones\\/A\u0022,\u0022etag\u0022:\u00223c9af791-b0cc-48e6-8cdd-b0b2b1a7c2f9\u0022,\u0022properties\u0022:{\u0022metadata\u0022:{\u0022tag1\u0022:\u0022value1\u0022},\u0022fqdn\u0022:\u0022a_update_record.azure.ameredmond.dns.\u0022,\u0022TTL\u0022:120,\u0022ARecords\u0022:[{\u0022ipv4Address\u0022:\u0022123.32.1.0\u0022}],\u0022targetResource\u0022:{},\u0022provisioningState\u0022:\u0022Succeeded\u0022}}"
    },
    {
      "RequestUri": "https://management.azure.com/subscriptions/db1ab6f0-4769-4b27-930e-01e2ef9c123c/resourceGroups/Default-Dns-9382/providers/Microsoft.Network/dnsZones/azure.ameredmond.dns/A/a_update_record?api-version=2018-05-01",
      "RequestMethod": "DELETE",
      "RequestHeaders": {
        "Accept": "application/json",
        "Authorization": "Sanitized",
        "traceparent": "00-b6f90cdc967878438445de6288fa948c-ff72c365718b3e42-00",
        "User-Agent": [
          "azsdk-net-ResourceManager.Dns/1.0.0-alpha.20200923.1",
          "(.NET Core 4.6.29130.01; Linux 4.19.128-microsoft-standard #1 SMP Tue Jun 23 12:58:10 UTC 2020)"
        ],
        "x-ms-client-request-id": "284ec0d26e890922f1cf3caf7988779e",
        "x-ms-return-client-request-id": "true"
      },
      "RequestBody": null,
      "StatusCode": 200,
      "ResponseHeaders": {
        "Cache-Control": "private",
        "Content-Length": "0",
        "Date": "Wed, 23 Sep 2020 16:44:20 GMT",
        "Server": "Microsoft-IIS/10.0",
        "Strict-Transport-Security": "max-age=31536000; includeSubDomains",
        "X-Content-Type-Options": "nosniff",
        "x-ms-correlation-request-id": "6002f356-17aa-4c5c-b1cb-e7b3d1e4c99c",
        "x-ms-ratelimit-remaining-subscription-resource-requests": "11993",
        "x-ms-request-id": "284ec0d2-6e89-0922-f1cf-3caf7988779e",
        "x-ms-routing-request-id": "WESTUS2:20200923T164420Z:6002f356-17aa-4c5c-b1cb-e7b3d1e4c99c",
        "X-Powered-By": "ASP.NET"
      },
      "ResponseBody": []
    }
  ],
  "Variables": {
    "RandomSeed": "1564535402",
    "SUBSCRIPTION_ID": "db1ab6f0-4769-4b27-930e-01e2ef9c123c"
  }
}