{
  "Entries": [
    {
      "RequestUri": "https://rnpstd.blob.core.windows.net/test-container-b5519212-d0a6-6e51-268a-84f932ea964a?restype=container",
      "RequestMethod": "PUT",
      "RequestHeaders": {
        "Accept": "application/xml",
        "Authorization": "Sanitized",
        "traceparent": "00-08b8d94a5308304380f4d96bac98356d-1619dfde11256a4f-00",
        "User-Agent": [
          "azsdk-net-Storage.Blobs/12.10.0-alpha.20210719.1",
          "(.NET 5.0.8; Microsoft Windows 10.0.19043)"
        ],
        "x-ms-blob-public-access": "container",
        "x-ms-client-request-id": "93adcb44-2770-e750-8111-4ed00ff0ee7d",
        "x-ms-date": "Mon, 19 Jul 2021 09:13:54 GMT",
        "x-ms-return-client-request-id": "true",
        "x-ms-version": "2020-08-04"
      },
      "RequestBody": null,
      "StatusCode": 201,
      "ResponseHeaders": {
        "Content-Length": "0",
        "Date": "Mon, 19 Jul 2021 09:13:53 GMT",
        "ETag": "\u00220x8D94A95882566A0\u0022",
        "Last-Modified": "Mon, 19 Jul 2021 09:13:54 GMT",
        "Server": [
          "Windows-Azure-Blob/1.0",
          "Microsoft-HTTPAPI/2.0"
        ],
        "x-ms-client-request-id": "93adcb44-2770-e750-8111-4ed00ff0ee7d",
        "x-ms-request-id": "14149f2f-b01e-0016-327e-7c54d8000000",
        "x-ms-version": "2020-08-04"
      },
      "ResponseBody": []
    },
    {
      "RequestUri": "https://rnpstd.blob.core.windows.net/test-container-b5519212-d0a6-6e51-268a-84f932ea964a/test-blob-32204da9-de8b-d0a3-6ca2-4a67268c3d14/66b493f2-023c-7bda-bfca-7a58f3559f7b/7cdd39d3-873b-a640-73a5-72c0644bdd17",
      "RequestMethod": "PUT",
      "RequestHeaders": {
        "Accept": "application/xml",
        "Authorization": "Sanitized",
        "Content-Length": "0",
        "Content-Type": "application/octet-stream",
        "If-None-Match": "*",
        "traceparent": "00-0ce0ebea8158834ea3b0666d7715f865-083fa1aadd800b47-00",
        "User-Agent": [
          "azsdk-net-Storage.Blobs/12.10.0-alpha.20210719.1",
          "(.NET 5.0.8; Microsoft Windows 10.0.19043)"
        ],
        "x-ms-blob-type": "BlockBlob",
        "x-ms-client-request-id": "564409a9-23ed-dc14-70ec-8081b6848e3f",
        "x-ms-date": "Mon, 19 Jul 2021 09:13:54 GMT",
        "x-ms-return-client-request-id": "true",
        "x-ms-version": "2020-08-04"
      },
      "RequestBody": [],
      "StatusCode": 201,
      "ResponseHeaders": {
        "Content-Length": "0",
        "Content-MD5": "1B2M2Y8AsgTpgAmY7PhCfg==",
        "Date": "Mon, 19 Jul 2021 09:13:53 GMT",
        "ETag": "\u00220x8D94A95882B35C8\u0022",
        "Last-Modified": "Mon, 19 Jul 2021 09:13:54 GMT",
        "Server": [
          "Windows-Azure-Blob/1.0",
          "Microsoft-HTTPAPI/2.0"
        ],
        "x-ms-client-request-id": "564409a9-23ed-dc14-70ec-8081b6848e3f",
        "x-ms-content-crc64": "AAAAAAAAAAA=",
        "x-ms-request-id": "14149f4e-b01e-0016-4c7e-7c54d8000000",
        "x-ms-request-server-encrypted": "true",
        "x-ms-version": "2020-08-04",
        "x-ms-version-id": "2021-07-19T09:13:54.4751560Z"
      },
      "ResponseBody": []
    },
    {
      "RequestUri": "https://rnpstd.blob.core.windows.net/test-container-b5519212-d0a6-6e51-268a-84f932ea964a/test-blob-32204da9-de8b-d0a3-6ca2-4a67268c3d14/66b493f2-023c-7bda-bfca-7a58f3559f7b/e31a2b4f-65f1-6665-27dd-26cedde8c0f4",
      "RequestMethod": "PUT",
      "RequestHeaders": {
        "Accept": "application/xml",
        "Authorization": "Sanitized",
        "Content-Length": "0",
        "Content-Type": "application/octet-stream",
        "If-None-Match": "*",
        "traceparent": "00-17960285173d9e4389881267faa33592-708d3794d903a946-00",
        "User-Agent": [
          "azsdk-net-Storage.Blobs/12.10.0-alpha.20210719.1",
          "(.NET 5.0.8; Microsoft Windows 10.0.19043)"
        ],
        "x-ms-blob-type": "BlockBlob",
        "x-ms-client-request-id": "e15405d0-4392-299b-4e83-5c540e848c7f",
        "x-ms-date": "Mon, 19 Jul 2021 09:13:54 GMT",
        "x-ms-return-client-request-id": "true",
        "x-ms-version": "2020-08-04"
      },
      "RequestBody": [],
      "StatusCode": 201,
      "ResponseHeaders": {
        "Content-Length": "0",
        "Content-MD5": "1B2M2Y8AsgTpgAmY7PhCfg==",
        "Date": "Mon, 19 Jul 2021 09:13:53 GMT",
        "ETag": "\u00220x8D94A95882F7C48\u0022",
        "Last-Modified": "Mon, 19 Jul 2021 09:13:54 GMT",
        "Server": [
          "Windows-Azure-Blob/1.0",
          "Microsoft-HTTPAPI/2.0"
        ],
        "x-ms-client-request-id": "e15405d0-4392-299b-4e83-5c540e848c7f",
        "x-ms-content-crc64": "AAAAAAAAAAA=",
        "x-ms-request-id": "14149f5e-b01e-0016-5c7e-7c54d8000000",
        "x-ms-request-server-encrypted": "true",
        "x-ms-version": "2020-08-04",
        "x-ms-version-id": "2021-07-19T09:13:54.5031752Z"
      },
      "ResponseBody": []
    },
    {
      "RequestUri": "https://rnpstd.blob.core.windows.net/test-container-b5519212-d0a6-6e51-268a-84f932ea964a/test-blob-32204da9-de8b-d0a3-6ca2-4a67268c3d14/66b493f2-023c-7bda-bfca-7a58f3559f7b/0ecb0f00-c6d1-7982-1650-4fec48e1ca66/deb79c07-23c7-df9f-8e4f-0ffdead69a88",
      "RequestMethod": "PUT",
      "RequestHeaders": {
        "Accept": "application/xml",
        "Authorization": "Sanitized",
        "Content-Length": "0",
        "Content-Type": "application/octet-stream",
        "If-None-Match": "*",
        "traceparent": "00-95b45db0831ae6478eccc9ddddb6bc49-652df1e48eecc54b-00",
        "User-Agent": [
          "azsdk-net-Storage.Blobs/12.10.0-alpha.20210719.1",
          "(.NET 5.0.8; Microsoft Windows 10.0.19043)"
        ],
        "x-ms-blob-type": "BlockBlob",
        "x-ms-client-request-id": "b0b144e1-ac30-73ad-2a76-96fea1d16912",
        "x-ms-date": "Mon, 19 Jul 2021 09:13:54 GMT",
        "x-ms-return-client-request-id": "true",
        "x-ms-version": "2020-08-04"
      },
      "RequestBody": [],
      "StatusCode": 201,
      "ResponseHeaders": {
        "Content-Length": "0",
        "Content-MD5": "1B2M2Y8AsgTpgAmY7PhCfg==",
        "Date": "Mon, 19 Jul 2021 09:13:53 GMT",
        "ETag": "\u00220x8D94A958833C2C3\u0022",
        "Last-Modified": "Mon, 19 Jul 2021 09:13:54 GMT",
        "Server": [
          "Windows-Azure-Blob/1.0",
          "Microsoft-HTTPAPI/2.0"
        ],
        "x-ms-client-request-id": "b0b144e1-ac30-73ad-2a76-96fea1d16912",
        "x-ms-content-crc64": "AAAAAAAAAAA=",
        "x-ms-request-id": "14149f73-b01e-0016-707e-7c54d8000000",
        "x-ms-request-server-encrypted": "true",
        "x-ms-version": "2020-08-04",
        "x-ms-version-id": "2021-07-19T09:13:54.5311939Z"
      },
      "ResponseBody": []
    },
    {
      "RequestUri": "https://rnpstd.blob.core.windows.net/test-container-b5519212-d0a6-6e51-268a-84f932ea964a/test-blob-32204da9-de8b-d0a3-6ca2-4a67268c3d14/66b493f2-023c-7bda-bfca-7a58f3559f7b/fa17ce02-5a72-8c23-2d4e-3f5fdc0c9dd6/b9848609-2377-c740-eb74-6f4cf2a401dc",
      "RequestMethod": "PUT",
      "RequestHeaders": {
        "Accept": "application/xml",
        "Authorization": "Sanitized",
        "Content-Length": "0",
        "Content-Type": "application/octet-stream",
        "If-None-Match": "*",
        "traceparent": "00-89395a8fdf7caf408aeb0b4769a4c368-9c6d81d3fa658549-00",
        "User-Agent": [
          "azsdk-net-Storage.Blobs/12.10.0-alpha.20210719.1",
          "(.NET 5.0.8; Microsoft Windows 10.0.19043)"
        ],
        "x-ms-blob-type": "BlockBlob",
        "x-ms-client-request-id": "ca736427-dcd3-d04e-b6fd-e33c03890911",
        "x-ms-date": "Mon, 19 Jul 2021 09:13:54 GMT",
        "x-ms-return-client-request-id": "true",
        "x-ms-version": "2020-08-04"
      },
      "RequestBody": [],
      "StatusCode": 201,
      "ResponseHeaders": {
        "Content-Length": "0",
        "Content-MD5": "1B2M2Y8AsgTpgAmY7PhCfg==",
        "Date": "Mon, 19 Jul 2021 09:13:53 GMT",
        "ETag": "\u00220x8D94A95883DFDC1\u0022",
        "Last-Modified": "Mon, 19 Jul 2021 09:13:54 GMT",
        "Server": [
          "Windows-Azure-Blob/1.0",
          "Microsoft-HTTPAPI/2.0"
        ],
        "x-ms-client-request-id": "ca736427-dcd3-d04e-b6fd-e33c03890911",
        "x-ms-content-crc64": "AAAAAAAAAAA=",
        "x-ms-request-id": "14149fa0-b01e-0016-1a7e-7c54d8000000",
        "x-ms-request-server-encrypted": "true",
        "x-ms-version": "2020-08-04",
        "x-ms-version-id": "2021-07-19T09:13:54.5992405Z"
      },
      "ResponseBody": []
    },
    {
      "RequestUri": "https://rnpstd.blob.core.windows.net/test-container-b5519212-d0a6-6e51-268a-84f932ea964a?restype=container\u0026comp=list",
      "RequestMethod": "GET",
      "RequestHeaders": {
        "Accept": "application/xml",
        "Authorization": "Sanitized",
        "User-Agent": [
          "azsdk-net-Storage.Blobs/12.10.0-alpha.20210719.1",
          "(.NET 5.0.8; Microsoft Windows 10.0.19043)"
        ],
        "x-ms-client-request-id": "3dd7a196-9f5e-0a3f-0c6e-660a194b31f4",
        "x-ms-date": "Mon, 19 Jul 2021 09:13:54 GMT",
        "x-ms-return-client-request-id": "true",
        "x-ms-version": "2020-08-04"
      },
      "RequestBody": null,
      "StatusCode": 200,
      "ResponseHeaders": {
        "Content-Type": "application/xml",
        "Date": "Mon, 19 Jul 2021 09:13:53 GMT",
        "Server": [
          "Windows-Azure-Blob/1.0",
          "Microsoft-HTTPAPI/2.0"
        ],
        "Transfer-Encoding": "chunked",
        "x-ms-client-request-id": "3dd7a196-9f5e-0a3f-0c6e-660a194b31f4",
        "x-ms-request-id": "14149fb7-b01e-0016-317e-7c54d8000000",
        "x-ms-version": "2020-08-04"
      },
      "ResponseBody": "\uFEFF\u003C?xml version=\u00221.0\u0022 encoding=\u0022utf-8\u0022?\u003E\u003CEnumerationResults ServiceEndpoint=\u0022https://rnpstd.blob.core.windows.net/\u0022 ContainerName=\u0022test-container-b5519212-d0a6-6e51-268a-84f932ea964a\u0022\u003E\u003CBlobs\u003E\u003CBlob\u003E\u003CName\u003Etest-blob-32204da9-de8b-d0a3-6ca2-4a67268c3d14/66b493f2-023c-7bda-bfca-7a58f3559f7b/0ecb0f00-c6d1-7982-1650-4fec48e1ca66/deb79c07-23c7-df9f-8e4f-0ffdead69a88\u003C/Name\u003E\u003CVersionId\u003E2021-07-19T09:13:54.5311939Z\u003C/VersionId\u003E\u003CIsCurrentVersion\u003Etrue\u003C/IsCurrentVersion\u003E\u003CProperties\u003E\u003CCreation-Time\u003EMon, 19 Jul 2021 09:13:54 GMT\u003C/Creation-Time\u003E\u003CLast-Modified\u003EMon, 19 Jul 2021 09:13:54 GMT\u003C/Last-Modified\u003E\u003CEtag\u003E0x8D94A958833C2C3\u003C/Etag\u003E\u003CContent-Length\u003E0\u003C/Content-Length\u003E\u003CContent-Type\u003Eapplication/octet-stream\u003C/Content-Type\u003E\u003CContent-Encoding /\u003E\u003CContent-Language /\u003E\u003CContent-CRC64 /\u003E\u003CContent-MD5\u003E1B2M2Y8AsgTpgAmY7PhCfg==\u003C/Content-MD5\u003E\u003CCache-Control /\u003E\u003CContent-Disposition /\u003E\u003CBlobType\u003EBlockBlob\u003C/BlobType\u003E\u003CAccessTier\u003EHot\u003C/AccessTier\u003E\u003CAccessTierInferred\u003Etrue\u003C/AccessTierInferred\u003E\u003CLeaseStatus\u003Eunlocked\u003C/LeaseStatus\u003E\u003CLeaseState\u003Eavailable\u003C/LeaseState\u003E\u003CServerEncrypted\u003Etrue\u003C/ServerEncrypted\u003E\u003C/Properties\u003E\u003COrMetadata /\u003E\u003C/Blob\u003E\u003CBlob\u003E\u003CName\u003Etest-blob-32204da9-de8b-d0a3-6ca2-4a67268c3d14/66b493f2-023c-7bda-bfca-7a58f3559f7b/7cdd39d3-873b-a640-73a5-72c0644bdd17\u003C/Name\u003E\u003CVersionId\u003E2021-07-19T09:13:54.4751560Z\u003C/VersionId\u003E\u003CIsCurrentVersion\u003Etrue\u003C/IsCurrentVersion\u003E\u003CProperties\u003E\u003CCreation-Time\u003EMon, 19 Jul 2021 09:13:54 GMT\u003C/Creation-Time\u003E\u003CLast-Modified\u003EMon, 19 Jul 2021 09:13:54 GMT\u003C/Last-Modified\u003E\u003CEtag\u003E0x8D94A95882B35C8\u003C/Etag\u003E\u003CContent-Length\u003E0\u003C/Content-Length\u003E\u003CContent-Type\u003Eapplication/octet-stream\u003C/Content-Type\u003E\u003CContent-Encoding /\u003E\u003CContent-Language /\u003E\u003CContent-CRC64 /\u003E\u003CContent-MD5\u003E1B2M2Y8AsgTpgAmY7PhCfg==\u003C/Content-MD5\u003E\u003CCache-Control /\u003E\u003CContent-Disposition /\u003E\u003CBlobType\u003EBlockBlob\u003C/BlobType\u003E\u003CAccessTier\u003EHot\u003C/AccessTier\u003E\u003CAccessTierInferred\u003Etrue\u003C/AccessTierInferred\u003E\u003CLeaseStatus\u003Eunlocked\u003C/LeaseStatus\u003E\u003CLeaseState\u003Eavailable\u003C/LeaseState\u003E\u003CServerEncrypted\u003Etrue\u003C/ServerEncrypted\u003E\u003C/Properties\u003E\u003COrMetadata /\u003E\u003C/Blob\u003E\u003CBlob\u003E\u003CName\u003Etest-blob-32204da9-de8b-d0a3-6ca2-4a67268c3d14/66b493f2-023c-7bda-bfca-7a58f3559f7b/e31a2b4f-65f1-6665-27dd-26cedde8c0f4\u003C/Name\u003E\u003CVersionId\u003E2021-07-19T09:13:54.5031752Z\u003C/VersionId\u003E\u003CIsCurrentVersion\u003Etrue\u003C/IsCurrentVersion\u003E\u003CProperties\u003E\u003CCreation-Time\u003EMon, 19 Jul 2021 09:13:54 GMT\u003C/Creation-Time\u003E\u003CLast-Modified\u003EMon, 19 Jul 2021 09:13:54 GMT\u003C/Last-Modified\u003E\u003CEtag\u003E0x8D94A95882F7C48\u003C/Etag\u003E\u003CContent-Length\u003E0\u003C/Content-Length\u003E\u003CContent-Type\u003Eapplication/octet-stream\u003C/Content-Type\u003E\u003CContent-Encoding /\u003E\u003CContent-Language /\u003E\u003CContent-CRC64 /\u003E\u003CContent-MD5\u003E1B2M2Y8AsgTpgAmY7PhCfg==\u003C/Content-MD5\u003E\u003CCache-Control /\u003E\u003CContent-Disposition /\u003E\u003CBlobType\u003EBlockBlob\u003C/BlobType\u003E\u003CAccessTier\u003EHot\u003C/AccessTier\u003E\u003CAccessTierInferred\u003Etrue\u003C/AccessTierInferred\u003E\u003CLeaseStatus\u003Eunlocked\u003C/LeaseStatus\u003E\u003CLeaseState\u003Eavailable\u003C/LeaseState\u003E\u003CServerEncrypted\u003Etrue\u003C/ServerEncrypted\u003E\u003C/Properties\u003E\u003COrMetadata /\u003E\u003C/Blob\u003E\u003CBlob\u003E\u003CName\u003Etest-blob-32204da9-de8b-d0a3-6ca2-4a67268c3d14/66b493f2-023c-7bda-bfca-7a58f3559f7b/fa17ce02-5a72-8c23-2d4e-3f5fdc0c9dd6/b9848609-2377-c740-eb74-6f4cf2a401dc\u003C/Name\u003E\u003CVersionId\u003E2021-07-19T09:13:54.5992405Z\u003C/VersionId\u003E\u003CIsCurrentVersion\u003Etrue\u003C/IsCurrentVersion\u003E\u003CProperties\u003E\u003CCreation-Time\u003EMon, 19 Jul 2021 09:13:54 GMT\u003C/Creation-Time\u003E\u003CLast-Modified\u003EMon, 19 Jul 2021 09:13:54 GMT\u003C/Last-Modified\u003E\u003CEtag\u003E0x8D94A95883DFDC1\u003C/Etag\u003E\u003CContent-Length\u003E0\u003C/Content-Length\u003E\u003CContent-Type\u003Eapplication/octet-stream\u003C/Content-Type\u003E\u003CContent-Encoding /\u003E\u003CContent-Language /\u003E\u003CContent-CRC64 /\u003E\u003CContent-MD5\u003E1B2M2Y8AsgTpgAmY7PhCfg==\u003C/Content-MD5\u003E\u003CCache-Control /\u003E\u003CContent-Disposition /\u003E\u003CBlobType\u003EBlockBlob\u003C/BlobType\u003E\u003CAccessTier\u003EHot\u003C/AccessTier\u003E\u003CAccessTierInferred\u003Etrue\u003C/AccessTierInferred\u003E\u003CLeaseStatus\u003Eunlocked\u003C/LeaseStatus\u003E\u003CLeaseState\u003Eavailable\u003C/LeaseState\u003E\u003CServerEncrypted\u003Etrue\u003C/ServerEncrypted\u003E\u003C/Properties\u003E\u003COrMetadata /\u003E\u003C/Blob\u003E\u003C/Blobs\u003E\u003CNextMarker /\u003E\u003C/EnumerationResults\u003E"
    },
    {
      "RequestUri": "https://rnpstd.blob.core.windows.net/test-container-b5519212-d0a6-6e51-268a-84f932ea964a?restype=container",
      "RequestMethod": "DELETE",
      "RequestHeaders": {
        "Accept": "application/xml",
        "Authorization": "Sanitized",
        "traceparent": "00-df454ba2ae9742448b048a6d8f6638f6-6cefbd6db320f041-00",
        "User-Agent": [
          "azsdk-net-Storage.Blobs/12.10.0-alpha.20210719.1",
          "(.NET 5.0.8; Microsoft Windows 10.0.19043)"
        ],
        "x-ms-client-request-id": "62a5d90d-cbb1-c3b3-6e88-e1abd8e5ca71",
        "x-ms-date": "Mon, 19 Jul 2021 09:13:54 GMT",
        "x-ms-return-client-request-id": "true",
        "x-ms-version": "2020-08-04"
      },
      "RequestBody": null,
      "StatusCode": 202,
      "ResponseHeaders": {
        "Content-Length": "0",
        "Date": "Mon, 19 Jul 2021 09:13:53 GMT",
        "Server": [
          "Windows-Azure-Blob/1.0",
          "Microsoft-HTTPAPI/2.0"
        ],
        "x-ms-client-request-id": "62a5d90d-cbb1-c3b3-6e88-e1abd8e5ca71",
        "x-ms-request-id": "14149ff5-b01e-0016-697e-7c54d8000000",
        "x-ms-version": "2020-08-04"
      },
      "ResponseBody": []
    }
  ],
  "Variables": {
    "RandomSeed": "1147632579",
    "Storage_TestConfigDefault": "ProductionTenant\nrnpstd\nU2FuaXRpemVk\nhttps://rnpstd.blob.core.windows.net\nhttps://rnpstd.file.core.windows.net\nhttps://rnpstd.queue.core.windows.net\nhttps://rnpstd.table.core.windows.net\n\n\n\n\nhttps://rnpstd-secondary.blob.core.windows.net\nhttps://rnpstd-secondary.file.core.windows.net\nhttps://rnpstd-secondary.queue.core.windows.net\nhttps://rnpstd-secondary.table.core.windows.net\n\nSanitized\n\n\nCloud\nBlobEndpoint=https://rnpstd.blob.core.windows.net/;QueueEndpoint=https://rnpstd.queue.core.windows.net/;FileEndpoint=https://rnpstd.file.core.windows.net/;BlobSecondaryEndpoint=https://rnpstd-secondary.blob.core.windows.net/;QueueSecondaryEndpoint=https://rnpstd-secondary.queue.core.windows.net/;FileSecondaryEndpoint=https://rnpstd-secondary.file.core.windows.net/;AccountName=rnpstd;AccountKey=Kg==;\n[encryption scope]"
  }
}