{
  "Entries": [
    {
      "RequestUri": "https://rnpstd.blob.core.windows.net/test-container-3893a93e-fbcb-ee0a-8615-d2fa3cee9e4e?restype=container",
      "RequestMethod": "PUT",
      "RequestHeaders": {
        "Accept": "application/xml",
        "Authorization": "Sanitized",
        "traceparent": "00-4b5f3cedf0754f45aaafd31b10df84d4-05a6532da5a2914d-00",
        "User-Agent": [
          "azsdk-net-Storage.Blobs/12.10.0-alpha.20210719.1",
          "(.NET 5.0.8; Microsoft Windows 10.0.19043)"
        ],
        "x-ms-blob-public-access": "container",
        "x-ms-client-request-id": "79da2aa6-764a-3698-62e9-931683ac030b",
        "x-ms-date": "Mon, 19 Jul 2021 09:13:50 GMT",
        "x-ms-return-client-request-id": "true",
        "x-ms-version": "2020-08-04"
      },
      "RequestBody": null,
      "StatusCode": 201,
      "ResponseHeaders": {
        "Content-Length": "0",
        "Date": "Mon, 19 Jul 2021 09:13:50 GMT",
        "ETag": "\u00220x8D94A95861A42F9\u0022",
        "Last-Modified": "Mon, 19 Jul 2021 09:13:51 GMT",
        "Server": [
          "Windows-Azure-Blob/1.0",
          "Microsoft-HTTPAPI/2.0"
        ],
        "x-ms-client-request-id": "79da2aa6-764a-3698-62e9-931683ac030b",
        "x-ms-request-id": "14149667-b01e-0016-477e-7c54d8000000",
        "x-ms-version": "2020-08-04"
      },
      "ResponseBody": []
    },
    {
      "RequestUri": "https://rnpstd.blob.core.windows.net/test-container-3893a93e-fbcb-ee0a-8615-d2fa3cee9e4e/test-blob-8aba7069-62d2-a443-428e-25764483005f/test-blob-11546c2b-2414-a403-6609-7b9006508166/17ea33e8-f157-44f6-6c16-23c9e7b29ef2",
      "RequestMethod": "PUT",
      "RequestHeaders": {
        "Accept": "application/xml",
        "Authorization": "Sanitized",
        "Content-Length": "0",
        "Content-Type": "application/octet-stream",
        "If-None-Match": "*",
        "traceparent": "00-8b4b34432dc90f4c9b62424aa842c340-0212a232a901fe49-00",
        "User-Agent": [
          "azsdk-net-Storage.Blobs/12.10.0-alpha.20210719.1",
          "(.NET 5.0.8; Microsoft Windows 10.0.19043)"
        ],
        "x-ms-blob-type": "BlockBlob",
        "x-ms-client-request-id": "d28f308d-aad1-008c-96f7-29c8384677e9",
        "x-ms-date": "Mon, 19 Jul 2021 09:13:51 GMT",
        "x-ms-return-client-request-id": "true",
        "x-ms-version": "2020-08-04"
      },
      "RequestBody": [],
      "StatusCode": 201,
      "ResponseHeaders": {
        "Content-Length": "0",
        "Content-MD5": "1B2M2Y8AsgTpgAmY7PhCfg==",
        "Date": "Mon, 19 Jul 2021 09:13:50 GMT",
        "ETag": "\u00220x8D94A95862C7479\u0022",
        "Last-Modified": "Mon, 19 Jul 2021 09:13:51 GMT",
        "Server": [
          "Windows-Azure-Blob/1.0",
          "Microsoft-HTTPAPI/2.0"
        ],
        "x-ms-client-request-id": "d28f308d-aad1-008c-96f7-29c8384677e9",
        "x-ms-content-crc64": "AAAAAAAAAAA=",
        "x-ms-request-id": "141496c1-b01e-0016-147e-7c54d8000000",
        "x-ms-request-server-encrypted": "true",
        "x-ms-version": "2020-08-04",
        "x-ms-version-id": "2021-07-19T09:13:51.1278713Z"
      },
      "ResponseBody": []
    },
    {
      "RequestUri": "https://rnpstd.blob.core.windows.net/test-container-3893a93e-fbcb-ee0a-8615-d2fa3cee9e4e/test-blob-8aba7069-62d2-a443-428e-25764483005f/test-blob-11546c2b-2414-a403-6609-7b9006508166/9725bf0c-8265-ccf4-d811-2adeee475344",
      "RequestMethod": "PUT",
      "RequestHeaders": {
        "Accept": "application/xml",
        "Authorization": "Sanitized",
        "Content-Length": "0",
        "Content-Type": "application/octet-stream",
        "If-None-Match": "*",
        "traceparent": "00-7cd1080ba4fab94f8d7d485a895f7ca7-76df44888bc5a448-00",
        "User-Agent": [
          "azsdk-net-Storage.Blobs/12.10.0-alpha.20210719.1",
          "(.NET 5.0.8; Microsoft Windows 10.0.19043)"
        ],
        "x-ms-blob-type": "BlockBlob",
        "x-ms-client-request-id": "fab9f34d-c638-d9cb-6091-c620e6629470",
        "x-ms-date": "Mon, 19 Jul 2021 09:13:51 GMT",
        "x-ms-return-client-request-id": "true",
        "x-ms-version": "2020-08-04"
      },
      "RequestBody": [],
      "StatusCode": 201,
      "ResponseHeaders": {
        "Content-Length": "0",
        "Content-MD5": "1B2M2Y8AsgTpgAmY7PhCfg==",
        "Date": "Mon, 19 Jul 2021 09:13:50 GMT",
        "ETag": "\u00220x8D94A958638F9C1\u0022",
        "Last-Modified": "Mon, 19 Jul 2021 09:13:51 GMT",
        "Server": [
          "Windows-Azure-Blob/1.0",
          "Microsoft-HTTPAPI/2.0"
        ],
        "x-ms-client-request-id": "fab9f34d-c638-d9cb-6091-c620e6629470",
        "x-ms-content-crc64": "AAAAAAAAAAA=",
        "x-ms-request-id": "141496fd-b01e-0016-497e-7c54d8000000",
        "x-ms-request-server-encrypted": "true",
        "x-ms-version": "2020-08-04",
        "x-ms-version-id": "2021-07-19T09:13:51.2099265Z"
      },
      "ResponseBody": []
    },
    {
      "RequestUri": "https://rnpstd.blob.core.windows.net/test-container-3893a93e-fbcb-ee0a-8615-d2fa3cee9e4e/test-blob-8aba7069-62d2-a443-428e-25764483005f/test-blob-11546c2b-2414-a403-6609-7b9006508166/4bb2dec2-cb0a-a28d-b1c6-e18b719f900e/ab46f4b6-c297-bb48-2242-93472ac8989d",
      "RequestMethod": "PUT",
      "RequestHeaders": {
        "Accept": "application/xml",
        "Authorization": "Sanitized",
        "Content-Length": "0",
        "Content-Type": "application/octet-stream",
        "If-None-Match": "*",
        "traceparent": "00-9d2803aea92dfb48aa95ab56d76dd30a-8c8d0c3295de2d40-00",
        "User-Agent": [
          "azsdk-net-Storage.Blobs/12.10.0-alpha.20210719.1",
          "(.NET 5.0.8; Microsoft Windows 10.0.19043)"
        ],
        "x-ms-blob-type": "BlockBlob",
        "x-ms-client-request-id": "457bf5b4-7d8c-67b0-782e-237b6cd5c068",
        "x-ms-date": "Mon, 19 Jul 2021 09:13:51 GMT",
        "x-ms-return-client-request-id": "true",
        "x-ms-version": "2020-08-04"
      },
      "RequestBody": [],
      "StatusCode": 201,
      "ResponseHeaders": {
        "Content-Length": "0",
        "Content-MD5": "1B2M2Y8AsgTpgAmY7PhCfg==",
        "Date": "Mon, 19 Jul 2021 09:13:50 GMT",
        "ETag": "\u00220x8D94A95863D1931\u0022",
        "Last-Modified": "Mon, 19 Jul 2021 09:13:51 GMT",
        "Server": [
          "Windows-Azure-Blob/1.0",
          "Microsoft-HTTPAPI/2.0"
        ],
        "x-ms-client-request-id": "457bf5b4-7d8c-67b0-782e-237b6cd5c068",
        "x-ms-content-crc64": "AAAAAAAAAAA=",
        "x-ms-request-id": "14149712-b01e-0016-5a7e-7c54d8000000",
        "x-ms-request-server-encrypted": "true",
        "x-ms-version": "2020-08-04",
        "x-ms-version-id": "2021-07-19T09:13:51.2379466Z"
      },
      "ResponseBody": []
    },
    {
      "RequestUri": "https://rnpstd.blob.core.windows.net/test-container-3893a93e-fbcb-ee0a-8615-d2fa3cee9e4e/test-blob-8aba7069-62d2-a443-428e-25764483005f/test-blob-11546c2b-2414-a403-6609-7b9006508166/d2a79b16-6a65-5f0e-b5d9-11553bca5b35/91af4398-5afc-6579-3f1e-3f46c7185524",
      "RequestMethod": "PUT",
      "RequestHeaders": {
        "Accept": "application/xml",
        "Authorization": "Sanitized",
        "Content-Length": "0",
        "Content-Type": "application/octet-stream",
        "If-None-Match": "*",
        "traceparent": "00-417897fae27c794b961b93078a97ab83-7aa7aaca2b8e0e47-00",
        "User-Agent": [
          "azsdk-net-Storage.Blobs/12.10.0-alpha.20210719.1",
          "(.NET 5.0.8; Microsoft Windows 10.0.19043)"
        ],
        "x-ms-blob-type": "BlockBlob",
        "x-ms-client-request-id": "f16c4272-4ee7-19e3-45a1-bcb74d17ed64",
        "x-ms-date": "Mon, 19 Jul 2021 09:13:51 GMT",
        "x-ms-return-client-request-id": "true",
        "x-ms-version": "2020-08-04"
      },
      "RequestBody": [],
      "StatusCode": 201,
      "ResponseHeaders": {
        "Content-Length": "0",
        "Content-MD5": "1B2M2Y8AsgTpgAmY7PhCfg==",
        "Date": "Mon, 19 Jul 2021 09:13:50 GMT",
        "ETag": "\u00220x8D94A9586446D75\u0022",
        "Last-Modified": "Mon, 19 Jul 2021 09:13:51 GMT",
        "Server": [
          "Windows-Azure-Blob/1.0",
          "Microsoft-HTTPAPI/2.0"
        ],
        "x-ms-client-request-id": "f16c4272-4ee7-19e3-45a1-bcb74d17ed64",
        "x-ms-content-crc64": "AAAAAAAAAAA=",
        "x-ms-request-id": "14149735-b01e-0016-797e-7c54d8000000",
        "x-ms-request-server-encrypted": "true",
        "x-ms-version": "2020-08-04",
        "x-ms-version-id": "2021-07-19T09:13:51.2849781Z"
      },
      "ResponseBody": []
    },
    {
      "RequestUri": "https://rnpstd.blob.core.windows.net/test-container-3893a93e-fbcb-ee0a-8615-d2fa3cee9e4e?restype=container\u0026comp=list",
      "RequestMethod": "GET",
      "RequestHeaders": {
        "Accept": "application/xml",
        "Authorization": "Sanitized",
        "traceparent": "00-4269e0c79e3c0d448f60523376626038-9ff1fdb98d04b144-00",
        "User-Agent": [
          "azsdk-net-Storage.Blobs/12.10.0-alpha.20210719.1",
          "(.NET 5.0.8; Microsoft Windows 10.0.19043)"
        ],
        "x-ms-client-request-id": "2909c50a-cf69-9781-a1da-a56851968f48",
        "x-ms-date": "Mon, 19 Jul 2021 09:13:51 GMT",
        "x-ms-return-client-request-id": "true",
        "x-ms-version": "2020-08-04"
      },
      "RequestBody": null,
      "StatusCode": 200,
      "ResponseHeaders": {
        "Content-Type": "application/xml",
        "Date": "Mon, 19 Jul 2021 09:13:50 GMT",
        "Server": [
          "Windows-Azure-Blob/1.0",
          "Microsoft-HTTPAPI/2.0"
        ],
        "Transfer-Encoding": "chunked",
        "x-ms-client-request-id": "2909c50a-cf69-9781-a1da-a56851968f48",
        "x-ms-request-id": "1414975e-b01e-0016-1e7e-7c54d8000000",
        "x-ms-version": "2020-08-04"
      },
      "ResponseBody": "\uFEFF\u003C?xml version=\u00221.0\u0022 encoding=\u0022utf-8\u0022?\u003E\u003CEnumerationResults ServiceEndpoint=\u0022https://rnpstd.blob.core.windows.net/\u0022 ContainerName=\u0022test-container-3893a93e-fbcb-ee0a-8615-d2fa3cee9e4e\u0022\u003E\u003CBlobs\u003E\u003CBlob\u003E\u003CName\u003Etest-blob-8aba7069-62d2-a443-428e-25764483005f/test-blob-11546c2b-2414-a403-6609-7b9006508166/17ea33e8-f157-44f6-6c16-23c9e7b29ef2\u003C/Name\u003E\u003CVersionId\u003E2021-07-19T09:13:51.1278713Z\u003C/VersionId\u003E\u003CIsCurrentVersion\u003Etrue\u003C/IsCurrentVersion\u003E\u003CProperties\u003E\u003CCreation-Time\u003EMon, 19 Jul 2021 09:13:51 GMT\u003C/Creation-Time\u003E\u003CLast-Modified\u003EMon, 19 Jul 2021 09:13:51 GMT\u003C/Last-Modified\u003E\u003CEtag\u003E0x8D94A95862C7479\u003C/Etag\u003E\u003CContent-Length\u003E0\u003C/Content-Length\u003E\u003CContent-Type\u003Eapplication/octet-stream\u003C/Content-Type\u003E\u003CContent-Encoding /\u003E\u003CContent-Language /\u003E\u003CContent-CRC64 /\u003E\u003CContent-MD5\u003E1B2M2Y8AsgTpgAmY7PhCfg==\u003C/Content-MD5\u003E\u003CCache-Control /\u003E\u003CContent-Disposition /\u003E\u003CBlobType\u003EBlockBlob\u003C/BlobType\u003E\u003CAccessTier\u003EHot\u003C/AccessTier\u003E\u003CAccessTierInferred\u003Etrue\u003C/AccessTierInferred\u003E\u003CLeaseStatus\u003Eunlocked\u003C/LeaseStatus\u003E\u003CLeaseState\u003Eavailable\u003C/LeaseState\u003E\u003CServerEncrypted\u003Etrue\u003C/ServerEncrypted\u003E\u003C/Properties\u003E\u003COrMetadata /\u003E\u003C/Blob\u003E\u003CBlob\u003E\u003CName\u003Etest-blob-8aba7069-62d2-a443-428e-25764483005f/test-blob-11546c2b-2414-a403-6609-7b9006508166/4bb2dec2-cb0a-a28d-b1c6-e18b719f900e/ab46f4b6-c297-bb48-2242-93472ac8989d\u003C/Name\u003E\u003CVersionId\u003E2021-07-19T09:13:51.2379466Z\u003C/VersionId\u003E\u003CIsCurrentVersion\u003Etrue\u003C/IsCurrentVersion\u003E\u003CProperties\u003E\u003CCreation-Time\u003EMon, 19 Jul 2021 09:13:51 GMT\u003C/Creation-Time\u003E\u003CLast-Modified\u003EMon, 19 Jul 2021 09:13:51 GMT\u003C/Last-Modified\u003E\u003CEtag\u003E0x8D94A95863D1931\u003C/Etag\u003E\u003CContent-Length\u003E0\u003C/Content-Length\u003E\u003CContent-Type\u003Eapplication/octet-stream\u003C/Content-Type\u003E\u003CContent-Encoding /\u003E\u003CContent-Language /\u003E\u003CContent-CRC64 /\u003E\u003CContent-MD5\u003E1B2M2Y8AsgTpgAmY7PhCfg==\u003C/Content-MD5\u003E\u003CCache-Control /\u003E\u003CContent-Disposition /\u003E\u003CBlobType\u003EBlockBlob\u003C/BlobType\u003E\u003CAccessTier\u003EHot\u003C/AccessTier\u003E\u003CAccessTierInferred\u003Etrue\u003C/AccessTierInferred\u003E\u003CLeaseStatus\u003Eunlocked\u003C/LeaseStatus\u003E\u003CLeaseState\u003Eavailable\u003C/LeaseState\u003E\u003CServerEncrypted\u003Etrue\u003C/ServerEncrypted\u003E\u003C/Properties\u003E\u003COrMetadata /\u003E\u003C/Blob\u003E\u003CBlob\u003E\u003CName\u003Etest-blob-8aba7069-62d2-a443-428e-25764483005f/test-blob-11546c2b-2414-a403-6609-7b9006508166/9725bf0c-8265-ccf4-d811-2adeee475344\u003C/Name\u003E\u003CVersionId\u003E2021-07-19T09:13:51.2099265Z\u003C/VersionId\u003E\u003CIsCurrentVersion\u003Etrue\u003C/IsCurrentVersion\u003E\u003CProperties\u003E\u003CCreation-Time\u003EMon, 19 Jul 2021 09:13:51 GMT\u003C/Creation-Time\u003E\u003CLast-Modified\u003EMon, 19 Jul 2021 09:13:51 GMT\u003C/Last-Modified\u003E\u003CEtag\u003E0x8D94A958638F9C1\u003C/Etag\u003E\u003CContent-Length\u003E0\u003C/Content-Length\u003E\u003CContent-Type\u003Eapplication/octet-stream\u003C/Content-Type\u003E\u003CContent-Encoding /\u003E\u003CContent-Language /\u003E\u003CContent-CRC64 /\u003E\u003CContent-MD5\u003E1B2M2Y8AsgTpgAmY7PhCfg==\u003C/Content-MD5\u003E\u003CCache-Control /\u003E\u003CContent-Disposition /\u003E\u003CBlobType\u003EBlockBlob\u003C/BlobType\u003E\u003CAccessTier\u003EHot\u003C/AccessTier\u003E\u003CAccessTierInferred\u003Etrue\u003C/AccessTierInferred\u003E\u003CLeaseStatus\u003Eunlocked\u003C/LeaseStatus\u003E\u003CLeaseState\u003Eavailable\u003C/LeaseState\u003E\u003CServerEncrypted\u003Etrue\u003C/ServerEncrypted\u003E\u003C/Properties\u003E\u003COrMetadata /\u003E\u003C/Blob\u003E\u003CBlob\u003E\u003CName\u003Etest-blob-8aba7069-62d2-a443-428e-25764483005f/test-blob-11546c2b-2414-a403-6609-7b9006508166/d2a79b16-6a65-5f0e-b5d9-11553bca5b35/91af4398-5afc-6579-3f1e-3f46c7185524\u003C/Name\u003E\u003CVersionId\u003E2021-07-19T09:13:51.2849781Z\u003C/VersionId\u003E\u003CIsCurrentVersion\u003Etrue\u003C/IsCurrentVersion\u003E\u003CProperties\u003E\u003CCreation-Time\u003EMon, 19 Jul 2021 09:13:51 GMT\u003C/Creation-Time\u003E\u003CLast-Modified\u003EMon, 19 Jul 2021 09:13:51 GMT\u003C/Last-Modified\u003E\u003CEtag\u003E0x8D94A9586446D75\u003C/Etag\u003E\u003CContent-Length\u003E0\u003C/Content-Length\u003E\u003CContent-Type\u003Eapplication/octet-stream\u003C/Content-Type\u003E\u003CContent-Encoding /\u003E\u003CContent-Language /\u003E\u003CContent-CRC64 /\u003E\u003CContent-MD5\u003E1B2M2Y8AsgTpgAmY7PhCfg==\u003C/Content-MD5\u003E\u003CCache-Control /\u003E\u003CContent-Disposition /\u003E\u003CBlobType\u003EBlockBlob\u003C/BlobType\u003E\u003CAccessTier\u003EHot\u003C/AccessTier\u003E\u003CAccessTierInferred\u003Etrue\u003C/AccessTierInferred\u003E\u003CLeaseStatus\u003Eunlocked\u003C/LeaseStatus\u003E\u003CLeaseState\u003Eavailable\u003C/LeaseState\u003E\u003CServerEncrypted\u003Etrue\u003C/ServerEncrypted\u003E\u003C/Properties\u003E\u003COrMetadata /\u003E\u003C/Blob\u003E\u003C/Blobs\u003E\u003CNextMarker /\u003E\u003C/EnumerationResults\u003E"
    },
    {
      "RequestUri": "https://rnpstd.blob.core.windows.net/test-container-3893a93e-fbcb-ee0a-8615-d2fa3cee9e4e?restype=container",
      "RequestMethod": "DELETE",
      "RequestHeaders": {
        "Accept": "application/xml",
        "Authorization": "Sanitized",
        "traceparent": "00-5e02c1d4b0c7c741b75ed6b035b16621-20a05e3bff3cf244-00",
        "User-Agent": [
          "azsdk-net-Storage.Blobs/12.10.0-alpha.20210719.1",
          "(.NET 5.0.8; Microsoft Windows 10.0.19043)"
        ],
        "x-ms-client-request-id": "87adb7f9-c30e-58fa-1eda-8f348d115410",
        "x-ms-date": "Mon, 19 Jul 2021 09:13:51 GMT",
        "x-ms-return-client-request-id": "true",
        "x-ms-version": "2020-08-04"
      },
      "RequestBody": null,
      "StatusCode": 202,
      "ResponseHeaders": {
        "Content-Length": "0",
        "Date": "Mon, 19 Jul 2021 09:13:50 GMT",
        "Server": [
          "Windows-Azure-Blob/1.0",
          "Microsoft-HTTPAPI/2.0"
        ],
        "x-ms-client-request-id": "87adb7f9-c30e-58fa-1eda-8f348d115410",
        "x-ms-request-id": "14149790-b01e-0016-467e-7c54d8000000",
        "x-ms-version": "2020-08-04"
      },
      "ResponseBody": []
    }
  ],
  "Variables": {
    "RandomSeed": "1477011930",
    "Storage_TestConfigDefault": "ProductionTenant\nrnpstd\nU2FuaXRpemVk\nhttps://rnpstd.blob.core.windows.net\nhttps://rnpstd.file.core.windows.net\nhttps://rnpstd.queue.core.windows.net\nhttps://rnpstd.table.core.windows.net\n\n\n\n\nhttps://rnpstd-secondary.blob.core.windows.net\nhttps://rnpstd-secondary.file.core.windows.net\nhttps://rnpstd-secondary.queue.core.windows.net\nhttps://rnpstd-secondary.table.core.windows.net\n\nSanitized\n\n\nCloud\nBlobEndpoint=https://rnpstd.blob.core.windows.net/;QueueEndpoint=https://rnpstd.queue.core.windows.net/;FileEndpoint=https://rnpstd.file.core.windows.net/;BlobSecondaryEndpoint=https://rnpstd-secondary.blob.core.windows.net/;QueueSecondaryEndpoint=https://rnpstd-secondary.queue.core.windows.net/;FileSecondaryEndpoint=https://rnpstd-secondary.file.core.windows.net/;AccountName=rnpstd;AccountKey=Kg==;\n[encryption scope]"
  }
}