{
  "Entries": [
    {
      "RequestUri": "http:\u002f\u002fgapradev.blob.core.windows.net\u002ftest-container-13ee5332-be06-562e-4478-e265658481ba?restype=container",
      "RequestMethod": "PUT",
      "RequestHeaders": {
        "Authorization": "Sanitized",
        "Request-Id": "|c095af57-4f538f1237f2b6d3.",
        "User-Agent": [
          "azsdk-net-Storage.Blobs\u002f12.0.0-dev.20190905.1\u002b2ce53181f81f10b1bf8bf777576aec693dd70354",
          "(.NET Core 4.6.27817.01; Microsoft Windows 10.0.18362 )"
        ],
        "x-ms-blob-public-access": "container",
        "x-ms-client-request-id": "8788edd0f904ede0789897e4c32e427d",
        "x-ms-date": "Thu, 05 Sep 2019 23:55:29 GMT",
        "x-ms-return-client-request-id": "true",
        "x-ms-version": "2019-02-02"
      },
      "RequestBody": null,
      "StatusCode": 201,
      "ResponseHeaders": {
        "Content-Length": "0",
        "Date": "Thu, 05 Sep 2019 23:55:29 GMT",
        "ETag": "\u00220x8D7325C87FCBB1E\u0022",
        "Last-Modified": "Thu, 05 Sep 2019 23:55:29 GMT",
        "Server": [
          "Windows-Azure-Blob\u002f1.0",
          "Microsoft-HTTPAPI\u002f2.0"
        ],
        "x-ms-client-request-id": "8788edd0f904ede0789897e4c32e427d",
        "x-ms-request-id": "7a012793-301e-001d-7845-649f87000000",
        "x-ms-version": "2019-02-02"
      },
      "ResponseBody": []
    },
    {
      "RequestUri": "http:\u002f\u002fgapradev.blob.core.windows.net\u002ftest-container-13ee5332-be06-562e-4478-e265658481ba?restype=container\u0026comp=acl",
      "RequestMethod": "PUT",
      "RequestHeaders": {
        "Authorization": "Sanitized",
        "Content-Length": "21",
        "Content-Type": "application\u002fxml",
        "Request-Id": "|c095af58-4f538f1237f2b6d3.",
        "User-Agent": [
          "azsdk-net-Storage.Blobs\u002f12.0.0-dev.20190905.1\u002b2ce53181f81f10b1bf8bf777576aec693dd70354",
          "(.NET Core 4.6.27817.01; Microsoft Windows 10.0.18362 )"
        ],
        "x-ms-blob-public-access": "container",
        "x-ms-client-request-id": "ee399d69be6cb480e96f5cafcebe1d73",
        "x-ms-date": "Thu, 05 Sep 2019 23:55:29 GMT",
        "x-ms-return-client-request-id": "true",
        "x-ms-version": "2019-02-02"
      },
      "RequestBody": "\u003cSignedIdentifiers \u002f\u003e",
      "StatusCode": 200,
      "ResponseHeaders": {
        "Content-Length": "0",
        "Date": "Thu, 05 Sep 2019 23:55:29 GMT",
        "ETag": "\u00220x8D7325C880AE5CB\u0022",
        "Last-Modified": "Thu, 05 Sep 2019 23:55:29 GMT",
        "Server": [
          "Windows-Azure-Blob\u002f1.0",
          "Microsoft-HTTPAPI\u002f2.0"
        ],
        "x-ms-client-request-id": "ee399d69be6cb480e96f5cafcebe1d73",
        "x-ms-request-id": "7a012799-301e-001d-7d45-649f87000000",
        "x-ms-version": "2019-02-02"
      },
      "ResponseBody": []
    },
    {
      "RequestUri": "http:\u002f\u002fgapradev.blob.core.windows.net\u002ftest-container-13ee5332-be06-562e-4478-e265658481ba\u002ftest-blob-9b007339-276d-934a-1536-64fcc84a934e",
      "RequestMethod": "PUT",
      "RequestHeaders": {
        "Authorization": "Sanitized",
        "Content-Length": "0",
        "Request-Id": "|c095af59-4f538f1237f2b6d3.",
        "User-Agent": [
          "azsdk-net-Storage.Blobs\u002f12.0.0-dev.20190905.1\u002b2ce53181f81f10b1bf8bf777576aec693dd70354",
          "(.NET Core 4.6.27817.01; Microsoft Windows 10.0.18362 )"
        ],
        "x-ms-blob-type": "AppendBlob",
        "x-ms-client-request-id": "9ed46c129d951f30ba7a2480c7bff5d5",
        "x-ms-date": "Thu, 05 Sep 2019 23:55:29 GMT",
        "x-ms-return-client-request-id": "true",
        "x-ms-version": "2019-02-02"
      },
      "RequestBody": null,
      "StatusCode": 201,
      "ResponseHeaders": {
        "Content-Length": "0",
        "Date": "Thu, 05 Sep 2019 23:55:29 GMT",
        "ETag": "\u00220x8D7325C88182411\u0022",
        "Last-Modified": "Thu, 05 Sep 2019 23:55:29 GMT",
        "Server": [
          "Windows-Azure-Blob\u002f1.0",
          "Microsoft-HTTPAPI\u002f2.0"
        ],
        "x-ms-client-request-id": "9ed46c129d951f30ba7a2480c7bff5d5",
        "x-ms-request-id": "7a01279b-301e-001d-7f45-649f87000000",
        "x-ms-request-server-encrypted": "true",
        "x-ms-version": "2019-02-02"
      },
      "ResponseBody": []
    },
    {
      "RequestUri": "http:\u002f\u002fgapradev.blob.core.windows.net\u002ftest-container-13ee5332-be06-562e-4478-e265658481ba\u002ftest-blob-9b007339-276d-934a-1536-64fcc84a934e?comp=appendblock",
      "RequestMethod": "PUT",
      "RequestHeaders": {
        "Authorization": "Sanitized",
        "Content-Length": "7",
        "Request-Id": "|c095af5a-4f538f1237f2b6d3.",
        "User-Agent": [
          "azsdk-net-Storage.Blobs\u002f12.0.0-dev.20190905.1\u002b2ce53181f81f10b1bf8bf777576aec693dd70354",
          "(.NET Core 4.6.27817.01; Microsoft Windows 10.0.18362 )"
        ],
        "x-ms-client-request-id": "7a00f19d236b8d139fdc467969c25428",
        "x-ms-date": "Thu, 05 Sep 2019 23:55:29 GMT",
        "x-ms-return-client-request-id": "true",
        "x-ms-version": "2019-02-02"
      },
      "RequestBody": "Y\u002fxvTafLrA==",
      "StatusCode": 201,
      "ResponseHeaders": {
        "Content-Length": "0",
        "Date": "Thu, 05 Sep 2019 23:55:29 GMT",
        "ETag": "\u00220x8D7325C88278D5D\u0022",
        "Last-Modified": "Thu, 05 Sep 2019 23:55:29 GMT",
        "Server": [
          "Windows-Azure-Blob\u002f1.0",
          "Microsoft-HTTPAPI\u002f2.0"
        ],
        "x-ms-blob-append-offset": "0",
        "x-ms-blob-committed-block-count": "1",
        "x-ms-client-request-id": "7a00f19d236b8d139fdc467969c25428",
        "x-ms-content-crc64": "WJ382LndJnQ=",
        "x-ms-request-id": "7a01279d-301e-001d-0145-649f87000000",
        "x-ms-request-server-encrypted": "true",
        "x-ms-version": "2019-02-02"
      },
      "ResponseBody": []
    },
    {
      "RequestUri": "http:\u002f\u002fgapradev.blob.core.windows.net\u002ftest-container-13ee5332-be06-562e-4478-e265658481ba\u002ftest-blob-e05dadcf-2cd3-9b16-42e1-e0f303c9cb56",
      "RequestMethod": "PUT",
      "RequestHeaders": {
        "Authorization": "Sanitized",
        "Content-Length": "0",
        "Request-Id": "|c095af5b-4f538f1237f2b6d3.",
        "User-Agent": [
          "azsdk-net-Storage.Blobs\u002f12.0.0-dev.20190905.1\u002b2ce53181f81f10b1bf8bf777576aec693dd70354",
          "(.NET Core 4.6.27817.01; Microsoft Windows 10.0.18362 )"
        ],
        "x-ms-blob-type": "AppendBlob",
        "x-ms-client-request-id": "d75e8e411949eee35946ffb957b7b5f8",
        "x-ms-date": "Thu, 05 Sep 2019 23:55:29 GMT",
        "x-ms-return-client-request-id": "true",
        "x-ms-version": "2019-02-02"
      },
      "RequestBody": null,
      "StatusCode": 201,
      "ResponseHeaders": {
        "Content-Length": "0",
        "Date": "Thu, 05 Sep 2019 23:55:29 GMT",
        "ETag": "\u00220x8D7325C8834FB11\u0022",
        "Last-Modified": "Thu, 05 Sep 2019 23:55:29 GMT",
        "Server": [
          "Windows-Azure-Blob\u002f1.0",
          "Microsoft-HTTPAPI\u002f2.0"
        ],
        "x-ms-client-request-id": "d75e8e411949eee35946ffb957b7b5f8",
        "x-ms-request-id": "7a0127a2-301e-001d-0445-649f87000000",
        "x-ms-request-server-encrypted": "true",
        "x-ms-version": "2019-02-02"
      },
      "ResponseBody": []
    },
    {
      "RequestUri": "http:\u002f\u002fgapradev.blob.core.windows.net\u002ftest-container-13ee5332-be06-562e-4478-e265658481ba\u002ftest-blob-e05dadcf-2cd3-9b16-42e1-e0f303c9cb56?comp=appendblock",
      "RequestMethod": "PUT",
      "RequestHeaders": {
        "Authorization": "Sanitized",
        "Content-Length": "0",
        "Request-Id": "|c095af5c-4f538f1237f2b6d3.",
        "User-Agent": [
          "azsdk-net-Storage.Blobs\u002f12.0.0-dev.20190905.1\u002b2ce53181f81f10b1bf8bf777576aec693dd70354",
          "(.NET Core 4.6.27817.01; Microsoft Windows 10.0.18362 )"
        ],
        "x-ms-client-request-id": "1ab1fb2514617002da65378942208ad5",
        "x-ms-copy-source": "http:\u002f\u002fgapradev.blob.core.windows.net\u002ftest-container-13ee5332-be06-562e-4478-e265658481ba\u002ftest-blob-9b007339-276d-934a-1536-64fcc84a934e",
        "x-ms-date": "Thu, 05 Sep 2019 23:55:30 GMT",
        "x-ms-return-client-request-id": "true",
        "x-ms-source-range": "bytes=0-",
        "x-ms-version": "2019-02-02"
      },
      "RequestBody": null,
      "StatusCode": 201,
      "ResponseHeaders": {
        "Content-Length": "0",
        "Content-MD5": "zRbzwDLqJDHBA\u002fCpc9b72w==",
        "Date": "Thu, 05 Sep 2019 23:55:29 GMT",
        "ETag": "\u00220x8D7325C88443D2C\u0022",
        "Last-Modified": "Thu, 05 Sep 2019 23:55:30 GMT",
        "Server": [
          "Windows-Azure-Blob\u002f1.0",
          "Microsoft-HTTPAPI\u002f2.0"
        ],
        "x-ms-blob-append-offset": "0",
        "x-ms-blob-committed-block-count": "1",
        "x-ms-client-request-id": "1ab1fb2514617002da65378942208ad5",
        "x-ms-request-id": "7a0127a5-301e-001d-0745-649f87000000",
        "x-ms-request-server-encrypted": "true",
        "x-ms-version": "2019-02-02"
      },
      "ResponseBody": []
    },
    {
      "RequestUri": "http:\u002f\u002fgapradev.blob.core.windows.net\u002ftest-container-13ee5332-be06-562e-4478-e265658481ba?restype=container",
      "RequestMethod": "DELETE",
      "RequestHeaders": {
        "Authorization": "Sanitized",
        "Request-Id": "|c095af5d-4f538f1237f2b6d3.",
        "User-Agent": [
          "azsdk-net-Storage.Blobs\u002f12.0.0-dev.20190905.1\u002b2ce53181f81f10b1bf8bf777576aec693dd70354",
          "(.NET Core 4.6.27817.01; Microsoft Windows 10.0.18362 )"
        ],
        "x-ms-client-request-id": "db38ef107d63b6dfc96e868d2d5d438a",
        "x-ms-date": "Thu, 05 Sep 2019 23:55:30 GMT",
        "x-ms-return-client-request-id": "true",
        "x-ms-version": "2019-02-02"
      },
      "RequestBody": null,
      "StatusCode": 202,
      "ResponseHeaders": {
        "Content-Length": "0",
        "Date": "Thu, 05 Sep 2019 23:55:30 GMT",
        "Server": [
          "Windows-Azure-Blob\u002f1.0",
          "Microsoft-HTTPAPI\u002f2.0"
        ],
        "x-ms-client-request-id": "db38ef107d63b6dfc96e868d2d5d438a",
        "x-ms-request-id": "7a0127a8-301e-001d-0a45-649f87000000",
        "x-ms-version": "2019-02-02"
      },
      "ResponseBody": []
    },
    {
      "RequestUri": "http:\u002f\u002fgapradev.blob.core.windows.net\u002ftest-container-07cde82c-b117-2cf4-8ced-fde4e15aab39?restype=container",
      "RequestMethod": "PUT",
      "RequestHeaders": {
        "Authorization": "Sanitized",
        "Request-Id": "|c095af5e-4f538f1237f2b6d3.",
        "User-Agent": [
          "azsdk-net-Storage.Blobs\u002f12.0.0-dev.20190905.1\u002b2ce53181f81f10b1bf8bf777576aec693dd70354",
          "(.NET Core 4.6.27817.01; Microsoft Windows 10.0.18362 )"
        ],
        "x-ms-blob-public-access": "container",
        "x-ms-client-request-id": "67a829bcda7fa8941cfb50f28e74437d",
        "x-ms-date": "Thu, 05 Sep 2019 23:55:30 GMT",
        "x-ms-return-client-request-id": "true",
        "x-ms-version": "2019-02-02"
      },
      "RequestBody": null,
      "StatusCode": 201,
      "ResponseHeaders": {
        "Content-Length": "0",
        "Date": "Thu, 05 Sep 2019 23:55:30 GMT",
        "ETag": "\u00220x8D7325C885F9BDA\u0022",
        "Last-Modified": "Thu, 05 Sep 2019 23:55:30 GMT",
        "Server": [
          "Windows-Azure-Blob\u002f1.0",
          "Microsoft-HTTPAPI\u002f2.0"
        ],
        "x-ms-client-request-id": "67a829bcda7fa8941cfb50f28e74437d",
        "x-ms-request-id": "7a0127ae-301e-001d-0e45-649f87000000",
        "x-ms-version": "2019-02-02"
      },
      "ResponseBody": []
    },
    {
      "RequestUri": "http:\u002f\u002fgapradev.blob.core.windows.net\u002ftest-container-07cde82c-b117-2cf4-8ced-fde4e15aab39?restype=container\u0026comp=acl",
      "RequestMethod": "PUT",
      "RequestHeaders": {
        "Authorization": "Sanitized",
        "Content-Length": "21",
        "Content-Type": "application\u002fxml",
        "Request-Id": "|c095af5f-4f538f1237f2b6d3.",
        "User-Agent": [
          "azsdk-net-Storage.Blobs\u002f12.0.0-dev.20190905.1\u002b2ce53181f81f10b1bf8bf777576aec693dd70354",
          "(.NET Core 4.6.27817.01; Microsoft Windows 10.0.18362 )"
        ],
        "x-ms-blob-public-access": "container",
        "x-ms-client-request-id": "595dad2182525fbefa0b4e7580fbd46f",
        "x-ms-date": "Thu, 05 Sep 2019 23:55:30 GMT",
        "x-ms-return-client-request-id": "true",
        "x-ms-version": "2019-02-02"
      },
      "RequestBody": "\u003cSignedIdentifiers \u002f\u003e",
      "StatusCode": 200,
      "ResponseHeaders": {
        "Content-Length": "0",
        "Date": "Thu, 05 Sep 2019 23:55:30 GMT",
        "ETag": "\u00220x8D7325C886D778A\u0022",
        "Last-Modified": "Thu, 05 Sep 2019 23:55:30 GMT",
        "Server": [
          "Windows-Azure-Blob\u002f1.0",
          "Microsoft-HTTPAPI\u002f2.0"
        ],
        "x-ms-client-request-id": "595dad2182525fbefa0b4e7580fbd46f",
        "x-ms-request-id": "7a0127b6-301e-001d-1545-649f87000000",
        "x-ms-version": "2019-02-02"
      },
      "ResponseBody": []
    },
    {
      "RequestUri": "http:\u002f\u002fgapradev.blob.core.windows.net\u002ftest-container-07cde82c-b117-2cf4-8ced-fde4e15aab39\u002ftest-blob-eb245452-601c-9e02-17aa-80c234fd52e6",
      "RequestMethod": "PUT",
      "RequestHeaders": {
        "Authorization": "Sanitized",
        "Content-Length": "0",
        "Request-Id": "|c095af60-4f538f1237f2b6d3.",
        "User-Agent": [
          "azsdk-net-Storage.Blobs\u002f12.0.0-dev.20190905.1\u002b2ce53181f81f10b1bf8bf777576aec693dd70354",
          "(.NET Core 4.6.27817.01; Microsoft Windows 10.0.18362 )"
        ],
        "x-ms-blob-type": "AppendBlob",
        "x-ms-client-request-id": "6d496b3a8b73281e2126e12f41a43fc8",
        "x-ms-date": "Thu, 05 Sep 2019 23:55:30 GMT",
        "x-ms-return-client-request-id": "true",
        "x-ms-version": "2019-02-02"
      },
      "RequestBody": null,
      "StatusCode": 201,
      "ResponseHeaders": {
        "Content-Length": "0",
        "Date": "Thu, 05 Sep 2019 23:55:30 GMT",
        "ETag": "\u00220x8D7325C887B52D6\u0022",
        "Last-Modified": "Thu, 05 Sep 2019 23:55:30 GMT",
        "Server": [
          "Windows-Azure-Blob\u002f1.0",
          "Microsoft-HTTPAPI\u002f2.0"
        ],
        "x-ms-client-request-id": "6d496b3a8b73281e2126e12f41a43fc8",
        "x-ms-request-id": "7a0127bc-301e-001d-1b45-649f87000000",
        "x-ms-request-server-encrypted": "true",
        "x-ms-version": "2019-02-02"
      },
      "ResponseBody": []
    },
    {
      "RequestUri": "http:\u002f\u002fgapradev.blob.core.windows.net\u002ftest-container-07cde82c-b117-2cf4-8ced-fde4e15aab39\u002ftest-blob-eb245452-601c-9e02-17aa-80c234fd52e6?comp=appendblock",
      "RequestMethod": "PUT",
      "RequestHeaders": {
        "Authorization": "Sanitized",
        "Content-Length": "7",
        "Request-Id": "|c095af61-4f538f1237f2b6d3.",
        "User-Agent": [
          "azsdk-net-Storage.Blobs\u002f12.0.0-dev.20190905.1\u002b2ce53181f81f10b1bf8bf777576aec693dd70354",
          "(.NET Core 4.6.27817.01; Microsoft Windows 10.0.18362 )"
        ],
        "x-ms-client-request-id": "050aa145972efea2f86d36cbff38a072",
        "x-ms-date": "Thu, 05 Sep 2019 23:55:30 GMT",
        "x-ms-return-client-request-id": "true",
        "x-ms-version": "2019-02-02"
      },
      "RequestBody": "w0zQA7TcCw==",
      "StatusCode": 201,
      "ResponseHeaders": {
        "Content-Length": "0",
        "Date": "Thu, 05 Sep 2019 23:55:30 GMT",
        "ETag": "\u00220x8D7325C888935AF\u0022",
        "Last-Modified": "Thu, 05 Sep 2019 23:55:30 GMT",
        "Server": [
          "Windows-Azure-Blob\u002f1.0",
          "Microsoft-HTTPAPI\u002f2.0"
        ],
        "x-ms-blob-append-offset": "0",
        "x-ms-blob-committed-block-count": "1",
        "x-ms-client-request-id": "050aa145972efea2f86d36cbff38a072",
        "x-ms-content-crc64": "kThKH\u002bwYu7U=",
        "x-ms-request-id": "7a0127bf-301e-001d-1e45-649f87000000",
        "x-ms-request-server-encrypted": "true",
        "x-ms-version": "2019-02-02"
      },
      "ResponseBody": []
    },
    {
      "RequestUri": "http:\u002f\u002fgapradev.blob.core.windows.net\u002ftest-container-07cde82c-b117-2cf4-8ced-fde4e15aab39\u002ftest-blob-98966670-6e6b-c697-36fc-c9f57ed25c73",
      "RequestMethod": "PUT",
      "RequestHeaders": {
        "Authorization": "Sanitized",
        "Content-Length": "0",
        "Request-Id": "|c095af62-4f538f1237f2b6d3.",
        "User-Agent": [
          "azsdk-net-Storage.Blobs\u002f12.0.0-dev.20190905.1\u002b2ce53181f81f10b1bf8bf777576aec693dd70354",
          "(.NET Core 4.6.27817.01; Microsoft Windows 10.0.18362 )"
        ],
        "x-ms-blob-type": "AppendBlob",
        "x-ms-client-request-id": "927db76b4df2a2b8c84b7405555228e9",
        "x-ms-date": "Thu, 05 Sep 2019 23:55:30 GMT",
        "x-ms-return-client-request-id": "true",
        "x-ms-version": "2019-02-02"
      },
      "RequestBody": null,
      "StatusCode": 201,
      "ResponseHeaders": {
        "Content-Length": "0",
        "Date": "Thu, 05 Sep 2019 23:55:30 GMT",
        "ETag": "\u00220x8D7325C8896CA18\u0022",
        "Last-Modified": "Thu, 05 Sep 2019 23:55:30 GMT",
        "Server": [
          "Windows-Azure-Blob\u002f1.0",
          "Microsoft-HTTPAPI\u002f2.0"
        ],
        "x-ms-client-request-id": "927db76b4df2a2b8c84b7405555228e9",
        "x-ms-request-id": "7a0127c2-301e-001d-2145-649f87000000",
        "x-ms-request-server-encrypted": "true",
        "x-ms-version": "2019-02-02"
      },
      "ResponseBody": []
    },
    {
      "RequestUri": "http:\u002f\u002fgapradev.blob.core.windows.net\u002ftest-container-07cde82c-b117-2cf4-8ced-fde4e15aab39\u002ftest-blob-98966670-6e6b-c697-36fc-c9f57ed25c73?comp=appendblock",
      "RequestMethod": "PUT",
      "RequestHeaders": {
        "Authorization": "Sanitized",
        "Content-Length": "0",
        "If-Modified-Since": "Wed, 04 Sep 2019 23:55:29 GMT",
        "Request-Id": "|c095af63-4f538f1237f2b6d3.",
        "User-Agent": [
          "azsdk-net-Storage.Blobs\u002f12.0.0-dev.20190905.1\u002b2ce53181f81f10b1bf8bf777576aec693dd70354",
          "(.NET Core 4.6.27817.01; Microsoft Windows 10.0.18362 )"
        ],
        "x-ms-client-request-id": "dbbe6f86a60ed65d0a44ce32cdac7f25",
        "x-ms-copy-source": "http:\u002f\u002fgapradev.blob.core.windows.net\u002ftest-container-07cde82c-b117-2cf4-8ced-fde4e15aab39\u002ftest-blob-eb245452-601c-9e02-17aa-80c234fd52e6",
        "x-ms-date": "Thu, 05 Sep 2019 23:55:30 GMT",
        "x-ms-return-client-request-id": "true",
        "x-ms-source-range": "bytes=0-",
        "x-ms-version": "2019-02-02"
      },
      "RequestBody": null,
      "StatusCode": 201,
      "ResponseHeaders": {
        "Content-Length": "0",
        "Content-MD5": "wXVHqPT8gd\u002fek327oKd2aQ==",
        "Date": "Thu, 05 Sep 2019 23:55:30 GMT",
        "ETag": "\u00220x8D7325C88A5BE53\u0022",
        "Last-Modified": "Thu, 05 Sep 2019 23:55:30 GMT",
        "Server": [
          "Windows-Azure-Blob\u002f1.0",
          "Microsoft-HTTPAPI\u002f2.0"
        ],
        "x-ms-blob-append-offset": "0",
        "x-ms-blob-committed-block-count": "1",
        "x-ms-client-request-id": "dbbe6f86a60ed65d0a44ce32cdac7f25",
        "x-ms-request-id": "7a0127c6-301e-001d-2545-649f87000000",
        "x-ms-request-server-encrypted": "true",
        "x-ms-version": "2019-02-02"
      },
      "ResponseBody": []
    },
    {
      "RequestUri": "http:\u002f\u002fgapradev.blob.core.windows.net\u002ftest-container-07cde82c-b117-2cf4-8ced-fde4e15aab39?restype=container",
      "RequestMethod": "DELETE",
      "RequestHeaders": {
        "Authorization": "Sanitized",
        "Request-Id": "|c095af64-4f538f1237f2b6d3.",
        "User-Agent": [
          "azsdk-net-Storage.Blobs\u002f12.0.0-dev.20190905.1\u002b2ce53181f81f10b1bf8bf777576aec693dd70354",
          "(.NET Core 4.6.27817.01; Microsoft Windows 10.0.18362 )"
        ],
        "x-ms-client-request-id": "4860c3110dba237fadf3cf1ff99271e3",
        "x-ms-date": "Thu, 05 Sep 2019 23:55:30 GMT",
        "x-ms-return-client-request-id": "true",
        "x-ms-version": "2019-02-02"
      },
      "RequestBody": null,
      "StatusCode": 202,
      "ResponseHeaders": {
        "Content-Length": "0",
        "Date": "Thu, 05 Sep 2019 23:55:30 GMT",
        "Server": [
          "Windows-Azure-Blob\u002f1.0",
          "Microsoft-HTTPAPI\u002f2.0"
        ],
        "x-ms-client-request-id": "4860c3110dba237fadf3cf1ff99271e3",
        "x-ms-request-id": "7a0127c9-301e-001d-2845-649f87000000",
        "x-ms-version": "2019-02-02"
      },
      "ResponseBody": []
    },
    {
      "RequestUri": "http:\u002f\u002fgapradev.blob.core.windows.net\u002ftest-container-0f6fe0d3-8113-c464-5aa7-88ad7e86d51c?restype=container",
      "RequestMethod": "PUT",
      "RequestHeaders": {
        "Authorization": "Sanitized",
        "Request-Id": "|c095af65-4f538f1237f2b6d3.",
        "User-Agent": [
          "azsdk-net-Storage.Blobs\u002f12.0.0-dev.20190905.1\u002b2ce53181f81f10b1bf8bf777576aec693dd70354",
          "(.NET Core 4.6.27817.01; Microsoft Windows 10.0.18362 )"
        ],
        "x-ms-blob-public-access": "container",
        "x-ms-client-request-id": "92f44fcbe0f2782eef9b2d1ad63ddc78",
        "x-ms-date": "Thu, 05 Sep 2019 23:55:30 GMT",
        "x-ms-return-client-request-id": "true",
        "x-ms-version": "2019-02-02"
      },
      "RequestBody": null,
      "StatusCode": 201,
      "ResponseHeaders": {
        "Content-Length": "0",
        "Date": "Thu, 05 Sep 2019 23:55:30 GMT",
        "ETag": "\u00220x8D7325C88C11CDB\u0022",
        "Last-Modified": "Thu, 05 Sep 2019 23:55:30 GMT",
        "Server": [
          "Windows-Azure-Blob\u002f1.0",
          "Microsoft-HTTPAPI\u002f2.0"
        ],
        "x-ms-client-request-id": "92f44fcbe0f2782eef9b2d1ad63ddc78",
        "x-ms-request-id": "7a0127ce-301e-001d-2d45-649f87000000",
        "x-ms-version": "2019-02-02"
      },
      "ResponseBody": []
    },
    {
      "RequestUri": "http:\u002f\u002fgapradev.blob.core.windows.net\u002ftest-container-0f6fe0d3-8113-c464-5aa7-88ad7e86d51c?restype=container\u0026comp=acl",
      "RequestMethod": "PUT",
      "RequestHeaders": {
        "Authorization": "Sanitized",
        "Content-Length": "21",
        "Content-Type": "application\u002fxml",
        "Request-Id": "|c095af66-4f538f1237f2b6d3.",
        "User-Agent": [
          "azsdk-net-Storage.Blobs\u002f12.0.0-dev.20190905.1\u002b2ce53181f81f10b1bf8bf777576aec693dd70354",
          "(.NET Core 4.6.27817.01; Microsoft Windows 10.0.18362 )"
        ],
        "x-ms-blob-public-access": "container",
        "x-ms-client-request-id": "ec5eebd3703d8f115e9ced1385d2a426",
        "x-ms-date": "Thu, 05 Sep 2019 23:55:30 GMT",
        "x-ms-return-client-request-id": "true",
        "x-ms-version": "2019-02-02"
      },
      "RequestBody": "\u003cSignedIdentifiers \u002f\u003e",
      "StatusCode": 200,
      "ResponseHeaders": {
        "Content-Length": "0",
        "Date": "Thu, 05 Sep 2019 23:55:30 GMT",
        "ETag": "\u00220x8D7325C88CF4630\u0022",
        "Last-Modified": "Thu, 05 Sep 2019 23:55:30 GMT",
        "Server": [
          "Windows-Azure-Blob\u002f1.0",
          "Microsoft-HTTPAPI\u002f2.0"
        ],
        "x-ms-client-request-id": "ec5eebd3703d8f115e9ced1385d2a426",
        "x-ms-request-id": "7a0127d2-301e-001d-3045-649f87000000",
        "x-ms-version": "2019-02-02"
      },
      "ResponseBody": []
    },
    {
      "RequestUri": "http:\u002f\u002fgapradev.blob.core.windows.net\u002ftest-container-0f6fe0d3-8113-c464-5aa7-88ad7e86d51c\u002ftest-blob-1ff6b2f2-5378-ed4a-1ccb-10da9327e8de",
      "RequestMethod": "PUT",
      "RequestHeaders": {
        "Authorization": "Sanitized",
        "Content-Length": "0",
        "Request-Id": "|c095af67-4f538f1237f2b6d3.",
        "User-Agent": [
          "azsdk-net-Storage.Blobs\u002f12.0.0-dev.20190905.1\u002b2ce53181f81f10b1bf8bf777576aec693dd70354",
          "(.NET Core 4.6.27817.01; Microsoft Windows 10.0.18362 )"
        ],
        "x-ms-blob-type": "AppendBlob",
        "x-ms-client-request-id": "33643d5bf256f21b1df606fc22e931da",
        "x-ms-date": "Thu, 05 Sep 2019 23:55:31 GMT",
        "x-ms-return-client-request-id": "true",
        "x-ms-version": "2019-02-02"
      },
      "RequestBody": null,
      "StatusCode": 201,
      "ResponseHeaders": {
        "Content-Length": "0",
        "Date": "Thu, 05 Sep 2019 23:55:30 GMT",
        "ETag": "\u00220x8D7325C88DCAD08\u0022",
        "Last-Modified": "Thu, 05 Sep 2019 23:55:31 GMT",
        "Server": [
          "Windows-Azure-Blob\u002f1.0",
          "Microsoft-HTTPAPI\u002f2.0"
        ],
        "x-ms-client-request-id": "33643d5bf256f21b1df606fc22e931da",
        "x-ms-request-id": "7a0127d6-301e-001d-3445-649f87000000",
        "x-ms-request-server-encrypted": "true",
        "x-ms-version": "2019-02-02"
      },
      "ResponseBody": []
    },
    {
      "RequestUri": "http:\u002f\u002fgapradev.blob.core.windows.net\u002ftest-container-0f6fe0d3-8113-c464-5aa7-88ad7e86d51c\u002ftest-blob-1ff6b2f2-5378-ed4a-1ccb-10da9327e8de?comp=appendblock",
      "RequestMethod": "PUT",
      "RequestHeaders": {
        "Authorization": "Sanitized",
        "Content-Length": "7",
        "Request-Id": "|c095af68-4f538f1237f2b6d3.",
        "User-Agent": [
          "azsdk-net-Storage.Blobs\u002f12.0.0-dev.20190905.1\u002b2ce53181f81f10b1bf8bf777576aec693dd70354",
          "(.NET Core 4.6.27817.01; Microsoft Windows 10.0.18362 )"
        ],
        "x-ms-client-request-id": "3a6bf9f450463b9914aed04875f811fe",
        "x-ms-date": "Thu, 05 Sep 2019 23:55:31 GMT",
        "x-ms-return-client-request-id": "true",
        "x-ms-version": "2019-02-02"
      },
      "RequestBody": "HrNUqp3f8Q==",
      "StatusCode": 201,
      "ResponseHeaders": {
        "Content-Length": "0",
        "Date": "Thu, 05 Sep 2019 23:55:31 GMT",
        "ETag": "\u00220x8D7325C88EA688D\u0022",
        "Last-Modified": "Thu, 05 Sep 2019 23:55:31 GMT",
        "Server": [
          "Windows-Azure-Blob\u002f1.0",
          "Microsoft-HTTPAPI\u002f2.0"
        ],
        "x-ms-blob-append-offset": "0",
        "x-ms-blob-committed-block-count": "1",
        "x-ms-client-request-id": "3a6bf9f450463b9914aed04875f811fe",
        "x-ms-content-crc64": "pvELLURByO8=",
        "x-ms-request-id": "7a0127dc-301e-001d-3a45-649f87000000",
        "x-ms-request-server-encrypted": "true",
        "x-ms-version": "2019-02-02"
      },
      "ResponseBody": []
    },
    {
      "RequestUri": "http:\u002f\u002fgapradev.blob.core.windows.net\u002ftest-container-0f6fe0d3-8113-c464-5aa7-88ad7e86d51c\u002ftest-blob-6cf9d535-ab38-ff9b-9604-02824c4eca33",
      "RequestMethod": "PUT",
      "RequestHeaders": {
        "Authorization": "Sanitized",
        "Content-Length": "0",
        "Request-Id": "|c095af69-4f538f1237f2b6d3.",
        "User-Agent": [
          "azsdk-net-Storage.Blobs\u002f12.0.0-dev.20190905.1\u002b2ce53181f81f10b1bf8bf777576aec693dd70354",
          "(.NET Core 4.6.27817.01; Microsoft Windows 10.0.18362 )"
        ],
        "x-ms-blob-type": "AppendBlob",
        "x-ms-client-request-id": "99e53599aebc0a97a4291fa822d37d25",
        "x-ms-date": "Thu, 05 Sep 2019 23:55:31 GMT",
        "x-ms-return-client-request-id": "true",
        "x-ms-version": "2019-02-02"
      },
      "RequestBody": null,
      "StatusCode": 201,
      "ResponseHeaders": {
        "Content-Length": "0",
        "Date": "Thu, 05 Sep 2019 23:55:31 GMT",
        "ETag": "\u00220x8D7325C88F7FD16\u0022",
        "Last-Modified": "Thu, 05 Sep 2019 23:55:31 GMT",
        "Server": [
          "Windows-Azure-Blob\u002f1.0",
          "Microsoft-HTTPAPI\u002f2.0"
        ],
        "x-ms-client-request-id": "99e53599aebc0a97a4291fa822d37d25",
        "x-ms-request-id": "7a0127df-301e-001d-3d45-649f87000000",
        "x-ms-request-server-encrypted": "true",
        "x-ms-version": "2019-02-02"
      },
      "ResponseBody": []
    },
    {
      "RequestUri": "http:\u002f\u002fgapradev.blob.core.windows.net\u002ftest-container-0f6fe0d3-8113-c464-5aa7-88ad7e86d51c\u002ftest-blob-6cf9d535-ab38-ff9b-9604-02824c4eca33?comp=appendblock",
      "RequestMethod": "PUT",
      "RequestHeaders": {
        "Authorization": "Sanitized",
        "Content-Length": "0",
        "If-Unmodified-Since": "Fri, 06 Sep 2019 23:55:29 GMT",
        "Request-Id": "|c095af6a-4f538f1237f2b6d3.",
        "User-Agent": [
          "azsdk-net-Storage.Blobs\u002f12.0.0-dev.20190905.1\u002b2ce53181f81f10b1bf8bf777576aec693dd70354",
          "(.NET Core 4.6.27817.01; Microsoft Windows 10.0.18362 )"
        ],
        "x-ms-client-request-id": "4dc608e4c4f048a25e6ba3424e16eec6",
        "x-ms-copy-source": "http:\u002f\u002fgapradev.blob.core.windows.net\u002ftest-container-0f6fe0d3-8113-c464-5aa7-88ad7e86d51c\u002ftest-blob-1ff6b2f2-5378-ed4a-1ccb-10da9327e8de",
        "x-ms-date": "Thu, 05 Sep 2019 23:55:31 GMT",
        "x-ms-return-client-request-id": "true",
        "x-ms-source-range": "bytes=0-",
        "x-ms-version": "2019-02-02"
      },
      "RequestBody": null,
      "StatusCode": 201,
      "ResponseHeaders": {
        "Content-Length": "0",
        "Content-MD5": "UfU\u002foJ0wv505iJUrLb\u002fphg==",
        "Date": "Thu, 05 Sep 2019 23:55:31 GMT",
        "ETag": "\u00220x8D7325C8906F148\u0022",
        "Last-Modified": "Thu, 05 Sep 2019 23:55:31 GMT",
        "Server": [
          "Windows-Azure-Blob\u002f1.0",
          "Microsoft-HTTPAPI\u002f2.0"
        ],
        "x-ms-blob-append-offset": "0",
        "x-ms-blob-committed-block-count": "1",
        "x-ms-client-request-id": "4dc608e4c4f048a25e6ba3424e16eec6",
        "x-ms-request-id": "7a0127e2-301e-001d-4045-649f87000000",
        "x-ms-request-server-encrypted": "true",
        "x-ms-version": "2019-02-02"
      },
      "ResponseBody": []
    },
    {
      "RequestUri": "http:\u002f\u002fgapradev.blob.core.windows.net\u002ftest-container-0f6fe0d3-8113-c464-5aa7-88ad7e86d51c?restype=container",
      "RequestMethod": "DELETE",
      "RequestHeaders": {
        "Authorization": "Sanitized",
        "Request-Id": "|c095af6b-4f538f1237f2b6d3.",
        "User-Agent": [
          "azsdk-net-Storage.Blobs\u002f12.0.0-dev.20190905.1\u002b2ce53181f81f10b1bf8bf777576aec693dd70354",
          "(.NET Core 4.6.27817.01; Microsoft Windows 10.0.18362 )"
        ],
        "x-ms-client-request-id": "3fae9de3771287423deec80f8cf2ddc3",
        "x-ms-date": "Thu, 05 Sep 2019 23:55:31 GMT",
        "x-ms-return-client-request-id": "true",
        "x-ms-version": "2019-02-02"
      },
      "RequestBody": null,
      "StatusCode": 202,
      "ResponseHeaders": {
        "Content-Length": "0",
        "Date": "Thu, 05 Sep 2019 23:55:31 GMT",
        "Server": [
          "Windows-Azure-Blob\u002f1.0",
          "Microsoft-HTTPAPI\u002f2.0"
        ],
        "x-ms-client-request-id": "3fae9de3771287423deec80f8cf2ddc3",
        "x-ms-request-id": "7a0127eb-301e-001d-4945-649f87000000",
        "x-ms-version": "2019-02-02"
      },
      "ResponseBody": []
    },
    {
      "RequestUri": "http:\u002f\u002fgapradev.blob.core.windows.net\u002ftest-container-449ddd86-7d87-d443-939d-3a500a54bc8d?restype=container",
      "RequestMethod": "PUT",
      "RequestHeaders": {
        "Authorization": "Sanitized",
        "Request-Id": "|c095af6c-4f538f1237f2b6d3.",
        "User-Agent": [
          "azsdk-net-Storage.Blobs\u002f12.0.0-dev.20190905.1\u002b2ce53181f81f10b1bf8bf777576aec693dd70354",
          "(.NET Core 4.6.27817.01; Microsoft Windows 10.0.18362 )"
        ],
        "x-ms-blob-public-access": "container",
        "x-ms-client-request-id": "84c4593a3d246d12c53e0f01fc92bc6b",
        "x-ms-date": "Thu, 05 Sep 2019 23:55:31 GMT",
        "x-ms-return-client-request-id": "true",
        "x-ms-version": "2019-02-02"
      },
      "RequestBody": null,
      "StatusCode": 201,
      "ResponseHeaders": {
        "Content-Length": "0",
        "Date": "Thu, 05 Sep 2019 23:55:31 GMT",
        "ETag": "\u00220x8D7325C8921DAC2\u0022",
        "Last-Modified": "Thu, 05 Sep 2019 23:55:31 GMT",
        "Server": [
          "Windows-Azure-Blob\u002f1.0",
          "Microsoft-HTTPAPI\u002f2.0"
        ],
        "x-ms-client-request-id": "84c4593a3d246d12c53e0f01fc92bc6b",
        "x-ms-request-id": "7a0127ee-301e-001d-4c45-649f87000000",
        "x-ms-version": "2019-02-02"
      },
      "ResponseBody": []
    },
    {
      "RequestUri": "http:\u002f\u002fgapradev.blob.core.windows.net\u002ftest-container-449ddd86-7d87-d443-939d-3a500a54bc8d?restype=container\u0026comp=acl",
      "RequestMethod": "PUT",
      "RequestHeaders": {
        "Authorization": "Sanitized",
        "Content-Length": "21",
        "Content-Type": "application\u002fxml",
        "Request-Id": "|c095af6d-4f538f1237f2b6d3.",
        "User-Agent": [
          "azsdk-net-Storage.Blobs\u002f12.0.0-dev.20190905.1\u002b2ce53181f81f10b1bf8bf777576aec693dd70354",
          "(.NET Core 4.6.27817.01; Microsoft Windows 10.0.18362 )"
        ],
        "x-ms-blob-public-access": "container",
        "x-ms-client-request-id": "70bce08ea979653e59daab753cf27de8",
        "x-ms-date": "Thu, 05 Sep 2019 23:55:31 GMT",
        "x-ms-return-client-request-id": "true",
        "x-ms-version": "2019-02-02"
      },
      "RequestBody": "\u003cSignedIdentifiers \u002f\u003e",
      "StatusCode": 200,
      "ResponseHeaders": {
        "Content-Length": "0",
        "Date": "Thu, 05 Sep 2019 23:55:31 GMT",
        "ETag": "\u00220x8D7325C892F6704\u0022",
        "Last-Modified": "Thu, 05 Sep 2019 23:55:31 GMT",
        "Server": [
          "Windows-Azure-Blob\u002f1.0",
          "Microsoft-HTTPAPI\u002f2.0"
        ],
        "x-ms-client-request-id": "70bce08ea979653e59daab753cf27de8",
        "x-ms-request-id": "7a0127f3-301e-001d-5045-649f87000000",
        "x-ms-version": "2019-02-02"
      },
      "ResponseBody": []
    },
    {
      "RequestUri": "http:\u002f\u002fgapradev.blob.core.windows.net\u002ftest-container-449ddd86-7d87-d443-939d-3a500a54bc8d\u002ftest-blob-7f30ca48-6d49-d842-00e0-cfc22a984b14",
      "RequestMethod": "PUT",
      "RequestHeaders": {
        "Authorization": "Sanitized",
        "Content-Length": "0",
        "Request-Id": "|c095af6e-4f538f1237f2b6d3.",
        "User-Agent": [
          "azsdk-net-Storage.Blobs\u002f12.0.0-dev.20190905.1\u002b2ce53181f81f10b1bf8bf777576aec693dd70354",
          "(.NET Core 4.6.27817.01; Microsoft Windows 10.0.18362 )"
        ],
        "x-ms-blob-type": "AppendBlob",
        "x-ms-client-request-id": "2b5f1b90924a309dd2c126cfc1be8a3d",
        "x-ms-date": "Thu, 05 Sep 2019 23:55:31 GMT",
        "x-ms-return-client-request-id": "true",
        "x-ms-version": "2019-02-02"
      },
      "RequestBody": null,
      "StatusCode": 201,
      "ResponseHeaders": {
        "Content-Length": "0",
        "Date": "Thu, 05 Sep 2019 23:55:31 GMT",
        "ETag": "\u00220x8D7325C893D1C84\u0022",
        "Last-Modified": "Thu, 05 Sep 2019 23:55:31 GMT",
        "Server": [
          "Windows-Azure-Blob\u002f1.0",
          "Microsoft-HTTPAPI\u002f2.0"
        ],
        "x-ms-client-request-id": "2b5f1b90924a309dd2c126cfc1be8a3d",
        "x-ms-request-id": "7a0127f7-301e-001d-5445-649f87000000",
        "x-ms-request-server-encrypted": "true",
        "x-ms-version": "2019-02-02"
      },
      "ResponseBody": []
    },
    {
      "RequestUri": "http:\u002f\u002fgapradev.blob.core.windows.net\u002ftest-container-449ddd86-7d87-d443-939d-3a500a54bc8d\u002ftest-blob-7f30ca48-6d49-d842-00e0-cfc22a984b14?comp=appendblock",
      "RequestMethod": "PUT",
      "RequestHeaders": {
        "Authorization": "Sanitized",
        "Content-Length": "7",
        "Request-Id": "|c095af6f-4f538f1237f2b6d3.",
        "User-Agent": [
          "azsdk-net-Storage.Blobs\u002f12.0.0-dev.20190905.1\u002b2ce53181f81f10b1bf8bf777576aec693dd70354",
          "(.NET Core 4.6.27817.01; Microsoft Windows 10.0.18362 )"
        ],
        "x-ms-client-request-id": "a67341352a48f7f41702ab946d305350",
        "x-ms-date": "Thu, 05 Sep 2019 23:55:31 GMT",
        "x-ms-return-client-request-id": "true",
        "x-ms-version": "2019-02-02"
      },
      "RequestBody": "MTrUMi1Yng==",
      "StatusCode": 201,
      "ResponseHeaders": {
        "Content-Length": "0",
        "Date": "Thu, 05 Sep 2019 23:55:31 GMT",
        "ETag": "\u00220x8D7325C894AFF46\u0022",
        "Last-Modified": "Thu, 05 Sep 2019 23:55:31 GMT",
        "Server": [
          "Windows-Azure-Blob\u002f1.0",
          "Microsoft-HTTPAPI\u002f2.0"
        ],
        "x-ms-blob-append-offset": "0",
        "x-ms-blob-committed-block-count": "1",
        "x-ms-client-request-id": "a67341352a48f7f41702ab946d305350",
        "x-ms-content-crc64": "0zYhdfPt\u002f5c=",
        "x-ms-request-id": "7a0127fa-301e-001d-5745-649f87000000",
        "x-ms-request-server-encrypted": "true",
        "x-ms-version": "2019-02-02"
      },
      "ResponseBody": []
    },
    {
      "RequestUri": "http:\u002f\u002fgapradev.blob.core.windows.net\u002ftest-container-449ddd86-7d87-d443-939d-3a500a54bc8d\u002ftest-blob-174325e6-2dce-b654-2c00-ac8847721642",
      "RequestMethod": "PUT",
      "RequestHeaders": {
        "Authorization": "Sanitized",
        "Content-Length": "0",
        "Request-Id": "|c095af70-4f538f1237f2b6d3.",
        "User-Agent": [
          "azsdk-net-Storage.Blobs\u002f12.0.0-dev.20190905.1\u002b2ce53181f81f10b1bf8bf777576aec693dd70354",
          "(.NET Core 4.6.27817.01; Microsoft Windows 10.0.18362 )"
        ],
        "x-ms-blob-type": "AppendBlob",
        "x-ms-client-request-id": "e88d9156a52466cb26671447e608c2a2",
        "x-ms-date": "Thu, 05 Sep 2019 23:55:31 GMT",
        "x-ms-return-client-request-id": "true",
        "x-ms-version": "2019-02-02"
      },
      "RequestBody": null,
      "StatusCode": 201,
      "ResponseHeaders": {
        "Content-Length": "0",
        "Date": "Thu, 05 Sep 2019 23:55:31 GMT",
        "ETag": "\u00220x8D7325C89586CD5\u0022",
        "Last-Modified": "Thu, 05 Sep 2019 23:55:31 GMT",
        "Server": [
          "Windows-Azure-Blob\u002f1.0",
          "Microsoft-HTTPAPI\u002f2.0"
        ],
        "x-ms-client-request-id": "e88d9156a52466cb26671447e608c2a2",
        "x-ms-request-id": "7a0127fe-301e-001d-5b45-649f87000000",
        "x-ms-request-server-encrypted": "true",
        "x-ms-version": "2019-02-02"
      },
      "ResponseBody": []
    },
    {
      "RequestUri": "http:\u002f\u002fgapradev.blob.core.windows.net\u002ftest-container-449ddd86-7d87-d443-939d-3a500a54bc8d\u002ftest-blob-174325e6-2dce-b654-2c00-ac8847721642",
      "RequestMethod": "HEAD",
      "RequestHeaders": {
        "Authorization": "Sanitized",
        "Request-Id": "|c095af71-4f538f1237f2b6d3.",
        "User-Agent": [
          "azsdk-net-Storage.Blobs\u002f12.0.0-dev.20190905.1\u002b2ce53181f81f10b1bf8bf777576aec693dd70354",
          "(.NET Core 4.6.27817.01; Microsoft Windows 10.0.18362 )"
        ],
        "x-ms-client-request-id": "9be9d66d727a076fecbd79487e6cb0a5",
        "x-ms-date": "Thu, 05 Sep 2019 23:55:31 GMT",
        "x-ms-return-client-request-id": "true",
        "x-ms-version": "2019-02-02"
      },
      "RequestBody": null,
      "StatusCode": 200,
      "ResponseHeaders": {
        "Accept-Ranges": "bytes",
        "Content-Length": "0",
        "Content-Type": "application\u002foctet-stream",
        "Date": "Thu, 05 Sep 2019 23:55:31 GMT",
        "ETag": "\u00220x8D7325C89586CD5\u0022",
        "Last-Modified": "Thu, 05 Sep 2019 23:55:31 GMT",
        "Server": [
          "Windows-Azure-Blob\u002f1.0",
          "Microsoft-HTTPAPI\u002f2.0"
        ],
        "x-ms-access-tier": "Hot",
        "x-ms-access-tier-inferred": "true",
        "x-ms-blob-committed-block-count": "0",
        "x-ms-blob-type": "AppendBlob",
        "x-ms-client-request-id": "9be9d66d727a076fecbd79487e6cb0a5",
        "x-ms-creation-time": "Thu, 05 Sep 2019 23:55:31 GMT",
        "x-ms-lease-state": "available",
        "x-ms-lease-status": "unlocked",
        "x-ms-request-id": "7a012804-301e-001d-6145-649f87000000",
        "x-ms-server-encrypted": "true",
        "x-ms-version": "2019-02-02"
      },
      "ResponseBody": []
    },
    {
      "RequestUri": "http:\u002f\u002fgapradev.blob.core.windows.net\u002ftest-container-449ddd86-7d87-d443-939d-3a500a54bc8d\u002ftest-blob-174325e6-2dce-b654-2c00-ac8847721642?comp=appendblock",
      "RequestMethod": "PUT",
      "RequestHeaders": {
        "Authorization": "Sanitized",
        "Content-Length": "0",
        "If-Match": "\u00220x8D7325C89586CD5\u0022",
        "Request-Id": "|c095af72-4f538f1237f2b6d3.",
        "User-Agent": [
          "azsdk-net-Storage.Blobs\u002f12.0.0-dev.20190905.1\u002b2ce53181f81f10b1bf8bf777576aec693dd70354",
          "(.NET Core 4.6.27817.01; Microsoft Windows 10.0.18362 )"
        ],
        "x-ms-client-request-id": "dc3e69ec6aa3402b5addf167190ccf23",
        "x-ms-copy-source": "http:\u002f\u002fgapradev.blob.core.windows.net\u002ftest-container-449ddd86-7d87-d443-939d-3a500a54bc8d\u002ftest-blob-7f30ca48-6d49-d842-00e0-cfc22a984b14",
        "x-ms-date": "Thu, 05 Sep 2019 23:55:32 GMT",
        "x-ms-return-client-request-id": "true",
        "x-ms-source-range": "bytes=0-",
        "x-ms-version": "2019-02-02"
      },
      "RequestBody": null,
      "StatusCode": 201,
      "ResponseHeaders": {
        "Content-Length": "0",
        "Content-MD5": "XFDWGoJfYG8LA5cd6PSFsg==",
        "Date": "Thu, 05 Sep 2019 23:55:31 GMT",
        "ETag": "\u00220x8D7325C8976A342\u0022",
        "Last-Modified": "Thu, 05 Sep 2019 23:55:32 GMT",
        "Server": [
          "Windows-Azure-Blob\u002f1.0",
          "Microsoft-HTTPAPI\u002f2.0"
        ],
        "x-ms-blob-append-offset": "0",
        "x-ms-blob-committed-block-count": "1",
        "x-ms-client-request-id": "dc3e69ec6aa3402b5addf167190ccf23",
        "x-ms-request-id": "7a01280c-301e-001d-6945-649f87000000",
        "x-ms-request-server-encrypted": "true",
        "x-ms-version": "2019-02-02"
      },
      "ResponseBody": []
    },
    {
      "RequestUri": "http:\u002f\u002fgapradev.blob.core.windows.net\u002ftest-container-449ddd86-7d87-d443-939d-3a500a54bc8d?restype=container",
      "RequestMethod": "DELETE",
      "RequestHeaders": {
        "Authorization": "Sanitized",
        "Request-Id": "|c095af73-4f538f1237f2b6d3.",
        "User-Agent": [
          "azsdk-net-Storage.Blobs\u002f12.0.0-dev.20190905.1\u002b2ce53181f81f10b1bf8bf777576aec693dd70354",
          "(.NET Core 4.6.27817.01; Microsoft Windows 10.0.18362 )"
        ],
        "x-ms-client-request-id": "701a093d7a88e3c72185fb672b83e8b9",
        "x-ms-date": "Thu, 05 Sep 2019 23:55:32 GMT",
        "x-ms-return-client-request-id": "true",
        "x-ms-version": "2019-02-02"
      },
      "RequestBody": null,
      "StatusCode": 202,
      "ResponseHeaders": {
        "Content-Length": "0",
        "Date": "Thu, 05 Sep 2019 23:55:32 GMT",
        "Server": [
          "Windows-Azure-Blob\u002f1.0",
          "Microsoft-HTTPAPI\u002f2.0"
        ],
        "x-ms-client-request-id": "701a093d7a88e3c72185fb672b83e8b9",
        "x-ms-request-id": "7a012810-301e-001d-6d45-649f87000000",
        "x-ms-version": "2019-02-02"
      },
      "ResponseBody": []
    },
    {
      "RequestUri": "http:\u002f\u002fgapradev.blob.core.windows.net\u002ftest-container-7d5b6fb6-e5ca-03ff-aaa9-419c8107eee0?restype=container",
      "RequestMethod": "PUT",
      "RequestHeaders": {
        "Authorization": "Sanitized",
        "Request-Id": "|c095af74-4f538f1237f2b6d3.",
        "User-Agent": [
          "azsdk-net-Storage.Blobs\u002f12.0.0-dev.20190905.1\u002b2ce53181f81f10b1bf8bf777576aec693dd70354",
          "(.NET Core 4.6.27817.01; Microsoft Windows 10.0.18362 )"
        ],
        "x-ms-blob-public-access": "container",
        "x-ms-client-request-id": "740b56ed3f52711ca15aba1d6ec415d7",
        "x-ms-date": "Thu, 05 Sep 2019 23:55:32 GMT",
        "x-ms-return-client-request-id": "true",
        "x-ms-version": "2019-02-02"
      },
      "RequestBody": null,
      "StatusCode": 201,
      "ResponseHeaders": {
        "Content-Length": "0",
        "Date": "Thu, 05 Sep 2019 23:55:32 GMT",
        "ETag": "\u00220x8D7325C89929E2A\u0022",
        "Last-Modified": "Thu, 05 Sep 2019 23:55:32 GMT",
        "Server": [
          "Windows-Azure-Blob\u002f1.0",
          "Microsoft-HTTPAPI\u002f2.0"
        ],
        "x-ms-client-request-id": "740b56ed3f52711ca15aba1d6ec415d7",
        "x-ms-request-id": "7a012815-301e-001d-7245-649f87000000",
        "x-ms-version": "2019-02-02"
      },
      "ResponseBody": []
    },
    {
      "RequestUri": "http:\u002f\u002fgapradev.blob.core.windows.net\u002ftest-container-7d5b6fb6-e5ca-03ff-aaa9-419c8107eee0?restype=container\u0026comp=acl",
      "RequestMethod": "PUT",
      "RequestHeaders": {
        "Authorization": "Sanitized",
        "Content-Length": "21",
        "Content-Type": "application\u002fxml",
        "Request-Id": "|c095af75-4f538f1237f2b6d3.",
        "User-Agent": [
          "azsdk-net-Storage.Blobs\u002f12.0.0-dev.20190905.1\u002b2ce53181f81f10b1bf8bf777576aec693dd70354",
          "(.NET Core 4.6.27817.01; Microsoft Windows 10.0.18362 )"
        ],
        "x-ms-blob-public-access": "container",
        "x-ms-client-request-id": "a9b037f552b057590916c6df382a6219",
        "x-ms-date": "Thu, 05 Sep 2019 23:55:32 GMT",
        "x-ms-return-client-request-id": "true",
        "x-ms-version": "2019-02-02"
      },
      "RequestBody": "\u003cSignedIdentifiers \u002f\u003e",
      "StatusCode": 200,
      "ResponseHeaders": {
        "Content-Length": "0",
        "Date": "Thu, 05 Sep 2019 23:55:32 GMT",
        "ETag": "\u00220x8D7325C89A0776B\u0022",
        "Last-Modified": "Thu, 05 Sep 2019 23:55:32 GMT",
        "Server": [
          "Windows-Azure-Blob\u002f1.0",
          "Microsoft-HTTPAPI\u002f2.0"
        ],
        "x-ms-client-request-id": "a9b037f552b057590916c6df382a6219",
        "x-ms-request-id": "7a01281a-301e-001d-7645-649f87000000",
        "x-ms-version": "2019-02-02"
      },
      "ResponseBody": []
    },
    {
      "RequestUri": "http:\u002f\u002fgapradev.blob.core.windows.net\u002ftest-container-7d5b6fb6-e5ca-03ff-aaa9-419c8107eee0\u002ftest-blob-dbe95276-2a6f-94e1-e693-6aa74957452f",
      "RequestMethod": "PUT",
      "RequestHeaders": {
        "Authorization": "Sanitized",
        "Content-Length": "0",
        "Request-Id": "|c095af76-4f538f1237f2b6d3.",
        "User-Agent": [
          "azsdk-net-Storage.Blobs\u002f12.0.0-dev.20190905.1\u002b2ce53181f81f10b1bf8bf777576aec693dd70354",
          "(.NET Core 4.6.27817.01; Microsoft Windows 10.0.18362 )"
        ],
        "x-ms-blob-type": "AppendBlob",
        "x-ms-client-request-id": "6ab3fc9b793b393c76f8a087534a3f5f",
        "x-ms-date": "Thu, 05 Sep 2019 23:55:32 GMT",
        "x-ms-return-client-request-id": "true",
        "x-ms-version": "2019-02-02"
      },
      "RequestBody": null,
      "StatusCode": 201,
      "ResponseHeaders": {
        "Content-Length": "0",
        "Date": "Thu, 05 Sep 2019 23:55:32 GMT",
        "ETag": "\u00220x8D7325C89AE0707\u0022",
        "Last-Modified": "Thu, 05 Sep 2019 23:55:32 GMT",
        "Server": [
          "Windows-Azure-Blob\u002f1.0",
          "Microsoft-HTTPAPI\u002f2.0"
        ],
        "x-ms-client-request-id": "6ab3fc9b793b393c76f8a087534a3f5f",
        "x-ms-request-id": "7a012823-301e-001d-7e45-649f87000000",
        "x-ms-request-server-encrypted": "true",
        "x-ms-version": "2019-02-02"
      },
      "ResponseBody": []
    },
    {
      "RequestUri": "http:\u002f\u002fgapradev.blob.core.windows.net\u002ftest-container-7d5b6fb6-e5ca-03ff-aaa9-419c8107eee0\u002ftest-blob-dbe95276-2a6f-94e1-e693-6aa74957452f?comp=appendblock",
      "RequestMethod": "PUT",
      "RequestHeaders": {
        "Authorization": "Sanitized",
        "Content-Length": "7",
        "Request-Id": "|c095af77-4f538f1237f2b6d3.",
        "User-Agent": [
          "azsdk-net-Storage.Blobs\u002f12.0.0-dev.20190905.1\u002b2ce53181f81f10b1bf8bf777576aec693dd70354",
          "(.NET Core 4.6.27817.01; Microsoft Windows 10.0.18362 )"
        ],
        "x-ms-client-request-id": "573ad08276c62de92882e04bcd8318c2",
        "x-ms-date": "Thu, 05 Sep 2019 23:55:32 GMT",
        "x-ms-return-client-request-id": "true",
        "x-ms-version": "2019-02-02"
      },
      "RequestBody": "lht61XhzZw==",
      "StatusCode": 201,
      "ResponseHeaders": {
        "Content-Length": "0",
        "Date": "Thu, 05 Sep 2019 23:55:32 GMT",
        "ETag": "\u00220x8D7325C89BC10DE\u0022",
        "Last-Modified": "Thu, 05 Sep 2019 23:55:32 GMT",
        "Server": [
          "Windows-Azure-Blob\u002f1.0",
          "Microsoft-HTTPAPI\u002f2.0"
        ],
        "x-ms-blob-append-offset": "0",
        "x-ms-blob-committed-block-count": "1",
        "x-ms-client-request-id": "573ad08276c62de92882e04bcd8318c2",
        "x-ms-content-crc64": "m9THf1oxndc=",
        "x-ms-request-id": "7a012828-301e-001d-0345-649f87000000",
        "x-ms-request-server-encrypted": "true",
        "x-ms-version": "2019-02-02"
      },
      "ResponseBody": []
    },
    {
      "RequestUri": "http:\u002f\u002fgapradev.blob.core.windows.net\u002ftest-container-7d5b6fb6-e5ca-03ff-aaa9-419c8107eee0\u002ftest-blob-d8deec51-08c4-fd2b-15b0-6477895a419c",
      "RequestMethod": "PUT",
      "RequestHeaders": {
        "Authorization": "Sanitized",
        "Content-Length": "0",
        "Request-Id": "|c095af78-4f538f1237f2b6d3.",
        "User-Agent": [
          "azsdk-net-Storage.Blobs\u002f12.0.0-dev.20190905.1\u002b2ce53181f81f10b1bf8bf777576aec693dd70354",
          "(.NET Core 4.6.27817.01; Microsoft Windows 10.0.18362 )"
        ],
        "x-ms-blob-type": "AppendBlob",
        "x-ms-client-request-id": "79250b53ed1d2468128542b999f16bf3",
        "x-ms-date": "Thu, 05 Sep 2019 23:55:32 GMT",
        "x-ms-return-client-request-id": "true",
        "x-ms-version": "2019-02-02"
      },
      "RequestBody": null,
      "StatusCode": 201,
      "ResponseHeaders": {
        "Content-Length": "0",
        "Date": "Thu, 05 Sep 2019 23:55:32 GMT",
        "ETag": "\u00220x8D7325C89C9A590\u0022",
        "Last-Modified": "Thu, 05 Sep 2019 23:55:32 GMT",
        "Server": [
          "Windows-Azure-Blob\u002f1.0",
          "Microsoft-HTTPAPI\u002f2.0"
        ],
        "x-ms-client-request-id": "79250b53ed1d2468128542b999f16bf3",
        "x-ms-request-id": "7a01282f-301e-001d-0a45-649f87000000",
        "x-ms-request-server-encrypted": "true",
        "x-ms-version": "2019-02-02"
      },
      "ResponseBody": []
    },
    {
      "RequestUri": "http:\u002f\u002fgapradev.blob.core.windows.net\u002ftest-container-7d5b6fb6-e5ca-03ff-aaa9-419c8107eee0\u002ftest-blob-d8deec51-08c4-fd2b-15b0-6477895a419c?comp=appendblock",
      "RequestMethod": "PUT",
      "RequestHeaders": {
        "Authorization": "Sanitized",
        "Content-Length": "0",
        "If-None-Match": "\u0022garbage\u0022",
        "Request-Id": "|c095af79-4f538f1237f2b6d3.",
        "User-Agent": [
          "azsdk-net-Storage.Blobs\u002f12.0.0-dev.20190905.1\u002b2ce53181f81f10b1bf8bf777576aec693dd70354",
          "(.NET Core 4.6.27817.01; Microsoft Windows 10.0.18362 )"
        ],
        "x-ms-client-request-id": "6636dedf676b799aa43c41161172a3cd",
        "x-ms-copy-source": "http:\u002f\u002fgapradev.blob.core.windows.net\u002ftest-container-7d5b6fb6-e5ca-03ff-aaa9-419c8107eee0\u002ftest-blob-dbe95276-2a6f-94e1-e693-6aa74957452f",
        "x-ms-date": "Thu, 05 Sep 2019 23:55:32 GMT",
        "x-ms-return-client-request-id": "true",
        "x-ms-source-range": "bytes=0-",
        "x-ms-version": "2019-02-02"
      },
      "RequestBody": null,
      "StatusCode": 201,
      "ResponseHeaders": {
        "Content-Length": "0",
        "Content-MD5": "7FtUj84z56Nq8RT\u002fY7S0Rg==",
        "Date": "Thu, 05 Sep 2019 23:55:32 GMT",
        "ETag": "\u00220x8D7325C89D8E7C2\u0022",
        "Last-Modified": "Thu, 05 Sep 2019 23:55:32 GMT",
        "Server": [
          "Windows-Azure-Blob\u002f1.0",
          "Microsoft-HTTPAPI\u002f2.0"
        ],
        "x-ms-blob-append-offset": "0",
        "x-ms-blob-committed-block-count": "1",
        "x-ms-client-request-id": "6636dedf676b799aa43c41161172a3cd",
        "x-ms-request-id": "7a012833-301e-001d-0e45-649f87000000",
        "x-ms-request-server-encrypted": "true",
        "x-ms-version": "2019-02-02"
      },
      "ResponseBody": []
    },
    {
      "RequestUri": "http:\u002f\u002fgapradev.blob.core.windows.net\u002ftest-container-7d5b6fb6-e5ca-03ff-aaa9-419c8107eee0?restype=container",
      "RequestMethod": "DELETE",
      "RequestHeaders": {
        "Authorization": "Sanitized",
        "Request-Id": "|c095af7a-4f538f1237f2b6d3.",
        "User-Agent": [
          "azsdk-net-Storage.Blobs\u002f12.0.0-dev.20190905.1\u002b2ce53181f81f10b1bf8bf777576aec693dd70354",
          "(.NET Core 4.6.27817.01; Microsoft Windows 10.0.18362 )"
        ],
        "x-ms-client-request-id": "c2f844409f5e63a584b9c53fc6726324",
        "x-ms-date": "Thu, 05 Sep 2019 23:55:32 GMT",
        "x-ms-return-client-request-id": "true",
        "x-ms-version": "2019-02-02"
      },
      "RequestBody": null,
      "StatusCode": 202,
      "ResponseHeaders": {
        "Content-Length": "0",
        "Date": "Thu, 05 Sep 2019 23:55:32 GMT",
        "Server": [
          "Windows-Azure-Blob\u002f1.0",
          "Microsoft-HTTPAPI\u002f2.0"
        ],
        "x-ms-client-request-id": "c2f844409f5e63a584b9c53fc6726324",
        "x-ms-request-id": "7a012835-301e-001d-1045-649f87000000",
        "x-ms-version": "2019-02-02"
      },
      "ResponseBody": []
    },
    {
      "RequestUri": "http:\u002f\u002fgapradev.blob.core.windows.net\u002ftest-container-ab987144-db24-ec30-71ab-d5e0ac5113a0?restype=container",
      "RequestMethod": "PUT",
      "RequestHeaders": {
        "Authorization": "Sanitized",
        "Request-Id": "|c095af7b-4f538f1237f2b6d3.",
        "User-Agent": [
          "azsdk-net-Storage.Blobs\u002f12.0.0-dev.20190905.1\u002b2ce53181f81f10b1bf8bf777576aec693dd70354",
          "(.NET Core 4.6.27817.01; Microsoft Windows 10.0.18362 )"
        ],
        "x-ms-blob-public-access": "container",
        "x-ms-client-request-id": "557874e2a9f93f9538d2e1b1a15bb331",
        "x-ms-date": "Thu, 05 Sep 2019 23:55:32 GMT",
        "x-ms-return-client-request-id": "true",
        "x-ms-version": "2019-02-02"
      },
      "RequestBody": null,
      "StatusCode": 201,
      "ResponseHeaders": {
        "Content-Length": "0",
        "Date": "Thu, 05 Sep 2019 23:55:32 GMT",
        "ETag": "\u00220x8D7325C89F41F41\u0022",
        "Last-Modified": "Thu, 05 Sep 2019 23:55:32 GMT",
        "Server": [
          "Windows-Azure-Blob\u002f1.0",
          "Microsoft-HTTPAPI\u002f2.0"
        ],
        "x-ms-client-request-id": "557874e2a9f93f9538d2e1b1a15bb331",
        "x-ms-request-id": "7a012838-301e-001d-1345-649f87000000",
        "x-ms-version": "2019-02-02"
      },
      "ResponseBody": []
    },
    {
      "RequestUri": "http:\u002f\u002fgapradev.blob.core.windows.net\u002ftest-container-ab987144-db24-ec30-71ab-d5e0ac5113a0?restype=container\u0026comp=acl",
      "RequestMethod": "PUT",
      "RequestHeaders": {
        "Authorization": "Sanitized",
        "Content-Length": "21",
        "Content-Type": "application\u002fxml",
        "Request-Id": "|c095af7c-4f538f1237f2b6d3.",
        "User-Agent": [
          "azsdk-net-Storage.Blobs\u002f12.0.0-dev.20190905.1\u002b2ce53181f81f10b1bf8bf777576aec693dd70354",
          "(.NET Core 4.6.27817.01; Microsoft Windows 10.0.18362 )"
        ],
        "x-ms-blob-public-access": "container",
        "x-ms-client-request-id": "a0d11cd8f7da65a9130b50b2c9c5b633",
        "x-ms-date": "Thu, 05 Sep 2019 23:55:32 GMT",
        "x-ms-return-client-request-id": "true",
        "x-ms-version": "2019-02-02"
      },
      "RequestBody": "\u003cSignedIdentifiers \u002f\u003e",
      "StatusCode": 200,
      "ResponseHeaders": {
        "Content-Length": "0",
        "Date": "Thu, 05 Sep 2019 23:55:32 GMT",
        "ETag": "\u00220x8D7325C8A021EAE\u0022",
        "Last-Modified": "Thu, 05 Sep 2019 23:55:32 GMT",
        "Server": [
          "Windows-Azure-Blob\u002f1.0",
          "Microsoft-HTTPAPI\u002f2.0"
        ],
        "x-ms-client-request-id": "a0d11cd8f7da65a9130b50b2c9c5b633",
        "x-ms-request-id": "7a01283c-301e-001d-1645-649f87000000",
        "x-ms-version": "2019-02-02"
      },
      "ResponseBody": []
    },
    {
      "RequestUri": "http:\u002f\u002fgapradev.blob.core.windows.net\u002ftest-container-ab987144-db24-ec30-71ab-d5e0ac5113a0\u002ftest-blob-7358dc9a-f951-4a7f-16f8-a4078f7f73c5",
      "RequestMethod": "PUT",
      "RequestHeaders": {
        "Authorization": "Sanitized",
        "Content-Length": "0",
        "Request-Id": "|c095af7d-4f538f1237f2b6d3.",
        "User-Agent": [
          "azsdk-net-Storage.Blobs\u002f12.0.0-dev.20190905.1\u002b2ce53181f81f10b1bf8bf777576aec693dd70354",
          "(.NET Core 4.6.27817.01; Microsoft Windows 10.0.18362 )"
        ],
        "x-ms-blob-type": "AppendBlob",
        "x-ms-client-request-id": "4112cbeb59ed76e2721bae0a7bfe6136",
        "x-ms-date": "Thu, 05 Sep 2019 23:55:33 GMT",
        "x-ms-return-client-request-id": "true",
        "x-ms-version": "2019-02-02"
      },
      "RequestBody": null,
      "StatusCode": 201,
      "ResponseHeaders": {
        "Content-Length": "0",
        "Date": "Thu, 05 Sep 2019 23:55:33 GMT",
        "ETag": "\u00220x8D7325C8A0FD669\u0022",
        "Last-Modified": "Thu, 05 Sep 2019 23:55:33 GMT",
        "Server": [
          "Windows-Azure-Blob\u002f1.0",
          "Microsoft-HTTPAPI\u002f2.0"
        ],
        "x-ms-client-request-id": "4112cbeb59ed76e2721bae0a7bfe6136",
        "x-ms-request-id": "7a012842-301e-001d-1b45-649f87000000",
        "x-ms-request-server-encrypted": "true",
        "x-ms-version": "2019-02-02"
      },
      "ResponseBody": []
    },
    {
      "RequestUri": "http:\u002f\u002fgapradev.blob.core.windows.net\u002ftest-container-ab987144-db24-ec30-71ab-d5e0ac5113a0\u002ftest-blob-7358dc9a-f951-4a7f-16f8-a4078f7f73c5?comp=appendblock",
      "RequestMethod": "PUT",
      "RequestHeaders": {
        "Authorization": "Sanitized",
        "Content-Length": "7",
        "Request-Id": "|c095af7e-4f538f1237f2b6d3.",
        "User-Agent": [
          "azsdk-net-Storage.Blobs\u002f12.0.0-dev.20190905.1\u002b2ce53181f81f10b1bf8bf777576aec693dd70354",
          "(.NET Core 4.6.27817.01; Microsoft Windows 10.0.18362 )"
        ],
        "x-ms-client-request-id": "c336f1ca84826c5793c03aba25be26b3",
        "x-ms-date": "Thu, 05 Sep 2019 23:55:33 GMT",
        "x-ms-return-client-request-id": "true",
        "x-ms-version": "2019-02-02"
      },
      "RequestBody": "piVcUfoOKw==",
      "StatusCode": 201,
      "ResponseHeaders": {
        "Content-Length": "0",
        "Date": "Thu, 05 Sep 2019 23:55:33 GMT",
        "ETag": "\u00220x8D7325C8A1F8DC3\u0022",
        "Last-Modified": "Thu, 05 Sep 2019 23:55:33 GMT",
        "Server": [
          "Windows-Azure-Blob\u002f1.0",
          "Microsoft-HTTPAPI\u002f2.0"
        ],
        "x-ms-blob-append-offset": "0",
        "x-ms-blob-committed-block-count": "1",
        "x-ms-client-request-id": "c336f1ca84826c5793c03aba25be26b3",
        "x-ms-content-crc64": "5e\u002fQevP3NjQ=",
        "x-ms-request-id": "7a012847-301e-001d-1f45-649f87000000",
        "x-ms-request-server-encrypted": "true",
        "x-ms-version": "2019-02-02"
      },
      "ResponseBody": []
    },
    {
      "RequestUri": "http:\u002f\u002fgapradev.blob.core.windows.net\u002ftest-container-ab987144-db24-ec30-71ab-d5e0ac5113a0\u002ftest-blob-85706032-cde7-413e-f9e2-00354a74cf17",
      "RequestMethod": "PUT",
      "RequestHeaders": {
        "Authorization": "Sanitized",
        "Content-Length": "0",
        "Request-Id": "|c095af7f-4f538f1237f2b6d3.",
        "User-Agent": [
          "azsdk-net-Storage.Blobs\u002f12.0.0-dev.20190905.1\u002b2ce53181f81f10b1bf8bf777576aec693dd70354",
          "(.NET Core 4.6.27817.01; Microsoft Windows 10.0.18362 )"
        ],
        "x-ms-blob-type": "AppendBlob",
        "x-ms-client-request-id": "9e3d6d96af49674373a6ad2c1f2850b4",
        "x-ms-date": "Thu, 05 Sep 2019 23:55:33 GMT",
        "x-ms-return-client-request-id": "true",
        "x-ms-version": "2019-02-02"
      },
      "RequestBody": null,
      "StatusCode": 201,
      "ResponseHeaders": {
        "Content-Length": "0",
        "Date": "Thu, 05 Sep 2019 23:55:33 GMT",
        "ETag": "\u00220x8D7325C8A2D7087\u0022",
        "Last-Modified": "Thu, 05 Sep 2019 23:55:33 GMT",
        "Server": [
          "Windows-Azure-Blob\u002f1.0",
          "Microsoft-HTTPAPI\u002f2.0"
        ],
        "x-ms-client-request-id": "9e3d6d96af49674373a6ad2c1f2850b4",
        "x-ms-request-id": "7a01284a-301e-001d-2245-649f87000000",
        "x-ms-request-server-encrypted": "true",
        "x-ms-version": "2019-02-02"
      },
      "ResponseBody": []
    },
    {
      "RequestUri": "http:\u002f\u002fgapradev.blob.core.windows.net\u002ftest-container-ab987144-db24-ec30-71ab-d5e0ac5113a0\u002ftest-blob-85706032-cde7-413e-f9e2-00354a74cf17?comp=lease",
      "RequestMethod": "PUT",
      "RequestHeaders": {
        "Authorization": "Sanitized",
        "Request-Id": "|c095af80-4f538f1237f2b6d3.",
        "User-Agent": [
          "azsdk-net-Storage.Blobs\u002f12.0.0-dev.20190905.1\u002b2ce53181f81f10b1bf8bf777576aec693dd70354",
          "(.NET Core 4.6.27817.01; Microsoft Windows 10.0.18362 )"
        ],
        "x-ms-client-request-id": "b82322f18781836a1c0911411f1122d1",
        "x-ms-date": "Thu, 05 Sep 2019 23:55:33 GMT",
        "x-ms-lease-action": "acquire",
        "x-ms-lease-duration": "-1",
        "x-ms-proposed-lease-id": "1bd8fbf5-dc8d-fd4e-b3f4-caa08321211f",
        "x-ms-return-client-request-id": "true",
        "x-ms-version": "2019-02-02"
      },
      "RequestBody": null,
      "StatusCode": 201,
      "ResponseHeaders": {
        "Content-Length": "0",
        "Date": "Thu, 05 Sep 2019 23:55:33 GMT",
        "ETag": "\u00220x8D7325C8A2D7087\u0022",
        "Last-Modified": "Thu, 05 Sep 2019 23:55:33 GMT",
        "Server": [
          "Windows-Azure-Blob\u002f1.0",
          "Microsoft-HTTPAPI\u002f2.0"
        ],
        "x-ms-client-request-id": "b82322f18781836a1c0911411f1122d1",
        "x-ms-lease-id": "1bd8fbf5-dc8d-fd4e-b3f4-caa08321211f",
        "x-ms-request-id": "7a01284d-301e-001d-2545-649f87000000",
        "x-ms-version": "2019-02-02"
      },
      "ResponseBody": []
    },
    {
      "RequestUri": "http:\u002f\u002fgapradev.blob.core.windows.net\u002ftest-container-ab987144-db24-ec30-71ab-d5e0ac5113a0\u002ftest-blob-85706032-cde7-413e-f9e2-00354a74cf17?comp=appendblock",
      "RequestMethod": "PUT",
      "RequestHeaders": {
        "Authorization": "Sanitized",
        "Content-Length": "0",
        "Request-Id": "|c095af81-4f538f1237f2b6d3.",
        "User-Agent": [
          "azsdk-net-Storage.Blobs\u002f12.0.0-dev.20190905.1\u002b2ce53181f81f10b1bf8bf777576aec693dd70354",
          "(.NET Core 4.6.27817.01; Microsoft Windows 10.0.18362 )"
        ],
        "x-ms-client-request-id": "4f404b91b39cba891e40eb54e5a3e352",
        "x-ms-copy-source": "http:\u002f\u002fgapradev.blob.core.windows.net\u002ftest-container-ab987144-db24-ec30-71ab-d5e0ac5113a0\u002ftest-blob-7358dc9a-f951-4a7f-16f8-a4078f7f73c5",
        "x-ms-date": "Thu, 05 Sep 2019 23:55:33 GMT",
        "x-ms-lease-id": "1bd8fbf5-dc8d-fd4e-b3f4-caa08321211f",
        "x-ms-return-client-request-id": "true",
        "x-ms-source-range": "bytes=0-",
        "x-ms-version": "2019-02-02"
      },
      "RequestBody": null,
      "StatusCode": 201,
      "ResponseHeaders": {
        "Content-Length": "0",
        "Content-MD5": "Z4ajsgrGxKXHEsX1Nwhq4w==",
        "Date": "Thu, 05 Sep 2019 23:55:33 GMT",
        "ETag": "\u00220x8D7325C8A49AB1B\u0022",
        "Last-Modified": "Thu, 05 Sep 2019 23:55:33 GMT",
        "Server": [
          "Windows-Azure-Blob\u002f1.0",
          "Microsoft-HTTPAPI\u002f2.0"
        ],
        "x-ms-blob-append-offset": "0",
        "x-ms-blob-committed-block-count": "1",
        "x-ms-client-request-id": "4f404b91b39cba891e40eb54e5a3e352",
        "x-ms-request-id": "7a012852-301e-001d-2a45-649f87000000",
        "x-ms-request-server-encrypted": "true",
        "x-ms-version": "2019-02-02"
      },
      "ResponseBody": []
    },
    {
      "RequestUri": "http:\u002f\u002fgapradev.blob.core.windows.net\u002ftest-container-ab987144-db24-ec30-71ab-d5e0ac5113a0?restype=container",
      "RequestMethod": "DELETE",
      "RequestHeaders": {
        "Authorization": "Sanitized",
        "Request-Id": "|c095af82-4f538f1237f2b6d3.",
        "User-Agent": [
          "azsdk-net-Storage.Blobs\u002f12.0.0-dev.20190905.1\u002b2ce53181f81f10b1bf8bf777576aec693dd70354",
          "(.NET Core 4.6.27817.01; Microsoft Windows 10.0.18362 )"
        ],
        "x-ms-client-request-id": "fc3b8e8598046d339155ff84ca0ddda1",
        "x-ms-date": "Thu, 05 Sep 2019 23:55:33 GMT",
        "x-ms-return-client-request-id": "true",
        "x-ms-version": "2019-02-02"
      },
      "RequestBody": null,
      "StatusCode": 202,
      "ResponseHeaders": {
        "Content-Length": "0",
        "Date": "Thu, 05 Sep 2019 23:55:33 GMT",
        "Server": [
          "Windows-Azure-Blob\u002f1.0",
          "Microsoft-HTTPAPI\u002f2.0"
        ],
        "x-ms-client-request-id": "fc3b8e8598046d339155ff84ca0ddda1",
        "x-ms-request-id": "7a012856-301e-001d-2e45-649f87000000",
        "x-ms-version": "2019-02-02"
      },
      "ResponseBody": []
    },
    {
      "RequestUri": "http:\u002f\u002fgapradev.blob.core.windows.net\u002ftest-container-380ef9d2-d1e0-3e83-9969-99419c159d78?restype=container",
      "RequestMethod": "PUT",
      "RequestHeaders": {
        "Authorization": "Sanitized",
        "Request-Id": "|c095af83-4f538f1237f2b6d3.",
        "User-Agent": [
          "azsdk-net-Storage.Blobs\u002f12.0.0-dev.20190905.1\u002b2ce53181f81f10b1bf8bf777576aec693dd70354",
          "(.NET Core 4.6.27817.01; Microsoft Windows 10.0.18362 )"
        ],
        "x-ms-blob-public-access": "container",
        "x-ms-client-request-id": "90bcbf2526d6f8cc17d3be47b405f011",
        "x-ms-date": "Thu, 05 Sep 2019 23:55:33 GMT",
        "x-ms-return-client-request-id": "true",
        "x-ms-version": "2019-02-02"
      },
      "RequestBody": null,
      "StatusCode": 201,
      "ResponseHeaders": {
        "Content-Length": "0",
        "Date": "Thu, 05 Sep 2019 23:55:33 GMT",
        "ETag": "\u00220x8D7325C8A64E297\u0022",
        "Last-Modified": "Thu, 05 Sep 2019 23:55:33 GMT",
        "Server": [
          "Windows-Azure-Blob\u002f1.0",
          "Microsoft-HTTPAPI\u002f2.0"
        ],
        "x-ms-client-request-id": "90bcbf2526d6f8cc17d3be47b405f011",
        "x-ms-request-id": "7a01285a-301e-001d-3245-649f87000000",
        "x-ms-version": "2019-02-02"
      },
      "ResponseBody": []
    },
    {
      "RequestUri": "http:\u002f\u002fgapradev.blob.core.windows.net\u002ftest-container-380ef9d2-d1e0-3e83-9969-99419c159d78?restype=container\u0026comp=acl",
      "RequestMethod": "PUT",
      "RequestHeaders": {
        "Authorization": "Sanitized",
        "Content-Length": "21",
        "Content-Type": "application\u002fxml",
        "Request-Id": "|c095af84-4f538f1237f2b6d3.",
        "User-Agent": [
          "azsdk-net-Storage.Blobs\u002f12.0.0-dev.20190905.1\u002b2ce53181f81f10b1bf8bf777576aec693dd70354",
          "(.NET Core 4.6.27817.01; Microsoft Windows 10.0.18362 )"
        ],
        "x-ms-blob-public-access": "container",
        "x-ms-client-request-id": "eb814a62ab94b3710bfc639bfef2d07b",
        "x-ms-date": "Thu, 05 Sep 2019 23:55:33 GMT",
        "x-ms-return-client-request-id": "true",
        "x-ms-version": "2019-02-02"
      },
      "RequestBody": "\u003cSignedIdentifiers \u002f\u003e",
      "StatusCode": 200,
      "ResponseHeaders": {
        "Content-Length": "0",
        "Date": "Thu, 05 Sep 2019 23:55:33 GMT",
        "ETag": "\u00220x8D7325C8A732F58\u0022",
        "Last-Modified": "Thu, 05 Sep 2019 23:55:33 GMT",
        "Server": [
          "Windows-Azure-Blob\u002f1.0",
          "Microsoft-HTTPAPI\u002f2.0"
        ],
        "x-ms-client-request-id": "eb814a62ab94b3710bfc639bfef2d07b",
        "x-ms-request-id": "7a01285e-301e-001d-3545-649f87000000",
        "x-ms-version": "2019-02-02"
      },
      "ResponseBody": []
    },
    {
      "RequestUri": "http:\u002f\u002fgapradev.blob.core.windows.net\u002ftest-container-380ef9d2-d1e0-3e83-9969-99419c159d78\u002ftest-blob-20152cab-130d-8a3b-9379-88de5293b1e3",
      "RequestMethod": "PUT",
      "RequestHeaders": {
        "Authorization": "Sanitized",
        "Content-Length": "0",
        "Request-Id": "|c095af85-4f538f1237f2b6d3.",
        "User-Agent": [
          "azsdk-net-Storage.Blobs\u002f12.0.0-dev.20190905.1\u002b2ce53181f81f10b1bf8bf777576aec693dd70354",
          "(.NET Core 4.6.27817.01; Microsoft Windows 10.0.18362 )"
        ],
        "x-ms-blob-type": "AppendBlob",
        "x-ms-client-request-id": "85094e7ac3d9fa31250342902da6e5c0",
        "x-ms-date": "Thu, 05 Sep 2019 23:55:33 GMT",
        "x-ms-return-client-request-id": "true",
        "x-ms-version": "2019-02-02"
      },
      "RequestBody": null,
      "StatusCode": 201,
      "ResponseHeaders": {
        "Content-Length": "0",
        "Date": "Thu, 05 Sep 2019 23:55:33 GMT",
        "ETag": "\u00220x8D7325C8A804B79\u0022",
        "Last-Modified": "Thu, 05 Sep 2019 23:55:33 GMT",
        "Server": [
          "Windows-Azure-Blob\u002f1.0",
          "Microsoft-HTTPAPI\u002f2.0"
        ],
        "x-ms-client-request-id": "85094e7ac3d9fa31250342902da6e5c0",
        "x-ms-request-id": "7a012861-301e-001d-3845-649f87000000",
        "x-ms-request-server-encrypted": "true",
        "x-ms-version": "2019-02-02"
      },
      "ResponseBody": []
    },
    {
      "RequestUri": "http:\u002f\u002fgapradev.blob.core.windows.net\u002ftest-container-380ef9d2-d1e0-3e83-9969-99419c159d78\u002ftest-blob-20152cab-130d-8a3b-9379-88de5293b1e3?comp=appendblock",
      "RequestMethod": "PUT",
      "RequestHeaders": {
        "Authorization": "Sanitized",
        "Content-Length": "7",
        "Request-Id": "|c095af86-4f538f1237f2b6d3.",
        "User-Agent": [
          "azsdk-net-Storage.Blobs\u002f12.0.0-dev.20190905.1\u002b2ce53181f81f10b1bf8bf777576aec693dd70354",
          "(.NET Core 4.6.27817.01; Microsoft Windows 10.0.18362 )"
        ],
        "x-ms-client-request-id": "bfd67e158b7f9f64cf72cf2276137ee7",
        "x-ms-date": "Thu, 05 Sep 2019 23:55:33 GMT",
        "x-ms-return-client-request-id": "true",
        "x-ms-version": "2019-02-02"
      },
      "RequestBody": "t4ZeClBNyw==",
      "StatusCode": 201,
      "ResponseHeaders": {
        "Content-Length": "0",
        "Date": "Thu, 05 Sep 2019 23:55:33 GMT",
        "ETag": "\u00220x8D7325C8A8EA362\u0022",
        "Last-Modified": "Thu, 05 Sep 2019 23:55:33 GMT",
        "Server": [
          "Windows-Azure-Blob\u002f1.0",
          "Microsoft-HTTPAPI\u002f2.0"
        ],
        "x-ms-blob-append-offset": "0",
        "x-ms-blob-committed-block-count": "1",
        "x-ms-client-request-id": "bfd67e158b7f9f64cf72cf2276137ee7",
        "x-ms-content-crc64": "bjBUIXLw0gk=",
        "x-ms-request-id": "7a012866-301e-001d-3d45-649f87000000",
        "x-ms-request-server-encrypted": "true",
        "x-ms-version": "2019-02-02"
      },
      "ResponseBody": []
    },
    {
      "RequestUri": "http:\u002f\u002fgapradev.blob.core.windows.net\u002ftest-container-380ef9d2-d1e0-3e83-9969-99419c159d78\u002ftest-blob-bce4a205-c747-e8f1-fb1b-fa0ad0ab5ced",
      "RequestMethod": "PUT",
      "RequestHeaders": {
        "Authorization": "Sanitized",
        "Content-Length": "0",
        "Request-Id": "|c095af87-4f538f1237f2b6d3.",
        "User-Agent": [
          "azsdk-net-Storage.Blobs\u002f12.0.0-dev.20190905.1\u002b2ce53181f81f10b1bf8bf777576aec693dd70354",
          "(.NET Core 4.6.27817.01; Microsoft Windows 10.0.18362 )"
        ],
        "x-ms-blob-type": "AppendBlob",
        "x-ms-client-request-id": "d3c9c894f2bdee64e969b667f30f8311",
        "x-ms-date": "Thu, 05 Sep 2019 23:55:33 GMT",
        "x-ms-return-client-request-id": "true",
        "x-ms-version": "2019-02-02"
      },
      "RequestBody": null,
      "StatusCode": 201,
      "ResponseHeaders": {
        "Content-Length": "0",
        "Date": "Thu, 05 Sep 2019 23:55:33 GMT",
        "ETag": "\u00220x8D7325C8A9C10E9\u0022",
        "Last-Modified": "Thu, 05 Sep 2019 23:55:34 GMT",
        "Server": [
          "Windows-Azure-Blob\u002f1.0",
          "Microsoft-HTTPAPI\u002f2.0"
        ],
        "x-ms-client-request-id": "d3c9c894f2bdee64e969b667f30f8311",
        "x-ms-request-id": "7a01286a-301e-001d-4145-649f87000000",
        "x-ms-request-server-encrypted": "true",
        "x-ms-version": "2019-02-02"
      },
      "ResponseBody": []
    },
    {
      "RequestUri": "http:\u002f\u002fgapradev.blob.core.windows.net\u002ftest-container-380ef9d2-d1e0-3e83-9969-99419c159d78\u002ftest-blob-bce4a205-c747-e8f1-fb1b-fa0ad0ab5ced?comp=appendblock",
      "RequestMethod": "PUT",
      "RequestHeaders": {
        "Authorization": "Sanitized",
        "Content-Length": "0",
        "Request-Id": "|c095af88-4f538f1237f2b6d3.",
        "User-Agent": [
          "azsdk-net-Storage.Blobs\u002f12.0.0-dev.20190905.1\u002b2ce53181f81f10b1bf8bf777576aec693dd70354",
          "(.NET Core 4.6.27817.01; Microsoft Windows 10.0.18362 )"
        ],
        "x-ms-blob-condition-appendpos": "0",
        "x-ms-client-request-id": "8b8a5a8428c24d788cedc463905acf23",
        "x-ms-copy-source": "http:\u002f\u002fgapradev.blob.core.windows.net\u002ftest-container-380ef9d2-d1e0-3e83-9969-99419c159d78\u002ftest-blob-20152cab-130d-8a3b-9379-88de5293b1e3",
        "x-ms-date": "Thu, 05 Sep 2019 23:55:34 GMT",
        "x-ms-return-client-request-id": "true",
        "x-ms-source-range": "bytes=0-",
        "x-ms-version": "2019-02-02"
      },
      "RequestBody": null,
      "StatusCode": 201,
      "ResponseHeaders": {
        "Content-Length": "0",
        "Content-MD5": "hCvkXz3kuZVOc0Q4q7RkIA==",
        "Date": "Thu, 05 Sep 2019 23:55:34 GMT",
        "ETag": "\u00220x8D7325C8AAC64C6\u0022",
        "Last-Modified": "Thu, 05 Sep 2019 23:55:34 GMT",
        "Server": [
          "Windows-Azure-Blob\u002f1.0",
          "Microsoft-HTTPAPI\u002f2.0"
        ],
        "x-ms-blob-append-offset": "0",
        "x-ms-blob-committed-block-count": "1",
        "x-ms-client-request-id": "8b8a5a8428c24d788cedc463905acf23",
        "x-ms-request-id": "7a01286e-301e-001d-4445-649f87000000",
        "x-ms-request-server-encrypted": "true",
        "x-ms-version": "2019-02-02"
      },
      "ResponseBody": []
    },
    {
      "RequestUri": "http:\u002f\u002fgapradev.blob.core.windows.net\u002ftest-container-380ef9d2-d1e0-3e83-9969-99419c159d78?restype=container",
      "RequestMethod": "DELETE",
      "RequestHeaders": {
        "Authorization": "Sanitized",
        "Request-Id": "|c095af89-4f538f1237f2b6d3.",
        "User-Agent": [
          "azsdk-net-Storage.Blobs\u002f12.0.0-dev.20190905.1\u002b2ce53181f81f10b1bf8bf777576aec693dd70354",
          "(.NET Core 4.6.27817.01; Microsoft Windows 10.0.18362 )"
        ],
        "x-ms-client-request-id": "ae8de215ab4a122a3df5d3de118af4eb",
        "x-ms-date": "Thu, 05 Sep 2019 23:55:34 GMT",
        "x-ms-return-client-request-id": "true",
        "x-ms-version": "2019-02-02"
      },
      "RequestBody": null,
      "StatusCode": 202,
      "ResponseHeaders": {
        "Content-Length": "0",
        "Date": "Thu, 05 Sep 2019 23:55:34 GMT",
        "Server": [
          "Windows-Azure-Blob\u002f1.0",
          "Microsoft-HTTPAPI\u002f2.0"
        ],
        "x-ms-client-request-id": "ae8de215ab4a122a3df5d3de118af4eb",
        "x-ms-request-id": "7a012872-301e-001d-4845-649f87000000",
        "x-ms-version": "2019-02-02"
      },
      "ResponseBody": []
    },
    {
      "RequestUri": "http:\u002f\u002fgapradev.blob.core.windows.net\u002ftest-container-7585e897-d121-6b2a-4f7c-46d02e005d8f?restype=container",
      "RequestMethod": "PUT",
      "RequestHeaders": {
        "Authorization": "Sanitized",
        "Request-Id": "|c095af8a-4f538f1237f2b6d3.",
        "User-Agent": [
          "azsdk-net-Storage.Blobs\u002f12.0.0-dev.20190905.1\u002b2ce53181f81f10b1bf8bf777576aec693dd70354",
          "(.NET Core 4.6.27817.01; Microsoft Windows 10.0.18362 )"
        ],
        "x-ms-blob-public-access": "container",
        "x-ms-client-request-id": "11519299d581d9c730784dcd559a3c02",
        "x-ms-date": "Thu, 05 Sep 2019 23:55:34 GMT",
        "x-ms-return-client-request-id": "true",
        "x-ms-version": "2019-02-02"
      },
      "RequestBody": null,
      "StatusCode": 201,
      "ResponseHeaders": {
        "Content-Length": "0",
        "Date": "Thu, 05 Sep 2019 23:55:34 GMT",
        "ETag": "\u00220x8D7325C8AC7272B\u0022",
        "Last-Modified": "Thu, 05 Sep 2019 23:55:34 GMT",
        "Server": [
          "Windows-Azure-Blob\u002f1.0",
          "Microsoft-HTTPAPI\u002f2.0"
        ],
        "x-ms-client-request-id": "11519299d581d9c730784dcd559a3c02",
        "x-ms-request-id": "7a012876-301e-001d-4c45-649f87000000",
        "x-ms-version": "2019-02-02"
      },
      "ResponseBody": []
    },
    {
      "RequestUri": "http:\u002f\u002fgapradev.blob.core.windows.net\u002ftest-container-7585e897-d121-6b2a-4f7c-46d02e005d8f?restype=container\u0026comp=acl",
      "RequestMethod": "PUT",
      "RequestHeaders": {
        "Authorization": "Sanitized",
        "Content-Length": "21",
        "Content-Type": "application\u002fxml",
        "Request-Id": "|c095af8b-4f538f1237f2b6d3.",
        "User-Agent": [
          "azsdk-net-Storage.Blobs\u002f12.0.0-dev.20190905.1\u002b2ce53181f81f10b1bf8bf777576aec693dd70354",
          "(.NET Core 4.6.27817.01; Microsoft Windows 10.0.18362 )"
        ],
        "x-ms-blob-public-access": "container",
        "x-ms-client-request-id": "a7cbd8f859d44402b7215fcd6459e43c",
        "x-ms-date": "Thu, 05 Sep 2019 23:55:34 GMT",
        "x-ms-return-client-request-id": "true",
        "x-ms-version": "2019-02-02"
      },
      "RequestBody": "\u003cSignedIdentifiers \u002f\u003e",
      "StatusCode": 200,
      "ResponseHeaders": {
        "Content-Length": "0",
        "Date": "Thu, 05 Sep 2019 23:55:34 GMT",
        "ETag": "\u00220x8D7325C8AD4AFA1\u0022",
        "Last-Modified": "Thu, 05 Sep 2019 23:55:34 GMT",
        "Server": [
          "Windows-Azure-Blob\u002f1.0",
          "Microsoft-HTTPAPI\u002f2.0"
        ],
        "x-ms-client-request-id": "a7cbd8f859d44402b7215fcd6459e43c",
        "x-ms-request-id": "7a01287b-301e-001d-5045-649f87000000",
        "x-ms-version": "2019-02-02"
      },
      "ResponseBody": []
    },
    {
      "RequestUri": "http:\u002f\u002fgapradev.blob.core.windows.net\u002ftest-container-7585e897-d121-6b2a-4f7c-46d02e005d8f\u002ftest-blob-44ac21c2-83a8-165d-b43f-44d75535b5ba",
      "RequestMethod": "PUT",
      "RequestHeaders": {
        "Authorization": "Sanitized",
        "Content-Length": "0",
        "Request-Id": "|c095af8c-4f538f1237f2b6d3.",
        "User-Agent": [
          "azsdk-net-Storage.Blobs\u002f12.0.0-dev.20190905.1\u002b2ce53181f81f10b1bf8bf777576aec693dd70354",
          "(.NET Core 4.6.27817.01; Microsoft Windows 10.0.18362 )"
        ],
        "x-ms-blob-type": "AppendBlob",
        "x-ms-client-request-id": "5a0d9040765f75f9d79310351155bec9",
        "x-ms-date": "Thu, 05 Sep 2019 23:55:34 GMT",
        "x-ms-return-client-request-id": "true",
        "x-ms-version": "2019-02-02"
      },
      "RequestBody": null,
      "StatusCode": 201,
      "ResponseHeaders": {
        "Content-Length": "0",
        "Date": "Thu, 05 Sep 2019 23:55:34 GMT",
        "ETag": "\u00220x8D7325C8AE241D0\u0022",
        "Last-Modified": "Thu, 05 Sep 2019 23:55:34 GMT",
        "Server": [
          "Windows-Azure-Blob\u002f1.0",
          "Microsoft-HTTPAPI\u002f2.0"
        ],
        "x-ms-client-request-id": "5a0d9040765f75f9d79310351155bec9",
        "x-ms-request-id": "7a012880-301e-001d-5545-649f87000000",
        "x-ms-request-server-encrypted": "true",
        "x-ms-version": "2019-02-02"
      },
      "ResponseBody": []
    },
    {
      "RequestUri": "http:\u002f\u002fgapradev.blob.core.windows.net\u002ftest-container-7585e897-d121-6b2a-4f7c-46d02e005d8f\u002ftest-blob-44ac21c2-83a8-165d-b43f-44d75535b5ba?comp=appendblock",
      "RequestMethod": "PUT",
      "RequestHeaders": {
        "Authorization": "Sanitized",
        "Content-Length": "7",
        "Request-Id": "|c095af8d-4f538f1237f2b6d3.",
        "User-Agent": [
          "azsdk-net-Storage.Blobs\u002f12.0.0-dev.20190905.1\u002b2ce53181f81f10b1bf8bf777576aec693dd70354",
          "(.NET Core 4.6.27817.01; Microsoft Windows 10.0.18362 )"
        ],
        "x-ms-client-request-id": "86096e151428c059590baa8e20828e07",
        "x-ms-date": "Thu, 05 Sep 2019 23:55:34 GMT",
        "x-ms-return-client-request-id": "true",
        "x-ms-version": "2019-02-02"
      },
      "RequestBody": "l0NEfjjjag==",
      "StatusCode": 201,
      "ResponseHeaders": {
        "Content-Length": "0",
        "Date": "Thu, 05 Sep 2019 23:55:34 GMT",
        "ETag": "\u00220x8D7325C8AF072A4\u0022",
        "Last-Modified": "Thu, 05 Sep 2019 23:55:34 GMT",
        "Server": [
          "Windows-Azure-Blob\u002f1.0",
          "Microsoft-HTTPAPI\u002f2.0"
        ],
        "x-ms-blob-append-offset": "0",
        "x-ms-blob-committed-block-count": "1",
        "x-ms-client-request-id": "86096e151428c059590baa8e20828e07",
        "x-ms-content-crc64": "azZ\u002fCOPLZHA=",
        "x-ms-request-id": "7a012885-301e-001d-5a45-649f87000000",
        "x-ms-request-server-encrypted": "true",
        "x-ms-version": "2019-02-02"
      },
      "ResponseBody": []
    },
    {
      "RequestUri": "http:\u002f\u002fgapradev.blob.core.windows.net\u002ftest-container-7585e897-d121-6b2a-4f7c-46d02e005d8f\u002ftest-blob-ed0488e1-882b-4c0a-2737-6d147328055e",
      "RequestMethod": "PUT",
      "RequestHeaders": {
        "Authorization": "Sanitized",
        "Content-Length": "0",
        "Request-Id": "|c095af8e-4f538f1237f2b6d3.",
        "User-Agent": [
          "azsdk-net-Storage.Blobs\u002f12.0.0-dev.20190905.1\u002b2ce53181f81f10b1bf8bf777576aec693dd70354",
          "(.NET Core 4.6.27817.01; Microsoft Windows 10.0.18362 )"
        ],
        "x-ms-blob-type": "AppendBlob",
        "x-ms-client-request-id": "e7c27a812f2b2b92374d0054cb6b5554",
        "x-ms-date": "Thu, 05 Sep 2019 23:55:34 GMT",
        "x-ms-return-client-request-id": "true",
        "x-ms-version": "2019-02-02"
      },
      "RequestBody": null,
      "StatusCode": 201,
      "ResponseHeaders": {
        "Content-Length": "0",
        "Date": "Thu, 05 Sep 2019 23:55:34 GMT",
        "ETag": "\u00220x8D7325C8AFDE02B\u0022",
        "Last-Modified": "Thu, 05 Sep 2019 23:55:34 GMT",
        "Server": [
          "Windows-Azure-Blob\u002f1.0",
          "Microsoft-HTTPAPI\u002f2.0"
        ],
        "x-ms-client-request-id": "e7c27a812f2b2b92374d0054cb6b5554",
        "x-ms-request-id": "7a012888-301e-001d-5d45-649f87000000",
        "x-ms-request-server-encrypted": "true",
        "x-ms-version": "2019-02-02"
      },
      "ResponseBody": []
    },
    {
      "RequestUri": "http:\u002f\u002fgapradev.blob.core.windows.net\u002ftest-container-7585e897-d121-6b2a-4f7c-46d02e005d8f\u002ftest-blob-ed0488e1-882b-4c0a-2737-6d147328055e?comp=appendblock",
      "RequestMethod": "PUT",
      "RequestHeaders": {
        "Authorization": "Sanitized",
        "Content-Length": "0",
        "Request-Id": "|c095af8f-4f538f1237f2b6d3.",
        "User-Agent": [
          "azsdk-net-Storage.Blobs\u002f12.0.0-dev.20190905.1\u002b2ce53181f81f10b1bf8bf777576aec693dd70354",
          "(.NET Core 4.6.27817.01; Microsoft Windows 10.0.18362 )"
        ],
        "x-ms-blob-condition-maxsize": "100",
        "x-ms-client-request-id": "88530805d0518c9e63bc5ef1a7444d31",
        "x-ms-copy-source": "http:\u002f\u002fgapradev.blob.core.windows.net\u002ftest-container-7585e897-d121-6b2a-4f7c-46d02e005d8f\u002ftest-blob-44ac21c2-83a8-165d-b43f-44d75535b5ba",
        "x-ms-date": "Thu, 05 Sep 2019 23:55:34 GMT",
        "x-ms-return-client-request-id": "true",
        "x-ms-source-range": "bytes=0-",
        "x-ms-version": "2019-02-02"
      },
      "RequestBody": null,
      "StatusCode": 201,
      "ResponseHeaders": {
        "Content-Length": "0",
        "Content-MD5": "i6RfAlx6Ycu4gP55QYSM3A==",
        "Date": "Thu, 05 Sep 2019 23:55:34 GMT",
        "ETag": "\u00220x8D7325C8B0F4559\u0022",
        "Last-Modified": "Thu, 05 Sep 2019 23:55:34 GMT",
        "Server": [
          "Windows-Azure-Blob\u002f1.0",
          "Microsoft-HTTPAPI\u002f2.0"
        ],
        "x-ms-blob-append-offset": "0",
        "x-ms-blob-committed-block-count": "1",
        "x-ms-client-request-id": "88530805d0518c9e63bc5ef1a7444d31",
        "x-ms-request-id": "7a01288f-301e-001d-6445-649f87000000",
        "x-ms-request-server-encrypted": "true",
        "x-ms-version": "2019-02-02"
      },
      "ResponseBody": []
    },
    {
      "RequestUri": "http:\u002f\u002fgapradev.blob.core.windows.net\u002ftest-container-7585e897-d121-6b2a-4f7c-46d02e005d8f?restype=container",
      "RequestMethod": "DELETE",
      "RequestHeaders": {
        "Authorization": "Sanitized",
        "Request-Id": "|c095af90-4f538f1237f2b6d3.",
        "User-Agent": [
          "azsdk-net-Storage.Blobs\u002f12.0.0-dev.20190905.1\u002b2ce53181f81f10b1bf8bf777576aec693dd70354",
          "(.NET Core 4.6.27817.01; Microsoft Windows 10.0.18362 )"
        ],
        "x-ms-client-request-id": "a50c4b05a7bfb2dbf6d8b6de88b681bc",
        "x-ms-date": "Thu, 05 Sep 2019 23:55:34 GMT",
        "x-ms-return-client-request-id": "true",
        "x-ms-version": "2019-02-02"
      },
      "RequestBody": null,
      "StatusCode": 202,
      "ResponseHeaders": {
        "Content-Length": "0",
        "Date": "Thu, 05 Sep 2019 23:55:34 GMT",
        "Server": [
          "Windows-Azure-Blob\u002f1.0",
          "Microsoft-HTTPAPI\u002f2.0"
        ],
        "x-ms-client-request-id": "a50c4b05a7bfb2dbf6d8b6de88b681bc",
        "x-ms-request-id": "7a012898-301e-001d-6d45-649f87000000",
        "x-ms-version": "2019-02-02"
      },
      "ResponseBody": []
    },
    {
      "RequestUri": "http:\u002f\u002fgapradev.blob.core.windows.net\u002ftest-container-6a0f18e1-7dd4-b00d-dc36-836fd0a084f2?restype=container",
      "RequestMethod": "PUT",
      "RequestHeaders": {
        "Authorization": "Sanitized",
        "Request-Id": "|c095af91-4f538f1237f2b6d3.",
        "User-Agent": [
          "azsdk-net-Storage.Blobs\u002f12.0.0-dev.20190905.1\u002b2ce53181f81f10b1bf8bf777576aec693dd70354",
          "(.NET Core 4.6.27817.01; Microsoft Windows 10.0.18362 )"
        ],
        "x-ms-blob-public-access": "container",
        "x-ms-client-request-id": "804ecf00af5e5d952da0917819c004ad",
        "x-ms-date": "Thu, 05 Sep 2019 23:55:34 GMT",
        "x-ms-return-client-request-id": "true",
        "x-ms-version": "2019-02-02"
      },
      "RequestBody": null,
      "StatusCode": 201,
      "ResponseHeaders": {
        "Content-Length": "0",
        "Date": "Thu, 05 Sep 2019 23:55:34 GMT",
        "ETag": "\u00220x8D7325C8B2A55D9\u0022",
        "Last-Modified": "Thu, 05 Sep 2019 23:55:34 GMT",
        "Server": [
          "Windows-Azure-Blob\u002f1.0",
          "Microsoft-HTTPAPI\u002f2.0"
        ],
        "x-ms-client-request-id": "804ecf00af5e5d952da0917819c004ad",
        "x-ms-request-id": "7a01289d-301e-001d-7145-649f87000000",
        "x-ms-version": "2019-02-02"
      },
      "ResponseBody": []
    },
    {
      "RequestUri": "http:\u002f\u002fgapradev.blob.core.windows.net\u002ftest-container-6a0f18e1-7dd4-b00d-dc36-836fd0a084f2?restype=container\u0026comp=acl",
      "RequestMethod": "PUT",
      "RequestHeaders": {
        "Authorization": "Sanitized",
        "Content-Length": "21",
        "Content-Type": "application\u002fxml",
        "Request-Id": "|c095af92-4f538f1237f2b6d3.",
        "User-Agent": [
          "azsdk-net-Storage.Blobs\u002f12.0.0-dev.20190905.1\u002b2ce53181f81f10b1bf8bf777576aec693dd70354",
          "(.NET Core 4.6.27817.01; Microsoft Windows 10.0.18362 )"
        ],
        "x-ms-blob-public-access": "container",
        "x-ms-client-request-id": "8e0fa23be234885c3e5cc989236ce255",
        "x-ms-date": "Thu, 05 Sep 2019 23:55:35 GMT",
        "x-ms-return-client-request-id": "true",
        "x-ms-version": "2019-02-02"
      },
      "RequestBody": "\u003cSignedIdentifiers \u002f\u003e",
      "StatusCode": 200,
      "ResponseHeaders": {
        "Content-Length": "0",
        "Date": "Thu, 05 Sep 2019 23:55:34 GMT",
        "ETag": "\u00220x8D7325C8B382BC4\u0022",
        "Last-Modified": "Thu, 05 Sep 2019 23:55:35 GMT",
        "Server": [
          "Windows-Azure-Blob\u002f1.0",
          "Microsoft-HTTPAPI\u002f2.0"
        ],
        "x-ms-client-request-id": "8e0fa23be234885c3e5cc989236ce255",
        "x-ms-request-id": "7a0128a3-301e-001d-7645-649f87000000",
        "x-ms-version": "2019-02-02"
      },
      "ResponseBody": []
    },
    {
      "RequestUri": "http:\u002f\u002fgapradev.blob.core.windows.net\u002ftest-container-6a0f18e1-7dd4-b00d-dc36-836fd0a084f2\u002ftest-blob-3db28332-eb34-9794-1c32-d6342d91f6bd",
      "RequestMethod": "PUT",
      "RequestHeaders": {
        "Authorization": "Sanitized",
        "Content-Length": "0",
        "Request-Id": "|c095af93-4f538f1237f2b6d3.",
        "User-Agent": [
          "azsdk-net-Storage.Blobs\u002f12.0.0-dev.20190905.1\u002b2ce53181f81f10b1bf8bf777576aec693dd70354",
          "(.NET Core 4.6.27817.01; Microsoft Windows 10.0.18362 )"
        ],
        "x-ms-blob-type": "AppendBlob",
        "x-ms-client-request-id": "42c6721de602390bc0be3c2455e24a45",
        "x-ms-date": "Thu, 05 Sep 2019 23:55:35 GMT",
        "x-ms-return-client-request-id": "true",
        "x-ms-version": "2019-02-02"
      },
      "RequestBody": null,
      "StatusCode": 201,
      "ResponseHeaders": {
        "Content-Length": "0",
        "Date": "Thu, 05 Sep 2019 23:55:35 GMT",
        "ETag": "\u00220x8D7325C8B4597AE\u0022",
        "Last-Modified": "Thu, 05 Sep 2019 23:55:35 GMT",
        "Server": [
          "Windows-Azure-Blob\u002f1.0",
          "Microsoft-HTTPAPI\u002f2.0"
        ],
        "x-ms-client-request-id": "42c6721de602390bc0be3c2455e24a45",
        "x-ms-request-id": "7a0128a8-301e-001d-7b45-649f87000000",
        "x-ms-request-server-encrypted": "true",
        "x-ms-version": "2019-02-02"
      },
      "ResponseBody": []
    },
    {
      "RequestUri": "http:\u002f\u002fgapradev.blob.core.windows.net\u002ftest-container-6a0f18e1-7dd4-b00d-dc36-836fd0a084f2\u002ftest-blob-3db28332-eb34-9794-1c32-d6342d91f6bd?comp=appendblock",
      "RequestMethod": "PUT",
      "RequestHeaders": {
        "Authorization": "Sanitized",
        "Content-Length": "7",
        "Request-Id": "|c095af94-4f538f1237f2b6d3.",
        "User-Agent": [
          "azsdk-net-Storage.Blobs\u002f12.0.0-dev.20190905.1\u002b2ce53181f81f10b1bf8bf777576aec693dd70354",
          "(.NET Core 4.6.27817.01; Microsoft Windows 10.0.18362 )"
        ],
        "x-ms-client-request-id": "0add443aa5829d28a9c5ad574d38b4c4",
        "x-ms-date": "Thu, 05 Sep 2019 23:55:35 GMT",
        "x-ms-return-client-request-id": "true",
        "x-ms-version": "2019-02-02"
      },
      "RequestBody": "VMTduWcAXQ==",
      "StatusCode": 201,
      "ResponseHeaders": {
        "Content-Length": "0",
        "Date": "Thu, 05 Sep 2019 23:55:35 GMT",
        "ETag": "\u00220x8D7325C8B53C890\u0022",
        "Last-Modified": "Thu, 05 Sep 2019 23:55:35 GMT",
        "Server": [
          "Windows-Azure-Blob\u002f1.0",
          "Microsoft-HTTPAPI\u002f2.0"
        ],
        "x-ms-blob-append-offset": "0",
        "x-ms-blob-committed-block-count": "1",
        "x-ms-client-request-id": "0add443aa5829d28a9c5ad574d38b4c4",
        "x-ms-content-crc64": "cILmzXFeAy0=",
        "x-ms-request-id": "7a0128ac-301e-001d-7f45-649f87000000",
        "x-ms-request-server-encrypted": "true",
        "x-ms-version": "2019-02-02"
      },
      "ResponseBody": []
    },
    {
      "RequestUri": "http:\u002f\u002fgapradev.blob.core.windows.net\u002ftest-container-6a0f18e1-7dd4-b00d-dc36-836fd0a084f2\u002ftest-blob-46c0065e-bea1-4b5b-7778-7c75af6f4139",
      "RequestMethod": "PUT",
      "RequestHeaders": {
        "Authorization": "Sanitized",
        "Content-Length": "0",
        "Request-Id": "|c095af95-4f538f1237f2b6d3.",
        "User-Agent": [
          "azsdk-net-Storage.Blobs\u002f12.0.0-dev.20190905.1\u002b2ce53181f81f10b1bf8bf777576aec693dd70354",
          "(.NET Core 4.6.27817.01; Microsoft Windows 10.0.18362 )"
        ],
        "x-ms-blob-type": "AppendBlob",
        "x-ms-client-request-id": "e8f991e7ebb4783b4a28983d39b4ec88",
        "x-ms-date": "Thu, 05 Sep 2019 23:55:35 GMT",
        "x-ms-return-client-request-id": "true",
        "x-ms-version": "2019-02-02"
      },
      "RequestBody": null,
      "StatusCode": 201,
      "ResponseHeaders": {
        "Content-Length": "0",
        "Date": "Thu, 05 Sep 2019 23:55:35 GMT",
        "ETag": "\u00220x8D7325C8B624783\u0022",
        "Last-Modified": "Thu, 05 Sep 2019 23:55:35 GMT",
        "Server": [
          "Windows-Azure-Blob\u002f1.0",
          "Microsoft-HTTPAPI\u002f2.0"
        ],
        "x-ms-client-request-id": "e8f991e7ebb4783b4a28983d39b4ec88",
        "x-ms-request-id": "7a0128b2-301e-001d-0545-649f87000000",
        "x-ms-request-server-encrypted": "true",
        "x-ms-version": "2019-02-02"
      },
      "ResponseBody": []
    },
    {
      "RequestUri": "http:\u002f\u002fgapradev.blob.core.windows.net\u002ftest-container-6a0f18e1-7dd4-b00d-dc36-836fd0a084f2\u002ftest-blob-46c0065e-bea1-4b5b-7778-7c75af6f4139?comp=appendblock",
      "RequestMethod": "PUT",
      "RequestHeaders": {
        "Authorization": "Sanitized",
        "Content-Length": "0",
        "Request-Id": "|c095af96-4f538f1237f2b6d3.",
        "User-Agent": [
          "azsdk-net-Storage.Blobs\u002f12.0.0-dev.20190905.1\u002b2ce53181f81f10b1bf8bf777576aec693dd70354",
          "(.NET Core 4.6.27817.01; Microsoft Windows 10.0.18362 )"
        ],
        "x-ms-client-request-id": "4fc6770904227ba3e891930a28b2ee3a",
        "x-ms-copy-source": "http:\u002f\u002fgapradev.blob.core.windows.net\u002ftest-container-6a0f18e1-7dd4-b00d-dc36-836fd0a084f2\u002ftest-blob-3db28332-eb34-9794-1c32-d6342d91f6bd",
        "x-ms-date": "Thu, 05 Sep 2019 23:55:35 GMT",
        "x-ms-return-client-request-id": "true",
        "x-ms-source-if-modified-since": "Wed, 04 Sep 2019 23:55:29 GMT",
        "x-ms-source-range": "bytes=0-",
        "x-ms-version": "2019-02-02"
      },
      "RequestBody": null,
      "StatusCode": 201,
      "ResponseHeaders": {
        "Content-Length": "0",
        "Content-MD5": "ZyVsupA6KTFvHedKBI3fRA==",
        "Date": "Thu, 05 Sep 2019 23:55:35 GMT",
        "ETag": "\u00220x8D7325C8B71FF20\u0022",
        "Last-Modified": "Thu, 05 Sep 2019 23:55:35 GMT",
        "Server": [
          "Windows-Azure-Blob\u002f1.0",
          "Microsoft-HTTPAPI\u002f2.0"
        ],
        "x-ms-blob-append-offset": "0",
        "x-ms-blob-committed-block-count": "1",
        "x-ms-client-request-id": "4fc6770904227ba3e891930a28b2ee3a",
        "x-ms-request-id": "7a0128b8-301e-001d-0b45-649f87000000",
        "x-ms-request-server-encrypted": "true",
        "x-ms-version": "2019-02-02"
      },
      "ResponseBody": []
    },
    {
      "RequestUri": "http:\u002f\u002fgapradev.blob.core.windows.net\u002ftest-container-6a0f18e1-7dd4-b00d-dc36-836fd0a084f2?restype=container",
      "RequestMethod": "DELETE",
      "RequestHeaders": {
        "Authorization": "Sanitized",
        "Request-Id": "|c095af97-4f538f1237f2b6d3.",
        "User-Agent": [
          "azsdk-net-Storage.Blobs\u002f12.0.0-dev.20190905.1\u002b2ce53181f81f10b1bf8bf777576aec693dd70354",
          "(.NET Core 4.6.27817.01; Microsoft Windows 10.0.18362 )"
        ],
        "x-ms-client-request-id": "bc707383cb3e7310ca48fb78261e11c3",
        "x-ms-date": "Thu, 05 Sep 2019 23:55:35 GMT",
        "x-ms-return-client-request-id": "true",
        "x-ms-version": "2019-02-02"
      },
      "RequestBody": null,
      "StatusCode": 202,
      "ResponseHeaders": {
        "Content-Length": "0",
        "Date": "Thu, 05 Sep 2019 23:55:35 GMT",
        "Server": [
          "Windows-Azure-Blob\u002f1.0",
          "Microsoft-HTTPAPI\u002f2.0"
        ],
        "x-ms-client-request-id": "bc707383cb3e7310ca48fb78261e11c3",
        "x-ms-request-id": "7a0128c0-301e-001d-1345-649f87000000",
        "x-ms-version": "2019-02-02"
      },
      "ResponseBody": []
    },
    {
      "RequestUri": "http:\u002f\u002fgapradev.blob.core.windows.net\u002ftest-container-376bf48b-f1a9-e217-ed7d-002257314f97?restype=container",
      "RequestMethod": "PUT",
      "RequestHeaders": {
        "Authorization": "Sanitized",
        "Request-Id": "|c095af98-4f538f1237f2b6d3.",
        "User-Agent": [
          "azsdk-net-Storage.Blobs\u002f12.0.0-dev.20190905.1\u002b2ce53181f81f10b1bf8bf777576aec693dd70354",
          "(.NET Core 4.6.27817.01; Microsoft Windows 10.0.18362 )"
        ],
        "x-ms-blob-public-access": "container",
        "x-ms-client-request-id": "c6b95e3a30433e49675384da082b55ca",
        "x-ms-date": "Thu, 05 Sep 2019 23:55:35 GMT",
        "x-ms-return-client-request-id": "true",
        "x-ms-version": "2019-02-02"
      },
      "RequestBody": null,
      "StatusCode": 201,
      "ResponseHeaders": {
        "Content-Length": "0",
        "Date": "Thu, 05 Sep 2019 23:55:35 GMT",
        "ETag": "\u00220x8D7325C8B8E9630\u0022",
        "Last-Modified": "Thu, 05 Sep 2019 23:55:35 GMT",
        "Server": [
          "Windows-Azure-Blob\u002f1.0",
          "Microsoft-HTTPAPI\u002f2.0"
        ],
        "x-ms-client-request-id": "c6b95e3a30433e49675384da082b55ca",
        "x-ms-request-id": "7a0128c3-301e-001d-1645-649f87000000",
        "x-ms-version": "2019-02-02"
      },
      "ResponseBody": []
    },
    {
      "RequestUri": "http:\u002f\u002fgapradev.blob.core.windows.net\u002ftest-container-376bf48b-f1a9-e217-ed7d-002257314f97?restype=container\u0026comp=acl",
      "RequestMethod": "PUT",
      "RequestHeaders": {
        "Authorization": "Sanitized",
        "Content-Length": "21",
        "Content-Type": "application\u002fxml",
        "Request-Id": "|c095af99-4f538f1237f2b6d3.",
        "User-Agent": [
          "azsdk-net-Storage.Blobs\u002f12.0.0-dev.20190905.1\u002b2ce53181f81f10b1bf8bf777576aec693dd70354",
          "(.NET Core 4.6.27817.01; Microsoft Windows 10.0.18362 )"
        ],
        "x-ms-blob-public-access": "container",
        "x-ms-client-request-id": "347ed07fb74792905c8dcec0cbed1b99",
        "x-ms-date": "Thu, 05 Sep 2019 23:55:35 GMT",
        "x-ms-return-client-request-id": "true",
        "x-ms-version": "2019-02-02"
      },
      "RequestBody": "\u003cSignedIdentifiers \u002f\u003e",
      "StatusCode": 200,
      "ResponseHeaders": {
        "Content-Length": "0",
        "Date": "Thu, 05 Sep 2019 23:55:35 GMT",
        "ETag": "\u00220x8D7325C8B9DA3AA\u0022",
        "Last-Modified": "Thu, 05 Sep 2019 23:55:35 GMT",
        "Server": [
          "Windows-Azure-Blob\u002f1.0",
          "Microsoft-HTTPAPI\u002f2.0"
        ],
        "x-ms-client-request-id": "347ed07fb74792905c8dcec0cbed1b99",
        "x-ms-request-id": "7a0128c9-301e-001d-1b45-649f87000000",
        "x-ms-version": "2019-02-02"
      },
      "ResponseBody": []
    },
    {
      "RequestUri": "http:\u002f\u002fgapradev.blob.core.windows.net\u002ftest-container-376bf48b-f1a9-e217-ed7d-002257314f97\u002ftest-blob-cf2daa5b-6c56-d93c-c128-35a287b31a50",
      "RequestMethod": "PUT",
      "RequestHeaders": {
        "Authorization": "Sanitized",
        "Content-Length": "0",
        "Request-Id": "|c095af9a-4f538f1237f2b6d3.",
        "User-Agent": [
          "azsdk-net-Storage.Blobs\u002f12.0.0-dev.20190905.1\u002b2ce53181f81f10b1bf8bf777576aec693dd70354",
          "(.NET Core 4.6.27817.01; Microsoft Windows 10.0.18362 )"
        ],
        "x-ms-blob-type": "AppendBlob",
        "x-ms-client-request-id": "6927cd8361b672887a38ebe1a4ed8c65",
        "x-ms-date": "Thu, 05 Sep 2019 23:55:35 GMT",
        "x-ms-return-client-request-id": "true",
        "x-ms-version": "2019-02-02"
      },
      "RequestBody": null,
      "StatusCode": 201,
      "ResponseHeaders": {
        "Content-Length": "0",
        "Date": "Thu, 05 Sep 2019 23:55:35 GMT",
        "ETag": "\u00220x8D7325C8BAB37A6\u0022",
        "Last-Modified": "Thu, 05 Sep 2019 23:55:35 GMT",
        "Server": [
          "Windows-Azure-Blob\u002f1.0",
          "Microsoft-HTTPAPI\u002f2.0"
        ],
        "x-ms-client-request-id": "6927cd8361b672887a38ebe1a4ed8c65",
        "x-ms-request-id": "7a0128cd-301e-001d-1e45-649f87000000",
        "x-ms-request-server-encrypted": "true",
        "x-ms-version": "2019-02-02"
      },
      "ResponseBody": []
    },
    {
      "RequestUri": "http:\u002f\u002fgapradev.blob.core.windows.net\u002ftest-container-376bf48b-f1a9-e217-ed7d-002257314f97\u002ftest-blob-cf2daa5b-6c56-d93c-c128-35a287b31a50?comp=appendblock",
      "RequestMethod": "PUT",
      "RequestHeaders": {
        "Authorization": "Sanitized",
        "Content-Length": "7",
        "Request-Id": "|c095af9b-4f538f1237f2b6d3.",
        "User-Agent": [
          "azsdk-net-Storage.Blobs\u002f12.0.0-dev.20190905.1\u002b2ce53181f81f10b1bf8bf777576aec693dd70354",
          "(.NET Core 4.6.27817.01; Microsoft Windows 10.0.18362 )"
        ],
        "x-ms-client-request-id": "89235034e719253a1fb40d98964a93e6",
        "x-ms-date": "Thu, 05 Sep 2019 23:55:35 GMT",
        "x-ms-return-client-request-id": "true",
        "x-ms-version": "2019-02-02"
      },
      "RequestBody": "\u002bWQ9yGVLfw==",
      "StatusCode": 201,
      "ResponseHeaders": {
        "Content-Length": "0",
        "Date": "Thu, 05 Sep 2019 23:55:35 GMT",
        "ETag": "\u00220x8D7325C8BB8CC1F\u0022",
        "Last-Modified": "Thu, 05 Sep 2019 23:55:35 GMT",
        "Server": [
          "Windows-Azure-Blob\u002f1.0",
          "Microsoft-HTTPAPI\u002f2.0"
        ],
        "x-ms-blob-append-offset": "0",
        "x-ms-blob-committed-block-count": "1",
        "x-ms-client-request-id": "89235034e719253a1fb40d98964a93e6",
        "x-ms-content-crc64": "X6UlMM0e84o=",
        "x-ms-request-id": "7a0128d0-301e-001d-2145-649f87000000",
        "x-ms-request-server-encrypted": "true",
        "x-ms-version": "2019-02-02"
      },
      "ResponseBody": []
    },
    {
      "RequestUri": "http:\u002f\u002fgapradev.blob.core.windows.net\u002ftest-container-376bf48b-f1a9-e217-ed7d-002257314f97\u002ftest-blob-faba13de-e23e-f9c9-22ba-551e815b35d4",
      "RequestMethod": "PUT",
      "RequestHeaders": {
        "Authorization": "Sanitized",
        "Content-Length": "0",
        "Request-Id": "|c095af9c-4f538f1237f2b6d3.",
        "User-Agent": [
          "azsdk-net-Storage.Blobs\u002f12.0.0-dev.20190905.1\u002b2ce53181f81f10b1bf8bf777576aec693dd70354",
          "(.NET Core 4.6.27817.01; Microsoft Windows 10.0.18362 )"
        ],
        "x-ms-blob-type": "AppendBlob",
        "x-ms-client-request-id": "366ed09c908f9b369301490154f0dc2f",
        "x-ms-date": "Thu, 05 Sep 2019 23:55:35 GMT",
        "x-ms-return-client-request-id": "true",
        "x-ms-version": "2019-02-02"
      },
      "RequestBody": null,
      "StatusCode": 201,
      "ResponseHeaders": {
        "Content-Length": "0",
        "Date": "Thu, 05 Sep 2019 23:55:35 GMT",
        "ETag": "\u00220x8D7325C8BC660EC\u0022",
        "Last-Modified": "Thu, 05 Sep 2019 23:55:35 GMT",
        "Server": [
          "Windows-Azure-Blob\u002f1.0",
          "Microsoft-HTTPAPI\u002f2.0"
        ],
        "x-ms-client-request-id": "366ed09c908f9b369301490154f0dc2f",
        "x-ms-request-id": "7a0128d3-301e-001d-2445-649f87000000",
        "x-ms-request-server-encrypted": "true",
        "x-ms-version": "2019-02-02"
      },
      "ResponseBody": []
    },
    {
      "RequestUri": "http:\u002f\u002fgapradev.blob.core.windows.net\u002ftest-container-376bf48b-f1a9-e217-ed7d-002257314f97\u002ftest-blob-faba13de-e23e-f9c9-22ba-551e815b35d4?comp=appendblock",
      "RequestMethod": "PUT",
      "RequestHeaders": {
        "Authorization": "Sanitized",
        "Content-Length": "0",
        "Request-Id": "|c095af9d-4f538f1237f2b6d3.",
        "User-Agent": [
          "azsdk-net-Storage.Blobs\u002f12.0.0-dev.20190905.1\u002b2ce53181f81f10b1bf8bf777576aec693dd70354",
          "(.NET Core 4.6.27817.01; Microsoft Windows 10.0.18362 )"
        ],
        "x-ms-client-request-id": "900204a4913351268729675e921ca3c3",
        "x-ms-copy-source": "http:\u002f\u002fgapradev.blob.core.windows.net\u002ftest-container-376bf48b-f1a9-e217-ed7d-002257314f97\u002ftest-blob-cf2daa5b-6c56-d93c-c128-35a287b31a50",
        "x-ms-date": "Thu, 05 Sep 2019 23:55:36 GMT",
        "x-ms-return-client-request-id": "true",
        "x-ms-source-if-unmodified-since": "Fri, 06 Sep 2019 23:55:29 GMT",
        "x-ms-source-range": "bytes=0-",
        "x-ms-version": "2019-02-02"
      },
      "RequestBody": null,
      "StatusCode": 201,
      "ResponseHeaders": {
        "Content-Length": "0",
        "Content-MD5": "gmgbGjQHbl7lPH\u002flK5xe9Q==",
        "Date": "Thu, 05 Sep 2019 23:55:35 GMT",
        "ETag": "\u00220x8D7325C8BD6182A\u0022",
        "Last-Modified": "Thu, 05 Sep 2019 23:55:36 GMT",
        "Server": [
          "Windows-Azure-Blob\u002f1.0",
          "Microsoft-HTTPAPI\u002f2.0"
        ],
        "x-ms-blob-append-offset": "0",
        "x-ms-blob-committed-block-count": "1",
        "x-ms-client-request-id": "900204a4913351268729675e921ca3c3",
        "x-ms-request-id": "7a0128db-301e-001d-2b45-649f87000000",
        "x-ms-request-server-encrypted": "true",
        "x-ms-version": "2019-02-02"
      },
      "ResponseBody": []
    },
    {
      "RequestUri": "http:\u002f\u002fgapradev.blob.core.windows.net\u002ftest-container-376bf48b-f1a9-e217-ed7d-002257314f97?restype=container",
      "RequestMethod": "DELETE",
      "RequestHeaders": {
        "Authorization": "Sanitized",
        "Request-Id": "|c095af9e-4f538f1237f2b6d3.",
        "User-Agent": [
          "azsdk-net-Storage.Blobs\u002f12.0.0-dev.20190905.1\u002b2ce53181f81f10b1bf8bf777576aec693dd70354",
          "(.NET Core 4.6.27817.01; Microsoft Windows 10.0.18362 )"
        ],
        "x-ms-client-request-id": "c5fb397e5cdc4d56dd1e673c98c7a431",
        "x-ms-date": "Thu, 05 Sep 2019 23:55:36 GMT",
        "x-ms-return-client-request-id": "true",
        "x-ms-version": "2019-02-02"
      },
      "RequestBody": null,
      "StatusCode": 202,
      "ResponseHeaders": {
        "Content-Length": "0",
        "Date": "Thu, 05 Sep 2019 23:55:36 GMT",
        "Server": [
          "Windows-Azure-Blob\u002f1.0",
          "Microsoft-HTTPAPI\u002f2.0"
        ],
        "x-ms-client-request-id": "c5fb397e5cdc4d56dd1e673c98c7a431",
        "x-ms-request-id": "7a0128de-301e-001d-2e45-649f87000000",
        "x-ms-version": "2019-02-02"
      },
      "ResponseBody": []
    },
    {
      "RequestUri": "http:\u002f\u002fgapradev.blob.core.windows.net\u002ftest-container-7c7925de-a459-0aa0-a91c-ae6529d70977?restype=container",
      "RequestMethod": "PUT",
      "RequestHeaders": {
        "Authorization": "Sanitized",
        "Request-Id": "|c095af9f-4f538f1237f2b6d3.",
        "User-Agent": [
          "azsdk-net-Storage.Blobs\u002f12.0.0-dev.20190905.1\u002b2ce53181f81f10b1bf8bf777576aec693dd70354",
          "(.NET Core 4.6.27817.01; Microsoft Windows 10.0.18362 )"
        ],
        "x-ms-blob-public-access": "container",
        "x-ms-client-request-id": "1b83865d16f44853aeb4b3152aeab9c0",
        "x-ms-date": "Thu, 05 Sep 2019 23:55:36 GMT",
        "x-ms-return-client-request-id": "true",
        "x-ms-version": "2019-02-02"
      },
      "RequestBody": null,
      "StatusCode": 201,
      "ResponseHeaders": {
        "Content-Length": "0",
        "Date": "Thu, 05 Sep 2019 23:55:36 GMT",
        "ETag": "\u00220x8D7325C8BF2AF4D\u0022",
        "Last-Modified": "Thu, 05 Sep 2019 23:55:36 GMT",
        "Server": [
          "Windows-Azure-Blob\u002f1.0",
          "Microsoft-HTTPAPI\u002f2.0"
        ],
        "x-ms-client-request-id": "1b83865d16f44853aeb4b3152aeab9c0",
        "x-ms-request-id": "7a0128e2-301e-001d-3245-649f87000000",
        "x-ms-version": "2019-02-02"
      },
      "ResponseBody": []
    },
    {
      "RequestUri": "http:\u002f\u002fgapradev.blob.core.windows.net\u002ftest-container-7c7925de-a459-0aa0-a91c-ae6529d70977?restype=container\u0026comp=acl",
      "RequestMethod": "PUT",
      "RequestHeaders": {
        "Authorization": "Sanitized",
        "Content-Length": "21",
        "Content-Type": "application\u002fxml",
        "Request-Id": "|c095afa0-4f538f1237f2b6d3.",
        "User-Agent": [
          "azsdk-net-Storage.Blobs\u002f12.0.0-dev.20190905.1\u002b2ce53181f81f10b1bf8bf777576aec693dd70354",
          "(.NET Core 4.6.27817.01; Microsoft Windows 10.0.18362 )"
        ],
        "x-ms-blob-public-access": "container",
        "x-ms-client-request-id": "6d80358427a2d96a98f11bbfadf02405",
        "x-ms-date": "Thu, 05 Sep 2019 23:55:36 GMT",
        "x-ms-return-client-request-id": "true",
        "x-ms-version": "2019-02-02"
      },
      "RequestBody": "\u003cSignedIdentifiers \u002f\u003e",
      "StatusCode": 200,
      "ResponseHeaders": {
        "Content-Length": "0",
        "Date": "Thu, 05 Sep 2019 23:55:36 GMT",
        "ETag": "\u00220x8D7325C8C01E320\u0022",
        "Last-Modified": "Thu, 05 Sep 2019 23:55:36 GMT",
        "Server": [
          "Windows-Azure-Blob\u002f1.0",
          "Microsoft-HTTPAPI\u002f2.0"
        ],
        "x-ms-client-request-id": "6d80358427a2d96a98f11bbfadf02405",
        "x-ms-request-id": "7a0128e6-301e-001d-3545-649f87000000",
        "x-ms-version": "2019-02-02"
      },
      "ResponseBody": []
    },
    {
      "RequestUri": "http:\u002f\u002fgapradev.blob.core.windows.net\u002ftest-container-7c7925de-a459-0aa0-a91c-ae6529d70977\u002ftest-blob-ce30d2c7-f1a4-e08b-bf63-eee0f3579cd4",
      "RequestMethod": "PUT",
      "RequestHeaders": {
        "Authorization": "Sanitized",
        "Content-Length": "0",
        "Request-Id": "|c095afa1-4f538f1237f2b6d3.",
        "User-Agent": [
          "azsdk-net-Storage.Blobs\u002f12.0.0-dev.20190905.1\u002b2ce53181f81f10b1bf8bf777576aec693dd70354",
          "(.NET Core 4.6.27817.01; Microsoft Windows 10.0.18362 )"
        ],
        "x-ms-blob-type": "AppendBlob",
        "x-ms-client-request-id": "83a91b36fb039a94bd90aeff3a0ba77c",
        "x-ms-date": "Thu, 05 Sep 2019 23:55:36 GMT",
        "x-ms-return-client-request-id": "true",
        "x-ms-version": "2019-02-02"
      },
      "RequestBody": null,
      "StatusCode": 201,
      "ResponseHeaders": {
        "Content-Length": "0",
        "Date": "Thu, 05 Sep 2019 23:55:36 GMT",
        "ETag": "\u00220x8D7325C8C0F77B7\u0022",
        "Last-Modified": "Thu, 05 Sep 2019 23:55:36 GMT",
        "Server": [
          "Windows-Azure-Blob\u002f1.0",
          "Microsoft-HTTPAPI\u002f2.0"
        ],
        "x-ms-client-request-id": "83a91b36fb039a94bd90aeff3a0ba77c",
        "x-ms-request-id": "7a0128e9-301e-001d-3845-649f87000000",
        "x-ms-request-server-encrypted": "true",
        "x-ms-version": "2019-02-02"
      },
      "ResponseBody": []
    },
    {
      "RequestUri": "http:\u002f\u002fgapradev.blob.core.windows.net\u002ftest-container-7c7925de-a459-0aa0-a91c-ae6529d70977\u002ftest-blob-ce30d2c7-f1a4-e08b-bf63-eee0f3579cd4?comp=appendblock",
      "RequestMethod": "PUT",
      "RequestHeaders": {
        "Authorization": "Sanitized",
        "Content-Length": "7",
        "Request-Id": "|c095afa2-4f538f1237f2b6d3.",
        "User-Agent": [
          "azsdk-net-Storage.Blobs\u002f12.0.0-dev.20190905.1\u002b2ce53181f81f10b1bf8bf777576aec693dd70354",
          "(.NET Core 4.6.27817.01; Microsoft Windows 10.0.18362 )"
        ],
        "x-ms-client-request-id": "9ab8f8fb5972e8c50c105c5bbf0f30ad",
        "x-ms-date": "Thu, 05 Sep 2019 23:55:36 GMT",
        "x-ms-return-client-request-id": "true",
        "x-ms-version": "2019-02-02"
      },
      "RequestBody": "FfDeEkOJPA==",
      "StatusCode": 201,
      "ResponseHeaders": {
        "Content-Length": "0",
        "Date": "Thu, 05 Sep 2019 23:55:36 GMT",
        "ETag": "\u00220x8D7325C8C1DA890\u0022",
        "Last-Modified": "Thu, 05 Sep 2019 23:55:36 GMT",
        "Server": [
          "Windows-Azure-Blob\u002f1.0",
          "Microsoft-HTTPAPI\u002f2.0"
        ],
        "x-ms-blob-append-offset": "0",
        "x-ms-blob-committed-block-count": "1",
        "x-ms-client-request-id": "9ab8f8fb5972e8c50c105c5bbf0f30ad",
        "x-ms-content-crc64": "njaj\u002fue5tDA=",
        "x-ms-request-id": "7a0128ee-301e-001d-3d45-649f87000000",
        "x-ms-request-server-encrypted": "true",
        "x-ms-version": "2019-02-02"
      },
      "ResponseBody": []
    },
    {
      "RequestUri": "http:\u002f\u002fgapradev.blob.core.windows.net\u002ftest-container-7c7925de-a459-0aa0-a91c-ae6529d70977\u002ftest-blob-f6a81b78-069a-cc39-3e95-1013438ba6b3",
      "RequestMethod": "PUT",
      "RequestHeaders": {
        "Authorization": "Sanitized",
        "Content-Length": "0",
        "Request-Id": "|c095afa3-4f538f1237f2b6d3.",
        "User-Agent": [
          "azsdk-net-Storage.Blobs\u002f12.0.0-dev.20190905.1\u002b2ce53181f81f10b1bf8bf777576aec693dd70354",
          "(.NET Core 4.6.27817.01; Microsoft Windows 10.0.18362 )"
        ],
        "x-ms-blob-type": "AppendBlob",
        "x-ms-client-request-id": "fae571bc019edd6255c077f39e38dbad",
        "x-ms-date": "Thu, 05 Sep 2019 23:55:36 GMT",
        "x-ms-return-client-request-id": "true",
        "x-ms-version": "2019-02-02"
      },
      "RequestBody": null,
      "StatusCode": 201,
      "ResponseHeaders": {
        "Content-Length": "0",
        "Date": "Thu, 05 Sep 2019 23:55:36 GMT",
        "ETag": "\u00220x8D7325C8C2B3D27\u0022",
        "Last-Modified": "Thu, 05 Sep 2019 23:55:36 GMT",
        "Server": [
          "Windows-Azure-Blob\u002f1.0",
          "Microsoft-HTTPAPI\u002f2.0"
        ],
        "x-ms-client-request-id": "fae571bc019edd6255c077f39e38dbad",
        "x-ms-request-id": "7a0128f4-301e-001d-4345-649f87000000",
        "x-ms-request-server-encrypted": "true",
        "x-ms-version": "2019-02-02"
      },
      "ResponseBody": []
    },
    {
      "RequestUri": "http:\u002f\u002fgapradev.blob.core.windows.net\u002ftest-container-7c7925de-a459-0aa0-a91c-ae6529d70977\u002ftest-blob-ce30d2c7-f1a4-e08b-bf63-eee0f3579cd4",
      "RequestMethod": "HEAD",
      "RequestHeaders": {
        "Authorization": "Sanitized",
        "Request-Id": "|c095afa4-4f538f1237f2b6d3.",
        "User-Agent": [
          "azsdk-net-Storage.Blobs\u002f12.0.0-dev.20190905.1\u002b2ce53181f81f10b1bf8bf777576aec693dd70354",
          "(.NET Core 4.6.27817.01; Microsoft Windows 10.0.18362 )"
        ],
        "x-ms-client-request-id": "1e870060b062f5e1bfec5cdc48b2a580",
        "x-ms-date": "Thu, 05 Sep 2019 23:55:36 GMT",
        "x-ms-return-client-request-id": "true",
        "x-ms-version": "2019-02-02"
      },
      "RequestBody": null,
      "StatusCode": 200,
      "ResponseHeaders": {
        "Accept-Ranges": "bytes",
        "Content-Length": "7",
        "Content-Type": "application\u002foctet-stream",
        "Date": "Thu, 05 Sep 2019 23:55:36 GMT",
        "ETag": "\u00220x8D7325C8C1DA890\u0022",
        "Last-Modified": "Thu, 05 Sep 2019 23:55:36 GMT",
        "Server": [
          "Windows-Azure-Blob\u002f1.0",
          "Microsoft-HTTPAPI\u002f2.0"
        ],
        "x-ms-access-tier": "Hot",
        "x-ms-access-tier-inferred": "true",
        "x-ms-blob-committed-block-count": "1",
        "x-ms-blob-type": "AppendBlob",
        "x-ms-client-request-id": "1e870060b062f5e1bfec5cdc48b2a580",
        "x-ms-creation-time": "Thu, 05 Sep 2019 23:55:36 GMT",
        "x-ms-lease-state": "available",
        "x-ms-lease-status": "unlocked",
        "x-ms-request-id": "7a0128f8-301e-001d-4745-649f87000000",
        "x-ms-server-encrypted": "true",
        "x-ms-version": "2019-02-02"
      },
      "ResponseBody": []
    },
    {
      "RequestUri": "http:\u002f\u002fgapradev.blob.core.windows.net\u002ftest-container-7c7925de-a459-0aa0-a91c-ae6529d70977\u002ftest-blob-f6a81b78-069a-cc39-3e95-1013438ba6b3?comp=appendblock",
      "RequestMethod": "PUT",
      "RequestHeaders": {
        "Authorization": "Sanitized",
        "Content-Length": "0",
        "Request-Id": "|c095afa5-4f538f1237f2b6d3.",
        "User-Agent": [
          "azsdk-net-Storage.Blobs\u002f12.0.0-dev.20190905.1\u002b2ce53181f81f10b1bf8bf777576aec693dd70354",
          "(.NET Core 4.6.27817.01; Microsoft Windows 10.0.18362 )"
        ],
        "x-ms-client-request-id": "4d9ea86a352a770eb9cba0d98f462e05",
        "x-ms-copy-source": "http:\u002f\u002fgapradev.blob.core.windows.net\u002ftest-container-7c7925de-a459-0aa0-a91c-ae6529d70977\u002ftest-blob-ce30d2c7-f1a4-e08b-bf63-eee0f3579cd4",
        "x-ms-date": "Thu, 05 Sep 2019 23:55:36 GMT",
        "x-ms-return-client-request-id": "true",
        "x-ms-source-if-match": "\u00220x8D7325C8C1DA890\u0022",
        "x-ms-source-range": "bytes=0-",
        "x-ms-version": "2019-02-02"
      },
      "RequestBody": null,
      "StatusCode": 201,
      "ResponseHeaders": {
        "Content-Length": "0",
        "Content-MD5": "pTydkLK6tD6eiL6abwvL\u002fA==",
        "Date": "Thu, 05 Sep 2019 23:55:36 GMT",
        "ETag": "\u00220x8D7325C8C48B048\u0022",
        "Last-Modified": "Thu, 05 Sep 2019 23:55:36 GMT",
        "Server": [
          "Windows-Azure-Blob\u002f1.0",
          "Microsoft-HTTPAPI\u002f2.0"
        ],
        "x-ms-blob-append-offset": "0",
        "x-ms-blob-committed-block-count": "1",
        "x-ms-client-request-id": "4d9ea86a352a770eb9cba0d98f462e05",
        "x-ms-request-id": "7a0128fb-301e-001d-4a45-649f87000000",
        "x-ms-request-server-encrypted": "true",
        "x-ms-version": "2019-02-02"
      },
      "ResponseBody": []
    },
    {
      "RequestUri": "http:\u002f\u002fgapradev.blob.core.windows.net\u002ftest-container-7c7925de-a459-0aa0-a91c-ae6529d70977?restype=container",
      "RequestMethod": "DELETE",
      "RequestHeaders": {
        "Authorization": "Sanitized",
        "Request-Id": "|c095afa6-4f538f1237f2b6d3.",
        "User-Agent": [
          "azsdk-net-Storage.Blobs\u002f12.0.0-dev.20190905.1\u002b2ce53181f81f10b1bf8bf777576aec693dd70354",
          "(.NET Core 4.6.27817.01; Microsoft Windows 10.0.18362 )"
        ],
        "x-ms-client-request-id": "42b362b987040c508ff03bb2a48595a3",
        "x-ms-date": "Thu, 05 Sep 2019 23:55:36 GMT",
        "x-ms-return-client-request-id": "true",
        "x-ms-version": "2019-02-02"
      },
      "RequestBody": null,
      "StatusCode": 202,
      "ResponseHeaders": {
        "Content-Length": "0",
        "Date": "Thu, 05 Sep 2019 23:55:36 GMT",
        "Server": [
          "Windows-Azure-Blob\u002f1.0",
          "Microsoft-HTTPAPI\u002f2.0"
        ],
        "x-ms-client-request-id": "42b362b987040c508ff03bb2a48595a3",
        "x-ms-request-id": "7a0128ff-301e-001d-4e45-649f87000000",
        "x-ms-version": "2019-02-02"
      },
      "ResponseBody": []
    },
    {
      "RequestUri": "http:\u002f\u002fgapradev.blob.core.windows.net\u002ftest-container-f588f61b-8e99-2a83-f10f-64970f086679?restype=container",
      "RequestMethod": "PUT",
      "RequestHeaders": {
        "Authorization": "Sanitized",
        "Request-Id": "|c095afa7-4f538f1237f2b6d3.",
        "User-Agent": [
          "azsdk-net-Storage.Blobs\u002f12.0.0-dev.20190905.1\u002b2ce53181f81f10b1bf8bf777576aec693dd70354",
          "(.NET Core 4.6.27817.01; Microsoft Windows 10.0.18362 )"
        ],
        "x-ms-blob-public-access": "container",
        "x-ms-client-request-id": "e52257bd62fee27b5792bd3af95bd333",
        "x-ms-date": "Thu, 05 Sep 2019 23:55:36 GMT",
        "x-ms-return-client-request-id": "true",
        "x-ms-version": "2019-02-02"
      },
      "RequestBody": null,
      "StatusCode": 201,
      "ResponseHeaders": {
        "Content-Length": "0",
        "Date": "Thu, 05 Sep 2019 23:55:36 GMT",
        "ETag": "\u00220x8D7325C8C6631AC\u0022",
        "Last-Modified": "Thu, 05 Sep 2019 23:55:37 GMT",
        "Server": [
          "Windows-Azure-Blob\u002f1.0",
          "Microsoft-HTTPAPI\u002f2.0"
        ],
        "x-ms-client-request-id": "e52257bd62fee27b5792bd3af95bd333",
        "x-ms-request-id": "7a012906-301e-001d-5545-649f87000000",
        "x-ms-version": "2019-02-02"
      },
      "ResponseBody": []
    },
    {
      "RequestUri": "http:\u002f\u002fgapradev.blob.core.windows.net\u002ftest-container-f588f61b-8e99-2a83-f10f-64970f086679?restype=container\u0026comp=acl",
      "RequestMethod": "PUT",
      "RequestHeaders": {
        "Authorization": "Sanitized",
        "Content-Length": "21",
        "Content-Type": "application\u002fxml",
        "Request-Id": "|c095afa8-4f538f1237f2b6d3.",
        "User-Agent": [
          "azsdk-net-Storage.Blobs\u002f12.0.0-dev.20190905.1\u002b2ce53181f81f10b1bf8bf777576aec693dd70354",
          "(.NET Core 4.6.27817.01; Microsoft Windows 10.0.18362 )"
        ],
        "x-ms-blob-public-access": "container",
        "x-ms-client-request-id": "98befc3638bd2b6bdf8850f522b9fc87",
        "x-ms-date": "Thu, 05 Sep 2019 23:55:37 GMT",
        "x-ms-return-client-request-id": "true",
        "x-ms-version": "2019-02-02"
      },
      "RequestBody": "\u003cSignedIdentifiers \u002f\u003e",
      "StatusCode": 200,
      "ResponseHeaders": {
        "Content-Length": "0",
        "Date": "Thu, 05 Sep 2019 23:55:37 GMT",
        "ETag": "\u00220x8D7325C8C740529\u0022",
        "Last-Modified": "Thu, 05 Sep 2019 23:55:37 GMT",
        "Server": [
          "Windows-Azure-Blob\u002f1.0",
          "Microsoft-HTTPAPI\u002f2.0"
        ],
        "x-ms-client-request-id": "98befc3638bd2b6bdf8850f522b9fc87",
        "x-ms-request-id": "7a012908-301e-001d-5645-649f87000000",
        "x-ms-version": "2019-02-02"
      },
      "ResponseBody": []
    },
    {
      "RequestUri": "http:\u002f\u002fgapradev.blob.core.windows.net\u002ftest-container-f588f61b-8e99-2a83-f10f-64970f086679\u002ftest-blob-9da67bb8-d006-3049-963b-31611349cdbc",
      "RequestMethod": "PUT",
      "RequestHeaders": {
        "Authorization": "Sanitized",
        "Content-Length": "0",
        "Request-Id": "|c095afa9-4f538f1237f2b6d3.",
        "User-Agent": [
          "azsdk-net-Storage.Blobs\u002f12.0.0-dev.20190905.1\u002b2ce53181f81f10b1bf8bf777576aec693dd70354",
          "(.NET Core 4.6.27817.01; Microsoft Windows 10.0.18362 )"
        ],
        "x-ms-blob-type": "AppendBlob",
        "x-ms-client-request-id": "05f6eb851175bf869e9635b0376686d0",
        "x-ms-date": "Thu, 05 Sep 2019 23:55:37 GMT",
        "x-ms-return-client-request-id": "true",
        "x-ms-version": "2019-02-02"
      },
      "RequestBody": null,
      "StatusCode": 201,
      "ResponseHeaders": {
        "Content-Length": "0",
        "Date": "Thu, 05 Sep 2019 23:55:37 GMT",
        "ETag": "\u00220x8D7325C8C81257D\u0022",
        "Last-Modified": "Thu, 05 Sep 2019 23:55:37 GMT",
        "Server": [
          "Windows-Azure-Blob\u002f1.0",
          "Microsoft-HTTPAPI\u002f2.0"
        ],
        "x-ms-client-request-id": "05f6eb851175bf869e9635b0376686d0",
        "x-ms-request-id": "7a01290a-301e-001d-5845-649f87000000",
        "x-ms-request-server-encrypted": "true",
        "x-ms-version": "2019-02-02"
      },
      "ResponseBody": []
    },
    {
      "RequestUri": "http:\u002f\u002fgapradev.blob.core.windows.net\u002ftest-container-f588f61b-8e99-2a83-f10f-64970f086679\u002ftest-blob-9da67bb8-d006-3049-963b-31611349cdbc?comp=appendblock",
      "RequestMethod": "PUT",
      "RequestHeaders": {
        "Authorization": "Sanitized",
        "Content-Length": "7",
        "Request-Id": "|c095afaa-4f538f1237f2b6d3.",
        "User-Agent": [
          "azsdk-net-Storage.Blobs\u002f12.0.0-dev.20190905.1\u002b2ce53181f81f10b1bf8bf777576aec693dd70354",
          "(.NET Core 4.6.27817.01; Microsoft Windows 10.0.18362 )"
        ],
        "x-ms-client-request-id": "1d0557869a165a649658bab9f157e93e",
        "x-ms-date": "Thu, 05 Sep 2019 23:55:37 GMT",
        "x-ms-return-client-request-id": "true",
        "x-ms-version": "2019-02-02"
      },
      "RequestBody": "isL1TGOvpQ==",
      "StatusCode": 201,
      "ResponseHeaders": {
        "Content-Length": "0",
        "Date": "Thu, 05 Sep 2019 23:55:37 GMT",
        "ETag": "\u00220x8D7325C8C8F087E\u0022",
        "Last-Modified": "Thu, 05 Sep 2019 23:55:37 GMT",
        "Server": [
          "Windows-Azure-Blob\u002f1.0",
          "Microsoft-HTTPAPI\u002f2.0"
        ],
        "x-ms-blob-append-offset": "0",
        "x-ms-blob-committed-block-count": "1",
        "x-ms-client-request-id": "1d0557869a165a649658bab9f157e93e",
        "x-ms-content-crc64": "Ix1\u002fJin8lBg=",
        "x-ms-request-id": "7a01290b-301e-001d-5945-649f87000000",
        "x-ms-request-server-encrypted": "true",
        "x-ms-version": "2019-02-02"
      },
      "ResponseBody": []
    },
    {
      "RequestUri": "http:\u002f\u002fgapradev.blob.core.windows.net\u002ftest-container-f588f61b-8e99-2a83-f10f-64970f086679\u002ftest-blob-616f06bc-aa6c-a72f-f4e7-ff709b99f92f",
      "RequestMethod": "PUT",
      "RequestHeaders": {
        "Authorization": "Sanitized",
        "Content-Length": "0",
        "Request-Id": "|c095afab-4f538f1237f2b6d3.",
        "User-Agent": [
          "azsdk-net-Storage.Blobs\u002f12.0.0-dev.20190905.1\u002b2ce53181f81f10b1bf8bf777576aec693dd70354",
          "(.NET Core 4.6.27817.01; Microsoft Windows 10.0.18362 )"
        ],
        "x-ms-blob-type": "AppendBlob",
        "x-ms-client-request-id": "bbdb60b5b044eaa5869c6f1d56cccd46",
        "x-ms-date": "Thu, 05 Sep 2019 23:55:37 GMT",
        "x-ms-return-client-request-id": "true",
        "x-ms-version": "2019-02-02"
      },
      "RequestBody": null,
      "StatusCode": 201,
      "ResponseHeaders": {
        "Content-Length": "0",
        "Date": "Thu, 05 Sep 2019 23:55:37 GMT",
        "ETag": "\u00220x8D7325C8C9DAE46\u0022",
        "Last-Modified": "Thu, 05 Sep 2019 23:55:37 GMT",
        "Server": [
          "Windows-Azure-Blob\u002f1.0",
          "Microsoft-HTTPAPI\u002f2.0"
        ],
        "x-ms-client-request-id": "bbdb60b5b044eaa5869c6f1d56cccd46",
        "x-ms-request-id": "7a012914-301e-001d-6045-649f87000000",
        "x-ms-request-server-encrypted": "true",
        "x-ms-version": "2019-02-02"
      },
      "ResponseBody": []
    },
    {
      "RequestUri": "http:\u002f\u002fgapradev.blob.core.windows.net\u002ftest-container-f588f61b-8e99-2a83-f10f-64970f086679\u002ftest-blob-616f06bc-aa6c-a72f-f4e7-ff709b99f92f?comp=appendblock",
      "RequestMethod": "PUT",
      "RequestHeaders": {
        "Authorization": "Sanitized",
        "Content-Length": "0",
        "Request-Id": "|c095afac-4f538f1237f2b6d3.",
        "User-Agent": [
          "azsdk-net-Storage.Blobs\u002f12.0.0-dev.20190905.1\u002b2ce53181f81f10b1bf8bf777576aec693dd70354",
          "(.NET Core 4.6.27817.01; Microsoft Windows 10.0.18362 )"
        ],
        "x-ms-client-request-id": "31f3f7ad25f6dc63275e282f9bf4bffc",
        "x-ms-copy-source": "http:\u002f\u002fgapradev.blob.core.windows.net\u002ftest-container-f588f61b-8e99-2a83-f10f-64970f086679\u002ftest-blob-9da67bb8-d006-3049-963b-31611349cdbc",
        "x-ms-date": "Thu, 05 Sep 2019 23:55:37 GMT",
        "x-ms-return-client-request-id": "true",
        "x-ms-source-if-none-match": "\u0022garbage\u0022",
        "x-ms-source-range": "bytes=0-",
        "x-ms-version": "2019-02-02"
      },
      "RequestBody": null,
      "StatusCode": 201,
      "ResponseHeaders": {
        "Content-Length": "0",
        "Content-MD5": "5wJqQKWVViqbtsfw1jks\u002bQ==",
        "Date": "Thu, 05 Sep 2019 23:55:37 GMT",
        "ETag": "\u00220x8D7325C8CAD65C4\u0022",
        "Last-Modified": "Thu, 05 Sep 2019 23:55:37 GMT",
        "Server": [
          "Windows-Azure-Blob\u002f1.0",
          "Microsoft-HTTPAPI\u002f2.0"
        ],
        "x-ms-blob-append-offset": "0",
        "x-ms-blob-committed-block-count": "1",
        "x-ms-client-request-id": "31f3f7ad25f6dc63275e282f9bf4bffc",
        "x-ms-request-id": "7a01291b-301e-001d-6545-649f87000000",
        "x-ms-request-server-encrypted": "true",
        "x-ms-version": "2019-02-02"
      },
      "ResponseBody": []
    },
    {
      "RequestUri": "http:\u002f\u002fgapradev.blob.core.windows.net\u002ftest-container-f588f61b-8e99-2a83-f10f-64970f086679?restype=container",
      "RequestMethod": "DELETE",
      "RequestHeaders": {
        "Authorization": "Sanitized",
        "Request-Id": "|c095afad-4f538f1237f2b6d3.",
        "User-Agent": [
          "azsdk-net-Storage.Blobs\u002f12.0.0-dev.20190905.1\u002b2ce53181f81f10b1bf8bf777576aec693dd70354",
          "(.NET Core 4.6.27817.01; Microsoft Windows 10.0.18362 )"
        ],
        "x-ms-client-request-id": "90048b5f2d7c0cf96084dacf3a125028",
        "x-ms-date": "Thu, 05 Sep 2019 23:55:37 GMT",
        "x-ms-return-client-request-id": "true",
        "x-ms-version": "2019-02-02"
      },
      "RequestBody": null,
      "StatusCode": 202,
      "ResponseHeaders": {
        "Content-Length": "0",
        "Date": "Thu, 05 Sep 2019 23:55:37 GMT",
        "Server": [
          "Windows-Azure-Blob\u002f1.0",
          "Microsoft-HTTPAPI\u002f2.0"
        ],
        "x-ms-client-request-id": "90048b5f2d7c0cf96084dacf3a125028",
        "x-ms-request-id": "7a012920-301e-001d-6a45-649f87000000",
        "x-ms-version": "2019-02-02"
      },
      "ResponseBody": []
    }
  ],
  "Variables": {
    "DateTimeOffsetNow": "2019-09-05T16:55:29.5878655-07:00",
    "RandomSeed": "1003102571",
    "Storage_TestConfigDefault": "ProductionTenant\ngapradev\nU2FuaXRpemVk\nhttp:\u002f\u002fgapradev.blob.core.windows.net\nhttp:\u002f\u002fgapradev.file.core.windows.net\nhttp:\u002f\u002fgapradev.queue.core.windows.net\nhttp:\u002f\u002fgapradev.table.core.windows.net\n\n\n\n\nhttp:\u002f\u002fgapradev-secondary.blob.core.windows.net\nhttp:\u002f\u002fgapradev-secondary.file.core.windows.net\nhttp:\u002f\u002fgapradev-secondary.queue.core.windows.net\nhttp:\u002f\u002fgapradev-secondary.table.core.windows.net\n\nSanitized\n\n\nCloud\nBlobEndpoint=http:\u002f\u002fgapradev.blob.core.windows.net\u002f;QueueEndpoint=http:\u002f\u002fgapradev.queue.core.windows.net\u002f;TableEndpoint=http:\u002f\u002fgapradev.table.core.windows.net\u002f;FileEndpoint=http:\u002f\u002fgapradev.file.core.windows.net\u002f;BlobSecondaryEndpoint=http:\u002f\u002fgapradev-secondary.blob.core.windows.net\u002f;QueueSecondaryEndpoint=http:\u002f\u002fgapradev-secondary.queue.core.windows.net\u002f;TableSecondaryEndpoint=http:\u002f\u002fgapradev-secondary.table.core.windows.net\u002f;FileSecondaryEndpoint=http:\u002f\u002fgapradev-secondary.file.core.windows.net\u002f;AccountName=gapradev;AccountKey=Sanitized"
  }
}