{
  "Entries": [
    {
      "RequestUri": "http:\u002f\u002fseandevtest.blob.core.windows.net\u002ftest-container-4a523adf-cbe2-708d-8605-f3ed00fd8d1c?restype=container",
      "RequestMethod": "PUT",
      "RequestHeaders": {
        "Authorization": "Sanitized",
        "Request-Id": "|45760751-4be9fa3b9546b3fe.",
        "User-Agent": [
          "azsdk-net-Storage.Blobs\u002f12.0.0-dev.20190827.1\u002b0e7ec14e46f8c7f678ed0e2ea6e77a7f9147ebc5",
          "(.NET Core 4.6.27817.01; Microsoft Windows 10.0.18362 )"
        ],
        "x-ms-blob-public-access": "container",
        "x-ms-client-request-id": "b6d6bfc648d58d4a7b2b190b0f74feeb",
        "x-ms-date": "Tue, 27 Aug 2019 19:43:32 GMT",
        "x-ms-return-client-request-id": "true",
        "x-ms-version": "2019-02-02"
      },
      "RequestBody": null,
      "StatusCode": 201,
      "ResponseHeaders": {
        "Content-Length": "0",
        "Date": "Tue, 27 Aug 2019 19:43:32 GMT",
        "ETag": "\u00220x8D72B26D7CDBE11\u0022",
        "Last-Modified": "Tue, 27 Aug 2019 19:43:32 GMT",
        "Server": [
          "Windows-Azure-Blob\u002f1.0",
          "Microsoft-HTTPAPI\u002f2.0"
        ],
        "x-ms-client-request-id": "b6d6bfc648d58d4a7b2b190b0f74feeb",
        "x-ms-request-id": "dd79df2d-401e-002e-290f-5d8acd000000",
        "x-ms-version": "2019-02-02"
      },
      "ResponseBody": []
    },
    {
      "RequestUri": "https:\u002f\u002fseandevtest.blob.core.windows.net\u002ftest-container-4a523adf-cbe2-708d-8605-f3ed00fd8d1c\u002ftest-blob-e88b03a2-110b-2367-1824-0483a3ac5315",
      "RequestMethod": "PUT",
      "RequestHeaders": {
        "Authorization": "Sanitized",
        "Content-Length": "0",
        "Request-Id": "|45760752-4be9fa3b9546b3fe.",
        "User-Agent": [
          "azsdk-net-Storage.Blobs\u002f12.0.0-dev.20190827.1\u002b0e7ec14e46f8c7f678ed0e2ea6e77a7f9147ebc5",
          "(.NET Core 4.6.27817.01; Microsoft Windows 10.0.18362 )"
        ],
        "x-ms-blob-type": "AppendBlob",
        "x-ms-client-request-id": "502a03d7ef5a04443df4f84742b07196",
        "x-ms-date": "Tue, 27 Aug 2019 19:43:32 GMT",
        "x-ms-encryption-algorithm": "AES256",
        "x-ms-encryption-key": "4L8aDqedxpfwxM63soJgEQcHS\u002fxypBC0V7KdsUPH6s4=",
        "x-ms-encryption-key-sha256": "rdaera\u002fIRwSlKjQ0sbVCoICSFMBB1ajs\u002ffkNVtCzyVA=",
        "x-ms-return-client-request-id": "true",
        "x-ms-version": "2019-02-02"
      },
      "RequestBody": null,
      "StatusCode": 201,
      "ResponseHeaders": {
        "Content-Length": "0",
        "Date": "Tue, 27 Aug 2019 19:43:32 GMT",
        "ETag": "\u00220x8D72B26D7D1F447\u0022",
        "Last-Modified": "Tue, 27 Aug 2019 19:43:32 GMT",
        "Server": [
          "Windows-Azure-Blob\u002f1.0",
          "Microsoft-HTTPAPI\u002f2.0"
        ],
        "x-ms-client-request-id": "502a03d7ef5a04443df4f84742b07196",
        "x-ms-encryption-key-sha256": "rdaera\u002fIRwSlKjQ0sbVCoICSFMBB1ajs\u002ffkNVtCzyVA=",
        "x-ms-request-id": "b23282e4-001e-0029-150f-5d7c48000000",
        "x-ms-request-server-encrypted": "true",
        "x-ms-version": "2019-02-02"
      },
      "ResponseBody": []
    },
    {
      "RequestUri": "http:\u002f\u002fseandevtest.blob.core.windows.net\u002ftest-container-4a523adf-cbe2-708d-8605-f3ed00fd8d1c?restype=container",
      "RequestMethod": "DELETE",
      "RequestHeaders": {
        "Authorization": "Sanitized",
        "Request-Id": "|45760753-4be9fa3b9546b3fe.",
        "User-Agent": [
          "azsdk-net-Storage.Blobs\u002f12.0.0-dev.20190827.1\u002b0e7ec14e46f8c7f678ed0e2ea6e77a7f9147ebc5",
          "(.NET Core 4.6.27817.01; Microsoft Windows 10.0.18362 )"
        ],
        "x-ms-client-request-id": "9c7bf2c357613ba2ae65b7f400145328",
        "x-ms-date": "Tue, 27 Aug 2019 19:43:32 GMT",
        "x-ms-return-client-request-id": "true",
        "x-ms-version": "2019-02-02"
      },
      "RequestBody": null,
      "StatusCode": 202,
      "ResponseHeaders": {
        "Content-Length": "0",
        "Date": "Tue, 27 Aug 2019 19:43:32 GMT",
        "Server": [
          "Windows-Azure-Blob\u002f1.0",
          "Microsoft-HTTPAPI\u002f2.0"
        ],
        "x-ms-client-request-id": "9c7bf2c357613ba2ae65b7f400145328",
        "x-ms-request-id": "dd79df6a-401e-002e-620f-5d8acd000000",
        "x-ms-version": "2019-02-02"
      },
      "ResponseBody": []
    }
  ],
  "Variables": {
    "RandomSeed": "1256943639",
    "Storage_TestConfigDefault": "ProductionTenant\nseandevtest\nU2FuaXRpemVk\nhttp:\u002f\u002fseandevtest.blob.core.windows.net\nhttp:\u002f\u002fseandevtest.file.core.windows.net\nhttp:\u002f\u002fseandevtest.queue.core.windows.net\nhttp:\u002f\u002fseandevtest.table.core.windows.net\n\n\n\n\nhttp:\u002f\u002fseandevtest-secondary.blob.core.windows.net\nhttp:\u002f\u002fseandevtest-secondary.file.core.windows.net\nhttp:\u002f\u002fseandevtest-secondary.queue.core.windows.net\nhttp:\u002f\u002fseandevtest-secondary.table.core.windows.net\n\nSanitized\n\n\nCloud\nBlobEndpoint=http:\u002f\u002fseandevtest.blob.core.windows.net\u002f;QueueEndpoint=http:\u002f\u002fseandevtest.queue.core.windows.net\u002f;TableEndpoint=http:\u002f\u002fseandevtest.table.core.windows.net\u002f;FileEndpoint=http:\u002f\u002fseandevtest.file.core.windows.net\u002f;BlobSecondaryEndpoint=http:\u002f\u002fseandevtest-secondary.blob.core.windows.net\u002f;QueueSecondaryEndpoint=http:\u002f\u002fseandevtest-secondary.queue.core.windows.net\u002f;TableSecondaryEndpoint=http:\u002f\u002fseandevtest-secondary.table.core.windows.net\u002f;FileSecondaryEndpoint=http:\u002f\u002fseandevtest-secondary.file.core.windows.net\u002f;AccountName=seandevtest;AccountKey=Sanitized"
  }
}