{
  "Entries": [
    {
      "RequestUri": "https://seanmcccanary3.blob.core.windows.net/test-container-48dd58d8-8ecb-6b8c-ebea-58fa79492075?restype=container",
      "RequestMethod": "PUT",
      "RequestHeaders": {
        "Accept": "application/xml",
        "Authorization": "Sanitized",
        "traceparent": "00-3097a35845d87642b0d0e5a91ec4328c-bd80bd955fabc344-00",
        "User-Agent": [
          "azsdk-net-Storage.Blobs/12.9.0-alpha.20210217.1",
          "(.NET 5.0.3; Microsoft Windows 10.0.19042)"
        ],
        "x-ms-blob-public-access": "container",
        "x-ms-client-request-id": "edd1829d-ddde-5c4f-e0fa-a59bf0e88381",
        "x-ms-date": "Wed, 17 Feb 2021 18:42:27 GMT",
        "x-ms-return-client-request-id": "true",
         "x-ms-version": "2020-08-04"
      },
      "RequestBody": null,
      "StatusCode": 201,
      "ResponseHeaders": {
        "Content-Length": "0",
        "Date": "Wed, 17 Feb 2021 18:42:28 GMT",
        "ETag": "\u00220x8D8D373C6C59634\u0022",
        "Last-Modified": "Wed, 17 Feb 2021 18:42:28 GMT",
        "Server": [
          "Windows-Azure-Blob/1.0",
          "Microsoft-HTTPAPI/2.0"
        ],
        "x-ms-client-request-id": "edd1829d-ddde-5c4f-e0fa-a59bf0e88381",
        "x-ms-request-id": "b7cb8e9c-a01e-005f-5a5c-056efe000000",
         "x-ms-version": "2020-08-04"
      },
      "ResponseBody": []
    },
    {
      "RequestUri": "https://seanmcccanary3.blob.core.windows.net/test-container-48dd58d8-8ecb-6b8c-ebea-58fa79492075/test-blob-514bf34d-dbf5-ef1f-0824-d71cd0c8ed7f",
      "RequestMethod": "PUT",
      "RequestHeaders": {
        "Accept": "application/xml",
        "Authorization": "Sanitized",
        "traceparent": "00-d4b6c27f0b77d6449d9c42bd12715d67-9a0947b880881b49-00",
        "User-Agent": [
          "azsdk-net-Storage.Blobs/12.9.0-alpha.20210217.1",
          "(.NET 5.0.3; Microsoft Windows 10.0.19042)"
        ],
        "x-ms-blob-type": "AppendBlob",
        "x-ms-client-request-id": "8a763c2b-8220-c2b7-63e1-e4b905338c18",
        "x-ms-date": "Wed, 17 Feb 2021 18:42:28 GMT",
        "x-ms-return-client-request-id": "true",
         "x-ms-version": "2020-08-04"
      },
      "RequestBody": null,
      "StatusCode": 201,
      "ResponseHeaders": {
        "Content-Length": "0",
        "Date": "Wed, 17 Feb 2021 18:42:28 GMT",
        "ETag": "\u00220x8D8D373C6D1021F\u0022",
        "Last-Modified": "Wed, 17 Feb 2021 18:42:28 GMT",
        "Server": [
          "Windows-Azure-Blob/1.0",
          "Microsoft-HTTPAPI/2.0"
        ],
        "x-ms-client-request-id": "8a763c2b-8220-c2b7-63e1-e4b905338c18",
        "x-ms-request-id": "b7cb8ee0-a01e-005f-185c-056efe000000",
        "x-ms-request-server-encrypted": "true",
         "x-ms-version": "2020-08-04",
        "x-ms-version-id": "2021-02-17T18:42:28.3211295Z"
      },
      "ResponseBody": []
    },
    {
      "RequestUri": "https://seanmcccanary3.blob.core.windows.net/test-container-48dd58d8-8ecb-6b8c-ebea-58fa79492075/test-blob-514bf34d-dbf5-ef1f-0824-d71cd0c8ed7f?comp=tags",
      "RequestMethod": "PUT",
      "RequestHeaders": {
        "Accept": "application/xml",
        "Authorization": "Sanitized",
        "Content-Length": "81",
        "Content-Type": "application/xml",
        "traceparent": "00-718810e972bee14990c32bf44f02088f-9fcf29e207e8274f-00",
        "User-Agent": [
          "azsdk-net-Storage.Blobs/12.9.0-alpha.20210217.1",
          "(.NET 5.0.3; Microsoft Windows 10.0.19042)"
        ],
        "x-ms-client-request-id": "93f14f5d-6351-935f-f49b-94964edc6f32",
        "x-ms-date": "Wed, 17 Feb 2021 18:42:28 GMT",
        "x-ms-return-client-request-id": "true",
         "x-ms-version": "2020-08-04"
      },
      "RequestBody": "\uFEFF\u003CTags\u003E\u003CTagSet\u003E\u003CTag\u003E\u003CKey\u003EcoolTag\u003C/Key\u003E\u003CValue\u003Etrue\u003C/Value\u003E\u003C/Tag\u003E\u003C/TagSet\u003E\u003C/Tags\u003E",
      "StatusCode": 204,
      "ResponseHeaders": {
        "Date": "Wed, 17 Feb 2021 18:42:28 GMT",
        "Server": [
          "Windows-Azure-Blob/1.0",
          "Microsoft-HTTPAPI/2.0"
        ],
        "x-ms-client-request-id": "93f14f5d-6351-935f-f49b-94964edc6f32",
        "x-ms-request-id": "b7cb8f07-a01e-005f-3f5c-056efe000000",
         "x-ms-version": "2020-08-04"
      },
      "ResponseBody": []
    },
    {
      "RequestUri": "https://seanmcccanary3.blob.core.windows.net/test-container-48dd58d8-8ecb-6b8c-ebea-58fa79492075/test-blob-514bf34d-dbf5-ef1f-0824-d71cd0c8ed7f",
      "RequestMethod": "PUT",
      "RequestHeaders": {
        "Accept": "application/xml",
        "Authorization": "Sanitized",
        "traceparent": "00-0b9dbc31ae72b94cbbb68c37da060165-602e71de3220de4b-00",
        "User-Agent": [
          "azsdk-net-Storage.Blobs/12.9.0-alpha.20210217.1",
          "(.NET 5.0.3; Microsoft Windows 10.0.19042)"
        ],
        "x-ms-blob-type": "AppendBlob",
        "x-ms-client-request-id": "b65c9035-f841-a9c6-c6f2-4ff0f772cb80",
        "x-ms-date": "Wed, 17 Feb 2021 18:42:28 GMT",
        "x-ms-if-tags": "\u0022coolTag\u0022 = \u0027true\u0027",
        "x-ms-return-client-request-id": "true",
         "x-ms-version": "2020-08-04"
      },
      "RequestBody": null,
      "StatusCode": 201,
      "ResponseHeaders": {
        "Content-Length": "0",
        "Date": "Wed, 17 Feb 2021 18:42:28 GMT",
        "ETag": "\u00220x8D8D373C71591AD\u0022",
        "Last-Modified": "Wed, 17 Feb 2021 18:42:28 GMT",
        "Server": [
          "Windows-Azure-Blob/1.0",
          "Microsoft-HTTPAPI/2.0"
        ],
        "x-ms-client-request-id": "b65c9035-f841-a9c6-c6f2-4ff0f772cb80",
        "x-ms-request-id": "b7cb8fb4-a01e-005f-665c-056efe000000",
        "x-ms-request-server-encrypted": "true",
         "x-ms-version": "2020-08-04",
        "x-ms-version-id": "2021-02-17T18:42:28.7714493Z"
      },
      "ResponseBody": []
    },
    {
      "RequestUri": "https://seanmcccanary3.blob.core.windows.net/test-container-48dd58d8-8ecb-6b8c-ebea-58fa79492075?restype=container",
      "RequestMethod": "DELETE",
      "RequestHeaders": {
        "Accept": "application/xml",
        "Authorization": "Sanitized",
        "traceparent": "00-570313b6cc75e243bf52242bca3b3b42-13dbba7e5e1c7f4b-00",
        "User-Agent": [
          "azsdk-net-Storage.Blobs/12.9.0-alpha.20210217.1",
          "(.NET 5.0.3; Microsoft Windows 10.0.19042)"
        ],
        "x-ms-client-request-id": "bd61a616-b980-57f1-bef3-573c320ca7c0",
        "x-ms-date": "Wed, 17 Feb 2021 18:42:28 GMT",
        "x-ms-return-client-request-id": "true",
         "x-ms-version": "2020-08-04"
      },
      "RequestBody": null,
      "StatusCode": 202,
      "ResponseHeaders": {
        "Content-Length": "0",
        "Date": "Wed, 17 Feb 2021 18:42:28 GMT",
        "Server": [
          "Windows-Azure-Blob/1.0",
          "Microsoft-HTTPAPI/2.0"
        ],
        "x-ms-client-request-id": "bd61a616-b980-57f1-bef3-573c320ca7c0",
        "x-ms-request-id": "b7cb9021-a01e-005f-4c5c-056efe000000",
         "x-ms-version": "2020-08-04"
      },
      "ResponseBody": []
    }
  ],
  "Variables": {
    "RandomSeed": "1296610093",
    "Storage_TestConfigDefault": "ProductionTenant\nseanmcccanary3\nU2FuaXRpemVk\nhttps://seanmcccanary3.blob.core.windows.net\nhttps://seanmcccanary3.file.core.windows.net\nhttps://seanmcccanary3.queue.core.windows.net\nhttps://seanmcccanary3.table.core.windows.net\n\n\n\n\nhttps://seanmcccanary3-secondary.blob.core.windows.net\nhttps://seanmcccanary3-secondary.file.core.windows.net\nhttps://seanmcccanary3-secondary.queue.core.windows.net\nhttps://seanmcccanary3-secondary.table.core.windows.net\n\nSanitized\n\n\nCloud\nBlobEndpoint=https://seanmcccanary3.blob.core.windows.net/;QueueEndpoint=https://seanmcccanary3.queue.core.windows.net/;FileEndpoint=https://seanmcccanary3.file.core.windows.net/;BlobSecondaryEndpoint=https://seanmcccanary3-secondary.blob.core.windows.net/;QueueSecondaryEndpoint=https://seanmcccanary3-secondary.queue.core.windows.net/;FileSecondaryEndpoint=https://seanmcccanary3-secondary.file.core.windows.net/;AccountName=seanmcccanary3;AccountKey=Kg==;\nseanscope1"
  }
}