{
  "Entries": [
    {
      "RequestUri": "https://seanmcccanary3.blob.core.windows.net/test-container-044f23e9-bbe1-2db3-edf4-f806f4d6cab2?restype=container",
      "RequestMethod": "PUT",
      "RequestHeaders": {
        "Accept": "application/xml",
        "Authorization": "Sanitized",
        "traceparent": "00-e834c9cab37b854283696b56c61b8c0a-555d4ec0b545564e-00",
        "User-Agent": [
          "azsdk-net-Storage.Blobs/12.9.0-alpha.20210216.1",
          "(.NET 5.0.3; Microsoft Windows 10.0.19042)"
        ],
        "x-ms-blob-public-access": "container",
        "x-ms-client-request-id": "8adc0def-52b8-0e01-91f4-55d2069dbeb4",
        "x-ms-date": "Wed, 17 Feb 2021 02:00:24 GMT",
        "x-ms-return-client-request-id": "true",
        "x-ms-version": "2020-06-12"
      },
      "RequestBody": null,
      "StatusCode": 201,
      "ResponseHeaders": {
        "Content-Length": "0",
        "Date": "Wed, 17 Feb 2021 02:00:24 GMT",
        "ETag": "\u00220x8D8D2E7CA7533E3\u0022",
        "Last-Modified": "Wed, 17 Feb 2021 02:00:24 GMT",
        "Server": [
          "Windows-Azure-Blob/1.0",
          "Microsoft-HTTPAPI/2.0"
        ],
        "x-ms-client-request-id": "8adc0def-52b8-0e01-91f4-55d2069dbeb4",
        "x-ms-request-id": "10745381-701e-003e-36d0-044dbd000000",
        "x-ms-version": "2020-06-12"
      },
      "ResponseBody": []
    },
    {
      "RequestUri": "https://seanmcccanary3.blob.core.windows.net/test-container-044f23e9-bbe1-2db3-edf4-f806f4d6cab2/test-blob-4955c046-4d9c-65c6-4bf9-bd64a9747f1f",
      "RequestMethod": "PUT",
      "RequestHeaders": {
        "Accept": "application/xml",
        "Authorization": "Sanitized",
        "traceparent": "00-bac24a5b1d717a45a50f1e51e26c59c9-b775e20f73ba3842-00",
        "User-Agent": [
          "azsdk-net-Storage.Blobs/12.9.0-alpha.20210216.1",
          "(.NET 5.0.3; Microsoft Windows 10.0.19042)"
        ],
        "x-ms-blob-type": "AppendBlob",
        "x-ms-client-request-id": "edf75ebe-a378-a191-4777-3ebf949d651c",
        "x-ms-date": "Wed, 17 Feb 2021 02:00:24 GMT",
        "x-ms-encryption-algorithm": "AES256",
        "x-ms-return-client-request-id": "true",
        "x-ms-version": "2020-06-12"
      },
      "RequestBody": null,
      "StatusCode": 201,
      "ResponseHeaders": {
        "Content-Length": "0",
        "Date": "Wed, 17 Feb 2021 02:00:24 GMT",
        "ETag": "\u00220x8D8D2E7CA833A1C\u0022",
        "Last-Modified": "Wed, 17 Feb 2021 02:00:24 GMT",
        "Server": [
          "Windows-Azure-Blob/1.0",
          "Microsoft-HTTPAPI/2.0"
        ],
        "x-ms-client-request-id": "edf75ebe-a378-a191-4777-3ebf949d651c",
        "x-ms-request-id": "1074538d-701e-003e-40d0-044dbd000000",
        "x-ms-request-server-encrypted": "true",
        "x-ms-version": "2020-06-12",
        "x-ms-version-id": "2021-02-17T02:00:24.9811253Z"
      },
      "ResponseBody": []
    },
    {
      "RequestUri": "https://seanmcccanary3.blob.core.windows.net/test-container-044f23e9-bbe1-2db3-edf4-f806f4d6cab2/test-blob-4955c046-4d9c-65c6-4bf9-bd64a9747f1f",
      "RequestMethod": "PUT",
      "RequestHeaders": {
        "Accept": "application/xml",
        "Authorization": "Sanitized",
        "If-Modified-Since": "Thu, 18 Feb 2021 02:00:24 GMT",
        "traceparent": "00-d099903fe7d64a45a8ab6272a284e8b6-f9caac0cdde01f46-00",
        "User-Agent": [
          "azsdk-net-Storage.Blobs/12.9.0-alpha.20210216.1",
          "(.NET 5.0.3; Microsoft Windows 10.0.19042)"
        ],
        "x-ms-blob-type": "AppendBlob",
        "x-ms-client-request-id": "9f743864-0281-7b3a-b6e9-7ba7f73a1322",
        "x-ms-date": "Wed, 17 Feb 2021 02:00:24 GMT",
        "x-ms-encryption-algorithm": "AES256",
        "x-ms-return-client-request-id": "true",
        "x-ms-version": "2020-06-12"
      },
      "RequestBody": null,
      "StatusCode": 412,
      "ResponseHeaders": {
        "Content-Length": "252",
        "Content-Type": "application/xml",
        "Date": "Wed, 17 Feb 2021 02:00:24 GMT",
        "Server": [
          "Windows-Azure-Blob/1.0",
          "Microsoft-HTTPAPI/2.0"
        ],
        "x-ms-client-request-id": "9f743864-0281-7b3a-b6e9-7ba7f73a1322",
        "x-ms-error-code": "ConditionNotMet",
        "x-ms-request-id": "107453a8-701e-003e-58d0-044dbd000000",
        "x-ms-version": "2020-06-12"
      },
      "ResponseBody": [
        "\uFEFF\u003C?xml version=\u00221.0\u0022 encoding=\u0022utf-8\u0022?\u003E\u003CError\u003E\u003CCode\u003EConditionNotMet\u003C/Code\u003E\u003CMessage\u003EThe condition specified using HTTP conditional header(s) is not met.\n",
        "RequestId:107453a8-701e-003e-58d0-044dbd000000\n",
        "Time:2021-02-17T02:00:25.0483298Z\u003C/Message\u003E\u003C/Error\u003E"
      ]
    },
    {
      "RequestUri": "https://seanmcccanary3.blob.core.windows.net/test-container-044f23e9-bbe1-2db3-edf4-f806f4d6cab2?restype=container",
      "RequestMethod": "DELETE",
      "RequestHeaders": {
        "Accept": "application/xml",
        "Authorization": "Sanitized",
        "traceparent": "00-af732bfa3cb6cb4eb8a91dccd330687a-93d591792e1a8346-00",
        "User-Agent": [
          "azsdk-net-Storage.Blobs/12.9.0-alpha.20210216.1",
          "(.NET 5.0.3; Microsoft Windows 10.0.19042)"
        ],
        "x-ms-client-request-id": "03678ee3-3812-0339-8cca-3e643b023f0b",
        "x-ms-date": "Wed, 17 Feb 2021 02:00:24 GMT",
        "x-ms-return-client-request-id": "true",
        "x-ms-version": "2020-06-12"
      },
      "RequestBody": null,
      "StatusCode": 202,
      "ResponseHeaders": {
        "Content-Length": "0",
        "Date": "Wed, 17 Feb 2021 02:00:24 GMT",
        "Server": [
          "Windows-Azure-Blob/1.0",
          "Microsoft-HTTPAPI/2.0"
        ],
        "x-ms-client-request-id": "03678ee3-3812-0339-8cca-3e643b023f0b",
        "x-ms-request-id": "107453cf-701e-003e-79d0-044dbd000000",
        "x-ms-version": "2020-06-12"
      },
      "ResponseBody": []
    },
    {
      "RequestUri": "https://seanmcccanary3.blob.core.windows.net/test-container-a7bff196-6b8a-b675-f489-02400925fabf?restype=container",
      "RequestMethod": "PUT",
      "RequestHeaders": {
        "Accept": "application/xml",
        "Authorization": "Sanitized",
        "traceparent": "00-cacf04e3e222a14794c043d882939467-568560a529426c4b-00",
        "User-Agent": [
          "azsdk-net-Storage.Blobs/12.9.0-alpha.20210216.1",
          "(.NET 5.0.3; Microsoft Windows 10.0.19042)"
        ],
        "x-ms-blob-public-access": "container",
        "x-ms-client-request-id": "8e7eec01-7237-7714-19b0-0f8935f8fa67",
        "x-ms-date": "Wed, 17 Feb 2021 02:00:25 GMT",
        "x-ms-return-client-request-id": "true",
        "x-ms-version": "2020-06-12"
      },
      "RequestBody": null,
      "StatusCode": 201,
      "ResponseHeaders": {
        "Content-Length": "0",
        "Date": "Wed, 17 Feb 2021 02:00:25 GMT",
        "ETag": "\u00220x8D8D2E7CAC92275\u0022",
        "Last-Modified": "Wed, 17 Feb 2021 02:00:25 GMT",
        "Server": [
          "Windows-Azure-Blob/1.0",
          "Microsoft-HTTPAPI/2.0"
        ],
        "x-ms-client-request-id": "8e7eec01-7237-7714-19b0-0f8935f8fa67",
        "x-ms-request-id": "6c62b664-f01e-0089-3bd0-046017000000",
        "x-ms-version": "2020-06-12"
      },
      "ResponseBody": []
    },
    {
      "RequestUri": "https://seanmcccanary3.blob.core.windows.net/test-container-a7bff196-6b8a-b675-f489-02400925fabf/test-blob-5f957ed0-d53e-8738-e111-3e9cd10d4615",
      "RequestMethod": "PUT",
      "RequestHeaders": {
        "Accept": "application/xml",
        "Authorization": "Sanitized",
        "traceparent": "00-96885de2288e1448954d330dc204a7ca-df6cd5982287d046-00",
        "User-Agent": [
          "azsdk-net-Storage.Blobs/12.9.0-alpha.20210216.1",
          "(.NET 5.0.3; Microsoft Windows 10.0.19042)"
        ],
        "x-ms-blob-type": "AppendBlob",
        "x-ms-client-request-id": "f09732f4-514a-2b5b-b4f7-ad253478a60b",
        "x-ms-date": "Wed, 17 Feb 2021 02:00:25 GMT",
        "x-ms-encryption-algorithm": "AES256",
        "x-ms-return-client-request-id": "true",
        "x-ms-version": "2020-06-12"
      },
      "RequestBody": null,
      "StatusCode": 201,
      "ResponseHeaders": {
        "Content-Length": "0",
        "Date": "Wed, 17 Feb 2021 02:00:25 GMT",
        "ETag": "\u00220x8D8D2E7CAD38BB4\u0022",
        "Last-Modified": "Wed, 17 Feb 2021 02:00:25 GMT",
        "Server": [
          "Windows-Azure-Blob/1.0",
          "Microsoft-HTTPAPI/2.0"
        ],
        "x-ms-client-request-id": "f09732f4-514a-2b5b-b4f7-ad253478a60b",
        "x-ms-request-id": "6c62b67f-f01e-0089-52d0-046017000000",
        "x-ms-request-server-encrypted": "true",
        "x-ms-version": "2020-06-12",
        "x-ms-version-id": "2021-02-17T02:00:25.5065012Z"
      },
      "ResponseBody": []
    },
    {
      "RequestUri": "https://seanmcccanary3.blob.core.windows.net/test-container-a7bff196-6b8a-b675-f489-02400925fabf/test-blob-5f957ed0-d53e-8738-e111-3e9cd10d4615",
      "RequestMethod": "PUT",
      "RequestHeaders": {
        "Accept": "application/xml",
        "Authorization": "Sanitized",
        "If-Unmodified-Since": "Tue, 16 Feb 2021 02:00:24 GMT",
        "traceparent": "00-da45219402e61840b530b2736866d9eb-d21c630d339f344d-00",
        "User-Agent": [
          "azsdk-net-Storage.Blobs/12.9.0-alpha.20210216.1",
          "(.NET 5.0.3; Microsoft Windows 10.0.19042)"
        ],
        "x-ms-blob-type": "AppendBlob",
        "x-ms-client-request-id": "68130c87-beaf-2763-4da6-44b705d5abb7",
        "x-ms-date": "Wed, 17 Feb 2021 02:00:25 GMT",
        "x-ms-encryption-algorithm": "AES256",
        "x-ms-return-client-request-id": "true",
        "x-ms-version": "2020-06-12"
      },
      "RequestBody": null,
      "StatusCode": 412,
      "ResponseHeaders": {
        "Content-Length": "252",
        "Content-Type": "application/xml",
        "Date": "Wed, 17 Feb 2021 02:00:25 GMT",
        "Server": [
          "Windows-Azure-Blob/1.0",
          "Microsoft-HTTPAPI/2.0"
        ],
        "x-ms-client-request-id": "68130c87-beaf-2763-4da6-44b705d5abb7",
        "x-ms-error-code": "ConditionNotMet",
        "x-ms-request-id": "6c62b692-f01e-0089-65d0-046017000000",
        "x-ms-version": "2020-06-12"
      },
      "ResponseBody": [
        "\uFEFF\u003C?xml version=\u00221.0\u0022 encoding=\u0022utf-8\u0022?\u003E\u003CError\u003E\u003CCode\u003EConditionNotMet\u003C/Code\u003E\u003CMessage\u003EThe condition specified using HTTP conditional header(s) is not met.\n",
        "RequestId:6c62b692-f01e-0089-65d0-046017000000\n",
        "Time:2021-02-17T02:00:25.5743674Z\u003C/Message\u003E\u003C/Error\u003E"
      ]
    },
    {
      "RequestUri": "https://seanmcccanary3.blob.core.windows.net/test-container-a7bff196-6b8a-b675-f489-02400925fabf?restype=container",
      "RequestMethod": "DELETE",
      "RequestHeaders": {
        "Accept": "application/xml",
        "Authorization": "Sanitized",
        "traceparent": "00-8b8ae1280d4f31479b73755fe00899f9-8ffcae8c7224384c-00",
        "User-Agent": [
          "azsdk-net-Storage.Blobs/12.9.0-alpha.20210216.1",
          "(.NET 5.0.3; Microsoft Windows 10.0.19042)"
        ],
        "x-ms-client-request-id": "c0292f14-75a5-a612-9311-4b4b415f8185",
        "x-ms-date": "Wed, 17 Feb 2021 02:00:25 GMT",
        "x-ms-return-client-request-id": "true",
        "x-ms-version": "2020-06-12"
      },
      "RequestBody": null,
      "StatusCode": 202,
      "ResponseHeaders": {
        "Content-Length": "0",
        "Date": "Wed, 17 Feb 2021 02:00:25 GMT",
        "Server": [
          "Windows-Azure-Blob/1.0",
          "Microsoft-HTTPAPI/2.0"
        ],
        "x-ms-client-request-id": "c0292f14-75a5-a612-9311-4b4b415f8185",
        "x-ms-request-id": "6c62b6a2-f01e-0089-75d0-046017000000",
        "x-ms-version": "2020-06-12"
      },
      "ResponseBody": []
    },
    {
      "RequestUri": "https://seanmcccanary3.blob.core.windows.net/test-container-2e9115ed-5a44-cfb9-a36d-ca3f6bd6c07d?restype=container",
      "RequestMethod": "PUT",
      "RequestHeaders": {
        "Accept": "application/xml",
        "Authorization": "Sanitized",
        "traceparent": "00-e5d438a1c6535347a1e030a20243fd9d-516e33c4e69bb04c-00",
        "User-Agent": [
          "azsdk-net-Storage.Blobs/12.9.0-alpha.20210216.1",
          "(.NET 5.0.3; Microsoft Windows 10.0.19042)"
        ],
        "x-ms-blob-public-access": "container",
        "x-ms-client-request-id": "519ecded-d83f-b94f-755a-1c38abd23abc",
        "x-ms-date": "Wed, 17 Feb 2021 02:00:25 GMT",
        "x-ms-return-client-request-id": "true",
        "x-ms-version": "2020-06-12"
      },
      "RequestBody": null,
      "StatusCode": 201,
      "ResponseHeaders": {
        "Content-Length": "0",
        "Date": "Wed, 17 Feb 2021 02:00:25 GMT",
        "ETag": "\u00220x8D8D2E7CB10B0B8\u0022",
        "Last-Modified": "Wed, 17 Feb 2021 02:00:25 GMT",
        "Server": [
          "Windows-Azure-Blob/1.0",
          "Microsoft-HTTPAPI/2.0"
        ],
        "x-ms-client-request-id": "519ecded-d83f-b94f-755a-1c38abd23abc",
        "x-ms-request-id": "21539b59-601e-006f-61d0-04d031000000",
        "x-ms-version": "2020-06-12"
      },
      "ResponseBody": []
    },
    {
      "RequestUri": "https://seanmcccanary3.blob.core.windows.net/test-container-2e9115ed-5a44-cfb9-a36d-ca3f6bd6c07d/test-blob-90acce51-aabc-02d8-03f1-cfb9f3b96285",
      "RequestMethod": "PUT",
      "RequestHeaders": {
        "Accept": "application/xml",
        "Authorization": "Sanitized",
        "traceparent": "00-416e81d8894cd5499cc2db1c0924a92d-39717b384a726d40-00",
        "User-Agent": [
          "azsdk-net-Storage.Blobs/12.9.0-alpha.20210216.1",
          "(.NET 5.0.3; Microsoft Windows 10.0.19042)"
        ],
        "x-ms-blob-type": "AppendBlob",
        "x-ms-client-request-id": "9eaeab50-d471-4281-f49b-4d4e0896c6bc",
        "x-ms-date": "Wed, 17 Feb 2021 02:00:25 GMT",
        "x-ms-encryption-algorithm": "AES256",
        "x-ms-return-client-request-id": "true",
        "x-ms-version": "2020-06-12"
      },
      "RequestBody": null,
      "StatusCode": 201,
      "ResponseHeaders": {
        "Content-Length": "0",
        "Date": "Wed, 17 Feb 2021 02:00:25 GMT",
        "ETag": "\u00220x8D8D2E7CB1E852E\u0022",
        "Last-Modified": "Wed, 17 Feb 2021 02:00:25 GMT",
        "Server": [
          "Windows-Azure-Blob/1.0",
          "Microsoft-HTTPAPI/2.0"
        ],
        "x-ms-client-request-id": "9eaeab50-d471-4281-f49b-4d4e0896c6bc",
        "x-ms-request-id": "21539b73-601e-006f-76d0-04d031000000",
        "x-ms-request-server-encrypted": "true",
        "x-ms-version": "2020-06-12",
        "x-ms-version-id": "2021-02-17T02:00:25.9978542Z"
      },
      "ResponseBody": []
    },
    {
      "RequestUri": "https://seanmcccanary3.blob.core.windows.net/test-container-2e9115ed-5a44-cfb9-a36d-ca3f6bd6c07d/test-blob-90acce51-aabc-02d8-03f1-cfb9f3b96285",
      "RequestMethod": "PUT",
      "RequestHeaders": {
        "Accept": "application/xml",
        "Authorization": "Sanitized",
        "If-Match": "\u0022garbage\u0022",
        "traceparent": "00-37adc73575a8d34d849b59df0fa7f845-13adbb451f95a34f-00",
        "User-Agent": [
          "azsdk-net-Storage.Blobs/12.9.0-alpha.20210216.1",
          "(.NET 5.0.3; Microsoft Windows 10.0.19042)"
        ],
        "x-ms-blob-type": "AppendBlob",
        "x-ms-client-request-id": "aa0f0a34-209c-beef-c922-a55937aad60c",
        "x-ms-date": "Wed, 17 Feb 2021 02:00:25 GMT",
        "x-ms-encryption-algorithm": "AES256",
        "x-ms-return-client-request-id": "true",
        "x-ms-version": "2020-06-12"
      },
      "RequestBody": null,
      "StatusCode": 412,
      "ResponseHeaders": {
        "Content-Length": "252",
        "Content-Type": "application/xml",
        "Date": "Wed, 17 Feb 2021 02:00:25 GMT",
        "Server": [
          "Windows-Azure-Blob/1.0",
          "Microsoft-HTTPAPI/2.0"
        ],
        "x-ms-client-request-id": "aa0f0a34-209c-beef-c922-a55937aad60c",
        "x-ms-error-code": "ConditionNotMet",
        "x-ms-request-id": "21539b8c-601e-006f-09d0-04d031000000",
        "x-ms-version": "2020-06-12"
      },
      "ResponseBody": [
        "\uFEFF\u003C?xml version=\u00221.0\u0022 encoding=\u0022utf-8\u0022?\u003E\u003CError\u003E\u003CCode\u003EConditionNotMet\u003C/Code\u003E\u003CMessage\u003EThe condition specified using HTTP conditional header(s) is not met.\n",
        "RequestId:21539b8c-601e-006f-09d0-04d031000000\n",
        "Time:2021-02-17T02:00:26.0603283Z\u003C/Message\u003E\u003C/Error\u003E"
      ]
    },
    {
      "RequestUri": "https://seanmcccanary3.blob.core.windows.net/test-container-2e9115ed-5a44-cfb9-a36d-ca3f6bd6c07d?restype=container",
      "RequestMethod": "DELETE",
      "RequestHeaders": {
        "Accept": "application/xml",
        "Authorization": "Sanitized",
        "traceparent": "00-4e3edd1754fd584e87bde6a121504597-78a894cf59ce2d40-00",
        "User-Agent": [
          "azsdk-net-Storage.Blobs/12.9.0-alpha.20210216.1",
          "(.NET 5.0.3; Microsoft Windows 10.0.19042)"
        ],
        "x-ms-client-request-id": "14fb8234-f170-c1e7-a025-66b1a42dfd7f",
        "x-ms-date": "Wed, 17 Feb 2021 02:00:25 GMT",
        "x-ms-return-client-request-id": "true",
        "x-ms-version": "2020-06-12"
      },
      "RequestBody": null,
      "StatusCode": 202,
      "ResponseHeaders": {
        "Content-Length": "0",
        "Date": "Wed, 17 Feb 2021 02:00:25 GMT",
        "Server": [
          "Windows-Azure-Blob/1.0",
          "Microsoft-HTTPAPI/2.0"
        ],
        "x-ms-client-request-id": "14fb8234-f170-c1e7-a025-66b1a42dfd7f",
        "x-ms-request-id": "21539bae-601e-006f-24d0-04d031000000",
        "x-ms-version": "2020-06-12"
      },
      "ResponseBody": []
    },
    {
      "RequestUri": "https://seanmcccanary3.blob.core.windows.net/test-container-20b43725-b53f-9087-5c16-3d35fd9df99b?restype=container",
      "RequestMethod": "PUT",
      "RequestHeaders": {
        "Accept": "application/xml",
        "Authorization": "Sanitized",
        "traceparent": "00-b4b320295badd34e82de9bf8af8736c2-a203ddf10a9f124f-00",
        "User-Agent": [
          "azsdk-net-Storage.Blobs/12.9.0-alpha.20210216.1",
          "(.NET 5.0.3; Microsoft Windows 10.0.19042)"
        ],
        "x-ms-blob-public-access": "container",
        "x-ms-client-request-id": "8e2ca468-5e79-7f71-fa6a-b75ab4b1c402",
        "x-ms-date": "Wed, 17 Feb 2021 02:00:26 GMT",
        "x-ms-return-client-request-id": "true",
        "x-ms-version": "2020-06-12"
      },
      "RequestBody": null,
      "StatusCode": 201,
      "ResponseHeaders": {
        "Content-Length": "0",
        "Date": "Wed, 17 Feb 2021 02:00:25 GMT",
        "ETag": "\u00220x8D8D2E7CB5AB57E\u0022",
        "Last-Modified": "Wed, 17 Feb 2021 02:00:26 GMT",
        "Server": [
          "Windows-Azure-Blob/1.0",
          "Microsoft-HTTPAPI/2.0"
        ],
        "x-ms-client-request-id": "8e2ca468-5e79-7f71-fa6a-b75ab4b1c402",
        "x-ms-request-id": "d77a1269-e01e-002c-02d0-04366d000000",
        "x-ms-version": "2020-06-12"
      },
      "ResponseBody": []
    },
    {
      "RequestUri": "https://seanmcccanary3.blob.core.windows.net/test-container-20b43725-b53f-9087-5c16-3d35fd9df99b/test-blob-b00eca2c-4908-63d0-9cf1-e03547215360",
      "RequestMethod": "PUT",
      "RequestHeaders": {
        "Accept": "application/xml",
        "Authorization": "Sanitized",
        "traceparent": "00-e4d352a7f7a8764bb2567ad4e32793de-0bd0916f190c854b-00",
        "User-Agent": [
          "azsdk-net-Storage.Blobs/12.9.0-alpha.20210216.1",
          "(.NET 5.0.3; Microsoft Windows 10.0.19042)"
        ],
        "x-ms-blob-type": "AppendBlob",
        "x-ms-client-request-id": "723a6b44-a3ed-1f37-d3c9-f2887d3b38d9",
        "x-ms-date": "Wed, 17 Feb 2021 02:00:26 GMT",
        "x-ms-encryption-algorithm": "AES256",
        "x-ms-return-client-request-id": "true",
        "x-ms-version": "2020-06-12"
      },
      "RequestBody": null,
      "StatusCode": 201,
      "ResponseHeaders": {
        "Content-Length": "0",
        "Date": "Wed, 17 Feb 2021 02:00:25 GMT",
        "ETag": "\u00220x8D8D2E7CB6AB75D\u0022",
        "Last-Modified": "Wed, 17 Feb 2021 02:00:26 GMT",
        "Server": [
          "Windows-Azure-Blob/1.0",
          "Microsoft-HTTPAPI/2.0"
        ],
        "x-ms-client-request-id": "723a6b44-a3ed-1f37-d3c9-f2887d3b38d9",
        "x-ms-request-id": "d77a129a-e01e-002c-27d0-04366d000000",
        "x-ms-request-server-encrypted": "true",
        "x-ms-version": "2020-06-12",
        "x-ms-version-id": "2021-02-17T02:00:26.4972125Z"
      },
      "ResponseBody": []
    },
    {
      "RequestUri": "https://seanmcccanary3.blob.core.windows.net/test-container-20b43725-b53f-9087-5c16-3d35fd9df99b/test-blob-b00eca2c-4908-63d0-9cf1-e03547215360",
      "RequestMethod": "HEAD",
      "RequestHeaders": {
        "Accept": "application/xml",
        "Authorization": "Sanitized",
        "traceparent": "00-f2e3faef5b766e4a98899ca5133b44bc-4ac062d4e31a4b43-00",
        "User-Agent": [
          "azsdk-net-Storage.Blobs/12.9.0-alpha.20210216.1",
          "(.NET 5.0.3; Microsoft Windows 10.0.19042)"
        ],
        "x-ms-client-request-id": "dbf151e3-e1e6-1f73-c5ad-85a77899c748",
        "x-ms-date": "Wed, 17 Feb 2021 02:00:26 GMT",
        "x-ms-encryption-algorithm": "AES256",
        "x-ms-return-client-request-id": "true",
        "x-ms-version": "2020-06-12"
      },
      "RequestBody": null,
      "StatusCode": 200,
      "ResponseHeaders": {
        "Accept-Ranges": "bytes",
        "Content-Length": "0",
        "Content-Type": "application/octet-stream",
        "Date": "Wed, 17 Feb 2021 02:00:25 GMT",
        "ETag": "\u00220x8D8D2E7CB6AB75D\u0022",
        "Last-Modified": "Wed, 17 Feb 2021 02:00:26 GMT",
        "Server": [
          "Windows-Azure-Blob/1.0",
          "Microsoft-HTTPAPI/2.0"
        ],
        "x-ms-blob-committed-block-count": "0",
        "x-ms-blob-type": "AppendBlob",
        "x-ms-client-request-id": "dbf151e3-e1e6-1f73-c5ad-85a77899c748",
        "x-ms-creation-time": "Wed, 17 Feb 2021 02:00:26 GMT",
        "x-ms-is-current-version": "true",
        "x-ms-lease-state": "available",
        "x-ms-lease-status": "unlocked",
        "x-ms-request-id": "d77a12b4-e01e-002c-3ed0-04366d000000",
        "x-ms-server-encrypted": "true",
        "x-ms-version": "2020-06-12",
        "x-ms-version-id": "2021-02-17T02:00:26.4972125Z"
      },
      "ResponseBody": []
    },
    {
      "RequestUri": "https://seanmcccanary3.blob.core.windows.net/test-container-20b43725-b53f-9087-5c16-3d35fd9df99b/test-blob-b00eca2c-4908-63d0-9cf1-e03547215360",
      "RequestMethod": "PUT",
      "RequestHeaders": {
        "Accept": "application/xml",
        "Authorization": "Sanitized",
        "If-None-Match": "0x8D8D2E7CB6AB75D",
        "traceparent": "00-f564563999eddb438108f5480339f77a-dd37f62455063245-00",
        "User-Agent": [
          "azsdk-net-Storage.Blobs/12.9.0-alpha.20210216.1",
          "(.NET 5.0.3; Microsoft Windows 10.0.19042)"
        ],
        "x-ms-blob-type": "AppendBlob",
        "x-ms-client-request-id": "f177e335-e637-48e9-0f01-e5f4ad5ea3b1",
        "x-ms-date": "Wed, 17 Feb 2021 02:00:26 GMT",
        "x-ms-encryption-algorithm": "AES256",
        "x-ms-return-client-request-id": "true",
        "x-ms-version": "2020-06-12"
      },
      "RequestBody": null,
      "StatusCode": 412,
      "ResponseHeaders": {
        "Content-Length": "252",
        "Content-Type": "application/xml",
        "Date": "Wed, 17 Feb 2021 02:00:25 GMT",
        "Server": [
          "Windows-Azure-Blob/1.0",
          "Microsoft-HTTPAPI/2.0"
        ],
        "x-ms-client-request-id": "f177e335-e637-48e9-0f01-e5f4ad5ea3b1",
        "x-ms-error-code": "ConditionNotMet",
        "x-ms-request-id": "d77a12c3-e01e-002c-4cd0-04366d000000",
        "x-ms-version": "2020-06-12"
      },
      "ResponseBody": [
        "\uFEFF\u003C?xml version=\u00221.0\u0022 encoding=\u0022utf-8\u0022?\u003E\u003CError\u003E\u003CCode\u003EConditionNotMet\u003C/Code\u003E\u003CMessage\u003EThe condition specified using HTTP conditional header(s) is not met.\n",
        "RequestId:d77a12c3-e01e-002c-4cd0-04366d000000\n",
        "Time:2021-02-17T02:00:26.6284746Z\u003C/Message\u003E\u003C/Error\u003E"
      ]
    },
    {
      "RequestUri": "https://seanmcccanary3.blob.core.windows.net/test-container-20b43725-b53f-9087-5c16-3d35fd9df99b?restype=container",
      "RequestMethod": "DELETE",
      "RequestHeaders": {
        "Accept": "application/xml",
        "Authorization": "Sanitized",
        "traceparent": "00-fc6bf4c883a0fc4585bb1059ffaa24f2-78d5c2d6e098a04f-00",
        "User-Agent": [
          "azsdk-net-Storage.Blobs/12.9.0-alpha.20210216.1",
          "(.NET 5.0.3; Microsoft Windows 10.0.19042)"
        ],
        "x-ms-client-request-id": "d1f7ee11-6531-f272-ef30-ba2290e1e3e7",
        "x-ms-date": "Wed, 17 Feb 2021 02:00:26 GMT",
        "x-ms-return-client-request-id": "true",
        "x-ms-version": "2020-06-12"
      },
      "RequestBody": null,
      "StatusCode": 202,
      "ResponseHeaders": {
        "Content-Length": "0",
        "Date": "Wed, 17 Feb 2021 02:00:25 GMT",
        "Server": [
          "Windows-Azure-Blob/1.0",
          "Microsoft-HTTPAPI/2.0"
        ],
        "x-ms-client-request-id": "d1f7ee11-6531-f272-ef30-ba2290e1e3e7",
        "x-ms-request-id": "d77a12d2-e01e-002c-55d0-04366d000000",
        "x-ms-version": "2020-06-12"
      },
      "ResponseBody": []
    },
    {
      "RequestUri": "https://seanmcccanary3.blob.core.windows.net/test-container-8418e5cd-5a31-1e84-94cd-011ba7b3661a?restype=container",
      "RequestMethod": "PUT",
      "RequestHeaders": {
        "Accept": "application/xml",
        "Authorization": "Sanitized",
        "traceparent": "00-e6e6b2e1767c6a4aad440d1641f45136-bbcb029d85a7f54b-00",
        "User-Agent": [
          "azsdk-net-Storage.Blobs/12.9.0-alpha.20210216.1",
          "(.NET 5.0.3; Microsoft Windows 10.0.19042)"
        ],
        "x-ms-blob-public-access": "container",
        "x-ms-client-request-id": "fc685638-16dc-b7cc-69d9-3d6464574b3c",
        "x-ms-date": "Wed, 17 Feb 2021 02:00:26 GMT",
        "x-ms-return-client-request-id": "true",
        "x-ms-version": "2020-06-12"
      },
      "RequestBody": null,
      "StatusCode": 201,
      "ResponseHeaders": {
        "Content-Length": "0",
        "Date": "Wed, 17 Feb 2021 02:00:26 GMT",
        "ETag": "\u00220x8D8D2E7CBAF6386\u0022",
        "Last-Modified": "Wed, 17 Feb 2021 02:00:26 GMT",
        "Server": [
          "Windows-Azure-Blob/1.0",
          "Microsoft-HTTPAPI/2.0"
        ],
        "x-ms-client-request-id": "fc685638-16dc-b7cc-69d9-3d6464574b3c",
        "x-ms-request-id": "4afb62a7-a01e-004f-09d0-04ab96000000",
        "x-ms-version": "2020-06-12"
      },
      "ResponseBody": []
    },
    {
      "RequestUri": "https://seanmcccanary3.blob.core.windows.net/test-container-8418e5cd-5a31-1e84-94cd-011ba7b3661a/test-blob-a8bc9fc9-24fe-fb80-65f1-4f0c4747c168",
      "RequestMethod": "PUT",
      "RequestHeaders": {
        "Accept": "application/xml",
        "Authorization": "Sanitized",
        "traceparent": "00-e7b4619f653d8742a1780365360d2d3f-e71f59ca1121174d-00",
        "User-Agent": [
          "azsdk-net-Storage.Blobs/12.9.0-alpha.20210216.1",
          "(.NET 5.0.3; Microsoft Windows 10.0.19042)"
        ],
        "x-ms-blob-type": "AppendBlob",
        "x-ms-client-request-id": "bd73d6da-716f-1410-d56c-97eac6bf6f22",
        "x-ms-date": "Wed, 17 Feb 2021 02:00:26 GMT",
        "x-ms-encryption-algorithm": "AES256",
        "x-ms-return-client-request-id": "true",
        "x-ms-version": "2020-06-12"
      },
      "RequestBody": null,
      "StatusCode": 201,
      "ResponseHeaders": {
        "Content-Length": "0",
        "Date": "Wed, 17 Feb 2021 02:00:26 GMT",
        "ETag": "\u00220x8D8D2E7CBBABAD6\u0022",
        "Last-Modified": "Wed, 17 Feb 2021 02:00:27 GMT",
        "Server": [
          "Windows-Azure-Blob/1.0",
          "Microsoft-HTTPAPI/2.0"
        ],
        "x-ms-client-request-id": "bd73d6da-716f-1410-d56c-97eac6bf6f22",
        "x-ms-request-id": "4afb62ba-a01e-004f-17d0-04ab96000000",
        "x-ms-request-server-encrypted": "true",
        "x-ms-version": "2020-06-12",
        "x-ms-version-id": "2021-02-17T02:00:27.0225899Z"
      },
      "ResponseBody": []
    },
    {
      "RequestUri": "https://seanmcccanary3.blob.core.windows.net/test-container-8418e5cd-5a31-1e84-94cd-011ba7b3661a/test-blob-a8bc9fc9-24fe-fb80-65f1-4f0c4747c168",
      "RequestMethod": "PUT",
      "RequestHeaders": {
        "Accept": "application/xml",
        "Authorization": "Sanitized",
        "traceparent": "00-63d9fbe0f2436547beef3108669637b1-74ae0d9125c97549-00",
        "User-Agent": [
          "azsdk-net-Storage.Blobs/12.9.0-alpha.20210216.1",
          "(.NET 5.0.3; Microsoft Windows 10.0.19042)"
        ],
        "x-ms-blob-type": "AppendBlob",
        "x-ms-client-request-id": "7acde141-d3dd-8953-5bbb-3375c06a5068",
        "x-ms-date": "Wed, 17 Feb 2021 02:00:26 GMT",
        "x-ms-encryption-algorithm": "AES256",
        "x-ms-lease-id": "432244ca-ffc7-b3a4-8a11-73b89ef976d8",
        "x-ms-return-client-request-id": "true",
        "x-ms-version": "2020-06-12"
      },
      "RequestBody": null,
      "StatusCode": 412,
      "ResponseHeaders": {
        "Content-Length": "241",
        "Content-Type": "application/xml",
        "Date": "Wed, 17 Feb 2021 02:00:26 GMT",
        "Server": [
          "Windows-Azure-Blob/1.0",
          "Microsoft-HTTPAPI/2.0"
        ],
        "x-ms-client-request-id": "7acde141-d3dd-8953-5bbb-3375c06a5068",
        "x-ms-error-code": "LeaseNotPresentWithBlobOperation",
        "x-ms-request-id": "4afb62d5-a01e-004f-2ed0-04ab96000000",
        "x-ms-version": "2020-06-12"
      },
      "ResponseBody": [
        "\uFEFF\u003C?xml version=\u00221.0\u0022 encoding=\u0022utf-8\u0022?\u003E\u003CError\u003E\u003CCode\u003ELeaseNotPresentWithBlobOperation\u003C/Code\u003E\u003CMessage\u003EThere is currently no lease on the blob.\n",
        "RequestId:4afb62d5-a01e-004f-2ed0-04ab96000000\n",
        "Time:2021-02-17T02:00:27.0863636Z\u003C/Message\u003E\u003C/Error\u003E"
      ]
    },
    {
      "RequestUri": "https://seanmcccanary3.blob.core.windows.net/test-container-8418e5cd-5a31-1e84-94cd-011ba7b3661a?restype=container",
      "RequestMethod": "DELETE",
      "RequestHeaders": {
        "Accept": "application/xml",
        "Authorization": "Sanitized",
        "traceparent": "00-09182e622f60e145845dee4d99891879-232f3be0bae1284a-00",
        "User-Agent": [
          "azsdk-net-Storage.Blobs/12.9.0-alpha.20210216.1",
          "(.NET 5.0.3; Microsoft Windows 10.0.19042)"
        ],
        "x-ms-client-request-id": "906fdc14-7fa7-8b13-0de2-32169b7ea6df",
        "x-ms-date": "Wed, 17 Feb 2021 02:00:26 GMT",
        "x-ms-return-client-request-id": "true",
        "x-ms-version": "2020-06-12"
      },
      "RequestBody": null,
      "StatusCode": 202,
      "ResponseHeaders": {
        "Content-Length": "0",
        "Date": "Wed, 17 Feb 2021 02:00:26 GMT",
        "Server": [
          "Windows-Azure-Blob/1.0",
          "Microsoft-HTTPAPI/2.0"
        ],
        "x-ms-client-request-id": "906fdc14-7fa7-8b13-0de2-32169b7ea6df",
        "x-ms-request-id": "4afb62ed-a01e-004f-40d0-04ab96000000",
        "x-ms-version": "2020-06-12"
      },
      "ResponseBody": []
    }
  ],
  "Variables": {
    "DateTimeOffsetNow": "2021-02-16T20:00:24.4665278-06:00",
    "RandomSeed": "866035041",
    "Storage_TestConfigDefault": "ProductionTenant\nseanmcccanary3\nU2FuaXRpemVk\nhttps://seanmcccanary3.blob.core.windows.net\nhttps://seanmcccanary3.file.core.windows.net\nhttps://seanmcccanary3.queue.core.windows.net\nhttps://seanmcccanary3.table.core.windows.net\n\n\n\n\nhttps://seanmcccanary3-secondary.blob.core.windows.net\nhttps://seanmcccanary3-secondary.file.core.windows.net\nhttps://seanmcccanary3-secondary.queue.core.windows.net\nhttps://seanmcccanary3-secondary.table.core.windows.net\n\nSanitized\n\n\nCloud\nBlobEndpoint=https://seanmcccanary3.blob.core.windows.net/;QueueEndpoint=https://seanmcccanary3.queue.core.windows.net/;FileEndpoint=https://seanmcccanary3.file.core.windows.net/;BlobSecondaryEndpoint=https://seanmcccanary3-secondary.blob.core.windows.net/;QueueSecondaryEndpoint=https://seanmcccanary3-secondary.queue.core.windows.net/;FileSecondaryEndpoint=https://seanmcccanary3-secondary.file.core.windows.net/;AccountName=seanmcccanary3;AccountKey=Kg==;\nseanscope1"
  }
}