{
  "Entries": [
    {
      "RequestUri": "https://seanmcccanary3.blob.core.windows.net/test-container-d5101fa8-a6ce-8e34-b73e-df3bc7549fb8?restype=container",
      "RequestMethod": "PUT",
      "RequestHeaders": {
        "Accept": "application/xml",
        "Authorization": "Sanitized",
        "traceparent": "00-7dab3927c552a944ab8e09dc2842aebe-818c3e4449f4b141-00",
        "User-Agent": [
          "azsdk-net-Storage.Blobs/12.9.0-alpha.20210217.1",
          "(.NET 5.0.3; Microsoft Windows 10.0.19042)"
        ],
        "x-ms-blob-public-access": "container",
        "x-ms-client-request-id": "56471eab-5867-9682-f5d6-1d25bac7a56d",
        "x-ms-date": "Wed, 17 Feb 2021 19:45:57 GMT",
        "x-ms-return-client-request-id": "true",
         "x-ms-version": "2020-08-04"
      },
      "RequestBody": null,
      "StatusCode": 201,
      "ResponseHeaders": {
        "Content-Length": "0",
        "Date": "Wed, 17 Feb 2021 19:45:56 GMT",
        "ETag": "\u00220x8D8D37CA558E29B\u0022",
        "Last-Modified": "Wed, 17 Feb 2021 19:45:57 GMT",
        "Server": [
          "Windows-Azure-Blob/1.0",
          "Microsoft-HTTPAPI/2.0"
        ],
        "x-ms-client-request-id": "56471eab-5867-9682-f5d6-1d25bac7a56d",
        "x-ms-request-id": "cb606c52-501e-0090-7e65-05e0ac000000",
         "x-ms-version": "2020-08-04"
      },
      "ResponseBody": []
    },
    {
      "RequestUri": "https://seanmcccanary3.blob.core.windows.net/test-container-d5101fa8-a6ce-8e34-b73e-df3bc7549fb8/test-blob-499c2076-422b-d8fa-4f98-2eff05f859dd",
      "RequestMethod": "PUT",
      "RequestHeaders": {
        "Accept": "application/xml",
        "Authorization": "Sanitized",
        "traceparent": "00-52bbd83e45b8b0458dc28004aecf3d6e-13c8886515d87f45-00",
        "User-Agent": [
          "azsdk-net-Storage.Blobs/12.9.0-alpha.20210217.1",
          "(.NET 5.0.3; Microsoft Windows 10.0.19042)"
        ],
        "x-ms-blob-type": "AppendBlob",
        "x-ms-client-request-id": "14c5342a-6b3d-698c-246f-07cf298390fd",
        "x-ms-date": "Wed, 17 Feb 2021 19:45:57 GMT",
        "x-ms-return-client-request-id": "true",
         "x-ms-version": "2020-08-04"
      },
      "RequestBody": null,
      "StatusCode": 201,
      "ResponseHeaders": {
        "Content-Length": "0",
        "Date": "Wed, 17 Feb 2021 19:45:57 GMT",
        "ETag": "\u00220x8D8D37CA5646EE7\u0022",
        "Last-Modified": "Wed, 17 Feb 2021 19:45:57 GMT",
        "Server": [
          "Windows-Azure-Blob/1.0",
          "Microsoft-HTTPAPI/2.0"
        ],
        "x-ms-client-request-id": "14c5342a-6b3d-698c-246f-07cf298390fd",
        "x-ms-request-id": "cb606c66-501e-0090-0d65-05e0ac000000",
        "x-ms-request-server-encrypted": "true",
         "x-ms-version": "2020-08-04",
        "x-ms-version-id": "2021-02-17T19:45:57.7153255Z"
      },
      "ResponseBody": []
    },
    {
      "RequestUri": "https://seanmcccanary3.blob.core.windows.net/test-container-d5101fa8-a6ce-8e34-b73e-df3bc7549fb8/test-blob-499c2076-422b-d8fa-4f98-2eff05f859dd",
      "RequestMethod": "PUT",
      "RequestHeaders": {
        "Accept": "application/xml",
        "Authorization": "Sanitized",
        "If-Modified-Since": "Thu, 18 Feb 2021 19:45:57 GMT",
        "traceparent": "00-5598ab0463c835488b81f494a7f415e9-df01f0aaed9d7148-00",
        "User-Agent": [
          "azsdk-net-Storage.Blobs/12.9.0-alpha.20210217.1",
          "(.NET 5.0.3; Microsoft Windows 10.0.19042)"
        ],
        "x-ms-blob-type": "AppendBlob",
        "x-ms-client-request-id": "83279a1d-419d-3481-fe89-880a720f2aa8",
        "x-ms-date": "Wed, 17 Feb 2021 19:45:57 GMT",
        "x-ms-return-client-request-id": "true",
         "x-ms-version": "2020-08-04"
      },
      "RequestBody": null,
      "StatusCode": 412,
      "ResponseHeaders": {
        "Content-Length": "252",
        "Content-Type": "application/xml",
        "Date": "Wed, 17 Feb 2021 19:45:57 GMT",
        "Server": [
          "Windows-Azure-Blob/1.0",
          "Microsoft-HTTPAPI/2.0"
        ],
        "x-ms-client-request-id": "83279a1d-419d-3481-fe89-880a720f2aa8",
        "x-ms-error-code": "ConditionNotMet",
        "x-ms-request-id": "cb606c7b-501e-0090-1f65-05e0ac000000",
         "x-ms-version": "2020-08-04"
      },
      "ResponseBody": [
        "\uFEFF\u003C?xml version=\u00221.0\u0022 encoding=\u0022utf-8\u0022?\u003E\u003CError\u003E\u003CCode\u003EConditionNotMet\u003C/Code\u003E\u003CMessage\u003EThe condition specified using HTTP conditional header(s) is not met.\n",
        "RequestId:cb606c7b-501e-0090-1f65-05e0ac000000\n",
        "Time:2021-02-17T19:45:57.7707376Z\u003C/Message\u003E\u003C/Error\u003E"
      ]
    },
    {
      "RequestUri": "https://seanmcccanary3.blob.core.windows.net/test-container-d5101fa8-a6ce-8e34-b73e-df3bc7549fb8?restype=container",
      "RequestMethod": "DELETE",
      "RequestHeaders": {
        "Accept": "application/xml",
        "Authorization": "Sanitized",
        "traceparent": "00-7c4f8e7cc32e9342ab60b7aece632182-a1f86af48b97fc4b-00",
        "User-Agent": [
          "azsdk-net-Storage.Blobs/12.9.0-alpha.20210217.1",
          "(.NET 5.0.3; Microsoft Windows 10.0.19042)"
        ],
        "x-ms-client-request-id": "f97e9f38-780e-ebc2-4e09-c9883468b494",
        "x-ms-date": "Wed, 17 Feb 2021 19:45:57 GMT",
        "x-ms-return-client-request-id": "true",
         "x-ms-version": "2020-08-04"
      },
      "RequestBody": null,
      "StatusCode": 202,
      "ResponseHeaders": {
        "Content-Length": "0",
        "Date": "Wed, 17 Feb 2021 19:45:57 GMT",
        "Server": [
          "Windows-Azure-Blob/1.0",
          "Microsoft-HTTPAPI/2.0"
        ],
        "x-ms-client-request-id": "f97e9f38-780e-ebc2-4e09-c9883468b494",
        "x-ms-request-id": "cb606c89-501e-0090-2d65-05e0ac000000",
         "x-ms-version": "2020-08-04"
      },
      "ResponseBody": []
    },
    {
      "RequestUri": "https://seanmcccanary3.blob.core.windows.net/test-container-fda7a6b1-ff9b-799f-1e7b-d155de8d5a4f?restype=container",
      "RequestMethod": "PUT",
      "RequestHeaders": {
        "Accept": "application/xml",
        "Authorization": "Sanitized",
        "traceparent": "00-efb257e1c3c62643929fa73407d816c8-4dd3644b83c61b4c-00",
        "User-Agent": [
          "azsdk-net-Storage.Blobs/12.9.0-alpha.20210217.1",
          "(.NET 5.0.3; Microsoft Windows 10.0.19042)"
        ],
        "x-ms-blob-public-access": "container",
        "x-ms-client-request-id": "3342ce94-c106-392e-0005-da93a66d0dc1",
        "x-ms-date": "Wed, 17 Feb 2021 19:45:57 GMT",
        "x-ms-return-client-request-id": "true",
         "x-ms-version": "2020-08-04"
      },
      "RequestBody": null,
      "StatusCode": 201,
      "ResponseHeaders": {
        "Content-Length": "0",
        "Date": "Wed, 17 Feb 2021 19:45:57 GMT",
        "ETag": "\u00220x8D8D37CA5987A9C\u0022",
        "Last-Modified": "Wed, 17 Feb 2021 19:45:58 GMT",
        "Server": [
          "Windows-Azure-Blob/1.0",
          "Microsoft-HTTPAPI/2.0"
        ],
        "x-ms-client-request-id": "3342ce94-c106-392e-0005-da93a66d0dc1",
        "x-ms-request-id": "58955aee-801e-0048-5665-05c7f5000000",
         "x-ms-version": "2020-08-04"
      },
      "ResponseBody": []
    },
    {
      "RequestUri": "https://seanmcccanary3.blob.core.windows.net/test-container-fda7a6b1-ff9b-799f-1e7b-d155de8d5a4f/test-blob-76be79ae-e196-8004-0cf2-edef09a89f2b",
      "RequestMethod": "PUT",
      "RequestHeaders": {
        "Accept": "application/xml",
        "Authorization": "Sanitized",
        "traceparent": "00-beb766ecea89434cbc9ed839ff51fe64-7afd43b0dcb43b4d-00",
        "User-Agent": [
          "azsdk-net-Storage.Blobs/12.9.0-alpha.20210217.1",
          "(.NET 5.0.3; Microsoft Windows 10.0.19042)"
        ],
        "x-ms-blob-type": "AppendBlob",
        "x-ms-client-request-id": "5f48349e-0034-b2b3-cac2-2614d43f2f57",
        "x-ms-date": "Wed, 17 Feb 2021 19:45:58 GMT",
        "x-ms-return-client-request-id": "true",
         "x-ms-version": "2020-08-04"
      },
      "RequestBody": null,
      "StatusCode": 201,
      "ResponseHeaders": {
        "Content-Length": "0",
        "Date": "Wed, 17 Feb 2021 19:45:57 GMT",
        "ETag": "\u00220x8D8D37CA5A15BFF\u0022",
        "Last-Modified": "Wed, 17 Feb 2021 19:45:58 GMT",
        "Server": [
          "Windows-Azure-Blob/1.0",
          "Microsoft-HTTPAPI/2.0"
        ],
        "x-ms-client-request-id": "5f48349e-0034-b2b3-cac2-2614d43f2f57",
        "x-ms-request-id": "58955b1d-801e-0048-7b65-05c7f5000000",
        "x-ms-request-server-encrypted": "true",
         "x-ms-version": "2020-08-04",
        "x-ms-version-id": "2021-02-17T19:45:58.1156125Z"
      },
      "ResponseBody": []
    },
    {
      "RequestUri": "https://seanmcccanary3.blob.core.windows.net/test-container-fda7a6b1-ff9b-799f-1e7b-d155de8d5a4f/test-blob-76be79ae-e196-8004-0cf2-edef09a89f2b",
      "RequestMethod": "PUT",
      "RequestHeaders": {
        "Accept": "application/xml",
        "Authorization": "Sanitized",
        "If-Unmodified-Since": "Tue, 16 Feb 2021 19:45:57 GMT",
        "traceparent": "00-62f45cf0a3600a44a83eb539ae63e677-4a2ab84b757c0a49-00",
        "User-Agent": [
          "azsdk-net-Storage.Blobs/12.9.0-alpha.20210217.1",
          "(.NET 5.0.3; Microsoft Windows 10.0.19042)"
        ],
        "x-ms-blob-type": "AppendBlob",
        "x-ms-client-request-id": "440ed404-0089-3334-5069-7a24a778f0f6",
        "x-ms-date": "Wed, 17 Feb 2021 19:45:58 GMT",
        "x-ms-return-client-request-id": "true",
         "x-ms-version": "2020-08-04"
      },
      "RequestBody": null,
      "StatusCode": 412,
      "ResponseHeaders": {
        "Content-Length": "252",
        "Content-Type": "application/xml",
        "Date": "Wed, 17 Feb 2021 19:45:57 GMT",
        "Server": [
          "Windows-Azure-Blob/1.0",
          "Microsoft-HTTPAPI/2.0"
        ],
        "x-ms-client-request-id": "440ed404-0089-3334-5069-7a24a778f0f6",
        "x-ms-error-code": "ConditionNotMet",
        "x-ms-request-id": "58955b44-801e-0048-2065-05c7f5000000",
         "x-ms-version": "2020-08-04"
      },
      "ResponseBody": [
        "\uFEFF\u003C?xml version=\u00221.0\u0022 encoding=\u0022utf-8\u0022?\u003E\u003CError\u003E\u003CCode\u003EConditionNotMet\u003C/Code\u003E\u003CMessage\u003EThe condition specified using HTTP conditional header(s) is not met.\n",
        "RequestId:58955b44-801e-0048-2065-05c7f5000000\n",
        "Time:2021-02-17T19:45:58.1734945Z\u003C/Message\u003E\u003C/Error\u003E"
      ]
    },
    {
      "RequestUri": "https://seanmcccanary3.blob.core.windows.net/test-container-fda7a6b1-ff9b-799f-1e7b-d155de8d5a4f?restype=container",
      "RequestMethod": "DELETE",
      "RequestHeaders": {
        "Accept": "application/xml",
        "Authorization": "Sanitized",
        "traceparent": "00-5b51ed2b348e344ca6c4c647d6fd35fa-0542a26af8045d4b-00",
        "User-Agent": [
          "azsdk-net-Storage.Blobs/12.9.0-alpha.20210217.1",
          "(.NET 5.0.3; Microsoft Windows 10.0.19042)"
        ],
        "x-ms-client-request-id": "4a8ab726-b89e-87ec-fc83-96949555818d",
        "x-ms-date": "Wed, 17 Feb 2021 19:45:58 GMT",
        "x-ms-return-client-request-id": "true",
         "x-ms-version": "2020-08-04"
      },
      "RequestBody": null,
      "StatusCode": 202,
      "ResponseHeaders": {
        "Content-Length": "0",
        "Date": "Wed, 17 Feb 2021 19:45:57 GMT",
        "Server": [
          "Windows-Azure-Blob/1.0",
          "Microsoft-HTTPAPI/2.0"
        ],
        "x-ms-client-request-id": "4a8ab726-b89e-87ec-fc83-96949555818d",
        "x-ms-request-id": "58955b5a-801e-0048-3665-05c7f5000000",
         "x-ms-version": "2020-08-04"
      },
      "ResponseBody": []
    },
    {
      "RequestUri": "https://seanmcccanary3.blob.core.windows.net/test-container-15ae53f3-109e-ea79-1d6b-f3f0df03a761?restype=container",
      "RequestMethod": "PUT",
      "RequestHeaders": {
        "Accept": "application/xml",
        "Authorization": "Sanitized",
        "traceparent": "00-755ea73c650fe543a8e19e51eb5fa16a-da65ed9637672943-00",
        "User-Agent": [
          "azsdk-net-Storage.Blobs/12.9.0-alpha.20210217.1",
          "(.NET 5.0.3; Microsoft Windows 10.0.19042)"
        ],
        "x-ms-blob-public-access": "container",
        "x-ms-client-request-id": "373d9316-4640-1659-3e9f-2c32c5fba8f9",
        "x-ms-date": "Wed, 17 Feb 2021 19:45:58 GMT",
        "x-ms-return-client-request-id": "true",
         "x-ms-version": "2020-08-04"
      },
      "RequestBody": null,
      "StatusCode": 201,
      "ResponseHeaders": {
        "Content-Length": "0",
        "Date": "Wed, 17 Feb 2021 19:45:57 GMT",
        "ETag": "\u00220x8D8D37CA5D78FFD\u0022",
        "Last-Modified": "Wed, 17 Feb 2021 19:45:58 GMT",
        "Server": [
          "Windows-Azure-Blob/1.0",
          "Microsoft-HTTPAPI/2.0"
        ],
        "x-ms-client-request-id": "373d9316-4640-1659-3e9f-2c32c5fba8f9",
        "x-ms-request-id": "1a5a35f3-e01e-0003-3f65-053ba6000000",
         "x-ms-version": "2020-08-04"
      },
      "ResponseBody": []
    },
    {
      "RequestUri": "https://seanmcccanary3.blob.core.windows.net/test-container-15ae53f3-109e-ea79-1d6b-f3f0df03a761/test-blob-138635db-9157-4d9f-fac6-4265dd7e68fb",
      "RequestMethod": "PUT",
      "RequestHeaders": {
        "Accept": "application/xml",
        "Authorization": "Sanitized",
        "traceparent": "00-428748c43c4ff143a01423f4d9ef0c54-2e1d79b524f8e34a-00",
        "User-Agent": [
          "azsdk-net-Storage.Blobs/12.9.0-alpha.20210217.1",
          "(.NET 5.0.3; Microsoft Windows 10.0.19042)"
        ],
        "x-ms-blob-type": "AppendBlob",
        "x-ms-client-request-id": "4c1e3990-f99c-85a4-f3ef-3c7904f338bf",
        "x-ms-date": "Wed, 17 Feb 2021 19:45:58 GMT",
        "x-ms-return-client-request-id": "true",
         "x-ms-version": "2020-08-04"
      },
      "RequestBody": null,
      "StatusCode": 201,
      "ResponseHeaders": {
        "Content-Length": "0",
        "Date": "Wed, 17 Feb 2021 19:45:57 GMT",
        "ETag": "\u00220x8D8D37CA5E1CC1B\u0022",
        "Last-Modified": "Wed, 17 Feb 2021 19:45:58 GMT",
        "Server": [
          "Windows-Azure-Blob/1.0",
          "Microsoft-HTTPAPI/2.0"
        ],
        "x-ms-client-request-id": "4c1e3990-f99c-85a4-f3ef-3c7904f338bf",
        "x-ms-request-id": "1a5a3605-e01e-0003-4d65-053ba6000000",
        "x-ms-request-server-encrypted": "true",
         "x-ms-version": "2020-08-04",
        "x-ms-version-id": "2021-02-17T19:45:58.5369115Z"
      },
      "ResponseBody": []
    },
    {
      "RequestUri": "https://seanmcccanary3.blob.core.windows.net/test-container-15ae53f3-109e-ea79-1d6b-f3f0df03a761/test-blob-138635db-9157-4d9f-fac6-4265dd7e68fb",
      "RequestMethod": "PUT",
      "RequestHeaders": {
        "Accept": "application/xml",
        "Authorization": "Sanitized",
        "If-Match": "\u0022garbage\u0022",
        "traceparent": "00-995e9c2eaf52b64a823e367a7c1621d0-28f34c1da55bdf43-00",
        "User-Agent": [
          "azsdk-net-Storage.Blobs/12.9.0-alpha.20210217.1",
          "(.NET 5.0.3; Microsoft Windows 10.0.19042)"
        ],
        "x-ms-blob-type": "AppendBlob",
        "x-ms-client-request-id": "58545265-33d6-c2a7-35ae-f116485255b6",
        "x-ms-date": "Wed, 17 Feb 2021 19:45:58 GMT",
        "x-ms-return-client-request-id": "true",
         "x-ms-version": "2020-08-04"
      },
      "RequestBody": null,
      "StatusCode": 412,
      "ResponseHeaders": {
        "Content-Length": "252",
        "Content-Type": "application/xml",
        "Date": "Wed, 17 Feb 2021 19:45:58 GMT",
        "Server": [
          "Windows-Azure-Blob/1.0",
          "Microsoft-HTTPAPI/2.0"
        ],
        "x-ms-client-request-id": "58545265-33d6-c2a7-35ae-f116485255b6",
        "x-ms-error-code": "ConditionNotMet",
        "x-ms-request-id": "1a5a360e-e01e-0003-5565-053ba6000000",
         "x-ms-version": "2020-08-04"
      },
      "ResponseBody": [
        "\uFEFF\u003C?xml version=\u00221.0\u0022 encoding=\u0022utf-8\u0022?\u003E\u003CError\u003E\u003CCode\u003EConditionNotMet\u003C/Code\u003E\u003CMessage\u003EThe condition specified using HTTP conditional header(s) is not met.\n",
        "RequestId:1a5a360e-e01e-0003-5565-053ba6000000\n",
        "Time:2021-02-17T19:45:58.5989277Z\u003C/Message\u003E\u003C/Error\u003E"
      ]
    },
    {
      "RequestUri": "https://seanmcccanary3.blob.core.windows.net/test-container-15ae53f3-109e-ea79-1d6b-f3f0df03a761?restype=container",
      "RequestMethod": "DELETE",
      "RequestHeaders": {
        "Accept": "application/xml",
        "Authorization": "Sanitized",
        "traceparent": "00-6fbde721bd3c6240926435f4519f5bee-dc847380375dd34a-00",
        "User-Agent": [
          "azsdk-net-Storage.Blobs/12.9.0-alpha.20210217.1",
          "(.NET 5.0.3; Microsoft Windows 10.0.19042)"
        ],
        "x-ms-client-request-id": "7a6ed11c-03cc-385d-6dfd-b5c1ed3c8b82",
        "x-ms-date": "Wed, 17 Feb 2021 19:45:58 GMT",
        "x-ms-return-client-request-id": "true",
         "x-ms-version": "2020-08-04"
      },
      "RequestBody": null,
      "StatusCode": 202,
      "ResponseHeaders": {
        "Content-Length": "0",
        "Date": "Wed, 17 Feb 2021 19:45:58 GMT",
        "Server": [
          "Windows-Azure-Blob/1.0",
          "Microsoft-HTTPAPI/2.0"
        ],
        "x-ms-client-request-id": "7a6ed11c-03cc-385d-6dfd-b5c1ed3c8b82",
        "x-ms-request-id": "1a5a361d-e01e-0003-6065-053ba6000000",
         "x-ms-version": "2020-08-04"
      },
      "ResponseBody": []
    },
    {
      "RequestUri": "https://seanmcccanary3.blob.core.windows.net/test-container-9e9fb44d-e3ac-5583-1dae-b7bacbd02815?restype=container",
      "RequestMethod": "PUT",
      "RequestHeaders": {
        "Accept": "application/xml",
        "Authorization": "Sanitized",
        "traceparent": "00-b244d88922549f4192577c0a2ffc5a44-b8c29511af9e6447-00",
        "User-Agent": [
          "azsdk-net-Storage.Blobs/12.9.0-alpha.20210217.1",
          "(.NET 5.0.3; Microsoft Windows 10.0.19042)"
        ],
        "x-ms-blob-public-access": "container",
        "x-ms-client-request-id": "e589e590-f57f-39b3-4e18-5c1e4ba36d9c",
        "x-ms-date": "Wed, 17 Feb 2021 19:45:58 GMT",
        "x-ms-return-client-request-id": "true",
         "x-ms-version": "2020-08-04"
      },
      "RequestBody": null,
      "StatusCode": 201,
      "ResponseHeaders": {
        "Content-Length": "0",
        "Date": "Wed, 17 Feb 2021 19:45:58 GMT",
        "ETag": "\u00220x8D8D37CA61C03B4\u0022",
        "Last-Modified": "Wed, 17 Feb 2021 19:45:58 GMT",
        "Server": [
          "Windows-Azure-Blob/1.0",
          "Microsoft-HTTPAPI/2.0"
        ],
        "x-ms-client-request-id": "e589e590-f57f-39b3-4e18-5c1e4ba36d9c",
        "x-ms-request-id": "f830ebf1-601e-006f-5065-05d031000000",
         "x-ms-version": "2020-08-04"
      },
      "ResponseBody": []
    },
    {
      "RequestUri": "https://seanmcccanary3.blob.core.windows.net/test-container-9e9fb44d-e3ac-5583-1dae-b7bacbd02815/test-blob-5ca69fd5-1442-729e-cb6e-f63118a4fcaa",
      "RequestMethod": "PUT",
      "RequestHeaders": {
        "Accept": "application/xml",
        "Authorization": "Sanitized",
        "traceparent": "00-3cd778041ebd8e44a50278d658c4a0c8-5efc6c357432994c-00",
        "User-Agent": [
          "azsdk-net-Storage.Blobs/12.9.0-alpha.20210217.1",
          "(.NET 5.0.3; Microsoft Windows 10.0.19042)"
        ],
        "x-ms-blob-type": "AppendBlob",
        "x-ms-client-request-id": "ba092e0d-5ccc-7c22-4617-1910fe8120aa",
        "x-ms-date": "Wed, 17 Feb 2021 19:45:58 GMT",
        "x-ms-return-client-request-id": "true",
         "x-ms-version": "2020-08-04"
      },
      "RequestBody": null,
      "StatusCode": 201,
      "ResponseHeaders": {
        "Content-Length": "0",
        "Date": "Wed, 17 Feb 2021 19:45:58 GMT",
        "ETag": "\u00220x8D8D37CA624FBDF\u0022",
        "Last-Modified": "Wed, 17 Feb 2021 19:45:58 GMT",
        "Server": [
          "Windows-Azure-Blob/1.0",
          "Microsoft-HTTPAPI/2.0"
        ],
        "x-ms-client-request-id": "ba092e0d-5ccc-7c22-4617-1910fe8120aa",
        "x-ms-request-id": "f830ec00-601e-006f-5c65-05d031000000",
        "x-ms-request-server-encrypted": "true",
         "x-ms-version": "2020-08-04",
        "x-ms-version-id": "2021-02-17T19:45:58.9772255Z"
      },
      "ResponseBody": []
    },
    {
      "RequestUri": "https://seanmcccanary3.blob.core.windows.net/test-container-9e9fb44d-e3ac-5583-1dae-b7bacbd02815/test-blob-5ca69fd5-1442-729e-cb6e-f63118a4fcaa",
      "RequestMethod": "HEAD",
      "RequestHeaders": {
        "Accept": "application/xml",
        "Authorization": "Sanitized",
        "traceparent": "00-3a409588431e04489ec3724a530e9d9a-8922fdb7d6cf8643-00",
        "User-Agent": [
          "azsdk-net-Storage.Blobs/12.9.0-alpha.20210217.1",
          "(.NET 5.0.3; Microsoft Windows 10.0.19042)"
        ],
        "x-ms-client-request-id": "e923f189-419b-9add-30ad-9e2f2986275c",
        "x-ms-date": "Wed, 17 Feb 2021 19:45:59 GMT",
        "x-ms-return-client-request-id": "true",
         "x-ms-version": "2020-08-04"
      },
      "RequestBody": null,
      "StatusCode": 200,
      "ResponseHeaders": {
        "Accept-Ranges": "bytes",
        "Content-Length": "0",
        "Content-Type": "application/octet-stream",
        "Date": "Wed, 17 Feb 2021 19:45:58 GMT",
        "ETag": "\u00220x8D8D37CA624FBDF\u0022",
        "Last-Modified": "Wed, 17 Feb 2021 19:45:58 GMT",
        "Server": [
          "Windows-Azure-Blob/1.0",
          "Microsoft-HTTPAPI/2.0"
        ],
        "x-ms-blob-committed-block-count": "0",
        "x-ms-blob-type": "AppendBlob",
        "x-ms-client-request-id": "e923f189-419b-9add-30ad-9e2f2986275c",
        "x-ms-creation-time": "Wed, 17 Feb 2021 19:45:58 GMT",
        "x-ms-is-current-version": "true",
        "x-ms-lease-state": "available",
        "x-ms-lease-status": "unlocked",
        "x-ms-request-id": "f830ec08-601e-006f-6465-05d031000000",
        "x-ms-server-encrypted": "true",
         "x-ms-version": "2020-08-04",
        "x-ms-version-id": "2021-02-17T19:45:58.9772255Z"
      },
      "ResponseBody": []
    },
    {
      "RequestUri": "https://seanmcccanary3.blob.core.windows.net/test-container-9e9fb44d-e3ac-5583-1dae-b7bacbd02815/test-blob-5ca69fd5-1442-729e-cb6e-f63118a4fcaa",
      "RequestMethod": "PUT",
      "RequestHeaders": {
        "Accept": "application/xml",
        "Authorization": "Sanitized",
        "If-None-Match": "0x8D8D37CA624FBDF",
        "traceparent": "00-ddd2610020a69e4f8ed1e2179a614dea-bc2cde64baf2ac4f-00",
        "User-Agent": [
          "azsdk-net-Storage.Blobs/12.9.0-alpha.20210217.1",
          "(.NET 5.0.3; Microsoft Windows 10.0.19042)"
        ],
        "x-ms-blob-type": "AppendBlob",
        "x-ms-client-request-id": "c78dd4da-e8cb-6825-8259-21e26e24285e",
        "x-ms-date": "Wed, 17 Feb 2021 19:45:59 GMT",
        "x-ms-return-client-request-id": "true",
         "x-ms-version": "2020-08-04"
      },
      "RequestBody": null,
      "StatusCode": 412,
      "ResponseHeaders": {
        "Content-Length": "252",
        "Content-Type": "application/xml",
        "Date": "Wed, 17 Feb 2021 19:45:58 GMT",
        "Server": [
          "Windows-Azure-Blob/1.0",
          "Microsoft-HTTPAPI/2.0"
        ],
        "x-ms-client-request-id": "c78dd4da-e8cb-6825-8259-21e26e24285e",
        "x-ms-error-code": "ConditionNotMet",
        "x-ms-request-id": "f830ec1f-601e-006f-7765-05d031000000",
         "x-ms-version": "2020-08-04"
      },
      "ResponseBody": [
        "\uFEFF\u003C?xml version=\u00221.0\u0022 encoding=\u0022utf-8\u0022?\u003E\u003CError\u003E\u003CCode\u003EConditionNotMet\u003C/Code\u003E\u003CMessage\u003EThe condition specified using HTTP conditional header(s) is not met.\n",
        "RequestId:f830ec1f-601e-006f-7765-05d031000000\n",
        "Time:2021-02-17T19:45:59.0915679Z\u003C/Message\u003E\u003C/Error\u003E"
      ]
    },
    {
      "RequestUri": "https://seanmcccanary3.blob.core.windows.net/test-container-9e9fb44d-e3ac-5583-1dae-b7bacbd02815?restype=container",
      "RequestMethod": "DELETE",
      "RequestHeaders": {
        "Accept": "application/xml",
        "Authorization": "Sanitized",
        "traceparent": "00-c0f3d824bef3fc478ce9bac9b7ac8b72-85068e56e22b5d45-00",
        "User-Agent": [
          "azsdk-net-Storage.Blobs/12.9.0-alpha.20210217.1",
          "(.NET 5.0.3; Microsoft Windows 10.0.19042)"
        ],
        "x-ms-client-request-id": "f6d36e68-2614-9dbf-b40e-2ef1bdbe204e",
        "x-ms-date": "Wed, 17 Feb 2021 19:45:59 GMT",
        "x-ms-return-client-request-id": "true",
         "x-ms-version": "2020-08-04"
      },
      "RequestBody": null,
      "StatusCode": 202,
      "ResponseHeaders": {
        "Content-Length": "0",
        "Date": "Wed, 17 Feb 2021 19:45:58 GMT",
        "Server": [
          "Windows-Azure-Blob/1.0",
          "Microsoft-HTTPAPI/2.0"
        ],
        "x-ms-client-request-id": "f6d36e68-2614-9dbf-b40e-2ef1bdbe204e",
        "x-ms-request-id": "f830ec32-601e-006f-0765-05d031000000",
         "x-ms-version": "2020-08-04"
      },
      "ResponseBody": []
    },
    {
      "RequestUri": "https://seanmcccanary3.blob.core.windows.net/test-container-a6ebb9fa-27c0-4aea-43d2-36adbd185784?restype=container",
      "RequestMethod": "PUT",
      "RequestHeaders": {
        "Accept": "application/xml",
        "Authorization": "Sanitized",
        "traceparent": "00-55bdf2d8a48b94489e14d2321df69c70-f962f2e03e58924e-00",
        "User-Agent": [
          "azsdk-net-Storage.Blobs/12.9.0-alpha.20210217.1",
          "(.NET 5.0.3; Microsoft Windows 10.0.19042)"
        ],
        "x-ms-blob-public-access": "container",
        "x-ms-client-request-id": "5712ddfd-7312-403d-8389-b342ef11e09b",
        "x-ms-date": "Wed, 17 Feb 2021 19:45:59 GMT",
        "x-ms-return-client-request-id": "true",
         "x-ms-version": "2020-08-04"
      },
      "RequestBody": null,
      "StatusCode": 201,
      "ResponseHeaders": {
        "Content-Length": "0",
        "Date": "Wed, 17 Feb 2021 19:45:59 GMT",
        "ETag": "\u00220x8D8D37CA669A1BB\u0022",
        "Last-Modified": "Wed, 17 Feb 2021 19:45:59 GMT",
        "Server": [
          "Windows-Azure-Blob/1.0",
          "Microsoft-HTTPAPI/2.0"
        ],
        "x-ms-client-request-id": "5712ddfd-7312-403d-8389-b342ef11e09b",
        "x-ms-request-id": "82fbf1a6-a01e-0012-5465-05a112000000",
         "x-ms-version": "2020-08-04"
      },
      "ResponseBody": []
    },
    {
      "RequestUri": "https://seanmcccanary3.blob.core.windows.net/test-container-a6ebb9fa-27c0-4aea-43d2-36adbd185784/test-blob-9ab2aab7-2044-c7fd-6f76-ffc0cbd4e9a3",
      "RequestMethod": "PUT",
      "RequestHeaders": {
        "Accept": "application/xml",
        "Authorization": "Sanitized",
        "traceparent": "00-602d7c53ea22b6428c1c01fadf6f3f6e-8b53aacc4e923546-00",
        "User-Agent": [
          "azsdk-net-Storage.Blobs/12.9.0-alpha.20210217.1",
          "(.NET 5.0.3; Microsoft Windows 10.0.19042)"
        ],
        "x-ms-blob-type": "AppendBlob",
        "x-ms-client-request-id": "b65ec01f-64ed-dc8d-e04a-e79c737c74af",
        "x-ms-date": "Wed, 17 Feb 2021 19:45:59 GMT",
        "x-ms-return-client-request-id": "true",
         "x-ms-version": "2020-08-04"
      },
      "RequestBody": null,
      "StatusCode": 201,
      "ResponseHeaders": {
        "Content-Length": "0",
        "Date": "Wed, 17 Feb 2021 19:45:59 GMT",
        "ETag": "\u00220x8D8D37CA67610EF\u0022",
        "Last-Modified": "Wed, 17 Feb 2021 19:45:59 GMT",
        "Server": [
          "Windows-Azure-Blob/1.0",
          "Microsoft-HTTPAPI/2.0"
        ],
        "x-ms-client-request-id": "b65ec01f-64ed-dc8d-e04a-e79c737c74af",
        "x-ms-request-id": "82fbf1bc-a01e-0012-6565-05a112000000",
        "x-ms-request-server-encrypted": "true",
         "x-ms-version": "2020-08-04",
        "x-ms-version-id": "2021-02-17T19:45:59.5086063Z"
      },
      "ResponseBody": []
    },
    {
      "RequestUri": "https://seanmcccanary3.blob.core.windows.net/test-container-a6ebb9fa-27c0-4aea-43d2-36adbd185784/test-blob-9ab2aab7-2044-c7fd-6f76-ffc0cbd4e9a3",
      "RequestMethod": "PUT",
      "RequestHeaders": {
        "Accept": "application/xml",
        "Authorization": "Sanitized",
        "traceparent": "00-c39418fb1694e44fa75b4935b620d35a-74dd692a35079a4f-00",
        "User-Agent": [
          "azsdk-net-Storage.Blobs/12.9.0-alpha.20210217.1",
          "(.NET 5.0.3; Microsoft Windows 10.0.19042)"
        ],
        "x-ms-blob-type": "AppendBlob",
        "x-ms-client-request-id": "ffd3d66f-18bb-57d4-69c4-cd277099fb33",
        "x-ms-date": "Wed, 17 Feb 2021 19:45:59 GMT",
        "x-ms-lease-id": "d564293c-9964-6c03-c115-d8534ddcbd57",
        "x-ms-return-client-request-id": "true",
         "x-ms-version": "2020-08-04"
      },
      "RequestBody": null,
      "StatusCode": 412,
      "ResponseHeaders": {
        "Content-Length": "241",
        "Content-Type": "application/xml",
        "Date": "Wed, 17 Feb 2021 19:45:59 GMT",
        "Server": [
          "Windows-Azure-Blob/1.0",
          "Microsoft-HTTPAPI/2.0"
        ],
        "x-ms-client-request-id": "ffd3d66f-18bb-57d4-69c4-cd277099fb33",
        "x-ms-error-code": "LeaseNotPresentWithBlobOperation",
        "x-ms-request-id": "82fbf1c5-a01e-0012-6e65-05a112000000",
         "x-ms-version": "2020-08-04"
      },
      "ResponseBody": [
        "\uFEFF\u003C?xml version=\u00221.0\u0022 encoding=\u0022utf-8\u0022?\u003E\u003CError\u003E\u003CCode\u003ELeaseNotPresentWithBlobOperation\u003C/Code\u003E\u003CMessage\u003EThere is currently no lease on the blob.\n",
        "RequestId:82fbf1c5-a01e-0012-6e65-05a112000000\n",
        "Time:2021-02-17T19:45:59.5762215Z\u003C/Message\u003E\u003C/Error\u003E"
      ]
    },
    {
      "RequestUri": "https://seanmcccanary3.blob.core.windows.net/test-container-a6ebb9fa-27c0-4aea-43d2-36adbd185784?restype=container",
      "RequestMethod": "DELETE",
      "RequestHeaders": {
        "Accept": "application/xml",
        "Authorization": "Sanitized",
        "traceparent": "00-afea27de89a39246a7fc9517a112a9b7-c50038764a336b45-00",
        "User-Agent": [
          "azsdk-net-Storage.Blobs/12.9.0-alpha.20210217.1",
          "(.NET 5.0.3; Microsoft Windows 10.0.19042)"
        ],
        "x-ms-client-request-id": "b4ff586d-018d-9dd9-648e-4b47d60dd7ce",
        "x-ms-date": "Wed, 17 Feb 2021 19:45:59 GMT",
        "x-ms-return-client-request-id": "true",
         "x-ms-version": "2020-08-04"
      },
      "RequestBody": null,
      "StatusCode": 202,
      "ResponseHeaders": {
        "Content-Length": "0",
        "Date": "Wed, 17 Feb 2021 19:45:59 GMT",
        "Server": [
          "Windows-Azure-Blob/1.0",
          "Microsoft-HTTPAPI/2.0"
        ],
        "x-ms-client-request-id": "b4ff586d-018d-9dd9-648e-4b47d60dd7ce",
        "x-ms-request-id": "82fbf1d6-a01e-0012-7e65-05a112000000",
         "x-ms-version": "2020-08-04"
      },
      "ResponseBody": []
    }
  ],
  "Variables": {
    "DateTimeOffsetNow": "2021-02-17T13:45:57.4790177-06:00",
    "RandomSeed": "389215575",
    "Storage_TestConfigDefault": "ProductionTenant\nseanmcccanary3\nU2FuaXRpemVk\nhttps://seanmcccanary3.blob.core.windows.net\nhttps://seanmcccanary3.file.core.windows.net\nhttps://seanmcccanary3.queue.core.windows.net\nhttps://seanmcccanary3.table.core.windows.net\n\n\n\n\nhttps://seanmcccanary3-secondary.blob.core.windows.net\nhttps://seanmcccanary3-secondary.file.core.windows.net\nhttps://seanmcccanary3-secondary.queue.core.windows.net\nhttps://seanmcccanary3-secondary.table.core.windows.net\n\nSanitized\n\n\nCloud\nBlobEndpoint=https://seanmcccanary3.blob.core.windows.net/;QueueEndpoint=https://seanmcccanary3.queue.core.windows.net/;FileEndpoint=https://seanmcccanary3.file.core.windows.net/;BlobSecondaryEndpoint=https://seanmcccanary3-secondary.blob.core.windows.net/;QueueSecondaryEndpoint=https://seanmcccanary3-secondary.queue.core.windows.net/;FileSecondaryEndpoint=https://seanmcccanary3-secondary.file.core.windows.net/;AccountName=seanmcccanary3;AccountKey=Kg==;\nseanscope1"
  }
}