{
  "Entries": [
    {
      "RequestUri": "https://seanmcccanary3.blob.core.windows.net/test-container-f0a25da5-17ce-fa1a-6258-a5c08dd94aff?restype=container",
      "RequestMethod": "PUT",
      "RequestHeaders": {
        "Accept": "application/xml",
        "Authorization": "Sanitized",
        "traceparent": "00-cc9e5bb51b9ad9468bbaf2633e999b69-1485e9fdd9dfec4b-00",
        "User-Agent": [
          "azsdk-net-Storage.Blobs/12.9.0-alpha.20210414.1",
          "(.NET 5.0.5; Microsoft Windows 10.0.19042)"
        ],
        "x-ms-blob-public-access": "container",
        "x-ms-client-request-id": "c9b8128e-339e-be3e-7ae2-894765d68720",
        "x-ms-date": "Wed, 14 Apr 2021 19:10:36 GMT",
        "x-ms-return-client-request-id": "true",
        "x-ms-version": "2021-04-10"
      },
      "RequestBody": null,
      "StatusCode": 201,
      "ResponseHeaders": {
        "Content-Length": "0",
        "Date": "Wed, 14 Apr 2021 19:10:36 GMT",
        "ETag": "\"0x8D8FF78FCC439BE\"",
        "Last-Modified": "Wed, 14 Apr 2021 19:10:37 GMT",
        "Server": [
          "Windows-Azure-Blob/1.0",
          "Microsoft-HTTPAPI/2.0"
        ],
        "x-ms-client-request-id": "c9b8128e-339e-be3e-7ae2-894765d68720",
        "x-ms-request-id": "1e11e8ec-801e-0048-3461-31c7f5000000",
        "x-ms-version": "2021-04-10"
      },
      "ResponseBody": []
    },
    {
      "RequestUri": "https://seanmcccanary3.blob.core.windows.net/test-container-f0a25da5-17ce-fa1a-6258-a5c08dd94aff/test-blob-49cf76b2-299c-c6e0-a6da-557c6aa0f8f6",
      "RequestMethod": "PUT",
      "RequestHeaders": {
        "Accept": "application/xml",
        "Authorization": "Sanitized",
        "traceparent": "00-e176167e01fd6848babe9d1e435fef79-22b243585fc74d49-00",
        "User-Agent": [
          "azsdk-net-Storage.Blobs/12.9.0-alpha.20210414.1",
          "(.NET 5.0.5; Microsoft Windows 10.0.19042)"
        ],
        "x-ms-blob-type": "AppendBlob",
        "x-ms-client-request-id": "8bc78ccb-ed9c-6514-31f1-22c3dec154da",
        "x-ms-date": "Wed, 14 Apr 2021 19:10:37 GMT",
        "x-ms-encryption-scope": "seanscope1",
        "x-ms-return-client-request-id": "true",
        "x-ms-version": "2021-04-10"
      },
      "RequestBody": null,
      "StatusCode": 201,
      "ResponseHeaders": {
        "Content-Length": "0",
        "Date": "Wed, 14 Apr 2021 19:10:37 GMT",
        "ETag": "\"0x8D8FF78FCD03237\"",
        "Last-Modified": "Wed, 14 Apr 2021 19:10:37 GMT",
        "Server": [
          "Windows-Azure-Blob/1.0",
          "Microsoft-HTTPAPI/2.0"
        ],
        "x-ms-client-request-id": "8bc78ccb-ed9c-6514-31f1-22c3dec154da",
        "x-ms-encryption-scope": "seanscope1",
        "x-ms-request-id": "1e11e907-801e-0048-4961-31c7f5000000",
        "x-ms-request-server-encrypted": "true",
        "x-ms-version": "2021-04-10",
        "x-ms-version-id": "2021-04-14T19:10:37.5596368Z"
      },
      "ResponseBody": []
    },
    {
      "RequestUri": "https://seanmcccanary3.blob.core.windows.net/test-container-f0a25da5-17ce-fa1a-6258-a5c08dd94aff/test-blob-49cf76b2-299c-c6e0-a6da-557c6aa0f8f6?comp=metadata",
      "RequestMethod": "PUT",
      "RequestHeaders": {
        "Accept": "application/xml",
        "Authorization": "Sanitized",
        "traceparent": "00-b4087ced6304254a81f7383b9ce01161-f215d9e85b22254d-00",
        "User-Agent": [
          "azsdk-net-Storage.Blobs/12.9.0-alpha.20210414.1",
          "(.NET 5.0.5; Microsoft Windows 10.0.19042)"
        ],
        "x-ms-client-request-id": "deb09078-6cd9-3459-e0cb-482e5e9d9506",
        "x-ms-date": "Wed, 14 Apr 2021 19:10:37 GMT",
        "x-ms-meta-Capital": "letter",
        "x-ms-meta-foo": "bar",
        "x-ms-meta-meta": "data",
        "x-ms-meta-UPPER": "case",
        "x-ms-return-client-request-id": "true",
        "x-ms-version": "2021-04-10"
      },
      "RequestBody": null,
      "StatusCode": 409,
      "ResponseHeaders": {
        "Content-Length": "301",
        "Content-Type": "application/xml",
        "Date": "Wed, 14 Apr 2021 19:10:37 GMT",
        "Server": [
          "Windows-Azure-Blob/1.0",
          "Microsoft-HTTPAPI/2.0"
        ],
        "x-ms-client-request-id": "deb09078-6cd9-3459-e0cb-482e5e9d9506",
        "x-ms-error-code": "BlobUsesCustomerSpecifiedEncryption",
        "x-ms-request-id": "1e11e92c-801e-0048-6d61-31c7f5000000",
        "x-ms-version": "2021-04-10"
      },
      "ResponseBody": [
        "﻿<?xml version=\"1.0\" encoding=\"utf-8\"?><Error><Code>BlobUsesCustomerSpecifiedEncryption</Code><Message>The blob is encrypted with customer specified encryption, but it was not provided in the request.\n",
        "RequestId:1e11e92c-801e-0048-6d61-31c7f5000000\n",
        "Time:2021-04-14T19:10:37.6392972Z</Message></Error>"
      ]
    },
    {
      "RequestUri": "https://seanmcccanary3.blob.core.windows.net/test-container-f0a25da5-17ce-fa1a-6258-a5c08dd94aff?restype=container",
      "RequestMethod": "DELETE",
      "RequestHeaders": {
        "Accept": "application/xml",
        "Authorization": "Sanitized",
        "traceparent": "00-9777e21c6eb36e428dd436ce2520d89d-7aa98af0c2d36c4f-00",
        "User-Agent": [
          "azsdk-net-Storage.Blobs/12.9.0-alpha.20210414.1",
          "(.NET 5.0.5; Microsoft Windows 10.0.19042)"
        ],
        "x-ms-client-request-id": "4e4bea80-7511-7c01-39f1-91d8c3d1d377",
        "x-ms-date": "Wed, 14 Apr 2021 19:10:37 GMT",
        "x-ms-return-client-request-id": "true",
        "x-ms-version": "2021-04-10"
      },
      "RequestBody": null,
      "StatusCode": 202,
      "ResponseHeaders": {
        "Content-Length": "0",
        "Date": "Wed, 14 Apr 2021 19:10:37 GMT",
        "Server": [
          "Windows-Azure-Blob/1.0",
          "Microsoft-HTTPAPI/2.0"
        ],
        "x-ms-client-request-id": "4e4bea80-7511-7c01-39f1-91d8c3d1d377",
        "x-ms-request-id": "1e11e942-801e-0048-8061-31c7f5000000",
        "x-ms-version": "2021-04-10"
      },
      "ResponseBody": []
    }
  ],
  "Variables": {
    "RandomSeed": "465330018",
    "Storage_TestConfigDefault": "ProductionTenant\nseanmcccanary3\nU2FuaXRpemVk\nhttps://seanmcccanary3.blob.core.windows.net\nhttps://seanmcccanary3.file.core.windows.net\nhttps://seanmcccanary3.queue.core.windows.net\nhttps://seanmcccanary3.table.core.windows.net\n\n\n\n\nhttps://seanmcccanary3-secondary.blob.core.windows.net\nhttps://seanmcccanary3-secondary.file.core.windows.net\nhttps://seanmcccanary3-secondary.queue.core.windows.net\nhttps://seanmcccanary3-secondary.table.core.windows.net\n68390a19-a643-458b-b726-408abf67b4fc\nSanitized\n72f988bf-86f1-41af-91ab-2d7cd011db47\nhttps://login.microsoftonline.com/\nCloud\nBlobEndpoint=https://seanmcccanary3.blob.core.windows.net/;QueueEndpoint=https://seanmcccanary3.queue.core.windows.net/;FileEndpoint=https://seanmcccanary3.file.core.windows.net/;BlobSecondaryEndpoint=https://seanmcccanary3-secondary.blob.core.windows.net/;QueueSecondaryEndpoint=https://seanmcccanary3-secondary.queue.core.windows.net/;FileSecondaryEndpoint=https://seanmcccanary3-secondary.file.core.windows.net/;AccountName=seanmcccanary3;AccountKey=Kg==;\nseanscope1\n\n"
  }
}