{
  "Entries": [
    {
      "RequestUri": "/luis/authoring/v3.0-preview/apps/6c859d36-47a0-4dd9-a2ab-7817e211646b/versions/0.1/phraselists",
      "EncodedRequestUri": "L2x1aXMvYXV0aG9yaW5nL3YzLjAtcHJldmlldy9hcHBzLzZjODU5ZDM2LTQ3YTAtNGRkOS1hMmFiLTc4MTdlMjExNjQ2Yi92ZXJzaW9ucy8wLjEvcGhyYXNlbGlzdHM=",
      "RequestMethod": "POST",
      "RequestBody": "{\r\n  \"phrases\": \"monday,tuesday,wednesday,thursday,friday,saturday,sunday\",\r\n  \"name\": \"DayOfWeek\",\r\n  \"isExchangeable\": true\r\n}",
      "RequestHeaders": {
        "Ocp-Apim-Subscription-Key": [
          "120f721e60454544a884022b1bc988a5"
        ],
        "User-Agent": [
          "FxVersion/4.6.27817.01",
          "OSName/Windows",
          "OSVersion/Microsoft.Windows.10.0.18363.",
          "Microsoft.Azure.CognitiveServices.Language.LUIS.Authoring.LUISAuthoringClient/3.8.0.0"
        ],
        "Content-Type": [
          "application/json; charset=utf-8"
        ],
        "Content-Length": [
          "128"
        ]
      },
      "ResponseHeaders": {
        "Cache-Control": [
          "no-store, proxy-revalidate, no-cache, max-age=0, private"
        ],
        "Pragma": [
          "no-cache"
        ],
        "Location": [
          "https://westus.api.cognitive.microsoft.com/luis/api/v3.0-preview/apps/6c859d36-47a0-4dd9-a2ab-7817e211646b/versions/0.1/phraselists/1859535"
        ],
        "Apim-Request-Id": [
          "e631827b-10cc-420b-afc8-4ef49b5d1dd7"
        ],
        "Request-Id": [
          "e631827b-10cc-420b-afc8-4ef49b5d1dd7"
        ],
        "Operation-Location": [
          "https://westus.api.cognitive.microsoft.com/luis/api/v3.0-preview/apps/6c859d36-47a0-4dd9-a2ab-7817e211646b/versions/0.1/phraselists/1859535"
        ],
        "Strict-Transport-Security": [
          "max-age=31536000; includeSubDomains; preload"
        ],
        "Request-Context": [
          "appId=cid-v1:26a3540d-a02a-4998-a060-715488fd769b"
        ],
        "X-Content-Type-Options": [
          "nosniff"
        ],
        "X-Frame-Options": [
          "SAMEORIGIN"
        ],
        "Date": [
          "Tue, 29 Oct 2019 13:24:01 GMT"
        ],
        "Content-Length": [
          "7"
        ],
        "Content-Type": [
          "application/json; charset=utf-8"
        ]
      },
      "ResponseBody": "1859535",
      "StatusCode": 201
    },
    {
      "RequestUri": "/luis/authoring/v3.0-preview/apps/6c859d36-47a0-4dd9-a2ab-7817e211646b/versions/0.1/phraselists/1859535",
      "EncodedRequestUri": "L2x1aXMvYXV0aG9yaW5nL3YzLjAtcHJldmlldy9hcHBzLzZjODU5ZDM2LTQ3YTAtNGRkOS1hMmFiLTc4MTdlMjExNjQ2Yi92ZXJzaW9ucy8wLjEvcGhyYXNlbGlzdHMvMTg1OTUzNQ==",
      "RequestMethod": "GET",
      "RequestBody": "",
      "RequestHeaders": {
        "Ocp-Apim-Subscription-Key": [
          "120f721e60454544a884022b1bc988a5"
        ],
        "User-Agent": [
          "FxVersion/4.6.27817.01",
          "OSName/Windows",
          "OSVersion/Microsoft.Windows.10.0.18363.",
          "Microsoft.Azure.CognitiveServices.Language.LUIS.Authoring.LUISAuthoringClient/3.8.0.0"
        ]
      },
      "ResponseHeaders": {
        "Cache-Control": [
          "no-store, proxy-revalidate, no-cache, max-age=0, private"
        ],
        "Pragma": [
          "no-cache"
        ],
        "Apim-Request-Id": [
          "d5aed37d-1cc0-4794-8762-e3477325f1ad"
        ],
        "Request-Id": [
          "d5aed37d-1cc0-4794-8762-e3477325f1ad"
        ],
        "Strict-Transport-Security": [
          "max-age=31536000; includeSubDomains; preload"
        ],
        "Request-Context": [
          "appId=cid-v1:26a3540d-a02a-4998-a060-715488fd769b"
        ],
        "X-Content-Type-Options": [
          "nosniff"
        ],
        "X-Frame-Options": [
          "SAMEORIGIN"
        ],
        "Date": [
          "Tue, 29 Oct 2019 13:24:01 GMT"
        ],
        "Content-Length": [
          "167"
        ],
        "Content-Type": [
          "application/json; charset=utf-8"
        ]
      },
      "ResponseBody": "{\r\n  \"id\": 1859535,\r\n  \"name\": \"DayOfWeek\",\r\n  \"phrases\": \"monday,tuesday,wednesday,thursday,friday,saturday,sunday\",\r\n  \"isExchangeable\": true,\r\n  \"isActive\": true,\r\n  \"enabledForAllModels\": true\r\n}",
      "StatusCode": 200
    },
    {
      "RequestUri": "/luis/authoring/v3.0-preview/apps/6c859d36-47a0-4dd9-a2ab-7817e211646b/versions/0.1/phraselists/1859535",
      "EncodedRequestUri": "L2x1aXMvYXV0aG9yaW5nL3YzLjAtcHJldmlldy9hcHBzLzZjODU5ZDM2LTQ3YTAtNGRkOS1hMmFiLTc4MTdlMjExNjQ2Yi92ZXJzaW9ucy8wLjEvcGhyYXNlbGlzdHMvMTg1OTUzNQ==",
      "RequestMethod": "DELETE",
      "RequestBody": "",
      "RequestHeaders": {
        "Ocp-Apim-Subscription-Key": [
          "120f721e60454544a884022b1bc988a5"
        ],
        "User-Agent": [
          "FxVersion/4.6.27817.01",
          "OSName/Windows",
          "OSVersion/Microsoft.Windows.10.0.18363.",
          "Microsoft.Azure.CognitiveServices.Language.LUIS.Authoring.LUISAuthoringClient/3.8.0.0"
        ]
      },
      "ResponseHeaders": {
        "Cache-Control": [
          "no-store, proxy-revalidate, no-cache, max-age=0, private"
        ],
        "Pragma": [
          "no-cache"
        ],
        "Apim-Request-Id": [
          "20747794-fd5d-433a-bdb9-790010a680fc"
        ],
        "Request-Id": [
          "20747794-fd5d-433a-bdb9-790010a680fc"
        ],
        "Strict-Transport-Security": [
          "max-age=31536000; includeSubDomains; preload"
        ],
        "Request-Context": [
          "appId=cid-v1:26a3540d-a02a-4998-a060-715488fd769b"
        ],
        "X-Content-Type-Options": [
          "nosniff"
        ],
        "X-Frame-Options": [
          "SAMEORIGIN"
        ],
        "Date": [
          "Tue, 29 Oct 2019 13:24:02 GMT"
        ],
        "Content-Length": [
          "51"
        ],
        "Content-Type": [
          "application/json; charset=utf-8"
        ]
      },
      "ResponseBody": "{\r\n  \"code\": \"Success\",\r\n  \"message\": \"Operation Successful\"\r\n}",
      "StatusCode": 200
    },
    {
      "RequestUri": "/luis/authoring/v3.0-preview/apps/6c859d36-47a0-4dd9-a2ab-7817e211646b/versions/0.1/phraselists?skip=0&take=100",
      "EncodedRequestUri": "L2x1aXMvYXV0aG9yaW5nL3YzLjAtcHJldmlldy9hcHBzLzZjODU5ZDM2LTQ3YTAtNGRkOS1hMmFiLTc4MTdlMjExNjQ2Yi92ZXJzaW9ucy8wLjEvcGhyYXNlbGlzdHM/c2tpcD0wJnRha2U9MTAw",
      "RequestMethod": "GET",
      "RequestBody": "",
      "RequestHeaders": {
        "Ocp-Apim-Subscription-Key": [
          "120f721e60454544a884022b1bc988a5"
        ],
        "User-Agent": [
          "FxVersion/4.6.27817.01",
          "OSName/Windows",
          "OSVersion/Microsoft.Windows.10.0.18363.",
          "Microsoft.Azure.CognitiveServices.Language.LUIS.Authoring.LUISAuthoringClient/3.8.0.0"
        ]
      },
      "ResponseHeaders": {
        "Cache-Control": [
          "no-store, proxy-revalidate, no-cache, max-age=0, private"
        ],
        "Pragma": [
          "no-cache"
        ],
        "Apim-Request-Id": [
          "f915a2a7-a127-4c1b-b798-2943bb683f84"
        ],
        "Request-Id": [
          "f915a2a7-a127-4c1b-b798-2943bb683f84"
        ],
        "Strict-Transport-Security": [
          "max-age=31536000; includeSubDomains; preload"
        ],
        "Request-Context": [
          "appId=cid-v1:26a3540d-a02a-4998-a060-715488fd769b"
        ],
        "X-Content-Type-Options": [
          "nosniff"
        ],
        "X-Frame-Options": [
          "SAMEORIGIN"
        ],
        "Date": [
          "Tue, 29 Oct 2019 13:24:02 GMT"
        ],
        "Content-Length": [
          "2"
        ],
        "Content-Type": [
          "application/json; charset=utf-8"
        ]
      },
      "ResponseBody": "[]",
      "StatusCode": 200
    }
  ],
  "Names": {},
  "Variables": {}
}