{
  "Entries": [
    {
      "RequestUri": "/luis/authoring/v3.0-preview/apps/57145764-300b-4640-a4ed-0289ad085e05/versions/0.1/phraselists",
      "EncodedRequestUri": "L2x1aXMvYXV0aG9yaW5nL3YzLjAtcHJldmlldy9hcHBzLzU3MTQ1NzY0LTMwMGItNDY0MC1hNGVkLTAyODlhZDA4NWUwNS92ZXJzaW9ucy8wLjEvcGhyYXNlbGlzdHM=",
      "RequestMethod": "POST",
      "RequestBody": "{\r\n  \"phrases\": \"monday,tuesday,wednesday,thursday,friday,saturday,sunday\",\r\n  \"name\": \"DayOfWeek\",\r\n  \"isExchangeable\": true\r\n}",
      "RequestHeaders": {
        "Ocp-Apim-Subscription-Key": [
          "507dfc3e5c29448e98fad6046cdee451"
        ],
        "User-Agent": [
          "FxVersion/4.6.28619.01",
          "OSName/Windows",
          "OSVersion/Microsoft.Windows.10.0.18363.",
          "Microsoft.Azure.CognitiveServices.Language.LUIS.Authoring.LUISAuthoringClient/3.2.0.0"
        ],
        "Content-Type": [
          "application/json; charset=utf-8"
        ],
        "Content-Length": [
          "128"
        ]
      },
      "ResponseHeaders": {
        "Cache-Control": [
          "no-store, proxy-revalidate, no-cache, max-age=0, private"
        ],
        "Pragma": [
          "no-cache"
        ],
        "Location": [
          "https://westus.api.cognitive.microsoft.com/luis/authoring/v3.0-preview/apps/57145764-300b-4640-a4ed-0289ad085e05/versions/0.1/phraselists/2188017"
        ],
        "Apim-Request-Id": [
          "2a67682b-d226-4e47-a7b4-3cead619f2f7"
        ],
        "Request-Id": [
          "2a67682b-d226-4e47-a7b4-3cead619f2f7"
        ],
        "Operation-Location": [
          "https://westus.api.cognitive.microsoft.com/luis/authoring/v3.0-preview/apps/57145764-300b-4640-a4ed-0289ad085e05/versions/0.1/phraselists/2188017"
        ],
        "Strict-Transport-Security": [
          "max-age=31536000; includeSubDomains; preload"
        ],
        "Request-Context": [
          "appId=cid-v1:26a3540d-a02a-4998-a060-715488fd769b"
        ],
        "X-Content-Type-Options": [
          "nosniff"
        ],
        "X-Frame-Options": [
          "SAMEORIGIN"
        ],
        "Date": [
          "Wed, 13 May 2020 15:43:39 GMT"
        ],
        "Content-Length": [
          "7"
        ],
        "Content-Type": [
          "application/json; charset=utf-8"
        ]
      },
      "ResponseBody": "2188017",
      "StatusCode": 201
    },
    {
      "RequestUri": "/luis/authoring/v3.0-preview/apps/57145764-300b-4640-a4ed-0289ad085e05/versions/0.1/phraselists?skip=0&take=100",
      "EncodedRequestUri": "L2x1aXMvYXV0aG9yaW5nL3YzLjAtcHJldmlldy9hcHBzLzU3MTQ1NzY0LTMwMGItNDY0MC1hNGVkLTAyODlhZDA4NWUwNS92ZXJzaW9ucy8wLjEvcGhyYXNlbGlzdHM/c2tpcD0wJnRha2U9MTAw",
      "RequestMethod": "GET",
      "RequestBody": "",
      "RequestHeaders": {
        "Ocp-Apim-Subscription-Key": [
          "507dfc3e5c29448e98fad6046cdee451"
        ],
        "User-Agent": [
          "FxVersion/4.6.28619.01",
          "OSName/Windows",
          "OSVersion/Microsoft.Windows.10.0.18363.",
          "Microsoft.Azure.CognitiveServices.Language.LUIS.Authoring.LUISAuthoringClient/3.2.0.0"
        ]
      },
      "ResponseHeaders": {
        "Cache-Control": [
          "no-store, proxy-revalidate, no-cache, max-age=0, private"
        ],
        "Pragma": [
          "no-cache"
        ],
        "Apim-Request-Id": [
          "0bf5468d-68c6-4ca9-a35b-798a8693d482"
        ],
        "Request-Id": [
          "0bf5468d-68c6-4ca9-a35b-798a8693d482"
        ],
        "Strict-Transport-Security": [
          "max-age=31536000; includeSubDomains; preload"
        ],
        "Request-Context": [
          "appId=cid-v1:26a3540d-a02a-4998-a060-715488fd769b"
        ],
        "X-Content-Type-Options": [
          "nosniff"
        ],
        "X-Frame-Options": [
          "SAMEORIGIN"
        ],
        "Date": [
          "Wed, 13 May 2020 15:43:39 GMT"
        ],
        "Content-Length": [
          "169"
        ],
        "Content-Type": [
          "application/json; charset=utf-8"
        ]
      },
      "ResponseBody": "[\r\n  {\r\n    \"id\": 2188017,\r\n    \"name\": \"DayOfWeek\",\r\n    \"phrases\": \"monday,tuesday,wednesday,thursday,friday,saturday,sunday\",\r\n    \"isExchangeable\": true,\r\n    \"isActive\": true,\r\n    \"enabledForAllModels\": true\r\n  }\r\n]",
      "StatusCode": 200
    },
    {
      "RequestUri": "/luis/authoring/v3.0-preview/apps/57145764-300b-4640-a4ed-0289ad085e05/versions/0.1/phraselists/2188017",
      "EncodedRequestUri": "L2x1aXMvYXV0aG9yaW5nL3YzLjAtcHJldmlldy9hcHBzLzU3MTQ1NzY0LTMwMGItNDY0MC1hNGVkLTAyODlhZDA4NWUwNS92ZXJzaW9ucy8wLjEvcGhyYXNlbGlzdHMvMjE4ODAxNw==",
      "RequestMethod": "DELETE",
      "RequestBody": "",
      "RequestHeaders": {
        "Ocp-Apim-Subscription-Key": [
          "507dfc3e5c29448e98fad6046cdee451"
        ],
        "User-Agent": [
          "FxVersion/4.6.28619.01",
          "OSName/Windows",
          "OSVersion/Microsoft.Windows.10.0.18363.",
          "Microsoft.Azure.CognitiveServices.Language.LUIS.Authoring.LUISAuthoringClient/3.2.0.0"
        ]
      },
      "ResponseHeaders": {
        "Cache-Control": [
          "no-store, proxy-revalidate, no-cache, max-age=0, private"
        ],
        "Pragma": [
          "no-cache"
        ],
        "Apim-Request-Id": [
          "92cacd39-bcd1-430c-85ac-04eba7f9c4f2"
        ],
        "Request-Id": [
          "92cacd39-bcd1-430c-85ac-04eba7f9c4f2"
        ],
        "Strict-Transport-Security": [
          "max-age=31536000; includeSubDomains; preload"
        ],
        "Request-Context": [
          "appId=cid-v1:26a3540d-a02a-4998-a060-715488fd769b"
        ],
        "X-Content-Type-Options": [
          "nosniff"
        ],
        "X-Frame-Options": [
          "SAMEORIGIN"
        ],
        "Date": [
          "Wed, 13 May 2020 15:43:40 GMT"
        ],
        "Content-Length": [
          "51"
        ],
        "Content-Type": [
          "application/json; charset=utf-8"
        ]
      },
      "ResponseBody": "{\r\n  \"code\": \"Success\",\r\n  \"message\": \"Operation Successful\"\r\n}",
      "StatusCode": 200
    }
  ],
  "Names": {},
  "Variables": {}
}