{
  "Entries": [
    {
      "RequestUri": "https://management.azure.com/subscriptions/326100e2-f69d-4268-8503-075374f62b6e?api-version=2021-01-01",
      "RequestMethod": "GET",
      "RequestHeaders": {
        "Accept": "application/json",
        "Authorization": "Sanitized",
        "traceparent": "00-21c122f1d4655b4a9ef9e8250d9ddc49-640c04bf7266fd43-00",
        "User-Agent": "azsdk-net-ResourceManager/1.3.2 (.NET Framework 4.8.9105.0; Microsoft Windows 10.0.19044 )",
        "x-ms-client-request-id": "7cae16b7e70e3844d08be16e024a68e9",
        "x-ms-return-client-request-id": "true"
      },
      "RequestBody": null,
      "StatusCode": 200,
      "ResponseHeaders": {
        "Cache-Control": "no-cache",
        "Content-Length": "460",
        "Content-Type": "application/json; charset=utf-8",
        "Date": "Thu, 22 Dec 2022 11:25:54 GMT",
        "Expires": "-1",
        "Pragma": "no-cache",
        "Strict-Transport-Security": "max-age=31536000; includeSubDomains",
        "X-Content-Type-Options": "nosniff",
        "x-ms-correlation-request-id": "acdb0d1f-8d56-4f7a-bd11-48cab2099cae",
        "x-ms-ratelimit-remaining-subscription-reads": "11991",
        "x-ms-request-id": "acdb0d1f-8d56-4f7a-bd11-48cab2099cae",
        "x-ms-routing-request-id": "SOUTHCENTRALUS:20221222T112554Z:acdb0d1f-8d56-4f7a-bd11-48cab2099cae"
      },
      "ResponseBody": {
        "id": "/subscriptions/326100e2-f69d-4268-8503-075374f62b6e",
        "authorizationSource": "RoleBased",
        "managedByTenants": [
          {
            "tenantId": "2f4a9838-26b7-47ee-be60-ccc1fdec5953"
          }
        ],
        "subscriptionId": "326100e2-f69d-4268-8503-075374f62b6e",
        "tenantId": "72f988bf-86f1-41af-91ab-2d7cd011db47",
        "displayName": "Azure Messaging PM Playground",
        "state": "Enabled",
        "subscriptionPolicies": {
          "locationPlacementId": "Internal_2014-09-01",
          "quotaId": "Internal_2014-09-01",
          "spendingLimit": "Off"
        }
      }
    },
    {
      "RequestUri": "https://management.azure.com/subscriptions/326100e2-f69d-4268-8503-075374f62b6e/resourcegroups/testeventhubRG-9405?api-version=2021-04-01",
      "RequestMethod": "PUT",
      "RequestHeaders": {
        "Accept": "application/json",
        "Authorization": "Sanitized",
        "Content-Length": "44",
        "Content-Type": "application/json",
        "traceparent": "00-0d5346c948866846aad10ba6661a86ac-5efbdcd5fdf18e4e-00",
        "User-Agent": "azsdk-net-ResourceManager/1.3.2 (.NET Framework 4.8.9105.0; Microsoft Windows 10.0.19044 )",
        "x-ms-client-request-id": "edb8d6f4f7ba2a9a928339c07e7044bd",
        "x-ms-return-client-request-id": "true"
      },
      "RequestBody": {
        "tags": {
          "test": "env"
        },
        "location": "eastus2"
      },
      "StatusCode": 201,
      "ResponseHeaders": {
        "Cache-Control": "no-cache",
        "Content-Length": "258",
        "Content-Type": "application/json; charset=utf-8",
        "Date": "Thu, 22 Dec 2022 11:25:55 GMT",
        "Expires": "-1",
        "Pragma": "no-cache",
        "Strict-Transport-Security": "max-age=31536000; includeSubDomains",
        "X-Content-Type-Options": "nosniff",
        "x-ms-correlation-request-id": "83d06611-f5a8-4838-9ce8-f56d8a36411b",
        "x-ms-ratelimit-remaining-subscription-writes": "1197",
        "x-ms-request-id": "83d06611-f5a8-4838-9ce8-f56d8a36411b",
        "x-ms-routing-request-id": "SOUTHCENTRALUS:20221222T112555Z:83d06611-f5a8-4838-9ce8-f56d8a36411b"
      },
      "ResponseBody": {
        "id": "/subscriptions/326100e2-f69d-4268-8503-075374f62b6e/resourceGroups/testeventhubRG-9405",
        "name": "testeventhubRG-9405",
        "type": "Microsoft.Resources/resourceGroups",
        "location": "eastus2",
        "tags": {
          "test": "env"
        },
        "properties": {
          "provisioningState": "Succeeded"
        }
      }
    },
    {
      "RequestUri": "https://management.azure.com/subscriptions/326100e2-f69d-4268-8503-075374f62b6e/providers/Microsoft.EventHub/checkNameAvailability?api-version=2022-01-01-preview",
      "RequestMethod": "POST",
      "RequestHeaders": {
        "Accept": "application/json",
        "Authorization": "Sanitized",
        "Content-Length": "33",
        "Content-Type": "application/json",
        "traceparent": "00-592774139900cf42b4a6f2de1cfb95ef-b83754cd77ddbe42-00",
        "User-Agent": "azsdk-net-ResourceManager.EventHubs/1.1.0-alpha.20221222.1 (.NET Framework 4.8.9105.0; Microsoft Windows 10.0.19044 )",
        "x-ms-client-request-id": "7df50d59af9be920f227bcbff36af26e",
        "x-ms-return-client-request-id": "true"
      },
      "RequestBody": {
        "name": "testnamespacemgmt23803"
      },
      "StatusCode": 200,
      "ResponseHeaders": {
        "Cache-Control": "no-cache",
        "Content-Length": "53",
        "Content-Type": "application/json; charset=utf-8",
        "Date": "Thu, 22 Dec 2022 11:25:55 GMT",
        "Expires": "-1",
        "Pragma": "no-cache",
        "Server": [
          "Service-Bus-Resource-Provider/SN1",
          "Microsoft-HTTPAPI/2.0"
        ],
        "Server-SB": "Service-Bus-Resource-Provider/SN1",
        "Strict-Transport-Security": "max-age=31536000; includeSubDomains",
        "X-Content-Type-Options": "nosniff",
        "x-ms-client-request-id": "7df50d59af9be920f227bcbff36af26e",
        "x-ms-correlation-request-id": "d998e7ec-dde3-4b08-a5c2-1fa42a69ba30",
        "x-ms-ratelimit-remaining-subscription-writes": "1199",
        "x-ms-request-id": "f69e860a-96db-4b60-aa77-1390e56678f9_M1SN1_M1SN1",
        "x-ms-routing-request-id": "SOUTHCENTRALUS:20221222T112556Z:d998e7ec-dde3-4b08-a5c2-1fa42a69ba30"
      },
      "ResponseBody": {
        "nameAvailable": true,
        "reason": "None",
        "message": null
      }
    },
    {
      "RequestUri": "https://management.azure.com/subscriptions/326100e2-f69d-4268-8503-075374f62b6e/resourceGroups/testeventhubRG-9405/providers/Microsoft.EventHub/namespaces/testnamespacemgmt23803?api-version=2022-01-01-preview",
      "RequestMethod": "PUT",
      "RequestHeaders": {
        "Accept": "application/json",
        "Authorization": "Sanitized",
        "Content-Length": "48",
        "Content-Type": "application/json",
        "traceparent": "00-569754bc2aa53e408ab873fadf477d32-1b80b405aa3af94e-00",
        "User-Agent": "azsdk-net-ResourceManager.EventHubs/1.1.0-alpha.20221222.1 (.NET Framework 4.8.9105.0; Microsoft Windows 10.0.19044 )",
        "x-ms-client-request-id": "55c81344fc2a141e527c640a77511a9c",
        "x-ms-return-client-request-id": "true"
      },
      "RequestBody": {
        "tags": {},
        "location": "eastus2",
        "properties": {}
      },
      "StatusCode": 200,
      "ResponseHeaders": {
        "Cache-Control": "no-cache",
        "Content-Length": "796",
        "Content-Type": "application/json; charset=utf-8",
        "Date": "Thu, 22 Dec 2022 11:25:57 GMT",
        "Expires": "-1",
        "Pragma": "no-cache",
        "Server": [
          "Service-Bus-Resource-Provider/SN1",
          "Microsoft-HTTPAPI/2.0"
        ],
        "Server-SB": "Service-Bus-Resource-Provider/SN1",
        "Strict-Transport-Security": "max-age=31536000; includeSubDomains",
        "X-Content-Type-Options": "nosniff",
        "x-ms-client-request-id": "55c81344fc2a141e527c640a77511a9c",
        "x-ms-correlation-request-id": "5dcb6018-7c76-4e2e-acd9-94b9fc7cfd34",
        "x-ms-ratelimit-remaining-subscription-resource-requests": "49",
        "x-ms-request-id": "26c6b448-93fd-40db-b139-832b110de9ea_M1SN1_M1SN1",
        "x-ms-routing-request-id": "SOUTHCENTRALUS:20221222T112557Z:5dcb6018-7c76-4e2e-acd9-94b9fc7cfd34"
      },
      "ResponseBody": {
        "sku": {
          "name": "Standard",
          "tier": "Standard",
          "capacity": 1
        },
        "id": "/subscriptions/326100e2-f69d-4268-8503-075374f62b6e/resourceGroups/testeventhubRG-9405/providers/Microsoft.EventHub/namespaces/testnamespacemgmt23803",
        "name": "testnamespacemgmt23803",
        "type": "Microsoft.EventHub/Namespaces",
        "location": "East US 2",
        "tags": {},
        "properties": {
          "minimumTlsVersion": "1.2",
          "publicNetworkAccess": "Enabled",
          "disableLocalAuth": false,
          "zoneRedundant": false,
          "isAutoInflateEnabled": false,
          "maximumThroughputUnits": 0,
          "kafkaEnabled": true,
          "provisioningState": "Created",
          "metricId": "326100e2-f69d-4268-8503-075374f62b6e:testnamespacemgmt23803",
          "createdAt": "2022-12-22T11:25:56.9Z",
          "updatedAt": "2022-12-22T11:25:56.9Z",
          "serviceBusEndpoint": "https://testnamespacemgmt23803.servicebus.windows.net:443/",
          "status": "Activating"
        }
      }
    },
    {
      "RequestUri": "https://management.azure.com/subscriptions/326100e2-f69d-4268-8503-075374f62b6e/resourceGroups/testeventhubRG-9405/providers/Microsoft.EventHub/namespaces/testnamespacemgmt23803?api-version=2022-01-01-preview",
      "RequestMethod": "GET",
      "RequestHeaders": {
        "Authorization": "Sanitized",
        "traceparent": "00-569754bc2aa53e408ab873fadf477d32-a0ba93c802bd994c-00",
        "User-Agent": "azsdk-net-ResourceManager/1.3.2 (.NET Framework 4.8.9105.0; Microsoft Windows 10.0.19044 )",
        "x-ms-client-request-id": "5c3a5146687c5ca6efe02a1f4a1571a0",
        "x-ms-return-client-request-id": "true"
      },
      "RequestBody": null,
      "StatusCode": 200,
      "ResponseHeaders": {
        "Cache-Control": "no-cache",
        "Content-Length": "796",
        "Content-Type": "application/json; charset=utf-8",
        "Date": "Thu, 22 Dec 2022 11:25:57 GMT",
        "Expires": "-1",
        "Pragma": "no-cache",
        "Server": [
          "Service-Bus-Resource-Provider/SN1",
          "Microsoft-HTTPAPI/2.0"
        ],
        "Server-SB": "Service-Bus-Resource-Provider/SN1",
        "Strict-Transport-Security": "max-age=31536000; includeSubDomains",
        "X-Content-Type-Options": "nosniff",
        "x-ms-client-request-id": "5c3a5146687c5ca6efe02a1f4a1571a0",
        "x-ms-correlation-request-id": "13eb685d-a405-40a3-b8b5-04c33efabd05",
        "x-ms-ratelimit-remaining-subscription-reads": "11990",
        "x-ms-request-id": "8b47ed5c-28a8-4739-a073-fd9deb72678b_M1SN1_M1SN1",
        "x-ms-routing-request-id": "SOUTHCENTRALUS:20221222T112557Z:13eb685d-a405-40a3-b8b5-04c33efabd05"
      },
      "ResponseBody": {
        "sku": {
          "name": "Standard",
          "tier": "Standard",
          "capacity": 1
        },
        "id": "/subscriptions/326100e2-f69d-4268-8503-075374f62b6e/resourceGroups/testeventhubRG-9405/providers/Microsoft.EventHub/namespaces/testnamespacemgmt23803",
        "name": "testnamespacemgmt23803",
        "type": "Microsoft.EventHub/Namespaces",
        "location": "East US 2",
        "tags": {},
        "properties": {
          "minimumTlsVersion": "1.2",
          "publicNetworkAccess": "Enabled",
          "disableLocalAuth": false,
          "zoneRedundant": false,
          "isAutoInflateEnabled": false,
          "maximumThroughputUnits": 0,
          "kafkaEnabled": true,
          "provisioningState": "Created",
          "metricId": "326100e2-f69d-4268-8503-075374f62b6e:testnamespacemgmt23803",
          "createdAt": "2022-12-22T11:25:56.9Z",
          "updatedAt": "2022-12-22T11:25:56.9Z",
          "serviceBusEndpoint": "https://testnamespacemgmt23803.servicebus.windows.net:443/",
          "status": "Activating"
        }
      }
    },
    {
      "RequestUri": "https://management.azure.com/subscriptions/326100e2-f69d-4268-8503-075374f62b6e/resourceGroups/testeventhubRG-9405/providers/Microsoft.EventHub/namespaces/testnamespacemgmt23803?api-version=2022-01-01-preview",
      "RequestMethod": "GET",
      "RequestHeaders": {
        "Authorization": "Sanitized",
        "traceparent": "00-569754bc2aa53e408ab873fadf477d32-26b2c2e6747dab43-00",
        "User-Agent": "azsdk-net-ResourceManager/1.3.2 (.NET Framework 4.8.9105.0; Microsoft Windows 10.0.19044 )",
        "x-ms-client-request-id": "c20e200d9779d77bbba0bc26344e37e7",
        "x-ms-return-client-request-id": "true"
      },
      "RequestBody": null,
      "StatusCode": 200,
      "ResponseHeaders": {
        "Cache-Control": "no-cache",
        "Content-Length": "796",
        "Content-Type": "application/json; charset=utf-8",
        "Date": "Thu, 22 Dec 2022 11:25:58 GMT",
        "Expires": "-1",
        "Pragma": "no-cache",
        "Server": [
          "Service-Bus-Resource-Provider/SN1",
          "Microsoft-HTTPAPI/2.0"
        ],
        "Server-SB": "Service-Bus-Resource-Provider/SN1",
        "Strict-Transport-Security": "max-age=31536000; includeSubDomains",
        "X-Content-Type-Options": "nosniff",
        "x-ms-client-request-id": "c20e200d9779d77bbba0bc26344e37e7",
        "x-ms-correlation-request-id": "5198f752-d504-44a6-837e-7e06c6cd9dca",
        "x-ms-ratelimit-remaining-subscription-reads": "11989",
        "x-ms-request-id": "bd2b15c3-67c5-4ad2-ab5d-998665b90978_M1SN1_M1SN1",
        "x-ms-routing-request-id": "SOUTHCENTRALUS:20221222T112558Z:5198f752-d504-44a6-837e-7e06c6cd9dca"
      },
      "ResponseBody": {
        "sku": {
          "name": "Standard",
          "tier": "Standard",
          "capacity": 1
        },
        "id": "/subscriptions/326100e2-f69d-4268-8503-075374f62b6e/resourceGroups/testeventhubRG-9405/providers/Microsoft.EventHub/namespaces/testnamespacemgmt23803",
        "name": "testnamespacemgmt23803",
        "type": "Microsoft.EventHub/Namespaces",
        "location": "East US 2",
        "tags": {},
        "properties": {
          "minimumTlsVersion": "1.2",
          "publicNetworkAccess": "Enabled",
          "disableLocalAuth": false,
          "zoneRedundant": false,
          "isAutoInflateEnabled": false,
          "maximumThroughputUnits": 0,
          "kafkaEnabled": true,
          "provisioningState": "Created",
          "metricId": "326100e2-f69d-4268-8503-075374f62b6e:testnamespacemgmt23803",
          "createdAt": "2022-12-22T11:25:56.9Z",
          "updatedAt": "2022-12-22T11:25:56.9Z",
          "serviceBusEndpoint": "https://testnamespacemgmt23803.servicebus.windows.net:443/",
          "status": "Activating"
        }
      }
    },
    {
      "RequestUri": "https://management.azure.com/subscriptions/326100e2-f69d-4268-8503-075374f62b6e/resourceGroups/testeventhubRG-9405/providers/Microsoft.EventHub/namespaces/testnamespacemgmt23803?api-version=2022-01-01-preview",
      "RequestMethod": "GET",
      "RequestHeaders": {
        "Authorization": "Sanitized",
        "traceparent": "00-569754bc2aa53e408ab873fadf477d32-d1286c0c3b702546-00",
        "User-Agent": "azsdk-net-ResourceManager/1.3.2 (.NET Framework 4.8.9105.0; Microsoft Windows 10.0.19044 )",
        "x-ms-client-request-id": "25c44bddbd1748208b936b124238dd82",
        "x-ms-return-client-request-id": "true"
      },
      "RequestBody": null,
      "StatusCode": 200,
      "ResponseHeaders": {
        "Cache-Control": "no-cache",
        "Content-Length": "796",
        "Content-Type": "application/json; charset=utf-8",
        "Date": "Thu, 22 Dec 2022 11:25:59 GMT",
        "Expires": "-1",
        "Pragma": "no-cache",
        "Server": [
          "Service-Bus-Resource-Provider/SN1",
          "Microsoft-HTTPAPI/2.0"
        ],
        "Server-SB": "Service-Bus-Resource-Provider/SN1",
        "Strict-Transport-Security": "max-age=31536000; includeSubDomains",
        "X-Content-Type-Options": "nosniff",
        "x-ms-client-request-id": "25c44bddbd1748208b936b124238dd82",
        "x-ms-correlation-request-id": "7565900a-18e1-4bec-814f-0b017b0e4abc",
        "x-ms-ratelimit-remaining-subscription-reads": "11988",
        "x-ms-request-id": "2dcacaff-9d38-4ef2-ae71-37983785d78f_M1SN1_M1SN1",
        "x-ms-routing-request-id": "SOUTHCENTRALUS:20221222T112600Z:7565900a-18e1-4bec-814f-0b017b0e4abc"
      },
      "ResponseBody": {
        "sku": {
          "name": "Standard",
          "tier": "Standard",
          "capacity": 1
        },
        "id": "/subscriptions/326100e2-f69d-4268-8503-075374f62b6e/resourceGroups/testeventhubRG-9405/providers/Microsoft.EventHub/namespaces/testnamespacemgmt23803",
        "name": "testnamespacemgmt23803",
        "type": "Microsoft.EventHub/Namespaces",
        "location": "East US 2",
        "tags": {},
        "properties": {
          "minimumTlsVersion": "1.2",
          "publicNetworkAccess": "Enabled",
          "disableLocalAuth": false,
          "zoneRedundant": false,
          "isAutoInflateEnabled": false,
          "maximumThroughputUnits": 0,
          "kafkaEnabled": true,
          "provisioningState": "Created",
          "metricId": "326100e2-f69d-4268-8503-075374f62b6e:testnamespacemgmt23803",
          "createdAt": "2022-12-22T11:25:56.9Z",
          "updatedAt": "2022-12-22T11:25:56.9Z",
          "serviceBusEndpoint": "https://testnamespacemgmt23803.servicebus.windows.net:443/",
          "status": "Activating"
        }
      }
    },
    {
      "RequestUri": "https://management.azure.com/subscriptions/326100e2-f69d-4268-8503-075374f62b6e/resourceGroups/testeventhubRG-9405/providers/Microsoft.EventHub/namespaces/testnamespacemgmt23803?api-version=2022-01-01-preview",
      "RequestMethod": "GET",
      "RequestHeaders": {
        "Authorization": "Sanitized",
        "traceparent": "00-569754bc2aa53e408ab873fadf477d32-f4b6c17f141b1b4c-00",
        "User-Agent": "azsdk-net-ResourceManager/1.3.2 (.NET Framework 4.8.9105.0; Microsoft Windows 10.0.19044 )",
        "x-ms-client-request-id": "bcc22892dc5cae9fd662a1dbab7f28a1",
        "x-ms-return-client-request-id": "true"
      },
      "RequestBody": null,
      "StatusCode": 200,
      "ResponseHeaders": {
        "Cache-Control": "no-cache",
        "Content-Length": "796",
        "Content-Type": "application/json; charset=utf-8",
        "Date": "Thu, 22 Dec 2022 11:26:00 GMT",
        "Expires": "-1",
        "Pragma": "no-cache",
        "Server": [
          "Service-Bus-Resource-Provider/SN1",
          "Microsoft-HTTPAPI/2.0"
        ],
        "Server-SB": "Service-Bus-Resource-Provider/SN1",
        "Strict-Transport-Security": "max-age=31536000; includeSubDomains",
        "X-Content-Type-Options": "nosniff",
        "x-ms-client-request-id": "bcc22892dc5cae9fd662a1dbab7f28a1",
        "x-ms-correlation-request-id": "02e5d878-d7f4-4539-b4d7-bc928c36a4fe",
        "x-ms-ratelimit-remaining-subscription-reads": "11987",
        "x-ms-request-id": "4ea4c5c9-5f03-4579-a325-145e4f3bb637_M1SN1_M1SN1",
        "x-ms-routing-request-id": "SOUTHCENTRALUS:20221222T112601Z:02e5d878-d7f4-4539-b4d7-bc928c36a4fe"
      },
      "ResponseBody": {
        "sku": {
          "name": "Standard",
          "tier": "Standard",
          "capacity": 1
        },
        "id": "/subscriptions/326100e2-f69d-4268-8503-075374f62b6e/resourceGroups/testeventhubRG-9405/providers/Microsoft.EventHub/namespaces/testnamespacemgmt23803",
        "name": "testnamespacemgmt23803",
        "type": "Microsoft.EventHub/Namespaces",
        "location": "East US 2",
        "tags": {},
        "properties": {
          "minimumTlsVersion": "1.2",
          "publicNetworkAccess": "Enabled",
          "disableLocalAuth": false,
          "zoneRedundant": false,
          "isAutoInflateEnabled": false,
          "maximumThroughputUnits": 0,
          "kafkaEnabled": true,
          "provisioningState": "Created",
          "metricId": "326100e2-f69d-4268-8503-075374f62b6e:testnamespacemgmt23803",
          "createdAt": "2022-12-22T11:25:56.9Z",
          "updatedAt": "2022-12-22T11:25:56.9Z",
          "serviceBusEndpoint": "https://testnamespacemgmt23803.servicebus.windows.net:443/",
          "status": "Activating"
        }
      }
    },
    {
      "RequestUri": "https://management.azure.com/subscriptions/326100e2-f69d-4268-8503-075374f62b6e/resourceGroups/testeventhubRG-9405/providers/Microsoft.EventHub/namespaces/testnamespacemgmt23803?api-version=2022-01-01-preview",
      "RequestMethod": "GET",
      "RequestHeaders": {
        "Authorization": "Sanitized",
        "traceparent": "00-569754bc2aa53e408ab873fadf477d32-a3992e7e29b25745-00",
        "User-Agent": "azsdk-net-ResourceManager/1.3.2 (.NET Framework 4.8.9105.0; Microsoft Windows 10.0.19044 )",
        "x-ms-client-request-id": "fe4243a94c504f8800c536e62c699582",
        "x-ms-return-client-request-id": "true"
      },
      "RequestBody": null,
      "StatusCode": 200,
      "ResponseHeaders": {
        "Cache-Control": "no-cache",
        "Content-Length": "796",
        "Content-Type": "application/json; charset=utf-8",
        "Date": "Thu, 22 Dec 2022 11:26:03 GMT",
        "Expires": "-1",
        "Pragma": "no-cache",
        "Server": [
          "Service-Bus-Resource-Provider/SN1",
          "Microsoft-HTTPAPI/2.0"
        ],
        "Server-SB": "Service-Bus-Resource-Provider/SN1",
        "Strict-Transport-Security": "max-age=31536000; includeSubDomains",
        "X-Content-Type-Options": "nosniff",
        "x-ms-client-request-id": "fe4243a94c504f8800c536e62c699582",
        "x-ms-correlation-request-id": "2766c5b7-1ceb-40db-b74e-0ea648c5f81b",
        "x-ms-ratelimit-remaining-subscription-reads": "11986",
        "x-ms-request-id": "a491f562-4ade-4344-879f-408427f571d2_M1SN1_M1SN1",
        "x-ms-routing-request-id": "SOUTHCENTRALUS:20221222T112603Z:2766c5b7-1ceb-40db-b74e-0ea648c5f81b"
      },
      "ResponseBody": {
        "sku": {
          "name": "Standard",
          "tier": "Standard",
          "capacity": 1
        },
        "id": "/subscriptions/326100e2-f69d-4268-8503-075374f62b6e/resourceGroups/testeventhubRG-9405/providers/Microsoft.EventHub/namespaces/testnamespacemgmt23803",
        "name": "testnamespacemgmt23803",
        "type": "Microsoft.EventHub/Namespaces",
        "location": "East US 2",
        "tags": {},
        "properties": {
          "minimumTlsVersion": "1.2",
          "publicNetworkAccess": "Enabled",
          "disableLocalAuth": false,
          "zoneRedundant": false,
          "isAutoInflateEnabled": false,
          "maximumThroughputUnits": 0,
          "kafkaEnabled": true,
          "provisioningState": "Created",
          "metricId": "326100e2-f69d-4268-8503-075374f62b6e:testnamespacemgmt23803",
          "createdAt": "2022-12-22T11:25:56.9Z",
          "updatedAt": "2022-12-22T11:25:56.9Z",
          "serviceBusEndpoint": "https://testnamespacemgmt23803.servicebus.windows.net:443/",
          "status": "Activating"
        }
      }
    },
    {
      "RequestUri": "https://management.azure.com/subscriptions/326100e2-f69d-4268-8503-075374f62b6e/resourceGroups/testeventhubRG-9405/providers/Microsoft.EventHub/namespaces/testnamespacemgmt23803?api-version=2022-01-01-preview",
      "RequestMethod": "GET",
      "RequestHeaders": {
        "Authorization": "Sanitized",
        "traceparent": "00-569754bc2aa53e408ab873fadf477d32-17cdf02200844a43-00",
        "User-Agent": "azsdk-net-ResourceManager/1.3.2 (.NET Framework 4.8.9105.0; Microsoft Windows 10.0.19044 )",
        "x-ms-client-request-id": "0b933ac37a8b008aac164fb41c459c0b",
        "x-ms-return-client-request-id": "true"
      },
      "RequestBody": null,
      "StatusCode": 200,
      "ResponseHeaders": {
        "Cache-Control": "no-cache",
        "Content-Length": "796",
        "Content-Type": "application/json; charset=utf-8",
        "Date": "Thu, 22 Dec 2022 11:26:07 GMT",
        "Expires": "-1",
        "Pragma": "no-cache",
        "Server": [
          "Service-Bus-Resource-Provider/SN1",
          "Microsoft-HTTPAPI/2.0"
        ],
        "Server-SB": "Service-Bus-Resource-Provider/SN1",
        "Strict-Transport-Security": "max-age=31536000; includeSubDomains",
        "X-Content-Type-Options": "nosniff",
        "x-ms-client-request-id": "0b933ac37a8b008aac164fb41c459c0b",
        "x-ms-correlation-request-id": "5253759a-8e17-4c45-83e9-0c6773004a9b",
        "x-ms-ratelimit-remaining-subscription-reads": "11985",
        "x-ms-request-id": "2015b724-574c-40dc-8c17-daa760081251_M1SN1_M1SN1",
        "x-ms-routing-request-id": "SOUTHCENTRALUS:20221222T112607Z:5253759a-8e17-4c45-83e9-0c6773004a9b"
      },
      "ResponseBody": {
        "sku": {
          "name": "Standard",
          "tier": "Standard",
          "capacity": 1
        },
        "id": "/subscriptions/326100e2-f69d-4268-8503-075374f62b6e/resourceGroups/testeventhubRG-9405/providers/Microsoft.EventHub/namespaces/testnamespacemgmt23803",
        "name": "testnamespacemgmt23803",
        "type": "Microsoft.EventHub/Namespaces",
        "location": "East US 2",
        "tags": {},
        "properties": {
          "minimumTlsVersion": "1.2",
          "publicNetworkAccess": "Enabled",
          "disableLocalAuth": false,
          "zoneRedundant": false,
          "isAutoInflateEnabled": false,
          "maximumThroughputUnits": 0,
          "kafkaEnabled": true,
          "provisioningState": "Created",
          "metricId": "326100e2-f69d-4268-8503-075374f62b6e:testnamespacemgmt23803",
          "createdAt": "2022-12-22T11:25:56.9Z",
          "updatedAt": "2022-12-22T11:25:56.9Z",
          "serviceBusEndpoint": "https://testnamespacemgmt23803.servicebus.windows.net:443/",
          "status": "Activating"
        }
      }
    },
    {
      "RequestUri": "https://management.azure.com/subscriptions/326100e2-f69d-4268-8503-075374f62b6e/resourceGroups/testeventhubRG-9405/providers/Microsoft.EventHub/namespaces/testnamespacemgmt23803?api-version=2022-01-01-preview",
      "RequestMethod": "GET",
      "RequestHeaders": {
        "Authorization": "Sanitized",
        "traceparent": "00-569754bc2aa53e408ab873fadf477d32-9eb8cac051f9754f-00",
        "User-Agent": "azsdk-net-ResourceManager/1.3.2 (.NET Framework 4.8.9105.0; Microsoft Windows 10.0.19044 )",
        "x-ms-client-request-id": "ff69ca6bdef646319f73bc97a5b8826d",
        "x-ms-return-client-request-id": "true"
      },
      "RequestBody": null,
      "StatusCode": 200,
      "ResponseHeaders": {
        "Cache-Control": "no-cache",
        "Content-Length": "796",
        "Content-Type": "application/json; charset=utf-8",
        "Date": "Thu, 22 Dec 2022 11:26:15 GMT",
        "Expires": "-1",
        "Pragma": "no-cache",
        "Server": [
          "Service-Bus-Resource-Provider/SN1",
          "Microsoft-HTTPAPI/2.0"
        ],
        "Server-SB": "Service-Bus-Resource-Provider/SN1",
        "Strict-Transport-Security": "max-age=31536000; includeSubDomains",
        "X-Content-Type-Options": "nosniff",
        "x-ms-client-request-id": "ff69ca6bdef646319f73bc97a5b8826d",
        "x-ms-correlation-request-id": "d11cc982-1c28-4a55-a33b-5f09bb8fc79e",
        "x-ms-ratelimit-remaining-subscription-reads": "11984",
        "x-ms-request-id": "edaaad10-fb07-4d96-bf68-52734c275245_M1SN1_M1SN1",
        "x-ms-routing-request-id": "SOUTHCENTRALUS:20221222T112615Z:d11cc982-1c28-4a55-a33b-5f09bb8fc79e"
      },
      "ResponseBody": {
        "sku": {
          "name": "Standard",
          "tier": "Standard",
          "capacity": 1
        },
        "id": "/subscriptions/326100e2-f69d-4268-8503-075374f62b6e/resourceGroups/testeventhubRG-9405/providers/Microsoft.EventHub/namespaces/testnamespacemgmt23803",
        "name": "testnamespacemgmt23803",
        "type": "Microsoft.EventHub/Namespaces",
        "location": "East US 2",
        "tags": {},
        "properties": {
          "minimumTlsVersion": "1.2",
          "publicNetworkAccess": "Enabled",
          "disableLocalAuth": false,
          "zoneRedundant": false,
          "isAutoInflateEnabled": false,
          "maximumThroughputUnits": 0,
          "kafkaEnabled": true,
          "provisioningState": "Created",
          "metricId": "326100e2-f69d-4268-8503-075374f62b6e:testnamespacemgmt23803",
          "createdAt": "2022-12-22T11:25:56.9Z",
          "updatedAt": "2022-12-22T11:25:56.9Z",
          "serviceBusEndpoint": "https://testnamespacemgmt23803.servicebus.windows.net:443/",
          "status": "Activating"
        }
      }
    },
    {
      "RequestUri": "https://management.azure.com/subscriptions/326100e2-f69d-4268-8503-075374f62b6e/resourceGroups/testeventhubRG-9405/providers/Microsoft.EventHub/namespaces/testnamespacemgmt23803?api-version=2022-01-01-preview",
      "RequestMethod": "GET",
      "RequestHeaders": {
        "Authorization": "Sanitized",
        "traceparent": "00-569754bc2aa53e408ab873fadf477d32-cb14ca0c9284f14f-00",
        "User-Agent": "azsdk-net-ResourceManager/1.3.2 (.NET Framework 4.8.9105.0; Microsoft Windows 10.0.19044 )",
        "x-ms-client-request-id": "71171ecd1cec2e15b841523afdd333ba",
        "x-ms-return-client-request-id": "true"
      },
      "RequestBody": null,
      "StatusCode": 200,
      "ResponseHeaders": {
        "Cache-Control": "no-cache",
        "Content-Length": "796",
        "Content-Type": "application/json; charset=utf-8",
        "Date": "Thu, 22 Dec 2022 11:26:31 GMT",
        "Expires": "-1",
        "Pragma": "no-cache",
        "Server": [
          "Service-Bus-Resource-Provider/SN1",
          "Microsoft-HTTPAPI/2.0"
        ],
        "Server-SB": "Service-Bus-Resource-Provider/SN1",
        "Strict-Transport-Security": "max-age=31536000; includeSubDomains",
        "X-Content-Type-Options": "nosniff",
        "x-ms-client-request-id": "71171ecd1cec2e15b841523afdd333ba",
        "x-ms-correlation-request-id": "a703b505-accf-483a-aba5-f7334e313bfd",
        "x-ms-ratelimit-remaining-subscription-reads": "11983",
        "x-ms-request-id": "cffefa33-5f17-4526-aacc-e6fc6e472870_M1SN1_M1SN1",
        "x-ms-routing-request-id": "SOUTHCENTRALUS:20221222T112632Z:a703b505-accf-483a-aba5-f7334e313bfd"
      },
      "ResponseBody": {
        "sku": {
          "name": "Standard",
          "tier": "Standard",
          "capacity": 1
        },
        "id": "/subscriptions/326100e2-f69d-4268-8503-075374f62b6e/resourceGroups/testeventhubRG-9405/providers/Microsoft.EventHub/namespaces/testnamespacemgmt23803",
        "name": "testnamespacemgmt23803",
        "type": "Microsoft.EventHub/Namespaces",
        "location": "East US 2",
        "tags": {},
        "properties": {
          "minimumTlsVersion": "1.2",
          "publicNetworkAccess": "Enabled",
          "disableLocalAuth": false,
          "zoneRedundant": false,
          "isAutoInflateEnabled": false,
          "maximumThroughputUnits": 0,
          "kafkaEnabled": true,
          "provisioningState": "Created",
          "metricId": "326100e2-f69d-4268-8503-075374f62b6e:testnamespacemgmt23803",
          "createdAt": "2022-12-22T11:25:56.9Z",
          "updatedAt": "2022-12-22T11:25:56.9Z",
          "serviceBusEndpoint": "https://testnamespacemgmt23803.servicebus.windows.net:443/",
          "status": "Activating"
        }
      }
    },
    {
      "RequestUri": "https://management.azure.com/subscriptions/326100e2-f69d-4268-8503-075374f62b6e/resourceGroups/testeventhubRG-9405/providers/Microsoft.EventHub/namespaces/testnamespacemgmt23803?api-version=2022-01-01-preview",
      "RequestMethod": "GET",
      "RequestHeaders": {
        "Authorization": "Sanitized",
        "traceparent": "00-569754bc2aa53e408ab873fadf477d32-780927c9e0bce64b-00",
        "User-Agent": "azsdk-net-ResourceManager/1.3.2 (.NET Framework 4.8.9105.0; Microsoft Windows 10.0.19044 )",
        "x-ms-client-request-id": "617a2a299600e48c084d6b18bef35af3",
        "x-ms-return-client-request-id": "true"
      },
      "RequestBody": null,
      "StatusCode": 200,
      "ResponseHeaders": {
        "Cache-Control": "no-cache",
        "Content-Length": "794",
        "Content-Type": "application/json; charset=utf-8",
        "Date": "Thu, 22 Dec 2022 11:27:03 GMT",
        "Expires": "-1",
        "Pragma": "no-cache",
        "Server": [
          "Service-Bus-Resource-Provider/SN1",
          "Microsoft-HTTPAPI/2.0"
        ],
        "Server-SB": "Service-Bus-Resource-Provider/SN1",
        "Strict-Transport-Security": "max-age=31536000; includeSubDomains",
        "X-Content-Type-Options": "nosniff",
        "x-ms-client-request-id": "617a2a299600e48c084d6b18bef35af3",
        "x-ms-correlation-request-id": "79b8df87-29c3-467e-9c17-9b852271beec",
        "x-ms-ratelimit-remaining-subscription-reads": "11982",
        "x-ms-request-id": "ca352a67-5b2c-4323-8432-00c8ab14120d_M1SN1_M1SN1",
        "x-ms-routing-request-id": "SOUTHCENTRALUS:20221222T112704Z:79b8df87-29c3-467e-9c17-9b852271beec"
      },
      "ResponseBody": {
        "sku": {
          "name": "Standard",
          "tier": "Standard",
          "capacity": 1
        },
        "id": "/subscriptions/326100e2-f69d-4268-8503-075374f62b6e/resourceGroups/testeventhubRG-9405/providers/Microsoft.EventHub/namespaces/testnamespacemgmt23803",
        "name": "testnamespacemgmt23803",
        "type": "Microsoft.EventHub/Namespaces",
        "location": "East US 2",
        "tags": {},
        "properties": {
          "minimumTlsVersion": "1.2",
          "publicNetworkAccess": "Enabled",
          "disableLocalAuth": false,
          "zoneRedundant": false,
          "isAutoInflateEnabled": false,
          "maximumThroughputUnits": 0,
          "kafkaEnabled": true,
          "provisioningState": "Succeeded",
          "metricId": "326100e2-f69d-4268-8503-075374f62b6e:testnamespacemgmt23803",
          "createdAt": "2022-12-22T11:25:56.9Z",
          "updatedAt": "2022-12-22T11:26:43.9Z",
          "serviceBusEndpoint": "https://testnamespacemgmt23803.servicebus.windows.net:443/",
          "status": "Active"
        }
      }
    },
    {
      "RequestUri": "https://management.azure.com/subscriptions/326100e2-f69d-4268-8503-075374f62b6e/resourceGroups/testeventhubRG-9405/providers/Microsoft.EventHub/namespaces/testnamespacemgmt23803?api-version=2022-01-01-preview",
      "RequestMethod": "GET",
      "RequestHeaders": {
        "Accept": "application/json",
        "Authorization": "Sanitized",
        "traceparent": "00-82b41b9910f31a48b3bb5c73ee3a2c88-909f4cc02a7ee249-00",
        "User-Agent": "azsdk-net-ResourceManager.EventHubs/1.1.0-alpha.20221222.1 (.NET Framework 4.8.9105.0; Microsoft Windows 10.0.19044 )",
        "x-ms-client-request-id": "fee7e1932b2d4e1fb43a46b48cf648cc",
        "x-ms-return-client-request-id": "true"
      },
      "RequestBody": null,
      "StatusCode": 200,
      "ResponseHeaders": {
        "Cache-Control": "no-cache",
        "Content-Length": "794",
        "Content-Type": "application/json; charset=utf-8",
        "Date": "Thu, 22 Dec 2022 11:27:03 GMT",
        "Expires": "-1",
        "Pragma": "no-cache",
        "Server": [
          "Service-Bus-Resource-Provider/SN1",
          "Microsoft-HTTPAPI/2.0"
        ],
        "Server-SB": "Service-Bus-Resource-Provider/SN1",
        "Strict-Transport-Security": "max-age=31536000; includeSubDomains",
        "X-Content-Type-Options": "nosniff",
        "x-ms-client-request-id": "fee7e1932b2d4e1fb43a46b48cf648cc",
        "x-ms-correlation-request-id": "8859fa14-92d3-44af-8574-871a123b44d5",
        "x-ms-ratelimit-remaining-subscription-reads": "11981",
        "x-ms-request-id": "1e3ff2f8-49b0-485d-a232-514bf4b4e2b8_M1SN1_M1SN1",
        "x-ms-routing-request-id": "SOUTHCENTRALUS:20221222T112704Z:8859fa14-92d3-44af-8574-871a123b44d5"
      },
      "ResponseBody": {
        "sku": {
          "name": "Standard",
          "tier": "Standard",
          "capacity": 1
        },
        "id": "/subscriptions/326100e2-f69d-4268-8503-075374f62b6e/resourceGroups/testeventhubRG-9405/providers/Microsoft.EventHub/namespaces/testnamespacemgmt23803",
        "name": "testnamespacemgmt23803",
        "type": "Microsoft.EventHub/Namespaces",
        "location": "East US 2",
        "tags": {},
        "properties": {
          "minimumTlsVersion": "1.2",
          "publicNetworkAccess": "Enabled",
          "disableLocalAuth": false,
          "zoneRedundant": false,
          "isAutoInflateEnabled": false,
          "maximumThroughputUnits": 0,
          "kafkaEnabled": true,
          "provisioningState": "Succeeded",
          "metricId": "326100e2-f69d-4268-8503-075374f62b6e:testnamespacemgmt23803",
          "createdAt": "2022-12-22T11:25:56.9Z",
          "updatedAt": "2022-12-22T11:26:43.9Z",
          "serviceBusEndpoint": "https://testnamespacemgmt23803.servicebus.windows.net:443/",
          "status": "Active"
        }
      }
    },
    {
      "RequestUri": "https://management.azure.com/subscriptions/326100e2-f69d-4268-8503-075374f62b6e/resourceGroups/testeventhubRG-9405/providers/Microsoft.EventHub/namespaces/testnamespacemgmt23803?api-version=2022-01-01-preview",
      "RequestMethod": "PATCH",
      "RequestHeaders": {
        "Accept": "application/json",
        "Authorization": "Sanitized",
        "Content-Length": "63",
        "Content-Type": "application/json",
        "traceparent": "00-82b41b9910f31a48b3bb5c73ee3a2c88-6471e3a9fd67c648-00",
        "User-Agent": "azsdk-net-ResourceManager.EventHubs/1.1.0-alpha.20221222.1 (.NET Framework 4.8.9105.0; Microsoft Windows 10.0.19044 )",
        "x-ms-client-request-id": "7b6d013f213e366d9132699fb0fd70c5",
        "x-ms-return-client-request-id": "true"
      },
      "RequestBody": {
        "tags": {
          "key1": "value1"
        },
        "location": "eastus2",
        "properties": {}
      },
      "StatusCode": 200,
      "ResponseHeaders": {
        "Cache-Control": "no-cache",
        "Content-Length": "814",
        "Content-Type": "application/json; charset=utf-8",
        "Date": "Thu, 22 Dec 2022 11:27:05 GMT",
        "Expires": "-1",
        "Pragma": "no-cache",
        "Server": [
          "Service-Bus-Resource-Provider/SN1",
          "Microsoft-HTTPAPI/2.0"
        ],
        "Server-SB": "Service-Bus-Resource-Provider/SN1",
        "Strict-Transport-Security": "max-age=31536000; includeSubDomains",
        "X-Content-Type-Options": "nosniff",
        "x-ms-client-request-id": "7b6d013f213e366d9132699fb0fd70c5",
        "x-ms-correlation-request-id": "9eb0aca6-4705-4b07-95f5-9476ce0cbb46",
        "x-ms-ratelimit-remaining-subscription-resource-requests": "48",
        "x-ms-request-id": "f7e2cbc9-7231-453d-9f99-2542c0797fb4_M1SN1_M1SN1",
        "x-ms-routing-request-id": "SOUTHCENTRALUS:20221222T112706Z:9eb0aca6-4705-4b07-95f5-9476ce0cbb46"
      },
      "ResponseBody": {
        "sku": {
          "name": "Standard",
          "tier": "Standard",
          "capacity": 1
        },
        "id": "/subscriptions/326100e2-f69d-4268-8503-075374f62b6e/resourceGroups/testeventhubRG-9405/providers/Microsoft.EventHub/namespaces/testnamespacemgmt23803",
        "name": "testnamespacemgmt23803",
        "type": "Microsoft.EventHub/Namespaces",
        "location": "East US 2",
        "tags": {
          "key1": "value1"
        },
        "properties": {
          "minimumTlsVersion": "1.2",
          "publicNetworkAccess": "Enabled",
          "disableLocalAuth": false,
          "zoneRedundant": false,
          "isAutoInflateEnabled": false,
          "maximumThroughputUnits": 0,
          "kafkaEnabled": true,
          "provisioningState": "Updating",
          "metricId": "326100e2-f69d-4268-8503-075374f62b6e:testnamespacemgmt23803",
          "createdAt": "2022-12-22T11:25:56.9Z",
          "updatedAt": "2022-12-22T11:27:05.153Z",
          "serviceBusEndpoint": "https://testnamespacemgmt23803.servicebus.windows.net:443/",
          "status": "Activating"
        }
      }
    },
    {
      "RequestUri": "https://management.azure.com/subscriptions/326100e2-f69d-4268-8503-075374f62b6e/resourceGroups/testeventhubRG-9405/providers/Microsoft.EventHub/namespaces/testnamespacemgmt23803?api-version=2022-01-01-preview",
      "RequestMethod": "GET",
      "RequestHeaders": {
        "Accept": "application/json",
        "Authorization": "Sanitized",
        "traceparent": "00-4b65fddd6b34a54c916a0781e7094383-9be165b97881264e-00",
        "User-Agent": "azsdk-net-ResourceManager.EventHubs/1.1.0-alpha.20221222.1 (.NET Framework 4.8.9105.0; Microsoft Windows 10.0.19044 )",
        "x-ms-client-request-id": "1ba75ee635ebfd8d0b2cacc550d85811",
        "x-ms-return-client-request-id": "true"
      },
      "RequestBody": null,
      "StatusCode": 200,
      "ResponseHeaders": {
        "Cache-Control": "no-cache",
        "Content-Length": "814",
        "Content-Type": "application/json; charset=utf-8",
        "Date": "Thu, 22 Dec 2022 11:27:05 GMT",
        "Expires": "-1",
        "Pragma": "no-cache",
        "Server": [
          "Service-Bus-Resource-Provider/SN1",
          "Microsoft-HTTPAPI/2.0"
        ],
        "Server-SB": "Service-Bus-Resource-Provider/SN1",
        "Strict-Transport-Security": "max-age=31536000; includeSubDomains",
        "X-Content-Type-Options": "nosniff",
        "x-ms-client-request-id": "1ba75ee635ebfd8d0b2cacc550d85811",
        "x-ms-correlation-request-id": "e098dc74-92e1-4ac2-8297-50060454f5c9",
        "x-ms-ratelimit-remaining-subscription-reads": "11980",
        "x-ms-request-id": "6f89d676-4654-43b4-917b-3cac8d46e87b_M1SN1_M1SN1",
        "x-ms-routing-request-id": "SOUTHCENTRALUS:20221222T112706Z:e098dc74-92e1-4ac2-8297-50060454f5c9"
      },
      "ResponseBody": {
        "sku": {
          "name": "Standard",
          "tier": "Standard",
          "capacity": 1
        },
        "id": "/subscriptions/326100e2-f69d-4268-8503-075374f62b6e/resourceGroups/testeventhubRG-9405/providers/Microsoft.EventHub/namespaces/testnamespacemgmt23803",
        "name": "testnamespacemgmt23803",
        "type": "Microsoft.EventHub/Namespaces",
        "location": "East US 2",
        "tags": {
          "key1": "value1"
        },
        "properties": {
          "minimumTlsVersion": "1.2",
          "publicNetworkAccess": "Enabled",
          "disableLocalAuth": false,
          "zoneRedundant": false,
          "isAutoInflateEnabled": false,
          "maximumThroughputUnits": 0,
          "kafkaEnabled": true,
          "provisioningState": "Updating",
          "metricId": "326100e2-f69d-4268-8503-075374f62b6e:testnamespacemgmt23803",
          "createdAt": "2022-12-22T11:25:56.9Z",
          "updatedAt": "2022-12-22T11:27:05.153Z",
          "serviceBusEndpoint": "https://testnamespacemgmt23803.servicebus.windows.net:443/",
          "status": "Activating"
        }
      }
    },
    {
      "RequestUri": "https://management.azure.com/subscriptions/326100e2-f69d-4268-8503-075374f62b6e/resourceGroups/testeventhubRG-9405/providers/Microsoft.EventHub/namespaces/testnamespacemgmt23803?api-version=2022-01-01-preview",
      "RequestMethod": "PATCH",
      "RequestHeaders": {
        "Accept": "application/json",
        "Authorization": "Sanitized",
        "Content-Length": "79",
        "Content-Type": "application/json",
        "traceparent": "00-4b65fddd6b34a54c916a0781e7094383-4c951f8689a1b74d-00",
        "User-Agent": "azsdk-net-ResourceManager.EventHubs/1.1.0-alpha.20221222.1 (.NET Framework 4.8.9105.0; Microsoft Windows 10.0.19044 )",
        "x-ms-client-request-id": "bcd89f04df8572b574b06cfac2809eb7",
        "x-ms-return-client-request-id": "true"
      },
      "RequestBody": {
        "tags": {
          "key1": "value1",
          "key2": "value2"
        },
        "location": "eastus2",
        "properties": {}
      },
      "StatusCode": 429,
      "ResponseHeaders": {
        "Cache-Control": "no-cache",
        "Connection": "close",
        "Content-Length": "192",
        "Content-Type": "application/json; charset=utf-8",
        "Date": "Thu, 22 Dec 2022 11:27:06 GMT",
        "Expires": "-1",
        "Pragma": "no-cache",
        "Retry-After": "267",
        "Server": [
          "Service-Bus-Resource-Provider/SN1",
          "Microsoft-HTTPAPI/2.0"
        ],
        "Server-SB": "Service-Bus-Resource-Provider/SN1",
        "Strict-Transport-Security": "max-age=31536000; includeSubDomains",
        "X-Content-Type-Options": "nosniff",
        "x-ms-client-request-id": "bcd89f04df8572b574b06cfac2809eb7",
        "x-ms-correlation-request-id": "a0407e77-4c82-4d6b-a08c-aed81b5fa291",
        "x-ms-ratelimit-remaining-subscription-resource-requests": "47",
        "x-ms-request-id": "f4d2ca57-1390-494c-974a-0bce6f35a57f_M1SN1_M1SN1",
        "x-ms-routing-request-id": "SOUTHCENTRALUS:20221222T112706Z:a0407e77-4c82-4d6b-a08c-aed81b5fa291"
      },
      "ResponseBody": {
        "error": {
          "message": "Namespace provisioning in transition. For more information visit https://aka.ms/eventhubsarmexceptions. CorrelationId: a0407e77-4c82-4d6b-a08c-aed81b5fa291",
          "code": "429"
        }
      }
    },
    {
      "RequestUri": "https://management.azure.com/subscriptions/326100e2-f69d-4268-8503-075374f62b6e/resourceGroups/testeventhubRG-9405/providers/Microsoft.EventHub/namespaces/testnamespacemgmt23803?api-version=2022-01-01-preview",
      "RequestMethod": "PATCH",
      "RequestHeaders": {
        "Accept": "application/json",
        "Authorization": "Sanitized",
        "Connection": "keep-alive",
        "Content-Length": "79",
        "Content-Type": "application/json",
        "traceparent": "00-4b65fddd6b34a54c916a0781e7094383-4c951f8689a1b74d-00",
        "User-Agent": "azsdk-net-ResourceManager.EventHubs/1.1.0-alpha.20221222.1 (.NET Framework 4.8.9105.0; Microsoft Windows 10.0.19044 )",
        "x-ms-client-request-id": "bcd89f04df8572b574b06cfac2809eb7",
        "x-ms-return-client-request-id": "true"
      },
      "RequestBody": {
        "tags": {
          "key1": "value1",
          "key2": "value2"
        },
        "location": "eastus2",
        "properties": {}
      },
      "StatusCode": 200,
      "ResponseHeaders": {
        "Cache-Control": "no-cache",
        "Content-Length": "829",
        "Content-Type": "application/json; charset=utf-8",
        "Date": "Thu, 22 Dec 2022 11:31:36 GMT",
        "Expires": "-1",
        "Pragma": "no-cache",
        "Server": [
          "Service-Bus-Resource-Provider/SN1",
          "Microsoft-HTTPAPI/2.0"
        ],
        "Server-SB": "Service-Bus-Resource-Provider/SN1",
        "Strict-Transport-Security": "max-age=31536000; includeSubDomains",
        "X-Content-Type-Options": "nosniff",
        "x-ms-client-request-id": "bcd89f04df8572b574b06cfac2809eb7",
        "x-ms-correlation-request-id": "590c038f-a3aa-43d3-8eaf-5dfa0a04dc33",
        "x-ms-ratelimit-remaining-subscription-resource-requests": "49",
        "x-ms-request-id": "c78c6737-d3e4-4ac4-92c2-0b30a87a700d_M3SN1_M3SN1",
        "x-ms-routing-request-id": "SOUTHCENTRALUS:20221222T113136Z:590c038f-a3aa-43d3-8eaf-5dfa0a04dc33"
      },
      "ResponseBody": {
        "sku": {
          "name": "Standard",
          "tier": "Standard",
          "capacity": 1
        },
        "id": "/subscriptions/326100e2-f69d-4268-8503-075374f62b6e/resourceGroups/testeventhubRG-9405/providers/Microsoft.EventHub/namespaces/testnamespacemgmt23803",
        "name": "testnamespacemgmt23803",
        "type": "Microsoft.EventHub/Namespaces",
        "location": "East US 2",
        "tags": {
          "key1": "value1",
          "key2": "value2"
        },
        "properties": {
          "minimumTlsVersion": "1.2",
          "publicNetworkAccess": "Enabled",
          "disableLocalAuth": false,
          "zoneRedundant": false,
          "isAutoInflateEnabled": false,
          "maximumThroughputUnits": 0,
          "kafkaEnabled": true,
          "provisioningState": "Updating",
          "metricId": "326100e2-f69d-4268-8503-075374f62b6e:testnamespacemgmt23803",
          "createdAt": "2022-12-22T11:25:56.9Z",
          "updatedAt": "2022-12-22T11:31:35.09Z",
          "serviceBusEndpoint": "https://testnamespacemgmt23803.servicebus.windows.net:443/",
          "status": "Activating"
        }
      }
    },
    {
      "RequestUri": "https://management.azure.com/subscriptions/326100e2-f69d-4268-8503-075374f62b6e/resourceGroups/testeventhubRG-9405/providers/Microsoft.EventHub/namespaces/testnamespacemgmt23803?api-version=2022-01-01-preview",
      "RequestMethod": "GET",
      "RequestHeaders": {
        "Accept": "application/json",
        "Authorization": "Sanitized",
        "traceparent": "00-d4a522d9ec19774a8870e7cc6847d8a9-7ebd87b40e995c4b-00",
        "User-Agent": "azsdk-net-ResourceManager.EventHubs/1.1.0-alpha.20221222.1 (.NET Framework 4.8.9105.0; Microsoft Windows 10.0.19044 )",
        "x-ms-client-request-id": "2dcd81ca2d4f0ae074706f1174a7e6b9",
        "x-ms-return-client-request-id": "true"
      },
      "RequestBody": null,
      "StatusCode": 200,
      "ResponseHeaders": {
        "Cache-Control": "no-cache",
        "Content-Length": "829",
        "Content-Type": "application/json; charset=utf-8",
        "Date": "Thu, 22 Dec 2022 11:31:36 GMT",
        "Expires": "-1",
        "Pragma": "no-cache",
        "Server": [
          "Service-Bus-Resource-Provider/SN1",
          "Microsoft-HTTPAPI/2.0"
        ],
        "Server-SB": "Service-Bus-Resource-Provider/SN1",
        "Strict-Transport-Security": "max-age=31536000; includeSubDomains",
        "X-Content-Type-Options": "nosniff",
        "x-ms-client-request-id": "2dcd81ca2d4f0ae074706f1174a7e6b9",
        "x-ms-correlation-request-id": "b032f510-ff69-4ec3-9b19-d39eafea0d63",
        "x-ms-ratelimit-remaining-subscription-reads": "11998",
        "x-ms-request-id": "17fc865e-6f68-4af4-b932-efb50e539cba_M7SN1_M7SN1",
        "x-ms-routing-request-id": "SOUTHCENTRALUS:20221222T113136Z:b032f510-ff69-4ec3-9b19-d39eafea0d63"
      },
      "ResponseBody": {
        "sku": {
          "name": "Standard",
          "tier": "Standard",
          "capacity": 1
        },
        "id": "/subscriptions/326100e2-f69d-4268-8503-075374f62b6e/resourceGroups/testeventhubRG-9405/providers/Microsoft.EventHub/namespaces/testnamespacemgmt23803",
        "name": "testnamespacemgmt23803",
        "type": "Microsoft.EventHub/Namespaces",
        "location": "East US 2",
        "tags": {
          "key1": "value1",
          "key2": "value2"
        },
        "properties": {
          "minimumTlsVersion": "1.2",
          "publicNetworkAccess": "Enabled",
          "disableLocalAuth": false,
          "zoneRedundant": false,
          "isAutoInflateEnabled": false,
          "maximumThroughputUnits": 0,
          "kafkaEnabled": true,
          "provisioningState": "Updating",
          "metricId": "326100e2-f69d-4268-8503-075374f62b6e:testnamespacemgmt23803",
          "createdAt": "2022-12-22T11:25:56.9Z",
          "updatedAt": "2022-12-22T11:31:35.09Z",
          "serviceBusEndpoint": "https://testnamespacemgmt23803.servicebus.windows.net:443/",
          "status": "Activating"
        }
      }
    },
    {
      "RequestUri": "https://management.azure.com/subscriptions/326100e2-f69d-4268-8503-075374f62b6e/resourceGroups/testeventhubRG-9405/providers/Microsoft.EventHub/namespaces/testnamespacemgmt23803?api-version=2022-01-01-preview",
      "RequestMethod": "PATCH",
      "RequestHeaders": {
        "Accept": "application/json",
        "Authorization": "Sanitized",
        "Content-Length": "63",
        "Content-Type": "application/json",
        "traceparent": "00-d4a522d9ec19774a8870e7cc6847d8a9-3af26f3b8126b44d-00",
        "User-Agent": "azsdk-net-ResourceManager.EventHubs/1.1.0-alpha.20221222.1 (.NET Framework 4.8.9105.0; Microsoft Windows 10.0.19044 )",
        "x-ms-client-request-id": "119a57d9b425063fa934a63ac8933b8b",
        "x-ms-return-client-request-id": "true"
      },
      "RequestBody": {
        "tags": {
          "key2": "value2"
        },
        "location": "eastus2",
        "properties": {}
      },
      "StatusCode": 429,
      "ResponseHeaders": {
        "Cache-Control": "no-cache",
        "Connection": "close",
        "Content-Length": "192",
        "Content-Type": "application/json; charset=utf-8",
        "Date": "Thu, 22 Dec 2022 11:31:36 GMT",
        "Expires": "-1",
        "Pragma": "no-cache",
        "Retry-After": "222",
        "Server": [
          "Service-Bus-Resource-Provider/SN1",
          "Microsoft-HTTPAPI/2.0"
        ],
        "Server-SB": "Service-Bus-Resource-Provider/SN1",
        "Strict-Transport-Security": "max-age=31536000; includeSubDomains",
        "X-Content-Type-Options": "nosniff",
        "x-ms-client-request-id": "119a57d9b425063fa934a63ac8933b8b",
        "x-ms-correlation-request-id": "bd71a3fb-4628-433a-ae0d-0ce20a7d53da",
        "x-ms-ratelimit-remaining-subscription-resource-requests": "48",
        "x-ms-request-id": "ba8a9b31-73dc-4ff8-9a55-854c9df54928_M7SN1_M7SN1",
        "x-ms-routing-request-id": "SOUTHCENTRALUS:20221222T113136Z:bd71a3fb-4628-433a-ae0d-0ce20a7d53da"
      },
      "ResponseBody": {
        "error": {
          "message": "Namespace provisioning in transition. For more information visit https://aka.ms/eventhubsarmexceptions. CorrelationId: bd71a3fb-4628-433a-ae0d-0ce20a7d53da",
          "code": "429"
        }
      }
    },
    {
      "RequestUri": "https://management.azure.com/subscriptions/326100e2-f69d-4268-8503-075374f62b6e/resourceGroups/testeventhubRG-9405/providers/Microsoft.EventHub/namespaces/testnamespacemgmt23803?api-version=2022-01-01-preview",
      "RequestMethod": "PATCH",
      "RequestHeaders": {
        "Accept": "application/json",
        "Authorization": "Sanitized",
        "Connection": "keep-alive",
        "Content-Length": "63",
        "Content-Type": "application/json",
        "traceparent": "00-d4a522d9ec19774a8870e7cc6847d8a9-3af26f3b8126b44d-00",
        "User-Agent": "azsdk-net-ResourceManager.EventHubs/1.1.0-alpha.20221222.1 (.NET Framework 4.8.9105.0; Microsoft Windows 10.0.19044 )",
        "x-ms-client-request-id": "119a57d9b425063fa934a63ac8933b8b",
        "x-ms-return-client-request-id": "true"
      },
      "RequestBody": {
        "tags": {
          "key2": "value2"
        },
        "location": "eastus2",
        "properties": {}
      },
      "StatusCode": 200,
      "ResponseHeaders": {
        "Cache-Control": "no-cache",
        "Content-Length": "814",
        "Content-Type": "application/json; charset=utf-8",
        "Date": "Thu, 22 Dec 2022 11:35:21 GMT",
        "Expires": "-1",
        "Pragma": "no-cache",
        "Server": [
          "Service-Bus-Resource-Provider/SN1",
          "Microsoft-HTTPAPI/2.0"
        ],
        "Server-SB": "Service-Bus-Resource-Provider/SN1",
        "Strict-Transport-Security": "max-age=31536000; includeSubDomains",
        "X-Content-Type-Options": "nosniff",
        "x-ms-client-request-id": "119a57d9b425063fa934a63ac8933b8b",
        "x-ms-correlation-request-id": "deb57b1e-0ad1-4460-998d-03372b6aa8aa",
        "x-ms-ratelimit-remaining-subscription-resource-requests": "49",
        "x-ms-request-id": "9af95f9a-7d1c-4148-9a80-a9f90065b8f2_M8SN1_M8SN1",
        "x-ms-routing-request-id": "SOUTHCENTRALUS:20221222T113521Z:deb57b1e-0ad1-4460-998d-03372b6aa8aa"
      },
      "ResponseBody": {
        "sku": {
          "name": "Standard",
          "tier": "Standard",
          "capacity": 1
        },
        "id": "/subscriptions/326100e2-f69d-4268-8503-075374f62b6e/resourceGroups/testeventhubRG-9405/providers/Microsoft.EventHub/namespaces/testnamespacemgmt23803",
        "name": "testnamespacemgmt23803",
        "type": "Microsoft.EventHub/Namespaces",
        "location": "East US 2",
        "tags": {
          "key2": "value2"
        },
        "properties": {
          "minimumTlsVersion": "1.2",
          "publicNetworkAccess": "Enabled",
          "disableLocalAuth": false,
          "zoneRedundant": false,
          "isAutoInflateEnabled": false,
          "maximumThroughputUnits": 0,
          "kafkaEnabled": true,
          "provisioningState": "Updating",
          "metricId": "326100e2-f69d-4268-8503-075374f62b6e:testnamespacemgmt23803",
          "createdAt": "2022-12-22T11:25:56.9Z",
          "updatedAt": "2022-12-22T11:35:20.393Z",
          "serviceBusEndpoint": "https://testnamespacemgmt23803.servicebus.windows.net:443/",
          "status": "Activating"
        }
      }
    },
    {
      "RequestUri": "https://management.azure.com/subscriptions/326100e2-f69d-4268-8503-075374f62b6e/resourceGroups/testeventhubRG-9405/providers/Microsoft.EventHub/namespaces/testnamespacemgmt23803?api-version=2022-01-01-preview",
      "RequestMethod": "GET",
      "RequestHeaders": {
        "Accept": "application/json",
        "Authorization": "Sanitized",
        "traceparent": "00-6c8d811c015b75488c1fa2f5b76bfab9-915f7f7468f5444c-00",
        "User-Agent": "azsdk-net-ResourceManager.EventHubs/1.1.0-alpha.20221222.1 (.NET Framework 4.8.9105.0; Microsoft Windows 10.0.19044 )",
        "x-ms-client-request-id": "cefbf58d2b0ad6c1becd481570a3fecc",
        "x-ms-return-client-request-id": "true"
      },
      "RequestBody": null,
      "StatusCode": 200,
      "ResponseHeaders": {
        "Cache-Control": "no-cache",
        "Content-Length": "811",
        "Content-Type": "application/json; charset=utf-8",
        "Date": "Thu, 22 Dec 2022 11:35:31 GMT",
        "Expires": "-1",
        "Pragma": "no-cache",
        "Server": [
          "Service-Bus-Resource-Provider/SN1",
          "Microsoft-HTTPAPI/2.0"
        ],
        "Server-SB": "Service-Bus-Resource-Provider/SN1",
        "Strict-Transport-Security": "max-age=31536000; includeSubDomains",
        "X-Content-Type-Options": "nosniff",
        "x-ms-client-request-id": "cefbf58d2b0ad6c1becd481570a3fecc",
        "x-ms-correlation-request-id": "35f6d161-7307-421a-bb39-5fb68a598416",
        "x-ms-ratelimit-remaining-subscription-reads": "11999",
        "x-ms-request-id": "2a9d735b-4b72-4eca-9764-554512f9fd8f_M8SN1_M8SN1",
        "x-ms-routing-request-id": "SOUTHCENTRALUS:20221222T113531Z:35f6d161-7307-421a-bb39-5fb68a598416"
      },
      "ResponseBody": {
        "sku": {
          "name": "Standard",
          "tier": "Standard",
          "capacity": 1
        },
        "id": "/subscriptions/326100e2-f69d-4268-8503-075374f62b6e/resourceGroups/testeventhubRG-9405/providers/Microsoft.EventHub/namespaces/testnamespacemgmt23803",
        "name": "testnamespacemgmt23803",
        "type": "Microsoft.EventHub/Namespaces",
        "location": "East US 2",
        "tags": {
          "key2": "value2"
        },
        "properties": {
          "minimumTlsVersion": "1.2",
          "publicNetworkAccess": "Enabled",
          "disableLocalAuth": false,
          "zoneRedundant": false,
          "isAutoInflateEnabled": false,
          "maximumThroughputUnits": 0,
          "kafkaEnabled": true,
          "provisioningState": "Succeeded",
          "metricId": "326100e2-f69d-4268-8503-075374f62b6e:testnamespacemgmt23803",
          "createdAt": "2022-12-22T11:25:56.9Z",
          "updatedAt": "2022-12-22T11:35:22.173Z",
          "serviceBusEndpoint": "https://testnamespacemgmt23803.servicebus.windows.net:443/",
          "status": "Active"
        }
      }
    }
  ],
  "Variables": {
    "AZURE_AUTHORITY_HOST": "https://login.microsoftonline.com",
    "RandomSeed": "765630236",
    "RESOURCE_MANAGER_URL": null,
    "SUBSCRIPTION_ID": "326100e2-f69d-4268-8503-075374f62b6e"
  }
}
