{
  "Entries": [
    {
      "RequestUri": "https://management.azure.com/subscriptions/db1ab6f0-4769-4b27-930e-01e2ef9c123c?api-version=2021-01-01",
      "RequestMethod": "GET",
      "RequestHeaders": {
        "Accept": "application/json",
        "Authorization": "Sanitized",
        "traceparent": "00-ae190364919f17d607ba85d753940376-a90608d10ef7d4dd-00",
        "User-Agent": "azsdk-net-ResourceManager/1.3.0-alpha.20220801.2 (.NET 6.0.8; Microsoft Windows 10.0.22000)",
        "x-ms-client-request-id": "f27ca50d264a78c2a8e6c0de59dd7da8",
        "x-ms-return-client-request-id": "true"
      },
      "RequestBody": null,
      "StatusCode": 200,
      "ResponseHeaders": {
        "Cache-Control": "no-cache",
        "Content-Length": "747",
        "Content-Type": "application/json; charset=utf-8",
        "Date": "Mon, 15 Aug 2022 20:16:02 GMT",
        "Expires": "-1",
        "Pragma": "no-cache",
        "Strict-Transport-Security": "max-age=31536000; includeSubDomains",
        "X-Content-Type-Options": "nosniff",
        "x-ms-correlation-request-id": "8c9d23d3-b3df-4329-b464-d23e8115617f",
        "x-ms-ratelimit-remaining-subscription-reads": "11999",
        "x-ms-request-id": "8c9d23d3-b3df-4329-b464-d23e8115617f",
        "x-ms-routing-request-id": "WESTUS:20220815T201603Z:8c9d23d3-b3df-4329-b464-d23e8115617f"
      },
      "ResponseBody": {
        "id": "/subscriptions/db1ab6f0-4769-4b27-930e-01e2ef9c123c",
        "authorizationSource": "RoleBased",
        "managedByTenants": [],
        "tags": {
          "TagKey-9823": "TagValue-566",
          "TagKey-3481": "TagValue-320",
          "TagKey-4926": "TagValue-1187",
          "TagKey-751": "TagValue-3921",
          "TagKey-1866": "TagValue-8559",
          "TagKey-3094": "TagValue-9190",
          "TagKey-2449": "TagValue-9",
          "TagKey-8379": "TagValue-164",
          "TagKey-7470": "TagValue-2205",
          "TagKey-4236": "TagValue-3698",
          "TagKey-5316": "TagValue-2725"
        },
        "subscriptionId": "db1ab6f0-4769-4b27-930e-01e2ef9c123c",
        "tenantId": "72f988bf-86f1-41af-91ab-2d7cd011db47",
        "displayName": ".NET Mgmt SDK Test with TTL = 1 Day",
        "state": "Enabled",
        "subscriptionPolicies": {
          "locationPlacementId": "Internal_2014-09-01",
          "quotaId": "Internal_2014-09-01",
          "spendingLimit": "Off"
        }
      }
    },
    {
      "RequestUri": "https://management.azure.com/subscriptions/db1ab6f0-4769-4b27-930e-01e2ef9c123c/resourcegroups/testeventhubRG-8441?api-version=2021-04-01",
      "RequestMethod": "PUT",
      "RequestHeaders": {
        "Accept": "application/json",
        "Authorization": "Sanitized",
        "Content-Length": "44",
        "Content-Type": "application/json",
        "traceparent": "00-99e2407f68288c31be5ef2df006538fa-f8dfeb5353a29a03-00",
        "User-Agent": "azsdk-net-ResourceManager/1.3.0-alpha.20220801.2 (.NET 6.0.8; Microsoft Windows 10.0.22000)",
        "x-ms-client-request-id": "3f74f2e893c6107144820e6dcf86dc7f",
        "x-ms-return-client-request-id": "true"
      },
      "RequestBody": {
        "tags": {
          "test": "env"
        },
        "location": "eastus2"
      },
      "StatusCode": 201,
      "ResponseHeaders": {
        "Cache-Control": "no-cache",
        "Content-Length": "258",
        "Content-Type": "application/json; charset=utf-8",
        "Date": "Mon, 15 Aug 2022 20:16:03 GMT",
        "Expires": "-1",
        "Pragma": "no-cache",
        "Strict-Transport-Security": "max-age=31536000; includeSubDomains",
        "X-Content-Type-Options": "nosniff",
        "x-ms-correlation-request-id": "aa5e26eb-ca68-4fcf-9ac0-0d345af2507d",
        "x-ms-ratelimit-remaining-subscription-writes": "1199",
        "x-ms-request-id": "aa5e26eb-ca68-4fcf-9ac0-0d345af2507d",
        "x-ms-routing-request-id": "WESTUS:20220815T201604Z:aa5e26eb-ca68-4fcf-9ac0-0d345af2507d"
      },
      "ResponseBody": {
        "id": "/subscriptions/db1ab6f0-4769-4b27-930e-01e2ef9c123c/resourceGroups/testeventhubRG-8441",
        "name": "testeventhubRG-8441",
        "type": "Microsoft.Resources/resourceGroups",
        "location": "eastus2",
        "tags": {
          "test": "env"
        },
        "properties": {
          "provisioningState": "Succeeded"
        }
      }
    },
    {
      "RequestUri": "https://management.azure.com/subscriptions/db1ab6f0-4769-4b27-930e-01e2ef9c123c/providers/Microsoft.EventHub/checkNameAvailability?api-version=2021-11-01",
      "RequestMethod": "POST",
      "RequestHeaders": {
        "Accept": "application/json",
        "Authorization": "Sanitized",
        "Content-Length": "32",
        "Content-Type": "application/json",
        "traceparent": "00-a418c7e183fe02767189728891b514c5-914f21ada4f471d0-00",
        "User-Agent": "azsdk-net-ResourceManager.EventHubs/1.1.0-alpha.20220815.1 (.NET 6.0.8; Microsoft Windows 10.0.22000)",
        "x-ms-client-request-id": "c81db76fd9240147930142665c8795d0",
        "x-ms-return-client-request-id": "true"
      },
      "RequestBody": {
        "name": "testnamespacemgmt2041"
      },
      "StatusCode": 200,
      "ResponseHeaders": {
        "Cache-Control": "no-cache",
        "Content-Length": "53",
        "Content-Type": "application/json; charset=utf-8",
        "Date": "Mon, 15 Aug 2022 20:16:03 GMT",
        "Expires": "-1",
        "Pragma": "no-cache",
        "Server": [
          "Service-Bus-Resource-Provider/SN1",
          "Microsoft-HTTPAPI/2.0"
        ],
        "Server-SB": "Service-Bus-Resource-Provider/SN1",
        "Strict-Transport-Security": "max-age=31536000; includeSubDomains",
        "X-Content-Type-Options": "nosniff",
        "x-ms-client-request-id": "c81db76fd9240147930142665c8795d0",
        "x-ms-correlation-request-id": "35db2aae-eae0-4c16-bd40-0f63dcce943d",
        "x-ms-ratelimit-remaining-subscription-writes": "1199",
        "x-ms-request-id": "7665cc12-14f6-43e3-b8b5-d82a70f266ed_M8SN1_M8SN1",
        "x-ms-routing-request-id": "WESTUS:20220815T201604Z:35db2aae-eae0-4c16-bd40-0f63dcce943d"
      },
      "ResponseBody": {
        "nameAvailable": true,
        "reason": "None",
        "message": null
      }
    },
    {
      "RequestUri": "https://management.azure.com/subscriptions/db1ab6f0-4769-4b27-930e-01e2ef9c123c/resourceGroups/testeventhubRG-8441/providers/Microsoft.EventHub/namespaces/testnamespacemgmt2041?api-version=2021-11-01",
      "RequestMethod": "PUT",
      "RequestHeaders": {
        "Accept": "application/json",
        "Authorization": "Sanitized",
        "Content-Length": "48",
        "Content-Type": "application/json",
        "traceparent": "00-6aa60e5e2d1cf7d5d42647e64b482829-1378a7a648b6e9b5-00",
        "User-Agent": "azsdk-net-ResourceManager.EventHubs/1.1.0-alpha.20220815.1 (.NET 6.0.8; Microsoft Windows 10.0.22000)",
        "x-ms-client-request-id": "162c34f947b50a12e205a4b30bd860e3",
        "x-ms-return-client-request-id": "true"
      },
      "RequestBody": {
        "tags": {},
        "location": "eastus2",
        "properties": {}
      },
      "StatusCode": 200,
      "ResponseHeaders": {
        "Cache-Control": "no-cache",
        "Content-Length": "738",
        "Content-Type": "application/json; charset=utf-8",
        "Date": "Mon, 15 Aug 2022 20:16:06 GMT",
        "Expires": "-1",
        "Pragma": "no-cache",
        "Server": [
          "Service-Bus-Resource-Provider/SN1",
          "Microsoft-HTTPAPI/2.0"
        ],
        "Server-SB": "Service-Bus-Resource-Provider/SN1",
        "Strict-Transport-Security": "max-age=31536000; includeSubDomains",
        "X-Content-Type-Options": "nosniff",
        "x-ms-client-request-id": "162c34f947b50a12e205a4b30bd860e3",
        "x-ms-correlation-request-id": "be4f2ff2-c42b-4df8-89d3-a6e81f3eee2a",
        "x-ms-ratelimit-remaining-subscription-resource-requests": "49",
        "x-ms-request-id": "cf9fdd99-d3fe-453e-b1f0-47c50aacc942_M8SN1_M8SN1",
        "x-ms-routing-request-id": "WESTUS:20220815T201607Z:be4f2ff2-c42b-4df8-89d3-a6e81f3eee2a"
      },
      "ResponseBody": {
        "sku": {
          "name": "Standard",
          "tier": "Standard",
          "capacity": 1
        },
        "id": "/subscriptions/db1ab6f0-4769-4b27-930e-01e2ef9c123c/resourceGroups/testeventhubRG-8441/providers/Microsoft.EventHub/namespaces/testnamespacemgmt2041",
        "name": "testnamespacemgmt2041",
        "type": "Microsoft.EventHub/Namespaces",
        "location": "East US 2",
        "tags": {},
        "properties": {
          "disableLocalAuth": false,
          "zoneRedundant": false,
          "isAutoInflateEnabled": false,
          "maximumThroughputUnits": 0,
          "kafkaEnabled": true,
          "provisioningState": "Created",
          "metricId": "db1ab6f0-4769-4b27-930e-01e2ef9c123c:testnamespacemgmt2041",
          "createdAt": "2022-08-15T20:16:06.113Z",
          "updatedAt": "2022-08-15T20:16:06.113Z",
          "serviceBusEndpoint": "https://testnamespacemgmt2041.servicebus.windows.net:443/",
          "status": "Activating"
        }
      }
    },
    {
      "RequestUri": "https://management.azure.com/subscriptions/db1ab6f0-4769-4b27-930e-01e2ef9c123c/resourceGroups/testeventhubRG-8441/providers/Microsoft.EventHub/namespaces/testnamespacemgmt2041?api-version=2021-11-01",
      "RequestMethod": "GET",
      "RequestHeaders": {
        "Authorization": "Sanitized",
        "traceparent": "00-6aa60e5e2d1cf7d5d42647e64b482829-c4fb40fb3236a848-00",
        "User-Agent": "azsdk-net-ResourceManager/1.3.0-alpha.20220801.2 (.NET 6.0.8; Microsoft Windows 10.0.22000)",
        "x-ms-client-request-id": "52d59c7968b02748a413e51f3593f6ba",
        "x-ms-return-client-request-id": "true"
      },
      "RequestBody": null,
      "StatusCode": 200,
      "ResponseHeaders": {
        "Cache-Control": "no-cache",
        "Content-Length": "738",
        "Content-Type": "application/json; charset=utf-8",
        "Date": "Mon, 15 Aug 2022 20:16:06 GMT",
        "Expires": "-1",
        "Pragma": "no-cache",
        "Server": [
          "Service-Bus-Resource-Provider/SN1",
          "Microsoft-HTTPAPI/2.0"
        ],
        "Server-SB": "Service-Bus-Resource-Provider/SN1",
        "Strict-Transport-Security": "max-age=31536000; includeSubDomains",
        "X-Content-Type-Options": "nosniff",
        "x-ms-client-request-id": "52d59c7968b02748a413e51f3593f6ba",
        "x-ms-correlation-request-id": "6fbe782b-0da1-458b-aec8-afc4e6501ff2",
        "x-ms-ratelimit-remaining-subscription-reads": "11998",
        "x-ms-request-id": "d86a7563-f2ca-4474-9340-a4ac9d684ade_M8SN1_M8SN1",
        "x-ms-routing-request-id": "WESTUS:20220815T201607Z:6fbe782b-0da1-458b-aec8-afc4e6501ff2"
      },
      "ResponseBody": {
        "sku": {
          "name": "Standard",
          "tier": "Standard",
          "capacity": 1
        },
        "id": "/subscriptions/db1ab6f0-4769-4b27-930e-01e2ef9c123c/resourceGroups/testeventhubRG-8441/providers/Microsoft.EventHub/namespaces/testnamespacemgmt2041",
        "name": "testnamespacemgmt2041",
        "type": "Microsoft.EventHub/Namespaces",
        "location": "East US 2",
        "tags": {},
        "properties": {
          "disableLocalAuth": false,
          "zoneRedundant": false,
          "isAutoInflateEnabled": false,
          "maximumThroughputUnits": 0,
          "kafkaEnabled": true,
          "provisioningState": "Created",
          "metricId": "db1ab6f0-4769-4b27-930e-01e2ef9c123c:testnamespacemgmt2041",
          "createdAt": "2022-08-15T20:16:06.113Z",
          "updatedAt": "2022-08-15T20:16:06.113Z",
          "serviceBusEndpoint": "https://testnamespacemgmt2041.servicebus.windows.net:443/",
          "status": "Activating"
        }
      }
    },
    {
      "RequestUri": "https://management.azure.com/subscriptions/db1ab6f0-4769-4b27-930e-01e2ef9c123c/resourceGroups/testeventhubRG-8441/providers/Microsoft.EventHub/namespaces/testnamespacemgmt2041?api-version=2021-11-01",
      "RequestMethod": "GET",
      "RequestHeaders": {
        "Authorization": "Sanitized",
        "traceparent": "00-6aa60e5e2d1cf7d5d42647e64b482829-77af4d153b8a7569-00",
        "User-Agent": "azsdk-net-ResourceManager/1.3.0-alpha.20220801.2 (.NET 6.0.8; Microsoft Windows 10.0.22000)",
        "x-ms-client-request-id": "01065ea1ce19af457012e978157fda38",
        "x-ms-return-client-request-id": "true"
      },
      "RequestBody": null,
      "StatusCode": 200,
      "ResponseHeaders": {
        "Cache-Control": "no-cache",
        "Content-Length": "738",
        "Content-Type": "application/json; charset=utf-8",
        "Date": "Mon, 15 Aug 2022 20:16:07 GMT",
        "Expires": "-1",
        "Pragma": "no-cache",
        "Server": [
          "Service-Bus-Resource-Provider/SN1",
          "Microsoft-HTTPAPI/2.0"
        ],
        "Server-SB": "Service-Bus-Resource-Provider/SN1",
        "Strict-Transport-Security": "max-age=31536000; includeSubDomains",
        "X-Content-Type-Options": "nosniff",
        "x-ms-client-request-id": "01065ea1ce19af457012e978157fda38",
        "x-ms-correlation-request-id": "6d7a725f-4b86-47b2-9cfb-a7b6c264c986",
        "x-ms-ratelimit-remaining-subscription-reads": "11997",
        "x-ms-request-id": "0099cc82-559a-4464-aa31-1d81e4caf54a_M8SN1_M8SN1",
        "x-ms-routing-request-id": "WESTUS:20220815T201608Z:6d7a725f-4b86-47b2-9cfb-a7b6c264c986"
      },
      "ResponseBody": {
        "sku": {
          "name": "Standard",
          "tier": "Standard",
          "capacity": 1
        },
        "id": "/subscriptions/db1ab6f0-4769-4b27-930e-01e2ef9c123c/resourceGroups/testeventhubRG-8441/providers/Microsoft.EventHub/namespaces/testnamespacemgmt2041",
        "name": "testnamespacemgmt2041",
        "type": "Microsoft.EventHub/Namespaces",
        "location": "East US 2",
        "tags": {},
        "properties": {
          "disableLocalAuth": false,
          "zoneRedundant": false,
          "isAutoInflateEnabled": false,
          "maximumThroughputUnits": 0,
          "kafkaEnabled": true,
          "provisioningState": "Created",
          "metricId": "db1ab6f0-4769-4b27-930e-01e2ef9c123c:testnamespacemgmt2041",
          "createdAt": "2022-08-15T20:16:06.113Z",
          "updatedAt": "2022-08-15T20:16:06.113Z",
          "serviceBusEndpoint": "https://testnamespacemgmt2041.servicebus.windows.net:443/",
          "status": "Activating"
        }
      }
    },
    {
      "RequestUri": "https://management.azure.com/subscriptions/db1ab6f0-4769-4b27-930e-01e2ef9c123c/resourceGroups/testeventhubRG-8441/providers/Microsoft.EventHub/namespaces/testnamespacemgmt2041?api-version=2021-11-01",
      "RequestMethod": "GET",
      "RequestHeaders": {
        "Authorization": "Sanitized",
        "traceparent": "00-6aa60e5e2d1cf7d5d42647e64b482829-d63085de7036a4d7-00",
        "User-Agent": "azsdk-net-ResourceManager/1.3.0-alpha.20220801.2 (.NET 6.0.8; Microsoft Windows 10.0.22000)",
        "x-ms-client-request-id": "6f3aa91d0e03f7331346217763a4e499",
        "x-ms-return-client-request-id": "true"
      },
      "RequestBody": null,
      "StatusCode": 200,
      "ResponseHeaders": {
        "Cache-Control": "no-cache",
        "Content-Length": "738",
        "Content-Type": "application/json; charset=utf-8",
        "Date": "Mon, 15 Aug 2022 20:16:08 GMT",
        "Expires": "-1",
        "Pragma": "no-cache",
        "Server": [
          "Service-Bus-Resource-Provider/SN1",
          "Microsoft-HTTPAPI/2.0"
        ],
        "Server-SB": "Service-Bus-Resource-Provider/SN1",
        "Strict-Transport-Security": "max-age=31536000; includeSubDomains",
        "X-Content-Type-Options": "nosniff",
        "x-ms-client-request-id": "6f3aa91d0e03f7331346217763a4e499",
        "x-ms-correlation-request-id": "8829a644-1a42-4649-99cc-49b3677451ff",
        "x-ms-ratelimit-remaining-subscription-reads": "11996",
        "x-ms-request-id": "acebb105-5817-4863-bd0b-787282f750cd_M8SN1_M8SN1",
        "x-ms-routing-request-id": "WESTUS:20220815T201609Z:8829a644-1a42-4649-99cc-49b3677451ff"
      },
      "ResponseBody": {
        "sku": {
          "name": "Standard",
          "tier": "Standard",
          "capacity": 1
        },
        "id": "/subscriptions/db1ab6f0-4769-4b27-930e-01e2ef9c123c/resourceGroups/testeventhubRG-8441/providers/Microsoft.EventHub/namespaces/testnamespacemgmt2041",
        "name": "testnamespacemgmt2041",
        "type": "Microsoft.EventHub/Namespaces",
        "location": "East US 2",
        "tags": {},
        "properties": {
          "disableLocalAuth": false,
          "zoneRedundant": false,
          "isAutoInflateEnabled": false,
          "maximumThroughputUnits": 0,
          "kafkaEnabled": true,
          "provisioningState": "Created",
          "metricId": "db1ab6f0-4769-4b27-930e-01e2ef9c123c:testnamespacemgmt2041",
          "createdAt": "2022-08-15T20:16:06.113Z",
          "updatedAt": "2022-08-15T20:16:06.113Z",
          "serviceBusEndpoint": "https://testnamespacemgmt2041.servicebus.windows.net:443/",
          "status": "Activating"
        }
      }
    },
    {
      "RequestUri": "https://management.azure.com/subscriptions/db1ab6f0-4769-4b27-930e-01e2ef9c123c/resourceGroups/testeventhubRG-8441/providers/Microsoft.EventHub/namespaces/testnamespacemgmt2041?api-version=2021-11-01",
      "RequestMethod": "GET",
      "RequestHeaders": {
        "Authorization": "Sanitized",
        "traceparent": "00-6aa60e5e2d1cf7d5d42647e64b482829-57bbd53083e63a98-00",
        "User-Agent": "azsdk-net-ResourceManager/1.3.0-alpha.20220801.2 (.NET 6.0.8; Microsoft Windows 10.0.22000)",
        "x-ms-client-request-id": "d0f07847e6a3abe05625e19d7ed01225",
        "x-ms-return-client-request-id": "true"
      },
      "RequestBody": null,
      "StatusCode": 200,
      "ResponseHeaders": {
        "Cache-Control": "no-cache",
        "Content-Length": "738",
        "Content-Type": "application/json; charset=utf-8",
        "Date": "Mon, 15 Aug 2022 20:16:10 GMT",
        "Expires": "-1",
        "Pragma": "no-cache",
        "Server": [
          "Service-Bus-Resource-Provider/SN1",
          "Microsoft-HTTPAPI/2.0"
        ],
        "Server-SB": "Service-Bus-Resource-Provider/SN1",
        "Strict-Transport-Security": "max-age=31536000; includeSubDomains",
        "X-Content-Type-Options": "nosniff",
        "x-ms-client-request-id": "d0f07847e6a3abe05625e19d7ed01225",
        "x-ms-correlation-request-id": "d7a64b9e-67ff-4c33-8ec9-7f6ba13bf8a1",
        "x-ms-ratelimit-remaining-subscription-reads": "11995",
        "x-ms-request-id": "e728dad5-11d1-419c-aa14-2c8211094fd0_M8SN1_M8SN1",
        "x-ms-routing-request-id": "WESTUS:20220815T201611Z:d7a64b9e-67ff-4c33-8ec9-7f6ba13bf8a1"
      },
      "ResponseBody": {
        "sku": {
          "name": "Standard",
          "tier": "Standard",
          "capacity": 1
        },
        "id": "/subscriptions/db1ab6f0-4769-4b27-930e-01e2ef9c123c/resourceGroups/testeventhubRG-8441/providers/Microsoft.EventHub/namespaces/testnamespacemgmt2041",
        "name": "testnamespacemgmt2041",
        "type": "Microsoft.EventHub/Namespaces",
        "location": "East US 2",
        "tags": {},
        "properties": {
          "disableLocalAuth": false,
          "zoneRedundant": false,
          "isAutoInflateEnabled": false,
          "maximumThroughputUnits": 0,
          "kafkaEnabled": true,
          "provisioningState": "Created",
          "metricId": "db1ab6f0-4769-4b27-930e-01e2ef9c123c:testnamespacemgmt2041",
          "createdAt": "2022-08-15T20:16:06.113Z",
          "updatedAt": "2022-08-15T20:16:06.113Z",
          "serviceBusEndpoint": "https://testnamespacemgmt2041.servicebus.windows.net:443/",
          "status": "Activating"
        }
      }
    },
    {
      "RequestUri": "https://management.azure.com/subscriptions/db1ab6f0-4769-4b27-930e-01e2ef9c123c/resourceGroups/testeventhubRG-8441/providers/Microsoft.EventHub/namespaces/testnamespacemgmt2041?api-version=2021-11-01",
      "RequestMethod": "GET",
      "RequestHeaders": {
        "Authorization": "Sanitized",
        "traceparent": "00-6aa60e5e2d1cf7d5d42647e64b482829-385d02b6a8c2832c-00",
        "User-Agent": "azsdk-net-ResourceManager/1.3.0-alpha.20220801.2 (.NET 6.0.8; Microsoft Windows 10.0.22000)",
        "x-ms-client-request-id": "8b02ad38865993b72b0eedd2acce4ccb",
        "x-ms-return-client-request-id": "true"
      },
      "RequestBody": null,
      "StatusCode": 200,
      "ResponseHeaders": {
        "Cache-Control": "no-cache",
        "Content-Length": "738",
        "Content-Type": "application/json; charset=utf-8",
        "Date": "Mon, 15 Aug 2022 20:16:12 GMT",
        "Expires": "-1",
        "Pragma": "no-cache",
        "Server": [
          "Service-Bus-Resource-Provider/SN1",
          "Microsoft-HTTPAPI/2.0"
        ],
        "Server-SB": "Service-Bus-Resource-Provider/SN1",
        "Strict-Transport-Security": "max-age=31536000; includeSubDomains",
        "X-Content-Type-Options": "nosniff",
        "x-ms-client-request-id": "8b02ad38865993b72b0eedd2acce4ccb",
        "x-ms-correlation-request-id": "807421ad-a357-4c27-be1a-e3b35ff998ad",
        "x-ms-ratelimit-remaining-subscription-reads": "11994",
        "x-ms-request-id": "6bfd8fd2-c0dd-4762-b1f4-5a01d460f1b7_M8SN1_M8SN1",
        "x-ms-routing-request-id": "WESTUS:20220815T201613Z:807421ad-a357-4c27-be1a-e3b35ff998ad"
      },
      "ResponseBody": {
        "sku": {
          "name": "Standard",
          "tier": "Standard",
          "capacity": 1
        },
        "id": "/subscriptions/db1ab6f0-4769-4b27-930e-01e2ef9c123c/resourceGroups/testeventhubRG-8441/providers/Microsoft.EventHub/namespaces/testnamespacemgmt2041",
        "name": "testnamespacemgmt2041",
        "type": "Microsoft.EventHub/Namespaces",
        "location": "East US 2",
        "tags": {},
        "properties": {
          "disableLocalAuth": false,
          "zoneRedundant": false,
          "isAutoInflateEnabled": false,
          "maximumThroughputUnits": 0,
          "kafkaEnabled": true,
          "provisioningState": "Created",
          "metricId": "db1ab6f0-4769-4b27-930e-01e2ef9c123c:testnamespacemgmt2041",
          "createdAt": "2022-08-15T20:16:06.113Z",
          "updatedAt": "2022-08-15T20:16:06.113Z",
          "serviceBusEndpoint": "https://testnamespacemgmt2041.servicebus.windows.net:443/",
          "status": "Activating"
        }
      }
    },
    {
      "RequestUri": "https://management.azure.com/subscriptions/db1ab6f0-4769-4b27-930e-01e2ef9c123c/resourceGroups/testeventhubRG-8441/providers/Microsoft.EventHub/namespaces/testnamespacemgmt2041?api-version=2021-11-01",
      "RequestMethod": "GET",
      "RequestHeaders": {
        "Authorization": "Sanitized",
        "traceparent": "00-6aa60e5e2d1cf7d5d42647e64b482829-9a54b330049a45cf-00",
        "User-Agent": "azsdk-net-ResourceManager/1.3.0-alpha.20220801.2 (.NET 6.0.8; Microsoft Windows 10.0.22000)",
        "x-ms-client-request-id": "9c30502e0a8f3694c88e18dd2c957943",
        "x-ms-return-client-request-id": "true"
      },
      "RequestBody": null,
      "StatusCode": 200,
      "ResponseHeaders": {
        "Cache-Control": "no-cache",
        "Content-Length": "738",
        "Content-Type": "application/json; charset=utf-8",
        "Date": "Mon, 15 Aug 2022 20:16:16 GMT",
        "Expires": "-1",
        "Pragma": "no-cache",
        "Server": [
          "Service-Bus-Resource-Provider/SN1",
          "Microsoft-HTTPAPI/2.0"
        ],
        "Server-SB": "Service-Bus-Resource-Provider/SN1",
        "Strict-Transport-Security": "max-age=31536000; includeSubDomains",
        "X-Content-Type-Options": "nosniff",
        "x-ms-client-request-id": "9c30502e0a8f3694c88e18dd2c957943",
        "x-ms-correlation-request-id": "cabaef1b-5d7f-42dc-beaf-faefc18ecfd4",
        "x-ms-ratelimit-remaining-subscription-reads": "11993",
        "x-ms-request-id": "46f8c8d6-f499-4380-8c53-2abdf2bfa22d_M8SN1_M8SN1",
        "x-ms-routing-request-id": "WESTUS:20220815T201617Z:cabaef1b-5d7f-42dc-beaf-faefc18ecfd4"
      },
      "ResponseBody": {
        "sku": {
          "name": "Standard",
          "tier": "Standard",
          "capacity": 1
        },
        "id": "/subscriptions/db1ab6f0-4769-4b27-930e-01e2ef9c123c/resourceGroups/testeventhubRG-8441/providers/Microsoft.EventHub/namespaces/testnamespacemgmt2041",
        "name": "testnamespacemgmt2041",
        "type": "Microsoft.EventHub/Namespaces",
        "location": "East US 2",
        "tags": {},
        "properties": {
          "disableLocalAuth": false,
          "zoneRedundant": false,
          "isAutoInflateEnabled": false,
          "maximumThroughputUnits": 0,
          "kafkaEnabled": true,
          "provisioningState": "Created",
          "metricId": "db1ab6f0-4769-4b27-930e-01e2ef9c123c:testnamespacemgmt2041",
          "createdAt": "2022-08-15T20:16:06.113Z",
          "updatedAt": "2022-08-15T20:16:06.113Z",
          "serviceBusEndpoint": "https://testnamespacemgmt2041.servicebus.windows.net:443/",
          "status": "Activating"
        }
      }
    },
    {
      "RequestUri": "https://management.azure.com/subscriptions/db1ab6f0-4769-4b27-930e-01e2ef9c123c/resourceGroups/testeventhubRG-8441/providers/Microsoft.EventHub/namespaces/testnamespacemgmt2041?api-version=2021-11-01",
      "RequestMethod": "GET",
      "RequestHeaders": {
        "Authorization": "Sanitized",
        "traceparent": "00-6aa60e5e2d1cf7d5d42647e64b482829-2ccbf231338b27aa-00",
        "User-Agent": "azsdk-net-ResourceManager/1.3.0-alpha.20220801.2 (.NET 6.0.8; Microsoft Windows 10.0.22000)",
        "x-ms-client-request-id": "b63efc3458a2c040c15da495f90efe88",
        "x-ms-return-client-request-id": "true"
      },
      "RequestBody": null,
      "StatusCode": 200,
      "ResponseHeaders": {
        "Cache-Control": "no-cache",
        "Content-Length": "738",
        "Content-Type": "application/json; charset=utf-8",
        "Date": "Mon, 15 Aug 2022 20:16:25 GMT",
        "Expires": "-1",
        "Pragma": "no-cache",
        "Server": [
          "Service-Bus-Resource-Provider/SN1",
          "Microsoft-HTTPAPI/2.0"
        ],
        "Server-SB": "Service-Bus-Resource-Provider/SN1",
        "Strict-Transport-Security": "max-age=31536000; includeSubDomains",
        "X-Content-Type-Options": "nosniff",
        "x-ms-client-request-id": "b63efc3458a2c040c15da495f90efe88",
        "x-ms-correlation-request-id": "c43a0662-fa68-4c9a-bd62-a3b33be8279f",
        "x-ms-ratelimit-remaining-subscription-reads": "11992",
        "x-ms-request-id": "75efe57e-b7c3-458c-83d6-da424ecd2e8a_M8SN1_M8SN1",
        "x-ms-routing-request-id": "WESTUS:20220815T201626Z:c43a0662-fa68-4c9a-bd62-a3b33be8279f"
      },
      "ResponseBody": {
        "sku": {
          "name": "Standard",
          "tier": "Standard",
          "capacity": 1
        },
        "id": "/subscriptions/db1ab6f0-4769-4b27-930e-01e2ef9c123c/resourceGroups/testeventhubRG-8441/providers/Microsoft.EventHub/namespaces/testnamespacemgmt2041",
        "name": "testnamespacemgmt2041",
        "type": "Microsoft.EventHub/Namespaces",
        "location": "East US 2",
        "tags": {},
        "properties": {
          "disableLocalAuth": false,
          "zoneRedundant": false,
          "isAutoInflateEnabled": false,
          "maximumThroughputUnits": 0,
          "kafkaEnabled": true,
          "provisioningState": "Created",
          "metricId": "db1ab6f0-4769-4b27-930e-01e2ef9c123c:testnamespacemgmt2041",
          "createdAt": "2022-08-15T20:16:06.113Z",
          "updatedAt": "2022-08-15T20:16:06.113Z",
          "serviceBusEndpoint": "https://testnamespacemgmt2041.servicebus.windows.net:443/",
          "status": "Activating"
        }
      }
    },
    {
      "RequestUri": "https://management.azure.com/subscriptions/db1ab6f0-4769-4b27-930e-01e2ef9c123c/resourceGroups/testeventhubRG-8441/providers/Microsoft.EventHub/namespaces/testnamespacemgmt2041?api-version=2021-11-01",
      "RequestMethod": "GET",
      "RequestHeaders": {
        "Authorization": "Sanitized",
        "traceparent": "00-6aa60e5e2d1cf7d5d42647e64b482829-8bc3e3ed68fabe99-00",
        "User-Agent": "azsdk-net-ResourceManager/1.3.0-alpha.20220801.2 (.NET 6.0.8; Microsoft Windows 10.0.22000)",
        "x-ms-client-request-id": "2e6e15d9759f2d9519cbc2ca6ed96695",
        "x-ms-return-client-request-id": "true"
      },
      "RequestBody": null,
      "StatusCode": 200,
      "ResponseHeaders": {
        "Cache-Control": "no-cache",
        "Content-Length": "738",
        "Content-Type": "application/json; charset=utf-8",
        "Date": "Mon, 15 Aug 2022 20:16:42 GMT",
        "Expires": "-1",
        "Pragma": "no-cache",
        "Server": [
          "Service-Bus-Resource-Provider/SN1",
          "Microsoft-HTTPAPI/2.0"
        ],
        "Server-SB": "Service-Bus-Resource-Provider/SN1",
        "Strict-Transport-Security": "max-age=31536000; includeSubDomains",
        "X-Content-Type-Options": "nosniff",
        "x-ms-client-request-id": "2e6e15d9759f2d9519cbc2ca6ed96695",
        "x-ms-correlation-request-id": "03b0f359-fb87-438e-a1b1-a713cac2916d",
        "x-ms-ratelimit-remaining-subscription-reads": "11991",
        "x-ms-request-id": "6b5a7cd6-95e2-46ac-97fc-b294e2ddb00c_M8SN1_M8SN1",
        "x-ms-routing-request-id": "WESTUS:20220815T201642Z:03b0f359-fb87-438e-a1b1-a713cac2916d"
      },
      "ResponseBody": {
        "sku": {
          "name": "Standard",
          "tier": "Standard",
          "capacity": 1
        },
        "id": "/subscriptions/db1ab6f0-4769-4b27-930e-01e2ef9c123c/resourceGroups/testeventhubRG-8441/providers/Microsoft.EventHub/namespaces/testnamespacemgmt2041",
        "name": "testnamespacemgmt2041",
        "type": "Microsoft.EventHub/Namespaces",
        "location": "East US 2",
        "tags": {},
        "properties": {
          "disableLocalAuth": false,
          "zoneRedundant": false,
          "isAutoInflateEnabled": false,
          "maximumThroughputUnits": 0,
          "kafkaEnabled": true,
          "provisioningState": "Created",
          "metricId": "db1ab6f0-4769-4b27-930e-01e2ef9c123c:testnamespacemgmt2041",
          "createdAt": "2022-08-15T20:16:06.113Z",
          "updatedAt": "2022-08-15T20:16:06.113Z",
          "serviceBusEndpoint": "https://testnamespacemgmt2041.servicebus.windows.net:443/",
          "status": "Activating"
        }
      }
    },
    {
      "RequestUri": "https://management.azure.com/subscriptions/db1ab6f0-4769-4b27-930e-01e2ef9c123c/resourceGroups/testeventhubRG-8441/providers/Microsoft.EventHub/namespaces/testnamespacemgmt2041?api-version=2021-11-01",
      "RequestMethod": "GET",
      "RequestHeaders": {
        "Authorization": "Sanitized",
        "traceparent": "00-6aa60e5e2d1cf7d5d42647e64b482829-ebf16f7b29d2fc9c-00",
        "User-Agent": "azsdk-net-ResourceManager/1.3.0-alpha.20220801.2 (.NET 6.0.8; Microsoft Windows 10.0.22000)",
        "x-ms-client-request-id": "af9eaa95958fd6290f6fdb3165ff3dba",
        "x-ms-return-client-request-id": "true"
      },
      "RequestBody": null,
      "StatusCode": 200,
      "ResponseHeaders": {
        "Cache-Control": "no-cache",
        "Content-Length": "735",
        "Content-Type": "application/json; charset=utf-8",
        "Date": "Mon, 15 Aug 2022 20:17:14 GMT",
        "Expires": "-1",
        "Pragma": "no-cache",
        "Server": [
          "Service-Bus-Resource-Provider/SN1",
          "Microsoft-HTTPAPI/2.0"
        ],
        "Server-SB": "Service-Bus-Resource-Provider/SN1",
        "Strict-Transport-Security": "max-age=31536000; includeSubDomains",
        "X-Content-Type-Options": "nosniff",
        "x-ms-client-request-id": "af9eaa95958fd6290f6fdb3165ff3dba",
        "x-ms-correlation-request-id": "f346de84-3c47-409d-a7e1-0ea1c4f76776",
        "x-ms-ratelimit-remaining-subscription-reads": "11990",
        "x-ms-request-id": "2120da22-5f19-4026-96d5-95bde784e83d_M11SN1_M11SN1",
        "x-ms-routing-request-id": "WESTUS:20220815T201715Z:f346de84-3c47-409d-a7e1-0ea1c4f76776"
      },
      "ResponseBody": {
        "sku": {
          "name": "Standard",
          "tier": "Standard",
          "capacity": 1
        },
        "id": "/subscriptions/db1ab6f0-4769-4b27-930e-01e2ef9c123c/resourceGroups/testeventhubRG-8441/providers/Microsoft.EventHub/namespaces/testnamespacemgmt2041",
        "name": "testnamespacemgmt2041",
        "type": "Microsoft.EventHub/Namespaces",
        "location": "East US 2",
        "tags": {},
        "properties": {
          "disableLocalAuth": false,
          "zoneRedundant": false,
          "isAutoInflateEnabled": false,
          "maximumThroughputUnits": 0,
          "kafkaEnabled": true,
          "provisioningState": "Succeeded",
          "metricId": "db1ab6f0-4769-4b27-930e-01e2ef9c123c:testnamespacemgmt2041",
          "createdAt": "2022-08-15T20:16:06.113Z",
          "updatedAt": "2022-08-15T20:16:58.49Z",
          "serviceBusEndpoint": "https://testnamespacemgmt2041.servicebus.windows.net:443/",
          "status": "Active"
        }
      }
    },
    {
      "RequestUri": "https://management.azure.com/subscriptions/db1ab6f0-4769-4b27-930e-01e2ef9c123c/resourceGroups/testeventhubRG-8441/providers/Microsoft.EventHub/namespaces/testnamespacemgmt2041?api-version=2021-11-01",
      "RequestMethod": "GET",
      "RequestHeaders": {
        "Accept": "application/json",
        "Authorization": "Sanitized",
        "traceparent": "00-2d6af6fb46e18d282a39cbd467127a17-93e1218630ad4719-00",
        "User-Agent": "azsdk-net-ResourceManager.EventHubs/1.1.0-alpha.20220815.1 (.NET 6.0.8; Microsoft Windows 10.0.22000)",
        "x-ms-client-request-id": "1603908f4a27bfa367109dd6957552e7",
        "x-ms-return-client-request-id": "true"
      },
      "RequestBody": null,
      "StatusCode": 200,
      "ResponseHeaders": {
        "Cache-Control": "no-cache",
        "Content-Length": "735",
        "Content-Type": "application/json; charset=utf-8",
        "Date": "Mon, 15 Aug 2022 20:17:14 GMT",
        "Expires": "-1",
        "Pragma": "no-cache",
        "Server": [
          "Service-Bus-Resource-Provider/SN1",
          "Microsoft-HTTPAPI/2.0"
        ],
        "Server-SB": "Service-Bus-Resource-Provider/SN1",
        "Strict-Transport-Security": "max-age=31536000; includeSubDomains",
        "X-Content-Type-Options": "nosniff",
        "x-ms-client-request-id": "1603908f4a27bfa367109dd6957552e7",
        "x-ms-correlation-request-id": "21d68448-b0f5-416f-9358-52640d74e1dd",
        "x-ms-ratelimit-remaining-subscription-reads": "11989",
        "x-ms-request-id": "6250c08e-2117-4c95-9cab-87e2458c56c1_M11SN1_M11SN1",
        "x-ms-routing-request-id": "WESTUS:20220815T201715Z:21d68448-b0f5-416f-9358-52640d74e1dd"
      },
      "ResponseBody": {
        "sku": {
          "name": "Standard",
          "tier": "Standard",
          "capacity": 1
        },
        "id": "/subscriptions/db1ab6f0-4769-4b27-930e-01e2ef9c123c/resourceGroups/testeventhubRG-8441/providers/Microsoft.EventHub/namespaces/testnamespacemgmt2041",
        "name": "testnamespacemgmt2041",
        "type": "Microsoft.EventHub/Namespaces",
        "location": "East US 2",
        "tags": {},
        "properties": {
          "disableLocalAuth": false,
          "zoneRedundant": false,
          "isAutoInflateEnabled": false,
          "maximumThroughputUnits": 0,
          "kafkaEnabled": true,
          "provisioningState": "Succeeded",
          "metricId": "db1ab6f0-4769-4b27-930e-01e2ef9c123c:testnamespacemgmt2041",
          "createdAt": "2022-08-15T20:16:06.113Z",
          "updatedAt": "2022-08-15T20:16:58.49Z",
          "serviceBusEndpoint": "https://testnamespacemgmt2041.servicebus.windows.net:443/",
          "status": "Active"
        }
      }
    },
    {
      "RequestUri": "https://management.azure.com/subscriptions/db1ab6f0-4769-4b27-930e-01e2ef9c123c/resourceGroups/testeventhubRG-8441/providers/Microsoft.EventHub/namespaces/testnamespacemgmt2041?api-version=2021-11-01",
      "RequestMethod": "PATCH",
      "RequestHeaders": {
        "Accept": "application/json",
        "Authorization": "Sanitized",
        "Content-Length": "61",
        "Content-Type": "application/json",
        "traceparent": "00-2d6af6fb46e18d282a39cbd467127a17-8d0b7891d9228fb6-00",
        "User-Agent": "azsdk-net-ResourceManager.EventHubs/1.1.0-alpha.20220815.1 (.NET 6.0.8; Microsoft Windows 10.0.22000)",
        "x-ms-client-request-id": "4eff0ff64f7043f8ec981e309a64c819",
        "x-ms-return-client-request-id": "true"
      },
      "RequestBody": {
        "tags": {
          "key": "value"
        },
        "location": "eastus2",
        "properties": {}
      },
      "StatusCode": 200,
      "ResponseHeaders": {
        "Cache-Control": "no-cache",
        "Content-Length": "752",
        "Content-Type": "application/json; charset=utf-8",
        "Date": "Mon, 15 Aug 2022 20:17:16 GMT",
        "Expires": "-1",
        "Pragma": "no-cache",
        "Server": [
          "Service-Bus-Resource-Provider/SN1",
          "Microsoft-HTTPAPI/2.0"
        ],
        "Server-SB": "Service-Bus-Resource-Provider/SN1",
        "Strict-Transport-Security": "max-age=31536000; includeSubDomains",
        "X-Content-Type-Options": "nosniff",
        "x-ms-client-request-id": "4eff0ff64f7043f8ec981e309a64c819",
        "x-ms-correlation-request-id": "83b8eace-d713-4f8c-b0f9-46e9760b4e36",
        "x-ms-ratelimit-remaining-subscription-resource-requests": "48",
        "x-ms-request-id": "0842af80-386f-459b-ba33-22beea045fd1_M11SN1_M11SN1",
        "x-ms-routing-request-id": "WESTUS:20220815T201717Z:83b8eace-d713-4f8c-b0f9-46e9760b4e36"
      },
      "ResponseBody": {
        "sku": {
          "name": "Standard",
          "tier": "Standard",
          "capacity": 1
        },
        "id": "/subscriptions/db1ab6f0-4769-4b27-930e-01e2ef9c123c/resourceGroups/testeventhubRG-8441/providers/Microsoft.EventHub/namespaces/testnamespacemgmt2041",
        "name": "testnamespacemgmt2041",
        "type": "Microsoft.EventHub/Namespaces",
        "location": "East US 2",
        "tags": {
          "key": "value"
        },
        "properties": {
          "disableLocalAuth": false,
          "zoneRedundant": false,
          "isAutoInflateEnabled": false,
          "maximumThroughputUnits": 0,
          "kafkaEnabled": true,
          "provisioningState": "Updating",
          "metricId": "db1ab6f0-4769-4b27-930e-01e2ef9c123c:testnamespacemgmt2041",
          "createdAt": "2022-08-15T20:16:06.113Z",
          "updatedAt": "2022-08-15T20:17:15.813Z",
          "serviceBusEndpoint": "https://testnamespacemgmt2041.servicebus.windows.net:443/",
          "status": "Activating"
        }
      }
    },
    {
      "RequestUri": "https://management.azure.com/subscriptions/db1ab6f0-4769-4b27-930e-01e2ef9c123c/resourceGroups/testeventhubRG-8441/providers/Microsoft.EventHub/namespaces/testnamespacemgmt2041?api-version=2021-11-01",
      "RequestMethod": "GET",
      "RequestHeaders": {
        "Accept": "application/json",
        "Authorization": "Sanitized",
        "traceparent": "00-681c790afcc43f6cbeaee8e61d579854-ca0cf555cbeced65-00",
        "User-Agent": "azsdk-net-ResourceManager.EventHubs/1.1.0-alpha.20220815.1 (.NET 6.0.8; Microsoft Windows 10.0.22000)",
        "x-ms-client-request-id": "de3a088e50d54a6e07de487ff852409a",
        "x-ms-return-client-request-id": "true"
      },
      "RequestBody": null,
      "StatusCode": 200,
      "ResponseHeaders": {
        "Cache-Control": "no-cache",
        "Content-Length": "752",
        "Content-Type": "application/json; charset=utf-8",
        "Date": "Mon, 15 Aug 2022 20:17:16 GMT",
        "Expires": "-1",
        "Pragma": "no-cache",
        "Server": [
          "Service-Bus-Resource-Provider/SN1",
          "Microsoft-HTTPAPI/2.0"
        ],
        "Server-SB": "Service-Bus-Resource-Provider/SN1",
        "Strict-Transport-Security": "max-age=31536000; includeSubDomains",
        "X-Content-Type-Options": "nosniff",
        "x-ms-client-request-id": "de3a088e50d54a6e07de487ff852409a",
        "x-ms-correlation-request-id": "4ef0cf0e-18c3-44da-ae74-38e25a00a4ae",
        "x-ms-ratelimit-remaining-subscription-reads": "11988",
        "x-ms-request-id": "349b6a0d-15d9-497d-b100-f7a3b79b0e8b_M11SN1_M11SN1",
        "x-ms-routing-request-id": "WESTUS:20220815T201717Z:4ef0cf0e-18c3-44da-ae74-38e25a00a4ae"
      },
      "ResponseBody": {
        "sku": {
          "name": "Standard",
          "tier": "Standard",
          "capacity": 1
        },
        "id": "/subscriptions/db1ab6f0-4769-4b27-930e-01e2ef9c123c/resourceGroups/testeventhubRG-8441/providers/Microsoft.EventHub/namespaces/testnamespacemgmt2041",
        "name": "testnamespacemgmt2041",
        "type": "Microsoft.EventHub/Namespaces",
        "location": "East US 2",
        "tags": {
          "key": "value"
        },
        "properties": {
          "disableLocalAuth": false,
          "zoneRedundant": false,
          "isAutoInflateEnabled": false,
          "maximumThroughputUnits": 0,
          "kafkaEnabled": true,
          "provisioningState": "Updating",
          "metricId": "db1ab6f0-4769-4b27-930e-01e2ef9c123c:testnamespacemgmt2041",
          "createdAt": "2022-08-15T20:16:06.113Z",
          "updatedAt": "2022-08-15T20:17:15.813Z",
          "serviceBusEndpoint": "https://testnamespacemgmt2041.servicebus.windows.net:443/",
          "status": "Activating"
        }
      }
    },
    {
      "RequestUri": "https://management.azure.com/subscriptions/db1ab6f0-4769-4b27-930e-01e2ef9c123c/resourceGroups/testeventhubRG-8441/providers/Microsoft.EventHub/namespaces/testnamespacemgmt2041?api-version=2021-11-01",
      "RequestMethod": "PATCH",
      "RequestHeaders": {
        "Accept": "application/json",
        "Authorization": "Sanitized",
        "Content-Length": "77",
        "Content-Type": "application/json",
        "traceparent": "00-681c790afcc43f6cbeaee8e61d579854-4a1848c229422a32-00",
        "User-Agent": "azsdk-net-ResourceManager.EventHubs/1.1.0-alpha.20220815.1 (.NET 6.0.8; Microsoft Windows 10.0.22000)",
        "x-ms-client-request-id": "563af31deeff404a98bf2a8f2c722502",
        "x-ms-return-client-request-id": "true"
      },
      "RequestBody": {
        "tags": {
          "key": "value",
          "key1": "value1"
        },
        "location": "eastus2",
        "properties": {}
      },
      "StatusCode": 429,
      "ResponseHeaders": {
        "Cache-Control": "no-cache",
        "Connection": "close",
        "Content-Length": "192",
        "Content-Type": "application/json; charset=utf-8",
        "Date": "Mon, 15 Aug 2022 20:17:17 GMT",
        "Expires": "-1",
        "Pragma": "no-cache",
        "Retry-After": "292",
        "Server": [
          "Service-Bus-Resource-Provider/SN1",
          "Microsoft-HTTPAPI/2.0"
        ],
        "Server-SB": "Service-Bus-Resource-Provider/SN1",
        "Strict-Transport-Security": "max-age=31536000; includeSubDomains",
        "X-Content-Type-Options": "nosniff",
        "x-ms-client-request-id": "563af31deeff404a98bf2a8f2c722502",
        "x-ms-correlation-request-id": "1d24fc19-7c63-4998-a2d4-34a540844dfb",
        "x-ms-ratelimit-remaining-subscription-resource-requests": "47",
        "x-ms-request-id": "ee6c6566-3aca-476a-9db7-d27a44317bac_M11SN1_M11SN1",
        "x-ms-routing-request-id": "WESTUS:20220815T201717Z:1d24fc19-7c63-4998-a2d4-34a540844dfb"
      },
      "ResponseBody": {
        "error": {
          "message": "Namespace provisioning in transition. For more information visit https://aka.ms/eventhubsarmexceptions. CorrelationId: 1d24fc19-7c63-4998-a2d4-34a540844dfb",
          "code": "429"
        }
      }
    },
    {
      "RequestUri": "https://management.azure.com/subscriptions/db1ab6f0-4769-4b27-930e-01e2ef9c123c/resourceGroups/testeventhubRG-8441/providers/Microsoft.EventHub/namespaces/testnamespacemgmt2041?api-version=2021-11-01",
      "RequestMethod": "PATCH",
      "RequestHeaders": {
        "Accept": "application/json",
        "Authorization": "Sanitized",
        "Content-Length": "77",
        "Content-Type": "application/json",
        "traceparent": "00-681c790afcc43f6cbeaee8e61d579854-4a1848c229422a32-00",
        "User-Agent": "azsdk-net-ResourceManager.EventHubs/1.1.0-alpha.20220815.1 (.NET 6.0.8; Microsoft Windows 10.0.22000)",
        "x-ms-client-request-id": "563af31deeff404a98bf2a8f2c722502",
        "x-ms-return-client-request-id": "true"
      },
      "RequestBody": {
        "tags": {
          "key": "value",
          "key1": "value1"
        },
        "location": "eastus2",
        "properties": {}
      },
      "StatusCode": 200,
      "ResponseHeaders": {
        "Cache-Control": "no-cache",
        "Content-Length": "768",
        "Content-Type": "application/json; charset=utf-8",
        "Date": "Mon, 15 Aug 2022 20:22:12 GMT",
        "Expires": "-1",
        "Pragma": "no-cache",
        "Server": [
          "Service-Bus-Resource-Provider/CH3",
          "Microsoft-HTTPAPI/2.0"
        ],
        "Server-SB": "Service-Bus-Resource-Provider/CH3",
        "Strict-Transport-Security": "max-age=31536000; includeSubDomains",
        "X-Content-Type-Options": "nosniff",
        "x-ms-client-request-id": "563af31deeff404a98bf2a8f2c722502",
        "x-ms-correlation-request-id": "7ec1ab45-c26e-4485-b401-9154341c98e4",
        "x-ms-ratelimit-remaining-subscription-resource-requests": "49",
        "x-ms-request-id": "84211f3b-f1df-4c13-8a8b-9b2837fd9b9b_M1CH3_M1CH3",
        "x-ms-routing-request-id": "WESTUS2:20220815T202212Z:7ec1ab45-c26e-4485-b401-9154341c98e4"
      },
      "ResponseBody": {
        "sku": {
          "name": "Standard",
          "tier": "Standard",
          "capacity": 1
        },
        "id": "/subscriptions/db1ab6f0-4769-4b27-930e-01e2ef9c123c/resourceGroups/testeventhubRG-8441/providers/Microsoft.EventHub/namespaces/testnamespacemgmt2041",
        "name": "testnamespacemgmt2041",
        "type": "Microsoft.EventHub/Namespaces",
        "location": "East US 2",
        "tags": {
          "key": "value",
          "key1": "value1"
        },
        "properties": {
          "disableLocalAuth": false,
          "zoneRedundant": false,
          "isAutoInflateEnabled": false,
          "maximumThroughputUnits": 0,
          "kafkaEnabled": true,
          "provisioningState": "Updating",
          "metricId": "db1ab6f0-4769-4b27-930e-01e2ef9c123c:testnamespacemgmt2041",
          "createdAt": "2022-08-15T20:16:06.113Z",
          "updatedAt": "2022-08-15T20:22:10.987Z",
          "serviceBusEndpoint": "https://testnamespacemgmt2041.servicebus.windows.net:443/",
          "status": "Activating"
        }
      }
    },
    {
      "RequestUri": "https://management.azure.com/subscriptions/db1ab6f0-4769-4b27-930e-01e2ef9c123c/resourceGroups/testeventhubRG-8441/providers/Microsoft.EventHub/namespaces/testnamespacemgmt2041?api-version=2021-11-01",
      "RequestMethod": "GET",
      "RequestHeaders": {
        "Accept": "application/json",
        "Authorization": "Sanitized",
        "traceparent": "00-0b1858a3e3027cf26030fc054a2cd4f1-93b86bef35a65251-00",
        "User-Agent": "azsdk-net-ResourceManager.EventHubs/1.1.0-alpha.20220815.1 (.NET 6.0.8; Microsoft Windows 10.0.22000)",
        "x-ms-client-request-id": "8d488348743ba611a0b4469106794b99",
        "x-ms-return-client-request-id": "true"
      },
      "RequestBody": null,
      "StatusCode": 200,
      "ResponseHeaders": {
        "Cache-Control": "no-cache",
        "Content-Length": "768",
        "Content-Type": "application/json; charset=utf-8",
        "Date": "Mon, 15 Aug 2022 20:22:12 GMT",
        "Expires": "-1",
        "Pragma": "no-cache",
        "Server": [
          "Service-Bus-Resource-Provider/CH3",
          "Microsoft-HTTPAPI/2.0"
        ],
        "Server-SB": "Service-Bus-Resource-Provider/CH3",
        "Strict-Transport-Security": "max-age=31536000; includeSubDomains",
        "X-Content-Type-Options": "nosniff",
        "x-ms-client-request-id": "8d488348743ba611a0b4469106794b99",
        "x-ms-correlation-request-id": "3434ed07-4dd7-4d01-8eb6-c4ea5855d1c1",
        "x-ms-ratelimit-remaining-subscription-reads": "11999",
        "x-ms-request-id": "d912480f-b3fb-4bf6-ae54-ab5094ad85b1_M1CH3_M1CH3",
        "x-ms-routing-request-id": "WESTUS2:20220815T202212Z:3434ed07-4dd7-4d01-8eb6-c4ea5855d1c1"
      },
      "ResponseBody": {
        "sku": {
          "name": "Standard",
          "tier": "Standard",
          "capacity": 1
        },
        "id": "/subscriptions/db1ab6f0-4769-4b27-930e-01e2ef9c123c/resourceGroups/testeventhubRG-8441/providers/Microsoft.EventHub/namespaces/testnamespacemgmt2041",
        "name": "testnamespacemgmt2041",
        "type": "Microsoft.EventHub/Namespaces",
        "location": "East US 2",
        "tags": {
          "key": "value",
          "key1": "value1"
        },
        "properties": {
          "disableLocalAuth": false,
          "zoneRedundant": false,
          "isAutoInflateEnabled": false,
          "maximumThroughputUnits": 0,
          "kafkaEnabled": true,
          "provisioningState": "Updating",
          "metricId": "db1ab6f0-4769-4b27-930e-01e2ef9c123c:testnamespacemgmt2041",
          "createdAt": "2022-08-15T20:16:06.113Z",
          "updatedAt": "2022-08-15T20:22:10.987Z",
          "serviceBusEndpoint": "https://testnamespacemgmt2041.servicebus.windows.net:443/",
          "status": "Activating"
        }
      }
    },
    {
      "RequestUri": "https://management.azure.com/subscriptions/db1ab6f0-4769-4b27-930e-01e2ef9c123c/resourceGroups/testeventhubRG-8441/providers/Microsoft.EventHub/namespaces/testnamespacemgmt2041?api-version=2021-11-01",
      "RequestMethod": "PATCH",
      "RequestHeaders": {
        "Accept": "application/json",
        "Authorization": "Sanitized",
        "Content-Length": "63",
        "Content-Type": "application/json",
        "traceparent": "00-0b1858a3e3027cf26030fc054a2cd4f1-d89f46b5610966f5-00",
        "User-Agent": "azsdk-net-ResourceManager.EventHubs/1.1.0-alpha.20220815.1 (.NET 6.0.8; Microsoft Windows 10.0.22000)",
        "x-ms-client-request-id": "a6138457712a9f19bdf9451526de1e94",
        "x-ms-return-client-request-id": "true"
      },
      "RequestBody": {
        "tags": {
          "key1": "value1"
        },
        "location": "eastus2",
        "properties": {}
      },
      "StatusCode": 429,
      "ResponseHeaders": {
        "Cache-Control": "no-cache",
        "Connection": "close",
        "Content-Length": "192",
        "Content-Type": "application/json; charset=utf-8",
        "Date": "Mon, 15 Aug 2022 20:22:13 GMT",
        "Expires": "-1",
        "Pragma": "no-cache",
        "Retry-After": "264",
        "Server": [
          "Service-Bus-Resource-Provider/CH3",
          "Microsoft-HTTPAPI/2.0"
        ],
        "Server-SB": "Service-Bus-Resource-Provider/CH3",
        "Strict-Transport-Security": "max-age=31536000; includeSubDomains",
        "X-Content-Type-Options": "nosniff",
        "x-ms-client-request-id": "a6138457712a9f19bdf9451526de1e94",
        "x-ms-correlation-request-id": "00b9021a-66f9-4d21-bdc0-0061e74f256d",
        "x-ms-ratelimit-remaining-subscription-resource-requests": "48",
        "x-ms-request-id": "5694ea86-a2ae-4614-b13e-bbaadf886708_M1CH3_M1CH3",
        "x-ms-routing-request-id": "WESTUS2:20220815T202213Z:00b9021a-66f9-4d21-bdc0-0061e74f256d"
      },
      "ResponseBody": {
        "error": {
          "message": "Namespace provisioning in transition. For more information visit https://aka.ms/eventhubsarmexceptions. CorrelationId: 00b9021a-66f9-4d21-bdc0-0061e74f256d",
          "code": "429"
        }
      }
    },
    {
      "RequestUri": "https://management.azure.com/subscriptions/db1ab6f0-4769-4b27-930e-01e2ef9c123c/resourceGroups/testeventhubRG-8441/providers/Microsoft.EventHub/namespaces/testnamespacemgmt2041?api-version=2021-11-01",
      "RequestMethod": "PATCH",
      "RequestHeaders": {
        "Accept": "application/json",
        "Authorization": "Sanitized",
        "Content-Length": "63",
        "Content-Type": "application/json",
        "traceparent": "00-0b1858a3e3027cf26030fc054a2cd4f1-d89f46b5610966f5-00",
        "User-Agent": "azsdk-net-ResourceManager.EventHubs/1.1.0-alpha.20220815.1 (.NET 6.0.8; Microsoft Windows 10.0.22000)",
        "x-ms-client-request-id": "a6138457712a9f19bdf9451526de1e94",
        "x-ms-return-client-request-id": "true"
      },
      "RequestBody": {
        "tags": {
          "key1": "value1"
        },
        "location": "eastus2",
        "properties": {}
      },
      "StatusCode": 200,
      "ResponseHeaders": {
        "Cache-Control": "no-cache",
        "Content-Length": "753",
        "Content-Type": "application/json; charset=utf-8",
        "Date": "Mon, 15 Aug 2022 20:26:39 GMT",
        "Expires": "-1",
        "Pragma": "no-cache",
        "Server": [
          "Service-Bus-Resource-Provider/CH3",
          "Microsoft-HTTPAPI/2.0"
        ],
        "Server-SB": "Service-Bus-Resource-Provider/CH3",
        "Strict-Transport-Security": "max-age=31536000; includeSubDomains",
        "X-Content-Type-Options": "nosniff",
        "x-ms-client-request-id": "a6138457712a9f19bdf9451526de1e94",
        "x-ms-correlation-request-id": "b95eaf6b-4fec-401c-b846-a315c2ab5134",
        "x-ms-ratelimit-remaining-subscription-resource-requests": "49",
        "x-ms-request-id": "f9060653-6bd5-4898-b5c5-98da0e602445_M9CH3_M9CH3",
        "x-ms-routing-request-id": "WESTUS2:20220815T202639Z:b95eaf6b-4fec-401c-b846-a315c2ab5134"
      },
      "ResponseBody": {
        "sku": {
          "name": "Standard",
          "tier": "Standard",
          "capacity": 1
        },
        "id": "/subscriptions/db1ab6f0-4769-4b27-930e-01e2ef9c123c/resourceGroups/testeventhubRG-8441/providers/Microsoft.EventHub/namespaces/testnamespacemgmt2041",
        "name": "testnamespacemgmt2041",
        "type": "Microsoft.EventHub/Namespaces",
        "location": "East US 2",
        "tags": {
          "key1": "value1"
        },
        "properties": {
          "disableLocalAuth": false,
          "zoneRedundant": false,
          "isAutoInflateEnabled": false,
          "maximumThroughputUnits": 0,
          "kafkaEnabled": true,
          "provisioningState": "Updating",
          "metricId": "db1ab6f0-4769-4b27-930e-01e2ef9c123c:testnamespacemgmt2041",
          "createdAt": "2022-08-15T20:16:06.113Z",
          "updatedAt": "2022-08-15T20:26:38.56Z",
          "serviceBusEndpoint": "https://testnamespacemgmt2041.servicebus.windows.net:443/",
          "status": "Activating"
        }
      }
    },
    {
      "RequestUri": "https://management.azure.com/subscriptions/db1ab6f0-4769-4b27-930e-01e2ef9c123c/resourceGroups/testeventhubRG-8441/providers/Microsoft.EventHub/namespaces/testnamespacemgmt2041?api-version=2021-11-01",
      "RequestMethod": "GET",
      "RequestHeaders": {
        "Accept": "application/json",
        "Authorization": "Sanitized",
        "traceparent": "00-ce82b6af20dee215cf4740fd097a9a38-c15fe87a67ceefdf-00",
        "User-Agent": "azsdk-net-ResourceManager.EventHubs/1.1.0-alpha.20220815.1 (.NET 6.0.8; Microsoft Windows 10.0.22000)",
        "x-ms-client-request-id": "753646b9b30aa85ee193b54ba8b9391e",
        "x-ms-return-client-request-id": "true"
      },
      "RequestBody": null,
      "StatusCode": 200,
      "ResponseHeaders": {
        "Cache-Control": "no-cache",
        "Content-Length": "751",
        "Content-Type": "application/json; charset=utf-8",
        "Date": "Mon, 15 Aug 2022 20:26:49 GMT",
        "Expires": "-1",
        "Pragma": "no-cache",
        "Server": [
          "Service-Bus-Resource-Provider/CH3",
          "Microsoft-HTTPAPI/2.0"
        ],
        "Server-SB": "Service-Bus-Resource-Provider/CH3",
        "Strict-Transport-Security": "max-age=31536000; includeSubDomains",
        "X-Content-Type-Options": "nosniff",
        "x-ms-client-request-id": "753646b9b30aa85ee193b54ba8b9391e",
        "x-ms-correlation-request-id": "05971d70-dcc1-4ce9-b9c6-94dbdf19a043",
        "x-ms-ratelimit-remaining-subscription-reads": "11999",
        "x-ms-request-id": "ab8e9ed7-0229-4e00-a0bf-68c3e9aeb3a2_M8CH3_M8CH3",
        "x-ms-routing-request-id": "WESTUS2:20220815T202650Z:05971d70-dcc1-4ce9-b9c6-94dbdf19a043"
      },
      "ResponseBody": {
        "sku": {
          "name": "Standard",
          "tier": "Standard",
          "capacity": 1
        },
        "id": "/subscriptions/db1ab6f0-4769-4b27-930e-01e2ef9c123c/resourceGroups/testeventhubRG-8441/providers/Microsoft.EventHub/namespaces/testnamespacemgmt2041",
        "name": "testnamespacemgmt2041",
        "type": "Microsoft.EventHub/Namespaces",
        "location": "East US 2",
        "tags": {
          "key1": "value1"
        },
        "properties": {
          "disableLocalAuth": false,
          "zoneRedundant": false,
          "isAutoInflateEnabled": false,
          "maximumThroughputUnits": 0,
          "kafkaEnabled": true,
          "provisioningState": "Succeeded",
          "metricId": "db1ab6f0-4769-4b27-930e-01e2ef9c123c:testnamespacemgmt2041",
          "createdAt": "2022-08-15T20:16:06.113Z",
          "updatedAt": "2022-08-15T20:26:42.267Z",
          "serviceBusEndpoint": "https://testnamespacemgmt2041.servicebus.windows.net:443/",
          "status": "Active"
        }
      }
    }
  ],
  "Variables": {
    "AZURE_AUTHORITY_HOST": "https://login.microsoftonline.com",
    "RandomSeed": "1078458428",
    "RESOURCE_MANAGER_URL": null,
    "SUBSCRIPTION_ID": "db1ab6f0-4769-4b27-930e-01e2ef9c123c"
  }
}
