{
  "Entries": [
    {
      "RequestUri": "https://management.azure.com/subscriptions/326100e2-f69d-4268-8503-075374f62b6e?api-version=2021-01-01",
      "RequestMethod": "GET",
      "RequestHeaders": {
        "Accept": "application/json",
        "Authorization": "Sanitized",
        "traceparent": "00-29c6a8c02e21b24d9ceb91ea65c14d3a-456651c536008642-00",
        "User-Agent": "azsdk-net-ResourceManager/1.3.2 (.NET Framework 4.8.9105.0; Microsoft Windows 10.0.19044 )",
        "x-ms-client-request-id": "a6c0ea77b6adc91843509b2b843166ec",
        "x-ms-return-client-request-id": "true"
      },
      "RequestBody": null,
      "StatusCode": 200,
      "ResponseHeaders": {
        "Cache-Control": "no-cache",
        "Content-Length": "460",
        "Content-Type": "application/json; charset=utf-8",
        "Date": "Thu, 22 Dec 2022 10:47:07 GMT",
        "Expires": "-1",
        "Pragma": "no-cache",
        "Strict-Transport-Security": "max-age=31536000; includeSubDomains",
        "X-Content-Type-Options": "nosniff",
        "x-ms-correlation-request-id": "5b2592a3-aad5-4051-90bf-b25dfe215446",
        "x-ms-ratelimit-remaining-subscription-reads": "11913",
        "x-ms-request-id": "5b2592a3-aad5-4051-90bf-b25dfe215446",
        "x-ms-routing-request-id": "SOUTHCENTRALUS:20221222T104708Z:5b2592a3-aad5-4051-90bf-b25dfe215446"
      },
      "ResponseBody": {
        "id": "/subscriptions/326100e2-f69d-4268-8503-075374f62b6e",
        "authorizationSource": "RoleBased",
        "managedByTenants": [
          {
            "tenantId": "2f4a9838-26b7-47ee-be60-ccc1fdec5953"
          }
        ],
        "subscriptionId": "326100e2-f69d-4268-8503-075374f62b6e",
        "tenantId": "72f988bf-86f1-41af-91ab-2d7cd011db47",
        "displayName": "Azure Messaging PM Playground",
        "state": "Enabled",
        "subscriptionPolicies": {
          "locationPlacementId": "Internal_2014-09-01",
          "quotaId": "Internal_2014-09-01",
          "spendingLimit": "Off"
        }
      }
    },
    {
      "RequestUri": "https://management.azure.com/subscriptions/326100e2-f69d-4268-8503-075374f62b6e/resourcegroups/testeventhubRG-1174?api-version=2021-04-01",
      "RequestMethod": "PUT",
      "RequestHeaders": {
        "Accept": "application/json",
        "Authorization": "Sanitized",
        "Content-Length": "44",
        "Content-Type": "application/json",
        "traceparent": "00-86fcb2c23a52a9418bc7e42098d03a54-4e3d04fe6410574d-00",
        "User-Agent": "azsdk-net-ResourceManager/1.3.2 (.NET Framework 4.8.9105.0; Microsoft Windows 10.0.19044 )",
        "x-ms-client-request-id": "f70cacaa842c4c1454bbb70b10c8daa7",
        "x-ms-return-client-request-id": "true"
      },
      "RequestBody": {
        "tags": {
          "test": "env"
        },
        "location": "eastus2"
      },
      "StatusCode": 201,
      "ResponseHeaders": {
        "Cache-Control": "no-cache",
        "Content-Length": "258",
        "Content-Type": "application/json; charset=utf-8",
        "Date": "Thu, 22 Dec 2022 10:47:09 GMT",
        "Expires": "-1",
        "Pragma": "no-cache",
        "Strict-Transport-Security": "max-age=31536000; includeSubDomains",
        "X-Content-Type-Options": "nosniff",
        "x-ms-correlation-request-id": "1ce018c4-c6c3-4847-888b-5d41ae58c0ee",
        "x-ms-ratelimit-remaining-subscription-writes": "1193",
        "x-ms-request-id": "1ce018c4-c6c3-4847-888b-5d41ae58c0ee",
        "x-ms-routing-request-id": "SOUTHCENTRALUS:20221222T104710Z:1ce018c4-c6c3-4847-888b-5d41ae58c0ee"
      },
      "ResponseBody": {
        "id": "/subscriptions/326100e2-f69d-4268-8503-075374f62b6e/resourceGroups/testeventhubRG-1174",
        "name": "testeventhubRG-1174",
        "type": "Microsoft.Resources/resourceGroups",
        "location": "eastus2",
        "tags": {
          "test": "env"
        },
        "properties": {
          "provisioningState": "Succeeded"
        }
      }
    },
    {
      "RequestUri": "https://management.azure.com/subscriptions/326100e2-f69d-4268-8503-075374f62b6e/providers/Microsoft.EventHub/checkNameAvailability?api-version=2022-01-01-preview",
      "RequestMethod": "POST",
      "RequestHeaders": {
        "Accept": "application/json",
        "Authorization": "Sanitized",
        "Content-Length": "32",
        "Content-Type": "application/json",
        "traceparent": "00-871f68610e4ff74bb777aac3e07d5139-440bd4a478c4da40-00",
        "User-Agent": "azsdk-net-ResourceManager.EventHubs/1.1.0-alpha.20221222.1 (.NET Framework 4.8.9105.0; Microsoft Windows 10.0.19044 )",
        "x-ms-client-request-id": "0b93051ce7a768eef03729ebf0c407ff",
        "x-ms-return-client-request-id": "true"
      },
      "RequestBody": {
        "name": "testnamespacemgmt7339"
      },
      "StatusCode": 200,
      "ResponseHeaders": {
        "Cache-Control": "no-cache",
        "Content-Length": "53",
        "Content-Type": "application/json; charset=utf-8",
        "Date": "Thu, 22 Dec 2022 10:47:09 GMT",
        "Expires": "-1",
        "Pragma": "no-cache",
        "Server": [
          "Service-Bus-Resource-Provider/SN1",
          "Microsoft-HTTPAPI/2.0"
        ],
        "Server-SB": "Service-Bus-Resource-Provider/SN1",
        "Strict-Transport-Security": "max-age=31536000; includeSubDomains",
        "X-Content-Type-Options": "nosniff",
        "x-ms-client-request-id": "0b93051ce7a768eef03729ebf0c407ff",
        "x-ms-correlation-request-id": "e202ded0-a9f5-414f-a55a-60c166b6f7ce",
        "x-ms-ratelimit-remaining-subscription-writes": "1193",
        "x-ms-request-id": "f9929814-d23f-4a18-b981-12c8b4a204a2_M6SN1_M6SN1",
        "x-ms-routing-request-id": "SOUTHCENTRALUS:20221222T104710Z:e202ded0-a9f5-414f-a55a-60c166b6f7ce"
      },
      "ResponseBody": {
        "nameAvailable": true,
        "reason": "None",
        "message": null
      }
    },
    {
      "RequestUri": "https://management.azure.com/subscriptions/326100e2-f69d-4268-8503-075374f62b6e/resourceGroups/testeventhubRG-1174/providers/Microsoft.EventHub/namespaces/testnamespacemgmt7339?api-version=2022-01-01-preview",
      "RequestMethod": "PUT",
      "RequestHeaders": {
        "Accept": "application/json",
        "Authorization": "Sanitized",
        "Content-Length": "48",
        "Content-Type": "application/json",
        "traceparent": "00-9053b5b7f75fdc4696b161f85bfac5e8-646c0ee8ae215345-00",
        "User-Agent": "azsdk-net-ResourceManager.EventHubs/1.1.0-alpha.20221222.1 (.NET Framework 4.8.9105.0; Microsoft Windows 10.0.19044 )",
        "x-ms-client-request-id": "4aa9208e4b76ac655a58fa60bd3287c1",
        "x-ms-return-client-request-id": "true"
      },
      "RequestBody": {
        "tags": {},
        "location": "eastus2",
        "properties": {}
      },
      "StatusCode": 200,
      "ResponseHeaders": {
        "Cache-Control": "no-cache",
        "Content-Length": "796",
        "Content-Type": "application/json; charset=utf-8",
        "Date": "Thu, 22 Dec 2022 10:47:11 GMT",
        "Expires": "-1",
        "Pragma": "no-cache",
        "Server": [
          "Service-Bus-Resource-Provider/SN1",
          "Microsoft-HTTPAPI/2.0"
        ],
        "Server-SB": "Service-Bus-Resource-Provider/SN1",
        "Strict-Transport-Security": "max-age=31536000; includeSubDomains",
        "X-Content-Type-Options": "nosniff",
        "x-ms-client-request-id": "4aa9208e4b76ac655a58fa60bd3287c1",
        "x-ms-correlation-request-id": "db23f957-85f0-4d7c-862a-348dda2a150d",
        "x-ms-ratelimit-remaining-subscription-resource-requests": "47",
        "x-ms-request-id": "440738b5-535f-4055-a1d9-22d4504045df_M6SN1_M6SN1",
        "x-ms-routing-request-id": "SOUTHCENTRALUS:20221222T104712Z:db23f957-85f0-4d7c-862a-348dda2a150d"
      },
      "ResponseBody": {
        "sku": {
          "name": "Standard",
          "tier": "Standard",
          "capacity": 1
        },
        "id": "/subscriptions/326100e2-f69d-4268-8503-075374f62b6e/resourceGroups/testeventhubRG-1174/providers/Microsoft.EventHub/namespaces/testnamespacemgmt7339",
        "name": "testnamespacemgmt7339",
        "type": "Microsoft.EventHub/Namespaces",
        "location": "East US 2",
        "tags": {},
        "properties": {
          "minimumTlsVersion": "1.2",
          "publicNetworkAccess": "Enabled",
          "disableLocalAuth": false,
          "zoneRedundant": false,
          "isAutoInflateEnabled": false,
          "maximumThroughputUnits": 0,
          "kafkaEnabled": true,
          "provisioningState": "Created",
          "metricId": "326100e2-f69d-4268-8503-075374f62b6e:testnamespacemgmt7339",
          "createdAt": "2022-12-22T10:47:11.607Z",
          "updatedAt": "2022-12-22T10:47:11.607Z",
          "serviceBusEndpoint": "https://testnamespacemgmt7339.servicebus.windows.net:443/",
          "status": "Activating"
        }
      }
    },
    {
      "RequestUri": "https://management.azure.com/subscriptions/326100e2-f69d-4268-8503-075374f62b6e/resourceGroups/testeventhubRG-1174/providers/Microsoft.EventHub/namespaces/testnamespacemgmt7339?api-version=2022-01-01-preview",
      "RequestMethod": "GET",
      "RequestHeaders": {
        "Authorization": "Sanitized",
        "traceparent": "00-9053b5b7f75fdc4696b161f85bfac5e8-840bc5c7df907a47-00",
        "User-Agent": "azsdk-net-ResourceManager/1.3.2 (.NET Framework 4.8.9105.0; Microsoft Windows 10.0.19044 )",
        "x-ms-client-request-id": "a8820cb05d30d1b2a0e6b04fec8dabbd",
        "x-ms-return-client-request-id": "true"
      },
      "RequestBody": null,
      "StatusCode": 200,
      "ResponseHeaders": {
        "Cache-Control": "no-cache",
        "Content-Length": "796",
        "Content-Type": "application/json; charset=utf-8",
        "Date": "Thu, 22 Dec 2022 10:47:11 GMT",
        "Expires": "-1",
        "Pragma": "no-cache",
        "Server": [
          "Service-Bus-Resource-Provider/SN1",
          "Microsoft-HTTPAPI/2.0"
        ],
        "Server-SB": "Service-Bus-Resource-Provider/SN1",
        "Strict-Transport-Security": "max-age=31536000; includeSubDomains",
        "X-Content-Type-Options": "nosniff",
        "x-ms-client-request-id": "a8820cb05d30d1b2a0e6b04fec8dabbd",
        "x-ms-correlation-request-id": "6734812c-c5e1-42eb-8321-1c6ceac2b453",
        "x-ms-ratelimit-remaining-subscription-reads": "11912",
        "x-ms-request-id": "acf09e42-cdcf-4ffa-9cf6-7dbbae75887a_M6SN1_M6SN1",
        "x-ms-routing-request-id": "SOUTHCENTRALUS:20221222T104712Z:6734812c-c5e1-42eb-8321-1c6ceac2b453"
      },
      "ResponseBody": {
        "sku": {
          "name": "Standard",
          "tier": "Standard",
          "capacity": 1
        },
        "id": "/subscriptions/326100e2-f69d-4268-8503-075374f62b6e/resourceGroups/testeventhubRG-1174/providers/Microsoft.EventHub/namespaces/testnamespacemgmt7339",
        "name": "testnamespacemgmt7339",
        "type": "Microsoft.EventHub/Namespaces",
        "location": "East US 2",
        "tags": {},
        "properties": {
          "minimumTlsVersion": "1.2",
          "publicNetworkAccess": "Enabled",
          "disableLocalAuth": false,
          "zoneRedundant": false,
          "isAutoInflateEnabled": false,
          "maximumThroughputUnits": 0,
          "kafkaEnabled": true,
          "provisioningState": "Created",
          "metricId": "326100e2-f69d-4268-8503-075374f62b6e:testnamespacemgmt7339",
          "createdAt": "2022-12-22T10:47:11.607Z",
          "updatedAt": "2022-12-22T10:47:11.607Z",
          "serviceBusEndpoint": "https://testnamespacemgmt7339.servicebus.windows.net:443/",
          "status": "Activating"
        }
      }
    },
    {
      "RequestUri": "https://management.azure.com/subscriptions/326100e2-f69d-4268-8503-075374f62b6e/resourceGroups/testeventhubRG-1174/providers/Microsoft.EventHub/namespaces/testnamespacemgmt7339?api-version=2022-01-01-preview",
      "RequestMethod": "GET",
      "RequestHeaders": {
        "Authorization": "Sanitized",
        "traceparent": "00-9053b5b7f75fdc4696b161f85bfac5e8-7758f89bad1cc24f-00",
        "User-Agent": "azsdk-net-ResourceManager/1.3.2 (.NET Framework 4.8.9105.0; Microsoft Windows 10.0.19044 )",
        "x-ms-client-request-id": "956768afa6ae49a61ce42de80e18c1f9",
        "x-ms-return-client-request-id": "true"
      },
      "RequestBody": null,
      "StatusCode": 200,
      "ResponseHeaders": {
        "Cache-Control": "no-cache",
        "Content-Length": "796",
        "Content-Type": "application/json; charset=utf-8",
        "Date": "Thu, 22 Dec 2022 10:47:13 GMT",
        "Expires": "-1",
        "Pragma": "no-cache",
        "Server": [
          "Service-Bus-Resource-Provider/SN1",
          "Microsoft-HTTPAPI/2.0"
        ],
        "Server-SB": "Service-Bus-Resource-Provider/SN1",
        "Strict-Transport-Security": "max-age=31536000; includeSubDomains",
        "X-Content-Type-Options": "nosniff",
        "x-ms-client-request-id": "956768afa6ae49a61ce42de80e18c1f9",
        "x-ms-correlation-request-id": "dfb537b2-9f4e-4957-9a36-a3a6536c33ec",
        "x-ms-ratelimit-remaining-subscription-reads": "11911",
        "x-ms-request-id": "e178f076-0d30-4f5e-ad5b-4cb1e084445e_M6SN1_M6SN1",
        "x-ms-routing-request-id": "SOUTHCENTRALUS:20221222T104713Z:dfb537b2-9f4e-4957-9a36-a3a6536c33ec"
      },
      "ResponseBody": {
        "sku": {
          "name": "Standard",
          "tier": "Standard",
          "capacity": 1
        },
        "id": "/subscriptions/326100e2-f69d-4268-8503-075374f62b6e/resourceGroups/testeventhubRG-1174/providers/Microsoft.EventHub/namespaces/testnamespacemgmt7339",
        "name": "testnamespacemgmt7339",
        "type": "Microsoft.EventHub/Namespaces",
        "location": "East US 2",
        "tags": {},
        "properties": {
          "minimumTlsVersion": "1.2",
          "publicNetworkAccess": "Enabled",
          "disableLocalAuth": false,
          "zoneRedundant": false,
          "isAutoInflateEnabled": false,
          "maximumThroughputUnits": 0,
          "kafkaEnabled": true,
          "provisioningState": "Created",
          "metricId": "326100e2-f69d-4268-8503-075374f62b6e:testnamespacemgmt7339",
          "createdAt": "2022-12-22T10:47:11.607Z",
          "updatedAt": "2022-12-22T10:47:11.607Z",
          "serviceBusEndpoint": "https://testnamespacemgmt7339.servicebus.windows.net:443/",
          "status": "Activating"
        }
      }
    },
    {
      "RequestUri": "https://management.azure.com/subscriptions/326100e2-f69d-4268-8503-075374f62b6e/resourceGroups/testeventhubRG-1174/providers/Microsoft.EventHub/namespaces/testnamespacemgmt7339?api-version=2022-01-01-preview",
      "RequestMethod": "GET",
      "RequestHeaders": {
        "Authorization": "Sanitized",
        "traceparent": "00-9053b5b7f75fdc4696b161f85bfac5e8-874b08fd16d0614d-00",
        "User-Agent": "azsdk-net-ResourceManager/1.3.2 (.NET Framework 4.8.9105.0; Microsoft Windows 10.0.19044 )",
        "x-ms-client-request-id": "b1af02f3deb02690a744c07294b3d88f",
        "x-ms-return-client-request-id": "true"
      },
      "RequestBody": null,
      "StatusCode": 200,
      "ResponseHeaders": {
        "Cache-Control": "no-cache",
        "Content-Length": "796",
        "Content-Type": "application/json; charset=utf-8",
        "Date": "Thu, 22 Dec 2022 10:47:14 GMT",
        "Expires": "-1",
        "Pragma": "no-cache",
        "Server": [
          "Service-Bus-Resource-Provider/SN1",
          "Microsoft-HTTPAPI/2.0"
        ],
        "Server-SB": "Service-Bus-Resource-Provider/SN1",
        "Strict-Transport-Security": "max-age=31536000; includeSubDomains",
        "X-Content-Type-Options": "nosniff",
        "x-ms-client-request-id": "b1af02f3deb02690a744c07294b3d88f",
        "x-ms-correlation-request-id": "ee5d669c-89f0-42d7-b367-ad645d21d245",
        "x-ms-ratelimit-remaining-subscription-reads": "11910",
        "x-ms-request-id": "f106e321-c47f-4dcc-9481-224aefc37870_M6SN1_M6SN1",
        "x-ms-routing-request-id": "SOUTHCENTRALUS:20221222T104714Z:ee5d669c-89f0-42d7-b367-ad645d21d245"
      },
      "ResponseBody": {
        "sku": {
          "name": "Standard",
          "tier": "Standard",
          "capacity": 1
        },
        "id": "/subscriptions/326100e2-f69d-4268-8503-075374f62b6e/resourceGroups/testeventhubRG-1174/providers/Microsoft.EventHub/namespaces/testnamespacemgmt7339",
        "name": "testnamespacemgmt7339",
        "type": "Microsoft.EventHub/Namespaces",
        "location": "East US 2",
        "tags": {},
        "properties": {
          "minimumTlsVersion": "1.2",
          "publicNetworkAccess": "Enabled",
          "disableLocalAuth": false,
          "zoneRedundant": false,
          "isAutoInflateEnabled": false,
          "maximumThroughputUnits": 0,
          "kafkaEnabled": true,
          "provisioningState": "Created",
          "metricId": "326100e2-f69d-4268-8503-075374f62b6e:testnamespacemgmt7339",
          "createdAt": "2022-12-22T10:47:11.607Z",
          "updatedAt": "2022-12-22T10:47:11.607Z",
          "serviceBusEndpoint": "https://testnamespacemgmt7339.servicebus.windows.net:443/",
          "status": "Activating"
        }
      }
    },
    {
      "RequestUri": "https://management.azure.com/subscriptions/326100e2-f69d-4268-8503-075374f62b6e/resourceGroups/testeventhubRG-1174/providers/Microsoft.EventHub/namespaces/testnamespacemgmt7339?api-version=2022-01-01-preview",
      "RequestMethod": "GET",
      "RequestHeaders": {
        "Authorization": "Sanitized",
        "traceparent": "00-9053b5b7f75fdc4696b161f85bfac5e8-4fd99289305cc146-00",
        "User-Agent": "azsdk-net-ResourceManager/1.3.2 (.NET Framework 4.8.9105.0; Microsoft Windows 10.0.19044 )",
        "x-ms-client-request-id": "829d7ee3cff90a4965398b4c30cac287",
        "x-ms-return-client-request-id": "true"
      },
      "RequestBody": null,
      "StatusCode": 200,
      "ResponseHeaders": {
        "Cache-Control": "no-cache",
        "Content-Length": "796",
        "Content-Type": "application/json; charset=utf-8",
        "Date": "Thu, 22 Dec 2022 10:47:15 GMT",
        "Expires": "-1",
        "Pragma": "no-cache",
        "Server": [
          "Service-Bus-Resource-Provider/SN1",
          "Microsoft-HTTPAPI/2.0"
        ],
        "Server-SB": "Service-Bus-Resource-Provider/SN1",
        "Strict-Transport-Security": "max-age=31536000; includeSubDomains",
        "X-Content-Type-Options": "nosniff",
        "x-ms-client-request-id": "829d7ee3cff90a4965398b4c30cac287",
        "x-ms-correlation-request-id": "dc8a53f2-24a9-43d4-89e6-cecd2a52ae3d",
        "x-ms-ratelimit-remaining-subscription-reads": "11909",
        "x-ms-request-id": "0a418903-4779-4c20-a81a-c3f0e09610a1_M6SN1_M6SN1",
        "x-ms-routing-request-id": "SOUTHCENTRALUS:20221222T104715Z:dc8a53f2-24a9-43d4-89e6-cecd2a52ae3d"
      },
      "ResponseBody": {
        "sku": {
          "name": "Standard",
          "tier": "Standard",
          "capacity": 1
        },
        "id": "/subscriptions/326100e2-f69d-4268-8503-075374f62b6e/resourceGroups/testeventhubRG-1174/providers/Microsoft.EventHub/namespaces/testnamespacemgmt7339",
        "name": "testnamespacemgmt7339",
        "type": "Microsoft.EventHub/Namespaces",
        "location": "East US 2",
        "tags": {},
        "properties": {
          "minimumTlsVersion": "1.2",
          "publicNetworkAccess": "Enabled",
          "disableLocalAuth": false,
          "zoneRedundant": false,
          "isAutoInflateEnabled": false,
          "maximumThroughputUnits": 0,
          "kafkaEnabled": true,
          "provisioningState": "Created",
          "metricId": "326100e2-f69d-4268-8503-075374f62b6e:testnamespacemgmt7339",
          "createdAt": "2022-12-22T10:47:11.607Z",
          "updatedAt": "2022-12-22T10:47:11.607Z",
          "serviceBusEndpoint": "https://testnamespacemgmt7339.servicebus.windows.net:443/",
          "status": "Activating"
        }
      }
    },
    {
      "RequestUri": "https://management.azure.com/subscriptions/326100e2-f69d-4268-8503-075374f62b6e/resourceGroups/testeventhubRG-1174/providers/Microsoft.EventHub/namespaces/testnamespacemgmt7339?api-version=2022-01-01-preview",
      "RequestMethod": "GET",
      "RequestHeaders": {
        "Authorization": "Sanitized",
        "traceparent": "00-9053b5b7f75fdc4696b161f85bfac5e8-2890aa8461c61943-00",
        "User-Agent": "azsdk-net-ResourceManager/1.3.2 (.NET Framework 4.8.9105.0; Microsoft Windows 10.0.19044 )",
        "x-ms-client-request-id": "e95cb724f9ded00dd741ed69e533b569",
        "x-ms-return-client-request-id": "true"
      },
      "RequestBody": null,
      "StatusCode": 200,
      "ResponseHeaders": {
        "Cache-Control": "no-cache",
        "Content-Length": "796",
        "Content-Type": "application/json; charset=utf-8",
        "Date": "Thu, 22 Dec 2022 10:47:17 GMT",
        "Expires": "-1",
        "Pragma": "no-cache",
        "Server": [
          "Service-Bus-Resource-Provider/SN1",
          "Microsoft-HTTPAPI/2.0"
        ],
        "Server-SB": "Service-Bus-Resource-Provider/SN1",
        "Strict-Transport-Security": "max-age=31536000; includeSubDomains",
        "X-Content-Type-Options": "nosniff",
        "x-ms-client-request-id": "e95cb724f9ded00dd741ed69e533b569",
        "x-ms-correlation-request-id": "0ce872ca-7f0f-4fcd-9b8d-b0f30290fb7b",
        "x-ms-ratelimit-remaining-subscription-reads": "11908",
        "x-ms-request-id": "709cae6b-16f6-4aec-be56-ad03ce527215_M6SN1_M6SN1",
        "x-ms-routing-request-id": "SOUTHCENTRALUS:20221222T104717Z:0ce872ca-7f0f-4fcd-9b8d-b0f30290fb7b"
      },
      "ResponseBody": {
        "sku": {
          "name": "Standard",
          "tier": "Standard",
          "capacity": 1
        },
        "id": "/subscriptions/326100e2-f69d-4268-8503-075374f62b6e/resourceGroups/testeventhubRG-1174/providers/Microsoft.EventHub/namespaces/testnamespacemgmt7339",
        "name": "testnamespacemgmt7339",
        "type": "Microsoft.EventHub/Namespaces",
        "location": "East US 2",
        "tags": {},
        "properties": {
          "minimumTlsVersion": "1.2",
          "publicNetworkAccess": "Enabled",
          "disableLocalAuth": false,
          "zoneRedundant": false,
          "isAutoInflateEnabled": false,
          "maximumThroughputUnits": 0,
          "kafkaEnabled": true,
          "provisioningState": "Created",
          "metricId": "326100e2-f69d-4268-8503-075374f62b6e:testnamespacemgmt7339",
          "createdAt": "2022-12-22T10:47:11.607Z",
          "updatedAt": "2022-12-22T10:47:11.607Z",
          "serviceBusEndpoint": "https://testnamespacemgmt7339.servicebus.windows.net:443/",
          "status": "Activating"
        }
      }
    },
    {
      "RequestUri": "https://management.azure.com/subscriptions/326100e2-f69d-4268-8503-075374f62b6e/resourceGroups/testeventhubRG-1174/providers/Microsoft.EventHub/namespaces/testnamespacemgmt7339?api-version=2022-01-01-preview",
      "RequestMethod": "GET",
      "RequestHeaders": {
        "Authorization": "Sanitized",
        "traceparent": "00-9053b5b7f75fdc4696b161f85bfac5e8-60be3bcbc4e29742-00",
        "User-Agent": "azsdk-net-ResourceManager/1.3.2 (.NET Framework 4.8.9105.0; Microsoft Windows 10.0.19044 )",
        "x-ms-client-request-id": "8f049d0c3f7a23ffb9a54b765244f5dd",
        "x-ms-return-client-request-id": "true"
      },
      "RequestBody": null,
      "StatusCode": 200,
      "ResponseHeaders": {
        "Cache-Control": "no-cache",
        "Content-Length": "796",
        "Content-Type": "application/json; charset=utf-8",
        "Date": "Thu, 22 Dec 2022 10:47:21 GMT",
        "Expires": "-1",
        "Pragma": "no-cache",
        "Server": [
          "Service-Bus-Resource-Provider/SN1",
          "Microsoft-HTTPAPI/2.0"
        ],
        "Server-SB": "Service-Bus-Resource-Provider/SN1",
        "Strict-Transport-Security": "max-age=31536000; includeSubDomains",
        "X-Content-Type-Options": "nosniff",
        "x-ms-client-request-id": "8f049d0c3f7a23ffb9a54b765244f5dd",
        "x-ms-correlation-request-id": "7346119e-f55d-47ef-8c25-7b53581127f3",
        "x-ms-ratelimit-remaining-subscription-reads": "11907",
        "x-ms-request-id": "09c46109-231d-42cf-8087-b4082c074326_M6SN1_M6SN1",
        "x-ms-routing-request-id": "SOUTHCENTRALUS:20221222T104722Z:7346119e-f55d-47ef-8c25-7b53581127f3"
      },
      "ResponseBody": {
        "sku": {
          "name": "Standard",
          "tier": "Standard",
          "capacity": 1
        },
        "id": "/subscriptions/326100e2-f69d-4268-8503-075374f62b6e/resourceGroups/testeventhubRG-1174/providers/Microsoft.EventHub/namespaces/testnamespacemgmt7339",
        "name": "testnamespacemgmt7339",
        "type": "Microsoft.EventHub/Namespaces",
        "location": "East US 2",
        "tags": {},
        "properties": {
          "minimumTlsVersion": "1.2",
          "publicNetworkAccess": "Enabled",
          "disableLocalAuth": false,
          "zoneRedundant": false,
          "isAutoInflateEnabled": false,
          "maximumThroughputUnits": 0,
          "kafkaEnabled": true,
          "provisioningState": "Created",
          "metricId": "326100e2-f69d-4268-8503-075374f62b6e:testnamespacemgmt7339",
          "createdAt": "2022-12-22T10:47:11.607Z",
          "updatedAt": "2022-12-22T10:47:11.607Z",
          "serviceBusEndpoint": "https://testnamespacemgmt7339.servicebus.windows.net:443/",
          "status": "Activating"
        }
      }
    },
    {
      "RequestUri": "https://management.azure.com/subscriptions/326100e2-f69d-4268-8503-075374f62b6e/resourceGroups/testeventhubRG-1174/providers/Microsoft.EventHub/namespaces/testnamespacemgmt7339?api-version=2022-01-01-preview",
      "RequestMethod": "GET",
      "RequestHeaders": {
        "Authorization": "Sanitized",
        "traceparent": "00-9053b5b7f75fdc4696b161f85bfac5e8-fd80d1e1baf7554d-00",
        "User-Agent": "azsdk-net-ResourceManager/1.3.2 (.NET Framework 4.8.9105.0; Microsoft Windows 10.0.19044 )",
        "x-ms-client-request-id": "dc4d3882ee57e9b171ccaab8e2df2432",
        "x-ms-return-client-request-id": "true"
      },
      "RequestBody": null,
      "StatusCode": 200,
      "ResponseHeaders": {
        "Cache-Control": "no-cache",
        "Content-Length": "796",
        "Content-Type": "application/json; charset=utf-8",
        "Date": "Thu, 22 Dec 2022 10:47:29 GMT",
        "Expires": "-1",
        "Pragma": "no-cache",
        "Server": [
          "Service-Bus-Resource-Provider/SN1",
          "Microsoft-HTTPAPI/2.0"
        ],
        "Server-SB": "Service-Bus-Resource-Provider/SN1",
        "Strict-Transport-Security": "max-age=31536000; includeSubDomains",
        "X-Content-Type-Options": "nosniff",
        "x-ms-client-request-id": "dc4d3882ee57e9b171ccaab8e2df2432",
        "x-ms-correlation-request-id": "f0e80745-564b-4e5e-9cb1-d97380cd4991",
        "x-ms-ratelimit-remaining-subscription-reads": "11906",
        "x-ms-request-id": "8d595033-95f0-4e61-9307-70a88cfe4845_M6SN1_M6SN1",
        "x-ms-routing-request-id": "SOUTHCENTRALUS:20221222T104730Z:f0e80745-564b-4e5e-9cb1-d97380cd4991"
      },
      "ResponseBody": {
        "sku": {
          "name": "Standard",
          "tier": "Standard",
          "capacity": 1
        },
        "id": "/subscriptions/326100e2-f69d-4268-8503-075374f62b6e/resourceGroups/testeventhubRG-1174/providers/Microsoft.EventHub/namespaces/testnamespacemgmt7339",
        "name": "testnamespacemgmt7339",
        "type": "Microsoft.EventHub/Namespaces",
        "location": "East US 2",
        "tags": {},
        "properties": {
          "minimumTlsVersion": "1.2",
          "publicNetworkAccess": "Enabled",
          "disableLocalAuth": false,
          "zoneRedundant": false,
          "isAutoInflateEnabled": false,
          "maximumThroughputUnits": 0,
          "kafkaEnabled": true,
          "provisioningState": "Created",
          "metricId": "326100e2-f69d-4268-8503-075374f62b6e:testnamespacemgmt7339",
          "createdAt": "2022-12-22T10:47:11.607Z",
          "updatedAt": "2022-12-22T10:47:11.607Z",
          "serviceBusEndpoint": "https://testnamespacemgmt7339.servicebus.windows.net:443/",
          "status": "Activating"
        }
      }
    },
    {
      "RequestUri": "https://management.azure.com/subscriptions/326100e2-f69d-4268-8503-075374f62b6e/resourceGroups/testeventhubRG-1174/providers/Microsoft.EventHub/namespaces/testnamespacemgmt7339?api-version=2022-01-01-preview",
      "RequestMethod": "GET",
      "RequestHeaders": {
        "Authorization": "Sanitized",
        "traceparent": "00-9053b5b7f75fdc4696b161f85bfac5e8-49102173ec9dfb46-00",
        "User-Agent": "azsdk-net-ResourceManager/1.3.2 (.NET Framework 4.8.9105.0; Microsoft Windows 10.0.19044 )",
        "x-ms-client-request-id": "9240228332c5e50db7383038ae967e93",
        "x-ms-return-client-request-id": "true"
      },
      "RequestBody": null,
      "StatusCode": 200,
      "ResponseHeaders": {
        "Cache-Control": "no-cache",
        "Content-Length": "796",
        "Content-Type": "application/json; charset=utf-8",
        "Date": "Thu, 22 Dec 2022 10:47:45 GMT",
        "Expires": "-1",
        "Pragma": "no-cache",
        "Server": [
          "Service-Bus-Resource-Provider/SN1",
          "Microsoft-HTTPAPI/2.0"
        ],
        "Server-SB": "Service-Bus-Resource-Provider/SN1",
        "Strict-Transport-Security": "max-age=31536000; includeSubDomains",
        "X-Content-Type-Options": "nosniff",
        "x-ms-client-request-id": "9240228332c5e50db7383038ae967e93",
        "x-ms-correlation-request-id": "28917f19-1377-4e5c-ab14-9e4cb9b5029a",
        "x-ms-ratelimit-remaining-subscription-reads": "11905",
        "x-ms-request-id": "fc8b15bb-55f9-4471-a381-8875c138229c_M6SN1_M6SN1",
        "x-ms-routing-request-id": "SOUTHCENTRALUS:20221222T104746Z:28917f19-1377-4e5c-ab14-9e4cb9b5029a"
      },
      "ResponseBody": {
        "sku": {
          "name": "Standard",
          "tier": "Standard",
          "capacity": 1
        },
        "id": "/subscriptions/326100e2-f69d-4268-8503-075374f62b6e/resourceGroups/testeventhubRG-1174/providers/Microsoft.EventHub/namespaces/testnamespacemgmt7339",
        "name": "testnamespacemgmt7339",
        "type": "Microsoft.EventHub/Namespaces",
        "location": "East US 2",
        "tags": {},
        "properties": {
          "minimumTlsVersion": "1.2",
          "publicNetworkAccess": "Enabled",
          "disableLocalAuth": false,
          "zoneRedundant": false,
          "isAutoInflateEnabled": false,
          "maximumThroughputUnits": 0,
          "kafkaEnabled": true,
          "provisioningState": "Created",
          "metricId": "326100e2-f69d-4268-8503-075374f62b6e:testnamespacemgmt7339",
          "createdAt": "2022-12-22T10:47:11.607Z",
          "updatedAt": "2022-12-22T10:47:11.607Z",
          "serviceBusEndpoint": "https://testnamespacemgmt7339.servicebus.windows.net:443/",
          "status": "Activating"
        }
      }
    },
    {
      "RequestUri": "https://management.azure.com/subscriptions/326100e2-f69d-4268-8503-075374f62b6e/resourceGroups/testeventhubRG-1174/providers/Microsoft.EventHub/namespaces/testnamespacemgmt7339?api-version=2022-01-01-preview",
      "RequestMethod": "GET",
      "RequestHeaders": {
        "Authorization": "Sanitized",
        "traceparent": "00-9053b5b7f75fdc4696b161f85bfac5e8-6937d00d9249ee45-00",
        "User-Agent": "azsdk-net-ResourceManager/1.3.2 (.NET Framework 4.8.9105.0; Microsoft Windows 10.0.19044 )",
        "x-ms-client-request-id": "ace7104bd8e51d12eb1b1ead944741d9",
        "x-ms-return-client-request-id": "true"
      },
      "RequestBody": null,
      "StatusCode": 200,
      "ResponseHeaders": {
        "Cache-Control": "no-cache",
        "Content-Length": "794",
        "Content-Type": "application/json; charset=utf-8",
        "Date": "Thu, 22 Dec 2022 10:48:17 GMT",
        "Expires": "-1",
        "Pragma": "no-cache",
        "Server": [
          "Service-Bus-Resource-Provider/SN1",
          "Microsoft-HTTPAPI/2.0"
        ],
        "Server-SB": "Service-Bus-Resource-Provider/SN1",
        "Strict-Transport-Security": "max-age=31536000; includeSubDomains",
        "X-Content-Type-Options": "nosniff",
        "x-ms-client-request-id": "ace7104bd8e51d12eb1b1ead944741d9",
        "x-ms-correlation-request-id": "e6e7cc6c-1532-4e0d-a602-e22f46f8ad4d",
        "x-ms-ratelimit-remaining-subscription-reads": "11904",
        "x-ms-request-id": "593ad3b3-41d6-4ebf-9060-7238aa3b0dda_M6SN1_M6SN1",
        "x-ms-routing-request-id": "SOUTHCENTRALUS:20221222T104818Z:e6e7cc6c-1532-4e0d-a602-e22f46f8ad4d"
      },
      "ResponseBody": {
        "sku": {
          "name": "Standard",
          "tier": "Standard",
          "capacity": 1
        },
        "id": "/subscriptions/326100e2-f69d-4268-8503-075374f62b6e/resourceGroups/testeventhubRG-1174/providers/Microsoft.EventHub/namespaces/testnamespacemgmt7339",
        "name": "testnamespacemgmt7339",
        "type": "Microsoft.EventHub/Namespaces",
        "location": "East US 2",
        "tags": {},
        "properties": {
          "minimumTlsVersion": "1.2",
          "publicNetworkAccess": "Enabled",
          "disableLocalAuth": false,
          "zoneRedundant": false,
          "isAutoInflateEnabled": false,
          "maximumThroughputUnits": 0,
          "kafkaEnabled": true,
          "provisioningState": "Succeeded",
          "metricId": "326100e2-f69d-4268-8503-075374f62b6e:testnamespacemgmt7339",
          "createdAt": "2022-12-22T10:47:11.607Z",
          "updatedAt": "2022-12-22T10:48:02.473Z",
          "serviceBusEndpoint": "https://testnamespacemgmt7339.servicebus.windows.net:443/",
          "status": "Active"
        }
      }
    }
  ],
  "Variables": {
    "AZURE_AUTHORITY_HOST": "https://login.microsoftonline.com",
    "RandomSeed": "483549631",
    "RESOURCE_MANAGER_URL": null,
    "SUBSCRIPTION_ID": "326100e2-f69d-4268-8503-075374f62b6e"
  }
}
