{
  "Entries": [
    {
      "RequestUri": "https://management.azure.com/subscriptions/326100e2-f69d-4268-8503-075374f62b6e?api-version=2021-01-01",
      "RequestMethod": "GET",
      "RequestHeaders": {
        "Accept": "application/json",
        "Authorization": "Sanitized",
        "traceparent": "00-a67ba852ecd33559d3d13e2ba93f3831-84f02ee8e816bdfb-00",
        "User-Agent": "azsdk-net-ResourceManager/1.3.2 (.NET 6.0.13; Microsoft Windows 10.0.19044)",
        "x-ms-client-request-id": "f961a0a58c35302f69621a82290ecb23",
        "x-ms-return-client-request-id": "true"
      },
      "RequestBody": null,
      "StatusCode": 200,
      "ResponseHeaders": {
        "Cache-Control": "no-cache",
        "Content-Length": "460",
        "Content-Type": "application/json; charset=utf-8",
        "Date": "Wed, 01 Feb 2023 12:46:33 GMT",
        "Expires": "-1",
        "Pragma": "no-cache",
        "Strict-Transport-Security": "max-age=31536000; includeSubDomains",
        "X-Content-Type-Options": "nosniff",
        "x-ms-correlation-request-id": "ceb07493-340b-4383-91b9-4187ba633260",
        "x-ms-ratelimit-remaining-subscription-reads": "11966",
        "x-ms-request-id": "ceb07493-340b-4383-91b9-4187ba633260",
        "x-ms-routing-request-id": "SOUTHCENTRALUS:20230201T124633Z:ceb07493-340b-4383-91b9-4187ba633260"
      },
      "ResponseBody": {
        "id": "/subscriptions/326100e2-f69d-4268-8503-075374f62b6e",
        "authorizationSource": "RoleBased",
        "managedByTenants": [
          {
            "tenantId": "2f4a9838-26b7-47ee-be60-ccc1fdec5953"
          }
        ],
        "subscriptionId": "326100e2-f69d-4268-8503-075374f62b6e",
        "tenantId": "72f988bf-86f1-41af-91ab-2d7cd011db47",
        "displayName": "Azure Messaging PM Playground",
        "state": "Enabled",
        "subscriptionPolicies": {
          "locationPlacementId": "Internal_2014-09-01",
          "quotaId": "Internal_2014-09-01",
          "spendingLimit": "Off"
        }
      }
    },
    {
      "RequestUri": "https://management.azure.com/subscriptions/326100e2-f69d-4268-8503-075374f62b6e/providers/Microsoft.EventHub/checkNameAvailability?api-version=2022-10-01-preview",
      "RequestMethod": "POST",
      "RequestHeaders": {
        "Accept": "application/json",
        "Authorization": "Sanitized",
        "Content-Length": "33",
        "Content-Type": "application/json",
        "traceparent": "00-2a05d7a2f2a7ec8d119e295749a77db9-5ac6d76b3f68a0e5-00",
        "User-Agent": "azsdk-net-ResourceManager.EventHubs/1.1.0-alpha.20230201.1 (.NET 6.0.13; Microsoft Windows 10.0.19044)",
        "x-ms-client-request-id": "497fffbd6bfc2c360cc10f37837dca6d",
        "x-ms-return-client-request-id": "true"
      },
      "RequestBody": {
        "name": "testnamespacemgmt13264"
      },
      "StatusCode": 200,
      "ResponseHeaders": {
        "Cache-Control": "no-cache",
        "Content-Length": "53",
        "Content-Type": "application/json; charset=utf-8",
        "Date": "Wed, 01 Feb 2023 12:46:34 GMT",
        "Expires": "-1",
        "Pragma": "no-cache",
        "Server": [
          "Service-Bus-Resource-Provider/SN1",
          "Microsoft-HTTPAPI/2.0"
        ],
        "Server-SB": "Service-Bus-Resource-Provider/SN1",
        "Strict-Transport-Security": "max-age=31536000; includeSubDomains",
        "X-Content-Type-Options": "nosniff",
        "x-ms-client-request-id": "497fffbd6bfc2c360cc10f37837dca6d",
        "x-ms-correlation-request-id": "fbe27e41-9b9e-45a9-9c74-73787a3524e2",
        "x-ms-ratelimit-remaining-subscription-writes": "1197",
        "x-ms-request-id": "aabc29f5-2a9c-413c-91d1-1641588c41b5_M0SN1_M0SN1",
        "x-ms-routing-request-id": "SOUTHCENTRALUS:20230201T124634Z:fbe27e41-9b9e-45a9-9c74-73787a3524e2"
      },
      "ResponseBody": {
        "nameAvailable": true,
        "reason": "None",
        "message": null
      }
    },
    {
      "RequestUri": "https://management.azure.com/subscriptions/326100e2-f69d-4268-8503-075374f62b6e/providers/Microsoft.EventHub/checkNameAvailability?api-version=2022-10-01-preview",
      "RequestMethod": "POST",
      "RequestHeaders": {
        "Accept": "application/json",
        "Authorization": "Sanitized",
        "Content-Length": "33",
        "Content-Type": "application/json",
        "traceparent": "00-68c2f904ffafbf500d495c650ae366a4-0efece708348bf27-00",
        "User-Agent": "azsdk-net-ResourceManager.EventHubs/1.1.0-alpha.20230201.1 (.NET 6.0.13; Microsoft Windows 10.0.19044)",
        "x-ms-client-request-id": "27dc822970f1f87cbd4f5496c7299d18",
        "x-ms-return-client-request-id": "true"
      },
      "RequestBody": {
        "name": "testnamespacemgmt27728"
      },
      "StatusCode": 200,
      "ResponseHeaders": {
        "Cache-Control": "no-cache",
        "Content-Length": "53",
        "Content-Type": "application/json; charset=utf-8",
        "Date": "Wed, 01 Feb 2023 12:46:34 GMT",
        "Expires": "-1",
        "Pragma": "no-cache",
        "Server": [
          "Service-Bus-Resource-Provider/SN1",
          "Microsoft-HTTPAPI/2.0"
        ],
        "Server-SB": "Service-Bus-Resource-Provider/SN1",
        "Strict-Transport-Security": "max-age=31536000; includeSubDomains",
        "X-Content-Type-Options": "nosniff",
        "x-ms-client-request-id": "27dc822970f1f87cbd4f5496c7299d18",
        "x-ms-correlation-request-id": "bebb9734-da48-4bed-bf40-22a7381ab202",
        "x-ms-ratelimit-remaining-subscription-writes": "1196",
        "x-ms-request-id": "b9ebcf33-2f5c-454a-99c8-65c61c110c91_M0SN1_M0SN1",
        "x-ms-routing-request-id": "SOUTHCENTRALUS:20230201T124634Z:bebb9734-da48-4bed-bf40-22a7381ab202"
      },
      "ResponseBody": {
        "nameAvailable": true,
        "reason": "None",
        "message": null
      }
    },
    {
      "RequestUri": "https://management.azure.com/subscriptions/326100e2-f69d-4268-8503-075374f62b6e/resourcegroups/testeventhubRG-5454?api-version=2021-04-01",
      "RequestMethod": "PUT",
      "RequestHeaders": {
        "Accept": "application/json",
        "Authorization": "Sanitized",
        "Content-Length": "44",
        "Content-Type": "application/json",
        "traceparent": "00-72d8b5d49958eef169a34a1ce703e03d-d1b18c22cd3bb377-00",
        "User-Agent": "azsdk-net-ResourceManager/1.3.2 (.NET 6.0.13; Microsoft Windows 10.0.19044)",
        "x-ms-client-request-id": "4844431735a8cd2a28cb1ff9e6e54f14",
        "x-ms-return-client-request-id": "true"
      },
      "RequestBody": {
        "tags": {
          "test": "env"
        },
        "location": "eastus2"
      },
      "StatusCode": 201,
      "ResponseHeaders": {
        "Cache-Control": "no-cache",
        "Content-Length": "258",
        "Content-Type": "application/json; charset=utf-8",
        "Date": "Wed, 01 Feb 2023 12:46:35 GMT",
        "Expires": "-1",
        "Pragma": "no-cache",
        "Strict-Transport-Security": "max-age=31536000; includeSubDomains",
        "X-Content-Type-Options": "nosniff",
        "x-ms-correlation-request-id": "7b1bfa55-b0e6-4511-9436-17218999fd65",
        "x-ms-ratelimit-remaining-subscription-writes": "1197",
        "x-ms-request-id": "7b1bfa55-b0e6-4511-9436-17218999fd65",
        "x-ms-routing-request-id": "SOUTHCENTRALUS:20230201T124635Z:7b1bfa55-b0e6-4511-9436-17218999fd65"
      },
      "ResponseBody": {
        "id": "/subscriptions/326100e2-f69d-4268-8503-075374f62b6e/resourceGroups/testeventhubRG-5454",
        "name": "testeventhubRG-5454",
        "type": "Microsoft.Resources/resourceGroups",
        "location": "eastus2",
        "tags": {
          "test": "env"
        },
        "properties": {
          "provisioningState": "Succeeded"
        }
      }
    },
    {
      "RequestUri": "https://management.azure.com/subscriptions/326100e2-f69d-4268-8503-075374f62b6e/resourceGroups/testeventhubRG-5454/providers/Microsoft.EventHub/namespaces/testnamespacemgmt13264?api-version=2022-10-01-preview",
      "RequestMethod": "PUT",
      "RequestHeaders": {
        "Accept": "application/json",
        "Authorization": "Sanitized",
        "Content-Length": "48",
        "Content-Type": "application/json",
        "traceparent": "00-8076411889acd86b6b8f8181356dd7b5-c5dab866902f3384-00",
        "User-Agent": "azsdk-net-ResourceManager.EventHubs/1.1.0-alpha.20230201.1 (.NET 6.0.13; Microsoft Windows 10.0.19044)",
        "x-ms-client-request-id": "4748e4abcc08038e513e1be295459771",
        "x-ms-return-client-request-id": "true"
      },
      "RequestBody": {
        "tags": {},
        "location": "eastus2",
        "properties": {}
      },
      "StatusCode": 200,
      "ResponseHeaders": {
        "Cache-Control": "no-cache",
        "Content-Length": "798",
        "Content-Type": "application/json; charset=utf-8",
        "Date": "Wed, 01 Feb 2023 12:46:37 GMT",
        "Expires": "-1",
        "Pragma": "no-cache",
        "Server": [
          "Service-Bus-Resource-Provider/SN1",
          "Microsoft-HTTPAPI/2.0"
        ],
        "Server-SB": "Service-Bus-Resource-Provider/SN1",
        "Strict-Transport-Security": "max-age=31536000; includeSubDomains",
        "X-Content-Type-Options": "nosniff",
        "x-ms-client-request-id": "4748e4abcc08038e513e1be295459771",
        "x-ms-correlation-request-id": "caaf3848-7fe4-4ac3-94cf-1a0c0f646c23",
        "x-ms-ratelimit-remaining-subscription-resource-requests": "46",
        "x-ms-request-id": "6402ad87-a435-4c8d-b4f4-27943ec29faa_M0SN1_M0SN1",
        "x-ms-routing-request-id": "SOUTHCENTRALUS:20230201T124637Z:caaf3848-7fe4-4ac3-94cf-1a0c0f646c23"
      },
      "ResponseBody": {
        "sku": {
          "name": "Standard",
          "tier": "Standard",
          "capacity": 1
        },
        "id": "/subscriptions/326100e2-f69d-4268-8503-075374f62b6e/resourceGroups/testeventhubRG-5454/providers/Microsoft.EventHub/namespaces/testnamespacemgmt13264",
        "name": "testnamespacemgmt13264",
        "type": "Microsoft.EventHub/Namespaces",
        "location": "East US 2",
        "tags": {},
        "properties": {
          "minimumTlsVersion": "1.2",
          "publicNetworkAccess": "Enabled",
          "disableLocalAuth": false,
          "zoneRedundant": false,
          "isAutoInflateEnabled": false,
          "maximumThroughputUnits": 0,
          "kafkaEnabled": true,
          "provisioningState": "Created",
          "metricId": "326100e2-f69d-4268-8503-075374f62b6e:testnamespacemgmt13264",
          "createdAt": "2023-02-01T12:46:36.63Z",
          "updatedAt": "2023-02-01T12:46:36.63Z",
          "serviceBusEndpoint": "https://testnamespacemgmt13264.servicebus.windows.net:443/",
          "status": "Activating"
        }
      }
    },
    {
      "RequestUri": "https://management.azure.com/subscriptions/326100e2-f69d-4268-8503-075374f62b6e/resourceGroups/testeventhubRG-5454/providers/Microsoft.EventHub/namespaces/testnamespacemgmt13264?api-version=2022-10-01-preview",
      "RequestMethod": "GET",
      "RequestHeaders": {
        "Authorization": "Sanitized",
        "traceparent": "00-8076411889acd86b6b8f8181356dd7b5-70a352228ef90629-00",
        "User-Agent": "azsdk-net-ResourceManager/1.3.2 (.NET 6.0.13; Microsoft Windows 10.0.19044)",
        "x-ms-client-request-id": "451b8204d0554afeb440f769194737e2",
        "x-ms-return-client-request-id": "true"
      },
      "RequestBody": null,
      "StatusCode": 200,
      "ResponseHeaders": {
        "Cache-Control": "no-cache",
        "Content-Length": "798",
        "Content-Type": "application/json; charset=utf-8",
        "Date": "Wed, 01 Feb 2023 12:46:37 GMT",
        "Expires": "-1",
        "Pragma": "no-cache",
        "Server": [
          "Service-Bus-Resource-Provider/SN1",
          "Microsoft-HTTPAPI/2.0"
        ],
        "Server-SB": "Service-Bus-Resource-Provider/SN1",
        "Strict-Transport-Security": "max-age=31536000; includeSubDomains",
        "X-Content-Type-Options": "nosniff",
        "x-ms-client-request-id": "451b8204d0554afeb440f769194737e2",
        "x-ms-correlation-request-id": "57bf5422-4c52-4a61-8ea0-f89d49adbcfd",
        "x-ms-ratelimit-remaining-subscription-reads": "11965",
        "x-ms-request-id": "ea14eddb-d213-4296-a0a5-a128fcc92182_M0SN1_M0SN1",
        "x-ms-routing-request-id": "SOUTHCENTRALUS:20230201T124637Z:57bf5422-4c52-4a61-8ea0-f89d49adbcfd"
      },
      "ResponseBody": {
        "sku": {
          "name": "Standard",
          "tier": "Standard",
          "capacity": 1
        },
        "id": "/subscriptions/326100e2-f69d-4268-8503-075374f62b6e/resourceGroups/testeventhubRG-5454/providers/Microsoft.EventHub/namespaces/testnamespacemgmt13264",
        "name": "testnamespacemgmt13264",
        "type": "Microsoft.EventHub/Namespaces",
        "location": "East US 2",
        "tags": {},
        "properties": {
          "minimumTlsVersion": "1.2",
          "publicNetworkAccess": "Enabled",
          "disableLocalAuth": false,
          "zoneRedundant": false,
          "isAutoInflateEnabled": false,
          "maximumThroughputUnits": 0,
          "kafkaEnabled": true,
          "provisioningState": "Created",
          "metricId": "326100e2-f69d-4268-8503-075374f62b6e:testnamespacemgmt13264",
          "createdAt": "2023-02-01T12:46:36.63Z",
          "updatedAt": "2023-02-01T12:46:36.63Z",
          "serviceBusEndpoint": "https://testnamespacemgmt13264.servicebus.windows.net:443/",
          "status": "Activating"
        }
      }
    },
    {
      "RequestUri": "https://management.azure.com/subscriptions/326100e2-f69d-4268-8503-075374f62b6e/resourceGroups/testeventhubRG-5454/providers/Microsoft.EventHub/namespaces/testnamespacemgmt13264?api-version=2022-10-01-preview",
      "RequestMethod": "GET",
      "RequestHeaders": {
        "Authorization": "Sanitized",
        "traceparent": "00-8076411889acd86b6b8f8181356dd7b5-701a3844b000ca5b-00",
        "User-Agent": "azsdk-net-ResourceManager/1.3.2 (.NET 6.0.13; Microsoft Windows 10.0.19044)",
        "x-ms-client-request-id": "6adaae34c87e75eb63fb95ae03e9a751",
        "x-ms-return-client-request-id": "true"
      },
      "RequestBody": null,
      "StatusCode": 200,
      "ResponseHeaders": {
        "Cache-Control": "no-cache",
        "Content-Length": "798",
        "Content-Type": "application/json; charset=utf-8",
        "Date": "Wed, 01 Feb 2023 12:46:38 GMT",
        "Expires": "-1",
        "Pragma": "no-cache",
        "Server": [
          "Service-Bus-Resource-Provider/SN1",
          "Microsoft-HTTPAPI/2.0"
        ],
        "Server-SB": "Service-Bus-Resource-Provider/SN1",
        "Strict-Transport-Security": "max-age=31536000; includeSubDomains",
        "X-Content-Type-Options": "nosniff",
        "x-ms-client-request-id": "6adaae34c87e75eb63fb95ae03e9a751",
        "x-ms-correlation-request-id": "761c8808-894e-46f3-8d54-8e36d10272ed",
        "x-ms-ratelimit-remaining-subscription-reads": "11964",
        "x-ms-request-id": "ae571509-c63e-4498-950e-06bbc8632e8f_M0SN1_M0SN1",
        "x-ms-routing-request-id": "SOUTHCENTRALUS:20230201T124638Z:761c8808-894e-46f3-8d54-8e36d10272ed"
      },
      "ResponseBody": {
        "sku": {
          "name": "Standard",
          "tier": "Standard",
          "capacity": 1
        },
        "id": "/subscriptions/326100e2-f69d-4268-8503-075374f62b6e/resourceGroups/testeventhubRG-5454/providers/Microsoft.EventHub/namespaces/testnamespacemgmt13264",
        "name": "testnamespacemgmt13264",
        "type": "Microsoft.EventHub/Namespaces",
        "location": "East US 2",
        "tags": {},
        "properties": {
          "minimumTlsVersion": "1.2",
          "publicNetworkAccess": "Enabled",
          "disableLocalAuth": false,
          "zoneRedundant": false,
          "isAutoInflateEnabled": false,
          "maximumThroughputUnits": 0,
          "kafkaEnabled": true,
          "provisioningState": "Created",
          "metricId": "326100e2-f69d-4268-8503-075374f62b6e:testnamespacemgmt13264",
          "createdAt": "2023-02-01T12:46:36.63Z",
          "updatedAt": "2023-02-01T12:46:36.63Z",
          "serviceBusEndpoint": "https://testnamespacemgmt13264.servicebus.windows.net:443/",
          "status": "Activating"
        }
      }
    },
    {
      "RequestUri": "https://management.azure.com/subscriptions/326100e2-f69d-4268-8503-075374f62b6e/resourceGroups/testeventhubRG-5454/providers/Microsoft.EventHub/namespaces/testnamespacemgmt13264?api-version=2022-10-01-preview",
      "RequestMethod": "GET",
      "RequestHeaders": {
        "Authorization": "Sanitized",
        "traceparent": "00-8076411889acd86b6b8f8181356dd7b5-f8abcb6824223961-00",
        "User-Agent": "azsdk-net-ResourceManager/1.3.2 (.NET 6.0.13; Microsoft Windows 10.0.19044)",
        "x-ms-client-request-id": "13ddb06751294d1c7c1bd2e83e173369",
        "x-ms-return-client-request-id": "true"
      },
      "RequestBody": null,
      "StatusCode": 200,
      "ResponseHeaders": {
        "Cache-Control": "no-cache",
        "Content-Length": "798",
        "Content-Type": "application/json; charset=utf-8",
        "Date": "Wed, 01 Feb 2023 12:46:39 GMT",
        "Expires": "-1",
        "Pragma": "no-cache",
        "Server": [
          "Service-Bus-Resource-Provider/SN1",
          "Microsoft-HTTPAPI/2.0"
        ],
        "Server-SB": "Service-Bus-Resource-Provider/SN1",
        "Strict-Transport-Security": "max-age=31536000; includeSubDomains",
        "X-Content-Type-Options": "nosniff",
        "x-ms-client-request-id": "13ddb06751294d1c7c1bd2e83e173369",
        "x-ms-correlation-request-id": "4c114765-878a-4397-8511-fe2262772d5e",
        "x-ms-ratelimit-remaining-subscription-reads": "11963",
        "x-ms-request-id": "22638af2-badc-49c7-bb34-964c28ae899e_M0SN1_M0SN1",
        "x-ms-routing-request-id": "SOUTHCENTRALUS:20230201T124639Z:4c114765-878a-4397-8511-fe2262772d5e"
      },
      "ResponseBody": {
        "sku": {
          "name": "Standard",
          "tier": "Standard",
          "capacity": 1
        },
        "id": "/subscriptions/326100e2-f69d-4268-8503-075374f62b6e/resourceGroups/testeventhubRG-5454/providers/Microsoft.EventHub/namespaces/testnamespacemgmt13264",
        "name": "testnamespacemgmt13264",
        "type": "Microsoft.EventHub/Namespaces",
        "location": "East US 2",
        "tags": {},
        "properties": {
          "minimumTlsVersion": "1.2",
          "publicNetworkAccess": "Enabled",
          "disableLocalAuth": false,
          "zoneRedundant": false,
          "isAutoInflateEnabled": false,
          "maximumThroughputUnits": 0,
          "kafkaEnabled": true,
          "provisioningState": "Created",
          "metricId": "326100e2-f69d-4268-8503-075374f62b6e:testnamespacemgmt13264",
          "createdAt": "2023-02-01T12:46:36.63Z",
          "updatedAt": "2023-02-01T12:46:36.63Z",
          "serviceBusEndpoint": "https://testnamespacemgmt13264.servicebus.windows.net:443/",
          "status": "Activating"
        }
      }
    },
    {
      "RequestUri": "https://management.azure.com/subscriptions/326100e2-f69d-4268-8503-075374f62b6e/resourceGroups/testeventhubRG-5454/providers/Microsoft.EventHub/namespaces/testnamespacemgmt13264?api-version=2022-10-01-preview",
      "RequestMethod": "GET",
      "RequestHeaders": {
        "Authorization": "Sanitized",
        "traceparent": "00-8076411889acd86b6b8f8181356dd7b5-a72f647390ecbd9f-00",
        "User-Agent": "azsdk-net-ResourceManager/1.3.2 (.NET 6.0.13; Microsoft Windows 10.0.19044)",
        "x-ms-client-request-id": "ad70e6226c253cec96a5e2593b4f47cb",
        "x-ms-return-client-request-id": "true"
      },
      "RequestBody": null,
      "StatusCode": 200,
      "ResponseHeaders": {
        "Cache-Control": "no-cache",
        "Content-Length": "798",
        "Content-Type": "application/json; charset=utf-8",
        "Date": "Wed, 01 Feb 2023 12:46:41 GMT",
        "Expires": "-1",
        "Pragma": "no-cache",
        "Server": [
          "Service-Bus-Resource-Provider/SN1",
          "Microsoft-HTTPAPI/2.0"
        ],
        "Server-SB": "Service-Bus-Resource-Provider/SN1",
        "Strict-Transport-Security": "max-age=31536000; includeSubDomains",
        "X-Content-Type-Options": "nosniff",
        "x-ms-client-request-id": "ad70e6226c253cec96a5e2593b4f47cb",
        "x-ms-correlation-request-id": "daa468e5-6a23-4959-90cb-25f247355e3b",
        "x-ms-ratelimit-remaining-subscription-reads": "11962",
        "x-ms-request-id": "1b7d0a27-8925-4f45-a557-683c29a79e6b_M0SN1_M0SN1",
        "x-ms-routing-request-id": "SOUTHCENTRALUS:20230201T124641Z:daa468e5-6a23-4959-90cb-25f247355e3b"
      },
      "ResponseBody": {
        "sku": {
          "name": "Standard",
          "tier": "Standard",
          "capacity": 1
        },
        "id": "/subscriptions/326100e2-f69d-4268-8503-075374f62b6e/resourceGroups/testeventhubRG-5454/providers/Microsoft.EventHub/namespaces/testnamespacemgmt13264",
        "name": "testnamespacemgmt13264",
        "type": "Microsoft.EventHub/Namespaces",
        "location": "East US 2",
        "tags": {},
        "properties": {
          "minimumTlsVersion": "1.2",
          "publicNetworkAccess": "Enabled",
          "disableLocalAuth": false,
          "zoneRedundant": false,
          "isAutoInflateEnabled": false,
          "maximumThroughputUnits": 0,
          "kafkaEnabled": true,
          "provisioningState": "Created",
          "metricId": "326100e2-f69d-4268-8503-075374f62b6e:testnamespacemgmt13264",
          "createdAt": "2023-02-01T12:46:36.63Z",
          "updatedAt": "2023-02-01T12:46:36.63Z",
          "serviceBusEndpoint": "https://testnamespacemgmt13264.servicebus.windows.net:443/",
          "status": "Activating"
        }
      }
    },
    {
      "RequestUri": "https://management.azure.com/subscriptions/326100e2-f69d-4268-8503-075374f62b6e/resourceGroups/testeventhubRG-5454/providers/Microsoft.EventHub/namespaces/testnamespacemgmt13264?api-version=2022-10-01-preview",
      "RequestMethod": "GET",
      "RequestHeaders": {
        "Authorization": "Sanitized",
        "traceparent": "00-8076411889acd86b6b8f8181356dd7b5-9af6e9c0aae70cc4-00",
        "User-Agent": "azsdk-net-ResourceManager/1.3.2 (.NET 6.0.13; Microsoft Windows 10.0.19044)",
        "x-ms-client-request-id": "6901a599246ae2b8928ced63f503374c",
        "x-ms-return-client-request-id": "true"
      },
      "RequestBody": null,
      "StatusCode": 200,
      "ResponseHeaders": {
        "Cache-Control": "no-cache",
        "Content-Length": "798",
        "Content-Type": "application/json; charset=utf-8",
        "Date": "Wed, 01 Feb 2023 12:46:43 GMT",
        "Expires": "-1",
        "Pragma": "no-cache",
        "Server": [
          "Service-Bus-Resource-Provider/SN1",
          "Microsoft-HTTPAPI/2.0"
        ],
        "Server-SB": "Service-Bus-Resource-Provider/SN1",
        "Strict-Transport-Security": "max-age=31536000; includeSubDomains",
        "X-Content-Type-Options": "nosniff",
        "x-ms-client-request-id": "6901a599246ae2b8928ced63f503374c",
        "x-ms-correlation-request-id": "5308867d-bd8f-4087-9ae8-df84f5c1eba7",
        "x-ms-ratelimit-remaining-subscription-reads": "11961",
        "x-ms-request-id": "60382da2-dd59-4a5d-b261-df462bf3af42_M0SN1_M0SN1",
        "x-ms-routing-request-id": "SOUTHCENTRALUS:20230201T124643Z:5308867d-bd8f-4087-9ae8-df84f5c1eba7"
      },
      "ResponseBody": {
        "sku": {
          "name": "Standard",
          "tier": "Standard",
          "capacity": 1
        },
        "id": "/subscriptions/326100e2-f69d-4268-8503-075374f62b6e/resourceGroups/testeventhubRG-5454/providers/Microsoft.EventHub/namespaces/testnamespacemgmt13264",
        "name": "testnamespacemgmt13264",
        "type": "Microsoft.EventHub/Namespaces",
        "location": "East US 2",
        "tags": {},
        "properties": {
          "minimumTlsVersion": "1.2",
          "publicNetworkAccess": "Enabled",
          "disableLocalAuth": false,
          "zoneRedundant": false,
          "isAutoInflateEnabled": false,
          "maximumThroughputUnits": 0,
          "kafkaEnabled": true,
          "provisioningState": "Created",
          "metricId": "326100e2-f69d-4268-8503-075374f62b6e:testnamespacemgmt13264",
          "createdAt": "2023-02-01T12:46:36.63Z",
          "updatedAt": "2023-02-01T12:46:36.63Z",
          "serviceBusEndpoint": "https://testnamespacemgmt13264.servicebus.windows.net:443/",
          "status": "Activating"
        }
      }
    },
    {
      "RequestUri": "https://management.azure.com/subscriptions/326100e2-f69d-4268-8503-075374f62b6e/resourceGroups/testeventhubRG-5454/providers/Microsoft.EventHub/namespaces/testnamespacemgmt13264?api-version=2022-10-01-preview",
      "RequestMethod": "GET",
      "RequestHeaders": {
        "Authorization": "Sanitized",
        "traceparent": "00-8076411889acd86b6b8f8181356dd7b5-66a91698528b8c26-00",
        "User-Agent": "azsdk-net-ResourceManager/1.3.2 (.NET 6.0.13; Microsoft Windows 10.0.19044)",
        "x-ms-client-request-id": "1c8c2cc7f978fb2bc4a17d836fc2122d",
        "x-ms-return-client-request-id": "true"
      },
      "RequestBody": null,
      "StatusCode": 200,
      "ResponseHeaders": {
        "Cache-Control": "no-cache",
        "Content-Length": "798",
        "Content-Type": "application/json; charset=utf-8",
        "Date": "Wed, 01 Feb 2023 12:46:47 GMT",
        "Expires": "-1",
        "Pragma": "no-cache",
        "Server": [
          "Service-Bus-Resource-Provider/SN1",
          "Microsoft-HTTPAPI/2.0"
        ],
        "Server-SB": "Service-Bus-Resource-Provider/SN1",
        "Strict-Transport-Security": "max-age=31536000; includeSubDomains",
        "X-Content-Type-Options": "nosniff",
        "x-ms-client-request-id": "1c8c2cc7f978fb2bc4a17d836fc2122d",
        "x-ms-correlation-request-id": "daa0afd3-23d5-4514-940c-ce55d1bc7b52",
        "x-ms-ratelimit-remaining-subscription-reads": "11960",
        "x-ms-request-id": "de91d657-7997-4798-8b81-1c1a76546ca7_M0SN1_M0SN1",
        "x-ms-routing-request-id": "SOUTHCENTRALUS:20230201T124647Z:daa0afd3-23d5-4514-940c-ce55d1bc7b52"
      },
      "ResponseBody": {
        "sku": {
          "name": "Standard",
          "tier": "Standard",
          "capacity": 1
        },
        "id": "/subscriptions/326100e2-f69d-4268-8503-075374f62b6e/resourceGroups/testeventhubRG-5454/providers/Microsoft.EventHub/namespaces/testnamespacemgmt13264",
        "name": "testnamespacemgmt13264",
        "type": "Microsoft.EventHub/Namespaces",
        "location": "East US 2",
        "tags": {},
        "properties": {
          "minimumTlsVersion": "1.2",
          "publicNetworkAccess": "Enabled",
          "disableLocalAuth": false,
          "zoneRedundant": false,
          "isAutoInflateEnabled": false,
          "maximumThroughputUnits": 0,
          "kafkaEnabled": true,
          "provisioningState": "Created",
          "metricId": "326100e2-f69d-4268-8503-075374f62b6e:testnamespacemgmt13264",
          "createdAt": "2023-02-01T12:46:36.63Z",
          "updatedAt": "2023-02-01T12:46:36.63Z",
          "serviceBusEndpoint": "https://testnamespacemgmt13264.servicebus.windows.net:443/",
          "status": "Activating"
        }
      }
    },
    {
      "RequestUri": "https://management.azure.com/subscriptions/326100e2-f69d-4268-8503-075374f62b6e/resourceGroups/testeventhubRG-5454/providers/Microsoft.EventHub/namespaces/testnamespacemgmt13264?api-version=2022-10-01-preview",
      "RequestMethod": "GET",
      "RequestHeaders": {
        "Authorization": "Sanitized",
        "traceparent": "00-8076411889acd86b6b8f8181356dd7b5-8a63f18c9cdedb2e-00",
        "User-Agent": "azsdk-net-ResourceManager/1.3.2 (.NET 6.0.13; Microsoft Windows 10.0.19044)",
        "x-ms-client-request-id": "984e07d3ca15fdff2d8e1b987e884692",
        "x-ms-return-client-request-id": "true"
      },
      "RequestBody": null,
      "StatusCode": 200,
      "ResponseHeaders": {
        "Cache-Control": "no-cache",
        "Content-Length": "798",
        "Content-Type": "application/json; charset=utf-8",
        "Date": "Wed, 01 Feb 2023 12:46:55 GMT",
        "Expires": "-1",
        "Pragma": "no-cache",
        "Server": [
          "Service-Bus-Resource-Provider/SN1",
          "Microsoft-HTTPAPI/2.0"
        ],
        "Server-SB": "Service-Bus-Resource-Provider/SN1",
        "Strict-Transport-Security": "max-age=31536000; includeSubDomains",
        "X-Content-Type-Options": "nosniff",
        "x-ms-client-request-id": "984e07d3ca15fdff2d8e1b987e884692",
        "x-ms-correlation-request-id": "c19e08ac-dc24-4b36-a098-912765dfd099",
        "x-ms-ratelimit-remaining-subscription-reads": "11959",
        "x-ms-request-id": "1b06e395-9ee9-4f4c-8dee-37b72f2e9418_M0SN1_M0SN1",
        "x-ms-routing-request-id": "SOUTHCENTRALUS:20230201T124655Z:c19e08ac-dc24-4b36-a098-912765dfd099"
      },
      "ResponseBody": {
        "sku": {
          "name": "Standard",
          "tier": "Standard",
          "capacity": 1
        },
        "id": "/subscriptions/326100e2-f69d-4268-8503-075374f62b6e/resourceGroups/testeventhubRG-5454/providers/Microsoft.EventHub/namespaces/testnamespacemgmt13264",
        "name": "testnamespacemgmt13264",
        "type": "Microsoft.EventHub/Namespaces",
        "location": "East US 2",
        "tags": {},
        "properties": {
          "minimumTlsVersion": "1.2",
          "publicNetworkAccess": "Enabled",
          "disableLocalAuth": false,
          "zoneRedundant": false,
          "isAutoInflateEnabled": false,
          "maximumThroughputUnits": 0,
          "kafkaEnabled": true,
          "provisioningState": "Created",
          "metricId": "326100e2-f69d-4268-8503-075374f62b6e:testnamespacemgmt13264",
          "createdAt": "2023-02-01T12:46:36.63Z",
          "updatedAt": "2023-02-01T12:46:36.63Z",
          "serviceBusEndpoint": "https://testnamespacemgmt13264.servicebus.windows.net:443/",
          "status": "Activating"
        }
      }
    },
    {
      "RequestUri": "https://management.azure.com/subscriptions/326100e2-f69d-4268-8503-075374f62b6e/resourceGroups/testeventhubRG-5454/providers/Microsoft.EventHub/namespaces/testnamespacemgmt13264?api-version=2022-10-01-preview",
      "RequestMethod": "GET",
      "RequestHeaders": {
        "Authorization": "Sanitized",
        "traceparent": "00-8076411889acd86b6b8f8181356dd7b5-29449c66555eba56-00",
        "User-Agent": "azsdk-net-ResourceManager/1.3.2 (.NET 6.0.13; Microsoft Windows 10.0.19044)",
        "x-ms-client-request-id": "0e92956e2ac29f527906a5c8a73572cf",
        "x-ms-return-client-request-id": "true"
      },
      "RequestBody": null,
      "StatusCode": 200,
      "ResponseHeaders": {
        "Cache-Control": "no-cache",
        "Content-Length": "798",
        "Content-Type": "application/json; charset=utf-8",
        "Date": "Wed, 01 Feb 2023 12:47:11 GMT",
        "Expires": "-1",
        "Pragma": "no-cache",
        "Server": [
          "Service-Bus-Resource-Provider/SN1",
          "Microsoft-HTTPAPI/2.0"
        ],
        "Server-SB": "Service-Bus-Resource-Provider/SN1",
        "Strict-Transport-Security": "max-age=31536000; includeSubDomains",
        "X-Content-Type-Options": "nosniff",
        "x-ms-client-request-id": "0e92956e2ac29f527906a5c8a73572cf",
        "x-ms-correlation-request-id": "8569c169-990f-49d6-bec1-354b0aa90640",
        "x-ms-ratelimit-remaining-subscription-reads": "11958",
        "x-ms-request-id": "1d0cdd3a-52b3-496e-b878-a565325d8a9c_M0SN1_M0SN1",
        "x-ms-routing-request-id": "SOUTHCENTRALUS:20230201T124712Z:8569c169-990f-49d6-bec1-354b0aa90640"
      },
      "ResponseBody": {
        "sku": {
          "name": "Standard",
          "tier": "Standard",
          "capacity": 1
        },
        "id": "/subscriptions/326100e2-f69d-4268-8503-075374f62b6e/resourceGroups/testeventhubRG-5454/providers/Microsoft.EventHub/namespaces/testnamespacemgmt13264",
        "name": "testnamespacemgmt13264",
        "type": "Microsoft.EventHub/Namespaces",
        "location": "East US 2",
        "tags": {},
        "properties": {
          "minimumTlsVersion": "1.2",
          "publicNetworkAccess": "Enabled",
          "disableLocalAuth": false,
          "zoneRedundant": false,
          "isAutoInflateEnabled": false,
          "maximumThroughputUnits": 0,
          "kafkaEnabled": true,
          "provisioningState": "Created",
          "metricId": "326100e2-f69d-4268-8503-075374f62b6e:testnamespacemgmt13264",
          "createdAt": "2023-02-01T12:46:36.63Z",
          "updatedAt": "2023-02-01T12:46:36.63Z",
          "serviceBusEndpoint": "https://testnamespacemgmt13264.servicebus.windows.net:443/",
          "status": "Activating"
        }
      }
    },
    {
      "RequestUri": "https://management.azure.com/subscriptions/326100e2-f69d-4268-8503-075374f62b6e/resourceGroups/testeventhubRG-5454/providers/Microsoft.EventHub/namespaces/testnamespacemgmt13264?api-version=2022-10-01-preview",
      "RequestMethod": "GET",
      "RequestHeaders": {
        "Authorization": "Sanitized",
        "traceparent": "00-8076411889acd86b6b8f8181356dd7b5-3409d9b2f02cda18-00",
        "User-Agent": "azsdk-net-ResourceManager/1.3.2 (.NET 6.0.13; Microsoft Windows 10.0.19044)",
        "x-ms-client-request-id": "ee8fc0799fb4fd362c8fefeade937c3b",
        "x-ms-return-client-request-id": "true"
      },
      "RequestBody": null,
      "StatusCode": 200,
      "ResponseHeaders": {
        "Cache-Control": "no-cache",
        "Content-Length": "797",
        "Content-Type": "application/json; charset=utf-8",
        "Date": "Wed, 01 Feb 2023 12:47:43 GMT",
        "Expires": "-1",
        "Pragma": "no-cache",
        "Server": [
          "Service-Bus-Resource-Provider/SN1",
          "Microsoft-HTTPAPI/2.0"
        ],
        "Server-SB": "Service-Bus-Resource-Provider/SN1",
        "Strict-Transport-Security": "max-age=31536000; includeSubDomains",
        "X-Content-Type-Options": "nosniff",
        "x-ms-client-request-id": "ee8fc0799fb4fd362c8fefeade937c3b",
        "x-ms-correlation-request-id": "c2a88ff8-759e-478e-930b-32ba0b2089ce",
        "x-ms-ratelimit-remaining-subscription-reads": "11957",
        "x-ms-request-id": "83e96ff1-8ca7-4d66-b208-fede42488d60_M0SN1_M0SN1",
        "x-ms-routing-request-id": "SOUTHCENTRALUS:20230201T124744Z:c2a88ff8-759e-478e-930b-32ba0b2089ce"
      },
      "ResponseBody": {
        "sku": {
          "name": "Standard",
          "tier": "Standard",
          "capacity": 1
        },
        "id": "/subscriptions/326100e2-f69d-4268-8503-075374f62b6e/resourceGroups/testeventhubRG-5454/providers/Microsoft.EventHub/namespaces/testnamespacemgmt13264",
        "name": "testnamespacemgmt13264",
        "type": "Microsoft.EventHub/Namespaces",
        "location": "East US 2",
        "tags": {},
        "properties": {
          "minimumTlsVersion": "1.2",
          "publicNetworkAccess": "Enabled",
          "disableLocalAuth": false,
          "zoneRedundant": false,
          "isAutoInflateEnabled": false,
          "maximumThroughputUnits": 0,
          "kafkaEnabled": true,
          "provisioningState": "Succeeded",
          "metricId": "326100e2-f69d-4268-8503-075374f62b6e:testnamespacemgmt13264",
          "createdAt": "2023-02-01T12:46:36.63Z",
          "updatedAt": "2023-02-01T12:47:25.063Z",
          "serviceBusEndpoint": "https://testnamespacemgmt13264.servicebus.windows.net:443/",
          "status": "Active"
        }
      }
    },
    {
      "RequestUri": "https://management.azure.com/subscriptions/326100e2-f69d-4268-8503-075374f62b6e/resourceGroups/testeventhubRG-5454/providers/Microsoft.EventHub/namespaces/testnamespacemgmt27728?api-version=2022-10-01-preview",
      "RequestMethod": "PUT",
      "RequestHeaders": {
        "Accept": "application/json",
        "Authorization": "Sanitized",
        "Content-Length": "48",
        "Content-Type": "application/json",
        "traceparent": "00-49805be2c9414a2016e8c85bc9dfdcdc-79830a9684fbe66a-00",
        "User-Agent": "azsdk-net-ResourceManager.EventHubs/1.1.0-alpha.20230201.1 (.NET 6.0.13; Microsoft Windows 10.0.19044)",
        "x-ms-client-request-id": "d915ea5b0430a86ab5ae1e0e253756f8",
        "x-ms-return-client-request-id": "true"
      },
      "RequestBody": {
        "tags": {},
        "location": "eastus2",
        "properties": {}
      },
      "StatusCode": 200,
      "ResponseHeaders": {
        "Cache-Control": "no-cache",
        "Content-Length": "800",
        "Content-Type": "application/json; charset=utf-8",
        "Date": "Wed, 01 Feb 2023 12:47:46 GMT",
        "Expires": "-1",
        "Pragma": "no-cache",
        "Server": [
          "Service-Bus-Resource-Provider/SN1",
          "Microsoft-HTTPAPI/2.0"
        ],
        "Server-SB": "Service-Bus-Resource-Provider/SN1",
        "Strict-Transport-Security": "max-age=31536000; includeSubDomains",
        "X-Content-Type-Options": "nosniff",
        "x-ms-client-request-id": "d915ea5b0430a86ab5ae1e0e253756f8",
        "x-ms-correlation-request-id": "901861ea-196e-42ea-9da5-103603b29b21",
        "x-ms-ratelimit-remaining-subscription-resource-requests": "45",
        "x-ms-request-id": "4f430bca-ae17-4925-9ea3-3565459b9aac_M0SN1_M0SN1",
        "x-ms-routing-request-id": "SOUTHCENTRALUS:20230201T124746Z:901861ea-196e-42ea-9da5-103603b29b21"
      },
      "ResponseBody": {
        "sku": {
          "name": "Standard",
          "tier": "Standard",
          "capacity": 1
        },
        "id": "/subscriptions/326100e2-f69d-4268-8503-075374f62b6e/resourceGroups/testeventhubRG-5454/providers/Microsoft.EventHub/namespaces/testnamespacemgmt27728",
        "name": "testnamespacemgmt27728",
        "type": "Microsoft.EventHub/Namespaces",
        "location": "East US 2",
        "tags": {},
        "properties": {
          "minimumTlsVersion": "1.2",
          "publicNetworkAccess": "Enabled",
          "disableLocalAuth": false,
          "zoneRedundant": false,
          "isAutoInflateEnabled": false,
          "maximumThroughputUnits": 0,
          "kafkaEnabled": true,
          "provisioningState": "Created",
          "metricId": "326100e2-f69d-4268-8503-075374f62b6e:testnamespacemgmt27728",
          "createdAt": "2023-02-01T12:47:46.257Z",
          "updatedAt": "2023-02-01T12:47:46.257Z",
          "serviceBusEndpoint": "https://testnamespacemgmt27728.servicebus.windows.net:443/",
          "status": "Activating"
        }
      }
    },
    {
      "RequestUri": "https://management.azure.com/subscriptions/326100e2-f69d-4268-8503-075374f62b6e/resourceGroups/testeventhubRG-5454/providers/Microsoft.EventHub/namespaces/testnamespacemgmt27728?api-version=2022-10-01-preview",
      "RequestMethod": "GET",
      "RequestHeaders": {
        "Authorization": "Sanitized",
        "traceparent": "00-49805be2c9414a2016e8c85bc9dfdcdc-998dba4c8f23e490-00",
        "User-Agent": "azsdk-net-ResourceManager/1.3.2 (.NET 6.0.13; Microsoft Windows 10.0.19044)",
        "x-ms-client-request-id": "bc6d6989981f759f56e639058028d8f5",
        "x-ms-return-client-request-id": "true"
      },
      "RequestBody": null,
      "StatusCode": 200,
      "ResponseHeaders": {
        "Cache-Control": "no-cache",
        "Content-Length": "800",
        "Content-Type": "application/json; charset=utf-8",
        "Date": "Wed, 01 Feb 2023 12:47:46 GMT",
        "Expires": "-1",
        "Pragma": "no-cache",
        "Server": [
          "Service-Bus-Resource-Provider/SN1",
          "Microsoft-HTTPAPI/2.0"
        ],
        "Server-SB": "Service-Bus-Resource-Provider/SN1",
        "Strict-Transport-Security": "max-age=31536000; includeSubDomains",
        "X-Content-Type-Options": "nosniff",
        "x-ms-client-request-id": "bc6d6989981f759f56e639058028d8f5",
        "x-ms-correlation-request-id": "7793c584-7895-48d3-9b17-fc43589f8fe5",
        "x-ms-ratelimit-remaining-subscription-reads": "11956",
        "x-ms-request-id": "5f974fe6-2411-4b40-af7b-e1e6712ecc4f_M0SN1_M0SN1",
        "x-ms-routing-request-id": "SOUTHCENTRALUS:20230201T124747Z:7793c584-7895-48d3-9b17-fc43589f8fe5"
      },
      "ResponseBody": {
        "sku": {
          "name": "Standard",
          "tier": "Standard",
          "capacity": 1
        },
        "id": "/subscriptions/326100e2-f69d-4268-8503-075374f62b6e/resourceGroups/testeventhubRG-5454/providers/Microsoft.EventHub/namespaces/testnamespacemgmt27728",
        "name": "testnamespacemgmt27728",
        "type": "Microsoft.EventHub/Namespaces",
        "location": "East US 2",
        "tags": {},
        "properties": {
          "minimumTlsVersion": "1.2",
          "publicNetworkAccess": "Enabled",
          "disableLocalAuth": false,
          "zoneRedundant": false,
          "isAutoInflateEnabled": false,
          "maximumThroughputUnits": 0,
          "kafkaEnabled": true,
          "provisioningState": "Created",
          "metricId": "326100e2-f69d-4268-8503-075374f62b6e:testnamespacemgmt27728",
          "createdAt": "2023-02-01T12:47:46.257Z",
          "updatedAt": "2023-02-01T12:47:46.257Z",
          "serviceBusEndpoint": "https://testnamespacemgmt27728.servicebus.windows.net:443/",
          "status": "Activating"
        }
      }
    },
    {
      "RequestUri": "https://management.azure.com/subscriptions/326100e2-f69d-4268-8503-075374f62b6e/resourceGroups/testeventhubRG-5454/providers/Microsoft.EventHub/namespaces/testnamespacemgmt27728?api-version=2022-10-01-preview",
      "RequestMethod": "GET",
      "RequestHeaders": {
        "Authorization": "Sanitized",
        "traceparent": "00-49805be2c9414a2016e8c85bc9dfdcdc-6f21296a92c26c4e-00",
        "User-Agent": "azsdk-net-ResourceManager/1.3.2 (.NET 6.0.13; Microsoft Windows 10.0.19044)",
        "x-ms-client-request-id": "92cef738be7303420c467a9b22366d4d",
        "x-ms-return-client-request-id": "true"
      },
      "RequestBody": null,
      "StatusCode": 200,
      "ResponseHeaders": {
        "Cache-Control": "no-cache",
        "Content-Length": "800",
        "Content-Type": "application/json; charset=utf-8",
        "Date": "Wed, 01 Feb 2023 12:47:47 GMT",
        "Expires": "-1",
        "Pragma": "no-cache",
        "Server": [
          "Service-Bus-Resource-Provider/SN1",
          "Microsoft-HTTPAPI/2.0"
        ],
        "Server-SB": "Service-Bus-Resource-Provider/SN1",
        "Strict-Transport-Security": "max-age=31536000; includeSubDomains",
        "X-Content-Type-Options": "nosniff",
        "x-ms-client-request-id": "92cef738be7303420c467a9b22366d4d",
        "x-ms-correlation-request-id": "1fc10459-1920-4126-a0e0-b69d569e11a7",
        "x-ms-ratelimit-remaining-subscription-reads": "11955",
        "x-ms-request-id": "663ce416-a666-4bc3-8d90-7157d1b23153_M0SN1_M0SN1",
        "x-ms-routing-request-id": "SOUTHCENTRALUS:20230201T124748Z:1fc10459-1920-4126-a0e0-b69d569e11a7"
      },
      "ResponseBody": {
        "sku": {
          "name": "Standard",
          "tier": "Standard",
          "capacity": 1
        },
        "id": "/subscriptions/326100e2-f69d-4268-8503-075374f62b6e/resourceGroups/testeventhubRG-5454/providers/Microsoft.EventHub/namespaces/testnamespacemgmt27728",
        "name": "testnamespacemgmt27728",
        "type": "Microsoft.EventHub/Namespaces",
        "location": "East US 2",
        "tags": {},
        "properties": {
          "minimumTlsVersion": "1.2",
          "publicNetworkAccess": "Enabled",
          "disableLocalAuth": false,
          "zoneRedundant": false,
          "isAutoInflateEnabled": false,
          "maximumThroughputUnits": 0,
          "kafkaEnabled": true,
          "provisioningState": "Created",
          "metricId": "326100e2-f69d-4268-8503-075374f62b6e:testnamespacemgmt27728",
          "createdAt": "2023-02-01T12:47:46.257Z",
          "updatedAt": "2023-02-01T12:47:46.257Z",
          "serviceBusEndpoint": "https://testnamespacemgmt27728.servicebus.windows.net:443/",
          "status": "Activating"
        }
      }
    },
    {
      "RequestUri": "https://management.azure.com/subscriptions/326100e2-f69d-4268-8503-075374f62b6e/resourceGroups/testeventhubRG-5454/providers/Microsoft.EventHub/namespaces/testnamespacemgmt27728?api-version=2022-10-01-preview",
      "RequestMethod": "GET",
      "RequestHeaders": {
        "Authorization": "Sanitized",
        "traceparent": "00-49805be2c9414a2016e8c85bc9dfdcdc-b4ed7e35bd8acda2-00",
        "User-Agent": "azsdk-net-ResourceManager/1.3.2 (.NET 6.0.13; Microsoft Windows 10.0.19044)",
        "x-ms-client-request-id": "bb8437ed99c982d8aca967121ed74e37",
        "x-ms-return-client-request-id": "true"
      },
      "RequestBody": null,
      "StatusCode": 200,
      "ResponseHeaders": {
        "Cache-Control": "no-cache",
        "Content-Length": "800",
        "Content-Type": "application/json; charset=utf-8",
        "Date": "Wed, 01 Feb 2023 12:47:48 GMT",
        "Expires": "-1",
        "Pragma": "no-cache",
        "Server": [
          "Service-Bus-Resource-Provider/SN1",
          "Microsoft-HTTPAPI/2.0"
        ],
        "Server-SB": "Service-Bus-Resource-Provider/SN1",
        "Strict-Transport-Security": "max-age=31536000; includeSubDomains",
        "X-Content-Type-Options": "nosniff",
        "x-ms-client-request-id": "bb8437ed99c982d8aca967121ed74e37",
        "x-ms-correlation-request-id": "74288875-87e6-4230-aa18-2558a95f282c",
        "x-ms-ratelimit-remaining-subscription-reads": "11954",
        "x-ms-request-id": "1a78977f-7b44-457e-8aae-db4a5a19df34_M0SN1_M0SN1",
        "x-ms-routing-request-id": "SOUTHCENTRALUS:20230201T124749Z:74288875-87e6-4230-aa18-2558a95f282c"
      },
      "ResponseBody": {
        "sku": {
          "name": "Standard",
          "tier": "Standard",
          "capacity": 1
        },
        "id": "/subscriptions/326100e2-f69d-4268-8503-075374f62b6e/resourceGroups/testeventhubRG-5454/providers/Microsoft.EventHub/namespaces/testnamespacemgmt27728",
        "name": "testnamespacemgmt27728",
        "type": "Microsoft.EventHub/Namespaces",
        "location": "East US 2",
        "tags": {},
        "properties": {
          "minimumTlsVersion": "1.2",
          "publicNetworkAccess": "Enabled",
          "disableLocalAuth": false,
          "zoneRedundant": false,
          "isAutoInflateEnabled": false,
          "maximumThroughputUnits": 0,
          "kafkaEnabled": true,
          "provisioningState": "Created",
          "metricId": "326100e2-f69d-4268-8503-075374f62b6e:testnamespacemgmt27728",
          "createdAt": "2023-02-01T12:47:46.257Z",
          "updatedAt": "2023-02-01T12:47:46.257Z",
          "serviceBusEndpoint": "https://testnamespacemgmt27728.servicebus.windows.net:443/",
          "status": "Activating"
        }
      }
    },
    {
      "RequestUri": "https://management.azure.com/subscriptions/326100e2-f69d-4268-8503-075374f62b6e/resourceGroups/testeventhubRG-5454/providers/Microsoft.EventHub/namespaces/testnamespacemgmt27728?api-version=2022-10-01-preview",
      "RequestMethod": "GET",
      "RequestHeaders": {
        "Authorization": "Sanitized",
        "traceparent": "00-49805be2c9414a2016e8c85bc9dfdcdc-8a6d670bf4f53aa0-00",
        "User-Agent": "azsdk-net-ResourceManager/1.3.2 (.NET 6.0.13; Microsoft Windows 10.0.19044)",
        "x-ms-client-request-id": "44faebbc2f98cb722769afd91e03531f",
        "x-ms-return-client-request-id": "true"
      },
      "RequestBody": null,
      "StatusCode": 200,
      "ResponseHeaders": {
        "Cache-Control": "no-cache",
        "Content-Length": "800",
        "Content-Type": "application/json; charset=utf-8",
        "Date": "Wed, 01 Feb 2023 12:47:50 GMT",
        "Expires": "-1",
        "Pragma": "no-cache",
        "Server": [
          "Service-Bus-Resource-Provider/SN1",
          "Microsoft-HTTPAPI/2.0"
        ],
        "Server-SB": "Service-Bus-Resource-Provider/SN1",
        "Strict-Transport-Security": "max-age=31536000; includeSubDomains",
        "X-Content-Type-Options": "nosniff",
        "x-ms-client-request-id": "44faebbc2f98cb722769afd91e03531f",
        "x-ms-correlation-request-id": "dd592084-ca26-4381-b9c2-a95afd64d4f3",
        "x-ms-ratelimit-remaining-subscription-reads": "11953",
        "x-ms-request-id": "ae5b48db-af5e-41fc-bf37-29067ab8c114_M0SN1_M0SN1",
        "x-ms-routing-request-id": "SOUTHCENTRALUS:20230201T124750Z:dd592084-ca26-4381-b9c2-a95afd64d4f3"
      },
      "ResponseBody": {
        "sku": {
          "name": "Standard",
          "tier": "Standard",
          "capacity": 1
        },
        "id": "/subscriptions/326100e2-f69d-4268-8503-075374f62b6e/resourceGroups/testeventhubRG-5454/providers/Microsoft.EventHub/namespaces/testnamespacemgmt27728",
        "name": "testnamespacemgmt27728",
        "type": "Microsoft.EventHub/Namespaces",
        "location": "East US 2",
        "tags": {},
        "properties": {
          "minimumTlsVersion": "1.2",
          "publicNetworkAccess": "Enabled",
          "disableLocalAuth": false,
          "zoneRedundant": false,
          "isAutoInflateEnabled": false,
          "maximumThroughputUnits": 0,
          "kafkaEnabled": true,
          "provisioningState": "Created",
          "metricId": "326100e2-f69d-4268-8503-075374f62b6e:testnamespacemgmt27728",
          "createdAt": "2023-02-01T12:47:46.257Z",
          "updatedAt": "2023-02-01T12:47:46.257Z",
          "serviceBusEndpoint": "https://testnamespacemgmt27728.servicebus.windows.net:443/",
          "status": "Activating"
        }
      }
    },
    {
      "RequestUri": "https://management.azure.com/subscriptions/326100e2-f69d-4268-8503-075374f62b6e/resourceGroups/testeventhubRG-5454/providers/Microsoft.EventHub/namespaces/testnamespacemgmt27728?api-version=2022-10-01-preview",
      "RequestMethod": "GET",
      "RequestHeaders": {
        "Authorization": "Sanitized",
        "traceparent": "00-49805be2c9414a2016e8c85bc9dfdcdc-51c9fe79349be541-00",
        "User-Agent": "azsdk-net-ResourceManager/1.3.2 (.NET 6.0.13; Microsoft Windows 10.0.19044)",
        "x-ms-client-request-id": "4818eb791ca39f2b1e4ce6ca5630e435",
        "x-ms-return-client-request-id": "true"
      },
      "RequestBody": null,
      "StatusCode": 200,
      "ResponseHeaders": {
        "Cache-Control": "no-cache",
        "Content-Length": "800",
        "Content-Type": "application/json; charset=utf-8",
        "Date": "Wed, 01 Feb 2023 12:47:52 GMT",
        "Expires": "-1",
        "Pragma": "no-cache",
        "Server": [
          "Service-Bus-Resource-Provider/SN1",
          "Microsoft-HTTPAPI/2.0"
        ],
        "Server-SB": "Service-Bus-Resource-Provider/SN1",
        "Strict-Transport-Security": "max-age=31536000; includeSubDomains",
        "X-Content-Type-Options": "nosniff",
        "x-ms-client-request-id": "4818eb791ca39f2b1e4ce6ca5630e435",
        "x-ms-correlation-request-id": "fe799a36-6797-43d0-b2d1-9a4fed01a6bb",
        "x-ms-ratelimit-remaining-subscription-reads": "11952",
        "x-ms-request-id": "6c55e40f-75ef-4c46-8119-92e535fce502_M0SN1_M0SN1",
        "x-ms-routing-request-id": "SOUTHCENTRALUS:20230201T124752Z:fe799a36-6797-43d0-b2d1-9a4fed01a6bb"
      },
      "ResponseBody": {
        "sku": {
          "name": "Standard",
          "tier": "Standard",
          "capacity": 1
        },
        "id": "/subscriptions/326100e2-f69d-4268-8503-075374f62b6e/resourceGroups/testeventhubRG-5454/providers/Microsoft.EventHub/namespaces/testnamespacemgmt27728",
        "name": "testnamespacemgmt27728",
        "type": "Microsoft.EventHub/Namespaces",
        "location": "East US 2",
        "tags": {},
        "properties": {
          "minimumTlsVersion": "1.2",
          "publicNetworkAccess": "Enabled",
          "disableLocalAuth": false,
          "zoneRedundant": false,
          "isAutoInflateEnabled": false,
          "maximumThroughputUnits": 0,
          "kafkaEnabled": true,
          "provisioningState": "Created",
          "metricId": "326100e2-f69d-4268-8503-075374f62b6e:testnamespacemgmt27728",
          "createdAt": "2023-02-01T12:47:46.257Z",
          "updatedAt": "2023-02-01T12:47:46.257Z",
          "serviceBusEndpoint": "https://testnamespacemgmt27728.servicebus.windows.net:443/",
          "status": "Activating"
        }
      }
    },
    {
      "RequestUri": "https://management.azure.com/subscriptions/326100e2-f69d-4268-8503-075374f62b6e/resourceGroups/testeventhubRG-5454/providers/Microsoft.EventHub/namespaces/testnamespacemgmt27728?api-version=2022-10-01-preview",
      "RequestMethod": "GET",
      "RequestHeaders": {
        "Authorization": "Sanitized",
        "traceparent": "00-49805be2c9414a2016e8c85bc9dfdcdc-382c7d1dc881572c-00",
        "User-Agent": "azsdk-net-ResourceManager/1.3.2 (.NET 6.0.13; Microsoft Windows 10.0.19044)",
        "x-ms-client-request-id": "36de43f7293bbeb5c4b99460e9ff64a8",
        "x-ms-return-client-request-id": "true"
      },
      "RequestBody": null,
      "StatusCode": 200,
      "ResponseHeaders": {
        "Cache-Control": "no-cache",
        "Content-Length": "800",
        "Content-Type": "application/json; charset=utf-8",
        "Date": "Wed, 01 Feb 2023 12:47:56 GMT",
        "Expires": "-1",
        "Pragma": "no-cache",
        "Server": [
          "Service-Bus-Resource-Provider/SN1",
          "Microsoft-HTTPAPI/2.0"
        ],
        "Server-SB": "Service-Bus-Resource-Provider/SN1",
        "Strict-Transport-Security": "max-age=31536000; includeSubDomains",
        "X-Content-Type-Options": "nosniff",
        "x-ms-client-request-id": "36de43f7293bbeb5c4b99460e9ff64a8",
        "x-ms-correlation-request-id": "a19cfc7c-61f6-4bdb-8a3d-b9911f4c3a07",
        "x-ms-ratelimit-remaining-subscription-reads": "11951",
        "x-ms-request-id": "5fecf729-abc5-4c9e-87c6-c4e0c5ba3ab6_M0SN1_M0SN1",
        "x-ms-routing-request-id": "SOUTHCENTRALUS:20230201T124757Z:a19cfc7c-61f6-4bdb-8a3d-b9911f4c3a07"
      },
      "ResponseBody": {
        "sku": {
          "name": "Standard",
          "tier": "Standard",
          "capacity": 1
        },
        "id": "/subscriptions/326100e2-f69d-4268-8503-075374f62b6e/resourceGroups/testeventhubRG-5454/providers/Microsoft.EventHub/namespaces/testnamespacemgmt27728",
        "name": "testnamespacemgmt27728",
        "type": "Microsoft.EventHub/Namespaces",
        "location": "East US 2",
        "tags": {},
        "properties": {
          "minimumTlsVersion": "1.2",
          "publicNetworkAccess": "Enabled",
          "disableLocalAuth": false,
          "zoneRedundant": false,
          "isAutoInflateEnabled": false,
          "maximumThroughputUnits": 0,
          "kafkaEnabled": true,
          "provisioningState": "Created",
          "metricId": "326100e2-f69d-4268-8503-075374f62b6e:testnamespacemgmt27728",
          "createdAt": "2023-02-01T12:47:46.257Z",
          "updatedAt": "2023-02-01T12:47:46.257Z",
          "serviceBusEndpoint": "https://testnamespacemgmt27728.servicebus.windows.net:443/",
          "status": "Activating"
        }
      }
    },
    {
      "RequestUri": "https://management.azure.com/subscriptions/326100e2-f69d-4268-8503-075374f62b6e/resourceGroups/testeventhubRG-5454/providers/Microsoft.EventHub/namespaces/testnamespacemgmt27728?api-version=2022-10-01-preview",
      "RequestMethod": "GET",
      "RequestHeaders": {
        "Authorization": "Sanitized",
        "traceparent": "00-49805be2c9414a2016e8c85bc9dfdcdc-9107f8cc85e5380f-00",
        "User-Agent": "azsdk-net-ResourceManager/1.3.2 (.NET 6.0.13; Microsoft Windows 10.0.19044)",
        "x-ms-client-request-id": "3398475605bf9f93bf5b254c48a875f6",
        "x-ms-return-client-request-id": "true"
      },
      "RequestBody": null,
      "StatusCode": 200,
      "ResponseHeaders": {
        "Cache-Control": "no-cache",
        "Content-Length": "800",
        "Content-Type": "application/json; charset=utf-8",
        "Date": "Wed, 01 Feb 2023 12:48:04 GMT",
        "Expires": "-1",
        "Pragma": "no-cache",
        "Server": [
          "Service-Bus-Resource-Provider/SN1",
          "Microsoft-HTTPAPI/2.0"
        ],
        "Server-SB": "Service-Bus-Resource-Provider/SN1",
        "Strict-Transport-Security": "max-age=31536000; includeSubDomains",
        "X-Content-Type-Options": "nosniff",
        "x-ms-client-request-id": "3398475605bf9f93bf5b254c48a875f6",
        "x-ms-correlation-request-id": "88705bec-595d-4bf8-9972-c51818b732f0",
        "x-ms-ratelimit-remaining-subscription-reads": "11950",
        "x-ms-request-id": "3abc7a13-88e0-4742-a324-fc2e308315f4_M0SN1_M0SN1",
        "x-ms-routing-request-id": "SOUTHCENTRALUS:20230201T124805Z:88705bec-595d-4bf8-9972-c51818b732f0"
      },
      "ResponseBody": {
        "sku": {
          "name": "Standard",
          "tier": "Standard",
          "capacity": 1
        },
        "id": "/subscriptions/326100e2-f69d-4268-8503-075374f62b6e/resourceGroups/testeventhubRG-5454/providers/Microsoft.EventHub/namespaces/testnamespacemgmt27728",
        "name": "testnamespacemgmt27728",
        "type": "Microsoft.EventHub/Namespaces",
        "location": "East US 2",
        "tags": {},
        "properties": {
          "minimumTlsVersion": "1.2",
          "publicNetworkAccess": "Enabled",
          "disableLocalAuth": false,
          "zoneRedundant": false,
          "isAutoInflateEnabled": false,
          "maximumThroughputUnits": 0,
          "kafkaEnabled": true,
          "provisioningState": "Created",
          "metricId": "326100e2-f69d-4268-8503-075374f62b6e:testnamespacemgmt27728",
          "createdAt": "2023-02-01T12:47:46.257Z",
          "updatedAt": "2023-02-01T12:47:46.257Z",
          "serviceBusEndpoint": "https://testnamespacemgmt27728.servicebus.windows.net:443/",
          "status": "Activating"
        }
      }
    },
    {
      "RequestUri": "https://management.azure.com/subscriptions/326100e2-f69d-4268-8503-075374f62b6e/resourceGroups/testeventhubRG-5454/providers/Microsoft.EventHub/namespaces/testnamespacemgmt27728?api-version=2022-10-01-preview",
      "RequestMethod": "GET",
      "RequestHeaders": {
        "Authorization": "Sanitized",
        "traceparent": "00-49805be2c9414a2016e8c85bc9dfdcdc-b5cfde5c62dbd1da-00",
        "User-Agent": "azsdk-net-ResourceManager/1.3.2 (.NET 6.0.13; Microsoft Windows 10.0.19044)",
        "x-ms-client-request-id": "dae17a841c2550e4365a83ea88cbb51e",
        "x-ms-return-client-request-id": "true"
      },
      "RequestBody": null,
      "StatusCode": 200,
      "ResponseHeaders": {
        "Cache-Control": "no-cache",
        "Content-Length": "800",
        "Content-Type": "application/json; charset=utf-8",
        "Date": "Wed, 01 Feb 2023 12:48:20 GMT",
        "Expires": "-1",
        "Pragma": "no-cache",
        "Server": [
          "Service-Bus-Resource-Provider/SN1",
          "Microsoft-HTTPAPI/2.0"
        ],
        "Server-SB": "Service-Bus-Resource-Provider/SN1",
        "Strict-Transport-Security": "max-age=31536000; includeSubDomains",
        "X-Content-Type-Options": "nosniff",
        "x-ms-client-request-id": "dae17a841c2550e4365a83ea88cbb51e",
        "x-ms-correlation-request-id": "b1a41b3f-09a6-4a02-992d-1050eddb7124",
        "x-ms-ratelimit-remaining-subscription-reads": "11949",
        "x-ms-request-id": "9540e890-cb3d-4f89-8f56-041b193b92e8_M0SN1_M0SN1",
        "x-ms-routing-request-id": "SOUTHCENTRALUS:20230201T124821Z:b1a41b3f-09a6-4a02-992d-1050eddb7124"
      },
      "ResponseBody": {
        "sku": {
          "name": "Standard",
          "tier": "Standard",
          "capacity": 1
        },
        "id": "/subscriptions/326100e2-f69d-4268-8503-075374f62b6e/resourceGroups/testeventhubRG-5454/providers/Microsoft.EventHub/namespaces/testnamespacemgmt27728",
        "name": "testnamespacemgmt27728",
        "type": "Microsoft.EventHub/Namespaces",
        "location": "East US 2",
        "tags": {},
        "properties": {
          "minimumTlsVersion": "1.2",
          "publicNetworkAccess": "Enabled",
          "disableLocalAuth": false,
          "zoneRedundant": false,
          "isAutoInflateEnabled": false,
          "maximumThroughputUnits": 0,
          "kafkaEnabled": true,
          "provisioningState": "Created",
          "metricId": "326100e2-f69d-4268-8503-075374f62b6e:testnamespacemgmt27728",
          "createdAt": "2023-02-01T12:47:46.257Z",
          "updatedAt": "2023-02-01T12:47:46.257Z",
          "serviceBusEndpoint": "https://testnamespacemgmt27728.servicebus.windows.net:443/",
          "status": "Activating"
        }
      }
    },
    {
      "RequestUri": "https://management.azure.com/subscriptions/326100e2-f69d-4268-8503-075374f62b6e/resourceGroups/testeventhubRG-5454/providers/Microsoft.EventHub/namespaces/testnamespacemgmt27728?api-version=2022-10-01-preview",
      "RequestMethod": "GET",
      "RequestHeaders": {
        "Authorization": "Sanitized",
        "traceparent": "00-49805be2c9414a2016e8c85bc9dfdcdc-ee12305a4561af8d-00",
        "User-Agent": "azsdk-net-ResourceManager/1.3.2 (.NET 6.0.13; Microsoft Windows 10.0.19044)",
        "x-ms-client-request-id": "0e743de7b197f275af3f76df0368751c",
        "x-ms-return-client-request-id": "true"
      },
      "RequestBody": null,
      "StatusCode": 200,
      "ResponseHeaders": {
        "Cache-Control": "no-cache",
        "Content-Length": "798",
        "Content-Type": "application/json; charset=utf-8",
        "Date": "Wed, 01 Feb 2023 12:48:53 GMT",
        "Expires": "-1",
        "Pragma": "no-cache",
        "Server": [
          "Service-Bus-Resource-Provider/SN1",
          "Microsoft-HTTPAPI/2.0"
        ],
        "Server-SB": "Service-Bus-Resource-Provider/SN1",
        "Strict-Transport-Security": "max-age=31536000; includeSubDomains",
        "X-Content-Type-Options": "nosniff",
        "x-ms-client-request-id": "0e743de7b197f275af3f76df0368751c",
        "x-ms-correlation-request-id": "f9786c5b-e64c-4502-b80d-70f7e699f69a",
        "x-ms-ratelimit-remaining-subscription-reads": "11948",
        "x-ms-request-id": "c625e56e-5da2-404f-af7f-268d4aada627_M0SN1_M0SN1",
        "x-ms-routing-request-id": "SOUTHCENTRALUS:20230201T124853Z:f9786c5b-e64c-4502-b80d-70f7e699f69a"
      },
      "ResponseBody": {
        "sku": {
          "name": "Standard",
          "tier": "Standard",
          "capacity": 1
        },
        "id": "/subscriptions/326100e2-f69d-4268-8503-075374f62b6e/resourceGroups/testeventhubRG-5454/providers/Microsoft.EventHub/namespaces/testnamespacemgmt27728",
        "name": "testnamespacemgmt27728",
        "type": "Microsoft.EventHub/Namespaces",
        "location": "East US 2",
        "tags": {},
        "properties": {
          "minimumTlsVersion": "1.2",
          "publicNetworkAccess": "Enabled",
          "disableLocalAuth": false,
          "zoneRedundant": false,
          "isAutoInflateEnabled": false,
          "maximumThroughputUnits": 0,
          "kafkaEnabled": true,
          "provisioningState": "Succeeded",
          "metricId": "326100e2-f69d-4268-8503-075374f62b6e:testnamespacemgmt27728",
          "createdAt": "2023-02-01T12:47:46.257Z",
          "updatedAt": "2023-02-01T12:48:35.207Z",
          "serviceBusEndpoint": "https://testnamespacemgmt27728.servicebus.windows.net:443/",
          "status": "Active"
        }
      }
    },
    {
      "RequestUri": "https://management.azure.com/subscriptions/326100e2-f69d-4268-8503-075374f62b6e/resourceGroups/testeventhubRG-5454/providers/Microsoft.EventHub/namespaces?api-version=2022-10-01-preview",
      "RequestMethod": "GET",
      "RequestHeaders": {
        "Accept": "application/json",
        "Authorization": "Sanitized",
        "traceparent": "00-d0f67b4fdd193b806a9bae8589f57812-93ce31eb307902de-00",
        "User-Agent": "azsdk-net-ResourceManager.EventHubs/1.1.0-alpha.20230201.1 (.NET 6.0.13; Microsoft Windows 10.0.19044)",
        "x-ms-client-request-id": "6fdb9d438a1e39836347fd6481a916f4",
        "x-ms-return-client-request-id": "true"
      },
      "RequestBody": null,
      "StatusCode": 200,
      "ResponseHeaders": {
        "Cache-Control": "no-cache",
        "Content-Length": "1608",
        "Content-Type": "application/json; charset=utf-8",
        "Date": "Wed, 01 Feb 2023 12:48:53 GMT",
        "Expires": "-1",
        "Pragma": "no-cache",
        "Server": [
          "Service-Bus-Resource-Provider/SN1",
          "Microsoft-HTTPAPI/2.0"
        ],
        "Server-SB": "Service-Bus-Resource-Provider/SN1",
        "Strict-Transport-Security": "max-age=31536000; includeSubDomains",
        "X-Content-Type-Options": "nosniff",
        "x-ms-client-request-id": "6fdb9d438a1e39836347fd6481a916f4",
        "x-ms-correlation-request-id": "3f25ffbb-4714-4dc4-9f7d-5031a2dc9e24",
        "x-ms-ratelimit-remaining-subscription-reads": "11947",
        "x-ms-request-id": "61d802b3-c2c7-43d0-b455-89eb90bb79a2_M0SN1_M0SN1",
        "x-ms-routing-request-id": "SOUTHCENTRALUS:20230201T124853Z:3f25ffbb-4714-4dc4-9f7d-5031a2dc9e24"
      },
      "ResponseBody": {
        "value": [
          {
            "sku": {
              "name": "Standard",
              "tier": "Standard",
              "capacity": 1
            },
            "id": "/subscriptions/326100e2-f69d-4268-8503-075374f62b6e/resourceGroups/testeventhubRG-5454/providers/Microsoft.EventHub/namespaces/testnamespacemgmt13264",
            "name": "testnamespacemgmt13264",
            "type": "Microsoft.EventHub/Namespaces",
            "location": "East US 2",
            "tags": {},
            "properties": {
              "minimumTlsVersion": "1.2",
              "publicNetworkAccess": "Enabled",
              "disableLocalAuth": false,
              "zoneRedundant": false,
              "isAutoInflateEnabled": false,
              "maximumThroughputUnits": 0,
              "kafkaEnabled": true,
              "provisioningState": "Succeeded",
              "metricId": "326100e2-f69d-4268-8503-075374f62b6e:testnamespacemgmt13264",
              "createdAt": "2023-02-01T12:46:36.63Z",
              "updatedAt": "2023-02-01T12:47:25.063Z",
              "serviceBusEndpoint": "https://testnamespacemgmt13264.servicebus.windows.net:443/",
              "status": "Active"
            }
          },
          {
            "sku": {
              "name": "Standard",
              "tier": "Standard",
              "capacity": 1
            },
            "id": "/subscriptions/326100e2-f69d-4268-8503-075374f62b6e/resourceGroups/testeventhubRG-5454/providers/Microsoft.EventHub/namespaces/testnamespacemgmt27728",
            "name": "testnamespacemgmt27728",
            "type": "Microsoft.EventHub/Namespaces",
            "location": "East US 2",
            "tags": {},
            "properties": {
              "minimumTlsVersion": "1.2",
              "publicNetworkAccess": "Enabled",
              "disableLocalAuth": false,
              "zoneRedundant": false,
              "isAutoInflateEnabled": false,
              "maximumThroughputUnits": 0,
              "kafkaEnabled": true,
              "provisioningState": "Succeeded",
              "metricId": "326100e2-f69d-4268-8503-075374f62b6e:testnamespacemgmt27728",
              "createdAt": "2023-02-01T12:47:46.257Z",
              "updatedAt": "2023-02-01T12:48:35.207Z",
              "serviceBusEndpoint": "https://testnamespacemgmt27728.servicebus.windows.net:443/",
              "status": "Active"
            }
          }
        ]
      }
    }
  ],
  "Variables": {
    "AZURE_AUTHORITY_HOST": "https://login.microsoftonline.com",
    "RandomSeed": "985829123",
    "RESOURCE_MANAGER_URL": null,
    "SUBSCRIPTION_ID": "326100e2-f69d-4268-8503-075374f62b6e"
  }
}
