{
  "Entries": [
    {
      "RequestUri": "https://management.azure.com/subscriptions/db1ab6f0-4769-4b27-930e-01e2ef9c123c?api-version=2019-11-01",
      "RequestMethod": "GET",
      "RequestHeaders": {
        "Accept": "application/json",
        "Authorization": "Sanitized",
        "traceparent": "00-3250c861513d8b4e9b07c0034ad786e4-e068a892bf02ea46-00",
        "User-Agent": "azsdk-net-ResourceManager/1.0.0-beta.5 (.NET Framework 4.8.4300.0; Microsoft Windows 10.0.19043 )",
        "x-ms-client-request-id": "b034a767df431284e788465aefdefc40",
        "x-ms-return-client-request-id": "true"
      },
      "RequestBody": null,
      "StatusCode": 200,
      "ResponseHeaders": {
        "Cache-Control": "no-cache",
        "Content-Length": "468",
        "Content-Type": "application/json; charset=utf-8",
        "Date": "Fri, 29 Oct 2021 03:55:09 GMT",
        "Expires": "-1",
        "Pragma": "no-cache",
        "Strict-Transport-Security": "max-age=31536000; includeSubDomains",
        "X-Content-Type-Options": "nosniff",
        "x-ms-correlation-request-id": "606fde80-21d3-4711-9817-b8a1c721f864",
        "x-ms-ratelimit-remaining-subscription-reads": "11745",
        "x-ms-request-id": "606fde80-21d3-4711-9817-b8a1c721f864",
        "x-ms-routing-request-id": "SOUTHEASTASIA:20211029T035509Z:606fde80-21d3-4711-9817-b8a1c721f864"
      },
      "ResponseBody": {
        "id": "/subscriptions/db1ab6f0-4769-4b27-930e-01e2ef9c123c",
        "authorizationSource": "RoleBased",
        "managedByTenants": [],
        "tags": {
          "tagKey1": "tagValue1",
          "tagKey2": "tagValue2"
        },
        "subscriptionId": "db1ab6f0-4769-4b27-930e-01e2ef9c123c",
        "tenantId": "72f988bf-86f1-41af-91ab-2d7cd011db47",
        "displayName": ".NET Mgmt SDK Test with TTL = 1 Day",
        "state": "Enabled",
        "subscriptionPolicies": {
          "locationPlacementId": "Internal_2014-09-01",
          "quotaId": "Internal_2014-09-01",
          "spendingLimit": "Off"
        }
      }
    },
    {
      "RequestUri": "https://management.azure.com/subscriptions/db1ab6f0-4769-4b27-930e-01e2ef9c123c/providers/Microsoft.EventHub/checkNameAvailability?api-version=2021-06-01-preview",
      "RequestMethod": "POST",
      "RequestHeaders": {
        "Accept": "application/json",
        "Authorization": "Sanitized",
        "Content-Length": "32",
        "Content-Type": "application/json",
        "User-Agent": "azsdk-net-ResourceManager.EventHubs/1.0.0-alpha.20211029.1 (.NET Framework 4.8.4300.0; Microsoft Windows 10.0.19043 )",
        "x-ms-client-request-id": "1ea1cf94f99b74f95e78d60e3fa56970",
        "x-ms-return-client-request-id": "true"
      },
      "RequestBody": {
        "name": "testnamespacemgmt3557"
      },
      "StatusCode": 200,
      "ResponseHeaders": {
        "Cache-Control": "no-cache",
        "Content-Length": "53",
        "Content-Type": "application/json; charset=utf-8",
        "Date": "Fri, 29 Oct 2021 03:55:09 GMT",
        "Expires": "-1",
        "Pragma": "no-cache",
        "Server": [
          "Service-Bus-Resource-Provider/SN1",
          "Microsoft-HTTPAPI/2.0"
        ],
        "Server-SB": "Service-Bus-Resource-Provider/SN1",
        "Strict-Transport-Security": "max-age=31536000; includeSubDomains",
        "X-Content-Type-Options": "nosniff",
        "x-ms-client-request-id": "1ea1cf94f99b74f95e78d60e3fa56970",
        "x-ms-correlation-request-id": "7a98de29-388d-40fd-8d25-5802c9515b8a",
        "x-ms-ratelimit-remaining-subscription-writes": "1195",
        "x-ms-request-id": "b6f8df23-92b3-449e-a1c0-8d98c2bc1146_M6SN1_M6SN1",
        "x-ms-routing-request-id": "SOUTHEASTASIA:20211029T035510Z:7a98de29-388d-40fd-8d25-5802c9515b8a"
      },
      "ResponseBody": {
        "nameAvailable": true,
        "reason": "None",
        "message": null
      }
    },
    {
      "RequestUri": "https://management.azure.com/subscriptions/db1ab6f0-4769-4b27-930e-01e2ef9c123c/resourcegroups/testeventhubRG-4323?api-version=2019-10-01",
      "RequestMethod": "PUT",
      "RequestHeaders": {
        "Accept": "application/json",
        "Authorization": "Sanitized",
        "Content-Length": "44",
        "Content-Type": "application/json",
        "User-Agent": "azsdk-net-ResourceManager/1.0.0-beta.5 (.NET Framework 4.8.4300.0; Microsoft Windows 10.0.19043 )",
        "x-ms-client-request-id": "a9845f667d73868c80bb3710ab424112",
        "x-ms-return-client-request-id": "true"
      },
      "RequestBody": {
        "location": "eastus2",
        "tags": {
          "test": "env"
        }
      },
      "StatusCode": 201,
      "ResponseHeaders": {
        "Cache-Control": "no-cache",
        "Content-Length": "258",
        "Content-Type": "application/json; charset=utf-8",
        "Date": "Fri, 29 Oct 2021 03:55:10 GMT",
        "Expires": "-1",
        "Pragma": "no-cache",
        "Strict-Transport-Security": "max-age=31536000; includeSubDomains",
        "X-Content-Type-Options": "nosniff",
        "x-ms-correlation-request-id": "518eb973-4800-4d10-841e-013c9dff7125",
        "x-ms-ratelimit-remaining-subscription-writes": "1177",
        "x-ms-request-id": "518eb973-4800-4d10-841e-013c9dff7125",
        "x-ms-routing-request-id": "SOUTHEASTASIA:20211029T035511Z:518eb973-4800-4d10-841e-013c9dff7125"
      },
      "ResponseBody": {
        "id": "/subscriptions/db1ab6f0-4769-4b27-930e-01e2ef9c123c/resourceGroups/testeventhubRG-4323",
        "name": "testeventhubRG-4323",
        "type": "Microsoft.Resources/resourceGroups",
        "location": "eastus2",
        "tags": {
          "test": "env"
        },
        "properties": {
          "provisioningState": "Succeeded"
        }
      }
    },
    {
      "RequestUri": "https://management.azure.com/subscriptions/db1ab6f0-4769-4b27-930e-01e2ef9c123c/resourceGroups/testeventhubRG-4323/providers/Microsoft.EventHub/namespaces/testnamespacemgmt3557?api-version=2021-06-01-preview",
      "RequestMethod": "PUT",
      "RequestHeaders": {
        "Accept": "application/json",
        "Authorization": "Sanitized",
        "Content-Length": "48",
        "Content-Type": "application/json",
        "User-Agent": "azsdk-net-ResourceManager.EventHubs/1.0.0-alpha.20211029.1 (.NET Framework 4.8.4300.0; Microsoft Windows 10.0.19043 )",
        "x-ms-client-request-id": "623b0f82cc263bae3ce567ae03a7e2dd",
        "x-ms-return-client-request-id": "true"
      },
      "RequestBody": {
        "tags": {},
        "location": "eastus2",
        "properties": {}
      },
      "StatusCode": 200,
      "ResponseHeaders": {
        "Cache-Control": "no-cache",
        "Content-Length": "736",
        "Content-Type": "application/json; charset=utf-8",
        "Date": "Fri, 29 Oct 2021 03:55:15 GMT",
        "Expires": "-1",
        "Pragma": "no-cache",
        "Server": [
          "Service-Bus-Resource-Provider/SN1",
          "Microsoft-HTTPAPI/2.0"
        ],
        "Server-SB": "Service-Bus-Resource-Provider/SN1",
        "Strict-Transport-Security": "max-age=31536000; includeSubDomains",
        "X-Content-Type-Options": "nosniff",
        "x-ms-client-request-id": "623b0f82cc263bae3ce567ae03a7e2dd",
        "x-ms-correlation-request-id": "dd25f2a6-d701-4235-ad88-67b49c6995b2",
        "x-ms-ratelimit-remaining-subscription-resource-requests": "49",
        "x-ms-request-id": "4ebdd31d-019e-4126-943c-5cb11d3a018d_M7SN1_M7SN1",
        "x-ms-routing-request-id": "SOUTHEASTASIA:20211029T035516Z:dd25f2a6-d701-4235-ad88-67b49c6995b2"
      },
      "ResponseBody": {
        "sku": {
          "name": "Standard",
          "tier": "Standard",
          "capacity": 1
        },
        "id": "/subscriptions/db1ab6f0-4769-4b27-930e-01e2ef9c123c/resourceGroups/testeventhubRG-4323/providers/Microsoft.EventHub/namespaces/testnamespacemgmt3557",
        "name": "testnamespacemgmt3557",
        "type": "Microsoft.EventHub/Namespaces",
        "location": "East US 2",
        "tags": {},
        "properties": {
          "disableLocalAuth": false,
          "zoneRedundant": false,
          "isAutoInflateEnabled": false,
          "maximumThroughputUnits": 0,
          "kafkaEnabled": true,
          "provisioningState": "Created",
          "metricId": "db1ab6f0-4769-4b27-930e-01e2ef9c123c:testnamespacemgmt3557",
          "createdAt": "2021-10-29T03:55:14.65Z",
          "updatedAt": "2021-10-29T03:55:14.65Z",
          "serviceBusEndpoint": "https://testnamespacemgmt3557.servicebus.windows.net:443/",
          "status": "Activating"
        }
      }
    },
    {
      "RequestUri": "https://management.azure.com/subscriptions/db1ab6f0-4769-4b27-930e-01e2ef9c123c/resourceGroups/testeventhubRG-4323/providers/Microsoft.EventHub/namespaces/testnamespacemgmt3557?api-version=2021-06-01-preview",
      "RequestMethod": "GET",
      "RequestHeaders": {
        "Authorization": "Sanitized",
        "User-Agent": "azsdk-net-ResourceManager/1.0.0-beta.5 (.NET Framework 4.8.4300.0; Microsoft Windows 10.0.19043 )",
        "x-ms-client-request-id": "96bdfc940d2d9aa9b0486d8d15de83d8",
        "x-ms-return-client-request-id": "true"
      },
      "RequestBody": null,
      "StatusCode": 200,
      "ResponseHeaders": {
        "Cache-Control": "no-cache",
        "Content-Length": "736",
        "Content-Type": "application/json; charset=utf-8",
        "Date": "Fri, 29 Oct 2021 03:55:17 GMT",
        "Expires": "-1",
        "Pragma": "no-cache",
        "Server": [
          "Service-Bus-Resource-Provider/SN1",
          "Microsoft-HTTPAPI/2.0"
        ],
        "Server-SB": "Service-Bus-Resource-Provider/SN1",
        "Strict-Transport-Security": "max-age=31536000; includeSubDomains",
        "X-Content-Type-Options": "nosniff",
        "x-ms-client-request-id": "96bdfc940d2d9aa9b0486d8d15de83d8",
        "x-ms-correlation-request-id": "bab4b4d7-c33a-4a10-a77d-cbc295402891",
        "x-ms-ratelimit-remaining-subscription-reads": "11744",
        "x-ms-request-id": "d8dfb987-182d-49a0-92b8-1c99da8d0f54_M6SN1_M6SN1",
        "x-ms-routing-request-id": "SOUTHEASTASIA:20211029T035517Z:bab4b4d7-c33a-4a10-a77d-cbc295402891"
      },
      "ResponseBody": {
        "sku": {
          "name": "Standard",
          "tier": "Standard",
          "capacity": 1
        },
        "id": "/subscriptions/db1ab6f0-4769-4b27-930e-01e2ef9c123c/resourceGroups/testeventhubRG-4323/providers/Microsoft.EventHub/namespaces/testnamespacemgmt3557",
        "name": "testnamespacemgmt3557",
        "type": "Microsoft.EventHub/Namespaces",
        "location": "East US 2",
        "tags": {},
        "properties": {
          "disableLocalAuth": false,
          "zoneRedundant": false,
          "isAutoInflateEnabled": false,
          "maximumThroughputUnits": 0,
          "kafkaEnabled": true,
          "provisioningState": "Created",
          "metricId": "db1ab6f0-4769-4b27-930e-01e2ef9c123c:testnamespacemgmt3557",
          "createdAt": "2021-10-29T03:55:14.65Z",
          "updatedAt": "2021-10-29T03:55:14.65Z",
          "serviceBusEndpoint": "https://testnamespacemgmt3557.servicebus.windows.net:443/",
          "status": "Activating"
        }
      }
    },
    {
      "RequestUri": "https://management.azure.com/subscriptions/db1ab6f0-4769-4b27-930e-01e2ef9c123c/resourceGroups/testeventhubRG-4323/providers/Microsoft.EventHub/namespaces/testnamespacemgmt3557?api-version=2021-06-01-preview",
      "RequestMethod": "GET",
      "RequestHeaders": {
        "Authorization": "Sanitized",
        "User-Agent": "azsdk-net-ResourceManager/1.0.0-beta.5 (.NET Framework 4.8.4300.0; Microsoft Windows 10.0.19043 )",
        "x-ms-client-request-id": "8d255ad8a3ca5f56ede94d8eb0707ad8",
        "x-ms-return-client-request-id": "true"
      },
      "RequestBody": null,
      "StatusCode": 200,
      "ResponseHeaders": {
        "Cache-Control": "no-cache",
        "Content-Length": "736",
        "Content-Type": "application/json; charset=utf-8",
        "Date": "Fri, 29 Oct 2021 03:55:18 GMT",
        "Expires": "-1",
        "Pragma": "no-cache",
        "Server": [
          "Service-Bus-Resource-Provider/SN1",
          "Microsoft-HTTPAPI/2.0"
        ],
        "Server-SB": "Service-Bus-Resource-Provider/SN1",
        "Strict-Transport-Security": "max-age=31536000; includeSubDomains",
        "X-Content-Type-Options": "nosniff",
        "x-ms-client-request-id": "8d255ad8a3ca5f56ede94d8eb0707ad8",
        "x-ms-correlation-request-id": "1f3959a3-58ae-46cf-905e-01fcb19c8726",
        "x-ms-ratelimit-remaining-subscription-reads": "11743",
        "x-ms-request-id": "26a2bb36-9cc2-4734-bded-a053a087f2dd_M4SN1_M4SN1",
        "x-ms-routing-request-id": "SOUTHEASTASIA:20211029T035518Z:1f3959a3-58ae-46cf-905e-01fcb19c8726"
      },
      "ResponseBody": {
        "sku": {
          "name": "Standard",
          "tier": "Standard",
          "capacity": 1
        },
        "id": "/subscriptions/db1ab6f0-4769-4b27-930e-01e2ef9c123c/resourceGroups/testeventhubRG-4323/providers/Microsoft.EventHub/namespaces/testnamespacemgmt3557",
        "name": "testnamespacemgmt3557",
        "type": "Microsoft.EventHub/Namespaces",
        "location": "East US 2",
        "tags": {},
        "properties": {
          "disableLocalAuth": false,
          "zoneRedundant": false,
          "isAutoInflateEnabled": false,
          "maximumThroughputUnits": 0,
          "kafkaEnabled": true,
          "provisioningState": "Created",
          "metricId": "db1ab6f0-4769-4b27-930e-01e2ef9c123c:testnamespacemgmt3557",
          "createdAt": "2021-10-29T03:55:14.65Z",
          "updatedAt": "2021-10-29T03:55:14.65Z",
          "serviceBusEndpoint": "https://testnamespacemgmt3557.servicebus.windows.net:443/",
          "status": "Activating"
        }
      }
    },
    {
      "RequestUri": "https://management.azure.com/subscriptions/db1ab6f0-4769-4b27-930e-01e2ef9c123c/resourceGroups/testeventhubRG-4323/providers/Microsoft.EventHub/namespaces/testnamespacemgmt3557?api-version=2021-06-01-preview",
      "RequestMethod": "GET",
      "RequestHeaders": {
        "Authorization": "Sanitized",
        "User-Agent": "azsdk-net-ResourceManager/1.0.0-beta.5 (.NET Framework 4.8.4300.0; Microsoft Windows 10.0.19043 )",
        "x-ms-client-request-id": "071931334ceaddb075ddec74b5943b36",
        "x-ms-return-client-request-id": "true"
      },
      "RequestBody": null,
      "StatusCode": 200,
      "ResponseHeaders": {
        "Cache-Control": "no-cache",
        "Content-Length": "736",
        "Content-Type": "application/json; charset=utf-8",
        "Date": "Fri, 29 Oct 2021 03:55:19 GMT",
        "Expires": "-1",
        "Pragma": "no-cache",
        "Server": [
          "Service-Bus-Resource-Provider/SN1",
          "Microsoft-HTTPAPI/2.0"
        ],
        "Server-SB": "Service-Bus-Resource-Provider/SN1",
        "Strict-Transport-Security": "max-age=31536000; includeSubDomains",
        "X-Content-Type-Options": "nosniff",
        "x-ms-client-request-id": "071931334ceaddb075ddec74b5943b36",
        "x-ms-correlation-request-id": "49ae77b3-3f9d-4a9f-9e25-e8e023f5dec8",
        "x-ms-ratelimit-remaining-subscription-reads": "11742",
        "x-ms-request-id": "df829369-1ec3-4ce7-a414-d18585a1ccb6_M7SN1_M7SN1",
        "x-ms-routing-request-id": "SOUTHEASTASIA:20211029T035520Z:49ae77b3-3f9d-4a9f-9e25-e8e023f5dec8"
      },
      "ResponseBody": {
        "sku": {
          "name": "Standard",
          "tier": "Standard",
          "capacity": 1
        },
        "id": "/subscriptions/db1ab6f0-4769-4b27-930e-01e2ef9c123c/resourceGroups/testeventhubRG-4323/providers/Microsoft.EventHub/namespaces/testnamespacemgmt3557",
        "name": "testnamespacemgmt3557",
        "type": "Microsoft.EventHub/Namespaces",
        "location": "East US 2",
        "tags": {},
        "properties": {
          "disableLocalAuth": false,
          "zoneRedundant": false,
          "isAutoInflateEnabled": false,
          "maximumThroughputUnits": 0,
          "kafkaEnabled": true,
          "provisioningState": "Created",
          "metricId": "db1ab6f0-4769-4b27-930e-01e2ef9c123c:testnamespacemgmt3557",
          "createdAt": "2021-10-29T03:55:14.65Z",
          "updatedAt": "2021-10-29T03:55:14.65Z",
          "serviceBusEndpoint": "https://testnamespacemgmt3557.servicebus.windows.net:443/",
          "status": "Activating"
        }
      }
    },
    {
      "RequestUri": "https://management.azure.com/subscriptions/db1ab6f0-4769-4b27-930e-01e2ef9c123c/resourceGroups/testeventhubRG-4323/providers/Microsoft.EventHub/namespaces/testnamespacemgmt3557?api-version=2021-06-01-preview",
      "RequestMethod": "GET",
      "RequestHeaders": {
        "Authorization": "Sanitized",
        "User-Agent": "azsdk-net-ResourceManager/1.0.0-beta.5 (.NET Framework 4.8.4300.0; Microsoft Windows 10.0.19043 )",
        "x-ms-client-request-id": "67644314253ef16aa65ea843bf1ae940",
        "x-ms-return-client-request-id": "true"
      },
      "RequestBody": null,
      "StatusCode": 200,
      "ResponseHeaders": {
        "Cache-Control": "no-cache",
        "Content-Length": "736",
        "Content-Type": "application/json; charset=utf-8",
        "Date": "Fri, 29 Oct 2021 03:55:21 GMT",
        "Expires": "-1",
        "Pragma": "no-cache",
        "Server": [
          "Service-Bus-Resource-Provider/SN1",
          "Microsoft-HTTPAPI/2.0"
        ],
        "Server-SB": "Service-Bus-Resource-Provider/SN1",
        "Strict-Transport-Security": "max-age=31536000; includeSubDomains",
        "X-Content-Type-Options": "nosniff",
        "x-ms-client-request-id": "67644314253ef16aa65ea843bf1ae940",
        "x-ms-correlation-request-id": "bf8e4918-e5d2-436f-a531-9c814138f9c9",
        "x-ms-ratelimit-remaining-subscription-reads": "11741",
        "x-ms-request-id": "a447223d-c766-4686-adcd-db768a58a9c7_M7SN1_M7SN1",
        "x-ms-routing-request-id": "SOUTHEASTASIA:20211029T035521Z:bf8e4918-e5d2-436f-a531-9c814138f9c9"
      },
      "ResponseBody": {
        "sku": {
          "name": "Standard",
          "tier": "Standard",
          "capacity": 1
        },
        "id": "/subscriptions/db1ab6f0-4769-4b27-930e-01e2ef9c123c/resourceGroups/testeventhubRG-4323/providers/Microsoft.EventHub/namespaces/testnamespacemgmt3557",
        "name": "testnamespacemgmt3557",
        "type": "Microsoft.EventHub/Namespaces",
        "location": "East US 2",
        "tags": {},
        "properties": {
          "disableLocalAuth": false,
          "zoneRedundant": false,
          "isAutoInflateEnabled": false,
          "maximumThroughputUnits": 0,
          "kafkaEnabled": true,
          "provisioningState": "Created",
          "metricId": "db1ab6f0-4769-4b27-930e-01e2ef9c123c:testnamespacemgmt3557",
          "createdAt": "2021-10-29T03:55:14.65Z",
          "updatedAt": "2021-10-29T03:55:14.65Z",
          "serviceBusEndpoint": "https://testnamespacemgmt3557.servicebus.windows.net:443/",
          "status": "Activating"
        }
      }
    },
    {
      "RequestUri": "https://management.azure.com/subscriptions/db1ab6f0-4769-4b27-930e-01e2ef9c123c/resourceGroups/testeventhubRG-4323/providers/Microsoft.EventHub/namespaces/testnamespacemgmt3557?api-version=2021-06-01-preview",
      "RequestMethod": "GET",
      "RequestHeaders": {
        "Authorization": "Sanitized",
        "User-Agent": "azsdk-net-ResourceManager/1.0.0-beta.5 (.NET Framework 4.8.4300.0; Microsoft Windows 10.0.19043 )",
        "x-ms-client-request-id": "e45a95cd7bc58cedaa4817ecb7e1aa59",
        "x-ms-return-client-request-id": "true"
      },
      "RequestBody": null,
      "StatusCode": 200,
      "ResponseHeaders": {
        "Cache-Control": "no-cache",
        "Content-Length": "736",
        "Content-Type": "application/json; charset=utf-8",
        "Date": "Fri, 29 Oct 2021 03:55:22 GMT",
        "Expires": "-1",
        "Pragma": "no-cache",
        "Server": [
          "Service-Bus-Resource-Provider/SN1",
          "Microsoft-HTTPAPI/2.0"
        ],
        "Server-SB": "Service-Bus-Resource-Provider/SN1",
        "Strict-Transport-Security": "max-age=31536000; includeSubDomains",
        "X-Content-Type-Options": "nosniff",
        "x-ms-client-request-id": "e45a95cd7bc58cedaa4817ecb7e1aa59",
        "x-ms-correlation-request-id": "42e5e5f1-1ec1-4015-b6f7-8206276fec02",
        "x-ms-ratelimit-remaining-subscription-reads": "11740",
        "x-ms-request-id": "a58bc978-586b-43d8-9fcf-8e7c4a0f5c44_M7SN1_M7SN1",
        "x-ms-routing-request-id": "SOUTHEASTASIA:20211029T035523Z:42e5e5f1-1ec1-4015-b6f7-8206276fec02"
      },
      "ResponseBody": {
        "sku": {
          "name": "Standard",
          "tier": "Standard",
          "capacity": 1
        },
        "id": "/subscriptions/db1ab6f0-4769-4b27-930e-01e2ef9c123c/resourceGroups/testeventhubRG-4323/providers/Microsoft.EventHub/namespaces/testnamespacemgmt3557",
        "name": "testnamespacemgmt3557",
        "type": "Microsoft.EventHub/Namespaces",
        "location": "East US 2",
        "tags": {},
        "properties": {
          "disableLocalAuth": false,
          "zoneRedundant": false,
          "isAutoInflateEnabled": false,
          "maximumThroughputUnits": 0,
          "kafkaEnabled": true,
          "provisioningState": "Created",
          "metricId": "db1ab6f0-4769-4b27-930e-01e2ef9c123c:testnamespacemgmt3557",
          "createdAt": "2021-10-29T03:55:14.65Z",
          "updatedAt": "2021-10-29T03:55:14.65Z",
          "serviceBusEndpoint": "https://testnamespacemgmt3557.servicebus.windows.net:443/",
          "status": "Activating"
        }
      }
    },
    {
      "RequestUri": "https://management.azure.com/subscriptions/db1ab6f0-4769-4b27-930e-01e2ef9c123c/resourceGroups/testeventhubRG-4323/providers/Microsoft.EventHub/namespaces/testnamespacemgmt3557?api-version=2021-06-01-preview",
      "RequestMethod": "GET",
      "RequestHeaders": {
        "Authorization": "Sanitized",
        "User-Agent": "azsdk-net-ResourceManager/1.0.0-beta.5 (.NET Framework 4.8.4300.0; Microsoft Windows 10.0.19043 )",
        "x-ms-client-request-id": "6d7a17ae130b0e99c627618ca46c1e5a",
        "x-ms-return-client-request-id": "true"
      },
      "RequestBody": null,
      "StatusCode": 200,
      "ResponseHeaders": {
        "Cache-Control": "no-cache",
        "Content-Length": "736",
        "Content-Type": "application/json; charset=utf-8",
        "Date": "Fri, 29 Oct 2021 03:55:23 GMT",
        "Expires": "-1",
        "Pragma": "no-cache",
        "Server": [
          "Service-Bus-Resource-Provider/SN1",
          "Microsoft-HTTPAPI/2.0"
        ],
        "Server-SB": "Service-Bus-Resource-Provider/SN1",
        "Strict-Transport-Security": "max-age=31536000; includeSubDomains",
        "X-Content-Type-Options": "nosniff",
        "x-ms-client-request-id": "6d7a17ae130b0e99c627618ca46c1e5a",
        "x-ms-correlation-request-id": "8d43730a-5150-4e9c-9aaa-dbc175b2d553",
        "x-ms-ratelimit-remaining-subscription-reads": "11739",
        "x-ms-request-id": "62dfad1d-5fbf-409c-8b9e-f86f1e4df1f6_M9SN1_M9SN1",
        "x-ms-routing-request-id": "SOUTHEASTASIA:20211029T035524Z:8d43730a-5150-4e9c-9aaa-dbc175b2d553"
      },
      "ResponseBody": {
        "sku": {
          "name": "Standard",
          "tier": "Standard",
          "capacity": 1
        },
        "id": "/subscriptions/db1ab6f0-4769-4b27-930e-01e2ef9c123c/resourceGroups/testeventhubRG-4323/providers/Microsoft.EventHub/namespaces/testnamespacemgmt3557",
        "name": "testnamespacemgmt3557",
        "type": "Microsoft.EventHub/Namespaces",
        "location": "East US 2",
        "tags": {},
        "properties": {
          "disableLocalAuth": false,
          "zoneRedundant": false,
          "isAutoInflateEnabled": false,
          "maximumThroughputUnits": 0,
          "kafkaEnabled": true,
          "provisioningState": "Created",
          "metricId": "db1ab6f0-4769-4b27-930e-01e2ef9c123c:testnamespacemgmt3557",
          "createdAt": "2021-10-29T03:55:14.65Z",
          "updatedAt": "2021-10-29T03:55:14.65Z",
          "serviceBusEndpoint": "https://testnamespacemgmt3557.servicebus.windows.net:443/",
          "status": "Activating"
        }
      }
    },
    {
      "RequestUri": "https://management.azure.com/subscriptions/db1ab6f0-4769-4b27-930e-01e2ef9c123c/resourceGroups/testeventhubRG-4323/providers/Microsoft.EventHub/namespaces/testnamespacemgmt3557?api-version=2021-06-01-preview",
      "RequestMethod": "GET",
      "RequestHeaders": {
        "Authorization": "Sanitized",
        "User-Agent": "azsdk-net-ResourceManager/1.0.0-beta.5 (.NET Framework 4.8.4300.0; Microsoft Windows 10.0.19043 )",
        "x-ms-client-request-id": "20a6acf45739987155d8bdf60d7e39c4",
        "x-ms-return-client-request-id": "true"
      },
      "RequestBody": null,
      "StatusCode": 200,
      "ResponseHeaders": {
        "Cache-Control": "no-cache",
        "Content-Length": "736",
        "Content-Type": "application/json; charset=utf-8",
        "Date": "Fri, 29 Oct 2021 03:55:25 GMT",
        "Expires": "-1",
        "Pragma": "no-cache",
        "Server": [
          "Service-Bus-Resource-Provider/SN1",
          "Microsoft-HTTPAPI/2.0"
        ],
        "Server-SB": "Service-Bus-Resource-Provider/SN1",
        "Strict-Transport-Security": "max-age=31536000; includeSubDomains",
        "X-Content-Type-Options": "nosniff",
        "x-ms-client-request-id": "20a6acf45739987155d8bdf60d7e39c4",
        "x-ms-correlation-request-id": "5eb8e2b1-9ee9-43ae-9402-15b01fb0551a",
        "x-ms-ratelimit-remaining-subscription-reads": "11738",
        "x-ms-request-id": "ec4cc5d0-a164-45c9-abb5-eb1e1d0ecf13_M7SN1_M7SN1",
        "x-ms-routing-request-id": "SOUTHEASTASIA:20211029T035525Z:5eb8e2b1-9ee9-43ae-9402-15b01fb0551a"
      },
      "ResponseBody": {
        "sku": {
          "name": "Standard",
          "tier": "Standard",
          "capacity": 1
        },
        "id": "/subscriptions/db1ab6f0-4769-4b27-930e-01e2ef9c123c/resourceGroups/testeventhubRG-4323/providers/Microsoft.EventHub/namespaces/testnamespacemgmt3557",
        "name": "testnamespacemgmt3557",
        "type": "Microsoft.EventHub/Namespaces",
        "location": "East US 2",
        "tags": {},
        "properties": {
          "disableLocalAuth": false,
          "zoneRedundant": false,
          "isAutoInflateEnabled": false,
          "maximumThroughputUnits": 0,
          "kafkaEnabled": true,
          "provisioningState": "Created",
          "metricId": "db1ab6f0-4769-4b27-930e-01e2ef9c123c:testnamespacemgmt3557",
          "createdAt": "2021-10-29T03:55:14.65Z",
          "updatedAt": "2021-10-29T03:55:14.65Z",
          "serviceBusEndpoint": "https://testnamespacemgmt3557.servicebus.windows.net:443/",
          "status": "Activating"
        }
      }
    },
    {
      "RequestUri": "https://management.azure.com/subscriptions/db1ab6f0-4769-4b27-930e-01e2ef9c123c/resourceGroups/testeventhubRG-4323/providers/Microsoft.EventHub/namespaces/testnamespacemgmt3557?api-version=2021-06-01-preview",
      "RequestMethod": "GET",
      "RequestHeaders": {
        "Authorization": "Sanitized",
        "User-Agent": "azsdk-net-ResourceManager/1.0.0-beta.5 (.NET Framework 4.8.4300.0; Microsoft Windows 10.0.19043 )",
        "x-ms-client-request-id": "a7954eb37ba0ba34fb4c1d9d1a61e83d",
        "x-ms-return-client-request-id": "true"
      },
      "RequestBody": null,
      "StatusCode": 200,
      "ResponseHeaders": {
        "Cache-Control": "no-cache",
        "Content-Length": "736",
        "Content-Type": "application/json; charset=utf-8",
        "Date": "Fri, 29 Oct 2021 03:55:26 GMT",
        "Expires": "-1",
        "Pragma": "no-cache",
        "Server": [
          "Service-Bus-Resource-Provider/SN1",
          "Microsoft-HTTPAPI/2.0"
        ],
        "Server-SB": "Service-Bus-Resource-Provider/SN1",
        "Strict-Transport-Security": "max-age=31536000; includeSubDomains",
        "X-Content-Type-Options": "nosniff",
        "x-ms-client-request-id": "a7954eb37ba0ba34fb4c1d9d1a61e83d",
        "x-ms-correlation-request-id": "0bf2eea1-3299-41f5-a811-311447c46f3a",
        "x-ms-ratelimit-remaining-subscription-reads": "11737",
        "x-ms-request-id": "98d79730-2b37-439f-9883-72854bcda9b9_M7SN1_M7SN1",
        "x-ms-routing-request-id": "SOUTHEASTASIA:20211029T035527Z:0bf2eea1-3299-41f5-a811-311447c46f3a"
      },
      "ResponseBody": {
        "sku": {
          "name": "Standard",
          "tier": "Standard",
          "capacity": 1
        },
        "id": "/subscriptions/db1ab6f0-4769-4b27-930e-01e2ef9c123c/resourceGroups/testeventhubRG-4323/providers/Microsoft.EventHub/namespaces/testnamespacemgmt3557",
        "name": "testnamespacemgmt3557",
        "type": "Microsoft.EventHub/Namespaces",
        "location": "East US 2",
        "tags": {},
        "properties": {
          "disableLocalAuth": false,
          "zoneRedundant": false,
          "isAutoInflateEnabled": false,
          "maximumThroughputUnits": 0,
          "kafkaEnabled": true,
          "provisioningState": "Created",
          "metricId": "db1ab6f0-4769-4b27-930e-01e2ef9c123c:testnamespacemgmt3557",
          "createdAt": "2021-10-29T03:55:14.65Z",
          "updatedAt": "2021-10-29T03:55:14.65Z",
          "serviceBusEndpoint": "https://testnamespacemgmt3557.servicebus.windows.net:443/",
          "status": "Activating"
        }
      }
    },
    {
      "RequestUri": "https://management.azure.com/subscriptions/db1ab6f0-4769-4b27-930e-01e2ef9c123c/resourceGroups/testeventhubRG-4323/providers/Microsoft.EventHub/namespaces/testnamespacemgmt3557?api-version=2021-06-01-preview",
      "RequestMethod": "GET",
      "RequestHeaders": {
        "Authorization": "Sanitized",
        "User-Agent": "azsdk-net-ResourceManager/1.0.0-beta.5 (.NET Framework 4.8.4300.0; Microsoft Windows 10.0.19043 )",
        "x-ms-client-request-id": "0bf8bd298a3b561fa5e1183256a30048",
        "x-ms-return-client-request-id": "true"
      },
      "RequestBody": null,
      "StatusCode": 200,
      "ResponseHeaders": {
        "Cache-Control": "no-cache",
        "Content-Length": "736",
        "Content-Type": "application/json; charset=utf-8",
        "Date": "Fri, 29 Oct 2021 03:55:27 GMT",
        "Expires": "-1",
        "Pragma": "no-cache",
        "Server": [
          "Service-Bus-Resource-Provider/SN1",
          "Microsoft-HTTPAPI/2.0"
        ],
        "Server-SB": "Service-Bus-Resource-Provider/SN1",
        "Strict-Transport-Security": "max-age=31536000; includeSubDomains",
        "X-Content-Type-Options": "nosniff",
        "x-ms-client-request-id": "0bf8bd298a3b561fa5e1183256a30048",
        "x-ms-correlation-request-id": "01942bc0-696a-47a3-a6d7-1b4403f427f7",
        "x-ms-ratelimit-remaining-subscription-reads": "11736",
        "x-ms-request-id": "56cff94a-c08f-4ecf-b22a-2be4c54d1155_M8SN1_M8SN1",
        "x-ms-routing-request-id": "SOUTHEASTASIA:20211029T035528Z:01942bc0-696a-47a3-a6d7-1b4403f427f7"
      },
      "ResponseBody": {
        "sku": {
          "name": "Standard",
          "tier": "Standard",
          "capacity": 1
        },
        "id": "/subscriptions/db1ab6f0-4769-4b27-930e-01e2ef9c123c/resourceGroups/testeventhubRG-4323/providers/Microsoft.EventHub/namespaces/testnamespacemgmt3557",
        "name": "testnamespacemgmt3557",
        "type": "Microsoft.EventHub/Namespaces",
        "location": "East US 2",
        "tags": {},
        "properties": {
          "disableLocalAuth": false,
          "zoneRedundant": false,
          "isAutoInflateEnabled": false,
          "maximumThroughputUnits": 0,
          "kafkaEnabled": true,
          "provisioningState": "Created",
          "metricId": "db1ab6f0-4769-4b27-930e-01e2ef9c123c:testnamespacemgmt3557",
          "createdAt": "2021-10-29T03:55:14.65Z",
          "updatedAt": "2021-10-29T03:55:14.65Z",
          "serviceBusEndpoint": "https://testnamespacemgmt3557.servicebus.windows.net:443/",
          "status": "Activating"
        }
      }
    },
    {
      "RequestUri": "https://management.azure.com/subscriptions/db1ab6f0-4769-4b27-930e-01e2ef9c123c/resourceGroups/testeventhubRG-4323/providers/Microsoft.EventHub/namespaces/testnamespacemgmt3557?api-version=2021-06-01-preview",
      "RequestMethod": "GET",
      "RequestHeaders": {
        "Authorization": "Sanitized",
        "User-Agent": "azsdk-net-ResourceManager/1.0.0-beta.5 (.NET Framework 4.8.4300.0; Microsoft Windows 10.0.19043 )",
        "x-ms-client-request-id": "55d89cee76d779b977eb24ed39d47ef3",
        "x-ms-return-client-request-id": "true"
      },
      "RequestBody": null,
      "StatusCode": 200,
      "ResponseHeaders": {
        "Cache-Control": "no-cache",
        "Content-Length": "736",
        "Content-Type": "application/json; charset=utf-8",
        "Date": "Fri, 29 Oct 2021 03:55:29 GMT",
        "Expires": "-1",
        "Pragma": "no-cache",
        "Server": [
          "Service-Bus-Resource-Provider/SN1",
          "Microsoft-HTTPAPI/2.0"
        ],
        "Server-SB": "Service-Bus-Resource-Provider/SN1",
        "Strict-Transport-Security": "max-age=31536000; includeSubDomains",
        "X-Content-Type-Options": "nosniff",
        "x-ms-client-request-id": "55d89cee76d779b977eb24ed39d47ef3",
        "x-ms-correlation-request-id": "2a902a98-ae15-4bb9-9007-59750769c0aa",
        "x-ms-ratelimit-remaining-subscription-reads": "11735",
        "x-ms-request-id": "992cbc1d-c584-4621-a806-e380dbd1d6dd_M8SN1_M8SN1",
        "x-ms-routing-request-id": "SOUTHEASTASIA:20211029T035529Z:2a902a98-ae15-4bb9-9007-59750769c0aa"
      },
      "ResponseBody": {
        "sku": {
          "name": "Standard",
          "tier": "Standard",
          "capacity": 1
        },
        "id": "/subscriptions/db1ab6f0-4769-4b27-930e-01e2ef9c123c/resourceGroups/testeventhubRG-4323/providers/Microsoft.EventHub/namespaces/testnamespacemgmt3557",
        "name": "testnamespacemgmt3557",
        "type": "Microsoft.EventHub/Namespaces",
        "location": "East US 2",
        "tags": {},
        "properties": {
          "disableLocalAuth": false,
          "zoneRedundant": false,
          "isAutoInflateEnabled": false,
          "maximumThroughputUnits": 0,
          "kafkaEnabled": true,
          "provisioningState": "Created",
          "metricId": "db1ab6f0-4769-4b27-930e-01e2ef9c123c:testnamespacemgmt3557",
          "createdAt": "2021-10-29T03:55:14.65Z",
          "updatedAt": "2021-10-29T03:55:14.65Z",
          "serviceBusEndpoint": "https://testnamespacemgmt3557.servicebus.windows.net:443/",
          "status": "Activating"
        }
      }
    },
    {
      "RequestUri": "https://management.azure.com/subscriptions/db1ab6f0-4769-4b27-930e-01e2ef9c123c/resourceGroups/testeventhubRG-4323/providers/Microsoft.EventHub/namespaces/testnamespacemgmt3557?api-version=2021-06-01-preview",
      "RequestMethod": "GET",
      "RequestHeaders": {
        "Authorization": "Sanitized",
        "User-Agent": "azsdk-net-ResourceManager/1.0.0-beta.5 (.NET Framework 4.8.4300.0; Microsoft Windows 10.0.19043 )",
        "x-ms-client-request-id": "4fcc7ff02e8529892e3e01be62016457",
        "x-ms-return-client-request-id": "true"
      },
      "RequestBody": null,
      "StatusCode": 200,
      "ResponseHeaders": {
        "Cache-Control": "no-cache",
        "Content-Length": "736",
        "Content-Type": "application/json; charset=utf-8",
        "Date": "Fri, 29 Oct 2021 03:55:30 GMT",
        "Expires": "-1",
        "Pragma": "no-cache",
        "Server": [
          "Service-Bus-Resource-Provider/SN1",
          "Microsoft-HTTPAPI/2.0"
        ],
        "Server-SB": "Service-Bus-Resource-Provider/SN1",
        "Strict-Transport-Security": "max-age=31536000; includeSubDomains",
        "X-Content-Type-Options": "nosniff",
        "x-ms-client-request-id": "4fcc7ff02e8529892e3e01be62016457",
        "x-ms-correlation-request-id": "23f2dd99-6f2b-4951-889e-e00fd32976cb",
        "x-ms-ratelimit-remaining-subscription-reads": "11734",
        "x-ms-request-id": "ccbdd057-7e11-48b9-8c2a-f7ad0f867ac8_M9SN1_M9SN1",
        "x-ms-routing-request-id": "SOUTHEASTASIA:20211029T035531Z:23f2dd99-6f2b-4951-889e-e00fd32976cb"
      },
      "ResponseBody": {
        "sku": {
          "name": "Standard",
          "tier": "Standard",
          "capacity": 1
        },
        "id": "/subscriptions/db1ab6f0-4769-4b27-930e-01e2ef9c123c/resourceGroups/testeventhubRG-4323/providers/Microsoft.EventHub/namespaces/testnamespacemgmt3557",
        "name": "testnamespacemgmt3557",
        "type": "Microsoft.EventHub/Namespaces",
        "location": "East US 2",
        "tags": {},
        "properties": {
          "disableLocalAuth": false,
          "zoneRedundant": false,
          "isAutoInflateEnabled": false,
          "maximumThroughputUnits": 0,
          "kafkaEnabled": true,
          "provisioningState": "Created",
          "metricId": "db1ab6f0-4769-4b27-930e-01e2ef9c123c:testnamespacemgmt3557",
          "createdAt": "2021-10-29T03:55:14.65Z",
          "updatedAt": "2021-10-29T03:55:14.65Z",
          "serviceBusEndpoint": "https://testnamespacemgmt3557.servicebus.windows.net:443/",
          "status": "Activating"
        }
      }
    },
    {
      "RequestUri": "https://management.azure.com/subscriptions/db1ab6f0-4769-4b27-930e-01e2ef9c123c/resourceGroups/testeventhubRG-4323/providers/Microsoft.EventHub/namespaces/testnamespacemgmt3557?api-version=2021-06-01-preview",
      "RequestMethod": "GET",
      "RequestHeaders": {
        "Authorization": "Sanitized",
        "User-Agent": "azsdk-net-ResourceManager/1.0.0-beta.5 (.NET Framework 4.8.4300.0; Microsoft Windows 10.0.19043 )",
        "x-ms-client-request-id": "7eaed44b9289b365047f944f65311cd1",
        "x-ms-return-client-request-id": "true"
      },
      "RequestBody": null,
      "StatusCode": 200,
      "ResponseHeaders": {
        "Cache-Control": "no-cache",
        "Content-Length": "736",
        "Content-Type": "application/json; charset=utf-8",
        "Date": "Fri, 29 Oct 2021 03:55:31 GMT",
        "Expires": "-1",
        "Pragma": "no-cache",
        "Server": [
          "Service-Bus-Resource-Provider/SN1",
          "Microsoft-HTTPAPI/2.0"
        ],
        "Server-SB": "Service-Bus-Resource-Provider/SN1",
        "Strict-Transport-Security": "max-age=31536000; includeSubDomains",
        "X-Content-Type-Options": "nosniff",
        "x-ms-client-request-id": "7eaed44b9289b365047f944f65311cd1",
        "x-ms-correlation-request-id": "3f9377bb-438a-483f-baf2-59a2f0ef548b",
        "x-ms-ratelimit-remaining-subscription-reads": "11733",
        "x-ms-request-id": "87130c69-000c-4ae8-b394-6f49740d33db_M9SN1_M9SN1",
        "x-ms-routing-request-id": "SOUTHEASTASIA:20211029T035532Z:3f9377bb-438a-483f-baf2-59a2f0ef548b"
      },
      "ResponseBody": {
        "sku": {
          "name": "Standard",
          "tier": "Standard",
          "capacity": 1
        },
        "id": "/subscriptions/db1ab6f0-4769-4b27-930e-01e2ef9c123c/resourceGroups/testeventhubRG-4323/providers/Microsoft.EventHub/namespaces/testnamespacemgmt3557",
        "name": "testnamespacemgmt3557",
        "type": "Microsoft.EventHub/Namespaces",
        "location": "East US 2",
        "tags": {},
        "properties": {
          "disableLocalAuth": false,
          "zoneRedundant": false,
          "isAutoInflateEnabled": false,
          "maximumThroughputUnits": 0,
          "kafkaEnabled": true,
          "provisioningState": "Created",
          "metricId": "db1ab6f0-4769-4b27-930e-01e2ef9c123c:testnamespacemgmt3557",
          "createdAt": "2021-10-29T03:55:14.65Z",
          "updatedAt": "2021-10-29T03:55:14.65Z",
          "serviceBusEndpoint": "https://testnamespacemgmt3557.servicebus.windows.net:443/",
          "status": "Activating"
        }
      }
    },
    {
      "RequestUri": "https://management.azure.com/subscriptions/db1ab6f0-4769-4b27-930e-01e2ef9c123c/resourceGroups/testeventhubRG-4323/providers/Microsoft.EventHub/namespaces/testnamespacemgmt3557?api-version=2021-06-01-preview",
      "RequestMethod": "GET",
      "RequestHeaders": {
        "Authorization": "Sanitized",
        "User-Agent": "azsdk-net-ResourceManager/1.0.0-beta.5 (.NET Framework 4.8.4300.0; Microsoft Windows 10.0.19043 )",
        "x-ms-client-request-id": "d6422563b1d6c0c213ae269974fa1675",
        "x-ms-return-client-request-id": "true"
      },
      "RequestBody": null,
      "StatusCode": 200,
      "ResponseHeaders": {
        "Cache-Control": "no-cache",
        "Content-Length": "736",
        "Content-Type": "application/json; charset=utf-8",
        "Date": "Fri, 29 Oct 2021 03:55:33 GMT",
        "Expires": "-1",
        "Pragma": "no-cache",
        "Server": [
          "Service-Bus-Resource-Provider/SN1",
          "Microsoft-HTTPAPI/2.0"
        ],
        "Server-SB": "Service-Bus-Resource-Provider/SN1",
        "Strict-Transport-Security": "max-age=31536000; includeSubDomains",
        "X-Content-Type-Options": "nosniff",
        "x-ms-client-request-id": "d6422563b1d6c0c213ae269974fa1675",
        "x-ms-correlation-request-id": "f85d7ebf-beca-46bb-9d2c-6fe3327f648f",
        "x-ms-ratelimit-remaining-subscription-reads": "11732",
        "x-ms-request-id": "dc5d8b1e-2ac7-4095-b998-5e4ce38a1698_M8SN1_M8SN1",
        "x-ms-routing-request-id": "SOUTHEASTASIA:20211029T035533Z:f85d7ebf-beca-46bb-9d2c-6fe3327f648f"
      },
      "ResponseBody": {
        "sku": {
          "name": "Standard",
          "tier": "Standard",
          "capacity": 1
        },
        "id": "/subscriptions/db1ab6f0-4769-4b27-930e-01e2ef9c123c/resourceGroups/testeventhubRG-4323/providers/Microsoft.EventHub/namespaces/testnamespacemgmt3557",
        "name": "testnamespacemgmt3557",
        "type": "Microsoft.EventHub/Namespaces",
        "location": "East US 2",
        "tags": {},
        "properties": {
          "disableLocalAuth": false,
          "zoneRedundant": false,
          "isAutoInflateEnabled": false,
          "maximumThroughputUnits": 0,
          "kafkaEnabled": true,
          "provisioningState": "Created",
          "metricId": "db1ab6f0-4769-4b27-930e-01e2ef9c123c:testnamespacemgmt3557",
          "createdAt": "2021-10-29T03:55:14.65Z",
          "updatedAt": "2021-10-29T03:55:14.65Z",
          "serviceBusEndpoint": "https://testnamespacemgmt3557.servicebus.windows.net:443/",
          "status": "Activating"
        }
      }
    },
    {
      "RequestUri": "https://management.azure.com/subscriptions/db1ab6f0-4769-4b27-930e-01e2ef9c123c/resourceGroups/testeventhubRG-4323/providers/Microsoft.EventHub/namespaces/testnamespacemgmt3557?api-version=2021-06-01-preview",
      "RequestMethod": "GET",
      "RequestHeaders": {
        "Authorization": "Sanitized",
        "User-Agent": "azsdk-net-ResourceManager/1.0.0-beta.5 (.NET Framework 4.8.4300.0; Microsoft Windows 10.0.19043 )",
        "x-ms-client-request-id": "64a2cc8700255d6919194b069939c4fd",
        "x-ms-return-client-request-id": "true"
      },
      "RequestBody": null,
      "StatusCode": 200,
      "ResponseHeaders": {
        "Cache-Control": "no-cache",
        "Content-Length": "736",
        "Content-Type": "application/json; charset=utf-8",
        "Date": "Fri, 29 Oct 2021 03:55:34 GMT",
        "Expires": "-1",
        "Pragma": "no-cache",
        "Server": [
          "Service-Bus-Resource-Provider/SN1",
          "Microsoft-HTTPAPI/2.0"
        ],
        "Server-SB": "Service-Bus-Resource-Provider/SN1",
        "Strict-Transport-Security": "max-age=31536000; includeSubDomains",
        "X-Content-Type-Options": "nosniff",
        "x-ms-client-request-id": "64a2cc8700255d6919194b069939c4fd",
        "x-ms-correlation-request-id": "f4a59127-4940-4a51-bb6b-e82a16f841ff",
        "x-ms-ratelimit-remaining-subscription-reads": "11731",
        "x-ms-request-id": "32bf1450-c0df-468a-8672-220807ff8771_M1SN1_M1SN1",
        "x-ms-routing-request-id": "SOUTHEASTASIA:20211029T035535Z:f4a59127-4940-4a51-bb6b-e82a16f841ff"
      },
      "ResponseBody": {
        "sku": {
          "name": "Standard",
          "tier": "Standard",
          "capacity": 1
        },
        "id": "/subscriptions/db1ab6f0-4769-4b27-930e-01e2ef9c123c/resourceGroups/testeventhubRG-4323/providers/Microsoft.EventHub/namespaces/testnamespacemgmt3557",
        "name": "testnamespacemgmt3557",
        "type": "Microsoft.EventHub/Namespaces",
        "location": "East US 2",
        "tags": {},
        "properties": {
          "disableLocalAuth": false,
          "zoneRedundant": false,
          "isAutoInflateEnabled": false,
          "maximumThroughputUnits": 0,
          "kafkaEnabled": true,
          "provisioningState": "Created",
          "metricId": "db1ab6f0-4769-4b27-930e-01e2ef9c123c:testnamespacemgmt3557",
          "createdAt": "2021-10-29T03:55:14.65Z",
          "updatedAt": "2021-10-29T03:55:14.65Z",
          "serviceBusEndpoint": "https://testnamespacemgmt3557.servicebus.windows.net:443/",
          "status": "Activating"
        }
      }
    },
    {
      "RequestUri": "https://management.azure.com/subscriptions/db1ab6f0-4769-4b27-930e-01e2ef9c123c/resourceGroups/testeventhubRG-4323/providers/Microsoft.EventHub/namespaces/testnamespacemgmt3557?api-version=2021-06-01-preview",
      "RequestMethod": "GET",
      "RequestHeaders": {
        "Authorization": "Sanitized",
        "User-Agent": "azsdk-net-ResourceManager/1.0.0-beta.5 (.NET Framework 4.8.4300.0; Microsoft Windows 10.0.19043 )",
        "x-ms-client-request-id": "3c5b30218dbf998011ee6bdb6ccc3e09",
        "x-ms-return-client-request-id": "true"
      },
      "RequestBody": null,
      "StatusCode": 200,
      "ResponseHeaders": {
        "Cache-Control": "no-cache",
        "Content-Length": "736",
        "Content-Type": "application/json; charset=utf-8",
        "Date": "Fri, 29 Oct 2021 03:55:35 GMT",
        "Expires": "-1",
        "Pragma": "no-cache",
        "Server": [
          "Service-Bus-Resource-Provider/SN1",
          "Microsoft-HTTPAPI/2.0"
        ],
        "Server-SB": "Service-Bus-Resource-Provider/SN1",
        "Strict-Transport-Security": "max-age=31536000; includeSubDomains",
        "X-Content-Type-Options": "nosniff",
        "x-ms-client-request-id": "3c5b30218dbf998011ee6bdb6ccc3e09",
        "x-ms-correlation-request-id": "251d31ab-e454-4478-b8bc-4d7e6a3ffdd1",
        "x-ms-ratelimit-remaining-subscription-reads": "11730",
        "x-ms-request-id": "9facb38e-98d8-4e3d-9279-2e98d4cc64a7_M9SN1_M9SN1",
        "x-ms-routing-request-id": "SOUTHEASTASIA:20211029T035536Z:251d31ab-e454-4478-b8bc-4d7e6a3ffdd1"
      },
      "ResponseBody": {
        "sku": {
          "name": "Standard",
          "tier": "Standard",
          "capacity": 1
        },
        "id": "/subscriptions/db1ab6f0-4769-4b27-930e-01e2ef9c123c/resourceGroups/testeventhubRG-4323/providers/Microsoft.EventHub/namespaces/testnamespacemgmt3557",
        "name": "testnamespacemgmt3557",
        "type": "Microsoft.EventHub/Namespaces",
        "location": "East US 2",
        "tags": {},
        "properties": {
          "disableLocalAuth": false,
          "zoneRedundant": false,
          "isAutoInflateEnabled": false,
          "maximumThroughputUnits": 0,
          "kafkaEnabled": true,
          "provisioningState": "Created",
          "metricId": "db1ab6f0-4769-4b27-930e-01e2ef9c123c:testnamespacemgmt3557",
          "createdAt": "2021-10-29T03:55:14.65Z",
          "updatedAt": "2021-10-29T03:55:14.65Z",
          "serviceBusEndpoint": "https://testnamespacemgmt3557.servicebus.windows.net:443/",
          "status": "Activating"
        }
      }
    },
    {
      "RequestUri": "https://management.azure.com/subscriptions/db1ab6f0-4769-4b27-930e-01e2ef9c123c/resourceGroups/testeventhubRG-4323/providers/Microsoft.EventHub/namespaces/testnamespacemgmt3557?api-version=2021-06-01-preview",
      "RequestMethod": "GET",
      "RequestHeaders": {
        "Authorization": "Sanitized",
        "User-Agent": "azsdk-net-ResourceManager/1.0.0-beta.5 (.NET Framework 4.8.4300.0; Microsoft Windows 10.0.19043 )",
        "x-ms-client-request-id": "98c71e68b78e63acbce4bcbd65bc26d9",
        "x-ms-return-client-request-id": "true"
      },
      "RequestBody": null,
      "StatusCode": 200,
      "ResponseHeaders": {
        "Cache-Control": "no-cache",
        "Content-Length": "736",
        "Content-Type": "application/json; charset=utf-8",
        "Date": "Fri, 29 Oct 2021 03:55:37 GMT",
        "Expires": "-1",
        "Pragma": "no-cache",
        "Server": [
          "Service-Bus-Resource-Provider/SN1",
          "Microsoft-HTTPAPI/2.0"
        ],
        "Server-SB": "Service-Bus-Resource-Provider/SN1",
        "Strict-Transport-Security": "max-age=31536000; includeSubDomains",
        "X-Content-Type-Options": "nosniff",
        "x-ms-client-request-id": "98c71e68b78e63acbce4bcbd65bc26d9",
        "x-ms-correlation-request-id": "8b73a3cd-c49c-4b59-be79-042f1eecc518",
        "x-ms-ratelimit-remaining-subscription-reads": "11729",
        "x-ms-request-id": "81531598-8d6f-4899-82a3-da31eb1bacea_M9SN1_M9SN1",
        "x-ms-routing-request-id": "SOUTHEASTASIA:20211029T035537Z:8b73a3cd-c49c-4b59-be79-042f1eecc518"
      },
      "ResponseBody": {
        "sku": {
          "name": "Standard",
          "tier": "Standard",
          "capacity": 1
        },
        "id": "/subscriptions/db1ab6f0-4769-4b27-930e-01e2ef9c123c/resourceGroups/testeventhubRG-4323/providers/Microsoft.EventHub/namespaces/testnamespacemgmt3557",
        "name": "testnamespacemgmt3557",
        "type": "Microsoft.EventHub/Namespaces",
        "location": "East US 2",
        "tags": {},
        "properties": {
          "disableLocalAuth": false,
          "zoneRedundant": false,
          "isAutoInflateEnabled": false,
          "maximumThroughputUnits": 0,
          "kafkaEnabled": true,
          "provisioningState": "Created",
          "metricId": "db1ab6f0-4769-4b27-930e-01e2ef9c123c:testnamespacemgmt3557",
          "createdAt": "2021-10-29T03:55:14.65Z",
          "updatedAt": "2021-10-29T03:55:14.65Z",
          "serviceBusEndpoint": "https://testnamespacemgmt3557.servicebus.windows.net:443/",
          "status": "Activating"
        }
      }
    },
    {
      "RequestUri": "https://management.azure.com/subscriptions/db1ab6f0-4769-4b27-930e-01e2ef9c123c/resourceGroups/testeventhubRG-4323/providers/Microsoft.EventHub/namespaces/testnamespacemgmt3557?api-version=2021-06-01-preview",
      "RequestMethod": "GET",
      "RequestHeaders": {
        "Authorization": "Sanitized",
        "User-Agent": "azsdk-net-ResourceManager/1.0.0-beta.5 (.NET Framework 4.8.4300.0; Microsoft Windows 10.0.19043 )",
        "x-ms-client-request-id": "447729ead99ffab54c085336958ef14c",
        "x-ms-return-client-request-id": "true"
      },
      "RequestBody": null,
      "StatusCode": 200,
      "ResponseHeaders": {
        "Cache-Control": "no-cache",
        "Content-Length": "736",
        "Content-Type": "application/json; charset=utf-8",
        "Date": "Fri, 29 Oct 2021 03:55:38 GMT",
        "Expires": "-1",
        "Pragma": "no-cache",
        "Server": [
          "Service-Bus-Resource-Provider/SN1",
          "Microsoft-HTTPAPI/2.0"
        ],
        "Server-SB": "Service-Bus-Resource-Provider/SN1",
        "Strict-Transport-Security": "max-age=31536000; includeSubDomains",
        "X-Content-Type-Options": "nosniff",
        "x-ms-client-request-id": "447729ead99ffab54c085336958ef14c",
        "x-ms-correlation-request-id": "a5434c63-bd2e-435e-b0fa-499aa1716cad",
        "x-ms-ratelimit-remaining-subscription-reads": "11728",
        "x-ms-request-id": "8f5bdbfd-1a49-4887-89ab-1c2d4a44edcc_M9SN1_M9SN1",
        "x-ms-routing-request-id": "SOUTHEASTASIA:20211029T035539Z:a5434c63-bd2e-435e-b0fa-499aa1716cad"
      },
      "ResponseBody": {
        "sku": {
          "name": "Standard",
          "tier": "Standard",
          "capacity": 1
        },
        "id": "/subscriptions/db1ab6f0-4769-4b27-930e-01e2ef9c123c/resourceGroups/testeventhubRG-4323/providers/Microsoft.EventHub/namespaces/testnamespacemgmt3557",
        "name": "testnamespacemgmt3557",
        "type": "Microsoft.EventHub/Namespaces",
        "location": "East US 2",
        "tags": {},
        "properties": {
          "disableLocalAuth": false,
          "zoneRedundant": false,
          "isAutoInflateEnabled": false,
          "maximumThroughputUnits": 0,
          "kafkaEnabled": true,
          "provisioningState": "Created",
          "metricId": "db1ab6f0-4769-4b27-930e-01e2ef9c123c:testnamespacemgmt3557",
          "createdAt": "2021-10-29T03:55:14.65Z",
          "updatedAt": "2021-10-29T03:55:14.65Z",
          "serviceBusEndpoint": "https://testnamespacemgmt3557.servicebus.windows.net:443/",
          "status": "Activating"
        }
      }
    },
    {
      "RequestUri": "https://management.azure.com/subscriptions/db1ab6f0-4769-4b27-930e-01e2ef9c123c/resourceGroups/testeventhubRG-4323/providers/Microsoft.EventHub/namespaces/testnamespacemgmt3557?api-version=2021-06-01-preview",
      "RequestMethod": "GET",
      "RequestHeaders": {
        "Authorization": "Sanitized",
        "User-Agent": "azsdk-net-ResourceManager/1.0.0-beta.5 (.NET Framework 4.8.4300.0; Microsoft Windows 10.0.19043 )",
        "x-ms-client-request-id": "7b9e42da2b71696e83f880dad0c33355",
        "x-ms-return-client-request-id": "true"
      },
      "RequestBody": null,
      "StatusCode": 200,
      "ResponseHeaders": {
        "Cache-Control": "no-cache",
        "Content-Length": "736",
        "Content-Type": "application/json; charset=utf-8",
        "Date": "Fri, 29 Oct 2021 03:55:39 GMT",
        "Expires": "-1",
        "Pragma": "no-cache",
        "Server": [
          "Service-Bus-Resource-Provider/SN1",
          "Microsoft-HTTPAPI/2.0"
        ],
        "Server-SB": "Service-Bus-Resource-Provider/SN1",
        "Strict-Transport-Security": "max-age=31536000; includeSubDomains",
        "X-Content-Type-Options": "nosniff",
        "x-ms-client-request-id": "7b9e42da2b71696e83f880dad0c33355",
        "x-ms-correlation-request-id": "123a7496-5923-4bcf-b722-7435f441115e",
        "x-ms-ratelimit-remaining-subscription-reads": "11727",
        "x-ms-request-id": "7ba53c40-df64-4057-983c-0d5641e90e44_M9SN1_M9SN1",
        "x-ms-routing-request-id": "SOUTHEASTASIA:20211029T035540Z:123a7496-5923-4bcf-b722-7435f441115e"
      },
      "ResponseBody": {
        "sku": {
          "name": "Standard",
          "tier": "Standard",
          "capacity": 1
        },
        "id": "/subscriptions/db1ab6f0-4769-4b27-930e-01e2ef9c123c/resourceGroups/testeventhubRG-4323/providers/Microsoft.EventHub/namespaces/testnamespacemgmt3557",
        "name": "testnamespacemgmt3557",
        "type": "Microsoft.EventHub/Namespaces",
        "location": "East US 2",
        "tags": {},
        "properties": {
          "disableLocalAuth": false,
          "zoneRedundant": false,
          "isAutoInflateEnabled": false,
          "maximumThroughputUnits": 0,
          "kafkaEnabled": true,
          "provisioningState": "Created",
          "metricId": "db1ab6f0-4769-4b27-930e-01e2ef9c123c:testnamespacemgmt3557",
          "createdAt": "2021-10-29T03:55:14.65Z",
          "updatedAt": "2021-10-29T03:55:14.65Z",
          "serviceBusEndpoint": "https://testnamespacemgmt3557.servicebus.windows.net:443/",
          "status": "Activating"
        }
      }
    },
    {
      "RequestUri": "https://management.azure.com/subscriptions/db1ab6f0-4769-4b27-930e-01e2ef9c123c/resourceGroups/testeventhubRG-4323/providers/Microsoft.EventHub/namespaces/testnamespacemgmt3557?api-version=2021-06-01-preview",
      "RequestMethod": "GET",
      "RequestHeaders": {
        "Authorization": "Sanitized",
        "User-Agent": "azsdk-net-ResourceManager/1.0.0-beta.5 (.NET Framework 4.8.4300.0; Microsoft Windows 10.0.19043 )",
        "x-ms-client-request-id": "42f191c8fa558e6a68cd4c856476cd2d",
        "x-ms-return-client-request-id": "true"
      },
      "RequestBody": null,
      "StatusCode": 200,
      "ResponseHeaders": {
        "Cache-Control": "no-cache",
        "Content-Length": "736",
        "Content-Type": "application/json; charset=utf-8",
        "Date": "Fri, 29 Oct 2021 03:55:41 GMT",
        "Expires": "-1",
        "Pragma": "no-cache",
        "Server": [
          "Service-Bus-Resource-Provider/SN1",
          "Microsoft-HTTPAPI/2.0"
        ],
        "Server-SB": "Service-Bus-Resource-Provider/SN1",
        "Strict-Transport-Security": "max-age=31536000; includeSubDomains",
        "X-Content-Type-Options": "nosniff",
        "x-ms-client-request-id": "42f191c8fa558e6a68cd4c856476cd2d",
        "x-ms-correlation-request-id": "b1d1bebd-a3be-4c0a-9689-554b0eee075c",
        "x-ms-ratelimit-remaining-subscription-reads": "11726",
        "x-ms-request-id": "aef7cf97-cb47-4f03-b56d-0be7ad55b0d3_M8SN1_M8SN1",
        "x-ms-routing-request-id": "SOUTHEASTASIA:20211029T035541Z:b1d1bebd-a3be-4c0a-9689-554b0eee075c"
      },
      "ResponseBody": {
        "sku": {
          "name": "Standard",
          "tier": "Standard",
          "capacity": 1
        },
        "id": "/subscriptions/db1ab6f0-4769-4b27-930e-01e2ef9c123c/resourceGroups/testeventhubRG-4323/providers/Microsoft.EventHub/namespaces/testnamespacemgmt3557",
        "name": "testnamespacemgmt3557",
        "type": "Microsoft.EventHub/Namespaces",
        "location": "East US 2",
        "tags": {},
        "properties": {
          "disableLocalAuth": false,
          "zoneRedundant": false,
          "isAutoInflateEnabled": false,
          "maximumThroughputUnits": 0,
          "kafkaEnabled": true,
          "provisioningState": "Created",
          "metricId": "db1ab6f0-4769-4b27-930e-01e2ef9c123c:testnamespacemgmt3557",
          "createdAt": "2021-10-29T03:55:14.65Z",
          "updatedAt": "2021-10-29T03:55:14.65Z",
          "serviceBusEndpoint": "https://testnamespacemgmt3557.servicebus.windows.net:443/",
          "status": "Activating"
        }
      }
    },
    {
      "RequestUri": "https://management.azure.com/subscriptions/db1ab6f0-4769-4b27-930e-01e2ef9c123c/resourceGroups/testeventhubRG-4323/providers/Microsoft.EventHub/namespaces/testnamespacemgmt3557?api-version=2021-06-01-preview",
      "RequestMethod": "GET",
      "RequestHeaders": {
        "Authorization": "Sanitized",
        "User-Agent": "azsdk-net-ResourceManager/1.0.0-beta.5 (.NET Framework 4.8.4300.0; Microsoft Windows 10.0.19043 )",
        "x-ms-client-request-id": "23e26ff3ab1ebe67ba0dc1a659db2988",
        "x-ms-return-client-request-id": "true"
      },
      "RequestBody": null,
      "StatusCode": 200,
      "ResponseHeaders": {
        "Cache-Control": "no-cache",
        "Content-Length": "736",
        "Content-Type": "application/json; charset=utf-8",
        "Date": "Fri, 29 Oct 2021 03:55:42 GMT",
        "Expires": "-1",
        "Pragma": "no-cache",
        "Server": [
          "Service-Bus-Resource-Provider/SN1",
          "Microsoft-HTTPAPI/2.0"
        ],
        "Server-SB": "Service-Bus-Resource-Provider/SN1",
        "Strict-Transport-Security": "max-age=31536000; includeSubDomains",
        "X-Content-Type-Options": "nosniff",
        "x-ms-client-request-id": "23e26ff3ab1ebe67ba0dc1a659db2988",
        "x-ms-correlation-request-id": "e172ef40-d82a-46a6-84d1-c8a34a176bc9",
        "x-ms-ratelimit-remaining-subscription-reads": "11725",
        "x-ms-request-id": "a1a45293-d7be-485f-83e5-faec51f43a26_M9SN1_M9SN1",
        "x-ms-routing-request-id": "SOUTHEASTASIA:20211029T035543Z:e172ef40-d82a-46a6-84d1-c8a34a176bc9"
      },
      "ResponseBody": {
        "sku": {
          "name": "Standard",
          "tier": "Standard",
          "capacity": 1
        },
        "id": "/subscriptions/db1ab6f0-4769-4b27-930e-01e2ef9c123c/resourceGroups/testeventhubRG-4323/providers/Microsoft.EventHub/namespaces/testnamespacemgmt3557",
        "name": "testnamespacemgmt3557",
        "type": "Microsoft.EventHub/Namespaces",
        "location": "East US 2",
        "tags": {},
        "properties": {
          "disableLocalAuth": false,
          "zoneRedundant": false,
          "isAutoInflateEnabled": false,
          "maximumThroughputUnits": 0,
          "kafkaEnabled": true,
          "provisioningState": "Created",
          "metricId": "db1ab6f0-4769-4b27-930e-01e2ef9c123c:testnamespacemgmt3557",
          "createdAt": "2021-10-29T03:55:14.65Z",
          "updatedAt": "2021-10-29T03:55:14.65Z",
          "serviceBusEndpoint": "https://testnamespacemgmt3557.servicebus.windows.net:443/",
          "status": "Activating"
        }
      }
    },
    {
      "RequestUri": "https://management.azure.com/subscriptions/db1ab6f0-4769-4b27-930e-01e2ef9c123c/resourceGroups/testeventhubRG-4323/providers/Microsoft.EventHub/namespaces/testnamespacemgmt3557?api-version=2021-06-01-preview",
      "RequestMethod": "GET",
      "RequestHeaders": {
        "Authorization": "Sanitized",
        "User-Agent": "azsdk-net-ResourceManager/1.0.0-beta.5 (.NET Framework 4.8.4300.0; Microsoft Windows 10.0.19043 )",
        "x-ms-client-request-id": "036efdd4ae9de0f7d70f12a3dfe8050c",
        "x-ms-return-client-request-id": "true"
      },
      "RequestBody": null,
      "StatusCode": 200,
      "ResponseHeaders": {
        "Cache-Control": "no-cache",
        "Content-Length": "736",
        "Content-Type": "application/json; charset=utf-8",
        "Date": "Fri, 29 Oct 2021 03:55:43 GMT",
        "Expires": "-1",
        "Pragma": "no-cache",
        "Server": [
          "Service-Bus-Resource-Provider/SN1",
          "Microsoft-HTTPAPI/2.0"
        ],
        "Server-SB": "Service-Bus-Resource-Provider/SN1",
        "Strict-Transport-Security": "max-age=31536000; includeSubDomains",
        "X-Content-Type-Options": "nosniff",
        "x-ms-client-request-id": "036efdd4ae9de0f7d70f12a3dfe8050c",
        "x-ms-correlation-request-id": "3786a621-8bc6-44e8-b3a4-cdfb3576f5fa",
        "x-ms-ratelimit-remaining-subscription-reads": "11724",
        "x-ms-request-id": "0d0d6f0e-ca1f-4218-8955-77ef24c6b3e2_M1SN1_M1SN1",
        "x-ms-routing-request-id": "SOUTHEASTASIA:20211029T035544Z:3786a621-8bc6-44e8-b3a4-cdfb3576f5fa"
      },
      "ResponseBody": {
        "sku": {
          "name": "Standard",
          "tier": "Standard",
          "capacity": 1
        },
        "id": "/subscriptions/db1ab6f0-4769-4b27-930e-01e2ef9c123c/resourceGroups/testeventhubRG-4323/providers/Microsoft.EventHub/namespaces/testnamespacemgmt3557",
        "name": "testnamespacemgmt3557",
        "type": "Microsoft.EventHub/Namespaces",
        "location": "East US 2",
        "tags": {},
        "properties": {
          "disableLocalAuth": false,
          "zoneRedundant": false,
          "isAutoInflateEnabled": false,
          "maximumThroughputUnits": 0,
          "kafkaEnabled": true,
          "provisioningState": "Created",
          "metricId": "db1ab6f0-4769-4b27-930e-01e2ef9c123c:testnamespacemgmt3557",
          "createdAt": "2021-10-29T03:55:14.65Z",
          "updatedAt": "2021-10-29T03:55:14.65Z",
          "serviceBusEndpoint": "https://testnamespacemgmt3557.servicebus.windows.net:443/",
          "status": "Activating"
        }
      }
    },
    {
      "RequestUri": "https://management.azure.com/subscriptions/db1ab6f0-4769-4b27-930e-01e2ef9c123c/resourceGroups/testeventhubRG-4323/providers/Microsoft.EventHub/namespaces/testnamespacemgmt3557?api-version=2021-06-01-preview",
      "RequestMethod": "GET",
      "RequestHeaders": {
        "Authorization": "Sanitized",
        "User-Agent": "azsdk-net-ResourceManager/1.0.0-beta.5 (.NET Framework 4.8.4300.0; Microsoft Windows 10.0.19043 )",
        "x-ms-client-request-id": "60e7522a10e11c372933874738c3358d",
        "x-ms-return-client-request-id": "true"
      },
      "RequestBody": null,
      "StatusCode": 200,
      "ResponseHeaders": {
        "Cache-Control": "no-cache",
        "Content-Length": "736",
        "Content-Type": "application/json; charset=utf-8",
        "Date": "Fri, 29 Oct 2021 03:55:45 GMT",
        "Expires": "-1",
        "Pragma": "no-cache",
        "Server": [
          "Service-Bus-Resource-Provider/SN1",
          "Microsoft-HTTPAPI/2.0"
        ],
        "Server-SB": "Service-Bus-Resource-Provider/SN1",
        "Strict-Transport-Security": "max-age=31536000; includeSubDomains",
        "X-Content-Type-Options": "nosniff",
        "x-ms-client-request-id": "60e7522a10e11c372933874738c3358d",
        "x-ms-correlation-request-id": "5e7598ee-4a91-44c5-8192-26787b28d198",
        "x-ms-ratelimit-remaining-subscription-reads": "11723",
        "x-ms-request-id": "2282b1a9-7463-471b-8132-f302b5892b90_M11SN1_M11SN1",
        "x-ms-routing-request-id": "SOUTHEASTASIA:20211029T035545Z:5e7598ee-4a91-44c5-8192-26787b28d198"
      },
      "ResponseBody": {
        "sku": {
          "name": "Standard",
          "tier": "Standard",
          "capacity": 1
        },
        "id": "/subscriptions/db1ab6f0-4769-4b27-930e-01e2ef9c123c/resourceGroups/testeventhubRG-4323/providers/Microsoft.EventHub/namespaces/testnamespacemgmt3557",
        "name": "testnamespacemgmt3557",
        "type": "Microsoft.EventHub/Namespaces",
        "location": "East US 2",
        "tags": {},
        "properties": {
          "disableLocalAuth": false,
          "zoneRedundant": false,
          "isAutoInflateEnabled": false,
          "maximumThroughputUnits": 0,
          "kafkaEnabled": true,
          "provisioningState": "Created",
          "metricId": "db1ab6f0-4769-4b27-930e-01e2ef9c123c:testnamespacemgmt3557",
          "createdAt": "2021-10-29T03:55:14.65Z",
          "updatedAt": "2021-10-29T03:55:14.65Z",
          "serviceBusEndpoint": "https://testnamespacemgmt3557.servicebus.windows.net:443/",
          "status": "Activating"
        }
      }
    },
    {
      "RequestUri": "https://management.azure.com/subscriptions/db1ab6f0-4769-4b27-930e-01e2ef9c123c/resourceGroups/testeventhubRG-4323/providers/Microsoft.EventHub/namespaces/testnamespacemgmt3557?api-version=2021-06-01-preview",
      "RequestMethod": "GET",
      "RequestHeaders": {
        "Authorization": "Sanitized",
        "User-Agent": "azsdk-net-ResourceManager/1.0.0-beta.5 (.NET Framework 4.8.4300.0; Microsoft Windows 10.0.19043 )",
        "x-ms-client-request-id": "67b0c3a4ca08449078014b0e99c3ded2",
        "x-ms-return-client-request-id": "true"
      },
      "RequestBody": null,
      "StatusCode": 200,
      "ResponseHeaders": {
        "Cache-Control": "no-cache",
        "Content-Length": "736",
        "Content-Type": "application/json; charset=utf-8",
        "Date": "Fri, 29 Oct 2021 03:55:46 GMT",
        "Expires": "-1",
        "Pragma": "no-cache",
        "Server": [
          "Service-Bus-Resource-Provider/SN1",
          "Microsoft-HTTPAPI/2.0"
        ],
        "Server-SB": "Service-Bus-Resource-Provider/SN1",
        "Strict-Transport-Security": "max-age=31536000; includeSubDomains",
        "X-Content-Type-Options": "nosniff",
        "x-ms-client-request-id": "67b0c3a4ca08449078014b0e99c3ded2",
        "x-ms-correlation-request-id": "4d0ae54e-9702-4b88-8c17-ba9ebaffe334",
        "x-ms-ratelimit-remaining-subscription-reads": "11722",
        "x-ms-request-id": "9787bc17-4e4a-4c04-889b-808900d22e96_M9SN1_M9SN1",
        "x-ms-routing-request-id": "SOUTHEASTASIA:20211029T035547Z:4d0ae54e-9702-4b88-8c17-ba9ebaffe334"
      },
      "ResponseBody": {
        "sku": {
          "name": "Standard",
          "tier": "Standard",
          "capacity": 1
        },
        "id": "/subscriptions/db1ab6f0-4769-4b27-930e-01e2ef9c123c/resourceGroups/testeventhubRG-4323/providers/Microsoft.EventHub/namespaces/testnamespacemgmt3557",
        "name": "testnamespacemgmt3557",
        "type": "Microsoft.EventHub/Namespaces",
        "location": "East US 2",
        "tags": {},
        "properties": {
          "disableLocalAuth": false,
          "zoneRedundant": false,
          "isAutoInflateEnabled": false,
          "maximumThroughputUnits": 0,
          "kafkaEnabled": true,
          "provisioningState": "Created",
          "metricId": "db1ab6f0-4769-4b27-930e-01e2ef9c123c:testnamespacemgmt3557",
          "createdAt": "2021-10-29T03:55:14.65Z",
          "updatedAt": "2021-10-29T03:55:14.65Z",
          "serviceBusEndpoint": "https://testnamespacemgmt3557.servicebus.windows.net:443/",
          "status": "Activating"
        }
      }
    },
    {
      "RequestUri": "https://management.azure.com/subscriptions/db1ab6f0-4769-4b27-930e-01e2ef9c123c/resourceGroups/testeventhubRG-4323/providers/Microsoft.EventHub/namespaces/testnamespacemgmt3557?api-version=2021-06-01-preview",
      "RequestMethod": "GET",
      "RequestHeaders": {
        "Authorization": "Sanitized",
        "User-Agent": "azsdk-net-ResourceManager/1.0.0-beta.5 (.NET Framework 4.8.4300.0; Microsoft Windows 10.0.19043 )",
        "x-ms-client-request-id": "067bb408c8f4c4a7c651d96a27afa714",
        "x-ms-return-client-request-id": "true"
      },
      "RequestBody": null,
      "StatusCode": 200,
      "ResponseHeaders": {
        "Cache-Control": "no-cache",
        "Content-Length": "736",
        "Content-Type": "application/json; charset=utf-8",
        "Date": "Fri, 29 Oct 2021 03:55:47 GMT",
        "Expires": "-1",
        "Pragma": "no-cache",
        "Server": [
          "Service-Bus-Resource-Provider/SN1",
          "Microsoft-HTTPAPI/2.0"
        ],
        "Server-SB": "Service-Bus-Resource-Provider/SN1",
        "Strict-Transport-Security": "max-age=31536000; includeSubDomains",
        "X-Content-Type-Options": "nosniff",
        "x-ms-client-request-id": "067bb408c8f4c4a7c651d96a27afa714",
        "x-ms-correlation-request-id": "b7e62387-cf06-4f80-9b5c-698cec18cc0b",
        "x-ms-ratelimit-remaining-subscription-reads": "11721",
        "x-ms-request-id": "e7afc73d-96d4-4a74-9a8b-fb65ba51ed7a_M9SN1_M9SN1",
        "x-ms-routing-request-id": "SOUTHEASTASIA:20211029T035548Z:b7e62387-cf06-4f80-9b5c-698cec18cc0b"
      },
      "ResponseBody": {
        "sku": {
          "name": "Standard",
          "tier": "Standard",
          "capacity": 1
        },
        "id": "/subscriptions/db1ab6f0-4769-4b27-930e-01e2ef9c123c/resourceGroups/testeventhubRG-4323/providers/Microsoft.EventHub/namespaces/testnamespacemgmt3557",
        "name": "testnamespacemgmt3557",
        "type": "Microsoft.EventHub/Namespaces",
        "location": "East US 2",
        "tags": {},
        "properties": {
          "disableLocalAuth": false,
          "zoneRedundant": false,
          "isAutoInflateEnabled": false,
          "maximumThroughputUnits": 0,
          "kafkaEnabled": true,
          "provisioningState": "Created",
          "metricId": "db1ab6f0-4769-4b27-930e-01e2ef9c123c:testnamespacemgmt3557",
          "createdAt": "2021-10-29T03:55:14.65Z",
          "updatedAt": "2021-10-29T03:55:14.65Z",
          "serviceBusEndpoint": "https://testnamespacemgmt3557.servicebus.windows.net:443/",
          "status": "Activating"
        }
      }
    },
    {
      "RequestUri": "https://management.azure.com/subscriptions/db1ab6f0-4769-4b27-930e-01e2ef9c123c/resourceGroups/testeventhubRG-4323/providers/Microsoft.EventHub/namespaces/testnamespacemgmt3557?api-version=2021-06-01-preview",
      "RequestMethod": "GET",
      "RequestHeaders": {
        "Authorization": "Sanitized",
        "User-Agent": "azsdk-net-ResourceManager/1.0.0-beta.5 (.NET Framework 4.8.4300.0; Microsoft Windows 10.0.19043 )",
        "x-ms-client-request-id": "1cff84da9d376004c2a2e8dfc4298366",
        "x-ms-return-client-request-id": "true"
      },
      "RequestBody": null,
      "StatusCode": 200,
      "ResponseHeaders": {
        "Cache-Control": "no-cache",
        "Content-Length": "736",
        "Content-Type": "application/json; charset=utf-8",
        "Date": "Fri, 29 Oct 2021 03:55:49 GMT",
        "Expires": "-1",
        "Pragma": "no-cache",
        "Server": [
          "Service-Bus-Resource-Provider/SN1",
          "Microsoft-HTTPAPI/2.0"
        ],
        "Server-SB": "Service-Bus-Resource-Provider/SN1",
        "Strict-Transport-Security": "max-age=31536000; includeSubDomains",
        "X-Content-Type-Options": "nosniff",
        "x-ms-client-request-id": "1cff84da9d376004c2a2e8dfc4298366",
        "x-ms-correlation-request-id": "97e6fc54-fedb-45d4-bbdc-7a4955e6b9f9",
        "x-ms-ratelimit-remaining-subscription-reads": "11720",
        "x-ms-request-id": "3cd6f83a-ab3f-4bfa-823e-3cf0a5f225b6_M9SN1_M9SN1",
        "x-ms-routing-request-id": "SOUTHEASTASIA:20211029T035549Z:97e6fc54-fedb-45d4-bbdc-7a4955e6b9f9"
      },
      "ResponseBody": {
        "sku": {
          "name": "Standard",
          "tier": "Standard",
          "capacity": 1
        },
        "id": "/subscriptions/db1ab6f0-4769-4b27-930e-01e2ef9c123c/resourceGroups/testeventhubRG-4323/providers/Microsoft.EventHub/namespaces/testnamespacemgmt3557",
        "name": "testnamespacemgmt3557",
        "type": "Microsoft.EventHub/Namespaces",
        "location": "East US 2",
        "tags": {},
        "properties": {
          "disableLocalAuth": false,
          "zoneRedundant": false,
          "isAutoInflateEnabled": false,
          "maximumThroughputUnits": 0,
          "kafkaEnabled": true,
          "provisioningState": "Created",
          "metricId": "db1ab6f0-4769-4b27-930e-01e2ef9c123c:testnamespacemgmt3557",
          "createdAt": "2021-10-29T03:55:14.65Z",
          "updatedAt": "2021-10-29T03:55:14.65Z",
          "serviceBusEndpoint": "https://testnamespacemgmt3557.servicebus.windows.net:443/",
          "status": "Activating"
        }
      }
    },
    {
      "RequestUri": "https://management.azure.com/subscriptions/db1ab6f0-4769-4b27-930e-01e2ef9c123c/resourceGroups/testeventhubRG-4323/providers/Microsoft.EventHub/namespaces/testnamespacemgmt3557?api-version=2021-06-01-preview",
      "RequestMethod": "GET",
      "RequestHeaders": {
        "Authorization": "Sanitized",
        "User-Agent": "azsdk-net-ResourceManager/1.0.0-beta.5 (.NET Framework 4.8.4300.0; Microsoft Windows 10.0.19043 )",
        "x-ms-client-request-id": "843fb5542f47dc991beca1b6f1261dc8",
        "x-ms-return-client-request-id": "true"
      },
      "RequestBody": null,
      "StatusCode": 200,
      "ResponseHeaders": {
        "Cache-Control": "no-cache",
        "Content-Length": "736",
        "Content-Type": "application/json; charset=utf-8",
        "Date": "Fri, 29 Oct 2021 03:55:50 GMT",
        "Expires": "-1",
        "Pragma": "no-cache",
        "Server": [
          "Service-Bus-Resource-Provider/SN1",
          "Microsoft-HTTPAPI/2.0"
        ],
        "Server-SB": "Service-Bus-Resource-Provider/SN1",
        "Strict-Transport-Security": "max-age=31536000; includeSubDomains",
        "X-Content-Type-Options": "nosniff",
        "x-ms-client-request-id": "843fb5542f47dc991beca1b6f1261dc8",
        "x-ms-correlation-request-id": "cd0f4094-c26b-4108-ae94-12f18234c59d",
        "x-ms-ratelimit-remaining-subscription-reads": "11719",
        "x-ms-request-id": "81d5da23-4704-4d8a-8ad7-380b61982dbb_M1SN1_M1SN1",
        "x-ms-routing-request-id": "SOUTHEASTASIA:20211029T035551Z:cd0f4094-c26b-4108-ae94-12f18234c59d"
      },
      "ResponseBody": {
        "sku": {
          "name": "Standard",
          "tier": "Standard",
          "capacity": 1
        },
        "id": "/subscriptions/db1ab6f0-4769-4b27-930e-01e2ef9c123c/resourceGroups/testeventhubRG-4323/providers/Microsoft.EventHub/namespaces/testnamespacemgmt3557",
        "name": "testnamespacemgmt3557",
        "type": "Microsoft.EventHub/Namespaces",
        "location": "East US 2",
        "tags": {},
        "properties": {
          "disableLocalAuth": false,
          "zoneRedundant": false,
          "isAutoInflateEnabled": false,
          "maximumThroughputUnits": 0,
          "kafkaEnabled": true,
          "provisioningState": "Created",
          "metricId": "db1ab6f0-4769-4b27-930e-01e2ef9c123c:testnamespacemgmt3557",
          "createdAt": "2021-10-29T03:55:14.65Z",
          "updatedAt": "2021-10-29T03:55:14.65Z",
          "serviceBusEndpoint": "https://testnamespacemgmt3557.servicebus.windows.net:443/",
          "status": "Activating"
        }
      }
    },
    {
      "RequestUri": "https://management.azure.com/subscriptions/db1ab6f0-4769-4b27-930e-01e2ef9c123c/resourceGroups/testeventhubRG-4323/providers/Microsoft.EventHub/namespaces/testnamespacemgmt3557?api-version=2021-06-01-preview",
      "RequestMethod": "GET",
      "RequestHeaders": {
        "Authorization": "Sanitized",
        "User-Agent": "azsdk-net-ResourceManager/1.0.0-beta.5 (.NET Framework 4.8.4300.0; Microsoft Windows 10.0.19043 )",
        "x-ms-client-request-id": "14333759c2c46a9aaf1b4351e0c8009c",
        "x-ms-return-client-request-id": "true"
      },
      "RequestBody": null,
      "StatusCode": 200,
      "ResponseHeaders": {
        "Cache-Control": "no-cache",
        "Content-Length": "736",
        "Content-Type": "application/json; charset=utf-8",
        "Date": "Fri, 29 Oct 2021 03:55:51 GMT",
        "Expires": "-1",
        "Pragma": "no-cache",
        "Server": [
          "Service-Bus-Resource-Provider/SN1",
          "Microsoft-HTTPAPI/2.0"
        ],
        "Server-SB": "Service-Bus-Resource-Provider/SN1",
        "Strict-Transport-Security": "max-age=31536000; includeSubDomains",
        "X-Content-Type-Options": "nosniff",
        "x-ms-client-request-id": "14333759c2c46a9aaf1b4351e0c8009c",
        "x-ms-correlation-request-id": "825bf8fb-40ec-4cfe-bba4-ecc9ba0b8b51",
        "x-ms-ratelimit-remaining-subscription-reads": "11718",
        "x-ms-request-id": "a2b5a81c-9617-46c9-8f39-579863f6bec1_M9SN1_M9SN1",
        "x-ms-routing-request-id": "SOUTHEASTASIA:20211029T035552Z:825bf8fb-40ec-4cfe-bba4-ecc9ba0b8b51"
      },
      "ResponseBody": {
        "sku": {
          "name": "Standard",
          "tier": "Standard",
          "capacity": 1
        },
        "id": "/subscriptions/db1ab6f0-4769-4b27-930e-01e2ef9c123c/resourceGroups/testeventhubRG-4323/providers/Microsoft.EventHub/namespaces/testnamespacemgmt3557",
        "name": "testnamespacemgmt3557",
        "type": "Microsoft.EventHub/Namespaces",
        "location": "East US 2",
        "tags": {},
        "properties": {
          "disableLocalAuth": false,
          "zoneRedundant": false,
          "isAutoInflateEnabled": false,
          "maximumThroughputUnits": 0,
          "kafkaEnabled": true,
          "provisioningState": "Created",
          "metricId": "db1ab6f0-4769-4b27-930e-01e2ef9c123c:testnamespacemgmt3557",
          "createdAt": "2021-10-29T03:55:14.65Z",
          "updatedAt": "2021-10-29T03:55:14.65Z",
          "serviceBusEndpoint": "https://testnamespacemgmt3557.servicebus.windows.net:443/",
          "status": "Activating"
        }
      }
    },
    {
      "RequestUri": "https://management.azure.com/subscriptions/db1ab6f0-4769-4b27-930e-01e2ef9c123c/resourceGroups/testeventhubRG-4323/providers/Microsoft.EventHub/namespaces/testnamespacemgmt3557?api-version=2021-06-01-preview",
      "RequestMethod": "GET",
      "RequestHeaders": {
        "Authorization": "Sanitized",
        "User-Agent": "azsdk-net-ResourceManager/1.0.0-beta.5 (.NET Framework 4.8.4300.0; Microsoft Windows 10.0.19043 )",
        "x-ms-client-request-id": "711573cd236fabcceb23004bfc4d6e9c",
        "x-ms-return-client-request-id": "true"
      },
      "RequestBody": null,
      "StatusCode": 200,
      "ResponseHeaders": {
        "Cache-Control": "no-cache",
        "Content-Length": "736",
        "Content-Type": "application/json; charset=utf-8",
        "Date": "Fri, 29 Oct 2021 03:55:53 GMT",
        "Expires": "-1",
        "Pragma": "no-cache",
        "Server": [
          "Service-Bus-Resource-Provider/SN1",
          "Microsoft-HTTPAPI/2.0"
        ],
        "Server-SB": "Service-Bus-Resource-Provider/SN1",
        "Strict-Transport-Security": "max-age=31536000; includeSubDomains",
        "X-Content-Type-Options": "nosniff",
        "x-ms-client-request-id": "711573cd236fabcceb23004bfc4d6e9c",
        "x-ms-correlation-request-id": "db89813a-9b84-4f3a-8919-30d19e39432b",
        "x-ms-ratelimit-remaining-subscription-reads": "11717",
        "x-ms-request-id": "7434b4c1-5053-4315-b239-7c90845f5e0f_M9SN1_M9SN1",
        "x-ms-routing-request-id": "SOUTHEASTASIA:20211029T035553Z:db89813a-9b84-4f3a-8919-30d19e39432b"
      },
      "ResponseBody": {
        "sku": {
          "name": "Standard",
          "tier": "Standard",
          "capacity": 1
        },
        "id": "/subscriptions/db1ab6f0-4769-4b27-930e-01e2ef9c123c/resourceGroups/testeventhubRG-4323/providers/Microsoft.EventHub/namespaces/testnamespacemgmt3557",
        "name": "testnamespacemgmt3557",
        "type": "Microsoft.EventHub/Namespaces",
        "location": "East US 2",
        "tags": {},
        "properties": {
          "disableLocalAuth": false,
          "zoneRedundant": false,
          "isAutoInflateEnabled": false,
          "maximumThroughputUnits": 0,
          "kafkaEnabled": true,
          "provisioningState": "Created",
          "metricId": "db1ab6f0-4769-4b27-930e-01e2ef9c123c:testnamespacemgmt3557",
          "createdAt": "2021-10-29T03:55:14.65Z",
          "updatedAt": "2021-10-29T03:55:14.65Z",
          "serviceBusEndpoint": "https://testnamespacemgmt3557.servicebus.windows.net:443/",
          "status": "Activating"
        }
      }
    },
    {
      "RequestUri": "https://management.azure.com/subscriptions/db1ab6f0-4769-4b27-930e-01e2ef9c123c/resourceGroups/testeventhubRG-4323/providers/Microsoft.EventHub/namespaces/testnamespacemgmt3557?api-version=2021-06-01-preview",
      "RequestMethod": "GET",
      "RequestHeaders": {
        "Authorization": "Sanitized",
        "User-Agent": "azsdk-net-ResourceManager/1.0.0-beta.5 (.NET Framework 4.8.4300.0; Microsoft Windows 10.0.19043 )",
        "x-ms-client-request-id": "8d851f856ef592a11ad4d42ceb47fc53",
        "x-ms-return-client-request-id": "true"
      },
      "RequestBody": null,
      "StatusCode": 200,
      "ResponseHeaders": {
        "Cache-Control": "no-cache",
        "Content-Length": "736",
        "Content-Type": "application/json; charset=utf-8",
        "Date": "Fri, 29 Oct 2021 03:55:54 GMT",
        "Expires": "-1",
        "Pragma": "no-cache",
        "Server": [
          "Service-Bus-Resource-Provider/SN1",
          "Microsoft-HTTPAPI/2.0"
        ],
        "Server-SB": "Service-Bus-Resource-Provider/SN1",
        "Strict-Transport-Security": "max-age=31536000; includeSubDomains",
        "X-Content-Type-Options": "nosniff",
        "x-ms-client-request-id": "8d851f856ef592a11ad4d42ceb47fc53",
        "x-ms-correlation-request-id": "ab5364cf-50a3-461f-b765-2068a8033957",
        "x-ms-ratelimit-remaining-subscription-reads": "11716",
        "x-ms-request-id": "c2cc3b4f-cd52-4ae0-82d3-f617282ccc6e_M1SN1_M1SN1",
        "x-ms-routing-request-id": "SOUTHEASTASIA:20211029T035555Z:ab5364cf-50a3-461f-b765-2068a8033957"
      },
      "ResponseBody": {
        "sku": {
          "name": "Standard",
          "tier": "Standard",
          "capacity": 1
        },
        "id": "/subscriptions/db1ab6f0-4769-4b27-930e-01e2ef9c123c/resourceGroups/testeventhubRG-4323/providers/Microsoft.EventHub/namespaces/testnamespacemgmt3557",
        "name": "testnamespacemgmt3557",
        "type": "Microsoft.EventHub/Namespaces",
        "location": "East US 2",
        "tags": {},
        "properties": {
          "disableLocalAuth": false,
          "zoneRedundant": false,
          "isAutoInflateEnabled": false,
          "maximumThroughputUnits": 0,
          "kafkaEnabled": true,
          "provisioningState": "Created",
          "metricId": "db1ab6f0-4769-4b27-930e-01e2ef9c123c:testnamespacemgmt3557",
          "createdAt": "2021-10-29T03:55:14.65Z",
          "updatedAt": "2021-10-29T03:55:14.65Z",
          "serviceBusEndpoint": "https://testnamespacemgmt3557.servicebus.windows.net:443/",
          "status": "Activating"
        }
      }
    },
    {
      "RequestUri": "https://management.azure.com/subscriptions/db1ab6f0-4769-4b27-930e-01e2ef9c123c/resourceGroups/testeventhubRG-4323/providers/Microsoft.EventHub/namespaces/testnamespacemgmt3557?api-version=2021-06-01-preview",
      "RequestMethod": "GET",
      "RequestHeaders": {
        "Authorization": "Sanitized",
        "User-Agent": "azsdk-net-ResourceManager/1.0.0-beta.5 (.NET Framework 4.8.4300.0; Microsoft Windows 10.0.19043 )",
        "x-ms-client-request-id": "7de904ecab1036586b8829a1c24f6e61",
        "x-ms-return-client-request-id": "true"
      },
      "RequestBody": null,
      "StatusCode": 200,
      "ResponseHeaders": {
        "Cache-Control": "no-cache",
        "Content-Length": "736",
        "Content-Type": "application/json; charset=utf-8",
        "Date": "Fri, 29 Oct 2021 03:55:55 GMT",
        "Expires": "-1",
        "Pragma": "no-cache",
        "Server": [
          "Service-Bus-Resource-Provider/SN1",
          "Microsoft-HTTPAPI/2.0"
        ],
        "Server-SB": "Service-Bus-Resource-Provider/SN1",
        "Strict-Transport-Security": "max-age=31536000; includeSubDomains",
        "X-Content-Type-Options": "nosniff",
        "x-ms-client-request-id": "7de904ecab1036586b8829a1c24f6e61",
        "x-ms-correlation-request-id": "91a92e32-552a-43fe-b3ba-7c9cd63fdaf6",
        "x-ms-ratelimit-remaining-subscription-reads": "11715",
        "x-ms-request-id": "280a2b1d-6460-4218-9ccc-cb172c2ffb91_M9SN1_M9SN1",
        "x-ms-routing-request-id": "SOUTHEASTASIA:20211029T035556Z:91a92e32-552a-43fe-b3ba-7c9cd63fdaf6"
      },
      "ResponseBody": {
        "sku": {
          "name": "Standard",
          "tier": "Standard",
          "capacity": 1
        },
        "id": "/subscriptions/db1ab6f0-4769-4b27-930e-01e2ef9c123c/resourceGroups/testeventhubRG-4323/providers/Microsoft.EventHub/namespaces/testnamespacemgmt3557",
        "name": "testnamespacemgmt3557",
        "type": "Microsoft.EventHub/Namespaces",
        "location": "East US 2",
        "tags": {},
        "properties": {
          "disableLocalAuth": false,
          "zoneRedundant": false,
          "isAutoInflateEnabled": false,
          "maximumThroughputUnits": 0,
          "kafkaEnabled": true,
          "provisioningState": "Created",
          "metricId": "db1ab6f0-4769-4b27-930e-01e2ef9c123c:testnamespacemgmt3557",
          "createdAt": "2021-10-29T03:55:14.65Z",
          "updatedAt": "2021-10-29T03:55:14.65Z",
          "serviceBusEndpoint": "https://testnamespacemgmt3557.servicebus.windows.net:443/",
          "status": "Activating"
        }
      }
    },
    {
      "RequestUri": "https://management.azure.com/subscriptions/db1ab6f0-4769-4b27-930e-01e2ef9c123c/resourceGroups/testeventhubRG-4323/providers/Microsoft.EventHub/namespaces/testnamespacemgmt3557?api-version=2021-06-01-preview",
      "RequestMethod": "GET",
      "RequestHeaders": {
        "Authorization": "Sanitized",
        "User-Agent": "azsdk-net-ResourceManager/1.0.0-beta.5 (.NET Framework 4.8.4300.0; Microsoft Windows 10.0.19043 )",
        "x-ms-client-request-id": "c0cca7ac73425ea7d183579b4ea0c0a4",
        "x-ms-return-client-request-id": "true"
      },
      "RequestBody": null,
      "StatusCode": 200,
      "ResponseHeaders": {
        "Cache-Control": "no-cache",
        "Content-Length": "736",
        "Content-Type": "application/json; charset=utf-8",
        "Date": "Fri, 29 Oct 2021 03:55:57 GMT",
        "Expires": "-1",
        "Pragma": "no-cache",
        "Server": [
          "Service-Bus-Resource-Provider/SN1",
          "Microsoft-HTTPAPI/2.0"
        ],
        "Server-SB": "Service-Bus-Resource-Provider/SN1",
        "Strict-Transport-Security": "max-age=31536000; includeSubDomains",
        "X-Content-Type-Options": "nosniff",
        "x-ms-client-request-id": "c0cca7ac73425ea7d183579b4ea0c0a4",
        "x-ms-correlation-request-id": "2f29f6b3-47b3-4990-8e5a-3f3b0ab11a64",
        "x-ms-ratelimit-remaining-subscription-reads": "11714",
        "x-ms-request-id": "6fb87ed9-66ac-4a07-aa14-9a6cb08bc2ae_M9SN1_M9SN1",
        "x-ms-routing-request-id": "SOUTHEASTASIA:20211029T035557Z:2f29f6b3-47b3-4990-8e5a-3f3b0ab11a64"
      },
      "ResponseBody": {
        "sku": {
          "name": "Standard",
          "tier": "Standard",
          "capacity": 1
        },
        "id": "/subscriptions/db1ab6f0-4769-4b27-930e-01e2ef9c123c/resourceGroups/testeventhubRG-4323/providers/Microsoft.EventHub/namespaces/testnamespacemgmt3557",
        "name": "testnamespacemgmt3557",
        "type": "Microsoft.EventHub/Namespaces",
        "location": "East US 2",
        "tags": {},
        "properties": {
          "disableLocalAuth": false,
          "zoneRedundant": false,
          "isAutoInflateEnabled": false,
          "maximumThroughputUnits": 0,
          "kafkaEnabled": true,
          "provisioningState": "Created",
          "metricId": "db1ab6f0-4769-4b27-930e-01e2ef9c123c:testnamespacemgmt3557",
          "createdAt": "2021-10-29T03:55:14.65Z",
          "updatedAt": "2021-10-29T03:55:14.65Z",
          "serviceBusEndpoint": "https://testnamespacemgmt3557.servicebus.windows.net:443/",
          "status": "Activating"
        }
      }
    },
    {
      "RequestUri": "https://management.azure.com/subscriptions/db1ab6f0-4769-4b27-930e-01e2ef9c123c/resourceGroups/testeventhubRG-4323/providers/Microsoft.EventHub/namespaces/testnamespacemgmt3557?api-version=2021-06-01-preview",
      "RequestMethod": "GET",
      "RequestHeaders": {
        "Authorization": "Sanitized",
        "User-Agent": "azsdk-net-ResourceManager/1.0.0-beta.5 (.NET Framework 4.8.4300.0; Microsoft Windows 10.0.19043 )",
        "x-ms-client-request-id": "f85fac27f164da8bc64f216d45ffcfca",
        "x-ms-return-client-request-id": "true"
      },
      "RequestBody": null,
      "StatusCode": 200,
      "ResponseHeaders": {
        "Cache-Control": "no-cache",
        "Content-Length": "736",
        "Content-Type": "application/json; charset=utf-8",
        "Date": "Fri, 29 Oct 2021 03:55:58 GMT",
        "Expires": "-1",
        "Pragma": "no-cache",
        "Server": [
          "Service-Bus-Resource-Provider/SN1",
          "Microsoft-HTTPAPI/2.0"
        ],
        "Server-SB": "Service-Bus-Resource-Provider/SN1",
        "Strict-Transport-Security": "max-age=31536000; includeSubDomains",
        "X-Content-Type-Options": "nosniff",
        "x-ms-client-request-id": "f85fac27f164da8bc64f216d45ffcfca",
        "x-ms-correlation-request-id": "c40ddd51-ba68-4628-8a2b-55eb9d35814a",
        "x-ms-ratelimit-remaining-subscription-reads": "11713",
        "x-ms-request-id": "bfab6b88-f050-456a-9c21-edb6a392edd3_M1SN1_M1SN1",
        "x-ms-routing-request-id": "SOUTHEASTASIA:20211029T035559Z:c40ddd51-ba68-4628-8a2b-55eb9d35814a"
      },
      "ResponseBody": {
        "sku": {
          "name": "Standard",
          "tier": "Standard",
          "capacity": 1
        },
        "id": "/subscriptions/db1ab6f0-4769-4b27-930e-01e2ef9c123c/resourceGroups/testeventhubRG-4323/providers/Microsoft.EventHub/namespaces/testnamespacemgmt3557",
        "name": "testnamespacemgmt3557",
        "type": "Microsoft.EventHub/Namespaces",
        "location": "East US 2",
        "tags": {},
        "properties": {
          "disableLocalAuth": false,
          "zoneRedundant": false,
          "isAutoInflateEnabled": false,
          "maximumThroughputUnits": 0,
          "kafkaEnabled": true,
          "provisioningState": "Created",
          "metricId": "db1ab6f0-4769-4b27-930e-01e2ef9c123c:testnamespacemgmt3557",
          "createdAt": "2021-10-29T03:55:14.65Z",
          "updatedAt": "2021-10-29T03:55:14.65Z",
          "serviceBusEndpoint": "https://testnamespacemgmt3557.servicebus.windows.net:443/",
          "status": "Activating"
        }
      }
    },
    {
      "RequestUri": "https://management.azure.com/subscriptions/db1ab6f0-4769-4b27-930e-01e2ef9c123c/resourceGroups/testeventhubRG-4323/providers/Microsoft.EventHub/namespaces/testnamespacemgmt3557?api-version=2021-06-01-preview",
      "RequestMethod": "GET",
      "RequestHeaders": {
        "Authorization": "Sanitized",
        "User-Agent": "azsdk-net-ResourceManager/1.0.0-beta.5 (.NET Framework 4.8.4300.0; Microsoft Windows 10.0.19043 )",
        "x-ms-client-request-id": "437f73663b7b78115c8aab8d53bde8cb",
        "x-ms-return-client-request-id": "true"
      },
      "RequestBody": null,
      "StatusCode": 200,
      "ResponseHeaders": {
        "Cache-Control": "no-cache",
        "Content-Length": "736",
        "Content-Type": "application/json; charset=utf-8",
        "Date": "Fri, 29 Oct 2021 03:55:59 GMT",
        "Expires": "-1",
        "Pragma": "no-cache",
        "Server": [
          "Service-Bus-Resource-Provider/SN1",
          "Microsoft-HTTPAPI/2.0"
        ],
        "Server-SB": "Service-Bus-Resource-Provider/SN1",
        "Strict-Transport-Security": "max-age=31536000; includeSubDomains",
        "X-Content-Type-Options": "nosniff",
        "x-ms-client-request-id": "437f73663b7b78115c8aab8d53bde8cb",
        "x-ms-correlation-request-id": "da7b830f-7b00-4d78-9239-f31d0be2d392",
        "x-ms-ratelimit-remaining-subscription-reads": "11712",
        "x-ms-request-id": "d1f5a0fd-6947-47b3-82ae-09df7b2a65c4_M1SN1_M1SN1",
        "x-ms-routing-request-id": "SOUTHEASTASIA:20211029T035600Z:da7b830f-7b00-4d78-9239-f31d0be2d392"
      },
      "ResponseBody": {
        "sku": {
          "name": "Standard",
          "tier": "Standard",
          "capacity": 1
        },
        "id": "/subscriptions/db1ab6f0-4769-4b27-930e-01e2ef9c123c/resourceGroups/testeventhubRG-4323/providers/Microsoft.EventHub/namespaces/testnamespacemgmt3557",
        "name": "testnamespacemgmt3557",
        "type": "Microsoft.EventHub/Namespaces",
        "location": "East US 2",
        "tags": {},
        "properties": {
          "disableLocalAuth": false,
          "zoneRedundant": false,
          "isAutoInflateEnabled": false,
          "maximumThroughputUnits": 0,
          "kafkaEnabled": true,
          "provisioningState": "Created",
          "metricId": "db1ab6f0-4769-4b27-930e-01e2ef9c123c:testnamespacemgmt3557",
          "createdAt": "2021-10-29T03:55:14.65Z",
          "updatedAt": "2021-10-29T03:55:14.65Z",
          "serviceBusEndpoint": "https://testnamespacemgmt3557.servicebus.windows.net:443/",
          "status": "Activating"
        }
      }
    },
    {
      "RequestUri": "https://management.azure.com/subscriptions/db1ab6f0-4769-4b27-930e-01e2ef9c123c/resourceGroups/testeventhubRG-4323/providers/Microsoft.EventHub/namespaces/testnamespacemgmt3557?api-version=2021-06-01-preview",
      "RequestMethod": "GET",
      "RequestHeaders": {
        "Authorization": "Sanitized",
        "User-Agent": "azsdk-net-ResourceManager/1.0.0-beta.5 (.NET Framework 4.8.4300.0; Microsoft Windows 10.0.19043 )",
        "x-ms-client-request-id": "157a84c776f0bbfc1cf1f9f2513a19d2",
        "x-ms-return-client-request-id": "true"
      },
      "RequestBody": null,
      "StatusCode": 200,
      "ResponseHeaders": {
        "Cache-Control": "no-cache",
        "Content-Length": "736",
        "Content-Type": "application/json; charset=utf-8",
        "Date": "Fri, 29 Oct 2021 03:56:01 GMT",
        "Expires": "-1",
        "Pragma": "no-cache",
        "Server": [
          "Service-Bus-Resource-Provider/SN1",
          "Microsoft-HTTPAPI/2.0"
        ],
        "Server-SB": "Service-Bus-Resource-Provider/SN1",
        "Strict-Transport-Security": "max-age=31536000; includeSubDomains",
        "X-Content-Type-Options": "nosniff",
        "x-ms-client-request-id": "157a84c776f0bbfc1cf1f9f2513a19d2",
        "x-ms-correlation-request-id": "65196038-bbd6-4d69-b7e7-99cc1aa01374",
        "x-ms-ratelimit-remaining-subscription-reads": "11711",
        "x-ms-request-id": "56203e40-2f59-42e4-9d3c-08abb2c219cd_M11SN1_M11SN1",
        "x-ms-routing-request-id": "SOUTHEASTASIA:20211029T035601Z:65196038-bbd6-4d69-b7e7-99cc1aa01374"
      },
      "ResponseBody": {
        "sku": {
          "name": "Standard",
          "tier": "Standard",
          "capacity": 1
        },
        "id": "/subscriptions/db1ab6f0-4769-4b27-930e-01e2ef9c123c/resourceGroups/testeventhubRG-4323/providers/Microsoft.EventHub/namespaces/testnamespacemgmt3557",
        "name": "testnamespacemgmt3557",
        "type": "Microsoft.EventHub/Namespaces",
        "location": "East US 2",
        "tags": {},
        "properties": {
          "disableLocalAuth": false,
          "zoneRedundant": false,
          "isAutoInflateEnabled": false,
          "maximumThroughputUnits": 0,
          "kafkaEnabled": true,
          "provisioningState": "Created",
          "metricId": "db1ab6f0-4769-4b27-930e-01e2ef9c123c:testnamespacemgmt3557",
          "createdAt": "2021-10-29T03:55:14.65Z",
          "updatedAt": "2021-10-29T03:55:14.65Z",
          "serviceBusEndpoint": "https://testnamespacemgmt3557.servicebus.windows.net:443/",
          "status": "Activating"
        }
      }
    },
    {
      "RequestUri": "https://management.azure.com/subscriptions/db1ab6f0-4769-4b27-930e-01e2ef9c123c/resourceGroups/testeventhubRG-4323/providers/Microsoft.EventHub/namespaces/testnamespacemgmt3557?api-version=2021-06-01-preview",
      "RequestMethod": "GET",
      "RequestHeaders": {
        "Authorization": "Sanitized",
        "User-Agent": "azsdk-net-ResourceManager/1.0.0-beta.5 (.NET Framework 4.8.4300.0; Microsoft Windows 10.0.19043 )",
        "x-ms-client-request-id": "da348cb37d20eb289ae69bda45fe8608",
        "x-ms-return-client-request-id": "true"
      },
      "RequestBody": null,
      "StatusCode": 200,
      "ResponseHeaders": {
        "Cache-Control": "no-cache",
        "Content-Length": "736",
        "Content-Type": "application/json; charset=utf-8",
        "Date": "Fri, 29 Oct 2021 03:56:02 GMT",
        "Expires": "-1",
        "Pragma": "no-cache",
        "Server": [
          "Service-Bus-Resource-Provider/SN1",
          "Microsoft-HTTPAPI/2.0"
        ],
        "Server-SB": "Service-Bus-Resource-Provider/SN1",
        "Strict-Transport-Security": "max-age=31536000; includeSubDomains",
        "X-Content-Type-Options": "nosniff",
        "x-ms-client-request-id": "da348cb37d20eb289ae69bda45fe8608",
        "x-ms-correlation-request-id": "7b19915c-193a-402f-aa1c-a786bcb93dcc",
        "x-ms-ratelimit-remaining-subscription-reads": "11710",
        "x-ms-request-id": "58ff7522-24b4-46d2-afe5-83cec8bfe2e5_M1SN1_M1SN1",
        "x-ms-routing-request-id": "SOUTHEASTASIA:20211029T035603Z:7b19915c-193a-402f-aa1c-a786bcb93dcc"
      },
      "ResponseBody": {
        "sku": {
          "name": "Standard",
          "tier": "Standard",
          "capacity": 1
        },
        "id": "/subscriptions/db1ab6f0-4769-4b27-930e-01e2ef9c123c/resourceGroups/testeventhubRG-4323/providers/Microsoft.EventHub/namespaces/testnamespacemgmt3557",
        "name": "testnamespacemgmt3557",
        "type": "Microsoft.EventHub/Namespaces",
        "location": "East US 2",
        "tags": {},
        "properties": {
          "disableLocalAuth": false,
          "zoneRedundant": false,
          "isAutoInflateEnabled": false,
          "maximumThroughputUnits": 0,
          "kafkaEnabled": true,
          "provisioningState": "Created",
          "metricId": "db1ab6f0-4769-4b27-930e-01e2ef9c123c:testnamespacemgmt3557",
          "createdAt": "2021-10-29T03:55:14.65Z",
          "updatedAt": "2021-10-29T03:55:14.65Z",
          "serviceBusEndpoint": "https://testnamespacemgmt3557.servicebus.windows.net:443/",
          "status": "Activating"
        }
      }
    },
    {
      "RequestUri": "https://management.azure.com/subscriptions/db1ab6f0-4769-4b27-930e-01e2ef9c123c/resourceGroups/testeventhubRG-4323/providers/Microsoft.EventHub/namespaces/testnamespacemgmt3557?api-version=2021-06-01-preview",
      "RequestMethod": "GET",
      "RequestHeaders": {
        "Authorization": "Sanitized",
        "User-Agent": "azsdk-net-ResourceManager/1.0.0-beta.5 (.NET Framework 4.8.4300.0; Microsoft Windows 10.0.19043 )",
        "x-ms-client-request-id": "c0a55667b985f0da76c32689411e2722",
        "x-ms-return-client-request-id": "true"
      },
      "RequestBody": null,
      "StatusCode": 200,
      "ResponseHeaders": {
        "Cache-Control": "no-cache",
        "Content-Length": "735",
        "Content-Type": "application/json; charset=utf-8",
        "Date": "Fri, 29 Oct 2021 03:56:03 GMT",
        "Expires": "-1",
        "Pragma": "no-cache",
        "Server": [
          "Service-Bus-Resource-Provider/SN1",
          "Microsoft-HTTPAPI/2.0"
        ],
        "Server-SB": "Service-Bus-Resource-Provider/SN1",
        "Strict-Transport-Security": "max-age=31536000; includeSubDomains",
        "X-Content-Type-Options": "nosniff",
        "x-ms-client-request-id": "c0a55667b985f0da76c32689411e2722",
        "x-ms-correlation-request-id": "6b19b868-1745-4c8f-8a78-81f206b2628c",
        "x-ms-ratelimit-remaining-subscription-reads": "11709",
        "x-ms-request-id": "cd07ab2c-e32f-4de6-bb11-ae63c1b362a7_M8SN1_M8SN1",
        "x-ms-routing-request-id": "SOUTHEASTASIA:20211029T035604Z:6b19b868-1745-4c8f-8a78-81f206b2628c"
      },
      "ResponseBody": {
        "sku": {
          "name": "Standard",
          "tier": "Standard",
          "capacity": 1
        },
        "id": "/subscriptions/db1ab6f0-4769-4b27-930e-01e2ef9c123c/resourceGroups/testeventhubRG-4323/providers/Microsoft.EventHub/namespaces/testnamespacemgmt3557",
        "name": "testnamespacemgmt3557",
        "type": "Microsoft.EventHub/Namespaces",
        "location": "East US 2",
        "tags": {},
        "properties": {
          "disableLocalAuth": false,
          "zoneRedundant": false,
          "isAutoInflateEnabled": false,
          "maximumThroughputUnits": 0,
          "kafkaEnabled": true,
          "provisioningState": "Succeeded",
          "metricId": "db1ab6f0-4769-4b27-930e-01e2ef9c123c:testnamespacemgmt3557",
          "createdAt": "2021-10-29T03:55:14.65Z",
          "updatedAt": "2021-10-29T03:56:03.367Z",
          "serviceBusEndpoint": "https://testnamespacemgmt3557.servicebus.windows.net:443/",
          "status": "Active"
        }
      }
    },
    {
      "RequestUri": "https://management.azure.com/subscriptions/db1ab6f0-4769-4b27-930e-01e2ef9c123c/resourceGroups/testeventhubRG-4323/providers/Microsoft.EventHub/namespaces/testnamespacemgmt3557?api-version=2021-06-01-preview",
      "RequestMethod": "PATCH",
      "RequestHeaders": {
        "Accept": "application/json",
        "Authorization": "Sanitized",
        "Content-Length": "258",
        "Content-Type": "application/json",
        "User-Agent": "azsdk-net-ResourceManager.EventHubs/1.0.0-alpha.20211029.1 (.NET Framework 4.8.4300.0; Microsoft Windows 10.0.19043 )",
        "x-ms-client-request-id": "c6d9d9710d894aaa5c8f7a09db22761e",
        "x-ms-return-client-request-id": "true"
      },
      "RequestBody": {
        "sku": {
          "name": "Standard",
          "tier": "Standard",
          "capacity": 1
        },
        "tags": {
          "key1": "value1",
          "key2": "value2"
        },
        "location": "eastus2",
        "properties": {
          "isAutoInflateEnabled": false,
          "maximumThroughputUnits": 0,
          "kafkaEnabled": true,
          "zoneRedundant": false,
          "disableLocalAuth": false
        }
      },
      "StatusCode": 200,
      "ResponseHeaders": {
        "Cache-Control": "no-cache",
        "Content-Length": "768",
        "Content-Type": "application/json; charset=utf-8",
        "Date": "Fri, 29 Oct 2021 03:56:13 GMT",
        "Expires": "-1",
        "Pragma": "no-cache",
        "Server": [
          "Service-Bus-Resource-Provider/SN1",
          "Microsoft-HTTPAPI/2.0"
        ],
        "Server-SB": "Service-Bus-Resource-Provider/SN1",
        "Strict-Transport-Security": "max-age=31536000; includeSubDomains",
        "X-Content-Type-Options": "nosniff",
        "x-ms-client-request-id": "c6d9d9710d894aaa5c8f7a09db22761e",
        "x-ms-correlation-request-id": "56e3165b-47e0-4745-8b6d-c1701d8090b0",
        "x-ms-ratelimit-remaining-subscription-resource-requests": "48",
        "x-ms-request-id": "d02d23a3-b0c1-4e19-bf12-5bdbc95602f1_M9SN1_M9SN1",
        "x-ms-routing-request-id": "SOUTHEASTASIA:20211029T035614Z:56e3165b-47e0-4745-8b6d-c1701d8090b0"
      },
      "ResponseBody": {
        "sku": {
          "name": "Standard",
          "tier": "Standard",
          "capacity": 1
        },
        "id": "/subscriptions/db1ab6f0-4769-4b27-930e-01e2ef9c123c/resourceGroups/testeventhubRG-4323/providers/Microsoft.EventHub/namespaces/testnamespacemgmt3557",
        "name": "testnamespacemgmt3557",
        "type": "Microsoft.EventHub/Namespaces",
        "location": "East US 2",
        "tags": {
          "key1": "value1",
          "key2": "value2"
        },
        "properties": {
          "disableLocalAuth": false,
          "zoneRedundant": false,
          "isAutoInflateEnabled": false,
          "maximumThroughputUnits": 0,
          "kafkaEnabled": true,
          "provisioningState": "Updating",
          "metricId": "db1ab6f0-4769-4b27-930e-01e2ef9c123c:testnamespacemgmt3557",
          "createdAt": "2021-10-29T03:55:14.65Z",
          "updatedAt": "2021-10-29T03:56:11.36Z",
          "serviceBusEndpoint": "https://testnamespacemgmt3557.servicebus.windows.net:443/",
          "status": "Activating"
        }
      }
    },
    {
      "RequestUri": "https://management.azure.com/subscriptions/db1ab6f0-4769-4b27-930e-01e2ef9c123c/resourceGroups/testeventhubRG-4323/providers/Microsoft.EventHub/namespaces/testnamespacemgmt3557?api-version=2021-06-01-preview",
      "RequestMethod": "GET",
      "RequestHeaders": {
        "Accept": "application/json",
        "Authorization": "Sanitized",
        "User-Agent": "azsdk-net-ResourceManager.EventHubs/1.0.0-alpha.20211029.1 (.NET Framework 4.8.4300.0; Microsoft Windows 10.0.19043 )",
        "x-ms-client-request-id": "fa8bf16a5895f94db244645d569faa7c",
        "x-ms-return-client-request-id": "true"
      },
      "RequestBody": null,
      "StatusCode": 200,
      "ResponseHeaders": {
        "Cache-Control": "no-cache",
        "Content-Length": "766",
        "Content-Type": "application/json; charset=utf-8",
        "Date": "Fri, 29 Oct 2021 03:56:24 GMT",
        "Expires": "-1",
        "Pragma": "no-cache",
        "Server": [
          "Service-Bus-Resource-Provider/SN1",
          "Microsoft-HTTPAPI/2.0"
        ],
        "Server-SB": "Service-Bus-Resource-Provider/SN1",
        "Strict-Transport-Security": "max-age=31536000; includeSubDomains",
        "X-Content-Type-Options": "nosniff",
        "x-ms-client-request-id": "fa8bf16a5895f94db244645d569faa7c",
        "x-ms-correlation-request-id": "38002054-e287-4dca-9900-a52b31f24441",
        "x-ms-ratelimit-remaining-subscription-reads": "11708",
        "x-ms-request-id": "ccec8381-0327-4719-a5b5-9342f5ededdd_M8SN1_M8SN1",
        "x-ms-routing-request-id": "SOUTHEASTASIA:20211029T035624Z:38002054-e287-4dca-9900-a52b31f24441"
      },
      "ResponseBody": {
        "sku": {
          "name": "Standard",
          "tier": "Standard",
          "capacity": 1
        },
        "id": "/subscriptions/db1ab6f0-4769-4b27-930e-01e2ef9c123c/resourceGroups/testeventhubRG-4323/providers/Microsoft.EventHub/namespaces/testnamespacemgmt3557",
        "name": "testnamespacemgmt3557",
        "type": "Microsoft.EventHub/Namespaces",
        "location": "East US 2",
        "tags": {
          "key1": "value1",
          "key2": "value2"
        },
        "properties": {
          "disableLocalAuth": false,
          "zoneRedundant": false,
          "isAutoInflateEnabled": false,
          "maximumThroughputUnits": 0,
          "kafkaEnabled": true,
          "provisioningState": "Succeeded",
          "metricId": "db1ab6f0-4769-4b27-930e-01e2ef9c123c:testnamespacemgmt3557",
          "createdAt": "2021-10-29T03:55:14.65Z",
          "updatedAt": "2021-10-29T03:56:13.473Z",
          "serviceBusEndpoint": "https://testnamespacemgmt3557.servicebus.windows.net:443/",
          "status": "Active"
        }
      }
    },
    {
      "RequestUri": "https://management.azure.com/subscriptions/db1ab6f0-4769-4b27-930e-01e2ef9c123c/resourceGroups/testeventhubRG-4323/providers/Microsoft.EventHub/namespaces?api-version=2021-06-01-preview",
      "RequestMethod": "GET",
      "RequestHeaders": {
        "Accept": "application/json",
        "Authorization": "Sanitized",
        "User-Agent": "azsdk-net-ResourceManager.EventHubs/1.0.0-alpha.20211029.1 (.NET Framework 4.8.4300.0; Microsoft Windows 10.0.19043 )",
        "x-ms-client-request-id": "6b6979bebf245a7fac5a64f53fd01554",
        "x-ms-return-client-request-id": "true"
      },
      "RequestBody": null,
      "StatusCode": 200,
      "ResponseHeaders": {
        "Cache-Control": "no-cache",
        "Content-Length": "778",
        "Content-Type": "application/json; charset=utf-8",
        "Date": "Fri, 29 Oct 2021 03:56:24 GMT",
        "Expires": "-1",
        "Pragma": "no-cache",
        "Server": [
          "Service-Bus-Resource-Provider/SN1",
          "Microsoft-HTTPAPI/2.0"
        ],
        "Server-SB": "Service-Bus-Resource-Provider/SN1",
        "Strict-Transport-Security": "max-age=31536000; includeSubDomains",
        "X-Content-Type-Options": "nosniff",
        "x-ms-client-request-id": "6b6979bebf245a7fac5a64f53fd01554",
        "x-ms-correlation-request-id": "78a7b695-9724-446b-bfe7-44a9d5504d55",
        "x-ms-ratelimit-remaining-subscription-reads": "11707",
        "x-ms-request-id": "ca5dd63b-9e3d-4064-abaa-210b110bd9bb_M1SN1_M1SN1",
        "x-ms-routing-request-id": "SOUTHEASTASIA:20211029T035624Z:78a7b695-9724-446b-bfe7-44a9d5504d55"
      },
      "ResponseBody": {
        "value": [
          {
            "sku": {
              "name": "Standard",
              "tier": "Standard",
              "capacity": 1
            },
            "id": "/subscriptions/db1ab6f0-4769-4b27-930e-01e2ef9c123c/resourceGroups/testeventhubRG-4323/providers/Microsoft.EventHub/namespaces/testnamespacemgmt3557",
            "name": "testnamespacemgmt3557",
            "type": "Microsoft.EventHub/Namespaces",
            "location": "East US 2",
            "tags": {
              "key1": "value1",
              "key2": "value2"
            },
            "properties": {
              "disableLocalAuth": false,
              "zoneRedundant": false,
              "isAutoInflateEnabled": false,
              "maximumThroughputUnits": 0,
              "kafkaEnabled": true,
              "provisioningState": "Succeeded",
              "metricId": "db1ab6f0-4769-4b27-930e-01e2ef9c123c:testnamespacemgmt3557",
              "createdAt": "2021-10-29T03:55:14.65Z",
              "updatedAt": "2021-10-29T03:56:13.473Z",
              "serviceBusEndpoint": "https://testnamespacemgmt3557.servicebus.windows.net:443/",
              "status": "Active"
            }
          }
        ]
      }
    },
    {
      "RequestUri": "https://management.azure.com/subscriptions/db1ab6f0-4769-4b27-930e-01e2ef9c123c/resourceGroups/testeventhubRG-4323/providers/Microsoft.EventHub/namespaces/testnamespacemgmt3557?api-version=2021-06-01-preview",
      "RequestMethod": "DELETE",
      "RequestHeaders": {
        "Accept": "application/json",
        "Authorization": "Sanitized",
        "User-Agent": "azsdk-net-ResourceManager.EventHubs/1.0.0-alpha.20211029.1 (.NET Framework 4.8.4300.0; Microsoft Windows 10.0.19043 )",
        "x-ms-client-request-id": "501e084c2d93198c8cdf1444a84df4bc",
        "x-ms-return-client-request-id": "true"
      },
      "RequestBody": null,
      "StatusCode": 202,
      "ResponseHeaders": {
        "Cache-Control": "no-cache",
        "Content-Length": "0",
        "Date": "Fri, 29 Oct 2021 03:56:26 GMT",
        "Expires": "-1",
        "Location": "https://management.azure.com/subscriptions/db1ab6f0-4769-4b27-930e-01e2ef9c123c/resourceGroups/testeventhubRG-4323/providers/Microsoft.EventHub/namespaces/testnamespacemgmt3557/operationresults/testnamespacemgmt3557?api-version=2021-06-01-preview",
        "Pragma": "no-cache",
        "Server": [
          "Service-Bus-Resource-Provider/SN1",
          "Microsoft-HTTPAPI/2.0"
        ],
        "Server-SB": "Service-Bus-Resource-Provider/SN1",
        "Strict-Transport-Security": "max-age=31536000; includeSubDomains",
        "X-Content-Type-Options": "nosniff",
        "x-ms-client-request-id": "501e084c2d93198c8cdf1444a84df4bc",
        "x-ms-correlation-request-id": "08df58ba-a630-4587-b1bd-aceb2c6e86bb",
        "x-ms-ratelimit-remaining-subscription-deletes": "14988",
        "x-ms-request-id": "09dc7801-4845-454a-856a-d2c09124ff96_M9SN1_M9SN1",
        "x-ms-routing-request-id": "SOUTHEASTASIA:20211029T035626Z:08df58ba-a630-4587-b1bd-aceb2c6e86bb"
      },
      "ResponseBody": []
    },
    {
      "RequestUri": "https://management.azure.com/subscriptions/db1ab6f0-4769-4b27-930e-01e2ef9c123c/resourceGroups/testeventhubRG-4323/providers/Microsoft.EventHub/namespaces/testnamespacemgmt3557/operationresults/testnamespacemgmt3557?api-version=2021-06-01-preview",
      "RequestMethod": "GET",
      "RequestHeaders": {
        "Authorization": "Sanitized",
        "User-Agent": "azsdk-net-ResourceManager/1.0.0-beta.5 (.NET Framework 4.8.4300.0; Microsoft Windows 10.0.19043 )",
        "x-ms-client-request-id": "4e10102f598091e8ec4fdf44ab3bb15f",
        "x-ms-return-client-request-id": "true"
      },
      "RequestBody": null,
      "StatusCode": 202,
      "ResponseHeaders": {
        "Cache-Control": "no-cache",
        "Content-Length": "768",
        "Content-Type": "application/json; charset=utf-8",
        "Date": "Fri, 29 Oct 2021 03:56:26 GMT",
        "Expires": "-1",
        "Location": "https://management.azure.com/subscriptions/db1ab6f0-4769-4b27-930e-01e2ef9c123c/resourceGroups/testeventhubRG-4323/providers/Microsoft.EventHub/namespaces/testnamespacemgmt3557/operationresults/testnamespacemgmt3557?api-version=2021-06-01-preview",
        "Pragma": "no-cache",
        "Retry-After": "46",
        "Server": [
          "Service-Bus-Resource-Provider/SN1",
          "Microsoft-HTTPAPI/2.0"
        ],
        "Server-SB": "Service-Bus-Resource-Provider/SN1",
        "Strict-Transport-Security": "max-age=31536000; includeSubDomains",
        "X-Content-Type-Options": "nosniff",
        "x-ms-client-request-id": "4e10102f598091e8ec4fdf44ab3bb15f",
        "x-ms-correlation-request-id": "5bf82d21-c3aa-49e6-bf8f-0b888c55e741",
        "x-ms-ratelimit-remaining-subscription-reads": "11706",
        "x-ms-request-id": "4aacf4ce-3354-430f-8a33-450687f59bbd_M9SN1_M9SN1",
        "x-ms-routing-request-id": "SOUTHEASTASIA:20211029T035626Z:5bf82d21-c3aa-49e6-bf8f-0b888c55e741"
      },
      "ResponseBody": {
        "sku": {
          "name": "Standard",
          "tier": "Standard",
          "capacity": 1
        },
        "id": "/subscriptions/db1ab6f0-4769-4b27-930e-01e2ef9c123c/resourceGroups/testeventhubRG-4323/providers/Microsoft.EventHub/namespaces/testnamespacemgmt3557",
        "name": "testnamespacemgmt3557",
        "type": "Microsoft.EventHub/Namespaces",
        "location": "East US 2",
        "tags": {
          "key1": "value1",
          "key2": "value2"
        },
        "properties": {
          "disableLocalAuth": false,
          "zoneRedundant": false,
          "isAutoInflateEnabled": false,
          "maximumThroughputUnits": 0,
          "kafkaEnabled": true,
          "provisioningState": "Succeeded",
          "metricId": "db1ab6f0-4769-4b27-930e-01e2ef9c123c:testnamespacemgmt3557",
          "createdAt": "2021-10-29T03:55:14.65Z",
          "updatedAt": "2021-10-29T03:56:26.017Z",
          "serviceBusEndpoint": "https://testnamespacemgmt3557.servicebus.windows.net:443/",
          "status": "Removing"
        }
      }
    },
    {
      "RequestUri": "https://management.azure.com/subscriptions/db1ab6f0-4769-4b27-930e-01e2ef9c123c/resourceGroups/testeventhubRG-4323/providers/Microsoft.EventHub/namespaces/testnamespacemgmt3557/operationresults/testnamespacemgmt3557?api-version=2021-06-01-preview",
      "RequestMethod": "GET",
      "RequestHeaders": {
        "Authorization": "Sanitized",
        "User-Agent": "azsdk-net-ResourceManager/1.0.0-beta.5 (.NET Framework 4.8.4300.0; Microsoft Windows 10.0.19043 )",
        "x-ms-client-request-id": "4010a865b385419a0e73df62df512535",
        "x-ms-return-client-request-id": "true"
      },
      "RequestBody": null,
      "StatusCode": 202,
      "ResponseHeaders": {
        "Cache-Control": "no-cache",
        "Content-Length": "768",
        "Content-Type": "application/json; charset=utf-8",
        "Date": "Fri, 29 Oct 2021 03:56:27 GMT",
        "Expires": "-1",
        "Location": "https://management.azure.com/subscriptions/db1ab6f0-4769-4b27-930e-01e2ef9c123c/resourceGroups/testeventhubRG-4323/providers/Microsoft.EventHub/namespaces/testnamespacemgmt3557/operationresults/testnamespacemgmt3557?api-version=2021-06-01-preview",
        "Pragma": "no-cache",
        "Retry-After": "54",
        "Server": [
          "Service-Bus-Resource-Provider/SN1",
          "Microsoft-HTTPAPI/2.0"
        ],
        "Server-SB": "Service-Bus-Resource-Provider/SN1",
        "Strict-Transport-Security": "max-age=31536000; includeSubDomains",
        "X-Content-Type-Options": "nosniff",
        "x-ms-client-request-id": "4010a865b385419a0e73df62df512535",
        "x-ms-correlation-request-id": "5834684b-16f3-43fa-ba4e-e3fac83f48c7",
        "x-ms-ratelimit-remaining-subscription-reads": "11705",
        "x-ms-request-id": "a5d354bd-79e7-47ff-9e5c-7ec50c29042c_M9SN1_M9SN1",
        "x-ms-routing-request-id": "SOUTHEASTASIA:20211029T035628Z:5834684b-16f3-43fa-ba4e-e3fac83f48c7"
      },
      "ResponseBody": {
        "sku": {
          "name": "Standard",
          "tier": "Standard",
          "capacity": 1
        },
        "id": "/subscriptions/db1ab6f0-4769-4b27-930e-01e2ef9c123c/resourceGroups/testeventhubRG-4323/providers/Microsoft.EventHub/namespaces/testnamespacemgmt3557",
        "name": "testnamespacemgmt3557",
        "type": "Microsoft.EventHub/Namespaces",
        "location": "East US 2",
        "tags": {
          "key1": "value1",
          "key2": "value2"
        },
        "properties": {
          "disableLocalAuth": false,
          "zoneRedundant": false,
          "isAutoInflateEnabled": false,
          "maximumThroughputUnits": 0,
          "kafkaEnabled": true,
          "provisioningState": "Succeeded",
          "metricId": "db1ab6f0-4769-4b27-930e-01e2ef9c123c:testnamespacemgmt3557",
          "createdAt": "2021-10-29T03:55:14.65Z",
          "updatedAt": "2021-10-29T03:56:26.017Z",
          "serviceBusEndpoint": "https://testnamespacemgmt3557.servicebus.windows.net:443/",
          "status": "Removing"
        }
      }
    },
    {
      "RequestUri": "https://management.azure.com/subscriptions/db1ab6f0-4769-4b27-930e-01e2ef9c123c/resourceGroups/testeventhubRG-4323/providers/Microsoft.EventHub/namespaces/testnamespacemgmt3557/operationresults/testnamespacemgmt3557?api-version=2021-06-01-preview",
      "RequestMethod": "GET",
      "RequestHeaders": {
        "Authorization": "Sanitized",
        "User-Agent": "azsdk-net-ResourceManager/1.0.0-beta.5 (.NET Framework 4.8.4300.0; Microsoft Windows 10.0.19043 )",
        "x-ms-client-request-id": "98153324a63c8b3c15ba75692bb5ff35",
        "x-ms-return-client-request-id": "true"
      },
      "RequestBody": null,
      "StatusCode": 202,
      "ResponseHeaders": {
        "Cache-Control": "no-cache",
        "Content-Length": "768",
        "Content-Type": "application/json; charset=utf-8",
        "Date": "Fri, 29 Oct 2021 03:56:29 GMT",
        "Expires": "-1",
        "Location": "https://management.azure.com/subscriptions/db1ab6f0-4769-4b27-930e-01e2ef9c123c/resourceGroups/testeventhubRG-4323/providers/Microsoft.EventHub/namespaces/testnamespacemgmt3557/operationresults/testnamespacemgmt3557?api-version=2021-06-01-preview",
        "Pragma": "no-cache",
        "Retry-After": "47",
        "Server": [
          "Service-Bus-Resource-Provider/SN1",
          "Microsoft-HTTPAPI/2.0"
        ],
        "Server-SB": "Service-Bus-Resource-Provider/SN1",
        "Strict-Transport-Security": "max-age=31536000; includeSubDomains",
        "X-Content-Type-Options": "nosniff",
        "x-ms-client-request-id": "98153324a63c8b3c15ba75692bb5ff35",
        "x-ms-correlation-request-id": "6061c495-bec7-452a-a80c-ecb9f9f3fbb0",
        "x-ms-ratelimit-remaining-subscription-reads": "11704",
        "x-ms-request-id": "984a8595-8c6d-4353-89ac-f3f1770117a2_M9SN1_M9SN1",
        "x-ms-routing-request-id": "SOUTHEASTASIA:20211029T035629Z:6061c495-bec7-452a-a80c-ecb9f9f3fbb0"
      },
      "ResponseBody": {
        "sku": {
          "name": "Standard",
          "tier": "Standard",
          "capacity": 1
        },
        "id": "/subscriptions/db1ab6f0-4769-4b27-930e-01e2ef9c123c/resourceGroups/testeventhubRG-4323/providers/Microsoft.EventHub/namespaces/testnamespacemgmt3557",
        "name": "testnamespacemgmt3557",
        "type": "Microsoft.EventHub/Namespaces",
        "location": "East US 2",
        "tags": {
          "key1": "value1",
          "key2": "value2"
        },
        "properties": {
          "disableLocalAuth": false,
          "zoneRedundant": false,
          "isAutoInflateEnabled": false,
          "maximumThroughputUnits": 0,
          "kafkaEnabled": true,
          "provisioningState": "Succeeded",
          "metricId": "db1ab6f0-4769-4b27-930e-01e2ef9c123c:testnamespacemgmt3557",
          "createdAt": "2021-10-29T03:55:14.65Z",
          "updatedAt": "2021-10-29T03:56:26.017Z",
          "serviceBusEndpoint": "https://testnamespacemgmt3557.servicebus.windows.net:443/",
          "status": "Removing"
        }
      }
    },
    {
      "RequestUri": "https://management.azure.com/subscriptions/db1ab6f0-4769-4b27-930e-01e2ef9c123c/resourceGroups/testeventhubRG-4323/providers/Microsoft.EventHub/namespaces/testnamespacemgmt3557/operationresults/testnamespacemgmt3557?api-version=2021-06-01-preview",
      "RequestMethod": "GET",
      "RequestHeaders": {
        "Authorization": "Sanitized",
        "User-Agent": "azsdk-net-ResourceManager/1.0.0-beta.5 (.NET Framework 4.8.4300.0; Microsoft Windows 10.0.19043 )",
        "x-ms-client-request-id": "4bd5ee7f7a467c5c75ce3f0c7a86b19a",
        "x-ms-return-client-request-id": "true"
      },
      "RequestBody": null,
      "StatusCode": 202,
      "ResponseHeaders": {
        "Cache-Control": "no-cache",
        "Content-Length": "768",
        "Content-Type": "application/json; charset=utf-8",
        "Date": "Fri, 29 Oct 2021 03:56:30 GMT",
        "Expires": "-1",
        "Location": "https://management.azure.com/subscriptions/db1ab6f0-4769-4b27-930e-01e2ef9c123c/resourceGroups/testeventhubRG-4323/providers/Microsoft.EventHub/namespaces/testnamespacemgmt3557/operationresults/testnamespacemgmt3557?api-version=2021-06-01-preview",
        "Pragma": "no-cache",
        "Retry-After": "42",
        "Server": [
          "Service-Bus-Resource-Provider/SN1",
          "Microsoft-HTTPAPI/2.0"
        ],
        "Server-SB": "Service-Bus-Resource-Provider/SN1",
        "Strict-Transport-Security": "max-age=31536000; includeSubDomains",
        "X-Content-Type-Options": "nosniff",
        "x-ms-client-request-id": "4bd5ee7f7a467c5c75ce3f0c7a86b19a",
        "x-ms-correlation-request-id": "804eafb3-42e0-4c78-97a4-ca68abe212ff",
        "x-ms-ratelimit-remaining-subscription-reads": "11703",
        "x-ms-request-id": "f5eb95c1-7eae-4835-91f2-69278612a0a4_M11SN1_M11SN1",
        "x-ms-routing-request-id": "SOUTHEASTASIA:20211029T035630Z:804eafb3-42e0-4c78-97a4-ca68abe212ff"
      },
      "ResponseBody": {
        "sku": {
          "name": "Standard",
          "tier": "Standard",
          "capacity": 1
        },
        "id": "/subscriptions/db1ab6f0-4769-4b27-930e-01e2ef9c123c/resourceGroups/testeventhubRG-4323/providers/Microsoft.EventHub/namespaces/testnamespacemgmt3557",
        "name": "testnamespacemgmt3557",
        "type": "Microsoft.EventHub/Namespaces",
        "location": "East US 2",
        "tags": {
          "key1": "value1",
          "key2": "value2"
        },
        "properties": {
          "disableLocalAuth": false,
          "zoneRedundant": false,
          "isAutoInflateEnabled": false,
          "maximumThroughputUnits": 0,
          "kafkaEnabled": true,
          "provisioningState": "Succeeded",
          "metricId": "db1ab6f0-4769-4b27-930e-01e2ef9c123c:testnamespacemgmt3557",
          "createdAt": "2021-10-29T03:55:14.65Z",
          "updatedAt": "2021-10-29T03:56:26.017Z",
          "serviceBusEndpoint": "https://testnamespacemgmt3557.servicebus.windows.net:443/",
          "status": "Removing"
        }
      }
    },
    {
      "RequestUri": "https://management.azure.com/subscriptions/db1ab6f0-4769-4b27-930e-01e2ef9c123c/resourceGroups/testeventhubRG-4323/providers/Microsoft.EventHub/namespaces/testnamespacemgmt3557/operationresults/testnamespacemgmt3557?api-version=2021-06-01-preview",
      "RequestMethod": "GET",
      "RequestHeaders": {
        "Authorization": "Sanitized",
        "User-Agent": "azsdk-net-ResourceManager/1.0.0-beta.5 (.NET Framework 4.8.4300.0; Microsoft Windows 10.0.19043 )",
        "x-ms-client-request-id": "7720aa2a1926bf226b852acb3d311559",
        "x-ms-return-client-request-id": "true"
      },
      "RequestBody": null,
      "StatusCode": 202,
      "ResponseHeaders": {
        "Cache-Control": "no-cache",
        "Content-Length": "768",
        "Content-Type": "application/json; charset=utf-8",
        "Date": "Fri, 29 Oct 2021 03:56:31 GMT",
        "Expires": "-1",
        "Location": "https://management.azure.com/subscriptions/db1ab6f0-4769-4b27-930e-01e2ef9c123c/resourceGroups/testeventhubRG-4323/providers/Microsoft.EventHub/namespaces/testnamespacemgmt3557/operationresults/testnamespacemgmt3557?api-version=2021-06-01-preview",
        "Pragma": "no-cache",
        "Retry-After": "30",
        "Server": [
          "Service-Bus-Resource-Provider/SN1",
          "Microsoft-HTTPAPI/2.0"
        ],
        "Server-SB": "Service-Bus-Resource-Provider/SN1",
        "Strict-Transport-Security": "max-age=31536000; includeSubDomains",
        "X-Content-Type-Options": "nosniff",
        "x-ms-client-request-id": "7720aa2a1926bf226b852acb3d311559",
        "x-ms-correlation-request-id": "533d5907-0570-426f-bd2a-3c3265ba6732",
        "x-ms-ratelimit-remaining-subscription-reads": "11702",
        "x-ms-request-id": "3352e710-5c2e-4288-85c2-85a200577394_M1SN1_M1SN1",
        "x-ms-routing-request-id": "SOUTHEASTASIA:20211029T035632Z:533d5907-0570-426f-bd2a-3c3265ba6732"
      },
      "ResponseBody": {
        "sku": {
          "name": "Standard",
          "tier": "Standard",
          "capacity": 1
        },
        "id": "/subscriptions/db1ab6f0-4769-4b27-930e-01e2ef9c123c/resourceGroups/testeventhubRG-4323/providers/Microsoft.EventHub/namespaces/testnamespacemgmt3557",
        "name": "testnamespacemgmt3557",
        "type": "Microsoft.EventHub/Namespaces",
        "location": "East US 2",
        "tags": {
          "key1": "value1",
          "key2": "value2"
        },
        "properties": {
          "disableLocalAuth": false,
          "zoneRedundant": false,
          "isAutoInflateEnabled": false,
          "maximumThroughputUnits": 0,
          "kafkaEnabled": true,
          "provisioningState": "Succeeded",
          "metricId": "db1ab6f0-4769-4b27-930e-01e2ef9c123c:testnamespacemgmt3557",
          "createdAt": "2021-10-29T03:55:14.65Z",
          "updatedAt": "2021-10-29T03:56:26.017Z",
          "serviceBusEndpoint": "https://testnamespacemgmt3557.servicebus.windows.net:443/",
          "status": "Removing"
        }
      }
    },
    {
      "RequestUri": "https://management.azure.com/subscriptions/db1ab6f0-4769-4b27-930e-01e2ef9c123c/resourceGroups/testeventhubRG-4323/providers/Microsoft.EventHub/namespaces/testnamespacemgmt3557/operationresults/testnamespacemgmt3557?api-version=2021-06-01-preview",
      "RequestMethod": "GET",
      "RequestHeaders": {
        "Authorization": "Sanitized",
        "User-Agent": "azsdk-net-ResourceManager/1.0.0-beta.5 (.NET Framework 4.8.4300.0; Microsoft Windows 10.0.19043 )",
        "x-ms-client-request-id": "f1e2a973da7baaeed698236e662f108e",
        "x-ms-return-client-request-id": "true"
      },
      "RequestBody": null,
      "StatusCode": 202,
      "ResponseHeaders": {
        "Cache-Control": "no-cache",
        "Content-Length": "768",
        "Content-Type": "application/json; charset=utf-8",
        "Date": "Fri, 29 Oct 2021 03:56:33 GMT",
        "Expires": "-1",
        "Location": "https://management.azure.com/subscriptions/db1ab6f0-4769-4b27-930e-01e2ef9c123c/resourceGroups/testeventhubRG-4323/providers/Microsoft.EventHub/namespaces/testnamespacemgmt3557/operationresults/testnamespacemgmt3557?api-version=2021-06-01-preview",
        "Pragma": "no-cache",
        "Retry-After": "55",
        "Server": [
          "Service-Bus-Resource-Provider/SN1",
          "Microsoft-HTTPAPI/2.0"
        ],
        "Server-SB": "Service-Bus-Resource-Provider/SN1",
        "Strict-Transport-Security": "max-age=31536000; includeSubDomains",
        "X-Content-Type-Options": "nosniff",
        "x-ms-client-request-id": "f1e2a973da7baaeed698236e662f108e",
        "x-ms-correlation-request-id": "cf425605-69c1-4ffc-949e-16a2b7fb9bff",
        "x-ms-ratelimit-remaining-subscription-reads": "11701",
        "x-ms-request-id": "3ecb5f2b-31a2-4c00-97a1-8cd2228d7f37_M9SN1_M9SN1",
        "x-ms-routing-request-id": "SOUTHEASTASIA:20211029T035633Z:cf425605-69c1-4ffc-949e-16a2b7fb9bff"
      },
      "ResponseBody": {
        "sku": {
          "name": "Standard",
          "tier": "Standard",
          "capacity": 1
        },
        "id": "/subscriptions/db1ab6f0-4769-4b27-930e-01e2ef9c123c/resourceGroups/testeventhubRG-4323/providers/Microsoft.EventHub/namespaces/testnamespacemgmt3557",
        "name": "testnamespacemgmt3557",
        "type": "Microsoft.EventHub/Namespaces",
        "location": "East US 2",
        "tags": {
          "key1": "value1",
          "key2": "value2"
        },
        "properties": {
          "disableLocalAuth": false,
          "zoneRedundant": false,
          "isAutoInflateEnabled": false,
          "maximumThroughputUnits": 0,
          "kafkaEnabled": true,
          "provisioningState": "Succeeded",
          "metricId": "db1ab6f0-4769-4b27-930e-01e2ef9c123c:testnamespacemgmt3557",
          "createdAt": "2021-10-29T03:55:14.65Z",
          "updatedAt": "2021-10-29T03:56:26.017Z",
          "serviceBusEndpoint": "https://testnamespacemgmt3557.servicebus.windows.net:443/",
          "status": "Removing"
        }
      }
    },
    {
      "RequestUri": "https://management.azure.com/subscriptions/db1ab6f0-4769-4b27-930e-01e2ef9c123c/resourceGroups/testeventhubRG-4323/providers/Microsoft.EventHub/namespaces/testnamespacemgmt3557/operationresults/testnamespacemgmt3557?api-version=2021-06-01-preview",
      "RequestMethod": "GET",
      "RequestHeaders": {
        "Authorization": "Sanitized",
        "User-Agent": "azsdk-net-ResourceManager/1.0.0-beta.5 (.NET Framework 4.8.4300.0; Microsoft Windows 10.0.19043 )",
        "x-ms-client-request-id": "813fda088894660fcb16dfc04f913e43",
        "x-ms-return-client-request-id": "true"
      },
      "RequestBody": null,
      "StatusCode": 202,
      "ResponseHeaders": {
        "Cache-Control": "no-cache",
        "Content-Length": "768",
        "Content-Type": "application/json; charset=utf-8",
        "Date": "Fri, 29 Oct 2021 03:56:34 GMT",
        "Expires": "-1",
        "Location": "https://management.azure.com/subscriptions/db1ab6f0-4769-4b27-930e-01e2ef9c123c/resourceGroups/testeventhubRG-4323/providers/Microsoft.EventHub/namespaces/testnamespacemgmt3557/operationresults/testnamespacemgmt3557?api-version=2021-06-01-preview",
        "Pragma": "no-cache",
        "Retry-After": "52",
        "Server": [
          "Service-Bus-Resource-Provider/SN1",
          "Microsoft-HTTPAPI/2.0"
        ],
        "Server-SB": "Service-Bus-Resource-Provider/SN1",
        "Strict-Transport-Security": "max-age=31536000; includeSubDomains",
        "X-Content-Type-Options": "nosniff",
        "x-ms-client-request-id": "813fda088894660fcb16dfc04f913e43",
        "x-ms-correlation-request-id": "b6266934-0bd2-4b5b-8221-e60f6d7974d0",
        "x-ms-ratelimit-remaining-subscription-reads": "11700",
        "x-ms-request-id": "ac8fb450-7d3f-4c78-a5ef-e9fd481e044d_M9SN1_M9SN1",
        "x-ms-routing-request-id": "SOUTHEASTASIA:20211029T035634Z:b6266934-0bd2-4b5b-8221-e60f6d7974d0"
      },
      "ResponseBody": {
        "sku": {
          "name": "Standard",
          "tier": "Standard",
          "capacity": 1
        },
        "id": "/subscriptions/db1ab6f0-4769-4b27-930e-01e2ef9c123c/resourceGroups/testeventhubRG-4323/providers/Microsoft.EventHub/namespaces/testnamespacemgmt3557",
        "name": "testnamespacemgmt3557",
        "type": "Microsoft.EventHub/Namespaces",
        "location": "East US 2",
        "tags": {
          "key1": "value1",
          "key2": "value2"
        },
        "properties": {
          "disableLocalAuth": false,
          "zoneRedundant": false,
          "isAutoInflateEnabled": false,
          "maximumThroughputUnits": 0,
          "kafkaEnabled": true,
          "provisioningState": "Succeeded",
          "metricId": "db1ab6f0-4769-4b27-930e-01e2ef9c123c:testnamespacemgmt3557",
          "createdAt": "2021-10-29T03:55:14.65Z",
          "updatedAt": "2021-10-29T03:56:26.017Z",
          "serviceBusEndpoint": "https://testnamespacemgmt3557.servicebus.windows.net:443/",
          "status": "Removing"
        }
      }
    },
    {
      "RequestUri": "https://management.azure.com/subscriptions/db1ab6f0-4769-4b27-930e-01e2ef9c123c/resourceGroups/testeventhubRG-4323/providers/Microsoft.EventHub/namespaces/testnamespacemgmt3557/operationresults/testnamespacemgmt3557?api-version=2021-06-01-preview",
      "RequestMethod": "GET",
      "RequestHeaders": {
        "Authorization": "Sanitized",
        "User-Agent": "azsdk-net-ResourceManager/1.0.0-beta.5 (.NET Framework 4.8.4300.0; Microsoft Windows 10.0.19043 )",
        "x-ms-client-request-id": "d099e6b8bfa3501ebb75a08df5b4583c",
        "x-ms-return-client-request-id": "true"
      },
      "RequestBody": null,
      "StatusCode": 202,
      "ResponseHeaders": {
        "Cache-Control": "no-cache",
        "Content-Length": "768",
        "Content-Type": "application/json; charset=utf-8",
        "Date": "Fri, 29 Oct 2021 03:56:35 GMT",
        "Expires": "-1",
        "Location": "https://management.azure.com/subscriptions/db1ab6f0-4769-4b27-930e-01e2ef9c123c/resourceGroups/testeventhubRG-4323/providers/Microsoft.EventHub/namespaces/testnamespacemgmt3557/operationresults/testnamespacemgmt3557?api-version=2021-06-01-preview",
        "Pragma": "no-cache",
        "Retry-After": "49",
        "Server": [
          "Service-Bus-Resource-Provider/SN1",
          "Microsoft-HTTPAPI/2.0"
        ],
        "Server-SB": "Service-Bus-Resource-Provider/SN1",
        "Strict-Transport-Security": "max-age=31536000; includeSubDomains",
        "X-Content-Type-Options": "nosniff",
        "x-ms-client-request-id": "d099e6b8bfa3501ebb75a08df5b4583c",
        "x-ms-correlation-request-id": "dc477c67-b52d-4f26-94e9-aa551a4ff5a4",
        "x-ms-ratelimit-remaining-subscription-reads": "11699",
        "x-ms-request-id": "9f099020-da7d-41f5-9189-326aeb749bae_M9SN1_M9SN1",
        "x-ms-routing-request-id": "SOUTHEASTASIA:20211029T035636Z:dc477c67-b52d-4f26-94e9-aa551a4ff5a4"
      },
      "ResponseBody": {
        "sku": {
          "name": "Standard",
          "tier": "Standard",
          "capacity": 1
        },
        "id": "/subscriptions/db1ab6f0-4769-4b27-930e-01e2ef9c123c/resourceGroups/testeventhubRG-4323/providers/Microsoft.EventHub/namespaces/testnamespacemgmt3557",
        "name": "testnamespacemgmt3557",
        "type": "Microsoft.EventHub/Namespaces",
        "location": "East US 2",
        "tags": {
          "key1": "value1",
          "key2": "value2"
        },
        "properties": {
          "disableLocalAuth": false,
          "zoneRedundant": false,
          "isAutoInflateEnabled": false,
          "maximumThroughputUnits": 0,
          "kafkaEnabled": true,
          "provisioningState": "Succeeded",
          "metricId": "db1ab6f0-4769-4b27-930e-01e2ef9c123c:testnamespacemgmt3557",
          "createdAt": "2021-10-29T03:55:14.65Z",
          "updatedAt": "2021-10-29T03:56:26.017Z",
          "serviceBusEndpoint": "https://testnamespacemgmt3557.servicebus.windows.net:443/",
          "status": "Removing"
        }
      }
    },
    {
      "RequestUri": "https://management.azure.com/subscriptions/db1ab6f0-4769-4b27-930e-01e2ef9c123c/resourceGroups/testeventhubRG-4323/providers/Microsoft.EventHub/namespaces/testnamespacemgmt3557/operationresults/testnamespacemgmt3557?api-version=2021-06-01-preview",
      "RequestMethod": "GET",
      "RequestHeaders": {
        "Authorization": "Sanitized",
        "User-Agent": "azsdk-net-ResourceManager/1.0.0-beta.5 (.NET Framework 4.8.4300.0; Microsoft Windows 10.0.19043 )",
        "x-ms-client-request-id": "62c29b7493f2ebc49a7c2665fa2e5a45",
        "x-ms-return-client-request-id": "true"
      },
      "RequestBody": null,
      "StatusCode": 202,
      "ResponseHeaders": {
        "Cache-Control": "no-cache",
        "Content-Length": "768",
        "Content-Type": "application/json; charset=utf-8",
        "Date": "Fri, 29 Oct 2021 03:56:37 GMT",
        "Expires": "-1",
        "Location": "https://management.azure.com/subscriptions/db1ab6f0-4769-4b27-930e-01e2ef9c123c/resourceGroups/testeventhubRG-4323/providers/Microsoft.EventHub/namespaces/testnamespacemgmt3557/operationresults/testnamespacemgmt3557?api-version=2021-06-01-preview",
        "Pragma": "no-cache",
        "Retry-After": "34",
        "Server": [
          "Service-Bus-Resource-Provider/SN1",
          "Microsoft-HTTPAPI/2.0"
        ],
        "Server-SB": "Service-Bus-Resource-Provider/SN1",
        "Strict-Transport-Security": "max-age=31536000; includeSubDomains",
        "X-Content-Type-Options": "nosniff",
        "x-ms-client-request-id": "62c29b7493f2ebc49a7c2665fa2e5a45",
        "x-ms-correlation-request-id": "19d9e447-6ff9-4600-8477-3d42e8670a5e",
        "x-ms-ratelimit-remaining-subscription-reads": "11698",
        "x-ms-request-id": "b9ff65bf-0a29-4dbb-b05a-67b30377a7ea_M9SN1_M9SN1",
        "x-ms-routing-request-id": "SOUTHEASTASIA:20211029T035637Z:19d9e447-6ff9-4600-8477-3d42e8670a5e"
      },
      "ResponseBody": {
        "sku": {
          "name": "Standard",
          "tier": "Standard",
          "capacity": 1
        },
        "id": "/subscriptions/db1ab6f0-4769-4b27-930e-01e2ef9c123c/resourceGroups/testeventhubRG-4323/providers/Microsoft.EventHub/namespaces/testnamespacemgmt3557",
        "name": "testnamespacemgmt3557",
        "type": "Microsoft.EventHub/Namespaces",
        "location": "East US 2",
        "tags": {
          "key1": "value1",
          "key2": "value2"
        },
        "properties": {
          "disableLocalAuth": false,
          "zoneRedundant": false,
          "isAutoInflateEnabled": false,
          "maximumThroughputUnits": 0,
          "kafkaEnabled": true,
          "provisioningState": "Succeeded",
          "metricId": "db1ab6f0-4769-4b27-930e-01e2ef9c123c:testnamespacemgmt3557",
          "createdAt": "2021-10-29T03:55:14.65Z",
          "updatedAt": "2021-10-29T03:56:26.017Z",
          "serviceBusEndpoint": "https://testnamespacemgmt3557.servicebus.windows.net:443/",
          "status": "Removing"
        }
      }
    },
    {
      "RequestUri": "https://management.azure.com/subscriptions/db1ab6f0-4769-4b27-930e-01e2ef9c123c/resourceGroups/testeventhubRG-4323/providers/Microsoft.EventHub/namespaces/testnamespacemgmt3557/operationresults/testnamespacemgmt3557?api-version=2021-06-01-preview",
      "RequestMethod": "GET",
      "RequestHeaders": {
        "Authorization": "Sanitized",
        "User-Agent": "azsdk-net-ResourceManager/1.0.0-beta.5 (.NET Framework 4.8.4300.0; Microsoft Windows 10.0.19043 )",
        "x-ms-client-request-id": "7fb5df59409649ebbbeec61fe7817016",
        "x-ms-return-client-request-id": "true"
      },
      "RequestBody": null,
      "StatusCode": 202,
      "ResponseHeaders": {
        "Cache-Control": "no-cache",
        "Content-Length": "768",
        "Content-Type": "application/json; charset=utf-8",
        "Date": "Fri, 29 Oct 2021 03:56:38 GMT",
        "Expires": "-1",
        "Location": "https://management.azure.com/subscriptions/db1ab6f0-4769-4b27-930e-01e2ef9c123c/resourceGroups/testeventhubRG-4323/providers/Microsoft.EventHub/namespaces/testnamespacemgmt3557/operationresults/testnamespacemgmt3557?api-version=2021-06-01-preview",
        "Pragma": "no-cache",
        "Retry-After": "58",
        "Server": [
          "Service-Bus-Resource-Provider/SN1",
          "Microsoft-HTTPAPI/2.0"
        ],
        "Server-SB": "Service-Bus-Resource-Provider/SN1",
        "Strict-Transport-Security": "max-age=31536000; includeSubDomains",
        "X-Content-Type-Options": "nosniff",
        "x-ms-client-request-id": "7fb5df59409649ebbbeec61fe7817016",
        "x-ms-correlation-request-id": "bb1e1c0f-445c-4ff0-ac88-8074b2ed1693",
        "x-ms-ratelimit-remaining-subscription-reads": "11697",
        "x-ms-request-id": "d456ed1d-e4de-4ab7-a040-5f3ced7f2cb7_M9SN1_M9SN1",
        "x-ms-routing-request-id": "SOUTHEASTASIA:20211029T035638Z:bb1e1c0f-445c-4ff0-ac88-8074b2ed1693"
      },
      "ResponseBody": {
        "sku": {
          "name": "Standard",
          "tier": "Standard",
          "capacity": 1
        },
        "id": "/subscriptions/db1ab6f0-4769-4b27-930e-01e2ef9c123c/resourceGroups/testeventhubRG-4323/providers/Microsoft.EventHub/namespaces/testnamespacemgmt3557",
        "name": "testnamespacemgmt3557",
        "type": "Microsoft.EventHub/Namespaces",
        "location": "East US 2",
        "tags": {
          "key1": "value1",
          "key2": "value2"
        },
        "properties": {
          "disableLocalAuth": false,
          "zoneRedundant": false,
          "isAutoInflateEnabled": false,
          "maximumThroughputUnits": 0,
          "kafkaEnabled": true,
          "provisioningState": "Succeeded",
          "metricId": "db1ab6f0-4769-4b27-930e-01e2ef9c123c:testnamespacemgmt3557",
          "createdAt": "2021-10-29T03:55:14.65Z",
          "updatedAt": "2021-10-29T03:56:26.017Z",
          "serviceBusEndpoint": "https://testnamespacemgmt3557.servicebus.windows.net:443/",
          "status": "Removing"
        }
      }
    },
    {
      "RequestUri": "https://management.azure.com/subscriptions/db1ab6f0-4769-4b27-930e-01e2ef9c123c/resourceGroups/testeventhubRG-4323/providers/Microsoft.EventHub/namespaces/testnamespacemgmt3557/operationresults/testnamespacemgmt3557?api-version=2021-06-01-preview",
      "RequestMethod": "GET",
      "RequestHeaders": {
        "Authorization": "Sanitized",
        "User-Agent": "azsdk-net-ResourceManager/1.0.0-beta.5 (.NET Framework 4.8.4300.0; Microsoft Windows 10.0.19043 )",
        "x-ms-client-request-id": "b44ba2bddcce245022ad362698b9558d",
        "x-ms-return-client-request-id": "true"
      },
      "RequestBody": null,
      "StatusCode": 202,
      "ResponseHeaders": {
        "Cache-Control": "no-cache",
        "Content-Length": "768",
        "Content-Type": "application/json; charset=utf-8",
        "Date": "Fri, 29 Oct 2021 03:56:39 GMT",
        "Expires": "-1",
        "Location": "https://management.azure.com/subscriptions/db1ab6f0-4769-4b27-930e-01e2ef9c123c/resourceGroups/testeventhubRG-4323/providers/Microsoft.EventHub/namespaces/testnamespacemgmt3557/operationresults/testnamespacemgmt3557?api-version=2021-06-01-preview",
        "Pragma": "no-cache",
        "Retry-After": "44",
        "Server": [
          "Service-Bus-Resource-Provider/SN1",
          "Microsoft-HTTPAPI/2.0"
        ],
        "Server-SB": "Service-Bus-Resource-Provider/SN1",
        "Strict-Transport-Security": "max-age=31536000; includeSubDomains",
        "X-Content-Type-Options": "nosniff",
        "x-ms-client-request-id": "b44ba2bddcce245022ad362698b9558d",
        "x-ms-correlation-request-id": "684b0635-96f5-4c03-8f0d-47d2efedeb00",
        "x-ms-ratelimit-remaining-subscription-reads": "11696",
        "x-ms-request-id": "f2667707-06e9-4552-9bd0-393db85c6041_M1SN1_M1SN1",
        "x-ms-routing-request-id": "SOUTHEASTASIA:20211029T035640Z:684b0635-96f5-4c03-8f0d-47d2efedeb00"
      },
      "ResponseBody": {
        "sku": {
          "name": "Standard",
          "tier": "Standard",
          "capacity": 1
        },
        "id": "/subscriptions/db1ab6f0-4769-4b27-930e-01e2ef9c123c/resourceGroups/testeventhubRG-4323/providers/Microsoft.EventHub/namespaces/testnamespacemgmt3557",
        "name": "testnamespacemgmt3557",
        "type": "Microsoft.EventHub/Namespaces",
        "location": "East US 2",
        "tags": {
          "key1": "value1",
          "key2": "value2"
        },
        "properties": {
          "disableLocalAuth": false,
          "zoneRedundant": false,
          "isAutoInflateEnabled": false,
          "maximumThroughputUnits": 0,
          "kafkaEnabled": true,
          "provisioningState": "Succeeded",
          "metricId": "db1ab6f0-4769-4b27-930e-01e2ef9c123c:testnamespacemgmt3557",
          "createdAt": "2021-10-29T03:55:14.65Z",
          "updatedAt": "2021-10-29T03:56:26.017Z",
          "serviceBusEndpoint": "https://testnamespacemgmt3557.servicebus.windows.net:443/",
          "status": "Removing"
        }
      }
    },
    {
      "RequestUri": "https://management.azure.com/subscriptions/db1ab6f0-4769-4b27-930e-01e2ef9c123c/resourceGroups/testeventhubRG-4323/providers/Microsoft.EventHub/namespaces/testnamespacemgmt3557/operationresults/testnamespacemgmt3557?api-version=2021-06-01-preview",
      "RequestMethod": "GET",
      "RequestHeaders": {
        "Authorization": "Sanitized",
        "User-Agent": "azsdk-net-ResourceManager/1.0.0-beta.5 (.NET Framework 4.8.4300.0; Microsoft Windows 10.0.19043 )",
        "x-ms-client-request-id": "15335b1bd8ff34a6b079a603cda40418",
        "x-ms-return-client-request-id": "true"
      },
      "RequestBody": null,
      "StatusCode": 202,
      "ResponseHeaders": {
        "Cache-Control": "no-cache",
        "Content-Length": "768",
        "Content-Type": "application/json; charset=utf-8",
        "Date": "Fri, 29 Oct 2021 03:56:41 GMT",
        "Expires": "-1",
        "Location": "https://management.azure.com/subscriptions/db1ab6f0-4769-4b27-930e-01e2ef9c123c/resourceGroups/testeventhubRG-4323/providers/Microsoft.EventHub/namespaces/testnamespacemgmt3557/operationresults/testnamespacemgmt3557?api-version=2021-06-01-preview",
        "Pragma": "no-cache",
        "Retry-After": "31",
        "Server": [
          "Service-Bus-Resource-Provider/SN1",
          "Microsoft-HTTPAPI/2.0"
        ],
        "Server-SB": "Service-Bus-Resource-Provider/SN1",
        "Strict-Transport-Security": "max-age=31536000; includeSubDomains",
        "X-Content-Type-Options": "nosniff",
        "x-ms-client-request-id": "15335b1bd8ff34a6b079a603cda40418",
        "x-ms-correlation-request-id": "3bb3f7bd-15ce-455f-9ab6-34917cf1deaa",
        "x-ms-ratelimit-remaining-subscription-reads": "11695",
        "x-ms-request-id": "87149a3f-f50f-4f28-8c54-40f7fd8b1d05_M9SN1_M9SN1",
        "x-ms-routing-request-id": "SOUTHEASTASIA:20211029T035641Z:3bb3f7bd-15ce-455f-9ab6-34917cf1deaa"
      },
      "ResponseBody": {
        "sku": {
          "name": "Standard",
          "tier": "Standard",
          "capacity": 1
        },
        "id": "/subscriptions/db1ab6f0-4769-4b27-930e-01e2ef9c123c/resourceGroups/testeventhubRG-4323/providers/Microsoft.EventHub/namespaces/testnamespacemgmt3557",
        "name": "testnamespacemgmt3557",
        "type": "Microsoft.EventHub/Namespaces",
        "location": "East US 2",
        "tags": {
          "key1": "value1",
          "key2": "value2"
        },
        "properties": {
          "disableLocalAuth": false,
          "zoneRedundant": false,
          "isAutoInflateEnabled": false,
          "maximumThroughputUnits": 0,
          "kafkaEnabled": true,
          "provisioningState": "Succeeded",
          "metricId": "db1ab6f0-4769-4b27-930e-01e2ef9c123c:testnamespacemgmt3557",
          "createdAt": "2021-10-29T03:55:14.65Z",
          "updatedAt": "2021-10-29T03:56:26.017Z",
          "serviceBusEndpoint": "https://testnamespacemgmt3557.servicebus.windows.net:443/",
          "status": "Removing"
        }
      }
    },
    {
      "RequestUri": "https://management.azure.com/subscriptions/db1ab6f0-4769-4b27-930e-01e2ef9c123c/resourceGroups/testeventhubRG-4323/providers/Microsoft.EventHub/namespaces/testnamespacemgmt3557/operationresults/testnamespacemgmt3557?api-version=2021-06-01-preview",
      "RequestMethod": "GET",
      "RequestHeaders": {
        "Authorization": "Sanitized",
        "User-Agent": "azsdk-net-ResourceManager/1.0.0-beta.5 (.NET Framework 4.8.4300.0; Microsoft Windows 10.0.19043 )",
        "x-ms-client-request-id": "57a7100ca6e27d768f905de809c4b002",
        "x-ms-return-client-request-id": "true"
      },
      "RequestBody": null,
      "StatusCode": 202,
      "ResponseHeaders": {
        "Cache-Control": "no-cache",
        "Content-Length": "768",
        "Content-Type": "application/json; charset=utf-8",
        "Date": "Fri, 29 Oct 2021 03:56:42 GMT",
        "Expires": "-1",
        "Location": "https://management.azure.com/subscriptions/db1ab6f0-4769-4b27-930e-01e2ef9c123c/resourceGroups/testeventhubRG-4323/providers/Microsoft.EventHub/namespaces/testnamespacemgmt3557/operationresults/testnamespacemgmt3557?api-version=2021-06-01-preview",
        "Pragma": "no-cache",
        "Retry-After": "42",
        "Server": [
          "Service-Bus-Resource-Provider/SN1",
          "Microsoft-HTTPAPI/2.0"
        ],
        "Server-SB": "Service-Bus-Resource-Provider/SN1",
        "Strict-Transport-Security": "max-age=31536000; includeSubDomains",
        "X-Content-Type-Options": "nosniff",
        "x-ms-client-request-id": "57a7100ca6e27d768f905de809c4b002",
        "x-ms-correlation-request-id": "1931e6f0-b0d4-4757-a666-5f27d3de51bc",
        "x-ms-ratelimit-remaining-subscription-reads": "11694",
        "x-ms-request-id": "ca75d3fc-7705-4862-987c-2ff001714ac4_M9SN1_M9SN1",
        "x-ms-routing-request-id": "SOUTHEASTASIA:20211029T035642Z:1931e6f0-b0d4-4757-a666-5f27d3de51bc"
      },
      "ResponseBody": {
        "sku": {
          "name": "Standard",
          "tier": "Standard",
          "capacity": 1
        },
        "id": "/subscriptions/db1ab6f0-4769-4b27-930e-01e2ef9c123c/resourceGroups/testeventhubRG-4323/providers/Microsoft.EventHub/namespaces/testnamespacemgmt3557",
        "name": "testnamespacemgmt3557",
        "type": "Microsoft.EventHub/Namespaces",
        "location": "East US 2",
        "tags": {
          "key1": "value1",
          "key2": "value2"
        },
        "properties": {
          "disableLocalAuth": false,
          "zoneRedundant": false,
          "isAutoInflateEnabled": false,
          "maximumThroughputUnits": 0,
          "kafkaEnabled": true,
          "provisioningState": "Succeeded",
          "metricId": "db1ab6f0-4769-4b27-930e-01e2ef9c123c:testnamespacemgmt3557",
          "createdAt": "2021-10-29T03:55:14.65Z",
          "updatedAt": "2021-10-29T03:56:26.017Z",
          "serviceBusEndpoint": "https://testnamespacemgmt3557.servicebus.windows.net:443/",
          "status": "Removing"
        }
      }
    },
    {
      "RequestUri": "https://management.azure.com/subscriptions/db1ab6f0-4769-4b27-930e-01e2ef9c123c/resourceGroups/testeventhubRG-4323/providers/Microsoft.EventHub/namespaces/testnamespacemgmt3557/operationresults/testnamespacemgmt3557?api-version=2021-06-01-preview",
      "RequestMethod": "GET",
      "RequestHeaders": {
        "Authorization": "Sanitized",
        "User-Agent": "azsdk-net-ResourceManager/1.0.0-beta.5 (.NET Framework 4.8.4300.0; Microsoft Windows 10.0.19043 )",
        "x-ms-client-request-id": "8b0439995b4de517fc170355354d577d",
        "x-ms-return-client-request-id": "true"
      },
      "RequestBody": null,
      "StatusCode": 202,
      "ResponseHeaders": {
        "Cache-Control": "no-cache",
        "Content-Length": "768",
        "Content-Type": "application/json; charset=utf-8",
        "Date": "Fri, 29 Oct 2021 03:56:43 GMT",
        "Expires": "-1",
        "Location": "https://management.azure.com/subscriptions/db1ab6f0-4769-4b27-930e-01e2ef9c123c/resourceGroups/testeventhubRG-4323/providers/Microsoft.EventHub/namespaces/testnamespacemgmt3557/operationresults/testnamespacemgmt3557?api-version=2021-06-01-preview",
        "Pragma": "no-cache",
        "Retry-After": "56",
        "Server": [
          "Service-Bus-Resource-Provider/SN1",
          "Microsoft-HTTPAPI/2.0"
        ],
        "Server-SB": "Service-Bus-Resource-Provider/SN1",
        "Strict-Transport-Security": "max-age=31536000; includeSubDomains",
        "X-Content-Type-Options": "nosniff",
        "x-ms-client-request-id": "8b0439995b4de517fc170355354d577d",
        "x-ms-correlation-request-id": "fb11f55a-9fbe-4532-ab5b-af5860c273fc",
        "x-ms-ratelimit-remaining-subscription-reads": "11693",
        "x-ms-request-id": "9499c0ca-9cd8-4a28-a260-6d51da0555a0_M9SN1_M9SN1",
        "x-ms-routing-request-id": "SOUTHEASTASIA:20211029T035644Z:fb11f55a-9fbe-4532-ab5b-af5860c273fc"
      },
      "ResponseBody": {
        "sku": {
          "name": "Standard",
          "tier": "Standard",
          "capacity": 1
        },
        "id": "/subscriptions/db1ab6f0-4769-4b27-930e-01e2ef9c123c/resourceGroups/testeventhubRG-4323/providers/Microsoft.EventHub/namespaces/testnamespacemgmt3557",
        "name": "testnamespacemgmt3557",
        "type": "Microsoft.EventHub/Namespaces",
        "location": "East US 2",
        "tags": {
          "key1": "value1",
          "key2": "value2"
        },
        "properties": {
          "disableLocalAuth": false,
          "zoneRedundant": false,
          "isAutoInflateEnabled": false,
          "maximumThroughputUnits": 0,
          "kafkaEnabled": true,
          "provisioningState": "Succeeded",
          "metricId": "db1ab6f0-4769-4b27-930e-01e2ef9c123c:testnamespacemgmt3557",
          "createdAt": "2021-10-29T03:55:14.65Z",
          "updatedAt": "2021-10-29T03:56:26.017Z",
          "serviceBusEndpoint": "https://testnamespacemgmt3557.servicebus.windows.net:443/",
          "status": "Removing"
        }
      }
    },
    {
      "RequestUri": "https://management.azure.com/subscriptions/db1ab6f0-4769-4b27-930e-01e2ef9c123c/resourceGroups/testeventhubRG-4323/providers/Microsoft.EventHub/namespaces/testnamespacemgmt3557/operationresults/testnamespacemgmt3557?api-version=2021-06-01-preview",
      "RequestMethod": "GET",
      "RequestHeaders": {
        "Authorization": "Sanitized",
        "User-Agent": "azsdk-net-ResourceManager/1.0.0-beta.5 (.NET Framework 4.8.4300.0; Microsoft Windows 10.0.19043 )",
        "x-ms-client-request-id": "881a1ea8fd1174aae4b6866e7bbe2bec",
        "x-ms-return-client-request-id": "true"
      },
      "RequestBody": null,
      "StatusCode": 202,
      "ResponseHeaders": {
        "Cache-Control": "no-cache",
        "Content-Length": "768",
        "Content-Type": "application/json; charset=utf-8",
        "Date": "Fri, 29 Oct 2021 03:56:45 GMT",
        "Expires": "-1",
        "Location": "https://management.azure.com/subscriptions/db1ab6f0-4769-4b27-930e-01e2ef9c123c/resourceGroups/testeventhubRG-4323/providers/Microsoft.EventHub/namespaces/testnamespacemgmt3557/operationresults/testnamespacemgmt3557?api-version=2021-06-01-preview",
        "Pragma": "no-cache",
        "Retry-After": "56",
        "Server": [
          "Service-Bus-Resource-Provider/SN1",
          "Microsoft-HTTPAPI/2.0"
        ],
        "Server-SB": "Service-Bus-Resource-Provider/SN1",
        "Strict-Transport-Security": "max-age=31536000; includeSubDomains",
        "X-Content-Type-Options": "nosniff",
        "x-ms-client-request-id": "881a1ea8fd1174aae4b6866e7bbe2bec",
        "x-ms-correlation-request-id": "b3924d5d-27da-46bd-bb09-c9ef9a5c2983",
        "x-ms-ratelimit-remaining-subscription-reads": "11692",
        "x-ms-request-id": "116ad126-7ea4-40a3-8227-0f03b0496dad_M9SN1_M9SN1",
        "x-ms-routing-request-id": "SOUTHEASTASIA:20211029T035645Z:b3924d5d-27da-46bd-bb09-c9ef9a5c2983"
      },
      "ResponseBody": {
        "sku": {
          "name": "Standard",
          "tier": "Standard",
          "capacity": 1
        },
        "id": "/subscriptions/db1ab6f0-4769-4b27-930e-01e2ef9c123c/resourceGroups/testeventhubRG-4323/providers/Microsoft.EventHub/namespaces/testnamespacemgmt3557",
        "name": "testnamespacemgmt3557",
        "type": "Microsoft.EventHub/Namespaces",
        "location": "East US 2",
        "tags": {
          "key1": "value1",
          "key2": "value2"
        },
        "properties": {
          "disableLocalAuth": false,
          "zoneRedundant": false,
          "isAutoInflateEnabled": false,
          "maximumThroughputUnits": 0,
          "kafkaEnabled": true,
          "provisioningState": "Succeeded",
          "metricId": "db1ab6f0-4769-4b27-930e-01e2ef9c123c:testnamespacemgmt3557",
          "createdAt": "2021-10-29T03:55:14.65Z",
          "updatedAt": "2021-10-29T03:56:26.017Z",
          "serviceBusEndpoint": "https://testnamespacemgmt3557.servicebus.windows.net:443/",
          "status": "Removing"
        }
      }
    },
    {
      "RequestUri": "https://management.azure.com/subscriptions/db1ab6f0-4769-4b27-930e-01e2ef9c123c/resourceGroups/testeventhubRG-4323/providers/Microsoft.EventHub/namespaces/testnamespacemgmt3557/operationresults/testnamespacemgmt3557?api-version=2021-06-01-preview",
      "RequestMethod": "GET",
      "RequestHeaders": {
        "Authorization": "Sanitized",
        "User-Agent": "azsdk-net-ResourceManager/1.0.0-beta.5 (.NET Framework 4.8.4300.0; Microsoft Windows 10.0.19043 )",
        "x-ms-client-request-id": "936aa4c878a0b1caf9c25bcba2214741",
        "x-ms-return-client-request-id": "true"
      },
      "RequestBody": null,
      "StatusCode": 202,
      "ResponseHeaders": {
        "Cache-Control": "no-cache",
        "Content-Length": "768",
        "Content-Type": "application/json; charset=utf-8",
        "Date": "Fri, 29 Oct 2021 03:56:46 GMT",
        "Expires": "-1",
        "Location": "https://management.azure.com/subscriptions/db1ab6f0-4769-4b27-930e-01e2ef9c123c/resourceGroups/testeventhubRG-4323/providers/Microsoft.EventHub/namespaces/testnamespacemgmt3557/operationresults/testnamespacemgmt3557?api-version=2021-06-01-preview",
        "Pragma": "no-cache",
        "Retry-After": "36",
        "Server": [
          "Service-Bus-Resource-Provider/SN1",
          "Microsoft-HTTPAPI/2.0"
        ],
        "Server-SB": "Service-Bus-Resource-Provider/SN1",
        "Strict-Transport-Security": "max-age=31536000; includeSubDomains",
        "X-Content-Type-Options": "nosniff",
        "x-ms-client-request-id": "936aa4c878a0b1caf9c25bcba2214741",
        "x-ms-correlation-request-id": "a22d60cc-bae5-4f6d-b278-4e63e8658ee7",
        "x-ms-ratelimit-remaining-subscription-reads": "11691",
        "x-ms-request-id": "64633a56-d193-4073-989b-e328d5655a8f_M1SN1_M1SN1",
        "x-ms-routing-request-id": "SOUTHEASTASIA:20211029T035646Z:a22d60cc-bae5-4f6d-b278-4e63e8658ee7"
      },
      "ResponseBody": {
        "sku": {
          "name": "Standard",
          "tier": "Standard",
          "capacity": 1
        },
        "id": "/subscriptions/db1ab6f0-4769-4b27-930e-01e2ef9c123c/resourceGroups/testeventhubRG-4323/providers/Microsoft.EventHub/namespaces/testnamespacemgmt3557",
        "name": "testnamespacemgmt3557",
        "type": "Microsoft.EventHub/Namespaces",
        "location": "East US 2",
        "tags": {
          "key1": "value1",
          "key2": "value2"
        },
        "properties": {
          "disableLocalAuth": false,
          "zoneRedundant": false,
          "isAutoInflateEnabled": false,
          "maximumThroughputUnits": 0,
          "kafkaEnabled": true,
          "provisioningState": "Succeeded",
          "metricId": "db1ab6f0-4769-4b27-930e-01e2ef9c123c:testnamespacemgmt3557",
          "createdAt": "2021-10-29T03:55:14.65Z",
          "updatedAt": "2021-10-29T03:56:26.017Z",
          "serviceBusEndpoint": "https://testnamespacemgmt3557.servicebus.windows.net:443/",
          "status": "Removing"
        }
      }
    },
    {
      "RequestUri": "https://management.azure.com/subscriptions/db1ab6f0-4769-4b27-930e-01e2ef9c123c/resourceGroups/testeventhubRG-4323/providers/Microsoft.EventHub/namespaces/testnamespacemgmt3557/operationresults/testnamespacemgmt3557?api-version=2021-06-01-preview",
      "RequestMethod": "GET",
      "RequestHeaders": {
        "Authorization": "Sanitized",
        "User-Agent": "azsdk-net-ResourceManager/1.0.0-beta.5 (.NET Framework 4.8.4300.0; Microsoft Windows 10.0.19043 )",
        "x-ms-client-request-id": "ea3fe03927a99bf08e8fa797d4a86a3e",
        "x-ms-return-client-request-id": "true"
      },
      "RequestBody": null,
      "StatusCode": 202,
      "ResponseHeaders": {
        "Cache-Control": "no-cache",
        "Content-Length": "768",
        "Content-Type": "application/json; charset=utf-8",
        "Date": "Fri, 29 Oct 2021 03:56:47 GMT",
        "Expires": "-1",
        "Location": "https://management.azure.com/subscriptions/db1ab6f0-4769-4b27-930e-01e2ef9c123c/resourceGroups/testeventhubRG-4323/providers/Microsoft.EventHub/namespaces/testnamespacemgmt3557/operationresults/testnamespacemgmt3557?api-version=2021-06-01-preview",
        "Pragma": "no-cache",
        "Retry-After": "55",
        "Server": [
          "Service-Bus-Resource-Provider/SN1",
          "Microsoft-HTTPAPI/2.0"
        ],
        "Server-SB": "Service-Bus-Resource-Provider/SN1",
        "Strict-Transport-Security": "max-age=31536000; includeSubDomains",
        "X-Content-Type-Options": "nosniff",
        "x-ms-client-request-id": "ea3fe03927a99bf08e8fa797d4a86a3e",
        "x-ms-correlation-request-id": "7c0d7888-5192-476b-a1b2-512a8b67c381",
        "x-ms-ratelimit-remaining-subscription-reads": "11690",
        "x-ms-request-id": "b4913c6b-a3e8-444c-a18c-0d58f20a8cac_M9SN1_M9SN1",
        "x-ms-routing-request-id": "SOUTHEASTASIA:20211029T035648Z:7c0d7888-5192-476b-a1b2-512a8b67c381"
      },
      "ResponseBody": {
        "sku": {
          "name": "Standard",
          "tier": "Standard",
          "capacity": 1
        },
        "id": "/subscriptions/db1ab6f0-4769-4b27-930e-01e2ef9c123c/resourceGroups/testeventhubRG-4323/providers/Microsoft.EventHub/namespaces/testnamespacemgmt3557",
        "name": "testnamespacemgmt3557",
        "type": "Microsoft.EventHub/Namespaces",
        "location": "East US 2",
        "tags": {
          "key1": "value1",
          "key2": "value2"
        },
        "properties": {
          "disableLocalAuth": false,
          "zoneRedundant": false,
          "isAutoInflateEnabled": false,
          "maximumThroughputUnits": 0,
          "kafkaEnabled": true,
          "provisioningState": "Succeeded",
          "metricId": "db1ab6f0-4769-4b27-930e-01e2ef9c123c:testnamespacemgmt3557",
          "createdAt": "2021-10-29T03:55:14.65Z",
          "updatedAt": "2021-10-29T03:56:26.017Z",
          "serviceBusEndpoint": "https://testnamespacemgmt3557.servicebus.windows.net:443/",
          "status": "Removing"
        }
      }
    },
    {
      "RequestUri": "https://management.azure.com/subscriptions/db1ab6f0-4769-4b27-930e-01e2ef9c123c/resourceGroups/testeventhubRG-4323/providers/Microsoft.EventHub/namespaces/testnamespacemgmt3557/operationresults/testnamespacemgmt3557?api-version=2021-06-01-preview",
      "RequestMethod": "GET",
      "RequestHeaders": {
        "Authorization": "Sanitized",
        "User-Agent": "azsdk-net-ResourceManager/1.0.0-beta.5 (.NET Framework 4.8.4300.0; Microsoft Windows 10.0.19043 )",
        "x-ms-client-request-id": "918d17ebc3e230dc54698f4fa2dfd2c3",
        "x-ms-return-client-request-id": "true"
      },
      "RequestBody": null,
      "StatusCode": 202,
      "ResponseHeaders": {
        "Cache-Control": "no-cache",
        "Content-Length": "768",
        "Content-Type": "application/json; charset=utf-8",
        "Date": "Fri, 29 Oct 2021 03:56:49 GMT",
        "Expires": "-1",
        "Location": "https://management.azure.com/subscriptions/db1ab6f0-4769-4b27-930e-01e2ef9c123c/resourceGroups/testeventhubRG-4323/providers/Microsoft.EventHub/namespaces/testnamespacemgmt3557/operationresults/testnamespacemgmt3557?api-version=2021-06-01-preview",
        "Pragma": "no-cache",
        "Retry-After": "33",
        "Server": [
          "Service-Bus-Resource-Provider/SN1",
          "Microsoft-HTTPAPI/2.0"
        ],
        "Server-SB": "Service-Bus-Resource-Provider/SN1",
        "Strict-Transport-Security": "max-age=31536000; includeSubDomains",
        "X-Content-Type-Options": "nosniff",
        "x-ms-client-request-id": "918d17ebc3e230dc54698f4fa2dfd2c3",
        "x-ms-correlation-request-id": "44dc4de9-c70b-482e-9a5c-16c08426b8cd",
        "x-ms-ratelimit-remaining-subscription-reads": "11689",
        "x-ms-request-id": "32b6d6ca-76bc-40c9-9c08-f49c0bea014d_M9SN1_M9SN1",
        "x-ms-routing-request-id": "SOUTHEASTASIA:20211029T035649Z:44dc4de9-c70b-482e-9a5c-16c08426b8cd"
      },
      "ResponseBody": {
        "sku": {
          "name": "Standard",
          "tier": "Standard",
          "capacity": 1
        },
        "id": "/subscriptions/db1ab6f0-4769-4b27-930e-01e2ef9c123c/resourceGroups/testeventhubRG-4323/providers/Microsoft.EventHub/namespaces/testnamespacemgmt3557",
        "name": "testnamespacemgmt3557",
        "type": "Microsoft.EventHub/Namespaces",
        "location": "East US 2",
        "tags": {
          "key1": "value1",
          "key2": "value2"
        },
        "properties": {
          "disableLocalAuth": false,
          "zoneRedundant": false,
          "isAutoInflateEnabled": false,
          "maximumThroughputUnits": 0,
          "kafkaEnabled": true,
          "provisioningState": "Succeeded",
          "metricId": "db1ab6f0-4769-4b27-930e-01e2ef9c123c:testnamespacemgmt3557",
          "createdAt": "2021-10-29T03:55:14.65Z",
          "updatedAt": "2021-10-29T03:56:26.017Z",
          "serviceBusEndpoint": "https://testnamespacemgmt3557.servicebus.windows.net:443/",
          "status": "Removing"
        }
      }
    },
    {
      "RequestUri": "https://management.azure.com/subscriptions/db1ab6f0-4769-4b27-930e-01e2ef9c123c/resourceGroups/testeventhubRG-4323/providers/Microsoft.EventHub/namespaces/testnamespacemgmt3557/operationresults/testnamespacemgmt3557?api-version=2021-06-01-preview",
      "RequestMethod": "GET",
      "RequestHeaders": {
        "Authorization": "Sanitized",
        "User-Agent": "azsdk-net-ResourceManager/1.0.0-beta.5 (.NET Framework 4.8.4300.0; Microsoft Windows 10.0.19043 )",
        "x-ms-client-request-id": "9a34446e407ea142b3cf0511d032dc50",
        "x-ms-return-client-request-id": "true"
      },
      "RequestBody": null,
      "StatusCode": 200,
      "ResponseHeaders": {
        "Cache-Control": "no-cache",
        "Content-Length": "0",
        "Date": "Fri, 29 Oct 2021 03:56:50 GMT",
        "Expires": "-1",
        "Pragma": "no-cache",
        "Server": [
          "Service-Bus-Resource-Provider/SN1",
          "Microsoft-HTTPAPI/2.0"
        ],
        "Server-SB": "Service-Bus-Resource-Provider/SN1",
        "Strict-Transport-Security": "max-age=31536000; includeSubDomains",
        "X-Content-Type-Options": "nosniff",
        "x-ms-client-request-id": "9a34446e407ea142b3cf0511d032dc50",
        "x-ms-correlation-request-id": "68935f30-9d12-433b-80a7-2ba7d71da219",
        "x-ms-ratelimit-remaining-subscription-reads": "11688",
        "x-ms-request-id": "80683144-7feb-4ce3-ad0b-c1d4e7c529a6_M8SN1_M8SN1",
        "x-ms-routing-request-id": "SOUTHEASTASIA:20211029T035650Z:68935f30-9d12-433b-80a7-2ba7d71da219"
      },
      "ResponseBody": []
    }
  ],
  "Variables": {
    "RandomSeed": "742104457",
    "RESOURCE_MANAGER_URL": null,
    "SUBSCRIPTION_ID": "db1ab6f0-4769-4b27-930e-01e2ef9c123c"
  }
}