{
  "Entries": [
    {
      "RequestUri": "https://amandadev2.blob.core.windows.net/test-container-1ae0eb56-d697-2f12-0eb4-40e5320420c5?restype=container",
      "RequestMethod": "PUT",
      "RequestHeaders": {
        "Accept": "application/xml",
        "Authorization": "Sanitized",
        "Content-Length": "0",
        "traceparent": "00-0f75be62684dd444ff47dfa72f6508f6-9fac43da5e3428af-00",
        "User-Agent": "azsdk-net-Storage.Blobs/12.15.0-alpha.20221206.1 (.NET 6.0.11; Microsoft Windows 10.0.22621)",
        "x-ms-client-request-id": "83c7bbb5-c26e-8150-3f42-9a561d3d9065",
        "x-ms-date": "Wed, 07 Dec 2022 00:18:27 GMT",
        "x-ms-return-client-request-id": "true",
        "x-ms-version": "2021-12-02"
      },
      "RequestBody": null,
      "StatusCode": 201,
      "ResponseHeaders": {
        "Content-Length": "0",
        "Date": "Wed, 07 Dec 2022 00:18:27 GMT",
        "ETag": "\u00220x8DAD7E890546B9B\u0022",
        "Last-Modified": "Wed, 07 Dec 2022 00:18:28 GMT",
        "Server": [
          "Windows-Azure-Blob/1.0",
          "Microsoft-HTTPAPI/2.0"
        ],
        "x-ms-client-request-id": "83c7bbb5-c26e-8150-3f42-9a561d3d9065",
        "x-ms-request-id": "4b4e7664-c01e-001f-5bd1-09c6e5000000",
        "x-ms-version": "2021-12-02"
      },
      "ResponseBody": null
    },
    {
      "RequestUri": "https://amandadev2.blob.core.windows.net/test-container-1ae0eb56-d697-2f12-0eb4-40e5320420c5/test-blob-878799a0-4c5a-9764-6f7b-5ab4ef7e186d",
      "RequestMethod": "GET",
      "RequestHeaders": {
        "Accept": "application/xml",
        "Authorization": "Sanitized",
        "traceparent": "00-bd14b10b6cb2a9dec930af85e610e1cb-d29ebe6f97fa5748-00",
        "User-Agent": "azsdk-net-Storage.Blobs/12.15.0-alpha.20221206.1 (.NET 6.0.11; Microsoft Windows 10.0.22621)",
        "x-ms-client-request-id": "7df38152-ee19-6805-5730-13f3679c91c1",
        "x-ms-date": "Wed, 07 Dec 2022 00:18:27 GMT",
        "x-ms-return-client-request-id": "true",
        "x-ms-version": "2021-12-02"
      },
      "RequestBody": null,
      "StatusCode": 404,
      "ResponseHeaders": {
        "Content-Length": "215",
        "Content-Type": "application/xml",
        "Date": "Wed, 07 Dec 2022 00:18:27 GMT",
        "Server": [
          "Windows-Azure-Blob/1.0",
          "Microsoft-HTTPAPI/2.0"
        ],
        "x-ms-client-request-id": "7df38152-ee19-6805-5730-13f3679c91c1",
        "x-ms-error-code": "BlobNotFound",
        "x-ms-request-id": "4b4e76c3-c01e-001f-18d1-09c6e5000000",
        "x-ms-version": "2021-12-02"
      },
      "ResponseBody": [
        "\uFEFF\u003C?xml version=\u00221.0\u0022 encoding=\u0022utf-8\u0022?\u003E\u003CError\u003E\u003CCode\u003EBlobNotFound\u003C/Code\u003E\u003CMessage\u003EThe specified blob does not exist.\n",
        "RequestId:4b4e76c3-c01e-001f-18d1-09c6e5000000\n",
        "Time:2022-12-07T00:18:28.0882277Z\u003C/Message\u003E\u003C/Error\u003E"
      ]
    },
    {
      "RequestUri": "https://amandadev2.blob.core.windows.net/test-container-1ae0eb56-d697-2f12-0eb4-40e5320420c5?restype=container",
      "RequestMethod": "DELETE",
      "RequestHeaders": {
        "Accept": "application/xml",
        "Authorization": "Sanitized",
        "traceparent": "00-a5c4e878623f7e3cc73b063bcefaa87c-56bf84d54dc35aac-00",
        "User-Agent": "azsdk-net-Storage.Blobs/12.15.0-alpha.20221206.1 (.NET 6.0.11; Microsoft Windows 10.0.22621)",
        "x-ms-client-request-id": "6d61d932-9b8b-5154-dbc7-1f0b8963fb7d",
        "x-ms-date": "Wed, 07 Dec 2022 00:18:27 GMT",
        "x-ms-return-client-request-id": "true",
        "x-ms-version": "2021-12-02"
      },
      "RequestBody": null,
      "StatusCode": 202,
      "ResponseHeaders": {
        "Content-Length": "0",
        "Date": "Wed, 07 Dec 2022 00:18:27 GMT",
        "Server": [
          "Windows-Azure-Blob/1.0",
          "Microsoft-HTTPAPI/2.0"
        ],
        "x-ms-client-request-id": "6d61d932-9b8b-5154-dbc7-1f0b8963fb7d",
        "x-ms-request-id": "4b4e771e-c01e-001f-60d1-09c6e5000000",
        "x-ms-version": "2021-12-02"
      },
      "ResponseBody": null
    }
  ],
  "Variables": {
    "RandomSeed": "1363799128",
    "Storage_TestConfigDefault": "ProductionTenant\namandadev2\nU2FuaXRpemVk\nhttps://amandadev2.blob.core.windows.net\nhttps://amandadev2.file.core.windows.net\nhttps://amandadev2.queue.core.windows.net\nhttps://amandadev2.table.core.windows.net\n\n\n\n\nhttps://amandadev2-secondary.core.windows.net\nhttps://amandadev2-secondary.file.core.windows.net\nhttps://amandadev2-secondary.queue.core.windows.net\nhttps://amandadev2-secondary.table.core.windows.net\n\nSanitized\n\n\nCloud\nBlobEndpoint=https://amandadev2.blob.core.windows.net/;QueueEndpoint=https://amandadev2.queue.core.windows.net/;FileEndpoint=https://amandadev2.file.core.windows.net/;BlobSecondaryEndpoint=https://amandadev2-secondary.core.windows.net/;QueueSecondaryEndpoint=https://amandadev2-secondary.queue.core.windows.net/;FileSecondaryEndpoint=https://amandadev2-secondary.file.core.windows.net/;AccountName=amandadev2;AccountKey=Sanitized\nencryptionScope1\n\n"
  }
}
