{
  "Entries": [
    {
      "RequestUri": "https://localtestacr04.azurecr.io/acr/v1/library%2Fhello-world/_manifests",
      "RequestMethod": "GET",
      "RequestHeaders": {
        "Accept": "application/json",
        "User-Agent": "azsdk-net-Containers.ContainerRegistry/1.0.0-alpha.20210510.1 (.NET Framework 4.8.4300.0; Microsoft Windows 10.0.19042 )",
        "x-ms-client-request-id": "667ca09f76687faf87d2639f67dd0f45",
        "x-ms-return-client-request-id": "true"
      },
      "RequestBody": null,
      "StatusCode": 401,
      "ResponseHeaders": {
        "Access-Control-Expose-Headers": [
          "Docker-Content-Digest",
          "WWW-Authenticate",
          "Link",
          "X-Ms-Correlation-Request-Id"
        ],
        "Connection": "keep-alive",
        "Content-Length": "221",
        "Content-Type": "application/json; charset=utf-8",
        "Date": "Mon, 10 May 2021 15:38:07 GMT",
        "Docker-Distribution-Api-Version": "registry/2.0",
        "Server": "openresty",
        "Strict-Transport-Security": [
          "max-age=31536000; includeSubDomains",
          "max-age=31536000; includeSubDomains"
        ],
        "WWW-Authenticate": "Bearer realm=\u0022https://localtestacr04.azurecr.io/oauth2/token\u0022,service=\u0022localtestacr04.azurecr.io\u0022,scope=\u0022repository:library/hello-world:metadata_read\u0022",
        "X-Content-Type-Options": "nosniff",
        "X-Ms-Correlation-Request-Id": "3dea88ea-1652-4133-81ff-40641395e84d"
      },
      "ResponseBody": {
        "errors": [
          {
            "code": "UNAUTHORIZED",
            "message": "authentication required, visit https://aka.ms/acr/authorization for more information.",
            "detail": [
              {
                "Type": "repository",
                "Name": "library/hello-world",
                "Action": "metadata_read"
              }
            ]
          }
        ]
      }
    },
    {
      "RequestUri": "https://localtestacr04.azurecr.io/oauth2/exchange",
      "RequestMethod": "POST",
      "RequestHeaders": {
        "Accept": "application/json",
        "Content-Length": "80",
        "Content-Type": "application/x-www-form-urlencoded",
        "User-Agent": "azsdk-net-Containers.ContainerRegistry/1.0.0-alpha.20210510.1 (.NET Framework 4.8.4300.0; Microsoft Windows 10.0.19042 )",
        "x-ms-client-request-id": "fa1648ade4c1c286bd3b2ab091c855c0",
        "x-ms-return-client-request-id": "true"
      },
      "RequestBody": "grant_type=access_token\u0026service=localtestacr04.azurecr.io\u0026access_token=Sanitized",
      "StatusCode": 200,
      "ResponseHeaders": {
        "Connection": "keep-alive",
        "Content-Type": "application/json; charset=utf-8",
        "Date": "Mon, 10 May 2021 15:38:08 GMT",
        "Server": "openresty",
        "Strict-Transport-Security": "max-age=31536000; includeSubDomains",
        "Transfer-Encoding": "chunked",
        "X-Ms-Correlation-Request-Id": "0b097d7c-6f61-4dbe-9079-1cfc34d71890",
        "x-ms-ratelimit-remaining-calls-per-second": "166.283333"
      },
      "ResponseBody": {
        "refresh_token": "Sanitized.eyJleHAiOjI1NjY3NDEwNzF9.Sanitized"
      }
    },
    {
      "RequestUri": "https://localtestacr04.azurecr.io/oauth2/token",
      "RequestMethod": "POST",
      "RequestHeaders": {
        "Accept": "application/json",
        "Content-Length": "139",
        "Content-Type": "application/x-www-form-urlencoded",
        "User-Agent": "azsdk-net-Containers.ContainerRegistry/1.0.0-alpha.20210510.1 (.NET Framework 4.8.4300.0; Microsoft Windows 10.0.19042 )",
        "x-ms-client-request-id": "7857be1889573dc5c7ff45c96477809a",
        "x-ms-return-client-request-id": "true"
      },
      "RequestBody": "service=localtestacr04.azurecr.io\u0026scope=repository%3alibrary%2fhello-world%3ametadata_read\u0026refresh_token=Sanitized\u0026grant_type=refresh_token",
      "StatusCode": 200,
      "ResponseHeaders": {
        "Connection": "keep-alive",
        "Content-Type": "application/json; charset=utf-8",
        "Date": "Mon, 10 May 2021 15:38:08 GMT",
        "Server": "openresty",
        "Strict-Transport-Security": "max-age=31536000; includeSubDomains",
        "Transfer-Encoding": "chunked",
        "X-Ms-Correlation-Request-Id": "72ec8b3f-9185-44c2-943b-a2e87558d463",
        "x-ms-ratelimit-remaining-calls-per-second": "166.266667"
      },
      "ResponseBody": {
        "access_token": "eyJhbGciOiJSUzI1NiIsInR5cCI6IkpXVCIsImtpZCI6IjQ1NlA6WjNCRjpCQ0tPOkpUN0w6MlNLSTpVQUpZOkRCSU46VU5KWTpHWUZHOjdMQTI6WUpNSzpWUkVaIn0.eyJqdGkiOiJiOWY2NmI2ZS0wYjkyLTRkYTQtODc1ZS1mMjcyNDE5MDIzOWIiLCJzdWIiOiI2NmZjYTY2Yy1iOTkwLTQzODEtYjM3Yi01ODhhMTc5OGNlNjUiLCJuYmYiOjE2MjA2NjAxODgsImV4cCI6MTYyMDY2NDY4OCwiaWF0IjoxNjIwNjYwMTg4LCJpc3MiOiJBenVyZSBDb250YWluZXIgUmVnaXN0cnkiLCJhdWQiOiJsb2NhbHRlc3RhY3IwNC5henVyZWNyLmlvIiwidmVyc2lvbiI6IjIuMCIsInJpZCI6ImJmNmNlNzhlYzM2MjQ1OWQ4ODRmN2NlNjMxNGY1YWJmIiwiYWNjZXNzIjpbeyJ0eXBlIjoicmVwb3NpdG9yeSIsIm5hbWUiOiJsaWJyYXJ5L2hlbGxvLXdvcmxkIiwiYWN0aW9ucyI6WyJtZXRhZGF0YV9yZWFkIl19XSwicm9sZXMiOltdLCJncmFudF90eXBlIjoiYWNjZXNzX3Rva2VuIn0.eox_iRkgEObnwyWeWeEJNtLOCFpVMnBQIEZEGVBnBz-b9NQXBADvyPD6jn5OIe_H5DMviTCYBMqMuqGjaa2RoWatTCE2jBDv_mD57gh3_qRLBzfWMmjPTBkqgKs-C7MULMtWiPd5BdBrd-GsBPnp3rq6Ve6rufmbaGsTtOjxsyRxR_wrD2OyBV2EwE_YLZSR1o1PkBtXcWopiUbK44nkW4Q9ZEjzTLXLvMQAOF8P5zoFsKw8glwgiDF12hipMgmH-LgH4QhwR6l4lOgHCTzYCd5kbbrqN9uUQt470US07gBIoc1a4ShuqzXOKw5BYcM_zCAAH5zHzSVCtFUF0bgv4Q"
      }
    },
    {
      "RequestUri": "https://localtestacr04.azurecr.io/acr/v1/library%2Fhello-world/_manifests",
      "RequestMethod": "GET",
      "RequestHeaders": {
        "Accept": "application/json",
        "Authorization": "Sanitized",
        "User-Agent": "azsdk-net-Containers.ContainerRegistry/1.0.0-alpha.20210510.1 (.NET Framework 4.8.4300.0; Microsoft Windows 10.0.19042 )",
        "x-ms-client-request-id": "667ca09f76687faf87d2639f67dd0f45",
        "x-ms-return-client-request-id": "true"
      },
      "RequestBody": null,
      "StatusCode": 200,
      "ResponseHeaders": {
        "Access-Control-Expose-Headers": [
          "Docker-Content-Digest",
          "WWW-Authenticate",
          "Link",
          "X-Ms-Correlation-Request-Id"
        ],
        "Connection": "keep-alive",
        "Content-Type": "application/json; charset=utf-8",
        "Date": "Mon, 10 May 2021 15:38:08 GMT",
        "Docker-Distribution-Api-Version": "registry/2.0",
        "Server": "openresty",
        "Strict-Transport-Security": [
          "max-age=31536000; includeSubDomains",
          "max-age=31536000; includeSubDomains"
        ],
        "Transfer-Encoding": "chunked",
        "X-Content-Type-Options": "nosniff",
        "X-Ms-Correlation-Request-Id": "a530594b-869a-42d6-ba2a-252927b1c681"
      },
      "ResponseBody": {
        "registry": "localtestacr04.azurecr.io",
        "imageName": "library/hello-world",
        "manifests": [
          {
            "digest": "sha256:1b26826f602946860c279fce658f31050cff2c596583af237d971f4629b57792",
            "imageSize": 525,
            "createdTime": "2021-05-10T15:37:44.5878386Z",
            "lastUpdateTime": "2021-05-10T15:37:44.5878386Z",
            "architecture": "amd64",
            "os": "linux",
            "mediaType": "application/vnd.docker.distribution.manifest.v2\u002Bjson",
            "changeableAttributes": {
              "deleteEnabled": true,
              "writeEnabled": true,
              "readEnabled": true,
              "listEnabled": true,
              "quarantineState": "Passed"
            }
          },
          {
            "digest": "sha256:50b8560ad574c779908da71f7ce370c0a2471c098d44d1c8f6b513c5a55eeeb1",
            "imageSize": 525,
            "createdTime": "2021-05-10T15:37:45.2823056Z",
            "lastUpdateTime": "2021-05-10T15:37:45.2823056Z",
            "architecture": "arm",
            "os": "linux",
            "mediaType": "application/vnd.docker.distribution.manifest.v2\u002Bjson",
            "changeableAttributes": {
              "deleteEnabled": true,
              "writeEnabled": true,
              "readEnabled": true,
              "listEnabled": true,
              "quarantineState": "Passed"
            }
          },
          {
            "digest": "sha256:88b2e00179bd6c4064612403c8d42a13de7ca809d61fee966ce9e129860a8a90",
            "imageSize": 525,
            "createdTime": "2021-05-10T15:37:44.894152Z",
            "lastUpdateTime": "2021-05-10T15:37:44.894152Z",
            "architecture": "mips64le",
            "os": "linux",
            "mediaType": "application/vnd.docker.distribution.manifest.v2\u002Bjson",
            "changeableAttributes": {
              "deleteEnabled": true,
              "writeEnabled": true,
              "readEnabled": true,
              "listEnabled": true,
              "quarantineState": "Passed"
            }
          },
          {
            "digest": "sha256:963612c5503f3f1674f315c67089dee577d8cc6afc18565e0b4183ae355fb343",
            "imageSize": 525,
            "createdTime": "2021-05-10T15:37:44.3176414Z",
            "lastUpdateTime": "2021-05-10T15:37:44.3176414Z",
            "architecture": "arm64",
            "os": "linux",
            "mediaType": "application/vnd.docker.distribution.manifest.v2\u002Bjson",
            "changeableAttributes": {
              "deleteEnabled": true,
              "writeEnabled": true,
              "readEnabled": true,
              "listEnabled": true,
              "quarantineState": "Passed"
            }
          },
          {
            "digest": "sha256:bb7ab0fa94fdd78aca84b27a1bd46c4b811051f9b69905d81f5f267fc6546a9d",
            "imageSize": 525,
            "createdTime": "2021-05-10T15:37:45.70626Z",
            "lastUpdateTime": "2021-05-10T15:37:45.70626Z",
            "architecture": "ppc64le",
            "os": "linux",
            "mediaType": "application/vnd.docker.distribution.manifest.v2\u002Bjson",
            "changeableAttributes": {
              "deleteEnabled": true,
              "writeEnabled": true,
              "readEnabled": true,
              "listEnabled": true,
              "quarantineState": "Passed"
            }
          },
          {
            "digest": "sha256:cb55d8f7347376e1ba38ca740904b43c9a52f66c7d2ae1ef1a0de1bc9f40df98",
            "imageSize": 525,
            "createdTime": "2021-05-10T15:37:44.5004258Z",
            "lastUpdateTime": "2021-05-10T15:37:44.5004258Z",
            "architecture": "386",
            "os": "linux",
            "mediaType": "application/vnd.docker.distribution.manifest.v2\u002Bjson",
            "changeableAttributes": {
              "deleteEnabled": true,
              "writeEnabled": true,
              "readEnabled": true,
              "listEnabled": true,
              "quarantineState": "Passed"
            }
          },
          {
            "digest": "sha256:e49abad529e5d9bd6787f3abeab94e09ba274fe34731349556a850b9aebbf7bf",
            "imageSize": 525,
            "createdTime": "2021-05-10T15:37:45.8581855Z",
            "lastUpdateTime": "2021-05-10T15:37:45.8581855Z",
            "architecture": "s390x",
            "os": "linux",
            "mediaType": "application/vnd.docker.distribution.manifest.v2\u002Bjson",
            "changeableAttributes": {
              "deleteEnabled": true,
              "writeEnabled": true,
              "readEnabled": true,
              "listEnabled": true,
              "quarantineState": "Passed"
            }
          },
          {
            "digest": "sha256:e5785cb0c62cebbed4965129bae371f0589cadd6d84798fb58c2c5f9e237efd9",
            "imageSize": 525,
            "createdTime": "2021-05-10T15:37:44.1596259Z",
            "lastUpdateTime": "2021-05-10T15:37:44.1596259Z",
            "architecture": "arm",
            "os": "linux",
            "mediaType": "application/vnd.docker.distribution.manifest.v2\u002Bjson",
            "changeableAttributes": {
              "deleteEnabled": true,
              "writeEnabled": true,
              "readEnabled": true,
              "listEnabled": true,
              "quarantineState": "Passed"
            }
          },
          {
            "digest": "sha256:ea0cfb27fd41ea0405d3095880c1efa45710f5bcdddb7d7d5a7317ad4825ae14",
            "imageSize": 1125,
            "createdTime": "2021-05-10T15:37:45.1236339Z",
            "lastUpdateTime": "2021-05-10T15:37:45.1236339Z",
            "architecture": "amd64",
            "os": "windows",
            "mediaType": "application/vnd.docker.distribution.manifest.v2\u002Bjson",
            "changeableAttributes": {
              "deleteEnabled": true,
              "writeEnabled": true,
              "readEnabled": true,
              "listEnabled": true,
              "quarantineState": "Passed"
            }
          },
          {
            "digest": "sha256:f2266cbfc127c960fd30e76b7c792dc23b588c0db76233517e1891a4e357d519",
            "imageSize": 5325,
            "createdTime": "2021-05-10T15:37:44.3792995Z",
            "lastUpdateTime": "2021-05-10T15:37:44.3792995Z",
            "mediaType": "application/vnd.docker.distribution.manifest.list.v2\u002Bjson",
            "tags": [
              "latest",
              "v1",
              "v2",
              "v3",
              "v4"
            ],
            "changeableAttributes": {
              "deleteEnabled": true,
              "writeEnabled": true,
              "readEnabled": true,
              "listEnabled": true
            }
          }
        ]
      }
    }
  ],
  "Variables": {
    "CONTAINERREGISTRY_ENDPOINT": "https://localtestacr04.azurecr.io",
    "RandomSeed": "958988801"
  }
}