{
  "Entries": [
    {
      "RequestUri": "https://localtestacr01.azurecr.io/acr/v1/library%2Fnode/_manifests?orderby=timedesc",
      "RequestMethod": "GET",
      "RequestHeaders": {
        "Accept": "application/json",
        "User-Agent": "azsdk-net-Containers.ContainerRegistry/1.0.0-alpha.20210505.1 (.NET Framework 4.8.4300.0; Microsoft Windows 10.0.19042 )",
        "x-ms-client-request-id": "e855b776e7cc065cacda8538d19fce89",
        "x-ms-return-client-request-id": "true"
      },
      "RequestBody": null,
      "StatusCode": 401,
      "ResponseHeaders": {
        "Access-Control-Expose-Headers": [
          "Docker-Content-Digest",
          "WWW-Authenticate",
          "Link",
          "X-Ms-Correlation-Request-Id"
        ],
        "Connection": "keep-alive",
        "Content-Length": "214",
        "Content-Type": "application/json; charset=utf-8",
        "Date": "Thu, 06 May 2021 00:52:36 GMT",
        "Docker-Distribution-Api-Version": "registry/2.0",
        "Server": "openresty",
        "Strict-Transport-Security": [
          "max-age=31536000; includeSubDomains",
          "max-age=31536000; includeSubDomains"
        ],
        "WWW-Authenticate": "Bearer realm=\u0022https://localtestacr01.azurecr.io/oauth2/token\u0022,service=\u0022localtestacr01.azurecr.io\u0022,scope=\u0022repository:library/node:metadata_read\u0022",
        "X-Content-Type-Options": "nosniff",
        "X-Ms-Correlation-Request-Id": "c6bf9698-1647-4447-9f27-bb88b82bc9c7"
      },
      "ResponseBody": {
        "errors": [
          {
            "code": "UNAUTHORIZED",
            "message": "authentication required, visit https://aka.ms/acr/authorization for more information.",
            "detail": [
              {
                "Type": "repository",
                "Name": "library/node",
                "Action": "metadata_read"
              }
            ]
          }
        ]
      }
    },
    {
      "RequestUri": "https://localtestacr01.azurecr.io/oauth2/exchange",
      "RequestMethod": "POST",
      "RequestHeaders": {
        "Accept": "application/json",
        "Content-Length": "80",
        "Content-Type": "application/x-www-form-urlencoded",
        "User-Agent": "azsdk-net-Containers.ContainerRegistry/1.0.0-alpha.20210505.1 (.NET Framework 4.8.4300.0; Microsoft Windows 10.0.19042 )",
        "x-ms-client-request-id": "0c11450d1e461c994724c0af80ef1a65",
        "x-ms-return-client-request-id": "true"
      },
      "RequestBody": "grant_type=access_token\u0026service=localtestacr01.azurecr.io\u0026access_token=Sanitized",
      "StatusCode": 200,
      "ResponseHeaders": {
        "Connection": "keep-alive",
        "Content-Type": "application/json; charset=utf-8",
        "Date": "Thu, 06 May 2021 00:52:36 GMT",
        "Server": "openresty",
        "Strict-Transport-Security": "max-age=31536000; includeSubDomains",
        "Transfer-Encoding": "chunked",
        "X-Ms-Correlation-Request-Id": "edd64a29-a29b-4b41-af65-20f15c47a983",
        "x-ms-ratelimit-remaining-calls-per-second": "165.383333"
      },
      "ResponseBody": {
        "refresh_token": "Sanitized.eyJleHAiOjI1NjYzNDIzNTZ9.Sanitized"
      }
    },
    {
      "RequestUri": "https://localtestacr01.azurecr.io/oauth2/token",
      "RequestMethod": "POST",
      "RequestHeaders": {
        "Accept": "application/json",
        "Content-Length": "132",
        "Content-Type": "application/x-www-form-urlencoded",
        "User-Agent": "azsdk-net-Containers.ContainerRegistry/1.0.0-alpha.20210505.1 (.NET Framework 4.8.4300.0; Microsoft Windows 10.0.19042 )",
        "x-ms-client-request-id": "8ed53d8bbbb5245a0baee3620a38f301",
        "x-ms-return-client-request-id": "true"
      },
      "RequestBody": "grant_type=refresh_token\u0026service=localtestacr01.azurecr.io\u0026scope=repository%3alibrary%2fnode%3ametadata_read\u0026refresh_token=Sanitized",
      "StatusCode": 200,
      "ResponseHeaders": {
        "Connection": "keep-alive",
        "Content-Type": "application/json; charset=utf-8",
        "Date": "Thu, 06 May 2021 00:52:36 GMT",
        "Server": "openresty",
        "Strict-Transport-Security": "max-age=31536000; includeSubDomains",
        "Transfer-Encoding": "chunked",
        "X-Ms-Correlation-Request-Id": "7835f84a-4839-44df-8e48-d53687e98aff",
        "x-ms-ratelimit-remaining-calls-per-second": "164.816667"
      },
      "ResponseBody": {
        "access_token": "Sanitized"
      }
    },
    {
      "RequestUri": "https://localtestacr01.azurecr.io/acr/v1/library%2Fnode/_manifests?orderby=timedesc",
      "RequestMethod": "GET",
      "RequestHeaders": {
        "Accept": "application/json",
        "Authorization": "Sanitized",
        "User-Agent": "azsdk-net-Containers.ContainerRegistry/1.0.0-alpha.20210505.1 (.NET Framework 4.8.4300.0; Microsoft Windows 10.0.19042 )",
        "x-ms-client-request-id": "e855b776e7cc065cacda8538d19fce89",
        "x-ms-return-client-request-id": "true"
      },
      "RequestBody": null,
      "StatusCode": 200,
      "ResponseHeaders": {
        "Access-Control-Expose-Headers": [
          "Docker-Content-Digest",
          "WWW-Authenticate",
          "Link",
          "X-Ms-Correlation-Request-Id"
        ],
        "Connection": "keep-alive",
        "Content-Type": "application/json; charset=utf-8",
        "Date": "Thu, 06 May 2021 00:52:37 GMT",
        "Docker-Distribution-Api-Version": "registry/2.0",
        "Server": "openresty",
        "Strict-Transport-Security": [
          "max-age=31536000; includeSubDomains",
          "max-age=31536000; includeSubDomains"
        ],
        "Transfer-Encoding": "chunked",
        "X-Content-Type-Options": "nosniff",
        "X-Ms-Correlation-Request-Id": "d26a9cd6-cff7-4ecd-8e66-5ef394e48047"
      },
      "ResponseBody": {
        "registry": "localtestacr01.azurecr.io",
        "imageName": "library/node",
        "manifests": [
          {
            "digest": "sha256:25516f3de85ebf588e29d81052495d2e1177b55cddbd7ddab2f5ff2c4496dd5e",
            "imageSize": 11071,
            "createdTime": "2021-05-06T00:52:28.4185038Z",
            "lastUpdateTime": "2021-05-06T00:52:28.4185038Z",
            "mediaType": "application/vnd.docker.distribution.manifest.list.v2\u002Bjson",
            "tags": [
              "newest"
            ],
            "changeableAttributes": {
              "deleteEnabled": true,
              "writeEnabled": true,
              "readEnabled": true,
              "listEnabled": true
            }
          },
          {
            "digest": "sha256:f44ace4636cf824d057cb4d8b2398fffa3e62566c24802da8f772a489f962c88",
            "imageSize": 2215,
            "createdTime": "2021-05-03T16:43:20.1552103Z",
            "lastUpdateTime": "2021-05-03T16:43:20.1552103Z",
            "architecture": "ppc64le",
            "os": "linux",
            "mediaType": "application/vnd.docker.distribution.manifest.v2\u002Bjson",
            "changeableAttributes": {
              "deleteEnabled": true,
              "writeEnabled": true,
              "readEnabled": true,
              "listEnabled": true,
              "quarantineState": "Passed"
            }
          },
          {
            "digest": "sha256:2b67c5888e26a4427faec4741c9db1445df567c3bd76bc35c59a39f83ba75ba1",
            "imageSize": 2214,
            "createdTime": "2021-05-03T16:43:18.2727928Z",
            "lastUpdateTime": "2021-05-03T16:43:18.2727928Z",
            "architecture": "amd64",
            "os": "linux",
            "mediaType": "application/vnd.docker.distribution.manifest.v2\u002Bjson",
            "changeableAttributes": {
              "deleteEnabled": true,
              "writeEnabled": true,
              "readEnabled": true,
              "listEnabled": true,
              "quarantineState": "Passed"
            }
          },
          {
            "digest": "sha256:62bcb1931212b9afea6e4e58cb7ddb8909c4193694a297da25dacf8e3995b31b",
            "imageSize": 2214,
            "createdTime": "2021-05-03T16:43:16.7225144Z",
            "lastUpdateTime": "2021-05-03T16:43:16.7225144Z",
            "architecture": "arm64",
            "os": "linux",
            "mediaType": "application/vnd.docker.distribution.manifest.v2\u002Bjson",
            "changeableAttributes": {
              "deleteEnabled": true,
              "writeEnabled": true,
              "readEnabled": true,
              "listEnabled": true,
              "quarantineState": "Passed"
            }
          },
          {
            "digest": "sha256:dceaa309b6c084372edf1677fc58f984a7e1aa6417cff4eb9936dcf3be832b3b",
            "imageSize": 2214,
            "createdTime": "2021-05-03T16:43:16.5172188Z",
            "lastUpdateTime": "2021-05-03T16:43:16.5172188Z",
            "architecture": "s390x",
            "os": "linux",
            "mediaType": "application/vnd.docker.distribution.manifest.v2\u002Bjson",
            "changeableAttributes": {
              "deleteEnabled": true,
              "writeEnabled": true,
              "readEnabled": true,
              "listEnabled": true,
              "quarantineState": "Passed"
            }
          },
          {
            "digest": "sha256:841a218ada1fa2a65636b8e230236a7a0c95a322c71921373abeb765559d5416",
            "imageSize": 2214,
            "createdTime": "2021-05-03T16:43:16.1357117Z",
            "lastUpdateTime": "2021-05-03T16:43:16.1357117Z",
            "architecture": "arm",
            "os": "linux",
            "mediaType": "application/vnd.docker.distribution.manifest.v2\u002Bjson",
            "changeableAttributes": {
              "deleteEnabled": true,
              "writeEnabled": true,
              "readEnabled": true,
              "listEnabled": true,
              "quarantineState": "Passed"
            }
          },
          {
            "digest": "sha256:6cbc150709d59d2667f5d34cbf03fb4594dc8b34acb8872f9ab27ba915b28b56",
            "imageSize": 0,
            "createdTime": "2021-04-24T17:48:12.9181481Z",
            "lastUpdateTime": "2021-04-24T17:48:12.9181481Z",
            "mediaType": "application/vnd.docker.distribution.manifest.list.v2\u002Bjson",
            "changeableAttributes": {
              "deleteEnabled": true,
              "writeEnabled": true,
              "readEnabled": true,
              "listEnabled": true
            }
          },
          {
            "digest": "sha256:00e90d6cbb499653cd2c74a3770f4fa5982699145b113e422bdffe31a7905117",
            "imageSize": 0,
            "createdTime": "2021-04-21T22:48:04.9238708Z",
            "lastUpdateTime": "2021-04-21T22:48:04.9238708Z",
            "architecture": "arm64",
            "os": "linux",
            "mediaType": "application/vnd.docker.distribution.manifest.v2\u002Bjson",
            "changeableAttributes": {
              "deleteEnabled": true,
              "writeEnabled": true,
              "readEnabled": true,
              "listEnabled": true,
              "quarantineState": "Passed"
            }
          },
          {
            "digest": "sha256:0bb7063dae2d6e3e6989f1c2348a50c03bc9d9c1e2f7ea6a0a36e9f0728ac78e",
            "imageSize": 0,
            "createdTime": "2021-04-21T22:48:03.4112634Z",
            "lastUpdateTime": "2021-04-21T22:48:03.4112634Z",
            "architecture": "amd64",
            "os": "linux",
            "mediaType": "application/vnd.docker.distribution.manifest.v2\u002Bjson",
            "changeableAttributes": {
              "deleteEnabled": true,
              "writeEnabled": true,
              "readEnabled": true,
              "listEnabled": true,
              "quarantineState": "Passed"
            }
          },
          {
            "digest": "sha256:81b3054be53707dd6ab4539204281b248c7bac82235b00f4340d23392c1d66f1",
            "imageSize": 0,
            "createdTime": "2021-04-21T22:48:02.2682799Z",
            "lastUpdateTime": "2021-04-21T22:48:02.2682799Z",
            "architecture": "arm",
            "os": "linux",
            "mediaType": "application/vnd.docker.distribution.manifest.v2\u002Bjson",
            "changeableAttributes": {
              "deleteEnabled": true,
              "writeEnabled": true,
              "readEnabled": true,
              "listEnabled": true,
              "quarantineState": "Passed"
            }
          },
          {
            "digest": "sha256:602e9cc60c015af7cc8de2ee18bc68cfdd073f0b3dac3f39289a44f42d10f361",
            "imageSize": 0,
            "createdTime": "2021-04-08T22:18:32.0259893Z",
            "lastUpdateTime": "2021-04-08T22:18:32.0259893Z",
            "architecture": "amd64",
            "os": "linux",
            "mediaType": "application/vnd.docker.distribution.manifest.v2\u002Bjson",
            "changeableAttributes": {
              "deleteEnabled": true,
              "writeEnabled": true,
              "readEnabled": true,
              "listEnabled": true,
              "quarantineState": "Passed"
            }
          },
          {
            "digest": "sha256:af0283b5c5344b9545afeb7edd52d0b59888bf7a28f1ec76ce6d4bc1bf7bb4e4",
            "imageSize": 0,
            "createdTime": "2021-04-08T22:18:31.1097323Z",
            "lastUpdateTime": "2021-04-08T22:18:31.1097323Z",
            "architecture": "arm",
            "os": "linux",
            "mediaType": "application/vnd.docker.distribution.manifest.v2\u002Bjson",
            "changeableAttributes": {
              "deleteEnabled": true,
              "writeEnabled": true,
              "readEnabled": true,
              "listEnabled": true,
              "quarantineState": "Passed"
            }
          },
          {
            "digest": "sha256:b9d70b403e98e3847537071e119d83b81939ec40d0507b5098c4151570150042",
            "imageSize": 0,
            "createdTime": "2021-04-08T22:18:31.0146642Z",
            "lastUpdateTime": "2021-04-08T22:18:31.0146642Z",
            "architecture": "arm64",
            "os": "linux",
            "mediaType": "application/vnd.docker.distribution.manifest.v2\u002Bjson",
            "changeableAttributes": {
              "deleteEnabled": true,
              "writeEnabled": true,
              "readEnabled": true,
              "listEnabled": true,
              "quarantineState": "Passed"
            }
          },
          {
            "digest": "sha256:b32954e16cfbe12cc77d08f1ac5580684bb3cab2d31d46b129cd506f66a8ad50",
            "imageSize": 0,
            "createdTime": "2021-04-07T03:18:57.8362803Z",
            "lastUpdateTime": "2021-04-07T03:18:57.8362803Z",
            "architecture": "amd64",
            "os": "linux",
            "mediaType": "application/vnd.docker.distribution.manifest.v2\u002Bjson",
            "changeableAttributes": {
              "deleteEnabled": true,
              "writeEnabled": true,
              "readEnabled": true,
              "listEnabled": true,
              "quarantineState": "Passed"
            }
          },
          {
            "digest": "sha256:0850e1871e459d6d8c84375dd1dc9e151c8ec814c1d07508cfb84d31d437bb36",
            "imageSize": 0,
            "createdTime": "2021-04-07T03:18:56.8107321Z",
            "lastUpdateTime": "2021-04-07T03:18:56.8107321Z",
            "architecture": "arm",
            "os": "linux",
            "mediaType": "application/vnd.docker.distribution.manifest.v2\u002Bjson",
            "changeableAttributes": {
              "deleteEnabled": true,
              "writeEnabled": true,
              "readEnabled": true,
              "listEnabled": true,
              "quarantineState": "Passed"
            }
          },
          {
            "digest": "sha256:0aab0f340a0305d4bb68fe0e4c95772e3f42fb260a55f4ca0a2365eb67f351d8",
            "imageSize": 0,
            "createdTime": "2021-04-07T03:18:56.7213781Z",
            "lastUpdateTime": "2021-04-07T03:18:56.7213781Z",
            "architecture": "arm64",
            "os": "linux",
            "mediaType": "application/vnd.docker.distribution.manifest.v2\u002Bjson",
            "changeableAttributes": {
              "deleteEnabled": true,
              "writeEnabled": true,
              "readEnabled": true,
              "listEnabled": true,
              "quarantineState": "Passed"
            }
          }
        ]
      }
    },
    {
      "RequestUri": "https://localtestacr01.azurecr.io/acr/v1/library%2Fnode/_tags/newest",
      "RequestMethod": "GET",
      "RequestHeaders": {
        "Accept": "application/json",
        "User-Agent": "azsdk-net-Containers.ContainerRegistry/1.0.0-alpha.20210505.1 (.NET Framework 4.8.4300.0; Microsoft Windows 10.0.19042 )",
        "x-ms-client-request-id": "f00d3e40b52858ba1d38a1a827ad86bc",
        "x-ms-return-client-request-id": "true"
      },
      "RequestBody": null,
      "StatusCode": 401,
      "ResponseHeaders": {
        "Access-Control-Expose-Headers": [
          "Docker-Content-Digest",
          "WWW-Authenticate",
          "Link",
          "X-Ms-Correlation-Request-Id"
        ],
        "Connection": "keep-alive",
        "Content-Length": "214",
        "Content-Type": "application/json; charset=utf-8",
        "Date": "Thu, 06 May 2021 00:52:37 GMT",
        "Docker-Distribution-Api-Version": "registry/2.0",
        "Server": "openresty",
        "Strict-Transport-Security": [
          "max-age=31536000; includeSubDomains",
          "max-age=31536000; includeSubDomains"
        ],
        "WWW-Authenticate": "Bearer realm=\u0022https://localtestacr01.azurecr.io/oauth2/token\u0022,service=\u0022localtestacr01.azurecr.io\u0022,scope=\u0022repository:library/node:metadata_read\u0022",
        "X-Content-Type-Options": "nosniff",
        "X-Ms-Correlation-Request-Id": "321bb41c-7341-4e9e-a395-f2f1777692d1"
      },
      "ResponseBody": {
        "errors": [
          {
            "code": "UNAUTHORIZED",
            "message": "authentication required, visit https://aka.ms/acr/authorization for more information.",
            "detail": [
              {
                "Type": "repository",
                "Name": "library/node",
                "Action": "metadata_read"
              }
            ]
          }
        ]
      }
    },
    {
      "RequestUri": "https://localtestacr01.azurecr.io/oauth2/token",
      "RequestMethod": "POST",
      "RequestHeaders": {
        "Accept": "application/json",
        "Content-Length": "132",
        "Content-Type": "application/x-www-form-urlencoded",
        "User-Agent": "azsdk-net-Containers.ContainerRegistry/1.0.0-alpha.20210505.1 (.NET Framework 4.8.4300.0; Microsoft Windows 10.0.19042 )",
        "x-ms-client-request-id": "94ac1fbf3fca51d3eaec00983b37120e",
        "x-ms-return-client-request-id": "true"
      },
      "RequestBody": "grant_type=refresh_token\u0026service=localtestacr01.azurecr.io\u0026scope=repository%3alibrary%2fnode%3ametadata_read\u0026refresh_token=Sanitized",
      "StatusCode": 200,
      "ResponseHeaders": {
        "Connection": "keep-alive",
        "Content-Type": "application/json; charset=utf-8",
        "Date": "Thu, 06 May 2021 00:52:37 GMT",
        "Server": "openresty",
        "Strict-Transport-Security": "max-age=31536000; includeSubDomains",
        "Transfer-Encoding": "chunked",
        "X-Ms-Correlation-Request-Id": "fb4f9c4b-2af7-48cf-b832-334ee5cb1baf",
        "x-ms-ratelimit-remaining-calls-per-second": "164.8"
      },
      "ResponseBody": {
        "access_token": "Sanitized"
      }
    },
    {
      "RequestUri": "https://localtestacr01.azurecr.io/acr/v1/library%2Fnode/_tags/newest",
      "RequestMethod": "GET",
      "RequestHeaders": {
        "Accept": "application/json",
        "Authorization": "Sanitized",
        "User-Agent": "azsdk-net-Containers.ContainerRegistry/1.0.0-alpha.20210505.1 (.NET Framework 4.8.4300.0; Microsoft Windows 10.0.19042 )",
        "x-ms-client-request-id": "f00d3e40b52858ba1d38a1a827ad86bc",
        "x-ms-return-client-request-id": "true"
      },
      "RequestBody": null,
      "StatusCode": 200,
      "ResponseHeaders": {
        "Access-Control-Expose-Headers": [
          "Docker-Content-Digest",
          "WWW-Authenticate",
          "Link",
          "X-Ms-Correlation-Request-Id"
        ],
        "Connection": "keep-alive",
        "Content-Length": "386",
        "Content-Type": "application/json; charset=utf-8",
        "Date": "Thu, 06 May 2021 00:52:37 GMT",
        "Docker-Distribution-Api-Version": "registry/2.0",
        "Server": "openresty",
        "Strict-Transport-Security": [
          "max-age=31536000; includeSubDomains",
          "max-age=31536000; includeSubDomains"
        ],
        "X-Content-Type-Options": "nosniff",
        "X-Ms-Correlation-Request-Id": "7777cb97-f364-4f25-8c99-d43a1600e1b4"
      },
      "ResponseBody": {
        "registry": "localtestacr01.azurecr.io",
        "imageName": "library/node",
        "tag": {
          "name": "newest",
          "digest": "sha256:25516f3de85ebf588e29d81052495d2e1177b55cddbd7ddab2f5ff2c4496dd5e",
          "createdTime": "2021-05-06T00:52:28.5331901Z",
          "lastUpdateTime": "2021-05-06T00:52:28.5331901Z",
          "signed": false,
          "changeableAttributes": {
            "deleteEnabled": true,
            "writeEnabled": true,
            "readEnabled": true,
            "listEnabled": true
          }
        }
      }
    },
    {
      "RequestUri": "https://localtestacr01.azurecr.io/v2/library%2Fnode/manifests/sha256%3A25516f3de85ebf588e29d81052495d2e1177b55cddbd7ddab2f5ff2c4496dd5e",
      "RequestMethod": "DELETE",
      "RequestHeaders": {
        "Accept": "application/json",
        "User-Agent": "azsdk-net-Containers.ContainerRegistry/1.0.0-alpha.20210505.1 (.NET Framework 4.8.4300.0; Microsoft Windows 10.0.19042 )",
        "x-ms-client-request-id": "416ebf312ae2d53c837d717c1ab2fd5e",
        "x-ms-return-client-request-id": "true"
      },
      "RequestBody": null,
      "StatusCode": 401,
      "ResponseHeaders": {
        "Access-Control-Expose-Headers": [
          "Docker-Content-Digest",
          "WWW-Authenticate",
          "Link",
          "X-Ms-Correlation-Request-Id"
        ],
        "Connection": "keep-alive",
        "Content-Length": "207",
        "Content-Type": "application/json; charset=utf-8",
        "Date": "Thu, 06 May 2021 00:52:37 GMT",
        "Docker-Distribution-Api-Version": "registry/2.0",
        "Server": "openresty",
        "Strict-Transport-Security": [
          "max-age=31536000; includeSubDomains",
          "max-age=31536000; includeSubDomains"
        ],
        "WWW-Authenticate": "Bearer realm=\u0022https://localtestacr01.azurecr.io/oauth2/token\u0022,service=\u0022localtestacr01.azurecr.io\u0022,scope=\u0022repository:library/node:delete\u0022",
        "X-Content-Type-Options": "nosniff",
        "X-Ms-Correlation-Request-Id": "abcb052b-ddb2-4dbb-b504-260d574ed85c"
      },
      "ResponseBody": {
        "errors": [
          {
            "code": "UNAUTHORIZED",
            "message": "authentication required, visit https://aka.ms/acr/authorization for more information.",
            "detail": [
              {
                "Type": "repository",
                "Name": "library/node",
                "Action": "delete"
              }
            ]
          }
        ]
      }
    },
    {
      "RequestUri": "https://localtestacr01.azurecr.io/oauth2/token",
      "RequestMethod": "POST",
      "RequestHeaders": {
        "Accept": "application/json",
        "Content-Length": "125",
        "Content-Type": "application/x-www-form-urlencoded",
        "User-Agent": "azsdk-net-Containers.ContainerRegistry/1.0.0-alpha.20210505.1 (.NET Framework 4.8.4300.0; Microsoft Windows 10.0.19042 )",
        "x-ms-client-request-id": "eba226285f8b01376abb053bb4211ce6",
        "x-ms-return-client-request-id": "true"
      },
      "RequestBody": "grant_type=refresh_token\u0026service=localtestacr01.azurecr.io\u0026scope=repository%3alibrary%2fnode%3adelete\u0026refresh_token=Sanitized",
      "StatusCode": 200,
      "ResponseHeaders": {
        "Connection": "keep-alive",
        "Content-Type": "application/json; charset=utf-8",
        "Date": "Thu, 06 May 2021 00:52:37 GMT",
        "Server": "openresty",
        "Strict-Transport-Security": "max-age=31536000; includeSubDomains",
        "Transfer-Encoding": "chunked",
        "X-Ms-Correlation-Request-Id": "d7e302b7-ce6d-48ca-9643-ff1ea2818ce6",
        "x-ms-ratelimit-remaining-calls-per-second": "164.783333"
      },
      "ResponseBody": {
        "access_token": "Sanitized"
      }
    },
    {
      "RequestUri": "https://localtestacr01.azurecr.io/v2/library%2Fnode/manifests/sha256%3A25516f3de85ebf588e29d81052495d2e1177b55cddbd7ddab2f5ff2c4496dd5e",
      "RequestMethod": "DELETE",
      "RequestHeaders": {
        "Accept": "application/json",
        "Authorization": "Sanitized",
        "User-Agent": "azsdk-net-Containers.ContainerRegistry/1.0.0-alpha.20210505.1 (.NET Framework 4.8.4300.0; Microsoft Windows 10.0.19042 )",
        "x-ms-client-request-id": "416ebf312ae2d53c837d717c1ab2fd5e",
        "x-ms-return-client-request-id": "true"
      },
      "RequestBody": null,
      "StatusCode": 202,
      "ResponseHeaders": {
        "Access-Control-Expose-Headers": [
          "Docker-Content-Digest",
          "WWW-Authenticate",
          "Link",
          "X-Ms-Correlation-Request-Id"
        ],
        "Connection": "keep-alive",
        "Content-Length": "0",
        "Date": "Thu, 06 May 2021 00:52:37 GMT",
        "Docker-Distribution-Api-Version": "registry/2.0",
        "Server": "openresty",
        "Strict-Transport-Security": [
          "max-age=31536000; includeSubDomains",
          "max-age=31536000; includeSubDomains"
        ],
        "X-Content-Type-Options": "nosniff",
        "X-Ms-Client-Request-Id": "416ebf312ae2d53c837d717c1ab2fd5e",
        "X-Ms-Correlation-Request-Id": "23b5bfe4-b845-4473-bd5d-1f335dd446d7",
        "X-Ms-Ratelimit-Remaining-Calls-Per-Second": "8.000000",
        "X-Ms-Request-Id": "fe897523-81be-4532-957b-83118ec852b7"
      },
      "ResponseBody": []
    }
  ],
  "Variables": {
    "CLIENT_ID": "9de00b2f-0a92-4543-9928-f49b89bb1448",
    "CONTAINERREGISTRY_ENDPOINT": "https://localtestacr01.azurecr.io",
    "CONTAINERREGISTRY_REGISTRY_NAME": "localtestacr01",
    "RandomSeed": "152250088",
    "RESOURCE_GROUP": "rg-localtestacr01",
    "SUBSCRIPTION_ID": "faa080af-c1d8-40ad-9cce-e1a450ca5b57",
    "TENANT_ID": "72f988bf-86f1-41af-91ab-2d7cd011db47"
  }
}