{
  "Entries": [
    {
      "RequestUri": "https://annelocontainerregistry.azurecr.io/acr/v1/04c835ba-0d27-9f51-d4e4-7c7ae76e7b1c/_manifests?orderby=timeasc\u0026api-version=2021-07-01",
      "RequestMethod": "GET",
      "RequestHeaders": {
        "Accept": "application/json",
        "User-Agent": "azsdk-net-Containers.ContainerRegistry/1.1.0-alpha.20221212.1 (.NET 6.0.11; Microsoft Windows 10.0.22621)",
        "x-ms-client-request-id": "ba0022eb94f661c53bfdb0f7d5a32962",
        "x-ms-return-client-request-id": "true"
      },
      "RequestBody": null,
      "StatusCode": 401,
      "ResponseHeaders": {
        "Access-Control-Expose-Headers": [
          "Docker-Content-Digest",
          "WWW-Authenticate",
          "Link",
          "X-Ms-Correlation-Request-Id"
        ],
        "Connection": "keep-alive",
        "Content-Length": "239",
        "Content-Type": "application/json; charset=utf-8",
        "Date": "Tue, 13 Dec 2022 00:23:44 GMT",
        "Docker-Distribution-Api-Version": "registry/2.0",
        "Server": "openresty",
        "Strict-Transport-Security": [
          "max-age=31536000; includeSubDomains",
          "max-age=31536000; includeSubDomains"
        ],
        "WWW-Authenticate": "Bearer realm=\u0022https://annelocontainerregistry.azurecr.io/oauth2/token\u0022,service=\u0022annelocontainerregistry.azurecr.io\u0022,scope=\u0022repository:04c835ba-0d27-9f51-d4e4-7c7ae76e7b1c:metadata_read\u0022",
        "X-Content-Type-Options": "nosniff",
        "X-Ms-Correlation-Request-Id": "3b206f78-21a7-4c03-9daa-24aa89b5fc08"
      },
      "ResponseBody": {
        "errors": [
          {
            "code": "UNAUTHORIZED",
            "message": "authentication required, visit https://aka.ms/acr/authorization for more information.",
            "detail": [
              {
                "Type": "repository",
                "Name": "04c835ba-0d27-9f51-d4e4-7c7ae76e7b1c",
                "Action": "metadata_read"
              }
            ]
          }
        ]
      }
    },
    {
      "RequestUri": "https://annelocontainerregistry.azurecr.io/oauth2/exchange?api-version=2021-07-01",
      "RequestMethod": "POST",
      "RequestHeaders": {
        "Accept": "application/json",
        "Content-Length": "89",
        "Content-Type": "application/x-www-form-urlencoded",
        "User-Agent": "azsdk-net-Containers.ContainerRegistry/1.1.0-alpha.20221212.1 (.NET 6.0.11; Microsoft Windows 10.0.22621)",
        "x-ms-client-request-id": "85644fc8ee6f12732950485a8647aa5b",
        "x-ms-return-client-request-id": "true"
      },
      "RequestBody": "grant_type=access_token\u0026service=annelocontainerregistry.azurecr.io\u0026access_token=Sanitized",
      "StatusCode": 200,
      "ResponseHeaders": {
        "Connection": "keep-alive",
        "Content-Type": "application/json; charset=utf-8",
        "Date": "Tue, 13 Dec 2022 00:23:44 GMT",
        "Server": "openresty",
        "Strict-Transport-Security": "max-age=31536000; includeSubDomains",
        "Transfer-Encoding": "chunked",
        "X-Ms-Correlation-Request-Id": "c727ccec-e4cd-4be8-a53e-e61622a8d574",
        "x-ms-ratelimit-remaining-calls-per-second": "166.65"
      },
      "ResponseBody": {
        "refresh_token": "Sanitized.eyJleHAiOjI2MTY5NzEwMTh9.Sanitized"
      }
    },
    {
      "RequestUri": "https://annelocontainerregistry.azurecr.io/oauth2/token?api-version=2021-07-01",
      "RequestMethod": "POST",
      "RequestHeaders": {
        "Accept": "application/json",
        "Content-Length": "163",
        "Content-Type": "application/x-www-form-urlencoded",
        "User-Agent": "azsdk-net-Containers.ContainerRegistry/1.1.0-alpha.20221212.1 (.NET 6.0.11; Microsoft Windows 10.0.22621)",
        "x-ms-client-request-id": "fec34dbda48125687067c82a5d59ca31",
        "x-ms-return-client-request-id": "true"
      },
      "RequestBody": "service=annelocontainerregistry.azurecr.io\u0026scope=repository%3A04c835ba-0d27-9f51-d4e4-7c7ae76e7b1c%3Ametadata_read\u0026refresh_token=Sanitized\u0026grant_type=refresh_token",
      "StatusCode": 200,
      "ResponseHeaders": {
        "Connection": "keep-alive",
        "Content-Type": "application/json; charset=utf-8",
        "Date": "Tue, 13 Dec 2022 00:23:44 GMT",
        "Server": "openresty",
        "Strict-Transport-Security": "max-age=31536000; includeSubDomains",
        "Transfer-Encoding": "chunked",
        "X-Ms-Correlation-Request-Id": "145b11c0-0edd-4baf-beae-f27991cb75fd",
        "x-ms-ratelimit-remaining-calls-per-second": "166.633333"
      },
      "ResponseBody": {
        "access_token": "Sanitized"
      }
    },
    {
      "RequestUri": "https://annelocontainerregistry.azurecr.io/acr/v1/04c835ba-0d27-9f51-d4e4-7c7ae76e7b1c/_manifests?orderby=timeasc\u0026api-version=2021-07-01",
      "RequestMethod": "GET",
      "RequestHeaders": {
        "Accept": "application/json",
        "Authorization": "Sanitized",
        "User-Agent": "azsdk-net-Containers.ContainerRegistry/1.1.0-alpha.20221212.1 (.NET 6.0.11; Microsoft Windows 10.0.22621)",
        "x-ms-client-request-id": "ba0022eb94f661c53bfdb0f7d5a32962",
        "x-ms-return-client-request-id": "true"
      },
      "RequestBody": null,
      "StatusCode": 200,
      "ResponseHeaders": {
        "Access-Control-Expose-Headers": [
          "Docker-Content-Digest",
          "WWW-Authenticate",
          "Link",
          "X-Ms-Correlation-Request-Id"
        ],
        "Connection": "keep-alive",
        "Content-Length": "849",
        "Content-Type": "application/json; charset=utf-8",
        "Date": "Tue, 13 Dec 2022 00:23:44 GMT",
        "Docker-Distribution-Api-Version": "registry/2.0",
        "Server": "openresty",
        "Strict-Transport-Security": [
          "max-age=31536000; includeSubDomains",
          "max-age=31536000; includeSubDomains"
        ],
        "X-Content-Type-Options": "nosniff",
        "X-Ms-Correlation-Request-Id": "e12cdc73-f635-4688-92c4-bf9116a6aaa7"
      },
      "ResponseBody": {
        "registry": "annelocontainerregistry.azurecr.io",
        "imageName": "04c835ba-0d27-9f51-d4e4-7c7ae76e7b1c",
        "manifests": [
          {
            "digest": "sha256:ebd958b83ddbb4fa994bbff9a8999fc1a2f495a2ad9fd76f6f28ef195117e2a4",
            "imageSize": 0,
            "createdTime": "2022-12-13T00:23:42.0124937Z",
            "lastUpdateTime": "2022-12-13T00:23:42.0124937Z",
            "mediaType": "application/vnd.oci.image.manifest.v1\u002Bjson",
            "tags": [
              "v1"
            ],
            "changeableAttributes": {
              "deleteEnabled": true,
              "writeEnabled": true,
              "readEnabled": true,
              "listEnabled": true
            }
          },
          {
            "digest": "sha256:e14c278de5ccc98e7f13925a054df97e40f40d6abe2cdb7a3587d59c0afe457c",
            "imageSize": 0,
            "createdTime": "2022-12-13T00:23:43.7374679Z",
            "lastUpdateTime": "2022-12-13T00:23:43.7374679Z",
            "mediaType": "application/vnd.oci.image.manifest.v1\u002Bjson",
            "tags": [
              "v2"
            ],
            "changeableAttributes": {
              "deleteEnabled": true,
              "writeEnabled": true,
              "readEnabled": true,
              "listEnabled": true
            }
          }
        ]
      }
    },
    {
      "RequestUri": "https://annelocontainerregistry.azurecr.io/acr/v1/04c835ba-0d27-9f51-d4e4-7c7ae76e7b1c/_tags/v1?api-version=2021-07-01",
      "RequestMethod": "GET",
      "RequestHeaders": {
        "Accept": "application/json",
        "User-Agent": "azsdk-net-Containers.ContainerRegistry/1.1.0-alpha.20221212.1 (.NET 6.0.11; Microsoft Windows 10.0.22621)",
        "x-ms-client-request-id": "98b219baf60afcadafee90a54c6adaf3",
        "x-ms-return-client-request-id": "true"
      },
      "RequestBody": null,
      "StatusCode": 401,
      "ResponseHeaders": {
        "Access-Control-Expose-Headers": [
          "Docker-Content-Digest",
          "WWW-Authenticate",
          "Link",
          "X-Ms-Correlation-Request-Id"
        ],
        "Connection": "keep-alive",
        "Content-Length": "239",
        "Content-Type": "application/json; charset=utf-8",
        "Date": "Tue, 13 Dec 2022 00:23:44 GMT",
        "Docker-Distribution-Api-Version": "registry/2.0",
        "Server": "openresty",
        "Strict-Transport-Security": [
          "max-age=31536000; includeSubDomains",
          "max-age=31536000; includeSubDomains"
        ],
        "WWW-Authenticate": "Bearer realm=\u0022https://annelocontainerregistry.azurecr.io/oauth2/token\u0022,service=\u0022annelocontainerregistry.azurecr.io\u0022,scope=\u0022repository:04c835ba-0d27-9f51-d4e4-7c7ae76e7b1c:metadata_read\u0022",
        "X-Content-Type-Options": "nosniff",
        "X-Ms-Correlation-Request-Id": "bf1692a2-c31d-4eda-86d6-dbf7d5cba8ea"
      },
      "ResponseBody": {
        "errors": [
          {
            "code": "UNAUTHORIZED",
            "message": "authentication required, visit https://aka.ms/acr/authorization for more information.",
            "detail": [
              {
                "Type": "repository",
                "Name": "04c835ba-0d27-9f51-d4e4-7c7ae76e7b1c",
                "Action": "metadata_read"
              }
            ]
          }
        ]
      }
    },
    {
      "RequestUri": "https://annelocontainerregistry.azurecr.io/oauth2/token?api-version=2021-07-01",
      "RequestMethod": "POST",
      "RequestHeaders": {
        "Accept": "application/json",
        "Content-Length": "163",
        "Content-Type": "application/x-www-form-urlencoded",
        "User-Agent": "azsdk-net-Containers.ContainerRegistry/1.1.0-alpha.20221212.1 (.NET 6.0.11; Microsoft Windows 10.0.22621)",
        "x-ms-client-request-id": "873955532be024e0e73e15082649b5cf",
        "x-ms-return-client-request-id": "true"
      },
      "RequestBody": "service=annelocontainerregistry.azurecr.io\u0026scope=repository%3A04c835ba-0d27-9f51-d4e4-7c7ae76e7b1c%3Ametadata_read\u0026refresh_token=Sanitized\u0026grant_type=refresh_token",
      "StatusCode": 200,
      "ResponseHeaders": {
        "Connection": "keep-alive",
        "Content-Type": "application/json; charset=utf-8",
        "Date": "Tue, 13 Dec 2022 00:23:44 GMT",
        "Server": "openresty",
        "Strict-Transport-Security": "max-age=31536000; includeSubDomains",
        "Transfer-Encoding": "chunked",
        "X-Ms-Correlation-Request-Id": "3e150c2e-f98f-4b90-ae11-1c88955d0d47",
        "x-ms-ratelimit-remaining-calls-per-second": "166.616667"
      },
      "ResponseBody": {
        "access_token": "Sanitized"
      }
    },
    {
      "RequestUri": "https://annelocontainerregistry.azurecr.io/acr/v1/04c835ba-0d27-9f51-d4e4-7c7ae76e7b1c/_tags/v1?api-version=2021-07-01",
      "RequestMethod": "GET",
      "RequestHeaders": {
        "Accept": "application/json",
        "Authorization": "Sanitized",
        "User-Agent": "azsdk-net-Containers.ContainerRegistry/1.1.0-alpha.20221212.1 (.NET 6.0.11; Microsoft Windows 10.0.22621)",
        "x-ms-client-request-id": "98b219baf60afcadafee90a54c6adaf3",
        "x-ms-return-client-request-id": "true"
      },
      "RequestBody": null,
      "StatusCode": 200,
      "ResponseHeaders": {
        "Access-Control-Expose-Headers": [
          "Docker-Content-Digest",
          "WWW-Authenticate",
          "Link",
          "X-Ms-Correlation-Request-Id"
        ],
        "Connection": "keep-alive",
        "Content-Length": "416",
        "Content-Type": "application/json; charset=utf-8",
        "Date": "Tue, 13 Dec 2022 00:23:44 GMT",
        "Docker-Distribution-Api-Version": "registry/2.0",
        "Server": "openresty",
        "Strict-Transport-Security": [
          "max-age=31536000; includeSubDomains",
          "max-age=31536000; includeSubDomains"
        ],
        "X-Content-Type-Options": "nosniff",
        "X-Ms-Correlation-Request-Id": "aff182fc-f0e8-43c9-abd9-b4e19c194d70"
      },
      "ResponseBody": {
        "registry": "annelocontainerregistry.azurecr.io",
        "imageName": "04c835ba-0d27-9f51-d4e4-7c7ae76e7b1c",
        "tag": {
          "name": "v1",
          "digest": "sha256:ebd958b83ddbb4fa994bbff9a8999fc1a2f495a2ad9fd76f6f28ef195117e2a4",
          "createdTime": "2022-12-13T00:23:42.1415573Z",
          "lastUpdateTime": "2022-12-13T00:23:42.1415573Z",
          "signed": false,
          "changeableAttributes": {
            "deleteEnabled": true,
            "writeEnabled": true,
            "readEnabled": true,
            "listEnabled": true
          }
        }
      }
    },
    {
      "RequestUri": "https://annelocontainerregistry.azurecr.io/v2/04c835ba-0d27-9f51-d4e4-7c7ae76e7b1c/manifests/sha256%3Aebd958b83ddbb4fa994bbff9a8999fc1a2f495a2ad9fd76f6f28ef195117e2a4",
      "RequestMethod": "DELETE",
      "RequestHeaders": {
        "Accept": "application/json",
        "User-Agent": "azsdk-net-Containers.ContainerRegistry/1.1.0-alpha.20221212.1 (.NET 6.0.11; Microsoft Windows 10.0.22621)",
        "x-ms-client-request-id": "6da016861195c751a0c74f9313c2d905",
        "x-ms-return-client-request-id": "true"
      },
      "RequestBody": null,
      "StatusCode": 401,
      "ResponseHeaders": {
        "Access-Control-Expose-Headers": [
          "Docker-Content-Digest",
          "WWW-Authenticate",
          "Link",
          "X-Ms-Correlation-Request-Id"
        ],
        "Connection": "keep-alive",
        "Content-Length": "232",
        "Content-Type": "application/json; charset=utf-8",
        "Date": "Tue, 13 Dec 2022 00:23:44 GMT",
        "Docker-Distribution-Api-Version": "registry/2.0",
        "Server": "openresty",
        "Strict-Transport-Security": [
          "max-age=31536000; includeSubDomains",
          "max-age=31536000; includeSubDomains"
        ],
        "WWW-Authenticate": "Bearer realm=\u0022https://annelocontainerregistry.azurecr.io/oauth2/token\u0022,service=\u0022annelocontainerregistry.azurecr.io\u0022,scope=\u0022repository:04c835ba-0d27-9f51-d4e4-7c7ae76e7b1c:delete\u0022",
        "X-Content-Type-Options": "nosniff",
        "X-Ms-Correlation-Request-Id": "e0444144-af7b-42f8-92e4-dbd3a00c4cca"
      },
      "ResponseBody": {
        "errors": [
          {
            "code": "UNAUTHORIZED",
            "message": "authentication required, visit https://aka.ms/acr/authorization for more information.",
            "detail": [
              {
                "Type": "repository",
                "Name": "04c835ba-0d27-9f51-d4e4-7c7ae76e7b1c",
                "Action": "delete"
              }
            ]
          }
        ]
      }
    },
    {
      "RequestUri": "https://annelocontainerregistry.azurecr.io/oauth2/token?api-version=2021-07-01",
      "RequestMethod": "POST",
      "RequestHeaders": {
        "Accept": "application/json",
        "Content-Length": "156",
        "Content-Type": "application/x-www-form-urlencoded",
        "User-Agent": "azsdk-net-Containers.ContainerRegistry/1.1.0-alpha.20221212.1 (.NET 6.0.11; Microsoft Windows 10.0.22621)",
        "x-ms-client-request-id": "07d6d48c431f8f51388db1cbe1a4d665",
        "x-ms-return-client-request-id": "true"
      },
      "RequestBody": "service=annelocontainerregistry.azurecr.io\u0026scope=repository%3A04c835ba-0d27-9f51-d4e4-7c7ae76e7b1c%3Adelete\u0026refresh_token=Sanitized\u0026grant_type=refresh_token",
      "StatusCode": 200,
      "ResponseHeaders": {
        "Connection": "keep-alive",
        "Content-Type": "application/json; charset=utf-8",
        "Date": "Tue, 13 Dec 2022 00:23:44 GMT",
        "Server": "openresty",
        "Strict-Transport-Security": "max-age=31536000; includeSubDomains",
        "Transfer-Encoding": "chunked",
        "X-Ms-Correlation-Request-Id": "66bb6097-42d4-4123-a64b-d957760a2251",
        "x-ms-ratelimit-remaining-calls-per-second": "166.6"
      },
      "ResponseBody": {
        "access_token": "Sanitized"
      }
    },
    {
      "RequestUri": "https://annelocontainerregistry.azurecr.io/v2/04c835ba-0d27-9f51-d4e4-7c7ae76e7b1c/manifests/sha256%3Aebd958b83ddbb4fa994bbff9a8999fc1a2f495a2ad9fd76f6f28ef195117e2a4",
      "RequestMethod": "DELETE",
      "RequestHeaders": {
        "Accept": "application/json",
        "Authorization": "Sanitized",
        "User-Agent": "azsdk-net-Containers.ContainerRegistry/1.1.0-alpha.20221212.1 (.NET 6.0.11; Microsoft Windows 10.0.22621)",
        "x-ms-client-request-id": "6da016861195c751a0c74f9313c2d905",
        "x-ms-return-client-request-id": "true"
      },
      "RequestBody": null,
      "StatusCode": 202,
      "ResponseHeaders": {
        "Access-Control-Expose-Headers": [
          "Docker-Content-Digest",
          "WWW-Authenticate",
          "Link",
          "X-Ms-Correlation-Request-Id"
        ],
        "Connection": "keep-alive",
        "Content-Length": "0",
        "Date": "Tue, 13 Dec 2022 00:23:45 GMT",
        "Docker-Distribution-Api-Version": "registry/2.0",
        "Server": "openresty",
        "Strict-Transport-Security": [
          "max-age=31536000; includeSubDomains",
          "max-age=31536000; includeSubDomains"
        ],
        "X-Content-Type-Options": "nosniff",
        "X-Ms-Client-Request-Id": "6da016861195c751a0c74f9313c2d905",
        "X-Ms-Correlation-Request-Id": "f786432d-4701-4588-a980-808cc8f68e13",
        "X-Ms-Ratelimit-Remaining-Calls-Per-Second": "8.000000",
        "X-Ms-Request-Id": "aa537a7c-6376-4e96-bd15-e432d2813deb"
      },
      "ResponseBody": null
    }
  ],
  "Variables": {
    "AZURE_AUTHORITY_HOST": "https://login.microsoftonline.com/",
    "CONTAINERREGISTRY_ENDPOINT": "https://annelocontainerregistry.azurecr.io",
    "RandomSeed": "910828662"
  }
}
