{
  "Entries": [
    {
      "RequestUri": "https://mohitcontainerregistryanon.azurecr.io/acr/v1/library%2Fhello-world/_manifests?n=2\u0026api-version=2021-07-01",
      "RequestMethod": "GET",
      "RequestHeaders": {
        "Accept": "application/json",
        "User-Agent": "azsdk-net-Containers.ContainerRegistry/1.1.0-alpha.20220307.1 (.NET Core 3.1.22; Microsoft Windows 10.0.22000)",
        "x-ms-client-request-id": "af4f33cc6b4307f55991d12b253c6806",
        "x-ms-return-client-request-id": "true"
      },
      "RequestBody": null,
      "StatusCode": 401,
      "ResponseHeaders": {
        "Access-Control-Expose-Headers": [
          "Docker-Content-Digest",
          "WWW-Authenticate",
          "Link",
          "X-Ms-Correlation-Request-Id"
        ],
        "Connection": "keep-alive",
        "Content-Length": "222",
        "Content-Type": "application/json; charset=utf-8",
        "Date": "Mon, 07 Mar 2022 23:33:26 GMT",
        "Docker-Distribution-Api-Version": "registry/2.0",
        "Server": "openresty",
        "Strict-Transport-Security": [
          "max-age=31536000; includeSubDomains",
          "max-age=31536000; includeSubDomains"
        ],
        "WWW-Authenticate": "Bearer realm=\u0022https://mohitcontainerregistryanon.azurecr.io/oauth2/token\u0022,service=\u0022mohitcontainerregistryanon.azurecr.io\u0022,scope=\u0022repository:library/hello-world:metadata_read\u0022",
        "X-Content-Type-Options": "nosniff",
        "X-Ms-Correlation-Request-Id": "e0ce41e1-3d50-45cb-b748-f7ba18dab9e3"
      },
      "ResponseBody": {
        "errors": [
          {
            "code": "UNAUTHORIZED",
            "message": "authentication required, visit https://aka.ms/acr/authorization for more information.",
            "detail": [
              {
                "Type": "repository",
                "Name": "library/hello-world",
                "Action": "metadata_read"
              }
            ]
          }
        ]
      }
    },
    {
      "RequestUri": "https://mohitcontainerregistryanon.azurecr.io/oauth2/token?api-version=2021-07-01",
      "RequestMethod": "POST",
      "RequestHeaders": {
        "Accept": "application/json",
        "Content-Length": "146",
        "Content-Type": "application/x-www-form-urlencoded",
        "User-Agent": "azsdk-net-Containers.ContainerRegistry/1.1.0-alpha.20220307.1 (.NET Core 3.1.22; Microsoft Windows 10.0.22000)",
        "x-ms-client-request-id": "9419b86d25cd25085640d94ff2ec0ab1",
        "x-ms-return-client-request-id": "true"
      },
      "RequestBody": "service=mohitcontainerregistryanon.azurecr.io\u0026scope=repository%3Alibrary%2Fhello-world%3Ametadata_read\u0026refresh_token=Sanitized\u0026grant_type=password",
      "StatusCode": 200,
      "ResponseHeaders": {
        "Connection": "keep-alive",
        "Content-Type": "application/json; charset=utf-8",
        "Date": "Mon, 07 Mar 2022 23:33:26 GMT",
        "Server": "openresty",
        "Strict-Transport-Security": "max-age=31536000; includeSubDomains",
        "Transfer-Encoding": "chunked",
        "X-Ms-Correlation-Request-Id": "0b90f2c5-9298-4342-9144-d52e4ffee9cb",
        "x-ms-ratelimit-remaining-calls-per-second": "166.45"
      },
      "ResponseBody": {
        "access_token": "eyJhbGciOiJSUzI1NiIsInR5cCI6IkpXVCIsImtpZCI6Ikk3QjY6NlQ0QTpUWlYzOllJT046Rk9ESjpOWlRDOjVVUFk6M0JWMzpGRlhPOlE1NEs6M0JCSzpHVFgzIn0.eyJqdGkiOiIxNDIzYWIwOS0yZWI3LTQ4YTktOGZjOC1mMDM4YmY4NjdjMzMiLCJzdWIiOiJhY3JfYW5vbl9wdWxsIiwibmJmIjoxNjQ2Njk1MDk5LCJleHAiOjE2NDY2OTYyOTksImlhdCI6MTY0NjY5NTA5OSwiaXNzIjoiQXp1cmUgQ29udGFpbmVyIFJlZ2lzdHJ5IiwiYXVkIjoibW9oaXRjb250YWluZXJyZWdpc3RyeWFub24uYXp1cmVjci5pbyIsInZlcnNpb24iOiIxLjAiLCJyaWQiOiI5MTcyZjJkYTU2ZmQ0MjQ3YmYzOTczYzhkNDhkZjNjMCIsImFjY2VzcyI6W3siVHlwZSI6InJlcG9zaXRvcnkiLCJOYW1lIjoiKiIsIkFjdGlvbnMiOlsicHVsbCJdfV0sInJvbGVzIjpbXSwiZ3JhbnRfdHlwZSI6ImFjY2Vzc190b2tlbiJ9.CBx9O6iNQejydptaC6AEm-PXtroK9ILiaAh8GHFcItc2bU0apccwyOKgHb36uif2WIdhoTHWVRMkatDD1yALusb2r20COrouPRGk2iMCtsuGNtYA3xDPbeK8VTZN3r7ep0NAfU6y9BePipIAz-b8uhkWwdMTu8hUr2iY4JIPLN3keq5qH9tr9d1JM6VkEblj0pjxlmxjm_Z6wOma_5Th4SHWSWTByb9rk6lMufuPUaLr1PUxmzWnWm-WMXFGpMQZwv8jLEVe2988a2J3gm633SlpNGFG7FPo8jqCkbOsUs1MH3cEa7kA6TUNGPFUSibilNdBQwIcqRvYTFto2hHvLw"
      }
    },
    {
      "RequestUri": "https://mohitcontainerregistryanon.azurecr.io/acr/v1/library%2Fhello-world/_manifests?n=2\u0026api-version=2021-07-01",
      "RequestMethod": "GET",
      "RequestHeaders": {
        "Accept": "application/json",
        "Authorization": "Sanitized",
        "User-Agent": "azsdk-net-Containers.ContainerRegistry/1.1.0-alpha.20220307.1 (.NET Core 3.1.22; Microsoft Windows 10.0.22000)",
        "x-ms-client-request-id": "af4f33cc6b4307f55991d12b253c6806",
        "x-ms-return-client-request-id": "true"
      },
      "RequestBody": null,
      "StatusCode": 200,
      "ResponseHeaders": {
        "Access-Control-Expose-Headers": [
          "Docker-Content-Digest",
          "WWW-Authenticate",
          "Link",
          "X-Ms-Correlation-Request-Id"
        ],
        "Connection": "keep-alive",
        "Content-Length": "903",
        "Content-Type": "application/json; charset=utf-8",
        "Date": "Mon, 07 Mar 2022 23:33:26 GMT",
        "Docker-Distribution-Api-Version": "registry/2.0",
        "Link": "\u003C/acr/v1/library%2Fhello-world/_manifests?last=sha256%3A251bb7a536c7cce3437758971aab3a31c6da52fb43ff0654cff5b167c4486409\u0026n=2\u0026orderby=\u003E; rel=\u0022next\u0022",
        "Server": "openresty",
        "Strict-Transport-Security": [
          "max-age=31536000; includeSubDomains",
          "max-age=31536000; includeSubDomains"
        ],
        "X-Content-Type-Options": "nosniff",
        "X-Ms-Correlation-Request-Id": "be241625-5cb3-403f-83a4-472a1bd28dbb"
      },
      "ResponseBody": {
        "registry": "mohitcontainerregistryanon.azurecr.io",
        "imageName": "library/hello-world",
        "manifests": [
          {
            "digest": "sha256:01433e86a06b752f228e3c17394169a5e21a0995f153268a9b36a16d4f2b2184",
            "imageSize": 5216,
            "createdTime": "2022-03-07T23:14:30.7216424Z",
            "lastUpdateTime": "2022-03-07T23:14:30.7216424Z",
            "architecture": "arm64",
            "os": "linux",
            "mediaType": "application/vnd.docker.distribution.manifest.v2\u002Bjson",
            "changeableAttributes": {
              "deleteEnabled": true,
              "writeEnabled": true,
              "readEnabled": true,
              "listEnabled": true
            }
          },
          {
            "digest": "sha256:251bb7a536c7cce3437758971aab3a31c6da52fb43ff0654cff5b167c4486409",
            "imageSize": 4727,
            "createdTime": "2022-03-07T23:14:30.1537637Z",
            "lastUpdateTime": "2022-03-07T23:14:30.1537637Z",
            "architecture": "386",
            "os": "linux",
            "mediaType": "application/vnd.docker.distribution.manifest.v2\u002Bjson",
            "changeableAttributes": {
              "deleteEnabled": true,
              "writeEnabled": true,
              "readEnabled": true,
              "listEnabled": true
            }
          }
        ]
      }
    },
    {
      "RequestUri": "https://mohitcontainerregistryanon.azurecr.io/acr/v1/library%2Fhello-world/_manifests?last=sha256%3A251bb7a536c7cce3437758971aab3a31c6da52fb43ff0654cff5b167c4486409\u0026n=2\u0026orderby=",
      "RequestMethod": "GET",
      "RequestHeaders": {
        "Accept": "application/json",
        "User-Agent": "azsdk-net-Containers.ContainerRegistry/1.1.0-alpha.20220307.1 (.NET Core 3.1.22; Microsoft Windows 10.0.22000)",
        "x-ms-client-request-id": "c189bd9eecd9a181c0e0d2eaa0945380",
        "x-ms-return-client-request-id": "true"
      },
      "RequestBody": null,
      "StatusCode": 401,
      "ResponseHeaders": {
        "Access-Control-Expose-Headers": [
          "Docker-Content-Digest",
          "WWW-Authenticate",
          "Link",
          "X-Ms-Correlation-Request-Id"
        ],
        "Connection": "keep-alive",
        "Content-Length": "222",
        "Content-Type": "application/json; charset=utf-8",
        "Date": "Mon, 07 Mar 2022 23:33:26 GMT",
        "Docker-Distribution-Api-Version": "registry/2.0",
        "Server": "openresty",
        "Strict-Transport-Security": [
          "max-age=31536000; includeSubDomains",
          "max-age=31536000; includeSubDomains"
        ],
        "WWW-Authenticate": "Bearer realm=\u0022https://mohitcontainerregistryanon.azurecr.io/oauth2/token\u0022,service=\u0022mohitcontainerregistryanon.azurecr.io\u0022,scope=\u0022repository:library/hello-world:metadata_read\u0022",
        "X-Content-Type-Options": "nosniff",
        "X-Ms-Correlation-Request-Id": "bc51d1fd-0c9d-471d-aaa8-b194a4014a9f"
      },
      "ResponseBody": {
        "errors": [
          {
            "code": "UNAUTHORIZED",
            "message": "authentication required, visit https://aka.ms/acr/authorization for more information.",
            "detail": [
              {
                "Type": "repository",
                "Name": "library/hello-world",
                "Action": "metadata_read"
              }
            ]
          }
        ]
      }
    },
    {
      "RequestUri": "https://mohitcontainerregistryanon.azurecr.io/oauth2/token?api-version=2021-07-01",
      "RequestMethod": "POST",
      "RequestHeaders": {
        "Accept": "application/json",
        "Content-Length": "146",
        "Content-Type": "application/x-www-form-urlencoded",
        "User-Agent": "azsdk-net-Containers.ContainerRegistry/1.1.0-alpha.20220307.1 (.NET Core 3.1.22; Microsoft Windows 10.0.22000)",
        "x-ms-client-request-id": "64bb42ede124a6132b2a580392a6156d",
        "x-ms-return-client-request-id": "true"
      },
      "RequestBody": "service=mohitcontainerregistryanon.azurecr.io\u0026scope=repository%3Alibrary%2Fhello-world%3Ametadata_read\u0026refresh_token=Sanitized\u0026grant_type=password",
      "StatusCode": 200,
      "ResponseHeaders": {
        "Connection": "keep-alive",
        "Content-Type": "application/json; charset=utf-8",
        "Date": "Mon, 07 Mar 2022 23:33:26 GMT",
        "Server": "openresty",
        "Strict-Transport-Security": "max-age=31536000; includeSubDomains",
        "Transfer-Encoding": "chunked",
        "X-Ms-Correlation-Request-Id": "258f5cfb-bbf7-42d2-ad9f-114952dc9ec7",
        "x-ms-ratelimit-remaining-calls-per-second": "166.433333"
      },
      "ResponseBody": {
        "access_token": "eyJhbGciOiJSUzI1NiIsInR5cCI6IkpXVCIsImtpZCI6Ikk3QjY6NlQ0QTpUWlYzOllJT046Rk9ESjpOWlRDOjVVUFk6M0JWMzpGRlhPOlE1NEs6M0JCSzpHVFgzIn0.eyJqdGkiOiIxNDIzYWIwOS0yZWI3LTQ4YTktOGZjOC1mMDM4YmY4NjdjMzMiLCJzdWIiOiJhY3JfYW5vbl9wdWxsIiwibmJmIjoxNjQ2Njk1MDk5LCJleHAiOjE2NDY2OTYyOTksImlhdCI6MTY0NjY5NTA5OSwiaXNzIjoiQXp1cmUgQ29udGFpbmVyIFJlZ2lzdHJ5IiwiYXVkIjoibW9oaXRjb250YWluZXJyZWdpc3RyeWFub24uYXp1cmVjci5pbyIsInZlcnNpb24iOiIxLjAiLCJyaWQiOiI5MTcyZjJkYTU2ZmQ0MjQ3YmYzOTczYzhkNDhkZjNjMCIsImFjY2VzcyI6W3siVHlwZSI6InJlcG9zaXRvcnkiLCJOYW1lIjoiKiIsIkFjdGlvbnMiOlsicHVsbCJdfV0sInJvbGVzIjpbXSwiZ3JhbnRfdHlwZSI6ImFjY2Vzc190b2tlbiJ9.CBx9O6iNQejydptaC6AEm-PXtroK9ILiaAh8GHFcItc2bU0apccwyOKgHb36uif2WIdhoTHWVRMkatDD1yALusb2r20COrouPRGk2iMCtsuGNtYA3xDPbeK8VTZN3r7ep0NAfU6y9BePipIAz-b8uhkWwdMTu8hUr2iY4JIPLN3keq5qH9tr9d1JM6VkEblj0pjxlmxjm_Z6wOma_5Th4SHWSWTByb9rk6lMufuPUaLr1PUxmzWnWm-WMXFGpMQZwv8jLEVe2988a2J3gm633SlpNGFG7FPo8jqCkbOsUs1MH3cEa7kA6TUNGPFUSibilNdBQwIcqRvYTFto2hHvLw"
      }
    },
    {
      "RequestUri": "https://mohitcontainerregistryanon.azurecr.io/acr/v1/library%2Fhello-world/_manifests?last=sha256%3A251bb7a536c7cce3437758971aab3a31c6da52fb43ff0654cff5b167c4486409\u0026n=2\u0026orderby=",
      "RequestMethod": "GET",
      "RequestHeaders": {
        "Accept": "application/json",
        "Authorization": "Sanitized",
        "User-Agent": "azsdk-net-Containers.ContainerRegistry/1.1.0-alpha.20220307.1 (.NET Core 3.1.22; Microsoft Windows 10.0.22000)",
        "x-ms-client-request-id": "c189bd9eecd9a181c0e0d2eaa0945380",
        "x-ms-return-client-request-id": "true"
      },
      "RequestBody": null,
      "StatusCode": 200,
      "ResponseHeaders": {
        "Access-Control-Expose-Headers": [
          "Docker-Content-Digest",
          "WWW-Authenticate",
          "Link",
          "X-Ms-Correlation-Request-Id"
        ],
        "Connection": "keep-alive",
        "Content-Length": "1260",
        "Content-Type": "application/json; charset=utf-8",
        "Date": "Mon, 07 Mar 2022 23:33:27 GMT",
        "Docker-Distribution-Api-Version": "registry/2.0",
        "Link": "\u003C/acr/v1/library%2Fhello-world/_manifests?last=sha256%3A97a379f4f88575512824f3b352bc03cd75e239179eea0fecc38e597b2209f49a\u0026n=2\u0026orderby=\u003E; rel=\u0022next\u0022",
        "Server": "openresty",
        "Strict-Transport-Security": [
          "max-age=31536000; includeSubDomains",
          "max-age=31536000; includeSubDomains"
        ],
        "X-Content-Type-Options": "nosniff",
        "X-Ms-Correlation-Request-Id": "2bfc39ca-933b-4df0-81ce-8b6014524676"
      },
      "ResponseBody": {
        "registry": "mohitcontainerregistryanon.azurecr.io",
        "imageName": "library/hello-world",
        "manifests": [
          {
            "digest": "sha256:7b8b7289d0536a08eabdf71c20246e23f7116641db7e1d278592236ea4dcb30c",
            "imageSize": 5691,
            "createdTime": "2022-03-07T23:14:30.2799547Z",
            "lastUpdateTime": "2022-03-07T23:14:30.2799547Z",
            "architecture": "arm",
            "os": "linux",
            "mediaType": "application/vnd.docker.distribution.manifest.v2\u002Bjson",
            "changeableAttributes": {
              "deleteEnabled": true,
              "writeEnabled": true,
              "readEnabled": true,
              "listEnabled": true,
              "quarantineDetails": "{\u0022state\u0022:\u0022Scan Failed\u0022,\u0022link\u0022:\u0022https://aka.ms/test\u0022,\u0022scanner\u0022:\u0022Azure Security Monitoring-Qualys Scanner\u0022,\u0022result\u0022:{\u0022version\u0022:\u00223/7/2022 11:24:54 PM\u0022,\u0022summary\u0022:[{\u0022severity\u0022:\u0022High\u0022,\u0022count\u0022:0},{\u0022severity\u0022:\u0022Medium\u0022,\u0022count\u0022:0},{\u0022severity\u0022:\u0022Low\u0022,\u0022count\u0022:0}]}}",
              "quarantineState": "Passed"
            }
          },
          {
            "digest": "sha256:97a379f4f88575512824f3b352bc03cd75e239179eea0fecc38e597b2209f49a",
            "imageSize": 61614,
            "createdTime": "2022-03-07T23:14:29.0174155Z",
            "lastUpdateTime": "2022-03-07T23:14:29.0174155Z",
            "mediaType": "application/vnd.docker.distribution.manifest.list.v2\u002Bjson",
            "tags": [
              "latest",
              "newest",
              "v1",
              "v2",
              "v3",
              "v4"
            ],
            "changeableAttributes": {
              "deleteEnabled": true,
              "writeEnabled": true,
              "readEnabled": true,
              "listEnabled": true
            }
          }
        ]
      }
    },
    {
      "RequestUri": "https://mohitcontainerregistryanon.azurecr.io/acr/v1/library%2Fhello-world/_manifests?last=sha256%3A97a379f4f88575512824f3b352bc03cd75e239179eea0fecc38e597b2209f49a\u0026n=2\u0026orderby=",
      "RequestMethod": "GET",
      "RequestHeaders": {
        "Accept": "application/json",
        "User-Agent": "azsdk-net-Containers.ContainerRegistry/1.1.0-alpha.20220307.1 (.NET Core 3.1.22; Microsoft Windows 10.0.22000)",
        "x-ms-client-request-id": "678d1f86a7b2802c3677d4ec521d84c2",
        "x-ms-return-client-request-id": "true"
      },
      "RequestBody": null,
      "StatusCode": 401,
      "ResponseHeaders": {
        "Access-Control-Expose-Headers": [
          "Docker-Content-Digest",
          "WWW-Authenticate",
          "Link",
          "X-Ms-Correlation-Request-Id"
        ],
        "Connection": "keep-alive",
        "Content-Length": "222",
        "Content-Type": "application/json; charset=utf-8",
        "Date": "Mon, 07 Mar 2022 23:33:27 GMT",
        "Docker-Distribution-Api-Version": "registry/2.0",
        "Server": "openresty",
        "Strict-Transport-Security": [
          "max-age=31536000; includeSubDomains",
          "max-age=31536000; includeSubDomains"
        ],
        "WWW-Authenticate": "Bearer realm=\u0022https://mohitcontainerregistryanon.azurecr.io/oauth2/token\u0022,service=\u0022mohitcontainerregistryanon.azurecr.io\u0022,scope=\u0022repository:library/hello-world:metadata_read\u0022",
        "X-Content-Type-Options": "nosniff",
        "X-Ms-Correlation-Request-Id": "b5e00f48-3b89-4e9b-96c0-e42bb01bb703"
      },
      "ResponseBody": {
        "errors": [
          {
            "code": "UNAUTHORIZED",
            "message": "authentication required, visit https://aka.ms/acr/authorization for more information.",
            "detail": [
              {
                "Type": "repository",
                "Name": "library/hello-world",
                "Action": "metadata_read"
              }
            ]
          }
        ]
      }
    },
    {
      "RequestUri": "https://mohitcontainerregistryanon.azurecr.io/oauth2/token?api-version=2021-07-01",
      "RequestMethod": "POST",
      "RequestHeaders": {
        "Accept": "application/json",
        "Content-Length": "146",
        "Content-Type": "application/x-www-form-urlencoded",
        "User-Agent": "azsdk-net-Containers.ContainerRegistry/1.1.0-alpha.20220307.1 (.NET Core 3.1.22; Microsoft Windows 10.0.22000)",
        "x-ms-client-request-id": "af6159eca530bd8da9e295ae947e0f19",
        "x-ms-return-client-request-id": "true"
      },
      "RequestBody": "service=mohitcontainerregistryanon.azurecr.io\u0026scope=repository%3Alibrary%2Fhello-world%3Ametadata_read\u0026refresh_token=Sanitized\u0026grant_type=password",
      "StatusCode": 200,
      "ResponseHeaders": {
        "Connection": "keep-alive",
        "Content-Type": "application/json; charset=utf-8",
        "Date": "Mon, 07 Mar 2022 23:33:27 GMT",
        "Server": "openresty",
        "Strict-Transport-Security": "max-age=31536000; includeSubDomains",
        "Transfer-Encoding": "chunked",
        "X-Ms-Correlation-Request-Id": "74df0a88-63ad-4180-9a46-4ed34d17fa9d",
        "x-ms-ratelimit-remaining-calls-per-second": "166.416667"
      },
      "ResponseBody": {
        "access_token": "eyJhbGciOiJSUzI1NiIsInR5cCI6IkpXVCIsImtpZCI6Ikk3QjY6NlQ0QTpUWlYzOllJT046Rk9ESjpOWlRDOjVVUFk6M0JWMzpGRlhPOlE1NEs6M0JCSzpHVFgzIn0.eyJqdGkiOiIxNDIzYWIwOS0yZWI3LTQ4YTktOGZjOC1mMDM4YmY4NjdjMzMiLCJzdWIiOiJhY3JfYW5vbl9wdWxsIiwibmJmIjoxNjQ2Njk1MDk5LCJleHAiOjE2NDY2OTYyOTksImlhdCI6MTY0NjY5NTA5OSwiaXNzIjoiQXp1cmUgQ29udGFpbmVyIFJlZ2lzdHJ5IiwiYXVkIjoibW9oaXRjb250YWluZXJyZWdpc3RyeWFub24uYXp1cmVjci5pbyIsInZlcnNpb24iOiIxLjAiLCJyaWQiOiI5MTcyZjJkYTU2ZmQ0MjQ3YmYzOTczYzhkNDhkZjNjMCIsImFjY2VzcyI6W3siVHlwZSI6InJlcG9zaXRvcnkiLCJOYW1lIjoiKiIsIkFjdGlvbnMiOlsicHVsbCJdfV0sInJvbGVzIjpbXSwiZ3JhbnRfdHlwZSI6ImFjY2Vzc190b2tlbiJ9.CBx9O6iNQejydptaC6AEm-PXtroK9ILiaAh8GHFcItc2bU0apccwyOKgHb36uif2WIdhoTHWVRMkatDD1yALusb2r20COrouPRGk2iMCtsuGNtYA3xDPbeK8VTZN3r7ep0NAfU6y9BePipIAz-b8uhkWwdMTu8hUr2iY4JIPLN3keq5qH9tr9d1JM6VkEblj0pjxlmxjm_Z6wOma_5Th4SHWSWTByb9rk6lMufuPUaLr1PUxmzWnWm-WMXFGpMQZwv8jLEVe2988a2J3gm633SlpNGFG7FPo8jqCkbOsUs1MH3cEa7kA6TUNGPFUSibilNdBQwIcqRvYTFto2hHvLw"
      }
    },
    {
      "RequestUri": "https://mohitcontainerregistryanon.azurecr.io/acr/v1/library%2Fhello-world/_manifests?last=sha256%3A97a379f4f88575512824f3b352bc03cd75e239179eea0fecc38e597b2209f49a\u0026n=2\u0026orderby=",
      "RequestMethod": "GET",
      "RequestHeaders": {
        "Accept": "application/json",
        "Authorization": "Sanitized",
        "User-Agent": "azsdk-net-Containers.ContainerRegistry/1.1.0-alpha.20220307.1 (.NET Core 3.1.22; Microsoft Windows 10.0.22000)",
        "x-ms-client-request-id": "678d1f86a7b2802c3677d4ec521d84c2",
        "x-ms-return-client-request-id": "true"
      },
      "RequestBody": null,
      "StatusCode": 200,
      "ResponseHeaders": {
        "Access-Control-Expose-Headers": [
          "Docker-Content-Digest",
          "WWW-Authenticate",
          "Link",
          "X-Ms-Correlation-Request-Id"
        ],
        "Connection": "keep-alive",
        "Content-Length": "1589",
        "Content-Type": "application/json; charset=utf-8",
        "Date": "Mon, 07 Mar 2022 23:33:27 GMT",
        "Docker-Distribution-Api-Version": "registry/2.0",
        "Link": "\u003C/acr/v1/library%2Fhello-world/_manifests?last=sha256%3Ab3dd41b5fbccbf0e39bee932466d389214cddcb53fa4ad5d02f29ee4172db8c7\u0026n=2\u0026orderby=\u003E; rel=\u0022next\u0022",
        "Server": "openresty",
        "Strict-Transport-Security": [
          "max-age=31536000; includeSubDomains",
          "max-age=31536000; includeSubDomains"
        ],
        "X-Content-Type-Options": "nosniff",
        "X-Ms-Correlation-Request-Id": "1c613811-f0bf-4ad8-961e-ea34c9ec4766"
      },
      "ResponseBody": {
        "registry": "mohitcontainerregistryanon.azurecr.io",
        "imageName": "library/hello-world",
        "manifests": [
          {
            "digest": "sha256:98c9722322be649df94780d3fbe594fce7996234b259f27eac9428b84050c849",
            "imageSize": 4996,
            "createdTime": "2022-03-07T23:14:30.5317213Z",
            "lastUpdateTime": "2022-03-07T23:14:30.5317213Z",
            "architecture": "riscv64",
            "os": "linux",
            "mediaType": "application/vnd.docker.distribution.manifest.v2\u002Bjson",
            "changeableAttributes": {
              "deleteEnabled": true,
              "writeEnabled": true,
              "readEnabled": true,
              "listEnabled": true,
              "quarantineDetails": "{\u0022state\u0022:\u0022Scan Failed\u0022,\u0022link\u0022:\u0022https://aka.ms/test\u0022,\u0022scanner\u0022:\u0022Azure Security Monitoring-Qualys Scanner\u0022,\u0022result\u0022:{\u0022version\u0022:\u00223/7/2022 11:25:09 PM\u0022,\u0022summary\u0022:[{\u0022severity\u0022:\u0022High\u0022,\u0022count\u0022:0},{\u0022severity\u0022:\u0022Medium\u0022,\u0022count\u0022:0},{\u0022severity\u0022:\u0022Low\u0022,\u0022count\u0022:0}]}}",
              "quarantineState": "Passed"
            }
          },
          {
            "digest": "sha256:b3dd41b5fbccbf0e39bee932466d389214cddcb53fa4ad5d02f29ee4172db8c7",
            "imageSize": 5826,
            "createdTime": "2022-03-07T23:14:30.0033964Z",
            "lastUpdateTime": "2022-03-07T23:14:30.0033964Z",
            "architecture": "amd64",
            "os": "windows",
            "mediaType": "application/vnd.docker.distribution.manifest.v2\u002Bjson",
            "changeableAttributes": {
              "deleteEnabled": true,
              "writeEnabled": true,
              "readEnabled": true,
              "listEnabled": true,
              "quarantineDetails": "{\u0022state\u0022:\u0022Scan Failed\u0022,\u0022link\u0022:\u0022https://aka.ms/test\u0022,\u0022scanner\u0022:\u0022Azure Security Monitoring-Qualys Scanner\u0022,\u0022result\u0022:{\u0022version\u0022:\u00223/7/2022 11:24:56 PM\u0022,\u0022summary\u0022:[{\u0022severity\u0022:\u0022High\u0022,\u0022count\u0022:0},{\u0022severity\u0022:\u0022Medium\u0022,\u0022count\u0022:0},{\u0022severity\u0022:\u0022Low\u0022,\u0022count\u0022:0}]}}",
              "quarantineState": "Passed"
            }
          }
        ]
      }
    },
    {
      "RequestUri": "https://mohitcontainerregistryanon.azurecr.io/acr/v1/library%2Fhello-world/_manifests?last=sha256%3Ab3dd41b5fbccbf0e39bee932466d389214cddcb53fa4ad5d02f29ee4172db8c7\u0026n=2\u0026orderby=",
      "RequestMethod": "GET",
      "RequestHeaders": {
        "Accept": "application/json",
        "User-Agent": "azsdk-net-Containers.ContainerRegistry/1.1.0-alpha.20220307.1 (.NET Core 3.1.22; Microsoft Windows 10.0.22000)",
        "x-ms-client-request-id": "816465cbec0646cd163b2dad0c26530d",
        "x-ms-return-client-request-id": "true"
      },
      "RequestBody": null,
      "StatusCode": 401,
      "ResponseHeaders": {
        "Access-Control-Expose-Headers": [
          "Docker-Content-Digest",
          "WWW-Authenticate",
          "Link",
          "X-Ms-Correlation-Request-Id"
        ],
        "Connection": "keep-alive",
        "Content-Length": "222",
        "Content-Type": "application/json; charset=utf-8",
        "Date": "Mon, 07 Mar 2022 23:33:27 GMT",
        "Docker-Distribution-Api-Version": "registry/2.0",
        "Server": "openresty",
        "Strict-Transport-Security": [
          "max-age=31536000; includeSubDomains",
          "max-age=31536000; includeSubDomains"
        ],
        "WWW-Authenticate": "Bearer realm=\u0022https://mohitcontainerregistryanon.azurecr.io/oauth2/token\u0022,service=\u0022mohitcontainerregistryanon.azurecr.io\u0022,scope=\u0022repository:library/hello-world:metadata_read\u0022",
        "X-Content-Type-Options": "nosniff",
        "X-Ms-Correlation-Request-Id": "bae3e2ac-ea6b-4269-88f1-5747e9dab74d"
      },
      "ResponseBody": {
        "errors": [
          {
            "code": "UNAUTHORIZED",
            "message": "authentication required, visit https://aka.ms/acr/authorization for more information.",
            "detail": [
              {
                "Type": "repository",
                "Name": "library/hello-world",
                "Action": "metadata_read"
              }
            ]
          }
        ]
      }
    },
    {
      "RequestUri": "https://mohitcontainerregistryanon.azurecr.io/oauth2/token?api-version=2021-07-01",
      "RequestMethod": "POST",
      "RequestHeaders": {
        "Accept": "application/json",
        "Content-Length": "146",
        "Content-Type": "application/x-www-form-urlencoded",
        "User-Agent": "azsdk-net-Containers.ContainerRegistry/1.1.0-alpha.20220307.1 (.NET Core 3.1.22; Microsoft Windows 10.0.22000)",
        "x-ms-client-request-id": "391695a56544e03d91d0becf117eecb8",
        "x-ms-return-client-request-id": "true"
      },
      "RequestBody": "service=mohitcontainerregistryanon.azurecr.io\u0026scope=repository%3Alibrary%2Fhello-world%3Ametadata_read\u0026refresh_token=Sanitized\u0026grant_type=password",
      "StatusCode": 200,
      "ResponseHeaders": {
        "Connection": "keep-alive",
        "Content-Type": "application/json; charset=utf-8",
        "Date": "Mon, 07 Mar 2022 23:33:27 GMT",
        "Server": "openresty",
        "Strict-Transport-Security": "max-age=31536000; includeSubDomains",
        "Transfer-Encoding": "chunked",
        "X-Ms-Correlation-Request-Id": "abf0e48c-fb87-4c9b-b52f-597a352b8a60",
        "x-ms-ratelimit-remaining-calls-per-second": "166.4"
      },
      "ResponseBody": {
        "access_token": "eyJhbGciOiJSUzI1NiIsInR5cCI6IkpXVCIsImtpZCI6Ikk3QjY6NlQ0QTpUWlYzOllJT046Rk9ESjpOWlRDOjVVUFk6M0JWMzpGRlhPOlE1NEs6M0JCSzpHVFgzIn0.eyJqdGkiOiIxNDIzYWIwOS0yZWI3LTQ4YTktOGZjOC1mMDM4YmY4NjdjMzMiLCJzdWIiOiJhY3JfYW5vbl9wdWxsIiwibmJmIjoxNjQ2Njk1MDk5LCJleHAiOjE2NDY2OTYyOTksImlhdCI6MTY0NjY5NTA5OSwiaXNzIjoiQXp1cmUgQ29udGFpbmVyIFJlZ2lzdHJ5IiwiYXVkIjoibW9oaXRjb250YWluZXJyZWdpc3RyeWFub24uYXp1cmVjci5pbyIsInZlcnNpb24iOiIxLjAiLCJyaWQiOiI5MTcyZjJkYTU2ZmQ0MjQ3YmYzOTczYzhkNDhkZjNjMCIsImFjY2VzcyI6W3siVHlwZSI6InJlcG9zaXRvcnkiLCJOYW1lIjoiKiIsIkFjdGlvbnMiOlsicHVsbCJdfV0sInJvbGVzIjpbXSwiZ3JhbnRfdHlwZSI6ImFjY2Vzc190b2tlbiJ9.CBx9O6iNQejydptaC6AEm-PXtroK9ILiaAh8GHFcItc2bU0apccwyOKgHb36uif2WIdhoTHWVRMkatDD1yALusb2r20COrouPRGk2iMCtsuGNtYA3xDPbeK8VTZN3r7ep0NAfU6y9BePipIAz-b8uhkWwdMTu8hUr2iY4JIPLN3keq5qH9tr9d1JM6VkEblj0pjxlmxjm_Z6wOma_5Th4SHWSWTByb9rk6lMufuPUaLr1PUxmzWnWm-WMXFGpMQZwv8jLEVe2988a2J3gm633SlpNGFG7FPo8jqCkbOsUs1MH3cEa7kA6TUNGPFUSibilNdBQwIcqRvYTFto2hHvLw"
      }
    },
    {
      "RequestUri": "https://mohitcontainerregistryanon.azurecr.io/acr/v1/library%2Fhello-world/_manifests?last=sha256%3Ab3dd41b5fbccbf0e39bee932466d389214cddcb53fa4ad5d02f29ee4172db8c7\u0026n=2\u0026orderby=",
      "RequestMethod": "GET",
      "RequestHeaders": {
        "Accept": "application/json",
        "Authorization": "Sanitized",
        "User-Agent": "azsdk-net-Containers.ContainerRegistry/1.1.0-alpha.20220307.1 (.NET Core 3.1.22; Microsoft Windows 10.0.22000)",
        "x-ms-client-request-id": "816465cbec0646cd163b2dad0c26530d",
        "x-ms-return-client-request-id": "true"
      },
      "RequestBody": null,
      "StatusCode": 200,
      "ResponseHeaders": {
        "Access-Control-Expose-Headers": [
          "Docker-Content-Digest",
          "WWW-Authenticate",
          "Link",
          "X-Ms-Correlation-Request-Id"
        ],
        "Connection": "keep-alive",
        "Content-Length": "1590",
        "Content-Type": "application/json; charset=utf-8",
        "Date": "Mon, 07 Mar 2022 23:33:27 GMT",
        "Docker-Distribution-Api-Version": "registry/2.0",
        "Link": "\u003C/acr/v1/library%2Fhello-world/_manifests?last=sha256%3Ac2f204d26b4ea353651385001bb6bc371d8c4edcd9daf61d00ad365d927e00c0\u0026n=2\u0026orderby=\u003E; rel=\u0022next\u0022",
        "Server": "openresty",
        "Strict-Transport-Security": [
          "max-age=31536000; includeSubDomains",
          "max-age=31536000; includeSubDomains"
        ],
        "X-Content-Type-Options": "nosniff",
        "X-Ms-Correlation-Request-Id": "ccbbab57-8015-47d2-934e-937a8eba8d99"
      },
      "ResponseBody": {
        "registry": "mohitcontainerregistryanon.azurecr.io",
        "imageName": "library/hello-world",
        "manifests": [
          {
            "digest": "sha256:b836bb24a270b9cc935962d8228517fde0f16990e88893d935efcb1b14c0017a",
            "imageSize": 5925,
            "createdTime": "2022-03-07T23:14:30.6287113Z",
            "lastUpdateTime": "2022-03-07T23:14:30.6287113Z",
            "architecture": "ppc64le",
            "os": "linux",
            "mediaType": "application/vnd.docker.distribution.manifest.v2\u002Bjson",
            "changeableAttributes": {
              "deleteEnabled": true,
              "writeEnabled": true,
              "readEnabled": true,
              "listEnabled": true,
              "quarantineDetails": "{\u0022state\u0022:\u0022Scan Failed\u0022,\u0022link\u0022:\u0022https://aka.ms/test\u0022,\u0022scanner\u0022:\u0022Azure Security Monitoring-Qualys Scanner\u0022,\u0022result\u0022:{\u0022version\u0022:\u00223/7/2022 11:24:54 PM\u0022,\u0022summary\u0022:[{\u0022severity\u0022:\u0022High\u0022,\u0022count\u0022:0},{\u0022severity\u0022:\u0022Medium\u0022,\u0022count\u0022:0},{\u0022severity\u0022:\u0022Low\u0022,\u0022count\u0022:0}]}}",
              "quarantineState": "Passed"
            }
          },
          {
            "digest": "sha256:c2f204d26b4ea353651385001bb6bc371d8c4edcd9daf61d00ad365d927e00c0",
            "imageSize": 6088,
            "createdTime": "2022-03-07T23:14:30.4624076Z",
            "lastUpdateTime": "2022-03-07T23:14:30.4624076Z",
            "architecture": "mips64le",
            "os": "linux",
            "mediaType": "application/vnd.docker.distribution.manifest.v2\u002Bjson",
            "changeableAttributes": {
              "deleteEnabled": true,
              "writeEnabled": true,
              "readEnabled": true,
              "listEnabled": true,
              "quarantineDetails": "{\u0022state\u0022:\u0022Scan Failed\u0022,\u0022link\u0022:\u0022https://aka.ms/test\u0022,\u0022scanner\u0022:\u0022Azure Security Monitoring-Qualys Scanner\u0022,\u0022result\u0022:{\u0022version\u0022:\u00223/7/2022 11:24:55 PM\u0022,\u0022summary\u0022:[{\u0022severity\u0022:\u0022High\u0022,\u0022count\u0022:0},{\u0022severity\u0022:\u0022Medium\u0022,\u0022count\u0022:0},{\u0022severity\u0022:\u0022Low\u0022,\u0022count\u0022:0}]}}",
              "quarantineState": "Passed"
            }
          }
        ]
      }
    },
    {
      "RequestUri": "https://mohitcontainerregistryanon.azurecr.io/acr/v1/library%2Fhello-world/_manifests?last=sha256%3Ac2f204d26b4ea353651385001bb6bc371d8c4edcd9daf61d00ad365d927e00c0\u0026n=2\u0026orderby=",
      "RequestMethod": "GET",
      "RequestHeaders": {
        "Accept": "application/json",
        "User-Agent": "azsdk-net-Containers.ContainerRegistry/1.1.0-alpha.20220307.1 (.NET Core 3.1.22; Microsoft Windows 10.0.22000)",
        "x-ms-client-request-id": "ed21ba6803b900bb8b1b99f478dfb082",
        "x-ms-return-client-request-id": "true"
      },
      "RequestBody": null,
      "StatusCode": 401,
      "ResponseHeaders": {
        "Access-Control-Expose-Headers": [
          "Docker-Content-Digest",
          "WWW-Authenticate",
          "Link",
          "X-Ms-Correlation-Request-Id"
        ],
        "Connection": "keep-alive",
        "Content-Length": "222",
        "Content-Type": "application/json; charset=utf-8",
        "Date": "Mon, 07 Mar 2022 23:33:27 GMT",
        "Docker-Distribution-Api-Version": "registry/2.0",
        "Server": "openresty",
        "Strict-Transport-Security": [
          "max-age=31536000; includeSubDomains",
          "max-age=31536000; includeSubDomains"
        ],
        "WWW-Authenticate": "Bearer realm=\u0022https://mohitcontainerregistryanon.azurecr.io/oauth2/token\u0022,service=\u0022mohitcontainerregistryanon.azurecr.io\u0022,scope=\u0022repository:library/hello-world:metadata_read\u0022",
        "X-Content-Type-Options": "nosniff",
        "X-Ms-Correlation-Request-Id": "821a3523-7d70-40ad-9aad-b728fc58ffbb"
      },
      "ResponseBody": {
        "errors": [
          {
            "code": "UNAUTHORIZED",
            "message": "authentication required, visit https://aka.ms/acr/authorization for more information.",
            "detail": [
              {
                "Type": "repository",
                "Name": "library/hello-world",
                "Action": "metadata_read"
              }
            ]
          }
        ]
      }
    },
    {
      "RequestUri": "https://mohitcontainerregistryanon.azurecr.io/oauth2/token?api-version=2021-07-01",
      "RequestMethod": "POST",
      "RequestHeaders": {
        "Accept": "application/json",
        "Content-Length": "146",
        "Content-Type": "application/x-www-form-urlencoded",
        "User-Agent": "azsdk-net-Containers.ContainerRegistry/1.1.0-alpha.20220307.1 (.NET Core 3.1.22; Microsoft Windows 10.0.22000)",
        "x-ms-client-request-id": "fe08888ed56865d52883ef362dfd3497",
        "x-ms-return-client-request-id": "true"
      },
      "RequestBody": "service=mohitcontainerregistryanon.azurecr.io\u0026scope=repository%3Alibrary%2Fhello-world%3Ametadata_read\u0026refresh_token=Sanitized\u0026grant_type=password",
      "StatusCode": 200,
      "ResponseHeaders": {
        "Connection": "keep-alive",
        "Content-Type": "application/json; charset=utf-8",
        "Date": "Mon, 07 Mar 2022 23:33:27 GMT",
        "Server": "openresty",
        "Strict-Transport-Security": "max-age=31536000; includeSubDomains",
        "Transfer-Encoding": "chunked",
        "X-Ms-Correlation-Request-Id": "d4d4365b-9e8d-4b70-9d35-553e76348d59",
        "x-ms-ratelimit-remaining-calls-per-second": "166.383333"
      },
      "ResponseBody": {
        "access_token": "eyJhbGciOiJSUzI1NiIsInR5cCI6IkpXVCIsImtpZCI6Ikk3QjY6NlQ0QTpUWlYzOllJT046Rk9ESjpOWlRDOjVVUFk6M0JWMzpGRlhPOlE1NEs6M0JCSzpHVFgzIn0.eyJqdGkiOiIxNDIzYWIwOS0yZWI3LTQ4YTktOGZjOC1mMDM4YmY4NjdjMzMiLCJzdWIiOiJhY3JfYW5vbl9wdWxsIiwibmJmIjoxNjQ2Njk1MDk5LCJleHAiOjE2NDY2OTYyOTksImlhdCI6MTY0NjY5NTA5OSwiaXNzIjoiQXp1cmUgQ29udGFpbmVyIFJlZ2lzdHJ5IiwiYXVkIjoibW9oaXRjb250YWluZXJyZWdpc3RyeWFub24uYXp1cmVjci5pbyIsInZlcnNpb24iOiIxLjAiLCJyaWQiOiI5MTcyZjJkYTU2ZmQ0MjQ3YmYzOTczYzhkNDhkZjNjMCIsImFjY2VzcyI6W3siVHlwZSI6InJlcG9zaXRvcnkiLCJOYW1lIjoiKiIsIkFjdGlvbnMiOlsicHVsbCJdfV0sInJvbGVzIjpbXSwiZ3JhbnRfdHlwZSI6ImFjY2Vzc190b2tlbiJ9.CBx9O6iNQejydptaC6AEm-PXtroK9ILiaAh8GHFcItc2bU0apccwyOKgHb36uif2WIdhoTHWVRMkatDD1yALusb2r20COrouPRGk2iMCtsuGNtYA3xDPbeK8VTZN3r7ep0NAfU6y9BePipIAz-b8uhkWwdMTu8hUr2iY4JIPLN3keq5qH9tr9d1JM6VkEblj0pjxlmxjm_Z6wOma_5Th4SHWSWTByb9rk6lMufuPUaLr1PUxmzWnWm-WMXFGpMQZwv8jLEVe2988a2J3gm633SlpNGFG7FPo8jqCkbOsUs1MH3cEa7kA6TUNGPFUSibilNdBQwIcqRvYTFto2hHvLw"
      }
    },
    {
      "RequestUri": "https://mohitcontainerregistryanon.azurecr.io/acr/v1/library%2Fhello-world/_manifests?last=sha256%3Ac2f204d26b4ea353651385001bb6bc371d8c4edcd9daf61d00ad365d927e00c0\u0026n=2\u0026orderby=",
      "RequestMethod": "GET",
      "RequestHeaders": {
        "Accept": "application/json",
        "Authorization": "Sanitized",
        "User-Agent": "azsdk-net-Containers.ContainerRegistry/1.1.0-alpha.20220307.1 (.NET Core 3.1.22; Microsoft Windows 10.0.22000)",
        "x-ms-client-request-id": "ed21ba6803b900bb8b1b99f478dfb082",
        "x-ms-return-client-request-id": "true"
      },
      "RequestBody": null,
      "StatusCode": 200,
      "ResponseHeaders": {
        "Access-Control-Expose-Headers": [
          "Docker-Content-Digest",
          "WWW-Authenticate",
          "Link",
          "X-Ms-Correlation-Request-Id"
        ],
        "Connection": "keep-alive",
        "Content-Length": "1583",
        "Content-Type": "application/json; charset=utf-8",
        "Date": "Mon, 07 Mar 2022 23:33:27 GMT",
        "Docker-Distribution-Api-Version": "registry/2.0",
        "Link": "\u003C/acr/v1/library%2Fhello-world/_manifests?last=sha256%3Af130bd2d67e6e9280ac6d0a6c83857bfaf70234e8ef4236876eccfbd30973b1c\u0026n=2\u0026orderby=\u003E; rel=\u0022next\u0022",
        "Server": "openresty",
        "Strict-Transport-Security": [
          "max-age=31536000; includeSubDomains",
          "max-age=31536000; includeSubDomains"
        ],
        "X-Content-Type-Options": "nosniff",
        "X-Ms-Correlation-Request-Id": "b919da5e-ea61-48c0-a829-272fb3cb6117"
      },
      "ResponseBody": {
        "registry": "mohitcontainerregistryanon.azurecr.io",
        "imageName": "library/hello-world",
        "manifests": [
          {
            "digest": "sha256:c7b6944911848ce39b44ed660d95fb54d69bbd531de724c7ce6fc9f743c0b861",
            "imageSize": 5270,
            "createdTime": "2022-03-07T23:14:30.0435603Z",
            "lastUpdateTime": "2022-03-07T23:14:30.0435603Z",
            "architecture": "s390x",
            "os": "linux",
            "mediaType": "application/vnd.docker.distribution.manifest.v2\u002Bjson",
            "changeableAttributes": {
              "deleteEnabled": true,
              "writeEnabled": true,
              "readEnabled": true,
              "listEnabled": true,
              "quarantineDetails": "{\u0022state\u0022:\u0022Scan Failed\u0022,\u0022link\u0022:\u0022https://aka.ms/test\u0022,\u0022scanner\u0022:\u0022Azure Security Monitoring-Qualys Scanner\u0022,\u0022result\u0022:{\u0022version\u0022:\u00223/7/2022 11:24:54 PM\u0022,\u0022summary\u0022:[{\u0022severity\u0022:\u0022High\u0022,\u0022count\u0022:0},{\u0022severity\u0022:\u0022Medium\u0022,\u0022count\u0022:0},{\u0022severity\u0022:\u0022Low\u0022,\u0022count\u0022:0}]}}",
              "quarantineState": "Passed"
            }
          },
          {
            "digest": "sha256:f130bd2d67e6e9280ac6d0a6c83857bfaf70234e8ef4236876eccfbd30973b1c",
            "imageSize": 5000,
            "createdTime": "2022-03-07T23:14:30.1093643Z",
            "lastUpdateTime": "2022-03-07T23:14:30.1093643Z",
            "architecture": "arm",
            "os": "linux",
            "mediaType": "application/vnd.docker.distribution.manifest.v2\u002Bjson",
            "changeableAttributes": {
              "deleteEnabled": true,
              "writeEnabled": true,
              "readEnabled": true,
              "listEnabled": true,
              "quarantineDetails": "{\u0022state\u0022:\u0022Scan Failed\u0022,\u0022link\u0022:\u0022https://aka.ms/test\u0022,\u0022scanner\u0022:\u0022Azure Security Monitoring-Qualys Scanner\u0022,\u0022result\u0022:{\u0022version\u0022:\u00223/7/2022 11:25:11 PM\u0022,\u0022summary\u0022:[{\u0022severity\u0022:\u0022High\u0022,\u0022count\u0022:0},{\u0022severity\u0022:\u0022Medium\u0022,\u0022count\u0022:0},{\u0022severity\u0022:\u0022Low\u0022,\u0022count\u0022:0}]}}",
              "quarantineState": "Passed"
            }
          }
        ]
      }
    },
    {
      "RequestUri": "https://mohitcontainerregistryanon.azurecr.io/acr/v1/library%2Fhello-world/_manifests?last=sha256%3Af130bd2d67e6e9280ac6d0a6c83857bfaf70234e8ef4236876eccfbd30973b1c\u0026n=2\u0026orderby=",
      "RequestMethod": "GET",
      "RequestHeaders": {
        "Accept": "application/json",
        "User-Agent": "azsdk-net-Containers.ContainerRegistry/1.1.0-alpha.20220307.1 (.NET Core 3.1.22; Microsoft Windows 10.0.22000)",
        "x-ms-client-request-id": "5145754f6605a253da15ae29cc4868b2",
        "x-ms-return-client-request-id": "true"
      },
      "RequestBody": null,
      "StatusCode": 401,
      "ResponseHeaders": {
        "Access-Control-Expose-Headers": [
          "Docker-Content-Digest",
          "WWW-Authenticate",
          "Link",
          "X-Ms-Correlation-Request-Id"
        ],
        "Connection": "keep-alive",
        "Content-Length": "222",
        "Content-Type": "application/json; charset=utf-8",
        "Date": "Mon, 07 Mar 2022 23:33:27 GMT",
        "Docker-Distribution-Api-Version": "registry/2.0",
        "Server": "openresty",
        "Strict-Transport-Security": [
          "max-age=31536000; includeSubDomains",
          "max-age=31536000; includeSubDomains"
        ],
        "WWW-Authenticate": "Bearer realm=\u0022https://mohitcontainerregistryanon.azurecr.io/oauth2/token\u0022,service=\u0022mohitcontainerregistryanon.azurecr.io\u0022,scope=\u0022repository:library/hello-world:metadata_read\u0022",
        "X-Content-Type-Options": "nosniff",
        "X-Ms-Correlation-Request-Id": "b27bffe5-8be7-4168-9478-e480fe7db65a"
      },
      "ResponseBody": {
        "errors": [
          {
            "code": "UNAUTHORIZED",
            "message": "authentication required, visit https://aka.ms/acr/authorization for more information.",
            "detail": [
              {
                "Type": "repository",
                "Name": "library/hello-world",
                "Action": "metadata_read"
              }
            ]
          }
        ]
      }
    },
    {
      "RequestUri": "https://mohitcontainerregistryanon.azurecr.io/oauth2/token?api-version=2021-07-01",
      "RequestMethod": "POST",
      "RequestHeaders": {
        "Accept": "application/json",
        "Content-Length": "146",
        "Content-Type": "application/x-www-form-urlencoded",
        "User-Agent": "azsdk-net-Containers.ContainerRegistry/1.1.0-alpha.20220307.1 (.NET Core 3.1.22; Microsoft Windows 10.0.22000)",
        "x-ms-client-request-id": "89403b20ed75924fe5bbc5351485d28d",
        "x-ms-return-client-request-id": "true"
      },
      "RequestBody": "service=mohitcontainerregistryanon.azurecr.io\u0026scope=repository%3Alibrary%2Fhello-world%3Ametadata_read\u0026refresh_token=Sanitized\u0026grant_type=password",
      "StatusCode": 200,
      "ResponseHeaders": {
        "Connection": "keep-alive",
        "Content-Type": "application/json; charset=utf-8",
        "Date": "Mon, 07 Mar 2022 23:33:27 GMT",
        "Server": "openresty",
        "Strict-Transport-Security": "max-age=31536000; includeSubDomains",
        "Transfer-Encoding": "chunked",
        "X-Ms-Correlation-Request-Id": "a97d39aa-3437-40ec-b0ef-889a45093d78",
        "x-ms-ratelimit-remaining-calls-per-second": "166.366667"
      },
      "ResponseBody": {
        "access_token": "eyJhbGciOiJSUzI1NiIsInR5cCI6IkpXVCIsImtpZCI6Ikk3QjY6NlQ0QTpUWlYzOllJT046Rk9ESjpOWlRDOjVVUFk6M0JWMzpGRlhPOlE1NEs6M0JCSzpHVFgzIn0.eyJqdGkiOiIxNDIzYWIwOS0yZWI3LTQ4YTktOGZjOC1mMDM4YmY4NjdjMzMiLCJzdWIiOiJhY3JfYW5vbl9wdWxsIiwibmJmIjoxNjQ2Njk1MDk5LCJleHAiOjE2NDY2OTYyOTksImlhdCI6MTY0NjY5NTA5OSwiaXNzIjoiQXp1cmUgQ29udGFpbmVyIFJlZ2lzdHJ5IiwiYXVkIjoibW9oaXRjb250YWluZXJyZWdpc3RyeWFub24uYXp1cmVjci5pbyIsInZlcnNpb24iOiIxLjAiLCJyaWQiOiI5MTcyZjJkYTU2ZmQ0MjQ3YmYzOTczYzhkNDhkZjNjMCIsImFjY2VzcyI6W3siVHlwZSI6InJlcG9zaXRvcnkiLCJOYW1lIjoiKiIsIkFjdGlvbnMiOlsicHVsbCJdfV0sInJvbGVzIjpbXSwiZ3JhbnRfdHlwZSI6ImFjY2Vzc190b2tlbiJ9.CBx9O6iNQejydptaC6AEm-PXtroK9ILiaAh8GHFcItc2bU0apccwyOKgHb36uif2WIdhoTHWVRMkatDD1yALusb2r20COrouPRGk2iMCtsuGNtYA3xDPbeK8VTZN3r7ep0NAfU6y9BePipIAz-b8uhkWwdMTu8hUr2iY4JIPLN3keq5qH9tr9d1JM6VkEblj0pjxlmxjm_Z6wOma_5Th4SHWSWTByb9rk6lMufuPUaLr1PUxmzWnWm-WMXFGpMQZwv8jLEVe2988a2J3gm633SlpNGFG7FPo8jqCkbOsUs1MH3cEa7kA6TUNGPFUSibilNdBQwIcqRvYTFto2hHvLw"
      }
    },
    {
      "RequestUri": "https://mohitcontainerregistryanon.azurecr.io/acr/v1/library%2Fhello-world/_manifests?last=sha256%3Af130bd2d67e6e9280ac6d0a6c83857bfaf70234e8ef4236876eccfbd30973b1c\u0026n=2\u0026orderby=",
      "RequestMethod": "GET",
      "RequestHeaders": {
        "Accept": "application/json",
        "Authorization": "Sanitized",
        "User-Agent": "azsdk-net-Containers.ContainerRegistry/1.1.0-alpha.20220307.1 (.NET Core 3.1.22; Microsoft Windows 10.0.22000)",
        "x-ms-client-request-id": "5145754f6605a253da15ae29cc4868b2",
        "x-ms-return-client-request-id": "true"
      },
      "RequestBody": null,
      "StatusCode": 200,
      "ResponseHeaders": {
        "Access-Control-Expose-Headers": [
          "Docker-Content-Digest",
          "WWW-Authenticate",
          "Link",
          "X-Ms-Correlation-Request-Id"
        ],
        "Connection": "keep-alive",
        "Content-Length": "1585",
        "Content-Type": "application/json; charset=utf-8",
        "Date": "Mon, 07 Mar 2022 23:33:28 GMT",
        "Docker-Distribution-Api-Version": "registry/2.0",
        "Server": "openresty",
        "Strict-Transport-Security": [
          "max-age=31536000; includeSubDomains",
          "max-age=31536000; includeSubDomains"
        ],
        "X-Content-Type-Options": "nosniff",
        "X-Ms-Correlation-Request-Id": "b6319ea1-c6ef-443e-b91a-bad29679c292"
      },
      "ResponseBody": {
        "registry": "mohitcontainerregistryanon.azurecr.io",
        "imageName": "library/hello-world",
        "manifests": [
          {
            "digest": "sha256:f54a58bc1aac5ea1a25d796ae155dc228b3f0e11d046ae276b39c4bf2f13d8c4",
            "imageSize": 4473,
            "createdTime": "2022-03-07T23:14:30.4005861Z",
            "lastUpdateTime": "2022-03-07T23:14:30.4005861Z",
            "architecture": "amd64",
            "os": "linux",
            "mediaType": "application/vnd.docker.distribution.manifest.v2\u002Bjson",
            "changeableAttributes": {
              "deleteEnabled": true,
              "writeEnabled": true,
              "readEnabled": true,
              "listEnabled": true,
              "quarantineDetails": "{\u0022state\u0022:\u0022Scan Failed\u0022,\u0022link\u0022:\u0022https://aka.ms/test\u0022,\u0022scanner\u0022:\u0022Azure Security Monitoring-Qualys Scanner\u0022,\u0022result\u0022:{\u0022version\u0022:\u00223/7/2022 11:25:09 PM\u0022,\u0022summary\u0022:[{\u0022severity\u0022:\u0022High\u0022,\u0022count\u0022:0},{\u0022severity\u0022:\u0022Medium\u0022,\u0022count\u0022:0},{\u0022severity\u0022:\u0022Low\u0022,\u0022count\u0022:0}]}}",
              "quarantineState": "Passed"
            }
          },
          {
            "digest": "sha256:fdea2bf76c9a47fc0b81958cb87aa65448012ef36ce051a72a09db398efdf7cc",
            "imageSize": 5840,
            "createdTime": "2022-03-07T23:14:30.574057Z",
            "lastUpdateTime": "2022-03-07T23:14:30.574057Z",
            "architecture": "amd64",
            "os": "windows",
            "mediaType": "application/vnd.docker.distribution.manifest.v2\u002Bjson",
            "changeableAttributes": {
              "deleteEnabled": true,
              "writeEnabled": true,
              "readEnabled": true,
              "listEnabled": true,
              "quarantineDetails": "{\u0022state\u0022:\u0022Scan Failed\u0022,\u0022link\u0022:\u0022https://aka.ms/test\u0022,\u0022scanner\u0022:\u0022Azure Security Monitoring-Qualys Scanner\u0022,\u0022result\u0022:{\u0022version\u0022:\u00223/7/2022 11:24:56 PM\u0022,\u0022summary\u0022:[{\u0022severity\u0022:\u0022High\u0022,\u0022count\u0022:0},{\u0022severity\u0022:\u0022Medium\u0022,\u0022count\u0022:0},{\u0022severity\u0022:\u0022Low\u0022,\u0022count\u0022:0}]}}",
              "quarantineState": "Passed"
            }
          }
        ]
      }
    }
  ],
  "Variables": {
    "CONTAINERREGISTRY_ANONREGISTRY_ENDPOINT": "https://mohitcontainerregistryanon.azurecr.io",
    "CONTAINERREGISTRY_ENDPOINT": "https://mohitcontainerregistry.azurecr.io",
    "RandomSeed": "1513317610"
  }
}
