{
  "Entries": [
    {
      "RequestUri": "https://mohitcontainerregistry.azurecr.io/acr/v1/library%2Fhello-world/_manifests?api-version=2021-07-01",
      "RequestMethod": "GET",
      "RequestHeaders": {
        "Accept": "application/json",
        "User-Agent": "azsdk-net-Containers.ContainerRegistry/1.1.0-alpha.20220327.1 (.NET 6.0.1; Microsoft Windows 10.0.22000)",
        "x-ms-client-request-id": "4823551ebe4f65d8ecaea362c0b688ed",
        "x-ms-return-client-request-id": "true"
      },
      "RequestBody": null,
      "StatusCode": 401,
      "ResponseHeaders": {
        "Access-Control-Expose-Headers": [
          "Docker-Content-Digest",
          "WWW-Authenticate",
          "Link",
          "X-Ms-Correlation-Request-Id"
        ],
        "Connection": "keep-alive",
        "Content-Length": "222",
        "Content-Type": "application/json; charset=utf-8",
        "Date": "Tue, 29 Mar 2022 06:53:29 GMT",
        "Docker-Distribution-Api-Version": "registry/2.0",
        "Server": "openresty",
        "Strict-Transport-Security": [
          "max-age=31536000; includeSubDomains",
          "max-age=31536000; includeSubDomains"
        ],
        "WWW-Authenticate": "Bearer realm=\u0022https://mohitcontainerregistry.azurecr.io/oauth2/token\u0022,service=\u0022mohitcontainerregistry.azurecr.io\u0022,scope=\u0022repository:library/hello-world:metadata_read\u0022",
        "X-Content-Type-Options": "nosniff",
        "X-Ms-Correlation-Request-Id": "8b9b1df8-6e62-4515-baa6-f370f2e8a866"
      },
      "ResponseBody": {
        "errors": [
          {
            "code": "UNAUTHORIZED",
            "message": "authentication required, visit https://aka.ms/acr/authorization for more information.",
            "detail": [
              {
                "Type": "repository",
                "Name": "library/hello-world",
                "Action": "metadata_read"
              }
            ]
          }
        ]
      }
    },
    {
      "RequestUri": "https://mohitcontainerregistry.azurecr.io/oauth2/exchange?api-version=2021-07-01",
      "RequestMethod": "POST",
      "RequestHeaders": {
        "Accept": "application/json",
        "Content-Length": "88",
        "Content-Type": "application/x-www-form-urlencoded",
        "User-Agent": "azsdk-net-Containers.ContainerRegistry/1.1.0-alpha.20220327.1 (.NET 6.0.1; Microsoft Windows 10.0.22000)",
        "x-ms-client-request-id": "cfe6fff05e5c219f58899d4d1002d27d",
        "x-ms-return-client-request-id": "true"
      },
      "RequestBody": "grant_type=access_token\u0026service=mohitcontainerregistry.azurecr.io\u0026access_token=Sanitized",
      "StatusCode": 200,
      "ResponseHeaders": {
        "Connection": "keep-alive",
        "Content-Type": "application/json; charset=utf-8",
        "Date": "Tue, 29 Mar 2022 06:53:29 GMT",
        "Server": "openresty",
        "Strict-Transport-Security": "max-age=31536000; includeSubDomains",
        "Transfer-Encoding": "chunked",
        "X-Ms-Correlation-Request-Id": "115f556e-a297-4313-abd5-263ade23d864",
        "x-ms-ratelimit-remaining-calls-per-second": "166.2"
      },
      "ResponseBody": {
        "refresh_token": "eyJhbGciOiJSUzI1NiIsInR5cCI6IkpXVCIsImtpZCI6Ikk3QjY6NlQ0QTpUWlYzOllJT046Rk9ESjpOWlRDOjVVUFk6M0JWMzpGRlhPOlE1NEs6M0JCSzpHVFgzIn0.eyJqdGkiOiI4ZTRmZTMxNi1mOGU4LTQ2MTAtOWQzMC01ZGM1ZjNhNTBjNDUiLCJzdWIiOiI2MTc3ODlhMi1lYWIyLTRmYzctYjM5YS1iODVmZDdlYWQzZGIiLCJuYmYiOjE2NDg1MzU5MDksImV4cCI6MTY0ODU0NzYwOSwiaWF0IjoxNjQ4NTM1OTA5LCJpc3MiOiJBenVyZSBDb250YWluZXIgUmVnaXN0cnkiLCJhdWQiOiJtb2hpdGNvbnRhaW5lcnJlZ2lzdHJ5LmF6dXJlY3IuaW8iLCJ2ZXJzaW9uIjoiMS4wIiwicmlkIjoiNmRiNTFmYzFhZGVkNDgyODkzN2FhNTRkNzQyZDg0MjUiLCJncmFudF90eXBlIjoicmVmcmVzaF90b2tlbiIsImFwcGlkIjoiMDNiMWEyNDMtZWNjZi00MmUzLWJjZjktNmM4MTEzOWM4ZTA1IiwicGVybWlzc2lvbnMiOnsiQWN0aW9ucyI6WyJyZWFkIiwid3JpdGUiLCJkZWxldGUiXSwiTm90QWN0aW9ucyI6bnVsbH0sInJvbGVzIjpbXX0.jznrtL4_HPHKlJ8Xw-FVQ1JcYZHdmpego1WfE8XCBlsgYVtetrcBVGt4A9iM3qALtUWX8ZEhDlbDgF1hyQ64F4ClvBh7hdFX_3eE9TNLxB1zHtv2kzVv65D625qslPni-DnxBumNxDzwC2ZgcYeB57WwNhWZCgvVFcaph2vYPekIuvpIK3BAuhzyc71IvkBtD23cqe2MgBE9dMcmYarUD2NF0L3dNNmw2Ww5UtiIAO003HhK8VLnA_JNPubxVYWNxCp2i5M2EMNO9uTYqniPFWMldL4g23RsbUumvRUj2EVmH1Y6O9TxhrYHvhV1Zi4aRdFc1ZyODJjcduIf5oGQew"
      }
    },
    {
      "RequestUri": "https://mohitcontainerregistry.azurecr.io/oauth2/token?api-version=2021-07-01",
      "RequestMethod": "POST",
      "RequestHeaders": {
        "Accept": "application/json",
        "Content-Length": "147",
        "Content-Type": "application/x-www-form-urlencoded",
        "User-Agent": "azsdk-net-Containers.ContainerRegistry/1.1.0-alpha.20220327.1 (.NET 6.0.1; Microsoft Windows 10.0.22000)",
        "x-ms-client-request-id": "5cf92d753fe6227e1c821d67845a5720",
        "x-ms-return-client-request-id": "true"
      },
      "RequestBody": "service=mohitcontainerregistry.azurecr.io\u0026scope=repository%3Alibrary%2Fhello-world%3Ametadata_read\u0026refresh_token=Sanitized\u0026grant_type=refresh_token",
      "StatusCode": 200,
      "ResponseHeaders": {
        "Connection": "keep-alive",
        "Content-Type": "application/json; charset=utf-8",
        "Date": "Tue, 29 Mar 2022 06:53:29 GMT",
        "Server": "openresty",
        "Strict-Transport-Security": "max-age=31536000; includeSubDomains",
        "Transfer-Encoding": "chunked",
        "X-Ms-Correlation-Request-Id": "918829a4-a036-4fcb-b185-b2f0249776f8",
        "x-ms-ratelimit-remaining-calls-per-second": "166.183333"
      },
      "ResponseBody": {
        "access_token": "eyJhbGciOiJSUzI1NiIsInR5cCI6IkpXVCIsImtpZCI6Ikk3QjY6NlQ0QTpUWlYzOllJT046Rk9ESjpOWlRDOjVVUFk6M0JWMzpGRlhPOlE1NEs6M0JCSzpHVFgzIn0.eyJqdGkiOiI0NTkyZTk0Yy00MWRmLTRjOTktYmIzNS02ZWYyNjMzZWU1MWYiLCJzdWIiOiI2MTc3ODlhMi1lYWIyLTRmYzctYjM5YS1iODVmZDdlYWQzZGIiLCJuYmYiOjE2NDg1MzU5MDksImV4cCI6MTY0ODU0MDQwOSwiaWF0IjoxNjQ4NTM1OTA5LCJpc3MiOiJBenVyZSBDb250YWluZXIgUmVnaXN0cnkiLCJhdWQiOiJtb2hpdGNvbnRhaW5lcnJlZ2lzdHJ5LmF6dXJlY3IuaW8iLCJ2ZXJzaW9uIjoiMi4wIiwicmlkIjoiNmRiNTFmYzFhZGVkNDgyODkzN2FhNTRkNzQyZDg0MjUiLCJhY2Nlc3MiOlt7IlR5cGUiOiJyZXBvc2l0b3J5IiwiTmFtZSI6ImxpYnJhcnkvaGVsbG8td29ybGQiLCJBY3Rpb25zIjpbIm1ldGFkYXRhX3JlYWQiXX1dLCJyb2xlcyI6W10sImdyYW50X3R5cGUiOiJhY2Nlc3NfdG9rZW4iLCJhcHBpZCI6IjAzYjFhMjQzLWVjY2YtNDJlMy1iY2Y5LTZjODExMzljOGUwNSJ9.HZhxUjjxWIRe9xHNfR2rj33BL8oNkLtDJvgEbsfTqYM_1jESrSYWd5ykRw-hiC4C2RbgYc2v_SAGY3U7NxaSuu3vEA7j--LFSLrELnkWDgnpho5phQY0J7J1NpgC1Jwe9zWCK15Jj50TLgWDLipyoXdtlj69FUkIM4VfiFbmrKdR6SiHanxVGQONklnI0DAK3cXSv1xlZNIR9gGZnibTD_HEI_5P_moGlWZQbVqHg7r554c9ikc2-0UHwMFja6UvTaVQ9ApFGQVkpXOzP_denNGZJzblW66IlXDxZYyDUlvOasNklA-DRmBlSnop9mSu-Y5I5q0c4XjBlOZXLe5Hcw"
      }
    },
    {
      "RequestUri": "https://mohitcontainerregistry.azurecr.io/acr/v1/library%2Fhello-world/_manifests?api-version=2021-07-01",
      "RequestMethod": "GET",
      "RequestHeaders": {
        "Accept": "application/json",
        "Authorization": "Sanitized",
        "User-Agent": "azsdk-net-Containers.ContainerRegistry/1.1.0-alpha.20220327.1 (.NET 6.0.1; Microsoft Windows 10.0.22000)",
        "x-ms-client-request-id": "4823551ebe4f65d8ecaea362c0b688ed",
        "x-ms-return-client-request-id": "true"
      },
      "RequestBody": null,
      "StatusCode": 200,
      "ResponseHeaders": {
        "Access-Control-Expose-Headers": [
          "Docker-Content-Digest",
          "WWW-Authenticate",
          "Link",
          "X-Ms-Correlation-Request-Id"
        ],
        "Connection": "keep-alive",
        "Content-Type": "application/json; charset=utf-8",
        "Date": "Tue, 29 Mar 2022 06:53:30 GMT",
        "Docker-Distribution-Api-Version": "registry/2.0",
        "Server": "openresty",
        "Strict-Transport-Security": [
          "max-age=31536000; includeSubDomains",
          "max-age=31536000; includeSubDomains"
        ],
        "Transfer-Encoding": "chunked",
        "X-Content-Type-Options": "nosniff",
        "X-Ms-Correlation-Request-Id": "edec2bc0-af02-45c8-a484-bda5c595fa4b"
      },
      "ResponseBody": {
        "registry": "mohitcontainerregistry.azurecr.io",
        "imageName": "library/hello-world",
        "manifests": [
          {
            "digest": "sha256:432f982638b3aefab73cc58ab28f5c16e96fdb504e8c134fc58dff4bae8bf338",
            "imageSize": 5218,
            "createdTime": "2022-03-29T06:53:20.3201637Z",
            "lastUpdateTime": "2022-03-29T06:53:20.3201637Z",
            "architecture": "arm64",
            "os": "linux",
            "mediaType": "application/vnd.docker.distribution.manifest.v2\u002Bjson",
            "changeableAttributes": {
              "deleteEnabled": true,
              "writeEnabled": true,
              "readEnabled": true,
              "listEnabled": true
            }
          },
          {
            "digest": "sha256:7b8b7289d0536a08eabdf71c20246e23f7116641db7e1d278592236ea4dcb30c",
            "imageSize": 5691,
            "createdTime": "2022-03-29T06:53:25.1230927Z",
            "lastUpdateTime": "2022-03-29T06:53:25.1230927Z",
            "architecture": "arm",
            "os": "linux",
            "mediaType": "application/vnd.docker.distribution.manifest.v2\u002Bjson",
            "changeableAttributes": {
              "deleteEnabled": true,
              "writeEnabled": true,
              "readEnabled": true,
              "listEnabled": true
            }
          },
          {
            "digest": "sha256:83ada69f673f74b81a3e2ed03edd56fcf190be8b1721f9afc4d25309908d7213",
            "imageSize": 5850,
            "createdTime": "2022-03-29T06:53:28.610315Z",
            "lastUpdateTime": "2022-03-29T06:53:28.610315Z",
            "architecture": "amd64",
            "os": "windows",
            "mediaType": "application/vnd.docker.distribution.manifest.v2\u002Bjson",
            "changeableAttributes": {
              "deleteEnabled": true,
              "writeEnabled": true,
              "readEnabled": true,
              "listEnabled": true
            }
          },
          {
            "digest": "sha256:98c9722322be649df94780d3fbe594fce7996234b259f27eac9428b84050c849",
            "imageSize": 4996,
            "createdTime": "2022-03-29T06:53:20.9617843Z",
            "lastUpdateTime": "2022-03-29T06:53:20.9617843Z",
            "architecture": "riscv64",
            "os": "linux",
            "mediaType": "application/vnd.docker.distribution.manifest.v2\u002Bjson",
            "changeableAttributes": {
              "deleteEnabled": true,
              "writeEnabled": true,
              "readEnabled": true,
              "listEnabled": true
            }
          },
          {
            "digest": "sha256:995efde2e81b21d1ea7066aa77a59298a62a9e9fbb4b77f36c189774ec9b1089",
            "imageSize": 4729,
            "createdTime": "2022-03-29T06:53:20.4570197Z",
            "lastUpdateTime": "2022-03-29T06:53:20.4570197Z",
            "architecture": "386",
            "os": "linux",
            "mediaType": "application/vnd.docker.distribution.manifest.v2\u002Bjson",
            "changeableAttributes": {
              "deleteEnabled": true,
              "writeEnabled": true,
              "readEnabled": true,
              "listEnabled": true
            }
          },
          {
            "digest": "sha256:acd65ed93903ec23468247a22d7ea0390f2e5e09b0ea3a93965a24b25b905c1b",
            "imageSize": 5794,
            "createdTime": "2022-03-29T06:53:22.8442469Z",
            "lastUpdateTime": "2022-03-29T06:53:22.8442469Z",
            "architecture": "amd64",
            "os": "windows",
            "mediaType": "application/vnd.docker.distribution.manifest.v2\u002Bjson",
            "changeableAttributes": {
              "deleteEnabled": true,
              "writeEnabled": true,
              "readEnabled": true,
              "listEnabled": true
            }
          },
          {
            "digest": "sha256:b836bb24a270b9cc935962d8228517fde0f16990e88893d935efcb1b14c0017a",
            "imageSize": 5925,
            "createdTime": "2022-03-29T06:53:20.576168Z",
            "lastUpdateTime": "2022-03-29T06:53:20.576168Z",
            "architecture": "ppc64le",
            "os": "linux",
            "mediaType": "application/vnd.docker.distribution.manifest.v2\u002Bjson",
            "changeableAttributes": {
              "deleteEnabled": true,
              "writeEnabled": true,
              "readEnabled": true,
              "listEnabled": true
            }
          },
          {
            "digest": "sha256:bfea6278a0a267fad2634554f4f0c6f31981eea41c553fdf5a83e95a41d40c38",
            "imageSize": 61598,
            "createdTime": "2022-03-29T06:53:21.3875924Z",
            "lastUpdateTime": "2022-03-29T06:53:21.3875924Z",
            "mediaType": "application/vnd.docker.distribution.manifest.list.v2\u002Bjson",
            "tags": [
              "latest",
              "v1",
              "v2",
              "v3",
              "v4"
            ],
            "changeableAttributes": {
              "deleteEnabled": true,
              "writeEnabled": true,
              "readEnabled": true,
              "listEnabled": true
            }
          },
          {
            "digest": "sha256:c7b6944911848ce39b44ed660d95fb54d69bbd531de724c7ce6fc9f743c0b861",
            "imageSize": 5270,
            "createdTime": "2022-03-29T06:53:21.9592735Z",
            "lastUpdateTime": "2022-03-29T06:53:21.9592735Z",
            "architecture": "s390x",
            "os": "linux",
            "mediaType": "application/vnd.docker.distribution.manifest.v2\u002Bjson",
            "changeableAttributes": {
              "deleteEnabled": true,
              "writeEnabled": true,
              "readEnabled": true,
              "listEnabled": true
            }
          },
          {
            "digest": "sha256:eb11b1a194ff8e236a01eff392c4e1296a53b0fb4780d8b0382f7996a15d5392",
            "imageSize": 6090,
            "createdTime": "2022-03-29T06:53:20.6379801Z",
            "lastUpdateTime": "2022-03-29T06:53:20.6379801Z",
            "architecture": "mips64le",
            "os": "linux",
            "mediaType": "application/vnd.docker.distribution.manifest.v2\u002Bjson",
            "changeableAttributes": {
              "deleteEnabled": true,
              "writeEnabled": true,
              "readEnabled": true,
              "listEnabled": true
            }
          },
          {
            "digest": "sha256:f130bd2d67e6e9280ac6d0a6c83857bfaf70234e8ef4236876eccfbd30973b1c",
            "imageSize": 5000,
            "createdTime": "2022-03-29T06:53:21.5287051Z",
            "lastUpdateTime": "2022-03-29T06:53:21.5287051Z",
            "architecture": "arm",
            "os": "linux",
            "mediaType": "application/vnd.docker.distribution.manifest.v2\u002Bjson",
            "changeableAttributes": {
              "deleteEnabled": true,
              "writeEnabled": true,
              "readEnabled": true,
              "listEnabled": true
            }
          },
          {
            "digest": "sha256:f54a58bc1aac5ea1a25d796ae155dc228b3f0e11d046ae276b39c4bf2f13d8c4",
            "imageSize": 4473,
            "createdTime": "2022-03-29T06:53:19.9756579Z",
            "lastUpdateTime": "2022-03-29T06:53:19.9756579Z",
            "architecture": "amd64",
            "os": "linux",
            "mediaType": "application/vnd.docker.distribution.manifest.v2\u002Bjson",
            "changeableAttributes": {
              "deleteEnabled": true,
              "writeEnabled": true,
              "readEnabled": true,
              "listEnabled": true
            }
          }
        ]
      }
    },
    {
      "RequestUri": "https://mohitcontainerregistry.azurecr.io/acr/v1/library/hello-world/_manifests?last=sha256:432f982638b3aefab73cc58ab28f5c16e96fdb504e8c134fc58dff4bae8bf338\u0026n=1",
      "RequestMethod": "GET",
      "RequestHeaders": {
        "Accept": "application/json",
        "User-Agent": "azsdk-net-Containers.ContainerRegistry/1.1.0-alpha.20220327.1 (.NET 6.0.1; Microsoft Windows 10.0.22000)",
        "x-ms-client-request-id": "c30fc9eb8a03c005b602efc6208a54e9",
        "x-ms-return-client-request-id": "true"
      },
      "RequestBody": null,
      "StatusCode": 401,
      "ResponseHeaders": {
        "Access-Control-Expose-Headers": [
          "Docker-Content-Digest",
          "WWW-Authenticate",
          "Link",
          "X-Ms-Correlation-Request-Id"
        ],
        "Connection": "keep-alive",
        "Content-Length": "222",
        "Content-Type": "application/json; charset=utf-8",
        "Date": "Tue, 29 Mar 2022 06:53:30 GMT",
        "Docker-Distribution-Api-Version": "registry/2.0",
        "Server": "openresty",
        "Strict-Transport-Security": [
          "max-age=31536000; includeSubDomains",
          "max-age=31536000; includeSubDomains"
        ],
        "WWW-Authenticate": "Bearer realm=\u0022https://mohitcontainerregistry.azurecr.io/oauth2/token\u0022,service=\u0022mohitcontainerregistry.azurecr.io\u0022,scope=\u0022repository:library/hello-world:metadata_read\u0022",
        "X-Content-Type-Options": "nosniff",
        "X-Ms-Correlation-Request-Id": "bf760255-f28e-4965-bebc-9ea09b887183"
      },
      "ResponseBody": {
        "errors": [
          {
            "code": "UNAUTHORIZED",
            "message": "authentication required, visit https://aka.ms/acr/authorization for more information.",
            "detail": [
              {
                "Type": "repository",
                "Name": "library/hello-world",
                "Action": "metadata_read"
              }
            ]
          }
        ]
      }
    },
    {
      "RequestUri": "https://mohitcontainerregistry.azurecr.io/oauth2/token?api-version=2021-07-01",
      "RequestMethod": "POST",
      "RequestHeaders": {
        "Accept": "application/json",
        "Content-Length": "147",
        "Content-Type": "application/x-www-form-urlencoded",
        "User-Agent": "azsdk-net-Containers.ContainerRegistry/1.1.0-alpha.20220327.1 (.NET 6.0.1; Microsoft Windows 10.0.22000)",
        "x-ms-client-request-id": "93ed25db2cbcb00681c4b2da41389cfe",
        "x-ms-return-client-request-id": "true"
      },
      "RequestBody": "service=mohitcontainerregistry.azurecr.io\u0026scope=repository%3Alibrary%2Fhello-world%3Ametadata_read\u0026refresh_token=Sanitized\u0026grant_type=refresh_token",
      "StatusCode": 200,
      "ResponseHeaders": {
        "Connection": "keep-alive",
        "Content-Type": "application/json; charset=utf-8",
        "Date": "Tue, 29 Mar 2022 06:53:30 GMT",
        "Server": "openresty",
        "Strict-Transport-Security": "max-age=31536000; includeSubDomains",
        "Transfer-Encoding": "chunked",
        "X-Ms-Correlation-Request-Id": "269679a8-1138-4f69-88f8-529072570110",
        "x-ms-ratelimit-remaining-calls-per-second": "166.3"
      },
      "ResponseBody": {
        "access_token": "eyJhbGciOiJSUzI1NiIsInR5cCI6IkpXVCIsImtpZCI6Ikk3QjY6NlQ0QTpUWlYzOllJT046Rk9ESjpOWlRDOjVVUFk6M0JWMzpGRlhPOlE1NEs6M0JCSzpHVFgzIn0.eyJqdGkiOiI0ZDg3OWE2OC05ZjZiLTQ2OWQtYTBmNy00NzFjY2VmM2I0OWMiLCJzdWIiOiI2MTc3ODlhMi1lYWIyLTRmYzctYjM5YS1iODVmZDdlYWQzZGIiLCJuYmYiOjE2NDg1MzU5MTAsImV4cCI6MTY0ODU0MDQxMCwiaWF0IjoxNjQ4NTM1OTEwLCJpc3MiOiJBenVyZSBDb250YWluZXIgUmVnaXN0cnkiLCJhdWQiOiJtb2hpdGNvbnRhaW5lcnJlZ2lzdHJ5LmF6dXJlY3IuaW8iLCJ2ZXJzaW9uIjoiMi4wIiwicmlkIjoiNmRiNTFmYzFhZGVkNDgyODkzN2FhNTRkNzQyZDg0MjUiLCJhY2Nlc3MiOlt7IlR5cGUiOiJyZXBvc2l0b3J5IiwiTmFtZSI6ImxpYnJhcnkvaGVsbG8td29ybGQiLCJBY3Rpb25zIjpbIm1ldGFkYXRhX3JlYWQiXX1dLCJyb2xlcyI6W10sImdyYW50X3R5cGUiOiJhY2Nlc3NfdG9rZW4iLCJhcHBpZCI6IjAzYjFhMjQzLWVjY2YtNDJlMy1iY2Y5LTZjODExMzljOGUwNSJ9.GrMICSCcQlKNmCdL6ND0phzl5Y9oMhmnsKc-bZJEtTkciqeSh75DaUbfUTGrlqSkv-xJaviChDTB9eympqfQVt_TuyDPNDLFm0txQ8X_qoov0_zlgMBhy4XP2dTkliP2QMKLO6G_VpMCtcEGpMr_Ue2no9F8-EUjhOFV0DI9rTtN2RU55w73fXJJq-7rZhrPB7i5Kpc3s6z7lhtYGH7p0g9y7Xq21-QdAgRLubYi27NnXCU8FjNWRTcR1QOgE5Bm2bfw4NlZxvPJBbZ88S2oJZeR3EhtSERxxcZkz1aZhNJn0fb4uWncos-lOWt9MEA9vU49KVX7j5YQ9aNkSBzyiA"
      }
    },
    {
      "RequestUri": "https://mohitcontainerregistry.azurecr.io/acr/v1/library/hello-world/_manifests?last=sha256:432f982638b3aefab73cc58ab28f5c16e96fdb504e8c134fc58dff4bae8bf338\u0026n=1",
      "RequestMethod": "GET",
      "RequestHeaders": {
        "Accept": "application/json",
        "Authorization": "Sanitized",
        "User-Agent": "azsdk-net-Containers.ContainerRegistry/1.1.0-alpha.20220327.1 (.NET 6.0.1; Microsoft Windows 10.0.22000)",
        "x-ms-client-request-id": "c30fc9eb8a03c005b602efc6208a54e9",
        "x-ms-return-client-request-id": "true"
      },
      "RequestBody": null,
      "StatusCode": 200,
      "ResponseHeaders": {
        "Access-Control-Expose-Headers": [
          "Docker-Content-Digest",
          "WWW-Authenticate",
          "Link",
          "X-Ms-Correlation-Request-Id"
        ],
        "Connection": "keep-alive",
        "Content-Length": "837",
        "Content-Type": "application/json; charset=utf-8",
        "Date": "Tue, 29 Mar 2022 06:53:30 GMT",
        "Docker-Distribution-Api-Version": "registry/2.0",
        "Link": "\u003C/acr/v1/library/hello-world/_manifests?last=sha256%3A7b8b7289d0536a08eabdf71c20246e23f7116641db7e1d278592236ea4dcb30c\u0026n=1\u0026orderby=\u003E; rel=\u0022next\u0022",
        "Server": "openresty",
        "Strict-Transport-Security": [
          "max-age=31536000; includeSubDomains",
          "max-age=31536000; includeSubDomains"
        ],
        "X-Content-Type-Options": "nosniff",
        "X-Ms-Correlation-Request-Id": "734ccf9c-af3a-4d97-a959-9fdbbbed6c34"
      },
      "ResponseBody": {
        "registry": "mohitcontainerregistry.azurecr.io",
        "imageName": "library/hello-world",
        "manifests": [
          {
            "digest": "sha256:7b8b7289d0536a08eabdf71c20246e23f7116641db7e1d278592236ea4dcb30c",
            "imageSize": 5691,
            "createdTime": "2022-03-29T06:53:25.1230927Z",
            "lastUpdateTime": "2022-03-29T06:53:25.1230927Z",
            "architecture": "arm",
            "os": "linux",
            "mediaType": "application/vnd.docker.distribution.manifest.v2\u002Bjson",
            "changeableAttributes": {
              "deleteEnabled": true,
              "writeEnabled": true,
              "readEnabled": true,
              "listEnabled": true,
              "quarantineDetails": "{\u0022state\u0022:\u0022Scan Failed\u0022,\u0022link\u0022:\u0022https://aka.ms/test\u0022,\u0022scanner\u0022:\u0022Azure Security Monitoring-Qualys Scanner\u0022,\u0022result\u0022:{\u0022version\u0022:\u00223/29/2022 6:53:26 AM\u0022,\u0022summary\u0022:[{\u0022severity\u0022:\u0022High\u0022,\u0022count\u0022:0},{\u0022severity\u0022:\u0022Medium\u0022,\u0022count\u0022:0},{\u0022severity\u0022:\u0022Low\u0022,\u0022count\u0022:0}]}}",
              "quarantineState": "Passed"
            }
          }
        ]
      }
    },
    {
      "RequestUri": "https://mohitcontainerregistry.azurecr.io/acr/v1/library/hello-world/_manifests?last=sha256%3A7b8b7289d0536a08eabdf71c20246e23f7116641db7e1d278592236ea4dcb30c\u0026n=1\u0026orderby=",
      "RequestMethod": "GET",
      "RequestHeaders": {
        "Accept": "application/json",
        "User-Agent": "azsdk-net-Containers.ContainerRegistry/1.1.0-alpha.20220327.1 (.NET 6.0.1; Microsoft Windows 10.0.22000)",
        "x-ms-client-request-id": "47627d310ef3ea792739a5e450b70192",
        "x-ms-return-client-request-id": "true"
      },
      "RequestBody": null,
      "StatusCode": 401,
      "ResponseHeaders": {
        "Access-Control-Expose-Headers": [
          "Docker-Content-Digest",
          "WWW-Authenticate",
          "Link",
          "X-Ms-Correlation-Request-Id"
        ],
        "Connection": "keep-alive",
        "Content-Length": "222",
        "Content-Type": "application/json; charset=utf-8",
        "Date": "Tue, 29 Mar 2022 06:53:30 GMT",
        "Docker-Distribution-Api-Version": "registry/2.0",
        "Server": "openresty",
        "Strict-Transport-Security": [
          "max-age=31536000; includeSubDomains",
          "max-age=31536000; includeSubDomains"
        ],
        "WWW-Authenticate": "Bearer realm=\u0022https://mohitcontainerregistry.azurecr.io/oauth2/token\u0022,service=\u0022mohitcontainerregistry.azurecr.io\u0022,scope=\u0022repository:library/hello-world:metadata_read\u0022",
        "X-Content-Type-Options": "nosniff",
        "X-Ms-Correlation-Request-Id": "c58386b4-8348-482a-a4e4-39d9d1b196d1"
      },
      "ResponseBody": {
        "errors": [
          {
            "code": "UNAUTHORIZED",
            "message": "authentication required, visit https://aka.ms/acr/authorization for more information.",
            "detail": [
              {
                "Type": "repository",
                "Name": "library/hello-world",
                "Action": "metadata_read"
              }
            ]
          }
        ]
      }
    },
    {
      "RequestUri": "https://mohitcontainerregistry.azurecr.io/oauth2/token?api-version=2021-07-01",
      "RequestMethod": "POST",
      "RequestHeaders": {
        "Accept": "application/json",
        "Content-Length": "147",
        "Content-Type": "application/x-www-form-urlencoded",
        "User-Agent": "azsdk-net-Containers.ContainerRegistry/1.1.0-alpha.20220327.1 (.NET 6.0.1; Microsoft Windows 10.0.22000)",
        "x-ms-client-request-id": "5e8b332dc46dbf63c25f423fd72a7f7d",
        "x-ms-return-client-request-id": "true"
      },
      "RequestBody": "service=mohitcontainerregistry.azurecr.io\u0026scope=repository%3Alibrary%2Fhello-world%3Ametadata_read\u0026refresh_token=Sanitized\u0026grant_type=refresh_token",
      "StatusCode": 200,
      "ResponseHeaders": {
        "Connection": "keep-alive",
        "Content-Type": "application/json; charset=utf-8",
        "Date": "Tue, 29 Mar 2022 06:53:30 GMT",
        "Server": "openresty",
        "Strict-Transport-Security": "max-age=31536000; includeSubDomains",
        "Transfer-Encoding": "chunked",
        "X-Ms-Correlation-Request-Id": "95e2a81c-8905-4b86-a355-de0b6476ddd2",
        "x-ms-ratelimit-remaining-calls-per-second": "166.183333"
      },
      "ResponseBody": {
        "access_token": "eyJhbGciOiJSUzI1NiIsInR5cCI6IkpXVCIsImtpZCI6Ikk3QjY6NlQ0QTpUWlYzOllJT046Rk9ESjpOWlRDOjVVUFk6M0JWMzpGRlhPOlE1NEs6M0JCSzpHVFgzIn0.eyJqdGkiOiI3YjYyN2MwYi04Njk0LTQwOWEtYTkyMi01YWJhZGQ3MmU2NGMiLCJzdWIiOiI2MTc3ODlhMi1lYWIyLTRmYzctYjM5YS1iODVmZDdlYWQzZGIiLCJuYmYiOjE2NDg1MzU5MTAsImV4cCI6MTY0ODU0MDQxMCwiaWF0IjoxNjQ4NTM1OTEwLCJpc3MiOiJBenVyZSBDb250YWluZXIgUmVnaXN0cnkiLCJhdWQiOiJtb2hpdGNvbnRhaW5lcnJlZ2lzdHJ5LmF6dXJlY3IuaW8iLCJ2ZXJzaW9uIjoiMi4wIiwicmlkIjoiNmRiNTFmYzFhZGVkNDgyODkzN2FhNTRkNzQyZDg0MjUiLCJhY2Nlc3MiOlt7IlR5cGUiOiJyZXBvc2l0b3J5IiwiTmFtZSI6ImxpYnJhcnkvaGVsbG8td29ybGQiLCJBY3Rpb25zIjpbIm1ldGFkYXRhX3JlYWQiXX1dLCJyb2xlcyI6W10sImdyYW50X3R5cGUiOiJhY2Nlc3NfdG9rZW4iLCJhcHBpZCI6IjAzYjFhMjQzLWVjY2YtNDJlMy1iY2Y5LTZjODExMzljOGUwNSJ9.kJTR8lY9IfbXaxNzegDlh_hD2PqD-ybI_h6BOJ6eRJ0F5aBOUOlD6wgaJCFAWa267c7zV729Yam3PSwwsqFjPNKBEFblamcofQyADxC1akJ1rX-WhnUI2cchKLT6bdHwttygT34MbteXQJJI0hUhV_ZyHJr2KDTyTFNPaDwGrgfNW5x16wpeVD15b1rc-lya_v5JlzPm19VHpngPdVwINB6END62nEPw64Z0W7sG0oxnBJPMEL6ktXwAyZlFn2GVrvv50xD41fV-XwCDiUvuGb3zDwfJn5aUK47K1VMA-zxy0uGGN__u4CJ6GfoLcq_PAWtwkTfRzp6KUgo7v5Gf5Q"
      }
    },
    {
      "RequestUri": "https://mohitcontainerregistry.azurecr.io/acr/v1/library/hello-world/_manifests?last=sha256%3A7b8b7289d0536a08eabdf71c20246e23f7116641db7e1d278592236ea4dcb30c\u0026n=1\u0026orderby=",
      "RequestMethod": "GET",
      "RequestHeaders": {
        "Accept": "application/json",
        "Authorization": "Sanitized",
        "User-Agent": "azsdk-net-Containers.ContainerRegistry/1.1.0-alpha.20220327.1 (.NET 6.0.1; Microsoft Windows 10.0.22000)",
        "x-ms-client-request-id": "47627d310ef3ea792739a5e450b70192",
        "x-ms-return-client-request-id": "true"
      },
      "RequestBody": null,
      "StatusCode": 200,
      "ResponseHeaders": {
        "Access-Control-Expose-Headers": [
          "Docker-Content-Digest",
          "WWW-Authenticate",
          "Link",
          "X-Ms-Correlation-Request-Id"
        ],
        "Connection": "keep-alive",
        "Content-Length": "843",
        "Content-Type": "application/json; charset=utf-8",
        "Date": "Tue, 29 Mar 2022 06:53:30 GMT",
        "Docker-Distribution-Api-Version": "registry/2.0",
        "Link": "\u003C/acr/v1/library/hello-world/_manifests?last=sha256%3A83ada69f673f74b81a3e2ed03edd56fcf190be8b1721f9afc4d25309908d7213\u0026n=1\u0026orderby=\u003E; rel=\u0022next\u0022",
        "Server": "openresty",
        "Strict-Transport-Security": [
          "max-age=31536000; includeSubDomains",
          "max-age=31536000; includeSubDomains"
        ],
        "X-Content-Type-Options": "nosniff",
        "X-Ms-Correlation-Request-Id": "91062192-90bf-4d93-81ed-2a01f2f319be"
      },
      "ResponseBody": {
        "registry": "mohitcontainerregistry.azurecr.io",
        "imageName": "library/hello-world",
        "manifests": [
          {
            "digest": "sha256:83ada69f673f74b81a3e2ed03edd56fcf190be8b1721f9afc4d25309908d7213",
            "imageSize": 5850,
            "createdTime": "2022-03-29T06:53:28.610315Z",
            "lastUpdateTime": "2022-03-29T06:53:28.610315Z",
            "architecture": "amd64",
            "os": "windows",
            "mediaType": "application/vnd.docker.distribution.manifest.v2\u002Bjson",
            "changeableAttributes": {
              "deleteEnabled": true,
              "writeEnabled": true,
              "readEnabled": true,
              "listEnabled": true,
              "quarantineDetails": "{\u0022state\u0022:\u0022Scan InProgress\u0022,\u0022link\u0022:\u0022https://aka.ms/test\u0022,\u0022scanner\u0022:\u0022Azure Security Monitoring-Qualys Scanner\u0022,\u0022result\u0022:{\u0022version\u0022:\u00223/29/2022 6:53:30 AM\u0022,\u0022summary\u0022:[{\u0022severity\u0022:\u0022High\u0022,\u0022count\u0022:0},{\u0022severity\u0022:\u0022Medium\u0022,\u0022count\u0022:0},{\u0022severity\u0022:\u0022Low\u0022,\u0022count\u0022:0}]}}",
              "quarantineState": "Passed"
            }
          }
        ]
      }
    },
    {
      "RequestUri": "https://mohitcontainerregistry.azurecr.io/acr/v1/library/hello-world/_manifests?last=sha256%3A83ada69f673f74b81a3e2ed03edd56fcf190be8b1721f9afc4d25309908d7213\u0026n=1\u0026orderby=",
      "RequestMethod": "GET",
      "RequestHeaders": {
        "Accept": "application/json",
        "User-Agent": "azsdk-net-Containers.ContainerRegistry/1.1.0-alpha.20220327.1 (.NET 6.0.1; Microsoft Windows 10.0.22000)",
        "x-ms-client-request-id": "a395f1650d28cdf6ac026b83862260c9",
        "x-ms-return-client-request-id": "true"
      },
      "RequestBody": null,
      "StatusCode": 401,
      "ResponseHeaders": {
        "Access-Control-Expose-Headers": [
          "Docker-Content-Digest",
          "WWW-Authenticate",
          "Link",
          "X-Ms-Correlation-Request-Id"
        ],
        "Connection": "keep-alive",
        "Content-Length": "222",
        "Content-Type": "application/json; charset=utf-8",
        "Date": "Tue, 29 Mar 2022 06:53:30 GMT",
        "Docker-Distribution-Api-Version": "registry/2.0",
        "Server": "openresty",
        "Strict-Transport-Security": [
          "max-age=31536000; includeSubDomains",
          "max-age=31536000; includeSubDomains"
        ],
        "WWW-Authenticate": "Bearer realm=\u0022https://mohitcontainerregistry.azurecr.io/oauth2/token\u0022,service=\u0022mohitcontainerregistry.azurecr.io\u0022,scope=\u0022repository:library/hello-world:metadata_read\u0022",
        "X-Content-Type-Options": "nosniff",
        "X-Ms-Correlation-Request-Id": "8bd734a6-70a5-4dc0-9e60-223c6544c014"
      },
      "ResponseBody": {
        "errors": [
          {
            "code": "UNAUTHORIZED",
            "message": "authentication required, visit https://aka.ms/acr/authorization for more information.",
            "detail": [
              {
                "Type": "repository",
                "Name": "library/hello-world",
                "Action": "metadata_read"
              }
            ]
          }
        ]
      }
    },
    {
      "RequestUri": "https://mohitcontainerregistry.azurecr.io/oauth2/token?api-version=2021-07-01",
      "RequestMethod": "POST",
      "RequestHeaders": {
        "Accept": "application/json",
        "Content-Length": "147",
        "Content-Type": "application/x-www-form-urlencoded",
        "User-Agent": "azsdk-net-Containers.ContainerRegistry/1.1.0-alpha.20220327.1 (.NET 6.0.1; Microsoft Windows 10.0.22000)",
        "x-ms-client-request-id": "0dad20c33dad6d9119a28494cc3a12fd",
        "x-ms-return-client-request-id": "true"
      },
      "RequestBody": "service=mohitcontainerregistry.azurecr.io\u0026scope=repository%3Alibrary%2Fhello-world%3Ametadata_read\u0026refresh_token=Sanitized\u0026grant_type=refresh_token",
      "StatusCode": 200,
      "ResponseHeaders": {
        "Connection": "keep-alive",
        "Content-Type": "application/json; charset=utf-8",
        "Date": "Tue, 29 Mar 2022 06:53:30 GMT",
        "Server": "openresty",
        "Strict-Transport-Security": "max-age=31536000; includeSubDomains",
        "Transfer-Encoding": "chunked",
        "X-Ms-Correlation-Request-Id": "287215e4-b947-4e06-ba1f-e32ba6e0024c",
        "x-ms-ratelimit-remaining-calls-per-second": "166.166667"
      },
      "ResponseBody": {
        "access_token": "eyJhbGciOiJSUzI1NiIsInR5cCI6IkpXVCIsImtpZCI6Ikk3QjY6NlQ0QTpUWlYzOllJT046Rk9ESjpOWlRDOjVVUFk6M0JWMzpGRlhPOlE1NEs6M0JCSzpHVFgzIn0.eyJqdGkiOiJiYWI0YjUxZi0yY2ZiLTQyMzctYThiZS1iOTJjZWEyNzliMzMiLCJzdWIiOiI2MTc3ODlhMi1lYWIyLTRmYzctYjM5YS1iODVmZDdlYWQzZGIiLCJuYmYiOjE2NDg1MzU5MTAsImV4cCI6MTY0ODU0MDQxMCwiaWF0IjoxNjQ4NTM1OTEwLCJpc3MiOiJBenVyZSBDb250YWluZXIgUmVnaXN0cnkiLCJhdWQiOiJtb2hpdGNvbnRhaW5lcnJlZ2lzdHJ5LmF6dXJlY3IuaW8iLCJ2ZXJzaW9uIjoiMi4wIiwicmlkIjoiNmRiNTFmYzFhZGVkNDgyODkzN2FhNTRkNzQyZDg0MjUiLCJhY2Nlc3MiOlt7IlR5cGUiOiJyZXBvc2l0b3J5IiwiTmFtZSI6ImxpYnJhcnkvaGVsbG8td29ybGQiLCJBY3Rpb25zIjpbIm1ldGFkYXRhX3JlYWQiXX1dLCJyb2xlcyI6W10sImdyYW50X3R5cGUiOiJhY2Nlc3NfdG9rZW4iLCJhcHBpZCI6IjAzYjFhMjQzLWVjY2YtNDJlMy1iY2Y5LTZjODExMzljOGUwNSJ9.hPalTjKziEYT1Hi-gN3xoWTevDbm1R094bfkgrNzIgPfvtr5p2nhrSrMUnKfuOKmnsj27PnQzeUeklG2WEIMJkWhph4qYl-ygKR16z2mWQjUOrti2J_-0X9h7O4c3ardj4I9em1_jGEHyqIoOIOHe80m_sftTIGYcsJC2BNH4BY3XIQbWOkkQpQ0F-ChmUo7dW7j5Eq9GVe-add3MYJm_oUqgS5jPkRrTdQxCX-zZ7WblHM-aoC2Y6S2I-VWx4umHIIbi1TxbVDSdsIvMlXU80qOrZLNPb-dcnIqEKZP-pyD9Z6znS5zc4qLS5PIBbkKHMZ6ulOb4I7ywCBNBbkNmw"
      }
    },
    {
      "RequestUri": "https://mohitcontainerregistry.azurecr.io/acr/v1/library/hello-world/_manifests?last=sha256%3A83ada69f673f74b81a3e2ed03edd56fcf190be8b1721f9afc4d25309908d7213\u0026n=1\u0026orderby=",
      "RequestMethod": "GET",
      "RequestHeaders": {
        "Accept": "application/json",
        "Authorization": "Sanitized",
        "User-Agent": "azsdk-net-Containers.ContainerRegistry/1.1.0-alpha.20220327.1 (.NET 6.0.1; Microsoft Windows 10.0.22000)",
        "x-ms-client-request-id": "a395f1650d28cdf6ac026b83862260c9",
        "x-ms-return-client-request-id": "true"
      },
      "RequestBody": null,
      "StatusCode": 200,
      "ResponseHeaders": {
        "Access-Control-Expose-Headers": [
          "Docker-Content-Digest",
          "WWW-Authenticate",
          "Link",
          "X-Ms-Correlation-Request-Id"
        ],
        "Connection": "keep-alive",
        "Content-Length": "841",
        "Content-Type": "application/json; charset=utf-8",
        "Date": "Tue, 29 Mar 2022 06:53:31 GMT",
        "Docker-Distribution-Api-Version": "registry/2.0",
        "Link": "\u003C/acr/v1/library/hello-world/_manifests?last=sha256%3A98c9722322be649df94780d3fbe594fce7996234b259f27eac9428b84050c849\u0026n=1\u0026orderby=\u003E; rel=\u0022next\u0022",
        "Server": "openresty",
        "Strict-Transport-Security": [
          "max-age=31536000; includeSubDomains",
          "max-age=31536000; includeSubDomains"
        ],
        "X-Content-Type-Options": "nosniff",
        "X-Ms-Correlation-Request-Id": "726def00-81ef-4827-8b10-292b9cea0821"
      },
      "ResponseBody": {
        "registry": "mohitcontainerregistry.azurecr.io",
        "imageName": "library/hello-world",
        "manifests": [
          {
            "digest": "sha256:98c9722322be649df94780d3fbe594fce7996234b259f27eac9428b84050c849",
            "imageSize": 4996,
            "createdTime": "2022-03-29T06:53:20.9617843Z",
            "lastUpdateTime": "2022-03-29T06:53:20.9617843Z",
            "architecture": "riscv64",
            "os": "linux",
            "mediaType": "application/vnd.docker.distribution.manifest.v2\u002Bjson",
            "changeableAttributes": {
              "deleteEnabled": true,
              "writeEnabled": true,
              "readEnabled": true,
              "listEnabled": true,
              "quarantineDetails": "{\u0022state\u0022:\u0022Scan Failed\u0022,\u0022link\u0022:\u0022https://aka.ms/test\u0022,\u0022scanner\u0022:\u0022Azure Security Monitoring-Qualys Scanner\u0022,\u0022result\u0022:{\u0022version\u0022:\u00223/29/2022 6:53:25 AM\u0022,\u0022summary\u0022:[{\u0022severity\u0022:\u0022High\u0022,\u0022count\u0022:0},{\u0022severity\u0022:\u0022Medium\u0022,\u0022count\u0022:0},{\u0022severity\u0022:\u0022Low\u0022,\u0022count\u0022:0}]}}",
              "quarantineState": "Passed"
            }
          }
        ]
      }
    },
    {
      "RequestUri": "https://mohitcontainerregistry.azurecr.io/acr/v1/library/hello-world/_manifests?last=sha256%3A98c9722322be649df94780d3fbe594fce7996234b259f27eac9428b84050c849\u0026n=1\u0026orderby=",
      "RequestMethod": "GET",
      "RequestHeaders": {
        "Accept": "application/json",
        "User-Agent": "azsdk-net-Containers.ContainerRegistry/1.1.0-alpha.20220327.1 (.NET 6.0.1; Microsoft Windows 10.0.22000)",
        "x-ms-client-request-id": "5f7f28b95e221f693cbeb26a58e038a0",
        "x-ms-return-client-request-id": "true"
      },
      "RequestBody": null,
      "StatusCode": 401,
      "ResponseHeaders": {
        "Access-Control-Expose-Headers": [
          "Docker-Content-Digest",
          "WWW-Authenticate",
          "Link",
          "X-Ms-Correlation-Request-Id"
        ],
        "Connection": "keep-alive",
        "Content-Length": "222",
        "Content-Type": "application/json; charset=utf-8",
        "Date": "Tue, 29 Mar 2022 06:53:31 GMT",
        "Docker-Distribution-Api-Version": "registry/2.0",
        "Server": "openresty",
        "Strict-Transport-Security": [
          "max-age=31536000; includeSubDomains",
          "max-age=31536000; includeSubDomains"
        ],
        "WWW-Authenticate": "Bearer realm=\u0022https://mohitcontainerregistry.azurecr.io/oauth2/token\u0022,service=\u0022mohitcontainerregistry.azurecr.io\u0022,scope=\u0022repository:library/hello-world:metadata_read\u0022",
        "X-Content-Type-Options": "nosniff",
        "X-Ms-Correlation-Request-Id": "22aa3581-5676-4125-88a4-b6546e25626a"
      },
      "ResponseBody": {
        "errors": [
          {
            "code": "UNAUTHORIZED",
            "message": "authentication required, visit https://aka.ms/acr/authorization for more information.",
            "detail": [
              {
                "Type": "repository",
                "Name": "library/hello-world",
                "Action": "metadata_read"
              }
            ]
          }
        ]
      }
    },
    {
      "RequestUri": "https://mohitcontainerregistry.azurecr.io/oauth2/token?api-version=2021-07-01",
      "RequestMethod": "POST",
      "RequestHeaders": {
        "Accept": "application/json",
        "Content-Length": "147",
        "Content-Type": "application/x-www-form-urlencoded",
        "User-Agent": "azsdk-net-Containers.ContainerRegistry/1.1.0-alpha.20220327.1 (.NET 6.0.1; Microsoft Windows 10.0.22000)",
        "x-ms-client-request-id": "b77c79ff717d27d060278a8589620171",
        "x-ms-return-client-request-id": "true"
      },
      "RequestBody": "service=mohitcontainerregistry.azurecr.io\u0026scope=repository%3Alibrary%2Fhello-world%3Ametadata_read\u0026refresh_token=Sanitized\u0026grant_type=refresh_token",
      "StatusCode": 200,
      "ResponseHeaders": {
        "Connection": "keep-alive",
        "Content-Type": "application/json; charset=utf-8",
        "Date": "Tue, 29 Mar 2022 06:53:31 GMT",
        "Server": "openresty",
        "Strict-Transport-Security": "max-age=31536000; includeSubDomains",
        "Transfer-Encoding": "chunked",
        "X-Ms-Correlation-Request-Id": "11e418df-b83e-4a27-a2b8-8ca05a933211",
        "x-ms-ratelimit-remaining-calls-per-second": "166.15"
      },
      "ResponseBody": {
        "access_token": "eyJhbGciOiJSUzI1NiIsInR5cCI6IkpXVCIsImtpZCI6Ikk3QjY6NlQ0QTpUWlYzOllJT046Rk9ESjpOWlRDOjVVUFk6M0JWMzpGRlhPOlE1NEs6M0JCSzpHVFgzIn0.eyJqdGkiOiIzNDAwZmRkZi1iZjdjLTRiNmMtYWVjYS02NDk4ZDA2NmYyNjAiLCJzdWIiOiI2MTc3ODlhMi1lYWIyLTRmYzctYjM5YS1iODVmZDdlYWQzZGIiLCJuYmYiOjE2NDg1MzU5MTEsImV4cCI6MTY0ODU0MDQxMSwiaWF0IjoxNjQ4NTM1OTExLCJpc3MiOiJBenVyZSBDb250YWluZXIgUmVnaXN0cnkiLCJhdWQiOiJtb2hpdGNvbnRhaW5lcnJlZ2lzdHJ5LmF6dXJlY3IuaW8iLCJ2ZXJzaW9uIjoiMi4wIiwicmlkIjoiNmRiNTFmYzFhZGVkNDgyODkzN2FhNTRkNzQyZDg0MjUiLCJhY2Nlc3MiOlt7IlR5cGUiOiJyZXBvc2l0b3J5IiwiTmFtZSI6ImxpYnJhcnkvaGVsbG8td29ybGQiLCJBY3Rpb25zIjpbIm1ldGFkYXRhX3JlYWQiXX1dLCJyb2xlcyI6W10sImdyYW50X3R5cGUiOiJhY2Nlc3NfdG9rZW4iLCJhcHBpZCI6IjAzYjFhMjQzLWVjY2YtNDJlMy1iY2Y5LTZjODExMzljOGUwNSJ9.OmXYL8Wvqn0n1XZDra2ucl-D5eBZGZRgzS32nuDUVIVgvwcMSRBCXVBxSw7v_34-SlEllBM9uMyCmE1nx6uvtZYRzZdUPz_FxPxT4HMjkQ49uy7EtHpeKhRvjeulMDKEQiC_Wc_vBLoHOi8aCFc3Jff0CsqLo0Wa4AX0NfRF-e4e3doajatVcbFQa51evq8hI6IswSss3veyUD31O2laqgjzI51TPlJHNMODwBhaHCUJaQMJyxw2EQZtSvhHGS16usVMPHVgh_PD5iWCTu45C9vk47G-tZ2rI7zCcuXNpVkZcfmAl3SHeRtoxBIJD7BV3_Yw9bPCvvRM1ulVa_AcYg"
      }
    },
    {
      "RequestUri": "https://mohitcontainerregistry.azurecr.io/acr/v1/library/hello-world/_manifests?last=sha256%3A98c9722322be649df94780d3fbe594fce7996234b259f27eac9428b84050c849\u0026n=1\u0026orderby=",
      "RequestMethod": "GET",
      "RequestHeaders": {
        "Accept": "application/json",
        "Authorization": "Sanitized",
        "User-Agent": "azsdk-net-Containers.ContainerRegistry/1.1.0-alpha.20220327.1 (.NET 6.0.1; Microsoft Windows 10.0.22000)",
        "x-ms-client-request-id": "5f7f28b95e221f693cbeb26a58e038a0",
        "x-ms-return-client-request-id": "true"
      },
      "RequestBody": null,
      "StatusCode": 200,
      "ResponseHeaders": {
        "Access-Control-Expose-Headers": [
          "Docker-Content-Digest",
          "WWW-Authenticate",
          "Link",
          "X-Ms-Correlation-Request-Id"
        ],
        "Connection": "keep-alive",
        "Content-Length": "837",
        "Content-Type": "application/json; charset=utf-8",
        "Date": "Tue, 29 Mar 2022 06:53:31 GMT",
        "Docker-Distribution-Api-Version": "registry/2.0",
        "Link": "\u003C/acr/v1/library/hello-world/_manifests?last=sha256%3A995efde2e81b21d1ea7066aa77a59298a62a9e9fbb4b77f36c189774ec9b1089\u0026n=1\u0026orderby=\u003E; rel=\u0022next\u0022",
        "Server": "openresty",
        "Strict-Transport-Security": [
          "max-age=31536000; includeSubDomains",
          "max-age=31536000; includeSubDomains"
        ],
        "X-Content-Type-Options": "nosniff",
        "X-Ms-Correlation-Request-Id": "f1ac5f7a-96a5-4499-aec0-0b51291f89aa"
      },
      "ResponseBody": {
        "registry": "mohitcontainerregistry.azurecr.io",
        "imageName": "library/hello-world",
        "manifests": [
          {
            "digest": "sha256:995efde2e81b21d1ea7066aa77a59298a62a9e9fbb4b77f36c189774ec9b1089",
            "imageSize": 4729,
            "createdTime": "2022-03-29T06:53:20.4570197Z",
            "lastUpdateTime": "2022-03-29T06:53:20.4570197Z",
            "architecture": "386",
            "os": "linux",
            "mediaType": "application/vnd.docker.distribution.manifest.v2\u002Bjson",
            "changeableAttributes": {
              "deleteEnabled": true,
              "writeEnabled": true,
              "readEnabled": true,
              "listEnabled": true,
              "quarantineDetails": "{\u0022state\u0022:\u0022Scan Failed\u0022,\u0022link\u0022:\u0022https://aka.ms/test\u0022,\u0022scanner\u0022:\u0022Azure Security Monitoring-Qualys Scanner\u0022,\u0022result\u0022:{\u0022version\u0022:\u00223/29/2022 6:53:21 AM\u0022,\u0022summary\u0022:[{\u0022severity\u0022:\u0022High\u0022,\u0022count\u0022:0},{\u0022severity\u0022:\u0022Medium\u0022,\u0022count\u0022:0},{\u0022severity\u0022:\u0022Low\u0022,\u0022count\u0022:0}]}}",
              "quarantineState": "Passed"
            }
          }
        ]
      }
    },
    {
      "RequestUri": "https://mohitcontainerregistry.azurecr.io/acr/v1/library/hello-world/_manifests?last=sha256%3A995efde2e81b21d1ea7066aa77a59298a62a9e9fbb4b77f36c189774ec9b1089\u0026n=1\u0026orderby=",
      "RequestMethod": "GET",
      "RequestHeaders": {
        "Accept": "application/json",
        "User-Agent": "azsdk-net-Containers.ContainerRegistry/1.1.0-alpha.20220327.1 (.NET 6.0.1; Microsoft Windows 10.0.22000)",
        "x-ms-client-request-id": "5ec96def00a364a6b68dd0ef8b261538",
        "x-ms-return-client-request-id": "true"
      },
      "RequestBody": null,
      "StatusCode": 401,
      "ResponseHeaders": {
        "Access-Control-Expose-Headers": [
          "Docker-Content-Digest",
          "WWW-Authenticate",
          "Link",
          "X-Ms-Correlation-Request-Id"
        ],
        "Connection": "keep-alive",
        "Content-Length": "222",
        "Content-Type": "application/json; charset=utf-8",
        "Date": "Tue, 29 Mar 2022 06:53:31 GMT",
        "Docker-Distribution-Api-Version": "registry/2.0",
        "Server": "openresty",
        "Strict-Transport-Security": [
          "max-age=31536000; includeSubDomains",
          "max-age=31536000; includeSubDomains"
        ],
        "WWW-Authenticate": "Bearer realm=\u0022https://mohitcontainerregistry.azurecr.io/oauth2/token\u0022,service=\u0022mohitcontainerregistry.azurecr.io\u0022,scope=\u0022repository:library/hello-world:metadata_read\u0022",
        "X-Content-Type-Options": "nosniff",
        "X-Ms-Correlation-Request-Id": "19347c5c-82f6-411e-a772-8063f017b184"
      },
      "ResponseBody": {
        "errors": [
          {
            "code": "UNAUTHORIZED",
            "message": "authentication required, visit https://aka.ms/acr/authorization for more information.",
            "detail": [
              {
                "Type": "repository",
                "Name": "library/hello-world",
                "Action": "metadata_read"
              }
            ]
          }
        ]
      }
    },
    {
      "RequestUri": "https://mohitcontainerregistry.azurecr.io/oauth2/token?api-version=2021-07-01",
      "RequestMethod": "POST",
      "RequestHeaders": {
        "Accept": "application/json",
        "Content-Length": "147",
        "Content-Type": "application/x-www-form-urlencoded",
        "User-Agent": "azsdk-net-Containers.ContainerRegistry/1.1.0-alpha.20220327.1 (.NET 6.0.1; Microsoft Windows 10.0.22000)",
        "x-ms-client-request-id": "5295e36a5bbe487f5757fefbd4e396da",
        "x-ms-return-client-request-id": "true"
      },
      "RequestBody": "service=mohitcontainerregistry.azurecr.io\u0026scope=repository%3Alibrary%2Fhello-world%3Ametadata_read\u0026refresh_token=Sanitized\u0026grant_type=refresh_token",
      "StatusCode": 200,
      "ResponseHeaders": {
        "Connection": "keep-alive",
        "Content-Type": "application/json; charset=utf-8",
        "Date": "Tue, 29 Mar 2022 06:53:31 GMT",
        "Server": "openresty",
        "Strict-Transport-Security": "max-age=31536000; includeSubDomains",
        "Transfer-Encoding": "chunked",
        "X-Ms-Correlation-Request-Id": "8c29721f-e644-4928-8288-832324cc7a33",
        "x-ms-ratelimit-remaining-calls-per-second": "166.133333"
      },
      "ResponseBody": {
        "access_token": "eyJhbGciOiJSUzI1NiIsInR5cCI6IkpXVCIsImtpZCI6Ikk3QjY6NlQ0QTpUWlYzOllJT046Rk9ESjpOWlRDOjVVUFk6M0JWMzpGRlhPOlE1NEs6M0JCSzpHVFgzIn0.eyJqdGkiOiJkYmJlZmE1MC04NjA0LTQzNjAtYWVkMS0xYWQ0ZjE3MGI2NmYiLCJzdWIiOiI2MTc3ODlhMi1lYWIyLTRmYzctYjM5YS1iODVmZDdlYWQzZGIiLCJuYmYiOjE2NDg1MzU5MTEsImV4cCI6MTY0ODU0MDQxMSwiaWF0IjoxNjQ4NTM1OTExLCJpc3MiOiJBenVyZSBDb250YWluZXIgUmVnaXN0cnkiLCJhdWQiOiJtb2hpdGNvbnRhaW5lcnJlZ2lzdHJ5LmF6dXJlY3IuaW8iLCJ2ZXJzaW9uIjoiMi4wIiwicmlkIjoiNmRiNTFmYzFhZGVkNDgyODkzN2FhNTRkNzQyZDg0MjUiLCJhY2Nlc3MiOlt7IlR5cGUiOiJyZXBvc2l0b3J5IiwiTmFtZSI6ImxpYnJhcnkvaGVsbG8td29ybGQiLCJBY3Rpb25zIjpbIm1ldGFkYXRhX3JlYWQiXX1dLCJyb2xlcyI6W10sImdyYW50X3R5cGUiOiJhY2Nlc3NfdG9rZW4iLCJhcHBpZCI6IjAzYjFhMjQzLWVjY2YtNDJlMy1iY2Y5LTZjODExMzljOGUwNSJ9.4p7XOnwdxc1USvzyRkr7YxCvgB_YNyrJMBovxYo8KVlB2SPDZQuKccpBJJMv4oUSbj1K0hudrzwcnv21rN7nresy6pyr1A-buOyHV8NzrxdZeQrloxygSN30cl0fH7a9sB8KJUt0hTPOdQisMqfjJyYnrjCGPPBCzi6LeNKNswllDQ3Cht-M5rXXjp2Q5qFJxVMOXR3-D7qAbGtkVMC-SpEJ2Z-lD9R-bPG2t3SncHF76APsWSkB9GmxFY6yj_FiobKbfhbgI5VM6QRNAc7N6oy3J3kEPJj5BILlotDx0tefgFoS4sTqMS4UpbSQMbYKc2MhfkpcU2y87VXV8kB0lQ"
      }
    },
    {
      "RequestUri": "https://mohitcontainerregistry.azurecr.io/acr/v1/library/hello-world/_manifests?last=sha256%3A995efde2e81b21d1ea7066aa77a59298a62a9e9fbb4b77f36c189774ec9b1089\u0026n=1\u0026orderby=",
      "RequestMethod": "GET",
      "RequestHeaders": {
        "Accept": "application/json",
        "Authorization": "Sanitized",
        "User-Agent": "azsdk-net-Containers.ContainerRegistry/1.1.0-alpha.20220327.1 (.NET 6.0.1; Microsoft Windows 10.0.22000)",
        "x-ms-client-request-id": "5ec96def00a364a6b68dd0ef8b261538",
        "x-ms-return-client-request-id": "true"
      },
      "RequestBody": null,
      "StatusCode": 200,
      "ResponseHeaders": {
        "Access-Control-Expose-Headers": [
          "Docker-Content-Digest",
          "WWW-Authenticate",
          "Link",
          "X-Ms-Correlation-Request-Id"
        ],
        "Connection": "keep-alive",
        "Content-Length": "849",
        "Content-Type": "application/json; charset=utf-8",
        "Date": "Tue, 29 Mar 2022 06:53:31 GMT",
        "Docker-Distribution-Api-Version": "registry/2.0",
        "Link": "\u003C/acr/v1/library/hello-world/_manifests?last=sha256%3Aacd65ed93903ec23468247a22d7ea0390f2e5e09b0ea3a93965a24b25b905c1b\u0026n=1\u0026orderby=\u003E; rel=\u0022next\u0022",
        "Server": "openresty",
        "Strict-Transport-Security": [
          "max-age=31536000; includeSubDomains",
          "max-age=31536000; includeSubDomains"
        ],
        "X-Content-Type-Options": "nosniff",
        "X-Ms-Correlation-Request-Id": "10cac55c-092f-4645-98da-8f7c8adc32d7"
      },
      "ResponseBody": {
        "registry": "mohitcontainerregistry.azurecr.io",
        "imageName": "library/hello-world",
        "manifests": [
          {
            "digest": "sha256:acd65ed93903ec23468247a22d7ea0390f2e5e09b0ea3a93965a24b25b905c1b",
            "imageSize": 5794,
            "createdTime": "2022-03-29T06:53:22.8442469Z",
            "lastUpdateTime": "2022-03-29T06:53:22.8442469Z",
            "architecture": "amd64",
            "os": "windows",
            "mediaType": "application/vnd.docker.distribution.manifest.v2\u002Bjson",
            "changeableAttributes": {
              "deleteEnabled": true,
              "writeEnabled": true,
              "readEnabled": true,
              "listEnabled": true,
              "quarantineDetails": "{\u0022state\u0022:\u0022Scan Passed\u0022,\u0022link\u0022:\u0022https://aka.ms/test\u0022,\u0022scanner\u0022:\u0022Azure Security Monitoring-Qualys Scanner\u0022,\u0022result\u0022:{\u0022version\u0022:\u00222022-03-28T19:08:54.4114534Z\u0022,\u0022summary\u0022:[{\u0022severity\u0022:\u0022High\u0022,\u0022count\u0022:3},{\u0022severity\u0022:\u0022Medium\u0022,\u0022count\u0022:0},{\u0022severity\u0022:\u0022Low\u0022,\u0022count\u0022:0}]}}",
              "quarantineState": "Passed"
            }
          }
        ]
      }
    },
    {
      "RequestUri": "https://mohitcontainerregistry.azurecr.io/acr/v1/library/hello-world/_manifests?last=sha256%3Aacd65ed93903ec23468247a22d7ea0390f2e5e09b0ea3a93965a24b25b905c1b\u0026n=1\u0026orderby=",
      "RequestMethod": "GET",
      "RequestHeaders": {
        "Accept": "application/json",
        "User-Agent": "azsdk-net-Containers.ContainerRegistry/1.1.0-alpha.20220327.1 (.NET 6.0.1; Microsoft Windows 10.0.22000)",
        "x-ms-client-request-id": "ea7b40bdda16fefdd31700f0a0e19b39",
        "x-ms-return-client-request-id": "true"
      },
      "RequestBody": null,
      "StatusCode": 401,
      "ResponseHeaders": {
        "Access-Control-Expose-Headers": [
          "Docker-Content-Digest",
          "WWW-Authenticate",
          "Link",
          "X-Ms-Correlation-Request-Id"
        ],
        "Connection": "keep-alive",
        "Content-Length": "222",
        "Content-Type": "application/json; charset=utf-8",
        "Date": "Tue, 29 Mar 2022 06:53:31 GMT",
        "Docker-Distribution-Api-Version": "registry/2.0",
        "Server": "openresty",
        "Strict-Transport-Security": [
          "max-age=31536000; includeSubDomains",
          "max-age=31536000; includeSubDomains"
        ],
        "WWW-Authenticate": "Bearer realm=\u0022https://mohitcontainerregistry.azurecr.io/oauth2/token\u0022,service=\u0022mohitcontainerregistry.azurecr.io\u0022,scope=\u0022repository:library/hello-world:metadata_read\u0022",
        "X-Content-Type-Options": "nosniff",
        "X-Ms-Correlation-Request-Id": "57a72f7d-5048-4e6e-bfec-110a6547bd62"
      },
      "ResponseBody": {
        "errors": [
          {
            "code": "UNAUTHORIZED",
            "message": "authentication required, visit https://aka.ms/acr/authorization for more information.",
            "detail": [
              {
                "Type": "repository",
                "Name": "library/hello-world",
                "Action": "metadata_read"
              }
            ]
          }
        ]
      }
    },
    {
      "RequestUri": "https://mohitcontainerregistry.azurecr.io/oauth2/token?api-version=2021-07-01",
      "RequestMethod": "POST",
      "RequestHeaders": {
        "Accept": "application/json",
        "Content-Length": "147",
        "Content-Type": "application/x-www-form-urlencoded",
        "User-Agent": "azsdk-net-Containers.ContainerRegistry/1.1.0-alpha.20220327.1 (.NET 6.0.1; Microsoft Windows 10.0.22000)",
        "x-ms-client-request-id": "a51b5112aecd94b3ee81064b02aa90d2",
        "x-ms-return-client-request-id": "true"
      },
      "RequestBody": "service=mohitcontainerregistry.azurecr.io\u0026scope=repository%3Alibrary%2Fhello-world%3Ametadata_read\u0026refresh_token=Sanitized\u0026grant_type=refresh_token",
      "StatusCode": 200,
      "ResponseHeaders": {
        "Connection": "keep-alive",
        "Content-Type": "application/json; charset=utf-8",
        "Date": "Tue, 29 Mar 2022 06:53:31 GMT",
        "Server": "openresty",
        "Strict-Transport-Security": "max-age=31536000; includeSubDomains",
        "Transfer-Encoding": "chunked",
        "X-Ms-Correlation-Request-Id": "4f1e5194-9d2b-4ac3-89ab-7bdb2072de56",
        "x-ms-ratelimit-remaining-calls-per-second": "166.116667"
      },
      "ResponseBody": {
        "access_token": "eyJhbGciOiJSUzI1NiIsInR5cCI6IkpXVCIsImtpZCI6Ikk3QjY6NlQ0QTpUWlYzOllJT046Rk9ESjpOWlRDOjVVUFk6M0JWMzpGRlhPOlE1NEs6M0JCSzpHVFgzIn0.eyJqdGkiOiJiZTRmMGY5ZS1kZDlhLTQ2NGUtYTAzNy05Y2MwMDcxZGIxYjkiLCJzdWIiOiI2MTc3ODlhMi1lYWIyLTRmYzctYjM5YS1iODVmZDdlYWQzZGIiLCJuYmYiOjE2NDg1MzU5MTEsImV4cCI6MTY0ODU0MDQxMSwiaWF0IjoxNjQ4NTM1OTExLCJpc3MiOiJBenVyZSBDb250YWluZXIgUmVnaXN0cnkiLCJhdWQiOiJtb2hpdGNvbnRhaW5lcnJlZ2lzdHJ5LmF6dXJlY3IuaW8iLCJ2ZXJzaW9uIjoiMi4wIiwicmlkIjoiNmRiNTFmYzFhZGVkNDgyODkzN2FhNTRkNzQyZDg0MjUiLCJhY2Nlc3MiOlt7IlR5cGUiOiJyZXBvc2l0b3J5IiwiTmFtZSI6ImxpYnJhcnkvaGVsbG8td29ybGQiLCJBY3Rpb25zIjpbIm1ldGFkYXRhX3JlYWQiXX1dLCJyb2xlcyI6W10sImdyYW50X3R5cGUiOiJhY2Nlc3NfdG9rZW4iLCJhcHBpZCI6IjAzYjFhMjQzLWVjY2YtNDJlMy1iY2Y5LTZjODExMzljOGUwNSJ9.EGqHBPVDPV8RQzqZsuUnWfQ6GiXeuW8qW_xcyHphF5OpLnxzjjxWvKm7ZNbQtawnzkBjhCfdrKdN4TUgqBQURHKvJbY9h6oRLlMuHhjxqTyRgTOW2p7zFHKXoUG0tMrMpaHdXlKbMPLxkUBqlwqHiIpH9FEDFfEZJXBA8O1yaz8B9hqjNDo0_ChomGpF8K6lVG04fpiKvpEoKvFcfettK8sXWeW8LTcHVcnUhvX9w1-eA9e-mfkX6_j72UAxIy3kNZLp1qlenUwwu54lAq7roFjE5kVkgDG0_NB6-yQvAlbYbk9mUXqUBvHPA4fQf-T1yZgZvy7GM3Ck95CwIIAeag"
      }
    },
    {
      "RequestUri": "https://mohitcontainerregistry.azurecr.io/acr/v1/library/hello-world/_manifests?last=sha256%3Aacd65ed93903ec23468247a22d7ea0390f2e5e09b0ea3a93965a24b25b905c1b\u0026n=1\u0026orderby=",
      "RequestMethod": "GET",
      "RequestHeaders": {
        "Accept": "application/json",
        "Authorization": "Sanitized",
        "User-Agent": "azsdk-net-Containers.ContainerRegistry/1.1.0-alpha.20220327.1 (.NET 6.0.1; Microsoft Windows 10.0.22000)",
        "x-ms-client-request-id": "ea7b40bdda16fefdd31700f0a0e19b39",
        "x-ms-return-client-request-id": "true"
      },
      "RequestBody": null,
      "StatusCode": 200,
      "ResponseHeaders": {
        "Access-Control-Expose-Headers": [
          "Docker-Content-Digest",
          "WWW-Authenticate",
          "Link",
          "X-Ms-Correlation-Request-Id"
        ],
        "Connection": "keep-alive",
        "Content-Length": "839",
        "Content-Type": "application/json; charset=utf-8",
        "Date": "Tue, 29 Mar 2022 06:53:31 GMT",
        "Docker-Distribution-Api-Version": "registry/2.0",
        "Link": "\u003C/acr/v1/library/hello-world/_manifests?last=sha256%3Ab836bb24a270b9cc935962d8228517fde0f16990e88893d935efcb1b14c0017a\u0026n=1\u0026orderby=\u003E; rel=\u0022next\u0022",
        "Server": "openresty",
        "Strict-Transport-Security": [
          "max-age=31536000; includeSubDomains",
          "max-age=31536000; includeSubDomains"
        ],
        "X-Content-Type-Options": "nosniff",
        "X-Ms-Correlation-Request-Id": "e78da56a-f119-4715-a0ad-ae652b88c4c4"
      },
      "ResponseBody": {
        "registry": "mohitcontainerregistry.azurecr.io",
        "imageName": "library/hello-world",
        "manifests": [
          {
            "digest": "sha256:b836bb24a270b9cc935962d8228517fde0f16990e88893d935efcb1b14c0017a",
            "imageSize": 5925,
            "createdTime": "2022-03-29T06:53:20.576168Z",
            "lastUpdateTime": "2022-03-29T06:53:20.576168Z",
            "architecture": "ppc64le",
            "os": "linux",
            "mediaType": "application/vnd.docker.distribution.manifest.v2\u002Bjson",
            "changeableAttributes": {
              "deleteEnabled": true,
              "writeEnabled": true,
              "readEnabled": true,
              "listEnabled": true,
              "quarantineDetails": "{\u0022state\u0022:\u0022Scan Failed\u0022,\u0022link\u0022:\u0022https://aka.ms/test\u0022,\u0022scanner\u0022:\u0022Azure Security Monitoring-Qualys Scanner\u0022,\u0022result\u0022:{\u0022version\u0022:\u00223/29/2022 6:53:22 AM\u0022,\u0022summary\u0022:[{\u0022severity\u0022:\u0022High\u0022,\u0022count\u0022:0},{\u0022severity\u0022:\u0022Medium\u0022,\u0022count\u0022:0},{\u0022severity\u0022:\u0022Low\u0022,\u0022count\u0022:0}]}}",
              "quarantineState": "Passed"
            }
          }
        ]
      }
    },
    {
      "RequestUri": "https://mohitcontainerregistry.azurecr.io/acr/v1/library/hello-world/_manifests?last=sha256%3Ab836bb24a270b9cc935962d8228517fde0f16990e88893d935efcb1b14c0017a\u0026n=1\u0026orderby=",
      "RequestMethod": "GET",
      "RequestHeaders": {
        "Accept": "application/json",
        "User-Agent": "azsdk-net-Containers.ContainerRegistry/1.1.0-alpha.20220327.1 (.NET 6.0.1; Microsoft Windows 10.0.22000)",
        "x-ms-client-request-id": "4a32f6f72aab8f21e5967fa75a8fa776",
        "x-ms-return-client-request-id": "true"
      },
      "RequestBody": null,
      "StatusCode": 401,
      "ResponseHeaders": {
        "Access-Control-Expose-Headers": [
          "Docker-Content-Digest",
          "WWW-Authenticate",
          "Link",
          "X-Ms-Correlation-Request-Id"
        ],
        "Connection": "keep-alive",
        "Content-Length": "222",
        "Content-Type": "application/json; charset=utf-8",
        "Date": "Tue, 29 Mar 2022 06:53:31 GMT",
        "Docker-Distribution-Api-Version": "registry/2.0",
        "Server": "openresty",
        "Strict-Transport-Security": [
          "max-age=31536000; includeSubDomains",
          "max-age=31536000; includeSubDomains"
        ],
        "WWW-Authenticate": "Bearer realm=\u0022https://mohitcontainerregistry.azurecr.io/oauth2/token\u0022,service=\u0022mohitcontainerregistry.azurecr.io\u0022,scope=\u0022repository:library/hello-world:metadata_read\u0022",
        "X-Content-Type-Options": "nosniff",
        "X-Ms-Correlation-Request-Id": "95f64ba2-990b-4855-9f42-19abc31205ff"
      },
      "ResponseBody": {
        "errors": [
          {
            "code": "UNAUTHORIZED",
            "message": "authentication required, visit https://aka.ms/acr/authorization for more information.",
            "detail": [
              {
                "Type": "repository",
                "Name": "library/hello-world",
                "Action": "metadata_read"
              }
            ]
          }
        ]
      }
    },
    {
      "RequestUri": "https://mohitcontainerregistry.azurecr.io/oauth2/token?api-version=2021-07-01",
      "RequestMethod": "POST",
      "RequestHeaders": {
        "Accept": "application/json",
        "Content-Length": "147",
        "Content-Type": "application/x-www-form-urlencoded",
        "User-Agent": "azsdk-net-Containers.ContainerRegistry/1.1.0-alpha.20220327.1 (.NET 6.0.1; Microsoft Windows 10.0.22000)",
        "x-ms-client-request-id": "82e9c5bbf0c80e0d8de6fc95d4b2fc28",
        "x-ms-return-client-request-id": "true"
      },
      "RequestBody": "service=mohitcontainerregistry.azurecr.io\u0026scope=repository%3Alibrary%2Fhello-world%3Ametadata_read\u0026refresh_token=Sanitized\u0026grant_type=refresh_token",
      "StatusCode": 200,
      "ResponseHeaders": {
        "Connection": "keep-alive",
        "Content-Type": "application/json; charset=utf-8",
        "Date": "Tue, 29 Mar 2022 06:53:31 GMT",
        "Server": "openresty",
        "Strict-Transport-Security": "max-age=31536000; includeSubDomains",
        "Transfer-Encoding": "chunked",
        "X-Ms-Correlation-Request-Id": "05e290c4-7468-432b-a5fa-70bca8deb47c",
        "x-ms-ratelimit-remaining-calls-per-second": "166.1"
      },
      "ResponseBody": {
        "access_token": "eyJhbGciOiJSUzI1NiIsInR5cCI6IkpXVCIsImtpZCI6Ikk3QjY6NlQ0QTpUWlYzOllJT046Rk9ESjpOWlRDOjVVUFk6M0JWMzpGRlhPOlE1NEs6M0JCSzpHVFgzIn0.eyJqdGkiOiI5ZjlmMzU2My0yMzU0LTQ4ZjUtOTM5OS1hOTc2ZWZkY2ZhMjciLCJzdWIiOiI2MTc3ODlhMi1lYWIyLTRmYzctYjM5YS1iODVmZDdlYWQzZGIiLCJuYmYiOjE2NDg1MzU5MTEsImV4cCI6MTY0ODU0MDQxMSwiaWF0IjoxNjQ4NTM1OTExLCJpc3MiOiJBenVyZSBDb250YWluZXIgUmVnaXN0cnkiLCJhdWQiOiJtb2hpdGNvbnRhaW5lcnJlZ2lzdHJ5LmF6dXJlY3IuaW8iLCJ2ZXJzaW9uIjoiMi4wIiwicmlkIjoiNmRiNTFmYzFhZGVkNDgyODkzN2FhNTRkNzQyZDg0MjUiLCJhY2Nlc3MiOlt7IlR5cGUiOiJyZXBvc2l0b3J5IiwiTmFtZSI6ImxpYnJhcnkvaGVsbG8td29ybGQiLCJBY3Rpb25zIjpbIm1ldGFkYXRhX3JlYWQiXX1dLCJyb2xlcyI6W10sImdyYW50X3R5cGUiOiJhY2Nlc3NfdG9rZW4iLCJhcHBpZCI6IjAzYjFhMjQzLWVjY2YtNDJlMy1iY2Y5LTZjODExMzljOGUwNSJ9.Ihuao03ULshKYq1xCHFmuJdTo8DQq0iDlihorouKPWBlgcFFNCUAPhIS8QrFkG8wJuPOyBObH6HFAK246TPDUlh20fYLReE400Xj14xLLeWjtu7-rDbgb20BvbpGP1jAKkO0SzRIDr7GRdY8jt5QHBSajq1GudAkmU67ixUXIkajhYDt4RwbhIo5EzOOZQAS3maCn_l3IIJt4Y_fzQVVfd5STcDTiWnJI5uLh39Jiae6sseUCpp1LRgLpjbYCgrG0NAuhEoNWUfPq6DNDU55xV2SBhn4VHKBCwww0ejvxni0Z0wOajzrKn96TGPgWZVwc4TmpVIbmr-WY6zUbZumYQ"
      }
    },
    {
      "RequestUri": "https://mohitcontainerregistry.azurecr.io/acr/v1/library/hello-world/_manifests?last=sha256%3Ab836bb24a270b9cc935962d8228517fde0f16990e88893d935efcb1b14c0017a\u0026n=1\u0026orderby=",
      "RequestMethod": "GET",
      "RequestHeaders": {
        "Accept": "application/json",
        "Authorization": "Sanitized",
        "User-Agent": "azsdk-net-Containers.ContainerRegistry/1.1.0-alpha.20220327.1 (.NET 6.0.1; Microsoft Windows 10.0.22000)",
        "x-ms-client-request-id": "4a32f6f72aab8f21e5967fa75a8fa776",
        "x-ms-return-client-request-id": "true"
      },
      "RequestBody": null,
      "StatusCode": 200,
      "ResponseHeaders": {
        "Access-Control-Expose-Headers": [
          "Docker-Content-Digest",
          "WWW-Authenticate",
          "Link",
          "X-Ms-Correlation-Request-Id"
        ],
        "Connection": "keep-alive",
        "Content-Length": "507",
        "Content-Type": "application/json; charset=utf-8",
        "Date": "Tue, 29 Mar 2022 06:53:31 GMT",
        "Docker-Distribution-Api-Version": "registry/2.0",
        "Link": "\u003C/acr/v1/library/hello-world/_manifests?last=sha256%3Abfea6278a0a267fad2634554f4f0c6f31981eea41c553fdf5a83e95a41d40c38\u0026n=1\u0026orderby=\u003E; rel=\u0022next\u0022",
        "Server": "openresty",
        "Strict-Transport-Security": [
          "max-age=31536000; includeSubDomains",
          "max-age=31536000; includeSubDomains"
        ],
        "X-Content-Type-Options": "nosniff",
        "X-Ms-Correlation-Request-Id": "f7c10305-9a5e-4dc6-9bd1-d0815d62e9f9"
      },
      "ResponseBody": {
        "registry": "mohitcontainerregistry.azurecr.io",
        "imageName": "library/hello-world",
        "manifests": [
          {
            "digest": "sha256:bfea6278a0a267fad2634554f4f0c6f31981eea41c553fdf5a83e95a41d40c38",
            "imageSize": 61598,
            "createdTime": "2022-03-29T06:53:21.3875924Z",
            "lastUpdateTime": "2022-03-29T06:53:21.3875924Z",
            "mediaType": "application/vnd.docker.distribution.manifest.list.v2\u002Bjson",
            "tags": [
              "latest",
              "v1",
              "v2",
              "v3",
              "v4"
            ],
            "changeableAttributes": {
              "deleteEnabled": true,
              "writeEnabled": true,
              "readEnabled": true,
              "listEnabled": true
            }
          }
        ]
      }
    },
    {
      "RequestUri": "https://mohitcontainerregistry.azurecr.io/acr/v1/library/hello-world/_manifests?last=sha256%3Abfea6278a0a267fad2634554f4f0c6f31981eea41c553fdf5a83e95a41d40c38\u0026n=1\u0026orderby=",
      "RequestMethod": "GET",
      "RequestHeaders": {
        "Accept": "application/json",
        "User-Agent": "azsdk-net-Containers.ContainerRegistry/1.1.0-alpha.20220327.1 (.NET 6.0.1; Microsoft Windows 10.0.22000)",
        "x-ms-client-request-id": "aaf92e8651afe88e2f8cc0362f0b395f",
        "x-ms-return-client-request-id": "true"
      },
      "RequestBody": null,
      "StatusCode": 401,
      "ResponseHeaders": {
        "Access-Control-Expose-Headers": [
          "Docker-Content-Digest",
          "WWW-Authenticate",
          "Link",
          "X-Ms-Correlation-Request-Id"
        ],
        "Connection": "keep-alive",
        "Content-Length": "222",
        "Content-Type": "application/json; charset=utf-8",
        "Date": "Tue, 29 Mar 2022 06:53:31 GMT",
        "Docker-Distribution-Api-Version": "registry/2.0",
        "Server": "openresty",
        "Strict-Transport-Security": [
          "max-age=31536000; includeSubDomains",
          "max-age=31536000; includeSubDomains"
        ],
        "WWW-Authenticate": "Bearer realm=\u0022https://mohitcontainerregistry.azurecr.io/oauth2/token\u0022,service=\u0022mohitcontainerregistry.azurecr.io\u0022,scope=\u0022repository:library/hello-world:metadata_read\u0022",
        "X-Content-Type-Options": "nosniff",
        "X-Ms-Correlation-Request-Id": "253a6809-bbf7-4b17-ac41-dff07bbe6a83"
      },
      "ResponseBody": {
        "errors": [
          {
            "code": "UNAUTHORIZED",
            "message": "authentication required, visit https://aka.ms/acr/authorization for more information.",
            "detail": [
              {
                "Type": "repository",
                "Name": "library/hello-world",
                "Action": "metadata_read"
              }
            ]
          }
        ]
      }
    },
    {
      "RequestUri": "https://mohitcontainerregistry.azurecr.io/oauth2/token?api-version=2021-07-01",
      "RequestMethod": "POST",
      "RequestHeaders": {
        "Accept": "application/json",
        "Content-Length": "147",
        "Content-Type": "application/x-www-form-urlencoded",
        "User-Agent": "azsdk-net-Containers.ContainerRegistry/1.1.0-alpha.20220327.1 (.NET 6.0.1; Microsoft Windows 10.0.22000)",
        "x-ms-client-request-id": "3c8f90da0ec1060ae923bdc42d8cbb33",
        "x-ms-return-client-request-id": "true"
      },
      "RequestBody": "service=mohitcontainerregistry.azurecr.io\u0026scope=repository%3Alibrary%2Fhello-world%3Ametadata_read\u0026refresh_token=Sanitized\u0026grant_type=refresh_token",
      "StatusCode": 200,
      "ResponseHeaders": {
        "Connection": "keep-alive",
        "Content-Type": "application/json; charset=utf-8",
        "Date": "Tue, 29 Mar 2022 06:53:32 GMT",
        "Server": "openresty",
        "Strict-Transport-Security": "max-age=31536000; includeSubDomains",
        "Transfer-Encoding": "chunked",
        "X-Ms-Correlation-Request-Id": "0655c8d3-d353-4113-868d-2c931ab83d3b",
        "x-ms-ratelimit-remaining-calls-per-second": "166.083333"
      },
      "ResponseBody": {
        "access_token": "eyJhbGciOiJSUzI1NiIsInR5cCI6IkpXVCIsImtpZCI6Ikk3QjY6NlQ0QTpUWlYzOllJT046Rk9ESjpOWlRDOjVVUFk6M0JWMzpGRlhPOlE1NEs6M0JCSzpHVFgzIn0.eyJqdGkiOiIyMGI1NjQ5ZS03YjQ1LTQyMTItYjg1Yi04MzNkN2UwYzI3OGQiLCJzdWIiOiI2MTc3ODlhMi1lYWIyLTRmYzctYjM5YS1iODVmZDdlYWQzZGIiLCJuYmYiOjE2NDg1MzU5MTIsImV4cCI6MTY0ODU0MDQxMiwiaWF0IjoxNjQ4NTM1OTEyLCJpc3MiOiJBenVyZSBDb250YWluZXIgUmVnaXN0cnkiLCJhdWQiOiJtb2hpdGNvbnRhaW5lcnJlZ2lzdHJ5LmF6dXJlY3IuaW8iLCJ2ZXJzaW9uIjoiMi4wIiwicmlkIjoiNmRiNTFmYzFhZGVkNDgyODkzN2FhNTRkNzQyZDg0MjUiLCJhY2Nlc3MiOlt7IlR5cGUiOiJyZXBvc2l0b3J5IiwiTmFtZSI6ImxpYnJhcnkvaGVsbG8td29ybGQiLCJBY3Rpb25zIjpbIm1ldGFkYXRhX3JlYWQiXX1dLCJyb2xlcyI6W10sImdyYW50X3R5cGUiOiJhY2Nlc3NfdG9rZW4iLCJhcHBpZCI6IjAzYjFhMjQzLWVjY2YtNDJlMy1iY2Y5LTZjODExMzljOGUwNSJ9.lzIQyykkLHl2YpDEYBF2XIE4pXJf7m-yNTavCZBChyY9cdsq0W1Z4ZBiXv2YfLhY0bl0GjMggYjv41gWrgv9m8mJt7-h0ro6jxXSngLY819lnTnXYf3YLhO3FVes7JvWnXCCRDhK7AV4eVp4btuX4Rv1_QW5wA6ziuMFkHWybwIWoFBYxHcZT8erCW3_lqrgyL679tMHQQdUHZItSUZU4qLb6b9TXi7gDx_sWWBscmg3IVq5JTa0nod9dIwzZ6j8DrUrZV38n7SmiCd3eQqE2CIU5mARRT7Qhd0TvBuwaxx601Mdxf_ixcU7S50-ukVjRhUwKA7y2x9RD3ccNy0pbg"
      }
    },
    {
      "RequestUri": "https://mohitcontainerregistry.azurecr.io/acr/v1/library/hello-world/_manifests?last=sha256%3Abfea6278a0a267fad2634554f4f0c6f31981eea41c553fdf5a83e95a41d40c38\u0026n=1\u0026orderby=",
      "RequestMethod": "GET",
      "RequestHeaders": {
        "Accept": "application/json",
        "Authorization": "Sanitized",
        "User-Agent": "azsdk-net-Containers.ContainerRegistry/1.1.0-alpha.20220327.1 (.NET 6.0.1; Microsoft Windows 10.0.22000)",
        "x-ms-client-request-id": "aaf92e8651afe88e2f8cc0362f0b395f",
        "x-ms-return-client-request-id": "true"
      },
      "RequestBody": null,
      "StatusCode": 200,
      "ResponseHeaders": {
        "Access-Control-Expose-Headers": [
          "Docker-Content-Digest",
          "WWW-Authenticate",
          "Link",
          "X-Ms-Correlation-Request-Id"
        ],
        "Connection": "keep-alive",
        "Content-Length": "843",
        "Content-Type": "application/json; charset=utf-8",
        "Date": "Tue, 29 Mar 2022 06:53:32 GMT",
        "Docker-Distribution-Api-Version": "registry/2.0",
        "Link": "\u003C/acr/v1/library/hello-world/_manifests?last=sha256%3Ac7b6944911848ce39b44ed660d95fb54d69bbd531de724c7ce6fc9f743c0b861\u0026n=1\u0026orderby=\u003E; rel=\u0022next\u0022",
        "Server": "openresty",
        "Strict-Transport-Security": [
          "max-age=31536000; includeSubDomains",
          "max-age=31536000; includeSubDomains"
        ],
        "X-Content-Type-Options": "nosniff",
        "X-Ms-Correlation-Request-Id": "1e2023b6-d01d-481f-8540-e4ae1bb845ae"
      },
      "ResponseBody": {
        "registry": "mohitcontainerregistry.azurecr.io",
        "imageName": "library/hello-world",
        "manifests": [
          {
            "digest": "sha256:c7b6944911848ce39b44ed660d95fb54d69bbd531de724c7ce6fc9f743c0b861",
            "imageSize": 5270,
            "createdTime": "2022-03-29T06:53:21.9592735Z",
            "lastUpdateTime": "2022-03-29T06:53:21.9592735Z",
            "architecture": "s390x",
            "os": "linux",
            "mediaType": "application/vnd.docker.distribution.manifest.v2\u002Bjson",
            "changeableAttributes": {
              "deleteEnabled": true,
              "writeEnabled": true,
              "readEnabled": true,
              "listEnabled": true,
              "quarantineDetails": "{\u0022state\u0022:\u0022Scan InProgress\u0022,\u0022link\u0022:\u0022https://aka.ms/test\u0022,\u0022scanner\u0022:\u0022Azure Security Monitoring-Qualys Scanner\u0022,\u0022result\u0022:{\u0022version\u0022:\u00223/29/2022 6:53:23 AM\u0022,\u0022summary\u0022:[{\u0022severity\u0022:\u0022High\u0022,\u0022count\u0022:0},{\u0022severity\u0022:\u0022Medium\u0022,\u0022count\u0022:0},{\u0022severity\u0022:\u0022Low\u0022,\u0022count\u0022:0}]}}",
              "quarantineState": "Passed"
            }
          }
        ]
      }
    },
    {
      "RequestUri": "https://mohitcontainerregistry.azurecr.io/acr/v1/library/hello-world/_manifests?last=sha256%3Ac7b6944911848ce39b44ed660d95fb54d69bbd531de724c7ce6fc9f743c0b861\u0026n=1\u0026orderby=",
      "RequestMethod": "GET",
      "RequestHeaders": {
        "Accept": "application/json",
        "User-Agent": "azsdk-net-Containers.ContainerRegistry/1.1.0-alpha.20220327.1 (.NET 6.0.1; Microsoft Windows 10.0.22000)",
        "x-ms-client-request-id": "2c20569afc956ac63601523c30d6df81",
        "x-ms-return-client-request-id": "true"
      },
      "RequestBody": null,
      "StatusCode": 401,
      "ResponseHeaders": {
        "Access-Control-Expose-Headers": [
          "Docker-Content-Digest",
          "WWW-Authenticate",
          "Link",
          "X-Ms-Correlation-Request-Id"
        ],
        "Connection": "keep-alive",
        "Content-Length": "222",
        "Content-Type": "application/json; charset=utf-8",
        "Date": "Tue, 29 Mar 2022 06:53:32 GMT",
        "Docker-Distribution-Api-Version": "registry/2.0",
        "Server": "openresty",
        "Strict-Transport-Security": [
          "max-age=31536000; includeSubDomains",
          "max-age=31536000; includeSubDomains"
        ],
        "WWW-Authenticate": "Bearer realm=\u0022https://mohitcontainerregistry.azurecr.io/oauth2/token\u0022,service=\u0022mohitcontainerregistry.azurecr.io\u0022,scope=\u0022repository:library/hello-world:metadata_read\u0022",
        "X-Content-Type-Options": "nosniff",
        "X-Ms-Correlation-Request-Id": "ee41b0f3-6520-4037-bb47-e2bfea08dfc8"
      },
      "ResponseBody": {
        "errors": [
          {
            "code": "UNAUTHORIZED",
            "message": "authentication required, visit https://aka.ms/acr/authorization for more information.",
            "detail": [
              {
                "Type": "repository",
                "Name": "library/hello-world",
                "Action": "metadata_read"
              }
            ]
          }
        ]
      }
    },
    {
      "RequestUri": "https://mohitcontainerregistry.azurecr.io/oauth2/token?api-version=2021-07-01",
      "RequestMethod": "POST",
      "RequestHeaders": {
        "Accept": "application/json",
        "Content-Length": "147",
        "Content-Type": "application/x-www-form-urlencoded",
        "User-Agent": "azsdk-net-Containers.ContainerRegistry/1.1.0-alpha.20220327.1 (.NET 6.0.1; Microsoft Windows 10.0.22000)",
        "x-ms-client-request-id": "44bb9dacbf22786723f2c18b94c9baa3",
        "x-ms-return-client-request-id": "true"
      },
      "RequestBody": "service=mohitcontainerregistry.azurecr.io\u0026scope=repository%3Alibrary%2Fhello-world%3Ametadata_read\u0026refresh_token=Sanitized\u0026grant_type=refresh_token",
      "StatusCode": 200,
      "ResponseHeaders": {
        "Connection": "keep-alive",
        "Content-Type": "application/json; charset=utf-8",
        "Date": "Tue, 29 Mar 2022 06:53:32 GMT",
        "Server": "openresty",
        "Strict-Transport-Security": "max-age=31536000; includeSubDomains",
        "Transfer-Encoding": "chunked",
        "X-Ms-Correlation-Request-Id": "42fedd11-5fe8-480e-a0bb-10d88ca48bb2",
        "x-ms-ratelimit-remaining-calls-per-second": "166.066667"
      },
      "ResponseBody": {
        "access_token": "eyJhbGciOiJSUzI1NiIsInR5cCI6IkpXVCIsImtpZCI6Ikk3QjY6NlQ0QTpUWlYzOllJT046Rk9ESjpOWlRDOjVVUFk6M0JWMzpGRlhPOlE1NEs6M0JCSzpHVFgzIn0.eyJqdGkiOiIxOGJmNDg3Yi1kZTU2LTQyMTAtOWNiNy04OWE4YjY5NjUzNjciLCJzdWIiOiI2MTc3ODlhMi1lYWIyLTRmYzctYjM5YS1iODVmZDdlYWQzZGIiLCJuYmYiOjE2NDg1MzU5MTIsImV4cCI6MTY0ODU0MDQxMiwiaWF0IjoxNjQ4NTM1OTEyLCJpc3MiOiJBenVyZSBDb250YWluZXIgUmVnaXN0cnkiLCJhdWQiOiJtb2hpdGNvbnRhaW5lcnJlZ2lzdHJ5LmF6dXJlY3IuaW8iLCJ2ZXJzaW9uIjoiMi4wIiwicmlkIjoiNmRiNTFmYzFhZGVkNDgyODkzN2FhNTRkNzQyZDg0MjUiLCJhY2Nlc3MiOlt7IlR5cGUiOiJyZXBvc2l0b3J5IiwiTmFtZSI6ImxpYnJhcnkvaGVsbG8td29ybGQiLCJBY3Rpb25zIjpbIm1ldGFkYXRhX3JlYWQiXX1dLCJyb2xlcyI6W10sImdyYW50X3R5cGUiOiJhY2Nlc3NfdG9rZW4iLCJhcHBpZCI6IjAzYjFhMjQzLWVjY2YtNDJlMy1iY2Y5LTZjODExMzljOGUwNSJ9.AgP7ZtrwpGft-C8G3l6UHSYdrwwaeYo2MouRzGwuAsMA1K0gOVvbzAobM38OzQky5HRDrvFRsr1-P3tvSQtavNyypTfh8jYY_4qTP5j-drx4uDxw7z5Uc--qJVzLgv_zlFB4IHkMoWbcVSRo-yr9hNNg2kXOYu2C_5kbo8-pG8SR-TYGAbqhyW4KKACmGqstH1iLl-dJDfxnAjFgyTjlBAvUip3TVQClEDISVtjkOo9COUmaxG1aGgN7WysleqcMQ3EAHipDdldFPp14KZw4xs1i3fYjCqU1rAoE72E6klgWsL_L_0oHp5BJjhJ-Wj5FzB2rFfFYnEWvYEOyXAFkUQ"
      }
    },
    {
      "RequestUri": "https://mohitcontainerregistry.azurecr.io/acr/v1/library/hello-world/_manifests?last=sha256%3Ac7b6944911848ce39b44ed660d95fb54d69bbd531de724c7ce6fc9f743c0b861\u0026n=1\u0026orderby=",
      "RequestMethod": "GET",
      "RequestHeaders": {
        "Accept": "application/json",
        "Authorization": "Sanitized",
        "User-Agent": "azsdk-net-Containers.ContainerRegistry/1.1.0-alpha.20220327.1 (.NET 6.0.1; Microsoft Windows 10.0.22000)",
        "x-ms-client-request-id": "2c20569afc956ac63601523c30d6df81",
        "x-ms-return-client-request-id": "true"
      },
      "RequestBody": null,
      "StatusCode": 200,
      "ResponseHeaders": {
        "Access-Control-Expose-Headers": [
          "Docker-Content-Digest",
          "WWW-Authenticate",
          "Link",
          "X-Ms-Correlation-Request-Id"
        ],
        "Connection": "keep-alive",
        "Content-Length": "842",
        "Content-Type": "application/json; charset=utf-8",
        "Date": "Tue, 29 Mar 2022 06:53:32 GMT",
        "Docker-Distribution-Api-Version": "registry/2.0",
        "Link": "\u003C/acr/v1/library/hello-world/_manifests?last=sha256%3Aeb11b1a194ff8e236a01eff392c4e1296a53b0fb4780d8b0382f7996a15d5392\u0026n=1\u0026orderby=\u003E; rel=\u0022next\u0022",
        "Server": "openresty",
        "Strict-Transport-Security": [
          "max-age=31536000; includeSubDomains",
          "max-age=31536000; includeSubDomains"
        ],
        "X-Content-Type-Options": "nosniff",
        "X-Ms-Correlation-Request-Id": "ca896b02-1b32-4647-a65e-3cb48669d2ce"
      },
      "ResponseBody": {
        "registry": "mohitcontainerregistry.azurecr.io",
        "imageName": "library/hello-world",
        "manifests": [
          {
            "digest": "sha256:eb11b1a194ff8e236a01eff392c4e1296a53b0fb4780d8b0382f7996a15d5392",
            "imageSize": 6090,
            "createdTime": "2022-03-29T06:53:20.6379801Z",
            "lastUpdateTime": "2022-03-29T06:53:20.6379801Z",
            "architecture": "mips64le",
            "os": "linux",
            "mediaType": "application/vnd.docker.distribution.manifest.v2\u002Bjson",
            "changeableAttributes": {
              "deleteEnabled": true,
              "writeEnabled": true,
              "readEnabled": true,
              "listEnabled": true,
              "quarantineDetails": "{\u0022state\u0022:\u0022Scan Failed\u0022,\u0022link\u0022:\u0022https://aka.ms/test\u0022,\u0022scanner\u0022:\u0022Azure Security Monitoring-Qualys Scanner\u0022,\u0022result\u0022:{\u0022version\u0022:\u00223/29/2022 6:53:22 AM\u0022,\u0022summary\u0022:[{\u0022severity\u0022:\u0022High\u0022,\u0022count\u0022:0},{\u0022severity\u0022:\u0022Medium\u0022,\u0022count\u0022:0},{\u0022severity\u0022:\u0022Low\u0022,\u0022count\u0022:0}]}}",
              "quarantineState": "Passed"
            }
          }
        ]
      }
    },
    {
      "RequestUri": "https://mohitcontainerregistry.azurecr.io/acr/v1/library/hello-world/_manifests?last=sha256%3Aeb11b1a194ff8e236a01eff392c4e1296a53b0fb4780d8b0382f7996a15d5392\u0026n=1\u0026orderby=",
      "RequestMethod": "GET",
      "RequestHeaders": {
        "Accept": "application/json",
        "User-Agent": "azsdk-net-Containers.ContainerRegistry/1.1.0-alpha.20220327.1 (.NET 6.0.1; Microsoft Windows 10.0.22000)",
        "x-ms-client-request-id": "d89b8cd10deaddc9c92506bfbbced612",
        "x-ms-return-client-request-id": "true"
      },
      "RequestBody": null,
      "StatusCode": 401,
      "ResponseHeaders": {
        "Access-Control-Expose-Headers": [
          "Docker-Content-Digest",
          "WWW-Authenticate",
          "Link",
          "X-Ms-Correlation-Request-Id"
        ],
        "Connection": "keep-alive",
        "Content-Length": "222",
        "Content-Type": "application/json; charset=utf-8",
        "Date": "Tue, 29 Mar 2022 06:53:32 GMT",
        "Docker-Distribution-Api-Version": "registry/2.0",
        "Server": "openresty",
        "Strict-Transport-Security": [
          "max-age=31536000; includeSubDomains",
          "max-age=31536000; includeSubDomains"
        ],
        "WWW-Authenticate": "Bearer realm=\u0022https://mohitcontainerregistry.azurecr.io/oauth2/token\u0022,service=\u0022mohitcontainerregistry.azurecr.io\u0022,scope=\u0022repository:library/hello-world:metadata_read\u0022",
        "X-Content-Type-Options": "nosniff",
        "X-Ms-Correlation-Request-Id": "b7e181e6-36d1-4515-b7c5-86e415c3adcd"
      },
      "ResponseBody": {
        "errors": [
          {
            "code": "UNAUTHORIZED",
            "message": "authentication required, visit https://aka.ms/acr/authorization for more information.",
            "detail": [
              {
                "Type": "repository",
                "Name": "library/hello-world",
                "Action": "metadata_read"
              }
            ]
          }
        ]
      }
    },
    {
      "RequestUri": "https://mohitcontainerregistry.azurecr.io/oauth2/token?api-version=2021-07-01",
      "RequestMethod": "POST",
      "RequestHeaders": {
        "Accept": "application/json",
        "Content-Length": "147",
        "Content-Type": "application/x-www-form-urlencoded",
        "User-Agent": "azsdk-net-Containers.ContainerRegistry/1.1.0-alpha.20220327.1 (.NET 6.0.1; Microsoft Windows 10.0.22000)",
        "x-ms-client-request-id": "90173b4477d0db11efa808a33b3ad66c",
        "x-ms-return-client-request-id": "true"
      },
      "RequestBody": "service=mohitcontainerregistry.azurecr.io\u0026scope=repository%3Alibrary%2Fhello-world%3Ametadata_read\u0026refresh_token=Sanitized\u0026grant_type=refresh_token",
      "StatusCode": 200,
      "ResponseHeaders": {
        "Connection": "keep-alive",
        "Content-Type": "application/json; charset=utf-8",
        "Date": "Tue, 29 Mar 2022 06:53:32 GMT",
        "Server": "openresty",
        "Strict-Transport-Security": "max-age=31536000; includeSubDomains",
        "Transfer-Encoding": "chunked",
        "X-Ms-Correlation-Request-Id": "02ae6761-131d-4182-adad-1d7a2ccba830",
        "x-ms-ratelimit-remaining-calls-per-second": "166.05"
      },
      "ResponseBody": {
        "access_token": "eyJhbGciOiJSUzI1NiIsInR5cCI6IkpXVCIsImtpZCI6Ikk3QjY6NlQ0QTpUWlYzOllJT046Rk9ESjpOWlRDOjVVUFk6M0JWMzpGRlhPOlE1NEs6M0JCSzpHVFgzIn0.eyJqdGkiOiJkNjk3MDVlZC1jODdmLTQwYWEtYWJjOS0xMmQxOTAyNmJkMzQiLCJzdWIiOiI2MTc3ODlhMi1lYWIyLTRmYzctYjM5YS1iODVmZDdlYWQzZGIiLCJuYmYiOjE2NDg1MzU5MTIsImV4cCI6MTY0ODU0MDQxMiwiaWF0IjoxNjQ4NTM1OTEyLCJpc3MiOiJBenVyZSBDb250YWluZXIgUmVnaXN0cnkiLCJhdWQiOiJtb2hpdGNvbnRhaW5lcnJlZ2lzdHJ5LmF6dXJlY3IuaW8iLCJ2ZXJzaW9uIjoiMi4wIiwicmlkIjoiNmRiNTFmYzFhZGVkNDgyODkzN2FhNTRkNzQyZDg0MjUiLCJhY2Nlc3MiOlt7IlR5cGUiOiJyZXBvc2l0b3J5IiwiTmFtZSI6ImxpYnJhcnkvaGVsbG8td29ybGQiLCJBY3Rpb25zIjpbIm1ldGFkYXRhX3JlYWQiXX1dLCJyb2xlcyI6W10sImdyYW50X3R5cGUiOiJhY2Nlc3NfdG9rZW4iLCJhcHBpZCI6IjAzYjFhMjQzLWVjY2YtNDJlMy1iY2Y5LTZjODExMzljOGUwNSJ9.ZwiIoOF7ele8BxDEzZG9ZTd9QOhNishbHs2PmKujw0HKyr5wiUSU8vcl6PHCZtTLuW7FMiqRzak4y5n-U8iCDqZ_o4tTiJa15BAqVwdYNZ8GoOSililGCLHlKLTrAbnwJk1tGXxZjTiyxobCKWyyZrE_p88jt_aE3ua4z0JbeBaT8sTDRNXAB44H82NMhOdpJ5EPndeQEUsdZUlxooQEsBFdCw2PQLmDCRF1KnGQXkUz-qRB2Tynr4v_qgYoQmcLECPOQE2XT7K5jGIhTPKy-OnS6U6Ek5XhjDcDEB_MA15bQLTitQyw82Kd0HvCXYyfNIi6uv8tR13u7q9KnFFP7A"
      }
    },
    {
      "RequestUri": "https://mohitcontainerregistry.azurecr.io/acr/v1/library/hello-world/_manifests?last=sha256%3Aeb11b1a194ff8e236a01eff392c4e1296a53b0fb4780d8b0382f7996a15d5392\u0026n=1\u0026orderby=",
      "RequestMethod": "GET",
      "RequestHeaders": {
        "Accept": "application/json",
        "Authorization": "Sanitized",
        "User-Agent": "azsdk-net-Containers.ContainerRegistry/1.1.0-alpha.20220327.1 (.NET 6.0.1; Microsoft Windows 10.0.22000)",
        "x-ms-client-request-id": "d89b8cd10deaddc9c92506bfbbced612",
        "x-ms-return-client-request-id": "true"
      },
      "RequestBody": null,
      "StatusCode": 200,
      "ResponseHeaders": {
        "Access-Control-Expose-Headers": [
          "Docker-Content-Digest",
          "WWW-Authenticate",
          "Link",
          "X-Ms-Correlation-Request-Id"
        ],
        "Connection": "keep-alive",
        "Content-Length": "837",
        "Content-Type": "application/json; charset=utf-8",
        "Date": "Tue, 29 Mar 2022 06:53:32 GMT",
        "Docker-Distribution-Api-Version": "registry/2.0",
        "Link": "\u003C/acr/v1/library/hello-world/_manifests?last=sha256%3Af130bd2d67e6e9280ac6d0a6c83857bfaf70234e8ef4236876eccfbd30973b1c\u0026n=1\u0026orderby=\u003E; rel=\u0022next\u0022",
        "Server": "openresty",
        "Strict-Transport-Security": [
          "max-age=31536000; includeSubDomains",
          "max-age=31536000; includeSubDomains"
        ],
        "X-Content-Type-Options": "nosniff",
        "X-Ms-Correlation-Request-Id": "89cfdec4-fb6b-4d4d-b3a5-ec1a5fb56c8e"
      },
      "ResponseBody": {
        "registry": "mohitcontainerregistry.azurecr.io",
        "imageName": "library/hello-world",
        "manifests": [
          {
            "digest": "sha256:f130bd2d67e6e9280ac6d0a6c83857bfaf70234e8ef4236876eccfbd30973b1c",
            "imageSize": 5000,
            "createdTime": "2022-03-29T06:53:21.5287051Z",
            "lastUpdateTime": "2022-03-29T06:53:21.5287051Z",
            "architecture": "arm",
            "os": "linux",
            "mediaType": "application/vnd.docker.distribution.manifest.v2\u002Bjson",
            "changeableAttributes": {
              "deleteEnabled": true,
              "writeEnabled": true,
              "readEnabled": true,
              "listEnabled": true,
              "quarantineDetails": "{\u0022state\u0022:\u0022Scan Failed\u0022,\u0022link\u0022:\u0022https://aka.ms/test\u0022,\u0022scanner\u0022:\u0022Azure Security Monitoring-Qualys Scanner\u0022,\u0022result\u0022:{\u0022version\u0022:\u00223/29/2022 6:53:23 AM\u0022,\u0022summary\u0022:[{\u0022severity\u0022:\u0022High\u0022,\u0022count\u0022:0},{\u0022severity\u0022:\u0022Medium\u0022,\u0022count\u0022:0},{\u0022severity\u0022:\u0022Low\u0022,\u0022count\u0022:0}]}}",
              "quarantineState": "Passed"
            }
          }
        ]
      }
    },
    {
      "RequestUri": "https://mohitcontainerregistry.azurecr.io/acr/v1/library/hello-world/_manifests?last=sha256%3Af130bd2d67e6e9280ac6d0a6c83857bfaf70234e8ef4236876eccfbd30973b1c\u0026n=1\u0026orderby=",
      "RequestMethod": "GET",
      "RequestHeaders": {
        "Accept": "application/json",
        "User-Agent": "azsdk-net-Containers.ContainerRegistry/1.1.0-alpha.20220327.1 (.NET 6.0.1; Microsoft Windows 10.0.22000)",
        "x-ms-client-request-id": "a36aaf47073a9f97d3dd7afcb9a7bc55",
        "x-ms-return-client-request-id": "true"
      },
      "RequestBody": null,
      "StatusCode": 401,
      "ResponseHeaders": {
        "Access-Control-Expose-Headers": [
          "Docker-Content-Digest",
          "WWW-Authenticate",
          "Link",
          "X-Ms-Correlation-Request-Id"
        ],
        "Connection": "keep-alive",
        "Content-Length": "222",
        "Content-Type": "application/json; charset=utf-8",
        "Date": "Tue, 29 Mar 2022 06:53:32 GMT",
        "Docker-Distribution-Api-Version": "registry/2.0",
        "Server": "openresty",
        "Strict-Transport-Security": [
          "max-age=31536000; includeSubDomains",
          "max-age=31536000; includeSubDomains"
        ],
        "WWW-Authenticate": "Bearer realm=\u0022https://mohitcontainerregistry.azurecr.io/oauth2/token\u0022,service=\u0022mohitcontainerregistry.azurecr.io\u0022,scope=\u0022repository:library/hello-world:metadata_read\u0022",
        "X-Content-Type-Options": "nosniff",
        "X-Ms-Correlation-Request-Id": "64803d67-3f9f-4557-a832-507eb6f0fc89"
      },
      "ResponseBody": {
        "errors": [
          {
            "code": "UNAUTHORIZED",
            "message": "authentication required, visit https://aka.ms/acr/authorization for more information.",
            "detail": [
              {
                "Type": "repository",
                "Name": "library/hello-world",
                "Action": "metadata_read"
              }
            ]
          }
        ]
      }
    },
    {
      "RequestUri": "https://mohitcontainerregistry.azurecr.io/oauth2/token?api-version=2021-07-01",
      "RequestMethod": "POST",
      "RequestHeaders": {
        "Accept": "application/json",
        "Content-Length": "147",
        "Content-Type": "application/x-www-form-urlencoded",
        "User-Agent": "azsdk-net-Containers.ContainerRegistry/1.1.0-alpha.20220327.1 (.NET 6.0.1; Microsoft Windows 10.0.22000)",
        "x-ms-client-request-id": "5847ae1c29b259d27bbfe8410526a18e",
        "x-ms-return-client-request-id": "true"
      },
      "RequestBody": "service=mohitcontainerregistry.azurecr.io\u0026scope=repository%3Alibrary%2Fhello-world%3Ametadata_read\u0026refresh_token=Sanitized\u0026grant_type=refresh_token",
      "StatusCode": 200,
      "ResponseHeaders": {
        "Connection": "keep-alive",
        "Content-Type": "application/json; charset=utf-8",
        "Date": "Tue, 29 Mar 2022 06:53:32 GMT",
        "Server": "openresty",
        "Strict-Transport-Security": "max-age=31536000; includeSubDomains",
        "Transfer-Encoding": "chunked",
        "X-Ms-Correlation-Request-Id": "7e92bf13-f8c2-4119-aa93-c3d5367f220f",
        "x-ms-ratelimit-remaining-calls-per-second": "166.033333"
      },
      "ResponseBody": {
        "access_token": "eyJhbGciOiJSUzI1NiIsInR5cCI6IkpXVCIsImtpZCI6Ikk3QjY6NlQ0QTpUWlYzOllJT046Rk9ESjpOWlRDOjVVUFk6M0JWMzpGRlhPOlE1NEs6M0JCSzpHVFgzIn0.eyJqdGkiOiIzNGU4NmY0MS00YWZjLTRkYjMtOTlmOS03NGI1YjNmNmEwNTIiLCJzdWIiOiI2MTc3ODlhMi1lYWIyLTRmYzctYjM5YS1iODVmZDdlYWQzZGIiLCJuYmYiOjE2NDg1MzU5MTIsImV4cCI6MTY0ODU0MDQxMiwiaWF0IjoxNjQ4NTM1OTEyLCJpc3MiOiJBenVyZSBDb250YWluZXIgUmVnaXN0cnkiLCJhdWQiOiJtb2hpdGNvbnRhaW5lcnJlZ2lzdHJ5LmF6dXJlY3IuaW8iLCJ2ZXJzaW9uIjoiMi4wIiwicmlkIjoiNmRiNTFmYzFhZGVkNDgyODkzN2FhNTRkNzQyZDg0MjUiLCJhY2Nlc3MiOlt7IlR5cGUiOiJyZXBvc2l0b3J5IiwiTmFtZSI6ImxpYnJhcnkvaGVsbG8td29ybGQiLCJBY3Rpb25zIjpbIm1ldGFkYXRhX3JlYWQiXX1dLCJyb2xlcyI6W10sImdyYW50X3R5cGUiOiJhY2Nlc3NfdG9rZW4iLCJhcHBpZCI6IjAzYjFhMjQzLWVjY2YtNDJlMy1iY2Y5LTZjODExMzljOGUwNSJ9.yj8-b90nRL7taPrFBQGBrssrd15ZnXHFJEViLo5Ondlg6Gge1zyTEK0RS35oInFHrrVCdgssVec-r92uxAraKcA_0A9CCGILHLE68V3CTEGPFGtD3OQQxeDXYutEvmQG0AVdXxtFE8Cw_4NDh2YzCajorn9NuFon1ewUdBIXV8z895GYzP4YhRkoMVYcCQt6wKr6Ai3B6-1tq8Bnl49fwOAkmgfP0s4rQ4ABWLydpOUyJ2kBCQLKT1BImyG46T8H1i9vULAYuC4NxGb4ZC_25__Y8iWpy_-SDc6kmMjhT_-FASCWaAqFSKCsdlW70Bgpw2uDqUasi7bsPc6aQqr9TQ"
      }
    },
    {
      "RequestUri": "https://mohitcontainerregistry.azurecr.io/acr/v1/library/hello-world/_manifests?last=sha256%3Af130bd2d67e6e9280ac6d0a6c83857bfaf70234e8ef4236876eccfbd30973b1c\u0026n=1\u0026orderby=",
      "RequestMethod": "GET",
      "RequestHeaders": {
        "Accept": "application/json",
        "Authorization": "Sanitized",
        "User-Agent": "azsdk-net-Containers.ContainerRegistry/1.1.0-alpha.20220327.1 (.NET 6.0.1; Microsoft Windows 10.0.22000)",
        "x-ms-client-request-id": "a36aaf47073a9f97d3dd7afcb9a7bc55",
        "x-ms-return-client-request-id": "true"
      },
      "RequestBody": null,
      "StatusCode": 200,
      "ResponseHeaders": {
        "Access-Control-Expose-Headers": [
          "Docker-Content-Digest",
          "WWW-Authenticate",
          "Link",
          "X-Ms-Correlation-Request-Id"
        ],
        "Connection": "keep-alive",
        "Content-Length": "839",
        "Content-Type": "application/json; charset=utf-8",
        "Date": "Tue, 29 Mar 2022 06:53:32 GMT",
        "Docker-Distribution-Api-Version": "registry/2.0",
        "Server": "openresty",
        "Strict-Transport-Security": [
          "max-age=31536000; includeSubDomains",
          "max-age=31536000; includeSubDomains"
        ],
        "X-Content-Type-Options": "nosniff",
        "X-Ms-Correlation-Request-Id": "3f86351b-0dca-4350-9354-dca1bc2a8c78"
      },
      "ResponseBody": {
        "registry": "mohitcontainerregistry.azurecr.io",
        "imageName": "library/hello-world",
        "manifests": [
          {
            "digest": "sha256:f54a58bc1aac5ea1a25d796ae155dc228b3f0e11d046ae276b39c4bf2f13d8c4",
            "imageSize": 4473,
            "createdTime": "2022-03-29T06:53:19.9756579Z",
            "lastUpdateTime": "2022-03-29T06:53:19.9756579Z",
            "architecture": "amd64",
            "os": "linux",
            "mediaType": "application/vnd.docker.distribution.manifest.v2\u002Bjson",
            "changeableAttributes": {
              "deleteEnabled": true,
              "writeEnabled": true,
              "readEnabled": true,
              "listEnabled": true,
              "quarantineDetails": "{\u0022state\u0022:\u0022Scan Failed\u0022,\u0022link\u0022:\u0022https://aka.ms/test\u0022,\u0022scanner\u0022:\u0022Azure Security Monitoring-Qualys Scanner\u0022,\u0022result\u0022:{\u0022version\u0022:\u00223/29/2022 6:53:21 AM\u0022,\u0022summary\u0022:[{\u0022severity\u0022:\u0022High\u0022,\u0022count\u0022:0},{\u0022severity\u0022:\u0022Medium\u0022,\u0022count\u0022:0},{\u0022severity\u0022:\u0022Low\u0022,\u0022count\u0022:0}]}}",
              "quarantineState": "Passed"
            }
          }
        ]
      }
    }
  ],
  "Variables": {
    "CONTAINERREGISTRY_ENDPOINT": "https://mohitcontainerregistry.azurecr.io",
    "RandomSeed": "888980376"
  }
}
