{
  "Entries": [
    {
      "RequestUri": "https://amandadev2.file.core.windows.net/test-share-1245286e-0664-3f26-3fd2-6ada772bc0c2?restype=share",
      "RequestMethod": "PUT",
      "RequestHeaders": {
        "Accept": "application/xml",
        "Authorization": "Sanitized",
        "Content-Length": "0",
        "traceparent": "00-18f3ffc4b237fbb3adb10b7916c56207-30283034efab9b10-00",
        "User-Agent": "azsdk-net-Storage.Files.Shares/12.11.0-alpha.20220621.1 (.NET 6.0.6; Microsoft Windows 10.0.22000)",
        "x-ms-client-request-id": "3c7a90e6-b93c-381f-f821-8dc173c484b9",
        "x-ms-date": "Wed, 22 Jun 2022 05:32:09 GMT",
        "x-ms-return-client-request-id": "true",
        "x-ms-version": "2021-08-06"
      },
      "RequestBody": null,
      "StatusCode": 201,
      "ResponseHeaders": {
        "Content-Length": "0",
        "Date": "Wed, 22 Jun 2022 05:32:11 GMT",
        "ETag": "\u00220x8DA54108E8173F6\u0022",
        "Last-Modified": "Wed, 22 Jun 2022 05:32:11 GMT",
        "Server": [
          "Windows-Azure-File/1.0",
          "Microsoft-HTTPAPI/2.0"
        ],
        "x-ms-client-request-id": "3c7a90e6-b93c-381f-f821-8dc173c484b9",
        "x-ms-request-id": "92da6393-201a-0007-06f9-851982000000",
        "x-ms-version": "2021-08-06"
      },
      "ResponseBody": null
    },
    {
      "RequestUri": "https://amandadev2.file.core.windows.net/test-share-1245286e-0664-3f26-3fd2-6ada772bc0c2/test-directory-2c12291e-9a7a-5cc9-9457-4e5670fcbb30?restype=directory",
      "RequestMethod": "PUT",
      "RequestHeaders": {
        "Accept": "application/xml",
        "Authorization": "Sanitized",
        "Content-Length": "0",
        "traceparent": "00-bb72b746734d959f29d6499022ec4c83-9f09dabfad198237-00",
        "User-Agent": "azsdk-net-Storage.Files.Shares/12.11.0-alpha.20220621.1 (.NET 6.0.6; Microsoft Windows 10.0.22000)",
        "x-ms-client-request-id": "042c5d65-9ccf-9b08-a393-4745f24dd8c2",
        "x-ms-date": "Wed, 22 Jun 2022 05:32:09 GMT",
        "x-ms-file-attributes": "None",
        "x-ms-file-creation-time": "Now",
        "x-ms-file-last-write-time": "Now",
        "x-ms-file-permission": "Inherit",
        "x-ms-return-client-request-id": "true",
        "x-ms-version": "2021-08-06"
      },
      "RequestBody": null,
      "StatusCode": 201,
      "ResponseHeaders": {
        "Content-Length": "0",
        "Date": "Wed, 22 Jun 2022 05:32:11 GMT",
        "ETag": "\u00220x8DA54108E8E87F8\u0022",
        "Last-Modified": "Wed, 22 Jun 2022 05:32:11 GMT",
        "Server": [
          "Windows-Azure-File/1.0",
          "Microsoft-HTTPAPI/2.0"
        ],
        "x-ms-client-request-id": "042c5d65-9ccf-9b08-a393-4745f24dd8c2",
        "x-ms-file-attributes": "Directory",
        "x-ms-file-change-time": "2022-06-22T05:32:11.4262008Z",
        "x-ms-file-creation-time": "2022-06-22T05:32:11.4262008Z",
        "x-ms-file-id": "13835128424026341376",
        "x-ms-file-last-write-time": "2022-06-22T05:32:11.4262008Z",
        "x-ms-file-parent-id": "0",
        "x-ms-file-permission-key": "8720823596597466685*1287379445297103284",
        "x-ms-request-id": "92da6395-201a-0007-07f9-851982000000",
        "x-ms-request-server-encrypted": "true",
        "x-ms-version": "2021-08-06"
      },
      "ResponseBody": null
    },
    {
      "RequestUri": "https://amandadev2.file.core.windows.net/test-share-1245286e-0664-3f26-3fd2-6ada772bc0c2/test-directory-2c12291e-9a7a-5cc9-9457-4e5670fcbb30/test-file-e7f46e95-83b1-7e86-e534-a87c84d17a00",
      "RequestMethod": "PUT",
      "RequestHeaders": {
        "Accept": "application/xml",
        "Authorization": "Sanitized",
        "Content-Length": "0",
        "traceparent": "00-3d33e834976d6909e776c5673282c6fb-dd01cdd9c19ed29c-00",
        "User-Agent": "azsdk-net-Storage.Files.Shares/12.11.0-alpha.20220621.1 (.NET 6.0.6; Microsoft Windows 10.0.22000)",
        "x-ms-client-request-id": "2717ac6c-75a5-ec30-d46f-b668c93c597a",
        "x-ms-content-length": "1048576",
        "x-ms-date": "Wed, 22 Jun 2022 05:32:09 GMT",
        "x-ms-file-attributes": "None",
        "x-ms-file-creation-time": "Now",
        "x-ms-file-last-write-time": "Now",
        "x-ms-file-permission": "Inherit",
        "x-ms-return-client-request-id": "true",
        "x-ms-type": "file",
        "x-ms-version": "2021-08-06"
      },
      "RequestBody": null,
      "StatusCode": 201,
      "ResponseHeaders": {
        "Content-Length": "0",
        "Date": "Wed, 22 Jun 2022 05:32:11 GMT",
        "ETag": "\u00220x8DA54108E995BC2\u0022",
        "Last-Modified": "Wed, 22 Jun 2022 05:32:11 GMT",
        "Server": [
          "Windows-Azure-File/1.0",
          "Microsoft-HTTPAPI/2.0"
        ],
        "x-ms-client-request-id": "2717ac6c-75a5-ec30-d46f-b668c93c597a",
        "x-ms-file-attributes": "Archive",
        "x-ms-file-change-time": "2022-06-22T05:32:11.4971586Z",
        "x-ms-file-creation-time": "2022-06-22T05:32:11.4971586Z",
        "x-ms-file-id": "11529285414812647424",
        "x-ms-file-last-write-time": "2022-06-22T05:32:11.4971586Z",
        "x-ms-file-parent-id": "13835128424026341376",
        "x-ms-file-permission-key": "13365936616355342650*1287379445297103284",
        "x-ms-request-id": "92da6396-201a-0007-08f9-851982000000",
        "x-ms-request-server-encrypted": "true",
        "x-ms-version": "2021-08-06"
      },
      "ResponseBody": null
    },
    {
      "RequestUri": "https://amandadev2.file.core.windows.net/test-share-1245286e-0664-3f26-3fd2-6ada772bc0c2/test-directory-2c12291e-9a7a-5cc9-9457-4e5670fcbb30/test-file-e7f46e95-83b1-7e86-e534-a87c84d17a00?sv=2021-08-06\u0026ss=fqt\u0026srt=sco\u0026se=2022-06-23T05%3A32%3A09Z\u0026sp=rwdylacuptfi\u0026sig=Sanitized",
      "RequestMethod": "HEAD",
      "RequestHeaders": {
        "Accept": "application/xml",
        "traceparent": "00-fd0d65236cefba1ee9efdef8e7566763-4c79bd0eed0de05b-00",
        "User-Agent": "azsdk-net-Storage.Files.Shares/12.11.0-alpha.20220621.1 (.NET 6.0.6; Microsoft Windows 10.0.22000)",
        "x-ms-client-request-id": "45d92a7f-b136-661d-1edf-c082aacbbcaf",
        "x-ms-return-client-request-id": "true",
        "x-ms-version": "2021-08-06"
      },
      "RequestBody": null,
      "StatusCode": 200,
      "ResponseHeaders": {
        "Content-Length": "1048576",
        "Content-Type": "application/octet-stream",
        "Date": "Wed, 22 Jun 2022 05:32:11 GMT",
        "ETag": "\u00220x8DA54108E995BC2\u0022",
        "Last-Modified": "Wed, 22 Jun 2022 05:32:11 GMT",
        "Server": [
          "Windows-Azure-File/1.0",
          "Microsoft-HTTPAPI/2.0"
        ],
        "Vary": "Origin",
        "x-ms-client-request-id": "45d92a7f-b136-661d-1edf-c082aacbbcaf",
        "x-ms-file-attributes": "Archive",
        "x-ms-file-change-time": "2022-06-22T05:32:11.4971586Z",
        "x-ms-file-creation-time": "2022-06-22T05:32:11.4971586Z",
        "x-ms-file-id": "11529285414812647424",
        "x-ms-file-last-write-time": "2022-06-22T05:32:11.4971586Z",
        "x-ms-file-parent-id": "13835128424026341376",
        "x-ms-file-permission-key": "13365936616355342650*1287379445297103284",
        "x-ms-lease-state": "available",
        "x-ms-lease-status": "unlocked",
        "x-ms-request-id": "92da6397-201a-0007-09f9-851982000000",
        "x-ms-server-encrypted": "true",
        "x-ms-type": "File",
        "x-ms-version": "2021-08-06"
      },
      "ResponseBody": null
    },
    {
      "RequestUri": "https://amandadev2.file.core.windows.net/test-share-1245286e-0664-3f26-3fd2-6ada772bc0c2?restype=share",
      "RequestMethod": "DELETE",
      "RequestHeaders": {
        "Accept": "application/xml",
        "Authorization": "Sanitized",
        "traceparent": "00-2f6629f03c94f9c99ab45c380198b8ba-9f70c54d776455a4-00",
        "User-Agent": "azsdk-net-Storage.Files.Shares/12.11.0-alpha.20220621.1 (.NET 6.0.6; Microsoft Windows 10.0.22000)",
        "x-ms-client-request-id": "9ee8b5af-1462-9344-c8a2-fe1b7186585e",
        "x-ms-date": "Wed, 22 Jun 2022 05:32:09 GMT",
        "x-ms-delete-snapshots": "include",
        "x-ms-return-client-request-id": "true",
        "x-ms-version": "2021-08-06"
      },
      "RequestBody": null,
      "StatusCode": 202,
      "ResponseHeaders": {
        "Content-Length": "0",
        "Date": "Wed, 22 Jun 2022 05:32:11 GMT",
        "Server": [
          "Windows-Azure-File/1.0",
          "Microsoft-HTTPAPI/2.0"
        ],
        "x-ms-client-request-id": "9ee8b5af-1462-9344-c8a2-fe1b7186585e",
        "x-ms-request-id": "92da6398-201a-0007-0af9-851982000000",
        "x-ms-version": "2021-08-06"
      },
      "ResponseBody": null
    }
  ],
  "Variables": {
    "DateTimeOffsetNow": "2022-06-21T22:32:09.8213397-07:00",
    "RandomSeed": "773470168",
    "Storage_TestConfigDefault": "ProductionTenant\namandadev2\nU2FuaXRpemVk\nhttps://amandadev2.blob.core.windows.net\nhttps://amandadev2.file.core.windows.net\nhttps://amandadev2.queue.core.windows.net\nhttps://amandadev2.table.core.windows.net\n\n\n\n\nhttps://amandadev2-secondary.core.windows.net\nhttps://amandadev2-secondary.file.core.windows.net\nhttps://amandadev2-secondary.queue.core.windows.net\nhttps://amandadev2-secondary.table.core.windows.net\n\nSanitized\n\n\nCloud\nBlobEndpoint=https://amandadev2.blob.core.windows.net/;QueueEndpoint=https://amandadev2.queue.core.windows.net/;FileEndpoint=https://amandadev2.file.core.windows.net/;BlobSecondaryEndpoint=https://amandadev2-secondary.core.windows.net/;QueueSecondaryEndpoint=https://amandadev2-secondary.queue.core.windows.net/;FileSecondaryEndpoint=https://amandadev2-secondary.file.core.windows.net/;AccountName=amandadev2;AccountKey=Sanitized\nencryptionScope1\n\n"
  }
}
