{
  "Entries": [
    {
      "RequestUri": "https://amandadev3.file.core.windows.net/test-share-80f96096-70ca-cf76-8984-0f7299620d82?restype=share",
      "RequestMethod": "PUT",
      "RequestHeaders": {
        "Accept": "application/xml",
        "Authorization": "Sanitized",
        "Content-Length": "0",
        "traceparent": "00-34fb3f38933cd68b8500c81048753fd8-74fff3b0621e8140-00",
        "User-Agent": "azsdk-net-Storage.Files.Shares/12.12.0-alpha.20220714.1 (.NET 6.0.7; Microsoft Windows 10.0.22000)",
        "x-ms-client-request-id": "b0f85121-188d-aad9-6bdb-fdfbf468c92f",
        "x-ms-date": "Thu, 14 Jul 2022 17:07:20 GMT",
        "x-ms-return-client-request-id": "true",
        "x-ms-version": "2021-10-04"
      },
      "RequestBody": null,
      "StatusCode": 201,
      "ResponseHeaders": {
        "Content-Length": "0",
        "Date": "Thu, 14 Jul 2022 17:07:21 GMT",
        "ETag": "\u00220x8DA65BB50E044DA\u0022",
        "Last-Modified": "Thu, 14 Jul 2022 17:07:21 GMT",
        "Server": [
          "Windows-Azure-File/1.0",
          "Microsoft-HTTPAPI/2.0"
        ],
        "x-ms-client-request-id": "b0f85121-188d-aad9-6bdb-fdfbf468c92f",
        "x-ms-request-id": "94176772-e01a-0088-5ea4-97a8a9000000",
        "x-ms-version": "2021-10-04"
      },
      "ResponseBody": null
    },
    {
      "RequestUri": "https://amandadev3.file.core.windows.net/test-share-80f96096-70ca-cf76-8984-0f7299620d82/test-directory-3781429c-d2c5-d2ab-5e34-c0a9ab947f1b?restype=directory",
      "RequestMethod": "PUT",
      "RequestHeaders": {
        "Accept": "application/xml",
        "Authorization": "Sanitized",
        "Content-Length": "0",
        "traceparent": "00-264adcb711d4fc7e95a49e40989b5a75-76c8d587f340a752-00",
        "User-Agent": "azsdk-net-Storage.Files.Shares/12.12.0-alpha.20220714.1 (.NET 6.0.7; Microsoft Windows 10.0.22000)",
        "x-ms-client-request-id": "7757e15b-8117-3fc5-4da6-dcd445ba0b58",
        "x-ms-date": "Thu, 14 Jul 2022 17:07:20 GMT",
        "x-ms-file-attributes": "None",
        "x-ms-file-creation-time": "Now",
        "x-ms-file-last-write-time": "Now",
        "x-ms-file-permission": "Inherit",
        "x-ms-return-client-request-id": "true",
        "x-ms-version": "2021-10-04"
      },
      "RequestBody": null,
      "StatusCode": 201,
      "ResponseHeaders": {
        "Content-Length": "0",
        "Date": "Thu, 14 Jul 2022 17:07:21 GMT",
        "ETag": "\u00220x8DA65BB50ED4C92\u0022",
        "Last-Modified": "Thu, 14 Jul 2022 17:07:21 GMT",
        "Server": [
          "Windows-Azure-File/1.0",
          "Microsoft-HTTPAPI/2.0"
        ],
        "x-ms-client-request-id": "7757e15b-8117-3fc5-4da6-dcd445ba0b58",
        "x-ms-file-attributes": "Directory",
        "x-ms-file-change-time": "2022-07-14T17:07:21.7365138Z",
        "x-ms-file-creation-time": "2022-07-14T17:07:21.7365138Z",
        "x-ms-file-id": "13835128424026341376",
        "x-ms-file-last-write-time": "2022-07-14T17:07:21.7365138Z",
        "x-ms-file-parent-id": "0",
        "x-ms-file-permission-key": "3480340292393086624*6383712961487845673",
        "x-ms-request-id": "94176774-e01a-0088-5fa4-97a8a9000000",
        "x-ms-request-server-encrypted": "true",
        "x-ms-version": "2021-10-04"
      },
      "ResponseBody": null
    },
    {
      "RequestUri": "https://amandadev3.file.core.windows.net/test-share-80f96096-70ca-cf76-8984-0f7299620d82/test-directory-3781429c-d2c5-d2ab-5e34-c0a9ab947f1b/test-file-47507da4-5c69-daf5-5bf0-8cf1c606cf57",
      "RequestMethod": "PUT",
      "RequestHeaders": {
        "Accept": "application/xml",
        "Authorization": "Sanitized",
        "Content-Length": "0",
        "traceparent": "00-ba47272b82143e63174e6b5eac72ae76-b1c014e5b423aa2c-00",
        "User-Agent": "azsdk-net-Storage.Files.Shares/12.12.0-alpha.20220714.1 (.NET 6.0.7; Microsoft Windows 10.0.22000)",
        "x-ms-client-request-id": "e596b5f1-58ae-d540-d006-bf46ccf80aeb",
        "x-ms-content-length": "1048576",
        "x-ms-date": "Thu, 14 Jul 2022 17:07:20 GMT",
        "x-ms-file-attributes": "None",
        "x-ms-file-creation-time": "Now",
        "x-ms-file-last-write-time": "Now",
        "x-ms-file-permission": "Inherit",
        "x-ms-return-client-request-id": "true",
        "x-ms-type": "file",
        "x-ms-version": "2021-10-04"
      },
      "RequestBody": null,
      "StatusCode": 201,
      "ResponseHeaders": {
        "Content-Length": "0",
        "Date": "Thu, 14 Jul 2022 17:07:21 GMT",
        "ETag": "\u00220x8DA65BB50FAB828\u0022",
        "Last-Modified": "Thu, 14 Jul 2022 17:07:21 GMT",
        "Server": [
          "Windows-Azure-File/1.0",
          "Microsoft-HTTPAPI/2.0"
        ],
        "x-ms-client-request-id": "e596b5f1-58ae-d540-d006-bf46ccf80aeb",
        "x-ms-file-attributes": "Archive",
        "x-ms-file-change-time": "2022-07-14T17:07:21.8244648Z",
        "x-ms-file-creation-time": "2022-07-14T17:07:21.8244648Z",
        "x-ms-file-id": "11529285414812647424",
        "x-ms-file-last-write-time": "2022-07-14T17:07:21.8244648Z",
        "x-ms-file-parent-id": "13835128424026341376",
        "x-ms-file-permission-key": "17309419537579889063*6383712961487845673",
        "x-ms-request-id": "94176775-e01a-0088-60a4-97a8a9000000",
        "x-ms-request-server-encrypted": "true",
        "x-ms-version": "2021-10-04"
      },
      "ResponseBody": null
    },
    {
      "RequestUri": "https://amandadev3.file.core.windows.net/test-share-80f96096-70ca-cf76-8984-0f7299620d82/test-directory-3781429c-d2c5-d2ab-5e34-c0a9ab947f1b/test-file-47507da4-5c69-daf5-5bf0-8cf1c606cf57?sv=2023-01-03\u0026ss=bqtf\u0026srt=sco\u0026se=2022-07-15T17%3A07%3A20Z\u0026sp=cuprwdylatfi\u0026sig=Sanitized",
      "RequestMethod": "HEAD",
      "RequestHeaders": {
        "Accept": "application/xml",
        "traceparent": "00-df215d443254b099917ce1478c2b024f-8910391b52a1a5df-00",
        "User-Agent": "azsdk-net-Storage.Files.Shares/12.12.0-alpha.20220714.1 (.NET 6.0.7; Microsoft Windows 10.0.22000)",
        "x-ms-client-request-id": "8fe3b123-2624-0ca9-297c-4648b2e82fb7",
        "x-ms-return-client-request-id": "true",
        "x-ms-version": "2021-10-04"
      },
      "RequestBody": null,
      "StatusCode": 200,
      "ResponseHeaders": {
        "Content-Length": "1048576",
        "Content-Type": "application/octet-stream",
        "Date": "Thu, 14 Jul 2022 17:07:21 GMT",
        "ETag": "\u00220x8DA65BB50FAB828\u0022",
        "Last-Modified": "Thu, 14 Jul 2022 17:07:21 GMT",
        "Server": [
          "Windows-Azure-File/1.0",
          "Microsoft-HTTPAPI/2.0"
        ],
        "x-ms-client-request-id": "8fe3b123-2624-0ca9-297c-4648b2e82fb7",
        "x-ms-file-attributes": "Archive",
        "x-ms-file-change-time": "2022-07-14T17:07:21.8244648Z",
        "x-ms-file-creation-time": "2022-07-14T17:07:21.8244648Z",
        "x-ms-file-id": "11529285414812647424",
        "x-ms-file-last-write-time": "2022-07-14T17:07:21.8244648Z",
        "x-ms-file-parent-id": "13835128424026341376",
        "x-ms-file-permission-key": "17309419537579889063*6383712961487845673",
        "x-ms-lease-state": "available",
        "x-ms-lease-status": "unlocked",
        "x-ms-request-id": "94176776-e01a-0088-61a4-97a8a9000000",
        "x-ms-server-encrypted": "true",
        "x-ms-type": "File",
        "x-ms-version": "2021-10-04"
      },
      "ResponseBody": null
    },
    {
      "RequestUri": "https://amandadev3.file.core.windows.net/test-share-80f96096-70ca-cf76-8984-0f7299620d82?restype=share",
      "RequestMethod": "DELETE",
      "RequestHeaders": {
        "Accept": "application/xml",
        "Authorization": "Sanitized",
        "traceparent": "00-ff1156539ec286ef8ab2c902ac48fc41-da802f8cb1572fd3-00",
        "User-Agent": "azsdk-net-Storage.Files.Shares/12.12.0-alpha.20220714.1 (.NET 6.0.7; Microsoft Windows 10.0.22000)",
        "x-ms-client-request-id": "1b230ed2-7a14-f4c7-50e7-c561a23f35ca",
        "x-ms-date": "Thu, 14 Jul 2022 17:07:20 GMT",
        "x-ms-delete-snapshots": "include",
        "x-ms-return-client-request-id": "true",
        "x-ms-version": "2021-10-04"
      },
      "RequestBody": null,
      "StatusCode": 202,
      "ResponseHeaders": {
        "Content-Length": "0",
        "Date": "Thu, 14 Jul 2022 17:07:21 GMT",
        "Server": [
          "Windows-Azure-File/1.0",
          "Microsoft-HTTPAPI/2.0"
        ],
        "x-ms-client-request-id": "1b230ed2-7a14-f4c7-50e7-c561a23f35ca",
        "x-ms-request-id": "94176779-e01a-0088-62a4-97a8a9000000",
        "x-ms-version": "2021-10-04"
      },
      "ResponseBody": null
    }
  ],
  "Variables": {
    "DateTimeOffsetNow": "2022-07-14T10:07:20.7674606-07:00",
    "RandomSeed": "1252816185",
    "Storage_TestConfigDefault": "ProductionTenant\namandadev3\nU2FuaXRpemVk\nhttps://amandadev3.blob.core.windows.net\nhttps://amandadev3.file.core.windows.net\nhttps://amandadev3.queue.core.windows.net\nhttps://amandadev3.table.core.windows.net\n\n\n\n\nhttps://amandadev3-secondary.core.windows.net\nhttps://amandadev3-secondary.file.core.windows.net\nhttps://amandadev3-secondary.queue.core.windows.net\nhttps://amandadev3-secondary.table.core.windows.net\n\nSanitized\n\n\nCloud\nBlobEndpoint=https://amandadev3.blob.core.windows.net/;QueueEndpoint=https://amandadev3.queue.core.windows.net/;FileEndpoint=https://amandadev3.file.core.windows.net/;BlobSecondaryEndpoint=https://amandadev3-secondary.core.windows.net/;QueueSecondaryEndpoint=https://amandadev3-secondary.queue.core.windows.net/;FileSecondaryEndpoint=https://amandadev3-secondary.file.core.windows.net/;AccountName=amandadev3;AccountKey=Sanitized\nencryptionScope1\n\n"
  }
}
