{
  "Entries": [
    {
      "RequestUri": "https://seanmcccanary3.file.core.windows.net/test-share-b281c1f3-e7df-dcaf-ab1c-e8bd472ef087?restype=share",
      "RequestMethod": "PUT",
      "RequestHeaders": {
        "Accept": "application/xml",
        "Authorization": "Sanitized",
        "traceparent": "00-f5504e5babca904abe2c6c8b16548d9e-e66bde8153b6a340-00",
        "User-Agent": [
          "azsdk-net-Storage.Files.Shares/12.7.0-alpha.20210126.1",
          "(.NET 5.0.2; Microsoft Windows 10.0.19042)"
        ],
        "x-ms-client-request-id": "3a07a7bc-6e62-7336-0331-cb373ec82fa2",
        "x-ms-date": "Tue, 26 Jan 2021 19:34:37 GMT",
        "x-ms-return-client-request-id": "true",
        "x-ms-version": "2021-04-10"
      },
      "RequestBody": null,
      "StatusCode": 201,
      "ResponseHeaders": {
        "Content-Length": "0",
        "Date": "Tue, 26 Jan 2021 19:34:36 GMT",
        "ETag": "\"0x8D8C2316A79C6E1\"",
        "Last-Modified": "Tue, 26 Jan 2021 19:34:36 GMT",
        "Server": [
          "Windows-Azure-File/1.0",
          "Microsoft-HTTPAPI/2.0"
        ],
        "x-ms-client-request-id": "3a07a7bc-6e62-7336-0331-cb373ec82fa2",
        "x-ms-request-id": "eb277193-001a-008d-721a-f4ed10000000",
        "x-ms-version": "2021-04-10"
      },
      "ResponseBody": []
    },
    {
      "RequestUri": "https://seanmcccanary3.file.core.windows.net/test-share-b281c1f3-e7df-dcaf-ab1c-e8bd472ef087?restype=share",
      "RequestMethod": "DELETE",
      "RequestHeaders": {
        "Accept": "application/xml",
        "Authorization": "Sanitized",
        "traceparent": "00-f8ec10d52add2343968c41136d54bbe8-87dab763c9e92442-00",
        "User-Agent": [
          "azsdk-net-Storage.Files.Shares/12.7.0-alpha.20210126.1",
          "(.NET 5.0.2; Microsoft Windows 10.0.19042)"
        ],
        "x-ms-client-request-id": "a000fad3-b527-2225-5186-caee4f5f7e08",
        "x-ms-date": "Tue, 26 Jan 2021 19:34:37 GMT",
        "x-ms-return-client-request-id": "true",
        "x-ms-version": "2021-04-10"
      },
      "RequestBody": null,
      "StatusCode": 202,
      "ResponseHeaders": {
        "Content-Length": "0",
        "Date": "Tue, 26 Jan 2021 19:34:36 GMT",
        "Server": [
          "Windows-Azure-File/1.0",
          "Microsoft-HTTPAPI/2.0"
        ],
        "x-ms-client-request-id": "a000fad3-b527-2225-5186-caee4f5f7e08",
        "x-ms-request-id": "eb277198-001a-008d-751a-f4ed10000000",
        "x-ms-version": "2021-04-10"
      },
      "ResponseBody": []
    },
    {
      "RequestUri": "https://seanmcccanary3.file.core.windows.net/test-share-b281c1f3-e7df-dcaf-ab1c-e8bd472ef087?restype=share",
      "RequestMethod": "GET",
      "RequestHeaders": {
        "Accept": "application/xml",
        "Authorization": "Sanitized",
        "traceparent": "00-d60d0798e3df6b4e8fea074792170a2a-3cb7eaed284c5549-00",
        "User-Agent": [
          "azsdk-net-Storage.Files.Shares/12.7.0-alpha.20210126.1",
          "(.NET 5.0.2; Microsoft Windows 10.0.19042)"
        ],
        "x-ms-client-request-id": "44649d23-8ec7-a67b-fd30-e15fbd6089cc",
        "x-ms-date": "Tue, 26 Jan 2021 19:34:37 GMT",
        "x-ms-return-client-request-id": "true",
        "x-ms-version": "2021-04-10"
      },
      "RequestBody": null,
      "StatusCode": 404,
      "ResponseHeaders": {
        "Content-Length": "217",
        "Content-Type": "application/xml",
        "Date": "Tue, 26 Jan 2021 19:34:36 GMT",
        "Server": [
          "Windows-Azure-File/1.0",
          "Microsoft-HTTPAPI/2.0"
        ],
        "Vary": "Origin",
        "x-ms-client-request-id": "44649d23-8ec7-a67b-fd30-e15fbd6089cc",
        "x-ms-error-code": "ShareNotFound",
        "x-ms-request-id": "eb277199-001a-008d-761a-f4ed10000000",
        "x-ms-version": "2021-04-10"
      },
      "ResponseBody": [
        "﻿<?xml version=\"1.0\" encoding=\"utf-8\"?><Error><Code>ShareNotFound</Code><Message>The specified share does not exist.\n",
        "RequestId:eb277199-001a-008d-761a-f4ed10000000\n",
        "Time:2021-01-26T19:34:36.9607692Z</Message></Error>"
      ]
    }
  ],
  "Variables": {
    "RandomSeed": "1388769293",
    "Storage_TestConfigDefault": "ProductionTenant\nseanmcccanary3\nU2FuaXRpemVk\nhttps://seanmcccanary3.blob.core.windows.net\nhttps://seanmcccanary3.file.core.windows.net\nhttps://seanmcccanary3.queue.core.windows.net\nhttps://seanmcccanary3.table.core.windows.net\n\n\n\n\nhttps://seanmcccanary3-secondary.blob.core.windows.net\nhttps://seanmcccanary3-secondary.file.core.windows.net\nhttps://seanmcccanary3-secondary.queue.core.windows.net\nhttps://seanmcccanary3-secondary.table.core.windows.net\n\nSanitized\n\n\nCloud\nBlobEndpoint=https://seanmcccanary3.blob.core.windows.net/;QueueEndpoint=https://seanmcccanary3.queue.core.windows.net/;FileEndpoint=https://seanmcccanary3.file.core.windows.net/;BlobSecondaryEndpoint=https://seanmcccanary3-secondary.blob.core.windows.net/;QueueSecondaryEndpoint=https://seanmcccanary3-secondary.queue.core.windows.net/;FileSecondaryEndpoint=https://seanmcccanary3-secondary.file.core.windows.net/;AccountName=seanmcccanary3;AccountKey=Kg==;\nseanscope1\n\n"
  }
}