{
  "Entries": [
    {
      "RequestUri": "http://e88xscnapdz5ptf01d.file.preprod.core.windows.net/test-share-e4fc8b00-6f40-acf1-4d92-693e85e4562f?restype=share",
      "RequestMethod": "PUT",
      "RequestHeaders": {
        "Authorization": "Sanitized",
        "traceparent": "00-5f79feccb1b65e4d8c61adc0474feffa-f5a165b57a3ee34c-00",
        "User-Agent": [
          "azsdk-net-Storage.Files.Shares/12.0.0-dev.20191211.1\u002B2accb37068f0a0c9382fa117525bb968c5397cf7",
          "(.NET Core 4.6.28008.01; Microsoft Windows 10.0.18363 )"
        ],
        "x-ms-client-request-id": "3ada6d3b-525c-84c7-9336-61ef6154d99e",
        "x-ms-date": "Wed, 11 Dec 2019 23:09:29 GMT",
        "x-ms-return-client-request-id": "true",
        "x-ms-version": "2019-07-07"
      },
      "RequestBody": null,
      "StatusCode": 201,
      "ResponseHeaders": {
        "Date": "Wed, 11 Dec 2019 23:09:29 GMT",
        "ETag": "\u00220x8D77E8F2D2BFB03\u0022",
        "Last-Modified": "Wed, 11 Dec 2019 23:09:29 GMT",
        "Server": [
          "Windows-Azure-File/1.0",
          "Microsoft-HTTPAPI/2.0"
        ],
        "Transfer-Encoding": "chunked",
        "x-ms-client-request-id": "3ada6d3b-525c-84c7-9336-61ef6154d99e",
        "x-ms-request-id": "0edf89a0-101a-009d-1778-b0978c000000",
        "x-ms-version": "2019-07-07"
      },
      "ResponseBody": []
    },
    {
      "RequestUri": "http://e88xscnapdz5ptf01d.file.preprod.core.windows.net/?comp=list",
      "RequestMethod": "GET",
      "RequestHeaders": {
        "Authorization": "Sanitized",
        "User-Agent": [
          "azsdk-net-Storage.Files.Shares/12.0.0-dev.20191211.1\u002B2accb37068f0a0c9382fa117525bb968c5397cf7",
          "(.NET Core 4.6.28008.01; Microsoft Windows 10.0.18363 )"
        ],
        "x-ms-client-request-id": "1803f709-1b09-2fd2-2c6e-b501433d212f",
        "x-ms-date": "Wed, 11 Dec 2019 23:09:30 GMT",
        "x-ms-return-client-request-id": "true",
        "x-ms-version": "2019-07-07"
      },
      "RequestBody": null,
      "StatusCode": 200,
      "ResponseHeaders": {
        "Content-Type": "application/xml",
        "Date": "Wed, 11 Dec 2019 23:09:29 GMT",
        "Server": [
          "Windows-Azure-File/1.0",
          "Microsoft-HTTPAPI/2.0"
        ],
        "Transfer-Encoding": "chunked",
        "x-ms-client-request-id": "1803f709-1b09-2fd2-2c6e-b501433d212f",
        "x-ms-request-id": "0edf89a2-101a-009d-1878-b0978c000000",
        "x-ms-version": "2019-07-07"
      },
      "ResponseBody": "\uFEFF\u003C?xml version=\u00221.0\u0022 encoding=\u0022utf-8\u0022?\u003E\u003CEnumerationResults ServiceEndpoint=\u0022http://e88xscnapdz5ptf01d.file.preprod.core.windows.net/\u0022\u003E\u003CShares\u003E\u003CShare\u003E\u003CName\u003Etest-share-e4fc8b00-6f40-acf1-4d92-693e85e4562f\u003C/Name\u003E\u003CProperties\u003E\u003CLast-Modified\u003EWed, 11 Dec 2019 23:09:29 GMT\u003C/Last-Modified\u003E\u003CEtag\u003E\u00220x8D77E8F2D2BFB03\u0022\u003C/Etag\u003E\u003CQuota\u003E100\u003C/Quota\u003E\u003CEnabledProtocols\u003ESMB\u003C/EnabledProtocols\u003E\u003CProvisionedIops\u003E100\u003C/ProvisionedIops\u003E\u003CProvisionedIngressMBps\u003E44\u003C/ProvisionedIngressMBps\u003E\u003CProvisionedEgressMBps\u003E66\u003C/ProvisionedEgressMBps\u003E\u003CNextAllowedQuotaDowngradeTime\u003EWed, 11 Dec 2019 23:09:29 GMT\u003C/NextAllowedQuotaDowngradeTime\u003E\u003C/Properties\u003E\u003C/Share\u003E\u003C/Shares\u003E\u003CNextMarker /\u003E\u003C/EnumerationResults\u003E"
    },
    {
      "RequestUri": "http://e88xscnapdz5ptf01d.file.preprod.core.windows.net/test-share-e4fc8b00-6f40-acf1-4d92-693e85e4562f?restype=share",
      "RequestMethod": "DELETE",
      "RequestHeaders": {
        "Authorization": "Sanitized",
        "traceparent": "00-d6b7bcafc94ab04b91b427032ac58c90-a37c5433de7cbd4b-00",
        "User-Agent": [
          "azsdk-net-Storage.Files.Shares/12.0.0-dev.20191211.1\u002B2accb37068f0a0c9382fa117525bb968c5397cf7",
          "(.NET Core 4.6.28008.01; Microsoft Windows 10.0.18363 )"
        ],
        "x-ms-client-request-id": "6ae528e1-c151-b695-72d1-eda3455c1720",
        "x-ms-date": "Wed, 11 Dec 2019 23:09:30 GMT",
        "x-ms-delete-snapshots": "include",
        "x-ms-return-client-request-id": "true",
        "x-ms-version": "2019-07-07"
      },
      "RequestBody": null,
      "StatusCode": 202,
      "ResponseHeaders": {
        "Date": "Wed, 11 Dec 2019 23:09:29 GMT",
        "Server": [
          "Windows-Azure-File/1.0",
          "Microsoft-HTTPAPI/2.0"
        ],
        "Transfer-Encoding": "chunked",
        "x-ms-client-request-id": "6ae528e1-c151-b695-72d1-eda3455c1720",
        "x-ms-request-id": "0edf89a3-101a-009d-1978-b0978c000000",
        "x-ms-version": "2019-07-07"
      },
      "ResponseBody": []
    }
  ],
  "Variables": {
    "RandomSeed": "533999405",
    "Storage_TestConfigPremiumBlob": "PremiumBlobTenant\ne88xscnapdz5ptf01d\nU2FuaXRpemVk\nhttp://e88xscnapdz5ptf01d.blob.preprod.core.windows.net\nhttp://e88xscnapdz5ptf01d.file.preprod.core.windows.net\nhttp://e88xscnapdz5ptf01d.queue.preprod.core.windows.net\nhttp://e88xscnapdz5ptf01d.table.preprod.core.windows.net\n\n\n\n\nhttp://e88xscnapdz5ptf01d-secondary.blob.preprod.core.windows.net\nhttp://e88xscnapdz5ptf01d-secondary.file.preprod.core.windows.net\nhttp://e88xscnapdz5ptf01d-secondary.queue.preprod.core.windows.net\nhttp://e88xscnapdz5ptf01d-secondary.table.preprod.core.windows.net\n\nSanitized\n\n\nCloud\nBlobEndpoint=http://e88xscnapdz5ptf01d.blob.preprod.core.windows.net/;QueueEndpoint=http://e88xscnapdz5ptf01d.queue.preprod.core.windows.net/;FileEndpoint=http://e88xscnapdz5ptf01d.file.preprod.core.windows.net/;BlobSecondaryEndpoint=http://e88xscnapdz5ptf01d-secondary.blob.preprod.core.windows.net/;QueueSecondaryEndpoint=http://e88xscnapdz5ptf01d-secondary.queue.preprod.core.windows.net/;FileSecondaryEndpoint=http://e88xscnapdz5ptf01d-secondary.file.preprod.core.windows.net/;AccountName=e88xscnapdz5ptf01d;AccountKey=Sanitized\n"
  }
}