{
  "Entries": [
    {
      "RequestUri": "https://seansoftdeletecanary.file.core.windows.net/test-share-56f2609f-ac2e-5dee-b252-5bdc002ac31e?restype=share",
      "RequestMethod": "PUT",
      "RequestHeaders": {
        "Accept": "application/xml",
        "Authorization": "Sanitized",
        "traceparent": "00-c0fdf90ed696da4ca70edf0298248e75-0f5d6e84783a9542-00",
        "User-Agent": [
          "azsdk-net-Storage.Files.Shares/12.7.0-alpha.20210126.1",
          "(.NET 5.0.2; Microsoft Windows 10.0.19042)"
        ],
        "x-ms-client-request-id": "6d02118d-96a1-f7e8-b6a1-6da94025148b",
        "x-ms-date": "Tue, 26 Jan 2021 19:34:43 GMT",
        "x-ms-return-client-request-id": "true",
        "x-ms-version": "2020-10-02"
      },
      "RequestBody": null,
      "StatusCode": 201,
      "ResponseHeaders": {
        "Content-Length": "0",
        "Date": "Tue, 26 Jan 2021 19:34:41 GMT",
        "ETag": "\"0x8D8C2316DE5EE59\"",
        "Last-Modified": "Tue, 26 Jan 2021 19:34:42 GMT",
        "Server": [
          "Windows-Azure-File/1.0",
          "Microsoft-HTTPAPI/2.0"
        ],
        "x-ms-client-request-id": "6d02118d-96a1-f7e8-b6a1-6da94025148b",
        "x-ms-request-id": "4f5fdab0-601a-0000-0f1a-f4f621000000",
        "x-ms-version": "2020-10-02"
      },
      "ResponseBody": []
    },
    {
      "RequestUri": "https://seansoftdeletecanary.file.core.windows.net/test-share-56f2609f-ac2e-5dee-b252-5bdc002ac31e?restype=share",
      "RequestMethod": "DELETE",
      "RequestHeaders": {
        "Accept": "application/xml",
        "Authorization": "Sanitized",
        "traceparent": "00-68cb2adad9e1fd4084e397c5d5e2b60b-460f21a4a8cbe34e-00",
        "User-Agent": [
          "azsdk-net-Storage.Files.Shares/12.7.0-alpha.20210126.1",
          "(.NET 5.0.2; Microsoft Windows 10.0.19042)"
        ],
        "x-ms-client-request-id": "ef4e148e-5628-b07c-c2eb-45b180ca4b88",
        "x-ms-date": "Tue, 26 Jan 2021 19:34:43 GMT",
        "x-ms-delete-snapshots": "include",
        "x-ms-return-client-request-id": "true",
        "x-ms-version": "2020-10-02"
      },
      "RequestBody": null,
      "StatusCode": 202,
      "ResponseHeaders": {
        "Content-Length": "0",
        "Date": "Tue, 26 Jan 2021 19:34:41 GMT",
        "Server": [
          "Windows-Azure-File/1.0",
          "Microsoft-HTTPAPI/2.0"
        ],
        "x-ms-client-request-id": "ef4e148e-5628-b07c-c2eb-45b180ca4b88",
        "x-ms-request-id": "4f5fdab3-601a-0000-101a-f4f621000000",
        "x-ms-version": "2020-10-02"
      },
      "ResponseBody": []
    },
    {
      "RequestUri": "https://seansoftdeletecanary.file.core.windows.net/?comp=list&include=Deleted",
      "RequestMethod": "GET",
      "RequestHeaders": {
        "Accept": "application/xml",
        "Authorization": "Sanitized",
        "traceparent": "00-6cde3a4a3a6cf747916fc822848829f3-452f69fd5d29e048-00",
        "User-Agent": [
          "azsdk-net-Storage.Files.Shares/12.7.0-alpha.20210126.1",
          "(.NET 5.0.2; Microsoft Windows 10.0.19042)"
        ],
        "x-ms-client-request-id": "2c1b0c7a-25d6-3162-34b1-83cbe7f23021",
        "x-ms-date": "Tue, 26 Jan 2021 19:34:43 GMT",
        "x-ms-return-client-request-id": "true",
        "x-ms-version": "2020-10-02"
      },
      "RequestBody": null,
      "StatusCode": 200,
      "ResponseHeaders": {
        "Content-Type": "application/xml",
        "Date": "Tue, 26 Jan 2021 19:34:42 GMT",
        "Server": [
          "Windows-Azure-File/1.0",
          "Microsoft-HTTPAPI/2.0"
        ],
        "Transfer-Encoding": "chunked",
        "x-ms-client-request-id": "2c1b0c7a-25d6-3162-34b1-83cbe7f23021",
        "x-ms-request-id": "4f5fdab4-601a-0000-111a-f4f621000000",
        "x-ms-version": "2020-10-02"
      },
      "ResponseBody": "﻿<?xml version=\"1.0\" encoding=\"utf-8\"?><EnumerationResults ServiceEndpoint=\"https://seansoftdeletecanary.file.core.windows.net/\"><Shares><Share><Name>existing647b1102</Name><Properties><Last-Modified>Mon, 11 May 2020 18:54:32 GMT</Last-Modified><Etag>\"0x8D7F5DCBE38249A\"</Etag><LeaseStatus>unlocked</LeaseStatus><LeaseState>available</LeaseState><Quota>5120</Quota><DefaultEncryptionScope>$account-encryption-key</DefaultEncryptionScope><DenyEncryptionScopeOverride>false</DenyEncryptionScopeOverride></Properties></Share><Share><Name>share647b1102</Name><Properties><Last-Modified>Tue, 12 May 2020 19:18:57 GMT</Last-Modified><Etag>\"0x8D7F6A9516B1701\"</Etag><LeaseStatus>unlocked</LeaseStatus><LeaseState>available</LeaseState><Quota>5120</Quota><DefaultEncryptionScope>$account-encryption-key</DefaultEncryptionScope><DenyEncryptionScopeOverride>false</DenyEncryptionScopeOverride></Properties></Share><Share><Name>shared365137f</Name><Properties><Last-Modified>Tue, 12 May 2020 20:31:46 GMT</Last-Modified><Etag>\"0x8D7F6B37DDB00D5\"</Etag><LeaseStatus>unlocked</LeaseStatus><LeaseState>available</LeaseState><Quota>5120</Quota><DefaultEncryptionScope>$account-encryption-key</DefaultEncryptionScope><DenyEncryptionScopeOverride>false</DenyEncryptionScopeOverride></Properties></Share><Share><Name>sharerestore12700ec5</Name><Properties><Last-Modified>Tue, 12 May 2020 20:36:16 GMT</Last-Modified><Etag>\"0x8D7F6B41ECF17FA\"</Etag><LeaseStatus>unlocked</LeaseStatus><LeaseState>available</LeaseState><Quota>5120</Quota><DefaultEncryptionScope>$account-encryption-key</DefaultEncryptionScope><DenyEncryptionScopeOverride>false</DenyEncryptionScopeOverride></Properties></Share><Share><Name>sharerestorebed60c48</Name><Properties><Last-Modified>Wed, 13 May 2020 17:46:48 GMT</Last-Modified><Etag>\"0x8D7F7659CAE040B\"</Etag><LeaseStatus>unlocked</LeaseStatus><LeaseState>available</LeaseState><Quota>5120</Quota><DefaultEncryptionScope>$account-encryption-key</DefaultEncryptionScope><DenyEncryptionScopeOverride>false</DenyEncryptionScopeOverride></Properties></Share><Share><Name>test-share-04423526-abc3-44c9-aa2e-540f6eecac0d</Name><Properties><Last-Modified>Sun, 12 Apr 2020 18:42:18 GMT</Last-Modified><Etag>\"0x8D7DF113AB0D452\"</Etag><LeaseStatus>unlocked</LeaseStatus><LeaseState>available</LeaseState><Quota>5120</Quota><DefaultEncryptionScope>$account-encryption-key</DefaultEncryptionScope><DenyEncryptionScopeOverride>false</DenyEncryptionScopeOverride></Properties></Share><Share><Name>test-share-081c75ba-a6bf-42b3-8abe-437d91cd0f36</Name><Properties><Last-Modified>Wed, 20 Jan 2021 23:58:52 GMT</Last-Modified><Etag>\"0x8D8BD9F56D99A7F\"</Etag><LeaseStatus>unlocked</LeaseStatus><LeaseState>available</LeaseState><Quota>5120</Quota><DefaultEncryptionScope>$account-encryption-key</DefaultEncryptionScope><DenyEncryptionScopeOverride>false</DenyEncryptionScopeOverride></Properties></Share><Share><Name>test-share-3754bd7d-b2e4-4079-a97e-a3b9afc1648c</Name><Properties><Last-Modified>Sat, 11 Apr 2020 17:58:03 GMT</Last-Modified><Etag>\"0x8D7DE41E1D75DB4\"</Etag><LeaseStatus>unlocked</LeaseStatus><LeaseState>available</LeaseState><Quota>5120</Quota><DefaultEncryptionScope>$account-encryption-key</DefaultEncryptionScope><DenyEncryptionScopeOverride>false</DenyEncryptionScopeOverride></Properties></Share><Share><Name>test-share-56f2609f-ac2e-5dee-b252-5bdc002ac31e</Name><Deleted>true</Deleted><Version>01D6F41A4B70B4DC</Version><Properties><Last-Modified>Tue, 26 Jan 2021 19:34:42 GMT</Last-Modified><Etag>\"0x8D8C2316DE5EE59\"</Etag><LeaseStatus>unlocked</LeaseStatus><LeaseState>broken</LeaseState><Quota>5120</Quota><DefaultEncryptionScope>$account-encryption-key</DefaultEncryptionScope><DenyEncryptionScopeOverride>false</DenyEncryptionScopeOverride><DeletedTime>Tue, 26 Jan 2021 19:34:42 GMT</DeletedTime><RemainingRetentionDays>1</RemainingRetentionDays></Properties></Share><Share><Name>test-share-6214a335-a4b0-498c-9995-1e50b6bb50a2</Name><Properties><Last-Modified>Sat, 11 Apr 2020 17:57:43 GMT</Last-Modified><Etag>\"0x8D7DE41D5B0D211\"</Etag><LeaseStatus>unlocked</LeaseStatus><LeaseState>available</LeaseState><Quota>5120</Quota><DefaultEncryptionScope>$account-encryption-key</DefaultEncryptionScope><DenyEncryptionScopeOverride>false</DenyEncryptionScopeOverride></Properties></Share><Share><Name>test-share-659cd252-38f3-43aa-8092-750973358be5</Name><Properties><Last-Modified>Sun, 12 Apr 2020 18:14:14 GMT</Last-Modified><Etag>\"0x8D7DF0D4EBB62F2\"</Etag><LeaseStatus>unlocked</LeaseStatus><LeaseState>available</LeaseState><Quota>5120</Quota><DefaultEncryptionScope>$account-encryption-key</DefaultEncryptionScope><DenyEncryptionScopeOverride>false</DenyEncryptionScopeOverride></Properties></Share><Share><Name>test-share-6d528e3f-219f-44f9-b80b-3d2248cce9f3</Name><Properties><Last-Modified>Sat, 11 Apr 2020 17:58:24 GMT</Last-Modified><Etag>\"0x8D7DE41EDFB7785\"</Etag><LeaseStatus>unlocked</LeaseStatus><LeaseState>available</LeaseState><Quota>5120</Quota><DefaultEncryptionScope>$account-encryption-key</DefaultEncryptionScope><DenyEncryptionScopeOverride>false</DenyEncryptionScopeOverride></Properties></Share><Share><Name>test-share-6fe76ac5-709b-4678-b55e-47e717c1d943</Name><Properties><Last-Modified>Sun, 12 Apr 2020 18:24:45 GMT</Last-Modified><Etag>\"0x8D7DF0EC69BCDD4\"</Etag><LeaseStatus>unlocked</LeaseStatus><LeaseState>available</LeaseState><Quota>5120</Quota><DefaultEncryptionScope>$account-encryption-key</DefaultEncryptionScope><DenyEncryptionScopeOverride>false</DenyEncryptionScopeOverride></Properties></Share><Share><Name>test-share-745c2b22-c95a-4019-a1cf-df95f0cb7db9</Name><Properties><Last-Modified>Sun, 12 Apr 2020 18:42:49 GMT</Last-Modified><Etag>\"0x8D7DF114CDCA126\"</Etag><LeaseStatus>unlocked</LeaseStatus><LeaseState>available</LeaseState><Quota>5120</Quota><DefaultEncryptionScope>$account-encryption-key</DefaultEncryptionScope><DenyEncryptionScopeOverride>false</DenyEncryptionScopeOverride></Properties></Share><Share><Name>test-share-7e386df5-7d6b-4fcf-b23d-9e7dd2c13a2b</Name><Properties><Last-Modified>Sun, 12 Apr 2020 18:23:37 GMT</Last-Modified><Etag>\"0x8D7DF0E9E44C712\"</Etag><LeaseStatus>unlocked</LeaseStatus><LeaseState>available</LeaseState><Quota>5120</Quota><DefaultEncryptionScope>$account-encryption-key</DefaultEncryptionScope><DenyEncryptionScopeOverride>false</DenyEncryptionScopeOverride></Properties></Share><Share><Name>test-share-93210600-6d3f-49e4-8e87-7e6947c23b8b</Name><Properties><Last-Modified>Sat, 11 Apr 2020 17:57:33 GMT</Last-Modified><Etag>\"0x8D7DE41CF6BC1E8\"</Etag><LeaseStatus>unlocked</LeaseStatus><LeaseState>available</LeaseState><Quota>5120</Quota><DefaultEncryptionScope>$account-encryption-key</DefaultEncryptionScope><DenyEncryptionScopeOverride>false</DenyEncryptionScopeOverride></Properties></Share><Share><Name>test-share-a8dbb944-72d7-47b7-9c42-e7f369186f97</Name><Properties><Last-Modified>Fri, 13 Nov 2020 19:51:09 GMT</Last-Modified><Etag>\"0x8D8880D77942E77\"</Etag><LeaseStatus>unlocked</LeaseStatus><LeaseState>available</LeaseState><Quota>5120</Quota><DefaultEncryptionScope>$account-encryption-key</DefaultEncryptionScope><DenyEncryptionScopeOverride>false</DenyEncryptionScopeOverride></Properties></Share><Share><Name>test-share-ba5d06e0-c1d4-41b7-8876-7aef01d366a7</Name><Properties><Last-Modified>Sat, 11 Apr 2020 17:57:53 GMT</Last-Modified><Etag>\"0x8D7DE41DBC30637\"</Etag><LeaseStatus>unlocked</LeaseStatus><LeaseState>available</LeaseState><Quota>5120</Quota><DefaultEncryptionScope>$account-encryption-key</DefaultEncryptionScope><DenyEncryptionScopeOverride>false</DenyEncryptionScopeOverride></Properties></Share><Share><Name>test-share-bed60c48</Name><Properties><Last-Modified>Mon, 11 May 2020 19:38:41 GMT</Last-Modified><Etag>\"0x8D7F5E2E8A4F4E3\"</Etag><LeaseStatus>unlocked</LeaseStatus><LeaseState>available</LeaseState><Quota>5120</Quota><DefaultEncryptionScope>$account-encryption-key</DefaultEncryptionScope><DenyEncryptionScopeOverride>false</DenyEncryptionScopeOverride></Properties></Share><Share><Name>test-share-bffb30c0-47cc-4cd0-b3b4-6c560832c136</Name><Properties><Last-Modified>Sun, 12 Apr 2020 18:44:28 GMT</Last-Modified><Etag>\"0x8D7DF11881FBCE1\"</Etag><LeaseStatus>unlocked</LeaseStatus><LeaseState>available</LeaseState><Quota>5120</Quota><DefaultEncryptionScope>$account-encryption-key</DefaultEncryptionScope><DenyEncryptionScopeOverride>false</DenyEncryptionScopeOverride></Properties></Share><Share><Name>test-share-ce14a14c-6463-4bad-bedc-bedf7388d692</Name><Properties><Last-Modified>Sat, 11 Apr 2020 17:58:14 GMT</Last-Modified><Etag>\"0x8D7DE41E7E8F550\"</Etag><LeaseStatus>unlocked</LeaseStatus><LeaseState>available</LeaseState><Quota>5120</Quota><DefaultEncryptionScope>$account-encryption-key</DefaultEncryptionScope><DenyEncryptionScopeOverride>false</DenyEncryptionScopeOverride></Properties></Share><Share><Name>test-share-e21b1b2a-eaa6-4f88-928f-449387ef5cb9</Name><Properties><Last-Modified>Sun, 12 Apr 2020 18:13:43 GMT</Last-Modified><Etag>\"0x8D7DF0D3C81621C\"</Etag><LeaseStatus>unlocked</LeaseStatus><LeaseState>available</LeaseState><Quota>5120</Quota><DefaultEncryptionScope>$account-encryption-key</DefaultEncryptionScope><DenyEncryptionScopeOverride>false</DenyEncryptionScopeOverride></Properties></Share></Shares><NextMarker /></EnumerationResults>"
    }
  ],
  "Variables": {
    "RandomSeed": "224324937",
    "Storage_TestConfigSoftDelete": "SoftDeleteTenant\nseansoftdeletecanary\nU2FuaXRpemVk\nhttps://seansoftdeletecanary.blob.core.windows.net\nhttps://seansoftdeletecanary.file.core.windows.net\nhttps://seansoftdeletecanary.queue.core.windows.net\nhttps://seansoftdeletecanary.table.core.windows.net\n\n\n\n\nhttps://seansoftdeletecanary-secondary.blob.core.windows.net\nhttps://seansoftdeletecanary-secondary.file.core.windows.net\nhttps://seansoftdeletecanary-secondary.queue.core.windows.net\nhttps://seansoftdeletecanary-secondary.table.core.windows.net\n68390a19-a643-458b-b726-408abf67b4fc\nSanitized\n72f988bf-86f1-41af-91ab-2d7cd011db47\nhttps://login.microsoftonline.com/\nCloud\nBlobEndpoint=https://seansoftdeletecanary.blob.core.windows.net/;QueueEndpoint=https://seansoftdeletecanary.queue.core.windows.net/;FileEndpoint=https://seansoftdeletecanary.file.core.windows.net/;BlobSecondaryEndpoint=https://seansoftdeletecanary-secondary.blob.core.windows.net/;QueueSecondaryEndpoint=https://seansoftdeletecanary-secondary.queue.core.windows.net/;FileSecondaryEndpoint=https://seansoftdeletecanary-secondary.file.core.windows.net/;AccountName=seansoftdeletecanary;AccountKey=Sanitized\n\n\n"
  }
}