{
  "Entries": [
    {
      "RequestUri": "https://management.azure.com/subscriptions/db1ab6f0-4769-4b27-930e-01e2ef9c123c?api-version=2021-01-01",
      "RequestMethod": "GET",
      "RequestHeaders": {
        "Accept": "application/json",
        "Authorization": "Sanitized",
        "traceparent": "00-48e20d7ff2c4d66ed679171da6405473-01c9c35408b8ef22-00",
        "User-Agent": "azsdk-net-ResourceManager/1.4.0-alpha.20230202.1 (.NET 7.0.2; Microsoft Windows 10.0.22621)",
        "x-ms-client-request-id": "a4ff952c0bd7e72217e7e14e7ac405ef",
        "x-ms-return-client-request-id": "true"
      },
      "RequestBody": null,
      "StatusCode": 200,
      "ResponseHeaders": {
        "Cache-Control": "no-cache",
        "Content-Length": "748",
        "Content-Type": "application/json; charset=utf-8",
        "Date": "Thu, 02 Feb 2023 13:44:52 GMT",
        "Expires": "-1",
        "Pragma": "no-cache",
        "Strict-Transport-Security": "max-age=31536000; includeSubDomains",
        "X-Content-Type-Options": "nosniff",
        "x-ms-correlation-request-id": "30f95f20-57d6-4b77-9af9-ee0501ec8b43",
        "x-ms-ratelimit-remaining-subscription-reads": "11774",
        "x-ms-request-id": "30f95f20-57d6-4b77-9af9-ee0501ec8b43",
        "x-ms-routing-request-id": "SOUTHEASTASIA:20230202T134453Z:30f95f20-57d6-4b77-9af9-ee0501ec8b43"
      },
      "ResponseBody": {
        "id": "/subscriptions/db1ab6f0-4769-4b27-930e-01e2ef9c123c",
        "authorizationSource": "RoleBased",
        "managedByTenants": [],
        "tags": {
          "TagKey-9823": "TagValue-1254",
          "TagKey-3481": "TagValue-320",
          "TagKey-4926": "TagValue-1187",
          "TagKey-751": "TagValue-3921",
          "TagKey-1866": "TagValue-8559",
          "TagKey-3094": "TagValue-9190",
          "TagKey-2449": "TagValue-9",
          "TagKey-8379": "TagValue-164",
          "TagKey-7470": "TagValue-2205",
          "TagKey-4236": "TagValue-3698",
          "TagKey-5316": "TagValue-2725"
        },
        "subscriptionId": "db1ab6f0-4769-4b27-930e-01e2ef9c123c",
        "tenantId": "72f988bf-86f1-41af-91ab-2d7cd011db47",
        "displayName": ".NET Mgmt SDK Test with TTL = 1 Day",
        "state": "Enabled",
        "subscriptionPolicies": {
          "locationPlacementId": "Internal_2014-09-01",
          "quotaId": "Internal_2014-09-01",
          "spendingLimit": "Off"
        }
      }
    },
    {
      "RequestUri": "https://management.azure.com/subscriptions/db1ab6f0-4769-4b27-930e-01e2ef9c123c/providers/Microsoft.HealthBot?api-version=2022-09-01",
      "RequestMethod": "GET",
      "RequestHeaders": {
        "Accept": "application/json",
        "Authorization": "Sanitized",
        "traceparent": "00-ab28ecd33474ae76c1248daa4c3fe932-9ea265f35159b92d-00",
        "User-Agent": "azsdk-net-ResourceManager/1.4.0-alpha.20230202.1 (.NET 7.0.2; Microsoft Windows 10.0.22621)",
        "x-ms-client-request-id": "be5353f07cd31ed6bf768e0a33a20585",
        "x-ms-return-client-request-id": "true"
      },
      "RequestBody": null,
      "StatusCode": 200,
      "ResponseHeaders": {
        "Cache-Control": "no-cache",
        "Content-Length": "356",
        "Content-Type": "application/json; charset=utf-8",
        "Date": "Thu, 02 Feb 2023 13:44:52 GMT",
        "Expires": "-1",
        "Pragma": "no-cache",
        "Strict-Transport-Security": "max-age=31536000; includeSubDomains",
        "X-Content-Type-Options": "nosniff",
        "x-ms-correlation-request-id": "72cd7199-2a20-4dab-b278-f94fa260dcb9",
        "x-ms-ratelimit-remaining-subscription-reads": "11773",
        "x-ms-request-id": "72cd7199-2a20-4dab-b278-f94fa260dcb9",
        "x-ms-routing-request-id": "SOUTHEASTASIA:20230202T134453Z:72cd7199-2a20-4dab-b278-f94fa260dcb9"
      },
      "ResponseBody": {
        "id": "/subscriptions/db1ab6f0-4769-4b27-930e-01e2ef9c123c/providers/Microsoft.HealthBot",
        "namespace": "Microsoft.HealthBot",
        "authorizations": [
          {
            "applicationId": "6db4d6bb-6649-4dc2-84b7-0b5c6894031e",
            "roleDefinitionId": "d42334cd-b979-4a22-accc-650d0d157676"
          }
        ],
        "resourceTypes": [],
        "registrationState": "Unregistered",
        "registrationPolicy": "RegistrationRequired"
      }
    },
    {
      "RequestUri": "https://management.azure.com/subscriptions/db1ab6f0-4769-4b27-930e-01e2ef9c123c/providers/Microsoft.HealthBot/unregister?api-version=2022-09-01",
      "RequestMethod": "POST",
      "RequestHeaders": {
        "Accept": "application/json",
        "Authorization": "Sanitized",
        "Content-Length": "0",
        "traceparent": "00-7a33c1ab5db9302399dd8d3c7189c8d7-bc694cbebd2c7752-00",
        "User-Agent": "azsdk-net-ResourceManager/1.4.0-alpha.20230202.1 (.NET 7.0.2; Microsoft Windows 10.0.22621)",
        "x-ms-client-request-id": "64afb49543a74293ac7006904e50dc65",
        "x-ms-return-client-request-id": "true"
      },
      "RequestBody": null,
      "StatusCode": 200,
      "ResponseHeaders": {
        "Cache-Control": "no-cache",
        "Content-Length": "357",
        "Content-Type": "application/json; charset=utf-8",
        "Date": "Thu, 02 Feb 2023 13:44:55 GMT",
        "Expires": "-1",
        "Pragma": "no-cache",
        "Strict-Transport-Security": "max-age=31536000; includeSubDomains",
        "X-Content-Type-Options": "nosniff",
        "x-ms-correlation-request-id": "68487e8b-bc98-46f2-8bfa-d4e7a8774740",
        "x-ms-ratelimit-remaining-subscription-writes": "1194",
        "x-ms-request-id": "68487e8b-bc98-46f2-8bfa-d4e7a8774740",
        "x-ms-routing-request-id": "SOUTHEASTASIA:20230202T134455Z:68487e8b-bc98-46f2-8bfa-d4e7a8774740"
      },
      "ResponseBody": {
        "id": "/subscriptions/db1ab6f0-4769-4b27-930e-01e2ef9c123c/providers/Microsoft.HealthBot",
        "namespace": "Microsoft.HealthBot",
        "authorizations": [
          {
            "applicationId": "6db4d6bb-6649-4dc2-84b7-0b5c6894031e",
            "roleDefinitionId": "d42334cd-b979-4a22-accc-650d0d157676"
          }
        ],
        "resourceTypes": [],
        "registrationState": "Unregistering",
        "registrationPolicy": "RegistrationRequired"
      }
    }
  ],
  "Variables": {
    "AZURE_AUTHORITY_HOST": "https://login.microsoftonline.com",
    "RandomSeed": "1226123276",
    "RESOURCE_MANAGER_URL": "https://management.azure.com",
    "SUBSCRIPTION_ID": "db1ab6f0-4769-4b27-930e-01e2ef9c123c"
  }
}
