{
  "Entries": [
    {
      "RequestUri": "/customvision/v3.0/training/projects?name=Test%20Project&description=This%20is%20a%20test%20project",
      "EncodedRequestUri": "L2N1c3RvbXZpc2lvbi92My4wL3RyYWluaW5nL3Byb2plY3RzP25hbWU9VGVzdCUyMFByb2plY3QmZGVzY3JpcHRpb249VGhpcyUyMGlzJTIwYSUyMHRlc3QlMjBwcm9qZWN0",
      "RequestMethod": "POST",
      "RequestBody": "",
      "RequestHeaders": {
        "Training-Key": [
          ""
        ],
        "User-Agent": [
          "FxVersion/4.6.26614.01",
          "OSName/Windows",
          "OSVersion/Microsoft.Windows.10.0.17134.",
          "Microsoft.Azure.CognitiveServices.Vision.CustomVision.Training.CustomVisionTrainingClient/1.0.0.0"
        ]
      },
      "ResponseHeaders": {
        "Date": [
          "Fri, 15 Mar 2019 04:34:42 GMT"
        ],
        "apim-request-id": [
          "37493ff4-2965-4947-8529-88ae32fc6502"
        ],
        "Strict-Transport-Security": [
          "max-age=31536000; includeSubDomains; preload"
        ],
        "x-content-type-options": [
          "nosniff"
        ],
        "Content-Length": [
          "394"
        ],
        "Content-Type": [
          "application/json; charset=utf-8"
        ]
      },
      "ResponseBody": "{\r\n  \"id\": \"e1024518-5050-42f0-a5f5-1bf992c7efce\",\r\n  \"name\": \"Test Project\",\r\n  \"description\": \"This is a test project\",\r\n  \"settings\": {\r\n    \"domainId\": \"ee85a74c-405e-4adc-bb47-ffa8ca0c9f31\",\r\n    \"classificationType\": \"Multilabel\",\r\n    \"useNegativeSet\": true,\r\n    \"detectionParameters\": null,\r\n    \"targetExportPlatforms\": []\r\n  },\r\n  \"created\": \"2019-03-15T04:34:42.8\",\r\n  \"lastModified\": \"2019-03-15T04:34:42.8\",\r\n  \"thumbnailUri\": null,\r\n  \"drModeEnabled\": false\r\n}",
      "StatusCode": 200
    },
    {
      "RequestUri": "/customvision/v3.0/training/projects/e1024518-5050-42f0-a5f5-1bf992c7efce",
      "EncodedRequestUri": "L2N1c3RvbXZpc2lvbi92My4wL3RyYWluaW5nL3Byb2plY3RzL2UxMDI0NTE4LTUwNTAtNDJmMC1hNWY1LTFiZjk5MmM3ZWZjZQ==",
      "RequestMethod": "PATCH",
      "RequestBody": "{\r\n  \"name\": \"Another Name\",\r\n  \"description\": \"Updated Project Description\"\r\n}",
      "RequestHeaders": {
        "Training-Key": [
          ""
        ],
        "User-Agent": [
          "FxVersion/4.6.26614.01",
          "OSName/Windows",
          "OSVersion/Microsoft.Windows.10.0.17134.",
          "Microsoft.Azure.CognitiveServices.Vision.CustomVision.Training.CustomVisionTrainingClient/1.0.0.0"
        ],
        "Content-Type": [
          "application/json; charset=utf-8"
        ],
        "Content-Length": [
          "79"
        ]
      },
      "ResponseHeaders": {
        "Date": [
          "Fri, 15 Mar 2019 04:34:42 GMT"
        ],
        "apim-request-id": [
          "f7862a78-5ffc-4351-8112-2e008b580335"
        ],
        "Strict-Transport-Security": [
          "max-age=31536000; includeSubDomains; preload"
        ],
        "x-content-type-options": [
          "nosniff"
        ],
        "Content-Length": [
          "404"
        ],
        "Content-Type": [
          "application/json; charset=utf-8"
        ]
      },
      "ResponseBody": "{\r\n  \"id\": \"e1024518-5050-42f0-a5f5-1bf992c7efce\",\r\n  \"name\": \"Another Name\",\r\n  \"description\": \"Updated Project Description\",\r\n  \"settings\": {\r\n    \"domainId\": \"ee85a74c-405e-4adc-bb47-ffa8ca0c9f31\",\r\n    \"classificationType\": \"Multilabel\",\r\n    \"useNegativeSet\": true,\r\n    \"detectionParameters\": null,\r\n    \"targetExportPlatforms\": []\r\n  },\r\n  \"created\": \"2019-03-15T04:34:42.8\",\r\n  \"lastModified\": \"2019-03-15T04:34:42.914149\",\r\n  \"thumbnailUri\": null,\r\n  \"drModeEnabled\": false\r\n}",
      "StatusCode": 200
    },
    {
      "RequestUri": "/customvision/v3.0/training/projects/e1024518-5050-42f0-a5f5-1bf992c7efce",
      "EncodedRequestUri": "L2N1c3RvbXZpc2lvbi92My4wL3RyYWluaW5nL3Byb2plY3RzL2UxMDI0NTE4LTUwNTAtNDJmMC1hNWY1LTFiZjk5MmM3ZWZjZQ==",
      "RequestMethod": "DELETE",
      "RequestBody": "",
      "RequestHeaders": {
        "Training-Key": [
          ""
        ],
        "User-Agent": [
          "FxVersion/4.6.26614.01",
          "OSName/Windows",
          "OSVersion/Microsoft.Windows.10.0.17134.",
          "Microsoft.Azure.CognitiveServices.Vision.CustomVision.Training.CustomVisionTrainingClient/1.0.0.0"
        ]
      },
      "ResponseHeaders": {
        "Date": [
          "Fri, 15 Mar 2019 04:34:42 GMT"
        ],
        "apim-request-id": [
          "1ec53621-5666-4ee8-868c-5ae330376295"
        ],
        "Strict-Transport-Security": [
          "max-age=31536000; includeSubDomains; preload"
        ],
        "x-content-type-options": [
          "nosniff"
        ],
        "Content-Length": [
          "0"
        ]
      },
      "ResponseBody": "",
      "StatusCode": 204
    }
  ],
  "Names": {},
  "Variables": {}
}