{
  "Entries": [
    {
      "RequestUri": "https://js-metrics-advisor.cognitiveservices.azure.com/metricsadvisor/v1.0/hooks",
      "RequestMethod": "POST",
      "RequestHeaders": {
        "Accept": "application/json",
        "Content-Length": "111",
        "Content-Type": "application/json",
        "Ocp-Apim-Subscription-Key": "Sanitized",
        "traceparent": "00-5c1a78b24eb4db49bae319633d14acbe-3776e19583d26049-00",
        "User-Agent": "azsdk-net-AI.MetricsAdvisor/1.0.0-alpha.20201210.1 (.NET Framework 4.8.4250.0; Microsoft Windows 10.0.19042 )",
        "x-api-key": "Sanitized",
        "x-ms-client-request-id": "7b8e5d0472bed3d662c00f2675eb7ae5",
        "x-ms-return-client-request-id": "true"
      },
      "RequestBody": {
        "hookParameter": {
          "toList": [
            "fake1@email.com",
            "fake2@email.com"
          ]
        },
        "hookType": "Email",
        "hookName": "hookXDOjiBta"
      },
      "StatusCode": 201,
      "ResponseHeaders": {
        "apim-request-id": "fadfb5e9-6d22-4c88-928f-50d1cdadfec7",
        "Content-Length": "0",
        "Date": "Fri, 11 Dec 2020 22:55:02 GMT",
        "Location": "https://js-metrics-advisor.cognitiveservices.azure.com/metricsadvisor/v1.0/hooks/bde70387-4d8c-4cfc-9da6-4a354a19ae7b",
        "Strict-Transport-Security": "max-age=31536000; includeSubDomains; preload",
        "x-content-type-options": "nosniff",
        "x-envoy-upstream-service-time": "286",
        "x-request-id": "fadfb5e9-6d22-4c88-928f-50d1cdadfec7"
      },
      "ResponseBody": []
    },
    {
      "RequestUri": "https://js-metrics-advisor.cognitiveservices.azure.com/metricsadvisor/v1.0/hooks/bde70387-4d8c-4cfc-9da6-4a354a19ae7b",
      "RequestMethod": "PATCH",
      "RequestHeaders": {
        "Accept": "application/json",
        "Content-Length": "129",
        "Content-Type": "application/merge-patch\u002Bjson",
        "Ocp-Apim-Subscription-Key": "Sanitized",
        "traceparent": "00-8643580ef4f32f4d989ba97b0e6d5d87-d46e48f25aa12b42-00",
        "User-Agent": "azsdk-net-AI.MetricsAdvisor/1.0.0-alpha.20201210.1 (.NET Framework 4.8.4250.0; Microsoft Windows 10.0.19042 )",
        "x-api-key": "Sanitized",
        "x-ms-client-request-id": "de4ff81265e44ce8c6fa1f6d4049a0ce",
        "x-ms-return-client-request-id": "true"
      },
      "RequestBody": {
        "hookParameter": {
          "toList": [
            "fake1@email.com",
            "fake2@email.com",
            "fake3@email.com"
          ]
        },
        "hookType": "Email",
        "hookName": "hookXDOjiBta"
      },
      "StatusCode": 204,
      "ResponseHeaders": {
        "apim-request-id": "5c5b291a-fbc1-4266-9e4c-3e55f29c59c6",
        "Content-Length": "0",
        "Date": "Fri, 11 Dec 2020 22:55:02 GMT",
        "Strict-Transport-Security": "max-age=31536000; includeSubDomains; preload",
        "x-content-type-options": "nosniff",
        "x-envoy-upstream-service-time": "321",
        "x-request-id": "5c5b291a-fbc1-4266-9e4c-3e55f29c59c6"
      },
      "ResponseBody": []
    },
    {
      "RequestUri": "https://js-metrics-advisor.cognitiveservices.azure.com/metricsadvisor/v1.0/hooks/bde70387-4d8c-4cfc-9da6-4a354a19ae7b",
      "RequestMethod": "GET",
      "RequestHeaders": {
        "Accept": "application/json",
        "Ocp-Apim-Subscription-Key": "Sanitized",
        "traceparent": "00-621f807b560dd84c9d6c2e318157ecf7-dbdaa350d9af9a46-00",
        "User-Agent": "azsdk-net-AI.MetricsAdvisor/1.0.0-alpha.20201210.1 (.NET Framework 4.8.4250.0; Microsoft Windows 10.0.19042 )",
        "x-api-key": "Sanitized",
        "x-ms-client-request-id": "4aa903301cce49ba1506de1815be9c69",
        "x-ms-return-client-request-id": "true"
      },
      "RequestBody": null,
      "StatusCode": 200,
      "ResponseHeaders": {
        "apim-request-id": "01252aec-f22f-4abd-b5c7-632703f625cf",
        "Content-Length": "241",
        "Content-Type": "application/json; charset=utf-8",
        "Date": "Fri, 11 Dec 2020 22:55:02 GMT",
        "Strict-Transport-Security": "max-age=31536000; includeSubDomains; preload",
        "x-content-type-options": "nosniff",
        "x-envoy-upstream-service-time": "163",
        "x-request-id": "01252aec-f22f-4abd-b5c7-632703f625cf"
      },
      "ResponseBody": {
        "hookId": "bde70387-4d8c-4cfc-9da6-4a354a19ae7b",
        "hookName": "hookXDOjiBta",
        "hookType": "Email",
        "externalLink": "",
        "description": "",
        "admins": [
          "foo@contoso.com"
        ],
        "hookParameter": {
          "toList": [
            "fake1@email.com",
            "fake2@email.com",
            "fake3@email.com"
          ]
        }
      }
    },
    {
      "RequestUri": "https://js-metrics-advisor.cognitiveservices.azure.com/metricsadvisor/v1.0/hooks/bde70387-4d8c-4cfc-9da6-4a354a19ae7b",
      "RequestMethod": "DELETE",
      "RequestHeaders": {
        "Accept": "application/json",
        "Ocp-Apim-Subscription-Key": "Sanitized",
        "traceparent": "00-47bd9a7d1b4f314c980aa8f3f9685b89-95dcb17b76f57247-00",
        "User-Agent": "azsdk-net-AI.MetricsAdvisor/1.0.0-alpha.20201210.1 (.NET Framework 4.8.4250.0; Microsoft Windows 10.0.19042 )",
        "x-api-key": "Sanitized",
        "x-ms-client-request-id": "a8933b32f8a09ff77442b5c452699218",
        "x-ms-return-client-request-id": "true"
      },
      "RequestBody": null,
      "StatusCode": 204,
      "ResponseHeaders": {
        "apim-request-id": "9f3bc206-5607-4473-b82d-2a99c7c0bfde",
        "Content-Length": "0",
        "Date": "Fri, 11 Dec 2020 22:55:03 GMT",
        "Strict-Transport-Security": "max-age=31536000; includeSubDomains; preload",
        "x-content-type-options": "nosniff",
        "x-envoy-upstream-service-time": "166",
        "x-request-id": "9f3bc206-5607-4473-b82d-2a99c7c0bfde"
      },
      "ResponseBody": []
    }
  ],
  "Variables": {
    "METRICSADVISOR_ACCOUNT_NAME": "js-metrics-advisor",
    "METRICSADVISOR_ENDPOINT_SUFFIX": null,
    "METRICSADVISOR_PRIMARY_API_KEY": "Sanitized",
    "METRICSADVISOR_SUBSCRIPTION_KEY": "Sanitized",
    "RandomSeed": "1996836779"
  }
}