{
  "Entries": [
    {
      "RequestUri": "https://js-metrics-advisor.cognitiveservices.azure.com/metricsadvisor/v1.0/hooks",
      "RequestMethod": "POST",
      "RequestHeaders": {
        "Accept": "application/json",
        "Authorization": "Sanitized",
        "Content-Length": "111",
        "Content-Type": "application/json",
        "traceparent": "00-8c9d5f8256d00f429d5d10512a9a471e-a5116ca229f57445-00",
        "User-Agent": [
          "azsdk-net-AI.MetricsAdvisor/1.0.0-alpha.20210205.1",
          "(.NET Core 4.6.29518.01; Microsoft Windows 10.0.19042 )"
        ],
        "x-ms-client-request-id": "5f4947188a4c7c5caa8c925bb0ab44f1",
        "x-ms-return-client-request-id": "true"
      },
      "RequestBody": {
        "hookParameter": {
          "toList": [
            "fake1@email.com",
            "fake2@email.com"
          ]
        },
        "hookType": "Email",
        "hookName": "hooksvvcRVbp"
      },
      "StatusCode": 201,
      "ResponseHeaders": {
        "apim-request-id": "7cee91fb-0a3a-4f64-ae02-858f29bdbd0d",
        "Content-Length": "0",
        "Date": "Fri, 05 Feb 2021 18:00:13 GMT",
        "Location": "https://js-metrics-advisor.cognitiveservices.azure.com/metricsadvisor/v1.0/hooks/25332683-31ed-49e8-a191-97bea4cc16e4",
        "Strict-Transport-Security": "max-age=31536000; includeSubDomains; preload",
        "X-Content-Type-Options": "nosniff",
        "x-envoy-upstream-service-time": "544",
        "X-Request-ID": "7cee91fb-0a3a-4f64-ae02-858f29bdbd0d"
      },
      "ResponseBody": []
    },
    {
      "RequestUri": "https://js-metrics-advisor.cognitiveservices.azure.com/metricsadvisor/v1.0/hooks/25332683-31ed-49e8-a191-97bea4cc16e4",
      "RequestMethod": "GET",
      "RequestHeaders": {
        "Accept": "application/json",
        "Authorization": "Sanitized",
        "traceparent": "00-8c9d5f8256d00f429d5d10512a9a471e-7033a7b1c1f5e848-00",
        "User-Agent": [
          "azsdk-net-AI.MetricsAdvisor/1.0.0-alpha.20210205.1",
          "(.NET Core 4.6.29518.01; Microsoft Windows 10.0.19042 )"
        ],
        "x-ms-client-request-id": "f298c26b80b396e32e0f8bee0e46e68f",
        "x-ms-return-client-request-id": "true"
      },
      "RequestBody": null,
      "StatusCode": 200,
      "ResponseHeaders": {
        "apim-request-id": "49dd1eb0-aa73-429f-ad7f-a884432a066a",
        "Content-Length": "244",
        "Content-Type": "application/json; charset=utf-8",
        "Date": "Fri, 05 Feb 2021 18:00:13 GMT",
        "Strict-Transport-Security": "max-age=31536000; includeSubDomains; preload",
        "X-Content-Type-Options": "nosniff",
        "x-envoy-upstream-service-time": "145",
        "X-Request-ID": "49dd1eb0-aa73-429f-ad7f-a884432a066a"
      },
      "ResponseBody": {
        "hookId": "25332683-31ed-49e8-a191-97bea4cc16e4",
        "hookName": "hooksvvcRVbp",
        "hookType": "Email",
        "externalLink": "",
        "description": "",
        "admins": [
          "94dc466b-52e4-4678-892d-70a0c45c5f42"
        ],
        "hookParameter": {
          "toList": [
            "fake1@email.com",
            "fake2@email.com"
          ]
        }
      }
    },
    {
      "RequestUri": "https://js-metrics-advisor.cognitiveservices.azure.com/metricsadvisor/v1.0/hooks/25332683-31ed-49e8-a191-97bea4cc16e4",
      "RequestMethod": "GET",
      "RequestHeaders": {
        "Accept": "application/json",
        "Authorization": "Sanitized",
        "traceparent": "00-0ca9cbe2efd35244923e9b3fd2ebcbc1-6d6740df4bc98e43-00",
        "User-Agent": [
          "azsdk-net-AI.MetricsAdvisor/1.0.0-alpha.20210205.1",
          "(.NET Core 4.6.29518.01; Microsoft Windows 10.0.19042 )"
        ],
        "x-ms-client-request-id": "2c793c85cc2677135d82020e383c1cb8",
        "x-ms-return-client-request-id": "true"
      },
      "RequestBody": null,
      "StatusCode": 200,
      "ResponseHeaders": {
        "apim-request-id": "610124f2-842b-41a6-a90c-7e2ab7d359c6",
        "Content-Length": "244",
        "Content-Type": "application/json; charset=utf-8",
        "Date": "Fri, 05 Feb 2021 18:00:13 GMT",
        "Strict-Transport-Security": "max-age=31536000; includeSubDomains; preload",
        "X-Content-Type-Options": "nosniff",
        "x-envoy-upstream-service-time": "93",
        "X-Request-ID": "610124f2-842b-41a6-a90c-7e2ab7d359c6"
      },
      "ResponseBody": {
        "hookId": "25332683-31ed-49e8-a191-97bea4cc16e4",
        "hookName": "hooksvvcRVbp",
        "hookType": "Email",
        "externalLink": "",
        "description": "",
        "admins": [
          "94dc466b-52e4-4678-892d-70a0c45c5f42"
        ],
        "hookParameter": {
          "toList": [
            "fake1@email.com",
            "fake2@email.com"
          ]
        }
      }
    },
    {
      "RequestUri": "https://js-metrics-advisor.cognitiveservices.azure.com/metricsadvisor/v1.0/hooks/25332683-31ed-49e8-a191-97bea4cc16e4",
      "RequestMethod": "PATCH",
      "RequestHeaders": {
        "Accept": "application/json",
        "Authorization": "Sanitized",
        "Content-Length": "164",
        "Content-Type": "application/merge-patch\u002Bjson",
        "traceparent": "00-0bfb43d1ceace24ab63a4bfd7f404cb0-512bf466f6b30747-00",
        "User-Agent": [
          "azsdk-net-AI.MetricsAdvisor/1.0.0-alpha.20210205.1",
          "(.NET Core 4.6.29518.01; Microsoft Windows 10.0.19042 )"
        ],
        "x-ms-client-request-id": "20ce9555c236980a64b3303dfe6d6e64",
        "x-ms-return-client-request-id": "true"
      },
      "RequestBody": {
        "hookParameter": {
          "toList": [
            "fake1@email.com",
            "fake2@email.com",
            "fake3@email.com"
          ]
        },
        "hookType": "Email",
        "hookName": "hooksvvcRVbp",
        "description": "",
        "externalLink": ""
      },
      "StatusCode": 204,
      "ResponseHeaders": {
        "apim-request-id": "7d4d8aac-61f8-43c2-ba82-8a28d6f24e67",
        "Content-Length": "0",
        "Date": "Fri, 05 Feb 2021 18:00:14 GMT",
        "Strict-Transport-Security": "max-age=31536000; includeSubDomains; preload",
        "X-Content-Type-Options": "nosniff",
        "x-envoy-upstream-service-time": "442",
        "X-Request-ID": "7d4d8aac-61f8-43c2-ba82-8a28d6f24e67"
      },
      "ResponseBody": []
    },
    {
      "RequestUri": "https://js-metrics-advisor.cognitiveservices.azure.com/metricsadvisor/v1.0/hooks/25332683-31ed-49e8-a191-97bea4cc16e4",
      "RequestMethod": "GET",
      "RequestHeaders": {
        "Accept": "application/json",
        "Authorization": "Sanitized",
        "traceparent": "00-4d699d6cdbb6d6498188af3330bddd35-b97c5d402a68cd42-00",
        "User-Agent": [
          "azsdk-net-AI.MetricsAdvisor/1.0.0-alpha.20210205.1",
          "(.NET Core 4.6.29518.01; Microsoft Windows 10.0.19042 )"
        ],
        "x-ms-client-request-id": "73d602a517329fcbae2194307dd45df2",
        "x-ms-return-client-request-id": "true"
      },
      "RequestBody": null,
      "StatusCode": 200,
      "ResponseHeaders": {
        "apim-request-id": "f7eb567a-2e2b-426c-a2f5-d82fbda68062",
        "Content-Length": "262",
        "Content-Type": "application/json; charset=utf-8",
        "Date": "Fri, 05 Feb 2021 18:00:14 GMT",
        "Strict-Transport-Security": "max-age=31536000; includeSubDomains; preload",
        "X-Content-Type-Options": "nosniff",
        "x-envoy-upstream-service-time": "80",
        "X-Request-ID": "f7eb567a-2e2b-426c-a2f5-d82fbda68062"
      },
      "ResponseBody": {
        "hookId": "25332683-31ed-49e8-a191-97bea4cc16e4",
        "hookName": "hooksvvcRVbp",
        "hookType": "Email",
        "externalLink": "",
        "description": "",
        "admins": [
          "94dc466b-52e4-4678-892d-70a0c45c5f42"
        ],
        "hookParameter": {
          "toList": [
            "fake1@email.com",
            "fake2@email.com",
            "fake3@email.com"
          ]
        }
      }
    },
    {
      "RequestUri": "https://js-metrics-advisor.cognitiveservices.azure.com/metricsadvisor/v1.0/hooks/25332683-31ed-49e8-a191-97bea4cc16e4",
      "RequestMethod": "DELETE",
      "RequestHeaders": {
        "Accept": "application/json",
        "Authorization": "Sanitized",
        "traceparent": "00-c19854d75b019d439d752e7a2b472971-10b598e2bf7a7648-00",
        "User-Agent": [
          "azsdk-net-AI.MetricsAdvisor/1.0.0-alpha.20210205.1",
          "(.NET Core 4.6.29518.01; Microsoft Windows 10.0.19042 )"
        ],
        "x-ms-client-request-id": "7898d3f2c677c35932e1c7729cd578ef",
        "x-ms-return-client-request-id": "true"
      },
      "RequestBody": null,
      "StatusCode": 204,
      "ResponseHeaders": {
        "apim-request-id": "bf8e1961-54d1-4ae5-a7c7-0e50bc52b1e2",
        "Content-Length": "0",
        "Date": "Fri, 05 Feb 2021 18:00:14 GMT",
        "Strict-Transport-Security": "max-age=31536000; includeSubDomains; preload",
        "X-Content-Type-Options": "nosniff",
        "x-envoy-upstream-service-time": "155",
        "X-Request-ID": "bf8e1961-54d1-4ae5-a7c7-0e50bc52b1e2"
      },
      "ResponseBody": []
    }
  ],
  "Variables": {
    "METRICSADVISOR_ACCOUNT_NAME": "js-metrics-advisor",
    "METRICSADVISOR_ENDPOINT_SUFFIX": null,
    "RandomSeed": "1493513723"
  }
}