{
  "Entries": [
    {
      "RequestUri": "http://seanstagetest.blob.core.windows.net/test-container-fc5de059-4d00-6972-5ba5-c2e1092c6ccd?restype=container",
      "RequestMethod": "PUT",
      "RequestHeaders": {
        "Authorization": "Sanitized",
        "traceparent": "00-ed3207651fa7524bba164f0bd1a40ce4-514d3e9f5d443843-00",
        "User-Agent": [
          "azsdk-net-Storage.Blobs/12.1.0-dev.20191210.1\u002B4108f7dcb3b573f551e264a3052039412b91b2f8",
          "(.NET Core 4.6.28008.01; Microsoft Windows 10.0.18363 )"
        ],
        "x-ms-blob-public-access": "container",
        "x-ms-client-request-id": "d453fdcd-210e-38cc-540c-e03c09a7b11a",
        "x-ms-date": "Wed, 11 Dec 2019 03:45:09 GMT",
        "x-ms-return-client-request-id": "true",
        "x-ms-version": "2019-07-07"
      },
      "RequestBody": null,
      "StatusCode": 201,
      "ResponseHeaders": {
        "Content-Length": "0",
        "Date": "Wed, 11 Dec 2019 03:45:09 GMT",
        "ETag": "\u00220x8D77DEC84DBAE82\u0022",
        "Last-Modified": "Wed, 11 Dec 2019 03:45:09 GMT",
        "Server": [
          "Windows-Azure-Blob/1.0",
          "Microsoft-HTTPAPI/2.0"
        ],
        "x-ms-client-request-id": "d453fdcd-210e-38cc-540c-e03c09a7b11a",
        "x-ms-request-id": "267e975b-c01e-0044-42d5-af1804000000",
        "x-ms-version": "2019-07-07"
      },
      "ResponseBody": []
    },
    {
      "RequestUri": "http://seanstagetest.blob.core.windows.net/test-container-fc5de059-4d00-6972-5ba5-c2e1092c6ccd/test-blob-812acf59-ae2c-5630-ada4-4f1a4cb624b5?comp=lease",
      "RequestMethod": "PUT",
      "RequestHeaders": {
        "Authorization": "Sanitized",
        "traceparent": "00-c661af67c53c8147b805cd0681f69d87-0b59783d6c70aa47-00",
        "User-Agent": [
          "azsdk-net-Storage.Blobs/12.1.0-dev.20191210.1\u002B4108f7dcb3b573f551e264a3052039412b91b2f8",
          "(.NET Core 4.6.28008.01; Microsoft Windows 10.0.18363 )"
        ],
        "x-ms-client-request-id": "7561e635-067a-1e6c-ccfd-276ad1b2eb9d",
        "x-ms-date": "Wed, 11 Dec 2019 03:45:09 GMT",
        "x-ms-lease-action": "break",
        "x-ms-return-client-request-id": "true",
        "x-ms-version": "2019-07-07"
      },
      "RequestBody": null,
      "StatusCode": 404,
      "ResponseHeaders": {
        "Content-Length": "215",
        "Content-Type": "application/xml",
        "Date": "Wed, 11 Dec 2019 03:45:09 GMT",
        "Server": [
          "Windows-Azure-Blob/1.0",
          "Microsoft-HTTPAPI/2.0"
        ],
        "x-ms-client-request-id": "7561e635-067a-1e6c-ccfd-276ad1b2eb9d",
        "x-ms-error-code": "BlobNotFound",
        "x-ms-request-id": "267e975d-c01e-0044-43d5-af1804000000",
        "x-ms-version": "2019-07-07"
      },
      "ResponseBody": [
        "\uFEFF\u003C?xml version=\u00221.0\u0022 encoding=\u0022utf-8\u0022?\u003E\u003CError\u003E\u003CCode\u003EBlobNotFound\u003C/Code\u003E\u003CMessage\u003EThe specified blob does not exist.\n",
        "RequestId:267e975d-c01e-0044-43d5-af1804000000\n",
        "Time:2019-12-11T03:45:09.1797865Z\u003C/Message\u003E\u003C/Error\u003E"
      ]
    },
    {
      "RequestUri": "http://seanstagetest.blob.core.windows.net/test-container-fc5de059-4d00-6972-5ba5-c2e1092c6ccd?restype=container",
      "RequestMethod": "DELETE",
      "RequestHeaders": {
        "Authorization": "Sanitized",
        "traceparent": "00-ed8ab4d55da7ca4c8bcfd9879bdd3d5a-6249530347624f47-00",
        "User-Agent": [
          "azsdk-net-Storage.Blobs/12.1.0-dev.20191210.1\u002B4108f7dcb3b573f551e264a3052039412b91b2f8",
          "(.NET Core 4.6.28008.01; Microsoft Windows 10.0.18363 )"
        ],
        "x-ms-client-request-id": "65e44af4-af55-173a-bdf5-3fdb7053bda4",
        "x-ms-date": "Wed, 11 Dec 2019 03:45:09 GMT",
        "x-ms-return-client-request-id": "true",
        "x-ms-version": "2019-07-07"
      },
      "RequestBody": null,
      "StatusCode": 202,
      "ResponseHeaders": {
        "Content-Length": "0",
        "Date": "Wed, 11 Dec 2019 03:45:09 GMT",
        "Server": [
          "Windows-Azure-Blob/1.0",
          "Microsoft-HTTPAPI/2.0"
        ],
        "x-ms-client-request-id": "65e44af4-af55-173a-bdf5-3fdb7053bda4",
        "x-ms-request-id": "267e975f-c01e-0044-44d5-af1804000000",
        "x-ms-version": "2019-07-07"
      },
      "ResponseBody": []
    }
  ],
  "Variables": {
    "RandomSeed": "474159983",
    "Storage_TestConfigDefault": "ProductionTenant\nseanstagetest\nU2FuaXRpemVk\nhttp://seanstagetest.blob.core.windows.net\nhttp://seanstagetest.file.core.windows.net\nhttp://seanstagetest.queue.core.windows.net\nhttp://seanstagetest.table.core.windows.net\n\n\n\n\nhttp://seanstagetest-secondary.blob.core.windows.net\nhttp://seanstagetest-secondary.file.core.windows.net\nhttp://seanstagetest-secondary.queue.core.windows.net\nhttp://seanstagetest-secondary.table.core.windows.net\n\nSanitized\n\n\nCloud\nBlobEndpoint=http://seanstagetest.blob.core.windows.net/;QueueEndpoint=http://seanstagetest.queue.core.windows.net/;FileEndpoint=http://seanstagetest.file.core.windows.net/;BlobSecondaryEndpoint=http://seanstagetest-secondary.blob.core.windows.net/;QueueSecondaryEndpoint=http://seanstagetest-secondary.queue.core.windows.net/;FileSecondaryEndpoint=http://seanstagetest-secondary.file.core.windows.net/;AccountName=seanstagetest;AccountKey=Sanitized\nseanscope1"
  }
}