{
  "Entries": [
    {
      "RequestUri": "https://seanmcccanary3.blob.core.windows.net/test-container-c2001097-21b8-65cd-401b-1859501344af?restype=container",
      "RequestMethod": "PUT",
      "RequestHeaders": {
        "Accept": "application/xml",
        "Authorization": "Sanitized",
        "traceparent": "00-73ba83ed51c60849b727e44cbe880d17-5aaf19df83735842-00",
        "User-Agent": [
          "azsdk-net-Storage.Blobs/12.9.0-alpha.20210514.1",
          "(.NET Core 4.6.30015.01; Microsoft Windows 10.0.19043 )"
        ],
        "x-ms-blob-public-access": "container",
        "x-ms-client-request-id": "536bd20f-9688-9022-fe01-d6d84156f2d1",
        "x-ms-date": "Fri, 14 May 2021 16:55:01 GMT",
        "x-ms-return-client-request-id": "true",
        "x-ms-version": "2021-06-08"
      },
      "RequestBody": null,
      "StatusCode": 201,
      "ResponseHeaders": {
        "Content-Length": "0",
        "Date": "Fri, 14 May 2021 16:55:01 GMT",
        "ETag": "\"0x8D916F903C40A5B\"",
        "Last-Modified": "Fri, 14 May 2021 16:55:01 GMT",
        "Server": [
          "Windows-Azure-Blob/1.0",
          "Microsoft-HTTPAPI/2.0"
        ],
        "x-ms-client-request-id": "536bd20f-9688-9022-fe01-d6d84156f2d1",
        "x-ms-request-id": "819b5e18-401e-0035-04e1-48b6d6000000",
        "x-ms-version": "2021-06-08"
      },
      "ResponseBody": []
    },
    {
      "RequestUri": "https://seanmcccanary3.blob.core.windows.net/test-container-c2001097-21b8-65cd-401b-1859501344af?sv=2022-11-02&st=2021-05-14T15%3A55%3A02Z&se=2021-05-14T17%3A55%3A02Z&sr=c&sp=racwdxltfi&sig=Sanitized&restype=container&comp=list",
      "RequestMethod": "GET",
      "RequestHeaders": {
        "Accept": "application/xml",
        "traceparent": "00-fe7eb712c9ea3b41b78040b8754b8f21-a8ea9875baf58c47-00",
        "User-Agent": [
          "azsdk-net-Storage.Blobs/12.9.0-alpha.20210514.1",
          "(.NET Core 4.6.30015.01; Microsoft Windows 10.0.19043 )"
        ],
        "x-ms-client-request-id": "59ebfdab-c7b5-2c7c-0341-58508a073e30",
        "x-ms-return-client-request-id": "true",
        "x-ms-version": "2021-06-08"
      },
      "RequestBody": null,
      "StatusCode": 200,
      "ResponseHeaders": {
        "Content-Type": "application/xml",
        "Date": "Fri, 14 May 2021 16:55:01 GMT",
        "Server": [
          "Windows-Azure-Blob/1.0",
          "Microsoft-HTTPAPI/2.0"
        ],
        "Transfer-Encoding": "chunked",
        "x-ms-client-request-id": "59ebfdab-c7b5-2c7c-0341-58508a073e30",
        "x-ms-request-id": "819b5e2b-401e-0035-12e1-48b6d6000000",
        "x-ms-version": "2021-06-08"
      },
      "ResponseBody": "﻿<?xml version=\"1.0\" encoding=\"utf-8\"?><EnumerationResults ServiceEndpoint=\"https://seanmcccanary3.blob.core.windows.net/\" ContainerName=\"test-container-c2001097-21b8-65cd-401b-1859501344af\"><Blobs /><NextMarker /></EnumerationResults>"
    },
    {
      "RequestUri": "https://seanmcccanary3.blob.core.windows.net/test-container-c2001097-21b8-65cd-401b-1859501344af?restype=container",
      "RequestMethod": "DELETE",
      "RequestHeaders": {
        "Accept": "application/xml",
        "Authorization": "Sanitized",
        "traceparent": "00-edd69bafc692b648a9ec5aba1955e703-d34141537de0c946-00",
        "User-Agent": [
          "azsdk-net-Storage.Blobs/12.9.0-alpha.20210514.1",
          "(.NET Core 4.6.30015.01; Microsoft Windows 10.0.19043 )"
        ],
        "x-ms-client-request-id": "536faaaf-94e2-6730-e01d-796598d55c9d",
        "x-ms-date": "Fri, 14 May 2021 16:55:02 GMT",
        "x-ms-return-client-request-id": "true",
        "x-ms-version": "2021-06-08"
      },
      "RequestBody": null,
      "StatusCode": 202,
      "ResponseHeaders": {
        "Content-Length": "0",
        "Date": "Fri, 14 May 2021 16:55:01 GMT",
        "Server": [
          "Windows-Azure-Blob/1.0",
          "Microsoft-HTTPAPI/2.0"
        ],
        "x-ms-client-request-id": "536faaaf-94e2-6730-e01d-796598d55c9d",
        "x-ms-request-id": "819b5e46-401e-0035-28e1-48b6d6000000",
        "x-ms-version": "2021-06-08"
      },
      "ResponseBody": []
    }
  ],
  "Variables": {
    "DateTimeOffsetNow": "2021-05-14T11:55:02.0327617-05:00",
    "RandomSeed": "1192304769",
    "Storage_TestConfigDefault": "ProductionTenant\nseanmcccanary3\nU2FuaXRpemVk\nhttps://seanmcccanary3.blob.core.windows.net\nhttps://seanmcccanary3.file.core.windows.net\nhttps://seanmcccanary3.queue.core.windows.net\nhttps://seanmcccanary3.table.core.windows.net\n\n\n\n\nhttps://seanmcccanary3-secondary.blob.core.windows.net\nhttps://seanmcccanary3-secondary.file.core.windows.net\nhttps://seanmcccanary3-secondary.queue.core.windows.net\nhttps://seanmcccanary3-secondary.table.core.windows.net\n\nSanitized\n\n\nCloud\nBlobEndpoint=https://seanmcccanary3.blob.core.windows.net/;QueueEndpoint=https://seanmcccanary3.queue.core.windows.net/;FileEndpoint=https://seanmcccanary3.file.core.windows.net/;BlobSecondaryEndpoint=https://seanmcccanary3-secondary.blob.core.windows.net/;QueueSecondaryEndpoint=https://seanmcccanary3-secondary.queue.core.windows.net/;FileSecondaryEndpoint=https://seanmcccanary3-secondary.file.core.windows.net/;AccountName=seanmcccanary3;AccountKey=Kg==;\nseanscope1\n\n"
  }
}