{
  "Entries": [
    {
      "RequestUri": "https://seanoauthcanary.blob.core.windows.net/test-container-ad86b11e-6e19-031e-8180-6246941649e3?restype=container",
      "RequestMethod": "PUT",
      "RequestHeaders": {
        "Accept": "application/xml",
        "Authorization": "Sanitized",
        "traceparent": "00-2115090cf0968248a9bcfb7b5db7830f-1fe28496d1ead54b-00",
        "User-Agent": [
          "azsdk-net-Storage.Blobs/12.9.0-alpha.20210217.1",
          "(.NET 5.0.3; Microsoft Windows 10.0.19042)"
        ],
        "x-ms-blob-public-access": "container",
        "x-ms-client-request-id": "d560afe7-bf62-d719-e256-371c491dcd52",
        "x-ms-return-client-request-id": "true",
         "x-ms-version": "2020-08-04"
      },
      "RequestBody": null,
      "StatusCode": 201,
      "ResponseHeaders": {
        "Content-Length": "0",
        "Date": "Wed, 17 Feb 2021 18:46:13 GMT",
        "ETag": "\u00220x8D8D3744CF3A9BC\u0022",
        "Last-Modified": "Wed, 17 Feb 2021 18:46:13 GMT",
        "Server": [
          "Windows-Azure-Blob/1.0",
          "Microsoft-HTTPAPI/2.0"
        ],
        "x-ms-client-request-id": "d560afe7-bf62-d719-e256-371c491dcd52",
        "x-ms-request-id": "6af9b78c-e01e-0074-4b5d-051159000000",
         "x-ms-version": "2020-08-04"
      },
      "ResponseBody": []
    },
    {
      "RequestUri": "https://seanoauthcanary.blob.core.windows.net/test-container-ad86b11e-6e19-031e-8180-6246941649e3/test-blob-00ba7077-b438-c125-f27b-de8c5533aa8c",
      "RequestMethod": "PUT",
      "RequestHeaders": {
        "Accept": "application/xml",
        "Authorization": "Sanitized",
        "Content-Length": "0",
        "Content-Type": "application/octet-stream",
        "If-None-Match": "*",
        "traceparent": "00-6e1e55958496874f858ca115546d3c4f-4d322e3768f31f46-00",
        "User-Agent": [
          "azsdk-net-Storage.Blobs/12.9.0-alpha.20210217.1",
          "(.NET 5.0.3; Microsoft Windows 10.0.19042)"
        ],
        "x-ms-blob-type": "BlockBlob",
        "x-ms-client-request-id": "e872c6bf-6f3a-32d7-899f-e3e6e08c81af",
        "x-ms-return-client-request-id": "true",
         "x-ms-version": "2020-08-04"
      },
      "RequestBody": [],
      "StatusCode": 201,
      "ResponseHeaders": {
        "Content-Length": "0",
        "Content-MD5": "1B2M2Y8AsgTpgAmY7PhCfg==",
        "Date": "Wed, 17 Feb 2021 18:46:13 GMT",
        "ETag": "\u00220x8D8D3744CFCF3BD\u0022",
        "Last-Modified": "Wed, 17 Feb 2021 18:46:13 GMT",
        "Server": [
          "Windows-Azure-Blob/1.0",
          "Microsoft-HTTPAPI/2.0"
        ],
        "x-ms-client-request-id": "e872c6bf-6f3a-32d7-899f-e3e6e08c81af",
        "x-ms-content-crc64": "AAAAAAAAAAA=",
        "x-ms-request-id": "6af9b79a-e01e-0074-565d-051159000000",
        "x-ms-request-server-encrypted": "true",
         "x-ms-version": "2020-08-04",
        "x-ms-version-id": "2021-02-17T18:46:13.4238141Z"
      },
      "ResponseBody": []
    },
    {
      "RequestUri": "https://seanoauthcanary.blob.core.windows.net/?restype=service\u0026comp=userdelegationkey",
      "RequestMethod": "POST",
      "RequestHeaders": {
        "Accept": "application/xml",
        "Authorization": "Sanitized",
        "Content-Length": "59",
        "Content-Type": "application/xml",
        "traceparent": "00-c5bfc5ef764207488ef06756f798d91c-7ca77b2bd513104a-00",
        "User-Agent": [
          "azsdk-net-Storage.Blobs/12.9.0-alpha.20210217.1",
          "(.NET 5.0.3; Microsoft Windows 10.0.19042)"
        ],
        "x-ms-client-request-id": "8fcd2db9-c1c0-a051-7b2c-5b16909bd19f",
        "x-ms-return-client-request-id": "true",
         "x-ms-version": "2020-08-04"
      },
      "RequestBody": "\uFEFF\u003CKeyInfo\u003E\u003CExpiry\u003E2021-02-17T19:46:13Z\u003C/Expiry\u003E\u003C/KeyInfo\u003E",
      "StatusCode": 200,
      "ResponseHeaders": {
        "Content-Type": "application/xml",
        "Date": "Wed, 17 Feb 2021 18:46:13 GMT",
        "Server": [
          "Windows-Azure-Blob/1.0",
          "Microsoft-HTTPAPI/2.0"
        ],
        "Transfer-Encoding": "chunked",
        "x-ms-client-request-id": "8fcd2db9-c1c0-a051-7b2c-5b16909bd19f",
        "x-ms-request-id": "6af9b7a3-e01e-0074-5c5d-051159000000",
         "x-ms-version": "2020-08-04"
      },
      "ResponseBody": "\uFEFF\u003C?xml version=\u00221.0\u0022 encoding=\u0022utf-8\u0022?\u003E\u003CUserDelegationKey\u003E\u003CSignedOid\u003Ec4f48289-bb84-4086-b250-6f94a8f64cee\u003C/SignedOid\u003E\u003CSignedTid\u003E72f988bf-86f1-41af-91ab-2d7cd011db47\u003C/SignedTid\u003E\u003CSignedStart\u003E2021-02-17T18:46:13Z\u003C/SignedStart\u003E\u003CSignedExpiry\u003E2021-02-17T19:46:13Z\u003C/SignedExpiry\u003E\u003CSignedService\u003Eb\u003C/SignedService\u003E\u003CSignedVersion\u003E2020-06-12\u003C/SignedVersion\u003E\u003CValue\u003EknnVN9KQrEIQK6ZJDXCO/swHyW\u002BP3lysNhqOEOp3sz8=\u003C/Value\u003E\u003C/UserDelegationKey\u003E"
    },
    {
      "RequestUri": "https://seanoauthcanary.blob.core.windows.net/test-container-ad86b11e-6e19-031e-8180-6246941649e3/test-blob-00ba7077-b438-c125-f27b-de8c5533aa8c?skoid=c4f48289-bb84-4086-b250-6f94a8f64cee\u0026sktid=72f988bf-86f1-41af-91ab-2d7cd011db47\u0026skt=2021-02-17T18%3A46%3A13Z\u0026ske=2021-02-17T19%3A46%3A13Z\u0026sks=b\u0026skv=2020-06-12\u0026sv=2020-06-12\u0026se=2021-02-17T19%3A46%3A13Z\u0026sr=b\u0026sp=racwdxltme\u0026sig=Sanitized",
      "RequestMethod": "HEAD",
      "RequestHeaders": {
        "Accept": "application/xml",
        "traceparent": "00-77c1e8a6a8ad164fa309e9150fbb5bbf-c116df8ed8acf945-00",
        "User-Agent": [
          "azsdk-net-Storage.Blobs/12.9.0-alpha.20210217.1",
          "(.NET 5.0.3; Microsoft Windows 10.0.19042)"
        ],
        "x-ms-client-request-id": "b32c9403-f2be-eaee-5a6c-7b928c857353",
        "x-ms-return-client-request-id": "true",
         "x-ms-version": "2020-08-04"
      },
      "RequestBody": null,
      "StatusCode": 200,
      "ResponseHeaders": {
        "Accept-Ranges": "bytes",
        "Content-Length": "0",
        "Content-MD5": "1B2M2Y8AsgTpgAmY7PhCfg==",
        "Content-Type": "application/octet-stream",
        "Date": "Wed, 17 Feb 2021 18:46:13 GMT",
        "ETag": "\u00220x8D8D3744CFCF3BD\u0022",
        "Last-Modified": "Wed, 17 Feb 2021 18:46:13 GMT",
        "Server": [
          "Windows-Azure-Blob/1.0",
          "Microsoft-HTTPAPI/2.0"
        ],
        "x-ms-access-tier": "Hot",
        "x-ms-access-tier-inferred": "true",
        "x-ms-blob-type": "BlockBlob",
        "x-ms-client-request-id": "b32c9403-f2be-eaee-5a6c-7b928c857353",
        "x-ms-creation-time": "Wed, 17 Feb 2021 18:46:13 GMT",
        "x-ms-is-current-version": "true",
        "x-ms-lease-state": "available",
        "x-ms-lease-status": "unlocked",
        "x-ms-request-id": "b5d6e5ea-d01e-007f-705d-05ea32000000",
        "x-ms-server-encrypted": "true",
         "x-ms-version": "2020-08-04",
        "x-ms-version-id": "2021-02-17T18:46:13.4238141Z"
      },
      "ResponseBody": []
    },
    {
      "RequestUri": "https://seanoauthcanary.blob.core.windows.net/test-container-ad86b11e-6e19-031e-8180-6246941649e3?restype=container",
      "RequestMethod": "DELETE",
      "RequestHeaders": {
        "Accept": "application/xml",
        "Authorization": "Sanitized",
        "traceparent": "00-2c9b33abdbf48542a8e56c6dd491a991-1ebd6be6f52c0041-00",
        "User-Agent": [
          "azsdk-net-Storage.Blobs/12.9.0-alpha.20210217.1",
          "(.NET 5.0.3; Microsoft Windows 10.0.19042)"
        ],
        "x-ms-client-request-id": "fb1361bd-1d6e-2fe0-5200-20294f604aa3",
        "x-ms-return-client-request-id": "true",
         "x-ms-version": "2020-08-04"
      },
      "RequestBody": null,
      "StatusCode": 202,
      "ResponseHeaders": {
        "Content-Length": "0",
        "Date": "Wed, 17 Feb 2021 18:46:13 GMT",
        "Server": [
          "Windows-Azure-Blob/1.0",
          "Microsoft-HTTPAPI/2.0"
        ],
        "x-ms-client-request-id": "fb1361bd-1d6e-2fe0-5200-20294f604aa3",
        "x-ms-request-id": "6af9b7bf-e01e-0074-725d-051159000000",
         "x-ms-version": "2020-08-04"
      },
      "ResponseBody": []
    }
  ],
  "Variables": {
    "DateTimeOffsetNow": "2021-02-17T12:46:13.4419789-06:00",
    "RandomSeed": "1363005518",
    "Storage_TestConfigOAuth": "OAuthTenant\nseanoauthcanary\nU2FuaXRpemVk\nhttps://seanoauthcanary.blob.core.windows.net\nhttps://seanoauthcanary.file.core.windows.net\nhttps://seanoauthcanary.queue.core.windows.net\nhttps://seanoauthcanary.table.core.windows.net\n\n\n\n\nhttps://seanoauthcanary-secondary.blob.core.windows.net\nhttps://seanoauthcanary-secondary.file.core.windows.net\nhttps://seanoauthcanary-secondary.queue.core.windows.net\nhttps://seanoauthcanary-secondary.table.core.windows.net\n68390a19-a643-458b-b726-408abf67b4fc\nSanitized\n72f988bf-86f1-41af-91ab-2d7cd011db47\nhttps://login.microsoftonline.com/\nCloud\nBlobEndpoint=https://seanoauthcanary.blob.core.windows.net/;QueueEndpoint=https://seanoauthcanary.queue.core.windows.net/;FileEndpoint=https://seanoauthcanary.file.core.windows.net/;BlobSecondaryEndpoint=https://seanoauthcanary-secondary.blob.core.windows.net/;QueueSecondaryEndpoint=https://seanoauthcanary-secondary.queue.core.windows.net/;FileSecondaryEndpoint=https://seanoauthcanary-secondary.file.core.windows.net/;AccountName=seanoauthcanary;AccountKey=Sanitized\n"
  }
}