{
  "Entries": [
    {
      "RequestUri": "http:\u002f\u002fstorageteglazatesting.blob.core.windows.net\u002ftest-container-6176631f-30aa-efa4-02e8-60d9a2aa96f1?restype=container",
      "RequestMethod": "PUT",
      "RequestHeaders": {
        "Authorization": "Sanitized",
        "Request-Id": "|8332864b-417105b58f893b74.",
        "User-Agent": [
          "azsdk-net-Storage.Blobs\u002f12.0.0-dev.20190719.1\u002bc8048e578cb4cbc84a82baab49fbe6ebc3f4bd7e",
          "(.NET Core 4.6.27414.06; Microsoft Windows 10.0.18362 )"
        ],
        "x-ms-blob-public-access": "container",
        "x-ms-client-request-id": "63dd0891fc432c553e231bf709f11abd",
        "x-ms-date": "Fri, 19 Jul 2019 22:26:29 GMT",
        "x-ms-return-client-request-id": "true",
        "x-ms-version": "2018-11-09"
      },
      "RequestBody": null,
      "StatusCode": 201,
      "ResponseHeaders": {
        "Content-Length": "0",
        "Date": "Fri, 19 Jul 2019 22:26:28 GMT",
        "ETag": "\u00220x8D70C982542B612\u0022",
        "Last-Modified": "Fri, 19 Jul 2019 22:26:29 GMT",
        "Server": [
          "Windows-Azure-Blob\u002f1.0",
          "Microsoft-HTTPAPI\u002f2.0"
        ],
        "x-ms-request-id": "5f84351b-e01e-0016-1081-3ebbd9000000",
        "x-ms-version": "2018-11-09"
      },
      "ResponseBody": []
    },
    {
      "RequestUri": "http:\u002f\u002fstorageteglazatesting.blob.core.windows.net\u002ftest-container-6176631f-30aa-efa4-02e8-60d9a2aa96f1\u002ftest-blob-fb34d777-5b7f-e98e-e6fa-177c570b6c20",
      "RequestMethod": "DELETE",
      "RequestHeaders": {
        "Authorization": "Sanitized",
        "Request-Id": "|8332864c-417105b58f893b74.",
        "User-Agent": [
          "azsdk-net-Storage.Blobs\u002f12.0.0-dev.20190719.1\u002bc8048e578cb4cbc84a82baab49fbe6ebc3f4bd7e",
          "(.NET Core 4.6.27414.06; Microsoft Windows 10.0.18362 )"
        ],
        "x-ms-client-request-id": "1b66825910e6229a0d4a228714ade511",
        "x-ms-date": "Fri, 19 Jul 2019 22:26:29 GMT",
        "x-ms-return-client-request-id": "true",
        "x-ms-version": "2018-11-09"
      },
      "RequestBody": null,
      "StatusCode": 404,
      "ResponseHeaders": {
        "Content-Length": "215",
        "Content-Type": "application\u002fxml",
        "Date": "Fri, 19 Jul 2019 22:26:28 GMT",
        "Server": [
          "Windows-Azure-Blob\u002f1.0",
          "Microsoft-HTTPAPI\u002f2.0"
        ],
        "x-ms-error-code": "BlobNotFound",
        "x-ms-request-id": "5f843522-e01e-0016-1681-3ebbd9000000",
        "x-ms-version": "2018-11-09"
      },
      "ResponseBody": [
        "\ufeff\u003c?xml version=\u00221.0\u0022 encoding=\u0022utf-8\u0022?\u003e\u003cError\u003e\u003cCode\u003eBlobNotFound\u003c\u002fCode\u003e\u003cMessage\u003eThe specified blob does not exist.\n",
        "RequestId:5f843522-e01e-0016-1681-3ebbd9000000\n",
        "Time:2019-07-19T22:26:29.6075972Z\u003c\u002fMessage\u003e\u003c\u002fError\u003e"
      ]
    },
    {
      "RequestUri": "http:\u002f\u002fstorageteglazatesting.blob.core.windows.net\u002ftest-container-6176631f-30aa-efa4-02e8-60d9a2aa96f1?restype=container",
      "RequestMethod": "DELETE",
      "RequestHeaders": {
        "Authorization": "Sanitized",
        "Request-Id": "|8332864d-417105b58f893b74.",
        "User-Agent": [
          "azsdk-net-Storage.Blobs\u002f12.0.0-dev.20190719.1\u002bc8048e578cb4cbc84a82baab49fbe6ebc3f4bd7e",
          "(.NET Core 4.6.27414.06; Microsoft Windows 10.0.18362 )"
        ],
        "x-ms-client-request-id": "ca62a3ce9a7636727af37c49e4d8d433",
        "x-ms-date": "Fri, 19 Jul 2019 22:26:29 GMT",
        "x-ms-return-client-request-id": "true",
        "x-ms-version": "2018-11-09"
      },
      "RequestBody": null,
      "StatusCode": 202,
      "ResponseHeaders": {
        "Content-Length": "0",
        "Date": "Fri, 19 Jul 2019 22:26:28 GMT",
        "Server": [
          "Windows-Azure-Blob\u002f1.0",
          "Microsoft-HTTPAPI\u002f2.0"
        ],
        "x-ms-request-id": "5f84352f-e01e-0016-2081-3ebbd9000000",
        "x-ms-version": "2018-11-09"
      },
      "ResponseBody": []
    }
  ],
  "Variables": {
    "RandomSeed": "735469978",
    "Storage_TestConfigDefault": "ProductionTenant\nstorageteglazatesting\nU2FuaXRpemVk\nhttp:\u002f\u002fstorageteglazatesting.blob.core.windows.net\nhttp:\u002f\u002fstorageteglazatesting.file.core.windows.net\nhttp:\u002f\u002fstorageteglazatesting.queue.core.windows.net\nhttp:\u002f\u002fstorageteglazatesting.table.core.windows.net\n\n\n\n\nhttp:\u002f\u002fstorageteglazatesting-secondary.blob.core.windows.net\n\nhttp:\u002f\u002fstorageteglazatesting-secondary.queue.core.windows.net\nhttp:\u002f\u002fstorageteglazatesting-secondary.table.core.windows.net\n\nSanitized\n\n\nCloud\nBlobEndpoint=http:\u002f\u002fstorageteglazatesting.blob.core.windows.net\u002f;QueueEndpoint=http:\u002f\u002fstorageteglazatesting.queue.core.windows.net\u002f;TableEndpoint=http:\u002f\u002fstorageteglazatesting.table.core.windows.net\u002f;FileEndpoint=http:\u002f\u002fstorageteglazatesting.file.core.windows.net\u002f;BlobSecondaryEndpoint=http:\u002f\u002fstorageteglazatesting-secondary.blob.core.windows.net\u002f;QueueSecondaryEndpoint=http:\u002f\u002fstorageteglazatesting-secondary.queue.core.windows.net\u002f;TableSecondaryEndpoint=http:\u002f\u002fstorageteglazatesting-secondary.table.core.windows.net\u002f;AccountName=storageteglazatesting;AccountKey=Sanitized"
  }
}