{
  "Entries": [
    {
      "RequestUri": "http://seanstagetest.blob.core.windows.net/test-container-6176631f-30aa-efa4-02e8-60d9a2aa96f1?restype=container",
      "RequestMethod": "PUT",
      "RequestHeaders": {
        "Authorization": "Sanitized",
        "traceparent": "00-ca9db82cd695cd499906d63385264204-cbde5d00752cc34d-00",
        "User-Agent": [
          "azsdk-net-Storage.Blobs/12.1.0-dev.20191210.1\u002B4108f7dcb3b573f551e264a3052039412b91b2f8",
          "(.NET Core 4.6.28008.01; Microsoft Windows 10.0.18363 )"
        ],
        "x-ms-blob-public-access": "container",
        "x-ms-client-request-id": "fb34d777-5b7f-e98e-e6fa-177c570b6c20",
        "x-ms-date": "Wed, 11 Dec 2019 03:43:28 GMT",
        "x-ms-return-client-request-id": "true",
        "x-ms-version": "2019-07-07"
      },
      "RequestBody": null,
      "StatusCode": 201,
      "ResponseHeaders": {
        "Content-Length": "0",
        "Date": "Wed, 11 Dec 2019 03:43:27 GMT",
        "ETag": "\u00220x8D77DEC48ED941F\u0022",
        "Last-Modified": "Wed, 11 Dec 2019 03:43:28 GMT",
        "Server": [
          "Windows-Azure-Blob/1.0",
          "Microsoft-HTTPAPI/2.0"
        ],
        "x-ms-client-request-id": "fb34d777-5b7f-e98e-e6fa-177c570b6c20",
        "x-ms-request-id": "28fcac37-a01e-0030-65d5-af2cf4000000",
        "x-ms-version": "2019-07-07"
      },
      "ResponseBody": []
    },
    {
      "RequestUri": "http://seanstagetest.blob.core.windows.net/test-container-6176631f-30aa-efa4-02e8-60d9a2aa96f1/test-blob-1b668259-10e6-229a-0d4a-228714ade511",
      "RequestMethod": "DELETE",
      "RequestHeaders": {
        "Authorization": "Sanitized",
        "traceparent": "00-5294f5635fc1404bb451e0a08881ce07-a7068a2e7c6a3d4f-00",
        "User-Agent": [
          "azsdk-net-Storage.Blobs/12.1.0-dev.20191210.1\u002B4108f7dcb3b573f551e264a3052039412b91b2f8",
          "(.NET Core 4.6.28008.01; Microsoft Windows 10.0.18363 )"
        ],
        "x-ms-client-request-id": "869dfbb6-fe8a-66d6-3d11-ee343806d539",
        "x-ms-date": "Wed, 11 Dec 2019 03:43:28 GMT",
        "x-ms-return-client-request-id": "true",
        "x-ms-version": "2019-07-07"
      },
      "RequestBody": null,
      "StatusCode": 404,
      "ResponseHeaders": {
        "Content-Length": "215",
        "Content-Type": "application/xml",
        "Date": "Wed, 11 Dec 2019 03:43:27 GMT",
        "Server": [
          "Windows-Azure-Blob/1.0",
          "Microsoft-HTTPAPI/2.0"
        ],
        "x-ms-client-request-id": "869dfbb6-fe8a-66d6-3d11-ee343806d539",
        "x-ms-error-code": "BlobNotFound",
        "x-ms-request-id": "28fcac39-a01e-0030-66d5-af2cf4000000",
        "x-ms-version": "2019-07-07"
      },
      "ResponseBody": [
        "\uFEFF\u003C?xml version=\u00221.0\u0022 encoding=\u0022utf-8\u0022?\u003E\u003CError\u003E\u003CCode\u003EBlobNotFound\u003C/Code\u003E\u003CMessage\u003EThe specified blob does not exist.\n",
        "RequestId:28fcac39-a01e-0030-66d5-af2cf4000000\n",
        "Time:2019-12-11T03:43:28.6337878Z\u003C/Message\u003E\u003C/Error\u003E"
      ]
    },
    {
      "RequestUri": "http://seanstagetest.blob.core.windows.net/test-container-6176631f-30aa-efa4-02e8-60d9a2aa96f1?restype=container",
      "RequestMethod": "DELETE",
      "RequestHeaders": {
        "Authorization": "Sanitized",
        "traceparent": "00-922f3f2a57a22542a49bda3cd9eb1e7d-92c6f1a3944f204b-00",
        "User-Agent": [
          "azsdk-net-Storage.Blobs/12.1.0-dev.20191210.1\u002B4108f7dcb3b573f551e264a3052039412b91b2f8",
          "(.NET Core 4.6.28008.01; Microsoft Windows 10.0.18363 )"
        ],
        "x-ms-client-request-id": "19d0ef76-5e0f-cf86-ccfc-8d65ac3efe73",
        "x-ms-date": "Wed, 11 Dec 2019 03:43:28 GMT",
        "x-ms-return-client-request-id": "true",
        "x-ms-version": "2019-07-07"
      },
      "RequestBody": null,
      "StatusCode": 202,
      "ResponseHeaders": {
        "Content-Length": "0",
        "Date": "Wed, 11 Dec 2019 03:43:27 GMT",
        "Server": [
          "Windows-Azure-Blob/1.0",
          "Microsoft-HTTPAPI/2.0"
        ],
        "x-ms-client-request-id": "19d0ef76-5e0f-cf86-ccfc-8d65ac3efe73",
        "x-ms-request-id": "28fcac3a-a01e-0030-67d5-af2cf4000000",
        "x-ms-version": "2019-07-07"
      },
      "ResponseBody": []
    }
  ],
  "Variables": {
    "RandomSeed": "735469978",
    "Storage_TestConfigDefault": "ProductionTenant\nseanstagetest\nU2FuaXRpemVk\nhttp://seanstagetest.blob.core.windows.net\nhttp://seanstagetest.file.core.windows.net\nhttp://seanstagetest.queue.core.windows.net\nhttp://seanstagetest.table.core.windows.net\n\n\n\n\nhttp://seanstagetest-secondary.blob.core.windows.net\nhttp://seanstagetest-secondary.file.core.windows.net\nhttp://seanstagetest-secondary.queue.core.windows.net\nhttp://seanstagetest-secondary.table.core.windows.net\n\nSanitized\n\n\nCloud\nBlobEndpoint=http://seanstagetest.blob.core.windows.net/;QueueEndpoint=http://seanstagetest.queue.core.windows.net/;FileEndpoint=http://seanstagetest.file.core.windows.net/;BlobSecondaryEndpoint=http://seanstagetest-secondary.blob.core.windows.net/;QueueSecondaryEndpoint=http://seanstagetest-secondary.queue.core.windows.net/;FileSecondaryEndpoint=http://seanstagetest-secondary.file.core.windows.net/;AccountName=seanstagetest;AccountKey=Sanitized\nseanscope1"
  }
}