{
  "Entries": [
    {
      "RequestUri": "https://seanoauthcanary.blob.core.windows.net/test-container-16cf7ed6-66b7-bada-5f08-cb4cfc5828d9?restype=container",
      "RequestMethod": "PUT",
      "RequestHeaders": {
        "Accept": "application/xml",
        "Authorization": "Sanitized",
        "traceparent": "00-60037e2608e6794d98dd621c12ff7d73-2bea4176e2b6ca47-00",
        "User-Agent": [
          "azsdk-net-Storage.Blobs/12.9.0-alpha.20210216.1",
          "(.NET 5.0.3; Microsoft Windows 10.0.19042)"
        ],
        "x-ms-blob-public-access": "container",
        "x-ms-client-request-id": "cb5b236e-fca1-12ce-5116-a615d64f97b5",
        "x-ms-return-client-request-id": "true",
        "x-ms-version": "2020-06-12"
      },
      "RequestBody": null,
      "StatusCode": 201,
      "ResponseHeaders": {
        "Content-Length": "0",
        "Date": "Wed, 17 Feb 2021 02:07:52 GMT",
        "ETag": "\u00220x8D8D2E8D590EF34\u0022",
        "Last-Modified": "Wed, 17 Feb 2021 02:07:53 GMT",
        "Server": [
          "Windows-Azure-Blob/1.0",
          "Microsoft-HTTPAPI/2.0"
        ],
        "x-ms-client-request-id": "cb5b236e-fca1-12ce-5116-a615d64f97b5",
        "x-ms-request-id": "7d5fa546-f01e-000a-14d1-04811e000000",
        "x-ms-version": "2020-06-12"
      },
      "ResponseBody": []
    },
    {
      "RequestUri": "https://seanoauthcanary.blob.core.windows.net/test-container-16cf7ed6-66b7-bada-5f08-cb4cfc5828d9/test-blob-9ea9deca-b615-6b77-c478-a23d0fcbc653",
      "RequestMethod": "PUT",
      "RequestHeaders": {
        "Accept": "application/xml",
        "Authorization": "Sanitized",
        "traceparent": "00-b2b4f66df44bdd43968fe42adc319543-5848304178cc1746-00",
        "User-Agent": [
          "azsdk-net-Storage.Blobs/12.9.0-alpha.20210216.1",
          "(.NET 5.0.3; Microsoft Windows 10.0.19042)"
        ],
        "x-ms-blob-type": "AppendBlob",
        "x-ms-client-request-id": "1444a1e2-f062-b77d-abf0-072959900286",
        "x-ms-encryption-algorithm": "AES256",
        "x-ms-return-client-request-id": "true",
        "x-ms-version": "2020-06-12"
      },
      "RequestBody": null,
      "StatusCode": 201,
      "ResponseHeaders": {
        "Content-Length": "0",
        "Date": "Wed, 17 Feb 2021 02:07:52 GMT",
        "ETag": "\u00220x8D8D2E8D5986184\u0022",
        "Last-Modified": "Wed, 17 Feb 2021 02:07:53 GMT",
        "Server": [
          "Windows-Azure-Blob/1.0",
          "Microsoft-HTTPAPI/2.0"
        ],
        "x-ms-client-request-id": "1444a1e2-f062-b77d-abf0-072959900286",
        "x-ms-request-id": "7d5fa54f-f01e-000a-1bd1-04811e000000",
        "x-ms-request-server-encrypted": "true",
        "x-ms-version": "2020-06-12",
        "x-ms-version-id": "2021-02-17T02:07:53.0704260Z"
      },
      "ResponseBody": []
    },
    {
      "RequestUri": "https://seanoauthcanary.blob.core.windows.net/test-container-16cf7ed6-66b7-bada-5f08-cb4cfc5828d9/test-blob-9ea9deca-b615-6b77-c478-a23d0fcbc653?comp=metadata",
      "RequestMethod": "PUT",
      "RequestHeaders": {
        "Accept": "application/xml",
        "Authorization": "Sanitized",
        "traceparent": "00-84a54a430e49d5488b1befee1dcb803c-5747a56782e90c48-00",
        "User-Agent": [
          "azsdk-net-Storage.Blobs/12.9.0-alpha.20210216.1",
          "(.NET 5.0.3; Microsoft Windows 10.0.19042)"
        ],
        "x-ms-client-request-id": "6d5b7ef6-b186-8af1-ba26-2e0c540f9505",
        "x-ms-encryption-algorithm": "AES256",
        "x-ms-meta-Capital": "letter",
        "x-ms-meta-foo": "bar",
        "x-ms-meta-meta": "data",
        "x-ms-meta-UPPER": "case",
        "x-ms-return-client-request-id": "true",
        "x-ms-version": "2020-06-12"
      },
      "RequestBody": null,
      "StatusCode": 200,
      "ResponseHeaders": {
        "Content-Length": "0",
        "Date": "Wed, 17 Feb 2021 02:07:52 GMT",
        "ETag": "\u00220x8D8D2E8D5A5580D\u0022",
        "Last-Modified": "Wed, 17 Feb 2021 02:07:53 GMT",
        "Server": [
          "Windows-Azure-Blob/1.0",
          "Microsoft-HTTPAPI/2.0"
        ],
        "x-ms-client-request-id": "6d5b7ef6-b186-8af1-ba26-2e0c540f9505",
        "x-ms-request-id": "7d5fa559-f01e-000a-22d1-04811e000000",
        "x-ms-request-server-encrypted": "true",
        "x-ms-version": "2020-06-12",
        "x-ms-version-id": "2021-02-17T02:07:53.1563805Z"
      },
      "ResponseBody": []
    },
    {
      "RequestUri": "https://seanoauthcanary.blob.core.windows.net/?restype=service\u0026comp=userdelegationkey",
      "RequestMethod": "POST",
      "RequestHeaders": {
        "Accept": "application/xml",
        "Authorization": "Sanitized",
        "Content-Length": "59",
        "Content-Type": "application/xml",
        "traceparent": "00-9ae2d54a882ae34f808c674f41dc2fa2-189a7631a77c1349-00",
        "User-Agent": [
          "azsdk-net-Storage.Blobs/12.9.0-alpha.20210216.1",
          "(.NET 5.0.3; Microsoft Windows 10.0.19042)"
        ],
        "x-ms-client-request-id": "db32e849-9435-9e00-6011-e34a90ac1997",
        "x-ms-return-client-request-id": "true",
        "x-ms-version": "2020-06-12"
      },
      "RequestBody": "\uFEFF\u003CKeyInfo\u003E\u003CExpiry\u003E2021-02-17T03:07:53Z\u003C/Expiry\u003E\u003C/KeyInfo\u003E",
      "StatusCode": 200,
      "ResponseHeaders": {
        "Content-Type": "application/xml",
        "Date": "Wed, 17 Feb 2021 02:07:53 GMT",
        "Server": [
          "Windows-Azure-Blob/1.0",
          "Microsoft-HTTPAPI/2.0"
        ],
        "Transfer-Encoding": "chunked",
        "x-ms-client-request-id": "db32e849-9435-9e00-6011-e34a90ac1997",
        "x-ms-request-id": "7d5fa563-f01e-000a-29d1-04811e000000",
        "x-ms-version": "2020-06-12"
      },
      "ResponseBody": "\uFEFF\u003C?xml version=\u00221.0\u0022 encoding=\u0022utf-8\u0022?\u003E\u003CUserDelegationKey\u003E\u003CSignedOid\u003Ec4f48289-bb84-4086-b250-6f94a8f64cee\u003C/SignedOid\u003E\u003CSignedTid\u003E72f988bf-86f1-41af-91ab-2d7cd011db47\u003C/SignedTid\u003E\u003CSignedStart\u003E2021-02-17T02:07:53Z\u003C/SignedStart\u003E\u003CSignedExpiry\u003E2021-02-17T03:07:53Z\u003C/SignedExpiry\u003E\u003CSignedService\u003Eb\u003C/SignedService\u003E\u003CSignedVersion\u003E2020-06-12\u003C/SignedVersion\u003E\u003CValue\u003E6WaTF1HJG\u002B892v/NPA4dy5iBGj6Oo7iuSUAOdRQpiMs=\u003C/Value\u003E\u003C/UserDelegationKey\u003E"
    },
    {
      "RequestUri": "https://seanoauthcanary.blob.core.windows.net/test-container-16cf7ed6-66b7-bada-5f08-cb4cfc5828d9/test-blob-9ea9deca-b615-6b77-c478-a23d0fcbc653?versionid=2021-02-17T02%3A07%3A53.0704260Z\u0026skoid=c4f48289-bb84-4086-b250-6f94a8f64cee\u0026sktid=72f988bf-86f1-41af-91ab-2d7cd011db47\u0026skt=2021-02-17T02%3A07%3A53Z\u0026ske=2021-02-17T03%3A07%3A53Z\u0026sks=b\u0026skv=2020-06-12\u0026sv=2020-06-12\u0026st=2021-02-17T01%3A07%3A53Z\u0026se=2021-02-17T03%3A07%3A53Z\u0026sr=c\u0026sp=racwdxlt\u0026sig=Sanitized",
      "RequestMethod": "DELETE",
      "RequestHeaders": {
        "Accept": "application/xml",
        "User-Agent": [
          "azsdk-net-Storage.Blobs/12.9.0-alpha.20210216.1",
          "(.NET 5.0.3; Microsoft Windows 10.0.19042)"
        ],
        "x-ms-client-request-id": "6cc32f23-b9dc-36cf-7adc-12f8ff68943c",
        "x-ms-return-client-request-id": "true",
        "x-ms-version": "2020-06-12"
      },
      "RequestBody": null,
      "StatusCode": 202,
      "ResponseHeaders": {
        "Content-Length": "0",
        "Date": "Wed, 17 Feb 2021 02:07:52 GMT",
        "Server": [
          "Windows-Azure-Blob/1.0",
          "Microsoft-HTTPAPI/2.0"
        ],
        "x-ms-client-request-id": "6cc32f23-b9dc-36cf-7adc-12f8ff68943c",
        "x-ms-delete-type-permanent": "true",
        "x-ms-request-id": "ce646fd2-201e-0036-7bd1-04a8d9000000",
        "x-ms-version": "2020-06-12"
      },
      "ResponseBody": []
    },
    {
      "RequestUri": "https://seanoauthcanary.blob.core.windows.net/test-container-16cf7ed6-66b7-bada-5f08-cb4cfc5828d9/test-blob-9ea9deca-b615-6b77-c478-a23d0fcbc653",
      "RequestMethod": "HEAD",
      "RequestHeaders": {
        "Accept": "application/xml",
        "Authorization": "Sanitized",
        "traceparent": "00-3745b5f07c5de64cbf369676c1560dce-870f090c23ced340-00",
        "User-Agent": [
          "azsdk-net-Storage.Blobs/12.9.0-alpha.20210216.1",
          "(.NET 5.0.3; Microsoft Windows 10.0.19042)"
        ],
        "x-ms-client-request-id": "6027606f-ade9-6bba-3344-be54221d1362",
        "x-ms-encryption-algorithm": "AES256",
        "x-ms-return-client-request-id": "true",
        "x-ms-version": "2020-06-12"
      },
      "RequestBody": null,
      "StatusCode": 200,
      "ResponseHeaders": {
        "Accept-Ranges": "bytes",
        "Content-Length": "0",
        "Content-Type": "application/octet-stream",
        "Date": "Wed, 17 Feb 2021 02:07:53 GMT",
        "ETag": "\u00220x8D8D2E8D5A5580D\u0022",
        "Last-Modified": "Wed, 17 Feb 2021 02:07:53 GMT",
        "Server": [
          "Windows-Azure-Blob/1.0",
          "Microsoft-HTTPAPI/2.0"
        ],
        "x-ms-blob-committed-block-count": "0",
        "x-ms-blob-type": "AppendBlob",
        "x-ms-client-request-id": "6027606f-ade9-6bba-3344-be54221d1362",
        "x-ms-creation-time": "Wed, 17 Feb 2021 02:07:53 GMT",
        "x-ms-is-current-version": "true",
        "x-ms-lease-state": "available",
        "x-ms-lease-status": "unlocked",
        "x-ms-meta-Capital": "letter",
        "x-ms-meta-foo": "bar",
        "x-ms-meta-meta": "data",
        "x-ms-meta-UPPER": "case",
        "x-ms-request-id": "7d5fa58a-f01e-000a-43d1-04811e000000",
        "x-ms-server-encrypted": "true",
        "x-ms-version": "2020-06-12",
        "x-ms-version-id": "2021-02-17T02:07:53.1563805Z"
      },
      "ResponseBody": []
    },
    {
      "RequestUri": "https://seanoauthcanary.blob.core.windows.net/test-container-16cf7ed6-66b7-bada-5f08-cb4cfc5828d9?restype=container",
      "RequestMethod": "DELETE",
      "RequestHeaders": {
        "Accept": "application/xml",
        "Authorization": "Sanitized",
        "traceparent": "00-0652685523de794297dcf4670c84382f-b921ab7ff1e76b4e-00",
        "User-Agent": [
          "azsdk-net-Storage.Blobs/12.9.0-alpha.20210216.1",
          "(.NET 5.0.3; Microsoft Windows 10.0.19042)"
        ],
        "x-ms-client-request-id": "9f89fb80-3340-0e53-1c17-b1770a79f2b5",
        "x-ms-return-client-request-id": "true",
        "x-ms-version": "2020-06-12"
      },
      "RequestBody": null,
      "StatusCode": 202,
      "ResponseHeaders": {
        "Content-Length": "0",
        "Date": "Wed, 17 Feb 2021 02:07:53 GMT",
        "Server": [
          "Windows-Azure-Blob/1.0",
          "Microsoft-HTTPAPI/2.0"
        ],
        "x-ms-client-request-id": "9f89fb80-3340-0e53-1c17-b1770a79f2b5",
        "x-ms-request-id": "7d5fa595-f01e-000a-4bd1-04811e000000",
        "x-ms-version": "2020-06-12"
      },
      "ResponseBody": []
    }
  ],
  "Variables": {
    "DateTimeOffsetNow": "2021-02-16T20:07:53.0416123-06:00",
    "RandomSeed": "1069502567",
    "Storage_TestConfigOAuth": "OAuthTenant\nseanoauthcanary\nU2FuaXRpemVk\nhttps://seanoauthcanary.blob.core.windows.net\nhttps://seanoauthcanary.file.core.windows.net\nhttps://seanoauthcanary.queue.core.windows.net\nhttps://seanoauthcanary.table.core.windows.net\n\n\n\n\nhttps://seanoauthcanary-secondary.blob.core.windows.net\nhttps://seanoauthcanary-secondary.file.core.windows.net\nhttps://seanoauthcanary-secondary.queue.core.windows.net\nhttps://seanoauthcanary-secondary.table.core.windows.net\n68390a19-a643-458b-b726-408abf67b4fc\nSanitized\n72f988bf-86f1-41af-91ab-2d7cd011db47\nhttps://login.microsoftonline.com/\nCloud\nBlobEndpoint=https://seanoauthcanary.blob.core.windows.net/;QueueEndpoint=https://seanoauthcanary.queue.core.windows.net/;FileEndpoint=https://seanoauthcanary.file.core.windows.net/;BlobSecondaryEndpoint=https://seanoauthcanary-secondary.blob.core.windows.net/;QueueSecondaryEndpoint=https://seanoauthcanary-secondary.queue.core.windows.net/;FileSecondaryEndpoint=https://seanoauthcanary-secondary.file.core.windows.net/;AccountName=seanoauthcanary;AccountKey=Sanitized\n"
  }
}