{
  "Entries": [
    {
      "RequestUri": "https://seanoauthcanary.blob.core.windows.net/test-container-16cf7ed6-66b7-bada-5f08-cb4cfc5828d9?restype=container",
      "RequestMethod": "PUT",
      "RequestHeaders": {
        "Authorization": "Sanitized",
        "traceparent": "00-1ac8458099a0bf4fbac6f050cbaa177a-32d8cf7143a0834d-00",
        "User-Agent": [
          "azsdk-net-Storage.Blobs/12.5.0-dev.20200708.1",
          "(.NET Core 4.6.28928.01; Microsoft Windows 10.0.18363 )"
        ],
        "x-ms-blob-public-access": "container",
        "x-ms-client-request-id": "cb5b236e-fca1-12ce-5116-a615d64f97b5",
        "x-ms-return-client-request-id": "true",
        "x-ms-version": "2020-04-08"
      },
      "RequestBody": null,
      "StatusCode": 201,
      "ResponseHeaders": {
        "Content-Length": "0",
        "Date": "Thu, 09 Jul 2020 05:03:04 GMT",
        "ETag": "\u00220x8D823C55CC4AB07\u0022",
        "Last-Modified": "Thu, 09 Jul 2020 05:03:04 GMT",
        "Server": [
          "Windows-Azure-Blob/1.0",
          "Microsoft-HTTPAPI/2.0"
        ],
        "x-ms-client-request-id": "cb5b236e-fca1-12ce-5116-a615d64f97b5",
        "x-ms-request-id": "652ebd88-801e-002f-5dae-552862000000",
        "x-ms-version": "2020-04-08"
      },
      "ResponseBody": []
    },
    {
      "RequestUri": "https://seanoauthcanary.blob.core.windows.net/test-container-16cf7ed6-66b7-bada-5f08-cb4cfc5828d9/test-blob-9ea9deca-b615-6b77-c478-a23d0fcbc653",
      "RequestMethod": "PUT",
      "RequestHeaders": {
        "Authorization": "Sanitized",
        "Content-Length": "0",
        "traceparent": "00-223cfed70d72b2418b26031a3c27d091-915896d2c98d5b41-00",
        "User-Agent": [
          "azsdk-net-Storage.Blobs/12.5.0-dev.20200708.1",
          "(.NET Core 4.6.28928.01; Microsoft Windows 10.0.18363 )"
        ],
        "x-ms-blob-type": "AppendBlob",
        "x-ms-client-request-id": "1444a1e2-f062-b77d-abf0-072959900286",
        "x-ms-return-client-request-id": "true",
        "x-ms-version": "2020-04-08"
      },
      "RequestBody": null,
      "StatusCode": 201,
      "ResponseHeaders": {
        "Content-Length": "0",
        "Date": "Thu, 09 Jul 2020 05:03:04 GMT",
        "ETag": "\u00220x8D823C55CD49D41\u0022",
        "Last-Modified": "Thu, 09 Jul 2020 05:03:04 GMT",
        "Server": [
          "Windows-Azure-Blob/1.0",
          "Microsoft-HTTPAPI/2.0"
        ],
        "x-ms-client-request-id": "1444a1e2-f062-b77d-abf0-072959900286",
        "x-ms-request-id": "652ebd91-801e-002f-63ae-552862000000",
        "x-ms-request-server-encrypted": "true",
        "x-ms-version": "2020-04-08",
        "x-ms-version-id": "2020-07-09T05:03:04.5892417Z"
      },
      "ResponseBody": []
    },
    {
      "RequestUri": "https://seanoauthcanary.blob.core.windows.net/test-container-16cf7ed6-66b7-bada-5f08-cb4cfc5828d9/test-blob-9ea9deca-b615-6b77-c478-a23d0fcbc653?comp=metadata",
      "RequestMethod": "PUT",
      "RequestHeaders": {
        "Authorization": "Sanitized",
        "traceparent": "00-1560d61deadad447bc32648b8c0b5907-d88feb50541c834b-00",
        "User-Agent": [
          "azsdk-net-Storage.Blobs/12.5.0-dev.20200708.1",
          "(.NET Core 4.6.28928.01; Microsoft Windows 10.0.18363 )"
        ],
        "x-ms-client-request-id": "6d5b7ef6-b186-8af1-ba26-2e0c540f9505",
        "x-ms-meta-Capital": "letter",
        "x-ms-meta-foo": "bar",
        "x-ms-meta-meta": "data",
        "x-ms-meta-UPPER": "case",
        "x-ms-return-client-request-id": "true",
        "x-ms-version": "2020-04-08"
      },
      "RequestBody": null,
      "StatusCode": 200,
      "ResponseHeaders": {
        "Content-Length": "0",
        "Date": "Thu, 09 Jul 2020 05:03:04 GMT",
        "ETag": "\u00220x8D823C55CE4C797\u0022",
        "Last-Modified": "Thu, 09 Jul 2020 05:03:04 GMT",
        "Server": [
          "Windows-Azure-Blob/1.0",
          "Microsoft-HTTPAPI/2.0"
        ],
        "x-ms-client-request-id": "6d5b7ef6-b186-8af1-ba26-2e0c540f9505",
        "x-ms-request-id": "652ebd94-801e-002f-65ae-552862000000",
        "x-ms-request-server-encrypted": "true",
        "x-ms-version": "2020-04-08",
        "x-ms-version-id": "2020-07-09T05:03:04.6961831Z"
      },
      "ResponseBody": []
    },
    {
      "RequestUri": "https://seanoauthcanary.blob.core.windows.net/?restype=service\u0026comp=userdelegationkey",
      "RequestMethod": "POST",
      "RequestHeaders": {
        "Authorization": "Sanitized",
        "Content-Length": "56",
        "Content-Type": "application/xml",
        "traceparent": "00-4b2dd0b7e944744b8582e959645b5bea-0daf53452576e048-00",
        "User-Agent": [
          "azsdk-net-Storage.Blobs/12.5.0-dev.20200708.1",
          "(.NET Core 4.6.28928.01; Microsoft Windows 10.0.18363 )"
        ],
        "x-ms-client-request-id": "db32e849-9435-9e00-6011-e34a90ac1997",
        "x-ms-return-client-request-id": "true",
        "x-ms-version": "2020-04-08"
      },
      "RequestBody": "\u003CKeyInfo\u003E\u003CExpiry\u003E2020-07-09T06:03:04Z\u003C/Expiry\u003E\u003C/KeyInfo\u003E",
      "StatusCode": 200,
      "ResponseHeaders": {
        "Content-Type": "application/xml",
        "Date": "Thu, 09 Jul 2020 05:03:04 GMT",
        "Server": [
          "Windows-Azure-Blob/1.0",
          "Microsoft-HTTPAPI/2.0"
        ],
        "Transfer-Encoding": "chunked",
        "x-ms-client-request-id": "db32e849-9435-9e00-6011-e34a90ac1997",
        "x-ms-request-id": "652ebd9a-801e-002f-6aae-552862000000",
        "x-ms-version": "2020-04-08"
      },
      "ResponseBody": "\uFEFF\u003C?xml version=\u00221.0\u0022 encoding=\u0022utf-8\u0022?\u003E\u003CUserDelegationKey\u003E\u003CSignedOid\u003Ec4f48289-bb84-4086-b250-6f94a8f64cee\u003C/SignedOid\u003E\u003CSignedTid\u003E72f988bf-86f1-41af-91ab-2d7cd011db47\u003C/SignedTid\u003E\u003CSignedStart\u003E2020-07-09T05:03:04Z\u003C/SignedStart\u003E\u003CSignedExpiry\u003E2020-07-09T06:03:04Z\u003C/SignedExpiry\u003E\u003CSignedService\u003Eb\u003C/SignedService\u003E\u003CSignedVersion\u003E2019-12-12\u003C/SignedVersion\u003E\u003CValue\u003Elbv29YsnScLLt4W88ACkE0tusLwmcJm1fgMa9jtaefE=\u003C/Value\u003E\u003C/UserDelegationKey\u003E"
    },
    {
      "RequestUri": "https://seanoauthcanary.blob.core.windows.net/test-container-16cf7ed6-66b7-bada-5f08-cb4cfc5828d9/test-blob-9ea9deca-b615-6b77-c478-a23d0fcbc653?versionid=2020-07-09T05%3A03%3A04.5892417Z\u0026skoid=c4f48289-bb84-4086-b250-6f94a8f64cee\u0026sktid=72f988bf-86f1-41af-91ab-2d7cd011db47\u0026skt=2020-07-09T05%3A03%3A04Z\u0026ske=2020-07-09T06%3A03%3A04Z\u0026sks=b\u0026skv=2019-12-12\u0026sv=2020-04-08\u0026st=2020-07-09T04%3A03%3A04Z\u0026se=2020-07-09T06%3A03%3A04Z\u0026sr=c\u0026sp=racwdxlt\u0026sig=Sanitized",
      "RequestMethod": "DELETE",
      "RequestHeaders": {
        "User-Agent": [
          "azsdk-net-Storage.Blobs/12.5.0-dev.20200708.1",
          "(.NET Core 4.6.28928.01; Microsoft Windows 10.0.18363 )"
        ],
        "x-ms-client-request-id": "6cc32f23-b9dc-36cf-7adc-12f8ff68943c",
        "x-ms-return-client-request-id": "true",
        "x-ms-version": "2020-04-08"
      },
      "RequestBody": null,
      "StatusCode": 202,
      "ResponseHeaders": {
        "Content-Length": "0",
        "Date": "Thu, 09 Jul 2020 05:03:05 GMT",
        "Server": [
          "Windows-Azure-Blob/1.0",
          "Microsoft-HTTPAPI/2.0"
        ],
        "x-ms-client-request-id": "6cc32f23-b9dc-36cf-7adc-12f8ff68943c",
        "x-ms-delete-type-permanent": "true",
        "x-ms-request-id": "dd2bbb64-701e-0014-26ae-556dc6000000",
        "x-ms-version": "2020-04-08"
      },
      "ResponseBody": []
    },
    {
      "RequestUri": "https://seanoauthcanary.blob.core.windows.net/test-container-16cf7ed6-66b7-bada-5f08-cb4cfc5828d9/test-blob-9ea9deca-b615-6b77-c478-a23d0fcbc653",
      "RequestMethod": "HEAD",
      "RequestHeaders": {
        "Authorization": "Sanitized",
        "traceparent": "00-a3bde462601ffe47af461c69707aa01b-0936c742a097db49-00",
        "User-Agent": [
          "azsdk-net-Storage.Blobs/12.5.0-dev.20200708.1",
          "(.NET Core 4.6.28928.01; Microsoft Windows 10.0.18363 )"
        ],
        "x-ms-client-request-id": "6027606f-ade9-6bba-3344-be54221d1362",
        "x-ms-return-client-request-id": "true",
        "x-ms-version": "2020-04-08"
      },
      "RequestBody": null,
      "StatusCode": 200,
      "ResponseHeaders": {
        "Accept-Ranges": "bytes",
        "Content-Length": "0",
        "Content-Type": "application/octet-stream",
        "Date": "Thu, 09 Jul 2020 05:03:05 GMT",
        "ETag": "\u00220x8D823C55CE4C797\u0022",
        "Last-Modified": "Thu, 09 Jul 2020 05:03:04 GMT",
        "Server": [
          "Windows-Azure-Blob/1.0",
          "Microsoft-HTTPAPI/2.0"
        ],
        "x-ms-blob-committed-block-count": "0",
        "x-ms-blob-type": "AppendBlob",
        "x-ms-client-request-id": "6027606f-ade9-6bba-3344-be54221d1362",
        "x-ms-creation-time": "Thu, 09 Jul 2020 05:03:04 GMT",
        "x-ms-is-current-version": "true",
        "x-ms-lease-state": "available",
        "x-ms-lease-status": "unlocked",
        "x-ms-meta-Capital": "letter",
        "x-ms-meta-foo": "bar",
        "x-ms-meta-meta": "data",
        "x-ms-meta-UPPER": "case",
        "x-ms-request-id": "652ebdb3-801e-002f-7fae-552862000000",
        "x-ms-server-encrypted": "true",
        "x-ms-version": "2020-04-08",
        "x-ms-version-id": "2020-07-09T05:03:04.6961831Z"
      },
      "ResponseBody": []
    },
    {
      "RequestUri": "https://seanoauthcanary.blob.core.windows.net/test-container-16cf7ed6-66b7-bada-5f08-cb4cfc5828d9?restype=container",
      "RequestMethod": "DELETE",
      "RequestHeaders": {
        "Authorization": "Sanitized",
        "traceparent": "00-a2bb7ce913012a4c96abcb7b93fecae1-bfb1684a34adcb49-00",
        "User-Agent": [
          "azsdk-net-Storage.Blobs/12.5.0-dev.20200708.1",
          "(.NET Core 4.6.28928.01; Microsoft Windows 10.0.18363 )"
        ],
        "x-ms-client-request-id": "9f89fb80-3340-0e53-1c17-b1770a79f2b5",
        "x-ms-return-client-request-id": "true",
        "x-ms-version": "2020-04-08"
      },
      "RequestBody": null,
      "StatusCode": 202,
      "ResponseHeaders": {
        "Content-Length": "0",
        "Date": "Thu, 09 Jul 2020 05:03:05 GMT",
        "Server": [
          "Windows-Azure-Blob/1.0",
          "Microsoft-HTTPAPI/2.0"
        ],
        "x-ms-client-request-id": "9f89fb80-3340-0e53-1c17-b1770a79f2b5",
        "x-ms-request-id": "652ebdbb-801e-002f-06ae-552862000000",
        "x-ms-version": "2020-04-08"
      },
      "ResponseBody": []
    }
  ],
  "Variables": {
    "DateTimeOffsetNow": "2020-07-08T22:03:04.7719477-07:00",
    "RandomSeed": "1069502567",
    "Storage_TestConfigOAuth": "OAuthTenant\nseanoauthcanary\nU2FuaXRpemVk\nhttps://seanoauthcanary.blob.core.windows.net\nhttps://seanoauthcanary.file.core.windows.net\nhttps://seanoauthcanary.queue.core.windows.net\nhttps://seanoauthcanary.table.core.windows.net\n\n\n\n\nhttps://seanoauthcanary-secondary.blob.core.windows.net\nhttps://seanoauthcanary-secondary.file.core.windows.net\nhttps://seanoauthcanary-secondary.queue.core.windows.net\nhttps://seanoauthcanary-secondary.table.core.windows.net\n68390a19-a643-458b-b726-408abf67b4fc\nSanitized\n72f988bf-86f1-41af-91ab-2d7cd011db47\nhttps://login.microsoftonline.com/\nCloud\nBlobEndpoint=https://seanoauthcanary.blob.core.windows.net/;QueueEndpoint=https://seanoauthcanary.queue.core.windows.net/;FileEndpoint=https://seanoauthcanary.file.core.windows.net/;BlobSecondaryEndpoint=https://seanoauthcanary-secondary.blob.core.windows.net/;QueueSecondaryEndpoint=https://seanoauthcanary-secondary.queue.core.windows.net/;FileSecondaryEndpoint=https://seanoauthcanary-secondary.file.core.windows.net/;AccountName=seanoauthcanary;AccountKey=Sanitized\n"
  }
}