{
  "Entries": [
    {
      "RequestUri": "https://seanoauthcanary.blob.core.windows.net/test-container-9f295737-02ab-c9da-dccc-e30888d49f31?restype=container",
      "RequestMethod": "PUT",
      "RequestHeaders": {
        "Authorization": "Sanitized",
        "traceparent": "00-c555b974f912b647827311bfa08e8019-e14daf79cc43114b-00",
        "User-Agent": [
          "azsdk-net-Storage.Blobs/12.7.0-alpha.20201028.1",
          "(.NET Core 4.6.29220.03; Microsoft Windows 10.0.19042 )"
        ],
        "x-ms-blob-public-access": "container",
        "x-ms-client-request-id": "62c4d295-37e7-982a-a9b5-5efe5b12d3b4",
        "x-ms-return-client-request-id": "true",
        "x-ms-version": "2020-02-10"
      },
      "RequestBody": null,
      "StatusCode": 201,
      "ResponseHeaders": {
        "Content-Length": "0",
        "Date": "Wed, 28 Oct 2020 07:12:27 GMT",
        "ETag": "\u00220x8D87B10D44D0BD0\u0022",
        "Last-Modified": "Wed, 28 Oct 2020 07:12:28 GMT",
        "Server": [
          "Windows-Azure-Blob/1.0",
          "Microsoft-HTTPAPI/2.0"
        ],
        "x-ms-client-request-id": "62c4d295-37e7-982a-a9b5-5efe5b12d3b4",
        "x-ms-request-id": "fe3dd611-a01e-004a-58f9-ac8626000000",
        "x-ms-version": "2020-02-10"
      },
      "ResponseBody": []
    },
    {
      "RequestUri": "https://seanoauthcanary.blob.core.windows.net/test-container-9f295737-02ab-c9da-dccc-e30888d49f31/test-blob-4e954627-9738-f033-ad67-fe000749b8d4",
      "RequestMethod": "PUT",
      "RequestHeaders": {
        "Authorization": "Sanitized",
        "Content-Length": "0",
        "traceparent": "00-71768483c0fd9141ba51e57a694ac69e-6849f1f8afdb4143-00",
        "User-Agent": [
          "azsdk-net-Storage.Blobs/12.7.0-alpha.20201028.1",
          "(.NET Core 4.6.29220.03; Microsoft Windows 10.0.19042 )"
        ],
        "x-ms-blob-type": "AppendBlob",
        "x-ms-client-request-id": "ca6946d8-4c72-fe03-9ed3-b480392a9060",
        "x-ms-return-client-request-id": "true",
        "x-ms-version": "2020-02-10"
      },
      "RequestBody": null,
      "StatusCode": 201,
      "ResponseHeaders": {
        "Content-Length": "0",
        "Date": "Wed, 28 Oct 2020 07:12:27 GMT",
        "ETag": "\u00220x8D87B10D465FA7A\u0022",
        "Last-Modified": "Wed, 28 Oct 2020 07:12:28 GMT",
        "Server": [
          "Windows-Azure-Blob/1.0",
          "Microsoft-HTTPAPI/2.0"
        ],
        "x-ms-client-request-id": "ca6946d8-4c72-fe03-9ed3-b480392a9060",
        "x-ms-request-id": "fe3dd62a-a01e-004a-6cf9-ac8626000000",
        "x-ms-request-server-encrypted": "true",
        "x-ms-version": "2020-02-10",
        "x-ms-version-id": "2020-10-28T07:12:28.6071418Z"
      },
      "ResponseBody": []
    },
    {
      "RequestUri": "https://seanoauthcanary.blob.core.windows.net/test-container-9f295737-02ab-c9da-dccc-e30888d49f31/test-blob-4e954627-9738-f033-ad67-fe000749b8d4?comp=metadata",
      "RequestMethod": "PUT",
      "RequestHeaders": {
        "Authorization": "Sanitized",
        "traceparent": "00-f44cf7815263a14094a16c5c42c093a6-438c5de372915343-00",
        "User-Agent": [
          "azsdk-net-Storage.Blobs/12.7.0-alpha.20201028.1",
          "(.NET Core 4.6.29220.03; Microsoft Windows 10.0.19042 )"
        ],
        "x-ms-client-request-id": "c1276e00-eee0-e562-a574-173b88c845ab",
        "x-ms-meta-Capital": "letter",
        "x-ms-meta-foo": "bar",
        "x-ms-meta-meta": "data",
        "x-ms-meta-UPPER": "case",
        "x-ms-return-client-request-id": "true",
        "x-ms-version": "2020-02-10"
      },
      "RequestBody": null,
      "StatusCode": 200,
      "ResponseHeaders": {
        "Content-Length": "0",
        "Date": "Wed, 28 Oct 2020 07:12:27 GMT",
        "ETag": "\u00220x8D87B10D4733F1F\u0022",
        "Last-Modified": "Wed, 28 Oct 2020 07:12:28 GMT",
        "Server": [
          "Windows-Azure-Blob/1.0",
          "Microsoft-HTTPAPI/2.0"
        ],
        "x-ms-client-request-id": "c1276e00-eee0-e562-a574-173b88c845ab",
        "x-ms-request-id": "fe3dd637-a01e-004a-78f9-ac8626000000",
        "x-ms-request-server-encrypted": "true",
        "x-ms-version": "2020-02-10",
        "x-ms-version-id": "2020-10-28T07:12:28.6950959Z"
      },
      "ResponseBody": []
    },
    {
      "RequestUri": "https://seanoauthcanary.blob.core.windows.net/?restype=service\u0026comp=userdelegationkey",
      "RequestMethod": "POST",
      "RequestHeaders": {
        "Authorization": "Sanitized",
        "Content-Length": "56",
        "Content-Type": "application/xml",
        "traceparent": "00-032bc66c3c4b364ab821f34d81eec4cf-8408f78ac75c2f49-00",
        "User-Agent": [
          "azsdk-net-Storage.Blobs/12.7.0-alpha.20201028.1",
          "(.NET Core 4.6.29220.03; Microsoft Windows 10.0.19042 )"
        ],
        "x-ms-client-request-id": "cb7fb2c9-cf02-0e80-28e6-0d2b05696034",
        "x-ms-return-client-request-id": "true",
        "x-ms-version": "2020-02-10"
      },
      "RequestBody": "\u003CKeyInfo\u003E\u003CExpiry\u003E2020-10-28T08:12:28Z\u003C/Expiry\u003E\u003C/KeyInfo\u003E",
      "StatusCode": 200,
      "ResponseHeaders": {
        "Content-Type": "application/xml",
        "Date": "Wed, 28 Oct 2020 07:12:27 GMT",
        "Server": [
          "Windows-Azure-Blob/1.0",
          "Microsoft-HTTPAPI/2.0"
        ],
        "Transfer-Encoding": "chunked",
        "x-ms-client-request-id": "cb7fb2c9-cf02-0e80-28e6-0d2b05696034",
        "x-ms-request-id": "fe3dd646-a01e-004a-05f9-ac8626000000",
        "x-ms-version": "2020-02-10"
      },
      "ResponseBody": "\uFEFF\u003C?xml version=\u00221.0\u0022 encoding=\u0022utf-8\u0022?\u003E\u003CUserDelegationKey\u003E\u003CSignedOid\u003Ec4f48289-bb84-4086-b250-6f94a8f64cee\u003C/SignedOid\u003E\u003CSignedTid\u003E72f988bf-86f1-41af-91ab-2d7cd011db47\u003C/SignedTid\u003E\u003CSignedStart\u003E2020-10-28T07:12:28Z\u003C/SignedStart\u003E\u003CSignedExpiry\u003E2020-10-28T08:12:28Z\u003C/SignedExpiry\u003E\u003CSignedService\u003Eb\u003C/SignedService\u003E\u003CSignedVersion\u003E2020-02-10\u003C/SignedVersion\u003E\u003CValue\u003ElQytf3eqgpEVgtYDp8J0Nl2WxTr341NP2Imbsr/QyrY=\u003C/Value\u003E\u003C/UserDelegationKey\u003E"
    },
    {
      "RequestUri": "https://seanoauthcanary.blob.core.windows.net/test-container-9f295737-02ab-c9da-dccc-e30888d49f31/test-blob-4e954627-9738-f033-ad67-fe000749b8d4?versionid=2020-10-28T07%3A12%3A28.6071418Z\u0026skoid=c4f48289-bb84-4086-b250-6f94a8f64cee\u0026sktid=72f988bf-86f1-41af-91ab-2d7cd011db47\u0026skt=2020-10-28T07%3A12%3A28Z\u0026ske=2020-10-28T08%3A12%3A28Z\u0026sks=b\u0026skv=2020-02-10\u0026sv=2020-02-10\u0026st=2020-10-28T06%3A12%3A28Z\u0026se=2020-10-28T08%3A12%3A28Z\u0026sr=b\u0026sp=racwdxltme\u0026sig=Sanitized",
      "RequestMethod": "DELETE",
      "RequestHeaders": {
        "User-Agent": [
          "azsdk-net-Storage.Blobs/12.7.0-alpha.20201028.1",
          "(.NET Core 4.6.29220.03; Microsoft Windows 10.0.19042 )"
        ],
        "x-ms-client-request-id": "d6720ad1-7949-a2a8-5b96-34f8a6c4b538",
        "x-ms-return-client-request-id": "true",
        "x-ms-version": "2020-02-10"
      },
      "RequestBody": null,
      "StatusCode": 202,
      "ResponseHeaders": {
        "Content-Length": "0",
        "Date": "Wed, 28 Oct 2020 07:12:28 GMT",
        "Server": [
          "Windows-Azure-Blob/1.0",
          "Microsoft-HTTPAPI/2.0"
        ],
        "x-ms-client-request-id": "d6720ad1-7949-a2a8-5b96-34f8a6c4b538",
        "x-ms-delete-type-permanent": "true",
        "x-ms-request-id": "589cb6d3-401e-007d-2ef9-ac548a000000",
        "x-ms-version": "2020-02-10"
      },
      "ResponseBody": []
    },
    {
      "RequestUri": "https://seanoauthcanary.blob.core.windows.net/test-container-9f295737-02ab-c9da-dccc-e30888d49f31/test-blob-4e954627-9738-f033-ad67-fe000749b8d4",
      "RequestMethod": "HEAD",
      "RequestHeaders": {
        "Authorization": "Sanitized",
        "traceparent": "00-d1fe1f87c1c5b54b92ad63f852e39ece-e48cc0251bbbf741-00",
        "User-Agent": [
          "azsdk-net-Storage.Blobs/12.7.0-alpha.20201028.1",
          "(.NET Core 4.6.29220.03; Microsoft Windows 10.0.19042 )"
        ],
        "x-ms-client-request-id": "fa5935d4-8af7-57ea-2422-2357782ba6b9",
        "x-ms-return-client-request-id": "true",
        "x-ms-version": "2020-02-10"
      },
      "RequestBody": null,
      "StatusCode": 200,
      "ResponseHeaders": {
        "Accept-Ranges": "bytes",
        "Content-Length": "0",
        "Content-Type": "application/octet-stream",
        "Date": "Wed, 28 Oct 2020 07:12:28 GMT",
        "ETag": "\u00220x8D87B10D4733F1F\u0022",
        "Last-Modified": "Wed, 28 Oct 2020 07:12:28 GMT",
        "Server": [
          "Windows-Azure-Blob/1.0",
          "Microsoft-HTTPAPI/2.0"
        ],
        "x-ms-blob-committed-block-count": "0",
        "x-ms-blob-type": "AppendBlob",
        "x-ms-client-request-id": "fa5935d4-8af7-57ea-2422-2357782ba6b9",
        "x-ms-creation-time": "Wed, 28 Oct 2020 07:12:28 GMT",
        "x-ms-is-current-version": "true",
        "x-ms-lease-state": "available",
        "x-ms-lease-status": "unlocked",
        "x-ms-meta-Capital": "letter",
        "x-ms-meta-foo": "bar",
        "x-ms-meta-meta": "data",
        "x-ms-meta-UPPER": "case",
        "x-ms-request-id": "589cb6ed-401e-007d-46f9-ac548a000000",
        "x-ms-server-encrypted": "true",
        "x-ms-version": "2020-02-10",
        "x-ms-version-id": "2020-10-28T07:12:28.6950959Z"
      },
      "ResponseBody": []
    },
    {
      "RequestUri": "https://seanoauthcanary.blob.core.windows.net/test-container-9f295737-02ab-c9da-dccc-e30888d49f31?restype=container",
      "RequestMethod": "DELETE",
      "RequestHeaders": {
        "Authorization": "Sanitized",
        "traceparent": "00-7ac43e4618cc094aa734fc6b5c940844-cf55270400613d4f-00",
        "User-Agent": [
          "azsdk-net-Storage.Blobs/12.7.0-alpha.20201028.1",
          "(.NET Core 4.6.29220.03; Microsoft Windows 10.0.19042 )"
        ],
        "x-ms-client-request-id": "702312a9-bb6b-9441-ad33-e2e600c6a463",
        "x-ms-return-client-request-id": "true",
        "x-ms-version": "2020-02-10"
      },
      "RequestBody": null,
      "StatusCode": 202,
      "ResponseHeaders": {
        "Content-Length": "0",
        "Date": "Wed, 28 Oct 2020 07:12:28 GMT",
        "Server": [
          "Windows-Azure-Blob/1.0",
          "Microsoft-HTTPAPI/2.0"
        ],
        "x-ms-client-request-id": "702312a9-bb6b-9441-ad33-e2e600c6a463",
        "x-ms-request-id": "589cb6f4-401e-007d-4df9-ac548a000000",
        "x-ms-version": "2020-02-10"
      },
      "ResponseBody": []
    }
  ],
  "Variables": {
    "DateTimeOffsetNow": "2020-10-28T00:12:28.7459061-07:00",
    "RandomSeed": "885818541",
    "Storage_TestConfigOAuth": "OAuthTenant\nseanoauthcanary\nU2FuaXRpemVk\nhttps://seanoauthcanary.blob.core.windows.net\nhttps://seanoauthcanary.file.core.windows.net\nhttps://seanoauthcanary.queue.core.windows.net\nhttps://seanoauthcanary.table.core.windows.net\n\n\n\n\nhttps://seanoauthcanary-secondary.blob.core.windows.net\nhttps://seanoauthcanary-secondary.file.core.windows.net\nhttps://seanoauthcanary-secondary.queue.core.windows.net\n\n68390a19-a643-458b-b726-408abf67b4fc\nSanitized\n72f988bf-86f1-41af-91ab-2d7cd011db47\nhttps://login.microsoftonline.com/\nCloud\nBlobEndpoint=https://seanoauthcanary.blob.core.windows.net/;QueueEndpoint=https://seanoauthcanary.queue.core.windows.net/;FileEndpoint=https://seanoauthcanary.file.core.windows.net/;BlobSecondaryEndpoint=https://seanoauthcanary-secondary.blob.core.windows.net/;QueueSecondaryEndpoint=https://seanoauthcanary-secondary.queue.core.windows.net/;FileSecondaryEndpoint=https://seanoauthcanary-secondary.file.core.windows.net/;AccountName=seanoauthcanary;AccountKey=Sanitized\n"
  }
}