{
  "Entries": [
    {
      "RequestUri": "https://seanoauthstage.blob.core.windows.net/test-container-16cf7ed6-66b7-bada-5f08-cb4cfc5828d9?restype=container",
      "RequestMethod": "PUT",
      "RequestHeaders": {
        "Accept": "application/xml",
        "Authorization": "Sanitized",
        "traceparent": "00-90c41f6a7c2c7c41a8eb56b495df93dc-93f49f2126d4b848-00",
        "User-Agent": [
          "azsdk-net-Storage.Blobs/12.9.0-alpha.20210514.1",
          "(.NET 5.0.6; Microsoft Windows 10.0.19043)"
        ],
        "x-ms-blob-public-access": "container",
        "x-ms-client-request-id": "cb5b236e-fca1-12ce-5116-a615d64f97b5",
        "x-ms-return-client-request-id": "true",
        "x-ms-version": "2020-10-02"
      },
      "RequestBody": null,
      "StatusCode": 201,
      "ResponseHeaders": {
        "Date": "Fri, 14 May 2021 17:16:11 GMT",
        "ETag": "\"0x8D916FBF9329C0F\"",
        "Last-Modified": "Fri, 14 May 2021 17:16:12 GMT",
        "Server": [
          "Windows-Azure-Blob/1.0",
          "Microsoft-HTTPAPI/2.0"
        ],
        "Transfer-Encoding": "chunked",
        "x-ms-client-request-id": "cb5b236e-fca1-12ce-5116-a615d64f97b5",
        "x-ms-request-id": "9467e8b2-c01e-0011-42e4-4877dc000000",
        "x-ms-version": "2020-10-02"
      },
      "ResponseBody": []
    },
    {
      "RequestUri": "https://seanoauthstage.blob.core.windows.net/test-container-16cf7ed6-66b7-bada-5f08-cb4cfc5828d9/test-blob-9ea9deca-b615-6b77-c478-a23d0fcbc653",
      "RequestMethod": "PUT",
      "RequestHeaders": {
        "Accept": "application/xml",
        "Authorization": "Sanitized",
        "traceparent": "00-05d23ea894bac14b849b4f80da090a3e-80c2edbb2289b541-00",
        "User-Agent": [
          "azsdk-net-Storage.Blobs/12.9.0-alpha.20210514.1",
          "(.NET 5.0.6; Microsoft Windows 10.0.19043)"
        ],
        "x-ms-blob-type": "AppendBlob",
        "x-ms-client-request-id": "1444a1e2-f062-b77d-abf0-072959900286",
        "x-ms-return-client-request-id": "true",
        "x-ms-version": "2020-10-02"
      },
      "RequestBody": null,
      "StatusCode": 201,
      "ResponseHeaders": {
        "Date": "Fri, 14 May 2021 17:16:11 GMT",
        "ETag": "\"0x8D916FBF93E6DFE\"",
        "Last-Modified": "Fri, 14 May 2021 17:16:12 GMT",
        "Server": [
          "Windows-Azure-Blob/1.0",
          "Microsoft-HTTPAPI/2.0"
        ],
        "Transfer-Encoding": "chunked",
        "x-ms-client-request-id": "1444a1e2-f062-b77d-abf0-072959900286",
        "x-ms-request-id": "9467e8b4-c01e-0011-43e4-4877dc000000",
        "x-ms-request-server-encrypted": "true",
        "x-ms-version": "2020-10-02",
        "x-ms-version-id": "2021-05-14T17:16:12.3866376Z"
      },
      "ResponseBody": []
    },
    {
      "RequestUri": "https://seanoauthstage.blob.core.windows.net/test-container-16cf7ed6-66b7-bada-5f08-cb4cfc5828d9/test-blob-9ea9deca-b615-6b77-c478-a23d0fcbc653?comp=metadata",
      "RequestMethod": "PUT",
      "RequestHeaders": {
        "Accept": "application/xml",
        "Authorization": "Sanitized",
        "traceparent": "00-2200b6c41589a045beee9acb6cdd04be-ab6c37e47e0d844c-00",
        "User-Agent": [
          "azsdk-net-Storage.Blobs/12.9.0-alpha.20210514.1",
          "(.NET 5.0.6; Microsoft Windows 10.0.19043)"
        ],
        "x-ms-client-request-id": "6d5b7ef6-b186-8af1-ba26-2e0c540f9505",
        "x-ms-meta-Capital": "letter",
        "x-ms-meta-foo": "bar",
        "x-ms-meta-meta": "data",
        "x-ms-meta-UPPER": "case",
        "x-ms-return-client-request-id": "true",
        "x-ms-version": "2020-10-02"
      },
      "RequestBody": null,
      "StatusCode": 200,
      "ResponseHeaders": {
        "Date": "Fri, 14 May 2021 17:16:11 GMT",
        "ETag": "\"0x8D916FBF9491AC8\"",
        "Last-Modified": "Fri, 14 May 2021 17:16:12 GMT",
        "Server": [
          "Windows-Azure-Blob/1.0",
          "Microsoft-HTTPAPI/2.0"
        ],
        "Transfer-Encoding": "chunked",
        "x-ms-client-request-id": "6d5b7ef6-b186-8af1-ba26-2e0c540f9505",
        "x-ms-request-id": "9467e8b5-c01e-0011-44e4-4877dc000000",
        "x-ms-request-server-encrypted": "true",
        "x-ms-version": "2020-10-02",
        "x-ms-version-id": "2021-05-14T17:16:12.4565976Z"
      },
      "ResponseBody": []
    },
    {
      "RequestUri": "https://seanoauthstage.blob.core.windows.net/?restype=service&comp=userdelegationkey",
      "RequestMethod": "POST",
      "RequestHeaders": {
        "Accept": "application/xml",
        "Authorization": "Sanitized",
        "Content-Length": "59",
        "Content-Type": "application/xml",
        "traceparent": "00-0350cfc9e2a8a54aa48b007eb86ecfba-15af449d10b58f4c-00",
        "User-Agent": [
          "azsdk-net-Storage.Blobs/12.9.0-alpha.20210514.1",
          "(.NET 5.0.6; Microsoft Windows 10.0.19043)"
        ],
        "x-ms-client-request-id": "db32e849-9435-9e00-6011-e34a90ac1997",
        "x-ms-return-client-request-id": "true",
        "x-ms-version": "2020-10-02"
      },
      "RequestBody": "﻿<KeyInfo><Expiry>2021-05-14T18:16:12Z</Expiry></KeyInfo>",
      "StatusCode": 200,
      "ResponseHeaders": {
        "Content-Type": "application/xml",
        "Date": "Fri, 14 May 2021 17:16:12 GMT",
        "Server": [
          "Windows-Azure-Blob/1.0",
          "Microsoft-HTTPAPI/2.0"
        ],
        "Transfer-Encoding": "chunked",
        "x-ms-client-request-id": "db32e849-9435-9e00-6011-e34a90ac1997",
        "x-ms-request-id": "9467e8b6-c01e-0011-45e4-4877dc000000",
        "x-ms-version": "2020-10-02"
      },
      "ResponseBody": "﻿<?xml version=\"1.0\" encoding=\"utf-8\"?><UserDelegationKey><SignedOid>c4f48289-bb84-4086-b250-6f94a8f64cee</SignedOid><SignedTid>72f988bf-86f1-41af-91ab-2d7cd011db47</SignedTid><SignedStart>2021-05-14T17:16:12Z</SignedStart><SignedExpiry>2021-05-14T18:16:12Z</SignedExpiry><SignedService>b</SignedService><SignedVersion>2020-10-02</SignedVersion><Value>VFiGKqPtBGBUnU3/wq92sqInchtrG7VgFVbZ/OwSJh4=</Value></UserDelegationKey>"
    },
    {
      "RequestUri": "https://seanoauthstage.blob.core.windows.net/test-container-16cf7ed6-66b7-bada-5f08-cb4cfc5828d9/test-blob-9ea9deca-b615-6b77-c478-a23d0fcbc653?versionid=2021-05-14T17%3A16%3A12.3866376Z&skoid=c4f48289-bb84-4086-b250-6f94a8f64cee&sktid=72f988bf-86f1-41af-91ab-2d7cd011db47&skt=2021-05-14T17%3A16%3A12Z&ske=2021-05-14T18%3A16%3A12Z&sks=b&skv=2020-10-02&sv=2020-10-02&st=2021-05-14T16%3A16%3A12Z&se=2021-05-14T18%3A16%3A12Z&sr=c&sp=racwdxlti&sig=Sanitized",
      "RequestMethod": "DELETE",
      "RequestHeaders": {
        "Accept": "application/xml",
        "User-Agent": [
          "azsdk-net-Storage.Blobs/12.9.0-alpha.20210514.1",
          "(.NET 5.0.6; Microsoft Windows 10.0.19043)"
        ],
        "x-ms-client-request-id": "6cc32f23-b9dc-36cf-7adc-12f8ff68943c",
        "x-ms-return-client-request-id": "true",
        "x-ms-version": "2020-10-02"
      },
      "RequestBody": null,
      "StatusCode": 202,
      "ResponseHeaders": {
        "Date": "Fri, 14 May 2021 17:16:12 GMT",
        "Server": [
          "Windows-Azure-Blob/1.0",
          "Microsoft-HTTPAPI/2.0"
        ],
        "Transfer-Encoding": "chunked",
        "x-ms-client-request-id": "6cc32f23-b9dc-36cf-7adc-12f8ff68943c",
        "x-ms-delete-type-permanent": "true",
        "x-ms-request-id": "9467e8b7-c01e-0011-46e4-4877dc000000",
        "x-ms-version": "2020-10-02"
      },
      "ResponseBody": []
    },
    {
      "RequestUri": "https://seanoauthstage.blob.core.windows.net/test-container-16cf7ed6-66b7-bada-5f08-cb4cfc5828d9/test-blob-9ea9deca-b615-6b77-c478-a23d0fcbc653",
      "RequestMethod": "HEAD",
      "RequestHeaders": {
        "Accept": "application/xml",
        "Authorization": "Sanitized",
        "traceparent": "00-51e15c9de60e4a479e0b6ec3dc115965-e03cd9b46e164046-00",
        "User-Agent": [
          "azsdk-net-Storage.Blobs/12.9.0-alpha.20210514.1",
          "(.NET 5.0.6; Microsoft Windows 10.0.19043)"
        ],
        "x-ms-client-request-id": "6027606f-ade9-6bba-3344-be54221d1362",
        "x-ms-return-client-request-id": "true",
        "x-ms-version": "2020-10-02"
      },
      "RequestBody": null,
      "StatusCode": 200,
      "ResponseHeaders": {
        "Accept-Ranges": "bytes",
        "Content-Length": "0",
        "Content-Type": "application/octet-stream",
        "Date": "Fri, 14 May 2021 17:16:12 GMT",
        "ETag": "\"0x8D916FBF9491AC8\"",
        "Last-Modified": "Fri, 14 May 2021 17:16:12 GMT",
        "Server": [
          "Windows-Azure-Blob/1.0",
          "Microsoft-HTTPAPI/2.0"
        ],
        "x-ms-blob-committed-block-count": "0",
        "x-ms-blob-type": "AppendBlob",
        "x-ms-client-request-id": "6027606f-ade9-6bba-3344-be54221d1362",
        "x-ms-creation-time": "Fri, 14 May 2021 17:16:12 GMT",
        "x-ms-is-current-version": "true",
        "x-ms-lease-state": "available",
        "x-ms-lease-status": "unlocked",
        "x-ms-meta-Capital": "letter",
        "x-ms-meta-foo": "bar",
        "x-ms-meta-meta": "data",
        "x-ms-meta-UPPER": "case",
        "x-ms-request-id": "9467e8b8-c01e-0011-47e4-4877dc000000",
        "x-ms-server-encrypted": "true",
        "x-ms-version": "2020-10-02",
        "x-ms-version-id": "2021-05-14T17:16:12.4565976Z"
      },
      "ResponseBody": []
    },
    {
      "RequestUri": "https://seanoauthstage.blob.core.windows.net/test-container-16cf7ed6-66b7-bada-5f08-cb4cfc5828d9?restype=container",
      "RequestMethod": "DELETE",
      "RequestHeaders": {
        "Accept": "application/xml",
        "Authorization": "Sanitized",
        "traceparent": "00-bb1d07c373023042a54f92715beea97b-cd43d2f32a82e942-00",
        "User-Agent": [
          "azsdk-net-Storage.Blobs/12.9.0-alpha.20210514.1",
          "(.NET 5.0.6; Microsoft Windows 10.0.19043)"
        ],
        "x-ms-client-request-id": "9f89fb80-3340-0e53-1c17-b1770a79f2b5",
        "x-ms-return-client-request-id": "true",
        "x-ms-version": "2020-10-02"
      },
      "RequestBody": null,
      "StatusCode": 202,
      "ResponseHeaders": {
        "Date": "Fri, 14 May 2021 17:16:12 GMT",
        "Server": [
          "Windows-Azure-Blob/1.0",
          "Microsoft-HTTPAPI/2.0"
        ],
        "Transfer-Encoding": "chunked",
        "x-ms-client-request-id": "9f89fb80-3340-0e53-1c17-b1770a79f2b5",
        "x-ms-request-id": "9467e8b9-c01e-0011-48e4-4877dc000000",
        "x-ms-version": "2020-10-02"
      },
      "ResponseBody": []
    }
  ],
  "Variables": {
    "DateTimeOffsetNow": "2021-05-14T12:16:12.9414246-05:00",
    "RandomSeed": "1069502567",
    "Storage_TestConfigOAuth": "OAuthTenant\nseanoauthstage\nU2FuaXRpemVk\nhttps://seanoauthstage.blob.core.windows.net\nhttps://seanoauthstage.file.core.windows.net\nhttps://seanoauthstage.queue.core.windows.net\nhttps://seanoauthstage.table.core.windows.net\n\n\n\n\nhttps://seanoauthstage-secondary.blob.core.windows.net\nhttps://seanoauthstage-secondary.file.core.windows.net\nhttps://seanoauthstage-secondary.queue.core.windows.net\nhttps://seanoauthstage-secondary.table.core.windows.net\n68390a19-a643-458b-b726-408abf67b4fc\nSanitized\n72f988bf-86f1-41af-91ab-2d7cd011db47\nhttps://login.microsoftonline.com/\nCloud\nBlobEndpoint=https://seanoauthstage.blob.core.windows.net/;QueueEndpoint=https://seanoauthstage.queue.core.windows.net/;FileEndpoint=https://seanoauthstage.file.core.windows.net/;BlobSecondaryEndpoint=https://seanoauthstage-secondary.blob.core.windows.net/;QueueSecondaryEndpoint=https://seanoauthstage-secondary.queue.core.windows.net/;FileSecondaryEndpoint=https://seanoauthstage-secondary.file.core.windows.net/;AccountName=seanoauthstage;AccountKey=Sanitized\n\n\n"
  }
}