{
  "Entries": [
    {
      "RequestUri": "http://amandacanary.blob.core.windows.net/test-container-83f3e602-7de3-9304-9e0d-c218fc8da91b?restype=container",
      "RequestMethod": "PUT",
      "RequestHeaders": {
        "Authorization": "Sanitized",
        "traceparent": "00-5bf4784ba44dfc47b6138ebe2d4b345e-5eed832c9c615e47-00",
        "User-Agent": [
          "azsdk-net-Storage.Blobs/12.5.0-dev.20200424.1",
          "(.NET Core 4.6.28619.01; Microsoft Windows 10.0.18363 )"
        ],
        "x-ms-blob-public-access": "container",
        "x-ms-client-request-id": "afd1fc08-0828-f662-d93d-7739284e9682",
        "x-ms-date": "Sat, 25 Apr 2020 01:06:27 GMT",
        "x-ms-return-client-request-id": "true",
        "x-ms-version": "2019-12-12"
      },
      "RequestBody": null,
      "StatusCode": 201,
      "ResponseHeaders": {
        "Content-Length": "0",
        "Date": "Sat, 25 Apr 2020 01:06:26 GMT",
        "ETag": "\u00220x8D7E8B4E19E351E\u0022",
        "Last-Modified": "Sat, 25 Apr 2020 01:06:27 GMT",
        "Server": [
          "Windows-Azure-Blob/1.0",
          "Microsoft-HTTPAPI/2.0"
        ],
        "x-ms-client-request-id": "afd1fc08-0828-f662-d93d-7739284e9682",
        "x-ms-request-id": "7f0a18b8-901e-006e-2c9d-1a7086000000",
        "x-ms-version": "2019-12-12"
      },
      "ResponseBody": []
    },
    {
      "RequestUri": "http://amandacanary.blob.core.windows.net/test-container-83f3e602-7de3-9304-9e0d-c218fc8da91b/test-blob-3db9ba96-5160-8c22-386f-56c8375e1f25",
      "RequestMethod": "HEAD",
      "RequestHeaders": {
        "Authorization": "Sanitized",
        "traceparent": "00-e7af529555d78946a921e82e11da2d85-ea6cc9f99ac51b43-00",
        "User-Agent": [
          "azsdk-net-Storage.Blobs/12.5.0-dev.20200424.1",
          "(.NET Core 4.6.28619.01; Microsoft Windows 10.0.18363 )"
        ],
        "x-ms-client-request-id": "b90fc384-96bf-b771-da45-76b8b29abe7b",
        "x-ms-date": "Sat, 25 Apr 2020 01:06:27 GMT",
        "x-ms-return-client-request-id": "true",
        "x-ms-version": "2019-12-12"
      },
      "RequestBody": null,
      "StatusCode": 404,
      "ResponseHeaders": {
        "Date": "Sat, 25 Apr 2020 01:06:26 GMT",
        "Server": [
          "Windows-Azure-Blob/1.0",
          "Microsoft-HTTPAPI/2.0"
        ],
        "Transfer-Encoding": "chunked",
        "x-ms-client-request-id": "b90fc384-96bf-b771-da45-76b8b29abe7b",
        "x-ms-error-code": "BlobNotFound",
        "x-ms-request-id": "7f0a18c0-901e-006e-339d-1a7086000000",
        "x-ms-version": "2019-12-12"
      },
      "ResponseBody": []
    },
    {
      "RequestUri": "http://amandacanary.blob.core.windows.net/test-container-83f3e602-7de3-9304-9e0d-c218fc8da91b?restype=container",
      "RequestMethod": "DELETE",
      "RequestHeaders": {
        "Authorization": "Sanitized",
        "traceparent": "00-3248986e403fd64197938a917b260a95-cbfd109ea439f246-00",
        "User-Agent": [
          "azsdk-net-Storage.Blobs/12.5.0-dev.20200424.1",
          "(.NET Core 4.6.28619.01; Microsoft Windows 10.0.18363 )"
        ],
        "x-ms-client-request-id": "74437714-654e-a365-7f58-2676823af04b",
        "x-ms-date": "Sat, 25 Apr 2020 01:06:27 GMT",
        "x-ms-return-client-request-id": "true",
        "x-ms-version": "2019-12-12"
      },
      "RequestBody": null,
      "StatusCode": 202,
      "ResponseHeaders": {
        "Content-Length": "0",
        "Date": "Sat, 25 Apr 2020 01:06:26 GMT",
        "Server": [
          "Windows-Azure-Blob/1.0",
          "Microsoft-HTTPAPI/2.0"
        ],
        "x-ms-client-request-id": "74437714-654e-a365-7f58-2676823af04b",
        "x-ms-request-id": "7f0a18c2-901e-006e-359d-1a7086000000",
        "x-ms-version": "2019-12-12"
      },
      "ResponseBody": []
    }
  ],
  "Variables": {
    "RandomSeed": "1420259909",
    "Storage_TestConfigDefault": "ProductionTenant\namandacanary\nU2FuaXRpemVk\nhttp://amandacanary.blob.core.windows.net\nhttp://amandacanary.file.core.windows.net\nhttp://amandacanary.queue.core.windows.net\nhttp://amandacanary.table.core.windows.net\n\n\n\n\nhttp://amandacanary-secondary.blob.core.windows.net\nhttp://amandacanary-secondary.file.core.windows.net\nhttp://amandacanary-secondary.queue.core.windows.net\nhttp://amandacanary-secondary.table.core.windows.net\n\nSanitized\n\n\nCloud\nBlobEndpoint=http://amandacanary.blob.core.windows.net/;QueueEndpoint=http://amandacanary.queue.core.windows.net/;FileEndpoint=http://amandacanary.file.core.windows.net/;BlobSecondaryEndpoint=http://amandacanary-secondary.blob.core.windows.net/;QueueSecondaryEndpoint=http://amandacanary-secondary.queue.core.windows.net/;FileSecondaryEndpoint=http://amandacanary-secondary.file.core.windows.net/;AccountName=amandacanary;AccountKey=Sanitized\n\nDefaultEndpointsProtocol=https;AccountName=ortestsaccountcbn1;AccountKey=OrRfzSm3ktQSklAGiL90/QusS7SdS6Y5S/AJoxZEeyKYDtnue7OKYIMLOraTnT4xcOyhYbqzWVmtTKappcc5Fg==;EndpointSuffix=core.windows.net\nDefaultEndpointsProtocol=https;AccountName=vbalaorcentral1;AccountKey=vlHMz/LZ3Sx7r/1bdTQT26pG0tqORQ4uTIcxGhHB0LQhIhqGxfv2TXV7u\u002BI2ra4UWXrWGGHG2N6l\u002BBfb5FgAcQ==;EndpointSuffix=core.windows.net"
  }
}