{
  "Entries": [
    {
      "RequestUri": "https://amandadev3.blob.core.windows.net/test-container-a0cd24c1-9110-ab02-3f4e-bcbc172eb6b4?restype=container",
      "RequestMethod": "PUT",
      "RequestHeaders": {
        "Accept": "application/xml",
        "Authorization": "Sanitized",
        "traceparent": "00-daafd717c7d9044480e5b5e7f195d13e-50b5d887c1b20f4f-00",
        "User-Agent": [
          "azsdk-net-Storage.Blobs/12.9.0-alpha.20210603.1",
          "(.NET Core 4.6.30015.01; Microsoft Windows 10.0.19042 )"
        ],
        "x-ms-blob-public-access": "container",
        "x-ms-client-request-id": "ae529654-492c-4551-b8a6-bad8ad7b6be9",
        "x-ms-date": "Thu, 03 Jun 2021 16:17:56 GMT",
        "x-ms-return-client-request-id": "true",
        "x-ms-version": "2020-10-02"
      },
      "RequestBody": null,
      "StatusCode": 201,
      "ResponseHeaders": {
        "Content-Length": "0",
        "Date": "Thu, 03 Jun 2021 16:17:56 GMT",
        "ETag": "\"0x8D926AB26178D7F\"",
        "Last-Modified": "Thu, 03 Jun 2021 16:17:56 GMT",
        "Server": [
          "Windows-Azure-Blob/1.0",
          "Microsoft-HTTPAPI/2.0"
        ],
        "x-ms-client-request-id": "ae529654-492c-4551-b8a6-bad8ad7b6be9",
        "x-ms-request-id": "88a8b559-601e-004d-4a94-58824c000000",
        "x-ms-version": "2020-10-02"
      },
      "ResponseBody": []
    },
    {
      "RequestUri": "https://amandadev3.blob.core.windows.net/test-container-a0cd24c1-9110-ab02-3f4e-bcbc172eb6b4/test-blob-c0dea307-ad15-aef3-5dfe-8f7867ac0ec7",
      "RequestMethod": "PUT",
      "RequestHeaders": {
        "Accept": "application/xml",
        "Authorization": "Sanitized",
        "traceparent": "00-fe14d051b2773a42b56069b76f73e50c-a790d293729c6e40-00",
        "User-Agent": [
          "azsdk-net-Storage.Blobs/12.9.0-alpha.20210603.1",
          "(.NET Core 4.6.30015.01; Microsoft Windows 10.0.19042 )"
        ],
        "x-ms-blob-type": "AppendBlob",
        "x-ms-client-request-id": "f94e402b-8899-a638-a3a4-512ebad9dd0b",
        "x-ms-date": "Thu, 03 Jun 2021 16:17:57 GMT",
        "x-ms-return-client-request-id": "true",
        "x-ms-version": "2020-10-02"
      },
      "RequestBody": null,
      "StatusCode": 201,
      "ResponseHeaders": {
        "Content-Length": "0",
        "Date": "Thu, 03 Jun 2021 16:17:57 GMT",
        "ETag": "\"0x8D926AB26384AC9\"",
        "Last-Modified": "Thu, 03 Jun 2021 16:17:57 GMT",
        "Server": [
          "Windows-Azure-Blob/1.0",
          "Microsoft-HTTPAPI/2.0"
        ],
        "x-ms-client-request-id": "f94e402b-8899-a638-a3a4-512ebad9dd0b",
        "x-ms-request-id": "88a8b576-601e-004d-5e94-58824c000000",
        "x-ms-request-server-encrypted": "true",
        "x-ms-version": "2020-10-02",
        "x-ms-version-id": "2021-06-03T16:17:57.2122313Z"
      },
      "ResponseBody": []
    },
    {
      "RequestUri": "https://amandadev3.blob.core.windows.net/test-container-a0cd24c1-9110-ab02-3f4e-bcbc172eb6b4/test-blob-c0dea307-ad15-aef3-5dfe-8f7867ac0ec7?comp=metadata",
      "RequestMethod": "PUT",
      "RequestHeaders": {
        "Accept": "application/xml",
        "Authorization": "Sanitized",
        "traceparent": "00-2e22167a67127c4680af3decd7c6cd36-3d070b2fb47e1943-00",
        "User-Agent": [
          "azsdk-net-Storage.Blobs/12.9.0-alpha.20210603.1",
          "(.NET Core 4.6.30015.01; Microsoft Windows 10.0.19042 )"
        ],
        "x-ms-client-request-id": "274dfadc-145d-7d2e-36c1-dc37b559ce7f",
        "x-ms-date": "Thu, 03 Jun 2021 16:17:57 GMT",
        "x-ms-meta-Capital": "letter",
        "x-ms-meta-foo": "bar",
        "x-ms-meta-meta": "data",
        "x-ms-meta-UPPER": "case",
        "x-ms-return-client-request-id": "true",
        "x-ms-version": "2020-10-02"
      },
      "RequestBody": null,
      "StatusCode": 200,
      "ResponseHeaders": {
        "Content-Length": "0",
        "Date": "Thu, 03 Jun 2021 16:17:57 GMT",
        "ETag": "\"0x8D926AB264826FA\"",
        "Last-Modified": "Thu, 03 Jun 2021 16:17:57 GMT",
        "Server": [
          "Windows-Azure-Blob/1.0",
          "Microsoft-HTTPAPI/2.0"
        ],
        "x-ms-client-request-id": "274dfadc-145d-7d2e-36c1-dc37b559ce7f",
        "x-ms-request-id": "88a8b584-601e-004d-6694-58824c000000",
        "x-ms-request-server-encrypted": "true",
        "x-ms-version": "2020-10-02",
        "x-ms-version-id": "2021-06-03T16:17:57.3171722Z"
      },
      "ResponseBody": []
    },
    {
      "RequestUri": "https://amandadev3.blob.core.windows.net/test-container-a0cd24c1-9110-ab02-3f4e-bcbc172eb6b4/test-blob-c0dea307-ad15-aef3-5dfe-8f7867ac0ec7?versionid=2021-06-03T16:17:57.2122313Z",
      "RequestMethod": "HEAD",
      "RequestHeaders": {
        "Accept": "application/xml",
        "Authorization": "Sanitized",
        "User-Agent": [
          "azsdk-net-Storage.Blobs/12.9.0-alpha.20210603.1",
          "(.NET Core 4.6.30015.01; Microsoft Windows 10.0.19042 )"
        ],
        "x-ms-client-request-id": "c051e24e-b68b-83ad-c454-07520ed54ac1",
        "x-ms-date": "Thu, 03 Jun 2021 16:17:57 GMT",
        "x-ms-return-client-request-id": "true",
        "x-ms-version": "2020-10-02"
      },
      "RequestBody": null,
      "StatusCode": 200,
      "ResponseHeaders": {
        "Accept-Ranges": "bytes",
        "Content-Length": "0",
        "Content-Type": "application/octet-stream",
        "Date": "Thu, 03 Jun 2021 16:17:57 GMT",
        "ETag": "\"0x8D926AB26384AC9\"",
        "Last-Modified": "Thu, 03 Jun 2021 16:17:57 GMT",
        "Server": [
          "Windows-Azure-Blob/1.0",
          "Microsoft-HTTPAPI/2.0"
        ],
        "x-ms-blob-committed-block-count": "0",
        "x-ms-blob-type": "AppendBlob",
        "x-ms-client-request-id": "c051e24e-b68b-83ad-c454-07520ed54ac1",
        "x-ms-creation-time": "Thu, 03 Jun 2021 16:17:57 GMT",
        "x-ms-request-id": "88a8b589-601e-004d-6994-58824c000000",
        "x-ms-server-encrypted": "true",
        "x-ms-version": "2020-10-02",
        "x-ms-version-id": "2021-06-03T16:17:57.2122313Z"
      },
      "ResponseBody": []
    },
    {
      "RequestUri": "https://amandadev3.blob.core.windows.net/test-container-a0cd24c1-9110-ab02-3f4e-bcbc172eb6b4/test-blob-c0dea307-ad15-aef3-5dfe-8f7867ac0ec7",
      "RequestMethod": "HEAD",
      "RequestHeaders": {
        "Accept": "application/xml",
        "Authorization": "Sanitized",
        "traceparent": "00-b6008a7f6e3c024c9a6502e3b468b1cf-417141288f7cd14f-00",
        "User-Agent": [
          "azsdk-net-Storage.Blobs/12.9.0-alpha.20210603.1",
          "(.NET Core 4.6.30015.01; Microsoft Windows 10.0.19042 )"
        ],
        "x-ms-client-request-id": "d2e95c62-0e07-2df3-acb3-a1c6dc30315c",
        "x-ms-date": "Thu, 03 Jun 2021 16:17:57 GMT",
        "x-ms-return-client-request-id": "true",
        "x-ms-version": "2020-10-02"
      },
      "RequestBody": null,
      "StatusCode": 200,
      "ResponseHeaders": {
        "Accept-Ranges": "bytes",
        "Content-Length": "0",
        "Content-Type": "application/octet-stream",
        "Date": "Thu, 03 Jun 2021 16:17:57 GMT",
        "ETag": "\"0x8D926AB264826FA\"",
        "Last-Modified": "Thu, 03 Jun 2021 16:17:57 GMT",
        "Server": [
          "Windows-Azure-Blob/1.0",
          "Microsoft-HTTPAPI/2.0"
        ],
        "x-ms-blob-committed-block-count": "0",
        "x-ms-blob-type": "AppendBlob",
        "x-ms-client-request-id": "d2e95c62-0e07-2df3-acb3-a1c6dc30315c",
        "x-ms-creation-time": "Thu, 03 Jun 2021 16:17:57 GMT",
        "x-ms-is-current-version": "true",
        "x-ms-lease-state": "available",
        "x-ms-lease-status": "unlocked",
        "x-ms-meta-Capital": "letter",
        "x-ms-meta-foo": "bar",
        "x-ms-meta-meta": "data",
        "x-ms-meta-UPPER": "case",
        "x-ms-request-id": "88a8b58f-601e-004d-6f94-58824c000000",
        "x-ms-server-encrypted": "true",
        "x-ms-version": "2020-10-02",
        "x-ms-version-id": "2021-06-03T16:17:57.3171722Z"
      },
      "ResponseBody": []
    },
    {
      "RequestUri": "https://amandadev3.blob.core.windows.net/test-container-a0cd24c1-9110-ab02-3f4e-bcbc172eb6b4?restype=container",
      "RequestMethod": "DELETE",
      "RequestHeaders": {
        "Accept": "application/xml",
        "Authorization": "Sanitized",
        "traceparent": "00-2292bab8f411aa499a893e481844fa90-2cf38fe00a86b446-00",
        "User-Agent": [
          "azsdk-net-Storage.Blobs/12.9.0-alpha.20210603.1",
          "(.NET Core 4.6.30015.01; Microsoft Windows 10.0.19042 )"
        ],
        "x-ms-client-request-id": "b2efb5f8-78ec-78ba-f340-41384e8b1b47",
        "x-ms-date": "Thu, 03 Jun 2021 16:17:57 GMT",
        "x-ms-return-client-request-id": "true",
        "x-ms-version": "2020-10-02"
      },
      "RequestBody": null,
      "StatusCode": 202,
      "ResponseHeaders": {
        "Content-Length": "0",
        "Date": "Thu, 03 Jun 2021 16:17:57 GMT",
        "Server": [
          "Windows-Azure-Blob/1.0",
          "Microsoft-HTTPAPI/2.0"
        ],
        "x-ms-client-request-id": "b2efb5f8-78ec-78ba-f340-41384e8b1b47",
        "x-ms-request-id": "88a8b593-601e-004d-7294-58824c000000",
        "x-ms-version": "2020-10-02"
      },
      "ResponseBody": []
    }
  ],
  "Variables": {
    "RandomSeed": "197232030",
    "Storage_TestConfigDefault": "ProductionTenant\namandadev3\nU2FuaXRpemVk\nhttps://amandadev3.blob.core.windows.net\nhttps://amandadev3.file.core.windows.net\nhttps://amandadev3.queue.core.windows.net\nhttps://amandadev3.table.core.windows.net\n\n\n\n\nhttps://amandadev3-secondary.blob.core.windows.net\nhttps://amandadev3-secondary.file.core.windows.net\nhttps://amandadev3-secondary.queue.core.windows.net\nhttps://amandadev3-secondary.table.core.windows.net\n\nSanitized\n\n\nCloud\nBlobEndpoint=https://amandadev3.blob.core.windows.net/;QueueEndpoint=https://amandadev3.queue.core.windows.net/;FileEndpoint=https://amandadev3.file.core.windows.net/;BlobSecondaryEndpoint=https://amandadev3-secondary.blob.core.windows.net/;QueueSecondaryEndpoint=https://amandadev3-secondary.queue.core.windows.net/;FileSecondaryEndpoint=https://amandadev3-secondary.file.core.windows.net/;AccountName=amandadev3;AccountKey=Kg==;\ntestscope2\n\n"
  }
}