{
  "Entries": [
    {
      "RequestUri": "https://seanstagetest.blob.core.windows.net/test-container-8be9ebc9-74aa-ea32-a28d-98d2ef18eefc?restype=container",
      "RequestMethod": "PUT",
      "RequestHeaders": {
        "Authorization": "Sanitized",
        "traceparent": "00-6ec309b8d561eb4db4ee23debbdaadc2-aba58ebda93f3c40-00",
        "User-Agent": [
          "azsdk-net-Storage.Blobs/12.4.0-dev.20200305.1",
          "(.NET Core 4.6.28325.01; Microsoft Windows 10.0.18363 )"
        ],
        "x-ms-blob-public-access": "container",
        "x-ms-client-request-id": "198cfb3c-24e4-6446-cb84-330c6b3caca0",
        "x-ms-date": "Thu, 05 Mar 2020 21:05:13 GMT",
        "x-ms-return-client-request-id": "true",
        "x-ms-version": "2019-10-10"
      },
      "RequestBody": null,
      "StatusCode": 201,
      "ResponseHeaders": {
        "Content-Length": "0",
        "Date": "Thu, 05 Mar 2020 21:05:13 GMT",
        "ETag": "\u00220x8D7C148E611351A\u0022",
        "Last-Modified": "Thu, 05 Mar 2020 21:05:13 GMT",
        "Server": [
          "Windows-Azure-Blob/1.0",
          "Microsoft-HTTPAPI/2.0"
        ],
        "x-ms-client-request-id": "198cfb3c-24e4-6446-cb84-330c6b3caca0",
        "x-ms-request-id": "27a99cd5-e01e-000e-7331-f3bb8b000000",
        "x-ms-version": "2019-10-10"
      },
      "ResponseBody": []
    },
    {
      "RequestUri": "https://seanstagetest.blob.core.windows.net/test-container-8be9ebc9-74aa-ea32-a28d-98d2ef18eefc/test-blob-76899a63-0d3f-5433-0e8a-508f9f6ca241",
      "RequestMethod": "PUT",
      "RequestHeaders": {
        "Authorization": "Sanitized",
        "Content-Length": "0",
        "traceparent": "00-d7d0057e98b279458e9c689188c0e0e2-59f8ef023bfc8d46-00",
        "User-Agent": [
          "azsdk-net-Storage.Blobs/12.4.0-dev.20200305.1",
          "(.NET Core 4.6.28325.01; Microsoft Windows 10.0.18363 )"
        ],
        "x-ms-blob-type": "AppendBlob",
        "x-ms-client-request-id": "6a1f5197-f40a-4568-4565-2d53cabd65bd",
        "x-ms-date": "Thu, 05 Mar 2020 21:05:13 GMT",
        "x-ms-encryption-algorithm": "AES256",
        "x-ms-encryption-key": "rk\u002BV9IvUFzh0XZzpQc/z/m80Yq3YaAkvxzcKWdO3xV8=",
        "x-ms-encryption-key-sha256": "QjGbs/Lwf8Qn7U/P4Z5B/YYNtRGFQ1meudu8wwdOSTQ=",
        "x-ms-return-client-request-id": "true",
        "x-ms-version": "2019-10-10"
      },
      "RequestBody": null,
      "StatusCode": 201,
      "ResponseHeaders": {
        "Content-Length": "0",
        "Date": "Thu, 05 Mar 2020 21:05:13 GMT",
        "ETag": "\u00220x8D7C148E61E5EFF\u0022",
        "Last-Modified": "Thu, 05 Mar 2020 21:05:13 GMT",
        "Server": [
          "Windows-Azure-Blob/1.0",
          "Microsoft-HTTPAPI/2.0"
        ],
        "x-ms-client-request-id": "6a1f5197-f40a-4568-4565-2d53cabd65bd",
        "x-ms-encryption-key-sha256": "QjGbs/Lwf8Qn7U/P4Z5B/YYNtRGFQ1meudu8wwdOSTQ=",
        "x-ms-request-id": "27a99cd9-e01e-000e-7531-f3bb8b000000",
        "x-ms-request-server-encrypted": "true",
        "x-ms-version": "2019-10-10"
      },
      "ResponseBody": []
    },
    {
      "RequestUri": "https://seanstagetest.blob.core.windows.net/test-container-8be9ebc9-74aa-ea32-a28d-98d2ef18eefc/test-blob-76899a63-0d3f-5433-0e8a-508f9f6ca241",
      "RequestMethod": "HEAD",
      "RequestHeaders": {
        "Authorization": "Sanitized",
        "traceparent": "00-c70b7def5fb46049afda2183a26b9186-d22ce129b9d5f14d-00",
        "User-Agent": [
          "azsdk-net-Storage.Blobs/12.4.0-dev.20200305.1",
          "(.NET Core 4.6.28325.01; Microsoft Windows 10.0.18363 )"
        ],
        "x-ms-client-request-id": "81c2cb25-5a97-ed54-8a19-d6418ac0c4c5",
        "x-ms-date": "Thu, 05 Mar 2020 21:05:14 GMT",
        "x-ms-encryption-algorithm": "AES256",
        "x-ms-encryption-key": "rk\u002BV9IvUFzh0XZzpQc/z/m80Yq3YaAkvxzcKWdO3xV8=",
        "x-ms-encryption-key-sha256": "QjGbs/Lwf8Qn7U/P4Z5B/YYNtRGFQ1meudu8wwdOSTQ=",
        "x-ms-return-client-request-id": "true",
        "x-ms-version": "2019-10-10"
      },
      "RequestBody": null,
      "StatusCode": 200,
      "ResponseHeaders": {
        "Accept-Ranges": "bytes",
        "Content-Length": "0",
        "Content-Type": "application/octet-stream",
        "Date": "Thu, 05 Mar 2020 21:05:13 GMT",
        "ETag": "\u00220x8D7C148E61E5EFF\u0022",
        "Last-Modified": "Thu, 05 Mar 2020 21:05:13 GMT",
        "Server": [
          "Windows-Azure-Blob/1.0",
          "Microsoft-HTTPAPI/2.0"
        ],
        "Vary": "Origin",
        "x-ms-blob-committed-block-count": "0",
        "x-ms-blob-type": "AppendBlob",
        "x-ms-client-request-id": "81c2cb25-5a97-ed54-8a19-d6418ac0c4c5",
        "x-ms-creation-time": "Thu, 05 Mar 2020 21:05:13 GMT",
        "x-ms-encryption-key-sha256": "QjGbs/Lwf8Qn7U/P4Z5B/YYNtRGFQ1meudu8wwdOSTQ=",
        "x-ms-lease-state": "available",
        "x-ms-lease-status": "unlocked",
        "x-ms-request-id": "27a99cdd-e01e-000e-7931-f3bb8b000000",
        "x-ms-server-encrypted": "true",
        "x-ms-version": "2019-10-10"
      },
      "ResponseBody": []
    },
    {
      "RequestUri": "https://seanstagetest.blob.core.windows.net/test-container-8be9ebc9-74aa-ea32-a28d-98d2ef18eefc?restype=container",
      "RequestMethod": "DELETE",
      "RequestHeaders": {
        "Authorization": "Sanitized",
        "traceparent": "00-70d9286be3bbe84081f23bbbffcce7f1-920657e470278d4f-00",
        "User-Agent": [
          "azsdk-net-Storage.Blobs/12.4.0-dev.20200305.1",
          "(.NET Core 4.6.28325.01; Microsoft Windows 10.0.18363 )"
        ],
        "x-ms-client-request-id": "ff2eb0a6-e3fb-3d26-e819-c45700152c5f",
        "x-ms-date": "Thu, 05 Mar 2020 21:05:14 GMT",
        "x-ms-return-client-request-id": "true",
        "x-ms-version": "2019-10-10"
      },
      "RequestBody": null,
      "StatusCode": 202,
      "ResponseHeaders": {
        "Content-Length": "0",
        "Date": "Thu, 05 Mar 2020 21:05:13 GMT",
        "Server": [
          "Windows-Azure-Blob/1.0",
          "Microsoft-HTTPAPI/2.0"
        ],
        "x-ms-client-request-id": "ff2eb0a6-e3fb-3d26-e819-c45700152c5f",
        "x-ms-request-id": "27a99ce0-e01e-000e-7b31-f3bb8b000000",
        "x-ms-version": "2019-10-10"
      },
      "ResponseBody": []
    }
  ],
  "Variables": {
    "RandomSeed": "882883355",
    "Storage_TestConfigDefault": "ProductionTenant\nseanstagetest\nU2FuaXRpemVk\nhttps://seanstagetest.blob.core.windows.net\nhttp://seanstagetest.file.core.windows.net\nhttp://seanstagetest.queue.core.windows.net\nhttp://seanstagetest.table.core.windows.net\n\n\n\n\nhttp://seanstagetest-secondary.blob.core.windows.net\nhttp://seanstagetest-secondary.file.core.windows.net\nhttp://seanstagetest-secondary.queue.core.windows.net\nhttp://seanstagetest-secondary.table.core.windows.net\n\nSanitized\n\n\nCloud\nBlobEndpoint=https://seanstagetest.blob.core.windows.net/;QueueEndpoint=http://seanstagetest.queue.core.windows.net/;FileEndpoint=http://seanstagetest.file.core.windows.net/;BlobSecondaryEndpoint=http://seanstagetest-secondary.blob.core.windows.net/;QueueSecondaryEndpoint=http://seanstagetest-secondary.queue.core.windows.net/;FileSecondaryEndpoint=http://seanstagetest-secondary.file.core.windows.net/;AccountName=seanstagetest;AccountKey=Sanitized\nseanscope1"
  }
}