{
  "Entries": [
    {
      "RequestUri": "https://seanmcccanary3.blob.core.windows.net/test-container-41828b29-9ab3-f067-11ba-1da64895d967?restype=container",
      "RequestMethod": "PUT",
      "RequestHeaders": {
        "Authorization": "Sanitized",
        "traceparent": "00-8e10fb3c21590348af3ebb6866923734-bd5c44b5c05da542-00",
        "User-Agent": [
          "azsdk-net-Storage.Blobs/12.7.0-alpha.20201007.1",
          "(.NET Core 4.6.29220.03; Microsoft Windows 10.0.19042 )"
        ],
        "x-ms-blob-public-access": "container",
        "x-ms-client-request-id": "b0e1bc08-d756-02db-bedb-02d2ff6eff99",
        "x-ms-date": "Wed, 07 Oct 2020 19:40:02 GMT",
        "x-ms-return-client-request-id": "true",
        "x-ms-version": "2020-06-12"
      },
      "RequestBody": null,
      "StatusCode": 201,
      "ResponseHeaders": {
        "Content-Length": "0",
        "Date": "Wed, 07 Oct 2020 19:40:01 GMT",
        "ETag": "\u00220x8D86AF8C8DE34F0\u0022",
        "Last-Modified": "Wed, 07 Oct 2020 19:40:02 GMT",
        "Server": [
          "Windows-Azure-Blob/1.0",
          "Microsoft-HTTPAPI/2.0"
        ],
        "x-ms-client-request-id": "b0e1bc08-d756-02db-bedb-02d2ff6eff99",
        "x-ms-request-id": "ccb26985-d01e-0027-5fe1-9ccd06000000",
        "x-ms-version": "2020-06-12"
      },
      "ResponseBody": []
    },
    {
      "RequestUri": "https://seanmcccanary3.blob.core.windows.net/test-container-41828b29-9ab3-f067-11ba-1da64895d967/test-blob-b21c06a4-496d-7c86-85bf-71ae9a74b22a",
      "RequestMethod": "PUT",
      "RequestHeaders": {
        "Authorization": "Sanitized",
        "Content-Length": "1024",
        "traceparent": "00-835a2764fe4be344942615c62de04eab-5ed3bd8bb55e2f41-00",
        "User-Agent": [
          "azsdk-net-Storage.Blobs/12.7.0-alpha.20201007.1",
          "(.NET Core 4.6.29220.03; Microsoft Windows 10.0.19042 )"
        ],
        "x-ms-blob-type": "BlockBlob",
        "x-ms-client-request-id": "5c0bbe7f-be59-ced2-5c11-bcdcb0607550",
        "x-ms-date": "Wed, 07 Oct 2020 19:40:02 GMT",
        "x-ms-return-client-request-id": "true",
        "x-ms-version": "2020-06-12"
      },
      "RequestBody": "FPd8FuVqWy\u002B3vAyitsOX/0/SnYuzKRHnfH2Zu/cBxsYQSY9hllRmnmCx\u002BJnLOEv7QwKDLdFz5uvllJpn0KA4tfZGkW0zNmn6bP4rATB4HEMynXf1fZn0nGOkewK6/s6/eUKihKbdyA2ZiMDSSOS6bXdXNTIpQzhdUfUJjrpmQG0wa4ft1picVNVpW/TYIlR/6g6KYsmcljUKRDKx1DpSMkhTod1czJbeuuBcv\u002BdDhS\u002BgiqSs292klNRS4pFm6oCbFymshIF3Ih13rKjpP9dOx74DEUqWpVZqrw0ICukFeM9gwai\u002BlwCtKWeGNS81u1X9AxvTYtk1BXHTQdV0bhczcTPYiH0ukC\u002B9VefiD28mNfO3CgbNMhX1Krs26lUrObpPUsP8XDLXz3PrFQ3yU/UBrAvhvGQRZj8d417B96Xakhstkr2rKtnB4DuT4hwIA9bGNT1JSX1VPuyD3nnUFdfOEYLxxcE4VYIyINwpfYMjFN\u002BH\u002B8JnkEmd11PRJ0tg7MpjxNCaFj4Vjd\u002B7FyihLMFoYMqZTRkVZoE4U\u002B1tZy030jMRxbiziP6hcW3irHkh/KqSaMeBxp\u002BwTl1PYcJQqCaxg0T0j2cItdfL\u002BNurMroHF1dD2/5mtguTYHdbYyc7UMlHMSk0LGxCirPvtc7EBBujR0prDMwnSsw5YC/wrVKwkKcRZAGR0\u002BrqAFFLdwE9z1tbtxvd0EP8H\u002BZc\u002Bsw9Ut1hPiUmsqAaEXRfgAx729PL/JHTlfU2079jFUQbNNgerK506jncFhy7QKanfU83gUMTkf47ar3nKmtlw51b/9ybQNNdB/Ga7uZ0GFRPjlVwK5MAB6Pa40LwjMDNdlJ/X0HJDD172XlSeKIXxlFomJsV9ZcJWvc5wF2RbXswzHiT9LgThoIY9FIaro4Awhzxh/Mkt4C7dQRJj0vg6mz\u002BIawqhNGZVRIZ/QFF76xoOf1An\u002BWHDBT313\u002Bzyfc2NwnlG4zi1T5LVzLhC7l/doVY4VVOn0qHdhWXMqxS5Ywb4sX3X9QfhmO/9UezpgBad2H6W\u002Beh6Ji\u002BXaV3SqKR\u002BHKlxin0iBaxOFvxjqoC1NAUPbtLWImkefktOAEvqDvALvzVDeDXZu9KSCKMr1ntvInUYw3nRaDpAUwvxlAVgpAfMWCuLcbwPNbMAQ9mF8qgQHx4WkUu2Ohb7AyUqKCfNMaSbH75Po7C5CY2G0ORgumBj4XTnSdL8Vh3U0G6W5M2LMxJ1KtLpgHttXUe972kymkjEhkay5eeR3smgutNB4iS/\u002B53R64\u002BNeiE5ueyLPma0ojXl0l6HGE1q4wvJSQVoK3tjPfOLYK75dwwleWv6xuBi69idXA/GOONQZwhDhDEbkY6xZ8BzA==",
      "StatusCode": 201,
      "ResponseHeaders": {
        "Content-Length": "0",
        "Content-MD5": "mLPoru5KaZl/Tp9ho6XL/A==",
        "Date": "Wed, 07 Oct 2020 19:40:01 GMT",
        "ETag": "\u00220x8D86AF8C8E4D3B8\u0022",
        "Last-Modified": "Wed, 07 Oct 2020 19:40:02 GMT",
        "Server": [
          "Windows-Azure-Blob/1.0",
          "Microsoft-HTTPAPI/2.0"
        ],
        "x-ms-client-request-id": "5c0bbe7f-be59-ced2-5c11-bcdcb0607550",
        "x-ms-content-crc64": "S2H7x5Bp9iY=",
        "x-ms-request-id": "ccb2698e-d01e-0027-65e1-9ccd06000000",
        "x-ms-request-server-encrypted": "true",
        "x-ms-version": "2020-06-12"
      },
      "ResponseBody": []
    },
    {
      "RequestUri": "https://seanmcccanary3.blob.core.windows.net/test-container-41828b29-9ab3-f067-11ba-1da64895d967/test-blob-b21c06a4-496d-7c86-85bf-71ae9a74b22a",
      "RequestMethod": "HEAD",
      "RequestHeaders": {
        "Authorization": "Sanitized",
        "traceparent": "00-ce44d2c923a3c743b0a6c854905f3968-6a2d3058a378d44f-00",
        "User-Agent": [
          "azsdk-net-Storage.Blobs/12.7.0-alpha.20201007.1",
          "(.NET Core 4.6.29220.03; Microsoft Windows 10.0.19042 )"
        ],
        "x-ms-client-request-id": "db2ef598-5568-7fd1-dba6-b82f2f0ae976",
        "x-ms-date": "Wed, 07 Oct 2020 19:40:02 GMT",
        "x-ms-return-client-request-id": "true",
        "x-ms-version": "2020-06-12"
      },
      "RequestBody": null,
      "StatusCode": 200,
      "ResponseHeaders": {
        "Accept-Ranges": "bytes",
        "Content-Length": "1024",
        "Content-MD5": "mLPoru5KaZl/Tp9ho6XL/A==",
        "Content-Type": "application/octet-stream",
        "Date": "Wed, 07 Oct 2020 19:40:01 GMT",
        "ETag": "\u00220x8D86AF8C8E4D3B8\u0022",
        "Last-Modified": "Wed, 07 Oct 2020 19:40:02 GMT",
        "Server": [
          "Windows-Azure-Blob/1.0",
          "Microsoft-HTTPAPI/2.0"
        ],
        "x-ms-access-tier": "Hot",
        "x-ms-access-tier-inferred": "true",
        "x-ms-blob-type": "BlockBlob",
        "x-ms-client-request-id": "db2ef598-5568-7fd1-dba6-b82f2f0ae976",
        "x-ms-creation-time": "Wed, 07 Oct 2020 19:40:02 GMT",
        "x-ms-last-access-time": "Wed, 07 Oct 2020 19:40:02 GMT",
        "x-ms-lease-state": "available",
        "x-ms-lease-status": "unlocked",
        "x-ms-request-id": "ccb26997-d01e-0027-6ee1-9ccd06000000",
        "x-ms-server-encrypted": "true",
        "x-ms-version": "2020-06-12"
      },
      "ResponseBody": []
    },
    {
      "RequestUri": "https://seanmcccanary3.blob.core.windows.net/test-container-41828b29-9ab3-f067-11ba-1da64895d967/test-blob-b21c06a4-496d-7c86-85bf-71ae9a74b22a",
      "RequestMethod": "GET",
      "RequestHeaders": {
        "Authorization": "Sanitized",
        "User-Agent": [
          "azsdk-net-Storage.Blobs/12.7.0-alpha.20201007.1",
          "(.NET Core 4.6.29220.03; Microsoft Windows 10.0.19042 )"
        ],
        "x-ms-client-request-id": "ba43ad33-9a31-65e7-4a7d-3b85355c8815",
        "x-ms-date": "Wed, 07 Oct 2020 19:40:02 GMT",
        "x-ms-range": "bytes=0-127",
        "x-ms-return-client-request-id": "true",
        "x-ms-version": "2020-06-12"
      },
      "RequestBody": null,
      "StatusCode": 206,
      "ResponseHeaders": {
        "Accept-Ranges": "bytes",
        "Content-Length": "128",
        "Content-Range": "bytes 0-127/1024",
        "Content-Type": "application/octet-stream",
        "Date": "Wed, 07 Oct 2020 19:40:01 GMT",
        "ETag": "\u00220x8D86AF8C8E4D3B8\u0022",
        "Last-Modified": "Wed, 07 Oct 2020 19:40:02 GMT",
        "Server": [
          "Windows-Azure-Blob/1.0",
          "Microsoft-HTTPAPI/2.0"
        ],
        "x-ms-blob-content-md5": "mLPoru5KaZl/Tp9ho6XL/A==",
        "x-ms-blob-type": "BlockBlob",
        "x-ms-client-request-id": "ba43ad33-9a31-65e7-4a7d-3b85355c8815",
        "x-ms-creation-time": "Wed, 07 Oct 2020 19:40:02 GMT",
        "x-ms-last-access-time": "Wed, 07 Oct 2020 19:40:02 GMT",
        "x-ms-lease-state": "available",
        "x-ms-lease-status": "unlocked",
        "x-ms-request-id": "ccb269a3-d01e-0027-76e1-9ccd06000000",
        "x-ms-server-encrypted": "true",
        "x-ms-version": "2020-06-12"
      },
      "ResponseBody": "FPd8FuVqWy\u002B3vAyitsOX/0/SnYuzKRHnfH2Zu/cBxsYQSY9hllRmnmCx\u002BJnLOEv7QwKDLdFz5uvllJpn0KA4tfZGkW0zNmn6bP4rATB4HEMynXf1fZn0nGOkewK6/s6/eUKihKbdyA2ZiMDSSOS6bXdXNTIpQzhdUfUJjrpmQG0="
    },
    {
      "RequestUri": "https://seanmcccanary3.blob.core.windows.net/test-container-41828b29-9ab3-f067-11ba-1da64895d967/test-blob-b21c06a4-496d-7c86-85bf-71ae9a74b22a",
      "RequestMethod": "GET",
      "RequestHeaders": {
        "Authorization": "Sanitized",
        "If-Match": "0x8D86AF8C8E4D3B8",
        "User-Agent": [
          "azsdk-net-Storage.Blobs/12.7.0-alpha.20201007.1",
          "(.NET Core 4.6.29220.03; Microsoft Windows 10.0.19042 )"
        ],
        "x-ms-client-request-id": "81fbbbb5-2fc6-bb44-3305-39fad3ca5dd5",
        "x-ms-date": "Wed, 07 Oct 2020 19:40:02 GMT",
        "x-ms-range": "bytes=128-255",
        "x-ms-return-client-request-id": "true",
        "x-ms-version": "2020-06-12"
      },
      "RequestBody": null,
      "StatusCode": 206,
      "ResponseHeaders": {
        "Accept-Ranges": "bytes",
        "Content-Length": "128",
        "Content-Range": "bytes 128-255/1024",
        "Content-Type": "application/octet-stream",
        "Date": "Wed, 07 Oct 2020 19:40:02 GMT",
        "ETag": "\u00220x8D86AF8C8E4D3B8\u0022",
        "Last-Modified": "Wed, 07 Oct 2020 19:40:02 GMT",
        "Server": [
          "Windows-Azure-Blob/1.0",
          "Microsoft-HTTPAPI/2.0"
        ],
        "x-ms-blob-content-md5": "mLPoru5KaZl/Tp9ho6XL/A==",
        "x-ms-blob-type": "BlockBlob",
        "x-ms-client-request-id": "81fbbbb5-2fc6-bb44-3305-39fad3ca5dd5",
        "x-ms-creation-time": "Wed, 07 Oct 2020 19:40:02 GMT",
        "x-ms-last-access-time": "Wed, 07 Oct 2020 19:40:02 GMT",
        "x-ms-lease-state": "available",
        "x-ms-lease-status": "unlocked",
        "x-ms-request-id": "ccb269b0-d01e-0027-80e1-9ccd06000000",
        "x-ms-server-encrypted": "true",
        "x-ms-version": "2020-06-12"
      },
      "ResponseBody": "MGuH7daYnFTVaVv02CJUf\u002BoOimLJnJY1CkQysdQ6UjJIU6HdXMyW3rrgXL/nQ4UvoIqkrNvdpJTUUuKRZuqAmxcprISBdyIdd6yo6T/XTse\u002BAxFKlqVWaq8NCArpBXjPYMGovpcArSlnhjUvNbtV/QMb02LZNQVx00HVdG4XM3E="
    },
    {
      "RequestUri": "https://seanmcccanary3.blob.core.windows.net/test-container-41828b29-9ab3-f067-11ba-1da64895d967/test-blob-b21c06a4-496d-7c86-85bf-71ae9a74b22a",
      "RequestMethod": "GET",
      "RequestHeaders": {
        "Authorization": "Sanitized",
        "If-Match": "0x8D86AF8C8E4D3B8",
        "User-Agent": [
          "azsdk-net-Storage.Blobs/12.7.0-alpha.20201007.1",
          "(.NET Core 4.6.29220.03; Microsoft Windows 10.0.19042 )"
        ],
        "x-ms-client-request-id": "79cf91e1-0761-694e-208f-8eef209bb6db",
        "x-ms-date": "Wed, 07 Oct 2020 19:40:02 GMT",
        "x-ms-range": "bytes=256-383",
        "x-ms-return-client-request-id": "true",
        "x-ms-version": "2020-06-12"
      },
      "RequestBody": null,
      "StatusCode": 206,
      "ResponseHeaders": {
        "Accept-Ranges": "bytes",
        "Content-Length": "128",
        "Content-Range": "bytes 256-383/1024",
        "Content-Type": "application/octet-stream",
        "Date": "Wed, 07 Oct 2020 19:40:02 GMT",
        "ETag": "\u00220x8D86AF8C8E4D3B8\u0022",
        "Last-Modified": "Wed, 07 Oct 2020 19:40:02 GMT",
        "Server": [
          "Windows-Azure-Blob/1.0",
          "Microsoft-HTTPAPI/2.0"
        ],
        "x-ms-blob-content-md5": "mLPoru5KaZl/Tp9ho6XL/A==",
        "x-ms-blob-type": "BlockBlob",
        "x-ms-client-request-id": "79cf91e1-0761-694e-208f-8eef209bb6db",
        "x-ms-creation-time": "Wed, 07 Oct 2020 19:40:02 GMT",
        "x-ms-last-access-time": "Wed, 07 Oct 2020 19:40:02 GMT",
        "x-ms-lease-state": "available",
        "x-ms-lease-status": "unlocked",
        "x-ms-request-id": "ccb269b3-d01e-0027-02e1-9ccd06000000",
        "x-ms-server-encrypted": "true",
        "x-ms-version": "2020-06-12"
      },
      "ResponseBody": "M9iIfS6QL71V5\u002BIPbyY187cKBs0yFfUquzbqVSs5uk9Sw/xcMtfPc\u002BsVDfJT9QGsC\u002BG8ZBFmPx3jXsH3pdqSGy2Svasq2cHgO5PiHAgD1sY1PUlJfVU\u002B7IPeedQV184RgvHFwThVgjIg3Cl9gyMU34f7wmeQSZ3XU9EnS2DsymM="
    },
    {
      "RequestUri": "https://seanmcccanary3.blob.core.windows.net/test-container-41828b29-9ab3-f067-11ba-1da64895d967/test-blob-b21c06a4-496d-7c86-85bf-71ae9a74b22a",
      "RequestMethod": "GET",
      "RequestHeaders": {
        "Authorization": "Sanitized",
        "If-Match": "0x8D86AF8C8E4D3B8",
        "User-Agent": [
          "azsdk-net-Storage.Blobs/12.7.0-alpha.20201007.1",
          "(.NET Core 4.6.29220.03; Microsoft Windows 10.0.19042 )"
        ],
        "x-ms-client-request-id": "4219e9b7-e4fa-c374-d9d6-5c569f17b97b",
        "x-ms-date": "Wed, 07 Oct 2020 19:40:02 GMT",
        "x-ms-range": "bytes=384-511",
        "x-ms-return-client-request-id": "true",
        "x-ms-version": "2020-06-12"
      },
      "RequestBody": null,
      "StatusCode": 206,
      "ResponseHeaders": {
        "Accept-Ranges": "bytes",
        "Content-Length": "128",
        "Content-Range": "bytes 384-511/1024",
        "Content-Type": "application/octet-stream",
        "Date": "Wed, 07 Oct 2020 19:40:02 GMT",
        "ETag": "\u00220x8D86AF8C8E4D3B8\u0022",
        "Last-Modified": "Wed, 07 Oct 2020 19:40:02 GMT",
        "Server": [
          "Windows-Azure-Blob/1.0",
          "Microsoft-HTTPAPI/2.0"
        ],
        "x-ms-blob-content-md5": "mLPoru5KaZl/Tp9ho6XL/A==",
        "x-ms-blob-type": "BlockBlob",
        "x-ms-client-request-id": "4219e9b7-e4fa-c374-d9d6-5c569f17b97b",
        "x-ms-creation-time": "Wed, 07 Oct 2020 19:40:02 GMT",
        "x-ms-last-access-time": "Wed, 07 Oct 2020 19:40:02 GMT",
        "x-ms-lease-state": "available",
        "x-ms-lease-status": "unlocked",
        "x-ms-request-id": "ccb269b9-d01e-0027-07e1-9ccd06000000",
        "x-ms-server-encrypted": "true",
        "x-ms-version": "2020-06-12"
      },
      "ResponseBody": "xNCaFj4Vjd\u002B7FyihLMFoYMqZTRkVZoE4U\u002B1tZy030jMRxbiziP6hcW3irHkh/KqSaMeBxp\u002BwTl1PYcJQqCaxg0T0j2cItdfL\u002BNurMroHF1dD2/5mtguTYHdbYyc7UMlHMSk0LGxCirPvtc7EBBujR0prDMwnSsw5YC/wrVKwkKc="
    },
    {
      "RequestUri": "https://seanmcccanary3.blob.core.windows.net/test-container-41828b29-9ab3-f067-11ba-1da64895d967/test-blob-b21c06a4-496d-7c86-85bf-71ae9a74b22a",
      "RequestMethod": "GET",
      "RequestHeaders": {
        "Authorization": "Sanitized",
        "If-Match": "0x8D86AF8C8E4D3B8",
        "User-Agent": [
          "azsdk-net-Storage.Blobs/12.7.0-alpha.20201007.1",
          "(.NET Core 4.6.29220.03; Microsoft Windows 10.0.19042 )"
        ],
        "x-ms-client-request-id": "37382dc4-7481-5ae0-5e88-16e4c36ee79c",
        "x-ms-date": "Wed, 07 Oct 2020 19:40:02 GMT",
        "x-ms-range": "bytes=512-639",
        "x-ms-return-client-request-id": "true",
        "x-ms-version": "2020-06-12"
      },
      "RequestBody": null,
      "StatusCode": 206,
      "ResponseHeaders": {
        "Accept-Ranges": "bytes",
        "Content-Length": "128",
        "Content-Range": "bytes 512-639/1024",
        "Content-Type": "application/octet-stream",
        "Date": "Wed, 07 Oct 2020 19:40:02 GMT",
        "ETag": "\u00220x8D86AF8C8E4D3B8\u0022",
        "Last-Modified": "Wed, 07 Oct 2020 19:40:02 GMT",
        "Server": [
          "Windows-Azure-Blob/1.0",
          "Microsoft-HTTPAPI/2.0"
        ],
        "x-ms-blob-content-md5": "mLPoru5KaZl/Tp9ho6XL/A==",
        "x-ms-blob-type": "BlockBlob",
        "x-ms-client-request-id": "37382dc4-7481-5ae0-5e88-16e4c36ee79c",
        "x-ms-creation-time": "Wed, 07 Oct 2020 19:40:02 GMT",
        "x-ms-last-access-time": "Wed, 07 Oct 2020 19:40:02 GMT",
        "x-ms-lease-state": "available",
        "x-ms-lease-status": "unlocked",
        "x-ms-request-id": "ccb269be-d01e-0027-0be1-9ccd06000000",
        "x-ms-server-encrypted": "true",
        "x-ms-version": "2020-06-12"
      },
      "ResponseBody": "EWQBkdPq6gBRS3cBPc9bW7cb3dBD/B/mXPrMPVLdYT4lJrKgGhF0X4AMe9vTy/yR05X1NtO/YxVEGzTYHqyudOo53BYcu0Cmp31PN4FDE5H\u002BO2q95yprZcOdW//cm0DTXQfxmu7mdBhUT45VcCuTAAej2uNC8IzAzXZSf19ByQw="
    },
    {
      "RequestUri": "https://seanmcccanary3.blob.core.windows.net/test-container-41828b29-9ab3-f067-11ba-1da64895d967/test-blob-b21c06a4-496d-7c86-85bf-71ae9a74b22a",
      "RequestMethod": "GET",
      "RequestHeaders": {
        "Authorization": "Sanitized",
        "If-Match": "0x8D86AF8C8E4D3B8",
        "User-Agent": [
          "azsdk-net-Storage.Blobs/12.7.0-alpha.20201007.1",
          "(.NET Core 4.6.29220.03; Microsoft Windows 10.0.19042 )"
        ],
        "x-ms-client-request-id": "7292e987-82df-8ffa-58fd-befe46b0fe5d",
        "x-ms-date": "Wed, 07 Oct 2020 19:40:02 GMT",
        "x-ms-range": "bytes=640-767",
        "x-ms-return-client-request-id": "true",
        "x-ms-version": "2020-06-12"
      },
      "RequestBody": null,
      "StatusCode": 206,
      "ResponseHeaders": {
        "Accept-Ranges": "bytes",
        "Content-Length": "128",
        "Content-Range": "bytes 640-767/1024",
        "Content-Type": "application/octet-stream",
        "Date": "Wed, 07 Oct 2020 19:40:02 GMT",
        "ETag": "\u00220x8D86AF8C8E4D3B8\u0022",
        "Last-Modified": "Wed, 07 Oct 2020 19:40:02 GMT",
        "Server": [
          "Windows-Azure-Blob/1.0",
          "Microsoft-HTTPAPI/2.0"
        ],
        "x-ms-blob-content-md5": "mLPoru5KaZl/Tp9ho6XL/A==",
        "x-ms-blob-type": "BlockBlob",
        "x-ms-client-request-id": "7292e987-82df-8ffa-58fd-befe46b0fe5d",
        "x-ms-creation-time": "Wed, 07 Oct 2020 19:40:02 GMT",
        "x-ms-last-access-time": "Wed, 07 Oct 2020 19:40:02 GMT",
        "x-ms-lease-state": "available",
        "x-ms-lease-status": "unlocked",
        "x-ms-request-id": "ccb269c5-d01e-0027-0fe1-9ccd06000000",
        "x-ms-server-encrypted": "true",
        "x-ms-version": "2020-06-12"
      },
      "ResponseBody": "PXvZeVJ4ohfGUWiYmxX1lwla9znAXZFtezDMeJP0uBOGghj0UhqujgDCHPGH8yS3gLt1BEmPS\u002BDqbP4hrCqE0ZlVEhn9AUXvrGg5/UCf5YcMFPfXf7PJ9zY3CeUbjOLVPktXMuELuX92hVjhVU6fSod2FZcyrFLljBvixfdf1B8="
    },
    {
      "RequestUri": "https://seanmcccanary3.blob.core.windows.net/test-container-41828b29-9ab3-f067-11ba-1da64895d967/test-blob-b21c06a4-496d-7c86-85bf-71ae9a74b22a",
      "RequestMethod": "GET",
      "RequestHeaders": {
        "Authorization": "Sanitized",
        "If-Match": "0x8D86AF8C8E4D3B8",
        "User-Agent": [
          "azsdk-net-Storage.Blobs/12.7.0-alpha.20201007.1",
          "(.NET Core 4.6.29220.03; Microsoft Windows 10.0.19042 )"
        ],
        "x-ms-client-request-id": "da5d7e61-74dc-e5bd-f57a-8859eedc14a2",
        "x-ms-date": "Wed, 07 Oct 2020 19:40:02 GMT",
        "x-ms-range": "bytes=768-895",
        "x-ms-return-client-request-id": "true",
        "x-ms-version": "2020-06-12"
      },
      "RequestBody": null,
      "StatusCode": 206,
      "ResponseHeaders": {
        "Accept-Ranges": "bytes",
        "Content-Length": "128",
        "Content-Range": "bytes 768-895/1024",
        "Content-Type": "application/octet-stream",
        "Date": "Wed, 07 Oct 2020 19:40:02 GMT",
        "ETag": "\u00220x8D86AF8C8E4D3B8\u0022",
        "Last-Modified": "Wed, 07 Oct 2020 19:40:02 GMT",
        "Server": [
          "Windows-Azure-Blob/1.0",
          "Microsoft-HTTPAPI/2.0"
        ],
        "x-ms-blob-content-md5": "mLPoru5KaZl/Tp9ho6XL/A==",
        "x-ms-blob-type": "BlockBlob",
        "x-ms-client-request-id": "da5d7e61-74dc-e5bd-f57a-8859eedc14a2",
        "x-ms-creation-time": "Wed, 07 Oct 2020 19:40:02 GMT",
        "x-ms-last-access-time": "Wed, 07 Oct 2020 19:40:02 GMT",
        "x-ms-lease-state": "available",
        "x-ms-lease-status": "unlocked",
        "x-ms-request-id": "ccb269d7-d01e-0027-1ae1-9ccd06000000",
        "x-ms-server-encrypted": "true",
        "x-ms-version": "2020-06-12"
      },
      "ResponseBody": "hmO/9UezpgBad2H6W\u002Beh6Ji\u002BXaV3SqKR\u002BHKlxin0iBaxOFvxjqoC1NAUPbtLWImkefktOAEvqDvALvzVDeDXZu9KSCKMr1ntvInUYw3nRaDpAUwvxlAVgpAfMWCuLcbwPNbMAQ9mF8qgQHx4WkUu2Ohb7AyUqKCfNMaSbH75Po4="
    },
    {
      "RequestUri": "https://seanmcccanary3.blob.core.windows.net/test-container-41828b29-9ab3-f067-11ba-1da64895d967/test-blob-b21c06a4-496d-7c86-85bf-71ae9a74b22a",
      "RequestMethod": "GET",
      "RequestHeaders": {
        "Authorization": "Sanitized",
        "If-Match": "0x8D86AF8C8E4D3B8",
        "User-Agent": [
          "azsdk-net-Storage.Blobs/12.7.0-alpha.20201007.1",
          "(.NET Core 4.6.29220.03; Microsoft Windows 10.0.19042 )"
        ],
        "x-ms-client-request-id": "c79c94c1-2353-ec81-6bf2-b8bde5c22875",
        "x-ms-date": "Wed, 07 Oct 2020 19:40:02 GMT",
        "x-ms-range": "bytes=896-1023",
        "x-ms-return-client-request-id": "true",
        "x-ms-version": "2020-06-12"
      },
      "RequestBody": null,
      "StatusCode": 206,
      "ResponseHeaders": {
        "Accept-Ranges": "bytes",
        "Content-Length": "128",
        "Content-Range": "bytes 896-1023/1024",
        "Content-Type": "application/octet-stream",
        "Date": "Wed, 07 Oct 2020 19:40:02 GMT",
        "ETag": "\u00220x8D86AF8C8E4D3B8\u0022",
        "Last-Modified": "Wed, 07 Oct 2020 19:40:02 GMT",
        "Server": [
          "Windows-Azure-Blob/1.0",
          "Microsoft-HTTPAPI/2.0"
        ],
        "x-ms-blob-content-md5": "mLPoru5KaZl/Tp9ho6XL/A==",
        "x-ms-blob-type": "BlockBlob",
        "x-ms-client-request-id": "c79c94c1-2353-ec81-6bf2-b8bde5c22875",
        "x-ms-creation-time": "Wed, 07 Oct 2020 19:40:02 GMT",
        "x-ms-last-access-time": "Wed, 07 Oct 2020 19:40:02 GMT",
        "x-ms-lease-state": "available",
        "x-ms-lease-status": "unlocked",
        "x-ms-request-id": "ccb269db-d01e-0027-1ee1-9ccd06000000",
        "x-ms-server-encrypted": "true",
        "x-ms-version": "2020-06-12"
      },
      "ResponseBody": "wuQmNhtDkYLpgY\u002BF050nS/FYd1NBuluTNizMSdSrS6YB7bV1Hve9pMppIxIZGsuXnkd7JoLrTQeIkv/ud0euPjXohObnsiz5mtKI15dJehxhNauMLyUkFaCt7Yz3zi2Cu\u002BXcMJXlr\u002BsbgYuvYnVwPxjjjUGcIQ4QxG5GOsWfAcw="
    },
    {
      "RequestUri": "https://seanmcccanary3.blob.core.windows.net/test-container-41828b29-9ab3-f067-11ba-1da64895d967?restype=container",
      "RequestMethod": "DELETE",
      "RequestHeaders": {
        "Authorization": "Sanitized",
        "traceparent": "00-d2cdba505fe8fe4eae4aec42b82ba99e-78b1e84d18f0e844-00",
        "User-Agent": [
          "azsdk-net-Storage.Blobs/12.7.0-alpha.20201007.1",
          "(.NET Core 4.6.29220.03; Microsoft Windows 10.0.19042 )"
        ],
        "x-ms-client-request-id": "5a985ee9-4d40-354f-9664-8b69c1a2330b",
        "x-ms-date": "Wed, 07 Oct 2020 19:40:02 GMT",
        "x-ms-return-client-request-id": "true",
        "x-ms-version": "2020-06-12"
      },
      "RequestBody": null,
      "StatusCode": 202,
      "ResponseHeaders": {
        "Content-Length": "0",
        "Date": "Wed, 07 Oct 2020 19:40:02 GMT",
        "Server": [
          "Windows-Azure-Blob/1.0",
          "Microsoft-HTTPAPI/2.0"
        ],
        "x-ms-client-request-id": "5a985ee9-4d40-354f-9664-8b69c1a2330b",
        "x-ms-request-id": "ccb269dd-d01e-0027-20e1-9ccd06000000",
        "x-ms-version": "2020-06-12"
      },
      "ResponseBody": []
    }
  ],
  "Variables": {
    "RandomSeed": "540532036",
    "Storage_TestConfigDefault": "ProductionTenant\nseanmcccanary3\nU2FuaXRpemVk\nhttps://seanmcccanary3.blob.core.windows.net\nhttps://seanmcccanary3.file.core.windows.net\nhttps://seanmcccanary3.queue.core.windows.net\nhttps://seanmcccanary3.table.core.windows.net\n\n\n\n\nhttps://seanmcccanary3-secondary.blob.core.windows.net\nhttps://seanmcccanary3-secondary.file.core.windows.net\nhttps://seanmcccanary3-secondary.queue.core.windows.net\nhttps://seanmcccanary3-secondary.table.core.windows.net\n\nSanitized\n\n\nCloud\nBlobEndpoint=https://seanmcccanary3.blob.core.windows.net/;QueueEndpoint=https://seanmcccanary3.queue.core.windows.net/;FileEndpoint=https://seanmcccanary3.file.core.windows.net/;BlobSecondaryEndpoint=https://seanmcccanary3-secondary.blob.core.windows.net/;QueueSecondaryEndpoint=https://seanmcccanary3-secondary.queue.core.windows.net/;FileSecondaryEndpoint=https://seanmcccanary3-secondary.file.core.windows.net/;AccountName=seanmcccanary3;AccountKey=Kg==;\nseanscope1"
  }
}