{
  "Entries": [
    {
      "RequestUri": "https://seanmcccanary3.blob.core.windows.net/test-container-76d0fc4d-9c96-804f-bd36-ff02b30df707?restype=container",
      "RequestMethod": "PUT",
      "RequestHeaders": {
        "Accept": "application/xml",
        "Authorization": "Sanitized",
        "traceparent": "00-93e1a2e283e7a249a9de7a8572f6290b-275c4968201aba41-00",
        "User-Agent": [
          "azsdk-net-Storage.Blobs/12.9.0-alpha.20210217.1",
          "(.NET 5.0.3; Microsoft Windows 10.0.19042)"
        ],
        "x-ms-blob-public-access": "container",
        "x-ms-client-request-id": "40215bdd-66eb-5a51-5bbe-a4ce52b6b583",
        "x-ms-date": "Wed, 17 Feb 2021 18:52:25 GMT",
        "x-ms-return-client-request-id": "true",
        "x-ms-version": "2021-04-10"
      },
      "RequestBody": null,
      "StatusCode": 201,
      "ResponseHeaders": {
        "Content-Length": "0",
        "Date": "Wed, 17 Feb 2021 18:52:25 GMT",
        "ETag": "\"0x8D8D3752B0B9ECD\"",
        "Last-Modified": "Wed, 17 Feb 2021 18:52:25 GMT",
        "Server": [
          "Windows-Azure-Blob/1.0",
          "Microsoft-HTTPAPI/2.0"
        ],
        "x-ms-client-request-id": "40215bdd-66eb-5a51-5bbe-a4ce52b6b583",
        "x-ms-request-id": "6b1c8511-401e-0035-375e-05b6d6000000",
        "x-ms-version": "2021-04-10"
      },
      "ResponseBody": []
    },
    {
      "RequestUri": "https://seanmcccanary3.blob.core.windows.net/test-container-76d0fc4d-9c96-804f-bd36-ff02b30df707/test-blob-3ab7c1b3-6234-746c-537d-c2a64cbf4ba5?comp=metadata",
      "RequestMethod": "PUT",
      "RequestHeaders": {
        "Accept": "application/xml",
        "Authorization": "Sanitized",
        "traceparent": "00-cca311773ac5a8479ad9c5f0e1a71840-834822437505674e-00",
        "User-Agent": [
          "azsdk-net-Storage.Blobs/12.9.0-alpha.20210217.1",
          "(.NET 5.0.3; Microsoft Windows 10.0.19042)"
        ],
        "x-ms-client-request-id": "73dccd39-9a60-7af9-efac-ed6ea3aa0d9b",
        "x-ms-date": "Wed, 17 Feb 2021 18:52:25 GMT",
        "x-ms-meta-Capital": "letter",
        "x-ms-meta-foo": "bar",
        "x-ms-meta-meta": "data",
        "x-ms-meta-UPPER": "case",
        "x-ms-return-client-request-id": "true",
        "x-ms-version": "2021-04-10"
      },
      "RequestBody": null,
      "StatusCode": 404,
      "ResponseHeaders": {
        "Content-Length": "215",
        "Content-Type": "application/xml",
        "Date": "Wed, 17 Feb 2021 18:52:25 GMT",
        "Server": [
          "Windows-Azure-Blob/1.0",
          "Microsoft-HTTPAPI/2.0"
        ],
        "x-ms-client-request-id": "73dccd39-9a60-7af9-efac-ed6ea3aa0d9b",
        "x-ms-error-code": "BlobNotFound",
        "x-ms-request-id": "6b1c851a-401e-0035-3d5e-05b6d6000000",
        "x-ms-version": "2021-04-10"
      },
      "ResponseBody": [
        "﻿<?xml version=\"1.0\" encoding=\"utf-8\"?><Error><Code>BlobNotFound</Code><Message>The specified blob does not exist.\n",
        "RequestId:6b1c851a-401e-0035-3d5e-05b6d6000000\n",
        "Time:2021-02-17T18:52:26.0321794Z</Message></Error>"
      ]
    },
    {
      "RequestUri": "https://seanmcccanary3.blob.core.windows.net/test-container-76d0fc4d-9c96-804f-bd36-ff02b30df707?restype=container",
      "RequestMethod": "DELETE",
      "RequestHeaders": {
        "Accept": "application/xml",
        "Authorization": "Sanitized",
        "traceparent": "00-f01aa3f022b9a64997783b63e4c3612b-700816b7cac8844c-00",
        "User-Agent": [
          "azsdk-net-Storage.Blobs/12.9.0-alpha.20210217.1",
          "(.NET 5.0.3; Microsoft Windows 10.0.19042)"
        ],
        "x-ms-client-request-id": "7f6cc57c-d8e2-c645-d6aa-683fcaad04b6",
        "x-ms-date": "Wed, 17 Feb 2021 18:52:26 GMT",
        "x-ms-return-client-request-id": "true",
        "x-ms-version": "2021-04-10"
      },
      "RequestBody": null,
      "StatusCode": 202,
      "ResponseHeaders": {
        "Content-Length": "0",
        "Date": "Wed, 17 Feb 2021 18:52:25 GMT",
        "Server": [
          "Windows-Azure-Blob/1.0",
          "Microsoft-HTTPAPI/2.0"
        ],
        "x-ms-client-request-id": "7f6cc57c-d8e2-c645-d6aa-683fcaad04b6",
        "x-ms-request-id": "6b1c8527-401e-0035-475e-05b6d6000000",
        "x-ms-version": "2021-04-10"
      },
      "ResponseBody": []
    }
  ],
  "Variables": {
    "RandomSeed": "458507655",
    "Storage_TestConfigDefault": "ProductionTenant\nseanmcccanary3\nU2FuaXRpemVk\nhttps://seanmcccanary3.blob.core.windows.net\nhttps://seanmcccanary3.file.core.windows.net\nhttps://seanmcccanary3.queue.core.windows.net\nhttps://seanmcccanary3.table.core.windows.net\n\n\n\n\nhttps://seanmcccanary3-secondary.blob.core.windows.net\nhttps://seanmcccanary3-secondary.file.core.windows.net\nhttps://seanmcccanary3-secondary.queue.core.windows.net\nhttps://seanmcccanary3-secondary.table.core.windows.net\n\nSanitized\n\n\nCloud\nBlobEndpoint=https://seanmcccanary3.blob.core.windows.net/;QueueEndpoint=https://seanmcccanary3.queue.core.windows.net/;FileEndpoint=https://seanmcccanary3.file.core.windows.net/;BlobSecondaryEndpoint=https://seanmcccanary3-secondary.blob.core.windows.net/;QueueSecondaryEndpoint=https://seanmcccanary3-secondary.queue.core.windows.net/;FileSecondaryEndpoint=https://seanmcccanary3-secondary.file.core.windows.net/;AccountName=seanmcccanary3;AccountKey=Kg==;\nseanscope1\n\n"
  }
}