{
  "Entries": [
    {
      "RequestUri": "http:\u002f\u002fgapradev.blob.core.windows.net\u002ftest-container-b3a491da-37fd-c265-a95d-04d73db3461f?restype=container",
      "RequestMethod": "PUT",
      "RequestHeaders": {
        "Authorization": "Sanitized",
        "Request-Id": "|57b58cc1-49d19a402383997b.",
        "User-Agent": [
          "azsdk-net-Storage.Blobs\u002f12.0.0-dev.20190912.1\u002b9a86ae3367dccb76004b59b244c982904496250d",
          "(.NET Core 4.6.27817.01; Microsoft Windows 10.0.18362 )"
        ],
        "x-ms-blob-public-access": "container",
        "x-ms-client-request-id": "c301061f-b0ae-a198-1376-62e4a39d3911",
        "x-ms-date": "Thu, 12 Sep 2019 23:54:37 GMT",
        "x-ms-return-client-request-id": "true",
        "x-ms-version": "2019-02-02"
      },
      "RequestBody": null,
      "StatusCode": 201,
      "ResponseHeaders": {
        "Content-Length": "0",
        "Date": "Thu, 12 Sep 2019 23:54:37 GMT",
        "ETag": "\u00220x8D737DC921C57DC\u0022",
        "Last-Modified": "Thu, 12 Sep 2019 23:54:37 GMT",
        "Server": [
          "Windows-Azure-Blob\u002f1.0",
          "Microsoft-HTTPAPI\u002f2.0"
        ],
        "x-ms-client-request-id": "c301061f-b0ae-a198-1376-62e4a39d3911",
        "x-ms-request-id": "4cdff1e4-c01e-0044-5cc5-691804000000",
        "x-ms-version": "2019-02-02"
      },
      "ResponseBody": []
    },
    {
      "RequestUri": "http:\u002f\u002fgapradev.blob.core.windows.net\u002ftest-container-b3a491da-37fd-c265-a95d-04d73db3461f\u002ftest-blob-36b88eb1-83b2-4070-b6e2-6743dec36d9a",
      "RequestMethod": "PUT",
      "RequestHeaders": {
        "Authorization": "Sanitized",
        "Request-Id": "|57b58cc2-49d19a402383997b.",
        "User-Agent": [
          "azsdk-net-Storage.Blobs\u002f12.0.0-dev.20190912.1\u002b9a86ae3367dccb76004b59b244c982904496250d",
          "(.NET Core 4.6.27817.01; Microsoft Windows 10.0.18362 )"
        ],
        "x-ms-client-request-id": "1532cb63-03e5-635f-e20e-8a4cc8b6ba26",
        "x-ms-copy-source": "http:\u002f\u002fgapradev.blob.core.windows.net\u002ftest-container-b3a491da-37fd-c265-a95d-04d73db3461f\u002ftest-blob-414e52e6-302e-98f9-e993-7b83d0531397",
        "x-ms-date": "Thu, 12 Sep 2019 23:54:38 GMT",
        "x-ms-return-client-request-id": "true",
        "x-ms-version": "2019-02-02"
      },
      "RequestBody": null,
      "StatusCode": 404,
      "ResponseHeaders": {
        "Content-Length": "215",
        "Content-Type": "application\u002fxml",
        "Date": "Thu, 12 Sep 2019 23:54:37 GMT",
        "Server": [
          "Windows-Azure-Blob\u002f1.0",
          "Microsoft-HTTPAPI\u002f2.0"
        ],
        "x-ms-client-request-id": "1532cb63-03e5-635f-e20e-8a4cc8b6ba26",
        "x-ms-error-code": "BlobNotFound",
        "x-ms-request-id": "4cdff1e6-c01e-0044-5dc5-691804000000",
        "x-ms-version": "2019-02-02"
      },
      "ResponseBody": [
        "\ufeff\u003c?xml version=\u00221.0\u0022 encoding=\u0022utf-8\u0022?\u003e\u003cError\u003e\u003cCode\u003eBlobNotFound\u003c\u002fCode\u003e\u003cMessage\u003eThe specified blob does not exist.\n",
        "RequestId:4cdff1e6-c01e-0044-5dc5-691804000000\n",
        "Time:2019-09-12T23:54:38.0788684Z\u003c\u002fMessage\u003e\u003c\u002fError\u003e"
      ]
    },
    {
      "RequestUri": "http:\u002f\u002fgapradev.blob.core.windows.net\u002ftest-container-b3a491da-37fd-c265-a95d-04d73db3461f?restype=container",
      "RequestMethod": "DELETE",
      "RequestHeaders": {
        "Authorization": "Sanitized",
        "Request-Id": "|57b58cc3-49d19a402383997b.",
        "User-Agent": [
          "azsdk-net-Storage.Blobs\u002f12.0.0-dev.20190912.1\u002b9a86ae3367dccb76004b59b244c982904496250d",
          "(.NET Core 4.6.27817.01; Microsoft Windows 10.0.18362 )"
        ],
        "x-ms-client-request-id": "12e0a712-5891-3db4-f5c7-79b4dffc2655",
        "x-ms-date": "Thu, 12 Sep 2019 23:54:38 GMT",
        "x-ms-return-client-request-id": "true",
        "x-ms-version": "2019-02-02"
      },
      "RequestBody": null,
      "StatusCode": 202,
      "ResponseHeaders": {
        "Content-Length": "0",
        "Date": "Thu, 12 Sep 2019 23:54:37 GMT",
        "Server": [
          "Windows-Azure-Blob\u002f1.0",
          "Microsoft-HTTPAPI\u002f2.0"
        ],
        "x-ms-client-request-id": "12e0a712-5891-3db4-f5c7-79b4dffc2655",
        "x-ms-request-id": "4cdff1eb-c01e-0044-62c5-691804000000",
        "x-ms-version": "2019-02-02"
      },
      "ResponseBody": []
    }
  ],
  "Variables": {
    "RandomSeed": "474691074",
    "Storage_TestConfigDefault": "ProductionTenant\ngapradev\nU2FuaXRpemVk\nhttp:\u002f\u002fgapradev.blob.core.windows.net\nhttp:\u002f\u002fgapradev.file.core.windows.net\nhttp:\u002f\u002fgapradev.queue.core.windows.net\nhttp:\u002f\u002fgapradev.table.core.windows.net\n\n\n\n\nhttp:\u002f\u002fgapradev-secondary.blob.core.windows.net\nhttp:\u002f\u002fgapradev-secondary.file.core.windows.net\nhttp:\u002f\u002fgapradev-secondary.queue.core.windows.net\nhttp:\u002f\u002fgapradev-secondary.table.core.windows.net\n\nSanitized\n\n\nCloud\nBlobEndpoint=http:\u002f\u002fgapradev.blob.core.windows.net\u002f;QueueEndpoint=http:\u002f\u002fgapradev.queue.core.windows.net\u002f;TableEndpoint=http:\u002f\u002fgapradev.table.core.windows.net\u002f;FileEndpoint=http:\u002f\u002fgapradev.file.core.windows.net\u002f;BlobSecondaryEndpoint=http:\u002f\u002fgapradev-secondary.blob.core.windows.net\u002f;QueueSecondaryEndpoint=http:\u002f\u002fgapradev-secondary.queue.core.windows.net\u002f;TableSecondaryEndpoint=http:\u002f\u002fgapradev-secondary.table.core.windows.net\u002f;FileSecondaryEndpoint=http:\u002f\u002fgapradev-secondary.file.core.windows.net\u002f;AccountName=gapradev;AccountKey=Sanitized"
  }
}