{
  "Entries": [
    {
      "RequestUri": "/8448c020-6abd-43d5-8ebc-410f7b59ffa9/users/keyvaultsdktester1@keyvaultsdktestdg.onmicrosoft.com?api-version=1.42-previewInternal",
      "EncodedRequestUri": "Lzg0NDhjMDIwLTZhYmQtNDNkNS04ZWJjLTQxMGY3YjU5ZmZhOS91c2Vycy9rZXl2YXVsdHNka3Rlc3RlcjFAa2V5dmF1bHRzZGt0ZXN0ZGcub25taWNyb3NvZnQuY29tP2FwaS12ZXJzaW9uPTEuNDItcHJldmlld0ludGVybmFs",
      "RequestMethod": "GET",
      "RequestBody": "",
      "RequestHeaders": {
        "User-Agent": [
          "Microsoft.Azure.Graph.RBAC.GraphRbacManagementClient/1.0.0.0"
        ]
      },
      "ResponseBody": "{\r\n  \"odata.metadata\": \"https://graph.windows.net/8448c020-6abd-43d5-8ebc-410f7b59ffa9/$metadata#directoryObjects/Microsoft.WindowsAzure.ActiveDirectory.User/@Element\",\r\n  \"odata.type\": \"Microsoft.WindowsAzure.ActiveDirectory.User\",\r\n  \"objectType\": \"User\",\r\n  \"objectId\": \"c98f1ad6-17bd-46ef-b9c2-820ee601d54e\",\r\n  \"softDeletionTimestamp\": null,\r\n  \"acceptedAs\": null,\r\n  \"acceptedOn\": null,\r\n  \"accountEnabled\": true,\r\n  \"alternativeSecurityIds\": [],\r\n  \"appMetadata\": null,\r\n  \"assignedLicenses\": [],\r\n  \"assignedPlans\": [],\r\n  \"city\": null,\r\n  \"country\": null,\r\n  \"creationType\": null,\r\n  \"department\": null,\r\n  \"dirSyncEnabled\": null,\r\n  \"displayName\": \"KeyVaultSdkTester1\",\r\n  \"extensionAttribute1\": null,\r\n  \"extensionAttribute2\": null,\r\n  \"extensionAttribute3\": null,\r\n  \"extensionAttribute4\": null,\r\n  \"extensionAttribute5\": null,\r\n  \"extensionAttribute6\": null,\r\n  \"extensionAttribute7\": null,\r\n  \"extensionAttribute8\": null,\r\n  \"extensionAttribute9\": null,\r\n  \"extensionAttribute10\": null,\r\n  \"extensionAttribute11\": null,\r\n  \"extensionAttribute12\": null,\r\n  \"extensionAttribute13\": null,\r\n  \"extensionAttribute14\": null,\r\n  \"extensionAttribute15\": null,\r\n  \"facsimileTelephoneNumber\": null,\r\n  \"givenName\": \"KeyVaultSdkTester1\",\r\n  \"immutableId\": null,\r\n  \"invitedOn\": null,\r\n  \"inviteReplyUrl\": [],\r\n  \"inviteResources\": [],\r\n  \"inviteTicket\": [],\r\n  \"isCompromised\": null,\r\n  \"jobTitle\": null,\r\n  \"jrnlAddress\": null,\r\n  \"lastDirSyncTime\": null,\r\n  \"logonIdentifiers\": [],\r\n  \"mail\": null,\r\n  \"mailNickname\": \"keyvaultsdktester1\",\r\n  \"mobile\": null,\r\n  \"netId\": \"10037FFE9109F2F6\",\r\n  \"onPremiseSecurityIdentifier\": null,\r\n  \"otherMails\": [],\r\n  \"passwordPolicies\": \"None\",\r\n  \"passwordProfile\": null,\r\n  \"physicalDeliveryOfficeName\": null,\r\n  \"postalCode\": null,\r\n  \"preferredLanguage\": null,\r\n  \"primarySMTPAddress\": null,\r\n  \"provisionedPlans\": [],\r\n  \"provisioningErrors\": [],\r\n  \"proxyAddresses\": [],\r\n  \"searchableDeviceKey\": [],\r\n  \"selfServePasswordResetData\": null,\r\n  \"signInName\": \"keyvaultsdktester1@keyvaultsdktestdg.onmicrosoft.com\",\r\n  \"sipProxyAddress\": null,\r\n  \"smtpAddresses\": [],\r\n  \"state\": null,\r\n  \"streetAddress\": null,\r\n  \"surname\": null,\r\n  \"telephoneNumber\": null,\r\n  \"usageLocation\": null,\r\n  \"userPrincipalName\": \"keyvaultsdktester1@keyvaultsdktestdg.onmicrosoft.com\",\r\n  \"userState\": null,\r\n  \"userStateChangedOn\": null,\r\n  \"userType\": \"Member\"\r\n}",
      "ResponseHeaders": {
        "Content-Length": [
          "2019"
        ],
        "Content-Type": [
          "application/json; odata=minimalmetadata; streaming=true; charset=utf-8"
        ],
        "Expires": [
          "-1"
        ],
        "Pragma": [
          "no-cache"
        ],
        "ocp-aad-diagnostics-server-name": [
          "ndOaDad62j02kfRa1Cq/gK60FrLF0w5RKl7ELizCzzo="
        ],
        "request-id": [
          "874906a7-4186-43ca-9e37-7e615537dc3e"
        ],
        "client-request-id": [
          "0f888ef2-8cf3-4d78-aa9e-f8c68959c52f"
        ],
        "x-ms-gateway-rewrite": [
          "false"
        ],
        "x-ms-dirapi-data-contract-version": [
          "1.42-previewInternal"
        ],
        "ocp-aad-session-key": [
          "Lc5clc4aPeMT5aB1FkPyNZ3ZJ48bpVAsPeu8qDhQ_8J5KzyftDSASd2uHCnNEgeqtpLRbyq2wCJljCROuDFF0eqRocjI0TBenC2JmxZlAR-WdbD3xqCxK8e-3nKq7nXgJ_YlHKbTy_5d4mdnp1dSuA.ma4irz6FRvW5GDdV9StF71UEuRURaIENcXHJbfREpHw"
        ],
        "X-Content-Type-Options": [
          "nosniff"
        ],
        "DataServiceVersion": [
          "3.0;"
        ],
        "Strict-Transport-Security": [
          "max-age=31536000; includeSubDomains"
        ],
        "Access-Control-Allow-Origin": [
          "*"
        ],
        "Cache-Control": [
          "no-cache"
        ],
        "Server": [
          "Microsoft-IIS/8.5"
        ],
        "X-AspNet-Version": [
          "4.0.30319"
        ],
        "X-Powered-By": [
          "ASP.NET",
          "ASP.NET"
        ],
        "Date": [
          "Thu, 11 Jun 2015 01:39:12 GMT"
        ]
      },
      "StatusCode": 200
    },
    {
      "RequestUri": "/subscriptions/31bdf18e-b058-4d3a-838c-e123ac60bc43/providers/Microsoft.KeyVault?api-version=2014-04-01-preview",
      "EncodedRequestUri": "L3N1YnNjcmlwdGlvbnMvMzFiZGYxOGUtYjA1OC00ZDNhLTgzOGMtZTEyM2FjNjBiYzQzL3Byb3ZpZGVycy9NaWNyb3NvZnQuS2V5VmF1bHQ/YXBpLXZlcnNpb249MjAxNC0wNC0wMS1wcmV2aWV3",
      "RequestMethod": "GET",
      "RequestBody": "",
      "RequestHeaders": {
        "User-Agent": [
          "Microsoft.Azure.Management.Resources.ResourceManagementClient/2.0.0.0"
        ]
      },
      "ResponseBody": "{\r\n  \"id\": \"/subscriptions/31bdf18e-b058-4d3a-838c-e123ac60bc43/providers/Microsoft.KeyVault\",\r\n  \"namespace\": \"Microsoft.KeyVault\",\r\n  \"resourceTypes\": [\r\n    {\r\n      \"resourceType\": \"vaults\",\r\n      \"locations\": [\r\n        \"North Central US\",\r\n        \"East US\",\r\n        \"North Europe\",\r\n        \"West Europe\",\r\n        \"East Asia\",\r\n        \"Southeast Asia\",\r\n        \"East US 2\",\r\n        \"Central US\",\r\n        \"South Central US\",\r\n        \"West US\",\r\n        \"Japan East\",\r\n        \"Japan West\",\r\n        \"Brazil South\"\r\n      ],\r\n      \"apiVersions\": [\r\n        \"2015-06-01\",\r\n        \"2014-12-19-preview\"\r\n      ]\r\n    },\r\n    {\r\n      \"resourceType\": \"vaults/secrets\",\r\n      \"locations\": [\r\n        \"North Central US\",\r\n        \"East US\",\r\n        \"North Europe\",\r\n        \"West Europe\",\r\n        \"East Asia\",\r\n        \"Southeast Asia\",\r\n        \"East US 2\",\r\n        \"Central US\",\r\n        \"South Central US\",\r\n        \"West US\",\r\n        \"Japan East\",\r\n        \"Japan West\",\r\n        \"Brazil South\"\r\n      ],\r\n      \"apiVersions\": [\r\n        \"2015-06-01\",\r\n        \"2014-12-19-preview\"\r\n      ]\r\n    }\r\n  ],\r\n  \"registrationState\": \"Registered\"\r\n}",
      "ResponseHeaders": {
        "Content-Length": [
          "725"
        ],
        "Content-Type": [
          "application/json; charset=utf-8"
        ],
        "Expires": [
          "-1"
        ],
        "Pragma": [
          "no-cache"
        ],
        "x-ms-ratelimit-remaining-subscription-reads": [
          "14997"
        ],
        "x-ms-request-id": [
          "79ceda68-090a-49f6-a7c0-8f3142173823"
        ],
        "x-ms-correlation-request-id": [
          "79ceda68-090a-49f6-a7c0-8f3142173823"
        ],
        "x-ms-routing-request-id": [
          "WESTUS:20150611T013912Z:79ceda68-090a-49f6-a7c0-8f3142173823"
        ],
        "Strict-Transport-Security": [
          "max-age=31536000; includeSubDomains"
        ],
        "Cache-Control": [
          "no-cache"
        ],
        "Date": [
          "Thu, 11 Jun 2015 01:39:12 GMT"
        ]
      },
      "StatusCode": 200
    },
    {
      "RequestUri": "/subscriptions/31bdf18e-b058-4d3a-838c-e123ac60bc43/resourcegroups/sdktestrg3512?api-version=2014-04-01-preview",
      "EncodedRequestUri": "L3N1YnNjcmlwdGlvbnMvMzFiZGYxOGUtYjA1OC00ZDNhLTgzOGMtZTEyM2FjNjBiYzQzL3Jlc291cmNlZ3JvdXBzL3Nka3Rlc3RyZzM1MTI/YXBpLXZlcnNpb249MjAxNC0wNC0wMS1wcmV2aWV3",
      "RequestMethod": "PUT",
      "RequestBody": "{\r\n  \"location\": \"North Central US\"\r\n}",
      "RequestHeaders": {
        "Content-Type": [
          "application/json; charset=utf-8"
        ],
        "Content-Length": [
          "38"
        ],
        "User-Agent": [
          "Microsoft.Azure.Management.Resources.ResourceManagementClient/2.0.0.0"
        ]
      },
      "ResponseBody": "{\r\n  \"id\": \"/subscriptions/31bdf18e-b058-4d3a-838c-e123ac60bc43/resourceGroups/sdktestrg3512\",\r\n  \"name\": \"sdktestrg3512\",\r\n  \"location\": \"northcentralus\",\r\n  \"properties\": {\r\n    \"provisioningState\": \"Succeeded\"\r\n  }\r\n}",
      "ResponseHeaders": {
        "Content-Length": [
          "187"
        ],
        "Content-Type": [
          "application/json; charset=utf-8"
        ],
        "Expires": [
          "-1"
        ],
        "Pragma": [
          "no-cache"
        ],
        "x-ms-ratelimit-remaining-subscription-writes": [
          "1196"
        ],
        "x-ms-request-id": [
          "16f96eaa-3cd1-4ef2-869a-80c15e66ad84"
        ],
        "x-ms-correlation-request-id": [
          "16f96eaa-3cd1-4ef2-869a-80c15e66ad84"
        ],
        "x-ms-routing-request-id": [
          "WESTUS:20150611T013913Z:16f96eaa-3cd1-4ef2-869a-80c15e66ad84"
        ],
        "Strict-Transport-Security": [
          "max-age=31536000; includeSubDomains"
        ],
        "Cache-Control": [
          "no-cache"
        ],
        "Date": [
          "Thu, 11 Jun 2015 01:39:12 GMT"
        ]
      },
      "StatusCode": 201
    },
    {
      "RequestUri": "/subscriptions/31bdf18e-b058-4d3a-838c-e123ac60bc43/resourceGroups/sdktestrg3512/providers/Microsoft.KeyVault/vaults/sdktestvault6107?api-version=2015-06-01",
      "EncodedRequestUri": "L3N1YnNjcmlwdGlvbnMvMzFiZGYxOGUtYjA1OC00ZDNhLTgzOGMtZTEyM2FjNjBiYzQzL3Jlc291cmNlR3JvdXBzL3Nka3Rlc3RyZzM1MTIvcHJvdmlkZXJzL01pY3Jvc29mdC5LZXlWYXVsdC92YXVsdHMvc2RrdGVzdHZhdWx0NjEwNz9hcGktdmVyc2lvbj0yMDE1LTA2LTAx",
      "RequestMethod": "PUT",
      "RequestBody": "{\r\n  \"properties\": {\r\n    \"vaultUri\": \"\",\r\n    \"tenantId\": \"8448c020-6abd-43d5-8ebc-410f7b59ffa9\",\r\n    \"sku\": {\r\n      \"family\": \"A\",\r\n      \"name\": \"Standard\"\r\n    },\r\n    \"accessPolicies\": [\r\n      {\r\n        \"tenantId\": \"8448c020-6abd-43d5-8ebc-410f7b59ffa9\",\r\n        \"objectId\": \"c98f1ad6-17bd-46ef-b9c2-820ee601d54e\",\r\n        \"permissions\": {\r\n          \"keys\": [\r\n            \"all\"\r\n          ],\r\n          \"secrets\": [\r\n            \"all\"\r\n          ]\r\n        }\r\n      }\r\n    ],\r\n    \"enabledForDeployment\": true\r\n  },\r\n  \"location\": \"North Central US\",\r\n  \"tags\": {\r\n    \"tag1\": \"value1\",\r\n    \"tag2\": \"value2\",\r\n    \"tag3\": \"value3\"\r\n  }\r\n}",
      "RequestHeaders": {
        "Content-Type": [
          "application/json; charset=utf-8"
        ],
        "Content-Length": [
          "652"
        ],
        "User-Agent": [
          "Microsoft.Azure.Management.KeyVault.KeyVaultManagementClient/1.0.0.0"
        ]
      },
      "ResponseBody": "{\r\n  \"id\": \"/subscriptions/31bdf18e-b058-4d3a-838c-e123ac60bc43/resourceGroups/sdktestrg3512/providers/Microsoft.KeyVault/vaults/sdktestvault6107\",\r\n  \"name\": \"sdktestvault6107\",\r\n  \"type\": \"Microsoft.KeyVault/vaults\",\r\n  \"location\": \"North Central US\",\r\n  \"tags\": {\r\n    \"tag1\": \"value1\",\r\n    \"tag2\": \"value2\",\r\n    \"tag3\": \"value3\"\r\n  },\r\n  \"properties\": {\r\n    \"sku\": {\r\n      \"family\": \"A\",\r\n      \"name\": \"Standard\"\r\n    },\r\n    \"tenantId\": \"8448c020-6abd-43d5-8ebc-410f7b59ffa9\",\r\n    \"accessPolicies\": [\r\n      {\r\n        \"tenantId\": \"8448c020-6abd-43d5-8ebc-410f7b59ffa9\",\r\n        \"objectId\": \"c98f1ad6-17bd-46ef-b9c2-820ee601d54e\",\r\n        \"permissions\": {\r\n          \"keys\": [\r\n            \"all\"\r\n          ],\r\n          \"secrets\": [\r\n            \"all\"\r\n          ]\r\n        }\r\n      }\r\n    ],\r\n    \"enabledForDeployment\": true,\r\n    \"vaultUri\": \"https://sdktestvault6107.vault.azure.net\"\r\n  }\r\n}",
      "ResponseHeaders": {
        "Content-Length": [
          "646"
        ],
        "Content-Type": [
          "application/json; charset=utf-8"
        ],
        "Expires": [
          "-1"
        ],
        "Pragma": [
          "no-cache"
        ],
        "Strict-Transport-Security": [
          "max-age=31536000; includeSubDomains"
        ],
        "x-ms-ratelimit-remaining-subscription-writes": [
          "1197"
        ],
        "x-ms-request-id": [
          "2a99b7fd-2d4b-401f-bb4a-c82755c89822"
        ],
        "x-ms-correlation-request-id": [
          "2a99b7fd-2d4b-401f-bb4a-c82755c89822"
        ],
        "x-ms-routing-request-id": [
          "WESTUS:20150611T013916Z:2a99b7fd-2d4b-401f-bb4a-c82755c89822"
        ],
        "Cache-Control": [
          "no-cache"
        ],
        "Date": [
          "Thu, 11 Jun 2015 01:39:15 GMT"
        ],
        "Server": [
          "Microsoft-IIS/8.5"
        ],
        "X-AspNet-Version": [
          "4.0.30319"
        ],
        "X-Powered-By": [
          "ASP.NET"
        ]
      },
      "StatusCode": 200
    },
    {
      "RequestUri": "/subscriptions/31bdf18e-b058-4d3a-838c-e123ac60bc43/resourceGroups/sdktestrg3512/providers/Microsoft.KeyVault/vaults/sdktestvault6469?api-version=2015-06-01",
      "EncodedRequestUri": "L3N1YnNjcmlwdGlvbnMvMzFiZGYxOGUtYjA1OC00ZDNhLTgzOGMtZTEyM2FjNjBiYzQzL3Jlc291cmNlR3JvdXBzL3Nka3Rlc3RyZzM1MTIvcHJvdmlkZXJzL01pY3Jvc29mdC5LZXlWYXVsdC92YXVsdHMvc2RrdGVzdHZhdWx0NjQ2OT9hcGktdmVyc2lvbj0yMDE1LTA2LTAx",
      "RequestMethod": "PUT",
      "RequestBody": "{\r\n  \"properties\": {\r\n    \"vaultUri\": \"\",\r\n    \"tenantId\": \"8448c020-6abd-43d5-8ebc-410f7b59ffa9\",\r\n    \"sku\": {\r\n      \"family\": \"A\",\r\n      \"name\": \"Standard\"\r\n    },\r\n    \"accessPolicies\": [\r\n      {\r\n        \"tenantId\": \"8448c020-6abd-43d5-8ebc-410f7b59ffa9\",\r\n        \"objectId\": \"c98f1ad6-17bd-46ef-b9c2-820ee601d54e\",\r\n        \"permissions\": {\r\n          \"keys\": [\r\n            \"all\"\r\n          ],\r\n          \"secrets\": [\r\n            \"all\"\r\n          ]\r\n        }\r\n      }\r\n    ],\r\n    \"enabledForDeployment\": true\r\n  },\r\n  \"location\": \"North Central US\",\r\n  \"tags\": {\r\n    \"tag1\": \"value1\",\r\n    \"tag2\": \"value2\",\r\n    \"tag3\": \"value3\"\r\n  }\r\n}",
      "RequestHeaders": {
        "Content-Type": [
          "application/json; charset=utf-8"
        ],
        "Content-Length": [
          "652"
        ],
        "User-Agent": [
          "Microsoft.Azure.Management.KeyVault.KeyVaultManagementClient/1.0.0.0"
        ]
      },
      "ResponseBody": "{\r\n  \"id\": \"/subscriptions/31bdf18e-b058-4d3a-838c-e123ac60bc43/resourceGroups/sdktestrg3512/providers/Microsoft.KeyVault/vaults/sdktestvault6469\",\r\n  \"name\": \"sdktestvault6469\",\r\n  \"type\": \"Microsoft.KeyVault/vaults\",\r\n  \"location\": \"North Central US\",\r\n  \"tags\": {\r\n    \"tag1\": \"value1\",\r\n    \"tag2\": \"value2\",\r\n    \"tag3\": \"value3\"\r\n  },\r\n  \"properties\": {\r\n    \"sku\": {\r\n      \"family\": \"A\",\r\n      \"name\": \"Standard\"\r\n    },\r\n    \"tenantId\": \"8448c020-6abd-43d5-8ebc-410f7b59ffa9\",\r\n    \"accessPolicies\": [\r\n      {\r\n        \"tenantId\": \"8448c020-6abd-43d5-8ebc-410f7b59ffa9\",\r\n        \"objectId\": \"c98f1ad6-17bd-46ef-b9c2-820ee601d54e\",\r\n        \"permissions\": {\r\n          \"keys\": [\r\n            \"all\"\r\n          ],\r\n          \"secrets\": [\r\n            \"all\"\r\n          ]\r\n        }\r\n      }\r\n    ],\r\n    \"enabledForDeployment\": true,\r\n    \"vaultUri\": \"https://sdktestvault6469.vault.azure.net\"\r\n  }\r\n}",
      "ResponseHeaders": {
        "Content-Length": [
          "646"
        ],
        "Content-Type": [
          "application/json; charset=utf-8"
        ],
        "Expires": [
          "-1"
        ],
        "Pragma": [
          "no-cache"
        ],
        "Strict-Transport-Security": [
          "max-age=31536000; includeSubDomains"
        ],
        "x-ms-ratelimit-remaining-subscription-writes": [
          "1196"
        ],
        "x-ms-request-id": [
          "75dafc73-467c-4cdb-af14-dddc3c369fcf"
        ],
        "x-ms-correlation-request-id": [
          "75dafc73-467c-4cdb-af14-dddc3c369fcf"
        ],
        "x-ms-routing-request-id": [
          "WESTUS:20150611T013918Z:75dafc73-467c-4cdb-af14-dddc3c369fcf"
        ],
        "Cache-Control": [
          "no-cache"
        ],
        "Date": [
          "Thu, 11 Jun 2015 01:39:17 GMT"
        ],
        "Server": [
          "Microsoft-IIS/8.5"
        ],
        "X-AspNet-Version": [
          "4.0.30319"
        ],
        "X-Powered-By": [
          "ASP.NET"
        ]
      },
      "StatusCode": 200
    },
    {
      "RequestUri": "/subscriptions/31bdf18e-b058-4d3a-838c-e123ac60bc43/resourceGroups/sdktestrg3512/providers/Microsoft.KeyVault/vaults/sdktestvault6559?api-version=2015-06-01",
      "EncodedRequestUri": "L3N1YnNjcmlwdGlvbnMvMzFiZGYxOGUtYjA1OC00ZDNhLTgzOGMtZTEyM2FjNjBiYzQzL3Jlc291cmNlR3JvdXBzL3Nka3Rlc3RyZzM1MTIvcHJvdmlkZXJzL01pY3Jvc29mdC5LZXlWYXVsdC92YXVsdHMvc2RrdGVzdHZhdWx0NjU1OT9hcGktdmVyc2lvbj0yMDE1LTA2LTAx",
      "RequestMethod": "PUT",
      "RequestBody": "{\r\n  \"properties\": {\r\n    \"vaultUri\": \"\",\r\n    \"tenantId\": \"8448c020-6abd-43d5-8ebc-410f7b59ffa9\",\r\n    \"sku\": {\r\n      \"family\": \"A\",\r\n      \"name\": \"Standard\"\r\n    },\r\n    \"accessPolicies\": [\r\n      {\r\n        \"tenantId\": \"8448c020-6abd-43d5-8ebc-410f7b59ffa9\",\r\n        \"objectId\": \"c98f1ad6-17bd-46ef-b9c2-820ee601d54e\",\r\n        \"permissions\": {\r\n          \"keys\": [\r\n            \"all\"\r\n          ],\r\n          \"secrets\": [\r\n            \"all\"\r\n          ]\r\n        }\r\n      }\r\n    ],\r\n    \"enabledForDeployment\": true\r\n  },\r\n  \"location\": \"North Central US\",\r\n  \"tags\": {\r\n    \"tag1\": \"value1\",\r\n    \"tag2\": \"value2\",\r\n    \"tag3\": \"value3\"\r\n  }\r\n}",
      "RequestHeaders": {
        "Content-Type": [
          "application/json; charset=utf-8"
        ],
        "Content-Length": [
          "652"
        ],
        "User-Agent": [
          "Microsoft.Azure.Management.KeyVault.KeyVaultManagementClient/1.0.0.0"
        ]
      },
      "ResponseBody": "{\r\n  \"id\": \"/subscriptions/31bdf18e-b058-4d3a-838c-e123ac60bc43/resourceGroups/sdktestrg3512/providers/Microsoft.KeyVault/vaults/sdktestvault6559\",\r\n  \"name\": \"sdktestvault6559\",\r\n  \"type\": \"Microsoft.KeyVault/vaults\",\r\n  \"location\": \"North Central US\",\r\n  \"tags\": {\r\n    \"tag1\": \"value1\",\r\n    \"tag2\": \"value2\",\r\n    \"tag3\": \"value3\"\r\n  },\r\n  \"properties\": {\r\n    \"sku\": {\r\n      \"family\": \"A\",\r\n      \"name\": \"Standard\"\r\n    },\r\n    \"tenantId\": \"8448c020-6abd-43d5-8ebc-410f7b59ffa9\",\r\n    \"accessPolicies\": [\r\n      {\r\n        \"tenantId\": \"8448c020-6abd-43d5-8ebc-410f7b59ffa9\",\r\n        \"objectId\": \"c98f1ad6-17bd-46ef-b9c2-820ee601d54e\",\r\n        \"permissions\": {\r\n          \"keys\": [\r\n            \"all\"\r\n          ],\r\n          \"secrets\": [\r\n            \"all\"\r\n          ]\r\n        }\r\n      }\r\n    ],\r\n    \"enabledForDeployment\": true,\r\n    \"vaultUri\": \"https://sdktestvault6559.vault.azure.net\"\r\n  }\r\n}",
      "ResponseHeaders": {
        "Content-Length": [
          "646"
        ],
        "Content-Type": [
          "application/json; charset=utf-8"
        ],
        "Expires": [
          "-1"
        ],
        "Pragma": [
          "no-cache"
        ],
        "Strict-Transport-Security": [
          "max-age=31536000; includeSubDomains"
        ],
        "x-ms-ratelimit-remaining-subscription-writes": [
          "1195"
        ],
        "x-ms-request-id": [
          "9d501282-5c0d-4447-9670-d5e43e7ecca4"
        ],
        "x-ms-correlation-request-id": [
          "9d501282-5c0d-4447-9670-d5e43e7ecca4"
        ],
        "x-ms-routing-request-id": [
          "WESTUS:20150611T013919Z:9d501282-5c0d-4447-9670-d5e43e7ecca4"
        ],
        "Cache-Control": [
          "no-cache"
        ],
        "Date": [
          "Thu, 11 Jun 2015 01:39:18 GMT"
        ],
        "Server": [
          "Microsoft-IIS/8.5"
        ],
        "X-AspNet-Version": [
          "4.0.30319"
        ],
        "X-Powered-By": [
          "ASP.NET"
        ]
      },
      "StatusCode": 200
    },
    {
      "RequestUri": "/subscriptions/31bdf18e-b058-4d3a-838c-e123ac60bc43/resourceGroups/sdktestrg3512/resources?$filter=resourceType%20eq%20'Microsoft.KeyVault/vaults'%20&$top=2&api-version=2014-04-01",
      "EncodedRequestUri": "L3N1YnNjcmlwdGlvbnMvMzFiZGYxOGUtYjA1OC00ZDNhLTgzOGMtZTEyM2FjNjBiYzQzL3Jlc291cmNlR3JvdXBzL3Nka3Rlc3RyZzM1MTIvcmVzb3VyY2VzPyRmaWx0ZXI9cmVzb3VyY2VUeXBlJTIwZXElMjAnTWljcm9zb2Z0LktleVZhdWx0L3ZhdWx0cyclMjAmJHRvcD0yJmFwaS12ZXJzaW9uPTIwMTQtMDQtMDE=",
      "RequestMethod": "GET",
      "RequestBody": "",
      "RequestHeaders": {
        "User-Agent": [
          "Microsoft.Azure.Management.KeyVault.KeyVaultManagementClient/1.0.0.0"
        ]
      },
      "ResponseBody": "{\r\n  \"value\": [\r\n    {\r\n      \"id\": \"/subscriptions/31bdf18e-b058-4d3a-838c-e123ac60bc43/resourceGroups/sdktestrg3512/providers/Microsoft.KeyVault/vaults/sdktestvault6107\",\r\n      \"name\": \"sdktestvault6107\",\r\n      \"type\": \"Microsoft.KeyVault/vaults\",\r\n      \"location\": \"northcentralus\",\r\n      \"tags\": {\r\n        \"tag1\": \"value1\",\r\n        \"tag2\": \"value2\",\r\n        \"tag3\": \"value3\"\r\n      }\r\n    },\r\n    {\r\n      \"id\": \"/subscriptions/31bdf18e-b058-4d3a-838c-e123ac60bc43/resourceGroups/sdktestrg3512/providers/Microsoft.KeyVault/vaults/sdktestvault6469\",\r\n      \"name\": \"sdktestvault6469\",\r\n      \"type\": \"Microsoft.KeyVault/vaults\",\r\n      \"location\": \"northcentralus\",\r\n      \"tags\": {\r\n        \"tag1\": \"value1\",\r\n        \"tag2\": \"value2\",\r\n        \"tag3\": \"value3\"\r\n      }\r\n    }\r\n  ],\r\n  \"nextLink\": \"https://management.azure.com/subscriptions/31bdf18e-b058-4d3a-838c-e123ac60bc43/resourceGroups/sdktestrg3512/resources?%24filter=resourceType+eq+%27Microsoft.KeyVault%2fvaults%27+&%24top=2&api-version=2014-04-01&%24skiptoken=eyJuZXh0UGFydGl0aW9uS2V5IjoiMSE4IU0wVTVOVVUtIiwibmV4dFJvd0tleSI6IjEhMTUyIU16RkNSRVl4T0VWQ01EVTRORVF6UVRnek9FTkZNVEl6UVVNMk1FSkRORE5mVkVkT1RDMU5TVU5TVDFOUFJsUTZNa1ZMUlZsV1FWVk1WRG95UmxaQlZVeFVVeTFUUkV0VVJWTlVVa2N6TlRFeUxWTkVTMVJGVTFSV1FWVk1WRFkxTlRrdFRrOVNWRWhEUlU1VVVrRk1WVk0tIn0%3d\"\r\n}",
      "ResponseHeaders": {
        "Content-Length": [
          "1110"
        ],
        "Content-Type": [
          "application/json; charset=utf-8"
        ],
        "Expires": [
          "-1"
        ],
        "Pragma": [
          "no-cache"
        ],
        "x-ms-ratelimit-remaining-subscription-reads": [
          "14997"
        ],
        "x-ms-request-id": [
          "4cf85352-3aef-47ed-9b82-0eddf54b5f0d"
        ],
        "x-ms-correlation-request-id": [
          "4cf85352-3aef-47ed-9b82-0eddf54b5f0d"
        ],
        "x-ms-routing-request-id": [
          "WESTUS:20150611T013919Z:4cf85352-3aef-47ed-9b82-0eddf54b5f0d"
        ],
        "Strict-Transport-Security": [
          "max-age=31536000; includeSubDomains"
        ],
        "Cache-Control": [
          "no-cache"
        ],
        "Date": [
          "Thu, 11 Jun 2015 01:39:19 GMT"
        ]
      },
      "StatusCode": 200
    },
    {
      "RequestUri": "/subscriptions/31bdf18e-b058-4d3a-838c-e123ac60bc43/resourceGroups/sdktestrg3512/resources?%24filter=resourceType+eq+'Microsoft.KeyVault%2fvaults'+&%24top=2&api-version=2014-04-01&%24skiptoken=eyJuZXh0UGFydGl0aW9uS2V5IjoiMSE4IU0wVTVOVVUtIiwibmV4dFJvd0tleSI6IjEhMTUyIU16RkNSRVl4T0VWQ01EVTRORVF6UVRnek9FTkZNVEl6UVVNMk1FSkRORE5mVkVkT1RDMU5TVU5TVDFOUFJsUTZNa1ZMUlZsV1FWVk1WRG95UmxaQlZVeFVVeTFUUkV0VVJWTlVVa2N6TlRFeUxWTkVTMVJGVTFSV1FWVk1WRFkxTlRrdFRrOVNWRWhEUlU1VVVrRk1WVk0tIn0%3d",
      "EncodedRequestUri": "L3N1YnNjcmlwdGlvbnMvMzFiZGYxOGUtYjA1OC00ZDNhLTgzOGMtZTEyM2FjNjBiYzQzL3Jlc291cmNlR3JvdXBzL3Nka3Rlc3RyZzM1MTIvcmVzb3VyY2VzPyUyNGZpbHRlcj1yZXNvdXJjZVR5cGUrZXErJTI3TWljcm9zb2Z0LktleVZhdWx0JTJmdmF1bHRzJTI3KyYlMjR0b3A9MiZhcGktdmVyc2lvbj0yMDE0LTA0LTAxJiUyNHNraXB0b2tlbj1leUp1WlhoMFVHRnlkR2wwYVc5dVMyVjVJam9pTVNFNElVMHdWVFZPVlZVdElpd2libVY0ZEZKdmQwdGxlU0k2SWpFaE1UVXlJVTE2UmtOU1JWbDRUMFZXUTAxRVZUUk9SVkY2VVZSbmVrOUZUa1pOVkVsNlVWVk5NazFGU2tST1JFNW1Wa1ZrVDFSRE1VNVRWVTVUVkRGT1VGSnNVVFpOYTFaTVVsWnNWMUZXVmsxV1JHOTVVbXhhUWxaVmVGVlZlVEZVVWtWMFZWSldUbFZWYTJONlRsUkZlVXhXVGtWVE1WSkdWVEZTVjFGV1ZrMVdSRmt4VGxScmRGUnJPVk5XUldoRVVsVTFWVlZyUmsxV1ZrMHRJbjAlM2Q=",
      "RequestMethod": "GET",
      "RequestBody": "",
      "RequestHeaders": {
        "User-Agent": [
          "Microsoft.Azure.Management.KeyVault.KeyVaultManagementClient/1.0.0.0"
        ]
      },
      "ResponseBody": "{\r\n  \"value\": [\r\n    {\r\n      \"id\": \"/subscriptions/31bdf18e-b058-4d3a-838c-e123ac60bc43/resourceGroups/sdktestrg3512/providers/Microsoft.KeyVault/vaults/sdktestvault6559\",\r\n      \"name\": \"sdktestvault6559\",\r\n      \"type\": \"Microsoft.KeyVault/vaults\",\r\n      \"location\": \"northcentralus\",\r\n      \"tags\": {\r\n        \"tag1\": \"value1\",\r\n        \"tag2\": \"value2\",\r\n        \"tag3\": \"value3\"\r\n      }\r\n    }\r\n  ]\r\n}",
      "ResponseHeaders": {
        "Content-Length": [
          "300"
        ],
        "Content-Type": [
          "application/json; charset=utf-8"
        ],
        "Expires": [
          "-1"
        ],
        "Pragma": [
          "no-cache"
        ],
        "x-ms-ratelimit-remaining-subscription-reads": [
          "14996"
        ],
        "x-ms-request-id": [
          "b61f10e2-97fe-4d7d-8a02-9623c40c0fbc"
        ],
        "x-ms-correlation-request-id": [
          "b61f10e2-97fe-4d7d-8a02-9623c40c0fbc"
        ],
        "x-ms-routing-request-id": [
          "WESTUS:20150611T013920Z:b61f10e2-97fe-4d7d-8a02-9623c40c0fbc"
        ],
        "Strict-Transport-Security": [
          "max-age=31536000; includeSubDomains"
        ],
        "Cache-Control": [
          "no-cache"
        ],
        "Date": [
          "Thu, 11 Jun 2015 01:39:19 GMT"
        ]
      },
      "StatusCode": 200
    }
  ],
  "Names": {
    "KeyVaultManagementListVaults": [
      "sdktestrg3512",
      "sdktestvault6107",
      "sdktestvault6469",
      "sdktestvault6559"
    ]
  },
  "Variables": {
    "SubscriptionId": "31bdf18e-b058-4d3a-838c-e123ac60bc43",
    "TenantId": "8448c020-6abd-43d5-8ebc-410f7b59ffa9",
    "ObjectId": "c98f1ad6-17bd-46ef-b9c2-820ee601d54e",
    "SubId": "31bdf18e-b058-4d3a-838c-e123ac60bc43",
    "ApplicationId": "014dc5f3-6f7a-4db3-a4de-e36b036810bd"
  }
}