{
  "Entries": [
    {
      "RequestUri": "https://management.azure.com/subscriptions/db1ab6f0-4769-4b27-930e-01e2ef9c123c?api-version=2019-11-01",
      "RequestMethod": "GET",
      "RequestHeaders": {
        "Accept": "application/json",
        "Authorization": "Sanitized",
        "User-Agent": "azsdk-net-ResourceManager/1.0.0-alpha.20210823.1 (.NET Framework 4.8.4341.0; Microsoft Windows 10.0.19043 )",
        "x-ms-client-request-id": "63b3f9120656d4b01d5aa62b81c0c245",
        "x-ms-return-client-request-id": "true"
      },
      "RequestBody": null,
      "StatusCode": 200,
      "ResponseHeaders": {
        "Cache-Control": "no-cache",
        "Content-Length": "468",
        "Content-Type": "application/json; charset=utf-8",
        "Date": "Tue, 24 Aug 2021 03:22:56 GMT",
        "Expires": "-1",
        "Pragma": "no-cache",
        "Strict-Transport-Security": "max-age=31536000; includeSubDomains",
        "X-Content-Type-Options": "nosniff",
        "x-ms-correlation-request-id": "ae1c3def-2b0c-441a-ad16-99d82847f7a1",
        "x-ms-ratelimit-remaining-subscription-reads": "11990",
        "x-ms-request-id": "ae1c3def-2b0c-441a-ad16-99d82847f7a1",
        "x-ms-routing-request-id": "SOUTHEASTASIA:20210824T032256Z:ae1c3def-2b0c-441a-ad16-99d82847f7a1"
      },
      "ResponseBody": {
        "id": "/subscriptions/db1ab6f0-4769-4b27-930e-01e2ef9c123c",
        "authorizationSource": "RoleBased",
        "managedByTenants": [],
        "tags": {
          "tagKey1": "tagValue1",
          "tagKey2": "tagValue2"
        },
        "subscriptionId": "db1ab6f0-4769-4b27-930e-01e2ef9c123c",
        "tenantId": "72f988bf-86f1-41af-91ab-2d7cd011db47",
        "displayName": ".NET Mgmt SDK Test with TTL = 1 Day",
        "state": "Enabled",
        "subscriptionPolicies": {
          "locationPlacementId": "Internal_2014-09-01",
          "quotaId": "Internal_2014-09-01",
          "spendingLimit": "Off"
        }
      }
    },
    {
      "RequestUri": "https://management.azure.com/subscriptions/db1ab6f0-4769-4b27-930e-01e2ef9c123c/resourcegroups/csmrg8141?api-version=2019-10-01",
      "RequestMethod": "PUT",
      "RequestHeaders": {
        "Accept": "application/json",
        "Authorization": "Sanitized",
        "Content-Length": "21",
        "Content-Type": "application/json",
        "traceparent": "00-7b81a48228515145aac26836bbbe3576-6140d2047e08db48-00",
        "User-Agent": "azsdk-net-ResourceManager/1.0.0-alpha.20210823.1 (.NET Framework 4.8.4341.0; Microsoft Windows 10.0.19043 )",
        "x-ms-client-request-id": "61150d9d4ce1d29f72cb14a0492b8e39",
        "x-ms-return-client-request-id": "true"
      },
      "RequestBody": {
        "location": "eastus"
      },
      "StatusCode": 201,
      "ResponseHeaders": {
        "Cache-Control": "no-cache",
        "Content-Length": "215",
        "Content-Type": "application/json; charset=utf-8",
        "Date": "Tue, 24 Aug 2021 03:22:57 GMT",
        "Expires": "-1",
        "Pragma": "no-cache",
        "Strict-Transport-Security": "max-age=31536000; includeSubDomains",
        "X-Content-Type-Options": "nosniff",
        "x-ms-correlation-request-id": "7210473e-907b-406a-954f-88740adbf4f1",
        "x-ms-ratelimit-remaining-subscription-writes": "1197",
        "x-ms-request-id": "7210473e-907b-406a-954f-88740adbf4f1",
        "x-ms-routing-request-id": "SOUTHEASTASIA:20210824T032257Z:7210473e-907b-406a-954f-88740adbf4f1"
      },
      "ResponseBody": {
        "id": "/subscriptions/db1ab6f0-4769-4b27-930e-01e2ef9c123c/resourceGroups/csmrg8141",
        "name": "csmrg8141",
        "type": "Microsoft.Resources/resourceGroups",
        "location": "eastus",
        "properties": {
          "provisioningState": "Succeeded"
        }
      }
    },
    {
      "RequestUri": "https://management.azure.com/subscriptions/db1ab6f0-4769-4b27-930e-01e2ef9c123c/resourceGroups/csmrg8141/providers/Microsoft.Network/networkSecurityGroups/azsmnet7039?api-version=2021-02-01",
      "RequestMethod": "PUT",
      "RequestHeaders": {
        "Accept": "application/json",
        "Authorization": "Sanitized",
        "Content-Length": "47",
        "Content-Type": "application/json",
        "User-Agent": "azsdk-net-ResourceManager/1.0.0-alpha.20210823.1 (.NET Framework 4.8.4341.0; Microsoft Windows 10.0.19043 )",
        "x-ms-client-request-id": "64c0b7206d2820c1dd963e57e1b250fa",
        "x-ms-return-client-request-id": "true"
      },
      "RequestBody": {
        "location": "eastus",
        "id": null,
        "properties": {}
      },
      "StatusCode": 201,
      "ResponseHeaders": {
        "Azure-AsyncNotification": "Enabled",
        "Azure-AsyncOperation": "https://management.azure.com/subscriptions/db1ab6f0-4769-4b27-930e-01e2ef9c123c/providers/Microsoft.Network/locations/eastus/operations/ba4ad89b-24e9-48c8-954d-a7f6e15991d4?api-version=2021-02-01",
        "Cache-Control": "no-cache",
        "Content-Length": "6519",
        "Content-Type": "application/json; charset=utf-8",
        "Date": "Tue, 24 Aug 2021 03:23:01 GMT",
        "Expires": "-1",
        "Pragma": "no-cache",
        "Retry-After": "3",
        "Server": [
          "Microsoft-HTTPAPI/2.0",
          "Microsoft-HTTPAPI/2.0"
        ],
        "Strict-Transport-Security": "max-age=31536000; includeSubDomains",
        "X-Content-Type-Options": "nosniff",
        "x-ms-arm-service-request-id": "ac9394a1-94eb-4ac6-8770-56e9b86657ff",
        "x-ms-client-request-id": "64c0b7206d2820c1dd963e57e1b250fa",
        "x-ms-correlation-request-id": "f1a371b3-d821-4f31-a1ec-bbba4e7aba76",
        "x-ms-ratelimit-remaining-subscription-writes": "1196",
        "x-ms-request-id": "ba4ad89b-24e9-48c8-954d-a7f6e15991d4",
        "x-ms-routing-request-id": "SOUTHEASTASIA:20210824T032301Z:f1a371b3-d821-4f31-a1ec-bbba4e7aba76"
      },
      "ResponseBody": [
        "{\r\n",
        "  \u0022name\u0022: \u0022azsmnet7039\u0022,\r\n",
        "  \u0022id\u0022: \u0022/subscriptions/db1ab6f0-4769-4b27-930e-01e2ef9c123c/resourceGroups/csmrg8141/providers/Microsoft.Network/networkSecurityGroups/azsmnet7039\u0022,\r\n",
        "  \u0022etag\u0022: \u0022W/\\\u0022fb55cb2b-1023-4f82-aac3-05cc3e631479\\\u0022\u0022,\r\n",
        "  \u0022type\u0022: \u0022Microsoft.Network/networkSecurityGroups\u0022,\r\n",
        "  \u0022location\u0022: \u0022eastus\u0022,\r\n",
        "  \u0022properties\u0022: {\r\n",
        "    \u0022provisioningState\u0022: \u0022Updating\u0022,\r\n",
        "    \u0022resourceGuid\u0022: \u002241ddbcfb-4ba4-4da0-a0f9-96e1c8ad7ea3\u0022,\r\n",
        "    \u0022securityRules\u0022: [],\r\n",
        "    \u0022defaultSecurityRules\u0022: [\r\n",
        "      {\r\n",
        "        \u0022name\u0022: \u0022AllowVnetInBound\u0022,\r\n",
        "        \u0022id\u0022: \u0022/subscriptions/db1ab6f0-4769-4b27-930e-01e2ef9c123c/resourceGroups/csmrg8141/providers/Microsoft.Network/networkSecurityGroups/azsmnet7039/defaultSecurityRules/AllowVnetInBound\u0022,\r\n",
        "        \u0022etag\u0022: \u0022W/\\\u0022fb55cb2b-1023-4f82-aac3-05cc3e631479\\\u0022\u0022,\r\n",
        "        \u0022type\u0022: \u0022Microsoft.Network/networkSecurityGroups/defaultSecurityRules\u0022,\r\n",
        "        \u0022properties\u0022: {\r\n",
        "          \u0022provisioningState\u0022: \u0022Updating\u0022,\r\n",
        "          \u0022description\u0022: \u0022Allow inbound traffic from all VMs in VNET\u0022,\r\n",
        "          \u0022protocol\u0022: \u0022*\u0022,\r\n",
        "          \u0022sourcePortRange\u0022: \u0022*\u0022,\r\n",
        "          \u0022destinationPortRange\u0022: \u0022*\u0022,\r\n",
        "          \u0022sourceAddressPrefix\u0022: \u0022VirtualNetwork\u0022,\r\n",
        "          \u0022destinationAddressPrefix\u0022: \u0022VirtualNetwork\u0022,\r\n",
        "          \u0022access\u0022: \u0022Allow\u0022,\r\n",
        "          \u0022priority\u0022: 65000,\r\n",
        "          \u0022direction\u0022: \u0022Inbound\u0022,\r\n",
        "          \u0022sourcePortRanges\u0022: [],\r\n",
        "          \u0022destinationPortRanges\u0022: [],\r\n",
        "          \u0022sourceAddressPrefixes\u0022: [],\r\n",
        "          \u0022destinationAddressPrefixes\u0022: []\r\n",
        "        }\r\n",
        "      },\r\n",
        "      {\r\n",
        "        \u0022name\u0022: \u0022AllowAzureLoadBalancerInBound\u0022,\r\n",
        "        \u0022id\u0022: \u0022/subscriptions/db1ab6f0-4769-4b27-930e-01e2ef9c123c/resourceGroups/csmrg8141/providers/Microsoft.Network/networkSecurityGroups/azsmnet7039/defaultSecurityRules/AllowAzureLoadBalancerInBound\u0022,\r\n",
        "        \u0022etag\u0022: \u0022W/\\\u0022fb55cb2b-1023-4f82-aac3-05cc3e631479\\\u0022\u0022,\r\n",
        "        \u0022type\u0022: \u0022Microsoft.Network/networkSecurityGroups/defaultSecurityRules\u0022,\r\n",
        "        \u0022properties\u0022: {\r\n",
        "          \u0022provisioningState\u0022: \u0022Updating\u0022,\r\n",
        "          \u0022description\u0022: \u0022Allow inbound traffic from azure load balancer\u0022,\r\n",
        "          \u0022protocol\u0022: \u0022*\u0022,\r\n",
        "          \u0022sourcePortRange\u0022: \u0022*\u0022,\r\n",
        "          \u0022destinationPortRange\u0022: \u0022*\u0022,\r\n",
        "          \u0022sourceAddressPrefix\u0022: \u0022AzureLoadBalancer\u0022,\r\n",
        "          \u0022destinationAddressPrefix\u0022: \u0022*\u0022,\r\n",
        "          \u0022access\u0022: \u0022Allow\u0022,\r\n",
        "          \u0022priority\u0022: 65001,\r\n",
        "          \u0022direction\u0022: \u0022Inbound\u0022,\r\n",
        "          \u0022sourcePortRanges\u0022: [],\r\n",
        "          \u0022destinationPortRanges\u0022: [],\r\n",
        "          \u0022sourceAddressPrefixes\u0022: [],\r\n",
        "          \u0022destinationAddressPrefixes\u0022: []\r\n",
        "        }\r\n",
        "      },\r\n",
        "      {\r\n",
        "        \u0022name\u0022: \u0022DenyAllInBound\u0022,\r\n",
        "        \u0022id\u0022: \u0022/subscriptions/db1ab6f0-4769-4b27-930e-01e2ef9c123c/resourceGroups/csmrg8141/providers/Microsoft.Network/networkSecurityGroups/azsmnet7039/defaultSecurityRules/DenyAllInBound\u0022,\r\n",
        "        \u0022etag\u0022: \u0022W/\\\u0022fb55cb2b-1023-4f82-aac3-05cc3e631479\\\u0022\u0022,\r\n",
        "        \u0022type\u0022: \u0022Microsoft.Network/networkSecurityGroups/defaultSecurityRules\u0022,\r\n",
        "        \u0022properties\u0022: {\r\n",
        "          \u0022provisioningState\u0022: \u0022Updating\u0022,\r\n",
        "          \u0022description\u0022: \u0022Deny all inbound traffic\u0022,\r\n",
        "          \u0022protocol\u0022: \u0022*\u0022,\r\n",
        "          \u0022sourcePortRange\u0022: \u0022*\u0022,\r\n",
        "          \u0022destinationPortRange\u0022: \u0022*\u0022,\r\n",
        "          \u0022sourceAddressPrefix\u0022: \u0022*\u0022,\r\n",
        "          \u0022destinationAddressPrefix\u0022: \u0022*\u0022,\r\n",
        "          \u0022access\u0022: \u0022Deny\u0022,\r\n",
        "          \u0022priority\u0022: 65500,\r\n",
        "          \u0022direction\u0022: \u0022Inbound\u0022,\r\n",
        "          \u0022sourcePortRanges\u0022: [],\r\n",
        "          \u0022destinationPortRanges\u0022: [],\r\n",
        "          \u0022sourceAddressPrefixes\u0022: [],\r\n",
        "          \u0022destinationAddressPrefixes\u0022: []\r\n",
        "        }\r\n",
        "      },\r\n",
        "      {\r\n",
        "        \u0022name\u0022: \u0022AllowVnetOutBound\u0022,\r\n",
        "        \u0022id\u0022: \u0022/subscriptions/db1ab6f0-4769-4b27-930e-01e2ef9c123c/resourceGroups/csmrg8141/providers/Microsoft.Network/networkSecurityGroups/azsmnet7039/defaultSecurityRules/AllowVnetOutBound\u0022,\r\n",
        "        \u0022etag\u0022: \u0022W/\\\u0022fb55cb2b-1023-4f82-aac3-05cc3e631479\\\u0022\u0022,\r\n",
        "        \u0022type\u0022: \u0022Microsoft.Network/networkSecurityGroups/defaultSecurityRules\u0022,\r\n",
        "        \u0022properties\u0022: {\r\n",
        "          \u0022provisioningState\u0022: \u0022Updating\u0022,\r\n",
        "          \u0022description\u0022: \u0022Allow outbound traffic from all VMs to all VMs in VNET\u0022,\r\n",
        "          \u0022protocol\u0022: \u0022*\u0022,\r\n",
        "          \u0022sourcePortRange\u0022: \u0022*\u0022,\r\n",
        "          \u0022destinationPortRange\u0022: \u0022*\u0022,\r\n",
        "          \u0022sourceAddressPrefix\u0022: \u0022VirtualNetwork\u0022,\r\n",
        "          \u0022destinationAddressPrefix\u0022: \u0022VirtualNetwork\u0022,\r\n",
        "          \u0022access\u0022: \u0022Allow\u0022,\r\n",
        "          \u0022priority\u0022: 65000,\r\n",
        "          \u0022direction\u0022: \u0022Outbound\u0022,\r\n",
        "          \u0022sourcePortRanges\u0022: [],\r\n",
        "          \u0022destinationPortRanges\u0022: [],\r\n",
        "          \u0022sourceAddressPrefixes\u0022: [],\r\n",
        "          \u0022destinationAddressPrefixes\u0022: []\r\n",
        "        }\r\n",
        "      },\r\n",
        "      {\r\n",
        "        \u0022name\u0022: \u0022AllowInternetOutBound\u0022,\r\n",
        "        \u0022id\u0022: \u0022/subscriptions/db1ab6f0-4769-4b27-930e-01e2ef9c123c/resourceGroups/csmrg8141/providers/Microsoft.Network/networkSecurityGroups/azsmnet7039/defaultSecurityRules/AllowInternetOutBound\u0022,\r\n",
        "        \u0022etag\u0022: \u0022W/\\\u0022fb55cb2b-1023-4f82-aac3-05cc3e631479\\\u0022\u0022,\r\n",
        "        \u0022type\u0022: \u0022Microsoft.Network/networkSecurityGroups/defaultSecurityRules\u0022,\r\n",
        "        \u0022properties\u0022: {\r\n",
        "          \u0022provisioningState\u0022: \u0022Updating\u0022,\r\n",
        "          \u0022description\u0022: \u0022Allow outbound traffic from all VMs to Internet\u0022,\r\n",
        "          \u0022protocol\u0022: \u0022*\u0022,\r\n",
        "          \u0022sourcePortRange\u0022: \u0022*\u0022,\r\n",
        "          \u0022destinationPortRange\u0022: \u0022*\u0022,\r\n",
        "          \u0022sourceAddressPrefix\u0022: \u0022*\u0022,\r\n",
        "          \u0022destinationAddressPrefix\u0022: \u0022Internet\u0022,\r\n",
        "          \u0022access\u0022: \u0022Allow\u0022,\r\n",
        "          \u0022priority\u0022: 65001,\r\n",
        "          \u0022direction\u0022: \u0022Outbound\u0022,\r\n",
        "          \u0022sourcePortRanges\u0022: [],\r\n",
        "          \u0022destinationPortRanges\u0022: [],\r\n",
        "          \u0022sourceAddressPrefixes\u0022: [],\r\n",
        "          \u0022destinationAddressPrefixes\u0022: []\r\n",
        "        }\r\n",
        "      },\r\n",
        "      {\r\n",
        "        \u0022name\u0022: \u0022DenyAllOutBound\u0022,\r\n",
        "        \u0022id\u0022: \u0022/subscriptions/db1ab6f0-4769-4b27-930e-01e2ef9c123c/resourceGroups/csmrg8141/providers/Microsoft.Network/networkSecurityGroups/azsmnet7039/defaultSecurityRules/DenyAllOutBound\u0022,\r\n",
        "        \u0022etag\u0022: \u0022W/\\\u0022fb55cb2b-1023-4f82-aac3-05cc3e631479\\\u0022\u0022,\r\n",
        "        \u0022type\u0022: \u0022Microsoft.Network/networkSecurityGroups/defaultSecurityRules\u0022,\r\n",
        "        \u0022properties\u0022: {\r\n",
        "          \u0022provisioningState\u0022: \u0022Updating\u0022,\r\n",
        "          \u0022description\u0022: \u0022Deny all outbound traffic\u0022,\r\n",
        "          \u0022protocol\u0022: \u0022*\u0022,\r\n",
        "          \u0022sourcePortRange\u0022: \u0022*\u0022,\r\n",
        "          \u0022destinationPortRange\u0022: \u0022*\u0022,\r\n",
        "          \u0022sourceAddressPrefix\u0022: \u0022*\u0022,\r\n",
        "          \u0022destinationAddressPrefix\u0022: \u0022*\u0022,\r\n",
        "          \u0022access\u0022: \u0022Deny\u0022,\r\n",
        "          \u0022priority\u0022: 65500,\r\n",
        "          \u0022direction\u0022: \u0022Outbound\u0022,\r\n",
        "          \u0022sourcePortRanges\u0022: [],\r\n",
        "          \u0022destinationPortRanges\u0022: [],\r\n",
        "          \u0022sourceAddressPrefixes\u0022: [],\r\n",
        "          \u0022destinationAddressPrefixes\u0022: []\r\n",
        "        }\r\n",
        "      }\r\n",
        "    ]\r\n",
        "  }\r\n",
        "}"
      ]
    },
    {
      "RequestUri": "https://management.azure.com/subscriptions/db1ab6f0-4769-4b27-930e-01e2ef9c123c/providers/Microsoft.Network/locations/eastus/operations/ba4ad89b-24e9-48c8-954d-a7f6e15991d4?api-version=2021-02-01",
      "RequestMethod": "GET",
      "RequestHeaders": {
        "Authorization": "Sanitized",
        "User-Agent": "azsdk-net-ResourceManager/1.0.0-alpha.20210823.1 (.NET Framework 4.8.4341.0; Microsoft Windows 10.0.19043 )",
        "x-ms-client-request-id": "0ba0e2f2ee85a074534103b5617b9118",
        "x-ms-return-client-request-id": "true"
      },
      "RequestBody": null,
      "StatusCode": 200,
      "ResponseHeaders": {
        "Cache-Control": "no-cache",
        "Content-Length": "29",
        "Content-Type": "application/json; charset=utf-8",
        "Date": "Tue, 24 Aug 2021 03:23:01 GMT",
        "Expires": "-1",
        "Pragma": "no-cache",
        "Server": [
          "Microsoft-HTTPAPI/2.0",
          "Microsoft-HTTPAPI/2.0"
        ],
        "Strict-Transport-Security": "max-age=31536000; includeSubDomains",
        "X-Content-Type-Options": "nosniff",
        "x-ms-arm-service-request-id": "c9e9131b-922b-4e18-b394-846e1a70574b",
        "x-ms-client-request-id": "0ba0e2f2ee85a074534103b5617b9118",
        "x-ms-correlation-request-id": "8d9db6f9-e371-49ab-acee-68c7de018266",
        "x-ms-ratelimit-remaining-subscription-reads": "11989",
        "x-ms-request-id": "a8e0d84e-8c74-42eb-9e39-ccf6646e7d1d",
        "x-ms-routing-request-id": "SOUTHEASTASIA:20210824T032302Z:8d9db6f9-e371-49ab-acee-68c7de018266"
      },
      "ResponseBody": [
        "{\r\n",
        "  \u0022status\u0022: \u0022Succeeded\u0022\r\n",
        "}"
      ]
    },
    {
      "RequestUri": "https://management.azure.com/subscriptions/db1ab6f0-4769-4b27-930e-01e2ef9c123c/resourceGroups/csmrg8141/providers/Microsoft.Network/networkSecurityGroups/azsmnet7039?api-version=2021-02-01",
      "RequestMethod": "GET",
      "RequestHeaders": {
        "Authorization": "Sanitized",
        "User-Agent": "azsdk-net-ResourceManager/1.0.0-alpha.20210823.1 (.NET Framework 4.8.4341.0; Microsoft Windows 10.0.19043 )",
        "x-ms-client-request-id": "114ca5c3bafceffb0aabd3443125eb09",
        "x-ms-return-client-request-id": "true"
      },
      "RequestBody": null,
      "StatusCode": 200,
      "ResponseHeaders": {
        "Cache-Control": "no-cache",
        "Content-Length": "6526",
        "Content-Type": "application/json; charset=utf-8",
        "Date": "Tue, 24 Aug 2021 03:23:02 GMT",
        "ETag": "W/\u0022d16f5ed6-10df-4a51-9c52-772129eb036b\u0022",
        "Expires": "-1",
        "Pragma": "no-cache",
        "Server": [
          "Microsoft-HTTPAPI/2.0",
          "Microsoft-HTTPAPI/2.0"
        ],
        "Strict-Transport-Security": "max-age=31536000; includeSubDomains",
        "X-Content-Type-Options": "nosniff",
        "x-ms-arm-service-request-id": "6b16c508-52df-49be-8dd0-c04e2bdb86cd",
        "x-ms-client-request-id": "114ca5c3bafceffb0aabd3443125eb09",
        "x-ms-correlation-request-id": "e20015e5-9c8c-4f59-a4f3-b0b9453046a8",
        "x-ms-ratelimit-remaining-subscription-reads": "11988",
        "x-ms-request-id": "8235fd1b-15d1-491f-a869-caefadef20dd",
        "x-ms-routing-request-id": "SOUTHEASTASIA:20210824T032302Z:e20015e5-9c8c-4f59-a4f3-b0b9453046a8"
      },
      "ResponseBody": [
        "{\r\n",
        "  \u0022name\u0022: \u0022azsmnet7039\u0022,\r\n",
        "  \u0022id\u0022: \u0022/subscriptions/db1ab6f0-4769-4b27-930e-01e2ef9c123c/resourceGroups/csmrg8141/providers/Microsoft.Network/networkSecurityGroups/azsmnet7039\u0022,\r\n",
        "  \u0022etag\u0022: \u0022W/\\\u0022d16f5ed6-10df-4a51-9c52-772129eb036b\\\u0022\u0022,\r\n",
        "  \u0022type\u0022: \u0022Microsoft.Network/networkSecurityGroups\u0022,\r\n",
        "  \u0022location\u0022: \u0022eastus\u0022,\r\n",
        "  \u0022properties\u0022: {\r\n",
        "    \u0022provisioningState\u0022: \u0022Succeeded\u0022,\r\n",
        "    \u0022resourceGuid\u0022: \u002241ddbcfb-4ba4-4da0-a0f9-96e1c8ad7ea3\u0022,\r\n",
        "    \u0022securityRules\u0022: [],\r\n",
        "    \u0022defaultSecurityRules\u0022: [\r\n",
        "      {\r\n",
        "        \u0022name\u0022: \u0022AllowVnetInBound\u0022,\r\n",
        "        \u0022id\u0022: \u0022/subscriptions/db1ab6f0-4769-4b27-930e-01e2ef9c123c/resourceGroups/csmrg8141/providers/Microsoft.Network/networkSecurityGroups/azsmnet7039/defaultSecurityRules/AllowVnetInBound\u0022,\r\n",
        "        \u0022etag\u0022: \u0022W/\\\u0022d16f5ed6-10df-4a51-9c52-772129eb036b\\\u0022\u0022,\r\n",
        "        \u0022type\u0022: \u0022Microsoft.Network/networkSecurityGroups/defaultSecurityRules\u0022,\r\n",
        "        \u0022properties\u0022: {\r\n",
        "          \u0022provisioningState\u0022: \u0022Succeeded\u0022,\r\n",
        "          \u0022description\u0022: \u0022Allow inbound traffic from all VMs in VNET\u0022,\r\n",
        "          \u0022protocol\u0022: \u0022*\u0022,\r\n",
        "          \u0022sourcePortRange\u0022: \u0022*\u0022,\r\n",
        "          \u0022destinationPortRange\u0022: \u0022*\u0022,\r\n",
        "          \u0022sourceAddressPrefix\u0022: \u0022VirtualNetwork\u0022,\r\n",
        "          \u0022destinationAddressPrefix\u0022: \u0022VirtualNetwork\u0022,\r\n",
        "          \u0022access\u0022: \u0022Allow\u0022,\r\n",
        "          \u0022priority\u0022: 65000,\r\n",
        "          \u0022direction\u0022: \u0022Inbound\u0022,\r\n",
        "          \u0022sourcePortRanges\u0022: [],\r\n",
        "          \u0022destinationPortRanges\u0022: [],\r\n",
        "          \u0022sourceAddressPrefixes\u0022: [],\r\n",
        "          \u0022destinationAddressPrefixes\u0022: []\r\n",
        "        }\r\n",
        "      },\r\n",
        "      {\r\n",
        "        \u0022name\u0022: \u0022AllowAzureLoadBalancerInBound\u0022,\r\n",
        "        \u0022id\u0022: \u0022/subscriptions/db1ab6f0-4769-4b27-930e-01e2ef9c123c/resourceGroups/csmrg8141/providers/Microsoft.Network/networkSecurityGroups/azsmnet7039/defaultSecurityRules/AllowAzureLoadBalancerInBound\u0022,\r\n",
        "        \u0022etag\u0022: \u0022W/\\\u0022d16f5ed6-10df-4a51-9c52-772129eb036b\\\u0022\u0022,\r\n",
        "        \u0022type\u0022: \u0022Microsoft.Network/networkSecurityGroups/defaultSecurityRules\u0022,\r\n",
        "        \u0022properties\u0022: {\r\n",
        "          \u0022provisioningState\u0022: \u0022Succeeded\u0022,\r\n",
        "          \u0022description\u0022: \u0022Allow inbound traffic from azure load balancer\u0022,\r\n",
        "          \u0022protocol\u0022: \u0022*\u0022,\r\n",
        "          \u0022sourcePortRange\u0022: \u0022*\u0022,\r\n",
        "          \u0022destinationPortRange\u0022: \u0022*\u0022,\r\n",
        "          \u0022sourceAddressPrefix\u0022: \u0022AzureLoadBalancer\u0022,\r\n",
        "          \u0022destinationAddressPrefix\u0022: \u0022*\u0022,\r\n",
        "          \u0022access\u0022: \u0022Allow\u0022,\r\n",
        "          \u0022priority\u0022: 65001,\r\n",
        "          \u0022direction\u0022: \u0022Inbound\u0022,\r\n",
        "          \u0022sourcePortRanges\u0022: [],\r\n",
        "          \u0022destinationPortRanges\u0022: [],\r\n",
        "          \u0022sourceAddressPrefixes\u0022: [],\r\n",
        "          \u0022destinationAddressPrefixes\u0022: []\r\n",
        "        }\r\n",
        "      },\r\n",
        "      {\r\n",
        "        \u0022name\u0022: \u0022DenyAllInBound\u0022,\r\n",
        "        \u0022id\u0022: \u0022/subscriptions/db1ab6f0-4769-4b27-930e-01e2ef9c123c/resourceGroups/csmrg8141/providers/Microsoft.Network/networkSecurityGroups/azsmnet7039/defaultSecurityRules/DenyAllInBound\u0022,\r\n",
        "        \u0022etag\u0022: \u0022W/\\\u0022d16f5ed6-10df-4a51-9c52-772129eb036b\\\u0022\u0022,\r\n",
        "        \u0022type\u0022: \u0022Microsoft.Network/networkSecurityGroups/defaultSecurityRules\u0022,\r\n",
        "        \u0022properties\u0022: {\r\n",
        "          \u0022provisioningState\u0022: \u0022Succeeded\u0022,\r\n",
        "          \u0022description\u0022: \u0022Deny all inbound traffic\u0022,\r\n",
        "          \u0022protocol\u0022: \u0022*\u0022,\r\n",
        "          \u0022sourcePortRange\u0022: \u0022*\u0022,\r\n",
        "          \u0022destinationPortRange\u0022: \u0022*\u0022,\r\n",
        "          \u0022sourceAddressPrefix\u0022: \u0022*\u0022,\r\n",
        "          \u0022destinationAddressPrefix\u0022: \u0022*\u0022,\r\n",
        "          \u0022access\u0022: \u0022Deny\u0022,\r\n",
        "          \u0022priority\u0022: 65500,\r\n",
        "          \u0022direction\u0022: \u0022Inbound\u0022,\r\n",
        "          \u0022sourcePortRanges\u0022: [],\r\n",
        "          \u0022destinationPortRanges\u0022: [],\r\n",
        "          \u0022sourceAddressPrefixes\u0022: [],\r\n",
        "          \u0022destinationAddressPrefixes\u0022: []\r\n",
        "        }\r\n",
        "      },\r\n",
        "      {\r\n",
        "        \u0022name\u0022: \u0022AllowVnetOutBound\u0022,\r\n",
        "        \u0022id\u0022: \u0022/subscriptions/db1ab6f0-4769-4b27-930e-01e2ef9c123c/resourceGroups/csmrg8141/providers/Microsoft.Network/networkSecurityGroups/azsmnet7039/defaultSecurityRules/AllowVnetOutBound\u0022,\r\n",
        "        \u0022etag\u0022: \u0022W/\\\u0022d16f5ed6-10df-4a51-9c52-772129eb036b\\\u0022\u0022,\r\n",
        "        \u0022type\u0022: \u0022Microsoft.Network/networkSecurityGroups/defaultSecurityRules\u0022,\r\n",
        "        \u0022properties\u0022: {\r\n",
        "          \u0022provisioningState\u0022: \u0022Succeeded\u0022,\r\n",
        "          \u0022description\u0022: \u0022Allow outbound traffic from all VMs to all VMs in VNET\u0022,\r\n",
        "          \u0022protocol\u0022: \u0022*\u0022,\r\n",
        "          \u0022sourcePortRange\u0022: \u0022*\u0022,\r\n",
        "          \u0022destinationPortRange\u0022: \u0022*\u0022,\r\n",
        "          \u0022sourceAddressPrefix\u0022: \u0022VirtualNetwork\u0022,\r\n",
        "          \u0022destinationAddressPrefix\u0022: \u0022VirtualNetwork\u0022,\r\n",
        "          \u0022access\u0022: \u0022Allow\u0022,\r\n",
        "          \u0022priority\u0022: 65000,\r\n",
        "          \u0022direction\u0022: \u0022Outbound\u0022,\r\n",
        "          \u0022sourcePortRanges\u0022: [],\r\n",
        "          \u0022destinationPortRanges\u0022: [],\r\n",
        "          \u0022sourceAddressPrefixes\u0022: [],\r\n",
        "          \u0022destinationAddressPrefixes\u0022: []\r\n",
        "        }\r\n",
        "      },\r\n",
        "      {\r\n",
        "        \u0022name\u0022: \u0022AllowInternetOutBound\u0022,\r\n",
        "        \u0022id\u0022: \u0022/subscriptions/db1ab6f0-4769-4b27-930e-01e2ef9c123c/resourceGroups/csmrg8141/providers/Microsoft.Network/networkSecurityGroups/azsmnet7039/defaultSecurityRules/AllowInternetOutBound\u0022,\r\n",
        "        \u0022etag\u0022: \u0022W/\\\u0022d16f5ed6-10df-4a51-9c52-772129eb036b\\\u0022\u0022,\r\n",
        "        \u0022type\u0022: \u0022Microsoft.Network/networkSecurityGroups/defaultSecurityRules\u0022,\r\n",
        "        \u0022properties\u0022: {\r\n",
        "          \u0022provisioningState\u0022: \u0022Succeeded\u0022,\r\n",
        "          \u0022description\u0022: \u0022Allow outbound traffic from all VMs to Internet\u0022,\r\n",
        "          \u0022protocol\u0022: \u0022*\u0022,\r\n",
        "          \u0022sourcePortRange\u0022: \u0022*\u0022,\r\n",
        "          \u0022destinationPortRange\u0022: \u0022*\u0022,\r\n",
        "          \u0022sourceAddressPrefix\u0022: \u0022*\u0022,\r\n",
        "          \u0022destinationAddressPrefix\u0022: \u0022Internet\u0022,\r\n",
        "          \u0022access\u0022: \u0022Allow\u0022,\r\n",
        "          \u0022priority\u0022: 65001,\r\n",
        "          \u0022direction\u0022: \u0022Outbound\u0022,\r\n",
        "          \u0022sourcePortRanges\u0022: [],\r\n",
        "          \u0022destinationPortRanges\u0022: [],\r\n",
        "          \u0022sourceAddressPrefixes\u0022: [],\r\n",
        "          \u0022destinationAddressPrefixes\u0022: []\r\n",
        "        }\r\n",
        "      },\r\n",
        "      {\r\n",
        "        \u0022name\u0022: \u0022DenyAllOutBound\u0022,\r\n",
        "        \u0022id\u0022: \u0022/subscriptions/db1ab6f0-4769-4b27-930e-01e2ef9c123c/resourceGroups/csmrg8141/providers/Microsoft.Network/networkSecurityGroups/azsmnet7039/defaultSecurityRules/DenyAllOutBound\u0022,\r\n",
        "        \u0022etag\u0022: \u0022W/\\\u0022d16f5ed6-10df-4a51-9c52-772129eb036b\\\u0022\u0022,\r\n",
        "        \u0022type\u0022: \u0022Microsoft.Network/networkSecurityGroups/defaultSecurityRules\u0022,\r\n",
        "        \u0022properties\u0022: {\r\n",
        "          \u0022provisioningState\u0022: \u0022Succeeded\u0022,\r\n",
        "          \u0022description\u0022: \u0022Deny all outbound traffic\u0022,\r\n",
        "          \u0022protocol\u0022: \u0022*\u0022,\r\n",
        "          \u0022sourcePortRange\u0022: \u0022*\u0022,\r\n",
        "          \u0022destinationPortRange\u0022: \u0022*\u0022,\r\n",
        "          \u0022sourceAddressPrefix\u0022: \u0022*\u0022,\r\n",
        "          \u0022destinationAddressPrefix\u0022: \u0022*\u0022,\r\n",
        "          \u0022access\u0022: \u0022Deny\u0022,\r\n",
        "          \u0022priority\u0022: 65500,\r\n",
        "          \u0022direction\u0022: \u0022Outbound\u0022,\r\n",
        "          \u0022sourcePortRanges\u0022: [],\r\n",
        "          \u0022destinationPortRanges\u0022: [],\r\n",
        "          \u0022sourceAddressPrefixes\u0022: [],\r\n",
        "          \u0022destinationAddressPrefixes\u0022: []\r\n",
        "        }\r\n",
        "      }\r\n",
        "    ]\r\n",
        "  }\r\n",
        "}"
      ]
    },
    {
      "RequestUri": "https://management.azure.com/subscriptions/db1ab6f0-4769-4b27-930e-01e2ef9c123c/resourceGroups/csmrg8141/providers/Microsoft.Network/networkSecurityGroups/azsmnet7039?api-version=2021-02-01",
      "RequestMethod": "GET",
      "RequestHeaders": {
        "Accept": "application/json",
        "Authorization": "Sanitized",
        "User-Agent": "azsdk-net-ResourceManager/1.0.0-alpha.20210823.1 (.NET Framework 4.8.4341.0; Microsoft Windows 10.0.19043 )",
        "x-ms-client-request-id": "fe64256744120e74a6f12b612df7b315",
        "x-ms-return-client-request-id": "true"
      },
      "RequestBody": null,
      "StatusCode": 200,
      "ResponseHeaders": {
        "Cache-Control": "no-cache",
        "Content-Length": "6526",
        "Content-Type": "application/json; charset=utf-8",
        "Date": "Tue, 24 Aug 2021 03:23:02 GMT",
        "ETag": "W/\u0022d16f5ed6-10df-4a51-9c52-772129eb036b\u0022",
        "Expires": "-1",
        "Pragma": "no-cache",
        "Server": [
          "Microsoft-HTTPAPI/2.0",
          "Microsoft-HTTPAPI/2.0"
        ],
        "Strict-Transport-Security": "max-age=31536000; includeSubDomains",
        "X-Content-Type-Options": "nosniff",
        "x-ms-arm-service-request-id": "deb24545-6ee0-4e89-b5e9-f8a19d9bcd19",
        "x-ms-client-request-id": "fe64256744120e74a6f12b612df7b315",
        "x-ms-correlation-request-id": "8c4ff712-b138-4684-8906-d44cabf01385",
        "x-ms-ratelimit-remaining-subscription-reads": "11987",
        "x-ms-request-id": "f8de5e92-8ee2-464a-aaf6-49d8b9001a81",
        "x-ms-routing-request-id": "SOUTHEASTASIA:20210824T032302Z:8c4ff712-b138-4684-8906-d44cabf01385"
      },
      "ResponseBody": [
        "{\r\n",
        "  \u0022name\u0022: \u0022azsmnet7039\u0022,\r\n",
        "  \u0022id\u0022: \u0022/subscriptions/db1ab6f0-4769-4b27-930e-01e2ef9c123c/resourceGroups/csmrg8141/providers/Microsoft.Network/networkSecurityGroups/azsmnet7039\u0022,\r\n",
        "  \u0022etag\u0022: \u0022W/\\\u0022d16f5ed6-10df-4a51-9c52-772129eb036b\\\u0022\u0022,\r\n",
        "  \u0022type\u0022: \u0022Microsoft.Network/networkSecurityGroups\u0022,\r\n",
        "  \u0022location\u0022: \u0022eastus\u0022,\r\n",
        "  \u0022properties\u0022: {\r\n",
        "    \u0022provisioningState\u0022: \u0022Succeeded\u0022,\r\n",
        "    \u0022resourceGuid\u0022: \u002241ddbcfb-4ba4-4da0-a0f9-96e1c8ad7ea3\u0022,\r\n",
        "    \u0022securityRules\u0022: [],\r\n",
        "    \u0022defaultSecurityRules\u0022: [\r\n",
        "      {\r\n",
        "        \u0022name\u0022: \u0022AllowVnetInBound\u0022,\r\n",
        "        \u0022id\u0022: \u0022/subscriptions/db1ab6f0-4769-4b27-930e-01e2ef9c123c/resourceGroups/csmrg8141/providers/Microsoft.Network/networkSecurityGroups/azsmnet7039/defaultSecurityRules/AllowVnetInBound\u0022,\r\n",
        "        \u0022etag\u0022: \u0022W/\\\u0022d16f5ed6-10df-4a51-9c52-772129eb036b\\\u0022\u0022,\r\n",
        "        \u0022type\u0022: \u0022Microsoft.Network/networkSecurityGroups/defaultSecurityRules\u0022,\r\n",
        "        \u0022properties\u0022: {\r\n",
        "          \u0022provisioningState\u0022: \u0022Succeeded\u0022,\r\n",
        "          \u0022description\u0022: \u0022Allow inbound traffic from all VMs in VNET\u0022,\r\n",
        "          \u0022protocol\u0022: \u0022*\u0022,\r\n",
        "          \u0022sourcePortRange\u0022: \u0022*\u0022,\r\n",
        "          \u0022destinationPortRange\u0022: \u0022*\u0022,\r\n",
        "          \u0022sourceAddressPrefix\u0022: \u0022VirtualNetwork\u0022,\r\n",
        "          \u0022destinationAddressPrefix\u0022: \u0022VirtualNetwork\u0022,\r\n",
        "          \u0022access\u0022: \u0022Allow\u0022,\r\n",
        "          \u0022priority\u0022: 65000,\r\n",
        "          \u0022direction\u0022: \u0022Inbound\u0022,\r\n",
        "          \u0022sourcePortRanges\u0022: [],\r\n",
        "          \u0022destinationPortRanges\u0022: [],\r\n",
        "          \u0022sourceAddressPrefixes\u0022: [],\r\n",
        "          \u0022destinationAddressPrefixes\u0022: []\r\n",
        "        }\r\n",
        "      },\r\n",
        "      {\r\n",
        "        \u0022name\u0022: \u0022AllowAzureLoadBalancerInBound\u0022,\r\n",
        "        \u0022id\u0022: \u0022/subscriptions/db1ab6f0-4769-4b27-930e-01e2ef9c123c/resourceGroups/csmrg8141/providers/Microsoft.Network/networkSecurityGroups/azsmnet7039/defaultSecurityRules/AllowAzureLoadBalancerInBound\u0022,\r\n",
        "        \u0022etag\u0022: \u0022W/\\\u0022d16f5ed6-10df-4a51-9c52-772129eb036b\\\u0022\u0022,\r\n",
        "        \u0022type\u0022: \u0022Microsoft.Network/networkSecurityGroups/defaultSecurityRules\u0022,\r\n",
        "        \u0022properties\u0022: {\r\n",
        "          \u0022provisioningState\u0022: \u0022Succeeded\u0022,\r\n",
        "          \u0022description\u0022: \u0022Allow inbound traffic from azure load balancer\u0022,\r\n",
        "          \u0022protocol\u0022: \u0022*\u0022,\r\n",
        "          \u0022sourcePortRange\u0022: \u0022*\u0022,\r\n",
        "          \u0022destinationPortRange\u0022: \u0022*\u0022,\r\n",
        "          \u0022sourceAddressPrefix\u0022: \u0022AzureLoadBalancer\u0022,\r\n",
        "          \u0022destinationAddressPrefix\u0022: \u0022*\u0022,\r\n",
        "          \u0022access\u0022: \u0022Allow\u0022,\r\n",
        "          \u0022priority\u0022: 65001,\r\n",
        "          \u0022direction\u0022: \u0022Inbound\u0022,\r\n",
        "          \u0022sourcePortRanges\u0022: [],\r\n",
        "          \u0022destinationPortRanges\u0022: [],\r\n",
        "          \u0022sourceAddressPrefixes\u0022: [],\r\n",
        "          \u0022destinationAddressPrefixes\u0022: []\r\n",
        "        }\r\n",
        "      },\r\n",
        "      {\r\n",
        "        \u0022name\u0022: \u0022DenyAllInBound\u0022,\r\n",
        "        \u0022id\u0022: \u0022/subscriptions/db1ab6f0-4769-4b27-930e-01e2ef9c123c/resourceGroups/csmrg8141/providers/Microsoft.Network/networkSecurityGroups/azsmnet7039/defaultSecurityRules/DenyAllInBound\u0022,\r\n",
        "        \u0022etag\u0022: \u0022W/\\\u0022d16f5ed6-10df-4a51-9c52-772129eb036b\\\u0022\u0022,\r\n",
        "        \u0022type\u0022: \u0022Microsoft.Network/networkSecurityGroups/defaultSecurityRules\u0022,\r\n",
        "        \u0022properties\u0022: {\r\n",
        "          \u0022provisioningState\u0022: \u0022Succeeded\u0022,\r\n",
        "          \u0022description\u0022: \u0022Deny all inbound traffic\u0022,\r\n",
        "          \u0022protocol\u0022: \u0022*\u0022,\r\n",
        "          \u0022sourcePortRange\u0022: \u0022*\u0022,\r\n",
        "          \u0022destinationPortRange\u0022: \u0022*\u0022,\r\n",
        "          \u0022sourceAddressPrefix\u0022: \u0022*\u0022,\r\n",
        "          \u0022destinationAddressPrefix\u0022: \u0022*\u0022,\r\n",
        "          \u0022access\u0022: \u0022Deny\u0022,\r\n",
        "          \u0022priority\u0022: 65500,\r\n",
        "          \u0022direction\u0022: \u0022Inbound\u0022,\r\n",
        "          \u0022sourcePortRanges\u0022: [],\r\n",
        "          \u0022destinationPortRanges\u0022: [],\r\n",
        "          \u0022sourceAddressPrefixes\u0022: [],\r\n",
        "          \u0022destinationAddressPrefixes\u0022: []\r\n",
        "        }\r\n",
        "      },\r\n",
        "      {\r\n",
        "        \u0022name\u0022: \u0022AllowVnetOutBound\u0022,\r\n",
        "        \u0022id\u0022: \u0022/subscriptions/db1ab6f0-4769-4b27-930e-01e2ef9c123c/resourceGroups/csmrg8141/providers/Microsoft.Network/networkSecurityGroups/azsmnet7039/defaultSecurityRules/AllowVnetOutBound\u0022,\r\n",
        "        \u0022etag\u0022: \u0022W/\\\u0022d16f5ed6-10df-4a51-9c52-772129eb036b\\\u0022\u0022,\r\n",
        "        \u0022type\u0022: \u0022Microsoft.Network/networkSecurityGroups/defaultSecurityRules\u0022,\r\n",
        "        \u0022properties\u0022: {\r\n",
        "          \u0022provisioningState\u0022: \u0022Succeeded\u0022,\r\n",
        "          \u0022description\u0022: \u0022Allow outbound traffic from all VMs to all VMs in VNET\u0022,\r\n",
        "          \u0022protocol\u0022: \u0022*\u0022,\r\n",
        "          \u0022sourcePortRange\u0022: \u0022*\u0022,\r\n",
        "          \u0022destinationPortRange\u0022: \u0022*\u0022,\r\n",
        "          \u0022sourceAddressPrefix\u0022: \u0022VirtualNetwork\u0022,\r\n",
        "          \u0022destinationAddressPrefix\u0022: \u0022VirtualNetwork\u0022,\r\n",
        "          \u0022access\u0022: \u0022Allow\u0022,\r\n",
        "          \u0022priority\u0022: 65000,\r\n",
        "          \u0022direction\u0022: \u0022Outbound\u0022,\r\n",
        "          \u0022sourcePortRanges\u0022: [],\r\n",
        "          \u0022destinationPortRanges\u0022: [],\r\n",
        "          \u0022sourceAddressPrefixes\u0022: [],\r\n",
        "          \u0022destinationAddressPrefixes\u0022: []\r\n",
        "        }\r\n",
        "      },\r\n",
        "      {\r\n",
        "        \u0022name\u0022: \u0022AllowInternetOutBound\u0022,\r\n",
        "        \u0022id\u0022: \u0022/subscriptions/db1ab6f0-4769-4b27-930e-01e2ef9c123c/resourceGroups/csmrg8141/providers/Microsoft.Network/networkSecurityGroups/azsmnet7039/defaultSecurityRules/AllowInternetOutBound\u0022,\r\n",
        "        \u0022etag\u0022: \u0022W/\\\u0022d16f5ed6-10df-4a51-9c52-772129eb036b\\\u0022\u0022,\r\n",
        "        \u0022type\u0022: \u0022Microsoft.Network/networkSecurityGroups/defaultSecurityRules\u0022,\r\n",
        "        \u0022properties\u0022: {\r\n",
        "          \u0022provisioningState\u0022: \u0022Succeeded\u0022,\r\n",
        "          \u0022description\u0022: \u0022Allow outbound traffic from all VMs to Internet\u0022,\r\n",
        "          \u0022protocol\u0022: \u0022*\u0022,\r\n",
        "          \u0022sourcePortRange\u0022: \u0022*\u0022,\r\n",
        "          \u0022destinationPortRange\u0022: \u0022*\u0022,\r\n",
        "          \u0022sourceAddressPrefix\u0022: \u0022*\u0022,\r\n",
        "          \u0022destinationAddressPrefix\u0022: \u0022Internet\u0022,\r\n",
        "          \u0022access\u0022: \u0022Allow\u0022,\r\n",
        "          \u0022priority\u0022: 65001,\r\n",
        "          \u0022direction\u0022: \u0022Outbound\u0022,\r\n",
        "          \u0022sourcePortRanges\u0022: [],\r\n",
        "          \u0022destinationPortRanges\u0022: [],\r\n",
        "          \u0022sourceAddressPrefixes\u0022: [],\r\n",
        "          \u0022destinationAddressPrefixes\u0022: []\r\n",
        "        }\r\n",
        "      },\r\n",
        "      {\r\n",
        "        \u0022name\u0022: \u0022DenyAllOutBound\u0022,\r\n",
        "        \u0022id\u0022: \u0022/subscriptions/db1ab6f0-4769-4b27-930e-01e2ef9c123c/resourceGroups/csmrg8141/providers/Microsoft.Network/networkSecurityGroups/azsmnet7039/defaultSecurityRules/DenyAllOutBound\u0022,\r\n",
        "        \u0022etag\u0022: \u0022W/\\\u0022d16f5ed6-10df-4a51-9c52-772129eb036b\\\u0022\u0022,\r\n",
        "        \u0022type\u0022: \u0022Microsoft.Network/networkSecurityGroups/defaultSecurityRules\u0022,\r\n",
        "        \u0022properties\u0022: {\r\n",
        "          \u0022provisioningState\u0022: \u0022Succeeded\u0022,\r\n",
        "          \u0022description\u0022: \u0022Deny all outbound traffic\u0022,\r\n",
        "          \u0022protocol\u0022: \u0022*\u0022,\r\n",
        "          \u0022sourcePortRange\u0022: \u0022*\u0022,\r\n",
        "          \u0022destinationPortRange\u0022: \u0022*\u0022,\r\n",
        "          \u0022sourceAddressPrefix\u0022: \u0022*\u0022,\r\n",
        "          \u0022destinationAddressPrefix\u0022: \u0022*\u0022,\r\n",
        "          \u0022access\u0022: \u0022Deny\u0022,\r\n",
        "          \u0022priority\u0022: 65500,\r\n",
        "          \u0022direction\u0022: \u0022Outbound\u0022,\r\n",
        "          \u0022sourcePortRanges\u0022: [],\r\n",
        "          \u0022destinationPortRanges\u0022: [],\r\n",
        "          \u0022sourceAddressPrefixes\u0022: [],\r\n",
        "          \u0022destinationAddressPrefixes\u0022: []\r\n",
        "        }\r\n",
        "      }\r\n",
        "    ]\r\n",
        "  }\r\n",
        "}"
      ]
    },
    {
      "RequestUri": "https://management.azure.com/subscriptions/db1ab6f0-4769-4b27-930e-01e2ef9c123c/providers/Microsoft.Network/locations/eastus/usages?api-version=2021-02-01",
      "RequestMethod": "GET",
      "RequestHeaders": {
        "Accept": "application/json",
        "Authorization": "Sanitized",
        "traceparent": "00-efc6c6c5842bcd438c7729e266861202-1becf7807d80544a-00",
        "User-Agent": "azsdk-net-ResourceManager/1.0.0-alpha.20210823.1 (.NET Framework 4.8.4341.0; Microsoft Windows 10.0.19043 )",
        "x-ms-client-request-id": "8ed822531d87381ce7b001d91a2f6e2e",
        "x-ms-return-client-request-id": "true"
      },
      "RequestBody": null,
      "StatusCode": 200,
      "ResponseHeaders": {
        "Cache-Control": "no-cache",
        "Content-Length": "15288",
        "Content-Type": "application/json; charset=utf-8",
        "Date": "Tue, 24 Aug 2021 03:23:02 GMT",
        "Expires": "-1",
        "Pragma": "no-cache",
        "Server": [
          "Microsoft-HTTPAPI/2.0",
          "Microsoft-HTTPAPI/2.0"
        ],
        "Strict-Transport-Security": "max-age=31536000; includeSubDomains",
        "X-Content-Type-Options": "nosniff",
        "x-ms-arm-service-request-id": "67618a63-1e3a-4db8-bfa6-43062f1bc62d",
        "x-ms-client-request-id": "8ed822531d87381ce7b001d91a2f6e2e",
        "x-ms-correlation-request-id": "92626834-9f9e-40c4-b326-d1d4848c7ec9",
        "x-ms-ratelimit-remaining-subscription-reads": "11986",
        "x-ms-request-id": "616ef89d-7dfd-4fb0-83fd-1d790dbef484",
        "x-ms-routing-request-id": "SOUTHEASTASIA:20210824T032302Z:92626834-9f9e-40c4-b326-d1d4848c7ec9"
      },
      "ResponseBody": [
        "{\r\n",
        "  \u0022value\u0022: [\r\n",
        "    {\r\n",
        "      \u0022currentValue\u0022: 4,\r\n",
        "      \u0022id\u0022: \u0022/subscriptions/db1ab6f0-4769-4b27-930e-01e2ef9c123c/providers/Microsoft.Network/locations/eastus/usages/VirtualNetworks\u0022,\r\n",
        "      \u0022limit\u0022: 1000,\r\n",
        "      \u0022name\u0022: {\r\n",
        "        \u0022localizedValue\u0022: \u0022Virtual Networks\u0022,\r\n",
        "        \u0022value\u0022: \u0022VirtualNetworks\u0022\r\n",
        "      },\r\n",
        "      \u0022unit\u0022: \u0022Count\u0022\r\n",
        "    },\r\n",
        "    {\r\n",
        "      \u0022currentValue\u0022: 0,\r\n",
        "      \u0022id\u0022: \u0022/subscriptions/db1ab6f0-4769-4b27-930e-01e2ef9c123c/providers/Microsoft.Network/locations/eastus/usages/StaticPublicIPAddresses\u0022,\r\n",
        "      \u0022limit\u0022: 1000,\r\n",
        "      \u0022name\u0022: {\r\n",
        "        \u0022localizedValue\u0022: \u0022Static Public IP Addresses\u0022,\r\n",
        "        \u0022value\u0022: \u0022StaticPublicIPAddresses\u0022\r\n",
        "      },\r\n",
        "      \u0022unit\u0022: \u0022Count\u0022\r\n",
        "    },\r\n",
        "    {\r\n",
        "      \u0022currentValue\u0022: 6,\r\n",
        "      \u0022id\u0022: \u0022/subscriptions/db1ab6f0-4769-4b27-930e-01e2ef9c123c/providers/Microsoft.Network/locations/eastus/usages/NetworkSecurityGroups\u0022,\r\n",
        "      \u0022limit\u0022: 5000,\r\n",
        "      \u0022name\u0022: {\r\n",
        "        \u0022localizedValue\u0022: \u0022Network Security Groups\u0022,\r\n",
        "        \u0022value\u0022: \u0022NetworkSecurityGroups\u0022\r\n",
        "      },\r\n",
        "      \u0022unit\u0022: \u0022Count\u0022\r\n",
        "    },\r\n",
        "    {\r\n",
        "      \u0022currentValue\u0022: 2,\r\n",
        "      \u0022id\u0022: \u0022/subscriptions/db1ab6f0-4769-4b27-930e-01e2ef9c123c/providers/Microsoft.Network/locations/eastus/usages/PublicIPAddresses\u0022,\r\n",
        "      \u0022limit\u0022: 1000,\r\n",
        "      \u0022name\u0022: {\r\n",
        "        \u0022localizedValue\u0022: \u0022Public IP Addresses - Basic\u0022,\r\n",
        "        \u0022value\u0022: \u0022PublicIPAddresses\u0022\r\n",
        "      },\r\n",
        "      \u0022unit\u0022: \u0022Count\u0022\r\n",
        "    },\r\n",
        "    {\r\n",
        "      \u0022currentValue\u0022: 0,\r\n",
        "      \u0022id\u0022: \u0022/subscriptions/db1ab6f0-4769-4b27-930e-01e2ef9c123c/providers/Microsoft.Network/locations/eastus/usages/PublicIpPrefixes\u0022,\r\n",
        "      \u0022limit\u0022: 2147483647,\r\n",
        "      \u0022name\u0022: {\r\n",
        "        \u0022localizedValue\u0022: \u0022Public Ip Prefixes\u0022,\r\n",
        "        \u0022value\u0022: \u0022PublicIpPrefixes\u0022\r\n",
        "      },\r\n",
        "      \u0022unit\u0022: \u0022Count\u0022\r\n",
        "    },\r\n",
        "    {\r\n",
        "      \u0022currentValue\u0022: 0,\r\n",
        "      \u0022id\u0022: \u0022/subscriptions/db1ab6f0-4769-4b27-930e-01e2ef9c123c/providers/Microsoft.Network/locations/eastus/usages/NatGateways\u0022,\r\n",
        "      \u0022limit\u0022: 2147483647,\r\n",
        "      \u0022name\u0022: {\r\n",
        "        \u0022localizedValue\u0022: \u0022Nat Gateways\u0022,\r\n",
        "        \u0022value\u0022: \u0022NatGateways\u0022\r\n",
        "      },\r\n",
        "      \u0022unit\u0022: \u0022Count\u0022\r\n",
        "    },\r\n",
        "    {\r\n",
        "      \u0022currentValue\u0022: -10,\r\n",
        "      \u0022id\u0022: \u0022/subscriptions/db1ab6f0-4769-4b27-930e-01e2ef9c123c/providers/Microsoft.Network/locations/eastus/usages/NetworkInterfaces\u0022,\r\n",
        "      \u0022limit\u0022: 65536,\r\n",
        "      \u0022name\u0022: {\r\n",
        "        \u0022localizedValue\u0022: \u0022Network Interfaces\u0022,\r\n",
        "        \u0022value\u0022: \u0022NetworkInterfaces\u0022\r\n",
        "      },\r\n",
        "      \u0022unit\u0022: \u0022Count\u0022\r\n",
        "    },\r\n",
        "    {\r\n",
        "      \u0022currentValue\u0022: 0,\r\n",
        "      \u0022id\u0022: \u0022/subscriptions/db1ab6f0-4769-4b27-930e-01e2ef9c123c/providers/Microsoft.Network/locations/eastus/usages/PrivateEndpoints\u0022,\r\n",
        "      \u0022limit\u0022: 65536,\r\n",
        "      \u0022name\u0022: {\r\n",
        "        \u0022localizedValue\u0022: \u0022Private Endpoints\u0022,\r\n",
        "        \u0022value\u0022: \u0022PrivateEndpoints\u0022\r\n",
        "      },\r\n",
        "      \u0022unit\u0022: \u0022Count\u0022\r\n",
        "    },\r\n",
        "    {\r\n",
        "      \u0022currentValue\u0022: 0,\r\n",
        "      \u0022id\u0022: \u0022/subscriptions/db1ab6f0-4769-4b27-930e-01e2ef9c123c/providers/Microsoft.Network/locations/eastus/usages/PrivateEndpointRedirectMaps\u0022,\r\n",
        "      \u0022limit\u0022: 2147483647,\r\n",
        "      \u0022name\u0022: {\r\n",
        "        \u0022localizedValue\u0022: \u0022Private Endpoint Redirect Maps\u0022,\r\n",
        "        \u0022value\u0022: \u0022PrivateEndpointRedirectMaps\u0022\r\n",
        "      },\r\n",
        "      \u0022unit\u0022: \u0022Count\u0022\r\n",
        "    },\r\n",
        "    {\r\n",
        "      \u0022currentValue\u0022: 0,\r\n",
        "      \u0022id\u0022: \u0022/subscriptions/db1ab6f0-4769-4b27-930e-01e2ef9c123c/providers/Microsoft.Network/locations/eastus/usages/LoadBalancers\u0022,\r\n",
        "      \u0022limit\u0022: 1000,\r\n",
        "      \u0022name\u0022: {\r\n",
        "        \u0022localizedValue\u0022: \u0022Load Balancers\u0022,\r\n",
        "        \u0022value\u0022: \u0022LoadBalancers\u0022\r\n",
        "      },\r\n",
        "      \u0022unit\u0022: \u0022Count\u0022\r\n",
        "    },\r\n",
        "    {\r\n",
        "      \u0022currentValue\u0022: 0,\r\n",
        "      \u0022id\u0022: \u0022/subscriptions/db1ab6f0-4769-4b27-930e-01e2ef9c123c/providers/Microsoft.Network/locations/eastus/usages/PrivateLinkServices\u0022,\r\n",
        "      \u0022limit\u0022: 800,\r\n",
        "      \u0022name\u0022: {\r\n",
        "        \u0022localizedValue\u0022: \u0022Private Link Services\u0022,\r\n",
        "        \u0022value\u0022: \u0022PrivateLinkServices\u0022\r\n",
        "      },\r\n",
        "      \u0022unit\u0022: \u0022Count\u0022\r\n",
        "    },\r\n",
        "    {\r\n",
        "      \u0022currentValue\u0022: 0,\r\n",
        "      \u0022id\u0022: \u0022/subscriptions/db1ab6f0-4769-4b27-930e-01e2ef9c123c/providers/Microsoft.Network/locations/eastus/usages/ApplicationGateways\u0022,\r\n",
        "      \u0022limit\u0022: 1000,\r\n",
        "      \u0022name\u0022: {\r\n",
        "        \u0022localizedValue\u0022: \u0022Application Gateways\u0022,\r\n",
        "        \u0022value\u0022: \u0022ApplicationGateways\u0022\r\n",
        "      },\r\n",
        "      \u0022unit\u0022: \u0022Count\u0022\r\n",
        "    },\r\n",
        "    {\r\n",
        "      \u0022currentValue\u0022: 0,\r\n",
        "      \u0022id\u0022: \u0022/subscriptions/db1ab6f0-4769-4b27-930e-01e2ef9c123c/providers/Microsoft.Network/locations/eastus/usages/RouteTables\u0022,\r\n",
        "      \u0022limit\u0022: 200,\r\n",
        "      \u0022name\u0022: {\r\n",
        "        \u0022localizedValue\u0022: \u0022Route Tables\u0022,\r\n",
        "        \u0022value\u0022: \u0022RouteTables\u0022\r\n",
        "      },\r\n",
        "      \u0022unit\u0022: \u0022Count\u0022\r\n",
        "    },\r\n",
        "    {\r\n",
        "      \u0022currentValue\u0022: 0,\r\n",
        "      \u0022id\u0022: \u0022/subscriptions/db1ab6f0-4769-4b27-930e-01e2ef9c123c/providers/Microsoft.Network/locations/eastus/usages/RouteFilters\u0022,\r\n",
        "      \u0022limit\u0022: 1000,\r\n",
        "      \u0022name\u0022: {\r\n",
        "        \u0022localizedValue\u0022: \u0022Route Filters\u0022,\r\n",
        "        \u0022value\u0022: \u0022RouteFilters\u0022\r\n",
        "      },\r\n",
        "      \u0022unit\u0022: \u0022Count\u0022\r\n",
        "    },\r\n",
        "    {\r\n",
        "      \u0022currentValue\u0022: 1,\r\n",
        "      \u0022id\u0022: \u0022/subscriptions/db1ab6f0-4769-4b27-930e-01e2ef9c123c/providers/Microsoft.Network/locations/eastus/usages/NetworkWatchers\u0022,\r\n",
        "      \u0022limit\u0022: 1,\r\n",
        "      \u0022name\u0022: {\r\n",
        "        \u0022localizedValue\u0022: \u0022Network Watchers\u0022,\r\n",
        "        \u0022value\u0022: \u0022NetworkWatchers\u0022\r\n",
        "      },\r\n",
        "      \u0022unit\u0022: \u0022Count\u0022\r\n",
        "    },\r\n",
        "    {\r\n",
        "      \u0022currentValue\u0022: 0,\r\n",
        "      \u0022id\u0022: \u0022/subscriptions/db1ab6f0-4769-4b27-930e-01e2ef9c123c/providers/Microsoft.Network/locations/eastus/usages/PacketCaptures\u0022,\r\n",
        "      \u0022limit\u0022: 10000,\r\n",
        "      \u0022name\u0022: {\r\n",
        "        \u0022localizedValue\u0022: \u0022Packet Captures\u0022,\r\n",
        "        \u0022value\u0022: \u0022PacketCaptures\u0022\r\n",
        "      },\r\n",
        "      \u0022unit\u0022: \u0022Count\u0022\r\n",
        "    },\r\n",
        "    {\r\n",
        "      \u0022currentValue\u0022: 0,\r\n",
        "      \u0022id\u0022: \u0022/subscriptions/db1ab6f0-4769-4b27-930e-01e2ef9c123c/providers/Microsoft.Network/locations/eastus/usages/ApplicationSecurityGroups\u0022,\r\n",
        "      \u0022limit\u0022: 3000,\r\n",
        "      \u0022name\u0022: {\r\n",
        "        \u0022localizedValue\u0022: \u0022Application Security Groups.\u0022,\r\n",
        "        \u0022value\u0022: \u0022ApplicationSecurityGroups\u0022\r\n",
        "      },\r\n",
        "      \u0022unit\u0022: \u0022Count\u0022\r\n",
        "    },\r\n",
        "    {\r\n",
        "      \u0022currentValue\u0022: 0,\r\n",
        "      \u0022id\u0022: \u0022/subscriptions/db1ab6f0-4769-4b27-930e-01e2ef9c123c/providers/Microsoft.Network/locations/eastus/usages/DdosProtectionPlans\u0022,\r\n",
        "      \u0022limit\u0022: 1,\r\n",
        "      \u0022name\u0022: {\r\n",
        "        \u0022localizedValue\u0022: \u0022DDoS Protection Plans.\u0022,\r\n",
        "        \u0022value\u0022: \u0022DdosProtectionPlans\u0022\r\n",
        "      },\r\n",
        "      \u0022unit\u0022: \u0022Count\u0022\r\n",
        "    },\r\n",
        "    {\r\n",
        "      \u0022currentValue\u0022: 0,\r\n",
        "      \u0022id\u0022: \u0022/subscriptions/db1ab6f0-4769-4b27-930e-01e2ef9c123c/providers/Microsoft.Network/locations/eastus/usages/DdosCustomPolicies\u0022,\r\n",
        "      \u0022limit\u0022: 200,\r\n",
        "      \u0022name\u0022: {\r\n",
        "        \u0022localizedValue\u0022: \u0022DDoS customized policies\u0022,\r\n",
        "        \u0022value\u0022: \u0022DdosCustomPolicies\u0022\r\n",
        "      },\r\n",
        "      \u0022unit\u0022: \u0022Count\u0022\r\n",
        "    },\r\n",
        "    {\r\n",
        "      \u0022currentValue\u0022: 0,\r\n",
        "      \u0022id\u0022: \u0022/subscriptions/db1ab6f0-4769-4b27-930e-01e2ef9c123c/providers/Microsoft.Network/locations/eastus/usages/ServiceEndpointPolicies\u0022,\r\n",
        "      \u0022limit\u0022: 500,\r\n",
        "      \u0022name\u0022: {\r\n",
        "        \u0022localizedValue\u0022: \u0022Service Endpoint Policies\u0022,\r\n",
        "        \u0022value\u0022: \u0022ServiceEndpointPolicies\u0022\r\n",
        "      },\r\n",
        "      \u0022unit\u0022: \u0022Count\u0022\r\n",
        "    },\r\n",
        "    {\r\n",
        "      \u0022currentValue\u0022: 0,\r\n",
        "      \u0022id\u0022: \u0022/subscriptions/db1ab6f0-4769-4b27-930e-01e2ef9c123c/providers/Microsoft.Network/locations/eastus/usages/NetworkIntentPolicies\u0022,\r\n",
        "      \u0022limit\u0022: 200,\r\n",
        "      \u0022name\u0022: {\r\n",
        "        \u0022localizedValue\u0022: \u0022Network Intent Policies\u0022,\r\n",
        "        \u0022value\u0022: \u0022NetworkIntentPolicies\u0022\r\n",
        "      },\r\n",
        "      \u0022unit\u0022: \u0022Count\u0022\r\n",
        "    },\r\n",
        "    {\r\n",
        "      \u0022currentValue\u0022: 0,\r\n",
        "      \u0022id\u0022: \u0022/subscriptions/db1ab6f0-4769-4b27-930e-01e2ef9c123c/providers/Microsoft.Network/locations/eastus/usages/StandardSkuLoadBalancers\u0022,\r\n",
        "      \u0022limit\u0022: 1000,\r\n",
        "      \u0022name\u0022: {\r\n",
        "        \u0022localizedValue\u0022: \u0022Standard Sku Load Balancers\u0022,\r\n",
        "        \u0022value\u0022: \u0022StandardSkuLoadBalancers\u0022\r\n",
        "      },\r\n",
        "      \u0022unit\u0022: \u0022Count\u0022\r\n",
        "    },\r\n",
        "    {\r\n",
        "      \u0022currentValue\u0022: 0,\r\n",
        "      \u0022id\u0022: \u0022/subscriptions/db1ab6f0-4769-4b27-930e-01e2ef9c123c/providers/Microsoft.Network/locations/eastus/usages/StandardSkuPublicIpAddresses\u0022,\r\n",
        "      \u0022limit\u0022: 1000,\r\n",
        "      \u0022name\u0022: {\r\n",
        "        \u0022localizedValue\u0022: \u0022Public IP Addresses - Standard\u0022,\r\n",
        "        \u0022value\u0022: \u0022StandardSkuPublicIpAddresses\u0022\r\n",
        "      },\r\n",
        "      \u0022unit\u0022: \u0022Count\u0022\r\n",
        "    },\r\n",
        "    {\r\n",
        "      \u0022currentValue\u0022: 0,\r\n",
        "      \u0022id\u0022: \u0022/subscriptions/db1ab6f0-4769-4b27-930e-01e2ef9c123c/providers/Microsoft.Network/locations/eastus/usages/DnsServersPerVirtualNetwork\u0022,\r\n",
        "      \u0022limit\u0022: 20,\r\n",
        "      \u0022name\u0022: {\r\n",
        "        \u0022localizedValue\u0022: \u0022DNS servers per Virtual Network\u0022,\r\n",
        "        \u0022value\u0022: \u0022DnsServersPerVirtualNetwork\u0022\r\n",
        "      },\r\n",
        "      \u0022unit\u0022: \u0022Count\u0022\r\n",
        "    },\r\n",
        "    {\r\n",
        "      \u0022currentValue\u0022: 0,\r\n",
        "      \u0022id\u0022: \u0022/subscriptions/db1ab6f0-4769-4b27-930e-01e2ef9c123c/providers/Microsoft.Network/locations/eastus/usages/CustomDnsServersPerP2SVpnGateway\u0022,\r\n",
        "      \u0022limit\u0022: 5,\r\n",
        "      \u0022name\u0022: {\r\n",
        "        \u0022localizedValue\u0022: \u0022Custom DNS servers per P2SVpnGateway\u0022,\r\n",
        "        \u0022value\u0022: \u0022CustomDnsServersPerP2SVpnGateway\u0022\r\n",
        "      },\r\n",
        "      \u0022unit\u0022: \u0022Count\u0022\r\n",
        "    },\r\n",
        "    {\r\n",
        "      \u0022currentValue\u0022: 0,\r\n",
        "      \u0022id\u0022: \u0022/subscriptions/db1ab6f0-4769-4b27-930e-01e2ef9c123c/providers/Microsoft.Network/locations/eastus/usages/SubnetsPerVirtualNetwork\u0022,\r\n",
        "      \u0022limit\u0022: 3000,\r\n",
        "      \u0022name\u0022: {\r\n",
        "        \u0022localizedValue\u0022: \u0022Subnets per Virtual Network\u0022,\r\n",
        "        \u0022value\u0022: \u0022SubnetsPerVirtualNetwork\u0022\r\n",
        "      },\r\n",
        "      \u0022unit\u0022: \u0022Count\u0022\r\n",
        "    },\r\n",
        "    {\r\n",
        "      \u0022currentValue\u0022: 0,\r\n",
        "      \u0022id\u0022: \u0022/subscriptions/db1ab6f0-4769-4b27-930e-01e2ef9c123c/providers/Microsoft.Network/locations/eastus/usages/IPConfigurationsPerVirtualNetwork\u0022,\r\n",
        "      \u0022limit\u0022: 65536,\r\n",
        "      \u0022name\u0022: {\r\n",
        "        \u0022localizedValue\u0022: \u0022IP Configurations per Virtual Network\u0022,\r\n",
        "        \u0022value\u0022: \u0022IPConfigurationsPerVirtualNetwork\u0022\r\n",
        "      },\r\n",
        "      \u0022unit\u0022: \u0022Count\u0022\r\n",
        "    },\r\n",
        "    {\r\n",
        "      \u0022currentValue\u0022: 0,\r\n",
        "      \u0022id\u0022: \u0022/subscriptions/db1ab6f0-4769-4b27-930e-01e2ef9c123c/providers/Microsoft.Network/locations/eastus/usages/PeeringsPerVirtualNetwork\u0022,\r\n",
        "      \u0022limit\u0022: 500,\r\n",
        "      \u0022name\u0022: {\r\n",
        "        \u0022localizedValue\u0022: \u0022Peerings per Virtual Network\u0022,\r\n",
        "        \u0022value\u0022: \u0022PeeringsPerVirtualNetwork\u0022\r\n",
        "      },\r\n",
        "      \u0022unit\u0022: \u0022Count\u0022\r\n",
        "    },\r\n",
        "    {\r\n",
        "      \u0022currentValue\u0022: 0,\r\n",
        "      \u0022id\u0022: \u0022/subscriptions/db1ab6f0-4769-4b27-930e-01e2ef9c123c/providers/Microsoft.Network/locations/eastus/usages/SecurityRulesPerNetworkSecurityGroup\u0022,\r\n",
        "      \u0022limit\u0022: 1000,\r\n",
        "      \u0022name\u0022: {\r\n",
        "        \u0022localizedValue\u0022: \u0022Security rules per Network Security Group\u0022,\r\n",
        "        \u0022value\u0022: \u0022SecurityRulesPerNetworkSecurityGroup\u0022\r\n",
        "      },\r\n",
        "      \u0022unit\u0022: \u0022Count\u0022\r\n",
        "    },\r\n",
        "    {\r\n",
        "      \u0022currentValue\u0022: 0,\r\n",
        "      \u0022id\u0022: \u0022/subscriptions/db1ab6f0-4769-4b27-930e-01e2ef9c123c/providers/Microsoft.Network/locations/eastus/usages/SecurityRulesPerNetworkIntentPolicy\u0022,\r\n",
        "      \u0022limit\u0022: 100,\r\n",
        "      \u0022name\u0022: {\r\n",
        "        \u0022localizedValue\u0022: \u0022Security rules per Network Intent Policy\u0022,\r\n",
        "        \u0022value\u0022: \u0022SecurityRulesPerNetworkIntentPolicy\u0022\r\n",
        "      },\r\n",
        "      \u0022unit\u0022: \u0022Count\u0022\r\n",
        "    },\r\n",
        "    {\r\n",
        "      \u0022currentValue\u0022: 0,\r\n",
        "      \u0022id\u0022: \u0022/subscriptions/db1ab6f0-4769-4b27-930e-01e2ef9c123c/providers/Microsoft.Network/locations/eastus/usages/RoutesPerNetworkIntentPolicy\u0022,\r\n",
        "      \u0022limit\u0022: 200,\r\n",
        "      \u0022name\u0022: {\r\n",
        "        \u0022localizedValue\u0022: \u0022Routes per Network Intent Policy\u0022,\r\n",
        "        \u0022value\u0022: \u0022RoutesPerNetworkIntentPolicy\u0022\r\n",
        "      },\r\n",
        "      \u0022unit\u0022: \u0022Count\u0022\r\n",
        "    },\r\n",
        "    {\r\n",
        "      \u0022currentValue\u0022: 0,\r\n",
        "      \u0022id\u0022: \u0022/subscriptions/db1ab6f0-4769-4b27-930e-01e2ef9c123c/providers/Microsoft.Network/locations/eastus/usages/SecurityRuleAddressesOrPortsPerNetworkSecurityGroup\u0022,\r\n",
        "      \u0022limit\u0022: 4000,\r\n",
        "      \u0022name\u0022: {\r\n",
        "        \u0022localizedValue\u0022: \u0022Security rules addresses or ports per Network Security Group\u0022,\r\n",
        "        \u0022value\u0022: \u0022SecurityRuleAddressesOrPortsPerNetworkSecurityGroup\u0022\r\n",
        "      },\r\n",
        "      \u0022unit\u0022: \u0022Count\u0022\r\n",
        "    },\r\n",
        "    {\r\n",
        "      \u0022currentValue\u0022: 0,\r\n",
        "      \u0022id\u0022: \u0022/subscriptions/db1ab6f0-4769-4b27-930e-01e2ef9c123c/providers/Microsoft.Network/locations/eastus/usages/InboundRulesPerLoadBalancer\u0022,\r\n",
        "      \u0022limit\u0022: 250,\r\n",
        "      \u0022name\u0022: {\r\n",
        "        \u0022localizedValue\u0022: \u0022Inbound Rules per Load Balancer\u0022,\r\n",
        "        \u0022value\u0022: \u0022InboundRulesPerLoadBalancer\u0022\r\n",
        "      },\r\n",
        "      \u0022unit\u0022: \u0022Count\u0022\r\n",
        "    },\r\n",
        "    {\r\n",
        "      \u0022currentValue\u0022: 0,\r\n",
        "      \u0022id\u0022: \u0022/subscriptions/db1ab6f0-4769-4b27-930e-01e2ef9c123c/providers/Microsoft.Network/locations/eastus/usages/FrontendIPConfigurationPerLoadBalancer\u0022,\r\n",
        "      \u0022limit\u0022: 200,\r\n",
        "      \u0022name\u0022: {\r\n",
        "        \u0022localizedValue\u0022: \u0022Frontend IP Configurations per Load Balancer\u0022,\r\n",
        "        \u0022value\u0022: \u0022FrontendIPConfigurationPerLoadBalancer\u0022\r\n",
        "      },\r\n",
        "      \u0022unit\u0022: \u0022Count\u0022\r\n",
        "    },\r\n",
        "    {\r\n",
        "      \u0022currentValue\u0022: 0,\r\n",
        "      \u0022id\u0022: \u0022/subscriptions/db1ab6f0-4769-4b27-930e-01e2ef9c123c/providers/Microsoft.Network/locations/eastus/usages/OutboundRulesPerLoadBalancer\u0022,\r\n",
        "      \u0022limit\u0022: 5,\r\n",
        "      \u0022name\u0022: {\r\n",
        "        \u0022localizedValue\u0022: \u0022Outbound Rules per Load Balancer\u0022,\r\n",
        "        \u0022value\u0022: \u0022OutboundRulesPerLoadBalancer\u0022\r\n",
        "      },\r\n",
        "      \u0022unit\u0022: \u0022Count\u0022\r\n",
        "    },\r\n",
        "    {\r\n",
        "      \u0022currentValue\u0022: 0,\r\n",
        "      \u0022id\u0022: \u0022/subscriptions/db1ab6f0-4769-4b27-930e-01e2ef9c123c/providers/Microsoft.Network/locations/eastus/usages/RoutesPerRouteTable\u0022,\r\n",
        "      \u0022limit\u0022: 400,\r\n",
        "      \u0022name\u0022: {\r\n",
        "        \u0022localizedValue\u0022: \u0022Routes per Route Table\u0022,\r\n",
        "        \u0022value\u0022: \u0022RoutesPerRouteTable\u0022\r\n",
        "      },\r\n",
        "      \u0022unit\u0022: \u0022Count\u0022\r\n",
        "    },\r\n",
        "    {\r\n",
        "      \u0022currentValue\u0022: 0,\r\n",
        "      \u0022id\u0022: \u0022/subscriptions/db1ab6f0-4769-4b27-930e-01e2ef9c123c/providers/Microsoft.Network/locations/eastus/usages/RoutesWithServiceTagPerRouteTable\u0022,\r\n",
        "      \u0022limit\u0022: 25,\r\n",
        "      \u0022name\u0022: {\r\n",
        "        \u0022localizedValue\u0022: \u0022Routes with service tag per Route Table\u0022,\r\n",
        "        \u0022value\u0022: \u0022RoutesWithServiceTagPerRouteTable\u0022\r\n",
        "      },\r\n",
        "      \u0022unit\u0022: \u0022Count\u0022\r\n",
        "    },\r\n",
        "    {\r\n",
        "      \u0022currentValue\u0022: 0,\r\n",
        "      \u0022id\u0022: \u0022/subscriptions/db1ab6f0-4769-4b27-930e-01e2ef9c123c/providers/Microsoft.Network/locations/eastus/usages/SecondaryIPConfigurationsPerNetworkInterface\u0022,\r\n",
        "      \u0022limit\u0022: 256,\r\n",
        "      \u0022name\u0022: {\r\n",
        "        \u0022localizedValue\u0022: \u0022Secondary IP Configurations per Network Interface\u0022,\r\n",
        "        \u0022value\u0022: \u0022SecondaryIPConfigurationsPerNetworkInterface\u0022\r\n",
        "      },\r\n",
        "      \u0022unit\u0022: \u0022Count\u0022\r\n",
        "    },\r\n",
        "    {\r\n",
        "      \u0022currentValue\u0022: 0,\r\n",
        "      \u0022id\u0022: \u0022/subscriptions/db1ab6f0-4769-4b27-930e-01e2ef9c123c/providers/Microsoft.Network/locations/eastus/usages/InboundNatOrLbRulesPerNetworkInterface\u0022,\r\n",
        "      \u0022limit\u0022: 300,\r\n",
        "      \u0022name\u0022: {\r\n",
        "        \u0022localizedValue\u0022: \u0022Inbound rules per Network Interface\u0022,\r\n",
        "        \u0022value\u0022: \u0022InboundNatOrLbRulesPerNetworkInterface\u0022\r\n",
        "      },\r\n",
        "      \u0022unit\u0022: \u0022Count\u0022\r\n",
        "    },\r\n",
        "    {\r\n",
        "      \u0022currentValue\u0022: 0,\r\n",
        "      \u0022id\u0022: \u0022/subscriptions/db1ab6f0-4769-4b27-930e-01e2ef9c123c/providers/Microsoft.Network/locations/eastus/usages/RouteFilterRulesPerRouteFilter\u0022,\r\n",
        "      \u0022limit\u0022: 1,\r\n",
        "      \u0022name\u0022: {\r\n",
        "        \u0022localizedValue\u0022: \u0022Route filter rules per Route Filter\u0022,\r\n",
        "        \u0022value\u0022: \u0022RouteFilterRulesPerRouteFilter\u0022\r\n",
        "      },\r\n",
        "      \u0022unit\u0022: \u0022Count\u0022\r\n",
        "    },\r\n",
        "    {\r\n",
        "      \u0022currentValue\u0022: 0,\r\n",
        "      \u0022id\u0022: \u0022/subscriptions/db1ab6f0-4769-4b27-930e-01e2ef9c123c/providers/Microsoft.Network/locations/eastus/usages/RouteFiltersPerExpressRouteBgpPeering\u0022,\r\n",
        "      \u0022limit\u0022: 1,\r\n",
        "      \u0022name\u0022: {\r\n",
        "        \u0022localizedValue\u0022: \u0022Route filters per Express route BGP Peering\u0022,\r\n",
        "        \u0022value\u0022: \u0022RouteFiltersPerExpressRouteBgpPeering\u0022\r\n",
        "      },\r\n",
        "      \u0022unit\u0022: \u0022Count\u0022\r\n",
        "    },\r\n",
        "    {\r\n",
        "      \u0022currentValue\u0022: 0,\r\n",
        "      \u0022id\u0022: \u0022/subscriptions/db1ab6f0-4769-4b27-930e-01e2ef9c123c/providers/Microsoft.Network/locations/eastus/usages/MinPublicIpInterNetworkPrefixLength\u0022,\r\n",
        "      \u0022limit\u0022: 28,\r\n",
        "      \u0022name\u0022: {\r\n",
        "        \u0022localizedValue\u0022: \u0022Min Public Ip InterNetwork Prefix Length\u0022,\r\n",
        "        \u0022value\u0022: \u0022MinPublicIpInterNetworkPrefixLength\u0022\r\n",
        "      },\r\n",
        "      \u0022unit\u0022: \u0022Count\u0022\r\n",
        "    }\r\n",
        "  ]\r\n",
        "}"
      ]
    }
  ],
  "Variables": {
    "LOCATION": "eastus",
    "RandomSeed": "596898506",
    "RESOURCE_MANAGER_URL": null,
    "SUBSCRIPTION_ID": "db1ab6f0-4769-4b27-930e-01e2ef9c123c"
  }
}