{
  "Entries": [
    {
      "RequestUri": "https://localhost:8443/subscriptions/00000000-0000-0000-0000-000000000000?api-version=2019-11-01",
      "RequestMethod": "GET",
      "RequestHeaders": {
        "Accept": "application/json",
        "Authorization": "Sanitized",
        "traceparent": "00-7f0f06cd83bd0147b07e1bb5f3e0d1fd-ae891127be0f9c42-00",
        "User-Agent": "azsdk-net-ResourceManager/1.0.0-alpha.20211207.1 (.NET Framework 4.8.4300.0; Microsoft Windows 10.0.19044 )",
        "x-ms-client-request-id": "11cf2da10610b2484223660b07343800",
        "x-ms-return-client-request-id": "true"
      },
      "RequestBody": null,
      "StatusCode": 200,
      "ResponseHeaders": {
        "Connection": "keep-alive",
        "Content-Length": "403",
        "Content-Type": "application/json; charset=utf-8",
        "Date": "Wed, 08 Dec 2021 03:42:27 GMT",
        "ETag": "W/\u0022193-XMviJqaGXohjOV1XjmYhUY8VLpk\u0022",
        "Keep-Alive": "timeout=5",
        "X-Powered-By": "Express"
      },
      "ResponseBody": {
        "id": "/subscriptions/00000000-0000-0000-0000-000000000000",
        "authorizationSource": "RoleBased",
        "managedByTenants": [],
        "subscriptionId": "00000000-0000-0000-0000-000000000000",
        "tenantId": "0000000-0000-0000-0000-000000000000",
        "displayName": "Name of the subscription",
        "state": "Enabled",
        "subscriptionPolicies": {
          "locationPlacementId": "Internal_2014-09-01",
          "quotaId": "Internal_2014-09-01",
          "spendingLimit": "Off"
        }
      }
    },
    {
      "RequestUri": "https://localhost:8443/subscriptions/00000000-0000-0000-0000-000000000000/resourcegroups/myResourceGroup?api-version=2019-10-01",
      "RequestMethod": "PUT",
      "RequestHeaders": {
        "Accept": "application/json",
        "Authorization": "Sanitized",
        "Content-Length": "81",
        "Content-Type": "application/json",
        "User-Agent": "azsdk-net-ResourceManager/1.0.0-alpha.20211207.1 (.NET Framework 4.8.4300.0; Microsoft Windows 10.0.19044 )",
        "x-ms-client-request-id": "51a7397159cd9f1d65c5d2fcd710fcd1",
        "x-ms-return-client-request-id": "true"
      },
      "RequestBody": {
        "location": "Azure.ResourceManager.Resources.Subscription",
        "tags": {
          "test": "env"
        }
      },
      "StatusCode": 200,
      "ResponseHeaders": {
        "Connection": "keep-alive",
        "Content-Length": "254",
        "Content-Type": "application/json; charset=utf-8",
        "Date": "Wed, 08 Dec 2021 03:42:27 GMT",
        "ETag": "W/\u0022fe-aZEo2isVQc1LUmWdignDK6uZSqI\u0022",
        "Keep-Alive": "timeout=5",
        "X-Powered-By": "Express"
      },
      "ResponseBody": {
        "id": "/subscriptions/00000000-0000-0000-0000-000000000000/resourcegroups/myResourceGroup",
        "location": "eastus",
        "managedBy": null,
        "name": "myResourceGroup",
        "properties": {
          "provisioningState": "Succeeded"
        },
        "tags": {},
        "type": "Microsoft.Resources/resourceGroups"
      }
    },
    {
      "RequestUri": "https://localhost:8443/subscriptions/00000000-0000-0000-0000-000000000000/resourceGroups/myResourceGroup/providers/Microsoft.Compute/galleries/myGalleryName?api-version=2020-09-30",
      "RequestMethod": "PUT",
      "RequestHeaders": {
        "Accept": "application/json",
        "Authorization": "Sanitized",
        "Content-Length": "137",
        "Content-Type": "application/json",
        "User-Agent": "azsdk-net-ResourceManager.Compute/1.0.0-alpha.20211207.1 (.NET Framework 4.8.4300.0; Microsoft Windows 10.0.19044 )",
        "x-ms-client-request-id": "656d4675e898a51deb77d83eec985729",
        "x-ms-return-client-request-id": "true"
      },
      "RequestBody": {
        "tags": {},
        "location": "westus",
        "properties": {
          "description": "This is the gallery description.",
          "sharingProfile": {
            "permissions": "Groups"
          }
        }
      },
      "StatusCode": 200,
      "ResponseHeaders": {
        "Connection": "keep-alive",
        "Content-Length": "494",
        "Content-Type": "application/json; charset=utf-8",
        "Date": "Wed, 08 Dec 2021 03:42:27 GMT",
        "ETag": "W/\u00221ee-EDUoePu82YHz51PMuKqSgXWutD4\u0022",
        "Keep-Alive": "timeout=5",
        "X-Powered-By": "Express"
      },
      "ResponseBody": {
        "id": "/subscriptions/00000000-0000-0000-0000-000000000000/resourceGroups/myResourceGroup/providers/Microsoft.Compute/galleries/myGalleryName",
        "name": "myGalleryName",
        "type": "aaaaaaaa",
        "location": "aaaaaaaaaaaaaaaaaaaaaaaaaaaaaa",
        "tags": {
          "key1909": "aaaa"
        },
        "properties": {
          "description": "aaaaaaaaaaaaaaaaaaaaaaa",
          "identifier": {
            "uniqueName": "aaaaaaaaaaaaaaaaaaaa"
          },
          "provisioningState": "Succeeded",
          "sharingProfile": {
            "permissions": "Private",
            "groups": [
              {
                "type": "Subscriptions",
                "ids": [
                  "aaaaaaaaaaaa"
                ]
              }
            ]
          }
        }
      }
    },
    {
      "RequestUri": "https://localhost:8443/subscriptions/00000000-0000-0000-0000-000000000000/resourceGroups/myResourceGroup/providers/Microsoft.Compute/galleries/myGalleryName/images/myGalleryImageName?api-version=2020-09-30",
      "RequestMethod": "PUT",
      "RequestHeaders": {
        "Accept": "application/json",
        "Authorization": "Sanitized",
        "Content-Length": "198",
        "Content-Type": "application/json",
        "User-Agent": "azsdk-net-ResourceManager.Compute/1.0.0-alpha.20211207.1 (.NET Framework 4.8.4300.0; Microsoft Windows 10.0.19044 )",
        "x-ms-client-request-id": "c1959427d3c689671c02665580dfb2cc",
        "x-ms-return-client-request-id": "true"
      },
      "RequestBody": {
        "tags": {},
        "location": "westus",
        "properties": {
          "osType": "Windows",
          "osState": "Generalized",
          "hyperVGeneration": "V1",
          "identifier": {
            "publisher": "myPublisherName",
            "offer": "myOfferName",
            "sku": "mySkuName"
          }
        }
      },
      "StatusCode": 200,
      "ResponseHeaders": {
        "Connection": "keep-alive",
        "Content-Length": "1053",
        "Content-Type": "application/json; charset=utf-8",
        "Date": "Wed, 08 Dec 2021 03:42:27 GMT",
        "ETag": "W/\u002241d-NyS4sEp770mySTJXBr9/5NshmlQ\u0022",
        "Keep-Alive": "timeout=5",
        "X-Powered-By": "Express"
      },
      "ResponseBody": {
        "id": "/subscriptions/00000000-0000-0000-0000-000000000000/resourceGroups/myResourceGroup/providers/Microsoft.Compute/galleries/myGalleryName/images/myGalleryImageName",
        "name": "myGalleryImageName",
        "type": "aaaaaaaaaaaaaaaaaaaaaaaaaaa",
        "location": "aaaaaaaaa",
        "tags": {
          "key7956": "aaaaaaaaaaaaaaaaaaaaaaaaaa"
        },
        "properties": {
          "description": "aaaaaaaaaaaaaaaaaaaaaaaaaaaaaa",
          "eula": "aaaaaaaaaaaaaa",
          "privacyStatementUri": "aaaaaaaaaaaaaaaaaaaaaaaaa",
          "releaseNoteUri": "aaaaaaaaaaaaaaaaaaaaaaaaaaa",
          "osType": "Windows",
          "osState": "Generalized",
          "hyperVGeneration": "V1",
          "endOfLifeDate": "2021-12-08T03:42:27.265Z",
          "identifier": {
            "publisher": "aaaaa",
            "offer": "aaaaaaaaaaaaaaaaaa",
            "sku": "aaaaaaaaaaaaaaaaaaaaaaaaaaaa"
          },
          "recommended": {
            "vCPUs": {
              "min": 18,
              "max": 9
            },
            "memory": {
              "min": 29,
              "max": 16
            }
          },
          "disallowed": {
            "diskTypes": [
              "aaaaaaaaaaaaaaaaaaaaaa"
            ]
          },
          "purchasePlan": {
            "name": "myGalleryImageName",
            "publisher": "aaaaaaaaaaaaaaaaaaaaaaaaaa",
            "product": "aaaaaaaaaaaaaaa"
          },
          "provisioningState": "Succeeded",
          "features": [
            {
              "name": "myGalleryImageName",
              "value": "aaaaaaaaaaaaaaaaaaaaaaaaaaaa"
            }
          ]
        }
      }
    },
    {
      "RequestUri": "https://localhost:8443/subscriptions/00000000-0000-0000-0000-000000000000/resourceGroups/myResourceGroup/providers/Microsoft.Compute/galleries/myGalleryName/images/myGalleryImageName/versions/1.0.0?api-version=2020-09-30",
      "RequestMethod": "GET",
      "RequestHeaders": {
        "Accept": "application/json",
        "Authorization": "Sanitized",
        "User-Agent": "azsdk-net-ResourceManager.Compute/1.0.0-alpha.20211207.1 (.NET Framework 4.8.4300.0; Microsoft Windows 10.0.19044 )",
        "x-ms-client-request-id": "5716a69d960230627ca475108429c72f",
        "x-ms-return-client-request-id": "true"
      },
      "RequestBody": null,
      "StatusCode": 200,
      "ResponseHeaders": {
        "Connection": "keep-alive",
        "Content-Length": "1521",
        "Content-Type": "application/json; charset=utf-8",
        "Date": "Wed, 08 Dec 2021 03:42:27 GMT",
        "ETag": "W/\u00225f1-/yDircLrueNon19gNisuW9uUoxY\u0022",
        "Keep-Alive": "timeout=5",
        "X-Powered-By": "Express"
      },
      "ResponseBody": {
        "id": "/subscriptions/00000000-0000-0000-0000-000000000000/resourceGroups/myResourceGroup/providers/Microsoft.Compute/galleries/myGalleryName/images/myGalleryImageName/versions/1.0.0",
        "name": "1.0.0",
        "type": "aaaaaaaaaaaaaaaaaaaaaaaaaa",
        "location": "aaaaaa",
        "tags": {
          "key5533": "aaaaaaaaaaaaaaaaaaaaa"
        },
        "properties": {
          "publishingProfile": {
            "targetRegions": [
              {
                "name": "1.0.0",
                "regionalReplicaCount": 1,
                "storageAccountType": "Standard_LRS",
                "encryption": {
                  "osDiskImage": {
                    "diskEncryptionSetId": "aaaa"
                  },
                  "dataDiskImages": [
                    {
                      "diskEncryptionSetId": "aaaaaaaaaaa",
                      "lun": 27
                    }
                  ]
                }
              }
            ],
            "replicaCount": 12,
            "excludeFromLatest": true,
            "publishedDate": "2021-12-08T03:42:27.289Z",
            "endOfLifeDate": "2021-12-08T03:42:27.289Z",
            "storageAccountType": "Standard_LRS"
          },
          "provisioningState": "Succeeded",
          "storageProfile": {
            "source": {
              "id": "/subscriptions/a9cbceed-cd54-47f1-b7a2-bad149218603/resourceGroups/mockRg/providers/Microsoft.Resources/mockResource/mockName",
              "uri": "aaaaaaaa"
            },
            "osDiskImage": {
              "sizeInGB": 27,
              "hostCaching": "None",
              "source": {
                "id": "/subscriptions/a9cbceed-cd54-47f1-b7a2-bad149218603/resourceGroups/mockRg/providers/Microsoft.Resources/mockResource/mockName",
                "uri": "aaaa"
              }
            },
            "dataDiskImages": [
              {
                "sizeInGB": 15,
                "hostCaching": "None",
                "source": {
                  "id": "/subscriptions/a9cbceed-cd54-47f1-b7a2-bad149218603/resourceGroups/mockRg/providers/Microsoft.Resources/mockResource/mockName",
                  "uri": "aaaaaaaaaaa"
                },
                "lun": 20
              }
            ]
          },
          "replicationStatus": {
            "aggregatedState": "Unknown",
            "summary": [
              {
                "region": "aaaa",
                "state": "Unknown",
                "details": "aaaaaaaaaaaaaaaaaaaaaaaaa",
                "progress": 15
              }
            ]
          }
        }
      }
    }
  ],
  "Variables": {
    "RandomSeed": "2117310861",
    "RESOURCE_MANAGER_URL": "https://localhost:8443",
    "SUBSCRIPTION_ID": "00000000-0000-0000-0000-000000000000"
  }
}
