{
  "Entries": [
    {
      "RequestUri": "/subscriptions/69a75bda-882e-44d5-8431-63421204132a/resourceGroups/sdk-net-test-qa2/providers/Microsoft.NetApp/netAppAccounts/sdk-net-tests-acc-208v?api-version=2020-06-01",
      "EncodedRequestUri": "L3N1YnNjcmlwdGlvbnMvNjlhNzViZGEtODgyZS00NGQ1LTg0MzEtNjM0MjEyMDQxMzJhL3Jlc291cmNlR3JvdXBzL3Nkay1uZXQtdGVzdC1xYTIvcHJvdmlkZXJzL01pY3Jvc29mdC5OZXRBcHAvbmV0QXBwQWNjb3VudHMvc2RrLW5ldC10ZXN0cy1hY2MtMjA4dj9hcGktdmVyc2lvbj0yMDIwLTA2LTAx",
      "RequestMethod": "PUT",
      "RequestBody": "{\r\n  \"location\": \"eastus2euap\"\r\n}",
      "RequestHeaders": {
        "x-ms-client-request-id": [
          "17530b3e-d58d-4ddc-8d53-7f4dc59cbdc2"
        ],
        "Accept-Language": [
          "en-US"
        ],
        "User-Agent": [
          "FxVersion/4.6.29220.03",
          "OSName/Windows",
          "OSVersion/Microsoft.Windows.10.0.18363.",
          "Microsoft.Azure.Management.NetApp.AzureNetAppFilesManagementClient/1.6.0.0"
        ],
        "Content-Type": [
          "application/json; charset=utf-8"
        ],
        "Content-Length": [
          "33"
        ]
      },
      "ResponseHeaders": {
        "Cache-Control": [
          "no-cache"
        ],
        "Pragma": [
          "no-cache"
        ],
        "ETag": [
          "W/\"datetime'2020-10-02T09%3A35%3A43.0789884Z'\""
        ],
        "x-ms-request-id": [
          "879af9ce-139e-4c81-8fe8-38118c0ecbd3"
        ],
        "Azure-AsyncOperation": [
          "https://management.azure.com/subscriptions/69a75bda-882e-44d5-8431-63421204132a/providers/Microsoft.NetApp/locations/eastus2euap/operationResults/4fb9d21d-253b-4529-b307-63e24a2d8585?api-version=2020-06-01"
        ],
        "Request-Context": [
          "appId=cid-v1:2c4cb680-0a1f-424d-bb8d-8e650ba68d53"
        ],
        "Access-Control-Expose-Headers": [
          "Request-Context"
        ],
        "Server": [
          "Microsoft-IIS/10.0"
        ],
        "X-Powered-By": [
          "ASP.NET"
        ],
        "x-ms-ratelimit-remaining-subscription-writes": [
          "1199"
        ],
        "x-ms-correlation-request-id": [
          "29624f09-b582-4802-95c0-7fd06e1cc1f9"
        ],
        "x-ms-routing-request-id": [
          "NORTHEUROPE:20201002T093544Z:29624f09-b582-4802-95c0-7fd06e1cc1f9"
        ],
        "Strict-Transport-Security": [
          "max-age=31536000; includeSubDomains"
        ],
        "X-Content-Type-Options": [
          "nosniff"
        ],
        "Date": [
          "Fri, 02 Oct 2020 09:35:43 GMT"
        ],
        "Content-Length": [
          "359"
        ],
        "Content-Type": [
          "application/json; charset=utf-8"
        ],
        "Expires": [
          "-1"
        ]
      },
      "ResponseBody": "{\r\n  \"id\": \"/subscriptions/69a75bda-882e-44d5-8431-63421204132a/resourceGroups/sdk-net-test-qa2/providers/Microsoft.NetApp/netAppAccounts/sdk-net-tests-acc-208v\",\r\n  \"name\": \"sdk-net-tests-acc-208v\",\r\n  \"type\": \"Microsoft.NetApp/netAppAccounts\",\r\n  \"etag\": \"W/\\\"datetime'2020-10-02T09%3A35%3A43.0789884Z'\\\"\",\r\n  \"location\": \"eastus2euap\",\r\n  \"properties\": {\r\n    \"provisioningState\": \"Creating\"\r\n  }\r\n}",
      "StatusCode": 201
    },
    {
      "RequestUri": "/subscriptions/69a75bda-882e-44d5-8431-63421204132a/providers/Microsoft.NetApp/locations/eastus2euap/operationResults/4fb9d21d-253b-4529-b307-63e24a2d8585?api-version=2020-06-01",
      "EncodedRequestUri": "L3N1YnNjcmlwdGlvbnMvNjlhNzViZGEtODgyZS00NGQ1LTg0MzEtNjM0MjEyMDQxMzJhL3Byb3ZpZGVycy9NaWNyb3NvZnQuTmV0QXBwL2xvY2F0aW9ucy9lYXN0dXMyZXVhcC9vcGVyYXRpb25SZXN1bHRzLzRmYjlkMjFkLTI1M2ItNDUyOS1iMzA3LTYzZTI0YTJkODU4NT9hcGktdmVyc2lvbj0yMDIwLTA2LTAx",
      "RequestMethod": "GET",
      "RequestBody": "",
      "RequestHeaders": {
        "User-Agent": [
          "FxVersion/4.6.29220.03",
          "OSName/Windows",
          "OSVersion/Microsoft.Windows.10.0.18363.",
          "Microsoft.Azure.Management.NetApp.AzureNetAppFilesManagementClient/1.6.0.0"
        ]
      },
      "ResponseHeaders": {
        "Cache-Control": [
          "no-cache"
        ],
        "Pragma": [
          "no-cache"
        ],
        "x-ms-request-id": [
          "20530ac5-3902-43d7-9150-04c4595d94fb"
        ],
        "Request-Context": [
          "appId=cid-v1:2c4cb680-0a1f-424d-bb8d-8e650ba68d53"
        ],
        "Access-Control-Expose-Headers": [
          "Request-Context"
        ],
        "Server": [
          "Microsoft-IIS/10.0"
        ],
        "X-Powered-By": [
          "ASP.NET"
        ],
        "x-ms-ratelimit-remaining-subscription-reads": [
          "11999"
        ],
        "x-ms-correlation-request-id": [
          "c2766d83-8b31-42a6-aa35-b31160f48dbc"
        ],
        "x-ms-routing-request-id": [
          "NORTHEUROPE:20201002T093614Z:c2766d83-8b31-42a6-aa35-b31160f48dbc"
        ],
        "Strict-Transport-Security": [
          "max-age=31536000; includeSubDomains"
        ],
        "X-Content-Type-Options": [
          "nosniff"
        ],
        "Date": [
          "Fri, 02 Oct 2020 09:36:13 GMT"
        ],
        "Content-Length": [
          "519"
        ],
        "Content-Type": [
          "application/json; charset=utf-8"
        ],
        "Expires": [
          "-1"
        ]
      },
      "ResponseBody": "{\r\n  \"id\": \"/subscriptions/69a75bda-882e-44d5-8431-63421204132a/providers/Microsoft.NetApp/locations/eastus2euap/operationResults/4fb9d21d-253b-4529-b307-63e24a2d8585\",\r\n  \"name\": \"4fb9d21d-253b-4529-b307-63e24a2d8585\",\r\n  \"status\": \"Succeeded\",\r\n  \"startTime\": \"2020-10-02T09:35:42.9630871Z\",\r\n  \"endTime\": \"2020-10-02T09:35:43.1590388Z\",\r\n  \"percentComplete\": 100.0,\r\n  \"properties\": {\r\n    \"resourceName\": \"/subscriptions/69a75bda-882e-44d5-8431-63421204132a/resourceGroups/sdk-net-test-qa2/providers/Microsoft.NetApp/netAppAccounts/sdk-net-tests-acc-208v\"\r\n  }\r\n}",
      "StatusCode": 200
    },
    {
      "RequestUri": "/subscriptions/69a75bda-882e-44d5-8431-63421204132a/resourceGroups/sdk-net-test-qa2/providers/Microsoft.NetApp/netAppAccounts/sdk-net-tests-acc-208v?api-version=2020-06-01",
      "EncodedRequestUri": "L3N1YnNjcmlwdGlvbnMvNjlhNzViZGEtODgyZS00NGQ1LTg0MzEtNjM0MjEyMDQxMzJhL3Jlc291cmNlR3JvdXBzL3Nkay1uZXQtdGVzdC1xYTIvcHJvdmlkZXJzL01pY3Jvc29mdC5OZXRBcHAvbmV0QXBwQWNjb3VudHMvc2RrLW5ldC10ZXN0cy1hY2MtMjA4dj9hcGktdmVyc2lvbj0yMDIwLTA2LTAx",
      "RequestMethod": "GET",
      "RequestBody": "",
      "RequestHeaders": {
        "User-Agent": [
          "FxVersion/4.6.29220.03",
          "OSName/Windows",
          "OSVersion/Microsoft.Windows.10.0.18363.",
          "Microsoft.Azure.Management.NetApp.AzureNetAppFilesManagementClient/1.6.0.0"
        ]
      },
      "ResponseHeaders": {
        "Cache-Control": [
          "no-cache"
        ],
        "Pragma": [
          "no-cache"
        ],
        "ETag": [
          "W/\"datetime'2020-10-02T09%3A35%3A43.1500416Z'\""
        ],
        "x-ms-request-id": [
          "a72eb3b2-1412-4e43-85e9-614d19596c97"
        ],
        "Request-Context": [
          "appId=cid-v1:2c4cb680-0a1f-424d-bb8d-8e650ba68d53"
        ],
        "Access-Control-Expose-Headers": [
          "Request-Context"
        ],
        "Server": [
          "Microsoft-IIS/10.0"
        ],
        "X-Powered-By": [
          "ASP.NET"
        ],
        "x-ms-ratelimit-remaining-subscription-reads": [
          "11998"
        ],
        "x-ms-correlation-request-id": [
          "e4991114-bf80-4345-b33c-56b5e13f332d"
        ],
        "x-ms-routing-request-id": [
          "NORTHEUROPE:20201002T093614Z:e4991114-bf80-4345-b33c-56b5e13f332d"
        ],
        "Strict-Transport-Security": [
          "max-age=31536000; includeSubDomains"
        ],
        "X-Content-Type-Options": [
          "nosniff"
        ],
        "Date": [
          "Fri, 02 Oct 2020 09:36:13 GMT"
        ],
        "Content-Length": [
          "360"
        ],
        "Content-Type": [
          "application/json; charset=utf-8"
        ],
        "Expires": [
          "-1"
        ]
      },
      "ResponseBody": "{\r\n  \"id\": \"/subscriptions/69a75bda-882e-44d5-8431-63421204132a/resourceGroups/sdk-net-test-qa2/providers/Microsoft.NetApp/netAppAccounts/sdk-net-tests-acc-208v\",\r\n  \"name\": \"sdk-net-tests-acc-208v\",\r\n  \"type\": \"Microsoft.NetApp/netAppAccounts\",\r\n  \"etag\": \"W/\\\"datetime'2020-10-02T09%3A35%3A43.1500416Z'\\\"\",\r\n  \"location\": \"eastus2euap\",\r\n  \"properties\": {\r\n    \"provisioningState\": \"Succeeded\"\r\n  }\r\n}",
      "StatusCode": 200
    },
    {
      "RequestUri": "/subscriptions/69a75bda-882e-44d5-8431-63421204132a/resourceGroups/sdk-net-test-qa2/providers/Microsoft.NetApp/netAppAccounts/sdk-net-tests-acc-208v/backupPolicies/sdk-net-tests-backupPolicy-102a?api-version=2020-06-01",
      "EncodedRequestUri": "L3N1YnNjcmlwdGlvbnMvNjlhNzViZGEtODgyZS00NGQ1LTg0MzEtNjM0MjEyMDQxMzJhL3Jlc291cmNlR3JvdXBzL3Nkay1uZXQtdGVzdC1xYTIvcHJvdmlkZXJzL01pY3Jvc29mdC5OZXRBcHAvbmV0QXBwQWNjb3VudHMvc2RrLW5ldC10ZXN0cy1hY2MtMjA4di9iYWNrdXBQb2xpY2llcy9zZGstbmV0LXRlc3RzLWJhY2t1cFBvbGljeS0xMDJhP2FwaS12ZXJzaW9uPTIwMjAtMDYtMDE=",
      "RequestMethod": "PUT",
      "RequestBody": "{\r\n  \"location\": \"eastus2euap\",\r\n  \"properties\": {\r\n    \"dailyBackupsToKeep\": 4,\r\n    \"weeklyBackupsToKeep\": 3,\r\n    \"monthlyBackupsToKeep\": 2,\r\n    \"yearlyBackupsToKeep\": 1,\r\n    \"enabled\": true\r\n  }\r\n}",
      "RequestHeaders": {
        "x-ms-client-request-id": [
          "22d916fd-5f61-4995-bb44-c43054325491"
        ],
        "Accept-Language": [
          "en-US"
        ],
        "User-Agent": [
          "FxVersion/4.6.29220.03",
          "OSName/Windows",
          "OSVersion/Microsoft.Windows.10.0.18363.",
          "Microsoft.Azure.Management.NetApp.AzureNetAppFilesManagementClient/1.6.0.0"
        ],
        "Content-Type": [
          "application/json; charset=utf-8"
        ],
        "Content-Length": [
          "203"
        ]
      },
      "ResponseHeaders": {
        "Cache-Control": [
          "no-cache"
        ],
        "Pragma": [
          "no-cache"
        ],
        "ETag": [
          "W/\"datetime'2020-10-02T09%3A36%3A26.6636139Z'\""
        ],
        "x-ms-request-id": [
          "d318877d-069d-4ba2-8bf2-823f3c12bb33"
        ],
        "Azure-AsyncOperation": [
          "https://management.azure.com/subscriptions/69a75bda-882e-44d5-8431-63421204132a/providers/Microsoft.NetApp/locations/eastus2euap/operationResults/7be29dc5-f321-40ec-b748-f7c34eadcb51?api-version=2020-06-01"
        ],
        "Request-Context": [
          "appId=cid-v1:2c4cb680-0a1f-424d-bb8d-8e650ba68d53"
        ],
        "Access-Control-Expose-Headers": [
          "Request-Context"
        ],
        "Server": [
          "Microsoft-IIS/10.0"
        ],
        "X-Powered-By": [
          "ASP.NET"
        ],
        "x-ms-ratelimit-remaining-subscription-writes": [
          "1198"
        ],
        "x-ms-correlation-request-id": [
          "7995a40d-f2ee-437d-8198-17505d1ca3d2"
        ],
        "x-ms-routing-request-id": [
          "NORTHEUROPE:20201002T093627Z:7995a40d-f2ee-437d-8198-17505d1ca3d2"
        ],
        "Strict-Transport-Security": [
          "max-age=31536000; includeSubDomains"
        ],
        "X-Content-Type-Options": [
          "nosniff"
        ],
        "Date": [
          "Fri, 02 Oct 2020 09:36:26 GMT"
        ],
        "Content-Length": [
          "564"
        ],
        "Content-Type": [
          "application/json; charset=utf-8"
        ],
        "Expires": [
          "-1"
        ]
      },
      "ResponseBody": "{\r\n  \"id\": \"/subscriptions/69a75bda-882e-44d5-8431-63421204132a/resourceGroups/sdk-net-test-qa2/providers/Microsoft.NetApp/netAppAccounts/sdk-net-tests-acc-208v/backupPolicies/sdk-net-tests-backupPolicy-102a\",\r\n  \"name\": \"sdk-net-tests-acc-208v/sdk-net-tests-backupPolicy-102a\",\r\n  \"type\": \"Microsoft.NetApp/netAppAccounts/backupPolicies\",\r\n  \"etag\": \"W/\\\"datetime'2020-10-02T09%3A36%3A26.6636139Z'\\\"\",\r\n  \"location\": \"eastus2euap\",\r\n  \"properties\": {\r\n    \"enabled\": true,\r\n    \"dailyBackupsToKeep\": 4,\r\n    \"weeklyBackupsToKeep\": 3,\r\n    \"monthlyBackupsToKeep\": 2,\r\n    \"yearlyBackupsToKeep\": 1,\r\n    \"provisioningState\": \"Creating\"\r\n  }\r\n}",
      "StatusCode": 201
    },
    {
      "RequestUri": "/subscriptions/69a75bda-882e-44d5-8431-63421204132a/providers/Microsoft.NetApp/locations/eastus2euap/operationResults/7be29dc5-f321-40ec-b748-f7c34eadcb51?api-version=2020-06-01",
      "EncodedRequestUri": "L3N1YnNjcmlwdGlvbnMvNjlhNzViZGEtODgyZS00NGQ1LTg0MzEtNjM0MjEyMDQxMzJhL3Byb3ZpZGVycy9NaWNyb3NvZnQuTmV0QXBwL2xvY2F0aW9ucy9lYXN0dXMyZXVhcC9vcGVyYXRpb25SZXN1bHRzLzdiZTI5ZGM1LWYzMjEtNDBlYy1iNzQ4LWY3YzM0ZWFkY2I1MT9hcGktdmVyc2lvbj0yMDIwLTA2LTAx",
      "RequestMethod": "GET",
      "RequestBody": "",
      "RequestHeaders": {
        "User-Agent": [
          "FxVersion/4.6.29220.03",
          "OSName/Windows",
          "OSVersion/Microsoft.Windows.10.0.18363.",
          "Microsoft.Azure.Management.NetApp.AzureNetAppFilesManagementClient/1.6.0.0"
        ]
      },
      "ResponseHeaders": {
        "Cache-Control": [
          "no-cache"
        ],
        "Pragma": [
          "no-cache"
        ],
        "x-ms-request-id": [
          "43ef02e7-a387-4c9f-a80e-35270bd344b3"
        ],
        "Request-Context": [
          "appId=cid-v1:2c4cb680-0a1f-424d-bb8d-8e650ba68d53"
        ],
        "Access-Control-Expose-Headers": [
          "Request-Context"
        ],
        "Server": [
          "Microsoft-IIS/10.0"
        ],
        "X-Powered-By": [
          "ASP.NET"
        ],
        "x-ms-ratelimit-remaining-subscription-reads": [
          "11997"
        ],
        "x-ms-correlation-request-id": [
          "0020095f-7e89-405c-b42e-127d565ecfda"
        ],
        "x-ms-routing-request-id": [
          "NORTHEUROPE:20201002T093657Z:0020095f-7e89-405c-b42e-127d565ecfda"
        ],
        "Strict-Transport-Security": [
          "max-age=31536000; includeSubDomains"
        ],
        "X-Content-Type-Options": [
          "nosniff"
        ],
        "Date": [
          "Fri, 02 Oct 2020 09:36:57 GMT"
        ],
        "Content-Length": [
          "564"
        ],
        "Content-Type": [
          "application/json; charset=utf-8"
        ],
        "Expires": [
          "-1"
        ]
      },
      "ResponseBody": "{\r\n  \"id\": \"/subscriptions/69a75bda-882e-44d5-8431-63421204132a/providers/Microsoft.NetApp/locations/eastus2euap/operationResults/7be29dc5-f321-40ec-b748-f7c34eadcb51\",\r\n  \"name\": \"7be29dc5-f321-40ec-b748-f7c34eadcb51\",\r\n  \"status\": \"Succeeded\",\r\n  \"startTime\": \"2020-10-02T09:36:26.612053Z\",\r\n  \"endTime\": \"2020-10-02T09:36:26.850299Z\",\r\n  \"percentComplete\": 100.0,\r\n  \"properties\": {\r\n    \"resourceName\": \"/subscriptions/69a75bda-882e-44d5-8431-63421204132a/resourceGroups/sdk-net-test-qa2/providers/Microsoft.NetApp/netAppAccounts/sdk-net-tests-acc-208v/backupPolicies/sdk-net-tests-backupPolicy-102a\"\r\n  }\r\n}",
      "StatusCode": 200
    },
    {
      "RequestUri": "/subscriptions/69a75bda-882e-44d5-8431-63421204132a/resourceGroups/sdk-net-test-qa2/providers/Microsoft.NetApp/netAppAccounts/sdk-net-tests-acc-208v/backupPolicies/sdk-net-tests-backupPolicy-102a?api-version=2020-06-01",
      "EncodedRequestUri": "L3N1YnNjcmlwdGlvbnMvNjlhNzViZGEtODgyZS00NGQ1LTg0MzEtNjM0MjEyMDQxMzJhL3Jlc291cmNlR3JvdXBzL3Nkay1uZXQtdGVzdC1xYTIvcHJvdmlkZXJzL01pY3Jvc29mdC5OZXRBcHAvbmV0QXBwQWNjb3VudHMvc2RrLW5ldC10ZXN0cy1hY2MtMjA4di9iYWNrdXBQb2xpY2llcy9zZGstbmV0LXRlc3RzLWJhY2t1cFBvbGljeS0xMDJhP2FwaS12ZXJzaW9uPTIwMjAtMDYtMDE=",
      "RequestMethod": "GET",
      "RequestBody": "",
      "RequestHeaders": {
        "User-Agent": [
          "FxVersion/4.6.29220.03",
          "OSName/Windows",
          "OSVersion/Microsoft.Windows.10.0.18363.",
          "Microsoft.Azure.Management.NetApp.AzureNetAppFilesManagementClient/1.6.0.0"
        ]
      },
      "ResponseHeaders": {
        "Cache-Control": [
          "no-cache"
        ],
        "Pragma": [
          "no-cache"
        ],
        "ETag": [
          "W/\"datetime'2020-10-02T09%3A36%3A26.8437489Z'\""
        ],
        "x-ms-request-id": [
          "b29c9c03-eb54-4d51-8bb8-628a767a02d8"
        ],
        "Request-Context": [
          "appId=cid-v1:2c4cb680-0a1f-424d-bb8d-8e650ba68d53"
        ],
        "Access-Control-Expose-Headers": [
          "Request-Context"
        ],
        "Server": [
          "Microsoft-IIS/10.0"
        ],
        "X-Powered-By": [
          "ASP.NET"
        ],
        "x-ms-ratelimit-remaining-subscription-reads": [
          "11996"
        ],
        "x-ms-correlation-request-id": [
          "4b471002-6a53-4484-a76f-97ffff4259bb"
        ],
        "x-ms-routing-request-id": [
          "NORTHEUROPE:20201002T093658Z:4b471002-6a53-4484-a76f-97ffff4259bb"
        ],
        "Strict-Transport-Security": [
          "max-age=31536000; includeSubDomains"
        ],
        "X-Content-Type-Options": [
          "nosniff"
        ],
        "Date": [
          "Fri, 02 Oct 2020 09:36:57 GMT"
        ],
        "Content-Length": [
          "621"
        ],
        "Content-Type": [
          "application/json; charset=utf-8"
        ],
        "Expires": [
          "-1"
        ]
      },
      "ResponseBody": "{\r\n  \"id\": \"/subscriptions/69a75bda-882e-44d5-8431-63421204132a/resourceGroups/sdk-net-test-qa2/providers/Microsoft.NetApp/netAppAccounts/sdk-net-tests-acc-208v/backupPolicies/sdk-net-tests-backupPolicy-102a\",\r\n  \"name\": \"sdk-net-tests-acc-208v/sdk-net-tests-backupPolicy-102a\",\r\n  \"type\": \"Microsoft.NetApp/netAppAccounts/backupPolicies\",\r\n  \"etag\": \"W/\\\"datetime'2020-10-02T09%3A36%3A26.8437489Z'\\\"\",\r\n  \"location\": \"eastus2euap\",\r\n  \"properties\": {\r\n    \"enabled\": true,\r\n    \"backupPolicyId\": \"be340f05-0492-11eb-947a-82e1f2bf334c\",\r\n    \"dailyBackupsToKeep\": 4,\r\n    \"weeklyBackupsToKeep\": 3,\r\n    \"monthlyBackupsToKeep\": 2,\r\n    \"yearlyBackupsToKeep\": 0,\r\n    \"provisioningState\": \"Succeeded\"\r\n  }\r\n}",
      "StatusCode": 200
    },
    {
      "RequestUri": "/subscriptions/69a75bda-882e-44d5-8431-63421204132a/resourceGroups/sdk-net-test-qa2/providers/Microsoft.NetApp/netAppAccounts/sdk-net-tests-acc-208v/backupPolicies/sdk-net-tests-backupPolicy-102a?api-version=2020-06-01",
      "EncodedRequestUri": "L3N1YnNjcmlwdGlvbnMvNjlhNzViZGEtODgyZS00NGQ1LTg0MzEtNjM0MjEyMDQxMzJhL3Jlc291cmNlR3JvdXBzL3Nkay1uZXQtdGVzdC1xYTIvcHJvdmlkZXJzL01pY3Jvc29mdC5OZXRBcHAvbmV0QXBwQWNjb3VudHMvc2RrLW5ldC10ZXN0cy1hY2MtMjA4di9iYWNrdXBQb2xpY2llcy9zZGstbmV0LXRlc3RzLWJhY2t1cFBvbGljeS0xMDJhP2FwaS12ZXJzaW9uPTIwMjAtMDYtMDE=",
      "RequestMethod": "GET",
      "RequestBody": "",
      "RequestHeaders": {
        "x-ms-client-request-id": [
          "9fe51afc-82dd-4c15-be62-d66b7720e9cf"
        ],
        "Accept-Language": [
          "en-US"
        ],
        "User-Agent": [
          "FxVersion/4.6.29220.03",
          "OSName/Windows",
          "OSVersion/Microsoft.Windows.10.0.18363.",
          "Microsoft.Azure.Management.NetApp.AzureNetAppFilesManagementClient/1.6.0.0"
        ]
      },
      "ResponseHeaders": {
        "Cache-Control": [
          "no-cache"
        ],
        "Pragma": [
          "no-cache"
        ],
        "ETag": [
          "W/\"datetime'2020-10-02T09%3A36%3A26.8437489Z'\""
        ],
        "x-ms-request-id": [
          "150e1042-d1bf-420f-9c2b-d1be7e49461d"
        ],
        "Request-Context": [
          "appId=cid-v1:2c4cb680-0a1f-424d-bb8d-8e650ba68d53"
        ],
        "Access-Control-Expose-Headers": [
          "Request-Context"
        ],
        "Server": [
          "Microsoft-IIS/10.0"
        ],
        "X-Powered-By": [
          "ASP.NET"
        ],
        "x-ms-ratelimit-remaining-subscription-reads": [
          "11994"
        ],
        "x-ms-correlation-request-id": [
          "dc9d0ebe-9c26-4892-b4f0-52f7824c3196"
        ],
        "x-ms-routing-request-id": [
          "NORTHEUROPE:20201002T093658Z:dc9d0ebe-9c26-4892-b4f0-52f7824c3196"
        ],
        "Strict-Transport-Security": [
          "max-age=31536000; includeSubDomains"
        ],
        "X-Content-Type-Options": [
          "nosniff"
        ],
        "Date": [
          "Fri, 02 Oct 2020 09:36:58 GMT"
        ],
        "Content-Length": [
          "621"
        ],
        "Content-Type": [
          "application/json; charset=utf-8"
        ],
        "Expires": [
          "-1"
        ]
      },
      "ResponseBody": "{\r\n  \"id\": \"/subscriptions/69a75bda-882e-44d5-8431-63421204132a/resourceGroups/sdk-net-test-qa2/providers/Microsoft.NetApp/netAppAccounts/sdk-net-tests-acc-208v/backupPolicies/sdk-net-tests-backupPolicy-102a\",\r\n  \"name\": \"sdk-net-tests-acc-208v/sdk-net-tests-backupPolicy-102a\",\r\n  \"type\": \"Microsoft.NetApp/netAppAccounts/backupPolicies\",\r\n  \"etag\": \"W/\\\"datetime'2020-10-02T09%3A36%3A26.8437489Z'\\\"\",\r\n  \"location\": \"eastus2euap\",\r\n  \"properties\": {\r\n    \"enabled\": true,\r\n    \"backupPolicyId\": \"be340f05-0492-11eb-947a-82e1f2bf334c\",\r\n    \"dailyBackupsToKeep\": 4,\r\n    \"weeklyBackupsToKeep\": 3,\r\n    \"monthlyBackupsToKeep\": 2,\r\n    \"yearlyBackupsToKeep\": 0,\r\n    \"provisioningState\": \"Succeeded\"\r\n  }\r\n}",
      "StatusCode": 200
    },
    {
      "RequestUri": "/subscriptions/69a75bda-882e-44d5-8431-63421204132a/resourceGroups/sdk-net-test-qa2/providers/Microsoft.NetApp/netAppAccounts/sdk-net-tests-acc-208v/backupPolicies?api-version=2020-06-01",
      "EncodedRequestUri": "L3N1YnNjcmlwdGlvbnMvNjlhNzViZGEtODgyZS00NGQ1LTg0MzEtNjM0MjEyMDQxMzJhL3Jlc291cmNlR3JvdXBzL3Nkay1uZXQtdGVzdC1xYTIvcHJvdmlkZXJzL01pY3Jvc29mdC5OZXRBcHAvbmV0QXBwQWNjb3VudHMvc2RrLW5ldC10ZXN0cy1hY2MtMjA4di9iYWNrdXBQb2xpY2llcz9hcGktdmVyc2lvbj0yMDIwLTA2LTAx",
      "RequestMethod": "GET",
      "RequestBody": "",
      "RequestHeaders": {
        "x-ms-client-request-id": [
          "71445f5f-f43b-4c06-b5a8-72a2dbd15699"
        ],
        "Accept-Language": [
          "en-US"
        ],
        "User-Agent": [
          "FxVersion/4.6.29220.03",
          "OSName/Windows",
          "OSVersion/Microsoft.Windows.10.0.18363.",
          "Microsoft.Azure.Management.NetApp.AzureNetAppFilesManagementClient/1.6.0.0"
        ]
      },
      "ResponseHeaders": {
        "Cache-Control": [
          "no-cache"
        ],
        "Pragma": [
          "no-cache"
        ],
        "x-ms-request-id": [
          "ef0a9096-f9b1-4d05-b0e5-d862090f2324"
        ],
        "Request-Context": [
          "appId=cid-v1:2c4cb680-0a1f-424d-bb8d-8e650ba68d53"
        ],
        "Access-Control-Expose-Headers": [
          "Request-Context"
        ],
        "Server": [
          "Microsoft-IIS/10.0"
        ],
        "X-Powered-By": [
          "ASP.NET"
        ],
        "x-ms-ratelimit-remaining-subscription-reads": [
          "11995"
        ],
        "x-ms-correlation-request-id": [
          "d174e634-213d-4698-8014-d484d08df07f"
        ],
        "x-ms-routing-request-id": [
          "NORTHEUROPE:20201002T093658Z:d174e634-213d-4698-8014-d484d08df07f"
        ],
        "Strict-Transport-Security": [
          "max-age=31536000; includeSubDomains"
        ],
        "X-Content-Type-Options": [
          "nosniff"
        ],
        "Date": [
          "Fri, 02 Oct 2020 09:36:58 GMT"
        ],
        "Content-Length": [
          "633"
        ],
        "Content-Type": [
          "application/json; charset=utf-8"
        ],
        "Expires": [
          "-1"
        ]
      },
      "ResponseBody": "{\r\n  \"value\": [\r\n    {\r\n      \"id\": \"/subscriptions/69a75bda-882e-44d5-8431-63421204132a/resourceGroups/sdk-net-test-qa2/providers/Microsoft.NetApp/netAppAccounts/sdk-net-tests-acc-208v/backupPolicies/sdk-net-tests-backupPolicy-102a\",\r\n      \"name\": \"sdk-net-tests-acc-208v/sdk-net-tests-backupPolicy-102a\",\r\n      \"type\": \"Microsoft.NetApp/netAppAccounts/backupPolicies\",\r\n      \"etag\": \"W/\\\"datetime'2020-10-02T09%3A36%3A26.8437489Z'\\\"\",\r\n      \"location\": \"eastus2euap\",\r\n      \"properties\": {\r\n        \"enabled\": true,\r\n        \"backupPolicyId\": \"be340f05-0492-11eb-947a-82e1f2bf334c\",\r\n        \"dailyBackupsToKeep\": 4,\r\n        \"weeklyBackupsToKeep\": 3,\r\n        \"monthlyBackupsToKeep\": 2,\r\n        \"yearlyBackupsToKeep\": 0,\r\n        \"provisioningState\": \"Succeeded\"\r\n      }\r\n    }\r\n  ]\r\n}",
      "StatusCode": 200
    },
    {
      "RequestUri": "/subscriptions/69a75bda-882e-44d5-8431-63421204132a/resourceGroups/sdk-net-test-qa2/providers/Microsoft.NetApp/netAppAccounts/sdk-net-tests-acc-208v/backupPolicies?api-version=2020-06-01",
      "EncodedRequestUri": "L3N1YnNjcmlwdGlvbnMvNjlhNzViZGEtODgyZS00NGQ1LTg0MzEtNjM0MjEyMDQxMzJhL3Jlc291cmNlR3JvdXBzL3Nkay1uZXQtdGVzdC1xYTIvcHJvdmlkZXJzL01pY3Jvc29mdC5OZXRBcHAvbmV0QXBwQWNjb3VudHMvc2RrLW5ldC10ZXN0cy1hY2MtMjA4di9iYWNrdXBQb2xpY2llcz9hcGktdmVyc2lvbj0yMDIwLTA2LTAx",
      "RequestMethod": "GET",
      "RequestBody": "",
      "RequestHeaders": {
        "x-ms-client-request-id": [
          "b41acffe-e184-432d-8b29-68dc10067874"
        ],
        "Accept-Language": [
          "en-US"
        ],
        "User-Agent": [
          "FxVersion/4.6.29220.03",
          "OSName/Windows",
          "OSVersion/Microsoft.Windows.10.0.18363.",
          "Microsoft.Azure.Management.NetApp.AzureNetAppFilesManagementClient/1.6.0.0"
        ]
      },
      "ResponseHeaders": {
        "Cache-Control": [
          "no-cache"
        ],
        "Pragma": [
          "no-cache"
        ],
        "x-ms-request-id": [
          "73e3dec4-573c-4742-811c-1fb93d289f4c"
        ],
        "Request-Context": [
          "appId=cid-v1:2c4cb680-0a1f-424d-bb8d-8e650ba68d53"
        ],
        "Access-Control-Expose-Headers": [
          "Request-Context"
        ],
        "Server": [
          "Microsoft-IIS/10.0"
        ],
        "X-Powered-By": [
          "ASP.NET"
        ],
        "x-ms-ratelimit-remaining-subscription-reads": [
          "11991"
        ],
        "x-ms-correlation-request-id": [
          "fce56044-4a03-446a-820c-d8703fb8fc36"
        ],
        "x-ms-routing-request-id": [
          "NORTHEUROPE:20201002T093734Z:fce56044-4a03-446a-820c-d8703fb8fc36"
        ],
        "Strict-Transport-Security": [
          "max-age=31536000; includeSubDomains"
        ],
        "X-Content-Type-Options": [
          "nosniff"
        ],
        "Date": [
          "Fri, 02 Oct 2020 09:37:34 GMT"
        ],
        "Content-Length": [
          "12"
        ],
        "Content-Type": [
          "application/json; charset=utf-8"
        ],
        "Expires": [
          "-1"
        ]
      },
      "ResponseBody": "{\r\n  \"value\": []\r\n}",
      "StatusCode": 200
    },
    {
      "RequestUri": "/subscriptions/69a75bda-882e-44d5-8431-63421204132a/resourceGroups/sdk-net-test-qa2/providers/Microsoft.NetApp/netAppAccounts/sdk-net-tests-acc-208v/backupPolicies/sdk-net-tests-backupPolicy-102a?api-version=2020-06-01",
      "EncodedRequestUri": "L3N1YnNjcmlwdGlvbnMvNjlhNzViZGEtODgyZS00NGQ1LTg0MzEtNjM0MjEyMDQxMzJhL3Jlc291cmNlR3JvdXBzL3Nkay1uZXQtdGVzdC1xYTIvcHJvdmlkZXJzL01pY3Jvc29mdC5OZXRBcHAvbmV0QXBwQWNjb3VudHMvc2RrLW5ldC10ZXN0cy1hY2MtMjA4di9iYWNrdXBQb2xpY2llcy9zZGstbmV0LXRlc3RzLWJhY2t1cFBvbGljeS0xMDJhP2FwaS12ZXJzaW9uPTIwMjAtMDYtMDE=",
      "RequestMethod": "DELETE",
      "RequestBody": "",
      "RequestHeaders": {
        "x-ms-client-request-id": [
          "3664a176-a2ea-4630-bfe1-2bf3aa7b1022"
        ],
        "Accept-Language": [
          "en-US"
        ],
        "User-Agent": [
          "FxVersion/4.6.29220.03",
          "OSName/Windows",
          "OSVersion/Microsoft.Windows.10.0.18363.",
          "Microsoft.Azure.Management.NetApp.AzureNetAppFilesManagementClient/1.6.0.0"
        ]
      },
      "ResponseHeaders": {
        "Cache-Control": [
          "no-cache"
        ],
        "Pragma": [
          "no-cache"
        ],
        "Location": [
          "https://management.azure.com/subscriptions/69a75bda-882e-44d5-8431-63421204132a/providers/Microsoft.NetApp/locations/eastus2euap/operationResults/7158af04-f8ba-4ac9-9082-2f1999db6bcd?api-version=2020-06-01&operationResultResponseType=Location"
        ],
        "Azure-AsyncOperation": [
          "https://management.azure.com/subscriptions/69a75bda-882e-44d5-8431-63421204132a/providers/Microsoft.NetApp/locations/eastus2euap/operationResults/7158af04-f8ba-4ac9-9082-2f1999db6bcd?api-version=2020-06-01"
        ],
        "Request-Context": [
          "appId=cid-v1:2c4cb680-0a1f-424d-bb8d-8e650ba68d53"
        ],
        "Access-Control-Expose-Headers": [
          "Request-Context"
        ],
        "Server": [
          "Microsoft-IIS/10.0"
        ],
        "X-Powered-By": [
          "ASP.NET"
        ],
        "x-ms-ratelimit-remaining-subscription-deletes": [
          "14999"
        ],
        "x-ms-request-id": [
          "6f3683bf-fdf4-437c-8ba6-c5001b5e070c"
        ],
        "x-ms-correlation-request-id": [
          "6f3683bf-fdf4-437c-8ba6-c5001b5e070c"
        ],
        "x-ms-routing-request-id": [
          "NORTHEUROPE:20201002T093659Z:6f3683bf-fdf4-437c-8ba6-c5001b5e070c"
        ],
        "Strict-Transport-Security": [
          "max-age=31536000; includeSubDomains"
        ],
        "X-Content-Type-Options": [
          "nosniff"
        ],
        "Date": [
          "Fri, 02 Oct 2020 09:36:58 GMT"
        ],
        "Expires": [
          "-1"
        ],
        "Content-Length": [
          "0"
        ]
      },
      "ResponseBody": "",
      "StatusCode": 202
    },
    {
      "RequestUri": "/subscriptions/69a75bda-882e-44d5-8431-63421204132a/resourceGroups/sdk-net-test-qa2/providers/Microsoft.NetApp/netAppAccounts/sdk-net-tests-acc-208v/backupPolicies/sdk-net-tests-backupPolicy-102a?api-version=2020-06-01",
      "EncodedRequestUri": "L3N1YnNjcmlwdGlvbnMvNjlhNzViZGEtODgyZS00NGQ1LTg0MzEtNjM0MjEyMDQxMzJhL3Jlc291cmNlR3JvdXBzL3Nkay1uZXQtdGVzdC1xYTIvcHJvdmlkZXJzL01pY3Jvc29mdC5OZXRBcHAvbmV0QXBwQWNjb3VudHMvc2RrLW5ldC10ZXN0cy1hY2MtMjA4di9iYWNrdXBQb2xpY2llcy9zZGstbmV0LXRlc3RzLWJhY2t1cFBvbGljeS0xMDJhP2FwaS12ZXJzaW9uPTIwMjAtMDYtMDE=",
      "RequestMethod": "DELETE",
      "RequestBody": "",
      "RequestHeaders": {
        "x-ms-client-request-id": [
          "ea713af2-5bef-40d2-8f08-5500b5ce2a0d"
        ],
        "Accept-Language": [
          "en-US"
        ],
        "User-Agent": [
          "FxVersion/4.6.29220.03",
          "OSName/Windows",
          "OSVersion/Microsoft.Windows.10.0.18363.",
          "Microsoft.Azure.Management.NetApp.AzureNetAppFilesManagementClient/1.6.0.0"
        ]
      },
      "ResponseHeaders": {
        "Cache-Control": [
          "no-cache"
        ],
        "Pragma": [
          "no-cache"
        ],
        "x-ms-ratelimit-remaining-subscription-deletes": [
          "14998"
        ],
        "x-ms-request-id": [
          "d8a80f89-af92-481d-bd79-bae96e2b8e05"
        ],
        "x-ms-correlation-request-id": [
          "d8a80f89-af92-481d-bd79-bae96e2b8e05"
        ],
        "x-ms-routing-request-id": [
          "NORTHEUROPE:20201002T093734Z:d8a80f89-af92-481d-bd79-bae96e2b8e05"
        ],
        "Strict-Transport-Security": [
          "max-age=31536000; includeSubDomains"
        ],
        "X-Content-Type-Options": [
          "nosniff"
        ],
        "Date": [
          "Fri, 02 Oct 2020 09:37:34 GMT"
        ],
        "Expires": [
          "-1"
        ]
      },
      "ResponseBody": "",
      "StatusCode": 204
    },
    {
      "RequestUri": "/subscriptions/69a75bda-882e-44d5-8431-63421204132a/providers/Microsoft.NetApp/locations/eastus2euap/operationResults/7158af04-f8ba-4ac9-9082-2f1999db6bcd?api-version=2020-06-01",
      "EncodedRequestUri": "L3N1YnNjcmlwdGlvbnMvNjlhNzViZGEtODgyZS00NGQ1LTg0MzEtNjM0MjEyMDQxMzJhL3Byb3ZpZGVycy9NaWNyb3NvZnQuTmV0QXBwL2xvY2F0aW9ucy9lYXN0dXMyZXVhcC9vcGVyYXRpb25SZXN1bHRzLzcxNThhZjA0LWY4YmEtNGFjOS05MDgyLTJmMTk5OWRiNmJjZD9hcGktdmVyc2lvbj0yMDIwLTA2LTAx",
      "RequestMethod": "GET",
      "RequestBody": "",
      "RequestHeaders": {
        "User-Agent": [
          "FxVersion/4.6.29220.03",
          "OSName/Windows",
          "OSVersion/Microsoft.Windows.10.0.18363.",
          "Microsoft.Azure.Management.NetApp.AzureNetAppFilesManagementClient/1.6.0.0"
        ]
      },
      "ResponseHeaders": {
        "Cache-Control": [
          "no-cache"
        ],
        "Pragma": [
          "no-cache"
        ],
        "x-ms-request-id": [
          "eaa90326-afed-419d-879f-cf4379b09555"
        ],
        "Request-Context": [
          "appId=cid-v1:2c4cb680-0a1f-424d-bb8d-8e650ba68d53"
        ],
        "Access-Control-Expose-Headers": [
          "Request-Context"
        ],
        "Server": [
          "Microsoft-IIS/10.0"
        ],
        "X-Powered-By": [
          "ASP.NET"
        ],
        "x-ms-ratelimit-remaining-subscription-reads": [
          "11993"
        ],
        "x-ms-correlation-request-id": [
          "138120de-8868-4897-ae1f-08a078dbb8f0"
        ],
        "x-ms-routing-request-id": [
          "NORTHEUROPE:20201002T093729Z:138120de-8868-4897-ae1f-08a078dbb8f0"
        ],
        "Strict-Transport-Security": [
          "max-age=31536000; includeSubDomains"
        ],
        "X-Content-Type-Options": [
          "nosniff"
        ],
        "Date": [
          "Fri, 02 Oct 2020 09:37:28 GMT"
        ],
        "Content-Length": [
          "562"
        ],
        "Content-Type": [
          "application/json; charset=utf-8"
        ],
        "Expires": [
          "-1"
        ]
      },
      "ResponseBody": "{\r\n  \"id\": \"/subscriptions/69a75bda-882e-44d5-8431-63421204132a/providers/Microsoft.NetApp/locations/eastus2euap/operationResults/7158af04-f8ba-4ac9-9082-2f1999db6bcd\",\r\n  \"name\": \"7158af04-f8ba-4ac9-9082-2f1999db6bcd\",\r\n  \"status\": \"Succeeded\",\r\n  \"startTime\": \"2020-10-02T09:36:59.13881Z\",\r\n  \"endTime\": \"2020-10-02T09:36:59.47833Z\",\r\n  \"percentComplete\": 100.0,\r\n  \"properties\": {\r\n    \"resourceName\": \"/subscriptions/69a75bda-882e-44d5-8431-63421204132a/resourceGroups/sdk-net-test-qa2/providers/Microsoft.NetApp/netAppAccounts/sdk-net-tests-acc-208v/backupPolicies/sdk-net-tests-backupPolicy-102a\"\r\n  }\r\n}",
      "StatusCode": 200
    },
    {
      "RequestUri": "/subscriptions/69a75bda-882e-44d5-8431-63421204132a/providers/Microsoft.NetApp/locations/eastus2euap/operationResults/7158af04-f8ba-4ac9-9082-2f1999db6bcd?api-version=2020-06-01&operationResultResponseType=Location",
      "EncodedRequestUri": "L3N1YnNjcmlwdGlvbnMvNjlhNzViZGEtODgyZS00NGQ1LTg0MzEtNjM0MjEyMDQxMzJhL3Byb3ZpZGVycy9NaWNyb3NvZnQuTmV0QXBwL2xvY2F0aW9ucy9lYXN0dXMyZXVhcC9vcGVyYXRpb25SZXN1bHRzLzcxNThhZjA0LWY4YmEtNGFjOS05MDgyLTJmMTk5OWRiNmJjZD9hcGktdmVyc2lvbj0yMDIwLTA2LTAxJm9wZXJhdGlvblJlc3VsdFJlc3BvbnNlVHlwZT1Mb2NhdGlvbg==",
      "RequestMethod": "GET",
      "RequestBody": "",
      "RequestHeaders": {
        "User-Agent": [
          "FxVersion/4.6.29220.03",
          "OSName/Windows",
          "OSVersion/Microsoft.Windows.10.0.18363.",
          "Microsoft.Azure.Management.NetApp.AzureNetAppFilesManagementClient/1.6.0.0"
        ]
      },
      "ResponseHeaders": {
        "Cache-Control": [
          "no-cache"
        ],
        "Pragma": [
          "no-cache"
        ],
        "x-ms-request-id": [
          "fad25f5b-8cbe-4520-b256-281d2d80e7c0"
        ],
        "Request-Context": [
          "appId=cid-v1:2c4cb680-0a1f-424d-bb8d-8e650ba68d53"
        ],
        "Access-Control-Expose-Headers": [
          "Request-Context"
        ],
        "Server": [
          "Microsoft-IIS/10.0"
        ],
        "X-Powered-By": [
          "ASP.NET"
        ],
        "x-ms-ratelimit-remaining-subscription-reads": [
          "11992"
        ],
        "x-ms-correlation-request-id": [
          "a5911394-eb43-448b-a94a-5844c2f58ace"
        ],
        "x-ms-routing-request-id": [
          "NORTHEUROPE:20201002T093729Z:a5911394-eb43-448b-a94a-5844c2f58ace"
        ],
        "Strict-Transport-Security": [
          "max-age=31536000; includeSubDomains"
        ],
        "X-Content-Type-Options": [
          "nosniff"
        ],
        "Date": [
          "Fri, 02 Oct 2020 09:37:28 GMT"
        ],
        "Content-Length": [
          "620"
        ],
        "Content-Type": [
          "application/json; charset=utf-8"
        ],
        "Expires": [
          "-1"
        ]
      },
      "ResponseBody": "{\r\n  \"id\": \"/subscriptions/69a75bda-882e-44d5-8431-63421204132a/resourceGroups/sdk-net-test-qa2/providers/Microsoft.NetApp/netAppAccounts/sdk-net-tests-acc-208v/backupPolicies/sdk-net-tests-backupPolicy-102a\",\r\n  \"name\": \"sdk-net-tests-acc-208v/sdk-net-tests-backupPolicy-102a\",\r\n  \"type\": \"Microsoft.NetApp/netAppAccounts/backupPolicies\",\r\n  \"etag\": \"W/\\\"datetime'2020-10-02T09%3A36%3A59.1859587Z'\\\"\",\r\n  \"location\": \"eastus2euap\",\r\n  \"properties\": {\r\n    \"enabled\": true,\r\n    \"backupPolicyId\": \"be340f05-0492-11eb-947a-82e1f2bf334c\",\r\n    \"dailyBackupsToKeep\": 4,\r\n    \"weeklyBackupsToKeep\": 3,\r\n    \"monthlyBackupsToKeep\": 2,\r\n    \"yearlyBackupsToKeep\": 0,\r\n    \"provisioningState\": \"Deleting\"\r\n  }\r\n}",
      "StatusCode": 200
    },
    {
      "RequestUri": "/subscriptions/69a75bda-882e-44d5-8431-63421204132a/resourceGroups/sdk-net-test-qa2/providers/Microsoft.NetApp/netAppAccounts/sdk-net-tests-acc-208v?api-version=2020-06-01",
      "EncodedRequestUri": "L3N1YnNjcmlwdGlvbnMvNjlhNzViZGEtODgyZS00NGQ1LTg0MzEtNjM0MjEyMDQxMzJhL3Jlc291cmNlR3JvdXBzL3Nkay1uZXQtdGVzdC1xYTIvcHJvdmlkZXJzL01pY3Jvc29mdC5OZXRBcHAvbmV0QXBwQWNjb3VudHMvc2RrLW5ldC10ZXN0cy1hY2MtMjA4dj9hcGktdmVyc2lvbj0yMDIwLTA2LTAx",
      "RequestMethod": "DELETE",
      "RequestBody": "",
      "RequestHeaders": {
        "x-ms-client-request-id": [
          "78ce803d-8915-4d36-9fe3-4c8d3a9c572b"
        ],
        "Accept-Language": [
          "en-US"
        ],
        "User-Agent": [
          "FxVersion/4.6.29220.03",
          "OSName/Windows",
          "OSVersion/Microsoft.Windows.10.0.18363.",
          "Microsoft.Azure.Management.NetApp.AzureNetAppFilesManagementClient/1.6.0.0"
        ]
      },
      "ResponseHeaders": {
        "Cache-Control": [
          "no-cache"
        ],
        "Pragma": [
          "no-cache"
        ],
        "Location": [
          "https://management.azure.com/subscriptions/69a75bda-882e-44d5-8431-63421204132a/providers/Microsoft.NetApp/locations/eastus2euap/operationResults/04fc2a32-3a01-4876-b7aa-d23ad4a12b9a?api-version=2020-06-01&operationResultResponseType=Location"
        ],
        "Azure-AsyncOperation": [
          "https://management.azure.com/subscriptions/69a75bda-882e-44d5-8431-63421204132a/providers/Microsoft.NetApp/locations/eastus2euap/operationResults/04fc2a32-3a01-4876-b7aa-d23ad4a12b9a?api-version=2020-06-01"
        ],
        "Request-Context": [
          "appId=cid-v1:2c4cb680-0a1f-424d-bb8d-8e650ba68d53"
        ],
        "Access-Control-Expose-Headers": [
          "Request-Context"
        ],
        "Server": [
          "Microsoft-IIS/10.0"
        ],
        "X-Powered-By": [
          "ASP.NET"
        ],
        "x-ms-ratelimit-remaining-subscription-deletes": [
          "14997"
        ],
        "x-ms-request-id": [
          "bfb0fe78-905e-4ab5-8fcc-99b9259da10c"
        ],
        "x-ms-correlation-request-id": [
          "bfb0fe78-905e-4ab5-8fcc-99b9259da10c"
        ],
        "x-ms-routing-request-id": [
          "NORTHEUROPE:20201002T093735Z:bfb0fe78-905e-4ab5-8fcc-99b9259da10c"
        ],
        "Strict-Transport-Security": [
          "max-age=31536000; includeSubDomains"
        ],
        "X-Content-Type-Options": [
          "nosniff"
        ],
        "Date": [
          "Fri, 02 Oct 2020 09:37:34 GMT"
        ],
        "Expires": [
          "-1"
        ],
        "Content-Length": [
          "0"
        ]
      },
      "ResponseBody": "",
      "StatusCode": 202
    },
    {
      "RequestUri": "/subscriptions/69a75bda-882e-44d5-8431-63421204132a/providers/Microsoft.NetApp/locations/eastus2euap/operationResults/04fc2a32-3a01-4876-b7aa-d23ad4a12b9a?api-version=2020-06-01",
      "EncodedRequestUri": "L3N1YnNjcmlwdGlvbnMvNjlhNzViZGEtODgyZS00NGQ1LTg0MzEtNjM0MjEyMDQxMzJhL3Byb3ZpZGVycy9NaWNyb3NvZnQuTmV0QXBwL2xvY2F0aW9ucy9lYXN0dXMyZXVhcC9vcGVyYXRpb25SZXN1bHRzLzA0ZmMyYTMyLTNhMDEtNDg3Ni1iN2FhLWQyM2FkNGExMmI5YT9hcGktdmVyc2lvbj0yMDIwLTA2LTAx",
      "RequestMethod": "GET",
      "RequestBody": "",
      "RequestHeaders": {
        "User-Agent": [
          "FxVersion/4.6.29220.03",
          "OSName/Windows",
          "OSVersion/Microsoft.Windows.10.0.18363.",
          "Microsoft.Azure.Management.NetApp.AzureNetAppFilesManagementClient/1.6.0.0"
        ]
      },
      "ResponseHeaders": {
        "Cache-Control": [
          "no-cache"
        ],
        "Pragma": [
          "no-cache"
        ],
        "x-ms-request-id": [
          "db95afcc-44e9-4c2a-b87f-f820e27c02ef"
        ],
        "Request-Context": [
          "appId=cid-v1:2c4cb680-0a1f-424d-bb8d-8e650ba68d53"
        ],
        "Access-Control-Expose-Headers": [
          "Request-Context"
        ],
        "Server": [
          "Microsoft-IIS/10.0"
        ],
        "X-Powered-By": [
          "ASP.NET"
        ],
        "x-ms-ratelimit-remaining-subscription-reads": [
          "11990"
        ],
        "x-ms-correlation-request-id": [
          "98c19cef-4363-41ee-91d5-809b62357b7a"
        ],
        "x-ms-routing-request-id": [
          "NORTHEUROPE:20201002T093805Z:98c19cef-4363-41ee-91d5-809b62357b7a"
        ],
        "Strict-Transport-Security": [
          "max-age=31536000; includeSubDomains"
        ],
        "X-Content-Type-Options": [
          "nosniff"
        ],
        "Date": [
          "Fri, 02 Oct 2020 09:38:05 GMT"
        ],
        "Content-Length": [
          "519"
        ],
        "Content-Type": [
          "application/json; charset=utf-8"
        ],
        "Expires": [
          "-1"
        ]
      },
      "ResponseBody": "{\r\n  \"id\": \"/subscriptions/69a75bda-882e-44d5-8431-63421204132a/providers/Microsoft.NetApp/locations/eastus2euap/operationResults/04fc2a32-3a01-4876-b7aa-d23ad4a12b9a\",\r\n  \"name\": \"04fc2a32-3a01-4876-b7aa-d23ad4a12b9a\",\r\n  \"status\": \"Succeeded\",\r\n  \"startTime\": \"2020-10-02T09:37:35.4358815Z\",\r\n  \"endTime\": \"2020-10-02T09:37:35.5558413Z\",\r\n  \"percentComplete\": 100.0,\r\n  \"properties\": {\r\n    \"resourceName\": \"/subscriptions/69a75bda-882e-44d5-8431-63421204132a/resourceGroups/sdk-net-test-qa2/providers/Microsoft.NetApp/netAppAccounts/sdk-net-tests-acc-208v\"\r\n  }\r\n}",
      "StatusCode": 200
    },
    {
      "RequestUri": "/subscriptions/69a75bda-882e-44d5-8431-63421204132a/providers/Microsoft.NetApp/locations/eastus2euap/operationResults/04fc2a32-3a01-4876-b7aa-d23ad4a12b9a?api-version=2020-06-01&operationResultResponseType=Location",
      "EncodedRequestUri": "L3N1YnNjcmlwdGlvbnMvNjlhNzViZGEtODgyZS00NGQ1LTg0MzEtNjM0MjEyMDQxMzJhL3Byb3ZpZGVycy9NaWNyb3NvZnQuTmV0QXBwL2xvY2F0aW9ucy9lYXN0dXMyZXVhcC9vcGVyYXRpb25SZXN1bHRzLzA0ZmMyYTMyLTNhMDEtNDg3Ni1iN2FhLWQyM2FkNGExMmI5YT9hcGktdmVyc2lvbj0yMDIwLTA2LTAxJm9wZXJhdGlvblJlc3VsdFJlc3BvbnNlVHlwZT1Mb2NhdGlvbg==",
      "RequestMethod": "GET",
      "RequestBody": "",
      "RequestHeaders": {
        "User-Agent": [
          "FxVersion/4.6.29220.03",
          "OSName/Windows",
          "OSVersion/Microsoft.Windows.10.0.18363.",
          "Microsoft.Azure.Management.NetApp.AzureNetAppFilesManagementClient/1.6.0.0"
        ]
      },
      "ResponseHeaders": {
        "Cache-Control": [
          "no-cache"
        ],
        "Pragma": [
          "no-cache"
        ],
        "x-ms-request-id": [
          "75d87f19-5cf6-48da-b989-a7f8473c83c0"
        ],
        "Request-Context": [
          "appId=cid-v1:2c4cb680-0a1f-424d-bb8d-8e650ba68d53"
        ],
        "Access-Control-Expose-Headers": [
          "Request-Context"
        ],
        "Server": [
          "Microsoft-IIS/10.0"
        ],
        "X-Powered-By": [
          "ASP.NET"
        ],
        "x-ms-ratelimit-remaining-subscription-reads": [
          "11989"
        ],
        "x-ms-correlation-request-id": [
          "4d777b29-702a-4172-9c06-d0773b5043d2"
        ],
        "x-ms-routing-request-id": [
          "NORTHEUROPE:20201002T093805Z:4d777b29-702a-4172-9c06-d0773b5043d2"
        ],
        "Strict-Transport-Security": [
          "max-age=31536000; includeSubDomains"
        ],
        "X-Content-Type-Options": [
          "nosniff"
        ],
        "Date": [
          "Fri, 02 Oct 2020 09:38:05 GMT"
        ],
        "Content-Length": [
          "391"
        ],
        "Content-Type": [
          "application/json; charset=utf-8"
        ],
        "Expires": [
          "-1"
        ]
      },
      "ResponseBody": "{\r\n  \"id\": \"/subscriptions/69a75bda-882e-44d5-8431-63421204132a/resourceGroups/sdk-net-test-qa2/providers/Microsoft.NetApp/netAppAccounts/sdk-net-tests-acc-208v\",\r\n  \"name\": \"sdk-net-tests-acc-208v\",\r\n  \"type\": \"Microsoft.NetApp/netAppAccounts\",\r\n  \"etag\": \"W/\\\"datetime'2020-10-02T09%3A37%3A35.5139465Z'\\\"\",\r\n  \"location\": \"eastus2euap\",\r\n  \"properties\": {\r\n    \"name\": \"sdk-net-tests-acc-208v\",\r\n    \"provisioningState\": \"Deleting\"\r\n  }\r\n}",
      "StatusCode": 200
    }
  ],
  "Names": {},
  "Variables": {
    "SubscriptionId": "69a75bda-882e-44d5-8431-63421204132a"
  }
}