{
  "Entries": [
    {
      "RequestUri": "/subscriptions/69a75bda-882e-44d5-8431-63421204132a/resourceGroups/sdk-net-test-qa2/providers/Microsoft.NetApp/netAppAccounts/sdk-net-tests-acc-215v?api-version=2022-01-01",
      "EncodedRequestUri": "L3N1YnNjcmlwdGlvbnMvNjlhNzViZGEtODgyZS00NGQ1LTg0MzEtNjM0MjEyMDQxMzJhL3Jlc291cmNlR3JvdXBzL3Nkay1uZXQtdGVzdC1xYTIvcHJvdmlkZXJzL01pY3Jvc29mdC5OZXRBcHAvbmV0QXBwQWNjb3VudHMvc2RrLW5ldC10ZXN0cy1hY2MtMjE1dj9hcGktdmVyc2lvbj0yMDIyLTAxLTAx",
      "RequestMethod": "PUT",
      "RequestBody": "{\r\n  \"properties\": {\r\n    \"activeDirectories\": []\r\n  },\r\n  \"location\": \"eastus2euap\"\r\n}",
      "RequestHeaders": {
        "x-ms-client-request-id": [
          "fb573251-7304-498a-b010-6b92b97c4241"
        ],
        "Accept-Language": [
          "en-US"
        ],
        "User-Agent": [
          "FxVersion/4.700.22.26002",
          "OSName/Windows",
          "OSVersion/Microsoft.Windows.10.0.19044",
          "Microsoft.Azure.Management.NetApp.AzureNetAppFilesManagementClient/1.16.0.0"
        ],
        "Content-Type": [
          "application/json; charset=utf-8"
        ],
        "Content-Length": [
          "87"
        ]
      },
      "ResponseHeaders": {
        "Cache-Control": [
          "no-cache"
        ],
        "Pragma": [
          "no-cache"
        ],
        "ETag": [
          "W/\"datetime'2022-06-24T22%3A15%3A36.469808Z'\""
        ],
        "x-ms-request-id": [
          "8e79896f-6810-4582-a737-e384d2715b20"
        ],
        "Azure-AsyncOperation": [
          "https://management.azure.com/subscriptions/69a75bda-882e-44d5-8431-63421204132a/providers/Microsoft.NetApp/locations/eastus2euap/operationResults/625e4bd6-e55d-4e87-8589-e15b57f42f62?api-version=2022-01-01"
        ],
        "Strict-Transport-Security": [
          "max-age=31536000; includeSubDomains"
        ],
        "Server": [
          "Microsoft-IIS/10.0"
        ],
        "X-Powered-By": [
          "ASP.NET"
        ],
        "x-ms-ratelimit-remaining-subscription-writes": [
          "1199"
        ],
        "x-ms-correlation-request-id": [
          "b9bf5b65-a761-4a17-92a9-284d1b6609bf"
        ],
        "x-ms-routing-request-id": [
          "FRANCESOUTH:20220624T221537Z:b9bf5b65-a761-4a17-92a9-284d1b6609bf"
        ],
        "X-Content-Type-Options": [
          "nosniff"
        ],
        "Date": [
          "Fri, 24 Jun 2022 22:15:37 GMT"
        ],
        "Content-Length": [
          "1176"
        ],
        "Content-Type": [
          "application/json; charset=utf-8"
        ],
        "Expires": [
          "-1"
        ]
      },
      "ResponseBody": "{\r\n  \"id\": \"/subscriptions/69a75bda-882e-44d5-8431-63421204132a/resourceGroups/sdk-net-test-qa2/providers/Microsoft.NetApp/netAppAccounts/sdk-net-tests-acc-215v\",\r\n  \"name\": \"sdk-net-tests-acc-215v\",\r\n  \"type\": \"Microsoft.NetApp/netAppAccounts\",\r\n  \"etag\": \"W/\\\"datetime'2022-06-24T22%3A15%3A36.469808Z'\\\"\",\r\n  \"location\": \"eastus2euap\",\r\n  \"tags\": {\r\n    \"CreatedOnDate\": \"2022-06-24T22:15:31.9840932Z\"\r\n  },\r\n  \"properties\": {\r\n    \"activeDirectories\": [\r\n      {\r\n        \"site\": \"default-first-site-name\",\r\n        \"activeDirectoryId\": \"ce84edd3-4475-9dc9-1818-763d9c54b8cc\",\r\n        \"username\": \"cbs\",\r\n        \"password\": \"****************\",\r\n        \"domain\": \"ANFReg.netapp.com\",\r\n        \"dns\": \"10.34.0.4\",\r\n        \"status\": \"InUse\",\r\n        \"smbServerName\": \"ANFREG\",\r\n        \"organizationalUnit\": \"CN=Computers\",\r\n        \"kdcIP\": \"10.34.0.4\",\r\n        \"adName\": \"ANFReg.netapp.com\",\r\n        \"aesEncryption\": false,\r\n        \"ldapSigning\": false,\r\n        \"ldapOverTLS\": false,\r\n        \"allowLocalNfsUsersWithLdap\": false,\r\n        \"encryptDCConnections\": false,\r\n        \"ldapSearchScope\": {}\r\n      }\r\n    ],\r\n    \"provisioningState\": \"Creating\"\r\n  },\r\n  \"systemData\": {\r\n    \"createdBy\": \"c6c4faba-2b22-44d9-80a4-71ff5b71f811\",\r\n    \"createdByType\": \"Application\",\r\n    \"createdAt\": \"2022-06-24T22:15:35.7765598Z\",\r\n    \"lastModifiedBy\": \"c6c4faba-2b22-44d9-80a4-71ff5b71f811\",\r\n    \"lastModifiedByType\": \"Application\",\r\n    \"lastModifiedAt\": \"2022-06-24T22:15:35.7765598Z\"\r\n  }\r\n}",
      "StatusCode": 201
    },
    {
      "RequestUri": "/subscriptions/69a75bda-882e-44d5-8431-63421204132a/providers/Microsoft.NetApp/locations/eastus2euap/operationResults/625e4bd6-e55d-4e87-8589-e15b57f42f62?api-version=2022-01-01",
      "EncodedRequestUri": "L3N1YnNjcmlwdGlvbnMvNjlhNzViZGEtODgyZS00NGQ1LTg0MzEtNjM0MjEyMDQxMzJhL3Byb3ZpZGVycy9NaWNyb3NvZnQuTmV0QXBwL2xvY2F0aW9ucy9lYXN0dXMyZXVhcC9vcGVyYXRpb25SZXN1bHRzLzYyNWU0YmQ2LWU1NWQtNGU4Ny04NTg5LWUxNWI1N2Y0MmY2Mj9hcGktdmVyc2lvbj0yMDIyLTAxLTAx",
      "RequestMethod": "GET",
      "RequestBody": "",
      "RequestHeaders": {
        "User-Agent": [
          "FxVersion/4.700.22.26002",
          "OSName/Windows",
          "OSVersion/Microsoft.Windows.10.0.19044",
          "Microsoft.Azure.Management.NetApp.AzureNetAppFilesManagementClient/1.16.0.0"
        ]
      },
      "ResponseHeaders": {
        "Cache-Control": [
          "no-cache"
        ],
        "Pragma": [
          "no-cache"
        ],
        "x-ms-request-id": [
          "9e726e67-a5f7-4018-8faf-be8d70d32684"
        ],
        "Strict-Transport-Security": [
          "max-age=31536000; includeSubDomains"
        ],
        "Server": [
          "Microsoft-IIS/10.0"
        ],
        "X-Powered-By": [
          "ASP.NET"
        ],
        "x-ms-ratelimit-remaining-subscription-reads": [
          "11999"
        ],
        "x-ms-correlation-request-id": [
          "6610f0d9-9ebd-46dd-9e44-33c548de25a2"
        ],
        "x-ms-routing-request-id": [
          "FRANCESOUTH:20220624T221608Z:6610f0d9-9ebd-46dd-9e44-33c548de25a2"
        ],
        "X-Content-Type-Options": [
          "nosniff"
        ],
        "Date": [
          "Fri, 24 Jun 2022 22:16:07 GMT"
        ],
        "Content-Length": [
          "519"
        ],
        "Content-Type": [
          "application/json; charset=utf-8"
        ],
        "Expires": [
          "-1"
        ]
      },
      "ResponseBody": "{\r\n  \"id\": \"/subscriptions/69a75bda-882e-44d5-8431-63421204132a/providers/Microsoft.NetApp/locations/eastus2euap/operationResults/625e4bd6-e55d-4e87-8589-e15b57f42f62\",\r\n  \"name\": \"625e4bd6-e55d-4e87-8589-e15b57f42f62\",\r\n  \"status\": \"Succeeded\",\r\n  \"startTime\": \"2022-06-24T22:15:36.4755287Z\",\r\n  \"endTime\": \"2022-06-24T22:15:36.5692225Z\",\r\n  \"percentComplete\": 100.0,\r\n  \"properties\": {\r\n    \"resourceName\": \"/subscriptions/69a75bda-882e-44d5-8431-63421204132a/resourceGroups/sdk-net-test-qa2/providers/Microsoft.NetApp/netAppAccounts/sdk-net-tests-acc-215v\"\r\n  }\r\n}",
      "StatusCode": 200
    },
    {
      "RequestUri": "/subscriptions/69a75bda-882e-44d5-8431-63421204132a/resourceGroups/sdk-net-test-qa2/providers/Microsoft.NetApp/netAppAccounts/sdk-net-tests-acc-215v?api-version=2022-01-01",
      "EncodedRequestUri": "L3N1YnNjcmlwdGlvbnMvNjlhNzViZGEtODgyZS00NGQ1LTg0MzEtNjM0MjEyMDQxMzJhL3Jlc291cmNlR3JvdXBzL3Nkay1uZXQtdGVzdC1xYTIvcHJvdmlkZXJzL01pY3Jvc29mdC5OZXRBcHAvbmV0QXBwQWNjb3VudHMvc2RrLW5ldC10ZXN0cy1hY2MtMjE1dj9hcGktdmVyc2lvbj0yMDIyLTAxLTAx",
      "RequestMethod": "GET",
      "RequestBody": "",
      "RequestHeaders": {
        "User-Agent": [
          "FxVersion/4.700.22.26002",
          "OSName/Windows",
          "OSVersion/Microsoft.Windows.10.0.19044",
          "Microsoft.Azure.Management.NetApp.AzureNetAppFilesManagementClient/1.16.0.0"
        ]
      },
      "ResponseHeaders": {
        "Cache-Control": [
          "no-cache"
        ],
        "Pragma": [
          "no-cache"
        ],
        "ETag": [
          "W/\"datetime'2022-06-24T22%3A15%3A36.5734593Z'\""
        ],
        "x-ms-request-id": [
          "d8e0bca2-3f05-4af6-8b29-fcaf830d5caf"
        ],
        "Strict-Transport-Security": [
          "max-age=31536000; includeSubDomains"
        ],
        "Server": [
          "Microsoft-IIS/10.0"
        ],
        "X-Powered-By": [
          "ASP.NET"
        ],
        "x-ms-ratelimit-remaining-subscription-reads": [
          "11998"
        ],
        "x-ms-correlation-request-id": [
          "f6013e1e-9d98-46df-a756-34c276af8ef0"
        ],
        "x-ms-routing-request-id": [
          "FRANCESOUTH:20220624T221608Z:f6013e1e-9d98-46df-a756-34c276af8ef0"
        ],
        "X-Content-Type-Options": [
          "nosniff"
        ],
        "Date": [
          "Fri, 24 Jun 2022 22:16:07 GMT"
        ],
        "Content-Length": [
          "1224"
        ],
        "Content-Type": [
          "application/json; charset=utf-8"
        ],
        "Expires": [
          "-1"
        ]
      },
      "ResponseBody": "{\r\n  \"id\": \"/subscriptions/69a75bda-882e-44d5-8431-63421204132a/resourceGroups/sdk-net-test-qa2/providers/Microsoft.NetApp/netAppAccounts/sdk-net-tests-acc-215v\",\r\n  \"name\": \"sdk-net-tests-acc-215v\",\r\n  \"type\": \"Microsoft.NetApp/netAppAccounts\",\r\n  \"etag\": \"W/\\\"datetime'2022-06-24T22%3A15%3A36.5734593Z'\\\"\",\r\n  \"location\": \"eastus2euap\",\r\n  \"tags\": {\r\n    \"CreatedOnDate\": \"2022-06-24T22:15:31.9840932Z\"\r\n  },\r\n  \"properties\": {\r\n    \"activeDirectories\": [\r\n      {\r\n        \"site\": \"default-first-site-name\",\r\n        \"activeDirectoryId\": \"ce84edd3-4475-9dc9-1818-763d9c54b8cc\",\r\n        \"username\": \"cbs\",\r\n        \"password\": \"****************\",\r\n        \"domain\": \"ANFReg.netapp.com\",\r\n        \"dns\": \"10.34.0.4\",\r\n        \"status\": \"InUse\",\r\n        \"smbServerName\": \"ANFREG\",\r\n        \"organizationalUnit\": \"CN=Computers\",\r\n        \"kdcIP\": \"10.34.0.4\",\r\n        \"adName\": \"ANFReg.netapp.com\",\r\n        \"aesEncryption\": false,\r\n        \"ldapSigning\": false,\r\n        \"ldapOverTLS\": false,\r\n        \"allowLocalNfsUsersWithLdap\": false,\r\n        \"encryptDCConnections\": false,\r\n        \"ldapSearchScope\": {}\r\n      }\r\n    ],\r\n    \"encryption\": {\r\n      \"keySource\": \"Microsoft.NetApp\"\r\n    },\r\n    \"provisioningState\": \"Succeeded\"\r\n  },\r\n  \"systemData\": {\r\n    \"createdBy\": \"c6c4faba-2b22-44d9-80a4-71ff5b71f811\",\r\n    \"createdByType\": \"Application\",\r\n    \"createdAt\": \"2022-06-24T22:15:35.7765598Z\",\r\n    \"lastModifiedBy\": \"c6c4faba-2b22-44d9-80a4-71ff5b71f811\",\r\n    \"lastModifiedByType\": \"Application\",\r\n    \"lastModifiedAt\": \"2022-06-24T22:15:35.7765598Z\"\r\n  }\r\n}",
      "StatusCode": 200
    },
    {
      "RequestUri": "/subscriptions/69a75bda-882e-44d5-8431-63421204132a/resourceGroups/sdk-net-test-qa2/providers/Microsoft.NetApp/netAppAccounts/sdk-net-tests-acc-215v/backupPolicies/sdk-net-tests-backupPolicy-105a?api-version=2022-01-01",
      "EncodedRequestUri": "L3N1YnNjcmlwdGlvbnMvNjlhNzViZGEtODgyZS00NGQ1LTg0MzEtNjM0MjEyMDQxMzJhL3Jlc291cmNlR3JvdXBzL3Nkay1uZXQtdGVzdC1xYTIvcHJvdmlkZXJzL01pY3Jvc29mdC5OZXRBcHAvbmV0QXBwQWNjb3VudHMvc2RrLW5ldC10ZXN0cy1hY2MtMjE1di9iYWNrdXBQb2xpY2llcy9zZGstbmV0LXRlc3RzLWJhY2t1cFBvbGljeS0xMDVhP2FwaS12ZXJzaW9uPTIwMjItMDEtMDE=",
      "RequestMethod": "PUT",
      "RequestBody": "{\r\n  \"properties\": {\r\n    \"dailyBackupsToKeep\": 4,\r\n    \"weeklyBackupsToKeep\": 3,\r\n    \"monthlyBackupsToKeep\": 2,\r\n    \"enabled\": true\r\n  },\r\n  \"location\": \"eastus2euap\"\r\n}",
      "RequestHeaders": {
        "x-ms-client-request-id": [
          "79c2ee82-04d4-43ac-a89b-dddcc64efa5c"
        ],
        "Accept-Language": [
          "en-US"
        ],
        "User-Agent": [
          "FxVersion/4.700.22.26002",
          "OSName/Windows",
          "OSVersion/Microsoft.Windows.10.0.19044",
          "Microsoft.Azure.Management.NetApp.AzureNetAppFilesManagementClient/1.16.0.0"
        ],
        "Content-Type": [
          "application/json; charset=utf-8"
        ],
        "Content-Length": [
          "172"
        ]
      },
      "ResponseHeaders": {
        "Cache-Control": [
          "no-cache"
        ],
        "Pragma": [
          "no-cache"
        ],
        "ETag": [
          "W/\"datetime'2022-06-24T22%3A16%3A16.2119646Z'\""
        ],
        "x-ms-request-id": [
          "caf5ae45-714a-4d17-9c2d-af1dbc282bd1"
        ],
        "Azure-AsyncOperation": [
          "https://management.azure.com/subscriptions/69a75bda-882e-44d5-8431-63421204132a/providers/Microsoft.NetApp/locations/eastus2euap/operationResults/cfc13801-aaa2-43f1-b8eb-94d840c7e619?api-version=2022-01-01"
        ],
        "Strict-Transport-Security": [
          "max-age=31536000; includeSubDomains"
        ],
        "Server": [
          "Microsoft-IIS/10.0"
        ],
        "X-Powered-By": [
          "ASP.NET"
        ],
        "x-ms-ratelimit-remaining-subscription-writes": [
          "1198"
        ],
        "x-ms-correlation-request-id": [
          "d830f31b-5ade-404e-8ada-139bb95a83a0"
        ],
        "x-ms-routing-request-id": [
          "FRANCESOUTH:20220624T221617Z:d830f31b-5ade-404e-8ada-139bb95a83a0"
        ],
        "X-Content-Type-Options": [
          "nosniff"
        ],
        "Date": [
          "Fri, 24 Jun 2022 22:16:17 GMT"
        ],
        "Content-Length": [
          "874"
        ],
        "Content-Type": [
          "application/json; charset=utf-8"
        ],
        "Expires": [
          "-1"
        ]
      },
      "ResponseBody": "{\r\n  \"id\": \"/subscriptions/69a75bda-882e-44d5-8431-63421204132a/resourceGroups/sdk-net-test-qa2/providers/Microsoft.NetApp/netAppAccounts/sdk-net-tests-acc-215v/backupPolicies/sdk-net-tests-backupPolicy-105a\",\r\n  \"name\": \"sdk-net-tests-acc-215v/sdk-net-tests-backupPolicy-105a\",\r\n  \"type\": \"Microsoft.NetApp/netAppAccounts/backupPolicies\",\r\n  \"etag\": \"W/\\\"datetime'2022-06-24T22%3A16%3A16.2119646Z'\\\"\",\r\n  \"location\": \"eastus2euap\",\r\n  \"tags\": {\r\n    \"CreatedOnDate\": \"2022-06-24T22:16:13.7628021Z\"\r\n  },\r\n  \"properties\": {\r\n    \"enabled\": true,\r\n    \"dailyBackupsToKeep\": 4,\r\n    \"weeklyBackupsToKeep\": 3,\r\n    \"monthlyBackupsToKeep\": 2,\r\n    \"provisioningState\": \"Creating\"\r\n  },\r\n  \"systemData\": {\r\n    \"createdBy\": \"c6c4faba-2b22-44d9-80a4-71ff5b71f811\",\r\n    \"createdByType\": \"Application\",\r\n    \"createdAt\": \"2022-06-24T22:16:16.0667051Z\",\r\n    \"lastModifiedBy\": \"c6c4faba-2b22-44d9-80a4-71ff5b71f811\",\r\n    \"lastModifiedByType\": \"Application\",\r\n    \"lastModifiedAt\": \"2022-06-24T22:16:16.0667051Z\"\r\n  }\r\n}",
      "StatusCode": 201
    },
    {
      "RequestUri": "/subscriptions/69a75bda-882e-44d5-8431-63421204132a/providers/Microsoft.NetApp/locations/eastus2euap/operationResults/cfc13801-aaa2-43f1-b8eb-94d840c7e619?api-version=2022-01-01",
      "EncodedRequestUri": "L3N1YnNjcmlwdGlvbnMvNjlhNzViZGEtODgyZS00NGQ1LTg0MzEtNjM0MjEyMDQxMzJhL3Byb3ZpZGVycy9NaWNyb3NvZnQuTmV0QXBwL2xvY2F0aW9ucy9lYXN0dXMyZXVhcC9vcGVyYXRpb25SZXN1bHRzL2NmYzEzODAxLWFhYTItNDNmMS1iOGViLTk0ZDg0MGM3ZTYxOT9hcGktdmVyc2lvbj0yMDIyLTAxLTAx",
      "RequestMethod": "GET",
      "RequestBody": "",
      "RequestHeaders": {
        "User-Agent": [
          "FxVersion/4.700.22.26002",
          "OSName/Windows",
          "OSVersion/Microsoft.Windows.10.0.19044",
          "Microsoft.Azure.Management.NetApp.AzureNetAppFilesManagementClient/1.16.0.0"
        ]
      },
      "ResponseHeaders": {
        "Cache-Control": [
          "no-cache"
        ],
        "Pragma": [
          "no-cache"
        ],
        "x-ms-request-id": [
          "53e494f7-df86-4c57-9d90-aa63f711a61f"
        ],
        "Strict-Transport-Security": [
          "max-age=31536000; includeSubDomains"
        ],
        "Server": [
          "Microsoft-IIS/10.0"
        ],
        "X-Powered-By": [
          "ASP.NET"
        ],
        "x-ms-ratelimit-remaining-subscription-reads": [
          "11997"
        ],
        "x-ms-correlation-request-id": [
          "9a49536b-fac2-4e34-81fb-28e4b4d570ef"
        ],
        "x-ms-routing-request-id": [
          "FRANCESOUTH:20220624T221647Z:9a49536b-fac2-4e34-81fb-28e4b4d570ef"
        ],
        "X-Content-Type-Options": [
          "nosniff"
        ],
        "Date": [
          "Fri, 24 Jun 2022 22:16:46 GMT"
        ],
        "Content-Length": [
          "566"
        ],
        "Content-Type": [
          "application/json; charset=utf-8"
        ],
        "Expires": [
          "-1"
        ]
      },
      "ResponseBody": "{\r\n  \"id\": \"/subscriptions/69a75bda-882e-44d5-8431-63421204132a/providers/Microsoft.NetApp/locations/eastus2euap/operationResults/cfc13801-aaa2-43f1-b8eb-94d840c7e619\",\r\n  \"name\": \"cfc13801-aaa2-43f1-b8eb-94d840c7e619\",\r\n  \"status\": \"Succeeded\",\r\n  \"startTime\": \"2022-06-24T22:16:16.2121854Z\",\r\n  \"endTime\": \"2022-06-24T22:16:17.2746879Z\",\r\n  \"percentComplete\": 100.0,\r\n  \"properties\": {\r\n    \"resourceName\": \"/subscriptions/69a75bda-882e-44d5-8431-63421204132a/resourceGroups/sdk-net-test-qa2/providers/Microsoft.NetApp/netAppAccounts/sdk-net-tests-acc-215v/backupPolicies/sdk-net-tests-backupPolicy-105a\"\r\n  }\r\n}",
      "StatusCode": 200
    },
    {
      "RequestUri": "/subscriptions/69a75bda-882e-44d5-8431-63421204132a/resourceGroups/sdk-net-test-qa2/providers/Microsoft.NetApp/netAppAccounts/sdk-net-tests-acc-215v/backupPolicies/sdk-net-tests-backupPolicy-105a?api-version=2022-01-01",
      "EncodedRequestUri": "L3N1YnNjcmlwdGlvbnMvNjlhNzViZGEtODgyZS00NGQ1LTg0MzEtNjM0MjEyMDQxMzJhL3Jlc291cmNlR3JvdXBzL3Nkay1uZXQtdGVzdC1xYTIvcHJvdmlkZXJzL01pY3Jvc29mdC5OZXRBcHAvbmV0QXBwQWNjb3VudHMvc2RrLW5ldC10ZXN0cy1hY2MtMjE1di9iYWNrdXBQb2xpY2llcy9zZGstbmV0LXRlc3RzLWJhY2t1cFBvbGljeS0xMDVhP2FwaS12ZXJzaW9uPTIwMjItMDEtMDE=",
      "RequestMethod": "GET",
      "RequestBody": "",
      "RequestHeaders": {
        "User-Agent": [
          "FxVersion/4.700.22.26002",
          "OSName/Windows",
          "OSVersion/Microsoft.Windows.10.0.19044",
          "Microsoft.Azure.Management.NetApp.AzureNetAppFilesManagementClient/1.16.0.0"
        ]
      },
      "ResponseHeaders": {
        "Cache-Control": [
          "no-cache"
        ],
        "Pragma": [
          "no-cache"
        ],
        "ETag": [
          "W/\"datetime'2022-06-24T22%3A16%3A17.2723007Z'\""
        ],
        "x-ms-request-id": [
          "b250fe7f-2180-4cc4-99ce-2b9a952f8af3"
        ],
        "Strict-Transport-Security": [
          "max-age=31536000; includeSubDomains"
        ],
        "Server": [
          "Microsoft-IIS/10.0"
        ],
        "X-Powered-By": [
          "ASP.NET"
        ],
        "x-ms-ratelimit-remaining-subscription-reads": [
          "11996"
        ],
        "x-ms-correlation-request-id": [
          "0a10689c-0519-4675-91bd-b9591e672d49"
        ],
        "x-ms-routing-request-id": [
          "FRANCESOUTH:20220624T221648Z:0a10689c-0519-4675-91bd-b9591e672d49"
        ],
        "X-Content-Type-Options": [
          "nosniff"
        ],
        "Date": [
          "Fri, 24 Jun 2022 22:16:47 GMT"
        ],
        "Content-Length": [
          "951"
        ],
        "Content-Type": [
          "application/json; charset=utf-8"
        ],
        "Expires": [
          "-1"
        ]
      },
      "ResponseBody": "{\r\n  \"id\": \"/subscriptions/69a75bda-882e-44d5-8431-63421204132a/resourceGroups/sdk-net-test-qa2/providers/Microsoft.NetApp/netAppAccounts/sdk-net-tests-acc-215v/backupPolicies/sdk-net-tests-backupPolicy-105a\",\r\n  \"name\": \"sdk-net-tests-acc-215v/sdk-net-tests-backupPolicy-105a\",\r\n  \"type\": \"Microsoft.NetApp/netAppAccounts/backupPolicies\",\r\n  \"etag\": \"W/\\\"datetime'2022-06-24T22%3A16%3A17.2723007Z'\\\"\",\r\n  \"location\": \"eastus2euap\",\r\n  \"tags\": {\r\n    \"CreatedOnDate\": \"2022-06-24T22:16:13.7628021Z\"\r\n  },\r\n  \"properties\": {\r\n    \"enabled\": true,\r\n    \"backupPolicyId\": \"447d2bc5-f40b-11ec-b64c-fa518fba69d7\",\r\n    \"dailyBackupsToKeep\": 4,\r\n    \"weeklyBackupsToKeep\": 3,\r\n    \"monthlyBackupsToKeep\": 2,\r\n    \"volumesAssigned\": 0,\r\n    \"provisioningState\": \"Succeeded\"\r\n  },\r\n  \"systemData\": {\r\n    \"createdBy\": \"c6c4faba-2b22-44d9-80a4-71ff5b71f811\",\r\n    \"createdByType\": \"Application\",\r\n    \"createdAt\": \"2022-06-24T22:16:16.0667051Z\",\r\n    \"lastModifiedBy\": \"c6c4faba-2b22-44d9-80a4-71ff5b71f811\",\r\n    \"lastModifiedByType\": \"Application\",\r\n    \"lastModifiedAt\": \"2022-06-24T22:16:16.0667051Z\"\r\n  }\r\n}",
      "StatusCode": 200
    },
    {
      "RequestUri": "/subscriptions/69a75bda-882e-44d5-8431-63421204132a/resourceGroups/sdk-net-test-qa2/providers/Microsoft.NetApp/netAppAccounts/sdk-net-tests-acc-215v/backupPolicies/sdk-net-tests-backupPolicy-105a?api-version=2022-01-01",
      "EncodedRequestUri": "L3N1YnNjcmlwdGlvbnMvNjlhNzViZGEtODgyZS00NGQ1LTg0MzEtNjM0MjEyMDQxMzJhL3Jlc291cmNlR3JvdXBzL3Nkay1uZXQtdGVzdC1xYTIvcHJvdmlkZXJzL01pY3Jvc29mdC5OZXRBcHAvbmV0QXBwQWNjb3VudHMvc2RrLW5ldC10ZXN0cy1hY2MtMjE1di9iYWNrdXBQb2xpY2llcy9zZGstbmV0LXRlc3RzLWJhY2t1cFBvbGljeS0xMDVhP2FwaS12ZXJzaW9uPTIwMjItMDEtMDE=",
      "RequestMethod": "GET",
      "RequestBody": "",
      "RequestHeaders": {
        "User-Agent": [
          "FxVersion/4.700.22.26002",
          "OSName/Windows",
          "OSVersion/Microsoft.Windows.10.0.19044",
          "Microsoft.Azure.Management.NetApp.AzureNetAppFilesManagementClient/1.16.0.0"
        ]
      },
      "ResponseHeaders": {
        "Cache-Control": [
          "no-cache"
        ],
        "Pragma": [
          "no-cache"
        ],
        "ETag": [
          "W/\"datetime'2022-06-24T22%3A16%3A49.3580398Z'\""
        ],
        "x-ms-request-id": [
          "8d4e6110-c93f-414b-9176-8b3fd25918c4"
        ],
        "Strict-Transport-Security": [
          "max-age=31536000; includeSubDomains"
        ],
        "Server": [
          "Microsoft-IIS/10.0"
        ],
        "X-Powered-By": [
          "ASP.NET"
        ],
        "x-ms-ratelimit-remaining-subscription-reads": [
          "11994"
        ],
        "x-ms-correlation-request-id": [
          "d1a2b423-b6ac-4b88-a5d0-7dac9f92139d"
        ],
        "x-ms-routing-request-id": [
          "FRANCESOUTH:20220624T221719Z:d1a2b423-b6ac-4b88-a5d0-7dac9f92139d"
        ],
        "X-Content-Type-Options": [
          "nosniff"
        ],
        "Date": [
          "Fri, 24 Jun 2022 22:17:18 GMT"
        ],
        "Content-Length": [
          "951"
        ],
        "Content-Type": [
          "application/json; charset=utf-8"
        ],
        "Expires": [
          "-1"
        ]
      },
      "ResponseBody": "{\r\n  \"id\": \"/subscriptions/69a75bda-882e-44d5-8431-63421204132a/resourceGroups/sdk-net-test-qa2/providers/Microsoft.NetApp/netAppAccounts/sdk-net-tests-acc-215v/backupPolicies/sdk-net-tests-backupPolicy-105a\",\r\n  \"name\": \"sdk-net-tests-acc-215v/sdk-net-tests-backupPolicy-105a\",\r\n  \"type\": \"Microsoft.NetApp/netAppAccounts/backupPolicies\",\r\n  \"etag\": \"W/\\\"datetime'2022-06-24T22%3A16%3A49.3580398Z'\\\"\",\r\n  \"location\": \"eastus2euap\",\r\n  \"tags\": {\r\n    \"CreatedOnDate\": \"2022-06-24T22:16:48.161843Z\"\r\n  },\r\n  \"properties\": {\r\n    \"provisioningState\": \"Succeeded\",\r\n    \"enabled\": true,\r\n    \"backupPolicyId\": \"447d2bc5-f40b-11ec-b64c-fa518fba69d7\",\r\n    \"dailyBackupsToKeep\": 2,\r\n    \"weeklyBackupsToKeep\": 3,\r\n    \"monthlyBackupsToKeep\": 2,\r\n    \"volumesAssigned\": 0\r\n  },\r\n  \"systemData\": {\r\n    \"createdBy\": \"c6c4faba-2b22-44d9-80a4-71ff5b71f811\",\r\n    \"createdByType\": \"Application\",\r\n    \"createdAt\": \"2022-06-24T22:16:16.0667051Z\",\r\n    \"lastModifiedBy\": \"c6c4faba-2b22-44d9-80a4-71ff5b71f811\",\r\n    \"lastModifiedByType\": \"Application\",\r\n    \"lastModifiedAt\": \"2022-06-24T22:16:48.3526878Z\"\r\n  }\r\n}",
      "StatusCode": 200
    },
    {
      "RequestUri": "/subscriptions/69a75bda-882e-44d5-8431-63421204132a/resourceGroups/sdk-net-test-qa2/providers/Microsoft.NetApp/netAppAccounts/sdk-net-tests-acc-215v/backupPolicies/sdk-net-tests-backupPolicy-105a?api-version=2022-01-01",
      "EncodedRequestUri": "L3N1YnNjcmlwdGlvbnMvNjlhNzViZGEtODgyZS00NGQ1LTg0MzEtNjM0MjEyMDQxMzJhL3Jlc291cmNlR3JvdXBzL3Nkay1uZXQtdGVzdC1xYTIvcHJvdmlkZXJzL01pY3Jvc29mdC5OZXRBcHAvbmV0QXBwQWNjb3VudHMvc2RrLW5ldC10ZXN0cy1hY2MtMjE1di9iYWNrdXBQb2xpY2llcy9zZGstbmV0LXRlc3RzLWJhY2t1cFBvbGljeS0xMDVhP2FwaS12ZXJzaW9uPTIwMjItMDEtMDE=",
      "RequestMethod": "GET",
      "RequestBody": "",
      "RequestHeaders": {
        "x-ms-client-request-id": [
          "825e4b8b-5170-4fde-94bf-bbb9b2094a78"
        ],
        "Accept-Language": [
          "en-US"
        ],
        "User-Agent": [
          "FxVersion/4.700.22.26002",
          "OSName/Windows",
          "OSVersion/Microsoft.Windows.10.0.19044",
          "Microsoft.Azure.Management.NetApp.AzureNetAppFilesManagementClient/1.16.0.0"
        ]
      },
      "ResponseHeaders": {
        "Cache-Control": [
          "no-cache"
        ],
        "Pragma": [
          "no-cache"
        ],
        "ETag": [
          "W/\"datetime'2022-06-24T22%3A16%3A49.3580398Z'\""
        ],
        "x-ms-request-id": [
          "57c1768e-2e66-41af-9689-8284035dd0c2"
        ],
        "Strict-Transport-Security": [
          "max-age=31536000; includeSubDomains"
        ],
        "Server": [
          "Microsoft-IIS/10.0"
        ],
        "X-Powered-By": [
          "ASP.NET"
        ],
        "x-ms-ratelimit-remaining-subscription-reads": [
          "11993"
        ],
        "x-ms-correlation-request-id": [
          "3452c67f-1de6-4556-b0d1-eddf6777c03e"
        ],
        "x-ms-routing-request-id": [
          "FRANCESOUTH:20220624T221724Z:3452c67f-1de6-4556-b0d1-eddf6777c03e"
        ],
        "X-Content-Type-Options": [
          "nosniff"
        ],
        "Date": [
          "Fri, 24 Jun 2022 22:17:24 GMT"
        ],
        "Content-Length": [
          "951"
        ],
        "Content-Type": [
          "application/json; charset=utf-8"
        ],
        "Expires": [
          "-1"
        ]
      },
      "ResponseBody": "{\r\n  \"id\": \"/subscriptions/69a75bda-882e-44d5-8431-63421204132a/resourceGroups/sdk-net-test-qa2/providers/Microsoft.NetApp/netAppAccounts/sdk-net-tests-acc-215v/backupPolicies/sdk-net-tests-backupPolicy-105a\",\r\n  \"name\": \"sdk-net-tests-acc-215v/sdk-net-tests-backupPolicy-105a\",\r\n  \"type\": \"Microsoft.NetApp/netAppAccounts/backupPolicies\",\r\n  \"etag\": \"W/\\\"datetime'2022-06-24T22%3A16%3A49.3580398Z'\\\"\",\r\n  \"location\": \"eastus2euap\",\r\n  \"tags\": {\r\n    \"CreatedOnDate\": \"2022-06-24T22:16:48.161843Z\"\r\n  },\r\n  \"properties\": {\r\n    \"provisioningState\": \"Succeeded\",\r\n    \"enabled\": true,\r\n    \"backupPolicyId\": \"447d2bc5-f40b-11ec-b64c-fa518fba69d7\",\r\n    \"dailyBackupsToKeep\": 2,\r\n    \"weeklyBackupsToKeep\": 3,\r\n    \"monthlyBackupsToKeep\": 2,\r\n    \"volumesAssigned\": 0\r\n  },\r\n  \"systemData\": {\r\n    \"createdBy\": \"c6c4faba-2b22-44d9-80a4-71ff5b71f811\",\r\n    \"createdByType\": \"Application\",\r\n    \"createdAt\": \"2022-06-24T22:16:16.0667051Z\",\r\n    \"lastModifiedBy\": \"c6c4faba-2b22-44d9-80a4-71ff5b71f811\",\r\n    \"lastModifiedByType\": \"Application\",\r\n    \"lastModifiedAt\": \"2022-06-24T22:16:48.3526878Z\"\r\n  }\r\n}",
      "StatusCode": 200
    },
    {
      "RequestUri": "/subscriptions/69a75bda-882e-44d5-8431-63421204132a/resourceGroups/sdk-net-test-qa2/providers/Microsoft.NetApp/netAppAccounts/sdk-net-tests-acc-215v/backupPolicies/sdk-net-tests-backupPolicy-105a?api-version=2022-01-01",
      "EncodedRequestUri": "L3N1YnNjcmlwdGlvbnMvNjlhNzViZGEtODgyZS00NGQ1LTg0MzEtNjM0MjEyMDQxMzJhL3Jlc291cmNlR3JvdXBzL3Nkay1uZXQtdGVzdC1xYTIvcHJvdmlkZXJzL01pY3Jvc29mdC5OZXRBcHAvbmV0QXBwQWNjb3VudHMvc2RrLW5ldC10ZXN0cy1hY2MtMjE1di9iYWNrdXBQb2xpY2llcy9zZGstbmV0LXRlc3RzLWJhY2t1cFBvbGljeS0xMDVhP2FwaS12ZXJzaW9uPTIwMjItMDEtMDE=",
      "RequestMethod": "PATCH",
      "RequestBody": "{\r\n  \"properties\": {\r\n    \"dailyBackupsToKeep\": 2\r\n  }\r\n}",
      "RequestHeaders": {
        "x-ms-client-request-id": [
          "6331680b-404c-4d49-a035-862ab02eb282"
        ],
        "Accept-Language": [
          "en-US"
        ],
        "User-Agent": [
          "FxVersion/4.700.22.26002",
          "OSName/Windows",
          "OSVersion/Microsoft.Windows.10.0.19044",
          "Microsoft.Azure.Management.NetApp.AzureNetAppFilesManagementClient/1.16.0.0"
        ],
        "Content-Type": [
          "application/json; charset=utf-8"
        ],
        "Content-Length": [
          "57"
        ]
      },
      "ResponseHeaders": {
        "Cache-Control": [
          "no-cache"
        ],
        "Pragma": [
          "no-cache"
        ],
        "ETag": [
          "W/\"datetime'2022-06-24T22%3A16%3A48.4885354Z'\""
        ],
        "Location": [
          "https://management.azure.com/subscriptions/69a75bda-882e-44d5-8431-63421204132a/providers/Microsoft.NetApp/locations/eastus2euap/operationResults/c1970482-f205-49d9-9ef6-7e967cd57b5b?api-version=2022-01-01&operationResultResponseType=Location"
        ],
        "x-ms-request-id": [
          "9f63bbf0-7aa0-4e78-94b0-083e0ee0e03a"
        ],
        "Azure-AsyncOperation": [
          "https://management.azure.com/subscriptions/69a75bda-882e-44d5-8431-63421204132a/providers/Microsoft.NetApp/locations/eastus2euap/operationResults/c1970482-f205-49d9-9ef6-7e967cd57b5b?api-version=2022-01-01"
        ],
        "Strict-Transport-Security": [
          "max-age=31536000; includeSubDomains"
        ],
        "Server": [
          "Microsoft-IIS/10.0"
        ],
        "X-Powered-By": [
          "ASP.NET"
        ],
        "x-ms-ratelimit-remaining-subscription-writes": [
          "1197"
        ],
        "x-ms-correlation-request-id": [
          "e63ce7b0-9893-4d88-a9ec-046fcd46f05f"
        ],
        "x-ms-routing-request-id": [
          "FRANCESOUTH:20220624T221648Z:e63ce7b0-9893-4d88-a9ec-046fcd46f05f"
        ],
        "X-Content-Type-Options": [
          "nosniff"
        ],
        "Date": [
          "Fri, 24 Jun 2022 22:16:47 GMT"
        ],
        "Content-Length": [
          "950"
        ],
        "Content-Type": [
          "application/json; charset=utf-8"
        ],
        "Expires": [
          "-1"
        ]
      },
      "ResponseBody": "{\r\n  \"id\": \"/subscriptions/69a75bda-882e-44d5-8431-63421204132a/resourceGroups/sdk-net-test-qa2/providers/Microsoft.NetApp/netAppAccounts/sdk-net-tests-acc-215v/backupPolicies/sdk-net-tests-backupPolicy-105a\",\r\n  \"name\": \"sdk-net-tests-acc-215v/sdk-net-tests-backupPolicy-105a\",\r\n  \"type\": \"Microsoft.NetApp/netAppAccounts/backupPolicies\",\r\n  \"etag\": \"W/\\\"datetime'2022-06-24T22%3A16%3A48.4885354Z'\\\"\",\r\n  \"location\": \"eastus2euap\",\r\n  \"tags\": {\r\n    \"CreatedOnDate\": \"2022-06-24T22:16:13.7628021Z\"\r\n  },\r\n  \"properties\": {\r\n    \"provisioningState\": \"Patching\",\r\n    \"enabled\": true,\r\n    \"backupPolicyId\": \"447d2bc5-f40b-11ec-b64c-fa518fba69d7\",\r\n    \"dailyBackupsToKeep\": 2,\r\n    \"weeklyBackupsToKeep\": 3,\r\n    \"monthlyBackupsToKeep\": 2,\r\n    \"volumesAssigned\": 0\r\n  },\r\n  \"systemData\": {\r\n    \"createdBy\": \"c6c4faba-2b22-44d9-80a4-71ff5b71f811\",\r\n    \"createdByType\": \"Application\",\r\n    \"createdAt\": \"2022-06-24T22:16:16.0667051Z\",\r\n    \"lastModifiedBy\": \"c6c4faba-2b22-44d9-80a4-71ff5b71f811\",\r\n    \"lastModifiedByType\": \"Application\",\r\n    \"lastModifiedAt\": \"2022-06-24T22:16:16.0667051Z\"\r\n  }\r\n}",
      "StatusCode": 202
    },
    {
      "RequestUri": "/subscriptions/69a75bda-882e-44d5-8431-63421204132a/providers/Microsoft.NetApp/locations/eastus2euap/operationResults/c1970482-f205-49d9-9ef6-7e967cd57b5b?api-version=2022-01-01",
      "EncodedRequestUri": "L3N1YnNjcmlwdGlvbnMvNjlhNzViZGEtODgyZS00NGQ1LTg0MzEtNjM0MjEyMDQxMzJhL3Byb3ZpZGVycy9NaWNyb3NvZnQuTmV0QXBwL2xvY2F0aW9ucy9lYXN0dXMyZXVhcC9vcGVyYXRpb25SZXN1bHRzL2MxOTcwNDgyLWYyMDUtNDlkOS05ZWY2LTdlOTY3Y2Q1N2I1Yj9hcGktdmVyc2lvbj0yMDIyLTAxLTAx",
      "RequestMethod": "GET",
      "RequestBody": "",
      "RequestHeaders": {
        "User-Agent": [
          "FxVersion/4.700.22.26002",
          "OSName/Windows",
          "OSVersion/Microsoft.Windows.10.0.19044",
          "Microsoft.Azure.Management.NetApp.AzureNetAppFilesManagementClient/1.16.0.0"
        ]
      },
      "ResponseHeaders": {
        "Cache-Control": [
          "no-cache"
        ],
        "Pragma": [
          "no-cache"
        ],
        "x-ms-request-id": [
          "4b20c3b1-8df8-4dd5-b5a3-8207ed9aaed3"
        ],
        "Strict-Transport-Security": [
          "max-age=31536000; includeSubDomains"
        ],
        "Server": [
          "Microsoft-IIS/10.0"
        ],
        "X-Powered-By": [
          "ASP.NET"
        ],
        "x-ms-ratelimit-remaining-subscription-reads": [
          "11995"
        ],
        "x-ms-correlation-request-id": [
          "4a12f9af-ac5d-4775-b90a-a6ed92b80d2b"
        ],
        "x-ms-routing-request-id": [
          "FRANCESOUTH:20220624T221718Z:4a12f9af-ac5d-4775-b90a-a6ed92b80d2b"
        ],
        "X-Content-Type-Options": [
          "nosniff"
        ],
        "Date": [
          "Fri, 24 Jun 2022 22:17:17 GMT"
        ],
        "Content-Length": [
          "566"
        ],
        "Content-Type": [
          "application/json; charset=utf-8"
        ],
        "Expires": [
          "-1"
        ]
      },
      "ResponseBody": "{\r\n  \"id\": \"/subscriptions/69a75bda-882e-44d5-8431-63421204132a/providers/Microsoft.NetApp/locations/eastus2euap/operationResults/c1970482-f205-49d9-9ef6-7e967cd57b5b\",\r\n  \"name\": \"c1970482-f205-49d9-9ef6-7e967cd57b5b\",\r\n  \"status\": \"Succeeded\",\r\n  \"startTime\": \"2022-06-24T22:16:48.4844248Z\",\r\n  \"endTime\": \"2022-06-24T22:16:49.3594541Z\",\r\n  \"percentComplete\": 100.0,\r\n  \"properties\": {\r\n    \"resourceName\": \"/subscriptions/69a75bda-882e-44d5-8431-63421204132a/resourceGroups/sdk-net-test-qa2/providers/Microsoft.NetApp/netAppAccounts/sdk-net-tests-acc-215v/backupPolicies/sdk-net-tests-backupPolicy-105a\"\r\n  }\r\n}",
      "StatusCode": 200
    },
    {
      "RequestUri": "/subscriptions/69a75bda-882e-44d5-8431-63421204132a/resourceGroups/sdk-net-test-qa2/providers/Microsoft.NetApp/netAppAccounts/sdk-net-tests-acc-215v/backupPolicies/sdk-net-tests-backupPolicy-105a?api-version=2022-01-01",
      "EncodedRequestUri": "L3N1YnNjcmlwdGlvbnMvNjlhNzViZGEtODgyZS00NGQ1LTg0MzEtNjM0MjEyMDQxMzJhL3Jlc291cmNlR3JvdXBzL3Nkay1uZXQtdGVzdC1xYTIvcHJvdmlkZXJzL01pY3Jvc29mdC5OZXRBcHAvbmV0QXBwQWNjb3VudHMvc2RrLW5ldC10ZXN0cy1hY2MtMjE1di9iYWNrdXBQb2xpY2llcy9zZGstbmV0LXRlc3RzLWJhY2t1cFBvbGljeS0xMDVhP2FwaS12ZXJzaW9uPTIwMjItMDEtMDE=",
      "RequestMethod": "DELETE",
      "RequestBody": "",
      "RequestHeaders": {
        "x-ms-client-request-id": [
          "eab3a25c-3185-490c-8553-987eed8fc07b"
        ],
        "Accept-Language": [
          "en-US"
        ],
        "User-Agent": [
          "FxVersion/4.700.22.26002",
          "OSName/Windows",
          "OSVersion/Microsoft.Windows.10.0.19044",
          "Microsoft.Azure.Management.NetApp.AzureNetAppFilesManagementClient/1.16.0.0"
        ]
      },
      "ResponseHeaders": {
        "Cache-Control": [
          "no-cache"
        ],
        "Pragma": [
          "no-cache"
        ],
        "Location": [
          "https://management.azure.com/subscriptions/69a75bda-882e-44d5-8431-63421204132a/providers/Microsoft.NetApp/locations/eastus2euap/operationResults/eead89ff-12d7-4d77-943e-e7648b75fd3b?api-version=2022-01-01&operationResultResponseType=Location"
        ],
        "Azure-AsyncOperation": [
          "https://management.azure.com/subscriptions/69a75bda-882e-44d5-8431-63421204132a/providers/Microsoft.NetApp/locations/eastus2euap/operationResults/eead89ff-12d7-4d77-943e-e7648b75fd3b?api-version=2022-01-01"
        ],
        "Strict-Transport-Security": [
          "max-age=31536000; includeSubDomains"
        ],
        "Server": [
          "Microsoft-IIS/10.0"
        ],
        "X-Powered-By": [
          "ASP.NET"
        ],
        "x-ms-ratelimit-remaining-subscription-deletes": [
          "14999"
        ],
        "x-ms-request-id": [
          "2f119525-4837-44e6-a2ba-704d7778fa91"
        ],
        "x-ms-correlation-request-id": [
          "2f119525-4837-44e6-a2ba-704d7778fa91"
        ],
        "x-ms-routing-request-id": [
          "FRANCESOUTH:20220624T221730Z:2f119525-4837-44e6-a2ba-704d7778fa91"
        ],
        "X-Content-Type-Options": [
          "nosniff"
        ],
        "Date": [
          "Fri, 24 Jun 2022 22:17:29 GMT"
        ],
        "Expires": [
          "-1"
        ],
        "Content-Length": [
          "0"
        ]
      },
      "ResponseBody": "",
      "StatusCode": 202
    },
    {
      "RequestUri": "/subscriptions/69a75bda-882e-44d5-8431-63421204132a/providers/Microsoft.NetApp/locations/eastus2euap/operationResults/eead89ff-12d7-4d77-943e-e7648b75fd3b?api-version=2022-01-01",
      "EncodedRequestUri": "L3N1YnNjcmlwdGlvbnMvNjlhNzViZGEtODgyZS00NGQ1LTg0MzEtNjM0MjEyMDQxMzJhL3Byb3ZpZGVycy9NaWNyb3NvZnQuTmV0QXBwL2xvY2F0aW9ucy9lYXN0dXMyZXVhcC9vcGVyYXRpb25SZXN1bHRzL2VlYWQ4OWZmLTEyZDctNGQ3Ny05NDNlLWU3NjQ4Yjc1ZmQzYj9hcGktdmVyc2lvbj0yMDIyLTAxLTAx",
      "RequestMethod": "GET",
      "RequestBody": "",
      "RequestHeaders": {
        "User-Agent": [
          "FxVersion/4.700.22.26002",
          "OSName/Windows",
          "OSVersion/Microsoft.Windows.10.0.19044",
          "Microsoft.Azure.Management.NetApp.AzureNetAppFilesManagementClient/1.16.0.0"
        ]
      },
      "ResponseHeaders": {
        "Cache-Control": [
          "no-cache"
        ],
        "Pragma": [
          "no-cache"
        ],
        "x-ms-request-id": [
          "6b5137b1-acc6-4baa-a88d-2d089afe25df"
        ],
        "Strict-Transport-Security": [
          "max-age=31536000; includeSubDomains"
        ],
        "Server": [
          "Microsoft-IIS/10.0"
        ],
        "X-Powered-By": [
          "ASP.NET"
        ],
        "x-ms-ratelimit-remaining-subscription-reads": [
          "11992"
        ],
        "x-ms-correlation-request-id": [
          "519e5dc7-fa77-4f71-a3e8-32e77268a2d3"
        ],
        "x-ms-routing-request-id": [
          "FRANCESOUTH:20220624T221800Z:519e5dc7-fa77-4f71-a3e8-32e77268a2d3"
        ],
        "X-Content-Type-Options": [
          "nosniff"
        ],
        "Date": [
          "Fri, 24 Jun 2022 22:18:00 GMT"
        ],
        "Content-Length": [
          "566"
        ],
        "Content-Type": [
          "application/json; charset=utf-8"
        ],
        "Expires": [
          "-1"
        ]
      },
      "ResponseBody": "{\r\n  \"id\": \"/subscriptions/69a75bda-882e-44d5-8431-63421204132a/providers/Microsoft.NetApp/locations/eastus2euap/operationResults/eead89ff-12d7-4d77-943e-e7648b75fd3b\",\r\n  \"name\": \"eead89ff-12d7-4d77-943e-e7648b75fd3b\",\r\n  \"status\": \"Succeeded\",\r\n  \"startTime\": \"2022-06-24T22:17:30.0633214Z\",\r\n  \"endTime\": \"2022-06-24T22:17:31.9437463Z\",\r\n  \"percentComplete\": 100.0,\r\n  \"properties\": {\r\n    \"resourceName\": \"/subscriptions/69a75bda-882e-44d5-8431-63421204132a/resourceGroups/sdk-net-test-qa2/providers/Microsoft.NetApp/netAppAccounts/sdk-net-tests-acc-215v/backupPolicies/sdk-net-tests-backupPolicy-105a\"\r\n  }\r\n}",
      "StatusCode": 200
    },
    {
      "RequestUri": "/subscriptions/69a75bda-882e-44d5-8431-63421204132a/providers/Microsoft.NetApp/locations/eastus2euap/operationResults/eead89ff-12d7-4d77-943e-e7648b75fd3b?api-version=2022-01-01&operationResultResponseType=Location",
      "EncodedRequestUri": "L3N1YnNjcmlwdGlvbnMvNjlhNzViZGEtODgyZS00NGQ1LTg0MzEtNjM0MjEyMDQxMzJhL3Byb3ZpZGVycy9NaWNyb3NvZnQuTmV0QXBwL2xvY2F0aW9ucy9lYXN0dXMyZXVhcC9vcGVyYXRpb25SZXN1bHRzL2VlYWQ4OWZmLTEyZDctNGQ3Ny05NDNlLWU3NjQ4Yjc1ZmQzYj9hcGktdmVyc2lvbj0yMDIyLTAxLTAxJm9wZXJhdGlvblJlc3VsdFJlc3BvbnNlVHlwZT1Mb2NhdGlvbg==",
      "RequestMethod": "GET",
      "RequestBody": "",
      "RequestHeaders": {
        "User-Agent": [
          "FxVersion/4.700.22.26002",
          "OSName/Windows",
          "OSVersion/Microsoft.Windows.10.0.19044",
          "Microsoft.Azure.Management.NetApp.AzureNetAppFilesManagementClient/1.16.0.0"
        ]
      },
      "ResponseHeaders": {
        "Cache-Control": [
          "no-cache"
        ],
        "Pragma": [
          "no-cache"
        ],
        "x-ms-request-id": [
          "a24c372b-8fd4-4c46-a1ed-0d76119f24e1"
        ],
        "Strict-Transport-Security": [
          "max-age=31536000; includeSubDomains"
        ],
        "Server": [
          "Microsoft-IIS/10.0"
        ],
        "X-Powered-By": [
          "ASP.NET"
        ],
        "x-ms-ratelimit-remaining-subscription-reads": [
          "11991"
        ],
        "x-ms-correlation-request-id": [
          "235d743f-ca4c-4c93-8e92-42a51b0569ed"
        ],
        "x-ms-routing-request-id": [
          "FRANCESOUTH:20220624T221800Z:235d743f-ca4c-4c93-8e92-42a51b0569ed"
        ],
        "X-Content-Type-Options": [
          "nosniff"
        ],
        "Date": [
          "Fri, 24 Jun 2022 22:18:00 GMT"
        ],
        "Content-Length": [
          "973"
        ],
        "Content-Type": [
          "application/json; charset=utf-8"
        ],
        "Expires": [
          "-1"
        ]
      },
      "ResponseBody": "{\r\n  \"id\": \"/subscriptions/69a75bda-882e-44d5-8431-63421204132a/resourceGroups/sdk-net-test-qa2/providers/Microsoft.NetApp/netAppAccounts/sdk-net-tests-acc-215v/backupPolicies/sdk-net-tests-backupPolicy-105a\",\r\n  \"name\": \"sdk-net-tests-acc-215v/sdk-net-tests-backupPolicy-105a\",\r\n  \"type\": \"Microsoft.NetApp/netAppAccounts/backupPolicies\",\r\n  \"etag\": \"W/\\\"datetime'2022-06-24T22%3A17%3A30.055875Z'\\\"\",\r\n  \"location\": \"eastus2euap\",\r\n  \"tags\": {\r\n    \"CreatedOnDate\": \"2022-06-24T22:16:48.161843Z\"\r\n  },\r\n  \"properties\": {\r\n    \"enabled\": true,\r\n    \"backupPolicyId\": \"447d2bc5-f40b-11ec-b64c-fa518fba69d7\",\r\n    \"dailyBackupsToKeep\": 2,\r\n    \"weeklyBackupsToKeep\": 3,\r\n    \"monthlyBackupsToKeep\": 2,\r\n    \"yearlyBackupsToKeep\": 0,\r\n    \"volumesAssigned\": 0,\r\n    \"provisioningState\": \"Deleting\"\r\n  },\r\n  \"systemData\": {\r\n    \"createdBy\": \"c6c4faba-2b22-44d9-80a4-71ff5b71f811\",\r\n    \"createdByType\": \"Application\",\r\n    \"createdAt\": \"2022-06-24T22:16:16.0667051Z\",\r\n    \"lastModifiedBy\": \"c6c4faba-2b22-44d9-80a4-71ff5b71f811\",\r\n    \"lastModifiedByType\": \"Application\",\r\n    \"lastModifiedAt\": \"2022-06-24T22:16:48.3526878Z\"\r\n  }\r\n}",
      "StatusCode": 200
    },
    {
      "RequestUri": "/subscriptions/69a75bda-882e-44d5-8431-63421204132a/resourceGroups/sdk-net-test-qa2/providers/Microsoft.NetApp/netAppAccounts/sdk-net-tests-acc-215v/capacityPools/sdk-net-tests-pool-205?api-version=2022-01-01",
      "EncodedRequestUri": "L3N1YnNjcmlwdGlvbnMvNjlhNzViZGEtODgyZS00NGQ1LTg0MzEtNjM0MjEyMDQxMzJhL3Jlc291cmNlR3JvdXBzL3Nkay1uZXQtdGVzdC1xYTIvcHJvdmlkZXJzL01pY3Jvc29mdC5OZXRBcHAvbmV0QXBwQWNjb3VudHMvc2RrLW5ldC10ZXN0cy1hY2MtMjE1di9jYXBhY2l0eVBvb2xzL3Nkay1uZXQtdGVzdHMtcG9vbC0yMDU/YXBpLXZlcnNpb249MjAyMi0wMS0wMQ==",
      "RequestMethod": "DELETE",
      "RequestBody": "",
      "RequestHeaders": {
        "x-ms-client-request-id": [
          "21c3f716-d970-4b7f-b0f7-b77f7790893e"
        ],
        "Accept-Language": [
          "en-US"
        ],
        "User-Agent": [
          "FxVersion/4.700.22.26002",
          "OSName/Windows",
          "OSVersion/Microsoft.Windows.10.0.19044",
          "Microsoft.Azure.Management.NetApp.AzureNetAppFilesManagementClient/1.16.0.0"
        ]
      },
      "ResponseHeaders": {
        "Cache-Control": [
          "no-cache"
        ],
        "Pragma": [
          "no-cache"
        ],
        "x-ms-ratelimit-remaining-subscription-deletes": [
          "14998"
        ],
        "x-ms-request-id": [
          "1f63c968-0357-4edd-9d4c-b57155ebf491"
        ],
        "x-ms-correlation-request-id": [
          "1f63c968-0357-4edd-9d4c-b57155ebf491"
        ],
        "x-ms-routing-request-id": [
          "FRANCESOUTH:20220624T221805Z:1f63c968-0357-4edd-9d4c-b57155ebf491"
        ],
        "Strict-Transport-Security": [
          "max-age=31536000; includeSubDomains"
        ],
        "X-Content-Type-Options": [
          "nosniff"
        ],
        "Date": [
          "Fri, 24 Jun 2022 22:18:05 GMT"
        ],
        "Expires": [
          "-1"
        ]
      },
      "ResponseBody": "",
      "StatusCode": 204
    },
    {
      "RequestUri": "/subscriptions/69a75bda-882e-44d5-8431-63421204132a/resourceGroups/sdk-net-test-qa2/providers/Microsoft.NetApp/netAppAccounts/sdk-net-tests-acc-215v?api-version=2022-01-01",
      "EncodedRequestUri": "L3N1YnNjcmlwdGlvbnMvNjlhNzViZGEtODgyZS00NGQ1LTg0MzEtNjM0MjEyMDQxMzJhL3Jlc291cmNlR3JvdXBzL3Nkay1uZXQtdGVzdC1xYTIvcHJvdmlkZXJzL01pY3Jvc29mdC5OZXRBcHAvbmV0QXBwQWNjb3VudHMvc2RrLW5ldC10ZXN0cy1hY2MtMjE1dj9hcGktdmVyc2lvbj0yMDIyLTAxLTAx",
      "RequestMethod": "DELETE",
      "RequestBody": "",
      "RequestHeaders": {
        "x-ms-client-request-id": [
          "260827c9-da4f-4fa8-b6f3-911601ae7670"
        ],
        "Accept-Language": [
          "en-US"
        ],
        "User-Agent": [
          "FxVersion/4.700.22.26002",
          "OSName/Windows",
          "OSVersion/Microsoft.Windows.10.0.19044",
          "Microsoft.Azure.Management.NetApp.AzureNetAppFilesManagementClient/1.16.0.0"
        ]
      },
      "ResponseHeaders": {
        "Cache-Control": [
          "no-cache"
        ],
        "Pragma": [
          "no-cache"
        ],
        "Location": [
          "https://management.azure.com/subscriptions/69a75bda-882e-44d5-8431-63421204132a/providers/Microsoft.NetApp/locations/eastus2euap/operationResults/9d21f59b-9463-4a84-a8a4-cdf46fbebbf3?api-version=2022-01-01&operationResultResponseType=Location"
        ],
        "Azure-AsyncOperation": [
          "https://management.azure.com/subscriptions/69a75bda-882e-44d5-8431-63421204132a/providers/Microsoft.NetApp/locations/eastus2euap/operationResults/9d21f59b-9463-4a84-a8a4-cdf46fbebbf3?api-version=2022-01-01"
        ],
        "Strict-Transport-Security": [
          "max-age=31536000; includeSubDomains"
        ],
        "Server": [
          "Microsoft-IIS/10.0"
        ],
        "X-Powered-By": [
          "ASP.NET"
        ],
        "x-ms-ratelimit-remaining-subscription-deletes": [
          "14997"
        ],
        "x-ms-request-id": [
          "5a9f6f1f-6d31-42bc-863e-dec8331a8afc"
        ],
        "x-ms-correlation-request-id": [
          "5a9f6f1f-6d31-42bc-863e-dec8331a8afc"
        ],
        "x-ms-routing-request-id": [
          "FRANCESOUTH:20220624T221806Z:5a9f6f1f-6d31-42bc-863e-dec8331a8afc"
        ],
        "X-Content-Type-Options": [
          "nosniff"
        ],
        "Date": [
          "Fri, 24 Jun 2022 22:18:06 GMT"
        ],
        "Expires": [
          "-1"
        ],
        "Content-Length": [
          "0"
        ]
      },
      "ResponseBody": "",
      "StatusCode": 202
    },
    {
      "RequestUri": "/subscriptions/69a75bda-882e-44d5-8431-63421204132a/providers/Microsoft.NetApp/locations/eastus2euap/operationResults/9d21f59b-9463-4a84-a8a4-cdf46fbebbf3?api-version=2022-01-01",
      "EncodedRequestUri": "L3N1YnNjcmlwdGlvbnMvNjlhNzViZGEtODgyZS00NGQ1LTg0MzEtNjM0MjEyMDQxMzJhL3Byb3ZpZGVycy9NaWNyb3NvZnQuTmV0QXBwL2xvY2F0aW9ucy9lYXN0dXMyZXVhcC9vcGVyYXRpb25SZXN1bHRzLzlkMjFmNTliLTk0NjMtNGE4NC1hOGE0LWNkZjQ2ZmJlYmJmMz9hcGktdmVyc2lvbj0yMDIyLTAxLTAx",
      "RequestMethod": "GET",
      "RequestBody": "",
      "RequestHeaders": {
        "User-Agent": [
          "FxVersion/4.700.22.26002",
          "OSName/Windows",
          "OSVersion/Microsoft.Windows.10.0.19044",
          "Microsoft.Azure.Management.NetApp.AzureNetAppFilesManagementClient/1.16.0.0"
        ]
      },
      "ResponseHeaders": {
        "Cache-Control": [
          "no-cache"
        ],
        "Pragma": [
          "no-cache"
        ],
        "x-ms-request-id": [
          "f3814237-43ce-44b7-ab76-7bf0dee8ca44"
        ],
        "Strict-Transport-Security": [
          "max-age=31536000; includeSubDomains"
        ],
        "Server": [
          "Microsoft-IIS/10.0"
        ],
        "X-Powered-By": [
          "ASP.NET"
        ],
        "x-ms-ratelimit-remaining-subscription-reads": [
          "11990"
        ],
        "x-ms-correlation-request-id": [
          "c3504d86-85a1-49be-b711-83db8caa9f46"
        ],
        "x-ms-routing-request-id": [
          "FRANCESOUTH:20220624T221836Z:c3504d86-85a1-49be-b711-83db8caa9f46"
        ],
        "X-Content-Type-Options": [
          "nosniff"
        ],
        "Date": [
          "Fri, 24 Jun 2022 22:18:35 GMT"
        ],
        "Content-Length": [
          "517"
        ],
        "Content-Type": [
          "application/json; charset=utf-8"
        ],
        "Expires": [
          "-1"
        ]
      },
      "ResponseBody": "{\r\n  \"id\": \"/subscriptions/69a75bda-882e-44d5-8431-63421204132a/providers/Microsoft.NetApp/locations/eastus2euap/operationResults/9d21f59b-9463-4a84-a8a4-cdf46fbebbf3\",\r\n  \"name\": \"9d21f59b-9463-4a84-a8a4-cdf46fbebbf3\",\r\n  \"status\": \"Succeeded\",\r\n  \"startTime\": \"2022-06-24T22:18:06.3520138Z\",\r\n  \"endTime\": \"2022-06-24T22:18:06.39888Z\",\r\n  \"percentComplete\": 100.0,\r\n  \"properties\": {\r\n    \"resourceName\": \"/subscriptions/69a75bda-882e-44d5-8431-63421204132a/resourceGroups/sdk-net-test-qa2/providers/Microsoft.NetApp/netAppAccounts/sdk-net-tests-acc-215v\"\r\n  }\r\n}",
      "StatusCode": 200
    },
    {
      "RequestUri": "/subscriptions/69a75bda-882e-44d5-8431-63421204132a/providers/Microsoft.NetApp/locations/eastus2euap/operationResults/9d21f59b-9463-4a84-a8a4-cdf46fbebbf3?api-version=2022-01-01&operationResultResponseType=Location",
      "EncodedRequestUri": "L3N1YnNjcmlwdGlvbnMvNjlhNzViZGEtODgyZS00NGQ1LTg0MzEtNjM0MjEyMDQxMzJhL3Byb3ZpZGVycy9NaWNyb3NvZnQuTmV0QXBwL2xvY2F0aW9ucy9lYXN0dXMyZXVhcC9vcGVyYXRpb25SZXN1bHRzLzlkMjFmNTliLTk0NjMtNGE4NC1hOGE0LWNkZjQ2ZmJlYmJmMz9hcGktdmVyc2lvbj0yMDIyLTAxLTAxJm9wZXJhdGlvblJlc3VsdFJlc3BvbnNlVHlwZT1Mb2NhdGlvbg==",
      "RequestMethod": "GET",
      "RequestBody": "",
      "RequestHeaders": {
        "User-Agent": [
          "FxVersion/4.700.22.26002",
          "OSName/Windows",
          "OSVersion/Microsoft.Windows.10.0.19044",
          "Microsoft.Azure.Management.NetApp.AzureNetAppFilesManagementClient/1.16.0.0"
        ]
      },
      "ResponseHeaders": {
        "Cache-Control": [
          "no-cache"
        ],
        "Pragma": [
          "no-cache"
        ],
        "x-ms-request-id": [
          "69a8476f-7fe1-4d19-8a48-41c2f8d106c5"
        ],
        "Strict-Transport-Security": [
          "max-age=31536000; includeSubDomains"
        ],
        "Server": [
          "Microsoft-IIS/10.0"
        ],
        "X-Powered-By": [
          "ASP.NET"
        ],
        "x-ms-ratelimit-remaining-subscription-reads": [
          "11989"
        ],
        "x-ms-correlation-request-id": [
          "d2f01eb1-9e5f-4fb6-aae7-8d1139219ac5"
        ],
        "x-ms-routing-request-id": [
          "FRANCESOUTH:20220624T221836Z:d2f01eb1-9e5f-4fb6-aae7-8d1139219ac5"
        ],
        "X-Content-Type-Options": [
          "nosniff"
        ],
        "Date": [
          "Fri, 24 Jun 2022 22:18:35 GMT"
        ],
        "Content-Length": [
          "762"
        ],
        "Content-Type": [
          "application/json; charset=utf-8"
        ],
        "Expires": [
          "-1"
        ]
      },
      "ResponseBody": "{\r\n  \"id\": \"/subscriptions/69a75bda-882e-44d5-8431-63421204132a/resourceGroups/sdk-net-test-qa2/providers/Microsoft.NetApp/netAppAccounts/sdk-net-tests-acc-215v\",\r\n  \"name\": \"sdk-net-tests-acc-215v\",\r\n  \"type\": \"Microsoft.NetApp/netAppAccounts\",\r\n  \"etag\": \"W/\\\"datetime'2022-06-24T22%3A18%3A06.3442176Z'\\\"\",\r\n  \"location\": \"eastus2euap\",\r\n  \"tags\": {\r\n    \"CreatedOnDate\": \"2022-06-24T22:15:31.9840932Z\"\r\n  },\r\n  \"properties\": {\r\n    \"encryption\": {\r\n      \"keySource\": \"Microsoft.NetApp\"\r\n    },\r\n    \"activeDirectories\": [],\r\n    \"provisioningState\": \"Deleting\"\r\n  },\r\n  \"systemData\": {\r\n    \"createdBy\": \"c6c4faba-2b22-44d9-80a4-71ff5b71f811\",\r\n    \"createdByType\": \"Application\",\r\n    \"createdAt\": \"2022-06-24T22:15:35.7765598Z\",\r\n    \"lastModifiedBy\": \"c6c4faba-2b22-44d9-80a4-71ff5b71f811\",\r\n    \"lastModifiedByType\": \"Application\",\r\n    \"lastModifiedAt\": \"2022-06-24T22:15:35.7765598Z\"\r\n  }\r\n}",
      "StatusCode": 200
    }
  ],
  "Names": {},
  "Variables": {
    "SubscriptionId": "69a75bda-882e-44d5-8431-63421204132a"
  }
}