{
  "Entries": [
    {
      "RequestUri": "/subscriptions/5250dd92-b580-46be-b327-e6596c8de196/resourceGroups/flowrg/providers/Microsoft.Logic/integrationAccounts/IntegrationAccount4325?api-version=2015-08-01-preview",
      "EncodedRequestUri": "L3N1YnNjcmlwdGlvbnMvNTI1MGRkOTItYjU4MC00NmJlLWIzMjctZTY1OTZjOGRlMTk2L3Jlc291cmNlR3JvdXBzL2Zsb3dyZy9wcm92aWRlcnMvTWljcm9zb2Z0LkxvZ2ljL2ludGVncmF0aW9uQWNjb3VudHMvSW50ZWdyYXRpb25BY2NvdW50NDMyNT9hcGktdmVyc2lvbj0yMDE1LTA4LTAxLXByZXZpZXc=",
      "RequestMethod": "PUT",
      "RequestBody": "{\r\n  \"properties\": {},\r\n  \"sku\": {\r\n    \"name\": \"Standard\"\r\n  },\r\n  \"name\": \"IntegrationAccount4325\",\r\n  \"location\": \"westus\"\r\n}",
      "RequestHeaders": {
        "Content-Type": [
          "application/json; charset=utf-8"
        ],
        "Content-Length": [
          "128"
        ],
        "x-ms-client-request-id": [
          "ab32b165-48d1-4de8-af5a-b954ee785010"
        ],
        "accept-language": [
          "en-US"
        ],
        "User-Agent": [
          "Microsoft.Azure.Management.Logic.LogicManagementClient/0.1.0.0"
        ]
      },
      "ResponseBody": "{\r\n  \"properties\": {},\r\n  \"sku\": {\r\n    \"name\": \"Standard\"\r\n  },\r\n  \"id\": \"/subscriptions/5250dd92-b580-46be-b327-e6596c8de196/resourceGroups/flowrg/providers/Microsoft.Logic/integrationAccounts/IntegrationAccount4325\",\r\n  \"name\": \"IntegrationAccount4325\",\r\n  \"type\": \"Microsoft.Logic/integrationAccounts\",\r\n  \"location\": \"westus\"\r\n}",
      "ResponseHeaders": {
        "Content-Length": [
          "290"
        ],
        "Content-Type": [
          "application/json; charset=utf-8"
        ],
        "Expires": [
          "-1"
        ],
        "Pragma": [
          "no-cache"
        ],
        "x-ms-request-id": [
          "westus:9d1aebff-0e2c-4138-92fe-2bd319714a37"
        ],
        "Strict-Transport-Security": [
          "max-age=31536000; includeSubDomains"
        ],
        "x-ms-ratelimit-remaining-subscription-writes": [
          "1186"
        ],
        "x-ms-correlation-request-id": [
          "be1ab1f2-b8ba-415c-871f-38cbf7b7d500"
        ],
        "x-ms-routing-request-id": [
          "WESTUS2:20160720T172207Z:be1ab1f2-b8ba-415c-871f-38cbf7b7d500"
        ],
        "Cache-Control": [
          "no-cache"
        ],
        "Date": [
          "Wed, 20 Jul 2016 17:22:07 GMT"
        ]
      },
      "StatusCode": 201
    },
    {
      "RequestUri": "/subscriptions/5250dd92-b580-46be-b327-e6596c8de196/resourceGroups/flowrg/providers/Microsoft.Logic/integrationAccounts/IntegrationAccount4325/partners/IntegrationAccountPartner2651?api-version=2015-08-01-preview",
      "EncodedRequestUri": "L3N1YnNjcmlwdGlvbnMvNTI1MGRkOTItYjU4MC00NmJlLWIzMjctZTY1OTZjOGRlMTk2L3Jlc291cmNlR3JvdXBzL2Zsb3dyZy9wcm92aWRlcnMvTWljcm9zb2Z0LkxvZ2ljL2ludGVncmF0aW9uQWNjb3VudHMvSW50ZWdyYXRpb25BY2NvdW50NDMyNS9wYXJ0bmVycy9JbnRlZ3JhdGlvbkFjY291bnRQYXJ0bmVyMjY1MT9hcGktdmVyc2lvbj0yMDE1LTA4LTAxLXByZXZpZXc=",
      "RequestMethod": "PUT",
      "RequestBody": "{\r\n  \"properties\": {\r\n    \"partnerType\": \"B2B\",\r\n    \"metadata\": \"IntegrationAccountPartner2651\",\r\n    \"content\": {\r\n      \"b2b\": {\r\n        \"businessIdentities\": [\r\n          {\r\n            \"Qualifier\": \"AA\",\r\n            \"Value\": \"ZZ\"\r\n          }\r\n        ]\r\n      }\r\n    }\r\n  },\r\n  \"name\": \"IntegrationAccountPartner2651\",\r\n  \"location\": \"westus\",\r\n  \"tags\": {\r\n    \"integrationAccountPartnerName\": \"IntegrationAccountPartner2651\"\r\n  }\r\n}",
      "RequestHeaders": {
        "Content-Type": [
          "application/json; charset=utf-8"
        ],
        "Content-Length": [
          "442"
        ],
        "x-ms-client-request-id": [
          "8fd3180c-35f1-496c-ade9-41fc6fcf42e8"
        ],
        "accept-language": [
          "en-US"
        ],
        "User-Agent": [
          "Microsoft.Azure.Management.Logic.LogicManagementClient/0.1.0.0"
        ]
      },
      "ResponseBody": "{\r\n  \"properties\": {\r\n    \"partnerType\": \"B2B\",\r\n    \"content\": {\r\n      \"b2b\": {\r\n        \"businessIdentities\": [\r\n          {\r\n            \"qualifier\": \"AA\",\r\n            \"value\": \"ZZ\"\r\n          }\r\n        ]\r\n      }\r\n    },\r\n    \"createdTime\": \"2016-07-20T17:22:07.6276231Z\",\r\n    \"changedTime\": \"2016-07-20T17:22:07.6280373Z\",\r\n    \"metadata\": \"IntegrationAccountPartner2651\"\r\n  },\r\n  \"id\": \"/subscriptions/5250dd92-b580-46be-b327-e6596c8de196/resourceGroups/flowrg/providers/Microsoft.Logic/integrationAccounts/IntegrationAccount4325/partners/IntegrationAccountPartner2651\",\r\n  \"name\": \"IntegrationAccountPartner2651\",\r\n  \"type\": \"Microsoft.Logic/integrationAccounts/partners\"\r\n}",
      "ResponseHeaders": {
        "Content-Length": [
          "526"
        ],
        "Content-Type": [
          "application/json; charset=utf-8"
        ],
        "Expires": [
          "-1"
        ],
        "Pragma": [
          "no-cache"
        ],
        "x-ms-request-id": [
          "westus:9534d99b-fcd1-41bb-8cd4-6fd5f70ca0ae"
        ],
        "Strict-Transport-Security": [
          "max-age=31536000; includeSubDomains"
        ],
        "x-ms-ratelimit-remaining-subscription-writes": [
          "1185"
        ],
        "x-ms-correlation-request-id": [
          "9871b905-3884-4aed-af44-9adef9527c1b"
        ],
        "x-ms-routing-request-id": [
          "WESTUS2:20160720T172207Z:9871b905-3884-4aed-af44-9adef9527c1b"
        ],
        "Cache-Control": [
          "no-cache"
        ],
        "Date": [
          "Wed, 20 Jul 2016 17:22:07 GMT"
        ]
      },
      "StatusCode": 201
    },
    {
      "RequestUri": "/subscriptions/5250dd92-b580-46be-b327-e6596c8de196/resourceGroups/flowrg/providers/Microsoft.Logic/integrationAccounts/IntegrationAccount4325/partners/IntegrationAccountPartner2651?api-version=2015-08-01-preview",
      "EncodedRequestUri": "L3N1YnNjcmlwdGlvbnMvNTI1MGRkOTItYjU4MC00NmJlLWIzMjctZTY1OTZjOGRlMTk2L3Jlc291cmNlR3JvdXBzL2Zsb3dyZy9wcm92aWRlcnMvTWljcm9zb2Z0LkxvZ2ljL2ludGVncmF0aW9uQWNjb3VudHMvSW50ZWdyYXRpb25BY2NvdW50NDMyNS9wYXJ0bmVycy9JbnRlZ3JhdGlvbkFjY291bnRQYXJ0bmVyMjY1MT9hcGktdmVyc2lvbj0yMDE1LTA4LTAxLXByZXZpZXc=",
      "RequestMethod": "PUT",
      "RequestBody": "{\r\n  \"properties\": {\r\n    \"partnerType\": \"B2B\",\r\n    \"metadata\": \"updated\",\r\n    \"content\": {\r\n      \"b2b\": {\r\n        \"businessIdentities\": [\r\n          {\r\n            \"Qualifier\": \"XX\",\r\n            \"Value\": \"DD\"\r\n          },\r\n          {\r\n            \"Qualifier\": \"XX\",\r\n            \"Value\": \"DD\"\r\n          }\r\n        ]\r\n      }\r\n    }\r\n  },\r\n  \"name\": \"IntegrationAccountPartner2651\",\r\n  \"location\": \"westus\"\r\n}",
      "RequestHeaders": {
        "Content-Type": [
          "application/json; charset=utf-8"
        ],
        "Content-Length": [
          "417"
        ],
        "x-ms-client-request-id": [
          "86c34cd7-1fe8-4dde-813f-7dba626f5dcc"
        ],
        "accept-language": [
          "en-US"
        ],
        "User-Agent": [
          "Microsoft.Azure.Management.Logic.LogicManagementClient/0.1.0.0"
        ]
      },
      "ResponseBody": "{\r\n  \"properties\": {\r\n    \"partnerType\": \"B2B\",\r\n    \"content\": {\r\n      \"b2b\": {\r\n        \"businessIdentities\": [\r\n          {\r\n            \"qualifier\": \"XX\",\r\n            \"value\": \"DD\"\r\n          },\r\n          {\r\n            \"qualifier\": \"XX\",\r\n            \"value\": \"DD\"\r\n          }\r\n        ]\r\n      }\r\n    },\r\n    \"createdTime\": \"2016-07-20T17:22:07.6276231Z\",\r\n    \"changedTime\": \"2016-07-20T17:22:07.7646596Z\",\r\n    \"metadata\": \"updated\"\r\n  },\r\n  \"id\": \"/subscriptions/5250dd92-b580-46be-b327-e6596c8de196/resourceGroups/flowrg/providers/Microsoft.Logic/integrationAccounts/IntegrationAccount4325/partners/IntegrationAccountPartner2651\",\r\n  \"name\": \"IntegrationAccountPartner2651\",\r\n  \"type\": \"Microsoft.Logic/integrationAccounts/partners\"\r\n}",
      "ResponseHeaders": {
        "Content-Length": [
          "536"
        ],
        "Content-Type": [
          "application/json; charset=utf-8"
        ],
        "Expires": [
          "-1"
        ],
        "Pragma": [
          "no-cache"
        ],
        "Vary": [
          "Accept-Encoding"
        ],
        "x-ms-request-id": [
          "westus:4efccfdf-b454-4be7-a6a9-be7ef34f510d"
        ],
        "Strict-Transport-Security": [
          "max-age=31536000; includeSubDomains"
        ],
        "x-ms-ratelimit-remaining-subscription-writes": [
          "1184"
        ],
        "x-ms-correlation-request-id": [
          "63c72954-c7a8-4b96-9fca-8b68979523c1"
        ],
        "x-ms-routing-request-id": [
          "WESTUS2:20160720T172207Z:63c72954-c7a8-4b96-9fca-8b68979523c1"
        ],
        "Cache-Control": [
          "no-cache"
        ],
        "Date": [
          "Wed, 20 Jul 2016 17:22:07 GMT"
        ]
      },
      "StatusCode": 200
    },
    {
      "RequestUri": "/subscriptions/5250dd92-b580-46be-b327-e6596c8de196/resourceGroups/flowrg/providers/Microsoft.Logic/integrationAccounts/IntegrationAccount4325?api-version=2015-08-01-preview",
      "EncodedRequestUri": "L3N1YnNjcmlwdGlvbnMvNTI1MGRkOTItYjU4MC00NmJlLWIzMjctZTY1OTZjOGRlMTk2L3Jlc291cmNlR3JvdXBzL2Zsb3dyZy9wcm92aWRlcnMvTWljcm9zb2Z0LkxvZ2ljL2ludGVncmF0aW9uQWNjb3VudHMvSW50ZWdyYXRpb25BY2NvdW50NDMyNT9hcGktdmVyc2lvbj0yMDE1LTA4LTAxLXByZXZpZXc=",
      "RequestMethod": "DELETE",
      "RequestBody": "",
      "RequestHeaders": {
        "x-ms-client-request-id": [
          "87998d98-c69f-45d2-8fdb-9da758088978"
        ],
        "accept-language": [
          "en-US"
        ],
        "User-Agent": [
          "Microsoft.Azure.Management.Logic.LogicManagementClient/0.1.0.0"
        ]
      },
      "ResponseBody": "",
      "ResponseHeaders": {
        "Content-Length": [
          "0"
        ],
        "Expires": [
          "-1"
        ],
        "Pragma": [
          "no-cache"
        ],
        "x-ms-request-id": [
          "westus:abf48906-2ff8-4f55-a147-05fad23d7f06"
        ],
        "Strict-Transport-Security": [
          "max-age=31536000; includeSubDomains"
        ],
        "x-ms-ratelimit-remaining-subscription-writes": [
          "1183"
        ],
        "x-ms-correlation-request-id": [
          "dcd90c3e-ea58-4b3f-9331-688b041c4f5b"
        ],
        "x-ms-routing-request-id": [
          "WESTUS2:20160720T172208Z:dcd90c3e-ea58-4b3f-9331-688b041c4f5b"
        ],
        "Cache-Control": [
          "no-cache"
        ],
        "Date": [
          "Wed, 20 Jul 2016 17:22:08 GMT"
        ]
      },
      "StatusCode": 200
    }
  ],
  "Names": {
    "CreateAndUpdateIntegrationAccountPartner": [
      "IntegrationAccount4325",
      "IntegrationAccountPartner2651"
    ]
  },
  "Variables": {
    "SubscriptionId": "5250dd92-b580-46be-b327-e6596c8de196"
  }
}