{
  "Entries": [
    {
      "RequestUri": "https://localhost:8443/subscriptions/00000000-0000-0000-0000-000000000000?api-version=2019-11-01",
      "RequestMethod": "GET",
      "RequestHeaders": {
        "Accept": "application/json",
        "Authorization": "Sanitized",
        "traceparent": "00-73b72b08d16c1b4c8b9c1e044788534a-4eb5c38ec1da3743-00",
        "User-Agent": "azsdk-net-ResourceManager/1.0.0-alpha.20211208.1 (.NET Framework 4.8.4300.0; Microsoft Windows 10.0.19044 )",
        "x-ms-client-request-id": "9c7575795d0a4c8ef5697cc80afcff81",
        "x-ms-return-client-request-id": "true"
      },
      "RequestBody": null,
      "StatusCode": 200,
      "ResponseHeaders": {
        "Connection": "keep-alive",
        "Content-Length": "403",
        "Content-Type": "application/json; charset=utf-8",
        "Date": "Wed, 08 Dec 2021 07:23:29 GMT",
        "ETag": "W/\u0022193-XMviJqaGXohjOV1XjmYhUY8VLpk\u0022",
        "Keep-Alive": "timeout=5",
        "X-Powered-By": "Express"
      },
      "ResponseBody": {
        "id": "/subscriptions/00000000-0000-0000-0000-000000000000",
        "authorizationSource": "RoleBased",
        "managedByTenants": [],
        "subscriptionId": "00000000-0000-0000-0000-000000000000",
        "tenantId": "0000000-0000-0000-0000-000000000000",
        "displayName": "Name of the subscription",
        "state": "Enabled",
        "subscriptionPolicies": {
          "locationPlacementId": "Internal_2014-09-01",
          "quotaId": "Internal_2014-09-01",
          "spendingLimit": "Off"
        }
      }
    },
    {
      "RequestUri": "https://localhost:8443/subscriptions/00000000-0000-0000-0000-000000000000/resourcegroups/sqlcrudtest-4799?api-version=2019-10-01",
      "RequestMethod": "PUT",
      "RequestHeaders": {
        "Accept": "application/json",
        "Authorization": "Sanitized",
        "Content-Length": "81",
        "Content-Type": "application/json",
        "User-Agent": "azsdk-net-ResourceManager/1.0.0-alpha.20211208.1 (.NET Framework 4.8.4300.0; Microsoft Windows 10.0.19044 )",
        "x-ms-client-request-id": "6d7f92ad8c15e4f30ad1509c953bdd0d",
        "x-ms-return-client-request-id": "true"
      },
      "RequestBody": {
        "location": "Azure.ResourceManager.Resources.Subscription",
        "tags": {
          "test": "env"
        }
      },
      "StatusCode": 200,
      "ResponseHeaders": {
        "Connection": "keep-alive",
        "Content-Length": "256",
        "Content-Type": "application/json; charset=utf-8",
        "Date": "Wed, 08 Dec 2021 07:23:29 GMT",
        "ETag": "W/\u0022100-25l3bGhEtTxIDAf0SnvQ1MNhC7Q\u0022",
        "Keep-Alive": "timeout=5",
        "X-Powered-By": "Express"
      },
      "ResponseBody": {
        "id": "/subscriptions/00000000-0000-0000-0000-000000000000/resourcegroups/sqlcrudtest-4799",
        "location": "eastus",
        "managedBy": null,
        "name": "sqlcrudtest-4799",
        "properties": {
          "provisioningState": "Succeeded"
        },
        "tags": {},
        "type": "Microsoft.Resources/resourceGroups"
      }
    },
    {
      "RequestUri": "https://localhost:8443/subscriptions/00000000-0000-0000-0000-000000000000/resourceGroups/sqlcrudtest-4799/providers/Microsoft.Sql/servers/sqlcrudtest-6440?api-version=2021-02-01-preview",
      "RequestMethod": "PUT",
      "RequestHeaders": {
        "Accept": "application/json",
        "Authorization": "Sanitized",
        "Content-Length": "396",
        "Content-Type": "application/json",
        "User-Agent": "azsdk-net-ResourceManager.Sql/1.0.0-alpha.20211208.1 (.NET Framework 4.8.4300.0; Microsoft Windows 10.0.19044 )",
        "x-ms-client-request-id": "1bfc73c742932fc572666cb6284c1a57",
        "x-ms-return-client-request-id": "true"
      },
      "RequestBody": {
        "tags": {},
        "location": "japaneast",
        "properties": {
          "administratorLogin": "dummylogin",
          "administratorLoginPassword": "PLACEHOLDER",
          "publicNetworkAccess": "Enabled",
          "administrators": {
            "principalType": "User",
            "login": "bob@contoso.com",
            "sid": "00000011-1111-2222-2222-123456789111",
            "tenantId": "00000011-1111-2222-2222-123456789111",
            "azureADOnlyAuthentication": true
          },
          "restrictOutboundNetworkAccess": "Enabled"
        }
      },
      "StatusCode": 200,
      "ResponseHeaders": {
        "Connection": "keep-alive",
        "Content-Length": "1896",
        "Content-Type": "application/json; charset=utf-8",
        "Date": "Wed, 08 Dec 2021 07:23:29 GMT",
        "ETag": "W/\u0022768-KduM63k/j/7Wuz94upn9NglmDeY\u0022",
        "Keep-Alive": "timeout=5",
        "X-Powered-By": "Express"
      },
      "ResponseBody": {
        "id": "/subscriptions/00000000-0000-0000-0000-000000000000/resourceGroups/sqlcrudtest-4799/providers/Microsoft.Sql/servers/sqlcrudtest-6440",
        "name": "sqlcrudtest-6440",
        "type": "aaaaa",
        "location": "aaaaaaaaaaaaaaaaaaaaaa",
        "tags": {
          "key7126": "aaaaaaaaaaaaaa"
        },
        "identity": {
          "userAssignedIdentities": {
            "/subscriptions/00000000-0000-0000-0000-000000000000/resourceGroups/00000000-0000-0000-0000-000000000000/providers/Microsoft.ManagedIdentity/userAssignedIdentities/key2207": {
              "principalId": "00000000-0000-0000-0000-000000000000",
              "clientId": "00000000-0000-0000-0000-000000000000"
            }
          },
          "principalId": "00000000-0000-0000-0000-000000000000",
          "type": "None",
          "tenantId": "00000000-0000-0000-0000-000000000000"
        },
        "kind": "aaaaaaaaaaaaaaaaaaaaaaaaaaaaa",
        "properties": {
          "administratorLogin": "aaaaa",
          "administratorLoginPassword": "aaaaaaaaaaaaaa",
          "version": "aaaaaaaaaaaaa",
          "state": "aa",
          "fullyQualifiedDomainName": "aaaaaaaaaaaaaaaaa",
          "privateEndpointConnections": [
            {
              "id": "/subscriptions/a9cbceed-cd54-47f1-b7a2-bad149218603/resourceGroups/mockRg/providers/Microsoft.Resources/mockResource/mockName",
              "properties": {
                "privateEndpoint": {
                  "id": "/subscriptions/a9cbceed-cd54-47f1-b7a2-bad149218603/resourceGroups/mockRg/providers/Microsoft.Resources/mockResource/mockName"
                },
                "privateLinkServiceConnectionState": {
                  "status": "Approved",
                  "description": "aaaaaaaaaaaaaaaaaaaaaa",
                  "actionsRequired": "None"
                },
                "provisioningState": "Succeeded"
              }
            }
          ],
          "minimalTlsVersion": "aaaaaaaaaaaaaaaaa",
          "publicNetworkAccess": "Enabled",
          "workspaceFeature": "Connected",
          "primaryUserAssignedIdentityId": "aaaaaaaaaaa",
          "federatedClientId": "00000000-0000-0000-0000-000000000000",
          "keyId": "aaaaaaaaaaaaaaaaaaaaa",
          "administrators": {
            "administratorType": "ActiveDirectory",
            "principalType": "User",
            "login": "aaa",
            "sid": "00000000-0000-0000-0000-000000000000",
            "tenantId": "00000000-0000-0000-0000-000000000000",
            "azureADOnlyAuthentication": true
          },
          "restrictOutboundNetworkAccess": "Enabled"
        }
      }
    },
    {
      "RequestUri": "https://localhost:8443/subscriptions/00000000-0000-0000-0000-000000000000/resourceGroups/sqlcrudtest-4799/providers/Microsoft.Sql/servers/sqlcrudtest-6440/azureADOnlyAuthentications/Default?api-version=2020-11-01-preview",
      "RequestMethod": "PUT",
      "RequestHeaders": {
        "Accept": "application/json",
        "Authorization": "Sanitized",
        "Content-Length": "50",
        "Content-Type": "application/json",
        "User-Agent": "azsdk-net-ResourceManager.Sql/1.0.0-alpha.20211208.1 (.NET Framework 4.8.4300.0; Microsoft Windows 10.0.19044 )",
        "x-ms-client-request-id": "96006e8ce3006bedcd4ffbaf203cbcbe",
        "x-ms-return-client-request-id": "true"
      },
      "RequestBody": {
        "properties": {
          "azureADOnlyAuthentication": false
        }
      },
      "StatusCode": 200,
      "ResponseHeaders": {
        "Connection": "keep-alive",
        "Content-Length": "266",
        "Content-Type": "application/json; charset=utf-8",
        "Date": "Wed, 08 Dec 2021 07:23:29 GMT",
        "ETag": "W/\u002210a-9yEnKEfaSS6S/B3u2SiYON8uWq8\u0022",
        "Keep-Alive": "timeout=5",
        "X-Powered-By": "Express"
      },
      "ResponseBody": {
        "id": "/subscriptions/00000000-0000-0000-0000-000000000000/resourceGroups/sqlcrudtest-4799/providers/Microsoft.Sql/servers/sqlcrudtest-6440/azureADOnlyAuthentications/Default",
        "name": "Default",
        "type": "aaaaaaaaaaaaaaa",
        "properties": {
          "azureADOnlyAuthentication": true
        }
      }
    },
    {
      "RequestUri": "https://localhost:8443/subscriptions/00000000-0000-0000-0000-000000000000/resourceGroups/sqlcrudtest-4799/providers/Microsoft.Sql/servers/sqlcrudtest-6440/azureADOnlyAuthentications/Default?api-version=2020-11-01-preview",
      "RequestMethod": "GET",
      "RequestHeaders": {
        "Accept": "application/json",
        "Authorization": "Sanitized",
        "User-Agent": "azsdk-net-ResourceManager.Sql/1.0.0-alpha.20211208.1 (.NET Framework 4.8.4300.0; Microsoft Windows 10.0.19044 )",
        "x-ms-client-request-id": "ba2ab1b0844bf057f086a7fd3f1ecb45",
        "x-ms-return-client-request-id": "true"
      },
      "RequestBody": null,
      "StatusCode": 200,
      "ResponseHeaders": {
        "Connection": "keep-alive",
        "Content-Length": "266",
        "Content-Type": "application/json; charset=utf-8",
        "Date": "Wed, 08 Dec 2021 07:23:29 GMT",
        "ETag": "W/\u002210a-9yEnKEfaSS6S/B3u2SiYON8uWq8\u0022",
        "Keep-Alive": "timeout=5",
        "X-Powered-By": "Express"
      },
      "ResponseBody": {
        "id": "/subscriptions/00000000-0000-0000-0000-000000000000/resourceGroups/sqlcrudtest-4799/providers/Microsoft.Sql/servers/sqlcrudtest-6440/azureADOnlyAuthentications/Default",
        "name": "Default",
        "type": "aaaaaaaaaaaaaaa",
        "properties": {
          "azureADOnlyAuthentication": true
        }
      }
    }
  ],
  "Variables": {
    "RandomSeed": "152226807",
    "RESOURCE_MANAGER_URL": "https://localhost:8443",
    "SUBSCRIPTION_ID": "00000000-0000-0000-0000-000000000000"
  }
}
