{
  "Entries": [
    {
      "RequestUri": "https://management.azure.com/subscriptions/69a75bda-882e-44d5-8431-63421204132a?api-version=2021-01-01",
      "RequestMethod": "GET",
      "RequestHeaders": {
        "Accept": "application/json",
        "Authorization": "Sanitized",
        "traceparent": "00-a188282606fa47ba171486c49eda5c77-ee87a8b8d69abf2f-00",
        "User-Agent": "azsdk-net-ResourceManager/1.6.0 (.NET 7.0.7; Microsoft Windows 10.0.22621)",
        "x-ms-client-request-id": "5eed4e132c4aac87426dd8fd4283992c",
        "x-ms-return-client-request-id": "true"
      },
      "RequestBody": null,
      "StatusCode": 200,
      "ResponseHeaders": {
        "Cache-Control": "no-cache",
        "Content-Length": "422",
        "Content-Type": "application/json; charset=utf-8",
        "Date": "Fri, 23 Jun 2023 12:47:09 GMT",
        "Expires": "-1",
        "Pragma": "no-cache",
        "Strict-Transport-Security": "max-age=31536000; includeSubDomains",
        "X-Content-Type-Options": "nosniff",
        "x-ms-correlation-request-id": "a6830bab-e088-4065-b2c7-0c42d58ea99d",
        "x-ms-ratelimit-remaining-subscription-reads": "11747",
        "x-ms-request-id": "a6830bab-e088-4065-b2c7-0c42d58ea99d",
        "x-ms-routing-request-id": "WESTEUROPE:20230623T124710Z:a6830bab-e088-4065-b2c7-0c42d58ea99d"
      },
      "ResponseBody": {
        "id": "/subscriptions/69a75bda-882e-44d5-8431-63421204132a",
        "authorizationSource": "RoleBased",
        "managedByTenants": [],
        "tags": {
          "SkipNRMSNSG": "true"
        },
        "subscriptionId": "69a75bda-882e-44d5-8431-63421204132a",
        "tenantId": "72f988bf-86f1-41af-91ab-2d7cd011db47",
        "displayName": "QATest02-SVL",
        "state": "Enabled",
        "subscriptionPolicies": {
          "locationPlacementId": "Internal_2014-09-01",
          "quotaId": "Internal_2014-09-01",
          "spendingLimit": "Off"
        }
      }
    },
    {
      "RequestUri": "https://management.azure.com/subscriptions/69a75bda-882e-44d5-8431-63421204132a/resourcegroups/testNetAppDotNetSDKRG-8822?api-version=**",
      "RequestMethod": "PUT",
      "RequestHeaders": {
        "Accept": "application/json",
        "Authorization": "Sanitized",
        "Content-Length": "63",
        "Content-Type": "application/json",
        "traceparent": "00-a1b725b2f3478ce50be593dc9c56cbde-1eb428f9670eed92-00",
        "User-Agent": "azsdk-net-ResourceManager/1.6.0 (.NET 7.0.7; Microsoft Windows 10.0.22621)",
        "x-ms-client-request-id": "dd06b5589fe9bda012e5fcaa9f9a8fb7",
        "x-ms-return-client-request-id": "true"
      },
      "RequestBody": {
        "tags": {
          "test": "env",
          "Owner": "b-aubald"
        },
        "location": "westus2"
      },
      "StatusCode": 201,
      "ResponseHeaders": {
        "Cache-Control": "no-cache",
        "Content-Length": "359",
        "Content-Type": "application/json; charset=utf-8",
        "Date": "Fri, 23 Jun 2023 12:47:10 GMT",
        "Expires": "-1",
        "Pragma": "no-cache",
        "Strict-Transport-Security": "max-age=31536000; includeSubDomains",
        "X-Content-Type-Options": "nosniff",
        "x-ms-correlation-request-id": "7e3a4185-04f7-405e-85f9-f4a7d3615151",
        "x-ms-ratelimit-remaining-subscription-writes": "1169",
        "x-ms-request-id": "7e3a4185-04f7-405e-85f9-f4a7d3615151",
        "x-ms-routing-request-id": "WESTEUROPE:20230623T124710Z:7e3a4185-04f7-405e-85f9-f4a7d3615151"
      },
      "ResponseBody": {
        "id": "/subscriptions/69a75bda-882e-44d5-8431-63421204132a/resourceGroups/testNetAppDotNetSDKRG-8822",
        "name": "testNetAppDotNetSDKRG-8822",
        "type": "Microsoft.Resources/resourceGroups",
        "location": "westus2",
        "tags": {
          "test": "env",
          "Owner": "b-aubald",
          "CreatedOnDate": "2023-06-23T12:47:10.5588877Z",
          "SkipNRMSNSG": "true"
        },
        "properties": {
          "provisioningState": "Succeeded"
        }
      }
    },
    {
      "RequestUri": "https://management.azure.com/subscriptions/69a75bda-882e-44d5-8431-63421204132a/providers/Microsoft.NetApp/locations/westus2/checkNameAvailability?api-version=2022-11-01",
      "RequestMethod": "POST",
      "RequestHeaders": {
        "Accept": "application/json",
        "Authorization": "Sanitized",
        "Content-Length": "107",
        "Content-Type": "application/json",
        "traceparent": "00-cbe39b04018a6c8f25b08a22341b52c9-8d77c8a605578c3d-00",
        "User-Agent": "azsdk-net-ResourceManager.NetApp/1.2.0-alpha.20230619.1 (.NET 7.0.7; Microsoft Windows 10.0.22621)",
        "x-ms-client-request-id": "4592baf44d273f0d3a58e56d24345fa3",
        "x-ms-return-client-request-id": "true"
      },
      "RequestBody": {
        "name": "account239",
        "type": "Microsoft.NetApp/netAppAccounts",
        "resourceGroup": "testNetAppDotNetSDKRG-8822"
      },
      "StatusCode": 200,
      "ResponseHeaders": {
        "Cache-Control": "no-cache",
        "Content-Length": "20",
        "Content-Type": "application/json; charset=utf-8",
        "Date": "Fri, 23 Jun 2023 12:47:10 GMT",
        "Expires": "-1",
        "Pragma": "no-cache",
        "Server": "Microsoft-IIS/10.0",
        "Strict-Transport-Security": "max-age=31536000; includeSubDomains",
        "X-Content-Type-Options": "nosniff",
        "x-ms-correlation-request-id": "89e076ef-0f9c-4261-a676-1abba0f71cb7",
        "x-ms-ratelimit-remaining-subscription-writes": "1194",
        "x-ms-request-id": "4cdddbb8-0e25-45a8-8a55-ade46dc7c49e",
        "x-ms-routing-request-id": "WESTEUROPE:20230623T124711Z:89e076ef-0f9c-4261-a676-1abba0f71cb7",
        "X-Powered-By": "ASP.NET"
      },
      "ResponseBody": {
        "isAvailable": true
      }
    },
    {
      "RequestUri": "https://management.azure.com/subscriptions/69a75bda-882e-44d5-8431-63421204132a/resourceGroups/testNetAppDotNetSDKRG-8822/providers/Microsoft.NetApp/netAppAccounts/account239?api-version=2022-11-01",
      "RequestMethod": "PUT",
      "RequestHeaders": {
        "Accept": "application/json",
        "Authorization": "Sanitized",
        "Content-Length": "79",
        "Content-Type": "application/json",
        "traceparent": "00-f1d310ec3b095f7233bf02016df52638-f22fee224d518016-00",
        "User-Agent": "azsdk-net-ResourceManager.NetApp/1.2.0-alpha.20230619.1 (.NET 7.0.7; Microsoft Windows 10.0.22621)",
        "x-ms-client-request-id": "366f7a514e648dbe1aa2af97ce3d6d8b",
        "x-ms-return-client-request-id": "true"
      },
      "RequestBody": {
        "tags": {
          "key1": "value1",
          "key2": "value2"
        },
        "location": "westus2",
        "properties": {}
      },
      "StatusCode": 201,
      "ResponseHeaders": {
        "Azure-AsyncOperation": "https://management.azure.com/subscriptions/69a75bda-882e-44d5-8431-63421204132a/providers/Microsoft.NetApp/locations/westus2/operationResults/fc913257-137d-4c43-ac9c-1759a0f2713b?api-version=2022-11-01",
        "Cache-Control": "no-cache",
        "Content-Length": "1129",
        "Content-Type": "application/json; charset=utf-8",
        "Date": "Fri, 23 Jun 2023 12:47:13 GMT",
        "ETag": "W/\u0022datetime\u00272023-06-23T12%3A47%3A12.9101651Z\u0027\u0022",
        "Expires": "-1",
        "Pragma": "no-cache",
        "Server": "Microsoft-IIS/10.0",
        "Strict-Transport-Security": "max-age=31536000; includeSubDomains",
        "X-Content-Type-Options": "nosniff",
        "x-ms-correlation-request-id": "a79a780d-87ce-4449-9bea-e9c95449e354",
        "x-ms-ratelimit-remaining-subscription-writes": "1168",
        "x-ms-request-id": "60da26ee-e503-45ed-b8bc-79e4d7cb26eb",
        "x-ms-routing-request-id": "WESTEUROPE:20230623T124714Z:a79a780d-87ce-4449-9bea-e9c95449e354",
        "X-Powered-By": "ASP.NET"
      },
      "ResponseBody": {
        "id": "/subscriptions/69a75bda-882e-44d5-8431-63421204132a/resourceGroups/testNetAppDotNetSDKRG-8822/providers/Microsoft.NetApp/netAppAccounts/account239",
        "name": "account239",
        "type": "Microsoft.NetApp/netAppAccounts",
        "etag": "W/\u0022datetime\u00272023-06-23T12%3A47%3A12.9101651Z\u0027\u0022",
        "location": "westus2",
        "tags": {
          "key1": "value1",
          "key2": "value2",
          "CreatedOnDate": "2023-06-23T12:47:11.3583990Z"
        },
        "properties": {
          "activeDirectories": [
            {
              "activeDirectoryId": "09ef3da0-c3dd-8e10-a69c-04a84d8ebc85",
              "username": "sdkuser",
              "password": "****************",
              "domain": "sdkdomain",
              "dns": "192.0.2.2",
              "status": "Created",
              "smbServerName": "PSSMBSName",
              "organizationalUnit": "CN=Computers",
              "adName": "ps1792",
              "aesEncryption": false,
              "ldapSigning": false,
              "ldapOverTLS": false,
              "allowLocalNfsUsersWithLdap": false,
              "encryptDCConnections": false,
              "ldapSearchScope": {}
            }
          ],
          "provisioningState": "Creating"
        },
        "systemData": {
          "createdBy": "c6c4faba-2b22-44d9-80a4-71ff5b71f811",
          "createdByType": "Application",
          "createdAt": "2023-06-23T12:47:12.7745793Z",
          "lastModifiedBy": "c6c4faba-2b22-44d9-80a4-71ff5b71f811",
          "lastModifiedByType": "Application",
          "lastModifiedAt": "2023-06-23T12:47:12.7745793Z"
        }
      }
    },
    {
      "RequestUri": "https://management.azure.com/subscriptions/69a75bda-882e-44d5-8431-63421204132a/providers/Microsoft.NetApp/locations/westus2/operationResults/fc913257-137d-4c43-ac9c-1759a0f2713b?api-version=2022-11-01",
      "RequestMethod": "GET",
      "RequestHeaders": {
        "Authorization": "Sanitized",
        "traceparent": "00-f1d310ec3b095f7233bf02016df52638-9b54fa39eba3d316-00",
        "User-Agent": "azsdk-net-ResourceManager/1.6.0 (.NET 7.0.7; Microsoft Windows 10.0.22621)",
        "x-ms-client-request-id": "1449fb4b0447a6e4fc052b859e7571fc",
        "x-ms-return-client-request-id": "true"
      },
      "RequestBody": null,
      "StatusCode": 200,
      "ResponseHeaders": {
        "Cache-Control": "no-cache",
        "Content-Length": "530",
        "Content-Type": "application/json; charset=utf-8",
        "Date": "Fri, 23 Jun 2023 12:47:13 GMT",
        "Expires": "-1",
        "Pragma": "no-cache",
        "Server": "Microsoft-IIS/10.0",
        "Strict-Transport-Security": "max-age=31536000; includeSubDomains",
        "X-Content-Type-Options": "nosniff",
        "x-ms-correlation-request-id": "9ccf44c6-2d78-408a-8125-067a57004ec0",
        "x-ms-ratelimit-remaining-subscription-reads": "11746",
        "x-ms-request-id": "7fe55043-8fc8-48ea-a4bd-85d62df8a4fd",
        "x-ms-routing-request-id": "WESTEUROPE:20230623T124714Z:9ccf44c6-2d78-408a-8125-067a57004ec0",
        "X-Powered-By": "ASP.NET"
      },
      "ResponseBody": {
        "id": "/subscriptions/69a75bda-882e-44d5-8431-63421204132a/providers/Microsoft.NetApp/locations/westus2/operationResults/fc913257-137d-4c43-ac9c-1759a0f2713b",
        "name": "fc913257-137d-4c43-ac9c-1759a0f2713b",
        "status": "Succeeded",
        "startTime": "2023-06-23T12:47:12.9163352Z",
        "endTime": "2023-06-23T12:47:12.940078Z",
        "percentComplete": 100.0,
        "properties": {
          "resourceName": "/subscriptions/69a75bda-882e-44d5-8431-63421204132a/resourceGroups/testNetAppDotNetSDKRG-8822/providers/Microsoft.NetApp/netAppAccounts/account239",
          "action": "CREATE"
        }
      }
    },
    {
      "RequestUri": "https://management.azure.com/subscriptions/69a75bda-882e-44d5-8431-63421204132a/resourceGroups/testNetAppDotNetSDKRG-8822/providers/Microsoft.NetApp/netAppAccounts/account239?api-version=2022-11-01",
      "RequestMethod": "GET",
      "RequestHeaders": {
        "Authorization": "Sanitized",
        "traceparent": "00-f1d310ec3b095f7233bf02016df52638-96723c2595a897b6-00",
        "User-Agent": "azsdk-net-ResourceManager/1.6.0 (.NET 7.0.7; Microsoft Windows 10.0.22621)",
        "x-ms-client-request-id": "d32559eba8fc3e46edb666bbe976b575",
        "x-ms-return-client-request-id": "true"
      },
      "RequestBody": null,
      "StatusCode": 200,
      "ResponseHeaders": {
        "Cache-Control": "no-cache",
        "Content-Length": "1176",
        "Content-Type": "application/json; charset=utf-8",
        "Date": "Fri, 23 Jun 2023 12:47:13 GMT",
        "ETag": "W/\u0022datetime\u00272023-06-23T12%3A47%3A12.9295681Z\u0027\u0022",
        "Expires": "-1",
        "Pragma": "no-cache",
        "Server": "Microsoft-IIS/10.0",
        "Strict-Transport-Security": "max-age=31536000; includeSubDomains",
        "X-Content-Type-Options": "nosniff",
        "x-ms-correlation-request-id": "f3e7a447-d68c-422c-9c50-00286396cf5e",
        "x-ms-ratelimit-remaining-subscription-reads": "11745",
        "x-ms-request-id": "ed031b41-6a25-42d2-8807-a6a7385ca3a2",
        "x-ms-routing-request-id": "WESTEUROPE:20230623T124714Z:f3e7a447-d68c-422c-9c50-00286396cf5e",
        "X-Powered-By": "ASP.NET"
      },
      "ResponseBody": {
        "id": "/subscriptions/69a75bda-882e-44d5-8431-63421204132a/resourceGroups/testNetAppDotNetSDKRG-8822/providers/Microsoft.NetApp/netAppAccounts/account239",
        "name": "account239",
        "type": "Microsoft.NetApp/netAppAccounts",
        "etag": "W/\u0022datetime\u00272023-06-23T12%3A47%3A12.9295681Z\u0027\u0022",
        "location": "westus2",
        "tags": {
          "key1": "value1",
          "key2": "value2",
          "CreatedOnDate": "2023-06-23T12:47:11.3583990Z"
        },
        "properties": {
          "activeDirectories": [
            {
              "activeDirectoryId": "09ef3da0-c3dd-8e10-a69c-04a84d8ebc85",
              "username": "sdkuser",
              "password": "****************",
              "domain": "sdkdomain",
              "dns": "192.0.2.2",
              "status": "Created",
              "smbServerName": "PSSMBSName",
              "organizationalUnit": "CN=Computers",
              "adName": "ps1792",
              "aesEncryption": false,
              "ldapSigning": false,
              "ldapOverTLS": false,
              "allowLocalNfsUsersWithLdap": false,
              "encryptDCConnections": false,
              "ldapSearchScope": {}
            }
          ],
          "encryption": {
            "keySource": "Microsoft.NetApp"
          },
          "provisioningState": "Succeeded"
        },
        "systemData": {
          "createdBy": "c6c4faba-2b22-44d9-80a4-71ff5b71f811",
          "createdByType": "Application",
          "createdAt": "2023-06-23T12:47:12.7745793Z",
          "lastModifiedBy": "c6c4faba-2b22-44d9-80a4-71ff5b71f811",
          "lastModifiedByType": "Application",
          "lastModifiedAt": "2023-06-23T12:47:12.7745793Z"
        }
      }
    },
    {
      "RequestUri": "https://management.azure.com/subscriptions/69a75bda-882e-44d5-8431-63421204132a/resourceGroups/testNetAppDotNetSDKRG-8822/providers/Microsoft.NetApp/netAppAccounts/account239/capacityPools/pool1?api-version=2022-11-01",
      "RequestMethod": "PUT",
      "RequestHeaders": {
        "Accept": "application/json",
        "Authorization": "Sanitized",
        "Content-Length": "124",
        "Content-Type": "application/json",
        "traceparent": "00-853ad872f5c463cf46f47dc9fd5ed9eb-7ddb21d0b12056b6-00",
        "User-Agent": "azsdk-net-ResourceManager.NetApp/1.2.0-alpha.20230619.1 (.NET 7.0.7; Microsoft Windows 10.0.22621)",
        "x-ms-client-request-id": "d24be6e159f443436c91b958e7081a5a",
        "x-ms-return-client-request-id": "true"
      },
      "RequestBody": {
        "tags": {
          "key1": "value1",
          "key2": "value2"
        },
        "location": "westus2",
        "properties": {
          "size": 4398046511104,
          "serviceLevel": "Premium"
        }
      },
      "StatusCode": 201,
      "ResponseHeaders": {
        "Azure-AsyncOperation": "https://management.azure.com/subscriptions/69a75bda-882e-44d5-8431-63421204132a/providers/Microsoft.NetApp/locations/westus2/operationResults/78fb636b-6a63-47a2-bf8e-75d2c40ed25d?api-version=2022-11-01",
        "Cache-Control": "no-cache",
        "Content-Length": "850",
        "Content-Type": "application/json; charset=utf-8",
        "Date": "Fri, 23 Jun 2023 12:47:16 GMT",
        "ETag": "W/\u0022datetime\u00272023-06-23T12%3A47%3A16.2335479Z\u0027\u0022",
        "Expires": "-1",
        "Pragma": "no-cache",
        "Server": "Microsoft-IIS/10.0",
        "Strict-Transport-Security": "max-age=31536000; includeSubDomains",
        "X-Content-Type-Options": "nosniff",
        "x-ms-correlation-request-id": "dc2949e6-cf17-4451-90b5-097442e0192d",
        "x-ms-ratelimit-remaining-subscription-writes": "1167",
        "x-ms-request-id": "75db0e4b-8877-4242-a7d4-8f07a1536330",
        "x-ms-routing-request-id": "WESTEUROPE:20230623T124717Z:dc2949e6-cf17-4451-90b5-097442e0192d",
        "X-Powered-By": "ASP.NET"
      },
      "ResponseBody": {
        "id": "/subscriptions/69a75bda-882e-44d5-8431-63421204132a/resourceGroups/testNetAppDotNetSDKRG-8822/providers/Microsoft.NetApp/netAppAccounts/account239/capacityPools/pool1",
        "name": "account239/pool1",
        "type": "Microsoft.NetApp/netAppAccounts/capacityPools",
        "etag": "W/\u0022datetime\u00272023-06-23T12%3A47%3A16.2335479Z\u0027\u0022",
        "location": "westus2",
        "tags": {
          "key1": "value1",
          "key2": "value2",
          "CreatedOnDate": "2023-06-23T12:47:14.9281807Z"
        },
        "properties": {
          "serviceLevel": "Premium",
          "size": 4398046511104,
          "totalThroughputMibps": 0.0,
          "utilizedThroughputMibps": 0.0,
          "provisioningState": "Creating"
        },
        "systemData": {
          "createdBy": "c6c4faba-2b22-44d9-80a4-71ff5b71f811",
          "createdByType": "Application",
          "createdAt": "2023-06-23T12:47:16.0402628Z",
          "lastModifiedBy": "c6c4faba-2b22-44d9-80a4-71ff5b71f811",
          "lastModifiedByType": "Application",
          "lastModifiedAt": "2023-06-23T12:47:16.0402628Z"
        }
      }
    },
    {
      "RequestUri": "https://management.azure.com/subscriptions/69a75bda-882e-44d5-8431-63421204132a/providers/Microsoft.NetApp/locations/westus2/operationResults/78fb636b-6a63-47a2-bf8e-75d2c40ed25d?api-version=2022-11-01",
      "RequestMethod": "GET",
      "RequestHeaders": {
        "Authorization": "Sanitized",
        "traceparent": "00-853ad872f5c463cf46f47dc9fd5ed9eb-42346368be51f0e9-00",
        "User-Agent": "azsdk-net-ResourceManager/1.6.0 (.NET 7.0.7; Microsoft Windows 10.0.22621)",
        "x-ms-client-request-id": "b8a4b64f9f29910716e1676befed57e4",
        "x-ms-return-client-request-id": "true"
      },
      "RequestBody": null,
      "StatusCode": 200,
      "ResponseHeaders": {
        "Cache-Control": "no-cache",
        "Content-Length": "551",
        "Content-Type": "application/json; charset=utf-8",
        "Date": "Fri, 23 Jun 2023 12:47:16 GMT",
        "Expires": "-1",
        "Pragma": "no-cache",
        "Server": "Microsoft-IIS/10.0",
        "Strict-Transport-Security": "max-age=31536000; includeSubDomains",
        "X-Content-Type-Options": "nosniff",
        "x-ms-correlation-request-id": "21f89728-c3d7-4c8f-b0e4-48381f5f48ec",
        "x-ms-ratelimit-remaining-subscription-reads": "11744",
        "x-ms-request-id": "b11a2df8-c21f-44f7-a754-db454329d114",
        "x-ms-routing-request-id": "WESTEUROPE:20230623T124717Z:21f89728-c3d7-4c8f-b0e4-48381f5f48ec",
        "X-Powered-By": "ASP.NET"
      },
      "ResponseBody": {
        "id": "/subscriptions/69a75bda-882e-44d5-8431-63421204132a/providers/Microsoft.NetApp/locations/westus2/operationResults/78fb636b-6a63-47a2-bf8e-75d2c40ed25d",
        "name": "78fb636b-6a63-47a2-bf8e-75d2c40ed25d",
        "status": "Succeeded",
        "startTime": "2023-06-23T12:47:16.2405054Z",
        "endTime": "2023-06-23T12:47:16.6262483Z",
        "percentComplete": 100.0,
        "properties": {
          "resourceName": "/subscriptions/69a75bda-882e-44d5-8431-63421204132a/resourceGroups/testNetAppDotNetSDKRG-8822/providers/Microsoft.NetApp/netAppAccounts/account239/capacityPools/pool1",
          "action": "CREATE"
        }
      }
    },
    {
      "RequestUri": "https://management.azure.com/subscriptions/69a75bda-882e-44d5-8431-63421204132a/resourceGroups/testNetAppDotNetSDKRG-8822/providers/Microsoft.NetApp/netAppAccounts/account239/capacityPools/pool1?api-version=2022-11-01",
      "RequestMethod": "GET",
      "RequestHeaders": {
        "Authorization": "Sanitized",
        "traceparent": "00-853ad872f5c463cf46f47dc9fd5ed9eb-707447a6b903ccc4-00",
        "User-Agent": "azsdk-net-ResourceManager/1.6.0 (.NET 7.0.7; Microsoft Windows 10.0.22621)",
        "x-ms-client-request-id": "81830c9c361af3f51aa91ce932b3a543",
        "x-ms-return-client-request-id": "true"
      },
      "RequestBody": null,
      "StatusCode": 200,
      "ResponseHeaders": {
        "Cache-Control": "no-cache",
        "Content-Length": "963",
        "Content-Type": "application/json; charset=utf-8",
        "Date": "Fri, 23 Jun 2023 12:47:17 GMT",
        "ETag": "W/\u0022datetime\u00272023-06-23T12%3A47%3A16.6133798Z\u0027\u0022",
        "Expires": "-1",
        "Pragma": "no-cache",
        "Server": "Microsoft-IIS/10.0",
        "Strict-Transport-Security": "max-age=31536000; includeSubDomains",
        "X-Content-Type-Options": "nosniff",
        "x-ms-correlation-request-id": "c73ca7c5-bad4-4938-9f73-e7a63db5d87d",
        "x-ms-ratelimit-remaining-subscription-reads": "11743",
        "x-ms-request-id": "282c72ca-a733-4618-b8d1-513ff6eb7834",
        "x-ms-routing-request-id": "WESTEUROPE:20230623T124718Z:c73ca7c5-bad4-4938-9f73-e7a63db5d87d",
        "X-Powered-By": "ASP.NET"
      },
      "ResponseBody": {
        "id": "/subscriptions/69a75bda-882e-44d5-8431-63421204132a/resourceGroups/testNetAppDotNetSDKRG-8822/providers/Microsoft.NetApp/netAppAccounts/account239/capacityPools/pool1",
        "name": "account239/pool1",
        "type": "Microsoft.NetApp/netAppAccounts/capacityPools",
        "etag": "W/\u0022datetime\u00272023-06-23T12%3A47%3A16.6133798Z\u0027\u0022",
        "location": "westus2",
        "tags": {
          "key1": "value1",
          "key2": "value2",
          "CreatedOnDate": "2023-06-23T12:47:14.9281807Z"
        },
        "properties": {
          "poolId": "112247cd-ef7d-8777-4680-99391321f69a",
          "serviceLevel": "Premium",
          "size": 4398046511104,
          "qosType": "Auto",
          "totalThroughputMibps": 256.0,
          "utilizedThroughputMibps": 0.0,
          "encryptionType": "Single",
          "coolAccess": false,
          "provisioningState": "Succeeded"
        },
        "systemData": {
          "createdBy": "c6c4faba-2b22-44d9-80a4-71ff5b71f811",
          "createdByType": "Application",
          "createdAt": "2023-06-23T12:47:16.0402628Z",
          "lastModifiedBy": "c6c4faba-2b22-44d9-80a4-71ff5b71f811",
          "lastModifiedByType": "Application",
          "lastModifiedAt": "2023-06-23T12:47:16.0402628Z"
        }
      }
    },
    {
      "RequestUri": "https://management.azure.com/subscriptions/69a75bda-882e-44d5-8431-63421204132a/resourceGroups/testNetAppDotNetSDKRG-8822/providers/Microsoft.Network/virtualNetworks/vnet-3938?api-version=**",
      "RequestMethod": "PUT",
      "RequestHeaders": {
        "Accept": "application/json",
        "Authorization": "Sanitized",
        "Content-Length": "261",
        "Content-Type": "application/json",
        "traceparent": "00-ea11099154abcbf9e2facc7dc4a909c5-456ef89d39242a13-00",
        "User-Agent": "azsdk-net-ResourceManager.Network/1.1.0 (.NET 7.0.7; Microsoft Windows 10.0.22621)",
        "x-ms-client-request-id": "6330083430626098ca689e8660b3c8b3",
        "x-ms-return-client-request-id": "true"
      },
      "RequestBody": {
        "location": "westus2",
        "properties": {
          "addressSpace": {
            "addressPrefixes": [
              "10.0.0.0/16"
            ]
          },
          "subnets": [
            {
              "name": "default",
              "properties": {
                "addressPrefix": "10.0.1.0/24",
                "delegations": [
                  {
                    "name": "netAppVolumes",
                    "properties": {
                      "serviceName": "Microsoft.Netapp/volumes"
                    }
                  }
                ]
              }
            }
          ]
        }
      },
      "StatusCode": 201,
      "ResponseHeaders": {
        "Azure-AsyncNotification": "Enabled",
        "Azure-AsyncOperation": "https://management.azure.com/subscriptions/69a75bda-882e-44d5-8431-63421204132a/providers/Microsoft.Network/locations/westus2/operations/c4096113-8fb9-4ac0-95ab-b17d20eab13a?api-version=2021-02-01",
        "Cache-Control": "no-cache",
        "Content-Length": "2151",
        "Content-Type": "application/json; charset=utf-8",
        "Date": "Fri, 23 Jun 2023 12:47:19 GMT",
        "Expires": "-1",
        "Pragma": "no-cache",
        "Retry-After": "3",
        "Server": [
          "Microsoft-HTTPAPI/2.0",
          "Microsoft-HTTPAPI/2.0"
        ],
        "Strict-Transport-Security": "max-age=31536000; includeSubDomains",
        "X-Content-Type-Options": "nosniff",
        "x-ms-arm-service-request-id": "d6bf1965-31bb-438b-a7fe-45bc7e3a4e8e",
        "x-ms-client-request-id": "6330083430626098ca689e8660b3c8b3",
        "x-ms-correlation-request-id": "89b5519b-1ae8-47fd-a855-dc0700fa5b3f",
        "x-ms-ratelimit-remaining-subscription-writes": "1166",
        "x-ms-request-id": "c4096113-8fb9-4ac0-95ab-b17d20eab13a",
        "x-ms-routing-request-id": "WESTEUROPE:20230623T124720Z:89b5519b-1ae8-47fd-a855-dc0700fa5b3f"
      },
      "ResponseBody": {
        "name": "vnet-3938",
        "id": "/subscriptions/69a75bda-882e-44d5-8431-63421204132a/resourceGroups/testNetAppDotNetSDKRG-8822/providers/Microsoft.Network/virtualNetworks/vnet-3938",
        "etag": "W/\u002252270696-0283-4a20-a327-0344da2b6609\u0022",
        "type": "Microsoft.Network/virtualNetworks",
        "location": "westus2",
        "tags": {
          "CreatedOnDate": "2023-06-23T12:47:18.3431023Z"
        },
        "properties": {
          "provisioningState": "Updating",
          "resourceGuid": "1b9d5bba-c552-442a-bac6-8a45672e08c3",
          "addressSpace": {
            "addressPrefixes": [
              "10.0.0.0/16"
            ]
          },
          "subnets": [
            {
              "name": "default",
              "id": "/subscriptions/69a75bda-882e-44d5-8431-63421204132a/resourceGroups/testNetAppDotNetSDKRG-8822/providers/Microsoft.Network/virtualNetworks/vnet-3938/subnets/default",
              "etag": "W/\u002252270696-0283-4a20-a327-0344da2b6609\u0022",
              "properties": {
                "provisioningState": "Updating",
                "addressPrefix": "10.0.1.0/24",
                "delegations": [
                  {
                    "name": "netAppVolumes",
                    "id": "/subscriptions/69a75bda-882e-44d5-8431-63421204132a/resourceGroups/testNetAppDotNetSDKRG-8822/providers/Microsoft.Network/virtualNetworks/vnet-3938/subnets/default/delegations/netAppVolumes",
                    "etag": "W/\u002252270696-0283-4a20-a327-0344da2b6609\u0022",
                    "properties": {
                      "provisioningState": "Succeeded",
                      "serviceName": "Microsoft.Netapp/volumes",
                      "actions": [
                        "Microsoft.Network/networkinterfaces/*",
                        "Microsoft.Network/virtualNetworks/subnets/join/action"
                      ]
                    },
                    "type": "Microsoft.Network/virtualNetworks/subnets/delegations"
                  }
                ],
                "purpose": "HostedWorkloads",
                "privateEndpointNetworkPolicies": "Disabled",
                "privateLinkServiceNetworkPolicies": "Enabled"
              },
              "type": "Microsoft.Network/virtualNetworks/subnets"
            }
          ],
          "virtualNetworkPeerings": [],
          "enableDdosProtection": false
        }
      }
    },
    {
      "RequestUri": "https://management.azure.com/subscriptions/69a75bda-882e-44d5-8431-63421204132a/providers/Microsoft.Network/locations/westus2/operations/c4096113-8fb9-4ac0-95ab-b17d20eab13a?api-version=**",
      "RequestMethod": "GET",
      "RequestHeaders": {
        "Authorization": "Sanitized",
        "traceparent": "00-ea11099154abcbf9e2facc7dc4a909c5-b928cf74b148cf1d-00",
        "User-Agent": "azsdk-net-ResourceManager/1.6.0 (.NET 7.0.7; Microsoft Windows 10.0.22621)",
        "x-ms-client-request-id": "e4ba96238126dc3aea214fce576db9f5",
        "x-ms-return-client-request-id": "true"
      },
      "RequestBody": null,
      "StatusCode": 200,
      "ResponseHeaders": {
        "Cache-Control": "no-cache",
        "Content-Length": "30",
        "Content-Type": "application/json; charset=utf-8",
        "Date": "Fri, 23 Jun 2023 12:47:19 GMT",
        "Expires": "-1",
        "Pragma": "no-cache",
        "Retry-After": "10",
        "Server": [
          "Microsoft-HTTPAPI/2.0",
          "Microsoft-HTTPAPI/2.0"
        ],
        "Strict-Transport-Security": "max-age=31536000; includeSubDomains",
        "X-Content-Type-Options": "nosniff",
        "x-ms-arm-service-request-id": "127ed5de-6b2d-4678-a296-32811b8d15f0",
        "x-ms-client-request-id": "e4ba96238126dc3aea214fce576db9f5",
        "x-ms-correlation-request-id": "dd4e0883-335d-48a6-b3cd-60bc29134bed",
        "x-ms-ratelimit-remaining-subscription-reads": "11742",
        "x-ms-request-id": "97294736-7374-43f9-82b9-4eb5990ee611",
        "x-ms-routing-request-id": "WESTEUROPE:20230623T124720Z:dd4e0883-335d-48a6-b3cd-60bc29134bed"
      },
      "ResponseBody": {
        "status": "InProgress"
      }
    },
    {
      "RequestUri": "https://management.azure.com/subscriptions/69a75bda-882e-44d5-8431-63421204132a/providers/Microsoft.Network/locations/westus2/operations/c4096113-8fb9-4ac0-95ab-b17d20eab13a?api-version=**",
      "RequestMethod": "GET",
      "RequestHeaders": {
        "Authorization": "Sanitized",
        "traceparent": "00-ea11099154abcbf9e2facc7dc4a909c5-97205c5ead715596-00",
        "User-Agent": "azsdk-net-ResourceManager/1.6.0 (.NET 7.0.7; Microsoft Windows 10.0.22621)",
        "x-ms-client-request-id": "beef36549e14c999ef6fb3c4af16426b",
        "x-ms-return-client-request-id": "true"
      },
      "RequestBody": null,
      "StatusCode": 200,
      "ResponseHeaders": {
        "Cache-Control": "no-cache",
        "Content-Length": "29",
        "Content-Type": "application/json; charset=utf-8",
        "Date": "Fri, 23 Jun 2023 12:47:30 GMT",
        "Expires": "-1",
        "Pragma": "no-cache",
        "Server": [
          "Microsoft-HTTPAPI/2.0",
          "Microsoft-HTTPAPI/2.0"
        ],
        "Strict-Transport-Security": "max-age=31536000; includeSubDomains",
        "X-Content-Type-Options": "nosniff",
        "x-ms-arm-service-request-id": "09bb585d-83b4-42c9-9f6e-9a64c0bf8da4",
        "x-ms-client-request-id": "beef36549e14c999ef6fb3c4af16426b",
        "x-ms-correlation-request-id": "93263dd6-2a68-4c5f-bb7d-1774b2b3ef9a",
        "x-ms-ratelimit-remaining-subscription-reads": "11741",
        "x-ms-request-id": "ba3dee24-cc83-4ad6-833c-8ef14bd09c14",
        "x-ms-routing-request-id": "WESTEUROPE:20230623T124730Z:93263dd6-2a68-4c5f-bb7d-1774b2b3ef9a"
      },
      "ResponseBody": {
        "status": "Succeeded"
      }
    },
    {
      "RequestUri": "https://management.azure.com/subscriptions/69a75bda-882e-44d5-8431-63421204132a/resourceGroups/testNetAppDotNetSDKRG-8822/providers/Microsoft.Network/virtualNetworks/vnet-3938?api-version=**",
      "RequestMethod": "GET",
      "RequestHeaders": {
        "Authorization": "Sanitized",
        "traceparent": "00-ea11099154abcbf9e2facc7dc4a909c5-f6cdbdd70c008fa6-00",
        "User-Agent": "azsdk-net-ResourceManager/1.6.0 (.NET 7.0.7; Microsoft Windows 10.0.22621)",
        "x-ms-client-request-id": "c9626205e3f8c08cbab5ba1a1b4a6942",
        "x-ms-return-client-request-id": "true"
      },
      "RequestBody": null,
      "StatusCode": 200,
      "ResponseHeaders": {
        "Cache-Control": "no-cache",
        "Content-Length": "2153",
        "Content-Type": "application/json; charset=utf-8",
        "Date": "Fri, 23 Jun 2023 12:47:30 GMT",
        "ETag": "W/\u0022872e2bcc-3968-4bc1-9b74-0f116755f613\u0022",
        "Expires": "-1",
        "Pragma": "no-cache",
        "Server": [
          "Microsoft-HTTPAPI/2.0",
          "Microsoft-HTTPAPI/2.0"
        ],
        "Strict-Transport-Security": "max-age=31536000; includeSubDomains",
        "X-Content-Type-Options": "nosniff",
        "x-ms-arm-service-request-id": "b5a8dcda-1942-48a4-8da0-9711af503214",
        "x-ms-client-request-id": "c9626205e3f8c08cbab5ba1a1b4a6942",
        "x-ms-correlation-request-id": "09d1fcb2-5e8d-424e-a212-6ac8973916cd",
        "x-ms-ratelimit-remaining-subscription-reads": "11740",
        "x-ms-request-id": "1aa082f2-8a53-462d-995d-033dd008bca7",
        "x-ms-routing-request-id": "WESTEUROPE:20230623T124731Z:09d1fcb2-5e8d-424e-a212-6ac8973916cd"
      },
      "ResponseBody": {
        "name": "vnet-3938",
        "id": "/subscriptions/69a75bda-882e-44d5-8431-63421204132a/resourceGroups/testNetAppDotNetSDKRG-8822/providers/Microsoft.Network/virtualNetworks/vnet-3938",
        "etag": "W/\u0022872e2bcc-3968-4bc1-9b74-0f116755f613\u0022",
        "type": "Microsoft.Network/virtualNetworks",
        "location": "westus2",
        "tags": {
          "CreatedOnDate": "2023-06-23T12:47:18.3431023Z"
        },
        "properties": {
          "provisioningState": "Succeeded",
          "resourceGuid": "1b9d5bba-c552-442a-bac6-8a45672e08c3",
          "addressSpace": {
            "addressPrefixes": [
              "10.0.0.0/16"
            ]
          },
          "subnets": [
            {
              "name": "default",
              "id": "/subscriptions/69a75bda-882e-44d5-8431-63421204132a/resourceGroups/testNetAppDotNetSDKRG-8822/providers/Microsoft.Network/virtualNetworks/vnet-3938/subnets/default",
              "etag": "W/\u0022872e2bcc-3968-4bc1-9b74-0f116755f613\u0022",
              "properties": {
                "provisioningState": "Succeeded",
                "addressPrefix": "10.0.1.0/24",
                "delegations": [
                  {
                    "name": "netAppVolumes",
                    "id": "/subscriptions/69a75bda-882e-44d5-8431-63421204132a/resourceGroups/testNetAppDotNetSDKRG-8822/providers/Microsoft.Network/virtualNetworks/vnet-3938/subnets/default/delegations/netAppVolumes",
                    "etag": "W/\u0022872e2bcc-3968-4bc1-9b74-0f116755f613\u0022",
                    "properties": {
                      "provisioningState": "Succeeded",
                      "serviceName": "Microsoft.Netapp/volumes",
                      "actions": [
                        "Microsoft.Network/networkinterfaces/*",
                        "Microsoft.Network/virtualNetworks/subnets/join/action"
                      ]
                    },
                    "type": "Microsoft.Network/virtualNetworks/subnets/delegations"
                  }
                ],
                "purpose": "HostedWorkloads",
                "privateEndpointNetworkPolicies": "Disabled",
                "privateLinkServiceNetworkPolicies": "Enabled"
              },
              "type": "Microsoft.Network/virtualNetworks/subnets"
            }
          ],
          "virtualNetworkPeerings": [],
          "enableDdosProtection": false
        }
      }
    },
    {
      "RequestUri": "https://management.azure.com/subscriptions/69a75bda-882e-44d5-8431-63421204132a/resourceGroups/testNetAppDotNetSDKRG-8822/providers/Microsoft.Network/virtualNetworks/vnet-3938?api-version=**",
      "RequestMethod": "PUT",
      "RequestHeaders": {
        "Accept": "application/json",
        "Authorization": "Sanitized",
        "Content-Length": "261",
        "Content-Type": "application/json",
        "traceparent": "00-f67c9052090438cd2ba931e90e0975eb-55fb087e8817aaff-00",
        "User-Agent": "azsdk-net-ResourceManager.Network/1.1.0 (.NET 7.0.7; Microsoft Windows 10.0.22621)",
        "x-ms-client-request-id": "e72d8be4a46f8527fdf1f5b7ce762cd3",
        "x-ms-return-client-request-id": "true"
      },
      "RequestBody": {
        "location": "westus2",
        "properties": {
          "addressSpace": {
            "addressPrefixes": [
              "10.0.0.0/16"
            ]
          },
          "subnets": [
            {
              "name": "default",
              "properties": {
                "addressPrefix": "10.0.1.0/24",
                "delegations": [
                  {
                    "name": "netAppVolumes",
                    "properties": {
                      "serviceName": "Microsoft.Netapp/volumes"
                    }
                  }
                ]
              }
            }
          ]
        }
      },
      "StatusCode": 200,
      "ResponseHeaders": {
        "Azure-AsyncNotification": "Enabled",
        "Azure-AsyncOperation": "https://management.azure.com/subscriptions/69a75bda-882e-44d5-8431-63421204132a/providers/Microsoft.Network/locations/westus2/operations/f568b1e5-8d14-4987-b1e7-95370e8523c0?api-version=2021-02-01",
        "Cache-Control": "no-cache",
        "Content-Length": "2153",
        "Content-Type": "application/json; charset=utf-8",
        "Date": "Fri, 23 Jun 2023 12:47:31 GMT",
        "Expires": "-1",
        "Pragma": "no-cache",
        "Server": [
          "Microsoft-HTTPAPI/2.0",
          "Microsoft-HTTPAPI/2.0"
        ],
        "Strict-Transport-Security": "max-age=31536000; includeSubDomains",
        "X-Content-Type-Options": "nosniff",
        "x-ms-arm-service-request-id": "b67be6ef-0367-44c5-9013-a9dca682bff4",
        "x-ms-client-request-id": "e72d8be4a46f8527fdf1f5b7ce762cd3",
        "x-ms-correlation-request-id": "b65ae0eb-d470-4364-ae72-26e7536299e9",
        "x-ms-ratelimit-remaining-subscription-writes": "1165",
        "x-ms-request-id": "f568b1e5-8d14-4987-b1e7-95370e8523c0",
        "x-ms-routing-request-id": "WESTEUROPE:20230623T124732Z:b65ae0eb-d470-4364-ae72-26e7536299e9"
      },
      "ResponseBody": {
        "name": "vnet-3938",
        "id": "/subscriptions/69a75bda-882e-44d5-8431-63421204132a/resourceGroups/testNetAppDotNetSDKRG-8822/providers/Microsoft.Network/virtualNetworks/vnet-3938",
        "etag": "W/\u0022d490d037-8f3a-4945-923b-097dacddd50e\u0022",
        "type": "Microsoft.Network/virtualNetworks",
        "location": "westus2",
        "tags": {
          "CreatedOnDate": "2023-06-23T12:47:31.4549311Z"
        },
        "properties": {
          "provisioningState": "Succeeded",
          "resourceGuid": "1b9d5bba-c552-442a-bac6-8a45672e08c3",
          "addressSpace": {
            "addressPrefixes": [
              "10.0.0.0/16"
            ]
          },
          "subnets": [
            {
              "name": "default",
              "id": "/subscriptions/69a75bda-882e-44d5-8431-63421204132a/resourceGroups/testNetAppDotNetSDKRG-8822/providers/Microsoft.Network/virtualNetworks/vnet-3938/subnets/default",
              "etag": "W/\u0022d490d037-8f3a-4945-923b-097dacddd50e\u0022",
              "properties": {
                "provisioningState": "Succeeded",
                "addressPrefix": "10.0.1.0/24",
                "delegations": [
                  {
                    "name": "netAppVolumes",
                    "id": "/subscriptions/69a75bda-882e-44d5-8431-63421204132a/resourceGroups/testNetAppDotNetSDKRG-8822/providers/Microsoft.Network/virtualNetworks/vnet-3938/subnets/default/delegations/netAppVolumes",
                    "etag": "W/\u0022d490d037-8f3a-4945-923b-097dacddd50e\u0022",
                    "properties": {
                      "provisioningState": "Succeeded",
                      "serviceName": "Microsoft.Netapp/volumes",
                      "actions": [
                        "Microsoft.Network/networkinterfaces/*",
                        "Microsoft.Network/virtualNetworks/subnets/join/action"
                      ]
                    },
                    "type": "Microsoft.Network/virtualNetworks/subnets/delegations"
                  }
                ],
                "purpose": "HostedWorkloads",
                "privateEndpointNetworkPolicies": "Disabled",
                "privateLinkServiceNetworkPolicies": "Enabled"
              },
              "type": "Microsoft.Network/virtualNetworks/subnets"
            }
          ],
          "virtualNetworkPeerings": [],
          "enableDdosProtection": false
        }
      }
    },
    {
      "RequestUri": "https://management.azure.com/subscriptions/69a75bda-882e-44d5-8431-63421204132a/providers/Microsoft.Network/locations/westus2/operations/f568b1e5-8d14-4987-b1e7-95370e8523c0?api-version=**",
      "RequestMethod": "GET",
      "RequestHeaders": {
        "Authorization": "Sanitized",
        "traceparent": "00-f67c9052090438cd2ba931e90e0975eb-94158431bc71defb-00",
        "User-Agent": "azsdk-net-ResourceManager/1.6.0 (.NET 7.0.7; Microsoft Windows 10.0.22621)",
        "x-ms-client-request-id": "24df70065be961fb3bddcc06edd5f243",
        "x-ms-return-client-request-id": "true"
      },
      "RequestBody": null,
      "StatusCode": 200,
      "ResponseHeaders": {
        "Cache-Control": "no-cache",
        "Content-Length": "29",
        "Content-Type": "application/json; charset=utf-8",
        "Date": "Fri, 23 Jun 2023 12:47:31 GMT",
        "Expires": "-1",
        "Pragma": "no-cache",
        "Server": [
          "Microsoft-HTTPAPI/2.0",
          "Microsoft-HTTPAPI/2.0"
        ],
        "Strict-Transport-Security": "max-age=31536000; includeSubDomains",
        "X-Content-Type-Options": "nosniff",
        "x-ms-arm-service-request-id": "aec8fcde-f554-46b9-9c35-08bd649e3c89",
        "x-ms-client-request-id": "24df70065be961fb3bddcc06edd5f243",
        "x-ms-correlation-request-id": "93bf5293-8ba4-49ff-9769-ebb928161d34",
        "x-ms-ratelimit-remaining-subscription-reads": "11739",
        "x-ms-request-id": "7315a788-f715-4e0e-be40-140202dfa83c",
        "x-ms-routing-request-id": "WESTEUROPE:20230623T124732Z:93bf5293-8ba4-49ff-9769-ebb928161d34"
      },
      "ResponseBody": {
        "status": "Succeeded"
      }
    },
    {
      "RequestUri": "https://management.azure.com/subscriptions/69a75bda-882e-44d5-8431-63421204132a/resourceGroups/testNetAppDotNetSDKRG-8822/providers/Microsoft.Network/virtualNetworks/vnet-3938?api-version=**",
      "RequestMethod": "GET",
      "RequestHeaders": {
        "Authorization": "Sanitized",
        "traceparent": "00-f67c9052090438cd2ba931e90e0975eb-fde5d73df24d4d1d-00",
        "User-Agent": "azsdk-net-ResourceManager/1.6.0 (.NET 7.0.7; Microsoft Windows 10.0.22621)",
        "x-ms-client-request-id": "363be7897480f5378fbb3d409fc8a17f",
        "x-ms-return-client-request-id": "true"
      },
      "RequestBody": null,
      "StatusCode": 200,
      "ResponseHeaders": {
        "Cache-Control": "no-cache",
        "Content-Length": "2153",
        "Content-Type": "application/json; charset=utf-8",
        "Date": "Fri, 23 Jun 2023 12:47:32 GMT",
        "ETag": "W/\u0022d490d037-8f3a-4945-923b-097dacddd50e\u0022",
        "Expires": "-1",
        "Pragma": "no-cache",
        "Server": [
          "Microsoft-HTTPAPI/2.0",
          "Microsoft-HTTPAPI/2.0"
        ],
        "Strict-Transport-Security": "max-age=31536000; includeSubDomains",
        "X-Content-Type-Options": "nosniff",
        "x-ms-arm-service-request-id": "0695b177-5b0d-4380-8c57-a79def6db477",
        "x-ms-client-request-id": "363be7897480f5378fbb3d409fc8a17f",
        "x-ms-correlation-request-id": "7c72281b-f320-4be1-908b-26d59935cd12",
        "x-ms-ratelimit-remaining-subscription-reads": "11738",
        "x-ms-request-id": "6513fa62-854e-4ad1-ad66-0a2f58b8b47e",
        "x-ms-routing-request-id": "WESTEUROPE:20230623T124733Z:7c72281b-f320-4be1-908b-26d59935cd12"
      },
      "ResponseBody": {
        "name": "vnet-3938",
        "id": "/subscriptions/69a75bda-882e-44d5-8431-63421204132a/resourceGroups/testNetAppDotNetSDKRG-8822/providers/Microsoft.Network/virtualNetworks/vnet-3938",
        "etag": "W/\u0022d490d037-8f3a-4945-923b-097dacddd50e\u0022",
        "type": "Microsoft.Network/virtualNetworks",
        "location": "westus2",
        "tags": {
          "CreatedOnDate": "2023-06-23T12:47:31.4549311Z"
        },
        "properties": {
          "provisioningState": "Succeeded",
          "resourceGuid": "1b9d5bba-c552-442a-bac6-8a45672e08c3",
          "addressSpace": {
            "addressPrefixes": [
              "10.0.0.0/16"
            ]
          },
          "subnets": [
            {
              "name": "default",
              "id": "/subscriptions/69a75bda-882e-44d5-8431-63421204132a/resourceGroups/testNetAppDotNetSDKRG-8822/providers/Microsoft.Network/virtualNetworks/vnet-3938/subnets/default",
              "etag": "W/\u0022d490d037-8f3a-4945-923b-097dacddd50e\u0022",
              "properties": {
                "provisioningState": "Succeeded",
                "addressPrefix": "10.0.1.0/24",
                "delegations": [
                  {
                    "name": "netAppVolumes",
                    "id": "/subscriptions/69a75bda-882e-44d5-8431-63421204132a/resourceGroups/testNetAppDotNetSDKRG-8822/providers/Microsoft.Network/virtualNetworks/vnet-3938/subnets/default/delegations/netAppVolumes",
                    "etag": "W/\u0022d490d037-8f3a-4945-923b-097dacddd50e\u0022",
                    "properties": {
                      "provisioningState": "Succeeded",
                      "serviceName": "Microsoft.Netapp/volumes",
                      "actions": [
                        "Microsoft.Network/networkinterfaces/*",
                        "Microsoft.Network/virtualNetworks/subnets/join/action"
                      ]
                    },
                    "type": "Microsoft.Network/virtualNetworks/subnets/delegations"
                  }
                ],
                "purpose": "HostedWorkloads",
                "privateEndpointNetworkPolicies": "Disabled",
                "privateLinkServiceNetworkPolicies": "Enabled"
              },
              "type": "Microsoft.Network/virtualNetworks/subnets"
            }
          ],
          "virtualNetworkPeerings": [],
          "enableDdosProtection": false
        }
      }
    },
    {
      "RequestUri": "https://management.azure.com/subscriptions/69a75bda-882e-44d5-8431-63421204132a/resourceGroups/testNetAppDotNetSDKRG-8822/providers/Microsoft.Network/virtualNetworks/vnet-3938?api-version=**",
      "RequestMethod": "GET",
      "RequestHeaders": {
        "Accept": "application/json",
        "Authorization": "Sanitized",
        "traceparent": "00-6560ac30288fff7458bc9060457b8047-31b420e2146e7c32-00",
        "User-Agent": "azsdk-net-ResourceManager.Network/1.1.0 (.NET 7.0.7; Microsoft Windows 10.0.22621)",
        "x-ms-client-request-id": "5db14f44079683eae968b92d23f583d4",
        "x-ms-return-client-request-id": "true"
      },
      "RequestBody": null,
      "StatusCode": 200,
      "ResponseHeaders": {
        "Cache-Control": "no-cache",
        "Content-Length": "2153",
        "Content-Type": "application/json; charset=utf-8",
        "Date": "Fri, 23 Jun 2023 12:48:03 GMT",
        "ETag": "W/\u0022d490d037-8f3a-4945-923b-097dacddd50e\u0022",
        "Expires": "-1",
        "Pragma": "no-cache",
        "Server": [
          "Microsoft-HTTPAPI/2.0",
          "Microsoft-HTTPAPI/2.0"
        ],
        "Strict-Transport-Security": "max-age=31536000; includeSubDomains",
        "X-Content-Type-Options": "nosniff",
        "x-ms-arm-service-request-id": "0fd0513c-343a-40b3-b3ed-a14ad472734c",
        "x-ms-client-request-id": "5db14f44079683eae968b92d23f583d4",
        "x-ms-correlation-request-id": "34f76570-89c7-4cd5-96aa-70fed03a24aa",
        "x-ms-ratelimit-remaining-subscription-reads": "11737",
        "x-ms-request-id": "a2c92852-8118-4151-a103-d6529c90eea5",
        "x-ms-routing-request-id": "WESTEUROPE:20230623T124803Z:34f76570-89c7-4cd5-96aa-70fed03a24aa"
      },
      "ResponseBody": {
        "name": "vnet-3938",
        "id": "/subscriptions/69a75bda-882e-44d5-8431-63421204132a/resourceGroups/testNetAppDotNetSDKRG-8822/providers/Microsoft.Network/virtualNetworks/vnet-3938",
        "etag": "W/\u0022d490d037-8f3a-4945-923b-097dacddd50e\u0022",
        "type": "Microsoft.Network/virtualNetworks",
        "location": "westus2",
        "tags": {
          "CreatedOnDate": "2023-06-23T12:47:31.4549311Z"
        },
        "properties": {
          "provisioningState": "Succeeded",
          "resourceGuid": "1b9d5bba-c552-442a-bac6-8a45672e08c3",
          "addressSpace": {
            "addressPrefixes": [
              "10.0.0.0/16"
            ]
          },
          "subnets": [
            {
              "name": "default",
              "id": "/subscriptions/69a75bda-882e-44d5-8431-63421204132a/resourceGroups/testNetAppDotNetSDKRG-8822/providers/Microsoft.Network/virtualNetworks/vnet-3938/subnets/default",
              "etag": "W/\u0022d490d037-8f3a-4945-923b-097dacddd50e\u0022",
              "properties": {
                "provisioningState": "Succeeded",
                "addressPrefix": "10.0.1.0/24",
                "delegations": [
                  {
                    "name": "netAppVolumes",
                    "id": "/subscriptions/69a75bda-882e-44d5-8431-63421204132a/resourceGroups/testNetAppDotNetSDKRG-8822/providers/Microsoft.Network/virtualNetworks/vnet-3938/subnets/default/delegations/netAppVolumes",
                    "etag": "W/\u0022d490d037-8f3a-4945-923b-097dacddd50e\u0022",
                    "properties": {
                      "provisioningState": "Succeeded",
                      "serviceName": "Microsoft.Netapp/volumes",
                      "actions": [
                        "Microsoft.Network/networkinterfaces/*",
                        "Microsoft.Network/virtualNetworks/subnets/join/action"
                      ]
                    },
                    "type": "Microsoft.Network/virtualNetworks/subnets/delegations"
                  }
                ],
                "purpose": "HostedWorkloads",
                "privateEndpointNetworkPolicies": "Disabled",
                "privateLinkServiceNetworkPolicies": "Enabled"
              },
              "type": "Microsoft.Network/virtualNetworks/subnets"
            }
          ],
          "virtualNetworkPeerings": [],
          "enableDdosProtection": false
        }
      }
    },
    {
      "RequestUri": "https://management.azure.com/subscriptions/69a75bda-882e-44d5-8431-63421204132a/resourceGroups/testNetAppDotNetSDKRG-8822/providers/Microsoft.NetApp/netAppAccounts/account239/capacityPools/pool1/volumes/volumeName-9421?api-version=2022-11-01",
      "RequestMethod": "PUT",
      "RequestHeaders": {
        "Accept": "application/json",
        "Authorization": "Sanitized",
        "Content-Length": "319",
        "Content-Type": "application/json",
        "traceparent": "00-b517aa4f269f5916f7c05d323441d580-8e2a3fc4edc49599-00",
        "User-Agent": "azsdk-net-ResourceManager.NetApp/1.2.0-alpha.20230619.1 (.NET 7.0.7; Microsoft Windows 10.0.22621)",
        "x-ms-client-request-id": "fcd5c03c7643922538ea952d1dbac172",
        "x-ms-return-client-request-id": "true"
      },
      "RequestBody": {
        "tags": {
          "key1": "value1",
          "key2": "value2"
        },
        "location": "westus2",
        "properties": {
          "creationToken": "volumeName-9421",
          "usageThreshold": 107374182400,
          "subnetId": "/subscriptions/69a75bda-882e-44d5-8431-63421204132a/resourceGroups/testNetAppDotNetSDKRG-8822/providers/Microsoft.Network/virtualNetworks/vnet-3938/subnets/default"
        }
      },
      "StatusCode": 201,
      "ResponseHeaders": {
        "Azure-AsyncOperation": "https://management.azure.com/subscriptions/69a75bda-882e-44d5-8431-63421204132a/providers/Microsoft.NetApp/locations/westus2/operationResults/3452a8ac-0534-41a3-9c00-1c807ed68eb9?api-version=2022-11-01",
        "Cache-Control": "no-cache",
        "Content-Length": "1092",
        "Content-Type": "application/json; charset=utf-8",
        "Date": "Fri, 23 Jun 2023 12:48:06 GMT",
        "ETag": "W/\u0022datetime\u00272023-06-23T12%3A48%3A05.4281755Z\u0027\u0022",
        "Expires": "-1",
        "Pragma": "no-cache",
        "Server": "Microsoft-IIS/10.0",
        "Strict-Transport-Security": "max-age=31536000; includeSubDomains",
        "X-Content-Type-Options": "nosniff",
        "x-ms-correlation-request-id": "d87d921b-fc5f-41c3-a9cc-945f6a96523e",
        "x-ms-ratelimit-remaining-subscription-writes": "1164",
        "x-ms-request-id": "2261b356-660f-4560-801e-199a989c168f",
        "x-ms-routing-request-id": "WESTEUROPE:20230623T124806Z:d87d921b-fc5f-41c3-a9cc-945f6a96523e",
        "X-Powered-By": "ASP.NET"
      },
      "ResponseBody": {
        "id": "/subscriptions/69a75bda-882e-44d5-8431-63421204132a/resourceGroups/testNetAppDotNetSDKRG-8822/providers/Microsoft.NetApp/netAppAccounts/account239/capacityPools/pool1/volumes/volumeName-9421",
        "name": "account239/pool1/volumeName-9421",
        "type": "Microsoft.NetApp/netAppAccounts/capacityPools/volumes",
        "etag": "W/\u0022datetime\u00272023-06-23T12%3A48%3A05.4281755Z\u0027\u0022",
        "location": "westus2",
        "tags": {
          "key1": "value1",
          "key2": "value2",
          "CreatedOnDate": "2023-06-23T12:48:03.7966062Z"
        },
        "properties": {
          "serviceLevel": "Premium",
          "creationToken": "volumeName-9421",
          "usageThreshold": 107374182400,
          "subnetId": "/subscriptions/69a75bda-882e-44d5-8431-63421204132a/resourceGroups/testNetAppDotNetSDKRG-8822/providers/Microsoft.Network/virtualNetworks/vnet-3938/subnets/default",
          "maximumNumberOfFiles": 100000000,
          "provisioningState": "Creating"
        },
        "systemData": {
          "createdBy": "c6c4faba-2b22-44d9-80a4-71ff5b71f811",
          "createdByType": "Application",
          "createdAt": "2023-06-23T12:48:05.072036Z",
          "lastModifiedBy": "c6c4faba-2b22-44d9-80a4-71ff5b71f811",
          "lastModifiedByType": "Application",
          "lastModifiedAt": "2023-06-23T12:48:05.072036Z"
        }
      }
    },
    {
      "RequestUri": "https://management.azure.com/subscriptions/69a75bda-882e-44d5-8431-63421204132a/providers/Microsoft.NetApp/locations/westus2/operationResults/3452a8ac-0534-41a3-9c00-1c807ed68eb9?api-version=2022-11-01",
      "RequestMethod": "GET",
      "RequestHeaders": {
        "Authorization": "Sanitized",
        "traceparent": "00-b517aa4f269f5916f7c05d323441d580-9cf72325dfde0013-00",
        "User-Agent": "azsdk-net-ResourceManager/1.6.0 (.NET 7.0.7; Microsoft Windows 10.0.22621)",
        "x-ms-client-request-id": "de046838a5f3cd3b2a1f24ac72bd662e",
        "x-ms-return-client-request-id": "true"
      },
      "RequestBody": null,
      "StatusCode": 200,
      "ResponseHeaders": {
        "Cache-Control": "no-cache",
        "Content-Length": "564",
        "Content-Type": "application/json; charset=utf-8",
        "Date": "Fri, 23 Jun 2023 12:48:06 GMT",
        "Expires": "-1",
        "Pragma": "no-cache",
        "Server": "Microsoft-IIS/10.0",
        "Strict-Transport-Security": "max-age=31536000; includeSubDomains",
        "X-Content-Type-Options": "nosniff",
        "x-ms-correlation-request-id": "a39d08a7-af82-4500-9a95-18efd6ed684f",
        "x-ms-ratelimit-remaining-subscription-reads": "11736",
        "x-ms-request-id": "cc92daed-7bc9-4ac4-9459-062d7abab9bc",
        "x-ms-routing-request-id": "WESTEUROPE:20230623T124806Z:a39d08a7-af82-4500-9a95-18efd6ed684f",
        "X-Powered-By": "ASP.NET"
      },
      "ResponseBody": {
        "id": "/subscriptions/69a75bda-882e-44d5-8431-63421204132a/providers/Microsoft.NetApp/locations/westus2/operationResults/3452a8ac-0534-41a3-9c00-1c807ed68eb9",
        "name": "3452a8ac-0534-41a3-9c00-1c807ed68eb9",
        "status": "Creating",
        "startTime": "2023-06-23T12:48:05.4352147Z",
        "endTime": "0001-01-01T00:00:00Z",
        "percentComplete": 0.0,
        "properties": {
          "resourceName": "/subscriptions/69a75bda-882e-44d5-8431-63421204132a/resourceGroups/testNetAppDotNetSDKRG-8822/providers/Microsoft.NetApp/netAppAccounts/account239/capacityPools/pool1/volumes/volumeName-9421",
          "action": "CREATE"
        }
      }
    },
    {
      "RequestUri": "https://management.azure.com/subscriptions/69a75bda-882e-44d5-8431-63421204132a/providers/Microsoft.NetApp/locations/westus2/operationResults/3452a8ac-0534-41a3-9c00-1c807ed68eb9?api-version=2022-11-01",
      "RequestMethod": "GET",
      "RequestHeaders": {
        "Authorization": "Sanitized",
        "traceparent": "00-b517aa4f269f5916f7c05d323441d580-3146c407888ddcab-00",
        "User-Agent": "azsdk-net-ResourceManager/1.6.0 (.NET 7.0.7; Microsoft Windows 10.0.22621)",
        "x-ms-client-request-id": "d6f147a6e532a7b01353ff8b280cd72e",
        "x-ms-return-client-request-id": "true"
      },
      "RequestBody": null,
      "StatusCode": 200,
      "ResponseHeaders": {
        "Cache-Control": "no-cache",
        "Content-Length": "564",
        "Content-Type": "application/json; charset=utf-8",
        "Date": "Fri, 23 Jun 2023 12:48:07 GMT",
        "Expires": "-1",
        "Pragma": "no-cache",
        "Server": "Microsoft-IIS/10.0",
        "Strict-Transport-Security": "max-age=31536000; includeSubDomains",
        "X-Content-Type-Options": "nosniff",
        "x-ms-correlation-request-id": "ce33a012-5d7a-4deb-8f38-f16ce45be99e",
        "x-ms-ratelimit-remaining-subscription-reads": "11735",
        "x-ms-request-id": "172a5692-964b-4564-bb7b-f8330eacf06a",
        "x-ms-routing-request-id": "WESTEUROPE:20230623T124807Z:ce33a012-5d7a-4deb-8f38-f16ce45be99e",
        "X-Powered-By": "ASP.NET"
      },
      "ResponseBody": {
        "id": "/subscriptions/69a75bda-882e-44d5-8431-63421204132a/providers/Microsoft.NetApp/locations/westus2/operationResults/3452a8ac-0534-41a3-9c00-1c807ed68eb9",
        "name": "3452a8ac-0534-41a3-9c00-1c807ed68eb9",
        "status": "Creating",
        "startTime": "2023-06-23T12:48:05.4352147Z",
        "endTime": "0001-01-01T00:00:00Z",
        "percentComplete": 0.0,
        "properties": {
          "resourceName": "/subscriptions/69a75bda-882e-44d5-8431-63421204132a/resourceGroups/testNetAppDotNetSDKRG-8822/providers/Microsoft.NetApp/netAppAccounts/account239/capacityPools/pool1/volumes/volumeName-9421",
          "action": "CREATE"
        }
      }
    },
    {
      "RequestUri": "https://management.azure.com/subscriptions/69a75bda-882e-44d5-8431-63421204132a/providers/Microsoft.NetApp/locations/westus2/operationResults/3452a8ac-0534-41a3-9c00-1c807ed68eb9?api-version=2022-11-01",
      "RequestMethod": "GET",
      "RequestHeaders": {
        "Authorization": "Sanitized",
        "traceparent": "00-b517aa4f269f5916f7c05d323441d580-d5440b3b0f33e1e8-00",
        "User-Agent": "azsdk-net-ResourceManager/1.6.0 (.NET 7.0.7; Microsoft Windows 10.0.22621)",
        "x-ms-client-request-id": "b5f4fb18e3b5967f11f4730570010f3e",
        "x-ms-return-client-request-id": "true"
      },
      "RequestBody": null,
      "StatusCode": 200,
      "ResponseHeaders": {
        "Cache-Control": "no-cache",
        "Content-Length": "564",
        "Content-Type": "application/json; charset=utf-8",
        "Date": "Fri, 23 Jun 2023 12:48:08 GMT",
        "Expires": "-1",
        "Pragma": "no-cache",
        "Server": "Microsoft-IIS/10.0",
        "Strict-Transport-Security": "max-age=31536000; includeSubDomains",
        "X-Content-Type-Options": "nosniff",
        "x-ms-correlation-request-id": "869d1f32-16e2-4ce0-9427-2bf6a6f2967d",
        "x-ms-ratelimit-remaining-subscription-reads": "11734",
        "x-ms-request-id": "c94635f5-c841-4da7-9869-60449ff4554a",
        "x-ms-routing-request-id": "WESTEUROPE:20230623T124808Z:869d1f32-16e2-4ce0-9427-2bf6a6f2967d",
        "X-Powered-By": "ASP.NET"
      },
      "ResponseBody": {
        "id": "/subscriptions/69a75bda-882e-44d5-8431-63421204132a/providers/Microsoft.NetApp/locations/westus2/operationResults/3452a8ac-0534-41a3-9c00-1c807ed68eb9",
        "name": "3452a8ac-0534-41a3-9c00-1c807ed68eb9",
        "status": "Creating",
        "startTime": "2023-06-23T12:48:05.4352147Z",
        "endTime": "0001-01-01T00:00:00Z",
        "percentComplete": 0.0,
        "properties": {
          "resourceName": "/subscriptions/69a75bda-882e-44d5-8431-63421204132a/resourceGroups/testNetAppDotNetSDKRG-8822/providers/Microsoft.NetApp/netAppAccounts/account239/capacityPools/pool1/volumes/volumeName-9421",
          "action": "CREATE"
        }
      }
    },
    {
      "RequestUri": "https://management.azure.com/subscriptions/69a75bda-882e-44d5-8431-63421204132a/providers/Microsoft.NetApp/locations/westus2/operationResults/3452a8ac-0534-41a3-9c00-1c807ed68eb9?api-version=2022-11-01",
      "RequestMethod": "GET",
      "RequestHeaders": {
        "Authorization": "Sanitized",
        "traceparent": "00-b517aa4f269f5916f7c05d323441d580-4ff3b03cadbfcea9-00",
        "User-Agent": "azsdk-net-ResourceManager/1.6.0 (.NET 7.0.7; Microsoft Windows 10.0.22621)",
        "x-ms-client-request-id": "72711f51fb185266b75dca9fa5b0a51d",
        "x-ms-return-client-request-id": "true"
      },
      "RequestBody": null,
      "StatusCode": 200,
      "ResponseHeaders": {
        "Cache-Control": "no-cache",
        "Content-Length": "564",
        "Content-Type": "application/json; charset=utf-8",
        "Date": "Fri, 23 Jun 2023 12:48:10 GMT",
        "Expires": "-1",
        "Pragma": "no-cache",
        "Server": "Microsoft-IIS/10.0",
        "Strict-Transport-Security": "max-age=31536000; includeSubDomains",
        "X-Content-Type-Options": "nosniff",
        "x-ms-correlation-request-id": "19f9de38-46dc-4fae-b5f5-4df23137a00e",
        "x-ms-ratelimit-remaining-subscription-reads": "11733",
        "x-ms-request-id": "b84552ff-3a8f-4d7f-bbff-9fef99f46b63",
        "x-ms-routing-request-id": "WESTEUROPE:20230623T124810Z:19f9de38-46dc-4fae-b5f5-4df23137a00e",
        "X-Powered-By": "ASP.NET"
      },
      "ResponseBody": {
        "id": "/subscriptions/69a75bda-882e-44d5-8431-63421204132a/providers/Microsoft.NetApp/locations/westus2/operationResults/3452a8ac-0534-41a3-9c00-1c807ed68eb9",
        "name": "3452a8ac-0534-41a3-9c00-1c807ed68eb9",
        "status": "Creating",
        "startTime": "2023-06-23T12:48:05.4352147Z",
        "endTime": "0001-01-01T00:00:00Z",
        "percentComplete": 0.0,
        "properties": {
          "resourceName": "/subscriptions/69a75bda-882e-44d5-8431-63421204132a/resourceGroups/testNetAppDotNetSDKRG-8822/providers/Microsoft.NetApp/netAppAccounts/account239/capacityPools/pool1/volumes/volumeName-9421",
          "action": "CREATE"
        }
      }
    },
    {
      "RequestUri": "https://management.azure.com/subscriptions/69a75bda-882e-44d5-8431-63421204132a/providers/Microsoft.NetApp/locations/westus2/operationResults/3452a8ac-0534-41a3-9c00-1c807ed68eb9?api-version=2022-11-01",
      "RequestMethod": "GET",
      "RequestHeaders": {
        "Authorization": "Sanitized",
        "traceparent": "00-b517aa4f269f5916f7c05d323441d580-9f655971b9df3831-00",
        "User-Agent": "azsdk-net-ResourceManager/1.6.0 (.NET 7.0.7; Microsoft Windows 10.0.22621)",
        "x-ms-client-request-id": "7694f647b0c9c278c85ac53e71ab3612",
        "x-ms-return-client-request-id": "true"
      },
      "RequestBody": null,
      "StatusCode": 200,
      "ResponseHeaders": {
        "Cache-Control": "no-cache",
        "Content-Length": "564",
        "Content-Type": "application/json; charset=utf-8",
        "Date": "Fri, 23 Jun 2023 12:48:12 GMT",
        "Expires": "-1",
        "Pragma": "no-cache",
        "Server": "Microsoft-IIS/10.0",
        "Strict-Transport-Security": "max-age=31536000; includeSubDomains",
        "X-Content-Type-Options": "nosniff",
        "x-ms-correlation-request-id": "e97fcc1b-1106-4341-aa5c-2b15a82e9237",
        "x-ms-ratelimit-remaining-subscription-reads": "11732",
        "x-ms-request-id": "0bf41ff6-ed44-4c53-9c5b-9e444abf9d3a",
        "x-ms-routing-request-id": "WESTEUROPE:20230623T124812Z:e97fcc1b-1106-4341-aa5c-2b15a82e9237",
        "X-Powered-By": "ASP.NET"
      },
      "ResponseBody": {
        "id": "/subscriptions/69a75bda-882e-44d5-8431-63421204132a/providers/Microsoft.NetApp/locations/westus2/operationResults/3452a8ac-0534-41a3-9c00-1c807ed68eb9",
        "name": "3452a8ac-0534-41a3-9c00-1c807ed68eb9",
        "status": "Creating",
        "startTime": "2023-06-23T12:48:05.4352147Z",
        "endTime": "0001-01-01T00:00:00Z",
        "percentComplete": 0.0,
        "properties": {
          "resourceName": "/subscriptions/69a75bda-882e-44d5-8431-63421204132a/resourceGroups/testNetAppDotNetSDKRG-8822/providers/Microsoft.NetApp/netAppAccounts/account239/capacityPools/pool1/volumes/volumeName-9421",
          "action": "CREATE"
        }
      }
    },
    {
      "RequestUri": "https://management.azure.com/subscriptions/69a75bda-882e-44d5-8431-63421204132a/providers/Microsoft.NetApp/locations/westus2/operationResults/3452a8ac-0534-41a3-9c00-1c807ed68eb9?api-version=2022-11-01",
      "RequestMethod": "GET",
      "RequestHeaders": {
        "Authorization": "Sanitized",
        "traceparent": "00-b517aa4f269f5916f7c05d323441d580-087661ed4672c15e-00",
        "User-Agent": "azsdk-net-ResourceManager/1.6.0 (.NET 7.0.7; Microsoft Windows 10.0.22621)",
        "x-ms-client-request-id": "0939c144649a1c1594a2fd5818dff160",
        "x-ms-return-client-request-id": "true"
      },
      "RequestBody": null,
      "StatusCode": 200,
      "ResponseHeaders": {
        "Cache-Control": "no-cache",
        "Content-Length": "564",
        "Content-Type": "application/json; charset=utf-8",
        "Date": "Fri, 23 Jun 2023 12:48:16 GMT",
        "Expires": "-1",
        "Pragma": "no-cache",
        "Server": "Microsoft-IIS/10.0",
        "Strict-Transport-Security": "max-age=31536000; includeSubDomains",
        "X-Content-Type-Options": "nosniff",
        "x-ms-correlation-request-id": "7f0aabfb-c680-4fca-90b5-a8bf3a139578",
        "x-ms-ratelimit-remaining-subscription-reads": "11731",
        "x-ms-request-id": "b3b2b442-f036-4227-9672-317b413eb6b8",
        "x-ms-routing-request-id": "WESTEUROPE:20230623T124816Z:7f0aabfb-c680-4fca-90b5-a8bf3a139578",
        "X-Powered-By": "ASP.NET"
      },
      "ResponseBody": {
        "id": "/subscriptions/69a75bda-882e-44d5-8431-63421204132a/providers/Microsoft.NetApp/locations/westus2/operationResults/3452a8ac-0534-41a3-9c00-1c807ed68eb9",
        "name": "3452a8ac-0534-41a3-9c00-1c807ed68eb9",
        "status": "Creating",
        "startTime": "2023-06-23T12:48:05.4352147Z",
        "endTime": "0001-01-01T00:00:00Z",
        "percentComplete": 0.0,
        "properties": {
          "resourceName": "/subscriptions/69a75bda-882e-44d5-8431-63421204132a/resourceGroups/testNetAppDotNetSDKRG-8822/providers/Microsoft.NetApp/netAppAccounts/account239/capacityPools/pool1/volumes/volumeName-9421",
          "action": "CREATE"
        }
      }
    },
    {
      "RequestUri": "https://management.azure.com/subscriptions/69a75bda-882e-44d5-8431-63421204132a/providers/Microsoft.NetApp/locations/westus2/operationResults/3452a8ac-0534-41a3-9c00-1c807ed68eb9?api-version=2022-11-01",
      "RequestMethod": "GET",
      "RequestHeaders": {
        "Authorization": "Sanitized",
        "traceparent": "00-b517aa4f269f5916f7c05d323441d580-fbaf3cf1e255c8ea-00",
        "User-Agent": "azsdk-net-ResourceManager/1.6.0 (.NET 7.0.7; Microsoft Windows 10.0.22621)",
        "x-ms-client-request-id": "79bd564f986da075a6afaabe3628e10c",
        "x-ms-return-client-request-id": "true"
      },
      "RequestBody": null,
      "StatusCode": 200,
      "ResponseHeaders": {
        "Cache-Control": "no-cache",
        "Content-Length": "564",
        "Content-Type": "application/json; charset=utf-8",
        "Date": "Fri, 23 Jun 2023 12:48:24 GMT",
        "Expires": "-1",
        "Pragma": "no-cache",
        "Server": "Microsoft-IIS/10.0",
        "Strict-Transport-Security": "max-age=31536000; includeSubDomains",
        "X-Content-Type-Options": "nosniff",
        "x-ms-correlation-request-id": "44d6aa16-a4a9-42bf-a8df-5b1142deafb7",
        "x-ms-ratelimit-remaining-subscription-reads": "11730",
        "x-ms-request-id": "d3093a8a-f750-467d-a672-ec19197a29e7",
        "x-ms-routing-request-id": "WESTEUROPE:20230623T124824Z:44d6aa16-a4a9-42bf-a8df-5b1142deafb7",
        "X-Powered-By": "ASP.NET"
      },
      "ResponseBody": {
        "id": "/subscriptions/69a75bda-882e-44d5-8431-63421204132a/providers/Microsoft.NetApp/locations/westus2/operationResults/3452a8ac-0534-41a3-9c00-1c807ed68eb9",
        "name": "3452a8ac-0534-41a3-9c00-1c807ed68eb9",
        "status": "Creating",
        "startTime": "2023-06-23T12:48:05.4352147Z",
        "endTime": "0001-01-01T00:00:00Z",
        "percentComplete": 0.0,
        "properties": {
          "resourceName": "/subscriptions/69a75bda-882e-44d5-8431-63421204132a/resourceGroups/testNetAppDotNetSDKRG-8822/providers/Microsoft.NetApp/netAppAccounts/account239/capacityPools/pool1/volumes/volumeName-9421",
          "action": "CREATE"
        }
      }
    },
    {
      "RequestUri": "https://management.azure.com/subscriptions/69a75bda-882e-44d5-8431-63421204132a/providers/Microsoft.NetApp/locations/westus2/operationResults/3452a8ac-0534-41a3-9c00-1c807ed68eb9?api-version=2022-11-01",
      "RequestMethod": "GET",
      "RequestHeaders": {
        "Authorization": "Sanitized",
        "traceparent": "00-b517aa4f269f5916f7c05d323441d580-bc46374d1957ee86-00",
        "User-Agent": "azsdk-net-ResourceManager/1.6.0 (.NET 7.0.7; Microsoft Windows 10.0.22621)",
        "x-ms-client-request-id": "e35bb8269b76e282e077e126b320a9e9",
        "x-ms-return-client-request-id": "true"
      },
      "RequestBody": null,
      "StatusCode": 200,
      "ResponseHeaders": {
        "Cache-Control": "no-cache",
        "Content-Length": "564",
        "Content-Type": "application/json; charset=utf-8",
        "Date": "Fri, 23 Jun 2023 12:48:40 GMT",
        "Expires": "-1",
        "Pragma": "no-cache",
        "Server": "Microsoft-IIS/10.0",
        "Strict-Transport-Security": "max-age=31536000; includeSubDomains",
        "X-Content-Type-Options": "nosniff",
        "x-ms-correlation-request-id": "57ddeb09-fe00-472a-bdc1-ad1246a0c701",
        "x-ms-ratelimit-remaining-subscription-reads": "11729",
        "x-ms-request-id": "69542b2d-4dbd-42a3-9d68-195d141bcf34",
        "x-ms-routing-request-id": "WESTEUROPE:20230623T124841Z:57ddeb09-fe00-472a-bdc1-ad1246a0c701",
        "X-Powered-By": "ASP.NET"
      },
      "ResponseBody": {
        "id": "/subscriptions/69a75bda-882e-44d5-8431-63421204132a/providers/Microsoft.NetApp/locations/westus2/operationResults/3452a8ac-0534-41a3-9c00-1c807ed68eb9",
        "name": "3452a8ac-0534-41a3-9c00-1c807ed68eb9",
        "status": "Creating",
        "startTime": "2023-06-23T12:48:05.4352147Z",
        "endTime": "0001-01-01T00:00:00Z",
        "percentComplete": 0.0,
        "properties": {
          "resourceName": "/subscriptions/69a75bda-882e-44d5-8431-63421204132a/resourceGroups/testNetAppDotNetSDKRG-8822/providers/Microsoft.NetApp/netAppAccounts/account239/capacityPools/pool1/volumes/volumeName-9421",
          "action": "CREATE"
        }
      }
    },
    {
      "RequestUri": "https://management.azure.com/subscriptions/69a75bda-882e-44d5-8431-63421204132a/providers/Microsoft.NetApp/locations/westus2/operationResults/3452a8ac-0534-41a3-9c00-1c807ed68eb9?api-version=2022-11-01",
      "RequestMethod": "GET",
      "RequestHeaders": {
        "Authorization": "Sanitized",
        "traceparent": "00-b517aa4f269f5916f7c05d323441d580-d4f95714ef481b74-00",
        "User-Agent": "azsdk-net-ResourceManager/1.6.0 (.NET 7.0.7; Microsoft Windows 10.0.22621)",
        "x-ms-client-request-id": "1bee6469bdedaba54c9862ebba57e56c",
        "x-ms-return-client-request-id": "true"
      },
      "RequestBody": null,
      "StatusCode": 200,
      "ResponseHeaders": {
        "Cache-Control": "no-cache",
        "Content-Length": "564",
        "Content-Type": "application/json; charset=utf-8",
        "Date": "Fri, 23 Jun 2023 12:49:12 GMT",
        "Expires": "-1",
        "Pragma": "no-cache",
        "Server": "Microsoft-IIS/10.0",
        "Strict-Transport-Security": "max-age=31536000; includeSubDomains",
        "X-Content-Type-Options": "nosniff",
        "x-ms-correlation-request-id": "181f3b29-b56e-4575-9f67-86c0efd5ce73",
        "x-ms-ratelimit-remaining-subscription-reads": "11728",
        "x-ms-request-id": "46ecb654-44c2-4a66-984c-adbd7570a90d",
        "x-ms-routing-request-id": "WESTEUROPE:20230623T124913Z:181f3b29-b56e-4575-9f67-86c0efd5ce73",
        "X-Powered-By": "ASP.NET"
      },
      "ResponseBody": {
        "id": "/subscriptions/69a75bda-882e-44d5-8431-63421204132a/providers/Microsoft.NetApp/locations/westus2/operationResults/3452a8ac-0534-41a3-9c00-1c807ed68eb9",
        "name": "3452a8ac-0534-41a3-9c00-1c807ed68eb9",
        "status": "Creating",
        "startTime": "2023-06-23T12:48:05.4352147Z",
        "endTime": "0001-01-01T00:00:00Z",
        "percentComplete": 0.0,
        "properties": {
          "resourceName": "/subscriptions/69a75bda-882e-44d5-8431-63421204132a/resourceGroups/testNetAppDotNetSDKRG-8822/providers/Microsoft.NetApp/netAppAccounts/account239/capacityPools/pool1/volumes/volumeName-9421",
          "action": "CREATE"
        }
      }
    },
    {
      "RequestUri": "https://management.azure.com/subscriptions/69a75bda-882e-44d5-8431-63421204132a/providers/Microsoft.NetApp/locations/westus2/operationResults/3452a8ac-0534-41a3-9c00-1c807ed68eb9?api-version=2022-11-01",
      "RequestMethod": "GET",
      "RequestHeaders": {
        "Authorization": "Sanitized",
        "traceparent": "00-b517aa4f269f5916f7c05d323441d580-51da738505e4f64c-00",
        "User-Agent": "azsdk-net-ResourceManager/1.6.0 (.NET 7.0.7; Microsoft Windows 10.0.22621)",
        "x-ms-client-request-id": "6031f0c10d84b3ead3db99f5b64eed86",
        "x-ms-return-client-request-id": "true"
      },
      "RequestBody": null,
      "StatusCode": 200,
      "ResponseHeaders": {
        "Cache-Control": "no-cache",
        "Content-Length": "564",
        "Content-Type": "application/json; charset=utf-8",
        "Date": "Fri, 23 Jun 2023 12:49:46 GMT",
        "Expires": "-1",
        "Pragma": "no-cache",
        "Server": "Microsoft-IIS/10.0",
        "Strict-Transport-Security": "max-age=31536000; includeSubDomains",
        "X-Content-Type-Options": "nosniff",
        "x-ms-correlation-request-id": "e75ad708-8af5-49e8-b1be-0ed2a7728677",
        "x-ms-ratelimit-remaining-subscription-reads": "11727",
        "x-ms-request-id": "93f73cbf-f728-4215-aa58-dec3d40d2a50",
        "x-ms-routing-request-id": "WESTEUROPE:20230623T124946Z:e75ad708-8af5-49e8-b1be-0ed2a7728677",
        "X-Powered-By": "ASP.NET"
      },
      "ResponseBody": {
        "id": "/subscriptions/69a75bda-882e-44d5-8431-63421204132a/providers/Microsoft.NetApp/locations/westus2/operationResults/3452a8ac-0534-41a3-9c00-1c807ed68eb9",
        "name": "3452a8ac-0534-41a3-9c00-1c807ed68eb9",
        "status": "Creating",
        "startTime": "2023-06-23T12:48:05.4352147Z",
        "endTime": "0001-01-01T00:00:00Z",
        "percentComplete": 0.0,
        "properties": {
          "resourceName": "/subscriptions/69a75bda-882e-44d5-8431-63421204132a/resourceGroups/testNetAppDotNetSDKRG-8822/providers/Microsoft.NetApp/netAppAccounts/account239/capacityPools/pool1/volumes/volumeName-9421",
          "action": "CREATE"
        }
      }
    },
    {
      "RequestUri": "https://management.azure.com/subscriptions/69a75bda-882e-44d5-8431-63421204132a/providers/Microsoft.NetApp/locations/westus2/operationResults/3452a8ac-0534-41a3-9c00-1c807ed68eb9?api-version=2022-11-01",
      "RequestMethod": "GET",
      "RequestHeaders": {
        "Authorization": "Sanitized",
        "traceparent": "00-b517aa4f269f5916f7c05d323441d580-ec7be40d42c28823-00",
        "User-Agent": "azsdk-net-ResourceManager/1.6.0 (.NET 7.0.7; Microsoft Windows 10.0.22621)",
        "x-ms-client-request-id": "d254c105c539691e13af97dd39962788",
        "x-ms-return-client-request-id": "true"
      },
      "RequestBody": null,
      "StatusCode": 200,
      "ResponseHeaders": {
        "Cache-Control": "no-cache",
        "Content-Length": "564",
        "Content-Type": "application/json; charset=utf-8",
        "Date": "Fri, 23 Jun 2023 12:50:18 GMT",
        "Expires": "-1",
        "Pragma": "no-cache",
        "Server": "Microsoft-IIS/10.0",
        "Strict-Transport-Security": "max-age=31536000; includeSubDomains",
        "X-Content-Type-Options": "nosniff",
        "x-ms-correlation-request-id": "9aa38056-8689-4f79-a2d2-792d57768fde",
        "x-ms-ratelimit-remaining-subscription-reads": "11726",
        "x-ms-request-id": "dc8f9522-cd87-467e-8f90-32519726f38a",
        "x-ms-routing-request-id": "WESTEUROPE:20230623T125018Z:9aa38056-8689-4f79-a2d2-792d57768fde",
        "X-Powered-By": "ASP.NET"
      },
      "ResponseBody": {
        "id": "/subscriptions/69a75bda-882e-44d5-8431-63421204132a/providers/Microsoft.NetApp/locations/westus2/operationResults/3452a8ac-0534-41a3-9c00-1c807ed68eb9",
        "name": "3452a8ac-0534-41a3-9c00-1c807ed68eb9",
        "status": "Creating",
        "startTime": "2023-06-23T12:48:05.4352147Z",
        "endTime": "0001-01-01T00:00:00Z",
        "percentComplete": 0.0,
        "properties": {
          "resourceName": "/subscriptions/69a75bda-882e-44d5-8431-63421204132a/resourceGroups/testNetAppDotNetSDKRG-8822/providers/Microsoft.NetApp/netAppAccounts/account239/capacityPools/pool1/volumes/volumeName-9421",
          "action": "CREATE"
        }
      }
    },
    {
      "RequestUri": "https://management.azure.com/subscriptions/69a75bda-882e-44d5-8431-63421204132a/providers/Microsoft.NetApp/locations/westus2/operationResults/3452a8ac-0534-41a3-9c00-1c807ed68eb9?api-version=2022-11-01",
      "RequestMethod": "GET",
      "RequestHeaders": {
        "Authorization": "Sanitized",
        "traceparent": "00-b517aa4f269f5916f7c05d323441d580-452f26640e4b8a05-00",
        "User-Agent": "azsdk-net-ResourceManager/1.6.0 (.NET 7.0.7; Microsoft Windows 10.0.22621)",
        "x-ms-client-request-id": "c365759249ee5c64793b481223aff5fd",
        "x-ms-return-client-request-id": "true"
      },
      "RequestBody": null,
      "StatusCode": 200,
      "ResponseHeaders": {
        "Cache-Control": "no-cache",
        "Content-Length": "564",
        "Content-Type": "application/json; charset=utf-8",
        "Date": "Fri, 23 Jun 2023 12:50:50 GMT",
        "Expires": "-1",
        "Pragma": "no-cache",
        "Server": "Microsoft-IIS/10.0",
        "Strict-Transport-Security": "max-age=31536000; includeSubDomains",
        "X-Content-Type-Options": "nosniff",
        "x-ms-correlation-request-id": "a867a630-3a1e-4d43-8f7a-717bfd314fa5",
        "x-ms-ratelimit-remaining-subscription-reads": "11725",
        "x-ms-request-id": "205feb8d-4b17-420f-a135-b530b8a9adfa",
        "x-ms-routing-request-id": "WESTEUROPE:20230623T125050Z:a867a630-3a1e-4d43-8f7a-717bfd314fa5",
        "X-Powered-By": "ASP.NET"
      },
      "ResponseBody": {
        "id": "/subscriptions/69a75bda-882e-44d5-8431-63421204132a/providers/Microsoft.NetApp/locations/westus2/operationResults/3452a8ac-0534-41a3-9c00-1c807ed68eb9",
        "name": "3452a8ac-0534-41a3-9c00-1c807ed68eb9",
        "status": "Creating",
        "startTime": "2023-06-23T12:48:05.4352147Z",
        "endTime": "0001-01-01T00:00:00Z",
        "percentComplete": 0.0,
        "properties": {
          "resourceName": "/subscriptions/69a75bda-882e-44d5-8431-63421204132a/resourceGroups/testNetAppDotNetSDKRG-8822/providers/Microsoft.NetApp/netAppAccounts/account239/capacityPools/pool1/volumes/volumeName-9421",
          "action": "CREATE"
        }
      }
    },
    {
      "RequestUri": "https://management.azure.com/subscriptions/69a75bda-882e-44d5-8431-63421204132a/providers/Microsoft.NetApp/locations/westus2/operationResults/3452a8ac-0534-41a3-9c00-1c807ed68eb9?api-version=2022-11-01",
      "RequestMethod": "GET",
      "RequestHeaders": {
        "Authorization": "Sanitized",
        "traceparent": "00-b517aa4f269f5916f7c05d323441d580-efd9e7cd3e3bf72b-00",
        "User-Agent": "azsdk-net-ResourceManager/1.6.0 (.NET 7.0.7; Microsoft Windows 10.0.22621)",
        "x-ms-client-request-id": "f9e6dbab1203fb32d2c84cd4750c7a3c",
        "x-ms-return-client-request-id": "true"
      },
      "RequestBody": null,
      "StatusCode": 200,
      "ResponseHeaders": {
        "Cache-Control": "no-cache",
        "Content-Length": "564",
        "Content-Type": "application/json; charset=utf-8",
        "Date": "Fri, 23 Jun 2023 12:51:22 GMT",
        "Expires": "-1",
        "Pragma": "no-cache",
        "Server": "Microsoft-IIS/10.0",
        "Strict-Transport-Security": "max-age=31536000; includeSubDomains",
        "X-Content-Type-Options": "nosniff",
        "x-ms-correlation-request-id": "9c64013e-7230-4983-9893-d46b201bbdcd",
        "x-ms-ratelimit-remaining-subscription-reads": "11724",
        "x-ms-request-id": "c8c15fcd-9a7b-46c1-9197-98b87ea0e9f7",
        "x-ms-routing-request-id": "WESTEUROPE:20230623T125123Z:9c64013e-7230-4983-9893-d46b201bbdcd",
        "X-Powered-By": "ASP.NET"
      },
      "ResponseBody": {
        "id": "/subscriptions/69a75bda-882e-44d5-8431-63421204132a/providers/Microsoft.NetApp/locations/westus2/operationResults/3452a8ac-0534-41a3-9c00-1c807ed68eb9",
        "name": "3452a8ac-0534-41a3-9c00-1c807ed68eb9",
        "status": "Creating",
        "startTime": "2023-06-23T12:48:05.4352147Z",
        "endTime": "0001-01-01T00:00:00Z",
        "percentComplete": 0.0,
        "properties": {
          "resourceName": "/subscriptions/69a75bda-882e-44d5-8431-63421204132a/resourceGroups/testNetAppDotNetSDKRG-8822/providers/Microsoft.NetApp/netAppAccounts/account239/capacityPools/pool1/volumes/volumeName-9421",
          "action": "CREATE"
        }
      }
    },
    {
      "RequestUri": "https://management.azure.com/subscriptions/69a75bda-882e-44d5-8431-63421204132a/providers/Microsoft.NetApp/locations/westus2/operationResults/3452a8ac-0534-41a3-9c00-1c807ed68eb9?api-version=2022-11-01",
      "RequestMethod": "GET",
      "RequestHeaders": {
        "Authorization": "Sanitized",
        "traceparent": "00-b517aa4f269f5916f7c05d323441d580-7fe3c3c608fc3c5a-00",
        "User-Agent": "azsdk-net-ResourceManager/1.6.0 (.NET 7.0.7; Microsoft Windows 10.0.22621)",
        "x-ms-client-request-id": "406310b32ae8bb985cf759fe7c0c4564",
        "x-ms-return-client-request-id": "true"
      },
      "RequestBody": null,
      "StatusCode": 200,
      "ResponseHeaders": {
        "Cache-Control": "no-cache",
        "Content-Length": "564",
        "Content-Type": "application/json; charset=utf-8",
        "Date": "Fri, 23 Jun 2023 12:51:54 GMT",
        "Expires": "-1",
        "Pragma": "no-cache",
        "Server": "Microsoft-IIS/10.0",
        "Strict-Transport-Security": "max-age=31536000; includeSubDomains",
        "X-Content-Type-Options": "nosniff",
        "x-ms-correlation-request-id": "cea9594e-a015-40c6-9e7c-f9d63b6d840a",
        "x-ms-ratelimit-remaining-subscription-reads": "11723",
        "x-ms-request-id": "7bf380bb-625d-45f5-9207-5acf4b7a0f31",
        "x-ms-routing-request-id": "WESTEUROPE:20230623T125155Z:cea9594e-a015-40c6-9e7c-f9d63b6d840a",
        "X-Powered-By": "ASP.NET"
      },
      "ResponseBody": {
        "id": "/subscriptions/69a75bda-882e-44d5-8431-63421204132a/providers/Microsoft.NetApp/locations/westus2/operationResults/3452a8ac-0534-41a3-9c00-1c807ed68eb9",
        "name": "3452a8ac-0534-41a3-9c00-1c807ed68eb9",
        "status": "Creating",
        "startTime": "2023-06-23T12:48:05.4352147Z",
        "endTime": "0001-01-01T00:00:00Z",
        "percentComplete": 0.0,
        "properties": {
          "resourceName": "/subscriptions/69a75bda-882e-44d5-8431-63421204132a/resourceGroups/testNetAppDotNetSDKRG-8822/providers/Microsoft.NetApp/netAppAccounts/account239/capacityPools/pool1/volumes/volumeName-9421",
          "action": "CREATE"
        }
      }
    },
    {
      "RequestUri": "https://management.azure.com/subscriptions/69a75bda-882e-44d5-8431-63421204132a/providers/Microsoft.NetApp/locations/westus2/operationResults/3452a8ac-0534-41a3-9c00-1c807ed68eb9?api-version=2022-11-01",
      "RequestMethod": "GET",
      "RequestHeaders": {
        "Authorization": "Sanitized",
        "traceparent": "00-b517aa4f269f5916f7c05d323441d580-00a4051221629a1e-00",
        "User-Agent": "azsdk-net-ResourceManager/1.6.0 (.NET 7.0.7; Microsoft Windows 10.0.22621)",
        "x-ms-client-request-id": "5d3299b92eb07f85436af025fd8fe76d",
        "x-ms-return-client-request-id": "true"
      },
      "RequestBody": null,
      "StatusCode": 200,
      "ResponseHeaders": {
        "Cache-Control": "no-cache",
        "Content-Length": "575",
        "Content-Type": "application/json; charset=utf-8",
        "Date": "Fri, 23 Jun 2023 12:52:27 GMT",
        "Expires": "-1",
        "Pragma": "no-cache",
        "Server": "Microsoft-IIS/10.0",
        "Strict-Transport-Security": "max-age=31536000; includeSubDomains",
        "X-Content-Type-Options": "nosniff",
        "x-ms-correlation-request-id": "5265c94b-ad66-45c6-b714-7683e03ec8e8",
        "x-ms-ratelimit-remaining-subscription-reads": "11722",
        "x-ms-request-id": "521a8401-5d0f-44a1-86f5-945a3e20b5b0",
        "x-ms-routing-request-id": "WESTEUROPE:20230623T125227Z:5265c94b-ad66-45c6-b714-7683e03ec8e8",
        "X-Powered-By": "ASP.NET"
      },
      "ResponseBody": {
        "id": "/subscriptions/69a75bda-882e-44d5-8431-63421204132a/providers/Microsoft.NetApp/locations/westus2/operationResults/3452a8ac-0534-41a3-9c00-1c807ed68eb9",
        "name": "3452a8ac-0534-41a3-9c00-1c807ed68eb9",
        "status": "Succeeded",
        "startTime": "2023-06-23T12:48:05.4352147Z",
        "endTime": "2023-06-23T12:52:09.1261071Z",
        "percentComplete": 100.0,
        "properties": {
          "resourceName": "/subscriptions/69a75bda-882e-44d5-8431-63421204132a/resourceGroups/testNetAppDotNetSDKRG-8822/providers/Microsoft.NetApp/netAppAccounts/account239/capacityPools/pool1/volumes/volumeName-9421",
          "action": "CREATE"
        }
      }
    },
    {
      "RequestUri": "https://management.azure.com/subscriptions/69a75bda-882e-44d5-8431-63421204132a/resourceGroups/testNetAppDotNetSDKRG-8822/providers/Microsoft.NetApp/netAppAccounts/account239/capacityPools/pool1/volumes/volumeName-9421?api-version=2022-11-01",
      "RequestMethod": "GET",
      "RequestHeaders": {
        "Authorization": "Sanitized",
        "traceparent": "00-b517aa4f269f5916f7c05d323441d580-218218e171154603-00",
        "User-Agent": "azsdk-net-ResourceManager/1.6.0 (.NET 7.0.7; Microsoft Windows 10.0.22621)",
        "x-ms-client-request-id": "135e0cc1b44c8115432a9c0bb9347ec6",
        "x-ms-return-client-request-id": "true"
      },
      "RequestBody": null,
      "StatusCode": 200,
      "ResponseHeaders": {
        "Cache-Control": "no-cache",
        "Content-Length": "2452",
        "Content-Type": "application/json; charset=utf-8",
        "Date": "Fri, 23 Jun 2023 12:52:27 GMT",
        "ETag": "W/\u0022datetime\u00272023-06-23T12%3A52%3A09.1124789Z\u0027\u0022",
        "Expires": "-1",
        "Pragma": "no-cache",
        "Server": "Microsoft-IIS/10.0",
        "Strict-Transport-Security": "max-age=31536000; includeSubDomains",
        "X-Content-Type-Options": "nosniff",
        "x-ms-correlation-request-id": "21d71534-d2cd-415a-b937-6ce3eb89fed0",
        "x-ms-ratelimit-remaining-subscription-reads": "11721",
        "x-ms-request-id": "ce1b2c18-2af7-46bb-b701-ee124c45c86e",
        "x-ms-routing-request-id": "WESTEUROPE:20230623T125227Z:21d71534-d2cd-415a-b937-6ce3eb89fed0",
        "X-Powered-By": "ASP.NET"
      },
      "ResponseBody": {
        "id": "/subscriptions/69a75bda-882e-44d5-8431-63421204132a/resourceGroups/testNetAppDotNetSDKRG-8822/providers/Microsoft.NetApp/netAppAccounts/account239/capacityPools/pool1/volumes/volumeName-9421",
        "name": "account239/pool1/volumeName-9421",
        "type": "Microsoft.NetApp/netAppAccounts/capacityPools/volumes",
        "etag": "W/\u0022datetime\u00272023-06-23T12%3A52%3A09.1124789Z\u0027\u0022",
        "location": "westus2",
        "tags": {
          "key1": "value1",
          "key2": "value2",
          "CreatedOnDate": "2023-06-23T12:48:03.7966062Z"
        },
        "properties": {
          "fileSystemId": "d7254bdf-785c-39fc-2a11-79c33cf2d667",
          "serviceLevel": "Premium",
          "creationToken": "volumeName-9421",
          "usageThreshold": 107374182400,
          "exportPolicy": {
            "rules": [
              {
                "ruleIndex": 1,
                "unixReadOnly": false,
                "unixReadWrite": true,
                "cifs": false,
                "nfsv3": true,
                "nfsv41": false,
                "allowedClients": "0.0.0.0/0",
                "kerberos5ReadOnly": false,
                "kerberos5ReadWrite": false,
                "kerberos5iReadOnly": false,
                "kerberos5iReadWrite": false,
                "kerberos5pReadOnly": false,
                "kerberos5pReadWrite": false,
                "hasRootAccess": true,
                "chownMode": "Restricted"
              }
            ]
          },
          "protocolTypes": [
            "NFSv3"
          ],
          "baremetalTenantId": "baremetalTenant_svm_8f82c7b40509489d9e97d719b9b955b4_7dae478e",
          "subnetId": "/subscriptions/69a75bda-882e-44d5-8431-63421204132a/resourceGroups/testNetAppDotNetSDKRG-8822/providers/Microsoft.Network/virtualNetworks/vnet-3938/subnets/default",
          "networkFeatures": "Basic",
          "networkSiblingSetId": "4f2d726e-659a-50bf-6c05-cf945b861856",
          "storageToNetworkProximity": "Default",
          "snapshotDirectoryVisible": true,
          "kerberosEnabled": false,
          "securityStyle": "Unix",
          "smbEncryption": false,
          "smbContinuouslyAvailable": false,
          "encryptionKeySource": "Microsoft.NetApp",
          "ldapEnabled": false,
          "unixPermissions": "0770",
          "mountTargets": [
            {
              "mountTargetId": "d7254bdf-785c-39fc-2a11-79c33cf2d667",
              "fileSystemId": "d7254bdf-785c-39fc-2a11-79c33cf2d667",
              "ipAddress": "10.0.1.4"
            }
          ],
          "throughputMibps": 0.0,
          "coolAccess": false,
          "avsDataStore": "Disabled",
          "isDefaultQuotaEnabled": false,
          "defaultUserQuotaInKiBs": 0,
          "defaultGroupQuotaInKiBs": 0,
          "enableSubvolumes": "Disabled",
          "maximumNumberOfFiles": 100000000,
          "smbNonBrowsable": "Disabled",
          "smbAccessBasedEnumeration": "Disabled",
          "isLargeVolume": false,
          "provisionedAvailabilityZone": "2",
          "actualThroughputMibps": 6.25,
          "provisioningState": "Succeeded"
        },
        "systemData": {
          "createdBy": "c6c4faba-2b22-44d9-80a4-71ff5b71f811",
          "createdByType": "Application",
          "createdAt": "2023-06-23T12:48:05.072036Z",
          "lastModifiedBy": "c6c4faba-2b22-44d9-80a4-71ff5b71f811",
          "lastModifiedByType": "Application",
          "lastModifiedAt": "2023-06-23T12:48:05.072036Z"
        }
      }
    },
    {
      "RequestUri": "https://management.azure.com/subscriptions/69a75bda-882e-44d5-8431-63421204132a/resourceGroups/testNetAppDotNetSDKRG-8822/providers/Microsoft.NetApp/netAppAccounts/account239/capacityPools/pool1/volumes/volumeName-9421/snapshots/snapshot-6956?api-version=2022-11-01",
      "RequestMethod": "PUT",
      "RequestHeaders": {
        "Accept": "application/json",
        "Authorization": "Sanitized",
        "Content-Length": "38",
        "Content-Type": "application/json",
        "traceparent": "00-a3524a078cf53071b2e74bcd4f357e73-af14fcb8107cd9d9-00",
        "User-Agent": "azsdk-net-ResourceManager.NetApp/1.2.0-alpha.20230619.1 (.NET 7.0.7; Microsoft Windows 10.0.22621)",
        "x-ms-client-request-id": "db1ae8821cda858b8be4fd7e3972becc",
        "x-ms-return-client-request-id": "true"
      },
      "RequestBody": {
        "location": "westus2",
        "properties": {}
      },
      "StatusCode": 201,
      "ResponseHeaders": {
        "Azure-AsyncOperation": "https://management.azure.com/subscriptions/69a75bda-882e-44d5-8431-63421204132a/providers/Microsoft.NetApp/locations/westus2/operationResults/50df2ccf-35c1-48d8-a298-921f6b42da60?api-version=2022-11-01",
        "Cache-Control": "no-cache",
        "Content-Length": "419",
        "Content-Type": "application/json; charset=utf-8",
        "Date": "Fri, 23 Jun 2023 12:52:27 GMT",
        "Expires": "-1",
        "Location": "https://management.azure.com/subscriptions/69a75bda-882e-44d5-8431-63421204132a/providers/Microsoft.NetApp/locations/westus2/operationResults/50df2ccf-35c1-48d8-a298-921f6b42da60?api-version=2022-11-01\u0026operationResultResponseType=Location",
        "Pragma": "no-cache",
        "Server": "Microsoft-IIS/10.0",
        "Strict-Transport-Security": "max-age=31536000; includeSubDomains",
        "X-Content-Type-Options": "nosniff",
        "x-ms-correlation-request-id": "588a2809-3767-483f-9280-9beb87d6ba80",
        "x-ms-ratelimit-remaining-subscription-writes": "1163",
        "x-ms-request-id": "96f91abe-1b8f-479d-877a-020c4a08325c",
        "x-ms-routing-request-id": "WESTEUROPE:20230623T125228Z:588a2809-3767-483f-9280-9beb87d6ba80",
        "X-Powered-By": "ASP.NET"
      },
      "ResponseBody": {
        "id": "/subscriptions/69a75bda-882e-44d5-8431-63421204132a/resourceGroups/testNetAppDotNetSDKRG-8822/providers/Microsoft.NetApp/netAppAccounts/account239/capacityPools/pool1/volumes/volumeName-9421/snapshots/snapshot-6956",
        "name": "account239/pool1/volumeName-9421/snapshot-6956",
        "type": "Microsoft.NetApp/netAppAccounts/capacityPools/volumes/snapshots",
        "location": "westus2",
        "properties": {
          "provisioningState": "Creating"
        }
      }
    },
    {
      "RequestUri": "https://management.azure.com/subscriptions/69a75bda-882e-44d5-8431-63421204132a/providers/Microsoft.NetApp/locations/westus2/operationResults/50df2ccf-35c1-48d8-a298-921f6b42da60?api-version=2022-11-01",
      "RequestMethod": "GET",
      "RequestHeaders": {
        "Authorization": "Sanitized",
        "traceparent": "00-a3524a078cf53071b2e74bcd4f357e73-460ef6d60a03c3c6-00",
        "User-Agent": "azsdk-net-ResourceManager/1.6.0 (.NET 7.0.7; Microsoft Windows 10.0.22621)",
        "x-ms-client-request-id": "14a22aeb0b75a49280d98868b69748d0",
        "x-ms-return-client-request-id": "true"
      },
      "RequestBody": null,
      "StatusCode": 200,
      "ResponseHeaders": {
        "Cache-Control": "no-cache",
        "Content-Length": "588",
        "Content-Type": "application/json; charset=utf-8",
        "Date": "Fri, 23 Jun 2023 12:52:28 GMT",
        "Expires": "-1",
        "Pragma": "no-cache",
        "Server": "Microsoft-IIS/10.0",
        "Strict-Transport-Security": "max-age=31536000; includeSubDomains",
        "X-Content-Type-Options": "nosniff",
        "x-ms-correlation-request-id": "aa253407-f01f-4b16-abba-b0d63a81229e",
        "x-ms-ratelimit-remaining-subscription-reads": "11720",
        "x-ms-request-id": "ee121904-b910-41b7-be83-4bef582c3899",
        "x-ms-routing-request-id": "WESTEUROPE:20230623T125228Z:aa253407-f01f-4b16-abba-b0d63a81229e",
        "X-Powered-By": "ASP.NET"
      },
      "ResponseBody": {
        "id": "/subscriptions/69a75bda-882e-44d5-8431-63421204132a/providers/Microsoft.NetApp/locations/westus2/operationResults/50df2ccf-35c1-48d8-a298-921f6b42da60",
        "name": "50df2ccf-35c1-48d8-a298-921f6b42da60",
        "status": "Creating",
        "startTime": "2023-06-23T12:52:28.2706369Z",
        "endTime": "0001-01-01T00:00:00Z",
        "percentComplete": 0.0,
        "properties": {
          "resourceName": "/subscriptions/69a75bda-882e-44d5-8431-63421204132a/resourceGroups/testNetAppDotNetSDKRG-8822/providers/Microsoft.NetApp/netAppAccounts/account239/capacityPools/pool1/volumes/volumeName-9421/snapshots/snapshot-6956",
          "action": "CREATE"
        }
      }
    },
    {
      "RequestUri": "https://management.azure.com/subscriptions/69a75bda-882e-44d5-8431-63421204132a/providers/Microsoft.NetApp/locations/westus2/operationResults/50df2ccf-35c1-48d8-a298-921f6b42da60?api-version=2022-11-01",
      "RequestMethod": "GET",
      "RequestHeaders": {
        "Authorization": "Sanitized",
        "traceparent": "00-a3524a078cf53071b2e74bcd4f357e73-f716a8d3f225bac2-00",
        "User-Agent": "azsdk-net-ResourceManager/1.6.0 (.NET 7.0.7; Microsoft Windows 10.0.22621)",
        "x-ms-client-request-id": "cdfbd06b0ef65018d015572a0205f411",
        "x-ms-return-client-request-id": "true"
      },
      "RequestBody": null,
      "StatusCode": 200,
      "ResponseHeaders": {
        "Cache-Control": "no-cache",
        "Content-Length": "588",
        "Content-Type": "application/json; charset=utf-8",
        "Date": "Fri, 23 Jun 2023 12:52:29 GMT",
        "Expires": "-1",
        "Pragma": "no-cache",
        "Server": "Microsoft-IIS/10.0",
        "Strict-Transport-Security": "max-age=31536000; includeSubDomains",
        "X-Content-Type-Options": "nosniff",
        "x-ms-correlation-request-id": "2ce1fee0-0733-4431-b629-ab2f7d83bd70",
        "x-ms-ratelimit-remaining-subscription-reads": "11719",
        "x-ms-request-id": "c6b052a5-5f42-466e-a684-2eddb1dbf211",
        "x-ms-routing-request-id": "WESTEUROPE:20230623T125229Z:2ce1fee0-0733-4431-b629-ab2f7d83bd70",
        "X-Powered-By": "ASP.NET"
      },
      "ResponseBody": {
        "id": "/subscriptions/69a75bda-882e-44d5-8431-63421204132a/providers/Microsoft.NetApp/locations/westus2/operationResults/50df2ccf-35c1-48d8-a298-921f6b42da60",
        "name": "50df2ccf-35c1-48d8-a298-921f6b42da60",
        "status": "Creating",
        "startTime": "2023-06-23T12:52:28.2706369Z",
        "endTime": "0001-01-01T00:00:00Z",
        "percentComplete": 0.0,
        "properties": {
          "resourceName": "/subscriptions/69a75bda-882e-44d5-8431-63421204132a/resourceGroups/testNetAppDotNetSDKRG-8822/providers/Microsoft.NetApp/netAppAccounts/account239/capacityPools/pool1/volumes/volumeName-9421/snapshots/snapshot-6956",
          "action": "CREATE"
        }
      }
    },
    {
      "RequestUri": "https://management.azure.com/subscriptions/69a75bda-882e-44d5-8431-63421204132a/providers/Microsoft.NetApp/locations/westus2/operationResults/50df2ccf-35c1-48d8-a298-921f6b42da60?api-version=2022-11-01",
      "RequestMethod": "GET",
      "RequestHeaders": {
        "Authorization": "Sanitized",
        "traceparent": "00-a3524a078cf53071b2e74bcd4f357e73-92b5272d31b5b214-00",
        "User-Agent": "azsdk-net-ResourceManager/1.6.0 (.NET 7.0.7; Microsoft Windows 10.0.22621)",
        "x-ms-client-request-id": "0e93ee1eaad005575998f0d4aaaf4eed",
        "x-ms-return-client-request-id": "true"
      },
      "RequestBody": null,
      "StatusCode": 200,
      "ResponseHeaders": {
        "Cache-Control": "no-cache",
        "Content-Length": "588",
        "Content-Type": "application/json; charset=utf-8",
        "Date": "Fri, 23 Jun 2023 12:52:30 GMT",
        "Expires": "-1",
        "Pragma": "no-cache",
        "Server": "Microsoft-IIS/10.0",
        "Strict-Transport-Security": "max-age=31536000; includeSubDomains",
        "X-Content-Type-Options": "nosniff",
        "x-ms-correlation-request-id": "b0e3eee0-0771-458d-b412-e7da18e1a506",
        "x-ms-ratelimit-remaining-subscription-reads": "11718",
        "x-ms-request-id": "9715b333-eb33-4860-b933-6b5e10d48222",
        "x-ms-routing-request-id": "WESTEUROPE:20230623T125231Z:b0e3eee0-0771-458d-b412-e7da18e1a506",
        "X-Powered-By": "ASP.NET"
      },
      "ResponseBody": {
        "id": "/subscriptions/69a75bda-882e-44d5-8431-63421204132a/providers/Microsoft.NetApp/locations/westus2/operationResults/50df2ccf-35c1-48d8-a298-921f6b42da60",
        "name": "50df2ccf-35c1-48d8-a298-921f6b42da60",
        "status": "Creating",
        "startTime": "2023-06-23T12:52:28.2706369Z",
        "endTime": "0001-01-01T00:00:00Z",
        "percentComplete": 0.0,
        "properties": {
          "resourceName": "/subscriptions/69a75bda-882e-44d5-8431-63421204132a/resourceGroups/testNetAppDotNetSDKRG-8822/providers/Microsoft.NetApp/netAppAccounts/account239/capacityPools/pool1/volumes/volumeName-9421/snapshots/snapshot-6956",
          "action": "CREATE"
        }
      }
    },
    {
      "RequestUri": "https://management.azure.com/subscriptions/69a75bda-882e-44d5-8431-63421204132a/providers/Microsoft.NetApp/locations/westus2/operationResults/50df2ccf-35c1-48d8-a298-921f6b42da60?api-version=2022-11-01",
      "RequestMethod": "GET",
      "RequestHeaders": {
        "Authorization": "Sanitized",
        "traceparent": "00-a3524a078cf53071b2e74bcd4f357e73-5bf6717b42c130f2-00",
        "User-Agent": "azsdk-net-ResourceManager/1.6.0 (.NET 7.0.7; Microsoft Windows 10.0.22621)",
        "x-ms-client-request-id": "c01a4a67f77edc171252435fb368a27a",
        "x-ms-return-client-request-id": "true"
      },
      "RequestBody": null,
      "StatusCode": 200,
      "ResponseHeaders": {
        "Cache-Control": "no-cache",
        "Content-Length": "599",
        "Content-Type": "application/json; charset=utf-8",
        "Date": "Fri, 23 Jun 2023 12:52:31 GMT",
        "Expires": "-1",
        "Pragma": "no-cache",
        "Server": "Microsoft-IIS/10.0",
        "Strict-Transport-Security": "max-age=31536000; includeSubDomains",
        "X-Content-Type-Options": "nosniff",
        "x-ms-correlation-request-id": "2d5ca41b-5c68-4dbc-9431-204a9772672a",
        "x-ms-ratelimit-remaining-subscription-reads": "11717",
        "x-ms-request-id": "f817c655-698b-47bd-94a4-15d21b90271c",
        "x-ms-routing-request-id": "WESTEUROPE:20230623T125232Z:2d5ca41b-5c68-4dbc-9431-204a9772672a",
        "X-Powered-By": "ASP.NET"
      },
      "ResponseBody": {
        "id": "/subscriptions/69a75bda-882e-44d5-8431-63421204132a/providers/Microsoft.NetApp/locations/westus2/operationResults/50df2ccf-35c1-48d8-a298-921f6b42da60",
        "name": "50df2ccf-35c1-48d8-a298-921f6b42da60",
        "status": "Succeeded",
        "startTime": "2023-06-23T12:52:28.2706369Z",
        "endTime": "2023-06-23T12:52:31.1271777Z",
        "percentComplete": 100.0,
        "properties": {
          "resourceName": "/subscriptions/69a75bda-882e-44d5-8431-63421204132a/resourceGroups/testNetAppDotNetSDKRG-8822/providers/Microsoft.NetApp/netAppAccounts/account239/capacityPools/pool1/volumes/volumeName-9421/snapshots/snapshot-6956",
          "action": "CREATE"
        }
      }
    },
    {
      "RequestUri": "https://management.azure.com/subscriptions/69a75bda-882e-44d5-8431-63421204132a/resourceGroups/testNetAppDotNetSDKRG-8822/providers/Microsoft.NetApp/netAppAccounts/account239/capacityPools/pool1/volumes/volumeName-9421/snapshots/snapshot-6956?api-version=2022-11-01",
      "RequestMethod": "GET",
      "RequestHeaders": {
        "Authorization": "Sanitized",
        "traceparent": "00-a3524a078cf53071b2e74bcd4f357e73-023d4865bf30f64e-00",
        "User-Agent": "azsdk-net-ResourceManager/1.6.0 (.NET 7.0.7; Microsoft Windows 10.0.22621)",
        "x-ms-client-request-id": "c74976e53a04c1ff79f5745e1e44a621",
        "x-ms-return-client-request-id": "true"
      },
      "RequestBody": null,
      "StatusCode": 200,
      "ResponseHeaders": {
        "Cache-Control": "no-cache",
        "Content-Length": "509",
        "Content-Type": "application/json; charset=utf-8",
        "Date": "Fri, 23 Jun 2023 12:52:32 GMT",
        "Expires": "-1",
        "Pragma": "no-cache",
        "Server": "Microsoft-IIS/10.0",
        "Strict-Transport-Security": "max-age=31536000; includeSubDomains",
        "X-Content-Type-Options": "nosniff",
        "x-ms-correlation-request-id": "4573d919-2f0b-4af6-9d93-57d8edd6bfaf",
        "x-ms-ratelimit-remaining-subscription-reads": "11716",
        "x-ms-request-id": "c152e8b0-485b-4859-8647-da833d32fac3",
        "x-ms-routing-request-id": "WESTEUROPE:20230623T125232Z:4573d919-2f0b-4af6-9d93-57d8edd6bfaf",
        "X-Powered-By": "ASP.NET"
      },
      "ResponseBody": {
        "id": "/subscriptions/69a75bda-882e-44d5-8431-63421204132a/resourceGroups/testNetAppDotNetSDKRG-8822/providers/Microsoft.NetApp/netAppAccounts/account239/capacityPools/pool1/volumes/volumeName-9421/snapshots/snapshot-6956",
        "name": "account239/pool1/volumeName-9421/snapshot-6956",
        "type": "Microsoft.NetApp/netAppAccounts/capacityPools/volumes/snapshots",
        "location": "westus2",
        "properties": {
          "provisioningState": "Succeeded",
          "snapshotId": "3fa8604c-0bfc-6372-ee9a-a77352a9a1d4",
          "created": "2023-06-23T12:52:28.605Z"
        }
      }
    },
    {
      "RequestUri": "https://management.azure.com/subscriptions/69a75bda-882e-44d5-8431-63421204132a/resourceGroups/testNetAppDotNetSDKRG-8822/providers/Microsoft.NetApp/netAppAccounts/account239/capacityPools/pool1/volumes/volumeName-9421/snapshots/snapshot-6956?api-version=2022-11-01",
      "RequestMethod": "GET",
      "RequestHeaders": {
        "Accept": "application/json",
        "Authorization": "Sanitized",
        "traceparent": "00-4e58404db015ee3e5787f0ca090c0864-07aa615ce8f31671-00",
        "User-Agent": "azsdk-net-ResourceManager.NetApp/1.2.0-alpha.20230619.1 (.NET 7.0.7; Microsoft Windows 10.0.22621)",
        "x-ms-client-request-id": "b7c26ac633eb2793d6b6fc7d66f751f1",
        "x-ms-return-client-request-id": "true"
      },
      "RequestBody": null,
      "StatusCode": 200,
      "ResponseHeaders": {
        "Cache-Control": "no-cache",
        "Content-Length": "509",
        "Content-Type": "application/json; charset=utf-8",
        "Date": "Fri, 23 Jun 2023 12:52:32 GMT",
        "Expires": "-1",
        "Pragma": "no-cache",
        "Server": "Microsoft-IIS/10.0",
        "Strict-Transport-Security": "max-age=31536000; includeSubDomains",
        "X-Content-Type-Options": "nosniff",
        "x-ms-correlation-request-id": "0ab7ba13-b482-49ca-933f-0ce3bc0e2386",
        "x-ms-ratelimit-remaining-subscription-reads": "11715",
        "x-ms-request-id": "a4a302c3-d79f-4453-bc5a-685f12be16e1",
        "x-ms-routing-request-id": "WESTEUROPE:20230623T125233Z:0ab7ba13-b482-49ca-933f-0ce3bc0e2386",
        "X-Powered-By": "ASP.NET"
      },
      "ResponseBody": {
        "id": "/subscriptions/69a75bda-882e-44d5-8431-63421204132a/resourceGroups/testNetAppDotNetSDKRG-8822/providers/Microsoft.NetApp/netAppAccounts/account239/capacityPools/pool1/volumes/volumeName-9421/snapshots/snapshot-6956",
        "name": "account239/pool1/volumeName-9421/snapshot-6956",
        "type": "Microsoft.NetApp/netAppAccounts/capacityPools/volumes/snapshots",
        "location": "westus2",
        "properties": {
          "provisioningState": "Succeeded",
          "snapshotId": "3fa8604c-0bfc-6372-ee9a-a77352a9a1d4",
          "created": "2023-06-23T12:52:28.605Z"
        }
      }
    },
    {
      "RequestUri": "https://management.azure.com/subscriptions/69a75bda-882e-44d5-8431-63421204132a/resourceGroups/testNetAppDotNetSDKRG-8822/providers/Microsoft.NetApp/netAppAccounts/account239/capacityPools/pool1/volumes/volumeName-9421/snapshots/snapshot-69561?api-version=2022-11-01",
      "RequestMethod": "GET",
      "RequestHeaders": {
        "Accept": "application/json",
        "Authorization": "Sanitized",
        "traceparent": "00-ef05e1b5b110255f7726445da96b8ef4-2112835b8315521d-00",
        "User-Agent": "azsdk-net-ResourceManager.NetApp/1.2.0-alpha.20230619.1 (.NET 7.0.7; Microsoft Windows 10.0.22621)",
        "x-ms-client-request-id": "33ef75f686662de94a58478882b9bece",
        "x-ms-return-client-request-id": "true"
      },
      "RequestBody": null,
      "StatusCode": 404,
      "ResponseHeaders": {
        "Cache-Control": "no-cache",
        "Content-Length": "274",
        "Content-Type": "application/json; charset=utf-8",
        "Date": "Fri, 23 Jun 2023 12:52:33 GMT",
        "Expires": "-1",
        "Pragma": "no-cache",
        "Server": "Microsoft-IIS/10.0",
        "Strict-Transport-Security": "max-age=31536000; includeSubDomains",
        "X-Content-Type-Options": "nosniff",
        "x-ms-correlation-request-id": "dd3b2b1d-9716-4de1-bd28-0f0e7319c08e",
        "x-ms-ratelimit-remaining-subscription-reads": "11714",
        "x-ms-request-id": "33191cfb-a9a5-4977-a8da-cb0204ca73d7",
        "x-ms-routing-request-id": "WESTEUROPE:20230623T125233Z:dd3b2b1d-9716-4de1-bd28-0f0e7319c08e",
        "X-Powered-By": "ASP.NET"
      },
      "ResponseBody": {
        "error": {
          "code": "NotFound",
          "message": "The requested snapshot \u0027snapshot-69561\u0027 was not found on the volume \u0027account239/pool1/volumeName-9421\u0027. Please check the requested snapshot. Please note: The snapshot may no longer be available based on configured snapshot policies."
        }
      }
    },
    {
      "RequestUri": "https://management.azure.com/subscriptions/69a75bda-882e-44d5-8431-63421204132a/resourceGroups/testNetAppDotNetSDKRG-8822/providers/Microsoft.NetApp/netAppAccounts/account239/capacityPools/pool1/volumes/volumeName-9421/snapshots/snapshot-6956?api-version=2022-11-01",
      "RequestMethod": "GET",
      "RequestHeaders": {
        "Accept": "application/json",
        "Authorization": "Sanitized",
        "traceparent": "00-765d25733c12c80f3d886dec5ccdf0e4-3b50bdc55dbcf3e0-00",
        "User-Agent": "azsdk-net-ResourceManager.NetApp/1.2.0-alpha.20230619.1 (.NET 7.0.7; Microsoft Windows 10.0.22621)",
        "x-ms-client-request-id": "499822abeaa5b18fe221f14d3e825b81",
        "x-ms-return-client-request-id": "true"
      },
      "RequestBody": null,
      "StatusCode": 200,
      "ResponseHeaders": {
        "Cache-Control": "no-cache",
        "Content-Length": "509",
        "Content-Type": "application/json; charset=utf-8",
        "Date": "Fri, 23 Jun 2023 12:52:33 GMT",
        "Expires": "-1",
        "Pragma": "no-cache",
        "Server": "Microsoft-IIS/10.0",
        "Strict-Transport-Security": "max-age=31536000; includeSubDomains",
        "X-Content-Type-Options": "nosniff",
        "x-ms-correlation-request-id": "42dd0b58-8448-43c6-af06-96b954cf83fe",
        "x-ms-ratelimit-remaining-subscription-reads": "11713",
        "x-ms-request-id": "06c2f599-7564-4acf-a2ab-41a01dbb2d8d",
        "x-ms-routing-request-id": "WESTEUROPE:20230623T125234Z:42dd0b58-8448-43c6-af06-96b954cf83fe",
        "X-Powered-By": "ASP.NET"
      },
      "ResponseBody": {
        "id": "/subscriptions/69a75bda-882e-44d5-8431-63421204132a/resourceGroups/testNetAppDotNetSDKRG-8822/providers/Microsoft.NetApp/netAppAccounts/account239/capacityPools/pool1/volumes/volumeName-9421/snapshots/snapshot-6956",
        "name": "account239/pool1/volumeName-9421/snapshot-6956",
        "type": "Microsoft.NetApp/netAppAccounts/capacityPools/volumes/snapshots",
        "location": "westus2",
        "properties": {
          "provisioningState": "Succeeded",
          "snapshotId": "3fa8604c-0bfc-6372-ee9a-a77352a9a1d4",
          "created": "2023-06-23T12:52:28.605Z"
        }
      }
    },
    {
      "RequestUri": "https://management.azure.com/subscriptions/69a75bda-882e-44d5-8431-63421204132a/resourceGroups/testNetAppDotNetSDKRG-8822/providers/Microsoft.NetApp/netAppAccounts/account239/capacityPools/pool1/volumes/volumeName-9421/snapshots/snapshot-69561?api-version=2022-11-01",
      "RequestMethod": "GET",
      "RequestHeaders": {
        "Accept": "application/json",
        "Authorization": "Sanitized",
        "traceparent": "00-2e43586a50d1114ed58083f99df0b875-d03ba4b9521b56c3-00",
        "User-Agent": "azsdk-net-ResourceManager.NetApp/1.2.0-alpha.20230619.1 (.NET 7.0.7; Microsoft Windows 10.0.22621)",
        "x-ms-client-request-id": "a86783a472543fba81946d93eb0ba41d",
        "x-ms-return-client-request-id": "true"
      },
      "RequestBody": null,
      "StatusCode": 404,
      "ResponseHeaders": {
        "Cache-Control": "no-cache",
        "Content-Length": "274",
        "Content-Type": "application/json; charset=utf-8",
        "Date": "Fri, 23 Jun 2023 12:52:33 GMT",
        "Expires": "-1",
        "Pragma": "no-cache",
        "Server": "Microsoft-IIS/10.0",
        "Strict-Transport-Security": "max-age=31536000; includeSubDomains",
        "X-Content-Type-Options": "nosniff",
        "x-ms-correlation-request-id": "fde75f53-20d7-4e45-9fd8-d1a20ea0c871",
        "x-ms-ratelimit-remaining-subscription-reads": "11712",
        "x-ms-request-id": "5285b095-358a-4a0a-9e98-1b91289013b3",
        "x-ms-routing-request-id": "WESTEUROPE:20230623T125234Z:fde75f53-20d7-4e45-9fd8-d1a20ea0c871",
        "X-Powered-By": "ASP.NET"
      },
      "ResponseBody": {
        "error": {
          "code": "NotFound",
          "message": "The requested snapshot \u0027snapshot-69561\u0027 was not found on the volume \u0027account239/pool1/volumeName-9421\u0027. Please check the requested snapshot. Please note: The snapshot may no longer be available based on configured snapshot policies."
        }
      }
    },
    {
      "RequestUri": "https://management.azure.com/subscriptions/69a75bda-882e-44d5-8431-63421204132a/resourceGroups/testNetAppDotNetSDKRG-8822/providers/Microsoft.NetApp/netAppAccounts/account239/capacityPools/pool1/volumes/volumeName-9421/snapshots/snapshot-6956?api-version=2022-11-01",
      "RequestMethod": "DELETE",
      "RequestHeaders": {
        "Authorization": "Sanitized",
        "traceparent": "00-95bb984d8c3d9ebfe67e6523ede115a9-cc64d51efbc9a925-00",
        "User-Agent": "azsdk-net-ResourceManager.NetApp/1.2.0-alpha.20230619.1 (.NET 7.0.7; Microsoft Windows 10.0.22621)",
        "x-ms-client-request-id": "43d12df7085f0c4be63d5144959befc8",
        "x-ms-return-client-request-id": "true"
      },
      "RequestBody": null,
      "StatusCode": 202,
      "ResponseHeaders": {
        "Azure-AsyncOperation": "https://management.azure.com/subscriptions/69a75bda-882e-44d5-8431-63421204132a/providers/Microsoft.NetApp/locations/westus2/operationResults/355191c5-1902-424f-8c9c-338ce1669e55?api-version=2022-11-01",
        "Cache-Control": "no-cache",
        "Content-Length": "0",
        "Date": "Fri, 23 Jun 2023 12:52:34 GMT",
        "Expires": "-1",
        "Location": "https://management.azure.com/subscriptions/69a75bda-882e-44d5-8431-63421204132a/providers/Microsoft.NetApp/locations/westus2/operationResults/355191c5-1902-424f-8c9c-338ce1669e55?api-version=2022-11-01\u0026operationResultResponseType=Location",
        "Pragma": "no-cache",
        "Server": "Microsoft-IIS/10.0",
        "Strict-Transport-Security": "max-age=31536000; includeSubDomains",
        "X-Content-Type-Options": "nosniff",
        "x-ms-correlation-request-id": "f58138e9-3d65-4fac-af06-bb96e4b07e99",
        "x-ms-ratelimit-remaining-subscription-deletes": "14980",
        "x-ms-request-id": "068373db-84ed-4e0a-8a1e-a68264f1e6fe",
        "x-ms-routing-request-id": "WESTEUROPE:20230623T125235Z:f58138e9-3d65-4fac-af06-bb96e4b07e99",
        "X-Powered-By": "ASP.NET"
      },
      "ResponseBody": null
    },
    {
      "RequestUri": "https://management.azure.com/subscriptions/69a75bda-882e-44d5-8431-63421204132a/providers/Microsoft.NetApp/locations/westus2/operationResults/355191c5-1902-424f-8c9c-338ce1669e55?api-version=2022-11-01",
      "RequestMethod": "GET",
      "RequestHeaders": {
        "Authorization": "Sanitized",
        "traceparent": "00-95bb984d8c3d9ebfe67e6523ede115a9-36423b51f172c94f-00",
        "User-Agent": "azsdk-net-ResourceManager/1.6.0 (.NET 7.0.7; Microsoft Windows 10.0.22621)",
        "x-ms-client-request-id": "1056d37d17b09b21375bc2172175aae6",
        "x-ms-return-client-request-id": "true"
      },
      "RequestBody": null,
      "StatusCode": 200,
      "ResponseHeaders": {
        "Cache-Control": "no-cache",
        "Content-Length": "588",
        "Content-Type": "application/json; charset=utf-8",
        "Date": "Fri, 23 Jun 2023 12:52:34 GMT",
        "Expires": "-1",
        "Pragma": "no-cache",
        "Server": "Microsoft-IIS/10.0",
        "Strict-Transport-Security": "max-age=31536000; includeSubDomains",
        "X-Content-Type-Options": "nosniff",
        "x-ms-correlation-request-id": "76b325ea-94c1-4b15-9b77-bfe21422c3dc",
        "x-ms-ratelimit-remaining-subscription-reads": "11711",
        "x-ms-request-id": "c172d025-e18c-49f0-8412-8174e155f74e",
        "x-ms-routing-request-id": "WESTEUROPE:20230623T125235Z:76b325ea-94c1-4b15-9b77-bfe21422c3dc",
        "X-Powered-By": "ASP.NET"
      },
      "ResponseBody": {
        "id": "/subscriptions/69a75bda-882e-44d5-8431-63421204132a/providers/Microsoft.NetApp/locations/westus2/operationResults/355191c5-1902-424f-8c9c-338ce1669e55",
        "name": "355191c5-1902-424f-8c9c-338ce1669e55",
        "status": "Deleting",
        "startTime": "2023-06-23T12:52:34.9017792Z",
        "endTime": "0001-01-01T00:00:00Z",
        "percentComplete": 0.0,
        "properties": {
          "resourceName": "/subscriptions/69a75bda-882e-44d5-8431-63421204132a/resourceGroups/testNetAppDotNetSDKRG-8822/providers/Microsoft.NetApp/netAppAccounts/account239/capacityPools/pool1/volumes/volumeName-9421/snapshots/snapshot-6956",
          "action": "DELETE"
        }
      }
    },
    {
      "RequestUri": "https://management.azure.com/subscriptions/69a75bda-882e-44d5-8431-63421204132a/providers/Microsoft.NetApp/locations/westus2/operationResults/355191c5-1902-424f-8c9c-338ce1669e55?api-version=2022-11-01",
      "RequestMethod": "GET",
      "RequestHeaders": {
        "Authorization": "Sanitized",
        "traceparent": "00-95bb984d8c3d9ebfe67e6523ede115a9-defe9e238819317e-00",
        "User-Agent": "azsdk-net-ResourceManager/1.6.0 (.NET 7.0.7; Microsoft Windows 10.0.22621)",
        "x-ms-client-request-id": "2495a5a4a427e1cab498dc06413a8fea",
        "x-ms-return-client-request-id": "true"
      },
      "RequestBody": null,
      "StatusCode": 200,
      "ResponseHeaders": {
        "Cache-Control": "no-cache",
        "Content-Length": "588",
        "Content-Type": "application/json; charset=utf-8",
        "Date": "Fri, 23 Jun 2023 12:52:35 GMT",
        "Expires": "-1",
        "Pragma": "no-cache",
        "Server": "Microsoft-IIS/10.0",
        "Strict-Transport-Security": "max-age=31536000; includeSubDomains",
        "X-Content-Type-Options": "nosniff",
        "x-ms-correlation-request-id": "64d4a462-2100-470c-a378-a69080aba5da",
        "x-ms-ratelimit-remaining-subscription-reads": "11710",
        "x-ms-request-id": "7db1770e-b30b-488e-9124-045a8026a17a",
        "x-ms-routing-request-id": "WESTEUROPE:20230623T125236Z:64d4a462-2100-470c-a378-a69080aba5da",
        "X-Powered-By": "ASP.NET"
      },
      "ResponseBody": {
        "id": "/subscriptions/69a75bda-882e-44d5-8431-63421204132a/providers/Microsoft.NetApp/locations/westus2/operationResults/355191c5-1902-424f-8c9c-338ce1669e55",
        "name": "355191c5-1902-424f-8c9c-338ce1669e55",
        "status": "Deleting",
        "startTime": "2023-06-23T12:52:34.9017792Z",
        "endTime": "0001-01-01T00:00:00Z",
        "percentComplete": 0.0,
        "properties": {
          "resourceName": "/subscriptions/69a75bda-882e-44d5-8431-63421204132a/resourceGroups/testNetAppDotNetSDKRG-8822/providers/Microsoft.NetApp/netAppAccounts/account239/capacityPools/pool1/volumes/volumeName-9421/snapshots/snapshot-6956",
          "action": "DELETE"
        }
      }
    },
    {
      "RequestUri": "https://management.azure.com/subscriptions/69a75bda-882e-44d5-8431-63421204132a/providers/Microsoft.NetApp/locations/westus2/operationResults/355191c5-1902-424f-8c9c-338ce1669e55?api-version=2022-11-01",
      "RequestMethod": "GET",
      "RequestHeaders": {
        "Authorization": "Sanitized",
        "traceparent": "00-95bb984d8c3d9ebfe67e6523ede115a9-a3ac9c1572849076-00",
        "User-Agent": "azsdk-net-ResourceManager/1.6.0 (.NET 7.0.7; Microsoft Windows 10.0.22621)",
        "x-ms-client-request-id": "c1c77a76df44e617a448c8f6536218f1",
        "x-ms-return-client-request-id": "true"
      },
      "RequestBody": null,
      "StatusCode": 200,
      "ResponseHeaders": {
        "Cache-Control": "no-cache",
        "Content-Length": "599",
        "Content-Type": "application/json; charset=utf-8",
        "Date": "Fri, 23 Jun 2023 12:52:37 GMT",
        "Expires": "-1",
        "Pragma": "no-cache",
        "Server": "Microsoft-IIS/10.0",
        "Strict-Transport-Security": "max-age=31536000; includeSubDomains",
        "X-Content-Type-Options": "nosniff",
        "x-ms-correlation-request-id": "9024a730-1dc1-4d8e-8835-d84530e3c659",
        "x-ms-ratelimit-remaining-subscription-reads": "11709",
        "x-ms-request-id": "0644c747-a0f6-4348-a28e-1642797c1c9f",
        "x-ms-routing-request-id": "WESTEUROPE:20230623T125237Z:9024a730-1dc1-4d8e-8835-d84530e3c659",
        "X-Powered-By": "ASP.NET"
      },
      "ResponseBody": {
        "id": "/subscriptions/69a75bda-882e-44d5-8431-63421204132a/providers/Microsoft.NetApp/locations/westus2/operationResults/355191c5-1902-424f-8c9c-338ce1669e55",
        "name": "355191c5-1902-424f-8c9c-338ce1669e55",
        "status": "Succeeded",
        "startTime": "2023-06-23T12:52:34.9017792Z",
        "endTime": "2023-06-23T12:52:36.8426954Z",
        "percentComplete": 100.0,
        "properties": {
          "resourceName": "/subscriptions/69a75bda-882e-44d5-8431-63421204132a/resourceGroups/testNetAppDotNetSDKRG-8822/providers/Microsoft.NetApp/netAppAccounts/account239/capacityPools/pool1/volumes/volumeName-9421/snapshots/snapshot-6956",
          "action": "DELETE"
        }
      }
    },
    {
      "RequestUri": "https://management.azure.com/subscriptions/69a75bda-882e-44d5-8431-63421204132a/resourceGroups/testNetAppDotNetSDKRG-8822/providers/Microsoft.NetApp/netAppAccounts/account239/capacityPools/pool1/volumes/volumeName-9421/snapshots/snapshot-6956?api-version=2022-11-01",
      "RequestMethod": "GET",
      "RequestHeaders": {
        "Accept": "application/json",
        "Authorization": "Sanitized",
        "traceparent": "00-96adda869a91b645fa14316fac6a47ac-b740d5831787d259-00",
        "User-Agent": "azsdk-net-ResourceManager.NetApp/1.2.0-alpha.20230619.1 (.NET 7.0.7; Microsoft Windows 10.0.22621)",
        "x-ms-client-request-id": "d76ce1aea166d8ae09755c183b1b5afd",
        "x-ms-return-client-request-id": "true"
      },
      "RequestBody": null,
      "StatusCode": 404,
      "ResponseHeaders": {
        "Cache-Control": "no-cache",
        "Content-Length": "273",
        "Content-Type": "application/json; charset=utf-8",
        "Date": "Fri, 23 Jun 2023 12:52:37 GMT",
        "Expires": "-1",
        "Pragma": "no-cache",
        "Server": "Microsoft-IIS/10.0",
        "Strict-Transport-Security": "max-age=31536000; includeSubDomains",
        "X-Content-Type-Options": "nosniff",
        "x-ms-correlation-request-id": "285df185-8b6e-482a-9de8-7ea1df57f568",
        "x-ms-ratelimit-remaining-subscription-reads": "11708",
        "x-ms-request-id": "ff2f513d-52f0-410e-b25e-cb90f31407e7",
        "x-ms-routing-request-id": "WESTEUROPE:20230623T125238Z:285df185-8b6e-482a-9de8-7ea1df57f568",
        "X-Powered-By": "ASP.NET"
      },
      "ResponseBody": {
        "error": {
          "code": "NotFound",
          "message": "The requested snapshot \u0027snapshot-6956\u0027 was not found on the volume \u0027account239/pool1/volumeName-9421\u0027. Please check the requested snapshot. Please note: The snapshot may no longer be available based on configured snapshot policies."
        }
      }
    },
    {
      "RequestUri": "https://management.azure.com/subscriptions/69a75bda-882e-44d5-8431-63421204132a/resourceGroups/testNetAppDotNetSDKRG-8822/providers/Microsoft.NetApp/netAppAccounts/account239/capacityPools/pool1/volumes/volumeName-9421/snapshots/snapshot-6956?api-version=2022-11-01",
      "RequestMethod": "GET",
      "RequestHeaders": {
        "Accept": "application/json",
        "Authorization": "Sanitized",
        "traceparent": "00-005c652ce65c0d4739ac101fc36be856-76f3614c8281cf11-00",
        "User-Agent": "azsdk-net-ResourceManager.NetApp/1.2.0-alpha.20230619.1 (.NET 7.0.7; Microsoft Windows 10.0.22621)",
        "x-ms-client-request-id": "a6a0d8cce8aec5a28daf7fdfdcd48d51",
        "x-ms-return-client-request-id": "true"
      },
      "RequestBody": null,
      "StatusCode": 404,
      "ResponseHeaders": {
        "Cache-Control": "no-cache",
        "Content-Length": "273",
        "Content-Type": "application/json; charset=utf-8",
        "Date": "Fri, 23 Jun 2023 12:52:37 GMT",
        "Expires": "-1",
        "Pragma": "no-cache",
        "Server": "Microsoft-IIS/10.0",
        "Strict-Transport-Security": "max-age=31536000; includeSubDomains",
        "X-Content-Type-Options": "nosniff",
        "x-ms-correlation-request-id": "8c1e22af-8cef-4dbd-a4ee-f21cd737bd46",
        "x-ms-ratelimit-remaining-subscription-reads": "11707",
        "x-ms-request-id": "2a8b20d7-a655-4606-a3e4-4f60ee7f2705",
        "x-ms-routing-request-id": "WESTEUROPE:20230623T125238Z:8c1e22af-8cef-4dbd-a4ee-f21cd737bd46",
        "X-Powered-By": "ASP.NET"
      },
      "ResponseBody": {
        "error": {
          "code": "NotFound",
          "message": "The requested snapshot \u0027snapshot-6956\u0027 was not found on the volume \u0027account239/pool1/volumeName-9421\u0027. Please check the requested snapshot. Please note: The snapshot may no longer be available based on configured snapshot policies."
        }
      }
    },
    {
      "RequestUri": "https://management.azure.com/subscriptions/69a75bda-882e-44d5-8431-63421204132a/resourceGroups/testNetAppDotNetSDKRG-8822/providers/Microsoft.NetApp/netAppAccounts/account239/capacityPools/pool1?api-version=2022-11-01",
      "RequestMethod": "GET",
      "RequestHeaders": {
        "Accept": "application/json",
        "Authorization": "Sanitized",
        "traceparent": "00-ea993b8416497e1f1b979b5d799a0c24-89bad69b51bc1c97-00",
        "User-Agent": "azsdk-net-ResourceManager.NetApp/1.2.0-alpha.20230619.1 (.NET 7.0.7; Microsoft Windows 10.0.22621)",
        "x-ms-client-request-id": "5f58ea7fb7cdd483cbefb8ce82ffab89",
        "x-ms-return-client-request-id": "true"
      },
      "RequestBody": null,
      "StatusCode": 200,
      "ResponseHeaders": {
        "Cache-Control": "no-cache",
        "Content-Length": "964",
        "Content-Type": "application/json; charset=utf-8",
        "Date": "Fri, 23 Jun 2023 12:52:38 GMT",
        "ETag": "W/\u0022datetime\u00272023-06-23T12%3A52%3A09.0009691Z\u0027\u0022",
        "Expires": "-1",
        "Pragma": "no-cache",
        "Server": "Microsoft-IIS/10.0",
        "Strict-Transport-Security": "max-age=31536000; includeSubDomains",
        "X-Content-Type-Options": "nosniff",
        "x-ms-correlation-request-id": "b75e7c25-aea9-4a90-a88d-d75b3967b612",
        "x-ms-ratelimit-remaining-subscription-reads": "11706",
        "x-ms-request-id": "91b7f83b-0062-4e72-b915-d65c9cd357d8",
        "x-ms-routing-request-id": "WESTEUROPE:20230623T125238Z:b75e7c25-aea9-4a90-a88d-d75b3967b612",
        "X-Powered-By": "ASP.NET"
      },
      "ResponseBody": {
        "id": "/subscriptions/69a75bda-882e-44d5-8431-63421204132a/resourceGroups/testNetAppDotNetSDKRG-8822/providers/Microsoft.NetApp/netAppAccounts/account239/capacityPools/pool1",
        "name": "account239/pool1",
        "type": "Microsoft.NetApp/netAppAccounts/capacityPools",
        "etag": "W/\u0022datetime\u00272023-06-23T12%3A52%3A09.0009691Z\u0027\u0022",
        "location": "westus2",
        "tags": {
          "key1": "value1",
          "key2": "value2",
          "CreatedOnDate": "2023-06-23T12:47:14.9281807Z"
        },
        "properties": {
          "poolId": "112247cd-ef7d-8777-4680-99391321f69a",
          "serviceLevel": "Premium",
          "size": 4398046511104,
          "qosType": "Auto",
          "totalThroughputMibps": 256.0,
          "utilizedThroughputMibps": 6.25,
          "encryptionType": "Single",
          "coolAccess": false,
          "provisioningState": "Succeeded"
        },
        "systemData": {
          "createdBy": "c6c4faba-2b22-44d9-80a4-71ff5b71f811",
          "createdByType": "Application",
          "createdAt": "2023-06-23T12:47:16.0402628Z",
          "lastModifiedBy": "c6c4faba-2b22-44d9-80a4-71ff5b71f811",
          "lastModifiedByType": "Application",
          "lastModifiedAt": "2023-06-23T12:47:16.0402628Z"
        }
      }
    },
    {
      "RequestUri": "https://management.azure.com/subscriptions/69a75bda-882e-44d5-8431-63421204132a/resourceGroups/testNetAppDotNetSDKRG-8822/providers/Microsoft.NetApp/netAppAccounts/account239/capacityPools?api-version=2022-11-01",
      "RequestMethod": "GET",
      "RequestHeaders": {
        "Accept": "application/json",
        "Authorization": "Sanitized",
        "User-Agent": "azsdk-net-ResourceManager.NetApp/1.2.0-alpha.20230619.1 (.NET 7.0.7; Microsoft Windows 10.0.22621)",
        "x-ms-client-request-id": "7b2acaee72c1c5433fa74ab722cffb34",
        "x-ms-return-client-request-id": "true"
      },
      "RequestBody": null,
      "StatusCode": 200,
      "ResponseHeaders": {
        "Cache-Control": "no-cache",
        "Content-Length": "976",
        "Content-Type": "application/json; charset=utf-8",
        "Date": "Fri, 23 Jun 2023 12:52:38 GMT",
        "Expires": "-1",
        "Pragma": "no-cache",
        "Server": "Microsoft-IIS/10.0",
        "Strict-Transport-Security": "max-age=31536000; includeSubDomains",
        "X-Content-Type-Options": "nosniff",
        "x-ms-correlation-request-id": "4f0fa0c6-d568-455c-ac54-908553ea3f20",
        "x-ms-ratelimit-remaining-subscription-reads": "11705",
        "x-ms-request-id": "39ca6e8e-9ed8-4110-8f8e-be608435f385",
        "x-ms-routing-request-id": "WESTEUROPE:20230623T125239Z:4f0fa0c6-d568-455c-ac54-908553ea3f20",
        "X-Powered-By": "ASP.NET"
      },
      "ResponseBody": {
        "value": [
          {
            "id": "/subscriptions/69a75bda-882e-44d5-8431-63421204132a/resourceGroups/testNetAppDotNetSDKRG-8822/providers/Microsoft.NetApp/netAppAccounts/account239/capacityPools/pool1",
            "name": "account239/pool1",
            "type": "Microsoft.NetApp/netAppAccounts/capacityPools",
            "etag": "W/\u0022datetime\u00272023-06-23T12%3A52%3A09.0009691Z\u0027\u0022",
            "location": "westus2",
            "tags": {
              "key1": "value1",
              "key2": "value2",
              "CreatedOnDate": "2023-06-23T12:47:14.9281807Z"
            },
            "properties": {
              "poolId": "112247cd-ef7d-8777-4680-99391321f69a",
              "serviceLevel": "Premium",
              "size": 4398046511104,
              "qosType": "Auto",
              "totalThroughputMibps": 256.0,
              "utilizedThroughputMibps": 6.25,
              "encryptionType": "Single",
              "coolAccess": false,
              "provisioningState": "Succeeded"
            },
            "systemData": {
              "createdBy": "c6c4faba-2b22-44d9-80a4-71ff5b71f811",
              "createdByType": "Application",
              "createdAt": "2023-06-23T12:47:16.0402628Z",
              "lastModifiedBy": "c6c4faba-2b22-44d9-80a4-71ff5b71f811",
              "lastModifiedByType": "Application",
              "lastModifiedAt": "2023-06-23T12:47:16.0402628Z"
            }
          }
        ]
      }
    },
    {
      "RequestUri": "https://management.azure.com/subscriptions/69a75bda-882e-44d5-8431-63421204132a/resourceGroups/testNetAppDotNetSDKRG-8822/providers/Microsoft.NetApp/netAppAccounts/account239/capacityPools/pool1/volumes?api-version=2022-11-01",
      "RequestMethod": "GET",
      "RequestHeaders": {
        "Accept": "application/json",
        "Authorization": "Sanitized",
        "User-Agent": "azsdk-net-ResourceManager.NetApp/1.2.0-alpha.20230619.1 (.NET 7.0.7; Microsoft Windows 10.0.22621)",
        "x-ms-client-request-id": "51980ae7fac3143054cbdabe2fd3428d",
        "x-ms-return-client-request-id": "true"
      },
      "RequestBody": null,
      "StatusCode": 200,
      "ResponseHeaders": {
        "Cache-Control": "no-cache",
        "Content-Length": "2464",
        "Content-Type": "application/json; charset=utf-8",
        "Date": "Fri, 23 Jun 2023 12:52:39 GMT",
        "Expires": "-1",
        "Pragma": "no-cache",
        "Server": "Microsoft-IIS/10.0",
        "Strict-Transport-Security": "max-age=31536000; includeSubDomains",
        "X-Content-Type-Options": "nosniff",
        "x-ms-correlation-request-id": "47977ac9-22d5-4e05-a210-1d293ab33b7a",
        "x-ms-ratelimit-remaining-subscription-reads": "11704",
        "x-ms-request-id": "16c83063-8352-4dd4-9b66-765370654d49",
        "x-ms-routing-request-id": "WESTEUROPE:20230623T125239Z:47977ac9-22d5-4e05-a210-1d293ab33b7a",
        "X-Powered-By": "ASP.NET"
      },
      "ResponseBody": {
        "value": [
          {
            "id": "/subscriptions/69a75bda-882e-44d5-8431-63421204132a/resourceGroups/testNetAppDotNetSDKRG-8822/providers/Microsoft.NetApp/netAppAccounts/account239/capacityPools/pool1/volumes/volumeName-9421",
            "name": "account239/pool1/volumeName-9421",
            "type": "Microsoft.NetApp/netAppAccounts/capacityPools/volumes",
            "etag": "W/\u0022datetime\u00272023-06-23T12%3A52%3A09.1124789Z\u0027\u0022",
            "location": "westus2",
            "tags": {
              "key1": "value1",
              "key2": "value2",
              "CreatedOnDate": "2023-06-23T12:48:03.7966062Z"
            },
            "properties": {
              "fileSystemId": "d7254bdf-785c-39fc-2a11-79c33cf2d667",
              "serviceLevel": "Premium",
              "creationToken": "volumeName-9421",
              "usageThreshold": 107374182400,
              "exportPolicy": {
                "rules": [
                  {
                    "ruleIndex": 1,
                    "unixReadOnly": false,
                    "unixReadWrite": true,
                    "cifs": false,
                    "nfsv3": true,
                    "nfsv41": false,
                    "allowedClients": "0.0.0.0/0",
                    "kerberos5ReadOnly": false,
                    "kerberos5ReadWrite": false,
                    "kerberos5iReadOnly": false,
                    "kerberos5iReadWrite": false,
                    "kerberos5pReadOnly": false,
                    "kerberos5pReadWrite": false,
                    "hasRootAccess": true,
                    "chownMode": "Restricted"
                  }
                ]
              },
              "protocolTypes": [
                "NFSv3"
              ],
              "baremetalTenantId": "baremetalTenant_svm_8f82c7b40509489d9e97d719b9b955b4_7dae478e",
              "subnetId": "/subscriptions/69a75bda-882e-44d5-8431-63421204132a/resourceGroups/testNetAppDotNetSDKRG-8822/providers/Microsoft.Network/virtualNetworks/vnet-3938/subnets/default",
              "networkFeatures": "Basic",
              "networkSiblingSetId": "4f2d726e-659a-50bf-6c05-cf945b861856",
              "storageToNetworkProximity": "Default",
              "snapshotDirectoryVisible": true,
              "kerberosEnabled": false,
              "securityStyle": "Unix",
              "smbEncryption": false,
              "smbContinuouslyAvailable": false,
              "encryptionKeySource": "Microsoft.NetApp",
              "ldapEnabled": false,
              "unixPermissions": "0770",
              "mountTargets": [
                {
                  "mountTargetId": "d7254bdf-785c-39fc-2a11-79c33cf2d667",
                  "fileSystemId": "d7254bdf-785c-39fc-2a11-79c33cf2d667",
                  "ipAddress": "10.0.1.4"
                }
              ],
              "throughputMibps": 0.0,
              "coolAccess": false,
              "avsDataStore": "Disabled",
              "isDefaultQuotaEnabled": false,
              "defaultUserQuotaInKiBs": 0,
              "defaultGroupQuotaInKiBs": 0,
              "enableSubvolumes": "Disabled",
              "maximumNumberOfFiles": 100000000,
              "smbNonBrowsable": "Disabled",
              "smbAccessBasedEnumeration": "Disabled",
              "isLargeVolume": false,
              "provisionedAvailabilityZone": "2",
              "actualThroughputMibps": 6.25,
              "provisioningState": "Succeeded"
            },
            "systemData": {
              "createdBy": "c6c4faba-2b22-44d9-80a4-71ff5b71f811",
              "createdByType": "Application",
              "createdAt": "2023-06-23T12:48:05.072036Z",
              "lastModifiedBy": "c6c4faba-2b22-44d9-80a4-71ff5b71f811",
              "lastModifiedByType": "Application",
              "lastModifiedAt": "2023-06-23T12:48:05.072036Z"
            }
          }
        ]
      }
    },
    {
      "RequestUri": "https://management.azure.com/subscriptions/69a75bda-882e-44d5-8431-63421204132a/resourceGroups/testNetAppDotNetSDKRG-8822/providers/Microsoft.NetApp/netAppAccounts/account239/capacityPools/pool1/volumes/volumeName-9421/snapshots?api-version=2022-11-01",
      "RequestMethod": "GET",
      "RequestHeaders": {
        "Accept": "application/json",
        "Authorization": "Sanitized",
        "User-Agent": "azsdk-net-ResourceManager.NetApp/1.2.0-alpha.20230619.1 (.NET 7.0.7; Microsoft Windows 10.0.22621)",
        "x-ms-client-request-id": "12f1f60411aa0d90a69220266dccb2fc",
        "x-ms-return-client-request-id": "true"
      },
      "RequestBody": null,
      "StatusCode": 200,
      "ResponseHeaders": {
        "Cache-Control": "no-cache",
        "Content-Length": "12",
        "Content-Type": "application/json; charset=utf-8",
        "Date": "Fri, 23 Jun 2023 12:52:39 GMT",
        "Expires": "-1",
        "Pragma": "no-cache",
        "Server": "Microsoft-IIS/10.0",
        "Strict-Transport-Security": "max-age=31536000; includeSubDomains",
        "X-Content-Type-Options": "nosniff",
        "x-ms-correlation-request-id": "5a03480d-266a-4a59-b970-3cef21f5830f",
        "x-ms-ratelimit-remaining-subscription-reads": "11703",
        "x-ms-request-id": "30f2fa24-f1c5-48b2-9f54-7e1665c61c78",
        "x-ms-routing-request-id": "WESTEUROPE:20230623T125240Z:5a03480d-266a-4a59-b970-3cef21f5830f",
        "X-Powered-By": "ASP.NET"
      },
      "ResponseBody": {
        "value": []
      }
    },
    {
      "RequestUri": "https://management.azure.com/subscriptions/69a75bda-882e-44d5-8431-63421204132a/resourceGroups/testNetAppDotNetSDKRG-8822/providers/Microsoft.NetApp/netAppAccounts/account239/capacityPools/pool1/volumes/volumeName-9421?api-version=2022-11-01",
      "RequestMethod": "DELETE",
      "RequestHeaders": {
        "Authorization": "Sanitized",
        "traceparent": "00-fcd564230cb54851890fb7e10bcca19e-72d35b641dc0dcef-00",
        "User-Agent": "azsdk-net-ResourceManager.NetApp/1.2.0-alpha.20230619.1 (.NET 7.0.7; Microsoft Windows 10.0.22621)",
        "x-ms-client-request-id": "78e684f35967f3c69a1527f59785966c",
        "x-ms-return-client-request-id": "true"
      },
      "RequestBody": null,
      "StatusCode": 202,
      "ResponseHeaders": {
        "Azure-AsyncOperation": "https://management.azure.com/subscriptions/69a75bda-882e-44d5-8431-63421204132a/providers/Microsoft.NetApp/locations/westus2/operationResults/20e18e24-33f8-4b0e-ba76-bc9d56eeebec?api-version=2022-11-01",
        "Cache-Control": "no-cache",
        "Content-Length": "0",
        "Date": "Fri, 23 Jun 2023 12:52:50 GMT",
        "Expires": "-1",
        "Location": "https://management.azure.com/subscriptions/69a75bda-882e-44d5-8431-63421204132a/providers/Microsoft.NetApp/locations/westus2/operationResults/20e18e24-33f8-4b0e-ba76-bc9d56eeebec?api-version=2022-11-01\u0026operationResultResponseType=Location",
        "Pragma": "no-cache",
        "Server": "Microsoft-IIS/10.0",
        "Strict-Transport-Security": "max-age=31536000; includeSubDomains",
        "X-Content-Type-Options": "nosniff",
        "x-ms-correlation-request-id": "7aa4a945-69fe-4aad-acf5-a997c9451af8",
        "x-ms-ratelimit-remaining-subscription-deletes": "14979",
        "x-ms-request-id": "7aa4a945-69fe-4aad-acf5-a997c9451af8",
        "x-ms-routing-request-id": "WESTEUROPE:20230623T125250Z:7aa4a945-69fe-4aad-acf5-a997c9451af8",
        "X-Powered-By": "ASP.NET"
      },
      "ResponseBody": null
    },
    {
      "RequestUri": "https://management.azure.com/subscriptions/69a75bda-882e-44d5-8431-63421204132a/providers/Microsoft.NetApp/locations/westus2/operationResults/20e18e24-33f8-4b0e-ba76-bc9d56eeebec?api-version=2022-11-01",
      "RequestMethod": "GET",
      "RequestHeaders": {
        "Authorization": "Sanitized",
        "traceparent": "00-fcd564230cb54851890fb7e10bcca19e-9a276024d7c64e75-00",
        "User-Agent": "azsdk-net-ResourceManager/1.6.0 (.NET 7.0.7; Microsoft Windows 10.0.22621)",
        "x-ms-client-request-id": "abcbde18caecaa252ffd7894ea9a7521",
        "x-ms-return-client-request-id": "true"
      },
      "RequestBody": null,
      "StatusCode": 200,
      "ResponseHeaders": {
        "Cache-Control": "no-cache",
        "Content-Length": "564",
        "Content-Type": "application/json; charset=utf-8",
        "Date": "Fri, 23 Jun 2023 12:52:50 GMT",
        "Expires": "-1",
        "Pragma": "no-cache",
        "Server": "Microsoft-IIS/10.0",
        "Strict-Transport-Security": "max-age=31536000; includeSubDomains",
        "X-Content-Type-Options": "nosniff",
        "x-ms-correlation-request-id": "85d8ce2c-cce2-4f09-b32c-5006a7f30c0a",
        "x-ms-ratelimit-remaining-subscription-reads": "11702",
        "x-ms-request-id": "021bd247-3029-440c-8e3a-0fa67d198850",
        "x-ms-routing-request-id": "WESTEUROPE:20230623T125250Z:85d8ce2c-cce2-4f09-b32c-5006a7f30c0a",
        "X-Powered-By": "ASP.NET"
      },
      "ResponseBody": {
        "id": "/subscriptions/69a75bda-882e-44d5-8431-63421204132a/providers/Microsoft.NetApp/locations/westus2/operationResults/20e18e24-33f8-4b0e-ba76-bc9d56eeebec",
        "name": "20e18e24-33f8-4b0e-ba76-bc9d56eeebec",
        "status": "Deleting",
        "startTime": "2023-06-23T12:52:50.6353625Z",
        "endTime": "0001-01-01T00:00:00Z",
        "percentComplete": 0.0,
        "properties": {
          "resourceName": "/subscriptions/69a75bda-882e-44d5-8431-63421204132a/resourceGroups/testNetAppDotNetSDKRG-8822/providers/Microsoft.NetApp/netAppAccounts/account239/capacityPools/pool1/volumes/volumeName-9421",
          "action": "DELETE"
        }
      }
    },
    {
      "RequestUri": "https://management.azure.com/subscriptions/69a75bda-882e-44d5-8431-63421204132a/providers/Microsoft.NetApp/locations/westus2/operationResults/20e18e24-33f8-4b0e-ba76-bc9d56eeebec?api-version=2022-11-01",
      "RequestMethod": "GET",
      "RequestHeaders": {
        "Authorization": "Sanitized",
        "traceparent": "00-fcd564230cb54851890fb7e10bcca19e-b4b6fdad8a04e07a-00",
        "User-Agent": "azsdk-net-ResourceManager/1.6.0 (.NET 7.0.7; Microsoft Windows 10.0.22621)",
        "x-ms-client-request-id": "b0c1b4fc871a0a1ef910feddaf951990",
        "x-ms-return-client-request-id": "true"
      },
      "RequestBody": null,
      "StatusCode": 200,
      "ResponseHeaders": {
        "Cache-Control": "no-cache",
        "Content-Length": "564",
        "Content-Type": "application/json; charset=utf-8",
        "Date": "Fri, 23 Jun 2023 12:52:51 GMT",
        "Expires": "-1",
        "Pragma": "no-cache",
        "Server": "Microsoft-IIS/10.0",
        "Strict-Transport-Security": "max-age=31536000; includeSubDomains",
        "X-Content-Type-Options": "nosniff",
        "x-ms-correlation-request-id": "d28017dd-e895-43a4-8728-199cf2ee06a0",
        "x-ms-ratelimit-remaining-subscription-reads": "11701",
        "x-ms-request-id": "4336a8fe-2ddb-4c0d-83e0-512f36d7b6c7",
        "x-ms-routing-request-id": "WESTEUROPE:20230623T125252Z:d28017dd-e895-43a4-8728-199cf2ee06a0",
        "X-Powered-By": "ASP.NET"
      },
      "ResponseBody": {
        "id": "/subscriptions/69a75bda-882e-44d5-8431-63421204132a/providers/Microsoft.NetApp/locations/westus2/operationResults/20e18e24-33f8-4b0e-ba76-bc9d56eeebec",
        "name": "20e18e24-33f8-4b0e-ba76-bc9d56eeebec",
        "status": "Deleting",
        "startTime": "2023-06-23T12:52:50.6353625Z",
        "endTime": "0001-01-01T00:00:00Z",
        "percentComplete": 0.0,
        "properties": {
          "resourceName": "/subscriptions/69a75bda-882e-44d5-8431-63421204132a/resourceGroups/testNetAppDotNetSDKRG-8822/providers/Microsoft.NetApp/netAppAccounts/account239/capacityPools/pool1/volumes/volumeName-9421",
          "action": "DELETE"
        }
      }
    },
    {
      "RequestUri": "https://management.azure.com/subscriptions/69a75bda-882e-44d5-8431-63421204132a/providers/Microsoft.NetApp/locations/westus2/operationResults/20e18e24-33f8-4b0e-ba76-bc9d56eeebec?api-version=2022-11-01",
      "RequestMethod": "GET",
      "RequestHeaders": {
        "Authorization": "Sanitized",
        "traceparent": "00-fcd564230cb54851890fb7e10bcca19e-287515b906be953c-00",
        "User-Agent": "azsdk-net-ResourceManager/1.6.0 (.NET 7.0.7; Microsoft Windows 10.0.22621)",
        "x-ms-client-request-id": "b9dd9f6eeaba9a7f9608fce071f6ebdf",
        "x-ms-return-client-request-id": "true"
      },
      "RequestBody": null,
      "StatusCode": 200,
      "ResponseHeaders": {
        "Cache-Control": "no-cache",
        "Content-Length": "564",
        "Content-Type": "application/json; charset=utf-8",
        "Date": "Fri, 23 Jun 2023 12:52:52 GMT",
        "Expires": "-1",
        "Pragma": "no-cache",
        "Server": "Microsoft-IIS/10.0",
        "Strict-Transport-Security": "max-age=31536000; includeSubDomains",
        "X-Content-Type-Options": "nosniff",
        "x-ms-correlation-request-id": "fc2d4c6f-9f64-418e-842f-e55f286a85a1",
        "x-ms-ratelimit-remaining-subscription-reads": "11700",
        "x-ms-request-id": "4c8c85e3-ef0b-4a69-9885-2a24f51ed004",
        "x-ms-routing-request-id": "WESTEUROPE:20230623T125253Z:fc2d4c6f-9f64-418e-842f-e55f286a85a1",
        "X-Powered-By": "ASP.NET"
      },
      "ResponseBody": {
        "id": "/subscriptions/69a75bda-882e-44d5-8431-63421204132a/providers/Microsoft.NetApp/locations/westus2/operationResults/20e18e24-33f8-4b0e-ba76-bc9d56eeebec",
        "name": "20e18e24-33f8-4b0e-ba76-bc9d56eeebec",
        "status": "Deleting",
        "startTime": "2023-06-23T12:52:50.6353625Z",
        "endTime": "0001-01-01T00:00:00Z",
        "percentComplete": 0.0,
        "properties": {
          "resourceName": "/subscriptions/69a75bda-882e-44d5-8431-63421204132a/resourceGroups/testNetAppDotNetSDKRG-8822/providers/Microsoft.NetApp/netAppAccounts/account239/capacityPools/pool1/volumes/volumeName-9421",
          "action": "DELETE"
        }
      }
    },
    {
      "RequestUri": "https://management.azure.com/subscriptions/69a75bda-882e-44d5-8431-63421204132a/providers/Microsoft.NetApp/locations/westus2/operationResults/20e18e24-33f8-4b0e-ba76-bc9d56eeebec?api-version=2022-11-01",
      "RequestMethod": "GET",
      "RequestHeaders": {
        "Authorization": "Sanitized",
        "traceparent": "00-fcd564230cb54851890fb7e10bcca19e-5f048acd9c364170-00",
        "User-Agent": "azsdk-net-ResourceManager/1.6.0 (.NET 7.0.7; Microsoft Windows 10.0.22621)",
        "x-ms-client-request-id": "25348914f648916dc0c0b2dbcc48fb9a",
        "x-ms-return-client-request-id": "true"
      },
      "RequestBody": null,
      "StatusCode": 200,
      "ResponseHeaders": {
        "Cache-Control": "no-cache",
        "Content-Length": "564",
        "Content-Type": "application/json; charset=utf-8",
        "Date": "Fri, 23 Jun 2023 12:52:54 GMT",
        "Expires": "-1",
        "Pragma": "no-cache",
        "Server": "Microsoft-IIS/10.0",
        "Strict-Transport-Security": "max-age=31536000; includeSubDomains",
        "X-Content-Type-Options": "nosniff",
        "x-ms-correlation-request-id": "1dda925c-2fa5-4aa3-b566-1204d5dbf3f2",
        "x-ms-ratelimit-remaining-subscription-reads": "11699",
        "x-ms-request-id": "e1181cf0-7646-4180-ba5c-30b14c9c8471",
        "x-ms-routing-request-id": "WESTEUROPE:20230623T125254Z:1dda925c-2fa5-4aa3-b566-1204d5dbf3f2",
        "X-Powered-By": "ASP.NET"
      },
      "ResponseBody": {
        "id": "/subscriptions/69a75bda-882e-44d5-8431-63421204132a/providers/Microsoft.NetApp/locations/westus2/operationResults/20e18e24-33f8-4b0e-ba76-bc9d56eeebec",
        "name": "20e18e24-33f8-4b0e-ba76-bc9d56eeebec",
        "status": "Deleting",
        "startTime": "2023-06-23T12:52:50.6353625Z",
        "endTime": "0001-01-01T00:00:00Z",
        "percentComplete": 0.0,
        "properties": {
          "resourceName": "/subscriptions/69a75bda-882e-44d5-8431-63421204132a/resourceGroups/testNetAppDotNetSDKRG-8822/providers/Microsoft.NetApp/netAppAccounts/account239/capacityPools/pool1/volumes/volumeName-9421",
          "action": "DELETE"
        }
      }
    },
    {
      "RequestUri": "https://management.azure.com/subscriptions/69a75bda-882e-44d5-8431-63421204132a/providers/Microsoft.NetApp/locations/westus2/operationResults/20e18e24-33f8-4b0e-ba76-bc9d56eeebec?api-version=2022-11-01",
      "RequestMethod": "GET",
      "RequestHeaders": {
        "Authorization": "Sanitized",
        "traceparent": "00-fcd564230cb54851890fb7e10bcca19e-9ad34434cba47209-00",
        "User-Agent": "azsdk-net-ResourceManager/1.6.0 (.NET 7.0.7; Microsoft Windows 10.0.22621)",
        "x-ms-client-request-id": "4a25e7e4bcbd1167342719128b3d9803",
        "x-ms-return-client-request-id": "true"
      },
      "RequestBody": null,
      "StatusCode": 200,
      "ResponseHeaders": {
        "Cache-Control": "no-cache",
        "Content-Length": "564",
        "Content-Type": "application/json; charset=utf-8",
        "Date": "Fri, 23 Jun 2023 12:52:56 GMT",
        "Expires": "-1",
        "Pragma": "no-cache",
        "Server": "Microsoft-IIS/10.0",
        "Strict-Transport-Security": "max-age=31536000; includeSubDomains",
        "X-Content-Type-Options": "nosniff",
        "x-ms-correlation-request-id": "97f988ef-66ec-462a-93bf-d1f5f6c88ab2",
        "x-ms-ratelimit-remaining-subscription-reads": "11698",
        "x-ms-request-id": "237878f5-971b-4871-a058-96ef901170e0",
        "x-ms-routing-request-id": "WESTEUROPE:20230623T125256Z:97f988ef-66ec-462a-93bf-d1f5f6c88ab2",
        "X-Powered-By": "ASP.NET"
      },
      "ResponseBody": {
        "id": "/subscriptions/69a75bda-882e-44d5-8431-63421204132a/providers/Microsoft.NetApp/locations/westus2/operationResults/20e18e24-33f8-4b0e-ba76-bc9d56eeebec",
        "name": "20e18e24-33f8-4b0e-ba76-bc9d56eeebec",
        "status": "Deleting",
        "startTime": "2023-06-23T12:52:50.6353625Z",
        "endTime": "0001-01-01T00:00:00Z",
        "percentComplete": 0.0,
        "properties": {
          "resourceName": "/subscriptions/69a75bda-882e-44d5-8431-63421204132a/resourceGroups/testNetAppDotNetSDKRG-8822/providers/Microsoft.NetApp/netAppAccounts/account239/capacityPools/pool1/volumes/volumeName-9421",
          "action": "DELETE"
        }
      }
    },
    {
      "RequestUri": "https://management.azure.com/subscriptions/69a75bda-882e-44d5-8431-63421204132a/providers/Microsoft.NetApp/locations/westus2/operationResults/20e18e24-33f8-4b0e-ba76-bc9d56eeebec?api-version=2022-11-01",
      "RequestMethod": "GET",
      "RequestHeaders": {
        "Authorization": "Sanitized",
        "traceparent": "00-fcd564230cb54851890fb7e10bcca19e-b5fa31a7578505ef-00",
        "User-Agent": "azsdk-net-ResourceManager/1.6.0 (.NET 7.0.7; Microsoft Windows 10.0.22621)",
        "x-ms-client-request-id": "25c81e25f3607847324bf9f938a4ce4e",
        "x-ms-return-client-request-id": "true"
      },
      "RequestBody": null,
      "StatusCode": 200,
      "ResponseHeaders": {
        "Cache-Control": "no-cache",
        "Content-Length": "564",
        "Content-Type": "application/json; charset=utf-8",
        "Date": "Fri, 23 Jun 2023 12:53:00 GMT",
        "Expires": "-1",
        "Pragma": "no-cache",
        "Server": "Microsoft-IIS/10.0",
        "Strict-Transport-Security": "max-age=31536000; includeSubDomains",
        "X-Content-Type-Options": "nosniff",
        "x-ms-correlation-request-id": "e5ea6d64-2d6f-4740-95b8-2d60e73f0b98",
        "x-ms-ratelimit-remaining-subscription-reads": "11697",
        "x-ms-request-id": "224ccd9f-9696-43fe-b68e-98763ad16733",
        "x-ms-routing-request-id": "WESTEUROPE:20230623T125301Z:e5ea6d64-2d6f-4740-95b8-2d60e73f0b98",
        "X-Powered-By": "ASP.NET"
      },
      "ResponseBody": {
        "id": "/subscriptions/69a75bda-882e-44d5-8431-63421204132a/providers/Microsoft.NetApp/locations/westus2/operationResults/20e18e24-33f8-4b0e-ba76-bc9d56eeebec",
        "name": "20e18e24-33f8-4b0e-ba76-bc9d56eeebec",
        "status": "Deleting",
        "startTime": "2023-06-23T12:52:50.6353625Z",
        "endTime": "0001-01-01T00:00:00Z",
        "percentComplete": 0.0,
        "properties": {
          "resourceName": "/subscriptions/69a75bda-882e-44d5-8431-63421204132a/resourceGroups/testNetAppDotNetSDKRG-8822/providers/Microsoft.NetApp/netAppAccounts/account239/capacityPools/pool1/volumes/volumeName-9421",
          "action": "DELETE"
        }
      }
    },
    {
      "RequestUri": "https://management.azure.com/subscriptions/69a75bda-882e-44d5-8431-63421204132a/providers/Microsoft.NetApp/locations/westus2/operationResults/20e18e24-33f8-4b0e-ba76-bc9d56eeebec?api-version=2022-11-01",
      "RequestMethod": "GET",
      "RequestHeaders": {
        "Authorization": "Sanitized",
        "traceparent": "00-fcd564230cb54851890fb7e10bcca19e-c211347aef20d225-00",
        "User-Agent": "azsdk-net-ResourceManager/1.6.0 (.NET 7.0.7; Microsoft Windows 10.0.22621)",
        "x-ms-client-request-id": "89fb610ca0d058222222f121dc5b0682",
        "x-ms-return-client-request-id": "true"
      },
      "RequestBody": null,
      "StatusCode": 200,
      "ResponseHeaders": {
        "Cache-Control": "no-cache",
        "Content-Length": "564",
        "Content-Type": "application/json; charset=utf-8",
        "Date": "Fri, 23 Jun 2023 12:53:08 GMT",
        "Expires": "-1",
        "Pragma": "no-cache",
        "Server": "Microsoft-IIS/10.0",
        "Strict-Transport-Security": "max-age=31536000; includeSubDomains",
        "X-Content-Type-Options": "nosniff",
        "x-ms-correlation-request-id": "ad3832b9-19d3-4537-bc4b-95152a9eb9dc",
        "x-ms-ratelimit-remaining-subscription-reads": "11696",
        "x-ms-request-id": "1af5c57d-eee7-4e9a-9e1e-07802e1502e5",
        "x-ms-routing-request-id": "WESTEUROPE:20230623T125309Z:ad3832b9-19d3-4537-bc4b-95152a9eb9dc",
        "X-Powered-By": "ASP.NET"
      },
      "ResponseBody": {
        "id": "/subscriptions/69a75bda-882e-44d5-8431-63421204132a/providers/Microsoft.NetApp/locations/westus2/operationResults/20e18e24-33f8-4b0e-ba76-bc9d56eeebec",
        "name": "20e18e24-33f8-4b0e-ba76-bc9d56eeebec",
        "status": "Deleting",
        "startTime": "2023-06-23T12:52:50.6353625Z",
        "endTime": "0001-01-01T00:00:00Z",
        "percentComplete": 0.0,
        "properties": {
          "resourceName": "/subscriptions/69a75bda-882e-44d5-8431-63421204132a/resourceGroups/testNetAppDotNetSDKRG-8822/providers/Microsoft.NetApp/netAppAccounts/account239/capacityPools/pool1/volumes/volumeName-9421",
          "action": "DELETE"
        }
      }
    },
    {
      "RequestUri": "https://management.azure.com/subscriptions/69a75bda-882e-44d5-8431-63421204132a/providers/Microsoft.NetApp/locations/westus2/operationResults/20e18e24-33f8-4b0e-ba76-bc9d56eeebec?api-version=2022-11-01",
      "RequestMethod": "GET",
      "RequestHeaders": {
        "Authorization": "Sanitized",
        "traceparent": "00-fcd564230cb54851890fb7e10bcca19e-0b87b019694c5694-00",
        "User-Agent": "azsdk-net-ResourceManager/1.6.0 (.NET 7.0.7; Microsoft Windows 10.0.22621)",
        "x-ms-client-request-id": "adb5ae28d680f139a0ad1872c26ed98f",
        "x-ms-return-client-request-id": "true"
      },
      "RequestBody": null,
      "StatusCode": 200,
      "ResponseHeaders": {
        "Cache-Control": "no-cache",
        "Content-Length": "564",
        "Content-Type": "application/json; charset=utf-8",
        "Date": "Fri, 23 Jun 2023 12:53:24 GMT",
        "Expires": "-1",
        "Pragma": "no-cache",
        "Server": "Microsoft-IIS/10.0",
        "Strict-Transport-Security": "max-age=31536000; includeSubDomains",
        "X-Content-Type-Options": "nosniff",
        "x-ms-correlation-request-id": "ced9231f-97f8-4796-8b34-72ad786620f0",
        "x-ms-ratelimit-remaining-subscription-reads": "11695",
        "x-ms-request-id": "de135368-580d-4241-b4d0-2ea804929904",
        "x-ms-routing-request-id": "WESTEUROPE:20230623T125325Z:ced9231f-97f8-4796-8b34-72ad786620f0",
        "X-Powered-By": "ASP.NET"
      },
      "ResponseBody": {
        "id": "/subscriptions/69a75bda-882e-44d5-8431-63421204132a/providers/Microsoft.NetApp/locations/westus2/operationResults/20e18e24-33f8-4b0e-ba76-bc9d56eeebec",
        "name": "20e18e24-33f8-4b0e-ba76-bc9d56eeebec",
        "status": "Deleting",
        "startTime": "2023-06-23T12:52:50.6353625Z",
        "endTime": "0001-01-01T00:00:00Z",
        "percentComplete": 0.0,
        "properties": {
          "resourceName": "/subscriptions/69a75bda-882e-44d5-8431-63421204132a/resourceGroups/testNetAppDotNetSDKRG-8822/providers/Microsoft.NetApp/netAppAccounts/account239/capacityPools/pool1/volumes/volumeName-9421",
          "action": "DELETE"
        }
      }
    },
    {
      "RequestUri": "https://management.azure.com/subscriptions/69a75bda-882e-44d5-8431-63421204132a/providers/Microsoft.NetApp/locations/westus2/operationResults/20e18e24-33f8-4b0e-ba76-bc9d56eeebec?api-version=2022-11-01",
      "RequestMethod": "GET",
      "RequestHeaders": {
        "Authorization": "Sanitized",
        "traceparent": "00-fcd564230cb54851890fb7e10bcca19e-1476b73975405f24-00",
        "User-Agent": "azsdk-net-ResourceManager/1.6.0 (.NET 7.0.7; Microsoft Windows 10.0.22621)",
        "x-ms-client-request-id": "2905cb580f428533fb6f033e02269bd7",
        "x-ms-return-client-request-id": "true"
      },
      "RequestBody": null,
      "StatusCode": 200,
      "ResponseHeaders": {
        "Cache-Control": "no-cache",
        "Content-Length": "575",
        "Content-Type": "application/json; charset=utf-8",
        "Date": "Fri, 23 Jun 2023 12:53:57 GMT",
        "Expires": "-1",
        "Pragma": "no-cache",
        "Server": "Microsoft-IIS/10.0",
        "Strict-Transport-Security": "max-age=31536000; includeSubDomains",
        "X-Content-Type-Options": "nosniff",
        "x-ms-correlation-request-id": "32c27b3f-ab63-4bbf-b4a5-59ded2445fdf",
        "x-ms-ratelimit-remaining-subscription-reads": "11694",
        "x-ms-request-id": "62cc0151-f6b9-421f-922a-4c66aa64ce74",
        "x-ms-routing-request-id": "WESTEUROPE:20230623T125357Z:32c27b3f-ab63-4bbf-b4a5-59ded2445fdf",
        "X-Powered-By": "ASP.NET"
      },
      "ResponseBody": {
        "id": "/subscriptions/69a75bda-882e-44d5-8431-63421204132a/providers/Microsoft.NetApp/locations/westus2/operationResults/20e18e24-33f8-4b0e-ba76-bc9d56eeebec",
        "name": "20e18e24-33f8-4b0e-ba76-bc9d56eeebec",
        "status": "Succeeded",
        "startTime": "2023-06-23T12:52:50.6353625Z",
        "endTime": "2023-06-23T12:53:27.1400167Z",
        "percentComplete": 100.0,
        "properties": {
          "resourceName": "/subscriptions/69a75bda-882e-44d5-8431-63421204132a/resourceGroups/testNetAppDotNetSDKRG-8822/providers/Microsoft.NetApp/netAppAccounts/account239/capacityPools/pool1/volumes/volumeName-9421",
          "action": "DELETE"
        }
      }
    },
    {
      "RequestUri": "https://management.azure.com/subscriptions/69a75bda-882e-44d5-8431-63421204132a/resourceGroups/testNetAppDotNetSDKRG-8822/providers/Microsoft.NetApp/netAppAccounts/account239/capacityPools/pool1?api-version=2022-11-01",
      "RequestMethod": "DELETE",
      "RequestHeaders": {
        "Authorization": "Sanitized",
        "traceparent": "00-817b9039f33a5a94060a9eb863bb5ba2-248f9805dd2980d7-00",
        "User-Agent": "azsdk-net-ResourceManager.NetApp/1.2.0-alpha.20230619.1 (.NET 7.0.7; Microsoft Windows 10.0.22621)",
        "x-ms-client-request-id": "89d0774420ef36cd280ae92287b095b4",
        "x-ms-return-client-request-id": "true"
      },
      "RequestBody": null,
      "StatusCode": 202,
      "ResponseHeaders": {
        "Azure-AsyncOperation": "https://management.azure.com/subscriptions/69a75bda-882e-44d5-8431-63421204132a/providers/Microsoft.NetApp/locations/westus2/operationResults/80389a95-d4ac-4b09-9828-2f493ef49ee9?api-version=2022-11-01",
        "Cache-Control": "no-cache",
        "Content-Length": "0",
        "Date": "Fri, 23 Jun 2023 12:54:28 GMT",
        "Expires": "-1",
        "Location": "https://management.azure.com/subscriptions/69a75bda-882e-44d5-8431-63421204132a/providers/Microsoft.NetApp/locations/westus2/operationResults/80389a95-d4ac-4b09-9828-2f493ef49ee9?api-version=2022-11-01\u0026operationResultResponseType=Location",
        "Pragma": "no-cache",
        "Server": "Microsoft-IIS/10.0",
        "Strict-Transport-Security": "max-age=31536000; includeSubDomains",
        "X-Content-Type-Options": "nosniff",
        "x-ms-correlation-request-id": "c17a097d-41f0-482f-ac0c-316814f4b3fa",
        "x-ms-ratelimit-remaining-subscription-deletes": "14978",
        "x-ms-request-id": "c17a097d-41f0-482f-ac0c-316814f4b3fa",
        "x-ms-routing-request-id": "WESTEUROPE:20230623T125428Z:c17a097d-41f0-482f-ac0c-316814f4b3fa",
        "X-Powered-By": "ASP.NET"
      },
      "ResponseBody": null
    },
    {
      "RequestUri": "https://management.azure.com/subscriptions/69a75bda-882e-44d5-8431-63421204132a/providers/Microsoft.NetApp/locations/westus2/operationResults/80389a95-d4ac-4b09-9828-2f493ef49ee9?api-version=2022-11-01",
      "RequestMethod": "GET",
      "RequestHeaders": {
        "Authorization": "Sanitized",
        "traceparent": "00-817b9039f33a5a94060a9eb863bb5ba2-68957889ee8a6379-00",
        "User-Agent": "azsdk-net-ResourceManager/1.6.0 (.NET 7.0.7; Microsoft Windows 10.0.22621)",
        "x-ms-client-request-id": "4b2d41124f9d38a0fece00382510fd4b",
        "x-ms-return-client-request-id": "true"
      },
      "RequestBody": null,
      "StatusCode": 200,
      "ResponseHeaders": {
        "Cache-Control": "no-cache",
        "Content-Length": "540",
        "Content-Type": "application/json; charset=utf-8",
        "Date": "Fri, 23 Jun 2023 12:54:28 GMT",
        "Expires": "-1",
        "Pragma": "no-cache",
        "Server": "Microsoft-IIS/10.0",
        "Strict-Transport-Security": "max-age=31536000; includeSubDomains",
        "X-Content-Type-Options": "nosniff",
        "x-ms-correlation-request-id": "2788c2eb-5e08-4cf4-90bf-5e7f2a3c8b08",
        "x-ms-ratelimit-remaining-subscription-reads": "11693",
        "x-ms-request-id": "b45ef516-8745-46ea-9cd7-f4b9b9e29953",
        "x-ms-routing-request-id": "WESTEUROPE:20230623T125428Z:2788c2eb-5e08-4cf4-90bf-5e7f2a3c8b08",
        "X-Powered-By": "ASP.NET"
      },
      "ResponseBody": {
        "id": "/subscriptions/69a75bda-882e-44d5-8431-63421204132a/providers/Microsoft.NetApp/locations/westus2/operationResults/80389a95-d4ac-4b09-9828-2f493ef49ee9",
        "name": "80389a95-d4ac-4b09-9828-2f493ef49ee9",
        "status": "Deleting",
        "startTime": "2023-06-23T12:54:28.2686246Z",
        "endTime": "0001-01-01T00:00:00Z",
        "percentComplete": 0.0,
        "properties": {
          "resourceName": "/subscriptions/69a75bda-882e-44d5-8431-63421204132a/resourceGroups/testNetAppDotNetSDKRG-8822/providers/Microsoft.NetApp/netAppAccounts/account239/capacityPools/pool1",
          "action": "DELETE"
        }
      }
    },
    {
      "RequestUri": "https://management.azure.com/subscriptions/69a75bda-882e-44d5-8431-63421204132a/providers/Microsoft.NetApp/locations/westus2/operationResults/80389a95-d4ac-4b09-9828-2f493ef49ee9?api-version=2022-11-01",
      "RequestMethod": "GET",
      "RequestHeaders": {
        "Authorization": "Sanitized",
        "traceparent": "00-817b9039f33a5a94060a9eb863bb5ba2-e8e7b9cd1d1cab40-00",
        "User-Agent": "azsdk-net-ResourceManager/1.6.0 (.NET 7.0.7; Microsoft Windows 10.0.22621)",
        "x-ms-client-request-id": "a1f54ed98a5e678137b70ebe6ebc632d",
        "x-ms-return-client-request-id": "true"
      },
      "RequestBody": null,
      "StatusCode": 200,
      "ResponseHeaders": {
        "Cache-Control": "no-cache",
        "Content-Length": "551",
        "Content-Type": "application/json; charset=utf-8",
        "Date": "Fri, 23 Jun 2023 12:54:29 GMT",
        "Expires": "-1",
        "Pragma": "no-cache",
        "Server": "Microsoft-IIS/10.0",
        "Strict-Transport-Security": "max-age=31536000; includeSubDomains",
        "X-Content-Type-Options": "nosniff",
        "x-ms-correlation-request-id": "7256d661-93ea-4f8a-a34b-4e7c18ea0893",
        "x-ms-ratelimit-remaining-subscription-reads": "11692",
        "x-ms-request-id": "0008c9ca-8117-447b-a8e0-1ce6c146d557",
        "x-ms-routing-request-id": "WESTEUROPE:20230623T125429Z:7256d661-93ea-4f8a-a34b-4e7c18ea0893",
        "X-Powered-By": "ASP.NET"
      },
      "ResponseBody": {
        "id": "/subscriptions/69a75bda-882e-44d5-8431-63421204132a/providers/Microsoft.NetApp/locations/westus2/operationResults/80389a95-d4ac-4b09-9828-2f493ef49ee9",
        "name": "80389a95-d4ac-4b09-9828-2f493ef49ee9",
        "status": "Succeeded",
        "startTime": "2023-06-23T12:54:28.2686246Z",
        "endTime": "2023-06-23T12:54:28.7552279Z",
        "percentComplete": 100.0,
        "properties": {
          "resourceName": "/subscriptions/69a75bda-882e-44d5-8431-63421204132a/resourceGroups/testNetAppDotNetSDKRG-8822/providers/Microsoft.NetApp/netAppAccounts/account239/capacityPools/pool1",
          "action": "DELETE"
        }
      }
    },
    {
      "RequestUri": "https://management.azure.com/subscriptions/69a75bda-882e-44d5-8431-63421204132a/resourceGroups/testNetAppDotNetSDKRG-8822/providers/Microsoft.NetApp/netAppAccounts/account239?api-version=2022-11-01",
      "RequestMethod": "DELETE",
      "RequestHeaders": {
        "Authorization": "Sanitized",
        "traceparent": "00-0ce0116155228ea228538b0bccad9b2f-0e573aa90049fa25-00",
        "User-Agent": "azsdk-net-ResourceManager.NetApp/1.2.0-alpha.20230619.1 (.NET 7.0.7; Microsoft Windows 10.0.22621)",
        "x-ms-client-request-id": "46106f1b4a82f917c0901286dc08f36a",
        "x-ms-return-client-request-id": "true"
      },
      "RequestBody": null,
      "StatusCode": 202,
      "ResponseHeaders": {
        "Azure-AsyncOperation": "https://management.azure.com/subscriptions/69a75bda-882e-44d5-8431-63421204132a/providers/Microsoft.NetApp/locations/westus2/operationResults/80603d97-6243-4406-8463-e72e9a691f52?api-version=2022-11-01",
        "Cache-Control": "no-cache",
        "Content-Length": "0",
        "Date": "Fri, 23 Jun 2023 12:55:10 GMT",
        "Expires": "-1",
        "Location": "https://management.azure.com/subscriptions/69a75bda-882e-44d5-8431-63421204132a/providers/Microsoft.NetApp/locations/westus2/operationResults/80603d97-6243-4406-8463-e72e9a691f52?api-version=2022-11-01\u0026operationResultResponseType=Location",
        "Pragma": "no-cache",
        "Server": "Microsoft-IIS/10.0",
        "Strict-Transport-Security": "max-age=31536000; includeSubDomains",
        "X-Content-Type-Options": "nosniff",
        "x-ms-correlation-request-id": "53353549-958d-4fd7-9bf8-37f424fdce8b",
        "x-ms-ratelimit-remaining-subscription-deletes": "14977",
        "x-ms-request-id": "53353549-958d-4fd7-9bf8-37f424fdce8b",
        "x-ms-routing-request-id": "WESTEUROPE:20230623T125510Z:53353549-958d-4fd7-9bf8-37f424fdce8b",
        "X-Powered-By": "ASP.NET"
      },
      "ResponseBody": null
    },
    {
      "RequestUri": "https://management.azure.com/subscriptions/69a75bda-882e-44d5-8431-63421204132a/providers/Microsoft.NetApp/locations/westus2/operationResults/80603d97-6243-4406-8463-e72e9a691f52?api-version=2022-11-01",
      "RequestMethod": "GET",
      "RequestHeaders": {
        "Authorization": "Sanitized",
        "traceparent": "00-0ce0116155228ea228538b0bccad9b2f-6829f95d624d3afa-00",
        "User-Agent": "azsdk-net-ResourceManager/1.6.0 (.NET 7.0.7; Microsoft Windows 10.0.22621)",
        "x-ms-client-request-id": "b51cd36bb6008fc837fce0cd78fa8a2f",
        "x-ms-return-client-request-id": "true"
      },
      "RequestBody": null,
      "StatusCode": 200,
      "ResponseHeaders": {
        "Cache-Control": "no-cache",
        "Content-Length": "531",
        "Content-Type": "application/json; charset=utf-8",
        "Date": "Fri, 23 Jun 2023 12:55:11 GMT",
        "Expires": "-1",
        "Pragma": "no-cache",
        "Server": "Microsoft-IIS/10.0",
        "Strict-Transport-Security": "max-age=31536000; includeSubDomains",
        "X-Content-Type-Options": "nosniff",
        "x-ms-correlation-request-id": "d16388b2-cfb6-41a0-971c-ce16f64ba2d1",
        "x-ms-ratelimit-remaining-subscription-reads": "11691",
        "x-ms-request-id": "e76d19a8-83e4-4568-a6a2-e4cd9852926a",
        "x-ms-routing-request-id": "WESTEUROPE:20230623T125511Z:d16388b2-cfb6-41a0-971c-ce16f64ba2d1",
        "X-Powered-By": "ASP.NET"
      },
      "ResponseBody": {
        "id": "/subscriptions/69a75bda-882e-44d5-8431-63421204132a/providers/Microsoft.NetApp/locations/westus2/operationResults/80603d97-6243-4406-8463-e72e9a691f52",
        "name": "80603d97-6243-4406-8463-e72e9a691f52",
        "status": "Succeeded",
        "startTime": "2023-06-23T12:55:10.5176606Z",
        "endTime": "2023-06-23T12:55:10.5432397Z",
        "percentComplete": 100.0,
        "properties": {
          "resourceName": "/subscriptions/69a75bda-882e-44d5-8431-63421204132a/resourceGroups/testNetAppDotNetSDKRG-8822/providers/Microsoft.NetApp/netAppAccounts/account239",
          "action": "DELETE"
        }
      }
    }
  ],
  "Variables": {
    "AZURE_AUTHORITY_HOST": "https://login.microsoftonline.com",
    "RandomSeed": "1336174513",
    "RESOURCE_MANAGER_URL": null,
    "SUBSCRIPTION_ID": "69a75bda-882e-44d5-8431-63421204132a"
  }
}
