{
  "Entries": [
    {
      "RequestUri": "https://management.azure.com/subscriptions/f100532e-a283-4523-8ff6-a8cebadb6e9d?api-version=2019-11-01",
      "RequestMethod": "GET",
      "RequestHeaders": {
        "Accept": "application/json",
        "Authorization": "Sanitized",
        "traceparent": "00-c890f4121106b049ab85a1e388630d6e-5ea71ef0c16a8d44-00",
        "User-Agent": "azsdk-net-ResourceManager/1.0.0-beta.5 (.NET Framework 4.8.4420.0; Microsoft Windows 10.0.22000 )",
        "x-ms-client-request-id": "9e2df3c36b1f05d23fc341f3b6ffa54b",
        "x-ms-return-client-request-id": "true"
      },
      "RequestBody": null,
      "StatusCode": 200,
      "ResponseHeaders": {
        "Cache-Control": "no-cache",
        "Content-Length": "377",
        "Content-Type": "application/json; charset=utf-8",
        "Date": "Tue, 23 Nov 2021 05:43:29 GMT",
        "Expires": "-1",
        "Pragma": "no-cache",
        "Strict-Transport-Security": "max-age=31536000; includeSubDomains",
        "X-Content-Type-Options": "nosniff",
        "x-ms-correlation-request-id": "9578f127-18b8-4fa1-ba9e-6a41f2bc46a2",
        "x-ms-ratelimit-remaining-subscription-reads": "11982",
        "x-ms-request-id": "9578f127-18b8-4fa1-ba9e-6a41f2bc46a2",
        "x-ms-routing-request-id": "CENTRALINDIA:20211123T054329Z:9578f127-18b8-4fa1-ba9e-6a41f2bc46a2"
      },
      "ResponseBody": {
        "id": "/subscriptions/f100532e-a283-4523-8ff6-a8cebadb6e9d",
        "authorizationSource": "RoleBased",
        "managedByTenants": [],
        "subscriptionId": "f100532e-a283-4523-8ff6-a8cebadb6e9d",
        "tenantId": "Sanitized",
        "displayName": "ASE_Ordering_IDC_testBVT",
        "state": "Enabled",
        "subscriptionPolicies": {
          "locationPlacementId": "Internal_2014-09-01",
          "quotaId": "Internal_2014-09-01",
          "spendingLimit": "Off"
        }
      }
    },
    {
      "RequestUri": "https://management.azure.com/subscriptions/f100532e-a283-4523-8ff6-a8cebadb6e9d/resourcegroups/SdkRg6276?api-version=2019-10-01",
      "RequestMethod": "PUT",
      "RequestHeaders": {
        "Accept": "application/json",
        "Authorization": "Sanitized",
        "Content-Length": "21",
        "Content-Type": "application/json",
        "User-Agent": "azsdk-net-ResourceManager/1.0.0-beta.5 (.NET Framework 4.8.4420.0; Microsoft Windows 10.0.22000 )",
        "x-ms-client-request-id": "2e407bd72cda80b724234f57c5116840",
        "x-ms-return-client-request-id": "true"
      },
      "RequestBody": {
        "location": "eastus"
      },
      "StatusCode": 200,
      "ResponseHeaders": {
        "Cache-Control": "no-cache",
        "Content-Length": "215",
        "Content-Type": "application/json; charset=utf-8",
        "Date": "Tue, 23 Nov 2021 05:43:30 GMT",
        "Expires": "-1",
        "Pragma": "no-cache",
        "Strict-Transport-Security": "max-age=31536000; includeSubDomains",
        "X-Content-Type-Options": "nosniff",
        "x-ms-correlation-request-id": "f3270694-5ab8-412a-9870-7a2f096445bf",
        "x-ms-ratelimit-remaining-subscription-writes": "1196",
        "x-ms-request-id": "f3270694-5ab8-412a-9870-7a2f096445bf",
        "x-ms-routing-request-id": "CENTRALINDIA:20211123T054330Z:f3270694-5ab8-412a-9870-7a2f096445bf"
      },
      "ResponseBody": {
        "id": "/subscriptions/f100532e-a283-4523-8ff6-a8cebadb6e9d/resourceGroups/SdkRg6276",
        "name": "SdkRg6276",
        "type": "Microsoft.Resources/resourceGroups",
        "location": "eastus",
        "properties": {
          "provisioningState": "Succeeded"
        }
      }
    },
    {
      "RequestUri": "https://management.azure.com/subscriptions/f100532e-a283-4523-8ff6-a8cebadb6e9d/resourceGroups/SdkRg6276/providers/Microsoft.EdgeOrder/addresses/SdkAddress5426?api-version=2021-12-01",
      "RequestMethod": "PUT",
      "RequestHeaders": {
        "Accept": "application/json",
        "Authorization": "Sanitized",
        "Content-Length": "385",
        "Content-Type": "application/json",
        "traceparent": "00-18024e89f29b9641ae684fb7d42b3feb-3da524b8ce6b5146-00",
        "User-Agent": "azsdk-net-ResourceManager.EdgeOrder/1.0.0-alpha.20211123.1 (.NET Framework 4.8.4420.0; Microsoft Windows 10.0.22000 )",
        "x-ms-client-request-id": "df74331a5dea83636bbed2f3d623e5ee",
        "x-ms-return-client-request-id": "true"
      },
      "RequestBody": {
        "location": "eastus",
        "properties": {
          "shippingAddress": {
            "streetAddress1": "16 TOWNSEND ST",
            "streetAddress2": "Unit 1",
            "city": "San Francisco",
            "stateOrProvince": "CA",
            "country": "US",
            "postalCode": "94107",
            "companyName": "Microsoft",
            "addressType": "Commercial"
          },
          "contactDetails": {
            "contactName": "Public SDK Test",
            "phone": "1234567890",
            "phoneExtension": "1234",
            "emailList": [
              "testing@microsoft.com"
            ]
          }
        }
      },
      "StatusCode": 200,
      "ResponseHeaders": {
        "Cache-Control": "no-cache",
        "Content-Length": "865",
        "Content-Type": "application/json; charset=utf-8",
        "Date": "Tue, 23 Nov 2021 05:43:31 GMT",
        "Expires": "-1",
        "Pragma": "no-cache",
        "Server": "Kestrel",
        "Strict-Transport-Security": "max-age=31536000; includeSubDomains",
        "X-Content-Type-Options": "nosniff",
        "x-ms-client-request-id": "df74331a5dea83636bbed2f3d623e5ee",
        "x-ms-correlation-request-id": "eccbb217-aece-4e3a-95b2-ba9714c3cb91",
        "x-ms-ratelimit-remaining-subscription-writes": "1195",
        "x-ms-request-id": "eccbb217-aece-4e3a-95b2-ba9714c3cb91",
        "x-ms-routing-request-id": "CENTRALINDIA:20211123T054331Z:eccbb217-aece-4e3a-95b2-ba9714c3cb91"
      },
      "ResponseBody": {
        "properties": {
          "shippingAddress": {
            "streetAddress1": "16 TOWNSEND ST",
            "streetAddress2": "Unit 1",
            "city": "San Francisco",
            "stateOrProvince": "CA",
            "country": "US",
            "postalCode": "94107",
            "companyName": "Microsoft",
            "addressType": "Commercial"
          },
          "contactDetails": {
            "contactName": "Public SDK Test",
            "phone": "1234567890",
            "phoneExtension": "1234",
            "emailList": [
              "testing@microsoft.com"
            ]
          },
          "addressValidationStatus": "Valid"
        },
        "systemData": {
          "createdBy": "Sanitized",
          "createdByType": "Application",
          "createdAt": "2021-11-22T12:42:44.5983613\u002B00:00",
          "lastModifiedBy": "Sanitized",
          "lastModifiedByType": "Application",
          "lastModifiedAt": "2021-11-23T05:43:30.8174125\u002B00:00"
        },
        "location": "eastus",
        "tags": {},
        "name": "SdkAddress5426",
        "id": "/subscriptions/f100532e-a283-4523-8ff6-a8cebadb6e9d/resourceGroups/SdkRg6276/providers/Microsoft.EdgeOrder/addresses/SdkAddress5426",
        "type": "Microsoft.EdgeOrder/addresses"
      }
    }
  ],
  "Variables": {
    "RandomSeed": "867666197",
    "SUBSCRIPTION_ID": "f100532e-a283-4523-8ff6-a8cebadb6e9d"
  }
}