{
  "Entries": [
    {
      "RequestUri": "https://testsynapseworkspace.dev.azuresynapse.net/datasets/MyDataset?api-version=2019-06-01-preview",
      "RequestMethod": "PUT",
      "RequestHeaders": {
        "Accept": "application/json",
        "Authorization": "Sanitized",
        "Content-Length": "150",
        "Content-Type": "application/json",
        "traceparent": "00-6e9a22281b85cd47b13c940ed10f9a5b-67c0d78b605f3a43-00",
        "User-Agent": [
          "azsdk-net-Analytics.Synapse.Artifacts/1.0.0-dev.20200826.1",
          "(.NET Framework 4.8.4200.0; Microsoft Windows 10.0.19041 )"
        ],
        "x-ms-client-request-id": "01ad924e620e9cdbf0994d2dcb6841ee",
        "x-ms-return-client-request-id": "true"
      },
      "RequestBody": {
        "properties": {
          "type": "Dataset",
          "linkedServiceName": {
            "type": "LinkedServiceReference",
            "referenceName": "testsynapseworkspace-WorkspaceDefaultStorage"
          }
        }
      },
      "StatusCode": 202,
      "ResponseHeaders": {
        "Access-Control-Allow-Headers": [
          "Location",
          "Retry-After"
        ],
        "Access-Control-Expose-Headers": [
          "Location",
          "Retry-After"
        ],
        "Content-Length": "374",
        "Content-Type": "application/json; charset=utf-8",
        "Date": "Wed, 26 Aug 2020 03:38:15 GMT",
        "Location": "https://testsynapseworkspace.dev.azuresynapse.net/operationResults/0a43abbe-8f28-4779-8ee8-f562c0cac961?api-version=2019-06-01-preview",
        "Retry-After": "10",
        "Server": "Microsoft-HTTPAPI/2.0",
        "Strict-Transport-Security": "max-age=31536000; includeSubDomains",
        "x-ms-client-request-id": "01ad924e620e9cdbf0994d2dcb6841ee",
        "x-ms-request-id": "e4a8e4b6-f8b8-4cb5-b09d-85129ba21c70"
      },
      "ResponseBody": {
        "id": "/subscriptions/051ddeca-1ed6-4d8b-ba6f-1ff561e5f3b3/resourceGroups/zzy-test-rg/providers/Microsoft.Synapse/workspaces/testsynapseworkspace/datasets/MyDataset",
        "recordId": 212317,
        "state": "Creating",
        "created": "2020-08-26T03:38:15.6466667Z",
        "changed": "2020-08-26T03:38:15.6466667Z",
        "type": "Dataset",
        "name": "MyDataset",
        "operationId": "0a43abbe-8f28-4779-8ee8-f562c0cac961"
      }
    },
    {
      "RequestUri": "https://testsynapseworkspace.dev.azuresynapse.net/operationResults/0a43abbe-8f28-4779-8ee8-f562c0cac961?api-version=2019-06-01-preview",
      "RequestMethod": "GET",
      "RequestHeaders": {
        "Authorization": "Sanitized",
        "User-Agent": [
          "azsdk-net-Analytics.Synapse.Artifacts/1.0.0-dev.20200826.1",
          "(.NET Framework 4.8.4200.0; Microsoft Windows 10.0.19041 )"
        ],
        "x-ms-client-request-id": "8f517cf043cd64a7420830f4f4859eaf",
        "x-ms-return-client-request-id": "true"
      },
      "RequestBody": null,
      "StatusCode": 202,
      "ResponseHeaders": {
        "Access-Control-Allow-Headers": [
          "Location",
          "Retry-After"
        ],
        "Access-Control-Expose-Headers": [
          "Location",
          "Retry-After"
        ],
        "Content-Length": "23",
        "Content-Type": "application/json; charset=utf-8",
        "Date": "Wed, 26 Aug 2020 03:38:15 GMT",
        "Location": "https://testsynapseworkspace.dev.azuresynapse.net/operationResults/0a43abbe-8f28-4779-8ee8-f562c0cac961?api-version=2019-06-01-preview",
        "Retry-After": "10",
        "Server": "Microsoft-HTTPAPI/2.0",
        "Strict-Transport-Security": "max-age=31536000; includeSubDomains",
        "x-ms-client-request-id": "8f517cf043cd64a7420830f4f4859eaf",
        "x-ms-request-id": "e4b395ac-e4e8-4f77-b13b-1009b8f8a08e"
      },
      "ResponseBody": {
        "status": "InProgress"
      }
    },
    {
      "RequestUri": "https://testsynapseworkspace.dev.azuresynapse.net/operationResults/0a43abbe-8f28-4779-8ee8-f562c0cac961?api-version=2019-06-01-preview",
      "RequestMethod": "GET",
      "RequestHeaders": {
        "Authorization": "Sanitized",
        "User-Agent": [
          "azsdk-net-Analytics.Synapse.Artifacts/1.0.0-dev.20200826.1",
          "(.NET Framework 4.8.4200.0; Microsoft Windows 10.0.19041 )"
        ],
        "x-ms-client-request-id": "aeddaa2fbb42462a2bed69560467197e",
        "x-ms-return-client-request-id": "true"
      },
      "RequestBody": null,
      "StatusCode": 202,
      "ResponseHeaders": {
        "Access-Control-Allow-Headers": [
          "Location",
          "Retry-After"
        ],
        "Access-Control-Expose-Headers": [
          "Location",
          "Retry-After"
        ],
        "Content-Length": "23",
        "Content-Type": "application/json; charset=utf-8",
        "Date": "Wed, 26 Aug 2020 03:38:15 GMT",
        "Location": "https://testsynapseworkspace.dev.azuresynapse.net/operationResults/0a43abbe-8f28-4779-8ee8-f562c0cac961?api-version=2019-06-01-preview",
        "Retry-After": "10",
        "Server": "Microsoft-HTTPAPI/2.0",
        "Strict-Transport-Security": "max-age=31536000; includeSubDomains",
        "x-ms-client-request-id": "aeddaa2fbb42462a2bed69560467197e",
        "x-ms-request-id": "b8d14e77-cf18-43e2-ae0b-59e15d2d6b53"
      },
      "ResponseBody": {
        "status": "InProgress"
      }
    },
    {
      "RequestUri": "https://testsynapseworkspace.dev.azuresynapse.net/operationResults/0a43abbe-8f28-4779-8ee8-f562c0cac961?api-version=2019-06-01-preview",
      "RequestMethod": "GET",
      "RequestHeaders": {
        "Authorization": "Sanitized",
        "User-Agent": [
          "azsdk-net-Analytics.Synapse.Artifacts/1.0.0-dev.20200826.1",
          "(.NET Framework 4.8.4200.0; Microsoft Windows 10.0.19041 )"
        ],
        "x-ms-client-request-id": "4e3c1716b117dd20af702cdad872cb12",
        "x-ms-return-client-request-id": "true"
      },
      "RequestBody": null,
      "StatusCode": 202,
      "ResponseHeaders": {
        "Access-Control-Allow-Headers": [
          "Location",
          "Retry-After"
        ],
        "Access-Control-Expose-Headers": [
          "Location",
          "Retry-After"
        ],
        "Content-Length": "23",
        "Content-Type": "application/json; charset=utf-8",
        "Date": "Wed, 26 Aug 2020 03:38:15 GMT",
        "Location": "https://testsynapseworkspace.dev.azuresynapse.net/operationResults/0a43abbe-8f28-4779-8ee8-f562c0cac961?api-version=2019-06-01-preview",
        "Retry-After": "10",
        "Server": "Microsoft-HTTPAPI/2.0",
        "Strict-Transport-Security": "max-age=31536000; includeSubDomains",
        "x-ms-client-request-id": "4e3c1716b117dd20af702cdad872cb12",
        "x-ms-request-id": "8f21b913-b132-4602-bb84-d3b4e79497c3"
      },
      "ResponseBody": {
        "status": "InProgress"
      }
    },
    {
      "RequestUri": "https://testsynapseworkspace.dev.azuresynapse.net/operationResults/0a43abbe-8f28-4779-8ee8-f562c0cac961?api-version=2019-06-01-preview",
      "RequestMethod": "GET",
      "RequestHeaders": {
        "Authorization": "Sanitized",
        "User-Agent": [
          "azsdk-net-Analytics.Synapse.Artifacts/1.0.0-dev.20200826.1",
          "(.NET Framework 4.8.4200.0; Microsoft Windows 10.0.19041 )"
        ],
        "x-ms-client-request-id": "d745ae19d49435f3520b63e0d95060da",
        "x-ms-return-client-request-id": "true"
      },
      "RequestBody": null,
      "StatusCode": 202,
      "ResponseHeaders": {
        "Access-Control-Allow-Headers": [
          "Location",
          "Retry-After"
        ],
        "Access-Control-Expose-Headers": [
          "Location",
          "Retry-After"
        ],
        "Content-Length": "23",
        "Content-Type": "application/json; charset=utf-8",
        "Date": "Wed, 26 Aug 2020 03:38:16 GMT",
        "Location": "https://testsynapseworkspace.dev.azuresynapse.net/operationResults/0a43abbe-8f28-4779-8ee8-f562c0cac961?api-version=2019-06-01-preview",
        "Retry-After": "10",
        "Server": "Microsoft-HTTPAPI/2.0",
        "Strict-Transport-Security": "max-age=31536000; includeSubDomains",
        "x-ms-client-request-id": "d745ae19d49435f3520b63e0d95060da",
        "x-ms-request-id": "1577dcfe-7a48-4c3f-9dac-3cb07394bd7d"
      },
      "ResponseBody": {
        "status": "InProgress"
      }
    },
    {
      "RequestUri": "https://testsynapseworkspace.dev.azuresynapse.net/operationResults/0a43abbe-8f28-4779-8ee8-f562c0cac961?api-version=2019-06-01-preview",
      "RequestMethod": "GET",
      "RequestHeaders": {
        "Authorization": "Sanitized",
        "User-Agent": [
          "azsdk-net-Analytics.Synapse.Artifacts/1.0.0-dev.20200826.1",
          "(.NET Framework 4.8.4200.0; Microsoft Windows 10.0.19041 )"
        ],
        "x-ms-client-request-id": "dcddb1ef4f497d988afffed18f4f6db9",
        "x-ms-return-client-request-id": "true"
      },
      "RequestBody": null,
      "StatusCode": 202,
      "ResponseHeaders": {
        "Access-Control-Allow-Headers": [
          "Location",
          "Retry-After"
        ],
        "Access-Control-Expose-Headers": [
          "Location",
          "Retry-After"
        ],
        "Content-Length": "23",
        "Content-Type": "application/json; charset=utf-8",
        "Date": "Wed, 26 Aug 2020 03:38:16 GMT",
        "Location": "https://testsynapseworkspace.dev.azuresynapse.net/operationResults/0a43abbe-8f28-4779-8ee8-f562c0cac961?api-version=2019-06-01-preview",
        "Retry-After": "10",
        "Server": "Microsoft-HTTPAPI/2.0",
        "Strict-Transport-Security": "max-age=31536000; includeSubDomains",
        "x-ms-client-request-id": "dcddb1ef4f497d988afffed18f4f6db9",
        "x-ms-request-id": "26bd212a-0b4b-4a69-bf76-308c452f1a84"
      },
      "ResponseBody": {
        "status": "InProgress"
      }
    },
    {
      "RequestUri": "https://testsynapseworkspace.dev.azuresynapse.net/operationResults/0a43abbe-8f28-4779-8ee8-f562c0cac961?api-version=2019-06-01-preview",
      "RequestMethod": "GET",
      "RequestHeaders": {
        "Authorization": "Sanitized",
        "User-Agent": [
          "azsdk-net-Analytics.Synapse.Artifacts/1.0.0-dev.20200826.1",
          "(.NET Framework 4.8.4200.0; Microsoft Windows 10.0.19041 )"
        ],
        "x-ms-client-request-id": "553c5622412241ea2306fc0b4e40045e",
        "x-ms-return-client-request-id": "true"
      },
      "RequestBody": null,
      "StatusCode": 200,
      "ResponseHeaders": {
        "Cache-Control": "no-cache",
        "Content-Length": "427",
        "Content-Type": "application/json; charset=utf-8",
        "Date": "Wed, 26 Aug 2020 03:38:16 GMT",
        "Expires": "-1",
        "Pragma": "no-cache",
        "Server": [
          "Microsoft-IIS/10.0",
          "Microsoft-HTTPAPI/2.0"
        ],
        "Strict-Transport-Security": "max-age=15724800; includeSubDomains",
        "X-Content-Type-Options": "nosniff",
        "x-ms-client-request-id": "553c5622412241ea2306fc0b4e40045e",
        "x-ms-correlation-request-id": "039c7771-78ee-43ed-a12a-cd61fb8abfd2",
        "x-ms-request-id": "dabdca2c-6549-4d72-8788-7fc419581533",
        "X-Powered-By": "ASP.NET"
      },
      "ResponseBody": {
        "id": "/subscriptions/051ddeca-1ed6-4d8b-ba6f-1ff561e5f3b3/resourceGroups/zzy-test-rg/providers/Microsoft.Synapse/workspaces/testsynapseworkspace/datasets/MyDataset",
        "name": "MyDataset",
        "type": "Microsoft.Synapse/workspaces/datasets",
        "properties": {
          "type": "Dataset",
          "linkedServiceName": {
            "type": "LinkedServiceReference",
            "referenceName": "testsynapseworkspace-WorkspaceDefaultStorage"
          }
        },
        "etag": "0500cbc8-0000-0100-0000-5f45d9280000"
      }
    }
  ],
  "Variables": {
    "AZURE_SYNAPSE_WORKSPACE_URL": "https://testsynapseworkspace.dev.azuresynapse.net",
    "RandomSeed": "1804698310"
  }
}