{
  "Entries": [
    {
      "RequestUri": "/subscriptions/e2f361f0-3b27-4503-a9cc-21cfba380093/providers/Microsoft.EventHub?api-version=2015-11-01",
      "EncodedRequestUri": "L3N1YnNjcmlwdGlvbnMvZTJmMzYxZjAtM2IyNy00NTAzLWE5Y2MtMjFjZmJhMzgwMDkzL3Byb3ZpZGVycy9NaWNyb3NvZnQuRXZlbnRIdWI/YXBpLXZlcnNpb249MjAxNS0xMS0wMQ==",
      "RequestMethod": "GET",
      "RequestBody": "",
      "RequestHeaders": {
        "x-ms-client-request-id": [
          "e1aa6bd3-9962-4b1e-9a56-13f6201afcf2"
        ],
        "accept-language": [
          "en-US"
        ],
        "User-Agent": [
          "FxVersion/4.6.25714.03",
          "Microsoft.Azure.Management.Resources.ResourceManagementClient/1.0.0.0"
        ]
      },
      "ResponseBody": "{\r\n  \"id\": \"/subscriptions/e2f361f0-3b27-4503-a9cc-21cfba380093/providers/Microsoft.EventHub\",\r\n  \"namespace\": \"Microsoft.EventHub\",\r\n  \"authorization\": {\r\n    \"applicationId\": \"80369ed6-5f11-4dd9-bef3-692475845e77\",\r\n    \"roleDefinitionId\": \"eb8e1991-5de0-42a6-a64b-29b059341b7b\"\r\n  },\r\n  \"resourceTypes\": [\r\n    {\r\n      \"resourceType\": \"namespaces\",\r\n      \"locations\": [\r\n        \"Australia East\",\r\n        \"Australia Southeast\",\r\n        \"Central US\",\r\n        \"East US\",\r\n        \"East US 2\",\r\n        \"West US\",\r\n        \"West US 2\",\r\n        \"North Central US\",\r\n        \"South Central US\",\r\n        \"West Central US\",\r\n        \"East Asia\",\r\n        \"Southeast Asia\",\r\n        \"Brazil South\",\r\n        \"Japan East\",\r\n        \"Japan West\",\r\n        \"North Europe\",\r\n        \"West Europe\",\r\n        \"Central India\",\r\n        \"South India\",\r\n        \"West India\",\r\n        \"Canada Central\",\r\n        \"Canada East\",\r\n        \"UK West\",\r\n        \"UK South\",\r\n        \"Korea Central\",\r\n        \"Korea South\",\r\n        \"France Central\"\r\n      ],\r\n      \"apiVersions\": [\r\n        \"2017-04-01\",\r\n        \"2015-08-01\",\r\n        \"2014-09-01\"\r\n      ],\r\n      \"capabilities\": \"CrossResourceGroupResourceMove, CrossSubscriptionResourceMove\"\r\n    },\r\n    {\r\n      \"resourceType\": \"clusters\",\r\n      \"locations\": [\r\n        \"Australia East\",\r\n        \"Australia Southeast\",\r\n        \"Central US\",\r\n        \"East US\",\r\n        \"East US 2\",\r\n        \"West US\",\r\n        \"West US 2\",\r\n        \"North Central US\",\r\n        \"South Central US\",\r\n        \"West Central US\",\r\n        \"East Asia\",\r\n        \"Southeast Asia\",\r\n        \"Brazil South\",\r\n        \"Japan East\",\r\n        \"Japan West\",\r\n        \"North Europe\",\r\n        \"West Europe\",\r\n        \"Central India\",\r\n        \"South India\",\r\n        \"West India\",\r\n        \"Canada Central\",\r\n        \"Canada East\",\r\n        \"UK West\",\r\n        \"UK South\",\r\n        \"Korea Central\",\r\n        \"Korea South\",\r\n        \"France Central\"\r\n      ],\r\n      \"apiVersions\": [\r\n        \"2018-01-01-preview\"\r\n      ],\r\n      \"capabilities\": \"CrossResourceGroupResourceMove, CrossSubscriptionResourceMove\"\r\n    },\r\n    {\r\n      \"resourceType\": \"namespaces/authorizationrules\",\r\n      \"locations\": [],\r\n      \"apiVersions\": [\r\n        \"2017-04-01\",\r\n        \"2015-08-01\",\r\n        \"2014-09-01\"\r\n      ]\r\n    },\r\n    {\r\n      \"resourceType\": \"namespaces/eventhubs\",\r\n      \"locations\": [],\r\n      \"apiVersions\": [\r\n        \"2017-04-01\",\r\n        \"2015-08-01\",\r\n        \"2014-09-01\"\r\n      ]\r\n    },\r\n    {\r\n      \"resourceType\": \"namespaces/eventhubs/authorizationrules\",\r\n      \"locations\": [],\r\n      \"apiVersions\": [\r\n        \"2017-04-01\",\r\n        \"2015-08-01\",\r\n        \"2014-09-01\"\r\n      ]\r\n    },\r\n    {\r\n      \"resourceType\": \"namespaces/eventhubs/consumergroups\",\r\n      \"locations\": [],\r\n      \"apiVersions\": [\r\n        \"2017-04-01\",\r\n        \"2015-08-01\",\r\n        \"2014-09-01\"\r\n      ]\r\n    },\r\n    {\r\n      \"resourceType\": \"checkNamespaceAvailability\",\r\n      \"locations\": [],\r\n      \"apiVersions\": [\r\n        \"2015-08-01\",\r\n        \"2014-09-01\"\r\n      ]\r\n    },\r\n    {\r\n      \"resourceType\": \"checkNameAvailability\",\r\n      \"locations\": [],\r\n      \"apiVersions\": [\r\n        \"2017-04-01\",\r\n        \"2015-08-01\",\r\n        \"2014-09-01\"\r\n      ]\r\n    },\r\n    {\r\n      \"resourceType\": \"sku\",\r\n      \"locations\": [],\r\n      \"apiVersions\": [\r\n        \"2017-04-01\",\r\n        \"2015-08-01\",\r\n        \"2014-09-01\"\r\n      ]\r\n    },\r\n    {\r\n      \"resourceType\": \"operations\",\r\n      \"locations\": [],\r\n      \"apiVersions\": [\r\n        \"2017-04-01\",\r\n        \"2015-08-01\",\r\n        \"2014-09-01\"\r\n      ]\r\n    },\r\n    {\r\n      \"resourceType\": \"namespaces/disasterrecoveryconfigs\",\r\n      \"locations\": [],\r\n      \"apiVersions\": [\r\n        \"2017-04-01\"\r\n      ]\r\n    }\r\n  ],\r\n  \"registrationState\": \"Registered\"\r\n}",
      "ResponseHeaders": {
        "Content-Type": [
          "application/json; charset=utf-8"
        ],
        "Expires": [
          "-1"
        ],
        "Cache-Control": [
          "no-cache"
        ],
        "Date": [
          "Wed, 02 May 2018 21:38:30 GMT"
        ],
        "Pragma": [
          "no-cache"
        ],
        "Vary": [
          "Accept-Encoding"
        ],
        "x-ms-ratelimit-remaining-subscription-reads": [
          "14999"
        ],
        "x-ms-request-id": [
          "1188a3a2-e994-49b1-ba76-ceffd2db59be"
        ],
        "x-ms-correlation-request-id": [
          "1188a3a2-e994-49b1-ba76-ceffd2db59be"
        ],
        "x-ms-routing-request-id": [
          "WESTUS2:20180502T213831Z:1188a3a2-e994-49b1-ba76-ceffd2db59be"
        ],
        "Strict-Transport-Security": [
          "max-age=31536000; includeSubDomains"
        ],
        "X-Content-Type-Options": [
          "nosniff"
        ]
      },
      "StatusCode": 200
    },
    {
      "RequestUri": "/subscriptions/e2f361f0-3b27-4503-a9cc-21cfba380093/resourcegroups?api-version=2015-11-01",
      "EncodedRequestUri": "L3N1YnNjcmlwdGlvbnMvZTJmMzYxZjAtM2IyNy00NTAzLWE5Y2MtMjFjZmJhMzgwMDkzL3Jlc291cmNlZ3JvdXBzP2FwaS12ZXJzaW9uPTIwMTUtMTEtMDE=",
      "RequestMethod": "GET",
      "RequestBody": "",
      "RequestHeaders": {
        "x-ms-client-request-id": [
          "91a48eac-1389-4d17-a2e0-0a86c0b3cc57"
        ],
        "accept-language": [
          "en-US"
        ],
        "User-Agent": [
          "FxVersion/4.6.25714.03",
          "Microsoft.Azure.Management.Resources.ResourceManagementClient/1.0.0.0"
        ]
      },
      "ResponseBody": "{\r\n  \"value\": [\r\n    {\r\n      \"id\": \"/subscriptions/e2f361f0-3b27-4503-a9cc-21cfba380093/resourceGroups/Default-EventHub-SouthCentralUS\",\r\n      \"name\": \"Default-EventHub-SouthCentralUS\",\r\n      \"location\": \"southcentralus\",\r\n      \"properties\": {\r\n        \"provisioningState\": \"Succeeded\"\r\n      }\r\n    },\r\n    {\r\n      \"id\": \"/subscriptions/e2f361f0-3b27-4503-a9cc-21cfba380093/resourceGroups/Default-MachineLearning-SouthCentralUS\",\r\n      \"name\": \"Default-MachineLearning-SouthCentralUS\",\r\n      \"location\": \"southcentralus\",\r\n      \"properties\": {\r\n        \"provisioningState\": \"Succeeded\"\r\n      }\r\n    },\r\n    {\r\n      \"id\": \"/subscriptions/e2f361f0-3b27-4503-a9cc-21cfba380093/resourceGroups/Default-Networking\",\r\n      \"name\": \"Default-Networking\",\r\n      \"location\": \"westus\",\r\n      \"properties\": {\r\n        \"provisioningState\": \"Succeeded\"\r\n      }\r\n    },\r\n    {\r\n      \"id\": \"/subscriptions/e2f361f0-3b27-4503-a9cc-21cfba380093/resourceGroups/Default-NotificationHubs-AustraliaEast\",\r\n      \"name\": \"Default-NotificationHubs-AustraliaEast\",\r\n      \"location\": \"australiaeast\",\r\n      \"properties\": {\r\n        \"provisioningState\": \"Succeeded\"\r\n      }\r\n    },\r\n    {\r\n      \"id\": \"/subscriptions/e2f361f0-3b27-4503-a9cc-21cfba380093/resourceGroups/Default-NotificationHubs-CentralUS\",\r\n      \"name\": \"Default-NotificationHubs-CentralUS\",\r\n      \"location\": \"centralus\",\r\n      \"properties\": {\r\n        \"provisioningState\": \"Succeeded\"\r\n      }\r\n    },\r\n    {\r\n      \"id\": \"/subscriptions/e2f361f0-3b27-4503-a9cc-21cfba380093/resourceGroups/Default-ServiceBus-WestUS\",\r\n      \"name\": \"Default-ServiceBus-WestUS\",\r\n      \"location\": \"westus\",\r\n      \"properties\": {\r\n        \"provisioningState\": \"Succeeded\"\r\n      }\r\n    },\r\n    {\r\n      \"id\": \"/subscriptions/e2f361f0-3b27-4503-a9cc-21cfba380093/resourceGroups/Default-SQL-WestUS\",\r\n      \"name\": \"Default-SQL-WestUS\",\r\n      \"location\": \"westus\",\r\n      \"properties\": {\r\n        \"provisioningState\": \"Succeeded\"\r\n      }\r\n    },\r\n    {\r\n      \"id\": \"/subscriptions/e2f361f0-3b27-4503-a9cc-21cfba380093/resourceGroups/Default-Storage-CentralUS\",\r\n      \"name\": \"Default-Storage-CentralUS\",\r\n      \"location\": \"centralus\",\r\n      \"properties\": {\r\n        \"provisioningState\": \"Succeeded\"\r\n      }\r\n    },\r\n    {\r\n      \"id\": \"/subscriptions/e2f361f0-3b27-4503-a9cc-21cfba380093/resourceGroups/Default-Storage-EastAsia\",\r\n      \"name\": \"Default-Storage-EastAsia\",\r\n      \"location\": \"eastasia\",\r\n      \"properties\": {\r\n        \"provisioningState\": \"Succeeded\"\r\n      }\r\n    },\r\n    {\r\n      \"id\": \"/subscriptions/e2f361f0-3b27-4503-a9cc-21cfba380093/resourceGroups/Default-Storage-SouthCentralUS\",\r\n      \"name\": \"Default-Storage-SouthCentralUS\",\r\n      \"location\": \"southcentralus\",\r\n      \"properties\": {\r\n        \"provisioningState\": \"Succeeded\"\r\n      }\r\n    },\r\n    {\r\n      \"id\": \"/subscriptions/e2f361f0-3b27-4503-a9cc-21cfba380093/resourceGroups/Default-Storage-WestUS\",\r\n      \"name\": \"Default-Storage-WestUS\",\r\n      \"location\": \"westus\",\r\n      \"properties\": {\r\n        \"provisioningState\": \"Succeeded\"\r\n      }\r\n    },\r\n    {\r\n      \"id\": \"/subscriptions/e2f361f0-3b27-4503-a9cc-21cfba380093/resourceGroups/Default-Web-WestUS\",\r\n      \"name\": \"Default-Web-WestUS\",\r\n      \"location\": \"westus\",\r\n      \"properties\": {\r\n        \"provisioningState\": \"Succeeded\"\r\n      }\r\n    },\r\n    {\r\n      \"id\": \"/subscriptions/e2f361f0-3b27-4503-a9cc-21cfba380093/resourceGroups/Mobile-Default-Web-WestUS\",\r\n      \"name\": \"Mobile-Default-Web-WestUS\",\r\n      \"location\": \"westus\",\r\n      \"properties\": {\r\n        \"provisioningState\": \"Succeeded\"\r\n      }\r\n    },\r\n    {\r\n      \"id\": \"/subscriptions/e2f361f0-3b27-4503-a9cc-21cfba380093/resourceGroups/myFluentResourceGroup\",\r\n      \"name\": \"myFluentResourceGroup\",\r\n      \"location\": \"westus\",\r\n      \"properties\": {\r\n        \"provisioningState\": \"Succeeded\"\r\n      }\r\n    },\r\n    {\r\n      \"id\": \"/subscriptions/e2f361f0-3b27-4503-a9cc-21cfba380093/resourceGroups/ps1426\",\r\n      \"name\": \"ps1426\",\r\n      \"location\": \"southcentralus\",\r\n      \"properties\": {\r\n        \"provisioningState\": \"Succeeded\"\r\n      }\r\n    },\r\n    {\r\n      \"id\": \"/subscriptions/e2f361f0-3b27-4503-a9cc-21cfba380093/resourceGroups/ps1594\",\r\n      \"name\": \"ps1594\",\r\n      \"location\": \"southcentralus\",\r\n      \"properties\": {\r\n        \"provisioningState\": \"Succeeded\"\r\n      }\r\n    },\r\n    {\r\n      \"id\": \"/subscriptions/e2f361f0-3b27-4503-a9cc-21cfba380093/resourceGroups/ps1600\",\r\n      \"name\": \"ps1600\",\r\n      \"location\": \"southcentralus\",\r\n      \"properties\": {\r\n        \"provisioningState\": \"Succeeded\"\r\n      }\r\n    },\r\n    {\r\n      \"id\": \"/subscriptions/e2f361f0-3b27-4503-a9cc-21cfba380093/resourceGroups/ps1868\",\r\n      \"name\": \"ps1868\",\r\n      \"location\": \"westus\",\r\n      \"properties\": {\r\n        \"provisioningState\": \"Succeeded\"\r\n      }\r\n    },\r\n    {\r\n      \"id\": \"/subscriptions/e2f361f0-3b27-4503-a9cc-21cfba380093/resourceGroups/ps2451\",\r\n      \"name\": \"ps2451\",\r\n      \"location\": \"southcentralus\",\r\n      \"properties\": {\r\n        \"provisioningState\": \"Succeeded\"\r\n      }\r\n    },\r\n    {\r\n      \"id\": \"/subscriptions/e2f361f0-3b27-4503-a9cc-21cfba380093/resourceGroups/ps3560\",\r\n      \"name\": \"ps3560\",\r\n      \"location\": \"southcentralus\",\r\n      \"properties\": {\r\n        \"provisioningState\": \"Succeeded\"\r\n      }\r\n    },\r\n    {\r\n      \"id\": \"/subscriptions/e2f361f0-3b27-4503-a9cc-21cfba380093/resourceGroups/ps4238\",\r\n      \"name\": \"ps4238\",\r\n      \"location\": \"westus\",\r\n      \"properties\": {\r\n        \"provisioningState\": \"Succeeded\"\r\n      }\r\n    },\r\n    {\r\n      \"id\": \"/subscriptions/e2f361f0-3b27-4503-a9cc-21cfba380093/resourceGroups/ps4646\",\r\n      \"name\": \"ps4646\",\r\n      \"location\": \"southcentralus\",\r\n      \"properties\": {\r\n        \"provisioningState\": \"Succeeded\"\r\n      }\r\n    },\r\n    {\r\n      \"id\": \"/subscriptions/e2f361f0-3b27-4503-a9cc-21cfba380093/resourceGroups/ps4744\",\r\n      \"name\": \"ps4744\",\r\n      \"location\": \"westus\",\r\n      \"properties\": {\r\n        \"provisioningState\": \"Succeeded\"\r\n      }\r\n    },\r\n    {\r\n      \"id\": \"/subscriptions/e2f361f0-3b27-4503-a9cc-21cfba380093/resourceGroups/ps53\",\r\n      \"name\": \"ps53\",\r\n      \"location\": \"southcentralus\",\r\n      \"properties\": {\r\n        \"provisioningState\": \"Succeeded\"\r\n      }\r\n    },\r\n    {\r\n      \"id\": \"/subscriptions/e2f361f0-3b27-4503-a9cc-21cfba380093/resourceGroups/ps5626\",\r\n      \"name\": \"ps5626\",\r\n      \"location\": \"southcentralus\",\r\n      \"properties\": {\r\n        \"provisioningState\": \"Succeeded\"\r\n      }\r\n    },\r\n    {\r\n      \"id\": \"/subscriptions/e2f361f0-3b27-4503-a9cc-21cfba380093/resourceGroups/ps6195\",\r\n      \"name\": \"ps6195\",\r\n      \"location\": \"southcentralus\",\r\n      \"properties\": {\r\n        \"provisioningState\": \"Succeeded\"\r\n      }\r\n    },\r\n    {\r\n      \"id\": \"/subscriptions/e2f361f0-3b27-4503-a9cc-21cfba380093/resourceGroups/ps63\",\r\n      \"name\": \"ps63\",\r\n      \"location\": \"southcentralus\",\r\n      \"properties\": {\r\n        \"provisioningState\": \"Succeeded\"\r\n      }\r\n    },\r\n    {\r\n      \"id\": \"/subscriptions/e2f361f0-3b27-4503-a9cc-21cfba380093/resourceGroups/ps639\",\r\n      \"name\": \"ps639\",\r\n      \"location\": \"westus\",\r\n      \"properties\": {\r\n        \"provisioningState\": \"Succeeded\"\r\n      }\r\n    },\r\n    {\r\n      \"id\": \"/subscriptions/e2f361f0-3b27-4503-a9cc-21cfba380093/resourceGroups/ps6596\",\r\n      \"name\": \"ps6596\",\r\n      \"location\": \"southcentralus\",\r\n      \"properties\": {\r\n        \"provisioningState\": \"Succeeded\"\r\n      }\r\n    },\r\n    {\r\n      \"id\": \"/subscriptions/e2f361f0-3b27-4503-a9cc-21cfba380093/resourceGroups/ps7581\",\r\n      \"name\": \"ps7581\",\r\n      \"location\": \"westus\",\r\n      \"properties\": {\r\n        \"provisioningState\": \"Succeeded\"\r\n      }\r\n    },\r\n    {\r\n      \"id\": \"/subscriptions/e2f361f0-3b27-4503-a9cc-21cfba380093/resourceGroups/ps7707\",\r\n      \"name\": \"ps7707\",\r\n      \"location\": \"southcentralus\",\r\n      \"properties\": {\r\n        \"provisioningState\": \"Succeeded\"\r\n      }\r\n    },\r\n    {\r\n      \"id\": \"/subscriptions/e2f361f0-3b27-4503-a9cc-21cfba380093/resourceGroups/ps7999\",\r\n      \"name\": \"ps7999\",\r\n      \"location\": \"westus\",\r\n      \"properties\": {\r\n        \"provisioningState\": \"Succeeded\"\r\n      }\r\n    },\r\n    {\r\n      \"id\": \"/subscriptions/e2f361f0-3b27-4503-a9cc-21cfba380093/resourceGroups/ps8091\",\r\n      \"name\": \"ps8091\",\r\n      \"location\": \"southcentralus\",\r\n      \"properties\": {\r\n        \"provisioningState\": \"Succeeded\"\r\n      }\r\n    },\r\n    {\r\n      \"id\": \"/subscriptions/e2f361f0-3b27-4503-a9cc-21cfba380093/resourceGroups/ps8132\",\r\n      \"name\": \"ps8132\",\r\n      \"location\": \"westus\",\r\n      \"properties\": {\r\n        \"provisioningState\": \"Succeeded\"\r\n      }\r\n    },\r\n    {\r\n      \"id\": \"/subscriptions/e2f361f0-3b27-4503-a9cc-21cfba380093/resourceGroups/ps8239\",\r\n      \"name\": \"ps8239\",\r\n      \"location\": \"southcentralus\",\r\n      \"properties\": {\r\n        \"provisioningState\": \"Succeeded\"\r\n      }\r\n    },\r\n    {\r\n      \"id\": \"/subscriptions/e2f361f0-3b27-4503-a9cc-21cfba380093/resourceGroups/ps840\",\r\n      \"name\": \"ps840\",\r\n      \"location\": \"southcentralus\",\r\n      \"properties\": {\r\n        \"provisioningState\": \"Succeeded\"\r\n      }\r\n    },\r\n    {\r\n      \"id\": \"/subscriptions/e2f361f0-3b27-4503-a9cc-21cfba380093/resourceGroups/ps8400\",\r\n      \"name\": \"ps8400\",\r\n      \"location\": \"southcentralus\",\r\n      \"properties\": {\r\n        \"provisioningState\": \"Succeeded\"\r\n      }\r\n    },\r\n    {\r\n      \"id\": \"/subscriptions/e2f361f0-3b27-4503-a9cc-21cfba380093/resourceGroups/ps8592\",\r\n      \"name\": \"ps8592\",\r\n      \"location\": \"southcentralus\",\r\n      \"properties\": {\r\n        \"provisioningState\": \"Succeeded\"\r\n      }\r\n    },\r\n    {\r\n      \"id\": \"/subscriptions/e2f361f0-3b27-4503-a9cc-21cfba380093/resourceGroups/ps880\",\r\n      \"name\": \"ps880\",\r\n      \"location\": \"westus\",\r\n      \"properties\": {\r\n        \"provisioningState\": \"Succeeded\"\r\n      }\r\n    },\r\n    {\r\n      \"id\": \"/subscriptions/e2f361f0-3b27-4503-a9cc-21cfba380093/resourceGroups/ps8865\",\r\n      \"name\": \"ps8865\",\r\n      \"location\": \"southcentralus\",\r\n      \"properties\": {\r\n        \"provisioningState\": \"Succeeded\"\r\n      }\r\n    },\r\n    {\r\n      \"id\": \"/subscriptions/e2f361f0-3b27-4503-a9cc-21cfba380093/resourceGroups/ps8973\",\r\n      \"name\": \"ps8973\",\r\n      \"location\": \"southcentralus\",\r\n      \"properties\": {\r\n        \"provisioningState\": \"Succeeded\"\r\n      }\r\n    },\r\n    {\r\n      \"id\": \"/subscriptions/e2f361f0-3b27-4503-a9cc-21cfba380093/resourceGroups/ps9079\",\r\n      \"name\": \"ps9079\",\r\n      \"location\": \"southcentralus\",\r\n      \"properties\": {\r\n        \"provisioningState\": \"Succeeded\"\r\n      }\r\n    },\r\n    {\r\n      \"id\": \"/subscriptions/e2f361f0-3b27-4503-a9cc-21cfba380093/resourceGroups/ps9084\",\r\n      \"name\": \"ps9084\",\r\n      \"location\": \"southcentralus\",\r\n      \"properties\": {\r\n        \"provisioningState\": \"Succeeded\"\r\n      }\r\n    },\r\n    {\r\n      \"id\": \"/subscriptions/e2f361f0-3b27-4503-a9cc-21cfba380093/resourceGroups/ps9120\",\r\n      \"name\": \"ps9120\",\r\n      \"location\": \"southcentralus\",\r\n      \"properties\": {\r\n        \"provisioningState\": \"Succeeded\"\r\n      }\r\n    },\r\n    {\r\n      \"id\": \"/subscriptions/e2f361f0-3b27-4503-a9cc-21cfba380093/resourceGroups/ps9196\",\r\n      \"name\": \"ps9196\",\r\n      \"location\": \"southcentralus\",\r\n      \"properties\": {\r\n        \"provisioningState\": \"Succeeded\"\r\n      }\r\n    },\r\n    {\r\n      \"id\": \"/subscriptions/e2f361f0-3b27-4503-a9cc-21cfba380093/resourceGroups/ps9296\",\r\n      \"name\": \"ps9296\",\r\n      \"location\": \"southcentralus\",\r\n      \"properties\": {\r\n        \"provisioningState\": \"Succeeded\"\r\n      }\r\n    },\r\n    {\r\n      \"id\": \"/subscriptions/e2f361f0-3b27-4503-a9cc-21cfba380093/resourceGroups/ps9724\",\r\n      \"name\": \"ps9724\",\r\n      \"location\": \"southcentralus\",\r\n      \"properties\": {\r\n        \"provisioningState\": \"Succeeded\"\r\n      }\r\n    },\r\n    {\r\n      \"id\": \"/subscriptions/e2f361f0-3b27-4503-a9cc-21cfba380093/resourceGroups/ps9887\",\r\n      \"name\": \"ps9887\",\r\n      \"location\": \"westus\",\r\n      \"properties\": {\r\n        \"provisioningState\": \"Succeeded\"\r\n      }\r\n    },\r\n    {\r\n      \"id\": \"/subscriptions/e2f361f0-3b27-4503-a9cc-21cfba380093/resourceGroups/ps9969\",\r\n      \"name\": \"ps9969\",\r\n      \"location\": \"southcentralus\",\r\n      \"properties\": {\r\n        \"provisioningState\": \"Succeeded\"\r\n      }\r\n    },\r\n    {\r\n      \"id\": \"/subscriptions/e2f361f0-3b27-4503-a9cc-21cfba380093/resourceGroups/RGName-5382\",\r\n      \"name\": \"RGName-5382\",\r\n      \"location\": \"southcentralus\",\r\n      \"properties\": {\r\n        \"provisioningState\": \"Succeeded\"\r\n      }\r\n    },\r\n    {\r\n      \"id\": \"/subscriptions/e2f361f0-3b27-4503-a9cc-21cfba380093/resourceGroups/RGName-7750\",\r\n      \"name\": \"RGName-7750\",\r\n      \"location\": \"westus\",\r\n      \"properties\": {\r\n        \"provisioningState\": \"Succeeded\"\r\n      }\r\n    },\r\n    {\r\n      \"id\": \"/subscriptions/e2f361f0-3b27-4503-a9cc-21cfba380093/resourceGroups/RGSBGeoDR\",\r\n      \"name\": \"RGSBGeoDR\",\r\n      \"location\": \"southcentralus\",\r\n      \"properties\": {\r\n        \"provisioningState\": \"Succeeded\"\r\n      }\r\n    },\r\n    {\r\n      \"id\": \"/subscriptions/e2f361f0-3b27-4503-a9cc-21cfba380093/resourceGroups/RSG1200\",\r\n      \"name\": \"RSG1200\",\r\n      \"location\": \"westus\",\r\n      \"properties\": {\r\n        \"provisioningState\": \"Succeeded\"\r\n      }\r\n    },\r\n    {\r\n      \"id\": \"/subscriptions/e2f361f0-3b27-4503-a9cc-21cfba380093/resourceGroups/RSG1872\",\r\n      \"name\": \"RSG1872\",\r\n      \"location\": \"westus\",\r\n      \"properties\": {\r\n        \"provisioningState\": \"Succeeded\"\r\n      }\r\n    },\r\n    {\r\n      \"id\": \"/subscriptions/e2f361f0-3b27-4503-a9cc-21cfba380093/resourceGroups/RSG2109\",\r\n      \"name\": \"RSG2109\",\r\n      \"location\": \"westus\",\r\n      \"properties\": {\r\n        \"provisioningState\": \"Succeeded\"\r\n      }\r\n    },\r\n    {\r\n      \"id\": \"/subscriptions/e2f361f0-3b27-4503-a9cc-21cfba380093/resourceGroups/RSG2455\",\r\n      \"name\": \"RSG2455\",\r\n      \"location\": \"westus\",\r\n      \"properties\": {\r\n        \"provisioningState\": \"Succeeded\"\r\n      }\r\n    },\r\n    {\r\n      \"id\": \"/subscriptions/e2f361f0-3b27-4503-a9cc-21cfba380093/resourceGroups/RSG3705\",\r\n      \"name\": \"RSG3705\",\r\n      \"location\": \"westus\",\r\n      \"properties\": {\r\n        \"provisioningState\": \"Succeeded\"\r\n      }\r\n    },\r\n    {\r\n      \"id\": \"/subscriptions/e2f361f0-3b27-4503-a9cc-21cfba380093/resourceGroups/RSG3885\",\r\n      \"name\": \"RSG3885\",\r\n      \"location\": \"westus\",\r\n      \"properties\": {\r\n        \"provisioningState\": \"Succeeded\"\r\n      }\r\n    },\r\n    {\r\n      \"id\": \"/subscriptions/e2f361f0-3b27-4503-a9cc-21cfba380093/resourceGroups/RSG5445\",\r\n      \"name\": \"RSG5445\",\r\n      \"location\": \"westus\",\r\n      \"properties\": {\r\n        \"provisioningState\": \"Succeeded\"\r\n      }\r\n    },\r\n    {\r\n      \"id\": \"/subscriptions/e2f361f0-3b27-4503-a9cc-21cfba380093/resourceGroups/RSG5715\",\r\n      \"name\": \"RSG5715\",\r\n      \"location\": \"westus\",\r\n      \"properties\": {\r\n        \"provisioningState\": \"Succeeded\"\r\n      }\r\n    },\r\n    {\r\n      \"id\": \"/subscriptions/e2f361f0-3b27-4503-a9cc-21cfba380093/resourceGroups/RSG6261\",\r\n      \"name\": \"RSG6261\",\r\n      \"location\": \"westus\",\r\n      \"properties\": {\r\n        \"provisioningState\": \"Succeeded\"\r\n      }\r\n    },\r\n    {\r\n      \"id\": \"/subscriptions/e2f361f0-3b27-4503-a9cc-21cfba380093/resourceGroups/RSG6311\",\r\n      \"name\": \"RSG6311\",\r\n      \"location\": \"westus\",\r\n      \"properties\": {\r\n        \"provisioningState\": \"Succeeded\"\r\n      }\r\n    },\r\n    {\r\n      \"id\": \"/subscriptions/e2f361f0-3b27-4503-a9cc-21cfba380093/resourceGroups/RSG6743\",\r\n      \"name\": \"RSG6743\",\r\n      \"location\": \"westus\",\r\n      \"properties\": {\r\n        \"provisioningState\": \"Succeeded\"\r\n      }\r\n    },\r\n    {\r\n      \"id\": \"/subscriptions/e2f361f0-3b27-4503-a9cc-21cfba380093/resourceGroups/RSG8987\",\r\n      \"name\": \"RSG8987\",\r\n      \"location\": \"westus\",\r\n      \"properties\": {\r\n        \"provisioningState\": \"Succeeded\"\r\n      }\r\n    },\r\n    {\r\n      \"id\": \"/subscriptions/e2f361f0-3b27-4503-a9cc-21cfba380093/resourceGroups/RSG9101\",\r\n      \"name\": \"RSG9101\",\r\n      \"location\": \"westus\",\r\n      \"properties\": {\r\n        \"provisioningState\": \"Succeeded\"\r\n      }\r\n    },\r\n    {\r\n      \"id\": \"/subscriptions/e2f361f0-3b27-4503-a9cc-21cfba380093/resourceGroups/RSG9642\",\r\n      \"name\": \"RSG9642\",\r\n      \"location\": \"westus\",\r\n      \"properties\": {\r\n        \"provisioningState\": \"Succeeded\"\r\n      }\r\n    },\r\n    {\r\n      \"id\": \"/subscriptions/e2f361f0-3b27-4503-a9cc-21cfba380093/resourceGroups/RSG9930\",\r\n      \"name\": \"RSG9930\",\r\n      \"location\": \"westus\",\r\n      \"properties\": {\r\n        \"provisioningState\": \"Succeeded\"\r\n      }\r\n    },\r\n    {\r\n      \"id\": \"/subscriptions/e2f361f0-3b27-4503-a9cc-21cfba380093/resourceGroups/sampleresourcegroupcli\",\r\n      \"name\": \"sampleresourcegroupcli\",\r\n      \"location\": \"westus\",\r\n      \"properties\": {\r\n        \"provisioningState\": \"Succeeded\"\r\n      }\r\n    },\r\n    {\r\n      \"id\": \"/subscriptions/e2f361f0-3b27-4503-a9cc-21cfba380093/resourceGroups/TestingGeoDRPS\",\r\n      \"name\": \"TestingGeoDRPS\",\r\n      \"location\": \"southcentralus\",\r\n      \"properties\": {\r\n        \"provisioningState\": \"Succeeded\"\r\n      }\r\n    }\r\n  ]\r\n}",
      "ResponseHeaders": {
        "Content-Type": [
          "application/json; charset=utf-8"
        ],
        "Expires": [
          "-1"
        ],
        "Cache-Control": [
          "no-cache"
        ],
        "Date": [
          "Wed, 02 May 2018 21:38:30 GMT"
        ],
        "Pragma": [
          "no-cache"
        ],
        "Vary": [
          "Accept-Encoding"
        ],
        "x-ms-ratelimit-remaining-subscription-reads": [
          "14998"
        ],
        "x-ms-request-id": [
          "cebc637d-75cd-46a8-97a4-86dc24260751"
        ],
        "x-ms-correlation-request-id": [
          "cebc637d-75cd-46a8-97a4-86dc24260751"
        ],
        "x-ms-routing-request-id": [
          "WESTUS2:20180502T213831Z:cebc637d-75cd-46a8-97a4-86dc24260751"
        ],
        "Strict-Transport-Security": [
          "max-age=31536000; includeSubDomains"
        ],
        "X-Content-Type-Options": [
          "nosniff"
        ]
      },
      "StatusCode": 200
    },
    {
      "RequestUri": "/subscriptions/e2f361f0-3b27-4503-a9cc-21cfba380093/resourceGroups/Default-NotificationHubs-AustraliaEast/providers/Microsoft.EventHub/namespaces/sdk-Namespace-9407?api-version=2017-04-01",
      "EncodedRequestUri": "L3N1YnNjcmlwdGlvbnMvZTJmMzYxZjAtM2IyNy00NTAzLWE5Y2MtMjFjZmJhMzgwMDkzL3Jlc291cmNlR3JvdXBzL0RlZmF1bHQtTm90aWZpY2F0aW9uSHVicy1BdXN0cmFsaWFFYXN0L3Byb3ZpZGVycy9NaWNyb3NvZnQuRXZlbnRIdWIvbmFtZXNwYWNlcy9zZGstTmFtZXNwYWNlLTk0MDc/YXBpLXZlcnNpb249MjAxNy0wNC0wMQ==",
      "RequestMethod": "PUT",
      "RequestBody": "{\r\n  \"sku\": {\r\n    \"name\": \"Standard\",\r\n    \"tier\": \"Standard\"\r\n  },\r\n  \"location\": \"Australia East\",\r\n  \"tags\": {\r\n    \"tag1\": \"value1\",\r\n    \"tag2\": \"value2\"\r\n  }\r\n}",
      "RequestHeaders": {
        "Content-Type": [
          "application/json; charset=utf-8"
        ],
        "Content-Length": [
          "167"
        ],
        "x-ms-client-request-id": [
          "5c1a2ff8-d146-4f3a-85d6-2ec40e95ddaf"
        ],
        "accept-language": [
          "en-US"
        ],
        "User-Agent": [
          "FxVersion/4.6.25714.03",
          "Microsoft.Azure.Management.EventHub.EventHubManagementClient/2.0.3.0"
        ]
      },
      "ResponseBody": "{\r\n  \"sku\": {\r\n    \"name\": \"Standard\",\r\n    \"tier\": \"Standard\",\r\n    \"capacity\": 1\r\n  },\r\n  \"id\": \"/subscriptions/e2f361f0-3b27-4503-a9cc-21cfba380093/resourceGroups/Default-NotificationHubs-AustraliaEast/providers/Microsoft.EventHub/namespaces/sdk-Namespace-9407\",\r\n  \"name\": \"sdk-Namespace-9407\",\r\n  \"type\": \"Microsoft.EventHub/Namespaces\",\r\n  \"location\": \"Australia East\",\r\n  \"tags\": {\r\n    \"tag1\": \"value1\",\r\n    \"tag2\": \"value2\"\r\n  },\r\n  \"properties\": {\r\n    \"isAutoInflateEnabled\": false,\r\n    \"maximumThroughputUnits\": 0,\r\n    \"provisioningState\": \"Created\",\r\n    \"metricId\": \"e2f361f0-3b27-4503-a9cc-21cfba380093:sdk-namespace-9407\",\r\n    \"createdAt\": \"2018-05-02T21:38:33.903Z\",\r\n    \"updatedAt\": \"2018-05-02T21:38:33.903Z\",\r\n    \"serviceBusEndpoint\": \"https://sdk-Namespace-9407.servicebus.windows.net:443/\",\r\n    \"status\": \"Activating\"\r\n  }\r\n}",
      "ResponseHeaders": {
        "Content-Type": [
          "application/json; charset=utf-8"
        ],
        "Expires": [
          "-1"
        ],
        "Cache-Control": [
          "no-cache"
        ],
        "Date": [
          "Wed, 02 May 2018 21:38:35 GMT"
        ],
        "Pragma": [
          "no-cache"
        ],
        "Transfer-Encoding": [
          "chunked"
        ],
        "Server": [
          "Service-Bus-Resource-Provider/CH3",
          "Microsoft-HTTPAPI/2.0"
        ],
        "Vary": [
          "Accept-Encoding"
        ],
        "x-ms-request-id": [
          "da3042f7-5e2e-4edf-bedd-6144da64796f_M1CH3_M1CH3"
        ],
        "Server-SB": [
          "Service-Bus-Resource-Provider/CH3"
        ],
        "x-ms-ratelimit-remaining-subscription-writes": [
          "1199"
        ],
        "x-ms-correlation-request-id": [
          "2b9d0e7e-0dc9-4831-be94-6b00f349c205"
        ],
        "x-ms-routing-request-id": [
          "WESTUS2:20180502T213835Z:2b9d0e7e-0dc9-4831-be94-6b00f349c205"
        ],
        "Strict-Transport-Security": [
          "max-age=31536000; includeSubDomains"
        ],
        "X-Content-Type-Options": [
          "nosniff"
        ]
      },
      "StatusCode": 200
    },
    {
      "RequestUri": "/subscriptions/e2f361f0-3b27-4503-a9cc-21cfba380093/resourceGroups/Default-NotificationHubs-AustraliaEast/providers/Microsoft.EventHub/namespaces/sdk-Namespace-9407?api-version=2017-04-01",
      "EncodedRequestUri": "L3N1YnNjcmlwdGlvbnMvZTJmMzYxZjAtM2IyNy00NTAzLWE5Y2MtMjFjZmJhMzgwMDkzL3Jlc291cmNlR3JvdXBzL0RlZmF1bHQtTm90aWZpY2F0aW9uSHVicy1BdXN0cmFsaWFFYXN0L3Byb3ZpZGVycy9NaWNyb3NvZnQuRXZlbnRIdWIvbmFtZXNwYWNlcy9zZGstTmFtZXNwYWNlLTk0MDc/YXBpLXZlcnNpb249MjAxNy0wNC0wMQ==",
      "RequestMethod": "GET",
      "RequestBody": "",
      "RequestHeaders": {
        "User-Agent": [
          "FxVersion/4.6.25714.03",
          "Microsoft.Azure.Management.EventHub.EventHubManagementClient/2.0.3.0"
        ]
      },
      "ResponseBody": "{\r\n  \"sku\": {\r\n    \"name\": \"Standard\",\r\n    \"tier\": \"Standard\",\r\n    \"capacity\": 1\r\n  },\r\n  \"id\": \"/subscriptions/e2f361f0-3b27-4503-a9cc-21cfba380093/resourceGroups/Default-NotificationHubs-AustraliaEast/providers/Microsoft.EventHub/namespaces/sdk-Namespace-9407\",\r\n  \"name\": \"sdk-Namespace-9407\",\r\n  \"type\": \"Microsoft.EventHub/Namespaces\",\r\n  \"location\": \"Australia East\",\r\n  \"tags\": {\r\n    \"tag1\": \"value1\",\r\n    \"tag2\": \"value2\"\r\n  },\r\n  \"properties\": {\r\n    \"isAutoInflateEnabled\": false,\r\n    \"maximumThroughputUnits\": 0,\r\n    \"provisioningState\": \"Succeeded\",\r\n    \"metricId\": \"e2f361f0-3b27-4503-a9cc-21cfba380093:sdk-namespace-9407\",\r\n    \"createdAt\": \"2018-05-02T21:38:33.903Z\",\r\n    \"updatedAt\": \"2018-05-02T21:38:57.063Z\",\r\n    \"serviceBusEndpoint\": \"https://sdk-Namespace-9407.servicebus.windows.net:443/\",\r\n    \"status\": \"Active\"\r\n  }\r\n}",
      "ResponseHeaders": {
        "Content-Type": [
          "application/json; charset=utf-8"
        ],
        "Expires": [
          "-1"
        ],
        "Cache-Control": [
          "no-cache"
        ],
        "Date": [
          "Wed, 02 May 2018 21:39:05 GMT"
        ],
        "Pragma": [
          "no-cache"
        ],
        "Transfer-Encoding": [
          "chunked"
        ],
        "Server": [
          "Service-Bus-Resource-Provider/CH3",
          "Microsoft-HTTPAPI/2.0"
        ],
        "Vary": [
          "Accept-Encoding"
        ],
        "x-ms-request-id": [
          "e4599f35-0213-418c-b4f9-e1569b419c7e_M7CH3_M7CH3"
        ],
        "Server-SB": [
          "Service-Bus-Resource-Provider/CH3"
        ],
        "x-ms-ratelimit-remaining-subscription-reads": [
          "14999"
        ],
        "x-ms-correlation-request-id": [
          "f1a8cba8-c9c9-421b-9c5b-07b50a719f90"
        ],
        "x-ms-routing-request-id": [
          "WESTUS2:20180502T213906Z:f1a8cba8-c9c9-421b-9c5b-07b50a719f90"
        ],
        "Strict-Transport-Security": [
          "max-age=31536000; includeSubDomains"
        ],
        "X-Content-Type-Options": [
          "nosniff"
        ]
      },
      "StatusCode": 200
    },
    {
      "RequestUri": "/subscriptions/e2f361f0-3b27-4503-a9cc-21cfba380093/resourceGroups/Default-NotificationHubs-AustraliaEast/providers/Microsoft.EventHub/namespaces/sdk-Namespace-9407/eventhubs/sdk-EventHub-9813?api-version=2017-04-01",
      "EncodedRequestUri": "L3N1YnNjcmlwdGlvbnMvZTJmMzYxZjAtM2IyNy00NTAzLWE5Y2MtMjFjZmJhMzgwMDkzL3Jlc291cmNlR3JvdXBzL0RlZmF1bHQtTm90aWZpY2F0aW9uSHVicy1BdXN0cmFsaWFFYXN0L3Byb3ZpZGVycy9NaWNyb3NvZnQuRXZlbnRIdWIvbmFtZXNwYWNlcy9zZGstTmFtZXNwYWNlLTk0MDcvZXZlbnRodWJzL3Nkay1FdmVudEh1Yi05ODEzP2FwaS12ZXJzaW9uPTIwMTctMDQtMDE=",
      "RequestMethod": "PUT",
      "RequestBody": "{\r\n  \"properties\": {\r\n    \"messageRetentionInDays\": 4,\r\n    \"partitionCount\": 4,\r\n    \"status\": \"Active\",\r\n    \"captureDescription\": {\r\n      \"enabled\": true,\r\n      \"encoding\": \"Avro\",\r\n      \"intervalInSeconds\": 120,\r\n      \"sizeLimitInBytes\": 10485763,\r\n      \"destination\": {\r\n        \"name\": \"EventHubArchive.AzureBlockBlob\",\r\n        \"properties\": {\r\n          \"storageAccountResourceId\": \"/subscriptions/e2f361f0-3b27-4503-a9cc-21cfba380093/resourceGroups/Default-Storage-SouthCentralUS/providers/Microsoft.ClassicStorage/storageAccounts/arjunteststorage\",\r\n          \"blobContainer\": \"container\",\r\n          \"archiveNameFormat\": \"{Namespace}/{EventHub}/{PartitionId}/{Year}/{Month}/{Day}/{Hour}/{Minute}/{Second}\"\r\n        }\r\n      }\r\n    }\r\n  }\r\n}",
      "RequestHeaders": {
        "Content-Type": [
          "application/json; charset=utf-8"
        ],
        "Content-Length": [
          "756"
        ],
        "x-ms-client-request-id": [
          "8b1561a8-77c8-47a8-bfe2-87e6f85ee86d"
        ],
        "accept-language": [
          "en-US"
        ],
        "User-Agent": [
          "FxVersion/4.6.25714.03",
          "Microsoft.Azure.Management.EventHub.EventHubManagementClient/2.0.3.0"
        ]
      },
      "ResponseBody": "{\r\n  \"id\": \"/subscriptions/e2f361f0-3b27-4503-a9cc-21cfba380093/resourceGroups/Default-NotificationHubs-AustraliaEast/providers/Microsoft.EventHub/namespaces/sdk-Namespace-9407/eventhubs/sdk-EventHub-9813\",\r\n  \"name\": \"sdk-EventHub-9813\",\r\n  \"type\": \"Microsoft.EventHub/Namespaces/EventHubs\",\r\n  \"location\": \"Australia East\",\r\n  \"properties\": {\r\n    \"messageRetentionInDays\": 4,\r\n    \"partitionCount\": 4,\r\n    \"status\": \"Active\",\r\n    \"createdAt\": \"2018-05-02T21:39:17.12Z\",\r\n    \"updatedAt\": \"2018-05-02T21:39:42.9Z\",\r\n    \"partitionIds\": [\r\n      \"0\",\r\n      \"1\",\r\n      \"2\",\r\n      \"3\"\r\n    ],\r\n    \"captureDescription\": {\r\n      \"enabled\": true,\r\n      \"encoding\": \"Avro\",\r\n      \"destination\": {\r\n        \"name\": \"EventHubArchive.AzureBlockBlob\",\r\n        \"properties\": {\r\n          \"storageAccountResourceId\": \"/subscriptions/e2f361f0-3b27-4503-a9cc-21cfba380093/resourceGroups/Default-Storage-SouthCentralUS/providers/Microsoft.ClassicStorage/storageAccounts/arjunteststorage\",\r\n          \"blobContainer\": \"container\",\r\n          \"archiveNameFormat\": \"{Namespace}/{EventHub}/{PartitionId}/{Year}/{Month}/{Day}/{Hour}/{Minute}/{Second}\"\r\n        }\r\n      },\r\n      \"intervalInSeconds\": 120,\r\n      \"sizeLimitInBytes\": 10485763\r\n    }\r\n  }\r\n}",
      "ResponseHeaders": {
        "Content-Type": [
          "application/json; charset=utf-8"
        ],
        "Expires": [
          "-1"
        ],
        "Cache-Control": [
          "no-cache"
        ],
        "Date": [
          "Wed, 02 May 2018 21:39:42 GMT"
        ],
        "Pragma": [
          "no-cache"
        ],
        "Transfer-Encoding": [
          "chunked"
        ],
        "Server": [
          "Service-Bus-Resource-Provider/CH3",
          "Microsoft-HTTPAPI/2.0"
        ],
        "Vary": [
          "Accept-Encoding"
        ],
        "x-ms-request-id": [
          "06cc86cf-595e-4843-9fd6-fce43b3f4d0c_M7CH3_M7CH3"
        ],
        "Server-SB": [
          "Service-Bus-Resource-Provider/CH3"
        ],
        "x-ms-ratelimit-remaining-subscription-writes": [
          "1198"
        ],
        "x-ms-correlation-request-id": [
          "a80afe94-0c43-47d2-80ab-e2894d158fe9"
        ],
        "x-ms-routing-request-id": [
          "WESTUS2:20180502T213943Z:a80afe94-0c43-47d2-80ab-e2894d158fe9"
        ],
        "Strict-Transport-Security": [
          "max-age=31536000; includeSubDomains"
        ],
        "X-Content-Type-Options": [
          "nosniff"
        ]
      },
      "StatusCode": 200
    },
    {
      "RequestUri": "/subscriptions/e2f361f0-3b27-4503-a9cc-21cfba380093/resourceGroups/Default-NotificationHubs-AustraliaEast/providers/Microsoft.EventHub/namespaces/sdk-Namespace-9407/eventhubs/sdk-EventHub-9813?api-version=2017-04-01",
      "EncodedRequestUri": "L3N1YnNjcmlwdGlvbnMvZTJmMzYxZjAtM2IyNy00NTAzLWE5Y2MtMjFjZmJhMzgwMDkzL3Jlc291cmNlR3JvdXBzL0RlZmF1bHQtTm90aWZpY2F0aW9uSHVicy1BdXN0cmFsaWFFYXN0L3Byb3ZpZGVycy9NaWNyb3NvZnQuRXZlbnRIdWIvbmFtZXNwYWNlcy9zZGstTmFtZXNwYWNlLTk0MDcvZXZlbnRodWJzL3Nkay1FdmVudEh1Yi05ODEzP2FwaS12ZXJzaW9uPTIwMTctMDQtMDE=",
      "RequestMethod": "PUT",
      "RequestBody": "{\r\n  \"properties\": {\r\n    \"messageRetentionInDays\": 5,\r\n    \"partitionCount\": 4,\r\n    \"status\": \"Active\",\r\n    \"captureDescription\": {\r\n      \"enabled\": true,\r\n      \"encoding\": \"Avro\",\r\n      \"intervalInSeconds\": 130,\r\n      \"sizeLimitInBytes\": 10485900,\r\n      \"destination\": {\r\n        \"name\": \"EventHubArchive.AzureBlockBlob\",\r\n        \"properties\": {\r\n          \"storageAccountResourceId\": \"/subscriptions/e2f361f0-3b27-4503-a9cc-21cfba380093/resourceGroups/Default-Storage-SouthCentralUS/providers/Microsoft.ClassicStorage/storageAccounts/arjunteststorage\",\r\n          \"blobContainer\": \"container\",\r\n          \"archiveNameFormat\": \"{Namespace}/{EventHub}/{PartitionId}/{Year}/{Month}/{Day}/{Hour}/{Minute}/{Second}\"\r\n        }\r\n      }\r\n    }\r\n  }\r\n}",
      "RequestHeaders": {
        "Content-Type": [
          "application/json; charset=utf-8"
        ],
        "Content-Length": [
          "756"
        ],
        "x-ms-client-request-id": [
          "b1a5f98e-14bc-4a41-a609-5439d2c9efb8"
        ],
        "accept-language": [
          "en-US"
        ],
        "User-Agent": [
          "FxVersion/4.6.25714.03",
          "Microsoft.Azure.Management.EventHub.EventHubManagementClient/2.0.3.0"
        ]
      },
      "ResponseBody": "{\r\n  \"id\": \"/subscriptions/e2f361f0-3b27-4503-a9cc-21cfba380093/resourceGroups/Default-NotificationHubs-AustraliaEast/providers/Microsoft.EventHub/namespaces/sdk-Namespace-9407/eventhubs/sdk-EventHub-9813\",\r\n  \"name\": \"sdk-EventHub-9813\",\r\n  \"type\": \"Microsoft.EventHub/Namespaces/EventHubs\",\r\n  \"location\": \"Australia East\",\r\n  \"properties\": {\r\n    \"messageRetentionInDays\": 5,\r\n    \"partitionCount\": 4,\r\n    \"status\": \"Active\",\r\n    \"createdAt\": \"0001-01-01T00:00:00\",\r\n    \"updatedAt\": \"0001-01-01T00:00:00\",\r\n    \"partitionIds\": [],\r\n    \"captureDescription\": {\r\n      \"enabled\": true,\r\n      \"encoding\": \"Avro\",\r\n      \"destination\": {\r\n        \"name\": \"EventHubArchive.AzureBlockBlob\",\r\n        \"properties\": {\r\n          \"storageAccountResourceId\": \"/subscriptions/e2f361f0-3b27-4503-a9cc-21cfba380093/resourceGroups/Default-Storage-SouthCentralUS/providers/Microsoft.ClassicStorage/storageAccounts/arjunteststorage\",\r\n          \"blobContainer\": \"container\",\r\n          \"archiveNameFormat\": \"{Namespace}/{EventHub}/{PartitionId}/{Year}/{Month}/{Day}/{Hour}/{Minute}/{Second}\"\r\n        }\r\n      },\r\n      \"intervalInSeconds\": 130,\r\n      \"sizeLimitInBytes\": 10485900\r\n    }\r\n  }\r\n}",
      "ResponseHeaders": {
        "Content-Type": [
          "application/json; charset=utf-8"
        ],
        "Expires": [
          "-1"
        ],
        "Cache-Control": [
          "no-cache"
        ],
        "Date": [
          "Wed, 02 May 2018 21:39:46 GMT"
        ],
        "Pragma": [
          "no-cache"
        ],
        "Transfer-Encoding": [
          "chunked"
        ],
        "Server": [
          "Service-Bus-Resource-Provider/CH3",
          "Microsoft-HTTPAPI/2.0"
        ],
        "Vary": [
          "Accept-Encoding"
        ],
        "x-ms-request-id": [
          "4220baf8-3319-40cf-a85e-4280f44c0cdb_M7CH3_M7CH3"
        ],
        "Server-SB": [
          "Service-Bus-Resource-Provider/CH3"
        ],
        "x-ms-ratelimit-remaining-subscription-writes": [
          "1197"
        ],
        "x-ms-correlation-request-id": [
          "9e21198b-27ef-4da8-b48d-6780170286d6"
        ],
        "x-ms-routing-request-id": [
          "WESTUS2:20180502T213947Z:9e21198b-27ef-4da8-b48d-6780170286d6"
        ],
        "Strict-Transport-Security": [
          "max-age=31536000; includeSubDomains"
        ],
        "X-Content-Type-Options": [
          "nosniff"
        ]
      },
      "StatusCode": 200
    },
    {
      "RequestUri": "/subscriptions/e2f361f0-3b27-4503-a9cc-21cfba380093/resourceGroups/Default-NotificationHubs-AustraliaEast/providers/Microsoft.EventHub/namespaces/sdk-Namespace-9407/eventhubs/sdk-EventHub-9813?api-version=2017-04-01",
      "EncodedRequestUri": "L3N1YnNjcmlwdGlvbnMvZTJmMzYxZjAtM2IyNy00NTAzLWE5Y2MtMjFjZmJhMzgwMDkzL3Jlc291cmNlR3JvdXBzL0RlZmF1bHQtTm90aWZpY2F0aW9uSHVicy1BdXN0cmFsaWFFYXN0L3Byb3ZpZGVycy9NaWNyb3NvZnQuRXZlbnRIdWIvbmFtZXNwYWNlcy9zZGstTmFtZXNwYWNlLTk0MDcvZXZlbnRodWJzL3Nkay1FdmVudEh1Yi05ODEzP2FwaS12ZXJzaW9uPTIwMTctMDQtMDE=",
      "RequestMethod": "PUT",
      "RequestBody": "{\r\n  \"properties\": {\r\n    \"messageRetentionInDays\": 6,\r\n    \"partitionCount\": 4,\r\n    \"status\": \"Active\",\r\n    \"captureDescription\": {\r\n      \"enabled\": true,\r\n      \"encoding\": \"Avro\",\r\n      \"intervalInSeconds\": 130,\r\n      \"sizeLimitInBytes\": 10485900,\r\n      \"destination\": {\r\n        \"name\": \"EventHubArchive.AzureBlockBlob\",\r\n        \"properties\": {\r\n          \"storageAccountResourceId\": \"/subscriptions/e2f361f0-3b27-4503-a9cc-21cfba380093/resourceGroups/Default-Storage-SouthCentralUS/providers/Microsoft.ClassicStorage/storageAccounts/arjunteststorage\",\r\n          \"blobContainer\": \"container\",\r\n          \"archiveNameFormat\": \"{Namespace}/{EventHub}/{PartitionId}/{Year}/{Month}/{Day}/{Hour}/{Minute}/{Second}\"\r\n        }\r\n      }\r\n    }\r\n  }\r\n}",
      "RequestHeaders": {
        "Content-Type": [
          "application/json; charset=utf-8"
        ],
        "Content-Length": [
          "756"
        ],
        "x-ms-client-request-id": [
          "db31c23e-3453-440e-b4aa-76aa268f67bc"
        ],
        "accept-language": [
          "en-US"
        ],
        "User-Agent": [
          "FxVersion/4.6.25714.03",
          "Microsoft.Azure.Management.EventHub.EventHubManagementClient/2.0.3.0"
        ]
      },
      "ResponseBody": "{\r\n  \"id\": \"/subscriptions/e2f361f0-3b27-4503-a9cc-21cfba380093/resourceGroups/Default-NotificationHubs-AustraliaEast/providers/Microsoft.EventHub/namespaces/sdk-Namespace-9407/eventhubs/sdk-EventHub-9813\",\r\n  \"name\": \"sdk-EventHub-9813\",\r\n  \"type\": \"Microsoft.EventHub/Namespaces/EventHubs\",\r\n  \"location\": \"Australia East\",\r\n  \"properties\": {\r\n    \"messageRetentionInDays\": 6,\r\n    \"partitionCount\": 4,\r\n    \"status\": \"Active\",\r\n    \"createdAt\": \"0001-01-01T00:00:00\",\r\n    \"updatedAt\": \"0001-01-01T00:00:00\",\r\n    \"partitionIds\": [],\r\n    \"captureDescription\": {\r\n      \"enabled\": true,\r\n      \"encoding\": \"Avro\",\r\n      \"destination\": {\r\n        \"name\": \"EventHubArchive.AzureBlockBlob\",\r\n        \"properties\": {\r\n          \"storageAccountResourceId\": \"/subscriptions/e2f361f0-3b27-4503-a9cc-21cfba380093/resourceGroups/Default-Storage-SouthCentralUS/providers/Microsoft.ClassicStorage/storageAccounts/arjunteststorage\",\r\n          \"blobContainer\": \"container\",\r\n          \"archiveNameFormat\": \"{Namespace}/{EventHub}/{PartitionId}/{Year}/{Month}/{Day}/{Hour}/{Minute}/{Second}\"\r\n        }\r\n      },\r\n      \"intervalInSeconds\": 130,\r\n      \"sizeLimitInBytes\": 10485900\r\n    }\r\n  }\r\n}",
      "ResponseHeaders": {
        "Content-Type": [
          "application/json; charset=utf-8"
        ],
        "Expires": [
          "-1"
        ],
        "Cache-Control": [
          "no-cache"
        ],
        "Date": [
          "Wed, 02 May 2018 21:39:48 GMT"
        ],
        "Pragma": [
          "no-cache"
        ],
        "Transfer-Encoding": [
          "chunked"
        ],
        "Server": [
          "Service-Bus-Resource-Provider/CH3",
          "Microsoft-HTTPAPI/2.0"
        ],
        "Vary": [
          "Accept-Encoding"
        ],
        "x-ms-request-id": [
          "a62eff6c-3e4a-4f20-8b51-a88d4800db56_M7CH3_M7CH3"
        ],
        "Server-SB": [
          "Service-Bus-Resource-Provider/CH3"
        ],
        "x-ms-ratelimit-remaining-subscription-writes": [
          "1196"
        ],
        "x-ms-correlation-request-id": [
          "35cc079b-c626-45d4-a4e0-167307a43b78"
        ],
        "x-ms-routing-request-id": [
          "WESTUS2:20180502T213949Z:35cc079b-c626-45d4-a4e0-167307a43b78"
        ],
        "Strict-Transport-Security": [
          "max-age=31536000; includeSubDomains"
        ],
        "X-Content-Type-Options": [
          "nosniff"
        ]
      },
      "StatusCode": 200
    },
    {
      "RequestUri": "/subscriptions/e2f361f0-3b27-4503-a9cc-21cfba380093/resourceGroups/Default-NotificationHubs-AustraliaEast/providers/Microsoft.EventHub/namespaces/sdk-Namespace-9407/eventhubs/sdk-EventHub-9813?api-version=2017-04-01",
      "EncodedRequestUri": "L3N1YnNjcmlwdGlvbnMvZTJmMzYxZjAtM2IyNy00NTAzLWE5Y2MtMjFjZmJhMzgwMDkzL3Jlc291cmNlR3JvdXBzL0RlZmF1bHQtTm90aWZpY2F0aW9uSHVicy1BdXN0cmFsaWFFYXN0L3Byb3ZpZGVycy9NaWNyb3NvZnQuRXZlbnRIdWIvbmFtZXNwYWNlcy9zZGstTmFtZXNwYWNlLTk0MDcvZXZlbnRodWJzL3Nkay1FdmVudEh1Yi05ODEzP2FwaS12ZXJzaW9uPTIwMTctMDQtMDE=",
      "RequestMethod": "GET",
      "RequestBody": "",
      "RequestHeaders": {
        "x-ms-client-request-id": [
          "8fe79202-2d6d-41c0-8d96-775d25f4a91c"
        ],
        "accept-language": [
          "en-US"
        ],
        "User-Agent": [
          "FxVersion/4.6.25714.03",
          "Microsoft.Azure.Management.EventHub.EventHubManagementClient/2.0.3.0"
        ]
      },
      "ResponseBody": "{\r\n  \"id\": \"/subscriptions/e2f361f0-3b27-4503-a9cc-21cfba380093/resourceGroups/Default-NotificationHubs-AustraliaEast/providers/Microsoft.EventHub/namespaces/sdk-Namespace-9407/eventhubs/sdk-EventHub-9813\",\r\n  \"name\": \"sdk-EventHub-9813\",\r\n  \"type\": \"Microsoft.EventHub/Namespaces/EventHubs\",\r\n  \"location\": \"Australia East\",\r\n  \"properties\": {\r\n    \"messageRetentionInDays\": 4,\r\n    \"partitionCount\": 4,\r\n    \"status\": \"Active\",\r\n    \"createdAt\": \"2018-05-02T21:39:17.12\",\r\n    \"updatedAt\": \"2018-05-02T21:39:42.9\",\r\n    \"partitionIds\": [\r\n      \"0\",\r\n      \"1\",\r\n      \"2\",\r\n      \"3\"\r\n    ],\r\n    \"captureDescription\": {\r\n      \"enabled\": true,\r\n      \"encoding\": \"Avro\",\r\n      \"destination\": {\r\n        \"name\": \"EventHubArchive.AzureBlockBlob\",\r\n        \"properties\": {\r\n          \"storageAccountResourceId\": \"/subscriptions/e2f361f0-3b27-4503-a9cc-21cfba380093/resourceGroups/Default-Storage-SouthCentralUS/providers/Microsoft.ClassicStorage/storageAccounts/arjunteststorage\",\r\n          \"blobContainer\": \"container\",\r\n          \"archiveNameFormat\": \"{Namespace}/{EventHub}/{PartitionId}/{Year}/{Month}/{Day}/{Hour}/{Minute}/{Second}\"\r\n        }\r\n      },\r\n      \"intervalInSeconds\": 120,\r\n      \"sizeLimitInBytes\": 10485763\r\n    }\r\n  }\r\n}",
      "ResponseHeaders": {
        "Content-Type": [
          "application/json; charset=utf-8"
        ],
        "Expires": [
          "-1"
        ],
        "Cache-Control": [
          "no-cache"
        ],
        "Date": [
          "Wed, 02 May 2018 21:39:43 GMT"
        ],
        "Pragma": [
          "no-cache"
        ],
        "Transfer-Encoding": [
          "chunked"
        ],
        "Server": [
          "Service-Bus-Resource-Provider/CH3",
          "Microsoft-HTTPAPI/2.0"
        ],
        "Vary": [
          "Accept-Encoding"
        ],
        "x-ms-request-id": [
          "1aa7193e-c923-406b-9b95-fbe2b861ffde_M7CH3_M7CH3"
        ],
        "Server-SB": [
          "Service-Bus-Resource-Provider/CH3"
        ],
        "x-ms-ratelimit-remaining-subscription-reads": [
          "14998"
        ],
        "x-ms-correlation-request-id": [
          "f216a94a-5363-42a3-bcea-8a54154fb9d9"
        ],
        "x-ms-routing-request-id": [
          "WESTUS2:20180502T213944Z:f216a94a-5363-42a3-bcea-8a54154fb9d9"
        ],
        "Strict-Transport-Security": [
          "max-age=31536000; includeSubDomains"
        ],
        "X-Content-Type-Options": [
          "nosniff"
        ]
      },
      "StatusCode": 200
    },
    {
      "RequestUri": "/subscriptions/e2f361f0-3b27-4503-a9cc-21cfba380093/resourceGroups/Default-NotificationHubs-AustraliaEast/providers/Microsoft.EventHub/namespaces/sdk-Namespace-9407/eventhubs/sdk-EventHub-9813?api-version=2017-04-01",
      "EncodedRequestUri": "L3N1YnNjcmlwdGlvbnMvZTJmMzYxZjAtM2IyNy00NTAzLWE5Y2MtMjFjZmJhMzgwMDkzL3Jlc291cmNlR3JvdXBzL0RlZmF1bHQtTm90aWZpY2F0aW9uSHVicy1BdXN0cmFsaWFFYXN0L3Byb3ZpZGVycy9NaWNyb3NvZnQuRXZlbnRIdWIvbmFtZXNwYWNlcy9zZGstTmFtZXNwYWNlLTk0MDcvZXZlbnRodWJzL3Nkay1FdmVudEh1Yi05ODEzP2FwaS12ZXJzaW9uPTIwMTctMDQtMDE=",
      "RequestMethod": "GET",
      "RequestBody": "",
      "RequestHeaders": {
        "x-ms-client-request-id": [
          "2838fdca-4832-4b24-a629-6742e568a6ed"
        ],
        "accept-language": [
          "en-US"
        ],
        "User-Agent": [
          "FxVersion/4.6.25714.03",
          "Microsoft.Azure.Management.EventHub.EventHubManagementClient/2.0.3.0"
        ]
      },
      "ResponseBody": "{\r\n  \"id\": \"/subscriptions/e2f361f0-3b27-4503-a9cc-21cfba380093/resourceGroups/Default-NotificationHubs-AustraliaEast/providers/Microsoft.EventHub/namespaces/sdk-Namespace-9407/eventhubs/sdk-EventHub-9813\",\r\n  \"name\": \"sdk-EventHub-9813\",\r\n  \"type\": \"Microsoft.EventHub/Namespaces/EventHubs\",\r\n  \"location\": \"Australia East\",\r\n  \"properties\": {\r\n    \"messageRetentionInDays\": 6,\r\n    \"partitionCount\": 4,\r\n    \"status\": \"Active\",\r\n    \"createdAt\": \"2018-05-02T21:39:17.12\",\r\n    \"updatedAt\": \"2018-05-02T21:39:49.073\",\r\n    \"partitionIds\": [\r\n      \"0\",\r\n      \"1\",\r\n      \"2\",\r\n      \"3\"\r\n    ],\r\n    \"captureDescription\": {\r\n      \"enabled\": true,\r\n      \"encoding\": \"Avro\",\r\n      \"destination\": {\r\n        \"name\": \"EventHubArchive.AzureBlockBlob\",\r\n        \"properties\": {\r\n          \"storageAccountResourceId\": \"/subscriptions/e2f361f0-3b27-4503-a9cc-21cfba380093/resourceGroups/Default-Storage-SouthCentralUS/providers/Microsoft.ClassicStorage/storageAccounts/arjunteststorage\",\r\n          \"blobContainer\": \"container\",\r\n          \"archiveNameFormat\": \"{Namespace}/{EventHub}/{PartitionId}/{Year}/{Month}/{Day}/{Hour}/{Minute}/{Second}\"\r\n        }\r\n      },\r\n      \"intervalInSeconds\": 130,\r\n      \"sizeLimitInBytes\": 10485900\r\n    }\r\n  }\r\n}",
      "ResponseHeaders": {
        "Content-Type": [
          "application/json; charset=utf-8"
        ],
        "Expires": [
          "-1"
        ],
        "Cache-Control": [
          "no-cache"
        ],
        "Date": [
          "Wed, 02 May 2018 21:39:49 GMT"
        ],
        "Pragma": [
          "no-cache"
        ],
        "Transfer-Encoding": [
          "chunked"
        ],
        "Server": [
          "Service-Bus-Resource-Provider/CH3",
          "Microsoft-HTTPAPI/2.0"
        ],
        "Vary": [
          "Accept-Encoding"
        ],
        "x-ms-request-id": [
          "8c2d0e90-4540-4605-9c47-d1a454cb207c_M7CH3_M7CH3"
        ],
        "Server-SB": [
          "Service-Bus-Resource-Provider/CH3"
        ],
        "x-ms-ratelimit-remaining-subscription-reads": [
          "14996"
        ],
        "x-ms-correlation-request-id": [
          "ae456b2f-5517-444f-86bd-71e4860b4225"
        ],
        "x-ms-routing-request-id": [
          "WESTUS2:20180502T213949Z:ae456b2f-5517-444f-86bd-71e4860b4225"
        ],
        "Strict-Transport-Security": [
          "max-age=31536000; includeSubDomains"
        ],
        "X-Content-Type-Options": [
          "nosniff"
        ]
      },
      "StatusCode": 200
    },
    {
      "RequestUri": "/subscriptions/e2f361f0-3b27-4503-a9cc-21cfba380093/resourceGroups/Default-NotificationHubs-AustraliaEast/providers/Microsoft.EventHub/namespaces/sdk-Namespace-9407/eventhubs?api-version=2017-04-01",
      "EncodedRequestUri": "L3N1YnNjcmlwdGlvbnMvZTJmMzYxZjAtM2IyNy00NTAzLWE5Y2MtMjFjZmJhMzgwMDkzL3Jlc291cmNlR3JvdXBzL0RlZmF1bHQtTm90aWZpY2F0aW9uSHVicy1BdXN0cmFsaWFFYXN0L3Byb3ZpZGVycy9NaWNyb3NvZnQuRXZlbnRIdWIvbmFtZXNwYWNlcy9zZGstTmFtZXNwYWNlLTk0MDcvZXZlbnRodWJzP2FwaS12ZXJzaW9uPTIwMTctMDQtMDE=",
      "RequestMethod": "GET",
      "RequestBody": "",
      "RequestHeaders": {
        "x-ms-client-request-id": [
          "8b76108e-28b2-47cd-a94f-94470dc4a61d"
        ],
        "accept-language": [
          "en-US"
        ],
        "User-Agent": [
          "FxVersion/4.6.25714.03",
          "Microsoft.Azure.Management.EventHub.EventHubManagementClient/2.0.3.0"
        ]
      },
      "ResponseBody": "{\r\n  \"value\": [\r\n    {\r\n      \"id\": \"/subscriptions/e2f361f0-3b27-4503-a9cc-21cfba380093/resourceGroups/Default-NotificationHubs-AustraliaEast/providers/Microsoft.EventHub/namespaces/sdk-Namespace-9407/eventhubs/sdk-eventhub-9813\",\r\n      \"name\": \"sdk-eventhub-9813\",\r\n      \"type\": \"Microsoft.EventHub/Namespaces/EventHubs\",\r\n      \"location\": \"Australia East\",\r\n      \"properties\": {\r\n        \"messageRetentionInDays\": 4,\r\n        \"partitionCount\": 4,\r\n        \"status\": \"Active\",\r\n        \"createdAt\": \"2018-05-02T21:39:17.12\",\r\n        \"updatedAt\": \"2018-05-02T21:39:42.9\",\r\n        \"partitionIds\": [\r\n          \"0\",\r\n          \"1\",\r\n          \"2\",\r\n          \"3\"\r\n        ],\r\n        \"captureDescription\": {\r\n          \"enabled\": true,\r\n          \"encoding\": \"Avro\",\r\n          \"destination\": {\r\n            \"name\": \"EventHubArchive.AzureBlockBlob\",\r\n            \"properties\": {\r\n              \"storageAccountResourceId\": \"/subscriptions/e2f361f0-3b27-4503-a9cc-21cfba380093/resourceGroups/Default-Storage-SouthCentralUS/providers/Microsoft.ClassicStorage/storageAccounts/arjunteststorage\",\r\n              \"blobContainer\": \"container\",\r\n              \"archiveNameFormat\": \"{Namespace}/{EventHub}/{PartitionId}/{Year}/{Month}/{Day}/{Hour}/{Minute}/{Second}\"\r\n            }\r\n          },\r\n          \"intervalInSeconds\": 120,\r\n          \"sizeLimitInBytes\": 10485763\r\n        }\r\n      }\r\n    }\r\n  ]\r\n}",
      "ResponseHeaders": {
        "Content-Type": [
          "application/json; charset=utf-8"
        ],
        "Expires": [
          "-1"
        ],
        "Cache-Control": [
          "no-cache"
        ],
        "Date": [
          "Wed, 02 May 2018 21:39:44 GMT"
        ],
        "Pragma": [
          "no-cache"
        ],
        "Transfer-Encoding": [
          "chunked"
        ],
        "Server": [
          "Service-Bus-Resource-Provider/CH3",
          "Microsoft-HTTPAPI/2.0"
        ],
        "Vary": [
          "Accept-Encoding"
        ],
        "x-ms-inline-count": [
          ""
        ],
        "x-ms-request-id": [
          "6c419e86-764f-41bc-b93b-d5f45b273333_M7CH3_M7CH3"
        ],
        "Server-SB": [
          "Service-Bus-Resource-Provider/CH3"
        ],
        "x-ms-ratelimit-remaining-subscription-reads": [
          "14997"
        ],
        "x-ms-correlation-request-id": [
          "9622fbc9-cfed-48de-b9dd-16396843b5e1"
        ],
        "x-ms-routing-request-id": [
          "WESTUS2:20180502T213944Z:9622fbc9-cfed-48de-b9dd-16396843b5e1"
        ],
        "Strict-Transport-Security": [
          "max-age=31536000; includeSubDomains"
        ],
        "X-Content-Type-Options": [
          "nosniff"
        ]
      },
      "StatusCode": 200
    },
    {
      "RequestUri": "/subscriptions/e2f361f0-3b27-4503-a9cc-21cfba380093/resourceGroups/Default-NotificationHubs-AustraliaEast/providers/Microsoft.EventHub/namespaces/sdk-Namespace-9407/eventhubs/sdk-EventHub-9813?api-version=2017-04-01",
      "EncodedRequestUri": "L3N1YnNjcmlwdGlvbnMvZTJmMzYxZjAtM2IyNy00NTAzLWE5Y2MtMjFjZmJhMzgwMDkzL3Jlc291cmNlR3JvdXBzL0RlZmF1bHQtTm90aWZpY2F0aW9uSHVicy1BdXN0cmFsaWFFYXN0L3Byb3ZpZGVycy9NaWNyb3NvZnQuRXZlbnRIdWIvbmFtZXNwYWNlcy9zZGstTmFtZXNwYWNlLTk0MDcvZXZlbnRodWJzL3Nkay1FdmVudEh1Yi05ODEzP2FwaS12ZXJzaW9uPTIwMTctMDQtMDE=",
      "RequestMethod": "DELETE",
      "RequestBody": "",
      "RequestHeaders": {
        "x-ms-client-request-id": [
          "74f09bf2-c96f-4f34-bd26-1ceb0fce4bb6"
        ],
        "accept-language": [
          "en-US"
        ],
        "User-Agent": [
          "FxVersion/4.6.25714.03",
          "Microsoft.Azure.Management.EventHub.EventHubManagementClient/2.0.3.0"
        ]
      },
      "ResponseBody": "",
      "ResponseHeaders": {
        "Content-Length": [
          "0"
        ],
        "Expires": [
          "-1"
        ],
        "Cache-Control": [
          "no-cache"
        ],
        "Date": [
          "Wed, 02 May 2018 21:39:50 GMT"
        ],
        "Pragma": [
          "no-cache"
        ],
        "Server": [
          "Service-Bus-Resource-Provider/CH3",
          "Microsoft-HTTPAPI/2.0"
        ],
        "x-ms-request-id": [
          "07b23472-58ad-47b0-a19e-1a6047c92680_M7CH3_M7CH3"
        ],
        "Server-SB": [
          "Service-Bus-Resource-Provider/CH3"
        ],
        "x-ms-ratelimit-remaining-subscription-writes": [
          "1195"
        ],
        "x-ms-correlation-request-id": [
          "a40014e1-08d5-4786-8122-e722904099ac"
        ],
        "x-ms-routing-request-id": [
          "WESTUS2:20180502T213951Z:a40014e1-08d5-4786-8122-e722904099ac"
        ],
        "Strict-Transport-Security": [
          "max-age=31536000; includeSubDomains"
        ],
        "X-Content-Type-Options": [
          "nosniff"
        ]
      },
      "StatusCode": 200
    },
    {
      "RequestUri": "/subscriptions/e2f361f0-3b27-4503-a9cc-21cfba380093/resourceGroups/Default-NotificationHubs-AustraliaEast/providers/Microsoft.EventHub/namespaces/sdk-Namespace-9407?api-version=2017-04-01",
      "EncodedRequestUri": "L3N1YnNjcmlwdGlvbnMvZTJmMzYxZjAtM2IyNy00NTAzLWE5Y2MtMjFjZmJhMzgwMDkzL3Jlc291cmNlR3JvdXBzL0RlZmF1bHQtTm90aWZpY2F0aW9uSHVicy1BdXN0cmFsaWFFYXN0L3Byb3ZpZGVycy9NaWNyb3NvZnQuRXZlbnRIdWIvbmFtZXNwYWNlcy9zZGstTmFtZXNwYWNlLTk0MDc/YXBpLXZlcnNpb249MjAxNy0wNC0wMQ==",
      "RequestMethod": "DELETE",
      "RequestBody": "",
      "RequestHeaders": {
        "x-ms-client-request-id": [
          "c810596b-77d8-466a-96dc-56233fc74a94"
        ],
        "accept-language": [
          "en-US"
        ],
        "User-Agent": [
          "FxVersion/4.6.25714.03",
          "Microsoft.Azure.Management.EventHub.EventHubManagementClient/2.0.3.0"
        ]
      },
      "ResponseBody": "",
      "ResponseHeaders": {
        "Content-Length": [
          "0"
        ],
        "Expires": [
          "-1"
        ],
        "Cache-Control": [
          "no-cache"
        ],
        "Date": [
          "Wed, 02 May 2018 21:39:56 GMT"
        ],
        "Pragma": [
          "no-cache"
        ],
        "Location": [
          "https://management.azure.com/subscriptions/e2f361f0-3b27-4503-a9cc-21cfba380093/resourceGroups/Default-NotificationHubs-AustraliaEast/providers/Microsoft.EventHub/namespaces/sdk-Namespace-9407/operationresults/sdk-Namespace-9407?api-version=2017-04-01"
        ],
        "Server": [
          "Service-Bus-Resource-Provider/CH3",
          "Microsoft-HTTPAPI/2.0"
        ],
        "x-ms-request-id": [
          "311f17d9-9a54-459c-9e6a-1935a743edae_M7CH3_M7CH3"
        ],
        "Server-SB": [
          "Service-Bus-Resource-Provider/CH3"
        ],
        "x-ms-ratelimit-remaining-subscription-writes": [
          "1194"
        ],
        "x-ms-correlation-request-id": [
          "6e430c7e-d4ff-4a98-a2bc-97c79645a15d"
        ],
        "x-ms-routing-request-id": [
          "WESTUS2:20180502T213957Z:6e430c7e-d4ff-4a98-a2bc-97c79645a15d"
        ],
        "Strict-Transport-Security": [
          "max-age=31536000; includeSubDomains"
        ],
        "X-Content-Type-Options": [
          "nosniff"
        ]
      },
      "StatusCode": 202
    },
    {
      "RequestUri": "/subscriptions/e2f361f0-3b27-4503-a9cc-21cfba380093/resourceGroups/Default-NotificationHubs-AustraliaEast/providers/Microsoft.EventHub/namespaces/sdk-Namespace-9407/operationresults/sdk-Namespace-9407?api-version=2017-04-01",
      "EncodedRequestUri": "L3N1YnNjcmlwdGlvbnMvZTJmMzYxZjAtM2IyNy00NTAzLWE5Y2MtMjFjZmJhMzgwMDkzL3Jlc291cmNlR3JvdXBzL0RlZmF1bHQtTm90aWZpY2F0aW9uSHVicy1BdXN0cmFsaWFFYXN0L3Byb3ZpZGVycy9NaWNyb3NvZnQuRXZlbnRIdWIvbmFtZXNwYWNlcy9zZGstTmFtZXNwYWNlLTk0MDcvb3BlcmF0aW9ucmVzdWx0cy9zZGstTmFtZXNwYWNlLTk0MDc/YXBpLXZlcnNpb249MjAxNy0wNC0wMQ==",
      "RequestMethod": "GET",
      "RequestBody": "",
      "RequestHeaders": {
        "User-Agent": [
          "FxVersion/4.6.25714.03",
          "Microsoft.Azure.Management.EventHub.EventHubManagementClient/2.0.3.0"
        ]
      },
      "ResponseBody": "",
      "ResponseHeaders": {
        "Content-Length": [
          "0"
        ],
        "Expires": [
          "-1"
        ],
        "Cache-Control": [
          "no-cache"
        ],
        "Date": [
          "Wed, 02 May 2018 21:40:27 GMT"
        ],
        "Pragma": [
          "no-cache"
        ],
        "Server": [
          "Service-Bus-Resource-Provider/CH3",
          "Microsoft-HTTPAPI/2.0"
        ],
        "x-ms-request-id": [
          "092ce373-f811-47ad-93d2-ddb2cc501fb3_M6CH3_M6CH3"
        ],
        "Server-SB": [
          "Service-Bus-Resource-Provider/CH3"
        ],
        "x-ms-ratelimit-remaining-subscription-reads": [
          "14995"
        ],
        "x-ms-correlation-request-id": [
          "5e1c05f9-190d-4cce-902f-e5141120fb27"
        ],
        "x-ms-routing-request-id": [
          "WESTUS2:20180502T214028Z:5e1c05f9-190d-4cce-902f-e5141120fb27"
        ],
        "Strict-Transport-Security": [
          "max-age=31536000; includeSubDomains"
        ],
        "X-Content-Type-Options": [
          "nosniff"
        ]
      },
      "StatusCode": 200
    },
    {
      "RequestUri": "/subscriptions/e2f361f0-3b27-4503-a9cc-21cfba380093/resourceGroups/Default-NotificationHubs-AustraliaEast/providers/Microsoft.EventHub/namespaces/sdk-Namespace-9407/operationresults/sdk-Namespace-9407?api-version=2017-04-01",
      "EncodedRequestUri": "L3N1YnNjcmlwdGlvbnMvZTJmMzYxZjAtM2IyNy00NTAzLWE5Y2MtMjFjZmJhMzgwMDkzL3Jlc291cmNlR3JvdXBzL0RlZmF1bHQtTm90aWZpY2F0aW9uSHVicy1BdXN0cmFsaWFFYXN0L3Byb3ZpZGVycy9NaWNyb3NvZnQuRXZlbnRIdWIvbmFtZXNwYWNlcy9zZGstTmFtZXNwYWNlLTk0MDcvb3BlcmF0aW9ucmVzdWx0cy9zZGstTmFtZXNwYWNlLTk0MDc/YXBpLXZlcnNpb249MjAxNy0wNC0wMQ==",
      "RequestMethod": "GET",
      "RequestBody": "",
      "RequestHeaders": {
        "User-Agent": [
          "FxVersion/4.6.25714.03",
          "Microsoft.Azure.Management.EventHub.EventHubManagementClient/2.0.3.0"
        ]
      },
      "ResponseBody": "",
      "ResponseHeaders": {
        "Content-Length": [
          "0"
        ],
        "Expires": [
          "-1"
        ],
        "Cache-Control": [
          "no-cache"
        ],
        "Date": [
          "Wed, 02 May 2018 21:40:27 GMT"
        ],
        "Pragma": [
          "no-cache"
        ],
        "Server": [
          "Service-Bus-Resource-Provider/CH3",
          "Microsoft-HTTPAPI/2.0"
        ],
        "x-ms-request-id": [
          "da7a5b39-b66b-4995-aa2e-41d018fa0376_M6CH3_M6CH3"
        ],
        "Server-SB": [
          "Service-Bus-Resource-Provider/CH3"
        ],
        "x-ms-ratelimit-remaining-subscription-reads": [
          "14994"
        ],
        "x-ms-correlation-request-id": [
          "3206eb39-87ec-4ae7-84ec-1decfa8e7a0e"
        ],
        "x-ms-routing-request-id": [
          "WESTUS2:20180502T214028Z:3206eb39-87ec-4ae7-84ec-1decfa8e7a0e"
        ],
        "Strict-Transport-Security": [
          "max-age=31536000; includeSubDomains"
        ],
        "X-Content-Type-Options": [
          "nosniff"
        ]
      },
      "StatusCode": 200
    }
  ],
  "Names": {
    "EventCreateGetUpdateDelete": [
      "sdk-Namespace-9407",
      "sdk-EventHub-9813"
    ]
  },
  "Variables": {
    "SubscriptionId": "e2f361f0-3b27-4503-a9cc-21cfba380093"
  }
}