{
  "Entries": [
    {
      "RequestUri": "https://javatextanalyticstestresources.cognitiveservices.azure.com/language/analyze-text/jobs?api-version=2022-10-01-preview",
      "RequestMethod": "POST",
      "RequestHeaders": {
        "Accept": "application/json",
        "Content-Length": "298",
        "Content-Type": "application/json",
        "Ocp-Apim-Subscription-Key": "Sanitized",
        "traceparent": "00-7438d3e96e1d62038fa489171f1a5aec-819e17ae89730d73-00",
        "User-Agent": "azsdk-net-AI.TextAnalytics/5.3.0-alpha.20230306.1 (.NET 7.0.3; Microsoft Windows 10.0.22621)",
        "x-ms-client-request-id": "e37d02ca2e63dc42235da3da6ce3df29",
        "x-ms-return-client-request-id": "true"
      },
      "RequestBody": {
        "analysisInput": {
          "documents": [
            {
              "id": "0",
              "text": "Microsoft was founded by Bill Gates and Paul Allen.",
              "language": "auto"
            },
            {
              "id": "1",
              "text": "Pike place market is my favorite Seattle attraction.",
              "language": "auto"
            }
          ]
        },
        "tasks": [
          {
            "parameters": {
              "stringIndexType": "Utf16CodeUnit"
            },
            "kind": "EntityLinking"
          }
        ]
      },
      "StatusCode": 202,
      "ResponseHeaders": {
        "apim-request-id": "ccd484ef-1918-4d12-9b92-53207a50aca7",
        "Content-Length": "0",
        "Date": "Tue, 07 Mar 2023 18:49:48 GMT",
        "operation-location": "https://javatextanalyticstestresources.cognitiveservices.azure.com/language/analyze-text/jobs/6325269c-d6cd-4af8-aadd-9b901a766cde?api-version=2022-10-01-preview",
        "Strict-Transport-Security": "max-age=31536000; includeSubDomains; preload",
        "X-Content-Type-Options": "nosniff",
        "x-envoy-upstream-service-time": "251",
        "x-ms-region": "West US 2"
      },
      "ResponseBody": null
    },
    {
      "RequestUri": "https://javatextanalyticstestresources.cognitiveservices.azure.com/language/analyze-text/jobs/6325269c-d6cd-4af8-aadd-9b901a766cde?api-version=2022-10-01-preview",
      "RequestMethod": "GET",
      "RequestHeaders": {
        "Accept": "application/json",
        "Ocp-Apim-Subscription-Key": "Sanitized",
        "User-Agent": "azsdk-net-AI.TextAnalytics/5.3.0-alpha.20230306.1 (.NET 7.0.3; Microsoft Windows 10.0.22621)",
        "x-ms-client-request-id": "1a6b80ce569338ad7137ca28937738ed",
        "x-ms-return-client-request-id": "true"
      },
      "RequestBody": null,
      "StatusCode": 200,
      "ResponseHeaders": {
        "apim-request-id": "8baa7cd6-f16e-4d97-a4a6-59ae1cf8c2dd",
        "Content-Length": "283",
        "Content-Type": "application/json; charset=utf-8",
        "Date": "Tue, 07 Mar 2023 18:49:48 GMT",
        "Strict-Transport-Security": "max-age=31536000; includeSubDomains; preload",
        "X-Content-Type-Options": "nosniff",
        "x-envoy-upstream-service-time": "13",
        "x-ms-region": "West US 2"
      },
      "ResponseBody": {
        "jobId": "6325269c-d6cd-4af8-aadd-9b901a766cde",
        "lastUpdatedDateTime": "2023-03-07T18:49:48Z",
        "createdDateTime": "2023-03-07T18:49:48Z",
        "expirationDateTime": "2023-03-08T18:49:48Z",
        "status": "notStarted",
        "errors": [],
        "tasks": {
          "completed": 0,
          "failed": 0,
          "inProgress": 1,
          "total": 1,
          "items": []
        }
      }
    },
    {
      "RequestUri": "https://javatextanalyticstestresources.cognitiveservices.azure.com/language/analyze-text/jobs/6325269c-d6cd-4af8-aadd-9b901a766cde?api-version=2022-10-01-preview",
      "RequestMethod": "GET",
      "RequestHeaders": {
        "Accept": "application/json",
        "Ocp-Apim-Subscription-Key": "Sanitized",
        "User-Agent": "azsdk-net-AI.TextAnalytics/5.3.0-alpha.20230306.1 (.NET 7.0.3; Microsoft Windows 10.0.22621)",
        "x-ms-client-request-id": "9b6a0ddc46eb1c90f5cb934402dc44ff",
        "x-ms-return-client-request-id": "true"
      },
      "RequestBody": null,
      "StatusCode": 200,
      "ResponseHeaders": {
        "apim-request-id": "97e83b3d-24b2-4210-abaf-0b4d2950613c",
        "Content-Length": "280",
        "Content-Type": "application/json; charset=utf-8",
        "Date": "Tue, 07 Mar 2023 18:49:49 GMT",
        "Strict-Transport-Security": "max-age=31536000; includeSubDomains; preload",
        "X-Content-Type-Options": "nosniff",
        "x-envoy-upstream-service-time": "7",
        "x-ms-region": "West US 2"
      },
      "ResponseBody": {
        "jobId": "6325269c-d6cd-4af8-aadd-9b901a766cde",
        "lastUpdatedDateTime": "2023-03-07T18:49:48Z",
        "createdDateTime": "2023-03-07T18:49:48Z",
        "expirationDateTime": "2023-03-08T18:49:48Z",
        "status": "running",
        "errors": [],
        "tasks": {
          "completed": 0,
          "failed": 0,
          "inProgress": 1,
          "total": 1,
          "items": []
        }
      }
    },
    {
      "RequestUri": "https://javatextanalyticstestresources.cognitiveservices.azure.com/language/analyze-text/jobs/6325269c-d6cd-4af8-aadd-9b901a766cde?api-version=2022-10-01-preview",
      "RequestMethod": "GET",
      "RequestHeaders": {
        "Accept": "application/json",
        "Ocp-Apim-Subscription-Key": "Sanitized",
        "User-Agent": "azsdk-net-AI.TextAnalytics/5.3.0-alpha.20230306.1 (.NET 7.0.3; Microsoft Windows 10.0.22621)",
        "x-ms-client-request-id": "bc1c92ab65e173c05545712c641a49ac",
        "x-ms-return-client-request-id": "true"
      },
      "RequestBody": null,
      "StatusCode": 200,
      "ResponseHeaders": {
        "apim-request-id": "022523f5-41b1-4a61-89ed-516e2207e59c",
        "Content-Length": "280",
        "Content-Type": "application/json; charset=utf-8",
        "Date": "Tue, 07 Mar 2023 18:49:50 GMT",
        "Strict-Transport-Security": "max-age=31536000; includeSubDomains; preload",
        "X-Content-Type-Options": "nosniff",
        "x-envoy-upstream-service-time": "7",
        "x-ms-region": "West US 2"
      },
      "ResponseBody": {
        "jobId": "6325269c-d6cd-4af8-aadd-9b901a766cde",
        "lastUpdatedDateTime": "2023-03-07T18:49:48Z",
        "createdDateTime": "2023-03-07T18:49:48Z",
        "expirationDateTime": "2023-03-08T18:49:48Z",
        "status": "running",
        "errors": [],
        "tasks": {
          "completed": 0,
          "failed": 0,
          "inProgress": 1,
          "total": 1,
          "items": []
        }
      }
    },
    {
      "RequestUri": "https://javatextanalyticstestresources.cognitiveservices.azure.com/language/analyze-text/jobs/6325269c-d6cd-4af8-aadd-9b901a766cde?api-version=2022-10-01-preview",
      "RequestMethod": "GET",
      "RequestHeaders": {
        "Accept": "application/json",
        "Ocp-Apim-Subscription-Key": "Sanitized",
        "User-Agent": "azsdk-net-AI.TextAnalytics/5.3.0-alpha.20230306.1 (.NET 7.0.3; Microsoft Windows 10.0.22621)",
        "x-ms-client-request-id": "5efdb6254478883def4e25c7c3693594",
        "x-ms-return-client-request-id": "true"
      },
      "RequestBody": null,
      "StatusCode": 200,
      "ResponseHeaders": {
        "apim-request-id": "bd224ddf-ffe7-471c-a280-8a80b2267c12",
        "Content-Length": "2050",
        "Content-Type": "application/json; charset=utf-8",
        "Date": "Tue, 07 Mar 2023 18:49:51 GMT",
        "Strict-Transport-Security": "max-age=31536000; includeSubDomains; preload",
        "X-Content-Type-Options": "nosniff",
        "x-envoy-upstream-service-time": "92",
        "x-ms-region": "West US 2"
      },
      "ResponseBody": {
        "jobId": "6325269c-d6cd-4af8-aadd-9b901a766cde",
        "lastUpdatedDateTime": "2023-03-07T18:49:51Z",
        "createdDateTime": "2023-03-07T18:49:48Z",
        "expirationDateTime": "2023-03-08T18:49:48Z",
        "status": "succeeded",
        "errors": [],
        "tasks": {
          "completed": 1,
          "failed": 0,
          "inProgress": 0,
          "total": 1,
          "items": [
            {
              "kind": "EntityLinkingLROResults",
              "lastUpdateDateTime": "2023-03-07T18:49:51.5898012Z",
              "status": "succeeded",
              "results": {
                "documents": [
                  {
                    "id": "0",
                    "entities": [
                      {
                        "bingId": "a093e9b9-90f5-a3d5-c4b8-5855e1b01f85",
                        "name": "Microsoft",
                        "matches": [
                          {
                            "text": "Microsoft",
                            "offset": 0,
                            "length": 9,
                            "confidenceScore": 0.49
                          }
                        ],
                        "language": "en",
                        "id": "Microsoft",
                        "url": "https://en.wikipedia.org/wiki/Microsoft",
                        "dataSource": "Wikipedia"
                      },
                      {
                        "bingId": "0d47c987-0042-5576-15e8-97af601614fa",
                        "name": "Bill Gates",
                        "matches": [
                          {
                            "text": "Bill Gates",
                            "offset": 25,
                            "length": 10,
                            "confidenceScore": 0.52
                          }
                        ],
                        "language": "en",
                        "id": "Bill Gates",
                        "url": "https://en.wikipedia.org/wiki/Bill_Gates",
                        "dataSource": "Wikipedia"
                      },
                      {
                        "bingId": "df2c4376-9923-6a54-893f-2ee5a5badbc7",
                        "name": "Paul Allen",
                        "matches": [
                          {
                            "text": "Paul Allen",
                            "offset": 40,
                            "length": 10,
                            "confidenceScore": 0.54
                          }
                        ],
                        "language": "en",
                        "id": "Paul Allen",
                        "url": "https://en.wikipedia.org/wiki/Paul_Allen",
                        "dataSource": "Wikipedia"
                      }
                    ],
                    "warnings": [],
                    "detectedLanguage": {
                      "name": "English",
                      "iso6391Name": "en",
                      "confidenceScore": 0.94
                    },
                    "isLanguageDefaulted": false
                  },
                  {
                    "id": "1",
                    "entities": [
                      {
                        "bingId": "38b9431e-cf91-93be-0584-c42a3ecbfdc7",
                        "name": "Pike Place Market",
                        "matches": [
                          {
                            "text": "Pike place market",
                            "offset": 0,
                            "length": 17,
                            "confidenceScore": 0.86
                          }
                        ],
                        "language": "en",
                        "id": "Pike Place Market",
                        "url": "https://en.wikipedia.org/wiki/Pike_Place_Market",
                        "dataSource": "Wikipedia"
                      },
                      {
                        "bingId": "5fbba6b8-85e1-4d41-9444-d9055436e473",
                        "name": "Seattle",
                        "matches": [
                          {
                            "text": "Seattle",
                            "offset": 33,
                            "length": 7,
                            "confidenceScore": 0.27
                          }
                        ],
                        "language": "en",
                        "id": "Seattle",
                        "url": "https://en.wikipedia.org/wiki/Seattle",
                        "dataSource": "Wikipedia"
                      }
                    ],
                    "warnings": [],
                    "detectedLanguage": {
                      "name": "English",
                      "iso6391Name": "en",
                      "confidenceScore": 0.79
                    },
                    "isLanguageDefaulted": false
                  }
                ],
                "errors": [],
                "modelVersion": "2021-06-01"
              }
            }
          ]
        }
      }
    }
  ],
  "Variables": {
    "RandomSeed": "1070594200",
    "TEXT_ANALYTICS_API_KEY": "Sanitized",
    "TEXT_ANALYTICS_ENDPOINT": "https://javatextanalyticstestresources.cognitiveservices.azure.com"
  }
}
