{
  "Entries": [
    {
      "RequestUri": "/subscriptions/dfb63c8c-7c89-4ef8-af13-75c1d873c895/resourceGroups/matttest/providers/Microsoft.ContainerRegistry/registries/classictestregistry?api-version=2017-10-01",
      "EncodedRequestUri": "L3N1YnNjcmlwdGlvbnMvZGZiNjNjOGMtN2M4OS00ZWY4LWFmMTMtNzVjMWQ4NzNjODk1L3Jlc291cmNlR3JvdXBzL21hdHR0ZXN0L3Byb3ZpZGVycy9NaWNyb3NvZnQuQ29udGFpbmVyUmVnaXN0cnkvcmVnaXN0cmllcy9jbGFzc2ljdGVzdHJlZ2lzdHJ5P2FwaS12ZXJzaW9uPTIwMTctMTAtMDE=",
      "RequestMethod": "GET",
      "RequestBody": "",
      "RequestHeaders": {
        "x-ms-client-request-id": [
          "83eb6d3b-3049-405a-b8dc-a41c3290ab18"
        ],
        "accept-language": [
          "en-US"
        ],
        "User-Agent": [
          "FxVersion/4.6.26614.01",
          "Microsoft.Azure.Management.ContainerRegistry.ContainerRegistryManagementClient/2.0.0.0"
        ]
      },
      "ResponseHeaders": {
        "Cache-Control": [
          "no-cache"
        ],
        "Date": [
          "Mon, 08 Oct 2018 18:12:02 GMT"
        ],
        "Pragma": [
          "no-cache"
        ],
        "Server": [
          "Microsoft-HTTPAPI/2.0"
        ],
        "Strict-Transport-Security": [
          "max-age=31536000; includeSubDomains"
        ],
        "x-ms-ratelimit-remaining-subscription-reads": [
          "11996"
        ],
        "x-ms-request-id": [
          "0ae88556-3100-496a-9be8-a5266ed246b3"
        ],
        "x-ms-correlation-request-id": [
          "0ae88556-3100-496a-9be8-a5266ed246b3"
        ],
        "x-ms-routing-request-id": [
          "WESTUS2:20181008T181203Z:0ae88556-3100-496a-9be8-a5266ed246b3"
        ],
        "X-Content-Type-Options": [
          "nosniff"
        ],
        "Content-Length": [
          "685"
        ],
        "Content-Type": [
          "application/json; charset=utf-8"
        ],
        "Expires": [
          "-1"
        ]
      },
      "ResponseBody": "{\r\n  \"sku\": {\r\n    \"name\": \"Classic\",\r\n    \"tier\": \"Classic\"\r\n  },\r\n  \"type\": \"Microsoft.ContainerRegistry/registries\",\r\n  \"id\": \"/subscriptions/dfb63c8c-7c89-4ef8-af13-75c1d873c895/resourceGroups/matttest/providers/Microsoft.ContainerRegistry/registries/classictestregistry\",\r\n  \"name\": \"classictestregistry\",\r\n  \"location\": \"westus\",\r\n  \"tags\": {},\r\n  \"properties\": {\r\n    \"loginServer\": \"classictestregistry.azurecr.io\",\r\n    \"creationDate\": \"2018-10-04T17:20:54.3121147Z\",\r\n    \"provisioningState\": \"Succeeded\",\r\n    \"adminUserEnabled\": true,\r\n    \"storageAccount\": {\r\n      \"id\": \"/subscriptions/dfb63c8c-7c89-4ef8-af13-75c1d873c895/resourceGroups/matttest/providers/Microsoft.Storage/storageAccounts/classictestregistr172020\"\r\n    },\r\n    \"firewallRulesEnabled\": false,\r\n    \"firewallRules\": []\r\n  }\r\n}",
      "StatusCode": 200
    },
    {
      "RequestUri": "/subscriptions/dfb63c8c-7c89-4ef8-af13-75c1d873c895/resourceGroups/matttest/providers/Microsoft.ContainerRegistry/registries/classictestregistry/listCredentials?api-version=2017-10-01",
      "EncodedRequestUri": "L3N1YnNjcmlwdGlvbnMvZGZiNjNjOGMtN2M4OS00ZWY4LWFmMTMtNzVjMWQ4NzNjODk1L3Jlc291cmNlR3JvdXBzL21hdHR0ZXN0L3Byb3ZpZGVycy9NaWNyb3NvZnQuQ29udGFpbmVyUmVnaXN0cnkvcmVnaXN0cmllcy9jbGFzc2ljdGVzdHJlZ2lzdHJ5L2xpc3RDcmVkZW50aWFscz9hcGktdmVyc2lvbj0yMDE3LTEwLTAx",
      "RequestMethod": "POST",
      "RequestBody": "",
      "RequestHeaders": {
        "x-ms-client-request-id": [
          "72804970-f4ba-4ff2-b5ee-e99f6381c62a"
        ],
        "accept-language": [
          "en-US"
        ],
        "User-Agent": [
          "FxVersion/4.6.26614.01",
          "Microsoft.Azure.Management.ContainerRegistry.ContainerRegistryManagementClient/2.0.0.0"
        ]
      },
      "ResponseHeaders": {
        "Cache-Control": [
          "no-cache"
        ],
        "Date": [
          "Mon, 08 Oct 2018 18:12:02 GMT"
        ],
        "Pragma": [
          "no-cache"
        ],
        "Server": [
          "Microsoft-HTTPAPI/2.0"
        ],
        "Strict-Transport-Security": [
          "max-age=31536000; includeSubDomains"
        ],
        "x-ms-ratelimit-remaining-subscription-writes": [
          "1196"
        ],
        "x-ms-request-id": [
          "3241835f-10a7-4964-9e82-8311c2c009cd"
        ],
        "x-ms-correlation-request-id": [
          "3241835f-10a7-4964-9e82-8311c2c009cd"
        ],
        "x-ms-routing-request-id": [
          "WESTUS2:20181008T181203Z:3241835f-10a7-4964-9e82-8311c2c009cd"
        ],
        "X-Content-Type-Options": [
          "nosniff"
        ],
        "Content-Length": [
          "175"
        ],
        "Content-Type": [
          "application/json; charset=utf-8"
        ],
        "Expires": [
          "-1"
        ]
      },
      "ResponseBody": "{\r\n  \"username\": \"classictestregistry\",\r\n  \"passwords\": [\r\n    {\r\n      \"name\": \"password\",\r\n      \"value\": \"YttZqPE=197fuiZ3Cf7YJIW010OxJvoO\"\r\n    },\r\n    {\r\n      \"name\": \"password2\",\r\n      \"value\": \"/cTqNKa2Mp3TrZakL2BBYVcOEIS5OG4i\"\r\n    }\r\n  ]\r\n}",
      "StatusCode": 200
    },
    {
      "RequestUri": "/v2/prod%2Fbash/tags/list",
      "EncodedRequestUri": "L3YyL3Byb2QlMkZiYXNoL3RhZ3MvbGlzdA==",
      "RequestMethod": "GET",
      "RequestBody": "",
      "RequestHeaders": {
        "x-ms-client-request-id": [
          "9d77684d-b059-41ee-a5a3-e31df976a106"
        ],
        "accept-language": [
          "en-US"
        ],
        "User-Agent": [
          "FxVersion/4.6.26614.01",
          "Microsoft.Azure.ContainerRegistry.AzureContainerRegistryClient/1.0.0-preview"
        ]
      },
      "ResponseHeaders": {
        "Connection": [
          "keep-alive"
        ],
        "Date": [
          "Mon, 08 Oct 2018 18:12:06 GMT"
        ],
        "Server": [
          "nginx"
        ],
        "Access-Control-Expose-Headers": [
          "Docker-Content-Digest",
          "WWW-Authenticate",
          "Link",
          "X-Ms-Correlation-Request-Id"
        ],
        "Docker-Distribution-Api-Version": [
          "registry/2.0"
        ],
        "Strict-Transport-Security": [
          "max-age=31536000; includeSubDomains",
          "max-age=31536000; includeSubDomains"
        ],
        "X-Content-Type-Options": [
          "nosniff"
        ],
        "X-Ms-Client-Request-Id": [
          "9d77684d-b059-41ee-a5a3-e31df976a106"
        ],
        "X-Ms-Correlation-Request-Id": [
          "ad50ef58-2883-4a78-9cea-8070acd91008"
        ],
        "X-Ms-Request-Id": [
          "3ff7ed2e-41d4-4584-a657-7cf8b52d82fe"
        ],
        "Content-Length": [
          "39"
        ],
        "Content-Type": [
          "application/json; charset=utf-8"
        ]
      },
      "ResponseBody": "{\r\n  \"name\": \"prod/bash\",\r\n  \"tags\": [\r\n    \"latest\"\r\n  ]\r\n}",
      "StatusCode": 200
    }
  ],
  "Names": {},
  "Variables": {
    "SubscriptionId": "dfb63c8c-7c89-4ef8-af13-75c1d873c895"
  }
}