{
  "Entries": [
    {
      "RequestUri": "https://seanmcccanada.blob.core.windows.net/test-container-5e735fdb-286c-6701-6c55-f35d2ef5da46?restype=container",
      "RequestMethod": "PUT",
      "RequestHeaders": {
        "Accept": "application/xml",
        "Authorization": "Sanitized",
        "Content-Length": "0",
        "traceparent": "00-2d82eb1c66e5be402bb6d0a9a169449f-0ca191c3a5eff5f6-00",
        "User-Agent": "azsdk-net-Storage.Blobs/12.17.0-alpha.20230620.1 (.NET 7.0.7; Microsoft Windows 10.0.22621)",
        "x-ms-client-request-id": "3ae7b347-c5ad-43c9-0856-d0265794bb1c",
        "x-ms-date": "Tue, 20 Jun 2023 19:52:46 GMT",
        "x-ms-return-client-request-id": "true",
        "x-ms-version": "2023-01-03"
      },
      "RequestBody": null,
      "StatusCode": 201,
      "ResponseHeaders": {
        "Content-Length": "0",
        "Date": "Tue, 20 Jun 2023 19:52:45 GMT",
        "ETag": "\u00220x8DB71C7EB6A6D55\u0022",
        "Last-Modified": "Tue, 20 Jun 2023 19:52:46 GMT",
        "Server": [
          "Windows-Azure-Blob/1.0",
          "Microsoft-HTTPAPI/2.0"
        ],
        "x-ms-client-request-id": "3ae7b347-c5ad-43c9-0856-d0265794bb1c",
        "x-ms-request-id": "68288fbb-501e-009a-0fb0-a30f5b000000",
        "x-ms-version": "2023-01-03"
      },
      "ResponseBody": null
    },
    {
      "RequestUri": "https://seanmcccanada.blob.core.windows.net/test-container-5e735fdb-286c-6701-6c55-f35d2ef5da46/test-blob-5c857691-1741-b9ca-6337-ee3601f1de55",
      "RequestMethod": "PUT",
      "RequestHeaders": {
        "Accept": "application/xml",
        "Authorization": "Sanitized",
        "Content-Length": "0",
        "Content-Type": "application/octet-stream",
        "If-None-Match": "*",
        "traceparent": "00-202fb4a5e9a768591eccdaf9014e2252-b796d33d73314311-00",
        "User-Agent": "azsdk-net-Storage.Blobs/12.17.0-alpha.20230620.1 (.NET 7.0.7; Microsoft Windows 10.0.22621)",
        "x-ms-blob-type": "BlockBlob",
        "x-ms-client-request-id": "d7e1163d-5a79-385e-fa8c-3624e2224478",
        "x-ms-date": "Tue, 20 Jun 2023 19:52:46 GMT",
        "x-ms-return-client-request-id": "true",
        "x-ms-version": "2023-01-03"
      },
      "RequestBody": null,
      "StatusCode": 201,
      "ResponseHeaders": {
        "Content-Length": "0",
        "Content-MD5": "1B2M2Y8AsgTpgAmY7PhCfg==",
        "Date": "Tue, 20 Jun 2023 19:52:45 GMT",
        "ETag": "\u00220x8DB71C7EB746E8B\u0022",
        "Last-Modified": "Tue, 20 Jun 2023 19:52:46 GMT",
        "Server": [
          "Windows-Azure-Blob/1.0",
          "Microsoft-HTTPAPI/2.0"
        ],
        "x-ms-client-request-id": "d7e1163d-5a79-385e-fa8c-3624e2224478",
        "x-ms-content-crc64": "AAAAAAAAAAA=",
        "x-ms-request-id": "6828900d-501e-009a-58b0-a30f5b000000",
        "x-ms-request-server-encrypted": "true",
        "x-ms-version": "2023-01-03"
      },
      "ResponseBody": null
    },
    {
      "RequestUri": "https://seanmcccanada.blob.core.windows.net/test-container-5e735fdb-286c-6701-6c55-f35d2ef5da46/test-blob-7a16cdca-a00d-1899-0f7f-2c5a51d5e4dc",
      "RequestMethod": "PUT",
      "RequestHeaders": {
        "Accept": "application/xml",
        "Authorization": "Sanitized",
        "Content-Length": "0",
        "Content-Type": "application/octet-stream",
        "If-None-Match": "*",
        "traceparent": "00-aa8f90f6ed1258ea02a1de8e8bd90926-fb9da26733851e9b-00",
        "User-Agent": "azsdk-net-Storage.Blobs/12.17.0-alpha.20230620.1 (.NET 7.0.7; Microsoft Windows 10.0.22621)",
        "x-ms-blob-type": "BlockBlob",
        "x-ms-client-request-id": "d483cf2c-908f-f814-b383-fde7949eb8c6",
        "x-ms-date": "Tue, 20 Jun 2023 19:52:46 GMT",
        "x-ms-return-client-request-id": "true",
        "x-ms-version": "2023-01-03"
      },
      "RequestBody": null,
      "StatusCode": 201,
      "ResponseHeaders": {
        "Content-Length": "0",
        "Content-MD5": "1B2M2Y8AsgTpgAmY7PhCfg==",
        "Date": "Tue, 20 Jun 2023 19:52:45 GMT",
        "ETag": "\u00220x8DB71C7EB76B81F\u0022",
        "Last-Modified": "Tue, 20 Jun 2023 19:52:46 GMT",
        "Server": [
          "Windows-Azure-Blob/1.0",
          "Microsoft-HTTPAPI/2.0"
        ],
        "x-ms-client-request-id": "d483cf2c-908f-f814-b383-fde7949eb8c6",
        "x-ms-content-crc64": "AAAAAAAAAAA=",
        "x-ms-request-id": "64d69c44-401e-00a9-02b0-a350f0000000",
        "x-ms-request-server-encrypted": "true",
        "x-ms-version": "2023-01-03"
      },
      "ResponseBody": null
    },
    {
      "RequestUri": "https://seanmcccanada.blob.core.windows.net/test-container-5e735fdb-286c-6701-6c55-f35d2ef5da46?restype=container",
      "RequestMethod": "DELETE",
      "RequestHeaders": {
        "Accept": "application/xml",
        "Authorization": "Sanitized",
        "traceparent": "00-dbad2c7762db9bb1ab34f5d8d3e320e3-a62b28a17df535f0-00",
        "User-Agent": "azsdk-net-Storage.Blobs/12.17.0-alpha.20230620.1 (.NET 7.0.7; Microsoft Windows 10.0.22621)",
        "x-ms-client-request-id": "12f87d64-6f9f-36e9-342a-11524dbb1817",
        "x-ms-date": "Tue, 20 Jun 2023 19:52:46 GMT",
        "x-ms-return-client-request-id": "true",
        "x-ms-version": "2023-01-03"
      },
      "RequestBody": null,
      "StatusCode": 202,
      "ResponseHeaders": {
        "Content-Length": "0",
        "Date": "Tue, 20 Jun 2023 19:52:45 GMT",
        "Server": [
          "Windows-Azure-Blob/1.0",
          "Microsoft-HTTPAPI/2.0"
        ],
        "x-ms-client-request-id": "12f87d64-6f9f-36e9-342a-11524dbb1817",
        "x-ms-request-id": "64d69d0b-401e-00a9-39b0-a350f0000000",
        "x-ms-version": "2023-01-03"
      },
      "ResponseBody": null
    }
  ],
  "Variables": {
    "RandomSeed": "1066291499",
    "Storage_TestConfigDefault": "ProductionTenant\nseanmcccanada\nU2FuaXRpemVk\nhttps://seanmcccanada.blob.core.windows.net\nhttps://seanmcccanada.file.core.windows.net\nhttps://seanmcccanada.queue.core.windows.net\nhttps://seanmcccanada.table.core.windows.net\n\n\n\n\nhttps://seanmcccanada-secondary.blob.core.windows.net\nhttps://seanmcccanada-secondary.file.core.windows.net\nhttps://seanmcccanada-secondary.queue.core.windows.net\nhttps://seanmcccanada-secondary.table.core.windows.net\n\nSanitized\n\n\nCloud\nBlobEndpoint=https://seanmcccanada.blob.core.windows.net/;QueueEndpoint=https://seanmcccanada.queue.core.windows.net/;FileEndpoint=https://seanmcccanada.file.core.windows.net/;BlobSecondaryEndpoint=https://seanmcccanada-secondary.blob.core.windows.net/;QueueSecondaryEndpoint=https://seanmcccanada-secondary.queue.core.windows.net/;FileSecondaryEndpoint=https://seanmcccanada-secondary.file.core.windows.net/;AccountName=seanmcccanada;AccountKey=Sanitized\nseanscope1\n\n"
  }
}
