{
  "Entries": [
    {
      "RequestUri": "https://amandadev2.blob.core.windows.net/test-container-2a6c778d-0058-7285-8301-90813b150789?restype=container",
      "RequestMethod": "PUT",
      "RequestHeaders": {
        "Accept": "application/xml",
        "Authorization": "Sanitized",
        "Content-Length": "0",
        "traceparent": "00-160786abed64e14dc67b3b99ce9f83c1-381a8ef19a38cc58-00",
        "User-Agent": "azsdk-net-Storage.Blobs/12.15.0-alpha.20221212.1 (.NET 6.0.11; Microsoft Windows 10.0.22621)",
        "x-ms-client-request-id": "9bcbcbfe-33f6-62bd-297e-400170a421fe",
        "x-ms-date": "Mon, 12 Dec 2022 23:27:44 GMT",
        "x-ms-return-client-request-id": "true",
        "x-ms-version": "2021-12-02"
      },
      "RequestBody": null,
      "StatusCode": 201,
      "ResponseHeaders": {
        "Content-Length": "0",
        "Date": "Mon, 12 Dec 2022 23:27:45 GMT",
        "ETag": "\u00220x8DADC98797E3237\u0022",
        "Last-Modified": "Mon, 12 Dec 2022 23:27:45 GMT",
        "Server": [
          "Windows-Azure-Blob/1.0",
          "Microsoft-HTTPAPI/2.0"
        ],
        "x-ms-client-request-id": "9bcbcbfe-33f6-62bd-297e-400170a421fe",
        "x-ms-request-id": "c452a4e5-801e-0043-6d81-0e93bd000000",
        "x-ms-version": "2021-12-02"
      },
      "ResponseBody": null
    },
    {
      "RequestUri": "https://amandadev2.blob.core.windows.net/test-container-2a6c778d-0058-7285-8301-90813b150789/test-blob-6c0283c4-aa84-f1c0-ddef-77a32655ec6f",
      "RequestMethod": "PUT",
      "RequestHeaders": {
        "Accept": "application/xml",
        "Authorization": "Sanitized",
        "Content-Length": "0",
        "traceparent": "00-fe01d07b26f5149ddf3e47b6876897f4-4074742a53f1cd6f-00",
        "User-Agent": "azsdk-net-Storage.Blobs/12.15.0-alpha.20221212.1 (.NET 6.0.11; Microsoft Windows 10.0.22621)",
        "x-ms-blob-type": "AppendBlob",
        "x-ms-client-request-id": "026bda92-ac11-53e8-0bda-be07bc1a3bd4",
        "x-ms-date": "Mon, 12 Dec 2022 23:27:44 GMT",
        "x-ms-return-client-request-id": "true",
        "x-ms-version": "2021-12-02"
      },
      "RequestBody": null,
      "StatusCode": 201,
      "ResponseHeaders": {
        "Content-Length": "0",
        "Date": "Mon, 12 Dec 2022 23:27:45 GMT",
        "ETag": "\u00220x8DADC987988C472\u0022",
        "Last-Modified": "Mon, 12 Dec 2022 23:27:45 GMT",
        "Server": [
          "Windows-Azure-Blob/1.0",
          "Microsoft-HTTPAPI/2.0"
        ],
        "x-ms-client-request-id": "026bda92-ac11-53e8-0bda-be07bc1a3bd4",
        "x-ms-request-id": "c452a51c-801e-0043-1f81-0e93bd000000",
        "x-ms-request-server-encrypted": "true",
        "x-ms-version": "2021-12-02",
        "x-ms-version-id": "2022-12-12T23:27:45.8492530Z"
      },
      "ResponseBody": null
    },
    {
      "RequestUri": "https://amandadev2.blob.core.windows.net/test-container-2a6c778d-0058-7285-8301-90813b150789?restype=container",
      "RequestMethod": "DELETE",
      "RequestHeaders": {
        "Accept": "application/xml",
        "Authorization": "Sanitized",
        "traceparent": "00-0398cb1bb4a1afd9d7c60059bb5cb429-ea8beffab761ab23-00",
        "User-Agent": "azsdk-net-Storage.Blobs/12.15.0-alpha.20221212.1 (.NET 6.0.11; Microsoft Windows 10.0.22621)",
        "x-ms-client-request-id": "4c1068e2-eaea-3a5e-3a2f-6470ad8cace9",
        "x-ms-date": "Mon, 12 Dec 2022 23:27:45 GMT",
        "x-ms-return-client-request-id": "true",
        "x-ms-version": "2021-12-02"
      },
      "RequestBody": null,
      "StatusCode": 202,
      "ResponseHeaders": {
        "Content-Length": "0",
        "Date": "Mon, 12 Dec 2022 23:27:45 GMT",
        "Server": [
          "Windows-Azure-Blob/1.0",
          "Microsoft-HTTPAPI/2.0"
        ],
        "x-ms-client-request-id": "4c1068e2-eaea-3a5e-3a2f-6470ad8cace9",
        "x-ms-request-id": "c452a56e-801e-0043-6c81-0e93bd000000",
        "x-ms-version": "2021-12-02"
      },
      "ResponseBody": null
    }
  ],
  "Variables": {
    "RandomSeed": "1719765626",
    "Storage_TestConfigDefault": "ProductionTenant\namandadev2\nU2FuaXRpemVk\nhttps://amandadev2.blob.core.windows.net\nhttps://amandadev2.file.core.windows.net\nhttps://amandadev2.queue.core.windows.net\nhttps://amandadev2.table.core.windows.net\n\n\n\n\nhttps://amandadev2-secondary.core.windows.net\nhttps://amandadev2-secondary.file.core.windows.net\nhttps://amandadev2-secondary.queue.core.windows.net\nhttps://amandadev2-secondary.table.core.windows.net\n\nSanitized\n\n\nCloud\nBlobEndpoint=https://amandadev2.blob.core.windows.net/;QueueEndpoint=https://amandadev2.queue.core.windows.net/;FileEndpoint=https://amandadev2.file.core.windows.net/;BlobSecondaryEndpoint=https://amandadev2-secondary.core.windows.net/;QueueSecondaryEndpoint=https://amandadev2-secondary.queue.core.windows.net/;FileSecondaryEndpoint=https://amandadev2-secondary.file.core.windows.net/;AccountName=amandadev2;AccountKey=Sanitized\nencryptionScope1\n\n"
  }
}
