{
  "Entries": [
    {
      "RequestUri": "/subscriptions/0e5a46b1-de0b-4ec3-a5d7-dda908b4e076/resourcegroups/dnsresolvertestrg3311?api-version=2015-11-01",
      "EncodedRequestUri": "L3N1YnNjcmlwdGlvbnMvMGU1YTQ2YjEtZGUwYi00ZWMzLWE1ZDctZGRhOTA4YjRlMDc2L3Jlc291cmNlZ3JvdXBzL2Ruc3Jlc29sdmVydGVzdHJnMzMxMT9hcGktdmVyc2lvbj0yMDE1LTExLTAx",
      "RequestMethod": "PUT",
      "RequestBody": "{\r\n  \"location\": \"Central US\"\r\n}",
      "RequestHeaders": {
        "x-ms-client-request-id": [
          "b0d611ee-0133-4974-bcc1-d2acec59b491"
        ],
        "Accept-Language": [
          "en-US"
        ],
        "User-Agent": [
          "FxVersion/4.6.29518.01",
          "OSName/Windows",
          "OSVersion/Microsoft.Windows.10.0.19042.",
          "Microsoft.Azure.Management.Resources.ResourceManagementClient/1.0.0.0"
        ],
        "Content-Type": [
          "application/json; charset=utf-8"
        ],
        "Content-Length": [
          "32"
        ]
      },
      "ResponseHeaders": {
        "Cache-Control": [
          "no-cache"
        ],
        "Pragma": [
          "no-cache"
        ],
        "x-ms-ratelimit-remaining-subscription-writes": [
          "1199"
        ],
        "x-ms-request-id": [
          "0b3aff76-8678-4162-9cdc-b555ea0ada1d"
        ],
        "x-ms-correlation-request-id": [
          "0b3aff76-8678-4162-9cdc-b555ea0ada1d"
        ],
        "x-ms-routing-request-id": [
          "NORTHEUROPE:20210129T063022Z:0b3aff76-8678-4162-9cdc-b555ea0ada1d"
        ],
        "Strict-Transport-Security": [
          "max-age=31536000; includeSubDomains"
        ],
        "X-Content-Type-Options": [
          "nosniff"
        ],
        "Date": [
          "Fri, 29 Jan 2021 06:30:22 GMT"
        ],
        "Content-Length": [
          "198"
        ],
        "Content-Type": [
          "application/json; charset=utf-8"
        ],
        "Expires": [
          "-1"
        ]
      },
      "ResponseBody": "{\r\n  \"id\": \"/subscriptions/0e5a46b1-de0b-4ec3-a5d7-dda908b4e076/resourceGroups/dnsresolvertestrg3311\",\r\n  \"name\": \"dnsresolvertestrg3311\",\r\n  \"location\": \"centralus\",\r\n  \"properties\": {\r\n    \"provisioningState\": \"Succeeded\"\r\n  }\r\n}",
      "StatusCode": 201
    },
    {
      "RequestUri": "/subscriptions/0e5a46b1-de0b-4ec3-a5d7-dda908b4e076/resourceGroups/dnsresolvertestrg3311/providers/Microsoft.Network/dnsResolvers/dnsresolvertestresolver6738?api-version=2020-04-01-preview",
      "EncodedRequestUri": "L3N1YnNjcmlwdGlvbnMvMGU1YTQ2YjEtZGUwYi00ZWMzLWE1ZDctZGRhOTA4YjRlMDc2L3Jlc291cmNlR3JvdXBzL2Ruc3Jlc29sdmVydGVzdHJnMzMxMS9wcm92aWRlcnMvTWljcm9zb2Z0Lk5ldHdvcmsvZG5zUmVzb2x2ZXJzL2Ruc3Jlc29sdmVydGVzdHJlc29sdmVyNjczOD9hcGktdmVyc2lvbj0yMDIwLTA0LTAxLXByZXZpZXc=",
      "RequestMethod": "PUT",
      "RequestBody": "{\r\n  \"properties\": {\r\n    \"virtualNetwork\": {\r\n      \"id\": \"/subscriptions/0e5a46b1-de0b-4ec3-a5d7-dda908b4e076/resourceGroups/dnsresolvertestrg3311/providers/Microsoft.Network/virtualNetworks/dnsresolvertestvnet9088\"\r\n    }\r\n  },\r\n  \"location\": \"westus2\"\r\n}",
      "RequestHeaders": {
        "x-ms-client-request-id": [
          "f028af96-7c6c-452d-ae26-c326540c843d"
        ],
        "Accept-Language": [
          "en-US"
        ],
        "User-Agent": [
          "FxVersion/4.6.29518.01",
          "OSName/Windows",
          "OSVersion/Microsoft.Windows.10.0.19042.",
          "Microsoft.Azure.Management.DnsResolver.DnsResolverManagementClient/1.0.0.0"
        ],
        "Content-Type": [
          "application/json; charset=utf-8"
        ],
        "Content-Length": [
          "258"
        ]
      },
      "ResponseHeaders": {
        "Cache-Control": [
          "no-cache"
        ],
        "Pragma": [
          "no-cache"
        ],
        "Location": [
          "https://api-dogfood.resources.windows-int.net/subscriptions/0e5a46b1-de0b-4ec3-a5d7-dda908b4e076/resourceGroups/dnsresolvertestrg3311/providers/Microsoft.Network/locations/westus2/dnsResolverOperationResults/eyJPcGVyYXRpb25UeXBlIjoiVXBzZXJ0RG5zUmVzb2x2ZXIiLCJPcGVyYXRpb25JZCI6ImYxODc3Yjk3LTUxZjgtNGY2Yi05YzJkLTA2NDVlZTk0MjAzNiJ9?api-version=2020-04-01-preview"
        ],
        "x-ms-activity-id": [
          "e8896242-176e-4710-a916-5a6c0d596db7"
        ],
        "Azure-AsyncOperation": [
          "https://api-dogfood.resources.windows-int.net/subscriptions/0e5a46b1-de0b-4ec3-a5d7-dda908b4e076/resourceGroups/dnsresolvertestrg3311/providers/Microsoft.Network/locations/westus2/dnsResolverOperationStatuses/eyJPcGVyYXRpb25UeXBlIjoiVXBzZXJ0RG5zUmVzb2x2ZXIiLCJPcGVyYXRpb25JZCI6ImYxODc3Yjk3LTUxZjgtNGY2Yi05YzJkLTA2NDVlZTk0MjAzNiJ9?api-version=2020-04-01-preview"
        ],
        "Server": [
          "Kestrel"
        ],
        "x-ms-ratelimit-remaining-subscription-resource-requests": [
          "11999"
        ],
        "x-ms-request-id": [
          "1e9169e7-518a-485e-83ff-a55c76c52686"
        ],
        "x-ms-correlation-request-id": [
          "1e9169e7-518a-485e-83ff-a55c76c52686"
        ],
        "x-ms-routing-request-id": [
          "NORTHEUROPE:20210129T063026Z:1e9169e7-518a-485e-83ff-a55c76c52686"
        ],
        "Strict-Transport-Security": [
          "max-age=31536000; includeSubDomains"
        ],
        "X-Content-Type-Options": [
          "nosniff"
        ],
        "Date": [
          "Fri, 29 Jan 2021 06:30:26 GMT"
        ],
        "Expires": [
          "-1"
        ],
        "Content-Length": [
          "0"
        ]
      },
      "ResponseBody": "",
      "StatusCode": 202
    },
    {
      "RequestUri": "/subscriptions/0e5a46b1-de0b-4ec3-a5d7-dda908b4e076/resourceGroups/dnsresolvertestrg3311/providers/Microsoft.Network/locations/westus2/dnsResolverOperationStatuses/eyJPcGVyYXRpb25UeXBlIjoiVXBzZXJ0RG5zUmVzb2x2ZXIiLCJPcGVyYXRpb25JZCI6ImYxODc3Yjk3LTUxZjgtNGY2Yi05YzJkLTA2NDVlZTk0MjAzNiJ9?api-version=2020-04-01-preview",
      "EncodedRequestUri": "L3N1YnNjcmlwdGlvbnMvMGU1YTQ2YjEtZGUwYi00ZWMzLWE1ZDctZGRhOTA4YjRlMDc2L3Jlc291cmNlR3JvdXBzL2Ruc3Jlc29sdmVydGVzdHJnMzMxMS9wcm92aWRlcnMvTWljcm9zb2Z0Lk5ldHdvcmsvbG9jYXRpb25zL3dlc3R1czIvZG5zUmVzb2x2ZXJPcGVyYXRpb25TdGF0dXNlcy9leUpQY0dWeVlYUnBiMjVVZVhCbElqb2lWWEJ6WlhKMFJHNXpVbVZ6YjJ4MlpYSWlMQ0pQY0dWeVlYUnBiMjVKWkNJNkltWXhPRGMzWWprM0xUVXhaamd0TkdZMllpMDVZekprTFRBMk5EVmxaVGswTWpBek5pSjk/YXBpLXZlcnNpb249MjAyMC0wNC0wMS1wcmV2aWV3",
      "RequestMethod": "GET",
      "RequestBody": "",
      "RequestHeaders": {
        "User-Agent": [
          "FxVersion/4.6.29518.01",
          "OSName/Windows",
          "OSVersion/Microsoft.Windows.10.0.19042.",
          "Microsoft.Azure.Management.DnsResolver.DnsResolverManagementClient/1.0.0.0"
        ]
      },
      "ResponseHeaders": {
        "Cache-Control": [
          "no-cache"
        ],
        "Pragma": [
          "no-cache"
        ],
        "x-ms-activity-id": [
          "1fb1429f-8e90-456f-b358-124b364ccdfa"
        ],
        "Server": [
          "Kestrel"
        ],
        "x-ms-ratelimit-remaining-subscription-resource-requests": [
          "499"
        ],
        "x-ms-request-id": [
          "6248bc1f-9f38-4e2f-ad94-2db3e292c402"
        ],
        "x-ms-correlation-request-id": [
          "6248bc1f-9f38-4e2f-ad94-2db3e292c402"
        ],
        "x-ms-routing-request-id": [
          "NORTHEUROPE:20210129T063056Z:6248bc1f-9f38-4e2f-ad94-2db3e292c402"
        ],
        "Strict-Transport-Security": [
          "max-age=31536000; includeSubDomains"
        ],
        "X-Content-Type-Options": [
          "nosniff"
        ],
        "Date": [
          "Fri, 29 Jan 2021 06:30:56 GMT"
        ],
        "Content-Length": [
          "22"
        ],
        "Content-Type": [
          "application/json; charset=utf-8"
        ],
        "Expires": [
          "-1"
        ]
      },
      "ResponseBody": "{\r\n  \"status\": \"Succeeded\"\r\n}",
      "StatusCode": 200
    },
    {
      "RequestUri": "/subscriptions/0e5a46b1-de0b-4ec3-a5d7-dda908b4e076/resourceGroups/dnsresolvertestrg3311/providers/Microsoft.Network/dnsResolvers/dnsresolvertestresolver6738?api-version=2020-04-01-preview",
      "EncodedRequestUri": "L3N1YnNjcmlwdGlvbnMvMGU1YTQ2YjEtZGUwYi00ZWMzLWE1ZDctZGRhOTA4YjRlMDc2L3Jlc291cmNlR3JvdXBzL2Ruc3Jlc29sdmVydGVzdHJnMzMxMS9wcm92aWRlcnMvTWljcm9zb2Z0Lk5ldHdvcmsvZG5zUmVzb2x2ZXJzL2Ruc3Jlc29sdmVydGVzdHJlc29sdmVyNjczOD9hcGktdmVyc2lvbj0yMDIwLTA0LTAxLXByZXZpZXc=",
      "RequestMethod": "GET",
      "RequestBody": "",
      "RequestHeaders": {
        "User-Agent": [
          "FxVersion/4.6.29518.01",
          "OSName/Windows",
          "OSVersion/Microsoft.Windows.10.0.19042.",
          "Microsoft.Azure.Management.DnsResolver.DnsResolverManagementClient/1.0.0.0"
        ]
      },
      "ResponseHeaders": {
        "Cache-Control": [
          "no-cache"
        ],
        "Pragma": [
          "no-cache"
        ],
        "x-ms-activity-id": [
          "15968567-622a-4b07-a4be-bcdb4b66668d"
        ],
        "Server": [
          "Kestrel"
        ],
        "x-ms-ratelimit-remaining-subscription-resource-requests": [
          "499"
        ],
        "x-ms-request-id": [
          "8832bdc7-94d8-4e04-baec-7ca13aa6003f"
        ],
        "x-ms-correlation-request-id": [
          "8832bdc7-94d8-4e04-baec-7ca13aa6003f"
        ],
        "x-ms-routing-request-id": [
          "NORTHEUROPE:20210129T063056Z:8832bdc7-94d8-4e04-baec-7ca13aa6003f"
        ],
        "Strict-Transport-Security": [
          "max-age=31536000; includeSubDomains"
        ],
        "X-Content-Type-Options": [
          "nosniff"
        ],
        "Date": [
          "Fri, 29 Jan 2021 06:30:56 GMT"
        ],
        "Content-Length": [
          "765"
        ],
        "Content-Type": [
          "application/json; charset=utf-8"
        ],
        "Expires": [
          "-1"
        ]
      },
      "ResponseBody": "{\r\n  \"properties\": {\r\n    \"virtualNetwork\": {\r\n      \"id\": \"/subscriptions/0e5a46b1-de0b-4ec3-a5d7-dda908b4e076/resourceGroups/dnsresolvertestrg3311/providers/Microsoft.Network/virtualNetworks/dnsresolvertestvnet9088\"\r\n    },\r\n    \"numberOfInboundEndpoints\": 0,\r\n    \"maxNumberOfInboundEndpoints\": 5,\r\n    \"numberOfOutboundEndpoints\": 0,\r\n    \"maxNumberOfOutboundEndpoints\": 5,\r\n    \"dnsResolverState\": \"Connected\",\r\n    \"provisioningState\": \"Succeeded\",\r\n    \"resourceGuid\": \"38b4f03f-572e-4bed-995d-240b4ec0de19\"\r\n  },\r\n  \"etag\": \"\\\"0b007030-0000-0800-0000-6013ab840000\\\"\",\r\n  \"location\": \"westus2\",\r\n  \"tags\": null,\r\n  \"id\": \"/subscriptions/0e5a46b1-de0b-4ec3-a5d7-dda908b4e076/resourceGroups/dnsresolvertestrg3311/providers/Microsoft.Network/dnsResolvers/dnsresolvertestresolver6738\",\r\n  \"name\": \"dnsresolvertestresolver6738\",\r\n  \"type\": \"Microsoft.Network/dnsResolvers\"\r\n}",
      "StatusCode": 200
    },
    {
      "RequestUri": "/subscriptions/0e5a46b1-de0b-4ec3-a5d7-dda908b4e076/resourceGroups/dnsresolvertestrg3311/providers/Microsoft.Network/dnsResolvers/dnsresolvertestresolver6738?api-version=2020-04-01-preview",
      "EncodedRequestUri": "L3N1YnNjcmlwdGlvbnMvMGU1YTQ2YjEtZGUwYi00ZWMzLWE1ZDctZGRhOTA4YjRlMDc2L3Jlc291cmNlR3JvdXBzL2Ruc3Jlc29sdmVydGVzdHJnMzMxMS9wcm92aWRlcnMvTWljcm9zb2Z0Lk5ldHdvcmsvZG5zUmVzb2x2ZXJzL2Ruc3Jlc29sdmVydGVzdHJlc29sdmVyNjczOD9hcGktdmVyc2lvbj0yMDIwLTA0LTAxLXByZXZpZXc=",
      "RequestMethod": "PATCH",
      "RequestBody": "{\r\n  \"properties\": {\r\n    \"virtualNetwork\": {\r\n      \"id\": \"/subscriptions/4a8ebe63-51d8-4dae-9f48-a83115091b29/resourceGroups/dnsresolvertestrg6532/providers/Microsoft.Network/virtualNetworks/dnsresolvertestvnet7390\"\r\n    }\r\n  },\r\n  \"tags\": {\r\n    \"tagKey0\": \"tagValue0\",\r\n    \"tagKey1\": \"tagValue1\",\r\n    \"tagKey2\": \"tagValue2\",\r\n    \"tagKey3\": \"tagValue3\",\r\n    \"tagKey4\": \"tagValue4\"\r\n  }\r\n}",
      "RequestHeaders": {
        "x-ms-client-request-id": [
          "89c0c56a-512d-4769-b73a-52bef3686628"
        ],
        "Accept-Language": [
          "en-US"
        ],
        "User-Agent": [
          "FxVersion/4.6.29518.01",
          "OSName/Windows",
          "OSVersion/Microsoft.Windows.10.0.19042.",
          "Microsoft.Azure.Management.DnsResolver.DnsResolverManagementClient/1.0.0.0"
        ],
        "Content-Type": [
          "application/json; charset=utf-8"
        ],
        "Content-Length": [
          "395"
        ]
      },
      "ResponseHeaders": {
        "Cache-Control": [
          "no-cache"
        ],
        "Pragma": [
          "no-cache"
        ],
        "x-ms-failure-cause": [
          "gateway"
        ],
        "x-ms-request-id": [
          "6210e6fa-5595-4e33-b36b-9e19f2b66b36"
        ],
        "x-ms-correlation-request-id": [
          "6210e6fa-5595-4e33-b36b-9e19f2b66b36"
        ],
        "x-ms-routing-request-id": [
          "NORTHEUROPE:20210129T063057Z:6210e6fa-5595-4e33-b36b-9e19f2b66b36"
        ],
        "Strict-Transport-Security": [
          "max-age=31536000; includeSubDomains"
        ],
        "X-Content-Type-Options": [
          "nosniff"
        ],
        "Date": [
          "Fri, 29 Jan 2021 06:30:57 GMT"
        ],
        "Connection": [
          "close"
        ],
        "Content-Type": [
          "application/json; charset=utf-8"
        ],
        "Expires": [
          "-1"
        ],
        "Content-Length": [
          "407"
        ]
      },
      "ResponseBody": "{\r\n  \"error\": {\r\n    \"code\": \"LinkedAuthorizationFailed\",\r\n    \"message\": \"The client has permission to perform action 'Microsoft.Network/virtualNetworks/join/action' on scope '/subscriptions/0e5a46b1-de0b-4ec3-a5d7-dda908b4e076/resourceGroups/dnsresolvertestrg3311/providers/Microsoft.Network/dnsResolvers/dnsresolvertestresolver6738', however the linked subscription '4a8ebe63-51d8-4dae-9f48-a83115091b29' was not found. \"\r\n  }\r\n}",
      "StatusCode": 403
    }
  ],
  "Names": {
    "GenerateResourceGroupName": [
      "dnsresolvertestrg3311",
      "dnsresolvertestrg6532"
    ],
    "GenerateDnsResolverName": [
      "dnsresolvertestresolver6738"
    ],
    "GenerateVirtualNetworkName": [
      "dnsresolvertestvnet9088",
      "dnsresolvertestvnet7390"
    ]
  },
  "Variables": {
    "SubscriptionId": "0e5a46b1-de0b-4ec3-a5d7-dda908b4e076"
  }
}