{
  "Entries": [
    {
      "RequestUri": "/subscriptions/0e5a46b1-de0b-4ec3-a5d7-dda908b4e076/resourcegroups/dnsresolvertestrg2105?api-version=2015-11-01",
      "EncodedRequestUri": "L3N1YnNjcmlwdGlvbnMvMGU1YTQ2YjEtZGUwYi00ZWMzLWE1ZDctZGRhOTA4YjRlMDc2L3Jlc291cmNlZ3JvdXBzL2Ruc3Jlc29sdmVydGVzdHJnMjEwNT9hcGktdmVyc2lvbj0yMDE1LTExLTAx",
      "RequestMethod": "PUT",
      "RequestBody": "{\r\n  \"location\": \"Central US\"\r\n}",
      "RequestHeaders": {
        "x-ms-client-request-id": [
          "2622b106-deb9-4bc7-b35a-58dcf35442d4"
        ],
        "Accept-Language": [
          "en-US"
        ],
        "User-Agent": [
          "FxVersion/4.6.29518.01",
          "OSName/Windows",
          "OSVersion/Microsoft.Windows.10.0.19042.",
          "Microsoft.Azure.Management.Resources.ResourceManagementClient/1.0.0.0"
        ],
        "Content-Type": [
          "application/json; charset=utf-8"
        ],
        "Content-Length": [
          "32"
        ]
      },
      "ResponseHeaders": {
        "Cache-Control": [
          "no-cache"
        ],
        "Pragma": [
          "no-cache"
        ],
        "x-ms-ratelimit-remaining-subscription-writes": [
          "1198"
        ],
        "x-ms-request-id": [
          "a59c961d-625b-438c-b0ed-91b49d46c1d5"
        ],
        "x-ms-correlation-request-id": [
          "a59c961d-625b-438c-b0ed-91b49d46c1d5"
        ],
        "x-ms-routing-request-id": [
          "NORTHEUROPE:20210205T194401Z:a59c961d-625b-438c-b0ed-91b49d46c1d5"
        ],
        "Strict-Transport-Security": [
          "max-age=31536000; includeSubDomains"
        ],
        "X-Content-Type-Options": [
          "nosniff"
        ],
        "Date": [
          "Fri, 05 Feb 2021 19:44:00 GMT"
        ],
        "Content-Length": [
          "198"
        ],
        "Content-Type": [
          "application/json; charset=utf-8"
        ],
        "Expires": [
          "-1"
        ]
      },
      "ResponseBody": "{\r\n  \"id\": \"/subscriptions/0e5a46b1-de0b-4ec3-a5d7-dda908b4e076/resourceGroups/dnsresolvertestrg2105\",\r\n  \"name\": \"dnsresolvertestrg2105\",\r\n  \"location\": \"centralus\",\r\n  \"properties\": {\r\n    \"provisioningState\": \"Succeeded\"\r\n  }\r\n}",
      "StatusCode": 201
    },
    {
      "RequestUri": "/subscriptions/0e5a46b1-de0b-4ec3-a5d7-dda908b4e076/resourceGroups/dnsresolvertestrg2105/providers/Microsoft.Network/dnsResolvers/dnsresolvertestresolver7958?api-version=2020-04-01-preview",
      "EncodedRequestUri": "L3N1YnNjcmlwdGlvbnMvMGU1YTQ2YjEtZGUwYi00ZWMzLWE1ZDctZGRhOTA4YjRlMDc2L3Jlc291cmNlR3JvdXBzL2Ruc3Jlc29sdmVydGVzdHJnMjEwNS9wcm92aWRlcnMvTWljcm9zb2Z0Lk5ldHdvcmsvZG5zUmVzb2x2ZXJzL2Ruc3Jlc29sdmVydGVzdHJlc29sdmVyNzk1OD9hcGktdmVyc2lvbj0yMDIwLTA0LTAxLXByZXZpZXc=",
      "RequestMethod": "PUT",
      "RequestBody": "{\r\n  \"properties\": {\r\n    \"virtualNetwork\": {\r\n      \"id\": \"/subscriptions/0e5a46b1-de0b-4ec3-a5d7-dda908b4e076/resourceGroups/dnsresolvertestrg2105/providers/Microsoft.Network/virtualNetworks/dnsresolvertestvnet4586\"\r\n    }\r\n  },\r\n  \"location\": \"westus2\"\r\n}",
      "RequestHeaders": {
        "x-ms-client-request-id": [
          "ade7a782-9ba9-4e34-b27d-279f5aa9b0d5"
        ],
        "Accept-Language": [
          "en-US"
        ],
        "User-Agent": [
          "FxVersion/4.6.29518.01",
          "OSName/Windows",
          "OSVersion/Microsoft.Windows.10.0.19042.",
          "Microsoft.Azure.Management.DnsResolver.DnsResolverManagementClient/1.0.0.0"
        ],
        "Content-Type": [
          "application/json; charset=utf-8"
        ],
        "Content-Length": [
          "258"
        ]
      },
      "ResponseHeaders": {
        "Cache-Control": [
          "no-cache"
        ],
        "Pragma": [
          "no-cache"
        ],
        "Location": [
          "https://api-dogfood.resources.windows-int.net/subscriptions/0e5a46b1-de0b-4ec3-a5d7-dda908b4e076/resourceGroups/dnsresolvertestrg2105/providers/Microsoft.Network/locations/westus2/dnsResolverOperationResults/eyJPcGVyYXRpb25UeXBlIjoiVXBzZXJ0RG5zUmVzb2x2ZXIiLCJPcGVyYXRpb25JZCI6IjViMjFiNGNmLTI0MWYtNDdkZS1iNjIyLTBmZWRmMTEwMThjNiJ9?api-version=2020-04-01-preview"
        ],
        "x-ms-activity-id": [
          "fb3aa2d6-f908-4c9d-9b7e-836f4df64402"
        ],
        "Azure-AsyncOperation": [
          "https://api-dogfood.resources.windows-int.net/subscriptions/0e5a46b1-de0b-4ec3-a5d7-dda908b4e076/resourceGroups/dnsresolvertestrg2105/providers/Microsoft.Network/locations/westus2/dnsResolverOperationStatuses/eyJPcGVyYXRpb25UeXBlIjoiVXBzZXJ0RG5zUmVzb2x2ZXIiLCJPcGVyYXRpb25JZCI6IjViMjFiNGNmLTI0MWYtNDdkZS1iNjIyLTBmZWRmMTEwMThjNiJ9?api-version=2020-04-01-preview"
        ],
        "Server": [
          "Kestrel"
        ],
        "x-ms-ratelimit-remaining-subscription-resource-requests": [
          "11998"
        ],
        "x-ms-request-id": [
          "a49137ed-d98c-46e5-9dfb-128ae996e7c0"
        ],
        "x-ms-correlation-request-id": [
          "a49137ed-d98c-46e5-9dfb-128ae996e7c0"
        ],
        "x-ms-routing-request-id": [
          "NORTHEUROPE:20210205T194404Z:a49137ed-d98c-46e5-9dfb-128ae996e7c0"
        ],
        "Strict-Transport-Security": [
          "max-age=31536000; includeSubDomains"
        ],
        "X-Content-Type-Options": [
          "nosniff"
        ],
        "Date": [
          "Fri, 05 Feb 2021 19:44:03 GMT"
        ],
        "Expires": [
          "-1"
        ],
        "Content-Length": [
          "0"
        ]
      },
      "ResponseBody": "",
      "StatusCode": 202
    },
    {
      "RequestUri": "/subscriptions/0e5a46b1-de0b-4ec3-a5d7-dda908b4e076/resourceGroups/dnsresolvertestrg2105/providers/Microsoft.Network/dnsResolvers/dnsresolvertestresolver7958?api-version=2020-04-01-preview",
      "EncodedRequestUri": "L3N1YnNjcmlwdGlvbnMvMGU1YTQ2YjEtZGUwYi00ZWMzLWE1ZDctZGRhOTA4YjRlMDc2L3Jlc291cmNlR3JvdXBzL2Ruc3Jlc29sdmVydGVzdHJnMjEwNS9wcm92aWRlcnMvTWljcm9zb2Z0Lk5ldHdvcmsvZG5zUmVzb2x2ZXJzL2Ruc3Jlc29sdmVydGVzdHJlc29sdmVyNzk1OD9hcGktdmVyc2lvbj0yMDIwLTA0LTAxLXByZXZpZXc=",
      "RequestMethod": "PUT",
      "RequestBody": "{\r\n  \"properties\": {\r\n    \"virtualNetwork\": {\r\n      \"id\": \"/subscriptions/0e5a46b1-de0b-4ec3-a5d7-dda908b4e076/resourceGroups/dnsresolvertestrg2105/providers/Microsoft.Network/virtualNetworks/dnsresolvertestvnet4586\"\r\n    }\r\n  },\r\n  \"location\": \"westus2\"\r\n}",
      "RequestHeaders": {
        "x-ms-client-request-id": [
          "f189c613-3398-4a49-84ae-0d946a67e883"
        ],
        "Accept-Language": [
          "en-US"
        ],
        "User-Agent": [
          "FxVersion/4.6.29518.01",
          "OSName/Windows",
          "OSVersion/Microsoft.Windows.10.0.19042.",
          "Microsoft.Azure.Management.DnsResolver.DnsResolverManagementClient/1.0.0.0"
        ],
        "Content-Type": [
          "application/json; charset=utf-8"
        ],
        "Content-Length": [
          "258"
        ]
      },
      "ResponseHeaders": {
        "Cache-Control": [
          "no-cache"
        ],
        "Pragma": [
          "no-cache"
        ],
        "Location": [
          "https://api-dogfood.resources.windows-int.net/subscriptions/0e5a46b1-de0b-4ec3-a5d7-dda908b4e076/resourceGroups/dnsresolvertestrg2105/providers/Microsoft.Network/locations/westus2/dnsResolverOperationResults/eyJPcGVyYXRpb25UeXBlIjoiVXBzZXJ0RG5zUmVzb2x2ZXIiLCJPcGVyYXRpb25JZCI6ImNiMDE2NzcxLWEyOWQtNGM1Ny04MTM4LTU1MTg2MDA5YTEzMSJ9?api-version=2020-04-01-preview"
        ],
        "x-ms-activity-id": [
          "337827d9-1f8a-437e-929a-fa6244f12322"
        ],
        "Azure-AsyncOperation": [
          "https://api-dogfood.resources.windows-int.net/subscriptions/0e5a46b1-de0b-4ec3-a5d7-dda908b4e076/resourceGroups/dnsresolvertestrg2105/providers/Microsoft.Network/locations/westus2/dnsResolverOperationStatuses/eyJPcGVyYXRpb25UeXBlIjoiVXBzZXJ0RG5zUmVzb2x2ZXIiLCJPcGVyYXRpb25JZCI6ImNiMDE2NzcxLWEyOWQtNGM1Ny04MTM4LTU1MTg2MDA5YTEzMSJ9?api-version=2020-04-01-preview"
        ],
        "Server": [
          "Kestrel"
        ],
        "x-ms-ratelimit-remaining-subscription-resource-requests": [
          "11997"
        ],
        "x-ms-request-id": [
          "8f6a4bf2-a996-4802-87a2-9673162189ff"
        ],
        "x-ms-correlation-request-id": [
          "8f6a4bf2-a996-4802-87a2-9673162189ff"
        ],
        "x-ms-routing-request-id": [
          "NORTHEUROPE:20210205T194435Z:8f6a4bf2-a996-4802-87a2-9673162189ff"
        ],
        "Strict-Transport-Security": [
          "max-age=31536000; includeSubDomains"
        ],
        "X-Content-Type-Options": [
          "nosniff"
        ],
        "Date": [
          "Fri, 05 Feb 2021 19:44:35 GMT"
        ],
        "Expires": [
          "-1"
        ],
        "Content-Length": [
          "0"
        ]
      },
      "ResponseBody": "",
      "StatusCode": 202
    },
    {
      "RequestUri": "/subscriptions/0e5a46b1-de0b-4ec3-a5d7-dda908b4e076/resourceGroups/dnsresolvertestrg2105/providers/Microsoft.Network/locations/westus2/dnsResolverOperationStatuses/eyJPcGVyYXRpb25UeXBlIjoiVXBzZXJ0RG5zUmVzb2x2ZXIiLCJPcGVyYXRpb25JZCI6IjViMjFiNGNmLTI0MWYtNDdkZS1iNjIyLTBmZWRmMTEwMThjNiJ9?api-version=2020-04-01-preview",
      "EncodedRequestUri": "L3N1YnNjcmlwdGlvbnMvMGU1YTQ2YjEtZGUwYi00ZWMzLWE1ZDctZGRhOTA4YjRlMDc2L3Jlc291cmNlR3JvdXBzL2Ruc3Jlc29sdmVydGVzdHJnMjEwNS9wcm92aWRlcnMvTWljcm9zb2Z0Lk5ldHdvcmsvbG9jYXRpb25zL3dlc3R1czIvZG5zUmVzb2x2ZXJPcGVyYXRpb25TdGF0dXNlcy9leUpQY0dWeVlYUnBiMjVVZVhCbElqb2lWWEJ6WlhKMFJHNXpVbVZ6YjJ4MlpYSWlMQ0pQY0dWeVlYUnBiMjVKWkNJNklqVmlNakZpTkdObUxUSTBNV1l0TkRka1pTMWlOakl5TFRCbVpXUm1NVEV3TVRoak5pSjk/YXBpLXZlcnNpb249MjAyMC0wNC0wMS1wcmV2aWV3",
      "RequestMethod": "GET",
      "RequestBody": "",
      "RequestHeaders": {
        "User-Agent": [
          "FxVersion/4.6.29518.01",
          "OSName/Windows",
          "OSVersion/Microsoft.Windows.10.0.19042.",
          "Microsoft.Azure.Management.DnsResolver.DnsResolverManagementClient/1.0.0.0"
        ]
      },
      "ResponseHeaders": {
        "Cache-Control": [
          "no-cache"
        ],
        "Pragma": [
          "no-cache"
        ],
        "x-ms-activity-id": [
          "f2fc6cc4-f5fb-43b3-84ee-c3138bcc79b2"
        ],
        "Server": [
          "Kestrel"
        ],
        "x-ms-ratelimit-remaining-subscription-resource-requests": [
          "499"
        ],
        "x-ms-request-id": [
          "08b9619b-4c63-4a39-97e3-801cb281f961"
        ],
        "x-ms-correlation-request-id": [
          "08b9619b-4c63-4a39-97e3-801cb281f961"
        ],
        "x-ms-routing-request-id": [
          "NORTHEUROPE:20210205T194434Z:08b9619b-4c63-4a39-97e3-801cb281f961"
        ],
        "Strict-Transport-Security": [
          "max-age=31536000; includeSubDomains"
        ],
        "X-Content-Type-Options": [
          "nosniff"
        ],
        "Date": [
          "Fri, 05 Feb 2021 19:44:33 GMT"
        ],
        "Content-Length": [
          "22"
        ],
        "Content-Type": [
          "application/json; charset=utf-8"
        ],
        "Expires": [
          "-1"
        ]
      },
      "ResponseBody": "{\r\n  \"status\": \"Succeeded\"\r\n}",
      "StatusCode": 200
    },
    {
      "RequestUri": "/subscriptions/0e5a46b1-de0b-4ec3-a5d7-dda908b4e076/resourceGroups/dnsresolvertestrg2105/providers/Microsoft.Network/dnsResolvers/dnsresolvertestresolver7958?api-version=2020-04-01-preview",
      "EncodedRequestUri": "L3N1YnNjcmlwdGlvbnMvMGU1YTQ2YjEtZGUwYi00ZWMzLWE1ZDctZGRhOTA4YjRlMDc2L3Jlc291cmNlR3JvdXBzL2Ruc3Jlc29sdmVydGVzdHJnMjEwNS9wcm92aWRlcnMvTWljcm9zb2Z0Lk5ldHdvcmsvZG5zUmVzb2x2ZXJzL2Ruc3Jlc29sdmVydGVzdHJlc29sdmVyNzk1OD9hcGktdmVyc2lvbj0yMDIwLTA0LTAxLXByZXZpZXc=",
      "RequestMethod": "GET",
      "RequestBody": "",
      "RequestHeaders": {
        "User-Agent": [
          "FxVersion/4.6.29518.01",
          "OSName/Windows",
          "OSVersion/Microsoft.Windows.10.0.19042.",
          "Microsoft.Azure.Management.DnsResolver.DnsResolverManagementClient/1.0.0.0"
        ]
      },
      "ResponseHeaders": {
        "Cache-Control": [
          "no-cache"
        ],
        "Pragma": [
          "no-cache"
        ],
        "x-ms-activity-id": [
          "f90346f6-d44d-4a78-b29a-75742bfcc6b3"
        ],
        "Server": [
          "Kestrel"
        ],
        "x-ms-ratelimit-remaining-subscription-resource-requests": [
          "498"
        ],
        "x-ms-request-id": [
          "f4f15310-6d84-4695-8c3d-c47a2bfc8f6e"
        ],
        "x-ms-correlation-request-id": [
          "f4f15310-6d84-4695-8c3d-c47a2bfc8f6e"
        ],
        "x-ms-routing-request-id": [
          "NORTHEUROPE:20210205T194435Z:f4f15310-6d84-4695-8c3d-c47a2bfc8f6e"
        ],
        "Strict-Transport-Security": [
          "max-age=31536000; includeSubDomains"
        ],
        "X-Content-Type-Options": [
          "nosniff"
        ],
        "Date": [
          "Fri, 05 Feb 2021 19:44:35 GMT"
        ],
        "Content-Length": [
          "765"
        ],
        "Content-Type": [
          "application/json; charset=utf-8"
        ],
        "Expires": [
          "-1"
        ]
      },
      "ResponseBody": "{\r\n  \"properties\": {\r\n    \"virtualNetwork\": {\r\n      \"id\": \"/subscriptions/0e5a46b1-de0b-4ec3-a5d7-dda908b4e076/resourceGroups/dnsresolvertestrg2105/providers/Microsoft.Network/virtualNetworks/dnsresolvertestvnet4586\"\r\n    },\r\n    \"numberOfInboundEndpoints\": 0,\r\n    \"maxNumberOfInboundEndpoints\": 5,\r\n    \"numberOfOutboundEndpoints\": 0,\r\n    \"maxNumberOfOutboundEndpoints\": 5,\r\n    \"dnsResolverState\": \"Connected\",\r\n    \"provisioningState\": \"Succeeded\",\r\n    \"resourceGuid\": \"9493a0d9-a64b-4edb-a9fa-77cf02e3529b\"\r\n  },\r\n  \"etag\": \"\\\"0b0048e0-0000-0800-0000-601da0060000\\\"\",\r\n  \"location\": \"westus2\",\r\n  \"tags\": null,\r\n  \"id\": \"/subscriptions/0e5a46b1-de0b-4ec3-a5d7-dda908b4e076/resourceGroups/dnsresolvertestrg2105/providers/Microsoft.Network/dnsResolvers/dnsresolvertestresolver7958\",\r\n  \"name\": \"dnsresolvertestresolver7958\",\r\n  \"type\": \"Microsoft.Network/dnsResolvers\"\r\n}",
      "StatusCode": 200
    },
    {
      "RequestUri": "/subscriptions/0e5a46b1-de0b-4ec3-a5d7-dda908b4e076/resourceGroups/dnsresolvertestrg2105/providers/Microsoft.Network/dnsResolvers/dnsresolvertestresolver7958?api-version=2020-04-01-preview",
      "EncodedRequestUri": "L3N1YnNjcmlwdGlvbnMvMGU1YTQ2YjEtZGUwYi00ZWMzLWE1ZDctZGRhOTA4YjRlMDc2L3Jlc291cmNlR3JvdXBzL2Ruc3Jlc29sdmVydGVzdHJnMjEwNS9wcm92aWRlcnMvTWljcm9zb2Z0Lk5ldHdvcmsvZG5zUmVzb2x2ZXJzL2Ruc3Jlc29sdmVydGVzdHJlc29sdmVyNzk1OD9hcGktdmVyc2lvbj0yMDIwLTA0LTAxLXByZXZpZXc=",
      "RequestMethod": "GET",
      "RequestBody": "",
      "RequestHeaders": {
        "User-Agent": [
          "FxVersion/4.6.29518.01",
          "OSName/Windows",
          "OSVersion/Microsoft.Windows.10.0.19042.",
          "Microsoft.Azure.Management.DnsResolver.DnsResolverManagementClient/1.0.0.0"
        ]
      },
      "ResponseHeaders": {
        "Cache-Control": [
          "no-cache"
        ],
        "Pragma": [
          "no-cache"
        ],
        "x-ms-activity-id": [
          "eda64940-b890-4a1b-a40c-c97d16f4122b"
        ],
        "Server": [
          "Kestrel"
        ],
        "x-ms-ratelimit-remaining-subscription-resource-requests": [
          "497"
        ],
        "x-ms-request-id": [
          "c2874007-8732-4baa-b3d6-700b55a68bb0"
        ],
        "x-ms-correlation-request-id": [
          "c2874007-8732-4baa-b3d6-700b55a68bb0"
        ],
        "x-ms-routing-request-id": [
          "NORTHEUROPE:20210205T194506Z:c2874007-8732-4baa-b3d6-700b55a68bb0"
        ],
        "Strict-Transport-Security": [
          "max-age=31536000; includeSubDomains"
        ],
        "X-Content-Type-Options": [
          "nosniff"
        ],
        "Date": [
          "Fri, 05 Feb 2021 19:45:06 GMT"
        ],
        "Content-Length": [
          "765"
        ],
        "Content-Type": [
          "application/json; charset=utf-8"
        ],
        "Expires": [
          "-1"
        ]
      },
      "ResponseBody": "{\r\n  \"properties\": {\r\n    \"virtualNetwork\": {\r\n      \"id\": \"/subscriptions/0e5a46b1-de0b-4ec3-a5d7-dda908b4e076/resourceGroups/dnsresolvertestrg2105/providers/Microsoft.Network/virtualNetworks/dnsresolvertestvnet4586\"\r\n    },\r\n    \"numberOfInboundEndpoints\": 0,\r\n    \"maxNumberOfInboundEndpoints\": 5,\r\n    \"numberOfOutboundEndpoints\": 0,\r\n    \"maxNumberOfOutboundEndpoints\": 5,\r\n    \"dnsResolverState\": \"Connected\",\r\n    \"provisioningState\": \"Succeeded\",\r\n    \"resourceGuid\": \"9493a0d9-a64b-4edb-a9fa-77cf02e3529b\"\r\n  },\r\n  \"etag\": \"\\\"0b0060e0-0000-0800-0000-601da0240000\\\"\",\r\n  \"location\": \"westus2\",\r\n  \"tags\": null,\r\n  \"id\": \"/subscriptions/0e5a46b1-de0b-4ec3-a5d7-dda908b4e076/resourceGroups/dnsresolvertestrg2105/providers/Microsoft.Network/dnsResolvers/dnsresolvertestresolver7958\",\r\n  \"name\": \"dnsresolvertestresolver7958\",\r\n  \"type\": \"Microsoft.Network/dnsResolvers\"\r\n}",
      "StatusCode": 200
    },
    {
      "RequestUri": "/subscriptions/0e5a46b1-de0b-4ec3-a5d7-dda908b4e076/resourceGroups/dnsresolvertestrg2105/providers/Microsoft.Network/locations/westus2/dnsResolverOperationStatuses/eyJPcGVyYXRpb25UeXBlIjoiVXBzZXJ0RG5zUmVzb2x2ZXIiLCJPcGVyYXRpb25JZCI6ImNiMDE2NzcxLWEyOWQtNGM1Ny04MTM4LTU1MTg2MDA5YTEzMSJ9?api-version=2020-04-01-preview",
      "EncodedRequestUri": "L3N1YnNjcmlwdGlvbnMvMGU1YTQ2YjEtZGUwYi00ZWMzLWE1ZDctZGRhOTA4YjRlMDc2L3Jlc291cmNlR3JvdXBzL2Ruc3Jlc29sdmVydGVzdHJnMjEwNS9wcm92aWRlcnMvTWljcm9zb2Z0Lk5ldHdvcmsvbG9jYXRpb25zL3dlc3R1czIvZG5zUmVzb2x2ZXJPcGVyYXRpb25TdGF0dXNlcy9leUpQY0dWeVlYUnBiMjVVZVhCbElqb2lWWEJ6WlhKMFJHNXpVbVZ6YjJ4MlpYSWlMQ0pQY0dWeVlYUnBiMjVKWkNJNkltTmlNREUyTnpjeExXRXlPV1F0TkdNMU55MDRNVE00TFRVMU1UZzJNREE1WVRFek1TSjk/YXBpLXZlcnNpb249MjAyMC0wNC0wMS1wcmV2aWV3",
      "RequestMethod": "GET",
      "RequestBody": "",
      "RequestHeaders": {
        "User-Agent": [
          "FxVersion/4.6.29518.01",
          "OSName/Windows",
          "OSVersion/Microsoft.Windows.10.0.19042.",
          "Microsoft.Azure.Management.DnsResolver.DnsResolverManagementClient/1.0.0.0"
        ]
      },
      "ResponseHeaders": {
        "Cache-Control": [
          "no-cache"
        ],
        "Pragma": [
          "no-cache"
        ],
        "x-ms-activity-id": [
          "187bdc90-e24e-4220-b463-0dfa97888f58"
        ],
        "Server": [
          "Kestrel"
        ],
        "x-ms-ratelimit-remaining-subscription-resource-requests": [
          "498"
        ],
        "x-ms-request-id": [
          "daabd530-9d17-4a4b-987a-33047b1fc948"
        ],
        "x-ms-correlation-request-id": [
          "daabd530-9d17-4a4b-987a-33047b1fc948"
        ],
        "x-ms-routing-request-id": [
          "NORTHEUROPE:20210205T194506Z:daabd530-9d17-4a4b-987a-33047b1fc948"
        ],
        "Strict-Transport-Security": [
          "max-age=31536000; includeSubDomains"
        ],
        "X-Content-Type-Options": [
          "nosniff"
        ],
        "Date": [
          "Fri, 05 Feb 2021 19:45:06 GMT"
        ],
        "Content-Length": [
          "22"
        ],
        "Content-Type": [
          "application/json; charset=utf-8"
        ],
        "Expires": [
          "-1"
        ]
      },
      "ResponseBody": "{\r\n  \"status\": \"Succeeded\"\r\n}",
      "StatusCode": 200
    }
  ],
  "Names": {
    "GenerateResourceGroupName": [
      "dnsresolvertestrg2105"
    ],
    "GenerateDnsResolverName": [
      "dnsresolvertestresolver7958"
    ],
    "GenerateVirtualNetworkName": [
      "dnsresolvertestvnet4586"
    ]
  },
  "Variables": {
    "SubscriptionId": "0e5a46b1-de0b-4ec3-a5d7-dda908b4e076"
  }
}