{
  "Entries": [
    {
      "RequestUri": "https://management.azure.com/subscriptions/db1ab6f0-4769-4b27-930e-01e2ef9c123c?api-version=2019-11-01",
      "RequestMethod": "GET",
      "RequestHeaders": {
        "Accept": "application/json",
        "Authorization": "Sanitized",
        "User-Agent": "azsdk-net-ResourceManager/1.0.0-beta.2 (.NET Framework 4.8.4300.0; Microsoft Windows 10.0.19043 )",
        "x-ms-client-request-id": "82eb947bf96cc62bcde7dca581eca039",
        "x-ms-return-client-request-id": "true"
      },
      "RequestBody": null,
      "StatusCode": 200,
      "ResponseHeaders": {
        "Cache-Control": "no-cache",
        "Content-Length": "468",
        "Content-Type": "application/json; charset=utf-8",
        "Date": "Fri, 10 Sep 2021 07:04:36 GMT",
        "Expires": "-1",
        "Pragma": "no-cache",
        "Strict-Transport-Security": "max-age=31536000; includeSubDomains",
        "X-Content-Type-Options": "nosniff",
        "x-ms-correlation-request-id": "8a850b98-e0c9-40f5-9e05-6ee816be8b1e",
        "x-ms-ratelimit-remaining-subscription-reads": "11893",
        "x-ms-request-id": "8a850b98-e0c9-40f5-9e05-6ee816be8b1e",
        "x-ms-routing-request-id": "SOUTHEASTASIA:20210910T070437Z:8a850b98-e0c9-40f5-9e05-6ee816be8b1e"
      },
      "ResponseBody": {
        "id": "/subscriptions/db1ab6f0-4769-4b27-930e-01e2ef9c123c",
        "authorizationSource": "RoleBased",
        "managedByTenants": [],
        "tags": {
          "tagKey1": "tagValue1",
          "tagKey2": "tagValue2"
        },
        "subscriptionId": "db1ab6f0-4769-4b27-930e-01e2ef9c123c",
        "tenantId": "72f988bf-86f1-41af-91ab-2d7cd011db47",
        "displayName": ".NET Mgmt SDK Test with TTL = 1 Day",
        "state": "Enabled",
        "subscriptionPolicies": {
          "locationPlacementId": "Internal_2014-09-01",
          "quotaId": "Internal_2014-09-01",
          "spendingLimit": "Off"
        }
      }
    },
    {
      "RequestUri": "https://management.azure.com/subscriptions/db1ab6f0-4769-4b27-930e-01e2ef9c123c/resourcegroups/teststorageRG-2492?api-version=2019-10-01",
      "RequestMethod": "PUT",
      "RequestHeaders": {
        "Accept": "application/json",
        "Authorization": "Sanitized",
        "Content-Length": "44",
        "Content-Type": "application/json",
        "traceparent": "00-65b2449e880f3542a5a50989da4beb92-2ff9aefa37eca949-00",
        "User-Agent": "azsdk-net-ResourceManager/1.0.0-beta.2 (.NET Framework 4.8.4300.0; Microsoft Windows 10.0.19043 )",
        "x-ms-client-request-id": "aafeaf40c6188e2a1ef9ce24b0ce6720",
        "x-ms-return-client-request-id": "true"
      },
      "RequestBody": {
        "location": "eastus2",
        "tags": {
          "test": "env"
        }
      },
      "StatusCode": 201,
      "ResponseHeaders": {
        "Cache-Control": "no-cache",
        "Content-Length": "256",
        "Content-Type": "application/json; charset=utf-8",
        "Date": "Fri, 10 Sep 2021 07:04:37 GMT",
        "Expires": "-1",
        "Pragma": "no-cache",
        "Strict-Transport-Security": "max-age=31536000; includeSubDomains",
        "X-Content-Type-Options": "nosniff",
        "x-ms-correlation-request-id": "6b26188a-0498-4b88-b03a-f51896b44adc",
        "x-ms-ratelimit-remaining-subscription-writes": "1196",
        "x-ms-request-id": "6b26188a-0498-4b88-b03a-f51896b44adc",
        "x-ms-routing-request-id": "SOUTHEASTASIA:20210910T070437Z:6b26188a-0498-4b88-b03a-f51896b44adc"
      },
      "ResponseBody": {
        "id": "/subscriptions/db1ab6f0-4769-4b27-930e-01e2ef9c123c/resourceGroups/teststorageRG-2492",
        "name": "teststorageRG-2492",
        "type": "Microsoft.Resources/resourceGroups",
        "location": "eastus2",
        "tags": {
          "test": "env"
        },
        "properties": {
          "provisioningState": "Succeeded"
        }
      }
    },
    {
      "RequestUri": "https://management.azure.com/subscriptions/db1ab6f0-4769-4b27-930e-01e2ef9c123c/resourceGroups/teststorageRG-2492/providers/Microsoft.EventHub/namespaces/namespace2608?api-version=2018-01-01-preview",
      "RequestMethod": "PUT",
      "RequestHeaders": {
        "Accept": "application/json",
        "Authorization": "Sanitized",
        "Content-Length": "48",
        "Content-Type": "application/json",
        "User-Agent": "azsdk-net-ResourceManager.EventHubs/1.0.0-alpha.20210910.1 (.NET Framework 4.8.4300.0; Microsoft Windows 10.0.19043 )",
        "x-ms-client-request-id": "2e158c20ca7fb6686f12f543fa0265f4",
        "x-ms-return-client-request-id": "true"
      },
      "RequestBody": {
        "tags": {},
        "location": "eastus2",
        "properties": {}
      },
      "StatusCode": 200,
      "ResponseHeaders": {
        "Cache-Control": "no-cache",
        "Content-Length": "678",
        "Content-Type": "application/json; charset=utf-8",
        "Date": "Fri, 10 Sep 2021 07:04:42 GMT",
        "Expires": "-1",
        "Pragma": "no-cache",
        "Server": [
          "Service-Bus-Resource-Provider/SN1",
          "Microsoft-HTTPAPI/2.0"
        ],
        "Server-SB": "Service-Bus-Resource-Provider/SN1",
        "Strict-Transport-Security": "max-age=31536000; includeSubDomains",
        "X-Content-Type-Options": "nosniff",
        "x-ms-client-request-id": "2e158c20ca7fb6686f12f543fa0265f4",
        "x-ms-correlation-request-id": "74c56c3e-a043-4fd4-bc28-ade25b50eaa8",
        "x-ms-ratelimit-remaining-subscription-resource-requests": "48",
        "x-ms-request-id": "8ee9d484-8068-4fee-ae78-6fcde08fbe49_M10SN1_M10SN1",
        "x-ms-routing-request-id": "SOUTHEASTASIA:20210910T070442Z:74c56c3e-a043-4fd4-bc28-ade25b50eaa8"
      },
      "ResponseBody": {
        "sku": {
          "name": "Standard",
          "tier": "Standard",
          "capacity": 1
        },
        "id": "/subscriptions/db1ab6f0-4769-4b27-930e-01e2ef9c123c/resourceGroups/teststorageRG-2492/providers/Microsoft.EventHub/namespaces/namespace2608",
        "name": "namespace2608",
        "type": "Microsoft.EventHub/Namespaces",
        "location": "East US 2",
        "tags": {},
        "properties": {
          "zoneRedundant": false,
          "isAutoInflateEnabled": false,
          "maximumThroughputUnits": 0,
          "kafkaEnabled": true,
          "provisioningState": "Created",
          "metricId": "db1ab6f0-4769-4b27-930e-01e2ef9c123c:namespace2608",
          "createdAt": "2021-09-10T07:04:40.67Z",
          "updatedAt": "2021-09-10T07:04:40.67Z",
          "serviceBusEndpoint": "https://namespace2608.servicebus.windows.net:443/",
          "status": "Activating"
        }
      }
    },
    {
      "RequestUri": "https://management.azure.com/subscriptions/db1ab6f0-4769-4b27-930e-01e2ef9c123c/resourceGroups/teststorageRG-2492/providers/Microsoft.EventHub/namespaces/namespace2608?api-version=2018-01-01-preview",
      "RequestMethod": "GET",
      "RequestHeaders": {
        "Authorization": "Sanitized",
        "User-Agent": "azsdk-net-ResourceManager/1.0.0-beta.2 (.NET Framework 4.8.4300.0; Microsoft Windows 10.0.19043 )",
        "x-ms-client-request-id": "14cc7285d423e4c096f3a8b3344a24f7",
        "x-ms-return-client-request-id": "true"
      },
      "RequestBody": null,
      "StatusCode": 200,
      "ResponseHeaders": {
        "Cache-Control": "no-cache",
        "Content-Length": "678",
        "Content-Type": "application/json; charset=utf-8",
        "Date": "Fri, 10 Sep 2021 07:04:43 GMT",
        "Expires": "-1",
        "Pragma": "no-cache",
        "Server": [
          "Service-Bus-Resource-Provider/SN1",
          "Microsoft-HTTPAPI/2.0"
        ],
        "Server-SB": "Service-Bus-Resource-Provider/SN1",
        "Strict-Transport-Security": "max-age=31536000; includeSubDomains",
        "X-Content-Type-Options": "nosniff",
        "x-ms-client-request-id": "14cc7285d423e4c096f3a8b3344a24f7",
        "x-ms-correlation-request-id": "28927a90-c3b0-46c1-9a32-bd2a5bba820f",
        "x-ms-ratelimit-remaining-subscription-reads": "11892",
        "x-ms-request-id": "112d91dd-e6aa-4ba0-bdf1-fdcd95d9cfcf_M10SN1_M10SN1",
        "x-ms-routing-request-id": "SOUTHEASTASIA:20210910T070444Z:28927a90-c3b0-46c1-9a32-bd2a5bba820f"
      },
      "ResponseBody": {
        "sku": {
          "name": "Standard",
          "tier": "Standard",
          "capacity": 1
        },
        "id": "/subscriptions/db1ab6f0-4769-4b27-930e-01e2ef9c123c/resourceGroups/teststorageRG-2492/providers/Microsoft.EventHub/namespaces/namespace2608",
        "name": "namespace2608",
        "type": "Microsoft.EventHub/Namespaces",
        "location": "East US 2",
        "tags": {},
        "properties": {
          "zoneRedundant": false,
          "isAutoInflateEnabled": false,
          "maximumThroughputUnits": 0,
          "kafkaEnabled": true,
          "provisioningState": "Created",
          "metricId": "db1ab6f0-4769-4b27-930e-01e2ef9c123c:namespace2608",
          "createdAt": "2021-09-10T07:04:40.67Z",
          "updatedAt": "2021-09-10T07:04:40.67Z",
          "serviceBusEndpoint": "https://namespace2608.servicebus.windows.net:443/",
          "status": "Activating"
        }
      }
    },
    {
      "RequestUri": "https://management.azure.com/subscriptions/db1ab6f0-4769-4b27-930e-01e2ef9c123c/resourceGroups/teststorageRG-2492/providers/Microsoft.EventHub/namespaces/namespace2608?api-version=2018-01-01-preview",
      "RequestMethod": "GET",
      "RequestHeaders": {
        "Authorization": "Sanitized",
        "User-Agent": "azsdk-net-ResourceManager/1.0.0-beta.2 (.NET Framework 4.8.4300.0; Microsoft Windows 10.0.19043 )",
        "x-ms-client-request-id": "fab530695c93bc8bbe533931cb0b1452",
        "x-ms-return-client-request-id": "true"
      },
      "RequestBody": null,
      "StatusCode": 200,
      "ResponseHeaders": {
        "Cache-Control": "no-cache",
        "Content-Length": "678",
        "Content-Type": "application/json; charset=utf-8",
        "Date": "Fri, 10 Sep 2021 07:04:45 GMT",
        "Expires": "-1",
        "Pragma": "no-cache",
        "Server": [
          "Service-Bus-Resource-Provider/SN1",
          "Microsoft-HTTPAPI/2.0"
        ],
        "Server-SB": "Service-Bus-Resource-Provider/SN1",
        "Strict-Transport-Security": "max-age=31536000; includeSubDomains",
        "X-Content-Type-Options": "nosniff",
        "x-ms-client-request-id": "fab530695c93bc8bbe533931cb0b1452",
        "x-ms-correlation-request-id": "596761fc-4680-427e-84e2-52eff13f62fe",
        "x-ms-ratelimit-remaining-subscription-reads": "11891",
        "x-ms-request-id": "b7e13b81-c63f-4a4e-9c5b-9d9bca5d52bd_M6SN1_M6SN1",
        "x-ms-routing-request-id": "SOUTHEASTASIA:20210910T070445Z:596761fc-4680-427e-84e2-52eff13f62fe"
      },
      "ResponseBody": {
        "sku": {
          "name": "Standard",
          "tier": "Standard",
          "capacity": 1
        },
        "id": "/subscriptions/db1ab6f0-4769-4b27-930e-01e2ef9c123c/resourceGroups/teststorageRG-2492/providers/Microsoft.EventHub/namespaces/namespace2608",
        "name": "namespace2608",
        "type": "Microsoft.EventHub/Namespaces",
        "location": "East US 2",
        "tags": {},
        "properties": {
          "zoneRedundant": false,
          "isAutoInflateEnabled": false,
          "maximumThroughputUnits": 0,
          "kafkaEnabled": true,
          "provisioningState": "Created",
          "metricId": "db1ab6f0-4769-4b27-930e-01e2ef9c123c:namespace2608",
          "createdAt": "2021-09-10T07:04:40.67Z",
          "updatedAt": "2021-09-10T07:04:40.67Z",
          "serviceBusEndpoint": "https://namespace2608.servicebus.windows.net:443/",
          "status": "Activating"
        }
      }
    },
    {
      "RequestUri": "https://management.azure.com/subscriptions/db1ab6f0-4769-4b27-930e-01e2ef9c123c/resourceGroups/teststorageRG-2492/providers/Microsoft.EventHub/namespaces/namespace2608?api-version=2018-01-01-preview",
      "RequestMethod": "GET",
      "RequestHeaders": {
        "Authorization": "Sanitized",
        "User-Agent": "azsdk-net-ResourceManager/1.0.0-beta.2 (.NET Framework 4.8.4300.0; Microsoft Windows 10.0.19043 )",
        "x-ms-client-request-id": "87be81f9503626d013f02d8fbb1a8ca9",
        "x-ms-return-client-request-id": "true"
      },
      "RequestBody": null,
      "StatusCode": 200,
      "ResponseHeaders": {
        "Cache-Control": "no-cache",
        "Content-Length": "678",
        "Content-Type": "application/json; charset=utf-8",
        "Date": "Fri, 10 Sep 2021 07:04:46 GMT",
        "Expires": "-1",
        "Pragma": "no-cache",
        "Server": [
          "Service-Bus-Resource-Provider/SN1",
          "Microsoft-HTTPAPI/2.0"
        ],
        "Server-SB": "Service-Bus-Resource-Provider/SN1",
        "Strict-Transport-Security": "max-age=31536000; includeSubDomains",
        "X-Content-Type-Options": "nosniff",
        "x-ms-client-request-id": "87be81f9503626d013f02d8fbb1a8ca9",
        "x-ms-correlation-request-id": "f9a986b4-4dda-42f1-b03d-55325c1c04b2",
        "x-ms-ratelimit-remaining-subscription-reads": "11890",
        "x-ms-request-id": "bfd92479-38a4-4b4a-a428-c2526fdf522e_M10SN1_M10SN1",
        "x-ms-routing-request-id": "SOUTHEASTASIA:20210910T070446Z:f9a986b4-4dda-42f1-b03d-55325c1c04b2"
      },
      "ResponseBody": {
        "sku": {
          "name": "Standard",
          "tier": "Standard",
          "capacity": 1
        },
        "id": "/subscriptions/db1ab6f0-4769-4b27-930e-01e2ef9c123c/resourceGroups/teststorageRG-2492/providers/Microsoft.EventHub/namespaces/namespace2608",
        "name": "namespace2608",
        "type": "Microsoft.EventHub/Namespaces",
        "location": "East US 2",
        "tags": {},
        "properties": {
          "zoneRedundant": false,
          "isAutoInflateEnabled": false,
          "maximumThroughputUnits": 0,
          "kafkaEnabled": true,
          "provisioningState": "Created",
          "metricId": "db1ab6f0-4769-4b27-930e-01e2ef9c123c:namespace2608",
          "createdAt": "2021-09-10T07:04:40.67Z",
          "updatedAt": "2021-09-10T07:04:40.67Z",
          "serviceBusEndpoint": "https://namespace2608.servicebus.windows.net:443/",
          "status": "Activating"
        }
      }
    },
    {
      "RequestUri": "https://management.azure.com/subscriptions/db1ab6f0-4769-4b27-930e-01e2ef9c123c/resourceGroups/teststorageRG-2492/providers/Microsoft.EventHub/namespaces/namespace2608?api-version=2018-01-01-preview",
      "RequestMethod": "GET",
      "RequestHeaders": {
        "Authorization": "Sanitized",
        "User-Agent": "azsdk-net-ResourceManager/1.0.0-beta.2 (.NET Framework 4.8.4300.0; Microsoft Windows 10.0.19043 )",
        "x-ms-client-request-id": "70f3082a1e6728e1e71056cf9b8e198a",
        "x-ms-return-client-request-id": "true"
      },
      "RequestBody": null,
      "StatusCode": 200,
      "ResponseHeaders": {
        "Cache-Control": "no-cache",
        "Content-Length": "678",
        "Content-Type": "application/json; charset=utf-8",
        "Date": "Fri, 10 Sep 2021 07:04:47 GMT",
        "Expires": "-1",
        "Pragma": "no-cache",
        "Server": [
          "Service-Bus-Resource-Provider/SN1",
          "Microsoft-HTTPAPI/2.0"
        ],
        "Server-SB": "Service-Bus-Resource-Provider/SN1",
        "Strict-Transport-Security": "max-age=31536000; includeSubDomains",
        "X-Content-Type-Options": "nosniff",
        "x-ms-client-request-id": "70f3082a1e6728e1e71056cf9b8e198a",
        "x-ms-correlation-request-id": "828807e6-373f-4e56-afc7-985a2ee6db9f",
        "x-ms-ratelimit-remaining-subscription-reads": "11889",
        "x-ms-request-id": "0dd78bac-9cb8-4c25-9d48-2b7757b73ea7_M10SN1_M10SN1",
        "x-ms-routing-request-id": "SOUTHEASTASIA:20210910T070448Z:828807e6-373f-4e56-afc7-985a2ee6db9f"
      },
      "ResponseBody": {
        "sku": {
          "name": "Standard",
          "tier": "Standard",
          "capacity": 1
        },
        "id": "/subscriptions/db1ab6f0-4769-4b27-930e-01e2ef9c123c/resourceGroups/teststorageRG-2492/providers/Microsoft.EventHub/namespaces/namespace2608",
        "name": "namespace2608",
        "type": "Microsoft.EventHub/Namespaces",
        "location": "East US 2",
        "tags": {},
        "properties": {
          "zoneRedundant": false,
          "isAutoInflateEnabled": false,
          "maximumThroughputUnits": 0,
          "kafkaEnabled": true,
          "provisioningState": "Created",
          "metricId": "db1ab6f0-4769-4b27-930e-01e2ef9c123c:namespace2608",
          "createdAt": "2021-09-10T07:04:40.67Z",
          "updatedAt": "2021-09-10T07:04:40.67Z",
          "serviceBusEndpoint": "https://namespace2608.servicebus.windows.net:443/",
          "status": "Activating"
        }
      }
    },
    {
      "RequestUri": "https://management.azure.com/subscriptions/db1ab6f0-4769-4b27-930e-01e2ef9c123c/resourceGroups/teststorageRG-2492/providers/Microsoft.EventHub/namespaces/namespace2608?api-version=2018-01-01-preview",
      "RequestMethod": "GET",
      "RequestHeaders": {
        "Authorization": "Sanitized",
        "User-Agent": "azsdk-net-ResourceManager/1.0.0-beta.2 (.NET Framework 4.8.4300.0; Microsoft Windows 10.0.19043 )",
        "x-ms-client-request-id": "b3b955df9c8b18c1608ee6a32ffb01a3",
        "x-ms-return-client-request-id": "true"
      },
      "RequestBody": null,
      "StatusCode": 200,
      "ResponseHeaders": {
        "Cache-Control": "no-cache",
        "Content-Length": "678",
        "Content-Type": "application/json; charset=utf-8",
        "Date": "Fri, 10 Sep 2021 07:04:49 GMT",
        "Expires": "-1",
        "Pragma": "no-cache",
        "Server": [
          "Service-Bus-Resource-Provider/SN1",
          "Microsoft-HTTPAPI/2.0"
        ],
        "Server-SB": "Service-Bus-Resource-Provider/SN1",
        "Strict-Transport-Security": "max-age=31536000; includeSubDomains",
        "X-Content-Type-Options": "nosniff",
        "x-ms-client-request-id": "b3b955df9c8b18c1608ee6a32ffb01a3",
        "x-ms-correlation-request-id": "b04f9592-4366-44ae-b2cc-6136a8ede7b3",
        "x-ms-ratelimit-remaining-subscription-reads": "11888",
        "x-ms-request-id": "e641b434-7fe2-495e-81da-2c345ac642e9_M10SN1_M10SN1",
        "x-ms-routing-request-id": "SOUTHEASTASIA:20210910T070449Z:b04f9592-4366-44ae-b2cc-6136a8ede7b3"
      },
      "ResponseBody": {
        "sku": {
          "name": "Standard",
          "tier": "Standard",
          "capacity": 1
        },
        "id": "/subscriptions/db1ab6f0-4769-4b27-930e-01e2ef9c123c/resourceGroups/teststorageRG-2492/providers/Microsoft.EventHub/namespaces/namespace2608",
        "name": "namespace2608",
        "type": "Microsoft.EventHub/Namespaces",
        "location": "East US 2",
        "tags": {},
        "properties": {
          "zoneRedundant": false,
          "isAutoInflateEnabled": false,
          "maximumThroughputUnits": 0,
          "kafkaEnabled": true,
          "provisioningState": "Created",
          "metricId": "db1ab6f0-4769-4b27-930e-01e2ef9c123c:namespace2608",
          "createdAt": "2021-09-10T07:04:40.67Z",
          "updatedAt": "2021-09-10T07:04:40.67Z",
          "serviceBusEndpoint": "https://namespace2608.servicebus.windows.net:443/",
          "status": "Activating"
        }
      }
    },
    {
      "RequestUri": "https://management.azure.com/subscriptions/db1ab6f0-4769-4b27-930e-01e2ef9c123c/resourceGroups/teststorageRG-2492/providers/Microsoft.EventHub/namespaces/namespace2608?api-version=2018-01-01-preview",
      "RequestMethod": "GET",
      "RequestHeaders": {
        "Authorization": "Sanitized",
        "User-Agent": "azsdk-net-ResourceManager/1.0.0-beta.2 (.NET Framework 4.8.4300.0; Microsoft Windows 10.0.19043 )",
        "x-ms-client-request-id": "c3078fc7a418dbea9f96a026f9008b84",
        "x-ms-return-client-request-id": "true"
      },
      "RequestBody": null,
      "StatusCode": 200,
      "ResponseHeaders": {
        "Cache-Control": "no-cache",
        "Content-Length": "678",
        "Content-Type": "application/json; charset=utf-8",
        "Date": "Fri, 10 Sep 2021 07:04:50 GMT",
        "Expires": "-1",
        "Pragma": "no-cache",
        "Server": [
          "Service-Bus-Resource-Provider/SN1",
          "Microsoft-HTTPAPI/2.0"
        ],
        "Server-SB": "Service-Bus-Resource-Provider/SN1",
        "Strict-Transport-Security": "max-age=31536000; includeSubDomains",
        "X-Content-Type-Options": "nosniff",
        "x-ms-client-request-id": "c3078fc7a418dbea9f96a026f9008b84",
        "x-ms-correlation-request-id": "9f06ee26-da84-48c6-81e5-a599e4585d84",
        "x-ms-ratelimit-remaining-subscription-reads": "11887",
        "x-ms-request-id": "084a18d6-a5f5-40fd-913f-98b44856cfb3_M10SN1_M10SN1",
        "x-ms-routing-request-id": "SOUTHEASTASIA:20210910T070450Z:9f06ee26-da84-48c6-81e5-a599e4585d84"
      },
      "ResponseBody": {
        "sku": {
          "name": "Standard",
          "tier": "Standard",
          "capacity": 1
        },
        "id": "/subscriptions/db1ab6f0-4769-4b27-930e-01e2ef9c123c/resourceGroups/teststorageRG-2492/providers/Microsoft.EventHub/namespaces/namespace2608",
        "name": "namespace2608",
        "type": "Microsoft.EventHub/Namespaces",
        "location": "East US 2",
        "tags": {},
        "properties": {
          "zoneRedundant": false,
          "isAutoInflateEnabled": false,
          "maximumThroughputUnits": 0,
          "kafkaEnabled": true,
          "provisioningState": "Created",
          "metricId": "db1ab6f0-4769-4b27-930e-01e2ef9c123c:namespace2608",
          "createdAt": "2021-09-10T07:04:40.67Z",
          "updatedAt": "2021-09-10T07:04:40.67Z",
          "serviceBusEndpoint": "https://namespace2608.servicebus.windows.net:443/",
          "status": "Activating"
        }
      }
    },
    {
      "RequestUri": "https://management.azure.com/subscriptions/db1ab6f0-4769-4b27-930e-01e2ef9c123c/resourceGroups/teststorageRG-2492/providers/Microsoft.EventHub/namespaces/namespace2608?api-version=2018-01-01-preview",
      "RequestMethod": "GET",
      "RequestHeaders": {
        "Authorization": "Sanitized",
        "User-Agent": "azsdk-net-ResourceManager/1.0.0-beta.2 (.NET Framework 4.8.4300.0; Microsoft Windows 10.0.19043 )",
        "x-ms-client-request-id": "65b0a3d6d9608d1e47da10d9383ef8eb",
        "x-ms-return-client-request-id": "true"
      },
      "RequestBody": null,
      "StatusCode": 200,
      "ResponseHeaders": {
        "Cache-Control": "no-cache",
        "Content-Length": "678",
        "Content-Type": "application/json; charset=utf-8",
        "Date": "Fri, 10 Sep 2021 07:04:51 GMT",
        "Expires": "-1",
        "Pragma": "no-cache",
        "Server": [
          "Service-Bus-Resource-Provider/SN1",
          "Microsoft-HTTPAPI/2.0"
        ],
        "Server-SB": "Service-Bus-Resource-Provider/SN1",
        "Strict-Transport-Security": "max-age=31536000; includeSubDomains",
        "X-Content-Type-Options": "nosniff",
        "x-ms-client-request-id": "65b0a3d6d9608d1e47da10d9383ef8eb",
        "x-ms-correlation-request-id": "f0cab91e-febc-4523-a8ab-04caf8ce9617",
        "x-ms-ratelimit-remaining-subscription-reads": "11886",
        "x-ms-request-id": "cbc71e64-f431-4957-9ae9-67d676e8d3eb_M10SN1_M10SN1",
        "x-ms-routing-request-id": "SOUTHEASTASIA:20210910T070452Z:f0cab91e-febc-4523-a8ab-04caf8ce9617"
      },
      "ResponseBody": {
        "sku": {
          "name": "Standard",
          "tier": "Standard",
          "capacity": 1
        },
        "id": "/subscriptions/db1ab6f0-4769-4b27-930e-01e2ef9c123c/resourceGroups/teststorageRG-2492/providers/Microsoft.EventHub/namespaces/namespace2608",
        "name": "namespace2608",
        "type": "Microsoft.EventHub/Namespaces",
        "location": "East US 2",
        "tags": {},
        "properties": {
          "zoneRedundant": false,
          "isAutoInflateEnabled": false,
          "maximumThroughputUnits": 0,
          "kafkaEnabled": true,
          "provisioningState": "Created",
          "metricId": "db1ab6f0-4769-4b27-930e-01e2ef9c123c:namespace2608",
          "createdAt": "2021-09-10T07:04:40.67Z",
          "updatedAt": "2021-09-10T07:04:40.67Z",
          "serviceBusEndpoint": "https://namespace2608.servicebus.windows.net:443/",
          "status": "Activating"
        }
      }
    },
    {
      "RequestUri": "https://management.azure.com/subscriptions/db1ab6f0-4769-4b27-930e-01e2ef9c123c/resourceGroups/teststorageRG-2492/providers/Microsoft.EventHub/namespaces/namespace2608?api-version=2018-01-01-preview",
      "RequestMethod": "GET",
      "RequestHeaders": {
        "Authorization": "Sanitized",
        "User-Agent": "azsdk-net-ResourceManager/1.0.0-beta.2 (.NET Framework 4.8.4300.0; Microsoft Windows 10.0.19043 )",
        "x-ms-client-request-id": "0b08b20e56873a716ade13f5fb9b1f60",
        "x-ms-return-client-request-id": "true"
      },
      "RequestBody": null,
      "StatusCode": 200,
      "ResponseHeaders": {
        "Cache-Control": "no-cache",
        "Content-Length": "678",
        "Content-Type": "application/json; charset=utf-8",
        "Date": "Fri, 10 Sep 2021 07:04:53 GMT",
        "Expires": "-1",
        "Pragma": "no-cache",
        "Server": [
          "Service-Bus-Resource-Provider/SN1",
          "Microsoft-HTTPAPI/2.0"
        ],
        "Server-SB": "Service-Bus-Resource-Provider/SN1",
        "Strict-Transport-Security": "max-age=31536000; includeSubDomains",
        "X-Content-Type-Options": "nosniff",
        "x-ms-client-request-id": "0b08b20e56873a716ade13f5fb9b1f60",
        "x-ms-correlation-request-id": "f53c81bc-63fc-412d-8817-f2a60892934a",
        "x-ms-ratelimit-remaining-subscription-reads": "11885",
        "x-ms-request-id": "8ea806f0-4bd7-493c-a4f1-01de2daef38a_M10SN1_M10SN1",
        "x-ms-routing-request-id": "SOUTHEASTASIA:20210910T070453Z:f53c81bc-63fc-412d-8817-f2a60892934a"
      },
      "ResponseBody": {
        "sku": {
          "name": "Standard",
          "tier": "Standard",
          "capacity": 1
        },
        "id": "/subscriptions/db1ab6f0-4769-4b27-930e-01e2ef9c123c/resourceGroups/teststorageRG-2492/providers/Microsoft.EventHub/namespaces/namespace2608",
        "name": "namespace2608",
        "type": "Microsoft.EventHub/Namespaces",
        "location": "East US 2",
        "tags": {},
        "properties": {
          "zoneRedundant": false,
          "isAutoInflateEnabled": false,
          "maximumThroughputUnits": 0,
          "kafkaEnabled": true,
          "provisioningState": "Created",
          "metricId": "db1ab6f0-4769-4b27-930e-01e2ef9c123c:namespace2608",
          "createdAt": "2021-09-10T07:04:40.67Z",
          "updatedAt": "2021-09-10T07:04:40.67Z",
          "serviceBusEndpoint": "https://namespace2608.servicebus.windows.net:443/",
          "status": "Activating"
        }
      }
    },
    {
      "RequestUri": "https://management.azure.com/subscriptions/db1ab6f0-4769-4b27-930e-01e2ef9c123c/resourceGroups/teststorageRG-2492/providers/Microsoft.EventHub/namespaces/namespace2608?api-version=2018-01-01-preview",
      "RequestMethod": "GET",
      "RequestHeaders": {
        "Authorization": "Sanitized",
        "User-Agent": "azsdk-net-ResourceManager/1.0.0-beta.2 (.NET Framework 4.8.4300.0; Microsoft Windows 10.0.19043 )",
        "x-ms-client-request-id": "8ccc61039c4aee4371797c3e9411a361",
        "x-ms-return-client-request-id": "true"
      },
      "RequestBody": null,
      "StatusCode": 200,
      "ResponseHeaders": {
        "Cache-Control": "no-cache",
        "Content-Length": "678",
        "Content-Type": "application/json; charset=utf-8",
        "Date": "Fri, 10 Sep 2021 07:04:54 GMT",
        "Expires": "-1",
        "Pragma": "no-cache",
        "Server": [
          "Service-Bus-Resource-Provider/SN1",
          "Microsoft-HTTPAPI/2.0"
        ],
        "Server-SB": "Service-Bus-Resource-Provider/SN1",
        "Strict-Transport-Security": "max-age=31536000; includeSubDomains",
        "X-Content-Type-Options": "nosniff",
        "x-ms-client-request-id": "8ccc61039c4aee4371797c3e9411a361",
        "x-ms-correlation-request-id": "87c9f328-3b3e-4182-be88-dc73e1e2252a",
        "x-ms-ratelimit-remaining-subscription-reads": "11884",
        "x-ms-request-id": "24a9565e-52a3-49cd-8e14-f31d11cd2bbd_M5SN1_M5SN1",
        "x-ms-routing-request-id": "SOUTHEASTASIA:20210910T070455Z:87c9f328-3b3e-4182-be88-dc73e1e2252a"
      },
      "ResponseBody": {
        "sku": {
          "name": "Standard",
          "tier": "Standard",
          "capacity": 1
        },
        "id": "/subscriptions/db1ab6f0-4769-4b27-930e-01e2ef9c123c/resourceGroups/teststorageRG-2492/providers/Microsoft.EventHub/namespaces/namespace2608",
        "name": "namespace2608",
        "type": "Microsoft.EventHub/Namespaces",
        "location": "East US 2",
        "tags": {},
        "properties": {
          "zoneRedundant": false,
          "isAutoInflateEnabled": false,
          "maximumThroughputUnits": 0,
          "kafkaEnabled": true,
          "provisioningState": "Created",
          "metricId": "db1ab6f0-4769-4b27-930e-01e2ef9c123c:namespace2608",
          "createdAt": "2021-09-10T07:04:40.67Z",
          "updatedAt": "2021-09-10T07:04:40.67Z",
          "serviceBusEndpoint": "https://namespace2608.servicebus.windows.net:443/",
          "status": "Activating"
        }
      }
    },
    {
      "RequestUri": "https://management.azure.com/subscriptions/db1ab6f0-4769-4b27-930e-01e2ef9c123c/resourceGroups/teststorageRG-2492/providers/Microsoft.EventHub/namespaces/namespace2608?api-version=2018-01-01-preview",
      "RequestMethod": "GET",
      "RequestHeaders": {
        "Authorization": "Sanitized",
        "User-Agent": "azsdk-net-ResourceManager/1.0.0-beta.2 (.NET Framework 4.8.4300.0; Microsoft Windows 10.0.19043 )",
        "x-ms-client-request-id": "4717b59d80f780fd3175fa81c52892ab",
        "x-ms-return-client-request-id": "true"
      },
      "RequestBody": null,
      "StatusCode": 200,
      "ResponseHeaders": {
        "Cache-Control": "no-cache",
        "Content-Length": "678",
        "Content-Type": "application/json; charset=utf-8",
        "Date": "Fri, 10 Sep 2021 07:04:55 GMT",
        "Expires": "-1",
        "Pragma": "no-cache",
        "Server": [
          "Service-Bus-Resource-Provider/SN1",
          "Microsoft-HTTPAPI/2.0"
        ],
        "Server-SB": "Service-Bus-Resource-Provider/SN1",
        "Strict-Transport-Security": "max-age=31536000; includeSubDomains",
        "X-Content-Type-Options": "nosniff",
        "x-ms-client-request-id": "4717b59d80f780fd3175fa81c52892ab",
        "x-ms-correlation-request-id": "7f3b859a-b585-4ff9-bd70-639c944d609c",
        "x-ms-ratelimit-remaining-subscription-reads": "11883",
        "x-ms-request-id": "e1f9132c-c088-4c5d-b084-27cc94863f48_M10SN1_M10SN1",
        "x-ms-routing-request-id": "SOUTHEASTASIA:20210910T070456Z:7f3b859a-b585-4ff9-bd70-639c944d609c"
      },
      "ResponseBody": {
        "sku": {
          "name": "Standard",
          "tier": "Standard",
          "capacity": 1
        },
        "id": "/subscriptions/db1ab6f0-4769-4b27-930e-01e2ef9c123c/resourceGroups/teststorageRG-2492/providers/Microsoft.EventHub/namespaces/namespace2608",
        "name": "namespace2608",
        "type": "Microsoft.EventHub/Namespaces",
        "location": "East US 2",
        "tags": {},
        "properties": {
          "zoneRedundant": false,
          "isAutoInflateEnabled": false,
          "maximumThroughputUnits": 0,
          "kafkaEnabled": true,
          "provisioningState": "Created",
          "metricId": "db1ab6f0-4769-4b27-930e-01e2ef9c123c:namespace2608",
          "createdAt": "2021-09-10T07:04:40.67Z",
          "updatedAt": "2021-09-10T07:04:40.67Z",
          "serviceBusEndpoint": "https://namespace2608.servicebus.windows.net:443/",
          "status": "Activating"
        }
      }
    },
    {
      "RequestUri": "https://management.azure.com/subscriptions/db1ab6f0-4769-4b27-930e-01e2ef9c123c/resourceGroups/teststorageRG-2492/providers/Microsoft.EventHub/namespaces/namespace2608?api-version=2018-01-01-preview",
      "RequestMethod": "GET",
      "RequestHeaders": {
        "Authorization": "Sanitized",
        "User-Agent": "azsdk-net-ResourceManager/1.0.0-beta.2 (.NET Framework 4.8.4300.0; Microsoft Windows 10.0.19043 )",
        "x-ms-client-request-id": "d6d6afbb6c7272a06f1a990dda32a659",
        "x-ms-return-client-request-id": "true"
      },
      "RequestBody": null,
      "StatusCode": 200,
      "ResponseHeaders": {
        "Cache-Control": "no-cache",
        "Content-Length": "678",
        "Content-Type": "application/json; charset=utf-8",
        "Date": "Fri, 10 Sep 2021 07:04:57 GMT",
        "Expires": "-1",
        "Pragma": "no-cache",
        "Server": [
          "Service-Bus-Resource-Provider/SN1",
          "Microsoft-HTTPAPI/2.0"
        ],
        "Server-SB": "Service-Bus-Resource-Provider/SN1",
        "Strict-Transport-Security": "max-age=31536000; includeSubDomains",
        "X-Content-Type-Options": "nosniff",
        "x-ms-client-request-id": "d6d6afbb6c7272a06f1a990dda32a659",
        "x-ms-correlation-request-id": "5311aa1c-d551-4e75-8a3c-7b11de479138",
        "x-ms-ratelimit-remaining-subscription-reads": "11882",
        "x-ms-request-id": "32f1c75b-6cf2-421d-a154-236f42aae85d_M8SN1_M8SN1",
        "x-ms-routing-request-id": "SOUTHEASTASIA:20210910T070457Z:5311aa1c-d551-4e75-8a3c-7b11de479138"
      },
      "ResponseBody": {
        "sku": {
          "name": "Standard",
          "tier": "Standard",
          "capacity": 1
        },
        "id": "/subscriptions/db1ab6f0-4769-4b27-930e-01e2ef9c123c/resourceGroups/teststorageRG-2492/providers/Microsoft.EventHub/namespaces/namespace2608",
        "name": "namespace2608",
        "type": "Microsoft.EventHub/Namespaces",
        "location": "East US 2",
        "tags": {},
        "properties": {
          "zoneRedundant": false,
          "isAutoInflateEnabled": false,
          "maximumThroughputUnits": 0,
          "kafkaEnabled": true,
          "provisioningState": "Created",
          "metricId": "db1ab6f0-4769-4b27-930e-01e2ef9c123c:namespace2608",
          "createdAt": "2021-09-10T07:04:40.67Z",
          "updatedAt": "2021-09-10T07:04:40.67Z",
          "serviceBusEndpoint": "https://namespace2608.servicebus.windows.net:443/",
          "status": "Activating"
        }
      }
    },
    {
      "RequestUri": "https://management.azure.com/subscriptions/db1ab6f0-4769-4b27-930e-01e2ef9c123c/resourceGroups/teststorageRG-2492/providers/Microsoft.EventHub/namespaces/namespace2608?api-version=2018-01-01-preview",
      "RequestMethod": "GET",
      "RequestHeaders": {
        "Authorization": "Sanitized",
        "User-Agent": "azsdk-net-ResourceManager/1.0.0-beta.2 (.NET Framework 4.8.4300.0; Microsoft Windows 10.0.19043 )",
        "x-ms-client-request-id": "4657b23bd7838268644b5ad5a1c12849",
        "x-ms-return-client-request-id": "true"
      },
      "RequestBody": null,
      "StatusCode": 200,
      "ResponseHeaders": {
        "Cache-Control": "no-cache",
        "Content-Length": "678",
        "Content-Type": "application/json; charset=utf-8",
        "Date": "Fri, 10 Sep 2021 07:04:58 GMT",
        "Expires": "-1",
        "Pragma": "no-cache",
        "Server": [
          "Service-Bus-Resource-Provider/SN1",
          "Microsoft-HTTPAPI/2.0"
        ],
        "Server-SB": "Service-Bus-Resource-Provider/SN1",
        "Strict-Transport-Security": "max-age=31536000; includeSubDomains",
        "X-Content-Type-Options": "nosniff",
        "x-ms-client-request-id": "4657b23bd7838268644b5ad5a1c12849",
        "x-ms-correlation-request-id": "9ba625db-190b-4602-a6ed-0c73ae2a6f6f",
        "x-ms-ratelimit-remaining-subscription-reads": "11881",
        "x-ms-request-id": "a0150faf-2474-4ac6-84f5-d4faa75cf98f_M10SN1_M10SN1",
        "x-ms-routing-request-id": "SOUTHEASTASIA:20210910T070459Z:9ba625db-190b-4602-a6ed-0c73ae2a6f6f"
      },
      "ResponseBody": {
        "sku": {
          "name": "Standard",
          "tier": "Standard",
          "capacity": 1
        },
        "id": "/subscriptions/db1ab6f0-4769-4b27-930e-01e2ef9c123c/resourceGroups/teststorageRG-2492/providers/Microsoft.EventHub/namespaces/namespace2608",
        "name": "namespace2608",
        "type": "Microsoft.EventHub/Namespaces",
        "location": "East US 2",
        "tags": {},
        "properties": {
          "zoneRedundant": false,
          "isAutoInflateEnabled": false,
          "maximumThroughputUnits": 0,
          "kafkaEnabled": true,
          "provisioningState": "Created",
          "metricId": "db1ab6f0-4769-4b27-930e-01e2ef9c123c:namespace2608",
          "createdAt": "2021-09-10T07:04:40.67Z",
          "updatedAt": "2021-09-10T07:04:40.67Z",
          "serviceBusEndpoint": "https://namespace2608.servicebus.windows.net:443/",
          "status": "Activating"
        }
      }
    },
    {
      "RequestUri": "https://management.azure.com/subscriptions/db1ab6f0-4769-4b27-930e-01e2ef9c123c/resourceGroups/teststorageRG-2492/providers/Microsoft.EventHub/namespaces/namespace2608?api-version=2018-01-01-preview",
      "RequestMethod": "GET",
      "RequestHeaders": {
        "Authorization": "Sanitized",
        "User-Agent": "azsdk-net-ResourceManager/1.0.0-beta.2 (.NET Framework 4.8.4300.0; Microsoft Windows 10.0.19043 )",
        "x-ms-client-request-id": "e483d0e7cd3b31ef14a5d7dde7efa6ff",
        "x-ms-return-client-request-id": "true"
      },
      "RequestBody": null,
      "StatusCode": 200,
      "ResponseHeaders": {
        "Cache-Control": "no-cache",
        "Content-Length": "678",
        "Content-Type": "application/json; charset=utf-8",
        "Date": "Fri, 10 Sep 2021 07:04:59 GMT",
        "Expires": "-1",
        "Pragma": "no-cache",
        "Server": [
          "Service-Bus-Resource-Provider/SN1",
          "Microsoft-HTTPAPI/2.0"
        ],
        "Server-SB": "Service-Bus-Resource-Provider/SN1",
        "Strict-Transport-Security": "max-age=31536000; includeSubDomains",
        "X-Content-Type-Options": "nosniff",
        "x-ms-client-request-id": "e483d0e7cd3b31ef14a5d7dde7efa6ff",
        "x-ms-correlation-request-id": "a3c7196a-e187-4277-97c7-cadaf543db76",
        "x-ms-ratelimit-remaining-subscription-reads": "11880",
        "x-ms-request-id": "fadb982c-6888-4285-bf39-d0049b58b008_M6SN1_M6SN1",
        "x-ms-routing-request-id": "SOUTHEASTASIA:20210910T070500Z:a3c7196a-e187-4277-97c7-cadaf543db76"
      },
      "ResponseBody": {
        "sku": {
          "name": "Standard",
          "tier": "Standard",
          "capacity": 1
        },
        "id": "/subscriptions/db1ab6f0-4769-4b27-930e-01e2ef9c123c/resourceGroups/teststorageRG-2492/providers/Microsoft.EventHub/namespaces/namespace2608",
        "name": "namespace2608",
        "type": "Microsoft.EventHub/Namespaces",
        "location": "East US 2",
        "tags": {},
        "properties": {
          "zoneRedundant": false,
          "isAutoInflateEnabled": false,
          "maximumThroughputUnits": 0,
          "kafkaEnabled": true,
          "provisioningState": "Created",
          "metricId": "db1ab6f0-4769-4b27-930e-01e2ef9c123c:namespace2608",
          "createdAt": "2021-09-10T07:04:40.67Z",
          "updatedAt": "2021-09-10T07:04:40.67Z",
          "serviceBusEndpoint": "https://namespace2608.servicebus.windows.net:443/",
          "status": "Activating"
        }
      }
    },
    {
      "RequestUri": "https://management.azure.com/subscriptions/db1ab6f0-4769-4b27-930e-01e2ef9c123c/resourceGroups/teststorageRG-2492/providers/Microsoft.EventHub/namespaces/namespace2608?api-version=2018-01-01-preview",
      "RequestMethod": "GET",
      "RequestHeaders": {
        "Authorization": "Sanitized",
        "User-Agent": "azsdk-net-ResourceManager/1.0.0-beta.2 (.NET Framework 4.8.4300.0; Microsoft Windows 10.0.19043 )",
        "x-ms-client-request-id": "1346a1cf4cd1e3284753712612cbd0ae",
        "x-ms-return-client-request-id": "true"
      },
      "RequestBody": null,
      "StatusCode": 200,
      "ResponseHeaders": {
        "Cache-Control": "no-cache",
        "Content-Length": "678",
        "Content-Type": "application/json; charset=utf-8",
        "Date": "Fri, 10 Sep 2021 07:05:01 GMT",
        "Expires": "-1",
        "Pragma": "no-cache",
        "Server": [
          "Service-Bus-Resource-Provider/SN1",
          "Microsoft-HTTPAPI/2.0"
        ],
        "Server-SB": "Service-Bus-Resource-Provider/SN1",
        "Strict-Transport-Security": "max-age=31536000; includeSubDomains",
        "X-Content-Type-Options": "nosniff",
        "x-ms-client-request-id": "1346a1cf4cd1e3284753712612cbd0ae",
        "x-ms-correlation-request-id": "3436efad-7297-4513-a7d2-e65c562a6928",
        "x-ms-ratelimit-remaining-subscription-reads": "11879",
        "x-ms-request-id": "69ab903a-c2c3-45f3-82eb-bb52df3372aa_M10SN1_M10SN1",
        "x-ms-routing-request-id": "SOUTHEASTASIA:20210910T070501Z:3436efad-7297-4513-a7d2-e65c562a6928"
      },
      "ResponseBody": {
        "sku": {
          "name": "Standard",
          "tier": "Standard",
          "capacity": 1
        },
        "id": "/subscriptions/db1ab6f0-4769-4b27-930e-01e2ef9c123c/resourceGroups/teststorageRG-2492/providers/Microsoft.EventHub/namespaces/namespace2608",
        "name": "namespace2608",
        "type": "Microsoft.EventHub/Namespaces",
        "location": "East US 2",
        "tags": {},
        "properties": {
          "zoneRedundant": false,
          "isAutoInflateEnabled": false,
          "maximumThroughputUnits": 0,
          "kafkaEnabled": true,
          "provisioningState": "Created",
          "metricId": "db1ab6f0-4769-4b27-930e-01e2ef9c123c:namespace2608",
          "createdAt": "2021-09-10T07:04:40.67Z",
          "updatedAt": "2021-09-10T07:04:40.67Z",
          "serviceBusEndpoint": "https://namespace2608.servicebus.windows.net:443/",
          "status": "Activating"
        }
      }
    },
    {
      "RequestUri": "https://management.azure.com/subscriptions/db1ab6f0-4769-4b27-930e-01e2ef9c123c/resourceGroups/teststorageRG-2492/providers/Microsoft.EventHub/namespaces/namespace2608?api-version=2018-01-01-preview",
      "RequestMethod": "GET",
      "RequestHeaders": {
        "Authorization": "Sanitized",
        "User-Agent": "azsdk-net-ResourceManager/1.0.0-beta.2 (.NET Framework 4.8.4300.0; Microsoft Windows 10.0.19043 )",
        "x-ms-client-request-id": "0a2650f2c2ae6e1dc32631de008b9b74",
        "x-ms-return-client-request-id": "true"
      },
      "RequestBody": null,
      "StatusCode": 200,
      "ResponseHeaders": {
        "Cache-Control": "no-cache",
        "Content-Length": "678",
        "Content-Type": "application/json; charset=utf-8",
        "Date": "Fri, 10 Sep 2021 07:05:02 GMT",
        "Expires": "-1",
        "Pragma": "no-cache",
        "Server": [
          "Service-Bus-Resource-Provider/SN1",
          "Microsoft-HTTPAPI/2.0"
        ],
        "Server-SB": "Service-Bus-Resource-Provider/SN1",
        "Strict-Transport-Security": "max-age=31536000; includeSubDomains",
        "X-Content-Type-Options": "nosniff",
        "x-ms-client-request-id": "0a2650f2c2ae6e1dc32631de008b9b74",
        "x-ms-correlation-request-id": "3c4419a5-f1b9-4c5b-b12e-2d7d7491496d",
        "x-ms-ratelimit-remaining-subscription-reads": "11878",
        "x-ms-request-id": "13791401-18f1-4696-991f-3731e71d2f43_M5SN1_M5SN1",
        "x-ms-routing-request-id": "SOUTHEASTASIA:20210910T070503Z:3c4419a5-f1b9-4c5b-b12e-2d7d7491496d"
      },
      "ResponseBody": {
        "sku": {
          "name": "Standard",
          "tier": "Standard",
          "capacity": 1
        },
        "id": "/subscriptions/db1ab6f0-4769-4b27-930e-01e2ef9c123c/resourceGroups/teststorageRG-2492/providers/Microsoft.EventHub/namespaces/namespace2608",
        "name": "namespace2608",
        "type": "Microsoft.EventHub/Namespaces",
        "location": "East US 2",
        "tags": {},
        "properties": {
          "zoneRedundant": false,
          "isAutoInflateEnabled": false,
          "maximumThroughputUnits": 0,
          "kafkaEnabled": true,
          "provisioningState": "Created",
          "metricId": "db1ab6f0-4769-4b27-930e-01e2ef9c123c:namespace2608",
          "createdAt": "2021-09-10T07:04:40.67Z",
          "updatedAt": "2021-09-10T07:04:40.67Z",
          "serviceBusEndpoint": "https://namespace2608.servicebus.windows.net:443/",
          "status": "Activating"
        }
      }
    },
    {
      "RequestUri": "https://management.azure.com/subscriptions/db1ab6f0-4769-4b27-930e-01e2ef9c123c/resourceGroups/teststorageRG-2492/providers/Microsoft.EventHub/namespaces/namespace2608?api-version=2018-01-01-preview",
      "RequestMethod": "GET",
      "RequestHeaders": {
        "Authorization": "Sanitized",
        "User-Agent": "azsdk-net-ResourceManager/1.0.0-beta.2 (.NET Framework 4.8.4300.0; Microsoft Windows 10.0.19043 )",
        "x-ms-client-request-id": "00055aa4147a9b77a7a09de75bc81e49",
        "x-ms-return-client-request-id": "true"
      },
      "RequestBody": null,
      "StatusCode": 200,
      "ResponseHeaders": {
        "Cache-Control": "no-cache",
        "Content-Length": "678",
        "Content-Type": "application/json; charset=utf-8",
        "Date": "Fri, 10 Sep 2021 07:05:04 GMT",
        "Expires": "-1",
        "Pragma": "no-cache",
        "Server": [
          "Service-Bus-Resource-Provider/SN1",
          "Microsoft-HTTPAPI/2.0"
        ],
        "Server-SB": "Service-Bus-Resource-Provider/SN1",
        "Strict-Transport-Security": "max-age=31536000; includeSubDomains",
        "X-Content-Type-Options": "nosniff",
        "x-ms-client-request-id": "00055aa4147a9b77a7a09de75bc81e49",
        "x-ms-correlation-request-id": "298d7373-5246-4eab-b099-21142e1f41bc",
        "x-ms-ratelimit-remaining-subscription-reads": "11877",
        "x-ms-request-id": "699796c3-3a8c-41fc-a22b-54d92a9f4d59_M6SN1_M6SN1",
        "x-ms-routing-request-id": "SOUTHEASTASIA:20210910T070504Z:298d7373-5246-4eab-b099-21142e1f41bc"
      },
      "ResponseBody": {
        "sku": {
          "name": "Standard",
          "tier": "Standard",
          "capacity": 1
        },
        "id": "/subscriptions/db1ab6f0-4769-4b27-930e-01e2ef9c123c/resourceGroups/teststorageRG-2492/providers/Microsoft.EventHub/namespaces/namespace2608",
        "name": "namespace2608",
        "type": "Microsoft.EventHub/Namespaces",
        "location": "East US 2",
        "tags": {},
        "properties": {
          "zoneRedundant": false,
          "isAutoInflateEnabled": false,
          "maximumThroughputUnits": 0,
          "kafkaEnabled": true,
          "provisioningState": "Created",
          "metricId": "db1ab6f0-4769-4b27-930e-01e2ef9c123c:namespace2608",
          "createdAt": "2021-09-10T07:04:40.67Z",
          "updatedAt": "2021-09-10T07:04:40.67Z",
          "serviceBusEndpoint": "https://namespace2608.servicebus.windows.net:443/",
          "status": "Activating"
        }
      }
    },
    {
      "RequestUri": "https://management.azure.com/subscriptions/db1ab6f0-4769-4b27-930e-01e2ef9c123c/resourceGroups/teststorageRG-2492/providers/Microsoft.EventHub/namespaces/namespace2608?api-version=2018-01-01-preview",
      "RequestMethod": "GET",
      "RequestHeaders": {
        "Authorization": "Sanitized",
        "User-Agent": "azsdk-net-ResourceManager/1.0.0-beta.2 (.NET Framework 4.8.4300.0; Microsoft Windows 10.0.19043 )",
        "x-ms-client-request-id": "97ea29d49cc90d5083d850ab1a49e3bb",
        "x-ms-return-client-request-id": "true"
      },
      "RequestBody": null,
      "StatusCode": 200,
      "ResponseHeaders": {
        "Cache-Control": "no-cache",
        "Content-Length": "678",
        "Content-Type": "application/json; charset=utf-8",
        "Date": "Fri, 10 Sep 2021 07:05:05 GMT",
        "Expires": "-1",
        "Pragma": "no-cache",
        "Server": [
          "Service-Bus-Resource-Provider/SN1",
          "Microsoft-HTTPAPI/2.0"
        ],
        "Server-SB": "Service-Bus-Resource-Provider/SN1",
        "Strict-Transport-Security": "max-age=31536000; includeSubDomains",
        "X-Content-Type-Options": "nosniff",
        "x-ms-client-request-id": "97ea29d49cc90d5083d850ab1a49e3bb",
        "x-ms-correlation-request-id": "d2e8bdcb-1b54-40b5-a966-03811e67e20e",
        "x-ms-ratelimit-remaining-subscription-reads": "11876",
        "x-ms-request-id": "25ada1d2-e2b1-47cb-91fb-8c47f8c978b2_M6SN1_M6SN1",
        "x-ms-routing-request-id": "SOUTHEASTASIA:20210910T070505Z:d2e8bdcb-1b54-40b5-a966-03811e67e20e"
      },
      "ResponseBody": {
        "sku": {
          "name": "Standard",
          "tier": "Standard",
          "capacity": 1
        },
        "id": "/subscriptions/db1ab6f0-4769-4b27-930e-01e2ef9c123c/resourceGroups/teststorageRG-2492/providers/Microsoft.EventHub/namespaces/namespace2608",
        "name": "namespace2608",
        "type": "Microsoft.EventHub/Namespaces",
        "location": "East US 2",
        "tags": {},
        "properties": {
          "zoneRedundant": false,
          "isAutoInflateEnabled": false,
          "maximumThroughputUnits": 0,
          "kafkaEnabled": true,
          "provisioningState": "Created",
          "metricId": "db1ab6f0-4769-4b27-930e-01e2ef9c123c:namespace2608",
          "createdAt": "2021-09-10T07:04:40.67Z",
          "updatedAt": "2021-09-10T07:04:40.67Z",
          "serviceBusEndpoint": "https://namespace2608.servicebus.windows.net:443/",
          "status": "Activating"
        }
      }
    },
    {
      "RequestUri": "https://management.azure.com/subscriptions/db1ab6f0-4769-4b27-930e-01e2ef9c123c/resourceGroups/teststorageRG-2492/providers/Microsoft.EventHub/namespaces/namespace2608?api-version=2018-01-01-preview",
      "RequestMethod": "GET",
      "RequestHeaders": {
        "Authorization": "Sanitized",
        "User-Agent": "azsdk-net-ResourceManager/1.0.0-beta.2 (.NET Framework 4.8.4300.0; Microsoft Windows 10.0.19043 )",
        "x-ms-client-request-id": "b781fcb8d0c5dd33d88b620e243612fa",
        "x-ms-return-client-request-id": "true"
      },
      "RequestBody": null,
      "StatusCode": 200,
      "ResponseHeaders": {
        "Cache-Control": "no-cache",
        "Content-Length": "678",
        "Content-Type": "application/json; charset=utf-8",
        "Date": "Fri, 10 Sep 2021 07:05:06 GMT",
        "Expires": "-1",
        "Pragma": "no-cache",
        "Server": [
          "Service-Bus-Resource-Provider/SN1",
          "Microsoft-HTTPAPI/2.0"
        ],
        "Server-SB": "Service-Bus-Resource-Provider/SN1",
        "Strict-Transport-Security": "max-age=31536000; includeSubDomains",
        "X-Content-Type-Options": "nosniff",
        "x-ms-client-request-id": "b781fcb8d0c5dd33d88b620e243612fa",
        "x-ms-correlation-request-id": "80265d6f-45f8-4616-9cb0-e0056bdeccc8",
        "x-ms-ratelimit-remaining-subscription-reads": "11875",
        "x-ms-request-id": "80b79c3b-774e-49b2-a834-f266ebf5494c_M6SN1_M6SN1",
        "x-ms-routing-request-id": "SOUTHEASTASIA:20210910T070507Z:80265d6f-45f8-4616-9cb0-e0056bdeccc8"
      },
      "ResponseBody": {
        "sku": {
          "name": "Standard",
          "tier": "Standard",
          "capacity": 1
        },
        "id": "/subscriptions/db1ab6f0-4769-4b27-930e-01e2ef9c123c/resourceGroups/teststorageRG-2492/providers/Microsoft.EventHub/namespaces/namespace2608",
        "name": "namespace2608",
        "type": "Microsoft.EventHub/Namespaces",
        "location": "East US 2",
        "tags": {},
        "properties": {
          "zoneRedundant": false,
          "isAutoInflateEnabled": false,
          "maximumThroughputUnits": 0,
          "kafkaEnabled": true,
          "provisioningState": "Created",
          "metricId": "db1ab6f0-4769-4b27-930e-01e2ef9c123c:namespace2608",
          "createdAt": "2021-09-10T07:04:40.67Z",
          "updatedAt": "2021-09-10T07:04:40.67Z",
          "serviceBusEndpoint": "https://namespace2608.servicebus.windows.net:443/",
          "status": "Activating"
        }
      }
    },
    {
      "RequestUri": "https://management.azure.com/subscriptions/db1ab6f0-4769-4b27-930e-01e2ef9c123c/resourceGroups/teststorageRG-2492/providers/Microsoft.EventHub/namespaces/namespace2608?api-version=2018-01-01-preview",
      "RequestMethod": "GET",
      "RequestHeaders": {
        "Authorization": "Sanitized",
        "User-Agent": "azsdk-net-ResourceManager/1.0.0-beta.2 (.NET Framework 4.8.4300.0; Microsoft Windows 10.0.19043 )",
        "x-ms-client-request-id": "d60ae70704a008ab0af87ca2c4cc805d",
        "x-ms-return-client-request-id": "true"
      },
      "RequestBody": null,
      "StatusCode": 200,
      "ResponseHeaders": {
        "Cache-Control": "no-cache",
        "Content-Length": "678",
        "Content-Type": "application/json; charset=utf-8",
        "Date": "Fri, 10 Sep 2021 07:05:08 GMT",
        "Expires": "-1",
        "Pragma": "no-cache",
        "Server": [
          "Service-Bus-Resource-Provider/SN1",
          "Microsoft-HTTPAPI/2.0"
        ],
        "Server-SB": "Service-Bus-Resource-Provider/SN1",
        "Strict-Transport-Security": "max-age=31536000; includeSubDomains",
        "X-Content-Type-Options": "nosniff",
        "x-ms-client-request-id": "d60ae70704a008ab0af87ca2c4cc805d",
        "x-ms-correlation-request-id": "01675ed3-1ba3-4396-b367-bc20d79b2e5d",
        "x-ms-ratelimit-remaining-subscription-reads": "11874",
        "x-ms-request-id": "355363df-7bbd-45cb-87ef-58f69d33fe14_M6SN1_M6SN1",
        "x-ms-routing-request-id": "SOUTHEASTASIA:20210910T070508Z:01675ed3-1ba3-4396-b367-bc20d79b2e5d"
      },
      "ResponseBody": {
        "sku": {
          "name": "Standard",
          "tier": "Standard",
          "capacity": 1
        },
        "id": "/subscriptions/db1ab6f0-4769-4b27-930e-01e2ef9c123c/resourceGroups/teststorageRG-2492/providers/Microsoft.EventHub/namespaces/namespace2608",
        "name": "namespace2608",
        "type": "Microsoft.EventHub/Namespaces",
        "location": "East US 2",
        "tags": {},
        "properties": {
          "zoneRedundant": false,
          "isAutoInflateEnabled": false,
          "maximumThroughputUnits": 0,
          "kafkaEnabled": true,
          "provisioningState": "Created",
          "metricId": "db1ab6f0-4769-4b27-930e-01e2ef9c123c:namespace2608",
          "createdAt": "2021-09-10T07:04:40.67Z",
          "updatedAt": "2021-09-10T07:04:40.67Z",
          "serviceBusEndpoint": "https://namespace2608.servicebus.windows.net:443/",
          "status": "Activating"
        }
      }
    },
    {
      "RequestUri": "https://management.azure.com/subscriptions/db1ab6f0-4769-4b27-930e-01e2ef9c123c/resourceGroups/teststorageRG-2492/providers/Microsoft.EventHub/namespaces/namespace2608?api-version=2018-01-01-preview",
      "RequestMethod": "GET",
      "RequestHeaders": {
        "Authorization": "Sanitized",
        "User-Agent": "azsdk-net-ResourceManager/1.0.0-beta.2 (.NET Framework 4.8.4300.0; Microsoft Windows 10.0.19043 )",
        "x-ms-client-request-id": "5e2fe1bd66460383f60dbe3d3a42e84d",
        "x-ms-return-client-request-id": "true"
      },
      "RequestBody": null,
      "StatusCode": 200,
      "ResponseHeaders": {
        "Cache-Control": "no-cache",
        "Content-Length": "678",
        "Content-Type": "application/json; charset=utf-8",
        "Date": "Fri, 10 Sep 2021 07:05:09 GMT",
        "Expires": "-1",
        "Pragma": "no-cache",
        "Server": [
          "Service-Bus-Resource-Provider/SN1",
          "Microsoft-HTTPAPI/2.0"
        ],
        "Server-SB": "Service-Bus-Resource-Provider/SN1",
        "Strict-Transport-Security": "max-age=31536000; includeSubDomains",
        "X-Content-Type-Options": "nosniff",
        "x-ms-client-request-id": "5e2fe1bd66460383f60dbe3d3a42e84d",
        "x-ms-correlation-request-id": "e1923784-54b1-4727-84f2-37219ea855d9",
        "x-ms-ratelimit-remaining-subscription-reads": "11873",
        "x-ms-request-id": "9abb333d-d9e1-46bc-9287-70c3eb1889ce_M5SN1_M5SN1",
        "x-ms-routing-request-id": "SOUTHEASTASIA:20210910T070509Z:e1923784-54b1-4727-84f2-37219ea855d9"
      },
      "ResponseBody": {
        "sku": {
          "name": "Standard",
          "tier": "Standard",
          "capacity": 1
        },
        "id": "/subscriptions/db1ab6f0-4769-4b27-930e-01e2ef9c123c/resourceGroups/teststorageRG-2492/providers/Microsoft.EventHub/namespaces/namespace2608",
        "name": "namespace2608",
        "type": "Microsoft.EventHub/Namespaces",
        "location": "East US 2",
        "tags": {},
        "properties": {
          "zoneRedundant": false,
          "isAutoInflateEnabled": false,
          "maximumThroughputUnits": 0,
          "kafkaEnabled": true,
          "provisioningState": "Created",
          "metricId": "db1ab6f0-4769-4b27-930e-01e2ef9c123c:namespace2608",
          "createdAt": "2021-09-10T07:04:40.67Z",
          "updatedAt": "2021-09-10T07:04:40.67Z",
          "serviceBusEndpoint": "https://namespace2608.servicebus.windows.net:443/",
          "status": "Activating"
        }
      }
    },
    {
      "RequestUri": "https://management.azure.com/subscriptions/db1ab6f0-4769-4b27-930e-01e2ef9c123c/resourceGroups/teststorageRG-2492/providers/Microsoft.EventHub/namespaces/namespace2608?api-version=2018-01-01-preview",
      "RequestMethod": "GET",
      "RequestHeaders": {
        "Authorization": "Sanitized",
        "User-Agent": "azsdk-net-ResourceManager/1.0.0-beta.2 (.NET Framework 4.8.4300.0; Microsoft Windows 10.0.19043 )",
        "x-ms-client-request-id": "32a355c50c3fb31b5179accd5390180b",
        "x-ms-return-client-request-id": "true"
      },
      "RequestBody": null,
      "StatusCode": 200,
      "ResponseHeaders": {
        "Cache-Control": "no-cache",
        "Content-Length": "678",
        "Content-Type": "application/json; charset=utf-8",
        "Date": "Fri, 10 Sep 2021 07:05:10 GMT",
        "Expires": "-1",
        "Pragma": "no-cache",
        "Server": [
          "Service-Bus-Resource-Provider/SN1",
          "Microsoft-HTTPAPI/2.0"
        ],
        "Server-SB": "Service-Bus-Resource-Provider/SN1",
        "Strict-Transport-Security": "max-age=31536000; includeSubDomains",
        "X-Content-Type-Options": "nosniff",
        "x-ms-client-request-id": "32a355c50c3fb31b5179accd5390180b",
        "x-ms-correlation-request-id": "4a0f7913-d273-4e68-80c8-743b28567cd7",
        "x-ms-ratelimit-remaining-subscription-reads": "11872",
        "x-ms-request-id": "11b08e78-c20f-462d-8c67-67319a4b3543_M8SN1_M8SN1",
        "x-ms-routing-request-id": "SOUTHEASTASIA:20210910T070511Z:4a0f7913-d273-4e68-80c8-743b28567cd7"
      },
      "ResponseBody": {
        "sku": {
          "name": "Standard",
          "tier": "Standard",
          "capacity": 1
        },
        "id": "/subscriptions/db1ab6f0-4769-4b27-930e-01e2ef9c123c/resourceGroups/teststorageRG-2492/providers/Microsoft.EventHub/namespaces/namespace2608",
        "name": "namespace2608",
        "type": "Microsoft.EventHub/Namespaces",
        "location": "East US 2",
        "tags": {},
        "properties": {
          "zoneRedundant": false,
          "isAutoInflateEnabled": false,
          "maximumThroughputUnits": 0,
          "kafkaEnabled": true,
          "provisioningState": "Created",
          "metricId": "db1ab6f0-4769-4b27-930e-01e2ef9c123c:namespace2608",
          "createdAt": "2021-09-10T07:04:40.67Z",
          "updatedAt": "2021-09-10T07:04:40.67Z",
          "serviceBusEndpoint": "https://namespace2608.servicebus.windows.net:443/",
          "status": "Activating"
        }
      }
    },
    {
      "RequestUri": "https://management.azure.com/subscriptions/db1ab6f0-4769-4b27-930e-01e2ef9c123c/resourceGroups/teststorageRG-2492/providers/Microsoft.EventHub/namespaces/namespace2608?api-version=2018-01-01-preview",
      "RequestMethod": "GET",
      "RequestHeaders": {
        "Authorization": "Sanitized",
        "User-Agent": "azsdk-net-ResourceManager/1.0.0-beta.2 (.NET Framework 4.8.4300.0; Microsoft Windows 10.0.19043 )",
        "x-ms-client-request-id": "4350040bb406a0b46406df92456dcec8",
        "x-ms-return-client-request-id": "true"
      },
      "RequestBody": null,
      "StatusCode": 200,
      "ResponseHeaders": {
        "Cache-Control": "no-cache",
        "Content-Length": "678",
        "Content-Type": "application/json; charset=utf-8",
        "Date": "Fri, 10 Sep 2021 07:05:12 GMT",
        "Expires": "-1",
        "Pragma": "no-cache",
        "Server": [
          "Service-Bus-Resource-Provider/SN1",
          "Microsoft-HTTPAPI/2.0"
        ],
        "Server-SB": "Service-Bus-Resource-Provider/SN1",
        "Strict-Transport-Security": "max-age=31536000; includeSubDomains",
        "X-Content-Type-Options": "nosniff",
        "x-ms-client-request-id": "4350040bb406a0b46406df92456dcec8",
        "x-ms-correlation-request-id": "b0a52929-8f50-46fa-bfe5-c78c55eca628",
        "x-ms-ratelimit-remaining-subscription-reads": "11871",
        "x-ms-request-id": "f75c20f9-09a1-44a2-968f-a2902b1bb7a5_M8SN1_M8SN1",
        "x-ms-routing-request-id": "SOUTHEASTASIA:20210910T070512Z:b0a52929-8f50-46fa-bfe5-c78c55eca628"
      },
      "ResponseBody": {
        "sku": {
          "name": "Standard",
          "tier": "Standard",
          "capacity": 1
        },
        "id": "/subscriptions/db1ab6f0-4769-4b27-930e-01e2ef9c123c/resourceGroups/teststorageRG-2492/providers/Microsoft.EventHub/namespaces/namespace2608",
        "name": "namespace2608",
        "type": "Microsoft.EventHub/Namespaces",
        "location": "East US 2",
        "tags": {},
        "properties": {
          "zoneRedundant": false,
          "isAutoInflateEnabled": false,
          "maximumThroughputUnits": 0,
          "kafkaEnabled": true,
          "provisioningState": "Created",
          "metricId": "db1ab6f0-4769-4b27-930e-01e2ef9c123c:namespace2608",
          "createdAt": "2021-09-10T07:04:40.67Z",
          "updatedAt": "2021-09-10T07:04:40.67Z",
          "serviceBusEndpoint": "https://namespace2608.servicebus.windows.net:443/",
          "status": "Activating"
        }
      }
    },
    {
      "RequestUri": "https://management.azure.com/subscriptions/db1ab6f0-4769-4b27-930e-01e2ef9c123c/resourceGroups/teststorageRG-2492/providers/Microsoft.EventHub/namespaces/namespace2608?api-version=2018-01-01-preview",
      "RequestMethod": "GET",
      "RequestHeaders": {
        "Authorization": "Sanitized",
        "User-Agent": "azsdk-net-ResourceManager/1.0.0-beta.2 (.NET Framework 4.8.4300.0; Microsoft Windows 10.0.19043 )",
        "x-ms-client-request-id": "6fdd2f0f4d28b01dc57c0dccbab5af66",
        "x-ms-return-client-request-id": "true"
      },
      "RequestBody": null,
      "StatusCode": 200,
      "ResponseHeaders": {
        "Cache-Control": "no-cache",
        "Content-Length": "678",
        "Content-Type": "application/json; charset=utf-8",
        "Date": "Fri, 10 Sep 2021 07:05:13 GMT",
        "Expires": "-1",
        "Pragma": "no-cache",
        "Server": [
          "Service-Bus-Resource-Provider/SN1",
          "Microsoft-HTTPAPI/2.0"
        ],
        "Server-SB": "Service-Bus-Resource-Provider/SN1",
        "Strict-Transport-Security": "max-age=31536000; includeSubDomains",
        "X-Content-Type-Options": "nosniff",
        "x-ms-client-request-id": "6fdd2f0f4d28b01dc57c0dccbab5af66",
        "x-ms-correlation-request-id": "df8504d0-b71e-4525-98ce-5b37f90a9e28",
        "x-ms-ratelimit-remaining-subscription-reads": "11870",
        "x-ms-request-id": "5850a298-bf06-4ee2-8688-e85e3bfd72ea_M8SN1_M8SN1",
        "x-ms-routing-request-id": "SOUTHEASTASIA:20210910T070513Z:df8504d0-b71e-4525-98ce-5b37f90a9e28"
      },
      "ResponseBody": {
        "sku": {
          "name": "Standard",
          "tier": "Standard",
          "capacity": 1
        },
        "id": "/subscriptions/db1ab6f0-4769-4b27-930e-01e2ef9c123c/resourceGroups/teststorageRG-2492/providers/Microsoft.EventHub/namespaces/namespace2608",
        "name": "namespace2608",
        "type": "Microsoft.EventHub/Namespaces",
        "location": "East US 2",
        "tags": {},
        "properties": {
          "zoneRedundant": false,
          "isAutoInflateEnabled": false,
          "maximumThroughputUnits": 0,
          "kafkaEnabled": true,
          "provisioningState": "Created",
          "metricId": "db1ab6f0-4769-4b27-930e-01e2ef9c123c:namespace2608",
          "createdAt": "2021-09-10T07:04:40.67Z",
          "updatedAt": "2021-09-10T07:04:40.67Z",
          "serviceBusEndpoint": "https://namespace2608.servicebus.windows.net:443/",
          "status": "Activating"
        }
      }
    },
    {
      "RequestUri": "https://management.azure.com/subscriptions/db1ab6f0-4769-4b27-930e-01e2ef9c123c/resourceGroups/teststorageRG-2492/providers/Microsoft.EventHub/namespaces/namespace2608?api-version=2018-01-01-preview",
      "RequestMethod": "GET",
      "RequestHeaders": {
        "Authorization": "Sanitized",
        "User-Agent": "azsdk-net-ResourceManager/1.0.0-beta.2 (.NET Framework 4.8.4300.0; Microsoft Windows 10.0.19043 )",
        "x-ms-client-request-id": "3532b2f5a5f11146a002ce392d886de3",
        "x-ms-return-client-request-id": "true"
      },
      "RequestBody": null,
      "StatusCode": 200,
      "ResponseHeaders": {
        "Cache-Control": "no-cache",
        "Content-Length": "678",
        "Content-Type": "application/json; charset=utf-8",
        "Date": "Fri, 10 Sep 2021 07:05:14 GMT",
        "Expires": "-1",
        "Pragma": "no-cache",
        "Server": [
          "Service-Bus-Resource-Provider/SN1",
          "Microsoft-HTTPAPI/2.0"
        ],
        "Server-SB": "Service-Bus-Resource-Provider/SN1",
        "Strict-Transport-Security": "max-age=31536000; includeSubDomains",
        "X-Content-Type-Options": "nosniff",
        "x-ms-client-request-id": "3532b2f5a5f11146a002ce392d886de3",
        "x-ms-correlation-request-id": "414f3f68-284a-483a-b378-88b161bf2d16",
        "x-ms-ratelimit-remaining-subscription-reads": "11869",
        "x-ms-request-id": "7ce594ab-48ea-4c17-83b9-e4a44a5a13b4_M8SN1_M8SN1",
        "x-ms-routing-request-id": "SOUTHEASTASIA:20210910T070515Z:414f3f68-284a-483a-b378-88b161bf2d16"
      },
      "ResponseBody": {
        "sku": {
          "name": "Standard",
          "tier": "Standard",
          "capacity": 1
        },
        "id": "/subscriptions/db1ab6f0-4769-4b27-930e-01e2ef9c123c/resourceGroups/teststorageRG-2492/providers/Microsoft.EventHub/namespaces/namespace2608",
        "name": "namespace2608",
        "type": "Microsoft.EventHub/Namespaces",
        "location": "East US 2",
        "tags": {},
        "properties": {
          "zoneRedundant": false,
          "isAutoInflateEnabled": false,
          "maximumThroughputUnits": 0,
          "kafkaEnabled": true,
          "provisioningState": "Created",
          "metricId": "db1ab6f0-4769-4b27-930e-01e2ef9c123c:namespace2608",
          "createdAt": "2021-09-10T07:04:40.67Z",
          "updatedAt": "2021-09-10T07:04:40.67Z",
          "serviceBusEndpoint": "https://namespace2608.servicebus.windows.net:443/",
          "status": "Activating"
        }
      }
    },
    {
      "RequestUri": "https://management.azure.com/subscriptions/db1ab6f0-4769-4b27-930e-01e2ef9c123c/resourceGroups/teststorageRG-2492/providers/Microsoft.EventHub/namespaces/namespace2608?api-version=2018-01-01-preview",
      "RequestMethod": "GET",
      "RequestHeaders": {
        "Authorization": "Sanitized",
        "User-Agent": "azsdk-net-ResourceManager/1.0.0-beta.2 (.NET Framework 4.8.4300.0; Microsoft Windows 10.0.19043 )",
        "x-ms-client-request-id": "24bee4aba9b2bde3e6a07d8aa6e8e6ae",
        "x-ms-return-client-request-id": "true"
      },
      "RequestBody": null,
      "StatusCode": 200,
      "ResponseHeaders": {
        "Cache-Control": "no-cache",
        "Content-Length": "678",
        "Content-Type": "application/json; charset=utf-8",
        "Date": "Fri, 10 Sep 2021 07:05:17 GMT",
        "Expires": "-1",
        "Pragma": "no-cache",
        "Server": [
          "Service-Bus-Resource-Provider/SN1",
          "Microsoft-HTTPAPI/2.0"
        ],
        "Server-SB": "Service-Bus-Resource-Provider/SN1",
        "Strict-Transport-Security": "max-age=31536000; includeSubDomains",
        "X-Content-Type-Options": "nosniff",
        "x-ms-client-request-id": "24bee4aba9b2bde3e6a07d8aa6e8e6ae",
        "x-ms-correlation-request-id": "fdb11995-575e-4831-92b9-ae7d87b1fc46",
        "x-ms-ratelimit-remaining-subscription-reads": "11868",
        "x-ms-request-id": "714c7bc4-2567-455b-9ee5-4cfc763f6c40_M9SN1_M9SN1",
        "x-ms-routing-request-id": "SOUTHEASTASIA:20210910T070517Z:fdb11995-575e-4831-92b9-ae7d87b1fc46"
      },
      "ResponseBody": {
        "sku": {
          "name": "Standard",
          "tier": "Standard",
          "capacity": 1
        },
        "id": "/subscriptions/db1ab6f0-4769-4b27-930e-01e2ef9c123c/resourceGroups/teststorageRG-2492/providers/Microsoft.EventHub/namespaces/namespace2608",
        "name": "namespace2608",
        "type": "Microsoft.EventHub/Namespaces",
        "location": "East US 2",
        "tags": {},
        "properties": {
          "zoneRedundant": false,
          "isAutoInflateEnabled": false,
          "maximumThroughputUnits": 0,
          "kafkaEnabled": true,
          "provisioningState": "Created",
          "metricId": "db1ab6f0-4769-4b27-930e-01e2ef9c123c:namespace2608",
          "createdAt": "2021-09-10T07:04:40.67Z",
          "updatedAt": "2021-09-10T07:04:40.67Z",
          "serviceBusEndpoint": "https://namespace2608.servicebus.windows.net:443/",
          "status": "Activating"
        }
      }
    },
    {
      "RequestUri": "https://management.azure.com/subscriptions/db1ab6f0-4769-4b27-930e-01e2ef9c123c/resourceGroups/teststorageRG-2492/providers/Microsoft.EventHub/namespaces/namespace2608?api-version=2018-01-01-preview",
      "RequestMethod": "GET",
      "RequestHeaders": {
        "Authorization": "Sanitized",
        "User-Agent": "azsdk-net-ResourceManager/1.0.0-beta.2 (.NET Framework 4.8.4300.0; Microsoft Windows 10.0.19043 )",
        "x-ms-client-request-id": "939d7956983a6ad7e8ccce267ee4833d",
        "x-ms-return-client-request-id": "true"
      },
      "RequestBody": null,
      "StatusCode": 200,
      "ResponseHeaders": {
        "Cache-Control": "no-cache",
        "Content-Length": "678",
        "Content-Type": "application/json; charset=utf-8",
        "Date": "Fri, 10 Sep 2021 07:05:18 GMT",
        "Expires": "-1",
        "Pragma": "no-cache",
        "Server": [
          "Service-Bus-Resource-Provider/SN1",
          "Microsoft-HTTPAPI/2.0"
        ],
        "Server-SB": "Service-Bus-Resource-Provider/SN1",
        "Strict-Transport-Security": "max-age=31536000; includeSubDomains",
        "X-Content-Type-Options": "nosniff",
        "x-ms-client-request-id": "939d7956983a6ad7e8ccce267ee4833d",
        "x-ms-correlation-request-id": "25fc6c83-dd1c-45f1-9ea6-1b7c4b03a522",
        "x-ms-ratelimit-remaining-subscription-reads": "11867",
        "x-ms-request-id": "c9719ff1-7506-4ebf-a519-ce5ffc082577_M8SN1_M8SN1",
        "x-ms-routing-request-id": "SOUTHEASTASIA:20210910T070518Z:25fc6c83-dd1c-45f1-9ea6-1b7c4b03a522"
      },
      "ResponseBody": {
        "sku": {
          "name": "Standard",
          "tier": "Standard",
          "capacity": 1
        },
        "id": "/subscriptions/db1ab6f0-4769-4b27-930e-01e2ef9c123c/resourceGroups/teststorageRG-2492/providers/Microsoft.EventHub/namespaces/namespace2608",
        "name": "namespace2608",
        "type": "Microsoft.EventHub/Namespaces",
        "location": "East US 2",
        "tags": {},
        "properties": {
          "zoneRedundant": false,
          "isAutoInflateEnabled": false,
          "maximumThroughputUnits": 0,
          "kafkaEnabled": true,
          "provisioningState": "Created",
          "metricId": "db1ab6f0-4769-4b27-930e-01e2ef9c123c:namespace2608",
          "createdAt": "2021-09-10T07:04:40.67Z",
          "updatedAt": "2021-09-10T07:04:40.67Z",
          "serviceBusEndpoint": "https://namespace2608.servicebus.windows.net:443/",
          "status": "Activating"
        }
      }
    },
    {
      "RequestUri": "https://management.azure.com/subscriptions/db1ab6f0-4769-4b27-930e-01e2ef9c123c/resourceGroups/teststorageRG-2492/providers/Microsoft.EventHub/namespaces/namespace2608?api-version=2018-01-01-preview",
      "RequestMethod": "GET",
      "RequestHeaders": {
        "Authorization": "Sanitized",
        "User-Agent": "azsdk-net-ResourceManager/1.0.0-beta.2 (.NET Framework 4.8.4300.0; Microsoft Windows 10.0.19043 )",
        "x-ms-client-request-id": "d521290e8bf74bb3cf744e5027bc6ab8",
        "x-ms-return-client-request-id": "true"
      },
      "RequestBody": null,
      "StatusCode": 200,
      "ResponseHeaders": {
        "Cache-Control": "no-cache",
        "Content-Length": "678",
        "Content-Type": "application/json; charset=utf-8",
        "Date": "Fri, 10 Sep 2021 07:05:19 GMT",
        "Expires": "-1",
        "Pragma": "no-cache",
        "Server": [
          "Service-Bus-Resource-Provider/SN1",
          "Microsoft-HTTPAPI/2.0"
        ],
        "Server-SB": "Service-Bus-Resource-Provider/SN1",
        "Strict-Transport-Security": "max-age=31536000; includeSubDomains",
        "X-Content-Type-Options": "nosniff",
        "x-ms-client-request-id": "d521290e8bf74bb3cf744e5027bc6ab8",
        "x-ms-correlation-request-id": "9ea80b2c-3cc9-43fc-aed4-27af443efb2a",
        "x-ms-ratelimit-remaining-subscription-reads": "11866",
        "x-ms-request-id": "76f91333-14a3-4cde-a8f8-4a6178a8c4ac_M3SN1_M3SN1",
        "x-ms-routing-request-id": "SOUTHEASTASIA:20210910T070520Z:9ea80b2c-3cc9-43fc-aed4-27af443efb2a"
      },
      "ResponseBody": {
        "sku": {
          "name": "Standard",
          "tier": "Standard",
          "capacity": 1
        },
        "id": "/subscriptions/db1ab6f0-4769-4b27-930e-01e2ef9c123c/resourceGroups/teststorageRG-2492/providers/Microsoft.EventHub/namespaces/namespace2608",
        "name": "namespace2608",
        "type": "Microsoft.EventHub/Namespaces",
        "location": "East US 2",
        "tags": {},
        "properties": {
          "zoneRedundant": false,
          "isAutoInflateEnabled": false,
          "maximumThroughputUnits": 0,
          "kafkaEnabled": true,
          "provisioningState": "Created",
          "metricId": "db1ab6f0-4769-4b27-930e-01e2ef9c123c:namespace2608",
          "createdAt": "2021-09-10T07:04:40.67Z",
          "updatedAt": "2021-09-10T07:04:40.67Z",
          "serviceBusEndpoint": "https://namespace2608.servicebus.windows.net:443/",
          "status": "Activating"
        }
      }
    },
    {
      "RequestUri": "https://management.azure.com/subscriptions/db1ab6f0-4769-4b27-930e-01e2ef9c123c/resourceGroups/teststorageRG-2492/providers/Microsoft.EventHub/namespaces/namespace2608?api-version=2018-01-01-preview",
      "RequestMethod": "GET",
      "RequestHeaders": {
        "Authorization": "Sanitized",
        "User-Agent": "azsdk-net-ResourceManager/1.0.0-beta.2 (.NET Framework 4.8.4300.0; Microsoft Windows 10.0.19043 )",
        "x-ms-client-request-id": "b3e31f1cdaeb12a80d533be6dbbd3f02",
        "x-ms-return-client-request-id": "true"
      },
      "RequestBody": null,
      "StatusCode": 200,
      "ResponseHeaders": {
        "Cache-Control": "no-cache",
        "Content-Length": "678",
        "Content-Type": "application/json; charset=utf-8",
        "Date": "Fri, 10 Sep 2021 07:05:21 GMT",
        "Expires": "-1",
        "Pragma": "no-cache",
        "Server": [
          "Service-Bus-Resource-Provider/SN1",
          "Microsoft-HTTPAPI/2.0"
        ],
        "Server-SB": "Service-Bus-Resource-Provider/SN1",
        "Strict-Transport-Security": "max-age=31536000; includeSubDomains",
        "X-Content-Type-Options": "nosniff",
        "x-ms-client-request-id": "b3e31f1cdaeb12a80d533be6dbbd3f02",
        "x-ms-correlation-request-id": "4acbe9c0-90eb-43bd-b5f4-8d6b60877346",
        "x-ms-ratelimit-remaining-subscription-reads": "11865",
        "x-ms-request-id": "117bf3cb-0b48-47bb-aee9-46836eb7b673_M8SN1_M8SN1",
        "x-ms-routing-request-id": "SOUTHEASTASIA:20210910T070521Z:4acbe9c0-90eb-43bd-b5f4-8d6b60877346"
      },
      "ResponseBody": {
        "sku": {
          "name": "Standard",
          "tier": "Standard",
          "capacity": 1
        },
        "id": "/subscriptions/db1ab6f0-4769-4b27-930e-01e2ef9c123c/resourceGroups/teststorageRG-2492/providers/Microsoft.EventHub/namespaces/namespace2608",
        "name": "namespace2608",
        "type": "Microsoft.EventHub/Namespaces",
        "location": "East US 2",
        "tags": {},
        "properties": {
          "zoneRedundant": false,
          "isAutoInflateEnabled": false,
          "maximumThroughputUnits": 0,
          "kafkaEnabled": true,
          "provisioningState": "Created",
          "metricId": "db1ab6f0-4769-4b27-930e-01e2ef9c123c:namespace2608",
          "createdAt": "2021-09-10T07:04:40.67Z",
          "updatedAt": "2021-09-10T07:04:40.67Z",
          "serviceBusEndpoint": "https://namespace2608.servicebus.windows.net:443/",
          "status": "Activating"
        }
      }
    },
    {
      "RequestUri": "https://management.azure.com/subscriptions/db1ab6f0-4769-4b27-930e-01e2ef9c123c/resourceGroups/teststorageRG-2492/providers/Microsoft.EventHub/namespaces/namespace2608?api-version=2018-01-01-preview",
      "RequestMethod": "GET",
      "RequestHeaders": {
        "Authorization": "Sanitized",
        "User-Agent": "azsdk-net-ResourceManager/1.0.0-beta.2 (.NET Framework 4.8.4300.0; Microsoft Windows 10.0.19043 )",
        "x-ms-client-request-id": "7c7b401c11c6cab6c652c3c64986422c",
        "x-ms-return-client-request-id": "true"
      },
      "RequestBody": null,
      "StatusCode": 200,
      "ResponseHeaders": {
        "Cache-Control": "no-cache",
        "Content-Length": "678",
        "Content-Type": "application/json; charset=utf-8",
        "Date": "Fri, 10 Sep 2021 07:05:22 GMT",
        "Expires": "-1",
        "Pragma": "no-cache",
        "Server": [
          "Service-Bus-Resource-Provider/SN1",
          "Microsoft-HTTPAPI/2.0"
        ],
        "Server-SB": "Service-Bus-Resource-Provider/SN1",
        "Strict-Transport-Security": "max-age=31536000; includeSubDomains",
        "X-Content-Type-Options": "nosniff",
        "x-ms-client-request-id": "7c7b401c11c6cab6c652c3c64986422c",
        "x-ms-correlation-request-id": "322c64c5-16e2-46d7-8bc0-c48e51e0f452",
        "x-ms-ratelimit-remaining-subscription-reads": "11864",
        "x-ms-request-id": "2e869250-108a-49ab-8441-00f1f9111d48_M3SN1_M3SN1",
        "x-ms-routing-request-id": "SOUTHEASTASIA:20210910T070522Z:322c64c5-16e2-46d7-8bc0-c48e51e0f452"
      },
      "ResponseBody": {
        "sku": {
          "name": "Standard",
          "tier": "Standard",
          "capacity": 1
        },
        "id": "/subscriptions/db1ab6f0-4769-4b27-930e-01e2ef9c123c/resourceGroups/teststorageRG-2492/providers/Microsoft.EventHub/namespaces/namespace2608",
        "name": "namespace2608",
        "type": "Microsoft.EventHub/Namespaces",
        "location": "East US 2",
        "tags": {},
        "properties": {
          "zoneRedundant": false,
          "isAutoInflateEnabled": false,
          "maximumThroughputUnits": 0,
          "kafkaEnabled": true,
          "provisioningState": "Created",
          "metricId": "db1ab6f0-4769-4b27-930e-01e2ef9c123c:namespace2608",
          "createdAt": "2021-09-10T07:04:40.67Z",
          "updatedAt": "2021-09-10T07:04:40.67Z",
          "serviceBusEndpoint": "https://namespace2608.servicebus.windows.net:443/",
          "status": "Activating"
        }
      }
    },
    {
      "RequestUri": "https://management.azure.com/subscriptions/db1ab6f0-4769-4b27-930e-01e2ef9c123c/resourceGroups/teststorageRG-2492/providers/Microsoft.EventHub/namespaces/namespace2608?api-version=2018-01-01-preview",
      "RequestMethod": "GET",
      "RequestHeaders": {
        "Authorization": "Sanitized",
        "User-Agent": "azsdk-net-ResourceManager/1.0.0-beta.2 (.NET Framework 4.8.4300.0; Microsoft Windows 10.0.19043 )",
        "x-ms-client-request-id": "5e091561d0003451810fc8a450cd7012",
        "x-ms-return-client-request-id": "true"
      },
      "RequestBody": null,
      "StatusCode": 200,
      "ResponseHeaders": {
        "Cache-Control": "no-cache",
        "Content-Length": "678",
        "Content-Type": "application/json; charset=utf-8",
        "Date": "Fri, 10 Sep 2021 07:05:23 GMT",
        "Expires": "-1",
        "Pragma": "no-cache",
        "Server": [
          "Service-Bus-Resource-Provider/SN1",
          "Microsoft-HTTPAPI/2.0"
        ],
        "Server-SB": "Service-Bus-Resource-Provider/SN1",
        "Strict-Transport-Security": "max-age=31536000; includeSubDomains",
        "X-Content-Type-Options": "nosniff",
        "x-ms-client-request-id": "5e091561d0003451810fc8a450cd7012",
        "x-ms-correlation-request-id": "0ae848c7-8917-4dc5-8ec9-52f269971301",
        "x-ms-ratelimit-remaining-subscription-reads": "11863",
        "x-ms-request-id": "bb56683e-f447-4860-ab46-6e5dbeee3112_M8SN1_M8SN1",
        "x-ms-routing-request-id": "SOUTHEASTASIA:20210910T070524Z:0ae848c7-8917-4dc5-8ec9-52f269971301"
      },
      "ResponseBody": {
        "sku": {
          "name": "Standard",
          "tier": "Standard",
          "capacity": 1
        },
        "id": "/subscriptions/db1ab6f0-4769-4b27-930e-01e2ef9c123c/resourceGroups/teststorageRG-2492/providers/Microsoft.EventHub/namespaces/namespace2608",
        "name": "namespace2608",
        "type": "Microsoft.EventHub/Namespaces",
        "location": "East US 2",
        "tags": {},
        "properties": {
          "zoneRedundant": false,
          "isAutoInflateEnabled": false,
          "maximumThroughputUnits": 0,
          "kafkaEnabled": true,
          "provisioningState": "Created",
          "metricId": "db1ab6f0-4769-4b27-930e-01e2ef9c123c:namespace2608",
          "createdAt": "2021-09-10T07:04:40.67Z",
          "updatedAt": "2021-09-10T07:04:40.67Z",
          "serviceBusEndpoint": "https://namespace2608.servicebus.windows.net:443/",
          "status": "Activating"
        }
      }
    },
    {
      "RequestUri": "https://management.azure.com/subscriptions/db1ab6f0-4769-4b27-930e-01e2ef9c123c/resourceGroups/teststorageRG-2492/providers/Microsoft.EventHub/namespaces/namespace2608?api-version=2018-01-01-preview",
      "RequestMethod": "GET",
      "RequestHeaders": {
        "Authorization": "Sanitized",
        "User-Agent": "azsdk-net-ResourceManager/1.0.0-beta.2 (.NET Framework 4.8.4300.0; Microsoft Windows 10.0.19043 )",
        "x-ms-client-request-id": "e7334c35ee400bf26918ed9916e2c886",
        "x-ms-return-client-request-id": "true"
      },
      "RequestBody": null,
      "StatusCode": 200,
      "ResponseHeaders": {
        "Cache-Control": "no-cache",
        "Content-Length": "678",
        "Content-Type": "application/json; charset=utf-8",
        "Date": "Fri, 10 Sep 2021 07:05:25 GMT",
        "Expires": "-1",
        "Pragma": "no-cache",
        "Server": [
          "Service-Bus-Resource-Provider/SN1",
          "Microsoft-HTTPAPI/2.0"
        ],
        "Server-SB": "Service-Bus-Resource-Provider/SN1",
        "Strict-Transport-Security": "max-age=31536000; includeSubDomains",
        "X-Content-Type-Options": "nosniff",
        "x-ms-client-request-id": "e7334c35ee400bf26918ed9916e2c886",
        "x-ms-correlation-request-id": "8684d72f-2b8a-4654-b72d-660ccaec80e0",
        "x-ms-ratelimit-remaining-subscription-reads": "11862",
        "x-ms-request-id": "bb7b0ecf-1c04-43b7-a028-1aee10d88c98_M7SN1_M7SN1",
        "x-ms-routing-request-id": "SOUTHEASTASIA:20210910T070525Z:8684d72f-2b8a-4654-b72d-660ccaec80e0"
      },
      "ResponseBody": {
        "sku": {
          "name": "Standard",
          "tier": "Standard",
          "capacity": 1
        },
        "id": "/subscriptions/db1ab6f0-4769-4b27-930e-01e2ef9c123c/resourceGroups/teststorageRG-2492/providers/Microsoft.EventHub/namespaces/namespace2608",
        "name": "namespace2608",
        "type": "Microsoft.EventHub/Namespaces",
        "location": "East US 2",
        "tags": {},
        "properties": {
          "zoneRedundant": false,
          "isAutoInflateEnabled": false,
          "maximumThroughputUnits": 0,
          "kafkaEnabled": true,
          "provisioningState": "Created",
          "metricId": "db1ab6f0-4769-4b27-930e-01e2ef9c123c:namespace2608",
          "createdAt": "2021-09-10T07:04:40.67Z",
          "updatedAt": "2021-09-10T07:04:40.67Z",
          "serviceBusEndpoint": "https://namespace2608.servicebus.windows.net:443/",
          "status": "Activating"
        }
      }
    },
    {
      "RequestUri": "https://management.azure.com/subscriptions/db1ab6f0-4769-4b27-930e-01e2ef9c123c/resourceGroups/teststorageRG-2492/providers/Microsoft.EventHub/namespaces/namespace2608?api-version=2018-01-01-preview",
      "RequestMethod": "GET",
      "RequestHeaders": {
        "Authorization": "Sanitized",
        "User-Agent": "azsdk-net-ResourceManager/1.0.0-beta.2 (.NET Framework 4.8.4300.0; Microsoft Windows 10.0.19043 )",
        "x-ms-client-request-id": "c5840f10e0b34c01ee47fbb6481279f8",
        "x-ms-return-client-request-id": "true"
      },
      "RequestBody": null,
      "StatusCode": 200,
      "ResponseHeaders": {
        "Cache-Control": "no-cache",
        "Content-Length": "677",
        "Content-Type": "application/json; charset=utf-8",
        "Date": "Fri, 10 Sep 2021 07:05:26 GMT",
        "Expires": "-1",
        "Pragma": "no-cache",
        "Server": [
          "Service-Bus-Resource-Provider/SN1",
          "Microsoft-HTTPAPI/2.0"
        ],
        "Server-SB": "Service-Bus-Resource-Provider/SN1",
        "Strict-Transport-Security": "max-age=31536000; includeSubDomains",
        "X-Content-Type-Options": "nosniff",
        "x-ms-client-request-id": "c5840f10e0b34c01ee47fbb6481279f8",
        "x-ms-correlation-request-id": "1c2d7708-66ae-4cb0-bbda-efd152e1e953",
        "x-ms-ratelimit-remaining-subscription-reads": "11861",
        "x-ms-request-id": "d975e5c9-7ed6-4373-b500-ed7e97cdaa5a_M7SN1_M7SN1",
        "x-ms-routing-request-id": "SOUTHEASTASIA:20210910T070526Z:1c2d7708-66ae-4cb0-bbda-efd152e1e953"
      },
      "ResponseBody": {
        "sku": {
          "name": "Standard",
          "tier": "Standard",
          "capacity": 1
        },
        "id": "/subscriptions/db1ab6f0-4769-4b27-930e-01e2ef9c123c/resourceGroups/teststorageRG-2492/providers/Microsoft.EventHub/namespaces/namespace2608",
        "name": "namespace2608",
        "type": "Microsoft.EventHub/Namespaces",
        "location": "East US 2",
        "tags": {},
        "properties": {
          "zoneRedundant": false,
          "isAutoInflateEnabled": false,
          "maximumThroughputUnits": 0,
          "kafkaEnabled": true,
          "provisioningState": "Succeeded",
          "metricId": "db1ab6f0-4769-4b27-930e-01e2ef9c123c:namespace2608",
          "createdAt": "2021-09-10T07:04:40.67Z",
          "updatedAt": "2021-09-10T07:05:26.393Z",
          "serviceBusEndpoint": "https://namespace2608.servicebus.windows.net:443/",
          "status": "Active"
        }
      }
    },
    {
      "RequestUri": "https://management.azure.com/subscriptions/db1ab6f0-4769-4b27-930e-01e2ef9c123c/resourceGroups/teststorageRG-2492/providers/Microsoft.EventHub/namespaces/namespace2608/authorizationRules/authorizationrule5195?api-version=2018-01-01-preview",
      "RequestMethod": "PUT",
      "RequestHeaders": {
        "Accept": "application/json",
        "Authorization": "Sanitized",
        "Content-Length": "43",
        "Content-Type": "application/json",
        "User-Agent": "azsdk-net-ResourceManager.EventHubs/1.0.0-alpha.20210910.1 (.NET Framework 4.8.4300.0; Microsoft Windows 10.0.19043 )",
        "x-ms-client-request-id": "52fd90b0eb5b2373fef5e8e2b81d9f46",
        "x-ms-return-client-request-id": "true"
      },
      "RequestBody": {
        "properties": {
          "rights": [
            "Listen",
            "Send"
          ]
        }
      },
      "StatusCode": 200,
      "ResponseHeaders": {
        "Cache-Control": "no-cache",
        "Content-Length": "343",
        "Content-Type": "application/json; charset=utf-8",
        "Date": "Fri, 10 Sep 2021 07:05:33 GMT",
        "Expires": "-1",
        "Pragma": "no-cache",
        "Server": [
          "Service-Bus-Resource-Provider/SN1",
          "Microsoft-HTTPAPI/2.0"
        ],
        "Server-SB": "Service-Bus-Resource-Provider/SN1",
        "Strict-Transport-Security": "max-age=31536000; includeSubDomains",
        "X-Content-Type-Options": "nosniff",
        "x-ms-client-request-id": "52fd90b0eb5b2373fef5e8e2b81d9f46",
        "x-ms-correlation-request-id": "df3b2d84-d54b-4ccd-b09e-e0bf596a55df",
        "x-ms-ratelimit-remaining-subscription-writes": "1195",
        "x-ms-request-id": "284ff730-a0ab-4781-84c8-30672503019f_M3SN1_M3SN1",
        "x-ms-routing-request-id": "SOUTHEASTASIA:20210910T070533Z:df3b2d84-d54b-4ccd-b09e-e0bf596a55df"
      },
      "ResponseBody": {
        "id": "/subscriptions/db1ab6f0-4769-4b27-930e-01e2ef9c123c/resourceGroups/teststorageRG-2492/providers/Microsoft.EventHub/namespaces/namespace2608/authorizationRules/authorizationrule5195",
        "name": "authorizationrule5195",
        "type": "Microsoft.EventHub/Namespaces/AuthorizationRules",
        "location": "East US 2",
        "properties": {
          "rights": [
            "Listen",
            "Send"
          ]
        }
      }
    },
    {
      "RequestUri": "https://management.azure.com/subscriptions/db1ab6f0-4769-4b27-930e-01e2ef9c123c/resourceGroups/teststorageRG-2492/providers/Microsoft.EventHub/namespaces/namespace2608/authorizationRules/authorizationrule5195?api-version=2018-01-01-preview",
      "RequestMethod": "GET",
      "RequestHeaders": {
        "Accept": "application/json",
        "Authorization": "Sanitized",
        "User-Agent": "azsdk-net-ResourceManager.EventHubs/1.0.0-alpha.20210910.1 (.NET Framework 4.8.4300.0; Microsoft Windows 10.0.19043 )",
        "x-ms-client-request-id": "494193425fab4a55e7f8f9f23bc2569e",
        "x-ms-return-client-request-id": "true"
      },
      "RequestBody": null,
      "StatusCode": 200,
      "ResponseHeaders": {
        "Cache-Control": "no-cache",
        "Content-Length": "343",
        "Content-Type": "application/json; charset=utf-8",
        "Date": "Fri, 10 Sep 2021 07:05:33 GMT",
        "Expires": "-1",
        "Pragma": "no-cache",
        "Server": [
          "Service-Bus-Resource-Provider/SN1",
          "Microsoft-HTTPAPI/2.0"
        ],
        "Server-SB": "Service-Bus-Resource-Provider/SN1",
        "Strict-Transport-Security": "max-age=31536000; includeSubDomains",
        "X-Content-Type-Options": "nosniff",
        "x-ms-client-request-id": "494193425fab4a55e7f8f9f23bc2569e",
        "x-ms-correlation-request-id": "36fb2c55-a221-4623-9769-3ba4e8099907",
        "x-ms-ratelimit-remaining-subscription-reads": "11860",
        "x-ms-request-id": "a1f7e346-b4a6-442c-abd5-3b74b24a3c5b_M3SN1_M3SN1",
        "x-ms-routing-request-id": "SOUTHEASTASIA:20210910T070534Z:36fb2c55-a221-4623-9769-3ba4e8099907"
      },
      "ResponseBody": {
        "id": "/subscriptions/db1ab6f0-4769-4b27-930e-01e2ef9c123c/resourceGroups/teststorageRG-2492/providers/Microsoft.EventHub/namespaces/namespace2608/authorizationRules/authorizationrule5195",
        "name": "authorizationrule5195",
        "type": "Microsoft.EventHub/Namespaces/AuthorizationRules",
        "location": "East US 2",
        "properties": {
          "rights": [
            "Listen",
            "Send"
          ]
        }
      }
    },
    {
      "RequestUri": "https://management.azure.com/subscriptions/db1ab6f0-4769-4b27-930e-01e2ef9c123c/resourceGroups/teststorageRG-2492/providers/Microsoft.EventHub/namespaces/namespace2608/authorizationRules?api-version=2018-01-01-preview",
      "RequestMethod": "GET",
      "RequestHeaders": {
        "Accept": "application/json",
        "Authorization": "Sanitized",
        "User-Agent": "azsdk-net-ResourceManager.EventHubs/1.0.0-alpha.20210910.1 (.NET Framework 4.8.4300.0; Microsoft Windows 10.0.19043 )",
        "x-ms-client-request-id": "5166b7f433ca23b410a1b4ea1969352a",
        "x-ms-return-client-request-id": "true"
      },
      "RequestBody": null,
      "StatusCode": 200,
      "ResponseHeaders": {
        "Cache-Control": "no-cache",
        "Content-Length": "716",
        "Content-Type": "application/json; charset=utf-8",
        "Date": "Fri, 10 Sep 2021 07:05:34 GMT",
        "Expires": "-1",
        "Pragma": "no-cache",
        "Server": [
          "Service-Bus-Resource-Provider/SN1",
          "Microsoft-HTTPAPI/2.0"
        ],
        "Server-SB": "Service-Bus-Resource-Provider/SN1",
        "Strict-Transport-Security": "max-age=31536000; includeSubDomains",
        "X-Content-Type-Options": "nosniff",
        "x-ms-client-request-id": "5166b7f433ca23b410a1b4ea1969352a",
        "x-ms-correlation-request-id": "2044cbea-2495-42e1-a901-3519671e9a48",
        "x-ms-ratelimit-remaining-subscription-reads": "11859",
        "x-ms-request-id": "ef1c47de-6e7e-48b6-8b6b-e676dbb74de8_M3SN1_M3SN1",
        "x-ms-routing-request-id": "SOUTHEASTASIA:20210910T070535Z:2044cbea-2495-42e1-a901-3519671e9a48"
      },
      "ResponseBody": {
        "value": [
          {
            "id": "/subscriptions/db1ab6f0-4769-4b27-930e-01e2ef9c123c/resourceGroups/teststorageRG-2492/providers/Microsoft.EventHub/namespaces/namespace2608/authorizationRules/RootManageSharedAccessKey",
            "name": "RootManageSharedAccessKey",
            "type": "Microsoft.EventHub/Namespaces/AuthorizationRules",
            "location": "East US 2",
            "properties": {
              "rights": [
                "Listen",
                "Manage",
                "Send"
              ]
            }
          },
          {
            "id": "/subscriptions/db1ab6f0-4769-4b27-930e-01e2ef9c123c/resourceGroups/teststorageRG-2492/providers/Microsoft.EventHub/namespaces/namespace2608/authorizationRules/authorizationrule5195",
            "name": "authorizationrule5195",
            "type": "Microsoft.EventHub/Namespaces/AuthorizationRules",
            "location": "East US 2",
            "properties": {
              "rights": [
                "Listen",
                "Send"
              ]
            }
          }
        ]
      }
    },
    {
      "RequestUri": "https://management.azure.com/subscriptions/db1ab6f0-4769-4b27-930e-01e2ef9c123c/resourceGroups/teststorageRG-2492/providers/Microsoft.EventHub/namespaces/namespace2608/authorizationRules/authorizationrule5195?api-version=2018-01-01-preview",
      "RequestMethod": "PUT",
      "RequestHeaders": {
        "Accept": "application/json",
        "Authorization": "Sanitized",
        "Content-Length": "52",
        "Content-Type": "application/json",
        "User-Agent": "azsdk-net-ResourceManager.EventHubs/1.0.0-alpha.20210910.1 (.NET Framework 4.8.4300.0; Microsoft Windows 10.0.19043 )",
        "x-ms-client-request-id": "7f066f5caf3851363bb26b63f181e83c",
        "x-ms-return-client-request-id": "true"
      },
      "RequestBody": {
        "properties": {
          "rights": [
            "Listen",
            "Send",
            "Manage"
          ]
        }
      },
      "StatusCode": 200,
      "ResponseHeaders": {
        "Cache-Control": "no-cache",
        "Content-Length": "352",
        "Content-Type": "application/json; charset=utf-8",
        "Date": "Fri, 10 Sep 2021 07:05:40 GMT",
        "Expires": "-1",
        "Pragma": "no-cache",
        "Server": [
          "Service-Bus-Resource-Provider/SN1",
          "Microsoft-HTTPAPI/2.0"
        ],
        "Server-SB": "Service-Bus-Resource-Provider/SN1",
        "Strict-Transport-Security": "max-age=31536000; includeSubDomains",
        "X-Content-Type-Options": "nosniff",
        "x-ms-client-request-id": "7f066f5caf3851363bb26b63f181e83c",
        "x-ms-correlation-request-id": "d428ff4e-4ca3-4766-b615-f1fc2d4cbd52",
        "x-ms-ratelimit-remaining-subscription-writes": "1194",
        "x-ms-request-id": "9ae46f50-a8d8-41b2-a56e-090c38c935aa_M3SN1_M3SN1",
        "x-ms-routing-request-id": "SOUTHEASTASIA:20210910T070541Z:d428ff4e-4ca3-4766-b615-f1fc2d4cbd52"
      },
      "ResponseBody": {
        "id": "/subscriptions/db1ab6f0-4769-4b27-930e-01e2ef9c123c/resourceGroups/teststorageRG-2492/providers/Microsoft.EventHub/namespaces/namespace2608/authorizationRules/authorizationrule5195",
        "name": "authorizationrule5195",
        "type": "Microsoft.EventHub/Namespaces/AuthorizationRules",
        "location": "East US 2",
        "properties": {
          "rights": [
            "Listen",
            "Send",
            "Manage"
          ]
        }
      }
    },
    {
      "RequestUri": "https://management.azure.com/subscriptions/db1ab6f0-4769-4b27-930e-01e2ef9c123c/resourceGroups/teststorageRG-2492/providers/Microsoft.EventHub/namespaces/namespace2608/authorizationRules/authorizationrule5195?api-version=2018-01-01-preview",
      "RequestMethod": "DELETE",
      "RequestHeaders": {
        "Accept": "application/json",
        "Authorization": "Sanitized",
        "User-Agent": "azsdk-net-ResourceManager.EventHubs/1.0.0-alpha.20210910.1 (.NET Framework 4.8.4300.0; Microsoft Windows 10.0.19043 )",
        "x-ms-client-request-id": "01ee499f4db70e7cde1d3809aa6a317d",
        "x-ms-return-client-request-id": "true"
      },
      "RequestBody": null,
      "StatusCode": 200,
      "ResponseHeaders": {
        "Cache-Control": "no-cache",
        "Content-Length": "0",
        "Date": "Fri, 10 Sep 2021 07:05:47 GMT",
        "Expires": "-1",
        "Pragma": "no-cache",
        "Server": [
          "Service-Bus-Resource-Provider/SN1",
          "Microsoft-HTTPAPI/2.0"
        ],
        "Server-SB": "Service-Bus-Resource-Provider/SN1",
        "Strict-Transport-Security": "max-age=31536000; includeSubDomains",
        "X-Content-Type-Options": "nosniff",
        "x-ms-client-request-id": "01ee499f4db70e7cde1d3809aa6a317d",
        "x-ms-correlation-request-id": "553ab7e9-4adc-4c7f-8d2c-81bb02263337",
        "x-ms-ratelimit-remaining-subscription-deletes": "14996",
        "x-ms-request-id": "31402619-5c32-4b3f-bb35-d4a9c164be98_M3SN1_M3SN1",
        "x-ms-routing-request-id": "SOUTHEASTASIA:20210910T070547Z:553ab7e9-4adc-4c7f-8d2c-81bb02263337"
      },
      "ResponseBody": []
    },
    {
      "RequestUri": "https://management.azure.com/subscriptions/db1ab6f0-4769-4b27-930e-01e2ef9c123c/resourceGroups/teststorageRG-2492/providers/Microsoft.EventHub/namespaces/namespace2608/authorizationRules/authorizationrule5195?api-version=2018-01-01-preview",
      "RequestMethod": "GET",
      "RequestHeaders": {
        "Accept": "application/json",
        "Authorization": "Sanitized",
        "User-Agent": "azsdk-net-ResourceManager.EventHubs/1.0.0-alpha.20210910.1 (.NET Framework 4.8.4300.0; Microsoft Windows 10.0.19043 )",
        "x-ms-client-request-id": "cb96cfc2d6bc456681141517c851318f",
        "x-ms-return-client-request-id": "true"
      },
      "RequestBody": null,
      "StatusCode": 404,
      "ResponseHeaders": {
        "Cache-Control": "no-cache",
        "Content-Length": "154",
        "Content-Type": "application/json; charset=utf-8",
        "Date": "Fri, 10 Sep 2021 07:05:47 GMT",
        "Expires": "-1",
        "Pragma": "no-cache",
        "Server": [
          "Service-Bus-Resource-Provider/SN1",
          "Microsoft-HTTPAPI/2.0"
        ],
        "Server-SB": "Service-Bus-Resource-Provider/SN1",
        "Strict-Transport-Security": "max-age=31536000; includeSubDomains",
        "X-Content-Type-Options": "nosniff",
        "x-ms-client-request-id": "cb96cfc2d6bc456681141517c851318f",
        "x-ms-correlation-request-id": "5ce8c8db-5106-43f9-9666-17062bf5a926",
        "x-ms-ratelimit-remaining-subscription-reads": "11858",
        "x-ms-request-id": "34a27b26-0453-44c3-a53d-f373e2871d76_M3SN1_M3SN1",
        "x-ms-routing-request-id": "SOUTHEASTASIA:20210910T070548Z:5ce8c8db-5106-43f9-9666-17062bf5a926"
      },
      "ResponseBody": {
        "error": {
          "message": "The requested resource authorizationrule5195 does not exist. CorrelationId: 5ce8c8db-5106-43f9-9666-17062bf5a926",
          "code": "NotFound"
        }
      }
    },
    {
      "RequestUri": "https://management.azure.com/subscriptions/db1ab6f0-4769-4b27-930e-01e2ef9c123c/resourceGroups/teststorageRG-2492/providers/Microsoft.EventHub/namespaces/namespace2608/authorizationRules?api-version=2018-01-01-preview",
      "RequestMethod": "GET",
      "RequestHeaders": {
        "Accept": "application/json",
        "Authorization": "Sanitized",
        "User-Agent": "azsdk-net-ResourceManager.EventHubs/1.0.0-alpha.20210910.1 (.NET Framework 4.8.4300.0; Microsoft Windows 10.0.19043 )",
        "x-ms-client-request-id": "d04a78b9347b0e73f3f7a01a762ca6d0",
        "x-ms-return-client-request-id": "true"
      },
      "RequestBody": null,
      "StatusCode": 200,
      "ResponseHeaders": {
        "Cache-Control": "no-cache",
        "Content-Length": "372",
        "Content-Type": "application/json; charset=utf-8",
        "Date": "Fri, 10 Sep 2021 07:05:48 GMT",
        "Expires": "-1",
        "Pragma": "no-cache",
        "Server": [
          "Service-Bus-Resource-Provider/SN1",
          "Microsoft-HTTPAPI/2.0"
        ],
        "Server-SB": "Service-Bus-Resource-Provider/SN1",
        "Strict-Transport-Security": "max-age=31536000; includeSubDomains",
        "X-Content-Type-Options": "nosniff",
        "x-ms-client-request-id": "d04a78b9347b0e73f3f7a01a762ca6d0",
        "x-ms-correlation-request-id": "1310c309-038b-4efa-9240-fc7c2e9b1899",
        "x-ms-ratelimit-remaining-subscription-reads": "11857",
        "x-ms-request-id": "14376eea-3d50-42a9-998f-0c61ff732d99_M3SN1_M3SN1",
        "x-ms-routing-request-id": "SOUTHEASTASIA:20210910T070549Z:1310c309-038b-4efa-9240-fc7c2e9b1899"
      },
      "ResponseBody": {
        "value": [
          {
            "id": "/subscriptions/db1ab6f0-4769-4b27-930e-01e2ef9c123c/resourceGroups/teststorageRG-2492/providers/Microsoft.EventHub/namespaces/namespace2608/authorizationRules/RootManageSharedAccessKey",
            "name": "RootManageSharedAccessKey",
            "type": "Microsoft.EventHub/Namespaces/AuthorizationRules",
            "location": "East US 2",
            "properties": {
              "rights": [
                "Listen",
                "Manage",
                "Send"
              ]
            }
          }
        ]
      }
    },
    {
      "RequestUri": "https://management.azure.com/subscriptions/db1ab6f0-4769-4b27-930e-01e2ef9c123c/resourceGroups/teststorageRG-2492/providers/Microsoft.EventHub/namespaces?api-version=2018-01-01-preview",
      "RequestMethod": "GET",
      "RequestHeaders": {
        "Accept": "application/json",
        "Authorization": "Sanitized",
        "User-Agent": "azsdk-net-ResourceManager.EventHubs/1.0.0-alpha.20210910.1 (.NET Framework 4.8.4300.0; Microsoft Windows 10.0.19043 )",
        "x-ms-client-request-id": "22a0ee811ceac87fe2a97fa23764468d",
        "x-ms-return-client-request-id": "true"
      },
      "RequestBody": null,
      "StatusCode": 200,
      "ResponseHeaders": {
        "Cache-Control": "no-cache",
        "Content-Length": "689",
        "Content-Type": "application/json; charset=utf-8",
        "Date": "Fri, 10 Sep 2021 07:05:48 GMT",
        "Expires": "-1",
        "Pragma": "no-cache",
        "Server": [
          "Service-Bus-Resource-Provider/SN1",
          "Microsoft-HTTPAPI/2.0"
        ],
        "Server-SB": "Service-Bus-Resource-Provider/SN1",
        "Strict-Transport-Security": "max-age=31536000; includeSubDomains",
        "X-Content-Type-Options": "nosniff",
        "x-ms-client-request-id": "22a0ee811ceac87fe2a97fa23764468d",
        "x-ms-correlation-request-id": "e3d5e6c9-0c95-459a-ace5-53a06ee58383",
        "x-ms-ratelimit-remaining-subscription-reads": "11856",
        "x-ms-request-id": "9b06fa50-0fa4-4b86-91a1-c830bb624f56_M3SN1_M3SN1",
        "x-ms-routing-request-id": "SOUTHEASTASIA:20210910T070549Z:e3d5e6c9-0c95-459a-ace5-53a06ee58383"
      },
      "ResponseBody": {
        "value": [
          {
            "sku": {
              "name": "Standard",
              "tier": "Standard",
              "capacity": 1
            },
            "id": "/subscriptions/db1ab6f0-4769-4b27-930e-01e2ef9c123c/resourceGroups/teststorageRG-2492/providers/Microsoft.EventHub/namespaces/namespace2608",
            "name": "namespace2608",
            "type": "Microsoft.EventHub/Namespaces",
            "location": "East US 2",
            "tags": {},
            "properties": {
              "zoneRedundant": false,
              "isAutoInflateEnabled": false,
              "maximumThroughputUnits": 0,
              "kafkaEnabled": true,
              "provisioningState": "Succeeded",
              "metricId": "db1ab6f0-4769-4b27-930e-01e2ef9c123c:namespace2608",
              "createdAt": "2021-09-10T07:04:40.67Z",
              "updatedAt": "2021-09-10T07:05:26.393Z",
              "serviceBusEndpoint": "https://namespace2608.servicebus.windows.net:443/",
              "status": "Active"
            }
          }
        ]
      }
    },
    {
      "RequestUri": "https://management.azure.com/subscriptions/db1ab6f0-4769-4b27-930e-01e2ef9c123c/resourceGroups/teststorageRG-2492/providers/Microsoft.EventHub/namespaces/namespace2608?api-version=2018-01-01-preview",
      "RequestMethod": "DELETE",
      "RequestHeaders": {
        "Accept": "application/json",
        "Authorization": "Sanitized",
        "User-Agent": "azsdk-net-ResourceManager.EventHubs/1.0.0-alpha.20210910.1 (.NET Framework 4.8.4300.0; Microsoft Windows 10.0.19043 )",
        "x-ms-client-request-id": "3250a9ec601f8e015c87d7c4364cce54",
        "x-ms-return-client-request-id": "true"
      },
      "RequestBody": null,
      "StatusCode": 202,
      "ResponseHeaders": {
        "Cache-Control": "no-cache",
        "Content-Length": "0",
        "Date": "Fri, 10 Sep 2021 07:05:50 GMT",
        "Expires": "-1",
        "Location": "https://management.azure.com/subscriptions/db1ab6f0-4769-4b27-930e-01e2ef9c123c/resourceGroups/teststorageRG-2492/providers/Microsoft.EventHub/namespaces/namespace2608/operationresults/namespace2608?api-version=2018-01-01-preview",
        "Pragma": "no-cache",
        "Server": [
          "Service-Bus-Resource-Provider/SN1",
          "Microsoft-HTTPAPI/2.0"
        ],
        "Server-SB": "Service-Bus-Resource-Provider/SN1",
        "Strict-Transport-Security": "max-age=31536000; includeSubDomains",
        "X-Content-Type-Options": "nosniff",
        "x-ms-client-request-id": "3250a9ec601f8e015c87d7c4364cce54",
        "x-ms-correlation-request-id": "0f888128-f739-4173-8954-3534cc687620",
        "x-ms-ratelimit-remaining-subscription-deletes": "14995",
        "x-ms-request-id": "1c5396c1-ac7d-4c24-8a33-86dd8c0d8a7a_M1SN1_M1SN1",
        "x-ms-routing-request-id": "SOUTHEASTASIA:20210910T070551Z:0f888128-f739-4173-8954-3534cc687620"
      },
      "ResponseBody": []
    },
    {
      "RequestUri": "https://management.azure.com/subscriptions/db1ab6f0-4769-4b27-930e-01e2ef9c123c/resourceGroups/teststorageRG-2492/providers/Microsoft.EventHub/namespaces/namespace2608/operationresults/namespace2608?api-version=2018-01-01-preview",
      "RequestMethod": "GET",
      "RequestHeaders": {
        "Authorization": "Sanitized",
        "User-Agent": "azsdk-net-ResourceManager/1.0.0-beta.2 (.NET Framework 4.8.4300.0; Microsoft Windows 10.0.19043 )",
        "x-ms-client-request-id": "cd2e13b174dc21b1ec11c66245ba9296",
        "x-ms-return-client-request-id": "true"
      },
      "RequestBody": null,
      "StatusCode": 202,
      "ResponseHeaders": {
        "Cache-Control": "no-cache",
        "Content-Length": "678",
        "Content-Type": "application/json; charset=utf-8",
        "Date": "Fri, 10 Sep 2021 07:05:50 GMT",
        "Expires": "-1",
        "Location": "https://management.azure.com/subscriptions/db1ab6f0-4769-4b27-930e-01e2ef9c123c/resourceGroups/teststorageRG-2492/providers/Microsoft.EventHub/namespaces/namespace2608/operationresults/namespace2608?api-version=2018-01-01-preview",
        "Pragma": "no-cache",
        "Retry-After": "37",
        "Server": [
          "Service-Bus-Resource-Provider/SN1",
          "Microsoft-HTTPAPI/2.0"
        ],
        "Server-SB": "Service-Bus-Resource-Provider/SN1",
        "Strict-Transport-Security": "max-age=31536000; includeSubDomains",
        "X-Content-Type-Options": "nosniff",
        "x-ms-client-request-id": "cd2e13b174dc21b1ec11c66245ba9296",
        "x-ms-correlation-request-id": "889d843b-3327-4e27-83ff-a05792544c5c",
        "x-ms-ratelimit-remaining-subscription-reads": "11855",
        "x-ms-request-id": "d752f0fd-0bd0-4d66-bd9b-9ce9689105da_M1SN1_M1SN1",
        "x-ms-routing-request-id": "SOUTHEASTASIA:20210910T070551Z:889d843b-3327-4e27-83ff-a05792544c5c"
      },
      "ResponseBody": {
        "sku": {
          "name": "Standard",
          "tier": "Standard",
          "capacity": 1
        },
        "id": "/subscriptions/db1ab6f0-4769-4b27-930e-01e2ef9c123c/resourceGroups/teststorageRG-2492/providers/Microsoft.EventHub/namespaces/namespace2608",
        "name": "namespace2608",
        "type": "Microsoft.EventHub/Namespaces",
        "location": "East US 2",
        "tags": {},
        "properties": {
          "zoneRedundant": false,
          "isAutoInflateEnabled": false,
          "maximumThroughputUnits": 0,
          "kafkaEnabled": true,
          "provisioningState": "Succeeded",
          "metricId": "db1ab6f0-4769-4b27-930e-01e2ef9c123c:namespace2608",
          "createdAt": "2021-09-10T07:04:40.67Z",
          "updatedAt": "2021-09-10T07:05:50.79Z",
          "serviceBusEndpoint": "https://namespace2608.servicebus.windows.net:443/",
          "status": "Removing"
        }
      }
    },
    {
      "RequestUri": "https://management.azure.com/subscriptions/db1ab6f0-4769-4b27-930e-01e2ef9c123c/resourceGroups/teststorageRG-2492/providers/Microsoft.EventHub/namespaces/namespace2608/operationresults/namespace2608?api-version=2018-01-01-preview",
      "RequestMethod": "GET",
      "RequestHeaders": {
        "Authorization": "Sanitized",
        "User-Agent": "azsdk-net-ResourceManager/1.0.0-beta.2 (.NET Framework 4.8.4300.0; Microsoft Windows 10.0.19043 )",
        "x-ms-client-request-id": "f2342bda6ccedcdc04b3399d722ed98b",
        "x-ms-return-client-request-id": "true"
      },
      "RequestBody": null,
      "StatusCode": 202,
      "ResponseHeaders": {
        "Cache-Control": "no-cache",
        "Content-Length": "678",
        "Content-Type": "application/json; charset=utf-8",
        "Date": "Fri, 10 Sep 2021 07:05:52 GMT",
        "Expires": "-1",
        "Location": "https://management.azure.com/subscriptions/db1ab6f0-4769-4b27-930e-01e2ef9c123c/resourceGroups/teststorageRG-2492/providers/Microsoft.EventHub/namespaces/namespace2608/operationresults/namespace2608?api-version=2018-01-01-preview",
        "Pragma": "no-cache",
        "Retry-After": "43",
        "Server": [
          "Service-Bus-Resource-Provider/SN1",
          "Microsoft-HTTPAPI/2.0"
        ],
        "Server-SB": "Service-Bus-Resource-Provider/SN1",
        "Strict-Transport-Security": "max-age=31536000; includeSubDomains",
        "X-Content-Type-Options": "nosniff",
        "x-ms-client-request-id": "f2342bda6ccedcdc04b3399d722ed98b",
        "x-ms-correlation-request-id": "f00672a3-d4a3-4700-a024-48445b558393",
        "x-ms-ratelimit-remaining-subscription-reads": "11854",
        "x-ms-request-id": "2256eeb4-88e6-4d55-b046-d5a15d53a352_M3SN1_M3SN1",
        "x-ms-routing-request-id": "SOUTHEASTASIA:20210910T070552Z:f00672a3-d4a3-4700-a024-48445b558393"
      },
      "ResponseBody": {
        "sku": {
          "name": "Standard",
          "tier": "Standard",
          "capacity": 1
        },
        "id": "/subscriptions/db1ab6f0-4769-4b27-930e-01e2ef9c123c/resourceGroups/teststorageRG-2492/providers/Microsoft.EventHub/namespaces/namespace2608",
        "name": "namespace2608",
        "type": "Microsoft.EventHub/Namespaces",
        "location": "East US 2",
        "tags": {},
        "properties": {
          "zoneRedundant": false,
          "isAutoInflateEnabled": false,
          "maximumThroughputUnits": 0,
          "kafkaEnabled": true,
          "provisioningState": "Succeeded",
          "metricId": "db1ab6f0-4769-4b27-930e-01e2ef9c123c:namespace2608",
          "createdAt": "2021-09-10T07:04:40.67Z",
          "updatedAt": "2021-09-10T07:05:50.79Z",
          "serviceBusEndpoint": "https://namespace2608.servicebus.windows.net:443/",
          "status": "Removing"
        }
      }
    },
    {
      "RequestUri": "https://management.azure.com/subscriptions/db1ab6f0-4769-4b27-930e-01e2ef9c123c/resourceGroups/teststorageRG-2492/providers/Microsoft.EventHub/namespaces/namespace2608/operationresults/namespace2608?api-version=2018-01-01-preview",
      "RequestMethod": "GET",
      "RequestHeaders": {
        "Authorization": "Sanitized",
        "User-Agent": "azsdk-net-ResourceManager/1.0.0-beta.2 (.NET Framework 4.8.4300.0; Microsoft Windows 10.0.19043 )",
        "x-ms-client-request-id": "231348b0001df9789374ec9e4841573e",
        "x-ms-return-client-request-id": "true"
      },
      "RequestBody": null,
      "StatusCode": 202,
      "ResponseHeaders": {
        "Cache-Control": "no-cache",
        "Content-Length": "678",
        "Content-Type": "application/json; charset=utf-8",
        "Date": "Fri, 10 Sep 2021 07:05:53 GMT",
        "Expires": "-1",
        "Location": "https://management.azure.com/subscriptions/db1ab6f0-4769-4b27-930e-01e2ef9c123c/resourceGroups/teststorageRG-2492/providers/Microsoft.EventHub/namespaces/namespace2608/operationresults/namespace2608?api-version=2018-01-01-preview",
        "Pragma": "no-cache",
        "Retry-After": "30",
        "Server": [
          "Service-Bus-Resource-Provider/SN1",
          "Microsoft-HTTPAPI/2.0"
        ],
        "Server-SB": "Service-Bus-Resource-Provider/SN1",
        "Strict-Transport-Security": "max-age=31536000; includeSubDomains",
        "X-Content-Type-Options": "nosniff",
        "x-ms-client-request-id": "231348b0001df9789374ec9e4841573e",
        "x-ms-correlation-request-id": "59678130-962d-41fa-b9b7-15e60f1d2c50",
        "x-ms-ratelimit-remaining-subscription-reads": "11853",
        "x-ms-request-id": "c41106a7-813d-44e0-b3cd-d1d591c830f9_M3SN1_M3SN1",
        "x-ms-routing-request-id": "SOUTHEASTASIA:20210910T070554Z:59678130-962d-41fa-b9b7-15e60f1d2c50"
      },
      "ResponseBody": {
        "sku": {
          "name": "Standard",
          "tier": "Standard",
          "capacity": 1
        },
        "id": "/subscriptions/db1ab6f0-4769-4b27-930e-01e2ef9c123c/resourceGroups/teststorageRG-2492/providers/Microsoft.EventHub/namespaces/namespace2608",
        "name": "namespace2608",
        "type": "Microsoft.EventHub/Namespaces",
        "location": "East US 2",
        "tags": {},
        "properties": {
          "zoneRedundant": false,
          "isAutoInflateEnabled": false,
          "maximumThroughputUnits": 0,
          "kafkaEnabled": true,
          "provisioningState": "Succeeded",
          "metricId": "db1ab6f0-4769-4b27-930e-01e2ef9c123c:namespace2608",
          "createdAt": "2021-09-10T07:04:40.67Z",
          "updatedAt": "2021-09-10T07:05:50.79Z",
          "serviceBusEndpoint": "https://namespace2608.servicebus.windows.net:443/",
          "status": "Removing"
        }
      }
    },
    {
      "RequestUri": "https://management.azure.com/subscriptions/db1ab6f0-4769-4b27-930e-01e2ef9c123c/resourceGroups/teststorageRG-2492/providers/Microsoft.EventHub/namespaces/namespace2608/operationresults/namespace2608?api-version=2018-01-01-preview",
      "RequestMethod": "GET",
      "RequestHeaders": {
        "Authorization": "Sanitized",
        "User-Agent": "azsdk-net-ResourceManager/1.0.0-beta.2 (.NET Framework 4.8.4300.0; Microsoft Windows 10.0.19043 )",
        "x-ms-client-request-id": "89f757f0e49b44c13651c8293a13aebe",
        "x-ms-return-client-request-id": "true"
      },
      "RequestBody": null,
      "StatusCode": 202,
      "ResponseHeaders": {
        "Cache-Control": "no-cache",
        "Content-Length": "678",
        "Content-Type": "application/json; charset=utf-8",
        "Date": "Fri, 10 Sep 2021 07:05:54 GMT",
        "Expires": "-1",
        "Location": "https://management.azure.com/subscriptions/db1ab6f0-4769-4b27-930e-01e2ef9c123c/resourceGroups/teststorageRG-2492/providers/Microsoft.EventHub/namespaces/namespace2608/operationresults/namespace2608?api-version=2018-01-01-preview",
        "Pragma": "no-cache",
        "Retry-After": "31",
        "Server": [
          "Service-Bus-Resource-Provider/SN1",
          "Microsoft-HTTPAPI/2.0"
        ],
        "Server-SB": "Service-Bus-Resource-Provider/SN1",
        "Strict-Transport-Security": "max-age=31536000; includeSubDomains",
        "X-Content-Type-Options": "nosniff",
        "x-ms-client-request-id": "89f757f0e49b44c13651c8293a13aebe",
        "x-ms-correlation-request-id": "7049f14f-ff3c-4992-934b-b159efbefbe5",
        "x-ms-ratelimit-remaining-subscription-reads": "11852",
        "x-ms-request-id": "35b14bf2-e1a9-4c71-b984-aa8bddde7115_M3SN1_M3SN1",
        "x-ms-routing-request-id": "SOUTHEASTASIA:20210910T070555Z:7049f14f-ff3c-4992-934b-b159efbefbe5"
      },
      "ResponseBody": {
        "sku": {
          "name": "Standard",
          "tier": "Standard",
          "capacity": 1
        },
        "id": "/subscriptions/db1ab6f0-4769-4b27-930e-01e2ef9c123c/resourceGroups/teststorageRG-2492/providers/Microsoft.EventHub/namespaces/namespace2608",
        "name": "namespace2608",
        "type": "Microsoft.EventHub/Namespaces",
        "location": "East US 2",
        "tags": {},
        "properties": {
          "zoneRedundant": false,
          "isAutoInflateEnabled": false,
          "maximumThroughputUnits": 0,
          "kafkaEnabled": true,
          "provisioningState": "Succeeded",
          "metricId": "db1ab6f0-4769-4b27-930e-01e2ef9c123c:namespace2608",
          "createdAt": "2021-09-10T07:04:40.67Z",
          "updatedAt": "2021-09-10T07:05:50.79Z",
          "serviceBusEndpoint": "https://namespace2608.servicebus.windows.net:443/",
          "status": "Removing"
        }
      }
    },
    {
      "RequestUri": "https://management.azure.com/subscriptions/db1ab6f0-4769-4b27-930e-01e2ef9c123c/resourceGroups/teststorageRG-2492/providers/Microsoft.EventHub/namespaces/namespace2608/operationresults/namespace2608?api-version=2018-01-01-preview",
      "RequestMethod": "GET",
      "RequestHeaders": {
        "Authorization": "Sanitized",
        "User-Agent": "azsdk-net-ResourceManager/1.0.0-beta.2 (.NET Framework 4.8.4300.0; Microsoft Windows 10.0.19043 )",
        "x-ms-client-request-id": "fdb23a386ea7d978b23b5e597f3d93c3",
        "x-ms-return-client-request-id": "true"
      },
      "RequestBody": null,
      "StatusCode": 202,
      "ResponseHeaders": {
        "Cache-Control": "no-cache",
        "Content-Length": "678",
        "Content-Type": "application/json; charset=utf-8",
        "Date": "Fri, 10 Sep 2021 07:05:56 GMT",
        "Expires": "-1",
        "Location": "https://management.azure.com/subscriptions/db1ab6f0-4769-4b27-930e-01e2ef9c123c/resourceGroups/teststorageRG-2492/providers/Microsoft.EventHub/namespaces/namespace2608/operationresults/namespace2608?api-version=2018-01-01-preview",
        "Pragma": "no-cache",
        "Retry-After": "57",
        "Server": [
          "Service-Bus-Resource-Provider/SN1",
          "Microsoft-HTTPAPI/2.0"
        ],
        "Server-SB": "Service-Bus-Resource-Provider/SN1",
        "Strict-Transport-Security": "max-age=31536000; includeSubDomains",
        "X-Content-Type-Options": "nosniff",
        "x-ms-client-request-id": "fdb23a386ea7d978b23b5e597f3d93c3",
        "x-ms-correlation-request-id": "e364523f-e65d-4c1d-89b4-b054baaca16b",
        "x-ms-ratelimit-remaining-subscription-reads": "11851",
        "x-ms-request-id": "42975c3d-50ac-4c73-b886-818744c93d47_M3SN1_M3SN1",
        "x-ms-routing-request-id": "SOUTHEASTASIA:20210910T070556Z:e364523f-e65d-4c1d-89b4-b054baaca16b"
      },
      "ResponseBody": {
        "sku": {
          "name": "Standard",
          "tier": "Standard",
          "capacity": 1
        },
        "id": "/subscriptions/db1ab6f0-4769-4b27-930e-01e2ef9c123c/resourceGroups/teststorageRG-2492/providers/Microsoft.EventHub/namespaces/namespace2608",
        "name": "namespace2608",
        "type": "Microsoft.EventHub/Namespaces",
        "location": "East US 2",
        "tags": {},
        "properties": {
          "zoneRedundant": false,
          "isAutoInflateEnabled": false,
          "maximumThroughputUnits": 0,
          "kafkaEnabled": true,
          "provisioningState": "Succeeded",
          "metricId": "db1ab6f0-4769-4b27-930e-01e2ef9c123c:namespace2608",
          "createdAt": "2021-09-10T07:04:40.67Z",
          "updatedAt": "2021-09-10T07:05:50.79Z",
          "serviceBusEndpoint": "https://namespace2608.servicebus.windows.net:443/",
          "status": "Removing"
        }
      }
    },
    {
      "RequestUri": "https://management.azure.com/subscriptions/db1ab6f0-4769-4b27-930e-01e2ef9c123c/resourceGroups/teststorageRG-2492/providers/Microsoft.EventHub/namespaces/namespace2608/operationresults/namespace2608?api-version=2018-01-01-preview",
      "RequestMethod": "GET",
      "RequestHeaders": {
        "Authorization": "Sanitized",
        "User-Agent": "azsdk-net-ResourceManager/1.0.0-beta.2 (.NET Framework 4.8.4300.0; Microsoft Windows 10.0.19043 )",
        "x-ms-client-request-id": "1aadfb5b5037cbf086ceeccc384fbe80",
        "x-ms-return-client-request-id": "true"
      },
      "RequestBody": null,
      "StatusCode": 202,
      "ResponseHeaders": {
        "Cache-Control": "no-cache",
        "Content-Length": "678",
        "Content-Type": "application/json; charset=utf-8",
        "Date": "Fri, 10 Sep 2021 07:05:57 GMT",
        "Expires": "-1",
        "Location": "https://management.azure.com/subscriptions/db1ab6f0-4769-4b27-930e-01e2ef9c123c/resourceGroups/teststorageRG-2492/providers/Microsoft.EventHub/namespaces/namespace2608/operationresults/namespace2608?api-version=2018-01-01-preview",
        "Pragma": "no-cache",
        "Retry-After": "39",
        "Server": [
          "Service-Bus-Resource-Provider/SN1",
          "Microsoft-HTTPAPI/2.0"
        ],
        "Server-SB": "Service-Bus-Resource-Provider/SN1",
        "Strict-Transport-Security": "max-age=31536000; includeSubDomains",
        "X-Content-Type-Options": "nosniff",
        "x-ms-client-request-id": "1aadfb5b5037cbf086ceeccc384fbe80",
        "x-ms-correlation-request-id": "a2fa137a-70eb-4619-bbef-60a68b252a43",
        "x-ms-ratelimit-remaining-subscription-reads": "11850",
        "x-ms-request-id": "15274634-e00d-4d16-a5d0-99bd7c9ef3e6_M0SN1_M0SN1",
        "x-ms-routing-request-id": "SOUTHEASTASIA:20210910T070558Z:a2fa137a-70eb-4619-bbef-60a68b252a43"
      },
      "ResponseBody": {
        "sku": {
          "name": "Standard",
          "tier": "Standard",
          "capacity": 1
        },
        "id": "/subscriptions/db1ab6f0-4769-4b27-930e-01e2ef9c123c/resourceGroups/teststorageRG-2492/providers/Microsoft.EventHub/namespaces/namespace2608",
        "name": "namespace2608",
        "type": "Microsoft.EventHub/Namespaces",
        "location": "East US 2",
        "tags": {},
        "properties": {
          "zoneRedundant": false,
          "isAutoInflateEnabled": false,
          "maximumThroughputUnits": 0,
          "kafkaEnabled": true,
          "provisioningState": "Succeeded",
          "metricId": "db1ab6f0-4769-4b27-930e-01e2ef9c123c:namespace2608",
          "createdAt": "2021-09-10T07:04:40.67Z",
          "updatedAt": "2021-09-10T07:05:50.79Z",
          "serviceBusEndpoint": "https://namespace2608.servicebus.windows.net:443/",
          "status": "Removing"
        }
      }
    },
    {
      "RequestUri": "https://management.azure.com/subscriptions/db1ab6f0-4769-4b27-930e-01e2ef9c123c/resourceGroups/teststorageRG-2492/providers/Microsoft.EventHub/namespaces/namespace2608/operationresults/namespace2608?api-version=2018-01-01-preview",
      "RequestMethod": "GET",
      "RequestHeaders": {
        "Authorization": "Sanitized",
        "User-Agent": "azsdk-net-ResourceManager/1.0.0-beta.2 (.NET Framework 4.8.4300.0; Microsoft Windows 10.0.19043 )",
        "x-ms-client-request-id": "0e662ec65a8f8196df1dd65f8568c4f8",
        "x-ms-return-client-request-id": "true"
      },
      "RequestBody": null,
      "StatusCode": 202,
      "ResponseHeaders": {
        "Cache-Control": "no-cache",
        "Content-Length": "678",
        "Content-Type": "application/json; charset=utf-8",
        "Date": "Fri, 10 Sep 2021 07:05:58 GMT",
        "Expires": "-1",
        "Location": "https://management.azure.com/subscriptions/db1ab6f0-4769-4b27-930e-01e2ef9c123c/resourceGroups/teststorageRG-2492/providers/Microsoft.EventHub/namespaces/namespace2608/operationresults/namespace2608?api-version=2018-01-01-preview",
        "Pragma": "no-cache",
        "Retry-After": "33",
        "Server": [
          "Service-Bus-Resource-Provider/SN1",
          "Microsoft-HTTPAPI/2.0"
        ],
        "Server-SB": "Service-Bus-Resource-Provider/SN1",
        "Strict-Transport-Security": "max-age=31536000; includeSubDomains",
        "X-Content-Type-Options": "nosniff",
        "x-ms-client-request-id": "0e662ec65a8f8196df1dd65f8568c4f8",
        "x-ms-correlation-request-id": "97db7ba6-2bcd-4cdc-b5c2-5727903fdd2a",
        "x-ms-ratelimit-remaining-subscription-reads": "11849",
        "x-ms-request-id": "b2383060-bb6b-4fe1-83bf-1d7bf6ce5f84_M3SN1_M3SN1",
        "x-ms-routing-request-id": "SOUTHEASTASIA:20210910T070559Z:97db7ba6-2bcd-4cdc-b5c2-5727903fdd2a"
      },
      "ResponseBody": {
        "sku": {
          "name": "Standard",
          "tier": "Standard",
          "capacity": 1
        },
        "id": "/subscriptions/db1ab6f0-4769-4b27-930e-01e2ef9c123c/resourceGroups/teststorageRG-2492/providers/Microsoft.EventHub/namespaces/namespace2608",
        "name": "namespace2608",
        "type": "Microsoft.EventHub/Namespaces",
        "location": "East US 2",
        "tags": {},
        "properties": {
          "zoneRedundant": false,
          "isAutoInflateEnabled": false,
          "maximumThroughputUnits": 0,
          "kafkaEnabled": true,
          "provisioningState": "Succeeded",
          "metricId": "db1ab6f0-4769-4b27-930e-01e2ef9c123c:namespace2608",
          "createdAt": "2021-09-10T07:04:40.67Z",
          "updatedAt": "2021-09-10T07:05:50.79Z",
          "serviceBusEndpoint": "https://namespace2608.servicebus.windows.net:443/",
          "status": "Removing"
        }
      }
    },
    {
      "RequestUri": "https://management.azure.com/subscriptions/db1ab6f0-4769-4b27-930e-01e2ef9c123c/resourceGroups/teststorageRG-2492/providers/Microsoft.EventHub/namespaces/namespace2608/operationresults/namespace2608?api-version=2018-01-01-preview",
      "RequestMethod": "GET",
      "RequestHeaders": {
        "Authorization": "Sanitized",
        "User-Agent": "azsdk-net-ResourceManager/1.0.0-beta.2 (.NET Framework 4.8.4300.0; Microsoft Windows 10.0.19043 )",
        "x-ms-client-request-id": "3fcd05bd9466e7874ae676d881aca163",
        "x-ms-return-client-request-id": "true"
      },
      "RequestBody": null,
      "StatusCode": 202,
      "ResponseHeaders": {
        "Cache-Control": "no-cache",
        "Content-Length": "678",
        "Content-Type": "application/json; charset=utf-8",
        "Date": "Fri, 10 Sep 2021 07:06:00 GMT",
        "Expires": "-1",
        "Location": "https://management.azure.com/subscriptions/db1ab6f0-4769-4b27-930e-01e2ef9c123c/resourceGroups/teststorageRG-2492/providers/Microsoft.EventHub/namespaces/namespace2608/operationresults/namespace2608?api-version=2018-01-01-preview",
        "Pragma": "no-cache",
        "Retry-After": "47",
        "Server": [
          "Service-Bus-Resource-Provider/SN1",
          "Microsoft-HTTPAPI/2.0"
        ],
        "Server-SB": "Service-Bus-Resource-Provider/SN1",
        "Strict-Transport-Security": "max-age=31536000; includeSubDomains",
        "X-Content-Type-Options": "nosniff",
        "x-ms-client-request-id": "3fcd05bd9466e7874ae676d881aca163",
        "x-ms-correlation-request-id": "10ee518a-5b16-4f6c-b035-6644a38e0ed5",
        "x-ms-ratelimit-remaining-subscription-reads": "11848",
        "x-ms-request-id": "c4a15e1c-2de4-42d3-8c2c-7d0400826069_M3SN1_M3SN1",
        "x-ms-routing-request-id": "SOUTHEASTASIA:20210910T070600Z:10ee518a-5b16-4f6c-b035-6644a38e0ed5"
      },
      "ResponseBody": {
        "sku": {
          "name": "Standard",
          "tier": "Standard",
          "capacity": 1
        },
        "id": "/subscriptions/db1ab6f0-4769-4b27-930e-01e2ef9c123c/resourceGroups/teststorageRG-2492/providers/Microsoft.EventHub/namespaces/namespace2608",
        "name": "namespace2608",
        "type": "Microsoft.EventHub/Namespaces",
        "location": "East US 2",
        "tags": {},
        "properties": {
          "zoneRedundant": false,
          "isAutoInflateEnabled": false,
          "maximumThroughputUnits": 0,
          "kafkaEnabled": true,
          "provisioningState": "Succeeded",
          "metricId": "db1ab6f0-4769-4b27-930e-01e2ef9c123c:namespace2608",
          "createdAt": "2021-09-10T07:04:40.67Z",
          "updatedAt": "2021-09-10T07:05:50.79Z",
          "serviceBusEndpoint": "https://namespace2608.servicebus.windows.net:443/",
          "status": "Removing"
        }
      }
    },
    {
      "RequestUri": "https://management.azure.com/subscriptions/db1ab6f0-4769-4b27-930e-01e2ef9c123c/resourceGroups/teststorageRG-2492/providers/Microsoft.EventHub/namespaces/namespace2608/operationresults/namespace2608?api-version=2018-01-01-preview",
      "RequestMethod": "GET",
      "RequestHeaders": {
        "Authorization": "Sanitized",
        "User-Agent": "azsdk-net-ResourceManager/1.0.0-beta.2 (.NET Framework 4.8.4300.0; Microsoft Windows 10.0.19043 )",
        "x-ms-client-request-id": "5192de7c85d60133642c3b197990451e",
        "x-ms-return-client-request-id": "true"
      },
      "RequestBody": null,
      "StatusCode": 202,
      "ResponseHeaders": {
        "Cache-Control": "no-cache",
        "Content-Length": "678",
        "Content-Type": "application/json; charset=utf-8",
        "Date": "Fri, 10 Sep 2021 07:06:01 GMT",
        "Expires": "-1",
        "Location": "https://management.azure.com/subscriptions/db1ab6f0-4769-4b27-930e-01e2ef9c123c/resourceGroups/teststorageRG-2492/providers/Microsoft.EventHub/namespaces/namespace2608/operationresults/namespace2608?api-version=2018-01-01-preview",
        "Pragma": "no-cache",
        "Retry-After": "45",
        "Server": [
          "Service-Bus-Resource-Provider/SN1",
          "Microsoft-HTTPAPI/2.0"
        ],
        "Server-SB": "Service-Bus-Resource-Provider/SN1",
        "Strict-Transport-Security": "max-age=31536000; includeSubDomains",
        "X-Content-Type-Options": "nosniff",
        "x-ms-client-request-id": "5192de7c85d60133642c3b197990451e",
        "x-ms-correlation-request-id": "5dc58b54-17a7-435b-95f3-6afb7db777c2",
        "x-ms-ratelimit-remaining-subscription-reads": "11847",
        "x-ms-request-id": "7bc2e403-18e6-4d07-ae5a-bea29f620fa6_M0SN1_M0SN1",
        "x-ms-routing-request-id": "SOUTHEASTASIA:20210910T070602Z:5dc58b54-17a7-435b-95f3-6afb7db777c2"
      },
      "ResponseBody": {
        "sku": {
          "name": "Standard",
          "tier": "Standard",
          "capacity": 1
        },
        "id": "/subscriptions/db1ab6f0-4769-4b27-930e-01e2ef9c123c/resourceGroups/teststorageRG-2492/providers/Microsoft.EventHub/namespaces/namespace2608",
        "name": "namespace2608",
        "type": "Microsoft.EventHub/Namespaces",
        "location": "East US 2",
        "tags": {},
        "properties": {
          "zoneRedundant": false,
          "isAutoInflateEnabled": false,
          "maximumThroughputUnits": 0,
          "kafkaEnabled": true,
          "provisioningState": "Succeeded",
          "metricId": "db1ab6f0-4769-4b27-930e-01e2ef9c123c:namespace2608",
          "createdAt": "2021-09-10T07:04:40.67Z",
          "updatedAt": "2021-09-10T07:05:50.79Z",
          "serviceBusEndpoint": "https://namespace2608.servicebus.windows.net:443/",
          "status": "Removing"
        }
      }
    },
    {
      "RequestUri": "https://management.azure.com/subscriptions/db1ab6f0-4769-4b27-930e-01e2ef9c123c/resourceGroups/teststorageRG-2492/providers/Microsoft.EventHub/namespaces/namespace2608/operationresults/namespace2608?api-version=2018-01-01-preview",
      "RequestMethod": "GET",
      "RequestHeaders": {
        "Authorization": "Sanitized",
        "User-Agent": "azsdk-net-ResourceManager/1.0.0-beta.2 (.NET Framework 4.8.4300.0; Microsoft Windows 10.0.19043 )",
        "x-ms-client-request-id": "320ef4097f813219a77fc4a8e3bdff32",
        "x-ms-return-client-request-id": "true"
      },
      "RequestBody": null,
      "StatusCode": 202,
      "ResponseHeaders": {
        "Cache-Control": "no-cache",
        "Content-Length": "678",
        "Content-Type": "application/json; charset=utf-8",
        "Date": "Fri, 10 Sep 2021 07:06:02 GMT",
        "Expires": "-1",
        "Location": "https://management.azure.com/subscriptions/db1ab6f0-4769-4b27-930e-01e2ef9c123c/resourceGroups/teststorageRG-2492/providers/Microsoft.EventHub/namespaces/namespace2608/operationresults/namespace2608?api-version=2018-01-01-preview",
        "Pragma": "no-cache",
        "Retry-After": "49",
        "Server": [
          "Service-Bus-Resource-Provider/SN1",
          "Microsoft-HTTPAPI/2.0"
        ],
        "Server-SB": "Service-Bus-Resource-Provider/SN1",
        "Strict-Transport-Security": "max-age=31536000; includeSubDomains",
        "X-Content-Type-Options": "nosniff",
        "x-ms-client-request-id": "320ef4097f813219a77fc4a8e3bdff32",
        "x-ms-correlation-request-id": "f760cd7d-d644-496f-8a24-6ae37e5cb390",
        "x-ms-ratelimit-remaining-subscription-reads": "11846",
        "x-ms-request-id": "6a631652-c6f7-4cae-a60d-8ebb033684a5_M3SN1_M3SN1",
        "x-ms-routing-request-id": "SOUTHEASTASIA:20210910T070603Z:f760cd7d-d644-496f-8a24-6ae37e5cb390"
      },
      "ResponseBody": {
        "sku": {
          "name": "Standard",
          "tier": "Standard",
          "capacity": 1
        },
        "id": "/subscriptions/db1ab6f0-4769-4b27-930e-01e2ef9c123c/resourceGroups/teststorageRG-2492/providers/Microsoft.EventHub/namespaces/namespace2608",
        "name": "namespace2608",
        "type": "Microsoft.EventHub/Namespaces",
        "location": "East US 2",
        "tags": {},
        "properties": {
          "zoneRedundant": false,
          "isAutoInflateEnabled": false,
          "maximumThroughputUnits": 0,
          "kafkaEnabled": true,
          "provisioningState": "Succeeded",
          "metricId": "db1ab6f0-4769-4b27-930e-01e2ef9c123c:namespace2608",
          "createdAt": "2021-09-10T07:04:40.67Z",
          "updatedAt": "2021-09-10T07:05:50.79Z",
          "serviceBusEndpoint": "https://namespace2608.servicebus.windows.net:443/",
          "status": "Removing"
        }
      }
    },
    {
      "RequestUri": "https://management.azure.com/subscriptions/db1ab6f0-4769-4b27-930e-01e2ef9c123c/resourceGroups/teststorageRG-2492/providers/Microsoft.EventHub/namespaces/namespace2608/operationresults/namespace2608?api-version=2018-01-01-preview",
      "RequestMethod": "GET",
      "RequestHeaders": {
        "Authorization": "Sanitized",
        "User-Agent": "azsdk-net-ResourceManager/1.0.0-beta.2 (.NET Framework 4.8.4300.0; Microsoft Windows 10.0.19043 )",
        "x-ms-client-request-id": "a7e3737c73d53821d1cbda3a586d6eb9",
        "x-ms-return-client-request-id": "true"
      },
      "RequestBody": null,
      "StatusCode": 202,
      "ResponseHeaders": {
        "Cache-Control": "no-cache",
        "Content-Length": "678",
        "Content-Type": "application/json; charset=utf-8",
        "Date": "Fri, 10 Sep 2021 07:06:04 GMT",
        "Expires": "-1",
        "Location": "https://management.azure.com/subscriptions/db1ab6f0-4769-4b27-930e-01e2ef9c123c/resourceGroups/teststorageRG-2492/providers/Microsoft.EventHub/namespaces/namespace2608/operationresults/namespace2608?api-version=2018-01-01-preview",
        "Pragma": "no-cache",
        "Retry-After": "57",
        "Server": [
          "Service-Bus-Resource-Provider/SN1",
          "Microsoft-HTTPAPI/2.0"
        ],
        "Server-SB": "Service-Bus-Resource-Provider/SN1",
        "Strict-Transport-Security": "max-age=31536000; includeSubDomains",
        "X-Content-Type-Options": "nosniff",
        "x-ms-client-request-id": "a7e3737c73d53821d1cbda3a586d6eb9",
        "x-ms-correlation-request-id": "c72309bf-20e5-409b-8150-30994ca9c284",
        "x-ms-ratelimit-remaining-subscription-reads": "11845",
        "x-ms-request-id": "85e7acc3-4969-4afb-af38-69ef0e5275f9_M3SN1_M3SN1",
        "x-ms-routing-request-id": "SOUTHEASTASIA:20210910T070604Z:c72309bf-20e5-409b-8150-30994ca9c284"
      },
      "ResponseBody": {
        "sku": {
          "name": "Standard",
          "tier": "Standard",
          "capacity": 1
        },
        "id": "/subscriptions/db1ab6f0-4769-4b27-930e-01e2ef9c123c/resourceGroups/teststorageRG-2492/providers/Microsoft.EventHub/namespaces/namespace2608",
        "name": "namespace2608",
        "type": "Microsoft.EventHub/Namespaces",
        "location": "East US 2",
        "tags": {},
        "properties": {
          "zoneRedundant": false,
          "isAutoInflateEnabled": false,
          "maximumThroughputUnits": 0,
          "kafkaEnabled": true,
          "provisioningState": "Succeeded",
          "metricId": "db1ab6f0-4769-4b27-930e-01e2ef9c123c:namespace2608",
          "createdAt": "2021-09-10T07:04:40.67Z",
          "updatedAt": "2021-09-10T07:05:50.79Z",
          "serviceBusEndpoint": "https://namespace2608.servicebus.windows.net:443/",
          "status": "Removing"
        }
      }
    },
    {
      "RequestUri": "https://management.azure.com/subscriptions/db1ab6f0-4769-4b27-930e-01e2ef9c123c/resourceGroups/teststorageRG-2492/providers/Microsoft.EventHub/namespaces/namespace2608/operationresults/namespace2608?api-version=2018-01-01-preview",
      "RequestMethod": "GET",
      "RequestHeaders": {
        "Authorization": "Sanitized",
        "User-Agent": "azsdk-net-ResourceManager/1.0.0-beta.2 (.NET Framework 4.8.4300.0; Microsoft Windows 10.0.19043 )",
        "x-ms-client-request-id": "8dcf58a06e9efde1c460a957c18a1ea7",
        "x-ms-return-client-request-id": "true"
      },
      "RequestBody": null,
      "StatusCode": 202,
      "ResponseHeaders": {
        "Cache-Control": "no-cache",
        "Content-Length": "678",
        "Content-Type": "application/json; charset=utf-8",
        "Date": "Fri, 10 Sep 2021 07:06:06 GMT",
        "Expires": "-1",
        "Location": "https://management.azure.com/subscriptions/db1ab6f0-4769-4b27-930e-01e2ef9c123c/resourceGroups/teststorageRG-2492/providers/Microsoft.EventHub/namespaces/namespace2608/operationresults/namespace2608?api-version=2018-01-01-preview",
        "Pragma": "no-cache",
        "Retry-After": "39",
        "Server": [
          "Service-Bus-Resource-Provider/SN1",
          "Microsoft-HTTPAPI/2.0"
        ],
        "Server-SB": "Service-Bus-Resource-Provider/SN1",
        "Strict-Transport-Security": "max-age=31536000; includeSubDomains",
        "X-Content-Type-Options": "nosniff",
        "x-ms-client-request-id": "8dcf58a06e9efde1c460a957c18a1ea7",
        "x-ms-correlation-request-id": "da91fe4b-9177-4027-862d-716cb2569596",
        "x-ms-ratelimit-remaining-subscription-reads": "11844",
        "x-ms-request-id": "5c5ec370-236f-4e9e-929b-3ed13825b73f_M5SN1_M5SN1",
        "x-ms-routing-request-id": "SOUTHEASTASIA:20210910T070607Z:da91fe4b-9177-4027-862d-716cb2569596"
      },
      "ResponseBody": {
        "sku": {
          "name": "Standard",
          "tier": "Standard",
          "capacity": 1
        },
        "id": "/subscriptions/db1ab6f0-4769-4b27-930e-01e2ef9c123c/resourceGroups/teststorageRG-2492/providers/Microsoft.EventHub/namespaces/namespace2608",
        "name": "namespace2608",
        "type": "Microsoft.EventHub/Namespaces",
        "location": "East US 2",
        "tags": {},
        "properties": {
          "zoneRedundant": false,
          "isAutoInflateEnabled": false,
          "maximumThroughputUnits": 0,
          "kafkaEnabled": true,
          "provisioningState": "Succeeded",
          "metricId": "db1ab6f0-4769-4b27-930e-01e2ef9c123c:namespace2608",
          "createdAt": "2021-09-10T07:04:40.67Z",
          "updatedAt": "2021-09-10T07:05:50.79Z",
          "serviceBusEndpoint": "https://namespace2608.servicebus.windows.net:443/",
          "status": "Removing"
        }
      }
    },
    {
      "RequestUri": "https://management.azure.com/subscriptions/db1ab6f0-4769-4b27-930e-01e2ef9c123c/resourceGroups/teststorageRG-2492/providers/Microsoft.EventHub/namespaces/namespace2608/operationresults/namespace2608?api-version=2018-01-01-preview",
      "RequestMethod": "GET",
      "RequestHeaders": {
        "Authorization": "Sanitized",
        "User-Agent": "azsdk-net-ResourceManager/1.0.0-beta.2 (.NET Framework 4.8.4300.0; Microsoft Windows 10.0.19043 )",
        "x-ms-client-request-id": "069d092c9ead9548d2d560b6a4dfd939",
        "x-ms-return-client-request-id": "true"
      },
      "RequestBody": null,
      "StatusCode": 202,
      "ResponseHeaders": {
        "Cache-Control": "no-cache",
        "Content-Length": "678",
        "Content-Type": "application/json; charset=utf-8",
        "Date": "Fri, 10 Sep 2021 07:06:07 GMT",
        "Expires": "-1",
        "Location": "https://management.azure.com/subscriptions/db1ab6f0-4769-4b27-930e-01e2ef9c123c/resourceGroups/teststorageRG-2492/providers/Microsoft.EventHub/namespaces/namespace2608/operationresults/namespace2608?api-version=2018-01-01-preview",
        "Pragma": "no-cache",
        "Retry-After": "54",
        "Server": [
          "Service-Bus-Resource-Provider/SN1",
          "Microsoft-HTTPAPI/2.0"
        ],
        "Server-SB": "Service-Bus-Resource-Provider/SN1",
        "Strict-Transport-Security": "max-age=31536000; includeSubDomains",
        "X-Content-Type-Options": "nosniff",
        "x-ms-client-request-id": "069d092c9ead9548d2d560b6a4dfd939",
        "x-ms-correlation-request-id": "5f3f5090-7f63-45f8-bcc4-4f3d6b4f1ce1",
        "x-ms-ratelimit-remaining-subscription-reads": "11843",
        "x-ms-request-id": "5a7a04c9-b465-40ee-ada4-ad8b20e68bb7_M8SN1_M8SN1",
        "x-ms-routing-request-id": "SOUTHEASTASIA:20210910T070608Z:5f3f5090-7f63-45f8-bcc4-4f3d6b4f1ce1"
      },
      "ResponseBody": {
        "sku": {
          "name": "Standard",
          "tier": "Standard",
          "capacity": 1
        },
        "id": "/subscriptions/db1ab6f0-4769-4b27-930e-01e2ef9c123c/resourceGroups/teststorageRG-2492/providers/Microsoft.EventHub/namespaces/namespace2608",
        "name": "namespace2608",
        "type": "Microsoft.EventHub/Namespaces",
        "location": "East US 2",
        "tags": {},
        "properties": {
          "zoneRedundant": false,
          "isAutoInflateEnabled": false,
          "maximumThroughputUnits": 0,
          "kafkaEnabled": true,
          "provisioningState": "Succeeded",
          "metricId": "db1ab6f0-4769-4b27-930e-01e2ef9c123c:namespace2608",
          "createdAt": "2021-09-10T07:04:40.67Z",
          "updatedAt": "2021-09-10T07:05:50.79Z",
          "serviceBusEndpoint": "https://namespace2608.servicebus.windows.net:443/",
          "status": "Removing"
        }
      }
    },
    {
      "RequestUri": "https://management.azure.com/subscriptions/db1ab6f0-4769-4b27-930e-01e2ef9c123c/resourceGroups/teststorageRG-2492/providers/Microsoft.EventHub/namespaces/namespace2608/operationresults/namespace2608?api-version=2018-01-01-preview",
      "RequestMethod": "GET",
      "RequestHeaders": {
        "Authorization": "Sanitized",
        "User-Agent": "azsdk-net-ResourceManager/1.0.0-beta.2 (.NET Framework 4.8.4300.0; Microsoft Windows 10.0.19043 )",
        "x-ms-client-request-id": "8b080a1171ee0d9391e6e274c9ca7747",
        "x-ms-return-client-request-id": "true"
      },
      "RequestBody": null,
      "StatusCode": 202,
      "ResponseHeaders": {
        "Cache-Control": "no-cache",
        "Content-Length": "678",
        "Content-Type": "application/json; charset=utf-8",
        "Date": "Fri, 10 Sep 2021 07:06:09 GMT",
        "Expires": "-1",
        "Location": "https://management.azure.com/subscriptions/db1ab6f0-4769-4b27-930e-01e2ef9c123c/resourceGroups/teststorageRG-2492/providers/Microsoft.EventHub/namespaces/namespace2608/operationresults/namespace2608?api-version=2018-01-01-preview",
        "Pragma": "no-cache",
        "Retry-After": "57",
        "Server": [
          "Service-Bus-Resource-Provider/SN1",
          "Microsoft-HTTPAPI/2.0"
        ],
        "Server-SB": "Service-Bus-Resource-Provider/SN1",
        "Strict-Transport-Security": "max-age=31536000; includeSubDomains",
        "X-Content-Type-Options": "nosniff",
        "x-ms-client-request-id": "8b080a1171ee0d9391e6e274c9ca7747",
        "x-ms-correlation-request-id": "c8d9da33-73af-4018-a822-76c1695149f5",
        "x-ms-ratelimit-remaining-subscription-reads": "11842",
        "x-ms-request-id": "b386c63e-f5ba-4cdf-9532-b39a56d1ae28_M8SN1_M8SN1",
        "x-ms-routing-request-id": "SOUTHEASTASIA:20210910T070609Z:c8d9da33-73af-4018-a822-76c1695149f5"
      },
      "ResponseBody": {
        "sku": {
          "name": "Standard",
          "tier": "Standard",
          "capacity": 1
        },
        "id": "/subscriptions/db1ab6f0-4769-4b27-930e-01e2ef9c123c/resourceGroups/teststorageRG-2492/providers/Microsoft.EventHub/namespaces/namespace2608",
        "name": "namespace2608",
        "type": "Microsoft.EventHub/Namespaces",
        "location": "East US 2",
        "tags": {},
        "properties": {
          "zoneRedundant": false,
          "isAutoInflateEnabled": false,
          "maximumThroughputUnits": 0,
          "kafkaEnabled": true,
          "provisioningState": "Succeeded",
          "metricId": "db1ab6f0-4769-4b27-930e-01e2ef9c123c:namespace2608",
          "createdAt": "2021-09-10T07:04:40.67Z",
          "updatedAt": "2021-09-10T07:05:50.79Z",
          "serviceBusEndpoint": "https://namespace2608.servicebus.windows.net:443/",
          "status": "Removing"
        }
      }
    },
    {
      "RequestUri": "https://management.azure.com/subscriptions/db1ab6f0-4769-4b27-930e-01e2ef9c123c/resourceGroups/teststorageRG-2492/providers/Microsoft.EventHub/namespaces/namespace2608/operationresults/namespace2608?api-version=2018-01-01-preview",
      "RequestMethod": "GET",
      "RequestHeaders": {
        "Authorization": "Sanitized",
        "User-Agent": "azsdk-net-ResourceManager/1.0.0-beta.2 (.NET Framework 4.8.4300.0; Microsoft Windows 10.0.19043 )",
        "x-ms-client-request-id": "4f0d33ad67d0020c0f39bbc80d2b58e5",
        "x-ms-return-client-request-id": "true"
      },
      "RequestBody": null,
      "StatusCode": 202,
      "ResponseHeaders": {
        "Cache-Control": "no-cache",
        "Content-Length": "678",
        "Content-Type": "application/json; charset=utf-8",
        "Date": "Fri, 10 Sep 2021 07:06:10 GMT",
        "Expires": "-1",
        "Location": "https://management.azure.com/subscriptions/db1ab6f0-4769-4b27-930e-01e2ef9c123c/resourceGroups/teststorageRG-2492/providers/Microsoft.EventHub/namespaces/namespace2608/operationresults/namespace2608?api-version=2018-01-01-preview",
        "Pragma": "no-cache",
        "Retry-After": "45",
        "Server": [
          "Service-Bus-Resource-Provider/SN1",
          "Microsoft-HTTPAPI/2.0"
        ],
        "Server-SB": "Service-Bus-Resource-Provider/SN1",
        "Strict-Transport-Security": "max-age=31536000; includeSubDomains",
        "X-Content-Type-Options": "nosniff",
        "x-ms-client-request-id": "4f0d33ad67d0020c0f39bbc80d2b58e5",
        "x-ms-correlation-request-id": "afbe3727-0d82-4f1b-8fee-1cb2808b498f",
        "x-ms-ratelimit-remaining-subscription-reads": "11841",
        "x-ms-request-id": "a6c86771-1071-4c56-bb3f-6542bfe999ff_M3SN1_M3SN1",
        "x-ms-routing-request-id": "SOUTHEASTASIA:20210910T070611Z:afbe3727-0d82-4f1b-8fee-1cb2808b498f"
      },
      "ResponseBody": {
        "sku": {
          "name": "Standard",
          "tier": "Standard",
          "capacity": 1
        },
        "id": "/subscriptions/db1ab6f0-4769-4b27-930e-01e2ef9c123c/resourceGroups/teststorageRG-2492/providers/Microsoft.EventHub/namespaces/namespace2608",
        "name": "namespace2608",
        "type": "Microsoft.EventHub/Namespaces",
        "location": "East US 2",
        "tags": {},
        "properties": {
          "zoneRedundant": false,
          "isAutoInflateEnabled": false,
          "maximumThroughputUnits": 0,
          "kafkaEnabled": true,
          "provisioningState": "Succeeded",
          "metricId": "db1ab6f0-4769-4b27-930e-01e2ef9c123c:namespace2608",
          "createdAt": "2021-09-10T07:04:40.67Z",
          "updatedAt": "2021-09-10T07:05:50.79Z",
          "serviceBusEndpoint": "https://namespace2608.servicebus.windows.net:443/",
          "status": "Removing"
        }
      }
    },
    {
      "RequestUri": "https://management.azure.com/subscriptions/db1ab6f0-4769-4b27-930e-01e2ef9c123c/resourceGroups/teststorageRG-2492/providers/Microsoft.EventHub/namespaces/namespace2608/operationresults/namespace2608?api-version=2018-01-01-preview",
      "RequestMethod": "GET",
      "RequestHeaders": {
        "Authorization": "Sanitized",
        "User-Agent": "azsdk-net-ResourceManager/1.0.0-beta.2 (.NET Framework 4.8.4300.0; Microsoft Windows 10.0.19043 )",
        "x-ms-client-request-id": "b64670869282bbb8758f75c7bcd4cb07",
        "x-ms-return-client-request-id": "true"
      },
      "RequestBody": null,
      "StatusCode": 202,
      "ResponseHeaders": {
        "Cache-Control": "no-cache",
        "Content-Length": "678",
        "Content-Type": "application/json; charset=utf-8",
        "Date": "Fri, 10 Sep 2021 07:06:11 GMT",
        "Expires": "-1",
        "Location": "https://management.azure.com/subscriptions/db1ab6f0-4769-4b27-930e-01e2ef9c123c/resourceGroups/teststorageRG-2492/providers/Microsoft.EventHub/namespaces/namespace2608/operationresults/namespace2608?api-version=2018-01-01-preview",
        "Pragma": "no-cache",
        "Retry-After": "40",
        "Server": [
          "Service-Bus-Resource-Provider/SN1",
          "Microsoft-HTTPAPI/2.0"
        ],
        "Server-SB": "Service-Bus-Resource-Provider/SN1",
        "Strict-Transport-Security": "max-age=31536000; includeSubDomains",
        "X-Content-Type-Options": "nosniff",
        "x-ms-client-request-id": "b64670869282bbb8758f75c7bcd4cb07",
        "x-ms-correlation-request-id": "23fe9010-91a1-45e2-9956-0e079cb169d1",
        "x-ms-ratelimit-remaining-subscription-reads": "11840",
        "x-ms-request-id": "18757b69-6ded-4c98-8664-174ee03e3b25_M8SN1_M8SN1",
        "x-ms-routing-request-id": "SOUTHEASTASIA:20210910T070612Z:23fe9010-91a1-45e2-9956-0e079cb169d1"
      },
      "ResponseBody": {
        "sku": {
          "name": "Standard",
          "tier": "Standard",
          "capacity": 1
        },
        "id": "/subscriptions/db1ab6f0-4769-4b27-930e-01e2ef9c123c/resourceGroups/teststorageRG-2492/providers/Microsoft.EventHub/namespaces/namespace2608",
        "name": "namespace2608",
        "type": "Microsoft.EventHub/Namespaces",
        "location": "East US 2",
        "tags": {},
        "properties": {
          "zoneRedundant": false,
          "isAutoInflateEnabled": false,
          "maximumThroughputUnits": 0,
          "kafkaEnabled": true,
          "provisioningState": "Succeeded",
          "metricId": "db1ab6f0-4769-4b27-930e-01e2ef9c123c:namespace2608",
          "createdAt": "2021-09-10T07:04:40.67Z",
          "updatedAt": "2021-09-10T07:05:50.79Z",
          "serviceBusEndpoint": "https://namespace2608.servicebus.windows.net:443/",
          "status": "Removing"
        }
      }
    },
    {
      "RequestUri": "https://management.azure.com/subscriptions/db1ab6f0-4769-4b27-930e-01e2ef9c123c/resourceGroups/teststorageRG-2492/providers/Microsoft.EventHub/namespaces/namespace2608/operationresults/namespace2608?api-version=2018-01-01-preview",
      "RequestMethod": "GET",
      "RequestHeaders": {
        "Authorization": "Sanitized",
        "User-Agent": "azsdk-net-ResourceManager/1.0.0-beta.2 (.NET Framework 4.8.4300.0; Microsoft Windows 10.0.19043 )",
        "x-ms-client-request-id": "7109195e8ad2a968fe057bb4b5cbff66",
        "x-ms-return-client-request-id": "true"
      },
      "RequestBody": null,
      "StatusCode": 200,
      "ResponseHeaders": {
        "Cache-Control": "no-cache",
        "Content-Length": "0",
        "Date": "Fri, 10 Sep 2021 07:06:13 GMT",
        "Expires": "-1",
        "Pragma": "no-cache",
        "Server": [
          "Service-Bus-Resource-Provider/SN1",
          "Microsoft-HTTPAPI/2.0"
        ],
        "Server-SB": "Service-Bus-Resource-Provider/SN1",
        "Strict-Transport-Security": "max-age=31536000; includeSubDomains",
        "X-Content-Type-Options": "nosniff",
        "x-ms-client-request-id": "7109195e8ad2a968fe057bb4b5cbff66",
        "x-ms-correlation-request-id": "e422cfe4-682e-4d26-8ad6-feb8bae6fdf9",
        "x-ms-ratelimit-remaining-subscription-reads": "11839",
        "x-ms-request-id": "3ed36abc-e360-4fef-a999-bdcb5ce0a4eb_M3SN1_M3SN1",
        "x-ms-routing-request-id": "SOUTHEASTASIA:20210910T070613Z:e422cfe4-682e-4d26-8ad6-feb8bae6fdf9"
      },
      "ResponseBody": []
    }
  ],
  "Variables": {
    "RandomSeed": "996402274",
    "RESOURCE_MANAGER_URL": null,
    "SUBSCRIPTION_ID": "db1ab6f0-4769-4b27-930e-01e2ef9c123c"
  }
}