{
  "Entries": [
    {
      "RequestUri": "https://jb-sdk-e2e-test.communication.azure.com/sip?api-version=2021-05-01-preview",
      "RequestMethod": "PATCH",
      "RequestHeaders": {
        "Accept": "application/json",
        "Authorization": "Sanitized",
        "Content-Length": "13",
        "Content-Type": "application/merge-patch\u002Bjson",
        "traceparent": "00-b8088e92e202191f92bf9d5cfa2982e3-79750cb2e3e448a6-00",
        "User-Agent": "azsdk-net-Communication.PhoneNumbers/1.1.0-alpha.20221213.1 (.NET 6.0.11; Microsoft Windows 10.0.22621)",
        "x-ms-client-request-id": "e3d7c6bf461b8063c1d39ae098625e2c",
        "x-ms-content-sha256": "Sanitized",
        "x-ms-date": "Tue, 13 Dec 2022 01:18:33 GMT",
        "x-ms-return-client-request-id": "true"
      },
      "RequestBody": {
        "routes": []
      },
      "StatusCode": 200,
      "ResponseHeaders": {
        "api-supported-versions": "2021-05-01-preview, 2022-09-01-preview",
        "Content-Type": "application/json; charset=utf-8",
        "Date": "Tue, 13 Dec 2022 01:18:34 GMT",
        "MS-CV": "jMLeFeUoBUSkRQe9mDFtOg.0",
        "Strict-Transport-Security": "max-age=2592000",
        "Transfer-Encoding": "chunked",
        "X-Azure-Ref": "06dKXYwAAAAAZuQ33OLiURbx1r23oH6jvUFJHMDFFREdFMDkyMQA5ZmM3YjUxOS1hOGNjLTRmODktOTM1ZS1jOTE0OGFlMDllODE=",
        "X-Cache": "CONFIG_NOCACHE",
        "X-Processing-Time": "335ms"
      },
      "ResponseBody": {
        "trunks": {},
        "routes": []
      }
    },
    {
      "RequestUri": "https://jb-sdk-e2e-test.communication.azure.com/sip?api-version=2021-05-01-preview",
      "RequestMethod": "GET",
      "RequestHeaders": {
        "Accept": "application/json",
        "Authorization": "Sanitized",
        "traceparent": "00-d555294ca7f2ab264db4bec7671febf1-5d6ddbcbffebd675-00",
        "User-Agent": "azsdk-net-Communication.PhoneNumbers/1.1.0-alpha.20221213.1 (.NET 6.0.11; Microsoft Windows 10.0.22621)",
        "x-ms-client-request-id": "16e46e99c50fa95cee5ae5432c9fb4cc",
        "x-ms-content-sha256": "Sanitized",
        "x-ms-date": "Tue, 13 Dec 2022 01:18:34 GMT",
        "x-ms-return-client-request-id": "true"
      },
      "RequestBody": null,
      "StatusCode": 200,
      "ResponseHeaders": {
        "api-supported-versions": "2021-05-01-preview, 2022-09-01-preview",
        "Content-Type": "application/json; charset=utf-8",
        "Date": "Tue, 13 Dec 2022 01:18:34 GMT",
        "MS-CV": "AYw9gawYF0Ol0wYhuJpalA.0",
        "Strict-Transport-Security": "max-age=2592000",
        "Transfer-Encoding": "chunked",
        "X-Azure-Ref": "06tKXYwAAAADmxS7TQjelSbycRXXXtuOrUFJHMDFFREdFMDkyMQA5ZmM3YjUxOS1hOGNjLTRmODktOTM1ZS1jOTE0OGFlMDllODE=",
        "X-Cache": "CONFIG_NOCACHE",
        "X-Processing-Time": "95ms"
      },
      "ResponseBody": {
        "trunks": {},
        "routes": []
      }
    },
    {
      "RequestUri": "https://jb-sdk-e2e-test.communication.azure.com/sip?api-version=2021-05-01-preview",
      "RequestMethod": "PATCH",
      "RequestHeaders": {
        "Accept": "application/json",
        "Authorization": "Sanitized",
        "Content-Length": "236",
        "Content-Type": "application/merge-patch\u002Bjson",
        "traceparent": "00-d555294ca7f2ab264db4bec7671febf1-91d1f6b618422b1b-00",
        "User-Agent": "azsdk-net-Communication.PhoneNumbers/1.1.0-alpha.20221213.1 (.NET 6.0.11; Microsoft Windows 10.0.22621)",
        "x-ms-client-request-id": "b42aa392585da433ad82b186a981f1d7",
        "x-ms-content-sha256": "Sanitized",
        "x-ms-date": "Tue, 13 Dec 2022 01:18:34 GMT",
        "x-ms-return-client-request-id": "true"
      },
      "RequestBody": {
        "trunks": {
          "sbs1.730211eb-445a-8961-3a37-94bb9c966031.com": {
            "sipSignalingPort": 1122
          },
          "sbs2.730211eb-445a-8961-3a37-94bb9c966031.com": {
            "sipSignalingPort": 1123
          }
        }
      },
      "StatusCode": 200,
      "ResponseHeaders": {
        "api-supported-versions": "2021-05-01-preview, 2022-09-01-preview",
        "Content-Type": "application/json; charset=utf-8",
        "Date": "Tue, 13 Dec 2022 01:18:35 GMT",
        "MS-CV": "4GdIYk63J0qjyrWrosfzpQ.0",
        "Strict-Transport-Security": "max-age=2592000",
        "Transfer-Encoding": "chunked",
        "X-Azure-Ref": "069KXYwAAAADou8I6Y9o3Qp6x6HDg1JawUFJHMDFFREdFMDkyMQA5ZmM3YjUxOS1hOGNjLTRmODktOTM1ZS1jOTE0OGFlMDllODE=",
        "X-Cache": "CONFIG_NOCACHE",
        "X-Processing-Time": "849ms"
      },
      "ResponseBody": {
        "trunks": {
          "sbs1.730211eb-445a-8961-3a37-94bb9c966031.com": {
            "sipSignalingPort": 1122
          },
          "sbs2.730211eb-445a-8961-3a37-94bb9c966031.com": {
            "sipSignalingPort": 1123
          }
        },
        "routes": []
      }
    },
    {
      "RequestUri": "https://jb-sdk-e2e-test.communication.azure.com/sip?api-version=2021-05-01-preview",
      "RequestMethod": "PATCH",
      "RequestHeaders": {
        "Accept": "application/json",
        "Authorization": "Sanitized",
        "Content-Length": "201",
        "Content-Type": "application/merge-patch\u002Bjson",
        "traceparent": "00-05236ba15a799582b1aeb3b9ccd6743e-499000795e13679b-00",
        "User-Agent": "azsdk-net-Communication.PhoneNumbers/1.1.0-alpha.20221213.1 (.NET 6.0.11; Microsoft Windows 10.0.22621)",
        "x-ms-client-request-id": "2d2167d94ab1fa22692ef5c061205321",
        "x-ms-content-sha256": "Sanitized",
        "x-ms-date": "Tue, 13 Dec 2022 01:18:35 GMT",
        "x-ms-return-client-request-id": "true"
      },
      "RequestBody": {
        "routes": [
          {
            "description": "Handle numbers starting with \u0027\u002B123\u0027",
            "name": "First rule",
            "numberPattern": "\\\u002B123[0-9]\u002B",
            "trunks": [
              "sbs1.730211eb-445a-8961-3a37-94bb9c966031.com"
            ]
          }
        ]
      },
      "StatusCode": 200,
      "ResponseHeaders": {
        "api-supported-versions": "2021-05-01-preview, 2022-09-01-preview",
        "Content-Type": "application/json; charset=utf-8",
        "Date": "Tue, 13 Dec 2022 01:18:36 GMT",
        "MS-CV": "dIJXEibgsUqkiIJurf5yeg.0",
        "Strict-Transport-Security": "max-age=2592000",
        "Transfer-Encoding": "chunked",
        "X-Azure-Ref": "069KXYwAAAAAcKcSIaK0wTLUXhaSYZ4rVUFJHMDFFREdFMDkyMQA5ZmM3YjUxOS1hOGNjLTRmODktOTM1ZS1jOTE0OGFlMDllODE=",
        "X-Cache": "CONFIG_NOCACHE",
        "X-Processing-Time": "177ms"
      },
      "ResponseBody": {
        "trunks": {
          "sbs1.730211eb-445a-8961-3a37-94bb9c966031.com": {
            "sipSignalingPort": 1122
          },
          "sbs2.730211eb-445a-8961-3a37-94bb9c966031.com": {
            "sipSignalingPort": 1123
          }
        },
        "routes": [
          {
            "description": "Handle numbers starting with \u0027\u002B123\u0027",
            "name": "First rule",
            "numberPattern": "\\\u002B123[0-9]\u002B",
            "trunks": [
              "sbs1.730211eb-445a-8961-3a37-94bb9c966031.com"
            ]
          }
        ]
      }
    },
    {
      "RequestUri": "https://jb-sdk-e2e-test.communication.azure.com/sip?api-version=2021-05-01-preview",
      "RequestMethod": "PATCH",
      "RequestHeaders": {
        "Accept": "application/json",
        "Authorization": "Sanitized",
        "Content-Length": "88",
        "Content-Type": "application/merge-patch\u002Bjson",
        "traceparent": "00-2bb2bde858ae5f37b6bf0e8d4e824535-310ba27b09cb66d1-00",
        "User-Agent": "azsdk-net-Communication.PhoneNumbers/1.1.0-alpha.20221213.1 (.NET 6.0.11; Microsoft Windows 10.0.22621)",
        "x-ms-client-request-id": "f54dcd1faa3841cf3b40688c13d5ff6d",
        "x-ms-content-sha256": "Sanitized",
        "x-ms-date": "Tue, 13 Dec 2022 01:18:35 GMT",
        "x-ms-return-client-request-id": "true"
      },
      "RequestBody": {
        "trunks": {
          "newsbs.730211eb-445a-8961-3a37-94bb9c966031.com": {
            "sipSignalingPort": 3333
          }
        }
      },
      "StatusCode": 200,
      "ResponseHeaders": {
        "api-supported-versions": "2021-05-01-preview, 2022-09-01-preview",
        "Content-Type": "application/json; charset=utf-8",
        "Date": "Tue, 13 Dec 2022 01:18:36 GMT",
        "MS-CV": "g176PgZzvEKmsf3dcWSovQ.0",
        "Strict-Transport-Security": "max-age=2592000",
        "Transfer-Encoding": "chunked",
        "X-Azure-Ref": "07NKXYwAAAADaU4f87Gg2TJGO/UeAv1yUUFJHMDFFREdFMDkyMQA5ZmM3YjUxOS1hOGNjLTRmODktOTM1ZS1jOTE0OGFlMDllODE=",
        "X-Cache": "CONFIG_NOCACHE",
        "X-Processing-Time": "492ms"
      },
      "ResponseBody": {
        "trunks": {
          "sbs1.730211eb-445a-8961-3a37-94bb9c966031.com": {
            "sipSignalingPort": 1122
          },
          "sbs2.730211eb-445a-8961-3a37-94bb9c966031.com": {
            "sipSignalingPort": 1123
          },
          "newsbs.730211eb-445a-8961-3a37-94bb9c966031.com": {
            "sipSignalingPort": 3333
          }
        },
        "routes": [
          {
            "description": "Handle numbers starting with \u0027\u002B123\u0027",
            "name": "First rule",
            "numberPattern": "\\\u002B123[0-9]\u002B",
            "trunks": [
              "sbs1.730211eb-445a-8961-3a37-94bb9c966031.com"
            ]
          }
        ]
      }
    },
    {
      "RequestUri": "https://jb-sdk-e2e-test.communication.azure.com/sip?api-version=2021-05-01-preview",
      "RequestMethod": "GET",
      "RequestHeaders": {
        "Accept": "application/json",
        "Authorization": "Sanitized",
        "traceparent": "00-35eeabbe2831d8a804c9419703e369a4-91751a118013dad0-00",
        "User-Agent": "azsdk-net-Communication.PhoneNumbers/1.1.0-alpha.20221213.1 (.NET 6.0.11; Microsoft Windows 10.0.22621)",
        "x-ms-client-request-id": "c56a0d69867e481b812f4a2e6272438d",
        "x-ms-content-sha256": "Sanitized",
        "x-ms-date": "Tue, 13 Dec 2022 01:18:36 GMT",
        "x-ms-return-client-request-id": "true"
      },
      "RequestBody": null,
      "StatusCode": 200,
      "ResponseHeaders": {
        "api-supported-versions": "2021-05-01-preview, 2022-09-01-preview",
        "Content-Type": "application/json; charset=utf-8",
        "Date": "Tue, 13 Dec 2022 01:18:36 GMT",
        "MS-CV": "Abnb5oSGdEmAxLU\u002B4z6/ow.0",
        "Strict-Transport-Security": "max-age=2592000",
        "Transfer-Encoding": "chunked",
        "X-Azure-Ref": "07NKXYwAAAADMv\u002BWJrGBjRZEvbkwwZz\u002BqUFJHMDFFREdFMDkyMQA5ZmM3YjUxOS1hOGNjLTRmODktOTM1ZS1jOTE0OGFlMDllODE=",
        "X-Cache": "CONFIG_NOCACHE",
        "X-Processing-Time": "95ms"
      },
      "ResponseBody": {
        "trunks": {
          "sbs1.730211eb-445a-8961-3a37-94bb9c966031.com": {
            "sipSignalingPort": 1122
          },
          "sbs2.730211eb-445a-8961-3a37-94bb9c966031.com": {
            "sipSignalingPort": 1123
          },
          "newsbs.730211eb-445a-8961-3a37-94bb9c966031.com": {
            "sipSignalingPort": 3333
          }
        },
        "routes": [
          {
            "description": "Handle numbers starting with \u0027\u002B123\u0027",
            "name": "First rule",
            "numberPattern": "\\\u002B123[0-9]\u002B",
            "trunks": [
              "sbs1.730211eb-445a-8961-3a37-94bb9c966031.com"
            ]
          }
        ]
      }
    },
    {
      "RequestUri": "https://jb-sdk-e2e-test.communication.azure.com/sip?api-version=2021-05-01-preview",
      "RequestMethod": "GET",
      "RequestHeaders": {
        "Accept": "application/json",
        "Authorization": "Sanitized",
        "traceparent": "00-e0e57835f905d9be87725da4075b6a05-fedea2d4cab89ac1-00",
        "User-Agent": "azsdk-net-Communication.PhoneNumbers/1.1.0-alpha.20221213.1 (.NET 6.0.11; Microsoft Windows 10.0.22621)",
        "x-ms-client-request-id": "db668f2ffb332f9f98dff271e195e794",
        "x-ms-content-sha256": "Sanitized",
        "x-ms-date": "Tue, 13 Dec 2022 01:18:36 GMT",
        "x-ms-return-client-request-id": "true"
      },
      "RequestBody": null,
      "StatusCode": 200,
      "ResponseHeaders": {
        "api-supported-versions": "2021-05-01-preview, 2022-09-01-preview",
        "Content-Type": "application/json; charset=utf-8",
        "Date": "Tue, 13 Dec 2022 01:18:37 GMT",
        "MS-CV": "DhnIN2V000u0j6GQfqftKg.0",
        "Strict-Transport-Security": "max-age=2592000",
        "Transfer-Encoding": "chunked",
        "X-Azure-Ref": "07dKXYwAAAACLzsuwdmIqS79hah\u002BCorFZUFJHMDFFREdFMDkyMQA5ZmM3YjUxOS1hOGNjLTRmODktOTM1ZS1jOTE0OGFlMDllODE=",
        "X-Cache": "CONFIG_NOCACHE",
        "X-Processing-Time": "97ms"
      },
      "ResponseBody": {
        "trunks": {
          "sbs1.730211eb-445a-8961-3a37-94bb9c966031.com": {
            "sipSignalingPort": 1122
          },
          "sbs2.730211eb-445a-8961-3a37-94bb9c966031.com": {
            "sipSignalingPort": 1123
          },
          "newsbs.730211eb-445a-8961-3a37-94bb9c966031.com": {
            "sipSignalingPort": 3333
          }
        },
        "routes": [
          {
            "description": "Handle numbers starting with \u0027\u002B123\u0027",
            "name": "First rule",
            "numberPattern": "\\\u002B123[0-9]\u002B",
            "trunks": [
              "sbs1.730211eb-445a-8961-3a37-94bb9c966031.com"
            ]
          }
        ]
      }
    },
    {
      "RequestUri": "https://jb-sdk-e2e-test.communication.azure.com/sip?api-version=2021-05-01-preview",
      "RequestMethod": "PATCH",
      "RequestHeaders": {
        "Accept": "application/json",
        "Authorization": "Sanitized",
        "Content-Length": "13",
        "Content-Type": "application/merge-patch\u002Bjson",
        "traceparent": "00-33eba4060deecb2751e29df7fa09a8a6-301804a0a1d839c1-00",
        "User-Agent": "azsdk-net-Communication.PhoneNumbers/1.1.0-alpha.20221213.1 (.NET 6.0.11; Microsoft Windows 10.0.22621)",
        "x-ms-client-request-id": "5357882f8eb599a3b20474095fa0dec9",
        "x-ms-content-sha256": "Sanitized",
        "x-ms-date": "Tue, 13 Dec 2022 01:18:36 GMT",
        "x-ms-return-client-request-id": "true"
      },
      "RequestBody": {
        "routes": []
      },
      "StatusCode": 200,
      "ResponseHeaders": {
        "api-supported-versions": "2021-05-01-preview, 2022-09-01-preview",
        "Content-Type": "application/json; charset=utf-8",
        "Date": "Tue, 13 Dec 2022 01:18:37 GMT",
        "MS-CV": "UohZb5EG7EGgI/jdbxraXw.0",
        "Strict-Transport-Security": "max-age=2592000",
        "Transfer-Encoding": "chunked",
        "X-Azure-Ref": "07dKXYwAAAAAjYH053Mi4TbMlejMwDVVHUFJHMDFFREdFMDkyMQA5ZmM3YjUxOS1hOGNjLTRmODktOTM1ZS1jOTE0OGFlMDllODE=",
        "X-Cache": "CONFIG_NOCACHE",
        "X-Processing-Time": "175ms"
      },
      "ResponseBody": {
        "trunks": {
          "sbs1.730211eb-445a-8961-3a37-94bb9c966031.com": {
            "sipSignalingPort": 1122
          },
          "sbs2.730211eb-445a-8961-3a37-94bb9c966031.com": {
            "sipSignalingPort": 1123
          },
          "newsbs.730211eb-445a-8961-3a37-94bb9c966031.com": {
            "sipSignalingPort": 3333
          }
        },
        "routes": []
      }
    },
    {
      "RequestUri": "https://jb-sdk-e2e-test.communication.azure.com/sip?api-version=2021-05-01-preview",
      "RequestMethod": "GET",
      "RequestHeaders": {
        "Accept": "application/json",
        "Authorization": "Sanitized",
        "traceparent": "00-bec3369a56c3929b921502ee2224ba22-f41c679061b6806e-00",
        "User-Agent": "azsdk-net-Communication.PhoneNumbers/1.1.0-alpha.20221213.1 (.NET 6.0.11; Microsoft Windows 10.0.22621)",
        "x-ms-client-request-id": "835ddbfc236e6d396e3a2c9e94aa67eb",
        "x-ms-content-sha256": "Sanitized",
        "x-ms-date": "Tue, 13 Dec 2022 01:18:37 GMT",
        "x-ms-return-client-request-id": "true"
      },
      "RequestBody": null,
      "StatusCode": 200,
      "ResponseHeaders": {
        "api-supported-versions": "2021-05-01-preview, 2022-09-01-preview",
        "Content-Type": "application/json; charset=utf-8",
        "Date": "Tue, 13 Dec 2022 01:18:37 GMT",
        "MS-CV": "7MOMYkLZiUCJeNmNn2OaAA.0",
        "Strict-Transport-Security": "max-age=2592000",
        "Transfer-Encoding": "chunked",
        "X-Azure-Ref": "07dKXYwAAAAAyjg1xakJ8Qb3fnl5j4bdgUFJHMDFFREdFMDkyMQA5ZmM3YjUxOS1hOGNjLTRmODktOTM1ZS1jOTE0OGFlMDllODE=",
        "X-Cache": "CONFIG_NOCACHE",
        "X-Processing-Time": "91ms"
      },
      "ResponseBody": {
        "trunks": {
          "sbs1.730211eb-445a-8961-3a37-94bb9c966031.com": {
            "sipSignalingPort": 1122
          },
          "sbs2.730211eb-445a-8961-3a37-94bb9c966031.com": {
            "sipSignalingPort": 1123
          },
          "newsbs.730211eb-445a-8961-3a37-94bb9c966031.com": {
            "sipSignalingPort": 3333
          }
        },
        "routes": []
      }
    },
    {
      "RequestUri": "https://jb-sdk-e2e-test.communication.azure.com/sip?api-version=2021-05-01-preview",
      "RequestMethod": "GET",
      "RequestHeaders": {
        "Accept": "application/json",
        "Authorization": "Sanitized",
        "traceparent": "00-0ea7d71332aa9b2e41bee93fefd3a458-ba53be8ef6b4ead1-00",
        "User-Agent": "azsdk-net-Communication.PhoneNumbers/1.1.0-alpha.20221213.1 (.NET 6.0.11; Microsoft Windows 10.0.22621)",
        "x-ms-client-request-id": "daffb647f01ba1d7ebcd282e8795cff7",
        "x-ms-content-sha256": "Sanitized",
        "x-ms-date": "Tue, 13 Dec 2022 01:18:37 GMT",
        "x-ms-return-client-request-id": "true"
      },
      "RequestBody": null,
      "StatusCode": 200,
      "ResponseHeaders": {
        "api-supported-versions": "2021-05-01-preview, 2022-09-01-preview",
        "Content-Type": "application/json; charset=utf-8",
        "Date": "Tue, 13 Dec 2022 01:18:37 GMT",
        "MS-CV": "\u002BJDXIF6WFEWUWvI98DRcZw.0",
        "Strict-Transport-Security": "max-age=2592000",
        "Transfer-Encoding": "chunked",
        "X-Azure-Ref": "07dKXYwAAAAD1IsKu0dQfTIIrz/zZqlrRUFJHMDFFREdFMDkyMQA5ZmM3YjUxOS1hOGNjLTRmODktOTM1ZS1jOTE0OGFlMDllODE=",
        "X-Cache": "CONFIG_NOCACHE",
        "X-Processing-Time": "84ms"
      },
      "ResponseBody": {
        "trunks": {
          "sbs1.730211eb-445a-8961-3a37-94bb9c966031.com": {
            "sipSignalingPort": 1122
          },
          "sbs2.730211eb-445a-8961-3a37-94bb9c966031.com": {
            "sipSignalingPort": 1123
          },
          "newsbs.730211eb-445a-8961-3a37-94bb9c966031.com": {
            "sipSignalingPort": 3333
          }
        },
        "routes": []
      }
    },
    {
      "RequestUri": "https://jb-sdk-e2e-test.communication.azure.com/sip?api-version=2021-05-01-preview",
      "RequestMethod": "PATCH",
      "RequestHeaders": {
        "Accept": "application/json",
        "Authorization": "Sanitized",
        "Content-Length": "173",
        "Content-Type": "application/merge-patch\u002Bjson",
        "traceparent": "00-0ea7d71332aa9b2e41bee93fefd3a458-49151dbfdd4e75b0-00",
        "User-Agent": "azsdk-net-Communication.PhoneNumbers/1.1.0-alpha.20221213.1 (.NET 6.0.11; Microsoft Windows 10.0.22621)",
        "x-ms-client-request-id": "0574280064370b254ee9e47a61050408",
        "x-ms-content-sha256": "Sanitized",
        "x-ms-date": "Tue, 13 Dec 2022 01:18:37 GMT",
        "x-ms-return-client-request-id": "true"
      },
      "RequestBody": {
        "trunks": {
          "sbs1.730211eb-445a-8961-3a37-94bb9c966031.com": null,
          "sbs2.730211eb-445a-8961-3a37-94bb9c966031.com": null,
          "newsbs.730211eb-445a-8961-3a37-94bb9c966031.com": null
        }
      },
      "StatusCode": 200,
      "ResponseHeaders": {
        "api-supported-versions": "2021-05-01-preview, 2022-09-01-preview",
        "Content-Type": "application/json; charset=utf-8",
        "Date": "Tue, 13 Dec 2022 01:18:38 GMT",
        "MS-CV": "NcjgV4hRZ0eRle/dg2Mnug.0",
        "Strict-Transport-Security": "max-age=2592000",
        "Transfer-Encoding": "chunked",
        "X-Azure-Ref": "07dKXYwAAAACMpKDjcdwtS5QzR60otebwUFJHMDFFREdFMDkyMQA5ZmM3YjUxOS1hOGNjLTRmODktOTM1ZS1jOTE0OGFlMDllODE=",
        "X-Cache": "CONFIG_NOCACHE",
        "X-Processing-Time": "352ms"
      },
      "ResponseBody": {
        "trunks": {},
        "routes": []
      }
    }
  ],
  "Variables": {
    "COMMUNICATION_LIVETEST_DYNAMIC_CONNECTION_STRING": "endpoint=https://jb-sdk-e2e-test.communication.azure.com/;accesskey=Kg==",
    "RandomSeed": "389862890"
  }
}
