{
  "Entries": [
    {
      "RequestUri": "https://jannovak-test.communication.azure.com/sip?api-version=2021-05-01-preview",
      "RequestMethod": "PATCH",
      "RequestHeaders": {
        "Accept": "application/json",
        "Authorization": "Sanitized",
        "Content-Length": "13",
        "Content-Type": "application/merge-patch\u002Bjson",
        "traceparent": "00-8a519c8f2598c84cfa7a256ea2a7f63e-b58302363abec120-00",
        "User-Agent": "azsdk-net-Communication.PhoneNumbers/1.1.0-alpha.20221205.1 (.NET 6.0.11; Microsoft Windows 10.0.22621)",
        "x-ms-client-request-id": "0bcaa6bf203c34779b0347c6da11f132",
        "x-ms-content-sha256": "Sanitized",
        "x-ms-date": "Mon, 05 Dec 2022 22:48:43 GMT",
        "x-ms-return-client-request-id": "true"
      },
      "RequestBody": {
        "routes": []
      },
      "StatusCode": 200,
      "ResponseHeaders": {
        "api-supported-versions": "2021-05-01-preview, 2022-09-01-preview",
        "Content-Type": "application/json; charset=utf-8",
        "Date": "Mon, 05 Dec 2022 22:48:43 GMT",
        "MS-CV": "4tmtH/GAZUWGBTCA9JaomQ.0",
        "Strict-Transport-Security": "max-age=2592000",
        "Transfer-Encoding": "chunked",
        "X-Azure-Ref": "0S3WOYwAAAABcxZsE\u002B9WOQLIOKBqYzWtJUFJHMDFFREdFMDkxNgA5ZmM3YjUxOS1hOGNjLTRmODktOTM1ZS1jOTE0OGFlMDllODE=",
        "X-Cache": "CONFIG_NOCACHE",
        "X-Processing-Time": "313ms"
      },
      "ResponseBody": {
        "trunks": {
          "sbs1.com": {
            "sipSignalingPort": 1122
          },
          "sbs2.com": {
            "sipSignalingPort": 1123
          },
          "newsbs.com": {
            "sipSignalingPort": 3333
          }
        },
        "routes": []
      }
    },
    {
      "RequestUri": "https://jannovak-test.communication.azure.com/sip?api-version=2021-05-01-preview",
      "RequestMethod": "GET",
      "RequestHeaders": {
        "Accept": "application/json",
        "Authorization": "Sanitized",
        "traceparent": "00-e05550911833bd905445321431885d8e-bdcedcd8f05b0eb2-00",
        "User-Agent": "azsdk-net-Communication.PhoneNumbers/1.1.0-alpha.20221205.1 (.NET 6.0.11; Microsoft Windows 10.0.22621)",
        "x-ms-client-request-id": "3ffe1db603a176c62ab83c2ebdfa093a",
        "x-ms-content-sha256": "Sanitized",
        "x-ms-date": "Mon, 05 Dec 2022 22:48:44 GMT",
        "x-ms-return-client-request-id": "true"
      },
      "RequestBody": null,
      "StatusCode": 200,
      "ResponseHeaders": {
        "api-supported-versions": "2021-05-01-preview, 2022-09-01-preview",
        "Content-Type": "application/json; charset=utf-8",
        "Date": "Mon, 05 Dec 2022 22:48:44 GMT",
        "MS-CV": "4j/\u002BKIa7VECGNIWXGLTA8A.0",
        "Strict-Transport-Security": "max-age=2592000",
        "Transfer-Encoding": "chunked",
        "X-Azure-Ref": "0THWOYwAAAADCfZUIKVkZT75CZyNlHSNHUFJHMDFFREdFMDkxNgA5ZmM3YjUxOS1hOGNjLTRmODktOTM1ZS1jOTE0OGFlMDllODE=",
        "X-Cache": "CONFIG_NOCACHE",
        "X-Processing-Time": "93ms"
      },
      "ResponseBody": {
        "trunks": {
          "sbs1.com": {
            "sipSignalingPort": 1122
          },
          "sbs2.com": {
            "sipSignalingPort": 1123
          },
          "newsbs.com": {
            "sipSignalingPort": 3333
          }
        },
        "routes": []
      }
    },
    {
      "RequestUri": "https://jannovak-test.communication.azure.com/sip?api-version=2021-05-01-preview",
      "RequestMethod": "PATCH",
      "RequestHeaders": {
        "Accept": "application/json",
        "Authorization": "Sanitized",
        "Content-Length": "136",
        "Content-Type": "application/merge-patch\u002Bjson",
        "traceparent": "00-e05550911833bd905445321431885d8e-5b137d818107d29a-00",
        "User-Agent": "azsdk-net-Communication.PhoneNumbers/1.1.0-alpha.20221205.1 (.NET 6.0.11; Microsoft Windows 10.0.22621)",
        "x-ms-client-request-id": "92c9160753ac6481be85f24fd75bbe0b",
        "x-ms-content-sha256": "Sanitized",
        "x-ms-date": "Mon, 05 Dec 2022 22:48:44 GMT",
        "x-ms-return-client-request-id": "true"
      },
      "RequestBody": {
        "trunks": {
          "sbs1.com": {
            "sipSignalingPort": 1122
          },
          "sbs2.com": {
            "sipSignalingPort": 1123
          },
          "sbs1.com": null,
          "sbs2.com": null,
          "newsbs.com": null
        }
      },
      "StatusCode": 200,
      "ResponseHeaders": {
        "api-supported-versions": "2021-05-01-preview, 2022-09-01-preview",
        "Content-Type": "application/json; charset=utf-8",
        "Date": "Mon, 05 Dec 2022 22:48:44 GMT",
        "MS-CV": "reC8QMV9\u002B0CFkDcfEHX1yw.0",
        "Strict-Transport-Security": "max-age=2592000",
        "Transfer-Encoding": "chunked",
        "X-Azure-Ref": "0THWOYwAAAAAqulIAiLatSo8c1jUAyhPWUFJHMDFFREdFMDkxNgA5ZmM3YjUxOS1hOGNjLTRmODktOTM1ZS1jOTE0OGFlMDllODE=",
        "X-Cache": "CONFIG_NOCACHE",
        "X-Processing-Time": "363ms"
      },
      "ResponseBody": {
        "trunks": {
          "sbs1.com": {
            "sipSignalingPort": 1122
          },
          "sbs2.com": {
            "sipSignalingPort": 1123
          }
        },
        "routes": []
      }
    },
    {
      "RequestUri": "https://jannovak-test.communication.azure.com/sip?api-version=2021-05-01-preview",
      "RequestMethod": "PATCH",
      "RequestHeaders": {
        "Accept": "application/json",
        "Authorization": "Sanitized",
        "Content-Length": "164",
        "Content-Type": "application/merge-patch\u002Bjson",
        "traceparent": "00-28c46a687ef265e314d87ff5727f373a-17b6fdc5089c251c-00",
        "User-Agent": "azsdk-net-Communication.PhoneNumbers/1.1.0-alpha.20221205.1 (.NET 6.0.11; Microsoft Windows 10.0.22621)",
        "x-ms-client-request-id": "75a2e78bfd28bb39e054e184e44976a1",
        "x-ms-content-sha256": "Sanitized",
        "x-ms-date": "Mon, 05 Dec 2022 22:48:45 GMT",
        "x-ms-return-client-request-id": "true"
      },
      "RequestBody": {
        "routes": [
          {
            "description": "Handle numbers starting with \u0027\u002B123\u0027",
            "name": "First rule",
            "numberPattern": "\\\u002B123[0-9]\u002B",
            "trunks": [
              "sbs1.com"
            ]
          }
        ]
      },
      "StatusCode": 200,
      "ResponseHeaders": {
        "api-supported-versions": "2021-05-01-preview, 2022-09-01-preview",
        "Content-Type": "application/json; charset=utf-8",
        "Date": "Mon, 05 Dec 2022 22:48:44 GMT",
        "MS-CV": "bTlmwKW0Ykymh5wuK23juQ.0",
        "Strict-Transport-Security": "max-age=2592000",
        "Transfer-Encoding": "chunked",
        "X-Azure-Ref": "0TXWOYwAAAAAJsExf0HjxTYu5Cv3zhy2FUFJHMDFFREdFMDkxNgA5ZmM3YjUxOS1hOGNjLTRmODktOTM1ZS1jOTE0OGFlMDllODE=",
        "X-Cache": "CONFIG_NOCACHE",
        "X-Processing-Time": "95ms"
      },
      "ResponseBody": {
        "trunks": {
          "sbs1.com": {
            "sipSignalingPort": 1122
          },
          "sbs2.com": {
            "sipSignalingPort": 1123
          }
        },
        "routes": [
          {
            "description": "Handle numbers starting with \u0027\u002B123\u0027",
            "name": "First rule",
            "numberPattern": "\\\u002B123[0-9]\u002B",
            "trunks": [
              "sbs1.com"
            ]
          }
        ]
      }
    },
    {
      "RequestUri": "https://jannovak-test.communication.azure.com/sip?api-version=2021-05-01-preview",
      "RequestMethod": "PATCH",
      "RequestHeaders": {
        "Accept": "application/json",
        "Authorization": "Sanitized",
        "Content-Length": "51",
        "Content-Type": "application/merge-patch\u002Bjson",
        "traceparent": "00-cebd1746789ef9a1f6c8dcc8747609cf-1de6ae108918a87f-00",
        "User-Agent": "azsdk-net-Communication.PhoneNumbers/1.1.0-alpha.20221205.1 (.NET 6.0.11; Microsoft Windows 10.0.22621)",
        "x-ms-client-request-id": "c4bf0dfa5e4862859b9a811c10769ece",
        "x-ms-content-sha256": "Sanitized",
        "x-ms-date": "Mon, 05 Dec 2022 22:48:45 GMT",
        "x-ms-return-client-request-id": "true"
      },
      "RequestBody": {
        "trunks": {
          "newsbs.com": {
            "sipSignalingPort": 3333
          }
        }
      },
      "StatusCode": 200,
      "ResponseHeaders": {
        "api-supported-versions": "2021-05-01-preview, 2022-09-01-preview",
        "Content-Type": "application/json; charset=utf-8",
        "Date": "Mon, 05 Dec 2022 22:48:45 GMT",
        "MS-CV": "7AOdr5Lg1k2q\u002B/D8KQcijA.0",
        "Strict-Transport-Security": "max-age=2592000",
        "Transfer-Encoding": "chunked",
        "X-Azure-Ref": "0TXWOYwAAAACzrot9BYT3RbN4v06o5FgxUFJHMDFFREdFMDkxNgA5ZmM3YjUxOS1hOGNjLTRmODktOTM1ZS1jOTE0OGFlMDllODE=",
        "X-Cache": "CONFIG_NOCACHE",
        "X-Processing-Time": "240ms"
      },
      "ResponseBody": {
        "trunks": {
          "sbs1.com": {
            "sipSignalingPort": 1122
          },
          "sbs2.com": {
            "sipSignalingPort": 1123
          },
          "newsbs.com": {
            "sipSignalingPort": 3333
          }
        },
        "routes": [
          {
            "description": "Handle numbers starting with \u0027\u002B123\u0027",
            "name": "First rule",
            "numberPattern": "\\\u002B123[0-9]\u002B",
            "trunks": [
              "sbs1.com"
            ]
          }
        ]
      }
    },
    {
      "RequestUri": "https://jannovak-test.communication.azure.com/sip?api-version=2021-05-01-preview",
      "RequestMethod": "GET",
      "RequestHeaders": {
        "Accept": "application/json",
        "Authorization": "Sanitized",
        "traceparent": "00-8e91a3f85468b17aa1587e687c9617dd-31427c7ea743a512-00",
        "User-Agent": "azsdk-net-Communication.PhoneNumbers/1.1.0-alpha.20221205.1 (.NET 6.0.11; Microsoft Windows 10.0.22621)",
        "x-ms-client-request-id": "d6a231f993570a11dc0db25872fc8075",
        "x-ms-content-sha256": "Sanitized",
        "x-ms-date": "Mon, 05 Dec 2022 22:48:45 GMT",
        "x-ms-return-client-request-id": "true"
      },
      "RequestBody": null,
      "StatusCode": 200,
      "ResponseHeaders": {
        "api-supported-versions": "2021-05-01-preview, 2022-09-01-preview",
        "Content-Type": "application/json; charset=utf-8",
        "Date": "Mon, 05 Dec 2022 22:48:45 GMT",
        "MS-CV": "sZvrY4tkJU6Sksvc5WD1Ag.0",
        "Strict-Transport-Security": "max-age=2592000",
        "Transfer-Encoding": "chunked",
        "X-Azure-Ref": "0TXWOYwAAAADvix19PjchSLTCKJhVcvogUFJHMDFFREdFMDkxNgA5ZmM3YjUxOS1hOGNjLTRmODktOTM1ZS1jOTE0OGFlMDllODE=",
        "X-Cache": "CONFIG_NOCACHE",
        "X-Processing-Time": "75ms"
      },
      "ResponseBody": {
        "trunks": {
          "sbs1.com": {
            "sipSignalingPort": 1122
          },
          "sbs2.com": {
            "sipSignalingPort": 1123
          },
          "newsbs.com": {
            "sipSignalingPort": 3333
          }
        },
        "routes": [
          {
            "description": "Handle numbers starting with \u0027\u002B123\u0027",
            "name": "First rule",
            "numberPattern": "\\\u002B123[0-9]\u002B",
            "trunks": [
              "sbs1.com"
            ]
          }
        ]
      }
    }
  ],
  "Variables": {
    "COMMUNICATION_LIVETEST_DYNAMIC_CONNECTION_STRING": "endpoint=https://jannovak-test.communication.azure.com/;accesskey=Kg==",
    "RandomSeed": "15279217"
  }
}
