{
  "Entries": [
    {
      "RequestUri": "https://jb-sdk-e2e-test.communication.azure.com/sip?api-version=2021-05-01-preview",
      "RequestMethod": "GET",
      "RequestHeaders": {
        "Accept": "application/json",
        "Authorization": "Sanitized",
        "traceparent": "00-6e294a10ab2e31200426c003fd4ee806-5b2486979a1b9e6a-00",
        "User-Agent": "azsdk-net-Communication.PhoneNumbers/1.1.0-alpha.20221213.1 (.NET 6.0.11; Microsoft Windows 10.0.22621)",
        "x-ms-client-request-id": "dbd749fb7c07c78ebe6a27a0d36cbc60",
        "x-ms-return-client-request-id": "true"
      },
      "RequestBody": null,
      "StatusCode": 200,
      "ResponseHeaders": {
        "api-supported-versions": "2021-05-01-preview, 2022-09-01-preview",
        "Content-Type": "application/json; charset=utf-8",
        "Date": "Tue, 13 Dec 2022 20:16:56 GMT",
        "MS-CV": "EWXvTtbjdUan2He0MLKIGw.0",
        "Strict-Transport-Security": "max-age=2592000",
        "Transfer-Encoding": "chunked",
        "X-Azure-Ref": "0uN2YYwAAAAAleNMYAzc7QLTndTcZKiaiUFJHMDFFREdFMDkxOAA5ZmM3YjUxOS1hOGNjLTRmODktOTM1ZS1jOTE0OGFlMDllODE=",
        "X-Cache": "CONFIG_NOCACHE",
        "X-Processing-Time": "126ms"
      },
      "ResponseBody": {
        "trunks": {},
        "routes": []
      }
    },
    {
      "RequestUri": "https://jb-sdk-e2e-test.communication.azure.com/sip?api-version=2021-05-01-preview",
      "RequestMethod": "GET",
      "RequestHeaders": {
        "Accept": "application/json",
        "Authorization": "Sanitized",
        "traceparent": "00-718a0e5198122621a9d5bc9d27b81e86-4cf64108460ead17-00",
        "User-Agent": "azsdk-net-Communication.PhoneNumbers/1.1.0-alpha.20221213.1 (.NET 6.0.11; Microsoft Windows 10.0.22621)",
        "x-ms-client-request-id": "7d9e8ebbcd4309dde0c759d97a2ecaa4",
        "x-ms-content-sha256": "Sanitized",
        "x-ms-date": "Tue, 13 Dec 2022 20:16:55 GMT",
        "x-ms-return-client-request-id": "true"
      },
      "RequestBody": null,
      "StatusCode": 200,
      "ResponseHeaders": {
        "api-supported-versions": "2021-05-01-preview, 2022-09-01-preview",
        "Content-Type": "application/json; charset=utf-8",
        "Date": "Tue, 13 Dec 2022 20:16:56 GMT",
        "MS-CV": "ycCHUdio50aJvsNEtDhkPw.0",
        "Strict-Transport-Security": "max-age=2592000",
        "Transfer-Encoding": "chunked",
        "X-Azure-Ref": "0uN2YYwAAAAD5yPzM7WfdRp\u002BAIMMXGfDKUFJHMDFFREdFMDkxOAA5ZmM3YjUxOS1hOGNjLTRmODktOTM1ZS1jOTE0OGFlMDllODE=",
        "X-Cache": "CONFIG_NOCACHE",
        "X-Processing-Time": "84ms"
      },
      "ResponseBody": {
        "trunks": {},
        "routes": []
      }
    },
    {
      "RequestUri": "https://jb-sdk-e2e-test.communication.azure.com/sip?api-version=2021-05-01-preview",
      "RequestMethod": "GET",
      "RequestHeaders": {
        "Accept": "application/json",
        "Authorization": "Sanitized",
        "traceparent": "00-5ad605e629a69c2d0fdf25594c9b5c3f-fd8e8924b25577a3-00",
        "User-Agent": "azsdk-net-Communication.PhoneNumbers/1.1.0-alpha.20221213.1 (.NET 6.0.11; Microsoft Windows 10.0.22621)",
        "x-ms-client-request-id": "0564900ace94af8dad4e1904f224d931",
        "x-ms-content-sha256": "Sanitized",
        "x-ms-date": "Tue, 13 Dec 2022 20:16:55 GMT",
        "x-ms-return-client-request-id": "true"
      },
      "RequestBody": null,
      "StatusCode": 200,
      "ResponseHeaders": {
        "api-supported-versions": "2021-05-01-preview, 2022-09-01-preview",
        "Content-Type": "application/json; charset=utf-8",
        "Date": "Tue, 13 Dec 2022 20:16:56 GMT",
        "MS-CV": "lN/Kxuw0ZUaxavJwtf0dlA.0",
        "Strict-Transport-Security": "max-age=2592000",
        "Transfer-Encoding": "chunked",
        "X-Azure-Ref": "0uN2YYwAAAAD07PrFiHOVRb35fJPV2fGCUFJHMDFFREdFMDkxOAA5ZmM3YjUxOS1hOGNjLTRmODktOTM1ZS1jOTE0OGFlMDllODE=",
        "X-Cache": "CONFIG_NOCACHE",
        "X-Processing-Time": "81ms"
      },
      "ResponseBody": {
        "trunks": {},
        "routes": []
      }
    }
  ],
  "Variables": {
    "COMMUNICATION_LIVETEST_DYNAMIC_CONNECTION_STRING": "endpoint=https://jb-sdk-e2e-test.communication.azure.com/;accesskey=Kg==",
    "RandomSeed": "375446389"
  }
}
