{
  "Entries": [
    {
      "RequestUri": "https://sanitized.communication.azure.com/sip?api-version=2021-05-01-preview1",
      "RequestMethod": "PATCH",
      "RequestHeaders": {
        "Accept": "application/json",
        "Authorization": "Sanitized",
        "Content-Length": "74",
        "Content-Type": "application/merge-patch\u002Bjson",
        "Date": "Wed, 26 Jan 2022 18:04:46 GMT",
        "traceparent": "00-56d3f69c487dea488ed3625e054b1847-ce46a219cad0b34b-00",
        "User-Agent": [
          "azsdk-net-Communication.PhoneNumbers/1.1.0-alpha.20220126.1",
          "(.NET 5.0.13; Microsoft Windows 10.0.22000)"
        ],
        "x-ms-client-request-id": "97077fbd5c5f8ca696e2f2564adeecf9",
        "x-ms-content-sha256": "Sanitized",
        "x-ms-return-client-request-id": "true"
      },
      "RequestBody": {
        "trunks": {
          "sbs1.contoso1.com": null,
          "sbs2.contoso1.com": null
        },
        "routes": []
      },
      "StatusCode": 200,
      "ResponseHeaders": {
        "Content-Type": "application/json; charset=utf-8",
        "Date": "Wed, 26 Jan 2022 18:04:46 GMT",
        "MS-CV": "qn7PRk2cwk\u002BhySkOISgWKw.0",
        "Request-Context": "appId=",
        "Transfer-Encoding": "chunked",
        "X-Azure-Ref": "0Po3xYQAAAADsbOToIzkcTpzx3MPoVnLFUFJHMDFFREdFMDYxMgA5ZmM3YjUxOS1hOGNjLTRmODktOTM1ZS1jOTE0OGFlMDllODE=",
        "X-Cache": "CONFIG_NOCACHE",
        "X-Processing-Time": "200ms"
      },
      "ResponseBody": {
        "trunks": {
          "sbs1.sipconfigtest.com": {
            "sipSignalingPort": 1122
          },
          "sbs2.sipconfigtest.com": {
            "sipSignalingPort": 1122
          }
        },
        "routes": []
      }
    },
    {
      "RequestUri": "https://sanitized.communication.azure.com/sip?api-version=2021-05-01-preview1",
      "RequestMethod": "PATCH",
      "RequestHeaders": {
        "Accept": "application/json",
        "Authorization": "Sanitized",
        "Content-Length": "291",
        "Content-Type": "application/merge-patch\u002Bjson",
        "Date": "Wed, 26 Jan 2022 18:04:47 GMT",
        "traceparent": "00-75f3d2afbd3640408fb91bcc3b6ec683-2a818136f8ed2044-00",
        "User-Agent": [
          "azsdk-net-Communication.PhoneNumbers/1.1.0-alpha.20220126.1",
          "(.NET 5.0.13; Microsoft Windows 10.0.22000)"
        ],
        "x-ms-client-request-id": "54aa9ab10b4d71245939665a00156d5b",
        "x-ms-content-sha256": "Sanitized",
        "x-ms-return-client-request-id": "true"
      },
      "RequestBody": {
        "trunks": {
          "sbs1.sipconfigtest.com": {
            "sipSignalingPort": 1122
          },
          "sbs2.sipconfigtest.com": {
            "sipSignalingPort": 1122
          }
        },
        "routes": [
          {
            "description": "Handle numbers starting with \u0027\u002B123\u0027",
            "name": "First rule",
            "numberPattern": "\\\u002B123[0-9]\u002B",
            "trunks": [
              "sbs1.sipconfigtest.com"
            ]
          }
        ]
      },
      "StatusCode": 200,
      "ResponseHeaders": {
        "Content-Type": "application/json; charset=utf-8",
        "Date": "Wed, 26 Jan 2022 18:04:46 GMT",
        "MS-CV": "XkrqL3ySXkyOsHY7CAK6hQ.0",
        "Request-Context": "appId=",
        "Transfer-Encoding": "chunked",
        "X-Azure-Ref": "0Po3xYQAAAACVfnIldaHzQZsw\u002BCGU3wqdUFJHMDFFREdFMDYxMgA5ZmM3YjUxOS1hOGNjLTRmODktOTM1ZS1jOTE0OGFlMDllODE=",
        "X-Cache": "CONFIG_NOCACHE",
        "X-Processing-Time": "261ms"
      },
      "ResponseBody": {
        "trunks": {
          "sbs1.sipconfigtest.com": {
            "sipSignalingPort": 1122
          },
          "sbs2.sipconfigtest.com": {
            "sipSignalingPort": 1122
          }
        },
        "routes": [
          {
            "description": "Handle numbers starting with \u0027\u002B123\u0027",
            "name": "First rule",
            "numberPattern": "\\\u002B123[0-9]\u002B",
            "trunks": [
              "sbs1.sipconfigtest.com"
            ]
          }
        ]
      }
    },
    {
      "RequestUri": "https://sanitized.communication.azure.com/sip?api-version=2021-05-01-preview1",
      "RequestMethod": "GET",
      "RequestHeaders": {
        "Accept": "application/json",
        "Authorization": "Sanitized",
        "Date": "Wed, 26 Jan 2022 18:04:47 GMT",
        "traceparent": "00-81e740fe3a174a4ba1a48bd59a19d1d2-47509f0b3186b540-00",
        "User-Agent": [
          "azsdk-net-Communication.PhoneNumbers/1.1.0-alpha.20220126.1",
          "(.NET 5.0.13; Microsoft Windows 10.0.22000)"
        ],
        "x-ms-client-request-id": "f99365d130d961893c2a603783bdf7b1",
        "x-ms-content-sha256": "Sanitized",
        "x-ms-return-client-request-id": "true"
      },
      "RequestBody": null,
      "StatusCode": 200,
      "ResponseHeaders": {
        "Content-Type": "application/json; charset=utf-8",
        "Date": "Wed, 26 Jan 2022 18:04:46 GMT",
        "MS-CV": "GvFCdPHFAUmfHvJSBZBnyA.0",
        "Request-Context": "appId=",
        "Transfer-Encoding": "chunked",
        "X-Azure-Ref": "0P43xYQAAAAC4peLTSRpBRLeiqNpjiDfyUFJHMDFFREdFMDYxMgA5ZmM3YjUxOS1hOGNjLTRmODktOTM1ZS1jOTE0OGFlMDllODE=",
        "X-Cache": "CONFIG_NOCACHE",
        "X-Processing-Time": "122ms"
      },
      "ResponseBody": {
        "trunks": {
          "sbs1.sipconfigtest.com": {
            "sipSignalingPort": 1122
          },
          "sbs2.sipconfigtest.com": {
            "sipSignalingPort": 1122
          }
        },
        "routes": [
          {
            "description": "Handle numbers starting with \u0027\u002B123\u0027",
            "name": "First rule",
            "numberPattern": "\\\u002B123[0-9]\u002B",
            "trunks": [
              "sbs1.sipconfigtest.com"
            ]
          }
        ]
      }
    }
  ],
  "Variables": {
    "COMMUNICATION_LIVETEST_STATIC_CONNECTION_STRING": "endpoint=https://e2e_test.communication.azure.com/;accesskey=Kg==",
    "RandomSeed": "1291006687"
  }
}