{
  "Entries": [
    {
      "RequestUri": "https://e2e_test.communication.azure.com/sip?api-version=2021-05-01-preview1",
      "RequestMethod": "PATCH",
      "RequestHeaders": {
        "Accept": "application/json",
        "Authorization": "Sanitized",
        "Content-Length": "13",
        "Content-Type": "application/merge-patch\u002Bjson",
        "Date": "Fri, 22 Apr 2022 06:56:34 GMT",
        "traceparent": "00-a83d93262d1dc6438c60f4134c529c3c-b075208afff9db43-00",
        "User-Agent": "azsdk-net-Communication.PhoneNumbers/1.1.0-alpha.20220422.1 (.NET Framework 4.8.4470.0; Microsoft Windows 10.0.22000 )",
        "x-ms-client-request-id": "c58c7e6d24ab5d9e4a323669cb98c3e9",
        "x-ms-content-sha256": "Sanitized",
        "x-ms-return-client-request-id": "true"
      },
      "RequestBody": {
        "routes": []
      },
      "StatusCode": 200,
      "ResponseHeaders": {
        "Content-Type": "application/json; charset=utf-8",
        "Date": "Fri, 22 Apr 2022 06:56:34 GMT",
        "MS-CV": "npR8xoCJ7kq0Dify/LQuKA.0",
        "Strict-Transport-Security": "max-age=2592000",
        "Transfer-Encoding": "chunked",
        "X-Azure-Ref": "0olFiYgAAAAByjAO9NYEaS5HGonhleX7nUFJHMDFFREdFMDkwNgA5ZmM3YjUxOS1hOGNjLTRmODktOTM1ZS1jOTE0OGFlMDllODE=",
        "X-Cache": "CONFIG_NOCACHE",
        "X-Processing-Time": "348ms"
      },
      "ResponseBody": {
        "trunks": {
          "sbs1.sipconfigtest.com": {
            "sipSignalingPort": 1122
          }
        },
        "routes": []
      }
    },
    {
      "RequestUri": "https://e2e_test.communication.azure.com/sip?api-version=2021-05-01-preview1",
      "RequestMethod": "GET",
      "RequestHeaders": {
        "Accept": "application/json",
        "Authorization": "Sanitized",
        "Date": "Fri, 22 Apr 2022 06:56:35 GMT",
        "traceparent": "00-fe7f82be5dc86b48ab945cd8290b9f87-2be9e7e1e51af146-00",
        "User-Agent": "azsdk-net-Communication.PhoneNumbers/1.1.0-alpha.20220422.1 (.NET Framework 4.8.4470.0; Microsoft Windows 10.0.22000 )",
        "x-ms-client-request-id": "36a8e142db879f05ccc6fbddd82eee50",
        "x-ms-content-sha256": "Sanitized",
        "x-ms-return-client-request-id": "true"
      },
      "RequestBody": null,
      "StatusCode": 200,
      "ResponseHeaders": {
        "Content-Type": "application/json; charset=utf-8",
        "Date": "Fri, 22 Apr 2022 06:56:35 GMT",
        "MS-CV": "mbINV7cuS0qnS9OUsmi1ww.0",
        "Strict-Transport-Security": "max-age=2592000",
        "Transfer-Encoding": "chunked",
        "X-Azure-Ref": "0o1FiYgAAAADXkaEWPrH\u002BTIr1JVwlTbTYUFJHMDFFREdFMDkwNgA5ZmM3YjUxOS1hOGNjLTRmODktOTM1ZS1jOTE0OGFlMDllODE=",
        "X-Cache": "CONFIG_NOCACHE",
        "X-Processing-Time": "329ms"
      },
      "ResponseBody": {
        "trunks": {
          "sbs1.sipconfigtest.com": {
            "sipSignalingPort": 1122
          }
        },
        "routes": []
      }
    },
    {
      "RequestUri": "https://e2e_test.communication.azure.com/sip?api-version=2021-05-01-preview1",
      "RequestMethod": "PATCH",
      "RequestHeaders": {
        "Accept": "application/json",
        "Authorization": "Sanitized",
        "Content-Length": "42",
        "Content-Type": "application/merge-patch\u002Bjson",
        "Date": "Fri, 22 Apr 2022 06:56:35 GMT",
        "traceparent": "00-fe7f82be5dc86b48ab945cd8290b9f87-ea337f51ca6cf04c-00",
        "User-Agent": "azsdk-net-Communication.PhoneNumbers/1.1.0-alpha.20220422.1 (.NET Framework 4.8.4470.0; Microsoft Windows 10.0.22000 )",
        "x-ms-client-request-id": "6897630a68b9fe7a810916b7e8977b8d",
        "x-ms-content-sha256": "Sanitized",
        "x-ms-return-client-request-id": "true"
      },
      "RequestBody": {
        "trunks": {
          "sbs1.sipconfigtest.com": null
        }
      },
      "StatusCode": 200,
      "ResponseHeaders": {
        "Content-Type": "application/json; charset=utf-8",
        "Date": "Fri, 22 Apr 2022 06:56:36 GMT",
        "MS-CV": "TetkCSctmkiBelN50Dz\u002Bgg.0",
        "Strict-Transport-Security": "max-age=2592000",
        "Transfer-Encoding": "chunked",
        "X-Azure-Ref": "0o1FiYgAAAACWaAI4lGckRrpL53YhdAYIUFJHMDFFREdFMDkwNgA5ZmM3YjUxOS1hOGNjLTRmODktOTM1ZS1jOTE0OGFlMDllODE=",
        "X-Cache": "CONFIG_NOCACHE",
        "X-Processing-Time": "518ms"
      },
      "ResponseBody": {
        "trunks": {},
        "routes": []
      }
    },
    {
      "RequestUri": "https://e2e_test.communication.azure.com/sip?api-version=2021-05-01-preview1",
      "RequestMethod": "PATCH",
      "RequestHeaders": {
        "Accept": "application/json",
        "Authorization": "Sanitized",
        "Content-Length": "114",
        "Content-Type": "application/merge-patch\u002Bjson",
        "Date": "Fri, 22 Apr 2022 06:56:36 GMT",
        "traceparent": "00-fe7f82be5dc86b48ab945cd8290b9f87-9beca5c863f7bc45-00",
        "User-Agent": "azsdk-net-Communication.PhoneNumbers/1.1.0-alpha.20220422.1 (.NET Framework 4.8.4470.0; Microsoft Windows 10.0.22000 )",
        "x-ms-client-request-id": "2e8ab042f04292a179ecf9e528c1851b",
        "x-ms-content-sha256": "Sanitized",
        "x-ms-return-client-request-id": "true"
      },
      "RequestBody": {
        "trunks": {
          "sbs1.sipconfigtest.com": {
            "sipSignalingPort": 1122
          },
          "sbs2.sipconfigtest.com": {
            "sipSignalingPort": 1123
          }
        }
      },
      "StatusCode": 200,
      "ResponseHeaders": {
        "Content-Type": "application/json; charset=utf-8",
        "Date": "Fri, 22 Apr 2022 06:56:36 GMT",
        "MS-CV": "u9UqUuGZcEmN1oIU4f678g.0",
        "Strict-Transport-Security": "max-age=2592000",
        "Transfer-Encoding": "chunked",
        "X-Azure-Ref": "0pFFiYgAAAAAtaBxD2tPmT4g5hL88zH6TUFJHMDFFREdFMDkwNgA5ZmM3YjUxOS1hOGNjLTRmODktOTM1ZS1jOTE0OGFlMDllODE=",
        "X-Cache": "CONFIG_NOCACHE",
        "X-Processing-Time": "772ms"
      },
      "ResponseBody": {
        "trunks": {
          "sbs1.sipconfigtest.com": {
            "sipSignalingPort": 1122
          },
          "sbs2.sipconfigtest.com": {
            "sipSignalingPort": 1123
          }
        },
        "routes": []
      }
    },
    {
      "RequestUri": "https://e2e_test.communication.azure.com/sip?api-version=2021-05-01-preview1",
      "RequestMethod": "PATCH",
      "RequestHeaders": {
        "Accept": "application/json",
        "Authorization": "Sanitized",
        "Content-Length": "178",
        "Content-Type": "application/merge-patch\u002Bjson",
        "Date": "Fri, 22 Apr 2022 06:56:37 GMT",
        "traceparent": "00-48a24805eab90b4b86635cf0554bfc0f-709b7f393e99504f-00",
        "User-Agent": "azsdk-net-Communication.PhoneNumbers/1.1.0-alpha.20220422.1 (.NET Framework 4.8.4470.0; Microsoft Windows 10.0.22000 )",
        "x-ms-client-request-id": "675fe5435b01da2f67a9b57ec54db735",
        "x-ms-content-sha256": "Sanitized",
        "x-ms-return-client-request-id": "true"
      },
      "RequestBody": {
        "routes": [
          {
            "description": "Handle numbers starting with \u0027\u002B123\u0027",
            "name": "First rule",
            "numberPattern": "\\\u002B123[0-9]\u002B",
            "trunks": [
              "sbs1.sipconfigtest.com"
            ]
          }
        ]
      },
      "StatusCode": 200,
      "ResponseHeaders": {
        "Content-Type": "application/json; charset=utf-8",
        "Date": "Fri, 22 Apr 2022 06:56:37 GMT",
        "MS-CV": "iqHippcfzkCy8AbW7Pca9A.0",
        "Strict-Transport-Security": "max-age=2592000",
        "Transfer-Encoding": "chunked",
        "X-Azure-Ref": "0pVFiYgAAAACk19E2RS\u002BwQJeFLhIcN9QZUFJHMDFFREdFMDkwNgA5ZmM3YjUxOS1hOGNjLTRmODktOTM1ZS1jOTE0OGFlMDllODE=",
        "X-Cache": "CONFIG_NOCACHE",
        "X-Processing-Time": "301ms"
      },
      "ResponseBody": {
        "trunks": {
          "sbs1.sipconfigtest.com": {
            "sipSignalingPort": 1122
          },
          "sbs2.sipconfigtest.com": {
            "sipSignalingPort": 1123
          }
        },
        "routes": [
          {
            "description": "Handle numbers starting with \u0027\u002B123\u0027",
            "name": "First rule",
            "numberPattern": "\\\u002B123[0-9]\u002B",
            "trunks": [
              "sbs1.sipconfigtest.com"
            ]
          }
        ]
      }
    },
    {
      "RequestUri": "https://e2e_test.communication.azure.com/sip?api-version=2021-05-01-preview1",
      "RequestMethod": "GET",
      "RequestHeaders": {
        "Accept": "application/json",
        "Authorization": "Sanitized",
        "Date": "Fri, 22 Apr 2022 06:56:37 GMT",
        "traceparent": "00-94e3152e7080ff49b78a72c37bfe923a-36dc496a31fc8b47-00",
        "User-Agent": "azsdk-net-Communication.PhoneNumbers/1.1.0-alpha.20220422.1 (.NET Framework 4.8.4470.0; Microsoft Windows 10.0.22000 )",
        "x-ms-client-request-id": "279a6e4bc0a31a0ec105eecd6f94d6bf",
        "x-ms-content-sha256": "Sanitized",
        "x-ms-return-client-request-id": "true"
      },
      "RequestBody": null,
      "StatusCode": 200,
      "ResponseHeaders": {
        "Content-Type": "application/json; charset=utf-8",
        "Date": "Fri, 22 Apr 2022 06:56:37 GMT",
        "MS-CV": "MPACF5B\u002BDU6\u002B/NM1AF7/FA.0",
        "Strict-Transport-Security": "max-age=2592000",
        "Transfer-Encoding": "chunked",
        "X-Azure-Ref": "0pVFiYgAAAAD5AbQFVLgtSpIvKU6UNjn5UFJHMDFFREdFMDkwNgA5ZmM3YjUxOS1hOGNjLTRmODktOTM1ZS1jOTE0OGFlMDllODE=",
        "X-Cache": "CONFIG_NOCACHE",
        "X-Processing-Time": "276ms"
      },
      "ResponseBody": {
        "trunks": {
          "sbs1.sipconfigtest.com": {
            "sipSignalingPort": 1122
          },
          "sbs2.sipconfigtest.com": {
            "sipSignalingPort": 1123
          }
        },
        "routes": [
          {
            "description": "Handle numbers starting with \u0027\u002B123\u0027",
            "name": "First rule",
            "numberPattern": "\\\u002B123[0-9]\u002B",
            "trunks": [
              "sbs1.sipconfigtest.com"
            ]
          }
        ]
      }
    }
  ],
  "Variables": {
    "COMMUNICATION_LIVETEST_STATIC_CONNECTION_STRING": "endpoint=https://e2e_test.communication.azure.com/;accesskey=Kg==",
    "RandomSeed": "1054582649"
  }
}