{
  "Entries": [
    {
      "RequestUri": "https://sanitized.communication.azure.com/sip?api-version=2021-05-01-preview1",
      "RequestMethod": "PATCH",
      "RequestHeaders": {
        "Accept": "application/json",
        "Authorization": "Sanitized",
        "Content-Length": "291",
        "Content-Type": "application/merge-patch\u002Bjson",
        "Date": "Tue, 25 Jan 2022 11:19:17 GMT",
        "traceparent": "00-8c8501af1b2c1c439a15c5f7c3d5b274-5470e4f44cee5e40-00",
        "User-Agent": "azsdk-net-Communication.PhoneNumbers/1.1.0-alpha.20220125.1 (.NET Framework 4.8.4420.0; Microsoft Windows 10.0.22000 )",
        "x-ms-client-request-id": "5e1b6b9e679ea3828d28e84ff2a0239b",
        "x-ms-content-sha256": "Sanitized",
        "x-ms-return-client-request-id": "true"
      },
      "RequestBody": {
        "trunks": {
          "sbs1.sipconfigtest.com": {
            "sipSignalingPort": 1122
          },
          "sbs2.sipconfigtest.com": {
            "sipSignalingPort": 1122
          }
        },
        "routes": [
          {
            "description": "Handle numbers starting with \u0027\u002B123\u0027",
            "name": "First rule",
            "numberPattern": "\\\u002B123[0-9]\u002B",
            "trunks": [
              "sbs1.sipconfigtest.com"
            ]
          }
        ]
      },
      "StatusCode": 200,
      "ResponseHeaders": {
        "Content-Type": "application/json; charset=utf-8",
        "Date": "Tue, 25 Jan 2022 11:19:16 GMT",
        "MS-CV": "l/yj7EI6dEWBOg1QHL3rWg.0",
        "Request-Context": "appId=",
        "Transfer-Encoding": "chunked",
        "X-Azure-Ref": "0tNzvYQAAAABD8dgTEi6uRYFDO9e98i\u002BYUFJHMDFFREdFMDYxNAA5ZmM3YjUxOS1hOGNjLTRmODktOTM1ZS1jOTE0OGFlMDllODE=",
        "X-Cache": "CONFIG_NOCACHE",
        "X-Processing-Time": "457ms"
      },
      "ResponseBody": {
        "trunks": {
          "sbs1.sipconfigtest.com": {
            "sipSignalingPort": 1122
          },
          "sbs2.sipconfigtest.com": {
            "sipSignalingPort": 1122
          }
        },
        "routes": [
          {
            "description": "Handle numbers starting with \u0027\u002B123\u0027",
            "name": "First rule",
            "numberPattern": "\\\u002B123[0-9]\u002B",
            "trunks": [
              "sbs1.sipconfigtest.com"
            ]
          }
        ]
      }
    },
    {
      "RequestUri": "https://sanitized.communication.azure.com/sip?api-version=2021-05-01-preview1",
      "RequestMethod": "PATCH",
      "RequestHeaders": {
        "Accept": "application/json",
        "Authorization": "Sanitized",
        "Content-Length": "184",
        "Content-Type": "application/merge-patch\u002Bjson",
        "Date": "Tue, 25 Jan 2022 11:19:18 GMT",
        "traceparent": "00-7398217919fb284ba4c84a28aba8c855-5f5a962132c92343-00",
        "User-Agent": "azsdk-net-Communication.PhoneNumbers/1.1.0-alpha.20220125.1 (.NET Framework 4.8.4420.0; Microsoft Windows 10.0.22000 )",
        "x-ms-client-request-id": "e56911db5b9e02ba4d3c5ecebbca149a",
        "x-ms-content-sha256": "Sanitized",
        "x-ms-return-client-request-id": "true"
      },
      "RequestBody": {
        "routes": [
          {
            "description": "Handle all other numbers\u0027",
            "name": "Last rule",
            "numberPattern": "\\\u002B[1-9][0-9]{3,23}",
            "trunks": [
              "sbs1.sipconfigtest.com",
              "sbs2.sipconfigtest.com"
            ]
          }
        ]
      },
      "StatusCode": 200,
      "ResponseHeaders": {
        "Content-Type": "application/json; charset=utf-8",
        "Date": "Tue, 25 Jan 2022 11:19:17 GMT",
        "MS-CV": "opHG3FVa90ulTggNbG2\u002BGQ.0",
        "Request-Context": "appId=",
        "Transfer-Encoding": "chunked",
        "X-Azure-Ref": "0tdzvYQAAAADCiv0zCFrPSJP2K33Xpj\u002BIUFJHMDFFREdFMDYxNAA5ZmM3YjUxOS1hOGNjLTRmODktOTM1ZS1jOTE0OGFlMDllODE=",
        "X-Cache": "CONFIG_NOCACHE",
        "X-Processing-Time": "169ms"
      },
      "ResponseBody": {
        "trunks": {
          "sbs1.sipconfigtest.com": {
            "sipSignalingPort": 1122
          },
          "sbs2.sipconfigtest.com": {
            "sipSignalingPort": 1122
          }
        },
        "routes": [
          {
            "description": "Handle all other numbers\u0027",
            "name": "Last rule",
            "numberPattern": "\\\u002B[1-9][0-9]{3,23}",
            "trunks": [
              "sbs1.sipconfigtest.com",
              "sbs2.sipconfigtest.com"
            ]
          }
        ]
      }
    },
    {
      "RequestUri": "https://sanitized.communication.azure.com/sip?api-version=2021-05-01-preview1",
      "RequestMethod": "GET",
      "RequestHeaders": {
        "Accept": "application/json",
        "Authorization": "Sanitized",
        "Date": "Tue, 25 Jan 2022 11:19:18 GMT",
        "traceparent": "00-f0cfb7b74a8b3c409e3c357891b78a95-cb55c20bdb4f3745-00",
        "User-Agent": "azsdk-net-Communication.PhoneNumbers/1.1.0-alpha.20220125.1 (.NET Framework 4.8.4420.0; Microsoft Windows 10.0.22000 )",
        "x-ms-client-request-id": "f66dd9803d84d6a8786e610b461a11fb",
        "x-ms-content-sha256": "Sanitized",
        "x-ms-return-client-request-id": "true"
      },
      "RequestBody": null,
      "StatusCode": 200,
      "ResponseHeaders": {
        "Content-Type": "application/json; charset=utf-8",
        "Date": "Tue, 25 Jan 2022 11:19:17 GMT",
        "MS-CV": "jlY5BIQtfEqW9Tr6kbiAsQ.0",
        "Request-Context": "appId=",
        "Transfer-Encoding": "chunked",
        "X-Azure-Ref": "0tdzvYQAAAACjyw623d/aT4n5lxGfNke0UFJHMDFFREdFMDYxNAA5ZmM3YjUxOS1hOGNjLTRmODktOTM1ZS1jOTE0OGFlMDllODE=",
        "X-Cache": "CONFIG_NOCACHE",
        "X-Processing-Time": "77ms"
      },
      "ResponseBody": {
        "trunks": {
          "sbs1.sipconfigtest.com": {
            "sipSignalingPort": 1122
          },
          "sbs2.sipconfigtest.com": {
            "sipSignalingPort": 1122
          }
        },
        "routes": [
          {
            "description": "Handle all other numbers\u0027",
            "name": "Last rule",
            "numberPattern": "\\\u002B[1-9][0-9]{3,23}",
            "trunks": [
              "sbs1.sipconfigtest.com",
              "sbs2.sipconfigtest.com"
            ]
          }
        ]
      }
    }
  ],
  "Variables": {
    "RandomSeed": "2047520862"
  }
}