{
  "Entries": [
    {
      "RequestUri": "https://jannovak-test.communication.azure.com/sip?api-version=2021-05-01-preview",
      "RequestMethod": "PATCH",
      "RequestHeaders": {
        "Accept": "application/json",
        "Authorization": "Sanitized",
        "Content-Length": "13",
        "Content-Type": "application/merge-patch\u002Bjson",
        "traceparent": "00-4429c8281c643c126c73c4f6f99af7a9-13aa6cf20e90c56a-00",
        "User-Agent": "azsdk-net-Communication.PhoneNumbers/1.1.0-alpha.20221205.1 (.NET 6.0.11; Microsoft Windows 10.0.22621)",
        "x-ms-client-request-id": "ebc3660472ff4c7e72630c66bd3552ec",
        "x-ms-content-sha256": "Sanitized",
        "x-ms-date": "Mon, 05 Dec 2022 23:51:47 GMT",
        "x-ms-return-client-request-id": "true"
      },
      "RequestBody": {
        "routes": []
      },
      "StatusCode": 200,
      "ResponseHeaders": {
        "api-supported-versions": "2021-05-01-preview, 2022-09-01-preview",
        "Content-Type": "application/json; charset=utf-8",
        "Date": "Mon, 05 Dec 2022 23:51:46 GMT",
        "MS-CV": "tZZdvazxx0Wv9/PueSN80w.0",
        "Strict-Transport-Security": "max-age=2592000",
        "Transfer-Encoding": "chunked",
        "X-Azure-Ref": "0E4SOYwAAAADoPpEVFPzSRK8yiN12NbPUUFJHMDFFREdFMDkxMQA5ZmM3YjUxOS1hOGNjLTRmODktOTM1ZS1jOTE0OGFlMDllODE=",
        "X-Cache": "CONFIG_NOCACHE",
        "X-Processing-Time": "188ms"
      },
      "ResponseBody": {
        "trunks": {},
        "routes": []
      }
    },
    {
      "RequestUri": "https://jannovak-test.communication.azure.com/sip?api-version=2021-05-01-preview",
      "RequestMethod": "GET",
      "RequestHeaders": {
        "Accept": "application/json",
        "Authorization": "Sanitized",
        "traceparent": "00-0ece9851195b561c4b523f23b56d6d46-8de9b9b20b48c1d2-00",
        "User-Agent": "azsdk-net-Communication.PhoneNumbers/1.1.0-alpha.20221205.1 (.NET 6.0.11; Microsoft Windows 10.0.22621)",
        "x-ms-client-request-id": "c561073d0eb80aead5e893cc824d1f03",
        "x-ms-content-sha256": "Sanitized",
        "x-ms-date": "Mon, 05 Dec 2022 23:51:47 GMT",
        "x-ms-return-client-request-id": "true"
      },
      "RequestBody": null,
      "StatusCode": 200,
      "ResponseHeaders": {
        "api-supported-versions": "2021-05-01-preview, 2022-09-01-preview",
        "Content-Type": "application/json; charset=utf-8",
        "Date": "Mon, 05 Dec 2022 23:51:47 GMT",
        "MS-CV": "q2ewv2PP00em7FFgYAwWyw.0",
        "Strict-Transport-Security": "max-age=2592000",
        "Transfer-Encoding": "chunked",
        "X-Azure-Ref": "0E4SOYwAAAACzLrtCGp82TYXkFYy6UJWXUFJHMDFFREdFMDkxMQA5ZmM3YjUxOS1hOGNjLTRmODktOTM1ZS1jOTE0OGFlMDllODE=",
        "X-Cache": "CONFIG_NOCACHE",
        "X-Processing-Time": "92ms"
      },
      "ResponseBody": {
        "trunks": {},
        "routes": []
      }
    },
    {
      "RequestUri": "https://jannovak-test.communication.azure.com/sip?api-version=2021-05-01-preview",
      "RequestMethod": "PATCH",
      "RequestHeaders": {
        "Accept": "application/json",
        "Authorization": "Sanitized",
        "Content-Length": "86",
        "Content-Type": "application/merge-patch\u002Bjson",
        "traceparent": "00-0ece9851195b561c4b523f23b56d6d46-4e83ace7ca1eb451-00",
        "User-Agent": "azsdk-net-Communication.PhoneNumbers/1.1.0-alpha.20221205.1 (.NET 6.0.11; Microsoft Windows 10.0.22621)",
        "x-ms-client-request-id": "37de35a83220ca9ac4da40bca00ce31d",
        "x-ms-content-sha256": "Sanitized",
        "x-ms-date": "Mon, 05 Dec 2022 23:51:48 GMT",
        "x-ms-return-client-request-id": "true"
      },
      "RequestBody": {
        "trunks": {
          "sbs1.com": {
            "sipSignalingPort": 1122
          },
          "sbs2.com": {
            "sipSignalingPort": 1123
          }
        }
      },
      "StatusCode": 200,
      "ResponseHeaders": {
        "api-supported-versions": "2021-05-01-preview, 2022-09-01-preview",
        "Content-Type": "application/json; charset=utf-8",
        "Date": "Mon, 05 Dec 2022 23:51:47 GMT",
        "MS-CV": "o/WVHp3DRUqBl6QlTWZSSg.0",
        "Strict-Transport-Security": "max-age=2592000",
        "Transfer-Encoding": "chunked",
        "X-Azure-Ref": "0FISOYwAAAABIgeaRu564SKlmUGECZuUMUFJHMDFFREdFMDkxMQA5ZmM3YjUxOS1hOGNjLTRmODktOTM1ZS1jOTE0OGFlMDllODE=",
        "X-Cache": "CONFIG_NOCACHE",
        "X-Processing-Time": "605ms"
      },
      "ResponseBody": {
        "trunks": {
          "sbs1.com": {
            "sipSignalingPort": 1122
          },
          "sbs2.com": {
            "sipSignalingPort": 1123
          }
        },
        "routes": []
      }
    },
    {
      "RequestUri": "https://jannovak-test.communication.azure.com/sip?api-version=2021-05-01-preview",
      "RequestMethod": "PATCH",
      "RequestHeaders": {
        "Accept": "application/json",
        "Authorization": "Sanitized",
        "Content-Length": "164",
        "Content-Type": "application/merge-patch\u002Bjson",
        "traceparent": "00-7fa08d519e9ff265a824defd35f405b9-e430ef0eeaa15140-00",
        "User-Agent": "azsdk-net-Communication.PhoneNumbers/1.1.0-alpha.20221205.1 (.NET 6.0.11; Microsoft Windows 10.0.22621)",
        "x-ms-client-request-id": "fe94d49de473f63b7bb81617deb1ca24",
        "x-ms-content-sha256": "Sanitized",
        "x-ms-date": "Mon, 05 Dec 2022 23:51:48 GMT",
        "x-ms-return-client-request-id": "true"
      },
      "RequestBody": {
        "routes": [
          {
            "description": "Handle numbers starting with \u0027\u002B123\u0027",
            "name": "First rule",
            "numberPattern": "\\\u002B123[0-9]\u002B",
            "trunks": [
              "sbs1.com"
            ]
          }
        ]
      },
      "StatusCode": 200,
      "ResponseHeaders": {
        "api-supported-versions": "2021-05-01-preview, 2022-09-01-preview",
        "Content-Type": "application/json; charset=utf-8",
        "Date": "Mon, 05 Dec 2022 23:51:48 GMT",
        "MS-CV": "PaMzQVaWgkmlNU5R1dLLxg.0",
        "Strict-Transport-Security": "max-age=2592000",
        "Transfer-Encoding": "chunked",
        "X-Azure-Ref": "0FISOYwAAAAD4tfOTsewyRrW9N73db05AUFJHMDFFREdFMDkxMQA5ZmM3YjUxOS1hOGNjLTRmODktOTM1ZS1jOTE0OGFlMDllODE=",
        "X-Cache": "CONFIG_NOCACHE",
        "X-Processing-Time": "172ms"
      },
      "ResponseBody": {
        "trunks": {
          "sbs1.com": {
            "sipSignalingPort": 1122
          },
          "sbs2.com": {
            "sipSignalingPort": 1123
          }
        },
        "routes": [
          {
            "description": "Handle numbers starting with \u0027\u002B123\u0027",
            "name": "First rule",
            "numberPattern": "\\\u002B123[0-9]\u002B",
            "trunks": [
              "sbs1.com"
            ]
          }
        ]
      }
    },
    {
      "RequestUri": "https://jannovak-test.communication.azure.com/sip?api-version=2021-05-01-preview",
      "RequestMethod": "PATCH",
      "RequestHeaders": {
        "Accept": "application/json",
        "Authorization": "Sanitized",
        "Content-Length": "156",
        "Content-Type": "application/merge-patch\u002Bjson",
        "traceparent": "00-fe6b7693d91c76a36c8cd5079065899f-ec3943ae6e7afac2-00",
        "User-Agent": "azsdk-net-Communication.PhoneNumbers/1.1.0-alpha.20221205.1 (.NET 6.0.11; Microsoft Windows 10.0.22621)",
        "x-ms-client-request-id": "87be08431b570bcb6d9600decd2e6ac8",
        "x-ms-content-sha256": "Sanitized",
        "x-ms-date": "Mon, 05 Dec 2022 23:51:49 GMT",
        "x-ms-return-client-request-id": "true"
      },
      "RequestBody": {
        "routes": [
          {
            "description": "Handle all other numbers\u0027",
            "name": "Last rule",
            "numberPattern": "\\\u002B[1-9][0-9]{3,23}",
            "trunks": [
              "sbs1.com",
              "sbs2.com"
            ]
          }
        ]
      },
      "StatusCode": 200,
      "ResponseHeaders": {
        "api-supported-versions": "2021-05-01-preview, 2022-09-01-preview",
        "Content-Type": "application/json; charset=utf-8",
        "Date": "Mon, 05 Dec 2022 23:51:48 GMT",
        "MS-CV": "ERBx9lTjL0O94isCAfop7w.0",
        "Strict-Transport-Security": "max-age=2592000",
        "Transfer-Encoding": "chunked",
        "X-Azure-Ref": "0FYSOYwAAAADzY9T\u002BvbGvQIR\u002BfpW0bkrHUFJHMDFFREdFMDkxMQA5ZmM3YjUxOS1hOGNjLTRmODktOTM1ZS1jOTE0OGFlMDllODE=",
        "X-Cache": "CONFIG_NOCACHE",
        "X-Processing-Time": "172ms"
      },
      "ResponseBody": {
        "trunks": {
          "sbs1.com": {
            "sipSignalingPort": 1122
          },
          "sbs2.com": {
            "sipSignalingPort": 1123
          }
        },
        "routes": [
          {
            "description": "Handle all other numbers\u0027",
            "name": "Last rule",
            "numberPattern": "\\\u002B[1-9][0-9]{3,23}",
            "trunks": [
              "sbs1.com",
              "sbs2.com"
            ]
          }
        ]
      }
    },
    {
      "RequestUri": "https://jannovak-test.communication.azure.com/sip?api-version=2021-05-01-preview",
      "RequestMethod": "GET",
      "RequestHeaders": {
        "Accept": "application/json",
        "Authorization": "Sanitized",
        "traceparent": "00-41336c1ad6095b4ee6dae1f60b029231-3ff2941cd0f34043-00",
        "User-Agent": "azsdk-net-Communication.PhoneNumbers/1.1.0-alpha.20221205.1 (.NET 6.0.11; Microsoft Windows 10.0.22621)",
        "x-ms-client-request-id": "ae2e750521b8c38ffae7bb681b82eb13",
        "x-ms-content-sha256": "Sanitized",
        "x-ms-date": "Mon, 05 Dec 2022 23:51:49 GMT",
        "x-ms-return-client-request-id": "true"
      },
      "RequestBody": null,
      "StatusCode": 200,
      "ResponseHeaders": {
        "api-supported-versions": "2021-05-01-preview, 2022-09-01-preview",
        "Content-Type": "application/json; charset=utf-8",
        "Date": "Mon, 05 Dec 2022 23:51:48 GMT",
        "MS-CV": "SSoxE/mz5kaDHNtAhwQ0jg.0",
        "Strict-Transport-Security": "max-age=2592000",
        "Transfer-Encoding": "chunked",
        "X-Azure-Ref": "0FYSOYwAAAAC3KD9VfQsVS5J\u002BSVQbESFqUFJHMDFFREdFMDkxMQA5ZmM3YjUxOS1hOGNjLTRmODktOTM1ZS1jOTE0OGFlMDllODE=",
        "X-Cache": "CONFIG_NOCACHE",
        "X-Processing-Time": "83ms"
      },
      "ResponseBody": {
        "trunks": {
          "sbs1.com": {
            "sipSignalingPort": 1122
          },
          "sbs2.com": {
            "sipSignalingPort": 1123
          }
        },
        "routes": [
          {
            "description": "Handle all other numbers\u0027",
            "name": "Last rule",
            "numberPattern": "\\\u002B[1-9][0-9]{3,23}",
            "trunks": [
              "sbs1.com",
              "sbs2.com"
            ]
          }
        ]
      }
    },
    {
      "RequestUri": "https://jannovak-test.communication.azure.com/sip?api-version=2021-05-01-preview",
      "RequestMethod": "GET",
      "RequestHeaders": {
        "Accept": "application/json",
        "Authorization": "Sanitized",
        "traceparent": "00-f529f66274af94ba411dcd6e22a2f4e8-8de35cb5331409e9-00",
        "User-Agent": "azsdk-net-Communication.PhoneNumbers/1.1.0-alpha.20221205.1 (.NET 6.0.11; Microsoft Windows 10.0.22621)",
        "x-ms-client-request-id": "97781b105c4e82c6088991dde45d284d",
        "x-ms-content-sha256": "Sanitized",
        "x-ms-date": "Mon, 05 Dec 2022 23:51:49 GMT",
        "x-ms-return-client-request-id": "true"
      },
      "RequestBody": null,
      "StatusCode": 200,
      "ResponseHeaders": {
        "api-supported-versions": "2021-05-01-preview, 2022-09-01-preview",
        "Content-Type": "application/json; charset=utf-8",
        "Date": "Mon, 05 Dec 2022 23:51:48 GMT",
        "MS-CV": "PdYd\u002B76MIU242n287euLgg.0",
        "Strict-Transport-Security": "max-age=2592000",
        "Transfer-Encoding": "chunked",
        "X-Azure-Ref": "0FYSOYwAAAACzVzaw5fmERqFe456YUvJsUFJHMDFFREdFMDkxMQA5ZmM3YjUxOS1hOGNjLTRmODktOTM1ZS1jOTE0OGFlMDllODE=",
        "X-Cache": "CONFIG_NOCACHE",
        "X-Processing-Time": "87ms"
      },
      "ResponseBody": {
        "trunks": {
          "sbs1.com": {
            "sipSignalingPort": 1122
          },
          "sbs2.com": {
            "sipSignalingPort": 1123
          }
        },
        "routes": [
          {
            "description": "Handle all other numbers\u0027",
            "name": "Last rule",
            "numberPattern": "\\\u002B[1-9][0-9]{3,23}",
            "trunks": [
              "sbs1.com",
              "sbs2.com"
            ]
          }
        ]
      }
    },
    {
      "RequestUri": "https://jannovak-test.communication.azure.com/sip?api-version=2021-05-01-preview",
      "RequestMethod": "PATCH",
      "RequestHeaders": {
        "Accept": "application/json",
        "Authorization": "Sanitized",
        "Content-Length": "13",
        "Content-Type": "application/merge-patch\u002Bjson",
        "traceparent": "00-65b5590d7d6b8726fe8f35a465f99dec-dae49cf6a8f2e817-00",
        "User-Agent": "azsdk-net-Communication.PhoneNumbers/1.1.0-alpha.20221205.1 (.NET 6.0.11; Microsoft Windows 10.0.22621)",
        "x-ms-client-request-id": "69114d4d1b82216c78fb8d6f5f63efea",
        "x-ms-content-sha256": "Sanitized",
        "x-ms-date": "Mon, 05 Dec 2022 23:51:49 GMT",
        "x-ms-return-client-request-id": "true"
      },
      "RequestBody": {
        "routes": []
      },
      "StatusCode": 200,
      "ResponseHeaders": {
        "api-supported-versions": "2021-05-01-preview, 2022-09-01-preview",
        "Content-Type": "application/json; charset=utf-8",
        "Date": "Mon, 05 Dec 2022 23:51:50 GMT",
        "MS-CV": "mL5GgadVUUmFVsel23PkWg.0",
        "Strict-Transport-Security": "max-age=2592000",
        "Transfer-Encoding": "chunked",
        "X-Azure-Ref": "0FYSOYwAAAADQemsOZAxISblLjqExFSU1UFJHMDFFREdFMDkxMQA5ZmM3YjUxOS1hOGNjLTRmODktOTM1ZS1jOTE0OGFlMDllODE=",
        "X-Cache": "CONFIG_NOCACHE",
        "X-Processing-Time": "163ms"
      },
      "ResponseBody": {
        "trunks": {
          "sbs1.com": {
            "sipSignalingPort": 1122
          },
          "sbs2.com": {
            "sipSignalingPort": 1123
          }
        },
        "routes": []
      }
    },
    {
      "RequestUri": "https://jannovak-test.communication.azure.com/sip?api-version=2021-05-01-preview",
      "RequestMethod": "GET",
      "RequestHeaders": {
        "Accept": "application/json",
        "Authorization": "Sanitized",
        "traceparent": "00-ee47103ed97dab89f24831445df5c791-39662b7f9825a50c-00",
        "User-Agent": "azsdk-net-Communication.PhoneNumbers/1.1.0-alpha.20221205.1 (.NET 6.0.11; Microsoft Windows 10.0.22621)",
        "x-ms-client-request-id": "b2cdedabd2b5a97aafaca52f90b2df9d",
        "x-ms-content-sha256": "Sanitized",
        "x-ms-date": "Mon, 05 Dec 2022 23:51:50 GMT",
        "x-ms-return-client-request-id": "true"
      },
      "RequestBody": null,
      "StatusCode": 200,
      "ResponseHeaders": {
        "api-supported-versions": "2021-05-01-preview, 2022-09-01-preview",
        "Content-Type": "application/json; charset=utf-8",
        "Date": "Mon, 05 Dec 2022 23:51:50 GMT",
        "MS-CV": "kw3wa5YXZEKyzdC5\u002BzEbqA.0",
        "Strict-Transport-Security": "max-age=2592000",
        "Transfer-Encoding": "chunked",
        "X-Azure-Ref": "0FoSOYwAAAAAgnc1LPpKmQLGYl/q4afu5UFJHMDFFREdFMDkxMQA5ZmM3YjUxOS1hOGNjLTRmODktOTM1ZS1jOTE0OGFlMDllODE=",
        "X-Cache": "CONFIG_NOCACHE",
        "X-Processing-Time": "85ms"
      },
      "ResponseBody": {
        "trunks": {
          "sbs1.com": {
            "sipSignalingPort": 1122
          },
          "sbs2.com": {
            "sipSignalingPort": 1123
          }
        },
        "routes": []
      }
    },
    {
      "RequestUri": "https://jannovak-test.communication.azure.com/sip?api-version=2021-05-01-preview",
      "RequestMethod": "GET",
      "RequestHeaders": {
        "Accept": "application/json",
        "Authorization": "Sanitized",
        "traceparent": "00-74f66518a5152e4770682f617064fdd9-c037dc135e442331-00",
        "User-Agent": "azsdk-net-Communication.PhoneNumbers/1.1.0-alpha.20221205.1 (.NET 6.0.11; Microsoft Windows 10.0.22621)",
        "x-ms-client-request-id": "ce1a6ebf8271f590af571f52ce5623a5",
        "x-ms-content-sha256": "Sanitized",
        "x-ms-date": "Mon, 05 Dec 2022 23:51:50 GMT",
        "x-ms-return-client-request-id": "true"
      },
      "RequestBody": null,
      "StatusCode": 200,
      "ResponseHeaders": {
        "api-supported-versions": "2021-05-01-preview, 2022-09-01-preview",
        "Content-Type": "application/json; charset=utf-8",
        "Date": "Mon, 05 Dec 2022 23:51:50 GMT",
        "MS-CV": "EVsXIkPuY02lnS9luAgAVQ.0",
        "Strict-Transport-Security": "max-age=2592000",
        "Transfer-Encoding": "chunked",
        "X-Azure-Ref": "0FoSOYwAAAACanmxRQ5DMQILc0Ek4xrgfUFJHMDFFREdFMDkxMQA5ZmM3YjUxOS1hOGNjLTRmODktOTM1ZS1jOTE0OGFlMDllODE=",
        "X-Cache": "CONFIG_NOCACHE",
        "X-Processing-Time": "87ms"
      },
      "ResponseBody": {
        "trunks": {
          "sbs1.com": {
            "sipSignalingPort": 1122
          },
          "sbs2.com": {
            "sipSignalingPort": 1123
          }
        },
        "routes": []
      }
    },
    {
      "RequestUri": "https://jannovak-test.communication.azure.com/sip?api-version=2021-05-01-preview",
      "RequestMethod": "PATCH",
      "RequestHeaders": {
        "Accept": "application/json",
        "Authorization": "Sanitized",
        "Content-Length": "44",
        "Content-Type": "application/merge-patch\u002Bjson",
        "traceparent": "00-74f66518a5152e4770682f617064fdd9-b1060fc420ec1439-00",
        "User-Agent": "azsdk-net-Communication.PhoneNumbers/1.1.0-alpha.20221205.1 (.NET 6.0.11; Microsoft Windows 10.0.22621)",
        "x-ms-client-request-id": "f631a699768f7a98d268b9d6753d90c5",
        "x-ms-content-sha256": "Sanitized",
        "x-ms-date": "Mon, 05 Dec 2022 23:51:50 GMT",
        "x-ms-return-client-request-id": "true"
      },
      "RequestBody": {
        "trunks": {
          "sbs1.com": null,
          "sbs2.com": null
        }
      },
      "StatusCode": 200,
      "ResponseHeaders": {
        "api-supported-versions": "2021-05-01-preview, 2022-09-01-preview",
        "Content-Type": "application/json; charset=utf-8",
        "Date": "Mon, 05 Dec 2022 23:51:50 GMT",
        "MS-CV": "B\u002BwamQb/UkyalI7CNMWZxA.0",
        "Strict-Transport-Security": "max-age=2592000",
        "Transfer-Encoding": "chunked",
        "X-Azure-Ref": "0FoSOYwAAAADocqmuQEzfQYnx8AzNot8IUFJHMDFFREdFMDkxMQA5ZmM3YjUxOS1hOGNjLTRmODktOTM1ZS1jOTE0OGFlMDllODE=",
        "X-Cache": "CONFIG_NOCACHE",
        "X-Processing-Time": "279ms"
      },
      "ResponseBody": {
        "trunks": {},
        "routes": []
      }
    }
  ],
  "Variables": {
    "COMMUNICATION_LIVETEST_DYNAMIC_CONNECTION_STRING": "endpoint=https://jannovak-test.communication.azure.com/;accesskey=Kg==",
    "RandomSeed": "366380311"
  }
}
