{
  "Entries": [
    {
      "RequestUri": "https://e2e_test.communication.azure.com/sip?api-version=2021-05-01-preview1",
      "RequestMethod": "PATCH",
      "RequestHeaders": {
        "Accept": "application/json",
        "Authorization": "Sanitized",
        "Content-Length": "13",
        "Content-Type": "application/merge-patch\u002Bjson",
        "traceparent": "00-8df988ef5f49be4296d4bca3e6e6a775-b304ddc6a578264c-00",
        "User-Agent": "azsdk-net-Communication.PhoneNumbers/1.1.0-alpha.20220425.1 (.NET Framework 4.8.4470.0; Microsoft Windows 10.0.22000 )",
        "x-ms-client-request-id": "0feec0cd5b2c286e63137dc8f2c1afe0",
        "x-ms-content-sha256": "Sanitized",
        "x-ms-date": "Mon, 25 Apr 2022 11:29:14 GMT",
        "x-ms-return-client-request-id": "true"
      },
      "RequestBody": {
        "routes": []
      },
      "StatusCode": 200,
      "ResponseHeaders": {
        "Content-Type": "application/json; charset=utf-8",
        "Date": "Mon, 25 Apr 2022 11:29:10 GMT",
        "MS-CV": "XwUg2NVDKUuEu6Wu2RIR0w.0",
        "Strict-Transport-Security": "max-age=2592000",
        "Transfer-Encoding": "chunked",
        "X-Azure-Ref": "0BoZmYgAAAACpQOX4KM0vSJNxuZO\u002BczDmUFJHMDFFREdFMDcxOQA5ZmM3YjUxOS1hOGNjLTRmODktOTM1ZS1jOTE0OGFlMDllODE=",
        "X-Cache": "CONFIG_NOCACHE",
        "X-Processing-Time": "317ms"
      },
      "ResponseBody": {
        "trunks": {
          "sbs1.sipconfigtest.com": {
            "sipSignalingPort": 1122
          },
          "sbs2.sipconfigtest.com": {
            "sipSignalingPort": 1123
          }
        },
        "routes": []
      }
    },
    {
      "RequestUri": "https://e2e_test.communication.azure.com/sip?api-version=2021-05-01-preview1",
      "RequestMethod": "GET",
      "RequestHeaders": {
        "Accept": "application/json",
        "Authorization": "Sanitized",
        "traceparent": "00-808288ed7b9b5944827328b0ab18e3c1-1b8294d637f6114a-00",
        "User-Agent": "azsdk-net-Communication.PhoneNumbers/1.1.0-alpha.20220425.1 (.NET Framework 4.8.4470.0; Microsoft Windows 10.0.22000 )",
        "x-ms-client-request-id": "6937453e48b5c15fc82a7a0dc53f453d",
        "x-ms-content-sha256": "Sanitized",
        "x-ms-date": "Mon, 25 Apr 2022 11:29:15 GMT",
        "x-ms-return-client-request-id": "true"
      },
      "RequestBody": null,
      "StatusCode": 200,
      "ResponseHeaders": {
        "Content-Type": "application/json; charset=utf-8",
        "Date": "Mon, 25 Apr 2022 11:29:11 GMT",
        "MS-CV": "ACQzclniskeHMvYp0fEEXg.0",
        "Strict-Transport-Security": "max-age=2592000",
        "Transfer-Encoding": "chunked",
        "X-Azure-Ref": "0B4ZmYgAAAACdHbrAJ\u002BSMR7EuPJzZjtGsUFJHMDFFREdFMDcxOQA5ZmM3YjUxOS1hOGNjLTRmODktOTM1ZS1jOTE0OGFlMDllODE=",
        "X-Cache": "CONFIG_NOCACHE",
        "X-Processing-Time": "162ms"
      },
      "ResponseBody": {
        "trunks": {
          "sbs1.sipconfigtest.com": {
            "sipSignalingPort": 1122
          },
          "sbs2.sipconfigtest.com": {
            "sipSignalingPort": 1123
          }
        },
        "routes": []
      }
    },
    {
      "RequestUri": "https://e2e_test.communication.azure.com/sip?api-version=2021-05-01-preview1",
      "RequestMethod": "PATCH",
      "RequestHeaders": {
        "Accept": "application/json",
        "Authorization": "Sanitized",
        "Content-Length": "72",
        "Content-Type": "application/merge-patch\u002Bjson",
        "traceparent": "00-808288ed7b9b5944827328b0ab18e3c1-e601b216eda5364b-00",
        "User-Agent": "azsdk-net-Communication.PhoneNumbers/1.1.0-alpha.20220425.1 (.NET Framework 4.8.4470.0; Microsoft Windows 10.0.22000 )",
        "x-ms-client-request-id": "e27159792e78a71c724eb442404a0c69",
        "x-ms-content-sha256": "Sanitized",
        "x-ms-date": "Mon, 25 Apr 2022 11:29:15 GMT",
        "x-ms-return-client-request-id": "true"
      },
      "RequestBody": {
        "trunks": {
          "sbs1.sipconfigtest.com": null,
          "sbs2.sipconfigtest.com": null
        }
      },
      "StatusCode": 200,
      "ResponseHeaders": {
        "Content-Type": "application/json; charset=utf-8",
        "Date": "Mon, 25 Apr 2022 11:29:11 GMT",
        "MS-CV": "5BGKB0MbbE\u002BhkgTdxczZPg.0",
        "Strict-Transport-Security": "max-age=2592000",
        "Transfer-Encoding": "chunked",
        "X-Azure-Ref": "0B4ZmYgAAAABwc5qazsVoTKIKWdiaNM0SUFJHMDFFREdFMDcxOQA5ZmM3YjUxOS1hOGNjLTRmODktOTM1ZS1jOTE0OGFlMDllODE=",
        "X-Cache": "CONFIG_NOCACHE",
        "X-Processing-Time": "412ms"
      },
      "ResponseBody": {
        "trunks": {},
        "routes": []
      }
    },
    {
      "RequestUri": "https://e2e_test.communication.azure.com/sip?api-version=2021-05-01-preview1",
      "RequestMethod": "PATCH",
      "RequestHeaders": {
        "Accept": "application/json",
        "Authorization": "Sanitized",
        "Content-Length": "114",
        "Content-Type": "application/merge-patch\u002Bjson",
        "traceparent": "00-808288ed7b9b5944827328b0ab18e3c1-19b07d10a6ae8b47-00",
        "User-Agent": "azsdk-net-Communication.PhoneNumbers/1.1.0-alpha.20220425.1 (.NET Framework 4.8.4470.0; Microsoft Windows 10.0.22000 )",
        "x-ms-client-request-id": "b9e3f1a62378843f612c4701e1606224",
        "x-ms-content-sha256": "Sanitized",
        "x-ms-date": "Mon, 25 Apr 2022 11:29:16 GMT",
        "x-ms-return-client-request-id": "true"
      },
      "RequestBody": {
        "trunks": {
          "sbs1.sipconfigtest.com": {
            "sipSignalingPort": 1122
          },
          "sbs2.sipconfigtest.com": {
            "sipSignalingPort": 1123
          }
        }
      },
      "StatusCode": 200,
      "ResponseHeaders": {
        "Content-Type": "application/json; charset=utf-8",
        "Date": "Mon, 25 Apr 2022 11:29:12 GMT",
        "MS-CV": "ngrGML2ILUWikZMwbZU8\u002Bg.0",
        "Strict-Transport-Security": "max-age=2592000",
        "Transfer-Encoding": "chunked",
        "X-Azure-Ref": "0B4ZmYgAAAACTOXdKiXQeQKfgfq4oTqfpUFJHMDFFREdFMDcxOQA5ZmM3YjUxOS1hOGNjLTRmODktOTM1ZS1jOTE0OGFlMDllODE=",
        "X-Cache": "CONFIG_NOCACHE",
        "X-Processing-Time": "975ms"
      },
      "ResponseBody": {
        "trunks": {
          "sbs1.sipconfigtest.com": {
            "sipSignalingPort": 1122
          },
          "sbs2.sipconfigtest.com": {
            "sipSignalingPort": 1123
          }
        },
        "routes": []
      }
    },
    {
      "RequestUri": "https://e2e_test.communication.azure.com/sip?api-version=2021-05-01-preview1",
      "RequestMethod": "PATCH",
      "RequestHeaders": {
        "Accept": "application/json",
        "Authorization": "Sanitized",
        "Content-Length": "178",
        "Content-Type": "application/merge-patch\u002Bjson",
        "traceparent": "00-92a303b540a34a41929445af1c3696e6-4cf1bbc188ecaa47-00",
        "User-Agent": "azsdk-net-Communication.PhoneNumbers/1.1.0-alpha.20220425.1 (.NET Framework 4.8.4470.0; Microsoft Windows 10.0.22000 )",
        "x-ms-client-request-id": "994e3fcecd4f0f682990f667941d807d",
        "x-ms-content-sha256": "Sanitized",
        "x-ms-date": "Mon, 25 Apr 2022 11:29:17 GMT",
        "x-ms-return-client-request-id": "true"
      },
      "RequestBody": {
        "routes": [
          {
            "description": "Handle numbers starting with \u0027\u002B123\u0027",
            "name": "First rule",
            "numberPattern": "\\\u002B123[0-9]\u002B",
            "trunks": [
              "sbs1.sipconfigtest.com"
            ]
          }
        ]
      },
      "StatusCode": 200,
      "ResponseHeaders": {
        "Content-Type": "application/json; charset=utf-8",
        "Date": "Mon, 25 Apr 2022 11:29:13 GMT",
        "MS-CV": "UkQZH2/BLUiOXDqT\u002BJiXsA.0",
        "Strict-Transport-Security": "max-age=2592000",
        "Transfer-Encoding": "chunked",
        "X-Azure-Ref": "0CIZmYgAAAAA0QAn8IJtFSKjQOfNJU5G9UFJHMDFFREdFMDcxOQA5ZmM3YjUxOS1hOGNjLTRmODktOTM1ZS1jOTE0OGFlMDllODE=",
        "X-Cache": "CONFIG_NOCACHE",
        "X-Processing-Time": "256ms"
      },
      "ResponseBody": {
        "trunks": {
          "sbs1.sipconfigtest.com": {
            "sipSignalingPort": 1122
          },
          "sbs2.sipconfigtest.com": {
            "sipSignalingPort": 1123
          }
        },
        "routes": [
          {
            "description": "Handle numbers starting with \u0027\u002B123\u0027",
            "name": "First rule",
            "numberPattern": "\\\u002B123[0-9]\u002B",
            "trunks": [
              "sbs1.sipconfigtest.com"
            ]
          }
        ]
      }
    },
    {
      "RequestUri": "https://e2e_test.communication.azure.com/sip?api-version=2021-05-01-preview1",
      "RequestMethod": "PATCH",
      "RequestHeaders": {
        "Accept": "application/json",
        "Authorization": "Sanitized",
        "Content-Length": "13",
        "Content-Type": "application/merge-patch\u002Bjson",
        "traceparent": "00-31d06c12dffef944abaaa5f4bf635c22-71ba770de741b540-00",
        "User-Agent": "azsdk-net-Communication.PhoneNumbers/1.1.0-alpha.20220425.1 (.NET Framework 4.8.4470.0; Microsoft Windows 10.0.22000 )",
        "x-ms-client-request-id": "d467101e8b5b56c419ed814be71ac611",
        "x-ms-content-sha256": "Sanitized",
        "x-ms-date": "Mon, 25 Apr 2022 11:29:17 GMT",
        "x-ms-return-client-request-id": "true"
      },
      "RequestBody": {
        "routes": []
      },
      "StatusCode": 200,
      "ResponseHeaders": {
        "Content-Type": "application/json; charset=utf-8",
        "Date": "Mon, 25 Apr 2022 11:29:13 GMT",
        "MS-CV": "W9LxCr9Q106xCvbidw8dZQ.0",
        "Strict-Transport-Security": "max-age=2592000",
        "Transfer-Encoding": "chunked",
        "X-Azure-Ref": "0CYZmYgAAAABR5OEqDdsRS4TnExEpqB6jUFJHMDFFREdFMDcxOQA5ZmM3YjUxOS1hOGNjLTRmODktOTM1ZS1jOTE0OGFlMDllODE=",
        "X-Cache": "CONFIG_NOCACHE",
        "X-Processing-Time": "252ms"
      },
      "ResponseBody": {
        "trunks": {
          "sbs1.sipconfigtest.com": {
            "sipSignalingPort": 1122
          },
          "sbs2.sipconfigtest.com": {
            "sipSignalingPort": 1123
          }
        },
        "routes": []
      }
    },
    {
      "RequestUri": "https://e2e_test.communication.azure.com/sip?api-version=2021-05-01-preview1",
      "RequestMethod": "GET",
      "RequestHeaders": {
        "Accept": "application/json",
        "Authorization": "Sanitized",
        "traceparent": "00-3d1f077b583f0a4a803110a0e36f7f09-ac91e9a9b77e3140-00",
        "User-Agent": "azsdk-net-Communication.PhoneNumbers/1.1.0-alpha.20220425.1 (.NET Framework 4.8.4470.0; Microsoft Windows 10.0.22000 )",
        "x-ms-client-request-id": "01738feb73fbd81989d490e82dd8ef43",
        "x-ms-content-sha256": "Sanitized",
        "x-ms-date": "Mon, 25 Apr 2022 11:29:18 GMT",
        "x-ms-return-client-request-id": "true"
      },
      "RequestBody": null,
      "StatusCode": 200,
      "ResponseHeaders": {
        "Content-Type": "application/json; charset=utf-8",
        "Date": "Mon, 25 Apr 2022 11:29:13 GMT",
        "MS-CV": "wJ0WzZpZN0qWsunv3Wklpg.0",
        "Strict-Transport-Security": "max-age=2592000",
        "Transfer-Encoding": "chunked",
        "X-Azure-Ref": "0CYZmYgAAAABpdcVxwmGRS5zjDoPuz6CUUFJHMDFFREdFMDcxOQA5ZmM3YjUxOS1hOGNjLTRmODktOTM1ZS1jOTE0OGFlMDllODE=",
        "X-Cache": "CONFIG_NOCACHE",
        "X-Processing-Time": "211ms"
      },
      "ResponseBody": {
        "trunks": {
          "sbs1.sipconfigtest.com": {
            "sipSignalingPort": 1122
          },
          "sbs2.sipconfigtest.com": {
            "sipSignalingPort": 1123
          }
        },
        "routes": []
      }
    },
    {
      "RequestUri": "https://e2e_test.communication.azure.com/sip?api-version=2021-05-01-preview1",
      "RequestMethod": "PATCH",
      "RequestHeaders": {
        "Accept": "application/json",
        "Authorization": "Sanitized",
        "Content-Length": "72",
        "Content-Type": "application/merge-patch\u002Bjson",
        "traceparent": "00-3d1f077b583f0a4a803110a0e36f7f09-307feafb0bbc8a4c-00",
        "User-Agent": "azsdk-net-Communication.PhoneNumbers/1.1.0-alpha.20220425.1 (.NET Framework 4.8.4470.0; Microsoft Windows 10.0.22000 )",
        "x-ms-client-request-id": "d0e3caab8ef842c87bf87f624c1c280e",
        "x-ms-content-sha256": "Sanitized",
        "x-ms-date": "Mon, 25 Apr 2022 11:29:18 GMT",
        "x-ms-return-client-request-id": "true"
      },
      "RequestBody": {
        "trunks": {
          "sbs1.sipconfigtest.com": null,
          "sbs2.sipconfigtest.com": null
        }
      },
      "StatusCode": 200,
      "ResponseHeaders": {
        "Content-Type": "application/json; charset=utf-8",
        "Date": "Mon, 25 Apr 2022 11:29:14 GMT",
        "MS-CV": "6X\u002Bu4OWnmU23FK2\u002BG5BmzA.0",
        "Strict-Transport-Security": "max-age=2592000",
        "Transfer-Encoding": "chunked",
        "X-Azure-Ref": "0CYZmYgAAAADXZvilpGjBQa9kv7\u002BpZtviUFJHMDFFREdFMDcxOQA5ZmM3YjUxOS1hOGNjLTRmODktOTM1ZS1jOTE0OGFlMDllODE=",
        "X-Cache": "CONFIG_NOCACHE",
        "X-Processing-Time": "451ms"
      },
      "ResponseBody": {
        "trunks": {},
        "routes": []
      }
    },
    {
      "RequestUri": "https://e2e_test.communication.azure.com/sip?api-version=2021-05-01-preview1",
      "RequestMethod": "PATCH",
      "RequestHeaders": {
        "Accept": "application/json",
        "Authorization": "Sanitized",
        "Content-Length": "65",
        "Content-Type": "application/merge-patch\u002Bjson",
        "traceparent": "00-3d1f077b583f0a4a803110a0e36f7f09-6799dbb521eecd48-00",
        "User-Agent": "azsdk-net-Communication.PhoneNumbers/1.1.0-alpha.20220425.1 (.NET Framework 4.8.4470.0; Microsoft Windows 10.0.22000 )",
        "x-ms-client-request-id": "057be4ca7fa9ab81f78f4a87fadb2941",
        "x-ms-content-sha256": "Sanitized",
        "x-ms-date": "Mon, 25 Apr 2022 11:29:18 GMT",
        "x-ms-return-client-request-id": "true"
      },
      "RequestBody": {
        "trunks": {
          "newsbs.sipconfigtest.com": {
            "sipSignalingPort": 3333
          }
        }
      },
      "StatusCode": 200,
      "ResponseHeaders": {
        "Content-Type": "application/json; charset=utf-8",
        "Date": "Mon, 25 Apr 2022 11:29:15 GMT",
        "MS-CV": "/NqVjxSBc0KjJnaxGv5aFQ.0",
        "Strict-Transport-Security": "max-age=2592000",
        "Transfer-Encoding": "chunked",
        "X-Azure-Ref": "0CoZmYgAAAAARWukiq6dpRKU9l1mzlybbUFJHMDFFREdFMDcxOQA5ZmM3YjUxOS1hOGNjLTRmODktOTM1ZS1jOTE0OGFlMDllODE=",
        "X-Cache": "CONFIG_NOCACHE",
        "X-Processing-Time": "852ms"
      },
      "ResponseBody": {
        "trunks": {
          "newsbs.sipconfigtest.com": {
            "sipSignalingPort": 3333
          }
        },
        "routes": []
      }
    },
    {
      "RequestUri": "https://e2e_test.communication.azure.com/sip?api-version=2021-05-01-preview1",
      "RequestMethod": "GET",
      "RequestHeaders": {
        "Accept": "application/json",
        "Authorization": "Sanitized",
        "traceparent": "00-e7bba6e1b74eba4b822689378c8cdbfc-5466be328ddba54d-00",
        "User-Agent": "azsdk-net-Communication.PhoneNumbers/1.1.0-alpha.20220425.1 (.NET Framework 4.8.4470.0; Microsoft Windows 10.0.22000 )",
        "x-ms-client-request-id": "1da03dfef5365d19c6308503f3b78c6c",
        "x-ms-content-sha256": "Sanitized",
        "x-ms-date": "Mon, 25 Apr 2022 11:29:19 GMT",
        "x-ms-return-client-request-id": "true"
      },
      "RequestBody": null,
      "StatusCode": 200,
      "ResponseHeaders": {
        "Content-Type": "application/json; charset=utf-8",
        "Date": "Mon, 25 Apr 2022 11:29:15 GMT",
        "MS-CV": "YMTFJVzSL0Gr\u002B0GU21Lzhw.0",
        "Strict-Transport-Security": "max-age=2592000",
        "Transfer-Encoding": "chunked",
        "X-Azure-Ref": "0C4ZmYgAAAADKu2TnDaHdT4UcsIyMiC/LUFJHMDFFREdFMDcxOQA5ZmM3YjUxOS1hOGNjLTRmODktOTM1ZS1jOTE0OGFlMDllODE=",
        "X-Cache": "CONFIG_NOCACHE",
        "X-Processing-Time": "138ms"
      },
      "ResponseBody": {
        "trunks": {
          "newsbs.sipconfigtest.com": {
            "sipSignalingPort": 3333
          }
        },
        "routes": []
      }
    }
  ],
  "Variables": {
    "COMMUNICATION_LIVETEST_STATIC_CONNECTION_STRING": "endpoint=https://e2e_test.communication.azure.com/;accesskey=Kg==",
    "RandomSeed": "737843885"
  }
}
