{
  "Entries": [
    {
      "RequestUri": "https://e2e_test.communication.azure.com/sip?api-version=2021-05-01-preview1",
      "RequestMethod": "PATCH",
      "RequestHeaders": {
        "Accept": "application/json",
        "Authorization": "Sanitized",
        "Content-Length": "13",
        "Content-Type": "application/merge-patch\u002Bjson",
        "Date": "Fri, 22 Apr 2022 06:55:07 GMT",
        "traceparent": "00-ffb5a07a9c7d9342904d6afff4e652ff-56a313e587df8c41-00",
        "User-Agent": "azsdk-net-Communication.PhoneNumbers/1.1.0-alpha.20220422.1 (.NET Framework 4.8.4470.0; Microsoft Windows 10.0.22000 )",
        "x-ms-client-request-id": "a0fed136322310f912d7efab8374e113",
        "x-ms-content-sha256": "Sanitized",
        "x-ms-return-client-request-id": "true"
      },
      "RequestBody": {
        "routes": []
      },
      "StatusCode": 200,
      "ResponseHeaders": {
        "Content-Type": "application/json; charset=utf-8",
        "Date": "Fri, 22 Apr 2022 06:55:06 GMT",
        "MS-CV": "a1BJbqnzWEqGdfH6MHjb4A.0",
        "Strict-Transport-Security": "max-age=2592000",
        "Transfer-Encoding": "chunked",
        "X-Azure-Ref": "0S1FiYgAAAAAtf\u002Bt/YuImQZ1LogSfb6ZyUFJHMDFFREdFMDcxNgA5ZmM3YjUxOS1hOGNjLTRmODktOTM1ZS1jOTE0OGFlMDllODE=",
        "X-Cache": "CONFIG_NOCACHE",
        "X-Processing-Time": "298ms"
      },
      "ResponseBody": {
        "trunks": {
          "sbs1.sipconfigtest.com": {
            "sipSignalingPort": 1122
          },
          "sbs2.sipconfigtest.com": {
            "sipSignalingPort": 1123
          }
        },
        "routes": []
      }
    },
    {
      "RequestUri": "https://e2e_test.communication.azure.com/sip?api-version=2021-05-01-preview1",
      "RequestMethod": "GET",
      "RequestHeaders": {
        "Accept": "application/json",
        "Authorization": "Sanitized",
        "Date": "Fri, 22 Apr 2022 06:55:07 GMT",
        "traceparent": "00-63a485c0bea8c544a74258d264ac0d8d-758217ea1e63c04d-00",
        "User-Agent": "azsdk-net-Communication.PhoneNumbers/1.1.0-alpha.20220422.1 (.NET Framework 4.8.4470.0; Microsoft Windows 10.0.22000 )",
        "x-ms-client-request-id": "e495807d0e259c40a0d97361384450ae",
        "x-ms-content-sha256": "Sanitized",
        "x-ms-return-client-request-id": "true"
      },
      "RequestBody": null,
      "StatusCode": 200,
      "ResponseHeaders": {
        "Content-Type": "application/json; charset=utf-8",
        "Date": "Fri, 22 Apr 2022 06:55:07 GMT",
        "MS-CV": "K3zlWSrZUEGNmpsyUAMpXA.0",
        "Strict-Transport-Security": "max-age=2592000",
        "Transfer-Encoding": "chunked",
        "X-Azure-Ref": "0S1FiYgAAAAAgDgGhjl5STaTA/ZAOZD8TUFJHMDFFREdFMDcxNgA5ZmM3YjUxOS1hOGNjLTRmODktOTM1ZS1jOTE0OGFlMDllODE=",
        "X-Cache": "CONFIG_NOCACHE",
        "X-Processing-Time": "186ms"
      },
      "ResponseBody": {
        "trunks": {
          "sbs1.sipconfigtest.com": {
            "sipSignalingPort": 1122
          },
          "sbs2.sipconfigtest.com": {
            "sipSignalingPort": 1123
          }
        },
        "routes": []
      }
    },
    {
      "RequestUri": "https://e2e_test.communication.azure.com/sip?api-version=2021-05-01-preview1",
      "RequestMethod": "PATCH",
      "RequestHeaders": {
        "Accept": "application/json",
        "Authorization": "Sanitized",
        "Content-Length": "72",
        "Content-Type": "application/merge-patch\u002Bjson",
        "Date": "Fri, 22 Apr 2022 06:55:08 GMT",
        "traceparent": "00-63a485c0bea8c544a74258d264ac0d8d-5577fb5d01a35047-00",
        "User-Agent": "azsdk-net-Communication.PhoneNumbers/1.1.0-alpha.20220422.1 (.NET Framework 4.8.4470.0; Microsoft Windows 10.0.22000 )",
        "x-ms-client-request-id": "a8c2619f489180e50cec522ee627936c",
        "x-ms-content-sha256": "Sanitized",
        "x-ms-return-client-request-id": "true"
      },
      "RequestBody": {
        "trunks": {
          "sbs1.sipconfigtest.com": null,
          "sbs2.sipconfigtest.com": null
        }
      },
      "StatusCode": 200,
      "ResponseHeaders": {
        "Content-Type": "application/json; charset=utf-8",
        "Date": "Fri, 22 Apr 2022 06:55:07 GMT",
        "MS-CV": "Qf5Yf5FR2Ui\u002BGfLiOguneA.0",
        "Strict-Transport-Security": "max-age=2592000",
        "Transfer-Encoding": "chunked",
        "X-Azure-Ref": "0TFFiYgAAAADqZYsicrzETqmssWHjRE80UFJHMDFFREdFMDcxNgA5ZmM3YjUxOS1hOGNjLTRmODktOTM1ZS1jOTE0OGFlMDllODE=",
        "X-Cache": "CONFIG_NOCACHE",
        "X-Processing-Time": "424ms"
      },
      "ResponseBody": {
        "trunks": {},
        "routes": []
      }
    },
    {
      "RequestUri": "https://e2e_test.communication.azure.com/sip?api-version=2021-05-01-preview1",
      "RequestMethod": "PATCH",
      "RequestHeaders": {
        "Accept": "application/json",
        "Authorization": "Sanitized",
        "Content-Length": "114",
        "Content-Type": "application/merge-patch\u002Bjson",
        "Date": "Fri, 22 Apr 2022 06:55:08 GMT",
        "traceparent": "00-63a485c0bea8c544a74258d264ac0d8d-bc38ed3e5351c449-00",
        "User-Agent": "azsdk-net-Communication.PhoneNumbers/1.1.0-alpha.20220422.1 (.NET Framework 4.8.4470.0; Microsoft Windows 10.0.22000 )",
        "x-ms-client-request-id": "de0cdafd514027e691620049be98d8ce",
        "x-ms-content-sha256": "Sanitized",
        "x-ms-return-client-request-id": "true"
      },
      "RequestBody": {
        "trunks": {
          "sbs1.sipconfigtest.com": {
            "sipSignalingPort": 1122
          },
          "sbs2.sipconfigtest.com": {
            "sipSignalingPort": 1123
          }
        }
      },
      "StatusCode": 200,
      "ResponseHeaders": {
        "Content-Type": "application/json; charset=utf-8",
        "Date": "Fri, 22 Apr 2022 06:55:08 GMT",
        "MS-CV": "aHpW8xBEKkKNf8x9sQjANg.0",
        "Strict-Transport-Security": "max-age=2592000",
        "Transfer-Encoding": "chunked",
        "X-Azure-Ref": "0TFFiYgAAAAD5AZ1APsSfSJY2Qf6IMvlNUFJHMDFFREdFMDcxNgA5ZmM3YjUxOS1hOGNjLTRmODktOTM1ZS1jOTE0OGFlMDllODE=",
        "X-Cache": "CONFIG_NOCACHE",
        "X-Processing-Time": "867ms"
      },
      "ResponseBody": {
        "trunks": {
          "sbs1.sipconfigtest.com": {
            "sipSignalingPort": 1122
          },
          "sbs2.sipconfigtest.com": {
            "sipSignalingPort": 1123
          }
        },
        "routes": []
      }
    },
    {
      "RequestUri": "https://e2e_test.communication.azure.com/sip?api-version=2021-05-01-preview1",
      "RequestMethod": "PATCH",
      "RequestHeaders": {
        "Accept": "application/json",
        "Authorization": "Sanitized",
        "Content-Length": "178",
        "Content-Type": "application/merge-patch\u002Bjson",
        "Date": "Fri, 22 Apr 2022 06:55:09 GMT",
        "traceparent": "00-7bf43469114a324587f0d5e7f7ce7c85-ad9edf857d78204f-00",
        "User-Agent": "azsdk-net-Communication.PhoneNumbers/1.1.0-alpha.20220422.1 (.NET Framework 4.8.4470.0; Microsoft Windows 10.0.22000 )",
        "x-ms-client-request-id": "210b408739b234819b15d738bc12b578",
        "x-ms-content-sha256": "Sanitized",
        "x-ms-return-client-request-id": "true"
      },
      "RequestBody": {
        "routes": [
          {
            "description": "Handle numbers starting with \u0027\u002B123\u0027",
            "name": "First rule",
            "numberPattern": "\\\u002B123[0-9]\u002B",
            "trunks": [
              "sbs1.sipconfigtest.com"
            ]
          }
        ]
      },
      "StatusCode": 200,
      "ResponseHeaders": {
        "Content-Type": "application/json; charset=utf-8",
        "Date": "Fri, 22 Apr 2022 06:55:09 GMT",
        "MS-CV": "Vrk0IXs3I0eRD0ueh5V2fQ.0",
        "Strict-Transport-Security": "max-age=2592000",
        "Transfer-Encoding": "chunked",
        "X-Azure-Ref": "0TVFiYgAAAAANoG2dU7k3RpvGFBtM\u002Be2MUFJHMDFFREdFMDcxNgA5ZmM3YjUxOS1hOGNjLTRmODktOTM1ZS1jOTE0OGFlMDllODE=",
        "X-Cache": "CONFIG_NOCACHE",
        "X-Processing-Time": "352ms"
      },
      "ResponseBody": {
        "trunks": {
          "sbs1.sipconfigtest.com": {
            "sipSignalingPort": 1122
          },
          "sbs2.sipconfigtest.com": {
            "sipSignalingPort": 1123
          }
        },
        "routes": [
          {
            "description": "Handle numbers starting with \u0027\u002B123\u0027",
            "name": "First rule",
            "numberPattern": "\\\u002B123[0-9]\u002B",
            "trunks": [
              "sbs1.sipconfigtest.com"
            ]
          }
        ]
      }
    },
    {
      "RequestUri": "https://e2e_test.communication.azure.com/sip?api-version=2021-05-01-preview1",
      "RequestMethod": "PATCH",
      "RequestHeaders": {
        "Accept": "application/json",
        "Authorization": "Sanitized",
        "Content-Length": "184",
        "Content-Type": "application/merge-patch\u002Bjson",
        "Date": "Fri, 22 Apr 2022 06:55:10 GMT",
        "traceparent": "00-06c1c7e00d741841a9852fdb536bae4c-25bd2dad59ed1749-00",
        "User-Agent": "azsdk-net-Communication.PhoneNumbers/1.1.0-alpha.20220422.1 (.NET Framework 4.8.4470.0; Microsoft Windows 10.0.22000 )",
        "x-ms-client-request-id": "5d63064572384d6e7a9a172f489bc173",
        "x-ms-content-sha256": "Sanitized",
        "x-ms-return-client-request-id": "true"
      },
      "RequestBody": {
        "routes": [
          {
            "description": "Handle all other numbers\u0027",
            "name": "Last rule",
            "numberPattern": "\\\u002B[1-9][0-9]{3,23}",
            "trunks": [
              "sbs1.sipconfigtest.com",
              "sbs2.sipconfigtest.com"
            ]
          }
        ]
      },
      "StatusCode": 200,
      "ResponseHeaders": {
        "Content-Type": "application/json; charset=utf-8",
        "Date": "Fri, 22 Apr 2022 06:55:09 GMT",
        "MS-CV": "pC11v3esvEyNCphuzcCwGA.0",
        "Strict-Transport-Security": "max-age=2592000",
        "Transfer-Encoding": "chunked",
        "X-Azure-Ref": "0TlFiYgAAAAAIB361bfyQQpBWCdbppc4nUFJHMDFFREdFMDcxNgA5ZmM3YjUxOS1hOGNjLTRmODktOTM1ZS1jOTE0OGFlMDllODE=",
        "X-Cache": "CONFIG_NOCACHE",
        "X-Processing-Time": "322ms"
      },
      "ResponseBody": {
        "trunks": {
          "sbs1.sipconfigtest.com": {
            "sipSignalingPort": 1122
          },
          "sbs2.sipconfigtest.com": {
            "sipSignalingPort": 1123
          }
        },
        "routes": [
          {
            "description": "Handle all other numbers\u0027",
            "name": "Last rule",
            "numberPattern": "\\\u002B[1-9][0-9]{3,23}",
            "trunks": [
              "sbs1.sipconfigtest.com",
              "sbs2.sipconfigtest.com"
            ]
          }
        ]
      }
    },
    {
      "RequestUri": "https://e2e_test.communication.azure.com/sip?api-version=2021-05-01-preview1",
      "RequestMethod": "GET",
      "RequestHeaders": {
        "Accept": "application/json",
        "Authorization": "Sanitized",
        "Date": "Fri, 22 Apr 2022 06:55:10 GMT",
        "traceparent": "00-c7e86ff9f5585444bc9f33201a467aab-2d3360c140d9654e-00",
        "User-Agent": "azsdk-net-Communication.PhoneNumbers/1.1.0-alpha.20220422.1 (.NET Framework 4.8.4470.0; Microsoft Windows 10.0.22000 )",
        "x-ms-client-request-id": "a6a68414711bc4ba59d7422b79ad6b7f",
        "x-ms-content-sha256": "Sanitized",
        "x-ms-return-client-request-id": "true"
      },
      "RequestBody": null,
      "StatusCode": 200,
      "ResponseHeaders": {
        "Content-Type": "application/json; charset=utf-8",
        "Date": "Fri, 22 Apr 2022 06:55:09 GMT",
        "MS-CV": "caOH\u002BejKvEyfCkc4LrQ1Bg.0",
        "Strict-Transport-Security": "max-age=2592000",
        "Transfer-Encoding": "chunked",
        "X-Azure-Ref": "0TlFiYgAAAADEA0f6dLZpTJY1M1EaWORjUFJHMDFFREdFMDcxNgA5ZmM3YjUxOS1hOGNjLTRmODktOTM1ZS1jOTE0OGFlMDllODE=",
        "X-Cache": "CONFIG_NOCACHE",
        "X-Processing-Time": "244ms"
      },
      "ResponseBody": {
        "trunks": {
          "sbs1.sipconfigtest.com": {
            "sipSignalingPort": 1122
          },
          "sbs2.sipconfigtest.com": {
            "sipSignalingPort": 1123
          }
        },
        "routes": [
          {
            "description": "Handle all other numbers\u0027",
            "name": "Last rule",
            "numberPattern": "\\\u002B[1-9][0-9]{3,23}",
            "trunks": [
              "sbs1.sipconfigtest.com",
              "sbs2.sipconfigtest.com"
            ]
          }
        ]
      }
    }
  ],
  "Variables": {
    "COMMUNICATION_LIVETEST_STATIC_CONNECTION_STRING": "endpoint=https://e2e_test.communication.azure.com/;accesskey=Kg==",
    "RandomSeed": "1056660379"
  }
}