{
  "Entries": [
    {
      "RequestUri": "https://sanitized.communication.azure.com/sip?api-version=2023-03-01",
      "RequestMethod": "PATCH",
      "RequestHeaders": {
        "Accept": "application/json",
        "Authorization": "Sanitized",
        "Content-Length": "13",
        "Content-Type": "application/merge-patch\u002Bjson",
        "traceparent": "00-07082b62eaeba94496ef8df29593cd42-d394742cc0962a42-00",
        "User-Agent": "azsdk-net-Communication.PhoneNumbers/1.1.0-alpha.20230308.1 (.NET Framework 4.8.9139.0; Microsoft Windows 10.0.22621 )",
        "x-ms-client-request-id": "26e5e46f61db3eb33d0f2e17bc5f5564",
        "x-ms-content-sha256": "Sanitized",
        "x-ms-date": "Thu, 09 Mar 2023 07:22:58 GMT",
        "x-ms-return-client-request-id": "true"
      },
      "RequestBody": {
        "routes": []
      },
      "StatusCode": 200,
      "ResponseHeaders": {
        "api-supported-versions": "2021-05-01-preview, 2022-09-01-preview, 2023-01-01-preview, 2023-03-01",
        "Content-Length": "25",
        "Content-Type": "application/json; charset=utf-8",
        "Date": "Thu, 09 Mar 2023 07:22:57 GMT",
        "MS-CV": "2N6qqvFKuE\u002BjUKnaUJ0V2w.0",
        "Strict-Transport-Security": "max-age=2592000",
        "X-Azure-Ref": "0UIkJZAAAAADsjMAXNxJdTZmCrr9hFiEXUFJHMDFFREdFMDkxMgBjYzkyNzU4ZC0wNWY3LTRhZDYtYWE1ZS0wZmE5NzE4ZDg5ODU=",
        "X-Cache": "CONFIG_NOCACHE",
        "X-Processing-Time": "279ms"
      },
      "ResponseBody": {
        "trunks": {},
        "routes": []
      }
    },
    {
      "RequestUri": "https://sanitized.communication.azure.com/sip?api-version=2023-03-01",
      "RequestMethod": "PATCH",
      "RequestHeaders": {
        "Accept": "application/json",
        "Authorization": "Sanitized",
        "Content-Length": "139",
        "Content-Type": "application/merge-patch\u002Bjson",
        "traceparent": "00-307919e0109743459963de75e3ead6ad-60b45fb49c9a694f-00",
        "User-Agent": "azsdk-net-Communication.PhoneNumbers/1.1.0-alpha.20230308.1 (.NET Framework 4.8.9139.0; Microsoft Windows 10.0.22621 )",
        "x-ms-client-request-id": "8c9df5676e9a0fce5defd12b2a773fb4",
        "x-ms-content-sha256": "Sanitized",
        "x-ms-date": "Thu, 09 Mar 2023 07:22:58 GMT",
        "x-ms-return-client-request-id": "true"
      },
      "RequestBody": {
        "routes": [
          {
            "description": "Handle all numbers\u0027",
            "name": "Rule without trunks",
            "numberPattern": "\\\u002B[1-9][0-9]{3,23}",
            "trunks": []
          }
        ]
      },
      "StatusCode": 200,
      "ResponseHeaders": {
        "api-supported-versions": "2021-05-01-preview, 2022-09-01-preview, 2023-01-01-preview, 2023-03-01",
        "Content-Length": "141",
        "Content-Type": "application/json; charset=utf-8",
        "Date": "Thu, 09 Mar 2023 07:22:57 GMT",
        "MS-CV": "lkHiWddrrUSPfAfXcu\u002BzRw.0",
        "Strict-Transport-Security": "max-age=2592000",
        "X-Azure-Ref": "0UYkJZAAAAACvZTy5Is3EQLSX68xAsTl6UFJHMDFFREdFMDkxMgBjYzkyNzU4ZC0wNWY3LTRhZDYtYWE1ZS0wZmE5NzE4ZDg5ODU=",
        "X-Cache": "CONFIG_NOCACHE",
        "X-Processing-Time": "277ms"
      },
      "ResponseBody": {
        "trunks": {},
        "routes": [
          {
            "description": "Handle all numbers\u0027",
            "name": "Rule without trunks",
            "numberPattern": "\\\u002B[1-9][0-9]{3,23}",
            "trunks": []
          }
        ]
      }
    },
    {
      "RequestUri": "https://sanitized.communication.azure.com/sip?api-version=2023-03-01",
      "RequestMethod": "PATCH",
      "RequestHeaders": {
        "Accept": "application/json",
        "Authorization": "Sanitized",
        "Content-Length": "141",
        "Content-Type": "application/merge-patch\u002Bjson",
        "traceparent": "00-77951787500da24bb4b20c802b0080d1-9b7caa38e1bd0f49-00",
        "User-Agent": "azsdk-net-Communication.PhoneNumbers/1.1.0-alpha.20230308.1 (.NET Framework 4.8.9139.0; Microsoft Windows 10.0.22621 )",
        "x-ms-client-request-id": "59ec1179bce5b6065f10fcb1f8d05e3c",
        "x-ms-content-sha256": "Sanitized",
        "x-ms-date": "Thu, 09 Mar 2023 07:22:59 GMT",
        "x-ms-return-client-request-id": "true"
      },
      "RequestBody": {
        "routes": [
          {
            "description": "Handle all numbers\u0027",
            "name": "Rule without trunks 2",
            "numberPattern": "\\\u002B[1-9][0-9]{3,23}",
            "trunks": []
          }
        ]
      },
      "StatusCode": 200,
      "ResponseHeaders": {
        "api-supported-versions": "2021-05-01-preview, 2022-09-01-preview, 2023-01-01-preview, 2023-03-01",
        "Content-Length": "143",
        "Content-Type": "application/json; charset=utf-8",
        "Date": "Thu, 09 Mar 2023 07:22:58 GMT",
        "MS-CV": "WdPcRx65f0WTlzCha3SEgQ.0",
        "Strict-Transport-Security": "max-age=2592000",
        "X-Azure-Ref": "0UYkJZAAAAABE3X5WodHpRJjIOcJxCuLpUFJHMDFFREdFMDkxMgBjYzkyNzU4ZC0wNWY3LTRhZDYtYWE1ZS0wZmE5NzE4ZDg5ODU=",
        "X-Cache": "CONFIG_NOCACHE",
        "X-Processing-Time": "277ms"
      },
      "ResponseBody": {
        "trunks": {},
        "routes": [
          {
            "description": "Handle all numbers\u0027",
            "name": "Rule without trunks 2",
            "numberPattern": "\\\u002B[1-9][0-9]{3,23}",
            "trunks": []
          }
        ]
      }
    },
    {
      "RequestUri": "https://sanitized.communication.azure.com/sip?api-version=2023-03-01",
      "RequestMethod": "GET",
      "RequestHeaders": {
        "Accept": "application/json",
        "Authorization": "Sanitized",
        "traceparent": "00-cb1e48472aff1f409e584f7c02610fba-3ce860423480a446-00",
        "User-Agent": "azsdk-net-Communication.PhoneNumbers/1.1.0-alpha.20230308.1 (.NET Framework 4.8.9139.0; Microsoft Windows 10.0.22621 )",
        "x-ms-client-request-id": "fdb9f94781ef002415d6c8eb908813c6",
        "x-ms-content-sha256": "Sanitized",
        "x-ms-date": "Thu, 09 Mar 2023 07:22:59 GMT",
        "x-ms-return-client-request-id": "true"
      },
      "RequestBody": null,
      "StatusCode": 200,
      "ResponseHeaders": {
        "api-supported-versions": "2021-05-01-preview, 2022-09-01-preview, 2023-01-01-preview, 2023-03-01",
        "Content-Length": "143",
        "Content-Type": "application/json; charset=utf-8",
        "Date": "Thu, 09 Mar 2023 07:22:58 GMT",
        "MS-CV": "3DwhyKKzsEGPRkys7wkMzQ.0",
        "Strict-Transport-Security": "max-age=2592000",
        "X-Azure-Ref": "0UokJZAAAAAC/ddaKtlq6R6QB5KrILRgrUFJHMDFFREdFMDkxMgBjYzkyNzU4ZC0wNWY3LTRhZDYtYWE1ZS0wZmE5NzE4ZDg5ODU=",
        "X-Cache": "CONFIG_NOCACHE",
        "X-Processing-Time": "213ms"
      },
      "ResponseBody": {
        "trunks": {},
        "routes": [
          {
            "description": "Handle all numbers\u0027",
            "name": "Rule without trunks 2",
            "numberPattern": "\\\u002B[1-9][0-9]{3,23}",
            "trunks": []
          }
        ]
      }
    },
    {
      "RequestUri": "https://sanitized.communication.azure.com/sip?api-version=2023-03-01",
      "RequestMethod": "PATCH",
      "RequestHeaders": {
        "Accept": "application/json",
        "Authorization": "Sanitized",
        "Content-Length": "13",
        "Content-Type": "application/merge-patch\u002Bjson",
        "traceparent": "00-9f409d1a04584d47bff4e8da4dacfb91-5e417df9d7afcd4c-00",
        "User-Agent": "azsdk-net-Communication.PhoneNumbers/1.1.0-alpha.20230308.1 (.NET Framework 4.8.9139.0; Microsoft Windows 10.0.22621 )",
        "x-ms-client-request-id": "ab9d79d0fb73aa7fefe72c8a721c168d",
        "x-ms-content-sha256": "Sanitized",
        "x-ms-date": "Thu, 09 Mar 2023 07:23:00 GMT",
        "x-ms-return-client-request-id": "true"
      },
      "RequestBody": {
        "routes": []
      },
      "StatusCode": 200,
      "ResponseHeaders": {
        "api-supported-versions": "2021-05-01-preview, 2022-09-01-preview, 2023-01-01-preview, 2023-03-01",
        "Content-Length": "25",
        "Content-Type": "application/json; charset=utf-8",
        "Date": "Thu, 09 Mar 2023 07:22:59 GMT",
        "MS-CV": "cE2HleZXUEKcLfUM\u002BuS0xg.0",
        "Strict-Transport-Security": "max-age=2592000",
        "X-Azure-Ref": "0UokJZAAAAAAEuPIZvqEASIt4wjOS2V9YUFJHMDFFREdFMDkxMgBjYzkyNzU4ZC0wNWY3LTRhZDYtYWE1ZS0wZmE5NzE4ZDg5ODU=",
        "X-Cache": "CONFIG_NOCACHE",
        "X-Processing-Time": "290ms"
      },
      "ResponseBody": {
        "trunks": {},
        "routes": []
      }
    },
    {
      "RequestUri": "https://sanitized.communication.azure.com/sip?api-version=2023-03-01",
      "RequestMethod": "GET",
      "RequestHeaders": {
        "Accept": "application/json",
        "Authorization": "Sanitized",
        "traceparent": "00-c40c1c24f7a71549a1f22cf7c5bcb8b1-a99268971f5bf943-00",
        "User-Agent": "azsdk-net-Communication.PhoneNumbers/1.1.0-alpha.20230308.1 (.NET Framework 4.8.9139.0; Microsoft Windows 10.0.22621 )",
        "x-ms-client-request-id": "30e3959141bdf8c5edeb430ef41a25d7",
        "x-ms-content-sha256": "Sanitized",
        "x-ms-date": "Thu, 09 Mar 2023 07:23:00 GMT",
        "x-ms-return-client-request-id": "true"
      },
      "RequestBody": null,
      "StatusCode": 200,
      "ResponseHeaders": {
        "api-supported-versions": "2021-05-01-preview, 2022-09-01-preview, 2023-01-01-preview, 2023-03-01",
        "Content-Length": "25",
        "Content-Type": "application/json; charset=utf-8",
        "Date": "Thu, 09 Mar 2023 07:22:59 GMT",
        "MS-CV": "oGcG4UpfakyE0GCQIyBSHA.0",
        "Strict-Transport-Security": "max-age=2592000",
        "X-Azure-Ref": "0U4kJZAAAAABdgXP7XfutQ5a9G8yt3nAJUFJHMDFFREdFMDkxMgBjYzkyNzU4ZC0wNWY3LTRhZDYtYWE1ZS0wZmE5NzE4ZDg5ODU=",
        "X-Cache": "CONFIG_NOCACHE",
        "X-Processing-Time": "173ms"
      },
      "ResponseBody": {
        "trunks": {},
        "routes": []
      }
    }
  ],
  "Variables": {
    "RandomSeed": "1666373588"
  }
}
