{
  "Entries": [
    {
      "RequestUri": "https://management.azure.com/subscriptions/db1ab6f0-4769-4b27-930e-01e2ef9c123c/resourceGroups/dbaccount-2333/providers/Microsoft.DocumentDB/databaseAccounts/dbaccount-4051/cassandraKeyspaces/cassandra-keyspace-8923?api-version=2022-05-15",
      "RequestMethod": "GET",
      "RequestHeaders": {
        "Accept": "application/json",
        "Authorization": "Sanitized",
        "User-Agent": "azsdk-net-ResourceManager.CosmosDB/1.0.0-alpha.20211203.1 (.NET Framework 4.8.4420.0; Microsoft Windows 10.0.22000 )",
        "x-ms-client-request-id": "ab2f575ba1aa20264d59f00d88c59934",
        "x-ms-return-client-request-id": "true"
      },
      "RequestBody": null,
      "StatusCode": 200,
      "ResponseHeaders": {
        "Cache-Control": [
          "no-store",
          "no-cache"
        ],
        "Content-Length": "440",
        "Content-Type": "application/json",
        "Date": "Fri, 03 Dec 2021 02:48:10 GMT",
        "Pragma": "no-cache",
        "Server": "Microsoft-HTTPAPI/2.0",
        "Strict-Transport-Security": "max-age=31536000; includeSubDomains",
        "X-Content-Type-Options": "nosniff",
        "x-ms-correlation-request-id": "602f95fd-2d26-4833-8bf2-765dee2bf594",
        "x-ms-gatewayversion": "version=2.14.0",
        "x-ms-ratelimit-remaining-subscription-reads": "11048",
        "x-ms-request-id": "602f95fd-2d26-4833-8bf2-765dee2bf594",
        "x-ms-routing-request-id": "EASTASIA:20211203T024811Z:602f95fd-2d26-4833-8bf2-765dee2bf594"
      },
      "ResponseBody": {
        "id": "/subscriptions/db1ab6f0-4769-4b27-930e-01e2ef9c123c/resourceGroups/dbaccount-2333/providers/Microsoft.DocumentDB/databaseAccounts/dbaccount-4051/cassandraKeyspaces/cassandra-keyspace-8923",
        "type": "Microsoft.DocumentDB/databaseAccounts/cassandraKeyspaces",
        "name": "cassandra-keyspace-8923",
        "properties": {
          "resource": {
            "id": "cassandra-keyspace-8923",
            "_rid": "2xl7AA==",
            "_etag": "\"00005103-0000-0700-0000-61a985130000\"",
            "_ts": 1638499603
          }
        }
      }
    },
    {
      "RequestUri": "https://management.azure.com/subscriptions/db1ab6f0-4769-4b27-930e-01e2ef9c123c/resourceGroups/dbaccount-2333/providers/Microsoft.DocumentDB/databaseAccounts/dbaccount-4051/cassandraKeyspaces/cassandra-keyspace-8923/tables/cassandra-table-2180?api-version=2022-05-15",
      "RequestMethod": "PUT",
      "RequestHeaders": {
        "Accept": "application/json",
        "Authorization": "Sanitized",
        "Content-Length": "293",
        "Content-Type": "application/json",
        "User-Agent": "azsdk-net-ResourceManager.CosmosDB/1.0.0-alpha.20211203.1 (.NET Framework 4.8.4420.0; Microsoft Windows 10.0.22000 )",
        "x-ms-client-request-id": "968093c485a9c534ce55da63c9274074",
        "x-ms-return-client-request-id": "true"
      },
      "RequestBody": {
        "tags": {},
        "location": "westus",
        "properties": {
          "resource": {
            "id": "cassandra-table-2180",
            "schema": {
              "columns": [
                {
                  "name": "columnA",
                  "type": "int"
                },
                {
                  "name": "columnB",
                  "type": "ascii"
                }
              ],
              "partitionKeys": [
                {
                  "name": "columnA"
                }
              ],
              "clusterKeys": [
                {
                  "name": "columnB",
                  "orderBy": "Asc"
                }
              ]
            }
          },
          "options": {
            "throughput": 700
          }
        }
      },
      "StatusCode": 202,
      "ResponseHeaders": {
        "Azure-AsyncOperation": "https://management.azure.com/subscriptions/db1ab6f0-4769-4b27-930e-01e2ef9c123c/providers/Microsoft.DocumentDB/locations/westus2/operationsStatus/2b9be009-ff6d-4374-b7ac-ef426d0b3b3f?api-version=2022-05-15",
        "Cache-Control": [
          "no-store",
          "no-cache"
        ],
        "Content-Length": "21",
        "Content-Type": "application/json",
        "Date": "Fri, 03 Dec 2021 02:48:10 GMT",
        "Location": "https://management.azure.com/subscriptions/db1ab6f0-4769-4b27-930e-01e2ef9c123c/resourceGroups/dbaccount-2333/providers/Microsoft.DocumentDB/databaseAccounts/dbaccount-4051/cassandraKeyspaces/cassandra-keyspace-8923/tables/cassandra-table-2180/operationResults/2b9be009-ff6d-4374-b7ac-ef426d0b3b3f?api-version=2022-05-15",
        "Pragma": "no-cache",
        "Server": "Microsoft-HTTPAPI/2.0",
        "Strict-Transport-Security": "max-age=31536000; includeSubDomains",
        "X-Content-Type-Options": "nosniff",
        "x-ms-correlation-request-id": "59ce533a-1d0d-4eee-a80c-f0582219d810",
        "x-ms-gatewayversion": "version=2.14.0",
        "x-ms-ratelimit-remaining-subscription-writes": "1192",
        "x-ms-request-id": "2b9be009-ff6d-4374-b7ac-ef426d0b3b3f",
        "x-ms-routing-request-id": "EASTASIA:20211203T024811Z:59ce533a-1d0d-4eee-a80c-f0582219d810"
      },
      "ResponseBody": {
        "status": "Enqueued"
      }
    },
    {
      "RequestUri": "https://management.azure.com/subscriptions/db1ab6f0-4769-4b27-930e-01e2ef9c123c/providers/Microsoft.DocumentDB/locations/westus2/operationsStatus/2b9be009-ff6d-4374-b7ac-ef426d0b3b3f?api-version=2022-05-15",
      "RequestMethod": "GET",
      "RequestHeaders": {
        "Authorization": "Sanitized",
        "User-Agent": "azsdk-net-ResourceManager/1.0.0-alpha.20211203.1 (.NET Framework 4.8.4420.0; Microsoft Windows 10.0.22000 )",
        "x-ms-client-request-id": "7fc8dbba400d3e0e293176c443a7c0ff",
        "x-ms-return-client-request-id": "true"
      },
      "RequestBody": null,
      "StatusCode": 200,
      "ResponseHeaders": {
        "Cache-Control": [
          "no-store",
          "no-cache"
        ],
        "Content-Length": "22",
        "Content-Type": "application/json",
        "Date": "Fri, 03 Dec 2021 02:48:21 GMT",
        "Pragma": "no-cache",
        "Server": "Microsoft-HTTPAPI/2.0",
        "Strict-Transport-Security": "max-age=31536000; includeSubDomains",
        "X-Content-Type-Options": "nosniff",
        "x-ms-correlation-request-id": "ce3862ae-c802-4817-965a-411455ab656f",
        "x-ms-gatewayversion": "version=2.14.0",
        "x-ms-ratelimit-remaining-subscription-reads": "11038",
        "x-ms-request-id": "ce3862ae-c802-4817-965a-411455ab656f",
        "x-ms-routing-request-id": "EASTASIA:20211203T024822Z:ce3862ae-c802-4817-965a-411455ab656f"
      },
      "ResponseBody": {
        "status": "Succeeded"
      }
    },
    {
      "RequestUri": "https://management.azure.com/subscriptions/db1ab6f0-4769-4b27-930e-01e2ef9c123c/resourceGroups/dbaccount-2333/providers/Microsoft.DocumentDB/databaseAccounts/dbaccount-4051/cassandraKeyspaces/cassandra-keyspace-8923/tables/cassandra-table-2180?api-version=2022-05-15",
      "RequestMethod": "GET",
      "RequestHeaders": {
        "Authorization": "Sanitized",
        "User-Agent": "azsdk-net-ResourceManager/1.0.0-alpha.20211203.1 (.NET Framework 4.8.4420.0; Microsoft Windows 10.0.22000 )",
        "x-ms-client-request-id": "c57373ebe0c099eb3a75ec948931572c",
        "x-ms-return-client-request-id": "true"
      },
      "RequestBody": null,
      "StatusCode": 200,
      "ResponseHeaders": {
        "Cache-Control": [
          "no-store",
          "no-cache"
        ],
        "Content-Length": "665",
        "Content-Type": "application/json",
        "Date": "Fri, 03 Dec 2021 02:48:22 GMT",
        "Pragma": "no-cache",
        "Server": "Microsoft-HTTPAPI/2.0",
        "Strict-Transport-Security": "max-age=31536000; includeSubDomains",
        "X-Content-Type-Options": "nosniff",
        "x-ms-correlation-request-id": "f9f442ba-df6e-4240-8a73-eab391bf4634",
        "x-ms-gatewayversion": "version=2.14.0",
        "x-ms-ratelimit-remaining-subscription-reads": "11037",
        "x-ms-request-id": "f9f442ba-df6e-4240-8a73-eab391bf4634",
        "x-ms-routing-request-id": "EASTASIA:20211203T024823Z:f9f442ba-df6e-4240-8a73-eab391bf4634"
      },
      "ResponseBody": {
        "id": "/subscriptions/db1ab6f0-4769-4b27-930e-01e2ef9c123c/resourceGroups/dbaccount-2333/providers/Microsoft.DocumentDB/databaseAccounts/dbaccount-4051/cassandraKeyspaces/cassandra-keyspace-8923/tables/cassandra-table-2180",
        "type": "Microsoft.DocumentDB/databaseAccounts/cassandraKeyspaces/tables",
        "name": "cassandra-table-2180",
        "properties": {
          "resource": {
            "id": "cassandra-table-2180",
            "_rid": "2xl7AJcgVjI=",
            "_etag": "\"00006703-0000-0700-0000-61a985720000\"",
            "_ts": 1638499698,
            "defaultTtl": 0,
            "schema": {
              "columns": [
                {
                  "name": "columnA",
                  "type": "int"
                },
                {
                  "name": "columnB",
                  "type": "ascii"
                }
              ],
              "partitionKeys": [
                {
                  "name": "columnA"
                }
              ],
              "clusterKeys": [
                {
                  "name": "columnB",
                  "orderBy": "Asc"
                }
              ]
            }
          }
        }
      }
    },
    {
      "RequestUri": "https://management.azure.com/subscriptions/db1ab6f0-4769-4b27-930e-01e2ef9c123c/resourceGroups/dbaccount-2333/providers/Microsoft.DocumentDB/databaseAccounts/dbaccount-4051/cassandraKeyspaces/cassandra-keyspace-8923/tables/cassandra-table-2180/throughputSettings/default?api-version=2022-05-15",
      "RequestMethod": "GET",
      "RequestHeaders": {
        "Accept": "application/json",
        "Authorization": "Sanitized",
        "User-Agent": "azsdk-net-ResourceManager.CosmosDB/1.0.0-alpha.20211203.1 (.NET Framework 4.8.4420.0; Microsoft Windows 10.0.22000 )",
        "x-ms-client-request-id": "a4ac267b72c791b7c86c6fe5a94864cb",
        "x-ms-return-client-request-id": "true"
      },
      "RequestBody": null,
      "StatusCode": 200,
      "ResponseHeaders": {
        "Cache-Control": [
          "no-store",
          "no-cache"
        ],
        "Content-Length": "428",
        "Content-Type": "application/json",
        "Date": "Fri, 03 Dec 2021 02:48:22 GMT",
        "Pragma": "no-cache",
        "Server": "Microsoft-HTTPAPI/2.0",
        "Strict-Transport-Security": "max-age=31536000; includeSubDomains",
        "X-Content-Type-Options": "nosniff",
        "x-ms-correlation-request-id": "d583aaba-4583-4f64-81ad-7ddc525f1780",
        "x-ms-gatewayversion": "version=2.14.0",
        "x-ms-ratelimit-remaining-subscription-reads": "11036",
        "x-ms-request-id": "d583aaba-4583-4f64-81ad-7ddc525f1780",
        "x-ms-routing-request-id": "EASTASIA:20211203T024823Z:d583aaba-4583-4f64-81ad-7ddc525f1780"
      },
      "ResponseBody": {
        "id": "/subscriptions/db1ab6f0-4769-4b27-930e-01e2ef9c123c/resourceGroups/dbaccount-2333/providers/Microsoft.DocumentDB/databaseAccounts/dbaccount-4051/cassandraKeyspaces/cassandra-keyspace-8923/tables/cassandra-table-2180/throughputSettings/default",
        "type": "Microsoft.DocumentDB/databaseAccounts/cassandraKeyspaces/tables/throughputSettings",
        "name": "iqes",
        "properties": {
          "resource": {
            "throughput": 700,
            "minimumThroughput": "400"
          }
        }
      }
    },
    {
      "RequestUri": "https://management.azure.com/subscriptions/db1ab6f0-4769-4b27-930e-01e2ef9c123c/resourceGroups/dbaccount-2333/providers/Microsoft.DocumentDB/databaseAccounts/dbaccount-4051/cassandraKeyspaces/cassandra-keyspace-8923/tables/cassandra-table-2180/throughputSettings/default/migrateToAutoscale?api-version=2022-05-15",
      "RequestMethod": "POST",
      "RequestHeaders": {
        "Accept": "application/json",
        "Authorization": "Sanitized",
        "User-Agent": "azsdk-net-ResourceManager.CosmosDB/1.0.0-alpha.20211203.1 (.NET Framework 4.8.4420.0; Microsoft Windows 10.0.22000 )",
        "x-ms-client-request-id": "349283ead7b0da8fef2f4497547ab5f8",
        "x-ms-return-client-request-id": "true"
      },
      "RequestBody": null,
      "StatusCode": 202,
      "ResponseHeaders": {
        "Azure-AsyncOperation": "https://management.azure.com/subscriptions/db1ab6f0-4769-4b27-930e-01e2ef9c123c/providers/Microsoft.DocumentDB/locations/westus2/operationsStatus/03ab1860-4de4-40c4-82ff-2da7e1c4e942?api-version=2022-05-15",
        "Cache-Control": [
          "no-store",
          "no-cache"
        ],
        "Content-Length": "21",
        "Content-Type": "application/json",
        "Date": "Fri, 03 Dec 2021 02:48:23 GMT",
        "Location": "https://management.azure.com/subscriptions/db1ab6f0-4769-4b27-930e-01e2ef9c123c/resourceGroups/dbaccount-2333/providers/Microsoft.DocumentDB/databaseAccounts/dbaccount-4051/cassandraKeyspaces/cassandra-keyspace-8923/tables/cassandra-table-2180/throughputSettings/default/migrateToAutoscale/operationResults/03ab1860-4de4-40c4-82ff-2da7e1c4e942?api-version=2022-05-15",
        "Pragma": "no-cache",
        "Server": "Microsoft-HTTPAPI/2.0",
        "Strict-Transport-Security": "max-age=31536000; includeSubDomains",
        "X-Content-Type-Options": "nosniff",
        "x-ms-correlation-request-id": "9938cb2e-ecf3-4941-b01e-83a72091f746",
        "x-ms-gatewayversion": "version=2.14.0",
        "x-ms-ratelimit-remaining-subscription-writes": "1199",
        "x-ms-request-id": "03ab1860-4de4-40c4-82ff-2da7e1c4e942",
        "x-ms-routing-request-id": "EASTASIA:20211203T024824Z:9938cb2e-ecf3-4941-b01e-83a72091f746"
      },
      "ResponseBody": {
        "status": "Enqueued"
      }
    },
    {
      "RequestUri": "https://management.azure.com/subscriptions/db1ab6f0-4769-4b27-930e-01e2ef9c123c/providers/Microsoft.DocumentDB/locations/westus2/operationsStatus/03ab1860-4de4-40c4-82ff-2da7e1c4e942?api-version=2022-05-15",
      "RequestMethod": "GET",
      "RequestHeaders": {
        "Authorization": "Sanitized",
        "User-Agent": "azsdk-net-ResourceManager/1.0.0-alpha.20211203.1 (.NET Framework 4.8.4420.0; Microsoft Windows 10.0.22000 )",
        "x-ms-client-request-id": "2b28dbcc6f9dadf061bbe4f5f5d30a21",
        "x-ms-return-client-request-id": "true"
      },
      "RequestBody": null,
      "StatusCode": 200,
      "ResponseHeaders": {
        "Cache-Control": [
          "no-store",
          "no-cache"
        ],
        "Content-Length": "22",
        "Content-Type": "application/json",
        "Date": "Fri, 03 Dec 2021 02:48:29 GMT",
        "Pragma": "no-cache",
        "Server": "Microsoft-HTTPAPI/2.0",
        "Strict-Transport-Security": "max-age=31536000; includeSubDomains",
        "X-Content-Type-Options": "nosniff",
        "x-ms-correlation-request-id": "0f0d3dbe-eae0-4720-8dba-f3ab6126db70",
        "x-ms-gatewayversion": "version=2.14.0",
        "x-ms-ratelimit-remaining-subscription-reads": "11030",
        "x-ms-request-id": "0f0d3dbe-eae0-4720-8dba-f3ab6126db70",
        "x-ms-routing-request-id": "EASTASIA:20211203T024830Z:0f0d3dbe-eae0-4720-8dba-f3ab6126db70"
      },
      "ResponseBody": {
        "status": "Succeeded"
      }
    },
    {
      "RequestUri": "https://management.azure.com/subscriptions/db1ab6f0-4769-4b27-930e-01e2ef9c123c/resourceGroups/dbaccount-2333/providers/Microsoft.DocumentDB/databaseAccounts/dbaccount-4051/cassandraKeyspaces/cassandra-keyspace-8923/tables/cassandra-table-2180/throughputSettings/default/migrateToAutoscale/operationResults/03ab1860-4de4-40c4-82ff-2da7e1c4e942?api-version=2022-05-15",
      "RequestMethod": "GET",
      "RequestHeaders": {
        "Authorization": "Sanitized",
        "User-Agent": "azsdk-net-ResourceManager/1.0.0-alpha.20211203.1 (.NET Framework 4.8.4420.0; Microsoft Windows 10.0.22000 )",
        "x-ms-client-request-id": "9bc02ad972459d033197dca3019409a7",
        "x-ms-return-client-request-id": "true"
      },
      "RequestBody": null,
      "StatusCode": 200,
      "ResponseHeaders": {
        "Cache-Control": [
          "no-store",
          "no-cache"
        ],
        "Content-Length": "510",
        "Content-Type": "application/json",
        "Date": "Fri, 03 Dec 2021 02:48:29 GMT",
        "Pragma": "no-cache",
        "Server": "Microsoft-HTTPAPI/2.0",
        "Strict-Transport-Security": "max-age=31536000; includeSubDomains",
        "X-Content-Type-Options": "nosniff",
        "x-ms-correlation-request-id": "7b610b3d-91b5-4801-86f9-4a951cec313a",
        "x-ms-gatewayversion": "version=2.14.0",
        "x-ms-ratelimit-remaining-subscription-reads": "11029",
        "x-ms-request-id": "7b610b3d-91b5-4801-86f9-4a951cec313a",
        "x-ms-routing-request-id": "EASTASIA:20211203T024830Z:7b610b3d-91b5-4801-86f9-4a951cec313a"
      },
      "ResponseBody": {
        "id": "/subscriptions/db1ab6f0-4769-4b27-930e-01e2ef9c123c/resourceGroups/dbaccount-2333/providers/Microsoft.DocumentDB/databaseAccounts/dbaccount-4051/cassandraKeyspaces/cassandra-keyspace-8923/tables/cassandra-table-2180/throughputSettings/default/migrateToAutoscale",
        "type": "Microsoft.DocumentDB/databaseAccounts/cassandraKeyspaces/tables/throughputSettings/migrateToAutoscale",
        "name": "iqes",
        "properties": {
          "resource": {
            "throughput": 400,
            "autoscaleSettings": {
              "maxThroughput": 4000
            },
            "minimumThroughput": "4000"
          }
        }
      }
    },
    {
      "RequestUri": "https://management.azure.com/subscriptions/db1ab6f0-4769-4b27-930e-01e2ef9c123c/providers/Microsoft.DocumentDB/locations/westus2/operationsStatus/03ab1860-4de4-40c4-82ff-2da7e1c4e942?api-version=2022-05-15",
      "RequestMethod": "GET",
      "RequestHeaders": {
        "Authorization": "Sanitized",
        "User-Agent": "azsdk-net-ResourceManager/1.0.0-alpha.20211203.1 (.NET Framework 4.8.4420.0; Microsoft Windows 10.0.22000 )",
        "x-ms-client-request-id": "d0b90d729e84f8bedaab78dd23881049",
        "x-ms-return-client-request-id": "true"
      },
      "RequestBody": null,
      "StatusCode": 200,
      "ResponseHeaders": {
        "Cache-Control": [
          "no-store",
          "no-cache"
        ],
        "Content-Length": "22",
        "Content-Type": "application/json",
        "Date": "Fri, 03 Dec 2021 02:48:29 GMT",
        "Pragma": "no-cache",
        "Server": "Microsoft-HTTPAPI/2.0",
        "Strict-Transport-Security": "max-age=31536000; includeSubDomains",
        "X-Content-Type-Options": "nosniff",
        "x-ms-correlation-request-id": "0ea79241-d2a6-48a5-bf85-6da14e804e8f",
        "x-ms-gatewayversion": "version=2.14.0",
        "x-ms-ratelimit-remaining-subscription-reads": "11028",
        "x-ms-request-id": "0ea79241-d2a6-48a5-bf85-6da14e804e8f",
        "x-ms-routing-request-id": "EASTASIA:20211203T024830Z:0ea79241-d2a6-48a5-bf85-6da14e804e8f"
      },
      "ResponseBody": {
        "status": "Succeeded"
      }
    },
    {
      "RequestUri": "https://management.azure.com/subscriptions/db1ab6f0-4769-4b27-930e-01e2ef9c123c/resourceGroups/dbaccount-2333/providers/Microsoft.DocumentDB/databaseAccounts/dbaccount-4051/cassandraKeyspaces/cassandra-keyspace-8923/tables/cassandra-table-2180/throughputSettings/default/migrateToAutoscale/operationResults/03ab1860-4de4-40c4-82ff-2da7e1c4e942?api-version=2022-05-15",
      "RequestMethod": "GET",
      "RequestHeaders": {
        "Authorization": "Sanitized",
        "User-Agent": "azsdk-net-ResourceManager/1.0.0-alpha.20211203.1 (.NET Framework 4.8.4420.0; Microsoft Windows 10.0.22000 )",
        "x-ms-client-request-id": "96826e4bcce85967d88bfa06924cabcd",
        "x-ms-return-client-request-id": "true"
      },
      "RequestBody": null,
      "StatusCode": 200,
      "ResponseHeaders": {
        "Cache-Control": [
          "no-store",
          "no-cache"
        ],
        "Content-Length": "510",
        "Content-Type": "application/json",
        "Date": "Fri, 03 Dec 2021 02:48:30 GMT",
        "Pragma": "no-cache",
        "Server": "Microsoft-HTTPAPI/2.0",
        "Strict-Transport-Security": "max-age=31536000; includeSubDomains",
        "X-Content-Type-Options": "nosniff",
        "x-ms-correlation-request-id": "4065d2d0-87fd-4349-bad1-60b06e3db2a3",
        "x-ms-gatewayversion": "version=2.14.0",
        "x-ms-ratelimit-remaining-subscription-reads": "11027",
        "x-ms-request-id": "4065d2d0-87fd-4349-bad1-60b06e3db2a3",
        "x-ms-routing-request-id": "EASTASIA:20211203T024830Z:4065d2d0-87fd-4349-bad1-60b06e3db2a3"
      },
      "ResponseBody": {
        "id": "/subscriptions/db1ab6f0-4769-4b27-930e-01e2ef9c123c/resourceGroups/dbaccount-2333/providers/Microsoft.DocumentDB/databaseAccounts/dbaccount-4051/cassandraKeyspaces/cassandra-keyspace-8923/tables/cassandra-table-2180/throughputSettings/default/migrateToAutoscale",
        "type": "Microsoft.DocumentDB/databaseAccounts/cassandraKeyspaces/tables/throughputSettings/migrateToAutoscale",
        "name": "iqes",
        "properties": {
          "resource": {
            "throughput": 400,
            "autoscaleSettings": {
              "maxThroughput": 4000
            },
            "minimumThroughput": "4000"
          }
        }
      }
    },
    {
      "RequestUri": "https://management.azure.com/subscriptions/db1ab6f0-4769-4b27-930e-01e2ef9c123c/resourceGroups/dbaccount-2333/providers/Microsoft.DocumentDB/databaseAccounts/dbaccount-4051/cassandraKeyspaces/cassandra-keyspace-8923/tables/cassandra-table-2180?api-version=2022-05-15",
      "RequestMethod": "GET",
      "RequestHeaders": {
        "Accept": "application/json",
        "Authorization": "Sanitized",
        "User-Agent": "azsdk-net-ResourceManager.CosmosDB/1.0.0-alpha.20211203.1 (.NET Framework 4.8.4420.0; Microsoft Windows 10.0.22000 )",
        "x-ms-client-request-id": "e8833db23a1a3b9c6bc7c199fa2579a9",
        "x-ms-return-client-request-id": "true"
      },
      "RequestBody": null,
      "StatusCode": 200,
      "ResponseHeaders": {
        "Cache-Control": [
          "no-store",
          "no-cache"
        ],
        "Content-Length": "665",
        "Content-Type": "application/json",
        "Date": "Fri, 03 Dec 2021 02:48:30 GMT",
        "Pragma": "no-cache",
        "Server": "Microsoft-HTTPAPI/2.0",
        "Strict-Transport-Security": "max-age=31536000; includeSubDomains",
        "X-Content-Type-Options": "nosniff",
        "x-ms-correlation-request-id": "e154829e-b264-41b2-8536-4604151d8789",
        "x-ms-gatewayversion": "version=2.14.0",
        "x-ms-ratelimit-remaining-subscription-reads": "11026",
        "x-ms-request-id": "e154829e-b264-41b2-8536-4604151d8789",
        "x-ms-routing-request-id": "EASTASIA:20211203T024831Z:e154829e-b264-41b2-8536-4604151d8789"
      },
      "ResponseBody": {
        "id": "/subscriptions/db1ab6f0-4769-4b27-930e-01e2ef9c123c/resourceGroups/dbaccount-2333/providers/Microsoft.DocumentDB/databaseAccounts/dbaccount-4051/cassandraKeyspaces/cassandra-keyspace-8923/tables/cassandra-table-2180",
        "type": "Microsoft.DocumentDB/databaseAccounts/cassandraKeyspaces/tables",
        "name": "cassandra-table-2180",
        "properties": {
          "resource": {
            "id": "cassandra-table-2180",
            "_rid": "2xl7AJcgVjI=",
            "_etag": "\"00006703-0000-0700-0000-61a985720000\"",
            "_ts": 1638499698,
            "defaultTtl": 0,
            "schema": {
              "columns": [
                {
                  "name": "columnA",
                  "type": "int"
                },
                {
                  "name": "columnB",
                  "type": "ascii"
                }
              ],
              "partitionKeys": [
                {
                  "name": "columnA"
                }
              ],
              "clusterKeys": [
                {
                  "name": "columnB",
                  "orderBy": "Asc"
                }
              ]
            }
          }
        }
      }
    },
    {
      "RequestUri": "https://management.azure.com/subscriptions/db1ab6f0-4769-4b27-930e-01e2ef9c123c/resourceGroups/dbaccount-2333/providers/Microsoft.DocumentDB/databaseAccounts/dbaccount-4051/cassandraKeyspaces/cassandra-keyspace-8923/tables/cassandra-table-2180?api-version=2022-05-15",
      "RequestMethod": "DELETE",
      "RequestHeaders": {
        "Authorization": "Sanitized",
        "User-Agent": "azsdk-net-ResourceManager.CosmosDB/1.0.0-alpha.20211203.1 (.NET Framework 4.8.4420.0; Microsoft Windows 10.0.22000 )",
        "x-ms-client-request-id": "935893867311a5bea55ff7f9a4b8668d",
        "x-ms-return-client-request-id": "true"
      },
      "RequestBody": null,
      "StatusCode": 202,
      "ResponseHeaders": {
        "Azure-AsyncOperation": "https://management.azure.com/subscriptions/db1ab6f0-4769-4b27-930e-01e2ef9c123c/providers/Microsoft.DocumentDB/locations/westus2/operationsStatus/e03b114d-b22a-4e52-9d30-954994e9f2ab?api-version=2022-05-15",
        "Cache-Control": [
          "no-store",
          "no-cache"
        ],
        "Content-Length": "21",
        "Content-Type": "application/json",
        "Date": "Fri, 03 Dec 2021 02:48:30 GMT",
        "Location": "https://management.azure.com/subscriptions/db1ab6f0-4769-4b27-930e-01e2ef9c123c/resourceGroups/dbaccount-2333/providers/Microsoft.DocumentDB/databaseAccounts/dbaccount-4051/cassandraKeyspaces/cassandra-keyspace-8923/tables/cassandra-table-2180/operationResults/e03b114d-b22a-4e52-9d30-954994e9f2ab?api-version=2022-05-15",
        "Pragma": "no-cache",
        "Server": "Microsoft-HTTPAPI/2.0",
        "Strict-Transport-Security": "max-age=31536000; includeSubDomains",
        "X-Content-Type-Options": "nosniff",
        "x-ms-correlation-request-id": "32dbc65e-36a7-4eee-b748-cbc4205f3578",
        "x-ms-gatewayversion": "version=2.14.0",
        "x-ms-ratelimit-remaining-subscription-deletes": "14995",
        "x-ms-request-id": "e03b114d-b22a-4e52-9d30-954994e9f2ab",
        "x-ms-routing-request-id": "EASTASIA:20211203T024831Z:32dbc65e-36a7-4eee-b748-cbc4205f3578"
      },
      "ResponseBody": {
        "status": "Enqueued"
      }
    },
    {
      "RequestUri": "https://management.azure.com/subscriptions/db1ab6f0-4769-4b27-930e-01e2ef9c123c/providers/Microsoft.DocumentDB/locations/westus2/operationsStatus/e03b114d-b22a-4e52-9d30-954994e9f2ab?api-version=2022-05-15",
      "RequestMethod": "GET",
      "RequestHeaders": {
        "Authorization": "Sanitized",
        "User-Agent": "azsdk-net-ResourceManager/1.0.0-alpha.20211203.1 (.NET Framework 4.8.4420.0; Microsoft Windows 10.0.22000 )",
        "x-ms-client-request-id": "d0189379c2def0a18b69a615caeb91fd",
        "x-ms-return-client-request-id": "true"
      },
      "RequestBody": null,
      "StatusCode": 200,
      "ResponseHeaders": {
        "Cache-Control": [
          "no-store",
          "no-cache"
        ],
        "Content-Length": "22",
        "Content-Type": "application/json",
        "Date": "Fri, 03 Dec 2021 02:48:37 GMT",
        "Pragma": "no-cache",
        "Server": "Microsoft-HTTPAPI/2.0",
        "Strict-Transport-Security": "max-age=31536000; includeSubDomains",
        "X-Content-Type-Options": "nosniff",
        "x-ms-correlation-request-id": "e925ba8e-ca0f-4196-8e79-df7a47c6ed98",
        "x-ms-gatewayversion": "version=2.14.0",
        "x-ms-ratelimit-remaining-subscription-reads": "11020",
        "x-ms-request-id": "e925ba8e-ca0f-4196-8e79-df7a47c6ed98",
        "x-ms-routing-request-id": "EASTASIA:20211203T024837Z:e925ba8e-ca0f-4196-8e79-df7a47c6ed98"
      },
      "ResponseBody": {
        "status": "Succeeded"
      }
    }
  ],
  "Variables": {
    "RandomSeed": "1136236704",
    "RESOURCE_MANAGER_URL": null,
    "SUBSCRIPTION_ID": "db1ab6f0-4769-4b27-930e-01e2ef9c123c"
  }
}