{
  "Entries": [
    {
      "RequestUri": "/subscriptions/d7cfdb98-c118-458d-8bdf-246be66b1f5e/resourcegroups/cdnResourceGroup9990?api-version=2015-11-01",
      "EncodedRequestUri": "L3N1YnNjcmlwdGlvbnMvZDdjZmRiOTgtYzExOC00NThkLThiZGYtMjQ2YmU2NmIxZjVlL3Jlc291cmNlZ3JvdXBzL2NkblJlc291cmNlR3JvdXA5OTkwP2FwaS12ZXJzaW9uPTIwMTUtMTEtMDE=",
      "RequestMethod": "PUT",
      "RequestBody": "{\r\n  \"location\": \"westus\"\r\n}",
      "RequestHeaders": {
        "x-ms-client-request-id": [
          "a4285455-7cfa-44c0-8797-0a5c03824f2f"
        ],
        "Accept-Language": [
          "en-US"
        ],
        "User-Agent": [
          "FxVersion/4.6.29518.01",
          "OSName/Windows",
          "OSVersion/Microsoft.Windows.10.0.19042.",
          "Microsoft.Azure.Management.Resources.ResourceManagementClient/1.0.0.0"
        ],
        "Content-Type": [
          "application/json; charset=utf-8"
        ],
        "Content-Length": [
          "28"
        ]
      },
      "ResponseHeaders": {
        "Cache-Control": [
          "no-cache"
        ],
        "Pragma": [
          "no-cache"
        ],
        "x-ms-ratelimit-remaining-subscription-writes": [
          "1198"
        ],
        "x-ms-request-id": [
          "3af9d195-63b4-43f1-9145-f6fb530769ae"
        ],
        "x-ms-correlation-request-id": [
          "3af9d195-63b4-43f1-9145-f6fb530769ae"
        ],
        "x-ms-routing-request-id": [
          "SOUTHEASTASIA:20210119T014647Z:3af9d195-63b4-43f1-9145-f6fb530769ae"
        ],
        "Strict-Transport-Security": [
          "max-age=31536000; includeSubDomains"
        ],
        "X-Content-Type-Options": [
          "nosniff"
        ],
        "Date": [
          "Tue, 19 Jan 2021 01:46:47 GMT"
        ],
        "Content-Length": [
          "193"
        ],
        "Content-Type": [
          "application/json; charset=utf-8"
        ],
        "Expires": [
          "-1"
        ]
      },
      "ResponseBody": "{\r\n  \"id\": \"/subscriptions/d7cfdb98-c118-458d-8bdf-246be66b1f5e/resourceGroups/cdnResourceGroup9990\",\r\n  \"name\": \"cdnResourceGroup9990\",\r\n  \"location\": \"westus\",\r\n  \"properties\": {\r\n    \"provisioningState\": \"Succeeded\"\r\n  }\r\n}",
      "StatusCode": 201
    },
    {
      "RequestUri": "/subscriptions/d7cfdb98-c118-458d-8bdf-246be66b1f5e/resourceGroups/cdnResourceGroup9990/providers/Microsoft.Cdn/profiles/profile1871?api-version=2020-09-01",
      "EncodedRequestUri": "L3N1YnNjcmlwdGlvbnMvZDdjZmRiOTgtYzExOC00NThkLThiZGYtMjQ2YmU2NmIxZjVlL3Jlc291cmNlR3JvdXBzL2NkblJlc291cmNlR3JvdXA5OTkwL3Byb3ZpZGVycy9NaWNyb3NvZnQuQ2RuL3Byb2ZpbGVzL3Byb2ZpbGUxODcxP2FwaS12ZXJzaW9uPTIwMjAtMDktMDE=",
      "RequestMethod": "PUT",
      "RequestBody": "{\r\n  \"sku\": {\r\n    \"name\": \"Standard_AzureFrontDoor\"\r\n  },\r\n  \"location\": \"WestUs\",\r\n  \"tags\": {\r\n    \"key1\": \"value1\",\r\n    \"key2\": \"value2\"\r\n  }\r\n}",
      "RequestHeaders": {
        "x-ms-client-request-id": [
          "462250ae-bebe-409d-bad0-7709ea91e076"
        ],
        "Accept-Language": [
          "en-US"
        ],
        "User-Agent": [
          "FxVersion/4.6.29518.01",
          "OSName/Windows",
          "OSVersion/Microsoft.Windows.10.0.19042.",
          "Microsoft.Azure.Management.Cdn.CdnManagementClient/4.4.1.0"
        ],
        "Content-Type": [
          "application/json; charset=utf-8"
        ],
        "Content-Length": [
          "149"
        ]
      },
      "ResponseHeaders": {
        "Cache-Control": [
          "no-cache"
        ],
        "Pragma": [
          "no-cache"
        ],
        "Retry-After": [
          "10"
        ],
        "Strict-Transport-Security": [
          "max-age=31536000; includeSubDomains"
        ],
        "x-ms-request-id": [
          "a0d29d38-297e-4aec-a52c-bab7a56c5ab7"
        ],
        "x-ms-client-request-id": [
          "462250ae-bebe-409d-bad0-7709ea91e076"
        ],
        "Azure-AsyncOperation": [
          "https://management.azure.com/subscriptions/d7cfdb98-c118-458d-8bdf-246be66b1f5e/resourcegroups/cdnResourceGroup9990/providers/Microsoft.Cdn/operationresults/6ded36c0-05d8-411e-8d4f-617f2e292da2?api-version=2020-09-01"
        ],
        "Server": [
          "Kestrel"
        ],
        "x-ms-ratelimit-remaining-subscription-resource-requests": [
          "23"
        ],
        "x-ms-correlation-request-id": [
          "cb80cdc5-d98e-4723-ac12-a0a12c04f060"
        ],
        "x-ms-routing-request-id": [
          "SOUTHEASTASIA:20210119T014656Z:cb80cdc5-d98e-4723-ac12-a0a12c04f060"
        ],
        "X-Content-Type-Options": [
          "nosniff"
        ],
        "Date": [
          "Tue, 19 Jan 2021 01:46:55 GMT"
        ],
        "Content-Length": [
          "441"
        ],
        "Content-Type": [
          "application/json; charset=utf-8"
        ],
        "Expires": [
          "-1"
        ]
      },
      "ResponseBody": "{\r\n  \"id\": \"/subscriptions/d7cfdb98-c118-458d-8bdf-246be66b1f5e/resourcegroups/cdnResourceGroup9990/providers/Microsoft.Cdn/profiles/profile1871\",\r\n  \"type\": \"Microsoft.Cdn/profiles\",\r\n  \"name\": \"profile1871\",\r\n  \"location\": \"WestUs\",\r\n  \"kind\": \"frontdoor\",\r\n  \"tags\": {\r\n    \"key1\": \"value1\",\r\n    \"key2\": \"value2\"\r\n  },\r\n  \"sku\": {\r\n    \"name\": \"Standard_AzureFrontDoor\"\r\n  },\r\n  \"properties\": {\r\n    \"frontDoorId\": \"9b44a1a3-3072-489f-8c65-cea1ef07b53c\",\r\n    \"resourceState\": \"Creating\",\r\n    \"provisioningState\": \"Creating\"\r\n  }\r\n}",
      "StatusCode": 201
    },
    {
      "RequestUri": "/subscriptions/d7cfdb98-c118-458d-8bdf-246be66b1f5e/resourcegroups/cdnResourceGroup9990/providers/Microsoft.Cdn/operationresults/6ded36c0-05d8-411e-8d4f-617f2e292da2?api-version=2020-09-01",
      "EncodedRequestUri": "L3N1YnNjcmlwdGlvbnMvZDdjZmRiOTgtYzExOC00NThkLThiZGYtMjQ2YmU2NmIxZjVlL3Jlc291cmNlZ3JvdXBzL2NkblJlc291cmNlR3JvdXA5OTkwL3Byb3ZpZGVycy9NaWNyb3NvZnQuQ2RuL29wZXJhdGlvbnJlc3VsdHMvNmRlZDM2YzAtMDVkOC00MTFlLThkNGYtNjE3ZjJlMjkyZGEyP2FwaS12ZXJzaW9uPTIwMjAtMDktMDE=",
      "RequestMethod": "GET",
      "RequestBody": "",
      "RequestHeaders": {
        "User-Agent": [
          "FxVersion/4.6.29518.01",
          "OSName/Windows",
          "OSVersion/Microsoft.Windows.10.0.19042.",
          "Microsoft.Azure.Management.Cdn.CdnManagementClient/4.4.1.0"
        ]
      },
      "ResponseHeaders": {
        "Cache-Control": [
          "no-cache"
        ],
        "Pragma": [
          "no-cache"
        ],
        "Strict-Transport-Security": [
          "max-age=31536000; includeSubDomains"
        ],
        "x-ms-request-id": [
          "1c302dba-4d96-4989-9a9b-f86721bbf305"
        ],
        "x-ms-client-request-id": [
          "16eeca3a-9b45-4c9f-8d30-a0924ee13717"
        ],
        "Server": [
          "Kestrel"
        ],
        "x-ms-ratelimit-remaining-subscription-reads": [
          "11997"
        ],
        "x-ms-correlation-request-id": [
          "0312eda1-9c35-4999-8066-a89a63e99488"
        ],
        "x-ms-routing-request-id": [
          "SOUTHEASTASIA:20210119T014706Z:0312eda1-9c35-4999-8066-a89a63e99488"
        ],
        "X-Content-Type-Options": [
          "nosniff"
        ],
        "Date": [
          "Tue, 19 Jan 2021 01:47:06 GMT"
        ],
        "Content-Length": [
          "61"
        ],
        "Content-Type": [
          "application/json; charset=utf-8"
        ],
        "Expires": [
          "-1"
        ]
      },
      "ResponseBody": "{\r\n  \"status\": \"Succeeded\",\r\n  \"error\": {\r\n    \"code\": \"None\",\r\n    \"message\": null\r\n  }\r\n}",
      "StatusCode": 200
    },
    {
      "RequestUri": "/subscriptions/d7cfdb98-c118-458d-8bdf-246be66b1f5e/resourceGroups/cdnResourceGroup9990/providers/Microsoft.Cdn/profiles/profile1871?api-version=2020-09-01",
      "EncodedRequestUri": "L3N1YnNjcmlwdGlvbnMvZDdjZmRiOTgtYzExOC00NThkLThiZGYtMjQ2YmU2NmIxZjVlL3Jlc291cmNlR3JvdXBzL2NkblJlc291cmNlR3JvdXA5OTkwL3Byb3ZpZGVycy9NaWNyb3NvZnQuQ2RuL3Byb2ZpbGVzL3Byb2ZpbGUxODcxP2FwaS12ZXJzaW9uPTIwMjAtMDktMDE=",
      "RequestMethod": "GET",
      "RequestBody": "",
      "RequestHeaders": {
        "User-Agent": [
          "FxVersion/4.6.29518.01",
          "OSName/Windows",
          "OSVersion/Microsoft.Windows.10.0.19042.",
          "Microsoft.Azure.Management.Cdn.CdnManagementClient/4.4.1.0"
        ]
      },
      "ResponseHeaders": {
        "Cache-Control": [
          "no-cache"
        ],
        "Pragma": [
          "no-cache"
        ],
        "Strict-Transport-Security": [
          "max-age=31536000; includeSubDomains"
        ],
        "x-ms-request-id": [
          "30b40a3f-fcc6-48e0-98c3-c9e8946b5174"
        ],
        "x-ms-client-request-id": [
          "ac9a5dcc-35fc-4a9e-a7e8-da105b8e479d"
        ],
        "Server": [
          "Kestrel"
        ],
        "x-ms-ratelimit-remaining-subscription-resource-requests": [
          "48"
        ],
        "x-ms-correlation-request-id": [
          "3e6560ed-237f-433e-8951-5494450ced10"
        ],
        "x-ms-routing-request-id": [
          "SOUTHEASTASIA:20210119T014707Z:3e6560ed-237f-433e-8951-5494450ced10"
        ],
        "X-Content-Type-Options": [
          "nosniff"
        ],
        "Date": [
          "Tue, 19 Jan 2021 01:47:06 GMT"
        ],
        "Content-Length": [
          "440"
        ],
        "Content-Type": [
          "application/json; charset=utf-8"
        ],
        "Expires": [
          "-1"
        ]
      },
      "ResponseBody": "{\r\n  \"id\": \"/subscriptions/d7cfdb98-c118-458d-8bdf-246be66b1f5e/resourcegroups/cdnResourceGroup9990/providers/Microsoft.Cdn/profiles/profile1871\",\r\n  \"type\": \"Microsoft.Cdn/profiles\",\r\n  \"name\": \"profile1871\",\r\n  \"location\": \"WestUs\",\r\n  \"kind\": \"frontdoor\",\r\n  \"tags\": {\r\n    \"key1\": \"value1\",\r\n    \"key2\": \"value2\"\r\n  },\r\n  \"sku\": {\r\n    \"name\": \"Standard_AzureFrontDoor\"\r\n  },\r\n  \"properties\": {\r\n    \"frontDoorId\": \"9b44a1a3-3072-489f-8c65-cea1ef07b53c\",\r\n    \"resourceState\": \"Active\",\r\n    \"provisioningState\": \"Succeeded\"\r\n  }\r\n}",
      "StatusCode": 200
    },
    {
      "RequestUri": "/subscriptions/d7cfdb98-c118-458d-8bdf-246be66b1f5e/resourceGroups/cdnResourceGroup9990/providers/Microsoft.Cdn/profiles/profile1871/ruleSets/ruleSetName8196?api-version=2020-09-01",
      "EncodedRequestUri": "L3N1YnNjcmlwdGlvbnMvZDdjZmRiOTgtYzExOC00NThkLThiZGYtMjQ2YmU2NmIxZjVlL3Jlc291cmNlR3JvdXBzL2NkblJlc291cmNlR3JvdXA5OTkwL3Byb3ZpZGVycy9NaWNyb3NvZnQuQ2RuL3Byb2ZpbGVzL3Byb2ZpbGUxODcxL3J1bGVTZXRzL3J1bGVTZXROYW1lODE5Nj9hcGktdmVyc2lvbj0yMDIwLTA5LTAx",
      "RequestMethod": "PUT",
      "RequestBody": "{}",
      "RequestHeaders": {
        "x-ms-client-request-id": [
          "7b920c24-959d-4138-87e0-5e35db8b74e4"
        ],
        "Accept-Language": [
          "en-US"
        ],
        "User-Agent": [
          "FxVersion/4.6.29518.01",
          "OSName/Windows",
          "OSVersion/Microsoft.Windows.10.0.19042.",
          "Microsoft.Azure.Management.Cdn.CdnManagementClient/4.4.1.0"
        ],
        "Content-Type": [
          "application/json; charset=utf-8"
        ],
        "Content-Length": [
          "2"
        ]
      },
      "ResponseHeaders": {
        "Cache-Control": [
          "no-cache"
        ],
        "Pragma": [
          "no-cache"
        ],
        "Strict-Transport-Security": [
          "max-age=31536000; includeSubDomains"
        ],
        "x-ms-request-id": [
          "76bd9212-6855-4bb9-8262-383b6960e47c"
        ],
        "x-ms-client-request-id": [
          "7b920c24-959d-4138-87e0-5e35db8b74e4"
        ],
        "Server": [
          "Kestrel"
        ],
        "x-ms-ratelimit-remaining-subscription-resource-requests": [
          "99"
        ],
        "x-ms-correlation-request-id": [
          "98353026-334d-4577-8264-601a78529f53"
        ],
        "x-ms-routing-request-id": [
          "SOUTHEASTASIA:20210119T014708Z:98353026-334d-4577-8264-601a78529f53"
        ],
        "X-Content-Type-Options": [
          "nosniff"
        ],
        "Date": [
          "Tue, 19 Jan 2021 01:47:07 GMT"
        ],
        "Content-Length": [
          "311"
        ],
        "Content-Type": [
          "application/json; charset=utf-8"
        ],
        "Expires": [
          "-1"
        ]
      },
      "ResponseBody": "{\r\n  \"id\": \"/subscriptions/d7cfdb98-c118-458d-8bdf-246be66b1f5e/resourcegroups/cdnResourceGroup9990/providers/Microsoft.Cdn/profiles/profile1871/rulesets/ruleSetName8196\",\r\n  \"type\": \"Microsoft.Cdn/profiles/rulesets\",\r\n  \"name\": \"ruleSetName8196\",\r\n  \"properties\": {\r\n    \"provisioningState\": \"Succeeded\",\r\n    \"deploymentStatus\": \"NotStarted\"\r\n  }\r\n}",
      "StatusCode": 201
    },
    {
      "RequestUri": "/subscriptions/d7cfdb98-c118-458d-8bdf-246be66b1f5e/resourceGroups/cdnResourceGroup9990/providers/Microsoft.Cdn/profiles/profile1871/ruleSets/ruleSetName8196/rules/ruleName2638?api-version=2020-09-01",
      "EncodedRequestUri": "L3N1YnNjcmlwdGlvbnMvZDdjZmRiOTgtYzExOC00NThkLThiZGYtMjQ2YmU2NmIxZjVlL3Jlc291cmNlR3JvdXBzL2NkblJlc291cmNlR3JvdXA5OTkwL3Byb3ZpZGVycy9NaWNyb3NvZnQuQ2RuL3Byb2ZpbGVzL3Byb2ZpbGUxODcxL3J1bGVTZXRzL3J1bGVTZXROYW1lODE5Ni9ydWxlcy9ydWxlTmFtZTI2Mzg/YXBpLXZlcnNpb249MjAyMC0wOS0wMQ==",
      "RequestMethod": "PUT",
      "RequestBody": "{\r\n  \"properties\": {\r\n    \"order\": 0,\r\n    \"conditions\": [\r\n      {\r\n        \"name\": \"RequestUri\",\r\n        \"parameters\": {\r\n          \"operator\": \"Any\",\r\n          \"@odata.type\": \"#Microsoft.Azure.Cdn.Models.DeliveryRuleRequestUriConditionParameters\"\r\n        }\r\n      }\r\n    ],\r\n    \"actions\": [\r\n      {\r\n        \"name\": \"CacheExpiration\",\r\n        \"parameters\": {\r\n          \"cacheBehavior\": \"Override\",\r\n          \"cacheDuration\": \"00:00:20\",\r\n          \"@odata.type\": \"#Microsoft.Azure.Cdn.Models.DeliveryRuleCacheExpirationActionParameters\",\r\n          \"cacheType\": \"All\"\r\n        }\r\n      }\r\n    ]\r\n  }\r\n}",
      "RequestHeaders": {
        "x-ms-client-request-id": [
          "efd0d2b3-1192-4ad6-9ef9-370ba2849e95"
        ],
        "Accept-Language": [
          "en-US"
        ],
        "User-Agent": [
          "FxVersion/4.6.29518.01",
          "OSName/Windows",
          "OSVersion/Microsoft.Windows.10.0.19042.",
          "Microsoft.Azure.Management.Cdn.CdnManagementClient/4.4.1.0"
        ],
        "Content-Type": [
          "application/json; charset=utf-8"
        ],
        "Content-Length": [
          "613"
        ]
      },
      "ResponseHeaders": {
        "Cache-Control": [
          "no-cache"
        ],
        "Pragma": [
          "no-cache"
        ],
        "Strict-Transport-Security": [
          "max-age=31536000; includeSubDomains"
        ],
        "x-ms-request-id": [
          "a56f56bb-2c6e-4667-a268-84149890599b"
        ],
        "x-ms-client-request-id": [
          "efd0d2b3-1192-4ad6-9ef9-370ba2849e95"
        ],
        "Server": [
          "Kestrel"
        ],
        "x-ms-ratelimit-remaining-subscription-resource-requests": [
          "99"
        ],
        "x-ms-correlation-request-id": [
          "92bcd400-33e7-44a2-be1f-2968bf6a09f0"
        ],
        "x-ms-routing-request-id": [
          "SOUTHEASTASIA:20210119T014709Z:92bcd400-33e7-44a2-be1f-2968bf6a09f0"
        ],
        "X-Content-Type-Options": [
          "nosniff"
        ],
        "Date": [
          "Tue, 19 Jan 2021 01:47:09 GMT"
        ],
        "Content-Length": [
          "800"
        ],
        "Content-Type": [
          "application/json; charset=utf-8"
        ],
        "Expires": [
          "-1"
        ]
      },
      "ResponseBody": "{\r\n  \"id\": \"/subscriptions/d7cfdb98-c118-458d-8bdf-246be66b1f5e/resourcegroups/cdnResourceGroup9990/providers/Microsoft.Cdn/profiles/profile1871/rulesets/ruleSetName8196/rules/ruleName2638\",\r\n  \"type\": \"Microsoft.Cdn/profiles/rulesets/rules\",\r\n  \"name\": \"ruleName2638\",\r\n  \"properties\": {\r\n    \"order\": 0,\r\n    \"conditions\": [\r\n      {\r\n        \"name\": \"RequestUri\",\r\n        \"parameters\": {\r\n          \"operator\": \"Any\",\r\n          \"negateCondition\": false,\r\n          \"matchValues\": [],\r\n          \"transforms\": [],\r\n          \"@odata.type\": \"#Microsoft.Azure.Cdn.Models.DeliveryRuleRequestUriConditionParameters\"\r\n        }\r\n      }\r\n    ],\r\n    \"actions\": [\r\n      {\r\n        \"name\": \"CacheExpiration\",\r\n        \"parameters\": {\r\n          \"cacheBehavior\": \"Override\",\r\n          \"cacheType\": \"All\",\r\n          \"cacheDuration\": \"00:00:20\",\r\n          \"@odata.type\": \"#Microsoft.Azure.Cdn.Models.DeliveryRuleCacheExpirationActionParameters\"\r\n        }\r\n      }\r\n    ],\r\n    \"matchProcessingBehavior\": null,\r\n    \"provisioningState\": \"Succeeded\",\r\n    \"deploymentStatus\": \"NotStarted\"\r\n  }\r\n}",
      "StatusCode": 201
    },
    {
      "RequestUri": "/subscriptions/d7cfdb98-c118-458d-8bdf-246be66b1f5e/resourceGroups/cdnResourceGroup9990/providers/Microsoft.Cdn/profiles/profile1871/ruleSets/ruleSetName8196/rules/ruleName2638?api-version=2020-09-01",
      "EncodedRequestUri": "L3N1YnNjcmlwdGlvbnMvZDdjZmRiOTgtYzExOC00NThkLThiZGYtMjQ2YmU2NmIxZjVlL3Jlc291cmNlR3JvdXBzL2NkblJlc291cmNlR3JvdXA5OTkwL3Byb3ZpZGVycy9NaWNyb3NvZnQuQ2RuL3Byb2ZpbGVzL3Byb2ZpbGUxODcxL3J1bGVTZXRzL3J1bGVTZXROYW1lODE5Ni9ydWxlcy9ydWxlTmFtZTI2Mzg/YXBpLXZlcnNpb249MjAyMC0wOS0wMQ==",
      "RequestMethod": "GET",
      "RequestBody": "",
      "RequestHeaders": {
        "x-ms-client-request-id": [
          "5dd06dca-d2f1-4792-9c8d-e848448cc266"
        ],
        "Accept-Language": [
          "en-US"
        ],
        "User-Agent": [
          "FxVersion/4.6.29518.01",
          "OSName/Windows",
          "OSVersion/Microsoft.Windows.10.0.19042.",
          "Microsoft.Azure.Management.Cdn.CdnManagementClient/4.4.1.0"
        ]
      },
      "ResponseHeaders": {
        "Cache-Control": [
          "no-cache"
        ],
        "Pragma": [
          "no-cache"
        ],
        "Strict-Transport-Security": [
          "max-age=31536000; includeSubDomains"
        ],
        "x-ms-request-id": [
          "199db6cd-b028-4528-a648-c683b0bf78f3"
        ],
        "x-ms-client-request-id": [
          "5dd06dca-d2f1-4792-9c8d-e848448cc266"
        ],
        "Server": [
          "Kestrel"
        ],
        "x-ms-ratelimit-remaining-subscription-reads": [
          "11996"
        ],
        "x-ms-correlation-request-id": [
          "7303b388-4125-4a07-936f-c7624db7c105"
        ],
        "x-ms-routing-request-id": [
          "SOUTHEASTASIA:20210119T014710Z:7303b388-4125-4a07-936f-c7624db7c105"
        ],
        "X-Content-Type-Options": [
          "nosniff"
        ],
        "Date": [
          "Tue, 19 Jan 2021 01:47:09 GMT"
        ],
        "Content-Length": [
          "800"
        ],
        "Content-Type": [
          "application/json; charset=utf-8"
        ],
        "Expires": [
          "-1"
        ]
      },
      "ResponseBody": "{\r\n  \"id\": \"/subscriptions/d7cfdb98-c118-458d-8bdf-246be66b1f5e/resourcegroups/cdnResourceGroup9990/providers/Microsoft.Cdn/profiles/profile1871/rulesets/ruleSetName8196/rules/ruleName2638\",\r\n  \"type\": \"Microsoft.Cdn/profiles/rulesets/rules\",\r\n  \"name\": \"ruleName2638\",\r\n  \"properties\": {\r\n    \"order\": 0,\r\n    \"conditions\": [\r\n      {\r\n        \"name\": \"RequestUri\",\r\n        \"parameters\": {\r\n          \"operator\": \"Any\",\r\n          \"negateCondition\": false,\r\n          \"matchValues\": [],\r\n          \"transforms\": [],\r\n          \"@odata.type\": \"#Microsoft.Azure.Cdn.Models.DeliveryRuleRequestUriConditionParameters\"\r\n        }\r\n      }\r\n    ],\r\n    \"actions\": [\r\n      {\r\n        \"name\": \"CacheExpiration\",\r\n        \"parameters\": {\r\n          \"cacheBehavior\": \"Override\",\r\n          \"cacheType\": \"All\",\r\n          \"cacheDuration\": \"00:00:20\",\r\n          \"@odata.type\": \"#Microsoft.Azure.Cdn.Models.DeliveryRuleCacheExpirationActionParameters\"\r\n        }\r\n      }\r\n    ],\r\n    \"matchProcessingBehavior\": null,\r\n    \"provisioningState\": \"Succeeded\",\r\n    \"deploymentStatus\": \"NotStarted\"\r\n  }\r\n}",
      "StatusCode": 200
    },
    {
      "RequestUri": "/subscriptions/d7cfdb98-c118-458d-8bdf-246be66b1f5e/resourceGroups/cdnResourceGroup9990/providers/Microsoft.Cdn/profiles/profile1871/ruleSets/ruleSetName8196/rules?api-version=2020-09-01",
      "EncodedRequestUri": "L3N1YnNjcmlwdGlvbnMvZDdjZmRiOTgtYzExOC00NThkLThiZGYtMjQ2YmU2NmIxZjVlL3Jlc291cmNlR3JvdXBzL2NkblJlc291cmNlR3JvdXA5OTkwL3Byb3ZpZGVycy9NaWNyb3NvZnQuQ2RuL3Byb2ZpbGVzL3Byb2ZpbGUxODcxL3J1bGVTZXRzL3J1bGVTZXROYW1lODE5Ni9ydWxlcz9hcGktdmVyc2lvbj0yMDIwLTA5LTAx",
      "RequestMethod": "GET",
      "RequestBody": "",
      "RequestHeaders": {
        "x-ms-client-request-id": [
          "3241f7d8-01e2-459c-8c06-9ffcfac0c4fd"
        ],
        "Accept-Language": [
          "en-US"
        ],
        "User-Agent": [
          "FxVersion/4.6.29518.01",
          "OSName/Windows",
          "OSVersion/Microsoft.Windows.10.0.19042.",
          "Microsoft.Azure.Management.Cdn.CdnManagementClient/4.4.1.0"
        ]
      },
      "ResponseHeaders": {
        "Cache-Control": [
          "no-cache"
        ],
        "Pragma": [
          "no-cache"
        ],
        "Strict-Transport-Security": [
          "max-age=31536000; includeSubDomains"
        ],
        "x-ms-request-id": [
          "9dd124b7-a115-4272-bf15-5737373dcaf1"
        ],
        "x-ms-client-request-id": [
          "3241f7d8-01e2-459c-8c06-9ffcfac0c4fd"
        ],
        "Server": [
          "Kestrel"
        ],
        "x-ms-ratelimit-remaining-subscription-reads": [
          "11995"
        ],
        "x-ms-correlation-request-id": [
          "b70caaa7-d200-4c43-9cec-d8ea53bdc1d4"
        ],
        "x-ms-routing-request-id": [
          "SOUTHEASTASIA:20210119T014710Z:b70caaa7-d200-4c43-9cec-d8ea53bdc1d4"
        ],
        "X-Content-Type-Options": [
          "nosniff"
        ],
        "Date": [
          "Tue, 19 Jan 2021 01:47:10 GMT"
        ],
        "Content-Length": [
          "812"
        ],
        "Content-Type": [
          "application/json; charset=utf-8"
        ],
        "Expires": [
          "-1"
        ]
      },
      "ResponseBody": "{\r\n  \"value\": [\r\n    {\r\n      \"id\": \"/subscriptions/d7cfdb98-c118-458d-8bdf-246be66b1f5e/resourcegroups/cdnResourceGroup9990/providers/Microsoft.Cdn/profiles/profile1871/rulesets/ruleSetName8196/rules/ruleName2638\",\r\n      \"type\": \"Microsoft.Cdn/profiles/rulesets/rules\",\r\n      \"name\": \"ruleName2638\",\r\n      \"properties\": {\r\n        \"order\": 0,\r\n        \"conditions\": [\r\n          {\r\n            \"name\": \"RequestUri\",\r\n            \"parameters\": {\r\n              \"operator\": \"Any\",\r\n              \"negateCondition\": false,\r\n              \"matchValues\": [],\r\n              \"transforms\": [],\r\n              \"@odata.type\": \"#Microsoft.Azure.Cdn.Models.DeliveryRuleRequestUriConditionParameters\"\r\n            }\r\n          }\r\n        ],\r\n        \"actions\": [\r\n          {\r\n            \"name\": \"CacheExpiration\",\r\n            \"parameters\": {\r\n              \"cacheBehavior\": \"Override\",\r\n              \"cacheType\": \"All\",\r\n              \"cacheDuration\": \"00:00:20\",\r\n              \"@odata.type\": \"#Microsoft.Azure.Cdn.Models.DeliveryRuleCacheExpirationActionParameters\"\r\n            }\r\n          }\r\n        ],\r\n        \"matchProcessingBehavior\": null,\r\n        \"provisioningState\": \"Succeeded\",\r\n        \"deploymentStatus\": \"NotStarted\"\r\n      }\r\n    }\r\n  ]\r\n}",
      "StatusCode": 200
    },
    {
      "RequestUri": "/subscriptions/d7cfdb98-c118-458d-8bdf-246be66b1f5e/resourceGroups/cdnResourceGroup9990/providers/Microsoft.Cdn/profiles/profile1871/ruleSets/ruleSetName8196/rules?api-version=2020-09-01",
      "EncodedRequestUri": "L3N1YnNjcmlwdGlvbnMvZDdjZmRiOTgtYzExOC00NThkLThiZGYtMjQ2YmU2NmIxZjVlL3Jlc291cmNlR3JvdXBzL2NkblJlc291cmNlR3JvdXA5OTkwL3Byb3ZpZGVycy9NaWNyb3NvZnQuQ2RuL3Byb2ZpbGVzL3Byb2ZpbGUxODcxL3J1bGVTZXRzL3J1bGVTZXROYW1lODE5Ni9ydWxlcz9hcGktdmVyc2lvbj0yMDIwLTA5LTAx",
      "RequestMethod": "GET",
      "RequestBody": "",
      "RequestHeaders": {
        "x-ms-client-request-id": [
          "8ecb9da2-9a16-413b-9f04-48b450e6e281"
        ],
        "Accept-Language": [
          "en-US"
        ],
        "User-Agent": [
          "FxVersion/4.6.29518.01",
          "OSName/Windows",
          "OSVersion/Microsoft.Windows.10.0.19042.",
          "Microsoft.Azure.Management.Cdn.CdnManagementClient/4.4.1.0"
        ]
      },
      "ResponseHeaders": {
        "Cache-Control": [
          "no-cache"
        ],
        "Pragma": [
          "no-cache"
        ],
        "Strict-Transport-Security": [
          "max-age=31536000; includeSubDomains"
        ],
        "x-ms-request-id": [
          "e46b4e0b-e3f4-4acb-84e3-c8fa29223ff4"
        ],
        "x-ms-client-request-id": [
          "8ecb9da2-9a16-413b-9f04-48b450e6e281"
        ],
        "Server": [
          "Kestrel"
        ],
        "x-ms-ratelimit-remaining-subscription-reads": [
          "11994"
        ],
        "x-ms-correlation-request-id": [
          "b84889ba-b8a9-4239-9547-41b898365420"
        ],
        "x-ms-routing-request-id": [
          "SOUTHEASTASIA:20210119T014712Z:b84889ba-b8a9-4239-9547-41b898365420"
        ],
        "X-Content-Type-Options": [
          "nosniff"
        ],
        "Date": [
          "Tue, 19 Jan 2021 01:47:11 GMT"
        ],
        "Content-Length": [
          "12"
        ],
        "Content-Type": [
          "application/json; charset=utf-8"
        ],
        "Expires": [
          "-1"
        ]
      },
      "ResponseBody": "{\r\n  \"value\": []\r\n}",
      "StatusCode": 200
    },
    {
      "RequestUri": "/subscriptions/d7cfdb98-c118-458d-8bdf-246be66b1f5e/resourceGroups/cdnResourceGroup9990/providers/Microsoft.Cdn/profiles/profile1871/ruleSets/ruleSetName8196/rules/ruleName2638?api-version=2020-09-01",
      "EncodedRequestUri": "L3N1YnNjcmlwdGlvbnMvZDdjZmRiOTgtYzExOC00NThkLThiZGYtMjQ2YmU2NmIxZjVlL3Jlc291cmNlR3JvdXBzL2NkblJlc291cmNlR3JvdXA5OTkwL3Byb3ZpZGVycy9NaWNyb3NvZnQuQ2RuL3Byb2ZpbGVzL3Byb2ZpbGUxODcxL3J1bGVTZXRzL3J1bGVTZXROYW1lODE5Ni9ydWxlcy9ydWxlTmFtZTI2Mzg/YXBpLXZlcnNpb249MjAyMC0wOS0wMQ==",
      "RequestMethod": "DELETE",
      "RequestBody": "",
      "RequestHeaders": {
        "x-ms-client-request-id": [
          "7a7137f9-c13a-45e6-ac7d-6e19ece78235"
        ],
        "Accept-Language": [
          "en-US"
        ],
        "User-Agent": [
          "FxVersion/4.6.29518.01",
          "OSName/Windows",
          "OSVersion/Microsoft.Windows.10.0.19042.",
          "Microsoft.Azure.Management.Cdn.CdnManagementClient/4.4.1.0"
        ]
      },
      "ResponseHeaders": {
        "Cache-Control": [
          "no-cache"
        ],
        "Pragma": [
          "no-cache"
        ],
        "Strict-Transport-Security": [
          "max-age=31536000; includeSubDomains"
        ],
        "x-ms-request-id": [
          "0d5b026c-6c84-4033-8157-ecca29ad2206"
        ],
        "x-ms-client-request-id": [
          "7a7137f9-c13a-45e6-ac7d-6e19ece78235"
        ],
        "Server": [
          "Kestrel"
        ],
        "x-ms-ratelimit-remaining-subscription-deletes": [
          "14998"
        ],
        "x-ms-correlation-request-id": [
          "9d3f1a4b-bc10-45f5-a072-1f858014a51f"
        ],
        "x-ms-routing-request-id": [
          "SOUTHEASTASIA:20210119T014711Z:9d3f1a4b-bc10-45f5-a072-1f858014a51f"
        ],
        "X-Content-Type-Options": [
          "nosniff"
        ],
        "Date": [
          "Tue, 19 Jan 2021 01:47:11 GMT"
        ],
        "Expires": [
          "-1"
        ],
        "Content-Length": [
          "0"
        ]
      },
      "ResponseBody": "",
      "StatusCode": 200
    },
    {
      "RequestUri": "/subscriptions/d7cfdb98-c118-458d-8bdf-246be66b1f5e/resourcegroups/cdnResourceGroup9990?api-version=2015-11-01",
      "EncodedRequestUri": "L3N1YnNjcmlwdGlvbnMvZDdjZmRiOTgtYzExOC00NThkLThiZGYtMjQ2YmU2NmIxZjVlL3Jlc291cmNlZ3JvdXBzL2NkblJlc291cmNlR3JvdXA5OTkwP2FwaS12ZXJzaW9uPTIwMTUtMTEtMDE=",
      "RequestMethod": "DELETE",
      "RequestBody": "",
      "RequestHeaders": {
        "x-ms-client-request-id": [
          "3e990713-36bf-4556-9e39-5b6b5c4aee7d"
        ],
        "Accept-Language": [
          "en-US"
        ],
        "User-Agent": [
          "FxVersion/4.6.29518.01",
          "OSName/Windows",
          "OSVersion/Microsoft.Windows.10.0.19042.",
          "Microsoft.Azure.Management.Resources.ResourceManagementClient/1.0.0.0"
        ]
      },
      "ResponseHeaders": {
        "Cache-Control": [
          "no-cache"
        ],
        "Pragma": [
          "no-cache"
        ],
        "Location": [
          "https://management.azure.com/subscriptions/d7cfdb98-c118-458d-8bdf-246be66b1f5e/operationresults/eyJqb2JJZCI6IlJFU09VUkNFR1JPVVBERUxFVElPTkpPQi1DRE5SRVNPVVJDRUdST1VQOTk5MC1XRVNUVVMiLCJqb2JMb2NhdGlvbiI6Indlc3R1cyJ9?api-version=2015-11-01"
        ],
        "Retry-After": [
          "15"
        ],
        "x-ms-ratelimit-remaining-subscription-deletes": [
          "14996"
        ],
        "x-ms-request-id": [
          "5ad94cd2-7b4c-461b-95e5-d1cddfc43d37"
        ],
        "x-ms-correlation-request-id": [
          "5ad94cd2-7b4c-461b-95e5-d1cddfc43d37"
        ],
        "x-ms-routing-request-id": [
          "SOUTHEASTASIA:20210119T014714Z:5ad94cd2-7b4c-461b-95e5-d1cddfc43d37"
        ],
        "Strict-Transport-Security": [
          "max-age=31536000; includeSubDomains"
        ],
        "X-Content-Type-Options": [
          "nosniff"
        ],
        "Date": [
          "Tue, 19 Jan 2021 01:47:14 GMT"
        ],
        "Expires": [
          "-1"
        ],
        "Content-Length": [
          "0"
        ]
      },
      "ResponseBody": "",
      "StatusCode": 202
    }
  ],
  "Names": {
    "CreateResourceGroup": [
      "cdnResourceGroup9990"
    ],
    "AFDRuleGetListTest": [
      "profile1871",
      "ruleSetName8196",
      "ruleName2638"
    ]
  },
  "Variables": {
    "SubscriptionId": "d7cfdb98-c118-458d-8bdf-246be66b1f5e"
  }
}