{
  "Entries": [
    {
      "RequestUri": "https://management.azure.com/subscriptions/0accec26-d6de-4757-8e74-d080f38eaaab?api-version=2019-11-01",
      "RequestMethod": "GET",
      "RequestHeaders": {
        "Accept": "application/json",
        "Authorization": "Sanitized",
        "traceparent": "00-49e15e6fdf5eeb4f8b662a67575dc2f3-5bb7f9d3329df14b-00",
        "User-Agent": [
          "azsdk-net-ResourceManager.Core/1.0.0-alpha.20210618.1",
          "(.NET Core 4.6.30015.01; Microsoft Windows 10.0.19043 )"
        ],
        "x-ms-client-request-id": "318a25a60217aa8babdf1638983c8d04",
        "x-ms-return-client-request-id": "true"
      },
      "RequestBody": null,
      "StatusCode": 200,
      "ResponseHeaders": {
        "Cache-Control": "no-cache",
        "Content-Length": "413",
        "Content-Type": "application/json; charset=utf-8",
        "Date": "Fri, 18 Jun 2021 08:05:15 GMT",
        "Expires": "-1",
        "Pragma": "no-cache",
        "Strict-Transport-Security": "max-age=31536000; includeSubDomains",
        "X-Content-Type-Options": "nosniff",
        "x-ms-correlation-request-id": "59a58a7a-14f6-4bda-876b-1953a38733d6",
        "x-ms-ratelimit-remaining-subscription-reads": "11995",
        "x-ms-request-id": "59a58a7a-14f6-4bda-876b-1953a38733d6",
        "x-ms-routing-request-id": "SOUTHEASTASIA:20210618T080516Z:59a58a7a-14f6-4bda-876b-1953a38733d6"
      },
      "ResponseBody": {
        "id": "/subscriptions/0accec26-d6de-4757-8e74-d080f38eaaab",
        "authorizationSource": "RoleBased",
        "managedByTenants": [],
        "tags": {},
        "subscriptionId": "0accec26-d6de-4757-8e74-d080f38eaaab",
        "tenantId": "72f988bf-86f1-41af-91ab-2d7cd011db47",
        "displayName": "ACR - TEST - China Team",
        "state": "Enabled",
        "subscriptionPolicies": {
          "locationPlacementId": "Internal_2014-09-01",
          "quotaId": "Internal_2014-09-01",
          "spendingLimit": "Off"
        }
      }
    },
    {
      "RequestUri": "https://management.azure.com/subscriptions/0accec26-d6de-4757-8e74-d080f38eaaab/resourcegroups/rg15?api-version=2019-10-01",
      "RequestMethod": "PUT",
      "RequestHeaders": {
        "Accept": "application/json",
        "Authorization": "Sanitized",
        "Content-Length": "34",
        "Content-Type": "application/json",
        "traceparent": "00-715afbd865e480439664f5c685cd04ff-c298a9ec85314b40-00",
        "User-Agent": [
          "azsdk-net-ResourceManager.Core/1.0.0-alpha.20210618.1",
          "(.NET Core 4.6.30015.01; Microsoft Windows 10.0.19043 )"
        ],
        "x-ms-client-request-id": "f8a9b471f6bf99034b4e649ce25e5ea1",
        "x-ms-return-client-request-id": "true"
      },
      "RequestBody": {
        "location": "West US 2",
        "tags": {}
      },
      "StatusCode": 201,
      "ResponseHeaders": {
        "Cache-Control": "no-cache",
        "Content-Length": "216",
        "Content-Type": "application/json; charset=utf-8",
        "Date": "Fri, 18 Jun 2021 08:05:17 GMT",
        "Expires": "-1",
        "Pragma": "no-cache",
        "Strict-Transport-Security": "max-age=31536000; includeSubDomains",
        "X-Content-Type-Options": "nosniff",
        "x-ms-correlation-request-id": "f78f8ba2-651e-45bd-ae77-9b1bbfe5dd2d",
        "x-ms-ratelimit-remaining-subscription-writes": "1195",
        "x-ms-request-id": "f78f8ba2-651e-45bd-ae77-9b1bbfe5dd2d",
        "x-ms-routing-request-id": "SOUTHEASTASIA:20210618T080518Z:f78f8ba2-651e-45bd-ae77-9b1bbfe5dd2d"
      },
      "ResponseBody": {
        "id": "/subscriptions/0accec26-d6de-4757-8e74-d080f38eaaab/resourceGroups/rg15",
        "name": "rg15",
        "type": "Microsoft.Resources/resourceGroups",
        "location": "westus2",
        "tags": {},
        "properties": {
          "provisioningState": "Succeeded"
        }
      }
    },
    {
      "RequestUri": "https://management.azure.com/subscriptions/0accec26-d6de-4757-8e74-d080f38eaaab/resourcegroups/rg15?api-version=2019-10-01",
      "RequestMethod": "PATCH",
      "RequestHeaders": {
        "Accept": "application/json",
        "Authorization": "Sanitized",
        "Content-Length": "26",
        "Content-Type": "application/json",
        "User-Agent": [
          "azsdk-net-ResourceManager.Core/1.0.0-alpha.20210618.1",
          "(.NET Core 4.6.30015.01; Microsoft Windows 10.0.19043 )"
        ],
        "x-ms-client-request-id": "336daa7bef24778f0d949dab0a92986f",
        "x-ms-return-client-request-id": "true"
      },
      "RequestBody": {
        "tags": {
          "key1": "value1"
        }
      },
      "StatusCode": 200,
      "ResponseHeaders": {
        "Cache-Control": "no-cache",
        "Content-Length": "231",
        "Content-Type": "application/json; charset=utf-8",
        "Date": "Fri, 18 Jun 2021 08:05:18 GMT",
        "Expires": "-1",
        "Pragma": "no-cache",
        "Strict-Transport-Security": "max-age=31536000; includeSubDomains",
        "X-Content-Type-Options": "nosniff",
        "x-ms-correlation-request-id": "750d1b17-ca23-470c-b2c5-7cda3b19b031",
        "x-ms-ratelimit-remaining-subscription-writes": "1194",
        "x-ms-request-id": "750d1b17-ca23-470c-b2c5-7cda3b19b031",
        "x-ms-routing-request-id": "SOUTHEASTASIA:20210618T080518Z:750d1b17-ca23-470c-b2c5-7cda3b19b031"
      },
      "ResponseBody": {
        "id": "/subscriptions/0accec26-d6de-4757-8e74-d080f38eaaab/resourceGroups/rg15",
        "name": "rg15",
        "type": "Microsoft.Resources/resourceGroups",
        "location": "westus2",
        "tags": {
          "key1": "value1"
        },
        "properties": {
          "provisioningState": "Succeeded"
        }
      }
    },
    {
      "RequestUri": "https://management.azure.com/subscriptions/0accec26-d6de-4757-8e74-d080f38eaaab/resourcegroups/rg15?api-version=2019-10-01",
      "RequestMethod": "PATCH",
      "RequestHeaders": {
        "Accept": "application/json",
        "Authorization": "Sanitized",
        "Content-Length": "42",
        "Content-Type": "application/json",
        "User-Agent": [
          "azsdk-net-ResourceManager.Core/1.0.0-alpha.20210618.1",
          "(.NET Core 4.6.30015.01; Microsoft Windows 10.0.19043 )"
        ],
        "x-ms-client-request-id": "77eb1949838f2fe68798cbb3270ec980",
        "x-ms-return-client-request-id": "true"
      },
      "RequestBody": {
        "tags": {
          "key1": "value1",
          "key2": "value2"
        }
      },
      "StatusCode": 200,
      "ResponseHeaders": {
        "Cache-Control": "no-cache",
        "Content-Length": "247",
        "Content-Type": "application/json; charset=utf-8",
        "Date": "Fri, 18 Jun 2021 08:05:18 GMT",
        "Expires": "-1",
        "Pragma": "no-cache",
        "Strict-Transport-Security": "max-age=31536000; includeSubDomains",
        "X-Content-Type-Options": "nosniff",
        "x-ms-correlation-request-id": "192730f5-a49b-4b52-bbe2-20a059d0a6c3",
        "x-ms-ratelimit-remaining-subscription-writes": "1193",
        "x-ms-request-id": "192730f5-a49b-4b52-bbe2-20a059d0a6c3",
        "x-ms-routing-request-id": "SOUTHEASTASIA:20210618T080519Z:192730f5-a49b-4b52-bbe2-20a059d0a6c3"
      },
      "ResponseBody": {
        "id": "/subscriptions/0accec26-d6de-4757-8e74-d080f38eaaab/resourceGroups/rg15",
        "name": "rg15",
        "type": "Microsoft.Resources/resourceGroups",
        "location": "westus2",
        "tags": {
          "key1": "value1",
          "key2": "value2"
        },
        "properties": {
          "provisioningState": "Succeeded"
        }
      }
    },
    {
      "RequestUri": "https://management.azure.com/subscriptions/0accec26-d6de-4757-8e74-d080f38eaaab/resourceGroups/rg15/providers/Microsoft.Resources/tags/default?api-version=2019-10-01",
      "RequestMethod": "DELETE",
      "RequestHeaders": {
        "Accept": "application/json",
        "Authorization": "Sanitized",
        "User-Agent": [
          "azsdk-net-ResourceManager.Core/1.0.0-alpha.20210618.1",
          "(.NET Core 4.6.30015.01; Microsoft Windows 10.0.19043 )"
        ],
        "x-ms-client-request-id": "921d96b8d01f82d02432ea2b59578eb9",
        "x-ms-return-client-request-id": "true"
      },
      "RequestBody": null,
      "StatusCode": 200,
      "ResponseHeaders": {
        "Cache-Control": "no-cache",
        "Content-Length": "0",
        "Date": "Fri, 18 Jun 2021 08:05:19 GMT",
        "Expires": "-1",
        "Pragma": "no-cache",
        "Strict-Transport-Security": "max-age=31536000; includeSubDomains",
        "X-Content-Type-Options": "nosniff",
        "x-ms-correlation-request-id": "8428abaf-b8b0-4373-82ce-edbecc6855f1",
        "x-ms-ratelimit-remaining-subscription-deletes": "14998",
        "x-ms-request-id": "8428abaf-b8b0-4373-82ce-edbecc6855f1",
        "x-ms-routing-request-id": "SOUTHEASTASIA:20210618T080520Z:8428abaf-b8b0-4373-82ce-edbecc6855f1"
      },
      "ResponseBody": []
    },
    {
      "RequestUri": "https://management.azure.com/subscriptions/0accec26-d6de-4757-8e74-d080f38eaaab/resourceGroups/rg15/providers/Microsoft.Resources/tags/default?api-version=2019-10-01",
      "RequestMethod": "GET",
      "RequestHeaders": {
        "Accept": "application/json",
        "Authorization": "Sanitized",
        "User-Agent": [
          "azsdk-net-ResourceManager.Core/1.0.0-alpha.20210618.1",
          "(.NET Core 4.6.30015.01; Microsoft Windows 10.0.19043 )"
        ],
        "x-ms-client-request-id": "c852f4b6e673f712c33eab8c24db50fe",
        "x-ms-return-client-request-id": "true"
      },
      "RequestBody": null,
      "StatusCode": 200,
      "ResponseHeaders": {
        "Cache-Control": "no-cache",
        "Content-Length": "199",
        "Content-Type": "application/json; charset=utf-8",
        "Date": "Fri, 18 Jun 2021 08:05:19 GMT",
        "Expires": "-1",
        "Pragma": "no-cache",
        "Strict-Transport-Security": "max-age=31536000; includeSubDomains",
        "X-Content-Type-Options": "nosniff",
        "x-ms-correlation-request-id": "0e57f929-788c-41b1-927f-67bb44656ceb",
        "x-ms-ratelimit-remaining-subscription-reads": "11994",
        "x-ms-request-id": "0e57f929-788c-41b1-927f-67bb44656ceb",
        "x-ms-routing-request-id": "SOUTHEASTASIA:20210618T080520Z:0e57f929-788c-41b1-927f-67bb44656ceb"
      },
      "ResponseBody": {
        "id": "/subscriptions/0accec26-d6de-4757-8e74-d080f38eaaab/resourceGroups/rg15/providers/Microsoft.Resources/tags/default",
        "name": "default",
        "type": "Microsoft.Resources/tags",
        "properties": {
          "tags": {}
        }
      }
    }
  ],
  "Variables": {
    "RandomSeed": "1800394246",
    "SUBSCRIPTION_ID": "0accec26-d6de-4757-8e74-d080f38eaaab"
  }
}