{
  "Entries": [
    {
      "RequestUri": "https://management.azure.com/subscriptions/db1ab6f0-4769-4b27-930e-01e2ef9c123c?api-version=2021-01-01",
      "RequestMethod": "GET",
      "RequestHeaders": {
        "Accept": "application/json",
        "Authorization": "Sanitized",
        "traceparent": "00-4a589ae8bdfcc44e80517329f2712161-86611bbe6356be40-00",
        "User-Agent": "azsdk-net-ResourceManager/1.0.0-alpha.20220112.1 (.NET Framework 4.8.4420.0; Microsoft Windows 10.0.22000 )",
        "x-ms-client-request-id": "7bca46a9510d7ef214103826dd49138d",
        "x-ms-return-client-request-id": "true"
      },
      "RequestBody": null,
      "StatusCode": 200,
      "ResponseHeaders": {
        "Cache-Control": "no-cache",
        "Content-Length": "468",
        "Content-Type": "application/json; charset=utf-8",
        "Date": "Wed, 12 Jan 2022 03:58:38 GMT",
        "Expires": "-1",
        "Pragma": "no-cache",
        "Strict-Transport-Security": "max-age=31536000; includeSubDomains",
        "X-Content-Type-Options": "nosniff",
        "x-ms-correlation-request-id": "89e52e85-d1bb-496a-9122-300bd61d1528",
        "x-ms-ratelimit-remaining-subscription-reads": "11956",
        "x-ms-request-id": "89e52e85-d1bb-496a-9122-300bd61d1528",
        "x-ms-routing-request-id": "SOUTHEASTASIA:20220112T035838Z:89e52e85-d1bb-496a-9122-300bd61d1528"
      },
      "ResponseBody": {
        "id": "/subscriptions/db1ab6f0-4769-4b27-930e-01e2ef9c123c",
        "authorizationSource": "RoleBased",
        "managedByTenants": [],
        "tags": {
          "tagKey1": "tagValue1",
          "tagKey2": "tagValue2"
        },
        "subscriptionId": "db1ab6f0-4769-4b27-930e-01e2ef9c123c",
        "tenantId": "72f988bf-86f1-41af-91ab-2d7cd011db47",
        "displayName": ".NET Mgmt SDK Test with TTL = 1 Day",
        "state": "Enabled",
        "subscriptionPolicies": {
          "locationPlacementId": "Internal_2014-09-01",
          "quotaId": "Internal_2014-09-01",
          "spendingLimit": "Off"
        }
      }
    },
    {
      "RequestUri": "https://management.azure.com/subscriptions/db1ab6f0-4769-4b27-930e-01e2ef9c123c/resourcegroups/rg2655?api-version=2021-04-01",
      "RequestMethod": "PUT",
      "RequestHeaders": {
        "Accept": "application/json",
        "Authorization": "Sanitized",
        "Content-Length": "32",
        "Content-Type": "application/json",
        "User-Agent": "azsdk-net-ResourceManager/1.0.0-alpha.20220112.1 (.NET Framework 4.8.4420.0; Microsoft Windows 10.0.22000 )",
        "x-ms-client-request-id": "935ec5d32b288503303bdd2af056f37c",
        "x-ms-return-client-request-id": "true"
      },
      "RequestBody": {
        "tags": {},
        "location": "westus2"
      },
      "StatusCode": 201,
      "ResponseHeaders": {
        "Cache-Control": "no-cache",
        "Content-Length": "220",
        "Content-Type": "application/json; charset=utf-8",
        "Date": "Wed, 12 Jan 2022 03:58:39 GMT",
        "Expires": "-1",
        "Pragma": "no-cache",
        "Strict-Transport-Security": "max-age=31536000; includeSubDomains",
        "X-Content-Type-Options": "nosniff",
        "x-ms-correlation-request-id": "d83c4e59-d3f9-4bce-98b0-7ceb36269fda",
        "x-ms-ratelimit-remaining-subscription-writes": "1180",
        "x-ms-request-id": "d83c4e59-d3f9-4bce-98b0-7ceb36269fda",
        "x-ms-routing-request-id": "SOUTHEASTASIA:20220112T035839Z:d83c4e59-d3f9-4bce-98b0-7ceb36269fda"
      },
      "ResponseBody": {
        "id": "/subscriptions/db1ab6f0-4769-4b27-930e-01e2ef9c123c/resourceGroups/rg2655",
        "name": "rg2655",
        "type": "Microsoft.Resources/resourceGroups",
        "location": "westus2",
        "tags": {},
        "properties": {
          "provisioningState": "Succeeded"
        }
      }
    },
    {
      "RequestUri": "https://management.azure.com/subscriptions/db1ab6f0-4769-4b27-930e-01e2ef9c123c/resourceGroups/rg2655/providers/Microsoft.Resources/tags/default?api-version=2021-04-01",
      "RequestMethod": "GET",
      "RequestHeaders": {
        "Accept": "application/json",
        "Authorization": "Sanitized",
        "User-Agent": "azsdk-net-ResourceManager/1.0.0-alpha.20220112.1 (.NET Framework 4.8.4420.0; Microsoft Windows 10.0.22000 )",
        "x-ms-client-request-id": "fdcb82119770814e5da101eb2603ac9e",
        "x-ms-return-client-request-id": "true"
      },
      "RequestBody": null,
      "StatusCode": 200,
      "ResponseHeaders": {
        "Cache-Control": "no-cache",
        "Content-Length": "201",
        "Content-Type": "application/json; charset=utf-8",
        "Date": "Wed, 12 Jan 2022 03:58:39 GMT",
        "Expires": "-1",
        "Pragma": "no-cache",
        "Strict-Transport-Security": "max-age=31536000; includeSubDomains",
        "X-Content-Type-Options": "nosniff",
        "x-ms-correlation-request-id": "e3700f09-5d9b-4757-8054-8204721997d2",
        "x-ms-ratelimit-remaining-subscription-reads": "11955",
        "x-ms-request-id": "e3700f09-5d9b-4757-8054-8204721997d2",
        "x-ms-routing-request-id": "SOUTHEASTASIA:20220112T035839Z:e3700f09-5d9b-4757-8054-8204721997d2"
      },
      "ResponseBody": {
        "id": "/subscriptions/db1ab6f0-4769-4b27-930e-01e2ef9c123c/resourceGroups/rg2655/providers/Microsoft.Resources/tags/default",
        "name": "default",
        "type": "Microsoft.Resources/tags",
        "properties": {
          "tags": {}
        }
      }
    },
    {
      "RequestUri": "https://management.azure.com/subscriptions/db1ab6f0-4769-4b27-930e-01e2ef9c123c/resourceGroups/rg2655/providers/Microsoft.Resources/tags/default?api-version=2021-04-01",
      "RequestMethod": "PUT",
      "RequestHeaders": {
        "Accept": "application/json",
        "Authorization": "Sanitized",
        "Content-Length": "41",
        "Content-Type": "application/json",
        "User-Agent": "azsdk-net-ResourceManager/1.0.0-alpha.20220112.1 (.NET Framework 4.8.4420.0; Microsoft Windows 10.0.22000 )",
        "x-ms-client-request-id": "04a8138ede6d1b81c6f5dc16145324ba",
        "x-ms-return-client-request-id": "true"
      },
      "RequestBody": {
        "properties": {
          "tags": {
            "key1": "value1"
          }
        }
      },
      "StatusCode": 200,
      "ResponseHeaders": {
        "Cache-Control": "no-cache",
        "Content-Length": "216",
        "Content-Type": "application/json; charset=utf-8",
        "Date": "Wed, 12 Jan 2022 03:58:40 GMT",
        "Expires": "-1",
        "Pragma": "no-cache",
        "Strict-Transport-Security": "max-age=31536000; includeSubDomains",
        "X-Content-Type-Options": "nosniff",
        "x-ms-correlation-request-id": "4ebb6626-5315-41c1-856b-924ef651151a",
        "x-ms-ratelimit-remaining-subscription-writes": "1179",
        "x-ms-request-id": "4ebb6626-5315-41c1-856b-924ef651151a",
        "x-ms-routing-request-id": "SOUTHEASTASIA:20220112T035840Z:4ebb6626-5315-41c1-856b-924ef651151a"
      },
      "ResponseBody": {
        "id": "/subscriptions/db1ab6f0-4769-4b27-930e-01e2ef9c123c/resourceGroups/rg2655/providers/Microsoft.Resources/tags/default",
        "name": "default",
        "type": "Microsoft.Resources/tags",
        "properties": {
          "tags": {
            "key1": "value1"
          }
        }
      }
    },
    {
      "RequestUri": "https://management.azure.com/subscriptions/db1ab6f0-4769-4b27-930e-01e2ef9c123c/resourcegroups/rg2655?api-version=2021-04-01",
      "RequestMethod": "GET",
      "RequestHeaders": {
        "Accept": "application/json",
        "Authorization": "Sanitized",
        "User-Agent": "azsdk-net-ResourceManager/1.0.0-alpha.20220112.1 (.NET Framework 4.8.4420.0; Microsoft Windows 10.0.22000 )",
        "x-ms-client-request-id": "c6cbaa458f473cc277dd36862a185f2d",
        "x-ms-return-client-request-id": "true"
      },
      "RequestBody": null,
      "StatusCode": 200,
      "ResponseHeaders": {
        "Cache-Control": "no-cache",
        "Content-Length": "235",
        "Content-Type": "application/json; charset=utf-8",
        "Date": "Wed, 12 Jan 2022 03:58:40 GMT",
        "Expires": "-1",
        "Pragma": "no-cache",
        "Strict-Transport-Security": "max-age=31536000; includeSubDomains",
        "X-Content-Type-Options": "nosniff",
        "x-ms-correlation-request-id": "94378ed7-db2b-45be-8a10-51b1bdf27747",
        "x-ms-ratelimit-remaining-subscription-reads": "11954",
        "x-ms-request-id": "94378ed7-db2b-45be-8a10-51b1bdf27747",
        "x-ms-routing-request-id": "SOUTHEASTASIA:20220112T035840Z:94378ed7-db2b-45be-8a10-51b1bdf27747"
      },
      "ResponseBody": {
        "id": "/subscriptions/db1ab6f0-4769-4b27-930e-01e2ef9c123c/resourceGroups/rg2655",
        "name": "rg2655",
        "type": "Microsoft.Resources/resourceGroups",
        "location": "westus2",
        "tags": {
          "key1": "value1"
        },
        "properties": {
          "provisioningState": "Succeeded"
        }
      }
    },
    {
      "RequestUri": "https://management.azure.com/subscriptions/db1ab6f0-4769-4b27-930e-01e2ef9c123c/resourceGroups/rg2655/providers/Microsoft.Resources/tags/default?api-version=2021-04-01",
      "RequestMethod": "GET",
      "RequestHeaders": {
        "Accept": "application/json",
        "Authorization": "Sanitized",
        "User-Agent": "azsdk-net-ResourceManager/1.0.0-alpha.20220112.1 (.NET Framework 4.8.4420.0; Microsoft Windows 10.0.22000 )",
        "x-ms-client-request-id": "dc9c3f8fefae320e01b0377aba386c09",
        "x-ms-return-client-request-id": "true"
      },
      "RequestBody": null,
      "StatusCode": 200,
      "ResponseHeaders": {
        "Cache-Control": "no-cache",
        "Content-Length": "216",
        "Content-Type": "application/json; charset=utf-8",
        "Date": "Wed, 12 Jan 2022 03:58:40 GMT",
        "Expires": "-1",
        "Pragma": "no-cache",
        "Strict-Transport-Security": "max-age=31536000; includeSubDomains",
        "X-Content-Type-Options": "nosniff",
        "x-ms-correlation-request-id": "6b244930-13bd-4f57-a573-28b7090c2848",
        "x-ms-ratelimit-remaining-subscription-reads": "11953",
        "x-ms-request-id": "6b244930-13bd-4f57-a573-28b7090c2848",
        "x-ms-routing-request-id": "SOUTHEASTASIA:20220112T035840Z:6b244930-13bd-4f57-a573-28b7090c2848"
      },
      "ResponseBody": {
        "id": "/subscriptions/db1ab6f0-4769-4b27-930e-01e2ef9c123c/resourceGroups/rg2655/providers/Microsoft.Resources/tags/default",
        "name": "default",
        "type": "Microsoft.Resources/tags",
        "properties": {
          "tags": {
            "key1": "value1"
          }
        }
      }
    },
    {
      "RequestUri": "https://management.azure.com/subscriptions/db1ab6f0-4769-4b27-930e-01e2ef9c123c/resourceGroups/rg2655/providers/Microsoft.Resources/tags/default?api-version=2021-04-01",
      "RequestMethod": "PUT",
      "RequestHeaders": {
        "Accept": "application/json",
        "Authorization": "Sanitized",
        "Content-Length": "57",
        "Content-Type": "application/json",
        "User-Agent": "azsdk-net-ResourceManager/1.0.0-alpha.20220112.1 (.NET Framework 4.8.4420.0; Microsoft Windows 10.0.22000 )",
        "x-ms-client-request-id": "7ca6467de537fe57516c8c90a7faf0ae",
        "x-ms-return-client-request-id": "true"
      },
      "RequestBody": {
        "properties": {
          "tags": {
            "key1": "value1",
            "key2": "value2"
          }
        }
      },
      "StatusCode": 200,
      "ResponseHeaders": {
        "Cache-Control": "no-cache",
        "Content-Length": "232",
        "Content-Type": "application/json; charset=utf-8",
        "Date": "Wed, 12 Jan 2022 03:58:40 GMT",
        "Expires": "-1",
        "Pragma": "no-cache",
        "Strict-Transport-Security": "max-age=31536000; includeSubDomains",
        "X-Content-Type-Options": "nosniff",
        "x-ms-correlation-request-id": "d760c30f-bb58-4f88-9895-b14f7d5b3d52",
        "x-ms-ratelimit-remaining-subscription-writes": "1178",
        "x-ms-request-id": "d760c30f-bb58-4f88-9895-b14f7d5b3d52",
        "x-ms-routing-request-id": "SOUTHEASTASIA:20220112T035840Z:d760c30f-bb58-4f88-9895-b14f7d5b3d52"
      },
      "ResponseBody": {
        "id": "/subscriptions/db1ab6f0-4769-4b27-930e-01e2ef9c123c/resourceGroups/rg2655/providers/Microsoft.Resources/tags/default",
        "name": "default",
        "type": "Microsoft.Resources/tags",
        "properties": {
          "tags": {
            "key1": "value1",
            "key2": "value2"
          }
        }
      }
    },
    {
      "RequestUri": "https://management.azure.com/subscriptions/db1ab6f0-4769-4b27-930e-01e2ef9c123c/resourcegroups/rg2655?api-version=2021-04-01",
      "RequestMethod": "GET",
      "RequestHeaders": {
        "Accept": "application/json",
        "Authorization": "Sanitized",
        "User-Agent": "azsdk-net-ResourceManager/1.0.0-alpha.20220112.1 (.NET Framework 4.8.4420.0; Microsoft Windows 10.0.22000 )",
        "x-ms-client-request-id": "d586af9647b7550b9b99c5965847813f",
        "x-ms-return-client-request-id": "true"
      },
      "RequestBody": null,
      "StatusCode": 200,
      "ResponseHeaders": {
        "Cache-Control": "no-cache",
        "Content-Length": "251",
        "Content-Type": "application/json; charset=utf-8",
        "Date": "Wed, 12 Jan 2022 03:58:40 GMT",
        "Expires": "-1",
        "Pragma": "no-cache",
        "Strict-Transport-Security": "max-age=31536000; includeSubDomains",
        "X-Content-Type-Options": "nosniff",
        "x-ms-correlation-request-id": "ef771145-c915-4eb9-a630-e58334e6791e",
        "x-ms-ratelimit-remaining-subscription-reads": "11952",
        "x-ms-request-id": "ef771145-c915-4eb9-a630-e58334e6791e",
        "x-ms-routing-request-id": "SOUTHEASTASIA:20220112T035840Z:ef771145-c915-4eb9-a630-e58334e6791e"
      },
      "ResponseBody": {
        "id": "/subscriptions/db1ab6f0-4769-4b27-930e-01e2ef9c123c/resourceGroups/rg2655",
        "name": "rg2655",
        "type": "Microsoft.Resources/resourceGroups",
        "location": "westus2",
        "tags": {
          "key1": "value1",
          "key2": "value2"
        },
        "properties": {
          "provisioningState": "Succeeded"
        }
      }
    },
    {
      "RequestUri": "https://management.azure.com/subscriptions/db1ab6f0-4769-4b27-930e-01e2ef9c123c/resourceGroups/rg2655/providers/Microsoft.Resources/tags/default?api-version=2021-04-01",
      "RequestMethod": "GET",
      "RequestHeaders": {
        "Accept": "application/json",
        "Authorization": "Sanitized",
        "User-Agent": "azsdk-net-ResourceManager/1.0.0-alpha.20220112.1 (.NET Framework 4.8.4420.0; Microsoft Windows 10.0.22000 )",
        "x-ms-client-request-id": "e3082d70e271a9f6e89d8a42627e8a06",
        "x-ms-return-client-request-id": "true"
      },
      "RequestBody": null,
      "StatusCode": 200,
      "ResponseHeaders": {
        "Cache-Control": "no-cache",
        "Content-Length": "232",
        "Content-Type": "application/json; charset=utf-8",
        "Date": "Wed, 12 Jan 2022 03:58:40 GMT",
        "Expires": "-1",
        "Pragma": "no-cache",
        "Strict-Transport-Security": "max-age=31536000; includeSubDomains",
        "X-Content-Type-Options": "nosniff",
        "x-ms-correlation-request-id": "b5d29b61-762b-4e87-8820-1c162ec6cfe9",
        "x-ms-ratelimit-remaining-subscription-reads": "11951",
        "x-ms-request-id": "b5d29b61-762b-4e87-8820-1c162ec6cfe9",
        "x-ms-routing-request-id": "SOUTHEASTASIA:20220112T035841Z:b5d29b61-762b-4e87-8820-1c162ec6cfe9"
      },
      "ResponseBody": {
        "id": "/subscriptions/db1ab6f0-4769-4b27-930e-01e2ef9c123c/resourceGroups/rg2655/providers/Microsoft.Resources/tags/default",
        "name": "default",
        "type": "Microsoft.Resources/tags",
        "properties": {
          "tags": {
            "key1": "value1",
            "key2": "value2"
          }
        }
      }
    },
    {
      "RequestUri": "https://management.azure.com/subscriptions/db1ab6f0-4769-4b27-930e-01e2ef9c123c/resourceGroups/rg2655/providers/Microsoft.Resources/tags/default?api-version=2021-04-01",
      "RequestMethod": "PUT",
      "RequestHeaders": {
        "Accept": "application/json",
        "Authorization": "Sanitized",
        "Content-Length": "72",
        "Content-Type": "application/json",
        "User-Agent": "azsdk-net-ResourceManager/1.0.0-alpha.20220112.1 (.NET Framework 4.8.4420.0; Microsoft Windows 10.0.22000 )",
        "x-ms-client-request-id": "0be488c097b136513a51e09e20c0a60a",
        "x-ms-return-client-request-id": "true"
      },
      "RequestBody": {
        "properties": {
          "tags": {
            "key1": "value1",
            "key2": "value2",
            "nullKey": null
          }
        }
      },
      "StatusCode": 400,
      "ResponseHeaders": {
        "Cache-Control": "no-cache",
        "Content-Length": "145",
        "Content-Type": "application/json; charset=utf-8",
        "Date": "Wed, 12 Jan 2022 03:58:41 GMT",
        "Expires": "-1",
        "Pragma": "no-cache",
        "Strict-Transport-Security": "max-age=31536000; includeSubDomains",
        "X-Content-Type-Options": "nosniff",
        "x-ms-correlation-request-id": "70b879a8-6516-4090-863d-bdb317214163",
        "x-ms-failure-cause": "gateway",
        "x-ms-request-id": "70b879a8-6516-4090-863d-bdb317214163",
        "x-ms-routing-request-id": "SOUTHEASTASIA:20220112T035841Z:70b879a8-6516-4090-863d-bdb317214163"
      },
      "ResponseBody": {
        "error": {
          "code": "InvalidNullTagValue",
          "message": "Invalid tag value. The following tags \u0027nullKey\u0027 have a null value. Tag value cannot be null."
        }
      }
    }
  ],
  "Variables": {
    "RandomSeed": "423301425",
    "RESOURCE_MANAGER_URL": "https://management.azure.com",
    "SUBSCRIPTION_ID": "db1ab6f0-4769-4b27-930e-01e2ef9c123c"
  }
}