{
  "Entries": [
    {
      "RequestUri": "https://management.azure.com/subscriptions/f3d94233-a9aa-4241-ac82-2dfb63ce637a/resourceGroups/Default-CosmosDB-4397/providers/Microsoft.DocumentDB/databaseAccounts/cosmosdb5326/sqlDatabases/databaseName9849/containers/containerName815/triggers/triggerName3476?api-version=2020-04-01",
      "RequestMethod": "PUT",
      "RequestHeaders": {
        "Accept": "application/json",
        "Authorization": "Sanitized",
        "Content-Length": "248",
        "Content-Type": "application/json",
        "traceparent": "00-7d987997b691a84599523596fd6f19bf-7a1fc0fde0312e47-00",
        "User-Agent": [
          "azsdk-net-ResourceManager.CosmosDB/1.0.0-alpha.20210831.1",
          "(.NET 5.0.9; Microsoft Windows 10.0.19043)"
        ],
        "x-ms-client-request-id": "196e7033169c93d66d2f41bad923a5ca",
        "x-ms-return-client-request-id": "true"
      },
      "RequestBody": {
        "properties": {
          "resource": {
            "id": "triggerName3476",
            "body": "function () { var context = getContext(); var response = context.getResponse();response.setBody('First Hello World');}",
            "triggerType": "Pre",
            "triggerOperation": "All"
          },
          "options": {}
        }
      },
      "StatusCode": 202,
      "ResponseHeaders": {
        "Azure-AsyncOperation": "https://management.azure.com/subscriptions/f3d94233-a9aa-4241-ac82-2dfb63ce637a/providers/Microsoft.DocumentDB/locations/eastus/operationsStatus/1eae2b44-75dc-4759-8be6-e5c5d2b0494c?api-version=2020-04-01",
        "Cache-Control": "no-store, no-cache",
        "Content-Length": "21",
        "Content-Type": "application/json",
        "Date": "Tue, 31 Aug 2021 09:53:37 GMT",
        "Location": "https://management.azure.com/subscriptions/f3d94233-a9aa-4241-ac82-2dfb63ce637a/resourceGroups/Default-CosmosDB-4397/providers/Microsoft.DocumentDB/databaseAccounts/cosmosdb5326/sqlDatabases/databaseName9849/containers/containerName815/triggers/triggerName3476/operationResults/1eae2b44-75dc-4759-8be6-e5c5d2b0494c?api-version=2020-04-01",
        "Pragma": "no-cache",
        "Server": "Microsoft-HTTPAPI/2.0",
        "Strict-Transport-Security": "max-age=31536000; includeSubDomains",
        "X-Content-Type-Options": "nosniff",
        "x-ms-correlation-request-id": "ae5f7ed7-a44d-4cf7-a160-33477103e0db",
        "x-ms-gatewayversion": "version=2.14.0",
        "x-ms-ratelimit-remaining-subscription-writes": "1185",
        "x-ms-request-id": "1eae2b44-75dc-4759-8be6-e5c5d2b0494c",
        "x-ms-routing-request-id": "SOUTHEASTASIA:20210831T095337Z:ae5f7ed7-a44d-4cf7-a160-33477103e0db"
      },
      "ResponseBody": {
        "status": "Enqueued"
      }
    },
    {
      "RequestUri": "https://management.azure.com/subscriptions/f3d94233-a9aa-4241-ac82-2dfb63ce637a/providers/Microsoft.DocumentDB/locations/eastus/operationsStatus/1eae2b44-75dc-4759-8be6-e5c5d2b0494c?api-version=2020-04-01",
      "RequestMethod": "GET",
      "RequestHeaders": {
        "Authorization": "Sanitized",
        "User-Agent": [
          "azsdk-net-ResourceManager.CosmosDB/1.0.0-alpha.20210831.1",
          "(.NET 5.0.9; Microsoft Windows 10.0.19043)"
        ],
        "x-ms-client-request-id": "592cc6bada87766cfa7317d052286416",
        "x-ms-return-client-request-id": "true"
      },
      "RequestBody": null,
      "StatusCode": 200,
      "ResponseHeaders": {
        "Cache-Control": "no-store, no-cache",
        "Content-Length": "21",
        "Content-Type": "application/json",
        "Date": "Tue, 31 Aug 2021 09:53:37 GMT",
        "Pragma": "no-cache",
        "Server": "Microsoft-HTTPAPI/2.0",
        "Strict-Transport-Security": "max-age=31536000; includeSubDomains",
        "X-Content-Type-Options": "nosniff",
        "x-ms-correlation-request-id": "71398f9b-f7e7-45da-be06-01b8d4cc0318",
        "x-ms-gatewayversion": "version=2.14.0",
        "x-ms-ratelimit-remaining-subscription-reads": "11596",
        "x-ms-request-id": "71398f9b-f7e7-45da-be06-01b8d4cc0318",
        "x-ms-routing-request-id": "SOUTHEASTASIA:20210831T095337Z:71398f9b-f7e7-45da-be06-01b8d4cc0318"
      },
      "ResponseBody": {
        "status": "Enqueued"
      }
    },
    {
      "RequestUri": "https://management.azure.com/subscriptions/f3d94233-a9aa-4241-ac82-2dfb63ce637a/providers/Microsoft.DocumentDB/locations/eastus/operationsStatus/1eae2b44-75dc-4759-8be6-e5c5d2b0494c?api-version=2020-04-01",
      "RequestMethod": "GET",
      "RequestHeaders": {
        "Authorization": "Sanitized",
        "User-Agent": [
          "azsdk-net-ResourceManager.CosmosDB/1.0.0-alpha.20210831.1",
          "(.NET 5.0.9; Microsoft Windows 10.0.19043)"
        ],
        "x-ms-client-request-id": "eeb8b926601c258f30a3527b2541e20b",
        "x-ms-return-client-request-id": "true"
      },
      "RequestBody": null,
      "StatusCode": 200,
      "ResponseHeaders": {
        "Cache-Control": "no-store, no-cache",
        "Content-Length": "21",
        "Content-Type": "application/json",
        "Date": "Tue, 31 Aug 2021 09:53:38 GMT",
        "Pragma": "no-cache",
        "Server": "Microsoft-HTTPAPI/2.0",
        "Strict-Transport-Security": "max-age=31536000; includeSubDomains",
        "X-Content-Type-Options": "nosniff",
        "x-ms-correlation-request-id": "01e29c10-87fd-4036-8ef0-ae64444bcc93",
        "x-ms-gatewayversion": "version=2.14.0",
        "x-ms-ratelimit-remaining-subscription-reads": "11595",
        "x-ms-request-id": "01e29c10-87fd-4036-8ef0-ae64444bcc93",
        "x-ms-routing-request-id": "SOUTHEASTASIA:20210831T095338Z:01e29c10-87fd-4036-8ef0-ae64444bcc93"
      },
      "ResponseBody": {
        "status": "Enqueued"
      }
    },
    {
      "RequestUri": "https://management.azure.com/subscriptions/f3d94233-a9aa-4241-ac82-2dfb63ce637a/providers/Microsoft.DocumentDB/locations/eastus/operationsStatus/1eae2b44-75dc-4759-8be6-e5c5d2b0494c?api-version=2020-04-01",
      "RequestMethod": "GET",
      "RequestHeaders": {
        "Authorization": "Sanitized",
        "User-Agent": [
          "azsdk-net-ResourceManager.CosmosDB/1.0.0-alpha.20210831.1",
          "(.NET 5.0.9; Microsoft Windows 10.0.19043)"
        ],
        "x-ms-client-request-id": "13ff8e4c4cf6934236bcf6a4f66e789d",
        "x-ms-return-client-request-id": "true"
      },
      "RequestBody": null,
      "StatusCode": 200,
      "ResponseHeaders": {
        "Cache-Control": "no-store, no-cache",
        "Content-Length": "21",
        "Content-Type": "application/json",
        "Date": "Tue, 31 Aug 2021 09:53:40 GMT",
        "Pragma": "no-cache",
        "Server": "Microsoft-HTTPAPI/2.0",
        "Strict-Transport-Security": "max-age=31536000; includeSubDomains",
        "X-Content-Type-Options": "nosniff",
        "x-ms-correlation-request-id": "e88f562a-23d0-4687-8984-d9341131211e",
        "x-ms-gatewayversion": "version=2.14.0",
        "x-ms-ratelimit-remaining-subscription-reads": "11594",
        "x-ms-request-id": "e88f562a-23d0-4687-8984-d9341131211e",
        "x-ms-routing-request-id": "SOUTHEASTASIA:20210831T095340Z:e88f562a-23d0-4687-8984-d9341131211e"
      },
      "ResponseBody": {
        "status": "Enqueued"
      }
    },
    {
      "RequestUri": "https://management.azure.com/subscriptions/f3d94233-a9aa-4241-ac82-2dfb63ce637a/providers/Microsoft.DocumentDB/locations/eastus/operationsStatus/1eae2b44-75dc-4759-8be6-e5c5d2b0494c?api-version=2020-04-01",
      "RequestMethod": "GET",
      "RequestHeaders": {
        "Authorization": "Sanitized",
        "User-Agent": [
          "azsdk-net-ResourceManager.CosmosDB/1.0.0-alpha.20210831.1",
          "(.NET 5.0.9; Microsoft Windows 10.0.19043)"
        ],
        "x-ms-client-request-id": "f76ddabcf4aa5a96360729e487f151b8",
        "x-ms-return-client-request-id": "true"
      },
      "RequestBody": null,
      "StatusCode": 200,
      "ResponseHeaders": {
        "Cache-Control": "no-store, no-cache",
        "Content-Length": "21",
        "Content-Type": "application/json",
        "Date": "Tue, 31 Aug 2021 09:53:41 GMT",
        "Pragma": "no-cache",
        "Server": "Microsoft-HTTPAPI/2.0",
        "Strict-Transport-Security": "max-age=31536000; includeSubDomains",
        "X-Content-Type-Options": "nosniff",
        "x-ms-correlation-request-id": "a310bf45-46d6-4522-8590-cc9cec351dc5",
        "x-ms-gatewayversion": "version=2.14.0",
        "x-ms-ratelimit-remaining-subscription-reads": "11593",
        "x-ms-request-id": "a310bf45-46d6-4522-8590-cc9cec351dc5",
        "x-ms-routing-request-id": "SOUTHEASTASIA:20210831T095341Z:a310bf45-46d6-4522-8590-cc9cec351dc5"
      },
      "ResponseBody": {
        "status": "Dequeued"
      }
    },
    {
      "RequestUri": "https://management.azure.com/subscriptions/f3d94233-a9aa-4241-ac82-2dfb63ce637a/providers/Microsoft.DocumentDB/locations/eastus/operationsStatus/1eae2b44-75dc-4759-8be6-e5c5d2b0494c?api-version=2020-04-01",
      "RequestMethod": "GET",
      "RequestHeaders": {
        "Authorization": "Sanitized",
        "User-Agent": [
          "azsdk-net-ResourceManager.CosmosDB/1.0.0-alpha.20210831.1",
          "(.NET 5.0.9; Microsoft Windows 10.0.19043)"
        ],
        "x-ms-client-request-id": "c4840b915128da1f7724b85f69eb2ec1",
        "x-ms-return-client-request-id": "true"
      },
      "RequestBody": null,
      "StatusCode": 200,
      "ResponseHeaders": {
        "Cache-Control": "no-store, no-cache",
        "Content-Length": "22",
        "Content-Type": "application/json",
        "Date": "Tue, 31 Aug 2021 09:53:42 GMT",
        "Pragma": "no-cache",
        "Server": "Microsoft-HTTPAPI/2.0",
        "Strict-Transport-Security": "max-age=31536000; includeSubDomains",
        "X-Content-Type-Options": "nosniff",
        "x-ms-correlation-request-id": "80007b94-0eba-4b4c-bdc0-ab389675787b",
        "x-ms-gatewayversion": "version=2.14.0",
        "x-ms-ratelimit-remaining-subscription-reads": "11592",
        "x-ms-request-id": "80007b94-0eba-4b4c-bdc0-ab389675787b",
        "x-ms-routing-request-id": "SOUTHEASTASIA:20210831T095342Z:80007b94-0eba-4b4c-bdc0-ab389675787b"
      },
      "ResponseBody": {
        "status": "Succeeded"
      }
    },
    {
      "RequestUri": "https://management.azure.com/subscriptions/f3d94233-a9aa-4241-ac82-2dfb63ce637a/resourceGroups/Default-CosmosDB-4397/providers/Microsoft.DocumentDB/databaseAccounts/cosmosdb5326/sqlDatabases/databaseName9849/containers/containerName815/triggers/triggerName3476?api-version=2020-04-01",
      "RequestMethod": "GET",
      "RequestHeaders": {
        "Authorization": "Sanitized",
        "User-Agent": [
          "azsdk-net-ResourceManager.CosmosDB/1.0.0-alpha.20210831.1",
          "(.NET 5.0.9; Microsoft Windows 10.0.19043)"
        ],
        "x-ms-client-request-id": "4abfb42bebd45761f7a5dcef225e0b44",
        "x-ms-return-client-request-id": "true"
      },
      "RequestBody": null,
      "StatusCode": 200,
      "ResponseHeaders": {
        "Cache-Control": "no-store, no-cache",
        "Content-Length": "749",
        "Content-Type": "application/json",
        "Date": "Tue, 31 Aug 2021 09:53:42 GMT",
        "Pragma": "no-cache",
        "Server": "Microsoft-HTTPAPI/2.0",
        "Strict-Transport-Security": "max-age=31536000; includeSubDomains",
        "X-Content-Type-Options": "nosniff",
        "x-ms-correlation-request-id": "d801b06f-078a-48c2-ae84-beba58d14ea8",
        "x-ms-gatewayversion": "version=2.14.0",
        "x-ms-ratelimit-remaining-subscription-reads": "11591",
        "x-ms-request-id": "d801b06f-078a-48c2-ae84-beba58d14ea8",
        "x-ms-routing-request-id": "SOUTHEASTASIA:20210831T095343Z:d801b06f-078a-48c2-ae84-beba58d14ea8"
      },
      "ResponseBody": {
        "id": "/subscriptions/f3d94233-a9aa-4241-ac82-2dfb63ce637a/resourceGroups/Default-CosmosDB-4397/providers/Microsoft.DocumentDB/databaseAccounts/cosmosdb5326/sqlDatabases/databaseName9849/containers/containerName815/triggers/triggerName3476",
        "type": "Microsoft.DocumentDB/databaseAccounts/sqlDatabases/containers/triggers",
        "name": "triggerName3476",
        "properties": {
          "resource": {
            "id": "triggerName3476",
            "body": "function () { var context = getContext(); var response = context.getResponse();response.setBody('First Hello World');}",
            "triggerType": "Pre",
            "triggerOperation": "All",
            "_rid": "GmYtAOqoK1gBAAAAAAAAcA==",
            "_self": "dbs/GmYtAA==/colls/GmYtAOqoK1g=/triggers/GmYtAOqoK1gBAAAAAAAAcA==/",
            "_etag": "\"33037f8b-0000-0100-0000-612dfc250000\"",
            "_ts": 1630403621
          }
        }
      }
    },
    {
      "RequestUri": "https://management.azure.com/subscriptions/f3d94233-a9aa-4241-ac82-2dfb63ce637a/resourceGroups/Default-CosmosDB-4397/providers/Microsoft.DocumentDB/databaseAccounts/cosmosdb5326/sqlDatabases/databaseName9849/containers/containerName815/triggers/triggerName3476?api-version=2020-04-01",
      "RequestMethod": "GET",
      "RequestHeaders": {
        "Accept": "application/json",
        "Authorization": "Sanitized",
        "traceparent": "00-daa2206f3d576c4d8c7443d4f693f851-4250ba3df0152545-00",
        "User-Agent": [
          "azsdk-net-ResourceManager.CosmosDB/1.0.0-alpha.20210831.1",
          "(.NET 5.0.9; Microsoft Windows 10.0.19043)"
        ],
        "x-ms-client-request-id": "eb133d6bb3ea6a75bb9380853c37f14a",
        "x-ms-return-client-request-id": "true"
      },
      "RequestBody": null,
      "StatusCode": 200,
      "ResponseHeaders": {
        "Cache-Control": "no-store, no-cache",
        "Content-Length": "749",
        "Content-Type": "application/json",
        "Date": "Tue, 31 Aug 2021 09:53:43 GMT",
        "Pragma": "no-cache",
        "Server": "Microsoft-HTTPAPI/2.0",
        "Strict-Transport-Security": "max-age=31536000; includeSubDomains",
        "X-Content-Type-Options": "nosniff",
        "x-ms-correlation-request-id": "9c68bcca-c601-48f7-b162-f8adec90a5d2",
        "x-ms-gatewayversion": "version=2.14.0",
        "x-ms-ratelimit-remaining-subscription-reads": "11590",
        "x-ms-request-id": "9c68bcca-c601-48f7-b162-f8adec90a5d2",
        "x-ms-routing-request-id": "SOUTHEASTASIA:20210831T095343Z:9c68bcca-c601-48f7-b162-f8adec90a5d2"
      },
      "ResponseBody": {
        "id": "/subscriptions/f3d94233-a9aa-4241-ac82-2dfb63ce637a/resourceGroups/Default-CosmosDB-4397/providers/Microsoft.DocumentDB/databaseAccounts/cosmosdb5326/sqlDatabases/databaseName9849/containers/containerName815/triggers/triggerName3476",
        "type": "Microsoft.DocumentDB/databaseAccounts/sqlDatabases/containers/triggers",
        "name": "triggerName3476",
        "properties": {
          "resource": {
            "id": "triggerName3476",
            "body": "function () { var context = getContext(); var response = context.getResponse();response.setBody('First Hello World');}",
            "triggerType": "Pre",
            "triggerOperation": "All",
            "_rid": "GmYtAOqoK1gBAAAAAAAAcA==",
            "_self": "dbs/GmYtAA==/colls/GmYtAOqoK1g=/triggers/GmYtAOqoK1gBAAAAAAAAcA==/",
            "_etag": "\"33037f8b-0000-0100-0000-612dfc250000\"",
            "_ts": 1630403621
          }
        }
      }
    },
    {
      "RequestUri": "https://management.azure.com/subscriptions/f3d94233-a9aa-4241-ac82-2dfb63ce637a/resourceGroups/Default-CosmosDB-4397/providers/Microsoft.DocumentDB/databaseAccounts/cosmosdb5326/sqlDatabases/databaseName9849/containers/containerName815/triggers/triggerName3476?api-version=2020-04-01",
      "RequestMethod": "PUT",
      "RequestHeaders": {
        "Accept": "application/json",
        "Authorization": "Sanitized",
        "Content-Length": "250",
        "Content-Type": "application/json",
        "traceparent": "00-03b9f51f88e81e4aa87f9e010268a539-0f76e700314b0e46-00",
        "User-Agent": [
          "azsdk-net-ResourceManager.CosmosDB/1.0.0-alpha.20210831.1",
          "(.NET 5.0.9; Microsoft Windows 10.0.19043)"
        ],
        "x-ms-client-request-id": "d2b867d90632a5e4aa2ccc837530b718",
        "x-ms-return-client-request-id": "true"
      },
      "RequestBody": {
        "properties": {
          "resource": {
            "id": "triggerName3476",
            "body": "function () { var context = getContext(); var response = context.getResponse();response.setBody('Second Hello World');}",
            "triggerType": "Post",
            "triggerOperation": "All"
          },
          "options": {}
        }
      },
      "StatusCode": 202,
      "ResponseHeaders": {
        "Azure-AsyncOperation": "https://management.azure.com/subscriptions/f3d94233-a9aa-4241-ac82-2dfb63ce637a/providers/Microsoft.DocumentDB/locations/eastus/operationsStatus/26c4a9a6-5b0f-475d-be66-72250efd1129?api-version=2020-04-01",
        "Cache-Control": "no-store, no-cache",
        "Content-Length": "21",
        "Content-Type": "application/json",
        "Date": "Tue, 31 Aug 2021 09:53:43 GMT",
        "Location": "https://management.azure.com/subscriptions/f3d94233-a9aa-4241-ac82-2dfb63ce637a/resourceGroups/Default-CosmosDB-4397/providers/Microsoft.DocumentDB/databaseAccounts/cosmosdb5326/sqlDatabases/databaseName9849/containers/containerName815/triggers/triggerName3476/operationResults/26c4a9a6-5b0f-475d-be66-72250efd1129?api-version=2020-04-01",
        "Pragma": "no-cache",
        "Server": "Microsoft-HTTPAPI/2.0",
        "Strict-Transport-Security": "max-age=31536000; includeSubDomains",
        "X-Content-Type-Options": "nosniff",
        "x-ms-correlation-request-id": "42085109-f8e7-4471-bb11-1ea95adcf06e",
        "x-ms-gatewayversion": "version=2.14.0",
        "x-ms-ratelimit-remaining-subscription-writes": "1184",
        "x-ms-request-id": "26c4a9a6-5b0f-475d-be66-72250efd1129",
        "x-ms-routing-request-id": "SOUTHEASTASIA:20210831T095344Z:42085109-f8e7-4471-bb11-1ea95adcf06e"
      },
      "ResponseBody": {
        "status": "Enqueued"
      }
    },
    {
      "RequestUri": "https://management.azure.com/subscriptions/f3d94233-a9aa-4241-ac82-2dfb63ce637a/providers/Microsoft.DocumentDB/locations/eastus/operationsStatus/26c4a9a6-5b0f-475d-be66-72250efd1129?api-version=2020-04-01",
      "RequestMethod": "GET",
      "RequestHeaders": {
        "Authorization": "Sanitized",
        "User-Agent": [
          "azsdk-net-ResourceManager.CosmosDB/1.0.0-alpha.20210831.1",
          "(.NET 5.0.9; Microsoft Windows 10.0.19043)"
        ],
        "x-ms-client-request-id": "ba1691b439a56512596d40bde6f1f58b",
        "x-ms-return-client-request-id": "true"
      },
      "RequestBody": null,
      "StatusCode": 200,
      "ResponseHeaders": {
        "Cache-Control": "no-store, no-cache",
        "Content-Length": "21",
        "Content-Type": "application/json",
        "Date": "Tue, 31 Aug 2021 09:53:44 GMT",
        "Pragma": "no-cache",
        "Server": "Microsoft-HTTPAPI/2.0",
        "Strict-Transport-Security": "max-age=31536000; includeSubDomains",
        "X-Content-Type-Options": "nosniff",
        "x-ms-correlation-request-id": "21963a21-98b2-4138-8a48-84fa702e923f",
        "x-ms-gatewayversion": "version=2.14.0",
        "x-ms-ratelimit-remaining-subscription-reads": "11589",
        "x-ms-request-id": "21963a21-98b2-4138-8a48-84fa702e923f",
        "x-ms-routing-request-id": "SOUTHEASTASIA:20210831T095344Z:21963a21-98b2-4138-8a48-84fa702e923f"
      },
      "ResponseBody": {
        "status": "Enqueued"
      }
    },
    {
      "RequestUri": "https://management.azure.com/subscriptions/f3d94233-a9aa-4241-ac82-2dfb63ce637a/providers/Microsoft.DocumentDB/locations/eastus/operationsStatus/26c4a9a6-5b0f-475d-be66-72250efd1129?api-version=2020-04-01",
      "RequestMethod": "GET",
      "RequestHeaders": {
        "Authorization": "Sanitized",
        "User-Agent": [
          "azsdk-net-ResourceManager.CosmosDB/1.0.0-alpha.20210831.1",
          "(.NET 5.0.9; Microsoft Windows 10.0.19043)"
        ],
        "x-ms-client-request-id": "c86d67dcc5439672904193dd76a33ace",
        "x-ms-return-client-request-id": "true"
      },
      "RequestBody": null,
      "StatusCode": 200,
      "ResponseHeaders": {
        "Cache-Control": "no-store, no-cache",
        "Content-Length": "21",
        "Content-Type": "application/json",
        "Date": "Tue, 31 Aug 2021 09:53:45 GMT",
        "Pragma": "no-cache",
        "Server": "Microsoft-HTTPAPI/2.0",
        "Strict-Transport-Security": "max-age=31536000; includeSubDomains",
        "X-Content-Type-Options": "nosniff",
        "x-ms-correlation-request-id": "4cf5cb65-d250-4c6b-9465-cdd76046ecf5",
        "x-ms-gatewayversion": "version=2.14.0",
        "x-ms-ratelimit-remaining-subscription-reads": "11588",
        "x-ms-request-id": "4cf5cb65-d250-4c6b-9465-cdd76046ecf5",
        "x-ms-routing-request-id": "SOUTHEASTASIA:20210831T095345Z:4cf5cb65-d250-4c6b-9465-cdd76046ecf5"
      },
      "ResponseBody": {
        "status": "Enqueued"
      }
    },
    {
      "RequestUri": "https://management.azure.com/subscriptions/f3d94233-a9aa-4241-ac82-2dfb63ce637a/providers/Microsoft.DocumentDB/locations/eastus/operationsStatus/26c4a9a6-5b0f-475d-be66-72250efd1129?api-version=2020-04-01",
      "RequestMethod": "GET",
      "RequestHeaders": {
        "Authorization": "Sanitized",
        "User-Agent": [
          "azsdk-net-ResourceManager.CosmosDB/1.0.0-alpha.20210831.1",
          "(.NET 5.0.9; Microsoft Windows 10.0.19043)"
        ],
        "x-ms-client-request-id": "e3cf0c11fc19df72618ed26a0219904d",
        "x-ms-return-client-request-id": "true"
      },
      "RequestBody": null,
      "StatusCode": 200,
      "ResponseHeaders": {
        "Cache-Control": "no-store, no-cache",
        "Content-Length": "21",
        "Content-Type": "application/json",
        "Date": "Tue, 31 Aug 2021 09:53:46 GMT",
        "Pragma": "no-cache",
        "Server": "Microsoft-HTTPAPI/2.0",
        "Strict-Transport-Security": "max-age=31536000; includeSubDomains",
        "X-Content-Type-Options": "nosniff",
        "x-ms-correlation-request-id": "695237a8-9dc7-4fe9-a8fc-a55260c8169d",
        "x-ms-gatewayversion": "version=2.14.0",
        "x-ms-ratelimit-remaining-subscription-reads": "11587",
        "x-ms-request-id": "695237a8-9dc7-4fe9-a8fc-a55260c8169d",
        "x-ms-routing-request-id": "SOUTHEASTASIA:20210831T095346Z:695237a8-9dc7-4fe9-a8fc-a55260c8169d"
      },
      "ResponseBody": {
        "status": "Enqueued"
      }
    },
    {
      "RequestUri": "https://management.azure.com/subscriptions/f3d94233-a9aa-4241-ac82-2dfb63ce637a/providers/Microsoft.DocumentDB/locations/eastus/operationsStatus/26c4a9a6-5b0f-475d-be66-72250efd1129?api-version=2020-04-01",
      "RequestMethod": "GET",
      "RequestHeaders": {
        "Authorization": "Sanitized",
        "User-Agent": [
          "azsdk-net-ResourceManager.CosmosDB/1.0.0-alpha.20210831.1",
          "(.NET 5.0.9; Microsoft Windows 10.0.19043)"
        ],
        "x-ms-client-request-id": "0464045f536eee7d1e802964a534eeb6",
        "x-ms-return-client-request-id": "true"
      },
      "RequestBody": null,
      "StatusCode": 200,
      "ResponseHeaders": {
        "Cache-Control": "no-store, no-cache",
        "Content-Length": "21",
        "Content-Type": "application/json",
        "Date": "Tue, 31 Aug 2021 09:53:48 GMT",
        "Pragma": "no-cache",
        "Server": "Microsoft-HTTPAPI/2.0",
        "Strict-Transport-Security": "max-age=31536000; includeSubDomains",
        "X-Content-Type-Options": "nosniff",
        "x-ms-correlation-request-id": "f090a101-33bd-41de-b84c-e9c519e185a6",
        "x-ms-gatewayversion": "version=2.14.0",
        "x-ms-ratelimit-remaining-subscription-reads": "11586",
        "x-ms-request-id": "f090a101-33bd-41de-b84c-e9c519e185a6",
        "x-ms-routing-request-id": "SOUTHEASTASIA:20210831T095348Z:f090a101-33bd-41de-b84c-e9c519e185a6"
      },
      "ResponseBody": {
        "status": "Dequeued"
      }
    },
    {
      "RequestUri": "https://management.azure.com/subscriptions/f3d94233-a9aa-4241-ac82-2dfb63ce637a/providers/Microsoft.DocumentDB/locations/eastus/operationsStatus/26c4a9a6-5b0f-475d-be66-72250efd1129?api-version=2020-04-01",
      "RequestMethod": "GET",
      "RequestHeaders": {
        "Authorization": "Sanitized",
        "User-Agent": [
          "azsdk-net-ResourceManager.CosmosDB/1.0.0-alpha.20210831.1",
          "(.NET 5.0.9; Microsoft Windows 10.0.19043)"
        ],
        "x-ms-client-request-id": "daab72331222df71f48e66b4f3089377",
        "x-ms-return-client-request-id": "true"
      },
      "RequestBody": null,
      "StatusCode": 200,
      "ResponseHeaders": {
        "Cache-Control": "no-store, no-cache",
        "Content-Length": "21",
        "Content-Type": "application/json",
        "Date": "Tue, 31 Aug 2021 09:53:49 GMT",
        "Pragma": "no-cache",
        "Server": "Microsoft-HTTPAPI/2.0",
        "Strict-Transport-Security": "max-age=31536000; includeSubDomains",
        "X-Content-Type-Options": "nosniff",
        "x-ms-correlation-request-id": "c529616f-83ff-46b6-8d5a-a541a65fd1ec",
        "x-ms-gatewayversion": "version=2.14.0",
        "x-ms-ratelimit-remaining-subscription-reads": "11585",
        "x-ms-request-id": "c529616f-83ff-46b6-8d5a-a541a65fd1ec",
        "x-ms-routing-request-id": "SOUTHEASTASIA:20210831T095349Z:c529616f-83ff-46b6-8d5a-a541a65fd1ec"
      },
      "ResponseBody": {
        "status": "Dequeued"
      }
    },
    {
      "RequestUri": "https://management.azure.com/subscriptions/f3d94233-a9aa-4241-ac82-2dfb63ce637a/providers/Microsoft.DocumentDB/locations/eastus/operationsStatus/26c4a9a6-5b0f-475d-be66-72250efd1129?api-version=2020-04-01",
      "RequestMethod": "GET",
      "RequestHeaders": {
        "Authorization": "Sanitized",
        "User-Agent": [
          "azsdk-net-ResourceManager.CosmosDB/1.0.0-alpha.20210831.1",
          "(.NET 5.0.9; Microsoft Windows 10.0.19043)"
        ],
        "x-ms-client-request-id": "717e45b0363ebe608fe0c499d20e392c",
        "x-ms-return-client-request-id": "true"
      },
      "RequestBody": null,
      "StatusCode": 200,
      "ResponseHeaders": {
        "Cache-Control": "no-store, no-cache",
        "Content-Length": "22",
        "Content-Type": "application/json",
        "Date": "Tue, 31 Aug 2021 09:53:50 GMT",
        "Pragma": "no-cache",
        "Server": "Microsoft-HTTPAPI/2.0",
        "Strict-Transport-Security": "max-age=31536000; includeSubDomains",
        "X-Content-Type-Options": "nosniff",
        "x-ms-correlation-request-id": "47e74a0b-1270-4639-81e4-1091cff6f38d",
        "x-ms-gatewayversion": "version=2.14.0",
        "x-ms-ratelimit-remaining-subscription-reads": "11584",
        "x-ms-request-id": "47e74a0b-1270-4639-81e4-1091cff6f38d",
        "x-ms-routing-request-id": "SOUTHEASTASIA:20210831T095350Z:47e74a0b-1270-4639-81e4-1091cff6f38d"
      },
      "ResponseBody": {
        "status": "Succeeded"
      }
    },
    {
      "RequestUri": "https://management.azure.com/subscriptions/f3d94233-a9aa-4241-ac82-2dfb63ce637a/resourceGroups/Default-CosmosDB-4397/providers/Microsoft.DocumentDB/databaseAccounts/cosmosdb5326/sqlDatabases/databaseName9849/containers/containerName815/triggers/triggerName3476?api-version=2020-04-01",
      "RequestMethod": "GET",
      "RequestHeaders": {
        "Authorization": "Sanitized",
        "User-Agent": [
          "azsdk-net-ResourceManager.CosmosDB/1.0.0-alpha.20210831.1",
          "(.NET 5.0.9; Microsoft Windows 10.0.19043)"
        ],
        "x-ms-client-request-id": "8f361c9fb66d4c2b93850fdfecc8fb16",
        "x-ms-return-client-request-id": "true"
      },
      "RequestBody": null,
      "StatusCode": 200,
      "ResponseHeaders": {
        "Cache-Control": "no-store, no-cache",
        "Content-Length": "751",
        "Content-Type": "application/json",
        "Date": "Tue, 31 Aug 2021 09:53:51 GMT",
        "Pragma": "no-cache",
        "Server": "Microsoft-HTTPAPI/2.0",
        "Strict-Transport-Security": "max-age=31536000; includeSubDomains",
        "X-Content-Type-Options": "nosniff",
        "x-ms-correlation-request-id": "ffee8b92-f349-4420-acda-2730762a8320",
        "x-ms-gatewayversion": "version=2.14.0",
        "x-ms-ratelimit-remaining-subscription-reads": "11583",
        "x-ms-request-id": "ffee8b92-f349-4420-acda-2730762a8320",
        "x-ms-routing-request-id": "SOUTHEASTASIA:20210831T095351Z:ffee8b92-f349-4420-acda-2730762a8320"
      },
      "ResponseBody": {
        "id": "/subscriptions/f3d94233-a9aa-4241-ac82-2dfb63ce637a/resourceGroups/Default-CosmosDB-4397/providers/Microsoft.DocumentDB/databaseAccounts/cosmosdb5326/sqlDatabases/databaseName9849/containers/containerName815/triggers/triggerName3476",
        "type": "Microsoft.DocumentDB/databaseAccounts/sqlDatabases/containers/triggers",
        "name": "triggerName3476",
        "properties": {
          "resource": {
            "id": "triggerName3476",
            "body": "function () { var context = getContext(); var response = context.getResponse();response.setBody('Second Hello World');}",
            "triggerType": "Post",
            "triggerOperation": "All",
            "_rid": "GmYtAOqoK1gBAAAAAAAAcA==",
            "_self": "dbs/GmYtAA==/colls/GmYtAOqoK1g=/triggers/GmYtAOqoK1gBAAAAAAAAcA==/",
            "_etag": "\"3303b48b-0000-0100-0000-612dfc2c0000\"",
            "_ts": 1630403628
          }
        }
      }
    },
    {
      "RequestUri": "https://management.azure.com/subscriptions/f3d94233-a9aa-4241-ac82-2dfb63ce637a/resourceGroups/Default-CosmosDB-4397/providers/Microsoft.DocumentDB/databaseAccounts/cosmosdb5326/sqlDatabases/databaseName9849/containers/containerName815/triggers/triggerName3476?api-version=2020-04-01",
      "RequestMethod": "GET",
      "RequestHeaders": {
        "Accept": "application/json",
        "Authorization": "Sanitized",
        "traceparent": "00-6c6d69fd4a04df468a2b3a45f5d18823-d0b4e9c2fa35934d-00",
        "User-Agent": [
          "azsdk-net-ResourceManager.CosmosDB/1.0.0-alpha.20210831.1",
          "(.NET 5.0.9; Microsoft Windows 10.0.19043)"
        ],
        "x-ms-client-request-id": "60b4b2ec7cb6fd7712ed4a424dd70de6",
        "x-ms-return-client-request-id": "true"
      },
      "RequestBody": null,
      "StatusCode": 200,
      "ResponseHeaders": {
        "Cache-Control": "no-store, no-cache",
        "Content-Length": "751",
        "Content-Type": "application/json",
        "Date": "Tue, 31 Aug 2021 09:53:51 GMT",
        "Pragma": "no-cache",
        "Server": "Microsoft-HTTPAPI/2.0",
        "Strict-Transport-Security": "max-age=31536000; includeSubDomains",
        "X-Content-Type-Options": "nosniff",
        "x-ms-correlation-request-id": "f43bac04-a85f-46e6-9ab6-d122ef56ffa7",
        "x-ms-gatewayversion": "version=2.14.0",
        "x-ms-ratelimit-remaining-subscription-reads": "11582",
        "x-ms-request-id": "f43bac04-a85f-46e6-9ab6-d122ef56ffa7",
        "x-ms-routing-request-id": "SOUTHEASTASIA:20210831T095351Z:f43bac04-a85f-46e6-9ab6-d122ef56ffa7"
      },
      "ResponseBody": {
        "id": "/subscriptions/f3d94233-a9aa-4241-ac82-2dfb63ce637a/resourceGroups/Default-CosmosDB-4397/providers/Microsoft.DocumentDB/databaseAccounts/cosmosdb5326/sqlDatabases/databaseName9849/containers/containerName815/triggers/triggerName3476",
        "type": "Microsoft.DocumentDB/databaseAccounts/sqlDatabases/containers/triggers",
        "name": "triggerName3476",
        "properties": {
          "resource": {
            "id": "triggerName3476",
            "body": "function () { var context = getContext(); var response = context.getResponse();response.setBody('Second Hello World');}",
            "triggerType": "Post",
            "triggerOperation": "All",
            "_rid": "GmYtAOqoK1gBAAAAAAAAcA==",
            "_self": "dbs/GmYtAA==/colls/GmYtAOqoK1g=/triggers/GmYtAOqoK1gBAAAAAAAAcA==/",
            "_etag": "\"3303b48b-0000-0100-0000-612dfc2c0000\"",
            "_ts": 1630403628
          }
        }
      }
    }
  ],
  "Variables": {
    "RandomSeed": "531711916"
  }
}