{
  "Entries": [
    {
      "RequestUri": "https://seannse.blob.core.windows.net/test-filesystem-c69bfd65-9200-3cea-8c19-b642cef8a713?restype=container",
      "RequestMethod": "PUT",
      "RequestHeaders": {
        "Accept": "application/xml",
        "Authorization": "Sanitized",
        "traceparent": "00-3bd7d1788431524692c05667fc296061-3e94966b013b7d44-00",
        "User-Agent": [
          "azsdk-net-Storage.Files.DataLake/12.7.0-alpha.20210219.1",
          "(.NET 5.0.3; Microsoft Windows 10.0.19041)"
        ],
        "x-ms-blob-public-access": "container",
        "x-ms-client-request-id": "54cec5af-7fb0-65a8-8c2c-9227c174e515",
        "x-ms-date": "Fri, 19 Feb 2021 19:08:47 GMT",
        "x-ms-return-client-request-id": "true",
         "x-ms-version": "2020-08-04"
      },
      "RequestBody": null,
      "StatusCode": 201,
      "ResponseHeaders": {
        "Content-Length": "0",
        "Date": "Fri, 19 Feb 2021 19:08:46 GMT",
        "ETag": "\u00220x8D8D509C84BCFD2\u0022",
        "Last-Modified": "Fri, 19 Feb 2021 19:08:46 GMT",
        "Server": [
          "Windows-Azure-Blob/1.0",
          "Microsoft-HTTPAPI/2.0"
        ],
        "x-ms-client-request-id": "54cec5af-7fb0-65a8-8c2c-9227c174e515",
        "x-ms-request-id": "2e626003-201e-00a4-37f2-0676f9000000",
         "x-ms-version": "2020-08-04"
      },
      "ResponseBody": []
    },
    {
      "RequestUri": "https://seannse.dfs.core.windows.net/test-filesystem-c69bfd65-9200-3cea-8c19-b642cef8a713/test-file-fd934a54-04ba-a82c-ca89-7a49fdb8b722?resource=file",
      "RequestMethod": "PUT",
      "RequestHeaders": {
        "Accept": "application/json",
        "Authorization": "Sanitized",
        "traceparent": "00-48a06c50b0193942adbc69d5e1c62b02-dc6ba9647eab5944-00",
        "User-Agent": [
          "azsdk-net-Storage.Files.DataLake/12.7.0-alpha.20210219.1",
          "(.NET 5.0.3; Microsoft Windows 10.0.19041)"
        ],
        "x-ms-client-request-id": "3add80d2-d0d5-abd6-9926-8927045f67d4",
        "x-ms-date": "Fri, 19 Feb 2021 19:08:47 GMT",
        "x-ms-return-client-request-id": "true",
         "x-ms-version": "2020-08-04"
      },
      "RequestBody": null,
      "StatusCode": 201,
      "ResponseHeaders": {
        "Content-Length": "0",
        "Date": "Fri, 19 Feb 2021 19:08:45 GMT",
        "ETag": "\u00220x8D8D509C85B678D\u0022",
        "Last-Modified": "Fri, 19 Feb 2021 19:08:46 GMT",
        "Server": [
          "Windows-Azure-HDFS/1.0",
          "Microsoft-HTTPAPI/2.0"
        ],
        "x-ms-client-request-id": "3add80d2-d0d5-abd6-9926-8927045f67d4",
        "x-ms-request-id": "6f4aef67-e01f-004f-1ff2-060e0b000000",
         "x-ms-version": "2020-08-04"
      },
      "ResponseBody": []
    },
    {
      "RequestUri": "https://seannse.blob.core.windows.net/test-filesystem-c69bfd65-9200-3cea-8c19-b642cef8a713/test-file-fd934a54-04ba-a82c-ca89-7a49fdb8b722?comp=lease",
      "RequestMethod": "PUT",
      "RequestHeaders": {
        "Accept": "application/xml",
        "Authorization": "Sanitized",
        "If-Modified-Since": "Sat, 20 Feb 2021 19:08:47 GMT",
        "traceparent": "00-ddcfc29f4acbe04ba12bc69d01795aa3-702e7a1465da624f-00",
        "User-Agent": [
          "azsdk-net-Storage.Files.DataLake/12.7.0-alpha.20210219.1",
          "(.NET 5.0.3; Microsoft Windows 10.0.19041)"
        ],
        "x-ms-client-request-id": "bac276fb-b530-f6f5-94dc-5359b37ef1a4",
        "x-ms-date": "Fri, 19 Feb 2021 19:08:47 GMT",
        "x-ms-lease-action": "acquire",
        "x-ms-lease-duration": "15",
        "x-ms-proposed-lease-id": "9bdb6f74-dce2-01eb-e67c-1c57baf47dbf",
        "x-ms-return-client-request-id": "true",
         "x-ms-version": "2020-08-04"
      },
      "RequestBody": null,
      "StatusCode": 412,
      "ResponseHeaders": {
        "Content-Length": "252",
        "Content-Type": "application/xml",
        "Date": "Fri, 19 Feb 2021 19:08:46 GMT",
        "Server": [
          "Windows-Azure-Blob/1.0",
          "Microsoft-HTTPAPI/2.0"
        ],
        "x-ms-client-request-id": "bac276fb-b530-f6f5-94dc-5359b37ef1a4",
        "x-ms-error-code": "ConditionNotMet",
        "x-ms-request-id": "2e6261b7-201e-00a4-4af2-0676f9000000",
         "x-ms-version": "2020-08-04"
      },
      "ResponseBody": [
        "\uFEFF\u003C?xml version=\u00221.0\u0022 encoding=\u0022utf-8\u0022?\u003E\u003CError\u003E\u003CCode\u003EConditionNotMet\u003C/Code\u003E\u003CMessage\u003EThe condition specified using HTTP conditional header(s) is not met.\n",
        "RequestId:2e6261b7-201e-00a4-4af2-0676f9000000\n",
        "Time:2021-02-19T19:08:46.6590110Z\u003C/Message\u003E\u003C/Error\u003E"
      ]
    },
    {
      "RequestUri": "https://seannse.blob.core.windows.net/test-filesystem-c69bfd65-9200-3cea-8c19-b642cef8a713?restype=container",
      "RequestMethod": "DELETE",
      "RequestHeaders": {
        "Accept": "application/xml",
        "Authorization": "Sanitized",
        "traceparent": "00-ef641f30cfc5f04b8c1f6a1778ccea08-55cf55a59d562743-00",
        "User-Agent": [
          "azsdk-net-Storage.Files.DataLake/12.7.0-alpha.20210219.1",
          "(.NET 5.0.3; Microsoft Windows 10.0.19041)"
        ],
        "x-ms-client-request-id": "435c9b6a-c332-838e-ae7f-e8fe28f3c8d0",
        "x-ms-date": "Fri, 19 Feb 2021 19:08:47 GMT",
        "x-ms-return-client-request-id": "true",
         "x-ms-version": "2020-08-04"
      },
      "RequestBody": null,
      "StatusCode": 202,
      "ResponseHeaders": {
        "Content-Length": "0",
        "Date": "Fri, 19 Feb 2021 19:08:46 GMT",
        "Server": [
          "Windows-Azure-Blob/1.0",
          "Microsoft-HTTPAPI/2.0"
        ],
        "x-ms-client-request-id": "435c9b6a-c332-838e-ae7f-e8fe28f3c8d0",
        "x-ms-request-id": "2e62625d-201e-00a4-66f2-0676f9000000",
         "x-ms-version": "2020-08-04"
      },
      "ResponseBody": []
    },
    {
      "RequestUri": "https://seannse.blob.core.windows.net/test-filesystem-fe5acbf6-b04d-1098-7cca-97d069f98aac?restype=container",
      "RequestMethod": "PUT",
      "RequestHeaders": {
        "Accept": "application/xml",
        "Authorization": "Sanitized",
        "traceparent": "00-fe1e319d71980c4b8be40b783d6cb75c-99bea510e76dfe48-00",
        "User-Agent": [
          "azsdk-net-Storage.Files.DataLake/12.7.0-alpha.20210219.1",
          "(.NET 5.0.3; Microsoft Windows 10.0.19041)"
        ],
        "x-ms-blob-public-access": "container",
        "x-ms-client-request-id": "a1047b96-398d-b95c-024b-c6672bbe19b4",
        "x-ms-date": "Fri, 19 Feb 2021 19:08:47 GMT",
        "x-ms-return-client-request-id": "true",
         "x-ms-version": "2020-08-04"
      },
      "RequestBody": null,
      "StatusCode": 201,
      "ResponseHeaders": {
        "Content-Length": "0",
        "Date": "Fri, 19 Feb 2021 19:08:46 GMT",
        "ETag": "\u00220x8D8D509C87F45B8\u0022",
        "Last-Modified": "Fri, 19 Feb 2021 19:08:46 GMT",
        "Server": [
          "Windows-Azure-Blob/1.0",
          "Microsoft-HTTPAPI/2.0"
        ],
        "x-ms-client-request-id": "a1047b96-398d-b95c-024b-c6672bbe19b4",
        "x-ms-request-id": "2e6262fb-201e-00a4-80f2-0676f9000000",
         "x-ms-version": "2020-08-04"
      },
      "ResponseBody": []
    },
    {
      "RequestUri": "https://seannse.dfs.core.windows.net/test-filesystem-fe5acbf6-b04d-1098-7cca-97d069f98aac/test-file-7f5a3cf5-b004-48ad-5874-c2e2fd2f0e81?resource=file",
      "RequestMethod": "PUT",
      "RequestHeaders": {
        "Accept": "application/json",
        "Authorization": "Sanitized",
        "traceparent": "00-79069684dde5d54fa211a67a42a56fba-cd30df3d1ef87341-00",
        "User-Agent": [
          "azsdk-net-Storage.Files.DataLake/12.7.0-alpha.20210219.1",
          "(.NET 5.0.3; Microsoft Windows 10.0.19041)"
        ],
        "x-ms-client-request-id": "c573fe51-4fa0-e62a-cdbc-4819777abbd2",
        "x-ms-date": "Fri, 19 Feb 2021 19:08:47 GMT",
        "x-ms-return-client-request-id": "true",
         "x-ms-version": "2020-08-04"
      },
      "RequestBody": null,
      "StatusCode": 201,
      "ResponseHeaders": {
        "Content-Length": "0",
        "Date": "Fri, 19 Feb 2021 19:08:46 GMT",
        "ETag": "\u00220x8D8D509C8918D3F\u0022",
        "Last-Modified": "Fri, 19 Feb 2021 19:08:46 GMT",
        "Server": [
          "Windows-Azure-HDFS/1.0",
          "Microsoft-HTTPAPI/2.0"
        ],
        "x-ms-client-request-id": "c573fe51-4fa0-e62a-cdbc-4819777abbd2",
        "x-ms-request-id": "6f4aef93-e01f-004f-4bf2-060e0b000000",
         "x-ms-version": "2020-08-04"
      },
      "ResponseBody": []
    },
    {
      "RequestUri": "https://seannse.blob.core.windows.net/test-filesystem-fe5acbf6-b04d-1098-7cca-97d069f98aac/test-file-7f5a3cf5-b004-48ad-5874-c2e2fd2f0e81?comp=lease",
      "RequestMethod": "PUT",
      "RequestHeaders": {
        "Accept": "application/xml",
        "Authorization": "Sanitized",
        "If-Unmodified-Since": "Thu, 18 Feb 2021 19:08:47 GMT",
        "traceparent": "00-84670645b0987e48bc51b4be0b413e24-58d3957c3a0c454c-00",
        "User-Agent": [
          "azsdk-net-Storage.Files.DataLake/12.7.0-alpha.20210219.1",
          "(.NET 5.0.3; Microsoft Windows 10.0.19041)"
        ],
        "x-ms-client-request-id": "a1994379-f79e-25f9-3e67-a8b01c5c4bf6",
        "x-ms-date": "Fri, 19 Feb 2021 19:08:47 GMT",
        "x-ms-lease-action": "acquire",
        "x-ms-lease-duration": "15",
        "x-ms-proposed-lease-id": "c36c453c-2c84-0cbf-1cf0-33ce9ad7614e",
        "x-ms-return-client-request-id": "true",
         "x-ms-version": "2020-08-04"
      },
      "RequestBody": null,
      "StatusCode": 412,
      "ResponseHeaders": {
        "Content-Length": "252",
        "Content-Type": "application/xml",
        "Date": "Fri, 19 Feb 2021 19:08:46 GMT",
        "Server": [
          "Windows-Azure-Blob/1.0",
          "Microsoft-HTTPAPI/2.0"
        ],
        "x-ms-client-request-id": "a1994379-f79e-25f9-3e67-a8b01c5c4bf6",
        "x-ms-error-code": "ConditionNotMet",
        "x-ms-request-id": "2e62649a-201e-00a4-0af2-0676f9000000",
         "x-ms-version": "2020-08-04"
      },
      "ResponseBody": [
        "\uFEFF\u003C?xml version=\u00221.0\u0022 encoding=\u0022utf-8\u0022?\u003E\u003CError\u003E\u003CCode\u003EConditionNotMet\u003C/Code\u003E\u003CMessage\u003EThe condition specified using HTTP conditional header(s) is not met.\n",
        "RequestId:2e62649a-201e-00a4-0af2-0676f9000000\n",
        "Time:2021-02-19T19:08:47.0122752Z\u003C/Message\u003E\u003C/Error\u003E"
      ]
    },
    {
      "RequestUri": "https://seannse.blob.core.windows.net/test-filesystem-fe5acbf6-b04d-1098-7cca-97d069f98aac?restype=container",
      "RequestMethod": "DELETE",
      "RequestHeaders": {
        "Accept": "application/xml",
        "Authorization": "Sanitized",
        "traceparent": "00-df50a25efeac204aaed564d3c63dd111-551eb766b97c3d48-00",
        "User-Agent": [
          "azsdk-net-Storage.Files.DataLake/12.7.0-alpha.20210219.1",
          "(.NET 5.0.3; Microsoft Windows 10.0.19041)"
        ],
        "x-ms-client-request-id": "575561fe-bf3d-c2af-4a6a-c155a0308ee1",
        "x-ms-date": "Fri, 19 Feb 2021 19:08:47 GMT",
        "x-ms-return-client-request-id": "true",
         "x-ms-version": "2020-08-04"
      },
      "RequestBody": null,
      "StatusCode": 202,
      "ResponseHeaders": {
        "Content-Length": "0",
        "Date": "Fri, 19 Feb 2021 19:08:47 GMT",
        "Server": [
          "Windows-Azure-Blob/1.0",
          "Microsoft-HTTPAPI/2.0"
        ],
        "x-ms-client-request-id": "575561fe-bf3d-c2af-4a6a-c155a0308ee1",
        "x-ms-request-id": "2e6265d8-201e-00a4-35f2-0676f9000000",
         "x-ms-version": "2020-08-04"
      },
      "ResponseBody": []
    },
    {
      "RequestUri": "https://seannse.blob.core.windows.net/test-filesystem-a6dd2907-bfa6-bde6-2da5-3ddd71c918b7?restype=container",
      "RequestMethod": "PUT",
      "RequestHeaders": {
        "Accept": "application/xml",
        "Authorization": "Sanitized",
        "traceparent": "00-b65b89afcde37245b560adcab30352ca-5a98f57dc8ae9541-00",
        "User-Agent": [
          "azsdk-net-Storage.Files.DataLake/12.7.0-alpha.20210219.1",
          "(.NET 5.0.3; Microsoft Windows 10.0.19041)"
        ],
        "x-ms-blob-public-access": "container",
        "x-ms-client-request-id": "e329a431-c4a9-3e70-7a97-299881d15181",
        "x-ms-date": "Fri, 19 Feb 2021 19:08:47 GMT",
        "x-ms-return-client-request-id": "true",
         "x-ms-version": "2020-08-04"
      },
      "RequestBody": null,
      "StatusCode": 201,
      "ResponseHeaders": {
        "Content-Length": "0",
        "Date": "Fri, 19 Feb 2021 19:08:47 GMT",
        "ETag": "\u00220x8D8D509C8BA855D\u0022",
        "Last-Modified": "Fri, 19 Feb 2021 19:08:47 GMT",
        "Server": [
          "Windows-Azure-Blob/1.0",
          "Microsoft-HTTPAPI/2.0"
        ],
        "x-ms-client-request-id": "e329a431-c4a9-3e70-7a97-299881d15181",
        "x-ms-request-id": "2e6266d4-201e-00a4-22f2-0676f9000000",
         "x-ms-version": "2020-08-04"
      },
      "ResponseBody": []
    },
    {
      "RequestUri": "https://seannse.dfs.core.windows.net/test-filesystem-a6dd2907-bfa6-bde6-2da5-3ddd71c918b7/test-file-0e590a52-d47e-13d9-7041-5c09d767c26d?resource=file",
      "RequestMethod": "PUT",
      "RequestHeaders": {
        "Accept": "application/json",
        "Authorization": "Sanitized",
        "traceparent": "00-3bd8bb5dc0feae4eb30bfc4cb37437b2-129ef8b3b4edb249-00",
        "User-Agent": [
          "azsdk-net-Storage.Files.DataLake/12.7.0-alpha.20210219.1",
          "(.NET 5.0.3; Microsoft Windows 10.0.19041)"
        ],
        "x-ms-client-request-id": "f02d664b-4466-5db5-ca15-736867666713",
        "x-ms-date": "Fri, 19 Feb 2021 19:08:47 GMT",
        "x-ms-return-client-request-id": "true",
         "x-ms-version": "2020-08-04"
      },
      "RequestBody": null,
      "StatusCode": 201,
      "ResponseHeaders": {
        "Content-Length": "0",
        "Date": "Fri, 19 Feb 2021 19:08:46 GMT",
        "ETag": "\u00220x8D8D509C8C98C05\u0022",
        "Last-Modified": "Fri, 19 Feb 2021 19:08:47 GMT",
        "Server": [
          "Windows-Azure-HDFS/1.0",
          "Microsoft-HTTPAPI/2.0"
        ],
        "x-ms-client-request-id": "f02d664b-4466-5db5-ca15-736867666713",
        "x-ms-request-id": "6f4aefba-e01f-004f-72f2-060e0b000000",
         "x-ms-version": "2020-08-04"
      },
      "ResponseBody": []
    },
    {
      "RequestUri": "https://seannse.blob.core.windows.net/test-filesystem-a6dd2907-bfa6-bde6-2da5-3ddd71c918b7/test-file-0e590a52-d47e-13d9-7041-5c09d767c26d?comp=lease",
      "RequestMethod": "PUT",
      "RequestHeaders": {
        "Accept": "application/xml",
        "Authorization": "Sanitized",
        "If-Match": "\u0022garbage\u0022",
        "traceparent": "00-91a1d2f30462fb4caa30cb7c343119af-8983278d8076974a-00",
        "User-Agent": [
          "azsdk-net-Storage.Files.DataLake/12.7.0-alpha.20210219.1",
          "(.NET 5.0.3; Microsoft Windows 10.0.19041)"
        ],
        "x-ms-client-request-id": "0e9a2c0b-a1da-c753-850f-f34456aac960",
        "x-ms-date": "Fri, 19 Feb 2021 19:08:48 GMT",
        "x-ms-lease-action": "acquire",
        "x-ms-lease-duration": "15",
        "x-ms-proposed-lease-id": "7845bcd4-8425-1de1-fd22-ed0b936a4850",
        "x-ms-return-client-request-id": "true",
         "x-ms-version": "2020-08-04"
      },
      "RequestBody": null,
      "StatusCode": 412,
      "ResponseHeaders": {
        "Content-Length": "252",
        "Content-Type": "application/xml",
        "Date": "Fri, 19 Feb 2021 19:08:47 GMT",
        "Server": [
          "Windows-Azure-Blob/1.0",
          "Microsoft-HTTPAPI/2.0"
        ],
        "x-ms-client-request-id": "0e9a2c0b-a1da-c753-850f-f34456aac960",
        "x-ms-error-code": "ConditionNotMet",
        "x-ms-request-id": "2e62689d-201e-00a4-59f2-0676f9000000",
         "x-ms-version": "2020-08-04"
      },
      "ResponseBody": [
        "\uFEFF\u003C?xml version=\u00221.0\u0022 encoding=\u0022utf-8\u0022?\u003E\u003CError\u003E\u003CCode\u003EConditionNotMet\u003C/Code\u003E\u003CMessage\u003EThe condition specified using HTTP conditional header(s) is not met.\n",
        "RequestId:2e62689d-201e-00a4-59f2-0676f9000000\n",
        "Time:2021-02-19T19:08:47.3805511Z\u003C/Message\u003E\u003C/Error\u003E"
      ]
    },
    {
      "RequestUri": "https://seannse.blob.core.windows.net/test-filesystem-a6dd2907-bfa6-bde6-2da5-3ddd71c918b7?restype=container",
      "RequestMethod": "DELETE",
      "RequestHeaders": {
        "Accept": "application/xml",
        "Authorization": "Sanitized",
        "traceparent": "00-1749c2f8c3ba144ea82d74263725a9b8-adff11bb439e6140-00",
        "User-Agent": [
          "azsdk-net-Storage.Files.DataLake/12.7.0-alpha.20210219.1",
          "(.NET 5.0.3; Microsoft Windows 10.0.19041)"
        ],
        "x-ms-client-request-id": "66ff3352-39cf-8675-90f7-ea2adec2b7a9",
        "x-ms-date": "Fri, 19 Feb 2021 19:08:48 GMT",
        "x-ms-return-client-request-id": "true",
         "x-ms-version": "2020-08-04"
      },
      "RequestBody": null,
      "StatusCode": 202,
      "ResponseHeaders": {
        "Content-Length": "0",
        "Date": "Fri, 19 Feb 2021 19:08:47 GMT",
        "Server": [
          "Windows-Azure-Blob/1.0",
          "Microsoft-HTTPAPI/2.0"
        ],
        "x-ms-client-request-id": "66ff3352-39cf-8675-90f7-ea2adec2b7a9",
        "x-ms-request-id": "2e626951-201e-00a4-07f2-0676f9000000",
         "x-ms-version": "2020-08-04"
      },
      "ResponseBody": []
    },
    {
      "RequestUri": "https://seannse.blob.core.windows.net/test-filesystem-9ebca184-4b64-1411-5397-58a27c7b452e?restype=container",
      "RequestMethod": "PUT",
      "RequestHeaders": {
        "Accept": "application/xml",
        "Authorization": "Sanitized",
        "traceparent": "00-9b4505831f52af439157ed6079aa80e2-cb42edf32ac15849-00",
        "User-Agent": [
          "azsdk-net-Storage.Files.DataLake/12.7.0-alpha.20210219.1",
          "(.NET 5.0.3; Microsoft Windows 10.0.19041)"
        ],
        "x-ms-blob-public-access": "container",
        "x-ms-client-request-id": "e0527a80-be9a-06f3-22ea-1337e1d20a14",
        "x-ms-date": "Fri, 19 Feb 2021 19:08:48 GMT",
        "x-ms-return-client-request-id": "true",
         "x-ms-version": "2020-08-04"
      },
      "RequestBody": null,
      "StatusCode": 201,
      "ResponseHeaders": {
        "Content-Length": "0",
        "Date": "Fri, 19 Feb 2021 19:08:47 GMT",
        "ETag": "\u00220x8D8D509C8EE225F\u0022",
        "Last-Modified": "Fri, 19 Feb 2021 19:08:47 GMT",
        "Server": [
          "Windows-Azure-Blob/1.0",
          "Microsoft-HTTPAPI/2.0"
        ],
        "x-ms-client-request-id": "e0527a80-be9a-06f3-22ea-1337e1d20a14",
        "x-ms-request-id": "2e626a2a-201e-00a4-59f2-0676f9000000",
         "x-ms-version": "2020-08-04"
      },
      "ResponseBody": []
    },
    {
      "RequestUri": "https://seannse.dfs.core.windows.net/test-filesystem-9ebca184-4b64-1411-5397-58a27c7b452e/test-file-4377bcb2-94cf-21fe-1029-f0ab576008a4?resource=file",
      "RequestMethod": "PUT",
      "RequestHeaders": {
        "Accept": "application/json",
        "Authorization": "Sanitized",
        "traceparent": "00-b7ce253429dcca4596b77fb6f577396f-216389e212033244-00",
        "User-Agent": [
          "azsdk-net-Storage.Files.DataLake/12.7.0-alpha.20210219.1",
          "(.NET 5.0.3; Microsoft Windows 10.0.19041)"
        ],
        "x-ms-client-request-id": "4fffdfae-e137-ec23-7c31-d070cd48afc1",
        "x-ms-date": "Fri, 19 Feb 2021 19:08:48 GMT",
        "x-ms-return-client-request-id": "true",
         "x-ms-version": "2020-08-04"
      },
      "RequestBody": null,
      "StatusCode": 201,
      "ResponseHeaders": {
        "Content-Length": "0",
        "Date": "Fri, 19 Feb 2021 19:08:47 GMT",
        "ETag": "\u00220x8D8D509C8FCB25B\u0022",
        "Last-Modified": "Fri, 19 Feb 2021 19:08:47 GMT",
        "Server": [
          "Windows-Azure-HDFS/1.0",
          "Microsoft-HTTPAPI/2.0"
        ],
        "x-ms-client-request-id": "4fffdfae-e137-ec23-7c31-d070cd48afc1",
        "x-ms-request-id": "6f4aefe2-e01f-004f-1af2-060e0b000000",
         "x-ms-version": "2020-08-04"
      },
      "ResponseBody": []
    },
    {
      "RequestUri": "https://seannse.blob.core.windows.net/test-filesystem-9ebca184-4b64-1411-5397-58a27c7b452e/test-file-4377bcb2-94cf-21fe-1029-f0ab576008a4",
      "RequestMethod": "HEAD",
      "RequestHeaders": {
        "Accept": "application/xml",
        "Authorization": "Sanitized",
        "User-Agent": [
          "azsdk-net-Storage.Files.DataLake/12.7.0-alpha.20210219.1",
          "(.NET 5.0.3; Microsoft Windows 10.0.19041)"
        ],
        "x-ms-client-request-id": "e1de3f3c-3695-a72a-f4b1-27b5453e583d",
        "x-ms-date": "Fri, 19 Feb 2021 19:08:48 GMT",
        "x-ms-return-client-request-id": "true",
         "x-ms-version": "2020-08-04"
      },
      "RequestBody": null,
      "StatusCode": 200,
      "ResponseHeaders": {
        "Accept-Ranges": "bytes",
        "Content-Length": "0",
        "Content-Type": "application/octet-stream",
        "Date": "Fri, 19 Feb 2021 19:08:47 GMT",
        "ETag": "\u00220x8D8D509C8FCB25B\u0022",
        "Last-Modified": "Fri, 19 Feb 2021 19:08:47 GMT",
        "Server": [
          "Windows-Azure-Blob/1.0",
          "Microsoft-HTTPAPI/2.0"
        ],
        "x-ms-access-tier": "Hot",
        "x-ms-access-tier-inferred": "true",
        "x-ms-blob-type": "BlockBlob",
        "x-ms-client-request-id": "e1de3f3c-3695-a72a-f4b1-27b5453e583d",
        "x-ms-creation-time": "Fri, 19 Feb 2021 19:08:47 GMT",
        "x-ms-group": "$superuser",
        "x-ms-lease-state": "available",
        "x-ms-lease-status": "unlocked",
        "x-ms-owner": "$superuser",
        "x-ms-permissions": "rw-r-----",
        "x-ms-request-id": "2e626c21-201e-00a4-30f2-0676f9000000",
        "x-ms-server-encrypted": "true",
         "x-ms-version": "2020-08-04"
      },
      "ResponseBody": []
    },
    {
      "RequestUri": "https://seannse.blob.core.windows.net/test-filesystem-9ebca184-4b64-1411-5397-58a27c7b452e/test-file-4377bcb2-94cf-21fe-1029-f0ab576008a4?comp=lease",
      "RequestMethod": "PUT",
      "RequestHeaders": {
        "Accept": "application/xml",
        "Authorization": "Sanitized",
        "If-None-Match": "0x8D8D509C8FCB25B",
        "traceparent": "00-8ea00dca74020d418ab0e16ff2f40994-735487a690e29146-00",
        "User-Agent": [
          "azsdk-net-Storage.Files.DataLake/12.7.0-alpha.20210219.1",
          "(.NET 5.0.3; Microsoft Windows 10.0.19041)"
        ],
        "x-ms-client-request-id": "54a83c5b-f060-4021-eb55-83ae91b74c03",
        "x-ms-date": "Fri, 19 Feb 2021 19:08:48 GMT",
        "x-ms-lease-action": "acquire",
        "x-ms-lease-duration": "15",
        "x-ms-proposed-lease-id": "7bc46ee2-07b0-4deb-2882-9ce4933ed1b6",
        "x-ms-return-client-request-id": "true",
         "x-ms-version": "2020-08-04"
      },
      "RequestBody": null,
      "StatusCode": 412,
      "ResponseHeaders": {
        "Content-Length": "252",
        "Content-Type": "application/xml",
        "Date": "Fri, 19 Feb 2021 19:08:47 GMT",
        "Server": [
          "Windows-Azure-Blob/1.0",
          "Microsoft-HTTPAPI/2.0"
        ],
        "x-ms-client-request-id": "54a83c5b-f060-4021-eb55-83ae91b74c03",
        "x-ms-error-code": "ConditionNotMet",
        "x-ms-request-id": "2e626d1a-201e-00a4-1ef2-0676f9000000",
         "x-ms-version": "2020-08-04"
      },
      "ResponseBody": [
        "\uFEFF\u003C?xml version=\u00221.0\u0022 encoding=\u0022utf-8\u0022?\u003E\u003CError\u003E\u003CCode\u003EConditionNotMet\u003C/Code\u003E\u003CMessage\u003EThe condition specified using HTTP conditional header(s) is not met.\n",
        "RequestId:2e626d1a-201e-00a4-1ef2-0676f9000000\n",
        "Time:2021-02-19T19:08:47.7968625Z\u003C/Message\u003E\u003C/Error\u003E"
      ]
    },
    {
      "RequestUri": "https://seannse.blob.core.windows.net/test-filesystem-9ebca184-4b64-1411-5397-58a27c7b452e?restype=container",
      "RequestMethod": "DELETE",
      "RequestHeaders": {
        "Accept": "application/xml",
        "Authorization": "Sanitized",
        "traceparent": "00-f7332c7d0ccb2844ba7d5b539a5f14b3-2f1030208d0c0a45-00",
        "User-Agent": [
          "azsdk-net-Storage.Files.DataLake/12.7.0-alpha.20210219.1",
          "(.NET 5.0.3; Microsoft Windows 10.0.19041)"
        ],
        "x-ms-client-request-id": "085a21f7-0396-6fdd-f8b9-ccf5b4b2984b",
        "x-ms-date": "Fri, 19 Feb 2021 19:08:48 GMT",
        "x-ms-return-client-request-id": "true",
         "x-ms-version": "2020-08-04"
      },
      "RequestBody": null,
      "StatusCode": 202,
      "ResponseHeaders": {
        "Content-Length": "0",
        "Date": "Fri, 19 Feb 2021 19:08:47 GMT",
        "Server": [
          "Windows-Azure-Blob/1.0",
          "Microsoft-HTTPAPI/2.0"
        ],
        "x-ms-client-request-id": "085a21f7-0396-6fdd-f8b9-ccf5b4b2984b",
        "x-ms-request-id": "2e626de2-201e-00a4-60f2-0676f9000000",
         "x-ms-version": "2020-08-04"
      },
      "ResponseBody": []
    }
  ],
  "Variables": {
    "DateTimeOffsetNow": "2021-02-19T13:08:47.1690915-06:00",
    "RandomSeed": "373044683",
    "Storage_TestConfigHierarchicalNamespace": "NamespaceTenant\nseannse\nU2FuaXRpemVk\nhttps://seannse.blob.core.windows.net\nhttps://seannse.file.core.windows.net\nhttps://seannse.queue.core.windows.net\nhttps://seannse.table.core.windows.net\n\n\n\n\nhttps://seannse-secondary.blob.core.windows.net\nhttps://seannse-secondary.file.core.windows.net\nhttps://seannse-secondary.queue.core.windows.net\nhttps://seannse-secondary.table.core.windows.net\n68390a19-a643-458b-b726-408abf67b4fc\nSanitized\n72f988bf-86f1-41af-91ab-2d7cd011db47\nhttps://login.microsoftonline.com/\nCloud\nBlobEndpoint=https://seannse.blob.core.windows.net/;QueueEndpoint=https://seannse.queue.core.windows.net/;FileEndpoint=https://seannse.file.core.windows.net/;BlobSecondaryEndpoint=https://seannse-secondary.blob.core.windows.net/;QueueSecondaryEndpoint=https://seannse-secondary.queue.core.windows.net/;FileSecondaryEndpoint=https://seannse-secondary.file.core.windows.net/;AccountName=seannse;AccountKey=Sanitized\n"
  }
}