{
  "Entries": [
    {
      "RequestUri": "http://seanstagehierarchical.blob.core.windows.net/test-filesystem-e2f31b9c-a2e2-7368-c4ed-52e7388311fd?restype=container",
      "RequestMethod": "PUT",
      "RequestHeaders": {
        "Authorization": "Sanitized",
        "traceparent": "00-4c8151c101a83742ac67be99213112f2-b18fc109ebbe5f49-00",
        "User-Agent": [
          "azsdk-net-Storage.Files.DataLake/12.0.0-dev.20191210.1\u002B5758cdf8298d3305c897cb7ba843ddd732c229c1",
          "(.NET Core 4.6.28008.01; Microsoft Windows 10.0.18363 )"
        ],
        "x-ms-blob-public-access": "container",
        "x-ms-client-request-id": "fd4b3898-fd9d-5185-bb18-38f31fa133aa",
        "x-ms-date": "Wed, 11 Dec 2019 06:21:39 GMT",
        "x-ms-return-client-request-id": "true",
        "x-ms-version": "2019-07-07"
      },
      "RequestBody": null,
      "StatusCode": 201,
      "ResponseHeaders": {
        "Content-Length": "0",
        "Date": "Wed, 11 Dec 2019 06:21:38 GMT",
        "ETag": "\u00220x8D77E0261B3CD99\u0022",
        "Last-Modified": "Wed, 11 Dec 2019 06:21:39 GMT",
        "Server": [
          "Windows-Azure-Blob/1.0",
          "Microsoft-HTTPAPI/2.0"
        ],
        "x-ms-client-request-id": "fd4b3898-fd9d-5185-bb18-38f31fa133aa",
        "x-ms-request-id": "88410227-e01e-001e-02eb-af7ee3000000",
        "x-ms-version": "2019-07-07"
      },
      "ResponseBody": []
    },
    {
      "RequestUri": "http://seanstagehierarchical.dfs.core.windows.net/test-filesystem-e2f31b9c-a2e2-7368-c4ed-52e7388311fd/test-file-808e2080-d0f3-3864-851d-ba0ff258f291?resource=file",
      "RequestMethod": "PUT",
      "RequestHeaders": {
        "Authorization": "Sanitized",
        "traceparent": "00-3cb3480b985631489e7a0fe5f8fa4ebb-ceadcd19cd82b943-00",
        "User-Agent": [
          "azsdk-net-Storage.Files.DataLake/12.0.0-dev.20191210.1\u002B5758cdf8298d3305c897cb7ba843ddd732c229c1",
          "(.NET Core 4.6.28008.01; Microsoft Windows 10.0.18363 )"
        ],
        "x-ms-client-request-id": "6190059f-3ca4-c8f4-d313-778042765e63",
        "x-ms-date": "Wed, 11 Dec 2019 06:21:39 GMT",
        "x-ms-return-client-request-id": "true",
        "x-ms-version": "2019-02-02"
      },
      "RequestBody": null,
      "StatusCode": 201,
      "ResponseHeaders": {
        "Content-Length": "0",
        "Date": "Wed, 11 Dec 2019 06:21:39 GMT",
        "ETag": "\u00220x8D77E0261C68579\u0022",
        "Last-Modified": "Wed, 11 Dec 2019 06:21:39 GMT",
        "Server": [
          "Windows-Azure-HDFS/1.0",
          "Microsoft-HTTPAPI/2.0"
        ],
        "x-ms-client-request-id": "6190059f-3ca4-c8f4-d313-778042765e63",
        "x-ms-request-id": "39f35992-f01f-003d-45eb-afe420000000",
        "x-ms-version": "2019-02-02"
      },
      "ResponseBody": []
    },
    {
      "RequestUri": "http://seanstagehierarchical.blob.core.windows.net/test-filesystem-e2f31b9c-a2e2-7368-c4ed-52e7388311fd/test-file-808e2080-d0f3-3864-851d-ba0ff258f291?comp=lease",
      "RequestMethod": "PUT",
      "RequestHeaders": {
        "Authorization": "Sanitized",
        "traceparent": "00-81a648d26e83ac4f974df921701e6c2c-6c6274157a728540-00",
        "User-Agent": [
          "azsdk-net-Storage.Files.DataLake/12.0.0-dev.20191210.1\u002B5758cdf8298d3305c897cb7ba843ddd732c229c1",
          "(.NET Core 4.6.28008.01; Microsoft Windows 10.0.18363 )"
        ],
        "x-ms-client-request-id": "846a9876-02de-6c34-9323-a0c276d7f3fe",
        "x-ms-date": "Wed, 11 Dec 2019 06:21:39 GMT",
        "x-ms-lease-action": "acquire",
        "x-ms-lease-duration": "15",
        "x-ms-proposed-lease-id": "b4c3a625-3352-6c72-c0e2-c51dd4d40ce3",
        "x-ms-return-client-request-id": "true",
        "x-ms-version": "2019-07-07"
      },
      "RequestBody": null,
      "StatusCode": 201,
      "ResponseHeaders": {
        "Content-Length": "0",
        "Date": "Wed, 11 Dec 2019 06:21:38 GMT",
        "ETag": "\u00220x8D77E0261C68579\u0022",
        "Last-Modified": "Wed, 11 Dec 2019 06:21:39 GMT",
        "Server": [
          "Windows-Azure-Blob/1.0",
          "Microsoft-HTTPAPI/2.0"
        ],
        "x-ms-client-request-id": "846a9876-02de-6c34-9323-a0c276d7f3fe",
        "x-ms-lease-id": "b4c3a625-3352-6c72-c0e2-c51dd4d40ce3",
        "x-ms-request-id": "8841022c-e01e-001e-05eb-af7ee3000000",
        "x-ms-version": "2019-07-07"
      },
      "ResponseBody": []
    },
    {
      "RequestUri": "http://seanstagehierarchical.blob.core.windows.net/test-filesystem-e2f31b9c-a2e2-7368-c4ed-52e7388311fd/test-file-808e2080-d0f3-3864-851d-ba0ff258f291?comp=lease",
      "RequestMethod": "PUT",
      "RequestHeaders": {
        "Authorization": "Sanitized",
        "traceparent": "00-9be3a1e95ba98b41b3f7c4c375b9cb46-40a1699d7e195141-00",
        "User-Agent": [
          "azsdk-net-Storage.Files.DataLake/12.0.0-dev.20191210.1\u002B5758cdf8298d3305c897cb7ba843ddd732c229c1",
          "(.NET Core 4.6.28008.01; Microsoft Windows 10.0.18363 )"
        ],
        "x-ms-client-request-id": "3ca68178-8869-6305-0003-59a3f02a7d9f",
        "x-ms-date": "Wed, 11 Dec 2019 06:21:39 GMT",
        "x-ms-lease-action": "break",
        "x-ms-return-client-request-id": "true",
        "x-ms-version": "2019-07-07"
      },
      "RequestBody": null,
      "StatusCode": 202,
      "ResponseHeaders": {
        "Content-Length": "0",
        "Date": "Wed, 11 Dec 2019 06:21:39 GMT",
        "ETag": "\u00220x8D77E0261C68579\u0022",
        "Last-Modified": "Wed, 11 Dec 2019 06:21:39 GMT",
        "Server": [
          "Windows-Azure-Blob/1.0",
          "Microsoft-HTTPAPI/2.0"
        ],
        "x-ms-client-request-id": "3ca68178-8869-6305-0003-59a3f02a7d9f",
        "x-ms-lease-time": "0",
        "x-ms-request-id": "8841022d-e01e-001e-06eb-af7ee3000000",
        "x-ms-version": "2019-07-07"
      },
      "ResponseBody": []
    },
    {
      "RequestUri": "http://seanstagehierarchical.blob.core.windows.net/test-filesystem-e2f31b9c-a2e2-7368-c4ed-52e7388311fd?restype=container",
      "RequestMethod": "DELETE",
      "RequestHeaders": {
        "Authorization": "Sanitized",
        "traceparent": "00-1a36f1288918f447869bd2d8006ee909-0e977534f946ca43-00",
        "User-Agent": [
          "azsdk-net-Storage.Files.DataLake/12.0.0-dev.20191210.1\u002B5758cdf8298d3305c897cb7ba843ddd732c229c1",
          "(.NET Core 4.6.28008.01; Microsoft Windows 10.0.18363 )"
        ],
        "x-ms-client-request-id": "f449bf52-b730-7e95-8eb6-0d0218f8a38f",
        "x-ms-date": "Wed, 11 Dec 2019 06:21:39 GMT",
        "x-ms-return-client-request-id": "true",
        "x-ms-version": "2019-07-07"
      },
      "RequestBody": null,
      "StatusCode": 202,
      "ResponseHeaders": {
        "Content-Length": "0",
        "Date": "Wed, 11 Dec 2019 06:21:39 GMT",
        "Server": [
          "Windows-Azure-Blob/1.0",
          "Microsoft-HTTPAPI/2.0"
        ],
        "x-ms-client-request-id": "f449bf52-b730-7e95-8eb6-0d0218f8a38f",
        "x-ms-request-id": "8841022e-e01e-001e-07eb-af7ee3000000",
        "x-ms-version": "2019-07-07"
      },
      "ResponseBody": []
    },
    {
      "RequestUri": "http://seanstagehierarchical.blob.core.windows.net/test-filesystem-d6389f52-c92f-1e1d-43a1-4093bdf69f98?restype=container",
      "RequestMethod": "PUT",
      "RequestHeaders": {
        "Authorization": "Sanitized",
        "traceparent": "00-d3f464e50f893a468da5eda1d6705521-b3ca3ce07089c345-00",
        "User-Agent": [
          "azsdk-net-Storage.Files.DataLake/12.0.0-dev.20191210.1\u002B5758cdf8298d3305c897cb7ba843ddd732c229c1",
          "(.NET Core 4.6.28008.01; Microsoft Windows 10.0.18363 )"
        ],
        "x-ms-blob-public-access": "container",
        "x-ms-client-request-id": "24bc3b32-902f-8816-a22b-b18e7601c198",
        "x-ms-date": "Wed, 11 Dec 2019 06:21:39 GMT",
        "x-ms-return-client-request-id": "true",
        "x-ms-version": "2019-07-07"
      },
      "RequestBody": null,
      "StatusCode": 201,
      "ResponseHeaders": {
        "Content-Length": "0",
        "Date": "Wed, 11 Dec 2019 06:21:39 GMT",
        "ETag": "\u00220x8D77E0262019F66\u0022",
        "Last-Modified": "Wed, 11 Dec 2019 06:21:39 GMT",
        "Server": [
          "Windows-Azure-Blob/1.0",
          "Microsoft-HTTPAPI/2.0"
        ],
        "x-ms-client-request-id": "24bc3b32-902f-8816-a22b-b18e7601c198",
        "x-ms-request-id": "88410231-e01e-001e-09eb-af7ee3000000",
        "x-ms-version": "2019-07-07"
      },
      "ResponseBody": []
    },
    {
      "RequestUri": "http://seanstagehierarchical.dfs.core.windows.net/test-filesystem-d6389f52-c92f-1e1d-43a1-4093bdf69f98/test-file-04667516-72a7-caae-305d-3c8f510fd108?resource=file",
      "RequestMethod": "PUT",
      "RequestHeaders": {
        "Authorization": "Sanitized",
        "traceparent": "00-3ecb60654a24394e8aea2a7efa546381-66d89973d84b4c47-00",
        "User-Agent": [
          "azsdk-net-Storage.Files.DataLake/12.0.0-dev.20191210.1\u002B5758cdf8298d3305c897cb7ba843ddd732c229c1",
          "(.NET Core 4.6.28008.01; Microsoft Windows 10.0.18363 )"
        ],
        "x-ms-client-request-id": "d7f6dfde-e7d4-c05c-8cf2-f4d254863792",
        "x-ms-date": "Wed, 11 Dec 2019 06:21:39 GMT",
        "x-ms-return-client-request-id": "true",
        "x-ms-version": "2019-02-02"
      },
      "RequestBody": null,
      "StatusCode": 201,
      "ResponseHeaders": {
        "Content-Length": "0",
        "Date": "Wed, 11 Dec 2019 06:21:39 GMT",
        "ETag": "\u00220x8D77E026213BB2D\u0022",
        "Last-Modified": "Wed, 11 Dec 2019 06:21:39 GMT",
        "Server": [
          "Windows-Azure-HDFS/1.0",
          "Microsoft-HTTPAPI/2.0"
        ],
        "x-ms-client-request-id": "d7f6dfde-e7d4-c05c-8cf2-f4d254863792",
        "x-ms-request-id": "39f35993-f01f-003d-46eb-afe420000000",
        "x-ms-version": "2019-02-02"
      },
      "ResponseBody": []
    },
    {
      "RequestUri": "http://seanstagehierarchical.blob.core.windows.net/test-filesystem-d6389f52-c92f-1e1d-43a1-4093bdf69f98/test-file-04667516-72a7-caae-305d-3c8f510fd108?comp=lease",
      "RequestMethod": "PUT",
      "RequestHeaders": {
        "Authorization": "Sanitized",
        "traceparent": "00-22dccd1f59c7bb48b4179d15b8891cac-bc6dbf0eb1220642-00",
        "User-Agent": [
          "azsdk-net-Storage.Files.DataLake/12.0.0-dev.20191210.1\u002B5758cdf8298d3305c897cb7ba843ddd732c229c1",
          "(.NET Core 4.6.28008.01; Microsoft Windows 10.0.18363 )"
        ],
        "x-ms-client-request-id": "2d5afc91-2c06-9ff6-815b-ca78df7ddc92",
        "x-ms-date": "Wed, 11 Dec 2019 06:21:39 GMT",
        "x-ms-lease-action": "acquire",
        "x-ms-lease-duration": "15",
        "x-ms-proposed-lease-id": "39d8a95a-3fa1-9b5e-0d5b-07dee3f9f350",
        "x-ms-return-client-request-id": "true",
        "x-ms-version": "2019-07-07"
      },
      "RequestBody": null,
      "StatusCode": 201,
      "ResponseHeaders": {
        "Content-Length": "0",
        "Date": "Wed, 11 Dec 2019 06:21:39 GMT",
        "ETag": "\u00220x8D77E026213BB2D\u0022",
        "Last-Modified": "Wed, 11 Dec 2019 06:21:39 GMT",
        "Server": [
          "Windows-Azure-Blob/1.0",
          "Microsoft-HTTPAPI/2.0"
        ],
        "x-ms-client-request-id": "2d5afc91-2c06-9ff6-815b-ca78df7ddc92",
        "x-ms-lease-id": "39d8a95a-3fa1-9b5e-0d5b-07dee3f9f350",
        "x-ms-request-id": "88410233-e01e-001e-0aeb-af7ee3000000",
        "x-ms-version": "2019-07-07"
      },
      "ResponseBody": []
    },
    {
      "RequestUri": "http://seanstagehierarchical.blob.core.windows.net/test-filesystem-d6389f52-c92f-1e1d-43a1-4093bdf69f98/test-file-04667516-72a7-caae-305d-3c8f510fd108?comp=lease",
      "RequestMethod": "PUT",
      "RequestHeaders": {
        "Authorization": "Sanitized",
        "If-Modified-Since": "Tue, 10 Dec 2019 06:21:39 GMT",
        "traceparent": "00-5608cf27b189de4c9bfe71706925c7dc-8ffb5a4a3d25d04a-00",
        "User-Agent": [
          "azsdk-net-Storage.Files.DataLake/12.0.0-dev.20191210.1\u002B5758cdf8298d3305c897cb7ba843ddd732c229c1",
          "(.NET Core 4.6.28008.01; Microsoft Windows 10.0.18363 )"
        ],
        "x-ms-client-request-id": "e74d90a4-c59f-cb4a-ae11-f0bd2fbaee63",
        "x-ms-date": "Wed, 11 Dec 2019 06:21:39 GMT",
        "x-ms-lease-action": "break",
        "x-ms-return-client-request-id": "true",
        "x-ms-version": "2019-07-07"
      },
      "RequestBody": null,
      "StatusCode": 202,
      "ResponseHeaders": {
        "Content-Length": "0",
        "Date": "Wed, 11 Dec 2019 06:21:39 GMT",
        "ETag": "\u00220x8D77E026213BB2D\u0022",
        "Last-Modified": "Wed, 11 Dec 2019 06:21:39 GMT",
        "Server": [
          "Windows-Azure-Blob/1.0",
          "Microsoft-HTTPAPI/2.0"
        ],
        "x-ms-client-request-id": "e74d90a4-c59f-cb4a-ae11-f0bd2fbaee63",
        "x-ms-lease-time": "0",
        "x-ms-request-id": "88410235-e01e-001e-0beb-af7ee3000000",
        "x-ms-version": "2019-07-07"
      },
      "ResponseBody": []
    },
    {
      "RequestUri": "http://seanstagehierarchical.blob.core.windows.net/test-filesystem-d6389f52-c92f-1e1d-43a1-4093bdf69f98?restype=container",
      "RequestMethod": "DELETE",
      "RequestHeaders": {
        "Authorization": "Sanitized",
        "traceparent": "00-4a2df7563c11004585ecdd703495b3f3-12acd2e7b8b91b4d-00",
        "User-Agent": [
          "azsdk-net-Storage.Files.DataLake/12.0.0-dev.20191210.1\u002B5758cdf8298d3305c897cb7ba843ddd732c229c1",
          "(.NET Core 4.6.28008.01; Microsoft Windows 10.0.18363 )"
        ],
        "x-ms-client-request-id": "4fd45347-f530-38f3-580e-01c4d5bc30ba",
        "x-ms-date": "Wed, 11 Dec 2019 06:21:39 GMT",
        "x-ms-return-client-request-id": "true",
        "x-ms-version": "2019-07-07"
      },
      "RequestBody": null,
      "StatusCode": 202,
      "ResponseHeaders": {
        "Content-Length": "0",
        "Date": "Wed, 11 Dec 2019 06:21:39 GMT",
        "Server": [
          "Windows-Azure-Blob/1.0",
          "Microsoft-HTTPAPI/2.0"
        ],
        "x-ms-client-request-id": "4fd45347-f530-38f3-580e-01c4d5bc30ba",
        "x-ms-request-id": "88410236-e01e-001e-0ceb-af7ee3000000",
        "x-ms-version": "2019-07-07"
      },
      "ResponseBody": []
    },
    {
      "RequestUri": "http://seanstagehierarchical.blob.core.windows.net/test-filesystem-e53df41b-30cd-9db9-ef82-64a40d4df7b8?restype=container",
      "RequestMethod": "PUT",
      "RequestHeaders": {
        "Authorization": "Sanitized",
        "traceparent": "00-4f9468838864bb4a9f1cb5762170dd18-cdea45f187f43b42-00",
        "User-Agent": [
          "azsdk-net-Storage.Files.DataLake/12.0.0-dev.20191210.1\u002B5758cdf8298d3305c897cb7ba843ddd732c229c1",
          "(.NET Core 4.6.28008.01; Microsoft Windows 10.0.18363 )"
        ],
        "x-ms-blob-public-access": "container",
        "x-ms-client-request-id": "dfe1fdc9-70b7-169d-9936-5fad904e2b0b",
        "x-ms-date": "Wed, 11 Dec 2019 06:21:40 GMT",
        "x-ms-return-client-request-id": "true",
        "x-ms-version": "2019-07-07"
      },
      "RequestBody": null,
      "StatusCode": 201,
      "ResponseHeaders": {
        "Content-Length": "0",
        "Date": "Wed, 11 Dec 2019 06:21:39 GMT",
        "ETag": "\u00220x8D77E02624E118F\u0022",
        "Last-Modified": "Wed, 11 Dec 2019 06:21:40 GMT",
        "Server": [
          "Windows-Azure-Blob/1.0",
          "Microsoft-HTTPAPI/2.0"
        ],
        "x-ms-client-request-id": "dfe1fdc9-70b7-169d-9936-5fad904e2b0b",
        "x-ms-request-id": "88410237-e01e-001e-0deb-af7ee3000000",
        "x-ms-version": "2019-07-07"
      },
      "ResponseBody": []
    },
    {
      "RequestUri": "http://seanstagehierarchical.dfs.core.windows.net/test-filesystem-e53df41b-30cd-9db9-ef82-64a40d4df7b8/test-file-4f084816-5446-7bd3-c16f-76bca50b9713?resource=file",
      "RequestMethod": "PUT",
      "RequestHeaders": {
        "Authorization": "Sanitized",
        "traceparent": "00-b1b3c1d26bcc6043b1706947d2d6a0ae-3bf2c7af5f013e45-00",
        "User-Agent": [
          "azsdk-net-Storage.Files.DataLake/12.0.0-dev.20191210.1\u002B5758cdf8298d3305c897cb7ba843ddd732c229c1",
          "(.NET Core 4.6.28008.01; Microsoft Windows 10.0.18363 )"
        ],
        "x-ms-client-request-id": "bd977fe5-a6d4-757f-2965-1e48fae0718e",
        "x-ms-date": "Wed, 11 Dec 2019 06:21:40 GMT",
        "x-ms-return-client-request-id": "true",
        "x-ms-version": "2019-02-02"
      },
      "RequestBody": null,
      "StatusCode": 201,
      "ResponseHeaders": {
        "Content-Length": "0",
        "Date": "Wed, 11 Dec 2019 06:21:40 GMT",
        "ETag": "\u00220x8D77E02626149A0\u0022",
        "Last-Modified": "Wed, 11 Dec 2019 06:21:40 GMT",
        "Server": [
          "Windows-Azure-HDFS/1.0",
          "Microsoft-HTTPAPI/2.0"
        ],
        "x-ms-client-request-id": "bd977fe5-a6d4-757f-2965-1e48fae0718e",
        "x-ms-request-id": "39f35994-f01f-003d-47eb-afe420000000",
        "x-ms-version": "2019-02-02"
      },
      "ResponseBody": []
    },
    {
      "RequestUri": "http://seanstagehierarchical.blob.core.windows.net/test-filesystem-e53df41b-30cd-9db9-ef82-64a40d4df7b8/test-file-4f084816-5446-7bd3-c16f-76bca50b9713?comp=lease",
      "RequestMethod": "PUT",
      "RequestHeaders": {
        "Authorization": "Sanitized",
        "traceparent": "00-af51ed872aefcb42b82cb5f6a757859e-32870d80a47ca744-00",
        "User-Agent": [
          "azsdk-net-Storage.Files.DataLake/12.0.0-dev.20191210.1\u002B5758cdf8298d3305c897cb7ba843ddd732c229c1",
          "(.NET Core 4.6.28008.01; Microsoft Windows 10.0.18363 )"
        ],
        "x-ms-client-request-id": "f410b3ed-4b63-caae-e099-761640986305",
        "x-ms-date": "Wed, 11 Dec 2019 06:21:40 GMT",
        "x-ms-lease-action": "acquire",
        "x-ms-lease-duration": "15",
        "x-ms-proposed-lease-id": "f1214c9f-1b73-fe9f-47bd-66e712243b3b",
        "x-ms-return-client-request-id": "true",
        "x-ms-version": "2019-07-07"
      },
      "RequestBody": null,
      "StatusCode": 201,
      "ResponseHeaders": {
        "Content-Length": "0",
        "Date": "Wed, 11 Dec 2019 06:21:39 GMT",
        "ETag": "\u00220x8D77E02626149A0\u0022",
        "Last-Modified": "Wed, 11 Dec 2019 06:21:40 GMT",
        "Server": [
          "Windows-Azure-Blob/1.0",
          "Microsoft-HTTPAPI/2.0"
        ],
        "x-ms-client-request-id": "f410b3ed-4b63-caae-e099-761640986305",
        "x-ms-lease-id": "f1214c9f-1b73-fe9f-47bd-66e712243b3b",
        "x-ms-request-id": "88410239-e01e-001e-0eeb-af7ee3000000",
        "x-ms-version": "2019-07-07"
      },
      "ResponseBody": []
    },
    {
      "RequestUri": "http://seanstagehierarchical.blob.core.windows.net/test-filesystem-e53df41b-30cd-9db9-ef82-64a40d4df7b8/test-file-4f084816-5446-7bd3-c16f-76bca50b9713?comp=lease",
      "RequestMethod": "PUT",
      "RequestHeaders": {
        "Authorization": "Sanitized",
        "If-Unmodified-Since": "Thu, 12 Dec 2019 06:21:39 GMT",
        "traceparent": "00-1601109b3fb4054fb6f77cae8b09af61-0382272c6beea940-00",
        "User-Agent": [
          "azsdk-net-Storage.Files.DataLake/12.0.0-dev.20191210.1\u002B5758cdf8298d3305c897cb7ba843ddd732c229c1",
          "(.NET Core 4.6.28008.01; Microsoft Windows 10.0.18363 )"
        ],
        "x-ms-client-request-id": "5ef95e6c-4613-e6d7-a60c-44da6328a587",
        "x-ms-date": "Wed, 11 Dec 2019 06:21:40 GMT",
        "x-ms-lease-action": "break",
        "x-ms-return-client-request-id": "true",
        "x-ms-version": "2019-07-07"
      },
      "RequestBody": null,
      "StatusCode": 202,
      "ResponseHeaders": {
        "Content-Length": "0",
        "Date": "Wed, 11 Dec 2019 06:21:40 GMT",
        "ETag": "\u00220x8D77E02626149A0\u0022",
        "Last-Modified": "Wed, 11 Dec 2019 06:21:40 GMT",
        "Server": [
          "Windows-Azure-Blob/1.0",
          "Microsoft-HTTPAPI/2.0"
        ],
        "x-ms-client-request-id": "5ef95e6c-4613-e6d7-a60c-44da6328a587",
        "x-ms-lease-time": "0",
        "x-ms-request-id": "8841023a-e01e-001e-0feb-af7ee3000000",
        "x-ms-version": "2019-07-07"
      },
      "ResponseBody": []
    },
    {
      "RequestUri": "http://seanstagehierarchical.blob.core.windows.net/test-filesystem-e53df41b-30cd-9db9-ef82-64a40d4df7b8?restype=container",
      "RequestMethod": "DELETE",
      "RequestHeaders": {
        "Authorization": "Sanitized",
        "traceparent": "00-f69429d6b7cd1446a8581fed20b393b4-0ce18df93b36e94c-00",
        "User-Agent": [
          "azsdk-net-Storage.Files.DataLake/12.0.0-dev.20191210.1\u002B5758cdf8298d3305c897cb7ba843ddd732c229c1",
          "(.NET Core 4.6.28008.01; Microsoft Windows 10.0.18363 )"
        ],
        "x-ms-client-request-id": "e1aae794-049e-e4f1-0b2f-fefc073f61e4",
        "x-ms-date": "Wed, 11 Dec 2019 06:21:40 GMT",
        "x-ms-return-client-request-id": "true",
        "x-ms-version": "2019-07-07"
      },
      "RequestBody": null,
      "StatusCode": 202,
      "ResponseHeaders": {
        "Content-Length": "0",
        "Date": "Wed, 11 Dec 2019 06:21:40 GMT",
        "Server": [
          "Windows-Azure-Blob/1.0",
          "Microsoft-HTTPAPI/2.0"
        ],
        "x-ms-client-request-id": "e1aae794-049e-e4f1-0b2f-fefc073f61e4",
        "x-ms-request-id": "8841023b-e01e-001e-10eb-af7ee3000000",
        "x-ms-version": "2019-07-07"
      },
      "ResponseBody": []
    },
    {
      "RequestUri": "http://seanstagehierarchical.blob.core.windows.net/test-filesystem-54094a97-ecbd-c0ec-5e58-c4c95faf6d05?restype=container",
      "RequestMethod": "PUT",
      "RequestHeaders": {
        "Authorization": "Sanitized",
        "traceparent": "00-1f38d206a0ecdb4e8d8fddf818b1e3e0-776c4edfd829fb40-00",
        "User-Agent": [
          "azsdk-net-Storage.Files.DataLake/12.0.0-dev.20191210.1\u002B5758cdf8298d3305c897cb7ba843ddd732c229c1",
          "(.NET Core 4.6.28008.01; Microsoft Windows 10.0.18363 )"
        ],
        "x-ms-blob-public-access": "container",
        "x-ms-client-request-id": "2e9003e9-4197-a78a-faea-83454028855b",
        "x-ms-date": "Wed, 11 Dec 2019 06:21:40 GMT",
        "x-ms-return-client-request-id": "true",
        "x-ms-version": "2019-07-07"
      },
      "RequestBody": null,
      "StatusCode": 201,
      "ResponseHeaders": {
        "Content-Length": "0",
        "Date": "Wed, 11 Dec 2019 06:21:40 GMT",
        "ETag": "\u00220x8D77E02629C0ADF\u0022",
        "Last-Modified": "Wed, 11 Dec 2019 06:21:40 GMT",
        "Server": [
          "Windows-Azure-Blob/1.0",
          "Microsoft-HTTPAPI/2.0"
        ],
        "x-ms-client-request-id": "2e9003e9-4197-a78a-faea-83454028855b",
        "x-ms-request-id": "8841023c-e01e-001e-11eb-af7ee3000000",
        "x-ms-version": "2019-07-07"
      },
      "ResponseBody": []
    },
    {
      "RequestUri": "http://seanstagehierarchical.dfs.core.windows.net/test-filesystem-54094a97-ecbd-c0ec-5e58-c4c95faf6d05/test-file-0a84f9c1-e4f9-d366-600b-65c6e079135b?resource=file",
      "RequestMethod": "PUT",
      "RequestHeaders": {
        "Authorization": "Sanitized",
        "traceparent": "00-68c81b9fead5bf4cacd3a67afe039104-079688fb2fbb074e-00",
        "User-Agent": [
          "azsdk-net-Storage.Files.DataLake/12.0.0-dev.20191210.1\u002B5758cdf8298d3305c897cb7ba843ddd732c229c1",
          "(.NET Core 4.6.28008.01; Microsoft Windows 10.0.18363 )"
        ],
        "x-ms-client-request-id": "b3b1b171-8e7e-0461-9cbc-ce8cdcc3c780",
        "x-ms-date": "Wed, 11 Dec 2019 06:21:40 GMT",
        "x-ms-return-client-request-id": "true",
        "x-ms-version": "2019-02-02"
      },
      "RequestBody": null,
      "StatusCode": 201,
      "ResponseHeaders": {
        "Content-Length": "0",
        "Date": "Wed, 11 Dec 2019 06:21:40 GMT",
        "ETag": "\u00220x8D77E0262AE7D04\u0022",
        "Last-Modified": "Wed, 11 Dec 2019 06:21:40 GMT",
        "Server": [
          "Windows-Azure-HDFS/1.0",
          "Microsoft-HTTPAPI/2.0"
        ],
        "x-ms-client-request-id": "b3b1b171-8e7e-0461-9cbc-ce8cdcc3c780",
        "x-ms-request-id": "39f35995-f01f-003d-48eb-afe420000000",
        "x-ms-version": "2019-02-02"
      },
      "ResponseBody": []
    },
    {
      "RequestUri": "http://seanstagehierarchical.blob.core.windows.net/test-filesystem-54094a97-ecbd-c0ec-5e58-c4c95faf6d05/test-file-0a84f9c1-e4f9-d366-600b-65c6e079135b",
      "RequestMethod": "HEAD",
      "RequestHeaders": {
        "Authorization": "Sanitized",
        "User-Agent": [
          "azsdk-net-Storage.Files.DataLake/12.0.0-dev.20191210.1\u002B5758cdf8298d3305c897cb7ba843ddd732c229c1",
          "(.NET Core 4.6.28008.01; Microsoft Windows 10.0.18363 )"
        ],
        "x-ms-client-request-id": "18bd01d7-e61d-487e-752e-272ef606a1c9",
        "x-ms-date": "Wed, 11 Dec 2019 06:21:40 GMT",
        "x-ms-return-client-request-id": "true",
        "x-ms-version": "2019-07-07"
      },
      "RequestBody": null,
      "StatusCode": 200,
      "ResponseHeaders": {
        "Accept-Ranges": "bytes",
        "Content-Length": "0",
        "Content-Type": "application/octet-stream",
        "Date": "Wed, 11 Dec 2019 06:21:40 GMT",
        "ETag": "\u00220x8D77E0262AE7D04\u0022",
        "Last-Modified": "Wed, 11 Dec 2019 06:21:40 GMT",
        "Server": [
          "Windows-Azure-Blob/1.0",
          "Microsoft-HTTPAPI/2.0"
        ],
        "x-ms-access-tier": "Hot",
        "x-ms-access-tier-inferred": "true",
        "x-ms-blob-type": "BlockBlob",
        "x-ms-client-request-id": "18bd01d7-e61d-487e-752e-272ef606a1c9",
        "x-ms-creation-time": "Wed, 11 Dec 2019 06:21:40 GMT",
        "x-ms-lease-state": "available",
        "x-ms-lease-status": "unlocked",
        "x-ms-request-id": "8841023f-e01e-001e-12eb-af7ee3000000",
        "x-ms-server-encrypted": "true",
        "x-ms-version": "2019-07-07"
      },
      "ResponseBody": []
    },
    {
      "RequestUri": "http://seanstagehierarchical.blob.core.windows.net/test-filesystem-54094a97-ecbd-c0ec-5e58-c4c95faf6d05/test-file-0a84f9c1-e4f9-d366-600b-65c6e079135b?comp=lease",
      "RequestMethod": "PUT",
      "RequestHeaders": {
        "Authorization": "Sanitized",
        "traceparent": "00-431eed0620be174b82b7edf5ab0931ad-198682de379e0c40-00",
        "User-Agent": [
          "azsdk-net-Storage.Files.DataLake/12.0.0-dev.20191210.1\u002B5758cdf8298d3305c897cb7ba843ddd732c229c1",
          "(.NET Core 4.6.28008.01; Microsoft Windows 10.0.18363 )"
        ],
        "x-ms-client-request-id": "6083e8f5-7a15-669f-200b-ba9938ae3a01",
        "x-ms-date": "Wed, 11 Dec 2019 06:21:40 GMT",
        "x-ms-lease-action": "acquire",
        "x-ms-lease-duration": "15",
        "x-ms-proposed-lease-id": "d68527d6-2948-823c-8b4f-975a62d293bd",
        "x-ms-return-client-request-id": "true",
        "x-ms-version": "2019-07-07"
      },
      "RequestBody": null,
      "StatusCode": 201,
      "ResponseHeaders": {
        "Content-Length": "0",
        "Date": "Wed, 11 Dec 2019 06:21:40 GMT",
        "ETag": "\u00220x8D77E0262AE7D04\u0022",
        "Last-Modified": "Wed, 11 Dec 2019 06:21:40 GMT",
        "Server": [
          "Windows-Azure-Blob/1.0",
          "Microsoft-HTTPAPI/2.0"
        ],
        "x-ms-client-request-id": "6083e8f5-7a15-669f-200b-ba9938ae3a01",
        "x-ms-lease-id": "d68527d6-2948-823c-8b4f-975a62d293bd",
        "x-ms-request-id": "88410240-e01e-001e-13eb-af7ee3000000",
        "x-ms-version": "2019-07-07"
      },
      "ResponseBody": []
    },
    {
      "RequestUri": "http://seanstagehierarchical.blob.core.windows.net/test-filesystem-54094a97-ecbd-c0ec-5e58-c4c95faf6d05/test-file-0a84f9c1-e4f9-d366-600b-65c6e079135b?comp=lease",
      "RequestMethod": "PUT",
      "RequestHeaders": {
        "Authorization": "Sanitized",
        "If-Match": "\u00220x8D77E0262AE7D04\u0022",
        "traceparent": "00-d7913837d96d1e44b69bfc76c1974899-10858f1d4fe42543-00",
        "User-Agent": [
          "azsdk-net-Storage.Files.DataLake/12.0.0-dev.20191210.1\u002B5758cdf8298d3305c897cb7ba843ddd732c229c1",
          "(.NET Core 4.6.28008.01; Microsoft Windows 10.0.18363 )"
        ],
        "x-ms-client-request-id": "0d397c1c-4183-aeb4-71d8-1d63dd1f3e9a",
        "x-ms-date": "Wed, 11 Dec 2019 06:21:40 GMT",
        "x-ms-lease-action": "break",
        "x-ms-return-client-request-id": "true",
        "x-ms-version": "2019-07-07"
      },
      "RequestBody": null,
      "StatusCode": 202,
      "ResponseHeaders": {
        "Content-Length": "0",
        "Date": "Wed, 11 Dec 2019 06:21:40 GMT",
        "ETag": "\u00220x8D77E0262AE7D04\u0022",
        "Last-Modified": "Wed, 11 Dec 2019 06:21:40 GMT",
        "Server": [
          "Windows-Azure-Blob/1.0",
          "Microsoft-HTTPAPI/2.0"
        ],
        "x-ms-client-request-id": "0d397c1c-4183-aeb4-71d8-1d63dd1f3e9a",
        "x-ms-lease-time": "0",
        "x-ms-request-id": "88410241-e01e-001e-14eb-af7ee3000000",
        "x-ms-version": "2019-07-07"
      },
      "ResponseBody": []
    },
    {
      "RequestUri": "http://seanstagehierarchical.blob.core.windows.net/test-filesystem-54094a97-ecbd-c0ec-5e58-c4c95faf6d05?restype=container",
      "RequestMethod": "DELETE",
      "RequestHeaders": {
        "Authorization": "Sanitized",
        "traceparent": "00-0a8861b445addf4188224e27d0a5d958-dc3f604fc6644747-00",
        "User-Agent": [
          "azsdk-net-Storage.Files.DataLake/12.0.0-dev.20191210.1\u002B5758cdf8298d3305c897cb7ba843ddd732c229c1",
          "(.NET Core 4.6.28008.01; Microsoft Windows 10.0.18363 )"
        ],
        "x-ms-client-request-id": "bb7d1e2c-2c75-f87e-418a-eec9fedb6129",
        "x-ms-date": "Wed, 11 Dec 2019 06:21:41 GMT",
        "x-ms-return-client-request-id": "true",
        "x-ms-version": "2019-07-07"
      },
      "RequestBody": null,
      "StatusCode": 202,
      "ResponseHeaders": {
        "Content-Length": "0",
        "Date": "Wed, 11 Dec 2019 06:21:40 GMT",
        "Server": [
          "Windows-Azure-Blob/1.0",
          "Microsoft-HTTPAPI/2.0"
        ],
        "x-ms-client-request-id": "bb7d1e2c-2c75-f87e-418a-eec9fedb6129",
        "x-ms-request-id": "88410245-e01e-001e-16eb-af7ee3000000",
        "x-ms-version": "2019-07-07"
      },
      "ResponseBody": []
    },
    {
      "RequestUri": "http://seanstagehierarchical.blob.core.windows.net/test-filesystem-4aaf3407-6bde-6afa-735e-653f29e5029a?restype=container",
      "RequestMethod": "PUT",
      "RequestHeaders": {
        "Authorization": "Sanitized",
        "traceparent": "00-7653a0a2bf858046b22259546062e897-509cd450c094f348-00",
        "User-Agent": [
          "azsdk-net-Storage.Files.DataLake/12.0.0-dev.20191210.1\u002B5758cdf8298d3305c897cb7ba843ddd732c229c1",
          "(.NET Core 4.6.28008.01; Microsoft Windows 10.0.18363 )"
        ],
        "x-ms-blob-public-access": "container",
        "x-ms-client-request-id": "77c7eee2-0327-c030-2412-4716c73fcf5c",
        "x-ms-date": "Wed, 11 Dec 2019 06:21:41 GMT",
        "x-ms-return-client-request-id": "true",
        "x-ms-version": "2019-07-07"
      },
      "RequestBody": null,
      "StatusCode": 201,
      "ResponseHeaders": {
        "Content-Length": "0",
        "Date": "Wed, 11 Dec 2019 06:21:40 GMT",
        "ETag": "\u00220x8D77E0262F5C350\u0022",
        "Last-Modified": "Wed, 11 Dec 2019 06:21:41 GMT",
        "Server": [
          "Windows-Azure-Blob/1.0",
          "Microsoft-HTTPAPI/2.0"
        ],
        "x-ms-client-request-id": "77c7eee2-0327-c030-2412-4716c73fcf5c",
        "x-ms-request-id": "88410246-e01e-001e-17eb-af7ee3000000",
        "x-ms-version": "2019-07-07"
      },
      "ResponseBody": []
    },
    {
      "RequestUri": "http://seanstagehierarchical.dfs.core.windows.net/test-filesystem-4aaf3407-6bde-6afa-735e-653f29e5029a/test-file-f0405387-a3a4-8487-0ec2-fba439e3a634?resource=file",
      "RequestMethod": "PUT",
      "RequestHeaders": {
        "Authorization": "Sanitized",
        "traceparent": "00-804b8a11188fe546abb47dfd3c997b1e-e3551dfb0a56cc43-00",
        "User-Agent": [
          "azsdk-net-Storage.Files.DataLake/12.0.0-dev.20191210.1\u002B5758cdf8298d3305c897cb7ba843ddd732c229c1",
          "(.NET Core 4.6.28008.01; Microsoft Windows 10.0.18363 )"
        ],
        "x-ms-client-request-id": "708ed66a-eafe-3f29-6642-6964078c8740",
        "x-ms-date": "Wed, 11 Dec 2019 06:21:41 GMT",
        "x-ms-return-client-request-id": "true",
        "x-ms-version": "2019-02-02"
      },
      "RequestBody": null,
      "StatusCode": 201,
      "ResponseHeaders": {
        "Content-Length": "0",
        "Date": "Wed, 11 Dec 2019 06:21:41 GMT",
        "ETag": "\u00220x8D77E026307E28B\u0022",
        "Last-Modified": "Wed, 11 Dec 2019 06:21:41 GMT",
        "Server": [
          "Windows-Azure-HDFS/1.0",
          "Microsoft-HTTPAPI/2.0"
        ],
        "x-ms-client-request-id": "708ed66a-eafe-3f29-6642-6964078c8740",
        "x-ms-request-id": "39f35996-f01f-003d-49eb-afe420000000",
        "x-ms-version": "2019-02-02"
      },
      "ResponseBody": []
    },
    {
      "RequestUri": "http://seanstagehierarchical.blob.core.windows.net/test-filesystem-4aaf3407-6bde-6afa-735e-653f29e5029a/test-file-f0405387-a3a4-8487-0ec2-fba439e3a634?comp=lease",
      "RequestMethod": "PUT",
      "RequestHeaders": {
        "Authorization": "Sanitized",
        "traceparent": "00-dd0385894d50c441800e4cb676831b6d-201b32c922d59d41-00",
        "User-Agent": [
          "azsdk-net-Storage.Files.DataLake/12.0.0-dev.20191210.1\u002B5758cdf8298d3305c897cb7ba843ddd732c229c1",
          "(.NET Core 4.6.28008.01; Microsoft Windows 10.0.18363 )"
        ],
        "x-ms-client-request-id": "292259f0-f57b-d62d-9891-9044d6fc366d",
        "x-ms-date": "Wed, 11 Dec 2019 06:21:41 GMT",
        "x-ms-lease-action": "acquire",
        "x-ms-lease-duration": "15",
        "x-ms-proposed-lease-id": "2f93126c-94e2-fd3d-dfba-132c09f84700",
        "x-ms-return-client-request-id": "true",
        "x-ms-version": "2019-07-07"
      },
      "RequestBody": null,
      "StatusCode": 201,
      "ResponseHeaders": {
        "Content-Length": "0",
        "Date": "Wed, 11 Dec 2019 06:21:41 GMT",
        "ETag": "\u00220x8D77E026307E28B\u0022",
        "Last-Modified": "Wed, 11 Dec 2019 06:21:41 GMT",
        "Server": [
          "Windows-Azure-Blob/1.0",
          "Microsoft-HTTPAPI/2.0"
        ],
        "x-ms-client-request-id": "292259f0-f57b-d62d-9891-9044d6fc366d",
        "x-ms-lease-id": "2f93126c-94e2-fd3d-dfba-132c09f84700",
        "x-ms-request-id": "88410249-e01e-001e-19eb-af7ee3000000",
        "x-ms-version": "2019-07-07"
      },
      "ResponseBody": []
    },
    {
      "RequestUri": "http://seanstagehierarchical.blob.core.windows.net/test-filesystem-4aaf3407-6bde-6afa-735e-653f29e5029a/test-file-f0405387-a3a4-8487-0ec2-fba439e3a634?comp=lease",
      "RequestMethod": "PUT",
      "RequestHeaders": {
        "Authorization": "Sanitized",
        "If-None-Match": "\u0022garbage\u0022",
        "traceparent": "00-33cc963c6007f14a99c5c3beeae40b6b-99134f5648481a40-00",
        "User-Agent": [
          "azsdk-net-Storage.Files.DataLake/12.0.0-dev.20191210.1\u002B5758cdf8298d3305c897cb7ba843ddd732c229c1",
          "(.NET Core 4.6.28008.01; Microsoft Windows 10.0.18363 )"
        ],
        "x-ms-client-request-id": "b03cc33c-1ed6-a785-be63-cac3a5f1c272",
        "x-ms-date": "Wed, 11 Dec 2019 06:21:41 GMT",
        "x-ms-lease-action": "break",
        "x-ms-return-client-request-id": "true",
        "x-ms-version": "2019-07-07"
      },
      "RequestBody": null,
      "StatusCode": 202,
      "ResponseHeaders": {
        "Content-Length": "0",
        "Date": "Wed, 11 Dec 2019 06:21:41 GMT",
        "ETag": "\u00220x8D77E026307E28B\u0022",
        "Last-Modified": "Wed, 11 Dec 2019 06:21:41 GMT",
        "Server": [
          "Windows-Azure-Blob/1.0",
          "Microsoft-HTTPAPI/2.0"
        ],
        "x-ms-client-request-id": "b03cc33c-1ed6-a785-be63-cac3a5f1c272",
        "x-ms-lease-time": "0",
        "x-ms-request-id": "8841024a-e01e-001e-1aeb-af7ee3000000",
        "x-ms-version": "2019-07-07"
      },
      "ResponseBody": []
    },
    {
      "RequestUri": "http://seanstagehierarchical.blob.core.windows.net/test-filesystem-4aaf3407-6bde-6afa-735e-653f29e5029a?restype=container",
      "RequestMethod": "DELETE",
      "RequestHeaders": {
        "Authorization": "Sanitized",
        "traceparent": "00-ef10fc975c11ce42b12c52baf911add1-bce14cd115531c42-00",
        "User-Agent": [
          "azsdk-net-Storage.Files.DataLake/12.0.0-dev.20191210.1\u002B5758cdf8298d3305c897cb7ba843ddd732c229c1",
          "(.NET Core 4.6.28008.01; Microsoft Windows 10.0.18363 )"
        ],
        "x-ms-client-request-id": "1307bfb5-86bf-dc97-e320-5ef0592890eb",
        "x-ms-date": "Wed, 11 Dec 2019 06:21:41 GMT",
        "x-ms-return-client-request-id": "true",
        "x-ms-version": "2019-07-07"
      },
      "RequestBody": null,
      "StatusCode": 202,
      "ResponseHeaders": {
        "Content-Length": "0",
        "Date": "Wed, 11 Dec 2019 06:21:41 GMT",
        "Server": [
          "Windows-Azure-Blob/1.0",
          "Microsoft-HTTPAPI/2.0"
        ],
        "x-ms-client-request-id": "1307bfb5-86bf-dc97-e320-5ef0592890eb",
        "x-ms-request-id": "8841024b-e01e-001e-1beb-af7ee3000000",
        "x-ms-version": "2019-07-07"
      },
      "ResponseBody": []
    }
  ],
  "Variables": {
    "DateTimeOffsetNow": "2019-12-10T22:21:39.0085675-08:00",
    "RandomSeed": "1654029826",
    "Storage_TestConfigHierarchicalNamespace": "NamespaceTenant\nseanstagehierarchical\nU2FuaXRpemVk\nhttp://seanstagehierarchical.blob.core.windows.net\nhttp://seanstagehierarchical.file.core.windows.net\nhttp://seanstagehierarchical.queue.core.windows.net\nhttp://seanstagehierarchical.table.core.windows.net\n\n\n\n\nhttp://seanstagehierarchical-secondary.blob.core.windows.net\nhttp://seanstagehierarchical-secondary.file.core.windows.net\nhttp://seanstagehierarchical-secondary.queue.core.windows.net\nhttp://seanstagehierarchical-secondary.table.core.windows.net\n68390a19-a643-458b-b726-408abf67b4fc\nSanitized\n72f988bf-86f1-41af-91ab-2d7cd011db47\nhttps://login.microsoftonline.com/\nCloud\nBlobEndpoint=http://seanstagehierarchical.blob.core.windows.net/;QueueEndpoint=http://seanstagehierarchical.queue.core.windows.net/;FileEndpoint=http://seanstagehierarchical.file.core.windows.net/;BlobSecondaryEndpoint=http://seanstagehierarchical-secondary.blob.core.windows.net/;QueueSecondaryEndpoint=http://seanstagehierarchical-secondary.queue.core.windows.net/;FileSecondaryEndpoint=http://seanstagehierarchical-secondary.file.core.windows.net/;AccountName=seanstagehierarchical;AccountKey=Sanitized\n"
  }
}