{
  "Entries": [
    {
      "RequestUri": "https://seannse.blob.core.windows.net/test-filesystem-c370dc43-41db-7595-e0fa-c3746d41f7f0?restype=container",
      "RequestMethod": "PUT",
      "RequestHeaders": {
        "Authorization": "Sanitized",
        "traceparent": "00-1f1c32cdbe35824f8451a6ce18044ca9-8a0ccb53069ffe45-00",
        "User-Agent": [
          "azsdk-net-Storage.Files.DataLake/12.7.0-alpha.20210202.1",
          "(.NET 5.0.2; Microsoft Windows 10.0.19042)"
        ],
        "x-ms-blob-public-access": "container",
        "x-ms-client-request-id": "1774640c-028e-25bc-eca4-edf8cbb847d0",
        "x-ms-date": "Tue, 02 Feb 2021 21:35:59 GMT",
        "x-ms-return-client-request-id": "true",
        "x-ms-version": "2020-06-12"
      },
      "RequestBody": null,
      "StatusCode": 201,
      "ResponseHeaders": {
        "Content-Length": "0",
        "Date": "Tue, 02 Feb 2021 21:36:00 GMT",
        "ETag": "\u00220x8D8C7C288C13E3A\u0022",
        "Last-Modified": "Tue, 02 Feb 2021 21:36:00 GMT",
        "Server": [
          "Windows-Azure-Blob/1.0",
          "Microsoft-HTTPAPI/2.0"
        ],
        "x-ms-client-request-id": "1774640c-028e-25bc-eca4-edf8cbb847d0",
        "x-ms-request-id": "7db3531d-701e-0000-1bab-f97f5f000000",
        "x-ms-version": "2020-06-12"
      },
      "ResponseBody": []
    },
    {
      "RequestUri": "https://seannse.dfs.core.windows.net/test-filesystem-c370dc43-41db-7595-e0fa-c3746d41f7f0/test-directory-3a8a3103-104a-c80b-9715-f5a545ba0670?resource=directory",
      "RequestMethod": "PUT",
      "RequestHeaders": {
        "Accept": "application/json",
        "Authorization": "Sanitized",
        "traceparent": "00-c89c99bba0c2e04c88e4f9c636ba3d10-f788b769364b1d44-00",
        "User-Agent": [
          "azsdk-net-Storage.Files.DataLake/12.7.0-alpha.20210202.1",
          "(.NET 5.0.2; Microsoft Windows 10.0.19042)"
        ],
        "x-ms-client-request-id": "3cd72bee-8ce5-fb0b-59ac-7f780c16e032",
        "x-ms-date": "Tue, 02 Feb 2021 21:35:59 GMT",
        "x-ms-return-client-request-id": "true",
        "x-ms-version": "2020-06-12"
      },
      "RequestBody": null,
      "StatusCode": 201,
      "ResponseHeaders": {
        "Content-Length": "0",
        "Date": "Tue, 02 Feb 2021 21:36:00 GMT",
        "ETag": "\u00220x8D8C7C288F8DD3A\u0022",
        "Last-Modified": "Tue, 02 Feb 2021 21:36:00 GMT",
        "Server": [
          "Windows-Azure-HDFS/1.0",
          "Microsoft-HTTPAPI/2.0"
        ],
        "x-ms-client-request-id": "3cd72bee-8ce5-fb0b-59ac-7f780c16e032",
        "x-ms-request-id": "51b7e9c4-801f-003b-77ab-f93afb000000",
        "x-ms-version": "2020-06-12"
      },
      "ResponseBody": []
    },
    {
      "RequestUri": "https://seannse.dfs.core.windows.net/test-filesystem-c370dc43-41db-7595-e0fa-c3746d41f7f0/test-directory-3a8a3103-104a-c80b-9715-f5a545ba0670/test-file-5fc57c9e-3f50-2203-cf4f-f26458823a4b?resource=file",
      "RequestMethod": "PUT",
      "RequestHeaders": {
        "Accept": "application/json",
        "Authorization": "Sanitized",
        "traceparent": "00-888d0b7df7f0fa48a597a5c6fe47a4be-2eabd6d0dd6feb4c-00",
        "User-Agent": [
          "azsdk-net-Storage.Files.DataLake/12.7.0-alpha.20210202.1",
          "(.NET 5.0.2; Microsoft Windows 10.0.19042)"
        ],
        "x-ms-cache-control": "control",
        "x-ms-client-request-id": "11eb8605-2f87-aec3-27b4-6c9599a7a3d6",
        "x-ms-content-disposition": "disposition",
        "x-ms-content-encoding": "encoding",
        "x-ms-content-language": "language",
        "x-ms-content-type": "type",
        "x-ms-date": "Tue, 02 Feb 2021 21:36:00 GMT",
        "x-ms-return-client-request-id": "true",
        "x-ms-version": "2020-06-12"
      },
      "RequestBody": null,
      "StatusCode": 201,
      "ResponseHeaders": {
        "Content-Length": "0",
        "Date": "Tue, 02 Feb 2021 21:36:00 GMT",
        "ETag": "\u00220x8D8C7C2890D7557\u0022",
        "Last-Modified": "Tue, 02 Feb 2021 21:36:00 GMT",
        "Server": [
          "Windows-Azure-HDFS/1.0",
          "Microsoft-HTTPAPI/2.0"
        ],
        "x-ms-client-request-id": "11eb8605-2f87-aec3-27b4-6c9599a7a3d6",
        "x-ms-request-id": "51b7e9f2-801f-003b-25ab-f93afb000000",
        "x-ms-version": "2020-06-12"
      },
      "ResponseBody": []
    },
    {
      "RequestUri": "https://seannse.blob.core.windows.net/test-filesystem-c370dc43-41db-7595-e0fa-c3746d41f7f0/test-directory-3a8a3103-104a-c80b-9715-f5a545ba0670/test-file-5fc57c9e-3f50-2203-cf4f-f26458823a4b",
      "RequestMethod": "HEAD",
      "RequestHeaders": {
        "Authorization": "Sanitized",
        "traceparent": "00-9ca28dc9871e9843a595016ac8be6b14-b2be7436d7a9de47-00",
        "User-Agent": [
          "azsdk-net-Storage.Files.DataLake/12.7.0-alpha.20210202.1",
          "(.NET 5.0.2; Microsoft Windows 10.0.19042)"
        ],
        "x-ms-client-request-id": "d15ec121-2997-57c4-1d08-f22d5df50eb9",
        "x-ms-date": "Tue, 02 Feb 2021 21:36:00 GMT",
        "x-ms-return-client-request-id": "true",
        "x-ms-version": "2020-06-12"
      },
      "RequestBody": null,
      "StatusCode": 200,
      "ResponseHeaders": {
        "Accept-Ranges": "bytes",
        "Cache-Control": "control",
        "Content-Disposition": "disposition",
        "Content-Encoding": "encoding",
        "Content-Language": "language",
        "Content-Length": "0",
        "Content-Type": "type",
        "Date": "Tue, 02 Feb 2021 21:36:00 GMT",
        "ETag": "\u00220x8D8C7C2890D7557\u0022",
        "Last-Modified": "Tue, 02 Feb 2021 21:36:00 GMT",
        "Server": [
          "Windows-Azure-Blob/1.0",
          "Microsoft-HTTPAPI/2.0"
        ],
        "x-ms-access-tier": "Hot",
        "x-ms-access-tier-inferred": "true",
        "x-ms-blob-type": "BlockBlob",
        "x-ms-client-request-id": "d15ec121-2997-57c4-1d08-f22d5df50eb9",
        "x-ms-creation-time": "Tue, 02 Feb 2021 21:36:00 GMT",
        "x-ms-group": "$superuser",
        "x-ms-lease-state": "available",
        "x-ms-lease-status": "unlocked",
        "x-ms-owner": "$superuser",
        "x-ms-permissions": "rw-r-----",
        "x-ms-request-id": "7db35445-701e-0000-1cab-f97f5f000000",
        "x-ms-server-encrypted": "true",
        "x-ms-version": "2020-06-12"
      },
      "ResponseBody": []
    },
    {
      "RequestUri": "https://seannse.blob.core.windows.net/test-filesystem-c370dc43-41db-7595-e0fa-c3746d41f7f0?restype=container",
      "RequestMethod": "DELETE",
      "RequestHeaders": {
        "Authorization": "Sanitized",
        "traceparent": "00-a4ecd53e52d5554d9ae6d8b04c4e9981-b4be6b48fc915e47-00",
        "User-Agent": [
          "azsdk-net-Storage.Files.DataLake/12.7.0-alpha.20210202.1",
          "(.NET 5.0.2; Microsoft Windows 10.0.19042)"
        ],
        "x-ms-client-request-id": "d77486f2-d148-473f-709a-0d58d32176fa",
        "x-ms-date": "Tue, 02 Feb 2021 21:36:00 GMT",
        "x-ms-return-client-request-id": "true",
        "x-ms-version": "2020-06-12"
      },
      "RequestBody": null,
      "StatusCode": 202,
      "ResponseHeaders": {
        "Content-Length": "0",
        "Date": "Tue, 02 Feb 2021 21:36:01 GMT",
        "Server": [
          "Windows-Azure-Blob/1.0",
          "Microsoft-HTTPAPI/2.0"
        ],
        "x-ms-client-request-id": "d77486f2-d148-473f-709a-0d58d32176fa",
        "x-ms-request-id": "7db35474-701e-0000-40ab-f97f5f000000",
        "x-ms-version": "2020-06-12"
      },
      "ResponseBody": []
    }
  ],
  "Variables": {
    "RandomSeed": "715255523",
    "Storage_TestConfigHierarchicalNamespace": "NamespaceTenant\nseannse\nU2FuaXRpemVk\nhttps://seannse.blob.core.windows.net\nhttps://seannse.file.core.windows.net\nhttps://seannse.queue.core.windows.net\nhttps://seannse.table.core.windows.net\n\n\n\n\nhttps://seannse-secondary.blob.core.windows.net\nhttps://seannse-secondary.file.core.windows.net\nhttps://seannse-secondary.queue.core.windows.net\nhttps://seannse-secondary.table.core.windows.net\n68390a19-a643-458b-b726-408abf67b4fc\nSanitized\n72f988bf-86f1-41af-91ab-2d7cd011db47\nhttps://login.microsoftonline.com/\nCloud\nBlobEndpoint=https://seannse.blob.core.windows.net/;QueueEndpoint=https://seannse.queue.core.windows.net/;FileEndpoint=https://seannse.file.core.windows.net/;BlobSecondaryEndpoint=https://seannse-secondary.blob.core.windows.net/;QueueSecondaryEndpoint=https://seannse-secondary.queue.core.windows.net/;FileSecondaryEndpoint=https://seannse-secondary.file.core.windows.net/;AccountName=seannse;AccountKey=Sanitized\n"
  }
}