{
  "Entries": [
    {
      "RequestUri": "https://seannse.blob.core.windows.net/test-filesystem-b49a4bb5-9a00-7fba-fbcf-be6f6c1630bc?restype=container",
      "RequestMethod": "PUT",
      "RequestHeaders": {
        "Authorization": "Sanitized",
        "traceparent": "00-92217678109b9644a8910cdf9a45f495-7e338640e4a54b4a-00",
        "User-Agent": [
          "azsdk-net-Storage.Files.DataLake/12.7.0-alpha.20210202.1",
          "(.NET 5.0.2; Microsoft Windows 10.0.19042)"
        ],
        "x-ms-blob-public-access": "container",
        "x-ms-client-request-id": "f36d9da4-7063-44ef-0d9f-ab5e5da8c7a6",
        "x-ms-date": "Tue, 02 Feb 2021 21:27:51 GMT",
        "x-ms-return-client-request-id": "true",
        "x-ms-version": "2020-06-12"
      },
      "RequestBody": null,
      "StatusCode": 201,
      "ResponseHeaders": {
        "Content-Length": "0",
        "Date": "Tue, 02 Feb 2021 21:27:52 GMT",
        "ETag": "\u00220x8D8C7C165F52539\u0022",
        "Last-Modified": "Tue, 02 Feb 2021 21:27:52 GMT",
        "Server": [
          "Windows-Azure-Blob/1.0",
          "Microsoft-HTTPAPI/2.0"
        ],
        "x-ms-client-request-id": "f36d9da4-7063-44ef-0d9f-ab5e5da8c7a6",
        "x-ms-request-id": "4435df36-601e-00b5-66aa-f9ec4d000000",
        "x-ms-version": "2020-06-12"
      },
      "ResponseBody": []
    },
    {
      "RequestUri": "https://seannse.dfs.core.windows.net/test-filesystem-b49a4bb5-9a00-7fba-fbcf-be6f6c1630bc/test-directory-9936d2a2-dd69-9b66-9d2d-828df0b6446e?resource=directory",
      "RequestMethod": "PUT",
      "RequestHeaders": {
        "Accept": "application/json",
        "Authorization": "Sanitized",
        "traceparent": "00-07163d248cbf844ab268da60a59b0040-8d597ed42ca1764c-00",
        "User-Agent": [
          "azsdk-net-Storage.Files.DataLake/12.7.0-alpha.20210202.1",
          "(.NET 5.0.2; Microsoft Windows 10.0.19042)"
        ],
        "x-ms-client-request-id": "686203ab-b956-c6ca-36d1-5636ed615457",
        "x-ms-date": "Tue, 02 Feb 2021 21:27:52 GMT",
        "x-ms-return-client-request-id": "true",
        "x-ms-version": "2020-06-12"
      },
      "RequestBody": null,
      "StatusCode": 201,
      "ResponseHeaders": {
        "Content-Length": "0",
        "Date": "Tue, 02 Feb 2021 21:27:52 GMT",
        "ETag": "\u00220x8D8C7C1662E0E8F\u0022",
        "Last-Modified": "Tue, 02 Feb 2021 21:27:52 GMT",
        "Server": [
          "Windows-Azure-HDFS/1.0",
          "Microsoft-HTTPAPI/2.0"
        ],
        "x-ms-client-request-id": "686203ab-b956-c6ca-36d1-5636ed615457",
        "x-ms-request-id": "9e95966d-401f-001b-1eaa-f9415c000000",
        "x-ms-version": "2020-06-12"
      },
      "ResponseBody": []
    },
    {
      "RequestUri": "https://seannse.dfs.core.windows.net/test-filesystem-b49a4bb5-9a00-7fba-fbcf-be6f6c1630bc/test-directory-9936d2a2-dd69-9b66-9d2d-828df0b6446e/test-file-d2e13d5a-f8dd-65fc-7ac6-ad7c8a302c4d?resource=file",
      "RequestMethod": "PUT",
      "RequestHeaders": {
        "Accept": "application/json",
        "Authorization": "Sanitized",
        "traceparent": "00-931e3255a865294e8b17db847b81cecc-c71ee56c7f84a441-00",
        "User-Agent": [
          "azsdk-net-Storage.Files.DataLake/12.7.0-alpha.20210202.1",
          "(.NET 5.0.2; Microsoft Windows 10.0.19042)"
        ],
        "x-ms-cache-control": "control",
        "x-ms-client-request-id": "31dbfb98-3c6e-b3ab-06fd-ee8f0b4e3c05",
        "x-ms-content-disposition": "disposition",
        "x-ms-content-encoding": "encoding",
        "x-ms-content-language": "language",
        "x-ms-content-type": "type",
        "x-ms-date": "Tue, 02 Feb 2021 21:27:52 GMT",
        "x-ms-return-client-request-id": "true",
        "x-ms-version": "2020-06-12"
      },
      "RequestBody": null,
      "StatusCode": 201,
      "ResponseHeaders": {
        "Content-Length": "0",
        "Date": "Tue, 02 Feb 2021 21:27:52 GMT",
        "ETag": "\u00220x8D8C7C1663D89BF\u0022",
        "Last-Modified": "Tue, 02 Feb 2021 21:27:53 GMT",
        "Server": [
          "Windows-Azure-HDFS/1.0",
          "Microsoft-HTTPAPI/2.0"
        ],
        "x-ms-client-request-id": "31dbfb98-3c6e-b3ab-06fd-ee8f0b4e3c05",
        "x-ms-request-id": "9e95967e-401f-001b-2faa-f9415c000000",
        "x-ms-version": "2020-06-12"
      },
      "ResponseBody": []
    },
    {
      "RequestUri": "https://seannse.blob.core.windows.net/test-filesystem-b49a4bb5-9a00-7fba-fbcf-be6f6c1630bc/test-directory-9936d2a2-dd69-9b66-9d2d-828df0b6446e/test-file-d2e13d5a-f8dd-65fc-7ac6-ad7c8a302c4d",
      "RequestMethod": "HEAD",
      "RequestHeaders": {
        "Authorization": "Sanitized",
        "traceparent": "00-ba0a349134b245458e822fb78c525aae-083ee0f86bc4a84f-00",
        "User-Agent": [
          "azsdk-net-Storage.Files.DataLake/12.7.0-alpha.20210202.1",
          "(.NET 5.0.2; Microsoft Windows 10.0.19042)"
        ],
        "x-ms-client-request-id": "8ee32443-fb55-e1df-4e2e-e656ee87b772",
        "x-ms-date": "Tue, 02 Feb 2021 21:27:52 GMT",
        "x-ms-return-client-request-id": "true",
        "x-ms-version": "2020-06-12"
      },
      "RequestBody": null,
      "StatusCode": 200,
      "ResponseHeaders": {
        "Accept-Ranges": "bytes",
        "Cache-Control": "control",
        "Content-Disposition": "disposition",
        "Content-Encoding": "encoding",
        "Content-Language": "language",
        "Content-Length": "0",
        "Content-Type": "type",
        "Date": "Tue, 02 Feb 2021 21:27:52 GMT",
        "ETag": "\u00220x8D8C7C1663D89BF\u0022",
        "Last-Modified": "Tue, 02 Feb 2021 21:27:53 GMT",
        "Server": [
          "Windows-Azure-Blob/1.0",
          "Microsoft-HTTPAPI/2.0"
        ],
        "x-ms-access-tier": "Hot",
        "x-ms-access-tier-inferred": "true",
        "x-ms-blob-type": "BlockBlob",
        "x-ms-client-request-id": "8ee32443-fb55-e1df-4e2e-e656ee87b772",
        "x-ms-creation-time": "Tue, 02 Feb 2021 21:27:53 GMT",
        "x-ms-group": "$superuser",
        "x-ms-lease-state": "available",
        "x-ms-lease-status": "unlocked",
        "x-ms-owner": "$superuser",
        "x-ms-permissions": "rw-r-----",
        "x-ms-request-id": "4435e3b1-601e-00b5-1caa-f9ec4d000000",
        "x-ms-server-encrypted": "true",
        "x-ms-version": "2020-06-12"
      },
      "ResponseBody": []
    },
    {
      "RequestUri": "https://seannse.blob.core.windows.net/test-filesystem-b49a4bb5-9a00-7fba-fbcf-be6f6c1630bc?restype=container",
      "RequestMethod": "DELETE",
      "RequestHeaders": {
        "Authorization": "Sanitized",
        "traceparent": "00-d3211df6fb523e49b072ce1d94023015-b0145a965e873a4b-00",
        "User-Agent": [
          "azsdk-net-Storage.Files.DataLake/12.7.0-alpha.20210202.1",
          "(.NET 5.0.2; Microsoft Windows 10.0.19042)"
        ],
        "x-ms-client-request-id": "e74b967e-ae6a-a9b0-2937-a55180ad8f9d",
        "x-ms-date": "Tue, 02 Feb 2021 21:27:52 GMT",
        "x-ms-return-client-request-id": "true",
        "x-ms-version": "2020-06-12"
      },
      "RequestBody": null,
      "StatusCode": 202,
      "ResponseHeaders": {
        "Content-Length": "0",
        "Date": "Tue, 02 Feb 2021 21:27:53 GMT",
        "Server": [
          "Windows-Azure-Blob/1.0",
          "Microsoft-HTTPAPI/2.0"
        ],
        "x-ms-client-request-id": "e74b967e-ae6a-a9b0-2937-a55180ad8f9d",
        "x-ms-request-id": "4435e463-601e-00b5-41aa-f9ec4d000000",
        "x-ms-version": "2020-06-12"
      },
      "ResponseBody": []
    }
  ],
  "Variables": {
    "RandomSeed": "441121791",
    "Storage_TestConfigHierarchicalNamespace": "NamespaceTenant\nseannse\nU2FuaXRpemVk\nhttps://seannse.blob.core.windows.net\nhttps://seannse.file.core.windows.net\nhttps://seannse.queue.core.windows.net\nhttps://seannse.table.core.windows.net\n\n\n\n\nhttps://seannse-secondary.blob.core.windows.net\nhttps://seannse-secondary.file.core.windows.net\nhttps://seannse-secondary.queue.core.windows.net\nhttps://seannse-secondary.table.core.windows.net\n68390a19-a643-458b-b726-408abf67b4fc\nSanitized\n72f988bf-86f1-41af-91ab-2d7cd011db47\nhttps://login.microsoftonline.com/\nCloud\nBlobEndpoint=https://seannse.blob.core.windows.net/;QueueEndpoint=https://seannse.queue.core.windows.net/;FileEndpoint=https://seannse.file.core.windows.net/;BlobSecondaryEndpoint=https://seannse-secondary.blob.core.windows.net/;QueueSecondaryEndpoint=https://seannse-secondary.queue.core.windows.net/;FileSecondaryEndpoint=https://seannse-secondary.file.core.windows.net/;AccountName=seannse;AccountKey=Sanitized\n"
  }
}