{
  "Entries": [
    {
      "RequestUri": "https://s9axscnapby3pev24a.blob.preprod.core.windows.net/test-filesystem-cf275525-1135-0219-26f5-e7d9e7806b3e?restype=container",
      "RequestMethod": "PUT",
      "RequestHeaders": {
        "Accept": "application/xml",
        "Authorization": "Sanitized",
        "traceparent": "00-8a8c0d0ced2707c188b316a04755ccf7-17ea7b074622250e-00",
        "User-Agent": [
          "azsdk-net-Storage.Files.DataLake/12.9.0-alpha.20220118.1",
          "(.NET 6.0.1; Microsoft Windows 10.0.19044)"
        ],
        "x-ms-blob-public-access": "container",
        "x-ms-client-request-id": "b11f2083-135e-951d-037d-293f54349f5b",
        "x-ms-date": "Tue, 18 Jan 2022 20:02:17 GMT",
        "x-ms-return-client-request-id": "true",
        "x-ms-version": "2021-06-08"
      },
      "RequestBody": null,
      "StatusCode": 201,
      "ResponseHeaders": {
        "Date": "Tue, 18 Jan 2022 20:02:16 GMT",
        "ETag": "\u00220x8D9DABD6D7526B7\u0022",
        "Last-Modified": "Tue, 18 Jan 2022 20:02:16 GMT",
        "Transfer-Encoding": "chunked",
        "x-ms-client-request-id": "b11f2083-135e-951d-037d-293f54349f5b",
        "x-ms-request-id": "117a402a-b01e-0009-26a6-0c3c4a000000",
        "x-ms-version": "2021-06-08"
      },
      "ResponseBody": []
    },
    {
      "RequestUri": "https://s9axscnapby3pev24a.dfs.preprod.core.windows.net/test-filesystem-cf275525-1135-0219-26f5-e7d9e7806b3e/test-directory-369c04bb-847c-2808-5906-43ddcce1fea6?resource=directory",
      "RequestMethod": "PUT",
      "RequestHeaders": {
        "Accept": "application/json",
        "Authorization": "Sanitized",
        "traceparent": "00-b1cfb77f0d413501fe0d241799161493-16789f3775b1d497-00",
        "User-Agent": [
          "azsdk-net-Storage.Files.DataLake/12.9.0-alpha.20220118.1",
          "(.NET 6.0.1; Microsoft Windows 10.0.19044)"
        ],
        "x-ms-client-request-id": "ff7ce9b8-fce3-fe7c-17f7-5757d040c921",
        "x-ms-date": "Tue, 18 Jan 2022 20:02:17 GMT",
        "x-ms-return-client-request-id": "true",
        "x-ms-version": "2021-06-08"
      },
      "RequestBody": null,
      "StatusCode": 201,
      "ResponseHeaders": {
        "Content-Length": "0",
        "Date": "Tue, 18 Jan 2022 20:02:16 GMT",
        "ETag": "\u00220x8D9DABD6D9ACFAF\u0022",
        "Last-Modified": "Tue, 18 Jan 2022 20:02:17 GMT",
        "x-ms-client-request-id": "ff7ce9b8-fce3-fe7c-17f7-5757d040c921",
        "x-ms-request-id": "5f9c35eb-a01f-0003-30a6-0c1608000000",
        "x-ms-request-server-encrypted": "true",
        "x-ms-version": "2021-06-08"
      },
      "ResponseBody": []
    },
    {
      "RequestUri": "https://s9axscnapby3pev24a.dfs.preprod.core.windows.net/test-filesystem-cf275525-1135-0219-26f5-e7d9e7806b3e/test-directory-369c04bb-847c-2808-5906-43ddcce1fea6/test-file-5031d7e6-653f-df79-ee7b-da47faaf72c0?resource=file",
      "RequestMethod": "PUT",
      "RequestHeaders": {
        "Accept": "application/json",
        "Authorization": "Sanitized",
        "traceparent": "00-dfc553be61fe6cba77412eac0def53c3-48215d5672cb1024-00",
        "User-Agent": [
          "azsdk-net-Storage.Files.DataLake/12.9.0-alpha.20220118.1",
          "(.NET 6.0.1; Microsoft Windows 10.0.19044)"
        ],
        "x-ms-client-request-id": "b5e60d6c-0426-d55d-7145-f3e9257bcbc2",
        "x-ms-date": "Tue, 18 Jan 2022 20:02:17 GMT",
        "x-ms-encryption-algorithm": "AES256",
        "x-ms-encryption-key": "Sanitized",
        "x-ms-encryption-key-sha256": "9BAqubnlTYzwt9MR/NKdHm0MNQOpVmo3TAiIQz\u002BJf2k=",
        "x-ms-return-client-request-id": "true",
        "x-ms-version": "2021-06-08"
      },
      "RequestBody": null,
      "StatusCode": 201,
      "ResponseHeaders": {
        "Content-Length": "0",
        "Date": "Tue, 18 Jan 2022 20:02:16 GMT",
        "ETag": "\u00220x8D9DABD6DA6B8D5\u0022",
        "Last-Modified": "Tue, 18 Jan 2022 20:02:17 GMT",
        "x-ms-client-request-id": "b5e60d6c-0426-d55d-7145-f3e9257bcbc2",
        "x-ms-encryption-key-sha256": "9BAqubnlTYzwt9MR/NKdHm0MNQOpVmo3TAiIQz\u002BJf2k=",
        "x-ms-request-id": "5f9c35ec-a01f-0003-31a6-0c1608000000",
        "x-ms-request-server-encrypted": "true",
        "x-ms-version": "2021-06-08"
      },
      "ResponseBody": []
    },
    {
      "RequestUri": "https://s9axscnapby3pev24a.blob.preprod.core.windows.net/test-filesystem-cf275525-1135-0219-26f5-e7d9e7806b3e/test-directory-369c04bb-847c-2808-5906-43ddcce1fea6/test-file-5031d7e6-653f-df79-ee7b-da47faaf72c0",
      "RequestMethod": "HEAD",
      "RequestHeaders": {
        "Accept": "application/xml",
        "Authorization": "Sanitized",
        "traceparent": "00-421a53e2dd7df4e9956f818ecd28b5d9-4cc80d4e49f03117-00",
        "User-Agent": [
          "azsdk-net-Storage.Files.DataLake/12.9.0-alpha.20220118.1",
          "(.NET 6.0.1; Microsoft Windows 10.0.19044)"
        ],
        "x-ms-client-request-id": "edda3edd-bcc8-9d9a-5c46-74d5f2d35944",
        "x-ms-date": "Tue, 18 Jan 2022 20:02:17 GMT",
        "x-ms-encryption-algorithm": "AES256",
        "x-ms-encryption-key": "Sanitized",
        "x-ms-encryption-key-sha256": "9BAqubnlTYzwt9MR/NKdHm0MNQOpVmo3TAiIQz\u002BJf2k=",
        "x-ms-return-client-request-id": "true",
        "x-ms-version": "2021-06-08"
      },
      "RequestBody": null,
      "StatusCode": 200,
      "ResponseHeaders": {
        "Accept-Ranges": "bytes",
        "Content-Length": "0",
        "Content-Type": "application/octet-stream",
        "Date": "Tue, 18 Jan 2022 20:02:16 GMT",
        "ETag": "\u00220x8D9DABD6DA6B8D5\u0022",
        "Last-Modified": "Tue, 18 Jan 2022 20:02:17 GMT",
        "x-ms-access-tier": "Cool",
        "x-ms-access-tier-inferred": "true",
        "x-ms-blob-type": "BlockBlob",
        "x-ms-client-request-id": "edda3edd-bcc8-9d9a-5c46-74d5f2d35944",
        "x-ms-creation-time": "Tue, 18 Jan 2022 20:02:17 GMT",
        "x-ms-encryption-key-sha256": "9BAqubnlTYzwt9MR/NKdHm0MNQOpVmo3TAiIQz\u002BJf2k=",
        "x-ms-group": "$superuser",
        "x-ms-lease-state": "available",
        "x-ms-lease-status": "unlocked",
        "x-ms-owner": "$superuser",
        "x-ms-permissions": "rw-r-----",
        "x-ms-request-id": "117a402c-b01e-0009-27a6-0c3c4a000000",
        "x-ms-resource-type": "file",
        "x-ms-server-encrypted": "true",
        "x-ms-version": "2021-06-08"
      },
      "ResponseBody": []
    },
    {
      "RequestUri": "https://s9axscnapby3pev24a.blob.preprod.core.windows.net/test-filesystem-cf275525-1135-0219-26f5-e7d9e7806b3e?restype=container",
      "RequestMethod": "DELETE",
      "RequestHeaders": {
        "Accept": "application/xml",
        "Authorization": "Sanitized",
        "traceparent": "00-7db0795afe4878020cd8cfab81a0c9b2-ca1759b626c40b3b-00",
        "User-Agent": [
          "azsdk-net-Storage.Files.DataLake/12.9.0-alpha.20220118.1",
          "(.NET 6.0.1; Microsoft Windows 10.0.19044)"
        ],
        "x-ms-client-request-id": "e70b968f-dea1-29fa-542a-4b25d5040d46",
        "x-ms-date": "Tue, 18 Jan 2022 20:02:17 GMT",
        "x-ms-return-client-request-id": "true",
        "x-ms-version": "2021-06-08"
      },
      "RequestBody": null,
      "StatusCode": 202,
      "ResponseHeaders": {
        "Date": "Tue, 18 Jan 2022 20:02:16 GMT",
        "Transfer-Encoding": "chunked",
        "x-ms-client-request-id": "e70b968f-dea1-29fa-542a-4b25d5040d46",
        "x-ms-request-id": "117a402d-b01e-0009-28a6-0c3c4a000000",
        "x-ms-version": "2021-06-08"
      },
      "ResponseBody": []
    }
  ],
  "Variables": {
    "RandomSeed": "1518370354",
    "Storage_TestConfigHierarchicalNamespace": "NamespaceTenant\ns9axscnapby3pev24a\nU2FuaXRpemVk\nhttps://s9axscnapby3pev24a.blob.preprod.core.windows.net\nhttp://s9axscnapby3pev24a.file.core.windows.net\nhttp://s9axscnapby3pev24a.queue.core.windows.net\nhttp://s9axscnapby3pev24a.table.core.windows.net\n\n\n\n\nhttp://s9axscnapby3pev24a-secondary.blob.core.windows.net\nhttp://s9axscnapby3pev24a-secondary.file.core.windows.net\nhttp://s9axscnapby3pev24a-secondary.queue.core.windows.net\nhttp://s9axscnapby3pev24a-secondary.table.core.windows.net\n\nSanitized\n\n\nCloud\nBlobEndpoint=https://s9axscnapby3pev24a.blob.preprod.core.windows.net/;QueueEndpoint=http://s9axscnapby3pev24a.queue.core.windows.net/;FileEndpoint=http://s9axscnapby3pev24a.file.core.windows.net/;BlobSecondaryEndpoint=http://s9axscnapby3pev24a-secondary.blob.core.windows.net/;QueueSecondaryEndpoint=http://s9axscnapby3pev24a-secondary.queue.core.windows.net/;FileSecondaryEndpoint=http://s9axscnapby3pev24a-secondary.file.core.windows.net/;AccountName=s9axscnapby3pev24a;AccountKey=Sanitized\n\n\n"
  }
}