{
  "Entries": [
    {
      "RequestUri": "http://seannse.blob.core.windows.net/test-filesystem-ff283655-51e6-0f2d-dc10-d671703c50c4?restype=container",
      "RequestMethod": "PUT",
      "RequestHeaders": {
        "Authorization": "Sanitized",
        "traceparent": "00-1c56529742eeb645b10473fa989b73fb-a70735172963af48-00",
        "User-Agent": [
          "azsdk-net-Storage.Files.DataLake/12.0.0-dev.20200214.1",
          "(.NET Core 4.6.28325.01; Microsoft Windows 10.0.18363 )"
        ],
        "x-ms-blob-public-access": "container",
        "x-ms-client-request-id": "be303a19-cc84-0c7d-e01b-827eea731c50",
        "x-ms-date": "Fri, 14 Feb 2020 23:01:45 GMT",
        "x-ms-return-client-request-id": "true",
        "x-ms-version": "2019-07-07"
      },
      "RequestBody": null,
      "StatusCode": 201,
      "ResponseHeaders": {
        "Content-Length": "0",
        "Date": "Fri, 14 Feb 2020 23:01:45 GMT",
        "ETag": "\u00220x8D7B1A1DD50FD21\u0022",
        "Last-Modified": "Fri, 14 Feb 2020 23:01:45 GMT",
        "Server": [
          "Windows-Azure-Blob/1.0",
          "Microsoft-HTTPAPI/2.0"
        ],
        "x-ms-client-request-id": "be303a19-cc84-0c7d-e01b-827eea731c50",
        "x-ms-request-id": "711d3494-901e-008e-3f8a-e3a9e9000000",
        "x-ms-version": "2019-07-07"
      },
      "ResponseBody": []
    },
    {
      "RequestUri": "http://seannse.dfs.core.windows.net/test-filesystem-ff283655-51e6-0f2d-dc10-d671703c50c4/test-directory-c3c4118e-11b2-ee94-9b48-fd67f6bfbb11?resource=directory",
      "RequestMethod": "PUT",
      "RequestHeaders": {
        "Authorization": "Sanitized",
        "traceparent": "00-12e683159c5a454992f774debb228265-3afb149718aa7441-00",
        "User-Agent": [
          "azsdk-net-Storage.Files.DataLake/12.0.0-dev.20200214.1",
          "(.NET Core 4.6.28325.01; Microsoft Windows 10.0.18363 )"
        ],
        "x-ms-client-request-id": "41df0962-5f05-084a-a542-233cce161621",
        "x-ms-date": "Fri, 14 Feb 2020 23:01:46 GMT",
        "x-ms-return-client-request-id": "true",
        "x-ms-version": "2019-07-07"
      },
      "RequestBody": null,
      "StatusCode": 201,
      "ResponseHeaders": {
        "Content-Length": "0",
        "Date": "Fri, 14 Feb 2020 23:01:45 GMT",
        "ETag": "\u00220x8D7B1A1DD85F0DC\u0022",
        "Last-Modified": "Fri, 14 Feb 2020 23:01:46 GMT",
        "Server": [
          "Windows-Azure-HDFS/1.0",
          "Microsoft-HTTPAPI/2.0"
        ],
        "x-ms-client-request-id": "41df0962-5f05-084a-a542-233cce161621",
        "x-ms-request-id": "c7490aa4-901f-0008-538a-e36550000000",
        "x-ms-version": "2019-07-07"
      },
      "ResponseBody": []
    },
    {
      "RequestUri": "http://seannse.dfs.core.windows.net/test-filesystem-ff283655-51e6-0f2d-dc10-d671703c50c4/test-directory-c3c4118e-11b2-ee94-9b48-fd67f6bfbb11/test-file-1291705f-e61b-fb44-d135-44b0e16f097e",
      "RequestMethod": "DELETE",
      "RequestHeaders": {
        "Authorization": "Sanitized",
        "traceparent": "00-b8aa7783e1e5a24faae377ad400da6f2-70d391d7d51e6d40-00",
        "User-Agent": [
          "azsdk-net-Storage.Files.DataLake/12.0.0-dev.20200214.1",
          "(.NET Core 4.6.28325.01; Microsoft Windows 10.0.18363 )"
        ],
        "x-ms-client-request-id": "73c60eeb-e38a-7b72-c5e3-6fcf1b992736",
        "x-ms-date": "Fri, 14 Feb 2020 23:01:46 GMT",
        "x-ms-return-client-request-id": "true",
        "x-ms-version": "2019-07-07"
      },
      "RequestBody": null,
      "StatusCode": 404,
      "ResponseHeaders": {
        "Content-Length": "163",
        "Content-Type": "application/json; charset=utf-8",
        "Date": "Fri, 14 Feb 2020 23:01:45 GMT",
        "Server": [
          "Windows-Azure-HDFS/1.0",
          "Microsoft-HTTPAPI/2.0"
        ],
        "x-ms-client-request-id": "73c60eeb-e38a-7b72-c5e3-6fcf1b992736",
        "x-ms-error-code": "PathNotFound",
        "x-ms-request-id": "c7490aae-901f-0008-5d8a-e36550000000",
        "x-ms-version": "2019-07-07"
      },
      "ResponseBody": {
        "error": {
          "code": "PathNotFound",
          "message": "The specified path does not exist.\nRequestId:c7490aae-901f-0008-5d8a-e36550000000\nTime:2020-02-14T23:01:46.1393781Z"
        }
      }
    },
    {
      "RequestUri": "http://seannse.blob.core.windows.net/test-filesystem-ff283655-51e6-0f2d-dc10-d671703c50c4?restype=container",
      "RequestMethod": "DELETE",
      "RequestHeaders": {
        "Authorization": "Sanitized",
        "traceparent": "00-715181672cc74844a22f41ccb4fd1473-431be821d4328b45-00",
        "User-Agent": [
          "azsdk-net-Storage.Files.DataLake/12.0.0-dev.20200214.1",
          "(.NET Core 4.6.28325.01; Microsoft Windows 10.0.18363 )"
        ],
        "x-ms-client-request-id": "d2c4db75-96a9-6ff4-fd89-27fc0a3c71f4",
        "x-ms-date": "Fri, 14 Feb 2020 23:01:46 GMT",
        "x-ms-return-client-request-id": "true",
        "x-ms-version": "2019-07-07"
      },
      "RequestBody": null,
      "StatusCode": 202,
      "ResponseHeaders": {
        "Content-Length": "0",
        "Date": "Fri, 14 Feb 2020 23:01:45 GMT",
        "Server": [
          "Windows-Azure-Blob/1.0",
          "Microsoft-HTTPAPI/2.0"
        ],
        "x-ms-client-request-id": "d2c4db75-96a9-6ff4-fd89-27fc0a3c71f4",
        "x-ms-request-id": "711d35d0-901e-008e-598a-e3a9e9000000",
        "x-ms-version": "2019-07-07"
      },
      "ResponseBody": []
    }
  ],
  "Variables": {
    "RandomSeed": "817667622",
    "Storage_TestConfigHierarchicalNamespace": "NamespaceTenant\nseannse\nU2FuaXRpemVk\nhttp://seannse.blob.core.windows.net\nhttp://seannse.file.core.windows.net\nhttp://seannse.queue.core.windows.net\nhttp://seannse.table.core.windows.net\n\n\n\n\nhttp://seannse-secondary.blob.core.windows.net\nhttp://seannse-secondary.file.core.windows.net\nhttp://seannse-secondary.queue.core.windows.net\nhttp://seannse-secondary.table.core.windows.net\n68390a19-a643-458b-b726-408abf67b4fc\nSanitized\n72f988bf-86f1-41af-91ab-2d7cd011db47\nhttps://login.microsoftonline.com/\nCloud\nBlobEndpoint=http://seannse.blob.core.windows.net/;QueueEndpoint=http://seannse.queue.core.windows.net/;FileEndpoint=http://seannse.file.core.windows.net/;BlobSecondaryEndpoint=http://seannse-secondary.blob.core.windows.net/;QueueSecondaryEndpoint=http://seannse-secondary.queue.core.windows.net/;FileSecondaryEndpoint=http://seannse-secondary.file.core.windows.net/;AccountName=seannse;AccountKey=Sanitized\n"
  }
}