{
  "Entries": [
    {
      "RequestUri": "https://seannse.blob.core.windows.net/test-filesystem-4f24309a-e204-1b6d-3a43-cac9867b6c86?restype=container",
      "RequestMethod": "PUT",
      "RequestHeaders": {
        "Authorization": "Sanitized",
        "traceparent": "00-996323a13fb5744b93a2428093ee8707-9f6062099fd84d4a-00",
        "User-Agent": [
          "azsdk-net-Storage.Files.DataLake/12.7.0-alpha.20210202.1",
          "(.NET 5.0.2; Microsoft Windows 10.0.19042)"
        ],
        "x-ms-blob-public-access": "container",
        "x-ms-client-request-id": "13913336-952a-9c7f-7546-1ec2714d308e",
        "x-ms-date": "Tue, 02 Feb 2021 21:28:15 GMT",
        "x-ms-return-client-request-id": "true",
        "x-ms-version": "2020-06-12"
      },
      "RequestBody": null,
      "StatusCode": 201,
      "ResponseHeaders": {
        "Content-Length": "0",
        "Date": "Tue, 02 Feb 2021 21:28:15 GMT",
        "ETag": "\u00220x8D8C7C173E45533\u0022",
        "Last-Modified": "Tue, 02 Feb 2021 21:28:15 GMT",
        "Server": [
          "Windows-Azure-Blob/1.0",
          "Microsoft-HTTPAPI/2.0"
        ],
        "x-ms-client-request-id": "13913336-952a-9c7f-7546-1ec2714d308e",
        "x-ms-request-id": "822c6038-101e-0016-49aa-f98988000000",
        "x-ms-version": "2020-06-12"
      },
      "ResponseBody": []
    },
    {
      "RequestUri": "https://seannse.dfs.core.windows.net/test-filesystem-4f24309a-e204-1b6d-3a43-cac9867b6c86/test-file-0d2daa75-a893-c4a3-520c-2222dc271c3f?resource=file",
      "RequestMethod": "PUT",
      "RequestHeaders": {
        "Accept": "application/json",
        "Authorization": "Sanitized",
        "traceparent": "00-9722c230f58f8249ab1c83f93303640f-179f7d820467ba42-00",
        "User-Agent": [
          "azsdk-net-Storage.Files.DataLake/12.7.0-alpha.20210202.1",
          "(.NET 5.0.2; Microsoft Windows 10.0.19042)"
        ],
        "x-ms-client-request-id": "54cf77b1-1bcc-8ea2-90cd-c11d725cbf4d",
        "x-ms-date": "Tue, 02 Feb 2021 21:28:15 GMT",
        "x-ms-return-client-request-id": "true",
        "x-ms-version": "2020-06-12"
      },
      "RequestBody": null,
      "StatusCode": 201,
      "ResponseHeaders": {
        "Content-Length": "0",
        "Date": "Tue, 02 Feb 2021 21:28:15 GMT",
        "ETag": "\u00220x8D8C7C1741FA9F7\u0022",
        "Last-Modified": "Tue, 02 Feb 2021 21:28:16 GMT",
        "Server": [
          "Windows-Azure-HDFS/1.0",
          "Microsoft-HTTPAPI/2.0"
        ],
        "x-ms-client-request-id": "54cf77b1-1bcc-8ea2-90cd-c11d725cbf4d",
        "x-ms-request-id": "07c753e8-101f-004b-57aa-f9830c000000",
        "x-ms-version": "2020-06-12"
      },
      "ResponseBody": []
    },
    {
      "RequestUri": "https://seannse.dfs.core.windows.net/test-filesystem-4f24309a-e204-1b6d-3a43-cac9867b6c86/test-file-0d2daa75-a893-c4a3-520c-2222dc271c3f",
      "RequestMethod": "DELETE",
      "RequestHeaders": {
        "Accept": "application/json",
        "Authorization": "Sanitized",
        "If-Modified-Since": "Wed, 03 Feb 2021 21:28:15 GMT",
        "User-Agent": [
          "azsdk-net-Storage.Files.DataLake/12.7.0-alpha.20210202.1",
          "(.NET 5.0.2; Microsoft Windows 10.0.19042)"
        ],
        "x-ms-client-request-id": "65704367-c857-fe73-f203-c11c973d1d83",
        "x-ms-date": "Tue, 02 Feb 2021 21:28:15 GMT",
        "x-ms-return-client-request-id": "true",
        "x-ms-version": "2020-06-12"
      },
      "RequestBody": null,
      "StatusCode": 412,
      "ResponseHeaders": {
        "Content-Length": "200",
        "Content-Type": "application/json; charset=utf-8",
        "Date": "Tue, 02 Feb 2021 21:28:15 GMT",
        "Server": [
          "Windows-Azure-HDFS/1.0",
          "Microsoft-HTTPAPI/2.0"
        ],
        "x-ms-client-request-id": "65704367-c857-fe73-f203-c11c973d1d83",
        "x-ms-error-code": "ConditionNotMet",
        "x-ms-request-id": "07c75401-101f-004b-70aa-f9830c000000",
        "x-ms-version": "2020-06-12"
      },
      "ResponseBody": {
        "error": {
          "code": "ConditionNotMet",
          "message": "The condition specified using HTTP conditional header(s) is not met.\nRequestId:07c75401-101f-004b-70aa-f9830c000000\nTime:2021-02-02T21:28:16.4852451Z"
        }
      }
    },
    {
      "RequestUri": "https://seannse.blob.core.windows.net/test-filesystem-4f24309a-e204-1b6d-3a43-cac9867b6c86?restype=container",
      "RequestMethod": "DELETE",
      "RequestHeaders": {
        "Authorization": "Sanitized",
        "traceparent": "00-6a2a4a4e092ef24690ac8a67dbaa371f-2b412644ab808d4c-00",
        "User-Agent": [
          "azsdk-net-Storage.Files.DataLake/12.7.0-alpha.20210202.1",
          "(.NET 5.0.2; Microsoft Windows 10.0.19042)"
        ],
        "x-ms-client-request-id": "2fb68ac0-59ec-61f5-6ba8-eab81d878511",
        "x-ms-date": "Tue, 02 Feb 2021 21:28:15 GMT",
        "x-ms-return-client-request-id": "true",
        "x-ms-version": "2020-06-12"
      },
      "RequestBody": null,
      "StatusCode": 202,
      "ResponseHeaders": {
        "Content-Length": "0",
        "Date": "Tue, 02 Feb 2021 21:28:16 GMT",
        "Server": [
          "Windows-Azure-Blob/1.0",
          "Microsoft-HTTPAPI/2.0"
        ],
        "x-ms-client-request-id": "2fb68ac0-59ec-61f5-6ba8-eab81d878511",
        "x-ms-request-id": "822c6268-101e-0016-40aa-f98988000000",
        "x-ms-version": "2020-06-12"
      },
      "ResponseBody": []
    },
    {
      "RequestUri": "https://seannse.blob.core.windows.net/test-filesystem-0e87a87f-3418-9ec1-1f9d-92a4c3430ffe?restype=container",
      "RequestMethod": "PUT",
      "RequestHeaders": {
        "Authorization": "Sanitized",
        "traceparent": "00-9f3a7741c8c6244f8afb689b4ce7d380-f3372148876fcb43-00",
        "User-Agent": [
          "azsdk-net-Storage.Files.DataLake/12.7.0-alpha.20210202.1",
          "(.NET 5.0.2; Microsoft Windows 10.0.19042)"
        ],
        "x-ms-blob-public-access": "container",
        "x-ms-client-request-id": "46aff32d-ca6c-8cae-c817-104ec6509e27",
        "x-ms-date": "Tue, 02 Feb 2021 21:28:16 GMT",
        "x-ms-return-client-request-id": "true",
        "x-ms-version": "2020-06-12"
      },
      "RequestBody": null,
      "StatusCode": 201,
      "ResponseHeaders": {
        "Content-Length": "0",
        "Date": "Tue, 02 Feb 2021 21:28:16 GMT",
        "ETag": "\u00220x8D8C7C174747022\u0022",
        "Last-Modified": "Tue, 02 Feb 2021 21:28:16 GMT",
        "Server": [
          "Windows-Azure-Blob/1.0",
          "Microsoft-HTTPAPI/2.0"
        ],
        "x-ms-client-request-id": "46aff32d-ca6c-8cae-c817-104ec6509e27",
        "x-ms-request-id": "d8a0face-501e-005a-28aa-f919b8000000",
        "x-ms-version": "2020-06-12"
      },
      "ResponseBody": []
    },
    {
      "RequestUri": "https://seannse.dfs.core.windows.net/test-filesystem-0e87a87f-3418-9ec1-1f9d-92a4c3430ffe/test-file-238eec99-782a-928a-11bb-5ecac6f6c1b4?resource=file",
      "RequestMethod": "PUT",
      "RequestHeaders": {
        "Accept": "application/json",
        "Authorization": "Sanitized",
        "traceparent": "00-c8a21d779e31b2429a1ddde3e3471092-91bd1a7decc8bf40-00",
        "User-Agent": [
          "azsdk-net-Storage.Files.DataLake/12.7.0-alpha.20210202.1",
          "(.NET 5.0.2; Microsoft Windows 10.0.19042)"
        ],
        "x-ms-client-request-id": "f03145b0-92dc-b520-691d-34b06ce4c5d2",
        "x-ms-date": "Tue, 02 Feb 2021 21:28:16 GMT",
        "x-ms-return-client-request-id": "true",
        "x-ms-version": "2020-06-12"
      },
      "RequestBody": null,
      "StatusCode": 201,
      "ResponseHeaders": {
        "Content-Length": "0",
        "Date": "Tue, 02 Feb 2021 21:28:17 GMT",
        "ETag": "\u00220x8D8C7C174AEA286\u0022",
        "Last-Modified": "Tue, 02 Feb 2021 21:28:17 GMT",
        "Server": [
          "Windows-Azure-HDFS/1.0",
          "Microsoft-HTTPAPI/2.0"
        ],
        "x-ms-client-request-id": "f03145b0-92dc-b520-691d-34b06ce4c5d2",
        "x-ms-request-id": "868d3621-c01f-003a-4baa-f96527000000",
        "x-ms-version": "2020-06-12"
      },
      "ResponseBody": []
    },
    {
      "RequestUri": "https://seannse.dfs.core.windows.net/test-filesystem-0e87a87f-3418-9ec1-1f9d-92a4c3430ffe/test-file-238eec99-782a-928a-11bb-5ecac6f6c1b4",
      "RequestMethod": "DELETE",
      "RequestHeaders": {
        "Accept": "application/json",
        "Authorization": "Sanitized",
        "If-Unmodified-Since": "Mon, 01 Feb 2021 21:28:15 GMT",
        "User-Agent": [
          "azsdk-net-Storage.Files.DataLake/12.7.0-alpha.20210202.1",
          "(.NET 5.0.2; Microsoft Windows 10.0.19042)"
        ],
        "x-ms-client-request-id": "801afeb6-d0c4-55d8-26c2-667794e0f266",
        "x-ms-date": "Tue, 02 Feb 2021 21:28:16 GMT",
        "x-ms-return-client-request-id": "true",
        "x-ms-version": "2020-06-12"
      },
      "RequestBody": null,
      "StatusCode": 412,
      "ResponseHeaders": {
        "Content-Length": "200",
        "Content-Type": "application/json; charset=utf-8",
        "Date": "Tue, 02 Feb 2021 21:28:17 GMT",
        "Server": [
          "Windows-Azure-HDFS/1.0",
          "Microsoft-HTTPAPI/2.0"
        ],
        "x-ms-client-request-id": "801afeb6-d0c4-55d8-26c2-667794e0f266",
        "x-ms-error-code": "ConditionNotMet",
        "x-ms-request-id": "868d363c-c01f-003a-66aa-f96527000000",
        "x-ms-version": "2020-06-12"
      },
      "ResponseBody": {
        "error": {
          "code": "ConditionNotMet",
          "message": "The condition specified using HTTP conditional header(s) is not met.\nRequestId:868d363c-c01f-003a-66aa-f96527000000\nTime:2021-02-02T21:28:17.4067442Z"
        }
      }
    },
    {
      "RequestUri": "https://seannse.blob.core.windows.net/test-filesystem-0e87a87f-3418-9ec1-1f9d-92a4c3430ffe?restype=container",
      "RequestMethod": "DELETE",
      "RequestHeaders": {
        "Authorization": "Sanitized",
        "traceparent": "00-80279ae379ab2c419e69e086a336b27d-f7c9e8537dc31b4d-00",
        "User-Agent": [
          "azsdk-net-Storage.Files.DataLake/12.7.0-alpha.20210202.1",
          "(.NET 5.0.2; Microsoft Windows 10.0.19042)"
        ],
        "x-ms-client-request-id": "6df96c68-44ca-850e-8211-5817681b3c7a",
        "x-ms-date": "Tue, 02 Feb 2021 21:28:16 GMT",
        "x-ms-return-client-request-id": "true",
        "x-ms-version": "2020-06-12"
      },
      "RequestBody": null,
      "StatusCode": 202,
      "ResponseHeaders": {
        "Content-Length": "0",
        "Date": "Tue, 02 Feb 2021 21:28:16 GMT",
        "Server": [
          "Windows-Azure-Blob/1.0",
          "Microsoft-HTTPAPI/2.0"
        ],
        "x-ms-client-request-id": "6df96c68-44ca-850e-8211-5817681b3c7a",
        "x-ms-request-id": "d8a0fb80-501e-005a-46aa-f919b8000000",
        "x-ms-version": "2020-06-12"
      },
      "ResponseBody": []
    },
    {
      "RequestUri": "https://seannse.blob.core.windows.net/test-filesystem-c350703d-3203-31e5-7839-cd623a2b9a60?restype=container",
      "RequestMethod": "PUT",
      "RequestHeaders": {
        "Authorization": "Sanitized",
        "traceparent": "00-832de8d080043046866fafc84427278b-dd85ab3b63cec845-00",
        "User-Agent": [
          "azsdk-net-Storage.Files.DataLake/12.7.0-alpha.20210202.1",
          "(.NET 5.0.2; Microsoft Windows 10.0.19042)"
        ],
        "x-ms-blob-public-access": "container",
        "x-ms-client-request-id": "496f1b24-bc75-364a-86c8-f59076ab4a56",
        "x-ms-date": "Tue, 02 Feb 2021 21:28:16 GMT",
        "x-ms-return-client-request-id": "true",
        "x-ms-version": "2020-06-12"
      },
      "RequestBody": null,
      "StatusCode": 201,
      "ResponseHeaders": {
        "Content-Length": "0",
        "Date": "Tue, 02 Feb 2021 21:28:17 GMT",
        "ETag": "\u00220x8D8C7C174FEEFD0\u0022",
        "Last-Modified": "Tue, 02 Feb 2021 21:28:17 GMT",
        "Server": [
          "Windows-Azure-Blob/1.0",
          "Microsoft-HTTPAPI/2.0"
        ],
        "x-ms-client-request-id": "496f1b24-bc75-364a-86c8-f59076ab4a56",
        "x-ms-request-id": "0527fa84-701e-0096-12aa-f9768e000000",
        "x-ms-version": "2020-06-12"
      },
      "ResponseBody": []
    },
    {
      "RequestUri": "https://seannse.dfs.core.windows.net/test-filesystem-c350703d-3203-31e5-7839-cd623a2b9a60/test-file-4fd5f776-150c-b893-d38a-607032140309?resource=file",
      "RequestMethod": "PUT",
      "RequestHeaders": {
        "Accept": "application/json",
        "Authorization": "Sanitized",
        "traceparent": "00-f089266e7d17f14daa0a6a758b93088d-817bb8019b7b7845-00",
        "User-Agent": [
          "azsdk-net-Storage.Files.DataLake/12.7.0-alpha.20210202.1",
          "(.NET 5.0.2; Microsoft Windows 10.0.19042)"
        ],
        "x-ms-client-request-id": "355aa948-2899-0f8a-88b6-76ea5cd90472",
        "x-ms-date": "Tue, 02 Feb 2021 21:28:17 GMT",
        "x-ms-return-client-request-id": "true",
        "x-ms-version": "2020-06-12"
      },
      "RequestBody": null,
      "StatusCode": 201,
      "ResponseHeaders": {
        "Content-Length": "0",
        "Date": "Tue, 02 Feb 2021 21:28:17 GMT",
        "ETag": "\u00220x8D8C7C1753A041D\u0022",
        "Last-Modified": "Tue, 02 Feb 2021 21:28:18 GMT",
        "Server": [
          "Windows-Azure-HDFS/1.0",
          "Microsoft-HTTPAPI/2.0"
        ],
        "x-ms-client-request-id": "355aa948-2899-0f8a-88b6-76ea5cd90472",
        "x-ms-request-id": "d2da6dfe-501f-0028-53aa-f91ef7000000",
        "x-ms-version": "2020-06-12"
      },
      "ResponseBody": []
    },
    {
      "RequestUri": "https://seannse.dfs.core.windows.net/test-filesystem-c350703d-3203-31e5-7839-cd623a2b9a60/test-file-4fd5f776-150c-b893-d38a-607032140309",
      "RequestMethod": "DELETE",
      "RequestHeaders": {
        "Accept": "application/json",
        "Authorization": "Sanitized",
        "If-Match": "\u0022garbage\u0022",
        "User-Agent": [
          "azsdk-net-Storage.Files.DataLake/12.7.0-alpha.20210202.1",
          "(.NET 5.0.2; Microsoft Windows 10.0.19042)"
        ],
        "x-ms-client-request-id": "8828a83c-cdb9-9870-ac2e-9705da0028f4",
        "x-ms-date": "Tue, 02 Feb 2021 21:28:17 GMT",
        "x-ms-return-client-request-id": "true",
        "x-ms-version": "2020-06-12"
      },
      "RequestBody": null,
      "StatusCode": 412,
      "ResponseHeaders": {
        "Content-Length": "200",
        "Content-Type": "application/json; charset=utf-8",
        "Date": "Tue, 02 Feb 2021 21:28:17 GMT",
        "Server": [
          "Windows-Azure-HDFS/1.0",
          "Microsoft-HTTPAPI/2.0"
        ],
        "x-ms-client-request-id": "8828a83c-cdb9-9870-ac2e-9705da0028f4",
        "x-ms-error-code": "ConditionNotMet",
        "x-ms-request-id": "d2da6e0c-501f-0028-61aa-f91ef7000000",
        "x-ms-version": "2020-06-12"
      },
      "ResponseBody": {
        "error": {
          "code": "ConditionNotMet",
          "message": "The condition specified using HTTP conditional header(s) is not met.\nRequestId:d2da6e0c-501f-0028-61aa-f91ef7000000\nTime:2021-02-02T21:28:18.3102385Z"
        }
      }
    },
    {
      "RequestUri": "https://seannse.blob.core.windows.net/test-filesystem-c350703d-3203-31e5-7839-cd623a2b9a60?restype=container",
      "RequestMethod": "DELETE",
      "RequestHeaders": {
        "Authorization": "Sanitized",
        "traceparent": "00-eaf3fa816b46554780ac7bee3bde96e0-e6fe97c758511f4f-00",
        "User-Agent": [
          "azsdk-net-Storage.Files.DataLake/12.7.0-alpha.20210202.1",
          "(.NET 5.0.2; Microsoft Windows 10.0.19042)"
        ],
        "x-ms-client-request-id": "b4aeae8c-7bb1-f6b9-7b37-933e93944b0b",
        "x-ms-date": "Tue, 02 Feb 2021 21:28:17 GMT",
        "x-ms-return-client-request-id": "true",
        "x-ms-version": "2020-06-12"
      },
      "RequestBody": null,
      "StatusCode": 202,
      "ResponseHeaders": {
        "Content-Length": "0",
        "Date": "Tue, 02 Feb 2021 21:28:18 GMT",
        "Server": [
          "Windows-Azure-Blob/1.0",
          "Microsoft-HTTPAPI/2.0"
        ],
        "x-ms-client-request-id": "b4aeae8c-7bb1-f6b9-7b37-933e93944b0b",
        "x-ms-request-id": "0527fba5-701e-0096-0faa-f9768e000000",
        "x-ms-version": "2020-06-12"
      },
      "ResponseBody": []
    },
    {
      "RequestUri": "https://seannse.blob.core.windows.net/test-filesystem-465f8c27-861b-2d8b-5c0b-7984a427f056?restype=container",
      "RequestMethod": "PUT",
      "RequestHeaders": {
        "Authorization": "Sanitized",
        "traceparent": "00-be167c96321e68459d866f22b67b260d-9b978676dea5b441-00",
        "User-Agent": [
          "azsdk-net-Storage.Files.DataLake/12.7.0-alpha.20210202.1",
          "(.NET 5.0.2; Microsoft Windows 10.0.19042)"
        ],
        "x-ms-blob-public-access": "container",
        "x-ms-client-request-id": "1b211ee8-54f6-06f8-2280-57a601345254",
        "x-ms-date": "Tue, 02 Feb 2021 21:28:17 GMT",
        "x-ms-return-client-request-id": "true",
        "x-ms-version": "2020-06-12"
      },
      "RequestBody": null,
      "StatusCode": 201,
      "ResponseHeaders": {
        "Content-Length": "0",
        "Date": "Tue, 02 Feb 2021 21:28:17 GMT",
        "ETag": "\u00220x8D8C7C17587E475\u0022",
        "Last-Modified": "Tue, 02 Feb 2021 21:28:18 GMT",
        "Server": [
          "Windows-Azure-Blob/1.0",
          "Microsoft-HTTPAPI/2.0"
        ],
        "x-ms-client-request-id": "1b211ee8-54f6-06f8-2280-57a601345254",
        "x-ms-request-id": "a8dc9548-801e-002b-7faa-f9ff93000000",
        "x-ms-version": "2020-06-12"
      },
      "ResponseBody": []
    },
    {
      "RequestUri": "https://seannse.dfs.core.windows.net/test-filesystem-465f8c27-861b-2d8b-5c0b-7984a427f056/test-file-10ab3c47-1f1b-b4b9-4805-d1b85e87b250?resource=file",
      "RequestMethod": "PUT",
      "RequestHeaders": {
        "Accept": "application/json",
        "Authorization": "Sanitized",
        "traceparent": "00-71e04f9a5c2f1c4280dc60ffc2deea81-45b5895f11982648-00",
        "User-Agent": [
          "azsdk-net-Storage.Files.DataLake/12.7.0-alpha.20210202.1",
          "(.NET 5.0.2; Microsoft Windows 10.0.19042)"
        ],
        "x-ms-client-request-id": "3ebcd30f-7960-c95f-646d-d2f18340a79b",
        "x-ms-date": "Tue, 02 Feb 2021 21:28:18 GMT",
        "x-ms-return-client-request-id": "true",
        "x-ms-version": "2020-06-12"
      },
      "RequestBody": null,
      "StatusCode": 201,
      "ResponseHeaders": {
        "Content-Length": "0",
        "Date": "Tue, 02 Feb 2021 21:28:18 GMT",
        "ETag": "\u00220x8D8C7C175BFCB89\u0022",
        "Last-Modified": "Tue, 02 Feb 2021 21:28:19 GMT",
        "Server": [
          "Windows-Azure-HDFS/1.0",
          "Microsoft-HTTPAPI/2.0"
        ],
        "x-ms-client-request-id": "3ebcd30f-7960-c95f-646d-d2f18340a79b",
        "x-ms-request-id": "1c9eeeb4-a01f-0085-34aa-f95282000000",
        "x-ms-version": "2020-06-12"
      },
      "ResponseBody": []
    },
    {
      "RequestUri": "https://seannse.blob.core.windows.net/test-filesystem-465f8c27-861b-2d8b-5c0b-7984a427f056/test-file-10ab3c47-1f1b-b4b9-4805-d1b85e87b250",
      "RequestMethod": "HEAD",
      "RequestHeaders": {
        "Authorization": "Sanitized",
        "User-Agent": [
          "azsdk-net-Storage.Files.DataLake/12.7.0-alpha.20210202.1",
          "(.NET 5.0.2; Microsoft Windows 10.0.19042)"
        ],
        "x-ms-client-request-id": "8ba890ad-74cb-09ef-a0d3-2198016ebb4b",
        "x-ms-date": "Tue, 02 Feb 2021 21:28:18 GMT",
        "x-ms-return-client-request-id": "true",
        "x-ms-version": "2020-06-12"
      },
      "RequestBody": null,
      "StatusCode": 200,
      "ResponseHeaders": {
        "Accept-Ranges": "bytes",
        "Content-Length": "0",
        "Content-Type": "application/octet-stream",
        "Date": "Tue, 02 Feb 2021 21:28:18 GMT",
        "ETag": "\u00220x8D8C7C175BFCB89\u0022",
        "Last-Modified": "Tue, 02 Feb 2021 21:28:19 GMT",
        "Server": [
          "Windows-Azure-Blob/1.0",
          "Microsoft-HTTPAPI/2.0"
        ],
        "x-ms-access-tier": "Hot",
        "x-ms-access-tier-inferred": "true",
        "x-ms-blob-type": "BlockBlob",
        "x-ms-client-request-id": "8ba890ad-74cb-09ef-a0d3-2198016ebb4b",
        "x-ms-creation-time": "Tue, 02 Feb 2021 21:28:19 GMT",
        "x-ms-group": "$superuser",
        "x-ms-lease-state": "available",
        "x-ms-lease-status": "unlocked",
        "x-ms-owner": "$superuser",
        "x-ms-permissions": "rw-r-----",
        "x-ms-request-id": "a8dc960c-801e-002b-2faa-f9ff93000000",
        "x-ms-server-encrypted": "true",
        "x-ms-version": "2020-06-12"
      },
      "ResponseBody": []
    },
    {
      "RequestUri": "https://seannse.dfs.core.windows.net/test-filesystem-465f8c27-861b-2d8b-5c0b-7984a427f056/test-file-10ab3c47-1f1b-b4b9-4805-d1b85e87b250",
      "RequestMethod": "DELETE",
      "RequestHeaders": {
        "Accept": "application/json",
        "Authorization": "Sanitized",
        "If-None-Match": "\u00220x8D8C7C175BFCB89\u0022",
        "User-Agent": [
          "azsdk-net-Storage.Files.DataLake/12.7.0-alpha.20210202.1",
          "(.NET 5.0.2; Microsoft Windows 10.0.19042)"
        ],
        "x-ms-client-request-id": "f24326d4-1c97-59cf-171a-62c4aab6726f",
        "x-ms-date": "Tue, 02 Feb 2021 21:28:18 GMT",
        "x-ms-return-client-request-id": "true",
        "x-ms-version": "2020-06-12"
      },
      "RequestBody": null,
      "StatusCode": 412,
      "ResponseHeaders": {
        "Content-Length": "200",
        "Content-Type": "application/json; charset=utf-8",
        "Date": "Tue, 02 Feb 2021 21:28:18 GMT",
        "Server": [
          "Windows-Azure-HDFS/1.0",
          "Microsoft-HTTPAPI/2.0"
        ],
        "x-ms-client-request-id": "f24326d4-1c97-59cf-171a-62c4aab6726f",
        "x-ms-error-code": "ConditionNotMet",
        "x-ms-request-id": "1c9eeec4-a01f-0085-44aa-f95282000000",
        "x-ms-version": "2020-06-12"
      },
      "ResponseBody": {
        "error": {
          "code": "ConditionNotMet",
          "message": "The condition specified using HTTP conditional header(s) is not met.\nRequestId:1c9eeec4-a01f-0085-44aa-f95282000000\nTime:2021-02-02T21:28:19.2741255Z"
        }
      }
    },
    {
      "RequestUri": "https://seannse.blob.core.windows.net/test-filesystem-465f8c27-861b-2d8b-5c0b-7984a427f056?restype=container",
      "RequestMethod": "DELETE",
      "RequestHeaders": {
        "Authorization": "Sanitized",
        "traceparent": "00-caf909d9f6bb81498ddfc7d6fd92dbb9-f7fe3ffb2d488946-00",
        "User-Agent": [
          "azsdk-net-Storage.Files.DataLake/12.7.0-alpha.20210202.1",
          "(.NET 5.0.2; Microsoft Windows 10.0.19042)"
        ],
        "x-ms-client-request-id": "dac3a620-c82a-adb3-9eaa-fd5df3e499ce",
        "x-ms-date": "Tue, 02 Feb 2021 21:28:18 GMT",
        "x-ms-return-client-request-id": "true",
        "x-ms-version": "2020-06-12"
      },
      "RequestBody": null,
      "StatusCode": 202,
      "ResponseHeaders": {
        "Content-Length": "0",
        "Date": "Tue, 02 Feb 2021 21:28:18 GMT",
        "Server": [
          "Windows-Azure-Blob/1.0",
          "Microsoft-HTTPAPI/2.0"
        ],
        "x-ms-client-request-id": "dac3a620-c82a-adb3-9eaa-fd5df3e499ce",
        "x-ms-request-id": "a8dc964b-801e-002b-65aa-f9ff93000000",
        "x-ms-version": "2020-06-12"
      },
      "ResponseBody": []
    },
    {
      "RequestUri": "https://seannse.blob.core.windows.net/test-filesystem-ba41f1d6-0ad6-5196-f3ec-0a32144c441c?restype=container",
      "RequestMethod": "PUT",
      "RequestHeaders": {
        "Authorization": "Sanitized",
        "traceparent": "00-4e31e2904dd9b642ad1a4692d260b581-91c1abfc940ef44a-00",
        "User-Agent": [
          "azsdk-net-Storage.Files.DataLake/12.7.0-alpha.20210202.1",
          "(.NET 5.0.2; Microsoft Windows 10.0.19042)"
        ],
        "x-ms-blob-public-access": "container",
        "x-ms-client-request-id": "22ac39cb-5ab9-1514-0f72-e73ebd809951",
        "x-ms-date": "Tue, 02 Feb 2021 21:28:18 GMT",
        "x-ms-return-client-request-id": "true",
        "x-ms-version": "2020-06-12"
      },
      "RequestBody": null,
      "StatusCode": 201,
      "ResponseHeaders": {
        "Content-Length": "0",
        "Date": "Tue, 02 Feb 2021 21:28:19 GMT",
        "ETag": "\u00220x8D8C7C1761DED1A\u0022",
        "Last-Modified": "Tue, 02 Feb 2021 21:28:19 GMT",
        "Server": [
          "Windows-Azure-Blob/1.0",
          "Microsoft-HTTPAPI/2.0"
        ],
        "x-ms-client-request-id": "22ac39cb-5ab9-1514-0f72-e73ebd809951",
        "x-ms-request-id": "3dbc5cf9-601e-0033-1daa-f920f4000000",
        "x-ms-version": "2020-06-12"
      },
      "ResponseBody": []
    },
    {
      "RequestUri": "https://seannse.dfs.core.windows.net/test-filesystem-ba41f1d6-0ad6-5196-f3ec-0a32144c441c/test-file-7c57e165-9440-3edc-ac58-33a4015ccb1d?resource=file",
      "RequestMethod": "PUT",
      "RequestHeaders": {
        "Accept": "application/json",
        "Authorization": "Sanitized",
        "traceparent": "00-51f64dae24764749a5895e88d70f7282-b88e2d7454f2b541-00",
        "User-Agent": [
          "azsdk-net-Storage.Files.DataLake/12.7.0-alpha.20210202.1",
          "(.NET 5.0.2; Microsoft Windows 10.0.19042)"
        ],
        "x-ms-client-request-id": "a4d4b798-e77e-36c3-5d6e-7661266f13b3",
        "x-ms-date": "Tue, 02 Feb 2021 21:28:19 GMT",
        "x-ms-return-client-request-id": "true",
        "x-ms-version": "2020-06-12"
      },
      "RequestBody": null,
      "StatusCode": 201,
      "ResponseHeaders": {
        "Content-Length": "0",
        "Date": "Tue, 02 Feb 2021 21:28:19 GMT",
        "ETag": "\u00220x8D8C7C17668B3FF\u0022",
        "Last-Modified": "Tue, 02 Feb 2021 21:28:20 GMT",
        "Server": [
          "Windows-Azure-HDFS/1.0",
          "Microsoft-HTTPAPI/2.0"
        ],
        "x-ms-client-request-id": "a4d4b798-e77e-36c3-5d6e-7661266f13b3",
        "x-ms-request-id": "f0bafd99-b01f-000f-05aa-f90933000000",
        "x-ms-version": "2020-06-12"
      },
      "ResponseBody": []
    },
    {
      "RequestUri": "https://seannse.dfs.core.windows.net/test-filesystem-ba41f1d6-0ad6-5196-f3ec-0a32144c441c/test-file-7c57e165-9440-3edc-ac58-33a4015ccb1d",
      "RequestMethod": "DELETE",
      "RequestHeaders": {
        "Accept": "application/json",
        "Authorization": "Sanitized",
        "User-Agent": [
          "azsdk-net-Storage.Files.DataLake/12.7.0-alpha.20210202.1",
          "(.NET 5.0.2; Microsoft Windows 10.0.19042)"
        ],
        "x-ms-client-request-id": "4a0c2d2c-2687-a09f-4330-7e32ab0085f3",
        "x-ms-date": "Tue, 02 Feb 2021 21:28:19 GMT",
        "x-ms-lease-id": "5862e27f-3c05-b617-09e2-30536d1511c4",
        "x-ms-return-client-request-id": "true",
        "x-ms-version": "2020-06-12"
      },
      "RequestBody": null,
      "StatusCode": 412,
      "ResponseHeaders": {
        "Content-Length": "176",
        "Content-Type": "application/json; charset=utf-8",
        "Date": "Tue, 02 Feb 2021 21:28:20 GMT",
        "Server": [
          "Windows-Azure-HDFS/1.0",
          "Microsoft-HTTPAPI/2.0"
        ],
        "x-ms-client-request-id": "4a0c2d2c-2687-a09f-4330-7e32ab0085f3",
        "x-ms-error-code": "LeaseNotPresent",
        "x-ms-request-id": "f0bafdb6-b01f-000f-22aa-f90933000000",
        "x-ms-version": "2020-06-12"
      },
      "ResponseBody": {
        "error": {
          "code": "LeaseNotPresent",
          "message": "There is currently no lease on the resource.\nRequestId:f0bafdb6-b01f-000f-22aa-f90933000000\nTime:2021-02-02T21:28:20.2987024Z"
        }
      }
    },
    {
      "RequestUri": "https://seannse.blob.core.windows.net/test-filesystem-ba41f1d6-0ad6-5196-f3ec-0a32144c441c?restype=container",
      "RequestMethod": "DELETE",
      "RequestHeaders": {
        "Authorization": "Sanitized",
        "traceparent": "00-07567241e4684144b47db7371bea7dd1-93fc5cc950b20f4a-00",
        "User-Agent": [
          "azsdk-net-Storage.Files.DataLake/12.7.0-alpha.20210202.1",
          "(.NET 5.0.2; Microsoft Windows 10.0.19042)"
        ],
        "x-ms-client-request-id": "f834d0e1-c962-7f2b-2a15-72e83f7f987e",
        "x-ms-date": "Tue, 02 Feb 2021 21:28:19 GMT",
        "x-ms-return-client-request-id": "true",
        "x-ms-version": "2020-06-12"
      },
      "RequestBody": null,
      "StatusCode": 202,
      "ResponseHeaders": {
        "Content-Length": "0",
        "Date": "Tue, 02 Feb 2021 21:28:20 GMT",
        "Server": [
          "Windows-Azure-Blob/1.0",
          "Microsoft-HTTPAPI/2.0"
        ],
        "x-ms-client-request-id": "f834d0e1-c962-7f2b-2a15-72e83f7f987e",
        "x-ms-request-id": "3dbc5e70-601e-0033-4eaa-f920f4000000",
        "x-ms-version": "2020-06-12"
      },
      "ResponseBody": []
    }
  ],
  "Variables": {
    "DateTimeOffsetNow": "2021-02-02T15:28:15.0548526-06:00",
    "RandomSeed": "1298174292",
    "Storage_TestConfigHierarchicalNamespace": "NamespaceTenant\nseannse\nU2FuaXRpemVk\nhttps://seannse.blob.core.windows.net\nhttps://seannse.file.core.windows.net\nhttps://seannse.queue.core.windows.net\nhttps://seannse.table.core.windows.net\n\n\n\n\nhttps://seannse-secondary.blob.core.windows.net\nhttps://seannse-secondary.file.core.windows.net\nhttps://seannse-secondary.queue.core.windows.net\nhttps://seannse-secondary.table.core.windows.net\n68390a19-a643-458b-b726-408abf67b4fc\nSanitized\n72f988bf-86f1-41af-91ab-2d7cd011db47\nhttps://login.microsoftonline.com/\nCloud\nBlobEndpoint=https://seannse.blob.core.windows.net/;QueueEndpoint=https://seannse.queue.core.windows.net/;FileEndpoint=https://seannse.file.core.windows.net/;BlobSecondaryEndpoint=https://seannse-secondary.blob.core.windows.net/;QueueSecondaryEndpoint=https://seannse-secondary.queue.core.windows.net/;FileSecondaryEndpoint=https://seannse-secondary.file.core.windows.net/;AccountName=seannse;AccountKey=Sanitized\n"
  }
}