{
  "Entries": [
    {
      "RequestUri": "http://amandaadlscanary.blob.core.windows.net/test-filesystem-9367d0bb-6788-8fb1-7b0f-3c5c8954f239?restype=container",
      "RequestMethod": "PUT",
      "RequestHeaders": {
        "Authorization": "Sanitized",
        "traceparent": "00-e2fc30e40554e6418e36cd20de014f0c-026dfba6f6e5ed45-00",
        "User-Agent": [
          "azsdk-net-Storage.Files.DataLake/12.2.0-dev.20200426.1",
          "(.NET Core 4.6.28619.01; Microsoft Windows 10.0.18363 )"
        ],
        "x-ms-blob-public-access": "container",
        "x-ms-client-request-id": "bfbb7090-37e5-4c98-11b7-85e250ab4787",
        "x-ms-date": "Mon, 27 Apr 2020 04:54:32 GMT",
        "x-ms-return-client-request-id": "true",
        "x-ms-version": "2019-12-12"
      },
      "RequestBody": null,
      "StatusCode": 201,
      "ResponseHeaders": {
        "Content-Length": "0",
        "Date": "Mon, 27 Apr 2020 04:54:32 GMT",
        "ETag": "\u00220x8D7EA6713AD696E\u0022",
        "Last-Modified": "Mon, 27 Apr 2020 04:54:32 GMT",
        "Server": [
          "Windows-Azure-Blob/1.0",
          "Microsoft-HTTPAPI/2.0"
        ],
        "x-ms-client-request-id": "bfbb7090-37e5-4c98-11b7-85e250ab4787",
        "x-ms-request-id": "01166e46-c01e-00c2-074f-1cb0a7000000",
        "x-ms-version": "2019-12-12"
      },
      "ResponseBody": []
    },
    {
      "RequestUri": "http://amandaadlscanary.dfs.core.windows.net/test-filesystem-9367d0bb-6788-8fb1-7b0f-3c5c8954f239/test-directory-72e88a37-f5e8-96f4-9688-eb1047b99819?resource=directory",
      "RequestMethod": "PUT",
      "RequestHeaders": {
        "Authorization": "Sanitized",
        "traceparent": "00-8ab13bea6b628a438f5ce2de2ad1b457-24aa35b879bdbe4a-00",
        "User-Agent": [
          "azsdk-net-Storage.Files.DataLake/12.2.0-dev.20200426.1",
          "(.NET Core 4.6.28619.01; Microsoft Windows 10.0.18363 )"
        ],
        "x-ms-client-request-id": "6cbf982f-bd79-9be5-7b25-285d4b870457",
        "x-ms-date": "Mon, 27 Apr 2020 04:54:32 GMT",
        "x-ms-return-client-request-id": "true",
        "x-ms-version": "2019-12-12"
      },
      "RequestBody": null,
      "StatusCode": 201,
      "ResponseHeaders": {
        "Content-Length": "0",
        "Date": "Mon, 27 Apr 2020 04:54:32 GMT",
        "ETag": "\u00220x8D7EA6713BCF1C9\u0022",
        "Last-Modified": "Mon, 27 Apr 2020 04:54:32 GMT",
        "Server": [
          "Windows-Azure-HDFS/1.0",
          "Microsoft-HTTPAPI/2.0"
        ],
        "x-ms-client-request-id": "6cbf982f-bd79-9be5-7b25-285d4b870457",
        "x-ms-request-id": "e519f5f7-701f-00e8-2c4f-1c6fb7000000",
        "x-ms-version": "2019-12-12"
      },
      "ResponseBody": []
    },
    {
      "RequestUri": "http://amandaadlscanary.dfs.core.windows.net/test-filesystem-9367d0bb-6788-8fb1-7b0f-3c5c8954f239/test-directory-72e88a37-f5e8-96f4-9688-eb1047b99819/test-file-e1026b1e-2edf-04ef-362c-6dee7fbff83e",
      "RequestMethod": "DELETE",
      "RequestHeaders": {
        "Authorization": "Sanitized",
        "User-Agent": [
          "azsdk-net-Storage.Files.DataLake/12.2.0-dev.20200426.1",
          "(.NET Core 4.6.28619.01; Microsoft Windows 10.0.18363 )"
        ],
        "x-ms-client-request-id": "32161ef4-ac55-011c-a9bb-354d50f61bbb",
        "x-ms-date": "Mon, 27 Apr 2020 04:54:33 GMT",
        "x-ms-return-client-request-id": "true",
        "x-ms-version": "2019-12-12"
      },
      "RequestBody": null,
      "StatusCode": 404,
      "ResponseHeaders": {
        "Content-Length": "163",
        "Content-Type": "application/json; charset=utf-8",
        "Date": "Mon, 27 Apr 2020 04:54:32 GMT",
        "Server": [
          "Windows-Azure-HDFS/1.0",
          "Microsoft-HTTPAPI/2.0"
        ],
        "x-ms-client-request-id": "32161ef4-ac55-011c-a9bb-354d50f61bbb",
        "x-ms-error-code": "PathNotFound",
        "x-ms-request-id": "e519f5f8-701f-00e8-2d4f-1c6fb7000000",
        "x-ms-version": "2019-12-12"
      },
      "ResponseBody": {
        "error": {
          "code": "PathNotFound",
          "message": "The specified path does not exist.\nRequestId:e519f5f8-701f-00e8-2d4f-1c6fb7000000\nTime:2020-04-27T04:54:33.0655597Z"
        }
      }
    },
    {
      "RequestUri": "http://amandaadlscanary.blob.core.windows.net/test-filesystem-9367d0bb-6788-8fb1-7b0f-3c5c8954f239?restype=container",
      "RequestMethod": "DELETE",
      "RequestHeaders": {
        "Authorization": "Sanitized",
        "traceparent": "00-7733a8f1c450804b9a514d0f384e37a5-21235dab0e68374b-00",
        "User-Agent": [
          "azsdk-net-Storage.Files.DataLake/12.2.0-dev.20200426.1",
          "(.NET Core 4.6.28619.01; Microsoft Windows 10.0.18363 )"
        ],
        "x-ms-client-request-id": "60faefba-c5a8-4de9-d3df-043ff652d192",
        "x-ms-date": "Mon, 27 Apr 2020 04:54:33 GMT",
        "x-ms-return-client-request-id": "true",
        "x-ms-version": "2019-12-12"
      },
      "RequestBody": null,
      "StatusCode": 202,
      "ResponseHeaders": {
        "Content-Length": "0",
        "Date": "Mon, 27 Apr 2020 04:54:32 GMT",
        "Server": [
          "Windows-Azure-Blob/1.0",
          "Microsoft-HTTPAPI/2.0"
        ],
        "x-ms-client-request-id": "60faefba-c5a8-4de9-d3df-043ff652d192",
        "x-ms-request-id": "01166e6e-c01e-00c2-274f-1cb0a7000000",
        "x-ms-version": "2019-12-12"
      },
      "ResponseBody": []
    }
  ],
  "Variables": {
    "RandomSeed": "1362853583",
    "Storage_TestConfigHierarchicalNamespace": "NamespaceTenant\namandaadlscanary\nU2FuaXRpemVk\nhttp://amandaadlscanary.blob.core.windows.net\nhttp://amandaadlscanary.file.core.windows.net\nhttp://amandaadlscanary.queue.core.windows.net\nhttp://amandaadlscanary.table.core.windows.net\n\n\n\n\nhttp://amandaadlscanary-secondary.blob.core.windows.net\nhttp://amandaadlscanary-secondary.file.core.windows.net\nhttp://amandaadlscanary-secondary.queue.core.windows.net\nhttp://amandaadlscanary-secondary.table.core.windows.net\n68390a19-a643-458b-b726-408abf67b4fc\nSanitized\n72f988bf-86f1-41af-91ab-2d7cd011db47\nhttps://login.microsoftonline.com/\nCloud\nBlobEndpoint=http://amandaadlscanary.blob.core.windows.net/;QueueEndpoint=http://amandaadlscanary.queue.core.windows.net/;FileEndpoint=http://amandaadlscanary.file.core.windows.net/;BlobSecondaryEndpoint=http://amandaadlscanary-secondary.blob.core.windows.net/;QueueSecondaryEndpoint=http://amandaadlscanary-secondary.queue.core.windows.net/;FileSecondaryEndpoint=http://amandaadlscanary-secondary.file.core.windows.net/;AccountName=amandaadlscanary;AccountKey=Sanitized\n\n\n"
  }
}