{
  "Entries": [
    {
      "RequestUri": "https://seannse.blob.core.windows.net/test-filesystem-413cc98d-4891-d371-7825-d0cba06c14ba?restype=container",
      "RequestMethod": "PUT",
      "RequestHeaders": {
        "Accept": "application/xml",
        "Authorization": "Sanitized",
        "traceparent": "00-28d3768be732d748978f9b4ce9562c99-68359c000cd22444-00",
        "User-Agent": [
          "azsdk-net-Storage.Files.DataLake/12.7.0-alpha.20210217.1",
          "(.NET 5.0.3; Microsoft Windows 10.0.19042)"
        ],
        "x-ms-blob-public-access": "container",
        "x-ms-client-request-id": "56fa3c0a-bdff-eff3-f6d4-02e6afec6e86",
        "x-ms-date": "Wed, 17 Feb 2021 22:25:56 GMT",
        "x-ms-return-client-request-id": "true",
        "x-ms-version": "2020-06-12"
      },
      "RequestBody": null,
      "StatusCode": 201,
      "ResponseHeaders": {
        "Content-Length": "0",
        "Date": "Wed, 17 Feb 2021 22:25:56 GMT",
        "ETag": "\u00220x8D8D392FEC34607\u0022",
        "Last-Modified": "Wed, 17 Feb 2021 22:25:56 GMT",
        "Server": [
          "Windows-Azure-Blob/1.0",
          "Microsoft-HTTPAPI/2.0"
        ],
        "x-ms-client-request-id": "56fa3c0a-bdff-eff3-f6d4-02e6afec6e86",
        "x-ms-request-id": "1f144c45-301e-00a8-107b-05e1f1000000",
        "x-ms-version": "2020-06-12"
      },
      "ResponseBody": []
    },
    {
      "RequestUri": "https://seannse.dfs.core.windows.net/test-filesystem-413cc98d-4891-d371-7825-d0cba06c14ba/test-file-a40b6c0a-5775-28f8-da3d-65b8928316f0?resource=file",
      "RequestMethod": "PUT",
      "RequestHeaders": {
        "Authorization": "Sanitized",
        "traceparent": "00-6f1f54c73de9ab408699be0a1001e11f-8286e369ad75d048-00",
        "User-Agent": [
          "azsdk-net-Storage.Files.DataLake/12.7.0-alpha.20210217.1",
          "(.NET 5.0.3; Microsoft Windows 10.0.19042)"
        ],
        "x-ms-client-request-id": "50e32f6a-a07c-b23f-43d1-7cc2573a5c73",
        "x-ms-date": "Wed, 17 Feb 2021 22:25:56 GMT",
        "x-ms-return-client-request-id": "true",
        "x-ms-version": "2020-06-12"
      },
      "RequestBody": null,
      "StatusCode": 201,
      "ResponseHeaders": {
        "Content-Length": "0",
        "Date": "Wed, 17 Feb 2021 22:25:56 GMT",
        "ETag": "\u00220x8D8D392FEF8D0F7\u0022",
        "Last-Modified": "Wed, 17 Feb 2021 22:25:56 GMT",
        "Server": [
          "Windows-Azure-HDFS/1.0",
          "Microsoft-HTTPAPI/2.0"
        ],
        "x-ms-client-request-id": "50e32f6a-a07c-b23f-43d1-7cc2573a5c73",
        "x-ms-request-id": "e0410d8d-201f-008b-2d7b-057b32000000",
        "x-ms-version": "2020-06-12"
      },
      "ResponseBody": []
    },
    {
      "RequestUri": "https://seannse.dfs.core.windows.net/test-filesystem-413cc98d-4891-d371-7825-d0cba06c14ba/test-file-a40b6c0a-5775-28f8-da3d-65b8928316f0",
      "RequestMethod": "DELETE",
      "RequestHeaders": {
        "Authorization": "Sanitized",
        "User-Agent": [
          "azsdk-net-Storage.Files.DataLake/12.7.0-alpha.20210217.1",
          "(.NET 5.0.3; Microsoft Windows 10.0.19042)"
        ],
        "x-ms-client-request-id": "634e76ec-c59f-4173-dc0e-21a040f80b58",
        "x-ms-date": "Wed, 17 Feb 2021 22:25:57 GMT",
        "x-ms-return-client-request-id": "true",
        "x-ms-version": "2020-06-12"
      },
      "RequestBody": null,
      "StatusCode": 200,
      "ResponseHeaders": {
        "Content-Length": "0",
        "Date": "Wed, 17 Feb 2021 22:25:56 GMT",
        "Server": [
          "Windows-Azure-HDFS/1.0",
          "Microsoft-HTTPAPI/2.0"
        ],
        "x-ms-client-request-id": "634e76ec-c59f-4173-dc0e-21a040f80b58",
        "x-ms-request-id": "e0410d9b-201f-008b-3b7b-057b32000000",
        "x-ms-version": "2020-06-12"
      },
      "ResponseBody": []
    },
    {
      "RequestUri": "https://seannse.blob.core.windows.net/test-filesystem-413cc98d-4891-d371-7825-d0cba06c14ba?restype=container",
      "RequestMethod": "DELETE",
      "RequestHeaders": {
        "Accept": "application/xml",
        "Authorization": "Sanitized",
        "traceparent": "00-33e408f03c042747942c46a4e79eef42-ae565de340c04644-00",
        "User-Agent": [
          "azsdk-net-Storage.Files.DataLake/12.7.0-alpha.20210217.1",
          "(.NET 5.0.3; Microsoft Windows 10.0.19042)"
        ],
        "x-ms-client-request-id": "e1d5aa0b-f9ec-f8d3-9ec4-b61ce7730bb8",
        "x-ms-date": "Wed, 17 Feb 2021 22:25:57 GMT",
        "x-ms-return-client-request-id": "true",
        "x-ms-version": "2020-06-12"
      },
      "RequestBody": null,
      "StatusCode": 202,
      "ResponseHeaders": {
        "Content-Length": "0",
        "Date": "Wed, 17 Feb 2021 22:25:56 GMT",
        "Server": [
          "Windows-Azure-Blob/1.0",
          "Microsoft-HTTPAPI/2.0"
        ],
        "x-ms-client-request-id": "e1d5aa0b-f9ec-f8d3-9ec4-b61ce7730bb8",
        "x-ms-request-id": "1f144e97-301e-00a8-257b-05e1f1000000",
        "x-ms-version": "2020-06-12"
      },
      "ResponseBody": []
    },
    {
      "RequestUri": "https://seannse.blob.core.windows.net/test-filesystem-19d6b89c-764a-2fcf-b2ed-4709269eb294?restype=container",
      "RequestMethod": "PUT",
      "RequestHeaders": {
        "Accept": "application/xml",
        "Authorization": "Sanitized",
        "traceparent": "00-735799135ff49a4e9f83ea2a6b3ca570-e559c2334bb9754c-00",
        "User-Agent": [
          "azsdk-net-Storage.Files.DataLake/12.7.0-alpha.20210217.1",
          "(.NET 5.0.3; Microsoft Windows 10.0.19042)"
        ],
        "x-ms-blob-public-access": "container",
        "x-ms-client-request-id": "d637e68a-9a71-94b5-dba5-2effb2cad200",
        "x-ms-date": "Wed, 17 Feb 2021 22:25:57 GMT",
        "x-ms-return-client-request-id": "true",
        "x-ms-version": "2020-06-12"
      },
      "RequestBody": null,
      "StatusCode": 201,
      "ResponseHeaders": {
        "Content-Length": "0",
        "Date": "Wed, 17 Feb 2021 22:25:56 GMT",
        "ETag": "\u00220x8D8D392FF468ECD\u0022",
        "Last-Modified": "Wed, 17 Feb 2021 22:25:57 GMT",
        "Server": [
          "Windows-Azure-Blob/1.0",
          "Microsoft-HTTPAPI/2.0"
        ],
        "x-ms-client-request-id": "d637e68a-9a71-94b5-dba5-2effb2cad200",
        "x-ms-request-id": "93ee6a3c-c01e-0058-257b-05a700000000",
        "x-ms-version": "2020-06-12"
      },
      "ResponseBody": []
    },
    {
      "RequestUri": "https://seannse.dfs.core.windows.net/test-filesystem-19d6b89c-764a-2fcf-b2ed-4709269eb294/test-file-c6c12112-75dd-7295-4daf-074ac490290b?resource=file",
      "RequestMethod": "PUT",
      "RequestHeaders": {
        "Authorization": "Sanitized",
        "traceparent": "00-5d00e6bc6c72c84c96fe3d14bd34e2d8-fc53e3623f805648-00",
        "User-Agent": [
          "azsdk-net-Storage.Files.DataLake/12.7.0-alpha.20210217.1",
          "(.NET 5.0.3; Microsoft Windows 10.0.19042)"
        ],
        "x-ms-client-request-id": "e42cb12d-b2e5-15ca-50c4-88c1936ad04a",
        "x-ms-date": "Wed, 17 Feb 2021 22:25:57 GMT",
        "x-ms-return-client-request-id": "true",
        "x-ms-version": "2020-06-12"
      },
      "RequestBody": null,
      "StatusCode": 201,
      "ResponseHeaders": {
        "Content-Length": "0",
        "Date": "Wed, 17 Feb 2021 22:25:57 GMT",
        "ETag": "\u00220x8D8D392FF7B7CEC\u0022",
        "Last-Modified": "Wed, 17 Feb 2021 22:25:57 GMT",
        "Server": [
          "Windows-Azure-HDFS/1.0",
          "Microsoft-HTTPAPI/2.0"
        ],
        "x-ms-client-request-id": "e42cb12d-b2e5-15ca-50c4-88c1936ad04a",
        "x-ms-request-id": "1d78a6fd-f01f-001e-247b-059387000000",
        "x-ms-version": "2020-06-12"
      },
      "ResponseBody": []
    },
    {
      "RequestUri": "https://seannse.dfs.core.windows.net/test-filesystem-19d6b89c-764a-2fcf-b2ed-4709269eb294/test-file-c6c12112-75dd-7295-4daf-074ac490290b",
      "RequestMethod": "DELETE",
      "RequestHeaders": {
        "Authorization": "Sanitized",
        "If-Modified-Since": "Tue, 16 Feb 2021 22:25:56 GMT",
        "User-Agent": [
          "azsdk-net-Storage.Files.DataLake/12.7.0-alpha.20210217.1",
          "(.NET 5.0.3; Microsoft Windows 10.0.19042)"
        ],
        "x-ms-client-request-id": "131dbf3b-4464-c126-d569-eea152622d00",
        "x-ms-date": "Wed, 17 Feb 2021 22:25:57 GMT",
        "x-ms-return-client-request-id": "true",
        "x-ms-version": "2020-06-12"
      },
      "RequestBody": null,
      "StatusCode": 200,
      "ResponseHeaders": {
        "Content-Length": "0",
        "Date": "Wed, 17 Feb 2021 22:25:57 GMT",
        "Server": [
          "Windows-Azure-HDFS/1.0",
          "Microsoft-HTTPAPI/2.0"
        ],
        "x-ms-client-request-id": "131dbf3b-4464-c126-d569-eea152622d00",
        "x-ms-request-id": "1d78a711-f01f-001e-387b-059387000000",
        "x-ms-version": "2020-06-12"
      },
      "ResponseBody": []
    },
    {
      "RequestUri": "https://seannse.blob.core.windows.net/test-filesystem-19d6b89c-764a-2fcf-b2ed-4709269eb294?restype=container",
      "RequestMethod": "DELETE",
      "RequestHeaders": {
        "Accept": "application/xml",
        "Authorization": "Sanitized",
        "traceparent": "00-bdc079f03de4544795002ba2a600cdf2-d4f2039380a64443-00",
        "User-Agent": [
          "azsdk-net-Storage.Files.DataLake/12.7.0-alpha.20210217.1",
          "(.NET 5.0.3; Microsoft Windows 10.0.19042)"
        ],
        "x-ms-client-request-id": "d486a74c-bd4d-37e6-fcca-3de2a3f7e39c",
        "x-ms-date": "Wed, 17 Feb 2021 22:25:58 GMT",
        "x-ms-return-client-request-id": "true",
        "x-ms-version": "2020-06-12"
      },
      "RequestBody": null,
      "StatusCode": 202,
      "ResponseHeaders": {
        "Content-Length": "0",
        "Date": "Wed, 17 Feb 2021 22:25:57 GMT",
        "Server": [
          "Windows-Azure-Blob/1.0",
          "Microsoft-HTTPAPI/2.0"
        ],
        "x-ms-client-request-id": "d486a74c-bd4d-37e6-fcca-3de2a3f7e39c",
        "x-ms-request-id": "93ee6ac3-c01e-0058-1e7b-05a700000000",
        "x-ms-version": "2020-06-12"
      },
      "ResponseBody": []
    },
    {
      "RequestUri": "https://seannse.blob.core.windows.net/test-filesystem-4aad5ad3-9f16-d902-c281-fb6e5e4269e8?restype=container",
      "RequestMethod": "PUT",
      "RequestHeaders": {
        "Accept": "application/xml",
        "Authorization": "Sanitized",
        "traceparent": "00-048780f178a8bd4daeb8fb3e2adeb8ed-cd7721d70b20f248-00",
        "User-Agent": [
          "azsdk-net-Storage.Files.DataLake/12.7.0-alpha.20210217.1",
          "(.NET 5.0.3; Microsoft Windows 10.0.19042)"
        ],
        "x-ms-blob-public-access": "container",
        "x-ms-client-request-id": "fd114912-103f-ad23-a4ad-11ccc178d8b9",
        "x-ms-date": "Wed, 17 Feb 2021 22:25:58 GMT",
        "x-ms-return-client-request-id": "true",
        "x-ms-version": "2020-06-12"
      },
      "RequestBody": null,
      "StatusCode": 201,
      "ResponseHeaders": {
        "Content-Length": "0",
        "Date": "Wed, 17 Feb 2021 22:25:58 GMT",
        "ETag": "\u00220x8D8D392FFCA76E2\u0022",
        "Last-Modified": "Wed, 17 Feb 2021 22:25:58 GMT",
        "Server": [
          "Windows-Azure-Blob/1.0",
          "Microsoft-HTTPAPI/2.0"
        ],
        "x-ms-client-request-id": "fd114912-103f-ad23-a4ad-11ccc178d8b9",
        "x-ms-request-id": "aeda405b-d01e-009f-247b-05335d000000",
        "x-ms-version": "2020-06-12"
      },
      "ResponseBody": []
    },
    {
      "RequestUri": "https://seannse.dfs.core.windows.net/test-filesystem-4aad5ad3-9f16-d902-c281-fb6e5e4269e8/test-file-eed35461-37a2-79c0-a739-c04cc3edb4a8?resource=file",
      "RequestMethod": "PUT",
      "RequestHeaders": {
        "Authorization": "Sanitized",
        "traceparent": "00-dbe2f743f77b384b884523b5112bceb4-8d8200de080e834d-00",
        "User-Agent": [
          "azsdk-net-Storage.Files.DataLake/12.7.0-alpha.20210217.1",
          "(.NET 5.0.3; Microsoft Windows 10.0.19042)"
        ],
        "x-ms-client-request-id": "cfb322f1-0947-db7d-8997-56064fd6e9b7",
        "x-ms-date": "Wed, 17 Feb 2021 22:25:58 GMT",
        "x-ms-return-client-request-id": "true",
        "x-ms-version": "2020-06-12"
      },
      "RequestBody": null,
      "StatusCode": 201,
      "ResponseHeaders": {
        "Content-Length": "0",
        "Date": "Wed, 17 Feb 2021 22:25:58 GMT",
        "ETag": "\u00220x8D8D3930002D515\u0022",
        "Last-Modified": "Wed, 17 Feb 2021 22:25:58 GMT",
        "Server": [
          "Windows-Azure-HDFS/1.0",
          "Microsoft-HTTPAPI/2.0"
        ],
        "x-ms-client-request-id": "cfb322f1-0947-db7d-8997-56064fd6e9b7",
        "x-ms-request-id": "27a7a4c3-701f-003f-5a7b-05b7fc000000",
        "x-ms-version": "2020-06-12"
      },
      "ResponseBody": []
    },
    {
      "RequestUri": "https://seannse.dfs.core.windows.net/test-filesystem-4aad5ad3-9f16-d902-c281-fb6e5e4269e8/test-file-eed35461-37a2-79c0-a739-c04cc3edb4a8",
      "RequestMethod": "DELETE",
      "RequestHeaders": {
        "Authorization": "Sanitized",
        "If-Unmodified-Since": "Thu, 18 Feb 2021 22:25:56 GMT",
        "User-Agent": [
          "azsdk-net-Storage.Files.DataLake/12.7.0-alpha.20210217.1",
          "(.NET 5.0.3; Microsoft Windows 10.0.19042)"
        ],
        "x-ms-client-request-id": "a05aaf88-e439-8161-5e7f-8b9914a2afbb",
        "x-ms-date": "Wed, 17 Feb 2021 22:25:58 GMT",
        "x-ms-return-client-request-id": "true",
        "x-ms-version": "2020-06-12"
      },
      "RequestBody": null,
      "StatusCode": 200,
      "ResponseHeaders": {
        "Content-Length": "0",
        "Date": "Wed, 17 Feb 2021 22:25:58 GMT",
        "Server": [
          "Windows-Azure-HDFS/1.0",
          "Microsoft-HTTPAPI/2.0"
        ],
        "x-ms-client-request-id": "a05aaf88-e439-8161-5e7f-8b9914a2afbb",
        "x-ms-request-id": "27a7a4c7-701f-003f-5e7b-05b7fc000000",
        "x-ms-version": "2020-06-12"
      },
      "ResponseBody": []
    },
    {
      "RequestUri": "https://seannse.blob.core.windows.net/test-filesystem-4aad5ad3-9f16-d902-c281-fb6e5e4269e8?restype=container",
      "RequestMethod": "DELETE",
      "RequestHeaders": {
        "Accept": "application/xml",
        "Authorization": "Sanitized",
        "traceparent": "00-a72436c6fc054c47a96629122a6c0c69-71c660c60013e244-00",
        "User-Agent": [
          "azsdk-net-Storage.Files.DataLake/12.7.0-alpha.20210217.1",
          "(.NET 5.0.3; Microsoft Windows 10.0.19042)"
        ],
        "x-ms-client-request-id": "9f7d9566-497c-147e-06c0-879d37eee10a",
        "x-ms-date": "Wed, 17 Feb 2021 22:25:58 GMT",
        "x-ms-return-client-request-id": "true",
        "x-ms-version": "2020-06-12"
      },
      "RequestBody": null,
      "StatusCode": 202,
      "ResponseHeaders": {
        "Content-Length": "0",
        "Date": "Wed, 17 Feb 2021 22:25:58 GMT",
        "Server": [
          "Windows-Azure-Blob/1.0",
          "Microsoft-HTTPAPI/2.0"
        ],
        "x-ms-client-request-id": "9f7d9566-497c-147e-06c0-879d37eee10a",
        "x-ms-request-id": "aeda431b-d01e-009f-417b-05335d000000",
        "x-ms-version": "2020-06-12"
      },
      "ResponseBody": []
    },
    {
      "RequestUri": "https://seannse.blob.core.windows.net/test-filesystem-e13da025-505b-bb1b-bb2c-057bc1efd4db?restype=container",
      "RequestMethod": "PUT",
      "RequestHeaders": {
        "Accept": "application/xml",
        "Authorization": "Sanitized",
        "traceparent": "00-74779ffa4fcb3945a6763c5fdf82ea49-5044e4d21fa6de4a-00",
        "User-Agent": [
          "azsdk-net-Storage.Files.DataLake/12.7.0-alpha.20210217.1",
          "(.NET 5.0.3; Microsoft Windows 10.0.19042)"
        ],
        "x-ms-blob-public-access": "container",
        "x-ms-client-request-id": "0c4d19dd-c944-169c-7ac2-e45043035317",
        "x-ms-date": "Wed, 17 Feb 2021 22:25:59 GMT",
        "x-ms-return-client-request-id": "true",
        "x-ms-version": "2020-06-12"
      },
      "RequestBody": null,
      "StatusCode": 201,
      "ResponseHeaders": {
        "Content-Length": "0",
        "Date": "Wed, 17 Feb 2021 22:25:59 GMT",
        "ETag": "\u00220x8D8D39300524D64\u0022",
        "Last-Modified": "Wed, 17 Feb 2021 22:25:59 GMT",
        "Server": [
          "Windows-Azure-Blob/1.0",
          "Microsoft-HTTPAPI/2.0"
        ],
        "x-ms-client-request-id": "0c4d19dd-c944-169c-7ac2-e45043035317",
        "x-ms-request-id": "6535d9e6-601e-0023-627b-05e59c000000",
        "x-ms-version": "2020-06-12"
      },
      "ResponseBody": []
    },
    {
      "RequestUri": "https://seannse.dfs.core.windows.net/test-filesystem-e13da025-505b-bb1b-bb2c-057bc1efd4db/test-file-a4c8abec-62bb-16e5-61c8-113a77367664?resource=file",
      "RequestMethod": "PUT",
      "RequestHeaders": {
        "Authorization": "Sanitized",
        "traceparent": "00-83f0cb0998c12c4d9978cf0974771642-d5079256d2396340-00",
        "User-Agent": [
          "azsdk-net-Storage.Files.DataLake/12.7.0-alpha.20210217.1",
          "(.NET 5.0.3; Microsoft Windows 10.0.19042)"
        ],
        "x-ms-client-request-id": "99f8c1cd-518e-7af1-3336-ab7cb7619f43",
        "x-ms-date": "Wed, 17 Feb 2021 22:25:59 GMT",
        "x-ms-return-client-request-id": "true",
        "x-ms-version": "2020-06-12"
      },
      "RequestBody": null,
      "StatusCode": 201,
      "ResponseHeaders": {
        "Content-Length": "0",
        "Date": "Wed, 17 Feb 2021 22:25:59 GMT",
        "ETag": "\u00220x8D8D393008AF48B\u0022",
        "Last-Modified": "Wed, 17 Feb 2021 22:25:59 GMT",
        "Server": [
          "Windows-Azure-HDFS/1.0",
          "Microsoft-HTTPAPI/2.0"
        ],
        "x-ms-client-request-id": "99f8c1cd-518e-7af1-3336-ab7cb7619f43",
        "x-ms-request-id": "a8fc30ff-701f-0072-7b7b-057810000000",
        "x-ms-version": "2020-06-12"
      },
      "ResponseBody": []
    },
    {
      "RequestUri": "https://seannse.blob.core.windows.net/test-filesystem-e13da025-505b-bb1b-bb2c-057bc1efd4db/test-file-a4c8abec-62bb-16e5-61c8-113a77367664",
      "RequestMethod": "HEAD",
      "RequestHeaders": {
        "Accept": "application/xml",
        "Authorization": "Sanitized",
        "User-Agent": [
          "azsdk-net-Storage.Files.DataLake/12.7.0-alpha.20210217.1",
          "(.NET 5.0.3; Microsoft Windows 10.0.19042)"
        ],
        "x-ms-client-request-id": "b56d4497-dd3e-e3d5-6723-746b1b1a5495",
        "x-ms-date": "Wed, 17 Feb 2021 22:25:59 GMT",
        "x-ms-return-client-request-id": "true",
        "x-ms-version": "2020-06-12"
      },
      "RequestBody": null,
      "StatusCode": 200,
      "ResponseHeaders": {
        "Accept-Ranges": "bytes",
        "Content-Length": "0",
        "Content-Type": "application/octet-stream",
        "Date": "Wed, 17 Feb 2021 22:25:59 GMT",
        "ETag": "\u00220x8D8D393008AF48B\u0022",
        "Last-Modified": "Wed, 17 Feb 2021 22:25:59 GMT",
        "Server": [
          "Windows-Azure-Blob/1.0",
          "Microsoft-HTTPAPI/2.0"
        ],
        "x-ms-access-tier": "Hot",
        "x-ms-access-tier-inferred": "true",
        "x-ms-blob-type": "BlockBlob",
        "x-ms-client-request-id": "b56d4497-dd3e-e3d5-6723-746b1b1a5495",
        "x-ms-creation-time": "Wed, 17 Feb 2021 22:25:59 GMT",
        "x-ms-group": "$superuser",
        "x-ms-lease-state": "available",
        "x-ms-lease-status": "unlocked",
        "x-ms-owner": "$superuser",
        "x-ms-permissions": "rw-r-----",
        "x-ms-request-id": "6535dca0-601e-0023-637b-05e59c000000",
        "x-ms-server-encrypted": "true",
        "x-ms-version": "2020-06-12"
      },
      "ResponseBody": []
    },
    {
      "RequestUri": "https://seannse.dfs.core.windows.net/test-filesystem-e13da025-505b-bb1b-bb2c-057bc1efd4db/test-file-a4c8abec-62bb-16e5-61c8-113a77367664",
      "RequestMethod": "DELETE",
      "RequestHeaders": {
        "Authorization": "Sanitized",
        "If-Match": "0x8D8D393008AF48B",
        "User-Agent": [
          "azsdk-net-Storage.Files.DataLake/12.7.0-alpha.20210217.1",
          "(.NET 5.0.3; Microsoft Windows 10.0.19042)"
        ],
        "x-ms-client-request-id": "72e5384b-eaf4-6e05-a936-8242360a09f9",
        "x-ms-date": "Wed, 17 Feb 2021 22:25:59 GMT",
        "x-ms-return-client-request-id": "true",
        "x-ms-version": "2020-06-12"
      },
      "RequestBody": null,
      "StatusCode": 200,
      "ResponseHeaders": {
        "Content-Length": "0",
        "Date": "Wed, 17 Feb 2021 22:25:59 GMT",
        "Server": [
          "Windows-Azure-HDFS/1.0",
          "Microsoft-HTTPAPI/2.0"
        ],
        "x-ms-client-request-id": "72e5384b-eaf4-6e05-a936-8242360a09f9",
        "x-ms-request-id": "a8fc3114-701f-0072-107b-057810000000",
        "x-ms-version": "2020-06-12"
      },
      "ResponseBody": []
    },
    {
      "RequestUri": "https://seannse.blob.core.windows.net/test-filesystem-e13da025-505b-bb1b-bb2c-057bc1efd4db?restype=container",
      "RequestMethod": "DELETE",
      "RequestHeaders": {
        "Accept": "application/xml",
        "Authorization": "Sanitized",
        "traceparent": "00-9bbce3b0922a62418be39910446b0f8a-7fe5d35c91c28e46-00",
        "User-Agent": [
          "azsdk-net-Storage.Files.DataLake/12.7.0-alpha.20210217.1",
          "(.NET 5.0.3; Microsoft Windows 10.0.19042)"
        ],
        "x-ms-client-request-id": "e31fc406-e135-93a0-bba8-019dc525eb41",
        "x-ms-date": "Wed, 17 Feb 2021 22:25:59 GMT",
        "x-ms-return-client-request-id": "true",
        "x-ms-version": "2020-06-12"
      },
      "RequestBody": null,
      "StatusCode": 202,
      "ResponseHeaders": {
        "Content-Length": "0",
        "Date": "Wed, 17 Feb 2021 22:25:59 GMT",
        "Server": [
          "Windows-Azure-Blob/1.0",
          "Microsoft-HTTPAPI/2.0"
        ],
        "x-ms-client-request-id": "e31fc406-e135-93a0-bba8-019dc525eb41",
        "x-ms-request-id": "6535dd90-601e-0023-3f7b-05e59c000000",
        "x-ms-version": "2020-06-12"
      },
      "ResponseBody": []
    },
    {
      "RequestUri": "https://seannse.blob.core.windows.net/test-filesystem-8c6a8bc9-7f33-0b43-9995-95a9819a15a6?restype=container",
      "RequestMethod": "PUT",
      "RequestHeaders": {
        "Accept": "application/xml",
        "Authorization": "Sanitized",
        "traceparent": "00-2e41d5edb83fa5498470569a4c55b735-b3bb812561028843-00",
        "User-Agent": [
          "azsdk-net-Storage.Files.DataLake/12.7.0-alpha.20210217.1",
          "(.NET 5.0.3; Microsoft Windows 10.0.19042)"
        ],
        "x-ms-blob-public-access": "container",
        "x-ms-client-request-id": "cca0275f-b298-86e1-8114-49a04cf71220",
        "x-ms-date": "Wed, 17 Feb 2021 22:25:59 GMT",
        "x-ms-return-client-request-id": "true",
        "x-ms-version": "2020-06-12"
      },
      "RequestBody": null,
      "StatusCode": 201,
      "ResponseHeaders": {
        "Content-Length": "0",
        "Date": "Wed, 17 Feb 2021 22:25:59 GMT",
        "ETag": "\u00220x8D8D39300E32A25\u0022",
        "Last-Modified": "Wed, 17 Feb 2021 22:26:00 GMT",
        "Server": [
          "Windows-Azure-Blob/1.0",
          "Microsoft-HTTPAPI/2.0"
        ],
        "x-ms-client-request-id": "cca0275f-b298-86e1-8114-49a04cf71220",
        "x-ms-request-id": "7a254007-a01e-0003-457b-059e3b000000",
        "x-ms-version": "2020-06-12"
      },
      "ResponseBody": []
    },
    {
      "RequestUri": "https://seannse.dfs.core.windows.net/test-filesystem-8c6a8bc9-7f33-0b43-9995-95a9819a15a6/test-file-57a55a92-79e9-a356-c7e4-16a69d7ecc97?resource=file",
      "RequestMethod": "PUT",
      "RequestHeaders": {
        "Authorization": "Sanitized",
        "traceparent": "00-f9683ca339cd664fa781de583cb44705-f10d70dc1c64594d-00",
        "User-Agent": [
          "azsdk-net-Storage.Files.DataLake/12.7.0-alpha.20210217.1",
          "(.NET 5.0.3; Microsoft Windows 10.0.19042)"
        ],
        "x-ms-client-request-id": "e331c17a-325c-e6ce-d0fd-05b49c3ae802",
        "x-ms-date": "Wed, 17 Feb 2021 22:26:00 GMT",
        "x-ms-return-client-request-id": "true",
        "x-ms-version": "2020-06-12"
      },
      "RequestBody": null,
      "StatusCode": 201,
      "ResponseHeaders": {
        "Content-Length": "0",
        "Date": "Wed, 17 Feb 2021 22:26:00 GMT",
        "ETag": "\u00220x8D8D393011AEFF3\u0022",
        "Last-Modified": "Wed, 17 Feb 2021 22:26:00 GMT",
        "Server": [
          "Windows-Azure-HDFS/1.0",
          "Microsoft-HTTPAPI/2.0"
        ],
        "x-ms-client-request-id": "e331c17a-325c-e6ce-d0fd-05b49c3ae802",
        "x-ms-request-id": "7aef0e83-401f-001b-757b-05415c000000",
        "x-ms-version": "2020-06-12"
      },
      "ResponseBody": []
    },
    {
      "RequestUri": "https://seannse.dfs.core.windows.net/test-filesystem-8c6a8bc9-7f33-0b43-9995-95a9819a15a6/test-file-57a55a92-79e9-a356-c7e4-16a69d7ecc97",
      "RequestMethod": "DELETE",
      "RequestHeaders": {
        "Authorization": "Sanitized",
        "If-None-Match": "\u0022garbage\u0022",
        "User-Agent": [
          "azsdk-net-Storage.Files.DataLake/12.7.0-alpha.20210217.1",
          "(.NET 5.0.3; Microsoft Windows 10.0.19042)"
        ],
        "x-ms-client-request-id": "db2c96aa-e84d-d93a-0e63-89fc4359a851",
        "x-ms-date": "Wed, 17 Feb 2021 22:26:00 GMT",
        "x-ms-return-client-request-id": "true",
        "x-ms-version": "2020-06-12"
      },
      "RequestBody": null,
      "StatusCode": 200,
      "ResponseHeaders": {
        "Content-Length": "0",
        "Date": "Wed, 17 Feb 2021 22:26:00 GMT",
        "Server": [
          "Windows-Azure-HDFS/1.0",
          "Microsoft-HTTPAPI/2.0"
        ],
        "x-ms-client-request-id": "db2c96aa-e84d-d93a-0e63-89fc4359a851",
        "x-ms-request-id": "7aef0e9f-401f-001b-117b-05415c000000",
        "x-ms-version": "2020-06-12"
      },
      "ResponseBody": []
    },
    {
      "RequestUri": "https://seannse.blob.core.windows.net/test-filesystem-8c6a8bc9-7f33-0b43-9995-95a9819a15a6?restype=container",
      "RequestMethod": "DELETE",
      "RequestHeaders": {
        "Accept": "application/xml",
        "Authorization": "Sanitized",
        "traceparent": "00-001ffb361602c64395a9128a84dbc449-46cd33ab2667ce4e-00",
        "User-Agent": [
          "azsdk-net-Storage.Files.DataLake/12.7.0-alpha.20210217.1",
          "(.NET 5.0.3; Microsoft Windows 10.0.19042)"
        ],
        "x-ms-client-request-id": "050a6236-0c0e-5fb5-77bb-60492f2906f3",
        "x-ms-date": "Wed, 17 Feb 2021 22:26:00 GMT",
        "x-ms-return-client-request-id": "true",
        "x-ms-version": "2020-06-12"
      },
      "RequestBody": null,
      "StatusCode": 202,
      "ResponseHeaders": {
        "Content-Length": "0",
        "Date": "Wed, 17 Feb 2021 22:26:00 GMT",
        "Server": [
          "Windows-Azure-Blob/1.0",
          "Microsoft-HTTPAPI/2.0"
        ],
        "x-ms-client-request-id": "050a6236-0c0e-5fb5-77bb-60492f2906f3",
        "x-ms-request-id": "7a254205-a01e-0003-1e7b-059e3b000000",
        "x-ms-version": "2020-06-12"
      },
      "ResponseBody": []
    },
    {
      "RequestUri": "https://seannse.blob.core.windows.net/test-filesystem-9b6779b7-9cf1-de13-c46a-4066513f7173?restype=container",
      "RequestMethod": "PUT",
      "RequestHeaders": {
        "Accept": "application/xml",
        "Authorization": "Sanitized",
        "traceparent": "00-249798a11deb3848a715722b08cae877-fab17abd4776c24b-00",
        "User-Agent": [
          "azsdk-net-Storage.Files.DataLake/12.7.0-alpha.20210217.1",
          "(.NET 5.0.3; Microsoft Windows 10.0.19042)"
        ],
        "x-ms-blob-public-access": "container",
        "x-ms-client-request-id": "ed43a3e0-c233-995e-4e2b-41a4cc4e0d38",
        "x-ms-date": "Wed, 17 Feb 2021 22:26:00 GMT",
        "x-ms-return-client-request-id": "true",
        "x-ms-version": "2020-06-12"
      },
      "RequestBody": null,
      "StatusCode": 201,
      "ResponseHeaders": {
        "Content-Length": "0",
        "Date": "Wed, 17 Feb 2021 22:26:00 GMT",
        "ETag": "\u00220x8D8D39301691B77\u0022",
        "Last-Modified": "Wed, 17 Feb 2021 22:26:01 GMT",
        "Server": [
          "Windows-Azure-Blob/1.0",
          "Microsoft-HTTPAPI/2.0"
        ],
        "x-ms-client-request-id": "ed43a3e0-c233-995e-4e2b-41a4cc4e0d38",
        "x-ms-request-id": "2f25a0a3-601e-001c-657b-052d3f000000",
        "x-ms-version": "2020-06-12"
      },
      "ResponseBody": []
    },
    {
      "RequestUri": "https://seannse.dfs.core.windows.net/test-filesystem-9b6779b7-9cf1-de13-c46a-4066513f7173/test-file-f642ed49-2563-15a3-36a7-62c2ea3f743a?resource=file",
      "RequestMethod": "PUT",
      "RequestHeaders": {
        "Authorization": "Sanitized",
        "traceparent": "00-f195c7a0d5440f4da34c47ce7d1c6fab-2fa5190d231b1349-00",
        "User-Agent": [
          "azsdk-net-Storage.Files.DataLake/12.7.0-alpha.20210217.1",
          "(.NET 5.0.3; Microsoft Windows 10.0.19042)"
        ],
        "x-ms-client-request-id": "7d8a7a21-9b46-bb0e-002e-b78c5f9caf0e",
        "x-ms-date": "Wed, 17 Feb 2021 22:26:01 GMT",
        "x-ms-return-client-request-id": "true",
        "x-ms-version": "2020-06-12"
      },
      "RequestBody": null,
      "StatusCode": 201,
      "ResponseHeaders": {
        "Content-Length": "0",
        "Date": "Wed, 17 Feb 2021 22:26:01 GMT",
        "ETag": "\u00220x8D8D39301AE59C5\u0022",
        "Last-Modified": "Wed, 17 Feb 2021 22:26:01 GMT",
        "Server": [
          "Windows-Azure-HDFS/1.0",
          "Microsoft-HTTPAPI/2.0"
        ],
        "x-ms-client-request-id": "7d8a7a21-9b46-bb0e-002e-b78c5f9caf0e",
        "x-ms-request-id": "90ddcf9a-601f-008a-3e7b-0524ee000000",
        "x-ms-version": "2020-06-12"
      },
      "ResponseBody": []
    },
    {
      "RequestUri": "https://seannse.blob.core.windows.net/test-filesystem-9b6779b7-9cf1-de13-c46a-4066513f7173/test-file-f642ed49-2563-15a3-36a7-62c2ea3f743a?comp=lease",
      "RequestMethod": "PUT",
      "RequestHeaders": {
        "Accept": "application/xml",
        "Authorization": "Sanitized",
        "traceparent": "00-9c87f425bcc2834f890bf64be2b8c355-736293539abd3245-00",
        "User-Agent": [
          "azsdk-net-Storage.Files.DataLake/12.7.0-alpha.20210217.1",
          "(.NET 5.0.3; Microsoft Windows 10.0.19042)"
        ],
        "x-ms-client-request-id": "5a6d837c-f5d2-c220-3cc5-cf487ed72881",
        "x-ms-date": "Wed, 17 Feb 2021 22:26:01 GMT",
        "x-ms-lease-action": "acquire",
        "x-ms-lease-duration": "-1",
        "x-ms-proposed-lease-id": "fecc06b6-5fc9-c53d-adfe-1c37927eb398",
        "x-ms-return-client-request-id": "true",
        "x-ms-version": "2020-06-12"
      },
      "RequestBody": null,
      "StatusCode": 201,
      "ResponseHeaders": {
        "Content-Length": "0",
        "Date": "Wed, 17 Feb 2021 22:26:00 GMT",
        "ETag": "\u00220x8D8D39301AE59C5\u0022",
        "Last-Modified": "Wed, 17 Feb 2021 22:26:01 GMT",
        "Server": [
          "Windows-Azure-Blob/1.0",
          "Microsoft-HTTPAPI/2.0"
        ],
        "x-ms-client-request-id": "5a6d837c-f5d2-c220-3cc5-cf487ed72881",
        "x-ms-lease-id": "fecc06b6-5fc9-c53d-adfe-1c37927eb398",
        "x-ms-request-id": "2f25a2df-601e-001c-027b-052d3f000000",
        "x-ms-version": "2020-06-12"
      },
      "ResponseBody": []
    },
    {
      "RequestUri": "https://seannse.dfs.core.windows.net/test-filesystem-9b6779b7-9cf1-de13-c46a-4066513f7173/test-file-f642ed49-2563-15a3-36a7-62c2ea3f743a",
      "RequestMethod": "DELETE",
      "RequestHeaders": {
        "Authorization": "Sanitized",
        "User-Agent": [
          "azsdk-net-Storage.Files.DataLake/12.7.0-alpha.20210217.1",
          "(.NET 5.0.3; Microsoft Windows 10.0.19042)"
        ],
        "x-ms-client-request-id": "0ebadf18-5911-bec6-59de-33ef27abbee9",
        "x-ms-date": "Wed, 17 Feb 2021 22:26:01 GMT",
        "x-ms-lease-id": "fecc06b6-5fc9-c53d-adfe-1c37927eb398",
        "x-ms-return-client-request-id": "true",
        "x-ms-version": "2020-06-12"
      },
      "RequestBody": null,
      "StatusCode": 200,
      "ResponseHeaders": {
        "Content-Length": "0",
        "Date": "Wed, 17 Feb 2021 22:26:01 GMT",
        "Server": [
          "Windows-Azure-HDFS/1.0",
          "Microsoft-HTTPAPI/2.0"
        ],
        "x-ms-client-request-id": "0ebadf18-5911-bec6-59de-33ef27abbee9",
        "x-ms-request-id": "90ddcfca-601f-008a-6e7b-0524ee000000",
        "x-ms-version": "2020-06-12"
      },
      "ResponseBody": []
    },
    {
      "RequestUri": "https://seannse.blob.core.windows.net/test-filesystem-9b6779b7-9cf1-de13-c46a-4066513f7173?restype=container",
      "RequestMethod": "DELETE",
      "RequestHeaders": {
        "Accept": "application/xml",
        "Authorization": "Sanitized",
        "traceparent": "00-5983d31d53370e4e92b98a61588ef00f-d50c23495b7abd47-00",
        "User-Agent": [
          "azsdk-net-Storage.Files.DataLake/12.7.0-alpha.20210217.1",
          "(.NET 5.0.3; Microsoft Windows 10.0.19042)"
        ],
        "x-ms-client-request-id": "9e2fd5cc-191c-2170-581a-8c1c0c6a9766",
        "x-ms-date": "Wed, 17 Feb 2021 22:26:01 GMT",
        "x-ms-return-client-request-id": "true",
        "x-ms-version": "2020-06-12"
      },
      "RequestBody": null,
      "StatusCode": 202,
      "ResponseHeaders": {
        "Content-Length": "0",
        "Date": "Wed, 17 Feb 2021 22:26:01 GMT",
        "Server": [
          "Windows-Azure-Blob/1.0",
          "Microsoft-HTTPAPI/2.0"
        ],
        "x-ms-client-request-id": "9e2fd5cc-191c-2170-581a-8c1c0c6a9766",
        "x-ms-request-id": "2f25a39b-601e-001c-327b-052d3f000000",
        "x-ms-version": "2020-06-12"
      },
      "ResponseBody": []
    }
  ],
  "Variables": {
    "DateTimeOffsetNow": "2021-02-17T16:25:56.4297910-06:00",
    "RandomSeed": "678063466",
    "Storage_TestConfigHierarchicalNamespace": "NamespaceTenant\nseannse\nU2FuaXRpemVk\nhttps://seannse.blob.core.windows.net\nhttps://seannse.file.core.windows.net\nhttps://seannse.queue.core.windows.net\nhttps://seannse.table.core.windows.net\n\n\n\n\nhttps://seannse-secondary.blob.core.windows.net\nhttps://seannse-secondary.file.core.windows.net\nhttps://seannse-secondary.queue.core.windows.net\nhttps://seannse-secondary.table.core.windows.net\n68390a19-a643-458b-b726-408abf67b4fc\nSanitized\n72f988bf-86f1-41af-91ab-2d7cd011db47\nhttps://login.microsoftonline.com/\nCloud\nBlobEndpoint=https://seannse.blob.core.windows.net/;QueueEndpoint=https://seannse.queue.core.windows.net/;FileEndpoint=https://seannse.file.core.windows.net/;BlobSecondaryEndpoint=https://seannse-secondary.blob.core.windows.net/;QueueSecondaryEndpoint=https://seannse-secondary.queue.core.windows.net/;FileSecondaryEndpoint=https://seannse-secondary.file.core.windows.net/;AccountName=seannse;AccountKey=Sanitized\n"
  }
}