{
  "Entries": [
    {
      "RequestUri": "https://seannse.blob.core.windows.net/test-filesystem-eddba648-486f-e55c-d433-0d4238efdb69?restype=container",
      "RequestMethod": "PUT",
      "RequestHeaders": {
        "Accept": "application/xml",
        "Authorization": "Sanitized",
        "traceparent": "00-e26fe320e01c0d40ae6f10fbc75a3572-6a22aa87201c6b47-00",
        "User-Agent": [
          "azsdk-net-Storage.Files.DataLake/12.7.0-alpha.20210217.1",
          "(.NET 5.0.3; Microsoft Windows 10.0.19042)"
        ],
        "x-ms-blob-public-access": "container",
        "x-ms-client-request-id": "34b15c53-7d79-fedd-cda0-a538fb09657d",
        "x-ms-date": "Wed, 17 Feb 2021 22:27:04 GMT",
        "x-ms-return-client-request-id": "true",
        "x-ms-version": "2020-06-12"
      },
      "RequestBody": null,
      "StatusCode": 201,
      "ResponseHeaders": {
        "Content-Length": "0",
        "Date": "Wed, 17 Feb 2021 22:27:03 GMT",
        "ETag": "\u00220x8D8D39327645A85\u0022",
        "Last-Modified": "Wed, 17 Feb 2021 22:27:04 GMT",
        "Server": [
          "Windows-Azure-Blob/1.0",
          "Microsoft-HTTPAPI/2.0"
        ],
        "x-ms-client-request-id": "34b15c53-7d79-fedd-cda0-a538fb09657d",
        "x-ms-request-id": "2318d7ef-801e-0066-6d7c-05307f000000",
        "x-ms-version": "2020-06-12"
      },
      "ResponseBody": []
    },
    {
      "RequestUri": "https://seannse.dfs.core.windows.net/test-filesystem-eddba648-486f-e55c-d433-0d4238efdb69/test-directory-8d029b63-8079-a503-0c2d-d335dcd6dfb0?resource=directory",
      "RequestMethod": "PUT",
      "RequestHeaders": {
        "Authorization": "Sanitized",
        "traceparent": "00-d5e44934e5b78c4ca669d17b34f9bd93-9b2f4dc983f7924e-00",
        "User-Agent": [
          "azsdk-net-Storage.Files.DataLake/12.7.0-alpha.20210217.1",
          "(.NET 5.0.3; Microsoft Windows 10.0.19042)"
        ],
        "x-ms-client-request-id": "e2a68837-c9dc-8e22-ac08-b6233c60cc99",
        "x-ms-date": "Wed, 17 Feb 2021 22:27:04 GMT",
        "x-ms-return-client-request-id": "true",
        "x-ms-version": "2020-06-12"
      },
      "RequestBody": null,
      "StatusCode": 201,
      "ResponseHeaders": {
        "Content-Length": "0",
        "Date": "Wed, 17 Feb 2021 22:27:05 GMT",
        "ETag": "\u00220x8D8D3932798688C\u0022",
        "Last-Modified": "Wed, 17 Feb 2021 22:27:05 GMT",
        "Server": [
          "Windows-Azure-HDFS/1.0",
          "Microsoft-HTTPAPI/2.0"
        ],
        "x-ms-client-request-id": "e2a68837-c9dc-8e22-ac08-b6233c60cc99",
        "x-ms-request-id": "bd4eb151-e01f-002d-747c-05cc2c000000",
        "x-ms-version": "2020-06-12"
      },
      "ResponseBody": []
    },
    {
      "RequestUri": "https://seannse.dfs.core.windows.net/test-filesystem-eddba648-486f-e55c-d433-0d4238efdb69/test-directory-8d029b63-8079-a503-0c2d-d335dcd6dfb0/test-file-5d750390-648b-61ce-e740-85fa3f8efe9c?resource=file",
      "RequestMethod": "PUT",
      "RequestHeaders": {
        "Authorization": "Sanitized",
        "User-Agent": [
          "azsdk-net-Storage.Files.DataLake/12.7.0-alpha.20210217.1",
          "(.NET 5.0.3; Microsoft Windows 10.0.19042)"
        ],
        "x-ms-client-request-id": "7301e4b3-8362-65a0-1499-a5c7a4ca710a",
        "x-ms-date": "Wed, 17 Feb 2021 22:27:05 GMT",
        "x-ms-return-client-request-id": "true",
        "x-ms-version": "2020-06-12"
      },
      "RequestBody": null,
      "StatusCode": 201,
      "ResponseHeaders": {
        "Content-Length": "0",
        "Date": "Wed, 17 Feb 2021 22:27:05 GMT",
        "ETag": "\u00220x8D8D39327A69176\u0022",
        "Last-Modified": "Wed, 17 Feb 2021 22:27:05 GMT",
        "Server": [
          "Windows-Azure-HDFS/1.0",
          "Microsoft-HTTPAPI/2.0"
        ],
        "x-ms-client-request-id": "7301e4b3-8362-65a0-1499-a5c7a4ca710a",
        "x-ms-request-id": "bd4eb15f-e01f-002d-027c-05cc2c000000",
        "x-ms-version": "2020-06-12"
      },
      "ResponseBody": []
    },
    {
      "RequestUri": "https://seannse.blob.core.windows.net/?restype=service\u0026comp=userdelegationkey",
      "RequestMethod": "POST",
      "RequestHeaders": {
        "Accept": "application/xml",
        "Authorization": "Sanitized",
        "Content-Length": "59",
        "Content-Type": "application/xml",
        "traceparent": "00-f88f7dc1bb138d47a5a6ae1d7f1d79c9-04ea1c7c8051ce45-00",
        "User-Agent": [
          "azsdk-net-Storage.Files.DataLake/12.7.0-alpha.20210217.1",
          "(.NET 5.0.3; Microsoft Windows 10.0.19042)"
        ],
        "x-ms-client-request-id": "576f758c-595e-4d36-c2ac-2a65106554a5",
        "x-ms-return-client-request-id": "true",
        "x-ms-version": "2020-06-12"
      },
      "RequestBody": "\uFEFF\u003CKeyInfo\u003E\u003CExpiry\u003E2021-02-17T23:27:05Z\u003C/Expiry\u003E\u003C/KeyInfo\u003E",
      "StatusCode": 200,
      "ResponseHeaders": {
        "Content-Type": "application/xml",
        "Date": "Wed, 17 Feb 2021 22:27:05 GMT",
        "Server": [
          "Windows-Azure-Blob/1.0",
          "Microsoft-HTTPAPI/2.0"
        ],
        "Transfer-Encoding": "chunked",
        "x-ms-client-request-id": "576f758c-595e-4d36-c2ac-2a65106554a5",
        "x-ms-request-id": "1f159575-301e-00a8-2e7c-05e1f1000000",
        "x-ms-version": "2020-06-12"
      },
      "ResponseBody": "\uFEFF\u003C?xml version=\u00221.0\u0022 encoding=\u0022utf-8\u0022?\u003E\u003CUserDelegationKey\u003E\u003CSignedOid\u003Ec4f48289-bb84-4086-b250-6f94a8f64cee\u003C/SignedOid\u003E\u003CSignedTid\u003E72f988bf-86f1-41af-91ab-2d7cd011db47\u003C/SignedTid\u003E\u003CSignedStart\u003E2021-02-17T22:27:05Z\u003C/SignedStart\u003E\u003CSignedExpiry\u003E2021-02-17T23:27:05Z\u003C/SignedExpiry\u003E\u003CSignedService\u003Eb\u003C/SignedService\u003E\u003CSignedVersion\u003E2020-06-12\u003C/SignedVersion\u003E\u003CValue\u003EbBQZvrKOoyYzNoPzjLBmQ8QTbgWaVfp\u002B0kyWTGsXfzg=\u003C/Value\u003E\u003C/UserDelegationKey\u003E"
    },
    {
      "RequestUri": "https://seannse.blob.core.windows.net/test-filesystem-eddba648-486f-e55c-d433-0d4238efdb69/test-directory-8d029b63-8079-a503-0c2d-d335dcd6dfb0/test-file-5d750390-648b-61ce-e740-85fa3f8efe9c?skoid=c4f48289-bb84-4086-b250-6f94a8f64cee\u0026sktid=72f988bf-86f1-41af-91ab-2d7cd011db47\u0026skt=2021-02-17T22%3A27%3A05Z\u0026ske=2021-02-17T23%3A27%3A05Z\u0026sks=b\u0026skv=2020-06-12\u0026sv=2020-06-12\u0026st=2021-02-17T21%3A27%3A05Z\u0026se=2021-02-17T23%3A27%3A05Z\u0026sr=b\u0026sp=racwd\u0026sig=Sanitized",
      "RequestMethod": "HEAD",
      "RequestHeaders": {
        "Accept": "application/xml",
        "traceparent": "00-ea476d19ead9624dafa95bad8e8c2c97-9e21b7f69551e14a-00",
        "User-Agent": [
          "azsdk-net-Storage.Files.DataLake/12.7.0-alpha.20210217.1",
          "(.NET 5.0.3; Microsoft Windows 10.0.19042)"
        ],
        "x-ms-client-request-id": "2e3a82ce-195a-87ab-ea36-5ecd845c6ff4",
        "x-ms-return-client-request-id": "true",
        "x-ms-version": "2020-06-12"
      },
      "RequestBody": null,
      "StatusCode": 200,
      "ResponseHeaders": {
        "Accept-Ranges": "bytes",
        "Content-Length": "0",
        "Content-Type": "application/octet-stream",
        "Date": "Wed, 17 Feb 2021 22:27:05 GMT",
        "ETag": "\u00220x8D8D39327A69176\u0022",
        "Last-Modified": "Wed, 17 Feb 2021 22:27:05 GMT",
        "Server": [
          "Windows-Azure-Blob/1.0",
          "Microsoft-HTTPAPI/2.0"
        ],
        "x-ms-access-tier": "Hot",
        "x-ms-access-tier-inferred": "true",
        "x-ms-blob-type": "BlockBlob",
        "x-ms-client-request-id": "2e3a82ce-195a-87ab-ea36-5ecd845c6ff4",
        "x-ms-creation-time": "Wed, 17 Feb 2021 22:27:05 GMT",
        "x-ms-group": "$superuser",
        "x-ms-lease-state": "available",
        "x-ms-lease-status": "unlocked",
        "x-ms-owner": "$superuser",
        "x-ms-permissions": "rw-r-----",
        "x-ms-request-id": "e57f60cc-801e-0059-457c-05f8dc000000",
        "x-ms-server-encrypted": "true",
        "x-ms-version": "2020-06-12"
      },
      "ResponseBody": []
    },
    {
      "RequestUri": "https://seannse.blob.core.windows.net/test-filesystem-eddba648-486f-e55c-d433-0d4238efdb69?restype=container",
      "RequestMethod": "DELETE",
      "RequestHeaders": {
        "Accept": "application/xml",
        "Authorization": "Sanitized",
        "traceparent": "00-678fcf176b081a41af4a1ae46dbb86d7-258ef9a1ff428345-00",
        "User-Agent": [
          "azsdk-net-Storage.Files.DataLake/12.7.0-alpha.20210217.1",
          "(.NET 5.0.3; Microsoft Windows 10.0.19042)"
        ],
        "x-ms-client-request-id": "8e966c47-252b-794a-1463-b8cefcf980c6",
        "x-ms-date": "Wed, 17 Feb 2021 22:27:06 GMT",
        "x-ms-return-client-request-id": "true",
        "x-ms-version": "2020-06-12"
      },
      "RequestBody": null,
      "StatusCode": 202,
      "ResponseHeaders": {
        "Content-Length": "0",
        "Date": "Wed, 17 Feb 2021 22:27:05 GMT",
        "Server": [
          "Windows-Azure-Blob/1.0",
          "Microsoft-HTTPAPI/2.0"
        ],
        "x-ms-client-request-id": "8e966c47-252b-794a-1463-b8cefcf980c6",
        "x-ms-request-id": "2318d9d4-801e-0066-307c-05307f000000",
        "x-ms-version": "2020-06-12"
      },
      "ResponseBody": []
    }
  ],
  "Variables": {
    "DateTimeOffsetNow": "2021-02-17T16:27:05.3444116-06:00",
    "RandomSeed": "339996677",
    "Storage_TestConfigHierarchicalNamespace": "NamespaceTenant\nseannse\nU2FuaXRpemVk\nhttps://seannse.blob.core.windows.net\nhttps://seannse.file.core.windows.net\nhttps://seannse.queue.core.windows.net\nhttps://seannse.table.core.windows.net\n\n\n\n\nhttps://seannse-secondary.blob.core.windows.net\nhttps://seannse-secondary.file.core.windows.net\nhttps://seannse-secondary.queue.core.windows.net\nhttps://seannse-secondary.table.core.windows.net\n68390a19-a643-458b-b726-408abf67b4fc\nSanitized\n72f988bf-86f1-41af-91ab-2d7cd011db47\nhttps://login.microsoftonline.com/\nCloud\nBlobEndpoint=https://seannse.blob.core.windows.net/;QueueEndpoint=https://seannse.queue.core.windows.net/;FileEndpoint=https://seannse.file.core.windows.net/;BlobSecondaryEndpoint=https://seannse-secondary.blob.core.windows.net/;QueueSecondaryEndpoint=https://seannse-secondary.queue.core.windows.net/;FileSecondaryEndpoint=https://seannse-secondary.file.core.windows.net/;AccountName=seannse;AccountKey=Sanitized\n"
  }
}