{
  "Entries": [
    {
      "RequestUri": "http://kasobolhnscanada.blob.core.windows.net/test-filesystem-93d24517-c29c-0231-09db-c77e48f96860?restype=container",
      "RequestMethod": "PUT",
      "RequestHeaders": {
        "Accept": "application/xml",
        "Authorization": "Sanitized",
        "traceparent": "00-bd33477fb104b84a95072341d19d03ad-f201e1861b6af841-00",
        "User-Agent": [
          "azsdk-net-Storage.Files.DataLake/12.7.0-alpha.20210524.1",
          "(.NET 5.0.6; Microsoft Windows 10.0.19043)"
        ],
        "x-ms-blob-public-access": "container",
        "x-ms-client-request-id": "e11cba4b-dfff-3870-afab-f82a7e970f44",
        "x-ms-date": "Tue, 25 May 2021 00:07:10 GMT",
        "x-ms-return-client-request-id": "true",
        "x-ms-version": "2020-12-06"
      },
      "RequestBody": null,
      "StatusCode": 201,
      "ResponseHeaders": {
        "Content-Length": "0",
        "Date": "Tue, 25 May 2021 00:07:09 GMT",
        "ETag": "\"0x8D91F110AA811BF\"",
        "Last-Modified": "Tue, 25 May 2021 00:07:10 GMT",
        "Server": [
          "Windows-Azure-Blob/1.0",
          "Microsoft-HTTPAPI/2.0"
        ],
        "x-ms-client-request-id": "e11cba4b-dfff-3870-afab-f82a7e970f44",
        "x-ms-request-id": "edcf331a-501e-005c-25f9-502aea000000",
        "x-ms-version": "2020-12-06"
      },
      "ResponseBody": []
    },
    {
      "RequestUri": "http://kasobolhnscanada.dfs.core.windows.net/test-filesystem-93d24517-c29c-0231-09db-c77e48f96860/test-file-fc3984fd-4c18-9ae7-a647-65b5c31f89db?resource=file",
      "RequestMethod": "PUT",
      "RequestHeaders": {
        "Accept": "application/json",
        "Authorization": "Sanitized",
        "If-None-Match": "*",
        "traceparent": "00-5216dbf0ab4ab74283d6a252fdb75604-47bd5cf14fe5df47-00",
        "User-Agent": [
          "azsdk-net-Storage.Files.DataLake/12.7.0-alpha.20210524.1",
          "(.NET 5.0.6; Microsoft Windows 10.0.19043)"
        ],
        "x-ms-client-request-id": "9f183863-26e8-73de-a7a0-78a995949f87",
        "x-ms-date": "Tue, 25 May 2021 00:07:10 GMT",
        "x-ms-return-client-request-id": "true",
        "x-ms-version": "2020-12-06"
      },
      "RequestBody": null,
      "StatusCode": 201,
      "ResponseHeaders": {
        "Content-Length": "0",
        "Date": "Tue, 25 May 2021 00:07:10 GMT",
        "ETag": "\"0x8D91F110ABB9F0F\"",
        "Last-Modified": "Tue, 25 May 2021 00:07:10 GMT",
        "Server": [
          "Windows-Azure-HDFS/1.0",
          "Microsoft-HTTPAPI/2.0"
        ],
        "x-ms-client-request-id": "9f183863-26e8-73de-a7a0-78a995949f87",
        "x-ms-request-id": "f3a4730e-401f-001d-41f9-50720e000000",
        "x-ms-request-server-encrypted": "true",
        "x-ms-version": "2020-12-06"
      },
      "ResponseBody": []
    },
    {
      "RequestUri": "http://kasobolhnscanada.dfs.core.windows.net/test-filesystem-93d24517-c29c-0231-09db-c77e48f96860/test-file-fc3984fd-4c18-9ae7-a647-65b5c31f89db?action=append&position=0",
      "RequestMethod": "PATCH",
      "RequestHeaders": {
        "Accept": "application/json",
        "Authorization": "Sanitized",
        "Content-Length": "1024",
        "Content-Type": "application/octet-stream",
        "traceparent": "00-ab067d86111bbc41af5666a6877a32b3-647a9651746c5440-00",
        "User-Agent": [
          "azsdk-net-Storage.Files.DataLake/12.7.0-alpha.20210524.1",
          "(.NET 5.0.6; Microsoft Windows 10.0.19043)"
        ],
        "x-ms-client-request-id": "8a52db6a-ea06-84f2-84e4-bfc6d732ba93",
        "x-ms-date": "Tue, 25 May 2021 00:07:10 GMT",
        "x-ms-return-client-request-id": "true",
        "x-ms-version": "2020-12-06"
      },
      "RequestBody": "MAvHXCixct/LKiOmR40hk1wSMo7ch2HLrOEEDj9OKdjnNnPVriKMmkc8FdS7yfAhiWXOa2SAZ6mp/LBGrWSgfAFLvxAaTOU6hphGoHGND+Lw44TZgL10Zs7KK7FxRezjm5jScArgBz1/lOXLOsc3HO3OVcnfx/xD1lhBTyEzyECrYgXYup/XENxHWuvYqSsHkg/Eo+8jA9Scj5qxn7cbS8ukH9fCX2FO9kXtmG0Qay0tObwSbyRQiF8wPCsEJnAkKw4gM4lURTOtdq2qNWtniyNshGX7CdymVJZ4kSM1SdDVyW1e8Dij2PSIZPh3plP0ybEImKEKKSExed/y27QQeC3d1Gz+CJrryKtxcqXjL61DhMdyLbAuyqBLLHZYsf1AeOzLmtHm9sEWHM/1mLZ8Tkoxr1fsnkp8rgrMstskkheuMfm5F5TbXI4GWxHgOTHpzt4rJwGmU9qhTuvHGkPl8Yq4R2a8wza1VVLI5kI5m3XY4+P9+GsVB94fF8moFEJLIGmGKPHKLAunddGu3W2XaLJ27jdf6Pkeoj+InKttDEEQfcXYsnODDbbYVYKZZipwiK8WMiUK6zhwaIWyQo9gOmiPnmCnv7U/8+GAhpJ2hDsVFxT8VtocBZGNaErt0MsmeBsZCsjJycj51j5DimSl+eNKnSp6Y+OOc5jOGldrUiIWWg53XXpzS05MAoCb2Hss525nozOgrBQ4i5Yw+69xjoQbLS9WLpxo11HcLmBj8pscoTLoBK/vdq36P9HjQk+f2nT7gKpL1rnS/svhxH2z1Jn7FFp8iInVLLeCXO7KhJQCPVPsaHLw0Mp4FgXjDrEwRmo46C71IlLrJVPzyXrKB3o334cpx2wnCkOPBHKE8h4FURWEkptmDBoBAUIe/QZQrQ6Lqy4qBn79Ed7qZh3fZzI17XhlRnXe0dJsKMYqCQ08P1Zj+Ebv2kuWh4G9e6b8IZoP6A+O6meZrdpcvt640wfQrSfHfG7sRhMtzr/0IFUsbwYsGiD+rlTvyUtskhxs3rN57c1/NaUrI6H7YRyopYyFL0/YjLjn0v/S2LMjf7P3wPALezOHrTpgAPZ/Ak03RiS+52PMlFH6khvOrF3yCKPuBKAsnSpZ/YIVd4vCaM+xmpGOZJhQKiyeEOkXuQHdbvhSkP6sC6n5Zengtx3GOCpLHBHLY6MKndp0jYxBQUSBNwiSb9fRBY/olf+vb3IO19i/zJzvEQtUSPMjOH0cuCOlX38UM8lSeheC4s6kWy5nZra0gnWnkSb9PifkrcwRy93bCQ/y+aQObFGEbS89r+zEvNLHaDWt/s5ZF/Wibs1KcBbwyFIedWwSpRYjIiP2v446H/H6SWOnLQtBmOGubA==",
      "StatusCode": 202,
      "ResponseHeaders": {
        "Content-Length": "0",
        "Date": "Tue, 25 May 2021 00:07:10 GMT",
        "Server": [
          "Windows-Azure-HDFS/1.0",
          "Microsoft-HTTPAPI/2.0"
        ],
        "x-ms-client-request-id": "8a52db6a-ea06-84f2-84e4-bfc6d732ba93",
        "x-ms-request-id": "f3a4730f-401f-001d-42f9-50720e000000",
        "x-ms-request-server-encrypted": "true",
        "x-ms-version": "2020-12-06"
      },
      "ResponseBody": []
    },
    {
      "RequestUri": "http://kasobolhnscanada.dfs.core.windows.net/test-filesystem-93d24517-c29c-0231-09db-c77e48f96860/test-file-fc3984fd-4c18-9ae7-a647-65b5c31f89db?action=flush&position=1024",
      "RequestMethod": "PATCH",
      "RequestHeaders": {
        "Accept": "application/json",
        "Authorization": "Sanitized",
        "traceparent": "00-ebb6582c93ccb249981f92e3bca0daf9-4fd172a8dfd3f44e-00",
        "User-Agent": [
          "azsdk-net-Storage.Files.DataLake/12.7.0-alpha.20210524.1",
          "(.NET 5.0.6; Microsoft Windows 10.0.19043)"
        ],
        "x-ms-client-request-id": "b93eaf4d-1541-b981-3e12-b1a6893fd676",
        "x-ms-date": "Tue, 25 May 2021 00:07:10 GMT",
        "x-ms-return-client-request-id": "true",
        "x-ms-version": "2020-12-06"
      },
      "RequestBody": null,
      "StatusCode": 200,
      "ResponseHeaders": {
        "Content-Length": "0",
        "Date": "Tue, 25 May 2021 00:07:10 GMT",
        "ETag": "\"0x8D91F110AE0C251\"",
        "Last-Modified": "Tue, 25 May 2021 00:07:10 GMT",
        "Server": [
          "Windows-Azure-HDFS/1.0",
          "Microsoft-HTTPAPI/2.0"
        ],
        "x-ms-client-request-id": "b93eaf4d-1541-b981-3e12-b1a6893fd676",
        "x-ms-request-id": "f3a47310-401f-001d-43f9-50720e000000",
        "x-ms-request-server-encrypted": "false",
        "x-ms-version": "2020-12-06"
      },
      "ResponseBody": []
    },
    {
      "RequestUri": "http://kasobolhnscanada.blob.core.windows.net/test-filesystem-93d24517-c29c-0231-09db-c77e48f96860/test-file-fc3984fd-4c18-9ae7-a647-65b5c31f89db",
      "RequestMethod": "HEAD",
      "RequestHeaders": {
        "Accept": "application/xml",
        "Authorization": "Sanitized",
        "traceparent": "00-ee8ba996e294034aaf07139d41eeb110-7250c0b0fa9bb745-00",
        "User-Agent": [
          "azsdk-net-Storage.Files.DataLake/12.7.0-alpha.20210524.1",
          "(.NET 5.0.6; Microsoft Windows 10.0.19043)"
        ],
        "x-ms-client-request-id": "27786372-00f3-fe51-403d-d835f55a92f2",
        "x-ms-date": "Tue, 25 May 2021 00:07:10 GMT",
        "x-ms-return-client-request-id": "true",
        "x-ms-version": "2020-12-06"
      },
      "RequestBody": null,
      "StatusCode": 200,
      "ResponseHeaders": {
        "Accept-Ranges": "bytes",
        "Content-Length": "1024",
        "Content-Type": "application/octet-stream",
        "Date": "Tue, 25 May 2021 00:07:10 GMT",
        "ETag": "\"0x8D91F110AE0C251\"",
        "Last-Modified": "Tue, 25 May 2021 00:07:10 GMT",
        "Server": [
          "Windows-Azure-Blob/1.0",
          "Microsoft-HTTPAPI/2.0"
        ],
        "x-ms-access-tier": "Hot",
        "x-ms-access-tier-inferred": "true",
        "x-ms-blob-type": "BlockBlob",
        "x-ms-client-request-id": "27786372-00f3-fe51-403d-d835f55a92f2",
        "x-ms-creation-time": "Tue, 25 May 2021 00:07:10 GMT",
        "x-ms-group": "$superuser",
        "x-ms-lease-state": "available",
        "x-ms-lease-status": "unlocked",
        "x-ms-owner": "$superuser",
        "x-ms-permissions": "rw-r-----",
        "x-ms-request-id": "edcf346e-501e-005c-50f9-502aea000000",
        "x-ms-server-encrypted": "true",
        "x-ms-version": "2020-12-06"
      },
      "ResponseBody": []
    },
    {
      "RequestUri": "http://kasobolhnscanada.blob.core.windows.net/test-filesystem-93d24517-c29c-0231-09db-c77e48f96860/test-file-fc3984fd-4c18-9ae7-a647-65b5c31f89db",
      "RequestMethod": "GET",
      "RequestHeaders": {
        "Accept": "application/xml",
        "Authorization": "Sanitized",
        "If-Match": "0x8D91F110AE0C251",
        "User-Agent": [
          "azsdk-net-Storage.Files.DataLake/12.7.0-alpha.20210524.1",
          "(.NET 5.0.6; Microsoft Windows 10.0.19043)"
        ],
        "x-ms-client-request-id": "2533a6df-aec7-2e83-f151-ff17644cce80",
        "x-ms-date": "Tue, 25 May 2021 00:07:10 GMT",
        "x-ms-range": "bytes=0-127",
        "x-ms-return-client-request-id": "true",
        "x-ms-version": "2020-12-06"
      },
      "RequestBody": null,
      "StatusCode": 206,
      "ResponseHeaders": {
        "Accept-Ranges": "bytes",
        "Content-Length": "128",
        "Content-Range": "bytes 0-127/1024",
        "Content-Type": "application/octet-stream",
        "Date": "Tue, 25 May 2021 00:07:10 GMT",
        "ETag": "\"0x8D91F110AE0C251\"",
        "Last-Modified": "Tue, 25 May 2021 00:07:10 GMT",
        "Server": [
          "Windows-Azure-Blob/1.0",
          "Microsoft-HTTPAPI/2.0"
        ],
        "x-ms-blob-type": "BlockBlob",
        "x-ms-client-request-id": "2533a6df-aec7-2e83-f151-ff17644cce80",
        "x-ms-creation-time": "Tue, 25 May 2021 00:07:10 GMT",
        "x-ms-group": "$superuser",
        "x-ms-lease-state": "available",
        "x-ms-lease-status": "unlocked",
        "x-ms-owner": "$superuser",
        "x-ms-permissions": "rw-r-----",
        "x-ms-request-id": "edcf348b-501e-005c-69f9-502aea000000",
        "x-ms-server-encrypted": "true",
        "x-ms-version": "2020-12-06"
      },
      "ResponseBody": "MAvHXCixct/LKiOmR40hk1wSMo7ch2HLrOEEDj9OKdjnNnPVriKMmkc8FdS7yfAhiWXOa2SAZ6mp/LBGrWSgfAFLvxAaTOU6hphGoHGND+Lw44TZgL10Zs7KK7FxRezjm5jScArgBz1/lOXLOsc3HO3OVcnfx/xD1lhBTyEzyEA="
    },
    {
      "RequestUri": "http://kasobolhnscanada.blob.core.windows.net/test-filesystem-93d24517-c29c-0231-09db-c77e48f96860/test-file-fc3984fd-4c18-9ae7-a647-65b5c31f89db",
      "RequestMethod": "GET",
      "RequestHeaders": {
        "Accept": "application/xml",
        "Authorization": "Sanitized",
        "If-Match": "0x8D91F110AE0C251",
        "User-Agent": [
          "azsdk-net-Storage.Files.DataLake/12.7.0-alpha.20210524.1",
          "(.NET 5.0.6; Microsoft Windows 10.0.19043)"
        ],
        "x-ms-client-request-id": "4e558d77-6c27-e52b-fda0-1dd730eeace0",
        "x-ms-date": "Tue, 25 May 2021 00:07:11 GMT",
        "x-ms-range": "bytes=128-255",
        "x-ms-return-client-request-id": "true",
        "x-ms-version": "2020-12-06"
      },
      "RequestBody": null,
      "StatusCode": 206,
      "ResponseHeaders": {
        "Accept-Ranges": "bytes",
        "Content-Length": "128",
        "Content-Range": "bytes 128-255/1024",
        "Content-Type": "application/octet-stream",
        "Date": "Tue, 25 May 2021 00:07:10 GMT",
        "ETag": "\"0x8D91F110AE0C251\"",
        "Last-Modified": "Tue, 25 May 2021 00:07:10 GMT",
        "Server": [
          "Windows-Azure-Blob/1.0",
          "Microsoft-HTTPAPI/2.0"
        ],
        "x-ms-blob-type": "BlockBlob",
        "x-ms-client-request-id": "4e558d77-6c27-e52b-fda0-1dd730eeace0",
        "x-ms-creation-time": "Tue, 25 May 2021 00:07:10 GMT",
        "x-ms-group": "$superuser",
        "x-ms-lease-state": "available",
        "x-ms-lease-status": "unlocked",
        "x-ms-owner": "$superuser",
        "x-ms-permissions": "rw-r-----",
        "x-ms-request-id": "edcf34ab-501e-005c-03f9-502aea000000",
        "x-ms-server-encrypted": "true",
        "x-ms-version": "2020-12-06"
      },
      "ResponseBody": "q2IF2Lqf1xDcR1rr2KkrB5IPxKPvIwPUnI+asZ+3G0vLpB/Xwl9hTvZF7ZhtEGstLTm8Em8kUIhfMDwrBCZwJCsOIDOJVEUzrXatqjVrZ4sjbIRl+wncplSWeJEjNUnQ1cltXvA4o9j0iGT4d6ZT9MmxCJihCikhMXnf8tu0EHg="
    },
    {
      "RequestUri": "http://kasobolhnscanada.blob.core.windows.net/test-filesystem-93d24517-c29c-0231-09db-c77e48f96860/test-file-fc3984fd-4c18-9ae7-a647-65b5c31f89db",
      "RequestMethod": "GET",
      "RequestHeaders": {
        "Accept": "application/xml",
        "Authorization": "Sanitized",
        "If-Match": "0x8D91F110AE0C251",
        "User-Agent": [
          "azsdk-net-Storage.Files.DataLake/12.7.0-alpha.20210524.1",
          "(.NET 5.0.6; Microsoft Windows 10.0.19043)"
        ],
        "x-ms-client-request-id": "d79fa510-80f7-3858-3920-76820609116e",
        "x-ms-date": "Tue, 25 May 2021 00:07:11 GMT",
        "x-ms-range": "bytes=256-383",
        "x-ms-return-client-request-id": "true",
        "x-ms-version": "2020-12-06"
      },
      "RequestBody": null,
      "StatusCode": 206,
      "ResponseHeaders": {
        "Accept-Ranges": "bytes",
        "Content-Length": "128",
        "Content-Range": "bytes 256-383/1024",
        "Content-Type": "application/octet-stream",
        "Date": "Tue, 25 May 2021 00:07:10 GMT",
        "ETag": "\"0x8D91F110AE0C251\"",
        "Last-Modified": "Tue, 25 May 2021 00:07:10 GMT",
        "Server": [
          "Windows-Azure-Blob/1.0",
          "Microsoft-HTTPAPI/2.0"
        ],
        "x-ms-blob-type": "BlockBlob",
        "x-ms-client-request-id": "d79fa510-80f7-3858-3920-76820609116e",
        "x-ms-creation-time": "Tue, 25 May 2021 00:07:10 GMT",
        "x-ms-group": "$superuser",
        "x-ms-lease-state": "available",
        "x-ms-lease-status": "unlocked",
        "x-ms-owner": "$superuser",
        "x-ms-permissions": "rw-r-----",
        "x-ms-request-id": "edcf34c0-501e-005c-14f9-502aea000000",
        "x-ms-server-encrypted": "true",
        "x-ms-version": "2020-12-06"
      },
      "ResponseBody": "Ld3UbP4ImuvIq3FypeMvrUOEx3ItsC7KoEssdlix/UB47Mua0eb2wRYcz/WYtnxOSjGvV+yeSnyuCsyy2ySSF64x+bkXlNtcjgZbEeA5MenO3isnAaZT2qFO68caQ+XxirhHZrzDNrVVUsjmQjmbddjj4/34axUH3h8XyagUQks="
    },
    {
      "RequestUri": "http://kasobolhnscanada.blob.core.windows.net/test-filesystem-93d24517-c29c-0231-09db-c77e48f96860/test-file-fc3984fd-4c18-9ae7-a647-65b5c31f89db",
      "RequestMethod": "GET",
      "RequestHeaders": {
        "Accept": "application/xml",
        "Authorization": "Sanitized",
        "If-Match": "0x8D91F110AE0C251",
        "User-Agent": [
          "azsdk-net-Storage.Files.DataLake/12.7.0-alpha.20210524.1",
          "(.NET 5.0.6; Microsoft Windows 10.0.19043)"
        ],
        "x-ms-client-request-id": "8bc77393-d44f-2be9-062d-1ebfdca3b4bc",
        "x-ms-date": "Tue, 25 May 2021 00:07:11 GMT",
        "x-ms-range": "bytes=384-511",
        "x-ms-return-client-request-id": "true",
        "x-ms-version": "2020-12-06"
      },
      "RequestBody": null,
      "StatusCode": 206,
      "ResponseHeaders": {
        "Accept-Ranges": "bytes",
        "Content-Length": "128",
        "Content-Range": "bytes 384-511/1024",
        "Content-Type": "application/octet-stream",
        "Date": "Tue, 25 May 2021 00:07:10 GMT",
        "ETag": "\"0x8D91F110AE0C251\"",
        "Last-Modified": "Tue, 25 May 2021 00:07:10 GMT",
        "Server": [
          "Windows-Azure-Blob/1.0",
          "Microsoft-HTTPAPI/2.0"
        ],
        "x-ms-blob-type": "BlockBlob",
        "x-ms-client-request-id": "8bc77393-d44f-2be9-062d-1ebfdca3b4bc",
        "x-ms-creation-time": "Tue, 25 May 2021 00:07:10 GMT",
        "x-ms-group": "$superuser",
        "x-ms-lease-state": "available",
        "x-ms-lease-status": "unlocked",
        "x-ms-owner": "$superuser",
        "x-ms-permissions": "rw-r-----",
        "x-ms-request-id": "edcf34d3-501e-005c-27f9-502aea000000",
        "x-ms-server-encrypted": "true",
        "x-ms-version": "2020-12-06"
      },
      "ResponseBody": "IGmGKPHKLAunddGu3W2XaLJ27jdf6Pkeoj+InKttDEEQfcXYsnODDbbYVYKZZipwiK8WMiUK6zhwaIWyQo9gOmiPnmCnv7U/8+GAhpJ2hDsVFxT8VtocBZGNaErt0MsmeBsZCsjJycj51j5DimSl+eNKnSp6Y+OOc5jOGldrUiI="
    },
    {
      "RequestUri": "http://kasobolhnscanada.blob.core.windows.net/test-filesystem-93d24517-c29c-0231-09db-c77e48f96860/test-file-fc3984fd-4c18-9ae7-a647-65b5c31f89db",
      "RequestMethod": "GET",
      "RequestHeaders": {
        "Accept": "application/xml",
        "Authorization": "Sanitized",
        "If-Match": "0x8D91F110AE0C251",
        "User-Agent": [
          "azsdk-net-Storage.Files.DataLake/12.7.0-alpha.20210524.1",
          "(.NET 5.0.6; Microsoft Windows 10.0.19043)"
        ],
        "x-ms-client-request-id": "93ef84ef-8642-e61f-2fa0-bcb3cbbb49c2",
        "x-ms-date": "Tue, 25 May 2021 00:07:11 GMT",
        "x-ms-range": "bytes=512-639",
        "x-ms-return-client-request-id": "true",
        "x-ms-version": "2020-12-06"
      },
      "RequestBody": null,
      "StatusCode": 206,
      "ResponseHeaders": {
        "Accept-Ranges": "bytes",
        "Content-Length": "128",
        "Content-Range": "bytes 512-639/1024",
        "Content-Type": "application/octet-stream",
        "Date": "Tue, 25 May 2021 00:07:10 GMT",
        "ETag": "\"0x8D91F110AE0C251\"",
        "Last-Modified": "Tue, 25 May 2021 00:07:10 GMT",
        "Server": [
          "Windows-Azure-Blob/1.0",
          "Microsoft-HTTPAPI/2.0"
        ],
        "x-ms-blob-type": "BlockBlob",
        "x-ms-client-request-id": "93ef84ef-8642-e61f-2fa0-bcb3cbbb49c2",
        "x-ms-creation-time": "Tue, 25 May 2021 00:07:10 GMT",
        "x-ms-group": "$superuser",
        "x-ms-lease-state": "available",
        "x-ms-lease-status": "unlocked",
        "x-ms-owner": "$superuser",
        "x-ms-permissions": "rw-r-----",
        "x-ms-request-id": "edcf3519-501e-005c-63f9-502aea000000",
        "x-ms-server-encrypted": "true",
        "x-ms-version": "2020-12-06"
      },
      "ResponseBody": "FloOd116c0tOTAKAm9h7LOduZ6MzoKwUOIuWMPuvcY6EGy0vVi6caNdR3C5gY/KbHKEy6ASv73at+j/R40JPn9p0+4CqS9a50v7L4cR9s9SZ+xRafIiJ1Sy3glzuyoSUAj1T7Ghy8NDKeBYF4w6xMEZqOOgu9SJS6yVT88l6ygc="
    },
    {
      "RequestUri": "http://kasobolhnscanada.blob.core.windows.net/test-filesystem-93d24517-c29c-0231-09db-c77e48f96860/test-file-fc3984fd-4c18-9ae7-a647-65b5c31f89db",
      "RequestMethod": "GET",
      "RequestHeaders": {
        "Accept": "application/xml",
        "Authorization": "Sanitized",
        "If-Match": "0x8D91F110AE0C251",
        "User-Agent": [
          "azsdk-net-Storage.Files.DataLake/12.7.0-alpha.20210524.1",
          "(.NET 5.0.6; Microsoft Windows 10.0.19043)"
        ],
        "x-ms-client-request-id": "57d0b09a-21b4-587a-3abd-6b9e8e155b6e",
        "x-ms-date": "Tue, 25 May 2021 00:07:11 GMT",
        "x-ms-range": "bytes=640-767",
        "x-ms-return-client-request-id": "true",
        "x-ms-version": "2020-12-06"
      },
      "RequestBody": null,
      "StatusCode": 206,
      "ResponseHeaders": {
        "Accept-Ranges": "bytes",
        "Content-Length": "128",
        "Content-Range": "bytes 640-767/1024",
        "Content-Type": "application/octet-stream",
        "Date": "Tue, 25 May 2021 00:07:10 GMT",
        "ETag": "\"0x8D91F110AE0C251\"",
        "Last-Modified": "Tue, 25 May 2021 00:07:10 GMT",
        "Server": [
          "Windows-Azure-Blob/1.0",
          "Microsoft-HTTPAPI/2.0"
        ],
        "x-ms-blob-type": "BlockBlob",
        "x-ms-client-request-id": "57d0b09a-21b4-587a-3abd-6b9e8e155b6e",
        "x-ms-creation-time": "Tue, 25 May 2021 00:07:10 GMT",
        "x-ms-group": "$superuser",
        "x-ms-lease-state": "available",
        "x-ms-lease-status": "unlocked",
        "x-ms-owner": "$superuser",
        "x-ms-permissions": "rw-r-----",
        "x-ms-request-id": "edcf3542-501e-005c-02f9-502aea000000",
        "x-ms-server-encrypted": "true",
        "x-ms-version": "2020-12-06"
      },
      "ResponseBody": "ejffhynHbCcKQ48EcoTyHgVRFYSSm2YMGgEBQh79BlCtDourLioGfv0R3upmHd9nMjXteGVGdd7R0mwoxioJDTw/VmP4Ru/aS5aHgb17pvwhmg/oD47qZ5mt2ly+3rjTB9CtJ8d8buxGEy3Ov/QgVSxvBiwaIP6uVO/JS2ySHGw="
    },
    {
      "RequestUri": "http://kasobolhnscanada.blob.core.windows.net/test-filesystem-93d24517-c29c-0231-09db-c77e48f96860/test-file-fc3984fd-4c18-9ae7-a647-65b5c31f89db",
      "RequestMethod": "GET",
      "RequestHeaders": {
        "Accept": "application/xml",
        "Authorization": "Sanitized",
        "If-Match": "0x8D91F110AE0C251",
        "User-Agent": [
          "azsdk-net-Storage.Files.DataLake/12.7.0-alpha.20210524.1",
          "(.NET 5.0.6; Microsoft Windows 10.0.19043)"
        ],
        "x-ms-client-request-id": "1a19d86c-f1eb-c30e-50ff-116a2915ba93",
        "x-ms-date": "Tue, 25 May 2021 00:07:11 GMT",
        "x-ms-range": "bytes=768-895",
        "x-ms-return-client-request-id": "true",
        "x-ms-version": "2020-12-06"
      },
      "RequestBody": null,
      "StatusCode": 206,
      "ResponseHeaders": {
        "Accept-Ranges": "bytes",
        "Content-Length": "128",
        "Content-Range": "bytes 768-895/1024",
        "Content-Type": "application/octet-stream",
        "Date": "Tue, 25 May 2021 00:07:10 GMT",
        "ETag": "\"0x8D91F110AE0C251\"",
        "Last-Modified": "Tue, 25 May 2021 00:07:10 GMT",
        "Server": [
          "Windows-Azure-Blob/1.0",
          "Microsoft-HTTPAPI/2.0"
        ],
        "x-ms-blob-type": "BlockBlob",
        "x-ms-client-request-id": "1a19d86c-f1eb-c30e-50ff-116a2915ba93",
        "x-ms-creation-time": "Tue, 25 May 2021 00:07:10 GMT",
        "x-ms-group": "$superuser",
        "x-ms-lease-state": "available",
        "x-ms-lease-status": "unlocked",
        "x-ms-owner": "$superuser",
        "x-ms-permissions": "rw-r-----",
        "x-ms-request-id": "edcf355e-501e-005c-15f9-502aea000000",
        "x-ms-server-encrypted": "true",
        "x-ms-version": "2020-12-06"
      },
      "ResponseBody": "3rN57c1/NaUrI6H7YRyopYyFL0/YjLjn0v/S2LMjf7P3wPALezOHrTpgAPZ/Ak03RiS+52PMlFH6khvOrF3yCKPuBKAsnSpZ/YIVd4vCaM+xmpGOZJhQKiyeEOkXuQHdbvhSkP6sC6n5Zengtx3GOCpLHBHLY6MKndp0jYxBQUQ="
    },
    {
      "RequestUri": "http://kasobolhnscanada.blob.core.windows.net/test-filesystem-93d24517-c29c-0231-09db-c77e48f96860/test-file-fc3984fd-4c18-9ae7-a647-65b5c31f89db",
      "RequestMethod": "GET",
      "RequestHeaders": {
        "Accept": "application/xml",
        "Authorization": "Sanitized",
        "If-Match": "0x8D91F110AE0C251",
        "User-Agent": [
          "azsdk-net-Storage.Files.DataLake/12.7.0-alpha.20210524.1",
          "(.NET 5.0.6; Microsoft Windows 10.0.19043)"
        ],
        "x-ms-client-request-id": "b531c93a-41fc-3e83-9fb3-dbca36db30ba",
        "x-ms-date": "Tue, 25 May 2021 00:07:11 GMT",
        "x-ms-range": "bytes=896-1023",
        "x-ms-return-client-request-id": "true",
        "x-ms-version": "2020-12-06"
      },
      "RequestBody": null,
      "StatusCode": 206,
      "ResponseHeaders": {
        "Accept-Ranges": "bytes",
        "Content-Length": "128",
        "Content-Range": "bytes 896-1023/1024",
        "Content-Type": "application/octet-stream",
        "Date": "Tue, 25 May 2021 00:07:10 GMT",
        "ETag": "\"0x8D91F110AE0C251\"",
        "Last-Modified": "Tue, 25 May 2021 00:07:10 GMT",
        "Server": [
          "Windows-Azure-Blob/1.0",
          "Microsoft-HTTPAPI/2.0"
        ],
        "x-ms-blob-type": "BlockBlob",
        "x-ms-client-request-id": "b531c93a-41fc-3e83-9fb3-dbca36db30ba",
        "x-ms-creation-time": "Tue, 25 May 2021 00:07:10 GMT",
        "x-ms-group": "$superuser",
        "x-ms-lease-state": "available",
        "x-ms-lease-status": "unlocked",
        "x-ms-owner": "$superuser",
        "x-ms-permissions": "rw-r-----",
        "x-ms-request-id": "edcf358b-501e-005c-3bf9-502aea000000",
        "x-ms-server-encrypted": "true",
        "x-ms-version": "2020-12-06"
      },
      "ResponseBody": "gTcIkm/X0QWP6JX/r29yDtfYv8yc7xELVEjzIzh9HLgjpV9/FDPJUnoXguLOpFsuZ2a2tIJ1p5Em/T4n5K3MEcvd2wkP8vmkDmxRhG0vPa/sxLzSx2g1rf7OWRf1om7NSnAW8MhSHnVsEqUWIyIj9r+OOh/x+kljpy0LQZjhrmw="
    },
    {
      "RequestUri": "http://kasobolhnscanada.blob.core.windows.net/test-filesystem-93d24517-c29c-0231-09db-c77e48f96860?restype=container",
      "RequestMethod": "DELETE",
      "RequestHeaders": {
        "Accept": "application/xml",
        "Authorization": "Sanitized",
        "traceparent": "00-2f2b4b1c0d2ae14db6b6817ce2f45765-178ad2e70f0eef46-00",
        "User-Agent": [
          "azsdk-net-Storage.Files.DataLake/12.7.0-alpha.20210524.1",
          "(.NET 5.0.6; Microsoft Windows 10.0.19043)"
        ],
        "x-ms-client-request-id": "602f21cc-05e3-0297-6f65-17622c4f1c8e",
        "x-ms-date": "Tue, 25 May 2021 00:07:11 GMT",
        "x-ms-return-client-request-id": "true",
        "x-ms-version": "2020-12-06"
      },
      "RequestBody": null,
      "StatusCode": 202,
      "ResponseHeaders": {
        "Content-Length": "0",
        "Date": "Tue, 25 May 2021 00:07:11 GMT",
        "Server": [
          "Windows-Azure-Blob/1.0",
          "Microsoft-HTTPAPI/2.0"
        ],
        "x-ms-client-request-id": "602f21cc-05e3-0297-6f65-17622c4f1c8e",
        "x-ms-request-id": "edcf35b3-501e-005c-5cf9-502aea000000",
        "x-ms-version": "2020-12-06"
      },
      "ResponseBody": []
    }
  ],
  "Variables": {
    "RandomSeed": "459506304",
    "Storage_TestConfigHierarchicalNamespace": "NamespaceTenant\nkasobolhnscanada\nU2FuaXRpemVk\nhttp://kasobolhnscanada.blob.core.windows.net\nhttp://kasobolhnscanada.file.core.windows.net\nhttp://kasobolhnscanada.queue.core.windows.net\nhttp://kasobolhnscanada.table.core.windows.net\n\n\n\n\nhttp://kasobolhnscanada-secondary.blob.core.windows.net\nhttp://kasobolhnscanada-secondary.file.core.windows.net\nhttp://kasobolhnscanada-secondary.queue.core.windows.net\nhttp://kasobolhnscanada-secondary.table.core.windows.net\nc6b5fe1a-9b59-4975-92c4-d9f728c3c371\nSanitized\n72f988bf-86f1-41af-91ab-2d7cd011db47\nhttps://login.microsoftonline.com/\nCloud\nBlobEndpoint=http://kasobolhnscanada.blob.core.windows.net/;QueueEndpoint=http://kasobolhnscanada.queue.core.windows.net/;FileEndpoint=http://kasobolhnscanada.file.core.windows.net/;BlobSecondaryEndpoint=http://kasobolhnscanada-secondary.blob.core.windows.net/;QueueSecondaryEndpoint=http://kasobolhnscanada-secondary.queue.core.windows.net/;FileSecondaryEndpoint=http://kasobolhnscanada-secondary.file.core.windows.net/;AccountName=kasobolhnscanada;AccountKey=Sanitized\n\n\n"
  }
}