{
  "Entries": [
    {
      "RequestUri": "https://seannsecanary.blob.core.windows.net/test-filesystem-b50e7563-8afc-054f-c2a1-e79d4ed0d2c1?restype=container",
      "RequestMethod": "PUT",
      "RequestHeaders": {
        "Authorization": "Sanitized",
        "traceparent": "00-11590f6fc4b0e041838842c667611e70-13942b9645a10340-00",
        "User-Agent": [
          "azsdk-net-Storage.Files.DataLake/12.5.0-alpha.20201007.1",
          "(.NET Core 4.6.29220.03; Microsoft Windows 10.0.19042 )"
        ],
        "x-ms-blob-public-access": "container",
        "x-ms-client-request-id": "05e45f28-f931-eca6-80bc-84a6d3889891",
        "x-ms-date": "Wed, 07 Oct 2020 19:41:48 GMT",
        "x-ms-return-client-request-id": "true",
        "x-ms-version": "2020-04-08"
      },
      "RequestBody": null,
      "StatusCode": 201,
      "ResponseHeaders": {
        "Content-Length": "0",
        "Date": "Wed, 07 Oct 2020 19:41:48 GMT",
        "ETag": "\u00220x8D86AF90808C896\u0022",
        "Last-Modified": "Wed, 07 Oct 2020 19:41:48 GMT",
        "Server": [
          "Windows-Azure-Blob/1.0",
          "Microsoft-HTTPAPI/2.0"
        ],
        "x-ms-client-request-id": "05e45f28-f931-eca6-80bc-84a6d3889891",
        "x-ms-request-id": "a6c2cc09-001e-0029-15e1-9c73d4000000",
        "x-ms-version": "2020-04-08"
      },
      "ResponseBody": []
    },
    {
      "RequestUri": "https://seannsecanary.dfs.core.windows.net/test-filesystem-b50e7563-8afc-054f-c2a1-e79d4ed0d2c1/test-file-2266bf8e-5bdd-1249-9272-09cfae234ac1?resource=file",
      "RequestMethod": "PUT",
      "RequestHeaders": {
        "Authorization": "Sanitized",
        "If-None-Match": "*",
        "traceparent": "00-2cf58053abf7414ba22acfe9f2572d41-1b36ec352911e24a-00",
        "User-Agent": [
          "azsdk-net-Storage.Files.DataLake/12.5.0-alpha.20201007.1",
          "(.NET Core 4.6.29220.03; Microsoft Windows 10.0.19042 )"
        ],
        "x-ms-client-request-id": "221d196e-580b-27bd-acea-59eb2d614eb4",
        "x-ms-date": "Wed, 07 Oct 2020 19:41:48 GMT",
        "x-ms-return-client-request-id": "true",
        "x-ms-version": "2020-04-08"
      },
      "RequestBody": null,
      "StatusCode": 201,
      "ResponseHeaders": {
        "Content-Length": "0",
        "Date": "Wed, 07 Oct 2020 19:41:48 GMT",
        "ETag": "\u00220x8D86AF90836ACCF\u0022",
        "Last-Modified": "Wed, 07 Oct 2020 19:41:49 GMT",
        "Server": [
          "Windows-Azure-HDFS/1.0",
          "Microsoft-HTTPAPI/2.0"
        ],
        "x-ms-client-request-id": "221d196e-580b-27bd-acea-59eb2d614eb4",
        "x-ms-request-id": "f6955285-001f-0016-67e1-9cbb77000000",
        "x-ms-version": "2020-04-08"
      },
      "ResponseBody": []
    },
    {
      "RequestUri": "https://seannsecanary.dfs.core.windows.net/test-filesystem-b50e7563-8afc-054f-c2a1-e79d4ed0d2c1/test-file-2266bf8e-5bdd-1249-9272-09cfae234ac1?action=append\u0026position=0",
      "RequestMethod": "PATCH",
      "RequestHeaders": {
        "Authorization": "Sanitized",
        "Content-Length": "1024",
        "traceparent": "00-5c3625722e73cb4e8b8acb48a4fd7a03-4be9230cf1242840-00",
        "User-Agent": [
          "azsdk-net-Storage.Files.DataLake/12.5.0-alpha.20201007.1",
          "(.NET Core 4.6.29220.03; Microsoft Windows 10.0.19042 )"
        ],
        "x-ms-client-request-id": "95614260-2705-d1b5-fbc1-f384e2a94d12",
        "x-ms-date": "Wed, 07 Oct 2020 19:41:48 GMT",
        "x-ms-return-client-request-id": "true",
        "x-ms-version": "2020-04-08"
      },
      "RequestBody": "LvVOlCJNQUwqxj8KM2KBHMHjde/szJCag73KyZOkdO1Yxr6OV0vh2x2Y22q5nLkdOmfl7xOppGFltBFkgni4hVJSsWyk88V1AZnRU/El4OcErY4sv4TaryFdKaM6fFil31YYZ\u002BpMeUehb\u002B5511BvQNMqYNTqjMbOdwJLRsoiO4RBLHSbDHn8tzRGi0\u002BWYNfQ7enPEByEu1OPSu/nATJ9fjRpOKvc1DNaLaigowB2NxcqelngUypovXEgC8KJFbYByQwaLSgs9Bi1deN04xdSGRLYvIfZnCsKAXs6vMlx0Rfxntr0Wwru/oZAK95H89lZzfKvsFgvKCzgECyt8jhPRKPLgkQ9Xr0I6r4AmXFNwg2h4O7XwSC/wnatFEreQAxO8OY6fHGUHG80p8aZLo67kk4eDBFJeIKDC8DOj0lyKamysqiKE0abDMN\u002BohpZJpPn8oH8vzT6BHdjtnCxxo0mwn0c53vmMH4Hg/9Ny9ZoKeUs55zHdWp1uK4wJl3V6kY2WOCcPT4YAcIC9Tw1rDih\u002B42Lhd7xXkwTpy/MtQkhMZi4F3L1zOymE\u002BXZxYAtQAt1jivPSmVnRfqTiJUPS0y54cOjfJXGrC6g5HH5F5nL5WcjVybdUeczUNJ4YkNWlsiZIOS9isN2r\u002BL9L2X0bi1hx6Mt7PQl3I/bcCzDTUrrSU6oX/e0DlukradD4CKBP\u002BGkF5qgKKrUc0RU4RmWs2KYEeUXSw82rLlHiT5M4vtsWjFKHjawSyCj1OuzYCxCDfpFqs48afPSbmrgWJ9rh5FI6IfnTJQr6MbEdHYjg0yNBXtEBzctL/E9eLDLz/KBOE1aanekWsFlGcIHd/R9r\u002BoeUlIjJ39aG7iWqtTjYBjUQzwoyRjU6Ku63u11Jbf8v8nFrH2fXRDOAE\u002B/Dq/tgbmpMzS4VeXRSmmnaEiR5PUAmuoLHbObNOUrWcnJFdr7zVw0y/GDQ2rj9GIT\u002BPXIPBtZvnTF4WMFDv5OjfscBzSPq5rrXBkEfVaAJylRhzvwYh2tcFZlNuv4L73zNLZuxuwtg01a3OACVUEdRLk6tIbCXSreb5feKXSv8y1bEUigEmE9IwPuloU8qxsVSPIyvno3MNeLj1dVT1rYq\u002BmypkT4fTJY/ZCC1MakocN7yOGCfDSyI\u002BBwFIIJ59SpFeucigTXHMq/2cHptVsQ5u6T2oZ4Vi61/4JjiGiwThW82L7aCBe/o6sXwqNzyG6FYC2Udg1NMb\u002B95oqBdJRhD4qsLd2dNd7W1DbaYZSKQjYU3ic6G9gHb6f/HSGMPS8XtbIYx5uR5ypPvaHXcs8rM6RTbJZsJvOypL01nRi8SpcHw6zhcXqbg/b96143MP3X1Op8ONCYqg==",
      "StatusCode": 202,
      "ResponseHeaders": {
        "Content-Length": "0",
        "Date": "Wed, 07 Oct 2020 19:41:48 GMT",
        "Server": [
          "Windows-Azure-HDFS/1.0",
          "Microsoft-HTTPAPI/2.0"
        ],
        "x-ms-client-request-id": "95614260-2705-d1b5-fbc1-f384e2a94d12",
        "x-ms-request-id": "f6955286-001f-0016-68e1-9cbb77000000",
        "x-ms-request-server-encrypted": "true",
        "x-ms-version": "2020-04-08"
      },
      "ResponseBody": []
    },
    {
      "RequestUri": "https://seannsecanary.dfs.core.windows.net/test-filesystem-b50e7563-8afc-054f-c2a1-e79d4ed0d2c1/test-file-2266bf8e-5bdd-1249-9272-09cfae234ac1?action=flush\u0026position=1024",
      "RequestMethod": "PATCH",
      "RequestHeaders": {
        "Authorization": "Sanitized",
        "Content-Length": "0",
        "traceparent": "00-2375e6d41f2ba243a76826aec88984fa-c6a0c8445685f046-00",
        "User-Agent": [
          "azsdk-net-Storage.Files.DataLake/12.5.0-alpha.20201007.1",
          "(.NET Core 4.6.29220.03; Microsoft Windows 10.0.19042 )"
        ],
        "x-ms-client-request-id": "ea8a0607-b9ff-62ae-7381-842505b5717f",
        "x-ms-date": "Wed, 07 Oct 2020 19:41:48 GMT",
        "x-ms-return-client-request-id": "true",
        "x-ms-version": "2020-04-08"
      },
      "RequestBody": null,
      "StatusCode": 200,
      "ResponseHeaders": {
        "Content-Length": "0",
        "Date": "Wed, 07 Oct 2020 19:41:48 GMT",
        "ETag": "\u00220x8D86AF9084B9FCA\u0022",
        "Last-Modified": "Wed, 07 Oct 2020 19:41:49 GMT",
        "Server": [
          "Windows-Azure-HDFS/1.0",
          "Microsoft-HTTPAPI/2.0"
        ],
        "x-ms-client-request-id": "ea8a0607-b9ff-62ae-7381-842505b5717f",
        "x-ms-request-id": "f6955287-001f-0016-69e1-9cbb77000000",
        "x-ms-request-server-encrypted": "false",
        "x-ms-version": "2020-04-08"
      },
      "ResponseBody": []
    },
    {
      "RequestUri": "https://seannsecanary.blob.core.windows.net/test-filesystem-b50e7563-8afc-054f-c2a1-e79d4ed0d2c1/test-file-2266bf8e-5bdd-1249-9272-09cfae234ac1",
      "RequestMethod": "HEAD",
      "RequestHeaders": {
        "Authorization": "Sanitized",
        "traceparent": "00-6aafa6657bb0b04a9d1d80208a5b8765-069f1e8597161742-00",
        "User-Agent": [
          "azsdk-net-Storage.Files.DataLake/12.5.0-alpha.20201007.1",
          "(.NET Core 4.6.29220.03; Microsoft Windows 10.0.19042 )"
        ],
        "x-ms-client-request-id": "db7dc797-621f-b912-fadd-926c0dba7029",
        "x-ms-date": "Wed, 07 Oct 2020 19:41:49 GMT",
        "x-ms-return-client-request-id": "true",
        "x-ms-version": "2020-04-08"
      },
      "RequestBody": null,
      "StatusCode": 200,
      "ResponseHeaders": {
        "Accept-Ranges": "bytes",
        "Content-Length": "1024",
        "Content-Type": "application/octet-stream",
        "Date": "Wed, 07 Oct 2020 19:41:49 GMT",
        "ETag": "\u00220x8D86AF9084B9FCA\u0022",
        "Last-Modified": "Wed, 07 Oct 2020 19:41:49 GMT",
        "Server": [
          "Windows-Azure-Blob/1.0",
          "Microsoft-HTTPAPI/2.0"
        ],
        "x-ms-access-tier": "Hot",
        "x-ms-access-tier-inferred": "true",
        "x-ms-blob-type": "BlockBlob",
        "x-ms-client-request-id": "db7dc797-621f-b912-fadd-926c0dba7029",
        "x-ms-creation-time": "Wed, 07 Oct 2020 19:41:49 GMT",
        "x-ms-lease-state": "available",
        "x-ms-lease-status": "unlocked",
        "x-ms-request-id": "a6c2cc63-001e-0029-5ae1-9c73d4000000",
        "x-ms-server-encrypted": "true",
        "x-ms-version": "2020-04-08"
      },
      "ResponseBody": []
    },
    {
      "RequestUri": "https://seannsecanary.blob.core.windows.net/test-filesystem-b50e7563-8afc-054f-c2a1-e79d4ed0d2c1/test-file-2266bf8e-5bdd-1249-9272-09cfae234ac1",
      "RequestMethod": "GET",
      "RequestHeaders": {
        "Authorization": "Sanitized",
        "User-Agent": [
          "azsdk-net-Storage.Files.DataLake/12.5.0-alpha.20201007.1",
          "(.NET Core 4.6.29220.03; Microsoft Windows 10.0.19042 )"
        ],
        "x-ms-client-request-id": "3e8d2a58-9538-3a60-89f1-59634cf9c1a7",
        "x-ms-date": "Wed, 07 Oct 2020 19:41:49 GMT",
        "x-ms-range": "bytes=0-127",
        "x-ms-return-client-request-id": "true",
        "x-ms-version": "2020-04-08"
      },
      "RequestBody": null,
      "StatusCode": 206,
      "ResponseHeaders": {
        "Accept-Ranges": "bytes",
        "Content-Length": "128",
        "Content-Range": "bytes 0-127/1024",
        "Content-Type": "application/octet-stream",
        "Date": "Wed, 07 Oct 2020 19:41:49 GMT",
        "ETag": "\u00220x8D86AF9084B9FCA\u0022",
        "Last-Modified": "Wed, 07 Oct 2020 19:41:49 GMT",
        "Server": [
          "Windows-Azure-Blob/1.0",
          "Microsoft-HTTPAPI/2.0"
        ],
        "x-ms-blob-type": "BlockBlob",
        "x-ms-client-request-id": "3e8d2a58-9538-3a60-89f1-59634cf9c1a7",
        "x-ms-creation-time": "Wed, 07 Oct 2020 19:41:49 GMT",
        "x-ms-lease-state": "available",
        "x-ms-lease-status": "unlocked",
        "x-ms-request-id": "a6c2cc6d-001e-0029-63e1-9c73d4000000",
        "x-ms-server-encrypted": "true",
        "x-ms-version": "2020-04-08"
      },
      "ResponseBody": "LvVOlCJNQUwqxj8KM2KBHMHjde/szJCag73KyZOkdO1Yxr6OV0vh2x2Y22q5nLkdOmfl7xOppGFltBFkgni4hVJSsWyk88V1AZnRU/El4OcErY4sv4TaryFdKaM6fFil31YYZ\u002BpMeUehb\u002B5511BvQNMqYNTqjMbOdwJLRsoiO4Q="
    },
    {
      "RequestUri": "https://seannsecanary.blob.core.windows.net/test-filesystem-b50e7563-8afc-054f-c2a1-e79d4ed0d2c1/test-file-2266bf8e-5bdd-1249-9272-09cfae234ac1",
      "RequestMethod": "GET",
      "RequestHeaders": {
        "Authorization": "Sanitized",
        "If-Match": "0x8D86AF9084B9FCA",
        "User-Agent": [
          "azsdk-net-Storage.Files.DataLake/12.5.0-alpha.20201007.1",
          "(.NET Core 4.6.29220.03; Microsoft Windows 10.0.19042 )"
        ],
        "x-ms-client-request-id": "e313b4aa-312d-c3f0-1747-83037c88dca7",
        "x-ms-date": "Wed, 07 Oct 2020 19:41:49 GMT",
        "x-ms-range": "bytes=128-255",
        "x-ms-return-client-request-id": "true",
        "x-ms-version": "2020-04-08"
      },
      "RequestBody": null,
      "StatusCode": 206,
      "ResponseHeaders": {
        "Accept-Ranges": "bytes",
        "Content-Length": "128",
        "Content-Range": "bytes 128-255/1024",
        "Content-Type": "application/octet-stream",
        "Date": "Wed, 07 Oct 2020 19:41:49 GMT",
        "ETag": "\u00220x8D86AF9084B9FCA\u0022",
        "Last-Modified": "Wed, 07 Oct 2020 19:41:49 GMT",
        "Server": [
          "Windows-Azure-Blob/1.0",
          "Microsoft-HTTPAPI/2.0"
        ],
        "x-ms-blob-type": "BlockBlob",
        "x-ms-client-request-id": "e313b4aa-312d-c3f0-1747-83037c88dca7",
        "x-ms-creation-time": "Wed, 07 Oct 2020 19:41:49 GMT",
        "x-ms-lease-state": "available",
        "x-ms-lease-status": "unlocked",
        "x-ms-request-id": "a6c2cc75-001e-0029-69e1-9c73d4000000",
        "x-ms-server-encrypted": "true",
        "x-ms-version": "2020-04-08"
      },
      "ResponseBody": "QSx0mwx5/Lc0RotPlmDX0O3pzxAchLtTj0rv5wEyfX40aTir3NQzWi2ooKMAdjcXKnpZ4FMqaL1xIAvCiRW2AckMGi0oLPQYtXXjdOMXUhkS2LyH2ZwrCgF7OrzJcdEX8Z7a9FsK7v6GQCveR/PZWc3yr7BYLygs4BAsrfI4T0Q="
    },
    {
      "RequestUri": "https://seannsecanary.blob.core.windows.net/test-filesystem-b50e7563-8afc-054f-c2a1-e79d4ed0d2c1/test-file-2266bf8e-5bdd-1249-9272-09cfae234ac1",
      "RequestMethod": "GET",
      "RequestHeaders": {
        "Authorization": "Sanitized",
        "If-Match": "0x8D86AF9084B9FCA",
        "User-Agent": [
          "azsdk-net-Storage.Files.DataLake/12.5.0-alpha.20201007.1",
          "(.NET Core 4.6.29220.03; Microsoft Windows 10.0.19042 )"
        ],
        "x-ms-client-request-id": "98b8d13b-dee5-497a-9c1f-9ecb98614453",
        "x-ms-date": "Wed, 07 Oct 2020 19:41:49 GMT",
        "x-ms-range": "bytes=256-383",
        "x-ms-return-client-request-id": "true",
        "x-ms-version": "2020-04-08"
      },
      "RequestBody": null,
      "StatusCode": 206,
      "ResponseHeaders": {
        "Accept-Ranges": "bytes",
        "Content-Length": "128",
        "Content-Range": "bytes 256-383/1024",
        "Content-Type": "application/octet-stream",
        "Date": "Wed, 07 Oct 2020 19:41:49 GMT",
        "ETag": "\u00220x8D86AF9084B9FCA\u0022",
        "Last-Modified": "Wed, 07 Oct 2020 19:41:49 GMT",
        "Server": [
          "Windows-Azure-Blob/1.0",
          "Microsoft-HTTPAPI/2.0"
        ],
        "x-ms-blob-type": "BlockBlob",
        "x-ms-client-request-id": "98b8d13b-dee5-497a-9c1f-9ecb98614453",
        "x-ms-creation-time": "Wed, 07 Oct 2020 19:41:49 GMT",
        "x-ms-lease-state": "available",
        "x-ms-lease-status": "unlocked",
        "x-ms-request-id": "a6c2cc89-001e-0029-78e1-9c73d4000000",
        "x-ms-server-encrypted": "true",
        "x-ms-version": "2020-04-08"
      },
      "ResponseBody": "o8uCRD1evQjqvgCZcU3CDaHg7tfBIL/Cdq0USt5ADE7w5jp8cZQcbzSnxpkujruSTh4MEUl4goMLwM6PSXIpqbKyqIoTRpsMw36iGlkmk\u002Bfygfy/NPoEd2O2cLHGjSbCfRzne\u002BYwfgeD/03L1mgp5SznnMd1anW4rjAmXdXqRjY="
    },
    {
      "RequestUri": "https://seannsecanary.blob.core.windows.net/test-filesystem-b50e7563-8afc-054f-c2a1-e79d4ed0d2c1/test-file-2266bf8e-5bdd-1249-9272-09cfae234ac1",
      "RequestMethod": "GET",
      "RequestHeaders": {
        "Authorization": "Sanitized",
        "If-Match": "0x8D86AF9084B9FCA",
        "User-Agent": [
          "azsdk-net-Storage.Files.DataLake/12.5.0-alpha.20201007.1",
          "(.NET Core 4.6.29220.03; Microsoft Windows 10.0.19042 )"
        ],
        "x-ms-client-request-id": "aac8f8e7-44cf-1bc2-654f-d871dcffa463",
        "x-ms-date": "Wed, 07 Oct 2020 19:41:49 GMT",
        "x-ms-range": "bytes=384-511",
        "x-ms-return-client-request-id": "true",
        "x-ms-version": "2020-04-08"
      },
      "RequestBody": null,
      "StatusCode": 206,
      "ResponseHeaders": {
        "Accept-Ranges": "bytes",
        "Content-Length": "128",
        "Content-Range": "bytes 384-511/1024",
        "Content-Type": "application/octet-stream",
        "Date": "Wed, 07 Oct 2020 19:41:49 GMT",
        "ETag": "\u00220x8D86AF9084B9FCA\u0022",
        "Last-Modified": "Wed, 07 Oct 2020 19:41:49 GMT",
        "Server": [
          "Windows-Azure-Blob/1.0",
          "Microsoft-HTTPAPI/2.0"
        ],
        "x-ms-blob-type": "BlockBlob",
        "x-ms-client-request-id": "aac8f8e7-44cf-1bc2-654f-d871dcffa463",
        "x-ms-creation-time": "Wed, 07 Oct 2020 19:41:49 GMT",
        "x-ms-lease-state": "available",
        "x-ms-lease-status": "unlocked",
        "x-ms-request-id": "a6c2cc94-001e-0029-02e1-9c73d4000000",
        "x-ms-server-encrypted": "true",
        "x-ms-version": "2020-04-08"
      },
      "ResponseBody": "WOCcPT4YAcIC9Tw1rDih\u002B42Lhd7xXkwTpy/MtQkhMZi4F3L1zOymE\u002BXZxYAtQAt1jivPSmVnRfqTiJUPS0y54cOjfJXGrC6g5HH5F5nL5WcjVybdUeczUNJ4YkNWlsiZIOS9isN2r\u002BL9L2X0bi1hx6Mt7PQl3I/bcCzDTUrrSU4="
    },
    {
      "RequestUri": "https://seannsecanary.blob.core.windows.net/test-filesystem-b50e7563-8afc-054f-c2a1-e79d4ed0d2c1/test-file-2266bf8e-5bdd-1249-9272-09cfae234ac1",
      "RequestMethod": "GET",
      "RequestHeaders": {
        "Authorization": "Sanitized",
        "If-Match": "0x8D86AF9084B9FCA",
        "User-Agent": [
          "azsdk-net-Storage.Files.DataLake/12.5.0-alpha.20201007.1",
          "(.NET Core 4.6.29220.03; Microsoft Windows 10.0.19042 )"
        ],
        "x-ms-client-request-id": "a0e384b7-9998-3483-d04d-9616688551e9",
        "x-ms-date": "Wed, 07 Oct 2020 19:41:49 GMT",
        "x-ms-range": "bytes=512-639",
        "x-ms-return-client-request-id": "true",
        "x-ms-version": "2020-04-08"
      },
      "RequestBody": null,
      "StatusCode": 206,
      "ResponseHeaders": {
        "Accept-Ranges": "bytes",
        "Content-Length": "128",
        "Content-Range": "bytes 512-639/1024",
        "Content-Type": "application/octet-stream",
        "Date": "Wed, 07 Oct 2020 19:41:49 GMT",
        "ETag": "\u00220x8D86AF9084B9FCA\u0022",
        "Last-Modified": "Wed, 07 Oct 2020 19:41:49 GMT",
        "Server": [
          "Windows-Azure-Blob/1.0",
          "Microsoft-HTTPAPI/2.0"
        ],
        "x-ms-blob-type": "BlockBlob",
        "x-ms-client-request-id": "a0e384b7-9998-3483-d04d-9616688551e9",
        "x-ms-creation-time": "Wed, 07 Oct 2020 19:41:49 GMT",
        "x-ms-lease-state": "available",
        "x-ms-lease-status": "unlocked",
        "x-ms-request-id": "a6c2cc99-001e-0029-06e1-9c73d4000000",
        "x-ms-server-encrypted": "true",
        "x-ms-version": "2020-04-08"
      },
      "ResponseBody": "qF/3tA5bpK2nQ\u002BAigT/hpBeaoCiq1HNEVOEZlrNimBHlF0sPNqy5R4k\u002BTOL7bFoxSh42sEsgo9Trs2AsQg36RarOPGnz0m5q4Fifa4eRSOiH50yUK\u002BjGxHR2I4NMjQV7RAc3LS/xPXiwy8/ygThNWmp3pFrBZRnCB3f0fa/qHlI="
    },
    {
      "RequestUri": "https://seannsecanary.blob.core.windows.net/test-filesystem-b50e7563-8afc-054f-c2a1-e79d4ed0d2c1/test-file-2266bf8e-5bdd-1249-9272-09cfae234ac1",
      "RequestMethod": "GET",
      "RequestHeaders": {
        "Authorization": "Sanitized",
        "If-Match": "0x8D86AF9084B9FCA",
        "User-Agent": [
          "azsdk-net-Storage.Files.DataLake/12.5.0-alpha.20201007.1",
          "(.NET Core 4.6.29220.03; Microsoft Windows 10.0.19042 )"
        ],
        "x-ms-client-request-id": "58b949d4-031c-edcb-8c35-f847cd0f9154",
        "x-ms-date": "Wed, 07 Oct 2020 19:41:49 GMT",
        "x-ms-range": "bytes=640-767",
        "x-ms-return-client-request-id": "true",
        "x-ms-version": "2020-04-08"
      },
      "RequestBody": null,
      "StatusCode": 206,
      "ResponseHeaders": {
        "Accept-Ranges": "bytes",
        "Content-Length": "128",
        "Content-Range": "bytes 640-767/1024",
        "Content-Type": "application/octet-stream",
        "Date": "Wed, 07 Oct 2020 19:41:49 GMT",
        "ETag": "\u00220x8D86AF9084B9FCA\u0022",
        "Last-Modified": "Wed, 07 Oct 2020 19:41:49 GMT",
        "Server": [
          "Windows-Azure-Blob/1.0",
          "Microsoft-HTTPAPI/2.0"
        ],
        "x-ms-blob-type": "BlockBlob",
        "x-ms-client-request-id": "58b949d4-031c-edcb-8c35-f847cd0f9154",
        "x-ms-creation-time": "Wed, 07 Oct 2020 19:41:49 GMT",
        "x-ms-lease-state": "available",
        "x-ms-lease-status": "unlocked",
        "x-ms-request-id": "a6c2cc9e-001e-0029-0ae1-9c73d4000000",
        "x-ms-server-encrypted": "true",
        "x-ms-version": "2020-04-08"
      },
      "ResponseBody": "UiMnf1obuJaq1ONgGNRDPCjJGNToq7re7XUlt/y/ycWsfZ9dEM4AT78Or\u002B2BuakzNLhV5dFKaadoSJHk9QCa6gsds5s05StZyckV2vvNXDTL8YNDauP0YhP49cg8G1m\u002BdMXhYwUO/k6N\u002BxwHNI\u002BrmutcGQR9VoAnKVGHO/BiHa0="
    },
    {
      "RequestUri": "https://seannsecanary.blob.core.windows.net/test-filesystem-b50e7563-8afc-054f-c2a1-e79d4ed0d2c1/test-file-2266bf8e-5bdd-1249-9272-09cfae234ac1",
      "RequestMethod": "GET",
      "RequestHeaders": {
        "Authorization": "Sanitized",
        "If-Match": "0x8D86AF9084B9FCA",
        "User-Agent": [
          "azsdk-net-Storage.Files.DataLake/12.5.0-alpha.20201007.1",
          "(.NET Core 4.6.29220.03; Microsoft Windows 10.0.19042 )"
        ],
        "x-ms-client-request-id": "1e414af2-f9cc-2fcc-eeec-326da53eb6c3",
        "x-ms-date": "Wed, 07 Oct 2020 19:41:49 GMT",
        "x-ms-range": "bytes=768-895",
        "x-ms-return-client-request-id": "true",
        "x-ms-version": "2020-04-08"
      },
      "RequestBody": null,
      "StatusCode": 206,
      "ResponseHeaders": {
        "Accept-Ranges": "bytes",
        "Content-Length": "128",
        "Content-Range": "bytes 768-895/1024",
        "Content-Type": "application/octet-stream",
        "Date": "Wed, 07 Oct 2020 19:41:49 GMT",
        "ETag": "\u00220x8D86AF9084B9FCA\u0022",
        "Last-Modified": "Wed, 07 Oct 2020 19:41:49 GMT",
        "Server": [
          "Windows-Azure-Blob/1.0",
          "Microsoft-HTTPAPI/2.0"
        ],
        "x-ms-blob-type": "BlockBlob",
        "x-ms-client-request-id": "1e414af2-f9cc-2fcc-eeec-326da53eb6c3",
        "x-ms-creation-time": "Wed, 07 Oct 2020 19:41:49 GMT",
        "x-ms-lease-state": "available",
        "x-ms-lease-status": "unlocked",
        "x-ms-request-id": "a6c2cca4-001e-0029-0ee1-9c73d4000000",
        "x-ms-server-encrypted": "true",
        "x-ms-version": "2020-04-08"
      },
      "ResponseBody": "cFZlNuv4L73zNLZuxuwtg01a3OACVUEdRLk6tIbCXSreb5feKXSv8y1bEUigEmE9IwPuloU8qxsVSPIyvno3MNeLj1dVT1rYq\u002BmypkT4fTJY/ZCC1MakocN7yOGCfDSyI\u002BBwFIIJ59SpFeucigTXHMq/2cHptVsQ5u6T2oZ4Vi4="
    },
    {
      "RequestUri": "https://seannsecanary.blob.core.windows.net/test-filesystem-b50e7563-8afc-054f-c2a1-e79d4ed0d2c1/test-file-2266bf8e-5bdd-1249-9272-09cfae234ac1",
      "RequestMethod": "GET",
      "RequestHeaders": {
        "Authorization": "Sanitized",
        "If-Match": "0x8D86AF9084B9FCA",
        "User-Agent": [
          "azsdk-net-Storage.Files.DataLake/12.5.0-alpha.20201007.1",
          "(.NET Core 4.6.29220.03; Microsoft Windows 10.0.19042 )"
        ],
        "x-ms-client-request-id": "8255dc95-72ce-3e88-f9ac-1752887d73c0",
        "x-ms-date": "Wed, 07 Oct 2020 19:41:49 GMT",
        "x-ms-range": "bytes=896-1023",
        "x-ms-return-client-request-id": "true",
        "x-ms-version": "2020-04-08"
      },
      "RequestBody": null,
      "StatusCode": 206,
      "ResponseHeaders": {
        "Accept-Ranges": "bytes",
        "Content-Length": "128",
        "Content-Range": "bytes 896-1023/1024",
        "Content-Type": "application/octet-stream",
        "Date": "Wed, 07 Oct 2020 19:41:49 GMT",
        "ETag": "\u00220x8D86AF9084B9FCA\u0022",
        "Last-Modified": "Wed, 07 Oct 2020 19:41:49 GMT",
        "Server": [
          "Windows-Azure-Blob/1.0",
          "Microsoft-HTTPAPI/2.0"
        ],
        "x-ms-blob-type": "BlockBlob",
        "x-ms-client-request-id": "8255dc95-72ce-3e88-f9ac-1752887d73c0",
        "x-ms-creation-time": "Wed, 07 Oct 2020 19:41:49 GMT",
        "x-ms-lease-state": "available",
        "x-ms-lease-status": "unlocked",
        "x-ms-request-id": "a6c2ccac-001e-0029-16e1-9c73d4000000",
        "x-ms-server-encrypted": "true",
        "x-ms-version": "2020-04-08"
      },
      "ResponseBody": "tf\u002BCY4hosE4VvNi\u002B2ggXv6OrF8Kjc8huhWAtlHYNTTG/veaKgXSUYQ\u002BKrC3dnTXe1tQ22mGUikI2FN4nOhvYB2\u002Bn/x0hjD0vF7WyGMebkecqT72h13LPKzOkU2yWbCbzsqS9NZ0YvEqXB8Os4XF6m4P2/eteNzD919TqfDjQmKo="
    },
    {
      "RequestUri": "https://seannsecanary.blob.core.windows.net/test-filesystem-b50e7563-8afc-054f-c2a1-e79d4ed0d2c1?restype=container",
      "RequestMethod": "DELETE",
      "RequestHeaders": {
        "Authorization": "Sanitized",
        "traceparent": "00-2bb98ad8750ea2498d5c73610acd7703-2d5ea80b73719242-00",
        "User-Agent": [
          "azsdk-net-Storage.Files.DataLake/12.5.0-alpha.20201007.1",
          "(.NET Core 4.6.29220.03; Microsoft Windows 10.0.19042 )"
        ],
        "x-ms-client-request-id": "c8d7e4c9-34e8-caf4-f2ce-d42b3dba90e0",
        "x-ms-date": "Wed, 07 Oct 2020 19:41:49 GMT",
        "x-ms-return-client-request-id": "true",
        "x-ms-version": "2020-04-08"
      },
      "RequestBody": null,
      "StatusCode": 202,
      "ResponseHeaders": {
        "Content-Length": "0",
        "Date": "Wed, 07 Oct 2020 19:41:49 GMT",
        "Server": [
          "Windows-Azure-Blob/1.0",
          "Microsoft-HTTPAPI/2.0"
        ],
        "x-ms-client-request-id": "c8d7e4c9-34e8-caf4-f2ce-d42b3dba90e0",
        "x-ms-request-id": "a6c2ccaf-001e-0029-19e1-9c73d4000000",
        "x-ms-version": "2020-04-08"
      },
      "ResponseBody": []
    }
  ],
  "Variables": {
    "RandomSeed": "1227496089",
    "Storage_TestConfigHierarchicalNamespace": "NamespaceTenant\nseannsecanary\nU2FuaXRpemVk\nhttps://seannsecanary.blob.core.windows.net\nhttps://seannsecanary.file.core.windows.net\nhttps://seannsecanary.queue.core.windows.net\nhttps://seannsecanary.table.core.windows.net\n\n\n\n\nhttps://seannsecanary-secondary.blob.core.windows.net\nhttps://seannsecanary-secondary.file.core.windows.net\nhttps://seannsecanary-secondary.queue.core.windows.net\nhttps://seannsecanary-secondary.table.core.windows.net\n68390a19-a643-458b-b726-408abf67b4fc\nSanitized\n72f988bf-86f1-41af-91ab-2d7cd011db47\nhttps://login.microsoftonline.com/\nCloud\nBlobEndpoint=https://seannsecanary.blob.core.windows.net/;QueueEndpoint=https://seannsecanary.queue.core.windows.net/;FileEndpoint=https://seannsecanary.file.core.windows.net/;BlobSecondaryEndpoint=https://seannsecanary-secondary.blob.core.windows.net/;QueueSecondaryEndpoint=https://seannsecanary-secondary.queue.core.windows.net/;FileSecondaryEndpoint=https://seannsecanary-secondary.file.core.windows.net/;AccountName=seannsecanary;AccountKey=Sanitized\n"
  }
}