{
  "Entries": [
    {
      "RequestUri": "https://amandaadlscanary.blob.core.windows.net/test-filesystem-16e1f7a6-8489-ac97-f752-fcbdcd6e9a31?restype=container",
      "RequestMethod": "PUT",
      "RequestHeaders": {
        "Accept": "application/xml",
        "Authorization": "Sanitized",
        "traceparent": "00-915006e69fe10b448362dfbdc3c524a9-451639d7dd0d1a45-00",
        "User-Agent": [
          "azsdk-net-Storage.Files.DataLake/12.9.0-alpha.20211020.1",
          "(.NET 5.0.11; Microsoft Windows 10.0.19043)"
        ],
        "x-ms-blob-public-access": "container",
        "x-ms-client-request-id": "019782d4-65a2-ca38-9a7b-42a92917c150",
        "x-ms-date": "Wed, 20 Oct 2021 18:01:28 GMT",
        "x-ms-return-client-request-id": "true",
        "x-ms-version": "2021-04-10"
      },
      "RequestBody": null,
      "StatusCode": 201,
      "ResponseHeaders": {
        "Content-Length": "0",
        "Date": "Wed, 20 Oct 2021 18:01:28 GMT",
        "ETag": "\u00220x8D993F3A3A57B71\u0022",
        "Last-Modified": "Wed, 20 Oct 2021 18:01:28 GMT",
        "Server": [
          "Windows-Azure-Blob/1.0",
          "Microsoft-HTTPAPI/2.0"
        ],
        "x-ms-client-request-id": "019782d4-65a2-ca38-9a7b-42a92917c150",
        "x-ms-request-id": "abb35549-901e-00ad-3edc-c5ba54000000",
        "x-ms-version": "2021-04-10"
      },
      "ResponseBody": []
    },
    {
      "RequestUri": "https://amandaadlscanary.dfs.core.windows.net/test-filesystem-16e1f7a6-8489-ac97-f752-fcbdcd6e9a31/test-file-c6886d54-ee4b-492c-bff8-d43c5d40e5bb?resource=file",
      "RequestMethod": "PUT",
      "RequestHeaders": {
        "Accept": "application/json",
        "Authorization": "Sanitized",
        "traceparent": "00-e64219df9c57d5428580dc844851a4ee-71b2ce0e71de1d40-00",
        "User-Agent": [
          "azsdk-net-Storage.Files.DataLake/12.9.0-alpha.20211020.1",
          "(.NET 5.0.11; Microsoft Windows 10.0.19043)"
        ],
        "x-ms-client-request-id": "5a03d68b-4eb3-e6c7-554e-41aa91fb6d59",
        "x-ms-date": "Wed, 20 Oct 2021 18:01:28 GMT",
        "x-ms-return-client-request-id": "true",
        "x-ms-version": "2021-04-10"
      },
      "RequestBody": null,
      "StatusCode": 201,
      "ResponseHeaders": {
        "Content-Length": "0",
        "Date": "Wed, 20 Oct 2021 18:01:28 GMT",
        "ETag": "\u00220x8D993F3A3DED9AB\u0022",
        "Last-Modified": "Wed, 20 Oct 2021 18:01:28 GMT",
        "Server": [
          "Windows-Azure-HDFS/1.0",
          "Microsoft-HTTPAPI/2.0"
        ],
        "x-ms-client-request-id": "5a03d68b-4eb3-e6c7-554e-41aa91fb6d59",
        "x-ms-request-id": "5f596eff-501f-0056-0adc-c507ce000000",
        "x-ms-request-server-encrypted": "true",
        "x-ms-version": "2021-04-10"
      },
      "ResponseBody": []
    },
    {
      "RequestUri": "https://amandaadlscanary.blob.core.windows.net/test-filesystem-16e1f7a6-8489-ac97-f752-fcbdcd6e9a31/test-file-c6886d54-ee4b-492c-bff8-d43c5d40e5bb",
      "RequestMethod": "HEAD",
      "RequestHeaders": {
        "Accept": "application/xml",
        "Authorization": "Sanitized",
        "traceparent": "00-c30a1f94d6a343449333cea4113e05a4-0b8473734454ae46-00",
        "User-Agent": [
          "azsdk-net-Storage.Files.DataLake/12.9.0-alpha.20211020.1",
          "(.NET 5.0.11; Microsoft Windows 10.0.19043)"
        ],
        "x-ms-client-request-id": "785f0e2f-e19c-b3bb-cc05-d6d5bc5fee48",
        "x-ms-date": "Wed, 20 Oct 2021 18:01:28 GMT",
        "x-ms-return-client-request-id": "true",
        "x-ms-version": "2021-04-10"
      },
      "RequestBody": null,
      "StatusCode": 200,
      "ResponseHeaders": {
        "Accept-Ranges": "bytes",
        "Content-Length": "0",
        "Content-Type": "application/octet-stream",
        "Date": "Wed, 20 Oct 2021 18:01:28 GMT",
        "ETag": "\u00220x8D993F3A3DED9AB\u0022",
        "Last-Modified": "Wed, 20 Oct 2021 18:01:28 GMT",
        "Server": [
          "Windows-Azure-Blob/1.0",
          "Microsoft-HTTPAPI/2.0"
        ],
        "x-ms-access-tier": "Hot",
        "x-ms-access-tier-inferred": "true",
        "x-ms-blob-type": "BlockBlob",
        "x-ms-client-request-id": "785f0e2f-e19c-b3bb-cc05-d6d5bc5fee48",
        "x-ms-creation-time": "Wed, 20 Oct 2021 18:01:28 GMT",
        "x-ms-group": "$superuser",
        "x-ms-lease-state": "available",
        "x-ms-lease-status": "unlocked",
        "x-ms-owner": "$superuser",
        "x-ms-permissions": "rw-r-----",
        "x-ms-request-id": "abb35596-901e-00ad-07dc-c5ba54000000",
        "x-ms-resource-type": "file",
        "x-ms-server-encrypted": "true",
        "x-ms-version": "2021-04-10"
      },
      "ResponseBody": []
    },
    {
      "RequestUri": "https://amandaadlscanary.dfs.core.windows.net/test-filesystem-16e1f7a6-8489-ac97-f752-fcbdcd6e9a31/test-file-c6886d54-ee4b-492c-bff8-d43c5d40e5bb?action=append\u0026position=0",
      "RequestMethod": "PATCH",
      "RequestHeaders": {
        "Accept": "application/json",
        "Authorization": "Sanitized",
        "Content-Length": "256",
        "Content-Type": "application/octet-stream",
        "User-Agent": [
          "azsdk-net-Storage.Files.DataLake/12.9.0-alpha.20211020.1",
          "(.NET 5.0.11; Microsoft Windows 10.0.19043)"
        ],
        "x-ms-client-request-id": "58460e3b-5c33-a43e-8135-23db790e8251",
        "x-ms-date": "Wed, 20 Oct 2021 18:01:28 GMT",
        "x-ms-return-client-request-id": "true",
        "x-ms-version": "2021-04-10"
      },
      "RequestBody": "lYZsQC52ervePjkl2zouMjmpsYc8iwfvIQL1h1fkuJG5uFyUIX78FFxHfHUUogobIA9w6ErlHAp\u002BfR8rgfJk\u002BYWnayLemRG6rJ0q9Q\u002BS2n732mdHdM9H05tRFaNf0ZJq44LwbTfoPIb\u002Btjytuif77KKhM6eKHIS1X5eHjINtW9oKwBGMoWxHD53hSb6Tmhl0VikAvZ3r38f\u002BOg2fYK8CkFpho/oVb0o2WiQKqdLGIsV\u002BEzZabJ09H\u002BBKjmdfp67t3rljMvcfXufeymN54Tb0NxdHIU14qCO9JIQZy\u002BHj17J1HMsYY/DOX7RPfKI5xD2qVVZPF4ZgdDWVpQ5zBZMG\u002Bw==",
      "StatusCode": 202,
      "ResponseHeaders": {
        "Content-Length": "0",
        "Date": "Wed, 20 Oct 2021 18:01:28 GMT",
        "Server": [
          "Windows-Azure-HDFS/1.0",
          "Microsoft-HTTPAPI/2.0"
        ],
        "x-ms-client-request-id": "58460e3b-5c33-a43e-8135-23db790e8251",
        "x-ms-request-id": "5f596f02-501f-0056-0ddc-c507ce000000",
        "x-ms-request-server-encrypted": "true",
        "x-ms-version": "2021-04-10"
      },
      "ResponseBody": []
    },
    {
      "RequestUri": "https://amandaadlscanary.dfs.core.windows.net/test-filesystem-16e1f7a6-8489-ac97-f752-fcbdcd6e9a31/test-file-c6886d54-ee4b-492c-bff8-d43c5d40e5bb?action=append\u0026position=256",
      "RequestMethod": "PATCH",
      "RequestHeaders": {
        "Accept": "application/json",
        "Authorization": "Sanitized",
        "Content-Length": "256",
        "Content-Type": "application/octet-stream",
        "User-Agent": [
          "azsdk-net-Storage.Files.DataLake/12.9.0-alpha.20211020.1",
          "(.NET 5.0.11; Microsoft Windows 10.0.19043)"
        ],
        "x-ms-client-request-id": "ad9aa58b-9519-bf14-3eaa-1c2fa31458bd",
        "x-ms-date": "Wed, 20 Oct 2021 18:01:28 GMT",
        "x-ms-return-client-request-id": "true",
        "x-ms-version": "2021-04-10"
      },
      "RequestBody": "87EDxGvb0yd5wZkpLIGEX0ZudYqTwCwUp5WDveJbWSFJgK6IwHk\u002BeYMnncTHSwkTIa4tlx57ZzOF7x3WWBVFHWd336vT\u002B5/MMPsHayJnTVyMb5w0LsIDzRh7AtFcaCFt4n9cT2tdQCUOYGYidPwRHaHASeh5Ee\u002BldBKSV/jOcMfamYmiCv3wLi92Jc5b4FgcauUvmx4489GQt9tZyugsQO\u002BfSNtzbhOk0Bu4AushSZS5du0TntWooaW4ElIilmNGSeTevJd9qfvRissDf/Hlbm1HoFT7GaIa96c1ulzAgjm3crkHQo38O8zxQhMJpSG006Pl2/YPSzBCw8TwSO6eEQ==",
      "StatusCode": 202,
      "ResponseHeaders": {
        "Content-Length": "0",
        "Date": "Wed, 20 Oct 2021 18:01:28 GMT",
        "Server": [
          "Windows-Azure-HDFS/1.0",
          "Microsoft-HTTPAPI/2.0"
        ],
        "x-ms-client-request-id": "ad9aa58b-9519-bf14-3eaa-1c2fa31458bd",
        "x-ms-request-id": "5f596f03-501f-0056-0edc-c507ce000000",
        "x-ms-request-server-encrypted": "true",
        "x-ms-version": "2021-04-10"
      },
      "ResponseBody": []
    },
    {
      "RequestUri": "https://amandaadlscanary.dfs.core.windows.net/test-filesystem-16e1f7a6-8489-ac97-f752-fcbdcd6e9a31/test-file-c6886d54-ee4b-492c-bff8-d43c5d40e5bb?action=append\u0026position=512",
      "RequestMethod": "PATCH",
      "RequestHeaders": {
        "Accept": "application/json",
        "Authorization": "Sanitized",
        "Content-Length": "256",
        "Content-Type": "application/octet-stream",
        "User-Agent": [
          "azsdk-net-Storage.Files.DataLake/12.9.0-alpha.20211020.1",
          "(.NET 5.0.11; Microsoft Windows 10.0.19043)"
        ],
        "x-ms-client-request-id": "d4501607-d574-7b37-c1b2-9db0f79ac509",
        "x-ms-date": "Wed, 20 Oct 2021 18:01:28 GMT",
        "x-ms-return-client-request-id": "true",
        "x-ms-version": "2021-04-10"
      },
      "RequestBody": "CJFMDTfdLOBLZYcJ144QUoWA57nbp0OnJojEfsgL891SMAt4WBR89XcEkJGHQlm0s3JrxwblNmFOpOevGa0XP3GptqaDmPlxBPJC1hexH\u002BQvEMtVnyvXbfqqKbQszdvJ7VAf3ouzMRp5\u002BcMUol9JnIQDfwnhwZ9G0kmr2G5ERDYWeOjHkkFYfN6w3KZow8qbYIwvKU3S6Cuw2QtCB1irNLWN/Sp2ggpDqgMqMOX53g9\u002BEHjiFRvoQ5C9Frk1FnSGBKfw28agJN2C7H5JqLdFtvr8w/bfyR\u002BZpLmauWtQDZOPoys\u002BCANJ3uybXyicn5vYd2C\u002BOVN9pzuHVzYMBmpxMQ==",
      "StatusCode": 202,
      "ResponseHeaders": {
        "Content-Length": "0",
        "Date": "Wed, 20 Oct 2021 18:01:28 GMT",
        "Server": [
          "Windows-Azure-HDFS/1.0",
          "Microsoft-HTTPAPI/2.0"
        ],
        "x-ms-client-request-id": "d4501607-d574-7b37-c1b2-9db0f79ac509",
        "x-ms-request-id": "5f596f04-501f-0056-0fdc-c507ce000000",
        "x-ms-request-server-encrypted": "true",
        "x-ms-version": "2021-04-10"
      },
      "ResponseBody": []
    },
    {
      "RequestUri": "https://amandaadlscanary.dfs.core.windows.net/test-filesystem-16e1f7a6-8489-ac97-f752-fcbdcd6e9a31/test-file-c6886d54-ee4b-492c-bff8-d43c5d40e5bb?action=append\u0026position=768",
      "RequestMethod": "PATCH",
      "RequestHeaders": {
        "Accept": "application/json",
        "Authorization": "Sanitized",
        "Content-Length": "256",
        "Content-Type": "application/octet-stream",
        "User-Agent": [
          "azsdk-net-Storage.Files.DataLake/12.9.0-alpha.20211020.1",
          "(.NET 5.0.11; Microsoft Windows 10.0.19043)"
        ],
        "x-ms-client-request-id": "8c274e22-83c4-b349-3c7c-ec9a01262fab",
        "x-ms-date": "Wed, 20 Oct 2021 18:01:29 GMT",
        "x-ms-return-client-request-id": "true",
        "x-ms-version": "2021-04-10"
      },
      "RequestBody": "3\u002Bu6BYsHrfez5ApDafb9BB7BQQuS00AR/PC2scw82IEqLkmx5JVMcLPHhm5yY9GQWTLuRCllnwuqqAibUfsrdgyJGTutTB\u002BIddFYyk3RnpkeJVeaTpRXxI89BjyNsR63nA9i6UmW4w0SZc9XDdS\u002B2QpufCujkSh3MVWrcEXj\u002BsOyoC4\u002BbrVQiEJJh\u002BjFALa6fywyHjTzFAvn6rj06nLIL2sLpG2lgGpUHvTpWQlAsjGe8PEYsdyOv4wjV4P9XJ3PgVh9uVtIFf7B3f9ACboBpjiGVfmBr32PfOXhgSnnV8JXGtixw/nVVtvyV9TcTrXSIrBLdgejTtLa7Tx1Z5PV2g==",
      "StatusCode": 202,
      "ResponseHeaders": {
        "Content-Length": "0",
        "Date": "Wed, 20 Oct 2021 18:01:29 GMT",
        "Server": [
          "Windows-Azure-HDFS/1.0",
          "Microsoft-HTTPAPI/2.0"
        ],
        "x-ms-client-request-id": "8c274e22-83c4-b349-3c7c-ec9a01262fab",
        "x-ms-request-id": "5f596f05-501f-0056-10dc-c507ce000000",
        "x-ms-request-server-encrypted": "true",
        "x-ms-version": "2021-04-10"
      },
      "ResponseBody": []
    },
    {
      "RequestUri": "https://amandaadlscanary.dfs.core.windows.net/test-filesystem-16e1f7a6-8489-ac97-f752-fcbdcd6e9a31/test-file-c6886d54-ee4b-492c-bff8-d43c5d40e5bb?action=flush\u0026position=1024",
      "RequestMethod": "PATCH",
      "RequestHeaders": {
        "Accept": "application/json",
        "Authorization": "Sanitized",
        "If-Match": "\u00220x8D993F3A3DED9AB\u0022",
        "User-Agent": [
          "azsdk-net-Storage.Files.DataLake/12.9.0-alpha.20211020.1",
          "(.NET 5.0.11; Microsoft Windows 10.0.19043)"
        ],
        "x-ms-client-request-id": "a88d0da2-3972-b245-a553-6b3f9225eba8",
        "x-ms-date": "Wed, 20 Oct 2021 18:01:29 GMT",
        "x-ms-return-client-request-id": "true",
        "x-ms-version": "2021-04-10"
      },
      "RequestBody": null,
      "StatusCode": 200,
      "ResponseHeaders": {
        "Content-Length": "0",
        "Date": "Wed, 20 Oct 2021 18:01:29 GMT",
        "ETag": "\u00220x8D993F3A43F207C\u0022",
        "Last-Modified": "Wed, 20 Oct 2021 18:01:29 GMT",
        "Server": [
          "Windows-Azure-HDFS/1.0",
          "Microsoft-HTTPAPI/2.0"
        ],
        "x-ms-client-request-id": "a88d0da2-3972-b245-a553-6b3f9225eba8",
        "x-ms-request-id": "5f596f06-501f-0056-11dc-c507ce000000",
        "x-ms-request-server-encrypted": "false",
        "x-ms-version": "2021-04-10"
      },
      "ResponseBody": []
    },
    {
      "RequestUri": "https://amandaadlscanary.blob.core.windows.net/test-filesystem-16e1f7a6-8489-ac97-f752-fcbdcd6e9a31?restype=container",
      "RequestMethod": "DELETE",
      "RequestHeaders": {
        "Accept": "application/xml",
        "Authorization": "Sanitized",
        "traceparent": "00-2c1f002293bff24e89099cb991d32ca6-c050b5adb5838545-00",
        "User-Agent": [
          "azsdk-net-Storage.Files.DataLake/12.9.0-alpha.20211020.1",
          "(.NET 5.0.11; Microsoft Windows 10.0.19043)"
        ],
        "x-ms-client-request-id": "f4f8995c-8798-de39-ebbd-1b5474d3f430",
        "x-ms-date": "Wed, 20 Oct 2021 18:01:29 GMT",
        "x-ms-return-client-request-id": "true",
        "x-ms-version": "2021-04-10"
      },
      "RequestBody": null,
      "StatusCode": 202,
      "ResponseHeaders": {
        "Content-Length": "0",
        "Date": "Wed, 20 Oct 2021 18:01:29 GMT",
        "Server": [
          "Windows-Azure-Blob/1.0",
          "Microsoft-HTTPAPI/2.0"
        ],
        "x-ms-client-request-id": "f4f8995c-8798-de39-ebbd-1b5474d3f430",
        "x-ms-request-id": "abb35615-901e-00ad-7adc-c5ba54000000",
        "x-ms-version": "2021-04-10"
      },
      "ResponseBody": []
    }
  ],
  "Variables": {
    "RandomSeed": "1348001322",
    "Storage_TestConfigHierarchicalNamespace": "NamespaceTenant\namandaadlscanary\nU2FuaXRpemVk\nhttps://amandaadlscanary.blob.core.windows.net\nhttps://amandaadlscanary.file.core.windows.net\nhttps://amandaadlscanary.queue.core.windows.net\nhttps://amandaadlscanary.table.core.windows.net\n\n\n\n\nhttps://amandaadlscanary-secondary.blob.core.windows.net\nhttps://amandaadlscanary-secondary.file.core.windows.net\nhttps://amandaadlscanary-secondary.queue.core.windows.net\n\n68390a19-a643-458b-b726-408abf67b4fc\nSanitized\n72f988bf-86f1-41af-91ab-2d7cd011db47\nhttps://login.microsoftonline.com/\nCloud\nBlobEndpoint=https://amandaadlscanary.blob.core.windows.net/;QueueEndpoint=https://amandaadlscanary.queue.core.windows.net/;FileEndpoint=https://amandaadlscanary.file.core.windows.net/;BlobSecondaryEndpoint=https://amandaadlscanary-secondary.blob.core.windows.net/;QueueSecondaryEndpoint=https://amandaadlscanary-secondary.queue.core.windows.net/;FileSecondaryEndpoint=https://amandaadlscanary-secondary.file.core.windows.net/;AccountName=amandaadlscanary;AccountKey=Sanitized\n\n\n"
  }
}