{
  "Entries": [
    {
      "RequestUri": "https://seannse.blob.core.windows.net/test-filesystem-814a1955-9c2a-2d78-49c1-61220d4a8a82?restype=container",
      "RequestMethod": "PUT",
      "RequestHeaders": {
        "Accept": "application/xml",
        "Authorization": "Sanitized",
        "traceparent": "00-14788c1e2e40cd45a868d979f8368b63-13c19d124ecc4c48-00",
        "User-Agent": [
          "azsdk-net-Storage.Files.DataLake/12.7.0-alpha.20210217.1",
          "(.NET 5.0.3; Microsoft Windows 10.0.19042)"
        ],
        "x-ms-blob-public-access": "container",
        "x-ms-client-request-id": "bcb09c36-c4a4-c998-2f63-1aa9c16e811d",
        "x-ms-date": "Wed, 17 Feb 2021 22:24:31 GMT",
        "x-ms-return-client-request-id": "true",
        "x-ms-version": "2020-06-12"
      },
      "RequestBody": null,
      "StatusCode": 201,
      "ResponseHeaders": {
        "Content-Length": "0",
        "Date": "Wed, 17 Feb 2021 22:24:30 GMT",
        "ETag": "\u00220x8D8D392CC1EA62E\u0022",
        "Last-Modified": "Wed, 17 Feb 2021 22:24:31 GMT",
        "Server": [
          "Windows-Azure-Blob/1.0",
          "Microsoft-HTTPAPI/2.0"
        ],
        "x-ms-client-request-id": "bcb09c36-c4a4-c998-2f63-1aa9c16e811d",
        "x-ms-request-id": "4e444d97-801e-003b-787b-053afb000000",
        "x-ms-version": "2020-06-12"
      },
      "ResponseBody": []
    },
    {
      "RequestUri": "https://seannse.dfs.core.windows.net/test-filesystem-814a1955-9c2a-2d78-49c1-61220d4a8a82/test-file-680f5861-1a66-e1d9-8de2-130d0dcc9235?resource=file",
      "RequestMethod": "PUT",
      "RequestHeaders": {
        "Authorization": "Sanitized",
        "traceparent": "00-2d9bb3a7f7d70b4694cb435cfe3bf83c-1d233cc319d2db45-00",
        "User-Agent": [
          "azsdk-net-Storage.Files.DataLake/12.7.0-alpha.20210217.1",
          "(.NET 5.0.3; Microsoft Windows 10.0.19042)"
        ],
        "x-ms-client-request-id": "434a729b-9e04-1cf6-c2ce-2ec2b18bbc62",
        "x-ms-date": "Wed, 17 Feb 2021 22:24:31 GMT",
        "x-ms-return-client-request-id": "true",
        "x-ms-version": "2020-06-12"
      },
      "RequestBody": null,
      "StatusCode": 201,
      "ResponseHeaders": {
        "Content-Length": "0",
        "Date": "Wed, 17 Feb 2021 22:24:31 GMT",
        "ETag": "\u00220x8D8D392CC59F5D6\u0022",
        "Last-Modified": "Wed, 17 Feb 2021 22:24:32 GMT",
        "Server": [
          "Windows-Azure-HDFS/1.0",
          "Microsoft-HTTPAPI/2.0"
        ],
        "x-ms-client-request-id": "434a729b-9e04-1cf6-c2ce-2ec2b18bbc62",
        "x-ms-request-id": "1774b6de-701f-002f-2d7b-057294000000",
        "x-ms-version": "2020-06-12"
      },
      "ResponseBody": []
    },
    {
      "RequestUri": "https://seannse.dfs.core.windows.net/test-filesystem-814a1955-9c2a-2d78-49c1-61220d4a8a82/test-file-680f5861-1a66-e1d9-8de2-130d0dcc9235?resource=file",
      "RequestMethod": "PUT",
      "RequestHeaders": {
        "Authorization": "Sanitized",
        "If-Modified-Since": "Thu, 18 Feb 2021 22:24:31 GMT",
        "User-Agent": [
          "azsdk-net-Storage.Files.DataLake/12.7.0-alpha.20210217.1",
          "(.NET 5.0.3; Microsoft Windows 10.0.19042)"
        ],
        "x-ms-client-request-id": "554fb7f4-b08f-3dd0-5d5d-28442a40f037",
        "x-ms-date": "Wed, 17 Feb 2021 22:24:32 GMT",
        "x-ms-return-client-request-id": "true",
        "x-ms-version": "2020-06-12"
      },
      "RequestBody": null,
      "StatusCode": 412,
      "ResponseHeaders": {
        "Content-Length": "200",
        "Content-Type": "application/json; charset=utf-8",
        "Date": "Wed, 17 Feb 2021 22:24:31 GMT",
        "Server": [
          "Windows-Azure-HDFS/1.0",
          "Microsoft-HTTPAPI/2.0"
        ],
        "x-ms-client-request-id": "554fb7f4-b08f-3dd0-5d5d-28442a40f037",
        "x-ms-error-code": "ConditionNotMet",
        "x-ms-request-id": "1774b6ea-701f-002f-397b-057294000000",
        "x-ms-version": "2020-06-12"
      },
      "ResponseBody": {
        "error": {
          "code": "ConditionNotMet",
          "message": "The condition specified using HTTP conditional header(s) is not met.\nRequestId:1774b6ea-701f-002f-397b-057294000000\nTime:2021-02-17T22:24:32.0956393Z"
        }
      }
    },
    {
      "RequestUri": "https://seannse.blob.core.windows.net/test-filesystem-814a1955-9c2a-2d78-49c1-61220d4a8a82?restype=container",
      "RequestMethod": "DELETE",
      "RequestHeaders": {
        "Accept": "application/xml",
        "Authorization": "Sanitized",
        "traceparent": "00-7878f6317218b442a4d0d6b8c8160caa-eeaf3be8fb097c46-00",
        "User-Agent": [
          "azsdk-net-Storage.Files.DataLake/12.7.0-alpha.20210217.1",
          "(.NET 5.0.3; Microsoft Windows 10.0.19042)"
        ],
        "x-ms-client-request-id": "7bfe08b2-29c0-9c15-58c3-ffe9b22989a0",
        "x-ms-date": "Wed, 17 Feb 2021 22:24:32 GMT",
        "x-ms-return-client-request-id": "true",
        "x-ms-version": "2020-06-12"
      },
      "RequestBody": null,
      "StatusCode": 202,
      "ResponseHeaders": {
        "Content-Length": "0",
        "Date": "Wed, 17 Feb 2021 22:24:31 GMT",
        "Server": [
          "Windows-Azure-Blob/1.0",
          "Microsoft-HTTPAPI/2.0"
        ],
        "x-ms-client-request-id": "7bfe08b2-29c0-9c15-58c3-ffe9b22989a0",
        "x-ms-request-id": "4e444ea7-801e-003b-6d7b-053afb000000",
        "x-ms-version": "2020-06-12"
      },
      "ResponseBody": []
    },
    {
      "RequestUri": "https://seannse.blob.core.windows.net/test-filesystem-ea4473c7-cf1c-8873-19df-e6c22e365681?restype=container",
      "RequestMethod": "PUT",
      "RequestHeaders": {
        "Accept": "application/xml",
        "Authorization": "Sanitized",
        "traceparent": "00-495dc935d6165b4b8a93f52a7bd7f6ba-fbc09d8600490741-00",
        "User-Agent": [
          "azsdk-net-Storage.Files.DataLake/12.7.0-alpha.20210217.1",
          "(.NET 5.0.3; Microsoft Windows 10.0.19042)"
        ],
        "x-ms-blob-public-access": "container",
        "x-ms-client-request-id": "73d3e143-0096-e216-9476-61e143526e22",
        "x-ms-date": "Wed, 17 Feb 2021 22:24:32 GMT",
        "x-ms-return-client-request-id": "true",
        "x-ms-version": "2020-06-12"
      },
      "RequestBody": null,
      "StatusCode": 201,
      "ResponseHeaders": {
        "Content-Length": "0",
        "Date": "Wed, 17 Feb 2021 22:24:32 GMT",
        "ETag": "\u00220x8D8D392CCA8375A\u0022",
        "Last-Modified": "Wed, 17 Feb 2021 22:24:32 GMT",
        "Server": [
          "Windows-Azure-Blob/1.0",
          "Microsoft-HTTPAPI/2.0"
        ],
        "x-ms-client-request-id": "73d3e143-0096-e216-9476-61e143526e22",
        "x-ms-request-id": "9a398e5c-601e-0033-337b-0520f4000000",
        "x-ms-version": "2020-06-12"
      },
      "ResponseBody": []
    },
    {
      "RequestUri": "https://seannse.dfs.core.windows.net/test-filesystem-ea4473c7-cf1c-8873-19df-e6c22e365681/test-file-bd767e6c-6797-525e-fc01-2c87ae331b65?resource=file",
      "RequestMethod": "PUT",
      "RequestHeaders": {
        "Authorization": "Sanitized",
        "traceparent": "00-9a79771f98346d4e957c888432366550-ff51fdb73b20ff45-00",
        "User-Agent": [
          "azsdk-net-Storage.Files.DataLake/12.7.0-alpha.20210217.1",
          "(.NET 5.0.3; Microsoft Windows 10.0.19042)"
        ],
        "x-ms-client-request-id": "eed3fd26-003d-dcae-8380-7795d38e3461",
        "x-ms-date": "Wed, 17 Feb 2021 22:24:32 GMT",
        "x-ms-return-client-request-id": "true",
        "x-ms-version": "2020-06-12"
      },
      "RequestBody": null,
      "StatusCode": 201,
      "ResponseHeaders": {
        "Content-Length": "0",
        "Date": "Wed, 17 Feb 2021 22:24:32 GMT",
        "ETag": "\u00220x8D8D392CCEFD6ED\u0022",
        "Last-Modified": "Wed, 17 Feb 2021 22:24:32 GMT",
        "Server": [
          "Windows-Azure-HDFS/1.0",
          "Microsoft-HTTPAPI/2.0"
        ],
        "x-ms-client-request-id": "eed3fd26-003d-dcae-8380-7795d38e3461",
        "x-ms-request-id": "175776d0-901f-0037-377b-05adf3000000",
        "x-ms-version": "2020-06-12"
      },
      "ResponseBody": []
    },
    {
      "RequestUri": "https://seannse.dfs.core.windows.net/test-filesystem-ea4473c7-cf1c-8873-19df-e6c22e365681/test-file-bd767e6c-6797-525e-fc01-2c87ae331b65?resource=file",
      "RequestMethod": "PUT",
      "RequestHeaders": {
        "Authorization": "Sanitized",
        "If-Unmodified-Since": "Tue, 16 Feb 2021 22:24:31 GMT",
        "User-Agent": [
          "azsdk-net-Storage.Files.DataLake/12.7.0-alpha.20210217.1",
          "(.NET 5.0.3; Microsoft Windows 10.0.19042)"
        ],
        "x-ms-client-request-id": "18fed99f-36b7-223c-4369-c31b40159d43",
        "x-ms-date": "Wed, 17 Feb 2021 22:24:33 GMT",
        "x-ms-return-client-request-id": "true",
        "x-ms-version": "2020-06-12"
      },
      "RequestBody": null,
      "StatusCode": 412,
      "ResponseHeaders": {
        "Content-Length": "200",
        "Content-Type": "application/json; charset=utf-8",
        "Date": "Wed, 17 Feb 2021 22:24:32 GMT",
        "Server": [
          "Windows-Azure-HDFS/1.0",
          "Microsoft-HTTPAPI/2.0"
        ],
        "x-ms-client-request-id": "18fed99f-36b7-223c-4369-c31b40159d43",
        "x-ms-error-code": "ConditionNotMet",
        "x-ms-request-id": "175776ec-901f-0037-537b-05adf3000000",
        "x-ms-version": "2020-06-12"
      },
      "ResponseBody": {
        "error": {
          "code": "ConditionNotMet",
          "message": "The condition specified using HTTP conditional header(s) is not met.\nRequestId:175776ec-901f-0037-537b-05adf3000000\nTime:2021-02-17T22:24:33.0821694Z"
        }
      }
    },
    {
      "RequestUri": "https://seannse.blob.core.windows.net/test-filesystem-ea4473c7-cf1c-8873-19df-e6c22e365681?restype=container",
      "RequestMethod": "DELETE",
      "RequestHeaders": {
        "Accept": "application/xml",
        "Authorization": "Sanitized",
        "traceparent": "00-d61d9a9f26b79f46b181cf01d6642db1-8dbd318396556b48-00",
        "User-Agent": [
          "azsdk-net-Storage.Files.DataLake/12.7.0-alpha.20210217.1",
          "(.NET 5.0.3; Microsoft Windows 10.0.19042)"
        ],
        "x-ms-client-request-id": "8b29380f-48c3-e08d-1747-2deada1371f3",
        "x-ms-date": "Wed, 17 Feb 2021 22:24:33 GMT",
        "x-ms-return-client-request-id": "true",
        "x-ms-version": "2020-06-12"
      },
      "RequestBody": null,
      "StatusCode": 202,
      "ResponseHeaders": {
        "Content-Length": "0",
        "Date": "Wed, 17 Feb 2021 22:24:32 GMT",
        "Server": [
          "Windows-Azure-Blob/1.0",
          "Microsoft-HTTPAPI/2.0"
        ],
        "x-ms-client-request-id": "8b29380f-48c3-e08d-1747-2deada1371f3",
        "x-ms-request-id": "9a398ef4-601e-0033-367b-0520f4000000",
        "x-ms-version": "2020-06-12"
      },
      "ResponseBody": []
    },
    {
      "RequestUri": "https://seannse.blob.core.windows.net/test-filesystem-ea2f7d6a-5547-b85b-031e-9d6e8d0c45f3?restype=container",
      "RequestMethod": "PUT",
      "RequestHeaders": {
        "Accept": "application/xml",
        "Authorization": "Sanitized",
        "traceparent": "00-827bf278119b424a9f17725410fbca9a-9380b3ad725cce49-00",
        "User-Agent": [
          "azsdk-net-Storage.Files.DataLake/12.7.0-alpha.20210217.1",
          "(.NET 5.0.3; Microsoft Windows 10.0.19042)"
        ],
        "x-ms-blob-public-access": "container",
        "x-ms-client-request-id": "5ec4b5d7-f920-ba8f-dd70-87a4ab1e520a",
        "x-ms-date": "Wed, 17 Feb 2021 22:24:33 GMT",
        "x-ms-return-client-request-id": "true",
        "x-ms-version": "2020-06-12"
      },
      "RequestBody": null,
      "StatusCode": 201,
      "ResponseHeaders": {
        "Content-Length": "0",
        "Date": "Wed, 17 Feb 2021 22:24:33 GMT",
        "ETag": "\u00220x8D8D392CD3EC1E9\u0022",
        "Last-Modified": "Wed, 17 Feb 2021 22:24:33 GMT",
        "Server": [
          "Windows-Azure-Blob/1.0",
          "Microsoft-HTTPAPI/2.0"
        ],
        "x-ms-client-request-id": "5ec4b5d7-f920-ba8f-dd70-87a4ab1e520a",
        "x-ms-request-id": "30f0b516-901e-00a1-447b-05a422000000",
        "x-ms-version": "2020-06-12"
      },
      "ResponseBody": []
    },
    {
      "RequestUri": "https://seannse.dfs.core.windows.net/test-filesystem-ea2f7d6a-5547-b85b-031e-9d6e8d0c45f3/test-file-ee643a01-6a07-5807-fd3e-e5f93f1cff18?resource=file",
      "RequestMethod": "PUT",
      "RequestHeaders": {
        "Authorization": "Sanitized",
        "traceparent": "00-b8eb766c2f9fbf41bdf426ce674e3e5a-433424de469b4c4a-00",
        "User-Agent": [
          "azsdk-net-Storage.Files.DataLake/12.7.0-alpha.20210217.1",
          "(.NET 5.0.3; Microsoft Windows 10.0.19042)"
        ],
        "x-ms-client-request-id": "7e3d0bfb-1686-6c61-ae6c-60e114967bc0",
        "x-ms-date": "Wed, 17 Feb 2021 22:24:33 GMT",
        "x-ms-return-client-request-id": "true",
        "x-ms-version": "2020-06-12"
      },
      "RequestBody": null,
      "StatusCode": 201,
      "ResponseHeaders": {
        "Content-Length": "0",
        "Date": "Wed, 17 Feb 2021 22:24:33 GMT",
        "ETag": "\u00220x8D8D392CD7AAAA6\u0022",
        "Last-Modified": "Wed, 17 Feb 2021 22:24:33 GMT",
        "Server": [
          "Windows-Azure-HDFS/1.0",
          "Microsoft-HTTPAPI/2.0"
        ],
        "x-ms-client-request-id": "7e3d0bfb-1686-6c61-ae6c-60e114967bc0",
        "x-ms-request-id": "3874ae2a-301f-004c-7f7b-05ef6f000000",
        "x-ms-version": "2020-06-12"
      },
      "ResponseBody": []
    },
    {
      "RequestUri": "https://seannse.dfs.core.windows.net/test-filesystem-ea2f7d6a-5547-b85b-031e-9d6e8d0c45f3/test-file-ee643a01-6a07-5807-fd3e-e5f93f1cff18?resource=file",
      "RequestMethod": "PUT",
      "RequestHeaders": {
        "Authorization": "Sanitized",
        "If-Match": "\u0022garbage\u0022",
        "User-Agent": [
          "azsdk-net-Storage.Files.DataLake/12.7.0-alpha.20210217.1",
          "(.NET 5.0.3; Microsoft Windows 10.0.19042)"
        ],
        "x-ms-client-request-id": "e151e249-be99-c8da-ec31-c11db3c393f9",
        "x-ms-date": "Wed, 17 Feb 2021 22:24:34 GMT",
        "x-ms-return-client-request-id": "true",
        "x-ms-version": "2020-06-12"
      },
      "RequestBody": null,
      "StatusCode": 412,
      "ResponseHeaders": {
        "Content-Length": "200",
        "Content-Type": "application/json; charset=utf-8",
        "Date": "Wed, 17 Feb 2021 22:24:33 GMT",
        "Server": [
          "Windows-Azure-HDFS/1.0",
          "Microsoft-HTTPAPI/2.0"
        ],
        "x-ms-client-request-id": "e151e249-be99-c8da-ec31-c11db3c393f9",
        "x-ms-error-code": "ConditionNotMet",
        "x-ms-request-id": "3874ae42-301f-004c-177b-05ef6f000000",
        "x-ms-version": "2020-06-12"
      },
      "ResponseBody": {
        "error": {
          "code": "ConditionNotMet",
          "message": "The condition specified using HTTP conditional header(s) is not met.\nRequestId:3874ae42-301f-004c-177b-05ef6f000000\nTime:2021-02-17T22:24:33.9838208Z"
        }
      }
    },
    {
      "RequestUri": "https://seannse.blob.core.windows.net/test-filesystem-ea2f7d6a-5547-b85b-031e-9d6e8d0c45f3?restype=container",
      "RequestMethod": "DELETE",
      "RequestHeaders": {
        "Accept": "application/xml",
        "Authorization": "Sanitized",
        "traceparent": "00-7ea5a7d6557872498cb757d47e57b61f-4a32d0abc246c14e-00",
        "User-Agent": [
          "azsdk-net-Storage.Files.DataLake/12.7.0-alpha.20210217.1",
          "(.NET 5.0.3; Microsoft Windows 10.0.19042)"
        ],
        "x-ms-client-request-id": "b3c408da-c70f-6e71-7494-b8ed29b91288",
        "x-ms-date": "Wed, 17 Feb 2021 22:24:34 GMT",
        "x-ms-return-client-request-id": "true",
        "x-ms-version": "2020-06-12"
      },
      "RequestBody": null,
      "StatusCode": 202,
      "ResponseHeaders": {
        "Content-Length": "0",
        "Date": "Wed, 17 Feb 2021 22:24:33 GMT",
        "Server": [
          "Windows-Azure-Blob/1.0",
          "Microsoft-HTTPAPI/2.0"
        ],
        "x-ms-client-request-id": "b3c408da-c70f-6e71-7494-b8ed29b91288",
        "x-ms-request-id": "30f0b5fd-901e-00a1-177b-05a422000000",
        "x-ms-version": "2020-06-12"
      },
      "ResponseBody": []
    },
    {
      "RequestUri": "https://seannse.blob.core.windows.net/test-filesystem-beacfba8-afa4-30d0-8ac1-8030ac4edf2d?restype=container",
      "RequestMethod": "PUT",
      "RequestHeaders": {
        "Accept": "application/xml",
        "Authorization": "Sanitized",
        "traceparent": "00-de5fdf03cb7eb548b201addd4c7f9b92-ff127ec07f826b4c-00",
        "User-Agent": [
          "azsdk-net-Storage.Files.DataLake/12.7.0-alpha.20210217.1",
          "(.NET 5.0.3; Microsoft Windows 10.0.19042)"
        ],
        "x-ms-blob-public-access": "container",
        "x-ms-client-request-id": "ede38956-5212-2a36-3893-294d4641c125",
        "x-ms-date": "Wed, 17 Feb 2021 22:24:34 GMT",
        "x-ms-return-client-request-id": "true",
        "x-ms-version": "2020-06-12"
      },
      "RequestBody": null,
      "StatusCode": 201,
      "ResponseHeaders": {
        "Content-Length": "0",
        "Date": "Wed, 17 Feb 2021 22:24:33 GMT",
        "ETag": "\u00220x8D8D392CDC58521\u0022",
        "Last-Modified": "Wed, 17 Feb 2021 22:24:34 GMT",
        "Server": [
          "Windows-Azure-Blob/1.0",
          "Microsoft-HTTPAPI/2.0"
        ],
        "x-ms-client-request-id": "ede38956-5212-2a36-3893-294d4641c125",
        "x-ms-request-id": "b1fe1152-201e-0022-4e7b-05ba40000000",
        "x-ms-version": "2020-06-12"
      },
      "ResponseBody": []
    },
    {
      "RequestUri": "https://seannse.dfs.core.windows.net/test-filesystem-beacfba8-afa4-30d0-8ac1-8030ac4edf2d/test-file-42cc8bb4-6775-c889-116b-1b711114d01f?resource=file",
      "RequestMethod": "PUT",
      "RequestHeaders": {
        "Authorization": "Sanitized",
        "traceparent": "00-26919106e843ea4b967c950ff334c15f-4cbfda41b3cc7346-00",
        "User-Agent": [
          "azsdk-net-Storage.Files.DataLake/12.7.0-alpha.20210217.1",
          "(.NET 5.0.3; Microsoft Windows 10.0.19042)"
        ],
        "x-ms-client-request-id": "d4067870-249d-ee31-001a-dca737c41923",
        "x-ms-date": "Wed, 17 Feb 2021 22:24:34 GMT",
        "x-ms-return-client-request-id": "true",
        "x-ms-version": "2020-06-12"
      },
      "RequestBody": null,
      "StatusCode": 201,
      "ResponseHeaders": {
        "Content-Length": "0",
        "Date": "Wed, 17 Feb 2021 22:24:34 GMT",
        "ETag": "\u00220x8D8D392CDF93919\u0022",
        "Last-Modified": "Wed, 17 Feb 2021 22:24:34 GMT",
        "Server": [
          "Windows-Azure-HDFS/1.0",
          "Microsoft-HTTPAPI/2.0"
        ],
        "x-ms-client-request-id": "d4067870-249d-ee31-001a-dca737c41923",
        "x-ms-request-id": "d276e56d-801f-0004-707b-05f258000000",
        "x-ms-version": "2020-06-12"
      },
      "ResponseBody": []
    },
    {
      "RequestUri": "https://seannse.blob.core.windows.net/test-filesystem-beacfba8-afa4-30d0-8ac1-8030ac4edf2d/test-file-42cc8bb4-6775-c889-116b-1b711114d01f",
      "RequestMethod": "HEAD",
      "RequestHeaders": {
        "Accept": "application/xml",
        "Authorization": "Sanitized",
        "User-Agent": [
          "azsdk-net-Storage.Files.DataLake/12.7.0-alpha.20210217.1",
          "(.NET 5.0.3; Microsoft Windows 10.0.19042)"
        ],
        "x-ms-client-request-id": "9800b972-fc0d-3682-a7eb-2150167397ec",
        "x-ms-date": "Wed, 17 Feb 2021 22:24:34 GMT",
        "x-ms-return-client-request-id": "true",
        "x-ms-version": "2020-06-12"
      },
      "RequestBody": null,
      "StatusCode": 200,
      "ResponseHeaders": {
        "Accept-Ranges": "bytes",
        "Content-Length": "0",
        "Content-Type": "application/octet-stream",
        "Date": "Wed, 17 Feb 2021 22:24:34 GMT",
        "ETag": "\u00220x8D8D392CDF93919\u0022",
        "Last-Modified": "Wed, 17 Feb 2021 22:24:34 GMT",
        "Server": [
          "Windows-Azure-Blob/1.0",
          "Microsoft-HTTPAPI/2.0"
        ],
        "x-ms-access-tier": "Hot",
        "x-ms-access-tier-inferred": "true",
        "x-ms-blob-type": "BlockBlob",
        "x-ms-client-request-id": "9800b972-fc0d-3682-a7eb-2150167397ec",
        "x-ms-creation-time": "Wed, 17 Feb 2021 22:24:34 GMT",
        "x-ms-group": "$superuser",
        "x-ms-lease-state": "available",
        "x-ms-lease-status": "unlocked",
        "x-ms-owner": "$superuser",
        "x-ms-permissions": "rw-r-----",
        "x-ms-request-id": "b1fe12cf-201e-0022-2f7b-05ba40000000",
        "x-ms-server-encrypted": "true",
        "x-ms-version": "2020-06-12"
      },
      "ResponseBody": []
    },
    {
      "RequestUri": "https://seannse.dfs.core.windows.net/test-filesystem-beacfba8-afa4-30d0-8ac1-8030ac4edf2d/test-file-42cc8bb4-6775-c889-116b-1b711114d01f?resource=file",
      "RequestMethod": "PUT",
      "RequestHeaders": {
        "Authorization": "Sanitized",
        "If-None-Match": "0x8D8D392CDF93919",
        "User-Agent": [
          "azsdk-net-Storage.Files.DataLake/12.7.0-alpha.20210217.1",
          "(.NET 5.0.3; Microsoft Windows 10.0.19042)"
        ],
        "x-ms-client-request-id": "76c7373b-dc46-1864-8435-dec7dbd945b4",
        "x-ms-date": "Wed, 17 Feb 2021 22:24:34 GMT",
        "x-ms-return-client-request-id": "true",
        "x-ms-version": "2020-06-12"
      },
      "RequestBody": null,
      "StatusCode": 412,
      "ResponseHeaders": {
        "Content-Length": "200",
        "Content-Type": "application/json; charset=utf-8",
        "Date": "Wed, 17 Feb 2021 22:24:34 GMT",
        "Server": [
          "Windows-Azure-HDFS/1.0",
          "Microsoft-HTTPAPI/2.0"
        ],
        "x-ms-client-request-id": "76c7373b-dc46-1864-8435-dec7dbd945b4",
        "x-ms-error-code": "ConditionNotMet",
        "x-ms-request-id": "d276e57d-801f-0004-807b-05f258000000",
        "x-ms-version": "2020-06-12"
      },
      "ResponseBody": {
        "error": {
          "code": "ConditionNotMet",
          "message": "The condition specified using HTTP conditional header(s) is not met.\nRequestId:d276e57d-801f-0004-807b-05f258000000\nTime:2021-02-17T22:24:34.8947789Z"
        }
      }
    },
    {
      "RequestUri": "https://seannse.blob.core.windows.net/test-filesystem-beacfba8-afa4-30d0-8ac1-8030ac4edf2d?restype=container",
      "RequestMethod": "DELETE",
      "RequestHeaders": {
        "Accept": "application/xml",
        "Authorization": "Sanitized",
        "traceparent": "00-c26005c9c6239d41b43fd1f03c450ef1-551b459f0b28c242-00",
        "User-Agent": [
          "azsdk-net-Storage.Files.DataLake/12.7.0-alpha.20210217.1",
          "(.NET 5.0.3; Microsoft Windows 10.0.19042)"
        ],
        "x-ms-client-request-id": "052b7a44-d2e4-833d-abc6-df1f4af44d40",
        "x-ms-date": "Wed, 17 Feb 2021 22:24:35 GMT",
        "x-ms-return-client-request-id": "true",
        "x-ms-version": "2020-06-12"
      },
      "RequestBody": null,
      "StatusCode": 202,
      "ResponseHeaders": {
        "Content-Length": "0",
        "Date": "Wed, 17 Feb 2021 22:24:34 GMT",
        "Server": [
          "Windows-Azure-Blob/1.0",
          "Microsoft-HTTPAPI/2.0"
        ],
        "x-ms-client-request-id": "052b7a44-d2e4-833d-abc6-df1f4af44d40",
        "x-ms-request-id": "b1fe1371-201e-0022-487b-05ba40000000",
        "x-ms-version": "2020-06-12"
      },
      "ResponseBody": []
    },
    {
      "RequestUri": "https://seannse.blob.core.windows.net/test-filesystem-f25b813f-3905-8393-06b2-b53bff10bbbc?restype=container",
      "RequestMethod": "PUT",
      "RequestHeaders": {
        "Accept": "application/xml",
        "Authorization": "Sanitized",
        "traceparent": "00-7d70a013a5c4e846a5b2534700d82d23-655aadcf61c9bd4e-00",
        "User-Agent": [
          "azsdk-net-Storage.Files.DataLake/12.7.0-alpha.20210217.1",
          "(.NET 5.0.3; Microsoft Windows 10.0.19042)"
        ],
        "x-ms-blob-public-access": "container",
        "x-ms-client-request-id": "db149bbd-ac6c-0aa7-e6a8-fe311d02849b",
        "x-ms-date": "Wed, 17 Feb 2021 22:24:35 GMT",
        "x-ms-return-client-request-id": "true",
        "x-ms-version": "2020-06-12"
      },
      "RequestBody": null,
      "StatusCode": 201,
      "ResponseHeaders": {
        "Content-Length": "0",
        "Date": "Wed, 17 Feb 2021 22:24:35 GMT",
        "ETag": "\u00220x8D8D392CE4E92E4\u0022",
        "Last-Modified": "Wed, 17 Feb 2021 22:24:35 GMT",
        "Server": [
          "Windows-Azure-Blob/1.0",
          "Microsoft-HTTPAPI/2.0"
        ],
        "x-ms-client-request-id": "db149bbd-ac6c-0aa7-e6a8-fe311d02849b",
        "x-ms-request-id": "33e61959-201e-0040-5c7b-057867000000",
        "x-ms-version": "2020-06-12"
      },
      "ResponseBody": []
    },
    {
      "RequestUri": "https://seannse.dfs.core.windows.net/test-filesystem-f25b813f-3905-8393-06b2-b53bff10bbbc/test-file-1888230a-eb70-fe92-b164-ce3d0929abf4?resource=file",
      "RequestMethod": "PUT",
      "RequestHeaders": {
        "Authorization": "Sanitized",
        "traceparent": "00-240d0dcdf1ff114f9a89fe31026d58bd-1186e5ed50aeed45-00",
        "User-Agent": [
          "azsdk-net-Storage.Files.DataLake/12.7.0-alpha.20210217.1",
          "(.NET 5.0.3; Microsoft Windows 10.0.19042)"
        ],
        "x-ms-client-request-id": "b45f9444-b188-d15b-0916-2a07de6901bd",
        "x-ms-date": "Wed, 17 Feb 2021 22:24:35 GMT",
        "x-ms-return-client-request-id": "true",
        "x-ms-version": "2020-06-12"
      },
      "RequestBody": null,
      "StatusCode": 201,
      "ResponseHeaders": {
        "Content-Length": "0",
        "Date": "Wed, 17 Feb 2021 22:24:35 GMT",
        "ETag": "\u00220x8D8D392CE83ACEF\u0022",
        "Last-Modified": "Wed, 17 Feb 2021 22:24:35 GMT",
        "Server": [
          "Windows-Azure-HDFS/1.0",
          "Microsoft-HTTPAPI/2.0"
        ],
        "x-ms-client-request-id": "b45f9444-b188-d15b-0916-2a07de6901bd",
        "x-ms-request-id": "f1a6b958-c01f-0048-5f7b-056268000000",
        "x-ms-version": "2020-06-12"
      },
      "ResponseBody": []
    },
    {
      "RequestUri": "https://seannse.dfs.core.windows.net/test-filesystem-f25b813f-3905-8393-06b2-b53bff10bbbc/test-file-1888230a-eb70-fe92-b164-ce3d0929abf4?resource=file",
      "RequestMethod": "PUT",
      "RequestHeaders": {
        "Authorization": "Sanitized",
        "User-Agent": [
          "azsdk-net-Storage.Files.DataLake/12.7.0-alpha.20210217.1",
          "(.NET 5.0.3; Microsoft Windows 10.0.19042)"
        ],
        "x-ms-client-request-id": "e5a7db73-1df8-44c2-f805-e20a42482a9a",
        "x-ms-date": "Wed, 17 Feb 2021 22:24:35 GMT",
        "x-ms-lease-id": "6491a766-236a-8e90-67eb-daab8f38d873",
        "x-ms-return-client-request-id": "true",
        "x-ms-version": "2020-06-12"
      },
      "RequestBody": null,
      "StatusCode": 412,
      "ResponseHeaders": {
        "Content-Length": "176",
        "Content-Type": "application/json; charset=utf-8",
        "Date": "Wed, 17 Feb 2021 22:24:35 GMT",
        "Server": [
          "Windows-Azure-HDFS/1.0",
          "Microsoft-HTTPAPI/2.0"
        ],
        "x-ms-client-request-id": "e5a7db73-1df8-44c2-f805-e20a42482a9a",
        "x-ms-error-code": "LeaseNotPresent",
        "x-ms-request-id": "f1a6b963-c01f-0048-6a7b-056268000000",
        "x-ms-version": "2020-06-12"
      },
      "ResponseBody": {
        "error": {
          "code": "LeaseNotPresent",
          "message": "There is currently no lease on the resource.\nRequestId:f1a6b963-c01f-0048-6a7b-056268000000\nTime:2021-02-17T22:24:35.7213713Z"
        }
      }
    },
    {
      "RequestUri": "https://seannse.blob.core.windows.net/test-filesystem-f25b813f-3905-8393-06b2-b53bff10bbbc?restype=container",
      "RequestMethod": "DELETE",
      "RequestHeaders": {
        "Accept": "application/xml",
        "Authorization": "Sanitized",
        "traceparent": "00-ab7f8c9fd74fe54b97a28ff9da98ffd6-cbdcd61b1028d142-00",
        "User-Agent": [
          "azsdk-net-Storage.Files.DataLake/12.7.0-alpha.20210217.1",
          "(.NET 5.0.3; Microsoft Windows 10.0.19042)"
        ],
        "x-ms-client-request-id": "57065e29-fb56-dd9d-b531-1cb87852ec34",
        "x-ms-date": "Wed, 17 Feb 2021 22:24:35 GMT",
        "x-ms-return-client-request-id": "true",
        "x-ms-version": "2020-06-12"
      },
      "RequestBody": null,
      "StatusCode": 202,
      "ResponseHeaders": {
        "Content-Length": "0",
        "Date": "Wed, 17 Feb 2021 22:24:35 GMT",
        "Server": [
          "Windows-Azure-Blob/1.0",
          "Microsoft-HTTPAPI/2.0"
        ],
        "x-ms-client-request-id": "57065e29-fb56-dd9d-b531-1cb87852ec34",
        "x-ms-request-id": "33e61afd-201e-0040-607b-057867000000",
        "x-ms-version": "2020-06-12"
      },
      "ResponseBody": []
    }
  ],
  "Variables": {
    "DateTimeOffsetNow": "2021-02-17T16:24:31.4238242-06:00",
    "RandomSeed": "1581322459",
    "Storage_TestConfigHierarchicalNamespace": "NamespaceTenant\nseannse\nU2FuaXRpemVk\nhttps://seannse.blob.core.windows.net\nhttps://seannse.file.core.windows.net\nhttps://seannse.queue.core.windows.net\nhttps://seannse.table.core.windows.net\n\n\n\n\nhttps://seannse-secondary.blob.core.windows.net\nhttps://seannse-secondary.file.core.windows.net\nhttps://seannse-secondary.queue.core.windows.net\nhttps://seannse-secondary.table.core.windows.net\n68390a19-a643-458b-b726-408abf67b4fc\nSanitized\n72f988bf-86f1-41af-91ab-2d7cd011db47\nhttps://login.microsoftonline.com/\nCloud\nBlobEndpoint=https://seannse.blob.core.windows.net/;QueueEndpoint=https://seannse.queue.core.windows.net/;FileEndpoint=https://seannse.file.core.windows.net/;BlobSecondaryEndpoint=https://seannse-secondary.blob.core.windows.net/;QueueSecondaryEndpoint=https://seannse-secondary.queue.core.windows.net/;FileSecondaryEndpoint=https://seannse-secondary.file.core.windows.net/;AccountName=seannse;AccountKey=Sanitized\n"
  }
}