{
  "Entries": [
    {
      "RequestUri": "https://seannse.blob.core.windows.net/test-filesystem-463fb122-fecd-6434-2a52-4b53fc615865?restype=container",
      "RequestMethod": "PUT",
      "RequestHeaders": {
        "Authorization": "Sanitized",
        "traceparent": "00-21f3d84ab036c2459081d3e02349e5db-d927f6f0b91c064b-00",
        "User-Agent": [
          "azsdk-net-Storage.Files.DataLake/12.7.0-alpha.20210202.1",
          "(.NET 5.0.2; Microsoft Windows 10.0.19042)"
        ],
        "x-ms-blob-public-access": "container",
        "x-ms-client-request-id": "34eeaa8d-f91b-24c8-c797-f0ae273afff0",
        "x-ms-date": "Tue, 02 Feb 2021 21:34:05 GMT",
        "x-ms-return-client-request-id": "true",
        "x-ms-version": "2020-06-12"
      },
      "RequestBody": null,
      "StatusCode": 201,
      "ResponseHeaders": {
        "Content-Length": "0",
        "Date": "Tue, 02 Feb 2021 21:34:06 GMT",
        "ETag": "\u00220x8D8C7C244DC3FCC\u0022",
        "Last-Modified": "Tue, 02 Feb 2021 21:34:06 GMT",
        "Server": [
          "Windows-Azure-Blob/1.0",
          "Microsoft-HTTPAPI/2.0"
        ],
        "x-ms-client-request-id": "34eeaa8d-f91b-24c8-c797-f0ae273afff0",
        "x-ms-request-id": "fae6d7a6-501e-0081-2eab-f9df85000000",
        "x-ms-version": "2020-06-12"
      },
      "ResponseBody": []
    },
    {
      "RequestUri": "https://seannse.dfs.core.windows.net/test-filesystem-463fb122-fecd-6434-2a52-4b53fc615865/test-file-3044f034-ea4e-fc7a-38fb-41041c29cec7?resource=file",
      "RequestMethod": "PUT",
      "RequestHeaders": {
        "Accept": "application/json",
        "Authorization": "Sanitized",
        "If-None-Match": "*",
        "traceparent": "00-438ca42a0f952146a34400686480bb3e-6abe0bc05e3db444-00",
        "User-Agent": [
          "azsdk-net-Storage.Files.DataLake/12.7.0-alpha.20210202.1",
          "(.NET 5.0.2; Microsoft Windows 10.0.19042)"
        ],
        "x-ms-client-request-id": "eb65f2a9-93cb-296c-5f0b-8ac536e82023",
        "x-ms-date": "Tue, 02 Feb 2021 21:34:06 GMT",
        "x-ms-return-client-request-id": "true",
        "x-ms-version": "2020-06-12"
      },
      "RequestBody": null,
      "StatusCode": 201,
      "ResponseHeaders": {
        "Content-Length": "0",
        "Date": "Tue, 02 Feb 2021 21:34:06 GMT",
        "ETag": "\u00220x8D8C7C245186351\u0022",
        "Last-Modified": "Tue, 02 Feb 2021 21:34:06 GMT",
        "Server": [
          "Windows-Azure-HDFS/1.0",
          "Microsoft-HTTPAPI/2.0"
        ],
        "x-ms-client-request-id": "eb65f2a9-93cb-296c-5f0b-8ac536e82023",
        "x-ms-request-id": "124ef4a1-a01f-002c-14ab-f993f0000000",
        "x-ms-version": "2020-06-12"
      },
      "ResponseBody": []
    },
    {
      "RequestUri": "https://seannse.dfs.core.windows.net/test-filesystem-463fb122-fecd-6434-2a52-4b53fc615865/test-file-3044f034-ea4e-fc7a-38fb-41041c29cec7?action=append\u0026position=0",
      "RequestMethod": "PATCH",
      "RequestHeaders": {
        "Accept": "application/json",
        "Authorization": "Sanitized",
        "Content-Length": "1869",
        "Content-Type": "application/json",
        "traceparent": "00-789f02612af3f949998a600ac66d3689-54546a5de4bbec4e-00",
        "User-Agent": [
          "azsdk-net-Storage.Files.DataLake/12.7.0-alpha.20210202.1",
          "(.NET 5.0.2; Microsoft Windows 10.0.19042)"
        ],
        "x-ms-client-request-id": "295bd775-e2c3-9ffb-aee6-c23c873ba745",
        "x-ms-date": "Tue, 02 Feb 2021 21:34:06 GMT",
        "x-ms-return-client-request-id": "true",
        "x-ms-version": "2020-06-12"
      },
      "RequestBody": [
        "\uFFFD/\u0019\uFFFD\uFFFDh\u0003xwm\uFFFD\uFFFD3Z\uFFFD\uFFFD\uFFFD@\uFFFDRr#J\uFFFD\uFFFD3mg\uFFFD\uFFFD\uFFFD\u00116\uFFFD-9f\uFFFD\\$\uFFFDv\uFFFD\uFFFD\uFFFD0\uFFFDl\uFFFDE\u001E\uFFFDt\uFFFD}\uFFFD\uFFFDA{\uFFFD\uFFFD\uFFFD\uFFFD\uFFFD\uFFFDbX-\uFFFDD\uFFFD\u386A\uFFFDf\uFFFD\uFFFD|A\u0001\uFFFDtl\u00DD\uFFFD]\uFFFDT\u0655\uFFFD)\u000B\uFFFD\uFFFD\uFFFD\u0015\u0398\u003E\uFFFD\u0000e\u0003\uFFFD\u0001\uFFFD\u0022G\uFFFD\uFFFD9\uFFFD\uFFFDI\uFFFD\u0000K\uFFFD\uFFFD\uFFFDmj#\u0002w\uFFFDC\uFFFD\uFFFDx\uFFFD\uFFFD\uFFFD\uFFFDs\u0006\uFFFD\u0287\u0701\f\uFFFD\u04271\u003CoO\uFFFD\uFFFD\uFFFD\uFFFD\uFFFDk\uFFFDA\u0000[b=\uFFFD\uFFFD\uFFFD\u0017\uFFFD5\uFFFD\uFFFDy@\uFFFDQ\u001D\ba\uFFFDS[Fb\uFFFDF\u02AE\uFFFD\n",
        "\u000F\uFFFD\uFFFD\u013Fo$\uFFFD\uFFFDyS\uFFFD\u0016\uFFFDa\uFFFD\u0569H\uFFFD\uFFFD\uFFFD\n",
        "\u0005\uFFFD\u0014\u0000iE\uFFFD\uFFFD^\uFFFD%S\uFFFD\uFFFD\uFFFD\u0011,~\u0013\uFFFD\u003C\uFFFDDJ\u0000;p!e\u0014\uFFFDc}\uFFFD\uFFFD\u001A[#6\uFFFD\uFFFDzZ\uFFFD\uFFFD\r",
        "\uFFFD (6v\u0002\uFFFD\u0022\uFFFDS_\uFFFD\uFFFD.\u0528sI\uFFFD\uFFFD\uFFFD\u001F\uFFFDe\uFFFD\tGc8\uFFFD?\uFFFDt\uFFFDO\uFFFD/\uFFFD\uFFFD\uFFFD[\u000F\uFFFD\uFFFD\uFFFD#\b\uFFFD\u0007\u0007\u0011\uFFFD\u00147\uFFFDB\uFFFD\u007Fm\uFFFD4\uFFFD\u0006\u0014\uFFFDU\f\uFFFD\uFFFD\uFFFDD\uFFFDu\uFFFDz\u0010[\uFFFD%\uFFFD?\uFFFD0\uFFFD.\u001F_\uFFFD\u0017\r",
        "5\uFFFD0\u02D6q\tn\u000F\u003C\u0017sUW\uFFFDe\u001E\u001E\uFFFDr\uFFFD\u0017Z\uFFFD{\uFFFD\uFFFDK\uFFFD\uFFFDP}wy\uFFFD{\uFFFD_\t\u0006\uFFFD\uFFFD\uFFFD\uFFFD2\uFFFD\uFFFD\uFFFD\u0000A\uFFFD\uFFFD\u0026\u001EU\uFFFDP\uADFE\uFFFD\uFFFDG\uFFFD\uFFFD\uFFFD\uFFFD.\uFFFDu\uFFFD\uFFFDk\uFFFD|q\uFFFD\uFFFDy\uFFFDS\u001D\uFFFD\uFFFDR\uFFFDQ[?\uFFFDYtRHd\u0018\uFFFD\u0007\uFFFDU\uFFFD\uFFFD\u078B\uFFFDK9-\uFFFD\uFFFD\uFFFD\uFFFDq\uFFFDjk\uFFFD\uFFFDs\u001D\uFFFD\uFFFD\uFFFD\u0016\u001BJa\u0022\uFFFDd\u03F2\uFFFD#\uFFFD\u003E\u00001\u0007\uFFFD#\uFFFD[\uFFFD\u0002|\uFFFD\uFFFD \r",
        "\uFFFD\uFFFD\uFFFDw\uFFFD\uFFFDp7\uFFFD\u0016\uFFFD=\u0014;\uFFFDM\uFFFD\uFFFD-\uFFFDbl\u007Fi\u02130aG\uFFFDE\uFFFDC\uFFFD\u001E![o\uFFFDv\uFFFD\uFFFD\u001D\uFFFD\uFFFD|G\uFFFD\uFFFD\uFFFD\uFFFD)\uFFFD\u00278_\uFFFDF\uFFFD\u000E\uFFFD\u0005\uFFFD\uFFFD\uFFFDR\u001C\uFFFD\uFFFD~0\uFFFDgiO\uFFFD\uFFFDKK\uFFFDo\uFFFDVG\uFFFD\u001A\u0016\uFFFD\uFFFD\uFFFD\uFFFDh\u0781\t\u0018\uFFFD\uFFFD\uFFFD\uFFFD\uFFFDL\uFFFD\u000F\uFFFD\u0014\uFFFDA\uFFFDA\uFFFDb\uFFFD\u0011\uFFFD]\uFFFD\uFFFD.\uFFFD;%\uFFFD\uFFFD\uFFFD\uFFFD\uFFFD\uFFFD\u00606AQ\uFFFDV\uFFFD\u0022\uFFFDF{\uFFFDX\uFFFD\u001E\uFFFD|^m\uFFFD\uFFFDi\u002B^\uFFFD\uFFFDh\uFFFD\uFFFDQ\u0004\u003C\uFFFD\uFFFD\uFFFD.\uFFFD\uFFFD\u001A{\uFFFDg\u000Es\uFFFDf\u0006\u0015y_Z\u000B\u0002\uFFFD\uFFFD\u0016\uFFFD$\uFFFD\uFFFD\uFFFD\u0002\uFFFDw}|\uFFFD}\uFFFDM\uFFFD\u0232g\u001E\u0001\u001D\uFFFD\u001DSbzT\uFFFD1\uFFFD,\uFFFD\uFFFD;u\b\uFFFD\uFFFDr\uFFFD\uFFFD\n",
        "r\uFFFDl\u002B\uFFFD\uFFFDX\uFFFD\uFFFD\uFFFD\uFFFD\b\u0007I,\u0017\uFFFD\u0002\uFFFDK\uFFFD\u01A9\uFFFD\u0012O\uFFFD%~\uFFFD\uFFFD\uFFFD\uFFFD\u0012\uFFFD\uFFFD\r",
        ")X\u0018\uFFFD=\uFFFD\u0007\uFFFD3m\uFFFD\u0060\uFFFD\uFFFDp\u026Ag\uFFFD\u07ED\u0018K\uFFFD3\u001C\u0003=r\u0013\uFFFDgS\t\uFFFD\uFFFD\uFFFDse0\uFFFD\uFFFD\uFFFD\uFFFD\u0000\u016D\uFFFD\u001D\uFFFDK\uFFFD5\uFFFD\u0060\u0011\r",
        "G\uFFFD \uFFFD\uFFFD~\u001FxW\f\uFFFDZ\uFFFD\u00147\u0001{\u003E\uFFFD8i\uFFFDmnO\u001F\uFFFD\uFFFDI2[\uFFFDr\uFFFDm\uFFFDD\uFFFD\uFFFDP\uFFFDh\uFFFD\uFFFD\uFFFDYW\uFFFD\u0013\uFFFD\uFFFD\uFFFD\uFFFD\u0623v8\uFFFDC\uFFFD\uFFFDW/%\uFFFD\u001C\uFFFD)\uFFFDi\uFFFD\uFFFDf\uFFFDx\u0000\u0027\uFFFD\uFFFD\uFFFD\uFFFD\r",
        "\uFFFD\uFFFDx\uFFFD)\uFFFD\uFFFD\uFFFD\uFFFD\uFFFDY-\uFFFDg9\uFFFD\b\uFFFDq-\u0000\uFFFD\uFFFD\uFFFDT\uFFFD\u0060\uFFFDO\uFFFD*M\u1EE3\uFFFD\uFFFD\u0010\uFFFDN0\uFFFD\uFFFD*\uFFFD8\b\u0010\u01E3\uFFFD\uFFFD\uFFFD\uFFFD\f\t\uFFFD\uFFFDL79V\uFFFD\u0010h\u000BK\uFFFD\u00EA\uFFFD\uFFFD\uFFFD#\uFFFDP\uFFFD\uFFFDW\u001B\uFFFDO\u06EB\uFFFDl\uFFFDG\uFFFD\uFFFD\uFFFD\u0010\u013B\u0014\uFFFD\b\uFFFD\uFFFDx\uFFFD=L\u001C\u02F4\uFFFD_\uFFFD\uFFFD"
      ],
      "StatusCode": 202,
      "ResponseHeaders": {
        "Content-Length": "0",
        "Date": "Tue, 02 Feb 2021 21:34:06 GMT",
        "Server": [
          "Windows-Azure-HDFS/1.0",
          "Microsoft-HTTPAPI/2.0"
        ],
        "x-ms-client-request-id": "295bd775-e2c3-9ffb-aee6-c23c873ba745",
        "x-ms-request-id": "124ef4b1-a01f-002c-23ab-f993f0000000",
        "x-ms-request-server-encrypted": "true",
        "x-ms-version": "2020-06-12"
      },
      "ResponseBody": []
    },
    {
      "RequestUri": "https://seannse.dfs.core.windows.net/test-filesystem-463fb122-fecd-6434-2a52-4b53fc615865/test-file-3044f034-ea4e-fc7a-38fb-41041c29cec7?action=flush\u0026position=1024",
      "RequestMethod": "PATCH",
      "RequestHeaders": {
        "Accept": "application/json",
        "Authorization": "Sanitized",
        "traceparent": "00-3f1e957db47baa428c092f950595696e-8b95ab86b62bd14e-00",
        "User-Agent": [
          "azsdk-net-Storage.Files.DataLake/12.7.0-alpha.20210202.1",
          "(.NET 5.0.2; Microsoft Windows 10.0.19042)"
        ],
        "x-ms-client-request-id": "5f5076ef-f68d-6c5f-09e2-1d6ab8379bb4",
        "x-ms-date": "Tue, 02 Feb 2021 21:34:06 GMT",
        "x-ms-return-client-request-id": "true",
        "x-ms-version": "2020-06-12"
      },
      "RequestBody": null,
      "StatusCode": 200,
      "ResponseHeaders": {
        "Content-Length": "0",
        "Date": "Tue, 02 Feb 2021 21:34:06 GMT",
        "ETag": "\u00220x8D8C7C2453689DA\u0022",
        "Last-Modified": "Tue, 02 Feb 2021 21:34:07 GMT",
        "Server": [
          "Windows-Azure-HDFS/1.0",
          "Microsoft-HTTPAPI/2.0"
        ],
        "x-ms-client-request-id": "5f5076ef-f68d-6c5f-09e2-1d6ab8379bb4",
        "x-ms-request-id": "124ef4c4-a01f-002c-36ab-f993f0000000",
        "x-ms-request-server-encrypted": "false",
        "x-ms-version": "2020-06-12"
      },
      "ResponseBody": []
    },
    {
      "RequestUri": "https://seannse.blob.core.windows.net/test-filesystem-463fb122-fecd-6434-2a52-4b53fc615865/test-file-3044f034-ea4e-fc7a-38fb-41041c29cec7",
      "RequestMethod": "HEAD",
      "RequestHeaders": {
        "Authorization": "Sanitized",
        "traceparent": "00-092351995e494e44a3f6909e594dacff-b41bed3e6418fa4e-00",
        "User-Agent": [
          "azsdk-net-Storage.Files.DataLake/12.7.0-alpha.20210202.1",
          "(.NET 5.0.2; Microsoft Windows 10.0.19042)"
        ],
        "x-ms-client-request-id": "104c1ea5-48ea-94b8-7f04-d2c09caf7547",
        "x-ms-date": "Tue, 02 Feb 2021 21:34:06 GMT",
        "x-ms-return-client-request-id": "true",
        "x-ms-version": "2020-06-12"
      },
      "RequestBody": null,
      "StatusCode": 200,
      "ResponseHeaders": {
        "Accept-Ranges": "bytes",
        "Content-Length": "1024",
        "Content-Type": "application/octet-stream",
        "Date": "Tue, 02 Feb 2021 21:34:06 GMT",
        "ETag": "\u00220x8D8C7C2453689DA\u0022",
        "Last-Modified": "Tue, 02 Feb 2021 21:34:07 GMT",
        "Server": [
          "Windows-Azure-Blob/1.0",
          "Microsoft-HTTPAPI/2.0"
        ],
        "x-ms-access-tier": "Hot",
        "x-ms-access-tier-inferred": "true",
        "x-ms-blob-type": "BlockBlob",
        "x-ms-client-request-id": "104c1ea5-48ea-94b8-7f04-d2c09caf7547",
        "x-ms-creation-time": "Tue, 02 Feb 2021 21:34:06 GMT",
        "x-ms-group": "$superuser",
        "x-ms-lease-state": "available",
        "x-ms-lease-status": "unlocked",
        "x-ms-owner": "$superuser",
        "x-ms-permissions": "rw-r-----",
        "x-ms-request-id": "fae6d96d-501e-0081-55ab-f9df85000000",
        "x-ms-server-encrypted": "true",
        "x-ms-version": "2020-06-12"
      },
      "ResponseBody": []
    },
    {
      "RequestUri": "https://seannse.blob.core.windows.net/test-filesystem-463fb122-fecd-6434-2a52-4b53fc615865?restype=container",
      "RequestMethod": "DELETE",
      "RequestHeaders": {
        "Authorization": "Sanitized",
        "traceparent": "00-25b7898121fa2f42bb560309b327bd74-8190883eeeb2684c-00",
        "User-Agent": [
          "azsdk-net-Storage.Files.DataLake/12.7.0-alpha.20210202.1",
          "(.NET 5.0.2; Microsoft Windows 10.0.19042)"
        ],
        "x-ms-client-request-id": "99c539d3-8aea-75c9-0483-8a466eb11e0e",
        "x-ms-date": "Tue, 02 Feb 2021 21:34:06 GMT",
        "x-ms-return-client-request-id": "true",
        "x-ms-version": "2020-06-12"
      },
      "RequestBody": null,
      "StatusCode": 202,
      "ResponseHeaders": {
        "Content-Length": "0",
        "Date": "Tue, 02 Feb 2021 21:34:06 GMT",
        "Server": [
          "Windows-Azure-Blob/1.0",
          "Microsoft-HTTPAPI/2.0"
        ],
        "x-ms-client-request-id": "99c539d3-8aea-75c9-0483-8a466eb11e0e",
        "x-ms-request-id": "fae6d9dc-501e-0081-40ab-f9df85000000",
        "x-ms-version": "2020-06-12"
      },
      "ResponseBody": []
    }
  ],
  "Variables": {
    "RandomSeed": "1269341132",
    "Storage_TestConfigHierarchicalNamespace": "NamespaceTenant\nseannse\nU2FuaXRpemVk\nhttps://seannse.blob.core.windows.net\nhttps://seannse.file.core.windows.net\nhttps://seannse.queue.core.windows.net\nhttps://seannse.table.core.windows.net\n\n\n\n\nhttps://seannse-secondary.blob.core.windows.net\nhttps://seannse-secondary.file.core.windows.net\nhttps://seannse-secondary.queue.core.windows.net\nhttps://seannse-secondary.table.core.windows.net\n68390a19-a643-458b-b726-408abf67b4fc\nSanitized\n72f988bf-86f1-41af-91ab-2d7cd011db47\nhttps://login.microsoftonline.com/\nCloud\nBlobEndpoint=https://seannse.blob.core.windows.net/;QueueEndpoint=https://seannse.queue.core.windows.net/;FileEndpoint=https://seannse.file.core.windows.net/;BlobSecondaryEndpoint=https://seannse-secondary.blob.core.windows.net/;QueueSecondaryEndpoint=https://seannse-secondary.queue.core.windows.net/;FileSecondaryEndpoint=https://seannse-secondary.file.core.windows.net/;AccountName=seannse;AccountKey=Sanitized\n"
  }
}