{
  "Entries": [
    {
      "RequestUri": "http://kasobolhnscanada.blob.core.windows.net/test-filesystem-e7f7490b-04bc-54f1-fc8a-08558ef9c5ed?restype=container",
      "RequestMethod": "PUT",
      "RequestHeaders": {
        "Accept": "application/xml",
        "Authorization": "Sanitized",
        "traceparent": "00-65306300a1beeb4b963642127e721c9f-88731080eb3de342-00",
        "User-Agent": [
          "azsdk-net-Storage.Files.DataLake/12.7.0-alpha.20210524.1",
          "(.NET 5.0.6; Microsoft Windows 10.0.19043)"
        ],
        "x-ms-blob-public-access": "container",
        "x-ms-client-request-id": "a897edd2-cd28-86ba-d0c7-13818e3642d8",
        "x-ms-date": "Tue, 25 May 2021 00:05:57 GMT",
        "x-ms-return-client-request-id": "true",
        "x-ms-version": "2020-10-02"
      },
      "RequestBody": null,
      "StatusCode": 201,
      "ResponseHeaders": {
        "Content-Length": "0",
        "Date": "Tue, 25 May 2021 00:05:56 GMT",
        "ETag": "\"0x8D91F10DEFEDDBC\"",
        "Last-Modified": "Tue, 25 May 2021 00:05:57 GMT",
        "Server": [
          "Windows-Azure-Blob/1.0",
          "Microsoft-HTTPAPI/2.0"
        ],
        "x-ms-client-request-id": "a897edd2-cd28-86ba-d0c7-13818e3642d8",
        "x-ms-request-id": "ff2eb2e1-c01e-0013-3cf9-505bbe000000",
        "x-ms-version": "2020-10-02"
      },
      "ResponseBody": []
    },
    {
      "RequestUri": "http://kasobolhnscanada.dfs.core.windows.net/test-filesystem-e7f7490b-04bc-54f1-fc8a-08558ef9c5ed/test-file-fced3a9b-dd53-b3ff-9fa2-cc2de54b3580?resource=file",
      "RequestMethod": "PUT",
      "RequestHeaders": {
        "Accept": "application/json",
        "Authorization": "Sanitized",
        "If-None-Match": "*",
        "traceparent": "00-6bae490de876634da5003ce45c4e014b-5d9b72bb26fde44e-00",
        "User-Agent": [
          "azsdk-net-Storage.Files.DataLake/12.7.0-alpha.20210524.1",
          "(.NET 5.0.6; Microsoft Windows 10.0.19043)"
        ],
        "x-ms-client-request-id": "965f91a3-02ff-e20a-4777-26fdbf476fcc",
        "x-ms-date": "Tue, 25 May 2021 00:05:57 GMT",
        "x-ms-return-client-request-id": "true",
        "x-ms-version": "2020-10-02"
      },
      "RequestBody": null,
      "StatusCode": 201,
      "ResponseHeaders": {
        "Content-Length": "0",
        "Date": "Tue, 25 May 2021 00:05:56 GMT",
        "ETag": "\"0x8D91F10DF0D79B1\"",
        "Last-Modified": "Tue, 25 May 2021 00:05:57 GMT",
        "Server": [
          "Windows-Azure-HDFS/1.0",
          "Microsoft-HTTPAPI/2.0"
        ],
        "x-ms-client-request-id": "965f91a3-02ff-e20a-4777-26fdbf476fcc",
        "x-ms-request-id": "f6ea1ec5-c01f-004e-6af9-50513a000000",
        "x-ms-request-server-encrypted": "true",
        "x-ms-version": "2020-10-02"
      },
      "ResponseBody": []
    },
    {
      "RequestUri": "http://kasobolhnscanada.dfs.core.windows.net/test-filesystem-e7f7490b-04bc-54f1-fc8a-08558ef9c5ed/test-file-fced3a9b-dd53-b3ff-9fa2-cc2de54b3580?action=append&position=0",
      "RequestMethod": "PATCH",
      "RequestHeaders": {
        "Accept": "application/json",
        "Authorization": "Sanitized",
        "Content-Length": "1024",
        "Content-Type": "application/octet-stream",
        "traceparent": "00-af36967e18929c4b8cb552d318d2aad7-418dc1985aa59342-00",
        "User-Agent": [
          "azsdk-net-Storage.Files.DataLake/12.7.0-alpha.20210524.1",
          "(.NET 5.0.6; Microsoft Windows 10.0.19043)"
        ],
        "x-ms-client-request-id": "538abcb7-9eec-a881-d803-2b37f5b6f7bf",
        "x-ms-date": "Tue, 25 May 2021 00:05:57 GMT",
        "x-ms-return-client-request-id": "true",
        "x-ms-version": "2020-10-02"
      },
      "RequestBody": "lm2TTeyjDJ+tLlx/MGCLrIBigqBiHMVGDLUOFVgaOlT6+/pbu7y5LuH4+vpxOlZwPGcBK7SidnmoTUE3lPdGk/QHhTRlL/DDqVO+aSLL1dFfntnxGQ6gWIWAs257gZrqsWcFabUhCgx2PYJg4w1X3Hhv1/YeVXnlZy2v5HuBRye51Le7xWscPZPMetuMP3R4Kdb2DKqkzFvtIAKIciWR9PZapw9VmxcNU5piUdqeWCe4Nrulizt9FQdbzqVolMptO4blMphlIo2/6bkPQnqBTsfazztq62m63JIH+c1ypL/P9BZUuCaOUxQt5qGBbdON2n/djcSOA08dKlYGXSi/TET6QE1jLJahTHsnPQXHOW6/eR9OlBf6QPHHN47QiPbrbZlchy2FKq7oPEFIZsVKVvHnR+MJcbct/wBcnPUI0MSFPNBrarFBOU9wZVjVstkrfOCc6EAS4fziL4gtKI644Gt9wir13utApg2UmAteV00mMB8Ua+iDc1vUiTspExDBuITtWO+vNp71XEIyfUjwg9c6Bvhvo3WC+U7OIVWwF5L90+CGcf9dd/qAHw+mUPYT4wZj7g0YURQPa16g4RVIREWvNapnaRLY3I7+7oRl3KhYuj1OTCiF5IHLdwWgvZbkN9rK9htLrHr0ixF+GmOQqY62RybY+vgcKlEom/IMNx/4Gbapm+WNDA7CWsAXBskdO8136nVwDD3irczKIxCI51PxhgGt5g6oKDsXFZ83BSOHC18klE2qiAx4x+0Zw+n+OnNsJYDIcFW/zsE6WPeeqqioQhewY1MGRv30NB4gj2VRGdssyt+jv5oKZcWMcDAV2RxFcIDSTdYfZt6C0zs3nz9b6D4bcuDJBYN9pv6NedbN31sB2x7kf8wEDGQAIOtf08aGMIfx+Wc8e2v9VKbYkuwItfTgNcMhd2lyF2Z8yOSXHdM4B0lO2+X0xV+y5iolLHl3+Gv3f54CZLkdf+IAwLOGZjfTn4ujudkO629kbpA/TOvsBM94oJ41NqKQMFwD8wWrK4DyUYzu1D6S6JMunfYo3jL2FLvjDsaYnmnoEol8C/hquEIPTPte/TCQ5rcKBpisZ1IpDN9Jxx26WrMjBsG1FdybxOW0GZE3mBaLUicOjpfQPKo2Uv8ZIfAkVPJIO/du29Dab0Kz+E7A8nTJvXT2rMsbUskXfsPdgqL0j8Se71weHXdXMx5UHURcdl+LT2N7LqgmLOkuV1wN/e2fv2iKIQMXqqD9nnitxjWFughjUjI/eGEceMJz8MYaSjYwtF7b0lRcc6TDfo8veWW0qJxUqaq7YEYHbalApLrZ4lRCfBLXqei0B96Ne/rR7P5dv0cqxqCLdVQY1GSqG87q6g==",
      "StatusCode": 202,
      "ResponseHeaders": {
        "Content-Length": "0",
        "Date": "Tue, 25 May 2021 00:05:56 GMT",
        "Server": [
          "Windows-Azure-HDFS/1.0",
          "Microsoft-HTTPAPI/2.0"
        ],
        "x-ms-client-request-id": "538abcb7-9eec-a881-d803-2b37f5b6f7bf",
        "x-ms-request-id": "f6ea1ec6-c01f-004e-6bf9-50513a000000",
        "x-ms-request-server-encrypted": "true",
        "x-ms-version": "2020-10-02"
      },
      "ResponseBody": []
    },
    {
      "RequestUri": "http://kasobolhnscanada.dfs.core.windows.net/test-filesystem-e7f7490b-04bc-54f1-fc8a-08558ef9c5ed/test-file-fced3a9b-dd53-b3ff-9fa2-cc2de54b3580?action=flush&position=1024",
      "RequestMethod": "PATCH",
      "RequestHeaders": {
        "Accept": "application/json",
        "Authorization": "Sanitized",
        "traceparent": "00-10314a9d342a0349ad14649ab1ff774f-a8c0da2ed594ba4a-00",
        "User-Agent": [
          "azsdk-net-Storage.Files.DataLake/12.7.0-alpha.20210524.1",
          "(.NET 5.0.6; Microsoft Windows 10.0.19043)"
        ],
        "x-ms-client-request-id": "02469048-1bbc-00e0-6156-5fe64b0389d0",
        "x-ms-date": "Tue, 25 May 2021 00:05:57 GMT",
        "x-ms-return-client-request-id": "true",
        "x-ms-version": "2020-10-02"
      },
      "RequestBody": null,
      "StatusCode": 200,
      "ResponseHeaders": {
        "Content-Length": "0",
        "Date": "Tue, 25 May 2021 00:05:56 GMT",
        "ETag": "\"0x8D91F10DF241ABC\"",
        "Last-Modified": "Tue, 25 May 2021 00:05:57 GMT",
        "Server": [
          "Windows-Azure-HDFS/1.0",
          "Microsoft-HTTPAPI/2.0"
        ],
        "x-ms-client-request-id": "02469048-1bbc-00e0-6156-5fe64b0389d0",
        "x-ms-request-id": "f6ea1ec7-c01f-004e-6cf9-50513a000000",
        "x-ms-request-server-encrypted": "false",
        "x-ms-version": "2020-10-02"
      },
      "ResponseBody": []
    },
    {
      "RequestUri": "http://kasobolhnscanada.blob.core.windows.net/test-filesystem-e7f7490b-04bc-54f1-fc8a-08558ef9c5ed/test-file-fced3a9b-dd53-b3ff-9fa2-cc2de54b3580",
      "RequestMethod": "HEAD",
      "RequestHeaders": {
        "Accept": "application/xml",
        "Authorization": "Sanitized",
        "traceparent": "00-11d9c54be91ce94bb65e14f5034399ff-7d9c5553f102ec45-00",
        "User-Agent": [
          "azsdk-net-Storage.Files.DataLake/12.7.0-alpha.20210524.1",
          "(.NET 5.0.6; Microsoft Windows 10.0.19043)"
        ],
        "x-ms-client-request-id": "65ee0e3f-f46f-3303-1235-3fb3543fe153",
        "x-ms-date": "Tue, 25 May 2021 00:05:57 GMT",
        "x-ms-return-client-request-id": "true",
        "x-ms-version": "2020-10-02"
      },
      "RequestBody": null,
      "StatusCode": 200,
      "ResponseHeaders": {
        "Accept-Ranges": "bytes",
        "Content-Length": "1024",
        "Content-Type": "application/octet-stream",
        "Date": "Tue, 25 May 2021 00:05:56 GMT",
        "ETag": "\"0x8D91F10DF241ABC\"",
        "Last-Modified": "Tue, 25 May 2021 00:05:57 GMT",
        "Server": [
          "Windows-Azure-Blob/1.0",
          "Microsoft-HTTPAPI/2.0"
        ],
        "x-ms-access-tier": "Hot",
        "x-ms-access-tier-inferred": "true",
        "x-ms-blob-type": "BlockBlob",
        "x-ms-client-request-id": "65ee0e3f-f46f-3303-1235-3fb3543fe153",
        "x-ms-creation-time": "Tue, 25 May 2021 00:05:57 GMT",
        "x-ms-group": "$superuser",
        "x-ms-lease-state": "available",
        "x-ms-lease-status": "unlocked",
        "x-ms-owner": "$superuser",
        "x-ms-permissions": "rw-r-----",
        "x-ms-request-id": "ff2eb379-c01e-0013-3df9-505bbe000000",
        "x-ms-server-encrypted": "true",
        "x-ms-version": "2020-10-02"
      },
      "ResponseBody": []
    },
    {
      "RequestUri": "http://kasobolhnscanada.blob.core.windows.net/test-filesystem-e7f7490b-04bc-54f1-fc8a-08558ef9c5ed/test-file-fced3a9b-dd53-b3ff-9fa2-cc2de54b3580",
      "RequestMethod": "GET",
      "RequestHeaders": {
        "Accept": "application/xml",
        "Authorization": "Sanitized",
        "If-Match": "0x8D91F10DF241ABC",
        "User-Agent": [
          "azsdk-net-Storage.Files.DataLake/12.7.0-alpha.20210524.1",
          "(.NET 5.0.6; Microsoft Windows 10.0.19043)"
        ],
        "x-ms-client-request-id": "3ca6fbbb-2414-4a61-3212-19be4dd8af56",
        "x-ms-date": "Tue, 25 May 2021 00:05:57 GMT",
        "x-ms-range": "bytes=0-127",
        "x-ms-return-client-request-id": "true",
        "x-ms-version": "2020-10-02"
      },
      "RequestBody": null,
      "StatusCode": 206,
      "ResponseHeaders": {
        "Accept-Ranges": "bytes",
        "Content-Length": "128",
        "Content-Range": "bytes 0-127/1024",
        "Content-Type": "application/octet-stream",
        "Date": "Tue, 25 May 2021 00:05:56 GMT",
        "ETag": "\"0x8D91F10DF241ABC\"",
        "Last-Modified": "Tue, 25 May 2021 00:05:57 GMT",
        "Server": [
          "Windows-Azure-Blob/1.0",
          "Microsoft-HTTPAPI/2.0"
        ],
        "x-ms-blob-type": "BlockBlob",
        "x-ms-client-request-id": "3ca6fbbb-2414-4a61-3212-19be4dd8af56",
        "x-ms-creation-time": "Tue, 25 May 2021 00:05:57 GMT",
        "x-ms-group": "$superuser",
        "x-ms-lease-state": "available",
        "x-ms-lease-status": "unlocked",
        "x-ms-owner": "$superuser",
        "x-ms-permissions": "rw-r-----",
        "x-ms-request-id": "ff2eb39f-c01e-0013-61f9-505bbe000000",
        "x-ms-server-encrypted": "true",
        "x-ms-version": "2020-10-02"
      },
      "ResponseBody": "lm2TTeyjDJ+tLlx/MGCLrIBigqBiHMVGDLUOFVgaOlT6+/pbu7y5LuH4+vpxOlZwPGcBK7SidnmoTUE3lPdGk/QHhTRlL/DDqVO+aSLL1dFfntnxGQ6gWIWAs257gZrqsWcFabUhCgx2PYJg4w1X3Hhv1/YeVXnlZy2v5HuBRyc="
    },
    {
      "RequestUri": "http://kasobolhnscanada.blob.core.windows.net/test-filesystem-e7f7490b-04bc-54f1-fc8a-08558ef9c5ed/test-file-fced3a9b-dd53-b3ff-9fa2-cc2de54b3580",
      "RequestMethod": "GET",
      "RequestHeaders": {
        "Accept": "application/xml",
        "Authorization": "Sanitized",
        "If-Match": "0x8D91F10DF241ABC",
        "User-Agent": [
          "azsdk-net-Storage.Files.DataLake/12.7.0-alpha.20210524.1",
          "(.NET 5.0.6; Microsoft Windows 10.0.19043)"
        ],
        "x-ms-client-request-id": "58f896c4-a499-323e-dd3e-a41d7f6a6e2b",
        "x-ms-date": "Tue, 25 May 2021 00:05:57 GMT",
        "x-ms-range": "bytes=128-255",
        "x-ms-return-client-request-id": "true",
        "x-ms-version": "2020-10-02"
      },
      "RequestBody": null,
      "StatusCode": 206,
      "ResponseHeaders": {
        "Accept-Ranges": "bytes",
        "Content-Length": "128",
        "Content-Range": "bytes 128-255/1024",
        "Content-Type": "application/octet-stream",
        "Date": "Tue, 25 May 2021 00:05:56 GMT",
        "ETag": "\"0x8D91F10DF241ABC\"",
        "Last-Modified": "Tue, 25 May 2021 00:05:57 GMT",
        "Server": [
          "Windows-Azure-Blob/1.0",
          "Microsoft-HTTPAPI/2.0"
        ],
        "x-ms-blob-type": "BlockBlob",
        "x-ms-client-request-id": "58f896c4-a499-323e-dd3e-a41d7f6a6e2b",
        "x-ms-creation-time": "Tue, 25 May 2021 00:05:57 GMT",
        "x-ms-group": "$superuser",
        "x-ms-lease-state": "available",
        "x-ms-lease-status": "unlocked",
        "x-ms-owner": "$superuser",
        "x-ms-permissions": "rw-r-----",
        "x-ms-request-id": "ff2eb3da-c01e-0013-1bf9-505bbe000000",
        "x-ms-server-encrypted": "true",
        "x-ms-version": "2020-10-02"
      },
      "ResponseBody": "udS3u8VrHD2TzHrbjD90eCnW9gyqpMxb7SACiHIlkfT2WqcPVZsXDVOaYlHanlgnuDa7pYs7fRUHW86laJTKbTuG5TKYZSKNv+m5D0J6gU7H2s87autputySB/nNcqS/z/QWVLgmjlMULeahgW3Tjdp/3Y3EjgNPHSpWBl0ov0w="
    },
    {
      "RequestUri": "http://kasobolhnscanada.blob.core.windows.net/test-filesystem-e7f7490b-04bc-54f1-fc8a-08558ef9c5ed/test-file-fced3a9b-dd53-b3ff-9fa2-cc2de54b3580",
      "RequestMethod": "GET",
      "RequestHeaders": {
        "Accept": "application/xml",
        "Authorization": "Sanitized",
        "If-Match": "0x8D91F10DF241ABC",
        "User-Agent": [
          "azsdk-net-Storage.Files.DataLake/12.7.0-alpha.20210524.1",
          "(.NET 5.0.6; Microsoft Windows 10.0.19043)"
        ],
        "x-ms-client-request-id": "b6f9dafd-57e0-d9bd-6b84-72f11f17277b",
        "x-ms-date": "Tue, 25 May 2021 00:05:57 GMT",
        "x-ms-range": "bytes=256-383",
        "x-ms-return-client-request-id": "true",
        "x-ms-version": "2020-10-02"
      },
      "RequestBody": null,
      "StatusCode": 206,
      "ResponseHeaders": {
        "Accept-Ranges": "bytes",
        "Content-Length": "128",
        "Content-Range": "bytes 256-383/1024",
        "Content-Type": "application/octet-stream",
        "Date": "Tue, 25 May 2021 00:05:56 GMT",
        "ETag": "\"0x8D91F10DF241ABC\"",
        "Last-Modified": "Tue, 25 May 2021 00:05:57 GMT",
        "Server": [
          "Windows-Azure-Blob/1.0",
          "Microsoft-HTTPAPI/2.0"
        ],
        "x-ms-blob-type": "BlockBlob",
        "x-ms-client-request-id": "b6f9dafd-57e0-d9bd-6b84-72f11f17277b",
        "x-ms-creation-time": "Tue, 25 May 2021 00:05:57 GMT",
        "x-ms-group": "$superuser",
        "x-ms-lease-state": "available",
        "x-ms-lease-status": "unlocked",
        "x-ms-owner": "$superuser",
        "x-ms-permissions": "rw-r-----",
        "x-ms-request-id": "ff2eb3f8-c01e-0013-38f9-505bbe000000",
        "x-ms-server-encrypted": "true",
        "x-ms-version": "2020-10-02"
      },
      "ResponseBody": "RPpATWMslqFMeyc9Bcc5br95H06UF/pA8cc3jtCI9uttmVyHLYUqrug8QUhmxUpW8edH4wlxty3/AFyc9QjQxIU80GtqsUE5T3BlWNWy2St84JzoQBLh/OIviC0ojrjga33CKvXe60CmDZSYC15XTSYwHxRr6INzW9SJOykTEME="
    },
    {
      "RequestUri": "http://kasobolhnscanada.blob.core.windows.net/test-filesystem-e7f7490b-04bc-54f1-fc8a-08558ef9c5ed/test-file-fced3a9b-dd53-b3ff-9fa2-cc2de54b3580",
      "RequestMethod": "GET",
      "RequestHeaders": {
        "Accept": "application/xml",
        "Authorization": "Sanitized",
        "If-Match": "0x8D91F10DF241ABC",
        "User-Agent": [
          "azsdk-net-Storage.Files.DataLake/12.7.0-alpha.20210524.1",
          "(.NET 5.0.6; Microsoft Windows 10.0.19043)"
        ],
        "x-ms-client-request-id": "a51f177b-b770-3c4a-5807-0a99af87d7af",
        "x-ms-date": "Tue, 25 May 2021 00:05:57 GMT",
        "x-ms-range": "bytes=384-511",
        "x-ms-return-client-request-id": "true",
        "x-ms-version": "2020-10-02"
      },
      "RequestBody": null,
      "StatusCode": 206,
      "ResponseHeaders": {
        "Accept-Ranges": "bytes",
        "Content-Length": "128",
        "Content-Range": "bytes 384-511/1024",
        "Content-Type": "application/octet-stream",
        "Date": "Tue, 25 May 2021 00:05:56 GMT",
        "ETag": "\"0x8D91F10DF241ABC\"",
        "Last-Modified": "Tue, 25 May 2021 00:05:57 GMT",
        "Server": [
          "Windows-Azure-Blob/1.0",
          "Microsoft-HTTPAPI/2.0"
        ],
        "x-ms-blob-type": "BlockBlob",
        "x-ms-client-request-id": "a51f177b-b770-3c4a-5807-0a99af87d7af",
        "x-ms-creation-time": "Tue, 25 May 2021 00:05:57 GMT",
        "x-ms-group": "$superuser",
        "x-ms-lease-state": "available",
        "x-ms-lease-status": "unlocked",
        "x-ms-owner": "$superuser",
        "x-ms-permissions": "rw-r-----",
        "x-ms-request-id": "ff2eb407-c01e-0013-47f9-505bbe000000",
        "x-ms-server-encrypted": "true",
        "x-ms-version": "2020-10-02"
      },
      "ResponseBody": "uITtWO+vNp71XEIyfUjwg9c6Bvhvo3WC+U7OIVWwF5L90+CGcf9dd/qAHw+mUPYT4wZj7g0YURQPa16g4RVIREWvNapnaRLY3I7+7oRl3KhYuj1OTCiF5IHLdwWgvZbkN9rK9htLrHr0ixF+GmOQqY62RybY+vgcKlEom/IMNx8="
    },
    {
      "RequestUri": "http://kasobolhnscanada.blob.core.windows.net/test-filesystem-e7f7490b-04bc-54f1-fc8a-08558ef9c5ed/test-file-fced3a9b-dd53-b3ff-9fa2-cc2de54b3580",
      "RequestMethod": "GET",
      "RequestHeaders": {
        "Accept": "application/xml",
        "Authorization": "Sanitized",
        "If-Match": "0x8D91F10DF241ABC",
        "User-Agent": [
          "azsdk-net-Storage.Files.DataLake/12.7.0-alpha.20210524.1",
          "(.NET 5.0.6; Microsoft Windows 10.0.19043)"
        ],
        "x-ms-client-request-id": "0775c914-82f7-0d0b-ea5c-19bd9588f495",
        "x-ms-date": "Tue, 25 May 2021 00:05:57 GMT",
        "x-ms-range": "bytes=550-677",
        "x-ms-return-client-request-id": "true",
        "x-ms-version": "2020-10-02"
      },
      "RequestBody": null,
      "StatusCode": 206,
      "ResponseHeaders": {
        "Accept-Ranges": "bytes",
        "Content-Length": "128",
        "Content-Range": "bytes 550-677/1024",
        "Content-Type": "application/octet-stream",
        "Date": "Tue, 25 May 2021 00:05:56 GMT",
        "ETag": "\"0x8D91F10DF241ABC\"",
        "Last-Modified": "Tue, 25 May 2021 00:05:57 GMT",
        "Server": [
          "Windows-Azure-Blob/1.0",
          "Microsoft-HTTPAPI/2.0"
        ],
        "x-ms-blob-type": "BlockBlob",
        "x-ms-client-request-id": "0775c914-82f7-0d0b-ea5c-19bd9588f495",
        "x-ms-creation-time": "Tue, 25 May 2021 00:05:57 GMT",
        "x-ms-group": "$superuser",
        "x-ms-lease-state": "available",
        "x-ms-lease-status": "unlocked",
        "x-ms-owner": "$superuser",
        "x-ms-permissions": "rw-r-----",
        "x-ms-request-id": "ff2eb424-c01e-0013-60f9-505bbe000000",
        "x-ms-server-encrypted": "true",
        "x-ms-version": "2020-10-02"
      },
      "ResponseBody": "DqgoOxcVnzcFI4cLXySUTaqIDHjH7RnD6f46c2wlgMhwVb/OwTpY956qqKhCF7BjUwZG/fQ0HiCPZVEZ2yzK36O/mgplxYxwMBXZHEVwgNJN1h9m3oLTOzefP1voPhty4MkFg32m/o151s3fWwHbHuR/zAQMZAAg61/TxoYwh/E="
    },
    {
      "RequestUri": "http://kasobolhnscanada.blob.core.windows.net/test-filesystem-e7f7490b-04bc-54f1-fc8a-08558ef9c5ed/test-file-fced3a9b-dd53-b3ff-9fa2-cc2de54b3580",
      "RequestMethod": "GET",
      "RequestHeaders": {
        "Accept": "application/xml",
        "Authorization": "Sanitized",
        "If-Match": "0x8D91F10DF241ABC",
        "User-Agent": [
          "azsdk-net-Storage.Files.DataLake/12.7.0-alpha.20210524.1",
          "(.NET 5.0.6; Microsoft Windows 10.0.19043)"
        ],
        "x-ms-client-request-id": "e584fb7a-cf12-56b8-d00f-a23e360bc830",
        "x-ms-date": "Tue, 25 May 2021 00:05:58 GMT",
        "x-ms-range": "bytes=678-805",
        "x-ms-return-client-request-id": "true",
        "x-ms-version": "2020-10-02"
      },
      "RequestBody": null,
      "StatusCode": 206,
      "ResponseHeaders": {
        "Accept-Ranges": "bytes",
        "Content-Length": "128",
        "Content-Range": "bytes 678-805/1024",
        "Content-Type": "application/octet-stream",
        "Date": "Tue, 25 May 2021 00:05:56 GMT",
        "ETag": "\"0x8D91F10DF241ABC\"",
        "Last-Modified": "Tue, 25 May 2021 00:05:57 GMT",
        "Server": [
          "Windows-Azure-Blob/1.0",
          "Microsoft-HTTPAPI/2.0"
        ],
        "x-ms-blob-type": "BlockBlob",
        "x-ms-client-request-id": "e584fb7a-cf12-56b8-d00f-a23e360bc830",
        "x-ms-creation-time": "Tue, 25 May 2021 00:05:57 GMT",
        "x-ms-group": "$superuser",
        "x-ms-lease-state": "available",
        "x-ms-lease-status": "unlocked",
        "x-ms-owner": "$superuser",
        "x-ms-permissions": "rw-r-----",
        "x-ms-request-id": "ff2eb438-c01e-0013-73f9-505bbe000000",
        "x-ms-server-encrypted": "true",
        "x-ms-version": "2020-10-02"
      },
      "ResponseBody": "+Wc8e2v9VKbYkuwItfTgNcMhd2lyF2Z8yOSXHdM4B0lO2+X0xV+y5iolLHl3+Gv3f54CZLkdf+IAwLOGZjfTn4ujudkO629kbpA/TOvsBM94oJ41NqKQMFwD8wWrK4DyUYzu1D6S6JMunfYo3jL2FLvjDsaYnmnoEol8C/hquEI="
    },
    {
      "RequestUri": "http://kasobolhnscanada.blob.core.windows.net/test-filesystem-e7f7490b-04bc-54f1-fc8a-08558ef9c5ed/test-file-fced3a9b-dd53-b3ff-9fa2-cc2de54b3580",
      "RequestMethod": "GET",
      "RequestHeaders": {
        "Accept": "application/xml",
        "Authorization": "Sanitized",
        "If-Match": "0x8D91F10DF241ABC",
        "User-Agent": [
          "azsdk-net-Storage.Files.DataLake/12.7.0-alpha.20210524.1",
          "(.NET 5.0.6; Microsoft Windows 10.0.19043)"
        ],
        "x-ms-client-request-id": "9a42e6e6-0e03-5b83-2968-a02f3fcef542",
        "x-ms-date": "Tue, 25 May 2021 00:05:58 GMT",
        "x-ms-range": "bytes=806-933",
        "x-ms-return-client-request-id": "true",
        "x-ms-version": "2020-10-02"
      },
      "RequestBody": null,
      "StatusCode": 206,
      "ResponseHeaders": {
        "Accept-Ranges": "bytes",
        "Content-Length": "128",
        "Content-Range": "bytes 806-933/1024",
        "Content-Type": "application/octet-stream",
        "Date": "Tue, 25 May 2021 00:05:57 GMT",
        "ETag": "\"0x8D91F10DF241ABC\"",
        "Last-Modified": "Tue, 25 May 2021 00:05:57 GMT",
        "Server": [
          "Windows-Azure-Blob/1.0",
          "Microsoft-HTTPAPI/2.0"
        ],
        "x-ms-blob-type": "BlockBlob",
        "x-ms-client-request-id": "9a42e6e6-0e03-5b83-2968-a02f3fcef542",
        "x-ms-creation-time": "Tue, 25 May 2021 00:05:57 GMT",
        "x-ms-group": "$superuser",
        "x-ms-lease-state": "available",
        "x-ms-lease-status": "unlocked",
        "x-ms-owner": "$superuser",
        "x-ms-permissions": "rw-r-----",
        "x-ms-request-id": "ff2eb454-c01e-0013-0cf9-505bbe000000",
        "x-ms-server-encrypted": "true",
        "x-ms-version": "2020-10-02"
      },
      "ResponseBody": "D0z7Xv0wkOa3CgaYrGdSKQzfSccdulqzIwbBtRXcm8TltBmRN5gWi1InDo6X0DyqNlL/GSHwJFTySDv3btvQ2m9Cs/hOwPJ0yb109qzLG1LJF37D3YKi9I/Enu9cHh13VzMeVB1EXHZfi09jey6oJizpLldcDf3tn79oiiEDF6o="
    },
    {
      "RequestUri": "http://kasobolhnscanada.blob.core.windows.net/test-filesystem-e7f7490b-04bc-54f1-fc8a-08558ef9c5ed/test-file-fced3a9b-dd53-b3ff-9fa2-cc2de54b3580",
      "RequestMethod": "GET",
      "RequestHeaders": {
        "Accept": "application/xml",
        "Authorization": "Sanitized",
        "If-Match": "0x8D91F10DF241ABC",
        "User-Agent": [
          "azsdk-net-Storage.Files.DataLake/12.7.0-alpha.20210524.1",
          "(.NET 5.0.6; Microsoft Windows 10.0.19043)"
        ],
        "x-ms-client-request-id": "50582320-2ec9-542d-8058-bafb7ba0f2ed",
        "x-ms-date": "Tue, 25 May 2021 00:05:58 GMT",
        "x-ms-range": "bytes=934-1061",
        "x-ms-return-client-request-id": "true",
        "x-ms-version": "2020-10-02"
      },
      "RequestBody": null,
      "StatusCode": 206,
      "ResponseHeaders": {
        "Accept-Ranges": "bytes",
        "Content-Length": "90",
        "Content-Range": "bytes 934-1023/1024",
        "Content-Type": "application/octet-stream",
        "Date": "Tue, 25 May 2021 00:05:57 GMT",
        "ETag": "\"0x8D91F10DF241ABC\"",
        "Last-Modified": "Tue, 25 May 2021 00:05:57 GMT",
        "Server": [
          "Windows-Azure-Blob/1.0",
          "Microsoft-HTTPAPI/2.0"
        ],
        "x-ms-blob-type": "BlockBlob",
        "x-ms-client-request-id": "50582320-2ec9-542d-8058-bafb7ba0f2ed",
        "x-ms-creation-time": "Tue, 25 May 2021 00:05:57 GMT",
        "x-ms-group": "$superuser",
        "x-ms-lease-state": "available",
        "x-ms-lease-status": "unlocked",
        "x-ms-owner": "$superuser",
        "x-ms-permissions": "rw-r-----",
        "x-ms-request-id": "ff2eb46b-c01e-0013-22f9-505bbe000000",
        "x-ms-server-encrypted": "true",
        "x-ms-version": "2020-10-02"
      },
      "ResponseBody": "oP2eeK3GNYW6CGNSMj94YRx4wnPwxhpKNjC0XtvSVFxzpMN+jy95ZbSonFSpqrtgRgdtqUCkutniVEJ8Etep6LQH3o17+tHs/l2/RyrGoIt1VBjUZKobzurq"
    },
    {
      "RequestUri": "http://kasobolhnscanada.blob.core.windows.net/test-filesystem-e7f7490b-04bc-54f1-fc8a-08558ef9c5ed?restype=container",
      "RequestMethod": "DELETE",
      "RequestHeaders": {
        "Accept": "application/xml",
        "Authorization": "Sanitized",
        "traceparent": "00-caba5cd9a1d421419736bfd29ff266b8-51e7aea60df25c45-00",
        "User-Agent": [
          "azsdk-net-Storage.Files.DataLake/12.7.0-alpha.20210524.1",
          "(.NET 5.0.6; Microsoft Windows 10.0.19043)"
        ],
        "x-ms-client-request-id": "1c0ec1a7-a576-c979-8d63-9a5ed7d3e48b",
        "x-ms-date": "Tue, 25 May 2021 00:05:58 GMT",
        "x-ms-return-client-request-id": "true",
        "x-ms-version": "2020-10-02"
      },
      "RequestBody": null,
      "StatusCode": 202,
      "ResponseHeaders": {
        "Content-Length": "0",
        "Date": "Tue, 25 May 2021 00:05:57 GMT",
        "Server": [
          "Windows-Azure-Blob/1.0",
          "Microsoft-HTTPAPI/2.0"
        ],
        "x-ms-client-request-id": "1c0ec1a7-a576-c979-8d63-9a5ed7d3e48b",
        "x-ms-request-id": "ff2eb49a-c01e-0013-4bf9-505bbe000000",
        "x-ms-version": "2020-10-02"
      },
      "ResponseBody": []
    }
  ],
  "Variables": {
    "RandomSeed": "1874862463",
    "Storage_TestConfigHierarchicalNamespace": "NamespaceTenant\nkasobolhnscanada\nU2FuaXRpemVk\nhttp://kasobolhnscanada.blob.core.windows.net\nhttp://kasobolhnscanada.file.core.windows.net\nhttp://kasobolhnscanada.queue.core.windows.net\nhttp://kasobolhnscanada.table.core.windows.net\n\n\n\n\nhttp://kasobolhnscanada-secondary.blob.core.windows.net\nhttp://kasobolhnscanada-secondary.file.core.windows.net\nhttp://kasobolhnscanada-secondary.queue.core.windows.net\nhttp://kasobolhnscanada-secondary.table.core.windows.net\nc6b5fe1a-9b59-4975-92c4-d9f728c3c371\nSanitized\n72f988bf-86f1-41af-91ab-2d7cd011db47\nhttps://login.microsoftonline.com/\nCloud\nBlobEndpoint=http://kasobolhnscanada.blob.core.windows.net/;QueueEndpoint=http://kasobolhnscanada.queue.core.windows.net/;FileEndpoint=http://kasobolhnscanada.file.core.windows.net/;BlobSecondaryEndpoint=http://kasobolhnscanada-secondary.blob.core.windows.net/;QueueSecondaryEndpoint=http://kasobolhnscanada-secondary.queue.core.windows.net/;FileSecondaryEndpoint=http://kasobolhnscanada-secondary.file.core.windows.net/;AccountName=kasobolhnscanada;AccountKey=Sanitized\n\n\n"
  }
}