{
  "Entries": [
    {
      "RequestUri": "https://seannse.blob.core.windows.net/test-filesystem-d889f1ae-7fc6-c830-66ee-6d8a0e4efc6f?restype=container",
      "RequestMethod": "PUT",
      "RequestHeaders": {
        "Accept": "application/xml",
        "Authorization": "Sanitized",
        "traceparent": "00-9c1eb04d5718d24bbca2991a765bcc11-eced8c450e04d645-00",
        "User-Agent": [
          "azsdk-net-Storage.Files.DataLake/12.7.0-alpha.20210217.1",
          "(.NET 5.0.3; Microsoft Windows 10.0.19042)"
        ],
        "x-ms-blob-public-access": "container",
        "x-ms-client-request-id": "1fccfae4-602f-074a-4eec-61086f211f46",
        "x-ms-date": "Wed, 17 Feb 2021 22:30:33 GMT",
        "x-ms-return-client-request-id": "true",
        "x-ms-version": "2020-06-12"
      },
      "RequestBody": null,
      "StatusCode": 201,
      "ResponseHeaders": {
        "Content-Length": "0",
        "Date": "Wed, 17 Feb 2021 22:30:33 GMT",
        "ETag": "\u00220x8D8D393A3DEF2E5\u0022",
        "Last-Modified": "Wed, 17 Feb 2021 22:30:33 GMT",
        "Server": [
          "Windows-Azure-Blob/1.0",
          "Microsoft-HTTPAPI/2.0"
        ],
        "x-ms-client-request-id": "1fccfae4-602f-074a-4eec-61086f211f46",
        "x-ms-request-id": "2e3d4da1-001e-0057-157c-05d16c000000",
        "x-ms-version": "2020-06-12"
      },
      "ResponseBody": []
    },
    {
      "RequestUri": "https://seannse.dfs.core.windows.net/test-filesystem-d889f1ae-7fc6-c830-66ee-6d8a0e4efc6f/test-file-695e757d-26b5-5246-ce67-8068ee58be7a?resource=file",
      "RequestMethod": "PUT",
      "RequestHeaders": {
        "Authorization": "Sanitized",
        "If-None-Match": "*",
        "traceparent": "00-8be2ab35f80dad448077a194cbdd7cf7-8b2509f7f5b39647-00",
        "User-Agent": [
          "azsdk-net-Storage.Files.DataLake/12.7.0-alpha.20210217.1",
          "(.NET 5.0.3; Microsoft Windows 10.0.19042)"
        ],
        "x-ms-client-request-id": "fd6fb880-35b7-e895-1a5c-6fc9b8d60467",
        "x-ms-date": "Wed, 17 Feb 2021 22:30:33 GMT",
        "x-ms-return-client-request-id": "true",
        "x-ms-version": "2020-06-12"
      },
      "RequestBody": null,
      "StatusCode": 201,
      "ResponseHeaders": {
        "Content-Length": "0",
        "Date": "Wed, 17 Feb 2021 22:30:33 GMT",
        "ETag": "\u00220x8D8D393A41532E9\u0022",
        "Last-Modified": "Wed, 17 Feb 2021 22:30:33 GMT",
        "Server": [
          "Windows-Azure-HDFS/1.0",
          "Microsoft-HTTPAPI/2.0"
        ],
        "x-ms-client-request-id": "fd6fb880-35b7-e895-1a5c-6fc9b8d60467",
        "x-ms-request-id": "5683a6e3-701f-004d-057c-05b0b3000000",
        "x-ms-version": "2020-06-12"
      },
      "ResponseBody": []
    },
    {
      "RequestUri": "https://seannse.dfs.core.windows.net/test-filesystem-d889f1ae-7fc6-c830-66ee-6d8a0e4efc6f/test-file-695e757d-26b5-5246-ce67-8068ee58be7a?action=append\u0026position=0",
      "RequestMethod": "PATCH",
      "RequestHeaders": {
        "Authorization": "Sanitized",
        "Content-Length": "1024",
        "traceparent": "00-52f98552bc8f0e49826ff808ba1b5bc8-eef81ae3a81f994e-00",
        "User-Agent": [
          "azsdk-net-Storage.Files.DataLake/12.7.0-alpha.20210217.1",
          "(.NET 5.0.3; Microsoft Windows 10.0.19042)"
        ],
        "x-ms-client-request-id": "35e78384-c0e8-fcc3-4983-1ec10f6e8a5d",
        "x-ms-date": "Wed, 17 Feb 2021 22:30:34 GMT",
        "x-ms-return-client-request-id": "true",
        "x-ms-version": "2020-06-12"
      },
      "RequestBody": "j\u002BRwOs883xYJ1KlmTuoUmvTSphSC3UA8Q/hDLzbfRQ1A6rbPW7/Lpxu1FVq347hk2McTnHsLxLKkNPbX\u002BK/gKo6bJWQ0RT41Bv75zcflhV8/31duy6mSNSYDKifI865r1OvLG75UMJOJ3pV9Efbrvq6XlxlYcl7lCe89MBoWbRJPjfnbGmqh66/D5O0TFSQvGGt4MVyVEmGN5RHOFv94cnCCLYP9D6RE9axqlI1x0vTLDhivnTu2uXuXTjRY0tSvS3F8kOegMgnGNDuvK33UGxIdAwjnydU1zHMIZsBv6yPYukkb9EIMKtwO6GkAB479wzIiOs7MyIGcR8Rzl8tJV0gY13E0uCfQENgs2OFsNcTlCqONTbBUDPLHf619mZMQxZAg5y8dyAoLUSr2n\u002B\u002BgMBL/jY0ouwmYxMt/bTh6UndFHBJQS02VyEGYgvyGXmwCJk6afgsF5wqGiCNknlvSkf6ysIPdT\u002BTEasVLkDkNEWVefEbq39RsPzQIycMqMSnmxvD91K3oJNdq1RRFulfQeXe9BSEV57EqRXBP1YUhmjibZMpIEDy4dlhugAm/J4TdN1BMbCsI0N4/0o48mU9RSDvbqVWNiGg6BY/Jpmenax7scZ011S0Mk5TrCD6ue9wIHTfO5H0uUK7nEWecPyl2l2ZwUCixG3MNzhXBoX8qjImywIkw2IegvSHuTcPGcFRqdXHXPSq0VgHDwRVnba4vvYXd6X6gRb/fz5MGws6wRl7BVysOUk5f/mmHbBdxOVByv5A96IbVyS\u002Bx926XrZMzE3q3pRaCIWo3fusUGNmnbpVDkwM\u002Bcl7Y6438XFvfx1HWVFmcupM5754lBmqbwbBWCYnYVBqQ9aAc37qIhsQPV7aZPsSAC7QCCaNlGGzzPCrcplLSB3M2RV\u002B4f9vZsWnZFq\u002BzAYLs1v7V1kp2K9w0KKKPrOBxPE9CY/hlx4vYKVg6iwG9Pzuo8NBU/DEpwBqChFY4SgWJZ9lfcZ6Jhw5y/K3yPJ/bduln5rsPHT8eGaPe4kM0oN5SsCMnXs6dHmnB4QCENoN7pw1t0WNJeUmZQFj7q6TLPlvOn4t7sxgbycdSTjw/muIfYjs1x857CTfajh52onPE9qKktpb3//T1Ugeb9ysNWqV120hplXeNUpZUoST6pSdUjVeZmuRMKGJHQHTH3xIMzDN4AcYqW2ErF2P/o17P\u002Bq3fR2nTc7/AKLPlIVUCxnKESNTxgaNhKTL2boKBTIUEeEXH55ioOFlzt9gTRTkLKFHwe1qJ3ngJfh023QQ9P9st4akPO97a2w97fcrLTeT46kUxkdEqeprMvWl7cVpUNnj85WOQ\u002B\u002B1zFp9KDmGuPjA4PvK/C64JA2YPQw==",
      "StatusCode": 202,
      "ResponseHeaders": {
        "Content-Length": "0",
        "Date": "Wed, 17 Feb 2021 22:30:33 GMT",
        "Server": [
          "Windows-Azure-HDFS/1.0",
          "Microsoft-HTTPAPI/2.0"
        ],
        "x-ms-client-request-id": "35e78384-c0e8-fcc3-4983-1ec10f6e8a5d",
        "x-ms-request-id": "5683a6f6-701f-004d-187c-05b0b3000000",
        "x-ms-request-server-encrypted": "true",
        "x-ms-version": "2020-06-12"
      },
      "ResponseBody": []
    },
    {
      "RequestUri": "https://seannse.dfs.core.windows.net/test-filesystem-d889f1ae-7fc6-c830-66ee-6d8a0e4efc6f/test-file-695e757d-26b5-5246-ce67-8068ee58be7a?action=flush\u0026position=1024",
      "RequestMethod": "PATCH",
      "RequestHeaders": {
        "Authorization": "Sanitized",
        "Content-Length": "0",
        "traceparent": "00-76a1ba59426e3f45bb49eafe88e600ac-4060cdacb4cf4040-00",
        "User-Agent": [
          "azsdk-net-Storage.Files.DataLake/12.7.0-alpha.20210217.1",
          "(.NET 5.0.3; Microsoft Windows 10.0.19042)"
        ],
        "x-ms-client-request-id": "354494d3-ceee-8c7e-70db-da77b863eece",
        "x-ms-date": "Wed, 17 Feb 2021 22:30:34 GMT",
        "x-ms-return-client-request-id": "true",
        "x-ms-version": "2020-06-12"
      },
      "RequestBody": null,
      "StatusCode": 200,
      "ResponseHeaders": {
        "Content-Length": "0",
        "Date": "Wed, 17 Feb 2021 22:30:33 GMT",
        "ETag": "\u00220x8D8D393A4309679\u0022",
        "Last-Modified": "Wed, 17 Feb 2021 22:30:34 GMT",
        "Server": [
          "Windows-Azure-HDFS/1.0",
          "Microsoft-HTTPAPI/2.0"
        ],
        "x-ms-client-request-id": "354494d3-ceee-8c7e-70db-da77b863eece",
        "x-ms-request-id": "5683a70c-701f-004d-2e7c-05b0b3000000",
        "x-ms-request-server-encrypted": "false",
        "x-ms-version": "2020-06-12"
      },
      "ResponseBody": []
    },
    {
      "RequestUri": "https://seannse.blob.core.windows.net/test-filesystem-d889f1ae-7fc6-c830-66ee-6d8a0e4efc6f/test-file-695e757d-26b5-5246-ce67-8068ee58be7a",
      "RequestMethod": "HEAD",
      "RequestHeaders": {
        "Accept": "application/xml",
        "Authorization": "Sanitized",
        "traceparent": "00-a0b078604357c14ba54bdb2da3e1359b-09f03353d7a45448-00",
        "User-Agent": [
          "azsdk-net-Storage.Files.DataLake/12.7.0-alpha.20210217.1",
          "(.NET 5.0.3; Microsoft Windows 10.0.19042)"
        ],
        "x-ms-client-request-id": "7bed1e2c-542a-946e-af50-2640e58af230",
        "x-ms-date": "Wed, 17 Feb 2021 22:30:34 GMT",
        "x-ms-return-client-request-id": "true",
        "x-ms-version": "2020-06-12"
      },
      "RequestBody": null,
      "StatusCode": 200,
      "ResponseHeaders": {
        "Accept-Ranges": "bytes",
        "Content-Length": "1024",
        "Content-Type": "application/octet-stream",
        "Date": "Wed, 17 Feb 2021 22:30:33 GMT",
        "ETag": "\u00220x8D8D393A4309679\u0022",
        "Last-Modified": "Wed, 17 Feb 2021 22:30:34 GMT",
        "Server": [
          "Windows-Azure-Blob/1.0",
          "Microsoft-HTTPAPI/2.0"
        ],
        "x-ms-access-tier": "Hot",
        "x-ms-access-tier-inferred": "true",
        "x-ms-blob-type": "BlockBlob",
        "x-ms-client-request-id": "7bed1e2c-542a-946e-af50-2640e58af230",
        "x-ms-creation-time": "Wed, 17 Feb 2021 22:30:33 GMT",
        "x-ms-group": "$superuser",
        "x-ms-lease-state": "available",
        "x-ms-lease-status": "unlocked",
        "x-ms-owner": "$superuser",
        "x-ms-permissions": "rw-r-----",
        "x-ms-request-id": "2e3d4e70-001e-0057-557c-05d16c000000",
        "x-ms-server-encrypted": "true",
        "x-ms-version": "2020-06-12"
      },
      "ResponseBody": []
    },
    {
      "RequestUri": "https://seannse.blob.core.windows.net/test-filesystem-d889f1ae-7fc6-c830-66ee-6d8a0e4efc6f/test-file-695e757d-26b5-5246-ce67-8068ee58be7a",
      "RequestMethod": "GET",
      "RequestHeaders": {
        "Accept": "application/xml",
        "Authorization": "Sanitized",
        "User-Agent": [
          "azsdk-net-Storage.Files.DataLake/12.7.0-alpha.20210217.1",
          "(.NET 5.0.3; Microsoft Windows 10.0.19042)"
        ],
        "x-ms-client-request-id": "994bd9de-7375-3da3-6a54-b4eccb7fe0f6",
        "x-ms-date": "Wed, 17 Feb 2021 22:30:34 GMT",
        "x-ms-range": "bytes=0-127",
        "x-ms-return-client-request-id": "true",
        "x-ms-version": "2020-06-12"
      },
      "RequestBody": null,
      "StatusCode": 206,
      "ResponseHeaders": {
        "Accept-Ranges": "bytes",
        "Content-Length": "128",
        "Content-Range": "bytes 0-127/1024",
        "Content-Type": "application/octet-stream",
        "Date": "Wed, 17 Feb 2021 22:30:33 GMT",
        "ETag": "\u00220x8D8D393A4309679\u0022",
        "Last-Modified": "Wed, 17 Feb 2021 22:30:34 GMT",
        "Server": [
          "Windows-Azure-Blob/1.0",
          "Microsoft-HTTPAPI/2.0"
        ],
        "x-ms-blob-type": "BlockBlob",
        "x-ms-client-request-id": "994bd9de-7375-3da3-6a54-b4eccb7fe0f6",
        "x-ms-creation-time": "Wed, 17 Feb 2021 22:30:33 GMT",
        "x-ms-group": "$superuser",
        "x-ms-lease-state": "available",
        "x-ms-lease-status": "unlocked",
        "x-ms-owner": "$superuser",
        "x-ms-permissions": "rw-r-----",
        "x-ms-request-id": "2e3d4e8b-001e-0057-6b7c-05d16c000000",
        "x-ms-server-encrypted": "true",
        "x-ms-version": "2020-06-12"
      },
      "ResponseBody": "j\u002BRwOs883xYJ1KlmTuoUmvTSphSC3UA8Q/hDLzbfRQ1A6rbPW7/Lpxu1FVq347hk2McTnHsLxLKkNPbX\u002BK/gKo6bJWQ0RT41Bv75zcflhV8/31duy6mSNSYDKifI865r1OvLG75UMJOJ3pV9Efbrvq6XlxlYcl7lCe89MBoWbRI="
    },
    {
      "RequestUri": "https://seannse.blob.core.windows.net/test-filesystem-d889f1ae-7fc6-c830-66ee-6d8a0e4efc6f/test-file-695e757d-26b5-5246-ce67-8068ee58be7a",
      "RequestMethod": "GET",
      "RequestHeaders": {
        "Accept": "application/xml",
        "Authorization": "Sanitized",
        "If-Match": "0x8D8D393A4309679",
        "User-Agent": [
          "azsdk-net-Storage.Files.DataLake/12.7.0-alpha.20210217.1",
          "(.NET 5.0.3; Microsoft Windows 10.0.19042)"
        ],
        "x-ms-client-request-id": "0b62dec4-583e-10bb-4ecb-bc0a3fd51555",
        "x-ms-date": "Wed, 17 Feb 2021 22:30:34 GMT",
        "x-ms-range": "bytes=128-255",
        "x-ms-return-client-request-id": "true",
        "x-ms-version": "2020-06-12"
      },
      "RequestBody": null,
      "StatusCode": 206,
      "ResponseHeaders": {
        "Accept-Ranges": "bytes",
        "Content-Length": "128",
        "Content-Range": "bytes 128-255/1024",
        "Content-Type": "application/octet-stream",
        "Date": "Wed, 17 Feb 2021 22:30:33 GMT",
        "ETag": "\u00220x8D8D393A4309679\u0022",
        "Last-Modified": "Wed, 17 Feb 2021 22:30:34 GMT",
        "Server": [
          "Windows-Azure-Blob/1.0",
          "Microsoft-HTTPAPI/2.0"
        ],
        "x-ms-blob-type": "BlockBlob",
        "x-ms-client-request-id": "0b62dec4-583e-10bb-4ecb-bc0a3fd51555",
        "x-ms-creation-time": "Wed, 17 Feb 2021 22:30:33 GMT",
        "x-ms-group": "$superuser",
        "x-ms-lease-state": "available",
        "x-ms-lease-status": "unlocked",
        "x-ms-owner": "$superuser",
        "x-ms-permissions": "rw-r-----",
        "x-ms-request-id": "2e3d4ea3-001e-0057-7e7c-05d16c000000",
        "x-ms-server-encrypted": "true",
        "x-ms-version": "2020-06-12"
      },
      "ResponseBody": "T4352xpqoeuvw\u002BTtExUkLxhreDFclRJhjeURzhb/eHJwgi2D/Q\u002BkRPWsapSNcdL0yw4Yr507trl7l040WNLUr0txfJDnoDIJxjQ7ryt91BsSHQMI58nVNcxzCGbAb\u002Bsj2LpJG/RCDCrcDuhpAAeO/cMyIjrOzMiBnEfEc5fLSVc="
    },
    {
      "RequestUri": "https://seannse.blob.core.windows.net/test-filesystem-d889f1ae-7fc6-c830-66ee-6d8a0e4efc6f/test-file-695e757d-26b5-5246-ce67-8068ee58be7a",
      "RequestMethod": "GET",
      "RequestHeaders": {
        "Accept": "application/xml",
        "Authorization": "Sanitized",
        "If-Match": "0x8D8D393A4309679",
        "User-Agent": [
          "azsdk-net-Storage.Files.DataLake/12.7.0-alpha.20210217.1",
          "(.NET 5.0.3; Microsoft Windows 10.0.19042)"
        ],
        "x-ms-client-request-id": "ed280cec-d51d-f2b7-b6e3-c0541997f986",
        "x-ms-date": "Wed, 17 Feb 2021 22:30:34 GMT",
        "x-ms-range": "bytes=256-383",
        "x-ms-return-client-request-id": "true",
        "x-ms-version": "2020-06-12"
      },
      "RequestBody": null,
      "StatusCode": 206,
      "ResponseHeaders": {
        "Accept-Ranges": "bytes",
        "Content-Length": "128",
        "Content-Range": "bytes 256-383/1024",
        "Content-Type": "application/octet-stream",
        "Date": "Wed, 17 Feb 2021 22:30:33 GMT",
        "ETag": "\u00220x8D8D393A4309679\u0022",
        "Last-Modified": "Wed, 17 Feb 2021 22:30:34 GMT",
        "Server": [
          "Windows-Azure-Blob/1.0",
          "Microsoft-HTTPAPI/2.0"
        ],
        "x-ms-blob-type": "BlockBlob",
        "x-ms-client-request-id": "ed280cec-d51d-f2b7-b6e3-c0541997f986",
        "x-ms-creation-time": "Wed, 17 Feb 2021 22:30:33 GMT",
        "x-ms-group": "$superuser",
        "x-ms-lease-state": "available",
        "x-ms-lease-status": "unlocked",
        "x-ms-owner": "$superuser",
        "x-ms-permissions": "rw-r-----",
        "x-ms-request-id": "2e3d4ebf-001e-0057-137c-05d16c000000",
        "x-ms-server-encrypted": "true",
        "x-ms-version": "2020-06-12"
      },
      "ResponseBody": "SBjXcTS4J9AQ2CzY4Ww1xOUKo41NsFQM8sd/rX2ZkxDFkCDnLx3ICgtRKvaf76AwEv\u002BNjSi7CZjEy39tOHpSd0UcElBLTZXIQZiC/IZebAImTpp\u002BCwXnCoaII2SeW9KR/rKwg91P5MRqxUuQOQ0RZV58Rurf1Gw/NAjJwyoxKeY="
    },
    {
      "RequestUri": "https://seannse.blob.core.windows.net/test-filesystem-d889f1ae-7fc6-c830-66ee-6d8a0e4efc6f/test-file-695e757d-26b5-5246-ce67-8068ee58be7a",
      "RequestMethod": "GET",
      "RequestHeaders": {
        "Accept": "application/xml",
        "Authorization": "Sanitized",
        "If-Match": "0x8D8D393A4309679",
        "User-Agent": [
          "azsdk-net-Storage.Files.DataLake/12.7.0-alpha.20210217.1",
          "(.NET 5.0.3; Microsoft Windows 10.0.19042)"
        ],
        "x-ms-client-request-id": "321d0f2d-28ac-c837-0674-0430bdd2ee9f",
        "x-ms-date": "Wed, 17 Feb 2021 22:30:34 GMT",
        "x-ms-range": "bytes=384-511",
        "x-ms-return-client-request-id": "true",
        "x-ms-version": "2020-06-12"
      },
      "RequestBody": null,
      "StatusCode": 206,
      "ResponseHeaders": {
        "Accept-Ranges": "bytes",
        "Content-Length": "128",
        "Content-Range": "bytes 384-511/1024",
        "Content-Type": "application/octet-stream",
        "Date": "Wed, 17 Feb 2021 22:30:34 GMT",
        "ETag": "\u00220x8D8D393A4309679\u0022",
        "Last-Modified": "Wed, 17 Feb 2021 22:30:34 GMT",
        "Server": [
          "Windows-Azure-Blob/1.0",
          "Microsoft-HTTPAPI/2.0"
        ],
        "x-ms-blob-type": "BlockBlob",
        "x-ms-client-request-id": "321d0f2d-28ac-c837-0674-0430bdd2ee9f",
        "x-ms-creation-time": "Wed, 17 Feb 2021 22:30:33 GMT",
        "x-ms-group": "$superuser",
        "x-ms-lease-state": "available",
        "x-ms-lease-status": "unlocked",
        "x-ms-owner": "$superuser",
        "x-ms-permissions": "rw-r-----",
        "x-ms-request-id": "2e3d4ed2-001e-0057-267c-05d16c000000",
        "x-ms-server-encrypted": "true",
        "x-ms-version": "2020-06-12"
      },
      "ResponseBody": "xvD91K3oJNdq1RRFulfQeXe9BSEV57EqRXBP1YUhmjibZMpIEDy4dlhugAm/J4TdN1BMbCsI0N4/0o48mU9RSDvbqVWNiGg6BY/Jpmenax7scZ011S0Mk5TrCD6ue9wIHTfO5H0uUK7nEWecPyl2l2ZwUCixG3MNzhXBoX8qjIk="
    },
    {
      "RequestUri": "https://seannse.blob.core.windows.net/test-filesystem-d889f1ae-7fc6-c830-66ee-6d8a0e4efc6f/test-file-695e757d-26b5-5246-ce67-8068ee58be7a",
      "RequestMethod": "GET",
      "RequestHeaders": {
        "Accept": "application/xml",
        "Authorization": "Sanitized",
        "If-Match": "0x8D8D393A4309679",
        "User-Agent": [
          "azsdk-net-Storage.Files.DataLake/12.7.0-alpha.20210217.1",
          "(.NET 5.0.3; Microsoft Windows 10.0.19042)"
        ],
        "x-ms-client-request-id": "092769a0-c679-cdd9-1946-dce1a86288e4",
        "x-ms-date": "Wed, 17 Feb 2021 22:30:34 GMT",
        "x-ms-range": "bytes=550-677",
        "x-ms-return-client-request-id": "true",
        "x-ms-version": "2020-06-12"
      },
      "RequestBody": null,
      "StatusCode": 206,
      "ResponseHeaders": {
        "Accept-Ranges": "bytes",
        "Content-Length": "128",
        "Content-Range": "bytes 550-677/1024",
        "Content-Type": "application/octet-stream",
        "Date": "Wed, 17 Feb 2021 22:30:34 GMT",
        "ETag": "\u00220x8D8D393A4309679\u0022",
        "Last-Modified": "Wed, 17 Feb 2021 22:30:34 GMT",
        "Server": [
          "Windows-Azure-Blob/1.0",
          "Microsoft-HTTPAPI/2.0"
        ],
        "x-ms-blob-type": "BlockBlob",
        "x-ms-client-request-id": "092769a0-c679-cdd9-1946-dce1a86288e4",
        "x-ms-creation-time": "Wed, 17 Feb 2021 22:30:33 GMT",
        "x-ms-group": "$superuser",
        "x-ms-lease-state": "available",
        "x-ms-lease-status": "unlocked",
        "x-ms-owner": "$superuser",
        "x-ms-permissions": "rw-r-----",
        "x-ms-request-id": "2e3d4edd-001e-0057-317c-05d16c000000",
        "x-ms-server-encrypted": "true",
        "x-ms-version": "2020-06-12"
      },
      "ResponseBody": "v9/PkwbCzrBGXsFXKw5STl/\u002BaYdsF3E5UHK/kD3ohtXJL7H3bpetkzMTerelFoIhajd\u002B6xQY2adulUOTAz5yXtjrjfxcW9/HUdZUWZy6kznvniUGapvBsFYJidhUGpD1oBzfuoiGxA9Xtpk\u002BxIALtAIJo2UYbPM8KtymUtIHczY="
    },
    {
      "RequestUri": "https://seannse.blob.core.windows.net/test-filesystem-d889f1ae-7fc6-c830-66ee-6d8a0e4efc6f/test-file-695e757d-26b5-5246-ce67-8068ee58be7a",
      "RequestMethod": "GET",
      "RequestHeaders": {
        "Accept": "application/xml",
        "Authorization": "Sanitized",
        "If-Match": "0x8D8D393A4309679",
        "User-Agent": [
          "azsdk-net-Storage.Files.DataLake/12.7.0-alpha.20210217.1",
          "(.NET 5.0.3; Microsoft Windows 10.0.19042)"
        ],
        "x-ms-client-request-id": "5490a09c-e4ab-5225-dda4-62a1de749716",
        "x-ms-date": "Wed, 17 Feb 2021 22:30:34 GMT",
        "x-ms-range": "bytes=678-805",
        "x-ms-return-client-request-id": "true",
        "x-ms-version": "2020-06-12"
      },
      "RequestBody": null,
      "StatusCode": 206,
      "ResponseHeaders": {
        "Accept-Ranges": "bytes",
        "Content-Length": "128",
        "Content-Range": "bytes 678-805/1024",
        "Content-Type": "application/octet-stream",
        "Date": "Wed, 17 Feb 2021 22:30:34 GMT",
        "ETag": "\u00220x8D8D393A4309679\u0022",
        "Last-Modified": "Wed, 17 Feb 2021 22:30:34 GMT",
        "Server": [
          "Windows-Azure-Blob/1.0",
          "Microsoft-HTTPAPI/2.0"
        ],
        "x-ms-blob-type": "BlockBlob",
        "x-ms-client-request-id": "5490a09c-e4ab-5225-dda4-62a1de749716",
        "x-ms-creation-time": "Wed, 17 Feb 2021 22:30:33 GMT",
        "x-ms-group": "$superuser",
        "x-ms-lease-state": "available",
        "x-ms-lease-status": "unlocked",
        "x-ms-owner": "$superuser",
        "x-ms-permissions": "rw-r-----",
        "x-ms-request-id": "2e3d4ef0-001e-0057-437c-05d16c000000",
        "x-ms-server-encrypted": "true",
        "x-ms-version": "2020-06-12"
      },
      "ResponseBody": "RV\u002B4f9vZsWnZFq\u002BzAYLs1v7V1kp2K9w0KKKPrOBxPE9CY/hlx4vYKVg6iwG9Pzuo8NBU/DEpwBqChFY4SgWJZ9lfcZ6Jhw5y/K3yPJ/bduln5rsPHT8eGaPe4kM0oN5SsCMnXs6dHmnB4QCENoN7pw1t0WNJeUmZQFj7q6TLPls="
    },
    {
      "RequestUri": "https://seannse.blob.core.windows.net/test-filesystem-d889f1ae-7fc6-c830-66ee-6d8a0e4efc6f/test-file-695e757d-26b5-5246-ce67-8068ee58be7a",
      "RequestMethod": "GET",
      "RequestHeaders": {
        "Accept": "application/xml",
        "Authorization": "Sanitized",
        "If-Match": "0x8D8D393A4309679",
        "User-Agent": [
          "azsdk-net-Storage.Files.DataLake/12.7.0-alpha.20210217.1",
          "(.NET 5.0.3; Microsoft Windows 10.0.19042)"
        ],
        "x-ms-client-request-id": "0744617e-34d2-8639-0fbf-863a65cd9444",
        "x-ms-date": "Wed, 17 Feb 2021 22:30:34 GMT",
        "x-ms-range": "bytes=806-933",
        "x-ms-return-client-request-id": "true",
        "x-ms-version": "2020-06-12"
      },
      "RequestBody": null,
      "StatusCode": 206,
      "ResponseHeaders": {
        "Accept-Ranges": "bytes",
        "Content-Length": "128",
        "Content-Range": "bytes 806-933/1024",
        "Content-Type": "application/octet-stream",
        "Date": "Wed, 17 Feb 2021 22:30:34 GMT",
        "ETag": "\u00220x8D8D393A4309679\u0022",
        "Last-Modified": "Wed, 17 Feb 2021 22:30:34 GMT",
        "Server": [
          "Windows-Azure-Blob/1.0",
          "Microsoft-HTTPAPI/2.0"
        ],
        "x-ms-blob-type": "BlockBlob",
        "x-ms-client-request-id": "0744617e-34d2-8639-0fbf-863a65cd9444",
        "x-ms-creation-time": "Wed, 17 Feb 2021 22:30:33 GMT",
        "x-ms-group": "$superuser",
        "x-ms-lease-state": "available",
        "x-ms-lease-status": "unlocked",
        "x-ms-owner": "$superuser",
        "x-ms-permissions": "rw-r-----",
        "x-ms-request-id": "2e3d4f01-001e-0057-517c-05d16c000000",
        "x-ms-server-encrypted": "true",
        "x-ms-version": "2020-06-12"
      },
      "ResponseBody": "zp\u002BLe7MYG8nHUk48P5riH2I7NcfOewk32o4edqJzxPaipLaW9//09VIHm/crDVqlddtIaZV3jVKWVKEk\u002BqUnVI1XmZrkTChiR0B0x98SDMwzeAHGKlthKxdj/6Nez/qt30dp03O/wCiz5SFVAsZyhEjU8YGjYSky9m6CgUyFBHg="
    },
    {
      "RequestUri": "https://seannse.blob.core.windows.net/test-filesystem-d889f1ae-7fc6-c830-66ee-6d8a0e4efc6f/test-file-695e757d-26b5-5246-ce67-8068ee58be7a",
      "RequestMethod": "GET",
      "RequestHeaders": {
        "Accept": "application/xml",
        "Authorization": "Sanitized",
        "If-Match": "0x8D8D393A4309679",
        "User-Agent": [
          "azsdk-net-Storage.Files.DataLake/12.7.0-alpha.20210217.1",
          "(.NET 5.0.3; Microsoft Windows 10.0.19042)"
        ],
        "x-ms-client-request-id": "7d22bdca-8f2f-2544-17d2-bcbaed49722c",
        "x-ms-date": "Wed, 17 Feb 2021 22:30:34 GMT",
        "x-ms-range": "bytes=934-1061",
        "x-ms-return-client-request-id": "true",
        "x-ms-version": "2020-06-12"
      },
      "RequestBody": null,
      "StatusCode": 206,
      "ResponseHeaders": {
        "Accept-Ranges": "bytes",
        "Content-Length": "90",
        "Content-Range": "bytes 934-1023/1024",
        "Content-Type": "application/octet-stream",
        "Date": "Wed, 17 Feb 2021 22:30:34 GMT",
        "ETag": "\u00220x8D8D393A4309679\u0022",
        "Last-Modified": "Wed, 17 Feb 2021 22:30:34 GMT",
        "Server": [
          "Windows-Azure-Blob/1.0",
          "Microsoft-HTTPAPI/2.0"
        ],
        "x-ms-blob-type": "BlockBlob",
        "x-ms-client-request-id": "7d22bdca-8f2f-2544-17d2-bcbaed49722c",
        "x-ms-creation-time": "Wed, 17 Feb 2021 22:30:33 GMT",
        "x-ms-group": "$superuser",
        "x-ms-lease-state": "available",
        "x-ms-lease-status": "unlocked",
        "x-ms-owner": "$superuser",
        "x-ms-permissions": "rw-r-----",
        "x-ms-request-id": "2e3d4f11-001e-0057-5f7c-05d16c000000",
        "x-ms-server-encrypted": "true",
        "x-ms-version": "2020-06-12"
      },
      "ResponseBody": "RcfnmKg4WXO32BNFOQsoUfB7WoneeAl\u002BHTbdBD0/2y3hqQ873trbD3t9ystN5PjqRTGR0Sp6msy9aXtxWlQ2ePzlY5D77XMWn0oOYa4\u002BMDg\u002B8r8LrgkDZg9D"
    },
    {
      "RequestUri": "https://seannse.blob.core.windows.net/test-filesystem-d889f1ae-7fc6-c830-66ee-6d8a0e4efc6f?restype=container",
      "RequestMethod": "DELETE",
      "RequestHeaders": {
        "Accept": "application/xml",
        "Authorization": "Sanitized",
        "traceparent": "00-88c6ac54a7c2224a8394cbaf92f28a6a-c7b11900771dcd4c-00",
        "User-Agent": [
          "azsdk-net-Storage.Files.DataLake/12.7.0-alpha.20210217.1",
          "(.NET 5.0.3; Microsoft Windows 10.0.19042)"
        ],
        "x-ms-client-request-id": "a870b87a-17aa-b714-5d4a-8a4840453bd2",
        "x-ms-date": "Wed, 17 Feb 2021 22:30:35 GMT",
        "x-ms-return-client-request-id": "true",
        "x-ms-version": "2020-06-12"
      },
      "RequestBody": null,
      "StatusCode": 202,
      "ResponseHeaders": {
        "Content-Length": "0",
        "Date": "Wed, 17 Feb 2021 22:30:34 GMT",
        "Server": [
          "Windows-Azure-Blob/1.0",
          "Microsoft-HTTPAPI/2.0"
        ],
        "x-ms-client-request-id": "a870b87a-17aa-b714-5d4a-8a4840453bd2",
        "x-ms-request-id": "2e3d4f23-001e-0057-6f7c-05d16c000000",
        "x-ms-version": "2020-06-12"
      },
      "ResponseBody": []
    }
  ],
  "Variables": {
    "RandomSeed": "1447748334",
    "Storage_TestConfigHierarchicalNamespace": "NamespaceTenant\nseannse\nU2FuaXRpemVk\nhttps://seannse.blob.core.windows.net\nhttps://seannse.file.core.windows.net\nhttps://seannse.queue.core.windows.net\nhttps://seannse.table.core.windows.net\n\n\n\n\nhttps://seannse-secondary.blob.core.windows.net\nhttps://seannse-secondary.file.core.windows.net\nhttps://seannse-secondary.queue.core.windows.net\nhttps://seannse-secondary.table.core.windows.net\n68390a19-a643-458b-b726-408abf67b4fc\nSanitized\n72f988bf-86f1-41af-91ab-2d7cd011db47\nhttps://login.microsoftonline.com/\nCloud\nBlobEndpoint=https://seannse.blob.core.windows.net/;QueueEndpoint=https://seannse.queue.core.windows.net/;FileEndpoint=https://seannse.file.core.windows.net/;BlobSecondaryEndpoint=https://seannse-secondary.blob.core.windows.net/;QueueSecondaryEndpoint=https://seannse-secondary.queue.core.windows.net/;FileSecondaryEndpoint=https://seannse-secondary.file.core.windows.net/;AccountName=seannse;AccountKey=Sanitized\n"
  }
}