{
  "Entries": [
    {
      "RequestUri": "https://seannse.blob.core.windows.net/test-filesystem-75d87b30-995c-1a9c-6336-0fc32d5facef?restype=container",
      "RequestMethod": "PUT",
      "RequestHeaders": {
        "Authorization": "Sanitized",
        "traceparent": "00-d0cf1f61c4ff9d419cb603d00ad42f5c-ddc8e08173ce9145-00",
        "User-Agent": [
          "azsdk-net-Storage.Files.DataLake/12.7.0-alpha.20210202.1",
          "(.NET Framework 4.8.4250.0; Microsoft Windows 10.0.19042 )"
        ],
        "x-ms-blob-public-access": "container",
        "x-ms-client-request-id": "bc020bfc-67ea-3a3b-8048-bc9fedf9fc19",
        "x-ms-date": "Wed, 03 Feb 2021 02:10:03 GMT",
        "x-ms-return-client-request-id": "true",
        "x-ms-version": "2020-06-12"
      },
      "RequestBody": null,
      "StatusCode": 201,
      "ResponseHeaders": {
        "Content-Length": "0",
        "Date": "Wed, 03 Feb 2021 02:10:04 GMT",
        "ETag": "\u00220x8D8C7E8D2531299\u0022",
        "Last-Modified": "Wed, 03 Feb 2021 02:10:04 GMT",
        "Server": [
          "Windows-Azure-Blob/1.0",
          "Microsoft-HTTPAPI/2.0"
        ],
        "x-ms-client-request-id": "bc020bfc-67ea-3a3b-8048-bc9fedf9fc19",
        "x-ms-request-id": "5b85b3ba-701e-005d-4ad1-f975db000000",
        "x-ms-version": "2020-06-12"
      },
      "ResponseBody": []
    },
    {
      "RequestUri": "https://seannse.dfs.core.windows.net/test-filesystem-75d87b30-995c-1a9c-6336-0fc32d5facef/test-file-3f94274b-0e41-75e0-9af6-20a0a2a8ad94?resource=file",
      "RequestMethod": "PUT",
      "RequestHeaders": {
        "Accept": "application/json",
        "Authorization": "Sanitized",
        "If-None-Match": "*",
        "traceparent": "00-331761f76a326b408d2ed6a1a9bf0e3f-a275fd2b5c5f8949-00",
        "User-Agent": [
          "azsdk-net-Storage.Files.DataLake/12.7.0-alpha.20210202.1",
          "(.NET Framework 4.8.4250.0; Microsoft Windows 10.0.19042 )"
        ],
        "x-ms-client-request-id": "5ec9757f-d7ee-563d-d7c0-a8cd71a65b69",
        "x-ms-date": "Wed, 03 Feb 2021 02:10:04 GMT",
        "x-ms-return-client-request-id": "true",
        "x-ms-version": "2020-06-12"
      },
      "RequestBody": null,
      "StatusCode": 201,
      "ResponseHeaders": {
        "Content-Length": "0",
        "Date": "Wed, 03 Feb 2021 02:10:04 GMT",
        "ETag": "\u00220x8D8C7E8D2902BA7\u0022",
        "Last-Modified": "Wed, 03 Feb 2021 02:10:05 GMT",
        "Server": [
          "Windows-Azure-HDFS/1.0",
          "Microsoft-HTTPAPI/2.0"
        ],
        "x-ms-client-request-id": "5ec9757f-d7ee-563d-d7c0-a8cd71a65b69",
        "x-ms-request-id": "e2b0cdc4-201f-008b-5ad1-f97b32000000",
        "x-ms-version": "2020-06-12"
      },
      "ResponseBody": []
    },
    {
      "RequestUri": "https://seannse.dfs.core.windows.net/test-filesystem-75d87b30-995c-1a9c-6336-0fc32d5facef/test-file-3f94274b-0e41-75e0-9af6-20a0a2a8ad94?action=append\u0026position=0",
      "RequestMethod": "PATCH",
      "RequestHeaders": {
        "Accept": "application/json",
        "Authorization": "Sanitized",
        "Content-Length": "1843",
        "Content-Type": "application/json",
        "traceparent": "00-147d276cf283ce44b6ef2e90a766eaa9-ffbec9340d0f064b-00",
        "User-Agent": [
          "azsdk-net-Storage.Files.DataLake/12.7.0-alpha.20210202.1",
          "(.NET Framework 4.8.4250.0; Microsoft Windows 10.0.19042 )"
        ],
        "x-ms-client-request-id": "2c216cda-4fdf-5ea6-1ca8-82a318b778a9",
        "x-ms-date": "Wed, 03 Feb 2021 02:10:04 GMT",
        "x-ms-return-client-request-id": "true",
        "x-ms-version": "2020-06-12"
      },
      "RequestBody": [
        "{v\u0018I\u0026\r",
        "\uFFFD\u0060\uFFFD\uFFFD\u0000\uFFFDD\u0456d\uFFFD\u0022\\\uFFFD\u0004\u0010\uFFFD:\uFFFD\uFFFD\uFFFD{\uFFFD\u024A\u007F\uFFFD^zW\uFFFD\uFFFD\u0026h\\\uFFFD\uFFFDf9\uFFFD\u0004\uFFFD\b\uFFFD2\u067D\uFFFDr\u0007u\uFFFD\u0011=\uFFFD\uFFFD\uFFFD\uFFFDJ\uFFFD\u0011\uFFFDV?\uFFFD\uFFFD\uFFFD\uFFFD\t]m\u0000\u0014\uFFFD\uFFFDrr\uFFFD\uFFFD\uFFFD\uFFFD\uFFFDr\uFFFD\uFFFD\uFFFDv\u0004\uFFFD\u001B\uFFFD\uFFFD\u001E\uFFFD\u0268[\uFFFD\uFFFD\uFFFDh\uFFFD\u0007\uFFFD\uFFFD\uFFFD\uFFFDr\uFFFDS\uFFFD\uFFFD\u0014\uFFFD\uFFFD]F\uFFFD\u0013I\u001C\u0004\uFFFDRH\u003E\uFFFD[\uFFFD\uFFFD;\uFFFD\uFFFD\u0005\uFFFD\uFFFD\u06AD\uFFFDN\uFFFD\u0004\uFFFDv\uFFFD\uFFFD\uFFFD$\uFFFDkbb\u0240\uFFFDd\u0016\uFFFD\uFFFD\uFFFD\u0015t\u027A\u0018\uFFFD\uFFFD\u000Eu\u001C\uFFFD\uFFFD\u0018\uFFFDp\u0018\uFFFD\u001D\uFFFDP|\u0060\uFFFD\u003Eg\uFFFD\u000Bv*\u001F\uFFFD%\u000B 8e;\uFFFD]\uFFFD/\uFFFD\uFFFD\uFFFD\uFFFD\uFFFDI\u0004\u0010\uFFFD\uFFFD\uFFFD\uFFFDQC\uFFFD\u020AR?\uFFFDQ\uFFFDVj]\uFFFD\uFFFD\uFFFD\n",
        "\u073C\uFFFD\u0012 \u0271\u0018V\uFFFD\uFFFD\u0006eg?\uFFFDA\uFFFD\u0742\uFFFD\uFFFDt\u001E\u0004\uFFFD\uFFFDX)\uFFFD;Qx\u0006\uFFFD#8\uFFFD1z\u0003\uFFFD4\uFFFD\uFFFD\uFFFD\uFFFD|\u0017\uFFFD\u001C\uFFFD\u001A\tm,H\uFFFD\u000EC\uFFFDY\uFFFD\uFFFDb\u003E\uFFFD_\uFFFD\u001B\uFFFDo\uFFFDc\u007F\uFFFD|\uFFFDoQ\uFFFDQ@xng7n\uFFFD\uFFFD\u06D7\uFFFD\uFFFD\u007F\uFFFD\uFFFDhRq$\uFFFD\uFFFD\uFFFD1\uFFFDK\uFFFD\uFFFD\uFFFD\uFFFD\uFFFD2\uFFFDQ\uFFFD\u0018w]\uFFFD\u0007\u001F\uFFFD\uFFFD@\u8ADA\uFFFD\uFFFD,\u0013m\uFFFD,eVEF\uFFFD\u001B\uFFFD\uFFFD\u0018\n",
        "Re\u0006\uFFFD\u0591I\u000BWj\u0004\uFFFD2\uFFFDH\u0001\uFFFD\u04B5S\uFFFD\u001B4\uFFFD\uFFFDR\uFFFD0\uFFFD\u07C6\u003C\uFFFD\uFFFD\uE0A4\uFFFD\r",
        "D\uFFFD\b\u0016\uFFFD\u0027\uFFFD#\uFFFD\uFFFD\uFFFDj\uFFFD.\uFFFDn61u\uFFFD\uFFFD\uFFFD\u0019ow\uFFFD\uFFFD\u0016t\uFFFD\uFFFD\\\uFFFD\uFFFDqp\uFFFD\u0005\uFFFDiJ.J1\uFFFDu\uFFFD\r",
        "\uFFFDO\uFFFDQ/L\uFFFD\uFFFD\u0259\uFFFD\uFFFD^\uFFFD\uFFFD\uFFFD8c\uFFFD\uFFFDT\uFFFD0\uFFFD\u000BfVr\uFFFD\u0002\t\uFFFD,$\u0014t-g\u003C\uFFFD\uFFFDg\uFFFD\u000B\uFFFD~\uFFFD\uFFFDx\uFFFD\uFFFDP\uFFFDt\uFFFD\uFFFD#\uFFFD2\u0013\uFFFD\u0006\uFFFD\uFFFD\uFFFD^\uFFFD\uFFFD\uFFFD6N\uFFFD\u04AC\uFFFD\u021E\u0000\uFFFD\uFFFD\uFFFD\uFFFD\u001AC\u0018j\uFFFD\uFFFD\uFFFD\uFFFD\t\uFFFD\t\uFFFD\uFFFD\uFFFD\uFFFDKhb\uFFFD\uFFFD5AqF}\u84BF##@[.\uFFFD\uFFFDW\uFFFD8\uFFFD\uFFFD\u001A\u0011-\u0321\uFFFD\uFFFD\uFFFD\uFFFDR\uFFFDC\uFFFD\uFFFD\uFFFD\uFFFD\uFFFD\uFFFD\uFFFD\u001E\u038E\uFFFD@\uFFFD\uFFFD\uFFFD\u0007t\uFFFD0\uFFFD\u001A\uFFFD$\u0014\uFFFD\uFFFD\uFFFD\u0001\uFFFD\uFFFD\u044B\uFFFDx.;\u0012\uFFFD\uFFFDK\u0018\uFFFDL\uFFFDG\uFFFD\uFFFDS\u0014\u71D4g\uFFFD\uFFFD4\uFFFD\uFFFD--j\uFFFDz\u000B\uFFFDZC5y\uFFFD\uFFFD\uFFFD\u0002\uFFFD^~\uFFFD\uFFFD\u0018\uFFFD.\uFFFD;\u003C#U\uFFFD\uFFFD\uFFFDNW\uFFFD\uFFFDjAA\uFFFD\uFFFDH\uFFFD\uFFFD|\uDA21\uDC82$i\uFFFD\uFFFD\uFFFD\u0015{;\uFFFD\uFFFD\u03C06\uFFFD\u007F\uF997s\u0004\u0018\u001D=\uFFFD\uFFFD\uFFFD\uFFFDTp\u02A3\uFFFD\uFFFD0FD\uFFFDXB\u0012\uFFFD\uFFFD\uFFFDqE\uFFFDY7Z\uFFFDK\u0001\u001E~\fLx\u0015\u0015D\uFFFD\uFFFDO\uFFFD,\u0555\uFFFD\u003E:9NTa_n\uFFFD\u02D6*v\uFFFD\uFFFD\uFFFD~\uFFFD\uFFFD!$\uFFFD\u0320B\uFFFD\uFFFD\uFFFDZ\uFFFDEo \uFFFD\uFFFD R\uFFFD\uFFFD\uFFFD\u001F\uFFFD\uFFFD\uFFFD~\uFFFD\uFFFD\uFFFD\uFFFDku\uFFFDIs\uFFFDCm\uFFFD\u000BV\u0561\u0013\u000B\uFFFD\u0027\n",
        "\uFFFD\uFFFD\u0651\uFFFD\uFFFD\uFFFD\u0002\uFFFDI \u0022X0\uFFFD\uFFFD\uFFFD\u0018\uFFFD\u0026\uFFFD\u0001\uFFFD\uFFFD\uFFFD\uFFFDV\uFFFD~\uFFFD\uFFFD\u0026W\uFFFD\uFFFD\u0005\u0014\uFFFD\uFFFDzq\u0013\uFFFDMv\uFFFD%\u0013\uFFFD$\uFFFD\uFFFD\u0001^\uFFFD\u000E\u0026\u05CF\uFFFD\uFFFD\uFFFD\uFFFD\uFFFD\uFFFDx=\uFFFD\uFFFD\u0014#\u0027\uFFFD:\uFFFDeC\u003E0\u052Ce\uFFFD]V\uFFFD\u0019\uFFFD\uFFFD\u0003e\uFFFD\uFFFD\u0016VT\uFFFD:\uFFFDW\u0015\u000F\u03E1U$\uFFFDS\uFFFD\uFFFDPo\u0011\u05D7\uFFFDu\uFFFD$\uFFFD\uFFFD\u0011\uFFFD3\u0016L\uFFFDd\u0011\uFFFD\u0004H}\uFFFDU\uFFFD\u0000].\uFFFD-o\u0015\uFFFD\uFFFD\u0016~e\uFFFD5B\u00D2G\uFFFD\u0011n\u003E\uFFFD\u0012\uFFFD\uFFFD"
      ],
      "StatusCode": 202,
      "ResponseHeaders": {
        "Content-Length": "0",
        "Date": "Wed, 03 Feb 2021 02:10:04 GMT",
        "Server": [
          "Windows-Azure-HDFS/1.0",
          "Microsoft-HTTPAPI/2.0"
        ],
        "x-ms-client-request-id": "2c216cda-4fdf-5ea6-1ca8-82a318b778a9",
        "x-ms-request-id": "e2b0cdd9-201f-008b-6fd1-f97b32000000",
        "x-ms-request-server-encrypted": "true",
        "x-ms-version": "2020-06-12"
      },
      "ResponseBody": []
    },
    {
      "RequestUri": "https://seannse.dfs.core.windows.net/test-filesystem-75d87b30-995c-1a9c-6336-0fc32d5facef/test-file-3f94274b-0e41-75e0-9af6-20a0a2a8ad94?action=flush\u0026position=1024",
      "RequestMethod": "PATCH",
      "RequestHeaders": {
        "Accept": "application/json",
        "Authorization": "Sanitized",
        "traceparent": "00-e5aaa2e28580974db50cc1f386bb6090-20bad4a321f98d43-00",
        "User-Agent": [
          "azsdk-net-Storage.Files.DataLake/12.7.0-alpha.20210202.1",
          "(.NET Framework 4.8.4250.0; Microsoft Windows 10.0.19042 )"
        ],
        "x-ms-client-request-id": "05f2930c-2f85-7189-0443-9b47d2f371eb",
        "x-ms-date": "Wed, 03 Feb 2021 02:10:04 GMT",
        "x-ms-return-client-request-id": "true",
        "x-ms-version": "2020-06-12"
      },
      "RequestBody": null,
      "StatusCode": 200,
      "ResponseHeaders": {
        "Content-Length": "0",
        "Date": "Wed, 03 Feb 2021 02:10:04 GMT",
        "ETag": "\u00220x8D8C7E8D2BA5B2D\u0022",
        "Last-Modified": "Wed, 03 Feb 2021 02:10:05 GMT",
        "Server": [
          "Windows-Azure-HDFS/1.0",
          "Microsoft-HTTPAPI/2.0"
        ],
        "x-ms-client-request-id": "05f2930c-2f85-7189-0443-9b47d2f371eb",
        "x-ms-request-id": "e2b0cdf2-201f-008b-08d1-f97b32000000",
        "x-ms-request-server-encrypted": "false",
        "x-ms-version": "2020-06-12"
      },
      "ResponseBody": []
    },
    {
      "RequestUri": "https://seannse.blob.core.windows.net/test-filesystem-75d87b30-995c-1a9c-6336-0fc32d5facef/test-file-3f94274b-0e41-75e0-9af6-20a0a2a8ad94",
      "RequestMethod": "HEAD",
      "RequestHeaders": {
        "Authorization": "Sanitized",
        "traceparent": "00-f2ddc3149e3f5148908ae584e20fdc11-cecbdc0ad9ad0849-00",
        "User-Agent": [
          "azsdk-net-Storage.Files.DataLake/12.7.0-alpha.20210202.1",
          "(.NET Framework 4.8.4250.0; Microsoft Windows 10.0.19042 )"
        ],
        "x-ms-client-request-id": "85963f8f-73c5-cd24-dd1a-12a0c77d58eb",
        "x-ms-date": "Wed, 03 Feb 2021 02:10:04 GMT",
        "x-ms-return-client-request-id": "true",
        "x-ms-version": "2020-06-12"
      },
      "RequestBody": null,
      "StatusCode": 200,
      "ResponseHeaders": {
        "Accept-Ranges": "bytes",
        "Content-Length": "1024",
        "Content-Type": "application/octet-stream",
        "Date": "Wed, 03 Feb 2021 02:10:05 GMT",
        "ETag": "\u00220x8D8C7E8D2BA5B2D\u0022",
        "Last-Modified": "Wed, 03 Feb 2021 02:10:05 GMT",
        "Server": [
          "Windows-Azure-Blob/1.0",
          "Microsoft-HTTPAPI/2.0"
        ],
        "x-ms-access-tier": "Hot",
        "x-ms-access-tier-inferred": "true",
        "x-ms-blob-type": "BlockBlob",
        "x-ms-client-request-id": "85963f8f-73c5-cd24-dd1a-12a0c77d58eb",
        "x-ms-creation-time": "Wed, 03 Feb 2021 02:10:05 GMT",
        "x-ms-group": "$superuser",
        "x-ms-lease-state": "available",
        "x-ms-lease-status": "unlocked",
        "x-ms-owner": "$superuser",
        "x-ms-permissions": "rw-r-----",
        "x-ms-request-id": "5b85b61c-701e-005d-7bd1-f975db000000",
        "x-ms-server-encrypted": "true",
        "x-ms-version": "2020-06-12"
      },
      "ResponseBody": []
    },
    {
      "RequestUri": "https://seannse.blob.core.windows.net/test-filesystem-75d87b30-995c-1a9c-6336-0fc32d5facef/test-file-3f94274b-0e41-75e0-9af6-20a0a2a8ad94",
      "RequestMethod": "GET",
      "RequestHeaders": {
        "Authorization": "Sanitized",
        "User-Agent": [
          "azsdk-net-Storage.Files.DataLake/12.7.0-alpha.20210202.1",
          "(.NET Framework 4.8.4250.0; Microsoft Windows 10.0.19042 )"
        ],
        "x-ms-client-request-id": "92b7d3cc-ec5c-bd26-211f-f7ee8a91af29",
        "x-ms-date": "Wed, 03 Feb 2021 02:10:04 GMT",
        "x-ms-range": "bytes=0-4194303",
        "x-ms-return-client-request-id": "true",
        "x-ms-version": "2020-06-12"
      },
      "RequestBody": null,
      "StatusCode": 206,
      "ResponseHeaders": {
        "Accept-Ranges": "bytes",
        "Content-Length": "1024",
        "Content-Range": "bytes 0-1023/1024",
        "Content-Type": "application/octet-stream",
        "Date": "Wed, 03 Feb 2021 02:10:05 GMT",
        "ETag": "\u00220x8D8C7E8D2BA5B2D\u0022",
        "Last-Modified": "Wed, 03 Feb 2021 02:10:05 GMT",
        "Server": [
          "Windows-Azure-Blob/1.0",
          "Microsoft-HTTPAPI/2.0"
        ],
        "x-ms-blob-type": "BlockBlob",
        "x-ms-client-request-id": "92b7d3cc-ec5c-bd26-211f-f7ee8a91af29",
        "x-ms-creation-time": "Wed, 03 Feb 2021 02:10:05 GMT",
        "x-ms-group": "$superuser",
        "x-ms-lease-state": "available",
        "x-ms-lease-status": "unlocked",
        "x-ms-owner": "$superuser",
        "x-ms-permissions": "rw-r-----",
        "x-ms-request-id": "5b85b651-701e-005d-2ad1-f975db000000",
        "x-ms-server-encrypted": "true",
        "x-ms-version": "2020-06-12"
      },
      "ResponseBody": "e3YYSSYN5Jpg8LPVAJlE0ZZkxiJc7wQQ1Dr7ptp7\u002BsmKf4heeleE7yZoXPqzZjnnBOoIiDLZvYtyB3XrET2/5fXqSoER5VY/39b885MJXW0AFKLvcnKWscH87HLhmd3oqXYEyRu41h6Uyahb3Mr3aKoH6/2az3KDU5m/FPnkXUb5E0kcBJNSSD6EW6nJO9T3BYPI2q3gTtkEgXaC\u002BMEkr2tiYsmA2mQWtKK/FXTJuhjEyA51HIOYGMVwGIMd0FB8YKs\u002BZ9gLdiofsSULIDhlO8ZdvS\u002BzrpPnyUkEEMLg\u002BORRQ7XIilI/uVHkVmpdjfiMCty8vxIgybEYVp6PBmVnP7lBud2CnbB0HgTdzlgpijtReAblIzjSMXoDrzS0r7PsfBexHNQaCW0sSKEOQ/pZ78tiPo5fgRuAb4hjf\u002B18v29R8VFAeG5nN26YuduXw\u002B5/qsBoUnEkjPr7MaxLtoqAr4kyvVGoGHdd\u002Bgcfx8hA6Kua49UsE239LGVWRUbBG4DjGApSZQac1pFJC1dqBMQyu0gBsdK1U5sbNJHrUtMwm9\u002BGPK6\u002B7oKk/Q1E4ggWkyegI4n\u002BwGqtLsVuNjF1sYS9GW9348gWdM3GXLTFcXCSBaFpSi5KMdt12Q3pT7hRL0yIhsmZnq9eiq\u002B8OGO1571U2zCPC2ZWcueTAgm7LCQUdC1nPOqn\u002BWfxC8B\u002Bjfl4v/FQlXSHwSPmMhPhBpulo16Kp8M2TqvSrOHIngCl1\u002BXuGkMYapewjbIJgQnWxvPMS2hi9OU1QXFGfeiSvyMjQFsu8\u002BtXjTjG2RoRLcyh\u002B\u002Bbu/FKXQ\u002BL/uNjS0uyuHs6O5UCuqNIHdL0wmxrLJBSkpIIBo8PRi/14LjsShbtLGLtMgkeL81MU54eUZ6jINJPELS1qrXoLvVpDNXmX9e8C5INefqHNGLEu7bw7PCNVsPqnTleO4GpBQcXsSL3ZfPKYkoIkabXx9hV7O8C\u002Bz4A27oV/76aXcwQYHT3c4ND0VHDKo6qgMEZEtlhCEqSqgnFFtlk3WoxLAR5\u002BDEx4FRVEhudP9CzVlb4\u002BOjlOVGFfbprLlip2vfnkfqKMIST6zKBC/ou9Wo5FbyCb\u002BSBS/ay9H52xrH7qzcnta3WJSXOZQ22YC1bVoRMLhScK28PZkYH1zgKGSSAiWDDB0O8YuyasAbWzuvFW6H6JpSZX3/IFFNr0lHpxE/pNdrMlE9Ek88kBXtkOJtePn\u002BaD/KP5y3g9u7wUIyerOu67ZUM\u002BMNSsZbJdVoEZ9\u002B0DZfSU7RZWVKo66FcVD8\u002BhVSTqU8CTUG8R15fxnHX3JMTOEb0zFkzYZBGZBEh9l1XiuwBdLqMtbxWFghZ\u002BZbg1QsOSR/0Rbj7XEu\u002Bu\u002Bg=="
    },
    {
      "RequestUri": "https://seannse.blob.core.windows.net/test-filesystem-75d87b30-995c-1a9c-6336-0fc32d5facef?restype=container",
      "RequestMethod": "DELETE",
      "RequestHeaders": {
        "Authorization": "Sanitized",
        "traceparent": "00-a539c4093f9d104a8845a3d64e2a720f-98d3030ca1cb2c46-00",
        "User-Agent": [
          "azsdk-net-Storage.Files.DataLake/12.7.0-alpha.20210202.1",
          "(.NET Framework 4.8.4250.0; Microsoft Windows 10.0.19042 )"
        ],
        "x-ms-client-request-id": "f4d36f3d-c6c5-e18e-aa56-81474b4be5d0",
        "x-ms-date": "Wed, 03 Feb 2021 02:10:04 GMT",
        "x-ms-return-client-request-id": "true",
        "x-ms-version": "2020-06-12"
      },
      "RequestBody": null,
      "StatusCode": 202,
      "ResponseHeaders": {
        "Content-Length": "0",
        "Date": "Wed, 03 Feb 2021 02:10:05 GMT",
        "Server": [
          "Windows-Azure-Blob/1.0",
          "Microsoft-HTTPAPI/2.0"
        ],
        "x-ms-client-request-id": "f4d36f3d-c6c5-e18e-aa56-81474b4be5d0",
        "x-ms-request-id": "5b85b694-701e-005d-6ad1-f975db000000",
        "x-ms-version": "2020-06-12"
      },
      "ResponseBody": []
    }
  ],
  "Variables": {
    "RandomSeed": "1891076225",
    "Storage_TestConfigHierarchicalNamespace": "NamespaceTenant\nseannse\nU2FuaXRpemVk\nhttps://seannse.blob.core.windows.net\nhttps://seannse.file.core.windows.net\nhttps://seannse.queue.core.windows.net\nhttps://seannse.table.core.windows.net\n\n\n\n\nhttps://seannse-secondary.blob.core.windows.net\nhttps://seannse-secondary.file.core.windows.net\nhttps://seannse-secondary.queue.core.windows.net\nhttps://seannse-secondary.table.core.windows.net\n68390a19-a643-458b-b726-408abf67b4fc\nSanitized\n72f988bf-86f1-41af-91ab-2d7cd011db47\nhttps://login.microsoftonline.com/\nCloud\nBlobEndpoint=https://seannse.blob.core.windows.net/;QueueEndpoint=https://seannse.queue.core.windows.net/;FileEndpoint=https://seannse.file.core.windows.net/;BlobSecondaryEndpoint=https://seannse-secondary.blob.core.windows.net/;QueueSecondaryEndpoint=https://seannse-secondary.queue.core.windows.net/;FileSecondaryEndpoint=https://seannse-secondary.file.core.windows.net/;AccountName=seannse;AccountKey=Sanitized\n"
  }
}