{
  "Entries": [
    {
      "RequestUri": "https://seannse.blob.core.windows.net/test-filesystem-6161c515-1b6f-2100-dc70-4d10c6592ca8?restype=container",
      "RequestMethod": "PUT",
      "RequestHeaders": {
        "Accept": "application/xml",
        "Authorization": "Sanitized",
        "traceparent": "00-c8da24ce5dd258429803d67fb6275947-261b697c4f42a849-00",
        "User-Agent": [
          "azsdk-net-Storage.Files.DataLake/12.7.0-alpha.20210219.1",
          "(.NET 5.0.3; Microsoft Windows 10.0.19041)"
        ],
        "x-ms-blob-public-access": "container",
        "x-ms-client-request-id": "891b2d97-bd21-71df-f419-2186c4e1f400",
        "x-ms-date": "Fri, 19 Feb 2021 19:13:34 GMT",
        "x-ms-return-client-request-id": "true",
         "x-ms-version": "2020-08-04"
      },
      "RequestBody": null,
      "StatusCode": 201,
      "ResponseHeaders": {
        "Content-Length": "0",
        "Date": "Fri, 19 Feb 2021 19:13:33 GMT",
        "ETag": "\u00220x8D8D50A73C5A9DE\u0022",
        "Last-Modified": "Fri, 19 Feb 2021 19:13:34 GMT",
        "Server": [
          "Windows-Azure-Blob/1.0",
          "Microsoft-HTTPAPI/2.0"
        ],
        "x-ms-client-request-id": "891b2d97-bd21-71df-f419-2186c4e1f400",
        "x-ms-request-id": "2e6d3cc6-201e-00a4-52f3-0676f9000000",
         "x-ms-version": "2020-08-04"
      },
      "ResponseBody": []
    },
    {
      "RequestUri": "https://seannse.dfs.core.windows.net/test-filesystem-6161c515-1b6f-2100-dc70-4d10c6592ca8/test-directory-935709ec-5b65-4b11-ba37-cbc96ee4c933?resource=directory",
      "RequestMethod": "PUT",
      "RequestHeaders": {
        "Accept": "application/json",
        "Authorization": "Sanitized",
        "traceparent": "00-1484c77223023b44949b7e1049f4da5a-90dc6a65cc3b914c-00",
        "User-Agent": [
          "azsdk-net-Storage.Files.DataLake/12.7.0-alpha.20210219.1",
          "(.NET 5.0.3; Microsoft Windows 10.0.19041)"
        ],
        "x-ms-client-request-id": "4f2eacb2-9251-3b92-1cd0-ceeaf216020f",
        "x-ms-date": "Fri, 19 Feb 2021 19:13:34 GMT",
        "x-ms-return-client-request-id": "true",
         "x-ms-version": "2020-08-04"
      },
      "RequestBody": null,
      "StatusCode": 201,
      "ResponseHeaders": {
        "Content-Length": "0",
        "Date": "Fri, 19 Feb 2021 19:13:33 GMT",
        "ETag": "\u00220x8D8D50A73D42EFF\u0022",
        "Last-Modified": "Fri, 19 Feb 2021 19:13:34 GMT",
        "Server": [
          "Windows-Azure-HDFS/1.0",
          "Microsoft-HTTPAPI/2.0"
        ],
        "x-ms-client-request-id": "4f2eacb2-9251-3b92-1cd0-ceeaf216020f",
        "x-ms-request-id": "6f4bcb78-e01f-004f-3df3-060e0b000000",
         "x-ms-version": "2020-08-04"
      },
      "ResponseBody": []
    },
    {
      "RequestUri": "https://seannse.dfs.core.windows.net/test-filesystem-6161c515-1b6f-2100-dc70-4d10c6592ca8/test-directory-935709ec-5b65-4b11-ba37-cbc96ee4c933/test-file-6e3ced50-5a68-4ac2-8222-e10c2efba236?resource=file",
      "RequestMethod": "PUT",
      "RequestHeaders": {
        "Accept": "application/json",
        "Authorization": "Sanitized",
        "User-Agent": [
          "azsdk-net-Storage.Files.DataLake/12.7.0-alpha.20210219.1",
          "(.NET 5.0.3; Microsoft Windows 10.0.19041)"
        ],
        "x-ms-client-request-id": "bac51d55-f747-574c-e9e4-cc2fb1850c21",
        "x-ms-date": "Fri, 19 Feb 2021 19:13:35 GMT",
        "x-ms-return-client-request-id": "true",
         "x-ms-version": "2020-08-04"
      },
      "RequestBody": null,
      "StatusCode": 201,
      "ResponseHeaders": {
        "Content-Length": "0",
        "Date": "Fri, 19 Feb 2021 19:13:33 GMT",
        "ETag": "\u00220x8D8D50A73E1F493\u0022",
        "Last-Modified": "Fri, 19 Feb 2021 19:13:34 GMT",
        "Server": [
          "Windows-Azure-HDFS/1.0",
          "Microsoft-HTTPAPI/2.0"
        ],
        "x-ms-client-request-id": "bac51d55-f747-574c-e9e4-cc2fb1850c21",
        "x-ms-request-id": "6f4bcb81-e01f-004f-46f3-060e0b000000",
         "x-ms-version": "2020-08-04"
      },
      "ResponseBody": []
    },
    {
      "RequestUri": "https://seannse.dfs.core.windows.net/test-filesystem-6161c515-1b6f-2100-dc70-4d10c6592ca8/test-directory-935709ec-5b65-4b11-ba37-cbc96ee4c933/test-file-6e3ced50-5a68-4ac2-8222-e10c2efba236?action=setAccessControlRecursive\u0026mode=remove",
      "RequestMethod": "PATCH",
      "RequestHeaders": {
        "Accept": "application/json",
        "Authorization": "Sanitized",
        "User-Agent": [
          "azsdk-net-Storage.Files.DataLake/12.7.0-alpha.20210219.1",
          "(.NET 5.0.3; Microsoft Windows 10.0.19041)"
        ],
        "x-ms-acl": "mask,default:user,default:group,user:ec3595d6-2c17-4696-8caa-7e139758d24a,group:ec3595d6-2c17-4696-8caa-7e139758d24a,default:user:ec3595d6-2c17-4696-8caa-7e139758d24a,default:group:ec3595d6-2c17-4696-8caa-7e139758d24a",
        "x-ms-client-request-id": "11b744df-e735-dbef-cac0-d8d1adb1053e",
        "x-ms-date": "Fri, 19 Feb 2021 19:13:35 GMT",
        "x-ms-return-client-request-id": "true",
         "x-ms-version": "2020-08-04"
      },
      "RequestBody": null,
      "StatusCode": 200,
      "ResponseHeaders": {
        "Date": "Fri, 19 Feb 2021 19:13:33 GMT",
        "Server": [
          "Windows-Azure-HDFS/1.0",
          "Microsoft-HTTPAPI/2.0"
        ],
        "Transfer-Encoding": "chunked",
        "x-ms-client-request-id": "11b744df-e735-dbef-cac0-d8d1adb1053e",
        "x-ms-namespace-enabled": "true",
        "x-ms-request-id": "6f4bcb86-e01f-004f-4bf3-060e0b000000",
         "x-ms-version": "2020-08-04"
      },
      "ResponseBody": "eyJkaXJlY3Rvcmllc1N1Y2Nlc3NmdWwiOjAsImZhaWxlZEVudHJpZXMiOltdLCJmYWlsdXJlQ291bnQiOjAsImZpbGVzU3VjY2Vzc2Z1bCI6MX0K"
    },
    {
      "RequestUri": "https://seannse.blob.core.windows.net/test-filesystem-6161c515-1b6f-2100-dc70-4d10c6592ca8?restype=container",
      "RequestMethod": "DELETE",
      "RequestHeaders": {
        "Accept": "application/xml",
        "Authorization": "Sanitized",
        "traceparent": "00-94042f69e25a344db0bb8ef3370ef9fa-4914ec9016d5364a-00",
        "User-Agent": [
          "azsdk-net-Storage.Files.DataLake/12.7.0-alpha.20210219.1",
          "(.NET 5.0.3; Microsoft Windows 10.0.19041)"
        ],
        "x-ms-client-request-id": "6c50e66e-fbcd-46eb-a83c-113d6787285a",
        "x-ms-date": "Fri, 19 Feb 2021 19:13:35 GMT",
        "x-ms-return-client-request-id": "true",
         "x-ms-version": "2020-08-04"
      },
      "RequestBody": null,
      "StatusCode": 202,
      "ResponseHeaders": {
        "Content-Length": "0",
        "Date": "Fri, 19 Feb 2021 19:13:34 GMT",
        "Server": [
          "Windows-Azure-Blob/1.0",
          "Microsoft-HTTPAPI/2.0"
        ],
        "x-ms-client-request-id": "6c50e66e-fbcd-46eb-a83c-113d6787285a",
        "x-ms-request-id": "2e6d3fc4-201e-00a4-1ff3-0676f9000000",
         "x-ms-version": "2020-08-04"
      },
      "ResponseBody": []
    }
  ],
  "Variables": {
    "RandomSeed": "1652188202",
    "Storage_TestConfigHierarchicalNamespace": "NamespaceTenant\nseannse\nU2FuaXRpemVk\nhttps://seannse.blob.core.windows.net\nhttps://seannse.file.core.windows.net\nhttps://seannse.queue.core.windows.net\nhttps://seannse.table.core.windows.net\n\n\n\n\nhttps://seannse-secondary.blob.core.windows.net\nhttps://seannse-secondary.file.core.windows.net\nhttps://seannse-secondary.queue.core.windows.net\nhttps://seannse-secondary.table.core.windows.net\n68390a19-a643-458b-b726-408abf67b4fc\nSanitized\n72f988bf-86f1-41af-91ab-2d7cd011db47\nhttps://login.microsoftonline.com/\nCloud\nBlobEndpoint=https://seannse.blob.core.windows.net/;QueueEndpoint=https://seannse.queue.core.windows.net/;FileEndpoint=https://seannse.file.core.windows.net/;BlobSecondaryEndpoint=https://seannse-secondary.blob.core.windows.net/;QueueSecondaryEndpoint=https://seannse-secondary.queue.core.windows.net/;FileSecondaryEndpoint=https://seannse-secondary.file.core.windows.net/;AccountName=seannse;AccountKey=Sanitized\n"
  }
}