{
  "Entries": [
    {
      "RequestUri": "https://amandaadlscanary.blob.core.windows.net/test-filesystem-ac0dd291-e11f-d430-b8ce-b84af54c9ddb?restype=container",
      "RequestMethod": "PUT",
      "RequestHeaders": {
        "Accept": "application/xml",
        "Authorization": "Sanitized",
        "Content-Length": "0",
        "traceparent": "00-c7e7091bc7b262844b7c5e3bddc353a5-509bd146f944a2e6-00",
        "User-Agent": "azsdk-net-Storage.Files.DataLake/12.11.0-alpha.20220617.1 (.NET 6.0.6; Microsoft Windows 10.0.22000)",
        "x-ms-blob-public-access": "container",
        "x-ms-client-request-id": "0b850991-dac6-67b4-c0ad-fa2cb8ef4c49",
        "x-ms-date": "Fri, 17 Jun 2022 23:02:39 GMT",
        "x-ms-return-client-request-id": "true",
        "x-ms-version": "2021-08-06"
      },
      "RequestBody": null,
      "StatusCode": 201,
      "ResponseHeaders": {
        "Content-Length": "0",
        "Date": "Fri, 17 Jun 2022 23:02:40 GMT",
        "ETag": "\u00220x8DA50B57B5A3CF0\u0022",
        "Last-Modified": "Fri, 17 Jun 2022 23:02:41 GMT",
        "Server": [
          "Windows-Azure-Blob/1.0",
          "Microsoft-HTTPAPI/2.0"
        ],
        "x-ms-client-request-id": "0b850991-dac6-67b4-c0ad-fa2cb8ef4c49",
        "x-ms-request-id": "d5a70502-901e-00e0-359e-8275b8000000",
        "x-ms-version": "2021-08-06"
      },
      "ResponseBody": null
    },
    {
      "RequestUri": "https://amandaadlscanary.dfs.core.windows.net/test-filesystem-ac0dd291-e11f-d430-b8ce-b84af54c9ddb/test-file-57bdeae4-0b95-2dce-07d3-ff24f830ffaf?resource=file",
      "RequestMethod": "PUT",
      "RequestHeaders": {
        "Accept": "application/json",
        "Authorization": "Sanitized",
        "Content-Length": "0",
        "traceparent": "00-acdbcd6d95ae26a1fd1ac142fef0978f-1c45ce673144d57b-00",
        "User-Agent": "azsdk-net-Storage.Files.DataLake/12.11.0-alpha.20220617.1 (.NET 6.0.6; Microsoft Windows 10.0.22000)",
        "x-ms-client-request-id": "ea1c9fae-fa4c-864c-3b58-03f3db8f6f90",
        "x-ms-date": "Fri, 17 Jun 2022 23:02:40 GMT",
        "x-ms-return-client-request-id": "true",
        "x-ms-version": "2021-08-06"
      },
      "RequestBody": null,
      "StatusCode": 201,
      "ResponseHeaders": {
        "Content-Length": "0",
        "Date": "Fri, 17 Jun 2022 23:02:41 GMT",
        "ETag": "\u00220x8DA50B57B83541A\u0022",
        "Last-Modified": "Fri, 17 Jun 2022 23:02:41 GMT",
        "Server": [
          "Windows-Azure-HDFS/1.0",
          "Microsoft-HTTPAPI/2.0"
        ],
        "x-ms-client-request-id": "ea1c9fae-fa4c-864c-3b58-03f3db8f6f90",
        "x-ms-request-id": "52dd1aec-b01f-00ba-329e-82135f000000",
        "x-ms-request-server-encrypted": "true",
        "x-ms-version": "2021-08-06"
      },
      "ResponseBody": null
    },
    {
      "RequestUri": "https://amandaadlscanary.dfs.core.windows.net/test-filesystem-ac0dd291-e11f-d430-b8ce-b84af54c9ddb/test-file-e1af4bae-6137-5382-d5f3-bd5ad773c46a?mode=legacy\u0026sv=2021-08-06\u0026ss=b\u0026srt=sco\u0026st=2022-06-17T22%3A02%3A39Z\u0026se=2022-06-18T00%3A02%3A39Z\u0026sp=rwdlac\u0026sig=Sanitized",
      "RequestMethod": "PUT",
      "RequestHeaders": {
        "Accept": "application/json",
        "Content-Length": "0",
        "traceparent": "00-0c311a9a91a4d5fa5727dc8537075eaf-b46e252011699c07-00",
        "User-Agent": "azsdk-net-Storage.Files.DataLake/12.11.0-alpha.20220617.1 (.NET 6.0.6; Microsoft Windows 10.0.22000)",
        "x-ms-client-request-id": "1daca3cb-9fed-4c85-1dc9-15583df1aec8",
        "x-ms-rename-source": "/test-filesystem-ac0dd291-e11f-d430-b8ce-b84af54c9ddb/test-file-57bdeae4-0b95-2dce-07d3-ff24f830ffaf?sv=2021-08-06\u0026ss=b\u0026srt=sco\u0026st=2022-06-17T22%3A02%3A39Z\u0026se=2022-06-18T00%3A02%3A39Z\u0026sp=rwdlac\u0026sig=Sanitized",
        "x-ms-return-client-request-id": "true",
        "x-ms-version": "2021-08-06"
      },
      "RequestBody": null,
      "StatusCode": 201,
      "ResponseHeaders": {
        "Content-Length": "0",
        "Date": "Fri, 17 Jun 2022 23:02:42 GMT",
        "ETag": "\u00220x8DA50B57B83541A\u0022",
        "Last-Modified": "Fri, 17 Jun 2022 23:02:41 GMT",
        "Server": [
          "Windows-Azure-HDFS/1.0",
          "Microsoft-HTTPAPI/2.0"
        ],
        "x-ms-client-request-id": "1daca3cb-9fed-4c85-1dc9-15583df1aec8",
        "x-ms-request-id": "52dd1aed-b01f-00ba-339e-82135f000000",
        "x-ms-version": "2021-08-06"
      },
      "ResponseBody": null
    },
    {
      "RequestUri": "https://amandaadlscanary.blob.core.windows.net/test-filesystem-ac0dd291-e11f-d430-b8ce-b84af54c9ddb/test-file-e1af4bae-6137-5382-d5f3-bd5ad773c46a?sv=2021-08-06\u0026ss=b\u0026srt=sco\u0026st=2022-06-17T22%3A02%3A39Z\u0026se=2022-06-18T00%3A02%3A39Z\u0026sp=rwdlac\u0026sig=Sanitized",
      "RequestMethod": "HEAD",
      "RequestHeaders": {
        "Accept": "application/xml",
        "User-Agent": "azsdk-net-Storage.Files.DataLake/12.11.0-alpha.20220617.1 (.NET 6.0.6; Microsoft Windows 10.0.22000)",
        "x-ms-client-request-id": "338fb205-a6c7-b37c-bc29-3b4afe0a4598",
        "x-ms-return-client-request-id": "true",
        "x-ms-version": "2021-08-06"
      },
      "RequestBody": null,
      "StatusCode": 200,
      "ResponseHeaders": {
        "Accept-Ranges": "bytes",
        "Content-Length": "0",
        "Content-Type": "application/octet-stream",
        "Date": "Fri, 17 Jun 2022 23:02:41 GMT",
        "ETag": "\u00220x8DA50B57B83541A\u0022",
        "Last-Modified": "Fri, 17 Jun 2022 23:02:41 GMT",
        "Server": [
          "Windows-Azure-Blob/1.0",
          "Microsoft-HTTPAPI/2.0"
        ],
        "x-ms-access-tier": "Hot",
        "x-ms-access-tier-inferred": "true",
        "x-ms-blob-type": "BlockBlob",
        "x-ms-client-request-id": "338fb205-a6c7-b37c-bc29-3b4afe0a4598",
        "x-ms-creation-time": "Fri, 17 Jun 2022 23:02:41 GMT",
        "x-ms-group": "$superuser",
        "x-ms-lease-state": "available",
        "x-ms-lease-status": "unlocked",
        "x-ms-owner": "$superuser",
        "x-ms-permissions": "rw-r-----",
        "x-ms-request-id": "d5a70621-901e-00e0-5b9e-8275b8000000",
        "x-ms-resource-type": "file",
        "x-ms-server-encrypted": "true",
        "x-ms-version": "2021-08-06"
      },
      "ResponseBody": null
    },
    {
      "RequestUri": "https://amandaadlscanary.blob.core.windows.net/test-filesystem-ac0dd291-e11f-d430-b8ce-b84af54c9ddb?restype=container",
      "RequestMethod": "DELETE",
      "RequestHeaders": {
        "Accept": "application/xml",
        "Authorization": "Sanitized",
        "traceparent": "00-08d37bc6bec681d3af0af5898b6d8688-ba2ba4ac50056966-00",
        "User-Agent": "azsdk-net-Storage.Files.DataLake/12.11.0-alpha.20220617.1 (.NET 6.0.6; Microsoft Windows 10.0.22000)",
        "x-ms-client-request-id": "8a536103-7b62-ec01-1ded-dceedb329bdc",
        "x-ms-date": "Fri, 17 Jun 2022 23:02:40 GMT",
        "x-ms-return-client-request-id": "true",
        "x-ms-version": "2021-08-06"
      },
      "RequestBody": null,
      "StatusCode": 202,
      "ResponseHeaders": {
        "Content-Length": "0",
        "Date": "Fri, 17 Jun 2022 23:02:41 GMT",
        "Server": [
          "Windows-Azure-Blob/1.0",
          "Microsoft-HTTPAPI/2.0"
        ],
        "x-ms-client-request-id": "8a536103-7b62-ec01-1ded-dceedb329bdc",
        "x-ms-request-id": "d5a70634-901e-00e0-689e-8275b8000000",
        "x-ms-version": "2021-08-06"
      },
      "ResponseBody": null
    }
  ],
  "Variables": {
    "DateTimeOffsetNow": "2022-06-17T16:02:39.9135993-07:00",
    "RandomSeed": "589792152",
    "Storage_TestConfigHierarchicalNamespace": "NamespaceTenant\namandaadlscanary\nU2FuaXRpemVk\nhttps://amandaadlscanary.blob.core.windows.net\nhttps://amandaadlscanary.file.core.windows.net\nhttps://amandaadlscanary.queue.core.windows.net\nhttps://amandaadlscanary.table.core.windows.net\n\n\n\n\nhttps://amandaadlscanary-secondary.blob.core.windows.net\nhttps://amandaadlscanary-secondary.file.core.windows.net\nhttps://amandaadlscanary-secondary.queue.core.windows.net\nhttps://amandaadlscanary-secondary.table.core.windows.net\na42cfe5c-69a3-423d-bfce-8e3ad1aba0d2\nSanitized\n72f988bf-86f1-41af-91ab-2d7cd011db47\nhttps://login.microsoftonline.com/\nCloud\nBlobEndpoint=https://amandaadlscanary.blob.core.windows.net/;QueueEndpoint=https://amandaadlscanary.queue.core.windows.net/;FileEndpoint=https://amandaadlscanary.file.core.windows.net/;BlobSecondaryEndpoint=https://amandaadlscanary-secondary.blob.core.windows.net/;QueueSecondaryEndpoint=https://amandaadlscanary-secondary.queue.core.windows.net/;FileSecondaryEndpoint=https://amandaadlscanary-secondary.file.core.windows.net/;AccountName=amandaadlscanary;AccountKey=Sanitized\n\n\n"
  }
}
