{
  "Entries": [
    {
      "RequestUri": "http://seanstagehierarchical.blob.core.windows.net/test-filesystem-a0cfbc48-b2ca-4f4a-a42d-9b5d19945375?restype=container",
      "RequestMethod": "PUT",
      "RequestHeaders": {
        "Authorization": "Sanitized",
        "traceparent": "00-72f96a6a9d138a46b4ca89d10ebe5f3d-afe3d72c3b994441-00",
        "User-Agent": [
          "azsdk-net-Storage.Files.DataLake/12.0.0-dev.20191210.1\u002B5758cdf8298d3305c897cb7ba843ddd732c229c1",
          "(.NET Core 4.6.28008.01; Microsoft Windows 10.0.18363 )"
        ],
        "x-ms-blob-public-access": "container",
        "x-ms-client-request-id": "775434f8-b62b-8d02-aa7a-6957a6fa445f",
        "x-ms-date": "Wed, 11 Dec 2019 06:25:00 GMT",
        "x-ms-return-client-request-id": "true",
        "x-ms-version": "2019-07-07"
      },
      "RequestBody": null,
      "StatusCode": 201,
      "ResponseHeaders": {
        "Content-Length": "0",
        "Date": "Wed, 11 Dec 2019 06:25:00 GMT",
        "ETag": "\u00220x8D77E02D9BF9678\u0022",
        "Last-Modified": "Wed, 11 Dec 2019 06:25:00 GMT",
        "Server": [
          "Windows-Azure-Blob/1.0",
          "Microsoft-HTTPAPI/2.0"
        ],
        "x-ms-client-request-id": "775434f8-b62b-8d02-aa7a-6957a6fa445f",
        "x-ms-request-id": "88410d46-e01e-001e-3feb-af7ee3000000",
        "x-ms-version": "2019-07-07"
      },
      "ResponseBody": []
    },
    {
      "RequestUri": "http://seanstagehierarchical.dfs.core.windows.net/test-filesystem-a0cfbc48-b2ca-4f4a-a42d-9b5d19945375/test-file-8f374572-d43d-a2eb-4e5e-c815c18c9968?resource=file",
      "RequestMethod": "PUT",
      "RequestHeaders": {
        "Authorization": "Sanitized",
        "traceparent": "00-a4fd0414d74ec34bbb135f403484e7a3-9d3f4ef6af92bb48-00",
        "User-Agent": [
          "azsdk-net-Storage.Files.DataLake/12.0.0-dev.20191210.1\u002B5758cdf8298d3305c897cb7ba843ddd732c229c1",
          "(.NET Core 4.6.28008.01; Microsoft Windows 10.0.18363 )"
        ],
        "x-ms-client-request-id": "704b906f-0f04-2339-49b1-29cdededcb1d",
        "x-ms-date": "Wed, 11 Dec 2019 06:25:00 GMT",
        "x-ms-return-client-request-id": "true",
        "x-ms-version": "2019-02-02"
      },
      "RequestBody": null,
      "StatusCode": 201,
      "ResponseHeaders": {
        "Content-Length": "0",
        "Date": "Wed, 11 Dec 2019 06:25:00 GMT",
        "ETag": "\u00220x8D77E02D9D2446A\u0022",
        "Last-Modified": "Wed, 11 Dec 2019 06:25:00 GMT",
        "Server": [
          "Windows-Azure-HDFS/1.0",
          "Microsoft-HTTPAPI/2.0"
        ],
        "x-ms-client-request-id": "704b906f-0f04-2339-49b1-29cdededcb1d",
        "x-ms-request-id": "39f35cd1-f01f-003d-56eb-afe420000000",
        "x-ms-version": "2019-02-02"
      },
      "ResponseBody": []
    },
    {
      "RequestUri": "http://seanstagehierarchical.blob.core.windows.net/test-filesystem-a0cfbc48-b2ca-4f4a-a42d-9b5d19945375/test-file-8f374572-d43d-a2eb-4e5e-c815c18c9968?comp=lease",
      "RequestMethod": "PUT",
      "RequestHeaders": {
        "Authorization": "Sanitized",
        "traceparent": "00-529fdc1b38fe5f41b6b8b60806741a18-463fba1edb538f45-00",
        "User-Agent": [
          "azsdk-net-Storage.Files.DataLake/12.0.0-dev.20191210.1\u002B5758cdf8298d3305c897cb7ba843ddd732c229c1",
          "(.NET Core 4.6.28008.01; Microsoft Windows 10.0.18363 )"
        ],
        "x-ms-client-request-id": "3cbf24e4-484d-0f48-71b5-740d37ab90ff",
        "x-ms-date": "Wed, 11 Dec 2019 06:25:00 GMT",
        "x-ms-lease-action": "acquire",
        "x-ms-lease-duration": "15",
        "x-ms-proposed-lease-id": "81ca00e0-5f94-961f-fbf7-d88e924a6536",
        "x-ms-return-client-request-id": "true",
        "x-ms-version": "2019-07-07"
      },
      "RequestBody": null,
      "StatusCode": 201,
      "ResponseHeaders": {
        "Content-Length": "0",
        "Date": "Wed, 11 Dec 2019 06:25:00 GMT",
        "ETag": "\u00220x8D77E02D9D2446A\u0022",
        "Last-Modified": "Wed, 11 Dec 2019 06:25:00 GMT",
        "Server": [
          "Windows-Azure-Blob/1.0",
          "Microsoft-HTTPAPI/2.0"
        ],
        "x-ms-client-request-id": "3cbf24e4-484d-0f48-71b5-740d37ab90ff",
        "x-ms-lease-id": "81ca00e0-5f94-961f-fbf7-d88e924a6536",
        "x-ms-request-id": "88410d49-e01e-001e-41eb-af7ee3000000",
        "x-ms-version": "2019-07-07"
      },
      "ResponseBody": []
    },
    {
      "RequestUri": "http://seanstagehierarchical.blob.core.windows.net/test-filesystem-a0cfbc48-b2ca-4f4a-a42d-9b5d19945375/test-file-8f374572-d43d-a2eb-4e5e-c815c18c9968?comp=lease",
      "RequestMethod": "PUT",
      "RequestHeaders": {
        "Authorization": "Sanitized",
        "traceparent": "00-53acebbc293f5045b3224851a99b886c-f7f0b8f92085de48-00",
        "User-Agent": [
          "azsdk-net-Storage.Files.DataLake/12.0.0-dev.20191210.1\u002B5758cdf8298d3305c897cb7ba843ddd732c229c1",
          "(.NET Core 4.6.28008.01; Microsoft Windows 10.0.18363 )"
        ],
        "x-ms-client-request-id": "6eaa0da5-288a-4ae9-a396-bf8ab456453f",
        "x-ms-date": "Wed, 11 Dec 2019 06:25:00 GMT",
        "x-ms-lease-action": "renew",
        "x-ms-lease-id": "81ca00e0-5f94-961f-fbf7-d88e924a6536",
        "x-ms-return-client-request-id": "true",
        "x-ms-version": "2019-07-07"
      },
      "RequestBody": null,
      "StatusCode": 200,
      "ResponseHeaders": {
        "Content-Length": "0",
        "Date": "Wed, 11 Dec 2019 06:25:00 GMT",
        "ETag": "\u00220x8D77E02D9D2446A\u0022",
        "Last-Modified": "Wed, 11 Dec 2019 06:25:00 GMT",
        "Server": [
          "Windows-Azure-Blob/1.0",
          "Microsoft-HTTPAPI/2.0"
        ],
        "x-ms-client-request-id": "6eaa0da5-288a-4ae9-a396-bf8ab456453f",
        "x-ms-lease-id": "81ca00e0-5f94-961f-fbf7-d88e924a6536",
        "x-ms-request-id": "88410d4a-e01e-001e-42eb-af7ee3000000",
        "x-ms-version": "2019-07-07"
      },
      "ResponseBody": []
    },
    {
      "RequestUri": "http://seanstagehierarchical.blob.core.windows.net/test-filesystem-a0cfbc48-b2ca-4f4a-a42d-9b5d19945375?restype=container",
      "RequestMethod": "DELETE",
      "RequestHeaders": {
        "Authorization": "Sanitized",
        "traceparent": "00-48a9ff050668de4cb08947f96789d9f6-7d75978089751244-00",
        "User-Agent": [
          "azsdk-net-Storage.Files.DataLake/12.0.0-dev.20191210.1\u002B5758cdf8298d3305c897cb7ba843ddd732c229c1",
          "(.NET Core 4.6.28008.01; Microsoft Windows 10.0.18363 )"
        ],
        "x-ms-client-request-id": "2968f6d3-2101-2374-08ee-5eb0db520245",
        "x-ms-date": "Wed, 11 Dec 2019 06:25:00 GMT",
        "x-ms-return-client-request-id": "true",
        "x-ms-version": "2019-07-07"
      },
      "RequestBody": null,
      "StatusCode": 202,
      "ResponseHeaders": {
        "Content-Length": "0",
        "Date": "Wed, 11 Dec 2019 06:25:00 GMT",
        "Server": [
          "Windows-Azure-Blob/1.0",
          "Microsoft-HTTPAPI/2.0"
        ],
        "x-ms-client-request-id": "2968f6d3-2101-2374-08ee-5eb0db520245",
        "x-ms-request-id": "88410d4b-e01e-001e-43eb-af7ee3000000",
        "x-ms-version": "2019-07-07"
      },
      "ResponseBody": []
    },
    {
      "RequestUri": "http://seanstagehierarchical.blob.core.windows.net/test-filesystem-27a15606-224c-543b-8960-278187e898ad?restype=container",
      "RequestMethod": "PUT",
      "RequestHeaders": {
        "Authorization": "Sanitized",
        "traceparent": "00-0069cc1de40bc64fba154c5514e83b97-6a7c7bc681561e46-00",
        "User-Agent": [
          "azsdk-net-Storage.Files.DataLake/12.0.0-dev.20191210.1\u002B5758cdf8298d3305c897cb7ba843ddd732c229c1",
          "(.NET Core 4.6.28008.01; Microsoft Windows 10.0.18363 )"
        ],
        "x-ms-blob-public-access": "container",
        "x-ms-client-request-id": "5bf95a06-2354-b095-ba13-9fa0faf29b20",
        "x-ms-date": "Wed, 11 Dec 2019 06:25:00 GMT",
        "x-ms-return-client-request-id": "true",
        "x-ms-version": "2019-07-07"
      },
      "RequestBody": null,
      "StatusCode": 201,
      "ResponseHeaders": {
        "Content-Length": "0",
        "Date": "Wed, 11 Dec 2019 06:25:00 GMT",
        "ETag": "\u00220x8D77E02DA0C301A\u0022",
        "Last-Modified": "Wed, 11 Dec 2019 06:25:00 GMT",
        "Server": [
          "Windows-Azure-Blob/1.0",
          "Microsoft-HTTPAPI/2.0"
        ],
        "x-ms-client-request-id": "5bf95a06-2354-b095-ba13-9fa0faf29b20",
        "x-ms-request-id": "88410d4c-e01e-001e-44eb-af7ee3000000",
        "x-ms-version": "2019-07-07"
      },
      "ResponseBody": []
    },
    {
      "RequestUri": "http://seanstagehierarchical.dfs.core.windows.net/test-filesystem-27a15606-224c-543b-8960-278187e898ad/test-file-fe64b055-439a-ea56-1710-002d6ae662b6?resource=file",
      "RequestMethod": "PUT",
      "RequestHeaders": {
        "Authorization": "Sanitized",
        "traceparent": "00-5de5930fa50b984382617fec18a2c9b8-d9da734d9461aa46-00",
        "User-Agent": [
          "azsdk-net-Storage.Files.DataLake/12.0.0-dev.20191210.1\u002B5758cdf8298d3305c897cb7ba843ddd732c229c1",
          "(.NET Core 4.6.28008.01; Microsoft Windows 10.0.18363 )"
        ],
        "x-ms-client-request-id": "41fe9783-706e-c25a-030f-4443236846d3",
        "x-ms-date": "Wed, 11 Dec 2019 06:25:01 GMT",
        "x-ms-return-client-request-id": "true",
        "x-ms-version": "2019-02-02"
      },
      "RequestBody": null,
      "StatusCode": 201,
      "ResponseHeaders": {
        "Content-Length": "0",
        "Date": "Wed, 11 Dec 2019 06:25:00 GMT",
        "ETag": "\u00220x8D77E02DA1E9106\u0022",
        "Last-Modified": "Wed, 11 Dec 2019 06:25:01 GMT",
        "Server": [
          "Windows-Azure-HDFS/1.0",
          "Microsoft-HTTPAPI/2.0"
        ],
        "x-ms-client-request-id": "41fe9783-706e-c25a-030f-4443236846d3",
        "x-ms-request-id": "39f35cd2-f01f-003d-57eb-afe420000000",
        "x-ms-version": "2019-02-02"
      },
      "ResponseBody": []
    },
    {
      "RequestUri": "http://seanstagehierarchical.blob.core.windows.net/test-filesystem-27a15606-224c-543b-8960-278187e898ad/test-file-fe64b055-439a-ea56-1710-002d6ae662b6?comp=lease",
      "RequestMethod": "PUT",
      "RequestHeaders": {
        "Authorization": "Sanitized",
        "traceparent": "00-47b23f4ebcce9e48b2b0333c604f34a1-c1be629203a6d348-00",
        "User-Agent": [
          "azsdk-net-Storage.Files.DataLake/12.0.0-dev.20191210.1\u002B5758cdf8298d3305c897cb7ba843ddd732c229c1",
          "(.NET Core 4.6.28008.01; Microsoft Windows 10.0.18363 )"
        ],
        "x-ms-client-request-id": "922a30c0-cdef-14bd-66e5-ea31b9c78388",
        "x-ms-date": "Wed, 11 Dec 2019 06:25:01 GMT",
        "x-ms-lease-action": "acquire",
        "x-ms-lease-duration": "15",
        "x-ms-proposed-lease-id": "c7aee9b1-6e77-1931-573c-b6933f7b6e79",
        "x-ms-return-client-request-id": "true",
        "x-ms-version": "2019-07-07"
      },
      "RequestBody": null,
      "StatusCode": 201,
      "ResponseHeaders": {
        "Content-Length": "0",
        "Date": "Wed, 11 Dec 2019 06:25:00 GMT",
        "ETag": "\u00220x8D77E02DA1E9106\u0022",
        "Last-Modified": "Wed, 11 Dec 2019 06:25:01 GMT",
        "Server": [
          "Windows-Azure-Blob/1.0",
          "Microsoft-HTTPAPI/2.0"
        ],
        "x-ms-client-request-id": "922a30c0-cdef-14bd-66e5-ea31b9c78388",
        "x-ms-lease-id": "c7aee9b1-6e77-1931-573c-b6933f7b6e79",
        "x-ms-request-id": "88410d4f-e01e-001e-45eb-af7ee3000000",
        "x-ms-version": "2019-07-07"
      },
      "ResponseBody": []
    },
    {
      "RequestUri": "http://seanstagehierarchical.blob.core.windows.net/test-filesystem-27a15606-224c-543b-8960-278187e898ad/test-file-fe64b055-439a-ea56-1710-002d6ae662b6?comp=lease",
      "RequestMethod": "PUT",
      "RequestHeaders": {
        "Authorization": "Sanitized",
        "If-Modified-Since": "Tue, 10 Dec 2019 06:25:00 GMT",
        "traceparent": "00-9a87c45429faab4cbb8d2537bfc4f498-9a53d1c99f4e7d48-00",
        "User-Agent": [
          "azsdk-net-Storage.Files.DataLake/12.0.0-dev.20191210.1\u002B5758cdf8298d3305c897cb7ba843ddd732c229c1",
          "(.NET Core 4.6.28008.01; Microsoft Windows 10.0.18363 )"
        ],
        "x-ms-client-request-id": "0fd2d738-db51-ad89-0d95-6c023515c80f",
        "x-ms-date": "Wed, 11 Dec 2019 06:25:01 GMT",
        "x-ms-lease-action": "renew",
        "x-ms-lease-id": "c7aee9b1-6e77-1931-573c-b6933f7b6e79",
        "x-ms-return-client-request-id": "true",
        "x-ms-version": "2019-07-07"
      },
      "RequestBody": null,
      "StatusCode": 200,
      "ResponseHeaders": {
        "Content-Length": "0",
        "Date": "Wed, 11 Dec 2019 06:25:01 GMT",
        "ETag": "\u00220x8D77E02DA1E9106\u0022",
        "Last-Modified": "Wed, 11 Dec 2019 06:25:01 GMT",
        "Server": [
          "Windows-Azure-Blob/1.0",
          "Microsoft-HTTPAPI/2.0"
        ],
        "x-ms-client-request-id": "0fd2d738-db51-ad89-0d95-6c023515c80f",
        "x-ms-lease-id": "c7aee9b1-6e77-1931-573c-b6933f7b6e79",
        "x-ms-request-id": "88410d50-e01e-001e-46eb-af7ee3000000",
        "x-ms-version": "2019-07-07"
      },
      "ResponseBody": []
    },
    {
      "RequestUri": "http://seanstagehierarchical.blob.core.windows.net/test-filesystem-27a15606-224c-543b-8960-278187e898ad?restype=container",
      "RequestMethod": "DELETE",
      "RequestHeaders": {
        "Authorization": "Sanitized",
        "traceparent": "00-bc0f534da16f0b4586802871b44e108e-aa3f75ce0f2d8d40-00",
        "User-Agent": [
          "azsdk-net-Storage.Files.DataLake/12.0.0-dev.20191210.1\u002B5758cdf8298d3305c897cb7ba843ddd732c229c1",
          "(.NET Core 4.6.28008.01; Microsoft Windows 10.0.18363 )"
        ],
        "x-ms-client-request-id": "e1f9a9c5-73f4-c536-401a-4b2907e95a8c",
        "x-ms-date": "Wed, 11 Dec 2019 06:25:01 GMT",
        "x-ms-return-client-request-id": "true",
        "x-ms-version": "2019-07-07"
      },
      "RequestBody": null,
      "StatusCode": 202,
      "ResponseHeaders": {
        "Content-Length": "0",
        "Date": "Wed, 11 Dec 2019 06:25:01 GMT",
        "Server": [
          "Windows-Azure-Blob/1.0",
          "Microsoft-HTTPAPI/2.0"
        ],
        "x-ms-client-request-id": "e1f9a9c5-73f4-c536-401a-4b2907e95a8c",
        "x-ms-request-id": "88410d51-e01e-001e-47eb-af7ee3000000",
        "x-ms-version": "2019-07-07"
      },
      "ResponseBody": []
    },
    {
      "RequestUri": "http://seanstagehierarchical.blob.core.windows.net/test-filesystem-a587e063-f212-8cf3-b786-cab8ebc6d00d?restype=container",
      "RequestMethod": "PUT",
      "RequestHeaders": {
        "Authorization": "Sanitized",
        "traceparent": "00-8839f27eb333ae40a27f04335790bf2d-452010cab8efbc41-00",
        "User-Agent": [
          "azsdk-net-Storage.Files.DataLake/12.0.0-dev.20191210.1\u002B5758cdf8298d3305c897cb7ba843ddd732c229c1",
          "(.NET Core 4.6.28008.01; Microsoft Windows 10.0.18363 )"
        ],
        "x-ms-blob-public-access": "container",
        "x-ms-client-request-id": "fc60643e-2978-d302-b66d-2a6ea97ed97a",
        "x-ms-date": "Wed, 11 Dec 2019 06:25:01 GMT",
        "x-ms-return-client-request-id": "true",
        "x-ms-version": "2019-07-07"
      },
      "RequestBody": null,
      "StatusCode": 201,
      "ResponseHeaders": {
        "Content-Length": "0",
        "Date": "Wed, 11 Dec 2019 06:25:01 GMT",
        "ETag": "\u00220x8D77E02DA56A646\u0022",
        "Last-Modified": "Wed, 11 Dec 2019 06:25:01 GMT",
        "Server": [
          "Windows-Azure-Blob/1.0",
          "Microsoft-HTTPAPI/2.0"
        ],
        "x-ms-client-request-id": "fc60643e-2978-d302-b66d-2a6ea97ed97a",
        "x-ms-request-id": "88410d58-e01e-001e-4aeb-af7ee3000000",
        "x-ms-version": "2019-07-07"
      },
      "ResponseBody": []
    },
    {
      "RequestUri": "http://seanstagehierarchical.dfs.core.windows.net/test-filesystem-a587e063-f212-8cf3-b786-cab8ebc6d00d/test-file-b0633d4a-ceab-7c70-c5c5-3a9804c02ac0?resource=file",
      "RequestMethod": "PUT",
      "RequestHeaders": {
        "Authorization": "Sanitized",
        "traceparent": "00-ccb7fa3348a70f4f84de139b840cfd27-158f786be9270246-00",
        "User-Agent": [
          "azsdk-net-Storage.Files.DataLake/12.0.0-dev.20191210.1\u002B5758cdf8298d3305c897cb7ba843ddd732c229c1",
          "(.NET Core 4.6.28008.01; Microsoft Windows 10.0.18363 )"
        ],
        "x-ms-client-request-id": "23e7739f-9393-70af-f4e4-36b3ee69cef5",
        "x-ms-date": "Wed, 11 Dec 2019 06:25:01 GMT",
        "x-ms-return-client-request-id": "true",
        "x-ms-version": "2019-02-02"
      },
      "RequestBody": null,
      "StatusCode": 201,
      "ResponseHeaders": {
        "Content-Length": "0",
        "Date": "Wed, 11 Dec 2019 06:25:01 GMT",
        "ETag": "\u00220x8D77E02DA686DAB\u0022",
        "Last-Modified": "Wed, 11 Dec 2019 06:25:01 GMT",
        "Server": [
          "Windows-Azure-HDFS/1.0",
          "Microsoft-HTTPAPI/2.0"
        ],
        "x-ms-client-request-id": "23e7739f-9393-70af-f4e4-36b3ee69cef5",
        "x-ms-request-id": "39f35cd3-f01f-003d-58eb-afe420000000",
        "x-ms-version": "2019-02-02"
      },
      "ResponseBody": []
    },
    {
      "RequestUri": "http://seanstagehierarchical.blob.core.windows.net/test-filesystem-a587e063-f212-8cf3-b786-cab8ebc6d00d/test-file-b0633d4a-ceab-7c70-c5c5-3a9804c02ac0?comp=lease",
      "RequestMethod": "PUT",
      "RequestHeaders": {
        "Authorization": "Sanitized",
        "traceparent": "00-2c9508a91ab87a43be9c433f7015700d-2d167cb80ed5d84e-00",
        "User-Agent": [
          "azsdk-net-Storage.Files.DataLake/12.0.0-dev.20191210.1\u002B5758cdf8298d3305c897cb7ba843ddd732c229c1",
          "(.NET Core 4.6.28008.01; Microsoft Windows 10.0.18363 )"
        ],
        "x-ms-client-request-id": "526be09b-de7f-4ce6-5f70-7acd376d7732",
        "x-ms-date": "Wed, 11 Dec 2019 06:25:01 GMT",
        "x-ms-lease-action": "acquire",
        "x-ms-lease-duration": "15",
        "x-ms-proposed-lease-id": "3a2c6942-5305-7714-a8c6-5c41f8c1bf19",
        "x-ms-return-client-request-id": "true",
        "x-ms-version": "2019-07-07"
      },
      "RequestBody": null,
      "StatusCode": 201,
      "ResponseHeaders": {
        "Content-Length": "0",
        "Date": "Wed, 11 Dec 2019 06:25:01 GMT",
        "ETag": "\u00220x8D77E02DA686DAB\u0022",
        "Last-Modified": "Wed, 11 Dec 2019 06:25:01 GMT",
        "Server": [
          "Windows-Azure-Blob/1.0",
          "Microsoft-HTTPAPI/2.0"
        ],
        "x-ms-client-request-id": "526be09b-de7f-4ce6-5f70-7acd376d7732",
        "x-ms-lease-id": "3a2c6942-5305-7714-a8c6-5c41f8c1bf19",
        "x-ms-request-id": "88410d5f-e01e-001e-4eeb-af7ee3000000",
        "x-ms-version": "2019-07-07"
      },
      "ResponseBody": []
    },
    {
      "RequestUri": "http://seanstagehierarchical.blob.core.windows.net/test-filesystem-a587e063-f212-8cf3-b786-cab8ebc6d00d/test-file-b0633d4a-ceab-7c70-c5c5-3a9804c02ac0?comp=lease",
      "RequestMethod": "PUT",
      "RequestHeaders": {
        "Authorization": "Sanitized",
        "If-Unmodified-Since": "Thu, 12 Dec 2019 06:25:00 GMT",
        "traceparent": "00-a9cd48493e514d4f98b89e176a923e28-3c23f5b240857f4b-00",
        "User-Agent": [
          "azsdk-net-Storage.Files.DataLake/12.0.0-dev.20191210.1\u002B5758cdf8298d3305c897cb7ba843ddd732c229c1",
          "(.NET Core 4.6.28008.01; Microsoft Windows 10.0.18363 )"
        ],
        "x-ms-client-request-id": "18a67117-6c56-ce99-69ac-31688c5e7752",
        "x-ms-date": "Wed, 11 Dec 2019 06:25:01 GMT",
        "x-ms-lease-action": "renew",
        "x-ms-lease-id": "3a2c6942-5305-7714-a8c6-5c41f8c1bf19",
        "x-ms-return-client-request-id": "true",
        "x-ms-version": "2019-07-07"
      },
      "RequestBody": null,
      "StatusCode": 200,
      "ResponseHeaders": {
        "Content-Length": "0",
        "Date": "Wed, 11 Dec 2019 06:25:01 GMT",
        "ETag": "\u00220x8D77E02DA686DAB\u0022",
        "Last-Modified": "Wed, 11 Dec 2019 06:25:01 GMT",
        "Server": [
          "Windows-Azure-Blob/1.0",
          "Microsoft-HTTPAPI/2.0"
        ],
        "x-ms-client-request-id": "18a67117-6c56-ce99-69ac-31688c5e7752",
        "x-ms-lease-id": "3a2c6942-5305-7714-a8c6-5c41f8c1bf19",
        "x-ms-request-id": "88410d60-e01e-001e-4feb-af7ee3000000",
        "x-ms-version": "2019-07-07"
      },
      "ResponseBody": []
    },
    {
      "RequestUri": "http://seanstagehierarchical.blob.core.windows.net/test-filesystem-a587e063-f212-8cf3-b786-cab8ebc6d00d?restype=container",
      "RequestMethod": "DELETE",
      "RequestHeaders": {
        "Authorization": "Sanitized",
        "traceparent": "00-5f5aa5156682e24586e11d2abebe2da8-546507f6bb8cb149-00",
        "User-Agent": [
          "azsdk-net-Storage.Files.DataLake/12.0.0-dev.20191210.1\u002B5758cdf8298d3305c897cb7ba843ddd732c229c1",
          "(.NET Core 4.6.28008.01; Microsoft Windows 10.0.18363 )"
        ],
        "x-ms-client-request-id": "c5b5b395-5fc7-b8db-8338-36c40bb3aede",
        "x-ms-date": "Wed, 11 Dec 2019 06:25:01 GMT",
        "x-ms-return-client-request-id": "true",
        "x-ms-version": "2019-07-07"
      },
      "RequestBody": null,
      "StatusCode": 202,
      "ResponseHeaders": {
        "Content-Length": "0",
        "Date": "Wed, 11 Dec 2019 06:25:01 GMT",
        "Server": [
          "Windows-Azure-Blob/1.0",
          "Microsoft-HTTPAPI/2.0"
        ],
        "x-ms-client-request-id": "c5b5b395-5fc7-b8db-8338-36c40bb3aede",
        "x-ms-request-id": "88410d64-e01e-001e-52eb-af7ee3000000",
        "x-ms-version": "2019-07-07"
      },
      "ResponseBody": []
    },
    {
      "RequestUri": "http://seanstagehierarchical.blob.core.windows.net/test-filesystem-606b2806-5b34-09ec-f848-532657976b7f?restype=container",
      "RequestMethod": "PUT",
      "RequestHeaders": {
        "Authorization": "Sanitized",
        "traceparent": "00-2f1414b5fd548649875e4a4865dc8407-cc5ca17cdc34e842-00",
        "User-Agent": [
          "azsdk-net-Storage.Files.DataLake/12.0.0-dev.20191210.1\u002B5758cdf8298d3305c897cb7ba843ddd732c229c1",
          "(.NET Core 4.6.28008.01; Microsoft Windows 10.0.18363 )"
        ],
        "x-ms-blob-public-access": "container",
        "x-ms-client-request-id": "3afb3781-2b7e-3a98-c7ac-cc7e0bb461ec",
        "x-ms-date": "Wed, 11 Dec 2019 06:25:01 GMT",
        "x-ms-return-client-request-id": "true",
        "x-ms-version": "2019-07-07"
      },
      "RequestBody": null,
      "StatusCode": 201,
      "ResponseHeaders": {
        "Content-Length": "0",
        "Date": "Wed, 11 Dec 2019 06:25:01 GMT",
        "ETag": "\u00220x8D77E02DAA73760\u0022",
        "Last-Modified": "Wed, 11 Dec 2019 06:25:01 GMT",
        "Server": [
          "Windows-Azure-Blob/1.0",
          "Microsoft-HTTPAPI/2.0"
        ],
        "x-ms-client-request-id": "3afb3781-2b7e-3a98-c7ac-cc7e0bb461ec",
        "x-ms-request-id": "88410d65-e01e-001e-53eb-af7ee3000000",
        "x-ms-version": "2019-07-07"
      },
      "ResponseBody": []
    },
    {
      "RequestUri": "http://seanstagehierarchical.dfs.core.windows.net/test-filesystem-606b2806-5b34-09ec-f848-532657976b7f/test-file-a6a4b7cd-d5e0-5435-9e39-da8f5f493144?resource=file",
      "RequestMethod": "PUT",
      "RequestHeaders": {
        "Authorization": "Sanitized",
        "traceparent": "00-205d3f9441cf1043ae8603a4fab7b23a-e64f90b9f9a98743-00",
        "User-Agent": [
          "azsdk-net-Storage.Files.DataLake/12.0.0-dev.20191210.1\u002B5758cdf8298d3305c897cb7ba843ddd732c229c1",
          "(.NET Core 4.6.28008.01; Microsoft Windows 10.0.18363 )"
        ],
        "x-ms-client-request-id": "21d50f43-ab0f-ab30-02a7-9c455108db7d",
        "x-ms-date": "Wed, 11 Dec 2019 06:25:02 GMT",
        "x-ms-return-client-request-id": "true",
        "x-ms-version": "2019-02-02"
      },
      "RequestBody": null,
      "StatusCode": 201,
      "ResponseHeaders": {
        "Content-Length": "0",
        "Date": "Wed, 11 Dec 2019 06:25:01 GMT",
        "ETag": "\u00220x8D77E02DAB8C90A\u0022",
        "Last-Modified": "Wed, 11 Dec 2019 06:25:02 GMT",
        "Server": [
          "Windows-Azure-HDFS/1.0",
          "Microsoft-HTTPAPI/2.0"
        ],
        "x-ms-client-request-id": "21d50f43-ab0f-ab30-02a7-9c455108db7d",
        "x-ms-request-id": "39f35cd4-f01f-003d-59eb-afe420000000",
        "x-ms-version": "2019-02-02"
      },
      "ResponseBody": []
    },
    {
      "RequestUri": "http://seanstagehierarchical.blob.core.windows.net/test-filesystem-606b2806-5b34-09ec-f848-532657976b7f/test-file-a6a4b7cd-d5e0-5435-9e39-da8f5f493144",
      "RequestMethod": "HEAD",
      "RequestHeaders": {
        "Authorization": "Sanitized",
        "User-Agent": [
          "azsdk-net-Storage.Files.DataLake/12.0.0-dev.20191210.1\u002B5758cdf8298d3305c897cb7ba843ddd732c229c1",
          "(.NET Core 4.6.28008.01; Microsoft Windows 10.0.18363 )"
        ],
        "x-ms-client-request-id": "5d8194bd-5d82-02c1-bf39-6b5fd1e9e9c9",
        "x-ms-date": "Wed, 11 Dec 2019 06:25:02 GMT",
        "x-ms-return-client-request-id": "true",
        "x-ms-version": "2019-07-07"
      },
      "RequestBody": null,
      "StatusCode": 200,
      "ResponseHeaders": {
        "Accept-Ranges": "bytes",
        "Content-Length": "0",
        "Content-Type": "application/octet-stream",
        "Date": "Wed, 11 Dec 2019 06:25:01 GMT",
        "ETag": "\u00220x8D77E02DAB8C90A\u0022",
        "Last-Modified": "Wed, 11 Dec 2019 06:25:02 GMT",
        "Server": [
          "Windows-Azure-Blob/1.0",
          "Microsoft-HTTPAPI/2.0"
        ],
        "x-ms-access-tier": "Hot",
        "x-ms-access-tier-inferred": "true",
        "x-ms-blob-type": "BlockBlob",
        "x-ms-client-request-id": "5d8194bd-5d82-02c1-bf39-6b5fd1e9e9c9",
        "x-ms-creation-time": "Wed, 11 Dec 2019 06:25:02 GMT",
        "x-ms-lease-state": "available",
        "x-ms-lease-status": "unlocked",
        "x-ms-request-id": "88410d77-e01e-001e-60eb-af7ee3000000",
        "x-ms-server-encrypted": "true",
        "x-ms-version": "2019-07-07"
      },
      "ResponseBody": []
    },
    {
      "RequestUri": "http://seanstagehierarchical.blob.core.windows.net/test-filesystem-606b2806-5b34-09ec-f848-532657976b7f/test-file-a6a4b7cd-d5e0-5435-9e39-da8f5f493144?comp=lease",
      "RequestMethod": "PUT",
      "RequestHeaders": {
        "Authorization": "Sanitized",
        "traceparent": "00-28c2440f83026d44a4f9412ee7a629ab-6b1d86c8c4280646-00",
        "User-Agent": [
          "azsdk-net-Storage.Files.DataLake/12.0.0-dev.20191210.1\u002B5758cdf8298d3305c897cb7ba843ddd732c229c1",
          "(.NET Core 4.6.28008.01; Microsoft Windows 10.0.18363 )"
        ],
        "x-ms-client-request-id": "2e89170c-10b7-b50f-4949-9039a4d57928",
        "x-ms-date": "Wed, 11 Dec 2019 06:25:02 GMT",
        "x-ms-lease-action": "acquire",
        "x-ms-lease-duration": "15",
        "x-ms-proposed-lease-id": "c989887b-410f-9c50-b5b0-da47c2386e92",
        "x-ms-return-client-request-id": "true",
        "x-ms-version": "2019-07-07"
      },
      "RequestBody": null,
      "StatusCode": 201,
      "ResponseHeaders": {
        "Content-Length": "0",
        "Date": "Wed, 11 Dec 2019 06:25:02 GMT",
        "ETag": "\u00220x8D77E02DAB8C90A\u0022",
        "Last-Modified": "Wed, 11 Dec 2019 06:25:02 GMT",
        "Server": [
          "Windows-Azure-Blob/1.0",
          "Microsoft-HTTPAPI/2.0"
        ],
        "x-ms-client-request-id": "2e89170c-10b7-b50f-4949-9039a4d57928",
        "x-ms-lease-id": "c989887b-410f-9c50-b5b0-da47c2386e92",
        "x-ms-request-id": "88410d78-e01e-001e-61eb-af7ee3000000",
        "x-ms-version": "2019-07-07"
      },
      "ResponseBody": []
    },
    {
      "RequestUri": "http://seanstagehierarchical.blob.core.windows.net/test-filesystem-606b2806-5b34-09ec-f848-532657976b7f/test-file-a6a4b7cd-d5e0-5435-9e39-da8f5f493144?comp=lease",
      "RequestMethod": "PUT",
      "RequestHeaders": {
        "Authorization": "Sanitized",
        "If-Match": "\u00220x8D77E02DAB8C90A\u0022",
        "traceparent": "00-13c7caa72bc95246abf9414cad532098-0e9930f31d239b40-00",
        "User-Agent": [
          "azsdk-net-Storage.Files.DataLake/12.0.0-dev.20191210.1\u002B5758cdf8298d3305c897cb7ba843ddd732c229c1",
          "(.NET Core 4.6.28008.01; Microsoft Windows 10.0.18363 )"
        ],
        "x-ms-client-request-id": "b9527132-bb5f-2812-f97d-fc73fbd1c67e",
        "x-ms-date": "Wed, 11 Dec 2019 06:25:02 GMT",
        "x-ms-lease-action": "renew",
        "x-ms-lease-id": "c989887b-410f-9c50-b5b0-da47c2386e92",
        "x-ms-return-client-request-id": "true",
        "x-ms-version": "2019-07-07"
      },
      "RequestBody": null,
      "StatusCode": 200,
      "ResponseHeaders": {
        "Content-Length": "0",
        "Date": "Wed, 11 Dec 2019 06:25:02 GMT",
        "ETag": "\u00220x8D77E02DAB8C90A\u0022",
        "Last-Modified": "Wed, 11 Dec 2019 06:25:02 GMT",
        "Server": [
          "Windows-Azure-Blob/1.0",
          "Microsoft-HTTPAPI/2.0"
        ],
        "x-ms-client-request-id": "b9527132-bb5f-2812-f97d-fc73fbd1c67e",
        "x-ms-lease-id": "c989887b-410f-9c50-b5b0-da47c2386e92",
        "x-ms-request-id": "88410d79-e01e-001e-62eb-af7ee3000000",
        "x-ms-version": "2019-07-07"
      },
      "ResponseBody": []
    },
    {
      "RequestUri": "http://seanstagehierarchical.blob.core.windows.net/test-filesystem-606b2806-5b34-09ec-f848-532657976b7f?restype=container",
      "RequestMethod": "DELETE",
      "RequestHeaders": {
        "Authorization": "Sanitized",
        "traceparent": "00-a805b2e4c9a7314692983d16a09cebd9-ed533f2bd35b594c-00",
        "User-Agent": [
          "azsdk-net-Storage.Files.DataLake/12.0.0-dev.20191210.1\u002B5758cdf8298d3305c897cb7ba843ddd732c229c1",
          "(.NET Core 4.6.28008.01; Microsoft Windows 10.0.18363 )"
        ],
        "x-ms-client-request-id": "33072d6a-bf82-55c8-4191-910b5f9236b8",
        "x-ms-date": "Wed, 11 Dec 2019 06:25:02 GMT",
        "x-ms-return-client-request-id": "true",
        "x-ms-version": "2019-07-07"
      },
      "RequestBody": null,
      "StatusCode": 202,
      "ResponseHeaders": {
        "Content-Length": "0",
        "Date": "Wed, 11 Dec 2019 06:25:02 GMT",
        "Server": [
          "Windows-Azure-Blob/1.0",
          "Microsoft-HTTPAPI/2.0"
        ],
        "x-ms-client-request-id": "33072d6a-bf82-55c8-4191-910b5f9236b8",
        "x-ms-request-id": "88410d7a-e01e-001e-63eb-af7ee3000000",
        "x-ms-version": "2019-07-07"
      },
      "ResponseBody": []
    },
    {
      "RequestUri": "http://seanstagehierarchical.blob.core.windows.net/test-filesystem-167d8b4e-0fa6-b6c0-00a2-a8071771222d?restype=container",
      "RequestMethod": "PUT",
      "RequestHeaders": {
        "Authorization": "Sanitized",
        "traceparent": "00-65b3c0b580cf474188bb5728a61aeed7-dbfbaebdfe1ec945-00",
        "User-Agent": [
          "azsdk-net-Storage.Files.DataLake/12.0.0-dev.20191210.1\u002B5758cdf8298d3305c897cb7ba843ddd732c229c1",
          "(.NET Core 4.6.28008.01; Microsoft Windows 10.0.18363 )"
        ],
        "x-ms-blob-public-access": "container",
        "x-ms-client-request-id": "7a52eb21-f74f-5bf7-6d51-32e016c13ed0",
        "x-ms-date": "Wed, 11 Dec 2019 06:25:02 GMT",
        "x-ms-return-client-request-id": "true",
        "x-ms-version": "2019-07-07"
      },
      "RequestBody": null,
      "StatusCode": 201,
      "ResponseHeaders": {
        "Content-Length": "0",
        "Date": "Wed, 11 Dec 2019 06:25:02 GMT",
        "ETag": "\u00220x8D77E02DB007B16\u0022",
        "Last-Modified": "Wed, 11 Dec 2019 06:25:02 GMT",
        "Server": [
          "Windows-Azure-Blob/1.0",
          "Microsoft-HTTPAPI/2.0"
        ],
        "x-ms-client-request-id": "7a52eb21-f74f-5bf7-6d51-32e016c13ed0",
        "x-ms-request-id": "88410d80-e01e-001e-66eb-af7ee3000000",
        "x-ms-version": "2019-07-07"
      },
      "ResponseBody": []
    },
    {
      "RequestUri": "http://seanstagehierarchical.dfs.core.windows.net/test-filesystem-167d8b4e-0fa6-b6c0-00a2-a8071771222d/test-file-009c646e-6989-bbee-9076-50f781b0cb9b?resource=file",
      "RequestMethod": "PUT",
      "RequestHeaders": {
        "Authorization": "Sanitized",
        "traceparent": "00-e7f61c2df8c44f46b257c9cd96a84f01-4e8255f5b7c48c45-00",
        "User-Agent": [
          "azsdk-net-Storage.Files.DataLake/12.0.0-dev.20191210.1\u002B5758cdf8298d3305c897cb7ba843ddd732c229c1",
          "(.NET Core 4.6.28008.01; Microsoft Windows 10.0.18363 )"
        ],
        "x-ms-client-request-id": "86a1bd71-4fc8-b8f4-fc97-e9d8a7ffd9bc",
        "x-ms-date": "Wed, 11 Dec 2019 06:25:02 GMT",
        "x-ms-return-client-request-id": "true",
        "x-ms-version": "2019-02-02"
      },
      "RequestBody": null,
      "StatusCode": 201,
      "ResponseHeaders": {
        "Content-Length": "0",
        "Date": "Wed, 11 Dec 2019 06:25:02 GMT",
        "ETag": "\u00220x8D77E02DB12D4D8\u0022",
        "Last-Modified": "Wed, 11 Dec 2019 06:25:02 GMT",
        "Server": [
          "Windows-Azure-HDFS/1.0",
          "Microsoft-HTTPAPI/2.0"
        ],
        "x-ms-client-request-id": "86a1bd71-4fc8-b8f4-fc97-e9d8a7ffd9bc",
        "x-ms-request-id": "39f35cd5-f01f-003d-5aeb-afe420000000",
        "x-ms-version": "2019-02-02"
      },
      "ResponseBody": []
    },
    {
      "RequestUri": "http://seanstagehierarchical.blob.core.windows.net/test-filesystem-167d8b4e-0fa6-b6c0-00a2-a8071771222d/test-file-009c646e-6989-bbee-9076-50f781b0cb9b?comp=lease",
      "RequestMethod": "PUT",
      "RequestHeaders": {
        "Authorization": "Sanitized",
        "traceparent": "00-9e98f35c56717d42b15d4f8119e32b18-59cdda5b43501144-00",
        "User-Agent": [
          "azsdk-net-Storage.Files.DataLake/12.0.0-dev.20191210.1\u002B5758cdf8298d3305c897cb7ba843ddd732c229c1",
          "(.NET Core 4.6.28008.01; Microsoft Windows 10.0.18363 )"
        ],
        "x-ms-client-request-id": "c8f2a3d4-038d-5e2a-0cdb-ffa1b618ae85",
        "x-ms-date": "Wed, 11 Dec 2019 06:25:02 GMT",
        "x-ms-lease-action": "acquire",
        "x-ms-lease-duration": "15",
        "x-ms-proposed-lease-id": "ec8e9785-12db-c6b1-8626-99db09765a74",
        "x-ms-return-client-request-id": "true",
        "x-ms-version": "2019-07-07"
      },
      "RequestBody": null,
      "StatusCode": 201,
      "ResponseHeaders": {
        "Content-Length": "0",
        "Date": "Wed, 11 Dec 2019 06:25:02 GMT",
        "ETag": "\u00220x8D77E02DB12D4D8\u0022",
        "Last-Modified": "Wed, 11 Dec 2019 06:25:02 GMT",
        "Server": [
          "Windows-Azure-Blob/1.0",
          "Microsoft-HTTPAPI/2.0"
        ],
        "x-ms-client-request-id": "c8f2a3d4-038d-5e2a-0cdb-ffa1b618ae85",
        "x-ms-lease-id": "ec8e9785-12db-c6b1-8626-99db09765a74",
        "x-ms-request-id": "88410d85-e01e-001e-6aeb-af7ee3000000",
        "x-ms-version": "2019-07-07"
      },
      "ResponseBody": []
    },
    {
      "RequestUri": "http://seanstagehierarchical.blob.core.windows.net/test-filesystem-167d8b4e-0fa6-b6c0-00a2-a8071771222d/test-file-009c646e-6989-bbee-9076-50f781b0cb9b?comp=lease",
      "RequestMethod": "PUT",
      "RequestHeaders": {
        "Authorization": "Sanitized",
        "If-None-Match": "\u0022garbage\u0022",
        "traceparent": "00-2e1f25711a62c249ab672ca233a9fbe3-265c9da24602454b-00",
        "User-Agent": [
          "azsdk-net-Storage.Files.DataLake/12.0.0-dev.20191210.1\u002B5758cdf8298d3305c897cb7ba843ddd732c229c1",
          "(.NET Core 4.6.28008.01; Microsoft Windows 10.0.18363 )"
        ],
        "x-ms-client-request-id": "65073157-9183-83e7-2027-b73345314c1c",
        "x-ms-date": "Wed, 11 Dec 2019 06:25:02 GMT",
        "x-ms-lease-action": "renew",
        "x-ms-lease-id": "ec8e9785-12db-c6b1-8626-99db09765a74",
        "x-ms-return-client-request-id": "true",
        "x-ms-version": "2019-07-07"
      },
      "RequestBody": null,
      "StatusCode": 200,
      "ResponseHeaders": {
        "Content-Length": "0",
        "Date": "Wed, 11 Dec 2019 06:25:02 GMT",
        "ETag": "\u00220x8D77E02DB12D4D8\u0022",
        "Last-Modified": "Wed, 11 Dec 2019 06:25:02 GMT",
        "Server": [
          "Windows-Azure-Blob/1.0",
          "Microsoft-HTTPAPI/2.0"
        ],
        "x-ms-client-request-id": "65073157-9183-83e7-2027-b73345314c1c",
        "x-ms-lease-id": "ec8e9785-12db-c6b1-8626-99db09765a74",
        "x-ms-request-id": "88410d87-e01e-001e-6ceb-af7ee3000000",
        "x-ms-version": "2019-07-07"
      },
      "ResponseBody": []
    },
    {
      "RequestUri": "http://seanstagehierarchical.blob.core.windows.net/test-filesystem-167d8b4e-0fa6-b6c0-00a2-a8071771222d?restype=container",
      "RequestMethod": "DELETE",
      "RequestHeaders": {
        "Authorization": "Sanitized",
        "traceparent": "00-b2220c1766b05947998709cb5404e445-a6bbb776d096be42-00",
        "User-Agent": [
          "azsdk-net-Storage.Files.DataLake/12.0.0-dev.20191210.1\u002B5758cdf8298d3305c897cb7ba843ddd732c229c1",
          "(.NET Core 4.6.28008.01; Microsoft Windows 10.0.18363 )"
        ],
        "x-ms-client-request-id": "844a7ed3-4911-ab02-8dce-3b525d7afb93",
        "x-ms-date": "Wed, 11 Dec 2019 06:25:02 GMT",
        "x-ms-return-client-request-id": "true",
        "x-ms-version": "2019-07-07"
      },
      "RequestBody": null,
      "StatusCode": 202,
      "ResponseHeaders": {
        "Content-Length": "0",
        "Date": "Wed, 11 Dec 2019 06:25:02 GMT",
        "Server": [
          "Windows-Azure-Blob/1.0",
          "Microsoft-HTTPAPI/2.0"
        ],
        "x-ms-client-request-id": "844a7ed3-4911-ab02-8dce-3b525d7afb93",
        "x-ms-request-id": "88410d88-e01e-001e-6deb-af7ee3000000",
        "x-ms-version": "2019-07-07"
      },
      "ResponseBody": []
    }
  ],
  "Variables": {
    "DateTimeOffsetNow": "2019-12-10T22:25:00.4141594-08:00",
    "RandomSeed": "1799403652",
    "Storage_TestConfigHierarchicalNamespace": "NamespaceTenant\nseanstagehierarchical\nU2FuaXRpemVk\nhttp://seanstagehierarchical.blob.core.windows.net\nhttp://seanstagehierarchical.file.core.windows.net\nhttp://seanstagehierarchical.queue.core.windows.net\nhttp://seanstagehierarchical.table.core.windows.net\n\n\n\n\nhttp://seanstagehierarchical-secondary.blob.core.windows.net\nhttp://seanstagehierarchical-secondary.file.core.windows.net\nhttp://seanstagehierarchical-secondary.queue.core.windows.net\nhttp://seanstagehierarchical-secondary.table.core.windows.net\n68390a19-a643-458b-b726-408abf67b4fc\nSanitized\n72f988bf-86f1-41af-91ab-2d7cd011db47\nhttps://login.microsoftonline.com/\nCloud\nBlobEndpoint=http://seanstagehierarchical.blob.core.windows.net/;QueueEndpoint=http://seanstagehierarchical.queue.core.windows.net/;FileEndpoint=http://seanstagehierarchical.file.core.windows.net/;BlobSecondaryEndpoint=http://seanstagehierarchical-secondary.blob.core.windows.net/;QueueSecondaryEndpoint=http://seanstagehierarchical-secondary.queue.core.windows.net/;FileSecondaryEndpoint=http://seanstagehierarchical-secondary.file.core.windows.net/;AccountName=seanstagehierarchical;AccountKey=Sanitized\n"
  }
}