{
  "Entries": [
    {
      "RequestUri": "http://seannse.blob.core.windows.net/test-filesystem-279ddebe-50c1-c524-36ec-a0462d72d503?restype=container",
      "RequestMethod": "PUT",
      "RequestHeaders": {
        "Authorization": "Sanitized",
        "traceparent": "00-bf0dfcbfd67f6a4b8b5af5cea84dfbc2-09a7d0058f0c0e4f-00",
        "User-Agent": [
          "azsdk-net-Storage.Files.DataLake/12.0.0-dev.20191105.1\u002B0af3cc8854657f33acad39a754fd8da107fa12ce",
          "(.NET Core 4.6.28008.01; Microsoft Windows 10.0.18363 )"
        ],
        "x-ms-blob-public-access": "container",
        "x-ms-client-request-id": "2c09d909-1bd5-5e98-6ed0-5b510066a159",
        "x-ms-date": "Wed, 06 Nov 2019 03:33:25 GMT",
        "x-ms-return-client-request-id": "true",
        "x-ms-version": "2019-02-02"
      },
      "RequestBody": null,
      "StatusCode": 201,
      "ResponseHeaders": {
        "Content-Length": "0",
        "Date": "Wed, 06 Nov 2019 03:33:25 GMT",
        "ETag": "\u00220x8D7626A15336C45\u0022",
        "Last-Modified": "Wed, 06 Nov 2019 03:33:25 GMT",
        "Server": [
          "Windows-Azure-Blob/1.0",
          "Microsoft-HTTPAPI/2.0"
        ],
        "x-ms-client-request-id": "2c09d909-1bd5-5e98-6ed0-5b510066a159",
        "x-ms-request-id": "237f90fb-e01e-005f-1052-94cb63000000",
        "x-ms-version": "2019-02-02"
      },
      "ResponseBody": []
    },
    {
      "RequestUri": "http://seannse.dfs.core.windows.net/test-filesystem-279ddebe-50c1-c524-36ec-a0462d72d503/test-file-34887e08-150e-91b7-cd47-b25f1a079e8f?resource=file",
      "RequestMethod": "PUT",
      "RequestHeaders": {
        "Authorization": "Sanitized",
        "traceparent": "00-670994ac3f23964e8b0222c207071356-bd5d3019306c1c47-00",
        "User-Agent": [
          "azsdk-net-Storage.Files.DataLake/12.0.0-dev.20191105.1\u002B0af3cc8854657f33acad39a754fd8da107fa12ce",
          "(.NET Core 4.6.28008.01; Microsoft Windows 10.0.18363 )"
        ],
        "x-ms-client-request-id": "a815dcc0-471e-f35b-2278-5e8d69384367",
        "x-ms-date": "Wed, 06 Nov 2019 03:33:25 GMT",
        "x-ms-return-client-request-id": "true",
        "x-ms-version": "2019-02-02"
      },
      "RequestBody": null,
      "StatusCode": 201,
      "ResponseHeaders": {
        "Content-Length": "0",
        "Date": "Wed, 06 Nov 2019 03:33:25 GMT",
        "ETag": "\u00220x8D7626A153920CA\u0022",
        "Last-Modified": "Wed, 06 Nov 2019 03:33:25 GMT",
        "Server": [
          "Windows-Azure-HDFS/1.0",
          "Microsoft-HTTPAPI/2.0"
        ],
        "x-ms-client-request-id": "a815dcc0-471e-f35b-2278-5e8d69384367",
        "x-ms-request-id": "ab649e5d-901f-0045-3452-94aabc000000",
        "x-ms-version": "2019-02-02"
      },
      "ResponseBody": []
    },
    {
      "RequestUri": "http://seannse.dfs.core.windows.net/test-filesystem-279ddebe-50c1-c524-36ec-a0462d72d503/test-file-34887e08-150e-91b7-cd47-b25f1a079e8f?action=setAccessControl",
      "RequestMethod": "PATCH",
      "RequestHeaders": {
        "Authorization": "Sanitized",
        "User-Agent": [
          "azsdk-net-Storage.Files.DataLake/12.0.0-dev.20191105.1\u002B0af3cc8854657f33acad39a754fd8da107fa12ce",
          "(.NET Core 4.6.28008.01; Microsoft Windows 10.0.18363 )"
        ],
        "x-ms-acl": "user::rwx,group::rwx,other::rwx,mask::rwx",
        "x-ms-client-request-id": "3d9fa3f2-f5f1-2970-da48-31f049a0fa3c",
        "x-ms-date": "Wed, 06 Nov 2019 03:33:25 GMT",
        "x-ms-return-client-request-id": "true",
        "x-ms-version": "2019-02-02"
      },
      "RequestBody": null,
      "StatusCode": 200,
      "ResponseHeaders": {
        "Content-Length": "0",
        "Date": "Wed, 06 Nov 2019 03:33:25 GMT",
        "ETag": "\u00220x8D7626A153920CA\u0022",
        "Last-Modified": "Wed, 06 Nov 2019 03:33:25 GMT",
        "Server": [
          "Windows-Azure-HDFS/1.0",
          "Microsoft-HTTPAPI/2.0"
        ],
        "x-ms-client-request-id": "3d9fa3f2-f5f1-2970-da48-31f049a0fa3c",
        "x-ms-namespace-enabled": "true",
        "x-ms-request-id": "ab649e5e-901f-0045-3552-94aabc000000",
        "x-ms-version": "2019-02-02"
      },
      "ResponseBody": []
    },
    {
      "RequestUri": "http://seannse.blob.core.windows.net/test-filesystem-279ddebe-50c1-c524-36ec-a0462d72d503?restype=container",
      "RequestMethod": "DELETE",
      "RequestHeaders": {
        "Authorization": "Sanitized",
        "traceparent": "00-4880ea986a1b8649866b4b228bc2df3e-1ae471e5ebbf3e42-00",
        "User-Agent": [
          "azsdk-net-Storage.Files.DataLake/12.0.0-dev.20191105.1\u002B0af3cc8854657f33acad39a754fd8da107fa12ce",
          "(.NET Core 4.6.28008.01; Microsoft Windows 10.0.18363 )"
        ],
        "x-ms-client-request-id": "c59a50b8-0698-3c75-5bb7-f0e11cff15af",
        "x-ms-date": "Wed, 06 Nov 2019 03:33:25 GMT",
        "x-ms-return-client-request-id": "true",
        "x-ms-version": "2019-02-02"
      },
      "RequestBody": null,
      "StatusCode": 202,
      "ResponseHeaders": {
        "Content-Length": "0",
        "Date": "Wed, 06 Nov 2019 03:33:25 GMT",
        "Server": [
          "Windows-Azure-Blob/1.0",
          "Microsoft-HTTPAPI/2.0"
        ],
        "x-ms-client-request-id": "c59a50b8-0698-3c75-5bb7-f0e11cff15af",
        "x-ms-request-id": "237f9121-e01e-005f-3352-94cb63000000",
        "x-ms-version": "2019-02-02"
      },
      "ResponseBody": []
    },
    {
      "RequestUri": "http://seannse.blob.core.windows.net/test-filesystem-f497822a-bb03-682f-bf2d-503b9d77a130?restype=container",
      "RequestMethod": "PUT",
      "RequestHeaders": {
        "Authorization": "Sanitized",
        "traceparent": "00-2e221ac040551041a6d4aceb27953762-7d9a950c21d5ba4b-00",
        "User-Agent": [
          "azsdk-net-Storage.Files.DataLake/12.0.0-dev.20191105.1\u002B0af3cc8854657f33acad39a754fd8da107fa12ce",
          "(.NET Core 4.6.28008.01; Microsoft Windows 10.0.18363 )"
        ],
        "x-ms-blob-public-access": "container",
        "x-ms-client-request-id": "05cea8a0-ad13-fcda-2032-066bb5399fe4",
        "x-ms-date": "Wed, 06 Nov 2019 03:33:25 GMT",
        "x-ms-return-client-request-id": "true",
        "x-ms-version": "2019-02-02"
      },
      "RequestBody": null,
      "StatusCode": 201,
      "ResponseHeaders": {
        "Content-Length": "0",
        "Date": "Wed, 06 Nov 2019 03:33:25 GMT",
        "ETag": "\u00220x8D7626A1547BB3E\u0022",
        "Last-Modified": "Wed, 06 Nov 2019 03:33:25 GMT",
        "Server": [
          "Windows-Azure-Blob/1.0",
          "Microsoft-HTTPAPI/2.0"
        ],
        "x-ms-client-request-id": "05cea8a0-ad13-fcda-2032-066bb5399fe4",
        "x-ms-request-id": "237f9132-e01e-005f-4152-94cb63000000",
        "x-ms-version": "2019-02-02"
      },
      "ResponseBody": []
    },
    {
      "RequestUri": "http://seannse.dfs.core.windows.net/test-filesystem-f497822a-bb03-682f-bf2d-503b9d77a130/test-file-c93ac015-1bc6-f6aa-de83-0c001108cfbb?resource=file",
      "RequestMethod": "PUT",
      "RequestHeaders": {
        "Authorization": "Sanitized",
        "traceparent": "00-80d546ef643d9e4d84a06a28e66eece8-ee1a993870858f42-00",
        "User-Agent": [
          "azsdk-net-Storage.Files.DataLake/12.0.0-dev.20191105.1\u002B0af3cc8854657f33acad39a754fd8da107fa12ce",
          "(.NET Core 4.6.28008.01; Microsoft Windows 10.0.18363 )"
        ],
        "x-ms-client-request-id": "d911c463-8dc8-8426-fdd8-268fa0daeb17",
        "x-ms-date": "Wed, 06 Nov 2019 03:33:25 GMT",
        "x-ms-return-client-request-id": "true",
        "x-ms-version": "2019-02-02"
      },
      "RequestBody": null,
      "StatusCode": 201,
      "ResponseHeaders": {
        "Content-Length": "0",
        "Date": "Wed, 06 Nov 2019 03:33:25 GMT",
        "ETag": "\u00220x8D7626A154D33C7\u0022",
        "Last-Modified": "Wed, 06 Nov 2019 03:33:25 GMT",
        "Server": [
          "Windows-Azure-HDFS/1.0",
          "Microsoft-HTTPAPI/2.0"
        ],
        "x-ms-client-request-id": "d911c463-8dc8-8426-fdd8-268fa0daeb17",
        "x-ms-request-id": "ab649e5f-901f-0045-3652-94aabc000000",
        "x-ms-version": "2019-02-02"
      },
      "ResponseBody": []
    },
    {
      "RequestUri": "http://seannse.dfs.core.windows.net/test-filesystem-f497822a-bb03-682f-bf2d-503b9d77a130/test-file-c93ac015-1bc6-f6aa-de83-0c001108cfbb?action=setAccessControl",
      "RequestMethod": "PATCH",
      "RequestHeaders": {
        "Authorization": "Sanitized",
        "If-Modified-Since": "Tue, 05 Nov 2019 03:33:25 GMT",
        "User-Agent": [
          "azsdk-net-Storage.Files.DataLake/12.0.0-dev.20191105.1\u002B0af3cc8854657f33acad39a754fd8da107fa12ce",
          "(.NET Core 4.6.28008.01; Microsoft Windows 10.0.18363 )"
        ],
        "x-ms-acl": "user::rwx,group::rwx,other::rwx,mask::rwx",
        "x-ms-client-request-id": "4c9c5e24-f6f6-49f3-3d17-f7d0758d589d",
        "x-ms-date": "Wed, 06 Nov 2019 03:33:25 GMT",
        "x-ms-return-client-request-id": "true",
        "x-ms-version": "2019-02-02"
      },
      "RequestBody": null,
      "StatusCode": 200,
      "ResponseHeaders": {
        "Content-Length": "0",
        "Date": "Wed, 06 Nov 2019 03:33:25 GMT",
        "ETag": "\u00220x8D7626A154D33C7\u0022",
        "Last-Modified": "Wed, 06 Nov 2019 03:33:25 GMT",
        "Server": [
          "Windows-Azure-HDFS/1.0",
          "Microsoft-HTTPAPI/2.0"
        ],
        "x-ms-client-request-id": "4c9c5e24-f6f6-49f3-3d17-f7d0758d589d",
        "x-ms-namespace-enabled": "true",
        "x-ms-request-id": "ab649e60-901f-0045-3752-94aabc000000",
        "x-ms-version": "2019-02-02"
      },
      "ResponseBody": []
    },
    {
      "RequestUri": "http://seannse.blob.core.windows.net/test-filesystem-f497822a-bb03-682f-bf2d-503b9d77a130?restype=container",
      "RequestMethod": "DELETE",
      "RequestHeaders": {
        "Authorization": "Sanitized",
        "traceparent": "00-6e5972ac899e9c48b25282404133b68c-32a90470a972094a-00",
        "User-Agent": [
          "azsdk-net-Storage.Files.DataLake/12.0.0-dev.20191105.1\u002B0af3cc8854657f33acad39a754fd8da107fa12ce",
          "(.NET Core 4.6.28008.01; Microsoft Windows 10.0.18363 )"
        ],
        "x-ms-client-request-id": "426a8010-9e3e-6c21-574a-1487b36b0415",
        "x-ms-date": "Wed, 06 Nov 2019 03:33:26 GMT",
        "x-ms-return-client-request-id": "true",
        "x-ms-version": "2019-02-02"
      },
      "RequestBody": null,
      "StatusCode": 202,
      "ResponseHeaders": {
        "Content-Length": "0",
        "Date": "Wed, 06 Nov 2019 03:33:25 GMT",
        "Server": [
          "Windows-Azure-Blob/1.0",
          "Microsoft-HTTPAPI/2.0"
        ],
        "x-ms-client-request-id": "426a8010-9e3e-6c21-574a-1487b36b0415",
        "x-ms-request-id": "237f9155-e01e-005f-5f52-94cb63000000",
        "x-ms-version": "2019-02-02"
      },
      "ResponseBody": []
    },
    {
      "RequestUri": "http://seannse.blob.core.windows.net/test-filesystem-803ab3e9-e266-1801-4ee3-c35ec06b0da2?restype=container",
      "RequestMethod": "PUT",
      "RequestHeaders": {
        "Authorization": "Sanitized",
        "traceparent": "00-a2886700dbb79244b77ef38d3a48fe40-6e7c82b435eec941-00",
        "User-Agent": [
          "azsdk-net-Storage.Files.DataLake/12.0.0-dev.20191105.1\u002B0af3cc8854657f33acad39a754fd8da107fa12ce",
          "(.NET Core 4.6.28008.01; Microsoft Windows 10.0.18363 )"
        ],
        "x-ms-blob-public-access": "container",
        "x-ms-client-request-id": "889d2093-c260-2dbf-7e52-f35bdac2abeb",
        "x-ms-date": "Wed, 06 Nov 2019 03:33:26 GMT",
        "x-ms-return-client-request-id": "true",
        "x-ms-version": "2019-02-02"
      },
      "RequestBody": null,
      "StatusCode": 201,
      "ResponseHeaders": {
        "Content-Length": "0",
        "Date": "Wed, 06 Nov 2019 03:33:25 GMT",
        "ETag": "\u00220x8D7626A1555A063\u0022",
        "Last-Modified": "Wed, 06 Nov 2019 03:33:26 GMT",
        "Server": [
          "Windows-Azure-Blob/1.0",
          "Microsoft-HTTPAPI/2.0"
        ],
        "x-ms-client-request-id": "889d2093-c260-2dbf-7e52-f35bdac2abeb",
        "x-ms-request-id": "237f9161-e01e-005f-6a52-94cb63000000",
        "x-ms-version": "2019-02-02"
      },
      "ResponseBody": []
    },
    {
      "RequestUri": "http://seannse.dfs.core.windows.net/test-filesystem-803ab3e9-e266-1801-4ee3-c35ec06b0da2/test-file-e2b2713c-0fab-d3f3-5587-df6155a71fc6?resource=file",
      "RequestMethod": "PUT",
      "RequestHeaders": {
        "Authorization": "Sanitized",
        "traceparent": "00-364ec6cf88cd714f95af10eda2016ab8-98bb9b878202d94c-00",
        "User-Agent": [
          "azsdk-net-Storage.Files.DataLake/12.0.0-dev.20191105.1\u002B0af3cc8854657f33acad39a754fd8da107fa12ce",
          "(.NET Core 4.6.28008.01; Microsoft Windows 10.0.18363 )"
        ],
        "x-ms-client-request-id": "861da159-23d6-8372-2cca-33d8e25dd8d7",
        "x-ms-date": "Wed, 06 Nov 2019 03:33:26 GMT",
        "x-ms-return-client-request-id": "true",
        "x-ms-version": "2019-02-02"
      },
      "RequestBody": null,
      "StatusCode": 201,
      "ResponseHeaders": {
        "Content-Length": "0",
        "Date": "Wed, 06 Nov 2019 03:33:25 GMT",
        "ETag": "\u00220x8D7626A15641F24\u0022",
        "Last-Modified": "Wed, 06 Nov 2019 03:33:26 GMT",
        "Server": [
          "Windows-Azure-HDFS/1.0",
          "Microsoft-HTTPAPI/2.0"
        ],
        "x-ms-client-request-id": "861da159-23d6-8372-2cca-33d8e25dd8d7",
        "x-ms-request-id": "ab649e61-901f-0045-3852-94aabc000000",
        "x-ms-version": "2019-02-02"
      },
      "ResponseBody": []
    },
    {
      "RequestUri": "http://seannse.dfs.core.windows.net/test-filesystem-803ab3e9-e266-1801-4ee3-c35ec06b0da2/test-file-e2b2713c-0fab-d3f3-5587-df6155a71fc6?action=setAccessControl",
      "RequestMethod": "PATCH",
      "RequestHeaders": {
        "Authorization": "Sanitized",
        "If-Unmodified-Since": "Thu, 07 Nov 2019 03:33:25 GMT",
        "User-Agent": [
          "azsdk-net-Storage.Files.DataLake/12.0.0-dev.20191105.1\u002B0af3cc8854657f33acad39a754fd8da107fa12ce",
          "(.NET Core 4.6.28008.01; Microsoft Windows 10.0.18363 )"
        ],
        "x-ms-acl": "user::rwx,group::rwx,other::rwx,mask::rwx",
        "x-ms-client-request-id": "b30802b0-998a-baef-3248-7303526930b3",
        "x-ms-date": "Wed, 06 Nov 2019 03:33:26 GMT",
        "x-ms-return-client-request-id": "true",
        "x-ms-version": "2019-02-02"
      },
      "RequestBody": null,
      "StatusCode": 200,
      "ResponseHeaders": {
        "Content-Length": "0",
        "Date": "Wed, 06 Nov 2019 03:33:25 GMT",
        "ETag": "\u00220x8D7626A15641F24\u0022",
        "Last-Modified": "Wed, 06 Nov 2019 03:33:26 GMT",
        "Server": [
          "Windows-Azure-HDFS/1.0",
          "Microsoft-HTTPAPI/2.0"
        ],
        "x-ms-client-request-id": "b30802b0-998a-baef-3248-7303526930b3",
        "x-ms-namespace-enabled": "true",
        "x-ms-request-id": "ab649e62-901f-0045-3952-94aabc000000",
        "x-ms-version": "2019-02-02"
      },
      "ResponseBody": []
    },
    {
      "RequestUri": "http://seannse.blob.core.windows.net/test-filesystem-803ab3e9-e266-1801-4ee3-c35ec06b0da2?restype=container",
      "RequestMethod": "DELETE",
      "RequestHeaders": {
        "Authorization": "Sanitized",
        "traceparent": "00-4d57a3f20e2bce42b979463aeca63a44-55cdb70d7531bf4e-00",
        "User-Agent": [
          "azsdk-net-Storage.Files.DataLake/12.0.0-dev.20191105.1\u002B0af3cc8854657f33acad39a754fd8da107fa12ce",
          "(.NET Core 4.6.28008.01; Microsoft Windows 10.0.18363 )"
        ],
        "x-ms-client-request-id": "df28e119-2455-9a4c-3dc4-02ae971a65c6",
        "x-ms-date": "Wed, 06 Nov 2019 03:33:26 GMT",
        "x-ms-return-client-request-id": "true",
        "x-ms-version": "2019-02-02"
      },
      "RequestBody": null,
      "StatusCode": 202,
      "ResponseHeaders": {
        "Content-Length": "0",
        "Date": "Wed, 06 Nov 2019 03:33:25 GMT",
        "Server": [
          "Windows-Azure-Blob/1.0",
          "Microsoft-HTTPAPI/2.0"
        ],
        "x-ms-client-request-id": "df28e119-2455-9a4c-3dc4-02ae971a65c6",
        "x-ms-request-id": "237f91a8-e01e-005f-2952-94cb63000000",
        "x-ms-version": "2019-02-02"
      },
      "ResponseBody": []
    },
    {
      "RequestUri": "http://seannse.blob.core.windows.net/test-filesystem-fa601e6f-bb87-0dcd-1bba-2f2442b968da?restype=container",
      "RequestMethod": "PUT",
      "RequestHeaders": {
        "Authorization": "Sanitized",
        "traceparent": "00-9386404acf3fc0409c0e1c3a2d29221c-c8f0a623a5f62a42-00",
        "User-Agent": [
          "azsdk-net-Storage.Files.DataLake/12.0.0-dev.20191105.1\u002B0af3cc8854657f33acad39a754fd8da107fa12ce",
          "(.NET Core 4.6.28008.01; Microsoft Windows 10.0.18363 )"
        ],
        "x-ms-blob-public-access": "container",
        "x-ms-client-request-id": "33c69000-eff7-5e81-141a-c39af5285784",
        "x-ms-date": "Wed, 06 Nov 2019 03:33:26 GMT",
        "x-ms-return-client-request-id": "true",
        "x-ms-version": "2019-02-02"
      },
      "RequestBody": null,
      "StatusCode": 201,
      "ResponseHeaders": {
        "Content-Length": "0",
        "Date": "Wed, 06 Nov 2019 03:33:25 GMT",
        "ETag": "\u00220x8D7626A156BEB87\u0022",
        "Last-Modified": "Wed, 06 Nov 2019 03:33:26 GMT",
        "Server": [
          "Windows-Azure-Blob/1.0",
          "Microsoft-HTTPAPI/2.0"
        ],
        "x-ms-client-request-id": "33c69000-eff7-5e81-141a-c39af5285784",
        "x-ms-request-id": "237f91b1-e01e-005f-3152-94cb63000000",
        "x-ms-version": "2019-02-02"
      },
      "ResponseBody": []
    },
    {
      "RequestUri": "http://seannse.dfs.core.windows.net/test-filesystem-fa601e6f-bb87-0dcd-1bba-2f2442b968da/test-file-2c4f285b-f430-1f84-c0cc-a784030c6ee4?resource=file",
      "RequestMethod": "PUT",
      "RequestHeaders": {
        "Authorization": "Sanitized",
        "traceparent": "00-4c7660faee4b244b90a323e0d558f9b7-0d904d15aa54644b-00",
        "User-Agent": [
          "azsdk-net-Storage.Files.DataLake/12.0.0-dev.20191105.1\u002B0af3cc8854657f33acad39a754fd8da107fa12ce",
          "(.NET Core 4.6.28008.01; Microsoft Windows 10.0.18363 )"
        ],
        "x-ms-client-request-id": "766533aa-8ae7-0c39-0ba7-732b47fc5a08",
        "x-ms-date": "Wed, 06 Nov 2019 03:33:26 GMT",
        "x-ms-return-client-request-id": "true",
        "x-ms-version": "2019-02-02"
      },
      "RequestBody": null,
      "StatusCode": 201,
      "ResponseHeaders": {
        "Content-Length": "0",
        "Date": "Wed, 06 Nov 2019 03:33:25 GMT",
        "ETag": "\u00220x8D7626A1570CA3C\u0022",
        "Last-Modified": "Wed, 06 Nov 2019 03:33:26 GMT",
        "Server": [
          "Windows-Azure-HDFS/1.0",
          "Microsoft-HTTPAPI/2.0"
        ],
        "x-ms-client-request-id": "766533aa-8ae7-0c39-0ba7-732b47fc5a08",
        "x-ms-request-id": "ab649e63-901f-0045-3a52-94aabc000000",
        "x-ms-version": "2019-02-02"
      },
      "ResponseBody": []
    },
    {
      "RequestUri": "http://seannse.blob.core.windows.net/test-filesystem-fa601e6f-bb87-0dcd-1bba-2f2442b968da/test-file-2c4f285b-f430-1f84-c0cc-a784030c6ee4",
      "RequestMethod": "HEAD",
      "RequestHeaders": {
        "Authorization": "Sanitized",
        "User-Agent": [
          "azsdk-net-Storage.Files.DataLake/12.0.0-dev.20191105.1\u002B0af3cc8854657f33acad39a754fd8da107fa12ce",
          "(.NET Core 4.6.28008.01; Microsoft Windows 10.0.18363 )"
        ],
        "x-ms-client-request-id": "d0d97d2d-f7a6-79fc-8a17-a64ac1b627ec",
        "x-ms-date": "Wed, 06 Nov 2019 03:33:26 GMT",
        "x-ms-return-client-request-id": "true",
        "x-ms-version": "2019-02-02"
      },
      "RequestBody": null,
      "StatusCode": 200,
      "ResponseHeaders": {
        "Accept-Ranges": "bytes",
        "Content-Length": "0",
        "Content-Type": "application/octet-stream",
        "Date": "Wed, 06 Nov 2019 03:33:25 GMT",
        "ETag": "\u00220x8D7626A1570CA3C\u0022",
        "Last-Modified": "Wed, 06 Nov 2019 03:33:26 GMT",
        "Server": [
          "Windows-Azure-Blob/1.0",
          "Microsoft-HTTPAPI/2.0"
        ],
        "x-ms-access-tier": "Hot",
        "x-ms-access-tier-inferred": "true",
        "x-ms-blob-type": "BlockBlob",
        "x-ms-client-request-id": "d0d97d2d-f7a6-79fc-8a17-a64ac1b627ec",
        "x-ms-creation-time": "Wed, 06 Nov 2019 03:33:26 GMT",
        "x-ms-lease-state": "available",
        "x-ms-lease-status": "unlocked",
        "x-ms-request-id": "237f91ca-e01e-005f-4952-94cb63000000",
        "x-ms-server-encrypted": "true",
        "x-ms-version": "2019-02-02"
      },
      "ResponseBody": []
    },
    {
      "RequestUri": "http://seannse.dfs.core.windows.net/test-filesystem-fa601e6f-bb87-0dcd-1bba-2f2442b968da/test-file-2c4f285b-f430-1f84-c0cc-a784030c6ee4?action=setAccessControl",
      "RequestMethod": "PATCH",
      "RequestHeaders": {
        "Authorization": "Sanitized",
        "If-Match": "\u00220x8D7626A1570CA3C\u0022",
        "User-Agent": [
          "azsdk-net-Storage.Files.DataLake/12.0.0-dev.20191105.1\u002B0af3cc8854657f33acad39a754fd8da107fa12ce",
          "(.NET Core 4.6.28008.01; Microsoft Windows 10.0.18363 )"
        ],
        "x-ms-acl": "user::rwx,group::rwx,other::rwx,mask::rwx",
        "x-ms-client-request-id": "cafe7615-8a23-b461-e31c-a6ecff47648f",
        "x-ms-date": "Wed, 06 Nov 2019 03:33:26 GMT",
        "x-ms-return-client-request-id": "true",
        "x-ms-version": "2019-02-02"
      },
      "RequestBody": null,
      "StatusCode": 200,
      "ResponseHeaders": {
        "Content-Length": "0",
        "Date": "Wed, 06 Nov 2019 03:33:25 GMT",
        "ETag": "\u00220x8D7626A1570CA3C\u0022",
        "Last-Modified": "Wed, 06 Nov 2019 03:33:26 GMT",
        "Server": [
          "Windows-Azure-HDFS/1.0",
          "Microsoft-HTTPAPI/2.0"
        ],
        "x-ms-client-request-id": "cafe7615-8a23-b461-e31c-a6ecff47648f",
        "x-ms-namespace-enabled": "true",
        "x-ms-request-id": "ab649e66-901f-0045-3d52-94aabc000000",
        "x-ms-version": "2019-02-02"
      },
      "ResponseBody": []
    },
    {
      "RequestUri": "http://seannse.blob.core.windows.net/test-filesystem-fa601e6f-bb87-0dcd-1bba-2f2442b968da?restype=container",
      "RequestMethod": "DELETE",
      "RequestHeaders": {
        "Authorization": "Sanitized",
        "traceparent": "00-579213a9e91f0b45a639131e3cd5e721-b4bc8434fd602c4a-00",
        "User-Agent": [
          "azsdk-net-Storage.Files.DataLake/12.0.0-dev.20191105.1\u002B0af3cc8854657f33acad39a754fd8da107fa12ce",
          "(.NET Core 4.6.28008.01; Microsoft Windows 10.0.18363 )"
        ],
        "x-ms-client-request-id": "4b35f8a3-5db8-a6c9-f3c5-c910c839055a",
        "x-ms-date": "Wed, 06 Nov 2019 03:33:26 GMT",
        "x-ms-return-client-request-id": "true",
        "x-ms-version": "2019-02-02"
      },
      "RequestBody": null,
      "StatusCode": 202,
      "ResponseHeaders": {
        "Content-Length": "0",
        "Date": "Wed, 06 Nov 2019 03:33:25 GMT",
        "Server": [
          "Windows-Azure-Blob/1.0",
          "Microsoft-HTTPAPI/2.0"
        ],
        "x-ms-client-request-id": "4b35f8a3-5db8-a6c9-f3c5-c910c839055a",
        "x-ms-request-id": "237f91e1-e01e-005f-5d52-94cb63000000",
        "x-ms-version": "2019-02-02"
      },
      "ResponseBody": []
    },
    {
      "RequestUri": "http://seannse.blob.core.windows.net/test-filesystem-f04ea0da-301e-2fca-a73f-724e5bf9edee?restype=container",
      "RequestMethod": "PUT",
      "RequestHeaders": {
        "Authorization": "Sanitized",
        "traceparent": "00-8ec1e12c7e630546b54f9028576eb3d4-81091d623518c444-00",
        "User-Agent": [
          "azsdk-net-Storage.Files.DataLake/12.0.0-dev.20191105.1\u002B0af3cc8854657f33acad39a754fd8da107fa12ce",
          "(.NET Core 4.6.28008.01; Microsoft Windows 10.0.18363 )"
        ],
        "x-ms-blob-public-access": "container",
        "x-ms-client-request-id": "268dd4cf-42a5-73d9-2e05-a379ea7a4af9",
        "x-ms-date": "Wed, 06 Nov 2019 03:33:26 GMT",
        "x-ms-return-client-request-id": "true",
        "x-ms-version": "2019-02-02"
      },
      "RequestBody": null,
      "StatusCode": 201,
      "ResponseHeaders": {
        "Content-Length": "0",
        "Date": "Wed, 06 Nov 2019 03:33:25 GMT",
        "ETag": "\u00220x8D7626A1586A43D\u0022",
        "Last-Modified": "Wed, 06 Nov 2019 03:33:26 GMT",
        "Server": [
          "Windows-Azure-Blob/1.0",
          "Microsoft-HTTPAPI/2.0"
        ],
        "x-ms-client-request-id": "268dd4cf-42a5-73d9-2e05-a379ea7a4af9",
        "x-ms-request-id": "237f9202-e01e-005f-7b52-94cb63000000",
        "x-ms-version": "2019-02-02"
      },
      "ResponseBody": []
    },
    {
      "RequestUri": "http://seannse.dfs.core.windows.net/test-filesystem-f04ea0da-301e-2fca-a73f-724e5bf9edee/test-file-1926dad8-fdf0-c048-caf3-624ee0ac13e8?resource=file",
      "RequestMethod": "PUT",
      "RequestHeaders": {
        "Authorization": "Sanitized",
        "traceparent": "00-83d79d02f20f774c92cd4a95b3aa8f4b-82d2973bb72d0948-00",
        "User-Agent": [
          "azsdk-net-Storage.Files.DataLake/12.0.0-dev.20191105.1\u002B0af3cc8854657f33acad39a754fd8da107fa12ce",
          "(.NET Core 4.6.28008.01; Microsoft Windows 10.0.18363 )"
        ],
        "x-ms-client-request-id": "41455784-de98-d22d-8ccc-5cb2e08a9381",
        "x-ms-date": "Wed, 06 Nov 2019 03:33:26 GMT",
        "x-ms-return-client-request-id": "true",
        "x-ms-version": "2019-02-02"
      },
      "RequestBody": null,
      "StatusCode": 201,
      "ResponseHeaders": {
        "Content-Length": "0",
        "Date": "Wed, 06 Nov 2019 03:33:25 GMT",
        "ETag": "\u00220x8D7626A158BC04A\u0022",
        "Last-Modified": "Wed, 06 Nov 2019 03:33:26 GMT",
        "Server": [
          "Windows-Azure-HDFS/1.0",
          "Microsoft-HTTPAPI/2.0"
        ],
        "x-ms-client-request-id": "41455784-de98-d22d-8ccc-5cb2e08a9381",
        "x-ms-request-id": "ab649e67-901f-0045-3e52-94aabc000000",
        "x-ms-version": "2019-02-02"
      },
      "ResponseBody": []
    },
    {
      "RequestUri": "http://seannse.dfs.core.windows.net/test-filesystem-f04ea0da-301e-2fca-a73f-724e5bf9edee/test-file-1926dad8-fdf0-c048-caf3-624ee0ac13e8?action=setAccessControl",
      "RequestMethod": "PATCH",
      "RequestHeaders": {
        "Authorization": "Sanitized",
        "If-None-Match": "\u0022garbage\u0022",
        "User-Agent": [
          "azsdk-net-Storage.Files.DataLake/12.0.0-dev.20191105.1\u002B0af3cc8854657f33acad39a754fd8da107fa12ce",
          "(.NET Core 4.6.28008.01; Microsoft Windows 10.0.18363 )"
        ],
        "x-ms-acl": "user::rwx,group::rwx,other::rwx,mask::rwx",
        "x-ms-client-request-id": "88c94f83-d267-6950-27ac-f99f6b96c64b",
        "x-ms-date": "Wed, 06 Nov 2019 03:33:26 GMT",
        "x-ms-return-client-request-id": "true",
        "x-ms-version": "2019-02-02"
      },
      "RequestBody": null,
      "StatusCode": 200,
      "ResponseHeaders": {
        "Content-Length": "0",
        "Date": "Wed, 06 Nov 2019 03:33:25 GMT",
        "ETag": "\u00220x8D7626A158BC04A\u0022",
        "Last-Modified": "Wed, 06 Nov 2019 03:33:26 GMT",
        "Server": [
          "Windows-Azure-HDFS/1.0",
          "Microsoft-HTTPAPI/2.0"
        ],
        "x-ms-client-request-id": "88c94f83-d267-6950-27ac-f99f6b96c64b",
        "x-ms-namespace-enabled": "true",
        "x-ms-request-id": "ab649e68-901f-0045-3f52-94aabc000000",
        "x-ms-version": "2019-02-02"
      },
      "ResponseBody": []
    },
    {
      "RequestUri": "http://seannse.blob.core.windows.net/test-filesystem-f04ea0da-301e-2fca-a73f-724e5bf9edee?restype=container",
      "RequestMethod": "DELETE",
      "RequestHeaders": {
        "Authorization": "Sanitized",
        "traceparent": "00-bfd478f029e8b9469450dc974ff5a794-727dd0f7f7fae242-00",
        "User-Agent": [
          "azsdk-net-Storage.Files.DataLake/12.0.0-dev.20191105.1\u002B0af3cc8854657f33acad39a754fd8da107fa12ce",
          "(.NET Core 4.6.28008.01; Microsoft Windows 10.0.18363 )"
        ],
        "x-ms-client-request-id": "912eef81-0ac0-1f1a-6bc7-6f4fcaeda5fb",
        "x-ms-date": "Wed, 06 Nov 2019 03:33:26 GMT",
        "x-ms-return-client-request-id": "true",
        "x-ms-version": "2019-02-02"
      },
      "RequestBody": null,
      "StatusCode": 202,
      "ResponseHeaders": {
        "Content-Length": "0",
        "Date": "Wed, 06 Nov 2019 03:33:25 GMT",
        "Server": [
          "Windows-Azure-Blob/1.0",
          "Microsoft-HTTPAPI/2.0"
        ],
        "x-ms-client-request-id": "912eef81-0ac0-1f1a-6bc7-6f4fcaeda5fb",
        "x-ms-request-id": "237f922c-e01e-005f-2152-94cb63000000",
        "x-ms-version": "2019-02-02"
      },
      "ResponseBody": []
    },
    {
      "RequestUri": "http://seannse.blob.core.windows.net/test-filesystem-ccd7f8b9-9020-aa41-3709-be332337cf14?restype=container",
      "RequestMethod": "PUT",
      "RequestHeaders": {
        "Authorization": "Sanitized",
        "traceparent": "00-1ed76fab07973b489183f28dddb17bed-9f70ca27451a8048-00",
        "User-Agent": [
          "azsdk-net-Storage.Files.DataLake/12.0.0-dev.20191105.1\u002B0af3cc8854657f33acad39a754fd8da107fa12ce",
          "(.NET Core 4.6.28008.01; Microsoft Windows 10.0.18363 )"
        ],
        "x-ms-blob-public-access": "container",
        "x-ms-client-request-id": "a25fb38e-e13b-f131-ae84-59b74be7fb33",
        "x-ms-date": "Wed, 06 Nov 2019 03:33:26 GMT",
        "x-ms-return-client-request-id": "true",
        "x-ms-version": "2019-02-02"
      },
      "RequestBody": null,
      "StatusCode": 201,
      "ResponseHeaders": {
        "Content-Length": "0",
        "Date": "Wed, 06 Nov 2019 03:33:25 GMT",
        "ETag": "\u00220x8D7626A1594B086\u0022",
        "Last-Modified": "Wed, 06 Nov 2019 03:33:26 GMT",
        "Server": [
          "Windows-Azure-Blob/1.0",
          "Microsoft-HTTPAPI/2.0"
        ],
        "x-ms-client-request-id": "a25fb38e-e13b-f131-ae84-59b74be7fb33",
        "x-ms-request-id": "237f922e-e01e-005f-2352-94cb63000000",
        "x-ms-version": "2019-02-02"
      },
      "ResponseBody": []
    },
    {
      "RequestUri": "http://seannse.dfs.core.windows.net/test-filesystem-ccd7f8b9-9020-aa41-3709-be332337cf14/test-file-21505bf8-2ad0-8392-6d9f-8e2441dd3f6f?resource=file",
      "RequestMethod": "PUT",
      "RequestHeaders": {
        "Authorization": "Sanitized",
        "traceparent": "00-48434187f8b3984db6fb028b11fa61c6-f9ed779d625c6649-00",
        "User-Agent": [
          "azsdk-net-Storage.Files.DataLake/12.0.0-dev.20191105.1\u002B0af3cc8854657f33acad39a754fd8da107fa12ce",
          "(.NET Core 4.6.28008.01; Microsoft Windows 10.0.18363 )"
        ],
        "x-ms-client-request-id": "0f6a1b00-d477-640c-21db-349b520cafd0",
        "x-ms-date": "Wed, 06 Nov 2019 03:33:26 GMT",
        "x-ms-return-client-request-id": "true",
        "x-ms-version": "2019-02-02"
      },
      "RequestBody": null,
      "StatusCode": 201,
      "ResponseHeaders": {
        "Content-Length": "0",
        "Date": "Wed, 06 Nov 2019 03:33:26 GMT",
        "ETag": "\u00220x8D7626A159A0CE1\u0022",
        "Last-Modified": "Wed, 06 Nov 2019 03:33:26 GMT",
        "Server": [
          "Windows-Azure-HDFS/1.0",
          "Microsoft-HTTPAPI/2.0"
        ],
        "x-ms-client-request-id": "0f6a1b00-d477-640c-21db-349b520cafd0",
        "x-ms-request-id": "ab649e69-901f-0045-4052-94aabc000000",
        "x-ms-version": "2019-02-02"
      },
      "ResponseBody": []
    },
    {
      "RequestUri": "http://seannse.blob.core.windows.net/test-filesystem-ccd7f8b9-9020-aa41-3709-be332337cf14/test-file-21505bf8-2ad0-8392-6d9f-8e2441dd3f6f?comp=lease",
      "RequestMethod": "PUT",
      "RequestHeaders": {
        "Authorization": "Sanitized",
        "traceparent": "00-3c45c1ef9e6a9349abc4c342950198c9-69eea06d3e0c4043-00",
        "User-Agent": [
          "azsdk-net-Storage.Files.DataLake/12.0.0-dev.20191105.1\u002B0af3cc8854657f33acad39a754fd8da107fa12ce",
          "(.NET Core 4.6.28008.01; Microsoft Windows 10.0.18363 )"
        ],
        "x-ms-client-request-id": "f39ffd7c-832d-7314-c19f-8d4529680772",
        "x-ms-date": "Wed, 06 Nov 2019 03:33:26 GMT",
        "x-ms-lease-action": "acquire",
        "x-ms-lease-duration": "-1",
        "x-ms-proposed-lease-id": "69a4e944-8c42-cb5a-8232-aaa45caea69b",
        "x-ms-return-client-request-id": "true",
        "x-ms-version": "2019-02-02"
      },
      "RequestBody": null,
      "StatusCode": 201,
      "ResponseHeaders": {
        "Content-Length": "0",
        "Date": "Wed, 06 Nov 2019 03:33:25 GMT",
        "ETag": "\u00220x8D7626A159A0CE1\u0022",
        "Last-Modified": "Wed, 06 Nov 2019 03:33:26 GMT",
        "Server": [
          "Windows-Azure-Blob/1.0",
          "Microsoft-HTTPAPI/2.0"
        ],
        "x-ms-client-request-id": "f39ffd7c-832d-7314-c19f-8d4529680772",
        "x-ms-lease-id": "69a4e944-8c42-cb5a-8232-aaa45caea69b",
        "x-ms-request-id": "237f9254-e01e-005f-4452-94cb63000000",
        "x-ms-version": "2019-02-02"
      },
      "ResponseBody": []
    },
    {
      "RequestUri": "http://seannse.dfs.core.windows.net/test-filesystem-ccd7f8b9-9020-aa41-3709-be332337cf14/test-file-21505bf8-2ad0-8392-6d9f-8e2441dd3f6f?action=setAccessControl",
      "RequestMethod": "PATCH",
      "RequestHeaders": {
        "Authorization": "Sanitized",
        "User-Agent": [
          "azsdk-net-Storage.Files.DataLake/12.0.0-dev.20191105.1\u002B0af3cc8854657f33acad39a754fd8da107fa12ce",
          "(.NET Core 4.6.28008.01; Microsoft Windows 10.0.18363 )"
        ],
        "x-ms-acl": "user::rwx,group::rwx,other::rwx,mask::rwx",
        "x-ms-client-request-id": "5f273f66-b30e-2e6d-24b0-65d3a2b2146d",
        "x-ms-date": "Wed, 06 Nov 2019 03:33:26 GMT",
        "x-ms-lease-id": "69a4e944-8c42-cb5a-8232-aaa45caea69b",
        "x-ms-return-client-request-id": "true",
        "x-ms-version": "2019-02-02"
      },
      "RequestBody": null,
      "StatusCode": 200,
      "ResponseHeaders": {
        "Content-Length": "0",
        "Date": "Wed, 06 Nov 2019 03:33:26 GMT",
        "ETag": "\u00220x8D7626A159A0CE1\u0022",
        "Last-Modified": "Wed, 06 Nov 2019 03:33:26 GMT",
        "Server": [
          "Windows-Azure-HDFS/1.0",
          "Microsoft-HTTPAPI/2.0"
        ],
        "x-ms-client-request-id": "5f273f66-b30e-2e6d-24b0-65d3a2b2146d",
        "x-ms-namespace-enabled": "true",
        "x-ms-request-id": "ab649e6a-901f-0045-4152-94aabc000000",
        "x-ms-version": "2019-02-02"
      },
      "ResponseBody": []
    },
    {
      "RequestUri": "http://seannse.blob.core.windows.net/test-filesystem-ccd7f8b9-9020-aa41-3709-be332337cf14?restype=container",
      "RequestMethod": "DELETE",
      "RequestHeaders": {
        "Authorization": "Sanitized",
        "traceparent": "00-95fc5d2d17283e4ebc09a515fad7a0ec-72b21461920ac946-00",
        "User-Agent": [
          "azsdk-net-Storage.Files.DataLake/12.0.0-dev.20191105.1\u002B0af3cc8854657f33acad39a754fd8da107fa12ce",
          "(.NET Core 4.6.28008.01; Microsoft Windows 10.0.18363 )"
        ],
        "x-ms-client-request-id": "e9de48cb-a840-8163-2bba-f5372489713e",
        "x-ms-date": "Wed, 06 Nov 2019 03:33:26 GMT",
        "x-ms-return-client-request-id": "true",
        "x-ms-version": "2019-02-02"
      },
      "RequestBody": null,
      "StatusCode": 202,
      "ResponseHeaders": {
        "Content-Length": "0",
        "Date": "Wed, 06 Nov 2019 03:33:25 GMT",
        "Server": [
          "Windows-Azure-Blob/1.0",
          "Microsoft-HTTPAPI/2.0"
        ],
        "x-ms-client-request-id": "e9de48cb-a840-8163-2bba-f5372489713e",
        "x-ms-request-id": "237f9265-e01e-005f-5552-94cb63000000",
        "x-ms-version": "2019-02-02"
      },
      "ResponseBody": []
    }
  ],
  "Variables": {
    "DateTimeOffsetNow": "2019-11-05T19:33:25.8005609-08:00",
    "RandomSeed": "1696917354",
    "Storage_TestConfigHierarchicalNamespace": "NamespaceTenant\nseannse\nU2FuaXRpemVk\nhttp://seannse.blob.core.windows.net\nhttp://seannse.file.core.windows.net\nhttp://seannse.queue.core.windows.net\nhttp://seannse.table.core.windows.net\n\n\n\n\nhttp://seannse-secondary.blob.core.windows.net\nhttp://seannse-secondary.file.core.windows.net\nhttp://seannse-secondary.queue.core.windows.net\nhttp://seannse-secondary.table.core.windows.net\n68390a19-a643-458b-b726-408abf67b4fc\nSanitized\n72f988bf-86f1-41af-91ab-2d7cd011db47\nhttps://login.microsoftonline.com/\nCloud\nBlobEndpoint=http://seannse.blob.core.windows.net/;QueueEndpoint=http://seannse.queue.core.windows.net/;TableEndpoint=http://seannse.table.core.windows.net/;FileEndpoint=http://seannse.file.core.windows.net/;BlobSecondaryEndpoint=http://seannse-secondary.blob.core.windows.net/;QueueSecondaryEndpoint=http://seannse-secondary.queue.core.windows.net/;TableSecondaryEndpoint=http://seannse-secondary.table.core.windows.net/;FileSecondaryEndpoint=http://seannse-secondary.file.core.windows.net/;AccountName=seannse;AccountKey=Sanitized"
  }
}