{
  "Entries": [
    {
      "RequestUri": "https://seannse.blob.core.windows.net/test-filesystem-144a4d26-28e6-aa85-3bda-5ff37d63a4c8?restype=container",
      "RequestMethod": "PUT",
      "RequestHeaders": {
        "Authorization": "Sanitized",
        "traceparent": "00-7eb1813f05dc9e448f842e361242f3ce-8aee2ed196cca148-00",
        "User-Agent": [
          "azsdk-net-Storage.Files.DataLake/12.7.0-alpha.20210202.1",
          "(.NET 5.0.2; Microsoft Windows 10.0.19042)"
        ],
        "x-ms-blob-public-access": "container",
        "x-ms-client-request-id": "74115780-8afd-c4e5-cfc1-fa28ce82e03f",
        "x-ms-date": "Tue, 02 Feb 2021 21:40:28 GMT",
        "x-ms-return-client-request-id": "true",
        "x-ms-version": "2020-06-12"
      },
      "RequestBody": null,
      "StatusCode": 201,
      "ResponseHeaders": {
        "Content-Length": "0",
        "Date": "Tue, 02 Feb 2021 21:40:28 GMT",
        "ETag": "\u00220x8D8C7C328FC5D8C\u0022",
        "Last-Modified": "Tue, 02 Feb 2021 21:40:29 GMT",
        "Server": [
          "Windows-Azure-Blob/1.0",
          "Microsoft-HTTPAPI/2.0"
        ],
        "x-ms-client-request-id": "74115780-8afd-c4e5-cfc1-fa28ce82e03f",
        "x-ms-request-id": "eeacdcf2-e01e-0002-6cac-f9c1e7000000",
        "x-ms-version": "2020-06-12"
      },
      "ResponseBody": []
    },
    {
      "RequestUri": "https://seannse.dfs.core.windows.net/test-filesystem-144a4d26-28e6-aa85-3bda-5ff37d63a4c8/test-file-82c7f4c1-7a23-a49b-d057-7788fb83b233?resource=file",
      "RequestMethod": "PUT",
      "RequestHeaders": {
        "Accept": "application/json",
        "Authorization": "Sanitized",
        "traceparent": "00-0a986ca2356d3745823e6fabf0048341-60d91fd26628eb4e-00",
        "User-Agent": [
          "azsdk-net-Storage.Files.DataLake/12.7.0-alpha.20210202.1",
          "(.NET 5.0.2; Microsoft Windows 10.0.19042)"
        ],
        "x-ms-client-request-id": "0340ec7e-d940-06f3-bc6c-a3a5135dc84c",
        "x-ms-date": "Tue, 02 Feb 2021 21:40:28 GMT",
        "x-ms-return-client-request-id": "true",
        "x-ms-version": "2020-06-12"
      },
      "RequestBody": null,
      "StatusCode": 201,
      "ResponseHeaders": {
        "Content-Length": "0",
        "Date": "Tue, 02 Feb 2021 21:40:29 GMT",
        "ETag": "\u00220x8D8C7C32939D5B4\u0022",
        "Last-Modified": "Tue, 02 Feb 2021 21:40:29 GMT",
        "Server": [
          "Windows-Azure-HDFS/1.0",
          "Microsoft-HTTPAPI/2.0"
        ],
        "x-ms-client-request-id": "0340ec7e-d940-06f3-bc6c-a3a5135dc84c",
        "x-ms-request-id": "3dbd05d2-401f-0034-48ac-f94c97000000",
        "x-ms-version": "2020-06-12"
      },
      "ResponseBody": []
    },
    {
      "RequestUri": "https://seannse.blob.core.windows.net/test-filesystem-144a4d26-28e6-aa85-3bda-5ff37d63a4c8/test-file-82c7f4c1-7a23-a49b-d057-7788fb83b233?comp=metadata",
      "RequestMethod": "PUT",
      "RequestHeaders": {
        "Authorization": "Sanitized",
        "User-Agent": [
          "azsdk-net-Storage.Files.DataLake/12.7.0-alpha.20210202.1",
          "(.NET 5.0.2; Microsoft Windows 10.0.19042)"
        ],
        "x-ms-client-request-id": "0e095b34-ae42-a4f3-556c-69e58c263ab7",
        "x-ms-date": "Tue, 02 Feb 2021 21:40:29 GMT",
        "x-ms-meta-Capital": "letter",
        "x-ms-meta-foo": "bar",
        "x-ms-meta-meta": "data",
        "x-ms-meta-UPPER": "case",
        "x-ms-return-client-request-id": "true",
        "x-ms-version": "2020-06-12"
      },
      "RequestBody": null,
      "StatusCode": 200,
      "ResponseHeaders": {
        "Content-Length": "0",
        "Date": "Tue, 02 Feb 2021 21:40:29 GMT",
        "ETag": "\u00220x8D8C7C32947DF44\u0022",
        "Last-Modified": "Tue, 02 Feb 2021 21:40:29 GMT",
        "Server": [
          "Windows-Azure-Blob/1.0",
          "Microsoft-HTTPAPI/2.0"
        ],
        "x-ms-client-request-id": "0e095b34-ae42-a4f3-556c-69e58c263ab7",
        "x-ms-request-id": "eeacdded-e01e-0002-51ac-f9c1e7000000",
        "x-ms-request-server-encrypted": "true",
        "x-ms-version": "2020-06-12"
      },
      "ResponseBody": []
    },
    {
      "RequestUri": "https://seannse.blob.core.windows.net/test-filesystem-144a4d26-28e6-aa85-3bda-5ff37d63a4c8?restype=container",
      "RequestMethod": "DELETE",
      "RequestHeaders": {
        "Authorization": "Sanitized",
        "traceparent": "00-335d541a4030df45895736864c3fa218-27a8b368c012654b-00",
        "User-Agent": [
          "azsdk-net-Storage.Files.DataLake/12.7.0-alpha.20210202.1",
          "(.NET 5.0.2; Microsoft Windows 10.0.19042)"
        ],
        "x-ms-client-request-id": "b771284e-b953-6009-d305-30a351090503",
        "x-ms-date": "Tue, 02 Feb 2021 21:40:29 GMT",
        "x-ms-return-client-request-id": "true",
        "x-ms-version": "2020-06-12"
      },
      "RequestBody": null,
      "StatusCode": 202,
      "ResponseHeaders": {
        "Content-Length": "0",
        "Date": "Tue, 02 Feb 2021 21:40:29 GMT",
        "Server": [
          "Windows-Azure-Blob/1.0",
          "Microsoft-HTTPAPI/2.0"
        ],
        "x-ms-client-request-id": "b771284e-b953-6009-d305-30a351090503",
        "x-ms-request-id": "eeacde27-e01e-0002-06ac-f9c1e7000000",
        "x-ms-version": "2020-06-12"
      },
      "ResponseBody": []
    },
    {
      "RequestUri": "https://seannse.blob.core.windows.net/test-filesystem-4579b53e-5dc0-96d0-4f45-1093d42c38cd?restype=container",
      "RequestMethod": "PUT",
      "RequestHeaders": {
        "Authorization": "Sanitized",
        "traceparent": "00-c0906a9e1189704bbf32fb70fbbcc6ef-95cd3e4e5c0a7241-00",
        "User-Agent": [
          "azsdk-net-Storage.Files.DataLake/12.7.0-alpha.20210202.1",
          "(.NET 5.0.2; Microsoft Windows 10.0.19042)"
        ],
        "x-ms-blob-public-access": "container",
        "x-ms-client-request-id": "b688d7a9-870f-f1d5-58da-670ea9768ba6",
        "x-ms-date": "Tue, 02 Feb 2021 21:40:29 GMT",
        "x-ms-return-client-request-id": "true",
        "x-ms-version": "2020-06-12"
      },
      "RequestBody": null,
      "StatusCode": 201,
      "ResponseHeaders": {
        "Content-Length": "0",
        "Date": "Tue, 02 Feb 2021 21:40:29 GMT",
        "ETag": "\u00220x8D8C7C32992D60F\u0022",
        "Last-Modified": "Tue, 02 Feb 2021 21:40:30 GMT",
        "Server": [
          "Windows-Azure-Blob/1.0",
          "Microsoft-HTTPAPI/2.0"
        ],
        "x-ms-client-request-id": "b688d7a9-870f-f1d5-58da-670ea9768ba6",
        "x-ms-request-id": "2ce45f55-901e-006a-5aac-f9a777000000",
        "x-ms-version": "2020-06-12"
      },
      "ResponseBody": []
    },
    {
      "RequestUri": "https://seannse.dfs.core.windows.net/test-filesystem-4579b53e-5dc0-96d0-4f45-1093d42c38cd/test-file-7e0363cc-a172-bb4d-5142-5bba712b29e6?resource=file",
      "RequestMethod": "PUT",
      "RequestHeaders": {
        "Accept": "application/json",
        "Authorization": "Sanitized",
        "traceparent": "00-3eb232c5f57030459ea1a0f264be5e70-d4f4b4af366bfe49-00",
        "User-Agent": [
          "azsdk-net-Storage.Files.DataLake/12.7.0-alpha.20210202.1",
          "(.NET 5.0.2; Microsoft Windows 10.0.19042)"
        ],
        "x-ms-client-request-id": "09d84579-f465-0882-89cc-64cd2b1b802d",
        "x-ms-date": "Tue, 02 Feb 2021 21:40:29 GMT",
        "x-ms-return-client-request-id": "true",
        "x-ms-version": "2020-06-12"
      },
      "RequestBody": null,
      "StatusCode": 201,
      "ResponseHeaders": {
        "Content-Length": "0",
        "Date": "Tue, 02 Feb 2021 21:40:30 GMT",
        "ETag": "\u00220x8D8C7C329CC9F58\u0022",
        "Last-Modified": "Tue, 02 Feb 2021 21:40:30 GMT",
        "Server": [
          "Windows-Azure-HDFS/1.0",
          "Microsoft-HTTPAPI/2.0"
        ],
        "x-ms-client-request-id": "09d84579-f465-0882-89cc-64cd2b1b802d",
        "x-ms-request-id": "a35a2361-901f-0008-35ac-f96550000000",
        "x-ms-version": "2020-06-12"
      },
      "ResponseBody": []
    },
    {
      "RequestUri": "https://seannse.blob.core.windows.net/test-filesystem-4579b53e-5dc0-96d0-4f45-1093d42c38cd/test-file-7e0363cc-a172-bb4d-5142-5bba712b29e6?comp=metadata",
      "RequestMethod": "PUT",
      "RequestHeaders": {
        "Authorization": "Sanitized",
        "If-Modified-Since": "Mon, 01 Feb 2021 21:40:28 GMT",
        "User-Agent": [
          "azsdk-net-Storage.Files.DataLake/12.7.0-alpha.20210202.1",
          "(.NET 5.0.2; Microsoft Windows 10.0.19042)"
        ],
        "x-ms-client-request-id": "2b41e8b4-1f52-de81-97e1-73d71cefece1",
        "x-ms-date": "Tue, 02 Feb 2021 21:40:30 GMT",
        "x-ms-meta-Capital": "letter",
        "x-ms-meta-foo": "bar",
        "x-ms-meta-meta": "data",
        "x-ms-meta-UPPER": "case",
        "x-ms-return-client-request-id": "true",
        "x-ms-version": "2020-06-12"
      },
      "RequestBody": null,
      "StatusCode": 200,
      "ResponseHeaders": {
        "Content-Length": "0",
        "Date": "Tue, 02 Feb 2021 21:40:29 GMT",
        "ETag": "\u00220x8D8C7C329DA9390\u0022",
        "Last-Modified": "Tue, 02 Feb 2021 21:40:30 GMT",
        "Server": [
          "Windows-Azure-Blob/1.0",
          "Microsoft-HTTPAPI/2.0"
        ],
        "x-ms-client-request-id": "2b41e8b4-1f52-de81-97e1-73d71cefece1",
        "x-ms-request-id": "2ce461ce-901e-006a-32ac-f9a777000000",
        "x-ms-request-server-encrypted": "true",
        "x-ms-version": "2020-06-12"
      },
      "ResponseBody": []
    },
    {
      "RequestUri": "https://seannse.blob.core.windows.net/test-filesystem-4579b53e-5dc0-96d0-4f45-1093d42c38cd?restype=container",
      "RequestMethod": "DELETE",
      "RequestHeaders": {
        "Authorization": "Sanitized",
        "traceparent": "00-e749426d0fe0fd4b9a59612f5ba5230c-c936d441c2cd7446-00",
        "User-Agent": [
          "azsdk-net-Storage.Files.DataLake/12.7.0-alpha.20210202.1",
          "(.NET 5.0.2; Microsoft Windows 10.0.19042)"
        ],
        "x-ms-client-request-id": "4319682d-54d9-90da-005d-f7ac1b2b2eb6",
        "x-ms-date": "Tue, 02 Feb 2021 21:40:30 GMT",
        "x-ms-return-client-request-id": "true",
        "x-ms-version": "2020-06-12"
      },
      "RequestBody": null,
      "StatusCode": 202,
      "ResponseHeaders": {
        "Content-Length": "0",
        "Date": "Tue, 02 Feb 2021 21:40:29 GMT",
        "Server": [
          "Windows-Azure-Blob/1.0",
          "Microsoft-HTTPAPI/2.0"
        ],
        "x-ms-client-request-id": "4319682d-54d9-90da-005d-f7ac1b2b2eb6",
        "x-ms-request-id": "2ce4623f-901e-006a-20ac-f9a777000000",
        "x-ms-version": "2020-06-12"
      },
      "ResponseBody": []
    },
    {
      "RequestUri": "https://seannse.blob.core.windows.net/test-filesystem-b8a89fff-0448-b5e2-0256-e8c5bb076ae2?restype=container",
      "RequestMethod": "PUT",
      "RequestHeaders": {
        "Authorization": "Sanitized",
        "traceparent": "00-09dd2de976e62b4ebc09ef383cdf9c53-df76a6365609644a-00",
        "User-Agent": [
          "azsdk-net-Storage.Files.DataLake/12.7.0-alpha.20210202.1",
          "(.NET 5.0.2; Microsoft Windows 10.0.19042)"
        ],
        "x-ms-blob-public-access": "container",
        "x-ms-client-request-id": "d47aad5e-b90c-28cd-8563-41836c15d5f8",
        "x-ms-date": "Tue, 02 Feb 2021 21:40:30 GMT",
        "x-ms-return-client-request-id": "true",
        "x-ms-version": "2020-06-12"
      },
      "RequestBody": null,
      "StatusCode": 201,
      "ResponseHeaders": {
        "Content-Length": "0",
        "Date": "Tue, 02 Feb 2021 21:40:30 GMT",
        "ETag": "\u00220x8D8C7C32A201B01\u0022",
        "Last-Modified": "Tue, 02 Feb 2021 21:40:31 GMT",
        "Server": [
          "Windows-Azure-Blob/1.0",
          "Microsoft-HTTPAPI/2.0"
        ],
        "x-ms-client-request-id": "d47aad5e-b90c-28cd-8563-41836c15d5f8",
        "x-ms-request-id": "9618ee3e-a01e-003c-70ac-f95698000000",
        "x-ms-version": "2020-06-12"
      },
      "ResponseBody": []
    },
    {
      "RequestUri": "https://seannse.dfs.core.windows.net/test-filesystem-b8a89fff-0448-b5e2-0256-e8c5bb076ae2/test-file-bd3c14f3-7a81-56df-97d8-b4af6a26aec8?resource=file",
      "RequestMethod": "PUT",
      "RequestHeaders": {
        "Accept": "application/json",
        "Authorization": "Sanitized",
        "traceparent": "00-7e1e962e53a71d46840e5daaf687db27-560723a4d951584f-00",
        "User-Agent": [
          "azsdk-net-Storage.Files.DataLake/12.7.0-alpha.20210202.1",
          "(.NET 5.0.2; Microsoft Windows 10.0.19042)"
        ],
        "x-ms-client-request-id": "f3c9a1c4-11fd-e396-ce23-3c33051ebd5f",
        "x-ms-date": "Tue, 02 Feb 2021 21:40:30 GMT",
        "x-ms-return-client-request-id": "true",
        "x-ms-version": "2020-06-12"
      },
      "RequestBody": null,
      "StatusCode": 201,
      "ResponseHeaders": {
        "Content-Length": "0",
        "Date": "Tue, 02 Feb 2021 21:40:31 GMT",
        "ETag": "\u00220x8D8C7C32A5813F7\u0022",
        "Last-Modified": "Tue, 02 Feb 2021 21:40:31 GMT",
        "Server": [
          "Windows-Azure-HDFS/1.0",
          "Microsoft-HTTPAPI/2.0"
        ],
        "x-ms-client-request-id": "f3c9a1c4-11fd-e396-ce23-3c33051ebd5f",
        "x-ms-request-id": "849ed7e6-f01f-001e-80ac-f99387000000",
        "x-ms-version": "2020-06-12"
      },
      "ResponseBody": []
    },
    {
      "RequestUri": "https://seannse.blob.core.windows.net/test-filesystem-b8a89fff-0448-b5e2-0256-e8c5bb076ae2/test-file-bd3c14f3-7a81-56df-97d8-b4af6a26aec8?comp=metadata",
      "RequestMethod": "PUT",
      "RequestHeaders": {
        "Authorization": "Sanitized",
        "If-Unmodified-Since": "Wed, 03 Feb 2021 21:40:28 GMT",
        "User-Agent": [
          "azsdk-net-Storage.Files.DataLake/12.7.0-alpha.20210202.1",
          "(.NET 5.0.2; Microsoft Windows 10.0.19042)"
        ],
        "x-ms-client-request-id": "c8ebc573-bb5d-74ca-3983-3f695aa2b071",
        "x-ms-date": "Tue, 02 Feb 2021 21:40:31 GMT",
        "x-ms-meta-Capital": "letter",
        "x-ms-meta-foo": "bar",
        "x-ms-meta-meta": "data",
        "x-ms-meta-UPPER": "case",
        "x-ms-return-client-request-id": "true",
        "x-ms-version": "2020-06-12"
      },
      "RequestBody": null,
      "StatusCode": 200,
      "ResponseHeaders": {
        "Content-Length": "0",
        "Date": "Tue, 02 Feb 2021 21:40:30 GMT",
        "ETag": "\u00220x8D8C7C32A64D0B6\u0022",
        "Last-Modified": "Tue, 02 Feb 2021 21:40:31 GMT",
        "Server": [
          "Windows-Azure-Blob/1.0",
          "Microsoft-HTTPAPI/2.0"
        ],
        "x-ms-client-request-id": "c8ebc573-bb5d-74ca-3983-3f695aa2b071",
        "x-ms-request-id": "9618eea7-a01e-003c-45ac-f95698000000",
        "x-ms-request-server-encrypted": "true",
        "x-ms-version": "2020-06-12"
      },
      "ResponseBody": []
    },
    {
      "RequestUri": "https://seannse.blob.core.windows.net/test-filesystem-b8a89fff-0448-b5e2-0256-e8c5bb076ae2?restype=container",
      "RequestMethod": "DELETE",
      "RequestHeaders": {
        "Authorization": "Sanitized",
        "traceparent": "00-1414feee15ba5746802a93132f520cd7-00a91bd9d1423c4b-00",
        "User-Agent": [
          "azsdk-net-Storage.Files.DataLake/12.7.0-alpha.20210202.1",
          "(.NET 5.0.2; Microsoft Windows 10.0.19042)"
        ],
        "x-ms-client-request-id": "3fbf2935-f432-fa02-ae88-612a8701029b",
        "x-ms-date": "Tue, 02 Feb 2021 21:40:31 GMT",
        "x-ms-return-client-request-id": "true",
        "x-ms-version": "2020-06-12"
      },
      "RequestBody": null,
      "StatusCode": 202,
      "ResponseHeaders": {
        "Content-Length": "0",
        "Date": "Tue, 02 Feb 2021 21:40:31 GMT",
        "Server": [
          "Windows-Azure-Blob/1.0",
          "Microsoft-HTTPAPI/2.0"
        ],
        "x-ms-client-request-id": "3fbf2935-f432-fa02-ae88-612a8701029b",
        "x-ms-request-id": "9618eec6-a01e-003c-5fac-f95698000000",
        "x-ms-version": "2020-06-12"
      },
      "ResponseBody": []
    },
    {
      "RequestUri": "https://seannse.blob.core.windows.net/test-filesystem-7d3bbcd5-ffae-ab8b-85ee-92f0065390a2?restype=container",
      "RequestMethod": "PUT",
      "RequestHeaders": {
        "Authorization": "Sanitized",
        "traceparent": "00-4e32498ddcc56044aadb41b8a248cf5a-a001a1d4b1436848-00",
        "User-Agent": [
          "azsdk-net-Storage.Files.DataLake/12.7.0-alpha.20210202.1",
          "(.NET 5.0.2; Microsoft Windows 10.0.19042)"
        ],
        "x-ms-blob-public-access": "container",
        "x-ms-client-request-id": "27a1196a-195b-36b3-9d14-ba446212f35b",
        "x-ms-date": "Tue, 02 Feb 2021 21:40:31 GMT",
        "x-ms-return-client-request-id": "true",
        "x-ms-version": "2020-06-12"
      },
      "RequestBody": null,
      "StatusCode": 201,
      "ResponseHeaders": {
        "Content-Length": "0",
        "Date": "Tue, 02 Feb 2021 21:40:31 GMT",
        "ETag": "\u00220x8D8C7C32AB2187D\u0022",
        "Last-Modified": "Tue, 02 Feb 2021 21:40:32 GMT",
        "Server": [
          "Windows-Azure-Blob/1.0",
          "Microsoft-HTTPAPI/2.0"
        ],
        "x-ms-client-request-id": "27a1196a-195b-36b3-9d14-ba446212f35b",
        "x-ms-request-id": "a3d8cc47-d01e-0054-1cac-f93008000000",
        "x-ms-version": "2020-06-12"
      },
      "ResponseBody": []
    },
    {
      "RequestUri": "https://seannse.dfs.core.windows.net/test-filesystem-7d3bbcd5-ffae-ab8b-85ee-92f0065390a2/test-file-a83ebef7-d1cd-64b8-7d6c-b0eabf8c436f?resource=file",
      "RequestMethod": "PUT",
      "RequestHeaders": {
        "Accept": "application/json",
        "Authorization": "Sanitized",
        "traceparent": "00-c43e53ab02e6b84e9531e0f761dc2579-7e450781c5e82c46-00",
        "User-Agent": [
          "azsdk-net-Storage.Files.DataLake/12.7.0-alpha.20210202.1",
          "(.NET 5.0.2; Microsoft Windows 10.0.19042)"
        ],
        "x-ms-client-request-id": "a808e4cf-cdd6-9868-603d-a9ef69c87610",
        "x-ms-date": "Tue, 02 Feb 2021 21:40:31 GMT",
        "x-ms-return-client-request-id": "true",
        "x-ms-version": "2020-06-12"
      },
      "RequestBody": null,
      "StatusCode": 201,
      "ResponseHeaders": {
        "Content-Length": "0",
        "Date": "Tue, 02 Feb 2021 21:40:32 GMT",
        "ETag": "\u00220x8D8C7C32AEFCC92\u0022",
        "Last-Modified": "Tue, 02 Feb 2021 21:40:32 GMT",
        "Server": [
          "Windows-Azure-HDFS/1.0",
          "Microsoft-HTTPAPI/2.0"
        ],
        "x-ms-client-request-id": "a808e4cf-cdd6-9868-603d-a9ef69c87610",
        "x-ms-request-id": "a8d95742-601f-007e-02ac-f9ef18000000",
        "x-ms-version": "2020-06-12"
      },
      "ResponseBody": []
    },
    {
      "RequestUri": "https://seannse.blob.core.windows.net/test-filesystem-7d3bbcd5-ffae-ab8b-85ee-92f0065390a2/test-file-a83ebef7-d1cd-64b8-7d6c-b0eabf8c436f",
      "RequestMethod": "HEAD",
      "RequestHeaders": {
        "Authorization": "Sanitized",
        "User-Agent": [
          "azsdk-net-Storage.Files.DataLake/12.7.0-alpha.20210202.1",
          "(.NET 5.0.2; Microsoft Windows 10.0.19042)"
        ],
        "x-ms-client-request-id": "db1bf6ff-9b84-ab98-f4ed-8c74bf576862",
        "x-ms-date": "Tue, 02 Feb 2021 21:40:32 GMT",
        "x-ms-return-client-request-id": "true",
        "x-ms-version": "2020-06-12"
      },
      "RequestBody": null,
      "StatusCode": 200,
      "ResponseHeaders": {
        "Accept-Ranges": "bytes",
        "Content-Length": "0",
        "Content-Type": "application/octet-stream",
        "Date": "Tue, 02 Feb 2021 21:40:32 GMT",
        "ETag": "\u00220x8D8C7C32AEFCC92\u0022",
        "Last-Modified": "Tue, 02 Feb 2021 21:40:32 GMT",
        "Server": [
          "Windows-Azure-Blob/1.0",
          "Microsoft-HTTPAPI/2.0"
        ],
        "x-ms-access-tier": "Hot",
        "x-ms-access-tier-inferred": "true",
        "x-ms-blob-type": "BlockBlob",
        "x-ms-client-request-id": "db1bf6ff-9b84-ab98-f4ed-8c74bf576862",
        "x-ms-creation-time": "Tue, 02 Feb 2021 21:40:32 GMT",
        "x-ms-group": "$superuser",
        "x-ms-lease-state": "available",
        "x-ms-lease-status": "unlocked",
        "x-ms-owner": "$superuser",
        "x-ms-permissions": "rw-r-----",
        "x-ms-request-id": "a3d8cdec-d01e-0054-22ac-f93008000000",
        "x-ms-server-encrypted": "true",
        "x-ms-version": "2020-06-12"
      },
      "ResponseBody": []
    },
    {
      "RequestUri": "https://seannse.blob.core.windows.net/test-filesystem-7d3bbcd5-ffae-ab8b-85ee-92f0065390a2/test-file-a83ebef7-d1cd-64b8-7d6c-b0eabf8c436f?comp=metadata",
      "RequestMethod": "PUT",
      "RequestHeaders": {
        "Authorization": "Sanitized",
        "If-Match": "\u00220x8D8C7C32AEFCC92\u0022",
        "User-Agent": [
          "azsdk-net-Storage.Files.DataLake/12.7.0-alpha.20210202.1",
          "(.NET 5.0.2; Microsoft Windows 10.0.19042)"
        ],
        "x-ms-client-request-id": "72ef278f-9bad-358b-b220-119e7a35ce20",
        "x-ms-date": "Tue, 02 Feb 2021 21:40:32 GMT",
        "x-ms-meta-Capital": "letter",
        "x-ms-meta-foo": "bar",
        "x-ms-meta-meta": "data",
        "x-ms-meta-UPPER": "case",
        "x-ms-return-client-request-id": "true",
        "x-ms-version": "2020-06-12"
      },
      "RequestBody": null,
      "StatusCode": 200,
      "ResponseHeaders": {
        "Content-Length": "0",
        "Date": "Tue, 02 Feb 2021 21:40:32 GMT",
        "ETag": "\u00220x8D8C7C32B0E4F5B\u0022",
        "Last-Modified": "Tue, 02 Feb 2021 21:40:32 GMT",
        "Server": [
          "Windows-Azure-Blob/1.0",
          "Microsoft-HTTPAPI/2.0"
        ],
        "x-ms-client-request-id": "72ef278f-9bad-358b-b220-119e7a35ce20",
        "x-ms-request-id": "a3d8ce3d-d01e-0054-6cac-f93008000000",
        "x-ms-request-server-encrypted": "true",
        "x-ms-version": "2020-06-12"
      },
      "ResponseBody": []
    },
    {
      "RequestUri": "https://seannse.blob.core.windows.net/test-filesystem-7d3bbcd5-ffae-ab8b-85ee-92f0065390a2?restype=container",
      "RequestMethod": "DELETE",
      "RequestHeaders": {
        "Authorization": "Sanitized",
        "traceparent": "00-a97d826aaf783b499669b9703e98a665-3d32f2b7a79a2a4a-00",
        "User-Agent": [
          "azsdk-net-Storage.Files.DataLake/12.7.0-alpha.20210202.1",
          "(.NET 5.0.2; Microsoft Windows 10.0.19042)"
        ],
        "x-ms-client-request-id": "98e51692-f667-ebb5-f7c7-b90d548f4d04",
        "x-ms-date": "Tue, 02 Feb 2021 21:40:32 GMT",
        "x-ms-return-client-request-id": "true",
        "x-ms-version": "2020-06-12"
      },
      "RequestBody": null,
      "StatusCode": 202,
      "ResponseHeaders": {
        "Content-Length": "0",
        "Date": "Tue, 02 Feb 2021 21:40:32 GMT",
        "Server": [
          "Windows-Azure-Blob/1.0",
          "Microsoft-HTTPAPI/2.0"
        ],
        "x-ms-client-request-id": "98e51692-f667-ebb5-f7c7-b90d548f4d04",
        "x-ms-request-id": "a3d8ce9b-d01e-0054-45ac-f93008000000",
        "x-ms-version": "2020-06-12"
      },
      "ResponseBody": []
    },
    {
      "RequestUri": "https://seannse.blob.core.windows.net/test-filesystem-346610ac-a14f-4c87-d255-ab5afa82cb83?restype=container",
      "RequestMethod": "PUT",
      "RequestHeaders": {
        "Authorization": "Sanitized",
        "traceparent": "00-0974a9a71655954e9bb2601dbae3283c-724391d346b8674b-00",
        "User-Agent": [
          "azsdk-net-Storage.Files.DataLake/12.7.0-alpha.20210202.1",
          "(.NET 5.0.2; Microsoft Windows 10.0.19042)"
        ],
        "x-ms-blob-public-access": "container",
        "x-ms-client-request-id": "5a5d9c04-28c8-f00c-8e99-c5114a5bf175",
        "x-ms-date": "Tue, 02 Feb 2021 21:40:32 GMT",
        "x-ms-return-client-request-id": "true",
        "x-ms-version": "2020-06-12"
      },
      "RequestBody": null,
      "StatusCode": 201,
      "ResponseHeaders": {
        "Content-Length": "0",
        "Date": "Tue, 02 Feb 2021 21:40:32 GMT",
        "ETag": "\u00220x8D8C7C32B4F5310\u0022",
        "Last-Modified": "Tue, 02 Feb 2021 21:40:33 GMT",
        "Server": [
          "Windows-Azure-Blob/1.0",
          "Microsoft-HTTPAPI/2.0"
        ],
        "x-ms-client-request-id": "5a5d9c04-28c8-f00c-8e99-c5114a5bf175",
        "x-ms-request-id": "b7dacc86-501e-0091-77ac-f91aed000000",
        "x-ms-version": "2020-06-12"
      },
      "ResponseBody": []
    },
    {
      "RequestUri": "https://seannse.dfs.core.windows.net/test-filesystem-346610ac-a14f-4c87-d255-ab5afa82cb83/test-file-9f4835fb-e983-76b4-5758-cef2df60c38c?resource=file",
      "RequestMethod": "PUT",
      "RequestHeaders": {
        "Accept": "application/json",
        "Authorization": "Sanitized",
        "traceparent": "00-a23506ef77d16a46b86b25570ef258fc-a1bc32d03dcc4147-00",
        "User-Agent": [
          "azsdk-net-Storage.Files.DataLake/12.7.0-alpha.20210202.1",
          "(.NET 5.0.2; Microsoft Windows 10.0.19042)"
        ],
        "x-ms-client-request-id": "532b4c6b-a6fd-1bb4-e7e6-036f591a112e",
        "x-ms-date": "Tue, 02 Feb 2021 21:40:32 GMT",
        "x-ms-return-client-request-id": "true",
        "x-ms-version": "2020-06-12"
      },
      "RequestBody": null,
      "StatusCode": 201,
      "ResponseHeaders": {
        "Content-Length": "0",
        "Date": "Tue, 02 Feb 2021 21:40:32 GMT",
        "ETag": "\u00220x8D8C7C32B884E93\u0022",
        "Last-Modified": "Tue, 02 Feb 2021 21:40:33 GMT",
        "Server": [
          "Windows-Azure-HDFS/1.0",
          "Microsoft-HTTPAPI/2.0"
        ],
        "x-ms-client-request-id": "532b4c6b-a6fd-1bb4-e7e6-036f591a112e",
        "x-ms-request-id": "51095430-801f-0066-4cac-f9307f000000",
        "x-ms-version": "2020-06-12"
      },
      "ResponseBody": []
    },
    {
      "RequestUri": "https://seannse.blob.core.windows.net/test-filesystem-346610ac-a14f-4c87-d255-ab5afa82cb83/test-file-9f4835fb-e983-76b4-5758-cef2df60c38c?comp=metadata",
      "RequestMethod": "PUT",
      "RequestHeaders": {
        "Authorization": "Sanitized",
        "If-None-Match": "\u0022garbage\u0022",
        "User-Agent": [
          "azsdk-net-Storage.Files.DataLake/12.7.0-alpha.20210202.1",
          "(.NET 5.0.2; Microsoft Windows 10.0.19042)"
        ],
        "x-ms-client-request-id": "9286c495-6f35-6a8e-be3a-763e6d4b438e",
        "x-ms-date": "Tue, 02 Feb 2021 21:40:33 GMT",
        "x-ms-meta-Capital": "letter",
        "x-ms-meta-foo": "bar",
        "x-ms-meta-meta": "data",
        "x-ms-meta-UPPER": "case",
        "x-ms-return-client-request-id": "true",
        "x-ms-version": "2020-06-12"
      },
      "RequestBody": null,
      "StatusCode": 200,
      "ResponseHeaders": {
        "Content-Length": "0",
        "Date": "Tue, 02 Feb 2021 21:40:33 GMT",
        "ETag": "\u00220x8D8C7C32B962854\u0022",
        "Last-Modified": "Tue, 02 Feb 2021 21:40:33 GMT",
        "Server": [
          "Windows-Azure-Blob/1.0",
          "Microsoft-HTTPAPI/2.0"
        ],
        "x-ms-client-request-id": "9286c495-6f35-6a8e-be3a-763e6d4b438e",
        "x-ms-request-id": "b7dace34-501e-0091-03ac-f91aed000000",
        "x-ms-request-server-encrypted": "true",
        "x-ms-version": "2020-06-12"
      },
      "ResponseBody": []
    },
    {
      "RequestUri": "https://seannse.blob.core.windows.net/test-filesystem-346610ac-a14f-4c87-d255-ab5afa82cb83?restype=container",
      "RequestMethod": "DELETE",
      "RequestHeaders": {
        "Authorization": "Sanitized",
        "traceparent": "00-44a7041283147746bb32665fa780e633-a8de5c58bb5c964e-00",
        "User-Agent": [
          "azsdk-net-Storage.Files.DataLake/12.7.0-alpha.20210202.1",
          "(.NET 5.0.2; Microsoft Windows 10.0.19042)"
        ],
        "x-ms-client-request-id": "94da53df-7f93-66f9-ab96-19ca1d121e2f",
        "x-ms-date": "Tue, 02 Feb 2021 21:40:33 GMT",
        "x-ms-return-client-request-id": "true",
        "x-ms-version": "2020-06-12"
      },
      "RequestBody": null,
      "StatusCode": 202,
      "ResponseHeaders": {
        "Content-Length": "0",
        "Date": "Tue, 02 Feb 2021 21:40:33 GMT",
        "Server": [
          "Windows-Azure-Blob/1.0",
          "Microsoft-HTTPAPI/2.0"
        ],
        "x-ms-client-request-id": "94da53df-7f93-66f9-ab96-19ca1d121e2f",
        "x-ms-request-id": "b7dace79-501e-0091-43ac-f91aed000000",
        "x-ms-version": "2020-06-12"
      },
      "ResponseBody": []
    },
    {
      "RequestUri": "https://seannse.blob.core.windows.net/test-filesystem-6c5c6868-d01d-aa09-bfaf-9695953cbb70?restype=container",
      "RequestMethod": "PUT",
      "RequestHeaders": {
        "Authorization": "Sanitized",
        "traceparent": "00-b59470b9d64f0c45a945bafc6b4af6c9-b8b9d9393ef64244-00",
        "User-Agent": [
          "azsdk-net-Storage.Files.DataLake/12.7.0-alpha.20210202.1",
          "(.NET 5.0.2; Microsoft Windows 10.0.19042)"
        ],
        "x-ms-blob-public-access": "container",
        "x-ms-client-request-id": "47e9aa81-9af1-0ecc-4a2f-d4e4e863d16f",
        "x-ms-date": "Tue, 02 Feb 2021 21:40:33 GMT",
        "x-ms-return-client-request-id": "true",
        "x-ms-version": "2020-06-12"
      },
      "RequestBody": null,
      "StatusCode": 201,
      "ResponseHeaders": {
        "Content-Length": "0",
        "Date": "Tue, 02 Feb 2021 21:40:33 GMT",
        "ETag": "\u00220x8D8C7C32BDA08C5\u0022",
        "Last-Modified": "Tue, 02 Feb 2021 21:40:34 GMT",
        "Server": [
          "Windows-Azure-Blob/1.0",
          "Microsoft-HTTPAPI/2.0"
        ],
        "x-ms-client-request-id": "47e9aa81-9af1-0ecc-4a2f-d4e4e863d16f",
        "x-ms-request-id": "372c692c-d01e-0026-2aac-f93747000000",
        "x-ms-version": "2020-06-12"
      },
      "ResponseBody": []
    },
    {
      "RequestUri": "https://seannse.dfs.core.windows.net/test-filesystem-6c5c6868-d01d-aa09-bfaf-9695953cbb70/test-file-9197a9da-04b4-b9be-6dd1-bea345f8d885?resource=file",
      "RequestMethod": "PUT",
      "RequestHeaders": {
        "Accept": "application/json",
        "Authorization": "Sanitized",
        "traceparent": "00-e6bcad5286db5f45a4cd23b1a00035aa-7c927f8f8d383d48-00",
        "User-Agent": [
          "azsdk-net-Storage.Files.DataLake/12.7.0-alpha.20210202.1",
          "(.NET 5.0.2; Microsoft Windows 10.0.19042)"
        ],
        "x-ms-client-request-id": "28351ba8-28a2-7d34-ec30-da1fdc29c951",
        "x-ms-date": "Tue, 02 Feb 2021 21:40:33 GMT",
        "x-ms-return-client-request-id": "true",
        "x-ms-version": "2020-06-12"
      },
      "RequestBody": null,
      "StatusCode": 201,
      "ResponseHeaders": {
        "Content-Length": "0",
        "Date": "Tue, 02 Feb 2021 21:40:33 GMT",
        "ETag": "\u00220x8D8C7C32C16BDD5\u0022",
        "Last-Modified": "Tue, 02 Feb 2021 21:40:34 GMT",
        "Server": [
          "Windows-Azure-HDFS/1.0",
          "Microsoft-HTTPAPI/2.0"
        ],
        "x-ms-client-request-id": "28351ba8-28a2-7d34-ec30-da1fdc29c951",
        "x-ms-request-id": "99dce73c-701f-004d-7bac-f9b0b3000000",
        "x-ms-version": "2020-06-12"
      },
      "ResponseBody": []
    },
    {
      "RequestUri": "https://seannse.blob.core.windows.net/test-filesystem-6c5c6868-d01d-aa09-bfaf-9695953cbb70/test-file-9197a9da-04b4-b9be-6dd1-bea345f8d885?comp=lease",
      "RequestMethod": "PUT",
      "RequestHeaders": {
        "Authorization": "Sanitized",
        "traceparent": "00-5eaa9435999cde47ab30b66bca3766d3-215cca9b70cbe945-00",
        "User-Agent": [
          "azsdk-net-Storage.Files.DataLake/12.7.0-alpha.20210202.1",
          "(.NET 5.0.2; Microsoft Windows 10.0.19042)"
        ],
        "x-ms-client-request-id": "8be97d86-6727-c2fa-ffce-fea257d0476f",
        "x-ms-date": "Tue, 02 Feb 2021 21:40:33 GMT",
        "x-ms-lease-action": "acquire",
        "x-ms-lease-duration": "-1",
        "x-ms-proposed-lease-id": "3aef4f57-e64f-671c-29ff-d164357dde56",
        "x-ms-return-client-request-id": "true",
        "x-ms-version": "2020-06-12"
      },
      "RequestBody": null,
      "StatusCode": 201,
      "ResponseHeaders": {
        "Content-Length": "0",
        "Date": "Tue, 02 Feb 2021 21:40:34 GMT",
        "ETag": "\u00220x8D8C7C32C16BDD5\u0022",
        "Last-Modified": "Tue, 02 Feb 2021 21:40:34 GMT",
        "Server": [
          "Windows-Azure-Blob/1.0",
          "Microsoft-HTTPAPI/2.0"
        ],
        "x-ms-client-request-id": "8be97d86-6727-c2fa-ffce-fea257d0476f",
        "x-ms-lease-id": "3aef4f57-e64f-671c-29ff-d164357dde56",
        "x-ms-request-id": "372c699f-d01e-0026-0cac-f93747000000",
        "x-ms-version": "2020-06-12"
      },
      "ResponseBody": []
    },
    {
      "RequestUri": "https://seannse.blob.core.windows.net/test-filesystem-6c5c6868-d01d-aa09-bfaf-9695953cbb70/test-file-9197a9da-04b4-b9be-6dd1-bea345f8d885?comp=metadata",
      "RequestMethod": "PUT",
      "RequestHeaders": {
        "Authorization": "Sanitized",
        "User-Agent": [
          "azsdk-net-Storage.Files.DataLake/12.7.0-alpha.20210202.1",
          "(.NET 5.0.2; Microsoft Windows 10.0.19042)"
        ],
        "x-ms-client-request-id": "b7dd3b43-5393-c72f-7a38-2af5b14074a7",
        "x-ms-date": "Tue, 02 Feb 2021 21:40:34 GMT",
        "x-ms-lease-id": "3aef4f57-e64f-671c-29ff-d164357dde56",
        "x-ms-meta-Capital": "letter",
        "x-ms-meta-foo": "bar",
        "x-ms-meta-meta": "data",
        "x-ms-meta-UPPER": "case",
        "x-ms-return-client-request-id": "true",
        "x-ms-version": "2020-06-12"
      },
      "RequestBody": null,
      "StatusCode": 200,
      "ResponseHeaders": {
        "Content-Length": "0",
        "Date": "Tue, 02 Feb 2021 21:40:34 GMT",
        "ETag": "\u00220x8D8C7C32C34CC62\u0022",
        "Last-Modified": "Tue, 02 Feb 2021 21:40:34 GMT",
        "Server": [
          "Windows-Azure-Blob/1.0",
          "Microsoft-HTTPAPI/2.0"
        ],
        "x-ms-client-request-id": "b7dd3b43-5393-c72f-7a38-2af5b14074a7",
        "x-ms-request-id": "372c69c4-d01e-0026-2bac-f93747000000",
        "x-ms-request-server-encrypted": "true",
        "x-ms-version": "2020-06-12"
      },
      "ResponseBody": []
    },
    {
      "RequestUri": "https://seannse.blob.core.windows.net/test-filesystem-6c5c6868-d01d-aa09-bfaf-9695953cbb70?restype=container",
      "RequestMethod": "DELETE",
      "RequestHeaders": {
        "Authorization": "Sanitized",
        "traceparent": "00-812a66b0c602e449bb013b09ae8e40fa-5aa3cef186071541-00",
        "User-Agent": [
          "azsdk-net-Storage.Files.DataLake/12.7.0-alpha.20210202.1",
          "(.NET 5.0.2; Microsoft Windows 10.0.19042)"
        ],
        "x-ms-client-request-id": "1b5e3401-90f3-fedb-5428-ecf77598f52c",
        "x-ms-date": "Tue, 02 Feb 2021 21:40:34 GMT",
        "x-ms-return-client-request-id": "true",
        "x-ms-version": "2020-06-12"
      },
      "RequestBody": null,
      "StatusCode": 202,
      "ResponseHeaders": {
        "Content-Length": "0",
        "Date": "Tue, 02 Feb 2021 21:40:34 GMT",
        "Server": [
          "Windows-Azure-Blob/1.0",
          "Microsoft-HTTPAPI/2.0"
        ],
        "x-ms-client-request-id": "1b5e3401-90f3-fedb-5428-ecf77598f52c",
        "x-ms-request-id": "372c69ec-d01e-0026-51ac-f93747000000",
        "x-ms-version": "2020-06-12"
      },
      "ResponseBody": []
    }
  ],
  "Variables": {
    "DateTimeOffsetNow": "2021-02-02T15:40:28.3803051-06:00",
    "RandomSeed": "1192761322",
    "Storage_TestConfigHierarchicalNamespace": "NamespaceTenant\nseannse\nU2FuaXRpemVk\nhttps://seannse.blob.core.windows.net\nhttps://seannse.file.core.windows.net\nhttps://seannse.queue.core.windows.net\nhttps://seannse.table.core.windows.net\n\n\n\n\nhttps://seannse-secondary.blob.core.windows.net\nhttps://seannse-secondary.file.core.windows.net\nhttps://seannse-secondary.queue.core.windows.net\nhttps://seannse-secondary.table.core.windows.net\n68390a19-a643-458b-b726-408abf67b4fc\nSanitized\n72f988bf-86f1-41af-91ab-2d7cd011db47\nhttps://login.microsoftonline.com/\nCloud\nBlobEndpoint=https://seannse.blob.core.windows.net/;QueueEndpoint=https://seannse.queue.core.windows.net/;FileEndpoint=https://seannse.file.core.windows.net/;BlobSecondaryEndpoint=https://seannse-secondary.blob.core.windows.net/;QueueSecondaryEndpoint=https://seannse-secondary.queue.core.windows.net/;FileSecondaryEndpoint=https://seannse-secondary.file.core.windows.net/;AccountName=seannse;AccountKey=Sanitized\n"
  }
}