{
  "Entries": [
    {
      "RequestUri": "http://seannsecanary.blob.core.windows.net/test-filesystem-096924aa-61c8-03a4-6c69-4c961cd01e73?restype=container",
      "RequestMethod": "PUT",
      "RequestHeaders": {
        "Authorization": "Sanitized",
        "traceparent": "00-2bfe1c49ada2874288d96395703e6d62-b739e1802f78f249-00",
        "User-Agent": [
          "azsdk-net-Storage.Files.DataLake/12.1.0-dev.20200403.1",
          "(.NET Core 4.6.28325.01; Microsoft Windows 10.0.18362 )"
        ],
        "x-ms-blob-public-access": "container",
        "x-ms-client-request-id": "a463beb7-36e6-03ec-5b4c-77638a4d4642",
        "x-ms-date": "Fri, 03 Apr 2020 21:03:42 GMT",
        "x-ms-return-client-request-id": "true",
        "x-ms-version": "2020-04-08"
      },
      "RequestBody": null,
      "StatusCode": 201,
      "ResponseHeaders": {
        "Content-Length": "0",
        "Date": "Fri, 03 Apr 2020 21:03:40 GMT",
        "ETag": "\u00220x8D7D8127CA5762D\u0022",
        "Last-Modified": "Fri, 03 Apr 2020 21:03:40 GMT",
        "Server": [
          "Windows-Azure-Blob/1.0",
          "Microsoft-HTTPAPI/2.0"
        ],
        "x-ms-client-request-id": "a463beb7-36e6-03ec-5b4c-77638a4d4642",
        "x-ms-request-id": "9622788c-f01e-0012-60fb-093670000000",
        "x-ms-version": "2020-04-08"
      },
      "ResponseBody": []
    },
    {
      "RequestUri": "http://seannsecanary.dfs.core.windows.net/test-filesystem-096924aa-61c8-03a4-6c69-4c961cd01e73/test-file-a1e8623f-e5fa-2198-5d9b-5ccf2e663e8c?resource=file",
      "RequestMethod": "PUT",
      "RequestHeaders": {
        "Authorization": "Sanitized",
        "traceparent": "00-c44623530783c542b7f23c3ad6871e90-cdb47227b6ac1d40-00",
        "User-Agent": [
          "azsdk-net-Storage.Files.DataLake/12.1.0-dev.20200403.1",
          "(.NET Core 4.6.28325.01; Microsoft Windows 10.0.18362 )"
        ],
        "x-ms-client-request-id": "62fef0b2-6bf6-d1ef-2541-474ada1cd4f4",
        "x-ms-date": "Fri, 03 Apr 2020 21:03:42 GMT",
        "x-ms-return-client-request-id": "true",
        "x-ms-version": "2020-04-08"
      },
      "RequestBody": null,
      "StatusCode": 201,
      "ResponseHeaders": {
        "Content-Length": "0",
        "Date": "Fri, 03 Apr 2020 21:03:40 GMT",
        "ETag": "\u00220x8D7D8127CB52E31\u0022",
        "Last-Modified": "Fri, 03 Apr 2020 21:03:40 GMT",
        "Server": [
          "Windows-Azure-HDFS/1.0",
          "Microsoft-HTTPAPI/2.0"
        ],
        "x-ms-client-request-id": "62fef0b2-6bf6-d1ef-2541-474ada1cd4f4",
        "x-ms-request-id": "fa440351-201f-0097-60fb-091bad000000",
        "x-ms-version": "2020-04-08"
      },
      "ResponseBody": []
    },
    {
      "RequestUri": "http://seannsecanary.dfs.core.windows.net/test-filesystem-096924aa-61c8-03a4-6c69-4c961cd01e73/test-file-a1e8623f-e5fa-2198-5d9b-5ccf2e663e8c?action=setAccessControl",
      "RequestMethod": "PATCH",
      "RequestHeaders": {
        "Authorization": "Sanitized",
        "If-Modified-Since": "Sat, 04 Apr 2020 21:03:42 GMT",
        "User-Agent": [
          "azsdk-net-Storage.Files.DataLake/12.1.0-dev.20200403.1",
          "(.NET Core 4.6.28325.01; Microsoft Windows 10.0.18362 )"
        ],
        "x-ms-client-request-id": "3e1dfc58-dc68-f095-720d-382c3242ca59",
        "x-ms-date": "Fri, 03 Apr 2020 21:03:42 GMT",
        "x-ms-permissions": "rwxrwxrwx",
        "x-ms-return-client-request-id": "true",
        "x-ms-version": "2020-04-08"
      },
      "RequestBody": null,
      "StatusCode": 412,
      "ResponseHeaders": {
        "Content-Length": "200",
        "Content-Type": "application/json; charset=utf-8",
        "Date": "Fri, 03 Apr 2020 21:03:40 GMT",
        "Server": [
          "Windows-Azure-HDFS/1.0",
          "Microsoft-HTTPAPI/2.0"
        ],
        "x-ms-client-request-id": "3e1dfc58-dc68-f095-720d-382c3242ca59",
        "x-ms-error-code": "ConditionNotMet",
        "x-ms-request-id": "fa440352-201f-0097-61fb-091bad000000",
        "x-ms-version": "2020-04-08"
      },
      "ResponseBody": {
        "error": {
          "code": "ConditionNotMet",
          "message": "The condition specified using HTTP conditional header(s) is not met.\nRequestId:fa440352-201f-0097-61fb-091bad000000\nTime:2020-04-03T21:03:41.1154629Z"
        }
      }
    },
    {
      "RequestUri": "http://seannsecanary.blob.core.windows.net/test-filesystem-096924aa-61c8-03a4-6c69-4c961cd01e73?restype=container",
      "RequestMethod": "DELETE",
      "RequestHeaders": {
        "Authorization": "Sanitized",
        "traceparent": "00-4c16485c7404384084afe9aaceec6285-510ec3e65e24b849-00",
        "User-Agent": [
          "azsdk-net-Storage.Files.DataLake/12.1.0-dev.20200403.1",
          "(.NET Core 4.6.28325.01; Microsoft Windows 10.0.18362 )"
        ],
        "x-ms-client-request-id": "def24c31-96ff-318c-5515-b560b0a89392",
        "x-ms-date": "Fri, 03 Apr 2020 21:03:42 GMT",
        "x-ms-return-client-request-id": "true",
        "x-ms-version": "2020-04-08"
      },
      "RequestBody": null,
      "StatusCode": 202,
      "ResponseHeaders": {
        "Content-Length": "0",
        "Date": "Fri, 03 Apr 2020 21:03:40 GMT",
        "Server": [
          "Windows-Azure-Blob/1.0",
          "Microsoft-HTTPAPI/2.0"
        ],
        "x-ms-client-request-id": "def24c31-96ff-318c-5515-b560b0a89392",
        "x-ms-request-id": "962278b4-f01e-0012-80fb-093670000000",
        "x-ms-version": "2020-04-08"
      },
      "ResponseBody": []
    },
    {
      "RequestUri": "http://seannsecanary.blob.core.windows.net/test-filesystem-8b4ad079-eb32-3d9d-0b52-212f4ee2af3b?restype=container",
      "RequestMethod": "PUT",
      "RequestHeaders": {
        "Authorization": "Sanitized",
        "traceparent": "00-e1cb36ccd0b72947a1567707e30dded5-c93551c016f6ae40-00",
        "User-Agent": [
          "azsdk-net-Storage.Files.DataLake/12.1.0-dev.20200403.1",
          "(.NET Core 4.6.28325.01; Microsoft Windows 10.0.18362 )"
        ],
        "x-ms-blob-public-access": "container",
        "x-ms-client-request-id": "7039faa5-08ec-4595-aeb4-d2ac745de272",
        "x-ms-date": "Fri, 03 Apr 2020 21:03:42 GMT",
        "x-ms-return-client-request-id": "true",
        "x-ms-version": "2020-04-08"
      },
      "RequestBody": null,
      "StatusCode": 201,
      "ResponseHeaders": {
        "Content-Length": "0",
        "Date": "Fri, 03 Apr 2020 21:03:40 GMT",
        "ETag": "\u00220x8D7D8127CE9DE99\u0022",
        "Last-Modified": "Fri, 03 Apr 2020 21:03:41 GMT",
        "Server": [
          "Windows-Azure-Blob/1.0",
          "Microsoft-HTTPAPI/2.0"
        ],
        "x-ms-client-request-id": "7039faa5-08ec-4595-aeb4-d2ac745de272",
        "x-ms-request-id": "962278bd-f01e-0012-08fb-093670000000",
        "x-ms-version": "2020-04-08"
      },
      "ResponseBody": []
    },
    {
      "RequestUri": "http://seannsecanary.dfs.core.windows.net/test-filesystem-8b4ad079-eb32-3d9d-0b52-212f4ee2af3b/test-file-3fe77a65-adad-8d42-7672-65371b55d87b?resource=file",
      "RequestMethod": "PUT",
      "RequestHeaders": {
        "Authorization": "Sanitized",
        "traceparent": "00-3249163657ea3741bbda87314345a308-550abefb6c639a4d-00",
        "User-Agent": [
          "azsdk-net-Storage.Files.DataLake/12.1.0-dev.20200403.1",
          "(.NET Core 4.6.28325.01; Microsoft Windows 10.0.18362 )"
        ],
        "x-ms-client-request-id": "eae25d18-daa8-f7c6-b7ab-f979a25e2a58",
        "x-ms-date": "Fri, 03 Apr 2020 21:03:42 GMT",
        "x-ms-return-client-request-id": "true",
        "x-ms-version": "2020-04-08"
      },
      "RequestBody": null,
      "StatusCode": 201,
      "ResponseHeaders": {
        "Content-Length": "0",
        "Date": "Fri, 03 Apr 2020 21:03:41 GMT",
        "ETag": "\u00220x8D7D8127D0097C4\u0022",
        "Last-Modified": "Fri, 03 Apr 2020 21:03:41 GMT",
        "Server": [
          "Windows-Azure-HDFS/1.0",
          "Microsoft-HTTPAPI/2.0"
        ],
        "x-ms-client-request-id": "eae25d18-daa8-f7c6-b7ab-f979a25e2a58",
        "x-ms-request-id": "fa440353-201f-0097-62fb-091bad000000",
        "x-ms-version": "2020-04-08"
      },
      "ResponseBody": []
    },
    {
      "RequestUri": "http://seannsecanary.dfs.core.windows.net/test-filesystem-8b4ad079-eb32-3d9d-0b52-212f4ee2af3b/test-file-3fe77a65-adad-8d42-7672-65371b55d87b?action=setAccessControl",
      "RequestMethod": "PATCH",
      "RequestHeaders": {
        "Authorization": "Sanitized",
        "If-Unmodified-Since": "Thu, 02 Apr 2020 21:03:42 GMT",
        "User-Agent": [
          "azsdk-net-Storage.Files.DataLake/12.1.0-dev.20200403.1",
          "(.NET Core 4.6.28325.01; Microsoft Windows 10.0.18362 )"
        ],
        "x-ms-client-request-id": "bd1e9d0f-ee73-5dd2-e792-9dfd45d5ce7d",
        "x-ms-date": "Fri, 03 Apr 2020 21:03:42 GMT",
        "x-ms-permissions": "rwxrwxrwx",
        "x-ms-return-client-request-id": "true",
        "x-ms-version": "2020-04-08"
      },
      "RequestBody": null,
      "StatusCode": 412,
      "ResponseHeaders": {
        "Content-Length": "200",
        "Content-Type": "application/json; charset=utf-8",
        "Date": "Fri, 03 Apr 2020 21:03:41 GMT",
        "Server": [
          "Windows-Azure-HDFS/1.0",
          "Microsoft-HTTPAPI/2.0"
        ],
        "x-ms-client-request-id": "bd1e9d0f-ee73-5dd2-e792-9dfd45d5ce7d",
        "x-ms-error-code": "ConditionNotMet",
        "x-ms-request-id": "fa440354-201f-0097-63fb-091bad000000",
        "x-ms-version": "2020-04-08"
      },
      "ResponseBody": {
        "error": {
          "code": "ConditionNotMet",
          "message": "The condition specified using HTTP conditional header(s) is not met.\nRequestId:fa440354-201f-0097-63fb-091bad000000\nTime:2020-04-03T21:03:41.5267531Z"
        }
      }
    },
    {
      "RequestUri": "http://seannsecanary.blob.core.windows.net/test-filesystem-8b4ad079-eb32-3d9d-0b52-212f4ee2af3b?restype=container",
      "RequestMethod": "DELETE",
      "RequestHeaders": {
        "Authorization": "Sanitized",
        "traceparent": "00-0a2944f6f2d139408ff6683c81e47691-4cd84b3de8a35741-00",
        "User-Agent": [
          "azsdk-net-Storage.Files.DataLake/12.1.0-dev.20200403.1",
          "(.NET Core 4.6.28325.01; Microsoft Windows 10.0.18362 )"
        ],
        "x-ms-client-request-id": "056a3038-6c3f-ede5-8316-de41f0cbe156",
        "x-ms-date": "Fri, 03 Apr 2020 21:03:43 GMT",
        "x-ms-return-client-request-id": "true",
        "x-ms-version": "2020-04-08"
      },
      "RequestBody": null,
      "StatusCode": 202,
      "ResponseHeaders": {
        "Content-Length": "0",
        "Date": "Fri, 03 Apr 2020 21:03:41 GMT",
        "Server": [
          "Windows-Azure-Blob/1.0",
          "Microsoft-HTTPAPI/2.0"
        ],
        "x-ms-client-request-id": "056a3038-6c3f-ede5-8316-de41f0cbe156",
        "x-ms-request-id": "962278d5-f01e-0012-1dfb-093670000000",
        "x-ms-version": "2020-04-08"
      },
      "ResponseBody": []
    },
    {
      "RequestUri": "http://seannsecanary.blob.core.windows.net/test-filesystem-986ee6a7-afe7-7190-a893-29b82f9fe619?restype=container",
      "RequestMethod": "PUT",
      "RequestHeaders": {
        "Authorization": "Sanitized",
        "traceparent": "00-289ce6d2db169e4db73fc7aded2ffa93-6a5c7af14787cd46-00",
        "User-Agent": [
          "azsdk-net-Storage.Files.DataLake/12.1.0-dev.20200403.1",
          "(.NET Core 4.6.28325.01; Microsoft Windows 10.0.18362 )"
        ],
        "x-ms-blob-public-access": "container",
        "x-ms-client-request-id": "908c68da-e95f-8828-a0f8-5dab422cbde3",
        "x-ms-date": "Fri, 03 Apr 2020 21:03:43 GMT",
        "x-ms-return-client-request-id": "true",
        "x-ms-version": "2020-04-08"
      },
      "RequestBody": null,
      "StatusCode": 201,
      "ResponseHeaders": {
        "Content-Length": "0",
        "Date": "Fri, 03 Apr 2020 21:03:41 GMT",
        "ETag": "\u00220x8D7D8127D28A0B3\u0022",
        "Last-Modified": "Fri, 03 Apr 2020 21:03:41 GMT",
        "Server": [
          "Windows-Azure-Blob/1.0",
          "Microsoft-HTTPAPI/2.0"
        ],
        "x-ms-client-request-id": "908c68da-e95f-8828-a0f8-5dab422cbde3",
        "x-ms-request-id": "962278e4-f01e-0012-2bfb-093670000000",
        "x-ms-version": "2020-04-08"
      },
      "ResponseBody": []
    },
    {
      "RequestUri": "http://seannsecanary.dfs.core.windows.net/test-filesystem-986ee6a7-afe7-7190-a893-29b82f9fe619/test-file-6230c42f-cb06-ddeb-a850-9f156f6cb2f4?resource=file",
      "RequestMethod": "PUT",
      "RequestHeaders": {
        "Authorization": "Sanitized",
        "traceparent": "00-79f8a7de8686ec4ca1c46a2e8fb8b7aa-21d9fcb485b0c440-00",
        "User-Agent": [
          "azsdk-net-Storage.Files.DataLake/12.1.0-dev.20200403.1",
          "(.NET Core 4.6.28325.01; Microsoft Windows 10.0.18362 )"
        ],
        "x-ms-client-request-id": "faf35c14-3783-0ec1-7cae-e80f49131833",
        "x-ms-date": "Fri, 03 Apr 2020 21:03:43 GMT",
        "x-ms-return-client-request-id": "true",
        "x-ms-version": "2020-04-08"
      },
      "RequestBody": null,
      "StatusCode": 201,
      "ResponseHeaders": {
        "Content-Length": "0",
        "Date": "Fri, 03 Apr 2020 21:03:41 GMT",
        "ETag": "\u00220x8D7D8127D37A4BE\u0022",
        "Last-Modified": "Fri, 03 Apr 2020 21:03:41 GMT",
        "Server": [
          "Windows-Azure-HDFS/1.0",
          "Microsoft-HTTPAPI/2.0"
        ],
        "x-ms-client-request-id": "faf35c14-3783-0ec1-7cae-e80f49131833",
        "x-ms-request-id": "fa440355-201f-0097-64fb-091bad000000",
        "x-ms-version": "2020-04-08"
      },
      "ResponseBody": []
    },
    {
      "RequestUri": "http://seannsecanary.dfs.core.windows.net/test-filesystem-986ee6a7-afe7-7190-a893-29b82f9fe619/test-file-6230c42f-cb06-ddeb-a850-9f156f6cb2f4?action=setAccessControl",
      "RequestMethod": "PATCH",
      "RequestHeaders": {
        "Authorization": "Sanitized",
        "If-Match": "\u0022garbage\u0022",
        "User-Agent": [
          "azsdk-net-Storage.Files.DataLake/12.1.0-dev.20200403.1",
          "(.NET Core 4.6.28325.01; Microsoft Windows 10.0.18362 )"
        ],
        "x-ms-client-request-id": "1300d376-b879-c170-a0cf-49656daadd52",
        "x-ms-date": "Fri, 03 Apr 2020 21:03:43 GMT",
        "x-ms-permissions": "rwxrwxrwx",
        "x-ms-return-client-request-id": "true",
        "x-ms-version": "2020-04-08"
      },
      "RequestBody": null,
      "StatusCode": 412,
      "ResponseHeaders": {
        "Content-Length": "200",
        "Content-Type": "application/json; charset=utf-8",
        "Date": "Fri, 03 Apr 2020 21:03:41 GMT",
        "Server": [
          "Windows-Azure-HDFS/1.0",
          "Microsoft-HTTPAPI/2.0"
        ],
        "x-ms-client-request-id": "1300d376-b879-c170-a0cf-49656daadd52",
        "x-ms-error-code": "ConditionNotMet",
        "x-ms-request-id": "fa440356-201f-0097-65fb-091bad000000",
        "x-ms-version": "2020-04-08"
      },
      "ResponseBody": {
        "error": {
          "code": "ConditionNotMet",
          "message": "The condition specified using HTTP conditional header(s) is not met.\nRequestId:fa440356-201f-0097-65fb-091bad000000\nTime:2020-04-03T21:03:41.9150253Z"
        }
      }
    },
    {
      "RequestUri": "http://seannsecanary.blob.core.windows.net/test-filesystem-986ee6a7-afe7-7190-a893-29b82f9fe619?restype=container",
      "RequestMethod": "DELETE",
      "RequestHeaders": {
        "Authorization": "Sanitized",
        "traceparent": "00-9963ea4ca04fbc4aa98731c9a97811ad-4b702f4d45aeac4f-00",
        "User-Agent": [
          "azsdk-net-Storage.Files.DataLake/12.1.0-dev.20200403.1",
          "(.NET Core 4.6.28325.01; Microsoft Windows 10.0.18362 )"
        ],
        "x-ms-client-request-id": "7698d13d-0412-8dba-f8f1-417fad6a6b5f",
        "x-ms-date": "Fri, 03 Apr 2020 21:03:43 GMT",
        "x-ms-return-client-request-id": "true",
        "x-ms-version": "2020-04-08"
      },
      "RequestBody": null,
      "StatusCode": 202,
      "ResponseHeaders": {
        "Content-Length": "0",
        "Date": "Fri, 03 Apr 2020 21:03:41 GMT",
        "Server": [
          "Windows-Azure-Blob/1.0",
          "Microsoft-HTTPAPI/2.0"
        ],
        "x-ms-client-request-id": "7698d13d-0412-8dba-f8f1-417fad6a6b5f",
        "x-ms-request-id": "962278fd-f01e-0012-41fb-093670000000",
        "x-ms-version": "2020-04-08"
      },
      "ResponseBody": []
    },
    {
      "RequestUri": "http://seannsecanary.blob.core.windows.net/test-filesystem-15a6ab2a-6d4c-7c37-56e2-885ec8f586a8?restype=container",
      "RequestMethod": "PUT",
      "RequestHeaders": {
        "Authorization": "Sanitized",
        "traceparent": "00-4ce128eb53773040a8c9de63c1c14c2e-a54b2a274ef8134f-00",
        "User-Agent": [
          "azsdk-net-Storage.Files.DataLake/12.1.0-dev.20200403.1",
          "(.NET Core 4.6.28325.01; Microsoft Windows 10.0.18362 )"
        ],
        "x-ms-blob-public-access": "container",
        "x-ms-client-request-id": "8f4f90ae-a150-cfb7-9a1c-1f307c5bc502",
        "x-ms-date": "Fri, 03 Apr 2020 21:03:43 GMT",
        "x-ms-return-client-request-id": "true",
        "x-ms-version": "2020-04-08"
      },
      "RequestBody": null,
      "StatusCode": 201,
      "ResponseHeaders": {
        "Content-Length": "0",
        "Date": "Fri, 03 Apr 2020 21:03:41 GMT",
        "ETag": "\u00220x8D7D8127D66783A\u0022",
        "Last-Modified": "Fri, 03 Apr 2020 21:03:42 GMT",
        "Server": [
          "Windows-Azure-Blob/1.0",
          "Microsoft-HTTPAPI/2.0"
        ],
        "x-ms-client-request-id": "8f4f90ae-a150-cfb7-9a1c-1f307c5bc502",
        "x-ms-request-id": "9622790e-f01e-0012-50fb-093670000000",
        "x-ms-version": "2020-04-08"
      },
      "ResponseBody": []
    },
    {
      "RequestUri": "http://seannsecanary.dfs.core.windows.net/test-filesystem-15a6ab2a-6d4c-7c37-56e2-885ec8f586a8/test-file-6768986a-cf42-c34d-6b87-8eac6249c459?resource=file",
      "RequestMethod": "PUT",
      "RequestHeaders": {
        "Authorization": "Sanitized",
        "traceparent": "00-55d3fc3748e46f419596757879ba7e49-e9870905609d4548-00",
        "User-Agent": [
          "azsdk-net-Storage.Files.DataLake/12.1.0-dev.20200403.1",
          "(.NET Core 4.6.28325.01; Microsoft Windows 10.0.18362 )"
        ],
        "x-ms-client-request-id": "208209da-0994-dede-428c-23c9130a6d50",
        "x-ms-date": "Fri, 03 Apr 2020 21:03:43 GMT",
        "x-ms-return-client-request-id": "true",
        "x-ms-version": "2020-04-08"
      },
      "RequestBody": null,
      "StatusCode": 201,
      "ResponseHeaders": {
        "Content-Length": "0",
        "Date": "Fri, 03 Apr 2020 21:03:42 GMT",
        "ETag": "\u00220x8D7D8127D7BEC8B\u0022",
        "Last-Modified": "Fri, 03 Apr 2020 21:03:42 GMT",
        "Server": [
          "Windows-Azure-HDFS/1.0",
          "Microsoft-HTTPAPI/2.0"
        ],
        "x-ms-client-request-id": "208209da-0994-dede-428c-23c9130a6d50",
        "x-ms-request-id": "fa440357-201f-0097-66fb-091bad000000",
        "x-ms-version": "2020-04-08"
      },
      "ResponseBody": []
    },
    {
      "RequestUri": "http://seannsecanary.blob.core.windows.net/test-filesystem-15a6ab2a-6d4c-7c37-56e2-885ec8f586a8/test-file-6768986a-cf42-c34d-6b87-8eac6249c459",
      "RequestMethod": "HEAD",
      "RequestHeaders": {
        "Authorization": "Sanitized",
        "User-Agent": [
          "azsdk-net-Storage.Files.DataLake/12.1.0-dev.20200403.1",
          "(.NET Core 4.6.28325.01; Microsoft Windows 10.0.18362 )"
        ],
        "x-ms-client-request-id": "59d262e4-a4c6-67c5-88d2-f519d48e6283",
        "x-ms-date": "Fri, 03 Apr 2020 21:03:43 GMT",
        "x-ms-return-client-request-id": "true",
        "x-ms-version": "2020-04-08"
      },
      "RequestBody": null,
      "StatusCode": 200,
      "ResponseHeaders": {
        "Accept-Ranges": "bytes",
        "Content-Length": "0",
        "Content-Type": "application/octet-stream",
        "Date": "Fri, 03 Apr 2020 21:03:42 GMT",
        "ETag": "\u00220x8D7D8127D7BEC8B\u0022",
        "Last-Modified": "Fri, 03 Apr 2020 21:03:42 GMT",
        "Server": [
          "Windows-Azure-Blob/1.0",
          "Microsoft-HTTPAPI/2.0"
        ],
        "x-ms-access-tier": "Hot",
        "x-ms-access-tier-inferred": "true",
        "x-ms-blob-type": "BlockBlob",
        "x-ms-client-request-id": "59d262e4-a4c6-67c5-88d2-f519d48e6283",
        "x-ms-creation-time": "Fri, 03 Apr 2020 21:03:42 GMT",
        "x-ms-lease-state": "available",
        "x-ms-lease-status": "unlocked",
        "x-ms-request-id": "96227930-f01e-0012-6cfb-093670000000",
        "x-ms-server-encrypted": "true",
        "x-ms-version": "2020-04-08"
      },
      "ResponseBody": []
    },
    {
      "RequestUri": "http://seannsecanary.dfs.core.windows.net/test-filesystem-15a6ab2a-6d4c-7c37-56e2-885ec8f586a8/test-file-6768986a-cf42-c34d-6b87-8eac6249c459?action=setAccessControl",
      "RequestMethod": "PATCH",
      "RequestHeaders": {
        "Authorization": "Sanitized",
        "If-None-Match": "\u00220x8D7D8127D7BEC8B\u0022",
        "User-Agent": [
          "azsdk-net-Storage.Files.DataLake/12.1.0-dev.20200403.1",
          "(.NET Core 4.6.28325.01; Microsoft Windows 10.0.18362 )"
        ],
        "x-ms-client-request-id": "b1e4c611-1337-b38a-0056-8dd797429eb1",
        "x-ms-date": "Fri, 03 Apr 2020 21:03:43 GMT",
        "x-ms-permissions": "rwxrwxrwx",
        "x-ms-return-client-request-id": "true",
        "x-ms-version": "2020-04-08"
      },
      "RequestBody": null,
      "StatusCode": 412,
      "ResponseHeaders": {
        "Content-Length": "200",
        "Content-Type": "application/json; charset=utf-8",
        "Date": "Fri, 03 Apr 2020 21:03:42 GMT",
        "Server": [
          "Windows-Azure-HDFS/1.0",
          "Microsoft-HTTPAPI/2.0"
        ],
        "x-ms-client-request-id": "b1e4c611-1337-b38a-0056-8dd797429eb1",
        "x-ms-error-code": "ConditionNotMet",
        "x-ms-request-id": "fa440358-201f-0097-67fb-091bad000000",
        "x-ms-version": "2020-04-08"
      },
      "ResponseBody": {
        "error": {
          "code": "ConditionNotMet",
          "message": "The condition specified using HTTP conditional header(s) is not met.\nRequestId:fa440358-201f-0097-67fb-091bad000000\nTime:2020-04-03T21:03:42.5244544Z"
        }
      }
    },
    {
      "RequestUri": "http://seannsecanary.blob.core.windows.net/test-filesystem-15a6ab2a-6d4c-7c37-56e2-885ec8f586a8?restype=container",
      "RequestMethod": "DELETE",
      "RequestHeaders": {
        "Authorization": "Sanitized",
        "traceparent": "00-46750a9fa9ec254c8de391b0fcce2652-409a9eb6dd99034c-00",
        "User-Agent": [
          "azsdk-net-Storage.Files.DataLake/12.1.0-dev.20200403.1",
          "(.NET Core 4.6.28325.01; Microsoft Windows 10.0.18362 )"
        ],
        "x-ms-client-request-id": "0e070bc2-b0aa-d74b-26eb-82f9ffa9b56a",
        "x-ms-date": "Fri, 03 Apr 2020 21:03:44 GMT",
        "x-ms-return-client-request-id": "true",
        "x-ms-version": "2020-04-08"
      },
      "RequestBody": null,
      "StatusCode": 202,
      "ResponseHeaders": {
        "Content-Length": "0",
        "Date": "Fri, 03 Apr 2020 21:03:42 GMT",
        "Server": [
          "Windows-Azure-Blob/1.0",
          "Microsoft-HTTPAPI/2.0"
        ],
        "x-ms-client-request-id": "0e070bc2-b0aa-d74b-26eb-82f9ffa9b56a",
        "x-ms-request-id": "96227943-f01e-0012-7ffb-093670000000",
        "x-ms-version": "2020-04-08"
      },
      "ResponseBody": []
    },
    {
      "RequestUri": "http://seannsecanary.blob.core.windows.net/test-filesystem-db122e70-f3f6-1930-b98c-d0b267d3eedd?restype=container",
      "RequestMethod": "PUT",
      "RequestHeaders": {
        "Authorization": "Sanitized",
        "traceparent": "00-1663e215554a20409faa3eb28a5a58da-cb428ebfe3793048-00",
        "User-Agent": [
          "azsdk-net-Storage.Files.DataLake/12.1.0-dev.20200403.1",
          "(.NET Core 4.6.28325.01; Microsoft Windows 10.0.18362 )"
        ],
        "x-ms-blob-public-access": "container",
        "x-ms-client-request-id": "964641cf-5a10-ce9c-dbee-551de0997053",
        "x-ms-date": "Fri, 03 Apr 2020 21:03:44 GMT",
        "x-ms-return-client-request-id": "true",
        "x-ms-version": "2020-04-08"
      },
      "RequestBody": null,
      "StatusCode": 201,
      "ResponseHeaders": {
        "Content-Length": "0",
        "Date": "Fri, 03 Apr 2020 21:03:42 GMT",
        "ETag": "\u00220x8D7D8127DCC7880\u0022",
        "Last-Modified": "Fri, 03 Apr 2020 21:03:42 GMT",
        "Server": [
          "Windows-Azure-Blob/1.0",
          "Microsoft-HTTPAPI/2.0"
        ],
        "x-ms-client-request-id": "964641cf-5a10-ce9c-dbee-551de0997053",
        "x-ms-request-id": "96227951-f01e-0012-0dfb-093670000000",
        "x-ms-version": "2020-04-08"
      },
      "ResponseBody": []
    },
    {
      "RequestUri": "http://seannsecanary.dfs.core.windows.net/test-filesystem-db122e70-f3f6-1930-b98c-d0b267d3eedd/test-file-06d9a4fc-2a93-e02f-2632-d2d0fd62a3a5?resource=file",
      "RequestMethod": "PUT",
      "RequestHeaders": {
        "Authorization": "Sanitized",
        "traceparent": "00-d17e0d14c8c64a42a13c5f30482088d1-efada3cf77183c4d-00",
        "User-Agent": [
          "azsdk-net-Storage.Files.DataLake/12.1.0-dev.20200403.1",
          "(.NET Core 4.6.28325.01; Microsoft Windows 10.0.18362 )"
        ],
        "x-ms-client-request-id": "d1d1a2b5-513a-a5a3-1266-6fdd88cbd178",
        "x-ms-date": "Fri, 03 Apr 2020 21:03:44 GMT",
        "x-ms-return-client-request-id": "true",
        "x-ms-version": "2020-04-08"
      },
      "RequestBody": null,
      "StatusCode": 201,
      "ResponseHeaders": {
        "Content-Length": "0",
        "Date": "Fri, 03 Apr 2020 21:03:42 GMT",
        "ETag": "\u00220x8D7D8127DDCF589\u0022",
        "Last-Modified": "Fri, 03 Apr 2020 21:03:42 GMT",
        "Server": [
          "Windows-Azure-HDFS/1.0",
          "Microsoft-HTTPAPI/2.0"
        ],
        "x-ms-client-request-id": "d1d1a2b5-513a-a5a3-1266-6fdd88cbd178",
        "x-ms-request-id": "fa44035a-201f-0097-68fb-091bad000000",
        "x-ms-version": "2020-04-08"
      },
      "ResponseBody": []
    },
    {
      "RequestUri": "http://seannsecanary.dfs.core.windows.net/test-filesystem-db122e70-f3f6-1930-b98c-d0b267d3eedd/test-file-06d9a4fc-2a93-e02f-2632-d2d0fd62a3a5?action=setAccessControl",
      "RequestMethod": "PATCH",
      "RequestHeaders": {
        "Authorization": "Sanitized",
        "User-Agent": [
          "azsdk-net-Storage.Files.DataLake/12.1.0-dev.20200403.1",
          "(.NET Core 4.6.28325.01; Microsoft Windows 10.0.18362 )"
        ],
        "x-ms-client-request-id": "5a1b6233-d290-e26a-f63d-1427e9ef3c91",
        "x-ms-date": "Fri, 03 Apr 2020 21:03:44 GMT",
        "x-ms-lease-id": "e44fff65-d7cd-62e4-125d-d5c40440e71e",
        "x-ms-permissions": "rwxrwxrwx",
        "x-ms-return-client-request-id": "true",
        "x-ms-version": "2020-04-08"
      },
      "RequestBody": null,
      "StatusCode": 412,
      "ResponseHeaders": {
        "Content-Length": "176",
        "Content-Type": "application/json; charset=utf-8",
        "Date": "Fri, 03 Apr 2020 21:03:42 GMT",
        "Server": [
          "Windows-Azure-HDFS/1.0",
          "Microsoft-HTTPAPI/2.0"
        ],
        "x-ms-client-request-id": "5a1b6233-d290-e26a-f63d-1427e9ef3c91",
        "x-ms-error-code": "LeaseNotPresent",
        "x-ms-request-id": "fa44035b-201f-0097-69fb-091bad000000",
        "x-ms-version": "2020-04-08"
      },
      "ResponseBody": {
        "error": {
          "code": "LeaseNotPresent",
          "message": "There is currently no lease on the resource.\nRequestId:fa44035b-201f-0097-69fb-091bad000000\nTime:2020-04-03T21:03:42.9617616Z"
        }
      }
    },
    {
      "RequestUri": "http://seannsecanary.blob.core.windows.net/test-filesystem-db122e70-f3f6-1930-b98c-d0b267d3eedd?restype=container",
      "RequestMethod": "DELETE",
      "RequestHeaders": {
        "Authorization": "Sanitized",
        "traceparent": "00-923529e7137bcb4f93f94bc3f4df11b2-8a8087b1441d5146-00",
        "User-Agent": [
          "azsdk-net-Storage.Files.DataLake/12.1.0-dev.20200403.1",
          "(.NET Core 4.6.28325.01; Microsoft Windows 10.0.18362 )"
        ],
        "x-ms-client-request-id": "26a932c1-77b0-78e8-4506-5079359fbae8",
        "x-ms-date": "Fri, 03 Apr 2020 21:03:44 GMT",
        "x-ms-return-client-request-id": "true",
        "x-ms-version": "2020-04-08"
      },
      "RequestBody": null,
      "StatusCode": 202,
      "ResponseHeaders": {
        "Content-Length": "0",
        "Date": "Fri, 03 Apr 2020 21:03:42 GMT",
        "Server": [
          "Windows-Azure-Blob/1.0",
          "Microsoft-HTTPAPI/2.0"
        ],
        "x-ms-client-request-id": "26a932c1-77b0-78e8-4506-5079359fbae8",
        "x-ms-request-id": "96227975-f01e-0012-2bfb-093670000000",
        "x-ms-version": "2020-04-08"
      },
      "ResponseBody": []
    }
  ],
  "Variables": {
    "DateTimeOffsetNow": "2020-04-03T14:03:42.2863543-07:00",
    "RandomSeed": "1818762115",
    "Storage_TestConfigHierarchicalNamespace": "NamespaceTenant\nseannsecanary\nU2FuaXRpemVk\nhttp://seannsecanary.blob.core.windows.net\nhttp://seannsecanary.file.core.windows.net\nhttp://seannsecanary.queue.core.windows.net\nhttp://seannsecanary.table.core.windows.net\n\n\n\n\nhttp://seannsecanary-secondary.blob.core.windows.net\nhttp://seannsecanary-secondary.file.core.windows.net\nhttp://seannsecanary-secondary.queue.core.windows.net\nhttp://seannsecanary-secondary.table.core.windows.net\n68390a19-a643-458b-b726-408abf67b4fc\nSanitized\n72f988bf-86f1-41af-91ab-2d7cd011db47\nhttps://login.microsoftonline.com/\nCloud\nBlobEndpoint=http://seannsecanary.blob.core.windows.net/;QueueEndpoint=http://seannsecanary.queue.core.windows.net/;FileEndpoint=http://seannsecanary.file.core.windows.net/;BlobSecondaryEndpoint=http://seannsecanary-secondary.blob.core.windows.net/;QueueSecondaryEndpoint=http://seannsecanary-secondary.queue.core.windows.net/;FileSecondaryEndpoint=http://seannsecanary-secondary.file.core.windows.net/;AccountName=seannsecanary;AccountKey=Sanitized\n"
  }
}