{
  "Entries": [
    {
      "RequestUri": "/subscriptions/e37510d7-33b6-4676-886f-ee75bcc01871/providers/Microsoft.Compute/locations/eastus2/publishers/MicrosoftWindowsServer/artifacttypes/vmimage/offers/WindowsServer/skus/2012-R2-Datacenter/versions?$top=1&api-version=2021-11-01",
      "EncodedRequestUri": "L3N1YnNjcmlwdGlvbnMvZTM3NTEwZDctMzNiNi00Njc2LTg4NmYtZWU3NWJjYzAxODcxL3Byb3ZpZGVycy9NaWNyb3NvZnQuQ29tcHV0ZS9sb2NhdGlvbnMvZWFzdHVzMi9wdWJsaXNoZXJzL01pY3Jvc29mdFdpbmRvd3NTZXJ2ZXIvYXJ0aWZhY3R0eXBlcy92bWltYWdlL29mZmVycy9XaW5kb3dzU2VydmVyL3NrdXMvMjAxMi1SMi1EYXRhY2VudGVyL3ZlcnNpb25zPyR0b3A9MSZhcGktdmVyc2lvbj0yMDIxLTExLTAx",
      "RequestMethod": "GET",
      "RequestBody": "",
      "RequestHeaders": {
        "x-ms-client-request-id": [
          "8759cb99-96a1-425e-aee8-cefa9f4110e3"
        ],
        "accept-language": [
          "en-US"
        ],
        "User-Agent": [
          "FxVersion/4.6.26614.01",
          "OSName/Windows",
          "OSVersion/Microsoft.Windows.10.0.17763.",
          "Microsoft.Azure.Management.Compute.ComputeManagementClient/50.0.0"
        ]
      },
      "ResponseHeaders": {
        "Cache-Control": [
          "no-cache"
        ],
        "Date": [
          "Wed, 17 Nov 2021 18:19:06 GMT"
        ],
        "Pragma": [
          "no-cache"
        ],
        "Server": [
          "Microsoft-HTTPAPI/2.0",
          "Microsoft-HTTPAPI/2.0"
        ],
        "x-ms-ratelimit-remaining-resource": [
          "Microsoft.Compute/ListVMImagesVersionsFromLocation3Min;15999,Microsoft.Compute/ListVMImagesVersionsFromLocation30Min;43999"
        ],
        "Strict-Transport-Security": [
          "max-age=31536000; includeSubDomains"
        ],
        "x-ms-served-by": [
          "19a6b8e7-2f9b-4b25-aea4-718323f85895_132764247136259526"
        ],
        "x-ms-request-id": [
          "b1b06665-1917-4547-90ef-4e13ea3deda5"
        ],
        "x-ms-ratelimit-remaining-subscription-reads": [
          "11999"
        ],
        "x-ms-correlation-request-id": [
          "44037b97-661c-48bb-a9ba-9ed9f1e4baef"
        ],
        "x-ms-routing-request-id": [
          "EASTUS2:20211117T181906Z:44037b97-661c-48bb-a9ba-9ed9f1e4baef"
        ],
        "X-Content-Type-Options": [
          "nosniff"
        ],
        "Content-Length": [
          "309"
        ],
        "Content-Type": [
          "application/json; charset=utf-8"
        ],
        "Expires": [
          "-1"
        ]
      },
      "ResponseBody": "[\r\n  {\r\n    \"location\": \"eastus2\",\r\n    \"name\": \"4.127.20180315\",\r\n    \"id\": \"/Subscriptions/e37510d7-33b6-4676-886f-ee75bcc01871/Providers/Microsoft.Compute/Locations/eastus2/Publishers/MicrosoftWindowsServer/ArtifactTypes/VMImage/Offers/WindowsServer/Skus/2012-R2-Datacenter/Versions/4.127.20180315\"\r\n  }\r\n]",
      "StatusCode": 200
    },
    {
      "RequestUri": "/subscriptions/e37510d7-33b6-4676-886f-ee75bcc01871/resourcegroups/crptestar6636?api-version=2017-05-10",
      "EncodedRequestUri": "L3N1YnNjcmlwdGlvbnMvZTM3NTEwZDctMzNiNi00Njc2LTg4NmYtZWU3NWJjYzAxODcxL3Jlc291cmNlZ3JvdXBzL2NycHRlc3RhcjY2MzY/YXBpLXZlcnNpb249MjAxNy0wNS0xMA==",
      "RequestMethod": "PUT",
      "RequestBody": "{\r\n  \"location\": \"eastus2\",\r\n  \"tags\": {\r\n    \"crptestar6636\": \"2021-11-17 18:19:06Z\"\r\n  }\r\n}",
      "RequestHeaders": {
        "x-ms-client-request-id": [
          "f7da6573-5989-43a7-940e-979db8a0d563"
        ],
        "accept-language": [
          "en-US"
        ],
        "User-Agent": [
          "FxVersion/4.6.26614.01",
          "OSName/Windows",
          "OSVersion/Microsoft.Windows.10.0.17763.",
          "Microsoft.Azure.Management.ResourceManager.ResourceManagementClient/1.6.0.0"
        ],
        "Content-Type": [
          "application/json; charset=utf-8"
        ],
        "Content-Length": [
          "93"
        ]
      },
      "ResponseHeaders": {
        "Cache-Control": [
          "no-cache"
        ],
        "Date": [
          "Wed, 17 Nov 2021 18:19:06 GMT"
        ],
        "Pragma": [
          "no-cache"
        ],
        "x-ms-ratelimit-remaining-subscription-writes": [
          "1199"
        ],
        "x-ms-request-id": [
          "afeda08b-a4ee-4a66-b90d-ec34bd2f9201"
        ],
        "x-ms-correlation-request-id": [
          "afeda08b-a4ee-4a66-b90d-ec34bd2f9201"
        ],
        "x-ms-routing-request-id": [
          "EASTUS2:20211117T181907Z:afeda08b-a4ee-4a66-b90d-ec34bd2f9201"
        ],
        "Strict-Transport-Security": [
          "max-age=31536000; includeSubDomains"
        ],
        "X-Content-Type-Options": [
          "nosniff"
        ],
        "Content-Length": [
          "228"
        ],
        "Content-Type": [
          "application/json; charset=utf-8"
        ],
        "Expires": [
          "-1"
        ]
      },
      "ResponseBody": "{\r\n  \"id\": \"/subscriptions/e37510d7-33b6-4676-886f-ee75bcc01871/resourceGroups/crptestar6636\",\r\n  \"name\": \"crptestar6636\",\r\n  \"location\": \"eastus2\",\r\n  \"tags\": {\r\n    \"crptestar6636\": \"2021-11-17 18:19:06Z\"\r\n  },\r\n  \"properties\": {\r\n    \"provisioningState\": \"Succeeded\"\r\n  }\r\n}",
      "StatusCode": 201
    },
    {
      "RequestUri": "/subscriptions/e37510d7-33b6-4676-886f-ee75bcc01871/resourceGroups/crptestar6636/providers/Microsoft.Network/publicIPAddresses/pip5428?api-version=2019-09-01",
      "EncodedRequestUri": "L3N1YnNjcmlwdGlvbnMvZTM3NTEwZDctMzNiNi00Njc2LTg4NmYtZWU3NWJjYzAxODcxL3Jlc291cmNlR3JvdXBzL2NycHRlc3RhcjY2MzYvcHJvdmlkZXJzL01pY3Jvc29mdC5OZXR3b3JrL3B1YmxpY0lQQWRkcmVzc2VzL3BpcDU0Mjg/YXBpLXZlcnNpb249MjAxOS0wOS0wMQ==",
      "RequestMethod": "PUT",
      "RequestBody": "{\r\n  \"properties\": {\r\n    \"publicIPAllocationMethod\": \"Dynamic\",\r\n    \"dnsSettings\": {\r\n      \"domainNameLabel\": \"dn6148\"\r\n    }\r\n  },\r\n  \"location\": \"eastus2\",\r\n  \"tags\": {\r\n    \"key\": \"value\"\r\n  }\r\n}",
      "RequestHeaders": {
        "x-ms-client-request-id": [
          "2bc98290-49b8-4c50-b261-f92e7bd07ec0"
        ],
        "accept-language": [
          "en-US"
        ],
        "User-Agent": [
          "FxVersion/4.6.26614.01",
          "OSName/Windows",
          "OSVersion/Microsoft.Windows.10.0.17763.",
          "Microsoft.Azure.Management.Network.NetworkManagementClient/19.17.1.0"
        ],
        "Content-Type": [
          "application/json; charset=utf-8"
        ],
        "Content-Length": [
          "201"
        ]
      },
      "ResponseHeaders": {
        "Cache-Control": [
          "no-cache"
        ],
        "Date": [
          "Wed, 17 Nov 2021 18:19:07 GMT"
        ],
        "Pragma": [
          "no-cache"
        ],
        "Retry-After": [
          "1"
        ],
        "Server": [
          "Microsoft-HTTPAPI/2.0",
          "Microsoft-HTTPAPI/2.0"
        ],
        "x-ms-request-id": [
          "8efc825f-940a-4a9b-84ed-af56c1303be5"
        ],
        "Azure-AsyncOperation": [
          "https://management.azure.com/subscriptions/e37510d7-33b6-4676-886f-ee75bcc01871/providers/Microsoft.Network/locations/eastus2/operations/8efc825f-940a-4a9b-84ed-af56c1303be5?api-version=2019-09-01"
        ],
        "x-ms-correlation-request-id": [
          "2017ed50-b8f3-4a67-aec6-25738b32685a"
        ],
        "Azure-AsyncNotification": [
          "Enabled"
        ],
        "x-ms-arm-service-request-id": [
          "eeb501dd-f877-4d1c-a2a7-54a3a793fecf"
        ],
        "Strict-Transport-Security": [
          "max-age=31536000; includeSubDomains"
        ],
        "x-ms-ratelimit-remaining-subscription-writes": [
          "1199"
        ],
        "x-ms-routing-request-id": [
          "EASTUS2:20211117T181908Z:2017ed50-b8f3-4a67-aec6-25738b32685a"
        ],
        "X-Content-Type-Options": [
          "nosniff"
        ],
        "Content-Length": [
          "757"
        ],
        "Content-Type": [
          "application/json; charset=utf-8"
        ],
        "Expires": [
          "-1"
        ]
      },
      "ResponseBody": "{\r\n  \"name\": \"pip5428\",\r\n  \"id\": \"/subscriptions/e37510d7-33b6-4676-886f-ee75bcc01871/resourceGroups/crptestar6636/providers/Microsoft.Network/publicIPAddresses/pip5428\",\r\n  \"etag\": \"W/\\\"0bff0ef2-d575-4b58-8937-31d48e43a5c3\\\"\",\r\n  \"location\": \"eastus2\",\r\n  \"tags\": {\r\n    \"key\": \"value\"\r\n  },\r\n  \"properties\": {\r\n    \"provisioningState\": \"Updating\",\r\n    \"resourceGuid\": \"8811000f-540b-4053-abbe-0bf5b3d58173\",\r\n    \"publicIPAddressVersion\": \"IPv4\",\r\n    \"publicIPAllocationMethod\": \"Dynamic\",\r\n    \"idleTimeoutInMinutes\": 4,\r\n    \"dnsSettings\": {\r\n      \"domainNameLabel\": \"dn6148\",\r\n      \"fqdn\": \"dn6148.eastus2.cloudapp.azure.com\"\r\n    },\r\n    \"ipTags\": []\r\n  },\r\n  \"type\": \"Microsoft.Network/publicIPAddresses\",\r\n  \"sku\": {\r\n    \"name\": \"Basic\"\r\n  }\r\n}",
      "StatusCode": 201
    },
    {
      "RequestUri": "/subscriptions/e37510d7-33b6-4676-886f-ee75bcc01871/providers/Microsoft.Network/locations/eastus2/operations/8efc825f-940a-4a9b-84ed-af56c1303be5?api-version=2019-09-01",
      "EncodedRequestUri": "L3N1YnNjcmlwdGlvbnMvZTM3NTEwZDctMzNiNi00Njc2LTg4NmYtZWU3NWJjYzAxODcxL3Byb3ZpZGVycy9NaWNyb3NvZnQuTmV0d29yay9sb2NhdGlvbnMvZWFzdHVzMi9vcGVyYXRpb25zLzhlZmM4MjVmLTk0MGEtNGE5Yi04NGVkLWFmNTZjMTMwM2JlNT9hcGktdmVyc2lvbj0yMDE5LTA5LTAx",
      "RequestMethod": "GET",
      "RequestBody": "",
      "RequestHeaders": {
        "User-Agent": [
          "FxVersion/4.6.26614.01",
          "OSName/Windows",
          "OSVersion/Microsoft.Windows.10.0.17763.",
          "Microsoft.Azure.Management.Network.NetworkManagementClient/19.17.1.0"
        ]
      },
      "ResponseHeaders": {
        "Cache-Control": [
          "no-cache"
        ],
        "Date": [
          "Wed, 17 Nov 2021 18:19:08 GMT"
        ],
        "Pragma": [
          "no-cache"
        ],
        "Retry-After": [
          "2"
        ],
        "Server": [
          "Microsoft-HTTPAPI/2.0",
          "Microsoft-HTTPAPI/2.0"
        ],
        "x-ms-request-id": [
          "a77c3b34-5385-4e03-a478-4dfc892e9a50"
        ],
        "x-ms-correlation-request-id": [
          "bd9e0c4b-fccb-48f3-8c8f-63f15c300cf9"
        ],
        "x-ms-arm-service-request-id": [
          "e5909dd3-8bdc-40de-8d99-1739bfa35c9c"
        ],
        "Strict-Transport-Security": [
          "max-age=31536000; includeSubDomains"
        ],
        "x-ms-ratelimit-remaining-subscription-reads": [
          "11999"
        ],
        "x-ms-routing-request-id": [
          "EASTUS2:20211117T181909Z:bd9e0c4b-fccb-48f3-8c8f-63f15c300cf9"
        ],
        "X-Content-Type-Options": [
          "nosniff"
        ],
        "Content-Length": [
          "30"
        ],
        "Content-Type": [
          "application/json; charset=utf-8"
        ],
        "Expires": [
          "-1"
        ]
      },
      "ResponseBody": "{\r\n  \"status\": \"InProgress\"\r\n}",
      "StatusCode": 200
    },
    {
      "RequestUri": "/subscriptions/e37510d7-33b6-4676-886f-ee75bcc01871/providers/Microsoft.Network/locations/eastus2/operations/8efc825f-940a-4a9b-84ed-af56c1303be5?api-version=2019-09-01",
      "EncodedRequestUri": "L3N1YnNjcmlwdGlvbnMvZTM3NTEwZDctMzNiNi00Njc2LTg4NmYtZWU3NWJjYzAxODcxL3Byb3ZpZGVycy9NaWNyb3NvZnQuTmV0d29yay9sb2NhdGlvbnMvZWFzdHVzMi9vcGVyYXRpb25zLzhlZmM4MjVmLTk0MGEtNGE5Yi04NGVkLWFmNTZjMTMwM2JlNT9hcGktdmVyc2lvbj0yMDE5LTA5LTAx",
      "RequestMethod": "GET",
      "RequestBody": "",
      "RequestHeaders": {
        "User-Agent": [
          "FxVersion/4.6.26614.01",
          "OSName/Windows",
          "OSVersion/Microsoft.Windows.10.0.17763.",
          "Microsoft.Azure.Management.Network.NetworkManagementClient/19.17.1.0"
        ]
      },
      "ResponseHeaders": {
        "Cache-Control": [
          "no-cache"
        ],
        "Date": [
          "Wed, 17 Nov 2021 18:19:10 GMT"
        ],
        "Pragma": [
          "no-cache"
        ],
        "Server": [
          "Microsoft-HTTPAPI/2.0",
          "Microsoft-HTTPAPI/2.0"
        ],
        "x-ms-request-id": [
          "5d313bf3-55f1-4881-ac8f-6a0b4a96e6fc"
        ],
        "x-ms-correlation-request-id": [
          "8874a918-d38b-43db-8e2e-cd470402e52b"
        ],
        "x-ms-arm-service-request-id": [
          "b3dfb0f7-b8dc-4894-9ee1-ae3d060a51b9"
        ],
        "Strict-Transport-Security": [
          "max-age=31536000; includeSubDomains"
        ],
        "x-ms-ratelimit-remaining-subscription-reads": [
          "11998"
        ],
        "x-ms-routing-request-id": [
          "EASTUS2:20211117T181911Z:8874a918-d38b-43db-8e2e-cd470402e52b"
        ],
        "X-Content-Type-Options": [
          "nosniff"
        ],
        "Content-Length": [
          "29"
        ],
        "Content-Type": [
          "application/json; charset=utf-8"
        ],
        "Expires": [
          "-1"
        ]
      },
      "ResponseBody": "{\r\n  \"status\": \"Succeeded\"\r\n}",
      "StatusCode": 200
    },
    {
      "RequestUri": "/subscriptions/e37510d7-33b6-4676-886f-ee75bcc01871/resourceGroups/crptestar6636/providers/Microsoft.Network/publicIPAddresses/pip5428?api-version=2019-09-01",
      "EncodedRequestUri": "L3N1YnNjcmlwdGlvbnMvZTM3NTEwZDctMzNiNi00Njc2LTg4NmYtZWU3NWJjYzAxODcxL3Jlc291cmNlR3JvdXBzL2NycHRlc3RhcjY2MzYvcHJvdmlkZXJzL01pY3Jvc29mdC5OZXR3b3JrL3B1YmxpY0lQQWRkcmVzc2VzL3BpcDU0Mjg/YXBpLXZlcnNpb249MjAxOS0wOS0wMQ==",
      "RequestMethod": "GET",
      "RequestBody": "",
      "RequestHeaders": {
        "User-Agent": [
          "FxVersion/4.6.26614.01",
          "OSName/Windows",
          "OSVersion/Microsoft.Windows.10.0.17763.",
          "Microsoft.Azure.Management.Network.NetworkManagementClient/19.17.1.0"
        ]
      },
      "ResponseHeaders": {
        "Cache-Control": [
          "no-cache"
        ],
        "Date": [
          "Wed, 17 Nov 2021 18:19:10 GMT"
        ],
        "Pragma": [
          "no-cache"
        ],
        "ETag": [
          "W/\"7e7b556a-e092-437a-9e37-2ea463b602b5\""
        ],
        "Server": [
          "Microsoft-HTTPAPI/2.0",
          "Microsoft-HTTPAPI/2.0"
        ],
        "x-ms-request-id": [
          "601eda7a-d29a-4ce1-80ba-b07d8433d16f"
        ],
        "x-ms-correlation-request-id": [
          "91fe5f80-c446-4ee7-8403-152b3c4daeea"
        ],
        "x-ms-arm-service-request-id": [
          "f044c22f-5d92-4392-ba80-b0f53b5e6a92"
        ],
        "Strict-Transport-Security": [
          "max-age=31536000; includeSubDomains"
        ],
        "x-ms-ratelimit-remaining-subscription-reads": [
          "11997"
        ],
        "x-ms-routing-request-id": [
          "EASTUS2:20211117T181911Z:91fe5f80-c446-4ee7-8403-152b3c4daeea"
        ],
        "X-Content-Type-Options": [
          "nosniff"
        ],
        "Content-Length": [
          "758"
        ],
        "Content-Type": [
          "application/json; charset=utf-8"
        ],
        "Expires": [
          "-1"
        ]
      },
      "ResponseBody": "{\r\n  \"name\": \"pip5428\",\r\n  \"id\": \"/subscriptions/e37510d7-33b6-4676-886f-ee75bcc01871/resourceGroups/crptestar6636/providers/Microsoft.Network/publicIPAddresses/pip5428\",\r\n  \"etag\": \"W/\\\"7e7b556a-e092-437a-9e37-2ea463b602b5\\\"\",\r\n  \"location\": \"eastus2\",\r\n  \"tags\": {\r\n    \"key\": \"value\"\r\n  },\r\n  \"properties\": {\r\n    \"provisioningState\": \"Succeeded\",\r\n    \"resourceGuid\": \"8811000f-540b-4053-abbe-0bf5b3d58173\",\r\n    \"publicIPAddressVersion\": \"IPv4\",\r\n    \"publicIPAllocationMethod\": \"Dynamic\",\r\n    \"idleTimeoutInMinutes\": 4,\r\n    \"dnsSettings\": {\r\n      \"domainNameLabel\": \"dn6148\",\r\n      \"fqdn\": \"dn6148.eastus2.cloudapp.azure.com\"\r\n    },\r\n    \"ipTags\": []\r\n  },\r\n  \"type\": \"Microsoft.Network/publicIPAddresses\",\r\n  \"sku\": {\r\n    \"name\": \"Basic\"\r\n  }\r\n}",
      "StatusCode": 200
    },
    {
      "RequestUri": "/subscriptions/e37510d7-33b6-4676-886f-ee75bcc01871/resourceGroups/crptestar6636/providers/Microsoft.Network/publicIPAddresses/pip5428?api-version=2019-09-01",
      "EncodedRequestUri": "L3N1YnNjcmlwdGlvbnMvZTM3NTEwZDctMzNiNi00Njc2LTg4NmYtZWU3NWJjYzAxODcxL3Jlc291cmNlR3JvdXBzL2NycHRlc3RhcjY2MzYvcHJvdmlkZXJzL01pY3Jvc29mdC5OZXR3b3JrL3B1YmxpY0lQQWRkcmVzc2VzL3BpcDU0Mjg/YXBpLXZlcnNpb249MjAxOS0wOS0wMQ==",
      "RequestMethod": "GET",
      "RequestBody": "",
      "RequestHeaders": {
        "x-ms-client-request-id": [
          "d8075789-7454-4653-a2dc-ff919754ae57"
        ],
        "accept-language": [
          "en-US"
        ],
        "User-Agent": [
          "FxVersion/4.6.26614.01",
          "OSName/Windows",
          "OSVersion/Microsoft.Windows.10.0.17763.",
          "Microsoft.Azure.Management.Network.NetworkManagementClient/19.17.1.0"
        ]
      },
      "ResponseHeaders": {
        "Cache-Control": [
          "no-cache"
        ],
        "Date": [
          "Wed, 17 Nov 2021 18:19:10 GMT"
        ],
        "Pragma": [
          "no-cache"
        ],
        "ETag": [
          "W/\"7e7b556a-e092-437a-9e37-2ea463b602b5\""
        ],
        "Server": [
          "Microsoft-HTTPAPI/2.0",
          "Microsoft-HTTPAPI/2.0"
        ],
        "x-ms-request-id": [
          "dbdb790c-9b7a-47fc-b7d1-4e245bdf4c2f"
        ],
        "x-ms-correlation-request-id": [
          "823ab7b5-ba24-44a3-a181-aff863a4f6d8"
        ],
        "x-ms-arm-service-request-id": [
          "37a69194-5bd5-452f-afc9-b5f9e2004739"
        ],
        "Strict-Transport-Security": [
          "max-age=31536000; includeSubDomains"
        ],
        "x-ms-ratelimit-remaining-subscription-reads": [
          "11996"
        ],
        "x-ms-routing-request-id": [
          "EASTUS2:20211117T181911Z:823ab7b5-ba24-44a3-a181-aff863a4f6d8"
        ],
        "X-Content-Type-Options": [
          "nosniff"
        ],
        "Content-Length": [
          "758"
        ],
        "Content-Type": [
          "application/json; charset=utf-8"
        ],
        "Expires": [
          "-1"
        ]
      },
      "ResponseBody": "{\r\n  \"name\": \"pip5428\",\r\n  \"id\": \"/subscriptions/e37510d7-33b6-4676-886f-ee75bcc01871/resourceGroups/crptestar6636/providers/Microsoft.Network/publicIPAddresses/pip5428\",\r\n  \"etag\": \"W/\\\"7e7b556a-e092-437a-9e37-2ea463b602b5\\\"\",\r\n  \"location\": \"eastus2\",\r\n  \"tags\": {\r\n    \"key\": \"value\"\r\n  },\r\n  \"properties\": {\r\n    \"provisioningState\": \"Succeeded\",\r\n    \"resourceGuid\": \"8811000f-540b-4053-abbe-0bf5b3d58173\",\r\n    \"publicIPAddressVersion\": \"IPv4\",\r\n    \"publicIPAllocationMethod\": \"Dynamic\",\r\n    \"idleTimeoutInMinutes\": 4,\r\n    \"dnsSettings\": {\r\n      \"domainNameLabel\": \"dn6148\",\r\n      \"fqdn\": \"dn6148.eastus2.cloudapp.azure.com\"\r\n    },\r\n    \"ipTags\": []\r\n  },\r\n  \"type\": \"Microsoft.Network/publicIPAddresses\",\r\n  \"sku\": {\r\n    \"name\": \"Basic\"\r\n  }\r\n}",
      "StatusCode": 200
    },
    {
      "RequestUri": "/subscriptions/e37510d7-33b6-4676-886f-ee75bcc01871/resourceGroups/crptestar6636/providers/Microsoft.Network/virtualNetworks/vn2393?api-version=2019-09-01",
      "EncodedRequestUri": "L3N1YnNjcmlwdGlvbnMvZTM3NTEwZDctMzNiNi00Njc2LTg4NmYtZWU3NWJjYzAxODcxL3Jlc291cmNlR3JvdXBzL2NycHRlc3RhcjY2MzYvcHJvdmlkZXJzL01pY3Jvc29mdC5OZXR3b3JrL3ZpcnR1YWxOZXR3b3Jrcy92bjIzOTM/YXBpLXZlcnNpb249MjAxOS0wOS0wMQ==",
      "RequestMethod": "PUT",
      "RequestBody": "{\r\n  \"properties\": {\r\n    \"addressSpace\": {\r\n      \"addressPrefixes\": [\r\n        \"10.0.0.0/16\"\r\n      ]\r\n    },\r\n    \"subnets\": [\r\n      {\r\n        \"properties\": {\r\n          \"addressPrefix\": \"10.0.0.0/24\"\r\n        },\r\n        \"name\": \"sn67\"\r\n      }\r\n    ]\r\n  },\r\n  \"location\": \"eastus2\"\r\n}",
      "RequestHeaders": {
        "x-ms-client-request-id": [
          "90e82608-062d-446c-a0cd-f964a95b4c47"
        ],
        "accept-language": [
          "en-US"
        ],
        "User-Agent": [
          "FxVersion/4.6.26614.01",
          "OSName/Windows",
          "OSVersion/Microsoft.Windows.10.0.17763.",
          "Microsoft.Azure.Management.Network.NetworkManagementClient/19.17.1.0"
        ],
        "Content-Type": [
          "application/json; charset=utf-8"
        ],
        "Content-Length": [
          "291"
        ]
      },
      "ResponseHeaders": {
        "Cache-Control": [
          "no-cache"
        ],
        "Date": [
          "Wed, 17 Nov 2021 18:19:10 GMT"
        ],
        "Pragma": [
          "no-cache"
        ],
        "Retry-After": [
          "3"
        ],
        "Server": [
          "Microsoft-HTTPAPI/2.0",
          "Microsoft-HTTPAPI/2.0"
        ],
        "x-ms-request-id": [
          "0e844043-79ae-4d8e-a4eb-61a6aac1d734"
        ],
        "Azure-AsyncOperation": [
          "https://management.azure.com/subscriptions/e37510d7-33b6-4676-886f-ee75bcc01871/providers/Microsoft.Network/locations/eastus2/operations/0e844043-79ae-4d8e-a4eb-61a6aac1d734?api-version=2019-09-01"
        ],
        "x-ms-correlation-request-id": [
          "b53eff72-e6e8-4782-968e-f15227d14a62"
        ],
        "Azure-AsyncNotification": [
          "Enabled"
        ],
        "x-ms-arm-service-request-id": [
          "3da81804-10b2-4382-a1ec-5af1c1f979e1"
        ],
        "Strict-Transport-Security": [
          "max-age=31536000; includeSubDomains"
        ],
        "x-ms-ratelimit-remaining-subscription-writes": [
          "1198"
        ],
        "x-ms-routing-request-id": [
          "EASTUS2:20211117T181911Z:b53eff72-e6e8-4782-968e-f15227d14a62"
        ],
        "X-Content-Type-Options": [
          "nosniff"
        ],
        "Content-Length": [
          "1208"
        ],
        "Content-Type": [
          "application/json; charset=utf-8"
        ],
        "Expires": [
          "-1"
        ]
      },
      "ResponseBody": "{\r\n  \"name\": \"vn2393\",\r\n  \"id\": \"/subscriptions/e37510d7-33b6-4676-886f-ee75bcc01871/resourceGroups/crptestar6636/providers/Microsoft.Network/virtualNetworks/vn2393\",\r\n  \"etag\": \"W/\\\"3e07f8c0-66ff-4963-bfe6-379175f0d857\\\"\",\r\n  \"type\": \"Microsoft.Network/virtualNetworks\",\r\n  \"location\": \"eastus2\",\r\n  \"properties\": {\r\n    \"provisioningState\": \"Updating\",\r\n    \"resourceGuid\": \"3dd696fc-329b-4b36-8ef5-39d636111d8e\",\r\n    \"addressSpace\": {\r\n      \"addressPrefixes\": [\r\n        \"10.0.0.0/16\"\r\n      ]\r\n    },\r\n    \"subnets\": [\r\n      {\r\n        \"name\": \"sn67\",\r\n        \"id\": \"/subscriptions/e37510d7-33b6-4676-886f-ee75bcc01871/resourceGroups/crptestar6636/providers/Microsoft.Network/virtualNetworks/vn2393/subnets/sn67\",\r\n        \"etag\": \"W/\\\"3e07f8c0-66ff-4963-bfe6-379175f0d857\\\"\",\r\n        \"properties\": {\r\n          \"provisioningState\": \"Updating\",\r\n          \"addressPrefix\": \"10.0.0.0/24\",\r\n          \"delegations\": [],\r\n          \"privateEndpointNetworkPolicies\": \"Enabled\",\r\n          \"privateLinkServiceNetworkPolicies\": \"Enabled\"\r\n        },\r\n        \"type\": \"Microsoft.Network/virtualNetworks/subnets\"\r\n      }\r\n    ],\r\n    \"virtualNetworkPeerings\": [],\r\n    \"enableDdosProtection\": false\r\n  }\r\n}",
      "StatusCode": 201
    },
    {
      "RequestUri": "/subscriptions/e37510d7-33b6-4676-886f-ee75bcc01871/providers/Microsoft.Network/locations/eastus2/operations/0e844043-79ae-4d8e-a4eb-61a6aac1d734?api-version=2019-09-01",
      "EncodedRequestUri": "L3N1YnNjcmlwdGlvbnMvZTM3NTEwZDctMzNiNi00Njc2LTg4NmYtZWU3NWJjYzAxODcxL3Byb3ZpZGVycy9NaWNyb3NvZnQuTmV0d29yay9sb2NhdGlvbnMvZWFzdHVzMi9vcGVyYXRpb25zLzBlODQ0MDQzLTc5YWUtNGQ4ZS1hNGViLTYxYTZhYWMxZDczND9hcGktdmVyc2lvbj0yMDE5LTA5LTAx",
      "RequestMethod": "GET",
      "RequestBody": "",
      "RequestHeaders": {
        "User-Agent": [
          "FxVersion/4.6.26614.01",
          "OSName/Windows",
          "OSVersion/Microsoft.Windows.10.0.17763.",
          "Microsoft.Azure.Management.Network.NetworkManagementClient/19.17.1.0"
        ]
      },
      "ResponseHeaders": {
        "Cache-Control": [
          "no-cache"
        ],
        "Date": [
          "Wed, 17 Nov 2021 18:19:13 GMT"
        ],
        "Pragma": [
          "no-cache"
        ],
        "Server": [
          "Microsoft-HTTPAPI/2.0",
          "Microsoft-HTTPAPI/2.0"
        ],
        "x-ms-request-id": [
          "9db3d1a3-8d1f-4c55-8911-5bfd9734eb9f"
        ],
        "x-ms-correlation-request-id": [
          "ee366109-0cd8-4361-b364-74e50fc3fc8a"
        ],
        "x-ms-arm-service-request-id": [
          "27ecefd8-7839-4c38-912e-dcec4eeebe5a"
        ],
        "Strict-Transport-Security": [
          "max-age=31536000; includeSubDomains"
        ],
        "x-ms-ratelimit-remaining-subscription-reads": [
          "11995"
        ],
        "x-ms-routing-request-id": [
          "EASTUS2:20211117T181914Z:ee366109-0cd8-4361-b364-74e50fc3fc8a"
        ],
        "X-Content-Type-Options": [
          "nosniff"
        ],
        "Content-Length": [
          "29"
        ],
        "Content-Type": [
          "application/json; charset=utf-8"
        ],
        "Expires": [
          "-1"
        ]
      },
      "ResponseBody": "{\r\n  \"status\": \"Succeeded\"\r\n}",
      "StatusCode": 200
    },
    {
      "RequestUri": "/subscriptions/e37510d7-33b6-4676-886f-ee75bcc01871/resourceGroups/crptestar6636/providers/Microsoft.Network/virtualNetworks/vn2393?api-version=2019-09-01",
      "EncodedRequestUri": "L3N1YnNjcmlwdGlvbnMvZTM3NTEwZDctMzNiNi00Njc2LTg4NmYtZWU3NWJjYzAxODcxL3Jlc291cmNlR3JvdXBzL2NycHRlc3RhcjY2MzYvcHJvdmlkZXJzL01pY3Jvc29mdC5OZXR3b3JrL3ZpcnR1YWxOZXR3b3Jrcy92bjIzOTM/YXBpLXZlcnNpb249MjAxOS0wOS0wMQ==",
      "RequestMethod": "GET",
      "RequestBody": "",
      "RequestHeaders": {
        "User-Agent": [
          "FxVersion/4.6.26614.01",
          "OSName/Windows",
          "OSVersion/Microsoft.Windows.10.0.17763.",
          "Microsoft.Azure.Management.Network.NetworkManagementClient/19.17.1.0"
        ]
      },
      "ResponseHeaders": {
        "Cache-Control": [
          "no-cache"
        ],
        "Date": [
          "Wed, 17 Nov 2021 18:19:13 GMT"
        ],
        "Pragma": [
          "no-cache"
        ],
        "ETag": [
          "W/\"f30727cb-5e64-4e16-942c-7cb6744ef53c\""
        ],
        "Server": [
          "Microsoft-HTTPAPI/2.0",
          "Microsoft-HTTPAPI/2.0"
        ],
        "x-ms-request-id": [
          "f8d1d610-0af6-4b94-965c-7899ead4dec5"
        ],
        "x-ms-correlation-request-id": [
          "794594b1-dcab-452f-ba25-5aae60c4aed3"
        ],
        "x-ms-arm-service-request-id": [
          "efec254d-4d72-4517-b941-736388ad2b7f"
        ],
        "Strict-Transport-Security": [
          "max-age=31536000; includeSubDomains"
        ],
        "x-ms-ratelimit-remaining-subscription-reads": [
          "11994"
        ],
        "x-ms-routing-request-id": [
          "EASTUS2:20211117T181914Z:794594b1-dcab-452f-ba25-5aae60c4aed3"
        ],
        "X-Content-Type-Options": [
          "nosniff"
        ],
        "Content-Length": [
          "1210"
        ],
        "Content-Type": [
          "application/json; charset=utf-8"
        ],
        "Expires": [
          "-1"
        ]
      },
      "ResponseBody": "{\r\n  \"name\": \"vn2393\",\r\n  \"id\": \"/subscriptions/e37510d7-33b6-4676-886f-ee75bcc01871/resourceGroups/crptestar6636/providers/Microsoft.Network/virtualNetworks/vn2393\",\r\n  \"etag\": \"W/\\\"f30727cb-5e64-4e16-942c-7cb6744ef53c\\\"\",\r\n  \"type\": \"Microsoft.Network/virtualNetworks\",\r\n  \"location\": \"eastus2\",\r\n  \"properties\": {\r\n    \"provisioningState\": \"Succeeded\",\r\n    \"resourceGuid\": \"3dd696fc-329b-4b36-8ef5-39d636111d8e\",\r\n    \"addressSpace\": {\r\n      \"addressPrefixes\": [\r\n        \"10.0.0.0/16\"\r\n      ]\r\n    },\r\n    \"subnets\": [\r\n      {\r\n        \"name\": \"sn67\",\r\n        \"id\": \"/subscriptions/e37510d7-33b6-4676-886f-ee75bcc01871/resourceGroups/crptestar6636/providers/Microsoft.Network/virtualNetworks/vn2393/subnets/sn67\",\r\n        \"etag\": \"W/\\\"f30727cb-5e64-4e16-942c-7cb6744ef53c\\\"\",\r\n        \"properties\": {\r\n          \"provisioningState\": \"Succeeded\",\r\n          \"addressPrefix\": \"10.0.0.0/24\",\r\n          \"delegations\": [],\r\n          \"privateEndpointNetworkPolicies\": \"Enabled\",\r\n          \"privateLinkServiceNetworkPolicies\": \"Enabled\"\r\n        },\r\n        \"type\": \"Microsoft.Network/virtualNetworks/subnets\"\r\n      }\r\n    ],\r\n    \"virtualNetworkPeerings\": [],\r\n    \"enableDdosProtection\": false\r\n  }\r\n}",
      "StatusCode": 200
    },
    {
      "RequestUri": "/subscriptions/e37510d7-33b6-4676-886f-ee75bcc01871/resourceGroups/crptestar6636/providers/Microsoft.Network/virtualNetworks/vn2393/subnets/sn67?api-version=2019-09-01",
      "EncodedRequestUri": "L3N1YnNjcmlwdGlvbnMvZTM3NTEwZDctMzNiNi00Njc2LTg4NmYtZWU3NWJjYzAxODcxL3Jlc291cmNlR3JvdXBzL2NycHRlc3RhcjY2MzYvcHJvdmlkZXJzL01pY3Jvc29mdC5OZXR3b3JrL3ZpcnR1YWxOZXR3b3Jrcy92bjIzOTMvc3VibmV0cy9zbjY3P2FwaS12ZXJzaW9uPTIwMTktMDktMDE=",
      "RequestMethod": "GET",
      "RequestBody": "",
      "RequestHeaders": {
        "x-ms-client-request-id": [
          "d978a47a-8705-4b87-a214-4640b62189f6"
        ],
        "accept-language": [
          "en-US"
        ],
        "User-Agent": [
          "FxVersion/4.6.26614.01",
          "OSName/Windows",
          "OSVersion/Microsoft.Windows.10.0.17763.",
          "Microsoft.Azure.Management.Network.NetworkManagementClient/19.17.1.0"
        ]
      },
      "ResponseHeaders": {
        "Cache-Control": [
          "no-cache"
        ],
        "Date": [
          "Wed, 17 Nov 2021 18:19:13 GMT"
        ],
        "Pragma": [
          "no-cache"
        ],
        "ETag": [
          "W/\"f30727cb-5e64-4e16-942c-7cb6744ef53c\""
        ],
        "Server": [
          "Microsoft-HTTPAPI/2.0",
          "Microsoft-HTTPAPI/2.0"
        ],
        "x-ms-request-id": [
          "c730c197-21df-44ad-b190-88aaa29ac1c7"
        ],
        "x-ms-correlation-request-id": [
          "4c5c5c86-5ce9-4228-a964-1046ae9ac101"
        ],
        "x-ms-arm-service-request-id": [
          "20154105-33e6-4fbc-86f1-9217ca627789"
        ],
        "Strict-Transport-Security": [
          "max-age=31536000; includeSubDomains"
        ],
        "x-ms-ratelimit-remaining-subscription-reads": [
          "11993"
        ],
        "x-ms-routing-request-id": [
          "EASTUS2:20211117T181914Z:4c5c5c86-5ce9-4228-a964-1046ae9ac101"
        ],
        "X-Content-Type-Options": [
          "nosniff"
        ],
        "Content-Length": [
          "519"
        ],
        "Content-Type": [
          "application/json; charset=utf-8"
        ],
        "Expires": [
          "-1"
        ]
      },
      "ResponseBody": "{\r\n  \"name\": \"sn67\",\r\n  \"id\": \"/subscriptions/e37510d7-33b6-4676-886f-ee75bcc01871/resourceGroups/crptestar6636/providers/Microsoft.Network/virtualNetworks/vn2393/subnets/sn67\",\r\n  \"etag\": \"W/\\\"f30727cb-5e64-4e16-942c-7cb6744ef53c\\\"\",\r\n  \"properties\": {\r\n    \"provisioningState\": \"Succeeded\",\r\n    \"addressPrefix\": \"10.0.0.0/24\",\r\n    \"delegations\": [],\r\n    \"privateEndpointNetworkPolicies\": \"Enabled\",\r\n    \"privateLinkServiceNetworkPolicies\": \"Enabled\"\r\n  },\r\n  \"type\": \"Microsoft.Network/virtualNetworks/subnets\"\r\n}",
      "StatusCode": 200
    },
    {
      "RequestUri": "/subscriptions/e37510d7-33b6-4676-886f-ee75bcc01871/resourceGroups/crptestar6636/providers/Microsoft.Network/networkInterfaces/nic2598?api-version=2019-09-01",
      "EncodedRequestUri": "L3N1YnNjcmlwdGlvbnMvZTM3NTEwZDctMzNiNi00Njc2LTg4NmYtZWU3NWJjYzAxODcxL3Jlc291cmNlR3JvdXBzL2NycHRlc3RhcjY2MzYvcHJvdmlkZXJzL01pY3Jvc29mdC5OZXR3b3JrL25ldHdvcmtJbnRlcmZhY2VzL25pYzI1OTg/YXBpLXZlcnNpb249MjAxOS0wOS0wMQ==",
      "RequestMethod": "PUT",
      "RequestBody": "{\r\n  \"properties\": {\r\n    \"ipConfigurations\": [\r\n      {\r\n        \"properties\": {\r\n          \"privateIPAllocationMethod\": \"Dynamic\",\r\n          \"subnet\": {\r\n            \"properties\": {\r\n              \"addressPrefix\": \"10.0.0.0/24\",\r\n              \"delegations\": [],\r\n              \"privateEndpointNetworkPolicies\": \"Enabled\",\r\n              \"privateLinkServiceNetworkPolicies\": \"Enabled\"\r\n            },\r\n            \"name\": \"sn67\",\r\n            \"id\": \"/subscriptions/e37510d7-33b6-4676-886f-ee75bcc01871/resourceGroups/crptestar6636/providers/Microsoft.Network/virtualNetworks/vn2393/subnets/sn67\"\r\n          }\r\n        },\r\n        \"name\": \"ip7925\"\r\n      }\r\n    ]\r\n  },\r\n  \"location\": \"eastus2\",\r\n  \"tags\": {\r\n    \"key\": \"value\"\r\n  }\r\n}",
      "RequestHeaders": {
        "x-ms-client-request-id": [
          "6cc8ad30-09ca-4a1c-b434-fd90ff6d1177"
        ],
        "accept-language": [
          "en-US"
        ],
        "User-Agent": [
          "FxVersion/4.6.26614.01",
          "OSName/Windows",
          "OSVersion/Microsoft.Windows.10.0.17763.",
          "Microsoft.Azure.Management.Network.NetworkManagementClient/19.17.1.0"
        ],
        "Content-Type": [
          "application/json; charset=utf-8"
        ],
        "Content-Length": [
          "738"
        ]
      },
      "ResponseHeaders": {
        "Cache-Control": [
          "no-cache"
        ],
        "Date": [
          "Wed, 17 Nov 2021 18:19:14 GMT"
        ],
        "Pragma": [
          "no-cache"
        ],
        "Server": [
          "Microsoft-HTTPAPI/2.0",
          "Microsoft-HTTPAPI/2.0"
        ],
        "x-ms-request-id": [
          "c326b277-6710-4e03-b41d-ae0f81a871fa"
        ],
        "Azure-AsyncOperation": [
          "https://management.azure.com/subscriptions/e37510d7-33b6-4676-886f-ee75bcc01871/providers/Microsoft.Network/locations/eastus2/operations/c326b277-6710-4e03-b41d-ae0f81a871fa?api-version=2019-09-01"
        ],
        "x-ms-correlation-request-id": [
          "1fb8dad0-a82d-411f-8f84-6b4232314002"
        ],
        "Azure-AsyncNotification": [
          "Enabled"
        ],
        "x-ms-arm-service-request-id": [
          "ae3716d2-cd61-49f7-a254-3fe41735aa4d"
        ],
        "Strict-Transport-Security": [
          "max-age=31536000; includeSubDomains"
        ],
        "x-ms-ratelimit-remaining-subscription-writes": [
          "1197"
        ],
        "x-ms-routing-request-id": [
          "EASTUS2:20211117T181915Z:1fb8dad0-a82d-411f-8f84-6b4232314002"
        ],
        "X-Content-Type-Options": [
          "nosniff"
        ],
        "Content-Length": [
          "1623"
        ],
        "Content-Type": [
          "application/json; charset=utf-8"
        ],
        "Expires": [
          "-1"
        ]
      },
      "ResponseBody": "{\r\n  \"name\": \"nic2598\",\r\n  \"id\": \"/subscriptions/e37510d7-33b6-4676-886f-ee75bcc01871/resourceGroups/crptestar6636/providers/Microsoft.Network/networkInterfaces/nic2598\",\r\n  \"etag\": \"W/\\\"8ac7a56f-32ca-43d1-8d50-eda80821c231\\\"\",\r\n  \"location\": \"eastus2\",\r\n  \"tags\": {\r\n    \"key\": \"value\"\r\n  },\r\n  \"properties\": {\r\n    \"provisioningState\": \"Succeeded\",\r\n    \"resourceGuid\": \"aa2267c7-d00c-49c1-a1b0-2b5dddadea89\",\r\n    \"ipConfigurations\": [\r\n      {\r\n        \"name\": \"ip7925\",\r\n        \"id\": \"/subscriptions/e37510d7-33b6-4676-886f-ee75bcc01871/resourceGroups/crptestar6636/providers/Microsoft.Network/networkInterfaces/nic2598/ipConfigurations/ip7925\",\r\n        \"etag\": \"W/\\\"8ac7a56f-32ca-43d1-8d50-eda80821c231\\\"\",\r\n        \"type\": \"Microsoft.Network/networkInterfaces/ipConfigurations\",\r\n        \"properties\": {\r\n          \"provisioningState\": \"Succeeded\",\r\n          \"privateIPAddress\": \"10.0.0.4\",\r\n          \"privateIPAllocationMethod\": \"Dynamic\",\r\n          \"subnet\": {\r\n            \"id\": \"/subscriptions/e37510d7-33b6-4676-886f-ee75bcc01871/resourceGroups/crptestar6636/providers/Microsoft.Network/virtualNetworks/vn2393/subnets/sn67\"\r\n          },\r\n          \"primary\": true,\r\n          \"privateIPAddressVersion\": \"IPv4\"\r\n        }\r\n      }\r\n    ],\r\n    \"dnsSettings\": {\r\n      \"dnsServers\": [],\r\n      \"appliedDnsServers\": [],\r\n      \"internalDomainNameSuffix\": \"5slnmpm1gi1exdxvhhldmei3rg.cx.internal.cloudapp.net\"\r\n    },\r\n    \"enableAcceleratedNetworking\": false,\r\n    \"enableIPForwarding\": false,\r\n    \"hostedWorkloads\": [],\r\n    \"tapConfigurations\": []\r\n  },\r\n  \"type\": \"Microsoft.Network/networkInterfaces\"\r\n}",
      "StatusCode": 201
    },
    {
      "RequestUri": "/subscriptions/e37510d7-33b6-4676-886f-ee75bcc01871/resourceGroups/crptestar6636/providers/Microsoft.Network/networkInterfaces/nic2598?api-version=2019-09-01",
      "EncodedRequestUri": "L3N1YnNjcmlwdGlvbnMvZTM3NTEwZDctMzNiNi00Njc2LTg4NmYtZWU3NWJjYzAxODcxL3Jlc291cmNlR3JvdXBzL2NycHRlc3RhcjY2MzYvcHJvdmlkZXJzL01pY3Jvc29mdC5OZXR3b3JrL25ldHdvcmtJbnRlcmZhY2VzL25pYzI1OTg/YXBpLXZlcnNpb249MjAxOS0wOS0wMQ==",
      "RequestMethod": "GET",
      "RequestBody": "",
      "RequestHeaders": {
        "User-Agent": [
          "FxVersion/4.6.26614.01",
          "OSName/Windows",
          "OSVersion/Microsoft.Windows.10.0.17763.",
          "Microsoft.Azure.Management.Network.NetworkManagementClient/19.17.1.0"
        ]
      },
      "ResponseHeaders": {
        "Cache-Control": [
          "no-cache"
        ],
        "Date": [
          "Wed, 17 Nov 2021 18:19:14 GMT"
        ],
        "Pragma": [
          "no-cache"
        ],
        "ETag": [
          "W/\"8ac7a56f-32ca-43d1-8d50-eda80821c231\""
        ],
        "Server": [
          "Microsoft-HTTPAPI/2.0",
          "Microsoft-HTTPAPI/2.0"
        ],
        "x-ms-request-id": [
          "cd358bed-3f7c-4409-973d-b04b081a0d02"
        ],
        "x-ms-correlation-request-id": [
          "ccd528fc-d28a-4cdb-84fb-600ccd3335b8"
        ],
        "x-ms-arm-service-request-id": [
          "034e0a17-507b-419f-814f-74eb98061986"
        ],
        "Strict-Transport-Security": [
          "max-age=31536000; includeSubDomains"
        ],
        "x-ms-ratelimit-remaining-subscription-reads": [
          "11992"
        ],
        "x-ms-routing-request-id": [
          "EASTUS2:20211117T181915Z:ccd528fc-d28a-4cdb-84fb-600ccd3335b8"
        ],
        "X-Content-Type-Options": [
          "nosniff"
        ],
        "Content-Length": [
          "1623"
        ],
        "Content-Type": [
          "application/json; charset=utf-8"
        ],
        "Expires": [
          "-1"
        ]
      },
      "ResponseBody": "{\r\n  \"name\": \"nic2598\",\r\n  \"id\": \"/subscriptions/e37510d7-33b6-4676-886f-ee75bcc01871/resourceGroups/crptestar6636/providers/Microsoft.Network/networkInterfaces/nic2598\",\r\n  \"etag\": \"W/\\\"8ac7a56f-32ca-43d1-8d50-eda80821c231\\\"\",\r\n  \"location\": \"eastus2\",\r\n  \"tags\": {\r\n    \"key\": \"value\"\r\n  },\r\n  \"properties\": {\r\n    \"provisioningState\": \"Succeeded\",\r\n    \"resourceGuid\": \"aa2267c7-d00c-49c1-a1b0-2b5dddadea89\",\r\n    \"ipConfigurations\": [\r\n      {\r\n        \"name\": \"ip7925\",\r\n        \"id\": \"/subscriptions/e37510d7-33b6-4676-886f-ee75bcc01871/resourceGroups/crptestar6636/providers/Microsoft.Network/networkInterfaces/nic2598/ipConfigurations/ip7925\",\r\n        \"etag\": \"W/\\\"8ac7a56f-32ca-43d1-8d50-eda80821c231\\\"\",\r\n        \"type\": \"Microsoft.Network/networkInterfaces/ipConfigurations\",\r\n        \"properties\": {\r\n          \"provisioningState\": \"Succeeded\",\r\n          \"privateIPAddress\": \"10.0.0.4\",\r\n          \"privateIPAllocationMethod\": \"Dynamic\",\r\n          \"subnet\": {\r\n            \"id\": \"/subscriptions/e37510d7-33b6-4676-886f-ee75bcc01871/resourceGroups/crptestar6636/providers/Microsoft.Network/virtualNetworks/vn2393/subnets/sn67\"\r\n          },\r\n          \"primary\": true,\r\n          \"privateIPAddressVersion\": \"IPv4\"\r\n        }\r\n      }\r\n    ],\r\n    \"dnsSettings\": {\r\n      \"dnsServers\": [],\r\n      \"appliedDnsServers\": [],\r\n      \"internalDomainNameSuffix\": \"5slnmpm1gi1exdxvhhldmei3rg.cx.internal.cloudapp.net\"\r\n    },\r\n    \"enableAcceleratedNetworking\": false,\r\n    \"enableIPForwarding\": false,\r\n    \"hostedWorkloads\": [],\r\n    \"tapConfigurations\": []\r\n  },\r\n  \"type\": \"Microsoft.Network/networkInterfaces\"\r\n}",
      "StatusCode": 200
    },
    {
      "RequestUri": "/subscriptions/e37510d7-33b6-4676-886f-ee75bcc01871/resourceGroups/crptestar6636/providers/Microsoft.Network/networkInterfaces/nic2598?api-version=2019-09-01",
      "EncodedRequestUri": "L3N1YnNjcmlwdGlvbnMvZTM3NTEwZDctMzNiNi00Njc2LTg4NmYtZWU3NWJjYzAxODcxL3Jlc291cmNlR3JvdXBzL2NycHRlc3RhcjY2MzYvcHJvdmlkZXJzL01pY3Jvc29mdC5OZXR3b3JrL25ldHdvcmtJbnRlcmZhY2VzL25pYzI1OTg/YXBpLXZlcnNpb249MjAxOS0wOS0wMQ==",
      "RequestMethod": "GET",
      "RequestBody": "",
      "RequestHeaders": {
        "x-ms-client-request-id": [
          "607b07b4-5c74-430a-a481-b30b089dfbcc"
        ],
        "accept-language": [
          "en-US"
        ],
        "User-Agent": [
          "FxVersion/4.6.26614.01",
          "OSName/Windows",
          "OSVersion/Microsoft.Windows.10.0.17763.",
          "Microsoft.Azure.Management.Network.NetworkManagementClient/19.17.1.0"
        ]
      },
      "ResponseHeaders": {
        "Cache-Control": [
          "no-cache"
        ],
        "Date": [
          "Wed, 17 Nov 2021 18:19:14 GMT"
        ],
        "Pragma": [
          "no-cache"
        ],
        "ETag": [
          "W/\"8ac7a56f-32ca-43d1-8d50-eda80821c231\""
        ],
        "Server": [
          "Microsoft-HTTPAPI/2.0",
          "Microsoft-HTTPAPI/2.0"
        ],
        "x-ms-request-id": [
          "03188f20-7fe3-48ce-934a-47c3964cf10c"
        ],
        "x-ms-correlation-request-id": [
          "38441cd9-a49c-4976-8b45-17f9b092dd9d"
        ],
        "x-ms-arm-service-request-id": [
          "f2c912b2-88af-4a72-97a9-c6b8f0afee0a"
        ],
        "Strict-Transport-Security": [
          "max-age=31536000; includeSubDomains"
        ],
        "x-ms-ratelimit-remaining-subscription-reads": [
          "11991"
        ],
        "x-ms-routing-request-id": [
          "EASTUS2:20211117T181915Z:38441cd9-a49c-4976-8b45-17f9b092dd9d"
        ],
        "X-Content-Type-Options": [
          "nosniff"
        ],
        "Content-Length": [
          "1623"
        ],
        "Content-Type": [
          "application/json; charset=utf-8"
        ],
        "Expires": [
          "-1"
        ]
      },
      "ResponseBody": "{\r\n  \"name\": \"nic2598\",\r\n  \"id\": \"/subscriptions/e37510d7-33b6-4676-886f-ee75bcc01871/resourceGroups/crptestar6636/providers/Microsoft.Network/networkInterfaces/nic2598\",\r\n  \"etag\": \"W/\\\"8ac7a56f-32ca-43d1-8d50-eda80821c231\\\"\",\r\n  \"location\": \"eastus2\",\r\n  \"tags\": {\r\n    \"key\": \"value\"\r\n  },\r\n  \"properties\": {\r\n    \"provisioningState\": \"Succeeded\",\r\n    \"resourceGuid\": \"aa2267c7-d00c-49c1-a1b0-2b5dddadea89\",\r\n    \"ipConfigurations\": [\r\n      {\r\n        \"name\": \"ip7925\",\r\n        \"id\": \"/subscriptions/e37510d7-33b6-4676-886f-ee75bcc01871/resourceGroups/crptestar6636/providers/Microsoft.Network/networkInterfaces/nic2598/ipConfigurations/ip7925\",\r\n        \"etag\": \"W/\\\"8ac7a56f-32ca-43d1-8d50-eda80821c231\\\"\",\r\n        \"type\": \"Microsoft.Network/networkInterfaces/ipConfigurations\",\r\n        \"properties\": {\r\n          \"provisioningState\": \"Succeeded\",\r\n          \"privateIPAddress\": \"10.0.0.4\",\r\n          \"privateIPAllocationMethod\": \"Dynamic\",\r\n          \"subnet\": {\r\n            \"id\": \"/subscriptions/e37510d7-33b6-4676-886f-ee75bcc01871/resourceGroups/crptestar6636/providers/Microsoft.Network/virtualNetworks/vn2393/subnets/sn67\"\r\n          },\r\n          \"primary\": true,\r\n          \"privateIPAddressVersion\": \"IPv4\"\r\n        }\r\n      }\r\n    ],\r\n    \"dnsSettings\": {\r\n      \"dnsServers\": [],\r\n      \"appliedDnsServers\": [],\r\n      \"internalDomainNameSuffix\": \"5slnmpm1gi1exdxvhhldmei3rg.cx.internal.cloudapp.net\"\r\n    },\r\n    \"enableAcceleratedNetworking\": false,\r\n    \"enableIPForwarding\": false,\r\n    \"hostedWorkloads\": [],\r\n    \"tapConfigurations\": []\r\n  },\r\n  \"type\": \"Microsoft.Network/networkInterfaces\"\r\n}",
      "StatusCode": 200
    },
    {
      "RequestUri": "/subscriptions/e37510d7-33b6-4676-886f-ee75bcc01871/resourceGroups/crptestar6636/providers/Microsoft.Compute/availabilitySets/as9431?api-version=2021-11-01",
      "EncodedRequestUri": "L3N1YnNjcmlwdGlvbnMvZTM3NTEwZDctMzNiNi00Njc2LTg4NmYtZWU3NWJjYzAxODcxL3Jlc291cmNlR3JvdXBzL2NycHRlc3RhcjY2MzYvcHJvdmlkZXJzL01pY3Jvc29mdC5Db21wdXRlL2F2YWlsYWJpbGl0eVNldHMvYXM5NDMxP2FwaS12ZXJzaW9uPTIwMjEtMTEtMDE=",
      "RequestMethod": "PUT",
      "RequestBody": "{\r\n  \"properties\": {\r\n    \"platformUpdateDomainCount\": 1,\r\n    \"platformFaultDomainCount\": 1\r\n  },\r\n  \"sku\": {\r\n    \"name\": \"Aligned\"\r\n  },\r\n  \"location\": \"eastus2\",\r\n  \"tags\": {\r\n    \"RG\": \"rg\",\r\n    \"testTag\": \"1\"\r\n  }\r\n}",
      "RequestHeaders": {
        "x-ms-client-request-id": [
          "6132dc64-3dcb-4dd2-a4de-4c0984c48187"
        ],
        "accept-language": [
          "en-US"
        ],
        "User-Agent": [
          "FxVersion/4.6.26614.01",
          "OSName/Windows",
          "OSVersion/Microsoft.Windows.10.0.17763.",
          "Microsoft.Azure.Management.Compute.ComputeManagementClient/50.0.0"
        ],
        "Content-Type": [
          "application/json; charset=utf-8"
        ],
        "Content-Length": [
          "223"
        ]
      },
      "ResponseHeaders": {
        "Cache-Control": [
          "no-cache"
        ],
        "Date": [
          "Wed, 17 Nov 2021 18:19:15 GMT"
        ],
        "Pragma": [
          "no-cache"
        ],
        "Server": [
          "Microsoft-HTTPAPI/2.0",
          "Microsoft-HTTPAPI/2.0"
        ],
        "x-ms-ratelimit-remaining-resource": [
          "Microsoft.Compute/PutVM3Min;239,Microsoft.Compute/PutVM30Min;1199"
        ],
        "Strict-Transport-Security": [
          "max-age=31536000; includeSubDomains"
        ],
        "x-ms-request-id": [
          "9e070108-868f-4f6d-be72-3dd01b029764"
        ],
        "x-ms-ratelimit-remaining-subscription-writes": [
          "1199"
        ],
        "x-ms-correlation-request-id": [
          "d923c552-8192-4167-887d-2d01b2f708fe"
        ],
        "x-ms-routing-request-id": [
          "EASTUS2:20211117T181915Z:d923c552-8192-4167-887d-2d01b2f708fe"
        ],
        "X-Content-Type-Options": [
          "nosniff"
        ],
        "Content-Length": [
          "438"
        ],
        "Content-Type": [
          "application/json; charset=utf-8"
        ],
        "Expires": [
          "-1"
        ]
      },
      "ResponseBody": "{\r\n  \"name\": \"as9431\",\r\n  \"id\": \"/subscriptions/e37510d7-33b6-4676-886f-ee75bcc01871/resourceGroups/crptestar6636/providers/Microsoft.Compute/availabilitySets/as9431\",\r\n  \"type\": \"Microsoft.Compute/availabilitySets\",\r\n  \"location\": \"eastus2\",\r\n  \"tags\": {\r\n    \"RG\": \"rg\",\r\n    \"testTag\": \"1\"\r\n  },\r\n  \"properties\": {\r\n    \"platformUpdateDomainCount\": 1,\r\n    \"platformFaultDomainCount\": 1\r\n  },\r\n  \"sku\": {\r\n    \"name\": \"Aligned\"\r\n  }\r\n}",
      "StatusCode": 200
    },
    {
      "RequestUri": "/subscriptions/e37510d7-33b6-4676-886f-ee75bcc01871/resourceGroups/crptestar6636/providers/Microsoft.Compute/virtualMachines/vm1382?api-version=2021-11-01",
      "EncodedRequestUri": "L3N1YnNjcmlwdGlvbnMvZTM3NTEwZDctMzNiNi00Njc2LTg4NmYtZWU3NWJjYzAxODcxL3Jlc291cmNlR3JvdXBzL2NycHRlc3RhcjY2MzYvcHJvdmlkZXJzL01pY3Jvc29mdC5Db21wdXRlL3ZpcnR1YWxNYWNoaW5lcy92bTEzODI/YXBpLXZlcnNpb249MjAyMS0xMS0wMQ==",
      "RequestMethod": "PUT",
      "RequestBody": "{\r\n  \"properties\": {\r\n    \"hardwareProfile\": {\r\n      \"vmSize\": \"Standard_A1_v2\"\r\n    },\r\n    \"storageProfile\": {\r\n      \"imageReference\": {\r\n        \"publisher\": \"MicrosoftWindowsServer\",\r\n        \"offer\": \"WindowsServer\",\r\n        \"sku\": \"2012-R2-Datacenter\",\r\n        \"version\": \"4.127.20180315\"\r\n      },\r\n      \"osDisk\": {\r\n        \"name\": \"test\",\r\n        \"caching\": \"None\",\r\n        \"createOption\": \"FromImage\",\r\n        \"managedDisk\": {\r\n          \"storageAccountType\": \"Standard_LRS\",\r\n          \"diskEncryptionSet\": {\r\n            \"id\": \"/subscriptions/e37510d7-33b6-4676-886f-ee75bcc01871/resourceGroups/RGforSDKtestResources/providers/Microsoft.Compute/diskEncryptionSets/DESforTest\"\r\n          }\r\n        }\r\n      },\r\n      \"dataDisks\": [\r\n        {\r\n          \"lun\": 0,\r\n          \"caching\": \"None\",\r\n          \"createOption\": \"Empty\",\r\n          \"diskSizeGB\": 30,\r\n          \"managedDisk\": {\r\n            \"storageAccountType\": \"Standard_LRS\",\r\n            \"diskEncryptionSet\": {\r\n              \"id\": \"/subscriptions/e37510d7-33b6-4676-886f-ee75bcc01871/resourceGroups/RGforSDKtestResources/providers/Microsoft.Compute/diskEncryptionSets/DESforTest\"\r\n            }\r\n          }\r\n        }\r\n      ]\r\n    },\r\n    \"osProfile\": {\r\n      \"computerName\": \"Test\",\r\n      \"adminUsername\": \"Foo12\",\r\n      \"adminPassword\": \"[PLACEHOLDEr1]\"\r\n    },\r\n    \"networkProfile\": {\r\n      \"networkInterfaces\": [\r\n        {\r\n          \"id\": \"/subscriptions/e37510d7-33b6-4676-886f-ee75bcc01871/resourceGroups/crptestar6636/providers/Microsoft.Network/networkInterfaces/nic2598\"\r\n        }\r\n      ]\r\n    },\r\n    \"availabilitySet\": {\r\n      \"id\": \"/subscriptions/e37510d7-33b6-4676-886f-ee75bcc01871/resourceGroups/crptestar6636/providers/Microsoft.Compute/availabilitySets/as9431\"\r\n    }\r\n  },\r\n  \"location\": \"eastus2\",\r\n  \"tags\": {\r\n    \"RG\": \"rg\",\r\n    \"testTag\": \"1\"\r\n  }\r\n}",
      "RequestHeaders": {
        "x-ms-client-request-id": [
          "71706bf5-394c-41b4-952a-bc571490a648"
        ],
        "accept-language": [
          "en-US"
        ],
        "User-Agent": [
          "FxVersion/4.6.26614.01",
          "OSName/Windows",
          "OSVersion/Microsoft.Windows.10.0.17763.",
          "Microsoft.Azure.Management.Compute.ComputeManagementClient/50.0.0"
        ],
        "Content-Type": [
          "application/json; charset=utf-8"
        ],
        "Content-Length": [
          "1871"
        ]
      },
      "ResponseHeaders": {
        "Cache-Control": [
          "no-cache"
        ],
        "Date": [
          "Wed, 17 Nov 2021 18:19:15 GMT"
        ],
        "Pragma": [
          "no-cache"
        ],
        "Retry-After": [
          "10"
        ],
        "Server": [
          "Microsoft-HTTPAPI/2.0",
          "Microsoft-HTTPAPI/2.0"
        ],
        "Azure-AsyncOperation": [
          "https://management.azure.com/subscriptions/e37510d7-33b6-4676-886f-ee75bcc01871/providers/Microsoft.Compute/locations/eastus2/operations/4a060d20-a052-4c85-bc98-600967417fd8?p=41da89ab-29fa-414a-bb5c-9eea1ddab902&api-version=2021-11-01"
        ],
        "Azure-AsyncNotification": [
          "Enabled"
        ],
        "x-ms-ratelimit-remaining-resource": [
          "Microsoft.Compute/PutVM3Min;238,Microsoft.Compute/PutVM30Min;1198"
        ],
        "Strict-Transport-Security": [
          "max-age=31536000; includeSubDomains"
        ],
        "x-ms-request-id": [
          "4a060d20-a052-4c85-bc98-600967417fd8"
        ],
        "x-ms-ratelimit-remaining-subscription-writes": [
          "1198"
        ],
        "x-ms-correlation-request-id": [
          "e72afd3f-100c-413e-9ea5-b9d4de041a9a"
        ],
        "x-ms-routing-request-id": [
          "EASTUS2:20211117T181916Z:e72afd3f-100c-413e-9ea5-b9d4de041a9a"
        ],
        "X-Content-Type-Options": [
          "nosniff"
        ],
        "Content-Length": [
          "2752"
        ],
        "Content-Type": [
          "application/json; charset=utf-8"
        ],
        "Expires": [
          "-1"
        ]
      },
      "ResponseBody": "{\r\n  \"name\": \"vm1382\",\r\n  \"id\": \"/subscriptions/e37510d7-33b6-4676-886f-ee75bcc01871/resourceGroups/crptestar6636/providers/Microsoft.Compute/virtualMachines/vm1382\",\r\n  \"type\": \"Microsoft.Compute/virtualMachines\",\r\n  \"location\": \"eastus2\",\r\n  \"tags\": {\r\n    \"RG\": \"rg\",\r\n    \"testTag\": \"1\",\r\n    \"azsecpack\": \"nonprod\",\r\n    \"platformsettings.host_environment.service.platform_optedin_for_rootcerts\": \"true\"\r\n  },\r\n  \"properties\": {\r\n    \"vmId\": \"ce6760a0-8625-4c49-ab3e-e84c8a367923\",\r\n    \"availabilitySet\": {\r\n      \"id\": \"/subscriptions/e37510d7-33b6-4676-886f-ee75bcc01871/resourceGroups/crptestar6636/providers/Microsoft.Compute/availabilitySets/AS9431\"\r\n    },\r\n    \"hardwareProfile\": {\r\n      \"vmSize\": \"Standard_A1_v2\"\r\n    },\r\n    \"storageProfile\": {\r\n      \"imageReference\": {\r\n        \"publisher\": \"MicrosoftWindowsServer\",\r\n        \"offer\": \"WindowsServer\",\r\n        \"sku\": \"2012-R2-Datacenter\",\r\n        \"version\": \"4.127.20180315\",\r\n        \"exactVersion\": \"4.127.20180315\"\r\n      },\r\n      \"osDisk\": {\r\n        \"osType\": \"Windows\",\r\n        \"name\": \"test\",\r\n        \"createOption\": \"FromImage\",\r\n        \"caching\": \"None\",\r\n        \"managedDisk\": {\r\n          \"diskEncryptionSet\": {\r\n            \"id\": \"/subscriptions/e37510d7-33b6-4676-886f-ee75bcc01871/resourceGroups/RGforSDKtestResources/providers/Microsoft.Compute/diskEncryptionSets/DESforTest\"\r\n          },\r\n          \"storageAccountType\": \"Standard_LRS\"\r\n        },\r\n        \"deleteOption\": \"Detach\",\r\n        \"diskSizeGB\": 127\r\n      },\r\n      \"dataDisks\": [\r\n        {\r\n          \"lun\": 0,\r\n          \"createOption\": \"Empty\",\r\n          \"caching\": \"None\",\r\n          \"managedDisk\": {\r\n            \"diskEncryptionSet\": {\r\n              \"id\": \"/subscriptions/e37510d7-33b6-4676-886f-ee75bcc01871/resourceGroups/RGforSDKtestResources/providers/Microsoft.Compute/diskEncryptionSets/DESforTest\"\r\n            },\r\n            \"storageAccountType\": \"Standard_LRS\"\r\n          },\r\n          \"deleteOption\": \"Detach\",\r\n          \"diskSizeGB\": 30,\r\n          \"toBeDetached\": false\r\n        }\r\n      ]\r\n    },\r\n    \"osProfile\": {\r\n      \"computerName\": \"Test\",\r\n      \"adminUsername\": \"Foo12\",\r\n      \"windowsConfiguration\": {\r\n        \"provisionVMAgent\": true,\r\n        \"enableAutomaticUpdates\": true,\r\n        \"patchSettings\": {\r\n          \"patchMode\": \"AutomaticByOS\",\r\n          \"assessmentMode\": \"ImageDefault\"\r\n        }\r\n      },\r\n      \"secrets\": [],\r\n      \"allowExtensionOperations\": true,\r\n      \"requireGuestProvisionSignal\": true\r\n    },\r\n    \"networkProfile\": {\r\n      \"networkInterfaces\": [\r\n        {\r\n          \"id\": \"/subscriptions/e37510d7-33b6-4676-886f-ee75bcc01871/resourceGroups/crptestar6636/providers/Microsoft.Network/networkInterfaces/nic2598\"\r\n        }\r\n      ]\r\n    },\r\n    \"provisioningState\": \"Creating\"\r\n  }\r\n}",
      "StatusCode": 201
    },
    {
      "RequestUri": "/subscriptions/e37510d7-33b6-4676-886f-ee75bcc01871/providers/Microsoft.Compute/locations/eastus2/operations/4a060d20-a052-4c85-bc98-600967417fd8?p=41da89ab-29fa-414a-bb5c-9eea1ddab902&api-version=2021-11-01",
      "EncodedRequestUri": "L3N1YnNjcmlwdGlvbnMvZTM3NTEwZDctMzNiNi00Njc2LTg4NmYtZWU3NWJjYzAxODcxL3Byb3ZpZGVycy9NaWNyb3NvZnQuQ29tcHV0ZS9sb2NhdGlvbnMvZWFzdHVzMi9vcGVyYXRpb25zLzRhMDYwZDIwLWEwNTItNGM4NS1iYzk4LTYwMDk2NzQxN2ZkOD9wPTQxZGE4OWFiLTI5ZmEtNDE0YS1iYjVjLTllZWExZGRhYjkwMiZhcGktdmVyc2lvbj0yMDIxLTExLTAx",
      "RequestMethod": "GET",
      "RequestBody": "",
      "RequestHeaders": {
        "User-Agent": [
          "FxVersion/4.6.26614.01",
          "OSName/Windows",
          "OSVersion/Microsoft.Windows.10.0.17763.",
          "Microsoft.Azure.Management.Compute.ComputeManagementClient/50.0.0"
        ]
      },
      "ResponseHeaders": {
        "Cache-Control": [
          "no-cache"
        ],
        "Date": [
          "Wed, 17 Nov 2021 18:19:25 GMT"
        ],
        "Pragma": [
          "no-cache"
        ],
        "Retry-After": [
          "50"
        ],
        "Server": [
          "Microsoft-HTTPAPI/2.0",
          "Microsoft-HTTPAPI/2.0"
        ],
        "x-ms-ratelimit-remaining-resource": [
          "Microsoft.Compute/GetOperation3Min;14999,Microsoft.Compute/GetOperation30Min;29999"
        ],
        "Strict-Transport-Security": [
          "max-age=31536000; includeSubDomains"
        ],
        "x-ms-request-id": [
          "c20f53d6-ccf3-4bbf-91f6-b98a27fec6c7"
        ],
        "x-ms-ratelimit-remaining-subscription-reads": [
          "11998"
        ],
        "x-ms-correlation-request-id": [
          "56ffe8da-59f9-47c7-bd3a-7a11b6946684"
        ],
        "x-ms-routing-request-id": [
          "EASTUS2:20211117T181926Z:56ffe8da-59f9-47c7-bd3a-7a11b6946684"
        ],
        "X-Content-Type-Options": [
          "nosniff"
        ],
        "Content-Length": [
          "134"
        ],
        "Content-Type": [
          "application/json; charset=utf-8"
        ],
        "Expires": [
          "-1"
        ]
      },
      "ResponseBody": "{\r\n  \"startTime\": \"2021-11-17T18:19:15.7914048+00:00\",\r\n  \"status\": \"InProgress\",\r\n  \"name\": \"4a060d20-a052-4c85-bc98-600967417fd8\"\r\n}",
      "StatusCode": 200
    },
    {
      "RequestUri": "/subscriptions/e37510d7-33b6-4676-886f-ee75bcc01871/providers/Microsoft.Compute/locations/eastus2/operations/4a060d20-a052-4c85-bc98-600967417fd8?p=41da89ab-29fa-414a-bb5c-9eea1ddab902&api-version=2021-11-01",
      "EncodedRequestUri": "L3N1YnNjcmlwdGlvbnMvZTM3NTEwZDctMzNiNi00Njc2LTg4NmYtZWU3NWJjYzAxODcxL3Byb3ZpZGVycy9NaWNyb3NvZnQuQ29tcHV0ZS9sb2NhdGlvbnMvZWFzdHVzMi9vcGVyYXRpb25zLzRhMDYwZDIwLWEwNTItNGM4NS1iYzk4LTYwMDk2NzQxN2ZkOD9wPTQxZGE4OWFiLTI5ZmEtNDE0YS1iYjVjLTllZWExZGRhYjkwMiZhcGktdmVyc2lvbj0yMDIxLTExLTAx",
      "RequestMethod": "GET",
      "RequestBody": "",
      "RequestHeaders": {
        "User-Agent": [
          "FxVersion/4.6.26614.01",
          "OSName/Windows",
          "OSVersion/Microsoft.Windows.10.0.17763.",
          "Microsoft.Azure.Management.Compute.ComputeManagementClient/50.0.0"
        ]
      },
      "ResponseHeaders": {
        "Cache-Control": [
          "no-cache"
        ],
        "Date": [
          "Wed, 17 Nov 2021 18:20:16 GMT"
        ],
        "Pragma": [
          "no-cache"
        ],
        "Server": [
          "Microsoft-HTTPAPI/2.0",
          "Microsoft-HTTPAPI/2.0"
        ],
        "x-ms-ratelimit-remaining-resource": [
          "Microsoft.Compute/GetOperation3Min;14998,Microsoft.Compute/GetOperation30Min;29998"
        ],
        "Strict-Transport-Security": [
          "max-age=31536000; includeSubDomains"
        ],
        "x-ms-request-id": [
          "e6659222-7cbe-4672-a7f6-a217c414f0f8"
        ],
        "x-ms-ratelimit-remaining-subscription-reads": [
          "11997"
        ],
        "x-ms-correlation-request-id": [
          "c5ee7580-2e02-4ae8-8853-38be6a0ca029"
        ],
        "x-ms-routing-request-id": [
          "EASTUS2:20211117T182016Z:c5ee7580-2e02-4ae8-8853-38be6a0ca029"
        ],
        "X-Content-Type-Options": [
          "nosniff"
        ],
        "Content-Length": [
          "134"
        ],
        "Content-Type": [
          "application/json; charset=utf-8"
        ],
        "Expires": [
          "-1"
        ]
      },
      "ResponseBody": "{\r\n  \"startTime\": \"2021-11-17T18:19:15.7914048+00:00\",\r\n  \"status\": \"InProgress\",\r\n  \"name\": \"4a060d20-a052-4c85-bc98-600967417fd8\"\r\n}",
      "StatusCode": 200
    },
    {
      "RequestUri": "/subscriptions/e37510d7-33b6-4676-886f-ee75bcc01871/providers/Microsoft.Compute/locations/eastus2/operations/4a060d20-a052-4c85-bc98-600967417fd8?p=41da89ab-29fa-414a-bb5c-9eea1ddab902&api-version=2021-11-01",
      "EncodedRequestUri": "L3N1YnNjcmlwdGlvbnMvZTM3NTEwZDctMzNiNi00Njc2LTg4NmYtZWU3NWJjYzAxODcxL3Byb3ZpZGVycy9NaWNyb3NvZnQuQ29tcHV0ZS9sb2NhdGlvbnMvZWFzdHVzMi9vcGVyYXRpb25zLzRhMDYwZDIwLWEwNTItNGM4NS1iYzk4LTYwMDk2NzQxN2ZkOD9wPTQxZGE4OWFiLTI5ZmEtNDE0YS1iYjVjLTllZWExZGRhYjkwMiZhcGktdmVyc2lvbj0yMDIxLTExLTAx",
      "RequestMethod": "GET",
      "RequestBody": "",
      "RequestHeaders": {
        "User-Agent": [
          "FxVersion/4.6.26614.01",
          "OSName/Windows",
          "OSVersion/Microsoft.Windows.10.0.17763.",
          "Microsoft.Azure.Management.Compute.ComputeManagementClient/50.0.0"
        ]
      },
      "ResponseHeaders": {
        "Cache-Control": [
          "no-cache"
        ],
        "Date": [
          "Wed, 17 Nov 2021 18:21:06 GMT"
        ],
        "Pragma": [
          "no-cache"
        ],
        "Server": [
          "Microsoft-HTTPAPI/2.0",
          "Microsoft-HTTPAPI/2.0"
        ],
        "x-ms-ratelimit-remaining-resource": [
          "Microsoft.Compute/GetOperation3Min;14997,Microsoft.Compute/GetOperation30Min;29997"
        ],
        "Strict-Transport-Security": [
          "max-age=31536000; includeSubDomains"
        ],
        "x-ms-request-id": [
          "336605eb-fdc0-47ff-a964-f0c895ea220d"
        ],
        "x-ms-ratelimit-remaining-subscription-reads": [
          "11996"
        ],
        "x-ms-correlation-request-id": [
          "ae6b8460-94f7-4586-b2ca-38f390575441"
        ],
        "x-ms-routing-request-id": [
          "EASTUS2:20211117T182106Z:ae6b8460-94f7-4586-b2ca-38f390575441"
        ],
        "X-Content-Type-Options": [
          "nosniff"
        ],
        "Content-Length": [
          "134"
        ],
        "Content-Type": [
          "application/json; charset=utf-8"
        ],
        "Expires": [
          "-1"
        ]
      },
      "ResponseBody": "{\r\n  \"startTime\": \"2021-11-17T18:19:15.7914048+00:00\",\r\n  \"status\": \"InProgress\",\r\n  \"name\": \"4a060d20-a052-4c85-bc98-600967417fd8\"\r\n}",
      "StatusCode": 200
    },
    {
      "RequestUri": "/subscriptions/e37510d7-33b6-4676-886f-ee75bcc01871/providers/Microsoft.Compute/locations/eastus2/operations/4a060d20-a052-4c85-bc98-600967417fd8?p=41da89ab-29fa-414a-bb5c-9eea1ddab902&api-version=2021-11-01",
      "EncodedRequestUri": "L3N1YnNjcmlwdGlvbnMvZTM3NTEwZDctMzNiNi00Njc2LTg4NmYtZWU3NWJjYzAxODcxL3Byb3ZpZGVycy9NaWNyb3NvZnQuQ29tcHV0ZS9sb2NhdGlvbnMvZWFzdHVzMi9vcGVyYXRpb25zLzRhMDYwZDIwLWEwNTItNGM4NS1iYzk4LTYwMDk2NzQxN2ZkOD9wPTQxZGE4OWFiLTI5ZmEtNDE0YS1iYjVjLTllZWExZGRhYjkwMiZhcGktdmVyc2lvbj0yMDIxLTExLTAx",
      "RequestMethod": "GET",
      "RequestBody": "",
      "RequestHeaders": {
        "User-Agent": [
          "FxVersion/4.6.26614.01",
          "OSName/Windows",
          "OSVersion/Microsoft.Windows.10.0.17763.",
          "Microsoft.Azure.Management.Compute.ComputeManagementClient/50.0.0"
        ]
      },
      "ResponseHeaders": {
        "Cache-Control": [
          "no-cache"
        ],
        "Date": [
          "Wed, 17 Nov 2021 18:21:55 GMT"
        ],
        "Pragma": [
          "no-cache"
        ],
        "Server": [
          "Microsoft-HTTPAPI/2.0",
          "Microsoft-HTTPAPI/2.0"
        ],
        "x-ms-ratelimit-remaining-resource": [
          "Microsoft.Compute/GetOperation3Min;14995,Microsoft.Compute/GetOperation30Min;29995"
        ],
        "Strict-Transport-Security": [
          "max-age=31536000; includeSubDomains"
        ],
        "x-ms-request-id": [
          "d21e9683-88cb-4ade-b830-0cc2959ef5ca"
        ],
        "x-ms-ratelimit-remaining-subscription-reads": [
          "11995"
        ],
        "x-ms-correlation-request-id": [
          "1a1bf448-630a-4910-9334-3803b69bfb03"
        ],
        "x-ms-routing-request-id": [
          "EASTUS2:20211117T182156Z:1a1bf448-630a-4910-9334-3803b69bfb03"
        ],
        "X-Content-Type-Options": [
          "nosniff"
        ],
        "Content-Length": [
          "134"
        ],
        "Content-Type": [
          "application/json; charset=utf-8"
        ],
        "Expires": [
          "-1"
        ]
      },
      "ResponseBody": "{\r\n  \"startTime\": \"2021-11-17T18:19:15.7914048+00:00\",\r\n  \"status\": \"InProgress\",\r\n  \"name\": \"4a060d20-a052-4c85-bc98-600967417fd8\"\r\n}",
      "StatusCode": 200
    },
    {
      "RequestUri": "/subscriptions/e37510d7-33b6-4676-886f-ee75bcc01871/providers/Microsoft.Compute/locations/eastus2/operations/4a060d20-a052-4c85-bc98-600967417fd8?p=41da89ab-29fa-414a-bb5c-9eea1ddab902&api-version=2021-11-01",
      "EncodedRequestUri": "L3N1YnNjcmlwdGlvbnMvZTM3NTEwZDctMzNiNi00Njc2LTg4NmYtZWU3NWJjYzAxODcxL3Byb3ZpZGVycy9NaWNyb3NvZnQuQ29tcHV0ZS9sb2NhdGlvbnMvZWFzdHVzMi9vcGVyYXRpb25zLzRhMDYwZDIwLWEwNTItNGM4NS1iYzk4LTYwMDk2NzQxN2ZkOD9wPTQxZGE4OWFiLTI5ZmEtNDE0YS1iYjVjLTllZWExZGRhYjkwMiZhcGktdmVyc2lvbj0yMDIxLTExLTAx",
      "RequestMethod": "GET",
      "RequestBody": "",
      "RequestHeaders": {
        "User-Agent": [
          "FxVersion/4.6.26614.01",
          "OSName/Windows",
          "OSVersion/Microsoft.Windows.10.0.17763.",
          "Microsoft.Azure.Management.Compute.ComputeManagementClient/50.0.0"
        ]
      },
      "ResponseHeaders": {
        "Cache-Control": [
          "no-cache"
        ],
        "Date": [
          "Wed, 17 Nov 2021 18:22:45 GMT"
        ],
        "Pragma": [
          "no-cache"
        ],
        "Server": [
          "Microsoft-HTTPAPI/2.0",
          "Microsoft-HTTPAPI/2.0"
        ],
        "x-ms-ratelimit-remaining-resource": [
          "Microsoft.Compute/GetOperation3Min;14994,Microsoft.Compute/GetOperation30Min;29993"
        ],
        "Strict-Transport-Security": [
          "max-age=31536000; includeSubDomains"
        ],
        "x-ms-request-id": [
          "fc7271be-a5b0-48da-a5af-000a022d2e79"
        ],
        "x-ms-ratelimit-remaining-subscription-reads": [
          "11994"
        ],
        "x-ms-correlation-request-id": [
          "ff64fcf0-2254-4f39-9d61-910edb5e65cb"
        ],
        "x-ms-routing-request-id": [
          "EASTUS2:20211117T182246Z:ff64fcf0-2254-4f39-9d61-910edb5e65cb"
        ],
        "X-Content-Type-Options": [
          "nosniff"
        ],
        "Content-Length": [
          "184"
        ],
        "Content-Type": [
          "application/json; charset=utf-8"
        ],
        "Expires": [
          "-1"
        ]
      },
      "ResponseBody": "{\r\n  \"startTime\": \"2021-11-17T18:19:15.7914048+00:00\",\r\n  \"endTime\": \"2021-11-17T18:22:06.4118066+00:00\",\r\n  \"status\": \"Succeeded\",\r\n  \"name\": \"4a060d20-a052-4c85-bc98-600967417fd8\"\r\n}",
      "StatusCode": 200
    },
    {
      "RequestUri": "/subscriptions/e37510d7-33b6-4676-886f-ee75bcc01871/resourceGroups/crptestar6636/providers/Microsoft.Compute/virtualMachines/vm1382?api-version=2021-11-01",
      "EncodedRequestUri": "L3N1YnNjcmlwdGlvbnMvZTM3NTEwZDctMzNiNi00Njc2LTg4NmYtZWU3NWJjYzAxODcxL3Jlc291cmNlR3JvdXBzL2NycHRlc3RhcjY2MzYvcHJvdmlkZXJzL01pY3Jvc29mdC5Db21wdXRlL3ZpcnR1YWxNYWNoaW5lcy92bTEzODI/YXBpLXZlcnNpb249MjAyMS0xMS0wMQ==",
      "RequestMethod": "GET",
      "RequestBody": "",
      "RequestHeaders": {
        "User-Agent": [
          "FxVersion/4.6.26614.01",
          "OSName/Windows",
          "OSVersion/Microsoft.Windows.10.0.17763.",
          "Microsoft.Azure.Management.Compute.ComputeManagementClient/50.0.0"
        ]
      },
      "ResponseHeaders": {
        "Cache-Control": [
          "no-cache"
        ],
        "Date": [
          "Wed, 17 Nov 2021 18:22:45 GMT"
        ],
        "Pragma": [
          "no-cache"
        ],
        "Server": [
          "Microsoft-HTTPAPI/2.0",
          "Microsoft-HTTPAPI/2.0"
        ],
        "x-ms-ratelimit-remaining-resource": [
          "Microsoft.Compute/LowCostGet3Min;3997,Microsoft.Compute/LowCostGet30Min;31994"
        ],
        "Strict-Transport-Security": [
          "max-age=31536000; includeSubDomains"
        ],
        "x-ms-request-id": [
          "169cbf6a-30b7-4bb1-9534-f2b197a55349"
        ],
        "x-ms-ratelimit-remaining-subscription-reads": [
          "11993"
        ],
        "x-ms-correlation-request-id": [
          "34fd15bd-777e-4320-bf37-03aab176aee1"
        ],
        "x-ms-routing-request-id": [
          "EASTUS2:20211117T182246Z:34fd15bd-777e-4320-bf37-03aab176aee1"
        ],
        "X-Content-Type-Options": [
          "nosniff"
        ],
        "Content-Length": [
          "3144"
        ],
        "Content-Type": [
          "application/json; charset=utf-8"
        ],
        "Expires": [
          "-1"
        ]
      },
      "ResponseBody": "{\r\n  \"name\": \"vm1382\",\r\n  \"id\": \"/subscriptions/e37510d7-33b6-4676-886f-ee75bcc01871/resourceGroups/crptestar6636/providers/Microsoft.Compute/virtualMachines/vm1382\",\r\n  \"type\": \"Microsoft.Compute/virtualMachines\",\r\n  \"location\": \"eastus2\",\r\n  \"tags\": {\r\n    \"RG\": \"rg\",\r\n    \"testTag\": \"1\",\r\n    \"azsecpack\": \"nonprod\",\r\n    \"platformsettings.host_environment.service.platform_optedin_for_rootcerts\": \"true\"\r\n  },\r\n  \"properties\": {\r\n    \"vmId\": \"ce6760a0-8625-4c49-ab3e-e84c8a367923\",\r\n    \"availabilitySet\": {\r\n      \"id\": \"/subscriptions/e37510d7-33b6-4676-886f-ee75bcc01871/resourceGroups/crptestar6636/providers/Microsoft.Compute/availabilitySets/AS9431\"\r\n    },\r\n    \"hardwareProfile\": {\r\n      \"vmSize\": \"Standard_A1_v2\"\r\n    },\r\n    \"storageProfile\": {\r\n      \"imageReference\": {\r\n        \"publisher\": \"MicrosoftWindowsServer\",\r\n        \"offer\": \"WindowsServer\",\r\n        \"sku\": \"2012-R2-Datacenter\",\r\n        \"version\": \"4.127.20180315\",\r\n        \"exactVersion\": \"4.127.20180315\"\r\n      },\r\n      \"osDisk\": {\r\n        \"osType\": \"Windows\",\r\n        \"name\": \"test\",\r\n        \"createOption\": \"FromImage\",\r\n        \"caching\": \"None\",\r\n        \"managedDisk\": {\r\n          \"diskEncryptionSet\": {\r\n            \"id\": \"/subscriptions/e37510d7-33b6-4676-886f-ee75bcc01871/resourceGroups/RGforSDKtestResources/providers/Microsoft.Compute/diskEncryptionSets/DESforTest\"\r\n          },\r\n          \"storageAccountType\": \"Standard_LRS\",\r\n          \"id\": \"/subscriptions/e37510d7-33b6-4676-886f-ee75bcc01871/resourceGroups/crptestar6636/providers/Microsoft.Compute/disks/test\"\r\n        },\r\n        \"deleteOption\": \"Detach\",\r\n        \"diskSizeGB\": 127\r\n      },\r\n      \"dataDisks\": [\r\n        {\r\n          \"lun\": 0,\r\n          \"name\": \"vm1382_disk2_b7e30855532e42098bbb00274d724b85\",\r\n          \"createOption\": \"Empty\",\r\n          \"caching\": \"None\",\r\n          \"managedDisk\": {\r\n            \"diskEncryptionSet\": {\r\n              \"id\": \"/subscriptions/e37510d7-33b6-4676-886f-ee75bcc01871/resourceGroups/RGforSDKtestResources/providers/Microsoft.Compute/diskEncryptionSets/DESforTest\"\r\n            },\r\n            \"storageAccountType\": \"Standard_LRS\",\r\n            \"id\": \"/subscriptions/e37510d7-33b6-4676-886f-ee75bcc01871/resourceGroups/crptestar6636/providers/Microsoft.Compute/disks/vm1382_disk2_b7e30855532e42098bbb00274d724b85\"\r\n          },\r\n          \"deleteOption\": \"Detach\",\r\n          \"diskSizeGB\": 30,\r\n          \"toBeDetached\": false\r\n        }\r\n      ]\r\n    },\r\n    \"osProfile\": {\r\n      \"computerName\": \"Test\",\r\n      \"adminUsername\": \"Foo12\",\r\n      \"windowsConfiguration\": {\r\n        \"provisionVMAgent\": true,\r\n        \"enableAutomaticUpdates\": true,\r\n        \"patchSettings\": {\r\n          \"patchMode\": \"AutomaticByOS\",\r\n          \"assessmentMode\": \"ImageDefault\"\r\n        }\r\n      },\r\n      \"secrets\": [],\r\n      \"allowExtensionOperations\": true,\r\n      \"requireGuestProvisionSignal\": true\r\n    },\r\n    \"networkProfile\": {\r\n      \"networkInterfaces\": [\r\n        {\r\n          \"id\": \"/subscriptions/e37510d7-33b6-4676-886f-ee75bcc01871/resourceGroups/crptestar6636/providers/Microsoft.Network/networkInterfaces/nic2598\"\r\n        }\r\n      ]\r\n    },\r\n    \"provisioningState\": \"Succeeded\"\r\n  }\r\n}",
      "StatusCode": 200
    },
    {
      "RequestUri": "/subscriptions/e37510d7-33b6-4676-886f-ee75bcc01871/resourceGroups/crptestar6636/providers/Microsoft.Compute/virtualMachines/vm1382?api-version=2021-11-01",
      "EncodedRequestUri": "L3N1YnNjcmlwdGlvbnMvZTM3NTEwZDctMzNiNi00Njc2LTg4NmYtZWU3NWJjYzAxODcxL3Jlc291cmNlR3JvdXBzL2NycHRlc3RhcjY2MzYvcHJvdmlkZXJzL01pY3Jvc29mdC5Db21wdXRlL3ZpcnR1YWxNYWNoaW5lcy92bTEzODI/YXBpLXZlcnNpb249MjAyMS0xMS0wMQ==",
      "RequestMethod": "GET",
      "RequestBody": "",
      "RequestHeaders": {
        "x-ms-client-request-id": [
          "3ca66fd0-1aad-4e11-accf-b188c0454a96"
        ],
        "accept-language": [
          "en-US"
        ],
        "User-Agent": [
          "FxVersion/4.6.26614.01",
          "OSName/Windows",
          "OSVersion/Microsoft.Windows.10.0.17763.",
          "Microsoft.Azure.Management.Compute.ComputeManagementClient/50.0.0"
        ]
      },
      "ResponseHeaders": {
        "Cache-Control": [
          "no-cache"
        ],
        "Date": [
          "Wed, 17 Nov 2021 18:22:45 GMT"
        ],
        "Pragma": [
          "no-cache"
        ],
        "Server": [
          "Microsoft-HTTPAPI/2.0",
          "Microsoft-HTTPAPI/2.0"
        ],
        "x-ms-ratelimit-remaining-resource": [
          "Microsoft.Compute/LowCostGet3Min;3996,Microsoft.Compute/LowCostGet30Min;31993"
        ],
        "Strict-Transport-Security": [
          "max-age=31536000; includeSubDomains"
        ],
        "x-ms-request-id": [
          "07fb1e64-4d47-4388-b7b3-3e0bdc80e38d"
        ],
        "x-ms-ratelimit-remaining-subscription-reads": [
          "11992"
        ],
        "x-ms-correlation-request-id": [
          "06db9438-8585-47f7-9f22-7981fa4968d7"
        ],
        "x-ms-routing-request-id": [
          "EASTUS2:20211117T182246Z:06db9438-8585-47f7-9f22-7981fa4968d7"
        ],
        "X-Content-Type-Options": [
          "nosniff"
        ],
        "Content-Length": [
          "3144"
        ],
        "Content-Type": [
          "application/json; charset=utf-8"
        ],
        "Expires": [
          "-1"
        ]
      },
      "ResponseBody": "{\r\n  \"name\": \"vm1382\",\r\n  \"id\": \"/subscriptions/e37510d7-33b6-4676-886f-ee75bcc01871/resourceGroups/crptestar6636/providers/Microsoft.Compute/virtualMachines/vm1382\",\r\n  \"type\": \"Microsoft.Compute/virtualMachines\",\r\n  \"location\": \"eastus2\",\r\n  \"tags\": {\r\n    \"RG\": \"rg\",\r\n    \"testTag\": \"1\",\r\n    \"azsecpack\": \"nonprod\",\r\n    \"platformsettings.host_environment.service.platform_optedin_for_rootcerts\": \"true\"\r\n  },\r\n  \"properties\": {\r\n    \"vmId\": \"ce6760a0-8625-4c49-ab3e-e84c8a367923\",\r\n    \"availabilitySet\": {\r\n      \"id\": \"/subscriptions/e37510d7-33b6-4676-886f-ee75bcc01871/resourceGroups/crptestar6636/providers/Microsoft.Compute/availabilitySets/AS9431\"\r\n    },\r\n    \"hardwareProfile\": {\r\n      \"vmSize\": \"Standard_A1_v2\"\r\n    },\r\n    \"storageProfile\": {\r\n      \"imageReference\": {\r\n        \"publisher\": \"MicrosoftWindowsServer\",\r\n        \"offer\": \"WindowsServer\",\r\n        \"sku\": \"2012-R2-Datacenter\",\r\n        \"version\": \"4.127.20180315\",\r\n        \"exactVersion\": \"4.127.20180315\"\r\n      },\r\n      \"osDisk\": {\r\n        \"osType\": \"Windows\",\r\n        \"name\": \"test\",\r\n        \"createOption\": \"FromImage\",\r\n        \"caching\": \"None\",\r\n        \"managedDisk\": {\r\n          \"diskEncryptionSet\": {\r\n            \"id\": \"/subscriptions/e37510d7-33b6-4676-886f-ee75bcc01871/resourceGroups/RGforSDKtestResources/providers/Microsoft.Compute/diskEncryptionSets/DESforTest\"\r\n          },\r\n          \"storageAccountType\": \"Standard_LRS\",\r\n          \"id\": \"/subscriptions/e37510d7-33b6-4676-886f-ee75bcc01871/resourceGroups/crptestar6636/providers/Microsoft.Compute/disks/test\"\r\n        },\r\n        \"deleteOption\": \"Detach\",\r\n        \"diskSizeGB\": 127\r\n      },\r\n      \"dataDisks\": [\r\n        {\r\n          \"lun\": 0,\r\n          \"name\": \"vm1382_disk2_b7e30855532e42098bbb00274d724b85\",\r\n          \"createOption\": \"Empty\",\r\n          \"caching\": \"None\",\r\n          \"managedDisk\": {\r\n            \"diskEncryptionSet\": {\r\n              \"id\": \"/subscriptions/e37510d7-33b6-4676-886f-ee75bcc01871/resourceGroups/RGforSDKtestResources/providers/Microsoft.Compute/diskEncryptionSets/DESforTest\"\r\n            },\r\n            \"storageAccountType\": \"Standard_LRS\",\r\n            \"id\": \"/subscriptions/e37510d7-33b6-4676-886f-ee75bcc01871/resourceGroups/crptestar6636/providers/Microsoft.Compute/disks/vm1382_disk2_b7e30855532e42098bbb00274d724b85\"\r\n          },\r\n          \"deleteOption\": \"Detach\",\r\n          \"diskSizeGB\": 30,\r\n          \"toBeDetached\": false\r\n        }\r\n      ]\r\n    },\r\n    \"osProfile\": {\r\n      \"computerName\": \"Test\",\r\n      \"adminUsername\": \"Foo12\",\r\n      \"windowsConfiguration\": {\r\n        \"provisionVMAgent\": true,\r\n        \"enableAutomaticUpdates\": true,\r\n        \"patchSettings\": {\r\n          \"patchMode\": \"AutomaticByOS\",\r\n          \"assessmentMode\": \"ImageDefault\"\r\n        }\r\n      },\r\n      \"secrets\": [],\r\n      \"allowExtensionOperations\": true,\r\n      \"requireGuestProvisionSignal\": true\r\n    },\r\n    \"networkProfile\": {\r\n      \"networkInterfaces\": [\r\n        {\r\n          \"id\": \"/subscriptions/e37510d7-33b6-4676-886f-ee75bcc01871/resourceGroups/crptestar6636/providers/Microsoft.Network/networkInterfaces/nic2598\"\r\n        }\r\n      ]\r\n    },\r\n    \"provisioningState\": \"Succeeded\"\r\n  }\r\n}",
      "StatusCode": 200
    },
    {
      "RequestUri": "/subscriptions/e37510d7-33b6-4676-886f-ee75bcc01871/resourceGroups/crptestar6636/providers/Microsoft.Compute/virtualMachines/vm1382?$expand=instanceView&api-version=2021-11-01",
      "EncodedRequestUri": "L3N1YnNjcmlwdGlvbnMvZTM3NTEwZDctMzNiNi00Njc2LTg4NmYtZWU3NWJjYzAxODcxL3Jlc291cmNlR3JvdXBzL2NycHRlc3RhcjY2MzYvcHJvdmlkZXJzL01pY3Jvc29mdC5Db21wdXRlL3ZpcnR1YWxNYWNoaW5lcy92bTEzODI/JGV4cGFuZD1pbnN0YW5jZVZpZXcmYXBpLXZlcnNpb249MjAyMS0xMS0wMQ==",
      "RequestMethod": "GET",
      "RequestBody": "",
      "RequestHeaders": {
        "x-ms-client-request-id": [
          "1f7f9348-526b-43b7-b5cc-21b5b0c70a9f"
        ],
        "accept-language": [
          "en-US"
        ],
        "User-Agent": [
          "FxVersion/4.6.26614.01",
          "OSName/Windows",
          "OSVersion/Microsoft.Windows.10.0.17763.",
          "Microsoft.Azure.Management.Compute.ComputeManagementClient/50.0.0"
        ]
      },
      "ResponseHeaders": {
        "Cache-Control": [
          "no-cache"
        ],
        "Date": [
          "Wed, 17 Nov 2021 18:27:46 GMT"
        ],
        "Pragma": [
          "no-cache"
        ],
        "Server": [
          "Microsoft-HTTPAPI/2.0",
          "Microsoft-HTTPAPI/2.0"
        ],
        "x-ms-ratelimit-remaining-resource": [
          "Microsoft.Compute/LowCostGet3Min;3998,Microsoft.Compute/LowCostGet30Min;31991"
        ],
        "Strict-Transport-Security": [
          "max-age=31536000; includeSubDomains"
        ],
        "x-ms-request-id": [
          "e6d90739-25ad-41c4-821f-8f1942fb65a2"
        ],
        "x-ms-ratelimit-remaining-subscription-reads": [
          "11999"
        ],
        "x-ms-correlation-request-id": [
          "f24daf55-6b32-4904-a125-2ad707d4a981"
        ],
        "x-ms-routing-request-id": [
          "EASTUS2:20211117T182746Z:f24daf55-6b32-4904-a125-2ad707d4a981"
        ],
        "X-Content-Type-Options": [
          "nosniff"
        ],
        "Content-Length": [
          "4881"
        ],
        "Content-Type": [
          "application/json; charset=utf-8"
        ],
        "Expires": [
          "-1"
        ]
      },
      "ResponseBody": "{\r\n  \"name\": \"vm1382\",\r\n  \"id\": \"/subscriptions/e37510d7-33b6-4676-886f-ee75bcc01871/resourceGroups/crptestar6636/providers/Microsoft.Compute/virtualMachines/vm1382\",\r\n  \"type\": \"Microsoft.Compute/virtualMachines\",\r\n  \"location\": \"eastus2\",\r\n  \"tags\": {\r\n    \"RG\": \"rg\",\r\n    \"testTag\": \"1\",\r\n    \"azsecpack\": \"nonprod\",\r\n    \"platformsettings.host_environment.service.platform_optedin_for_rootcerts\": \"true\"\r\n  },\r\n  \"properties\": {\r\n    \"vmId\": \"ce6760a0-8625-4c49-ab3e-e84c8a367923\",\r\n    \"availabilitySet\": {\r\n      \"id\": \"/subscriptions/e37510d7-33b6-4676-886f-ee75bcc01871/resourceGroups/crptestar6636/providers/Microsoft.Compute/availabilitySets/AS9431\"\r\n    },\r\n    \"hardwareProfile\": {\r\n      \"vmSize\": \"Standard_A1_v2\"\r\n    },\r\n    \"storageProfile\": {\r\n      \"imageReference\": {\r\n        \"publisher\": \"MicrosoftWindowsServer\",\r\n        \"offer\": \"WindowsServer\",\r\n        \"sku\": \"2012-R2-Datacenter\",\r\n        \"version\": \"4.127.20180315\",\r\n        \"exactVersion\": \"4.127.20180315\"\r\n      },\r\n      \"osDisk\": {\r\n        \"osType\": \"Windows\",\r\n        \"name\": \"test\",\r\n        \"createOption\": \"FromImage\",\r\n        \"caching\": \"None\",\r\n        \"managedDisk\": {\r\n          \"diskEncryptionSet\": {\r\n            \"id\": \"/subscriptions/e37510d7-33b6-4676-886f-ee75bcc01871/resourceGroups/RGforSDKtestResources/providers/Microsoft.Compute/diskEncryptionSets/DESforTest\"\r\n          },\r\n          \"storageAccountType\": \"Standard_LRS\",\r\n          \"id\": \"/subscriptions/e37510d7-33b6-4676-886f-ee75bcc01871/resourceGroups/crptestar6636/providers/Microsoft.Compute/disks/test\"\r\n        },\r\n        \"deleteOption\": \"Detach\",\r\n        \"diskSizeGB\": 127\r\n      },\r\n      \"dataDisks\": [\r\n        {\r\n          \"lun\": 0,\r\n          \"name\": \"vm1382_disk2_b7e30855532e42098bbb00274d724b85\",\r\n          \"createOption\": \"Empty\",\r\n          \"caching\": \"None\",\r\n          \"managedDisk\": {\r\n            \"diskEncryptionSet\": {\r\n              \"id\": \"/subscriptions/e37510d7-33b6-4676-886f-ee75bcc01871/resourceGroups/RGforSDKtestResources/providers/Microsoft.Compute/diskEncryptionSets/DESforTest\"\r\n            },\r\n            \"storageAccountType\": \"Standard_LRS\",\r\n            \"id\": \"/subscriptions/e37510d7-33b6-4676-886f-ee75bcc01871/resourceGroups/crptestar6636/providers/Microsoft.Compute/disks/vm1382_disk2_b7e30855532e42098bbb00274d724b85\"\r\n          },\r\n          \"deleteOption\": \"Detach\",\r\n          \"diskSizeGB\": 30,\r\n          \"toBeDetached\": false\r\n        }\r\n      ]\r\n    },\r\n    \"osProfile\": {\r\n      \"computerName\": \"Test\",\r\n      \"adminUsername\": \"Foo12\",\r\n      \"windowsConfiguration\": {\r\n        \"provisionVMAgent\": true,\r\n        \"enableAutomaticUpdates\": true,\r\n        \"patchSettings\": {\r\n          \"patchMode\": \"AutomaticByOS\",\r\n          \"assessmentMode\": \"ImageDefault\"\r\n        }\r\n      },\r\n      \"secrets\": [],\r\n      \"allowExtensionOperations\": true,\r\n      \"requireGuestProvisionSignal\": true\r\n    },\r\n    \"networkProfile\": {\r\n      \"networkInterfaces\": [\r\n        {\r\n          \"id\": \"/subscriptions/e37510d7-33b6-4676-886f-ee75bcc01871/resourceGroups/crptestar6636/providers/Microsoft.Network/networkInterfaces/nic2598\"\r\n        }\r\n      ]\r\n    },\r\n    \"provisioningState\": \"Succeeded\",\r\n    \"instanceView\": {\r\n      \"platformUpdateDomain\": 0,\r\n      \"platformFaultDomain\": 0,\r\n      \"computerName\": \"Test\",\r\n      \"osName\": \"Windows Server 2012 R2 Datacenter\",\r\n      \"osVersion\": \"Microsoft Windows NT 6.3.9600.0\",\r\n      \"vmAgent\": {\r\n        \"vmAgentVersion\": \"2.7.41491.1029\",\r\n        \"statuses\": [\r\n          {\r\n            \"code\": \"ProvisioningState/succeeded\",\r\n            \"level\": \"Info\",\r\n            \"displayStatus\": \"Ready\",\r\n            \"message\": \"GuestAgent is running and processing the extensions.\",\r\n            \"time\": \"2021-11-17T18:27:24+00:00\"\r\n          }\r\n        ]\r\n      },\r\n      \"disks\": [\r\n        {\r\n          \"name\": \"test\",\r\n          \"statuses\": [\r\n            {\r\n              \"code\": \"ProvisioningState/succeeded\",\r\n              \"level\": \"Info\",\r\n              \"displayStatus\": \"Provisioning succeeded\",\r\n              \"time\": \"2021-11-17T18:19:19.0415964+00:00\"\r\n            }\r\n          ]\r\n        },\r\n        {\r\n          \"name\": \"vm1382_disk2_b7e30855532e42098bbb00274d724b85\",\r\n          \"statuses\": [\r\n            {\r\n              \"code\": \"ProvisioningState/succeeded\",\r\n              \"level\": \"Info\",\r\n              \"displayStatus\": \"Provisioning succeeded\",\r\n              \"time\": \"2021-11-17T18:19:19.0415964+00:00\"\r\n            }\r\n          ]\r\n        }\r\n      ],\r\n      \"hyperVGeneration\": \"V1\",\r\n      \"statuses\": [\r\n        {\r\n          \"code\": \"ProvisioningState/succeeded\",\r\n          \"level\": \"Info\",\r\n          \"displayStatus\": \"Provisioning succeeded\",\r\n          \"time\": \"2021-11-17T18:22:06.396274+00:00\"\r\n        },\r\n        {\r\n          \"code\": \"PowerState/running\",\r\n          \"level\": \"Info\",\r\n          \"displayStatus\": \"VM running\"\r\n        }\r\n      ]\r\n    }\r\n  }\r\n}",
      "StatusCode": 200
    },
    {
      "RequestUri": "/subscriptions/e37510d7-33b6-4676-886f-ee75bcc01871/resourceGroups/crptestar6636/providers/Microsoft.Compute/virtualMachines/vm1382/instanceView?api-version=2021-11-01",
      "EncodedRequestUri": "L3N1YnNjcmlwdGlvbnMvZTM3NTEwZDctMzNiNi00Njc2LTg4NmYtZWU3NWJjYzAxODcxL3Jlc291cmNlR3JvdXBzL2NycHRlc3RhcjY2MzYvcHJvdmlkZXJzL01pY3Jvc29mdC5Db21wdXRlL3ZpcnR1YWxNYWNoaW5lcy92bTEzODIvaW5zdGFuY2VWaWV3P2FwaS12ZXJzaW9uPTIwMjEtMTEtMDE=",
      "RequestMethod": "GET",
      "RequestBody": "",
      "RequestHeaders": {
        "x-ms-client-request-id": [
          "429da3ff-3335-403b-bf7e-9181d3b39769"
        ],
        "accept-language": [
          "en-US"
        ],
        "User-Agent": [
          "FxVersion/4.6.26614.01",
          "OSName/Windows",
          "OSVersion/Microsoft.Windows.10.0.17763.",
          "Microsoft.Azure.Management.Compute.ComputeManagementClient/50.0.0"
        ]
      },
      "ResponseHeaders": {
        "Cache-Control": [
          "no-cache"
        ],
        "Date": [
          "Wed, 17 Nov 2021 18:27:46 GMT"
        ],
        "Pragma": [
          "no-cache"
        ],
        "Server": [
          "Microsoft-HTTPAPI/2.0",
          "Microsoft-HTTPAPI/2.0"
        ],
        "x-ms-ratelimit-remaining-resource": [
          "Microsoft.Compute/LowCostGet3Min;3997,Microsoft.Compute/LowCostGet30Min;31990"
        ],
        "Strict-Transport-Security": [
          "max-age=31536000; includeSubDomains"
        ],
        "x-ms-request-id": [
          "3f92045c-2559-4ae7-b851-ca3795ff24a0"
        ],
        "x-ms-ratelimit-remaining-subscription-reads": [
          "11998"
        ],
        "x-ms-correlation-request-id": [
          "5b2d0a08-3b26-491a-9180-7f7aba150869"
        ],
        "x-ms-routing-request-id": [
          "EASTUS2:20211117T182746Z:5b2d0a08-3b26-491a-9180-7f7aba150869"
        ],
        "X-Content-Type-Options": [
          "nosniff"
        ],
        "Content-Length": [
          "1490"
        ],
        "Content-Type": [
          "application/json; charset=utf-8"
        ],
        "Expires": [
          "-1"
        ]
      },
      "ResponseBody": "{\r\n  \"platformUpdateDomain\": 0,\r\n  \"platformFaultDomain\": 0,\r\n  \"computerName\": \"Test\",\r\n  \"osName\": \"Windows Server 2012 R2 Datacenter\",\r\n  \"osVersion\": \"Microsoft Windows NT 6.3.9600.0\",\r\n  \"vmAgent\": {\r\n    \"vmAgentVersion\": \"2.7.41491.1029\",\r\n    \"statuses\": [\r\n      {\r\n        \"code\": \"ProvisioningState/succeeded\",\r\n        \"level\": \"Info\",\r\n        \"displayStatus\": \"Ready\",\r\n        \"message\": \"GuestAgent is running and processing the extensions.\",\r\n        \"time\": \"2021-11-17T18:27:24+00:00\"\r\n      }\r\n    ]\r\n  },\r\n  \"disks\": [\r\n    {\r\n      \"name\": \"test\",\r\n      \"statuses\": [\r\n        {\r\n          \"code\": \"ProvisioningState/succeeded\",\r\n          \"level\": \"Info\",\r\n          \"displayStatus\": \"Provisioning succeeded\",\r\n          \"time\": \"2021-11-17T18:19:19.0415964+00:00\"\r\n        }\r\n      ]\r\n    },\r\n    {\r\n      \"name\": \"vm1382_disk2_b7e30855532e42098bbb00274d724b85\",\r\n      \"statuses\": [\r\n        {\r\n          \"code\": \"ProvisioningState/succeeded\",\r\n          \"level\": \"Info\",\r\n          \"displayStatus\": \"Provisioning succeeded\",\r\n          \"time\": \"2021-11-17T18:19:19.0415964+00:00\"\r\n        }\r\n      ]\r\n    }\r\n  ],\r\n  \"hyperVGeneration\": \"V1\",\r\n  \"statuses\": [\r\n    {\r\n      \"code\": \"ProvisioningState/succeeded\",\r\n      \"level\": \"Info\",\r\n      \"displayStatus\": \"Provisioning succeeded\",\r\n      \"time\": \"2021-11-17T18:22:06.396274+00:00\"\r\n    },\r\n    {\r\n      \"code\": \"PowerState/running\",\r\n      \"level\": \"Info\",\r\n      \"displayStatus\": \"VM running\"\r\n    }\r\n  ]\r\n}",
      "StatusCode": 200
    },
    {
      "RequestUri": "/subscriptions/e37510d7-33b6-4676-886f-ee75bcc01871/resourceGroups/crptestar6636/providers/Microsoft.Compute/virtualMachines?api-version=2021-11-01",
      "EncodedRequestUri": "L3N1YnNjcmlwdGlvbnMvZTM3NTEwZDctMzNiNi00Njc2LTg4NmYtZWU3NWJjYzAxODcxL3Jlc291cmNlR3JvdXBzL2NycHRlc3RhcjY2MzYvcHJvdmlkZXJzL01pY3Jvc29mdC5Db21wdXRlL3ZpcnR1YWxNYWNoaW5lcz9hcGktdmVyc2lvbj0yMDIxLTExLTAx",
      "RequestMethod": "GET",
      "RequestBody": "",
      "RequestHeaders": {
        "x-ms-client-request-id": [
          "ac78e0ee-1563-4883-97fc-4f631bc2b9d4"
        ],
        "accept-language": [
          "en-US"
        ],
        "User-Agent": [
          "FxVersion/4.6.26614.01",
          "OSName/Windows",
          "OSVersion/Microsoft.Windows.10.0.17763.",
          "Microsoft.Azure.Management.Compute.ComputeManagementClient/50.0.0"
        ]
      },
      "ResponseHeaders": {
        "Cache-Control": [
          "no-cache"
        ],
        "Date": [
          "Wed, 17 Nov 2021 18:27:46 GMT"
        ],
        "Pragma": [
          "no-cache"
        ],
        "Server": [
          "Microsoft-HTTPAPI/2.0",
          "Microsoft-HTTPAPI/2.0"
        ],
        "x-ms-ratelimit-remaining-resource": [
          "Microsoft.Compute/HighCostGet3Min;139,Microsoft.Compute/HighCostGet30Min;699"
        ],
        "Strict-Transport-Security": [
          "max-age=31536000; includeSubDomains"
        ],
        "x-ms-request-id": [
          "570992e2-f25c-4ed2-b513-3babf5fa6a5b"
        ],
        "x-ms-ratelimit-remaining-subscription-reads": [
          "11997"
        ],
        "x-ms-correlation-request-id": [
          "7df8d383-d5f8-4c17-b0f0-7c30936992c9"
        ],
        "x-ms-routing-request-id": [
          "EASTUS2:20211117T182746Z:7df8d383-d5f8-4c17-b0f0-7c30936992c9"
        ],
        "X-Content-Type-Options": [
          "nosniff"
        ],
        "Content-Length": [
          "3489"
        ],
        "Content-Type": [
          "application/json; charset=utf-8"
        ],
        "Expires": [
          "-1"
        ]
      },
      "ResponseBody": "{\r\n  \"value\": [\r\n    {\r\n      \"name\": \"vm1382\",\r\n      \"id\": \"/subscriptions/e37510d7-33b6-4676-886f-ee75bcc01871/resourceGroups/crptestar6636/providers/Microsoft.Compute/virtualMachines/vm1382\",\r\n      \"type\": \"Microsoft.Compute/virtualMachines\",\r\n      \"location\": \"eastus2\",\r\n      \"tags\": {\r\n        \"RG\": \"rg\",\r\n        \"testTag\": \"1\",\r\n        \"azsecpack\": \"nonprod\",\r\n        \"platformsettings.host_environment.service.platform_optedin_for_rootcerts\": \"true\"\r\n      },\r\n      \"properties\": {\r\n        \"vmId\": \"ce6760a0-8625-4c49-ab3e-e84c8a367923\",\r\n        \"availabilitySet\": {\r\n          \"id\": \"/subscriptions/e37510d7-33b6-4676-886f-ee75bcc01871/resourceGroups/crptestar6636/providers/Microsoft.Compute/availabilitySets/AS9431\"\r\n        },\r\n        \"hardwareProfile\": {\r\n          \"vmSize\": \"Standard_A1_v2\"\r\n        },\r\n        \"storageProfile\": {\r\n          \"imageReference\": {\r\n            \"publisher\": \"MicrosoftWindowsServer\",\r\n            \"offer\": \"WindowsServer\",\r\n            \"sku\": \"2012-R2-Datacenter\",\r\n            \"version\": \"4.127.20180315\",\r\n            \"exactVersion\": \"4.127.20180315\"\r\n          },\r\n          \"osDisk\": {\r\n            \"osType\": \"Windows\",\r\n            \"name\": \"test\",\r\n            \"createOption\": \"FromImage\",\r\n            \"caching\": \"None\",\r\n            \"managedDisk\": {\r\n              \"diskEncryptionSet\": {\r\n                \"id\": \"/subscriptions/e37510d7-33b6-4676-886f-ee75bcc01871/resourceGroups/RGforSDKtestResources/providers/Microsoft.Compute/diskEncryptionSets/DESforTest\"\r\n              },\r\n              \"storageAccountType\": \"Standard_LRS\",\r\n              \"id\": \"/subscriptions/e37510d7-33b6-4676-886f-ee75bcc01871/resourceGroups/crptestar6636/providers/Microsoft.Compute/disks/test\"\r\n            },\r\n            \"deleteOption\": \"Detach\",\r\n            \"diskSizeGB\": 127\r\n          },\r\n          \"dataDisks\": [\r\n            {\r\n              \"lun\": 0,\r\n              \"name\": \"vm1382_disk2_b7e30855532e42098bbb00274d724b85\",\r\n              \"createOption\": \"Empty\",\r\n              \"caching\": \"None\",\r\n              \"managedDisk\": {\r\n                \"diskEncryptionSet\": {\r\n                  \"id\": \"/subscriptions/e37510d7-33b6-4676-886f-ee75bcc01871/resourceGroups/RGforSDKtestResources/providers/Microsoft.Compute/diskEncryptionSets/DESforTest\"\r\n                },\r\n                \"storageAccountType\": \"Standard_LRS\",\r\n                \"id\": \"/subscriptions/e37510d7-33b6-4676-886f-ee75bcc01871/resourceGroups/crptestar6636/providers/Microsoft.Compute/disks/vm1382_disk2_b7e30855532e42098bbb00274d724b85\"\r\n              },\r\n              \"deleteOption\": \"Detach\",\r\n              \"diskSizeGB\": 30,\r\n              \"toBeDetached\": false\r\n            }\r\n          ]\r\n        },\r\n        \"osProfile\": {\r\n          \"computerName\": \"Test\",\r\n          \"adminUsername\": \"Foo12\",\r\n          \"windowsConfiguration\": {\r\n            \"provisionVMAgent\": true,\r\n            \"enableAutomaticUpdates\": true,\r\n            \"patchSettings\": {\r\n              \"patchMode\": \"AutomaticByOS\",\r\n              \"assessmentMode\": \"ImageDefault\"\r\n            }\r\n          },\r\n          \"secrets\": [],\r\n          \"allowExtensionOperations\": true,\r\n          \"requireGuestProvisionSignal\": true\r\n        },\r\n        \"networkProfile\": {\r\n          \"networkInterfaces\": [\r\n            {\r\n              \"id\": \"/subscriptions/e37510d7-33b6-4676-886f-ee75bcc01871/resourceGroups/crptestar6636/providers/Microsoft.Network/networkInterfaces/nic2598\"\r\n            }\r\n          ]\r\n        },\r\n        \"provisioningState\": \"Succeeded\"\r\n      }\r\n    }\r\n  ]\r\n}",
      "StatusCode": 200
    },
    {
      "RequestUri": "/subscriptions/e37510d7-33b6-4676-886f-ee75bcc01871/resourceGroups/crptestar6636/providers/Microsoft.Compute/virtualMachines/vm1382/vmSizes?api-version=2021-11-01",
      "EncodedRequestUri": "L3N1YnNjcmlwdGlvbnMvZTM3NTEwZDctMzNiNi00Njc2LTg4NmYtZWU3NWJjYzAxODcxL3Jlc291cmNlR3JvdXBzL2NycHRlc3RhcjY2MzYvcHJvdmlkZXJzL01pY3Jvc29mdC5Db21wdXRlL3ZpcnR1YWxNYWNoaW5lcy92bTEzODIvdm1TaXplcz9hcGktdmVyc2lvbj0yMDIxLTExLTAx",
      "RequestMethod": "GET",
      "RequestBody": "",
      "RequestHeaders": {
        "x-ms-client-request-id": [
          "db449a5c-45e7-47b5-860f-395a2aa4946b"
        ],
        "accept-language": [
          "en-US"
        ],
        "User-Agent": [
          "FxVersion/4.6.26614.01",
          "OSName/Windows",
          "OSVersion/Microsoft.Windows.10.0.17763.",
          "Microsoft.Azure.Management.Compute.ComputeManagementClient/50.0.0"
        ]
      },
      "ResponseHeaders": {
        "Cache-Control": [
          "no-cache"
        ],
        "Date": [
          "Wed, 17 Nov 2021 18:27:46 GMT"
        ],
        "Pragma": [
          "no-cache"
        ],
        "Server": [
          "Microsoft-HTTPAPI/2.0",
          "Microsoft-HTTPAPI/2.0"
        ],
        "x-ms-ratelimit-remaining-resource": [
          "Microsoft.Compute/LowCostGet3Min;3996,Microsoft.Compute/LowCostGet30Min;31989"
        ],
        "Strict-Transport-Security": [
          "max-age=31536000; includeSubDomains"
        ],
        "x-ms-request-id": [
          "fa066c3b-77c7-41be-8909-63a8095b9da1"
        ],
        "x-ms-ratelimit-remaining-subscription-reads": [
          "11996"
        ],
        "x-ms-correlation-request-id": [
          "d673b074-49ae-4cbd-9794-bf46e87287c4"
        ],
        "x-ms-routing-request-id": [
          "EASTUS2:20211117T182746Z:d673b074-49ae-4cbd-9794-bf46e87287c4"
        ],
        "X-Content-Type-Options": [
          "nosniff"
        ],
        "Content-Length": [
          "7301"
        ],
        "Content-Type": [
          "application/json; charset=utf-8"
        ],
        "Expires": [
          "-1"
        ]
      },
      "ResponseBody": "{\r\n  \"value\": [\r\n    {\r\n      \"name\": \"Standard_A0\",\r\n      \"numberOfCores\": 1,\r\n      \"osDiskSizeInMB\": 1047552,\r\n      \"resourceDiskSizeInMB\": 20480,\r\n      \"memoryInMB\": 768,\r\n      \"maxDataDiskCount\": 1\r\n    },\r\n    {\r\n      \"name\": \"Standard_A1\",\r\n      \"numberOfCores\": 1,\r\n      \"osDiskSizeInMB\": 1047552,\r\n      \"resourceDiskSizeInMB\": 71680,\r\n      \"memoryInMB\": 1792,\r\n      \"maxDataDiskCount\": 2\r\n    },\r\n    {\r\n      \"name\": \"Standard_A2\",\r\n      \"numberOfCores\": 2,\r\n      \"osDiskSizeInMB\": 1047552,\r\n      \"resourceDiskSizeInMB\": 138240,\r\n      \"memoryInMB\": 3584,\r\n      \"maxDataDiskCount\": 4\r\n    },\r\n    {\r\n      \"name\": \"Standard_A3\",\r\n      \"numberOfCores\": 4,\r\n      \"osDiskSizeInMB\": 1047552,\r\n      \"resourceDiskSizeInMB\": 291840,\r\n      \"memoryInMB\": 7168,\r\n      \"maxDataDiskCount\": 8\r\n    },\r\n    {\r\n      \"name\": \"Standard_A5\",\r\n      \"numberOfCores\": 2,\r\n      \"osDiskSizeInMB\": 1047552,\r\n      \"resourceDiskSizeInMB\": 138240,\r\n      \"memoryInMB\": 14336,\r\n      \"maxDataDiskCount\": 4\r\n    },\r\n    {\r\n      \"name\": \"Standard_A4\",\r\n      \"numberOfCores\": 8,\r\n      \"osDiskSizeInMB\": 1047552,\r\n      \"resourceDiskSizeInMB\": 619520,\r\n      \"memoryInMB\": 14336,\r\n      \"maxDataDiskCount\": 16\r\n    },\r\n    {\r\n      \"name\": \"Standard_A6\",\r\n      \"numberOfCores\": 4,\r\n      \"osDiskSizeInMB\": 1047552,\r\n      \"resourceDiskSizeInMB\": 291840,\r\n      \"memoryInMB\": 28672,\r\n      \"maxDataDiskCount\": 8\r\n    },\r\n    {\r\n      \"name\": \"Standard_A7\",\r\n      \"numberOfCores\": 8,\r\n      \"osDiskSizeInMB\": 1047552,\r\n      \"resourceDiskSizeInMB\": 619520,\r\n      \"memoryInMB\": 57344,\r\n      \"maxDataDiskCount\": 16\r\n    },\r\n    {\r\n      \"name\": \"Basic_A0\",\r\n      \"numberOfCores\": 1,\r\n      \"osDiskSizeInMB\": 1047552,\r\n      \"resourceDiskSizeInMB\": 20480,\r\n      \"memoryInMB\": 768,\r\n      \"maxDataDiskCount\": 1\r\n    },\r\n    {\r\n      \"name\": \"Basic_A1\",\r\n      \"numberOfCores\": 1,\r\n      \"osDiskSizeInMB\": 1047552,\r\n      \"resourceDiskSizeInMB\": 40960,\r\n      \"memoryInMB\": 1792,\r\n      \"maxDataDiskCount\": 2\r\n    },\r\n    {\r\n      \"name\": \"Basic_A2\",\r\n      \"numberOfCores\": 2,\r\n      \"osDiskSizeInMB\": 1047552,\r\n      \"resourceDiskSizeInMB\": 61440,\r\n      \"memoryInMB\": 3584,\r\n      \"maxDataDiskCount\": 4\r\n    },\r\n    {\r\n      \"name\": \"Basic_A3\",\r\n      \"numberOfCores\": 4,\r\n      \"osDiskSizeInMB\": 1047552,\r\n      \"resourceDiskSizeInMB\": 122880,\r\n      \"memoryInMB\": 7168,\r\n      \"maxDataDiskCount\": 8\r\n    },\r\n    {\r\n      \"name\": \"Basic_A4\",\r\n      \"numberOfCores\": 8,\r\n      \"osDiskSizeInMB\": 1047552,\r\n      \"resourceDiskSizeInMB\": 245760,\r\n      \"memoryInMB\": 14336,\r\n      \"maxDataDiskCount\": 16\r\n    },\r\n    {\r\n      \"name\": \"Standard_D1\",\r\n      \"numberOfCores\": 1,\r\n      \"osDiskSizeInMB\": 1047552,\r\n      \"resourceDiskSizeInMB\": 51200,\r\n      \"memoryInMB\": 3584,\r\n      \"maxDataDiskCount\": 4\r\n    },\r\n    {\r\n      \"name\": \"Standard_D2\",\r\n      \"numberOfCores\": 2,\r\n      \"osDiskSizeInMB\": 1047552,\r\n      \"resourceDiskSizeInMB\": 102400,\r\n      \"memoryInMB\": 7168,\r\n      \"maxDataDiskCount\": 8\r\n    },\r\n    {\r\n      \"name\": \"Standard_D3\",\r\n      \"numberOfCores\": 4,\r\n      \"osDiskSizeInMB\": 1047552,\r\n      \"resourceDiskSizeInMB\": 204800,\r\n      \"memoryInMB\": 14336,\r\n      \"maxDataDiskCount\": 16\r\n    },\r\n    {\r\n      \"name\": \"Standard_D4\",\r\n      \"numberOfCores\": 8,\r\n      \"osDiskSizeInMB\": 1047552,\r\n      \"resourceDiskSizeInMB\": 409600,\r\n      \"memoryInMB\": 28672,\r\n      \"maxDataDiskCount\": 32\r\n    },\r\n    {\r\n      \"name\": \"Standard_D11\",\r\n      \"numberOfCores\": 2,\r\n      \"osDiskSizeInMB\": 1047552,\r\n      \"resourceDiskSizeInMB\": 102400,\r\n      \"memoryInMB\": 14336,\r\n      \"maxDataDiskCount\": 8\r\n    },\r\n    {\r\n      \"name\": \"Standard_D12\",\r\n      \"numberOfCores\": 4,\r\n      \"osDiskSizeInMB\": 1047552,\r\n      \"resourceDiskSizeInMB\": 204800,\r\n      \"memoryInMB\": 28672,\r\n      \"maxDataDiskCount\": 16\r\n    },\r\n    {\r\n      \"name\": \"Standard_D13\",\r\n      \"numberOfCores\": 8,\r\n      \"osDiskSizeInMB\": 1047552,\r\n      \"resourceDiskSizeInMB\": 409600,\r\n      \"memoryInMB\": 57344,\r\n      \"maxDataDiskCount\": 32\r\n    },\r\n    {\r\n      \"name\": \"Standard_D14\",\r\n      \"numberOfCores\": 16,\r\n      \"osDiskSizeInMB\": 1047552,\r\n      \"resourceDiskSizeInMB\": 819200,\r\n      \"memoryInMB\": 114688,\r\n      \"maxDataDiskCount\": 64\r\n    },\r\n    {\r\n      \"name\": \"Standard_A1_v2\",\r\n      \"numberOfCores\": 1,\r\n      \"osDiskSizeInMB\": 1047552,\r\n      \"resourceDiskSizeInMB\": 10240,\r\n      \"memoryInMB\": 2048,\r\n      \"maxDataDiskCount\": 2\r\n    },\r\n    {\r\n      \"name\": \"Standard_A2m_v2\",\r\n      \"numberOfCores\": 2,\r\n      \"osDiskSizeInMB\": 1047552,\r\n      \"resourceDiskSizeInMB\": 20480,\r\n      \"memoryInMB\": 16384,\r\n      \"maxDataDiskCount\": 4\r\n    },\r\n    {\r\n      \"name\": \"Standard_A2_v2\",\r\n      \"numberOfCores\": 2,\r\n      \"osDiskSizeInMB\": 1047552,\r\n      \"resourceDiskSizeInMB\": 20480,\r\n      \"memoryInMB\": 4096,\r\n      \"maxDataDiskCount\": 4\r\n    },\r\n    {\r\n      \"name\": \"Standard_A4m_v2\",\r\n      \"numberOfCores\": 4,\r\n      \"osDiskSizeInMB\": 1047552,\r\n      \"resourceDiskSizeInMB\": 40960,\r\n      \"memoryInMB\": 32768,\r\n      \"maxDataDiskCount\": 8\r\n    },\r\n    {\r\n      \"name\": \"Standard_A4_v2\",\r\n      \"numberOfCores\": 4,\r\n      \"osDiskSizeInMB\": 1047552,\r\n      \"resourceDiskSizeInMB\": 40960,\r\n      \"memoryInMB\": 8192,\r\n      \"maxDataDiskCount\": 8\r\n    },\r\n    {\r\n      \"name\": \"Standard_A8m_v2\",\r\n      \"numberOfCores\": 8,\r\n      \"osDiskSizeInMB\": 1047552,\r\n      \"resourceDiskSizeInMB\": 81920,\r\n      \"memoryInMB\": 65536,\r\n      \"maxDataDiskCount\": 16\r\n    },\r\n    {\r\n      \"name\": \"Standard_A8_v2\",\r\n      \"numberOfCores\": 8,\r\n      \"osDiskSizeInMB\": 1047552,\r\n      \"resourceDiskSizeInMB\": 81920,\r\n      \"memoryInMB\": 16384,\r\n      \"maxDataDiskCount\": 16\r\n    },\r\n    {\r\n      \"name\": \"Standard_DS1\",\r\n      \"numberOfCores\": 1,\r\n      \"osDiskSizeInMB\": 1047552,\r\n      \"resourceDiskSizeInMB\": 7168,\r\n      \"memoryInMB\": 3584,\r\n      \"maxDataDiskCount\": 4\r\n    },\r\n    {\r\n      \"name\": \"Standard_DS2\",\r\n      \"numberOfCores\": 2,\r\n      \"osDiskSizeInMB\": 1047552,\r\n      \"resourceDiskSizeInMB\": 14336,\r\n      \"memoryInMB\": 7168,\r\n      \"maxDataDiskCount\": 8\r\n    },\r\n    {\r\n      \"name\": \"Standard_DS3\",\r\n      \"numberOfCores\": 4,\r\n      \"osDiskSizeInMB\": 1047552,\r\n      \"resourceDiskSizeInMB\": 28672,\r\n      \"memoryInMB\": 14336,\r\n      \"maxDataDiskCount\": 16\r\n    },\r\n    {\r\n      \"name\": \"Standard_DS4\",\r\n      \"numberOfCores\": 8,\r\n      \"osDiskSizeInMB\": 1047552,\r\n      \"resourceDiskSizeInMB\": 57344,\r\n      \"memoryInMB\": 28672,\r\n      \"maxDataDiskCount\": 32\r\n    },\r\n    {\r\n      \"name\": \"Standard_DS11\",\r\n      \"numberOfCores\": 2,\r\n      \"osDiskSizeInMB\": 1047552,\r\n      \"resourceDiskSizeInMB\": 28672,\r\n      \"memoryInMB\": 14336,\r\n      \"maxDataDiskCount\": 8\r\n    },\r\n    {\r\n      \"name\": \"Standard_DS12\",\r\n      \"numberOfCores\": 4,\r\n      \"osDiskSizeInMB\": 1047552,\r\n      \"resourceDiskSizeInMB\": 57344,\r\n      \"memoryInMB\": 28672,\r\n      \"maxDataDiskCount\": 16\r\n    },\r\n    {\r\n      \"name\": \"Standard_DS13\",\r\n      \"numberOfCores\": 8,\r\n      \"osDiskSizeInMB\": 1047552,\r\n      \"resourceDiskSizeInMB\": 114688,\r\n      \"memoryInMB\": 57344,\r\n      \"maxDataDiskCount\": 32\r\n    },\r\n    {\r\n      \"name\": \"Standard_DS14\",\r\n      \"numberOfCores\": 16,\r\n      \"osDiskSizeInMB\": 1047552,\r\n      \"resourceDiskSizeInMB\": 229376,\r\n      \"memoryInMB\": 114688,\r\n      \"maxDataDiskCount\": 64\r\n    }\r\n  ]\r\n}",
      "StatusCode": 200
    },
    {
      "RequestUri": "/subscriptions/e37510d7-33b6-4676-886f-ee75bcc01871/resourceGroups/crptestar6636/providers/Microsoft.Compute/availabilitySets/as9431/vmSizes?api-version=2021-11-01",
      "EncodedRequestUri": "L3N1YnNjcmlwdGlvbnMvZTM3NTEwZDctMzNiNi00Njc2LTg4NmYtZWU3NWJjYzAxODcxL3Jlc291cmNlR3JvdXBzL2NycHRlc3RhcjY2MzYvcHJvdmlkZXJzL01pY3Jvc29mdC5Db21wdXRlL2F2YWlsYWJpbGl0eVNldHMvYXM5NDMxL3ZtU2l6ZXM/YXBpLXZlcnNpb249MjAyMS0xMS0wMQ==",
      "RequestMethod": "GET",
      "RequestBody": "",
      "RequestHeaders": {
        "x-ms-client-request-id": [
          "762e894f-1f18-44ee-99de-ae4e026e84b2"
        ],
        "accept-language": [
          "en-US"
        ],
        "User-Agent": [
          "FxVersion/4.6.26614.01",
          "OSName/Windows",
          "OSVersion/Microsoft.Windows.10.0.17763.",
          "Microsoft.Azure.Management.Compute.ComputeManagementClient/50.0.0"
        ]
      },
      "ResponseHeaders": {
        "Cache-Control": [
          "no-cache"
        ],
        "Date": [
          "Wed, 17 Nov 2021 18:27:46 GMT"
        ],
        "Pragma": [
          "no-cache"
        ],
        "Server": [
          "Microsoft-HTTPAPI/2.0",
          "Microsoft-HTTPAPI/2.0"
        ],
        "x-ms-ratelimit-remaining-resource": [
          "Microsoft.Compute/LowCostGet3Min;3995,Microsoft.Compute/LowCostGet30Min;31988"
        ],
        "Strict-Transport-Security": [
          "max-age=31536000; includeSubDomains"
        ],
        "x-ms-request-id": [
          "8be05535-462c-4c14-bb18-fd3726828106"
        ],
        "x-ms-ratelimit-remaining-subscription-reads": [
          "11995"
        ],
        "x-ms-correlation-request-id": [
          "4f65292b-6c71-4ba9-b431-3a14fe645a1f"
        ],
        "x-ms-routing-request-id": [
          "EASTUS2:20211117T182746Z:4f65292b-6c71-4ba9-b431-3a14fe645a1f"
        ],
        "X-Content-Type-Options": [
          "nosniff"
        ],
        "Content-Length": [
          "7301"
        ],
        "Content-Type": [
          "application/json; charset=utf-8"
        ],
        "Expires": [
          "-1"
        ]
      },
      "ResponseBody": "{\r\n  \"value\": [\r\n    {\r\n      \"name\": \"Standard_A0\",\r\n      \"numberOfCores\": 1,\r\n      \"osDiskSizeInMB\": 1047552,\r\n      \"resourceDiskSizeInMB\": 20480,\r\n      \"memoryInMB\": 768,\r\n      \"maxDataDiskCount\": 1\r\n    },\r\n    {\r\n      \"name\": \"Standard_A1\",\r\n      \"numberOfCores\": 1,\r\n      \"osDiskSizeInMB\": 1047552,\r\n      \"resourceDiskSizeInMB\": 71680,\r\n      \"memoryInMB\": 1792,\r\n      \"maxDataDiskCount\": 2\r\n    },\r\n    {\r\n      \"name\": \"Standard_A2\",\r\n      \"numberOfCores\": 2,\r\n      \"osDiskSizeInMB\": 1047552,\r\n      \"resourceDiskSizeInMB\": 138240,\r\n      \"memoryInMB\": 3584,\r\n      \"maxDataDiskCount\": 4\r\n    },\r\n    {\r\n      \"name\": \"Standard_A3\",\r\n      \"numberOfCores\": 4,\r\n      \"osDiskSizeInMB\": 1047552,\r\n      \"resourceDiskSizeInMB\": 291840,\r\n      \"memoryInMB\": 7168,\r\n      \"maxDataDiskCount\": 8\r\n    },\r\n    {\r\n      \"name\": \"Standard_A5\",\r\n      \"numberOfCores\": 2,\r\n      \"osDiskSizeInMB\": 1047552,\r\n      \"resourceDiskSizeInMB\": 138240,\r\n      \"memoryInMB\": 14336,\r\n      \"maxDataDiskCount\": 4\r\n    },\r\n    {\r\n      \"name\": \"Standard_A4\",\r\n      \"numberOfCores\": 8,\r\n      \"osDiskSizeInMB\": 1047552,\r\n      \"resourceDiskSizeInMB\": 619520,\r\n      \"memoryInMB\": 14336,\r\n      \"maxDataDiskCount\": 16\r\n    },\r\n    {\r\n      \"name\": \"Standard_A6\",\r\n      \"numberOfCores\": 4,\r\n      \"osDiskSizeInMB\": 1047552,\r\n      \"resourceDiskSizeInMB\": 291840,\r\n      \"memoryInMB\": 28672,\r\n      \"maxDataDiskCount\": 8\r\n    },\r\n    {\r\n      \"name\": \"Standard_A7\",\r\n      \"numberOfCores\": 8,\r\n      \"osDiskSizeInMB\": 1047552,\r\n      \"resourceDiskSizeInMB\": 619520,\r\n      \"memoryInMB\": 57344,\r\n      \"maxDataDiskCount\": 16\r\n    },\r\n    {\r\n      \"name\": \"Basic_A0\",\r\n      \"numberOfCores\": 1,\r\n      \"osDiskSizeInMB\": 1047552,\r\n      \"resourceDiskSizeInMB\": 20480,\r\n      \"memoryInMB\": 768,\r\n      \"maxDataDiskCount\": 1\r\n    },\r\n    {\r\n      \"name\": \"Basic_A1\",\r\n      \"numberOfCores\": 1,\r\n      \"osDiskSizeInMB\": 1047552,\r\n      \"resourceDiskSizeInMB\": 40960,\r\n      \"memoryInMB\": 1792,\r\n      \"maxDataDiskCount\": 2\r\n    },\r\n    {\r\n      \"name\": \"Basic_A2\",\r\n      \"numberOfCores\": 2,\r\n      \"osDiskSizeInMB\": 1047552,\r\n      \"resourceDiskSizeInMB\": 61440,\r\n      \"memoryInMB\": 3584,\r\n      \"maxDataDiskCount\": 4\r\n    },\r\n    {\r\n      \"name\": \"Basic_A3\",\r\n      \"numberOfCores\": 4,\r\n      \"osDiskSizeInMB\": 1047552,\r\n      \"resourceDiskSizeInMB\": 122880,\r\n      \"memoryInMB\": 7168,\r\n      \"maxDataDiskCount\": 8\r\n    },\r\n    {\r\n      \"name\": \"Basic_A4\",\r\n      \"numberOfCores\": 8,\r\n      \"osDiskSizeInMB\": 1047552,\r\n      \"resourceDiskSizeInMB\": 245760,\r\n      \"memoryInMB\": 14336,\r\n      \"maxDataDiskCount\": 16\r\n    },\r\n    {\r\n      \"name\": \"Standard_D1\",\r\n      \"numberOfCores\": 1,\r\n      \"osDiskSizeInMB\": 1047552,\r\n      \"resourceDiskSizeInMB\": 51200,\r\n      \"memoryInMB\": 3584,\r\n      \"maxDataDiskCount\": 4\r\n    },\r\n    {\r\n      \"name\": \"Standard_D2\",\r\n      \"numberOfCores\": 2,\r\n      \"osDiskSizeInMB\": 1047552,\r\n      \"resourceDiskSizeInMB\": 102400,\r\n      \"memoryInMB\": 7168,\r\n      \"maxDataDiskCount\": 8\r\n    },\r\n    {\r\n      \"name\": \"Standard_D3\",\r\n      \"numberOfCores\": 4,\r\n      \"osDiskSizeInMB\": 1047552,\r\n      \"resourceDiskSizeInMB\": 204800,\r\n      \"memoryInMB\": 14336,\r\n      \"maxDataDiskCount\": 16\r\n    },\r\n    {\r\n      \"name\": \"Standard_D4\",\r\n      \"numberOfCores\": 8,\r\n      \"osDiskSizeInMB\": 1047552,\r\n      \"resourceDiskSizeInMB\": 409600,\r\n      \"memoryInMB\": 28672,\r\n      \"maxDataDiskCount\": 32\r\n    },\r\n    {\r\n      \"name\": \"Standard_D11\",\r\n      \"numberOfCores\": 2,\r\n      \"osDiskSizeInMB\": 1047552,\r\n      \"resourceDiskSizeInMB\": 102400,\r\n      \"memoryInMB\": 14336,\r\n      \"maxDataDiskCount\": 8\r\n    },\r\n    {\r\n      \"name\": \"Standard_D12\",\r\n      \"numberOfCores\": 4,\r\n      \"osDiskSizeInMB\": 1047552,\r\n      \"resourceDiskSizeInMB\": 204800,\r\n      \"memoryInMB\": 28672,\r\n      \"maxDataDiskCount\": 16\r\n    },\r\n    {\r\n      \"name\": \"Standard_D13\",\r\n      \"numberOfCores\": 8,\r\n      \"osDiskSizeInMB\": 1047552,\r\n      \"resourceDiskSizeInMB\": 409600,\r\n      \"memoryInMB\": 57344,\r\n      \"maxDataDiskCount\": 32\r\n    },\r\n    {\r\n      \"name\": \"Standard_D14\",\r\n      \"numberOfCores\": 16,\r\n      \"osDiskSizeInMB\": 1047552,\r\n      \"resourceDiskSizeInMB\": 819200,\r\n      \"memoryInMB\": 114688,\r\n      \"maxDataDiskCount\": 64\r\n    },\r\n    {\r\n      \"name\": \"Standard_A1_v2\",\r\n      \"numberOfCores\": 1,\r\n      \"osDiskSizeInMB\": 1047552,\r\n      \"resourceDiskSizeInMB\": 10240,\r\n      \"memoryInMB\": 2048,\r\n      \"maxDataDiskCount\": 2\r\n    },\r\n    {\r\n      \"name\": \"Standard_A2m_v2\",\r\n      \"numberOfCores\": 2,\r\n      \"osDiskSizeInMB\": 1047552,\r\n      \"resourceDiskSizeInMB\": 20480,\r\n      \"memoryInMB\": 16384,\r\n      \"maxDataDiskCount\": 4\r\n    },\r\n    {\r\n      \"name\": \"Standard_A2_v2\",\r\n      \"numberOfCores\": 2,\r\n      \"osDiskSizeInMB\": 1047552,\r\n      \"resourceDiskSizeInMB\": 20480,\r\n      \"memoryInMB\": 4096,\r\n      \"maxDataDiskCount\": 4\r\n    },\r\n    {\r\n      \"name\": \"Standard_A4m_v2\",\r\n      \"numberOfCores\": 4,\r\n      \"osDiskSizeInMB\": 1047552,\r\n      \"resourceDiskSizeInMB\": 40960,\r\n      \"memoryInMB\": 32768,\r\n      \"maxDataDiskCount\": 8\r\n    },\r\n    {\r\n      \"name\": \"Standard_A4_v2\",\r\n      \"numberOfCores\": 4,\r\n      \"osDiskSizeInMB\": 1047552,\r\n      \"resourceDiskSizeInMB\": 40960,\r\n      \"memoryInMB\": 8192,\r\n      \"maxDataDiskCount\": 8\r\n    },\r\n    {\r\n      \"name\": \"Standard_A8m_v2\",\r\n      \"numberOfCores\": 8,\r\n      \"osDiskSizeInMB\": 1047552,\r\n      \"resourceDiskSizeInMB\": 81920,\r\n      \"memoryInMB\": 65536,\r\n      \"maxDataDiskCount\": 16\r\n    },\r\n    {\r\n      \"name\": \"Standard_A8_v2\",\r\n      \"numberOfCores\": 8,\r\n      \"osDiskSizeInMB\": 1047552,\r\n      \"resourceDiskSizeInMB\": 81920,\r\n      \"memoryInMB\": 16384,\r\n      \"maxDataDiskCount\": 16\r\n    },\r\n    {\r\n      \"name\": \"Standard_DS1\",\r\n      \"numberOfCores\": 1,\r\n      \"osDiskSizeInMB\": 1047552,\r\n      \"resourceDiskSizeInMB\": 7168,\r\n      \"memoryInMB\": 3584,\r\n      \"maxDataDiskCount\": 4\r\n    },\r\n    {\r\n      \"name\": \"Standard_DS2\",\r\n      \"numberOfCores\": 2,\r\n      \"osDiskSizeInMB\": 1047552,\r\n      \"resourceDiskSizeInMB\": 14336,\r\n      \"memoryInMB\": 7168,\r\n      \"maxDataDiskCount\": 8\r\n    },\r\n    {\r\n      \"name\": \"Standard_DS3\",\r\n      \"numberOfCores\": 4,\r\n      \"osDiskSizeInMB\": 1047552,\r\n      \"resourceDiskSizeInMB\": 28672,\r\n      \"memoryInMB\": 14336,\r\n      \"maxDataDiskCount\": 16\r\n    },\r\n    {\r\n      \"name\": \"Standard_DS4\",\r\n      \"numberOfCores\": 8,\r\n      \"osDiskSizeInMB\": 1047552,\r\n      \"resourceDiskSizeInMB\": 57344,\r\n      \"memoryInMB\": 28672,\r\n      \"maxDataDiskCount\": 32\r\n    },\r\n    {\r\n      \"name\": \"Standard_DS11\",\r\n      \"numberOfCores\": 2,\r\n      \"osDiskSizeInMB\": 1047552,\r\n      \"resourceDiskSizeInMB\": 28672,\r\n      \"memoryInMB\": 14336,\r\n      \"maxDataDiskCount\": 8\r\n    },\r\n    {\r\n      \"name\": \"Standard_DS12\",\r\n      \"numberOfCores\": 4,\r\n      \"osDiskSizeInMB\": 1047552,\r\n      \"resourceDiskSizeInMB\": 57344,\r\n      \"memoryInMB\": 28672,\r\n      \"maxDataDiskCount\": 16\r\n    },\r\n    {\r\n      \"name\": \"Standard_DS13\",\r\n      \"numberOfCores\": 8,\r\n      \"osDiskSizeInMB\": 1047552,\r\n      \"resourceDiskSizeInMB\": 114688,\r\n      \"memoryInMB\": 57344,\r\n      \"maxDataDiskCount\": 32\r\n    },\r\n    {\r\n      \"name\": \"Standard_DS14\",\r\n      \"numberOfCores\": 16,\r\n      \"osDiskSizeInMB\": 1047552,\r\n      \"resourceDiskSizeInMB\": 229376,\r\n      \"memoryInMB\": 114688,\r\n      \"maxDataDiskCount\": 64\r\n    }\r\n  ]\r\n}",
      "StatusCode": 200
    },
    {
      "RequestUri": "/subscriptions/e37510d7-33b6-4676-886f-ee75bcc01871/resourcegroups/crptestar6636?api-version=2017-05-10",
      "EncodedRequestUri": "L3N1YnNjcmlwdGlvbnMvZTM3NTEwZDctMzNiNi00Njc2LTg4NmYtZWU3NWJjYzAxODcxL3Jlc291cmNlZ3JvdXBzL2NycHRlc3RhcjY2MzY/YXBpLXZlcnNpb249MjAxNy0wNS0xMA==",
      "RequestMethod": "DELETE",
      "RequestBody": "",
      "RequestHeaders": {
        "x-ms-client-request-id": [
          "65ad45d1-ddba-458e-89c7-eb27cfa9dd2d"
        ],
        "accept-language": [
          "en-US"
        ],
        "User-Agent": [
          "FxVersion/4.6.26614.01",
          "OSName/Windows",
          "OSVersion/Microsoft.Windows.10.0.17763.",
          "Microsoft.Azure.Management.ResourceManager.ResourceManagementClient/1.6.0.0"
        ]
      },
      "ResponseHeaders": {
        "Cache-Control": [
          "no-cache"
        ],
        "Date": [
          "Wed, 17 Nov 2021 18:27:46 GMT"
        ],
        "Pragma": [
          "no-cache"
        ],
        "Location": [
          "https://management.azure.com/subscriptions/e37510d7-33b6-4676-886f-ee75bcc01871/operationresults/eyJqb2JJZCI6IlJFU09VUkNFR1JPVVBERUxFVElPTkpPQi1DUlBURVNUQVI2NjM2LUVBU1RVUzIiLCJqb2JMb2NhdGlvbiI6ImVhc3R1czIifQ?api-version=2017-05-10"
        ],
        "Retry-After": [
          "15"
        ],
        "x-ms-ratelimit-remaining-subscription-deletes": [
          "14999"
        ],
        "x-ms-request-id": [
          "e3ff0b59-b732-4067-b1dd-4c9330c0bf7e"
        ],
        "x-ms-correlation-request-id": [
          "e3ff0b59-b732-4067-b1dd-4c9330c0bf7e"
        ],
        "x-ms-routing-request-id": [
          "EASTUS2:20211117T182747Z:e3ff0b59-b732-4067-b1dd-4c9330c0bf7e"
        ],
        "Strict-Transport-Security": [
          "max-age=31536000; includeSubDomains"
        ],
        "X-Content-Type-Options": [
          "nosniff"
        ],
        "Content-Length": [
          "0"
        ],
        "Expires": [
          "-1"
        ]
      },
      "ResponseBody": "",
      "StatusCode": 202
    }
  ],
  "Names": {
    "TestVMScenarioOperationsInternal": [
      "crptestar6636",
      "crptestar1704",
      "as9431"
    ],
    "CreatePublicIP": [
      "pip5428",
      "dn6148"
    ],
    "CreateVNET": [
      "vn2393",
      "sn67"
    ],
    "CreateNIC": [
      "nic2598",
      "ip7925"
    ],
    "CreateDefaultVMInput": [
      "crptestar4217",
      "crptestar3405",
      "crptestar524",
      "vm1382",
      "Microsoft.Compute/virtualMachines2623"
    ]
  },
  "Variables": {
    "SubscriptionId": "e37510d7-33b6-4676-886f-ee75bcc01871"
  }
}