{
  "Entries": [
    {
      "RequestUri": "https://management.azure.com/subscriptions/220fc532-6091-423c-8ba0-66c2397d591b/resourceGroups/dbaccount-5547/providers/Microsoft.DocumentDB/databaseAccounts/dbaccount-1416/sqlDatabases/sql-db-5271?api-version=2023-03-15-preview",
      "RequestMethod": "GET",
      "RequestHeaders": {
        "Accept": "application/json",
        "Authorization": "Sanitized",
        "traceparent": "00-16febbe5dc78664771a6f5947c9e0f77-9f5528b6f32582e8-00",
        "User-Agent": "azsdk-net-ResourceManager.CosmosDB/1.4.0-alpha.20230630.1 (.NET 7.0.7; Microsoft Windows 10.0.23493)",
        "x-ms-client-request-id": "2a6533614f7730a5f810f1f1b72a6383",
        "x-ms-return-client-request-id": "true"
      },
      "RequestBody": null,
      "StatusCode": 200,
      "ResponseHeaders": {
        "Cache-Control": "no-store, no-cache",
        "Content-Length": "452",
        "Content-Type": "application/json",
        "Date": "Sat, 01 Jul 2023 06:13:55 GMT",
        "Pragma": "no-cache",
        "Server": "Microsoft-HTTPAPI/2.0",
        "Strict-Transport-Security": "max-age=31536000; includeSubDomains",
        "X-Content-Type-Options": "nosniff",
        "x-ms-correlation-request-id": "2678d579-6f2f-4d44-8fd7-24df892d69bc",
        "x-ms-gatewayversion": "version=2.14.0",
        "x-ms-ratelimit-remaining-subscription-reads": "11540",
        "x-ms-request-id": "2678d579-6f2f-4d44-8fd7-24df892d69bc",
        "x-ms-routing-request-id": "SOUTHCENTRALUS:20230701T061356Z:2678d579-6f2f-4d44-8fd7-24df892d69bc"
      },
      "ResponseBody": {
        "id": "/subscriptions/220fc532-6091-423c-8ba0-66c2397d591b/resourceGroups/dbaccount-5547/providers/Microsoft.DocumentDB/databaseAccounts/dbaccount-1416/sqlDatabases/sql-db-5271",
        "type": "Microsoft.DocumentDB/databaseAccounts/sqlDatabases",
        "name": "sql-db-5271",
        "properties": {
          "resource": {
            "id": "sql-db-5271",
            "_rid": "V6JZAA==",
            "_self": "dbs/V6JZAA==/",
            "_etag": "\u00220000e0ee-0000-0700-0000-649fc3eb0000\u0022",
            "_colls": "colls/",
            "_users": "users/",
            "_ts": 1688191979
          }
        }
      }
    },
    {
      "RequestUri": "https://management.azure.com/subscriptions/220fc532-6091-423c-8ba0-66c2397d591b/resourceGroups/dbaccount-5547/providers/Microsoft.DocumentDB/databaseAccounts/dbaccount-1416/sqlDatabases/sql-db-5271/containers/sql-container-8868?api-version=2023-03-15-preview",
      "RequestMethod": "PUT",
      "RequestHeaders": {
        "Accept": "application/json",
        "Authorization": "Sanitized",
        "Content-Length": "482",
        "Content-Type": "application/json",
        "traceparent": "00-2cd6c9f6f6651efb22a4835cc499badf-8ad07dedb470ec60-00",
        "User-Agent": "azsdk-net-ResourceManager.CosmosDB/1.4.0-alpha.20230630.1 (.NET 7.0.7; Microsoft Windows 10.0.23493)",
        "x-ms-client-request-id": "ba620037102812356b6b827042460114",
        "x-ms-return-client-request-id": "true"
      },
      "RequestBody": {
        "tags": {},
        "location": "westus",
        "properties": {
          "resource": {
            "id": "sql-container-8868",
            "indexingPolicy": {
              "automatic": true,
              "indexingMode": "consistent",
              "includedPaths": [
                {
                  "path": "/*"
                }
              ],
              "excludedPaths": [
                {
                  "path": "/pathToNotIndex/*"
                }
              ],
              "compositeIndexes": [
                [
                  {
                    "path": "/orderByPath1",
                    "order": "ascending"
                  },
                  {
                    "path": "/orderByPath2",
                    "order": "descending"
                  }
                ]
              ],
              "spatialIndexes": [
                {
                  "path": "/*",
                  "types": [
                    "Point"
                  ]
                }
              ]
            },
            "partitionKey": {
              "paths": [
                "/address/zipCode"
              ],
              "kind": "Hash"
            }
          },
          "options": {
            "throughput": 700
          }
        }
      },
      "StatusCode": 202,
      "ResponseHeaders": {
        "Azure-AsyncOperation": "https://management.azure.com/subscriptions/220fc532-6091-423c-8ba0-66c2397d591b/providers/Microsoft.DocumentDB/locations/westus/operationsStatus/940c8259-635b-40aa-84b3-d470635d875b?api-version=2023-03-15-preview",
        "Cache-Control": "no-store, no-cache",
        "Content-Length": "21",
        "Content-Type": "application/json",
        "Date": "Sat, 01 Jul 2023 06:13:56 GMT",
        "Location": "https://management.azure.com/subscriptions/220fc532-6091-423c-8ba0-66c2397d591b/resourceGroups/dbaccount-5547/providers/Microsoft.DocumentDB/databaseAccounts/dbaccount-1416/sqlDatabases/sql-db-5271/containers/sql-container-8868/operationResults/940c8259-635b-40aa-84b3-d470635d875b?api-version=2023-03-15-preview",
        "Pragma": "no-cache",
        "Server": "Microsoft-HTTPAPI/2.0",
        "Strict-Transport-Security": "max-age=31536000; includeSubDomains",
        "X-Content-Type-Options": "nosniff",
        "x-ms-correlation-request-id": "3560cab5-352b-48fb-8163-c46cbee615f3",
        "x-ms-gatewayversion": "version=2.14.0",
        "x-ms-ratelimit-remaining-subscription-writes": "1165",
        "x-ms-request-id": "940c8259-635b-40aa-84b3-d470635d875b",
        "x-ms-routing-request-id": "SOUTHCENTRALUS:20230701T061356Z:3560cab5-352b-48fb-8163-c46cbee615f3"
      },
      "ResponseBody": {
        "status": "Enqueued"
      }
    },
    {
      "RequestUri": "https://management.azure.com/subscriptions/220fc532-6091-423c-8ba0-66c2397d591b/providers/Microsoft.DocumentDB/locations/westus/operationsStatus/940c8259-635b-40aa-84b3-d470635d875b?api-version=2023-03-15-preview",
      "RequestMethod": "GET",
      "RequestHeaders": {
        "Authorization": "Sanitized",
        "traceparent": "00-2cd6c9f6f6651efb22a4835cc499badf-2df51555991c2f8d-00",
        "User-Agent": "azsdk-net-ResourceManager/1.6.0 (.NET 7.0.7; Microsoft Windows 10.0.23493)",
        "x-ms-client-request-id": "f91849f57320233930180ce322bfb6c9",
        "x-ms-return-client-request-id": "true"
      },
      "RequestBody": null,
      "StatusCode": 200,
      "ResponseHeaders": {
        "Cache-Control": "no-store, no-cache",
        "Content-Length": "21",
        "Content-Type": "application/json",
        "Date": "Sat, 01 Jul 2023 06:13:56 GMT",
        "Pragma": "no-cache",
        "Server": "Microsoft-HTTPAPI/2.0",
        "Strict-Transport-Security": "max-age=31536000; includeSubDomains",
        "X-Content-Type-Options": "nosniff",
        "x-ms-correlation-request-id": "e29a8ae4-c569-4c7b-8441-a5f14862e71c",
        "x-ms-gatewayversion": "version=2.14.0",
        "x-ms-ratelimit-remaining-subscription-reads": "11539",
        "x-ms-request-id": "e29a8ae4-c569-4c7b-8441-a5f14862e71c",
        "x-ms-routing-request-id": "SOUTHCENTRALUS:20230701T061356Z:e29a8ae4-c569-4c7b-8441-a5f14862e71c"
      },
      "ResponseBody": {
        "status": "Enqueued"
      }
    },
    {
      "RequestUri": "https://management.azure.com/subscriptions/220fc532-6091-423c-8ba0-66c2397d591b/providers/Microsoft.DocumentDB/locations/westus/operationsStatus/940c8259-635b-40aa-84b3-d470635d875b?api-version=2023-03-15-preview",
      "RequestMethod": "GET",
      "RequestHeaders": {
        "Authorization": "Sanitized",
        "traceparent": "00-2cd6c9f6f6651efb22a4835cc499badf-a472018fb6e12d91-00",
        "User-Agent": "azsdk-net-ResourceManager/1.6.0 (.NET 7.0.7; Microsoft Windows 10.0.23493)",
        "x-ms-client-request-id": "01a0dcf0682e929dbc7a4b2eaeae11f0",
        "x-ms-return-client-request-id": "true"
      },
      "RequestBody": null,
      "StatusCode": 200,
      "ResponseHeaders": {
        "Cache-Control": "no-store, no-cache",
        "Content-Length": "21",
        "Content-Type": "application/json",
        "Date": "Sat, 01 Jul 2023 06:13:57 GMT",
        "Pragma": "no-cache",
        "Server": "Microsoft-HTTPAPI/2.0",
        "Strict-Transport-Security": "max-age=31536000; includeSubDomains",
        "X-Content-Type-Options": "nosniff",
        "x-ms-correlation-request-id": "42e4625c-1af8-4708-9693-05e4464fa394",
        "x-ms-gatewayversion": "version=2.14.0",
        "x-ms-ratelimit-remaining-subscription-reads": "11538",
        "x-ms-request-id": "42e4625c-1af8-4708-9693-05e4464fa394",
        "x-ms-routing-request-id": "SOUTHCENTRALUS:20230701T061357Z:42e4625c-1af8-4708-9693-05e4464fa394"
      },
      "ResponseBody": {
        "status": "Enqueued"
      }
    },
    {
      "RequestUri": "https://management.azure.com/subscriptions/220fc532-6091-423c-8ba0-66c2397d591b/providers/Microsoft.DocumentDB/locations/westus/operationsStatus/940c8259-635b-40aa-84b3-d470635d875b?api-version=2023-03-15-preview",
      "RequestMethod": "GET",
      "RequestHeaders": {
        "Authorization": "Sanitized",
        "traceparent": "00-2cd6c9f6f6651efb22a4835cc499badf-4fec4eda36eec652-00",
        "User-Agent": "azsdk-net-ResourceManager/1.6.0 (.NET 7.0.7; Microsoft Windows 10.0.23493)",
        "x-ms-client-request-id": "f87bfa59082ea3f4ef10ea729960c5af",
        "x-ms-return-client-request-id": "true"
      },
      "RequestBody": null,
      "StatusCode": 200,
      "ResponseHeaders": {
        "Cache-Control": "no-store, no-cache",
        "Content-Length": "21",
        "Content-Type": "application/json",
        "Date": "Sat, 01 Jul 2023 06:13:58 GMT",
        "Pragma": "no-cache",
        "Server": "Microsoft-HTTPAPI/2.0",
        "Strict-Transport-Security": "max-age=31536000; includeSubDomains",
        "X-Content-Type-Options": "nosniff",
        "x-ms-correlation-request-id": "c0a00191-c941-4e05-9c38-15ea6afbb213",
        "x-ms-gatewayversion": "version=2.14.0",
        "x-ms-ratelimit-remaining-subscription-reads": "11537",
        "x-ms-request-id": "c0a00191-c941-4e05-9c38-15ea6afbb213",
        "x-ms-routing-request-id": "SOUTHCENTRALUS:20230701T061358Z:c0a00191-c941-4e05-9c38-15ea6afbb213"
      },
      "ResponseBody": {
        "status": "Enqueued"
      }
    },
    {
      "RequestUri": "https://management.azure.com/subscriptions/220fc532-6091-423c-8ba0-66c2397d591b/providers/Microsoft.DocumentDB/locations/westus/operationsStatus/940c8259-635b-40aa-84b3-d470635d875b?api-version=2023-03-15-preview",
      "RequestMethod": "GET",
      "RequestHeaders": {
        "Authorization": "Sanitized",
        "traceparent": "00-2cd6c9f6f6651efb22a4835cc499badf-2ea9192460290316-00",
        "User-Agent": "azsdk-net-ResourceManager/1.6.0 (.NET 7.0.7; Microsoft Windows 10.0.23493)",
        "x-ms-client-request-id": "249698430fd98c59ab853da5270b7581",
        "x-ms-return-client-request-id": "true"
      },
      "RequestBody": null,
      "StatusCode": 200,
      "ResponseHeaders": {
        "Cache-Control": "no-store, no-cache",
        "Content-Length": "21",
        "Content-Type": "application/json",
        "Date": "Sat, 01 Jul 2023 06:13:59 GMT",
        "Pragma": "no-cache",
        "Server": "Microsoft-HTTPAPI/2.0",
        "Strict-Transport-Security": "max-age=31536000; includeSubDomains",
        "X-Content-Type-Options": "nosniff",
        "x-ms-correlation-request-id": "469a9167-b583-446b-8780-f72c45b1e9b1",
        "x-ms-gatewayversion": "version=2.14.0",
        "x-ms-ratelimit-remaining-subscription-reads": "11536",
        "x-ms-request-id": "469a9167-b583-446b-8780-f72c45b1e9b1",
        "x-ms-routing-request-id": "SOUTHCENTRALUS:20230701T061359Z:469a9167-b583-446b-8780-f72c45b1e9b1"
      },
      "ResponseBody": {
        "status": "Enqueued"
      }
    },
    {
      "RequestUri": "https://management.azure.com/subscriptions/220fc532-6091-423c-8ba0-66c2397d591b/providers/Microsoft.DocumentDB/locations/westus/operationsStatus/940c8259-635b-40aa-84b3-d470635d875b?api-version=2023-03-15-preview",
      "RequestMethod": "GET",
      "RequestHeaders": {
        "Authorization": "Sanitized",
        "traceparent": "00-2cd6c9f6f6651efb22a4835cc499badf-bba926c4aee92f7e-00",
        "User-Agent": "azsdk-net-ResourceManager/1.6.0 (.NET 7.0.7; Microsoft Windows 10.0.23493)",
        "x-ms-client-request-id": "28891b06bd43e79be8fd111d7d2bf95c",
        "x-ms-return-client-request-id": "true"
      },
      "RequestBody": null,
      "StatusCode": 200,
      "ResponseHeaders": {
        "Cache-Control": "no-store, no-cache",
        "Content-Length": "21",
        "Content-Type": "application/json",
        "Date": "Sat, 01 Jul 2023 06:14:01 GMT",
        "Pragma": "no-cache",
        "Server": "Microsoft-HTTPAPI/2.0",
        "Strict-Transport-Security": "max-age=31536000; includeSubDomains",
        "X-Content-Type-Options": "nosniff",
        "x-ms-correlation-request-id": "ffc94906-f813-47e1-a565-1798c8c01d12",
        "x-ms-gatewayversion": "version=2.14.0",
        "x-ms-ratelimit-remaining-subscription-reads": "11535",
        "x-ms-request-id": "ffc94906-f813-47e1-a565-1798c8c01d12",
        "x-ms-routing-request-id": "SOUTHCENTRALUS:20230701T061402Z:ffc94906-f813-47e1-a565-1798c8c01d12"
      },
      "ResponseBody": {
        "status": "Dequeued"
      }
    },
    {
      "RequestUri": "https://management.azure.com/subscriptions/220fc532-6091-423c-8ba0-66c2397d591b/providers/Microsoft.DocumentDB/locations/westus/operationsStatus/940c8259-635b-40aa-84b3-d470635d875b?api-version=2023-03-15-preview",
      "RequestMethod": "GET",
      "RequestHeaders": {
        "Authorization": "Sanitized",
        "traceparent": "00-2cd6c9f6f6651efb22a4835cc499badf-9e461c4f6fa79f25-00",
        "User-Agent": "azsdk-net-ResourceManager/1.6.0 (.NET 7.0.7; Microsoft Windows 10.0.23493)",
        "x-ms-client-request-id": "16ea9cb5ed184a16a0ee4da8cb4e7be4",
        "x-ms-return-client-request-id": "true"
      },
      "RequestBody": null,
      "StatusCode": 200,
      "ResponseHeaders": {
        "Cache-Control": "no-store, no-cache",
        "Content-Length": "21",
        "Content-Type": "application/json",
        "Date": "Sat, 01 Jul 2023 06:14:05 GMT",
        "Pragma": "no-cache",
        "Server": "Microsoft-HTTPAPI/2.0",
        "Strict-Transport-Security": "max-age=31536000; includeSubDomains",
        "X-Content-Type-Options": "nosniff",
        "x-ms-correlation-request-id": "1cdd0a5d-688d-4714-952e-af7f77a81ed7",
        "x-ms-gatewayversion": "version=2.14.0",
        "x-ms-ratelimit-remaining-subscription-reads": "11534",
        "x-ms-request-id": "1cdd0a5d-688d-4714-952e-af7f77a81ed7",
        "x-ms-routing-request-id": "SOUTHCENTRALUS:20230701T061406Z:1cdd0a5d-688d-4714-952e-af7f77a81ed7"
      },
      "ResponseBody": {
        "status": "Dequeued"
      }
    },
    {
      "RequestUri": "https://management.azure.com/subscriptions/220fc532-6091-423c-8ba0-66c2397d591b/providers/Microsoft.DocumentDB/locations/westus/operationsStatus/940c8259-635b-40aa-84b3-d470635d875b?api-version=2023-03-15-preview",
      "RequestMethod": "GET",
      "RequestHeaders": {
        "Authorization": "Sanitized",
        "traceparent": "00-2cd6c9f6f6651efb22a4835cc499badf-960391b20cdbeb6c-00",
        "User-Agent": "azsdk-net-ResourceManager/1.6.0 (.NET 7.0.7; Microsoft Windows 10.0.23493)",
        "x-ms-client-request-id": "7d6b699b9cd6866bfdae3cdcfe3b0f7f",
        "x-ms-return-client-request-id": "true"
      },
      "RequestBody": null,
      "StatusCode": 200,
      "ResponseHeaders": {
        "Cache-Control": "no-store, no-cache",
        "Content-Length": "22",
        "Content-Type": "application/json",
        "Date": "Sat, 01 Jul 2023 06:14:13 GMT",
        "Pragma": "no-cache",
        "Server": "Microsoft-HTTPAPI/2.0",
        "Strict-Transport-Security": "max-age=31536000; includeSubDomains",
        "X-Content-Type-Options": "nosniff",
        "x-ms-correlation-request-id": "723554d1-0e14-4c8a-bf7e-6d7b6c54dc72",
        "x-ms-gatewayversion": "version=2.14.0",
        "x-ms-ratelimit-remaining-subscription-reads": "11533",
        "x-ms-request-id": "723554d1-0e14-4c8a-bf7e-6d7b6c54dc72",
        "x-ms-routing-request-id": "SOUTHCENTRALUS:20230701T061414Z:723554d1-0e14-4c8a-bf7e-6d7b6c54dc72"
      },
      "ResponseBody": {
        "status": "Succeeded"
      }
    },
    {
      "RequestUri": "https://management.azure.com/subscriptions/220fc532-6091-423c-8ba0-66c2397d591b/resourceGroups/dbaccount-5547/providers/Microsoft.DocumentDB/databaseAccounts/dbaccount-1416/sqlDatabases/sql-db-5271/containers/sql-container-8868?api-version=2023-03-15-preview",
      "RequestMethod": "GET",
      "RequestHeaders": {
        "Authorization": "Sanitized",
        "traceparent": "00-2cd6c9f6f6651efb22a4835cc499badf-7b76ae9f1fd5336b-00",
        "User-Agent": "azsdk-net-ResourceManager/1.6.0 (.NET 7.0.7; Microsoft Windows 10.0.23493)",
        "x-ms-client-request-id": "8aefe18c5e201969043f87546ff21c99",
        "x-ms-return-client-request-id": "true"
      },
      "RequestBody": null,
      "StatusCode": 200,
      "ResponseHeaders": {
        "Cache-Control": "no-store, no-cache",
        "Content-Length": "1359",
        "Content-Type": "application/json",
        "Date": "Sat, 01 Jul 2023 06:14:13 GMT",
        "Pragma": "no-cache",
        "Server": "Microsoft-HTTPAPI/2.0",
        "Strict-Transport-Security": "max-age=31536000; includeSubDomains",
        "X-Content-Type-Options": "nosniff",
        "x-ms-correlation-request-id": "31b3398b-2ba2-4ce5-9a52-0ece725cf065",
        "x-ms-gatewayversion": "version=2.14.0",
        "x-ms-ratelimit-remaining-subscription-reads": "11532",
        "x-ms-request-id": "31b3398b-2ba2-4ce5-9a52-0ece725cf065",
        "x-ms-routing-request-id": "SOUTHCENTRALUS:20230701T061414Z:31b3398b-2ba2-4ce5-9a52-0ece725cf065"
      },
      "ResponseBody": {
        "id": "/subscriptions/220fc532-6091-423c-8ba0-66c2397d591b/resourceGroups/dbaccount-5547/providers/Microsoft.DocumentDB/databaseAccounts/dbaccount-1416/sqlDatabases/sql-db-5271/containers/sql-container-8868",
        "type": "Microsoft.DocumentDB/databaseAccounts/sqlDatabases/containers",
        "name": "sql-container-8868",
        "properties": {
          "resource": {
            "id": "sql-container-8868",
            "indexingPolicy": {
              "indexingMode": "consistent",
              "automatic": true,
              "includedPaths": [
                {
                  "path": "/*"
                }
              ],
              "excludedPaths": [
                {
                  "path": "/pathToNotIndex/*"
                },
                {
                  "path": "/\u0022_etag\u0022/?"
                }
              ],
              "spatialIndexes": [
                {
                  "path": "/*",
                  "types": [
                    "Point",
                    "LineString",
                    "Polygon",
                    "MultiPolygon"
                  ]
                }
              ],
              "compositeIndexes": [
                [
                  {
                    "path": "/orderByPath1",
                    "order": "ascending"
                  },
                  {
                    "path": "/orderByPath2",
                    "order": "descending"
                  }
                ]
              ]
            },
            "partitionKey": {
              "paths": [
                "/address/zipCode"
              ],
              "kind": "Hash"
            },
            "uniqueKeyPolicy": {
              "uniqueKeys": []
            },
            "conflictResolutionPolicy": {
              "mode": "LastWriterWins",
              "conflictResolutionPath": "/_ts",
              "conflictResolutionProcedure": ""
            },
            "backupPolicy": {
              "type": 1
            },
            "geospatialConfig": {
              "type": "Geography"
            },
            "_rid": "V6JZAMQKO1M=",
            "_ts": 1688192045,
            "_self": "dbs/V6JZAA==/colls/V6JZAMQKO1M=/",
            "_etag": "\u00220000f0ee-0000-0700-0000-649fc42d0000\u0022",
            "_docs": "docs/",
            "_sprocs": "sprocs/",
            "_triggers": "triggers/",
            "_udfs": "udfs/",
            "_conflicts": "conflicts/",
            "statistics": [
              {
                "id": "0",
                "sizeInKB": 0,
                "documentCount": 0,
                "sampledDistinctPartitionKeyCount": 0,
                "partitionKeys": []
              }
            ]
          }
        }
      }
    },
    {
      "RequestUri": "https://management.azure.com/subscriptions/220fc532-6091-423c-8ba0-66c2397d591b/resourceGroups/dbaccount-5547/providers/Microsoft.DocumentDB/databaseAccounts/dbaccount-1416/sqlDatabases/sql-db-5271/containers/sql-container-8868?api-version=2023-03-15-preview",
      "RequestMethod": "DELETE",
      "RequestHeaders": {
        "Authorization": "Sanitized",
        "traceparent": "00-db215885c93a5f91038ac8f00ed48560-2b418f77263dd2ee-00",
        "User-Agent": "azsdk-net-ResourceManager.CosmosDB/1.4.0-alpha.20230630.1 (.NET 7.0.7; Microsoft Windows 10.0.23493)",
        "x-ms-client-request-id": "14822c827bc0198531631969b03a4b65",
        "x-ms-return-client-request-id": "true"
      },
      "RequestBody": null,
      "StatusCode": 202,
      "ResponseHeaders": {
        "Azure-AsyncOperation": "https://management.azure.com/subscriptions/220fc532-6091-423c-8ba0-66c2397d591b/providers/Microsoft.DocumentDB/locations/westus/operationsStatus/915b0538-5702-4dc6-8ba2-d5afa7d15e36?api-version=2023-03-15-preview",
        "Cache-Control": "no-store, no-cache",
        "Content-Length": "21",
        "Content-Type": "application/json",
        "Date": "Sat, 01 Jul 2023 06:14:14 GMT",
        "Location": "https://management.azure.com/subscriptions/220fc532-6091-423c-8ba0-66c2397d591b/resourceGroups/dbaccount-5547/providers/Microsoft.DocumentDB/databaseAccounts/dbaccount-1416/sqlDatabases/sql-db-5271/containers/sql-container-8868/operationResults/915b0538-5702-4dc6-8ba2-d5afa7d15e36?api-version=2023-03-15-preview",
        "Pragma": "no-cache",
        "Server": "Microsoft-HTTPAPI/2.0",
        "Strict-Transport-Security": "max-age=31536000; includeSubDomains",
        "X-Content-Type-Options": "nosniff",
        "x-ms-correlation-request-id": "b1a8a43e-aabd-413c-8aa7-46bd70133ace",
        "x-ms-gatewayversion": "version=2.14.0",
        "x-ms-ratelimit-remaining-subscription-deletes": "14983",
        "x-ms-request-id": "915b0538-5702-4dc6-8ba2-d5afa7d15e36",
        "x-ms-routing-request-id": "SOUTHCENTRALUS:20230701T061414Z:b1a8a43e-aabd-413c-8aa7-46bd70133ace"
      },
      "ResponseBody": {
        "status": "Enqueued"
      }
    },
    {
      "RequestUri": "https://management.azure.com/subscriptions/220fc532-6091-423c-8ba0-66c2397d591b/providers/Microsoft.DocumentDB/locations/westus/operationsStatus/915b0538-5702-4dc6-8ba2-d5afa7d15e36?api-version=2023-03-15-preview",
      "RequestMethod": "GET",
      "RequestHeaders": {
        "Authorization": "Sanitized",
        "traceparent": "00-db215885c93a5f91038ac8f00ed48560-4f6e0b618405ad51-00",
        "User-Agent": "azsdk-net-ResourceManager/1.6.0 (.NET 7.0.7; Microsoft Windows 10.0.23493)",
        "x-ms-client-request-id": "d159a291fbb910bf5bd659bc45ff68c9",
        "x-ms-return-client-request-id": "true"
      },
      "RequestBody": null,
      "StatusCode": 200,
      "ResponseHeaders": {
        "Cache-Control": "no-store, no-cache",
        "Content-Length": "21",
        "Content-Type": "application/json",
        "Date": "Sat, 01 Jul 2023 06:14:14 GMT",
        "Pragma": "no-cache",
        "Server": "Microsoft-HTTPAPI/2.0",
        "Strict-Transport-Security": "max-age=31536000; includeSubDomains",
        "X-Content-Type-Options": "nosniff",
        "x-ms-correlation-request-id": "b8b4f1dd-e2d3-4d40-a0ad-1984476300ae",
        "x-ms-gatewayversion": "version=2.14.0",
        "x-ms-ratelimit-remaining-subscription-reads": "11531",
        "x-ms-request-id": "b8b4f1dd-e2d3-4d40-a0ad-1984476300ae",
        "x-ms-routing-request-id": "SOUTHCENTRALUS:20230701T061414Z:b8b4f1dd-e2d3-4d40-a0ad-1984476300ae"
      },
      "ResponseBody": {
        "status": "Enqueued"
      }
    },
    {
      "RequestUri": "https://management.azure.com/subscriptions/220fc532-6091-423c-8ba0-66c2397d591b/providers/Microsoft.DocumentDB/locations/westus/operationsStatus/915b0538-5702-4dc6-8ba2-d5afa7d15e36?api-version=2023-03-15-preview",
      "RequestMethod": "GET",
      "RequestHeaders": {
        "Authorization": "Sanitized",
        "traceparent": "00-db215885c93a5f91038ac8f00ed48560-fb2a3960c9541a85-00",
        "User-Agent": "azsdk-net-ResourceManager/1.6.0 (.NET 7.0.7; Microsoft Windows 10.0.23493)",
        "x-ms-client-request-id": "a17522f432d6923a6845146d02ee041a",
        "x-ms-return-client-request-id": "true"
      },
      "RequestBody": null,
      "StatusCode": 200,
      "ResponseHeaders": {
        "Cache-Control": "no-store, no-cache",
        "Content-Length": "21",
        "Content-Type": "application/json",
        "Date": "Sat, 01 Jul 2023 06:14:15 GMT",
        "Pragma": "no-cache",
        "Server": "Microsoft-HTTPAPI/2.0",
        "Strict-Transport-Security": "max-age=31536000; includeSubDomains",
        "X-Content-Type-Options": "nosniff",
        "x-ms-correlation-request-id": "b4a832e7-3c65-43ad-8623-a3dc1b83a83e",
        "x-ms-gatewayversion": "version=2.14.0",
        "x-ms-ratelimit-remaining-subscription-reads": "11530",
        "x-ms-request-id": "b4a832e7-3c65-43ad-8623-a3dc1b83a83e",
        "x-ms-routing-request-id": "SOUTHCENTRALUS:20230701T061415Z:b4a832e7-3c65-43ad-8623-a3dc1b83a83e"
      },
      "ResponseBody": {
        "status": "Enqueued"
      }
    },
    {
      "RequestUri": "https://management.azure.com/subscriptions/220fc532-6091-423c-8ba0-66c2397d591b/providers/Microsoft.DocumentDB/locations/westus/operationsStatus/915b0538-5702-4dc6-8ba2-d5afa7d15e36?api-version=2023-03-15-preview",
      "RequestMethod": "GET",
      "RequestHeaders": {
        "Authorization": "Sanitized",
        "traceparent": "00-db215885c93a5f91038ac8f00ed48560-f83dcb032727ab6d-00",
        "User-Agent": "azsdk-net-ResourceManager/1.6.0 (.NET 7.0.7; Microsoft Windows 10.0.23493)",
        "x-ms-client-request-id": "0dd70e4d7ae1e4ac0e0b8e889607f700",
        "x-ms-return-client-request-id": "true"
      },
      "RequestBody": null,
      "StatusCode": 200,
      "ResponseHeaders": {
        "Cache-Control": "no-store, no-cache",
        "Content-Length": "21",
        "Content-Type": "application/json",
        "Date": "Sat, 01 Jul 2023 06:14:16 GMT",
        "Pragma": "no-cache",
        "Server": "Microsoft-HTTPAPI/2.0",
        "Strict-Transport-Security": "max-age=31536000; includeSubDomains",
        "X-Content-Type-Options": "nosniff",
        "x-ms-correlation-request-id": "c9a9dfb6-b2a4-427c-b5fc-adfbed838074",
        "x-ms-gatewayversion": "version=2.14.0",
        "x-ms-ratelimit-remaining-subscription-reads": "11529",
        "x-ms-request-id": "c9a9dfb6-b2a4-427c-b5fc-adfbed838074",
        "x-ms-routing-request-id": "SOUTHCENTRALUS:20230701T061417Z:c9a9dfb6-b2a4-427c-b5fc-adfbed838074"
      },
      "ResponseBody": {
        "status": "Enqueued"
      }
    },
    {
      "RequestUri": "https://management.azure.com/subscriptions/220fc532-6091-423c-8ba0-66c2397d591b/providers/Microsoft.DocumentDB/locations/westus/operationsStatus/915b0538-5702-4dc6-8ba2-d5afa7d15e36?api-version=2023-03-15-preview",
      "RequestMethod": "GET",
      "RequestHeaders": {
        "Authorization": "Sanitized",
        "traceparent": "00-db215885c93a5f91038ac8f00ed48560-3c01b173d682a3a0-00",
        "User-Agent": "azsdk-net-ResourceManager/1.6.0 (.NET 7.0.7; Microsoft Windows 10.0.23493)",
        "x-ms-client-request-id": "f2a2afea75a15f3468c76973e6510e6c",
        "x-ms-return-client-request-id": "true"
      },
      "RequestBody": null,
      "StatusCode": 200,
      "ResponseHeaders": {
        "Cache-Control": "no-store, no-cache",
        "Content-Length": "21",
        "Content-Type": "application/json",
        "Date": "Sat, 01 Jul 2023 06:14:17 GMT",
        "Pragma": "no-cache",
        "Server": "Microsoft-HTTPAPI/2.0",
        "Strict-Transport-Security": "max-age=31536000; includeSubDomains",
        "X-Content-Type-Options": "nosniff",
        "x-ms-correlation-request-id": "96cb8d1c-350b-4b19-87a1-3992d6d0db81",
        "x-ms-gatewayversion": "version=2.14.0",
        "x-ms-ratelimit-remaining-subscription-reads": "11528",
        "x-ms-request-id": "96cb8d1c-350b-4b19-87a1-3992d6d0db81",
        "x-ms-routing-request-id": "SOUTHCENTRALUS:20230701T061418Z:96cb8d1c-350b-4b19-87a1-3992d6d0db81"
      },
      "ResponseBody": {
        "status": "Dequeued"
      }
    },
    {
      "RequestUri": "https://management.azure.com/subscriptions/220fc532-6091-423c-8ba0-66c2397d591b/providers/Microsoft.DocumentDB/locations/westus/operationsStatus/915b0538-5702-4dc6-8ba2-d5afa7d15e36?api-version=2023-03-15-preview",
      "RequestMethod": "GET",
      "RequestHeaders": {
        "Authorization": "Sanitized",
        "traceparent": "00-db215885c93a5f91038ac8f00ed48560-18f56ebe50dc0218-00",
        "User-Agent": "azsdk-net-ResourceManager/1.6.0 (.NET 7.0.7; Microsoft Windows 10.0.23493)",
        "x-ms-client-request-id": "376f3ed25a2879e8759193caa4b2fb60",
        "x-ms-return-client-request-id": "true"
      },
      "RequestBody": null,
      "StatusCode": 200,
      "ResponseHeaders": {
        "Cache-Control": "no-store, no-cache",
        "Content-Length": "21",
        "Content-Type": "application/json",
        "Date": "Sat, 01 Jul 2023 06:14:19 GMT",
        "Pragma": "no-cache",
        "Server": "Microsoft-HTTPAPI/2.0",
        "Strict-Transport-Security": "max-age=31536000; includeSubDomains",
        "X-Content-Type-Options": "nosniff",
        "x-ms-correlation-request-id": "091fb8c7-79ca-4035-b93b-60038cd27cfc",
        "x-ms-gatewayversion": "version=2.14.0",
        "x-ms-ratelimit-remaining-subscription-reads": "11527",
        "x-ms-request-id": "091fb8c7-79ca-4035-b93b-60038cd27cfc",
        "x-ms-routing-request-id": "SOUTHCENTRALUS:20230701T061420Z:091fb8c7-79ca-4035-b93b-60038cd27cfc"
      },
      "ResponseBody": {
        "status": "Dequeued"
      }
    },
    {
      "RequestUri": "https://management.azure.com/subscriptions/220fc532-6091-423c-8ba0-66c2397d591b/providers/Microsoft.DocumentDB/locations/westus/operationsStatus/915b0538-5702-4dc6-8ba2-d5afa7d15e36?api-version=2023-03-15-preview",
      "RequestMethod": "GET",
      "RequestHeaders": {
        "Authorization": "Sanitized",
        "traceparent": "00-db215885c93a5f91038ac8f00ed48560-e4fda36604af668b-00",
        "User-Agent": "azsdk-net-ResourceManager/1.6.0 (.NET 7.0.7; Microsoft Windows 10.0.23493)",
        "x-ms-client-request-id": "5383144e124bd779d978a5191138fdbc",
        "x-ms-return-client-request-id": "true"
      },
      "RequestBody": null,
      "StatusCode": 200,
      "ResponseHeaders": {
        "Cache-Control": "no-store, no-cache",
        "Content-Length": "22",
        "Content-Type": "application/json",
        "Date": "Sat, 01 Jul 2023 06:14:23 GMT",
        "Pragma": "no-cache",
        "Server": "Microsoft-HTTPAPI/2.0",
        "Strict-Transport-Security": "max-age=31536000; includeSubDomains",
        "X-Content-Type-Options": "nosniff",
        "x-ms-correlation-request-id": "aad44c72-01a3-4b6e-abe0-1a6bf7679e2c",
        "x-ms-gatewayversion": "version=2.14.0",
        "x-ms-ratelimit-remaining-subscription-reads": "11526",
        "x-ms-request-id": "aad44c72-01a3-4b6e-abe0-1a6bf7679e2c",
        "x-ms-routing-request-id": "SOUTHCENTRALUS:20230701T061424Z:aad44c72-01a3-4b6e-abe0-1a6bf7679e2c"
      },
      "ResponseBody": {
        "status": "Succeeded"
      }
    },
    {
      "RequestUri": "https://management.azure.com/subscriptions/220fc532-6091-423c-8ba0-66c2397d591b/resourceGroups/dbaccount-5547/providers/Microsoft.DocumentDB/databaseAccounts/dbaccount-1416/sqlDatabases/sql-db-5271/containers/sql-container-8868?api-version=2023-03-15-preview",
      "RequestMethod": "GET",
      "RequestHeaders": {
        "Accept": "application/json",
        "Authorization": "Sanitized",
        "traceparent": "00-f8a71f2865c300f3ca686b42a81f3a5d-a01af4c4b02691a6-00",
        "User-Agent": "azsdk-net-ResourceManager.CosmosDB/1.4.0-alpha.20230630.1 (.NET 7.0.7; Microsoft Windows 10.0.23493)",
        "x-ms-client-request-id": "58b521fdc0988fd7c6297c0fe16abab6",
        "x-ms-return-client-request-id": "true"
      },
      "RequestBody": null,
      "StatusCode": 404,
      "ResponseHeaders": {
        "Cache-Control": "no-store, no-cache",
        "Content-Length": "7799",
        "Content-Type": "application/json",
        "Date": "Sat, 01 Jul 2023 06:14:23 GMT",
        "Pragma": "no-cache",
        "Server": "Microsoft-HTTPAPI/2.0",
        "Strict-Transport-Security": "max-age=31536000; includeSubDomains",
        "X-Content-Type-Options": "nosniff",
        "x-ms-correlation-request-id": "61e12043-9af8-49bf-afa8-bd08f3db861b",
        "x-ms-gatewayversion": "version=2.14.0",
        "x-ms-ratelimit-remaining-subscription-reads": "11525",
        "x-ms-request-id": "61e12043-9af8-49bf-afa8-bd08f3db861b",
        "x-ms-routing-request-id": "SOUTHCENTRALUS:20230701T061424Z:61e12043-9af8-49bf-afa8-bd08f3db861b"
      },
      "ResponseBody": {
        "code": "NotFound",
        "message": "Message: {\u0022code\u0022:\u0022NotFound\u0022,\u0022message\u0022:\u0022Message: {\\\u0022Errors\\\u0022:[\\\u0022Resource Not Found. Learn more: https:\\\\/\\\\/aka.ms\\\\/cosmosdb-tsg-not-found\\\u0022]}\\r\\nActivityId: 58b521fd-c098-8fd7-c629-7c0fe16abab6, Request URI: /apps/a0a2d1bf-cd0d-4a35-afdc-67520f2b9e35/services/eee9d68f-56c5-436a-813b-af9881b6bda7/partitions/bea9532e-2a60-4f93-9d0e-d0286b5531d1/replicas/133326192067534152s, RequestStats: \\r\\nRequestStartTime: 2023-07-01T06:14:24.5150565Z, RequestEndTime: 2023-07-01T06:14:24.5166520Z,  Number of regions attempted:1\\r\\n{\\\u0022systemHistory\\\u0022:[{\\\u0022dateUtc\\\u0022:\\\u00222023-07-01T06:13:30.7593881Z\\\u0022,\\\u0022cpu\\\u0022:1.173,\\\u0022memory\\\u0022:479612824.000,\\\u0022threadInfo\\\u0022:{\\\u0022isThreadStarving\\\u0022:\\\u0022False\\\u0022,\\\u0022threadWaitIntervalInMs\\\u0022:0.1455,\\\u0022availableThreads\\\u0022:32764,\\\u0022minThreads\\\u0022:52,\\\u0022maxThreads\\\u0022:32767},\\\u0022numberOfOpenTcpConnection\\\u0022:773},{\\\u0022dateUtc\\\u0022:\\\u00222023-07-01T06:13:40.7695986Z\\\u0022,\\\u0022cpu\\\u0022:1.733,\\\u0022memory\\\u0022:479570216.000,\\\u0022threadInfo\\\u0022:{\\\u0022isThreadStarving\\\u0022:\\\u0022False\\\u0022,\\\u0022threadWaitIntervalInMs\\\u0022:0.0898,\\\u0022availableThreads\\\u0022:32764,\\\u0022minThreads\\\u0022:52,\\\u0022maxThreads\\\u0022:32767},\\\u0022numberOfOpenTcpConnection\\\u0022:773},{\\\u0022dateUtc\\\u0022:\\\u00222023-07-01T06:13:50.7795851Z\\\u0022,\\\u0022cpu\\\u0022:1.152,\\\u0022memory\\\u0022:479594988.000,\\\u0022threadInfo\\\u0022:{\\\u0022isThreadStarving\\\u0022:\\\u0022False\\\u0022,\\\u0022threadWaitIntervalInMs\\\u0022:0.1237,\\\u0022availableThreads\\\u0022:32764,\\\u0022minThreads\\\u0022:52,\\\u0022maxThreads\\\u0022:32767},\\\u0022numberOfOpenTcpConnection\\\u0022:773},{\\\u0022dateUtc\\\u0022:\\\u00222023-07-01T06:14:00.7897324Z\\\u0022,\\\u0022cpu\\\u0022:0.976,\\\u0022memory\\\u0022:479591524.000,\\\u0022threadInfo\\\u0022:{\\\u0022isThreadStarving\\\u0022:\\\u0022False\\\u0022,\\\u0022threadWaitIntervalInMs\\\u0022:0.0693,\\\u0022availableThreads\\\u0022:32764,\\\u0022minThreads\\\u0022:52,\\\u0022maxThreads\\\u0022:32767},\\\u0022numberOfOpenTcpConnection\\\u0022:768},{\\\u0022dateUtc\\\u0022:\\\u00222023-07-01T06:14:10.7999956Z\\\u0022,\\\u0022cpu\\\u0022:1.005,\\\u0022memory\\\u0022:479582384.000,\\\u0022threadInfo\\\u0022:{\\\u0022isThreadStarving\\\u0022:\\\u0022False\\\u0022,\\\u0022threadWaitIntervalInMs\\\u0022:0.0525,\\\u0022availableThreads\\\u0022:32764,\\\u0022minThreads\\\u0022:52,\\\u0022maxThreads\\\u0022:32767},\\\u0022numberOfOpenTcpConnection\\\u0022:768},{\\\u0022dateUtc\\\u0022:\\\u00222023-07-01T06:14:20.8100244Z\\\u0022,\\\u0022cpu\\\u0022:0.816,\\\u0022memory\\\u0022:479580404.000,\\\u0022threadInfo\\\u0022:{\\\u0022isThreadStarving\\\u0022:\\\u0022False\\\u0022,\\\u0022threadWaitIntervalInMs\\\u0022:0.0893,\\\u0022availableThreads\\\u0022:32764,\\\u0022minThreads\\\u0022:52,\\\u0022maxThreads\\\u0022:32767},\\\u0022numberOfOpenTcpConnection\\\u0022:769}]}\\r\\nRequestStart: 2023-07-01T06:14:24.5152291Z; ResponseTime: 2023-07-01T06:14:24.5166455Z; StoreResult: StorePhysicalAddress: rntbd://10.0.1.9:11000/apps/a0a2d1bf-cd0d-4a35-afdc-67520f2b9e35/services/eee9d68f-56c5-436a-813b-af9881b6bda7/partitions/bea9532e-2a60-4f93-9d0e-d0286b5531d1/replicas/133326192067534152s, LSN: 22, GlobalCommittedLsn: 22, PartitionKeyRangeId: , IsValid: True, StatusCode: 404, SubStatusCode: 0, RequestCharge: 1, ItemLSN: -1, SessionToken: -1#22, UsingLocalLSN: False, TransportException: null, BELatencyMs: 0.596, ActivityId: 58b521fd-c098-8fd7-c629-7c0fe16abab6, RetryAfterInMs: , ReplicaHealthStatuses: [rntbd://10.0.1.11:11000/apps/a0a2d1bf-cd0d-4a35-afdc-67520f2b9e35/services/eee9d68f-56c5-436a-813b-af9881b6bda7/partitions/bea9532e-2a60-4f93-9d0e-d0286b5531d1/replicas/133326192067534154s:Connected,rntbd://10.0.1.12:11300/apps/a0a2d1bf-cd0d-4a35-afdc-67520f2b9e35/services/eee9d68f-56c5-436a-813b-af9881b6bda7/partitions/bea9532e-2a60-4f93-9d0e-d0286b5531d1/replicas/133326192067534153s:Connected,rntbd://10.0.1.9:11000/apps/a0a2d1bf-cd0d-4a35-afdc-67520f2b9e35/services/eee9d68f-56c5-436a-813b-af9881b6bda7/partitions/bea9532e-2a60-4f93-9d0e-d0286b5531d1/replicas/133326192067534152s:Connected], TransportRequestTimeline: {\\\u0022requestTimeline\\\u0022:[{\\\u0022event\\\u0022: \\\u0022Created\\\u0022, \\\u0022startTimeUtc\\\u0022: \\\u00222023-07-01T06:14:24.5151140Z\\\u0022, \\\u0022durationInMs\\\u0022: 0.012},{\\\u0022event\\\u0022: \\\u0022ChannelAcquisitionStarted\\\u0022, \\\u0022startTimeUtc\\\u0022: \\\u00222023-07-01T06:14:24.5151260Z\\\u0022, \\\u0022durationInMs\\\u0022: 0.0132},{\\\u0022event\\\u0022: \\\u0022Pipelined\\\u0022, \\\u0022startTimeUtc\\\u0022: \\\u00222023-07-01T06:14:24.5151392Z\\\u0022, \\\u0022durationInMs\\\u0022: 0.0786},{\\\u0022event\\\u0022: \\\u0022Transit Time\\\u0022, \\\u0022startTimeUtc\\\u0022: \\\u00222023-07-01T06:14:24.5152178Z\\\u0022, \\\u0022durationInMs\\\u0022: 1.107},{\\\u0022event\\\u0022: \\\u0022Received\\\u0022, \\\u0022startTimeUtc\\\u0022: \\\u00222023-07-01T06:14:24.5163248Z\\\u0022, \\\u0022durationInMs\\\u0022: 0.0479},{\\\u0022event\\\u0022: \\\u0022Completed\\\u0022, \\\u0022startTimeUtc\\\u0022: \\\u00222023-07-01T06:14:24.5163727Z\\\u0022, \\\u0022durationInMs\\\u0022: 0}],\\\u0022serviceEndpointStats\\\u0022:{\\\u0022inflightRequests\\\u0022:1,\\\u0022openConnections\\\u0022:1},\\\u0022connectionStats\\\u0022:{\\\u0022waitforConnectionInit\\\u0022:\\\u0022False\\\u0022,\\\u0022callsPendingReceive\\\u0022:0,\\\u0022lastSendAttempt\\\u0022:\\\u00222023-07-01T06:14:19.2035618Z\\\u0022,\\\u0022lastSend\\\u0022:\\\u00222023-07-01T06:14:19.2035897Z\\\u0022,\\\u0022lastReceive\\\u0022:\\\u00222023-07-01T06:14:19.2041694Z\\\u0022},\\\u0022requestSizeInBytes\\\u0022:493,\\\u0022responseMetadataSizeInBytes\\\u0022:135,\\\u0022responseBodySizeInBytes\\\u0022:87};\\r\\n ResourceType: Collection, OperationType: Read\\r\\nRequestStart: 2023-07-01T06:14:24.5152924Z; ResponseTime: 2023-07-01T06:14:24.5166520Z; StoreResult: StorePhysicalAddress: rntbd://10.0.1.11:11000/apps/a0a2d1bf-cd0d-4a35-afdc-67520f2b9e35/services/eee9d68f-56c5-436a-813b-af9881b6bda7/partitions/bea9532e-2a60-4f93-9d0e-d0286b5531d1/replicas/133326192067534154s, LSN: 22, GlobalCommittedLsn: 22, PartitionKeyRangeId: , IsValid: True, StatusCode: 404, SubStatusCode: 0, RequestCharge: 1, ItemLSN: -1, SessionToken: -1#22, UsingLocalLSN: False, TransportException: null, BELatencyMs: 0.275, ActivityId: 58b521fd-c098-8fd7-c629-7c0fe16abab6, RetryAfterInMs: , ReplicaHealthStatuses: [rntbd://10.0.1.11:11000/apps/a0a2d1bf-cd0d-4a35-afdc-67520f2b9e35/services/eee9d68f-56c5-436a-813b-af9881b6bda7/partitions/bea9532e-2a60-4f93-9d0e-d0286b5531d1/replicas/133326192067534154s:Connected,rntbd://10.0.1.12:11300/apps/a0a2d1bf-cd0d-4a35-afdc-67520f2b9e35/services/eee9d68f-56c5-436a-813b-af9881b6bda7/partitions/bea9532e-2a60-4f93-9d0e-d0286b5531d1/replicas/133326192067534153s:Connected,rntbd://10.0.1.9:11000/apps/a0a2d1bf-cd0d-4a35-afdc-67520f2b9e35/services/eee9d68f-56c5-436a-813b-af9881b6bda7/partitions/bea9532e-2a60-4f93-9d0e-d0286b5531d1/replicas/133326192067534152s:Connected], TransportRequestTimeline: {\\\u0022requestTimeline\\\u0022:[{\\\u0022event\\\u0022: \\\u0022Created\\\u0022, \\\u0022startTimeUtc\\\u0022: \\\u00222023-07-01T06:14:24.5152309Z\\\u0022, \\\u0022durationInMs\\\u0022: 0.0053},{\\\u0022event\\\u0022: \\\u0022ChannelAcquisitionStarted\\\u0022, \\\u0022startTimeUtc\\\u0022: \\\u00222023-07-01T06:14:24.5152362Z\\\u0022, \\\u0022durationInMs\\\u0022: 0.003},{\\\u0022event\\\u0022: \\\u0022Pipelined\\\u0022, \\\u0022startTimeUtc\\\u0022: \\\u00222023-07-01T06:14:24.5152392Z\\\u0022, \\\u0022durationInMs\\\u0022: 0.0473},{\\\u0022event\\\u0022: \\\u0022Transit Time\\\u0022, \\\u0022startTimeUtc\\\u0022: \\\u00222023-07-01T06:14:24.5152865Z\\\u0022, \\\u0022durationInMs\\\u0022: 0.6523},{\\\u0022event\\\u0022: \\\u0022Received\\\u0022, \\\u0022startTimeUtc\\\u0022: \\\u00222023-07-01T06:14:24.5159388Z\\\u0022, \\\u0022durationInMs\\\u0022: 0.0592},{\\\u0022event\\\u0022: \\\u0022Completed\\\u0022, \\\u0022startTimeUtc\\\u0022: \\\u00222023-07-01T06:14:24.5159980Z\\\u0022, \\\u0022durationInMs\\\u0022: 0}],\\\u0022serviceEndpointStats\\\u0022:{\\\u0022inflightRequests\\\u0022:1,\\\u0022openConnections\\\u0022:1},\\\u0022connectionStats\\\u0022:{\\\u0022waitforConnectionInit\\\u0022:\\\u0022False\\\u0022,\\\u0022callsPendingReceive\\\u0022:0,\\\u0022lastSendAttempt\\\u0022:\\\u00222023-07-01T06:14:24.3309630Z\\\u0022,\\\u0022lastSend\\\u0022:\\\u00222023-07-01T06:14:24.3309968Z\\\u0022,\\\u0022lastReceive\\\u0022:\\\u00222023-07-01T06:14:24.3322567Z\\\u0022},\\\u0022requestSizeInBytes\\\u0022:493,\\\u0022responseMetadataSizeInBytes\\\u0022:135,\\\u0022responseBodySizeInBytes\\\u0022:87};\\r\\n ResourceType: Collection, OperationType: Read\\r\\n, SDK: Microsoft.Azure.Documents.Common/2.14.0\u0022}, Request URI: /dbs/sql-db-5271/colls/sql-container-8868, RequestStats: , SDK: Microsoft.Azure.Documents.Common/2.14.0"
      }
    },
    {
      "RequestUri": "https://management.azure.com/subscriptions/220fc532-6091-423c-8ba0-66c2397d591b/resourceGroups/dbaccount-5547/providers/Microsoft.DocumentDB/databaseAccounts/dbaccount-1416/sqlDatabases/sql-db-5271/containers/sql-container-8868?api-version=2023-03-15-preview",
      "RequestMethod": "GET",
      "RequestHeaders": {
        "Accept": "application/json",
        "Authorization": "Sanitized",
        "traceparent": "00-a01be5eeb89999f1e58546f9773b1f95-ae7c06daf19bbe2a-00",
        "User-Agent": "azsdk-net-ResourceManager.CosmosDB/1.4.0-alpha.20230630.1 (.NET 7.0.7; Microsoft Windows 10.0.23493)",
        "x-ms-client-request-id": "d22508ccbacec021c5975dafb5ce683d",
        "x-ms-return-client-request-id": "true"
      },
      "RequestBody": null,
      "StatusCode": 404,
      "ResponseHeaders": {
        "Cache-Control": "no-store, no-cache",
        "Content-Length": "7801",
        "Content-Type": "application/json",
        "Date": "Sat, 01 Jul 2023 06:14:24 GMT",
        "Pragma": "no-cache",
        "Server": "Microsoft-HTTPAPI/2.0",
        "Strict-Transport-Security": "max-age=31536000; includeSubDomains",
        "X-Content-Type-Options": "nosniff",
        "x-ms-correlation-request-id": "5bb3ea09-8282-48d2-b673-9e8f7bc7464e",
        "x-ms-gatewayversion": "version=2.14.0",
        "x-ms-ratelimit-remaining-subscription-reads": "11524",
        "x-ms-request-id": "5bb3ea09-8282-48d2-b673-9e8f7bc7464e",
        "x-ms-routing-request-id": "SOUTHCENTRALUS:20230701T061424Z:5bb3ea09-8282-48d2-b673-9e8f7bc7464e"
      },
      "ResponseBody": {
        "code": "NotFound",
        "message": "Message: {\u0022code\u0022:\u0022NotFound\u0022,\u0022message\u0022:\u0022Message: {\\\u0022Errors\\\u0022:[\\\u0022Resource Not Found. Learn more: https:\\\\/\\\\/aka.ms\\\\/cosmosdb-tsg-not-found\\\u0022]}\\r\\nActivityId: d22508cc-bace-c021-c597-5dafb5ce683d, Request URI: /apps/a0a2d1bf-cd0d-4a35-afdc-67520f2b9e35/services/eee9d68f-56c5-436a-813b-af9881b6bda7/partitions/bea9532e-2a60-4f93-9d0e-d0286b5531d1/replicas/133326192067534154s, RequestStats: \\r\\nRequestStartTime: 2023-07-01T06:14:24.7240105Z, RequestEndTime: 2023-07-01T06:14:24.7262279Z,  Number of regions attempted:1\\r\\n{\\\u0022systemHistory\\\u0022:[{\\\u0022dateUtc\\\u0022:\\\u00222023-07-01T06:13:30.7593881Z\\\u0022,\\\u0022cpu\\\u0022:1.173,\\\u0022memory\\\u0022:479612824.000,\\\u0022threadInfo\\\u0022:{\\\u0022isThreadStarving\\\u0022:\\\u0022False\\\u0022,\\\u0022threadWaitIntervalInMs\\\u0022:0.1455,\\\u0022availableThreads\\\u0022:32764,\\\u0022minThreads\\\u0022:52,\\\u0022maxThreads\\\u0022:32767},\\\u0022numberOfOpenTcpConnection\\\u0022:773},{\\\u0022dateUtc\\\u0022:\\\u00222023-07-01T06:13:40.7695986Z\\\u0022,\\\u0022cpu\\\u0022:1.733,\\\u0022memory\\\u0022:479570216.000,\\\u0022threadInfo\\\u0022:{\\\u0022isThreadStarving\\\u0022:\\\u0022False\\\u0022,\\\u0022threadWaitIntervalInMs\\\u0022:0.0898,\\\u0022availableThreads\\\u0022:32764,\\\u0022minThreads\\\u0022:52,\\\u0022maxThreads\\\u0022:32767},\\\u0022numberOfOpenTcpConnection\\\u0022:773},{\\\u0022dateUtc\\\u0022:\\\u00222023-07-01T06:13:50.7795851Z\\\u0022,\\\u0022cpu\\\u0022:1.152,\\\u0022memory\\\u0022:479594988.000,\\\u0022threadInfo\\\u0022:{\\\u0022isThreadStarving\\\u0022:\\\u0022False\\\u0022,\\\u0022threadWaitIntervalInMs\\\u0022:0.1237,\\\u0022availableThreads\\\u0022:32764,\\\u0022minThreads\\\u0022:52,\\\u0022maxThreads\\\u0022:32767},\\\u0022numberOfOpenTcpConnection\\\u0022:773},{\\\u0022dateUtc\\\u0022:\\\u00222023-07-01T06:14:00.7897324Z\\\u0022,\\\u0022cpu\\\u0022:0.976,\\\u0022memory\\\u0022:479591524.000,\\\u0022threadInfo\\\u0022:{\\\u0022isThreadStarving\\\u0022:\\\u0022False\\\u0022,\\\u0022threadWaitIntervalInMs\\\u0022:0.0693,\\\u0022availableThreads\\\u0022:32764,\\\u0022minThreads\\\u0022:52,\\\u0022maxThreads\\\u0022:32767},\\\u0022numberOfOpenTcpConnection\\\u0022:768},{\\\u0022dateUtc\\\u0022:\\\u00222023-07-01T06:14:10.7999956Z\\\u0022,\\\u0022cpu\\\u0022:1.005,\\\u0022memory\\\u0022:479582384.000,\\\u0022threadInfo\\\u0022:{\\\u0022isThreadStarving\\\u0022:\\\u0022False\\\u0022,\\\u0022threadWaitIntervalInMs\\\u0022:0.0525,\\\u0022availableThreads\\\u0022:32764,\\\u0022minThreads\\\u0022:52,\\\u0022maxThreads\\\u0022:32767},\\\u0022numberOfOpenTcpConnection\\\u0022:768},{\\\u0022dateUtc\\\u0022:\\\u00222023-07-01T06:14:20.8100244Z\\\u0022,\\\u0022cpu\\\u0022:0.816,\\\u0022memory\\\u0022:479580404.000,\\\u0022threadInfo\\\u0022:{\\\u0022isThreadStarving\\\u0022:\\\u0022False\\\u0022,\\\u0022threadWaitIntervalInMs\\\u0022:0.0893,\\\u0022availableThreads\\\u0022:32764,\\\u0022minThreads\\\u0022:52,\\\u0022maxThreads\\\u0022:32767},\\\u0022numberOfOpenTcpConnection\\\u0022:769}]}\\r\\nRequestStart: 2023-07-01T06:14:24.7242092Z; ResponseTime: 2023-07-01T06:14:24.7262120Z; StoreResult: StorePhysicalAddress: rntbd://10.0.1.11:11000/apps/a0a2d1bf-cd0d-4a35-afdc-67520f2b9e35/services/eee9d68f-56c5-436a-813b-af9881b6bda7/partitions/bea9532e-2a60-4f93-9d0e-d0286b5531d1/replicas/133326192067534154s, LSN: 22, GlobalCommittedLsn: 22, PartitionKeyRangeId: , IsValid: True, StatusCode: 404, SubStatusCode: 0, RequestCharge: 1, ItemLSN: -1, SessionToken: -1#22, UsingLocalLSN: False, TransportException: null, BELatencyMs: 0.277, ActivityId: d22508cc-bace-c021-c597-5dafb5ce683d, RetryAfterInMs: , ReplicaHealthStatuses: [rntbd://10.0.1.11:11000/apps/a0a2d1bf-cd0d-4a35-afdc-67520f2b9e35/services/eee9d68f-56c5-436a-813b-af9881b6bda7/partitions/bea9532e-2a60-4f93-9d0e-d0286b5531d1/replicas/133326192067534154s:Connected,rntbd://10.0.1.12:11300/apps/a0a2d1bf-cd0d-4a35-afdc-67520f2b9e35/services/eee9d68f-56c5-436a-813b-af9881b6bda7/partitions/bea9532e-2a60-4f93-9d0e-d0286b5531d1/replicas/133326192067534153s:Connected,rntbd://10.0.1.9:11000/apps/a0a2d1bf-cd0d-4a35-afdc-67520f2b9e35/services/eee9d68f-56c5-436a-813b-af9881b6bda7/partitions/bea9532e-2a60-4f93-9d0e-d0286b5531d1/replicas/133326192067534152s:Connected], TransportRequestTimeline: {\\\u0022requestTimeline\\\u0022:[{\\\u0022event\\\u0022: \\\u0022Created\\\u0022, \\\u0022startTimeUtc\\\u0022: \\\u00222023-07-01T06:14:24.7240993Z\\\u0022, \\\u0022durationInMs\\\u0022: 0.0193},{\\\u0022event\\\u0022: \\\u0022ChannelAcquisitionStarted\\\u0022, \\\u0022startTimeUtc\\\u0022: \\\u00222023-07-01T06:14:24.7241186Z\\\u0022, \\\u0022durationInMs\\\u0022: 0.0034},{\\\u0022event\\\u0022: \\\u0022Pipelined\\\u0022, \\\u0022startTimeUtc\\\u0022: \\\u00222023-07-01T06:14:24.7241220Z\\\u0022, \\\u0022durationInMs\\\u0022: 0.0746},{\\\u0022event\\\u0022: \\\u0022Transit Time\\\u0022, \\\u0022startTimeUtc\\\u0022: \\\u00222023-07-01T06:14:24.7241966Z\\\u0022, \\\u0022durationInMs\\\u0022: 0.8911},{\\\u0022event\\\u0022: \\\u0022Received\\\u0022, \\\u0022startTimeUtc\\\u0022: \\\u00222023-07-01T06:14:24.7250877Z\\\u0022, \\\u0022durationInMs\\\u0022: 0.1393},{\\\u0022event\\\u0022: \\\u0022Completed\\\u0022, \\\u0022startTimeUtc\\\u0022: \\\u00222023-07-01T06:14:24.7252270Z\\\u0022, \\\u0022durationInMs\\\u0022: 0}],\\\u0022serviceEndpointStats\\\u0022:{\\\u0022inflightRequests\\\u0022:1,\\\u0022openConnections\\\u0022:1},\\\u0022connectionStats\\\u0022:{\\\u0022waitforConnectionInit\\\u0022:\\\u0022False\\\u0022,\\\u0022callsPendingReceive\\\u0022:0,\\\u0022lastSendAttempt\\\u0022:\\\u00222023-07-01T06:14:24.5152680Z\\\u0022,\\\u0022lastSend\\\u0022:\\\u00222023-07-01T06:14:24.5152863Z\\\u0022,\\\u0022lastReceive\\\u0022:\\\u00222023-07-01T06:14:24.5159367Z\\\u0022},\\\u0022requestSizeInBytes\\\u0022:493,\\\u0022responseMetadataSizeInBytes\\\u0022:135,\\\u0022responseBodySizeInBytes\\\u0022:87};\\r\\n ResourceType: Collection, OperationType: Read\\r\\nRequestStart: 2023-07-01T06:14:24.7242716Z; ResponseTime: 2023-07-01T06:14:24.7262279Z; StoreResult: StorePhysicalAddress: rntbd://10.0.1.9:11000/apps/a0a2d1bf-cd0d-4a35-afdc-67520f2b9e35/services/eee9d68f-56c5-436a-813b-af9881b6bda7/partitions/bea9532e-2a60-4f93-9d0e-d0286b5531d1/replicas/133326192067534152s, LSN: 22, GlobalCommittedLsn: 22, PartitionKeyRangeId: , IsValid: True, StatusCode: 404, SubStatusCode: 0, RequestCharge: 1, ItemLSN: -1, SessionToken: -1#22, UsingLocalLSN: False, TransportException: null, BELatencyMs: 0.29, ActivityId: d22508cc-bace-c021-c597-5dafb5ce683d, RetryAfterInMs: , ReplicaHealthStatuses: [rntbd://10.0.1.9:11000/apps/a0a2d1bf-cd0d-4a35-afdc-67520f2b9e35/services/eee9d68f-56c5-436a-813b-af9881b6bda7/partitions/bea9532e-2a60-4f93-9d0e-d0286b5531d1/replicas/133326192067534152s:Connected,rntbd://10.0.1.12:11300/apps/a0a2d1bf-cd0d-4a35-afdc-67520f2b9e35/services/eee9d68f-56c5-436a-813b-af9881b6bda7/partitions/bea9532e-2a60-4f93-9d0e-d0286b5531d1/replicas/133326192067534153s:Connected,rntbd://10.0.1.11:11000/apps/a0a2d1bf-cd0d-4a35-afdc-67520f2b9e35/services/eee9d68f-56c5-436a-813b-af9881b6bda7/partitions/bea9532e-2a60-4f93-9d0e-d0286b5531d1/replicas/133326192067534154s:Connected], TransportRequestTimeline: {\\\u0022requestTimeline\\\u0022:[{\\\u0022event\\\u0022: \\\u0022Created\\\u0022, \\\u0022startTimeUtc\\\u0022: \\\u00222023-07-01T06:14:24.7242121Z\\\u0022, \\\u0022durationInMs\\\u0022: 0.0057},{\\\u0022event\\\u0022: \\\u0022ChannelAcquisitionStarted\\\u0022, \\\u0022startTimeUtc\\\u0022: \\\u00222023-07-01T06:14:24.7242178Z\\\u0022, \\\u0022durationInMs\\\u0022: 0.0021},{\\\u0022event\\\u0022: \\\u0022Pipelined\\\u0022, \\\u0022startTimeUtc\\\u0022: \\\u00222023-07-01T06:14:24.7242199Z\\\u0022, \\\u0022durationInMs\\\u0022: 0.0458},{\\\u0022event\\\u0022: \\\u0022Transit Time\\\u0022, \\\u0022startTimeUtc\\\u0022: \\\u00222023-07-01T06:14:24.7242657Z\\\u0022, \\\u0022durationInMs\\\u0022: 0.9499},{\\\u0022event\\\u0022: \\\u0022Received\\\u0022, \\\u0022startTimeUtc\\\u0022: \\\u00222023-07-01T06:14:24.7252156Z\\\u0022, \\\u0022durationInMs\\\u0022: 0.1309},{\\\u0022event\\\u0022: \\\u0022Completed\\\u0022, \\\u0022startTimeUtc\\\u0022: \\\u00222023-07-01T06:14:24.7253465Z\\\u0022, \\\u0022durationInMs\\\u0022: 0}],\\\u0022serviceEndpointStats\\\u0022:{\\\u0022inflightRequests\\\u0022:1,\\\u0022openConnections\\\u0022:1},\\\u0022connectionStats\\\u0022:{\\\u0022waitforConnectionInit\\\u0022:\\\u0022False\\\u0022,\\\u0022callsPendingReceive\\\u0022:0,\\\u0022lastSendAttempt\\\u0022:\\\u00222023-07-01T06:14:24.5151742Z\\\u0022,\\\u0022lastSend\\\u0022:\\\u00222023-07-01T06:14:24.5152176Z\\\u0022,\\\u0022lastReceive\\\u0022:\\\u00222023-07-01T06:14:24.5163239Z\\\u0022},\\\u0022requestSizeInBytes\\\u0022:493,\\\u0022responseMetadataSizeInBytes\\\u0022:135,\\\u0022responseBodySizeInBytes\\\u0022:87};\\r\\n ResourceType: Collection, OperationType: Read\\r\\n, SDK: Microsoft.Azure.Documents.Common/2.14.0\u0022}, Request URI: /dbs/sql-db-5271/colls/sql-container-8868, RequestStats: , SDK: Microsoft.Azure.Documents.Common/2.14.0"
      }
    }
  ],
  "Variables": {
    "AZURE_AUTHORITY_HOST": "https://login.microsoftonline.com",
    "RandomSeed": "999970651",
    "RESOURCE_MANAGER_URL": null,
    "SUBSCRIPTION_ID": "220fc532-6091-423c-8ba0-66c2397d591b"
  }
}
