{
  "Entries": [
    {
      "RequestUri": "https://management.azure.com/subscriptions/dec9ed54-2b7f-4476-9bd0-875544af59df/resourceGroups/dbaccount-6381/providers/Microsoft.DocumentDB/databaseAccounts/dbaccount-3763/sqlDatabases/sql-db-7193?api-version=2022-05-15",
      "RequestMethod": "GET",
      "RequestHeaders": {
        "Accept": "application/json",
        "Authorization": "Sanitized",
        "traceparent": "00-0296fa7870daef4c84072a6067a75fc9-23e061e21f0a5a46-00",
        "User-Agent": "azsdk-net-ResourceManager.CosmosDB/1.1.0-alpha.20220829.1 (.NET Framework 4.8.4515.0; Microsoft Windows 10.0.22000 )",
        "x-ms-client-request-id": "8a2e77d67bade7df04d461a4770574a9",
        "x-ms-return-client-request-id": "true"
      },
      "RequestBody": null,
      "StatusCode": 200,
      "ResponseHeaders": {
        "Cache-Control": "no-store, no-cache",
        "Content-Length": "452",
        "Content-Type": "application/json",
        "Date": "Wed, 14 Sep 2022 11:50:30 GMT",
        "Pragma": "no-cache",
        "Server": "Microsoft-HTTPAPI/2.0",
        "Strict-Transport-Security": "max-age=31536000; includeSubDomains",
        "X-Content-Type-Options": "nosniff",
        "x-ms-correlation-request-id": "22c6f50b-b26a-4eb5-b279-11b43e2293b7",
        "x-ms-gatewayversion": "version=2.14.0",
        "x-ms-ratelimit-remaining-subscription-reads": "11980",
        "x-ms-request-id": "22c6f50b-b26a-4eb5-b279-11b43e2293b7",
        "x-ms-routing-request-id": "WESTUS2:20220914T115031Z:22c6f50b-b26a-4eb5-b279-11b43e2293b7"
      },
      "ResponseBody": {
        "id": "/subscriptions/dec9ed54-2b7f-4476-9bd0-875544af59df/resourceGroups/dbaccount-6381/providers/Microsoft.DocumentDB/databaseAccounts/dbaccount-3763/sqlDatabases/sql-db-7193",
        "type": "Microsoft.DocumentDB/databaseAccounts/sqlDatabases",
        "name": "sql-db-7193",
        "properties": {
          "resource": {
            "id": "sql-db-7193",
            "_rid": "0kZ6AA==",
            "_self": "dbs/0kZ6AA==/",
            "_etag": "\u002200000e0f-0000-0700-0000-6321bfc90000\u0022",
            "_colls": "colls/",
            "_users": "users/",
            "_ts": 1663156169
          }
        }
      }
    },
    {
      "RequestUri": "https://management.azure.com/subscriptions/dec9ed54-2b7f-4476-9bd0-875544af59df/resourceGroups/dbaccount-6381/providers/Microsoft.DocumentDB/databaseAccounts/dbaccount-3763/sqlDatabases/sql-db-7193/containers/sql-container-1579?api-version=2022-05-15",
      "RequestMethod": "PUT",
      "RequestHeaders": {
        "Accept": "application/json",
        "Authorization": "Sanitized",
        "Content-Length": "482",
        "Content-Type": "application/json",
        "traceparent": "00-34320fa8a2059c42a77ab33133130e69-a06043711772c34e-00",
        "User-Agent": "azsdk-net-ResourceManager.CosmosDB/1.1.0-alpha.20220829.1 (.NET Framework 4.8.4515.0; Microsoft Windows 10.0.22000 )",
        "x-ms-client-request-id": "7b8d4493681101703a861f7a3d54e7a4",
        "x-ms-return-client-request-id": "true"
      },
      "RequestBody": {
        "tags": {},
        "location": "westus",
        "properties": {
          "resource": {
            "id": "sql-container-1579",
            "indexingPolicy": {
              "automatic": true,
              "indexingMode": "consistent",
              "includedPaths": [
                {
                  "path": "/*"
                }
              ],
              "excludedPaths": [
                {
                  "path": "/pathToNotIndex/*"
                }
              ],
              "compositeIndexes": [
                [
                  {
                    "path": "/orderByPath1",
                    "order": "ascending"
                  },
                  {
                    "path": "/orderByPath2",
                    "order": "descending"
                  }
                ]
              ],
              "spatialIndexes": [
                {
                  "path": "/*",
                  "types": [
                    "Point"
                  ]
                }
              ]
            },
            "partitionKey": {
              "paths": [
                "/address/zipCode"
              ],
              "kind": "Hash"
            }
          },
          "options": {
            "throughput": 700
          }
        }
      },
      "StatusCode": 202,
      "ResponseHeaders": {
        "Azure-AsyncOperation": "https://management.azure.com/subscriptions/dec9ed54-2b7f-4476-9bd0-875544af59df/providers/Microsoft.DocumentDB/locations/westus/operationsStatus/9d379bc1-35c3-4776-b015-41036208274c?api-version=2022-05-15",
        "Cache-Control": "no-store, no-cache",
        "Content-Length": "21",
        "Content-Type": "application/json",
        "Date": "Wed, 14 Sep 2022 11:50:31 GMT",
        "Location": "https://management.azure.com/subscriptions/dec9ed54-2b7f-4476-9bd0-875544af59df/resourceGroups/dbaccount-6381/providers/Microsoft.DocumentDB/databaseAccounts/dbaccount-3763/sqlDatabases/sql-db-7193/containers/sql-container-1579/operationResults/9d379bc1-35c3-4776-b015-41036208274c?api-version=2022-05-15",
        "Pragma": "no-cache",
        "Server": "Microsoft-HTTPAPI/2.0",
        "Strict-Transport-Security": "max-age=31536000; includeSubDomains",
        "X-Content-Type-Options": "nosniff",
        "x-ms-correlation-request-id": "dc1e7d79-294a-456d-a441-0b3e624099f1",
        "x-ms-gatewayversion": "version=2.14.0",
        "x-ms-ratelimit-remaining-subscription-writes": "1198",
        "x-ms-request-id": "9d379bc1-35c3-4776-b015-41036208274c",
        "x-ms-routing-request-id": "WESTUS2:20220914T115031Z:dc1e7d79-294a-456d-a441-0b3e624099f1"
      },
      "ResponseBody": {
        "status": "Enqueued"
      }
    },
    {
      "RequestUri": "https://management.azure.com/subscriptions/dec9ed54-2b7f-4476-9bd0-875544af59df/providers/Microsoft.DocumentDB/locations/westus/operationsStatus/9d379bc1-35c3-4776-b015-41036208274c?api-version=2022-05-15",
      "RequestMethod": "GET",
      "RequestHeaders": {
        "Authorization": "Sanitized",
        "traceparent": "00-34320fa8a2059c42a77ab33133130e69-6cce789a99396b4b-00",
        "User-Agent": "azsdk-net-ResourceManager/1.2.0 (.NET Framework 4.8.4515.0; Microsoft Windows 10.0.22000 )",
        "x-ms-client-request-id": "c8fdcfdaaa970fc5bd8872f4c06dc67f",
        "x-ms-return-client-request-id": "true"
      },
      "RequestBody": null,
      "StatusCode": 200,
      "ResponseHeaders": {
        "Cache-Control": "no-store, no-cache",
        "Content-Length": "21",
        "Content-Type": "application/json",
        "Date": "Wed, 14 Sep 2022 11:50:31 GMT",
        "Pragma": "no-cache",
        "Server": "Microsoft-HTTPAPI/2.0",
        "Strict-Transport-Security": "max-age=31536000; includeSubDomains",
        "X-Content-Type-Options": "nosniff",
        "x-ms-correlation-request-id": "8f957107-af43-4680-bbcc-bfd40e9ec35d",
        "x-ms-gatewayversion": "version=2.14.0",
        "x-ms-ratelimit-remaining-subscription-reads": "11979",
        "x-ms-request-id": "8f957107-af43-4680-bbcc-bfd40e9ec35d",
        "x-ms-routing-request-id": "WESTUS2:20220914T115031Z:8f957107-af43-4680-bbcc-bfd40e9ec35d"
      },
      "ResponseBody": {
        "status": "Enqueued"
      }
    },
    {
      "RequestUri": "https://management.azure.com/subscriptions/dec9ed54-2b7f-4476-9bd0-875544af59df/providers/Microsoft.DocumentDB/locations/westus/operationsStatus/9d379bc1-35c3-4776-b015-41036208274c?api-version=2022-05-15",
      "RequestMethod": "GET",
      "RequestHeaders": {
        "Authorization": "Sanitized",
        "traceparent": "00-34320fa8a2059c42a77ab33133130e69-9ef1a8f06c9bb34e-00",
        "User-Agent": "azsdk-net-ResourceManager/1.2.0 (.NET Framework 4.8.4515.0; Microsoft Windows 10.0.22000 )",
        "x-ms-client-request-id": "d96cff7a23bc32b6e8d6e07a46442d59",
        "x-ms-return-client-request-id": "true"
      },
      "RequestBody": null,
      "StatusCode": 200,
      "ResponseHeaders": {
        "Cache-Control": "no-store, no-cache",
        "Content-Length": "21",
        "Content-Type": "application/json",
        "Date": "Wed, 14 Sep 2022 11:50:32 GMT",
        "Pragma": "no-cache",
        "Server": "Microsoft-HTTPAPI/2.0",
        "Strict-Transport-Security": "max-age=31536000; includeSubDomains",
        "X-Content-Type-Options": "nosniff",
        "x-ms-correlation-request-id": "bf5ce397-b13e-4446-923f-c22818b00b62",
        "x-ms-gatewayversion": "version=2.14.0",
        "x-ms-ratelimit-remaining-subscription-reads": "11978",
        "x-ms-request-id": "bf5ce397-b13e-4446-923f-c22818b00b62",
        "x-ms-routing-request-id": "WESTUS2:20220914T115032Z:bf5ce397-b13e-4446-923f-c22818b00b62"
      },
      "ResponseBody": {
        "status": "Enqueued"
      }
    },
    {
      "RequestUri": "https://management.azure.com/subscriptions/dec9ed54-2b7f-4476-9bd0-875544af59df/providers/Microsoft.DocumentDB/locations/westus/operationsStatus/9d379bc1-35c3-4776-b015-41036208274c?api-version=2022-05-15",
      "RequestMethod": "GET",
      "RequestHeaders": {
        "Authorization": "Sanitized",
        "traceparent": "00-34320fa8a2059c42a77ab33133130e69-2254d43a2da11f4e-00",
        "User-Agent": "azsdk-net-ResourceManager/1.2.0 (.NET Framework 4.8.4515.0; Microsoft Windows 10.0.22000 )",
        "x-ms-client-request-id": "6e9f43dc1f57610d66a8c860ef66f52d",
        "x-ms-return-client-request-id": "true"
      },
      "RequestBody": null,
      "StatusCode": 200,
      "ResponseHeaders": {
        "Cache-Control": "no-store, no-cache",
        "Content-Length": "21",
        "Content-Type": "application/json",
        "Date": "Wed, 14 Sep 2022 11:50:33 GMT",
        "Pragma": "no-cache",
        "Server": "Microsoft-HTTPAPI/2.0",
        "Strict-Transport-Security": "max-age=31536000; includeSubDomains",
        "X-Content-Type-Options": "nosniff",
        "x-ms-correlation-request-id": "00aa6cf8-294c-44cd-86f5-09df89dfcc83",
        "x-ms-gatewayversion": "version=2.14.0",
        "x-ms-ratelimit-remaining-subscription-reads": "11977",
        "x-ms-request-id": "00aa6cf8-294c-44cd-86f5-09df89dfcc83",
        "x-ms-routing-request-id": "WESTUS2:20220914T115034Z:00aa6cf8-294c-44cd-86f5-09df89dfcc83"
      },
      "ResponseBody": {
        "status": "Enqueued"
      }
    },
    {
      "RequestUri": "https://management.azure.com/subscriptions/dec9ed54-2b7f-4476-9bd0-875544af59df/providers/Microsoft.DocumentDB/locations/westus/operationsStatus/9d379bc1-35c3-4776-b015-41036208274c?api-version=2022-05-15",
      "RequestMethod": "GET",
      "RequestHeaders": {
        "Authorization": "Sanitized",
        "traceparent": "00-34320fa8a2059c42a77ab33133130e69-a520693778531e42-00",
        "User-Agent": "azsdk-net-ResourceManager/1.2.0 (.NET Framework 4.8.4515.0; Microsoft Windows 10.0.22000 )",
        "x-ms-client-request-id": "d3b2a1cfd075b61f18cbdfc1c94ac879",
        "x-ms-return-client-request-id": "true"
      },
      "RequestBody": null,
      "StatusCode": 200,
      "ResponseHeaders": {
        "Cache-Control": "no-store, no-cache",
        "Content-Length": "21",
        "Content-Type": "application/json",
        "Date": "Wed, 14 Sep 2022 11:50:34 GMT",
        "Pragma": "no-cache",
        "Server": "Microsoft-HTTPAPI/2.0",
        "Strict-Transport-Security": "max-age=31536000; includeSubDomains",
        "X-Content-Type-Options": "nosniff",
        "x-ms-correlation-request-id": "c4f32396-2123-42ad-a1c3-46ae827c2a44",
        "x-ms-gatewayversion": "version=2.14.0",
        "x-ms-ratelimit-remaining-subscription-reads": "11976",
        "x-ms-request-id": "c4f32396-2123-42ad-a1c3-46ae827c2a44",
        "x-ms-routing-request-id": "WESTUS2:20220914T115035Z:c4f32396-2123-42ad-a1c3-46ae827c2a44"
      },
      "ResponseBody": {
        "status": "Dequeued"
      }
    },
    {
      "RequestUri": "https://management.azure.com/subscriptions/dec9ed54-2b7f-4476-9bd0-875544af59df/providers/Microsoft.DocumentDB/locations/westus/operationsStatus/9d379bc1-35c3-4776-b015-41036208274c?api-version=2022-05-15",
      "RequestMethod": "GET",
      "RequestHeaders": {
        "Authorization": "Sanitized",
        "traceparent": "00-34320fa8a2059c42a77ab33133130e69-3d4c295eec21b640-00",
        "User-Agent": "azsdk-net-ResourceManager/1.2.0 (.NET Framework 4.8.4515.0; Microsoft Windows 10.0.22000 )",
        "x-ms-client-request-id": "7c18185b58cd5a28f20a73135b564282",
        "x-ms-return-client-request-id": "true"
      },
      "RequestBody": null,
      "StatusCode": 200,
      "ResponseHeaders": {
        "Cache-Control": "no-store, no-cache",
        "Content-Length": "21",
        "Content-Type": "application/json",
        "Date": "Wed, 14 Sep 2022 11:50:36 GMT",
        "Pragma": "no-cache",
        "Server": "Microsoft-HTTPAPI/2.0",
        "Strict-Transport-Security": "max-age=31536000; includeSubDomains",
        "X-Content-Type-Options": "nosniff",
        "x-ms-correlation-request-id": "faecbe31-731d-45aa-9021-8b0c92f6ef7f",
        "x-ms-gatewayversion": "version=2.14.0",
        "x-ms-ratelimit-remaining-subscription-reads": "11975",
        "x-ms-request-id": "faecbe31-731d-45aa-9021-8b0c92f6ef7f",
        "x-ms-routing-request-id": "WESTUS2:20220914T115037Z:faecbe31-731d-45aa-9021-8b0c92f6ef7f"
      },
      "ResponseBody": {
        "status": "Dequeued"
      }
    },
    {
      "RequestUri": "https://management.azure.com/subscriptions/dec9ed54-2b7f-4476-9bd0-875544af59df/providers/Microsoft.DocumentDB/locations/westus/operationsStatus/9d379bc1-35c3-4776-b015-41036208274c?api-version=2022-05-15",
      "RequestMethod": "GET",
      "RequestHeaders": {
        "Authorization": "Sanitized",
        "traceparent": "00-34320fa8a2059c42a77ab33133130e69-44e868ee3591b446-00",
        "User-Agent": "azsdk-net-ResourceManager/1.2.0 (.NET Framework 4.8.4515.0; Microsoft Windows 10.0.22000 )",
        "x-ms-client-request-id": "a5aab2e05a910be424e9558c3f4c971c",
        "x-ms-return-client-request-id": "true"
      },
      "RequestBody": null,
      "StatusCode": 200,
      "ResponseHeaders": {
        "Cache-Control": "no-store, no-cache",
        "Content-Length": "21",
        "Content-Type": "application/json",
        "Date": "Wed, 14 Sep 2022 11:50:41 GMT",
        "Pragma": "no-cache",
        "Server": "Microsoft-HTTPAPI/2.0",
        "Strict-Transport-Security": "max-age=31536000; includeSubDomains",
        "X-Content-Type-Options": "nosniff",
        "x-ms-correlation-request-id": "d4e1eed0-b759-4d6f-ba6d-97a990e85a15",
        "x-ms-gatewayversion": "version=2.14.0",
        "x-ms-ratelimit-remaining-subscription-reads": "11974",
        "x-ms-request-id": "d4e1eed0-b759-4d6f-ba6d-97a990e85a15",
        "x-ms-routing-request-id": "WESTUS2:20220914T115041Z:d4e1eed0-b759-4d6f-ba6d-97a990e85a15"
      },
      "ResponseBody": {
        "status": "Dequeued"
      }
    },
    {
      "RequestUri": "https://management.azure.com/subscriptions/dec9ed54-2b7f-4476-9bd0-875544af59df/providers/Microsoft.DocumentDB/locations/westus/operationsStatus/9d379bc1-35c3-4776-b015-41036208274c?api-version=2022-05-15",
      "RequestMethod": "GET",
      "RequestHeaders": {
        "Authorization": "Sanitized",
        "traceparent": "00-34320fa8a2059c42a77ab33133130e69-1c30ad274f47c547-00",
        "User-Agent": "azsdk-net-ResourceManager/1.2.0 (.NET Framework 4.8.4515.0; Microsoft Windows 10.0.22000 )",
        "x-ms-client-request-id": "d6054fe0794e775f7957e06a5d0b5ac1",
        "x-ms-return-client-request-id": "true"
      },
      "RequestBody": null,
      "StatusCode": 200,
      "ResponseHeaders": {
        "Cache-Control": "no-store, no-cache",
        "Content-Length": "22",
        "Content-Type": "application/json",
        "Date": "Wed, 14 Sep 2022 11:50:49 GMT",
        "Pragma": "no-cache",
        "Server": "Microsoft-HTTPAPI/2.0",
        "Strict-Transport-Security": "max-age=31536000; includeSubDomains",
        "X-Content-Type-Options": "nosniff",
        "x-ms-correlation-request-id": "0f138fd9-c893-4743-820a-fc529d007542",
        "x-ms-gatewayversion": "version=2.14.0",
        "x-ms-ratelimit-remaining-subscription-reads": "11973",
        "x-ms-request-id": "0f138fd9-c893-4743-820a-fc529d007542",
        "x-ms-routing-request-id": "WESTUS2:20220914T115049Z:0f138fd9-c893-4743-820a-fc529d007542"
      },
      "ResponseBody": {
        "status": "Succeeded"
      }
    },
    {
      "RequestUri": "https://management.azure.com/subscriptions/dec9ed54-2b7f-4476-9bd0-875544af59df/resourceGroups/dbaccount-6381/providers/Microsoft.DocumentDB/databaseAccounts/dbaccount-3763/sqlDatabases/sql-db-7193/containers/sql-container-1579?api-version=2022-05-15",
      "RequestMethod": "GET",
      "RequestHeaders": {
        "Authorization": "Sanitized",
        "traceparent": "00-34320fa8a2059c42a77ab33133130e69-ad6b98b2edca8d4c-00",
        "User-Agent": "azsdk-net-ResourceManager/1.2.0 (.NET Framework 4.8.4515.0; Microsoft Windows 10.0.22000 )",
        "x-ms-client-request-id": "16e05d88239f01e7330c58e4039c1ba6",
        "x-ms-return-client-request-id": "true"
      },
      "RequestBody": null,
      "StatusCode": 200,
      "ResponseHeaders": {
        "Cache-Control": "no-store, no-cache",
        "Content-Length": "1359",
        "Content-Type": "application/json",
        "Date": "Wed, 14 Sep 2022 11:50:49 GMT",
        "Pragma": "no-cache",
        "Server": "Microsoft-HTTPAPI/2.0",
        "Strict-Transport-Security": "max-age=31536000; includeSubDomains",
        "X-Content-Type-Options": "nosniff",
        "x-ms-correlation-request-id": "a99fa45e-f9d0-4bf0-9298-72f41a6dfab7",
        "x-ms-gatewayversion": "version=2.14.0",
        "x-ms-ratelimit-remaining-subscription-reads": "11972",
        "x-ms-request-id": "a99fa45e-f9d0-4bf0-9298-72f41a6dfab7",
        "x-ms-routing-request-id": "WESTUS2:20220914T115049Z:a99fa45e-f9d0-4bf0-9298-72f41a6dfab7"
      },
      "ResponseBody": {
        "id": "/subscriptions/dec9ed54-2b7f-4476-9bd0-875544af59df/resourceGroups/dbaccount-6381/providers/Microsoft.DocumentDB/databaseAccounts/dbaccount-3763/sqlDatabases/sql-db-7193/containers/sql-container-1579",
        "type": "Microsoft.DocumentDB/databaseAccounts/sqlDatabases/containers",
        "name": "sql-container-1579",
        "properties": {
          "resource": {
            "id": "sql-container-1579",
            "indexingPolicy": {
              "indexingMode": "consistent",
              "automatic": true,
              "includedPaths": [
                {
                  "path": "/*"
                }
              ],
              "excludedPaths": [
                {
                  "path": "/pathToNotIndex/*"
                },
                {
                  "path": "/\u0022_etag\u0022/?"
                }
              ],
              "spatialIndexes": [
                {
                  "path": "/*",
                  "types": [
                    "Point",
                    "LineString",
                    "Polygon",
                    "MultiPolygon"
                  ]
                }
              ],
              "compositeIndexes": [
                [
                  {
                    "path": "/orderByPath1",
                    "order": "ascending"
                  },
                  {
                    "path": "/orderByPath2",
                    "order": "descending"
                  }
                ]
              ]
            },
            "partitionKey": {
              "paths": [
                "/address/zipCode"
              ],
              "kind": "Hash"
            },
            "uniqueKeyPolicy": {
              "uniqueKeys": []
            },
            "conflictResolutionPolicy": {
              "mode": "LastWriterWins",
              "conflictResolutionPath": "/_ts",
              "conflictResolutionProcedure": ""
            },
            "backupPolicy": {
              "type": 1
            },
            "geospatialConfig": {
              "type": "Geography"
            },
            "_rid": "0kZ6AIIrGA0=",
            "_ts": 1663156239,
            "_self": "dbs/0kZ6AA==/colls/0kZ6AIIrGA0=/",
            "_etag": "\u002200001d0f-0000-0700-0000-6321c00f0000\u0022",
            "_docs": "docs/",
            "_sprocs": "sprocs/",
            "_triggers": "triggers/",
            "_udfs": "udfs/",
            "_conflicts": "conflicts/",
            "statistics": [
              {
                "id": "0",
                "sizeInKB": 0,
                "documentCount": 0,
                "sampledDistinctPartitionKeyCount": 0,
                "partitionKeys": []
              }
            ]
          }
        }
      }
    },
    {
      "RequestUri": "https://management.azure.com/subscriptions/dec9ed54-2b7f-4476-9bd0-875544af59df/resourceGroups/dbaccount-6381/providers/Microsoft.DocumentDB/databaseAccounts/dbaccount-3763/sqlDatabases/sql-db-7193/containers/sql-container-1579?api-version=2022-05-15",
      "RequestMethod": "DELETE",
      "RequestHeaders": {
        "Authorization": "Sanitized",
        "traceparent": "00-eaf68daaee9f7c4588e46984f5713e13-2f4dcc1ae6ee504a-00",
        "User-Agent": "azsdk-net-ResourceManager.CosmosDB/1.1.0-alpha.20220829.1 (.NET Framework 4.8.4515.0; Microsoft Windows 10.0.22000 )",
        "x-ms-client-request-id": "0c3356726c51673453332b3a797aae18",
        "x-ms-return-client-request-id": "true"
      },
      "RequestBody": null,
      "StatusCode": 202,
      "ResponseHeaders": {
        "Azure-AsyncOperation": "https://management.azure.com/subscriptions/dec9ed54-2b7f-4476-9bd0-875544af59df/providers/Microsoft.DocumentDB/locations/westus/operationsStatus/2b0d8615-1cba-4f7d-9684-de8c4102f612?api-version=2022-05-15",
        "Cache-Control": "no-store, no-cache",
        "Content-Length": "21",
        "Content-Type": "application/json",
        "Date": "Wed, 14 Sep 2022 11:50:49 GMT",
        "Location": "https://management.azure.com/subscriptions/dec9ed54-2b7f-4476-9bd0-875544af59df/resourceGroups/dbaccount-6381/providers/Microsoft.DocumentDB/databaseAccounts/dbaccount-3763/sqlDatabases/sql-db-7193/containers/sql-container-1579/operationResults/2b0d8615-1cba-4f7d-9684-de8c4102f612?api-version=2022-05-15",
        "Pragma": "no-cache",
        "Server": "Microsoft-HTTPAPI/2.0",
        "Strict-Transport-Security": "max-age=31536000; includeSubDomains",
        "X-Content-Type-Options": "nosniff",
        "x-ms-correlation-request-id": "622aa206-9015-4f39-823c-0ecbab3c5a32",
        "x-ms-gatewayversion": "version=2.14.0",
        "x-ms-ratelimit-remaining-subscription-deletes": "14998",
        "x-ms-request-id": "2b0d8615-1cba-4f7d-9684-de8c4102f612",
        "x-ms-routing-request-id": "WESTUS2:20220914T115050Z:622aa206-9015-4f39-823c-0ecbab3c5a32"
      },
      "ResponseBody": {
        "status": "Enqueued"
      }
    },
    {
      "RequestUri": "https://management.azure.com/subscriptions/dec9ed54-2b7f-4476-9bd0-875544af59df/providers/Microsoft.DocumentDB/locations/westus/operationsStatus/2b0d8615-1cba-4f7d-9684-de8c4102f612?api-version=2022-05-15",
      "RequestMethod": "GET",
      "RequestHeaders": {
        "Authorization": "Sanitized",
        "traceparent": "00-eaf68daaee9f7c4588e46984f5713e13-b710ef4c36f5524d-00",
        "User-Agent": "azsdk-net-ResourceManager/1.2.0 (.NET Framework 4.8.4515.0; Microsoft Windows 10.0.22000 )",
        "x-ms-client-request-id": "06f73a3c4ed81c702978c36cf7ad87b9",
        "x-ms-return-client-request-id": "true"
      },
      "RequestBody": null,
      "StatusCode": 200,
      "ResponseHeaders": {
        "Cache-Control": "no-store, no-cache",
        "Content-Length": "21",
        "Content-Type": "application/json",
        "Date": "Wed, 14 Sep 2022 11:50:49 GMT",
        "Pragma": "no-cache",
        "Server": "Microsoft-HTTPAPI/2.0",
        "Strict-Transport-Security": "max-age=31536000; includeSubDomains",
        "X-Content-Type-Options": "nosniff",
        "x-ms-correlation-request-id": "c3043f7f-485d-444b-befd-9ea795f725c1",
        "x-ms-gatewayversion": "version=2.14.0",
        "x-ms-ratelimit-remaining-subscription-reads": "11971",
        "x-ms-request-id": "c3043f7f-485d-444b-befd-9ea795f725c1",
        "x-ms-routing-request-id": "WESTUS2:20220914T115050Z:c3043f7f-485d-444b-befd-9ea795f725c1"
      },
      "ResponseBody": {
        "status": "Enqueued"
      }
    },
    {
      "RequestUri": "https://management.azure.com/subscriptions/dec9ed54-2b7f-4476-9bd0-875544af59df/providers/Microsoft.DocumentDB/locations/westus/operationsStatus/2b0d8615-1cba-4f7d-9684-de8c4102f612?api-version=2022-05-15",
      "RequestMethod": "GET",
      "RequestHeaders": {
        "Authorization": "Sanitized",
        "traceparent": "00-eaf68daaee9f7c4588e46984f5713e13-392cad8a0f4c7648-00",
        "User-Agent": "azsdk-net-ResourceManager/1.2.0 (.NET Framework 4.8.4515.0; Microsoft Windows 10.0.22000 )",
        "x-ms-client-request-id": "6f563f5e3898f13ada76a54dc9f246d8",
        "x-ms-return-client-request-id": "true"
      },
      "RequestBody": null,
      "StatusCode": 200,
      "ResponseHeaders": {
        "Cache-Control": "no-store, no-cache",
        "Content-Length": "21",
        "Content-Type": "application/json",
        "Date": "Wed, 14 Sep 2022 11:50:51 GMT",
        "Pragma": "no-cache",
        "Server": "Microsoft-HTTPAPI/2.0",
        "Strict-Transport-Security": "max-age=31536000; includeSubDomains",
        "X-Content-Type-Options": "nosniff",
        "x-ms-correlation-request-id": "d73d30a0-6106-4a91-87c9-65f91aac542a",
        "x-ms-gatewayversion": "version=2.14.0",
        "x-ms-ratelimit-remaining-subscription-reads": "11970",
        "x-ms-request-id": "d73d30a0-6106-4a91-87c9-65f91aac542a",
        "x-ms-routing-request-id": "WESTUS2:20220914T115051Z:d73d30a0-6106-4a91-87c9-65f91aac542a"
      },
      "ResponseBody": {
        "status": "Enqueued"
      }
    },
    {
      "RequestUri": "https://management.azure.com/subscriptions/dec9ed54-2b7f-4476-9bd0-875544af59df/providers/Microsoft.DocumentDB/locations/westus/operationsStatus/2b0d8615-1cba-4f7d-9684-de8c4102f612?api-version=2022-05-15",
      "RequestMethod": "GET",
      "RequestHeaders": {
        "Authorization": "Sanitized",
        "traceparent": "00-eaf68daaee9f7c4588e46984f5713e13-d7820576660dd549-00",
        "User-Agent": "azsdk-net-ResourceManager/1.2.0 (.NET Framework 4.8.4515.0; Microsoft Windows 10.0.22000 )",
        "x-ms-client-request-id": "3efd4ebfa883404022e7b9f3bd10c5ba",
        "x-ms-return-client-request-id": "true"
      },
      "RequestBody": null,
      "StatusCode": 200,
      "ResponseHeaders": {
        "Cache-Control": "no-store, no-cache",
        "Content-Length": "21",
        "Content-Type": "application/json",
        "Date": "Wed, 14 Sep 2022 11:50:52 GMT",
        "Pragma": "no-cache",
        "Server": "Microsoft-HTTPAPI/2.0",
        "Strict-Transport-Security": "max-age=31536000; includeSubDomains",
        "X-Content-Type-Options": "nosniff",
        "x-ms-correlation-request-id": "b85037ea-02b6-42d8-b213-41991a25e39f",
        "x-ms-gatewayversion": "version=2.14.0",
        "x-ms-ratelimit-remaining-subscription-reads": "11969",
        "x-ms-request-id": "b85037ea-02b6-42d8-b213-41991a25e39f",
        "x-ms-routing-request-id": "WESTUS2:20220914T115052Z:b85037ea-02b6-42d8-b213-41991a25e39f"
      },
      "ResponseBody": {
        "status": "Enqueued"
      }
    },
    {
      "RequestUri": "https://management.azure.com/subscriptions/dec9ed54-2b7f-4476-9bd0-875544af59df/providers/Microsoft.DocumentDB/locations/westus/operationsStatus/2b0d8615-1cba-4f7d-9684-de8c4102f612?api-version=2022-05-15",
      "RequestMethod": "GET",
      "RequestHeaders": {
        "Authorization": "Sanitized",
        "traceparent": "00-eaf68daaee9f7c4588e46984f5713e13-0e1d50cac076a542-00",
        "User-Agent": "azsdk-net-ResourceManager/1.2.0 (.NET Framework 4.8.4515.0; Microsoft Windows 10.0.22000 )",
        "x-ms-client-request-id": "e1e3e97c04240444ff052b62a8235336",
        "x-ms-return-client-request-id": "true"
      },
      "RequestBody": null,
      "StatusCode": 200,
      "ResponseHeaders": {
        "Cache-Control": "no-store, no-cache",
        "Content-Length": "21",
        "Content-Type": "application/json",
        "Date": "Wed, 14 Sep 2022 11:50:53 GMT",
        "Pragma": "no-cache",
        "Server": "Microsoft-HTTPAPI/2.0",
        "Strict-Transport-Security": "max-age=31536000; includeSubDomains",
        "X-Content-Type-Options": "nosniff",
        "x-ms-correlation-request-id": "4ce5ee07-e5c5-45d7-8855-8a7f171f1fe9",
        "x-ms-gatewayversion": "version=2.14.0",
        "x-ms-ratelimit-remaining-subscription-reads": "11968",
        "x-ms-request-id": "4ce5ee07-e5c5-45d7-8855-8a7f171f1fe9",
        "x-ms-routing-request-id": "WESTUS2:20220914T115053Z:4ce5ee07-e5c5-45d7-8855-8a7f171f1fe9"
      },
      "ResponseBody": {
        "status": "Enqueued"
      }
    },
    {
      "RequestUri": "https://management.azure.com/subscriptions/dec9ed54-2b7f-4476-9bd0-875544af59df/providers/Microsoft.DocumentDB/locations/westus/operationsStatus/2b0d8615-1cba-4f7d-9684-de8c4102f612?api-version=2022-05-15",
      "RequestMethod": "GET",
      "RequestHeaders": {
        "Authorization": "Sanitized",
        "traceparent": "00-eaf68daaee9f7c4588e46984f5713e13-c663becafad0e842-00",
        "User-Agent": "azsdk-net-ResourceManager/1.2.0 (.NET Framework 4.8.4515.0; Microsoft Windows 10.0.22000 )",
        "x-ms-client-request-id": "a9aceb3149afb636ff154cb17e4734ca",
        "x-ms-return-client-request-id": "true"
      },
      "RequestBody": null,
      "StatusCode": 200,
      "ResponseHeaders": {
        "Cache-Control": "no-store, no-cache",
        "Content-Length": "21",
        "Content-Type": "application/json",
        "Date": "Wed, 14 Sep 2022 11:50:55 GMT",
        "Pragma": "no-cache",
        "Server": "Microsoft-HTTPAPI/2.0",
        "Strict-Transport-Security": "max-age=31536000; includeSubDomains",
        "X-Content-Type-Options": "nosniff",
        "x-ms-correlation-request-id": "e3ac0bd6-564c-48d1-b828-019b712d6a2c",
        "x-ms-gatewayversion": "version=2.14.0",
        "x-ms-ratelimit-remaining-subscription-reads": "11967",
        "x-ms-request-id": "e3ac0bd6-564c-48d1-b828-019b712d6a2c",
        "x-ms-routing-request-id": "WESTUS2:20220914T115055Z:e3ac0bd6-564c-48d1-b828-019b712d6a2c"
      },
      "ResponseBody": {
        "status": "Dequeued"
      }
    },
    {
      "RequestUri": "https://management.azure.com/subscriptions/dec9ed54-2b7f-4476-9bd0-875544af59df/providers/Microsoft.DocumentDB/locations/westus/operationsStatus/2b0d8615-1cba-4f7d-9684-de8c4102f612?api-version=2022-05-15",
      "RequestMethod": "GET",
      "RequestHeaders": {
        "Authorization": "Sanitized",
        "traceparent": "00-eaf68daaee9f7c4588e46984f5713e13-52d889f6b3337c4f-00",
        "User-Agent": "azsdk-net-ResourceManager/1.2.0 (.NET Framework 4.8.4515.0; Microsoft Windows 10.0.22000 )",
        "x-ms-client-request-id": "dfd1eab0650fbbb30af93e7d7cdd97ff",
        "x-ms-return-client-request-id": "true"
      },
      "RequestBody": null,
      "StatusCode": 200,
      "ResponseHeaders": {
        "Cache-Control": "no-store, no-cache",
        "Content-Length": "22",
        "Content-Type": "application/json",
        "Date": "Wed, 14 Sep 2022 11:50:59 GMT",
        "Pragma": "no-cache",
        "Server": "Microsoft-HTTPAPI/2.0",
        "Strict-Transport-Security": "max-age=31536000; includeSubDomains",
        "X-Content-Type-Options": "nosniff",
        "x-ms-correlation-request-id": "520dd120-5cda-4d47-ad9e-29a713cb8e84",
        "x-ms-gatewayversion": "version=2.14.0",
        "x-ms-ratelimit-remaining-subscription-reads": "11966",
        "x-ms-request-id": "520dd120-5cda-4d47-ad9e-29a713cb8e84",
        "x-ms-routing-request-id": "WESTUS2:20220914T115059Z:520dd120-5cda-4d47-ad9e-29a713cb8e84"
      },
      "ResponseBody": {
        "status": "Succeeded"
      }
    },
    {
      "RequestUri": "https://management.azure.com/subscriptions/dec9ed54-2b7f-4476-9bd0-875544af59df/resourceGroups/dbaccount-6381/providers/Microsoft.DocumentDB/databaseAccounts/dbaccount-3763/sqlDatabases/sql-db-7193/containers/sql-container-1579?api-version=2022-05-15",
      "RequestMethod": "GET",
      "RequestHeaders": {
        "Accept": "application/json",
        "Authorization": "Sanitized",
        "traceparent": "00-28c0d91f06efcc4d8af276218c8756d4-34052a8f9d97dd46-00",
        "User-Agent": "azsdk-net-ResourceManager.CosmosDB/1.1.0-alpha.20220829.1 (.NET Framework 4.8.4515.0; Microsoft Windows 10.0.22000 )",
        "x-ms-client-request-id": "d1c183931b63320bb32ce10eb79285b8",
        "x-ms-return-client-request-id": "true"
      },
      "RequestBody": null,
      "StatusCode": 404,
      "ResponseHeaders": {
        "Cache-Control": "no-store, no-cache",
        "Content-Length": "6552",
        "Content-Type": "application/json",
        "Date": "Wed, 14 Sep 2022 11:50:59 GMT",
        "Pragma": "no-cache",
        "Server": "Microsoft-HTTPAPI/2.0",
        "Strict-Transport-Security": "max-age=31536000; includeSubDomains",
        "X-Content-Type-Options": "nosniff",
        "x-ms-correlation-request-id": "345f653f-a2a4-4ca8-acec-2edfe766ee9d",
        "x-ms-gatewayversion": "version=2.14.0",
        "x-ms-ratelimit-remaining-subscription-reads": "11965",
        "x-ms-request-id": "345f653f-a2a4-4ca8-acec-2edfe766ee9d",
        "x-ms-routing-request-id": "WESTUS2:20220914T115059Z:345f653f-a2a4-4ca8-acec-2edfe766ee9d"
      },
      "ResponseBody": {
        "code": "NotFound",
        "message": "Message: {\u0022code\u0022:\u0022NotFound\u0022,\u0022message\u0022:\u0022Message: {\\\u0022Errors\\\u0022:[\\\u0022Resource Not Found. Learn more: https:\\\\/\\\\/aka.ms\\\\/cosmosdb-tsg-not-found\\\u0022]}\\r\\nActivityId: d1c18393-1b63-320b-b32c-e10eb79285b8, Request URI: /apps/25ff1d5a-4a3c-439e-895e-627596b0951f/services/56b72456-4699-44f5-ba23-03b3e5e9047e/partitions/a9adc59a-594e-4d7e-99ca-00bf46a30b0c/replicas/133069992042626375s, RequestStats: \\r\\nRequestStartTime: 2022-09-14T11:50:59.7611122Z, RequestEndTime: 2022-09-14T11:50:59.7611122Z,  Number of regions attempted:1\\r\\n{\\\u0022systemHistory\\\u0022:[{\\\u0022dateUtc\\\u0022:\\\u00222022-09-14T11:50:03.7213718Z\\\u0022,\\\u0022cpu\\\u0022:0.271,\\\u0022memory\\\u0022:632589784.000,\\\u0022threadInfo\\\u0022:{\\\u0022isThreadStarving\\\u0022:\\\u0022False\\\u0022,\\\u0022threadWaitIntervalInMs\\\u0022:0.0192,\\\u0022availableThreads\\\u0022:32764,\\\u0022minThreads\\\u0022:64,\\\u0022maxThreads\\\u0022:32767},\\\u0022numberOfOpenTcpConnection\\\u0022:233},{\\\u0022dateUtc\\\u0022:\\\u00222022-09-14T11:50:13.7313278Z\\\u0022,\\\u0022cpu\\\u0022:0.217,\\\u0022memory\\\u0022:632406900.000,\\\u0022threadInfo\\\u0022:{\\\u0022isThreadStarving\\\u0022:\\\u0022False\\\u0022,\\\u0022threadWaitIntervalInMs\\\u0022:0.0186,\\\u0022availableThreads\\\u0022:32764,\\\u0022minThreads\\\u0022:64,\\\u0022maxThreads\\\u0022:32767},\\\u0022numberOfOpenTcpConnection\\\u0022:233},{\\\u0022dateUtc\\\u0022:\\\u00222022-09-14T11:50:23.7412789Z\\\u0022,\\\u0022cpu\\\u0022:0.461,\\\u0022memory\\\u0022:632009724.000,\\\u0022threadInfo\\\u0022:{\\\u0022isThreadStarving\\\u0022:\\\u0022False\\\u0022,\\\u0022threadWaitIntervalInMs\\\u0022:0.0199,\\\u0022availableThreads\\\u0022:32764,\\\u0022minThreads\\\u0022:64,\\\u0022maxThreads\\\u0022:32767},\\\u0022numberOfOpenTcpConnection\\\u0022:233},{\\\u0022dateUtc\\\u0022:\\\u00222022-09-14T11:50:33.7512312Z\\\u0022,\\\u0022cpu\\\u0022:0.275,\\\u0022memory\\\u0022:631902152.000,\\\u0022threadInfo\\\u0022:{\\\u0022isThreadStarving\\\u0022:\\\u0022False\\\u0022,\\\u0022threadWaitIntervalInMs\\\u0022:0.0181,\\\u0022availableThreads\\\u0022:32764,\\\u0022minThreads\\\u0022:64,\\\u0022maxThreads\\\u0022:32767},\\\u0022numberOfOpenTcpConnection\\\u0022:233},{\\\u0022dateUtc\\\u0022:\\\u00222022-09-14T11:50:43.7611867Z\\\u0022,\\\u0022cpu\\\u0022:0.787,\\\u0022memory\\\u0022:630740796.000,\\\u0022threadInfo\\\u0022:{\\\u0022isThreadStarving\\\u0022:\\\u0022False\\\u0022,\\\u0022threadWaitIntervalInMs\\\u0022:0.0179,\\\u0022availableThreads\\\u0022:32764,\\\u0022minThreads\\\u0022:64,\\\u0022maxThreads\\\u0022:32767},\\\u0022numberOfOpenTcpConnection\\\u0022:233},{\\\u0022dateUtc\\\u0022:\\\u00222022-09-14T11:50:53.7711368Z\\\u0022,\\\u0022cpu\\\u0022:0.386,\\\u0022memory\\\u0022:630734128.000,\\\u0022threadInfo\\\u0022:{\\\u0022isThreadStarving\\\u0022:\\\u0022False\\\u0022,\\\u0022threadWaitIntervalInMs\\\u0022:0.0205,\\\u0022availableThreads\\\u0022:32764,\\\u0022minThreads\\\u0022:64,\\\u0022maxThreads\\\u0022:32767},\\\u0022numberOfOpenTcpConnection\\\u0022:235}]}\\r\\nRequestStart: 2022-09-14T11:50:59.7611122Z; ResponseTime: 2022-09-14T11:50:59.7611122Z; StoreResult: StorePhysicalAddress: rntbd://10.0.1.8:11000/apps/25ff1d5a-4a3c-439e-895e-627596b0951f/services/56b72456-4699-44f5-ba23-03b3e5e9047e/partitions/a9adc59a-594e-4d7e-99ca-00bf46a30b0c/replicas/133069992042626375s, LSN: 20, GlobalCommittedLsn: 20, PartitionKeyRangeId: , IsValid: True, StatusCode: 404, SubStatusCode: 0, RequestCharge: 1, ItemLSN: -1, SessionToken: -1#20, UsingLocalLSN: False, TransportException: null, BELatencyMs: 0.231, ActivityId: d1c18393-1b63-320b-b32c-e10eb79285b8, RetryAfterInMs: , TransportRequestTimeline: {\\\u0022requestTimeline\\\u0022:[{\\\u0022event\\\u0022: \\\u0022Created\\\u0022, \\\u0022startTimeUtc\\\u0022: \\\u00222022-09-14T11:50:59.7611122Z\\\u0022, \\\u0022durationInMs\\\u0022: 0.0102},{\\\u0022event\\\u0022: \\\u0022ChannelAcquisitionStarted\\\u0022, \\\u0022startTimeUtc\\\u0022: \\\u00222022-09-14T11:50:59.7611224Z\\\u0022, \\\u0022durationInMs\\\u0022: 0.0101},{\\\u0022event\\\u0022: \\\u0022Pipelined\\\u0022, \\\u0022startTimeUtc\\\u0022: \\\u00222022-09-14T11:50:59.7611325Z\\\u0022, \\\u0022durationInMs\\\u0022: 0.0872},{\\\u0022event\\\u0022: \\\u0022Transit Time\\\u0022, \\\u0022startTimeUtc\\\u0022: \\\u00222022-09-14T11:50:59.7612197Z\\\u0022, \\\u0022durationInMs\\\u0022: 0.526},{\\\u0022event\\\u0022: \\\u0022Received\\\u0022, \\\u0022startTimeUtc\\\u0022: \\\u00222022-09-14T11:50:59.7617457Z\\\u0022, \\\u0022durationInMs\\\u0022: 0.069},{\\\u0022event\\\u0022: \\\u0022Completed\\\u0022, \\\u0022startTimeUtc\\\u0022: \\\u00222022-09-14T11:50:59.7618147Z\\\u0022, \\\u0022durationInMs\\\u0022: 0}],\\\u0022serviceEndpointStats\\\u0022:{\\\u0022inflightRequests\\\u0022:1,\\\u0022openConnections\\\u0022:1},\\\u0022connectionStats\\\u0022:{\\\u0022waitforConnectionInit\\\u0022:\\\u0022False\\\u0022,\\\u0022callsPendingReceive\\\u0022:0,\\\u0022lastSendAttempt\\\u0022:\\\u00222022-09-14T11:50:51.6211460Z\\\u0022,\\\u0022lastSend\\\u0022:\\\u00222022-09-14T11:50:51.6211460Z\\\u0022,\\\u0022lastReceive\\\u0022:\\\u00222022-09-14T11:50:51.6511460Z\\\u0022},\\\u0022requestSizeInBytes\\\u0022:491,\\\u0022responseMetadataSizeInBytes\\\u0022:135,\\\u0022responseBodySizeInBytes\\\u0022:87};\\r\\n ResourceType: Collection, OperationType: Read\\r\\nRequestStart: 2022-09-14T11:50:59.7611122Z; ResponseTime: 2022-09-14T11:50:59.7611122Z; StoreResult: StorePhysicalAddress: rntbd://10.0.1.4:11300/apps/25ff1d5a-4a3c-439e-895e-627596b0951f/services/56b72456-4699-44f5-ba23-03b3e5e9047e/partitions/a9adc59a-594e-4d7e-99ca-00bf46a30b0c/replicas/133069992042626376s, LSN: 20, GlobalCommittedLsn: 20, PartitionKeyRangeId: , IsValid: True, StatusCode: 404, SubStatusCode: 0, RequestCharge: 1, ItemLSN: -1, SessionToken: -1#20, UsingLocalLSN: False, TransportException: null, BELatencyMs: 0.25, ActivityId: d1c18393-1b63-320b-b32c-e10eb79285b8, RetryAfterInMs: , TransportRequestTimeline: {\\\u0022requestTimeline\\\u0022:[{\\\u0022event\\\u0022: \\\u0022Created\\\u0022, \\\u0022startTimeUtc\\\u0022: \\\u00222022-09-14T11:50:59.7611122Z\\\u0022, \\\u0022durationInMs\\\u0022: 0.004},{\\\u0022event\\\u0022: \\\u0022ChannelAcquisitionStarted\\\u0022, \\\u0022startTimeUtc\\\u0022: \\\u00222022-09-14T11:50:59.7611162Z\\\u0022, \\\u0022durationInMs\\\u0022: 0.0054},{\\\u0022event\\\u0022: \\\u0022Pipelined\\\u0022, \\\u0022startTimeUtc\\\u0022: \\\u00222022-09-14T11:50:59.7611216Z\\\u0022, \\\u0022durationInMs\\\u0022: 0.0599},{\\\u0022event\\\u0022: \\\u0022Transit Time\\\u0022, \\\u0022startTimeUtc\\\u0022: \\\u00222022-09-14T11:50:59.7611815Z\\\u0022, \\\u0022durationInMs\\\u0022: 0.4964},{\\\u0022event\\\u0022: \\\u0022Received\\\u0022, \\\u0022startTimeUtc\\\u0022: \\\u00222022-09-14T11:50:59.7616779Z\\\u0022, \\\u0022durationInMs\\\u0022: 0.042},{\\\u0022event\\\u0022: \\\u0022Completed\\\u0022, \\\u0022startTimeUtc\\\u0022: \\\u00222022-09-14T11:50:59.7617199Z\\\u0022, \\\u0022durationInMs\\\u0022: 0}],\\\u0022serviceEndpointStats\\\u0022:{\\\u0022inflightRequests\\\u0022:1,\\\u0022openConnections\\\u0022:1},\\\u0022connectionStats\\\u0022:{\\\u0022waitforConnectionInit\\\u0022:\\\u0022False\\\u0022,\\\u0022callsPendingReceive\\\u0022:0,\\\u0022lastSendAttempt\\\u0022:\\\u00222022-09-14T11:50:49.5311585Z\\\u0022,\\\u0022lastSend\\\u0022:\\\u00222022-09-14T11:50:49.5311585Z\\\u0022,\\\u0022lastReceive\\\u0022:\\\u00222022-09-14T11:50:49.5311585Z\\\u0022},\\\u0022requestSizeInBytes\\\u0022:491,\\\u0022responseMetadataSizeInBytes\\\u0022:135,\\\u0022responseBodySizeInBytes\\\u0022:87};\\r\\n ResourceType: Collection, OperationType: Read\\r\\n, SDK: Microsoft.Azure.Documents.Common/2.14.0\u0022}, Request URI: /dbs/sql-db-7193/colls/sql-container-1579, RequestStats: , SDK: Microsoft.Azure.Documents.Common/2.14.0"
      }
    },
    {
      "RequestUri": "https://management.azure.com/subscriptions/dec9ed54-2b7f-4476-9bd0-875544af59df/resourceGroups/dbaccount-6381/providers/Microsoft.DocumentDB/databaseAccounts/dbaccount-3763/sqlDatabases/sql-db-7193/containers/sql-container-1579?api-version=2022-05-15",
      "RequestMethod": "GET",
      "RequestHeaders": {
        "Accept": "application/json",
        "Authorization": "Sanitized",
        "traceparent": "00-3e0c39a729ad564787a0ac15458746d0-77a04592ccf6ae4f-00",
        "User-Agent": "azsdk-net-ResourceManager.CosmosDB/1.1.0-alpha.20220829.1 (.NET Framework 4.8.4515.0; Microsoft Windows 10.0.22000 )",
        "x-ms-client-request-id": "beb161d17351cb2638f19fb60ab83a21",
        "x-ms-return-client-request-id": "true"
      },
      "RequestBody": null,
      "StatusCode": 404,
      "ResponseHeaders": {
        "Cache-Control": "no-store, no-cache",
        "Content-Length": "6556",
        "Content-Type": "application/json",
        "Date": "Wed, 14 Sep 2022 11:50:59 GMT",
        "Pragma": "no-cache",
        "Server": "Microsoft-HTTPAPI/2.0",
        "Strict-Transport-Security": "max-age=31536000; includeSubDomains",
        "X-Content-Type-Options": "nosniff",
        "x-ms-correlation-request-id": "d98ada35-dd63-47f7-8502-fcc5c1a006b8",
        "x-ms-gatewayversion": "version=2.14.0",
        "x-ms-ratelimit-remaining-subscription-reads": "11964",
        "x-ms-request-id": "d98ada35-dd63-47f7-8502-fcc5c1a006b8",
        "x-ms-routing-request-id": "WESTUS2:20220914T115059Z:d98ada35-dd63-47f7-8502-fcc5c1a006b8"
      },
      "ResponseBody": {
        "code": "NotFound",
        "message": "Message: {\u0022code\u0022:\u0022NotFound\u0022,\u0022message\u0022:\u0022Message: {\\\u0022Errors\\\u0022:[\\\u0022Resource Not Found. Learn more: https:\\\\/\\\\/aka.ms\\\\/cosmosdb-tsg-not-found\\\u0022]}\\r\\nActivityId: beb161d1-7351-cb26-38f1-9fb60ab83a21, Request URI: /apps/25ff1d5a-4a3c-439e-895e-627596b0951f/services/56b72456-4699-44f5-ba23-03b3e5e9047e/partitions/a9adc59a-594e-4d7e-99ca-00bf46a30b0c/replicas/133069992042626376s, RequestStats: \\r\\nRequestStartTime: 2022-09-14T11:50:59.9011151Z, RequestEndTime: 2022-09-14T11:50:59.9011151Z,  Number of regions attempted:1\\r\\n{\\\u0022systemHistory\\\u0022:[{\\\u0022dateUtc\\\u0022:\\\u00222022-09-14T11:50:03.7213718Z\\\u0022,\\\u0022cpu\\\u0022:0.271,\\\u0022memory\\\u0022:632589784.000,\\\u0022threadInfo\\\u0022:{\\\u0022isThreadStarving\\\u0022:\\\u0022False\\\u0022,\\\u0022threadWaitIntervalInMs\\\u0022:0.0192,\\\u0022availableThreads\\\u0022:32764,\\\u0022minThreads\\\u0022:64,\\\u0022maxThreads\\\u0022:32767},\\\u0022numberOfOpenTcpConnection\\\u0022:233},{\\\u0022dateUtc\\\u0022:\\\u00222022-09-14T11:50:13.7313278Z\\\u0022,\\\u0022cpu\\\u0022:0.217,\\\u0022memory\\\u0022:632406900.000,\\\u0022threadInfo\\\u0022:{\\\u0022isThreadStarving\\\u0022:\\\u0022False\\\u0022,\\\u0022threadWaitIntervalInMs\\\u0022:0.0186,\\\u0022availableThreads\\\u0022:32764,\\\u0022minThreads\\\u0022:64,\\\u0022maxThreads\\\u0022:32767},\\\u0022numberOfOpenTcpConnection\\\u0022:233},{\\\u0022dateUtc\\\u0022:\\\u00222022-09-14T11:50:23.7412789Z\\\u0022,\\\u0022cpu\\\u0022:0.461,\\\u0022memory\\\u0022:632009724.000,\\\u0022threadInfo\\\u0022:{\\\u0022isThreadStarving\\\u0022:\\\u0022False\\\u0022,\\\u0022threadWaitIntervalInMs\\\u0022:0.0199,\\\u0022availableThreads\\\u0022:32764,\\\u0022minThreads\\\u0022:64,\\\u0022maxThreads\\\u0022:32767},\\\u0022numberOfOpenTcpConnection\\\u0022:233},{\\\u0022dateUtc\\\u0022:\\\u00222022-09-14T11:50:33.7512312Z\\\u0022,\\\u0022cpu\\\u0022:0.275,\\\u0022memory\\\u0022:631902152.000,\\\u0022threadInfo\\\u0022:{\\\u0022isThreadStarving\\\u0022:\\\u0022False\\\u0022,\\\u0022threadWaitIntervalInMs\\\u0022:0.0181,\\\u0022availableThreads\\\u0022:32764,\\\u0022minThreads\\\u0022:64,\\\u0022maxThreads\\\u0022:32767},\\\u0022numberOfOpenTcpConnection\\\u0022:233},{\\\u0022dateUtc\\\u0022:\\\u00222022-09-14T11:50:43.7611867Z\\\u0022,\\\u0022cpu\\\u0022:0.787,\\\u0022memory\\\u0022:630740796.000,\\\u0022threadInfo\\\u0022:{\\\u0022isThreadStarving\\\u0022:\\\u0022False\\\u0022,\\\u0022threadWaitIntervalInMs\\\u0022:0.0179,\\\u0022availableThreads\\\u0022:32764,\\\u0022minThreads\\\u0022:64,\\\u0022maxThreads\\\u0022:32767},\\\u0022numberOfOpenTcpConnection\\\u0022:233},{\\\u0022dateUtc\\\u0022:\\\u00222022-09-14T11:50:53.7711368Z\\\u0022,\\\u0022cpu\\\u0022:0.386,\\\u0022memory\\\u0022:630734128.000,\\\u0022threadInfo\\\u0022:{\\\u0022isThreadStarving\\\u0022:\\\u0022False\\\u0022,\\\u0022threadWaitIntervalInMs\\\u0022:0.0205,\\\u0022availableThreads\\\u0022:32764,\\\u0022minThreads\\\u0022:64,\\\u0022maxThreads\\\u0022:32767},\\\u0022numberOfOpenTcpConnection\\\u0022:235}]}\\r\\nRequestStart: 2022-09-14T11:50:59.9011151Z; ResponseTime: 2022-09-14T11:50:59.9011151Z; StoreResult: StorePhysicalAddress: rntbd://10.0.1.4:11300/apps/25ff1d5a-4a3c-439e-895e-627596b0951f/services/56b72456-4699-44f5-ba23-03b3e5e9047e/partitions/a9adc59a-594e-4d7e-99ca-00bf46a30b0c/replicas/133069992042626376s, LSN: 20, GlobalCommittedLsn: 20, PartitionKeyRangeId: , IsValid: True, StatusCode: 404, SubStatusCode: 0, RequestCharge: 1, ItemLSN: -1, SessionToken: -1#20, UsingLocalLSN: False, TransportException: null, BELatencyMs: 0.214, ActivityId: beb161d1-7351-cb26-38f1-9fb60ab83a21, RetryAfterInMs: , TransportRequestTimeline: {\\\u0022requestTimeline\\\u0022:[{\\\u0022event\\\u0022: \\\u0022Created\\\u0022, \\\u0022startTimeUtc\\\u0022: \\\u00222022-09-14T11:50:59.9011151Z\\\u0022, \\\u0022durationInMs\\\u0022: 0.0101},{\\\u0022event\\\u0022: \\\u0022ChannelAcquisitionStarted\\\u0022, \\\u0022startTimeUtc\\\u0022: \\\u00222022-09-14T11:50:59.9011252Z\\\u0022, \\\u0022durationInMs\\\u0022: 0.0029},{\\\u0022event\\\u0022: \\\u0022Pipelined\\\u0022, \\\u0022startTimeUtc\\\u0022: \\\u00222022-09-14T11:50:59.9011281Z\\\u0022, \\\u0022durationInMs\\\u0022: 0.0983},{\\\u0022event\\\u0022: \\\u0022Transit Time\\\u0022, \\\u0022startTimeUtc\\\u0022: \\\u00222022-09-14T11:50:59.9012264Z\\\u0022, \\\u0022durationInMs\\\u0022: 0.4877},{\\\u0022event\\\u0022: \\\u0022Received\\\u0022, \\\u0022startTimeUtc\\\u0022: \\\u00222022-09-14T11:50:59.9017141Z\\\u0022, \\\u0022durationInMs\\\u0022: 0.0396},{\\\u0022event\\\u0022: \\\u0022Completed\\\u0022, \\\u0022startTimeUtc\\\u0022: \\\u00222022-09-14T11:50:59.9017537Z\\\u0022, \\\u0022durationInMs\\\u0022: 0}],\\\u0022serviceEndpointStats\\\u0022:{\\\u0022inflightRequests\\\u0022:1,\\\u0022openConnections\\\u0022:1},\\\u0022connectionStats\\\u0022:{\\\u0022waitforConnectionInit\\\u0022:\\\u0022False\\\u0022,\\\u0022callsPendingReceive\\\u0022:0,\\\u0022lastSendAttempt\\\u0022:\\\u00222022-09-14T11:50:59.7611122Z\\\u0022,\\\u0022lastSend\\\u0022:\\\u00222022-09-14T11:50:59.7611122Z\\\u0022,\\\u0022lastReceive\\\u0022:\\\u00222022-09-14T11:50:59.7611122Z\\\u0022},\\\u0022requestSizeInBytes\\\u0022:491,\\\u0022responseMetadataSizeInBytes\\\u0022:135,\\\u0022responseBodySizeInBytes\\\u0022:87};\\r\\n ResourceType: Collection, OperationType: Read\\r\\nRequestStart: 2022-09-14T11:50:59.9011151Z; ResponseTime: 2022-09-14T11:50:59.9011151Z; StoreResult: StorePhysicalAddress: rntbd://10.0.1.8:11000/apps/25ff1d5a-4a3c-439e-895e-627596b0951f/services/56b72456-4699-44f5-ba23-03b3e5e9047e/partitions/a9adc59a-594e-4d7e-99ca-00bf46a30b0c/replicas/133069992042626375s, LSN: 20, GlobalCommittedLsn: 20, PartitionKeyRangeId: , IsValid: True, StatusCode: 404, SubStatusCode: 0, RequestCharge: 1, ItemLSN: -1, SessionToken: -1#20, UsingLocalLSN: False, TransportException: null, BELatencyMs: 0.254, ActivityId: beb161d1-7351-cb26-38f1-9fb60ab83a21, RetryAfterInMs: , TransportRequestTimeline: {\\\u0022requestTimeline\\\u0022:[{\\\u0022event\\\u0022: \\\u0022Created\\\u0022, \\\u0022startTimeUtc\\\u0022: \\\u00222022-09-14T11:50:59.9011151Z\\\u0022, \\\u0022durationInMs\\\u0022: 0.0044},{\\\u0022event\\\u0022: \\\u0022ChannelAcquisitionStarted\\\u0022, \\\u0022startTimeUtc\\\u0022: \\\u00222022-09-14T11:50:59.9011195Z\\\u0022, \\\u0022durationInMs\\\u0022: 0.0013},{\\\u0022event\\\u0022: \\\u0022Pipelined\\\u0022, \\\u0022startTimeUtc\\\u0022: \\\u00222022-09-14T11:50:59.9011208Z\\\u0022, \\\u0022durationInMs\\\u0022: 0.074},{\\\u0022event\\\u0022: \\\u0022Transit Time\\\u0022, \\\u0022startTimeUtc\\\u0022: \\\u00222022-09-14T11:50:59.9011948Z\\\u0022, \\\u0022durationInMs\\\u0022: 0.5603},{\\\u0022event\\\u0022: \\\u0022Received\\\u0022, \\\u0022startTimeUtc\\\u0022: \\\u00222022-09-14T11:50:59.9017551Z\\\u0022, \\\u0022durationInMs\\\u0022: 0.0515},{\\\u0022event\\\u0022: \\\u0022Completed\\\u0022, \\\u0022startTimeUtc\\\u0022: \\\u00222022-09-14T11:50:59.9018066Z\\\u0022, \\\u0022durationInMs\\\u0022: 0}],\\\u0022serviceEndpointStats\\\u0022:{\\\u0022inflightRequests\\\u0022:1,\\\u0022openConnections\\\u0022:1},\\\u0022connectionStats\\\u0022:{\\\u0022waitforConnectionInit\\\u0022:\\\u0022False\\\u0022,\\\u0022callsPendingReceive\\\u0022:0,\\\u0022lastSendAttempt\\\u0022:\\\u00222022-09-14T11:50:59.7611122Z\\\u0022,\\\u0022lastSend\\\u0022:\\\u00222022-09-14T11:50:59.7611122Z\\\u0022,\\\u0022lastReceive\\\u0022:\\\u00222022-09-14T11:50:59.7611122Z\\\u0022},\\\u0022requestSizeInBytes\\\u0022:491,\\\u0022responseMetadataSizeInBytes\\\u0022:135,\\\u0022responseBodySizeInBytes\\\u0022:87};\\r\\n ResourceType: Collection, OperationType: Read\\r\\n, SDK: Microsoft.Azure.Documents.Common/2.14.0\u0022}, Request URI: /dbs/sql-db-7193/colls/sql-container-1579, RequestStats: , SDK: Microsoft.Azure.Documents.Common/2.14.0"
      }
    }
  ],
  "Variables": {
    "AZURE_AUTHORITY_HOST": "https://login.microsoftonline.com",
    "RandomSeed": "662703208",
    "RESOURCE_MANAGER_URL": null,
    "SUBSCRIPTION_ID": "dec9ed54-2b7f-4476-9bd0-875544af59df"
  }
}
