{
  "Entries": [
    {
      "RequestUri": "https://management.azure.com/subscriptions/db1ab6f0-4769-4b27-930e-01e2ef9c123c/resourceGroups/dbaccount-2327/providers/Microsoft.DocumentDB/databaseAccounts/dbaccount-366/sqlDatabases/sql-db-3466?api-version=2021-06-15",
      "RequestMethod": "GET",
      "RequestHeaders": {
        "Accept": "application/json",
        "Authorization": "Sanitized",
        "User-Agent": "azsdk-net-ResourceManager.CosmosDB/1.0.0-alpha.20211108.1 (.NET Framework 4.8.4341.0; Microsoft Windows 10.0.19043 )",
        "x-ms-client-request-id": "ce30183c981d20d0dd4bfe743544a35c",
        "x-ms-return-client-request-id": "true"
      },
      "RequestBody": null,
      "StatusCode": 200,
      "ResponseHeaders": {
        "Cache-Control": [
          "no-store",
          "no-cache"
        ],
        "Content-Length": "451",
        "Content-Type": "application/json",
        "Date": "Mon, 08 Nov 2021 13:28:02 GMT",
        "Pragma": "no-cache",
        "Server": "Microsoft-HTTPAPI/2.0",
        "Strict-Transport-Security": "max-age=31536000; includeSubDomains",
        "X-Content-Type-Options": "nosniff",
        "x-ms-correlation-request-id": "6ce25fbb-878c-4017-b1f3-6a5ab990e8f7",
        "x-ms-gatewayversion": "version=2.14.0",
        "x-ms-ratelimit-remaining-subscription-reads": "11970",
        "x-ms-request-id": "6ce25fbb-878c-4017-b1f3-6a5ab990e8f7",
        "x-ms-routing-request-id": "SOUTHEASTASIA:20211108T132802Z:6ce25fbb-878c-4017-b1f3-6a5ab990e8f7"
      },
      "ResponseBody": {
        "id": "/subscriptions/db1ab6f0-4769-4b27-930e-01e2ef9c123c/resourceGroups/dbaccount-2327/providers/Microsoft.DocumentDB/databaseAccounts/dbaccount-366/sqlDatabases/sql-db-3466",
        "type": "Microsoft.DocumentDB/databaseAccounts/sqlDatabases",
        "name": "sql-db-3466",
        "properties": {
          "resource": {
            "id": "sql-db-3466",
            "_rid": "L607AA==",
            "_self": "dbs/L607AA==/",
            "_etag": "\u002200000416-0000-0800-0000-618925ba0000\u0022",
            "_colls": "colls/",
            "_users": "users/",
            "_ts": 1636378042
          }
        }
      }
    },
    {
      "RequestUri": "https://management.azure.com/subscriptions/db1ab6f0-4769-4b27-930e-01e2ef9c123c/resourceGroups/dbaccount-2327/providers/Microsoft.DocumentDB/databaseAccounts/dbaccount-366/sqlDatabases/sql-db-3466/containers/sql-container-6258?api-version=2021-06-15",
      "RequestMethod": "PUT",
      "RequestHeaders": {
        "Accept": "application/json",
        "Authorization": "Sanitized",
        "Content-Length": "483",
        "Content-Type": "application/json",
        "User-Agent": "azsdk-net-ResourceManager.CosmosDB/1.0.0-alpha.20211108.1 (.NET Framework 4.8.4341.0; Microsoft Windows 10.0.19043 )",
        "x-ms-client-request-id": "5c89d6f0765d6dc06ed6530106c03663",
        "x-ms-return-client-request-id": "true"
      },
      "RequestBody": {
        "tags": {},
        "location": "westus2",
        "properties": {
          "resource": {
            "id": "sql-container-6258",
            "indexingPolicy": {
              "automatic": true,
              "indexingMode": "consistent",
              "includedPaths": [
                {
                  "path": "/*"
                }
              ],
              "excludedPaths": [
                {
                  "path": "/pathToNotIndex/*"
                }
              ],
              "compositeIndexes": [
                [
                  {
                    "path": "/orderByPath1",
                    "order": "ascending"
                  },
                  {
                    "path": "/orderByPath2",
                    "order": "descending"
                  }
                ]
              ],
              "spatialIndexes": [
                {
                  "path": "/*",
                  "types": [
                    "Point"
                  ]
                }
              ]
            },
            "partitionKey": {
              "paths": [
                "/address/zipCode"
              ],
              "kind": "Hash"
            }
          },
          "options": {
            "throughput": 700
          }
        }
      },
      "StatusCode": 202,
      "ResponseHeaders": {
        "Azure-AsyncOperation": "https://management.azure.com/subscriptions/db1ab6f0-4769-4b27-930e-01e2ef9c123c/providers/Microsoft.DocumentDB/locations/westus2/operationsStatus/4be481c3-304b-431c-b67a-8c8d9c80e4a4?api-version=2021-06-15",
        "Cache-Control": [
          "no-store",
          "no-cache"
        ],
        "Content-Length": "21",
        "Content-Type": "application/json",
        "Date": "Mon, 08 Nov 2021 13:28:02 GMT",
        "Location": "https://management.azure.com/subscriptions/db1ab6f0-4769-4b27-930e-01e2ef9c123c/resourceGroups/dbaccount-2327/providers/Microsoft.DocumentDB/databaseAccounts/dbaccount-366/sqlDatabases/sql-db-3466/containers/sql-container-6258/operationResults/4be481c3-304b-431c-b67a-8c8d9c80e4a4?api-version=2021-06-15",
        "Pragma": "no-cache",
        "Server": "Microsoft-HTTPAPI/2.0",
        "Strict-Transport-Security": "max-age=31536000; includeSubDomains",
        "X-Content-Type-Options": "nosniff",
        "x-ms-correlation-request-id": "01018e99-c795-4443-877c-89c8bc4fa312",
        "x-ms-gatewayversion": "version=2.14.0",
        "x-ms-ratelimit-remaining-subscription-writes": "1198",
        "x-ms-request-id": "4be481c3-304b-431c-b67a-8c8d9c80e4a4",
        "x-ms-routing-request-id": "SOUTHEASTASIA:20211108T132803Z:01018e99-c795-4443-877c-89c8bc4fa312"
      },
      "ResponseBody": {
        "status": "Enqueued"
      }
    },
    {
      "RequestUri": "https://management.azure.com/subscriptions/db1ab6f0-4769-4b27-930e-01e2ef9c123c/providers/Microsoft.DocumentDB/locations/westus2/operationsStatus/4be481c3-304b-431c-b67a-8c8d9c80e4a4?api-version=2021-06-15",
      "RequestMethod": "GET",
      "RequestHeaders": {
        "Authorization": "Sanitized",
        "User-Agent": "azsdk-net-ResourceManager/1.0.0-beta.5 (.NET Framework 4.8.4341.0; Microsoft Windows 10.0.19043 )",
        "x-ms-client-request-id": "e12bbfe9b06ea1df6f60aec27c1fd68b",
        "x-ms-return-client-request-id": "true"
      },
      "RequestBody": null,
      "StatusCode": 200,
      "ResponseHeaders": {
        "Cache-Control": [
          "no-store",
          "no-cache"
        ],
        "Content-Length": "21",
        "Content-Type": "application/json",
        "Date": "Mon, 08 Nov 2021 13:28:03 GMT",
        "Pragma": "no-cache",
        "Server": "Microsoft-HTTPAPI/2.0",
        "Strict-Transport-Security": "max-age=31536000; includeSubDomains",
        "X-Content-Type-Options": "nosniff",
        "x-ms-correlation-request-id": "0c9bc13c-50e0-48f9-bc03-d87ad7642393",
        "x-ms-gatewayversion": "version=2.14.0",
        "x-ms-ratelimit-remaining-subscription-reads": "11969",
        "x-ms-request-id": "0c9bc13c-50e0-48f9-bc03-d87ad7642393",
        "x-ms-routing-request-id": "SOUTHEASTASIA:20211108T132803Z:0c9bc13c-50e0-48f9-bc03-d87ad7642393"
      },
      "ResponseBody": {
        "status": "Enqueued"
      }
    },
    {
      "RequestUri": "https://management.azure.com/subscriptions/db1ab6f0-4769-4b27-930e-01e2ef9c123c/providers/Microsoft.DocumentDB/locations/westus2/operationsStatus/4be481c3-304b-431c-b67a-8c8d9c80e4a4?api-version=2021-06-15",
      "RequestMethod": "GET",
      "RequestHeaders": {
        "Authorization": "Sanitized",
        "User-Agent": "azsdk-net-ResourceManager/1.0.0-beta.5 (.NET Framework 4.8.4341.0; Microsoft Windows 10.0.19043 )",
        "x-ms-client-request-id": "930511c8efc81a97528d7c8c30c42cd8",
        "x-ms-return-client-request-id": "true"
      },
      "RequestBody": null,
      "StatusCode": 200,
      "ResponseHeaders": {
        "Cache-Control": [
          "no-store",
          "no-cache"
        ],
        "Content-Length": "21",
        "Content-Type": "application/json",
        "Date": "Mon, 08 Nov 2021 13:28:04 GMT",
        "Pragma": "no-cache",
        "Server": "Microsoft-HTTPAPI/2.0",
        "Strict-Transport-Security": "max-age=31536000; includeSubDomains",
        "X-Content-Type-Options": "nosniff",
        "x-ms-correlation-request-id": "96bfceef-0aba-474a-8f32-d503da65175e",
        "x-ms-gatewayversion": "version=2.14.0",
        "x-ms-ratelimit-remaining-subscription-reads": "11968",
        "x-ms-request-id": "96bfceef-0aba-474a-8f32-d503da65175e",
        "x-ms-routing-request-id": "SOUTHEASTASIA:20211108T132805Z:96bfceef-0aba-474a-8f32-d503da65175e"
      },
      "ResponseBody": {
        "status": "Enqueued"
      }
    },
    {
      "RequestUri": "https://management.azure.com/subscriptions/db1ab6f0-4769-4b27-930e-01e2ef9c123c/providers/Microsoft.DocumentDB/locations/westus2/operationsStatus/4be481c3-304b-431c-b67a-8c8d9c80e4a4?api-version=2021-06-15",
      "RequestMethod": "GET",
      "RequestHeaders": {
        "Authorization": "Sanitized",
        "User-Agent": "azsdk-net-ResourceManager/1.0.0-beta.5 (.NET Framework 4.8.4341.0; Microsoft Windows 10.0.19043 )",
        "x-ms-client-request-id": "4717d39755957ff4d239fd9227c17fc0",
        "x-ms-return-client-request-id": "true"
      },
      "RequestBody": null,
      "StatusCode": 200,
      "ResponseHeaders": {
        "Cache-Control": [
          "no-store",
          "no-cache"
        ],
        "Content-Length": "21",
        "Content-Type": "application/json",
        "Date": "Mon, 08 Nov 2021 13:28:05 GMT",
        "Pragma": "no-cache",
        "Server": "Microsoft-HTTPAPI/2.0",
        "Strict-Transport-Security": "max-age=31536000; includeSubDomains",
        "X-Content-Type-Options": "nosniff",
        "x-ms-correlation-request-id": "0eec186f-6e1c-4096-ae19-260a8b3cf461",
        "x-ms-gatewayversion": "version=2.14.0",
        "x-ms-ratelimit-remaining-subscription-reads": "11967",
        "x-ms-request-id": "0eec186f-6e1c-4096-ae19-260a8b3cf461",
        "x-ms-routing-request-id": "SOUTHEASTASIA:20211108T132806Z:0eec186f-6e1c-4096-ae19-260a8b3cf461"
      },
      "ResponseBody": {
        "status": "Enqueued"
      }
    },
    {
      "RequestUri": "https://management.azure.com/subscriptions/db1ab6f0-4769-4b27-930e-01e2ef9c123c/providers/Microsoft.DocumentDB/locations/westus2/operationsStatus/4be481c3-304b-431c-b67a-8c8d9c80e4a4?api-version=2021-06-15",
      "RequestMethod": "GET",
      "RequestHeaders": {
        "Authorization": "Sanitized",
        "User-Agent": "azsdk-net-ResourceManager/1.0.0-beta.5 (.NET Framework 4.8.4341.0; Microsoft Windows 10.0.19043 )",
        "x-ms-client-request-id": "3033baf9ac91fab728108fe1335271ab",
        "x-ms-return-client-request-id": "true"
      },
      "RequestBody": null,
      "StatusCode": 200,
      "ResponseHeaders": {
        "Cache-Control": [
          "no-store",
          "no-cache"
        ],
        "Content-Length": "21",
        "Content-Type": "application/json",
        "Date": "Mon, 08 Nov 2021 13:28:06 GMT",
        "Pragma": "no-cache",
        "Server": "Microsoft-HTTPAPI/2.0",
        "Strict-Transport-Security": "max-age=31536000; includeSubDomains",
        "X-Content-Type-Options": "nosniff",
        "x-ms-correlation-request-id": "93d297de-cb16-41fa-aa2e-548f6746718b",
        "x-ms-gatewayversion": "version=2.14.0",
        "x-ms-ratelimit-remaining-subscription-reads": "11966",
        "x-ms-request-id": "93d297de-cb16-41fa-aa2e-548f6746718b",
        "x-ms-routing-request-id": "SOUTHEASTASIA:20211108T132807Z:93d297de-cb16-41fa-aa2e-548f6746718b"
      },
      "ResponseBody": {
        "status": "Dequeued"
      }
    },
    {
      "RequestUri": "https://management.azure.com/subscriptions/db1ab6f0-4769-4b27-930e-01e2ef9c123c/providers/Microsoft.DocumentDB/locations/westus2/operationsStatus/4be481c3-304b-431c-b67a-8c8d9c80e4a4?api-version=2021-06-15",
      "RequestMethod": "GET",
      "RequestHeaders": {
        "Authorization": "Sanitized",
        "User-Agent": "azsdk-net-ResourceManager/1.0.0-beta.5 (.NET Framework 4.8.4341.0; Microsoft Windows 10.0.19043 )",
        "x-ms-client-request-id": "a82ad6338f0872f51c85c08ef205f390",
        "x-ms-return-client-request-id": "true"
      },
      "RequestBody": null,
      "StatusCode": 200,
      "ResponseHeaders": {
        "Cache-Control": [
          "no-store",
          "no-cache"
        ],
        "Content-Length": "21",
        "Content-Type": "application/json",
        "Date": "Mon, 08 Nov 2021 13:28:08 GMT",
        "Pragma": "no-cache",
        "Server": "Microsoft-HTTPAPI/2.0",
        "Strict-Transport-Security": "max-age=31536000; includeSubDomains",
        "X-Content-Type-Options": "nosniff",
        "x-ms-correlation-request-id": "96128c59-42e0-40b1-9bce-e6c0766d032e",
        "x-ms-gatewayversion": "version=2.14.0",
        "x-ms-ratelimit-remaining-subscription-reads": "11965",
        "x-ms-request-id": "96128c59-42e0-40b1-9bce-e6c0766d032e",
        "x-ms-routing-request-id": "SOUTHEASTASIA:20211108T132808Z:96128c59-42e0-40b1-9bce-e6c0766d032e"
      },
      "ResponseBody": {
        "status": "Dequeued"
      }
    },
    {
      "RequestUri": "https://management.azure.com/subscriptions/db1ab6f0-4769-4b27-930e-01e2ef9c123c/providers/Microsoft.DocumentDB/locations/westus2/operationsStatus/4be481c3-304b-431c-b67a-8c8d9c80e4a4?api-version=2021-06-15",
      "RequestMethod": "GET",
      "RequestHeaders": {
        "Authorization": "Sanitized",
        "User-Agent": "azsdk-net-ResourceManager/1.0.0-beta.5 (.NET Framework 4.8.4341.0; Microsoft Windows 10.0.19043 )",
        "x-ms-client-request-id": "7592bc0dfc90eb471c1c1e85c5134c7f",
        "x-ms-return-client-request-id": "true"
      },
      "RequestBody": null,
      "StatusCode": 200,
      "ResponseHeaders": {
        "Cache-Control": [
          "no-store",
          "no-cache"
        ],
        "Content-Length": "21",
        "Content-Type": "application/json",
        "Date": "Mon, 08 Nov 2021 13:28:09 GMT",
        "Pragma": "no-cache",
        "Server": "Microsoft-HTTPAPI/2.0",
        "Strict-Transport-Security": "max-age=31536000; includeSubDomains",
        "X-Content-Type-Options": "nosniff",
        "x-ms-correlation-request-id": "05b8955e-25c4-4022-b032-9a7ab60de07a",
        "x-ms-gatewayversion": "version=2.14.0",
        "x-ms-ratelimit-remaining-subscription-reads": "11964",
        "x-ms-request-id": "05b8955e-25c4-4022-b032-9a7ab60de07a",
        "x-ms-routing-request-id": "SOUTHEASTASIA:20211108T132810Z:05b8955e-25c4-4022-b032-9a7ab60de07a"
      },
      "ResponseBody": {
        "status": "Dequeued"
      }
    },
    {
      "RequestUri": "https://management.azure.com/subscriptions/db1ab6f0-4769-4b27-930e-01e2ef9c123c/providers/Microsoft.DocumentDB/locations/westus2/operationsStatus/4be481c3-304b-431c-b67a-8c8d9c80e4a4?api-version=2021-06-15",
      "RequestMethod": "GET",
      "RequestHeaders": {
        "Authorization": "Sanitized",
        "User-Agent": "azsdk-net-ResourceManager/1.0.0-beta.5 (.NET Framework 4.8.4341.0; Microsoft Windows 10.0.19043 )",
        "x-ms-client-request-id": "515f51c7d6966ab8c5c0140beb280822",
        "x-ms-return-client-request-id": "true"
      },
      "RequestBody": null,
      "StatusCode": 200,
      "ResponseHeaders": {
        "Cache-Control": [
          "no-store",
          "no-cache"
        ],
        "Content-Length": "21",
        "Content-Type": "application/json",
        "Date": "Mon, 08 Nov 2021 13:28:10 GMT",
        "Pragma": "no-cache",
        "Server": "Microsoft-HTTPAPI/2.0",
        "Strict-Transport-Security": "max-age=31536000; includeSubDomains",
        "X-Content-Type-Options": "nosniff",
        "x-ms-correlation-request-id": "75805bc2-47a0-49d5-b077-b18355d2bb35",
        "x-ms-gatewayversion": "version=2.14.0",
        "x-ms-ratelimit-remaining-subscription-reads": "11963",
        "x-ms-request-id": "75805bc2-47a0-49d5-b077-b18355d2bb35",
        "x-ms-routing-request-id": "SOUTHEASTASIA:20211108T132811Z:75805bc2-47a0-49d5-b077-b18355d2bb35"
      },
      "ResponseBody": {
        "status": "Dequeued"
      }
    },
    {
      "RequestUri": "https://management.azure.com/subscriptions/db1ab6f0-4769-4b27-930e-01e2ef9c123c/providers/Microsoft.DocumentDB/locations/westus2/operationsStatus/4be481c3-304b-431c-b67a-8c8d9c80e4a4?api-version=2021-06-15",
      "RequestMethod": "GET",
      "RequestHeaders": {
        "Authorization": "Sanitized",
        "User-Agent": "azsdk-net-ResourceManager/1.0.0-beta.5 (.NET Framework 4.8.4341.0; Microsoft Windows 10.0.19043 )",
        "x-ms-client-request-id": "77d3fe1dfcbf371a8e3f8ceb7070ac08",
        "x-ms-return-client-request-id": "true"
      },
      "RequestBody": null,
      "StatusCode": 200,
      "ResponseHeaders": {
        "Cache-Control": [
          "no-store",
          "no-cache"
        ],
        "Content-Length": "21",
        "Content-Type": "application/json",
        "Date": "Mon, 08 Nov 2021 13:28:11 GMT",
        "Pragma": "no-cache",
        "Server": "Microsoft-HTTPAPI/2.0",
        "Strict-Transport-Security": "max-age=31536000; includeSubDomains",
        "X-Content-Type-Options": "nosniff",
        "x-ms-correlation-request-id": "57fb8987-3e9b-4bcf-a173-168b87ee7851",
        "x-ms-gatewayversion": "version=2.14.0",
        "x-ms-ratelimit-remaining-subscription-reads": "11962",
        "x-ms-request-id": "57fb8987-3e9b-4bcf-a173-168b87ee7851",
        "x-ms-routing-request-id": "SOUTHEASTASIA:20211108T132812Z:57fb8987-3e9b-4bcf-a173-168b87ee7851"
      },
      "ResponseBody": {
        "status": "Dequeued"
      }
    },
    {
      "RequestUri": "https://management.azure.com/subscriptions/db1ab6f0-4769-4b27-930e-01e2ef9c123c/providers/Microsoft.DocumentDB/locations/westus2/operationsStatus/4be481c3-304b-431c-b67a-8c8d9c80e4a4?api-version=2021-06-15",
      "RequestMethod": "GET",
      "RequestHeaders": {
        "Authorization": "Sanitized",
        "User-Agent": "azsdk-net-ResourceManager/1.0.0-beta.5 (.NET Framework 4.8.4341.0; Microsoft Windows 10.0.19043 )",
        "x-ms-client-request-id": "a0c74138a2a637f90328b0cfe83bfff3",
        "x-ms-return-client-request-id": "true"
      },
      "RequestBody": null,
      "StatusCode": 200,
      "ResponseHeaders": {
        "Cache-Control": [
          "no-store",
          "no-cache"
        ],
        "Content-Length": "21",
        "Content-Type": "application/json",
        "Date": "Mon, 08 Nov 2021 13:28:13 GMT",
        "Pragma": "no-cache",
        "Server": "Microsoft-HTTPAPI/2.0",
        "Strict-Transport-Security": "max-age=31536000; includeSubDomains",
        "X-Content-Type-Options": "nosniff",
        "x-ms-correlation-request-id": "f37e8295-cb18-4c61-afdf-fe355f11cbfb",
        "x-ms-gatewayversion": "version=2.14.0",
        "x-ms-ratelimit-remaining-subscription-reads": "11961",
        "x-ms-request-id": "f37e8295-cb18-4c61-afdf-fe355f11cbfb",
        "x-ms-routing-request-id": "SOUTHEASTASIA:20211108T132814Z:f37e8295-cb18-4c61-afdf-fe355f11cbfb"
      },
      "ResponseBody": {
        "status": "Dequeued"
      }
    },
    {
      "RequestUri": "https://management.azure.com/subscriptions/db1ab6f0-4769-4b27-930e-01e2ef9c123c/providers/Microsoft.DocumentDB/locations/westus2/operationsStatus/4be481c3-304b-431c-b67a-8c8d9c80e4a4?api-version=2021-06-15",
      "RequestMethod": "GET",
      "RequestHeaders": {
        "Authorization": "Sanitized",
        "User-Agent": "azsdk-net-ResourceManager/1.0.0-beta.5 (.NET Framework 4.8.4341.0; Microsoft Windows 10.0.19043 )",
        "x-ms-client-request-id": "c767fc14d540cbc03727c2574acdf954",
        "x-ms-return-client-request-id": "true"
      },
      "RequestBody": null,
      "StatusCode": 200,
      "ResponseHeaders": {
        "Cache-Control": [
          "no-store",
          "no-cache"
        ],
        "Content-Length": "22",
        "Content-Type": "application/json",
        "Date": "Mon, 08 Nov 2021 13:28:14 GMT",
        "Pragma": "no-cache",
        "Server": "Microsoft-HTTPAPI/2.0",
        "Strict-Transport-Security": "max-age=31536000; includeSubDomains",
        "X-Content-Type-Options": "nosniff",
        "x-ms-correlation-request-id": "f48b1044-a992-4def-af46-9e6ea33fbb27",
        "x-ms-gatewayversion": "version=2.14.0",
        "x-ms-ratelimit-remaining-subscription-reads": "11960",
        "x-ms-request-id": "f48b1044-a992-4def-af46-9e6ea33fbb27",
        "x-ms-routing-request-id": "SOUTHEASTASIA:20211108T132815Z:f48b1044-a992-4def-af46-9e6ea33fbb27"
      },
      "ResponseBody": {
        "status": "Succeeded"
      }
    },
    {
      "RequestUri": "https://management.azure.com/subscriptions/db1ab6f0-4769-4b27-930e-01e2ef9c123c/resourceGroups/dbaccount-2327/providers/Microsoft.DocumentDB/databaseAccounts/dbaccount-366/sqlDatabases/sql-db-3466/containers/sql-container-6258?api-version=2021-06-15",
      "RequestMethod": "GET",
      "RequestHeaders": {
        "Authorization": "Sanitized",
        "User-Agent": "azsdk-net-ResourceManager/1.0.0-beta.5 (.NET Framework 4.8.4341.0; Microsoft Windows 10.0.19043 )",
        "x-ms-client-request-id": "aad30b1467617a7c059c73974c4b4e53",
        "x-ms-return-client-request-id": "true"
      },
      "RequestBody": null,
      "StatusCode": 200,
      "ResponseHeaders": {
        "Cache-Control": [
          "no-store",
          "no-cache"
        ],
        "Content-Length": "1321",
        "Content-Type": "application/json",
        "Date": "Mon, 08 Nov 2021 13:28:14 GMT",
        "Pragma": "no-cache",
        "Server": "Microsoft-HTTPAPI/2.0",
        "Strict-Transport-Security": "max-age=31536000; includeSubDomains",
        "X-Content-Type-Options": "nosniff",
        "x-ms-correlation-request-id": "4ff2b948-c5de-4cfb-95a9-6035d6d9f5f9",
        "x-ms-gatewayversion": "version=2.14.0",
        "x-ms-ratelimit-remaining-subscription-reads": "11959",
        "x-ms-request-id": "4ff2b948-c5de-4cfb-95a9-6035d6d9f5f9",
        "x-ms-routing-request-id": "SOUTHEASTASIA:20211108T132815Z:4ff2b948-c5de-4cfb-95a9-6035d6d9f5f9"
      },
      "ResponseBody": {
        "id": "/subscriptions/db1ab6f0-4769-4b27-930e-01e2ef9c123c/resourceGroups/dbaccount-2327/providers/Microsoft.DocumentDB/databaseAccounts/dbaccount-366/sqlDatabases/sql-db-3466/containers/sql-container-6258",
        "type": "Microsoft.DocumentDB/databaseAccounts/sqlDatabases/containers",
        "name": "sql-container-6258",
        "properties": {
          "resource": {
            "id": "sql-container-6258",
            "indexingPolicy": {
              "indexingMode": "consistent",
              "automatic": true,
              "includedPaths": [
                {
                  "path": "/*"
                }
              ],
              "excludedPaths": [
                {
                  "path": "/pathToNotIndex/*"
                },
                {
                  "path": "/\u0022_etag\u0022/?"
                }
              ],
              "spatialIndexes": [
                {
                  "path": "/*",
                  "types": [
                    "Point",
                    "LineString",
                    "Polygon",
                    "MultiPolygon"
                  ]
                }
              ],
              "compositeIndexes": [
                [
                  {
                    "path": "/orderByPath1",
                    "order": "ascending"
                  },
                  {
                    "path": "/orderByPath2",
                    "order": "descending"
                  }
                ]
              ]
            },
            "partitionKey": {
              "paths": [
                "/address/zipCode"
              ],
              "kind": "Hash"
            },
            "uniqueKeyPolicy": {
              "uniqueKeys": []
            },
            "conflictResolutionPolicy": {
              "mode": "LastWriterWins",
              "conflictResolutionPath": "/_ts",
              "conflictResolutionProcedure": ""
            },
            "backupPolicy": {
              "type": 1
            },
            "geospatialConfig": {
              "type": "Geography"
            },
            "_rid": "L607AI\u002BObKQ=",
            "_ts": 1636378090,
            "_self": "dbs/L607AA==/colls/L607AI\u002BObKQ=/",
            "_etag": "\u002200001316-0000-0800-0000-618925ea0000\u0022",
            "_docs": "docs/",
            "_sprocs": "sprocs/",
            "_triggers": "triggers/",
            "_udfs": "udfs/",
            "_conflicts": "conflicts/",
            "statistics": [
              {
                "id": "0",
                "sizeInKB": 0,
                "documentCount": 0,
                "partitionKeys": []
              }
            ]
          }
        }
      }
    },
    {
      "RequestUri": "https://management.azure.com/subscriptions/db1ab6f0-4769-4b27-930e-01e2ef9c123c/resourceGroups/dbaccount-2327/providers/Microsoft.DocumentDB/databaseAccounts/dbaccount-366/sqlDatabases/sql-db-3466/containers/sql-container-6258?api-version=2021-06-15",
      "RequestMethod": "DELETE",
      "RequestHeaders": {
        "Authorization": "Sanitized",
        "User-Agent": "azsdk-net-ResourceManager.CosmosDB/1.0.0-alpha.20211108.1 (.NET Framework 4.8.4341.0; Microsoft Windows 10.0.19043 )",
        "x-ms-client-request-id": "74d7993fe50863c881fb697edfa2ec36",
        "x-ms-return-client-request-id": "true"
      },
      "RequestBody": null,
      "StatusCode": 202,
      "ResponseHeaders": {
        "Azure-AsyncOperation": "https://management.azure.com/subscriptions/db1ab6f0-4769-4b27-930e-01e2ef9c123c/providers/Microsoft.DocumentDB/locations/westus2/operationsStatus/7f7cf90f-0b26-4ea6-964b-b8f938534e40?api-version=2021-06-15",
        "Cache-Control": [
          "no-store",
          "no-cache"
        ],
        "Content-Length": "21",
        "Content-Type": "application/json",
        "Date": "Mon, 08 Nov 2021 13:28:15 GMT",
        "Location": "https://management.azure.com/subscriptions/db1ab6f0-4769-4b27-930e-01e2ef9c123c/resourceGroups/dbaccount-2327/providers/Microsoft.DocumentDB/databaseAccounts/dbaccount-366/sqlDatabases/sql-db-3466/containers/sql-container-6258/operationResults/7f7cf90f-0b26-4ea6-964b-b8f938534e40?api-version=2021-06-15",
        "Pragma": "no-cache",
        "Server": "Microsoft-HTTPAPI/2.0",
        "Strict-Transport-Security": "max-age=31536000; includeSubDomains",
        "X-Content-Type-Options": "nosniff",
        "x-ms-correlation-request-id": "f7375fa0-6b7c-4e70-bbf4-db1698e532ee",
        "x-ms-gatewayversion": "version=2.14.0",
        "x-ms-ratelimit-remaining-subscription-deletes": "14998",
        "x-ms-request-id": "7f7cf90f-0b26-4ea6-964b-b8f938534e40",
        "x-ms-routing-request-id": "SOUTHEASTASIA:20211108T132816Z:f7375fa0-6b7c-4e70-bbf4-db1698e532ee"
      },
      "ResponseBody": {
        "status": "Enqueued"
      }
    },
    {
      "RequestUri": "https://management.azure.com/subscriptions/db1ab6f0-4769-4b27-930e-01e2ef9c123c/providers/Microsoft.DocumentDB/locations/westus2/operationsStatus/7f7cf90f-0b26-4ea6-964b-b8f938534e40?api-version=2021-06-15",
      "RequestMethod": "GET",
      "RequestHeaders": {
        "Authorization": "Sanitized",
        "User-Agent": "azsdk-net-ResourceManager/1.0.0-beta.5 (.NET Framework 4.8.4341.0; Microsoft Windows 10.0.19043 )",
        "x-ms-client-request-id": "b0176fd985f62e4b436f2866fefe9b63",
        "x-ms-return-client-request-id": "true"
      },
      "RequestBody": null,
      "StatusCode": 200,
      "ResponseHeaders": {
        "Cache-Control": [
          "no-store",
          "no-cache"
        ],
        "Content-Length": "21",
        "Content-Type": "application/json",
        "Date": "Mon, 08 Nov 2021 13:28:15 GMT",
        "Pragma": "no-cache",
        "Server": "Microsoft-HTTPAPI/2.0",
        "Strict-Transport-Security": "max-age=31536000; includeSubDomains",
        "X-Content-Type-Options": "nosniff",
        "x-ms-correlation-request-id": "4dcbc129-7ea9-4fed-8ef2-cad0b5c4dcc0",
        "x-ms-gatewayversion": "version=2.14.0",
        "x-ms-ratelimit-remaining-subscription-reads": "11958",
        "x-ms-request-id": "4dcbc129-7ea9-4fed-8ef2-cad0b5c4dcc0",
        "x-ms-routing-request-id": "SOUTHEASTASIA:20211108T132816Z:4dcbc129-7ea9-4fed-8ef2-cad0b5c4dcc0"
      },
      "ResponseBody": {
        "status": "Enqueued"
      }
    },
    {
      "RequestUri": "https://management.azure.com/subscriptions/db1ab6f0-4769-4b27-930e-01e2ef9c123c/providers/Microsoft.DocumentDB/locations/westus2/operationsStatus/7f7cf90f-0b26-4ea6-964b-b8f938534e40?api-version=2021-06-15",
      "RequestMethod": "GET",
      "RequestHeaders": {
        "Authorization": "Sanitized",
        "User-Agent": "azsdk-net-ResourceManager/1.0.0-beta.5 (.NET Framework 4.8.4341.0; Microsoft Windows 10.0.19043 )",
        "x-ms-client-request-id": "f0683daf728fe9ea072af51b24240258",
        "x-ms-return-client-request-id": "true"
      },
      "RequestBody": null,
      "StatusCode": 200,
      "ResponseHeaders": {
        "Cache-Control": [
          "no-store",
          "no-cache"
        ],
        "Content-Length": "21",
        "Content-Type": "application/json",
        "Date": "Mon, 08 Nov 2021 13:28:16 GMT",
        "Pragma": "no-cache",
        "Server": "Microsoft-HTTPAPI/2.0",
        "Strict-Transport-Security": "max-age=31536000; includeSubDomains",
        "X-Content-Type-Options": "nosniff",
        "x-ms-correlation-request-id": "a4548871-0745-4e3f-9f4c-53935b496de8",
        "x-ms-gatewayversion": "version=2.14.0",
        "x-ms-ratelimit-remaining-subscription-reads": "11957",
        "x-ms-request-id": "a4548871-0745-4e3f-9f4c-53935b496de8",
        "x-ms-routing-request-id": "SOUTHEASTASIA:20211108T132817Z:a4548871-0745-4e3f-9f4c-53935b496de8"
      },
      "ResponseBody": {
        "status": "Enqueued"
      }
    },
    {
      "RequestUri": "https://management.azure.com/subscriptions/db1ab6f0-4769-4b27-930e-01e2ef9c123c/providers/Microsoft.DocumentDB/locations/westus2/operationsStatus/7f7cf90f-0b26-4ea6-964b-b8f938534e40?api-version=2021-06-15",
      "RequestMethod": "GET",
      "RequestHeaders": {
        "Authorization": "Sanitized",
        "User-Agent": "azsdk-net-ResourceManager/1.0.0-beta.5 (.NET Framework 4.8.4341.0; Microsoft Windows 10.0.19043 )",
        "x-ms-client-request-id": "70a57d7c3c8aa940108d98f82c2bae80",
        "x-ms-return-client-request-id": "true"
      },
      "RequestBody": null,
      "StatusCode": 200,
      "ResponseHeaders": {
        "Cache-Control": [
          "no-store",
          "no-cache"
        ],
        "Content-Length": "21",
        "Content-Type": "application/json",
        "Date": "Mon, 08 Nov 2021 13:28:18 GMT",
        "Pragma": "no-cache",
        "Server": "Microsoft-HTTPAPI/2.0",
        "Strict-Transport-Security": "max-age=31536000; includeSubDomains",
        "X-Content-Type-Options": "nosniff",
        "x-ms-correlation-request-id": "46b662e5-aea1-4ced-aeaf-8bd04f0765cb",
        "x-ms-gatewayversion": "version=2.14.0",
        "x-ms-ratelimit-remaining-subscription-reads": "11956",
        "x-ms-request-id": "46b662e5-aea1-4ced-aeaf-8bd04f0765cb",
        "x-ms-routing-request-id": "SOUTHEASTASIA:20211108T132818Z:46b662e5-aea1-4ced-aeaf-8bd04f0765cb"
      },
      "ResponseBody": {
        "status": "Enqueued"
      }
    },
    {
      "RequestUri": "https://management.azure.com/subscriptions/db1ab6f0-4769-4b27-930e-01e2ef9c123c/providers/Microsoft.DocumentDB/locations/westus2/operationsStatus/7f7cf90f-0b26-4ea6-964b-b8f938534e40?api-version=2021-06-15",
      "RequestMethod": "GET",
      "RequestHeaders": {
        "Authorization": "Sanitized",
        "User-Agent": "azsdk-net-ResourceManager/1.0.0-beta.5 (.NET Framework 4.8.4341.0; Microsoft Windows 10.0.19043 )",
        "x-ms-client-request-id": "24f45e518fc0665c842da8cb8f2f0a1f",
        "x-ms-return-client-request-id": "true"
      },
      "RequestBody": null,
      "StatusCode": 200,
      "ResponseHeaders": {
        "Cache-Control": [
          "no-store",
          "no-cache"
        ],
        "Content-Length": "21",
        "Content-Type": "application/json",
        "Date": "Mon, 08 Nov 2021 13:28:19 GMT",
        "Pragma": "no-cache",
        "Server": "Microsoft-HTTPAPI/2.0",
        "Strict-Transport-Security": "max-age=31536000; includeSubDomains",
        "X-Content-Type-Options": "nosniff",
        "x-ms-correlation-request-id": "f6ca6917-9282-4c3f-ac0b-dd83a08822be",
        "x-ms-gatewayversion": "version=2.14.0",
        "x-ms-ratelimit-remaining-subscription-reads": "11955",
        "x-ms-request-id": "f6ca6917-9282-4c3f-ac0b-dd83a08822be",
        "x-ms-routing-request-id": "SOUTHEASTASIA:20211108T132820Z:f6ca6917-9282-4c3f-ac0b-dd83a08822be"
      },
      "ResponseBody": {
        "status": "Dequeued"
      }
    },
    {
      "RequestUri": "https://management.azure.com/subscriptions/db1ab6f0-4769-4b27-930e-01e2ef9c123c/providers/Microsoft.DocumentDB/locations/westus2/operationsStatus/7f7cf90f-0b26-4ea6-964b-b8f938534e40?api-version=2021-06-15",
      "RequestMethod": "GET",
      "RequestHeaders": {
        "Authorization": "Sanitized",
        "User-Agent": "azsdk-net-ResourceManager/1.0.0-beta.5 (.NET Framework 4.8.4341.0; Microsoft Windows 10.0.19043 )",
        "x-ms-client-request-id": "80ead06d2a5973d8fcbfe002d9f2bcdc",
        "x-ms-return-client-request-id": "true"
      },
      "RequestBody": null,
      "StatusCode": 200,
      "ResponseHeaders": {
        "Cache-Control": [
          "no-store",
          "no-cache"
        ],
        "Content-Length": "21",
        "Content-Type": "application/json",
        "Date": "Mon, 08 Nov 2021 13:28:20 GMT",
        "Pragma": "no-cache",
        "Server": "Microsoft-HTTPAPI/2.0",
        "Strict-Transport-Security": "max-age=31536000; includeSubDomains",
        "X-Content-Type-Options": "nosniff",
        "x-ms-correlation-request-id": "7ebacd42-c519-43bb-bee4-baecd36d6866",
        "x-ms-gatewayversion": "version=2.14.0",
        "x-ms-ratelimit-remaining-subscription-reads": "11954",
        "x-ms-request-id": "7ebacd42-c519-43bb-bee4-baecd36d6866",
        "x-ms-routing-request-id": "SOUTHEASTASIA:20211108T132821Z:7ebacd42-c519-43bb-bee4-baecd36d6866"
      },
      "ResponseBody": {
        "status": "Dequeued"
      }
    },
    {
      "RequestUri": "https://management.azure.com/subscriptions/db1ab6f0-4769-4b27-930e-01e2ef9c123c/providers/Microsoft.DocumentDB/locations/westus2/operationsStatus/7f7cf90f-0b26-4ea6-964b-b8f938534e40?api-version=2021-06-15",
      "RequestMethod": "GET",
      "RequestHeaders": {
        "Authorization": "Sanitized",
        "User-Agent": "azsdk-net-ResourceManager/1.0.0-beta.5 (.NET Framework 4.8.4341.0; Microsoft Windows 10.0.19043 )",
        "x-ms-client-request-id": "c5c9757cdd2fed98213eec5c937419e0",
        "x-ms-return-client-request-id": "true"
      },
      "RequestBody": null,
      "StatusCode": 200,
      "ResponseHeaders": {
        "Cache-Control": [
          "no-store",
          "no-cache"
        ],
        "Content-Length": "22",
        "Content-Type": "application/json",
        "Date": "Mon, 08 Nov 2021 13:28:21 GMT",
        "Pragma": "no-cache",
        "Server": "Microsoft-HTTPAPI/2.0",
        "Strict-Transport-Security": "max-age=31536000; includeSubDomains",
        "X-Content-Type-Options": "nosniff",
        "x-ms-correlation-request-id": "a0d8b0d6-dead-4b5e-967a-ee26856a312b",
        "x-ms-gatewayversion": "version=2.14.0",
        "x-ms-ratelimit-remaining-subscription-reads": "11953",
        "x-ms-request-id": "a0d8b0d6-dead-4b5e-967a-ee26856a312b",
        "x-ms-routing-request-id": "SOUTHEASTASIA:20211108T132822Z:a0d8b0d6-dead-4b5e-967a-ee26856a312b"
      },
      "ResponseBody": {
        "status": "Succeeded"
      }
    },
    {
      "RequestUri": "https://management.azure.com/subscriptions/db1ab6f0-4769-4b27-930e-01e2ef9c123c/resourceGroups/dbaccount-2327/providers/Microsoft.DocumentDB/databaseAccounts/dbaccount-366/sqlDatabases/sql-db-3466/containers/sql-container-6258?api-version=2021-06-15",
      "RequestMethod": "GET",
      "RequestHeaders": {
        "Accept": "application/json",
        "Authorization": "Sanitized",
        "User-Agent": "azsdk-net-ResourceManager.CosmosDB/1.0.0-alpha.20211108.1 (.NET Framework 4.8.4341.0; Microsoft Windows 10.0.19043 )",
        "x-ms-client-request-id": "5c8b79832d40272685802701ae598c92",
        "x-ms-return-client-request-id": "true"
      },
      "RequestBody": null,
      "StatusCode": 404,
      "ResponseHeaders": {
        "Cache-Control": [
          "no-store",
          "no-cache"
        ],
        "Content-Length": "5593",
        "Content-Type": "application/json",
        "Date": "Mon, 08 Nov 2021 13:28:22 GMT",
        "Pragma": "no-cache",
        "Server": "Microsoft-HTTPAPI/2.0",
        "Strict-Transport-Security": "max-age=31536000; includeSubDomains",
        "X-Content-Type-Options": "nosniff",
        "x-ms-correlation-request-id": "4d0cf7e8-e05f-483a-814d-f585fb8f4c26",
        "x-ms-gatewayversion": "version=2.14.0",
        "x-ms-ratelimit-remaining-subscription-reads": "11952",
        "x-ms-request-id": "4d0cf7e8-e05f-483a-814d-f585fb8f4c26",
        "x-ms-routing-request-id": "SOUTHEASTASIA:20211108T132823Z:4d0cf7e8-e05f-483a-814d-f585fb8f4c26"
      },
      "ResponseBody": {
        "code": "NotFound",
        "message": "Message: {\u0022code\u0022:\u0022NotFound\u0022,\u0022message\u0022:\u0022Message: {\\\u0022Errors\\\u0022:[\\\u0022Resource Not Found. Learn more: https:\\\\/\\\\/aka.ms\\\\/cosmosdb-tsg-not-found\\\u0022]}\\r\\nActivityId: 5c8b7983-2d40-2726-8580-2701ae598c92, Request URI: /apps/c2f482ed-29db-4b0a-8396-280f7be1807a/services/8b7daf07-4c5e-467b-b52d-ad84f47968c0/partitions/df8b1258-491e-4c41-9edd-9fbcdaa533a8/replicas/132806604084506286s, RequestStats: \\r\\nRequestStartTime: 2021-11-08T13:28:23.0393132Z, RequestEndTime: 2021-11-08T13:28:23.0500684Z,  Number of regions attempted:1\\r\\n{\\\u0022systemHistory\\\u0022:[{\\\u0022dateUtc\\\u0022:\\\u00222021-11-08T13:27:31.6455812Z\\\u0022,\\\u0022cpu\\\u0022:0.753,\\\u0022memory\\\u0022:50664120320.000,\\\u0022threadInfo\\\u0022:{\\\u0022isThreadStarving\\\u0022:\\\u0022False\\\u0022,\\\u0022threadWaitIntervalInMs\\\u0022:0.0215,\\\u0022availableThreads\\\u0022:32765,\\\u0022minThreads\\\u0022:48,\\\u0022maxThreads\\\u0022:32767}},{\\\u0022dateUtc\\\u0022:\\\u00222021-11-08T13:27:41.6561548Z\\\u0022,\\\u0022cpu\\\u0022:1.986,\\\u0022memory\\\u0022:47893200896.000,\\\u0022threadInfo\\\u0022:{\\\u0022isThreadStarving\\\u0022:\\\u0022False\\\u0022,\\\u0022threadWaitIntervalInMs\\\u0022:0.0257,\\\u0022availableThreads\\\u0022:32764,\\\u0022minThreads\\\u0022:48,\\\u0022maxThreads\\\u0022:32767}},{\\\u0022dateUtc\\\u0022:\\\u00222021-11-08T13:27:51.6667543Z\\\u0022,\\\u0022cpu\\\u0022:1.023,\\\u0022memory\\\u0022:47969099776.000,\\\u0022threadInfo\\\u0022:{\\\u0022isThreadStarving\\\u0022:\\\u0022False\\\u0022,\\\u0022threadWaitIntervalInMs\\\u0022:0.0178,\\\u0022availableThreads\\\u0022:32765,\\\u0022minThreads\\\u0022:48,\\\u0022maxThreads\\\u0022:32767}},{\\\u0022dateUtc\\\u0022:\\\u00222021-11-08T13:28:01.6777293Z\\\u0022,\\\u0022cpu\\\u0022:0.820,\\\u0022memory\\\u0022:48267755520.000,\\\u0022threadInfo\\\u0022:{\\\u0022isThreadStarving\\\u0022:\\\u0022False\\\u0022,\\\u0022threadWaitIntervalInMs\\\u0022:0.0238,\\\u0022availableThreads\\\u0022:32765,\\\u0022minThreads\\\u0022:48,\\\u0022maxThreads\\\u0022:32767}},{\\\u0022dateUtc\\\u0022:\\\u00222021-11-08T13:28:11.6885004Z\\\u0022,\\\u0022cpu\\\u0022:0.895,\\\u0022memory\\\u0022:48561455104.000,\\\u0022threadInfo\\\u0022:{\\\u0022isThreadStarving\\\u0022:\\\u0022False\\\u0022,\\\u0022threadWaitIntervalInMs\\\u0022:0.0189,\\\u0022availableThreads\\\u0022:32764,\\\u0022minThreads\\\u0022:48,\\\u0022maxThreads\\\u0022:32767}},{\\\u0022dateUtc\\\u0022:\\\u00222021-11-08T13:28:21.6991602Z\\\u0022,\\\u0022cpu\\\u0022:0.929,\\\u0022memory\\\u0022:48881508352.000,\\\u0022threadInfo\\\u0022:{\\\u0022isThreadStarving\\\u0022:\\\u0022False\\\u0022,\\\u0022threadWaitIntervalInMs\\\u0022:0.025,\\\u0022availableThreads\\\u0022:32765,\\\u0022minThreads\\\u0022:48,\\\u0022maxThreads\\\u0022:32767}}]}\\r\\nRequestStart: 2021-11-08T13:28:23.0393132Z; ResponseTime: 2021-11-08T13:28:23.0500684Z; StoreResult: StorePhysicalAddress: rntbd://10.0.0.19:11300/apps/c2f482ed-29db-4b0a-8396-280f7be1807a/services/8b7daf07-4c5e-467b-b52d-ad84f47968c0/partitions/df8b1258-491e-4c41-9edd-9fbcdaa533a8/replicas/132806604084506286s, LSN: 20, GlobalCommittedLsn: 20, PartitionKeyRangeId: , IsValid: True, StatusCode: 404, SubStatusCode: 0, RequestCharge: 1, ItemLSN: -1, SessionToken: -1#20, UsingLocalLSN: False, TransportException: null, BELatencyMs: 0.584, ActivityId: 5c8b7983-2d40-2726-8580-2701ae598c92, TransportRequestTimeline: {\\\u0022requestTimeline\\\u0022:[{\\\u0022event\\\u0022: \\\u0022Created\\\u0022, \\\u0022startTimeUtc\\\u0022: \\\u00222021-11-08T13:28:23.0393132Z\\\u0022, \\\u0022durationInMs\\\u0022: 0.0201},{\\\u0022event\\\u0022: \\\u0022ChannelAcquisitionStarted\\\u0022, \\\u0022startTimeUtc\\\u0022: \\\u00222021-11-08T13:28:23.0393333Z\\\u0022, \\\u0022durationInMs\\\u0022: 0.0041},{\\\u0022event\\\u0022: \\\u0022Pipelined\\\u0022, \\\u0022startTimeUtc\\\u0022: \\\u00222021-11-08T13:28:23.0393374Z\\\u0022, \\\u0022durationInMs\\\u0022: 0.4684},{\\\u0022event\\\u0022: \\\u0022Transit Time\\\u0022, \\\u0022startTimeUtc\\\u0022: \\\u00222021-11-08T13:28:23.0398058Z\\\u0022, \\\u0022durationInMs\\\u0022: 1.2399},{\\\u0022event\\\u0022: \\\u0022Received\\\u0022, \\\u0022startTimeUtc\\\u0022: \\\u00222021-11-08T13:28:23.0410457Z\\\u0022, \\\u0022durationInMs\\\u0022: 0.056},{\\\u0022event\\\u0022: \\\u0022Completed\\\u0022, \\\u0022startTimeUtc\\\u0022: \\\u00222021-11-08T13:28:23.0411017Z\\\u0022, \\\u0022durationInMs\\\u0022: 0}],\\\u0022requestSizeInBytes\\\u0022:489,\\\u0022responseMetadataSizeInBytes\\\u0022:135,\\\u0022responseBodySizeInBytes\\\u0022:87};\\r\\n ResourceType: Collection, OperationType: Read\\r\\nRequestStart: 2021-11-08T13:28:23.0393132Z; ResponseTime: 2021-11-08T13:28:23.0500684Z; StoreResult: StorePhysicalAddress: rntbd://10.0.0.25:11300/apps/c2f482ed-29db-4b0a-8396-280f7be1807a/services/8b7daf07-4c5e-467b-b52d-ad84f47968c0/partitions/df8b1258-491e-4c41-9edd-9fbcdaa533a8/replicas/132806604084506287s, LSN: 20, GlobalCommittedLsn: 20, PartitionKeyRangeId: , IsValid: True, StatusCode: 404, SubStatusCode: 0, RequestCharge: 1, ItemLSN: -1, SessionToken: -1#20, UsingLocalLSN: False, TransportException: null, BELatencyMs: 0.424, ActivityId: 5c8b7983-2d40-2726-8580-2701ae598c92, TransportRequestTimeline: {\\\u0022requestTimeline\\\u0022:[{\\\u0022event\\\u0022: \\\u0022Created\\\u0022, \\\u0022startTimeUtc\\\u0022: \\\u00222021-11-08T13:28:23.0393132Z\\\u0022, \\\u0022durationInMs\\\u0022: 0.0094},{\\\u0022event\\\u0022: \\\u0022ChannelAcquisitionStarted\\\u0022, \\\u0022startTimeUtc\\\u0022: \\\u00222021-11-08T13:28:23.0393226Z\\\u0022, \\\u0022durationInMs\\\u0022: 0.0024},{\\\u0022event\\\u0022: \\\u0022Pipelined\\\u0022, \\\u0022startTimeUtc\\\u0022: \\\u00222021-11-08T13:28:23.0393250Z\\\u0022, \\\u0022durationInMs\\\u0022: 0.3646},{\\\u0022event\\\u0022: \\\u0022Transit Time\\\u0022, \\\u0022startTimeUtc\\\u0022: \\\u00222021-11-08T13:28:23.0396896Z\\\u0022, \\\u0022durationInMs\\\u0022: 1.1204},{\\\u0022event\\\u0022: \\\u0022Received\\\u0022, \\\u0022startTimeUtc\\\u0022: \\\u00222021-11-08T13:28:23.0408100Z\\\u0022, \\\u0022durationInMs\\\u0022: 0.0937},{\\\u0022event\\\u0022: \\\u0022Completed\\\u0022, \\\u0022startTimeUtc\\\u0022: \\\u00222021-11-08T13:28:23.0409037Z\\\u0022, \\\u0022durationInMs\\\u0022: 0}],\\\u0022requestSizeInBytes\\\u0022:489,\\\u0022responseMetadataSizeInBytes\\\u0022:135,\\\u0022responseBodySizeInBytes\\\u0022:87};\\r\\n ResourceType: Collection, OperationType: Read\\r\\n, SDK: Microsoft.Azure.Documents.Common/2.14.0\u0022}, Request URI: /dbs/sql-db-3466/colls/sql-container-6258, RequestStats: , SDK: Microsoft.Azure.Documents.Common/2.14.0"
      }
    },
    {
      "RequestUri": "https://management.azure.com/subscriptions/db1ab6f0-4769-4b27-930e-01e2ef9c123c/resourceGroups/dbaccount-2327/providers/Microsoft.DocumentDB/databaseAccounts/dbaccount-366/sqlDatabases/sql-db-3466/containers/sql-container-6258?api-version=2021-06-15",
      "RequestMethod": "GET",
      "RequestHeaders": {
        "Accept": "application/json",
        "Authorization": "Sanitized",
        "User-Agent": "azsdk-net-ResourceManager.CosmosDB/1.0.0-alpha.20211108.1 (.NET Framework 4.8.4341.0; Microsoft Windows 10.0.19043 )",
        "x-ms-client-request-id": "1a4fcb7044658fef38fd5f1b3d7bdf87",
        "x-ms-return-client-request-id": "true"
      },
      "RequestBody": null,
      "StatusCode": 404,
      "ResponseHeaders": {
        "Cache-Control": [
          "no-store",
          "no-cache"
        ],
        "Content-Length": "5594",
        "Content-Type": "application/json",
        "Date": "Mon, 08 Nov 2021 13:28:22 GMT",
        "Pragma": "no-cache",
        "Server": "Microsoft-HTTPAPI/2.0",
        "Strict-Transport-Security": "max-age=31536000; includeSubDomains",
        "X-Content-Type-Options": "nosniff",
        "x-ms-correlation-request-id": "71ebb786-dc50-4e7a-a9d5-63c47bac389a",
        "x-ms-gatewayversion": "version=2.14.0",
        "x-ms-ratelimit-remaining-subscription-reads": "11951",
        "x-ms-request-id": "71ebb786-dc50-4e7a-a9d5-63c47bac389a",
        "x-ms-routing-request-id": "SOUTHEASTASIA:20211108T132823Z:71ebb786-dc50-4e7a-a9d5-63c47bac389a"
      },
      "ResponseBody": {
        "code": "NotFound",
        "message": "Message: {\u0022code\u0022:\u0022NotFound\u0022,\u0022message\u0022:\u0022Message: {\\\u0022Errors\\\u0022:[\\\u0022Resource Not Found. Learn more: https:\\\\/\\\\/aka.ms\\\\/cosmosdb-tsg-not-found\\\u0022]}\\r\\nActivityId: 1a4fcb70-4465-8fef-38fd-5f1b3d7bdf87, Request URI: /apps/c2f482ed-29db-4b0a-8396-280f7be1807a/services/8b7daf07-4c5e-467b-b52d-ad84f47968c0/partitions/df8b1258-491e-4c41-9edd-9fbcdaa533a8/replicas/132806604084506286s, RequestStats: \\r\\nRequestStartTime: 2021-11-08T13:28:23.3393172Z, RequestEndTime: 2021-11-08T13:28:23.3393172Z,  Number of regions attempted:1\\r\\n{\\\u0022systemHistory\\\u0022:[{\\\u0022dateUtc\\\u0022:\\\u00222021-11-08T13:27:31.6455812Z\\\u0022,\\\u0022cpu\\\u0022:0.753,\\\u0022memory\\\u0022:50664120320.000,\\\u0022threadInfo\\\u0022:{\\\u0022isThreadStarving\\\u0022:\\\u0022False\\\u0022,\\\u0022threadWaitIntervalInMs\\\u0022:0.0215,\\\u0022availableThreads\\\u0022:32765,\\\u0022minThreads\\\u0022:48,\\\u0022maxThreads\\\u0022:32767}},{\\\u0022dateUtc\\\u0022:\\\u00222021-11-08T13:27:41.6561548Z\\\u0022,\\\u0022cpu\\\u0022:1.986,\\\u0022memory\\\u0022:47893200896.000,\\\u0022threadInfo\\\u0022:{\\\u0022isThreadStarving\\\u0022:\\\u0022False\\\u0022,\\\u0022threadWaitIntervalInMs\\\u0022:0.0257,\\\u0022availableThreads\\\u0022:32764,\\\u0022minThreads\\\u0022:48,\\\u0022maxThreads\\\u0022:32767}},{\\\u0022dateUtc\\\u0022:\\\u00222021-11-08T13:27:51.6667543Z\\\u0022,\\\u0022cpu\\\u0022:1.023,\\\u0022memory\\\u0022:47969099776.000,\\\u0022threadInfo\\\u0022:{\\\u0022isThreadStarving\\\u0022:\\\u0022False\\\u0022,\\\u0022threadWaitIntervalInMs\\\u0022:0.0178,\\\u0022availableThreads\\\u0022:32765,\\\u0022minThreads\\\u0022:48,\\\u0022maxThreads\\\u0022:32767}},{\\\u0022dateUtc\\\u0022:\\\u00222021-11-08T13:28:01.6777293Z\\\u0022,\\\u0022cpu\\\u0022:0.820,\\\u0022memory\\\u0022:48267755520.000,\\\u0022threadInfo\\\u0022:{\\\u0022isThreadStarving\\\u0022:\\\u0022False\\\u0022,\\\u0022threadWaitIntervalInMs\\\u0022:0.0238,\\\u0022availableThreads\\\u0022:32765,\\\u0022minThreads\\\u0022:48,\\\u0022maxThreads\\\u0022:32767}},{\\\u0022dateUtc\\\u0022:\\\u00222021-11-08T13:28:11.6885004Z\\\u0022,\\\u0022cpu\\\u0022:0.895,\\\u0022memory\\\u0022:48561455104.000,\\\u0022threadInfo\\\u0022:{\\\u0022isThreadStarving\\\u0022:\\\u0022False\\\u0022,\\\u0022threadWaitIntervalInMs\\\u0022:0.0189,\\\u0022availableThreads\\\u0022:32764,\\\u0022minThreads\\\u0022:48,\\\u0022maxThreads\\\u0022:32767}},{\\\u0022dateUtc\\\u0022:\\\u00222021-11-08T13:28:21.6991602Z\\\u0022,\\\u0022cpu\\\u0022:0.929,\\\u0022memory\\\u0022:48881508352.000,\\\u0022threadInfo\\\u0022:{\\\u0022isThreadStarving\\\u0022:\\\u0022False\\\u0022,\\\u0022threadWaitIntervalInMs\\\u0022:0.025,\\\u0022availableThreads\\\u0022:32765,\\\u0022minThreads\\\u0022:48,\\\u0022maxThreads\\\u0022:32767}}]}\\r\\nRequestStart: 2021-11-08T13:28:23.3393172Z; ResponseTime: 2021-11-08T13:28:23.3393172Z; StoreResult: StorePhysicalAddress: rntbd://10.0.0.19:11300/apps/c2f482ed-29db-4b0a-8396-280f7be1807a/services/8b7daf07-4c5e-467b-b52d-ad84f47968c0/partitions/df8b1258-491e-4c41-9edd-9fbcdaa533a8/replicas/132806604084506286s, LSN: 20, GlobalCommittedLsn: 20, PartitionKeyRangeId: , IsValid: True, StatusCode: 404, SubStatusCode: 0, RequestCharge: 1, ItemLSN: -1, SessionToken: -1#20, UsingLocalLSN: False, TransportException: null, BELatencyMs: 0.284, ActivityId: 1a4fcb70-4465-8fef-38fd-5f1b3d7bdf87, TransportRequestTimeline: {\\\u0022requestTimeline\\\u0022:[{\\\u0022event\\\u0022: \\\u0022Created\\\u0022, \\\u0022startTimeUtc\\\u0022: \\\u00222021-11-08T13:28:23.3393172Z\\\u0022, \\\u0022durationInMs\\\u0022: 0.0283},{\\\u0022event\\\u0022: \\\u0022ChannelAcquisitionStarted\\\u0022, \\\u0022startTimeUtc\\\u0022: \\\u00222021-11-08T13:28:23.3393455Z\\\u0022, \\\u0022durationInMs\\\u0022: 0.0053},{\\\u0022event\\\u0022: \\\u0022Pipelined\\\u0022, \\\u0022startTimeUtc\\\u0022: \\\u00222021-11-08T13:28:23.3393508Z\\\u0022, \\\u0022durationInMs\\\u0022: 0.4359},{\\\u0022event\\\u0022: \\\u0022Transit Time\\\u0022, \\\u0022startTimeUtc\\\u0022: \\\u00222021-11-08T13:28:23.3397867Z\\\u0022, \\\u0022durationInMs\\\u0022: 0.9228},{\\\u0022event\\\u0022: \\\u0022Received\\\u0022, \\\u0022startTimeUtc\\\u0022: \\\u00222021-11-08T13:28:23.3407095Z\\\u0022, \\\u0022durationInMs\\\u0022: 0.0532},{\\\u0022event\\\u0022: \\\u0022Completed\\\u0022, \\\u0022startTimeUtc\\\u0022: \\\u00222021-11-08T13:28:23.3407627Z\\\u0022, \\\u0022durationInMs\\\u0022: 0}],\\\u0022requestSizeInBytes\\\u0022:489,\\\u0022responseMetadataSizeInBytes\\\u0022:135,\\\u0022responseBodySizeInBytes\\\u0022:87};\\r\\n ResourceType: Collection, OperationType: Read\\r\\nRequestStart: 2021-11-08T13:28:23.3393172Z; ResponseTime: 2021-11-08T13:28:23.3393172Z; StoreResult: StorePhysicalAddress: rntbd://10.0.0.25:11300/apps/c2f482ed-29db-4b0a-8396-280f7be1807a/services/8b7daf07-4c5e-467b-b52d-ad84f47968c0/partitions/df8b1258-491e-4c41-9edd-9fbcdaa533a8/replicas/132806604084506287s, LSN: 20, GlobalCommittedLsn: 20, PartitionKeyRangeId: , IsValid: True, StatusCode: 404, SubStatusCode: 0, RequestCharge: 1, ItemLSN: -1, SessionToken: -1#20, UsingLocalLSN: False, TransportException: null, BELatencyMs: 0.342, ActivityId: 1a4fcb70-4465-8fef-38fd-5f1b3d7bdf87, TransportRequestTimeline: {\\\u0022requestTimeline\\\u0022:[{\\\u0022event\\\u0022: \\\u0022Created\\\u0022, \\\u0022startTimeUtc\\\u0022: \\\u00222021-11-08T13:28:23.3393172Z\\\u0022, \\\u0022durationInMs\\\u0022: 0.0102},{\\\u0022event\\\u0022: \\\u0022ChannelAcquisitionStarted\\\u0022, \\\u0022startTimeUtc\\\u0022: \\\u00222021-11-08T13:28:23.3393274Z\\\u0022, \\\u0022durationInMs\\\u0022: 0.0029},{\\\u0022event\\\u0022: \\\u0022Pipelined\\\u0022, \\\u0022startTimeUtc\\\u0022: \\\u00222021-11-08T13:28:23.3393303Z\\\u0022, \\\u0022durationInMs\\\u0022: 0.3637},{\\\u0022event\\\u0022: \\\u0022Transit Time\\\u0022, \\\u0022startTimeUtc\\\u0022: \\\u00222021-11-08T13:28:23.3396940Z\\\u0022, \\\u0022durationInMs\\\u0022: 0.7892},{\\\u0022event\\\u0022: \\\u0022Received\\\u0022, \\\u0022startTimeUtc\\\u0022: \\\u00222021-11-08T13:28:23.3404832Z\\\u0022, \\\u0022durationInMs\\\u0022: 0.0587},{\\\u0022event\\\u0022: \\\u0022Completed\\\u0022, \\\u0022startTimeUtc\\\u0022: \\\u00222021-11-08T13:28:23.3405419Z\\\u0022, \\\u0022durationInMs\\\u0022: 0}],\\\u0022requestSizeInBytes\\\u0022:489,\\\u0022responseMetadataSizeInBytes\\\u0022:135,\\\u0022responseBodySizeInBytes\\\u0022:87};\\r\\n ResourceType: Collection, OperationType: Read\\r\\n, SDK: Microsoft.Azure.Documents.Common/2.14.0\u0022}, Request URI: /dbs/sql-db-3466/colls/sql-container-6258, RequestStats: , SDK: Microsoft.Azure.Documents.Common/2.14.0"
      }
    }
  ],
  "Variables": {
    "RandomSeed": "1041544698",
    "RESOURCE_MANAGER_URL": null,
    "SUBSCRIPTION_ID": "db1ab6f0-4769-4b27-930e-01e2ef9c123c"
  }
}