{
  "Entries": [
    {
      "RequestUri": "https://management.azure.com/subscriptions/fb9e7fe1-af44-47ef-852d-2d086a069327?api-version=2021-01-01",
      "RequestMethod": "GET",
      "RequestHeaders": {
        "Accept": "application/json",
        "Authorization": "Sanitized",
        "traceparent": "00-13c9f17ddae1a5488afb7c9c39f7f6d4-f04588919f03d647-00",
        "User-Agent": "azsdk-net-ResourceManager/1.1.1 (.NET Framework 4.8.9032.0; Microsoft Windows 10.0.22622 )",
        "x-ms-client-request-id": "eccf86d56e940c7a778447c7c3efffe8",
        "x-ms-return-client-request-id": "true"
      },
      "RequestBody": null,
      "StatusCode": 200,
      "ResponseHeaders": {
        "Cache-Control": "no-cache",
        "Content-Length": "541",
        "Content-Type": "application/json; charset=utf-8",
        "Date": "Fri, 08 Jul 2022 03:17:39 GMT",
        "Expires": "-1",
        "Pragma": "no-cache",
        "Strict-Transport-Security": "max-age=31536000; includeSubDomains",
        "X-Content-Type-Options": "nosniff",
        "x-ms-correlation-request-id": "392e11d8-e652-4045-a6ef-b882218bc10e",
        "x-ms-ratelimit-remaining-subscription-reads": "11998",
        "x-ms-request-id": "392e11d8-e652-4045-a6ef-b882218bc10e",
        "x-ms-routing-request-id": "WESTUS2:20220708T031740Z:392e11d8-e652-4045-a6ef-b882218bc10e"
      },
      "ResponseBody": {
        "id": "/subscriptions/fb9e7fe1-af44-47ef-852d-2d086a069327",
        "authorizationSource": "RoleBased",
        "managedByTenants": [
          {
            "tenantId": "2f4a9838-26b7-47ee-be60-ccc1fdec5953"
          }
        ],
        "tags": {
          "NRMS12581055": "20220228",
          "NRMSBreakGlassNonHighRisk ": "NRMSBreakGlassNonHighRisk "
        },
        "subscriptionId": "fb9e7fe1-af44-47ef-852d-2d086a069327",
        "tenantId": "72f988bf-86f1-41af-91ab-2d7cd011db47",
        "displayName": "GenevaMetrics_Int",
        "state": "Enabled",
        "subscriptionPolicies": {
          "locationPlacementId": "Internal_2014-09-01",
          "quotaId": "Internal_2014-09-01",
          "spendingLimit": "Off"
        }
      }
    },
    {
      "RequestUri": "https://management.azure.com/subscriptions/fb9e7fe1-af44-47ef-852d-2d086a069327/providers/Microsoft.Network/trafficManagerUserMetricsKeys?api-version=2018-08-01",
      "RequestMethod": "GET",
      "RequestHeaders": {
        "Accept": "application/json",
        "Authorization": "Sanitized",
        "traceparent": "00-7ff184d6adb1b84e9c38a4f288137f59-9845175b79d16a4a-00",
        "User-Agent": "azsdk-net-ResourceManager.TrafficManager/1.0.0-alpha.20220707.1 (.NET Framework 4.8.9032.0; Microsoft Windows 10.0.22622 )",
        "x-ms-client-request-id": "162a727182b8dd5d6ed848d0d5a98e12",
        "x-ms-return-client-request-id": "true"
      },
      "RequestBody": null,
      "StatusCode": 200,
      "ResponseHeaders": {
        "Cache-Control": "private",
        "Content-Length": "308",
        "Content-Type": "application/json; charset=utf-8",
        "Date": "Fri, 08 Jul 2022 03:17:39 GMT",
        "Server": "Microsoft-IIS/10.0",
        "Strict-Transport-Security": "max-age=31536000; includeSubDomains",
        "X-AspNet-Version": "4.0.30319",
        "X-Content-Type-Options": "nosniff",
        "x-ms-correlation-request-id": "3d79c708-35fc-4998-b004-5a0758e26284",
        "x-ms-ratelimit-remaining-subscription-resource-requests": "10795",
        "x-ms-request-id": "162a7271-82b8-dd5d-6ed8-48d0d5a98e12",
        "x-ms-routing-request-id": "WESTUS2:20220708T031740Z:3d79c708-35fc-4998-b004-5a0758e26284",
        "X-Powered-By": "ASP.NET"
      },
      "ResponseBody": {
        "__type": "TrafficManagerUserMetricsKeyPackageBodyV2:http://schemas.microsoft.com/windowsazure",
        "id": "/providers/Microsoft.Network/trafficManagerUserMetricsKeys/default",
        "name": "default",
        "type": "Microsoft.Network/trafficManagerUserMetricsKeys",
        "properties": {
          "key": "8a57dd0073d3f8b3992db6b68ab609bb"
        }
      }
    },
    {
      "RequestUri": "https://management.azure.com/subscriptions/fb9e7fe1-af44-47ef-852d-2d086a069327/providers/Microsoft.Network/trafficManagerUserMetricsKeys?api-version=2018-08-01",
      "RequestMethod": "DELETE",
      "RequestHeaders": {
        "Accept": "application/json",
        "Authorization": "Sanitized",
        "traceparent": "00-f30b59ec9cfe7f40bf1341047cea3588-36c05e3a9775e741-00",
        "User-Agent": "azsdk-net-ResourceManager.TrafficManager/1.0.0-alpha.20220707.1 (.NET Framework 4.8.9032.0; Microsoft Windows 10.0.22622 )",
        "x-ms-client-request-id": "88f8024587720658282bf9845a6d8f60",
        "x-ms-return-client-request-id": "true"
      },
      "RequestBody": null,
      "StatusCode": 200,
      "ResponseHeaders": {
        "Cache-Control": "private",
        "Content-Length": "0",
        "Date": "Fri, 08 Jul 2022 03:17:40 GMT",
        "Server": "Microsoft-IIS/10.0",
        "Strict-Transport-Security": "max-age=31536000; includeSubDomains",
        "X-AspNet-Version": "4.0.30319",
        "X-Content-Type-Options": "nosniff",
        "x-ms-correlation-request-id": "cd63a88a-90c0-4e86-b68a-e1ff8d79385d",
        "x-ms-ratelimit-remaining-subscription-resource-requests": "10798",
        "x-ms-request-id": "88f80245-8772-0658-282b-f9845a6d8f60",
        "x-ms-routing-request-id": "WESTUS2:20220708T031740Z:cd63a88a-90c0-4e86-b68a-e1ff8d79385d",
        "X-Powered-By": "ASP.NET"
      },
      "ResponseBody": null
    },
    {
      "RequestUri": "https://management.azure.com/subscriptions/fb9e7fe1-af44-47ef-852d-2d086a069327/providers/Microsoft.Network/trafficManagerUserMetricsKeys?api-version=2018-08-01",
      "RequestMethod": "GET",
      "RequestHeaders": {
        "Accept": "application/json",
        "Authorization": "Sanitized",
        "traceparent": "00-1f043deb2158a44da2ed1bd058c75e86-381ef49b658fdd4b-00",
        "User-Agent": "azsdk-net-ResourceManager.TrafficManager/1.0.0-alpha.20220707.1 (.NET Framework 4.8.9032.0; Microsoft Windows 10.0.22622 )",
        "x-ms-client-request-id": "1835eeb1b493539829f27dbc25aa37ce",
        "x-ms-return-client-request-id": "true"
      },
      "RequestBody": null,
      "StatusCode": 200,
      "ResponseHeaders": {
        "Cache-Control": "private",
        "Content-Length": "276",
        "Content-Type": "application/json; charset=utf-8",
        "Date": "Fri, 08 Jul 2022 03:17:40 GMT",
        "Server": "Microsoft-IIS/10.0",
        "Strict-Transport-Security": "max-age=31536000; includeSubDomains",
        "X-AspNet-Version": "4.0.30319",
        "X-Content-Type-Options": "nosniff",
        "x-ms-correlation-request-id": "4886e4cc-e10c-45f2-8a57-9946831a459f",
        "x-ms-ratelimit-remaining-subscription-resource-requests": "10794",
        "x-ms-request-id": "1835eeb1-b493-5398-29f2-7dbc25aa37ce",
        "x-ms-routing-request-id": "WESTUS2:20220708T031740Z:4886e4cc-e10c-45f2-8a57-9946831a459f",
        "X-Powered-By": "ASP.NET"
      },
      "ResponseBody": {
        "__type": "TrafficManagerUserMetricsKeyPackageBodyV2:http://schemas.microsoft.com/windowsazure",
        "id": "/providers/Microsoft.Network/trafficManagerUserMetricsKeys/default",
        "name": "default",
        "type": "Microsoft.Network/trafficManagerUserMetricsKeys",
        "properties": {
          "key": ""
        }
      }
    },
    {
      "RequestUri": "https://management.azure.com/subscriptions/fb9e7fe1-af44-47ef-852d-2d086a069327/providers/Microsoft.Network/trafficManagerUserMetricsKeys?api-version=2018-08-01",
      "RequestMethod": "GET",
      "RequestHeaders": {
        "Accept": "application/json",
        "Authorization": "Sanitized",
        "traceparent": "00-1f7dc34d794d024cb0a972139afc2b43-bc4182da51c89e4c-00",
        "User-Agent": "azsdk-net-ResourceManager.TrafficManager/1.0.0-alpha.20220707.1 (.NET Framework 4.8.9032.0; Microsoft Windows 10.0.22622 )",
        "x-ms-client-request-id": "c08135f676f7ea751a24ed8d88d98201",
        "x-ms-return-client-request-id": "true"
      },
      "RequestBody": null,
      "StatusCode": 200,
      "ResponseHeaders": {
        "Cache-Control": "private",
        "Content-Length": "276",
        "Content-Type": "application/json; charset=utf-8",
        "Date": "Fri, 08 Jul 2022 03:17:40 GMT",
        "Server": "Microsoft-IIS/10.0",
        "Strict-Transport-Security": "max-age=31536000; includeSubDomains",
        "X-AspNet-Version": "4.0.30319",
        "X-Content-Type-Options": "nosniff",
        "x-ms-correlation-request-id": "d7c5ff71-c669-48e5-b1b2-130cc7a60154",
        "x-ms-ratelimit-remaining-subscription-resource-requests": "10793",
        "x-ms-request-id": "c08135f6-76f7-ea75-1a24-ed8d88d98201",
        "x-ms-routing-request-id": "WESTUS2:20220708T031741Z:d7c5ff71-c669-48e5-b1b2-130cc7a60154",
        "X-Powered-By": "ASP.NET"
      },
      "ResponseBody": {
        "__type": "TrafficManagerUserMetricsKeyPackageBodyV2:http://schemas.microsoft.com/windowsazure",
        "id": "/providers/Microsoft.Network/trafficManagerUserMetricsKeys/default",
        "name": "default",
        "type": "Microsoft.Network/trafficManagerUserMetricsKeys",
        "properties": {
          "key": ""
        }
      }
    },
    {
      "RequestUri": "https://management.azure.com/subscriptions/fb9e7fe1-af44-47ef-852d-2d086a069327/providers/Microsoft.Network/trafficManagerUserMetricsKeys?api-version=2018-08-01",
      "RequestMethod": "PUT",
      "RequestHeaders": {
        "Accept": "application/json",
        "Authorization": "Sanitized",
        "Content-Length": "0",
        "traceparent": "00-9ae75596bc8b51479deb7b38daedadd3-6463ede878a9b44d-00",
        "User-Agent": "azsdk-net-ResourceManager.TrafficManager/1.0.0-alpha.20220707.1 (.NET Framework 4.8.9032.0; Microsoft Windows 10.0.22622 )",
        "x-ms-client-request-id": "e61fe8487574917e6aa55f80099be07e",
        "x-ms-return-client-request-id": "true"
      },
      "RequestBody": null,
      "StatusCode": 201,
      "ResponseHeaders": {
        "Cache-Control": "private",
        "Content-Length": "308",
        "Content-Type": "application/json; charset=utf-8",
        "Date": "Fri, 08 Jul 2022 03:17:40 GMT",
        "Server": "Microsoft-IIS/10.0",
        "Strict-Transport-Security": "max-age=31536000; includeSubDomains",
        "X-AspNet-Version": "4.0.30319",
        "X-Content-Type-Options": "nosniff",
        "x-ms-correlation-request-id": "6a0d7914-2253-426d-ba86-c05a7994f546",
        "x-ms-ratelimit-remaining-subscription-resource-requests": "10798",
        "x-ms-request-id": "e61fe848-7574-917e-6aa5-5f80099be07e",
        "x-ms-routing-request-id": "WESTUS2:20220708T031741Z:6a0d7914-2253-426d-ba86-c05a7994f546",
        "X-Powered-By": "ASP.NET"
      },
      "ResponseBody": {
        "__type": "TrafficManagerUserMetricsKeyPackageBodyV2:http://schemas.microsoft.com/windowsazure",
        "id": "/providers/Microsoft.Network/trafficManagerUserMetricsKeys/default",
        "name": "default",
        "type": "Microsoft.Network/trafficManagerUserMetricsKeys",
        "properties": {
          "key": "7d5ad32f671478ffb4f0899f170117e9"
        }
      }
    },
    {
      "RequestUri": "https://management.azure.com/subscriptions/fb9e7fe1-af44-47ef-852d-2d086a069327/providers/Microsoft.Network/trafficManagerUserMetricsKeys?api-version=2018-08-01",
      "RequestMethod": "GET",
      "RequestHeaders": {
        "Accept": "application/json",
        "Authorization": "Sanitized",
        "traceparent": "00-15d24d42a97c8046bee3f956539394fe-6605cef9f75dcb42-00",
        "User-Agent": "azsdk-net-ResourceManager.TrafficManager/1.0.0-alpha.20220707.1 (.NET Framework 4.8.9032.0; Microsoft Windows 10.0.22622 )",
        "x-ms-client-request-id": "248d2bf4cfeb3b68794afe6ec60aca50",
        "x-ms-return-client-request-id": "true"
      },
      "RequestBody": null,
      "StatusCode": 200,
      "ResponseHeaders": {
        "Cache-Control": "private",
        "Content-Length": "308",
        "Content-Type": "application/json; charset=utf-8",
        "Date": "Fri, 08 Jul 2022 03:17:40 GMT",
        "Server": "Microsoft-IIS/10.0",
        "Strict-Transport-Security": "max-age=31536000; includeSubDomains",
        "X-AspNet-Version": "4.0.30319",
        "X-Content-Type-Options": "nosniff",
        "x-ms-correlation-request-id": "8739e9b3-3ee0-40b4-bc41-e995ae3d6f7a",
        "x-ms-ratelimit-remaining-subscription-resource-requests": "10792",
        "x-ms-request-id": "248d2bf4-cfeb-3b68-794a-fe6ec60aca50",
        "x-ms-routing-request-id": "WESTUS2:20220708T031741Z:8739e9b3-3ee0-40b4-bc41-e995ae3d6f7a",
        "X-Powered-By": "ASP.NET"
      },
      "ResponseBody": {
        "__type": "TrafficManagerUserMetricsKeyPackageBodyV2:http://schemas.microsoft.com/windowsazure",
        "id": "/providers/Microsoft.Network/trafficManagerUserMetricsKeys/default",
        "name": "default",
        "type": "Microsoft.Network/trafficManagerUserMetricsKeys",
        "properties": {
          "key": "7d5ad32f671478ffb4f0899f170117e9"
        }
      }
    },
    {
      "RequestUri": "https://management.azure.com/subscriptions/fb9e7fe1-af44-47ef-852d-2d086a069327/providers/Microsoft.Network/trafficManagerUserMetricsKeys?api-version=2018-08-01",
      "RequestMethod": "GET",
      "RequestHeaders": {
        "Accept": "application/json",
        "Authorization": "Sanitized",
        "traceparent": "00-9c7903af794a4e4dae817d4c5fbab690-950337b77a875a44-00",
        "User-Agent": "azsdk-net-ResourceManager.TrafficManager/1.0.0-alpha.20220707.1 (.NET Framework 4.8.9032.0; Microsoft Windows 10.0.22622 )",
        "x-ms-client-request-id": "3c747b6f508b805ab7f0555217f5e17e",
        "x-ms-return-client-request-id": "true"
      },
      "RequestBody": null,
      "StatusCode": 200,
      "ResponseHeaders": {
        "Cache-Control": "private",
        "Content-Length": "308",
        "Content-Type": "application/json; charset=utf-8",
        "Date": "Fri, 08 Jul 2022 03:17:40 GMT",
        "Server": "Microsoft-IIS/10.0",
        "Strict-Transport-Security": "max-age=31536000; includeSubDomains",
        "X-AspNet-Version": "4.0.30319",
        "X-Content-Type-Options": "nosniff",
        "x-ms-correlation-request-id": "7df1bfce-0ec2-46bb-8ea9-3e3306c47e2d",
        "x-ms-ratelimit-remaining-subscription-resource-requests": "10791",
        "x-ms-request-id": "3c747b6f-508b-805a-b7f0-555217f5e17e",
        "x-ms-routing-request-id": "WESTUS2:20220708T031741Z:7df1bfce-0ec2-46bb-8ea9-3e3306c47e2d",
        "X-Powered-By": "ASP.NET"
      },
      "ResponseBody": {
        "__type": "TrafficManagerUserMetricsKeyPackageBodyV2:http://schemas.microsoft.com/windowsazure",
        "id": "/providers/Microsoft.Network/trafficManagerUserMetricsKeys/default",
        "name": "default",
        "type": "Microsoft.Network/trafficManagerUserMetricsKeys",
        "properties": {
          "key": "7d5ad32f671478ffb4f0899f170117e9"
        }
      }
    },
    {
      "RequestUri": "https://management.azure.com/subscriptions/fb9e7fe1-af44-47ef-852d-2d086a069327/providers/Microsoft.Network/trafficManagerUserMetricsKeys?api-version=2018-08-01",
      "RequestMethod": "GET",
      "RequestHeaders": {
        "Accept": "application/json",
        "Authorization": "Sanitized",
        "traceparent": "00-89385fbd29692643a395b9a5dcdf4e4d-83b2a29c97f6ce44-00",
        "User-Agent": "azsdk-net-ResourceManager.TrafficManager/1.0.0-alpha.20220707.1 (.NET Framework 4.8.9032.0; Microsoft Windows 10.0.22622 )",
        "x-ms-client-request-id": "5d996e445e4b781680e46d29770fca5f",
        "x-ms-return-client-request-id": "true"
      },
      "RequestBody": null,
      "StatusCode": 200,
      "ResponseHeaders": {
        "Cache-Control": "private",
        "Content-Length": "308",
        "Content-Type": "application/json; charset=utf-8",
        "Date": "Fri, 08 Jul 2022 03:17:41 GMT",
        "Server": "Microsoft-IIS/10.0",
        "Strict-Transport-Security": "max-age=31536000; includeSubDomains",
        "X-AspNet-Version": "4.0.30319",
        "X-Content-Type-Options": "nosniff",
        "x-ms-correlation-request-id": "d85a485e-ad3b-419f-bbaa-334a18ba809e",
        "x-ms-ratelimit-remaining-subscription-resource-requests": "10790",
        "x-ms-request-id": "5d996e44-5e4b-7816-80e4-6d29770fca5f",
        "x-ms-routing-request-id": "WESTUS2:20220708T031741Z:d85a485e-ad3b-419f-bbaa-334a18ba809e",
        "X-Powered-By": "ASP.NET"
      },
      "ResponseBody": {
        "__type": "TrafficManagerUserMetricsKeyPackageBodyV2:http://schemas.microsoft.com/windowsazure",
        "id": "/providers/Microsoft.Network/trafficManagerUserMetricsKeys/default",
        "name": "default",
        "type": "Microsoft.Network/trafficManagerUserMetricsKeys",
        "properties": {
          "key": "7d5ad32f671478ffb4f0899f170117e9"
        }
      }
    },
    {
      "RequestUri": "https://management.azure.com/subscriptions/fb9e7fe1-af44-47ef-852d-2d086a069327/providers/Microsoft.Network/trafficManagerUserMetricsKeys?api-version=2018-08-01",
      "RequestMethod": "DELETE",
      "RequestHeaders": {
        "Accept": "application/json",
        "Authorization": "Sanitized",
        "traceparent": "00-45e3226249562045b66b6529f8f6d5d2-e62c4a8d472d4d46-00",
        "User-Agent": "azsdk-net-ResourceManager.TrafficManager/1.0.0-alpha.20220707.1 (.NET Framework 4.8.9032.0; Microsoft Windows 10.0.22622 )",
        "x-ms-client-request-id": "8d100fdaa327a3f3d10d6dfb79152384",
        "x-ms-return-client-request-id": "true"
      },
      "RequestBody": null,
      "StatusCode": 200,
      "ResponseHeaders": {
        "Cache-Control": "private",
        "Content-Length": "0",
        "Date": "Fri, 08 Jul 2022 03:17:41 GMT",
        "Server": "Microsoft-IIS/10.0",
        "Strict-Transport-Security": "max-age=31536000; includeSubDomains",
        "X-AspNet-Version": "4.0.30319",
        "X-Content-Type-Options": "nosniff",
        "x-ms-correlation-request-id": "bc093984-dd91-4315-aef0-940b63f2ccc8",
        "x-ms-ratelimit-remaining-subscription-resource-requests": "10797",
        "x-ms-request-id": "8d100fda-a327-a3f3-d10d-6dfb79152384",
        "x-ms-routing-request-id": "WESTUS2:20220708T031741Z:bc093984-dd91-4315-aef0-940b63f2ccc8",
        "X-Powered-By": "ASP.NET"
      },
      "ResponseBody": null
    },
    {
      "RequestUri": "https://management.azure.com/subscriptions/fb9e7fe1-af44-47ef-852d-2d086a069327/providers/Microsoft.Network/trafficManagerUserMetricsKeys?api-version=2018-08-01",
      "RequestMethod": "GET",
      "RequestHeaders": {
        "Accept": "application/json",
        "Authorization": "Sanitized",
        "traceparent": "00-806bba0d3745594c8481bb2e65b243ef-90e30a4537fd2a46-00",
        "User-Agent": "azsdk-net-ResourceManager.TrafficManager/1.0.0-alpha.20220707.1 (.NET Framework 4.8.9032.0; Microsoft Windows 10.0.22622 )",
        "x-ms-client-request-id": "582a7f696d71110465fbbca7e33109a7",
        "x-ms-return-client-request-id": "true"
      },
      "RequestBody": null,
      "StatusCode": 200,
      "ResponseHeaders": {
        "Cache-Control": "private",
        "Content-Length": "276",
        "Content-Type": "application/json; charset=utf-8",
        "Date": "Fri, 08 Jul 2022 03:17:41 GMT",
        "Server": "Microsoft-IIS/10.0",
        "Strict-Transport-Security": "max-age=31536000; includeSubDomains",
        "X-AspNet-Version": "4.0.30319",
        "X-Content-Type-Options": "nosniff",
        "x-ms-correlation-request-id": "2091324a-f424-4f22-8c58-6deca6973366",
        "x-ms-ratelimit-remaining-subscription-resource-requests": "10789",
        "x-ms-request-id": "582a7f69-6d71-1104-65fb-bca7e33109a7",
        "x-ms-routing-request-id": "WESTUS2:20220708T031741Z:2091324a-f424-4f22-8c58-6deca6973366",
        "X-Powered-By": "ASP.NET"
      },
      "ResponseBody": {
        "__type": "TrafficManagerUserMetricsKeyPackageBodyV2:http://schemas.microsoft.com/windowsazure",
        "id": "/providers/Microsoft.Network/trafficManagerUserMetricsKeys/default",
        "name": "default",
        "type": "Microsoft.Network/trafficManagerUserMetricsKeys",
        "properties": {
          "key": ""
        }
      }
    }
  ],
  "Variables": {
    "AZURE_AUTHORITY_HOST": "https://login.microsoftonline.com",
    "RandomSeed": "823903948",
    "RESOURCE_MANAGER_URL": null,
    "SUBSCRIPTION_ID": "fb9e7fe1-af44-47ef-852d-2d086a069327"
  }
}
