{
  "Entries": [
    {
      "RequestUri": "https://management.azure.com/subscriptions/db1ab6f0-4769-4b27-930e-01e2ef9c123c?api-version=2021-01-01",
      "RequestMethod": "GET",
      "RequestHeaders": {
        "Accept": "application/json",
        "Authorization": "Sanitized",
        "traceparent": "00-1f0ddf1d42230dc42d89e6eeb6c33c3a-311e60646d5b62b1-00",
        "User-Agent": "azsdk-net-ResourceManager/1.3.2 (.NET 6.0.11; Microsoft Windows 10.0.22621)",
        "x-ms-client-request-id": "8bcfc9c55ec1500d31cdca1fa09b46b2",
        "x-ms-return-client-request-id": "true"
      },
      "RequestBody": null,
      "StatusCode": 200,
      "ResponseHeaders": {
        "Cache-Control": "no-cache",
        "Content-Length": "748",
        "Content-Type": "application/json; charset=utf-8",
        "Date": "Mon, 21 Nov 2022 08:39:45 GMT",
        "Expires": "-1",
        "Pragma": "no-cache",
        "Strict-Transport-Security": "max-age=31536000; includeSubDomains",
        "X-Content-Type-Options": "nosniff",
        "x-ms-correlation-request-id": "5784dc38-0240-4a18-bc2d-85673cb07bd5",
        "x-ms-ratelimit-remaining-subscription-reads": "11923",
        "x-ms-request-id": "5784dc38-0240-4a18-bc2d-85673cb07bd5",
        "x-ms-routing-request-id": "SOUTHEASTASIA:20221121T083946Z:5784dc38-0240-4a18-bc2d-85673cb07bd5"
      },
      "ResponseBody": {
        "id": "/subscriptions/db1ab6f0-4769-4b27-930e-01e2ef9c123c",
        "authorizationSource": "RoleBased",
        "managedByTenants": [],
        "tags": {
          "TagKey-9823": "TagValue-1254",
          "TagKey-3481": "TagValue-320",
          "TagKey-4926": "TagValue-1187",
          "TagKey-751": "TagValue-3921",
          "TagKey-1866": "TagValue-8559",
          "TagKey-3094": "TagValue-9190",
          "TagKey-2449": "TagValue-9",
          "TagKey-8379": "TagValue-164",
          "TagKey-7470": "TagValue-2205",
          "TagKey-4236": "TagValue-3698",
          "TagKey-5316": "TagValue-2725"
        },
        "subscriptionId": "db1ab6f0-4769-4b27-930e-01e2ef9c123c",
        "tenantId": "72f988bf-86f1-41af-91ab-2d7cd011db47",
        "displayName": ".NET Mgmt SDK Test with TTL = 1 Day",
        "state": "Enabled",
        "subscriptionPolicies": {
          "locationPlacementId": "Internal_2014-09-01",
          "quotaId": "Internal_2014-09-01",
          "spendingLimit": "Off"
        }
      }
    },
    {
      "RequestUri": "https://management.azure.com/subscriptions/db1ab6f0-4769-4b27-930e-01e2ef9c123c/resourcegroups/testRG-7916?api-version=**",
      "RequestMethod": "PUT",
      "RequestHeaders": {
        "Accept": "application/json",
        "Authorization": "Sanitized",
        "Content-Length": "43",
        "Content-Type": "application/json",
        "traceparent": "00-6cb57cfa7a6d07b741779930ae6ebffc-c7a2381d600744e7-00",
        "User-Agent": "azsdk-net-ResourceManager/1.3.2 (.NET 6.0.11; Microsoft Windows 10.0.22621)",
        "x-ms-client-request-id": "6dbb693eba5d4a9c1f1a7024d3164fe4",
        "x-ms-return-client-request-id": "true"
      },
      "RequestBody": {
        "tags": {
          "test": "env"
        },
        "location": "eastus"
      },
      "StatusCode": 201,
      "ResponseHeaders": {
        "Cache-Control": "no-cache",
        "Content-Length": "241",
        "Content-Type": "application/json; charset=utf-8",
        "Date": "Mon, 21 Nov 2022 08:39:46 GMT",
        "Expires": "-1",
        "Pragma": "no-cache",
        "Strict-Transport-Security": "max-age=31536000; includeSubDomains",
        "X-Content-Type-Options": "nosniff",
        "x-ms-correlation-request-id": "fd86de69-7738-4da9-ae8d-024509838959",
        "x-ms-ratelimit-remaining-subscription-writes": "1092",
        "x-ms-request-id": "fd86de69-7738-4da9-ae8d-024509838959",
        "x-ms-routing-request-id": "SOUTHEASTASIA:20221121T083947Z:fd86de69-7738-4da9-ae8d-024509838959"
      },
      "ResponseBody": {
        "id": "/subscriptions/db1ab6f0-4769-4b27-930e-01e2ef9c123c/resourceGroups/testRG-7916",
        "name": "testRG-7916",
        "type": "Microsoft.Resources/resourceGroups",
        "location": "eastus",
        "tags": {
          "test": "env"
        },
        "properties": {
          "provisioningState": "Succeeded"
        }
      }
    },
    {
      "RequestUri": "https://management.azure.com/subscriptions/db1ab6f0-4769-4b27-930e-01e2ef9c123c/resourceGroups/testRG-7916/providers/Microsoft.Compute/disks/testDisk-4415?api-version=2021-04-01",
      "RequestMethod": "PUT",
      "RequestHeaders": {
        "Accept": "application/json",
        "Authorization": "Sanitized",
        "Content-Length": "131",
        "Content-Type": "application/json",
        "traceparent": "00-0ae6f9c3cb94e3b032cca784c66bb317-1e7097b793c29e89-00",
        "User-Agent": "azsdk-net-ResourceManager.Compute/1.1.0-alpha.20221121.1 (.NET 6.0.11; Microsoft Windows 10.0.22621)",
        "x-ms-client-request-id": "bcc125f9830bea5a4f80cafa2ff94e3a",
        "x-ms-return-client-request-id": "true"
      },
      "RequestBody": {
        "sku": {
          "name": "Standard_LRS"
        },
        "tags": {},
        "location": "eastus",
        "properties": {
          "creationData": {
            "createOption": "Empty"
          },
          "diskSizeGB": 1
        }
      },
      "StatusCode": 202,
      "ResponseHeaders": {
        "Azure-AsyncOperation": "https://management.azure.com/subscriptions/db1ab6f0-4769-4b27-930e-01e2ef9c123c/providers/Microsoft.Compute/locations/eastus/DiskOperations/692f15f7-a069-49c3-9292-10b2c4bffdb1?p=8278dd3f-3f1e-4c21-b82d-89be46bb3fd2\u0026api-version=2021-04-01",
        "Cache-Control": "no-cache",
        "Content-Length": "440",
        "Content-Type": "application/json; charset=utf-8",
        "Date": "Mon, 21 Nov 2022 08:39:48 GMT",
        "Expires": "-1",
        "Location": "https://management.azure.com/subscriptions/db1ab6f0-4769-4b27-930e-01e2ef9c123c/providers/Microsoft.Compute/locations/eastus/DiskOperations/692f15f7-a069-49c3-9292-10b2c4bffdb1?p=8278dd3f-3f1e-4c21-b82d-89be46bb3fd2\u0026monitor=true\u0026api-version=2021-04-01",
        "Pragma": "no-cache",
        "Retry-After": "2",
        "Server": [
          "Microsoft-HTTPAPI/2.0",
          "Microsoft-HTTPAPI/2.0"
        ],
        "Strict-Transport-Security": "max-age=31536000; includeSubDomains",
        "X-Content-Type-Options": "nosniff",
        "x-ms-client-request-id": "bcc125f9830bea5a4f80cafa2ff94e3a",
        "x-ms-correlation-request-id": "67f071d5-0240-478f-82b1-bcd7ba23dddd",
        "x-ms-ratelimit-remaining-resource": "Microsoft.Compute/CreateUpdateDisks3Min;987,Microsoft.Compute/CreateUpdateDisks30Min;7987",
        "x-ms-ratelimit-remaining-subscription-writes": "1091",
        "x-ms-request-id": "692f15f7-a069-49c3-9292-10b2c4bffdb1",
        "x-ms-routing-request-id": "SOUTHEASTASIA:20221121T083949Z:67f071d5-0240-478f-82b1-bcd7ba23dddd",
        "x-ms-served-by": "8278dd3f-3f1e-4c21-b82d-89be46bb3fd2_133116478740171831"
      },
      "ResponseBody": {
        "name": "testDisk-4415",
        "id": "/subscriptions/db1ab6f0-4769-4b27-930e-01e2ef9c123c/resourceGroups/testRG-7916/providers/Microsoft.Compute/disks/testDisk-4415",
        "type": "Microsoft.Compute/disks",
        "location": "eastus",
        "tags": {},
        "sku": {
          "name": "Standard_LRS"
        },
        "properties": {
          "creationData": {
            "createOption": "Empty"
          },
          "diskSizeGB": 1,
          "provisioningState": "Updating"
        }
      }
    },
    {
      "RequestUri": "https://management.azure.com/subscriptions/db1ab6f0-4769-4b27-930e-01e2ef9c123c/providers/Microsoft.Compute/locations/eastus/DiskOperations/692f15f7-a069-49c3-9292-10b2c4bffdb1?p=8278dd3f-3f1e-4c21-b82d-89be46bb3fd2\u0026api-version=2021-04-01",
      "RequestMethod": "GET",
      "RequestHeaders": {
        "Authorization": "Sanitized",
        "traceparent": "00-0ae6f9c3cb94e3b032cca784c66bb317-94da20ca4c8d69b7-00",
        "User-Agent": "azsdk-net-ResourceManager/1.3.2 (.NET 6.0.11; Microsoft Windows 10.0.22621)",
        "x-ms-client-request-id": "20a2443be1f0e53261830e39d150ef21",
        "x-ms-return-client-request-id": "true"
      },
      "RequestBody": null,
      "StatusCode": 200,
      "ResponseHeaders": {
        "Cache-Control": "no-cache",
        "Content-Length": "1088",
        "Content-Type": "application/json; charset=utf-8",
        "Date": "Mon, 21 Nov 2022 08:39:48 GMT",
        "Expires": "-1",
        "Pragma": "no-cache",
        "Server": [
          "Microsoft-HTTPAPI/2.0",
          "Microsoft-HTTPAPI/2.0"
        ],
        "Strict-Transport-Security": "max-age=31536000; includeSubDomains",
        "X-Content-Type-Options": "nosniff",
        "x-ms-client-request-id": "20a2443be1f0e53261830e39d150ef21",
        "x-ms-correlation-request-id": "9b31bd83-fad8-436f-be98-985aa20e0d90",
        "x-ms-ratelimit-remaining-resource": "Microsoft.Compute/GetOperation3Min;49908,Microsoft.Compute/GetOperation30Min;399908",
        "x-ms-ratelimit-remaining-subscription-reads": "11922",
        "x-ms-request-id": "36a48f84-bc79-4937-92cb-bd8326790564",
        "x-ms-routing-request-id": "SOUTHEASTASIA:20221121T083949Z:9b31bd83-fad8-436f-be98-985aa20e0d90",
        "x-ms-served-by": "8278dd3f-3f1e-4c21-b82d-89be46bb3fd2_133116478740171831"
      },
      "ResponseBody": {
        "startTime": "2022-11-21T08:39:49.5027147\u002B00:00",
        "endTime": "2022-11-21T08:39:49.596464\u002B00:00",
        "status": "Succeeded",
        "properties": {
          "output": {
            "name": "testDisk-4415",
            "id": "/subscriptions/db1ab6f0-4769-4b27-930e-01e2ef9c123c/resourceGroups/testRG-7916/providers/Microsoft.Compute/disks/testDisk-4415",
            "type": "Microsoft.Compute/disks",
            "location": "eastus",
            "tags": {},
            "sku": {
              "name": "Standard_LRS",
              "tier": "Standard"
            },
            "properties": {
              "creationData": {
                "createOption": "Empty"
              },
              "diskSizeGB": 1,
              "diskIOPSReadWrite": 500,
              "diskMBpsReadWrite": 60,
              "encryption": {
                "type": "EncryptionAtRestWithPlatformKey"
              },
              "networkAccessPolicy": "AllowAll",
              "publicNetworkAccess": "Enabled",
              "timeCreated": "2022-11-21T08:39:49.5027147\u002B00:00",
              "provisioningState": "Succeeded",
              "diskState": "Unattached",
              "diskSizeBytes": 1073741824,
              "uniqueId": "01e42247-e369-4bd8-bf7a-9fee5789779f"
            }
          }
        },
        "name": "692f15f7-a069-49c3-9292-10b2c4bffdb1"
      }
    },
    {
      "RequestUri": "https://management.azure.com/subscriptions/db1ab6f0-4769-4b27-930e-01e2ef9c123c/resourceGroups/testRG-7916/providers/Microsoft.Compute/disks/testDisk-4415?api-version=2021-04-01",
      "RequestMethod": "GET",
      "RequestHeaders": {
        "Authorization": "Sanitized",
        "traceparent": "00-0ae6f9c3cb94e3b032cca784c66bb317-726c8624fcc3dd99-00",
        "User-Agent": "azsdk-net-ResourceManager/1.3.2 (.NET 6.0.11; Microsoft Windows 10.0.22621)",
        "x-ms-client-request-id": "a9acea212cd092be158e7b693fbcbdf1",
        "x-ms-return-client-request-id": "true"
      },
      "RequestBody": null,
      "StatusCode": 200,
      "ResponseHeaders": {
        "Cache-Control": "no-cache",
        "Content-Length": "864",
        "Content-Type": "application/json; charset=utf-8",
        "Date": "Mon, 21 Nov 2022 08:39:49 GMT",
        "Expires": "-1",
        "Pragma": "no-cache",
        "Server": [
          "Microsoft-HTTPAPI/2.0",
          "Microsoft-HTTPAPI/2.0"
        ],
        "Strict-Transport-Security": "max-age=31536000; includeSubDomains",
        "X-Content-Type-Options": "nosniff",
        "x-ms-client-request-id": "a9acea212cd092be158e7b693fbcbdf1",
        "x-ms-correlation-request-id": "36518d0e-8e29-4531-b052-993b533eff46",
        "x-ms-ratelimit-remaining-resource": "Microsoft.Compute/LowCostGet3Min;4900,Microsoft.Compute/LowCostGet30Min;39900",
        "x-ms-ratelimit-remaining-subscription-reads": "11921",
        "x-ms-request-id": "a49926e4-7ca5-4935-addd-c85ed1999901",
        "x-ms-routing-request-id": "SOUTHEASTASIA:20221121T083950Z:36518d0e-8e29-4531-b052-993b533eff46",
        "x-ms-served-by": "8278dd3f-3f1e-4c21-b82d-89be46bb3fd2_133116478740171831"
      },
      "ResponseBody": {
        "name": "testDisk-4415",
        "id": "/subscriptions/db1ab6f0-4769-4b27-930e-01e2ef9c123c/resourceGroups/testRG-7916/providers/Microsoft.Compute/disks/testDisk-4415",
        "type": "Microsoft.Compute/disks",
        "location": "eastus",
        "tags": {},
        "sku": {
          "name": "Standard_LRS",
          "tier": "Standard"
        },
        "properties": {
          "creationData": {
            "createOption": "Empty"
          },
          "diskSizeGB": 1,
          "diskIOPSReadWrite": 500,
          "diskMBpsReadWrite": 60,
          "encryption": {
            "type": "EncryptionAtRestWithPlatformKey"
          },
          "networkAccessPolicy": "AllowAll",
          "publicNetworkAccess": "Enabled",
          "timeCreated": "2022-11-21T08:39:49.5027147\u002B00:00",
          "provisioningState": "Succeeded",
          "diskState": "Unattached",
          "diskSizeBytes": 1073741824,
          "uniqueId": "01e42247-e369-4bd8-bf7a-9fee5789779f"
        }
      }
    },
    {
      "RequestUri": "https://management.azure.com/subscriptions/db1ab6f0-4769-4b27-930e-01e2ef9c123c/resourceGroups/testRG-7916/providers/Microsoft.Compute/disks/testDisk-3632?api-version=2021-04-01",
      "RequestMethod": "PUT",
      "RequestHeaders": {
        "Accept": "application/json",
        "Authorization": "Sanitized",
        "Content-Length": "131",
        "Content-Type": "application/json",
        "traceparent": "00-c2bc24b1c0e2a8890144af0cbb94d976-15aec6adf7c5c874-00",
        "User-Agent": "azsdk-net-ResourceManager.Compute/1.1.0-alpha.20221121.1 (.NET 6.0.11; Microsoft Windows 10.0.22621)",
        "x-ms-client-request-id": "57eabf4f4a2d3b4599561958d662efb2",
        "x-ms-return-client-request-id": "true"
      },
      "RequestBody": {
        "sku": {
          "name": "Standard_LRS"
        },
        "tags": {},
        "location": "eastus",
        "properties": {
          "creationData": {
            "createOption": "Empty"
          },
          "diskSizeGB": 1
        }
      },
      "StatusCode": 202,
      "ResponseHeaders": {
        "Azure-AsyncOperation": "https://management.azure.com/subscriptions/db1ab6f0-4769-4b27-930e-01e2ef9c123c/providers/Microsoft.Compute/locations/eastus/DiskOperations/079f1e71-d7a5-45f6-a537-0bc285b30f99?p=8278dd3f-3f1e-4c21-b82d-89be46bb3fd2\u0026api-version=2021-04-01",
        "Cache-Control": "no-cache",
        "Content-Length": "440",
        "Content-Type": "application/json; charset=utf-8",
        "Date": "Mon, 21 Nov 2022 08:39:52 GMT",
        "Expires": "-1",
        "Location": "https://management.azure.com/subscriptions/db1ab6f0-4769-4b27-930e-01e2ef9c123c/providers/Microsoft.Compute/locations/eastus/DiskOperations/079f1e71-d7a5-45f6-a537-0bc285b30f99?p=8278dd3f-3f1e-4c21-b82d-89be46bb3fd2\u0026monitor=true\u0026api-version=2021-04-01",
        "Pragma": "no-cache",
        "Retry-After": "2",
        "Server": [
          "Microsoft-HTTPAPI/2.0",
          "Microsoft-HTTPAPI/2.0"
        ],
        "Strict-Transport-Security": "max-age=31536000; includeSubDomains",
        "X-Content-Type-Options": "nosniff",
        "x-ms-client-request-id": "57eabf4f4a2d3b4599561958d662efb2",
        "x-ms-correlation-request-id": "87ab85b3-6c7c-4166-9b4e-fb57ce8bbce8",
        "x-ms-ratelimit-remaining-resource": "Microsoft.Compute/CreateUpdateDisks3Min;986,Microsoft.Compute/CreateUpdateDisks30Min;7986",
        "x-ms-ratelimit-remaining-subscription-writes": "1090",
        "x-ms-request-id": "079f1e71-d7a5-45f6-a537-0bc285b30f99",
        "x-ms-routing-request-id": "SOUTHEASTASIA:20221121T083952Z:87ab85b3-6c7c-4166-9b4e-fb57ce8bbce8",
        "x-ms-served-by": "8278dd3f-3f1e-4c21-b82d-89be46bb3fd2_133116478740171831"
      },
      "ResponseBody": {
        "name": "testDisk-3632",
        "id": "/subscriptions/db1ab6f0-4769-4b27-930e-01e2ef9c123c/resourceGroups/testRG-7916/providers/Microsoft.Compute/disks/testDisk-3632",
        "type": "Microsoft.Compute/disks",
        "location": "eastus",
        "tags": {},
        "sku": {
          "name": "Standard_LRS"
        },
        "properties": {
          "creationData": {
            "createOption": "Empty"
          },
          "diskSizeGB": 1,
          "provisioningState": "Updating"
        }
      }
    },
    {
      "RequestUri": "https://management.azure.com/subscriptions/db1ab6f0-4769-4b27-930e-01e2ef9c123c/providers/Microsoft.Compute/locations/eastus/DiskOperations/079f1e71-d7a5-45f6-a537-0bc285b30f99?p=8278dd3f-3f1e-4c21-b82d-89be46bb3fd2\u0026api-version=2021-04-01",
      "RequestMethod": "GET",
      "RequestHeaders": {
        "Authorization": "Sanitized",
        "traceparent": "00-c2bc24b1c0e2a8890144af0cbb94d976-7d2c39508dedab0a-00",
        "User-Agent": "azsdk-net-ResourceManager/1.3.2 (.NET 6.0.11; Microsoft Windows 10.0.22621)",
        "x-ms-client-request-id": "91826e1dc9049ff4676e36d5a4393f2c",
        "x-ms-return-client-request-id": "true"
      },
      "RequestBody": null,
      "StatusCode": 200,
      "ResponseHeaders": {
        "Cache-Control": "no-cache",
        "Content-Length": "1089",
        "Content-Type": "application/json; charset=utf-8",
        "Date": "Mon, 21 Nov 2022 08:39:52 GMT",
        "Expires": "-1",
        "Pragma": "no-cache",
        "Server": [
          "Microsoft-HTTPAPI/2.0",
          "Microsoft-HTTPAPI/2.0"
        ],
        "Strict-Transport-Security": "max-age=31536000; includeSubDomains",
        "X-Content-Type-Options": "nosniff",
        "x-ms-client-request-id": "91826e1dc9049ff4676e36d5a4393f2c",
        "x-ms-correlation-request-id": "139358e2-1465-4416-bbdd-c87fb20d2486",
        "x-ms-ratelimit-remaining-resource": "Microsoft.Compute/GetOperation3Min;49904,Microsoft.Compute/GetOperation30Min;399904",
        "x-ms-ratelimit-remaining-subscription-reads": "11920",
        "x-ms-request-id": "e3120b67-c321-45b3-8865-daa19c62e9ee",
        "x-ms-routing-request-id": "SOUTHEASTASIA:20221121T083952Z:139358e2-1465-4416-bbdd-c87fb20d2486",
        "x-ms-served-by": "8278dd3f-3f1e-4c21-b82d-89be46bb3fd2_133116478740171831"
      },
      "ResponseBody": {
        "startTime": "2022-11-21T08:39:52.0027067\u002B00:00",
        "endTime": "2022-11-21T08:39:52.0964537\u002B00:00",
        "status": "Succeeded",
        "properties": {
          "output": {
            "name": "testDisk-3632",
            "id": "/subscriptions/db1ab6f0-4769-4b27-930e-01e2ef9c123c/resourceGroups/testRG-7916/providers/Microsoft.Compute/disks/testDisk-3632",
            "type": "Microsoft.Compute/disks",
            "location": "eastus",
            "tags": {},
            "sku": {
              "name": "Standard_LRS",
              "tier": "Standard"
            },
            "properties": {
              "creationData": {
                "createOption": "Empty"
              },
              "diskSizeGB": 1,
              "diskIOPSReadWrite": 500,
              "diskMBpsReadWrite": 60,
              "encryption": {
                "type": "EncryptionAtRestWithPlatformKey"
              },
              "networkAccessPolicy": "AllowAll",
              "publicNetworkAccess": "Enabled",
              "timeCreated": "2022-11-21T08:39:52.0027067\u002B00:00",
              "provisioningState": "Succeeded",
              "diskState": "Unattached",
              "diskSizeBytes": 1073741824,
              "uniqueId": "43882341-df26-460b-b24c-a9ab7b95306b"
            }
          }
        },
        "name": "079f1e71-d7a5-45f6-a537-0bc285b30f99"
      }
    },
    {
      "RequestUri": "https://management.azure.com/subscriptions/db1ab6f0-4769-4b27-930e-01e2ef9c123c/resourceGroups/testRG-7916/providers/Microsoft.Compute/disks/testDisk-3632?api-version=2021-04-01",
      "RequestMethod": "GET",
      "RequestHeaders": {
        "Authorization": "Sanitized",
        "traceparent": "00-c2bc24b1c0e2a8890144af0cbb94d976-12a255444bcdd198-00",
        "User-Agent": "azsdk-net-ResourceManager/1.3.2 (.NET 6.0.11; Microsoft Windows 10.0.22621)",
        "x-ms-client-request-id": "401cb78b3f7ba3bcb0644722e8df72f3",
        "x-ms-return-client-request-id": "true"
      },
      "RequestBody": null,
      "StatusCode": 200,
      "ResponseHeaders": {
        "Cache-Control": "no-cache",
        "Content-Length": "864",
        "Content-Type": "application/json; charset=utf-8",
        "Date": "Mon, 21 Nov 2022 08:39:53 GMT",
        "Expires": "-1",
        "Pragma": "no-cache",
        "Server": [
          "Microsoft-HTTPAPI/2.0",
          "Microsoft-HTTPAPI/2.0"
        ],
        "Strict-Transport-Security": "max-age=31536000; includeSubDomains",
        "X-Content-Type-Options": "nosniff",
        "x-ms-client-request-id": "401cb78b3f7ba3bcb0644722e8df72f3",
        "x-ms-correlation-request-id": "1d21c049-cbdc-4af6-b297-f5db4f3b1c84",
        "x-ms-ratelimit-remaining-resource": "Microsoft.Compute/LowCostGet3Min;4896,Microsoft.Compute/LowCostGet30Min;39896",
        "x-ms-ratelimit-remaining-subscription-reads": "11919",
        "x-ms-request-id": "262362fd-bf68-483c-bd3e-007fdece4342",
        "x-ms-routing-request-id": "SOUTHEASTASIA:20221121T083953Z:1d21c049-cbdc-4af6-b297-f5db4f3b1c84",
        "x-ms-served-by": "8278dd3f-3f1e-4c21-b82d-89be46bb3fd2_133116478740171831"
      },
      "ResponseBody": {
        "name": "testDisk-3632",
        "id": "/subscriptions/db1ab6f0-4769-4b27-930e-01e2ef9c123c/resourceGroups/testRG-7916/providers/Microsoft.Compute/disks/testDisk-3632",
        "type": "Microsoft.Compute/disks",
        "location": "eastus",
        "tags": {},
        "sku": {
          "name": "Standard_LRS",
          "tier": "Standard"
        },
        "properties": {
          "creationData": {
            "createOption": "Empty"
          },
          "diskSizeGB": 1,
          "diskIOPSReadWrite": 500,
          "diskMBpsReadWrite": 60,
          "encryption": {
            "type": "EncryptionAtRestWithPlatformKey"
          },
          "networkAccessPolicy": "AllowAll",
          "publicNetworkAccess": "Enabled",
          "timeCreated": "2022-11-21T08:39:52.0027067\u002B00:00",
          "provisioningState": "Succeeded",
          "diskState": "Unattached",
          "diskSizeBytes": 1073741824,
          "uniqueId": "43882341-df26-460b-b24c-a9ab7b95306b"
        }
      }
    },
    {
      "RequestUri": "https://management.azure.com/subscriptions/db1ab6f0-4769-4b27-930e-01e2ef9c123c/resourceGroups/testRG-7916/providers/Microsoft.Compute/disks?api-version=2021-04-01",
      "RequestMethod": "GET",
      "RequestHeaders": {
        "Accept": "application/json",
        "Authorization": "Sanitized",
        "traceparent": "00-f1f6062bcdc71c7f383bc49d9149dfec-a5793a0009926ee0-00",
        "User-Agent": "azsdk-net-ResourceManager.Compute/1.1.0-alpha.20221121.1 (.NET 6.0.11; Microsoft Windows 10.0.22621)",
        "x-ms-client-request-id": "673b53b15edf59ad88a24a9f7439e1d6",
        "x-ms-return-client-request-id": "true"
      },
      "RequestBody": null,
      "StatusCode": 200,
      "ResponseHeaders": {
        "Cache-Control": "no-cache",
        "Content-Length": "1988",
        "Content-Type": "application/json; charset=utf-8",
        "Date": "Mon, 21 Nov 2022 08:39:53 GMT",
        "Expires": "-1",
        "Pragma": "no-cache",
        "Server": [
          "Microsoft-HTTPAPI/2.0",
          "Microsoft-HTTPAPI/2.0"
        ],
        "Strict-Transport-Security": "max-age=31536000; includeSubDomains",
        "X-Content-Type-Options": "nosniff",
        "x-ms-client-request-id": "673b53b15edf59ad88a24a9f7439e1d6",
        "x-ms-correlation-request-id": "2d4d9059-e45e-4080-8ee9-323b77c72be8",
        "x-ms-ratelimit-remaining-resource": "Microsoft.Compute/HighCostGet3Min;236,Microsoft.Compute/HighCostGet30Min;1916",
        "x-ms-ratelimit-remaining-subscription-reads": "11918",
        "x-ms-request-id": "f0e1ee5d-9ecf-44fa-8164-0734e7b0d55e",
        "x-ms-routing-request-id": "SOUTHEASTASIA:20221121T083953Z:2d4d9059-e45e-4080-8ee9-323b77c72be8",
        "x-ms-served-by": "8278dd3f-3f1e-4c21-b82d-89be46bb3fd2_133116478740171831"
      },
      "ResponseBody": {
        "value": [
          {
            "name": "testDisk-3632",
            "id": "/subscriptions/db1ab6f0-4769-4b27-930e-01e2ef9c123c/resourceGroups/testRG-7916/providers/Microsoft.Compute/disks/testDisk-3632",
            "type": "Microsoft.Compute/disks",
            "location": "eastus",
            "tags": {},
            "sku": {
              "name": "Standard_LRS",
              "tier": "Standard"
            },
            "properties": {
              "creationData": {
                "createOption": "Empty"
              },
              "diskSizeGB": 1,
              "diskIOPSReadWrite": 500,
              "diskMBpsReadWrite": 60,
              "encryption": {
                "type": "EncryptionAtRestWithPlatformKey"
              },
              "networkAccessPolicy": "AllowAll",
              "publicNetworkAccess": "Enabled",
              "timeCreated": "2022-11-21T08:39:52.0027067\u002B00:00",
              "provisioningState": "Succeeded",
              "diskState": "Unattached",
              "diskSizeBytes": 1073741824,
              "uniqueId": "43882341-df26-460b-b24c-a9ab7b95306b"
            }
          },
          {
            "name": "testDisk-4415",
            "id": "/subscriptions/db1ab6f0-4769-4b27-930e-01e2ef9c123c/resourceGroups/testRG-7916/providers/Microsoft.Compute/disks/testDisk-4415",
            "type": "Microsoft.Compute/disks",
            "location": "eastus",
            "tags": {},
            "sku": {
              "name": "Standard_LRS",
              "tier": "Standard"
            },
            "properties": {
              "creationData": {
                "createOption": "Empty"
              },
              "diskSizeGB": 1,
              "diskIOPSReadWrite": 500,
              "diskMBpsReadWrite": 60,
              "encryption": {
                "type": "EncryptionAtRestWithPlatformKey"
              },
              "networkAccessPolicy": "AllowAll",
              "publicNetworkAccess": "Enabled",
              "timeCreated": "2022-11-21T08:39:49.5027147\u002B00:00",
              "provisioningState": "Succeeded",
              "diskState": "Unattached",
              "diskSizeBytes": 1073741824,
              "uniqueId": "01e42247-e369-4bd8-bf7a-9fee5789779f"
            }
          }
        ]
      }
    }
  ],
  "Variables": {
    "AZURE_AUTHORITY_HOST": "https://login.microsoftonline.com/",
    "RandomSeed": "1016642783",
    "RESOURCE_MANAGER_URL": null,
    "SUBSCRIPTION_ID": "db1ab6f0-4769-4b27-930e-01e2ef9c123c"
  }
}
