{
  "Entries": [
    {
      "RequestUri": "https://chrissprim.table.cosmos.azure.com/Tables?$format=application%2Fjson%3Bodata%3Dfullmetadata",
      "RequestMethod": "POST",
      "RequestHeaders": {
        "Accept": "application/json",
        "Authorization": "Sanitized",
        "Content-Length": "33",
        "Content-Type": "application/json; odata=nometadata",
        "DataServiceVersion": "3.0",
        "traceparent": "00-382f74af8c03be459bc07f0f60d984ee-7a2159b389820048-00",
        "User-Agent": [
          "azsdk-net-Data.Tables/1.0.0-dev.20200717.1",
          "(.NET Core 4.6.29017.01; Microsoft Windows 10.0.18363 )"
        ],
        "x-ms-client-request-id": "85777ba97bf617960e7c16509194048f",
        "x-ms-date": "Fri, 17 Jul 2020 19:34:40 GMT",
        "x-ms-return-client-request-id": "true",
        "x-ms-version": "2019-02-02"
      },
      "RequestBody": {
        "TableName": "testtable93bxlvf9"
      },
      "StatusCode": 201,
      "ResponseHeaders": {
        "Content-Type": "application/json",
        "Date": "Fri, 17 Jul 2020 19:34:40 GMT",
        "ETag": "W/\u0022datetime\u00272020-07-17T19%3A34%3A40.0264200Z\u0027\u0022",
        "Location": "https://chrissprim.table.cosmos.azure.com/Tables(\u0027testtable93bxlvf9\u0027)",
        "Server": "Microsoft-HTTPAPI/2.0",
        "Transfer-Encoding": "chunked",
        "x-ms-request-id": "85777ba9-7bf6-1796-0e7c-16509194048f"
      },
      "ResponseBody": {
        "TableName": "testtable93bxlvf9",
        "odata.metadata": "https://chrissprim.table.cosmos.azure.com/$metadata#Tables/@Element"
      }
    },
    {
      "RequestUri": "https://chrissprim.table.cosmos.azure.com/testtable93bxlvf9?$format=application%2Fjson%3Bodata%3Dfullmetadata",
      "RequestMethod": "POST",
      "RequestHeaders": {
        "Accept": "application/json",
        "Authorization": "Sanitized",
        "Content-Length": "614",
        "Content-Type": "application/json; odata=nometadata",
        "DataServiceVersion": "3.0",
        "traceparent": "00-0248306fc83ad2489b4aa60b20cbd637-0a2c856dd8814444-00",
        "User-Agent": [
          "azsdk-net-Data.Tables/1.0.0-dev.20200717.1",
          "(.NET Core 4.6.29017.01; Microsoft Windows 10.0.18363 )"
        ],
        "x-ms-client-request-id": "a85e8d6b3b59338dd3415c89c87f3bc9",
        "x-ms-date": "Fri, 17 Jul 2020 19:34:40 GMT",
        "x-ms-return-client-request-id": "true",
        "x-ms-version": "2019-02-02"
      },
      "RequestBody": {
        "PartitionKey": "somPartition",
        "RowKey": "01",
        "SomeStringProperty": "This is table entity number 01",
        "SomeDateProperty": "2020-01-01T01:02:00.0000000Z",
        "SomeDateProperty@odata.type": "Edm.DateTime",
        "SomeGuidProperty": "0d391d16-97f1-4b9a-be68-4cc871f90001",
        "SomeGuidProperty@odata.type": "Edm.Guid",
        "SomeBinaryProperty": "AQIDBAU=",
        "SomeBinaryProperty@odata.type": "Edm.Binary",
        "SomeInt64Property": "1",
        "SomeInt64Property@odata.type": "Edm.Int64",
        "SomeDoubleProperty0": 1,
        "SomeDoubleProperty0@odata.type": "Edm.Double",
        "SomeDoubleProperty1": 1.1000000000000001,
        "SomeDoubleProperty1@odata.type": "Edm.Double",
        "SomeIntProperty": 1
      },
      "StatusCode": 201,
      "ResponseHeaders": {
        "Content-Type": "application/json",
        "Date": "Fri, 17 Jul 2020 19:34:40 GMT",
        "ETag": "W/\u0022datetime\u00272020-07-17T19%3A34%3A40.6177800Z\u0027\u0022",
        "Location": "https://chrissprim.table.cosmos.azure.com/testtable93bxlvf9(PartitionKey=\u0027somPartition\u0027,RowKey=\u002701\u0027)",
        "Server": "Microsoft-HTTPAPI/2.0",
        "Transfer-Encoding": "chunked",
        "x-ms-request-id": "a85e8d6b-3b59-338d-d341-5c89c87f3bc9"
      },
      "ResponseBody": {
        "odata.metadata": "https://chrissprim.table.cosmos.azure.com/testtable93bxlvf9/$metadata#testtable93bxlvf9/@Element",
        "odata.etag": "W/\u0022datetime\u00272020-07-17T19%3A34%3A40.6177800Z\u0027\u0022",
        "PartitionKey": "somPartition",
        "RowKey": "01",
        "SomeStringProperty": "This is table entity number 01",
        "SomeDateProperty@odata.type": "Edm.DateTime",
        "SomeDateProperty": "2020-01-01T01:02:00.0000000Z",
        "SomeGuidProperty@odata.type": "Edm.Guid",
        "SomeGuidProperty": "0d391d16-97f1-4b9a-be68-4cc871f90001",
        "SomeBinaryProperty@odata.type": "Edm.Binary",
        "SomeBinaryProperty": "AQIDBAU=",
        "SomeInt64Property@odata.type": "Edm.Int64",
        "SomeInt64Property": "1",
        "SomeDoubleProperty0": 1,
        "SomeDoubleProperty1": 1.1,
        "SomeIntProperty": 1,
        "Timestamp@odata.type": "Edm.DateTime",
        "Timestamp": "2020-07-17T19:34:40.6177800Z"
      }
    },
    {
      "RequestUri": "https://chrissprim.table.cosmos.azure.com/testtable93bxlvf9?$format=application%2Fjson%3Bodata%3Dfullmetadata",
      "RequestMethod": "POST",
      "RequestHeaders": {
        "Accept": "application/json",
        "Authorization": "Sanitized",
        "Content-Length": "614",
        "Content-Type": "application/json; odata=nometadata",
        "DataServiceVersion": "3.0",
        "traceparent": "00-d32e1186faa5894fabbc693059350227-e71efd3b85b2be40-00",
        "User-Agent": [
          "azsdk-net-Data.Tables/1.0.0-dev.20200717.1",
          "(.NET Core 4.6.29017.01; Microsoft Windows 10.0.18363 )"
        ],
        "x-ms-client-request-id": "354f499afb61c16b5fef59c71bc19d9d",
        "x-ms-date": "Fri, 17 Jul 2020 19:34:41 GMT",
        "x-ms-return-client-request-id": "true",
        "x-ms-version": "2019-02-02"
      },
      "RequestBody": {
        "PartitionKey": "somPartition",
        "RowKey": "02",
        "SomeStringProperty": "This is table entity number 02",
        "SomeDateProperty": "2020-01-01T01:03:00.0000000Z",
        "SomeDateProperty@odata.type": "Edm.DateTime",
        "SomeGuidProperty": "0d391d16-97f1-4b9a-be68-4cc871f90002",
        "SomeGuidProperty@odata.type": "Edm.Guid",
        "SomeBinaryProperty": "AQIDBAU=",
        "SomeBinaryProperty@odata.type": "Edm.Binary",
        "SomeInt64Property": "2",
        "SomeInt64Property@odata.type": "Edm.Int64",
        "SomeDoubleProperty0": 2,
        "SomeDoubleProperty0@odata.type": "Edm.Double",
        "SomeDoubleProperty1": 2.1000000000000001,
        "SomeDoubleProperty1@odata.type": "Edm.Double",
        "SomeIntProperty": 2
      },
      "StatusCode": 201,
      "ResponseHeaders": {
        "Content-Type": "application/json",
        "Date": "Fri, 17 Jul 2020 19:34:40 GMT",
        "ETag": "W/\u0022datetime\u00272020-07-17T19%3A34%3A40.7005192Z\u0027\u0022",
        "Location": "https://chrissprim.table.cosmos.azure.com/testtable93bxlvf9(PartitionKey=\u0027somPartition\u0027,RowKey=\u002702\u0027)",
        "Server": "Microsoft-HTTPAPI/2.0",
        "Transfer-Encoding": "chunked",
        "x-ms-request-id": "354f499a-fb61-c16b-5fef-59c71bc19d9d"
      },
      "ResponseBody": {
        "odata.metadata": "https://chrissprim.table.cosmos.azure.com/testtable93bxlvf9/$metadata#testtable93bxlvf9/@Element",
        "odata.etag": "W/\u0022datetime\u00272020-07-17T19%3A34%3A40.7005192Z\u0027\u0022",
        "PartitionKey": "somPartition",
        "RowKey": "02",
        "SomeStringProperty": "This is table entity number 02",
        "SomeDateProperty@odata.type": "Edm.DateTime",
        "SomeDateProperty": "2020-01-01T01:03:00.0000000Z",
        "SomeGuidProperty@odata.type": "Edm.Guid",
        "SomeGuidProperty": "0d391d16-97f1-4b9a-be68-4cc871f90002",
        "SomeBinaryProperty@odata.type": "Edm.Binary",
        "SomeBinaryProperty": "AQIDBAU=",
        "SomeInt64Property@odata.type": "Edm.Int64",
        "SomeInt64Property": "2",
        "SomeDoubleProperty0": 2,
        "SomeDoubleProperty1": 2.1,
        "SomeIntProperty": 2,
        "Timestamp@odata.type": "Edm.DateTime",
        "Timestamp": "2020-07-17T19:34:40.7005192Z"
      }
    },
    {
      "RequestUri": "https://chrissprim.table.cosmos.azure.com/testtable93bxlvf9?$format=application%2Fjson%3Bodata%3Dfullmetadata",
      "RequestMethod": "POST",
      "RequestHeaders": {
        "Accept": "application/json",
        "Authorization": "Sanitized",
        "Content-Length": "614",
        "Content-Type": "application/json; odata=nometadata",
        "DataServiceVersion": "3.0",
        "traceparent": "00-89e203636f58a84ea98db6eea6e7f77f-781189b78a051940-00",
        "User-Agent": [
          "azsdk-net-Data.Tables/1.0.0-dev.20200717.1",
          "(.NET Core 4.6.29017.01; Microsoft Windows 10.0.18363 )"
        ],
        "x-ms-client-request-id": "69618c111d676d09ed44b1b51e0c4f8e",
        "x-ms-date": "Fri, 17 Jul 2020 19:34:41 GMT",
        "x-ms-return-client-request-id": "true",
        "x-ms-version": "2019-02-02"
      },
      "RequestBody": {
        "PartitionKey": "somPartition",
        "RowKey": "03",
        "SomeStringProperty": "This is table entity number 03",
        "SomeDateProperty": "2020-01-01T01:04:00.0000000Z",
        "SomeDateProperty@odata.type": "Edm.DateTime",
        "SomeGuidProperty": "0d391d16-97f1-4b9a-be68-4cc871f90003",
        "SomeGuidProperty@odata.type": "Edm.Guid",
        "SomeBinaryProperty": "AQIDBAU=",
        "SomeBinaryProperty@odata.type": "Edm.Binary",
        "SomeInt64Property": "3",
        "SomeInt64Property@odata.type": "Edm.Int64",
        "SomeDoubleProperty0": 3,
        "SomeDoubleProperty0@odata.type": "Edm.Double",
        "SomeDoubleProperty1": 3.1000000000000001,
        "SomeDoubleProperty1@odata.type": "Edm.Double",
        "SomeIntProperty": 3
      },
      "StatusCode": 201,
      "ResponseHeaders": {
        "Content-Type": "application/json",
        "Date": "Fri, 17 Jul 2020 19:34:40 GMT",
        "ETag": "W/\u0022datetime\u00272020-07-17T19%3A34%3A40.7769096Z\u0027\u0022",
        "Location": "https://chrissprim.table.cosmos.azure.com/testtable93bxlvf9(PartitionKey=\u0027somPartition\u0027,RowKey=\u002703\u0027)",
        "Server": "Microsoft-HTTPAPI/2.0",
        "Transfer-Encoding": "chunked",
        "x-ms-request-id": "69618c11-1d67-6d09-ed44-b1b51e0c4f8e"
      },
      "ResponseBody": {
        "odata.metadata": "https://chrissprim.table.cosmos.azure.com/testtable93bxlvf9/$metadata#testtable93bxlvf9/@Element",
        "odata.etag": "W/\u0022datetime\u00272020-07-17T19%3A34%3A40.7769096Z\u0027\u0022",
        "PartitionKey": "somPartition",
        "RowKey": "03",
        "SomeStringProperty": "This is table entity number 03",
        "SomeDateProperty@odata.type": "Edm.DateTime",
        "SomeDateProperty": "2020-01-01T01:04:00.0000000Z",
        "SomeGuidProperty@odata.type": "Edm.Guid",
        "SomeGuidProperty": "0d391d16-97f1-4b9a-be68-4cc871f90003",
        "SomeBinaryProperty@odata.type": "Edm.Binary",
        "SomeBinaryProperty": "AQIDBAU=",
        "SomeInt64Property@odata.type": "Edm.Int64",
        "SomeInt64Property": "3",
        "SomeDoubleProperty0": 3,
        "SomeDoubleProperty1": 3.1,
        "SomeIntProperty": 3,
        "Timestamp@odata.type": "Edm.DateTime",
        "Timestamp": "2020-07-17T19:34:40.7769096Z"
      }
    },
    {
      "RequestUri": "https://chrissprim.table.cosmos.azure.com/testtable93bxlvf9?$format=application%2Fjson%3Bodata%3Dfullmetadata",
      "RequestMethod": "POST",
      "RequestHeaders": {
        "Accept": "application/json",
        "Authorization": "Sanitized",
        "Content-Length": "614",
        "Content-Type": "application/json; odata=nometadata",
        "DataServiceVersion": "3.0",
        "traceparent": "00-1eaff7cda701c54eb1b09bce2ba8d77b-1357e7592e2b6a48-00",
        "User-Agent": [
          "azsdk-net-Data.Tables/1.0.0-dev.20200717.1",
          "(.NET Core 4.6.29017.01; Microsoft Windows 10.0.18363 )"
        ],
        "x-ms-client-request-id": "48b54c40ce45702e219c4869e2c61712",
        "x-ms-date": "Fri, 17 Jul 2020 19:34:41 GMT",
        "x-ms-return-client-request-id": "true",
        "x-ms-version": "2019-02-02"
      },
      "RequestBody": {
        "PartitionKey": "somPartition",
        "RowKey": "04",
        "SomeStringProperty": "This is table entity number 04",
        "SomeDateProperty": "2020-01-01T01:05:00.0000000Z",
        "SomeDateProperty@odata.type": "Edm.DateTime",
        "SomeGuidProperty": "0d391d16-97f1-4b9a-be68-4cc871f90004",
        "SomeGuidProperty@odata.type": "Edm.Guid",
        "SomeBinaryProperty": "AQIDBAU=",
        "SomeBinaryProperty@odata.type": "Edm.Binary",
        "SomeInt64Property": "4",
        "SomeInt64Property@odata.type": "Edm.Int64",
        "SomeDoubleProperty0": 4,
        "SomeDoubleProperty0@odata.type": "Edm.Double",
        "SomeDoubleProperty1": 4.0999999999999996,
        "SomeDoubleProperty1@odata.type": "Edm.Double",
        "SomeIntProperty": 4
      },
      "StatusCode": 201,
      "ResponseHeaders": {
        "Content-Type": "application/json",
        "Date": "Fri, 17 Jul 2020 19:34:40 GMT",
        "ETag": "W/\u0022datetime\u00272020-07-17T19%3A34%3A40.8513544Z\u0027\u0022",
        "Location": "https://chrissprim.table.cosmos.azure.com/testtable93bxlvf9(PartitionKey=\u0027somPartition\u0027,RowKey=\u002704\u0027)",
        "Server": "Microsoft-HTTPAPI/2.0",
        "Transfer-Encoding": "chunked",
        "x-ms-request-id": "48b54c40-ce45-702e-219c-4869e2c61712"
      },
      "ResponseBody": {
        "odata.metadata": "https://chrissprim.table.cosmos.azure.com/testtable93bxlvf9/$metadata#testtable93bxlvf9/@Element",
        "odata.etag": "W/\u0022datetime\u00272020-07-17T19%3A34%3A40.8513544Z\u0027\u0022",
        "PartitionKey": "somPartition",
        "RowKey": "04",
        "SomeStringProperty": "This is table entity number 04",
        "SomeDateProperty@odata.type": "Edm.DateTime",
        "SomeDateProperty": "2020-01-01T01:05:00.0000000Z",
        "SomeGuidProperty@odata.type": "Edm.Guid",
        "SomeGuidProperty": "0d391d16-97f1-4b9a-be68-4cc871f90004",
        "SomeBinaryProperty@odata.type": "Edm.Binary",
        "SomeBinaryProperty": "AQIDBAU=",
        "SomeInt64Property@odata.type": "Edm.Int64",
        "SomeInt64Property": "4",
        "SomeDoubleProperty0": 4,
        "SomeDoubleProperty1": 4.1,
        "SomeIntProperty": 4,
        "Timestamp@odata.type": "Edm.DateTime",
        "Timestamp": "2020-07-17T19:34:40.8513544Z"
      }
    },
    {
      "RequestUri": "https://chrissprim.table.cosmos.azure.com/testtable93bxlvf9?$format=application%2Fjson%3Bodata%3Dfullmetadata",
      "RequestMethod": "POST",
      "RequestHeaders": {
        "Accept": "application/json",
        "Authorization": "Sanitized",
        "Content-Length": "614",
        "Content-Type": "application/json; odata=nometadata",
        "DataServiceVersion": "3.0",
        "traceparent": "00-a35aa8c2951bdd48b148aab16177b0a0-9ed7e5751b7eb545-00",
        "User-Agent": [
          "azsdk-net-Data.Tables/1.0.0-dev.20200717.1",
          "(.NET Core 4.6.29017.01; Microsoft Windows 10.0.18363 )"
        ],
        "x-ms-client-request-id": "3c78bfa4d21e7c623fe1471d49b6a352",
        "x-ms-date": "Fri, 17 Jul 2020 19:34:41 GMT",
        "x-ms-return-client-request-id": "true",
        "x-ms-version": "2019-02-02"
      },
      "RequestBody": {
        "PartitionKey": "somPartition",
        "RowKey": "05",
        "SomeStringProperty": "This is table entity number 05",
        "SomeDateProperty": "2020-01-01T01:06:00.0000000Z",
        "SomeDateProperty@odata.type": "Edm.DateTime",
        "SomeGuidProperty": "0d391d16-97f1-4b9a-be68-4cc871f90005",
        "SomeGuidProperty@odata.type": "Edm.Guid",
        "SomeBinaryProperty": "AQIDBAU=",
        "SomeBinaryProperty@odata.type": "Edm.Binary",
        "SomeInt64Property": "5",
        "SomeInt64Property@odata.type": "Edm.Int64",
        "SomeDoubleProperty0": 5,
        "SomeDoubleProperty0@odata.type": "Edm.Double",
        "SomeDoubleProperty1": 5.0999999999999996,
        "SomeDoubleProperty1@odata.type": "Edm.Double",
        "SomeIntProperty": 5
      },
      "StatusCode": 201,
      "ResponseHeaders": {
        "Content-Type": "application/json",
        "Date": "Fri, 17 Jul 2020 19:34:40 GMT",
        "ETag": "W/\u0022datetime\u00272020-07-17T19%3A34%3A40.9260040Z\u0027\u0022",
        "Location": "https://chrissprim.table.cosmos.azure.com/testtable93bxlvf9(PartitionKey=\u0027somPartition\u0027,RowKey=\u002705\u0027)",
        "Server": "Microsoft-HTTPAPI/2.0",
        "Transfer-Encoding": "chunked",
        "x-ms-request-id": "3c78bfa4-d21e-7c62-3fe1-471d49b6a352"
      },
      "ResponseBody": {
        "odata.metadata": "https://chrissprim.table.cosmos.azure.com/testtable93bxlvf9/$metadata#testtable93bxlvf9/@Element",
        "odata.etag": "W/\u0022datetime\u00272020-07-17T19%3A34%3A40.9260040Z\u0027\u0022",
        "PartitionKey": "somPartition",
        "RowKey": "05",
        "SomeStringProperty": "This is table entity number 05",
        "SomeDateProperty@odata.type": "Edm.DateTime",
        "SomeDateProperty": "2020-01-01T01:06:00.0000000Z",
        "SomeGuidProperty@odata.type": "Edm.Guid",
        "SomeGuidProperty": "0d391d16-97f1-4b9a-be68-4cc871f90005",
        "SomeBinaryProperty@odata.type": "Edm.Binary",
        "SomeBinaryProperty": "AQIDBAU=",
        "SomeInt64Property@odata.type": "Edm.Int64",
        "SomeInt64Property": "5",
        "SomeDoubleProperty0": 5,
        "SomeDoubleProperty1": 5.1,
        "SomeIntProperty": 5,
        "Timestamp@odata.type": "Edm.DateTime",
        "Timestamp": "2020-07-17T19:34:40.9260040Z"
      }
    },
    {
      "RequestUri": "https://chrissprim.table.cosmos.azure.com/testtable93bxlvf9?$format=application%2Fjson%3Bodata%3Dfullmetadata",
      "RequestMethod": "POST",
      "RequestHeaders": {
        "Accept": "application/json",
        "Authorization": "Sanitized",
        "Content-Length": "614",
        "Content-Type": "application/json; odata=nometadata",
        "DataServiceVersion": "3.0",
        "traceparent": "00-155f01d860b06c4c9fdc8ac076e55f23-c93e5aa45ce41f46-00",
        "User-Agent": [
          "azsdk-net-Data.Tables/1.0.0-dev.20200717.1",
          "(.NET Core 4.6.29017.01; Microsoft Windows 10.0.18363 )"
        ],
        "x-ms-client-request-id": "cf86cba0540b42575ef047cbd59f8b26",
        "x-ms-date": "Fri, 17 Jul 2020 19:34:41 GMT",
        "x-ms-return-client-request-id": "true",
        "x-ms-version": "2019-02-02"
      },
      "RequestBody": {
        "PartitionKey": "somPartition",
        "RowKey": "06",
        "SomeStringProperty": "This is table entity number 06",
        "SomeDateProperty": "2020-01-01T01:07:00.0000000Z",
        "SomeDateProperty@odata.type": "Edm.DateTime",
        "SomeGuidProperty": "0d391d16-97f1-4b9a-be68-4cc871f90006",
        "SomeGuidProperty@odata.type": "Edm.Guid",
        "SomeBinaryProperty": "AQIDBAU=",
        "SomeBinaryProperty@odata.type": "Edm.Binary",
        "SomeInt64Property": "6",
        "SomeInt64Property@odata.type": "Edm.Int64",
        "SomeDoubleProperty0": 6,
        "SomeDoubleProperty0@odata.type": "Edm.Double",
        "SomeDoubleProperty1": 6.0999999999999996,
        "SomeDoubleProperty1@odata.type": "Edm.Double",
        "SomeIntProperty": 6
      },
      "StatusCode": 201,
      "ResponseHeaders": {
        "Content-Type": "application/json",
        "Date": "Fri, 17 Jul 2020 19:34:40 GMT",
        "ETag": "W/\u0022datetime\u00272020-07-17T19%3A34%3A41.0006536Z\u0027\u0022",
        "Location": "https://chrissprim.table.cosmos.azure.com/testtable93bxlvf9(PartitionKey=\u0027somPartition\u0027,RowKey=\u002706\u0027)",
        "Server": "Microsoft-HTTPAPI/2.0",
        "Transfer-Encoding": "chunked",
        "x-ms-request-id": "cf86cba0-540b-4257-5ef0-47cbd59f8b26"
      },
      "ResponseBody": {
        "odata.metadata": "https://chrissprim.table.cosmos.azure.com/testtable93bxlvf9/$metadata#testtable93bxlvf9/@Element",
        "odata.etag": "W/\u0022datetime\u00272020-07-17T19%3A34%3A41.0006536Z\u0027\u0022",
        "PartitionKey": "somPartition",
        "RowKey": "06",
        "SomeStringProperty": "This is table entity number 06",
        "SomeDateProperty@odata.type": "Edm.DateTime",
        "SomeDateProperty": "2020-01-01T01:07:00.0000000Z",
        "SomeGuidProperty@odata.type": "Edm.Guid",
        "SomeGuidProperty": "0d391d16-97f1-4b9a-be68-4cc871f90006",
        "SomeBinaryProperty@odata.type": "Edm.Binary",
        "SomeBinaryProperty": "AQIDBAU=",
        "SomeInt64Property@odata.type": "Edm.Int64",
        "SomeInt64Property": "6",
        "SomeDoubleProperty0": 6,
        "SomeDoubleProperty1": 6.1,
        "SomeIntProperty": 6,
        "Timestamp@odata.type": "Edm.DateTime",
        "Timestamp": "2020-07-17T19:34:41.0006536Z"
      }
    },
    {
      "RequestUri": "https://chrissprim.table.cosmos.azure.com/testtable93bxlvf9?$format=application%2Fjson%3Bodata%3Dfullmetadata",
      "RequestMethod": "POST",
      "RequestHeaders": {
        "Accept": "application/json",
        "Authorization": "Sanitized",
        "Content-Length": "614",
        "Content-Type": "application/json; odata=nometadata",
        "DataServiceVersion": "3.0",
        "traceparent": "00-959ae3050db8f14dad349cb239e2f407-2bc7591e823aeb45-00",
        "User-Agent": [
          "azsdk-net-Data.Tables/1.0.0-dev.20200717.1",
          "(.NET Core 4.6.29017.01; Microsoft Windows 10.0.18363 )"
        ],
        "x-ms-client-request-id": "5f109f2d13946e6fea3908648610266b",
        "x-ms-date": "Fri, 17 Jul 2020 19:34:41 GMT",
        "x-ms-return-client-request-id": "true",
        "x-ms-version": "2019-02-02"
      },
      "RequestBody": {
        "PartitionKey": "somPartition",
        "RowKey": "07",
        "SomeStringProperty": "This is table entity number 07",
        "SomeDateProperty": "2020-01-01T01:08:00.0000000Z",
        "SomeDateProperty@odata.type": "Edm.DateTime",
        "SomeGuidProperty": "0d391d16-97f1-4b9a-be68-4cc871f90007",
        "SomeGuidProperty@odata.type": "Edm.Guid",
        "SomeBinaryProperty": "AQIDBAU=",
        "SomeBinaryProperty@odata.type": "Edm.Binary",
        "SomeInt64Property": "7",
        "SomeInt64Property@odata.type": "Edm.Int64",
        "SomeDoubleProperty0": 7,
        "SomeDoubleProperty0@odata.type": "Edm.Double",
        "SomeDoubleProperty1": 7.0999999999999996,
        "SomeDoubleProperty1@odata.type": "Edm.Double",
        "SomeIntProperty": 7
      },
      "StatusCode": 201,
      "ResponseHeaders": {
        "Content-Type": "application/json",
        "Date": "Fri, 17 Jul 2020 19:34:40 GMT",
        "ETag": "W/\u0022datetime\u00272020-07-17T19%3A34%3A41.0782728Z\u0027\u0022",
        "Location": "https://chrissprim.table.cosmos.azure.com/testtable93bxlvf9(PartitionKey=\u0027somPartition\u0027,RowKey=\u002707\u0027)",
        "Server": "Microsoft-HTTPAPI/2.0",
        "Transfer-Encoding": "chunked",
        "x-ms-request-id": "5f109f2d-1394-6e6f-ea39-08648610266b"
      },
      "ResponseBody": {
        "odata.metadata": "https://chrissprim.table.cosmos.azure.com/testtable93bxlvf9/$metadata#testtable93bxlvf9/@Element",
        "odata.etag": "W/\u0022datetime\u00272020-07-17T19%3A34%3A41.0782728Z\u0027\u0022",
        "PartitionKey": "somPartition",
        "RowKey": "07",
        "SomeStringProperty": "This is table entity number 07",
        "SomeDateProperty@odata.type": "Edm.DateTime",
        "SomeDateProperty": "2020-01-01T01:08:00.0000000Z",
        "SomeGuidProperty@odata.type": "Edm.Guid",
        "SomeGuidProperty": "0d391d16-97f1-4b9a-be68-4cc871f90007",
        "SomeBinaryProperty@odata.type": "Edm.Binary",
        "SomeBinaryProperty": "AQIDBAU=",
        "SomeInt64Property@odata.type": "Edm.Int64",
        "SomeInt64Property": "7",
        "SomeDoubleProperty0": 7,
        "SomeDoubleProperty1": 7.1,
        "SomeIntProperty": 7,
        "Timestamp@odata.type": "Edm.DateTime",
        "Timestamp": "2020-07-17T19:34:41.0782728Z"
      }
    },
    {
      "RequestUri": "https://chrissprim.table.cosmos.azure.com/testtable93bxlvf9?$format=application%2Fjson%3Bodata%3Dfullmetadata",
      "RequestMethod": "POST",
      "RequestHeaders": {
        "Accept": "application/json",
        "Authorization": "Sanitized",
        "Content-Length": "614",
        "Content-Type": "application/json; odata=nometadata",
        "DataServiceVersion": "3.0",
        "traceparent": "00-f56ac866a522f6499ddbeae06f63535a-46afef72e6b6d24c-00",
        "User-Agent": [
          "azsdk-net-Data.Tables/1.0.0-dev.20200717.1",
          "(.NET Core 4.6.29017.01; Microsoft Windows 10.0.18363 )"
        ],
        "x-ms-client-request-id": "17c9f5f947404f066835de2e8b97a7a0",
        "x-ms-date": "Fri, 17 Jul 2020 19:34:41 GMT",
        "x-ms-return-client-request-id": "true",
        "x-ms-version": "2019-02-02"
      },
      "RequestBody": {
        "PartitionKey": "somPartition",
        "RowKey": "08",
        "SomeStringProperty": "This is table entity number 08",
        "SomeDateProperty": "2020-01-01T01:09:00.0000000Z",
        "SomeDateProperty@odata.type": "Edm.DateTime",
        "SomeGuidProperty": "0d391d16-97f1-4b9a-be68-4cc871f90008",
        "SomeGuidProperty@odata.type": "Edm.Guid",
        "SomeBinaryProperty": "AQIDBAU=",
        "SomeBinaryProperty@odata.type": "Edm.Binary",
        "SomeInt64Property": "8",
        "SomeInt64Property@odata.type": "Edm.Int64",
        "SomeDoubleProperty0": 8,
        "SomeDoubleProperty0@odata.type": "Edm.Double",
        "SomeDoubleProperty1": 8.0999999999999996,
        "SomeDoubleProperty1@odata.type": "Edm.Double",
        "SomeIntProperty": 8
      },
      "StatusCode": 201,
      "ResponseHeaders": {
        "Content-Type": "application/json",
        "Date": "Fri, 17 Jul 2020 19:34:40 GMT",
        "ETag": "W/\u0022datetime\u00272020-07-17T19%3A34%3A41.1531272Z\u0027\u0022",
        "Location": "https://chrissprim.table.cosmos.azure.com/testtable93bxlvf9(PartitionKey=\u0027somPartition\u0027,RowKey=\u002708\u0027)",
        "Server": "Microsoft-HTTPAPI/2.0",
        "Transfer-Encoding": "chunked",
        "x-ms-request-id": "17c9f5f9-4740-4f06-6835-de2e8b97a7a0"
      },
      "ResponseBody": {
        "odata.metadata": "https://chrissprim.table.cosmos.azure.com/testtable93bxlvf9/$metadata#testtable93bxlvf9/@Element",
        "odata.etag": "W/\u0022datetime\u00272020-07-17T19%3A34%3A41.1531272Z\u0027\u0022",
        "PartitionKey": "somPartition",
        "RowKey": "08",
        "SomeStringProperty": "This is table entity number 08",
        "SomeDateProperty@odata.type": "Edm.DateTime",
        "SomeDateProperty": "2020-01-01T01:09:00.0000000Z",
        "SomeGuidProperty@odata.type": "Edm.Guid",
        "SomeGuidProperty": "0d391d16-97f1-4b9a-be68-4cc871f90008",
        "SomeBinaryProperty@odata.type": "Edm.Binary",
        "SomeBinaryProperty": "AQIDBAU=",
        "SomeInt64Property@odata.type": "Edm.Int64",
        "SomeInt64Property": "8",
        "SomeDoubleProperty0": 8,
        "SomeDoubleProperty1": 8.1,
        "SomeIntProperty": 8,
        "Timestamp@odata.type": "Edm.DateTime",
        "Timestamp": "2020-07-17T19:34:41.1531272Z"
      }
    },
    {
      "RequestUri": "https://chrissprim.table.cosmos.azure.com/testtable93bxlvf9?$format=application%2Fjson%3Bodata%3Dfullmetadata",
      "RequestMethod": "POST",
      "RequestHeaders": {
        "Accept": "application/json",
        "Authorization": "Sanitized",
        "Content-Length": "614",
        "Content-Type": "application/json; odata=nometadata",
        "DataServiceVersion": "3.0",
        "traceparent": "00-bd5e724bd708844d9b108dd4c50e141b-ecdd8a3f36a5284f-00",
        "User-Agent": [
          "azsdk-net-Data.Tables/1.0.0-dev.20200717.1",
          "(.NET Core 4.6.29017.01; Microsoft Windows 10.0.18363 )"
        ],
        "x-ms-client-request-id": "aaf0215643a68dbe5b18e4d24cf2bb4d",
        "x-ms-date": "Fri, 17 Jul 2020 19:34:41 GMT",
        "x-ms-return-client-request-id": "true",
        "x-ms-version": "2019-02-02"
      },
      "RequestBody": {
        "PartitionKey": "somPartition",
        "RowKey": "09",
        "SomeStringProperty": "This is table entity number 09",
        "SomeDateProperty": "2020-01-01T01:10:00.0000000Z",
        "SomeDateProperty@odata.type": "Edm.DateTime",
        "SomeGuidProperty": "0d391d16-97f1-4b9a-be68-4cc871f90009",
        "SomeGuidProperty@odata.type": "Edm.Guid",
        "SomeBinaryProperty": "AQIDBAU=",
        "SomeBinaryProperty@odata.type": "Edm.Binary",
        "SomeInt64Property": "9",
        "SomeInt64Property@odata.type": "Edm.Int64",
        "SomeDoubleProperty0": 9,
        "SomeDoubleProperty0@odata.type": "Edm.Double",
        "SomeDoubleProperty1": 9.0999999999999996,
        "SomeDoubleProperty1@odata.type": "Edm.Double",
        "SomeIntProperty": 9
      },
      "StatusCode": 201,
      "ResponseHeaders": {
        "Content-Type": "application/json",
        "Date": "Fri, 17 Jul 2020 19:34:40 GMT",
        "ETag": "W/\u0022datetime\u00272020-07-17T19%3A34%3A41.2277768Z\u0027\u0022",
        "Location": "https://chrissprim.table.cosmos.azure.com/testtable93bxlvf9(PartitionKey=\u0027somPartition\u0027,RowKey=\u002709\u0027)",
        "Server": "Microsoft-HTTPAPI/2.0",
        "Transfer-Encoding": "chunked",
        "x-ms-request-id": "aaf02156-43a6-8dbe-5b18-e4d24cf2bb4d"
      },
      "ResponseBody": {
        "odata.metadata": "https://chrissprim.table.cosmos.azure.com/testtable93bxlvf9/$metadata#testtable93bxlvf9/@Element",
        "odata.etag": "W/\u0022datetime\u00272020-07-17T19%3A34%3A41.2277768Z\u0027\u0022",
        "PartitionKey": "somPartition",
        "RowKey": "09",
        "SomeStringProperty": "This is table entity number 09",
        "SomeDateProperty@odata.type": "Edm.DateTime",
        "SomeDateProperty": "2020-01-01T01:10:00.0000000Z",
        "SomeGuidProperty@odata.type": "Edm.Guid",
        "SomeGuidProperty": "0d391d16-97f1-4b9a-be68-4cc871f90009",
        "SomeBinaryProperty@odata.type": "Edm.Binary",
        "SomeBinaryProperty": "AQIDBAU=",
        "SomeInt64Property@odata.type": "Edm.Int64",
        "SomeInt64Property": "9",
        "SomeDoubleProperty0": 9,
        "SomeDoubleProperty1": 9.1,
        "SomeIntProperty": 9,
        "Timestamp@odata.type": "Edm.DateTime",
        "Timestamp": "2020-07-17T19:34:41.2277768Z"
      }
    },
    {
      "RequestUri": "https://chrissprim.table.cosmos.azure.com/testtable93bxlvf9?$format=application%2Fjson%3Bodata%3Dfullmetadata",
      "RequestMethod": "POST",
      "RequestHeaders": {
        "Accept": "application/json",
        "Authorization": "Sanitized",
        "Content-Length": "603",
        "Content-Type": "application/json; odata=nometadata",
        "DataServiceVersion": "3.0",
        "traceparent": "00-a3f56c0a0195e04b9f30de8476af8c40-1e96fd4c5e3ff54a-00",
        "User-Agent": [
          "azsdk-net-Data.Tables/1.0.0-dev.20200717.1",
          "(.NET Core 4.6.29017.01; Microsoft Windows 10.0.18363 )"
        ],
        "x-ms-client-request-id": "dfd1dcca73d6e5e698c0f65e3441e353",
        "x-ms-date": "Fri, 17 Jul 2020 19:34:41 GMT",
        "x-ms-return-client-request-id": "true",
        "x-ms-version": "2019-02-02"
      },
      "RequestBody": {
        "PartitionKey": "somPartition",
        "RowKey": "10",
        "SomeStringProperty": "This is table entity number 10",
        "SomeDateProperty": "2020-01-01T01:11:00.0000000Z",
        "SomeDateProperty@odata.type": "Edm.DateTime",
        "SomeGuidProperty": "0d391d16-97f1-4b9a-be68-4cc871f90010",
        "SomeGuidProperty@odata.type": "Edm.Guid",
        "SomeBinaryProperty": "AQIDBAU=",
        "SomeBinaryProperty@odata.type": "Edm.Binary",
        "SomeInt64Property": "10",
        "SomeInt64Property@odata.type": "Edm.Int64",
        "SomeDoubleProperty0": 10,
        "SomeDoubleProperty0@odata.type": "Edm.Double",
        "SomeDoubleProperty1": 10.1,
        "SomeDoubleProperty1@odata.type": "Edm.Double",
        "SomeIntProperty": 10
      },
      "StatusCode": 201,
      "ResponseHeaders": {
        "Content-Type": "application/json",
        "Date": "Fri, 17 Jul 2020 19:34:40 GMT",
        "ETag": "W/\u0022datetime\u00272020-07-17T19%3A34%3A41.3021192Z\u0027\u0022",
        "Location": "https://chrissprim.table.cosmos.azure.com/testtable93bxlvf9(PartitionKey=\u0027somPartition\u0027,RowKey=\u002710\u0027)",
        "Server": "Microsoft-HTTPAPI/2.0",
        "Transfer-Encoding": "chunked",
        "x-ms-request-id": "dfd1dcca-73d6-e5e6-98c0-f65e3441e353"
      },
      "ResponseBody": {
        "odata.metadata": "https://chrissprim.table.cosmos.azure.com/testtable93bxlvf9/$metadata#testtable93bxlvf9/@Element",
        "odata.etag": "W/\u0022datetime\u00272020-07-17T19%3A34%3A41.3021192Z\u0027\u0022",
        "PartitionKey": "somPartition",
        "RowKey": "10",
        "SomeStringProperty": "This is table entity number 10",
        "SomeDateProperty@odata.type": "Edm.DateTime",
        "SomeDateProperty": "2020-01-01T01:11:00.0000000Z",
        "SomeGuidProperty@odata.type": "Edm.Guid",
        "SomeGuidProperty": "0d391d16-97f1-4b9a-be68-4cc871f90010",
        "SomeBinaryProperty@odata.type": "Edm.Binary",
        "SomeBinaryProperty": "AQIDBAU=",
        "SomeInt64Property@odata.type": "Edm.Int64",
        "SomeInt64Property": "10",
        "SomeDoubleProperty0": 10,
        "SomeDoubleProperty1": 10.1,
        "SomeIntProperty": 10,
        "Timestamp@odata.type": "Edm.DateTime",
        "Timestamp": "2020-07-17T19:34:41.3021192Z"
      }
    },
    {
      "RequestUri": "https://chrissprim.table.cosmos.azure.com/testtable93bxlvf9?$format=application%2Fjson%3Bodata%3Dfullmetadata",
      "RequestMethod": "POST",
      "RequestHeaders": {
        "Accept": "application/json",
        "Authorization": "Sanitized",
        "Content-Length": "603",
        "Content-Type": "application/json; odata=nometadata",
        "DataServiceVersion": "3.0",
        "traceparent": "00-3715552f29cf6a418397305530866ad0-f7d8da78bdbbf142-00",
        "User-Agent": [
          "azsdk-net-Data.Tables/1.0.0-dev.20200717.1",
          "(.NET Core 4.6.29017.01; Microsoft Windows 10.0.18363 )"
        ],
        "x-ms-client-request-id": "650e68917c20b5c5373bbb2863340376",
        "x-ms-date": "Fri, 17 Jul 2020 19:34:41 GMT",
        "x-ms-return-client-request-id": "true",
        "x-ms-version": "2019-02-02"
      },
      "RequestBody": {
        "PartitionKey": "somPartition",
        "RowKey": "11",
        "SomeStringProperty": "This is table entity number 11",
        "SomeDateProperty": "2020-01-01T01:12:00.0000000Z",
        "SomeDateProperty@odata.type": "Edm.DateTime",
        "SomeGuidProperty": "0d391d16-97f1-4b9a-be68-4cc871f90011",
        "SomeGuidProperty@odata.type": "Edm.Guid",
        "SomeBinaryProperty": "AQIDBAU=",
        "SomeBinaryProperty@odata.type": "Edm.Binary",
        "SomeInt64Property": "11",
        "SomeInt64Property@odata.type": "Edm.Int64",
        "SomeDoubleProperty0": 11,
        "SomeDoubleProperty0@odata.type": "Edm.Double",
        "SomeDoubleProperty1": 11.1,
        "SomeDoubleProperty1@odata.type": "Edm.Double",
        "SomeIntProperty": 11
      },
      "StatusCode": 201,
      "ResponseHeaders": {
        "Content-Type": "application/json",
        "Date": "Fri, 17 Jul 2020 19:34:40 GMT",
        "ETag": "W/\u0022datetime\u00272020-07-17T19%3A34%3A41.3759496Z\u0027\u0022",
        "Location": "https://chrissprim.table.cosmos.azure.com/testtable93bxlvf9(PartitionKey=\u0027somPartition\u0027,RowKey=\u002711\u0027)",
        "Server": "Microsoft-HTTPAPI/2.0",
        "Transfer-Encoding": "chunked",
        "x-ms-request-id": "650e6891-7c20-b5c5-373b-bb2863340376"
      },
      "ResponseBody": {
        "odata.metadata": "https://chrissprim.table.cosmos.azure.com/testtable93bxlvf9/$metadata#testtable93bxlvf9/@Element",
        "odata.etag": "W/\u0022datetime\u00272020-07-17T19%3A34%3A41.3759496Z\u0027\u0022",
        "PartitionKey": "somPartition",
        "RowKey": "11",
        "SomeStringProperty": "This is table entity number 11",
        "SomeDateProperty@odata.type": "Edm.DateTime",
        "SomeDateProperty": "2020-01-01T01:12:00.0000000Z",
        "SomeGuidProperty@odata.type": "Edm.Guid",
        "SomeGuidProperty": "0d391d16-97f1-4b9a-be68-4cc871f90011",
        "SomeBinaryProperty@odata.type": "Edm.Binary",
        "SomeBinaryProperty": "AQIDBAU=",
        "SomeInt64Property@odata.type": "Edm.Int64",
        "SomeInt64Property": "11",
        "SomeDoubleProperty0": 11,
        "SomeDoubleProperty1": 11.1,
        "SomeIntProperty": 11,
        "Timestamp@odata.type": "Edm.DateTime",
        "Timestamp": "2020-07-17T19:34:41.3759496Z"
      }
    },
    {
      "RequestUri": "https://chrissprim.table.cosmos.azure.com/testtable93bxlvf9?$format=application%2Fjson%3Bodata%3Dfullmetadata",
      "RequestMethod": "POST",
      "RequestHeaders": {
        "Accept": "application/json",
        "Authorization": "Sanitized",
        "Content-Length": "603",
        "Content-Type": "application/json; odata=nometadata",
        "DataServiceVersion": "3.0",
        "traceparent": "00-2f3168ffd0157b498bb9409b55464473-13955b39beac6f43-00",
        "User-Agent": [
          "azsdk-net-Data.Tables/1.0.0-dev.20200717.1",
          "(.NET Core 4.6.29017.01; Microsoft Windows 10.0.18363 )"
        ],
        "x-ms-client-request-id": "ae63907ac8c5e2c93b0a11e54d60581a",
        "x-ms-date": "Fri, 17 Jul 2020 19:34:41 GMT",
        "x-ms-return-client-request-id": "true",
        "x-ms-version": "2019-02-02"
      },
      "RequestBody": {
        "PartitionKey": "somPartition",
        "RowKey": "12",
        "SomeStringProperty": "This is table entity number 12",
        "SomeDateProperty": "2020-01-01T01:13:00.0000000Z",
        "SomeDateProperty@odata.type": "Edm.DateTime",
        "SomeGuidProperty": "0d391d16-97f1-4b9a-be68-4cc871f90012",
        "SomeGuidProperty@odata.type": "Edm.Guid",
        "SomeBinaryProperty": "AQIDBAU=",
        "SomeBinaryProperty@odata.type": "Edm.Binary",
        "SomeInt64Property": "12",
        "SomeInt64Property@odata.type": "Edm.Int64",
        "SomeDoubleProperty0": 12,
        "SomeDoubleProperty0@odata.type": "Edm.Double",
        "SomeDoubleProperty1": 12.1,
        "SomeDoubleProperty1@odata.type": "Edm.Double",
        "SomeIntProperty": 12
      },
      "StatusCode": 201,
      "ResponseHeaders": {
        "Content-Type": "application/json",
        "Date": "Fri, 17 Jul 2020 19:34:40 GMT",
        "ETag": "W/\u0022datetime\u00272020-07-17T19%3A34%3A41.4570504Z\u0027\u0022",
        "Location": "https://chrissprim.table.cosmos.azure.com/testtable93bxlvf9(PartitionKey=\u0027somPartition\u0027,RowKey=\u002712\u0027)",
        "Server": "Microsoft-HTTPAPI/2.0",
        "Transfer-Encoding": "chunked",
        "x-ms-request-id": "ae63907a-c8c5-e2c9-3b0a-11e54d60581a"
      },
      "ResponseBody": {
        "odata.metadata": "https://chrissprim.table.cosmos.azure.com/testtable93bxlvf9/$metadata#testtable93bxlvf9/@Element",
        "odata.etag": "W/\u0022datetime\u00272020-07-17T19%3A34%3A41.4570504Z\u0027\u0022",
        "PartitionKey": "somPartition",
        "RowKey": "12",
        "SomeStringProperty": "This is table entity number 12",
        "SomeDateProperty@odata.type": "Edm.DateTime",
        "SomeDateProperty": "2020-01-01T01:13:00.0000000Z",
        "SomeGuidProperty@odata.type": "Edm.Guid",
        "SomeGuidProperty": "0d391d16-97f1-4b9a-be68-4cc871f90012",
        "SomeBinaryProperty@odata.type": "Edm.Binary",
        "SomeBinaryProperty": "AQIDBAU=",
        "SomeInt64Property@odata.type": "Edm.Int64",
        "SomeInt64Property": "12",
        "SomeDoubleProperty0": 12,
        "SomeDoubleProperty1": 12.1,
        "SomeIntProperty": 12,
        "Timestamp@odata.type": "Edm.DateTime",
        "Timestamp": "2020-07-17T19:34:41.4570504Z"
      }
    },
    {
      "RequestUri": "https://chrissprim.table.cosmos.azure.com/testtable93bxlvf9?$format=application%2Fjson%3Bodata%3Dfullmetadata",
      "RequestMethod": "POST",
      "RequestHeaders": {
        "Accept": "application/json",
        "Authorization": "Sanitized",
        "Content-Length": "603",
        "Content-Type": "application/json; odata=nometadata",
        "DataServiceVersion": "3.0",
        "traceparent": "00-9846719944d4e448a4da0208864fabe1-ac877abac8a45943-00",
        "User-Agent": [
          "azsdk-net-Data.Tables/1.0.0-dev.20200717.1",
          "(.NET Core 4.6.29017.01; Microsoft Windows 10.0.18363 )"
        ],
        "x-ms-client-request-id": "e340913456e34d2c171ca89bb8bd8264",
        "x-ms-date": "Fri, 17 Jul 2020 19:34:41 GMT",
        "x-ms-return-client-request-id": "true",
        "x-ms-version": "2019-02-02"
      },
      "RequestBody": {
        "PartitionKey": "somPartition",
        "RowKey": "13",
        "SomeStringProperty": "This is table entity number 13",
        "SomeDateProperty": "2020-01-01T01:14:00.0000000Z",
        "SomeDateProperty@odata.type": "Edm.DateTime",
        "SomeGuidProperty": "0d391d16-97f1-4b9a-be68-4cc871f90013",
        "SomeGuidProperty@odata.type": "Edm.Guid",
        "SomeBinaryProperty": "AQIDBAU=",
        "SomeBinaryProperty@odata.type": "Edm.Binary",
        "SomeInt64Property": "13",
        "SomeInt64Property@odata.type": "Edm.Int64",
        "SomeDoubleProperty0": 13,
        "SomeDoubleProperty0@odata.type": "Edm.Double",
        "SomeDoubleProperty1": 13.1,
        "SomeDoubleProperty1@odata.type": "Edm.Double",
        "SomeIntProperty": 13
      },
      "StatusCode": 201,
      "ResponseHeaders": {
        "Content-Type": "application/json",
        "Date": "Fri, 17 Jul 2020 19:34:41 GMT",
        "ETag": "W/\u0022datetime\u00272020-07-17T19%3A34%3A41.5415304Z\u0027\u0022",
        "Location": "https://chrissprim.table.cosmos.azure.com/testtable93bxlvf9(PartitionKey=\u0027somPartition\u0027,RowKey=\u002713\u0027)",
        "Server": "Microsoft-HTTPAPI/2.0",
        "Transfer-Encoding": "chunked",
        "x-ms-request-id": "e3409134-56e3-4d2c-171c-a89bb8bd8264"
      },
      "ResponseBody": {
        "odata.metadata": "https://chrissprim.table.cosmos.azure.com/testtable93bxlvf9/$metadata#testtable93bxlvf9/@Element",
        "odata.etag": "W/\u0022datetime\u00272020-07-17T19%3A34%3A41.5415304Z\u0027\u0022",
        "PartitionKey": "somPartition",
        "RowKey": "13",
        "SomeStringProperty": "This is table entity number 13",
        "SomeDateProperty@odata.type": "Edm.DateTime",
        "SomeDateProperty": "2020-01-01T01:14:00.0000000Z",
        "SomeGuidProperty@odata.type": "Edm.Guid",
        "SomeGuidProperty": "0d391d16-97f1-4b9a-be68-4cc871f90013",
        "SomeBinaryProperty@odata.type": "Edm.Binary",
        "SomeBinaryProperty": "AQIDBAU=",
        "SomeInt64Property@odata.type": "Edm.Int64",
        "SomeInt64Property": "13",
        "SomeDoubleProperty0": 13,
        "SomeDoubleProperty1": 13.1,
        "SomeIntProperty": 13,
        "Timestamp@odata.type": "Edm.DateTime",
        "Timestamp": "2020-07-17T19:34:41.5415304Z"
      }
    },
    {
      "RequestUri": "https://chrissprim.table.cosmos.azure.com/testtable93bxlvf9?$format=application%2Fjson%3Bodata%3Dfullmetadata",
      "RequestMethod": "POST",
      "RequestHeaders": {
        "Accept": "application/json",
        "Authorization": "Sanitized",
        "Content-Length": "603",
        "Content-Type": "application/json; odata=nometadata",
        "DataServiceVersion": "3.0",
        "traceparent": "00-701f3bb4ddfd8d44b5efc08c9eb92687-95e229d5796c9b40-00",
        "User-Agent": [
          "azsdk-net-Data.Tables/1.0.0-dev.20200717.1",
          "(.NET Core 4.6.29017.01; Microsoft Windows 10.0.18363 )"
        ],
        "x-ms-client-request-id": "a4e480bc34ddc98e9f2b2a156adf68d6",
        "x-ms-date": "Fri, 17 Jul 2020 19:34:41 GMT",
        "x-ms-return-client-request-id": "true",
        "x-ms-version": "2019-02-02"
      },
      "RequestBody": {
        "PartitionKey": "somPartition",
        "RowKey": "14",
        "SomeStringProperty": "This is table entity number 14",
        "SomeDateProperty": "2020-01-01T01:15:00.0000000Z",
        "SomeDateProperty@odata.type": "Edm.DateTime",
        "SomeGuidProperty": "0d391d16-97f1-4b9a-be68-4cc871f90014",
        "SomeGuidProperty@odata.type": "Edm.Guid",
        "SomeBinaryProperty": "AQIDBAU=",
        "SomeBinaryProperty@odata.type": "Edm.Binary",
        "SomeInt64Property": "14",
        "SomeInt64Property@odata.type": "Edm.Int64",
        "SomeDoubleProperty0": 14,
        "SomeDoubleProperty0@odata.type": "Edm.Double",
        "SomeDoubleProperty1": 14.1,
        "SomeDoubleProperty1@odata.type": "Edm.Double",
        "SomeIntProperty": 14
      },
      "StatusCode": 201,
      "ResponseHeaders": {
        "Content-Type": "application/json",
        "Date": "Fri, 17 Jul 2020 19:34:41 GMT",
        "ETag": "W/\u0022datetime\u00272020-07-17T19%3A34%3A41.6162824Z\u0027\u0022",
        "Location": "https://chrissprim.table.cosmos.azure.com/testtable93bxlvf9(PartitionKey=\u0027somPartition\u0027,RowKey=\u002714\u0027)",
        "Server": "Microsoft-HTTPAPI/2.0",
        "Transfer-Encoding": "chunked",
        "x-ms-request-id": "a4e480bc-34dd-c98e-9f2b-2a156adf68d6"
      },
      "ResponseBody": {
        "odata.metadata": "https://chrissprim.table.cosmos.azure.com/testtable93bxlvf9/$metadata#testtable93bxlvf9/@Element",
        "odata.etag": "W/\u0022datetime\u00272020-07-17T19%3A34%3A41.6162824Z\u0027\u0022",
        "PartitionKey": "somPartition",
        "RowKey": "14",
        "SomeStringProperty": "This is table entity number 14",
        "SomeDateProperty@odata.type": "Edm.DateTime",
        "SomeDateProperty": "2020-01-01T01:15:00.0000000Z",
        "SomeGuidProperty@odata.type": "Edm.Guid",
        "SomeGuidProperty": "0d391d16-97f1-4b9a-be68-4cc871f90014",
        "SomeBinaryProperty@odata.type": "Edm.Binary",
        "SomeBinaryProperty": "AQIDBAU=",
        "SomeInt64Property@odata.type": "Edm.Int64",
        "SomeInt64Property": "14",
        "SomeDoubleProperty0": 14,
        "SomeDoubleProperty1": 14.1,
        "SomeIntProperty": 14,
        "Timestamp@odata.type": "Edm.DateTime",
        "Timestamp": "2020-07-17T19:34:41.6162824Z"
      }
    },
    {
      "RequestUri": "https://chrissprim.table.cosmos.azure.com/testtable93bxlvf9?$format=application%2Fjson%3Bodata%3Dfullmetadata",
      "RequestMethod": "POST",
      "RequestHeaders": {
        "Accept": "application/json",
        "Authorization": "Sanitized",
        "Content-Length": "603",
        "Content-Type": "application/json; odata=nometadata",
        "DataServiceVersion": "3.0",
        "traceparent": "00-d8ff7156ecce2943998bc04d6f0e3eca-a9799c9752b5f04b-00",
        "User-Agent": [
          "azsdk-net-Data.Tables/1.0.0-dev.20200717.1",
          "(.NET Core 4.6.29017.01; Microsoft Windows 10.0.18363 )"
        ],
        "x-ms-client-request-id": "d2f3a0e220f32392631597a8202d2a7d",
        "x-ms-date": "Fri, 17 Jul 2020 19:34:42 GMT",
        "x-ms-return-client-request-id": "true",
        "x-ms-version": "2019-02-02"
      },
      "RequestBody": {
        "PartitionKey": "somPartition",
        "RowKey": "15",
        "SomeStringProperty": "This is table entity number 15",
        "SomeDateProperty": "2020-01-01T01:16:00.0000000Z",
        "SomeDateProperty@odata.type": "Edm.DateTime",
        "SomeGuidProperty": "0d391d16-97f1-4b9a-be68-4cc871f90015",
        "SomeGuidProperty@odata.type": "Edm.Guid",
        "SomeBinaryProperty": "AQIDBAU=",
        "SomeBinaryProperty@odata.type": "Edm.Binary",
        "SomeInt64Property": "15",
        "SomeInt64Property@odata.type": "Edm.Int64",
        "SomeDoubleProperty0": 15,
        "SomeDoubleProperty0@odata.type": "Edm.Double",
        "SomeDoubleProperty1": 15.1,
        "SomeDoubleProperty1@odata.type": "Edm.Double",
        "SomeIntProperty": 15
      },
      "StatusCode": 201,
      "ResponseHeaders": {
        "Content-Type": "application/json",
        "Date": "Fri, 17 Jul 2020 19:34:41 GMT",
        "ETag": "W/\u0022datetime\u00272020-07-17T19%3A34%3A41.7000456Z\u0027\u0022",
        "Location": "https://chrissprim.table.cosmos.azure.com/testtable93bxlvf9(PartitionKey=\u0027somPartition\u0027,RowKey=\u002715\u0027)",
        "Server": "Microsoft-HTTPAPI/2.0",
        "Transfer-Encoding": "chunked",
        "x-ms-request-id": "d2f3a0e2-20f3-2392-6315-97a8202d2a7d"
      },
      "ResponseBody": {
        "odata.metadata": "https://chrissprim.table.cosmos.azure.com/testtable93bxlvf9/$metadata#testtable93bxlvf9/@Element",
        "odata.etag": "W/\u0022datetime\u00272020-07-17T19%3A34%3A41.7000456Z\u0027\u0022",
        "PartitionKey": "somPartition",
        "RowKey": "15",
        "SomeStringProperty": "This is table entity number 15",
        "SomeDateProperty@odata.type": "Edm.DateTime",
        "SomeDateProperty": "2020-01-01T01:16:00.0000000Z",
        "SomeGuidProperty@odata.type": "Edm.Guid",
        "SomeGuidProperty": "0d391d16-97f1-4b9a-be68-4cc871f90015",
        "SomeBinaryProperty@odata.type": "Edm.Binary",
        "SomeBinaryProperty": "AQIDBAU=",
        "SomeInt64Property@odata.type": "Edm.Int64",
        "SomeInt64Property": "15",
        "SomeDoubleProperty0": 15,
        "SomeDoubleProperty1": 15.1,
        "SomeIntProperty": 15,
        "Timestamp@odata.type": "Edm.DateTime",
        "Timestamp": "2020-07-17T19:34:41.7000456Z"
      }
    },
    {
      "RequestUri": "https://chrissprim.table.cosmos.azure.com/testtable93bxlvf9?$format=application%2Fjson%3Bodata%3Dfullmetadata",
      "RequestMethod": "POST",
      "RequestHeaders": {
        "Accept": "application/json",
        "Authorization": "Sanitized",
        "Content-Length": "617",
        "Content-Type": "application/json; odata=nometadata",
        "DataServiceVersion": "3.0",
        "traceparent": "00-e51e52e44d026b47ab735e1054338122-8c6b41702149fb4c-00",
        "User-Agent": [
          "azsdk-net-Data.Tables/1.0.0-dev.20200717.1",
          "(.NET Core 4.6.29017.01; Microsoft Windows 10.0.18363 )"
        ],
        "x-ms-client-request-id": "cc28ad88b47c003d027744b82b17e337",
        "x-ms-date": "Fri, 17 Jul 2020 19:34:42 GMT",
        "x-ms-return-client-request-id": "true",
        "x-ms-version": "2019-02-02"
      },
      "RequestBody": {
        "PartitionKey": "somPartition",
        "RowKey": "16",
        "SomeStringProperty": "This is table entity number 16",
        "SomeDateProperty": "2020-01-01T01:17:00.0000000Z",
        "SomeDateProperty@odata.type": "Edm.DateTime",
        "SomeGuidProperty": "0d391d16-97f1-4b9a-be68-4cc871f90016",
        "SomeGuidProperty@odata.type": "Edm.Guid",
        "SomeBinaryProperty": "AQIDBAU=",
        "SomeBinaryProperty@odata.type": "Edm.Binary",
        "SomeInt64Property": "16",
        "SomeInt64Property@odata.type": "Edm.Int64",
        "SomeDoubleProperty0": 16,
        "SomeDoubleProperty0@odata.type": "Edm.Double",
        "SomeDoubleProperty1": 16.100000000000001,
        "SomeDoubleProperty1@odata.type": "Edm.Double",
        "SomeIntProperty": 16
      },
      "StatusCode": 201,
      "ResponseHeaders": {
        "Content-Type": "application/json",
        "Date": "Fri, 17 Jul 2020 19:34:41 GMT",
        "ETag": "W/\u0022datetime\u00272020-07-17T19%3A34%3A41.7732616Z\u0027\u0022",
        "Location": "https://chrissprim.table.cosmos.azure.com/testtable93bxlvf9(PartitionKey=\u0027somPartition\u0027,RowKey=\u002716\u0027)",
        "Server": "Microsoft-HTTPAPI/2.0",
        "Transfer-Encoding": "chunked",
        "x-ms-request-id": "cc28ad88-b47c-003d-0277-44b82b17e337"
      },
      "ResponseBody": {
        "odata.metadata": "https://chrissprim.table.cosmos.azure.com/testtable93bxlvf9/$metadata#testtable93bxlvf9/@Element",
        "odata.etag": "W/\u0022datetime\u00272020-07-17T19%3A34%3A41.7732616Z\u0027\u0022",
        "PartitionKey": "somPartition",
        "RowKey": "16",
        "SomeStringProperty": "This is table entity number 16",
        "SomeDateProperty@odata.type": "Edm.DateTime",
        "SomeDateProperty": "2020-01-01T01:17:00.0000000Z",
        "SomeGuidProperty@odata.type": "Edm.Guid",
        "SomeGuidProperty": "0d391d16-97f1-4b9a-be68-4cc871f90016",
        "SomeBinaryProperty@odata.type": "Edm.Binary",
        "SomeBinaryProperty": "AQIDBAU=",
        "SomeInt64Property@odata.type": "Edm.Int64",
        "SomeInt64Property": "16",
        "SomeDoubleProperty0": 16,
        "SomeDoubleProperty1": 16.1,
        "SomeIntProperty": 16,
        "Timestamp@odata.type": "Edm.DateTime",
        "Timestamp": "2020-07-17T19:34:41.7732616Z"
      }
    },
    {
      "RequestUri": "https://chrissprim.table.cosmos.azure.com/testtable93bxlvf9?$format=application%2Fjson%3Bodata%3Dfullmetadata",
      "RequestMethod": "POST",
      "RequestHeaders": {
        "Accept": "application/json",
        "Authorization": "Sanitized",
        "Content-Length": "617",
        "Content-Type": "application/json; odata=nometadata",
        "DataServiceVersion": "3.0",
        "traceparent": "00-27a78965ac8f8e469aad7d034708a2da-2f150ef670685e41-00",
        "User-Agent": [
          "azsdk-net-Data.Tables/1.0.0-dev.20200717.1",
          "(.NET Core 4.6.29017.01; Microsoft Windows 10.0.18363 )"
        ],
        "x-ms-client-request-id": "17b8d1b4afca9c71eec040c79ce5a971",
        "x-ms-date": "Fri, 17 Jul 2020 19:34:42 GMT",
        "x-ms-return-client-request-id": "true",
        "x-ms-version": "2019-02-02"
      },
      "RequestBody": {
        "PartitionKey": "somPartition",
        "RowKey": "17",
        "SomeStringProperty": "This is table entity number 17",
        "SomeDateProperty": "2020-01-01T01:18:00.0000000Z",
        "SomeDateProperty@odata.type": "Edm.DateTime",
        "SomeGuidProperty": "0d391d16-97f1-4b9a-be68-4cc871f90017",
        "SomeGuidProperty@odata.type": "Edm.Guid",
        "SomeBinaryProperty": "AQIDBAU=",
        "SomeBinaryProperty@odata.type": "Edm.Binary",
        "SomeInt64Property": "17",
        "SomeInt64Property@odata.type": "Edm.Int64",
        "SomeDoubleProperty0": 17,
        "SomeDoubleProperty0@odata.type": "Edm.Double",
        "SomeDoubleProperty1": 17.100000000000001,
        "SomeDoubleProperty1@odata.type": "Edm.Double",
        "SomeIntProperty": 17
      },
      "StatusCode": 201,
      "ResponseHeaders": {
        "Content-Type": "application/json",
        "Date": "Fri, 17 Jul 2020 19:34:41 GMT",
        "ETag": "W/\u0022datetime\u00272020-07-17T19%3A34%3A41.8482184Z\u0027\u0022",
        "Location": "https://chrissprim.table.cosmos.azure.com/testtable93bxlvf9(PartitionKey=\u0027somPartition\u0027,RowKey=\u002717\u0027)",
        "Server": "Microsoft-HTTPAPI/2.0",
        "Transfer-Encoding": "chunked",
        "x-ms-request-id": "17b8d1b4-afca-9c71-eec0-40c79ce5a971"
      },
      "ResponseBody": {
        "odata.metadata": "https://chrissprim.table.cosmos.azure.com/testtable93bxlvf9/$metadata#testtable93bxlvf9/@Element",
        "odata.etag": "W/\u0022datetime\u00272020-07-17T19%3A34%3A41.8482184Z\u0027\u0022",
        "PartitionKey": "somPartition",
        "RowKey": "17",
        "SomeStringProperty": "This is table entity number 17",
        "SomeDateProperty@odata.type": "Edm.DateTime",
        "SomeDateProperty": "2020-01-01T01:18:00.0000000Z",
        "SomeGuidProperty@odata.type": "Edm.Guid",
        "SomeGuidProperty": "0d391d16-97f1-4b9a-be68-4cc871f90017",
        "SomeBinaryProperty@odata.type": "Edm.Binary",
        "SomeBinaryProperty": "AQIDBAU=",
        "SomeInt64Property@odata.type": "Edm.Int64",
        "SomeInt64Property": "17",
        "SomeDoubleProperty0": 17,
        "SomeDoubleProperty1": 17.1,
        "SomeIntProperty": 17,
        "Timestamp@odata.type": "Edm.DateTime",
        "Timestamp": "2020-07-17T19:34:41.8482184Z"
      }
    },
    {
      "RequestUri": "https://chrissprim.table.cosmos.azure.com/testtable93bxlvf9?$format=application%2Fjson%3Bodata%3Dfullmetadata",
      "RequestMethod": "POST",
      "RequestHeaders": {
        "Accept": "application/json",
        "Authorization": "Sanitized",
        "Content-Length": "617",
        "Content-Type": "application/json; odata=nometadata",
        "DataServiceVersion": "3.0",
        "traceparent": "00-e6088f43513b4d4f9cb617e096f95ab8-d5fe1b3586a9944e-00",
        "User-Agent": [
          "azsdk-net-Data.Tables/1.0.0-dev.20200717.1",
          "(.NET Core 4.6.29017.01; Microsoft Windows 10.0.18363 )"
        ],
        "x-ms-client-request-id": "bd8cac019bb72e5a63f2cf7bdcdaf84c",
        "x-ms-date": "Fri, 17 Jul 2020 19:34:42 GMT",
        "x-ms-return-client-request-id": "true",
        "x-ms-version": "2019-02-02"
      },
      "RequestBody": {
        "PartitionKey": "somPartition",
        "RowKey": "18",
        "SomeStringProperty": "This is table entity number 18",
        "SomeDateProperty": "2020-01-01T01:19:00.0000000Z",
        "SomeDateProperty@odata.type": "Edm.DateTime",
        "SomeGuidProperty": "0d391d16-97f1-4b9a-be68-4cc871f90018",
        "SomeGuidProperty@odata.type": "Edm.Guid",
        "SomeBinaryProperty": "AQIDBAU=",
        "SomeBinaryProperty@odata.type": "Edm.Binary",
        "SomeInt64Property": "18",
        "SomeInt64Property@odata.type": "Edm.Int64",
        "SomeDoubleProperty0": 18,
        "SomeDoubleProperty0@odata.type": "Edm.Double",
        "SomeDoubleProperty1": 18.100000000000001,
        "SomeDoubleProperty1@odata.type": "Edm.Double",
        "SomeIntProperty": 18
      },
      "StatusCode": 201,
      "ResponseHeaders": {
        "Content-Type": "application/json",
        "Date": "Fri, 17 Jul 2020 19:34:41 GMT",
        "ETag": "W/\u0022datetime\u00272020-07-17T19%3A34%3A41.9232776Z\u0027\u0022",
        "Location": "https://chrissprim.table.cosmos.azure.com/testtable93bxlvf9(PartitionKey=\u0027somPartition\u0027,RowKey=\u002718\u0027)",
        "Server": "Microsoft-HTTPAPI/2.0",
        "Transfer-Encoding": "chunked",
        "x-ms-request-id": "bd8cac01-9bb7-2e5a-63f2-cf7bdcdaf84c"
      },
      "ResponseBody": {
        "odata.metadata": "https://chrissprim.table.cosmos.azure.com/testtable93bxlvf9/$metadata#testtable93bxlvf9/@Element",
        "odata.etag": "W/\u0022datetime\u00272020-07-17T19%3A34%3A41.9232776Z\u0027\u0022",
        "PartitionKey": "somPartition",
        "RowKey": "18",
        "SomeStringProperty": "This is table entity number 18",
        "SomeDateProperty@odata.type": "Edm.DateTime",
        "SomeDateProperty": "2020-01-01T01:19:00.0000000Z",
        "SomeGuidProperty@odata.type": "Edm.Guid",
        "SomeGuidProperty": "0d391d16-97f1-4b9a-be68-4cc871f90018",
        "SomeBinaryProperty@odata.type": "Edm.Binary",
        "SomeBinaryProperty": "AQIDBAU=",
        "SomeInt64Property@odata.type": "Edm.Int64",
        "SomeInt64Property": "18",
        "SomeDoubleProperty0": 18,
        "SomeDoubleProperty1": 18.1,
        "SomeIntProperty": 18,
        "Timestamp@odata.type": "Edm.DateTime",
        "Timestamp": "2020-07-17T19:34:41.9232776Z"
      }
    },
    {
      "RequestUri": "https://chrissprim.table.cosmos.azure.com/testtable93bxlvf9?$format=application%2Fjson%3Bodata%3Dfullmetadata",
      "RequestMethod": "POST",
      "RequestHeaders": {
        "Accept": "application/json",
        "Authorization": "Sanitized",
        "Content-Length": "617",
        "Content-Type": "application/json; odata=nometadata",
        "DataServiceVersion": "3.0",
        "traceparent": "00-cad57829e8b301418466554b1ffe7060-ed5af182b8ca9740-00",
        "User-Agent": [
          "azsdk-net-Data.Tables/1.0.0-dev.20200717.1",
          "(.NET Core 4.6.29017.01; Microsoft Windows 10.0.18363 )"
        ],
        "x-ms-client-request-id": "4ef460321275d8b33b8cdebb7475631c",
        "x-ms-date": "Fri, 17 Jul 2020 19:34:42 GMT",
        "x-ms-return-client-request-id": "true",
        "x-ms-version": "2019-02-02"
      },
      "RequestBody": {
        "PartitionKey": "somPartition",
        "RowKey": "19",
        "SomeStringProperty": "This is table entity number 19",
        "SomeDateProperty": "2020-01-01T01:20:00.0000000Z",
        "SomeDateProperty@odata.type": "Edm.DateTime",
        "SomeGuidProperty": "0d391d16-97f1-4b9a-be68-4cc871f90019",
        "SomeGuidProperty@odata.type": "Edm.Guid",
        "SomeBinaryProperty": "AQIDBAU=",
        "SomeBinaryProperty@odata.type": "Edm.Binary",
        "SomeInt64Property": "19",
        "SomeInt64Property@odata.type": "Edm.Int64",
        "SomeDoubleProperty0": 19,
        "SomeDoubleProperty0@odata.type": "Edm.Double",
        "SomeDoubleProperty1": 19.100000000000001,
        "SomeDoubleProperty1@odata.type": "Edm.Double",
        "SomeIntProperty": 19
      },
      "StatusCode": 201,
      "ResponseHeaders": {
        "Content-Type": "application/json",
        "Date": "Fri, 17 Jul 2020 19:34:41 GMT",
        "ETag": "W/\u0022datetime\u00272020-07-17T19%3A34%3A41.9963912Z\u0027\u0022",
        "Location": "https://chrissprim.table.cosmos.azure.com/testtable93bxlvf9(PartitionKey=\u0027somPartition\u0027,RowKey=\u002719\u0027)",
        "Server": "Microsoft-HTTPAPI/2.0",
        "Transfer-Encoding": "chunked",
        "x-ms-request-id": "4ef46032-1275-d8b3-3b8c-debb7475631c"
      },
      "ResponseBody": {
        "odata.metadata": "https://chrissprim.table.cosmos.azure.com/testtable93bxlvf9/$metadata#testtable93bxlvf9/@Element",
        "odata.etag": "W/\u0022datetime\u00272020-07-17T19%3A34%3A41.9963912Z\u0027\u0022",
        "PartitionKey": "somPartition",
        "RowKey": "19",
        "SomeStringProperty": "This is table entity number 19",
        "SomeDateProperty@odata.type": "Edm.DateTime",
        "SomeDateProperty": "2020-01-01T01:20:00.0000000Z",
        "SomeGuidProperty@odata.type": "Edm.Guid",
        "SomeGuidProperty": "0d391d16-97f1-4b9a-be68-4cc871f90019",
        "SomeBinaryProperty@odata.type": "Edm.Binary",
        "SomeBinaryProperty": "AQIDBAU=",
        "SomeInt64Property@odata.type": "Edm.Int64",
        "SomeInt64Property": "19",
        "SomeDoubleProperty0": 19,
        "SomeDoubleProperty1": 19.1,
        "SomeIntProperty": 19,
        "Timestamp@odata.type": "Edm.DateTime",
        "Timestamp": "2020-07-17T19:34:41.9963912Z"
      }
    },
    {
      "RequestUri": "https://chrissprim.table.cosmos.azure.com/testtable93bxlvf9?$format=application%2Fjson%3Bodata%3Dfullmetadata",
      "RequestMethod": "POST",
      "RequestHeaders": {
        "Accept": "application/json",
        "Authorization": "Sanitized",
        "Content-Length": "617",
        "Content-Type": "application/json; odata=nometadata",
        "DataServiceVersion": "3.0",
        "traceparent": "00-d874e7bbe4f3f748b1af3d87536ab7a7-ea326356c121674c-00",
        "User-Agent": [
          "azsdk-net-Data.Tables/1.0.0-dev.20200717.1",
          "(.NET Core 4.6.29017.01; Microsoft Windows 10.0.18363 )"
        ],
        "x-ms-client-request-id": "7eb6d2cd268a1980768ab3d7e0f5c014",
        "x-ms-date": "Fri, 17 Jul 2020 19:34:42 GMT",
        "x-ms-return-client-request-id": "true",
        "x-ms-version": "2019-02-02"
      },
      "RequestBody": {
        "PartitionKey": "somPartition",
        "RowKey": "20",
        "SomeStringProperty": "This is table entity number 20",
        "SomeDateProperty": "2020-01-01T01:21:00.0000000Z",
        "SomeDateProperty@odata.type": "Edm.DateTime",
        "SomeGuidProperty": "0d391d16-97f1-4b9a-be68-4cc871f90020",
        "SomeGuidProperty@odata.type": "Edm.Guid",
        "SomeBinaryProperty": "AQIDBAU=",
        "SomeBinaryProperty@odata.type": "Edm.Binary",
        "SomeInt64Property": "20",
        "SomeInt64Property@odata.type": "Edm.Int64",
        "SomeDoubleProperty0": 20,
        "SomeDoubleProperty0@odata.type": "Edm.Double",
        "SomeDoubleProperty1": 20.100000000000001,
        "SomeDoubleProperty1@odata.type": "Edm.Double",
        "SomeIntProperty": 20
      },
      "StatusCode": 201,
      "ResponseHeaders": {
        "Content-Type": "application/json",
        "Date": "Fri, 17 Jul 2020 19:34:41 GMT",
        "ETag": "W/\u0022datetime\u00272020-07-17T19%3A34%3A42.0736008Z\u0027\u0022",
        "Location": "https://chrissprim.table.cosmos.azure.com/testtable93bxlvf9(PartitionKey=\u0027somPartition\u0027,RowKey=\u002720\u0027)",
        "Server": "Microsoft-HTTPAPI/2.0",
        "Transfer-Encoding": "chunked",
        "x-ms-request-id": "7eb6d2cd-268a-1980-768a-b3d7e0f5c014"
      },
      "ResponseBody": {
        "odata.metadata": "https://chrissprim.table.cosmos.azure.com/testtable93bxlvf9/$metadata#testtable93bxlvf9/@Element",
        "odata.etag": "W/\u0022datetime\u00272020-07-17T19%3A34%3A42.0736008Z\u0027\u0022",
        "PartitionKey": "somPartition",
        "RowKey": "20",
        "SomeStringProperty": "This is table entity number 20",
        "SomeDateProperty@odata.type": "Edm.DateTime",
        "SomeDateProperty": "2020-01-01T01:21:00.0000000Z",
        "SomeGuidProperty@odata.type": "Edm.Guid",
        "SomeGuidProperty": "0d391d16-97f1-4b9a-be68-4cc871f90020",
        "SomeBinaryProperty@odata.type": "Edm.Binary",
        "SomeBinaryProperty": "AQIDBAU=",
        "SomeInt64Property@odata.type": "Edm.Int64",
        "SomeInt64Property": "20",
        "SomeDoubleProperty0": 20,
        "SomeDoubleProperty1": 20.1,
        "SomeIntProperty": 20,
        "Timestamp@odata.type": "Edm.DateTime",
        "Timestamp": "2020-07-17T19:34:42.0736008Z"
      }
    },
    {
      "RequestUri": "https://chrissprim.table.cosmos.azure.com/testtable93bxlvf9()?$format=application%2Fjson%3Bodata%3Dfullmetadata\u0026$filter=PartitionKey%20eq%20%27somPartition%27%20and%20RowKey%20gt%20%2710%27",
      "RequestMethod": "GET",
      "RequestHeaders": {
        "Accept": "application/json",
        "Authorization": "Sanitized",
        "DataServiceVersion": "3.0",
        "User-Agent": [
          "azsdk-net-Data.Tables/1.0.0-dev.20200717.1",
          "(.NET Core 4.6.29017.01; Microsoft Windows 10.0.18363 )"
        ],
        "x-ms-client-request-id": "3c95f3c85af1eefcf9b4812abc9ebaed",
        "x-ms-date": "Fri, 17 Jul 2020 19:34:42 GMT",
        "x-ms-return-client-request-id": "true",
        "x-ms-version": "2019-02-02"
      },
      "RequestBody": null,
      "StatusCode": 200,
      "ResponseHeaders": {
        "Content-Type": "application/json",
        "Date": "Fri, 17 Jul 2020 19:34:41 GMT",
        "Server": "Microsoft-HTTPAPI/2.0",
        "Transfer-Encoding": "chunked",
        "x-ms-request-id": "3c95f3c8-5af1-eefc-f9b4-812abc9ebaed"
      },
      "ResponseBody": {
        "value": [
          {
            "odata.etag": "W/\u0022datetime\u00272020-07-17T19%3A34%3A41.3759496Z\u0027\u0022",
            "PartitionKey": "somPartition",
            "RowKey": "11",
            "SomeStringProperty": "This is table entity number 11",
            "SomeDateProperty@odata.type": "Edm.DateTime",
            "SomeDateProperty": "2020-01-01T01:12:00.0000000Z",
            "SomeGuidProperty@odata.type": "Edm.Guid",
            "SomeGuidProperty": "0d391d16-97f1-4b9a-be68-4cc871f90011",
            "SomeBinaryProperty@odata.type": "Edm.Binary",
            "SomeBinaryProperty": "AQIDBAU=",
            "SomeInt64Property@odata.type": "Edm.Int64",
            "SomeInt64Property": "11",
            "SomeDoubleProperty0": 11,
            "SomeDoubleProperty1": 11.1,
            "SomeIntProperty": 11,
            "Timestamp@odata.type": "Edm.DateTime",
            "Timestamp": "2020-07-17T19:34:41.3759496Z"
          },
          {
            "odata.etag": "W/\u0022datetime\u00272020-07-17T19%3A34%3A41.4570504Z\u0027\u0022",
            "PartitionKey": "somPartition",
            "RowKey": "12",
            "SomeStringProperty": "This is table entity number 12",
            "SomeDateProperty@odata.type": "Edm.DateTime",
            "SomeDateProperty": "2020-01-01T01:13:00.0000000Z",
            "SomeGuidProperty@odata.type": "Edm.Guid",
            "SomeGuidProperty": "0d391d16-97f1-4b9a-be68-4cc871f90012",
            "SomeBinaryProperty@odata.type": "Edm.Binary",
            "SomeBinaryProperty": "AQIDBAU=",
            "SomeInt64Property@odata.type": "Edm.Int64",
            "SomeInt64Property": "12",
            "SomeDoubleProperty0": 12,
            "SomeDoubleProperty1": 12.1,
            "SomeIntProperty": 12,
            "Timestamp@odata.type": "Edm.DateTime",
            "Timestamp": "2020-07-17T19:34:41.4570504Z"
          },
          {
            "odata.etag": "W/\u0022datetime\u00272020-07-17T19%3A34%3A41.5415304Z\u0027\u0022",
            "PartitionKey": "somPartition",
            "RowKey": "13",
            "SomeStringProperty": "This is table entity number 13",
            "SomeDateProperty@odata.type": "Edm.DateTime",
            "SomeDateProperty": "2020-01-01T01:14:00.0000000Z",
            "SomeGuidProperty@odata.type": "Edm.Guid",
            "SomeGuidProperty": "0d391d16-97f1-4b9a-be68-4cc871f90013",
            "SomeBinaryProperty@odata.type": "Edm.Binary",
            "SomeBinaryProperty": "AQIDBAU=",
            "SomeInt64Property@odata.type": "Edm.Int64",
            "SomeInt64Property": "13",
            "SomeDoubleProperty0": 13,
            "SomeDoubleProperty1": 13.1,
            "SomeIntProperty": 13,
            "Timestamp@odata.type": "Edm.DateTime",
            "Timestamp": "2020-07-17T19:34:41.5415304Z"
          },
          {
            "odata.etag": "W/\u0022datetime\u00272020-07-17T19%3A34%3A41.6162824Z\u0027\u0022",
            "PartitionKey": "somPartition",
            "RowKey": "14",
            "SomeStringProperty": "This is table entity number 14",
            "SomeDateProperty@odata.type": "Edm.DateTime",
            "SomeDateProperty": "2020-01-01T01:15:00.0000000Z",
            "SomeGuidProperty@odata.type": "Edm.Guid",
            "SomeGuidProperty": "0d391d16-97f1-4b9a-be68-4cc871f90014",
            "SomeBinaryProperty@odata.type": "Edm.Binary",
            "SomeBinaryProperty": "AQIDBAU=",
            "SomeInt64Property@odata.type": "Edm.Int64",
            "SomeInt64Property": "14",
            "SomeDoubleProperty0": 14,
            "SomeDoubleProperty1": 14.1,
            "SomeIntProperty": 14,
            "Timestamp@odata.type": "Edm.DateTime",
            "Timestamp": "2020-07-17T19:34:41.6162824Z"
          },
          {
            "odata.etag": "W/\u0022datetime\u00272020-07-17T19%3A34%3A41.7000456Z\u0027\u0022",
            "PartitionKey": "somPartition",
            "RowKey": "15",
            "SomeStringProperty": "This is table entity number 15",
            "SomeDateProperty@odata.type": "Edm.DateTime",
            "SomeDateProperty": "2020-01-01T01:16:00.0000000Z",
            "SomeGuidProperty@odata.type": "Edm.Guid",
            "SomeGuidProperty": "0d391d16-97f1-4b9a-be68-4cc871f90015",
            "SomeBinaryProperty@odata.type": "Edm.Binary",
            "SomeBinaryProperty": "AQIDBAU=",
            "SomeInt64Property@odata.type": "Edm.Int64",
            "SomeInt64Property": "15",
            "SomeDoubleProperty0": 15,
            "SomeDoubleProperty1": 15.1,
            "SomeIntProperty": 15,
            "Timestamp@odata.type": "Edm.DateTime",
            "Timestamp": "2020-07-17T19:34:41.7000456Z"
          },
          {
            "odata.etag": "W/\u0022datetime\u00272020-07-17T19%3A34%3A41.7732616Z\u0027\u0022",
            "PartitionKey": "somPartition",
            "RowKey": "16",
            "SomeStringProperty": "This is table entity number 16",
            "SomeDateProperty@odata.type": "Edm.DateTime",
            "SomeDateProperty": "2020-01-01T01:17:00.0000000Z",
            "SomeGuidProperty@odata.type": "Edm.Guid",
            "SomeGuidProperty": "0d391d16-97f1-4b9a-be68-4cc871f90016",
            "SomeBinaryProperty@odata.type": "Edm.Binary",
            "SomeBinaryProperty": "AQIDBAU=",
            "SomeInt64Property@odata.type": "Edm.Int64",
            "SomeInt64Property": "16",
            "SomeDoubleProperty0": 16,
            "SomeDoubleProperty1": 16.1,
            "SomeIntProperty": 16,
            "Timestamp@odata.type": "Edm.DateTime",
            "Timestamp": "2020-07-17T19:34:41.7732616Z"
          },
          {
            "odata.etag": "W/\u0022datetime\u00272020-07-17T19%3A34%3A41.8482184Z\u0027\u0022",
            "PartitionKey": "somPartition",
            "RowKey": "17",
            "SomeStringProperty": "This is table entity number 17",
            "SomeDateProperty@odata.type": "Edm.DateTime",
            "SomeDateProperty": "2020-01-01T01:18:00.0000000Z",
            "SomeGuidProperty@odata.type": "Edm.Guid",
            "SomeGuidProperty": "0d391d16-97f1-4b9a-be68-4cc871f90017",
            "SomeBinaryProperty@odata.type": "Edm.Binary",
            "SomeBinaryProperty": "AQIDBAU=",
            "SomeInt64Property@odata.type": "Edm.Int64",
            "SomeInt64Property": "17",
            "SomeDoubleProperty0": 17,
            "SomeDoubleProperty1": 17.1,
            "SomeIntProperty": 17,
            "Timestamp@odata.type": "Edm.DateTime",
            "Timestamp": "2020-07-17T19:34:41.8482184Z"
          },
          {
            "odata.etag": "W/\u0022datetime\u00272020-07-17T19%3A34%3A41.9232776Z\u0027\u0022",
            "PartitionKey": "somPartition",
            "RowKey": "18",
            "SomeStringProperty": "This is table entity number 18",
            "SomeDateProperty@odata.type": "Edm.DateTime",
            "SomeDateProperty": "2020-01-01T01:19:00.0000000Z",
            "SomeGuidProperty@odata.type": "Edm.Guid",
            "SomeGuidProperty": "0d391d16-97f1-4b9a-be68-4cc871f90018",
            "SomeBinaryProperty@odata.type": "Edm.Binary",
            "SomeBinaryProperty": "AQIDBAU=",
            "SomeInt64Property@odata.type": "Edm.Int64",
            "SomeInt64Property": "18",
            "SomeDoubleProperty0": 18,
            "SomeDoubleProperty1": 18.1,
            "SomeIntProperty": 18,
            "Timestamp@odata.type": "Edm.DateTime",
            "Timestamp": "2020-07-17T19:34:41.9232776Z"
          },
          {
            "odata.etag": "W/\u0022datetime\u00272020-07-17T19%3A34%3A41.9963912Z\u0027\u0022",
            "PartitionKey": "somPartition",
            "RowKey": "19",
            "SomeStringProperty": "This is table entity number 19",
            "SomeDateProperty@odata.type": "Edm.DateTime",
            "SomeDateProperty": "2020-01-01T01:20:00.0000000Z",
            "SomeGuidProperty@odata.type": "Edm.Guid",
            "SomeGuidProperty": "0d391d16-97f1-4b9a-be68-4cc871f90019",
            "SomeBinaryProperty@odata.type": "Edm.Binary",
            "SomeBinaryProperty": "AQIDBAU=",
            "SomeInt64Property@odata.type": "Edm.Int64",
            "SomeInt64Property": "19",
            "SomeDoubleProperty0": 19,
            "SomeDoubleProperty1": 19.1,
            "SomeIntProperty": 19,
            "Timestamp@odata.type": "Edm.DateTime",
            "Timestamp": "2020-07-17T19:34:41.9963912Z"
          },
          {
            "odata.etag": "W/\u0022datetime\u00272020-07-17T19%3A34%3A42.0736008Z\u0027\u0022",
            "PartitionKey": "somPartition",
            "RowKey": "20",
            "SomeStringProperty": "This is table entity number 20",
            "SomeDateProperty@odata.type": "Edm.DateTime",
            "SomeDateProperty": "2020-01-01T01:21:00.0000000Z",
            "SomeGuidProperty@odata.type": "Edm.Guid",
            "SomeGuidProperty": "0d391d16-97f1-4b9a-be68-4cc871f90020",
            "SomeBinaryProperty@odata.type": "Edm.Binary",
            "SomeBinaryProperty": "AQIDBAU=",
            "SomeInt64Property@odata.type": "Edm.Int64",
            "SomeInt64Property": "20",
            "SomeDoubleProperty0": 20,
            "SomeDoubleProperty1": 20.1,
            "SomeIntProperty": 20,
            "Timestamp@odata.type": "Edm.DateTime",
            "Timestamp": "2020-07-17T19:34:42.0736008Z"
          }
        ]
      }
    },
    {
      "RequestUri": "https://chrissprim.table.cosmos.azure.com/Tables(\u0027testtable93bxlvf9\u0027)",
      "RequestMethod": "DELETE",
      "RequestHeaders": {
        "Accept": "application/json",
        "Authorization": "Sanitized",
        "traceparent": "00-d273636c42709844ad101e2bfc4c7e53-f8d861f919a6c247-00",
        "User-Agent": [
          "azsdk-net-Data.Tables/1.0.0-dev.20200717.1",
          "(.NET Core 4.6.29017.01; Microsoft Windows 10.0.18363 )"
        ],
        "x-ms-client-request-id": "09adb28f79230cc2dfdad7eb5fdcf845",
        "x-ms-date": "Fri, 17 Jul 2020 19:34:42 GMT",
        "x-ms-return-client-request-id": "true",
        "x-ms-version": "2019-02-02"
      },
      "RequestBody": null,
      "StatusCode": 204,
      "ResponseHeaders": {
        "Content-Length": "0",
        "Date": "Fri, 17 Jul 2020 19:34:41 GMT",
        "Server": "Microsoft-HTTPAPI/2.0",
        "x-ms-request-id": "09adb28f-7923-0cc2-dfda-d7eb5fdcf845"
      },
      "ResponseBody": []
    }
  ],
  "Variables": {
    "RandomSeed": "189498940",
    "TABLES_COSMOS_ACCOUNT_NAME": "chrissprim",
    "TABLES_PRIMARY_COSMOS_ACCOUNT_KEY": ""
  }
}