{
  "Entries": [
    {
      "RequestUri": "https://jverazsdkprim.table.cosmos.azure.com/Tables?$format=application%2Fjson%3Bodata%3Dminimalmetadata",
      "RequestMethod": "POST",
      "RequestHeaders": {
        "Accept": "application/json; odata=minimalmetadata",
        "Authorization": "Sanitized",
        "Content-Length": "33",
        "Content-Type": "application/json; odata=nometadata",
        "DataServiceVersion": "3.0",
        "traceparent": "00-14af5b19afe73d42afcc32103667358e-e3e5d35fddaacf4e-00",
        "User-Agent": [
          "azsdk-net-Data.Tables/12.0.0-alpha.20210323.1",
          "(.NET 5.0.4; Microsoft Windows 10.0.19042)"
        ],
        "x-ms-client-request-id": "ba89bb3f30ce89a7e1a412592ffadcd7",
        "x-ms-date": "Tue, 23 Mar 2021 18:28:45 GMT",
        "x-ms-return-client-request-id": "true",
        "x-ms-version": "2019-02-02"
      },
      "RequestBody": {
        "TableName": "testtable3i7uq1ko"
      },
      "StatusCode": 201,
      "ResponseHeaders": {
        "Content-Type": "application/json; odata=minimalmetadata",
        "Date": "Tue, 23 Mar 2021 18:28:47 GMT",
        "ETag": "W/\u0022datetime\u00272021-03-23T18%3A28%3A48.1102856Z\u0027\u0022",
        "Location": "https://jverazsdkprim.table.cosmos.azure.com/Tables(\u0027testtable3i7uq1ko\u0027)",
        "Server": "Microsoft-HTTPAPI/2.0",
        "Transfer-Encoding": "chunked",
        "x-ms-request-id": "ba89bb3f-30ce-89a7-e1a4-12592ffadcd7"
      },
      "ResponseBody": {
        "TableName": "testtable3i7uq1ko",
        "odata.metadata": "https://jverazsdkprim.table.cosmos.azure.com/$metadata#Tables/@Element"
      }
    },
    {
      "RequestUri": "https://jverazsdkprim.table.cosmos.azure.com/testtable3i7uq1ko?$format=application%2Fjson%3Bodata%3Dminimalmetadata",
      "RequestMethod": "POST",
      "RequestHeaders": {
        "Accept": "application/json; odata=minimalmetadata",
        "Authorization": "Sanitized",
        "Content-Length": "648",
        "Content-Type": "application/json; odata=nometadata",
        "DataServiceVersion": "3.0",
        "Prefer": "return-no-content",
        "traceparent": "00-ce311148a7a75342b54c6a7005e96d1e-0eb2ff7d6f53d04e-00",
        "User-Agent": [
          "azsdk-net-Data.Tables/12.0.0-alpha.20210323.1",
          "(.NET 5.0.4; Microsoft Windows 10.0.19042)"
        ],
        "x-ms-client-request-id": "865eec6e4fd55592d37bbf6052a46698",
        "x-ms-date": "Tue, 23 Mar 2021 18:28:45 GMT",
        "x-ms-return-client-request-id": "true",
        "x-ms-version": "2019-02-02"
      },
      "RequestBody": {
        "StringTypeProperty": "This is table entity number 01",
        "DatetimeTypeProperty": "2020-01-01T01:02:00.0000000Z",
        "DatetimeTypeProperty@odata.type": "Edm.DateTime",
        "DatetimeOffsetTypeProperty": "2020-01-01T01:02:00.0000000Z",
        "DatetimeOffsetTypeProperty@odata.type": "Edm.DateTime",
        "GuidTypeProperty": "0d391d16-97f1-4b9a-be68-4cc871f90001",
        "GuidTypeProperty@odata.type": "Edm.Guid",
        "BinaryTypeProperty": "AQIDBAU=",
        "BinaryTypeProperty@odata.type": "Edm.Binary",
        "Int64TypeProperty": "1",
        "Int64TypeProperty@odata.type": "Edm.Int64",
        "DoubleTypeProperty": 1,
        "DoubleTypeProperty@odata.type": "Edm.Double",
        "IntTypeProperty": 1,
        "PartitionKey": "somPartition",
        "RowKey": "01"
      },
      "StatusCode": 204,
      "ResponseHeaders": {
        "Content-Length": "0",
        "Date": "Tue, 23 Mar 2021 18:28:47 GMT",
        "ETag": "W/\u0022datetime\u00272021-03-23T18%3A28%3A48.4766728Z\u0027\u0022",
        "Location": "https://jverazsdkprim.table.cosmos.azure.com/testtable3i7uq1ko(PartitionKey=\u0027somPartition\u0027,RowKey=\u002701\u0027)",
        "Preference-Applied": "return-no-content",
        "Server": "Microsoft-HTTPAPI/2.0",
        "x-ms-request-id": "865eec6e-4fd5-5592-d37b-bf6052a46698"
      },
      "ResponseBody": []
    },
    {
      "RequestUri": "https://jverazsdkprim.table.cosmos.azure.com/testtable3i7uq1ko()?$format=application%2Fjson%3Bodata%3Dminimalmetadata\u0026$filter=PartitionKey%20eq%20%27somPartition%27%20and%20RowKey%20eq%20%2701%27",
      "RequestMethod": "GET",
      "RequestHeaders": {
        "Accept": "application/json; odata=minimalmetadata",
        "Authorization": "Sanitized",
        "DataServiceVersion": "3.0",
        "traceparent": "00-231dff7fbfd00a4095e4d7c082b8b399-b8461db5360b7d41-00",
        "User-Agent": [
          "azsdk-net-Data.Tables/12.0.0-alpha.20210323.1",
          "(.NET 5.0.4; Microsoft Windows 10.0.19042)"
        ],
        "x-ms-client-request-id": "7253288d77486cde181bad0297c7b19e",
        "x-ms-date": "Tue, 23 Mar 2021 18:28:45 GMT",
        "x-ms-return-client-request-id": "true",
        "x-ms-version": "2019-02-02"
      },
      "RequestBody": null,
      "StatusCode": 200,
      "ResponseHeaders": {
        "Content-Type": "application/json; odata=minimalmetadata",
        "Date": "Tue, 23 Mar 2021 18:28:47 GMT",
        "Server": "Microsoft-HTTPAPI/2.0",
        "Transfer-Encoding": "chunked",
        "x-ms-request-id": "7253288d-7748-6cde-181b-ad0297c7b19e"
      },
      "ResponseBody": {
        "value": [
          {
            "odata.etag": "W/\u0022datetime\u00272021-03-23T18%3A28%3A48.4766728Z\u0027\u0022",
            "StringTypeProperty": "This is table entity number 01",
            "DatetimeTypeProperty@odata.type": "Edm.DateTime",
            "DatetimeTypeProperty": "2020-01-01T01:02:00.0000000Z",
            "DatetimeOffsetTypeProperty@odata.type": "Edm.DateTime",
            "DatetimeOffsetTypeProperty": "2020-01-01T01:02:00.0000000Z",
            "GuidTypeProperty@odata.type": "Edm.Guid",
            "GuidTypeProperty": "0d391d16-97f1-4b9a-be68-4cc871f90001",
            "BinaryTypeProperty@odata.type": "Edm.Binary",
            "BinaryTypeProperty": "AQIDBAU=",
            "Int64TypeProperty@odata.type": "Edm.Int64",
            "Int64TypeProperty": "1",
            "DoubleTypeProperty": 1,
            "IntTypeProperty": 1,
            "PartitionKey": "somPartition",
            "RowKey": "01",
            "Timestamp": "2021-03-23T18:28:48.4766728Z"
          }
        ],
        "odata.metadata": "https://jverazsdkprim.table.cosmos.azure.com/$metadata#testtable3i7uq1ko"
      }
    },
    {
      "RequestUri": "https://jverazsdkprim.table.cosmos.azure.com/Tables(\u0027testtable3i7uq1ko\u0027)",
      "RequestMethod": "DELETE",
      "RequestHeaders": {
        "Accept": "application/json",
        "Authorization": "Sanitized",
        "traceparent": "00-4b07ff71a804ac43afdd31c400d93e3a-3d2988a580880d49-00",
        "User-Agent": [
          "azsdk-net-Data.Tables/12.0.0-alpha.20210323.1",
          "(.NET 5.0.4; Microsoft Windows 10.0.19042)"
        ],
        "x-ms-client-request-id": "cd77afb6e132efc32834e6527147373d",
        "x-ms-date": "Tue, 23 Mar 2021 18:28:45 GMT",
        "x-ms-return-client-request-id": "true",
        "x-ms-version": "2019-02-02"
      },
      "RequestBody": null,
      "StatusCode": 204,
      "ResponseHeaders": {
        "Content-Length": "0",
        "Date": "Tue, 23 Mar 2021 18:28:47 GMT",
        "Server": "Microsoft-HTTPAPI/2.0",
        "x-ms-request-id": "cd77afb6-e132-efc3-2834-e6527147373d"
      },
      "ResponseBody": []
    }
  ],
  "Variables": {
    "COSMOS_TABLES_ENDPOINT_SUFFIX": null,
    "RandomSeed": "1041393685",
    "TABLES_COSMOS_ACCOUNT_NAME": "jverazsdkprim",
    "TABLES_PRIMARY_COSMOS_ACCOUNT_KEY": "Kg=="
  }
}