{
  "Entries": [
    {
      "RequestUri": "https://chrissprim.table.cosmos.azure.com/Tables?$format=application%2Fjson%3Bodata%3Dminimalmetadata",
      "RequestMethod": "POST",
      "RequestHeaders": {
        "Accept": "application/json",
        "Authorization": "Sanitized",
        "Content-Length": "33",
        "Content-Type": "application/json; odata=nometadata",
        "DataServiceVersion": "3.0",
        "traceparent": "00-15ca4db626475445a67d6140ce54e0e3-cae76ee2607edd45-00",
        "User-Agent": [
          "azsdk-net-Data.Tables/1.0.0-dev.20200818.1",
          "(.NET Core 4.6.29130.01; Microsoft Windows 10.0.18363 )"
        ],
        "x-ms-client-request-id": "6f9cad5b164b8144f941f8ddee905627",
        "x-ms-date": "Tue, 18 Aug 2020 23:35:48 GMT",
        "x-ms-return-client-request-id": "true",
        "x-ms-version": "2019-02-02"
      },
      "RequestBody": {
        "TableName": "testtable6nc5k2i3"
      },
      "StatusCode": 201,
      "ResponseHeaders": {
        "Content-Type": "application/json",
        "Date": "Tue, 18 Aug 2020 23:35:48 GMT",
        "ETag": "W/\u0022datetime\u00272020-08-18T23%3A35%3A48.0561672Z\u0027\u0022",
        "Location": "https://chrissprim.table.cosmos.azure.com/Tables(\u0027testtable6nc5k2i3\u0027)",
        "Server": "Microsoft-HTTPAPI/2.0",
        "Transfer-Encoding": "chunked",
        "x-ms-request-id": "6f9cad5b-164b-8144-f941-f8ddee905627"
      },
      "ResponseBody": {
        "TableName": "testtable6nc5k2i3",
        "odata.metadata": "https://chrissprim.table.cosmos.azure.com/$metadata#Tables/@Element"
      }
    },
    {
      "RequestUri": "https://chrissprim.table.cosmos.azure.com/testtable6nc5k2i3?$format=application%2Fjson%3Bodata%3Dminimalmetadata",
      "RequestMethod": "POST",
      "RequestHeaders": {
        "Accept": "application/json",
        "Authorization": "Sanitized",
        "Content-Length": "614",
        "Content-Type": "application/json; odata=nometadata",
        "DataServiceVersion": "3.0",
        "traceparent": "00-36780d75e4e1bf43a2757d06890c35ff-9e58e93d3282914b-00",
        "User-Agent": [
          "azsdk-net-Data.Tables/1.0.0-dev.20200818.1",
          "(.NET Core 4.6.29130.01; Microsoft Windows 10.0.18363 )"
        ],
        "x-ms-client-request-id": "e6a757aaa444cca64774a759b91e689c",
        "x-ms-date": "Tue, 18 Aug 2020 23:35:48 GMT",
        "x-ms-return-client-request-id": "true",
        "x-ms-version": "2019-02-02"
      },
      "RequestBody": {
        "PartitionKey": "somPartition",
        "RowKey": "01",
        "SomeStringProperty": "This is table entity number 01",
        "SomeDateProperty": "2020-01-01T01:02:00.0000000Z",
        "SomeDateProperty@odata.type": "Edm.DateTime",
        "SomeGuidProperty": "0d391d16-97f1-4b9a-be68-4cc871f90001",
        "SomeGuidProperty@odata.type": "Edm.Guid",
        "SomeBinaryProperty": "AQIDBAU=",
        "SomeBinaryProperty@odata.type": "Edm.Binary",
        "SomeInt64Property": "1",
        "SomeInt64Property@odata.type": "Edm.Int64",
        "SomeDoubleProperty0": 1,
        "SomeDoubleProperty0@odata.type": "Edm.Double",
        "SomeDoubleProperty1": 1.1000000000000001,
        "SomeDoubleProperty1@odata.type": "Edm.Double",
        "SomeIntProperty": 1
      },
      "StatusCode": 201,
      "ResponseHeaders": {
        "Content-Type": "application/json",
        "Date": "Tue, 18 Aug 2020 23:35:48 GMT",
        "ETag": "W/\u0022datetime\u00272020-08-18T23%3A35%3A48.5136904Z\u0027\u0022",
        "Location": "https://chrissprim.table.cosmos.azure.com/testtable6nc5k2i3(PartitionKey=\u0027somPartition\u0027,RowKey=\u002701\u0027)",
        "Server": "Microsoft-HTTPAPI/2.0",
        "Transfer-Encoding": "chunked",
        "x-ms-request-id": "e6a757aa-a444-cca6-4774-a759b91e689c"
      },
      "ResponseBody": {
        "odata.metadata": "https://chrissprim.table.cosmos.azure.com/testtable6nc5k2i3/$metadata#testtable6nc5k2i3/@Element",
        "odata.etag": "W/\u0022datetime\u00272020-08-18T23%3A35%3A48.5136904Z\u0027\u0022",
        "PartitionKey": "somPartition",
        "RowKey": "01",
        "SomeStringProperty": "This is table entity number 01",
        "SomeDateProperty@odata.type": "Edm.DateTime",
        "SomeDateProperty": "2020-01-01T01:02:00.0000000Z",
        "SomeGuidProperty@odata.type": "Edm.Guid",
        "SomeGuidProperty": "0d391d16-97f1-4b9a-be68-4cc871f90001",
        "SomeBinaryProperty@odata.type": "Edm.Binary",
        "SomeBinaryProperty": "AQIDBAU=",
        "SomeInt64Property@odata.type": "Edm.Int64",
        "SomeInt64Property": "1",
        "SomeDoubleProperty0": 1,
        "SomeDoubleProperty1": 1.1,
        "SomeIntProperty": 1,
        "Timestamp@odata.type": "Edm.DateTime",
        "Timestamp": "2020-08-18T23:35:48.5136904Z"
      }
    },
    {
      "RequestUri": "https://chrissprim.table.cosmos.azure.com/testtable6nc5k2i3()?$format=application%2Fjson%3Bodata%3Dminimalmetadata\u0026$filter=PartitionKey%20eq%20%27somPartition%27%20and%20RowKey%20eq%20%2701%27",
      "RequestMethod": "GET",
      "RequestHeaders": {
        "Accept": "application/json",
        "Authorization": "Sanitized",
        "DataServiceVersion": "3.0",
        "User-Agent": [
          "azsdk-net-Data.Tables/1.0.0-dev.20200818.1",
          "(.NET Core 4.6.29130.01; Microsoft Windows 10.0.18363 )"
        ],
        "x-ms-client-request-id": "34268fc11b2ece7ca713596d800544f5",
        "x-ms-date": "Tue, 18 Aug 2020 23:35:48 GMT",
        "x-ms-return-client-request-id": "true",
        "x-ms-version": "2019-02-02"
      },
      "RequestBody": null,
      "StatusCode": 200,
      "ResponseHeaders": {
        "Content-Type": "application/json",
        "Date": "Tue, 18 Aug 2020 23:35:48 GMT",
        "Server": "Microsoft-HTTPAPI/2.0",
        "Transfer-Encoding": "chunked",
        "x-ms-request-id": "34268fc1-1b2e-ce7c-a713-596d800544f5"
      },
      "ResponseBody": {
        "value": [
          {
            "odata.etag": "W/\u0022datetime\u00272020-08-18T23%3A35%3A48.5136904Z\u0027\u0022",
            "PartitionKey": "somPartition",
            "RowKey": "01",
            "SomeStringProperty": "This is table entity number 01",
            "SomeDateProperty@odata.type": "Edm.DateTime",
            "SomeDateProperty": "2020-01-01T01:02:00.0000000Z",
            "SomeGuidProperty@odata.type": "Edm.Guid",
            "SomeGuidProperty": "0d391d16-97f1-4b9a-be68-4cc871f90001",
            "SomeBinaryProperty@odata.type": "Edm.Binary",
            "SomeBinaryProperty": "AQIDBAU=",
            "SomeInt64Property@odata.type": "Edm.Int64",
            "SomeInt64Property": "1",
            "SomeDoubleProperty0": 1,
            "SomeDoubleProperty1": 1.1,
            "SomeIntProperty": 1,
            "Timestamp@odata.type": "Edm.DateTime",
            "Timestamp": "2020-08-18T23:35:48.5136904Z"
          }
        ]
      }
    },
    {
      "RequestUri": "https://chrissprim.table.cosmos.azure.com/Tables(\u0027testtable6nc5k2i3\u0027)",
      "RequestMethod": "DELETE",
      "RequestHeaders": {
        "Accept": "application/json",
        "Authorization": "Sanitized",
        "traceparent": "00-b1d8613cce18924385e916d701202c8f-36d10eeb772ccd47-00",
        "User-Agent": [
          "azsdk-net-Data.Tables/1.0.0-dev.20200818.1",
          "(.NET Core 4.6.29130.01; Microsoft Windows 10.0.18363 )"
        ],
        "x-ms-client-request-id": "820a79636d82b6d206cf27d76feac7db",
        "x-ms-date": "Tue, 18 Aug 2020 23:35:48 GMT",
        "x-ms-return-client-request-id": "true",
        "x-ms-version": "2019-02-02"
      },
      "RequestBody": null,
      "StatusCode": 204,
      "ResponseHeaders": {
        "Content-Length": "0",
        "Date": "Tue, 18 Aug 2020 23:35:48 GMT",
        "Server": "Microsoft-HTTPAPI/2.0",
        "x-ms-request-id": "820a7963-6d82-b6d2-06cf-27d76feac7db"
      },
      "ResponseBody": []
    }
  ],
  "Variables": {
    "RandomSeed": "241597715",
    "TABLES_COSMOS_ACCOUNT_NAME": "chrissprim",
    "TABLES_PRIMARY_COSMOS_ACCOUNT_KEY": ""
  }
}