{
  "Entries": [
    {
      "RequestUri": "https://t6d9ba26493dd43beprim.table.cosmos.azure.com/Tables?$format=application%2Fjson%3Bodata%3Dminimalmetadata",
      "RequestMethod": "POST",
      "RequestHeaders": {
        "Accept": [
          "application/json",
          "application/json; odata=minimalmetadata"
        ],
        "Authorization": "Sanitized",
        "Content-Length": "33",
        "Content-Type": "application/json; odata=nometadata",
        "DataServiceVersion": "3.0",
        "traceparent": "00-b0b6a11ed9a8a54c9539996c3d4d8c3d-b758cc20648b414a-00",
        "User-Agent": [
          "azsdk-net-Data.Tables/1.0.0-dev.20200820.2",
          "(.NET Core 4.6.27514.02; Microsoft Windows 10.0.17763 )"
        ],
        "x-ms-client-request-id": "74d5b0e3c2f5bfb3e4568ab3ebe4149b",
        "x-ms-date": "Thu, 20 Aug 2020 18:05:57 GMT",
        "x-ms-return-client-request-id": "true",
        "x-ms-version": "2019-02-02"
      },
      "RequestBody": {
        "TableName": "testtable8822lm1f"
      },
      "StatusCode": 201,
      "ResponseHeaders": {
        "Content-Type": "application/json",
        "Date": "Thu, 20 Aug 2020 18:05:56 GMT",
        "ETag": "W/\u0022datetime\u00272020-08-20T18%3A05%3A57.1618824Z\u0027\u0022",
        "Location": "https://t6d9ba26493dd43beprim.table.cosmos.azure.com/Tables(\u0027testtable8822lm1f\u0027)",
        "Server": "Microsoft-HTTPAPI/2.0",
        "Transfer-Encoding": "chunked",
        "x-ms-request-id": "74d5b0e3-c2f5-bfb3-e456-8ab3ebe4149b"
      },
      "ResponseBody": {
        "TableName": "testtable8822lm1f",
        "odata.metadata": "https://t6d9ba26493dd43beprim.table.cosmos.azure.com/$metadata#Tables/@Element"
      }
    },
    {
      "RequestUri": "https://t6d9ba26493dd43beprim.table.cosmos.azure.com/testtable8822lm1f?$format=application%2Fjson%3Bodata%3Dminimalmetadata",
      "RequestMethod": "POST",
      "RequestHeaders": {
        "Accept": [
          "application/json",
          "application/json; odata=minimalmetadata"
        ],
        "Authorization": "Sanitized",
        "Content-Length": "677",
        "Content-Type": "application/json; odata=nometadata",
        "DataServiceVersion": "3.0",
        "traceparent": "00-62e023f4a7ca2a45ad97359de1860efa-1792d8eae34a0c4a-00",
        "User-Agent": [
          "azsdk-net-Data.Tables/1.0.0-dev.20200820.2",
          "(.NET Core 4.6.27514.02; Microsoft Windows 10.0.17763 )"
        ],
        "x-ms-client-request-id": "7145937be23706ca4368e2bfa7b259f9",
        "x-ms-date": "Thu, 20 Aug 2020 18:05:57 GMT",
        "x-ms-return-client-request-id": "true",
        "x-ms-version": "2019-02-02"
      },
      "RequestBody": {
        "StringTypeProperty": "This is table entity number 01",
        "DatetimeTypeProperty": "2020-01-01T01:02:00.0000000Z",
        "DatetimeTypeProperty@odata.type": "Edm.DateTime",
        "DatetimeOffsetTypeProperty": "2020-01-01T01:02:00.0000000Z",
        "DatetimeOffsetTypeProperty@odata.type": "Edm.DateTime",
        "GuidTypeProperty": "0d391d16-97f1-4b9a-be68-4cc871f90001",
        "GuidTypeProperty@odata.type": "Edm.Guid",
        "BinaryTypeProperty": "AQIDBAU=",
        "BinaryTypeProperty@odata.type": "Edm.Binary",
        "Int64TypeProperty": "1",
        "Int64TypeProperty@odata.type": "Edm.Int64",
        "DoubleTypeProperty": 1,
        "DoubleTypeProperty@odata.type": "Edm.Double",
        "IntTypeProperty": 1,
        "PartitionKey": "somPartition",
        "RowKey": "01",
        "Timestamp": null,
        "ETag": null
      },
      "StatusCode": 201,
      "ResponseHeaders": {
        "Content-Type": "application/json",
        "Date": "Thu, 20 Aug 2020 18:05:56 GMT",
        "ETag": "W/\u0022datetime\u00272020-08-20T18%3A05%3A57.5995400Z\u0027\u0022",
        "Location": "https://t6d9ba26493dd43beprim.table.cosmos.azure.com/testtable8822lm1f(PartitionKey=\u0027somPartition\u0027,RowKey=\u002701\u0027)",
        "Server": "Microsoft-HTTPAPI/2.0",
        "Transfer-Encoding": "chunked",
        "x-ms-request-id": "7145937b-e237-06ca-4368-e2bfa7b259f9"
      },
      "ResponseBody": {
        "odata.metadata": "https://t6d9ba26493dd43beprim.table.cosmos.azure.com/testtable8822lm1f/$metadata#testtable8822lm1f/@Element",
        "odata.etag": "W/\u0022datetime\u00272020-08-20T18%3A05%3A57.5995400Z\u0027\u0022",
        "StringTypeProperty": "This is table entity number 01",
        "DatetimeTypeProperty@odata.type": "Edm.DateTime",
        "DatetimeTypeProperty": "2020-01-01T01:02:00.0000000Z",
        "DatetimeOffsetTypeProperty@odata.type": "Edm.DateTime",
        "DatetimeOffsetTypeProperty": "2020-01-01T01:02:00.0000000Z",
        "GuidTypeProperty@odata.type": "Edm.Guid",
        "GuidTypeProperty": "0d391d16-97f1-4b9a-be68-4cc871f90001",
        "BinaryTypeProperty@odata.type": "Edm.Binary",
        "BinaryTypeProperty": "AQIDBAU=",
        "Int64TypeProperty@odata.type": "Edm.Int64",
        "Int64TypeProperty": "1",
        "DoubleTypeProperty": 1,
        "IntTypeProperty": 1,
        "PartitionKey": "somPartition",
        "RowKey": "01",
        "Timestamp@odata.type": "Edm.DateTime",
        "Timestamp": "2020-08-20T18:05:57.5995400Z"
      }
    },
    {
      "RequestUri": "https://t6d9ba26493dd43beprim.table.cosmos.azure.com/testtable8822lm1f?$format=application%2Fjson%3Bodata%3Dminimalmetadata",
      "RequestMethod": "POST",
      "RequestHeaders": {
        "Accept": [
          "application/json",
          "application/json; odata=minimalmetadata"
        ],
        "Authorization": "Sanitized",
        "Content-Length": "677",
        "Content-Type": "application/json; odata=nometadata",
        "DataServiceVersion": "3.0",
        "traceparent": "00-83fdf53393697644be4c1abe1b8c30b6-9b0783444c2a534d-00",
        "User-Agent": [
          "azsdk-net-Data.Tables/1.0.0-dev.20200820.2",
          "(.NET Core 4.6.27514.02; Microsoft Windows 10.0.17763 )"
        ],
        "x-ms-client-request-id": "0d6ded91fbc9cf40da8202ba8538012e",
        "x-ms-date": "Thu, 20 Aug 2020 18:05:57 GMT",
        "x-ms-return-client-request-id": "true",
        "x-ms-version": "2019-02-02"
      },
      "RequestBody": {
        "StringTypeProperty": "This is table entity number 02",
        "DatetimeTypeProperty": "2020-01-01T01:03:00.0000000Z",
        "DatetimeTypeProperty@odata.type": "Edm.DateTime",
        "DatetimeOffsetTypeProperty": "2020-01-01T01:03:00.0000000Z",
        "DatetimeOffsetTypeProperty@odata.type": "Edm.DateTime",
        "GuidTypeProperty": "0d391d16-97f1-4b9a-be68-4cc871f90002",
        "GuidTypeProperty@odata.type": "Edm.Guid",
        "BinaryTypeProperty": "AQIDBAU=",
        "BinaryTypeProperty@odata.type": "Edm.Binary",
        "Int64TypeProperty": "2",
        "Int64TypeProperty@odata.type": "Edm.Int64",
        "DoubleTypeProperty": 2,
        "DoubleTypeProperty@odata.type": "Edm.Double",
        "IntTypeProperty": 2,
        "PartitionKey": "somPartition",
        "RowKey": "02",
        "Timestamp": null,
        "ETag": null
      },
      "StatusCode": 201,
      "ResponseHeaders": {
        "Content-Type": "application/json",
        "Date": "Thu, 20 Aug 2020 18:05:56 GMT",
        "ETag": "W/\u0022datetime\u00272020-08-20T18%3A05%3A57.6813576Z\u0027\u0022",
        "Location": "https://t6d9ba26493dd43beprim.table.cosmos.azure.com/testtable8822lm1f(PartitionKey=\u0027somPartition\u0027,RowKey=\u002702\u0027)",
        "Server": "Microsoft-HTTPAPI/2.0",
        "Transfer-Encoding": "chunked",
        "x-ms-request-id": "0d6ded91-fbc9-cf40-da82-02ba8538012e"
      },
      "ResponseBody": {
        "odata.metadata": "https://t6d9ba26493dd43beprim.table.cosmos.azure.com/testtable8822lm1f/$metadata#testtable8822lm1f/@Element",
        "odata.etag": "W/\u0022datetime\u00272020-08-20T18%3A05%3A57.6813576Z\u0027\u0022",
        "StringTypeProperty": "This is table entity number 02",
        "DatetimeTypeProperty@odata.type": "Edm.DateTime",
        "DatetimeTypeProperty": "2020-01-01T01:03:00.0000000Z",
        "DatetimeOffsetTypeProperty@odata.type": "Edm.DateTime",
        "DatetimeOffsetTypeProperty": "2020-01-01T01:03:00.0000000Z",
        "GuidTypeProperty@odata.type": "Edm.Guid",
        "GuidTypeProperty": "0d391d16-97f1-4b9a-be68-4cc871f90002",
        "BinaryTypeProperty@odata.type": "Edm.Binary",
        "BinaryTypeProperty": "AQIDBAU=",
        "Int64TypeProperty@odata.type": "Edm.Int64",
        "Int64TypeProperty": "2",
        "DoubleTypeProperty": 2,
        "IntTypeProperty": 2,
        "PartitionKey": "somPartition",
        "RowKey": "02",
        "Timestamp@odata.type": "Edm.DateTime",
        "Timestamp": "2020-08-20T18:05:57.6813576Z"
      }
    },
    {
      "RequestUri": "https://t6d9ba26493dd43beprim.table.cosmos.azure.com/testtable8822lm1f?$format=application%2Fjson%3Bodata%3Dminimalmetadata",
      "RequestMethod": "POST",
      "RequestHeaders": {
        "Accept": [
          "application/json",
          "application/json; odata=minimalmetadata"
        ],
        "Authorization": "Sanitized",
        "Content-Length": "677",
        "Content-Type": "application/json; odata=nometadata",
        "DataServiceVersion": "3.0",
        "traceparent": "00-2ad31f95b9cb814d910f69cc872b5e56-c16189aa34403d41-00",
        "User-Agent": [
          "azsdk-net-Data.Tables/1.0.0-dev.20200820.2",
          "(.NET Core 4.6.27514.02; Microsoft Windows 10.0.17763 )"
        ],
        "x-ms-client-request-id": "de6f6272176500dce5cf308ce0f41832",
        "x-ms-date": "Thu, 20 Aug 2020 18:05:57 GMT",
        "x-ms-return-client-request-id": "true",
        "x-ms-version": "2019-02-02"
      },
      "RequestBody": {
        "StringTypeProperty": "This is table entity number 03",
        "DatetimeTypeProperty": "2020-01-01T01:04:00.0000000Z",
        "DatetimeTypeProperty@odata.type": "Edm.DateTime",
        "DatetimeOffsetTypeProperty": "2020-01-01T01:04:00.0000000Z",
        "DatetimeOffsetTypeProperty@odata.type": "Edm.DateTime",
        "GuidTypeProperty": "0d391d16-97f1-4b9a-be68-4cc871f90003",
        "GuidTypeProperty@odata.type": "Edm.Guid",
        "BinaryTypeProperty": "AQIDBAU=",
        "BinaryTypeProperty@odata.type": "Edm.Binary",
        "Int64TypeProperty": "3",
        "Int64TypeProperty@odata.type": "Edm.Int64",
        "DoubleTypeProperty": 3,
        "DoubleTypeProperty@odata.type": "Edm.Double",
        "IntTypeProperty": 3,
        "PartitionKey": "somPartition",
        "RowKey": "03",
        "Timestamp": null,
        "ETag": null
      },
      "StatusCode": 201,
      "ResponseHeaders": {
        "Content-Type": "application/json",
        "Date": "Thu, 20 Aug 2020 18:05:56 GMT",
        "ETag": "W/\u0022datetime\u00272020-08-20T18%3A05%3A57.7619464Z\u0027\u0022",
        "Location": "https://t6d9ba26493dd43beprim.table.cosmos.azure.com/testtable8822lm1f(PartitionKey=\u0027somPartition\u0027,RowKey=\u002703\u0027)",
        "Server": "Microsoft-HTTPAPI/2.0",
        "Transfer-Encoding": "chunked",
        "x-ms-request-id": "de6f6272-1765-00dc-e5cf-308ce0f41832"
      },
      "ResponseBody": {
        "odata.metadata": "https://t6d9ba26493dd43beprim.table.cosmos.azure.com/testtable8822lm1f/$metadata#testtable8822lm1f/@Element",
        "odata.etag": "W/\u0022datetime\u00272020-08-20T18%3A05%3A57.7619464Z\u0027\u0022",
        "StringTypeProperty": "This is table entity number 03",
        "DatetimeTypeProperty@odata.type": "Edm.DateTime",
        "DatetimeTypeProperty": "2020-01-01T01:04:00.0000000Z",
        "DatetimeOffsetTypeProperty@odata.type": "Edm.DateTime",
        "DatetimeOffsetTypeProperty": "2020-01-01T01:04:00.0000000Z",
        "GuidTypeProperty@odata.type": "Edm.Guid",
        "GuidTypeProperty": "0d391d16-97f1-4b9a-be68-4cc871f90003",
        "BinaryTypeProperty@odata.type": "Edm.Binary",
        "BinaryTypeProperty": "AQIDBAU=",
        "Int64TypeProperty@odata.type": "Edm.Int64",
        "Int64TypeProperty": "3",
        "DoubleTypeProperty": 3,
        "IntTypeProperty": 3,
        "PartitionKey": "somPartition",
        "RowKey": "03",
        "Timestamp@odata.type": "Edm.DateTime",
        "Timestamp": "2020-08-20T18:05:57.7619464Z"
      }
    },
    {
      "RequestUri": "https://t6d9ba26493dd43beprim.table.cosmos.azure.com/testtable8822lm1f?$format=application%2Fjson%3Bodata%3Dminimalmetadata",
      "RequestMethod": "POST",
      "RequestHeaders": {
        "Accept": [
          "application/json",
          "application/json; odata=minimalmetadata"
        ],
        "Authorization": "Sanitized",
        "Content-Length": "677",
        "Content-Type": "application/json; odata=nometadata",
        "DataServiceVersion": "3.0",
        "traceparent": "00-79f31ae27d03044098e8a5bf627e33f0-eab09db3e28c6a43-00",
        "User-Agent": [
          "azsdk-net-Data.Tables/1.0.0-dev.20200820.2",
          "(.NET Core 4.6.27514.02; Microsoft Windows 10.0.17763 )"
        ],
        "x-ms-client-request-id": "fe2191fc07767fd1537697b5df10800a",
        "x-ms-date": "Thu, 20 Aug 2020 18:05:57 GMT",
        "x-ms-return-client-request-id": "true",
        "x-ms-version": "2019-02-02"
      },
      "RequestBody": {
        "StringTypeProperty": "This is table entity number 04",
        "DatetimeTypeProperty": "2020-01-01T01:05:00.0000000Z",
        "DatetimeTypeProperty@odata.type": "Edm.DateTime",
        "DatetimeOffsetTypeProperty": "2020-01-01T01:05:00.0000000Z",
        "DatetimeOffsetTypeProperty@odata.type": "Edm.DateTime",
        "GuidTypeProperty": "0d391d16-97f1-4b9a-be68-4cc871f90004",
        "GuidTypeProperty@odata.type": "Edm.Guid",
        "BinaryTypeProperty": "AQIDBAU=",
        "BinaryTypeProperty@odata.type": "Edm.Binary",
        "Int64TypeProperty": "4",
        "Int64TypeProperty@odata.type": "Edm.Int64",
        "DoubleTypeProperty": 4,
        "DoubleTypeProperty@odata.type": "Edm.Double",
        "IntTypeProperty": 4,
        "PartitionKey": "somPartition",
        "RowKey": "04",
        "Timestamp": null,
        "ETag": null
      },
      "StatusCode": 201,
      "ResponseHeaders": {
        "Content-Type": "application/json",
        "Date": "Thu, 20 Aug 2020 18:05:56 GMT",
        "ETag": "W/\u0022datetime\u00272020-08-20T18%3A05%3A57.8419208Z\u0027\u0022",
        "Location": "https://t6d9ba26493dd43beprim.table.cosmos.azure.com/testtable8822lm1f(PartitionKey=\u0027somPartition\u0027,RowKey=\u002704\u0027)",
        "Server": "Microsoft-HTTPAPI/2.0",
        "Transfer-Encoding": "chunked",
        "x-ms-request-id": "fe2191fc-0776-7fd1-5376-97b5df10800a"
      },
      "ResponseBody": {
        "odata.metadata": "https://t6d9ba26493dd43beprim.table.cosmos.azure.com/testtable8822lm1f/$metadata#testtable8822lm1f/@Element",
        "odata.etag": "W/\u0022datetime\u00272020-08-20T18%3A05%3A57.8419208Z\u0027\u0022",
        "StringTypeProperty": "This is table entity number 04",
        "DatetimeTypeProperty@odata.type": "Edm.DateTime",
        "DatetimeTypeProperty": "2020-01-01T01:05:00.0000000Z",
        "DatetimeOffsetTypeProperty@odata.type": "Edm.DateTime",
        "DatetimeOffsetTypeProperty": "2020-01-01T01:05:00.0000000Z",
        "GuidTypeProperty@odata.type": "Edm.Guid",
        "GuidTypeProperty": "0d391d16-97f1-4b9a-be68-4cc871f90004",
        "BinaryTypeProperty@odata.type": "Edm.Binary",
        "BinaryTypeProperty": "AQIDBAU=",
        "Int64TypeProperty@odata.type": "Edm.Int64",
        "Int64TypeProperty": "4",
        "DoubleTypeProperty": 4,
        "IntTypeProperty": 4,
        "PartitionKey": "somPartition",
        "RowKey": "04",
        "Timestamp@odata.type": "Edm.DateTime",
        "Timestamp": "2020-08-20T18:05:57.8419208Z"
      }
    },
    {
      "RequestUri": "https://t6d9ba26493dd43beprim.table.cosmos.azure.com/testtable8822lm1f?$format=application%2Fjson%3Bodata%3Dminimalmetadata",
      "RequestMethod": "POST",
      "RequestHeaders": {
        "Accept": [
          "application/json",
          "application/json; odata=minimalmetadata"
        ],
        "Authorization": "Sanitized",
        "Content-Length": "677",
        "Content-Type": "application/json; odata=nometadata",
        "DataServiceVersion": "3.0",
        "traceparent": "00-55c3ff1fd1740f40b50c66e3c8b684e0-019d916a827c8c4f-00",
        "User-Agent": [
          "azsdk-net-Data.Tables/1.0.0-dev.20200820.2",
          "(.NET Core 4.6.27514.02; Microsoft Windows 10.0.17763 )"
        ],
        "x-ms-client-request-id": "444cb3677b437a94106d27facbb3efe6",
        "x-ms-date": "Thu, 20 Aug 2020 18:05:57 GMT",
        "x-ms-return-client-request-id": "true",
        "x-ms-version": "2019-02-02"
      },
      "RequestBody": {
        "StringTypeProperty": "This is table entity number 05",
        "DatetimeTypeProperty": "2020-01-01T01:06:00.0000000Z",
        "DatetimeTypeProperty@odata.type": "Edm.DateTime",
        "DatetimeOffsetTypeProperty": "2020-01-01T01:06:00.0000000Z",
        "DatetimeOffsetTypeProperty@odata.type": "Edm.DateTime",
        "GuidTypeProperty": "0d391d16-97f1-4b9a-be68-4cc871f90005",
        "GuidTypeProperty@odata.type": "Edm.Guid",
        "BinaryTypeProperty": "AQIDBAU=",
        "BinaryTypeProperty@odata.type": "Edm.Binary",
        "Int64TypeProperty": "5",
        "Int64TypeProperty@odata.type": "Edm.Int64",
        "DoubleTypeProperty": 5,
        "DoubleTypeProperty@odata.type": "Edm.Double",
        "IntTypeProperty": 5,
        "PartitionKey": "somPartition",
        "RowKey": "05",
        "Timestamp": null,
        "ETag": null
      },
      "StatusCode": 201,
      "ResponseHeaders": {
        "Content-Type": "application/json",
        "Date": "Thu, 20 Aug 2020 18:05:56 GMT",
        "ETag": "W/\u0022datetime\u00272020-08-20T18%3A05%3A57.9229192Z\u0027\u0022",
        "Location": "https://t6d9ba26493dd43beprim.table.cosmos.azure.com/testtable8822lm1f(PartitionKey=\u0027somPartition\u0027,RowKey=\u002705\u0027)",
        "Server": "Microsoft-HTTPAPI/2.0",
        "Transfer-Encoding": "chunked",
        "x-ms-request-id": "444cb367-7b43-7a94-106d-27facbb3efe6"
      },
      "ResponseBody": {
        "odata.metadata": "https://t6d9ba26493dd43beprim.table.cosmos.azure.com/testtable8822lm1f/$metadata#testtable8822lm1f/@Element",
        "odata.etag": "W/\u0022datetime\u00272020-08-20T18%3A05%3A57.9229192Z\u0027\u0022",
        "StringTypeProperty": "This is table entity number 05",
        "DatetimeTypeProperty@odata.type": "Edm.DateTime",
        "DatetimeTypeProperty": "2020-01-01T01:06:00.0000000Z",
        "DatetimeOffsetTypeProperty@odata.type": "Edm.DateTime",
        "DatetimeOffsetTypeProperty": "2020-01-01T01:06:00.0000000Z",
        "GuidTypeProperty@odata.type": "Edm.Guid",
        "GuidTypeProperty": "0d391d16-97f1-4b9a-be68-4cc871f90005",
        "BinaryTypeProperty@odata.type": "Edm.Binary",
        "BinaryTypeProperty": "AQIDBAU=",
        "Int64TypeProperty@odata.type": "Edm.Int64",
        "Int64TypeProperty": "5",
        "DoubleTypeProperty": 5,
        "IntTypeProperty": 5,
        "PartitionKey": "somPartition",
        "RowKey": "05",
        "Timestamp@odata.type": "Edm.DateTime",
        "Timestamp": "2020-08-20T18:05:57.9229192Z"
      }
    },
    {
      "RequestUri": "https://t6d9ba26493dd43beprim.table.cosmos.azure.com/testtable8822lm1f?$format=application%2Fjson%3Bodata%3Dminimalmetadata",
      "RequestMethod": "POST",
      "RequestHeaders": {
        "Accept": [
          "application/json",
          "application/json; odata=minimalmetadata"
        ],
        "Authorization": "Sanitized",
        "Content-Length": "677",
        "Content-Type": "application/json; odata=nometadata",
        "DataServiceVersion": "3.0",
        "traceparent": "00-684e25bc96cadc4aa2fb256cd4765b6a-108e3317c51e5840-00",
        "User-Agent": [
          "azsdk-net-Data.Tables/1.0.0-dev.20200820.2",
          "(.NET Core 4.6.27514.02; Microsoft Windows 10.0.17763 )"
        ],
        "x-ms-client-request-id": "f4bdd06a03176ab891ef8bef802720d5",
        "x-ms-date": "Thu, 20 Aug 2020 18:05:57 GMT",
        "x-ms-return-client-request-id": "true",
        "x-ms-version": "2019-02-02"
      },
      "RequestBody": {
        "StringTypeProperty": "This is table entity number 06",
        "DatetimeTypeProperty": "2020-01-01T01:07:00.0000000Z",
        "DatetimeTypeProperty@odata.type": "Edm.DateTime",
        "DatetimeOffsetTypeProperty": "2020-01-01T01:07:00.0000000Z",
        "DatetimeOffsetTypeProperty@odata.type": "Edm.DateTime",
        "GuidTypeProperty": "0d391d16-97f1-4b9a-be68-4cc871f90006",
        "GuidTypeProperty@odata.type": "Edm.Guid",
        "BinaryTypeProperty": "AQIDBAU=",
        "BinaryTypeProperty@odata.type": "Edm.Binary",
        "Int64TypeProperty": "6",
        "Int64TypeProperty@odata.type": "Edm.Int64",
        "DoubleTypeProperty": 6,
        "DoubleTypeProperty@odata.type": "Edm.Double",
        "IntTypeProperty": 6,
        "PartitionKey": "somPartition",
        "RowKey": "06",
        "Timestamp": null,
        "ETag": null
      },
      "StatusCode": 201,
      "ResponseHeaders": {
        "Content-Type": "application/json",
        "Date": "Thu, 20 Aug 2020 18:05:57 GMT",
        "ETag": "W/\u0022datetime\u00272020-08-20T18%3A05%3A58.0123144Z\u0027\u0022",
        "Location": "https://t6d9ba26493dd43beprim.table.cosmos.azure.com/testtable8822lm1f(PartitionKey=\u0027somPartition\u0027,RowKey=\u002706\u0027)",
        "Server": "Microsoft-HTTPAPI/2.0",
        "Transfer-Encoding": "chunked",
        "x-ms-request-id": "f4bdd06a-0317-6ab8-91ef-8bef802720d5"
      },
      "ResponseBody": {
        "odata.metadata": "https://t6d9ba26493dd43beprim.table.cosmos.azure.com/testtable8822lm1f/$metadata#testtable8822lm1f/@Element",
        "odata.etag": "W/\u0022datetime\u00272020-08-20T18%3A05%3A58.0123144Z\u0027\u0022",
        "StringTypeProperty": "This is table entity number 06",
        "DatetimeTypeProperty@odata.type": "Edm.DateTime",
        "DatetimeTypeProperty": "2020-01-01T01:07:00.0000000Z",
        "DatetimeOffsetTypeProperty@odata.type": "Edm.DateTime",
        "DatetimeOffsetTypeProperty": "2020-01-01T01:07:00.0000000Z",
        "GuidTypeProperty@odata.type": "Edm.Guid",
        "GuidTypeProperty": "0d391d16-97f1-4b9a-be68-4cc871f90006",
        "BinaryTypeProperty@odata.type": "Edm.Binary",
        "BinaryTypeProperty": "AQIDBAU=",
        "Int64TypeProperty@odata.type": "Edm.Int64",
        "Int64TypeProperty": "6",
        "DoubleTypeProperty": 6,
        "IntTypeProperty": 6,
        "PartitionKey": "somPartition",
        "RowKey": "06",
        "Timestamp@odata.type": "Edm.DateTime",
        "Timestamp": "2020-08-20T18:05:58.0123144Z"
      }
    },
    {
      "RequestUri": "https://t6d9ba26493dd43beprim.table.cosmos.azure.com/testtable8822lm1f?$format=application%2Fjson%3Bodata%3Dminimalmetadata",
      "RequestMethod": "POST",
      "RequestHeaders": {
        "Accept": [
          "application/json",
          "application/json; odata=minimalmetadata"
        ],
        "Authorization": "Sanitized",
        "Content-Length": "677",
        "Content-Type": "application/json; odata=nometadata",
        "DataServiceVersion": "3.0",
        "traceparent": "00-9b699f3290f7344a84ce983df0536e3b-82676a332d644840-00",
        "User-Agent": [
          "azsdk-net-Data.Tables/1.0.0-dev.20200820.2",
          "(.NET Core 4.6.27514.02; Microsoft Windows 10.0.17763 )"
        ],
        "x-ms-client-request-id": "2c25254ed3a780eefda7ed09dfd6b39f",
        "x-ms-date": "Thu, 20 Aug 2020 18:05:58 GMT",
        "x-ms-return-client-request-id": "true",
        "x-ms-version": "2019-02-02"
      },
      "RequestBody": {
        "StringTypeProperty": "This is table entity number 07",
        "DatetimeTypeProperty": "2020-01-01T01:08:00.0000000Z",
        "DatetimeTypeProperty@odata.type": "Edm.DateTime",
        "DatetimeOffsetTypeProperty": "2020-01-01T01:08:00.0000000Z",
        "DatetimeOffsetTypeProperty@odata.type": "Edm.DateTime",
        "GuidTypeProperty": "0d391d16-97f1-4b9a-be68-4cc871f90007",
        "GuidTypeProperty@odata.type": "Edm.Guid",
        "BinaryTypeProperty": "AQIDBAU=",
        "BinaryTypeProperty@odata.type": "Edm.Binary",
        "Int64TypeProperty": "7",
        "Int64TypeProperty@odata.type": "Edm.Int64",
        "DoubleTypeProperty": 7,
        "DoubleTypeProperty@odata.type": "Edm.Double",
        "IntTypeProperty": 7,
        "PartitionKey": "somPartition",
        "RowKey": "07",
        "Timestamp": null,
        "ETag": null
      },
      "StatusCode": 201,
      "ResponseHeaders": {
        "Content-Type": "application/json",
        "Date": "Thu, 20 Aug 2020 18:05:57 GMT",
        "ETag": "W/\u0022datetime\u00272020-08-20T18%3A05%3A58.0929032Z\u0027\u0022",
        "Location": "https://t6d9ba26493dd43beprim.table.cosmos.azure.com/testtable8822lm1f(PartitionKey=\u0027somPartition\u0027,RowKey=\u002707\u0027)",
        "Server": "Microsoft-HTTPAPI/2.0",
        "Transfer-Encoding": "chunked",
        "x-ms-request-id": "2c25254e-d3a7-80ee-fda7-ed09dfd6b39f"
      },
      "ResponseBody": {
        "odata.metadata": "https://t6d9ba26493dd43beprim.table.cosmos.azure.com/testtable8822lm1f/$metadata#testtable8822lm1f/@Element",
        "odata.etag": "W/\u0022datetime\u00272020-08-20T18%3A05%3A58.0929032Z\u0027\u0022",
        "StringTypeProperty": "This is table entity number 07",
        "DatetimeTypeProperty@odata.type": "Edm.DateTime",
        "DatetimeTypeProperty": "2020-01-01T01:08:00.0000000Z",
        "DatetimeOffsetTypeProperty@odata.type": "Edm.DateTime",
        "DatetimeOffsetTypeProperty": "2020-01-01T01:08:00.0000000Z",
        "GuidTypeProperty@odata.type": "Edm.Guid",
        "GuidTypeProperty": "0d391d16-97f1-4b9a-be68-4cc871f90007",
        "BinaryTypeProperty@odata.type": "Edm.Binary",
        "BinaryTypeProperty": "AQIDBAU=",
        "Int64TypeProperty@odata.type": "Edm.Int64",
        "Int64TypeProperty": "7",
        "DoubleTypeProperty": 7,
        "IntTypeProperty": 7,
        "PartitionKey": "somPartition",
        "RowKey": "07",
        "Timestamp@odata.type": "Edm.DateTime",
        "Timestamp": "2020-08-20T18:05:58.0929032Z"
      }
    },
    {
      "RequestUri": "https://t6d9ba26493dd43beprim.table.cosmos.azure.com/testtable8822lm1f?$format=application%2Fjson%3Bodata%3Dminimalmetadata",
      "RequestMethod": "POST",
      "RequestHeaders": {
        "Accept": [
          "application/json",
          "application/json; odata=minimalmetadata"
        ],
        "Authorization": "Sanitized",
        "Content-Length": "677",
        "Content-Type": "application/json; odata=nometadata",
        "DataServiceVersion": "3.0",
        "traceparent": "00-8ca678a5bc260946bfcc7a832ce37287-daa319a524c2194a-00",
        "User-Agent": [
          "azsdk-net-Data.Tables/1.0.0-dev.20200820.2",
          "(.NET Core 4.6.27514.02; Microsoft Windows 10.0.17763 )"
        ],
        "x-ms-client-request-id": "0f4bb0868c5264f3fbe2b253efa4fae8",
        "x-ms-date": "Thu, 20 Aug 2020 18:05:58 GMT",
        "x-ms-return-client-request-id": "true",
        "x-ms-version": "2019-02-02"
      },
      "RequestBody": {
        "StringTypeProperty": "This is table entity number 08",
        "DatetimeTypeProperty": "2020-01-01T01:09:00.0000000Z",
        "DatetimeTypeProperty@odata.type": "Edm.DateTime",
        "DatetimeOffsetTypeProperty": "2020-01-01T01:09:00.0000000Z",
        "DatetimeOffsetTypeProperty@odata.type": "Edm.DateTime",
        "GuidTypeProperty": "0d391d16-97f1-4b9a-be68-4cc871f90008",
        "GuidTypeProperty@odata.type": "Edm.Guid",
        "BinaryTypeProperty": "AQIDBAU=",
        "BinaryTypeProperty@odata.type": "Edm.Binary",
        "Int64TypeProperty": "8",
        "Int64TypeProperty@odata.type": "Edm.Int64",
        "DoubleTypeProperty": 8,
        "DoubleTypeProperty@odata.type": "Edm.Double",
        "IntTypeProperty": 8,
        "PartitionKey": "somPartition",
        "RowKey": "08",
        "Timestamp": null,
        "ETag": null
      },
      "StatusCode": 201,
      "ResponseHeaders": {
        "Content-Type": "application/json",
        "Date": "Thu, 20 Aug 2020 18:05:57 GMT",
        "ETag": "W/\u0022datetime\u00272020-08-20T18%3A05%3A58.1727752Z\u0027\u0022",
        "Location": "https://t6d9ba26493dd43beprim.table.cosmos.azure.com/testtable8822lm1f(PartitionKey=\u0027somPartition\u0027,RowKey=\u002708\u0027)",
        "Server": "Microsoft-HTTPAPI/2.0",
        "Transfer-Encoding": "chunked",
        "x-ms-request-id": "0f4bb086-8c52-64f3-fbe2-b253efa4fae8"
      },
      "ResponseBody": {
        "odata.metadata": "https://t6d9ba26493dd43beprim.table.cosmos.azure.com/testtable8822lm1f/$metadata#testtable8822lm1f/@Element",
        "odata.etag": "W/\u0022datetime\u00272020-08-20T18%3A05%3A58.1727752Z\u0027\u0022",
        "StringTypeProperty": "This is table entity number 08",
        "DatetimeTypeProperty@odata.type": "Edm.DateTime",
        "DatetimeTypeProperty": "2020-01-01T01:09:00.0000000Z",
        "DatetimeOffsetTypeProperty@odata.type": "Edm.DateTime",
        "DatetimeOffsetTypeProperty": "2020-01-01T01:09:00.0000000Z",
        "GuidTypeProperty@odata.type": "Edm.Guid",
        "GuidTypeProperty": "0d391d16-97f1-4b9a-be68-4cc871f90008",
        "BinaryTypeProperty@odata.type": "Edm.Binary",
        "BinaryTypeProperty": "AQIDBAU=",
        "Int64TypeProperty@odata.type": "Edm.Int64",
        "Int64TypeProperty": "8",
        "DoubleTypeProperty": 8,
        "IntTypeProperty": 8,
        "PartitionKey": "somPartition",
        "RowKey": "08",
        "Timestamp@odata.type": "Edm.DateTime",
        "Timestamp": "2020-08-20T18:05:58.1727752Z"
      }
    },
    {
      "RequestUri": "https://t6d9ba26493dd43beprim.table.cosmos.azure.com/testtable8822lm1f?$format=application%2Fjson%3Bodata%3Dminimalmetadata",
      "RequestMethod": "POST",
      "RequestHeaders": {
        "Accept": [
          "application/json",
          "application/json; odata=minimalmetadata"
        ],
        "Authorization": "Sanitized",
        "Content-Length": "677",
        "Content-Type": "application/json; odata=nometadata",
        "DataServiceVersion": "3.0",
        "traceparent": "00-b532a14178cbc14aba11ddc70d32321b-c03327ee0f444f4d-00",
        "User-Agent": [
          "azsdk-net-Data.Tables/1.0.0-dev.20200820.2",
          "(.NET Core 4.6.27514.02; Microsoft Windows 10.0.17763 )"
        ],
        "x-ms-client-request-id": "a5ac514cc28e963ee13df66f15af8abb",
        "x-ms-date": "Thu, 20 Aug 2020 18:05:58 GMT",
        "x-ms-return-client-request-id": "true",
        "x-ms-version": "2019-02-02"
      },
      "RequestBody": {
        "StringTypeProperty": "This is table entity number 09",
        "DatetimeTypeProperty": "2020-01-01T01:10:00.0000000Z",
        "DatetimeTypeProperty@odata.type": "Edm.DateTime",
        "DatetimeOffsetTypeProperty": "2020-01-01T01:10:00.0000000Z",
        "DatetimeOffsetTypeProperty@odata.type": "Edm.DateTime",
        "GuidTypeProperty": "0d391d16-97f1-4b9a-be68-4cc871f90009",
        "GuidTypeProperty@odata.type": "Edm.Guid",
        "BinaryTypeProperty": "AQIDBAU=",
        "BinaryTypeProperty@odata.type": "Edm.Binary",
        "Int64TypeProperty": "9",
        "Int64TypeProperty@odata.type": "Edm.Int64",
        "DoubleTypeProperty": 9,
        "DoubleTypeProperty@odata.type": "Edm.Double",
        "IntTypeProperty": 9,
        "PartitionKey": "somPartition",
        "RowKey": "09",
        "Timestamp": null,
        "ETag": null
      },
      "StatusCode": 201,
      "ResponseHeaders": {
        "Content-Type": "application/json",
        "Date": "Thu, 20 Aug 2020 18:05:57 GMT",
        "ETag": "W/\u0022datetime\u00272020-08-20T18%3A05%3A58.2527496Z\u0027\u0022",
        "Location": "https://t6d9ba26493dd43beprim.table.cosmos.azure.com/testtable8822lm1f(PartitionKey=\u0027somPartition\u0027,RowKey=\u002709\u0027)",
        "Server": "Microsoft-HTTPAPI/2.0",
        "Transfer-Encoding": "chunked",
        "x-ms-request-id": "a5ac514c-c28e-963e-e13d-f66f15af8abb"
      },
      "ResponseBody": {
        "odata.metadata": "https://t6d9ba26493dd43beprim.table.cosmos.azure.com/testtable8822lm1f/$metadata#testtable8822lm1f/@Element",
        "odata.etag": "W/\u0022datetime\u00272020-08-20T18%3A05%3A58.2527496Z\u0027\u0022",
        "StringTypeProperty": "This is table entity number 09",
        "DatetimeTypeProperty@odata.type": "Edm.DateTime",
        "DatetimeTypeProperty": "2020-01-01T01:10:00.0000000Z",
        "DatetimeOffsetTypeProperty@odata.type": "Edm.DateTime",
        "DatetimeOffsetTypeProperty": "2020-01-01T01:10:00.0000000Z",
        "GuidTypeProperty@odata.type": "Edm.Guid",
        "GuidTypeProperty": "0d391d16-97f1-4b9a-be68-4cc871f90009",
        "BinaryTypeProperty@odata.type": "Edm.Binary",
        "BinaryTypeProperty": "AQIDBAU=",
        "Int64TypeProperty@odata.type": "Edm.Int64",
        "Int64TypeProperty": "9",
        "DoubleTypeProperty": 9,
        "IntTypeProperty": 9,
        "PartitionKey": "somPartition",
        "RowKey": "09",
        "Timestamp@odata.type": "Edm.DateTime",
        "Timestamp": "2020-08-20T18:05:58.2527496Z"
      }
    },
    {
      "RequestUri": "https://t6d9ba26493dd43beprim.table.cosmos.azure.com/testtable8822lm1f?$format=application%2Fjson%3Bodata%3Dminimalmetadata",
      "RequestMethod": "POST",
      "RequestHeaders": {
        "Accept": [
          "application/json",
          "application/json; odata=minimalmetadata"
        ],
        "Authorization": "Sanitized",
        "Content-Length": "680",
        "Content-Type": "application/json; odata=nometadata",
        "DataServiceVersion": "3.0",
        "traceparent": "00-5653a753c17e8646a673de7b49f0954c-bb8445105fa41d4b-00",
        "User-Agent": [
          "azsdk-net-Data.Tables/1.0.0-dev.20200820.2",
          "(.NET Core 4.6.27514.02; Microsoft Windows 10.0.17763 )"
        ],
        "x-ms-client-request-id": "cf68ec3b11dcc18332c131c5219b9058",
        "x-ms-date": "Thu, 20 Aug 2020 18:05:58 GMT",
        "x-ms-return-client-request-id": "true",
        "x-ms-version": "2019-02-02"
      },
      "RequestBody": {
        "StringTypeProperty": "This is table entity number 10",
        "DatetimeTypeProperty": "2020-01-01T01:11:00.0000000Z",
        "DatetimeTypeProperty@odata.type": "Edm.DateTime",
        "DatetimeOffsetTypeProperty": "2020-01-01T01:11:00.0000000Z",
        "DatetimeOffsetTypeProperty@odata.type": "Edm.DateTime",
        "GuidTypeProperty": "0d391d16-97f1-4b9a-be68-4cc871f90010",
        "GuidTypeProperty@odata.type": "Edm.Guid",
        "BinaryTypeProperty": "AQIDBAU=",
        "BinaryTypeProperty@odata.type": "Edm.Binary",
        "Int64TypeProperty": "10",
        "Int64TypeProperty@odata.type": "Edm.Int64",
        "DoubleTypeProperty": 10,
        "DoubleTypeProperty@odata.type": "Edm.Double",
        "IntTypeProperty": 10,
        "PartitionKey": "somPartition",
        "RowKey": "10",
        "Timestamp": null,
        "ETag": null
      },
      "StatusCode": 201,
      "ResponseHeaders": {
        "Content-Type": "application/json",
        "Date": "Thu, 20 Aug 2020 18:05:57 GMT",
        "ETag": "W/\u0022datetime\u00272020-08-20T18%3A05%3A58.3330312Z\u0027\u0022",
        "Location": "https://t6d9ba26493dd43beprim.table.cosmos.azure.com/testtable8822lm1f(PartitionKey=\u0027somPartition\u0027,RowKey=\u002710\u0027)",
        "Server": "Microsoft-HTTPAPI/2.0",
        "Transfer-Encoding": "chunked",
        "x-ms-request-id": "cf68ec3b-11dc-c183-32c1-31c5219b9058"
      },
      "ResponseBody": {
        "odata.metadata": "https://t6d9ba26493dd43beprim.table.cosmos.azure.com/testtable8822lm1f/$metadata#testtable8822lm1f/@Element",
        "odata.etag": "W/\u0022datetime\u00272020-08-20T18%3A05%3A58.3330312Z\u0027\u0022",
        "StringTypeProperty": "This is table entity number 10",
        "DatetimeTypeProperty@odata.type": "Edm.DateTime",
        "DatetimeTypeProperty": "2020-01-01T01:11:00.0000000Z",
        "DatetimeOffsetTypeProperty@odata.type": "Edm.DateTime",
        "DatetimeOffsetTypeProperty": "2020-01-01T01:11:00.0000000Z",
        "GuidTypeProperty@odata.type": "Edm.Guid",
        "GuidTypeProperty": "0d391d16-97f1-4b9a-be68-4cc871f90010",
        "BinaryTypeProperty@odata.type": "Edm.Binary",
        "BinaryTypeProperty": "AQIDBAU=",
        "Int64TypeProperty@odata.type": "Edm.Int64",
        "Int64TypeProperty": "10",
        "DoubleTypeProperty": 10,
        "IntTypeProperty": 10,
        "PartitionKey": "somPartition",
        "RowKey": "10",
        "Timestamp@odata.type": "Edm.DateTime",
        "Timestamp": "2020-08-20T18:05:58.3330312Z"
      }
    },
    {
      "RequestUri": "https://t6d9ba26493dd43beprim.table.cosmos.azure.com/testtable8822lm1f?$format=application%2Fjson%3Bodata%3Dminimalmetadata",
      "RequestMethod": "POST",
      "RequestHeaders": {
        "Accept": [
          "application/json",
          "application/json; odata=minimalmetadata"
        ],
        "Authorization": "Sanitized",
        "Content-Length": "680",
        "Content-Type": "application/json; odata=nometadata",
        "DataServiceVersion": "3.0",
        "traceparent": "00-eb07ee54ae8d9a44994e12d502c195c5-e46b153dcd921c43-00",
        "User-Agent": [
          "azsdk-net-Data.Tables/1.0.0-dev.20200820.2",
          "(.NET Core 4.6.27514.02; Microsoft Windows 10.0.17763 )"
        ],
        "x-ms-client-request-id": "8ebc05ad0e29c31171b42d1595844f4b",
        "x-ms-date": "Thu, 20 Aug 2020 18:05:58 GMT",
        "x-ms-return-client-request-id": "true",
        "x-ms-version": "2019-02-02"
      },
      "RequestBody": {
        "StringTypeProperty": "This is table entity number 11",
        "DatetimeTypeProperty": "2020-01-01T01:12:00.0000000Z",
        "DatetimeTypeProperty@odata.type": "Edm.DateTime",
        "DatetimeOffsetTypeProperty": "2020-01-01T01:12:00.0000000Z",
        "DatetimeOffsetTypeProperty@odata.type": "Edm.DateTime",
        "GuidTypeProperty": "0d391d16-97f1-4b9a-be68-4cc871f90011",
        "GuidTypeProperty@odata.type": "Edm.Guid",
        "BinaryTypeProperty": "AQIDBAU=",
        "BinaryTypeProperty@odata.type": "Edm.Binary",
        "Int64TypeProperty": "11",
        "Int64TypeProperty@odata.type": "Edm.Int64",
        "DoubleTypeProperty": 11,
        "DoubleTypeProperty@odata.type": "Edm.Double",
        "IntTypeProperty": 11,
        "PartitionKey": "somPartition",
        "RowKey": "11",
        "Timestamp": null,
        "ETag": null
      },
      "StatusCode": 201,
      "ResponseHeaders": {
        "Content-Type": "application/json",
        "Date": "Thu, 20 Aug 2020 18:05:57 GMT",
        "ETag": "W/\u0022datetime\u00272020-08-20T18%3A05%3A58.4133128Z\u0027\u0022",
        "Location": "https://t6d9ba26493dd43beprim.table.cosmos.azure.com/testtable8822lm1f(PartitionKey=\u0027somPartition\u0027,RowKey=\u002711\u0027)",
        "Server": "Microsoft-HTTPAPI/2.0",
        "Transfer-Encoding": "chunked",
        "x-ms-request-id": "8ebc05ad-0e29-c311-71b4-2d1595844f4b"
      },
      "ResponseBody": {
        "odata.metadata": "https://t6d9ba26493dd43beprim.table.cosmos.azure.com/testtable8822lm1f/$metadata#testtable8822lm1f/@Element",
        "odata.etag": "W/\u0022datetime\u00272020-08-20T18%3A05%3A58.4133128Z\u0027\u0022",
        "StringTypeProperty": "This is table entity number 11",
        "DatetimeTypeProperty@odata.type": "Edm.DateTime",
        "DatetimeTypeProperty": "2020-01-01T01:12:00.0000000Z",
        "DatetimeOffsetTypeProperty@odata.type": "Edm.DateTime",
        "DatetimeOffsetTypeProperty": "2020-01-01T01:12:00.0000000Z",
        "GuidTypeProperty@odata.type": "Edm.Guid",
        "GuidTypeProperty": "0d391d16-97f1-4b9a-be68-4cc871f90011",
        "BinaryTypeProperty@odata.type": "Edm.Binary",
        "BinaryTypeProperty": "AQIDBAU=",
        "Int64TypeProperty@odata.type": "Edm.Int64",
        "Int64TypeProperty": "11",
        "DoubleTypeProperty": 11,
        "IntTypeProperty": 11,
        "PartitionKey": "somPartition",
        "RowKey": "11",
        "Timestamp@odata.type": "Edm.DateTime",
        "Timestamp": "2020-08-20T18:05:58.4133128Z"
      }
    },
    {
      "RequestUri": "https://t6d9ba26493dd43beprim.table.cosmos.azure.com/testtable8822lm1f?$format=application%2Fjson%3Bodata%3Dminimalmetadata",
      "RequestMethod": "POST",
      "RequestHeaders": {
        "Accept": [
          "application/json",
          "application/json; odata=minimalmetadata"
        ],
        "Authorization": "Sanitized",
        "Content-Length": "680",
        "Content-Type": "application/json; odata=nometadata",
        "DataServiceVersion": "3.0",
        "traceparent": "00-f526190765b1c34dbe6c95cccbd02e9f-155dcdc4bffe7b4c-00",
        "User-Agent": [
          "azsdk-net-Data.Tables/1.0.0-dev.20200820.2",
          "(.NET Core 4.6.27514.02; Microsoft Windows 10.0.17763 )"
        ],
        "x-ms-client-request-id": "0317f7572a3c3a0ccdeb73cc90797546",
        "x-ms-date": "Thu, 20 Aug 2020 18:05:58 GMT",
        "x-ms-return-client-request-id": "true",
        "x-ms-version": "2019-02-02"
      },
      "RequestBody": {
        "StringTypeProperty": "This is table entity number 12",
        "DatetimeTypeProperty": "2020-01-01T01:13:00.0000000Z",
        "DatetimeTypeProperty@odata.type": "Edm.DateTime",
        "DatetimeOffsetTypeProperty": "2020-01-01T01:13:00.0000000Z",
        "DatetimeOffsetTypeProperty@odata.type": "Edm.DateTime",
        "GuidTypeProperty": "0d391d16-97f1-4b9a-be68-4cc871f90012",
        "GuidTypeProperty@odata.type": "Edm.Guid",
        "BinaryTypeProperty": "AQIDBAU=",
        "BinaryTypeProperty@odata.type": "Edm.Binary",
        "Int64TypeProperty": "12",
        "Int64TypeProperty@odata.type": "Edm.Int64",
        "DoubleTypeProperty": 12,
        "DoubleTypeProperty@odata.type": "Edm.Double",
        "IntTypeProperty": 12,
        "PartitionKey": "somPartition",
        "RowKey": "12",
        "Timestamp": null,
        "ETag": null
      },
      "StatusCode": 201,
      "ResponseHeaders": {
        "Content-Type": "application/json",
        "Date": "Thu, 20 Aug 2020 18:05:57 GMT",
        "ETag": "W/\u0022datetime\u00272020-08-20T18%3A05%3A58.4954376Z\u0027\u0022",
        "Location": "https://t6d9ba26493dd43beprim.table.cosmos.azure.com/testtable8822lm1f(PartitionKey=\u0027somPartition\u0027,RowKey=\u002712\u0027)",
        "Server": "Microsoft-HTTPAPI/2.0",
        "Transfer-Encoding": "chunked",
        "x-ms-request-id": "0317f757-2a3c-3a0c-cdeb-73cc90797546"
      },
      "ResponseBody": {
        "odata.metadata": "https://t6d9ba26493dd43beprim.table.cosmos.azure.com/testtable8822lm1f/$metadata#testtable8822lm1f/@Element",
        "odata.etag": "W/\u0022datetime\u00272020-08-20T18%3A05%3A58.4954376Z\u0027\u0022",
        "StringTypeProperty": "This is table entity number 12",
        "DatetimeTypeProperty@odata.type": "Edm.DateTime",
        "DatetimeTypeProperty": "2020-01-01T01:13:00.0000000Z",
        "DatetimeOffsetTypeProperty@odata.type": "Edm.DateTime",
        "DatetimeOffsetTypeProperty": "2020-01-01T01:13:00.0000000Z",
        "GuidTypeProperty@odata.type": "Edm.Guid",
        "GuidTypeProperty": "0d391d16-97f1-4b9a-be68-4cc871f90012",
        "BinaryTypeProperty@odata.type": "Edm.Binary",
        "BinaryTypeProperty": "AQIDBAU=",
        "Int64TypeProperty@odata.type": "Edm.Int64",
        "Int64TypeProperty": "12",
        "DoubleTypeProperty": 12,
        "IntTypeProperty": 12,
        "PartitionKey": "somPartition",
        "RowKey": "12",
        "Timestamp@odata.type": "Edm.DateTime",
        "Timestamp": "2020-08-20T18:05:58.4954376Z"
      }
    },
    {
      "RequestUri": "https://t6d9ba26493dd43beprim.table.cosmos.azure.com/testtable8822lm1f?$format=application%2Fjson%3Bodata%3Dminimalmetadata",
      "RequestMethod": "POST",
      "RequestHeaders": {
        "Accept": [
          "application/json",
          "application/json; odata=minimalmetadata"
        ],
        "Authorization": "Sanitized",
        "Content-Length": "680",
        "Content-Type": "application/json; odata=nometadata",
        "DataServiceVersion": "3.0",
        "traceparent": "00-9265d6de8f8d35469ed07eed2d5952e8-9dfc52dfde7b0f40-00",
        "User-Agent": [
          "azsdk-net-Data.Tables/1.0.0-dev.20200820.2",
          "(.NET Core 4.6.27514.02; Microsoft Windows 10.0.17763 )"
        ],
        "x-ms-client-request-id": "10c29eacfcf22d91daa45d27e46e2bad",
        "x-ms-date": "Thu, 20 Aug 2020 18:05:58 GMT",
        "x-ms-return-client-request-id": "true",
        "x-ms-version": "2019-02-02"
      },
      "RequestBody": {
        "StringTypeProperty": "This is table entity number 13",
        "DatetimeTypeProperty": "2020-01-01T01:14:00.0000000Z",
        "DatetimeTypeProperty@odata.type": "Edm.DateTime",
        "DatetimeOffsetTypeProperty": "2020-01-01T01:14:00.0000000Z",
        "DatetimeOffsetTypeProperty@odata.type": "Edm.DateTime",
        "GuidTypeProperty": "0d391d16-97f1-4b9a-be68-4cc871f90013",
        "GuidTypeProperty@odata.type": "Edm.Guid",
        "BinaryTypeProperty": "AQIDBAU=",
        "BinaryTypeProperty@odata.type": "Edm.Binary",
        "Int64TypeProperty": "13",
        "Int64TypeProperty@odata.type": "Edm.Int64",
        "DoubleTypeProperty": 13,
        "DoubleTypeProperty@odata.type": "Edm.Double",
        "IntTypeProperty": 13,
        "PartitionKey": "somPartition",
        "RowKey": "13",
        "Timestamp": null,
        "ETag": null
      },
      "StatusCode": 201,
      "ResponseHeaders": {
        "Content-Type": "application/json",
        "Date": "Thu, 20 Aug 2020 18:05:57 GMT",
        "ETag": "W/\u0022datetime\u00272020-08-20T18%3A05%3A58.5769480Z\u0027\u0022",
        "Location": "https://t6d9ba26493dd43beprim.table.cosmos.azure.com/testtable8822lm1f(PartitionKey=\u0027somPartition\u0027,RowKey=\u002713\u0027)",
        "Server": "Microsoft-HTTPAPI/2.0",
        "Transfer-Encoding": "chunked",
        "x-ms-request-id": "10c29eac-fcf2-2d91-daa4-5d27e46e2bad"
      },
      "ResponseBody": {
        "odata.metadata": "https://t6d9ba26493dd43beprim.table.cosmos.azure.com/testtable8822lm1f/$metadata#testtable8822lm1f/@Element",
        "odata.etag": "W/\u0022datetime\u00272020-08-20T18%3A05%3A58.5769480Z\u0027\u0022",
        "StringTypeProperty": "This is table entity number 13",
        "DatetimeTypeProperty@odata.type": "Edm.DateTime",
        "DatetimeTypeProperty": "2020-01-01T01:14:00.0000000Z",
        "DatetimeOffsetTypeProperty@odata.type": "Edm.DateTime",
        "DatetimeOffsetTypeProperty": "2020-01-01T01:14:00.0000000Z",
        "GuidTypeProperty@odata.type": "Edm.Guid",
        "GuidTypeProperty": "0d391d16-97f1-4b9a-be68-4cc871f90013",
        "BinaryTypeProperty@odata.type": "Edm.Binary",
        "BinaryTypeProperty": "AQIDBAU=",
        "Int64TypeProperty@odata.type": "Edm.Int64",
        "Int64TypeProperty": "13",
        "DoubleTypeProperty": 13,
        "IntTypeProperty": 13,
        "PartitionKey": "somPartition",
        "RowKey": "13",
        "Timestamp@odata.type": "Edm.DateTime",
        "Timestamp": "2020-08-20T18:05:58.5769480Z"
      }
    },
    {
      "RequestUri": "https://t6d9ba26493dd43beprim.table.cosmos.azure.com/testtable8822lm1f?$format=application%2Fjson%3Bodata%3Dminimalmetadata",
      "RequestMethod": "POST",
      "RequestHeaders": {
        "Accept": [
          "application/json",
          "application/json; odata=minimalmetadata"
        ],
        "Authorization": "Sanitized",
        "Content-Length": "680",
        "Content-Type": "application/json; odata=nometadata",
        "DataServiceVersion": "3.0",
        "traceparent": "00-5ea982688e616b4493c4bd15e5c4c03d-73a66f74de359f4a-00",
        "User-Agent": [
          "azsdk-net-Data.Tables/1.0.0-dev.20200820.2",
          "(.NET Core 4.6.27514.02; Microsoft Windows 10.0.17763 )"
        ],
        "x-ms-client-request-id": "296ee6728d83821cf882c03e9a4433f8",
        "x-ms-date": "Thu, 20 Aug 2020 18:05:58 GMT",
        "x-ms-return-client-request-id": "true",
        "x-ms-version": "2019-02-02"
      },
      "RequestBody": {
        "StringTypeProperty": "This is table entity number 14",
        "DatetimeTypeProperty": "2020-01-01T01:15:00.0000000Z",
        "DatetimeTypeProperty@odata.type": "Edm.DateTime",
        "DatetimeOffsetTypeProperty": "2020-01-01T01:15:00.0000000Z",
        "DatetimeOffsetTypeProperty@odata.type": "Edm.DateTime",
        "GuidTypeProperty": "0d391d16-97f1-4b9a-be68-4cc871f90014",
        "GuidTypeProperty@odata.type": "Edm.Guid",
        "BinaryTypeProperty": "AQIDBAU=",
        "BinaryTypeProperty@odata.type": "Edm.Binary",
        "Int64TypeProperty": "14",
        "Int64TypeProperty@odata.type": "Edm.Int64",
        "DoubleTypeProperty": 14,
        "DoubleTypeProperty@odata.type": "Edm.Double",
        "IntTypeProperty": 14,
        "PartitionKey": "somPartition",
        "RowKey": "14",
        "Timestamp": null,
        "ETag": null
      },
      "StatusCode": 201,
      "ResponseHeaders": {
        "Content-Type": "application/json",
        "Date": "Thu, 20 Aug 2020 18:05:57 GMT",
        "ETag": "W/\u0022datetime\u00272020-08-20T18%3A05%3A58.6578440Z\u0027\u0022",
        "Location": "https://t6d9ba26493dd43beprim.table.cosmos.azure.com/testtable8822lm1f(PartitionKey=\u0027somPartition\u0027,RowKey=\u002714\u0027)",
        "Server": "Microsoft-HTTPAPI/2.0",
        "Transfer-Encoding": "chunked",
        "x-ms-request-id": "296ee672-8d83-821c-f882-c03e9a4433f8"
      },
      "ResponseBody": {
        "odata.metadata": "https://t6d9ba26493dd43beprim.table.cosmos.azure.com/testtable8822lm1f/$metadata#testtable8822lm1f/@Element",
        "odata.etag": "W/\u0022datetime\u00272020-08-20T18%3A05%3A58.6578440Z\u0027\u0022",
        "StringTypeProperty": "This is table entity number 14",
        "DatetimeTypeProperty@odata.type": "Edm.DateTime",
        "DatetimeTypeProperty": "2020-01-01T01:15:00.0000000Z",
        "DatetimeOffsetTypeProperty@odata.type": "Edm.DateTime",
        "DatetimeOffsetTypeProperty": "2020-01-01T01:15:00.0000000Z",
        "GuidTypeProperty@odata.type": "Edm.Guid",
        "GuidTypeProperty": "0d391d16-97f1-4b9a-be68-4cc871f90014",
        "BinaryTypeProperty@odata.type": "Edm.Binary",
        "BinaryTypeProperty": "AQIDBAU=",
        "Int64TypeProperty@odata.type": "Edm.Int64",
        "Int64TypeProperty": "14",
        "DoubleTypeProperty": 14,
        "IntTypeProperty": 14,
        "PartitionKey": "somPartition",
        "RowKey": "14",
        "Timestamp@odata.type": "Edm.DateTime",
        "Timestamp": "2020-08-20T18:05:58.6578440Z"
      }
    },
    {
      "RequestUri": "https://t6d9ba26493dd43beprim.table.cosmos.azure.com/testtable8822lm1f?$format=application%2Fjson%3Bodata%3Dminimalmetadata",
      "RequestMethod": "POST",
      "RequestHeaders": {
        "Accept": [
          "application/json",
          "application/json; odata=minimalmetadata"
        ],
        "Authorization": "Sanitized",
        "Content-Length": "680",
        "Content-Type": "application/json; odata=nometadata",
        "DataServiceVersion": "3.0",
        "traceparent": "00-0520bc26f29a1a409c3472cf9fd4a985-272f7158e706c84c-00",
        "User-Agent": [
          "azsdk-net-Data.Tables/1.0.0-dev.20200820.2",
          "(.NET Core 4.6.27514.02; Microsoft Windows 10.0.17763 )"
        ],
        "x-ms-client-request-id": "f768e63f3ec25a5966e92997cde4565f",
        "x-ms-date": "Thu, 20 Aug 2020 18:05:58 GMT",
        "x-ms-return-client-request-id": "true",
        "x-ms-version": "2019-02-02"
      },
      "RequestBody": {
        "StringTypeProperty": "This is table entity number 15",
        "DatetimeTypeProperty": "2020-01-01T01:16:00.0000000Z",
        "DatetimeTypeProperty@odata.type": "Edm.DateTime",
        "DatetimeOffsetTypeProperty": "2020-01-01T01:16:00.0000000Z",
        "DatetimeOffsetTypeProperty@odata.type": "Edm.DateTime",
        "GuidTypeProperty": "0d391d16-97f1-4b9a-be68-4cc871f90015",
        "GuidTypeProperty@odata.type": "Edm.Guid",
        "BinaryTypeProperty": "AQIDBAU=",
        "BinaryTypeProperty@odata.type": "Edm.Binary",
        "Int64TypeProperty": "15",
        "Int64TypeProperty@odata.type": "Edm.Int64",
        "DoubleTypeProperty": 15,
        "DoubleTypeProperty@odata.type": "Edm.Double",
        "IntTypeProperty": 15,
        "PartitionKey": "somPartition",
        "RowKey": "15",
        "Timestamp": null,
        "ETag": null
      },
      "StatusCode": 201,
      "ResponseHeaders": {
        "Content-Type": "application/json",
        "Date": "Thu, 20 Aug 2020 18:05:57 GMT",
        "ETag": "W/\u0022datetime\u00272020-08-20T18%3A05%3A58.7382280Z\u0027\u0022",
        "Location": "https://t6d9ba26493dd43beprim.table.cosmos.azure.com/testtable8822lm1f(PartitionKey=\u0027somPartition\u0027,RowKey=\u002715\u0027)",
        "Server": "Microsoft-HTTPAPI/2.0",
        "Transfer-Encoding": "chunked",
        "x-ms-request-id": "f768e63f-3ec2-5a59-66e9-2997cde4565f"
      },
      "ResponseBody": {
        "odata.metadata": "https://t6d9ba26493dd43beprim.table.cosmos.azure.com/testtable8822lm1f/$metadata#testtable8822lm1f/@Element",
        "odata.etag": "W/\u0022datetime\u00272020-08-20T18%3A05%3A58.7382280Z\u0027\u0022",
        "StringTypeProperty": "This is table entity number 15",
        "DatetimeTypeProperty@odata.type": "Edm.DateTime",
        "DatetimeTypeProperty": "2020-01-01T01:16:00.0000000Z",
        "DatetimeOffsetTypeProperty@odata.type": "Edm.DateTime",
        "DatetimeOffsetTypeProperty": "2020-01-01T01:16:00.0000000Z",
        "GuidTypeProperty@odata.type": "Edm.Guid",
        "GuidTypeProperty": "0d391d16-97f1-4b9a-be68-4cc871f90015",
        "BinaryTypeProperty@odata.type": "Edm.Binary",
        "BinaryTypeProperty": "AQIDBAU=",
        "Int64TypeProperty@odata.type": "Edm.Int64",
        "Int64TypeProperty": "15",
        "DoubleTypeProperty": 15,
        "IntTypeProperty": 15,
        "PartitionKey": "somPartition",
        "RowKey": "15",
        "Timestamp@odata.type": "Edm.DateTime",
        "Timestamp": "2020-08-20T18:05:58.7382280Z"
      }
    },
    {
      "RequestUri": "https://t6d9ba26493dd43beprim.table.cosmos.azure.com/testtable8822lm1f?$format=application%2Fjson%3Bodata%3Dminimalmetadata",
      "RequestMethod": "POST",
      "RequestHeaders": {
        "Accept": [
          "application/json",
          "application/json; odata=minimalmetadata"
        ],
        "Authorization": "Sanitized",
        "Content-Length": "680",
        "Content-Type": "application/json; odata=nometadata",
        "DataServiceVersion": "3.0",
        "traceparent": "00-add1498379f6e340b6e94805522e3188-6521a88b84109745-00",
        "User-Agent": [
          "azsdk-net-Data.Tables/1.0.0-dev.20200820.2",
          "(.NET Core 4.6.27514.02; Microsoft Windows 10.0.17763 )"
        ],
        "x-ms-client-request-id": "aa5ac5bf4b0b1fc2813f17703b529396",
        "x-ms-date": "Thu, 20 Aug 2020 18:05:58 GMT",
        "x-ms-return-client-request-id": "true",
        "x-ms-version": "2019-02-02"
      },
      "RequestBody": {
        "StringTypeProperty": "This is table entity number 16",
        "DatetimeTypeProperty": "2020-01-01T01:17:00.0000000Z",
        "DatetimeTypeProperty@odata.type": "Edm.DateTime",
        "DatetimeOffsetTypeProperty": "2020-01-01T01:17:00.0000000Z",
        "DatetimeOffsetTypeProperty@odata.type": "Edm.DateTime",
        "GuidTypeProperty": "0d391d16-97f1-4b9a-be68-4cc871f90016",
        "GuidTypeProperty@odata.type": "Edm.Guid",
        "BinaryTypeProperty": "AQIDBAU=",
        "BinaryTypeProperty@odata.type": "Edm.Binary",
        "Int64TypeProperty": "16",
        "Int64TypeProperty@odata.type": "Edm.Int64",
        "DoubleTypeProperty": 16,
        "DoubleTypeProperty@odata.type": "Edm.Double",
        "IntTypeProperty": 16,
        "PartitionKey": "somPartition",
        "RowKey": "16",
        "Timestamp": null,
        "ETag": null
      },
      "StatusCode": 201,
      "ResponseHeaders": {
        "Content-Type": "application/json",
        "Date": "Thu, 20 Aug 2020 18:05:57 GMT",
        "ETag": "W/\u0022datetime\u00272020-08-20T18%3A05%3A58.8196360Z\u0027\u0022",
        "Location": "https://t6d9ba26493dd43beprim.table.cosmos.azure.com/testtable8822lm1f(PartitionKey=\u0027somPartition\u0027,RowKey=\u002716\u0027)",
        "Server": "Microsoft-HTTPAPI/2.0",
        "Transfer-Encoding": "chunked",
        "x-ms-request-id": "aa5ac5bf-4b0b-1fc2-813f-17703b529396"
      },
      "ResponseBody": {
        "odata.metadata": "https://t6d9ba26493dd43beprim.table.cosmos.azure.com/testtable8822lm1f/$metadata#testtable8822lm1f/@Element",
        "odata.etag": "W/\u0022datetime\u00272020-08-20T18%3A05%3A58.8196360Z\u0027\u0022",
        "StringTypeProperty": "This is table entity number 16",
        "DatetimeTypeProperty@odata.type": "Edm.DateTime",
        "DatetimeTypeProperty": "2020-01-01T01:17:00.0000000Z",
        "DatetimeOffsetTypeProperty@odata.type": "Edm.DateTime",
        "DatetimeOffsetTypeProperty": "2020-01-01T01:17:00.0000000Z",
        "GuidTypeProperty@odata.type": "Edm.Guid",
        "GuidTypeProperty": "0d391d16-97f1-4b9a-be68-4cc871f90016",
        "BinaryTypeProperty@odata.type": "Edm.Binary",
        "BinaryTypeProperty": "AQIDBAU=",
        "Int64TypeProperty@odata.type": "Edm.Int64",
        "Int64TypeProperty": "16",
        "DoubleTypeProperty": 16,
        "IntTypeProperty": 16,
        "PartitionKey": "somPartition",
        "RowKey": "16",
        "Timestamp@odata.type": "Edm.DateTime",
        "Timestamp": "2020-08-20T18:05:58.8196360Z"
      }
    },
    {
      "RequestUri": "https://t6d9ba26493dd43beprim.table.cosmos.azure.com/testtable8822lm1f?$format=application%2Fjson%3Bodata%3Dminimalmetadata",
      "RequestMethod": "POST",
      "RequestHeaders": {
        "Accept": [
          "application/json",
          "application/json; odata=minimalmetadata"
        ],
        "Authorization": "Sanitized",
        "Content-Length": "680",
        "Content-Type": "application/json; odata=nometadata",
        "DataServiceVersion": "3.0",
        "traceparent": "00-17752a61a9ba884a8b532420b91845b3-e0cdc9b85e53ec49-00",
        "User-Agent": [
          "azsdk-net-Data.Tables/1.0.0-dev.20200820.2",
          "(.NET Core 4.6.27514.02; Microsoft Windows 10.0.17763 )"
        ],
        "x-ms-client-request-id": "fde86571340533eb8c13c39a6385b514",
        "x-ms-date": "Thu, 20 Aug 2020 18:05:58 GMT",
        "x-ms-return-client-request-id": "true",
        "x-ms-version": "2019-02-02"
      },
      "RequestBody": {
        "StringTypeProperty": "This is table entity number 17",
        "DatetimeTypeProperty": "2020-01-01T01:18:00.0000000Z",
        "DatetimeTypeProperty@odata.type": "Edm.DateTime",
        "DatetimeOffsetTypeProperty": "2020-01-01T01:18:00.0000000Z",
        "DatetimeOffsetTypeProperty@odata.type": "Edm.DateTime",
        "GuidTypeProperty": "0d391d16-97f1-4b9a-be68-4cc871f90017",
        "GuidTypeProperty@odata.type": "Edm.Guid",
        "BinaryTypeProperty": "AQIDBAU=",
        "BinaryTypeProperty@odata.type": "Edm.Binary",
        "Int64TypeProperty": "17",
        "Int64TypeProperty@odata.type": "Edm.Int64",
        "DoubleTypeProperty": 17,
        "DoubleTypeProperty@odata.type": "Edm.Double",
        "IntTypeProperty": 17,
        "PartitionKey": "somPartition",
        "RowKey": "17",
        "Timestamp": null,
        "ETag": null
      },
      "StatusCode": 201,
      "ResponseHeaders": {
        "Content-Type": "application/json",
        "Date": "Thu, 20 Aug 2020 18:05:57 GMT",
        "ETag": "W/\u0022datetime\u00272020-08-20T18%3A05%3A58.9000200Z\u0027\u0022",
        "Location": "https://t6d9ba26493dd43beprim.table.cosmos.azure.com/testtable8822lm1f(PartitionKey=\u0027somPartition\u0027,RowKey=\u002717\u0027)",
        "Server": "Microsoft-HTTPAPI/2.0",
        "Transfer-Encoding": "chunked",
        "x-ms-request-id": "fde86571-3405-33eb-8c13-c39a6385b514"
      },
      "ResponseBody": {
        "odata.metadata": "https://t6d9ba26493dd43beprim.table.cosmos.azure.com/testtable8822lm1f/$metadata#testtable8822lm1f/@Element",
        "odata.etag": "W/\u0022datetime\u00272020-08-20T18%3A05%3A58.9000200Z\u0027\u0022",
        "StringTypeProperty": "This is table entity number 17",
        "DatetimeTypeProperty@odata.type": "Edm.DateTime",
        "DatetimeTypeProperty": "2020-01-01T01:18:00.0000000Z",
        "DatetimeOffsetTypeProperty@odata.type": "Edm.DateTime",
        "DatetimeOffsetTypeProperty": "2020-01-01T01:18:00.0000000Z",
        "GuidTypeProperty@odata.type": "Edm.Guid",
        "GuidTypeProperty": "0d391d16-97f1-4b9a-be68-4cc871f90017",
        "BinaryTypeProperty@odata.type": "Edm.Binary",
        "BinaryTypeProperty": "AQIDBAU=",
        "Int64TypeProperty@odata.type": "Edm.Int64",
        "Int64TypeProperty": "17",
        "DoubleTypeProperty": 17,
        "IntTypeProperty": 17,
        "PartitionKey": "somPartition",
        "RowKey": "17",
        "Timestamp@odata.type": "Edm.DateTime",
        "Timestamp": "2020-08-20T18:05:58.9000200Z"
      }
    },
    {
      "RequestUri": "https://t6d9ba26493dd43beprim.table.cosmos.azure.com/testtable8822lm1f?$format=application%2Fjson%3Bodata%3Dminimalmetadata",
      "RequestMethod": "POST",
      "RequestHeaders": {
        "Accept": [
          "application/json",
          "application/json; odata=minimalmetadata"
        ],
        "Authorization": "Sanitized",
        "Content-Length": "680",
        "Content-Type": "application/json; odata=nometadata",
        "DataServiceVersion": "3.0",
        "traceparent": "00-92a3c574872c6f4284da22240c0dfa8b-1684494416de3041-00",
        "User-Agent": [
          "azsdk-net-Data.Tables/1.0.0-dev.20200820.2",
          "(.NET Core 4.6.27514.02; Microsoft Windows 10.0.17763 )"
        ],
        "x-ms-client-request-id": "d47f602b88eaf4ed2349758227e91e13",
        "x-ms-date": "Thu, 20 Aug 2020 18:05:58 GMT",
        "x-ms-return-client-request-id": "true",
        "x-ms-version": "2019-02-02"
      },
      "RequestBody": {
        "StringTypeProperty": "This is table entity number 18",
        "DatetimeTypeProperty": "2020-01-01T01:19:00.0000000Z",
        "DatetimeTypeProperty@odata.type": "Edm.DateTime",
        "DatetimeOffsetTypeProperty": "2020-01-01T01:19:00.0000000Z",
        "DatetimeOffsetTypeProperty@odata.type": "Edm.DateTime",
        "GuidTypeProperty": "0d391d16-97f1-4b9a-be68-4cc871f90018",
        "GuidTypeProperty@odata.type": "Edm.Guid",
        "BinaryTypeProperty": "AQIDBAU=",
        "BinaryTypeProperty@odata.type": "Edm.Binary",
        "Int64TypeProperty": "18",
        "Int64TypeProperty@odata.type": "Edm.Int64",
        "DoubleTypeProperty": 18,
        "DoubleTypeProperty@odata.type": "Edm.Double",
        "IntTypeProperty": 18,
        "PartitionKey": "somPartition",
        "RowKey": "18",
        "Timestamp": null,
        "ETag": null
      },
      "StatusCode": 201,
      "ResponseHeaders": {
        "Content-Type": "application/json",
        "Date": "Thu, 20 Aug 2020 18:05:58 GMT",
        "ETag": "W/\u0022datetime\u00272020-08-20T18%3A05%3A58.9805064Z\u0027\u0022",
        "Location": "https://t6d9ba26493dd43beprim.table.cosmos.azure.com/testtable8822lm1f(PartitionKey=\u0027somPartition\u0027,RowKey=\u002718\u0027)",
        "Server": "Microsoft-HTTPAPI/2.0",
        "Transfer-Encoding": "chunked",
        "x-ms-request-id": "d47f602b-88ea-f4ed-2349-758227e91e13"
      },
      "ResponseBody": {
        "odata.metadata": "https://t6d9ba26493dd43beprim.table.cosmos.azure.com/testtable8822lm1f/$metadata#testtable8822lm1f/@Element",
        "odata.etag": "W/\u0022datetime\u00272020-08-20T18%3A05%3A58.9805064Z\u0027\u0022",
        "StringTypeProperty": "This is table entity number 18",
        "DatetimeTypeProperty@odata.type": "Edm.DateTime",
        "DatetimeTypeProperty": "2020-01-01T01:19:00.0000000Z",
        "DatetimeOffsetTypeProperty@odata.type": "Edm.DateTime",
        "DatetimeOffsetTypeProperty": "2020-01-01T01:19:00.0000000Z",
        "GuidTypeProperty@odata.type": "Edm.Guid",
        "GuidTypeProperty": "0d391d16-97f1-4b9a-be68-4cc871f90018",
        "BinaryTypeProperty@odata.type": "Edm.Binary",
        "BinaryTypeProperty": "AQIDBAU=",
        "Int64TypeProperty@odata.type": "Edm.Int64",
        "Int64TypeProperty": "18",
        "DoubleTypeProperty": 18,
        "IntTypeProperty": 18,
        "PartitionKey": "somPartition",
        "RowKey": "18",
        "Timestamp@odata.type": "Edm.DateTime",
        "Timestamp": "2020-08-20T18:05:58.9805064Z"
      }
    },
    {
      "RequestUri": "https://t6d9ba26493dd43beprim.table.cosmos.azure.com/testtable8822lm1f?$format=application%2Fjson%3Bodata%3Dminimalmetadata",
      "RequestMethod": "POST",
      "RequestHeaders": {
        "Accept": [
          "application/json",
          "application/json; odata=minimalmetadata"
        ],
        "Authorization": "Sanitized",
        "Content-Length": "680",
        "Content-Type": "application/json; odata=nometadata",
        "DataServiceVersion": "3.0",
        "traceparent": "00-d0aaa628f40a654db7079129fe5c099a-ce37b2836eae2e4b-00",
        "User-Agent": [
          "azsdk-net-Data.Tables/1.0.0-dev.20200820.2",
          "(.NET Core 4.6.27514.02; Microsoft Windows 10.0.17763 )"
        ],
        "x-ms-client-request-id": "6725925658fc8b59da261ef78828bbfc",
        "x-ms-date": "Thu, 20 Aug 2020 18:05:59 GMT",
        "x-ms-return-client-request-id": "true",
        "x-ms-version": "2019-02-02"
      },
      "RequestBody": {
        "StringTypeProperty": "This is table entity number 19",
        "DatetimeTypeProperty": "2020-01-01T01:20:00.0000000Z",
        "DatetimeTypeProperty@odata.type": "Edm.DateTime",
        "DatetimeOffsetTypeProperty": "2020-01-01T01:20:00.0000000Z",
        "DatetimeOffsetTypeProperty@odata.type": "Edm.DateTime",
        "GuidTypeProperty": "0d391d16-97f1-4b9a-be68-4cc871f90019",
        "GuidTypeProperty@odata.type": "Edm.Guid",
        "BinaryTypeProperty": "AQIDBAU=",
        "BinaryTypeProperty@odata.type": "Edm.Binary",
        "Int64TypeProperty": "19",
        "Int64TypeProperty@odata.type": "Edm.Int64",
        "DoubleTypeProperty": 19,
        "DoubleTypeProperty@odata.type": "Edm.Double",
        "IntTypeProperty": 19,
        "PartitionKey": "somPartition",
        "RowKey": "19",
        "Timestamp": null,
        "ETag": null
      },
      "StatusCode": 201,
      "ResponseHeaders": {
        "Content-Type": "application/json",
        "Date": "Thu, 20 Aug 2020 18:05:58 GMT",
        "ETag": "W/\u0022datetime\u00272020-08-20T18%3A05%3A59.0614024Z\u0027\u0022",
        "Location": "https://t6d9ba26493dd43beprim.table.cosmos.azure.com/testtable8822lm1f(PartitionKey=\u0027somPartition\u0027,RowKey=\u002719\u0027)",
        "Server": "Microsoft-HTTPAPI/2.0",
        "Transfer-Encoding": "chunked",
        "x-ms-request-id": "67259256-58fc-8b59-da26-1ef78828bbfc"
      },
      "ResponseBody": {
        "odata.metadata": "https://t6d9ba26493dd43beprim.table.cosmos.azure.com/testtable8822lm1f/$metadata#testtable8822lm1f/@Element",
        "odata.etag": "W/\u0022datetime\u00272020-08-20T18%3A05%3A59.0614024Z\u0027\u0022",
        "StringTypeProperty": "This is table entity number 19",
        "DatetimeTypeProperty@odata.type": "Edm.DateTime",
        "DatetimeTypeProperty": "2020-01-01T01:20:00.0000000Z",
        "DatetimeOffsetTypeProperty@odata.type": "Edm.DateTime",
        "DatetimeOffsetTypeProperty": "2020-01-01T01:20:00.0000000Z",
        "GuidTypeProperty@odata.type": "Edm.Guid",
        "GuidTypeProperty": "0d391d16-97f1-4b9a-be68-4cc871f90019",
        "BinaryTypeProperty@odata.type": "Edm.Binary",
        "BinaryTypeProperty": "AQIDBAU=",
        "Int64TypeProperty@odata.type": "Edm.Int64",
        "Int64TypeProperty": "19",
        "DoubleTypeProperty": 19,
        "IntTypeProperty": 19,
        "PartitionKey": "somPartition",
        "RowKey": "19",
        "Timestamp@odata.type": "Edm.DateTime",
        "Timestamp": "2020-08-20T18:05:59.0614024Z"
      }
    },
    {
      "RequestUri": "https://t6d9ba26493dd43beprim.table.cosmos.azure.com/testtable8822lm1f?$format=application%2Fjson%3Bodata%3Dminimalmetadata",
      "RequestMethod": "POST",
      "RequestHeaders": {
        "Accept": [
          "application/json",
          "application/json; odata=minimalmetadata"
        ],
        "Authorization": "Sanitized",
        "Content-Length": "680",
        "Content-Type": "application/json; odata=nometadata",
        "DataServiceVersion": "3.0",
        "traceparent": "00-0eddcc60c10ad54a9ff0a59d63382bd0-79df3008caa3984a-00",
        "User-Agent": [
          "azsdk-net-Data.Tables/1.0.0-dev.20200820.2",
          "(.NET Core 4.6.27514.02; Microsoft Windows 10.0.17763 )"
        ],
        "x-ms-client-request-id": "db440289bfd3e9ab78f4dabbbe680ba3",
        "x-ms-date": "Thu, 20 Aug 2020 18:05:59 GMT",
        "x-ms-return-client-request-id": "true",
        "x-ms-version": "2019-02-02"
      },
      "RequestBody": {
        "StringTypeProperty": "This is table entity number 20",
        "DatetimeTypeProperty": "2020-01-01T01:21:00.0000000Z",
        "DatetimeTypeProperty@odata.type": "Edm.DateTime",
        "DatetimeOffsetTypeProperty": "2020-01-01T01:21:00.0000000Z",
        "DatetimeOffsetTypeProperty@odata.type": "Edm.DateTime",
        "GuidTypeProperty": "0d391d16-97f1-4b9a-be68-4cc871f90020",
        "GuidTypeProperty@odata.type": "Edm.Guid",
        "BinaryTypeProperty": "AQIDBAU=",
        "BinaryTypeProperty@odata.type": "Edm.Binary",
        "Int64TypeProperty": "20",
        "Int64TypeProperty@odata.type": "Edm.Int64",
        "DoubleTypeProperty": 20,
        "DoubleTypeProperty@odata.type": "Edm.Double",
        "IntTypeProperty": 20,
        "PartitionKey": "somPartition",
        "RowKey": "20",
        "Timestamp": null,
        "ETag": null
      },
      "StatusCode": 201,
      "ResponseHeaders": {
        "Content-Type": "application/json",
        "Date": "Thu, 20 Aug 2020 18:05:58 GMT",
        "ETag": "W/\u0022datetime\u00272020-08-20T18%3A05%3A59.1427080Z\u0027\u0022",
        "Location": "https://t6d9ba26493dd43beprim.table.cosmos.azure.com/testtable8822lm1f(PartitionKey=\u0027somPartition\u0027,RowKey=\u002720\u0027)",
        "Server": "Microsoft-HTTPAPI/2.0",
        "Transfer-Encoding": "chunked",
        "x-ms-request-id": "db440289-bfd3-e9ab-78f4-dabbbe680ba3"
      },
      "ResponseBody": {
        "odata.metadata": "https://t6d9ba26493dd43beprim.table.cosmos.azure.com/testtable8822lm1f/$metadata#testtable8822lm1f/@Element",
        "odata.etag": "W/\u0022datetime\u00272020-08-20T18%3A05%3A59.1427080Z\u0027\u0022",
        "StringTypeProperty": "This is table entity number 20",
        "DatetimeTypeProperty@odata.type": "Edm.DateTime",
        "DatetimeTypeProperty": "2020-01-01T01:21:00.0000000Z",
        "DatetimeOffsetTypeProperty@odata.type": "Edm.DateTime",
        "DatetimeOffsetTypeProperty": "2020-01-01T01:21:00.0000000Z",
        "GuidTypeProperty@odata.type": "Edm.Guid",
        "GuidTypeProperty": "0d391d16-97f1-4b9a-be68-4cc871f90020",
        "BinaryTypeProperty@odata.type": "Edm.Binary",
        "BinaryTypeProperty": "AQIDBAU=",
        "Int64TypeProperty@odata.type": "Edm.Int64",
        "Int64TypeProperty": "20",
        "DoubleTypeProperty": 20,
        "IntTypeProperty": 20,
        "PartitionKey": "somPartition",
        "RowKey": "20",
        "Timestamp@odata.type": "Edm.DateTime",
        "Timestamp": "2020-08-20T18:05:59.1427080Z"
      }
    },
    {
      "RequestUri": "https://t6d9ba26493dd43beprim.table.cosmos.azure.com/testtable8822lm1f()?$format=application%2Fjson%3Bodata%3Dminimalmetadata\u0026$top=5",
      "RequestMethod": "GET",
      "RequestHeaders": {
        "Accept": [
          "application/json",
          "application/json; odata=minimalmetadata"
        ],
        "Authorization": "Sanitized",
        "DataServiceVersion": "3.0",
        "User-Agent": [
          "azsdk-net-Data.Tables/1.0.0-dev.20200820.2",
          "(.NET Core 4.6.27514.02; Microsoft Windows 10.0.17763 )"
        ],
        "x-ms-client-request-id": "d043b0f44e60d31807f3f9c36af56bfb",
        "x-ms-date": "Thu, 20 Aug 2020 18:05:59 GMT",
        "x-ms-return-client-request-id": "true",
        "x-ms-version": "2019-02-02"
      },
      "RequestBody": null,
      "StatusCode": 200,
      "ResponseHeaders": {
        "Content-Type": "application/json",
        "Date": "Thu, 20 Aug 2020 18:05:58 GMT",
        "Server": "Microsoft-HTTPAPI/2.0",
        "Transfer-Encoding": "chunked",
        "x-ms-continuation-NextPartitionKey": "{\u0022token\u0022:\u0022pestAIIf2-kFAAAAAAAAAA==\u0022,\u0022range\u0022:{\u0022min\u0022:\u0022\u0022,\u0022max\u0022:\u0022FF\u0022}}",
        "x-ms-continuation-NextRowKey": "NA",
        "x-ms-request-id": "d043b0f4-4e60-d318-07f3-f9c36af56bfb"
      },
      "ResponseBody": {
        "value": [
          {
            "odata.etag": "W/\u0022datetime\u00272020-08-20T18%3A05%3A57.5995400Z\u0027\u0022",
            "StringTypeProperty": "This is table entity number 01",
            "DatetimeTypeProperty@odata.type": "Edm.DateTime",
            "DatetimeTypeProperty": "2020-01-01T01:02:00.0000000Z",
            "DatetimeOffsetTypeProperty@odata.type": "Edm.DateTime",
            "DatetimeOffsetTypeProperty": "2020-01-01T01:02:00.0000000Z",
            "GuidTypeProperty@odata.type": "Edm.Guid",
            "GuidTypeProperty": "0d391d16-97f1-4b9a-be68-4cc871f90001",
            "BinaryTypeProperty@odata.type": "Edm.Binary",
            "BinaryTypeProperty": "AQIDBAU=",
            "Int64TypeProperty@odata.type": "Edm.Int64",
            "Int64TypeProperty": "1",
            "DoubleTypeProperty": 1,
            "IntTypeProperty": 1,
            "PartitionKey": "somPartition",
            "RowKey": "01",
            "Timestamp@odata.type": "Edm.DateTime",
            "Timestamp": "2020-08-20T18:05:57.5995400Z"
          },
          {
            "odata.etag": "W/\u0022datetime\u00272020-08-20T18%3A05%3A57.6813576Z\u0027\u0022",
            "StringTypeProperty": "This is table entity number 02",
            "DatetimeTypeProperty@odata.type": "Edm.DateTime",
            "DatetimeTypeProperty": "2020-01-01T01:03:00.0000000Z",
            "DatetimeOffsetTypeProperty@odata.type": "Edm.DateTime",
            "DatetimeOffsetTypeProperty": "2020-01-01T01:03:00.0000000Z",
            "GuidTypeProperty@odata.type": "Edm.Guid",
            "GuidTypeProperty": "0d391d16-97f1-4b9a-be68-4cc871f90002",
            "BinaryTypeProperty@odata.type": "Edm.Binary",
            "BinaryTypeProperty": "AQIDBAU=",
            "Int64TypeProperty@odata.type": "Edm.Int64",
            "Int64TypeProperty": "2",
            "DoubleTypeProperty": 2,
            "IntTypeProperty": 2,
            "PartitionKey": "somPartition",
            "RowKey": "02",
            "Timestamp@odata.type": "Edm.DateTime",
            "Timestamp": "2020-08-20T18:05:57.6813576Z"
          },
          {
            "odata.etag": "W/\u0022datetime\u00272020-08-20T18%3A05%3A57.7619464Z\u0027\u0022",
            "StringTypeProperty": "This is table entity number 03",
            "DatetimeTypeProperty@odata.type": "Edm.DateTime",
            "DatetimeTypeProperty": "2020-01-01T01:04:00.0000000Z",
            "DatetimeOffsetTypeProperty@odata.type": "Edm.DateTime",
            "DatetimeOffsetTypeProperty": "2020-01-01T01:04:00.0000000Z",
            "GuidTypeProperty@odata.type": "Edm.Guid",
            "GuidTypeProperty": "0d391d16-97f1-4b9a-be68-4cc871f90003",
            "BinaryTypeProperty@odata.type": "Edm.Binary",
            "BinaryTypeProperty": "AQIDBAU=",
            "Int64TypeProperty@odata.type": "Edm.Int64",
            "Int64TypeProperty": "3",
            "DoubleTypeProperty": 3,
            "IntTypeProperty": 3,
            "PartitionKey": "somPartition",
            "RowKey": "03",
            "Timestamp@odata.type": "Edm.DateTime",
            "Timestamp": "2020-08-20T18:05:57.7619464Z"
          },
          {
            "odata.etag": "W/\u0022datetime\u00272020-08-20T18%3A05%3A57.8419208Z\u0027\u0022",
            "StringTypeProperty": "This is table entity number 04",
            "DatetimeTypeProperty@odata.type": "Edm.DateTime",
            "DatetimeTypeProperty": "2020-01-01T01:05:00.0000000Z",
            "DatetimeOffsetTypeProperty@odata.type": "Edm.DateTime",
            "DatetimeOffsetTypeProperty": "2020-01-01T01:05:00.0000000Z",
            "GuidTypeProperty@odata.type": "Edm.Guid",
            "GuidTypeProperty": "0d391d16-97f1-4b9a-be68-4cc871f90004",
            "BinaryTypeProperty@odata.type": "Edm.Binary",
            "BinaryTypeProperty": "AQIDBAU=",
            "Int64TypeProperty@odata.type": "Edm.Int64",
            "Int64TypeProperty": "4",
            "DoubleTypeProperty": 4,
            "IntTypeProperty": 4,
            "PartitionKey": "somPartition",
            "RowKey": "04",
            "Timestamp@odata.type": "Edm.DateTime",
            "Timestamp": "2020-08-20T18:05:57.8419208Z"
          },
          {
            "odata.etag": "W/\u0022datetime\u00272020-08-20T18%3A05%3A57.9229192Z\u0027\u0022",
            "StringTypeProperty": "This is table entity number 05",
            "DatetimeTypeProperty@odata.type": "Edm.DateTime",
            "DatetimeTypeProperty": "2020-01-01T01:06:00.0000000Z",
            "DatetimeOffsetTypeProperty@odata.type": "Edm.DateTime",
            "DatetimeOffsetTypeProperty": "2020-01-01T01:06:00.0000000Z",
            "GuidTypeProperty@odata.type": "Edm.Guid",
            "GuidTypeProperty": "0d391d16-97f1-4b9a-be68-4cc871f90005",
            "BinaryTypeProperty@odata.type": "Edm.Binary",
            "BinaryTypeProperty": "AQIDBAU=",
            "Int64TypeProperty@odata.type": "Edm.Int64",
            "Int64TypeProperty": "5",
            "DoubleTypeProperty": 5,
            "IntTypeProperty": 5,
            "PartitionKey": "somPartition",
            "RowKey": "05",
            "Timestamp@odata.type": "Edm.DateTime",
            "Timestamp": "2020-08-20T18:05:57.9229192Z"
          }
        ]
      }
    },
    {
      "RequestUri": "https://t6d9ba26493dd43beprim.table.cosmos.azure.com/testtable8822lm1f()?$format=application%2Fjson%3Bodata%3Dminimalmetadata\u0026$top=5\u0026NextPartitionKey=%7B%22token%22%3A%22pestAIIf2-kFAAAAAAAAAA%3D%3D%22%2C%22range%22%3A%7B%22min%22%3A%22%22%2C%22max%22%3A%22FF%22%7D%7D\u0026NextRowKey=NA",
      "RequestMethod": "GET",
      "RequestHeaders": {
        "Accept": [
          "application/json",
          "application/json; odata=minimalmetadata"
        ],
        "Authorization": "Sanitized",
        "DataServiceVersion": "3.0",
        "User-Agent": [
          "azsdk-net-Data.Tables/1.0.0-dev.20200820.2",
          "(.NET Core 4.6.27514.02; Microsoft Windows 10.0.17763 )"
        ],
        "x-ms-client-request-id": "25f9798e43a4973fe73bef087e9ecd71",
        "x-ms-date": "Thu, 20 Aug 2020 18:05:59 GMT",
        "x-ms-return-client-request-id": "true",
        "x-ms-version": "2019-02-02"
      },
      "RequestBody": null,
      "StatusCode": 200,
      "ResponseHeaders": {
        "Content-Type": "application/json",
        "Date": "Thu, 20 Aug 2020 18:05:58 GMT",
        "Server": "Microsoft-HTTPAPI/2.0",
        "Transfer-Encoding": "chunked",
        "x-ms-continuation-NextPartitionKey": "{\u0022token\u0022:\u0022pestAIIf2-kKAAAAAAAAAA==\u0022,\u0022range\u0022:{\u0022min\u0022:\u0022\u0022,\u0022max\u0022:\u0022FF\u0022}}",
        "x-ms-continuation-NextRowKey": "NA",
        "x-ms-request-id": "25f9798e-43a4-973f-e73b-ef087e9ecd71"
      },
      "ResponseBody": {
        "value": [
          {
            "odata.etag": "W/\u0022datetime\u00272020-08-20T18%3A05%3A58.0123144Z\u0027\u0022",
            "StringTypeProperty": "This is table entity number 06",
            "DatetimeTypeProperty@odata.type": "Edm.DateTime",
            "DatetimeTypeProperty": "2020-01-01T01:07:00.0000000Z",
            "DatetimeOffsetTypeProperty@odata.type": "Edm.DateTime",
            "DatetimeOffsetTypeProperty": "2020-01-01T01:07:00.0000000Z",
            "GuidTypeProperty@odata.type": "Edm.Guid",
            "GuidTypeProperty": "0d391d16-97f1-4b9a-be68-4cc871f90006",
            "BinaryTypeProperty@odata.type": "Edm.Binary",
            "BinaryTypeProperty": "AQIDBAU=",
            "Int64TypeProperty@odata.type": "Edm.Int64",
            "Int64TypeProperty": "6",
            "DoubleTypeProperty": 6,
            "IntTypeProperty": 6,
            "PartitionKey": "somPartition",
            "RowKey": "06",
            "Timestamp@odata.type": "Edm.DateTime",
            "Timestamp": "2020-08-20T18:05:58.0123144Z"
          },
          {
            "odata.etag": "W/\u0022datetime\u00272020-08-20T18%3A05%3A58.0929032Z\u0027\u0022",
            "StringTypeProperty": "This is table entity number 07",
            "DatetimeTypeProperty@odata.type": "Edm.DateTime",
            "DatetimeTypeProperty": "2020-01-01T01:08:00.0000000Z",
            "DatetimeOffsetTypeProperty@odata.type": "Edm.DateTime",
            "DatetimeOffsetTypeProperty": "2020-01-01T01:08:00.0000000Z",
            "GuidTypeProperty@odata.type": "Edm.Guid",
            "GuidTypeProperty": "0d391d16-97f1-4b9a-be68-4cc871f90007",
            "BinaryTypeProperty@odata.type": "Edm.Binary",
            "BinaryTypeProperty": "AQIDBAU=",
            "Int64TypeProperty@odata.type": "Edm.Int64",
            "Int64TypeProperty": "7",
            "DoubleTypeProperty": 7,
            "IntTypeProperty": 7,
            "PartitionKey": "somPartition",
            "RowKey": "07",
            "Timestamp@odata.type": "Edm.DateTime",
            "Timestamp": "2020-08-20T18:05:58.0929032Z"
          },
          {
            "odata.etag": "W/\u0022datetime\u00272020-08-20T18%3A05%3A58.1727752Z\u0027\u0022",
            "StringTypeProperty": "This is table entity number 08",
            "DatetimeTypeProperty@odata.type": "Edm.DateTime",
            "DatetimeTypeProperty": "2020-01-01T01:09:00.0000000Z",
            "DatetimeOffsetTypeProperty@odata.type": "Edm.DateTime",
            "DatetimeOffsetTypeProperty": "2020-01-01T01:09:00.0000000Z",
            "GuidTypeProperty@odata.type": "Edm.Guid",
            "GuidTypeProperty": "0d391d16-97f1-4b9a-be68-4cc871f90008",
            "BinaryTypeProperty@odata.type": "Edm.Binary",
            "BinaryTypeProperty": "AQIDBAU=",
            "Int64TypeProperty@odata.type": "Edm.Int64",
            "Int64TypeProperty": "8",
            "DoubleTypeProperty": 8,
            "IntTypeProperty": 8,
            "PartitionKey": "somPartition",
            "RowKey": "08",
            "Timestamp@odata.type": "Edm.DateTime",
            "Timestamp": "2020-08-20T18:05:58.1727752Z"
          },
          {
            "odata.etag": "W/\u0022datetime\u00272020-08-20T18%3A05%3A58.2527496Z\u0027\u0022",
            "StringTypeProperty": "This is table entity number 09",
            "DatetimeTypeProperty@odata.type": "Edm.DateTime",
            "DatetimeTypeProperty": "2020-01-01T01:10:00.0000000Z",
            "DatetimeOffsetTypeProperty@odata.type": "Edm.DateTime",
            "DatetimeOffsetTypeProperty": "2020-01-01T01:10:00.0000000Z",
            "GuidTypeProperty@odata.type": "Edm.Guid",
            "GuidTypeProperty": "0d391d16-97f1-4b9a-be68-4cc871f90009",
            "BinaryTypeProperty@odata.type": "Edm.Binary",
            "BinaryTypeProperty": "AQIDBAU=",
            "Int64TypeProperty@odata.type": "Edm.Int64",
            "Int64TypeProperty": "9",
            "DoubleTypeProperty": 9,
            "IntTypeProperty": 9,
            "PartitionKey": "somPartition",
            "RowKey": "09",
            "Timestamp@odata.type": "Edm.DateTime",
            "Timestamp": "2020-08-20T18:05:58.2527496Z"
          },
          {
            "odata.etag": "W/\u0022datetime\u00272020-08-20T18%3A05%3A58.3330312Z\u0027\u0022",
            "StringTypeProperty": "This is table entity number 10",
            "DatetimeTypeProperty@odata.type": "Edm.DateTime",
            "DatetimeTypeProperty": "2020-01-01T01:11:00.0000000Z",
            "DatetimeOffsetTypeProperty@odata.type": "Edm.DateTime",
            "DatetimeOffsetTypeProperty": "2020-01-01T01:11:00.0000000Z",
            "GuidTypeProperty@odata.type": "Edm.Guid",
            "GuidTypeProperty": "0d391d16-97f1-4b9a-be68-4cc871f90010",
            "BinaryTypeProperty@odata.type": "Edm.Binary",
            "BinaryTypeProperty": "AQIDBAU=",
            "Int64TypeProperty@odata.type": "Edm.Int64",
            "Int64TypeProperty": "10",
            "DoubleTypeProperty": 10,
            "IntTypeProperty": 10,
            "PartitionKey": "somPartition",
            "RowKey": "10",
            "Timestamp@odata.type": "Edm.DateTime",
            "Timestamp": "2020-08-20T18:05:58.3330312Z"
          }
        ]
      }
    },
    {
      "RequestUri": "https://t6d9ba26493dd43beprim.table.cosmos.azure.com/testtable8822lm1f()?$format=application%2Fjson%3Bodata%3Dminimalmetadata\u0026$top=5\u0026NextPartitionKey=%7B%22token%22%3A%22pestAIIf2-kKAAAAAAAAAA%3D%3D%22%2C%22range%22%3A%7B%22min%22%3A%22%22%2C%22max%22%3A%22FF%22%7D%7D\u0026NextRowKey=NA",
      "RequestMethod": "GET",
      "RequestHeaders": {
        "Accept": [
          "application/json",
          "application/json; odata=minimalmetadata"
        ],
        "Authorization": "Sanitized",
        "DataServiceVersion": "3.0",
        "User-Agent": [
          "azsdk-net-Data.Tables/1.0.0-dev.20200820.2",
          "(.NET Core 4.6.27514.02; Microsoft Windows 10.0.17763 )"
        ],
        "x-ms-client-request-id": "d7037a1beae43b9bea71d3e0c5e77f83",
        "x-ms-date": "Thu, 20 Aug 2020 18:05:59 GMT",
        "x-ms-return-client-request-id": "true",
        "x-ms-version": "2019-02-02"
      },
      "RequestBody": null,
      "StatusCode": 200,
      "ResponseHeaders": {
        "Content-Type": "application/json",
        "Date": "Thu, 20 Aug 2020 18:05:58 GMT",
        "Server": "Microsoft-HTTPAPI/2.0",
        "Transfer-Encoding": "chunked",
        "x-ms-continuation-NextPartitionKey": "{\u0022token\u0022:\u0022pestAIIf2-kPAAAAAAAAAA==\u0022,\u0022range\u0022:{\u0022min\u0022:\u0022\u0022,\u0022max\u0022:\u0022FF\u0022}}",
        "x-ms-continuation-NextRowKey": "NA",
        "x-ms-request-id": "d7037a1b-eae4-3b9b-ea71-d3e0c5e77f83"
      },
      "ResponseBody": {
        "value": [
          {
            "odata.etag": "W/\u0022datetime\u00272020-08-20T18%3A05%3A58.4133128Z\u0027\u0022",
            "StringTypeProperty": "This is table entity number 11",
            "DatetimeTypeProperty@odata.type": "Edm.DateTime",
            "DatetimeTypeProperty": "2020-01-01T01:12:00.0000000Z",
            "DatetimeOffsetTypeProperty@odata.type": "Edm.DateTime",
            "DatetimeOffsetTypeProperty": "2020-01-01T01:12:00.0000000Z",
            "GuidTypeProperty@odata.type": "Edm.Guid",
            "GuidTypeProperty": "0d391d16-97f1-4b9a-be68-4cc871f90011",
            "BinaryTypeProperty@odata.type": "Edm.Binary",
            "BinaryTypeProperty": "AQIDBAU=",
            "Int64TypeProperty@odata.type": "Edm.Int64",
            "Int64TypeProperty": "11",
            "DoubleTypeProperty": 11,
            "IntTypeProperty": 11,
            "PartitionKey": "somPartition",
            "RowKey": "11",
            "Timestamp@odata.type": "Edm.DateTime",
            "Timestamp": "2020-08-20T18:05:58.4133128Z"
          },
          {
            "odata.etag": "W/\u0022datetime\u00272020-08-20T18%3A05%3A58.4954376Z\u0027\u0022",
            "StringTypeProperty": "This is table entity number 12",
            "DatetimeTypeProperty@odata.type": "Edm.DateTime",
            "DatetimeTypeProperty": "2020-01-01T01:13:00.0000000Z",
            "DatetimeOffsetTypeProperty@odata.type": "Edm.DateTime",
            "DatetimeOffsetTypeProperty": "2020-01-01T01:13:00.0000000Z",
            "GuidTypeProperty@odata.type": "Edm.Guid",
            "GuidTypeProperty": "0d391d16-97f1-4b9a-be68-4cc871f90012",
            "BinaryTypeProperty@odata.type": "Edm.Binary",
            "BinaryTypeProperty": "AQIDBAU=",
            "Int64TypeProperty@odata.type": "Edm.Int64",
            "Int64TypeProperty": "12",
            "DoubleTypeProperty": 12,
            "IntTypeProperty": 12,
            "PartitionKey": "somPartition",
            "RowKey": "12",
            "Timestamp@odata.type": "Edm.DateTime",
            "Timestamp": "2020-08-20T18:05:58.4954376Z"
          },
          {
            "odata.etag": "W/\u0022datetime\u00272020-08-20T18%3A05%3A58.5769480Z\u0027\u0022",
            "StringTypeProperty": "This is table entity number 13",
            "DatetimeTypeProperty@odata.type": "Edm.DateTime",
            "DatetimeTypeProperty": "2020-01-01T01:14:00.0000000Z",
            "DatetimeOffsetTypeProperty@odata.type": "Edm.DateTime",
            "DatetimeOffsetTypeProperty": "2020-01-01T01:14:00.0000000Z",
            "GuidTypeProperty@odata.type": "Edm.Guid",
            "GuidTypeProperty": "0d391d16-97f1-4b9a-be68-4cc871f90013",
            "BinaryTypeProperty@odata.type": "Edm.Binary",
            "BinaryTypeProperty": "AQIDBAU=",
            "Int64TypeProperty@odata.type": "Edm.Int64",
            "Int64TypeProperty": "13",
            "DoubleTypeProperty": 13,
            "IntTypeProperty": 13,
            "PartitionKey": "somPartition",
            "RowKey": "13",
            "Timestamp@odata.type": "Edm.DateTime",
            "Timestamp": "2020-08-20T18:05:58.5769480Z"
          },
          {
            "odata.etag": "W/\u0022datetime\u00272020-08-20T18%3A05%3A58.6578440Z\u0027\u0022",
            "StringTypeProperty": "This is table entity number 14",
            "DatetimeTypeProperty@odata.type": "Edm.DateTime",
            "DatetimeTypeProperty": "2020-01-01T01:15:00.0000000Z",
            "DatetimeOffsetTypeProperty@odata.type": "Edm.DateTime",
            "DatetimeOffsetTypeProperty": "2020-01-01T01:15:00.0000000Z",
            "GuidTypeProperty@odata.type": "Edm.Guid",
            "GuidTypeProperty": "0d391d16-97f1-4b9a-be68-4cc871f90014",
            "BinaryTypeProperty@odata.type": "Edm.Binary",
            "BinaryTypeProperty": "AQIDBAU=",
            "Int64TypeProperty@odata.type": "Edm.Int64",
            "Int64TypeProperty": "14",
            "DoubleTypeProperty": 14,
            "IntTypeProperty": 14,
            "PartitionKey": "somPartition",
            "RowKey": "14",
            "Timestamp@odata.type": "Edm.DateTime",
            "Timestamp": "2020-08-20T18:05:58.6578440Z"
          },
          {
            "odata.etag": "W/\u0022datetime\u00272020-08-20T18%3A05%3A58.7382280Z\u0027\u0022",
            "StringTypeProperty": "This is table entity number 15",
            "DatetimeTypeProperty@odata.type": "Edm.DateTime",
            "DatetimeTypeProperty": "2020-01-01T01:16:00.0000000Z",
            "DatetimeOffsetTypeProperty@odata.type": "Edm.DateTime",
            "DatetimeOffsetTypeProperty": "2020-01-01T01:16:00.0000000Z",
            "GuidTypeProperty@odata.type": "Edm.Guid",
            "GuidTypeProperty": "0d391d16-97f1-4b9a-be68-4cc871f90015",
            "BinaryTypeProperty@odata.type": "Edm.Binary",
            "BinaryTypeProperty": "AQIDBAU=",
            "Int64TypeProperty@odata.type": "Edm.Int64",
            "Int64TypeProperty": "15",
            "DoubleTypeProperty": 15,
            "IntTypeProperty": 15,
            "PartitionKey": "somPartition",
            "RowKey": "15",
            "Timestamp@odata.type": "Edm.DateTime",
            "Timestamp": "2020-08-20T18:05:58.7382280Z"
          }
        ]
      }
    },
    {
      "RequestUri": "https://t6d9ba26493dd43beprim.table.cosmos.azure.com/testtable8822lm1f()?$format=application%2Fjson%3Bodata%3Dminimalmetadata\u0026$top=5\u0026NextPartitionKey=%7B%22token%22%3A%22pestAIIf2-kPAAAAAAAAAA%3D%3D%22%2C%22range%22%3A%7B%22min%22%3A%22%22%2C%22max%22%3A%22FF%22%7D%7D\u0026NextRowKey=NA",
      "RequestMethod": "GET",
      "RequestHeaders": {
        "Accept": [
          "application/json",
          "application/json; odata=minimalmetadata"
        ],
        "Authorization": "Sanitized",
        "DataServiceVersion": "3.0",
        "User-Agent": [
          "azsdk-net-Data.Tables/1.0.0-dev.20200820.2",
          "(.NET Core 4.6.27514.02; Microsoft Windows 10.0.17763 )"
        ],
        "x-ms-client-request-id": "442dde88e66fb1ff70ace9255e105569",
        "x-ms-date": "Thu, 20 Aug 2020 18:05:59 GMT",
        "x-ms-return-client-request-id": "true",
        "x-ms-version": "2019-02-02"
      },
      "RequestBody": null,
      "StatusCode": 200,
      "ResponseHeaders": {
        "Content-Type": "application/json",
        "Date": "Thu, 20 Aug 2020 18:05:58 GMT",
        "Server": "Microsoft-HTTPAPI/2.0",
        "Transfer-Encoding": "chunked",
        "x-ms-request-id": "442dde88-e66f-b1ff-70ac-e9255e105569"
      },
      "ResponseBody": {
        "value": [
          {
            "odata.etag": "W/\u0022datetime\u00272020-08-20T18%3A05%3A58.8196360Z\u0027\u0022",
            "StringTypeProperty": "This is table entity number 16",
            "DatetimeTypeProperty@odata.type": "Edm.DateTime",
            "DatetimeTypeProperty": "2020-01-01T01:17:00.0000000Z",
            "DatetimeOffsetTypeProperty@odata.type": "Edm.DateTime",
            "DatetimeOffsetTypeProperty": "2020-01-01T01:17:00.0000000Z",
            "GuidTypeProperty@odata.type": "Edm.Guid",
            "GuidTypeProperty": "0d391d16-97f1-4b9a-be68-4cc871f90016",
            "BinaryTypeProperty@odata.type": "Edm.Binary",
            "BinaryTypeProperty": "AQIDBAU=",
            "Int64TypeProperty@odata.type": "Edm.Int64",
            "Int64TypeProperty": "16",
            "DoubleTypeProperty": 16,
            "IntTypeProperty": 16,
            "PartitionKey": "somPartition",
            "RowKey": "16",
            "Timestamp@odata.type": "Edm.DateTime",
            "Timestamp": "2020-08-20T18:05:58.8196360Z"
          },
          {
            "odata.etag": "W/\u0022datetime\u00272020-08-20T18%3A05%3A58.9000200Z\u0027\u0022",
            "StringTypeProperty": "This is table entity number 17",
            "DatetimeTypeProperty@odata.type": "Edm.DateTime",
            "DatetimeTypeProperty": "2020-01-01T01:18:00.0000000Z",
            "DatetimeOffsetTypeProperty@odata.type": "Edm.DateTime",
            "DatetimeOffsetTypeProperty": "2020-01-01T01:18:00.0000000Z",
            "GuidTypeProperty@odata.type": "Edm.Guid",
            "GuidTypeProperty": "0d391d16-97f1-4b9a-be68-4cc871f90017",
            "BinaryTypeProperty@odata.type": "Edm.Binary",
            "BinaryTypeProperty": "AQIDBAU=",
            "Int64TypeProperty@odata.type": "Edm.Int64",
            "Int64TypeProperty": "17",
            "DoubleTypeProperty": 17,
            "IntTypeProperty": 17,
            "PartitionKey": "somPartition",
            "RowKey": "17",
            "Timestamp@odata.type": "Edm.DateTime",
            "Timestamp": "2020-08-20T18:05:58.9000200Z"
          },
          {
            "odata.etag": "W/\u0022datetime\u00272020-08-20T18%3A05%3A58.9805064Z\u0027\u0022",
            "StringTypeProperty": "This is table entity number 18",
            "DatetimeTypeProperty@odata.type": "Edm.DateTime",
            "DatetimeTypeProperty": "2020-01-01T01:19:00.0000000Z",
            "DatetimeOffsetTypeProperty@odata.type": "Edm.DateTime",
            "DatetimeOffsetTypeProperty": "2020-01-01T01:19:00.0000000Z",
            "GuidTypeProperty@odata.type": "Edm.Guid",
            "GuidTypeProperty": "0d391d16-97f1-4b9a-be68-4cc871f90018",
            "BinaryTypeProperty@odata.type": "Edm.Binary",
            "BinaryTypeProperty": "AQIDBAU=",
            "Int64TypeProperty@odata.type": "Edm.Int64",
            "Int64TypeProperty": "18",
            "DoubleTypeProperty": 18,
            "IntTypeProperty": 18,
            "PartitionKey": "somPartition",
            "RowKey": "18",
            "Timestamp@odata.type": "Edm.DateTime",
            "Timestamp": "2020-08-20T18:05:58.9805064Z"
          },
          {
            "odata.etag": "W/\u0022datetime\u00272020-08-20T18%3A05%3A59.0614024Z\u0027\u0022",
            "StringTypeProperty": "This is table entity number 19",
            "DatetimeTypeProperty@odata.type": "Edm.DateTime",
            "DatetimeTypeProperty": "2020-01-01T01:20:00.0000000Z",
            "DatetimeOffsetTypeProperty@odata.type": "Edm.DateTime",
            "DatetimeOffsetTypeProperty": "2020-01-01T01:20:00.0000000Z",
            "GuidTypeProperty@odata.type": "Edm.Guid",
            "GuidTypeProperty": "0d391d16-97f1-4b9a-be68-4cc871f90019",
            "BinaryTypeProperty@odata.type": "Edm.Binary",
            "BinaryTypeProperty": "AQIDBAU=",
            "Int64TypeProperty@odata.type": "Edm.Int64",
            "Int64TypeProperty": "19",
            "DoubleTypeProperty": 19,
            "IntTypeProperty": 19,
            "PartitionKey": "somPartition",
            "RowKey": "19",
            "Timestamp@odata.type": "Edm.DateTime",
            "Timestamp": "2020-08-20T18:05:59.0614024Z"
          },
          {
            "odata.etag": "W/\u0022datetime\u00272020-08-20T18%3A05%3A59.1427080Z\u0027\u0022",
            "StringTypeProperty": "This is table entity number 20",
            "DatetimeTypeProperty@odata.type": "Edm.DateTime",
            "DatetimeTypeProperty": "2020-01-01T01:21:00.0000000Z",
            "DatetimeOffsetTypeProperty@odata.type": "Edm.DateTime",
            "DatetimeOffsetTypeProperty": "2020-01-01T01:21:00.0000000Z",
            "GuidTypeProperty@odata.type": "Edm.Guid",
            "GuidTypeProperty": "0d391d16-97f1-4b9a-be68-4cc871f90020",
            "BinaryTypeProperty@odata.type": "Edm.Binary",
            "BinaryTypeProperty": "AQIDBAU=",
            "Int64TypeProperty@odata.type": "Edm.Int64",
            "Int64TypeProperty": "20",
            "DoubleTypeProperty": 20,
            "IntTypeProperty": 20,
            "PartitionKey": "somPartition",
            "RowKey": "20",
            "Timestamp@odata.type": "Edm.DateTime",
            "Timestamp": "2020-08-20T18:05:59.1427080Z"
          }
        ]
      }
    },
    {
      "RequestUri": "https://t6d9ba26493dd43beprim.table.cosmos.azure.com/Tables(\u0027testtable8822lm1f\u0027)",
      "RequestMethod": "DELETE",
      "RequestHeaders": {
        "Accept": [
          "application/json",
          "application/json"
        ],
        "Authorization": "Sanitized",
        "traceparent": "00-6c48841b5d45454bbd8576a3c12790ab-7fdee50f511d4d4a-00",
        "User-Agent": [
          "azsdk-net-Data.Tables/1.0.0-dev.20200820.2",
          "(.NET Core 4.6.27514.02; Microsoft Windows 10.0.17763 )"
        ],
        "x-ms-client-request-id": "efa8882694f2a416ddbe3a336f5fd2ff",
        "x-ms-date": "Thu, 20 Aug 2020 18:05:59 GMT",
        "x-ms-return-client-request-id": "true",
        "x-ms-version": "2019-02-02"
      },
      "RequestBody": null,
      "StatusCode": 204,
      "ResponseHeaders": {
        "Content-Length": "0",
        "Date": "Thu, 20 Aug 2020 18:05:58 GMT",
        "Server": "Microsoft-HTTPAPI/2.0",
        "x-ms-request-id": "efa88826-94f2-a416-ddbe-3a336f5fd2ff"
      },
      "ResponseBody": []
    }
  ],
  "Variables": {
    "RandomSeed": "678687848",
    "TABLES_COSMOS_ACCOUNT_NAME": "t6d9ba26493dd43beprim",
    "TABLES_PRIMARY_COSMOS_ACCOUNT_KEY": "Sanitized"
  }
}