{
  "Entries": [
    {
      "RequestUri": "https://t1acd88e4a1c34b8dprim.table.cosmos.azure.com/Tables?$format=application%2Fjson%3Bodata%3Dminimalmetadata",
      "RequestMethod": "POST",
      "RequestHeaders": {
        "Accept": [
          "application/json",
          "application/json; odata=minimalmetadata"
        ],
        "Authorization": "Sanitized",
        "Content-Length": "33",
        "Content-Type": "application/json; odata=nometadata",
        "DataServiceVersion": "3.0",
        "traceparent": "00-6e896efaf792354ba7e9e08a898db486-a4f8d6eea1f8d74a-00",
        "User-Agent": [
          "azsdk-net-Data.Tables/1.0.0-dev.20200821.2",
          "(.NET Core 4.6.27514.02; Microsoft Windows 10.0.17763 )"
        ],
        "x-ms-client-request-id": "3e3c6e1194e56f0b0e6b2b256158adc2",
        "x-ms-date": "Fri, 21 Aug 2020 15:08:08 GMT",
        "x-ms-return-client-request-id": "true",
        "x-ms-version": "2019-02-02"
      },
      "RequestBody": {
        "TableName": "testtable0e71f32s"
      },
      "StatusCode": 201,
      "ResponseHeaders": {
        "Content-Type": "application/json",
        "Date": "Fri, 21 Aug 2020 15:08:08 GMT",
        "ETag": "W/\u0022datetime\u00272020-08-21T15%3A08%3A08.5650440Z\u0027\u0022",
        "Location": "https://t1acd88e4a1c34b8dprim.table.cosmos.azure.com/Tables(\u0027testtable0e71f32s\u0027)",
        "Server": "Microsoft-HTTPAPI/2.0",
        "Transfer-Encoding": "chunked",
        "x-ms-request-id": "3e3c6e11-94e5-6f0b-0e6b-2b256158adc2"
      },
      "ResponseBody": {
        "TableName": "testtable0e71f32s",
        "odata.metadata": "https://t1acd88e4a1c34b8dprim.table.cosmos.azure.com/$metadata#Tables/@Element"
      }
    },
    {
      "RequestUri": "https://t1acd88e4a1c34b8dprim.table.cosmos.azure.com/Tables?$format=application%2Fjson%3Bodata%3Dminimalmetadata",
      "RequestMethod": "POST",
      "RequestHeaders": {
        "Accept": [
          "application/json",
          "application/json; odata=minimalmetadata"
        ],
        "Authorization": "Sanitized",
        "Content-Length": "33",
        "Content-Type": "application/json; odata=nometadata",
        "DataServiceVersion": "3.0",
        "traceparent": "00-9e5888bea42f7d4682d2cd1d4b0e4193-64764c4150a74d40-00",
        "User-Agent": [
          "azsdk-net-Data.Tables/1.0.0-dev.20200821.2",
          "(.NET Core 4.6.27514.02; Microsoft Windows 10.0.17763 )"
        ],
        "x-ms-client-request-id": "fb6610caae8b147ca85727279eb09b61",
        "x-ms-date": "Fri, 21 Aug 2020 15:08:08 GMT",
        "x-ms-return-client-request-id": "true",
        "x-ms-version": "2019-02-02"
      },
      "RequestBody": {
        "TableName": "testtable0e71f32s"
      },
      "StatusCode": 409,
      "ResponseHeaders": {
        "Content-Type": "application/json",
        "Date": "Fri, 21 Aug 2020 15:08:08 GMT",
        "Server": "Microsoft-HTTPAPI/2.0",
        "Transfer-Encoding": "chunked",
        "x-ms-request-id": "fb6610ca-ae8b-147c-a857-27279eb09b61"
      },
      "ResponseBody": [
        "{\u0022odata.error\u0022:{\u0022code\u0022:\u0022TableAlreadyExists\u0022,\u0022message\u0022:{\u0022lang\u0022:\u0022en-us\u0022,\u0022value\u0022:\u0022The specified table already exists.\\nRequestID:fb6610ca-ae8b-147c-a857-27279eb09b61\\n\u0022}}}\r\n"
      ]
    },
    {
      "RequestUri": "https://t1acd88e4a1c34b8dprim.table.cosmos.azure.com/Tables?$format=application%2Fjson%3Bodata%3Dminimalmetadata",
      "RequestMethod": "POST",
      "RequestHeaders": {
        "Accept": [
          "application/json",
          "application/json; odata=minimalmetadata"
        ],
        "Authorization": "Sanitized",
        "Content-Length": "33",
        "Content-Type": "application/json; odata=nometadata",
        "DataServiceVersion": "3.0",
        "traceparent": "00-135b417da9027c41b07ea13839777f84-bf3434e074750642-00",
        "User-Agent": [
          "azsdk-net-Data.Tables/1.0.0-dev.20200821.2",
          "(.NET Core 4.6.27514.02; Microsoft Windows 10.0.17763 )"
        ],
        "x-ms-client-request-id": "77fd80bcb26dbb29d7271211434ae463",
        "x-ms-date": "Fri, 21 Aug 2020 15:08:08 GMT",
        "x-ms-return-client-request-id": "true",
        "x-ms-version": "2019-02-02"
      },
      "RequestBody": {
        "TableName": "testtablez0ygcv1o"
      },
      "StatusCode": 201,
      "ResponseHeaders": {
        "Content-Type": "application/json",
        "Date": "Fri, 21 Aug 2020 15:08:08 GMT",
        "ETag": "W/\u0022datetime\u00272020-08-21T15%3A08%3A09.0425352Z\u0027\u0022",
        "Location": "https://t1acd88e4a1c34b8dprim.table.cosmos.azure.com/Tables(\u0027testtablez0ygcv1o\u0027)",
        "Server": "Microsoft-HTTPAPI/2.0",
        "Transfer-Encoding": "chunked",
        "x-ms-request-id": "77fd80bc-b26d-bb29-d727-1211434ae463"
      },
      "ResponseBody": {
        "TableName": "testtablez0ygcv1o",
        "odata.metadata": "https://t1acd88e4a1c34b8dprim.table.cosmos.azure.com/$metadata#Tables/@Element"
      }
    },
    {
      "RequestUri": "https://t1acd88e4a1c34b8dprim.table.cosmos.azure.com/Tables(\u0027testtablez0ygcv1o\u0027)",
      "RequestMethod": "DELETE",
      "RequestHeaders": {
        "Accept": [
          "application/json",
          "application/json"
        ],
        "Authorization": "Sanitized",
        "traceparent": "00-8c2277ca9a18df4b8121a7970b3b04ad-0ac5111aac35054f-00",
        "User-Agent": [
          "azsdk-net-Data.Tables/1.0.0-dev.20200821.2",
          "(.NET Core 4.6.27514.02; Microsoft Windows 10.0.17763 )"
        ],
        "x-ms-client-request-id": "8d9628f2e36c5dd1d0c9044557879670",
        "x-ms-date": "Fri, 21 Aug 2020 15:08:09 GMT",
        "x-ms-return-client-request-id": "true",
        "x-ms-version": "2019-02-02"
      },
      "RequestBody": null,
      "StatusCode": 204,
      "ResponseHeaders": {
        "Content-Length": "0",
        "Date": "Fri, 21 Aug 2020 15:08:08 GMT",
        "Server": "Microsoft-HTTPAPI/2.0",
        "x-ms-request-id": "8d9628f2-e36c-5dd1-d0c9-044557879670"
      },
      "ResponseBody": []
    },
    {
      "RequestUri": "https://t1acd88e4a1c34b8dprim.table.cosmos.azure.com/Tables(\u0027testtable0e71f32s\u0027)",
      "RequestMethod": "DELETE",
      "RequestHeaders": {
        "Accept": [
          "application/json",
          "application/json"
        ],
        "Authorization": "Sanitized",
        "traceparent": "00-15df93745e1d4642822b264b3c9846f5-b99124a360bb8440-00",
        "User-Agent": [
          "azsdk-net-Data.Tables/1.0.0-dev.20200821.2",
          "(.NET Core 4.6.27514.02; Microsoft Windows 10.0.17763 )"
        ],
        "x-ms-client-request-id": "0b3ffb4e05b0f5a62d6c50769e8a1ed6",
        "x-ms-date": "Fri, 21 Aug 2020 15:08:09 GMT",
        "x-ms-return-client-request-id": "true",
        "x-ms-version": "2019-02-02"
      },
      "RequestBody": null,
      "StatusCode": 204,
      "ResponseHeaders": {
        "Content-Length": "0",
        "Date": "Fri, 21 Aug 2020 15:08:10 GMT",
        "Server": "Microsoft-HTTPAPI/2.0",
        "x-ms-request-id": "0b3ffb4e-05b0-f5a6-2d6c-50769e8a1ed6"
      },
      "ResponseBody": []
    }
  ],
  "Variables": {
    "RandomSeed": "2019404461",
    "TABLES_COSMOS_ACCOUNT_NAME": "t1acd88e4a1c34b8dprim",
    "TABLES_PRIMARY_COSMOS_ACCOUNT_KEY": "Kg=="
  }
}