{
  "Entries": [
    {
      "RequestUri": "https://jverazsdkprim.table.cosmos.azure.com/Tables?$format=application%2Fjson%3Bodata%3Dminimalmetadata",
      "RequestMethod": "POST",
      "RequestHeaders": {
        "Accept": "application/json;odata=minimalmetadata",
        "Authorization": "Sanitized",
        "Content-Length": "33",
        "Content-Type": "application/json;odata=nometadata",
        "DataServiceVersion": "3.0",
        "traceparent": "00-bc18e4c058758048b9b0abb4b0c5b623-e428ec5a85bb8f42-00",
        "User-Agent": "azsdk-net-Data.Tables/12.0.0-alpha.20210322.1 (.NET Framework 4.8.4300.0; Microsoft Windows 10.0.19042 )",
        "x-ms-client-request-id": "7039af77780e68f7c2408fdd6089e1c2",
        "x-ms-date": "Mon, 22 Mar 2021 23:44:02 GMT",
        "x-ms-return-client-request-id": "true",
        "x-ms-version": "2019-02-02"
      },
      "RequestBody": {
        "TableName": "testtable4k2syqpc"
      },
      "StatusCode": 201,
      "ResponseHeaders": {
        "Content-Type": "application/json;odata=minimalmetadata",
        "Date": "Mon, 22 Mar 2021 23:44:04 GMT",
        "ETag": "W/\u0022datetime\u00272021-03-22T23%3A44%3A03.6604936Z\u0027\u0022",
        "Location": "https://jverazsdkprim.table.cosmos.azure.com/Tables(\u0027testtable4k2syqpc\u0027)",
        "Server": "Microsoft-HTTPAPI/2.0",
        "Transfer-Encoding": "chunked",
        "x-ms-request-id": "7039af77-780e-68f7-c240-8fdd6089e1c2"
      },
      "ResponseBody": {
        "TableName": "testtable4k2syqpc",
        "odata.metadata": "https://jverazsdkprim.table.cosmos.azure.com/$metadata#Tables/@Element"
      }
    },
    {
      "RequestUri": "https://jverazsdkprim.table.cosmos.azure.com/testtable4k2syqpc(PartitionKey=\u0027somPartition\u0027,RowKey=\u00271\u0027)?$format=application%2Fjson%3Bodata%3Dminimalmetadata",
      "RequestMethod": "PUT",
      "RequestHeaders": {
        "Accept": "application/json",
        "Authorization": "Sanitized",
        "Content-Length": "88",
        "Content-Type": "application/json",
        "DataServiceVersion": "3.0",
        "traceparent": "00-4041d563061753499c5cb7a92ff0300c-0bce953aeed20d4c-00",
        "User-Agent": "azsdk-net-Data.Tables/12.0.0-alpha.20210322.1 (.NET Framework 4.8.4300.0; Microsoft Windows 10.0.19042 )",
        "x-ms-client-request-id": "ac9184176d97737699ac85f473bac456",
        "x-ms-date": "Mon, 22 Mar 2021 23:44:03 GMT",
        "x-ms-return-client-request-id": "true",
        "x-ms-version": "2019-02-02"
      },
      "RequestBody": {
        "StringTypeProperty": "This is the original",
        "PartitionKey": "somPartition",
        "RowKey": "1"
      },
      "StatusCode": 204,
      "ResponseHeaders": {
        "Content-Length": "0",
        "Content-Type": "application/json",
        "Date": "Mon, 22 Mar 2021 23:44:04 GMT",
        "ETag": "W/\u0022datetime\u00272021-03-22T23%3A44%3A04.2479624Z\u0027\u0022",
        "Server": "Microsoft-HTTPAPI/2.0",
        "x-ms-request-id": "ac918417-6d97-7376-99ac-85f473bac456"
      },
      "ResponseBody": []
    },
    {
      "RequestUri": "https://jverazsdkprim.table.cosmos.azure.com/testtable4k2syqpc()?$format=application%2Fjson%3Bodata%3Dminimalmetadata\u0026$filter=PartitionKey%20eq%20%27somPartition%27%20and%20RowKey%20eq%20%271%27",
      "RequestMethod": "GET",
      "RequestHeaders": {
        "Accept": "application/json;odata=minimalmetadata",
        "Authorization": "Sanitized",
        "DataServiceVersion": "3.0",
        "traceparent": "00-9c838aee657b834980e1584186b7f1e8-7e651d2c0e92ae40-00",
        "User-Agent": "azsdk-net-Data.Tables/12.0.0-alpha.20210322.1 (.NET Framework 4.8.4300.0; Microsoft Windows 10.0.19042 )",
        "x-ms-client-request-id": "e56606a342a71daa4c90afe3b9cb14b8",
        "x-ms-date": "Mon, 22 Mar 2021 23:44:03 GMT",
        "x-ms-return-client-request-id": "true",
        "x-ms-version": "2019-02-02"
      },
      "RequestBody": null,
      "StatusCode": 200,
      "ResponseHeaders": {
        "Content-Type": "application/json;odata=minimalmetadata",
        "Date": "Mon, 22 Mar 2021 23:44:04 GMT",
        "Server": "Microsoft-HTTPAPI/2.0",
        "Transfer-Encoding": "chunked",
        "x-ms-request-id": "e56606a3-42a7-1daa-4c90-afe3b9cb14b8"
      },
      "ResponseBody": {
        "value": [
          {
            "odata.etag": "W/\u0022datetime\u00272021-03-22T23%3A44%3A04.2479624Z\u0027\u0022",
            "PartitionKey": "somPartition",
            "RowKey": "1",
            "StringTypeProperty": "This is the original",
            "Timestamp": "2021-03-22T23:44:04.2479624Z"
          }
        ],
        "odata.metadata": "https://jverazsdkprim.table.cosmos.azure.com/$metadata#testtable4k2syqpc"
      }
    },
    {
      "RequestUri": "https://jverazsdkprim.table.cosmos.azure.com/testtable4k2syqpc(PartitionKey=\u0027somPartition\u0027,RowKey=\u00271\u0027)?$format=application%2Fjson%3Bodata%3Dminimalmetadata",
      "RequestMethod": "PUT",
      "RequestHeaders": {
        "Accept": "application/json",
        "Authorization": "Sanitized",
        "Content-Length": "218",
        "Content-Type": "application/json",
        "DataServiceVersion": "3.0",
        "traceparent": "00-60cf661dc8b5914aa655a8abc6d7ec45-52a010e2728a7047-00",
        "User-Agent": "azsdk-net-Data.Tables/12.0.0-alpha.20210322.1 (.NET Framework 4.8.4300.0; Microsoft Windows 10.0.19042 )",
        "x-ms-client-request-id": "bb9d81472c1a42dfc3fc74cc72744e86",
        "x-ms-date": "Mon, 22 Mar 2021 23:44:03 GMT",
        "x-ms-return-client-request-id": "true",
        "x-ms-version": "2019-02-02"
      },
      "RequestBody": {
        "PartitionKey": "somPartition",
        "RowKey": "1",
        "StringTypeProperty": "This is the original",
        "Timestamp": "2021-03-22T23:44:04.2479624Z",
        "Timestamp@odata.type": "Edm.DateTime",
        "SomeStringProperty": "This is new and improved!"
      },
      "StatusCode": 204,
      "ResponseHeaders": {
        "Content-Length": "0",
        "Content-Type": "application/json",
        "Date": "Mon, 22 Mar 2021 23:44:04 GMT",
        "ETag": "W/\u0022datetime\u00272021-03-22T23%3A44%3A04.3427848Z\u0027\u0022",
        "Server": "Microsoft-HTTPAPI/2.0",
        "x-ms-request-id": "bb9d8147-2c1a-42df-c3fc-74cc72744e86"
      },
      "ResponseBody": []
    },
    {
      "RequestUri": "https://jverazsdkprim.table.cosmos.azure.com/testtable4k2syqpc()?$format=application%2Fjson%3Bodata%3Dminimalmetadata\u0026$filter=PartitionKey%20eq%20%27somPartition%27%20and%20RowKey%20eq%20%271%27",
      "RequestMethod": "GET",
      "RequestHeaders": {
        "Accept": "application/json;odata=minimalmetadata",
        "Authorization": "Sanitized",
        "DataServiceVersion": "3.0",
        "traceparent": "00-69bc2210fb065d40967ab195741cc6c2-efe7e5c66f3bae41-00",
        "User-Agent": "azsdk-net-Data.Tables/12.0.0-alpha.20210322.1 (.NET Framework 4.8.4300.0; Microsoft Windows 10.0.19042 )",
        "x-ms-client-request-id": "83bd86cbdc7bd45eda735f07bd92bace",
        "x-ms-date": "Mon, 22 Mar 2021 23:44:03 GMT",
        "x-ms-return-client-request-id": "true",
        "x-ms-version": "2019-02-02"
      },
      "RequestBody": null,
      "StatusCode": 200,
      "ResponseHeaders": {
        "Content-Type": "application/json;odata=minimalmetadata",
        "Date": "Mon, 22 Mar 2021 23:44:04 GMT",
        "Server": "Microsoft-HTTPAPI/2.0",
        "Transfer-Encoding": "chunked",
        "x-ms-request-id": "83bd86cb-dc7b-d45e-da73-5f07bd92bace"
      },
      "ResponseBody": {
        "value": [
          {
            "odata.etag": "W/\u0022datetime\u00272021-03-22T23%3A44%3A04.3427848Z\u0027\u0022",
            "PartitionKey": "somPartition",
            "RowKey": "1",
            "StringTypeProperty": "This is the original",
            "SomeStringProperty": "This is new and improved!",
            "Timestamp": "2021-03-22T23:44:04.3427848Z"
          }
        ],
        "odata.metadata": "https://jverazsdkprim.table.cosmos.azure.com/$metadata#testtable4k2syqpc"
      }
    },
    {
      "RequestUri": "https://jverazsdkprim.table.cosmos.azure.com/Tables(\u0027testtable4k2syqpc\u0027)",
      "RequestMethod": "DELETE",
      "RequestHeaders": {
        "Accept": "application/json",
        "Authorization": "Sanitized",
        "traceparent": "00-90b65e9bd88d9e4687450320f0bb090d-efe1dbc068d5724d-00",
        "User-Agent": "azsdk-net-Data.Tables/12.0.0-alpha.20210322.1 (.NET Framework 4.8.4300.0; Microsoft Windows 10.0.19042 )",
        "x-ms-client-request-id": "f1accc98081c763c262322aacddeabd8",
        "x-ms-date": "Mon, 22 Mar 2021 23:44:03 GMT",
        "x-ms-return-client-request-id": "true",
        "x-ms-version": "2019-02-02"
      },
      "RequestBody": null,
      "StatusCode": 204,
      "ResponseHeaders": {
        "Content-Length": "0",
        "Date": "Mon, 22 Mar 2021 23:44:04 GMT",
        "Server": "Microsoft-HTTPAPI/2.0",
        "x-ms-request-id": "f1accc98-081c-763c-2623-22aacddeabd8"
      },
      "ResponseBody": []
    }
  ],
  "Variables": {
    "COSMOS_TABLES_ENDPOINT_SUFFIX": null,
    "RandomSeed": "1448417861",
    "TABLES_COSMOS_ACCOUNT_NAME": "jverazsdkprim",
    "TABLES_PRIMARY_COSMOS_ACCOUNT_KEY": "Kg=="
  }
}