{
  "Entries": [
    {
      "RequestUri": "https://chrisstablesprim.table.cosmos.azure.com/Tables?$format=application%2Fjson%3Bodata%3Dminimalmetadata",
      "RequestMethod": "POST",
      "RequestHeaders": {
        "Accept": "application/json; odata=minimalmetadata",
        "Authorization": "Sanitized",
        "Content-Length": "33",
        "Content-Type": "application/json; odata=nometadata",
        "DataServiceVersion": "3.0",
        "traceparent": "00-8fccae5de59dc64889751bddbb77bb24-a76dd31a01239044-00",
        "User-Agent": [
          "azsdk-net-Data.Tables/3.0.0-alpha.20210104.1",
          "(.NET Core 4.6.29321.03; Microsoft Windows 10.0.19042 )"
        ],
        "x-ms-client-request-id": "de312ebd9aaadd4ad5fea8204e8a61d9",
        "x-ms-date": "Mon, 04 Jan 2021 23:37:50 GMT",
        "x-ms-return-client-request-id": "true",
        "x-ms-version": "2019-02-02"
      },
      "RequestBody": {
        "TableName": "testtablewh818pgf"
      },
      "StatusCode": 201,
      "ResponseHeaders": {
        "Content-Type": "application/json; odata=minimalmetadata",
        "Date": "Mon, 04 Jan 2021 23:37:50 GMT",
        "ETag": "W/\u0022datetime\u00272021-01-04T23%3A37%3A50.6938888Z\u0027\u0022",
        "Location": "https://chrisstablesprim.table.cosmos.azure.com/Tables(\u0027testtablewh818pgf\u0027)",
        "Server": "Microsoft-HTTPAPI/2.0",
        "Transfer-Encoding": "chunked",
        "x-ms-request-id": "de312ebd-9aaa-dd4a-d5fe-a8204e8a61d9"
      },
      "ResponseBody": {
        "TableName": "testtablewh818pgf",
        "odata.metadata": "https://chrisstablesprim.table.cosmos.azure.com/$metadata#Tables/@Element"
      }
    },
    {
      "RequestUri": "https://chrisstablesprim.table.cosmos.azure.com/testtablewh818pgf(PartitionKey=\u0027somPartition\u0027,RowKey=\u002701\u0027)?$format=application%2Fjson%3Bodata%3Dminimalmetadata",
      "RequestMethod": "PUT",
      "RequestHeaders": {
        "Accept": "application/json",
        "Authorization": "Sanitized",
        "Content-Length": "614",
        "Content-Type": "application/json",
        "DataServiceVersion": "3.0",
        "traceparent": "00-eed1d21a814191449a2defb1aa7b2d2c-9c2c1712bd0edf40-00",
        "User-Agent": [
          "azsdk-net-Data.Tables/3.0.0-alpha.20210104.1",
          "(.NET Core 4.6.29321.03; Microsoft Windows 10.0.19042 )"
        ],
        "x-ms-client-request-id": "b0e97e5cf45fb31ef35a681adcf18450",
        "x-ms-date": "Mon, 04 Jan 2021 23:37:51 GMT",
        "x-ms-return-client-request-id": "true",
        "x-ms-version": "2019-02-02"
      },
      "RequestBody": {
        "PartitionKey": "somPartition",
        "RowKey": "01",
        "SomeStringProperty": "This is table entity number 01",
        "SomeDateProperty": "2020-01-01T01:02:00.0000000Z",
        "SomeDateProperty@odata.type": "Edm.DateTime",
        "SomeGuidProperty": "0d391d16-97f1-4b9a-be68-4cc871f90001",
        "SomeGuidProperty@odata.type": "Edm.Guid",
        "SomeBinaryProperty": "AQIDBAU=",
        "SomeBinaryProperty@odata.type": "Edm.Binary",
        "SomeInt64Property": "1",
        "SomeInt64Property@odata.type": "Edm.Int64",
        "SomeDoubleProperty0": 1,
        "SomeDoubleProperty0@odata.type": "Edm.Double",
        "SomeDoubleProperty1": 1.1000000000000001,
        "SomeDoubleProperty1@odata.type": "Edm.Double",
        "SomeIntProperty": 1
      },
      "StatusCode": 204,
      "ResponseHeaders": {
        "Content-Length": "0",
        "Content-Type": "application/json",
        "Date": "Mon, 04 Jan 2021 23:37:50 GMT",
        "ETag": "W/\u0022datetime\u00272021-01-04T23%3A37%3A51.0944776Z\u0027\u0022",
        "Server": "Microsoft-HTTPAPI/2.0",
        "x-ms-request-id": "b0e97e5c-f45f-b31e-f35a-681adcf18450"
      },
      "ResponseBody": []
    },
    {
      "RequestUri": "https://chrisstablesprim.table.cosmos.azure.com/testtablewh818pgf(PartitionKey=\u0027somPartition\u0027,RowKey=\u002701\u0027)?$format=application%2Fjson%3Bodata%3Dminimalmetadata",
      "RequestMethod": "GET",
      "RequestHeaders": {
        "Accept": "application/json; odata=minimalmetadata",
        "Authorization": "Sanitized",
        "DataServiceVersion": "3.0",
        "traceparent": "00-f474e8f3f010454284bee82d16562287-55ab41a0f388bb4c-00",
        "User-Agent": [
          "azsdk-net-Data.Tables/3.0.0-alpha.20210104.1",
          "(.NET Core 4.6.29321.03; Microsoft Windows 10.0.19042 )"
        ],
        "x-ms-client-request-id": "7e9e21bc310047c6835bfeee7ef99ee1",
        "x-ms-date": "Mon, 04 Jan 2021 23:37:51 GMT",
        "x-ms-return-client-request-id": "true",
        "x-ms-version": "2019-02-02"
      },
      "RequestBody": null,
      "StatusCode": 200,
      "ResponseHeaders": {
        "Content-Type": "application/json; odata=minimalmetadata",
        "Date": "Mon, 04 Jan 2021 23:37:50 GMT",
        "ETag": "W/\u0022datetime\u00272021-01-04T23%3A37%3A51.0944776Z\u0027\u0022",
        "Server": "Microsoft-HTTPAPI/2.0",
        "Transfer-Encoding": "chunked",
        "x-ms-request-id": "7e9e21bc-3100-47c6-835b-feee7ef99ee1"
      },
      "ResponseBody": {
        "odata.metadata": "https://chrisstablesprim.table.cosmos.azure.com/testtablewh818pgf/$metadata#testtablewh818pgf/@Element",
        "odata.etag": "W/\u0022datetime\u00272021-01-04T23%3A37%3A51.0944776Z\u0027\u0022",
        "PartitionKey": "somPartition",
        "RowKey": "01",
        "SomeStringProperty": "This is table entity number 01",
        "SomeDateProperty@odata.type": "Edm.DateTime",
        "SomeDateProperty": "2020-01-01T01:02:00.0000000Z",
        "SomeGuidProperty@odata.type": "Edm.Guid",
        "SomeGuidProperty": "0d391d16-97f1-4b9a-be68-4cc871f90001",
        "SomeBinaryProperty@odata.type": "Edm.Binary",
        "SomeBinaryProperty": "AQIDBAU=",
        "SomeInt64Property@odata.type": "Edm.Int64",
        "SomeInt64Property": "1",
        "SomeDoubleProperty0": 1,
        "SomeDoubleProperty1": 1.1,
        "SomeIntProperty": 1,
        "Timestamp": "2021-01-04T23:37:51.0944776Z"
      }
    },
    {
      "RequestUri": "https://chrisstablesprim.table.cosmos.azure.com/Tables(\u0027testtablewh818pgf\u0027)",
      "RequestMethod": "DELETE",
      "RequestHeaders": {
        "Accept": "application/json",
        "Authorization": "Sanitized",
        "traceparent": "00-3c339280539c5248925d46366dd38da7-90664d4cbaf91a40-00",
        "User-Agent": [
          "azsdk-net-Data.Tables/3.0.0-alpha.20210104.1",
          "(.NET Core 4.6.29321.03; Microsoft Windows 10.0.19042 )"
        ],
        "x-ms-client-request-id": "31dd970b07c6c870107eea50312f01e3",
        "x-ms-date": "Mon, 04 Jan 2021 23:37:51 GMT",
        "x-ms-return-client-request-id": "true",
        "x-ms-version": "2019-02-02"
      },
      "RequestBody": null,
      "StatusCode": 204,
      "ResponseHeaders": {
        "Content-Length": "0",
        "Date": "Mon, 04 Jan 2021 23:37:51 GMT",
        "Server": "Microsoft-HTTPAPI/2.0",
        "x-ms-request-id": "31dd970b-07c6-c870-107e-ea50312f01e3"
      },
      "ResponseBody": []
    }
  ],
  "Variables": {
    "COSMOS_TABLES_ENDPOINT_SUFFIX": null,
    "RandomSeed": "2061207504",
    "TABLES_COSMOS_ACCOUNT_NAME": "chrisstablesprim",
    "TABLES_PRIMARY_COSMOS_ACCOUNT_KEY": "Kg=="
  }
}