{
  "Entries": [
    {
      "RequestUri": "https://chrissprim.table.cosmos.azure.com/Tables?$format=application%2Fjson%3Bodata%3Dminimalmetadata",
      "RequestMethod": "POST",
      "RequestHeaders": {
        "Accept": "application/json",
        "Authorization": "Sanitized",
        "Content-Length": "33",
        "Content-Type": "application/json; odata=nometadata",
        "DataServiceVersion": "3.0",
        "traceparent": "00-c14fdeafee9e60438e998e4fc86b4664-84ff9b37430c5242-00",
        "User-Agent": [
          "azsdk-net-Data.Tables/1.0.0-dev.20200825.1",
          "(.NET Core 4.6.29130.01; Microsoft Windows 10.0.18363 )"
        ],
        "x-ms-client-request-id": "a105117b901e296f07e800301e1ecf5c",
        "x-ms-date": "Tue, 25 Aug 2020 22:55:05 GMT",
        "x-ms-return-client-request-id": "true",
        "x-ms-version": "2019-02-02"
      },
      "RequestBody": {
        "TableName": "testtableqs50llgn"
      },
      "StatusCode": 201,
      "ResponseHeaders": {
        "Content-Type": "application/json",
        "Date": "Tue, 25 Aug 2020 22:55:06 GMT",
        "ETag": "W/\u0022datetime\u00272020-08-25T22%3A55%3A06.2848520Z\u0027\u0022",
        "Location": "https://chrissprim.table.cosmos.azure.com/Tables(\u0027testtableqs50llgn\u0027)",
        "Server": "Microsoft-HTTPAPI/2.0",
        "Transfer-Encoding": "chunked",
        "x-ms-request-id": "a105117b-901e-296f-07e8-00301e1ecf5c"
      },
      "ResponseBody": {
        "TableName": "testtableqs50llgn",
        "odata.metadata": "https://chrissprim.table.cosmos.azure.com/$metadata#Tables/@Element"
      }
    },
    {
      "RequestUri": "https://chrissprim.table.cosmos.azure.com/testtableqs50llgn()?tn=testtableqs50llgn\u0026sv=2017-07-29\u0026se=2040-01-01T01%3A01%3A00Z\u0026sp=r\u0026sig=Sanitized\u0026$format=application%2Fjson%3Bodata%3Dminimalmetadata",
      "RequestMethod": "GET",
      "RequestHeaders": {
        "Accept": "application/json",
        "DataServiceVersion": "3.0",
        "User-Agent": [
          "azsdk-net-Data.Tables/1.0.0-dev.20200825.1",
          "(.NET Core 4.6.29130.01; Microsoft Windows 10.0.18363 )"
        ],
        "x-ms-client-request-id": "010adf711c8407a745e1686b90745a89",
        "x-ms-return-client-request-id": "true",
        "x-ms-version": "2019-02-02"
      },
      "RequestBody": null,
      "StatusCode": 200,
      "ResponseHeaders": {
        "Content-Type": "application/json",
        "Date": "Tue, 25 Aug 2020 22:55:06 GMT",
        "Server": "Microsoft-HTTPAPI/2.0",
        "Transfer-Encoding": "chunked",
        "x-ms-request-id": "010adf71-1c84-07a7-45e1-686b90745a89"
      },
      "ResponseBody": {
        "value": []
      }
    },
    {
      "RequestUri": "https://chrissprim.table.cosmos.azure.com/testtableqs50llgn(PartitionKey=\u0027partition\u0027,RowKey=\u002701\u0027)?tn=testtableqs50llgn\u0026sv=2017-07-29\u0026se=2040-01-01T01%3A01%3A00Z\u0026sp=r\u0026sig=Sanitized\u0026$format=application%2Fjson%3Bodata%3Dminimalmetadata",
      "RequestMethod": "PUT",
      "RequestHeaders": {
        "Accept": "application/json",
        "Content-Length": "611",
        "Content-Type": "application/json",
        "DataServiceVersion": "3.0",
        "traceparent": "00-e0694d3d22cf014494ee8f5a539fc51e-1d143d8526cceb41-00",
        "User-Agent": [
          "azsdk-net-Data.Tables/1.0.0-dev.20200825.1",
          "(.NET Core 4.6.29130.01; Microsoft Windows 10.0.18363 )"
        ],
        "x-ms-client-request-id": "d61b5b1813210e3bc9cb52627addc5e7",
        "x-ms-return-client-request-id": "true",
        "x-ms-version": "2019-02-02"
      },
      "RequestBody": {
        "PartitionKey": "partition",
        "RowKey": "01",
        "SomeStringProperty": "This is table entity number 01",
        "SomeDateProperty": "2020-01-01T01:02:00.0000000Z",
        "SomeDateProperty@odata.type": "Edm.DateTime",
        "SomeGuidProperty": "0d391d16-97f1-4b9a-be68-4cc871f90001",
        "SomeGuidProperty@odata.type": "Edm.Guid",
        "SomeBinaryProperty": "AQIDBAU=",
        "SomeBinaryProperty@odata.type": "Edm.Binary",
        "SomeInt64Property": "1",
        "SomeInt64Property@odata.type": "Edm.Int64",
        "SomeDoubleProperty0": 1,
        "SomeDoubleProperty0@odata.type": "Edm.Double",
        "SomeDoubleProperty1": 1.1000000000000001,
        "SomeDoubleProperty1@odata.type": "Edm.Double",
        "SomeIntProperty": 1
      },
      "StatusCode": 403,
      "ResponseHeaders": {
        "Content-Type": "application/json",
        "Date": "Tue, 25 Aug 2020 22:55:06 GMT",
        "Server": "Microsoft-HTTPAPI/2.0",
        "Transfer-Encoding": "chunked",
        "x-ms-request-id": "d61b5b18-1321-0e3b-c9cb-52627addc5e7"
      },
      "ResponseBody": [
        "{\u0022odata.error\u0022:{\u0022code\u0022:\u0022Forbidden\u0022,\u0022message\u0022:{\u0022lang\u0022:\u0022en-us\u0022,\u0022value\u0022:\u0022This request is not authorized to perform this operation using this permission.\\r\\nActivityId: d61b5b18-1321-0e3b-c9cb-52627addc5e7, documentdb-dotnet-sdk/2.11.0 Host/64-bit MicrosoftWindowsNT/6.2.9200.0\\nRequestID:d61b5b18-1321-0e3b-c9cb-52627addc5e7\\n\u0022}}}\r\n"
      ]
    },
    {
      "RequestUri": "https://chrissprim.table.cosmos.azure.com/Tables(\u0027testtableqs50llgn\u0027)",
      "RequestMethod": "DELETE",
      "RequestHeaders": {
        "Accept": "application/json",
        "Authorization": "Sanitized",
        "traceparent": "00-2b3622b1c3b53c409aac7b31587a9b23-3a931fdd58ebda40-00",
        "User-Agent": [
          "azsdk-net-Data.Tables/1.0.0-dev.20200825.1",
          "(.NET Core 4.6.29130.01; Microsoft Windows 10.0.18363 )"
        ],
        "x-ms-client-request-id": "9583cd56f1785fc86afd5b3d28049993",
        "x-ms-date": "Tue, 25 Aug 2020 22:55:07 GMT",
        "x-ms-return-client-request-id": "true",
        "x-ms-version": "2019-02-02"
      },
      "RequestBody": null,
      "StatusCode": 204,
      "ResponseHeaders": {
        "Content-Length": "0",
        "Date": "Tue, 25 Aug 2020 22:55:06 GMT",
        "Server": "Microsoft-HTTPAPI/2.0",
        "x-ms-request-id": "9583cd56-f178-5fc8-6afd-5b3d28049993"
      },
      "ResponseBody": []
    }
  ],
  "Variables": {
    "RandomSeed": "122333235",
    "TABLES_COSMOS_ACCOUNT_NAME": "chrissprim",
    "TABLES_PRIMARY_COSMOS_ACCOUNT_KEY": "Kg=="
  }
}