{
  "Entries": [
    {
      "RequestUri": "https://js-metrics-advisor.cognitiveservices.azure.com/metricsadvisor/v1.0/credentials",
      "RequestMethod": "POST",
      "RequestHeaders": {
        "Accept": "application/json",
        "Content-Length": "181",
        "Content-Type": "application/json",
        "Ocp-Apim-Subscription-Key": "Sanitized",
        "traceparent": "00-e470805a77d5fa44b59be4e3ddde77a8-9de29d1cb8261149-00",
        "User-Agent": "azsdk-net-AI.MetricsAdvisor/1.0.0-alpha.20210511.1 (.NET Framework 4.8.4300.0; Microsoft Windows 10.0.19043 )",
        "x-api-key": "Sanitized",
        "x-ms-client-request-id": "ba68ed14fdf81c2aab1531342d5069bb",
        "x-ms-return-client-request-id": "true"
      },
      "RequestBody": {
        "parameters": {
          "clientId": "clientId",
          "clientSecret": "Sanitized",
          "tenantId": "tenantId"
        },
        "dataSourceCredentialType": "ServicePrincipal",
        "dataSourceCredentialName": "credentiale10ZNjHh"
      },
      "StatusCode": 201,
      "ResponseHeaders": {
        "apim-request-id": "6de7eec3-d8b9-4fa1-a603-3ada67aed8af",
        "Content-Length": "0",
        "Date": "Tue, 11 May 2021 12:30:20 GMT",
        "Location": "https://js-metrics-advisor.cognitiveservices.azure.com/metricsadvisor/v1.0/credentials/ea941fdf-2063-47dd-a0bf-4ad133f9ed17",
        "Strict-Transport-Security": "max-age=31536000; includeSubDomains; preload",
        "x-content-type-options": "nosniff",
        "x-envoy-upstream-service-time": "5670",
        "x-request-id": "6de7eec3-d8b9-4fa1-a603-3ada67aed8af"
      },
      "ResponseBody": []
    },
    {
      "RequestUri": "https://js-metrics-advisor.cognitiveservices.azure.com/metricsadvisor/v1.0/credentials/ea941fdf-2063-47dd-a0bf-4ad133f9ed17",
      "RequestMethod": "GET",
      "RequestHeaders": {
        "Accept": "application/json",
        "Ocp-Apim-Subscription-Key": "Sanitized",
        "traceparent": "00-e470805a77d5fa44b59be4e3ddde77a8-979906ed73be5e4f-00",
        "User-Agent": "azsdk-net-AI.MetricsAdvisor/1.0.0-alpha.20210511.1 (.NET Framework 4.8.4300.0; Microsoft Windows 10.0.19043 )",
        "x-api-key": "Sanitized",
        "x-ms-client-request-id": "2a7544124b4fa3726a3492ff1d155dc8",
        "x-ms-return-client-request-id": "true"
      },
      "RequestBody": null,
      "StatusCode": 200,
      "ResponseHeaders": {
        "apim-request-id": "9e568785-baf5-473e-b6d0-53b538038d1d",
        "Content-Length": "282",
        "Content-Type": "application/json; charset=utf-8",
        "Date": "Tue, 11 May 2021 12:30:20 GMT",
        "Strict-Transport-Security": "max-age=31536000; includeSubDomains; preload",
        "x-content-type-options": "nosniff",
        "x-envoy-upstream-service-time": "241",
        "x-request-id": "9e568785-baf5-473e-b6d0-53b538038d1d"
      },
      "ResponseBody": {
        "dataSourceCredentialId": "ea941fdf-2063-47dd-a0bf-4ad133f9ed17",
        "dataSourceCredentialName": "credentiale10ZNjHh",
        "dataSourceCredentialDescription": "",
        "dataSourceCredentialType": "ServicePrincipal",
        "parameters": {
          "clientId": "clientId",
          "tenantId": "tenantId",
          "clientSecret": "Sanitized"
        }
      }
    },
    {
      "RequestUri": "https://js-metrics-advisor.cognitiveservices.azure.com/metricsadvisor/v1.0/credentials/ea941fdf-2063-47dd-a0bf-4ad133f9ed17",
      "RequestMethod": "GET",
      "RequestHeaders": {
        "Accept": "application/json",
        "Ocp-Apim-Subscription-Key": "Sanitized",
        "traceparent": "00-f9154e85ab0a904f8e7be27e18283d22-8bdf83fb26c45a46-00",
        "User-Agent": "azsdk-net-AI.MetricsAdvisor/1.0.0-alpha.20210511.1 (.NET Framework 4.8.4300.0; Microsoft Windows 10.0.19043 )",
        "x-api-key": "Sanitized",
        "x-ms-client-request-id": "a3820e570cf7d455922a01286afca304",
        "x-ms-return-client-request-id": "true"
      },
      "RequestBody": null,
      "StatusCode": 200,
      "ResponseHeaders": {
        "apim-request-id": "819f4ae5-eddf-46e8-b069-e93c6aab7ec4",
        "Content-Length": "282",
        "Content-Type": "application/json; charset=utf-8",
        "Date": "Tue, 11 May 2021 12:30:26 GMT",
        "Strict-Transport-Security": "max-age=31536000; includeSubDomains; preload",
        "x-content-type-options": "nosniff",
        "x-envoy-upstream-service-time": "5234",
        "x-request-id": "819f4ae5-eddf-46e8-b069-e93c6aab7ec4"
      },
      "ResponseBody": {
        "dataSourceCredentialId": "ea941fdf-2063-47dd-a0bf-4ad133f9ed17",
        "dataSourceCredentialName": "credentiale10ZNjHh",
        "dataSourceCredentialDescription": "",
        "dataSourceCredentialType": "ServicePrincipal",
        "parameters": {
          "clientId": "clientId",
          "tenantId": "tenantId",
          "clientSecret": "Sanitized"
        }
      }
    },
    {
      "RequestUri": "https://js-metrics-advisor.cognitiveservices.azure.com/metricsadvisor/v1.0/credentials/ea941fdf-2063-47dd-a0bf-4ad133f9ed17",
      "RequestMethod": "DELETE",
      "RequestHeaders": {
        "Accept": "application/json",
        "Ocp-Apim-Subscription-Key": "Sanitized",
        "traceparent": "00-9da0ccae665b9d43893688b51cea301a-cbf5c26cfacc1843-00",
        "User-Agent": "azsdk-net-AI.MetricsAdvisor/1.0.0-alpha.20210511.1 (.NET Framework 4.8.4300.0; Microsoft Windows 10.0.19043 )",
        "x-api-key": "Sanitized",
        "x-ms-client-request-id": "552ff25d8d26c8427ac44fc46a2bfe95",
        "x-ms-return-client-request-id": "true"
      },
      "RequestBody": null,
      "StatusCode": 204,
      "ResponseHeaders": {
        "apim-request-id": "d65082ed-0266-489e-ac58-6407cb4af647",
        "Content-Length": "0",
        "Date": "Tue, 11 May 2021 12:30:26 GMT",
        "Strict-Transport-Security": "max-age=31536000; includeSubDomains; preload",
        "x-content-type-options": "nosniff",
        "x-envoy-upstream-service-time": "229",
        "x-request-id": "d65082ed-0266-489e-ac58-6407cb4af647"
      },
      "ResponseBody": []
    }
  ],
  "Variables": {
    "METRICSADVISOR_ACCOUNT_NAME": "js-metrics-advisor",
    "METRICSADVISOR_ENDPOINT_SUFFIX": null,
    "METRICSADVISOR_PRIMARY_API_KEY": "Sanitized",
    "METRICSADVISOR_SUBSCRIPTION_KEY": "Sanitized",
    "RandomSeed": "2003511607"
  }
}