{
  "Entries": [
    {
      "RequestUri": "https://management.azure.com/subscriptions/220fc532-6091-423c-8ba0-66c2397d591b?api-version=2021-01-01",
      "RequestMethod": "GET",
      "RequestHeaders": {
        "Accept": "application/json",
        "Authorization": "Sanitized",
        "Connection": "keep-alive",
        "traceparent": "00-29f84eb7b53e9a40832df60df07c59f3-2b65a38eed196a4a-00",
        "User-Agent": "azsdk-net-ResourceManager/1.6.0 (.NET Framework 4.8.9166.0; Microsoft Windows 10.0.23486 )",
        "x-ms-client-request-id": "4acdc0d8268c33c4598fa9f4c3754aa6",
        "x-ms-return-client-request-id": "true"
      },
      "RequestBody": null,
      "StatusCode": 200,
      "ResponseHeaders": {
        "Cache-Control": "no-cache",
        "Content-Length": "456",
        "Content-Type": "application/json; charset=utf-8",
        "Date": "Thu, 29 Jun 2023 20:08:18 GMT",
        "Expires": "-1",
        "Pragma": "no-cache",
        "Strict-Transport-Security": "max-age=31536000; includeSubDomains",
        "X-Content-Type-Options": "nosniff",
        "x-ms-correlation-request-id": "cd105fbc-52a7-4de0-ae0a-2f7aebab6e81",
        "x-ms-ratelimit-remaining-subscription-reads": "11999",
        "x-ms-request-id": "cd105fbc-52a7-4de0-ae0a-2f7aebab6e81",
        "x-ms-routing-request-id": "SOUTHCENTRALUS:20230629T200819Z:cd105fbc-52a7-4de0-ae0a-2f7aebab6e81"
      },
      "ResponseBody": {
        "id": "/subscriptions/220fc532-6091-423c-8ba0-66c2397d591b",
        "authorizationSource": "RoleBased",
        "managedByTenants": [
          {
            "tenantId": "2f4a9838-26b7-47ee-be60-ccc1fdec5953"
          }
        ],
        "subscriptionId": "220fc532-6091-423c-8ba0-66c2397d591b",
        "tenantId": "72f988bf-86f1-41af-91ab-2d7cd011db47",
        "displayName": "CosmosDB-Demos-GeneralUse",
        "state": "Enabled",
        "subscriptionPolicies": {
          "locationPlacementId": "Internal_2014-09-01",
          "quotaId": "Internal_2014-09-01",
          "spendingLimit": "Off"
        }
      }
    },
    {
      "RequestUri": "https://management.azure.com/subscriptions/220fc532-6091-423c-8ba0-66c2397d591b/resourcegroups/dbaccount-6778?api-version=**",
      "RequestMethod": "PUT",
      "RequestHeaders": {
        "Accept": "application/json",
        "Authorization": "Sanitized",
        "Content-Length": "22",
        "Content-Type": "application/json",
        "traceparent": "00-b4479f6aa3196442a6e81f09931c4025-d0099465168a8243-00",
        "User-Agent": "azsdk-net-ResourceManager/1.6.0 (.NET Framework 4.8.9166.0; Microsoft Windows 10.0.23486 )",
        "x-ms-client-request-id": "10141cb6654285b8f165cb265d1d1d54",
        "x-ms-return-client-request-id": "true"
      },
      "RequestBody": {
        "location": "westus2"
      },
      "StatusCode": 201,
      "ResponseHeaders": {
        "Cache-Control": "no-cache",
        "Content-Length": "226",
        "Content-Type": "application/json; charset=utf-8",
        "Date": "Thu, 29 Jun 2023 20:08:20 GMT",
        "Expires": "-1",
        "Pragma": "no-cache",
        "Strict-Transport-Security": "max-age=31536000; includeSubDomains",
        "X-Content-Type-Options": "nosniff",
        "x-ms-correlation-request-id": "33ad3503-c06b-4788-8083-374c24469bf8",
        "x-ms-ratelimit-remaining-subscription-writes": "1199",
        "x-ms-request-id": "33ad3503-c06b-4788-8083-374c24469bf8",
        "x-ms-routing-request-id": "SOUTHCENTRALUS:20230629T200820Z:33ad3503-c06b-4788-8083-374c24469bf8"
      },
      "ResponseBody": {
        "id": "/subscriptions/220fc532-6091-423c-8ba0-66c2397d591b/resourceGroups/dbaccount-6778",
        "name": "dbaccount-6778",
        "type": "Microsoft.Resources/resourceGroups",
        "location": "westus2",
        "properties": {
          "provisioningState": "Succeeded"
        }
      }
    },
    {
      "RequestUri": "https://management.azure.com/subscriptions/220fc532-6091-423c-8ba0-66c2397d591b/resourcegroups/dbaccount-6778?api-version=**",
      "RequestMethod": "GET",
      "RequestHeaders": {
        "Accept": "application/json",
        "Authorization": "Sanitized",
        "traceparent": "00-7756224e66df744ea3c616c24bdc11cd-32f0b479e20b434b-00",
        "User-Agent": "azsdk-net-ResourceManager/1.6.0 (.NET Framework 4.8.9166.0; Microsoft Windows 10.0.23486 )",
        "x-ms-client-request-id": "fdf0086887ad4141b816ef02a23d062f",
        "x-ms-return-client-request-id": "true"
      },
      "RequestBody": null,
      "StatusCode": 200,
      "ResponseHeaders": {
        "Cache-Control": "no-cache",
        "Content-Length": "226",
        "Content-Type": "application/json; charset=utf-8",
        "Date": "Thu, 29 Jun 2023 20:08:20 GMT",
        "Expires": "-1",
        "Pragma": "no-cache",
        "Strict-Transport-Security": "max-age=31536000; includeSubDomains",
        "X-Content-Type-Options": "nosniff",
        "x-ms-correlation-request-id": "090c2f7f-86ba-4484-a411-43eb8962ffe0",
        "x-ms-ratelimit-remaining-subscription-reads": "11998",
        "x-ms-request-id": "090c2f7f-86ba-4484-a411-43eb8962ffe0",
        "x-ms-routing-request-id": "SOUTHCENTRALUS:20230629T200820Z:090c2f7f-86ba-4484-a411-43eb8962ffe0"
      },
      "ResponseBody": {
        "id": "/subscriptions/220fc532-6091-423c-8ba0-66c2397d591b/resourceGroups/dbaccount-6778",
        "name": "dbaccount-6778",
        "type": "Microsoft.Resources/resourceGroups",
        "location": "westus2",
        "properties": {
          "provisioningState": "Succeeded"
        }
      }
    },
    {
      "RequestUri": "https://management.azure.com/subscriptions/220fc532-6091-423c-8ba0-66c2397d591b/resourceGroups/dbaccount-6778/providers/Microsoft.DocumentDB/databaseAccounts/dbaccount-2631?api-version=2023-03-15-preview",
      "RequestMethod": "PUT",
      "RequestHeaders": {
        "Accept": "application/json",
        "Authorization": "Sanitized",
        "Content-Length": "540",
        "Content-Type": "application/json",
        "traceparent": "00-dce6eb80587eb4479188702171c41040-18d9a8095aa3c249-00",
        "User-Agent": "azsdk-net-ResourceManager.CosmosDB/1.4.0-alpha.20230629.1 (.NET Framework 4.8.9166.0; Microsoft Windows 10.0.23486 )",
        "x-ms-client-request-id": "120da922954c155bc49ac0f90dfb718b",
        "x-ms-return-client-request-id": "true"
      },
      "RequestBody": {
        "kind": "GlobalDocumentDB",
        "tags": {
          "key1": "value1",
          "key2": "value2"
        },
        "location": "westus2",
        "properties": {
          "consistencyPolicy": {
            "defaultConsistencyLevel": "BoundedStaleness",
            "maxStalenessPrefix": 300,
            "maxIntervalInSeconds": 1000
          },
          "locations": [
            {
              "locationName": "westus",
              "isZoneRedundant": false
            }
          ],
          "databaseAccountOfferType": "Standard",
          "ipRules": [
            {
              "ipAddressOrRange": "23.43.230.120"
            }
          ],
          "isVirtualNetworkFilterEnabled": true,
          "enableAutomaticFailover": false,
          "connectorOffer": "Small",
          "disableKeyBasedMetadataWriteAccess": false,
          "enablePartitionMerge": true
        }
      },
      "StatusCode": 200,
      "ResponseHeaders": {
        "Azure-AsyncOperation": "https://management.azure.com/subscriptions/220fc532-6091-423c-8ba0-66c2397d591b/providers/Microsoft.DocumentDB/locations/westus2/operationsStatus/38a004ea-df16-4361-bcd4-f84b9eed7d2e?api-version=2023-03-15-preview",
        "Cache-Control": "no-store, no-cache",
        "Content-Length": "2531",
        "Content-Type": "application/json",
        "Date": "Thu, 29 Jun 2023 20:08:27 GMT",
        "Location": "https://management.azure.com/subscriptions/220fc532-6091-423c-8ba0-66c2397d591b/resourceGroups/dbaccount-6778/providers/Microsoft.DocumentDB/databaseAccounts/dbaccount-2631/operationResults/38a004ea-df16-4361-bcd4-f84b9eed7d2e?api-version=2023-03-15-preview",
        "Pragma": "no-cache",
        "Server": "Microsoft-HTTPAPI/2.0",
        "Strict-Transport-Security": "max-age=31536000; includeSubDomains",
        "X-Content-Type-Options": "nosniff",
        "x-ms-correlation-request-id": "d19e5ffb-ec03-4220-80f3-00947a5092ca",
        "x-ms-gatewayversion": "version=2.14.0",
        "x-ms-ratelimit-remaining-subscription-writes": "1198",
        "x-ms-request-id": "38a004ea-df16-4361-bcd4-f84b9eed7d2e",
        "x-ms-routing-request-id": "SOUTHCENTRALUS:20230629T200828Z:d19e5ffb-ec03-4220-80f3-00947a5092ca"
      },
      "ResponseBody": {
        "id": "/subscriptions/220fc532-6091-423c-8ba0-66c2397d591b/resourceGroups/dbaccount-6778/providers/Microsoft.DocumentDB/databaseAccounts/dbaccount-2631",
        "name": "dbaccount-2631",
        "location": "West US 2",
        "type": "Microsoft.DocumentDB/databaseAccounts",
        "kind": "GlobalDocumentDB",
        "tags": {
          "key1": "value1",
          "key2": "value2"
        },
        "systemData": {
          "createdAt": "2023-06-29T20:08:25.8358361Z"
        },
        "properties": {
          "provisioningState": "Creating",
          "publicNetworkAccess": "Enabled",
          "enableAutomaticFailover": false,
          "enableMultipleWriteLocations": false,
          "enablePartitionKeyMonitor": false,
          "isVirtualNetworkFilterEnabled": true,
          "virtualNetworkRules": [],
          "EnabledApiTypes": "Sql",
          "disableKeyBasedMetadataWriteAccess": false,
          "enableFreeTier": false,
          "enableAnalyticalStorage": false,
          "analyticalStorageConfiguration": {
            "schemaType": "WellDefined"
          },
          "instanceId": "8dfba721-b161-47b6-94a4-92816c026b44",
          "databaseAccountOfferType": "Standard",
          "enableCassandraConnector": false,
          "connectorOffer": "Small",
          "enableMaterializedViews": false,
          "enableFullFidelityChangeFeed": false,
          "defaultIdentity": "",
          "networkAclBypass": "None",
          "disableLocalAuth": false,
          "enablePartitionMerge": true,
          "enableBurstCapacity": false,
          "minimalTlsVersion": "Tls",
          "consistencyPolicy": {
            "defaultConsistencyLevel": "BoundedStaleness",
            "maxIntervalInSeconds": 1000,
            "maxStalenessPrefix": 300
          },
          "configurationOverrides": {},
          "writeLocations": [
            {
              "id": "dbaccount-2631-westus",
              "locationName": "West US",
              "provisioningState": "Creating",
              "failoverPriority": 0,
              "isZoneRedundant": false
            }
          ],
          "readLocations": [
            {
              "id": "dbaccount-2631-westus",
              "locationName": "West US",
              "provisioningState": "Creating",
              "failoverPriority": 0,
              "isZoneRedundant": false
            }
          ],
          "locations": [
            {
              "id": "dbaccount-2631-westus",
              "locationName": "West US",
              "provisioningState": "Creating",
              "failoverPriority": 0,
              "isZoneRedundant": false
            }
          ],
          "failoverPolicies": [
            {
              "id": "dbaccount-2631-westus",
              "locationName": "West US",
              "failoverPriority": 0
            }
          ],
          "cors": [],
          "capabilities": [],
          "ipRules": [
            {
              "ipAddressOrRange": "23.43.230.120"
            }
          ],
          "backupPolicy": {
            "type": "Periodic",
            "periodicModeProperties": {
              "backupIntervalInMinutes": 240,
              "backupRetentionIntervalInHours": 8,
              "backupStorageRedundancy": "Invalid"
            }
          },
          "networkAclBypassResourceIds": [],
          "diagnosticLogSettings": {
            "enableFullTextQuery": "None"
          },
          "keysMetadata": {
            "primaryMasterKey": {
              "generationTime": "2023-06-29T20:08:25.8358361Z"
            },
            "secondaryMasterKey": {
              "generationTime": "2023-06-29T20:08:25.8358361Z"
            },
            "primaryReadonlyMasterKey": {
              "generationTime": "2023-06-29T20:08:25.8358361Z"
            },
            "secondaryReadonlyMasterKey": {
              "generationTime": "2023-06-29T20:08:25.8358361Z"
            }
          }
        },
        "identity": {
          "type": "None"
        }
      }
    },
    {
      "RequestUri": "https://management.azure.com/subscriptions/220fc532-6091-423c-8ba0-66c2397d591b/providers/Microsoft.DocumentDB/locations/westus2/operationsStatus/38a004ea-df16-4361-bcd4-f84b9eed7d2e?api-version=2023-03-15-preview",
      "RequestMethod": "GET",
      "RequestHeaders": {
        "Authorization": "Sanitized",
        "traceparent": "00-dce6eb80587eb4479188702171c41040-11b15f9d58f5094e-00",
        "User-Agent": "azsdk-net-ResourceManager/1.6.0 (.NET Framework 4.8.9166.0; Microsoft Windows 10.0.23486 )",
        "x-ms-client-request-id": "733b739b420f731b95e8e8ec8048ab1a",
        "x-ms-return-client-request-id": "true"
      },
      "RequestBody": null,
      "StatusCode": 200,
      "ResponseHeaders": {
        "Cache-Control": "no-store, no-cache",
        "Content-Length": "21",
        "Content-Type": "application/json",
        "Date": "Thu, 29 Jun 2023 20:08:27 GMT",
        "Pragma": "no-cache",
        "Server": "Microsoft-HTTPAPI/2.0",
        "Strict-Transport-Security": "max-age=31536000; includeSubDomains",
        "X-Content-Type-Options": "nosniff",
        "x-ms-correlation-request-id": "6a694c9c-69f1-48a3-85e5-b348cf3cc2b0",
        "x-ms-gatewayversion": "version=2.14.0",
        "x-ms-ratelimit-remaining-subscription-reads": "11997",
        "x-ms-request-id": "6a694c9c-69f1-48a3-85e5-b348cf3cc2b0",
        "x-ms-routing-request-id": "SOUTHCENTRALUS:20230629T200828Z:6a694c9c-69f1-48a3-85e5-b348cf3cc2b0"
      },
      "ResponseBody": {
        "status": "Enqueued"
      }
    },
    {
      "RequestUri": "https://management.azure.com/subscriptions/220fc532-6091-423c-8ba0-66c2397d591b/providers/Microsoft.DocumentDB/locations/westus2/operationsStatus/38a004ea-df16-4361-bcd4-f84b9eed7d2e?api-version=2023-03-15-preview",
      "RequestMethod": "GET",
      "RequestHeaders": {
        "Authorization": "Sanitized",
        "traceparent": "00-dce6eb80587eb4479188702171c41040-77b4848640fc6c4d-00",
        "User-Agent": "azsdk-net-ResourceManager/1.6.0 (.NET Framework 4.8.9166.0; Microsoft Windows 10.0.23486 )",
        "x-ms-client-request-id": "e102777dd6997a0a7b313ff368e460e1",
        "x-ms-return-client-request-id": "true"
      },
      "RequestBody": null,
      "StatusCode": 200,
      "ResponseHeaders": {
        "Cache-Control": "no-store, no-cache",
        "Content-Length": "21",
        "Content-Type": "application/json",
        "Date": "Thu, 29 Jun 2023 20:08:28 GMT",
        "Pragma": "no-cache",
        "Server": "Microsoft-HTTPAPI/2.0",
        "Strict-Transport-Security": "max-age=31536000; includeSubDomains",
        "X-Content-Type-Options": "nosniff",
        "x-ms-correlation-request-id": "91d69339-d38d-4471-96cd-d8ff0b31325d",
        "x-ms-gatewayversion": "version=2.14.0",
        "x-ms-ratelimit-remaining-subscription-reads": "11996",
        "x-ms-request-id": "91d69339-d38d-4471-96cd-d8ff0b31325d",
        "x-ms-routing-request-id": "SOUTHCENTRALUS:20230629T200829Z:91d69339-d38d-4471-96cd-d8ff0b31325d"
      },
      "ResponseBody": {
        "status": "Enqueued"
      }
    },
    {
      "RequestUri": "https://management.azure.com/subscriptions/220fc532-6091-423c-8ba0-66c2397d591b/providers/Microsoft.DocumentDB/locations/westus2/operationsStatus/38a004ea-df16-4361-bcd4-f84b9eed7d2e?api-version=2023-03-15-preview",
      "RequestMethod": "GET",
      "RequestHeaders": {
        "Authorization": "Sanitized",
        "traceparent": "00-dce6eb80587eb4479188702171c41040-9b98eb95c1b9ba4e-00",
        "User-Agent": "azsdk-net-ResourceManager/1.6.0 (.NET Framework 4.8.9166.0; Microsoft Windows 10.0.23486 )",
        "x-ms-client-request-id": "995e61e6fec05e7b3ffac3c0bf425a8a",
        "x-ms-return-client-request-id": "true"
      },
      "RequestBody": null,
      "StatusCode": 200,
      "ResponseHeaders": {
        "Cache-Control": "no-store, no-cache",
        "Content-Length": "21",
        "Content-Type": "application/json",
        "Date": "Thu, 29 Jun 2023 20:08:29 GMT",
        "Pragma": "no-cache",
        "Server": "Microsoft-HTTPAPI/2.0",
        "Strict-Transport-Security": "max-age=31536000; includeSubDomains",
        "X-Content-Type-Options": "nosniff",
        "x-ms-correlation-request-id": "8420b71d-aed6-44ae-9015-ccd5b955d778",
        "x-ms-gatewayversion": "version=2.14.0",
        "x-ms-ratelimit-remaining-subscription-reads": "11995",
        "x-ms-request-id": "8420b71d-aed6-44ae-9015-ccd5b955d778",
        "x-ms-routing-request-id": "SOUTHCENTRALUS:20230629T200830Z:8420b71d-aed6-44ae-9015-ccd5b955d778"
      },
      "ResponseBody": {
        "status": "Enqueued"
      }
    },
    {
      "RequestUri": "https://management.azure.com/subscriptions/220fc532-6091-423c-8ba0-66c2397d591b/providers/Microsoft.DocumentDB/locations/westus2/operationsStatus/38a004ea-df16-4361-bcd4-f84b9eed7d2e?api-version=2023-03-15-preview",
      "RequestMethod": "GET",
      "RequestHeaders": {
        "Authorization": "Sanitized",
        "traceparent": "00-dce6eb80587eb4479188702171c41040-6a1f60beb37b344e-00",
        "User-Agent": "azsdk-net-ResourceManager/1.6.0 (.NET Framework 4.8.9166.0; Microsoft Windows 10.0.23486 )",
        "x-ms-client-request-id": "3ef811add2e0c4c568c1f8de02280ab0",
        "x-ms-return-client-request-id": "true"
      },
      "RequestBody": null,
      "StatusCode": 200,
      "ResponseHeaders": {
        "Cache-Control": "no-store, no-cache",
        "Content-Length": "21",
        "Content-Type": "application/json",
        "Date": "Thu, 29 Jun 2023 20:08:30 GMT",
        "Pragma": "no-cache",
        "Server": "Microsoft-HTTPAPI/2.0",
        "Strict-Transport-Security": "max-age=31536000; includeSubDomains",
        "X-Content-Type-Options": "nosniff",
        "x-ms-correlation-request-id": "5338ce8a-0aa8-42ef-a90d-daaf7993b0cd",
        "x-ms-gatewayversion": "version=2.14.0",
        "x-ms-ratelimit-remaining-subscription-reads": "11994",
        "x-ms-request-id": "5338ce8a-0aa8-42ef-a90d-daaf7993b0cd",
        "x-ms-routing-request-id": "SOUTHCENTRALUS:20230629T200831Z:5338ce8a-0aa8-42ef-a90d-daaf7993b0cd"
      },
      "ResponseBody": {
        "status": "Dequeued"
      }
    },
    {
      "RequestUri": "https://management.azure.com/subscriptions/220fc532-6091-423c-8ba0-66c2397d591b/providers/Microsoft.DocumentDB/locations/westus2/operationsStatus/38a004ea-df16-4361-bcd4-f84b9eed7d2e?api-version=2023-03-15-preview",
      "RequestMethod": "GET",
      "RequestHeaders": {
        "Authorization": "Sanitized",
        "traceparent": "00-dce6eb80587eb4479188702171c41040-c4390d43d77c6e44-00",
        "User-Agent": "azsdk-net-ResourceManager/1.6.0 (.NET Framework 4.8.9166.0; Microsoft Windows 10.0.23486 )",
        "x-ms-client-request-id": "1f06068711ea7f59fba4a29f1349ba38",
        "x-ms-return-client-request-id": "true"
      },
      "RequestBody": null,
      "StatusCode": 200,
      "ResponseHeaders": {
        "Cache-Control": "no-store, no-cache",
        "Content-Length": "21",
        "Content-Type": "application/json",
        "Date": "Thu, 29 Jun 2023 20:08:33 GMT",
        "Pragma": "no-cache",
        "Server": "Microsoft-HTTPAPI/2.0",
        "Strict-Transport-Security": "max-age=31536000; includeSubDomains",
        "X-Content-Type-Options": "nosniff",
        "x-ms-correlation-request-id": "e7e5f797-f235-49ba-99d5-125981112332",
        "x-ms-gatewayversion": "version=2.14.0",
        "x-ms-ratelimit-remaining-subscription-reads": "11993",
        "x-ms-request-id": "e7e5f797-f235-49ba-99d5-125981112332",
        "x-ms-routing-request-id": "SOUTHCENTRALUS:20230629T200833Z:e7e5f797-f235-49ba-99d5-125981112332"
      },
      "ResponseBody": {
        "status": "Dequeued"
      }
    },
    {
      "RequestUri": "https://management.azure.com/subscriptions/220fc532-6091-423c-8ba0-66c2397d591b/providers/Microsoft.DocumentDB/locations/westus2/operationsStatus/38a004ea-df16-4361-bcd4-f84b9eed7d2e?api-version=2023-03-15-preview",
      "RequestMethod": "GET",
      "RequestHeaders": {
        "Authorization": "Sanitized",
        "traceparent": "00-dce6eb80587eb4479188702171c41040-6d517b1ce200e241-00",
        "User-Agent": "azsdk-net-ResourceManager/1.6.0 (.NET Framework 4.8.9166.0; Microsoft Windows 10.0.23486 )",
        "x-ms-client-request-id": "5746b5d721ec13019b9930ff059d5b17",
        "x-ms-return-client-request-id": "true"
      },
      "RequestBody": null,
      "StatusCode": 200,
      "ResponseHeaders": {
        "Cache-Control": "no-store, no-cache",
        "Content-Length": "21",
        "Content-Type": "application/json",
        "Date": "Thu, 29 Jun 2023 20:08:37 GMT",
        "Pragma": "no-cache",
        "Server": "Microsoft-HTTPAPI/2.0",
        "Strict-Transport-Security": "max-age=31536000; includeSubDomains",
        "X-Content-Type-Options": "nosniff",
        "x-ms-correlation-request-id": "9e8b8c27-2049-4693-b639-5ec62feb152b",
        "x-ms-gatewayversion": "version=2.14.0",
        "x-ms-ratelimit-remaining-subscription-reads": "11992",
        "x-ms-request-id": "9e8b8c27-2049-4693-b639-5ec62feb152b",
        "x-ms-routing-request-id": "SOUTHCENTRALUS:20230629T200837Z:9e8b8c27-2049-4693-b639-5ec62feb152b"
      },
      "ResponseBody": {
        "status": "Dequeued"
      }
    },
    {
      "RequestUri": "https://management.azure.com/subscriptions/220fc532-6091-423c-8ba0-66c2397d591b/providers/Microsoft.DocumentDB/locations/westus2/operationsStatus/38a004ea-df16-4361-bcd4-f84b9eed7d2e?api-version=2023-03-15-preview",
      "RequestMethod": "GET",
      "RequestHeaders": {
        "Authorization": "Sanitized",
        "traceparent": "00-dce6eb80587eb4479188702171c41040-9bb6d6f2730dea49-00",
        "User-Agent": "azsdk-net-ResourceManager/1.6.0 (.NET Framework 4.8.9166.0; Microsoft Windows 10.0.23486 )",
        "x-ms-client-request-id": "b83812ef3a3b9ca0b778423b3025b11f",
        "x-ms-return-client-request-id": "true"
      },
      "RequestBody": null,
      "StatusCode": 200,
      "ResponseHeaders": {
        "Cache-Control": "no-store, no-cache",
        "Content-Length": "21",
        "Content-Type": "application/json",
        "Date": "Thu, 29 Jun 2023 20:08:45 GMT",
        "Pragma": "no-cache",
        "Server": "Microsoft-HTTPAPI/2.0",
        "Strict-Transport-Security": "max-age=31536000; includeSubDomains",
        "X-Content-Type-Options": "nosniff",
        "x-ms-correlation-request-id": "e57723e9-cb42-40b1-bed6-380c91f65a42",
        "x-ms-gatewayversion": "version=2.14.0",
        "x-ms-ratelimit-remaining-subscription-reads": "11991",
        "x-ms-request-id": "e57723e9-cb42-40b1-bed6-380c91f65a42",
        "x-ms-routing-request-id": "SOUTHCENTRALUS:20230629T200846Z:e57723e9-cb42-40b1-bed6-380c91f65a42"
      },
      "ResponseBody": {
        "status": "Dequeued"
      }
    },
    {
      "RequestUri": "https://management.azure.com/subscriptions/220fc532-6091-423c-8ba0-66c2397d591b/providers/Microsoft.DocumentDB/locations/westus2/operationsStatus/38a004ea-df16-4361-bcd4-f84b9eed7d2e?api-version=2023-03-15-preview",
      "RequestMethod": "GET",
      "RequestHeaders": {
        "Authorization": "Sanitized",
        "traceparent": "00-dce6eb80587eb4479188702171c41040-37ec215a1e0e7c4d-00",
        "User-Agent": "azsdk-net-ResourceManager/1.6.0 (.NET Framework 4.8.9166.0; Microsoft Windows 10.0.23486 )",
        "x-ms-client-request-id": "4d06bf06b3e165c405f38450e05a795d",
        "x-ms-return-client-request-id": "true"
      },
      "RequestBody": null,
      "StatusCode": 200,
      "ResponseHeaders": {
        "Cache-Control": "no-store, no-cache",
        "Content-Length": "21",
        "Content-Type": "application/json",
        "Date": "Thu, 29 Jun 2023 20:09:01 GMT",
        "Pragma": "no-cache",
        "Server": "Microsoft-HTTPAPI/2.0",
        "Strict-Transport-Security": "max-age=31536000; includeSubDomains",
        "X-Content-Type-Options": "nosniff",
        "x-ms-correlation-request-id": "e74d047a-2066-4d18-8ade-166e98345218",
        "x-ms-gatewayversion": "version=2.14.0",
        "x-ms-ratelimit-remaining-subscription-reads": "11990",
        "x-ms-request-id": "e74d047a-2066-4d18-8ade-166e98345218",
        "x-ms-routing-request-id": "SOUTHCENTRALUS:20230629T200902Z:e74d047a-2066-4d18-8ade-166e98345218"
      },
      "ResponseBody": {
        "status": "Dequeued"
      }
    },
    {
      "RequestUri": "https://management.azure.com/subscriptions/220fc532-6091-423c-8ba0-66c2397d591b/providers/Microsoft.DocumentDB/locations/westus2/operationsStatus/38a004ea-df16-4361-bcd4-f84b9eed7d2e?api-version=2023-03-15-preview",
      "RequestMethod": "GET",
      "RequestHeaders": {
        "Authorization": "Sanitized",
        "traceparent": "00-dce6eb80587eb4479188702171c41040-e5a69f8b2b56c14f-00",
        "User-Agent": "azsdk-net-ResourceManager/1.6.0 (.NET Framework 4.8.9166.0; Microsoft Windows 10.0.23486 )",
        "x-ms-client-request-id": "00af8a4902119cfd14aa9f73dfc6e376",
        "x-ms-return-client-request-id": "true"
      },
      "RequestBody": null,
      "StatusCode": 200,
      "ResponseHeaders": {
        "Cache-Control": "no-store, no-cache",
        "Content-Length": "21",
        "Content-Type": "application/json",
        "Date": "Thu, 29 Jun 2023 20:09:34 GMT",
        "Pragma": "no-cache",
        "Server": "Microsoft-HTTPAPI/2.0",
        "Strict-Transport-Security": "max-age=31536000; includeSubDomains",
        "X-Content-Type-Options": "nosniff",
        "x-ms-correlation-request-id": "ad6041bb-7cc4-4155-97e6-c73e68437cf7",
        "x-ms-gatewayversion": "version=2.14.0",
        "x-ms-ratelimit-remaining-subscription-reads": "11989",
        "x-ms-request-id": "ad6041bb-7cc4-4155-97e6-c73e68437cf7",
        "x-ms-routing-request-id": "SOUTHCENTRALUS:20230629T200934Z:ad6041bb-7cc4-4155-97e6-c73e68437cf7"
      },
      "ResponseBody": {
        "status": "Dequeued"
      }
    },
    {
      "RequestUri": "https://management.azure.com/subscriptions/220fc532-6091-423c-8ba0-66c2397d591b/providers/Microsoft.DocumentDB/locations/westus2/operationsStatus/38a004ea-df16-4361-bcd4-f84b9eed7d2e?api-version=2023-03-15-preview",
      "RequestMethod": "GET",
      "RequestHeaders": {
        "Authorization": "Sanitized",
        "traceparent": "00-dce6eb80587eb4479188702171c41040-b220113bcc49d349-00",
        "User-Agent": "azsdk-net-ResourceManager/1.6.0 (.NET Framework 4.8.9166.0; Microsoft Windows 10.0.23486 )",
        "x-ms-client-request-id": "46f911e70e963c354ed2b347b64fbb5d",
        "x-ms-return-client-request-id": "true"
      },
      "RequestBody": null,
      "StatusCode": 200,
      "ResponseHeaders": {
        "Cache-Control": "no-store, no-cache",
        "Content-Length": "21",
        "Content-Type": "application/json",
        "Date": "Thu, 29 Jun 2023 20:10:06 GMT",
        "Pragma": "no-cache",
        "Server": "Microsoft-HTTPAPI/2.0",
        "Strict-Transport-Security": "max-age=31536000; includeSubDomains",
        "X-Content-Type-Options": "nosniff",
        "x-ms-correlation-request-id": "75d6be17-dbd2-4d92-80e1-064ea126cae3",
        "x-ms-gatewayversion": "version=2.14.0",
        "x-ms-ratelimit-remaining-subscription-reads": "11988",
        "x-ms-request-id": "75d6be17-dbd2-4d92-80e1-064ea126cae3",
        "x-ms-routing-request-id": "SOUTHCENTRALUS:20230629T201006Z:75d6be17-dbd2-4d92-80e1-064ea126cae3"
      },
      "ResponseBody": {
        "status": "Dequeued"
      }
    },
    {
      "RequestUri": "https://management.azure.com/subscriptions/220fc532-6091-423c-8ba0-66c2397d591b/providers/Microsoft.DocumentDB/locations/westus2/operationsStatus/38a004ea-df16-4361-bcd4-f84b9eed7d2e?api-version=2023-03-15-preview",
      "RequestMethod": "GET",
      "RequestHeaders": {
        "Authorization": "Sanitized",
        "traceparent": "00-dce6eb80587eb4479188702171c41040-a2e2e358abcc4a4a-00",
        "User-Agent": "azsdk-net-ResourceManager/1.6.0 (.NET Framework 4.8.9166.0; Microsoft Windows 10.0.23486 )",
        "x-ms-client-request-id": "a5f2e5feb075040dc26a38371350863e",
        "x-ms-return-client-request-id": "true"
      },
      "RequestBody": null,
      "StatusCode": 200,
      "ResponseHeaders": {
        "Cache-Control": "no-store, no-cache",
        "Content-Length": "22",
        "Content-Type": "application/json",
        "Date": "Thu, 29 Jun 2023 20:10:38 GMT",
        "Pragma": "no-cache",
        "Server": "Microsoft-HTTPAPI/2.0",
        "Strict-Transport-Security": "max-age=31536000; includeSubDomains",
        "X-Content-Type-Options": "nosniff",
        "x-ms-correlation-request-id": "fce249ac-49a7-46a8-8441-c1edd4abb644",
        "x-ms-gatewayversion": "version=2.14.0",
        "x-ms-ratelimit-remaining-subscription-reads": "11987",
        "x-ms-request-id": "fce249ac-49a7-46a8-8441-c1edd4abb644",
        "x-ms-routing-request-id": "SOUTHCENTRALUS:20230629T201038Z:fce249ac-49a7-46a8-8441-c1edd4abb644"
      },
      "ResponseBody": {
        "status": "Succeeded"
      }
    },
    {
      "RequestUri": "https://management.azure.com/subscriptions/220fc532-6091-423c-8ba0-66c2397d591b/resourceGroups/dbaccount-6778/providers/Microsoft.DocumentDB/databaseAccounts/dbaccount-2631?api-version=2023-03-15-preview",
      "RequestMethod": "GET",
      "RequestHeaders": {
        "Authorization": "Sanitized",
        "traceparent": "00-dce6eb80587eb4479188702171c41040-89a9cbb2dd93b841-00",
        "User-Agent": "azsdk-net-ResourceManager/1.6.0 (.NET Framework 4.8.9166.0; Microsoft Windows 10.0.23486 )",
        "x-ms-client-request-id": "ce690d1033613ac65573b23e4eb5e5c5",
        "x-ms-return-client-request-id": "true"
      },
      "RequestBody": null,
      "StatusCode": 200,
      "ResponseHeaders": {
        "Cache-Control": "no-store, no-cache",
        "Content-Length": "2910",
        "Content-Type": "application/json",
        "Date": "Thu, 29 Jun 2023 20:10:38 GMT",
        "Pragma": "no-cache",
        "Server": "Microsoft-HTTPAPI/2.0",
        "Strict-Transport-Security": "max-age=31536000; includeSubDomains",
        "X-Content-Type-Options": "nosniff",
        "x-ms-correlation-request-id": "8689a138-a6e7-4157-a2ee-9522ec70eba6",
        "x-ms-gatewayversion": "version=2.14.0",
        "x-ms-ratelimit-remaining-subscription-reads": "11986",
        "x-ms-request-id": "8689a138-a6e7-4157-a2ee-9522ec70eba6",
        "x-ms-routing-request-id": "SOUTHCENTRALUS:20230629T201038Z:8689a138-a6e7-4157-a2ee-9522ec70eba6"
      },
      "ResponseBody": {
        "id": "/subscriptions/220fc532-6091-423c-8ba0-66c2397d591b/resourceGroups/dbaccount-6778/providers/Microsoft.DocumentDB/databaseAccounts/dbaccount-2631",
        "name": "dbaccount-2631",
        "location": "West US 2",
        "type": "Microsoft.DocumentDB/databaseAccounts",
        "kind": "GlobalDocumentDB",
        "tags": {
          "key1": "value1",
          "key2": "value2"
        },
        "systemData": {
          "createdAt": "2023-06-29T20:10:05.9685355Z"
        },
        "properties": {
          "provisioningState": "Succeeded",
          "documentEndpoint": "https://dbaccount-2631.documents.azure.com:443/",
          "sqlEndpoint": "https://dbaccount-2631.documents.azure.com:443/",
          "publicNetworkAccess": "Enabled",
          "enableAutomaticFailover": false,
          "enableMultipleWriteLocations": false,
          "enablePartitionKeyMonitor": false,
          "isVirtualNetworkFilterEnabled": true,
          "virtualNetworkRules": [],
          "EnabledApiTypes": "Sql",
          "disableKeyBasedMetadataWriteAccess": false,
          "enableFreeTier": false,
          "enableAnalyticalStorage": false,
          "analyticalStorageConfiguration": {
            "schemaType": "WellDefined"
          },
          "instanceId": "8dfba721-b161-47b6-94a4-92816c026b44",
          "databaseAccountOfferType": "Standard",
          "enableCassandraConnector": false,
          "connectorOffer": "Small",
          "enableMaterializedViews": false,
          "enableFullFidelityChangeFeed": false,
          "defaultIdentity": "FirstPartyIdentity",
          "networkAclBypass": "None",
          "disableLocalAuth": false,
          "enablePartitionMerge": true,
          "enableBurstCapacity": false,
          "minimalTlsVersion": "Tls",
          "consistencyPolicy": {
            "defaultConsistencyLevel": "BoundedStaleness",
            "maxIntervalInSeconds": 1000,
            "maxStalenessPrefix": 300
          },
          "configurationOverrides": {},
          "writeLocations": [
            {
              "id": "dbaccount-2631-westus",
              "locationName": "West US",
              "documentEndpoint": "https://dbaccount-2631-westus.documents.azure.com:443/",
              "provisioningState": "Succeeded",
              "failoverPriority": 0,
              "isZoneRedundant": false
            }
          ],
          "readLocations": [
            {
              "id": "dbaccount-2631-westus",
              "locationName": "West US",
              "documentEndpoint": "https://dbaccount-2631-westus.documents.azure.com:443/",
              "provisioningState": "Succeeded",
              "failoverPriority": 0,
              "isZoneRedundant": false
            }
          ],
          "locations": [
            {
              "id": "dbaccount-2631-westus",
              "locationName": "West US",
              "documentEndpoint": "https://dbaccount-2631-westus.documents.azure.com:443/",
              "provisioningState": "Succeeded",
              "failoverPriority": 0,
              "isZoneRedundant": false
            }
          ],
          "failoverPolicies": [
            {
              "id": "dbaccount-2631-westus",
              "locationName": "West US",
              "failoverPriority": 0
            }
          ],
          "cors": [],
          "capabilities": [],
          "ipRules": [
            {
              "ipAddressOrRange": "23.43.230.120"
            }
          ],
          "backupPolicy": {
            "type": "Periodic",
            "periodicModeProperties": {
              "backupIntervalInMinutes": 240,
              "backupRetentionIntervalInHours": 8,
              "backupStorageRedundancy": "Geo"
            }
          },
          "networkAclBypassResourceIds": [],
          "diagnosticLogSettings": {
            "enableFullTextQuery": "None"
          },
          "keysMetadata": {
            "primaryMasterKey": {
              "generationTime": "2023-06-29T20:10:05.9685355Z"
            },
            "secondaryMasterKey": {
              "generationTime": "2023-06-29T20:10:05.9685355Z"
            },
            "primaryReadonlyMasterKey": {
              "generationTime": "2023-06-29T20:10:05.9685355Z"
            },
            "secondaryReadonlyMasterKey": {
              "generationTime": "2023-06-29T20:10:05.9685355Z"
            }
          }
        },
        "identity": {
          "type": "None"
        }
      }
    }
  ],
  "Variables": {
    "AZURE_AUTHORITY_HOST": "https://login.microsoftonline.com",
    "RandomSeed": "904162493",
    "RESOURCE_MANAGER_URL": null,
    "SUBSCRIPTION_ID": "220fc532-6091-423c-8ba0-66c2397d591b"
  }
}
