{
  "Entries": [
    {
      "RequestUri": "/subscriptions/c549f475-dee8-428c-bb19-829a55e52f77/resourcegroups/rgfluentchash-5439?api-version=2016-02-01",
      "EncodedRequestUri": "L3N1YnNjcmlwdGlvbnMvYzU0OWY0NzUtZGVlOC00MjhjLWJiMTktODI5YTU1ZTUyZjc3L3Jlc291cmNlZ3JvdXBzL3JnZmx1ZW50Y2hhc2gtNTQzOT9hcGktdmVyc2lvbj0yMDE2LTAyLTAx",
      "RequestMethod": "PUT",
      "RequestBody": "{\r\n  \"location\": \"westcentralus\"\r\n}",
      "RequestHeaders": {
        "Content-Type": [
          "application/json; charset=utf-8"
        ],
        "Content-Length": [
          "35"
        ],
        "x-ms-client-request-id": [
          "d6abdc6f-22a4-45b5-a33b-94d33cbbb1cc"
        ],
        "accept-language": [
          "en-US"
        ],
        "User-Agent": [
          "FxVersion/4.6.24410.01",
          "Microsoft.Azure.Management.ResourceManager.Fluent.ResourceManagementClient/1.0.0-beta51"
        ]
      },
      "ResponseBody": "{\r\n  \"id\": \"/subscriptions/c549f475-dee8-428c-bb19-829a55e52f77/resourceGroups/rgfluentchash-5439\",\r\n  \"name\": \"rgfluentchash-5439\",\r\n  \"location\": \"westcentralus\",\r\n  \"properties\": {\r\n    \"provisioningState\": \"Succeeded\"\r\n  }\r\n}",
      "ResponseHeaders": {
        "Content-Length": [
          "196"
        ],
        "Content-Type": [
          "application/json; charset=utf-8"
        ],
        "Expires": [
          "-1"
        ],
        "Cache-Control": [
          "no-cache"
        ],
        "Date": [
          "Thu, 23 Mar 2017 21:48:32 GMT"
        ],
        "Pragma": [
          "no-cache"
        ],
        "x-ms-ratelimit-remaining-subscription-writes": [
          "1199"
        ],
        "x-ms-request-id": [
          "ed7091c2-5cf8-48e2-bac2-c929fbf0428f"
        ],
        "x-ms-correlation-request-id": [
          "ed7091c2-5cf8-48e2-bac2-c929fbf0428f"
        ],
        "x-ms-routing-request-id": [
          "WESTUS2:20170323T214832Z:ed7091c2-5cf8-48e2-bac2-c929fbf0428f"
        ],
        "Strict-Transport-Security": [
          "max-age=31536000; includeSubDomains"
        ]
      },
      "StatusCode": 201
    },
    {
      "RequestUri": "/subscriptions/c549f475-dee8-428c-bb19-829a55e52f77/resourcegroups/rgfluentchash-5439?api-version=2016-02-01",
      "EncodedRequestUri": "L3N1YnNjcmlwdGlvbnMvYzU0OWY0NzUtZGVlOC00MjhjLWJiMTktODI5YTU1ZTUyZjc3L3Jlc291cmNlZ3JvdXBzL3JnZmx1ZW50Y2hhc2gtNTQzOT9hcGktdmVyc2lvbj0yMDE2LTAyLTAx",
      "RequestMethod": "PUT",
      "RequestBody": "{\r\n  \"location\": \"westcentralus\"\r\n}",
      "RequestHeaders": {
        "Content-Type": [
          "application/json; charset=utf-8"
        ],
        "Content-Length": [
          "35"
        ],
        "x-ms-client-request-id": [
          "a287ad3b-37d4-40ea-a614-8896463a91bc"
        ],
        "accept-language": [
          "en-US"
        ],
        "User-Agent": [
          "FxVersion/4.6.24410.01",
          "Microsoft.Azure.Management.ResourceManager.Fluent.ResourceManagementClient/1.0.0-beta51"
        ]
      },
      "ResponseBody": "{\r\n  \"id\": \"/subscriptions/c549f475-dee8-428c-bb19-829a55e52f77/resourceGroups/rgfluentchash-5439\",\r\n  \"name\": \"rgfluentchash-5439\",\r\n  \"location\": \"westcentralus\",\r\n  \"properties\": {\r\n    \"provisioningState\": \"Succeeded\"\r\n  }\r\n}",
      "ResponseHeaders": {
        "Content-Type": [
          "application/json; charset=utf-8"
        ],
        "Expires": [
          "-1"
        ],
        "Cache-Control": [
          "no-cache"
        ],
        "Date": [
          "Thu, 23 Mar 2017 21:53:10 GMT"
        ],
        "Pragma": [
          "no-cache"
        ],
        "Transfer-Encoding": [
          "chunked"
        ],
        "Vary": [
          "Accept-Encoding"
        ],
        "x-ms-ratelimit-remaining-subscription-writes": [
          "1194"
        ],
        "x-ms-request-id": [
          "e60a2299-8cf4-4d39-bf35-147cd67c2b20"
        ],
        "x-ms-correlation-request-id": [
          "e60a2299-8cf4-4d39-bf35-147cd67c2b20"
        ],
        "x-ms-routing-request-id": [
          "WESTUS2:20170323T215310Z:e60a2299-8cf4-4d39-bf35-147cd67c2b20"
        ],
        "Strict-Transport-Security": [
          "max-age=31536000; includeSubDomains"
        ]
      },
      "StatusCode": 200
    },
    {
      "RequestUri": "/subscriptions/c549f475-dee8-428c-bb19-829a55e52f77/resourcegroups/rgfluentchash-5439?api-version=2016-02-01",
      "EncodedRequestUri": "L3N1YnNjcmlwdGlvbnMvYzU0OWY0NzUtZGVlOC00MjhjLWJiMTktODI5YTU1ZTUyZjc3L3Jlc291cmNlZ3JvdXBzL3JnZmx1ZW50Y2hhc2gtNTQzOT9hcGktdmVyc2lvbj0yMDE2LTAyLTAx",
      "RequestMethod": "PUT",
      "RequestBody": "{\r\n  \"location\": \"westcentralus\"\r\n}",
      "RequestHeaders": {
        "Content-Type": [
          "application/json; charset=utf-8"
        ],
        "Content-Length": [
          "35"
        ],
        "x-ms-client-request-id": [
          "9bdaf7f4-56dd-490a-af00-69fa6ad4f63e"
        ],
        "accept-language": [
          "en-US"
        ],
        "User-Agent": [
          "FxVersion/4.6.24410.01",
          "Microsoft.Azure.Management.ResourceManager.Fluent.ResourceManagementClient/1.0.0-beta51"
        ]
      },
      "ResponseBody": "{\r\n  \"id\": \"/subscriptions/c549f475-dee8-428c-bb19-829a55e52f77/resourceGroups/rgfluentchash-5439\",\r\n  \"name\": \"rgfluentchash-5439\",\r\n  \"location\": \"westcentralus\",\r\n  \"properties\": {\r\n    \"provisioningState\": \"Succeeded\"\r\n  }\r\n}",
      "ResponseHeaders": {
        "Content-Type": [
          "application/json; charset=utf-8"
        ],
        "Expires": [
          "-1"
        ],
        "Cache-Control": [
          "no-cache"
        ],
        "Date": [
          "Thu, 23 Mar 2017 21:53:41 GMT"
        ],
        "Pragma": [
          "no-cache"
        ],
        "Transfer-Encoding": [
          "chunked"
        ],
        "Vary": [
          "Accept-Encoding"
        ],
        "x-ms-ratelimit-remaining-subscription-writes": [
          "1192"
        ],
        "x-ms-request-id": [
          "18659e20-8059-46e4-806d-31d76d322bca"
        ],
        "x-ms-correlation-request-id": [
          "18659e20-8059-46e4-806d-31d76d322bca"
        ],
        "x-ms-routing-request-id": [
          "WESTUS2:20170323T215342Z:18659e20-8059-46e4-806d-31d76d322bca"
        ],
        "Strict-Transport-Security": [
          "max-age=31536000; includeSubDomains"
        ]
      },
      "StatusCode": 200
    },
    {
      "RequestUri": "/subscriptions/c549f475-dee8-428c-bb19-829a55e52f77/resourceGroups/rgfluentchash-5439/providers/Microsoft.Network/virtualNetworks/vnet78b492081797?api-version=2016-12-01",
      "EncodedRequestUri": "L3N1YnNjcmlwdGlvbnMvYzU0OWY0NzUtZGVlOC00MjhjLWJiMTktODI5YTU1ZTUyZjc3L3Jlc291cmNlR3JvdXBzL3JnZmx1ZW50Y2hhc2gtNTQzOS9wcm92aWRlcnMvTWljcm9zb2Z0Lk5ldHdvcmsvdmlydHVhbE5ldHdvcmtzL3ZuZXQ3OGI0OTIwODE3OTc/YXBpLXZlcnNpb249MjAxNi0xMi0wMQ==",
      "RequestMethod": "PUT",
      "RequestBody": "{\r\n  \"properties\": {\r\n    \"addressSpace\": {\r\n      \"addressPrefixes\": [\r\n        \"10.0.0.0/28\"\r\n      ]\r\n    },\r\n    \"dhcpOptions\": {\r\n      \"dnsServers\": []\r\n    },\r\n    \"subnets\": [\r\n      {\r\n        \"properties\": {\r\n          \"addressPrefix\": \"10.0.0.0/28\"\r\n        },\r\n        \"name\": \"subnet1\"\r\n      }\r\n    ]\r\n  },\r\n  \"location\": \"westcentralus\",\r\n  \"tags\": {}\r\n}",
      "RequestHeaders": {
        "Content-Type": [
          "application/json; charset=utf-8"
        ],
        "Content-Length": [
          "369"
        ],
        "x-ms-client-request-id": [
          "ce16a82d-cebc-4a3b-aaa4-5e984a8f3a3b"
        ],
        "accept-language": [
          "en-US"
        ],
        "User-Agent": [
          "FxVersion/4.6.24410.01",
          "Microsoft.Azure.Management.Network.Fluent.NetworkManagementClient/1.0.0-beta51"
        ]
      },
      "ResponseBody": "{\r\n  \"name\": \"vnet78b492081797\",\r\n  \"id\": \"/subscriptions/c549f475-dee8-428c-bb19-829a55e52f77/resourceGroups/rgfluentchash-5439/providers/Microsoft.Network/virtualNetworks/vnet78b492081797\",\r\n  \"etag\": \"W/\\\"1798a4b3-e606-42db-bf13-fda9d68d45bb\\\"\",\r\n  \"type\": \"Microsoft.Network/virtualNetworks\",\r\n  \"location\": \"westcentralus\",\r\n  \"tags\": {},\r\n  \"properties\": {\r\n    \"provisioningState\": \"Updating\",\r\n    \"resourceGuid\": \"8b3aacfa-656d-4eef-bc5b-784fb8fcbac3\",\r\n    \"addressSpace\": {\r\n      \"addressPrefixes\": [\r\n        \"10.0.0.0/28\"\r\n      ]\r\n    },\r\n    \"dhcpOptions\": {\r\n      \"dnsServers\": []\r\n    },\r\n    \"subnets\": [\r\n      {\r\n        \"name\": \"subnet1\",\r\n        \"id\": \"/subscriptions/c549f475-dee8-428c-bb19-829a55e52f77/resourceGroups/rgfluentchash-5439/providers/Microsoft.Network/virtualNetworks/vnet78b492081797/subnets/subnet1\",\r\n        \"etag\": \"W/\\\"1798a4b3-e606-42db-bf13-fda9d68d45bb\\\"\",\r\n        \"properties\": {\r\n          \"provisioningState\": \"Updating\",\r\n          \"addressPrefix\": \"10.0.0.0/28\"\r\n        }\r\n      }\r\n    ],\r\n    \"virtualNetworkPeerings\": []\r\n  }\r\n}",
      "ResponseHeaders": {
        "Content-Length": [
          "1086"
        ],
        "Content-Type": [
          "application/json; charset=utf-8"
        ],
        "Expires": [
          "-1"
        ],
        "Cache-Control": [
          "no-cache"
        ],
        "Date": [
          "Thu, 23 Mar 2017 21:48:33 GMT"
        ],
        "Pragma": [
          "no-cache"
        ],
        "Retry-After": [
          "3"
        ],
        "Server": [
          "Microsoft-HTTPAPI/2.0",
          "Microsoft-HTTPAPI/2.0"
        ],
        "x-ms-request-id": [
          "6baec89a-51d7-42c7-8991-4ffb739761e3"
        ],
        "Azure-AsyncOperation": [
          "https://management.azure.com/subscriptions/c549f475-dee8-428c-bb19-829a55e52f77/providers/Microsoft.Network/locations/westcentralus/operations/6baec89a-51d7-42c7-8991-4ffb739761e3?api-version=2016-12-01"
        ],
        "Strict-Transport-Security": [
          "max-age=31536000; includeSubDomains"
        ],
        "x-ms-ratelimit-remaining-subscription-writes": [
          "1198"
        ],
        "x-ms-correlation-request-id": [
          "c9eb24c4-15b2-411f-8e3b-0ea387844ffa"
        ],
        "x-ms-routing-request-id": [
          "WESTUS2:20170323T214833Z:c9eb24c4-15b2-411f-8e3b-0ea387844ffa"
        ]
      },
      "StatusCode": 201
    },
    {
      "RequestUri": "/subscriptions/c549f475-dee8-428c-bb19-829a55e52f77/resourceGroups/rgfluentchash-5439/providers/Microsoft.Storage/storageAccounts/stgcc447357c2b?api-version=2016-01-01",
      "EncodedRequestUri": "L3N1YnNjcmlwdGlvbnMvYzU0OWY0NzUtZGVlOC00MjhjLWJiMTktODI5YTU1ZTUyZjc3L3Jlc291cmNlR3JvdXBzL3JnZmx1ZW50Y2hhc2gtNTQzOS9wcm92aWRlcnMvTWljcm9zb2Z0LlN0b3JhZ2Uvc3RvcmFnZUFjY291bnRzL3N0Z2NjNDQ3MzU3YzJiP2FwaS12ZXJzaW9uPTIwMTYtMDEtMDE=",
      "RequestMethod": "PUT",
      "RequestBody": "{\r\n  \"sku\": {\r\n    \"name\": \"Standard_GRS\"\r\n  },\r\n  \"kind\": \"Storage\",\r\n  \"location\": \"westcentralus\",\r\n  \"tags\": {}\r\n}",
      "RequestHeaders": {
        "Content-Type": [
          "application/json; charset=utf-8"
        ],
        "Content-Length": [
          "118"
        ],
        "x-ms-client-request-id": [
          "a92c9c4b-3275-47fd-9e38-ce01f9a72523"
        ],
        "accept-language": [
          "en-US"
        ],
        "User-Agent": [
          "FxVersion/4.6.24410.01",
          "Microsoft.Azure.Management.Storage.Fluent.StorageManagementClient/1.0.0-beta51"
        ]
      },
      "ResponseBody": "",
      "ResponseHeaders": {
        "Content-Length": [
          "0"
        ],
        "Expires": [
          "-1"
        ],
        "Cache-Control": [
          "no-cache"
        ],
        "Date": [
          "Thu, 23 Mar 2017 21:48:33 GMT"
        ],
        "Pragma": [
          "no-cache"
        ],
        "Location": [
          "https://management.azure.com/subscriptions/c549f475-dee8-428c-bb19-829a55e52f77/providers/Microsoft.Storage/operations/5aa8c2a7-9bd6-4945-97e4-e741a0ac1b49?monitor=true&api-version=2016-01-01"
        ],
        "Retry-After": [
          "17"
        ],
        "Server": [
          "Microsoft-Azure-Storage-Resource-Provider/1.0",
          "Microsoft-HTTPAPI/2.0"
        ],
        "x-ms-ratelimit-remaining-subscription-writes": [
          "1199"
        ],
        "x-ms-request-id": [
          "9724cf81-e711-461b-b4c4-6b1368a5da21"
        ],
        "x-ms-correlation-request-id": [
          "9724cf81-e711-461b-b4c4-6b1368a5da21"
        ],
        "x-ms-routing-request-id": [
          "WESTUS2:20170323T214833Z:9724cf81-e711-461b-b4c4-6b1368a5da21"
        ],
        "Strict-Transport-Security": [
          "max-age=31536000; includeSubDomains"
        ]
      },
      "StatusCode": 202
    },
    {
      "RequestUri": "/subscriptions/c549f475-dee8-428c-bb19-829a55e52f77/resourceGroups/rgfluentchash-5439/providers/Microsoft.Network/publicIPAddresses/pipfc17127356?api-version=2016-12-01",
      "EncodedRequestUri": "L3N1YnNjcmlwdGlvbnMvYzU0OWY0NzUtZGVlOC00MjhjLWJiMTktODI5YTU1ZTUyZjc3L3Jlc291cmNlR3JvdXBzL3JnZmx1ZW50Y2hhc2gtNTQzOS9wcm92aWRlcnMvTWljcm9zb2Z0Lk5ldHdvcmsvcHVibGljSVBBZGRyZXNzZXMvcGlwZmMxNzEyNzM1Nj9hcGktdmVyc2lvbj0yMDE2LTEyLTAx",
      "RequestMethod": "PUT",
      "RequestBody": "{\r\n  \"properties\": {\r\n    \"dnsSettings\": {\r\n      \"domainNameLabel\": \"pip11916034f947\"\r\n    }\r\n  },\r\n  \"location\": \"westcentralus\",\r\n  \"tags\": {}\r\n}",
      "RequestHeaders": {
        "Content-Type": [
          "application/json; charset=utf-8"
        ],
        "Content-Length": [
          "148"
        ],
        "x-ms-client-request-id": [
          "be53000b-6ccb-48df-ab09-6adf8b5f17ec"
        ],
        "accept-language": [
          "en-US"
        ],
        "User-Agent": [
          "FxVersion/4.6.24410.01",
          "Microsoft.Azure.Management.Network.Fluent.NetworkManagementClient/1.0.0-beta51"
        ]
      },
      "ResponseBody": "{\r\n  \"name\": \"pipfc17127356\",\r\n  \"id\": \"/subscriptions/c549f475-dee8-428c-bb19-829a55e52f77/resourceGroups/rgfluentchash-5439/providers/Microsoft.Network/publicIPAddresses/pipfc17127356\",\r\n  \"etag\": \"W/\\\"1508826e-8340-4336-a8ea-7b28a918bce3\\\"\",\r\n  \"location\": \"westcentralus\",\r\n  \"tags\": {},\r\n  \"properties\": {\r\n    \"provisioningState\": \"Updating\",\r\n    \"resourceGuid\": \"574b3b92-53d3-45d7-8991-5a0488479d24\",\r\n    \"publicIPAddressVersion\": \"IPv4\",\r\n    \"publicIPAllocationMethod\": \"Dynamic\",\r\n    \"idleTimeoutInMinutes\": 4,\r\n    \"dnsSettings\": {\r\n      \"domainNameLabel\": \"pip11916034f947\",\r\n      \"fqdn\": \"pip11916034f947.westcentralus.cloudapp.azure.com\"\r\n    }\r\n  },\r\n  \"type\": \"Microsoft.Network/publicIPAddresses\"\r\n}",
      "ResponseHeaders": {
        "Content-Length": [
          "722"
        ],
        "Content-Type": [
          "application/json; charset=utf-8"
        ],
        "Expires": [
          "-1"
        ],
        "Cache-Control": [
          "no-cache"
        ],
        "Date": [
          "Thu, 23 Mar 2017 21:48:33 GMT"
        ],
        "Pragma": [
          "no-cache"
        ],
        "Retry-After": [
          "3"
        ],
        "Server": [
          "Microsoft-HTTPAPI/2.0",
          "Microsoft-HTTPAPI/2.0"
        ],
        "x-ms-request-id": [
          "2474006f-333b-479e-bcfd-15054117df1f"
        ],
        "Azure-AsyncOperation": [
          "https://management.azure.com/subscriptions/c549f475-dee8-428c-bb19-829a55e52f77/providers/Microsoft.Network/locations/westcentralus/operations/2474006f-333b-479e-bcfd-15054117df1f?api-version=2016-12-01"
        ],
        "Strict-Transport-Security": [
          "max-age=31536000; includeSubDomains"
        ],
        "x-ms-ratelimit-remaining-subscription-writes": [
          "1198"
        ],
        "x-ms-correlation-request-id": [
          "df72cb8c-0a9b-4b84-b613-47adff19fc65"
        ],
        "x-ms-routing-request-id": [
          "WESTUS2:20170323T214833Z:df72cb8c-0a9b-4b84-b613-47adff19fc65"
        ]
      },
      "StatusCode": 201
    },
    {
      "RequestUri": "/subscriptions/c549f475-dee8-428c-bb19-829a55e52f77/providers/Microsoft.Network/locations/westcentralus/operations/6baec89a-51d7-42c7-8991-4ffb739761e3?api-version=2016-12-01",
      "EncodedRequestUri": "L3N1YnNjcmlwdGlvbnMvYzU0OWY0NzUtZGVlOC00MjhjLWJiMTktODI5YTU1ZTUyZjc3L3Byb3ZpZGVycy9NaWNyb3NvZnQuTmV0d29yay9sb2NhdGlvbnMvd2VzdGNlbnRyYWx1cy9vcGVyYXRpb25zLzZiYWVjODlhLTUxZDctNDJjNy04OTkxLTRmZmI3Mzk3NjFlMz9hcGktdmVyc2lvbj0yMDE2LTEyLTAx",
      "RequestMethod": "GET",
      "RequestBody": "",
      "RequestHeaders": {
        "User-Agent": [
          "FxVersion/4.6.24410.01",
          "Microsoft.Azure.Management.Network.Fluent.NetworkManagementClient/1.0.0-beta51"
        ]
      },
      "ResponseBody": "{\r\n  \"status\": \"Succeeded\"\r\n}",
      "ResponseHeaders": {
        "Content-Type": [
          "application/json; charset=utf-8"
        ],
        "Expires": [
          "-1"
        ],
        "Cache-Control": [
          "no-cache"
        ],
        "Date": [
          "Thu, 23 Mar 2017 21:49:03 GMT"
        ],
        "Pragma": [
          "no-cache"
        ],
        "Transfer-Encoding": [
          "chunked"
        ],
        "Server": [
          "Microsoft-HTTPAPI/2.0",
          "Microsoft-HTTPAPI/2.0"
        ],
        "Vary": [
          "Accept-Encoding"
        ],
        "x-ms-request-id": [
          "3b3ebce7-658f-4c19-ae78-16308eca767e"
        ],
        "Strict-Transport-Security": [
          "max-age=31536000; includeSubDomains"
        ],
        "x-ms-ratelimit-remaining-subscription-reads": [
          "14984"
        ],
        "x-ms-correlation-request-id": [
          "d7b1a423-d33c-49c0-a7a5-bb64583c069b"
        ],
        "x-ms-routing-request-id": [
          "WESTUS2:20170323T214903Z:d7b1a423-d33c-49c0-a7a5-bb64583c069b"
        ]
      },
      "StatusCode": 200
    },
    {
      "RequestUri": "/subscriptions/c549f475-dee8-428c-bb19-829a55e52f77/resourceGroups/rgfluentchash-5439/providers/Microsoft.Network/virtualNetworks/vnet78b492081797?api-version=2016-12-01",
      "EncodedRequestUri": "L3N1YnNjcmlwdGlvbnMvYzU0OWY0NzUtZGVlOC00MjhjLWJiMTktODI5YTU1ZTUyZjc3L3Jlc291cmNlR3JvdXBzL3JnZmx1ZW50Y2hhc2gtNTQzOS9wcm92aWRlcnMvTWljcm9zb2Z0Lk5ldHdvcmsvdmlydHVhbE5ldHdvcmtzL3ZuZXQ3OGI0OTIwODE3OTc/YXBpLXZlcnNpb249MjAxNi0xMi0wMQ==",
      "RequestMethod": "GET",
      "RequestBody": "",
      "RequestHeaders": {
        "User-Agent": [
          "FxVersion/4.6.24410.01",
          "Microsoft.Azure.Management.Network.Fluent.NetworkManagementClient/1.0.0-beta51"
        ]
      },
      "ResponseBody": "{\r\n  \"name\": \"vnet78b492081797\",\r\n  \"id\": \"/subscriptions/c549f475-dee8-428c-bb19-829a55e52f77/resourceGroups/rgfluentchash-5439/providers/Microsoft.Network/virtualNetworks/vnet78b492081797\",\r\n  \"etag\": \"W/\\\"712d0809-a06a-48de-8fd6-e9bb53884bc6\\\"\",\r\n  \"type\": \"Microsoft.Network/virtualNetworks\",\r\n  \"location\": \"westcentralus\",\r\n  \"tags\": {},\r\n  \"properties\": {\r\n    \"provisioningState\": \"Succeeded\",\r\n    \"resourceGuid\": \"8b3aacfa-656d-4eef-bc5b-784fb8fcbac3\",\r\n    \"addressSpace\": {\r\n      \"addressPrefixes\": [\r\n        \"10.0.0.0/28\"\r\n      ]\r\n    },\r\n    \"dhcpOptions\": {\r\n      \"dnsServers\": []\r\n    },\r\n    \"subnets\": [\r\n      {\r\n        \"name\": \"subnet1\",\r\n        \"id\": \"/subscriptions/c549f475-dee8-428c-bb19-829a55e52f77/resourceGroups/rgfluentchash-5439/providers/Microsoft.Network/virtualNetworks/vnet78b492081797/subnets/subnet1\",\r\n        \"etag\": \"W/\\\"712d0809-a06a-48de-8fd6-e9bb53884bc6\\\"\",\r\n        \"properties\": {\r\n          \"provisioningState\": \"Succeeded\",\r\n          \"addressPrefix\": \"10.0.0.0/28\"\r\n        }\r\n      }\r\n    ],\r\n    \"virtualNetworkPeerings\": []\r\n  }\r\n}",
      "ResponseHeaders": {
        "Content-Type": [
          "application/json; charset=utf-8"
        ],
        "Expires": [
          "-1"
        ],
        "Cache-Control": [
          "no-cache"
        ],
        "Date": [
          "Thu, 23 Mar 2017 21:49:02 GMT"
        ],
        "Pragma": [
          "no-cache"
        ],
        "Transfer-Encoding": [
          "chunked"
        ],
        "ETag": [
          "W/\"712d0809-a06a-48de-8fd6-e9bb53884bc6\""
        ],
        "Server": [
          "Microsoft-HTTPAPI/2.0",
          "Microsoft-HTTPAPI/2.0"
        ],
        "Vary": [
          "Accept-Encoding"
        ],
        "x-ms-request-id": [
          "1d259432-8142-402d-a8b9-9f6cbaf2da9e"
        ],
        "Strict-Transport-Security": [
          "max-age=31536000; includeSubDomains"
        ],
        "x-ms-ratelimit-remaining-subscription-reads": [
          "14842"
        ],
        "x-ms-correlation-request-id": [
          "3781093c-504d-48ac-a660-0b8ea802e148"
        ],
        "x-ms-routing-request-id": [
          "WESTUS2:20170323T214903Z:3781093c-504d-48ac-a660-0b8ea802e148"
        ]
      },
      "StatusCode": 200
    },
    {
      "RequestUri": "/subscriptions/c549f475-dee8-428c-bb19-829a55e52f77/providers/Microsoft.Network/locations/westcentralus/operations/2474006f-333b-479e-bcfd-15054117df1f?api-version=2016-12-01",
      "EncodedRequestUri": "L3N1YnNjcmlwdGlvbnMvYzU0OWY0NzUtZGVlOC00MjhjLWJiMTktODI5YTU1ZTUyZjc3L3Byb3ZpZGVycy9NaWNyb3NvZnQuTmV0d29yay9sb2NhdGlvbnMvd2VzdGNlbnRyYWx1cy9vcGVyYXRpb25zLzI0NzQwMDZmLTMzM2ItNDc5ZS1iY2ZkLTE1MDU0MTE3ZGYxZj9hcGktdmVyc2lvbj0yMDE2LTEyLTAx",
      "RequestMethod": "GET",
      "RequestBody": "",
      "RequestHeaders": {
        "User-Agent": [
          "FxVersion/4.6.24410.01",
          "Microsoft.Azure.Management.Network.Fluent.NetworkManagementClient/1.0.0-beta51"
        ]
      },
      "ResponseBody": "{\r\n  \"status\": \"Succeeded\"\r\n}",
      "ResponseHeaders": {
        "Content-Type": [
          "application/json; charset=utf-8"
        ],
        "Expires": [
          "-1"
        ],
        "Cache-Control": [
          "no-cache"
        ],
        "Date": [
          "Thu, 23 Mar 2017 21:49:03 GMT"
        ],
        "Pragma": [
          "no-cache"
        ],
        "Transfer-Encoding": [
          "chunked"
        ],
        "Server": [
          "Microsoft-HTTPAPI/2.0",
          "Microsoft-HTTPAPI/2.0"
        ],
        "Vary": [
          "Accept-Encoding"
        ],
        "x-ms-request-id": [
          "2a2b7870-3a66-4366-a34c-8b92b557637a"
        ],
        "Strict-Transport-Security": [
          "max-age=31536000; includeSubDomains"
        ],
        "x-ms-ratelimit-remaining-subscription-reads": [
          "14983"
        ],
        "x-ms-correlation-request-id": [
          "12954fce-bcbb-42ca-957d-5849ace151d1"
        ],
        "x-ms-routing-request-id": [
          "WESTUS2:20170323T214903Z:12954fce-bcbb-42ca-957d-5849ace151d1"
        ]
      },
      "StatusCode": 200
    },
    {
      "RequestUri": "/subscriptions/c549f475-dee8-428c-bb19-829a55e52f77/providers/Microsoft.Storage/operations/5aa8c2a7-9bd6-4945-97e4-e741a0ac1b49?monitor=true&api-version=2016-01-01",
      "EncodedRequestUri": "L3N1YnNjcmlwdGlvbnMvYzU0OWY0NzUtZGVlOC00MjhjLWJiMTktODI5YTU1ZTUyZjc3L3Byb3ZpZGVycy9NaWNyb3NvZnQuU3RvcmFnZS9vcGVyYXRpb25zLzVhYThjMmE3LTliZDYtNDk0NS05N2U0LWU3NDFhMGFjMWI0OT9tb25pdG9yPXRydWUmYXBpLXZlcnNpb249MjAxNi0wMS0wMQ==",
      "RequestMethod": "GET",
      "RequestBody": "",
      "RequestHeaders": {
        "User-Agent": [
          "FxVersion/4.6.24410.01",
          "Microsoft.Azure.Management.Storage.Fluent.StorageManagementClient/1.0.0-beta51"
        ]
      },
      "ResponseBody": "{\r\n  \"id\": \"/subscriptions/c549f475-dee8-428c-bb19-829a55e52f77/resourceGroups/rgfluentchash-5439/providers/Microsoft.Storage/storageAccounts/stgcc447357c2b\",\r\n  \"kind\": \"Storage\",\r\n  \"location\": \"westcentralus\",\r\n  \"name\": \"stgcc447357c2b\",\r\n  \"properties\": {\r\n    \"creationTime\": \"2017-03-23T21:48:33.2919193Z\",\r\n    \"primaryEndpoints\": {\r\n      \"blob\": \"https://stgcc447357c2b.blob.core.windows.net/\",\r\n      \"file\": \"https://stgcc447357c2b.file.core.windows.net/\",\r\n      \"queue\": \"https://stgcc447357c2b.queue.core.windows.net/\",\r\n      \"table\": \"https://stgcc447357c2b.table.core.windows.net/\"\r\n    },\r\n    \"primaryLocation\": \"westcentralus\",\r\n    \"provisioningState\": \"Succeeded\",\r\n    \"secondaryLocation\": \"westus2\",\r\n    \"statusOfPrimary\": \"available\",\r\n    \"statusOfSecondary\": \"available\"\r\n  },\r\n  \"sku\": {\r\n    \"name\": \"Standard_GRS\",\r\n    \"tier\": \"Standard\"\r\n  },\r\n  \"tags\": {},\r\n  \"type\": \"Microsoft.Storage/storageAccounts\"\r\n}",
      "ResponseHeaders": {
        "Content-Type": [
          "application/json"
        ],
        "Expires": [
          "-1"
        ],
        "Cache-Control": [
          "no-cache"
        ],
        "Date": [
          "Thu, 23 Mar 2017 21:49:03 GMT"
        ],
        "Pragma": [
          "no-cache"
        ],
        "Transfer-Encoding": [
          "chunked"
        ],
        "Server": [
          "Microsoft-Azure-Storage-Resource-Provider/1.0",
          "Microsoft-HTTPAPI/2.0"
        ],
        "Vary": [
          "Accept-Encoding"
        ],
        "x-ms-request-id": [
          "0a192e97-4836-4d73-9e0e-9ba8e71316cf"
        ],
        "x-ms-ratelimit-remaining-subscription-reads": [
          "14990"
        ],
        "x-ms-correlation-request-id": [
          "0a192e97-4836-4d73-9e0e-9ba8e71316cf"
        ],
        "x-ms-routing-request-id": [
          "WESTUS2:20170323T214903Z:0a192e97-4836-4d73-9e0e-9ba8e71316cf"
        ],
        "Strict-Transport-Security": [
          "max-age=31536000; includeSubDomains"
        ]
      },
      "StatusCode": 200
    },
    {
      "RequestUri": "/subscriptions/c549f475-dee8-428c-bb19-829a55e52f77/resourceGroups/rgfluentchash-5439/providers/Microsoft.Network/publicIPAddresses/pipfc17127356?api-version=2016-12-01",
      "EncodedRequestUri": "L3N1YnNjcmlwdGlvbnMvYzU0OWY0NzUtZGVlOC00MjhjLWJiMTktODI5YTU1ZTUyZjc3L3Jlc291cmNlR3JvdXBzL3JnZmx1ZW50Y2hhc2gtNTQzOS9wcm92aWRlcnMvTWljcm9zb2Z0Lk5ldHdvcmsvcHVibGljSVBBZGRyZXNzZXMvcGlwZmMxNzEyNzM1Nj9hcGktdmVyc2lvbj0yMDE2LTEyLTAx",
      "RequestMethod": "GET",
      "RequestBody": "",
      "RequestHeaders": {
        "User-Agent": [
          "FxVersion/4.6.24410.01",
          "Microsoft.Azure.Management.Network.Fluent.NetworkManagementClient/1.0.0-beta51"
        ]
      },
      "ResponseBody": "{\r\n  \"name\": \"pipfc17127356\",\r\n  \"id\": \"/subscriptions/c549f475-dee8-428c-bb19-829a55e52f77/resourceGroups/rgfluentchash-5439/providers/Microsoft.Network/publicIPAddresses/pipfc17127356\",\r\n  \"etag\": \"W/\\\"d30807a6-fca1-4a75-a7c9-b428b6189b54\\\"\",\r\n  \"location\": \"westcentralus\",\r\n  \"tags\": {},\r\n  \"properties\": {\r\n    \"provisioningState\": \"Succeeded\",\r\n    \"resourceGuid\": \"574b3b92-53d3-45d7-8991-5a0488479d24\",\r\n    \"publicIPAddressVersion\": \"IPv4\",\r\n    \"publicIPAllocationMethod\": \"Dynamic\",\r\n    \"idleTimeoutInMinutes\": 4,\r\n    \"dnsSettings\": {\r\n      \"domainNameLabel\": \"pip11916034f947\",\r\n      \"fqdn\": \"pip11916034f947.westcentralus.cloudapp.azure.com\"\r\n    }\r\n  },\r\n  \"type\": \"Microsoft.Network/publicIPAddresses\"\r\n}",
      "ResponseHeaders": {
        "Content-Type": [
          "application/json; charset=utf-8"
        ],
        "Expires": [
          "-1"
        ],
        "Cache-Control": [
          "no-cache"
        ],
        "Date": [
          "Thu, 23 Mar 2017 21:49:03 GMT"
        ],
        "Pragma": [
          "no-cache"
        ],
        "Transfer-Encoding": [
          "chunked"
        ],
        "ETag": [
          "W/\"d30807a6-fca1-4a75-a7c9-b428b6189b54\""
        ],
        "Server": [
          "Microsoft-HTTPAPI/2.0",
          "Microsoft-HTTPAPI/2.0"
        ],
        "Vary": [
          "Accept-Encoding"
        ],
        "x-ms-request-id": [
          "60d8f13d-8c17-461f-9dc1-a89fcf6a36a8"
        ],
        "Strict-Transport-Security": [
          "max-age=31536000; includeSubDomains"
        ],
        "x-ms-ratelimit-remaining-subscription-reads": [
          "14841"
        ],
        "x-ms-correlation-request-id": [
          "069f9554-f66f-4e1a-8fed-7fe5a14f95d6"
        ],
        "x-ms-routing-request-id": [
          "WESTUS2:20170323T214903Z:069f9554-f66f-4e1a-8fed-7fe5a14f95d6"
        ]
      },
      "StatusCode": 200
    },
    {
      "RequestUri": "/subscriptions/c549f475-dee8-428c-bb19-829a55e52f77/resourceGroups/rgfluentchash-5439/providers/Microsoft.Network/publicIPAddresses/pipfc17127356?api-version=2016-12-01",
      "EncodedRequestUri": "L3N1YnNjcmlwdGlvbnMvYzU0OWY0NzUtZGVlOC00MjhjLWJiMTktODI5YTU1ZTUyZjc3L3Jlc291cmNlR3JvdXBzL3JnZmx1ZW50Y2hhc2gtNTQzOS9wcm92aWRlcnMvTWljcm9zb2Z0Lk5ldHdvcmsvcHVibGljSVBBZGRyZXNzZXMvcGlwZmMxNzEyNzM1Nj9hcGktdmVyc2lvbj0yMDE2LTEyLTAx",
      "RequestMethod": "GET",
      "RequestBody": "",
      "RequestHeaders": {
        "x-ms-client-request-id": [
          "b972c653-8273-4d8f-a78f-1e6dd408fe40"
        ],
        "accept-language": [
          "en-US"
        ],
        "User-Agent": [
          "FxVersion/4.6.24410.01",
          "Microsoft.Azure.Management.Network.Fluent.NetworkManagementClient/1.0.0-beta51"
        ]
      },
      "ResponseBody": "{\r\n  \"name\": \"pipfc17127356\",\r\n  \"id\": \"/subscriptions/c549f475-dee8-428c-bb19-829a55e52f77/resourceGroups/rgfluentchash-5439/providers/Microsoft.Network/publicIPAddresses/pipfc17127356\",\r\n  \"etag\": \"W/\\\"d30807a6-fca1-4a75-a7c9-b428b6189b54\\\"\",\r\n  \"location\": \"westcentralus\",\r\n  \"tags\": {},\r\n  \"properties\": {\r\n    \"provisioningState\": \"Succeeded\",\r\n    \"resourceGuid\": \"574b3b92-53d3-45d7-8991-5a0488479d24\",\r\n    \"publicIPAddressVersion\": \"IPv4\",\r\n    \"publicIPAllocationMethod\": \"Dynamic\",\r\n    \"idleTimeoutInMinutes\": 4,\r\n    \"dnsSettings\": {\r\n      \"domainNameLabel\": \"pip11916034f947\",\r\n      \"fqdn\": \"pip11916034f947.westcentralus.cloudapp.azure.com\"\r\n    }\r\n  },\r\n  \"type\": \"Microsoft.Network/publicIPAddresses\"\r\n}",
      "ResponseHeaders": {
        "Content-Type": [
          "application/json; charset=utf-8"
        ],
        "Expires": [
          "-1"
        ],
        "Cache-Control": [
          "no-cache"
        ],
        "Date": [
          "Thu, 23 Mar 2017 21:49:03 GMT"
        ],
        "Pragma": [
          "no-cache"
        ],
        "Transfer-Encoding": [
          "chunked"
        ],
        "ETag": [
          "W/\"d30807a6-fca1-4a75-a7c9-b428b6189b54\""
        ],
        "Server": [
          "Microsoft-HTTPAPI/2.0",
          "Microsoft-HTTPAPI/2.0"
        ],
        "Vary": [
          "Accept-Encoding"
        ],
        "x-ms-request-id": [
          "34f0d86f-840d-4f3e-855f-a6e30442c805"
        ],
        "Strict-Transport-Security": [
          "max-age=31536000; includeSubDomains"
        ],
        "x-ms-ratelimit-remaining-subscription-reads": [
          "14982"
        ],
        "x-ms-correlation-request-id": [
          "b13708c8-79de-4808-8524-46065733c4fd"
        ],
        "x-ms-routing-request-id": [
          "WESTUS2:20170323T214904Z:b13708c8-79de-4808-8524-46065733c4fd"
        ]
      },
      "StatusCode": 200
    },
    {
      "RequestUri": "/subscriptions/c549f475-dee8-428c-bb19-829a55e52f77/resourceGroups/rgfluentchash-5439/providers/Microsoft.Network/publicIPAddresses/pipfc17127356?api-version=2016-12-01",
      "EncodedRequestUri": "L3N1YnNjcmlwdGlvbnMvYzU0OWY0NzUtZGVlOC00MjhjLWJiMTktODI5YTU1ZTUyZjc3L3Jlc291cmNlR3JvdXBzL3JnZmx1ZW50Y2hhc2gtNTQzOS9wcm92aWRlcnMvTWljcm9zb2Z0Lk5ldHdvcmsvcHVibGljSVBBZGRyZXNzZXMvcGlwZmMxNzEyNzM1Nj9hcGktdmVyc2lvbj0yMDE2LTEyLTAx",
      "RequestMethod": "GET",
      "RequestBody": "",
      "RequestHeaders": {
        "x-ms-client-request-id": [
          "86c190f6-e6ce-4521-b762-427e8ebe672d"
        ],
        "accept-language": [
          "en-US"
        ],
        "User-Agent": [
          "FxVersion/4.6.24410.01",
          "Microsoft.Azure.Management.Network.Fluent.NetworkManagementClient/1.0.0-beta51"
        ]
      },
      "ResponseBody": "{\r\n  \"name\": \"pipfc17127356\",\r\n  \"id\": \"/subscriptions/c549f475-dee8-428c-bb19-829a55e52f77/resourceGroups/rgfluentchash-5439/providers/Microsoft.Network/publicIPAddresses/pipfc17127356\",\r\n  \"etag\": \"W/\\\"5f0edca2-d628-459e-840b-a9fc6ef08371\\\"\",\r\n  \"location\": \"westcentralus\",\r\n  \"tags\": {},\r\n  \"properties\": {\r\n    \"provisioningState\": \"Succeeded\",\r\n    \"resourceGuid\": \"574b3b92-53d3-45d7-8991-5a0488479d24\",\r\n    \"ipAddress\": \"13.78.183.181\",\r\n    \"publicIPAddressVersion\": \"IPv4\",\r\n    \"publicIPAllocationMethod\": \"Dynamic\",\r\n    \"idleTimeoutInMinutes\": 4,\r\n    \"dnsSettings\": {\r\n      \"domainNameLabel\": \"pip11916034f947\",\r\n      \"fqdn\": \"pip11916034f947.westcentralus.cloudapp.azure.com\"\r\n    },\r\n    \"ipConfiguration\": {\r\n      \"id\": \"/subscriptions/c549f475-dee8-428c-bb19-829a55e52f77/resourceGroups/rgfluentchash-5439/providers/Microsoft.Network/networkInterfaces/nic167590ab8e0/ipConfigurations/primary\"\r\n    }\r\n  },\r\n  \"type\": \"Microsoft.Network/publicIPAddresses\"\r\n}",
      "ResponseHeaders": {
        "Content-Type": [
          "application/json; charset=utf-8"
        ],
        "Expires": [
          "-1"
        ],
        "Cache-Control": [
          "no-cache"
        ],
        "Date": [
          "Thu, 23 Mar 2017 21:50:36 GMT"
        ],
        "Pragma": [
          "no-cache"
        ],
        "Transfer-Encoding": [
          "chunked"
        ],
        "ETag": [
          "W/\"5f0edca2-d628-459e-840b-a9fc6ef08371\""
        ],
        "Server": [
          "Microsoft-HTTPAPI/2.0",
          "Microsoft-HTTPAPI/2.0"
        ],
        "Vary": [
          "Accept-Encoding"
        ],
        "x-ms-request-id": [
          "41a75f5e-5b4d-4013-b5c3-9871af803765"
        ],
        "Strict-Transport-Security": [
          "max-age=31536000; includeSubDomains"
        ],
        "x-ms-ratelimit-remaining-subscription-reads": [
          "14984"
        ],
        "x-ms-correlation-request-id": [
          "73f950df-7a3c-4b76-a3a8-fe231fc3efda"
        ],
        "x-ms-routing-request-id": [
          "WESTUS2:20170323T215037Z:73f950df-7a3c-4b76-a3a8-fe231fc3efda"
        ]
      },
      "StatusCode": 200
    },
    {
      "RequestUri": "/subscriptions/c549f475-dee8-428c-bb19-829a55e52f77/resourceGroups/rgfluentchash-5439/providers/Microsoft.Network/networkInterfaces/nic167590ab8e0?api-version=2016-12-01",
      "EncodedRequestUri": "L3N1YnNjcmlwdGlvbnMvYzU0OWY0NzUtZGVlOC00MjhjLWJiMTktODI5YTU1ZTUyZjc3L3Jlc291cmNlR3JvdXBzL3JnZmx1ZW50Y2hhc2gtNTQzOS9wcm92aWRlcnMvTWljcm9zb2Z0Lk5ldHdvcmsvbmV0d29ya0ludGVyZmFjZXMvbmljMTY3NTkwYWI4ZTA/YXBpLXZlcnNpb249MjAxNi0xMi0wMQ==",
      "RequestMethod": "PUT",
      "RequestBody": "{\r\n  \"properties\": {\r\n    \"ipConfigurations\": [\r\n      {\r\n        \"properties\": {\r\n          \"privateIPAllocationMethod\": \"Dynamic\",\r\n          \"subnet\": {\r\n            \"id\": \"/subscriptions/c549f475-dee8-428c-bb19-829a55e52f77/resourceGroups/rgfluentchash-5439/providers/Microsoft.Network/virtualNetworks/vnet78b492081797/subnets/subnet1\"\r\n          },\r\n          \"publicIPAddress\": {\r\n            \"properties\": {\r\n              \"publicIPAllocationMethod\": \"Dynamic\",\r\n              \"publicIPAddressVersion\": \"IPv4\",\r\n              \"dnsSettings\": {\r\n                \"domainNameLabel\": \"pip11916034f947\",\r\n                \"fqdn\": \"pip11916034f947.westcentralus.cloudapp.azure.com\"\r\n              },\r\n              \"idleTimeoutInMinutes\": 4,\r\n              \"resourceGuid\": \"574b3b92-53d3-45d7-8991-5a0488479d24\",\r\n              \"provisioningState\": \"Succeeded\"\r\n            },\r\n            \"etag\": \"W/\\\"d30807a6-fca1-4a75-a7c9-b428b6189b54\\\"\",\r\n            \"id\": \"/subscriptions/c549f475-dee8-428c-bb19-829a55e52f77/resourceGroups/rgfluentchash-5439/providers/Microsoft.Network/publicIPAddresses/pipfc17127356\",\r\n            \"location\": \"westcentralus\",\r\n            \"tags\": {}\r\n          }\r\n        },\r\n        \"name\": \"primary\"\r\n      }\r\n    ],\r\n    \"dnsSettings\": {}\r\n  },\r\n  \"location\": \"westcentralus\",\r\n  \"tags\": {}\r\n}",
      "RequestHeaders": {
        "Content-Type": [
          "application/json; charset=utf-8"
        ],
        "Content-Length": [
          "1323"
        ],
        "x-ms-client-request-id": [
          "5e27641d-9437-4bf9-b3fe-6005180ee9bc"
        ],
        "accept-language": [
          "en-US"
        ],
        "User-Agent": [
          "FxVersion/4.6.24410.01",
          "Microsoft.Azure.Management.Network.Fluent.NetworkManagementClient/1.0.0-beta51"
        ]
      },
      "ResponseBody": "{\r\n  \"name\": \"nic167590ab8e0\",\r\n  \"id\": \"/subscriptions/c549f475-dee8-428c-bb19-829a55e52f77/resourceGroups/rgfluentchash-5439/providers/Microsoft.Network/networkInterfaces/nic167590ab8e0\",\r\n  \"etag\": \"W/\\\"251c68a7-3eb5-499f-9991-b38738f99af2\\\"\",\r\n  \"location\": \"westcentralus\",\r\n  \"tags\": {},\r\n  \"properties\": {\r\n    \"provisioningState\": \"Succeeded\",\r\n    \"resourceGuid\": \"9a960f45-483a-407e-8b94-be9214ee4bd0\",\r\n    \"ipConfigurations\": [\r\n      {\r\n        \"name\": \"primary\",\r\n        \"id\": \"/subscriptions/c549f475-dee8-428c-bb19-829a55e52f77/resourceGroups/rgfluentchash-5439/providers/Microsoft.Network/networkInterfaces/nic167590ab8e0/ipConfigurations/primary\",\r\n        \"etag\": \"W/\\\"251c68a7-3eb5-499f-9991-b38738f99af2\\\"\",\r\n        \"properties\": {\r\n          \"provisioningState\": \"Succeeded\",\r\n          \"privateIPAddress\": \"10.0.0.4\",\r\n          \"privateIPAllocationMethod\": \"Dynamic\",\r\n          \"publicIPAddress\": {\r\n            \"id\": \"/subscriptions/c549f475-dee8-428c-bb19-829a55e52f77/resourceGroups/rgfluentchash-5439/providers/Microsoft.Network/publicIPAddresses/pipfc17127356\"\r\n          },\r\n          \"subnet\": {\r\n            \"id\": \"/subscriptions/c549f475-dee8-428c-bb19-829a55e52f77/resourceGroups/rgfluentchash-5439/providers/Microsoft.Network/virtualNetworks/vnet78b492081797/subnets/subnet1\"\r\n          },\r\n          \"primary\": true,\r\n          \"privateIPAddressVersion\": \"IPv4\"\r\n        }\r\n      }\r\n    ],\r\n    \"dnsSettings\": {\r\n      \"dnsServers\": [],\r\n      \"appliedDnsServers\": [],\r\n      \"internalDomainNameSuffix\": \"5kwdvc1nmxxu3pc1pbh1r5f0yd.yx.internal.cloudapp.net\"\r\n    },\r\n    \"enableAcceleratedNetworking\": false,\r\n    \"enableIPForwarding\": false\r\n  },\r\n  \"type\": \"Microsoft.Network/networkInterfaces\"\r\n}",
      "ResponseHeaders": {
        "Content-Length": [
          "1738"
        ],
        "Content-Type": [
          "application/json; charset=utf-8"
        ],
        "Expires": [
          "-1"
        ],
        "Cache-Control": [
          "no-cache"
        ],
        "Date": [
          "Thu, 23 Mar 2017 21:49:04 GMT"
        ],
        "Pragma": [
          "no-cache"
        ],
        "Server": [
          "Microsoft-HTTPAPI/2.0",
          "Microsoft-HTTPAPI/2.0"
        ],
        "x-ms-request-id": [
          "7f886a73-0aea-4e46-b3d9-ce688f9b1773"
        ],
        "Azure-AsyncOperation": [
          "https://management.azure.com/subscriptions/c549f475-dee8-428c-bb19-829a55e52f77/providers/Microsoft.Network/locations/westcentralus/operations/7f886a73-0aea-4e46-b3d9-ce688f9b1773?api-version=2016-12-01"
        ],
        "Strict-Transport-Security": [
          "max-age=31536000; includeSubDomains"
        ],
        "x-ms-ratelimit-remaining-subscription-writes": [
          "1197"
        ],
        "x-ms-correlation-request-id": [
          "a155185b-9a90-4019-8a82-9d519e8ef319"
        ],
        "x-ms-routing-request-id": [
          "WESTUS2:20170323T214905Z:a155185b-9a90-4019-8a82-9d519e8ef319"
        ]
      },
      "StatusCode": 201
    },
    {
      "RequestUri": "/subscriptions/c549f475-dee8-428c-bb19-829a55e52f77/resourceGroups/rgfluentchash-5439/providers/Microsoft.Network/networkInterfaces/nic167590ab8e0?api-version=2016-12-01",
      "EncodedRequestUri": "L3N1YnNjcmlwdGlvbnMvYzU0OWY0NzUtZGVlOC00MjhjLWJiMTktODI5YTU1ZTUyZjc3L3Jlc291cmNlR3JvdXBzL3JnZmx1ZW50Y2hhc2gtNTQzOS9wcm92aWRlcnMvTWljcm9zb2Z0Lk5ldHdvcmsvbmV0d29ya0ludGVyZmFjZXMvbmljMTY3NTkwYWI4ZTA/YXBpLXZlcnNpb249MjAxNi0xMi0wMQ==",
      "RequestMethod": "GET",
      "RequestBody": "",
      "RequestHeaders": {
        "User-Agent": [
          "FxVersion/4.6.24410.01",
          "Microsoft.Azure.Management.Network.Fluent.NetworkManagementClient/1.0.0-beta51"
        ]
      },
      "ResponseBody": "{\r\n  \"name\": \"nic167590ab8e0\",\r\n  \"id\": \"/subscriptions/c549f475-dee8-428c-bb19-829a55e52f77/resourceGroups/rgfluentchash-5439/providers/Microsoft.Network/networkInterfaces/nic167590ab8e0\",\r\n  \"etag\": \"W/\\\"251c68a7-3eb5-499f-9991-b38738f99af2\\\"\",\r\n  \"location\": \"westcentralus\",\r\n  \"tags\": {},\r\n  \"properties\": {\r\n    \"provisioningState\": \"Succeeded\",\r\n    \"resourceGuid\": \"9a960f45-483a-407e-8b94-be9214ee4bd0\",\r\n    \"ipConfigurations\": [\r\n      {\r\n        \"name\": \"primary\",\r\n        \"id\": \"/subscriptions/c549f475-dee8-428c-bb19-829a55e52f77/resourceGroups/rgfluentchash-5439/providers/Microsoft.Network/networkInterfaces/nic167590ab8e0/ipConfigurations/primary\",\r\n        \"etag\": \"W/\\\"251c68a7-3eb5-499f-9991-b38738f99af2\\\"\",\r\n        \"properties\": {\r\n          \"provisioningState\": \"Succeeded\",\r\n          \"privateIPAddress\": \"10.0.0.4\",\r\n          \"privateIPAllocationMethod\": \"Dynamic\",\r\n          \"publicIPAddress\": {\r\n            \"id\": \"/subscriptions/c549f475-dee8-428c-bb19-829a55e52f77/resourceGroups/rgfluentchash-5439/providers/Microsoft.Network/publicIPAddresses/pipfc17127356\"\r\n          },\r\n          \"subnet\": {\r\n            \"id\": \"/subscriptions/c549f475-dee8-428c-bb19-829a55e52f77/resourceGroups/rgfluentchash-5439/providers/Microsoft.Network/virtualNetworks/vnet78b492081797/subnets/subnet1\"\r\n          },\r\n          \"primary\": true,\r\n          \"privateIPAddressVersion\": \"IPv4\"\r\n        }\r\n      }\r\n    ],\r\n    \"dnsSettings\": {\r\n      \"dnsServers\": [],\r\n      \"appliedDnsServers\": [],\r\n      \"internalDomainNameSuffix\": \"5kwdvc1nmxxu3pc1pbh1r5f0yd.yx.internal.cloudapp.net\"\r\n    },\r\n    \"enableAcceleratedNetworking\": false,\r\n    \"enableIPForwarding\": false\r\n  },\r\n  \"type\": \"Microsoft.Network/networkInterfaces\"\r\n}",
      "ResponseHeaders": {
        "Content-Type": [
          "application/json; charset=utf-8"
        ],
        "Expires": [
          "-1"
        ],
        "Cache-Control": [
          "no-cache"
        ],
        "Date": [
          "Thu, 23 Mar 2017 21:49:04 GMT"
        ],
        "Pragma": [
          "no-cache"
        ],
        "Transfer-Encoding": [
          "chunked"
        ],
        "ETag": [
          "W/\"251c68a7-3eb5-499f-9991-b38738f99af2\""
        ],
        "Server": [
          "Microsoft-HTTPAPI/2.0",
          "Microsoft-HTTPAPI/2.0"
        ],
        "Vary": [
          "Accept-Encoding"
        ],
        "x-ms-request-id": [
          "32a2da40-310e-4f1f-be28-fa5417d57032"
        ],
        "Strict-Transport-Security": [
          "max-age=31536000; includeSubDomains"
        ],
        "x-ms-ratelimit-remaining-subscription-reads": [
          "14840"
        ],
        "x-ms-correlation-request-id": [
          "2c70916a-b3ec-4980-a8dd-74fb1e1a4f72"
        ],
        "x-ms-routing-request-id": [
          "WESTUS2:20170323T214905Z:2c70916a-b3ec-4980-a8dd-74fb1e1a4f72"
        ]
      },
      "StatusCode": 200
    },
    {
      "RequestUri": "/subscriptions/c549f475-dee8-428c-bb19-829a55e52f77/resourceGroups/rgfluentchash-5439/providers/Microsoft.Network/networkInterfaces/nic167590ab8e0?api-version=2016-12-01",
      "EncodedRequestUri": "L3N1YnNjcmlwdGlvbnMvYzU0OWY0NzUtZGVlOC00MjhjLWJiMTktODI5YTU1ZTUyZjc3L3Jlc291cmNlR3JvdXBzL3JnZmx1ZW50Y2hhc2gtNTQzOS9wcm92aWRlcnMvTWljcm9zb2Z0Lk5ldHdvcmsvbmV0d29ya0ludGVyZmFjZXMvbmljMTY3NTkwYWI4ZTA/YXBpLXZlcnNpb249MjAxNi0xMi0wMQ==",
      "RequestMethod": "GET",
      "RequestBody": "",
      "RequestHeaders": {
        "x-ms-client-request-id": [
          "6b875cd3-734f-4d95-9d48-6c061eb7e591"
        ],
        "accept-language": [
          "en-US"
        ],
        "User-Agent": [
          "FxVersion/4.6.24410.01",
          "Microsoft.Azure.Management.Network.Fluent.NetworkManagementClient/1.0.0-beta51"
        ]
      },
      "ResponseBody": "{\r\n  \"name\": \"nic167590ab8e0\",\r\n  \"id\": \"/subscriptions/c549f475-dee8-428c-bb19-829a55e52f77/resourceGroups/rgfluentchash-5439/providers/Microsoft.Network/networkInterfaces/nic167590ab8e0\",\r\n  \"etag\": \"W/\\\"22074cb2-eb36-4c89-9606-d4ab1db21f90\\\"\",\r\n  \"location\": \"westcentralus\",\r\n  \"tags\": {},\r\n  \"properties\": {\r\n    \"provisioningState\": \"Succeeded\",\r\n    \"resourceGuid\": \"9a960f45-483a-407e-8b94-be9214ee4bd0\",\r\n    \"ipConfigurations\": [\r\n      {\r\n        \"name\": \"primary\",\r\n        \"id\": \"/subscriptions/c549f475-dee8-428c-bb19-829a55e52f77/resourceGroups/rgfluentchash-5439/providers/Microsoft.Network/networkInterfaces/nic167590ab8e0/ipConfigurations/primary\",\r\n        \"etag\": \"W/\\\"22074cb2-eb36-4c89-9606-d4ab1db21f90\\\"\",\r\n        \"properties\": {\r\n          \"provisioningState\": \"Succeeded\",\r\n          \"privateIPAddress\": \"10.0.0.4\",\r\n          \"privateIPAllocationMethod\": \"Dynamic\",\r\n          \"publicIPAddress\": {\r\n            \"id\": \"/subscriptions/c549f475-dee8-428c-bb19-829a55e52f77/resourceGroups/rgfluentchash-5439/providers/Microsoft.Network/publicIPAddresses/pipfc17127356\"\r\n          },\r\n          \"subnet\": {\r\n            \"id\": \"/subscriptions/c549f475-dee8-428c-bb19-829a55e52f77/resourceGroups/rgfluentchash-5439/providers/Microsoft.Network/virtualNetworks/vnet78b492081797/subnets/subnet1\"\r\n          },\r\n          \"primary\": true,\r\n          \"privateIPAddressVersion\": \"IPv4\"\r\n        }\r\n      }\r\n    ],\r\n    \"dnsSettings\": {\r\n      \"dnsServers\": [],\r\n      \"appliedDnsServers\": [],\r\n      \"internalDomainNameSuffix\": \"5kwdvc1nmxxu3pc1pbh1r5f0yd.yx.internal.cloudapp.net\"\r\n    },\r\n    \"macAddress\": \"00-0D-3A-F8-9F-C5\",\r\n    \"enableAcceleratedNetworking\": false,\r\n    \"enableIPForwarding\": false,\r\n    \"primary\": true,\r\n    \"virtualMachine\": {\r\n      \"id\": \"/subscriptions/c549f475-dee8-428c-bb19-829a55e52f77/resourceGroups/rgfluentchash-5439/providers/Microsoft.Compute/virtualMachines/muldvm49d45938\"\r\n    }\r\n  },\r\n  \"type\": \"Microsoft.Network/networkInterfaces\"\r\n}",
      "ResponseHeaders": {
        "Content-Type": [
          "application/json; charset=utf-8"
        ],
        "Expires": [
          "-1"
        ],
        "Cache-Control": [
          "no-cache"
        ],
        "Date": [
          "Thu, 23 Mar 2017 21:50:35 GMT"
        ],
        "Pragma": [
          "no-cache"
        ],
        "Transfer-Encoding": [
          "chunked"
        ],
        "ETag": [
          "W/\"22074cb2-eb36-4c89-9606-d4ab1db21f90\""
        ],
        "Server": [
          "Microsoft-HTTPAPI/2.0",
          "Microsoft-HTTPAPI/2.0"
        ],
        "Vary": [
          "Accept-Encoding"
        ],
        "x-ms-request-id": [
          "a5b733ba-7c1d-496f-9fd3-5cabe784dacb"
        ],
        "Strict-Transport-Security": [
          "max-age=31536000; includeSubDomains"
        ],
        "x-ms-ratelimit-remaining-subscription-reads": [
          "14985"
        ],
        "x-ms-correlation-request-id": [
          "59a207d2-ef60-4762-bbe8-18a8b0bdafe6"
        ],
        "x-ms-routing-request-id": [
          "WESTUS2:20170323T215036Z:59a207d2-ef60-4762-bbe8-18a8b0bdafe6"
        ]
      },
      "StatusCode": 200
    },
    {
      "RequestUri": "/subscriptions/c549f475-dee8-428c-bb19-829a55e52f77/resourceGroups/rgfluentchash-5439/providers/Microsoft.Compute/virtualMachines/muldvm49d45938?api-version=2016-04-30-preview",
      "EncodedRequestUri": "L3N1YnNjcmlwdGlvbnMvYzU0OWY0NzUtZGVlOC00MjhjLWJiMTktODI5YTU1ZTUyZjc3L3Jlc291cmNlR3JvdXBzL3JnZmx1ZW50Y2hhc2gtNTQzOS9wcm92aWRlcnMvTWljcm9zb2Z0LkNvbXB1dGUvdmlydHVhbE1hY2hpbmVzL211bGR2bTQ5ZDQ1OTM4P2FwaS12ZXJzaW9uPTIwMTYtMDQtMzAtcHJldmlldw==",
      "RequestMethod": "PUT",
      "RequestBody": "{\r\n  \"properties\": {\r\n    \"hardwareProfile\": {\r\n      \"vmSize\": \"Standard_D5_v2\"\r\n    },\r\n    \"storageProfile\": {\r\n      \"imageReference\": {\r\n        \"publisher\": \"Canonical\",\r\n        \"offer\": \"UbuntuServer\",\r\n        \"sku\": \"16.04.0-LTS\",\r\n        \"version\": \"latest\"\r\n      },\r\n      \"osDisk\": {\r\n        \"name\": \"muldvm49d45938-os-disk\",\r\n        \"vhd\": {\r\n          \"uri\": \"https://stgcc447357c2b.blob.core.windows.net/vhds/muldvm49d45938-os-disk-67495102-abd0-4422-bc48-ed680487c509.Vhd\"\r\n        },\r\n        \"caching\": \"ReadWrite\",\r\n        \"createOption\": \"fromImage\"\r\n      },\r\n      \"dataDisks\": [\r\n        {\r\n          \"lun\": 0,\r\n          \"name\": \"disk-1\",\r\n          \"vhd\": {\r\n            \"uri\": \"https://stgcc447357c2b.blob.core.windows.net/vhds/muldvm49d45938-data-disk-0-cebcbe39-85e8-4a93-a966-fdbce47d07ab.Vhd\"\r\n          },\r\n          \"caching\": \"ReadWrite\",\r\n          \"createOption\": \"empty\",\r\n          \"diskSizeGB\": 30\r\n        },\r\n        {\r\n          \"lun\": 1,\r\n          \"name\": \"disk-2\",\r\n          \"vhd\": {\r\n            \"uri\": \"https://stgcc447357c2b.blob.core.windows.net/vhds/muldvm49d45938-data-disk-1-1d71ec49-1c66-44d0-ba79-535d0f66b642.Vhd\"\r\n          },\r\n          \"caching\": \"ReadOnly\",\r\n          \"createOption\": \"empty\",\r\n          \"diskSizeGB\": 60\r\n        }\r\n      ]\r\n    },\r\n    \"osProfile\": {\r\n      \"computerName\": \"muldvm49d45938\",\r\n      \"adminUsername\": \"javauser\",\r\n      \"adminPassword\": \"12NewPA$$w0rd!\",\r\n      \"linuxConfiguration\": {\r\n        \"disablePasswordAuthentication\": false\r\n      }\r\n    },\r\n    \"networkProfile\": {\r\n      \"networkInterfaces\": [\r\n        {\r\n          \"properties\": {\r\n            \"primary\": true\r\n          },\r\n          \"id\": \"/subscriptions/c549f475-dee8-428c-bb19-829a55e52f77/resourceGroups/rgfluentchash-5439/providers/Microsoft.Network/networkInterfaces/nic167590ab8e0\"\r\n        }\r\n      ]\r\n    }\r\n  },\r\n  \"location\": \"westcentralus\",\r\n  \"tags\": {}\r\n}",
      "RequestHeaders": {
        "Content-Type": [
          "application/json; charset=utf-8"
        ],
        "Content-Length": [
          "1933"
        ],
        "x-ms-client-request-id": [
          "b6b5e69b-9422-4b1b-8336-1e27f5ce1bad"
        ],
        "accept-language": [
          "en-US"
        ],
        "User-Agent": [
          "FxVersion/4.6.24410.01",
          "Microsoft.Azure.Management.Compute.Fluent.ComputeManagementClient/1.0.0-beta51"
        ]
      },
      "ResponseBody": "{\r\n  \"properties\": {\r\n    \"vmId\": \"cec79dcd-de7b-4dec-a49c-4df75ed09790\",\r\n    \"hardwareProfile\": {\r\n      \"vmSize\": \"Standard_D5_v2\"\r\n    },\r\n    \"storageProfile\": {\r\n      \"imageReference\": {\r\n        \"publisher\": \"Canonical\",\r\n        \"offer\": \"UbuntuServer\",\r\n        \"sku\": \"16.04.0-LTS\",\r\n        \"version\": \"latest\"\r\n      },\r\n      \"osDisk\": {\r\n        \"osType\": \"Linux\",\r\n        \"name\": \"muldvm49d45938-os-disk\",\r\n        \"createOption\": \"FromImage\",\r\n        \"vhd\": {\r\n          \"uri\": \"https://stgcc447357c2b.blob.core.windows.net/vhds/muldvm49d45938-os-disk-67495102-abd0-4422-bc48-ed680487c509.Vhd\"\r\n        },\r\n        \"caching\": \"ReadWrite\"\r\n      },\r\n      \"dataDisks\": [\r\n        {\r\n          \"lun\": 0,\r\n          \"name\": \"disk-1\",\r\n          \"createOption\": \"Empty\",\r\n          \"vhd\": {\r\n            \"uri\": \"https://stgcc447357c2b.blob.core.windows.net/vhds/muldvm49d45938-data-disk-0-cebcbe39-85e8-4a93-a966-fdbce47d07ab.Vhd\"\r\n          },\r\n          \"caching\": \"ReadWrite\",\r\n          \"diskSizeGB\": 30\r\n        },\r\n        {\r\n          \"lun\": 1,\r\n          \"name\": \"disk-2\",\r\n          \"createOption\": \"Empty\",\r\n          \"vhd\": {\r\n            \"uri\": \"https://stgcc447357c2b.blob.core.windows.net/vhds/muldvm49d45938-data-disk-1-1d71ec49-1c66-44d0-ba79-535d0f66b642.Vhd\"\r\n          },\r\n          \"caching\": \"ReadOnly\",\r\n          \"diskSizeGB\": 60\r\n        }\r\n      ]\r\n    },\r\n    \"osProfile\": {\r\n      \"computerName\": \"muldvm49d45938\",\r\n      \"adminUsername\": \"javauser\",\r\n      \"linuxConfiguration\": {\r\n        \"disablePasswordAuthentication\": false\r\n      },\r\n      \"secrets\": []\r\n    },\r\n    \"networkProfile\": {\r\n      \"networkInterfaces\": [\r\n        {\r\n          \"id\": \"/subscriptions/c549f475-dee8-428c-bb19-829a55e52f77/resourceGroups/rgfluentchash-5439/providers/Microsoft.Network/networkInterfaces/nic167590ab8e0\",\r\n          \"properties\": {\r\n            \"primary\": true\r\n          }\r\n        }\r\n      ]\r\n    },\r\n    \"provisioningState\": \"Creating\"\r\n  },\r\n  \"type\": \"Microsoft.Compute/virtualMachines\",\r\n  \"location\": \"westcentralus\",\r\n  \"tags\": {},\r\n  \"id\": \"/subscriptions/c549f475-dee8-428c-bb19-829a55e52f77/resourceGroups/rgfluentchash-5439/providers/Microsoft.Compute/virtualMachines/muldvm49d45938\",\r\n  \"name\": \"muldvm49d45938\"\r\n}",
      "ResponseHeaders": {
        "Content-Length": [
          "2170"
        ],
        "Content-Type": [
          "application/json; charset=utf-8"
        ],
        "Expires": [
          "-1"
        ],
        "Cache-Control": [
          "no-cache"
        ],
        "Date": [
          "Thu, 23 Mar 2017 21:49:05 GMT"
        ],
        "Pragma": [
          "no-cache"
        ],
        "Server": [
          "Microsoft-HTTPAPI/2.0",
          "Microsoft-HTTPAPI/2.0"
        ],
        "Azure-AsyncOperation": [
          "https://management.azure.com/subscriptions/c549f475-dee8-428c-bb19-829a55e52f77/providers/Microsoft.Compute/locations/westcentralus/operations/f2585f25-4c47-44b6-8e57-da55ff0b2f6c?api-version=2016-04-30-preview"
        ],
        "Strict-Transport-Security": [
          "max-age=31536000; includeSubDomains"
        ],
        "x-ms-served-by": [
          "6dfd2de3-86d8-422d-aa06-a2464d5b2b43_131239303828742081"
        ],
        "x-ms-request-id": [
          "f2585f25-4c47-44b6-8e57-da55ff0b2f6c"
        ],
        "x-ms-ratelimit-remaining-subscription-writes": [
          "1197"
        ],
        "x-ms-correlation-request-id": [
          "702318d1-448c-4cae-a6bf-dd45506033af"
        ],
        "x-ms-routing-request-id": [
          "WESTUS2:20170323T214905Z:702318d1-448c-4cae-a6bf-dd45506033af"
        ]
      },
      "StatusCode": 201
    },
    {
      "RequestUri": "/subscriptions/c549f475-dee8-428c-bb19-829a55e52f77/providers/Microsoft.Compute/locations/westcentralus/operations/f2585f25-4c47-44b6-8e57-da55ff0b2f6c?api-version=2016-04-30-preview",
      "EncodedRequestUri": "L3N1YnNjcmlwdGlvbnMvYzU0OWY0NzUtZGVlOC00MjhjLWJiMTktODI5YTU1ZTUyZjc3L3Byb3ZpZGVycy9NaWNyb3NvZnQuQ29tcHV0ZS9sb2NhdGlvbnMvd2VzdGNlbnRyYWx1cy9vcGVyYXRpb25zL2YyNTg1ZjI1LTRjNDctNDRiNi04ZTU3LWRhNTVmZjBiMmY2Yz9hcGktdmVyc2lvbj0yMDE2LTA0LTMwLXByZXZpZXc=",
      "RequestMethod": "GET",
      "RequestBody": "",
      "RequestHeaders": {
        "User-Agent": [
          "FxVersion/4.6.24410.01",
          "Microsoft.Azure.Management.Compute.Fluent.ComputeManagementClient/1.0.0-beta51"
        ]
      },
      "ResponseBody": "{\r\n  \"startTime\": \"2017-03-23T14:49:07.3875061-07:00\",\r\n  \"status\": \"InProgress\",\r\n  \"name\": \"f2585f25-4c47-44b6-8e57-da55ff0b2f6c\"\r\n}",
      "ResponseHeaders": {
        "Content-Type": [
          "application/json; charset=utf-8"
        ],
        "Expires": [
          "-1"
        ],
        "Cache-Control": [
          "no-cache"
        ],
        "Date": [
          "Thu, 23 Mar 2017 21:49:36 GMT"
        ],
        "Pragma": [
          "no-cache"
        ],
        "Transfer-Encoding": [
          "chunked"
        ],
        "Server": [
          "Microsoft-HTTPAPI/2.0",
          "Microsoft-HTTPAPI/2.0"
        ],
        "Vary": [
          "Accept-Encoding"
        ],
        "Strict-Transport-Security": [
          "max-age=31536000; includeSubDomains"
        ],
        "x-ms-served-by": [
          "6dfd2de3-86d8-422d-aa06-a2464d5b2b43_131239303828742081"
        ],
        "x-ms-request-id": [
          "d4e90123-fa55-486c-b3d3-701f1f6b9a20"
        ],
        "x-ms-ratelimit-remaining-subscription-reads": [
          "14989"
        ],
        "x-ms-correlation-request-id": [
          "2902a95c-1a64-43ed-a547-a2521bfb94b7"
        ],
        "x-ms-routing-request-id": [
          "WESTUS2:20170323T214936Z:2902a95c-1a64-43ed-a547-a2521bfb94b7"
        ]
      },
      "StatusCode": 200
    },
    {
      "RequestUri": "/subscriptions/c549f475-dee8-428c-bb19-829a55e52f77/providers/Microsoft.Compute/locations/westcentralus/operations/f2585f25-4c47-44b6-8e57-da55ff0b2f6c?api-version=2016-04-30-preview",
      "EncodedRequestUri": "L3N1YnNjcmlwdGlvbnMvYzU0OWY0NzUtZGVlOC00MjhjLWJiMTktODI5YTU1ZTUyZjc3L3Byb3ZpZGVycy9NaWNyb3NvZnQuQ29tcHV0ZS9sb2NhdGlvbnMvd2VzdGNlbnRyYWx1cy9vcGVyYXRpb25zL2YyNTg1ZjI1LTRjNDctNDRiNi04ZTU3LWRhNTVmZjBiMmY2Yz9hcGktdmVyc2lvbj0yMDE2LTA0LTMwLXByZXZpZXc=",
      "RequestMethod": "GET",
      "RequestBody": "",
      "RequestHeaders": {
        "User-Agent": [
          "FxVersion/4.6.24410.01",
          "Microsoft.Azure.Management.Compute.Fluent.ComputeManagementClient/1.0.0-beta51"
        ]
      },
      "ResponseBody": "{\r\n  \"startTime\": \"2017-03-23T14:49:07.3875061-07:00\",\r\n  \"status\": \"InProgress\",\r\n  \"name\": \"f2585f25-4c47-44b6-8e57-da55ff0b2f6c\"\r\n}",
      "ResponseHeaders": {
        "Content-Type": [
          "application/json; charset=utf-8"
        ],
        "Expires": [
          "-1"
        ],
        "Cache-Control": [
          "no-cache"
        ],
        "Date": [
          "Thu, 23 Mar 2017 21:50:06 GMT"
        ],
        "Pragma": [
          "no-cache"
        ],
        "Transfer-Encoding": [
          "chunked"
        ],
        "Server": [
          "Microsoft-HTTPAPI/2.0",
          "Microsoft-HTTPAPI/2.0"
        ],
        "Vary": [
          "Accept-Encoding"
        ],
        "Strict-Transport-Security": [
          "max-age=31536000; includeSubDomains"
        ],
        "x-ms-served-by": [
          "6dfd2de3-86d8-422d-aa06-a2464d5b2b43_131239303828742081"
        ],
        "x-ms-request-id": [
          "754fd3c5-4ee9-4ee2-9e91-2c308d98a445"
        ],
        "x-ms-ratelimit-remaining-subscription-reads": [
          "14988"
        ],
        "x-ms-correlation-request-id": [
          "cbd725df-0c91-4880-bdc4-985837e93c66"
        ],
        "x-ms-routing-request-id": [
          "WESTUS2:20170323T215006Z:cbd725df-0c91-4880-bdc4-985837e93c66"
        ]
      },
      "StatusCode": 200
    },
    {
      "RequestUri": "/subscriptions/c549f475-dee8-428c-bb19-829a55e52f77/providers/Microsoft.Compute/locations/westcentralus/operations/f2585f25-4c47-44b6-8e57-da55ff0b2f6c?api-version=2016-04-30-preview",
      "EncodedRequestUri": "L3N1YnNjcmlwdGlvbnMvYzU0OWY0NzUtZGVlOC00MjhjLWJiMTktODI5YTU1ZTUyZjc3L3Byb3ZpZGVycy9NaWNyb3NvZnQuQ29tcHV0ZS9sb2NhdGlvbnMvd2VzdGNlbnRyYWx1cy9vcGVyYXRpb25zL2YyNTg1ZjI1LTRjNDctNDRiNi04ZTU3LWRhNTVmZjBiMmY2Yz9hcGktdmVyc2lvbj0yMDE2LTA0LTMwLXByZXZpZXc=",
      "RequestMethod": "GET",
      "RequestBody": "",
      "RequestHeaders": {
        "User-Agent": [
          "FxVersion/4.6.24410.01",
          "Microsoft.Azure.Management.Compute.Fluent.ComputeManagementClient/1.0.0-beta51"
        ]
      },
      "ResponseBody": "{\r\n  \"startTime\": \"2017-03-23T14:49:07.3875061-07:00\",\r\n  \"endTime\": \"2017-03-23T14:50:33.7018895-07:00\",\r\n  \"status\": \"Succeeded\",\r\n  \"name\": \"f2585f25-4c47-44b6-8e57-da55ff0b2f6c\"\r\n}",
      "ResponseHeaders": {
        "Content-Type": [
          "application/json; charset=utf-8"
        ],
        "Expires": [
          "-1"
        ],
        "Cache-Control": [
          "no-cache"
        ],
        "Date": [
          "Thu, 23 Mar 2017 21:50:35 GMT"
        ],
        "Pragma": [
          "no-cache"
        ],
        "Transfer-Encoding": [
          "chunked"
        ],
        "Server": [
          "Microsoft-HTTPAPI/2.0",
          "Microsoft-HTTPAPI/2.0"
        ],
        "Vary": [
          "Accept-Encoding"
        ],
        "Strict-Transport-Security": [
          "max-age=31536000; includeSubDomains"
        ],
        "x-ms-served-by": [
          "6dfd2de3-86d8-422d-aa06-a2464d5b2b43_131239303828742081"
        ],
        "x-ms-request-id": [
          "a82e5d29-9b47-42ed-9add-60ff35aeb2ba"
        ],
        "x-ms-ratelimit-remaining-subscription-reads": [
          "14987"
        ],
        "x-ms-correlation-request-id": [
          "219381ab-0398-4b32-af7d-491f93131700"
        ],
        "x-ms-routing-request-id": [
          "WESTUS2:20170323T215036Z:219381ab-0398-4b32-af7d-491f93131700"
        ]
      },
      "StatusCode": 200
    },
    {
      "RequestUri": "/subscriptions/c549f475-dee8-428c-bb19-829a55e52f77/resourceGroups/rgfluentchash-5439/providers/Microsoft.Compute/virtualMachines/muldvm49d45938?api-version=2016-04-30-preview",
      "EncodedRequestUri": "L3N1YnNjcmlwdGlvbnMvYzU0OWY0NzUtZGVlOC00MjhjLWJiMTktODI5YTU1ZTUyZjc3L3Jlc291cmNlR3JvdXBzL3JnZmx1ZW50Y2hhc2gtNTQzOS9wcm92aWRlcnMvTWljcm9zb2Z0LkNvbXB1dGUvdmlydHVhbE1hY2hpbmVzL211bGR2bTQ5ZDQ1OTM4P2FwaS12ZXJzaW9uPTIwMTYtMDQtMzAtcHJldmlldw==",
      "RequestMethod": "GET",
      "RequestBody": "",
      "RequestHeaders": {
        "User-Agent": [
          "FxVersion/4.6.24410.01",
          "Microsoft.Azure.Management.Compute.Fluent.ComputeManagementClient/1.0.0-beta51"
        ]
      },
      "ResponseBody": "{\r\n  \"properties\": {\r\n    \"vmId\": \"cec79dcd-de7b-4dec-a49c-4df75ed09790\",\r\n    \"hardwareProfile\": {\r\n      \"vmSize\": \"Standard_D5_v2\"\r\n    },\r\n    \"storageProfile\": {\r\n      \"imageReference\": {\r\n        \"publisher\": \"Canonical\",\r\n        \"offer\": \"UbuntuServer\",\r\n        \"sku\": \"16.04.0-LTS\",\r\n        \"version\": \"latest\"\r\n      },\r\n      \"osDisk\": {\r\n        \"osType\": \"Linux\",\r\n        \"name\": \"muldvm49d45938-os-disk\",\r\n        \"createOption\": \"FromImage\",\r\n        \"vhd\": {\r\n          \"uri\": \"https://stgcc447357c2b.blob.core.windows.net/vhds/muldvm49d45938-os-disk-67495102-abd0-4422-bc48-ed680487c509.Vhd\"\r\n        },\r\n        \"caching\": \"ReadWrite\"\r\n      },\r\n      \"dataDisks\": [\r\n        {\r\n          \"lun\": 0,\r\n          \"name\": \"disk-1\",\r\n          \"createOption\": \"Empty\",\r\n          \"vhd\": {\r\n            \"uri\": \"https://stgcc447357c2b.blob.core.windows.net/vhds/muldvm49d45938-data-disk-0-cebcbe39-85e8-4a93-a966-fdbce47d07ab.Vhd\"\r\n          },\r\n          \"caching\": \"ReadWrite\",\r\n          \"diskSizeGB\": 30\r\n        },\r\n        {\r\n          \"lun\": 1,\r\n          \"name\": \"disk-2\",\r\n          \"createOption\": \"Empty\",\r\n          \"vhd\": {\r\n            \"uri\": \"https://stgcc447357c2b.blob.core.windows.net/vhds/muldvm49d45938-data-disk-1-1d71ec49-1c66-44d0-ba79-535d0f66b642.Vhd\"\r\n          },\r\n          \"caching\": \"ReadOnly\",\r\n          \"diskSizeGB\": 60\r\n        }\r\n      ]\r\n    },\r\n    \"osProfile\": {\r\n      \"computerName\": \"muldvm49d45938\",\r\n      \"adminUsername\": \"javauser\",\r\n      \"linuxConfiguration\": {\r\n        \"disablePasswordAuthentication\": false\r\n      },\r\n      \"secrets\": []\r\n    },\r\n    \"networkProfile\": {\r\n      \"networkInterfaces\": [\r\n        {\r\n          \"id\": \"/subscriptions/c549f475-dee8-428c-bb19-829a55e52f77/resourceGroups/rgfluentchash-5439/providers/Microsoft.Network/networkInterfaces/nic167590ab8e0\",\r\n          \"properties\": {\r\n            \"primary\": true\r\n          }\r\n        }\r\n      ]\r\n    },\r\n    \"provisioningState\": \"Succeeded\"\r\n  },\r\n  \"type\": \"Microsoft.Compute/virtualMachines\",\r\n  \"location\": \"westcentralus\",\r\n  \"tags\": {},\r\n  \"id\": \"/subscriptions/c549f475-dee8-428c-bb19-829a55e52f77/resourceGroups/rgfluentchash-5439/providers/Microsoft.Compute/virtualMachines/muldvm49d45938\",\r\n  \"name\": \"muldvm49d45938\"\r\n}",
      "ResponseHeaders": {
        "Content-Type": [
          "application/json; charset=utf-8"
        ],
        "Expires": [
          "-1"
        ],
        "Cache-Control": [
          "no-cache"
        ],
        "Date": [
          "Thu, 23 Mar 2017 21:50:35 GMT"
        ],
        "Pragma": [
          "no-cache"
        ],
        "Transfer-Encoding": [
          "chunked"
        ],
        "Server": [
          "Microsoft-HTTPAPI/2.0",
          "Microsoft-HTTPAPI/2.0"
        ],
        "Vary": [
          "Accept-Encoding"
        ],
        "Strict-Transport-Security": [
          "max-age=31536000; includeSubDomains"
        ],
        "x-ms-served-by": [
          "6dfd2de3-86d8-422d-aa06-a2464d5b2b43_131239303828742081"
        ],
        "x-ms-request-id": [
          "ba41c5d3-b46a-4c04-8aa7-618412d9b018"
        ],
        "x-ms-ratelimit-remaining-subscription-reads": [
          "14986"
        ],
        "x-ms-correlation-request-id": [
          "ebe6294a-e603-44ef-84e9-3a7ae6709b2b"
        ],
        "x-ms-routing-request-id": [
          "WESTUS2:20170323T215036Z:ebe6294a-e603-44ef-84e9-3a7ae6709b2b"
        ]
      },
      "StatusCode": 200
    },
    {
      "RequestUri": "/subscriptions/c549f475-dee8-428c-bb19-829a55e52f77/resourceGroups/rgfluentchash-5439/providers/Microsoft.Compute/virtualMachines/muldvm49d45938/deallocate?api-version=2016-04-30-preview",
      "EncodedRequestUri": "L3N1YnNjcmlwdGlvbnMvYzU0OWY0NzUtZGVlOC00MjhjLWJiMTktODI5YTU1ZTUyZjc3L3Jlc291cmNlR3JvdXBzL3JnZmx1ZW50Y2hhc2gtNTQzOS9wcm92aWRlcnMvTWljcm9zb2Z0LkNvbXB1dGUvdmlydHVhbE1hY2hpbmVzL211bGR2bTQ5ZDQ1OTM4L2RlYWxsb2NhdGU/YXBpLXZlcnNpb249MjAxNi0wNC0zMC1wcmV2aWV3",
      "RequestMethod": "POST",
      "RequestBody": "",
      "RequestHeaders": {
        "x-ms-client-request-id": [
          "f8b8f345-07ab-4483-9529-be75a905a2ee"
        ],
        "accept-language": [
          "en-US"
        ],
        "User-Agent": [
          "FxVersion/4.6.24410.01",
          "Microsoft.Azure.Management.Compute.Fluent.ComputeManagementClient/1.0.0-beta51"
        ]
      },
      "ResponseBody": "",
      "ResponseHeaders": {
        "Content-Length": [
          "0"
        ],
        "Expires": [
          "-1"
        ],
        "Cache-Control": [
          "no-cache"
        ],
        "Date": [
          "Thu, 23 Mar 2017 21:50:38 GMT"
        ],
        "Pragma": [
          "no-cache"
        ],
        "Location": [
          "https://management.azure.com/subscriptions/c549f475-dee8-428c-bb19-829a55e52f77/providers/Microsoft.Compute/locations/westcentralus/operations/a6be9913-7b50-4551-863a-5aa0e2a4df96?monitor=true&api-version=2016-04-30-preview"
        ],
        "Server": [
          "Microsoft-HTTPAPI/2.0",
          "Microsoft-HTTPAPI/2.0"
        ],
        "Azure-AsyncOperation": [
          "https://management.azure.com/subscriptions/c549f475-dee8-428c-bb19-829a55e52f77/providers/Microsoft.Compute/locations/westcentralus/operations/a6be9913-7b50-4551-863a-5aa0e2a4df96?api-version=2016-04-30-preview"
        ],
        "Strict-Transport-Security": [
          "max-age=31536000; includeSubDomains"
        ],
        "x-ms-served-by": [
          "6dfd2de3-86d8-422d-aa06-a2464d5b2b43_131239303828742081"
        ],
        "x-ms-request-id": [
          "a6be9913-7b50-4551-863a-5aa0e2a4df96"
        ],
        "x-ms-ratelimit-remaining-subscription-writes": [
          "1196"
        ],
        "x-ms-correlation-request-id": [
          "f2e77bcc-0585-42e1-9d0d-e708bb7103b4"
        ],
        "x-ms-routing-request-id": [
          "WESTUS2:20170323T215039Z:f2e77bcc-0585-42e1-9d0d-e708bb7103b4"
        ]
      },
      "StatusCode": 202
    },
    {
      "RequestUri": "/subscriptions/c549f475-dee8-428c-bb19-829a55e52f77/providers/Microsoft.Compute/locations/westcentralus/operations/a6be9913-7b50-4551-863a-5aa0e2a4df96?api-version=2016-04-30-preview",
      "EncodedRequestUri": "L3N1YnNjcmlwdGlvbnMvYzU0OWY0NzUtZGVlOC00MjhjLWJiMTktODI5YTU1ZTUyZjc3L3Byb3ZpZGVycy9NaWNyb3NvZnQuQ29tcHV0ZS9sb2NhdGlvbnMvd2VzdGNlbnRyYWx1cy9vcGVyYXRpb25zL2E2YmU5OTEzLTdiNTAtNDU1MS04NjNhLTVhYTBlMmE0ZGY5Nj9hcGktdmVyc2lvbj0yMDE2LTA0LTMwLXByZXZpZXc=",
      "RequestMethod": "GET",
      "RequestBody": "",
      "RequestHeaders": {
        "User-Agent": [
          "FxVersion/4.6.24410.01",
          "Microsoft.Azure.Management.Compute.Fluent.ComputeManagementClient/1.0.0-beta51"
        ]
      },
      "ResponseBody": "{\r\n  \"startTime\": \"2017-03-23T14:50:41.5940734-07:00\",\r\n  \"status\": \"InProgress\",\r\n  \"name\": \"a6be9913-7b50-4551-863a-5aa0e2a4df96\"\r\n}",
      "ResponseHeaders": {
        "Content-Type": [
          "application/json; charset=utf-8"
        ],
        "Expires": [
          "-1"
        ],
        "Cache-Control": [
          "no-cache"
        ],
        "Date": [
          "Thu, 23 Mar 2017 21:51:09 GMT"
        ],
        "Pragma": [
          "no-cache"
        ],
        "Transfer-Encoding": [
          "chunked"
        ],
        "Server": [
          "Microsoft-HTTPAPI/2.0",
          "Microsoft-HTTPAPI/2.0"
        ],
        "Vary": [
          "Accept-Encoding"
        ],
        "Strict-Transport-Security": [
          "max-age=31536000; includeSubDomains"
        ],
        "x-ms-served-by": [
          "6dfd2de3-86d8-422d-aa06-a2464d5b2b43_131239303828742081"
        ],
        "x-ms-request-id": [
          "7568a46b-5298-4a65-9ea0-849b03e03e61"
        ],
        "x-ms-ratelimit-remaining-subscription-reads": [
          "14982"
        ],
        "x-ms-correlation-request-id": [
          "219e49e5-0bd0-4da2-8de5-d934b1acec60"
        ],
        "x-ms-routing-request-id": [
          "WESTUS2:20170323T215109Z:219e49e5-0bd0-4da2-8de5-d934b1acec60"
        ]
      },
      "StatusCode": 200
    },
    {
      "RequestUri": "/subscriptions/c549f475-dee8-428c-bb19-829a55e52f77/providers/Microsoft.Compute/locations/westcentralus/operations/a6be9913-7b50-4551-863a-5aa0e2a4df96?api-version=2016-04-30-preview",
      "EncodedRequestUri": "L3N1YnNjcmlwdGlvbnMvYzU0OWY0NzUtZGVlOC00MjhjLWJiMTktODI5YTU1ZTUyZjc3L3Byb3ZpZGVycy9NaWNyb3NvZnQuQ29tcHV0ZS9sb2NhdGlvbnMvd2VzdGNlbnRyYWx1cy9vcGVyYXRpb25zL2E2YmU5OTEzLTdiNTAtNDU1MS04NjNhLTVhYTBlMmE0ZGY5Nj9hcGktdmVyc2lvbj0yMDE2LTA0LTMwLXByZXZpZXc=",
      "RequestMethod": "GET",
      "RequestBody": "",
      "RequestHeaders": {
        "User-Agent": [
          "FxVersion/4.6.24410.01",
          "Microsoft.Azure.Management.Compute.Fluent.ComputeManagementClient/1.0.0-beta51"
        ]
      },
      "ResponseBody": "{\r\n  \"startTime\": \"2017-03-23T14:50:41.5940734-07:00\",\r\n  \"status\": \"InProgress\",\r\n  \"name\": \"a6be9913-7b50-4551-863a-5aa0e2a4df96\"\r\n}",
      "ResponseHeaders": {
        "Content-Type": [
          "application/json; charset=utf-8"
        ],
        "Expires": [
          "-1"
        ],
        "Cache-Control": [
          "no-cache"
        ],
        "Date": [
          "Thu, 23 Mar 2017 21:51:39 GMT"
        ],
        "Pragma": [
          "no-cache"
        ],
        "Transfer-Encoding": [
          "chunked"
        ],
        "Server": [
          "Microsoft-HTTPAPI/2.0",
          "Microsoft-HTTPAPI/2.0"
        ],
        "Vary": [
          "Accept-Encoding"
        ],
        "Strict-Transport-Security": [
          "max-age=31536000; includeSubDomains"
        ],
        "x-ms-served-by": [
          "6dfd2de3-86d8-422d-aa06-a2464d5b2b43_131239303828742081"
        ],
        "x-ms-request-id": [
          "8d55bb44-a63b-4689-8cd0-fa3f49f799f1"
        ],
        "x-ms-ratelimit-remaining-subscription-reads": [
          "14981"
        ],
        "x-ms-correlation-request-id": [
          "49d6b51e-f031-4ef6-b5d6-6d5d8b166200"
        ],
        "x-ms-routing-request-id": [
          "WESTUS2:20170323T215140Z:49d6b51e-f031-4ef6-b5d6-6d5d8b166200"
        ]
      },
      "StatusCode": 200
    },
    {
      "RequestUri": "/subscriptions/c549f475-dee8-428c-bb19-829a55e52f77/providers/Microsoft.Compute/locations/westcentralus/operations/a6be9913-7b50-4551-863a-5aa0e2a4df96?api-version=2016-04-30-preview",
      "EncodedRequestUri": "L3N1YnNjcmlwdGlvbnMvYzU0OWY0NzUtZGVlOC00MjhjLWJiMTktODI5YTU1ZTUyZjc3L3Byb3ZpZGVycy9NaWNyb3NvZnQuQ29tcHV0ZS9sb2NhdGlvbnMvd2VzdGNlbnRyYWx1cy9vcGVyYXRpb25zL2E2YmU5OTEzLTdiNTAtNDU1MS04NjNhLTVhYTBlMmE0ZGY5Nj9hcGktdmVyc2lvbj0yMDE2LTA0LTMwLXByZXZpZXc=",
      "RequestMethod": "GET",
      "RequestBody": "",
      "RequestHeaders": {
        "User-Agent": [
          "FxVersion/4.6.24410.01",
          "Microsoft.Azure.Management.Compute.Fluent.ComputeManagementClient/1.0.0-beta51"
        ]
      },
      "ResponseBody": "{\r\n  \"startTime\": \"2017-03-23T14:50:41.5940734-07:00\",\r\n  \"status\": \"InProgress\",\r\n  \"name\": \"a6be9913-7b50-4551-863a-5aa0e2a4df96\"\r\n}",
      "ResponseHeaders": {
        "Content-Type": [
          "application/json; charset=utf-8"
        ],
        "Expires": [
          "-1"
        ],
        "Cache-Control": [
          "no-cache"
        ],
        "Date": [
          "Thu, 23 Mar 2017 21:52:10 GMT"
        ],
        "Pragma": [
          "no-cache"
        ],
        "Transfer-Encoding": [
          "chunked"
        ],
        "Server": [
          "Microsoft-HTTPAPI/2.0",
          "Microsoft-HTTPAPI/2.0"
        ],
        "Vary": [
          "Accept-Encoding"
        ],
        "Strict-Transport-Security": [
          "max-age=31536000; includeSubDomains"
        ],
        "x-ms-served-by": [
          "6dfd2de3-86d8-422d-aa06-a2464d5b2b43_131239303828742081"
        ],
        "x-ms-request-id": [
          "0774a1e5-3292-442d-8de0-46b72dbcaa39"
        ],
        "x-ms-ratelimit-remaining-subscription-reads": [
          "14980"
        ],
        "x-ms-correlation-request-id": [
          "f7abc00d-a1ef-4bbe-99f9-dfa0e1cd2be3"
        ],
        "x-ms-routing-request-id": [
          "WESTUS2:20170323T215210Z:f7abc00d-a1ef-4bbe-99f9-dfa0e1cd2be3"
        ]
      },
      "StatusCode": 200
    },
    {
      "RequestUri": "/subscriptions/c549f475-dee8-428c-bb19-829a55e52f77/providers/Microsoft.Compute/locations/westcentralus/operations/a6be9913-7b50-4551-863a-5aa0e2a4df96?api-version=2016-04-30-preview",
      "EncodedRequestUri": "L3N1YnNjcmlwdGlvbnMvYzU0OWY0NzUtZGVlOC00MjhjLWJiMTktODI5YTU1ZTUyZjc3L3Byb3ZpZGVycy9NaWNyb3NvZnQuQ29tcHV0ZS9sb2NhdGlvbnMvd2VzdGNlbnRyYWx1cy9vcGVyYXRpb25zL2E2YmU5OTEzLTdiNTAtNDU1MS04NjNhLTVhYTBlMmE0ZGY5Nj9hcGktdmVyc2lvbj0yMDE2LTA0LTMwLXByZXZpZXc=",
      "RequestMethod": "GET",
      "RequestBody": "",
      "RequestHeaders": {
        "User-Agent": [
          "FxVersion/4.6.24410.01",
          "Microsoft.Azure.Management.Compute.Fluent.ComputeManagementClient/1.0.0-beta51"
        ]
      },
      "ResponseBody": "{\r\n  \"startTime\": \"2017-03-23T14:50:41.5940734-07:00\",\r\n  \"status\": \"InProgress\",\r\n  \"name\": \"a6be9913-7b50-4551-863a-5aa0e2a4df96\"\r\n}",
      "ResponseHeaders": {
        "Content-Type": [
          "application/json; charset=utf-8"
        ],
        "Expires": [
          "-1"
        ],
        "Cache-Control": [
          "no-cache"
        ],
        "Date": [
          "Thu, 23 Mar 2017 21:52:39 GMT"
        ],
        "Pragma": [
          "no-cache"
        ],
        "Transfer-Encoding": [
          "chunked"
        ],
        "Server": [
          "Microsoft-HTTPAPI/2.0",
          "Microsoft-HTTPAPI/2.0"
        ],
        "Vary": [
          "Accept-Encoding"
        ],
        "Strict-Transport-Security": [
          "max-age=31536000; includeSubDomains"
        ],
        "x-ms-served-by": [
          "6dfd2de3-86d8-422d-aa06-a2464d5b2b43_131239303828742081"
        ],
        "x-ms-request-id": [
          "fe0ec0f8-d3de-459e-96f1-3ad88e1cd0d2"
        ],
        "x-ms-ratelimit-remaining-subscription-reads": [
          "14978"
        ],
        "x-ms-correlation-request-id": [
          "9b75f2db-802b-490f-ad01-3445dae50929"
        ],
        "x-ms-routing-request-id": [
          "WESTUS2:20170323T215240Z:9b75f2db-802b-490f-ad01-3445dae50929"
        ]
      },
      "StatusCode": 200
    },
    {
      "RequestUri": "/subscriptions/c549f475-dee8-428c-bb19-829a55e52f77/providers/Microsoft.Compute/locations/westcentralus/operations/a6be9913-7b50-4551-863a-5aa0e2a4df96?api-version=2016-04-30-preview",
      "EncodedRequestUri": "L3N1YnNjcmlwdGlvbnMvYzU0OWY0NzUtZGVlOC00MjhjLWJiMTktODI5YTU1ZTUyZjc3L3Byb3ZpZGVycy9NaWNyb3NvZnQuQ29tcHV0ZS9sb2NhdGlvbnMvd2VzdGNlbnRyYWx1cy9vcGVyYXRpb25zL2E2YmU5OTEzLTdiNTAtNDU1MS04NjNhLTVhYTBlMmE0ZGY5Nj9hcGktdmVyc2lvbj0yMDE2LTA0LTMwLXByZXZpZXc=",
      "RequestMethod": "GET",
      "RequestBody": "",
      "RequestHeaders": {
        "User-Agent": [
          "FxVersion/4.6.24410.01",
          "Microsoft.Azure.Management.Compute.Fluent.ComputeManagementClient/1.0.0-beta51"
        ]
      },
      "ResponseBody": "{\r\n  \"startTime\": \"2017-03-23T14:50:41.5940734-07:00\",\r\n  \"endTime\": \"2017-03-23T14:52:42.9948964-07:00\",\r\n  \"status\": \"Succeeded\",\r\n  \"name\": \"a6be9913-7b50-4551-863a-5aa0e2a4df96\"\r\n}",
      "ResponseHeaders": {
        "Content-Type": [
          "application/json; charset=utf-8"
        ],
        "Expires": [
          "-1"
        ],
        "Cache-Control": [
          "no-cache"
        ],
        "Date": [
          "Thu, 23 Mar 2017 21:53:09 GMT"
        ],
        "Pragma": [
          "no-cache"
        ],
        "Transfer-Encoding": [
          "chunked"
        ],
        "Server": [
          "Microsoft-HTTPAPI/2.0",
          "Microsoft-HTTPAPI/2.0"
        ],
        "Vary": [
          "Accept-Encoding"
        ],
        "Strict-Transport-Security": [
          "max-age=31536000; includeSubDomains"
        ],
        "x-ms-served-by": [
          "6dfd2de3-86d8-422d-aa06-a2464d5b2b43_131239303828742081"
        ],
        "x-ms-request-id": [
          "e62183d8-c850-4624-a05d-a376ee632340"
        ],
        "x-ms-ratelimit-remaining-subscription-reads": [
          "14977"
        ],
        "x-ms-correlation-request-id": [
          "7abd13cb-cfb9-43d4-9817-83b4b10d1f26"
        ],
        "x-ms-routing-request-id": [
          "WESTUS2:20170323T215310Z:7abd13cb-cfb9-43d4-9817-83b4b10d1f26"
        ]
      },
      "StatusCode": 200
    },
    {
      "RequestUri": "/subscriptions/c549f475-dee8-428c-bb19-829a55e52f77/resourceGroups/rgfluentchash-5439/providers/Microsoft.Compute/virtualMachines/muldvm49d45938/generalize?api-version=2016-04-30-preview",
      "EncodedRequestUri": "L3N1YnNjcmlwdGlvbnMvYzU0OWY0NzUtZGVlOC00MjhjLWJiMTktODI5YTU1ZTUyZjc3L3Jlc291cmNlR3JvdXBzL3JnZmx1ZW50Y2hhc2gtNTQzOS9wcm92aWRlcnMvTWljcm9zb2Z0LkNvbXB1dGUvdmlydHVhbE1hY2hpbmVzL211bGR2bTQ5ZDQ1OTM4L2dlbmVyYWxpemU/YXBpLXZlcnNpb249MjAxNi0wNC0zMC1wcmV2aWV3",
      "RequestMethod": "POST",
      "RequestBody": "",
      "RequestHeaders": {
        "x-ms-client-request-id": [
          "c8150343-07ec-4a12-a969-2d37d6bfe9bd"
        ],
        "accept-language": [
          "en-US"
        ],
        "User-Agent": [
          "FxVersion/4.6.24410.01",
          "Microsoft.Azure.Management.Compute.Fluent.ComputeManagementClient/1.0.0-beta51"
        ]
      },
      "ResponseBody": "",
      "ResponseHeaders": {
        "Content-Length": [
          "0"
        ],
        "Expires": [
          "-1"
        ],
        "Cache-Control": [
          "no-cache"
        ],
        "Date": [
          "Thu, 23 Mar 2017 21:53:09 GMT"
        ],
        "Pragma": [
          "no-cache"
        ],
        "Server": [
          "Microsoft-HTTPAPI/2.0",
          "Microsoft-HTTPAPI/2.0"
        ],
        "Strict-Transport-Security": [
          "max-age=31536000; includeSubDomains"
        ],
        "x-ms-served-by": [
          "6dfd2de3-86d8-422d-aa06-a2464d5b2b43_131239303828742081"
        ],
        "x-ms-request-id": [
          "cdc71405-5b5e-4f81-946d-4a2b770a4b94"
        ],
        "x-ms-ratelimit-remaining-subscription-writes": [
          "1195"
        ],
        "x-ms-correlation-request-id": [
          "03ea1201-07b9-4e17-b900-0a43137b93e2"
        ],
        "x-ms-routing-request-id": [
          "WESTUS2:20170323T215310Z:03ea1201-07b9-4e17-b900-0a43137b93e2"
        ]
      },
      "StatusCode": 200
    },
    {
      "RequestUri": "/subscriptions/c549f475-dee8-428c-bb19-829a55e52f77/resourceGroups/rgfluentchash-5439/providers/Microsoft.Compute/images/img55a98939fe77?api-version=2016-04-30-preview",
      "EncodedRequestUri": "L3N1YnNjcmlwdGlvbnMvYzU0OWY0NzUtZGVlOC00MjhjLWJiMTktODI5YTU1ZTUyZjc3L3Jlc291cmNlR3JvdXBzL3JnZmx1ZW50Y2hhc2gtNTQzOS9wcm92aWRlcnMvTWljcm9zb2Z0LkNvbXB1dGUvaW1hZ2VzL2ltZzU1YTk4OTM5ZmU3Nz9hcGktdmVyc2lvbj0yMDE2LTA0LTMwLXByZXZpZXc=",
      "RequestMethod": "PUT",
      "RequestBody": "{\r\n  \"properties\": {\r\n    \"storageProfile\": {\r\n      \"osDisk\": {\r\n        \"osType\": \"Linux\",\r\n        \"osState\": \"Generalized\",\r\n        \"blobUri\": \"https://stgcc447357c2b.blob.core.windows.net/vhds/muldvm49d45938-os-disk-67495102-abd0-4422-bc48-ed680487c509.Vhd\",\r\n        \"caching\": \"ReadWrite\"\r\n      },\r\n      \"dataDisks\": [\r\n        {\r\n          \"lun\": 0,\r\n          \"blobUri\": \"https://stgcc447357c2b.blob.core.windows.net/vhds/muldvm49d45938-data-disk-0-cebcbe39-85e8-4a93-a966-fdbce47d07ab.Vhd\",\r\n          \"caching\": \"ReadWrite\",\r\n          \"diskSizeGB\": 40\r\n        },\r\n        {\r\n          \"lun\": 1,\r\n          \"blobUri\": \"https://stgcc447357c2b.blob.core.windows.net/vhds/muldvm49d45938-data-disk-1-1d71ec49-1c66-44d0-ba79-535d0f66b642.Vhd\",\r\n          \"caching\": \"ReadOnly\",\r\n          \"diskSizeGB\": 70\r\n        }\r\n      ]\r\n    }\r\n  },\r\n  \"location\": \"westcentralus\",\r\n  \"tags\": {}\r\n}",
      "RequestHeaders": {
        "Content-Type": [
          "application/json; charset=utf-8"
        ],
        "Content-Length": [
          "897"
        ],
        "x-ms-client-request-id": [
          "a96d83e6-a88f-4484-8ff3-fced0f75d285"
        ],
        "accept-language": [
          "en-US"
        ],
        "User-Agent": [
          "FxVersion/4.6.24410.01",
          "Microsoft.Azure.Management.Compute.Fluent.ComputeManagementClient/1.0.0-beta51"
        ]
      },
      "ResponseBody": "{\r\n  \"properties\": {\r\n    \"storageProfile\": {\r\n      \"osDisk\": {\r\n        \"osType\": \"Linux\",\r\n        \"osState\": \"Generalized\",\r\n        \"blobUri\": \"https://stgcc447357c2b.blob.core.windows.net/vhds/muldvm49d45938-os-disk-67495102-abd0-4422-bc48-ed680487c509.Vhd\",\r\n        \"caching\": \"ReadWrite\"\r\n      },\r\n      \"dataDisks\": [\r\n        {\r\n          \"lun\": 0,\r\n          \"diskSizeGB\": 40,\r\n          \"blobUri\": \"https://stgcc447357c2b.blob.core.windows.net/vhds/muldvm49d45938-data-disk-0-cebcbe39-85e8-4a93-a966-fdbce47d07ab.Vhd\",\r\n          \"caching\": \"ReadWrite\"\r\n        },\r\n        {\r\n          \"lun\": 1,\r\n          \"diskSizeGB\": 70,\r\n          \"blobUri\": \"https://stgcc447357c2b.blob.core.windows.net/vhds/muldvm49d45938-data-disk-1-1d71ec49-1c66-44d0-ba79-535d0f66b642.Vhd\",\r\n          \"caching\": \"ReadOnly\"\r\n        }\r\n      ]\r\n    },\r\n    \"provisioningState\": \"Creating\"\r\n  },\r\n  \"type\": \"Microsoft.Compute/images\",\r\n  \"location\": \"westcentralus\",\r\n  \"tags\": {},\r\n  \"id\": \"/subscriptions/c549f475-dee8-428c-bb19-829a55e52f77/resourceGroups/rgfluentchash-5439/providers/Microsoft.Compute/images/img55a98939fe77\",\r\n  \"name\": \"img55a98939fe77\"\r\n}",
      "ResponseHeaders": {
        "Content-Length": [
          "1153"
        ],
        "Content-Type": [
          "application/json; charset=utf-8"
        ],
        "Expires": [
          "-1"
        ],
        "Cache-Control": [
          "no-cache"
        ],
        "Date": [
          "Thu, 23 Mar 2017 21:53:10 GMT"
        ],
        "Pragma": [
          "no-cache"
        ],
        "Server": [
          "Microsoft-HTTPAPI/2.0",
          "Microsoft-HTTPAPI/2.0"
        ],
        "Azure-AsyncOperation": [
          "https://management.azure.com/subscriptions/c549f475-dee8-428c-bb19-829a55e52f77/providers/Microsoft.Compute/locations/westcentralus/operations/d5855734-bea4-4ea2-9539-91aea25a2a19?api-version=2016-04-30-preview"
        ],
        "Strict-Transport-Security": [
          "max-age=31536000; includeSubDomains"
        ],
        "x-ms-served-by": [
          "6dfd2de3-86d8-422d-aa06-a2464d5b2b43_131239303828742081"
        ],
        "x-ms-request-id": [
          "d5855734-bea4-4ea2-9539-91aea25a2a19"
        ],
        "x-ms-ratelimit-remaining-subscription-writes": [
          "1193"
        ],
        "x-ms-correlation-request-id": [
          "821cf381-64da-47bf-855a-e72581d1a07f"
        ],
        "x-ms-routing-request-id": [
          "WESTUS2:20170323T215311Z:821cf381-64da-47bf-855a-e72581d1a07f"
        ]
      },
      "StatusCode": 201
    },
    {
      "RequestUri": "/subscriptions/c549f475-dee8-428c-bb19-829a55e52f77/providers/Microsoft.Compute/locations/westcentralus/operations/d5855734-bea4-4ea2-9539-91aea25a2a19?api-version=2016-04-30-preview",
      "EncodedRequestUri": "L3N1YnNjcmlwdGlvbnMvYzU0OWY0NzUtZGVlOC00MjhjLWJiMTktODI5YTU1ZTUyZjc3L3Byb3ZpZGVycy9NaWNyb3NvZnQuQ29tcHV0ZS9sb2NhdGlvbnMvd2VzdGNlbnRyYWx1cy9vcGVyYXRpb25zL2Q1ODU1NzM0LWJlYTQtNGVhMi05NTM5LTkxYWVhMjVhMmExOT9hcGktdmVyc2lvbj0yMDE2LTA0LTMwLXByZXZpZXc=",
      "RequestMethod": "GET",
      "RequestBody": "",
      "RequestHeaders": {
        "User-Agent": [
          "FxVersion/4.6.24410.01",
          "Microsoft.Azure.Management.Compute.Fluent.ComputeManagementClient/1.0.0-beta51"
        ]
      },
      "ResponseBody": "{\r\n  \"startTime\": \"2017-03-23T14:53:13.2037991-07:00\",\r\n  \"endTime\": \"2017-03-23T14:53:28.3473533-07:00\",\r\n  \"status\": \"Succeeded\",\r\n  \"name\": \"d5855734-bea4-4ea2-9539-91aea25a2a19\"\r\n}",
      "ResponseHeaders": {
        "Content-Type": [
          "application/json; charset=utf-8"
        ],
        "Expires": [
          "-1"
        ],
        "Cache-Control": [
          "no-cache"
        ],
        "Date": [
          "Thu, 23 Mar 2017 21:53:41 GMT"
        ],
        "Pragma": [
          "no-cache"
        ],
        "Transfer-Encoding": [
          "chunked"
        ],
        "Server": [
          "Microsoft-HTTPAPI/2.0",
          "Microsoft-HTTPAPI/2.0"
        ],
        "Vary": [
          "Accept-Encoding"
        ],
        "Strict-Transport-Security": [
          "max-age=31536000; includeSubDomains"
        ],
        "x-ms-served-by": [
          "6dfd2de3-86d8-422d-aa06-a2464d5b2b43_131239303828742081"
        ],
        "x-ms-request-id": [
          "d15f4c51-16a8-48f4-baaa-2d954700fc03"
        ],
        "x-ms-ratelimit-remaining-subscription-reads": [
          "14975"
        ],
        "x-ms-correlation-request-id": [
          "7eb210c6-afc4-400c-bab5-055456619c45"
        ],
        "x-ms-routing-request-id": [
          "WESTUS2:20170323T215341Z:7eb210c6-afc4-400c-bab5-055456619c45"
        ]
      },
      "StatusCode": 200
    },
    {
      "RequestUri": "/subscriptions/c549f475-dee8-428c-bb19-829a55e52f77/resourceGroups/rgfluentchash-5439/providers/Microsoft.Compute/images/img55a98939fe77?api-version=2016-04-30-preview",
      "EncodedRequestUri": "L3N1YnNjcmlwdGlvbnMvYzU0OWY0NzUtZGVlOC00MjhjLWJiMTktODI5YTU1ZTUyZjc3L3Jlc291cmNlR3JvdXBzL3JnZmx1ZW50Y2hhc2gtNTQzOS9wcm92aWRlcnMvTWljcm9zb2Z0LkNvbXB1dGUvaW1hZ2VzL2ltZzU1YTk4OTM5ZmU3Nz9hcGktdmVyc2lvbj0yMDE2LTA0LTMwLXByZXZpZXc=",
      "RequestMethod": "GET",
      "RequestBody": "",
      "RequestHeaders": {
        "User-Agent": [
          "FxVersion/4.6.24410.01",
          "Microsoft.Azure.Management.Compute.Fluent.ComputeManagementClient/1.0.0-beta51"
        ]
      },
      "ResponseBody": "{\r\n  \"properties\": {\r\n    \"storageProfile\": {\r\n      \"osDisk\": {\r\n        \"osType\": \"Linux\",\r\n        \"osState\": \"Generalized\",\r\n        \"blobUri\": \"https://stgcc447357c2b.blob.core.windows.net/vhds/muldvm49d45938-os-disk-67495102-abd0-4422-bc48-ed680487c509.Vhd\",\r\n        \"caching\": \"ReadWrite\"\r\n      },\r\n      \"dataDisks\": [\r\n        {\r\n          \"lun\": 0,\r\n          \"diskSizeGB\": 40,\r\n          \"blobUri\": \"https://stgcc447357c2b.blob.core.windows.net/vhds/muldvm49d45938-data-disk-0-cebcbe39-85e8-4a93-a966-fdbce47d07ab.Vhd\",\r\n          \"caching\": \"ReadWrite\"\r\n        },\r\n        {\r\n          \"lun\": 1,\r\n          \"diskSizeGB\": 70,\r\n          \"blobUri\": \"https://stgcc447357c2b.blob.core.windows.net/vhds/muldvm49d45938-data-disk-1-1d71ec49-1c66-44d0-ba79-535d0f66b642.Vhd\",\r\n          \"caching\": \"ReadOnly\"\r\n        }\r\n      ]\r\n    },\r\n    \"provisioningState\": \"Succeeded\"\r\n  },\r\n  \"type\": \"Microsoft.Compute/images\",\r\n  \"location\": \"westcentralus\",\r\n  \"tags\": {},\r\n  \"id\": \"/subscriptions/c549f475-dee8-428c-bb19-829a55e52f77/resourceGroups/rgfluentchash-5439/providers/Microsoft.Compute/images/img55a98939fe77\",\r\n  \"name\": \"img55a98939fe77\"\r\n}",
      "ResponseHeaders": {
        "Content-Type": [
          "application/json; charset=utf-8"
        ],
        "Expires": [
          "-1"
        ],
        "Cache-Control": [
          "no-cache"
        ],
        "Date": [
          "Thu, 23 Mar 2017 21:53:41 GMT"
        ],
        "Pragma": [
          "no-cache"
        ],
        "Transfer-Encoding": [
          "chunked"
        ],
        "Server": [
          "Microsoft-HTTPAPI/2.0",
          "Microsoft-HTTPAPI/2.0"
        ],
        "Vary": [
          "Accept-Encoding"
        ],
        "Strict-Transport-Security": [
          "max-age=31536000; includeSubDomains"
        ],
        "x-ms-served-by": [
          "6dfd2de3-86d8-422d-aa06-a2464d5b2b43_131239303828742081"
        ],
        "x-ms-request-id": [
          "197d1fd1-d695-4dd7-b330-0a7cacecedf9"
        ],
        "x-ms-ratelimit-remaining-subscription-reads": [
          "14974"
        ],
        "x-ms-correlation-request-id": [
          "c658e937-7fa2-4275-acf0-695f707b9520"
        ],
        "x-ms-routing-request-id": [
          "WESTUS2:20170323T215341Z:c658e937-7fa2-4275-acf0-695f707b9520"
        ]
      },
      "StatusCode": 200
    },
    {
      "RequestUri": "/subscriptions/c549f475-dee8-428c-bb19-829a55e52f77/resourceGroups/rgfluentchash-5439/providers/Microsoft.Compute/images/img55a98939fe77?api-version=2016-04-30-preview",
      "EncodedRequestUri": "L3N1YnNjcmlwdGlvbnMvYzU0OWY0NzUtZGVlOC00MjhjLWJiMTktODI5YTU1ZTUyZjc3L3Jlc291cmNlR3JvdXBzL3JnZmx1ZW50Y2hhc2gtNTQzOS9wcm92aWRlcnMvTWljcm9zb2Z0LkNvbXB1dGUvaW1hZ2VzL2ltZzU1YTk4OTM5ZmU3Nz9hcGktdmVyc2lvbj0yMDE2LTA0LTMwLXByZXZpZXc=",
      "RequestMethod": "GET",
      "RequestBody": "",
      "RequestHeaders": {
        "x-ms-client-request-id": [
          "71e04faf-6b0d-4b8a-bbd7-6abc6af4a582"
        ],
        "accept-language": [
          "en-US"
        ],
        "User-Agent": [
          "FxVersion/4.6.24410.01",
          "Microsoft.Azure.Management.Compute.Fluent.ComputeManagementClient/1.0.0-beta51"
        ]
      },
      "ResponseBody": "{\r\n  \"properties\": {\r\n    \"storageProfile\": {\r\n      \"osDisk\": {\r\n        \"osType\": \"Linux\",\r\n        \"osState\": \"Generalized\",\r\n        \"blobUri\": \"https://stgcc447357c2b.blob.core.windows.net/vhds/muldvm49d45938-os-disk-67495102-abd0-4422-bc48-ed680487c509.Vhd\",\r\n        \"caching\": \"ReadWrite\"\r\n      },\r\n      \"dataDisks\": [\r\n        {\r\n          \"lun\": 0,\r\n          \"diskSizeGB\": 40,\r\n          \"blobUri\": \"https://stgcc447357c2b.blob.core.windows.net/vhds/muldvm49d45938-data-disk-0-cebcbe39-85e8-4a93-a966-fdbce47d07ab.Vhd\",\r\n          \"caching\": \"ReadWrite\"\r\n        },\r\n        {\r\n          \"lun\": 1,\r\n          \"diskSizeGB\": 70,\r\n          \"blobUri\": \"https://stgcc447357c2b.blob.core.windows.net/vhds/muldvm49d45938-data-disk-1-1d71ec49-1c66-44d0-ba79-535d0f66b642.Vhd\",\r\n          \"caching\": \"ReadOnly\"\r\n        }\r\n      ]\r\n    },\r\n    \"provisioningState\": \"Succeeded\"\r\n  },\r\n  \"type\": \"Microsoft.Compute/images\",\r\n  \"location\": \"westcentralus\",\r\n  \"tags\": {},\r\n  \"id\": \"/subscriptions/c549f475-dee8-428c-bb19-829a55e52f77/resourceGroups/rgfluentchash-5439/providers/Microsoft.Compute/images/img55a98939fe77\",\r\n  \"name\": \"img55a98939fe77\"\r\n}",
      "ResponseHeaders": {
        "Content-Type": [
          "application/json; charset=utf-8"
        ],
        "Expires": [
          "-1"
        ],
        "Cache-Control": [
          "no-cache"
        ],
        "Date": [
          "Thu, 23 Mar 2017 21:53:41 GMT"
        ],
        "Pragma": [
          "no-cache"
        ],
        "Transfer-Encoding": [
          "chunked"
        ],
        "Server": [
          "Microsoft-HTTPAPI/2.0",
          "Microsoft-HTTPAPI/2.0"
        ],
        "Vary": [
          "Accept-Encoding"
        ],
        "Strict-Transport-Security": [
          "max-age=31536000; includeSubDomains"
        ],
        "x-ms-served-by": [
          "6dfd2de3-86d8-422d-aa06-a2464d5b2b43_131239303828742081"
        ],
        "x-ms-request-id": [
          "65035719-0a0e-430f-a1f2-e56107f738a6"
        ],
        "x-ms-ratelimit-remaining-subscription-reads": [
          "14973"
        ],
        "x-ms-correlation-request-id": [
          "2443e1b8-efd8-4842-a5d3-23a0a85db01d"
        ],
        "x-ms-routing-request-id": [
          "WESTUS2:20170323T215341Z:2443e1b8-efd8-4842-a5d3-23a0a85db01d"
        ]
      },
      "StatusCode": 200
    },
    {
      "RequestUri": "/subscriptions/c549f475-dee8-428c-bb19-829a55e52f77/resourceGroups/rgfluentchash-5439/providers/Microsoft.Compute/images?api-version=2016-04-30-preview",
      "EncodedRequestUri": "L3N1YnNjcmlwdGlvbnMvYzU0OWY0NzUtZGVlOC00MjhjLWJiMTktODI5YTU1ZTUyZjc3L3Jlc291cmNlR3JvdXBzL3JnZmx1ZW50Y2hhc2gtNTQzOS9wcm92aWRlcnMvTWljcm9zb2Z0LkNvbXB1dGUvaW1hZ2VzP2FwaS12ZXJzaW9uPTIwMTYtMDQtMzAtcHJldmlldw==",
      "RequestMethod": "GET",
      "RequestBody": "",
      "RequestHeaders": {
        "x-ms-client-request-id": [
          "689d225b-6337-49ea-a0a4-7690fea109d6"
        ],
        "accept-language": [
          "en-US"
        ],
        "User-Agent": [
          "FxVersion/4.6.24410.01",
          "Microsoft.Azure.Management.Compute.Fluent.ComputeManagementClient/1.0.0-beta51"
        ]
      },
      "ResponseBody": "{\r\n  \"value\": [\r\n    {\r\n      \"properties\": {\r\n        \"storageProfile\": {\r\n          \"osDisk\": {\r\n            \"osType\": \"Linux\",\r\n            \"osState\": \"Generalized\",\r\n            \"blobUri\": \"https://stgcc447357c2b.blob.core.windows.net/vhds/muldvm49d45938-os-disk-67495102-abd0-4422-bc48-ed680487c509.Vhd\",\r\n            \"caching\": \"ReadWrite\"\r\n          },\r\n          \"dataDisks\": [\r\n            {\r\n              \"lun\": 0,\r\n              \"diskSizeGB\": 40,\r\n              \"blobUri\": \"https://stgcc447357c2b.blob.core.windows.net/vhds/muldvm49d45938-data-disk-0-cebcbe39-85e8-4a93-a966-fdbce47d07ab.Vhd\",\r\n              \"caching\": \"ReadWrite\"\r\n            },\r\n            {\r\n              \"lun\": 1,\r\n              \"diskSizeGB\": 70,\r\n              \"blobUri\": \"https://stgcc447357c2b.blob.core.windows.net/vhds/muldvm49d45938-data-disk-1-1d71ec49-1c66-44d0-ba79-535d0f66b642.Vhd\",\r\n              \"caching\": \"ReadOnly\"\r\n            }\r\n          ]\r\n        },\r\n        \"provisioningState\": \"Succeeded\"\r\n      },\r\n      \"type\": \"Microsoft.Compute/images\",\r\n      \"location\": \"westcentralus\",\r\n      \"tags\": {},\r\n      \"id\": \"/subscriptions/c549f475-dee8-428c-bb19-829a55e52f77/resourceGroups/rgfluentchash-5439/providers/Microsoft.Compute/images/img55a98939fe77\",\r\n      \"name\": \"img55a98939fe77\"\r\n    }\r\n  ]\r\n}",
      "ResponseHeaders": {
        "Content-Type": [
          "application/json; charset=utf-8"
        ],
        "Expires": [
          "-1"
        ],
        "Cache-Control": [
          "no-cache"
        ],
        "Date": [
          "Thu, 23 Mar 2017 21:53:41 GMT"
        ],
        "Pragma": [
          "no-cache"
        ],
        "Transfer-Encoding": [
          "chunked"
        ],
        "Server": [
          "Microsoft-HTTPAPI/2.0",
          "Microsoft-HTTPAPI/2.0"
        ],
        "Vary": [
          "Accept-Encoding"
        ],
        "Strict-Transport-Security": [
          "max-age=31536000; includeSubDomains"
        ],
        "x-ms-served-by": [
          "6dfd2de3-86d8-422d-aa06-a2464d5b2b43_131239303828742081"
        ],
        "x-ms-request-id": [
          "54d5993e-b124-4d0c-b99e-09e65dc14c64"
        ],
        "x-ms-ratelimit-remaining-subscription-reads": [
          "14972"
        ],
        "x-ms-correlation-request-id": [
          "62465cc8-8b8b-43bb-a609-9df79e18bb70"
        ],
        "x-ms-routing-request-id": [
          "WESTUS2:20170323T215341Z:62465cc8-8b8b-43bb-a609-9df79e18bb70"
        ]
      },
      "StatusCode": 200
    },
    {
      "RequestUri": "/subscriptions/c549f475-dee8-428c-bb19-829a55e52f77/resourceGroups/rgfluentchash-5439/providers/Microsoft.Network/virtualNetworks/vnet655287234e1d?api-version=2016-12-01",
      "EncodedRequestUri": "L3N1YnNjcmlwdGlvbnMvYzU0OWY0NzUtZGVlOC00MjhjLWJiMTktODI5YTU1ZTUyZjc3L3Jlc291cmNlR3JvdXBzL3JnZmx1ZW50Y2hhc2gtNTQzOS9wcm92aWRlcnMvTWljcm9zb2Z0Lk5ldHdvcmsvdmlydHVhbE5ldHdvcmtzL3ZuZXQ2NTUyODcyMzRlMWQ/YXBpLXZlcnNpb249MjAxNi0xMi0wMQ==",
      "RequestMethod": "PUT",
      "RequestBody": "{\r\n  \"properties\": {\r\n    \"addressSpace\": {\r\n      \"addressPrefixes\": [\r\n        \"10.0.0.0/28\"\r\n      ]\r\n    },\r\n    \"dhcpOptions\": {\r\n      \"dnsServers\": []\r\n    },\r\n    \"subnets\": [\r\n      {\r\n        \"properties\": {\r\n          \"addressPrefix\": \"10.0.0.0/28\"\r\n        },\r\n        \"name\": \"subnet1\"\r\n      }\r\n    ]\r\n  },\r\n  \"location\": \"westcentralus\",\r\n  \"tags\": {}\r\n}",
      "RequestHeaders": {
        "Content-Type": [
          "application/json; charset=utf-8"
        ],
        "Content-Length": [
          "369"
        ],
        "x-ms-client-request-id": [
          "a4468158-fcff-4514-96ae-38e05ee3ccd7"
        ],
        "accept-language": [
          "en-US"
        ],
        "User-Agent": [
          "FxVersion/4.6.24410.01",
          "Microsoft.Azure.Management.Network.Fluent.NetworkManagementClient/1.0.0-beta51"
        ]
      },
      "ResponseBody": "{\r\n  \"name\": \"vnet655287234e1d\",\r\n  \"id\": \"/subscriptions/c549f475-dee8-428c-bb19-829a55e52f77/resourceGroups/rgfluentchash-5439/providers/Microsoft.Network/virtualNetworks/vnet655287234e1d\",\r\n  \"etag\": \"W/\\\"d15f7abf-1097-4368-bc74-2e3d58902d0d\\\"\",\r\n  \"type\": \"Microsoft.Network/virtualNetworks\",\r\n  \"location\": \"westcentralus\",\r\n  \"tags\": {},\r\n  \"properties\": {\r\n    \"provisioningState\": \"Updating\",\r\n    \"resourceGuid\": \"ea095131-43ba-4a8e-837b-db70cb1c6f53\",\r\n    \"addressSpace\": {\r\n      \"addressPrefixes\": [\r\n        \"10.0.0.0/28\"\r\n      ]\r\n    },\r\n    \"dhcpOptions\": {\r\n      \"dnsServers\": []\r\n    },\r\n    \"subnets\": [\r\n      {\r\n        \"name\": \"subnet1\",\r\n        \"id\": \"/subscriptions/c549f475-dee8-428c-bb19-829a55e52f77/resourceGroups/rgfluentchash-5439/providers/Microsoft.Network/virtualNetworks/vnet655287234e1d/subnets/subnet1\",\r\n        \"etag\": \"W/\\\"d15f7abf-1097-4368-bc74-2e3d58902d0d\\\"\",\r\n        \"properties\": {\r\n          \"provisioningState\": \"Updating\",\r\n          \"addressPrefix\": \"10.0.0.0/28\"\r\n        }\r\n      }\r\n    ],\r\n    \"virtualNetworkPeerings\": []\r\n  }\r\n}",
      "ResponseHeaders": {
        "Content-Length": [
          "1086"
        ],
        "Content-Type": [
          "application/json; charset=utf-8"
        ],
        "Expires": [
          "-1"
        ],
        "Cache-Control": [
          "no-cache"
        ],
        "Date": [
          "Thu, 23 Mar 2017 21:53:42 GMT"
        ],
        "Pragma": [
          "no-cache"
        ],
        "Retry-After": [
          "3"
        ],
        "Server": [
          "Microsoft-HTTPAPI/2.0",
          "Microsoft-HTTPAPI/2.0"
        ],
        "x-ms-request-id": [
          "f4ce9565-ea47-4d83-9b07-6aa3df453447"
        ],
        "Azure-AsyncOperation": [
          "https://management.azure.com/subscriptions/c549f475-dee8-428c-bb19-829a55e52f77/providers/Microsoft.Network/locations/westcentralus/operations/f4ce9565-ea47-4d83-9b07-6aa3df453447?api-version=2016-12-01"
        ],
        "Strict-Transport-Security": [
          "max-age=31536000; includeSubDomains"
        ],
        "x-ms-ratelimit-remaining-subscription-writes": [
          "1191"
        ],
        "x-ms-correlation-request-id": [
          "3cc752bc-271c-4d29-9cbe-ff3fce312074"
        ],
        "x-ms-routing-request-id": [
          "WESTUS2:20170323T215342Z:3cc752bc-271c-4d29-9cbe-ff3fce312074"
        ]
      },
      "StatusCode": 201
    },
    {
      "RequestUri": "/subscriptions/c549f475-dee8-428c-bb19-829a55e52f77/providers/Microsoft.Network/locations/westcentralus/operations/f4ce9565-ea47-4d83-9b07-6aa3df453447?api-version=2016-12-01",
      "EncodedRequestUri": "L3N1YnNjcmlwdGlvbnMvYzU0OWY0NzUtZGVlOC00MjhjLWJiMTktODI5YTU1ZTUyZjc3L3Byb3ZpZGVycy9NaWNyb3NvZnQuTmV0d29yay9sb2NhdGlvbnMvd2VzdGNlbnRyYWx1cy9vcGVyYXRpb25zL2Y0Y2U5NTY1LWVhNDctNGQ4My05YjA3LTZhYTNkZjQ1MzQ0Nz9hcGktdmVyc2lvbj0yMDE2LTEyLTAx",
      "RequestMethod": "GET",
      "RequestBody": "",
      "RequestHeaders": {
        "User-Agent": [
          "FxVersion/4.6.24410.01",
          "Microsoft.Azure.Management.Network.Fluent.NetworkManagementClient/1.0.0-beta51"
        ]
      },
      "ResponseBody": "{\r\n  \"status\": \"Succeeded\"\r\n}",
      "ResponseHeaders": {
        "Content-Type": [
          "application/json; charset=utf-8"
        ],
        "Expires": [
          "-1"
        ],
        "Cache-Control": [
          "no-cache"
        ],
        "Date": [
          "Thu, 23 Mar 2017 21:54:12 GMT"
        ],
        "Pragma": [
          "no-cache"
        ],
        "Transfer-Encoding": [
          "chunked"
        ],
        "Server": [
          "Microsoft-HTTPAPI/2.0",
          "Microsoft-HTTPAPI/2.0"
        ],
        "Vary": [
          "Accept-Encoding"
        ],
        "x-ms-request-id": [
          "952d2fae-2a48-4c9e-9410-8d09286022c7"
        ],
        "Strict-Transport-Security": [
          "max-age=31536000; includeSubDomains"
        ],
        "x-ms-ratelimit-remaining-subscription-reads": [
          "14971"
        ],
        "x-ms-correlation-request-id": [
          "45e5f105-291d-4d64-8fae-8e5f0a7db1a0"
        ],
        "x-ms-routing-request-id": [
          "WESTUS2:20170323T215412Z:45e5f105-291d-4d64-8fae-8e5f0a7db1a0"
        ]
      },
      "StatusCode": 200
    },
    {
      "RequestUri": "/subscriptions/c549f475-dee8-428c-bb19-829a55e52f77/resourceGroups/rgfluentchash-5439/providers/Microsoft.Network/virtualNetworks/vnet655287234e1d?api-version=2016-12-01",
      "EncodedRequestUri": "L3N1YnNjcmlwdGlvbnMvYzU0OWY0NzUtZGVlOC00MjhjLWJiMTktODI5YTU1ZTUyZjc3L3Jlc291cmNlR3JvdXBzL3JnZmx1ZW50Y2hhc2gtNTQzOS9wcm92aWRlcnMvTWljcm9zb2Z0Lk5ldHdvcmsvdmlydHVhbE5ldHdvcmtzL3ZuZXQ2NTUyODcyMzRlMWQ/YXBpLXZlcnNpb249MjAxNi0xMi0wMQ==",
      "RequestMethod": "GET",
      "RequestBody": "",
      "RequestHeaders": {
        "User-Agent": [
          "FxVersion/4.6.24410.01",
          "Microsoft.Azure.Management.Network.Fluent.NetworkManagementClient/1.0.0-beta51"
        ]
      },
      "ResponseBody": "{\r\n  \"name\": \"vnet655287234e1d\",\r\n  \"id\": \"/subscriptions/c549f475-dee8-428c-bb19-829a55e52f77/resourceGroups/rgfluentchash-5439/providers/Microsoft.Network/virtualNetworks/vnet655287234e1d\",\r\n  \"etag\": \"W/\\\"fafb9c9e-8344-4c89-a69e-bdad72f9f590\\\"\",\r\n  \"type\": \"Microsoft.Network/virtualNetworks\",\r\n  \"location\": \"westcentralus\",\r\n  \"tags\": {},\r\n  \"properties\": {\r\n    \"provisioningState\": \"Succeeded\",\r\n    \"resourceGuid\": \"ea095131-43ba-4a8e-837b-db70cb1c6f53\",\r\n    \"addressSpace\": {\r\n      \"addressPrefixes\": [\r\n        \"10.0.0.0/28\"\r\n      ]\r\n    },\r\n    \"dhcpOptions\": {\r\n      \"dnsServers\": []\r\n    },\r\n    \"subnets\": [\r\n      {\r\n        \"name\": \"subnet1\",\r\n        \"id\": \"/subscriptions/c549f475-dee8-428c-bb19-829a55e52f77/resourceGroups/rgfluentchash-5439/providers/Microsoft.Network/virtualNetworks/vnet655287234e1d/subnets/subnet1\",\r\n        \"etag\": \"W/\\\"fafb9c9e-8344-4c89-a69e-bdad72f9f590\\\"\",\r\n        \"properties\": {\r\n          \"provisioningState\": \"Succeeded\",\r\n          \"addressPrefix\": \"10.0.0.0/28\"\r\n        }\r\n      }\r\n    ],\r\n    \"virtualNetworkPeerings\": []\r\n  }\r\n}",
      "ResponseHeaders": {
        "Content-Type": [
          "application/json; charset=utf-8"
        ],
        "Expires": [
          "-1"
        ],
        "Cache-Control": [
          "no-cache"
        ],
        "Date": [
          "Thu, 23 Mar 2017 21:54:12 GMT"
        ],
        "Pragma": [
          "no-cache"
        ],
        "Transfer-Encoding": [
          "chunked"
        ],
        "ETag": [
          "W/\"fafb9c9e-8344-4c89-a69e-bdad72f9f590\""
        ],
        "Server": [
          "Microsoft-HTTPAPI/2.0",
          "Microsoft-HTTPAPI/2.0"
        ],
        "Vary": [
          "Accept-Encoding"
        ],
        "x-ms-request-id": [
          "5564bae0-a22a-45cd-8afe-91fd7cc45aca"
        ],
        "Strict-Transport-Security": [
          "max-age=31536000; includeSubDomains"
        ],
        "x-ms-ratelimit-remaining-subscription-reads": [
          "14970"
        ],
        "x-ms-correlation-request-id": [
          "35c5c219-86a2-4203-857a-7cbf94d5f9f3"
        ],
        "x-ms-routing-request-id": [
          "WESTUS2:20170323T215412Z:35c5c219-86a2-4203-857a-7cbf94d5f9f3"
        ]
      },
      "StatusCode": 200
    },
    {
      "RequestUri": "/subscriptions/c549f475-dee8-428c-bb19-829a55e52f77/resourceGroups/rgfluentchash-5439/providers/Microsoft.Network/networkInterfaces/nic63863088c70?api-version=2016-12-01",
      "EncodedRequestUri": "L3N1YnNjcmlwdGlvbnMvYzU0OWY0NzUtZGVlOC00MjhjLWJiMTktODI5YTU1ZTUyZjc3L3Jlc291cmNlR3JvdXBzL3JnZmx1ZW50Y2hhc2gtNTQzOS9wcm92aWRlcnMvTWljcm9zb2Z0Lk5ldHdvcmsvbmV0d29ya0ludGVyZmFjZXMvbmljNjM4NjMwODhjNzA/YXBpLXZlcnNpb249MjAxNi0xMi0wMQ==",
      "RequestMethod": "PUT",
      "RequestBody": "{\r\n  \"properties\": {\r\n    \"ipConfigurations\": [\r\n      {\r\n        \"properties\": {\r\n          \"privateIPAllocationMethod\": \"Dynamic\",\r\n          \"subnet\": {\r\n            \"id\": \"/subscriptions/c549f475-dee8-428c-bb19-829a55e52f77/resourceGroups/rgfluentchash-5439/providers/Microsoft.Network/virtualNetworks/vnet655287234e1d/subnets/subnet1\"\r\n          }\r\n        },\r\n        \"name\": \"primary\"\r\n      }\r\n    ],\r\n    \"dnsSettings\": {}\r\n  },\r\n  \"location\": \"westcentralus\",\r\n  \"tags\": {}\r\n}",
      "RequestHeaders": {
        "Content-Type": [
          "application/json; charset=utf-8"
        ],
        "Content-Length": [
          "486"
        ],
        "x-ms-client-request-id": [
          "684b7313-29bc-46bf-aacb-8d7591f578ed"
        ],
        "accept-language": [
          "en-US"
        ],
        "User-Agent": [
          "FxVersion/4.6.24410.01",
          "Microsoft.Azure.Management.Network.Fluent.NetworkManagementClient/1.0.0-beta51"
        ]
      },
      "ResponseBody": "{\r\n  \"name\": \"nic63863088c70\",\r\n  \"id\": \"/subscriptions/c549f475-dee8-428c-bb19-829a55e52f77/resourceGroups/rgfluentchash-5439/providers/Microsoft.Network/networkInterfaces/nic63863088c70\",\r\n  \"etag\": \"W/\\\"4828e6e5-f938-4af1-a3bd-7c9c1f83d21c\\\"\",\r\n  \"location\": \"westcentralus\",\r\n  \"tags\": {},\r\n  \"properties\": {\r\n    \"provisioningState\": \"Succeeded\",\r\n    \"resourceGuid\": \"3c559b68-2ce8-4360-a6fa-6e66bc29bb2c\",\r\n    \"ipConfigurations\": [\r\n      {\r\n        \"name\": \"primary\",\r\n        \"id\": \"/subscriptions/c549f475-dee8-428c-bb19-829a55e52f77/resourceGroups/rgfluentchash-5439/providers/Microsoft.Network/networkInterfaces/nic63863088c70/ipConfigurations/primary\",\r\n        \"etag\": \"W/\\\"4828e6e5-f938-4af1-a3bd-7c9c1f83d21c\\\"\",\r\n        \"properties\": {\r\n          \"provisioningState\": \"Succeeded\",\r\n          \"privateIPAddress\": \"10.0.0.4\",\r\n          \"privateIPAllocationMethod\": \"Dynamic\",\r\n          \"subnet\": {\r\n            \"id\": \"/subscriptions/c549f475-dee8-428c-bb19-829a55e52f77/resourceGroups/rgfluentchash-5439/providers/Microsoft.Network/virtualNetworks/vnet655287234e1d/subnets/subnet1\"\r\n          },\r\n          \"primary\": true,\r\n          \"privateIPAddressVersion\": \"IPv4\"\r\n        }\r\n      }\r\n    ],\r\n    \"dnsSettings\": {\r\n      \"dnsServers\": [],\r\n      \"appliedDnsServers\": [],\r\n      \"internalDomainNameSuffix\": \"gfiqt0v0ioheva111nymwhdpkd.yx.internal.cloudapp.net\"\r\n    },\r\n    \"enableAcceleratedNetworking\": false,\r\n    \"enableIPForwarding\": false\r\n  },\r\n  \"type\": \"Microsoft.Network/networkInterfaces\"\r\n}",
      "ResponseHeaders": {
        "Content-Length": [
          "1525"
        ],
        "Content-Type": [
          "application/json; charset=utf-8"
        ],
        "Expires": [
          "-1"
        ],
        "Cache-Control": [
          "no-cache"
        ],
        "Date": [
          "Thu, 23 Mar 2017 21:54:12 GMT"
        ],
        "Pragma": [
          "no-cache"
        ],
        "Server": [
          "Microsoft-HTTPAPI/2.0",
          "Microsoft-HTTPAPI/2.0"
        ],
        "x-ms-request-id": [
          "77ac900f-bcb3-43a9-8ce3-ccdc325a0458"
        ],
        "Azure-AsyncOperation": [
          "https://management.azure.com/subscriptions/c549f475-dee8-428c-bb19-829a55e52f77/providers/Microsoft.Network/locations/westcentralus/operations/77ac900f-bcb3-43a9-8ce3-ccdc325a0458?api-version=2016-12-01"
        ],
        "Strict-Transport-Security": [
          "max-age=31536000; includeSubDomains"
        ],
        "x-ms-ratelimit-remaining-subscription-writes": [
          "1190"
        ],
        "x-ms-correlation-request-id": [
          "e2788637-d8c2-4d5f-8341-066ac1233980"
        ],
        "x-ms-routing-request-id": [
          "WESTUS2:20170323T215413Z:e2788637-d8c2-4d5f-8341-066ac1233980"
        ]
      },
      "StatusCode": 201
    },
    {
      "RequestUri": "/subscriptions/c549f475-dee8-428c-bb19-829a55e52f77/resourceGroups/rgfluentchash-5439/providers/Microsoft.Network/networkInterfaces/nic63863088c70?api-version=2016-12-01",
      "EncodedRequestUri": "L3N1YnNjcmlwdGlvbnMvYzU0OWY0NzUtZGVlOC00MjhjLWJiMTktODI5YTU1ZTUyZjc3L3Jlc291cmNlR3JvdXBzL3JnZmx1ZW50Y2hhc2gtNTQzOS9wcm92aWRlcnMvTWljcm9zb2Z0Lk5ldHdvcmsvbmV0d29ya0ludGVyZmFjZXMvbmljNjM4NjMwODhjNzA/YXBpLXZlcnNpb249MjAxNi0xMi0wMQ==",
      "RequestMethod": "GET",
      "RequestBody": "",
      "RequestHeaders": {
        "User-Agent": [
          "FxVersion/4.6.24410.01",
          "Microsoft.Azure.Management.Network.Fluent.NetworkManagementClient/1.0.0-beta51"
        ]
      },
      "ResponseBody": "{\r\n  \"name\": \"nic63863088c70\",\r\n  \"id\": \"/subscriptions/c549f475-dee8-428c-bb19-829a55e52f77/resourceGroups/rgfluentchash-5439/providers/Microsoft.Network/networkInterfaces/nic63863088c70\",\r\n  \"etag\": \"W/\\\"4828e6e5-f938-4af1-a3bd-7c9c1f83d21c\\\"\",\r\n  \"location\": \"westcentralus\",\r\n  \"tags\": {},\r\n  \"properties\": {\r\n    \"provisioningState\": \"Succeeded\",\r\n    \"resourceGuid\": \"3c559b68-2ce8-4360-a6fa-6e66bc29bb2c\",\r\n    \"ipConfigurations\": [\r\n      {\r\n        \"name\": \"primary\",\r\n        \"id\": \"/subscriptions/c549f475-dee8-428c-bb19-829a55e52f77/resourceGroups/rgfluentchash-5439/providers/Microsoft.Network/networkInterfaces/nic63863088c70/ipConfigurations/primary\",\r\n        \"etag\": \"W/\\\"4828e6e5-f938-4af1-a3bd-7c9c1f83d21c\\\"\",\r\n        \"properties\": {\r\n          \"provisioningState\": \"Succeeded\",\r\n          \"privateIPAddress\": \"10.0.0.4\",\r\n          \"privateIPAllocationMethod\": \"Dynamic\",\r\n          \"subnet\": {\r\n            \"id\": \"/subscriptions/c549f475-dee8-428c-bb19-829a55e52f77/resourceGroups/rgfluentchash-5439/providers/Microsoft.Network/virtualNetworks/vnet655287234e1d/subnets/subnet1\"\r\n          },\r\n          \"primary\": true,\r\n          \"privateIPAddressVersion\": \"IPv4\"\r\n        }\r\n      }\r\n    ],\r\n    \"dnsSettings\": {\r\n      \"dnsServers\": [],\r\n      \"appliedDnsServers\": [],\r\n      \"internalDomainNameSuffix\": \"gfiqt0v0ioheva111nymwhdpkd.yx.internal.cloudapp.net\"\r\n    },\r\n    \"enableAcceleratedNetworking\": false,\r\n    \"enableIPForwarding\": false\r\n  },\r\n  \"type\": \"Microsoft.Network/networkInterfaces\"\r\n}",
      "ResponseHeaders": {
        "Content-Type": [
          "application/json; charset=utf-8"
        ],
        "Expires": [
          "-1"
        ],
        "Cache-Control": [
          "no-cache"
        ],
        "Date": [
          "Thu, 23 Mar 2017 21:54:12 GMT"
        ],
        "Pragma": [
          "no-cache"
        ],
        "Transfer-Encoding": [
          "chunked"
        ],
        "ETag": [
          "W/\"4828e6e5-f938-4af1-a3bd-7c9c1f83d21c\""
        ],
        "Server": [
          "Microsoft-HTTPAPI/2.0",
          "Microsoft-HTTPAPI/2.0"
        ],
        "Vary": [
          "Accept-Encoding"
        ],
        "x-ms-request-id": [
          "94940325-24f6-4549-a1a0-070da450e6bf"
        ],
        "Strict-Transport-Security": [
          "max-age=31536000; includeSubDomains"
        ],
        "x-ms-ratelimit-remaining-subscription-reads": [
          "14969"
        ],
        "x-ms-correlation-request-id": [
          "7d26de9c-df72-430a-9001-b53f9d1024c4"
        ],
        "x-ms-routing-request-id": [
          "WESTUS2:20170323T215413Z:7d26de9c-df72-430a-9001-b53f9d1024c4"
        ]
      },
      "StatusCode": 200
    },
    {
      "RequestUri": "/subscriptions/c549f475-dee8-428c-bb19-829a55e52f77/resourceGroups/rgfluentchash-5439/providers/Microsoft.Compute/virtualMachines/cusvma44988602?api-version=2016-04-30-preview",
      "EncodedRequestUri": "L3N1YnNjcmlwdGlvbnMvYzU0OWY0NzUtZGVlOC00MjhjLWJiMTktODI5YTU1ZTUyZjc3L3Jlc291cmNlR3JvdXBzL3JnZmx1ZW50Y2hhc2gtNTQzOS9wcm92aWRlcnMvTWljcm9zb2Z0LkNvbXB1dGUvdmlydHVhbE1hY2hpbmVzL2N1c3ZtYTQ0OTg4NjAyP2FwaS12ZXJzaW9uPTIwMTYtMDQtMzAtcHJldmlldw==",
      "RequestMethod": "PUT",
      "RequestBody": "{\r\n  \"properties\": {\r\n    \"hardwareProfile\": {\r\n      \"vmSize\": \"Standard_D5_v2\"\r\n    },\r\n    \"storageProfile\": {\r\n      \"imageReference\": {\r\n        \"id\": \"/subscriptions/c549f475-dee8-428c-bb19-829a55e52f77/resourceGroups/rgfluentchash-5439/providers/Microsoft.Compute/images/img55a98939fe77\"\r\n      },\r\n      \"osDisk\": {\r\n        \"caching\": \"ReadWrite\",\r\n        \"createOption\": \"fromImage\",\r\n        \"managedDisk\": {\r\n          \"storageAccountType\": \"Standard_LRS\"\r\n        }\r\n      }\r\n    },\r\n    \"osProfile\": {\r\n      \"computerName\": \"cusvma44988602\",\r\n      \"adminUsername\": \"javauser\",\r\n      \"adminPassword\": \"12NewPA$$w0rd!\",\r\n      \"linuxConfiguration\": {\r\n        \"disablePasswordAuthentication\": false\r\n      }\r\n    },\r\n    \"networkProfile\": {\r\n      \"networkInterfaces\": [\r\n        {\r\n          \"properties\": {\r\n            \"primary\": true\r\n          },\r\n          \"id\": \"/subscriptions/c549f475-dee8-428c-bb19-829a55e52f77/resourceGroups/rgfluentchash-5439/providers/Microsoft.Network/networkInterfaces/nic63863088c70\"\r\n        }\r\n      ]\r\n    }\r\n  },\r\n  \"location\": \"westcentralus\",\r\n  \"tags\": {}\r\n}",
      "RequestHeaders": {
        "Content-Type": [
          "application/json; charset=utf-8"
        ],
        "Content-Length": [
          "1115"
        ],
        "x-ms-client-request-id": [
          "e27f212e-0955-4c1d-aa92-4e36a04b5b92"
        ],
        "accept-language": [
          "en-US"
        ],
        "User-Agent": [
          "FxVersion/4.6.24410.01",
          "Microsoft.Azure.Management.Compute.Fluent.ComputeManagementClient/1.0.0-beta51"
        ]
      },
      "ResponseBody": "{\r\n  \"properties\": {\r\n    \"vmId\": \"ed6eedc4-dff2-4559-8796-11d9499feb8b\",\r\n    \"hardwareProfile\": {\r\n      \"vmSize\": \"Standard_D5_v2\"\r\n    },\r\n    \"storageProfile\": {\r\n      \"imageReference\": {\r\n        \"id\": \"/subscriptions/c549f475-dee8-428c-bb19-829a55e52f77/resourceGroups/rgfluentchash-5439/providers/Microsoft.Compute/images/img55a98939fe77\"\r\n      },\r\n      \"osDisk\": {\r\n        \"osType\": \"Linux\",\r\n        \"createOption\": \"FromImage\",\r\n        \"caching\": \"ReadWrite\",\r\n        \"managedDisk\": {\r\n          \"storageAccountType\": \"Standard_LRS\"\r\n        },\r\n        \"diskSizeGB\": 30\r\n      },\r\n      \"dataDisks\": [\r\n        {\r\n          \"lun\": 0,\r\n          \"createOption\": \"FromImage\",\r\n          \"caching\": \"ReadWrite\",\r\n          \"managedDisk\": {\r\n            \"storageAccountType\": \"Standard_LRS\"\r\n          },\r\n          \"diskSizeGB\": 40\r\n        },\r\n        {\r\n          \"lun\": 1,\r\n          \"createOption\": \"FromImage\",\r\n          \"caching\": \"ReadOnly\",\r\n          \"managedDisk\": {\r\n            \"storageAccountType\": \"Standard_LRS\"\r\n          },\r\n          \"diskSizeGB\": 70\r\n        }\r\n      ]\r\n    },\r\n    \"osProfile\": {\r\n      \"computerName\": \"cusvma44988602\",\r\n      \"adminUsername\": \"javauser\",\r\n      \"linuxConfiguration\": {\r\n        \"disablePasswordAuthentication\": false\r\n      },\r\n      \"secrets\": []\r\n    },\r\n    \"networkProfile\": {\r\n      \"networkInterfaces\": [\r\n        {\r\n          \"id\": \"/subscriptions/c549f475-dee8-428c-bb19-829a55e52f77/resourceGroups/rgfluentchash-5439/providers/Microsoft.Network/networkInterfaces/nic63863088c70\",\r\n          \"properties\": {\r\n            \"primary\": true\r\n          }\r\n        }\r\n      ]\r\n    },\r\n    \"provisioningState\": \"Creating\"\r\n  },\r\n  \"type\": \"Microsoft.Compute/virtualMachines\",\r\n  \"location\": \"westcentralus\",\r\n  \"tags\": {},\r\n  \"id\": \"/subscriptions/c549f475-dee8-428c-bb19-829a55e52f77/resourceGroups/rgfluentchash-5439/providers/Microsoft.Compute/virtualMachines/cusvma44988602\",\r\n  \"name\": \"cusvma44988602\"\r\n}",
      "ResponseHeaders": {
        "Content-Length": [
          "1887"
        ],
        "Content-Type": [
          "application/json; charset=utf-8"
        ],
        "Expires": [
          "-1"
        ],
        "Cache-Control": [
          "no-cache"
        ],
        "Date": [
          "Thu, 23 Mar 2017 21:54:13 GMT"
        ],
        "Pragma": [
          "no-cache"
        ],
        "Server": [
          "Microsoft-HTTPAPI/2.0",
          "Microsoft-HTTPAPI/2.0"
        ],
        "Azure-AsyncOperation": [
          "https://management.azure.com/subscriptions/c549f475-dee8-428c-bb19-829a55e52f77/providers/Microsoft.Compute/locations/westcentralus/operations/65836e98-558c-49e6-8b73-74b524fd5ff7?api-version=2016-04-30-preview"
        ],
        "Strict-Transport-Security": [
          "max-age=31536000; includeSubDomains"
        ],
        "x-ms-served-by": [
          "6dfd2de3-86d8-422d-aa06-a2464d5b2b43_131239303828742081"
        ],
        "x-ms-request-id": [
          "65836e98-558c-49e6-8b73-74b524fd5ff7"
        ],
        "x-ms-ratelimit-remaining-subscription-writes": [
          "1189"
        ],
        "x-ms-correlation-request-id": [
          "7f6fea1b-f2df-4602-b62b-dcf1bf638228"
        ],
        "x-ms-routing-request-id": [
          "WESTUS2:20170323T215413Z:7f6fea1b-f2df-4602-b62b-dcf1bf638228"
        ]
      },
      "StatusCode": 201
    },
    {
      "RequestUri": "/subscriptions/c549f475-dee8-428c-bb19-829a55e52f77/providers/Microsoft.Compute/locations/westcentralus/operations/65836e98-558c-49e6-8b73-74b524fd5ff7?api-version=2016-04-30-preview",
      "EncodedRequestUri": "L3N1YnNjcmlwdGlvbnMvYzU0OWY0NzUtZGVlOC00MjhjLWJiMTktODI5YTU1ZTUyZjc3L3Byb3ZpZGVycy9NaWNyb3NvZnQuQ29tcHV0ZS9sb2NhdGlvbnMvd2VzdGNlbnRyYWx1cy9vcGVyYXRpb25zLzY1ODM2ZTk4LTU1OGMtNDllNi04YjczLTc0YjUyNGZkNWZmNz9hcGktdmVyc2lvbj0yMDE2LTA0LTMwLXByZXZpZXc=",
      "RequestMethod": "GET",
      "RequestBody": "",
      "RequestHeaders": {
        "User-Agent": [
          "FxVersion/4.6.24410.01",
          "Microsoft.Azure.Management.Compute.Fluent.ComputeManagementClient/1.0.0-beta51"
        ]
      },
      "ResponseBody": "{\r\n  \"startTime\": \"2017-03-23T14:54:15.3719903-07:00\",\r\n  \"status\": \"InProgress\",\r\n  \"name\": \"65836e98-558c-49e6-8b73-74b524fd5ff7\"\r\n}",
      "ResponseHeaders": {
        "Content-Type": [
          "application/json; charset=utf-8"
        ],
        "Expires": [
          "-1"
        ],
        "Cache-Control": [
          "no-cache"
        ],
        "Date": [
          "Thu, 23 Mar 2017 21:54:43 GMT"
        ],
        "Pragma": [
          "no-cache"
        ],
        "Transfer-Encoding": [
          "chunked"
        ],
        "Server": [
          "Microsoft-HTTPAPI/2.0",
          "Microsoft-HTTPAPI/2.0"
        ],
        "Vary": [
          "Accept-Encoding"
        ],
        "Strict-Transport-Security": [
          "max-age=31536000; includeSubDomains"
        ],
        "x-ms-served-by": [
          "6dfd2de3-86d8-422d-aa06-a2464d5b2b43_131239303828742081"
        ],
        "x-ms-request-id": [
          "12936f0d-c426-49d5-91e0-ec09fafb33c6"
        ],
        "x-ms-ratelimit-remaining-subscription-reads": [
          "14968"
        ],
        "x-ms-correlation-request-id": [
          "685b06d6-789a-4817-a785-29d083c44e99"
        ],
        "x-ms-routing-request-id": [
          "WESTUS2:20170323T215443Z:685b06d6-789a-4817-a785-29d083c44e99"
        ]
      },
      "StatusCode": 200
    },
    {
      "RequestUri": "/subscriptions/c549f475-dee8-428c-bb19-829a55e52f77/providers/Microsoft.Compute/locations/westcentralus/operations/65836e98-558c-49e6-8b73-74b524fd5ff7?api-version=2016-04-30-preview",
      "EncodedRequestUri": "L3N1YnNjcmlwdGlvbnMvYzU0OWY0NzUtZGVlOC00MjhjLWJiMTktODI5YTU1ZTUyZjc3L3Byb3ZpZGVycy9NaWNyb3NvZnQuQ29tcHV0ZS9sb2NhdGlvbnMvd2VzdGNlbnRyYWx1cy9vcGVyYXRpb25zLzY1ODM2ZTk4LTU1OGMtNDllNi04YjczLTc0YjUyNGZkNWZmNz9hcGktdmVyc2lvbj0yMDE2LTA0LTMwLXByZXZpZXc=",
      "RequestMethod": "GET",
      "RequestBody": "",
      "RequestHeaders": {
        "User-Agent": [
          "FxVersion/4.6.24410.01",
          "Microsoft.Azure.Management.Compute.Fluent.ComputeManagementClient/1.0.0-beta51"
        ]
      },
      "ResponseBody": "{\r\n  \"startTime\": \"2017-03-23T14:54:15.3719903-07:00\",\r\n  \"status\": \"InProgress\",\r\n  \"name\": \"65836e98-558c-49e6-8b73-74b524fd5ff7\"\r\n}",
      "ResponseHeaders": {
        "Content-Type": [
          "application/json; charset=utf-8"
        ],
        "Expires": [
          "-1"
        ],
        "Cache-Control": [
          "no-cache"
        ],
        "Date": [
          "Thu, 23 Mar 2017 21:55:13 GMT"
        ],
        "Pragma": [
          "no-cache"
        ],
        "Transfer-Encoding": [
          "chunked"
        ],
        "Server": [
          "Microsoft-HTTPAPI/2.0",
          "Microsoft-HTTPAPI/2.0"
        ],
        "Vary": [
          "Accept-Encoding"
        ],
        "Strict-Transport-Security": [
          "max-age=31536000; includeSubDomains"
        ],
        "x-ms-served-by": [
          "6dfd2de3-86d8-422d-aa06-a2464d5b2b43_131239303828742081"
        ],
        "x-ms-request-id": [
          "d3cec90d-bcf7-4e04-a792-585dc62c1c58"
        ],
        "x-ms-ratelimit-remaining-subscription-reads": [
          "14967"
        ],
        "x-ms-correlation-request-id": [
          "3f7312ad-f638-4feb-91e1-a569da858db3"
        ],
        "x-ms-routing-request-id": [
          "WESTUS2:20170323T215513Z:3f7312ad-f638-4feb-91e1-a569da858db3"
        ]
      },
      "StatusCode": 200
    },
    {
      "RequestUri": "/subscriptions/c549f475-dee8-428c-bb19-829a55e52f77/providers/Microsoft.Compute/locations/westcentralus/operations/65836e98-558c-49e6-8b73-74b524fd5ff7?api-version=2016-04-30-preview",
      "EncodedRequestUri": "L3N1YnNjcmlwdGlvbnMvYzU0OWY0NzUtZGVlOC00MjhjLWJiMTktODI5YTU1ZTUyZjc3L3Byb3ZpZGVycy9NaWNyb3NvZnQuQ29tcHV0ZS9sb2NhdGlvbnMvd2VzdGNlbnRyYWx1cy9vcGVyYXRpb25zLzY1ODM2ZTk4LTU1OGMtNDllNi04YjczLTc0YjUyNGZkNWZmNz9hcGktdmVyc2lvbj0yMDE2LTA0LTMwLXByZXZpZXc=",
      "RequestMethod": "GET",
      "RequestBody": "",
      "RequestHeaders": {
        "User-Agent": [
          "FxVersion/4.6.24410.01",
          "Microsoft.Azure.Management.Compute.Fluent.ComputeManagementClient/1.0.0-beta51"
        ]
      },
      "ResponseBody": "{\r\n  \"startTime\": \"2017-03-23T14:54:15.3719903-07:00\",\r\n  \"endTime\": \"2017-03-23T14:55:45.1078658-07:00\",\r\n  \"status\": \"Succeeded\",\r\n  \"name\": \"65836e98-558c-49e6-8b73-74b524fd5ff7\"\r\n}",
      "ResponseHeaders": {
        "Content-Type": [
          "application/json; charset=utf-8"
        ],
        "Expires": [
          "-1"
        ],
        "Cache-Control": [
          "no-cache"
        ],
        "Date": [
          "Thu, 23 Mar 2017 21:55:43 GMT"
        ],
        "Pragma": [
          "no-cache"
        ],
        "Transfer-Encoding": [
          "chunked"
        ],
        "Server": [
          "Microsoft-HTTPAPI/2.0",
          "Microsoft-HTTPAPI/2.0"
        ],
        "Vary": [
          "Accept-Encoding"
        ],
        "Strict-Transport-Security": [
          "max-age=31536000; includeSubDomains"
        ],
        "x-ms-served-by": [
          "6dfd2de3-86d8-422d-aa06-a2464d5b2b43_131239303828742081"
        ],
        "x-ms-request-id": [
          "4cb937f8-f247-46bf-9a68-baedc8dac05a"
        ],
        "x-ms-ratelimit-remaining-subscription-reads": [
          "14966"
        ],
        "x-ms-correlation-request-id": [
          "98eff658-2222-4622-9933-1017a9e3f0a8"
        ],
        "x-ms-routing-request-id": [
          "WESTUS2:20170323T215543Z:98eff658-2222-4622-9933-1017a9e3f0a8"
        ]
      },
      "StatusCode": 200
    },
    {
      "RequestUri": "/subscriptions/c549f475-dee8-428c-bb19-829a55e52f77/resourceGroups/rgfluentchash-5439/providers/Microsoft.Compute/virtualMachines/cusvma44988602?api-version=2016-04-30-preview",
      "EncodedRequestUri": "L3N1YnNjcmlwdGlvbnMvYzU0OWY0NzUtZGVlOC00MjhjLWJiMTktODI5YTU1ZTUyZjc3L3Jlc291cmNlR3JvdXBzL3JnZmx1ZW50Y2hhc2gtNTQzOS9wcm92aWRlcnMvTWljcm9zb2Z0LkNvbXB1dGUvdmlydHVhbE1hY2hpbmVzL2N1c3ZtYTQ0OTg4NjAyP2FwaS12ZXJzaW9uPTIwMTYtMDQtMzAtcHJldmlldw==",
      "RequestMethod": "GET",
      "RequestBody": "",
      "RequestHeaders": {
        "User-Agent": [
          "FxVersion/4.6.24410.01",
          "Microsoft.Azure.Management.Compute.Fluent.ComputeManagementClient/1.0.0-beta51"
        ]
      },
      "ResponseBody": "{\r\n  \"properties\": {\r\n    \"vmId\": \"ed6eedc4-dff2-4559-8796-11d9499feb8b\",\r\n    \"hardwareProfile\": {\r\n      \"vmSize\": \"Standard_D5_v2\"\r\n    },\r\n    \"storageProfile\": {\r\n      \"imageReference\": {\r\n        \"id\": \"/subscriptions/c549f475-dee8-428c-bb19-829a55e52f77/resourceGroups/rgfluentchash-5439/providers/Microsoft.Compute/images/img55a98939fe77\"\r\n      },\r\n      \"osDisk\": {\r\n        \"osType\": \"Linux\",\r\n        \"name\": \"cusvma44988602_disk1_129d26b5b40e49708abe4e1a8ce8b8f6\",\r\n        \"createOption\": \"FromImage\",\r\n        \"caching\": \"ReadWrite\",\r\n        \"managedDisk\": {\r\n          \"storageAccountType\": \"Standard_LRS\",\r\n          \"id\": \"/subscriptions/c549f475-dee8-428c-bb19-829a55e52f77/resourceGroups/rgfluentchash-5439/providers/Microsoft.Compute/disks/cusvma44988602_disk1_129d26b5b40e49708abe4e1a8ce8b8f6\"\r\n        },\r\n        \"diskSizeGB\": 30\r\n      },\r\n      \"dataDisks\": [\r\n        {\r\n          \"lun\": 0,\r\n          \"name\": \"cusvma44988602_disk2_c6781b01014c4a599602037fd33adb2a\",\r\n          \"createOption\": \"FromImage\",\r\n          \"caching\": \"ReadWrite\",\r\n          \"managedDisk\": {\r\n            \"storageAccountType\": \"Standard_LRS\",\r\n            \"id\": \"/subscriptions/c549f475-dee8-428c-bb19-829a55e52f77/resourceGroups/rgfluentchash-5439/providers/Microsoft.Compute/disks/cusvma44988602_disk2_c6781b01014c4a599602037fd33adb2a\"\r\n          },\r\n          \"diskSizeGB\": 40\r\n        },\r\n        {\r\n          \"lun\": 1,\r\n          \"name\": \"cusvma44988602_disk3_e551bea27af2479aaa782ddc5392b288\",\r\n          \"createOption\": \"FromImage\",\r\n          \"caching\": \"ReadOnly\",\r\n          \"managedDisk\": {\r\n            \"storageAccountType\": \"Standard_LRS\",\r\n            \"id\": \"/subscriptions/c549f475-dee8-428c-bb19-829a55e52f77/resourceGroups/rgfluentchash-5439/providers/Microsoft.Compute/disks/cusvma44988602_disk3_e551bea27af2479aaa782ddc5392b288\"\r\n          },\r\n          \"diskSizeGB\": 70\r\n        }\r\n      ]\r\n    },\r\n    \"osProfile\": {\r\n      \"computerName\": \"cusvma44988602\",\r\n      \"adminUsername\": \"javauser\",\r\n      \"linuxConfiguration\": {\r\n        \"disablePasswordAuthentication\": false\r\n      },\r\n      \"secrets\": []\r\n    },\r\n    \"networkProfile\": {\r\n      \"networkInterfaces\": [\r\n        {\r\n          \"id\": \"/subscriptions/c549f475-dee8-428c-bb19-829a55e52f77/resourceGroups/rgfluentchash-5439/providers/Microsoft.Network/networkInterfaces/nic63863088c70\",\r\n          \"properties\": {\r\n            \"primary\": true\r\n          }\r\n        }\r\n      ]\r\n    },\r\n    \"provisioningState\": \"Succeeded\"\r\n  },\r\n  \"type\": \"Microsoft.Compute/virtualMachines\",\r\n  \"location\": \"westcentralus\",\r\n  \"tags\": {},\r\n  \"id\": \"/subscriptions/c549f475-dee8-428c-bb19-829a55e52f77/resourceGroups/rgfluentchash-5439/providers/Microsoft.Compute/virtualMachines/cusvma44988602\",\r\n  \"name\": \"cusvma44988602\"\r\n}",
      "ResponseHeaders": {
        "Content-Type": [
          "application/json; charset=utf-8"
        ],
        "Expires": [
          "-1"
        ],
        "Cache-Control": [
          "no-cache"
        ],
        "Date": [
          "Thu, 23 Mar 2017 21:55:43 GMT"
        ],
        "Pragma": [
          "no-cache"
        ],
        "Transfer-Encoding": [
          "chunked"
        ],
        "Server": [
          "Microsoft-HTTPAPI/2.0",
          "Microsoft-HTTPAPI/2.0"
        ],
        "Vary": [
          "Accept-Encoding"
        ],
        "Strict-Transport-Security": [
          "max-age=31536000; includeSubDomains"
        ],
        "x-ms-served-by": [
          "6dfd2de3-86d8-422d-aa06-a2464d5b2b43_131239303828742081"
        ],
        "x-ms-request-id": [
          "f4753647-51aa-4776-8dba-f56d8c4b0920"
        ],
        "x-ms-ratelimit-remaining-subscription-reads": [
          "14965"
        ],
        "x-ms-correlation-request-id": [
          "a26f4459-a010-4b7d-8ca3-821f74f43338"
        ],
        "x-ms-routing-request-id": [
          "WESTUS2:20170323T215543Z:a26f4459-a010-4b7d-8ca3-821f74f43338"
        ]
      },
      "StatusCode": 200
    },
    {
      "RequestUri": "/subscriptions/c549f475-dee8-428c-bb19-829a55e52f77/resourcegroups/rgfluentchash-5439?api-version=2016-02-01",
      "EncodedRequestUri": "L3N1YnNjcmlwdGlvbnMvYzU0OWY0NzUtZGVlOC00MjhjLWJiMTktODI5YTU1ZTUyZjc3L3Jlc291cmNlZ3JvdXBzL3JnZmx1ZW50Y2hhc2gtNTQzOT9hcGktdmVyc2lvbj0yMDE2LTAyLTAx",
      "RequestMethod": "DELETE",
      "RequestBody": "",
      "RequestHeaders": {
        "x-ms-client-request-id": [
          "18704a3e-fac3-4f79-a0ad-07e90c7f76ec"
        ],
        "accept-language": [
          "en-US"
        ],
        "User-Agent": [
          "FxVersion/4.6.24410.01",
          "Microsoft.Azure.Management.ResourceManager.Fluent.ResourceManagementClient/1.0.0-beta51"
        ]
      },
      "ResponseBody": "",
      "ResponseHeaders": {
        "Content-Length": [
          "0"
        ],
        "Expires": [
          "-1"
        ],
        "Cache-Control": [
          "no-cache"
        ],
        "Date": [
          "Thu, 23 Mar 2017 21:55:44 GMT"
        ],
        "Pragma": [
          "no-cache"
        ],
        "Location": [
          "https://management.azure.com/subscriptions/c549f475-dee8-428c-bb19-829a55e52f77/operationresults/eyJqb2JJZCI6IlJFU09VUkNFR1JPVVBERUxFVElPTkpPQi1SR0ZMVUVOVENIQVNIOjJENTQzOS1XRVNUQ0VOVFJBTFVTIiwiam9iTG9jYXRpb24iOiJ3ZXN0Y2VudHJhbHVzIn0?api-version=2016-02-01"
        ],
        "Retry-After": [
          "15"
        ],
        "x-ms-ratelimit-remaining-subscription-writes": [
          "1199"
        ],
        "x-ms-request-id": [
          "7c3ae397-d44f-47a8-992d-162b39463a83"
        ],
        "x-ms-correlation-request-id": [
          "7c3ae397-d44f-47a8-992d-162b39463a83"
        ],
        "x-ms-routing-request-id": [
          "WESTUS2:20170323T215544Z:7c3ae397-d44f-47a8-992d-162b39463a83"
        ],
        "Strict-Transport-Security": [
          "max-age=31536000; includeSubDomains"
        ]
      },
      "StatusCode": 202
    },
    {
      "RequestUri": "/subscriptions/c549f475-dee8-428c-bb19-829a55e52f77/operationresults/eyJqb2JJZCI6IlJFU09VUkNFR1JPVVBERUxFVElPTkpPQi1SR0ZMVUVOVENIQVNIOjJENTQzOS1XRVNUQ0VOVFJBTFVTIiwiam9iTG9jYXRpb24iOiJ3ZXN0Y2VudHJhbHVzIn0?api-version=2016-02-01",
      "EncodedRequestUri": "L3N1YnNjcmlwdGlvbnMvYzU0OWY0NzUtZGVlOC00MjhjLWJiMTktODI5YTU1ZTUyZjc3L29wZXJhdGlvbnJlc3VsdHMvZXlKcWIySkpaQ0k2SWxKRlUwOVZVa05GUjFKUFZWQkVSVXhGVkVsUFRrcFBRaTFTUjBaTVZVVk9WRU5JUVZOSU9qSkVOVFF6T1MxWFJWTlVRMFZPVkZKQlRGVlRJaXdpYW05aVRHOWpZWFJwYjI0aU9pSjNaWE4wWTJWdWRISmhiSFZ6SW4wP2FwaS12ZXJzaW9uPTIwMTYtMDItMDE=",
      "RequestMethod": "GET",
      "RequestBody": "",
      "RequestHeaders": {
        "User-Agent": [
          "FxVersion/4.6.24410.01",
          "Microsoft.Azure.Management.ResourceManager.Fluent.ResourceManagementClient/1.0.0-beta51"
        ]
      },
      "ResponseBody": "",
      "ResponseHeaders": {
        "Content-Length": [
          "0"
        ],
        "Expires": [
          "-1"
        ],
        "Cache-Control": [
          "no-cache"
        ],
        "Date": [
          "Thu, 23 Mar 2017 21:56:14 GMT"
        ],
        "Pragma": [
          "no-cache"
        ],
        "Location": [
          "https://management.azure.com/subscriptions/c549f475-dee8-428c-bb19-829a55e52f77/operationresults/eyJqb2JJZCI6IlJFU09VUkNFR1JPVVBERUxFVElPTkpPQi1SR0ZMVUVOVENIQVNIOjJENTQzOS1XRVNUQ0VOVFJBTFVTIiwiam9iTG9jYXRpb24iOiJ3ZXN0Y2VudHJhbHVzIn0?api-version=2016-02-01"
        ],
        "Retry-After": [
          "15"
        ],
        "x-ms-ratelimit-remaining-subscription-reads": [
          "14991"
        ],
        "x-ms-request-id": [
          "038c90ac-9654-4427-b16d-a68e2ee35061"
        ],
        "x-ms-correlation-request-id": [
          "038c90ac-9654-4427-b16d-a68e2ee35061"
        ],
        "x-ms-routing-request-id": [
          "WESTUS2:20170323T215614Z:038c90ac-9654-4427-b16d-a68e2ee35061"
        ],
        "Strict-Transport-Security": [
          "max-age=31536000; includeSubDomains"
        ]
      },
      "StatusCode": 202
    },
    {
      "RequestUri": "/subscriptions/c549f475-dee8-428c-bb19-829a55e52f77/operationresults/eyJqb2JJZCI6IlJFU09VUkNFR1JPVVBERUxFVElPTkpPQi1SR0ZMVUVOVENIQVNIOjJENTQzOS1XRVNUQ0VOVFJBTFVTIiwiam9iTG9jYXRpb24iOiJ3ZXN0Y2VudHJhbHVzIn0?api-version=2016-02-01",
      "EncodedRequestUri": "L3N1YnNjcmlwdGlvbnMvYzU0OWY0NzUtZGVlOC00MjhjLWJiMTktODI5YTU1ZTUyZjc3L29wZXJhdGlvbnJlc3VsdHMvZXlKcWIySkpaQ0k2SWxKRlUwOVZVa05GUjFKUFZWQkVSVXhGVkVsUFRrcFBRaTFTUjBaTVZVVk9WRU5JUVZOSU9qSkVOVFF6T1MxWFJWTlVRMFZPVkZKQlRGVlRJaXdpYW05aVRHOWpZWFJwYjI0aU9pSjNaWE4wWTJWdWRISmhiSFZ6SW4wP2FwaS12ZXJzaW9uPTIwMTYtMDItMDE=",
      "RequestMethod": "GET",
      "RequestBody": "",
      "RequestHeaders": {
        "User-Agent": [
          "FxVersion/4.6.24410.01",
          "Microsoft.Azure.Management.ResourceManager.Fluent.ResourceManagementClient/1.0.0-beta51"
        ]
      },
      "ResponseBody": "",
      "ResponseHeaders": {
        "Content-Length": [
          "0"
        ],
        "Expires": [
          "-1"
        ],
        "Cache-Control": [
          "no-cache"
        ],
        "Date": [
          "Thu, 23 Mar 2017 21:56:44 GMT"
        ],
        "Pragma": [
          "no-cache"
        ],
        "Location": [
          "https://management.azure.com/subscriptions/c549f475-dee8-428c-bb19-829a55e52f77/operationresults/eyJqb2JJZCI6IlJFU09VUkNFR1JPVVBERUxFVElPTkpPQi1SR0ZMVUVOVENIQVNIOjJENTQzOS1XRVNUQ0VOVFJBTFVTIiwiam9iTG9jYXRpb24iOiJ3ZXN0Y2VudHJhbHVzIn0?api-version=2016-02-01"
        ],
        "Retry-After": [
          "15"
        ],
        "x-ms-ratelimit-remaining-subscription-reads": [
          "14990"
        ],
        "x-ms-request-id": [
          "1206bc50-477e-46e9-b1f5-6321b310c894"
        ],
        "x-ms-correlation-request-id": [
          "1206bc50-477e-46e9-b1f5-6321b310c894"
        ],
        "x-ms-routing-request-id": [
          "WESTUS2:20170323T215645Z:1206bc50-477e-46e9-b1f5-6321b310c894"
        ],
        "Strict-Transport-Security": [
          "max-age=31536000; includeSubDomains"
        ]
      },
      "StatusCode": 202
    },
    {
      "RequestUri": "/subscriptions/c549f475-dee8-428c-bb19-829a55e52f77/operationresults/eyJqb2JJZCI6IlJFU09VUkNFR1JPVVBERUxFVElPTkpPQi1SR0ZMVUVOVENIQVNIOjJENTQzOS1XRVNUQ0VOVFJBTFVTIiwiam9iTG9jYXRpb24iOiJ3ZXN0Y2VudHJhbHVzIn0?api-version=2016-02-01",
      "EncodedRequestUri": "L3N1YnNjcmlwdGlvbnMvYzU0OWY0NzUtZGVlOC00MjhjLWJiMTktODI5YTU1ZTUyZjc3L29wZXJhdGlvbnJlc3VsdHMvZXlKcWIySkpaQ0k2SWxKRlUwOVZVa05GUjFKUFZWQkVSVXhGVkVsUFRrcFBRaTFTUjBaTVZVVk9WRU5JUVZOSU9qSkVOVFF6T1MxWFJWTlVRMFZPVkZKQlRGVlRJaXdpYW05aVRHOWpZWFJwYjI0aU9pSjNaWE4wWTJWdWRISmhiSFZ6SW4wP2FwaS12ZXJzaW9uPTIwMTYtMDItMDE=",
      "RequestMethod": "GET",
      "RequestBody": "",
      "RequestHeaders": {
        "User-Agent": [
          "FxVersion/4.6.24410.01",
          "Microsoft.Azure.Management.ResourceManager.Fluent.ResourceManagementClient/1.0.0-beta51"
        ]
      },
      "ResponseBody": "",
      "ResponseHeaders": {
        "Content-Length": [
          "0"
        ],
        "Expires": [
          "-1"
        ],
        "Cache-Control": [
          "no-cache"
        ],
        "Date": [
          "Thu, 23 Mar 2017 21:57:14 GMT"
        ],
        "Pragma": [
          "no-cache"
        ],
        "Location": [
          "https://management.azure.com/subscriptions/c549f475-dee8-428c-bb19-829a55e52f77/operationresults/eyJqb2JJZCI6IlJFU09VUkNFR1JPVVBERUxFVElPTkpPQi1SR0ZMVUVOVENIQVNIOjJENTQzOS1XRVNUQ0VOVFJBTFVTIiwiam9iTG9jYXRpb24iOiJ3ZXN0Y2VudHJhbHVzIn0?api-version=2016-02-01"
        ],
        "Retry-After": [
          "15"
        ],
        "x-ms-ratelimit-remaining-subscription-reads": [
          "14989"
        ],
        "x-ms-request-id": [
          "5cb417ac-6f71-44de-85ce-6844092958a9"
        ],
        "x-ms-correlation-request-id": [
          "5cb417ac-6f71-44de-85ce-6844092958a9"
        ],
        "x-ms-routing-request-id": [
          "WESTUS2:20170323T215715Z:5cb417ac-6f71-44de-85ce-6844092958a9"
        ],
        "Strict-Transport-Security": [
          "max-age=31536000; includeSubDomains"
        ]
      },
      "StatusCode": 202
    },
    {
      "RequestUri": "/subscriptions/c549f475-dee8-428c-bb19-829a55e52f77/operationresults/eyJqb2JJZCI6IlJFU09VUkNFR1JPVVBERUxFVElPTkpPQi1SR0ZMVUVOVENIQVNIOjJENTQzOS1XRVNUQ0VOVFJBTFVTIiwiam9iTG9jYXRpb24iOiJ3ZXN0Y2VudHJhbHVzIn0?api-version=2016-02-01",
      "EncodedRequestUri": "L3N1YnNjcmlwdGlvbnMvYzU0OWY0NzUtZGVlOC00MjhjLWJiMTktODI5YTU1ZTUyZjc3L29wZXJhdGlvbnJlc3VsdHMvZXlKcWIySkpaQ0k2SWxKRlUwOVZVa05GUjFKUFZWQkVSVXhGVkVsUFRrcFBRaTFTUjBaTVZVVk9WRU5JUVZOSU9qSkVOVFF6T1MxWFJWTlVRMFZPVkZKQlRGVlRJaXdpYW05aVRHOWpZWFJwYjI0aU9pSjNaWE4wWTJWdWRISmhiSFZ6SW4wP2FwaS12ZXJzaW9uPTIwMTYtMDItMDE=",
      "RequestMethod": "GET",
      "RequestBody": "",
      "RequestHeaders": {
        "User-Agent": [
          "FxVersion/4.6.24410.01",
          "Microsoft.Azure.Management.ResourceManager.Fluent.ResourceManagementClient/1.0.0-beta51"
        ]
      },
      "ResponseBody": "",
      "ResponseHeaders": {
        "Content-Length": [
          "0"
        ],
        "Expires": [
          "-1"
        ],
        "Cache-Control": [
          "no-cache"
        ],
        "Date": [
          "Thu, 23 Mar 2017 21:57:44 GMT"
        ],
        "Pragma": [
          "no-cache"
        ],
        "Location": [
          "https://management.azure.com/subscriptions/c549f475-dee8-428c-bb19-829a55e52f77/operationresults/eyJqb2JJZCI6IlJFU09VUkNFR1JPVVBERUxFVElPTkpPQi1SR0ZMVUVOVENIQVNIOjJENTQzOS1XRVNUQ0VOVFJBTFVTIiwiam9iTG9jYXRpb24iOiJ3ZXN0Y2VudHJhbHVzIn0?api-version=2016-02-01"
        ],
        "Retry-After": [
          "15"
        ],
        "x-ms-ratelimit-remaining-subscription-reads": [
          "14988"
        ],
        "x-ms-request-id": [
          "bc339ce8-7fdb-464c-a153-d24ea92a8f22"
        ],
        "x-ms-correlation-request-id": [
          "bc339ce8-7fdb-464c-a153-d24ea92a8f22"
        ],
        "x-ms-routing-request-id": [
          "WESTUS2:20170323T215745Z:bc339ce8-7fdb-464c-a153-d24ea92a8f22"
        ],
        "Strict-Transport-Security": [
          "max-age=31536000; includeSubDomains"
        ]
      },
      "StatusCode": 202
    },
    {
      "RequestUri": "/subscriptions/c549f475-dee8-428c-bb19-829a55e52f77/operationresults/eyJqb2JJZCI6IlJFU09VUkNFR1JPVVBERUxFVElPTkpPQi1SR0ZMVUVOVENIQVNIOjJENTQzOS1XRVNUQ0VOVFJBTFVTIiwiam9iTG9jYXRpb24iOiJ3ZXN0Y2VudHJhbHVzIn0?api-version=2016-02-01",
      "EncodedRequestUri": "L3N1YnNjcmlwdGlvbnMvYzU0OWY0NzUtZGVlOC00MjhjLWJiMTktODI5YTU1ZTUyZjc3L29wZXJhdGlvbnJlc3VsdHMvZXlKcWIySkpaQ0k2SWxKRlUwOVZVa05GUjFKUFZWQkVSVXhGVkVsUFRrcFBRaTFTUjBaTVZVVk9WRU5JUVZOSU9qSkVOVFF6T1MxWFJWTlVRMFZPVkZKQlRGVlRJaXdpYW05aVRHOWpZWFJwYjI0aU9pSjNaWE4wWTJWdWRISmhiSFZ6SW4wP2FwaS12ZXJzaW9uPTIwMTYtMDItMDE=",
      "RequestMethod": "GET",
      "RequestBody": "",
      "RequestHeaders": {
        "User-Agent": [
          "FxVersion/4.6.24410.01",
          "Microsoft.Azure.Management.ResourceManager.Fluent.ResourceManagementClient/1.0.0-beta51"
        ]
      },
      "ResponseBody": "",
      "ResponseHeaders": {
        "Content-Length": [
          "0"
        ],
        "Expires": [
          "-1"
        ],
        "Cache-Control": [
          "no-cache"
        ],
        "Date": [
          "Thu, 23 Mar 2017 21:58:14 GMT"
        ],
        "Pragma": [
          "no-cache"
        ],
        "Location": [
          "https://management.azure.com/subscriptions/c549f475-dee8-428c-bb19-829a55e52f77/operationresults/eyJqb2JJZCI6IlJFU09VUkNFR1JPVVBERUxFVElPTkpPQi1SR0ZMVUVOVENIQVNIOjJENTQzOS1XRVNUQ0VOVFJBTFVTIiwiam9iTG9jYXRpb24iOiJ3ZXN0Y2VudHJhbHVzIn0?api-version=2016-02-01"
        ],
        "Retry-After": [
          "15"
        ],
        "x-ms-ratelimit-remaining-subscription-reads": [
          "14987"
        ],
        "x-ms-request-id": [
          "aea50fca-f3fd-4879-850a-7dc4300ba0a8"
        ],
        "x-ms-correlation-request-id": [
          "aea50fca-f3fd-4879-850a-7dc4300ba0a8"
        ],
        "x-ms-routing-request-id": [
          "WESTUS2:20170323T215815Z:aea50fca-f3fd-4879-850a-7dc4300ba0a8"
        ],
        "Strict-Transport-Security": [
          "max-age=31536000; includeSubDomains"
        ]
      },
      "StatusCode": 202
    },
    {
      "RequestUri": "/subscriptions/c549f475-dee8-428c-bb19-829a55e52f77/operationresults/eyJqb2JJZCI6IlJFU09VUkNFR1JPVVBERUxFVElPTkpPQi1SR0ZMVUVOVENIQVNIOjJENTQzOS1XRVNUQ0VOVFJBTFVTIiwiam9iTG9jYXRpb24iOiJ3ZXN0Y2VudHJhbHVzIn0?api-version=2016-02-01",
      "EncodedRequestUri": "L3N1YnNjcmlwdGlvbnMvYzU0OWY0NzUtZGVlOC00MjhjLWJiMTktODI5YTU1ZTUyZjc3L29wZXJhdGlvbnJlc3VsdHMvZXlKcWIySkpaQ0k2SWxKRlUwOVZVa05GUjFKUFZWQkVSVXhGVkVsUFRrcFBRaTFTUjBaTVZVVk9WRU5JUVZOSU9qSkVOVFF6T1MxWFJWTlVRMFZPVkZKQlRGVlRJaXdpYW05aVRHOWpZWFJwYjI0aU9pSjNaWE4wWTJWdWRISmhiSFZ6SW4wP2FwaS12ZXJzaW9uPTIwMTYtMDItMDE=",
      "RequestMethod": "GET",
      "RequestBody": "",
      "RequestHeaders": {
        "User-Agent": [
          "FxVersion/4.6.24410.01",
          "Microsoft.Azure.Management.ResourceManager.Fluent.ResourceManagementClient/1.0.0-beta51"
        ]
      },
      "ResponseBody": "",
      "ResponseHeaders": {
        "Content-Length": [
          "0"
        ],
        "Expires": [
          "-1"
        ],
        "Cache-Control": [
          "no-cache"
        ],
        "Date": [
          "Thu, 23 Mar 2017 21:58:45 GMT"
        ],
        "Pragma": [
          "no-cache"
        ],
        "Location": [
          "https://management.azure.com/subscriptions/c549f475-dee8-428c-bb19-829a55e52f77/operationresults/eyJqb2JJZCI6IlJFU09VUkNFR1JPVVBERUxFVElPTkpPQi1SR0ZMVUVOVENIQVNIOjJENTQzOS1XRVNUQ0VOVFJBTFVTIiwiam9iTG9jYXRpb24iOiJ3ZXN0Y2VudHJhbHVzIn0?api-version=2016-02-01"
        ],
        "Retry-After": [
          "15"
        ],
        "x-ms-ratelimit-remaining-subscription-reads": [
          "14986"
        ],
        "x-ms-request-id": [
          "72d8339a-9eb8-4ca6-91eb-138e7ae4e4e8"
        ],
        "x-ms-correlation-request-id": [
          "72d8339a-9eb8-4ca6-91eb-138e7ae4e4e8"
        ],
        "x-ms-routing-request-id": [
          "WESTUS2:20170323T215845Z:72d8339a-9eb8-4ca6-91eb-138e7ae4e4e8"
        ],
        "Strict-Transport-Security": [
          "max-age=31536000; includeSubDomains"
        ]
      },
      "StatusCode": 202
    },
    {
      "RequestUri": "/subscriptions/c549f475-dee8-428c-bb19-829a55e52f77/operationresults/eyJqb2JJZCI6IlJFU09VUkNFR1JPVVBERUxFVElPTkpPQi1SR0ZMVUVOVENIQVNIOjJENTQzOS1XRVNUQ0VOVFJBTFVTIiwiam9iTG9jYXRpb24iOiJ3ZXN0Y2VudHJhbHVzIn0?api-version=2016-02-01",
      "EncodedRequestUri": "L3N1YnNjcmlwdGlvbnMvYzU0OWY0NzUtZGVlOC00MjhjLWJiMTktODI5YTU1ZTUyZjc3L29wZXJhdGlvbnJlc3VsdHMvZXlKcWIySkpaQ0k2SWxKRlUwOVZVa05GUjFKUFZWQkVSVXhGVkVsUFRrcFBRaTFTUjBaTVZVVk9WRU5JUVZOSU9qSkVOVFF6T1MxWFJWTlVRMFZPVkZKQlRGVlRJaXdpYW05aVRHOWpZWFJwYjI0aU9pSjNaWE4wWTJWdWRISmhiSFZ6SW4wP2FwaS12ZXJzaW9uPTIwMTYtMDItMDE=",
      "RequestMethod": "GET",
      "RequestBody": "",
      "RequestHeaders": {
        "User-Agent": [
          "FxVersion/4.6.24410.01",
          "Microsoft.Azure.Management.ResourceManager.Fluent.ResourceManagementClient/1.0.0-beta51"
        ]
      },
      "ResponseBody": "",
      "ResponseHeaders": {
        "Content-Length": [
          "0"
        ],
        "Expires": [
          "-1"
        ],
        "Cache-Control": [
          "no-cache"
        ],
        "Date": [
          "Thu, 23 Mar 2017 21:59:14 GMT"
        ],
        "Pragma": [
          "no-cache"
        ],
        "Location": [
          "https://management.azure.com/subscriptions/c549f475-dee8-428c-bb19-829a55e52f77/operationresults/eyJqb2JJZCI6IlJFU09VUkNFR1JPVVBERUxFVElPTkpPQi1SR0ZMVUVOVENIQVNIOjJENTQzOS1XRVNUQ0VOVFJBTFVTIiwiam9iTG9jYXRpb24iOiJ3ZXN0Y2VudHJhbHVzIn0?api-version=2016-02-01"
        ],
        "Retry-After": [
          "15"
        ],
        "x-ms-ratelimit-remaining-subscription-reads": [
          "14985"
        ],
        "x-ms-request-id": [
          "6f853fcd-057c-486b-a8a8-7735185fdf0c"
        ],
        "x-ms-correlation-request-id": [
          "6f853fcd-057c-486b-a8a8-7735185fdf0c"
        ],
        "x-ms-routing-request-id": [
          "WESTUS2:20170323T215915Z:6f853fcd-057c-486b-a8a8-7735185fdf0c"
        ],
        "Strict-Transport-Security": [
          "max-age=31536000; includeSubDomains"
        ]
      },
      "StatusCode": 202
    },
    {
      "RequestUri": "/subscriptions/c549f475-dee8-428c-bb19-829a55e52f77/operationresults/eyJqb2JJZCI6IlJFU09VUkNFR1JPVVBERUxFVElPTkpPQi1SR0ZMVUVOVENIQVNIOjJENTQzOS1XRVNUQ0VOVFJBTFVTIiwiam9iTG9jYXRpb24iOiJ3ZXN0Y2VudHJhbHVzIn0?api-version=2016-02-01",
      "EncodedRequestUri": "L3N1YnNjcmlwdGlvbnMvYzU0OWY0NzUtZGVlOC00MjhjLWJiMTktODI5YTU1ZTUyZjc3L29wZXJhdGlvbnJlc3VsdHMvZXlKcWIySkpaQ0k2SWxKRlUwOVZVa05GUjFKUFZWQkVSVXhGVkVsUFRrcFBRaTFTUjBaTVZVVk9WRU5JUVZOSU9qSkVOVFF6T1MxWFJWTlVRMFZPVkZKQlRGVlRJaXdpYW05aVRHOWpZWFJwYjI0aU9pSjNaWE4wWTJWdWRISmhiSFZ6SW4wP2FwaS12ZXJzaW9uPTIwMTYtMDItMDE=",
      "RequestMethod": "GET",
      "RequestBody": "",
      "RequestHeaders": {
        "User-Agent": [
          "FxVersion/4.6.24410.01",
          "Microsoft.Azure.Management.ResourceManager.Fluent.ResourceManagementClient/1.0.0-beta51"
        ]
      },
      "ResponseBody": "",
      "ResponseHeaders": {
        "Content-Length": [
          "0"
        ],
        "Expires": [
          "-1"
        ],
        "Cache-Control": [
          "no-cache"
        ],
        "Date": [
          "Thu, 23 Mar 2017 21:59:45 GMT"
        ],
        "Pragma": [
          "no-cache"
        ],
        "Location": [
          "https://management.azure.com/subscriptions/c549f475-dee8-428c-bb19-829a55e52f77/operationresults/eyJqb2JJZCI6IlJFU09VUkNFR1JPVVBERUxFVElPTkpPQi1SR0ZMVUVOVENIQVNIOjJENTQzOS1XRVNUQ0VOVFJBTFVTIiwiam9iTG9jYXRpb24iOiJ3ZXN0Y2VudHJhbHVzIn0?api-version=2016-02-01"
        ],
        "Retry-After": [
          "15"
        ],
        "x-ms-ratelimit-remaining-subscription-reads": [
          "14983"
        ],
        "x-ms-request-id": [
          "467933e2-43ab-4abb-85d0-5fba630c1e0f"
        ],
        "x-ms-correlation-request-id": [
          "467933e2-43ab-4abb-85d0-5fba630c1e0f"
        ],
        "x-ms-routing-request-id": [
          "WESTUS2:20170323T215945Z:467933e2-43ab-4abb-85d0-5fba630c1e0f"
        ],
        "Strict-Transport-Security": [
          "max-age=31536000; includeSubDomains"
        ]
      },
      "StatusCode": 202
    },
    {
      "RequestUri": "/subscriptions/c549f475-dee8-428c-bb19-829a55e52f77/operationresults/eyJqb2JJZCI6IlJFU09VUkNFR1JPVVBERUxFVElPTkpPQi1SR0ZMVUVOVENIQVNIOjJENTQzOS1XRVNUQ0VOVFJBTFVTIiwiam9iTG9jYXRpb24iOiJ3ZXN0Y2VudHJhbHVzIn0?api-version=2016-02-01",
      "EncodedRequestUri": "L3N1YnNjcmlwdGlvbnMvYzU0OWY0NzUtZGVlOC00MjhjLWJiMTktODI5YTU1ZTUyZjc3L29wZXJhdGlvbnJlc3VsdHMvZXlKcWIySkpaQ0k2SWxKRlUwOVZVa05GUjFKUFZWQkVSVXhGVkVsUFRrcFBRaTFTUjBaTVZVVk9WRU5JUVZOSU9qSkVOVFF6T1MxWFJWTlVRMFZPVkZKQlRGVlRJaXdpYW05aVRHOWpZWFJwYjI0aU9pSjNaWE4wWTJWdWRISmhiSFZ6SW4wP2FwaS12ZXJzaW9uPTIwMTYtMDItMDE=",
      "RequestMethod": "GET",
      "RequestBody": "",
      "RequestHeaders": {
        "User-Agent": [
          "FxVersion/4.6.24410.01",
          "Microsoft.Azure.Management.ResourceManager.Fluent.ResourceManagementClient/1.0.0-beta51"
        ]
      },
      "ResponseBody": "",
      "ResponseHeaders": {
        "Content-Length": [
          "0"
        ],
        "Expires": [
          "-1"
        ],
        "Cache-Control": [
          "no-cache"
        ],
        "Date": [
          "Thu, 23 Mar 2017 22:00:14 GMT"
        ],
        "Pragma": [
          "no-cache"
        ],
        "Location": [
          "https://management.azure.com/subscriptions/c549f475-dee8-428c-bb19-829a55e52f77/operationresults/eyJqb2JJZCI6IlJFU09VUkNFR1JPVVBERUxFVElPTkpPQi1SR0ZMVUVOVENIQVNIOjJENTQzOS1XRVNUQ0VOVFJBTFVTIiwiam9iTG9jYXRpb24iOiJ3ZXN0Y2VudHJhbHVzIn0?api-version=2016-02-01"
        ],
        "Retry-After": [
          "15"
        ],
        "x-ms-ratelimit-remaining-subscription-reads": [
          "14983"
        ],
        "x-ms-request-id": [
          "76301003-542d-4054-a732-bd4297857311"
        ],
        "x-ms-correlation-request-id": [
          "76301003-542d-4054-a732-bd4297857311"
        ],
        "x-ms-routing-request-id": [
          "WESTUS2:20170323T220015Z:76301003-542d-4054-a732-bd4297857311"
        ],
        "Strict-Transport-Security": [
          "max-age=31536000; includeSubDomains"
        ]
      },
      "StatusCode": 202
    },
    {
      "RequestUri": "/subscriptions/c549f475-dee8-428c-bb19-829a55e52f77/operationresults/eyJqb2JJZCI6IlJFU09VUkNFR1JPVVBERUxFVElPTkpPQi1SR0ZMVUVOVENIQVNIOjJENTQzOS1XRVNUQ0VOVFJBTFVTIiwiam9iTG9jYXRpb24iOiJ3ZXN0Y2VudHJhbHVzIn0?api-version=2016-02-01",
      "EncodedRequestUri": "L3N1YnNjcmlwdGlvbnMvYzU0OWY0NzUtZGVlOC00MjhjLWJiMTktODI5YTU1ZTUyZjc3L29wZXJhdGlvbnJlc3VsdHMvZXlKcWIySkpaQ0k2SWxKRlUwOVZVa05GUjFKUFZWQkVSVXhGVkVsUFRrcFBRaTFTUjBaTVZVVk9WRU5JUVZOSU9qSkVOVFF6T1MxWFJWTlVRMFZPVkZKQlRGVlRJaXdpYW05aVRHOWpZWFJwYjI0aU9pSjNaWE4wWTJWdWRISmhiSFZ6SW4wP2FwaS12ZXJzaW9uPTIwMTYtMDItMDE=",
      "RequestMethod": "GET",
      "RequestBody": "",
      "RequestHeaders": {
        "User-Agent": [
          "FxVersion/4.6.24410.01",
          "Microsoft.Azure.Management.ResourceManager.Fluent.ResourceManagementClient/1.0.0-beta51"
        ]
      },
      "ResponseBody": "",
      "ResponseHeaders": {
        "Content-Length": [
          "0"
        ],
        "Expires": [
          "-1"
        ],
        "Cache-Control": [
          "no-cache"
        ],
        "Date": [
          "Thu, 23 Mar 2017 22:00:45 GMT"
        ],
        "Pragma": [
          "no-cache"
        ],
        "Location": [
          "https://management.azure.com/subscriptions/c549f475-dee8-428c-bb19-829a55e52f77/operationresults/eyJqb2JJZCI6IlJFU09VUkNFR1JPVVBERUxFVElPTkpPQi1SR0ZMVUVOVENIQVNIOjJENTQzOS1XRVNUQ0VOVFJBTFVTIiwiam9iTG9jYXRpb24iOiJ3ZXN0Y2VudHJhbHVzIn0?api-version=2016-02-01"
        ],
        "Retry-After": [
          "15"
        ],
        "x-ms-ratelimit-remaining-subscription-reads": [
          "14982"
        ],
        "x-ms-request-id": [
          "952292ee-eaa4-4acb-83cb-ffe696eda9a0"
        ],
        "x-ms-correlation-request-id": [
          "952292ee-eaa4-4acb-83cb-ffe696eda9a0"
        ],
        "x-ms-routing-request-id": [
          "WESTUS2:20170323T220045Z:952292ee-eaa4-4acb-83cb-ffe696eda9a0"
        ],
        "Strict-Transport-Security": [
          "max-age=31536000; includeSubDomains"
        ]
      },
      "StatusCode": 202
    },
    {
      "RequestUri": "/subscriptions/c549f475-dee8-428c-bb19-829a55e52f77/operationresults/eyJqb2JJZCI6IlJFU09VUkNFR1JPVVBERUxFVElPTkpPQi1SR0ZMVUVOVENIQVNIOjJENTQzOS1XRVNUQ0VOVFJBTFVTIiwiam9iTG9jYXRpb24iOiJ3ZXN0Y2VudHJhbHVzIn0?api-version=2016-02-01",
      "EncodedRequestUri": "L3N1YnNjcmlwdGlvbnMvYzU0OWY0NzUtZGVlOC00MjhjLWJiMTktODI5YTU1ZTUyZjc3L29wZXJhdGlvbnJlc3VsdHMvZXlKcWIySkpaQ0k2SWxKRlUwOVZVa05GUjFKUFZWQkVSVXhGVkVsUFRrcFBRaTFTUjBaTVZVVk9WRU5JUVZOSU9qSkVOVFF6T1MxWFJWTlVRMFZPVkZKQlRGVlRJaXdpYW05aVRHOWpZWFJwYjI0aU9pSjNaWE4wWTJWdWRISmhiSFZ6SW4wP2FwaS12ZXJzaW9uPTIwMTYtMDItMDE=",
      "RequestMethod": "GET",
      "RequestBody": "",
      "RequestHeaders": {
        "User-Agent": [
          "FxVersion/4.6.24410.01",
          "Microsoft.Azure.Management.ResourceManager.Fluent.ResourceManagementClient/1.0.0-beta51"
        ]
      },
      "ResponseBody": "",
      "ResponseHeaders": {
        "Content-Length": [
          "0"
        ],
        "Expires": [
          "-1"
        ],
        "Cache-Control": [
          "no-cache"
        ],
        "Date": [
          "Thu, 23 Mar 2017 22:01:15 GMT"
        ],
        "Pragma": [
          "no-cache"
        ],
        "Location": [
          "https://management.azure.com/subscriptions/c549f475-dee8-428c-bb19-829a55e52f77/operationresults/eyJqb2JJZCI6IlJFU09VUkNFR1JPVVBERUxFVElPTkpPQi1SR0ZMVUVOVENIQVNIOjJENTQzOS1XRVNUQ0VOVFJBTFVTIiwiam9iTG9jYXRpb24iOiJ3ZXN0Y2VudHJhbHVzIn0?api-version=2016-02-01"
        ],
        "Retry-After": [
          "15"
        ],
        "x-ms-ratelimit-remaining-subscription-reads": [
          "14981"
        ],
        "x-ms-request-id": [
          "471e3a3e-1e6b-4b87-bd58-dc5093de7663"
        ],
        "x-ms-correlation-request-id": [
          "471e3a3e-1e6b-4b87-bd58-dc5093de7663"
        ],
        "x-ms-routing-request-id": [
          "WESTUS2:20170323T220115Z:471e3a3e-1e6b-4b87-bd58-dc5093de7663"
        ],
        "Strict-Transport-Security": [
          "max-age=31536000; includeSubDomains"
        ]
      },
      "StatusCode": 202
    },
    {
      "RequestUri": "/subscriptions/c549f475-dee8-428c-bb19-829a55e52f77/operationresults/eyJqb2JJZCI6IlJFU09VUkNFR1JPVVBERUxFVElPTkpPQi1SR0ZMVUVOVENIQVNIOjJENTQzOS1XRVNUQ0VOVFJBTFVTIiwiam9iTG9jYXRpb24iOiJ3ZXN0Y2VudHJhbHVzIn0?api-version=2016-02-01",
      "EncodedRequestUri": "L3N1YnNjcmlwdGlvbnMvYzU0OWY0NzUtZGVlOC00MjhjLWJiMTktODI5YTU1ZTUyZjc3L29wZXJhdGlvbnJlc3VsdHMvZXlKcWIySkpaQ0k2SWxKRlUwOVZVa05GUjFKUFZWQkVSVXhGVkVsUFRrcFBRaTFTUjBaTVZVVk9WRU5JUVZOSU9qSkVOVFF6T1MxWFJWTlVRMFZPVkZKQlRGVlRJaXdpYW05aVRHOWpZWFJwYjI0aU9pSjNaWE4wWTJWdWRISmhiSFZ6SW4wP2FwaS12ZXJzaW9uPTIwMTYtMDItMDE=",
      "RequestMethod": "GET",
      "RequestBody": "",
      "RequestHeaders": {
        "User-Agent": [
          "FxVersion/4.6.24410.01",
          "Microsoft.Azure.Management.ResourceManager.Fluent.ResourceManagementClient/1.0.0-beta51"
        ]
      },
      "ResponseBody": "",
      "ResponseHeaders": {
        "Content-Length": [
          "0"
        ],
        "Expires": [
          "-1"
        ],
        "Cache-Control": [
          "no-cache"
        ],
        "Date": [
          "Thu, 23 Mar 2017 22:01:45 GMT"
        ],
        "Pragma": [
          "no-cache"
        ],
        "Location": [
          "https://management.azure.com/subscriptions/c549f475-dee8-428c-bb19-829a55e52f77/operationresults/eyJqb2JJZCI6IlJFU09VUkNFR1JPVVBERUxFVElPTkpPQi1SR0ZMVUVOVENIQVNIOjJENTQzOS1XRVNUQ0VOVFJBTFVTIiwiam9iTG9jYXRpb24iOiJ3ZXN0Y2VudHJhbHVzIn0?api-version=2016-02-01"
        ],
        "Retry-After": [
          "15"
        ],
        "x-ms-ratelimit-remaining-subscription-reads": [
          "14980"
        ],
        "x-ms-request-id": [
          "d375fe3e-5634-49ca-9fe6-6ab72c7006fe"
        ],
        "x-ms-correlation-request-id": [
          "d375fe3e-5634-49ca-9fe6-6ab72c7006fe"
        ],
        "x-ms-routing-request-id": [
          "WESTUS2:20170323T220145Z:d375fe3e-5634-49ca-9fe6-6ab72c7006fe"
        ],
        "Strict-Transport-Security": [
          "max-age=31536000; includeSubDomains"
        ]
      },
      "StatusCode": 202
    },
    {
      "RequestUri": "/subscriptions/c549f475-dee8-428c-bb19-829a55e52f77/operationresults/eyJqb2JJZCI6IlJFU09VUkNFR1JPVVBERUxFVElPTkpPQi1SR0ZMVUVOVENIQVNIOjJENTQzOS1XRVNUQ0VOVFJBTFVTIiwiam9iTG9jYXRpb24iOiJ3ZXN0Y2VudHJhbHVzIn0?api-version=2016-02-01",
      "EncodedRequestUri": "L3N1YnNjcmlwdGlvbnMvYzU0OWY0NzUtZGVlOC00MjhjLWJiMTktODI5YTU1ZTUyZjc3L29wZXJhdGlvbnJlc3VsdHMvZXlKcWIySkpaQ0k2SWxKRlUwOVZVa05GUjFKUFZWQkVSVXhGVkVsUFRrcFBRaTFTUjBaTVZVVk9WRU5JUVZOSU9qSkVOVFF6T1MxWFJWTlVRMFZPVkZKQlRGVlRJaXdpYW05aVRHOWpZWFJwYjI0aU9pSjNaWE4wWTJWdWRISmhiSFZ6SW4wP2FwaS12ZXJzaW9uPTIwMTYtMDItMDE=",
      "RequestMethod": "GET",
      "RequestBody": "",
      "RequestHeaders": {
        "User-Agent": [
          "FxVersion/4.6.24410.01",
          "Microsoft.Azure.Management.ResourceManager.Fluent.ResourceManagementClient/1.0.0-beta51"
        ]
      },
      "ResponseBody": "",
      "ResponseHeaders": {
        "Content-Length": [
          "0"
        ],
        "Expires": [
          "-1"
        ],
        "Cache-Control": [
          "no-cache"
        ],
        "Date": [
          "Thu, 23 Mar 2017 22:02:15 GMT"
        ],
        "Pragma": [
          "no-cache"
        ],
        "Location": [
          "https://management.azure.com/subscriptions/c549f475-dee8-428c-bb19-829a55e52f77/operationresults/eyJqb2JJZCI6IlJFU09VUkNFR1JPVVBERUxFVElPTkpPQi1SR0ZMVUVOVENIQVNIOjJENTQzOS1XRVNUQ0VOVFJBTFVTIiwiam9iTG9jYXRpb24iOiJ3ZXN0Y2VudHJhbHVzIn0?api-version=2016-02-01"
        ],
        "Retry-After": [
          "15"
        ],
        "x-ms-ratelimit-remaining-subscription-reads": [
          "14979"
        ],
        "x-ms-request-id": [
          "e7bd6ce4-6c58-48d4-9278-25ecbcb73c23"
        ],
        "x-ms-correlation-request-id": [
          "e7bd6ce4-6c58-48d4-9278-25ecbcb73c23"
        ],
        "x-ms-routing-request-id": [
          "WESTUS2:20170323T220215Z:e7bd6ce4-6c58-48d4-9278-25ecbcb73c23"
        ],
        "Strict-Transport-Security": [
          "max-age=31536000; includeSubDomains"
        ]
      },
      "StatusCode": 202
    },
    {
      "RequestUri": "/subscriptions/c549f475-dee8-428c-bb19-829a55e52f77/operationresults/eyJqb2JJZCI6IlJFU09VUkNFR1JPVVBERUxFVElPTkpPQi1SR0ZMVUVOVENIQVNIOjJENTQzOS1XRVNUQ0VOVFJBTFVTIiwiam9iTG9jYXRpb24iOiJ3ZXN0Y2VudHJhbHVzIn0?api-version=2016-02-01",
      "EncodedRequestUri": "L3N1YnNjcmlwdGlvbnMvYzU0OWY0NzUtZGVlOC00MjhjLWJiMTktODI5YTU1ZTUyZjc3L29wZXJhdGlvbnJlc3VsdHMvZXlKcWIySkpaQ0k2SWxKRlUwOVZVa05GUjFKUFZWQkVSVXhGVkVsUFRrcFBRaTFTUjBaTVZVVk9WRU5JUVZOSU9qSkVOVFF6T1MxWFJWTlVRMFZPVkZKQlRGVlRJaXdpYW05aVRHOWpZWFJwYjI0aU9pSjNaWE4wWTJWdWRISmhiSFZ6SW4wP2FwaS12ZXJzaW9uPTIwMTYtMDItMDE=",
      "RequestMethod": "GET",
      "RequestBody": "",
      "RequestHeaders": {
        "User-Agent": [
          "FxVersion/4.6.24410.01",
          "Microsoft.Azure.Management.ResourceManager.Fluent.ResourceManagementClient/1.0.0-beta51"
        ]
      },
      "ResponseBody": "",
      "ResponseHeaders": {
        "Content-Length": [
          "0"
        ],
        "Expires": [
          "-1"
        ],
        "Cache-Control": [
          "no-cache"
        ],
        "Date": [
          "Thu, 23 Mar 2017 22:02:45 GMT"
        ],
        "Pragma": [
          "no-cache"
        ],
        "x-ms-ratelimit-remaining-subscription-reads": [
          "14978"
        ],
        "x-ms-request-id": [
          "d8872782-c65e-4eb6-818d-bd21267b2cef"
        ],
        "x-ms-correlation-request-id": [
          "d8872782-c65e-4eb6-818d-bd21267b2cef"
        ],
        "x-ms-routing-request-id": [
          "WESTUS2:20170323T220246Z:d8872782-c65e-4eb6-818d-bd21267b2cef"
        ],
        "Strict-Transport-Security": [
          "max-age=31536000; includeSubDomains"
        ]
      },
      "StatusCode": 200
    }
  ],
  "Names": {
    "CanCreateImageFromNativeVhd": [
      "img55a98939fe77",
      "rgfluentchash-5439",
      "muldvm49d45938",
      "pip11916034f947",
      "nic167590ab8e0",
      "vnet78b492081797",
      "pipfc17127356",
      "stgcc447357c2b",
      "cusvma44988602",
      "nic63863088c70",
      "vnet655287234e1d"
    ]
  },
  "Variables": {
    "ServicePrincipal": "db2b2faa-5626-455b-ac5a-0ee3e9337312",
    "AADTenant": "72f988bf-86f1-41af-91ab-2d7cd011db47",
    "SubscriptionId": "c549f475-dee8-428c-bb19-829a55e52f77"
  }
}