{
  "Entries": [
    {
      "RequestUri": "https://management.azure.com/subscriptions/c526bbbc-c5ff-46b0-9ca8-3e8cb92a2cf5/resourceGroups/MediaServiceRG6657/providers/Microsoft.Media/mediaservices/mediadotnetsdktests2203?api-version=2023-01-01",
      "RequestMethod": "PUT",
      "RequestHeaders": {
        "Accept": "application/json",
        "Authorization": "Sanitized",
        "Content-Length": "245",
        "Content-Type": "application/json",
        "traceparent": "00-bcf510c6011864ec1ec98476ee86ed1d-d095f92e1f473e4a-00",
        "User-Agent": "azsdk-net-ResourceManager.Media/1.2.0-alpha.20230321.1 (.NET 6.0.15; Microsoft Windows 10.0.22621)",
        "x-ms-client-request-id": "7cbbbd9519b544d2ad04b0df1c5405f8",
        "x-ms-return-client-request-id": "true"
      },
      "RequestBody": {
        "tags": {},
        "location": "westus2",
        "properties": {
          "storageAccounts": [
            {
              "id": "/subscriptions/c526bbbc-c5ff-46b0-9ca8-3e8cb92a2cf5/resourceGroups/MediaServiceRG6657/providers/Microsoft.Storage/storageAccounts/azstorageformedia2660",
              "type": "Primary"
            }
          ]
        }
      },
      "StatusCode": 201,
      "ResponseHeaders": {
        "Azure-AsyncOperation": "https://management.azure.com/subscriptions/c526bbbc-c5ff-46b0-9ca8-3e8cb92a2cf5/providers/Microsoft.Media/locations/westus2/mediaServicesOperationStatuses/a625afc4-4717-470f-bcc2-52d5e128fe5b?api-version=2023-01-01",
        "Cache-Control": "no-cache",
        "Content-Length": "830",
        "Content-Type": "application/json; odata.metadata=minimal",
        "Date": "Wed, 22 Mar 2023 06:40:04 GMT",
        "Expires": "-1",
        "Location": "https://management.azure.com/subscriptions/c526bbbc-c5ff-46b0-9ca8-3e8cb92a2cf5/providers/Microsoft.Media/locations/westus2/mediaServicesOperationResults/a625afc4-4717-470f-bcc2-52d5e128fe5b?api-version=2023-01-01",
        "OData-Version": "4.0",
        "Pragma": "no-cache",
        "Retry-After": "30",
        "Server": "Microsoft-HTTPAPI/2.0",
        "Strict-Transport-Security": "max-age=31536000; includeSubDomains",
        "X-Content-Type-Options": "nosniff",
        "x-ms-client-request-id": "7cbbbd9519b544d2ad04b0df1c5405f8",
        "x-ms-correlation-request-id": "332fb1be-435a-429c-a9eb-93aac108aa8a",
        "x-ms-ratelimit-remaining-subscription-writes": "1027",
        "x-ms-request-id": "8c642802-ab87-4e7e-abad-b10a835b7fc2",
        "x-ms-routing-request-id": "WESTCENTRALUS:20230322T064005Z:332fb1be-435a-429c-a9eb-93aac108aa8a"
      },
      "ResponseBody": {
        "name": "mediadotnetsdktests2203",
        "id": "/subscriptions/c526bbbc-c5ff-46b0-9ca8-3e8cb92a2cf5/resourceGroups/MediaServiceRG6657/providers/Microsoft.Media/mediaservices/mediadotnetsdktests2203",
        "type": "Microsoft.Media/mediaservices",
        "location": "West US 2",
        "tags": {},
        "properties": {
          "mediaServiceId": "e0455475-52a4-4630-ad84-3c19e4bc3bf1",
          "storageAccounts": [
            {
              "id": "/subscriptions/c526bbbc-c5ff-46b0-9ca8-3e8cb92a2cf5/resourceGroups/MediaServiceRG6657/providers/Microsoft.Storage/storageAccounts/azstorageformedia2660",
              "type": "Primary"
            }
          ],
          "keyDelivery": {
            "accessControl": {
              "defaultAction": "Allow",
              "ipAllowList": []
            }
          },
          "publicNetworkAccess": "Enabled",
          "provisioningState": "InProgress",
          "privateEndpointConnections": []
        }
      }
    },
    {
      "RequestUri": "https://management.azure.com/subscriptions/c526bbbc-c5ff-46b0-9ca8-3e8cb92a2cf5/providers/Microsoft.Media/locations/westus2/mediaServicesOperationStatuses/a625afc4-4717-470f-bcc2-52d5e128fe5b?api-version=2023-01-01",
      "RequestMethod": "GET",
      "RequestHeaders": {
        "Authorization": "Sanitized",
        "traceparent": "00-bcf510c6011864ec1ec98476ee86ed1d-a20c9b29220f7c05-00",
        "User-Agent": "azsdk-net-ResourceManager/1.4.0 (.NET 6.0.15; Microsoft Windows 10.0.22621)",
        "x-ms-client-request-id": "8f6f3919fdb7dc4b770a7ea7a76ad1eb",
        "x-ms-return-client-request-id": "true"
      },
      "RequestBody": null,
      "StatusCode": 200,
      "ResponseHeaders": {
        "Cache-Control": "no-cache",
        "Content-Length": "288",
        "Content-Type": "application/json; odata.metadata=minimal; odata.streaming=true",
        "Date": "Wed, 22 Mar 2023 06:40:05 GMT",
        "Expires": "-1",
        "OData-Version": "4.0",
        "Pragma": "no-cache",
        "Server": "Microsoft-HTTPAPI/2.0",
        "Strict-Transport-Security": "max-age=31536000; includeSubDomains",
        "X-Content-Type-Options": "nosniff",
        "x-ms-client-request-id": "8f6f3919fdb7dc4b770a7ea7a76ad1eb",
        "x-ms-correlation-request-id": "a6430fd5-c3a8-45cb-8c66-3be2ca195199",
        "x-ms-ratelimit-remaining-subscription-reads": "11507",
        "x-ms-request-id": "2633dd06-89b1-4691-bc72-64d5222c7b90",
        "x-ms-routing-request-id": "WESTCENTRALUS:20230322T064005Z:a6430fd5-c3a8-45cb-8c66-3be2ca195199"
      },
      "ResponseBody": {
        "name": "a625afc4-4717-470f-bcc2-52d5e128fe5b",
        "id": "/subscriptions/c526bbbc-c5ff-46b0-9ca8-3e8cb92a2cf5/providers/Microsoft.Media/locations/westus2/mediaServicesOperationStatuses/a625afc4-4717-470f-bcc2-52d5e128fe5b",
        "startTime": "2023-03-22T06:40:05.259128Z",
        "status": "InProgress"
      }
    },
    {
      "RequestUri": "https://management.azure.com/subscriptions/c526bbbc-c5ff-46b0-9ca8-3e8cb92a2cf5/providers/Microsoft.Media/locations/westus2/mediaServicesOperationStatuses/a625afc4-4717-470f-bcc2-52d5e128fe5b?api-version=2023-01-01",
      "RequestMethod": "GET",
      "RequestHeaders": {
        "Authorization": "Sanitized",
        "traceparent": "00-bcf510c6011864ec1ec98476ee86ed1d-d5f0c79cd5c35a91-00",
        "User-Agent": "azsdk-net-ResourceManager/1.4.0 (.NET 6.0.15; Microsoft Windows 10.0.22621)",
        "x-ms-client-request-id": "27d916d1fd99c577a67ddee4d2cce747",
        "x-ms-return-client-request-id": "true"
      },
      "RequestBody": null,
      "StatusCode": 200,
      "ResponseHeaders": {
        "Cache-Control": "no-cache",
        "Content-Length": "328",
        "Content-Type": "application/json; odata.metadata=minimal; odata.streaming=true",
        "Date": "Wed, 22 Mar 2023 06:40:06 GMT",
        "Expires": "-1",
        "OData-Version": "4.0",
        "Pragma": "no-cache",
        "Server": "Microsoft-HTTPAPI/2.0",
        "Strict-Transport-Security": "max-age=31536000; includeSubDomains",
        "X-Content-Type-Options": "nosniff",
        "x-ms-client-request-id": "27d916d1fd99c577a67ddee4d2cce747",
        "x-ms-correlation-request-id": "6cd17731-ac75-4c17-8dad-f0637341cf9a",
        "x-ms-ratelimit-remaining-subscription-reads": "11506",
        "x-ms-request-id": "7b51baae-c81c-4dc2-b7c7-c41faf51c1a4",
        "x-ms-routing-request-id": "WESTCENTRALUS:20230322T064006Z:6cd17731-ac75-4c17-8dad-f0637341cf9a"
      },
      "ResponseBody": {
        "name": "a625afc4-4717-470f-bcc2-52d5e128fe5b",
        "id": "/subscriptions/c526bbbc-c5ff-46b0-9ca8-3e8cb92a2cf5/providers/Microsoft.Media/locations/westus2/mediaServicesOperationStatuses/a625afc4-4717-470f-bcc2-52d5e128fe5b",
        "startTime": "2023-03-22T06:40:05.259128Z",
        "endTime": "2023-03-22T06:40:05.7904141Z",
        "status": "Succeeded"
      }
    },
    {
      "RequestUri": "https://management.azure.com/subscriptions/c526bbbc-c5ff-46b0-9ca8-3e8cb92a2cf5/resourceGroups/MediaServiceRG6657/providers/Microsoft.Media/mediaservices/mediadotnetsdktests2203?api-version=2023-01-01",
      "RequestMethod": "GET",
      "RequestHeaders": {
        "Authorization": "Sanitized",
        "traceparent": "00-bcf510c6011864ec1ec98476ee86ed1d-c8b6834802f7d5ef-00",
        "User-Agent": "azsdk-net-ResourceManager/1.4.0 (.NET 6.0.15; Microsoft Windows 10.0.22621)",
        "x-ms-client-request-id": "e2c5e27076e516404a55390b506f9733",
        "x-ms-return-client-request-id": "true"
      },
      "RequestBody": null,
      "StatusCode": 200,
      "ResponseHeaders": {
        "Cache-Control": "no-cache",
        "Content-Length": "918",
        "Content-Type": "application/json; odata.metadata=minimal; odata.streaming=true",
        "Date": "Wed, 22 Mar 2023 06:40:06 GMT",
        "Expires": "-1",
        "OData-Version": "4.0",
        "Pragma": "no-cache",
        "Server": "Microsoft-HTTPAPI/2.0",
        "Strict-Transport-Security": "max-age=31536000; includeSubDomains",
        "X-Content-Type-Options": "nosniff",
        "x-ms-client-request-id": "e2c5e27076e516404a55390b506f9733",
        "x-ms-correlation-request-id": "b556efb5-5c90-459f-aa5e-7d97d675c435",
        "x-ms-ratelimit-remaining-subscription-reads": "11505",
        "x-ms-request-id": "ddb87d38-cbe4-4ab2-97f7-d12e722860fd",
        "x-ms-routing-request-id": "WESTCENTRALUS:20230322T064006Z:b556efb5-5c90-459f-aa5e-7d97d675c435"
      },
      "ResponseBody": {
        "name": "mediadotnetsdktests2203",
        "id": "/subscriptions/c526bbbc-c5ff-46b0-9ca8-3e8cb92a2cf5/resourceGroups/MediaServiceRG6657/providers/Microsoft.Media/mediaservices/mediadotnetsdktests2203",
        "type": "Microsoft.Media/mediaservices",
        "location": "West US 2",
        "properties": {
          "mediaServiceId": "e0455475-52a4-4630-ad84-3c19e4bc3bf1",
          "storageAccounts": [
            {
              "id": "/subscriptions/c526bbbc-c5ff-46b0-9ca8-3e8cb92a2cf5/resourceGroups/MediaServiceRG6657/providers/Microsoft.Storage/storageAccounts/azstorageformedia2660",
              "type": "Primary"
            }
          ],
          "storageAuthentication": "System",
          "encryption": {
            "type": "SystemKey"
          },
          "keyDelivery": {
            "accessControl": {
              "defaultAction": "Allow",
              "ipAllowList": []
            }
          },
          "publicNetworkAccess": "Enabled",
          "provisioningState": "Succeeded",
          "privateEndpointConnections": [],
          "minimumTlsVersion": "Tls12"
        }
      }
    },
    {
      "RequestUri": "https://management.azure.com/subscriptions/c526bbbc-c5ff-46b0-9ca8-3e8cb92a2cf5/resourceGroups/MediaServiceRG6657/providers/Microsoft.Media/mediaServices/mediadotnetsdktests2203/assets/emptyAsset1214?api-version=2023-01-01",
      "RequestMethod": "PUT",
      "RequestHeaders": {
        "Accept": "application/json",
        "Authorization": "Sanitized",
        "Content-Length": "17",
        "Content-Type": "application/json",
        "traceparent": "00-e73660869bac82f02662d77198bb348c-58d1f09d6804751a-00",
        "User-Agent": "azsdk-net-ResourceManager.Media/1.2.0-alpha.20230321.1 (.NET 6.0.15; Microsoft Windows 10.0.22621)",
        "x-ms-client-request-id": "6d8c46341c34aac2e83a1e670aaa2337",
        "x-ms-return-client-request-id": "true"
      },
      "RequestBody": {
        "properties": {}
      },
      "StatusCode": 201,
      "ResponseHeaders": {
        "Cache-Control": "no-cache",
        "Content-Length": "830",
        "Content-Type": "application/json; odata.metadata=minimal",
        "Date": "Wed, 22 Mar 2023 06:40:06 GMT",
        "Expires": "-1",
        "OData-Version": "4.0",
        "Pragma": "no-cache",
        "Server": "Microsoft-HTTPAPI/2.0",
        "Strict-Transport-Security": "max-age=31536000; includeSubDomains",
        "X-Content-Type-Options": "nosniff",
        "x-ms-client-request-id": "6d8c46341c34aac2e83a1e670aaa2337",
        "x-ms-correlation-request-id": "d7201c90-1eb9-4011-8b09-62dd281e9772",
        "x-ms-ratelimit-remaining-subscription-resource-requests": "11981",
        "x-ms-request-id": "a9c944b8-0520-4dae-becc-0401c83826ec",
        "x-ms-routing-request-id": "WESTCENTRALUS:20230322T064007Z:d7201c90-1eb9-4011-8b09-62dd281e9772"
      },
      "ResponseBody": {
        "name": "emptyAsset1214",
        "id": "/subscriptions/c526bbbc-c5ff-46b0-9ca8-3e8cb92a2cf5/resourceGroups/MediaServiceRG6657/providers/Microsoft.Media/mediaservices/mediadotnetsdktests2203/assets/emptyAsset1214",
        "type": "Microsoft.Media/mediaservices/assets",
        "properties": {
          "assetId": "8e2d7342-a7ed-4f29-b269-ad660201168e",
          "created": "2023-03-22T06:40:07.123Z",
          "lastModified": "2023-03-22T06:40:07.123Z",
          "container": "asset-8e2d7342-a7ed-4f29-b269-ad660201168e",
          "storageAccountName": "azstorageformedia2660",
          "storageEncryptionFormat": "None"
        },
        "systemData": {
          "createdBy": "d2631ee4-9bcf-4b98-bd42-dced0fadaa92",
          "createdByType": "Application",
          "createdAt": "2023-03-22T06:40:06.922265Z",
          "lastModifiedBy": "d2631ee4-9bcf-4b98-bd42-dced0fadaa92",
          "lastModifiedByType": "Application",
          "lastModifiedAt": "2023-03-22T06:40:06.922265Z"
        }
      }
    },
    {
      "RequestUri": "https://management.azure.com/subscriptions/c526bbbc-c5ff-46b0-9ca8-3e8cb92a2cf5/resourceGroups/MediaServiceRG6657/providers/Microsoft.Media/mediaServices/mediadotnetsdktests2203/streamingLocators/streamingLocator9862?api-version=2023-01-01",
      "RequestMethod": "PUT",
      "RequestHeaders": {
        "Accept": "application/json",
        "Authorization": "Sanitized",
        "Content-Length": "99",
        "Content-Type": "application/json",
        "traceparent": "00-55d2a6f981e5a4dda5f22b0df17f896b-fc39cf0f2db527c8-00",
        "User-Agent": "azsdk-net-ResourceManager.Media/1.2.0-alpha.20230321.1 (.NET 6.0.15; Microsoft Windows 10.0.22621)",
        "x-ms-client-request-id": "eea5c4375a06c2d5dc44c46b7437e6aa",
        "x-ms-return-client-request-id": "true"
      },
      "RequestBody": {
        "properties": {
          "assetName": "emptyAsset1214",
          "streamingPolicyName": "Predefined_ClearStreamingOnly"
        }
      },
      "StatusCode": 201,
      "ResponseHeaders": {
        "Cache-Control": "no-cache",
        "Content-Length": "886",
        "Content-Type": "application/json; odata.metadata=minimal",
        "Date": "Wed, 22 Mar 2023 06:40:06 GMT",
        "Expires": "-1",
        "OData-Version": "4.0",
        "Pragma": "no-cache",
        "Server": "Microsoft-HTTPAPI/2.0",
        "Strict-Transport-Security": "max-age=31536000; includeSubDomains",
        "X-Content-Type-Options": "nosniff",
        "x-ms-client-request-id": "eea5c4375a06c2d5dc44c46b7437e6aa",
        "x-ms-correlation-request-id": "f3425982-3fdc-4e7a-a8e7-a755536e53a3",
        "x-ms-ratelimit-remaining-subscription-resource-requests": "11999",
        "x-ms-request-id": "d2822661-8b6d-4017-bff9-ced2eaf9b8a9",
        "x-ms-routing-request-id": "WESTCENTRALUS:20230322T064007Z:f3425982-3fdc-4e7a-a8e7-a755536e53a3"
      },
      "ResponseBody": {
        "name": "streamingLocator9862",
        "id": "/subscriptions/c526bbbc-c5ff-46b0-9ca8-3e8cb92a2cf5/resourceGroups/MediaServiceRG6657/providers/Microsoft.Media/mediaservices/mediadotnetsdktests2203/streamingLocators/streamingLocator9862",
        "type": "Microsoft.Media/mediaservices/streamingLocators",
        "properties": {
          "assetName": "emptyAsset1214",
          "created": "2023-03-22T06:40:07.4519429Z",
          "endTime": "9999-12-31T23:59:59.9999999Z",
          "streamingLocatorId": "f0c4dfba-a5c9-4788-b359-35cebdcba2e6",
          "streamingPolicyName": "Predefined_ClearStreamingOnly",
          "contentKeys": [],
          "filters": []
        },
        "systemData": {
          "createdBy": "d2631ee4-9bcf-4b98-bd42-dced0fadaa92",
          "createdByType": "Application",
          "createdAt": "2023-03-22T06:40:07.3753788Z",
          "lastModifiedBy": "d2631ee4-9bcf-4b98-bd42-dced0fadaa92",
          "lastModifiedByType": "Application",
          "lastModifiedAt": "2023-03-22T06:40:07.3753788Z"
        }
      }
    }
  ],
  "Variables": {
    "AZURE_AUTHORITY_HOST": "https://login.microsoftonline.com",
    "DateTimeOffsetNow": "2023-03-21T23:40:02.9936898-07:00",
    "RandomSeed": "626821853",
    "RESOURCE_MANAGER_URL": null,
    "SUBSCRIPTION_ID": "c526bbbc-c5ff-46b0-9ca8-3e8cb92a2cf5"
  }
}
