{
  "Entries": [
    {
      "RequestUri": "https://management.azure.com/subscriptions/db1ab6f0-4769-4b27-930e-01e2ef9c123c/resourceGroups/MediaServiceRG8089/providers/Microsoft.Media/mediaservices/dotnetsdkmediatest9131?api-version=2021-11-01",
      "RequestMethod": "GET",
      "RequestHeaders": {
        "Accept": "application/json",
        "Authorization": "Sanitized",
        "traceparent": "00-4bd95914c79c2f429709fb74aab27bd2-a32f15eb58eaaf49-00",
        "User-Agent": "azsdk-net-ResourceManager.Media/1.1.0-alpha.20221130.1 (.NET Framework 4.8.4515.0; Microsoft Windows 10.0.19045 )",
        "x-ms-client-request-id": "1de373c45f51734f69cda585374ad190",
        "x-ms-return-client-request-id": "true"
      },
      "RequestBody": null,
      "StatusCode": 200,
      "ResponseHeaders": {
        "Cache-Control": "no-cache",
        "Content-Length": "888",
        "Content-Type": "application/json; odata.metadata=minimal",
        "Date": "Wed, 30 Nov 2022 09:43:37 GMT",
        "Expires": "-1",
        "OData-Version": "4.0",
        "Pragma": "no-cache",
        "Server": "Microsoft-HTTPAPI/2.0",
        "Strict-Transport-Security": "max-age=31536000; includeSubDomains",
        "X-Content-Type-Options": "nosniff",
        "x-ms-client-request-id": "1de373c45f51734f69cda585374ad190",
        "x-ms-correlation-request-id": "db5a10ef-4953-47a4-bd37-cdfc529af22a",
        "x-ms-ratelimit-remaining-subscription-reads": "11988",
        "x-ms-request-id": "04e9aea7-9d8e-41bc-b3f9-823c017b06fc",
        "x-ms-routing-request-id": "SOUTHEASTASIA:20221130T094338Z:db5a10ef-4953-47a4-bd37-cdfc529af22a"
      },
      "ResponseBody": {
        "name": "dotnetsdkmediatest9131",
        "id": "/subscriptions/db1ab6f0-4769-4b27-930e-01e2ef9c123c/resourceGroups/MediaServiceRG8089/providers/Microsoft.Media/mediaservices/dotnetsdkmediatest9131",
        "type": "Microsoft.Media/mediaservices",
        "location": "West US 2",
        "properties": {
          "mediaServiceId": "f0979258-f2d5-4438-8102-cb11840439c2",
          "storageAccounts": [
            {
              "id": "/subscriptions/db1ab6f0-4769-4b27-930e-01e2ef9c123c/resourceGroups/MediaServiceRG8089/providers/Microsoft.Storage/storageAccounts/azstorageformedia8259",
              "type": "Primary"
            }
          ],
          "storageAuthentication": "System",
          "encryption": {
            "type": "SystemKey"
          },
          "keyDelivery": {
            "accessControl": {
              "defaultAction": "Allow",
              "ipAllowList": []
            }
          },
          "publicNetworkAccess": "Enabled",
          "provisioningState": "Succeeded",
          "privateEndpointConnections": []
        }
      }
    },
    {
      "RequestUri": "https://management.azure.com/subscriptions/db1ab6f0-4769-4b27-930e-01e2ef9c123c/resourceGroups/MediaServiceRG8089/providers/Microsoft.Media/mediaServices/dotnetsdkmediatest9131/assets/emptyAsset4059?api-version=2022-08-01",
      "RequestMethod": "PUT",
      "RequestHeaders": {
        "Accept": "application/json",
        "Authorization": "Sanitized",
        "Content-Length": "17",
        "Content-Type": "application/json",
        "traceparent": "00-e77011979b28fd49a3f1859f7feee7f6-2eac0dc6e7b13a4e-00",
        "User-Agent": "azsdk-net-ResourceManager.Media/1.1.0-alpha.20221130.1 (.NET Framework 4.8.4515.0; Microsoft Windows 10.0.19045 )",
        "x-ms-client-request-id": "dcb5746c3e8819d8bb7e5363dc3bf006",
        "x-ms-return-client-request-id": "true"
      },
      "RequestBody": {
        "properties": {}
      },
      "StatusCode": 201,
      "ResponseHeaders": {
        "Cache-Control": "no-cache",
        "Content-Length": "829",
        "Content-Type": "application/json; odata.metadata=minimal",
        "Date": "Wed, 30 Nov 2022 09:43:38 GMT",
        "Expires": "-1",
        "OData-Version": "4.0",
        "Pragma": "no-cache",
        "Server": "Microsoft-HTTPAPI/2.0",
        "Strict-Transport-Security": "max-age=31536000; includeSubDomains",
        "X-Content-Type-Options": "nosniff",
        "x-ms-client-request-id": "dcb5746c3e8819d8bb7e5363dc3bf006",
        "x-ms-correlation-request-id": "a7d1ebac-89d2-4c98-bdf8-d990a2311d7b",
        "x-ms-ratelimit-remaining-subscription-resource-requests": "11996",
        "x-ms-request-id": "8837a785-dd16-4328-9445-47a29c30e842",
        "x-ms-routing-request-id": "SOUTHEASTASIA:20221130T094339Z:a7d1ebac-89d2-4c98-bdf8-d990a2311d7b"
      },
      "ResponseBody": {
        "name": "emptyAsset4059",
        "id": "/subscriptions/db1ab6f0-4769-4b27-930e-01e2ef9c123c/resourceGroups/MediaServiceRG8089/providers/Microsoft.Media/mediaservices/dotnetsdkmediatest9131/assets/emptyAsset4059",
        "type": "Microsoft.Media/mediaservices/assets",
        "properties": {
          "assetId": "04a33907-4ec0-4c22-adfc-cfb7d4416afc",
          "created": "2022-11-30T09:43:39.03Z",
          "lastModified": "2022-11-30T09:43:39.03Z",
          "container": "asset-04a33907-4ec0-4c22-adfc-cfb7d4416afc",
          "storageAccountName": "azstorageformedia8259",
          "storageEncryptionFormat": "None"
        },
        "systemData": {
          "createdBy": "ea0eddd2-3d60-47f8-b3bf-7ec8ae554d10",
          "createdByType": "Application",
          "createdAt": "2022-11-30T09:43:38.7624443Z",
          "lastModifiedBy": "ea0eddd2-3d60-47f8-b3bf-7ec8ae554d10",
          "lastModifiedByType": "Application",
          "lastModifiedAt": "2022-11-30T09:43:38.7624443Z"
        }
      }
    },
    {
      "RequestUri": "https://management.azure.com/subscriptions/db1ab6f0-4769-4b27-930e-01e2ef9c123c/resourceGroups/MediaServiceRG8089/providers/Microsoft.Media/mediaServices/dotnetsdkmediatest9131/streamingLocators/streamingLocator5389?api-version=2022-08-01",
      "RequestMethod": "PUT",
      "RequestHeaders": {
        "Accept": "application/json",
        "Authorization": "Sanitized",
        "Content-Length": "99",
        "Content-Type": "application/json",
        "traceparent": "00-5699a78774c8a74192b045e62467c426-46dfc44da6373446-00",
        "User-Agent": "azsdk-net-ResourceManager.Media/1.1.0-alpha.20221130.1 (.NET Framework 4.8.4515.0; Microsoft Windows 10.0.19045 )",
        "x-ms-client-request-id": "3dc37c243c2223facaf8ead19e38203c",
        "x-ms-return-client-request-id": "true"
      },
      "RequestBody": {
        "properties": {
          "assetName": "emptyAsset4059",
          "streamingPolicyName": "Predefined_ClearStreamingOnly"
        }
      },
      "StatusCode": 201,
      "ResponseHeaders": {
        "Cache-Control": "no-cache",
        "Content-Length": "885",
        "Content-Type": "application/json; odata.metadata=minimal",
        "Date": "Wed, 30 Nov 2022 09:43:38 GMT",
        "Expires": "-1",
        "OData-Version": "4.0",
        "Pragma": "no-cache",
        "Server": "Microsoft-HTTPAPI/2.0",
        "Strict-Transport-Security": "max-age=31536000; includeSubDomains",
        "X-Content-Type-Options": "nosniff",
        "x-ms-client-request-id": "3dc37c243c2223facaf8ead19e38203c",
        "x-ms-correlation-request-id": "cb7fb244-4f8a-445e-bc12-f4d3963d5d6a",
        "x-ms-ratelimit-remaining-subscription-resource-requests": "11996",
        "x-ms-request-id": "ec18a717-3691-47b2-a692-de20da72f5cc",
        "x-ms-routing-request-id": "SOUTHEASTASIA:20221130T094339Z:cb7fb244-4f8a-445e-bc12-f4d3963d5d6a"
      },
      "ResponseBody": {
        "name": "streamingLocator5389",
        "id": "/subscriptions/db1ab6f0-4769-4b27-930e-01e2ef9c123c/resourceGroups/MediaServiceRG8089/providers/Microsoft.Media/mediaservices/dotnetsdkmediatest9131/streamingLocators/streamingLocator5389",
        "type": "Microsoft.Media/mediaservices/streamingLocators",
        "properties": {
          "assetName": "emptyAsset4059",
          "created": "2022-11-30T09:43:39.4990228Z",
          "endTime": "9999-12-31T23:59:59.9999999Z",
          "streamingLocatorId": "754319e6-e875-499c-82ac-b7220db79285",
          "streamingPolicyName": "Predefined_ClearStreamingOnly",
          "contentKeys": [],
          "filters": []
        },
        "systemData": {
          "createdBy": "ea0eddd2-3d60-47f8-b3bf-7ec8ae554d10",
          "createdByType": "Application",
          "createdAt": "2022-11-30T09:43:39.2478185Z",
          "lastModifiedBy": "ea0eddd2-3d60-47f8-b3bf-7ec8ae554d10",
          "lastModifiedByType": "Application",
          "lastModifiedAt": "2022-11-30T09:43:39.2478185Z"
        }
      }
    },
    {
      "RequestUri": "https://management.azure.com/subscriptions/db1ab6f0-4769-4b27-930e-01e2ef9c123c/resourceGroups/MediaServiceRG8089/providers/Microsoft.Media/mediaServices/dotnetsdkmediatest9131/streamingLocators/streamingLocator5389?api-version=2022-08-01",
      "RequestMethod": "GET",
      "RequestHeaders": {
        "Accept": "application/json",
        "Authorization": "Sanitized",
        "traceparent": "00-437e1eb8929afb41a20705f8379e976c-0f3e29979c5e924e-00",
        "User-Agent": "azsdk-net-ResourceManager.Media/1.1.0-alpha.20221130.1 (.NET Framework 4.8.4515.0; Microsoft Windows 10.0.19045 )",
        "x-ms-client-request-id": "bb505a2ce84aa5eb4537a4d02005f069",
        "x-ms-return-client-request-id": "true"
      },
      "RequestBody": null,
      "StatusCode": 200,
      "ResponseHeaders": {
        "Cache-Control": "no-cache",
        "Content-Length": "875",
        "Content-Type": "application/json; odata.metadata=minimal",
        "Date": "Wed, 30 Nov 2022 09:43:40 GMT",
        "Expires": "-1",
        "OData-Version": "4.0",
        "Pragma": "no-cache",
        "Server": "Microsoft-HTTPAPI/2.0",
        "Strict-Transport-Security": "max-age=31536000; includeSubDomains",
        "X-Content-Type-Options": "nosniff",
        "x-ms-client-request-id": "bb505a2ce84aa5eb4537a4d02005f069",
        "x-ms-correlation-request-id": "a358ac54-8353-415d-90d6-193e83958619",
        "x-ms-ratelimit-remaining-subscription-reads": "11987",
        "x-ms-request-id": "66ae62ff-5bc9-4a4f-b7b5-7ef01429928c",
        "x-ms-routing-request-id": "SOUTHEASTASIA:20221130T094340Z:a358ac54-8353-415d-90d6-193e83958619"
      },
      "ResponseBody": {
        "name": "streamingLocator5389",
        "id": "/subscriptions/db1ab6f0-4769-4b27-930e-01e2ef9c123c/resourceGroups/MediaServiceRG8089/providers/Microsoft.Media/mediaservices/dotnetsdkmediatest9131/streamingLocators/streamingLocator5389",
        "type": "Microsoft.Media/mediaservices/streamingLocators",
        "properties": {
          "assetName": "emptyAsset4059",
          "created": "2022-11-30T09:43:39.5Z",
          "endTime": "9999-12-31T23:59:59.997Z",
          "streamingLocatorId": "754319e6-e875-499c-82ac-b7220db79285",
          "streamingPolicyName": "Predefined_ClearStreamingOnly",
          "contentKeys": [],
          "filters": []
        },
        "systemData": {
          "createdBy": "ea0eddd2-3d60-47f8-b3bf-7ec8ae554d10",
          "createdByType": "Application",
          "createdAt": "2022-11-30T09:43:39.2478185Z",
          "lastModifiedBy": "ea0eddd2-3d60-47f8-b3bf-7ec8ae554d10",
          "lastModifiedByType": "Application",
          "lastModifiedAt": "2022-11-30T09:43:39.2478185Z"
        }
      }
    }
  ],
  "Variables": {
    "AZURE_AUTHORITY_HOST": "https://login.microsoftonline.com",
    "DateTimeOffsetNow": "2022-11-30T17:43:37.5314176\u002B08:00",
    "RandomSeed": "533994598",
    "RESOURCE_MANAGER_URL": null,
    "SUBSCRIPTION_ID": "db1ab6f0-4769-4b27-930e-01e2ef9c123c"
  }
}
