{
  "Entries": [
    {
      "RequestUri": "https://management.azure.com/subscriptions/12053b8f-cab5-4f5c-9c1a-870580142abd/resourceGroups/dbaccount-2154/providers/Microsoft.DocumentDB/databaseAccounts/dbaccount-3184?api-version=2022-08-15",
      "RequestMethod": "GET",
      "RequestHeaders": {
        "Accept": "application/json",
        "Authorization": "Sanitized",
        "traceparent": "00-318b3d74643ec94a919ab9ec90355117-1ccec81c38733542-00",
        "User-Agent": "azsdk-net-ResourceManager.CosmosDB/1.1.0-alpha.20220921.1 (.NET Core 3.1.29; Microsoft Windows 10.0.19044)",
        "x-ms-client-request-id": "7cdd1aed81569314f9ebab82710370bd",
        "x-ms-return-client-request-id": "true"
      },
      "RequestBody": null,
      "StatusCode": 200,
      "ResponseHeaders": {
        "Cache-Control": "no-store, no-cache",
        "Content-Length": "2778",
        "Content-Type": "application/json",
        "Date": "Wed, 21 Sep 2022 22:46:32 GMT",
        "Pragma": "no-cache",
        "Server": "Microsoft-HTTPAPI/2.0",
        "Strict-Transport-Security": "max-age=31536000; includeSubDomains",
        "X-Content-Type-Options": "nosniff",
        "x-ms-correlation-request-id": "3229b42b-fca7-44a3-bbc0-ed31b423df0d",
        "x-ms-gatewayversion": "version=2.14.0",
        "x-ms-ratelimit-remaining-subscription-reads": "11920",
        "x-ms-request-id": "3229b42b-fca7-44a3-bbc0-ed31b423df0d",
        "x-ms-routing-request-id": "WESTCENTRALUS:20220921T224632Z:3229b42b-fca7-44a3-bbc0-ed31b423df0d"
      },
      "ResponseBody": {
        "id": "/subscriptions/12053b8f-cab5-4f5c-9c1a-870580142abd/resourceGroups/dbaccount-2154/providers/Microsoft.DocumentDB/databaseAccounts/dbaccount-3184",
        "name": "dbaccount-3184",
        "location": "West US 2",
        "type": "Microsoft.DocumentDB/databaseAccounts",
        "kind": "GlobalDocumentDB",
        "tags": {
          "key1": "value1",
          "key2": "value2"
        },
        "systemData": {
          "createdAt": "2022-09-21T22:44:16.1939449Z"
        },
        "properties": {
          "provisioningState": "Succeeded",
          "documentEndpoint": "https://dbaccount-3184.documents.azure.com:443/",
          "cassandraEndpoint": "https://dbaccount-3184.cassandra.cosmos.azure.com:443/",
          "publicNetworkAccess": "Enabled",
          "enableAutomaticFailover": false,
          "enableMultipleWriteLocations": false,
          "enablePartitionKeyMonitor": false,
          "isVirtualNetworkFilterEnabled": true,
          "virtualNetworkRules": [],
          "EnabledApiTypes": "Cassandra",
          "disableKeyBasedMetadataWriteAccess": false,
          "enableFreeTier": false,
          "enableAnalyticalStorage": false,
          "analyticalStorageConfiguration": {
            "schemaType": "WellDefined"
          },
          "instanceId": "d2070fd4-5326-4a06-9f2f-e07758054086",
          "databaseAccountOfferType": "Standard",
          "enableCassandraConnector": false,
          "connectorOffer": "Small",
          "defaultIdentity": "FirstPartyIdentity",
          "networkAclBypass": "None",
          "disableLocalAuth": false,
          "enablePartitionMerge": false,
          "consistencyPolicy": {
            "defaultConsistencyLevel": "BoundedStaleness",
            "maxIntervalInSeconds": 1000,
            "maxStalenessPrefix": 300
          },
          "configurationOverrides": {},
          "writeLocations": [
            {
              "id": "dbaccount-3184-westus",
              "locationName": "West US",
              "documentEndpoint": "https://dbaccount-3184-westus.documents.azure.com:443/",
              "provisioningState": "Succeeded",
              "failoverPriority": 0,
              "isZoneRedundant": false
            }
          ],
          "readLocations": [
            {
              "id": "dbaccount-3184-westus",
              "locationName": "West US",
              "documentEndpoint": "https://dbaccount-3184-westus.documents.azure.com:443/",
              "provisioningState": "Succeeded",
              "failoverPriority": 0,
              "isZoneRedundant": false
            }
          ],
          "locations": [
            {
              "id": "dbaccount-3184-westus",
              "locationName": "West US",
              "documentEndpoint": "https://dbaccount-3184-westus.documents.azure.com:443/",
              "provisioningState": "Succeeded",
              "failoverPriority": 0,
              "isZoneRedundant": false
            }
          ],
          "failoverPolicies": [
            {
              "id": "dbaccount-3184-westus",
              "locationName": "West US",
              "failoverPriority": 0
            }
          ],
          "cors": [],
          "capabilities": [
            {
              "name": "EnableCassandra"
            }
          ],
          "ipRules": [
            {
              "ipAddressOrRange": "23.43.230.120"
            }
          ],
          "backupPolicy": {
            "type": "Periodic",
            "periodicModeProperties": {
              "backupIntervalInMinutes": 240,
              "backupRetentionIntervalInHours": 8,
              "backupStorageRedundancy": "Geo"
            }
          },
          "networkAclBypassResourceIds": [],
          "keysMetadata": {
            "primaryMasterKey": {
              "generationTime": "2022-09-21T22:44:16.1939449Z"
            },
            "secondaryMasterKey": {
              "generationTime": "2022-09-21T22:44:16.1939449Z"
            },
            "primaryReadonlyMasterKey": {
              "generationTime": "2022-09-21T22:44:16.1939449Z"
            },
            "secondaryReadonlyMasterKey": {
              "generationTime": "2022-09-21T22:44:16.1939449Z"
            }
          }
        },
        "identity": {
          "type": "None"
        }
      }
    },
    {
      "RequestUri": "https://management.azure.com/subscriptions/12053b8f-cab5-4f5c-9c1a-870580142abd/resourceGroups/dbaccount-2154/providers/Microsoft.DocumentDB/databaseAccounts/dbaccount-3184/cassandraKeyspaces/cassandra-keyspace-92?api-version=2022-08-15",
      "RequestMethod": "PUT",
      "RequestHeaders": {
        "Accept": "application/json",
        "Authorization": "Sanitized",
        "Content-Length": "117",
        "Content-Type": "application/json",
        "traceparent": "00-3c44ca101bbb4545aa7171f9822595af-a09d01e8f99a2540-00",
        "User-Agent": "azsdk-net-ResourceManager.CosmosDB/1.1.0-alpha.20220921.1 (.NET Core 3.1.29; Microsoft Windows 10.0.19044)",
        "x-ms-client-request-id": "27bd0819f856e6e90a97ffeb5318e3c5",
        "x-ms-return-client-request-id": "true"
      },
      "RequestBody": {
        "tags": {},
        "location": "westus",
        "properties": {
          "resource": {
            "id": "cassandra-keyspace-92"
          },
          "options": {
            "throughput": 700
          }
        }
      },
      "StatusCode": 202,
      "ResponseHeaders": {
        "Azure-AsyncOperation": "https://management.azure.com/subscriptions/12053b8f-cab5-4f5c-9c1a-870580142abd/providers/Microsoft.DocumentDB/locations/westus2/operationsStatus/5aab2f51-e5eb-4caa-b0dc-e335dc51f7a6?api-version=2022-08-15",
        "Cache-Control": "no-store, no-cache",
        "Content-Length": "21",
        "Content-Type": "application/json",
        "Date": "Wed, 21 Sep 2022 22:46:33 GMT",
        "Location": "https://management.azure.com/subscriptions/12053b8f-cab5-4f5c-9c1a-870580142abd/resourceGroups/dbaccount-2154/providers/Microsoft.DocumentDB/databaseAccounts/dbaccount-3184/cassandraKeyspaces/cassandra-keyspace-92/operationResults/5aab2f51-e5eb-4caa-b0dc-e335dc51f7a6?api-version=2022-08-15",
        "Pragma": "no-cache",
        "Server": "Microsoft-HTTPAPI/2.0",
        "Strict-Transport-Security": "max-age=31536000; includeSubDomains",
        "X-Content-Type-Options": "nosniff",
        "x-ms-correlation-request-id": "43ab8525-641a-43c9-abb9-3a983522efea",
        "x-ms-gatewayversion": "version=2.14.0",
        "x-ms-ratelimit-remaining-subscription-writes": "1193",
        "x-ms-request-id": "5aab2f51-e5eb-4caa-b0dc-e335dc51f7a6",
        "x-ms-routing-request-id": "WESTCENTRALUS:20220921T224633Z:43ab8525-641a-43c9-abb9-3a983522efea"
      },
      "ResponseBody": {
        "status": "Enqueued"
      }
    },
    {
      "RequestUri": "https://management.azure.com/subscriptions/12053b8f-cab5-4f5c-9c1a-870580142abd/providers/Microsoft.DocumentDB/locations/westus2/operationsStatus/5aab2f51-e5eb-4caa-b0dc-e335dc51f7a6?api-version=2022-08-15",
      "RequestMethod": "GET",
      "RequestHeaders": {
        "Authorization": "Sanitized",
        "traceparent": "00-3c44ca101bbb4545aa7171f9822595af-ba2555420b21df4f-00",
        "User-Agent": "azsdk-net-ResourceManager/1.3.1 (.NET Core 3.1.29; Microsoft Windows 10.0.19044)",
        "x-ms-client-request-id": "53b5e4a746982196f3964bea15a8a5d3",
        "x-ms-return-client-request-id": "true"
      },
      "RequestBody": null,
      "StatusCode": 200,
      "ResponseHeaders": {
        "Cache-Control": "no-store, no-cache",
        "Content-Length": "21",
        "Content-Type": "application/json",
        "Date": "Wed, 21 Sep 2022 22:46:33 GMT",
        "Pragma": "no-cache",
        "Server": "Microsoft-HTTPAPI/2.0",
        "Strict-Transport-Security": "max-age=31536000; includeSubDomains",
        "X-Content-Type-Options": "nosniff",
        "x-ms-correlation-request-id": "2ebed71d-af2a-48b4-ba74-f5cfe02fc6b8",
        "x-ms-gatewayversion": "version=2.14.0",
        "x-ms-ratelimit-remaining-subscription-reads": "11919",
        "x-ms-request-id": "2ebed71d-af2a-48b4-ba74-f5cfe02fc6b8",
        "x-ms-routing-request-id": "WESTCENTRALUS:20220921T224633Z:2ebed71d-af2a-48b4-ba74-f5cfe02fc6b8"
      },
      "ResponseBody": {
        "status": "Enqueued"
      }
    },
    {
      "RequestUri": "https://management.azure.com/subscriptions/12053b8f-cab5-4f5c-9c1a-870580142abd/providers/Microsoft.DocumentDB/locations/westus2/operationsStatus/5aab2f51-e5eb-4caa-b0dc-e335dc51f7a6?api-version=2022-08-15",
      "RequestMethod": "GET",
      "RequestHeaders": {
        "Authorization": "Sanitized",
        "traceparent": "00-3c44ca101bbb4545aa7171f9822595af-17ae1f7204f6b04e-00",
        "User-Agent": "azsdk-net-ResourceManager/1.3.1 (.NET Core 3.1.29; Microsoft Windows 10.0.19044)",
        "x-ms-client-request-id": "9e37bdc7655fda9e7730402c0556ffd6",
        "x-ms-return-client-request-id": "true"
      },
      "RequestBody": null,
      "StatusCode": 200,
      "ResponseHeaders": {
        "Cache-Control": "no-store, no-cache",
        "Content-Length": "21",
        "Content-Type": "application/json",
        "Date": "Wed, 21 Sep 2022 22:46:34 GMT",
        "Pragma": "no-cache",
        "Server": "Microsoft-HTTPAPI/2.0",
        "Strict-Transport-Security": "max-age=31536000; includeSubDomains",
        "X-Content-Type-Options": "nosniff",
        "x-ms-correlation-request-id": "14ee2f4e-5d38-4d17-ae21-c53ba1c64737",
        "x-ms-gatewayversion": "version=2.14.0",
        "x-ms-ratelimit-remaining-subscription-reads": "11918",
        "x-ms-request-id": "14ee2f4e-5d38-4d17-ae21-c53ba1c64737",
        "x-ms-routing-request-id": "WESTCENTRALUS:20220921T224634Z:14ee2f4e-5d38-4d17-ae21-c53ba1c64737"
      },
      "ResponseBody": {
        "status": "Enqueued"
      }
    },
    {
      "RequestUri": "https://management.azure.com/subscriptions/12053b8f-cab5-4f5c-9c1a-870580142abd/providers/Microsoft.DocumentDB/locations/westus2/operationsStatus/5aab2f51-e5eb-4caa-b0dc-e335dc51f7a6?api-version=2022-08-15",
      "RequestMethod": "GET",
      "RequestHeaders": {
        "Authorization": "Sanitized",
        "traceparent": "00-3c44ca101bbb4545aa7171f9822595af-7a38516f0f8bf144-00",
        "User-Agent": "azsdk-net-ResourceManager/1.3.1 (.NET Core 3.1.29; Microsoft Windows 10.0.19044)",
        "x-ms-client-request-id": "6f43d8ad8f62f32cceef6387f2a6783e",
        "x-ms-return-client-request-id": "true"
      },
      "RequestBody": null,
      "StatusCode": 200,
      "ResponseHeaders": {
        "Cache-Control": "no-store, no-cache",
        "Content-Length": "21",
        "Content-Type": "application/json",
        "Date": "Wed, 21 Sep 2022 22:46:35 GMT",
        "Pragma": "no-cache",
        "Server": "Microsoft-HTTPAPI/2.0",
        "Strict-Transport-Security": "max-age=31536000; includeSubDomains",
        "X-Content-Type-Options": "nosniff",
        "x-ms-correlation-request-id": "14998f92-a967-4926-acea-aed8579236d4",
        "x-ms-gatewayversion": "version=2.14.0",
        "x-ms-ratelimit-remaining-subscription-reads": "11917",
        "x-ms-request-id": "14998f92-a967-4926-acea-aed8579236d4",
        "x-ms-routing-request-id": "WESTCENTRALUS:20220921T224636Z:14998f92-a967-4926-acea-aed8579236d4"
      },
      "ResponseBody": {
        "status": "Enqueued"
      }
    },
    {
      "RequestUri": "https://management.azure.com/subscriptions/12053b8f-cab5-4f5c-9c1a-870580142abd/providers/Microsoft.DocumentDB/locations/westus2/operationsStatus/5aab2f51-e5eb-4caa-b0dc-e335dc51f7a6?api-version=2022-08-15",
      "RequestMethod": "GET",
      "RequestHeaders": {
        "Authorization": "Sanitized",
        "traceparent": "00-3c44ca101bbb4545aa7171f9822595af-d9992c5b27514240-00",
        "User-Agent": "azsdk-net-ResourceManager/1.3.1 (.NET Core 3.1.29; Microsoft Windows 10.0.19044)",
        "x-ms-client-request-id": "29cb1f844afc42c846dbdb68066a1b9d",
        "x-ms-return-client-request-id": "true"
      },
      "RequestBody": null,
      "StatusCode": 200,
      "ResponseHeaders": {
        "Cache-Control": "no-store, no-cache",
        "Content-Length": "21",
        "Content-Type": "application/json",
        "Date": "Wed, 21 Sep 2022 22:46:36 GMT",
        "Pragma": "no-cache",
        "Server": "Microsoft-HTTPAPI/2.0",
        "Strict-Transport-Security": "max-age=31536000; includeSubDomains",
        "X-Content-Type-Options": "nosniff",
        "x-ms-correlation-request-id": "25b474e4-b99f-4362-b350-185e807e2b4f",
        "x-ms-gatewayversion": "version=2.14.0",
        "x-ms-ratelimit-remaining-subscription-reads": "11916",
        "x-ms-request-id": "25b474e4-b99f-4362-b350-185e807e2b4f",
        "x-ms-routing-request-id": "WESTCENTRALUS:20220921T224637Z:25b474e4-b99f-4362-b350-185e807e2b4f"
      },
      "ResponseBody": {
        "status": "Dequeued"
      }
    },
    {
      "RequestUri": "https://management.azure.com/subscriptions/12053b8f-cab5-4f5c-9c1a-870580142abd/providers/Microsoft.DocumentDB/locations/westus2/operationsStatus/5aab2f51-e5eb-4caa-b0dc-e335dc51f7a6?api-version=2022-08-15",
      "RequestMethod": "GET",
      "RequestHeaders": {
        "Authorization": "Sanitized",
        "traceparent": "00-3c44ca101bbb4545aa7171f9822595af-a7697a97a652294b-00",
        "User-Agent": "azsdk-net-ResourceManager/1.3.1 (.NET Core 3.1.29; Microsoft Windows 10.0.19044)",
        "x-ms-client-request-id": "3c3c7597366438709044d06f0216e8d0",
        "x-ms-return-client-request-id": "true"
      },
      "RequestBody": null,
      "StatusCode": 200,
      "ResponseHeaders": {
        "Cache-Control": "no-store, no-cache",
        "Content-Length": "21",
        "Content-Type": "application/json",
        "Date": "Wed, 21 Sep 2022 22:46:38 GMT",
        "Pragma": "no-cache",
        "Server": "Microsoft-HTTPAPI/2.0",
        "Strict-Transport-Security": "max-age=31536000; includeSubDomains",
        "X-Content-Type-Options": "nosniff",
        "x-ms-correlation-request-id": "83db2e13-a1e9-4057-bf04-0a9a71b1b438",
        "x-ms-gatewayversion": "version=2.14.0",
        "x-ms-ratelimit-remaining-subscription-reads": "11915",
        "x-ms-request-id": "83db2e13-a1e9-4057-bf04-0a9a71b1b438",
        "x-ms-routing-request-id": "WESTCENTRALUS:20220921T224639Z:83db2e13-a1e9-4057-bf04-0a9a71b1b438"
      },
      "ResponseBody": {
        "status": "Dequeued"
      }
    },
    {
      "RequestUri": "https://management.azure.com/subscriptions/12053b8f-cab5-4f5c-9c1a-870580142abd/providers/Microsoft.DocumentDB/locations/westus2/operationsStatus/5aab2f51-e5eb-4caa-b0dc-e335dc51f7a6?api-version=2022-08-15",
      "RequestMethod": "GET",
      "RequestHeaders": {
        "Authorization": "Sanitized",
        "traceparent": "00-3c44ca101bbb4545aa7171f9822595af-681b03f106f42947-00",
        "User-Agent": "azsdk-net-ResourceManager/1.3.1 (.NET Core 3.1.29; Microsoft Windows 10.0.19044)",
        "x-ms-client-request-id": "e6a801b8d58b62da0f012987b3c3ec64",
        "x-ms-return-client-request-id": "true"
      },
      "RequestBody": null,
      "StatusCode": 200,
      "ResponseHeaders": {
        "Cache-Control": "no-store, no-cache",
        "Content-Length": "21",
        "Content-Type": "application/json",
        "Date": "Wed, 21 Sep 2022 22:46:42 GMT",
        "Pragma": "no-cache",
        "Server": "Microsoft-HTTPAPI/2.0",
        "Strict-Transport-Security": "max-age=31536000; includeSubDomains",
        "X-Content-Type-Options": "nosniff",
        "x-ms-correlation-request-id": "beba0939-2d4c-4b0a-8fa0-3dc01e31a29f",
        "x-ms-gatewayversion": "version=2.14.0",
        "x-ms-ratelimit-remaining-subscription-reads": "11914",
        "x-ms-request-id": "beba0939-2d4c-4b0a-8fa0-3dc01e31a29f",
        "x-ms-routing-request-id": "WESTCENTRALUS:20220921T224643Z:beba0939-2d4c-4b0a-8fa0-3dc01e31a29f"
      },
      "ResponseBody": {
        "status": "Dequeued"
      }
    },
    {
      "RequestUri": "https://management.azure.com/subscriptions/12053b8f-cab5-4f5c-9c1a-870580142abd/providers/Microsoft.DocumentDB/locations/westus2/operationsStatus/5aab2f51-e5eb-4caa-b0dc-e335dc51f7a6?api-version=2022-08-15",
      "RequestMethod": "GET",
      "RequestHeaders": {
        "Authorization": "Sanitized",
        "traceparent": "00-3c44ca101bbb4545aa7171f9822595af-b10afa2483934a46-00",
        "User-Agent": "azsdk-net-ResourceManager/1.3.1 (.NET Core 3.1.29; Microsoft Windows 10.0.19044)",
        "x-ms-client-request-id": "7df0c6d33b6a4ddaaf9398b77a58402f",
        "x-ms-return-client-request-id": "true"
      },
      "RequestBody": null,
      "StatusCode": 200,
      "ResponseHeaders": {
        "Cache-Control": "no-store, no-cache",
        "Content-Length": "22",
        "Content-Type": "application/json",
        "Date": "Wed, 21 Sep 2022 22:46:51 GMT",
        "Pragma": "no-cache",
        "Server": "Microsoft-HTTPAPI/2.0",
        "Strict-Transport-Security": "max-age=31536000; includeSubDomains",
        "X-Content-Type-Options": "nosniff",
        "x-ms-correlation-request-id": "16104afb-5cdc-413f-8ec9-9eba177d4be5",
        "x-ms-gatewayversion": "version=2.14.0",
        "x-ms-ratelimit-remaining-subscription-reads": "11913",
        "x-ms-request-id": "16104afb-5cdc-413f-8ec9-9eba177d4be5",
        "x-ms-routing-request-id": "WESTCENTRALUS:20220921T224651Z:16104afb-5cdc-413f-8ec9-9eba177d4be5"
      },
      "ResponseBody": {
        "status": "Succeeded"
      }
    },
    {
      "RequestUri": "https://management.azure.com/subscriptions/12053b8f-cab5-4f5c-9c1a-870580142abd/resourceGroups/dbaccount-2154/providers/Microsoft.DocumentDB/databaseAccounts/dbaccount-3184/cassandraKeyspaces/cassandra-keyspace-92?api-version=2022-08-15",
      "RequestMethod": "GET",
      "RequestHeaders": {
        "Authorization": "Sanitized",
        "traceparent": "00-3c44ca101bbb4545aa7171f9822595af-efa7bc8a4ffd6a4f-00",
        "User-Agent": "azsdk-net-ResourceManager/1.3.1 (.NET Core 3.1.29; Microsoft Windows 10.0.19044)",
        "x-ms-client-request-id": "04b00af235c1c1119bd92d630de884cc",
        "x-ms-return-client-request-id": "true"
      },
      "RequestBody": null,
      "StatusCode": 200,
      "ResponseHeaders": {
        "Cache-Control": "no-store, no-cache",
        "Content-Length": "434",
        "Content-Type": "application/json",
        "Date": "Wed, 21 Sep 2022 22:46:51 GMT",
        "Pragma": "no-cache",
        "Server": "Microsoft-HTTPAPI/2.0",
        "Strict-Transport-Security": "max-age=31536000; includeSubDomains",
        "X-Content-Type-Options": "nosniff",
        "x-ms-correlation-request-id": "9a0d7c4a-566c-4f73-82dd-a886229a4f9c",
        "x-ms-gatewayversion": "version=2.14.0",
        "x-ms-ratelimit-remaining-subscription-reads": "11912",
        "x-ms-request-id": "9a0d7c4a-566c-4f73-82dd-a886229a4f9c",
        "x-ms-routing-request-id": "WESTCENTRALUS:20220921T224651Z:9a0d7c4a-566c-4f73-82dd-a886229a4f9c"
      },
      "ResponseBody": {
        "id": "/subscriptions/12053b8f-cab5-4f5c-9c1a-870580142abd/resourceGroups/dbaccount-2154/providers/Microsoft.DocumentDB/databaseAccounts/dbaccount-3184/cassandraKeyspaces/cassandra-keyspace-92",
        "type": "Microsoft.DocumentDB/databaseAccounts/cassandraKeyspaces",
        "name": "cassandra-keyspace-92",
        "properties": {
          "resource": {
            "id": "cassandra-keyspace-92",
            "_rid": "yBUeAA==",
            "_etag": "\u00220000b40d-0000-0700-0000-632b94500000\u0022",
            "_ts": 1663800400
          }
        }
      }
    },
    {
      "RequestUri": "https://management.azure.com/subscriptions/12053b8f-cab5-4f5c-9c1a-870580142abd/resourceGroups/dbaccount-2154/providers/Microsoft.DocumentDB/databaseAccounts/dbaccount-3184/cassandraKeyspaces/cassandra-keyspace-92/throughputSettings/default?api-version=2022-08-15",
      "RequestMethod": "GET",
      "RequestHeaders": {
        "Accept": "application/json",
        "Authorization": "Sanitized",
        "traceparent": "00-524dd18edefcbb4093f317187621bb1d-ec9ad635f8ae9c4a-00",
        "User-Agent": "azsdk-net-ResourceManager.CosmosDB/1.1.0-alpha.20220921.1 (.NET Core 3.1.29; Microsoft Windows 10.0.19044)",
        "x-ms-client-request-id": "3b9b6b586b267c66265a36f83c23e8b6",
        "x-ms-return-client-request-id": "true"
      },
      "RequestBody": null,
      "StatusCode": 200,
      "ResponseHeaders": {
        "Cache-Control": "no-store, no-cache",
        "Content-Length": "391",
        "Content-Type": "application/json",
        "Date": "Wed, 21 Sep 2022 22:46:51 GMT",
        "Pragma": "no-cache",
        "Server": "Microsoft-HTTPAPI/2.0",
        "Strict-Transport-Security": "max-age=31536000; includeSubDomains",
        "X-Content-Type-Options": "nosniff",
        "x-ms-correlation-request-id": "fe235b02-3cc6-4bb6-9eea-7b01628aa5b4",
        "x-ms-gatewayversion": "version=2.14.0",
        "x-ms-ratelimit-remaining-subscription-reads": "11911",
        "x-ms-request-id": "fe235b02-3cc6-4bb6-9eea-7b01628aa5b4",
        "x-ms-routing-request-id": "WESTCENTRALUS:20220921T224651Z:fe235b02-3cc6-4bb6-9eea-7b01628aa5b4"
      },
      "ResponseBody": {
        "id": "/subscriptions/12053b8f-cab5-4f5c-9c1a-870580142abd/resourceGroups/dbaccount-2154/providers/Microsoft.DocumentDB/databaseAccounts/dbaccount-3184/cassandraKeyspaces/cassandra-keyspace-92/throughputSettings/default",
        "type": "Microsoft.DocumentDB/databaseAccounts/cassandraKeyspaces/throughputSettings",
        "name": "AQFd",
        "properties": {
          "resource": {
            "throughput": 700,
            "minimumThroughput": "400"
          }
        }
      }
    },
    {
      "RequestUri": "https://management.azure.com/subscriptions/12053b8f-cab5-4f5c-9c1a-870580142abd/resourceGroups/dbaccount-2154/providers/Microsoft.DocumentDB/databaseAccounts/dbaccount-3184/cassandraKeyspaces/cassandra-keyspace-92/throughputSettings/default?api-version=2022-08-15",
      "RequestMethod": "PUT",
      "RequestHeaders": {
        "Accept": "application/json",
        "Authorization": "Sanitized",
        "Content-Length": "77",
        "Content-Type": "application/json",
        "traceparent": "00-efb8f686620f1b46b0a529838cdb87f2-4cc87caeb2d12440-00",
        "User-Agent": "azsdk-net-ResourceManager.CosmosDB/1.1.0-alpha.20220921.1 (.NET Core 3.1.29; Microsoft Windows 10.0.19044)",
        "x-ms-client-request-id": "a894f9c1e8139ea2b42ee2910e7740c6",
        "x-ms-return-client-request-id": "true"
      },
      "RequestBody": {
        "tags": {},
        "location": "westus",
        "properties": {
          "resource": {
            "throughput": 1000
          }
        }
      },
      "StatusCode": 202,
      "ResponseHeaders": {
        "Azure-AsyncOperation": "https://management.azure.com/subscriptions/12053b8f-cab5-4f5c-9c1a-870580142abd/providers/Microsoft.DocumentDB/locations/westus2/operationsStatus/b1933198-105e-46b1-9040-335612f25722?api-version=2022-08-15",
        "Cache-Control": "no-store, no-cache",
        "Content-Length": "21",
        "Content-Type": "application/json",
        "Date": "Wed, 21 Sep 2022 22:46:52 GMT",
        "Location": "https://management.azure.com/subscriptions/12053b8f-cab5-4f5c-9c1a-870580142abd/resourceGroups/dbaccount-2154/providers/Microsoft.DocumentDB/databaseAccounts/dbaccount-3184/cassandraKeyspaces/cassandra-keyspace-92/throughputSettings/default/operationResults/b1933198-105e-46b1-9040-335612f25722?api-version=2022-08-15",
        "Pragma": "no-cache",
        "Server": "Microsoft-HTTPAPI/2.0",
        "Strict-Transport-Security": "max-age=31536000; includeSubDomains",
        "X-Content-Type-Options": "nosniff",
        "x-ms-correlation-request-id": "65a0ef33-f2dc-498c-b91d-a8100219199b",
        "x-ms-gatewayversion": "version=2.14.0",
        "x-ms-ratelimit-remaining-subscription-writes": "1192",
        "x-ms-request-id": "b1933198-105e-46b1-9040-335612f25722",
        "x-ms-routing-request-id": "WESTCENTRALUS:20220921T224652Z:65a0ef33-f2dc-498c-b91d-a8100219199b"
      },
      "ResponseBody": {
        "status": "Enqueued"
      }
    },
    {
      "RequestUri": "https://management.azure.com/subscriptions/12053b8f-cab5-4f5c-9c1a-870580142abd/providers/Microsoft.DocumentDB/locations/westus2/operationsStatus/b1933198-105e-46b1-9040-335612f25722?api-version=2022-08-15",
      "RequestMethod": "GET",
      "RequestHeaders": {
        "Authorization": "Sanitized",
        "traceparent": "00-efb8f686620f1b46b0a529838cdb87f2-c66fcf1f51b64f4d-00",
        "User-Agent": "azsdk-net-ResourceManager/1.3.1 (.NET Core 3.1.29; Microsoft Windows 10.0.19044)",
        "x-ms-client-request-id": "14a176f1db536fb9c8fd86f789d56eaf",
        "x-ms-return-client-request-id": "true"
      },
      "RequestBody": null,
      "StatusCode": 200,
      "ResponseHeaders": {
        "Cache-Control": "no-store, no-cache",
        "Content-Length": "21",
        "Content-Type": "application/json",
        "Date": "Wed, 21 Sep 2022 22:46:52 GMT",
        "Pragma": "no-cache",
        "Server": "Microsoft-HTTPAPI/2.0",
        "Strict-Transport-Security": "max-age=31536000; includeSubDomains",
        "X-Content-Type-Options": "nosniff",
        "x-ms-correlation-request-id": "efced39d-ad36-46f7-a2c0-6d071911a874",
        "x-ms-gatewayversion": "version=2.14.0",
        "x-ms-ratelimit-remaining-subscription-reads": "11910",
        "x-ms-request-id": "efced39d-ad36-46f7-a2c0-6d071911a874",
        "x-ms-routing-request-id": "WESTCENTRALUS:20220921T224652Z:efced39d-ad36-46f7-a2c0-6d071911a874"
      },
      "ResponseBody": {
        "status": "Enqueued"
      }
    },
    {
      "RequestUri": "https://management.azure.com/subscriptions/12053b8f-cab5-4f5c-9c1a-870580142abd/providers/Microsoft.DocumentDB/locations/westus2/operationsStatus/b1933198-105e-46b1-9040-335612f25722?api-version=2022-08-15",
      "RequestMethod": "GET",
      "RequestHeaders": {
        "Authorization": "Sanitized",
        "traceparent": "00-efb8f686620f1b46b0a529838cdb87f2-b6bd5fa32d0c7a44-00",
        "User-Agent": "azsdk-net-ResourceManager/1.3.1 (.NET Core 3.1.29; Microsoft Windows 10.0.19044)",
        "x-ms-client-request-id": "70e9701ad8c3bcf9ef0d04e00a3b9f9b",
        "x-ms-return-client-request-id": "true"
      },
      "RequestBody": null,
      "StatusCode": 200,
      "ResponseHeaders": {
        "Cache-Control": "no-store, no-cache",
        "Content-Length": "21",
        "Content-Type": "application/json",
        "Date": "Wed, 21 Sep 2022 22:46:53 GMT",
        "Pragma": "no-cache",
        "Server": "Microsoft-HTTPAPI/2.0",
        "Strict-Transport-Security": "max-age=31536000; includeSubDomains",
        "X-Content-Type-Options": "nosniff",
        "x-ms-correlation-request-id": "4c316b80-7c5e-4417-bc64-f7f7a804a0c6",
        "x-ms-gatewayversion": "version=2.14.0",
        "x-ms-ratelimit-remaining-subscription-reads": "11909",
        "x-ms-request-id": "4c316b80-7c5e-4417-bc64-f7f7a804a0c6",
        "x-ms-routing-request-id": "WESTCENTRALUS:20220921T224653Z:4c316b80-7c5e-4417-bc64-f7f7a804a0c6"
      },
      "ResponseBody": {
        "status": "Enqueued"
      }
    },
    {
      "RequestUri": "https://management.azure.com/subscriptions/12053b8f-cab5-4f5c-9c1a-870580142abd/providers/Microsoft.DocumentDB/locations/westus2/operationsStatus/b1933198-105e-46b1-9040-335612f25722?api-version=2022-08-15",
      "RequestMethod": "GET",
      "RequestHeaders": {
        "Authorization": "Sanitized",
        "traceparent": "00-efb8f686620f1b46b0a529838cdb87f2-b8baec98c8407e4a-00",
        "User-Agent": "azsdk-net-ResourceManager/1.3.1 (.NET Core 3.1.29; Microsoft Windows 10.0.19044)",
        "x-ms-client-request-id": "989f6aa92bd5337212ef46bf7e12fece",
        "x-ms-return-client-request-id": "true"
      },
      "RequestBody": null,
      "StatusCode": 200,
      "ResponseHeaders": {
        "Cache-Control": "no-store, no-cache",
        "Content-Length": "21",
        "Content-Type": "application/json",
        "Date": "Wed, 21 Sep 2022 22:46:54 GMT",
        "Pragma": "no-cache",
        "Server": "Microsoft-HTTPAPI/2.0",
        "Strict-Transport-Security": "max-age=31536000; includeSubDomains",
        "X-Content-Type-Options": "nosniff",
        "x-ms-correlation-request-id": "020f7990-f9b2-425e-a396-5c1d7f8bbb86",
        "x-ms-gatewayversion": "version=2.14.0",
        "x-ms-ratelimit-remaining-subscription-reads": "11908",
        "x-ms-request-id": "020f7990-f9b2-425e-a396-5c1d7f8bbb86",
        "x-ms-routing-request-id": "WESTCENTRALUS:20220921T224654Z:020f7990-f9b2-425e-a396-5c1d7f8bbb86"
      },
      "ResponseBody": {
        "status": "Enqueued"
      }
    },
    {
      "RequestUri": "https://management.azure.com/subscriptions/12053b8f-cab5-4f5c-9c1a-870580142abd/providers/Microsoft.DocumentDB/locations/westus2/operationsStatus/b1933198-105e-46b1-9040-335612f25722?api-version=2022-08-15",
      "RequestMethod": "GET",
      "RequestHeaders": {
        "Authorization": "Sanitized",
        "traceparent": "00-efb8f686620f1b46b0a529838cdb87f2-0b0bc458c0388b45-00",
        "User-Agent": "azsdk-net-ResourceManager/1.3.1 (.NET Core 3.1.29; Microsoft Windows 10.0.19044)",
        "x-ms-client-request-id": "8e4c2dc4142f18b47ce52546d7d9658d",
        "x-ms-return-client-request-id": "true"
      },
      "RequestBody": null,
      "StatusCode": 200,
      "ResponseHeaders": {
        "Cache-Control": "no-store, no-cache",
        "Content-Length": "21",
        "Content-Type": "application/json",
        "Date": "Wed, 21 Sep 2022 22:46:55 GMT",
        "Pragma": "no-cache",
        "Server": "Microsoft-HTTPAPI/2.0",
        "Strict-Transport-Security": "max-age=31536000; includeSubDomains",
        "X-Content-Type-Options": "nosniff",
        "x-ms-correlation-request-id": "edcf73f2-d468-4939-850e-08e687aa56f6",
        "x-ms-gatewayversion": "version=2.14.0",
        "x-ms-ratelimit-remaining-subscription-reads": "11907",
        "x-ms-request-id": "edcf73f2-d468-4939-850e-08e687aa56f6",
        "x-ms-routing-request-id": "WESTCENTRALUS:20220921T224656Z:edcf73f2-d468-4939-850e-08e687aa56f6"
      },
      "ResponseBody": {
        "status": "Dequeued"
      }
    },
    {
      "RequestUri": "https://management.azure.com/subscriptions/12053b8f-cab5-4f5c-9c1a-870580142abd/providers/Microsoft.DocumentDB/locations/westus2/operationsStatus/b1933198-105e-46b1-9040-335612f25722?api-version=2022-08-15",
      "RequestMethod": "GET",
      "RequestHeaders": {
        "Authorization": "Sanitized",
        "traceparent": "00-efb8f686620f1b46b0a529838cdb87f2-82b428ac4d4fe747-00",
        "User-Agent": "azsdk-net-ResourceManager/1.3.1 (.NET Core 3.1.29; Microsoft Windows 10.0.19044)",
        "x-ms-client-request-id": "1f4eeb5dd635eedafeb65dd492393edc",
        "x-ms-return-client-request-id": "true"
      },
      "RequestBody": null,
      "StatusCode": 200,
      "ResponseHeaders": {
        "Cache-Control": "no-store, no-cache",
        "Content-Length": "21",
        "Content-Type": "application/json",
        "Date": "Wed, 21 Sep 2022 22:46:57 GMT",
        "Pragma": "no-cache",
        "Server": "Microsoft-HTTPAPI/2.0",
        "Strict-Transport-Security": "max-age=31536000; includeSubDomains",
        "X-Content-Type-Options": "nosniff",
        "x-ms-correlation-request-id": "40fb3716-c7fc-4a81-8bf0-24432c101e34",
        "x-ms-gatewayversion": "version=2.14.0",
        "x-ms-ratelimit-remaining-subscription-reads": "11906",
        "x-ms-request-id": "40fb3716-c7fc-4a81-8bf0-24432c101e34",
        "x-ms-routing-request-id": "WESTCENTRALUS:20220921T224658Z:40fb3716-c7fc-4a81-8bf0-24432c101e34"
      },
      "ResponseBody": {
        "status": "Dequeued"
      }
    },
    {
      "RequestUri": "https://management.azure.com/subscriptions/12053b8f-cab5-4f5c-9c1a-870580142abd/providers/Microsoft.DocumentDB/locations/westus2/operationsStatus/b1933198-105e-46b1-9040-335612f25722?api-version=2022-08-15",
      "RequestMethod": "GET",
      "RequestHeaders": {
        "Authorization": "Sanitized",
        "traceparent": "00-efb8f686620f1b46b0a529838cdb87f2-e99059a0a505c643-00",
        "User-Agent": "azsdk-net-ResourceManager/1.3.1 (.NET Core 3.1.29; Microsoft Windows 10.0.19044)",
        "x-ms-client-request-id": "dc1b350f11ef946bb5871bf0062b5b39",
        "x-ms-return-client-request-id": "true"
      },
      "RequestBody": null,
      "StatusCode": 200,
      "ResponseHeaders": {
        "Cache-Control": "no-store, no-cache",
        "Content-Length": "22",
        "Content-Type": "application/json",
        "Date": "Wed, 21 Sep 2022 22:47:01 GMT",
        "Pragma": "no-cache",
        "Server": "Microsoft-HTTPAPI/2.0",
        "Strict-Transport-Security": "max-age=31536000; includeSubDomains",
        "X-Content-Type-Options": "nosniff",
        "x-ms-correlation-request-id": "e54ab714-3192-4c41-b69a-2f64a0f45f54",
        "x-ms-gatewayversion": "version=2.14.0",
        "x-ms-ratelimit-remaining-subscription-reads": "11905",
        "x-ms-request-id": "e54ab714-3192-4c41-b69a-2f64a0f45f54",
        "x-ms-routing-request-id": "WESTCENTRALUS:20220921T224702Z:e54ab714-3192-4c41-b69a-2f64a0f45f54"
      },
      "ResponseBody": {
        "status": "Succeeded"
      }
    },
    {
      "RequestUri": "https://management.azure.com/subscriptions/12053b8f-cab5-4f5c-9c1a-870580142abd/resourceGroups/dbaccount-2154/providers/Microsoft.DocumentDB/databaseAccounts/dbaccount-3184/cassandraKeyspaces/cassandra-keyspace-92/throughputSettings/default?api-version=2022-08-15",
      "RequestMethod": "GET",
      "RequestHeaders": {
        "Authorization": "Sanitized",
        "traceparent": "00-efb8f686620f1b46b0a529838cdb87f2-3dd20b41bda9cd42-00",
        "User-Agent": "azsdk-net-ResourceManager/1.3.1 (.NET Core 3.1.29; Microsoft Windows 10.0.19044)",
        "x-ms-client-request-id": "9362b989dfc4ee99535d9078b7df8542",
        "x-ms-return-client-request-id": "true"
      },
      "RequestBody": null,
      "StatusCode": 200,
      "ResponseHeaders": {
        "Cache-Control": "no-store, no-cache",
        "Content-Length": "392",
        "Content-Type": "application/json",
        "Date": "Wed, 21 Sep 2022 22:47:02 GMT",
        "Pragma": "no-cache",
        "Server": "Microsoft-HTTPAPI/2.0",
        "Strict-Transport-Security": "max-age=31536000; includeSubDomains",
        "X-Content-Type-Options": "nosniff",
        "x-ms-correlation-request-id": "31b95602-3b9a-4991-b7fe-20b9bb13d92c",
        "x-ms-gatewayversion": "version=2.14.0",
        "x-ms-ratelimit-remaining-subscription-reads": "11904",
        "x-ms-request-id": "31b95602-3b9a-4991-b7fe-20b9bb13d92c",
        "x-ms-routing-request-id": "WESTCENTRALUS:20220921T224702Z:31b95602-3b9a-4991-b7fe-20b9bb13d92c"
      },
      "ResponseBody": {
        "id": "/subscriptions/12053b8f-cab5-4f5c-9c1a-870580142abd/resourceGroups/dbaccount-2154/providers/Microsoft.DocumentDB/databaseAccounts/dbaccount-3184/cassandraKeyspaces/cassandra-keyspace-92/throughputSettings/default",
        "type": "Microsoft.DocumentDB/databaseAccounts/cassandraKeyspaces/throughputSettings",
        "name": "AQFd",
        "properties": {
          "resource": {
            "throughput": 1000,
            "minimumThroughput": "400"
          }
        }
      }
    },
    {
      "RequestUri": "https://management.azure.com/subscriptions/12053b8f-cab5-4f5c-9c1a-870580142abd/resourceGroups/dbaccount-2154/providers/Microsoft.DocumentDB/databaseAccounts/dbaccount-3184/cassandraKeyspaces/cassandra-keyspace-92?api-version=2022-08-15",
      "RequestMethod": "GET",
      "RequestHeaders": {
        "Accept": "application/json",
        "Authorization": "Sanitized",
        "traceparent": "00-5fc85041fd901f46bef19e5cc8d1f79f-d2626ea0c7eada40-00",
        "User-Agent": "azsdk-net-ResourceManager.CosmosDB/1.1.0-alpha.20220921.1 (.NET Core 3.1.29; Microsoft Windows 10.0.19044)",
        "x-ms-client-request-id": "a13748a689be4c9d7fb969aebaeae8d2",
        "x-ms-return-client-request-id": "true"
      },
      "RequestBody": null,
      "StatusCode": 200,
      "ResponseHeaders": {
        "Cache-Control": "no-store, no-cache",
        "Content-Length": "434",
        "Content-Type": "application/json",
        "Date": "Wed, 21 Sep 2022 22:47:02 GMT",
        "Pragma": "no-cache",
        "Server": "Microsoft-HTTPAPI/2.0",
        "Strict-Transport-Security": "max-age=31536000; includeSubDomains",
        "X-Content-Type-Options": "nosniff",
        "x-ms-correlation-request-id": "d3851050-c7cf-46ba-9d70-d9c8a994b5c3",
        "x-ms-gatewayversion": "version=2.14.0",
        "x-ms-ratelimit-remaining-subscription-reads": "11903",
        "x-ms-request-id": "d3851050-c7cf-46ba-9d70-d9c8a994b5c3",
        "x-ms-routing-request-id": "WESTCENTRALUS:20220921T224702Z:d3851050-c7cf-46ba-9d70-d9c8a994b5c3"
      },
      "ResponseBody": {
        "id": "/subscriptions/12053b8f-cab5-4f5c-9c1a-870580142abd/resourceGroups/dbaccount-2154/providers/Microsoft.DocumentDB/databaseAccounts/dbaccount-3184/cassandraKeyspaces/cassandra-keyspace-92",
        "type": "Microsoft.DocumentDB/databaseAccounts/cassandraKeyspaces",
        "name": "cassandra-keyspace-92",
        "properties": {
          "resource": {
            "id": "cassandra-keyspace-92",
            "_rid": "yBUeAA==",
            "_etag": "\u00220000b40d-0000-0700-0000-632b94500000\u0022",
            "_ts": 1663800400
          }
        }
      }
    },
    {
      "RequestUri": "https://management.azure.com/subscriptions/12053b8f-cab5-4f5c-9c1a-870580142abd/resourceGroups/dbaccount-2154/providers/Microsoft.DocumentDB/databaseAccounts/dbaccount-3184/cassandraKeyspaces/cassandra-keyspace-92?api-version=2022-08-15",
      "RequestMethod": "DELETE",
      "RequestHeaders": {
        "Authorization": "Sanitized",
        "traceparent": "00-d4e54f30d8b97c4384dcfc6a5fdb6412-c028b5d6269bee4c-00",
        "User-Agent": "azsdk-net-ResourceManager.CosmosDB/1.1.0-alpha.20220921.1 (.NET Core 3.1.29; Microsoft Windows 10.0.19044)",
        "x-ms-client-request-id": "d94b245aabd730189c2c889181f2ddd6",
        "x-ms-return-client-request-id": "true"
      },
      "RequestBody": null,
      "StatusCode": 202,
      "ResponseHeaders": {
        "Azure-AsyncOperation": "https://management.azure.com/subscriptions/12053b8f-cab5-4f5c-9c1a-870580142abd/providers/Microsoft.DocumentDB/locations/westus2/operationsStatus/8b3e6c77-4ba8-452a-8ae9-d35d578bd7ce?api-version=2022-08-15",
        "Cache-Control": "no-store, no-cache",
        "Content-Length": "21",
        "Content-Type": "application/json",
        "Date": "Wed, 21 Sep 2022 22:47:02 GMT",
        "Location": "https://management.azure.com/subscriptions/12053b8f-cab5-4f5c-9c1a-870580142abd/resourceGroups/dbaccount-2154/providers/Microsoft.DocumentDB/databaseAccounts/dbaccount-3184/cassandraKeyspaces/cassandra-keyspace-92/operationResults/8b3e6c77-4ba8-452a-8ae9-d35d578bd7ce?api-version=2022-08-15",
        "Pragma": "no-cache",
        "Server": "Microsoft-HTTPAPI/2.0",
        "Strict-Transport-Security": "max-age=31536000; includeSubDomains",
        "X-Content-Type-Options": "nosniff",
        "x-ms-correlation-request-id": "d47619b1-f9c7-4401-9adf-4b7cb22bfa89",
        "x-ms-gatewayversion": "version=2.14.0",
        "x-ms-ratelimit-remaining-subscription-deletes": "14996",
        "x-ms-request-id": "8b3e6c77-4ba8-452a-8ae9-d35d578bd7ce",
        "x-ms-routing-request-id": "WESTCENTRALUS:20220921T224703Z:d47619b1-f9c7-4401-9adf-4b7cb22bfa89"
      },
      "ResponseBody": {
        "status": "Enqueued"
      }
    },
    {
      "RequestUri": "https://management.azure.com/subscriptions/12053b8f-cab5-4f5c-9c1a-870580142abd/providers/Microsoft.DocumentDB/locations/westus2/operationsStatus/8b3e6c77-4ba8-452a-8ae9-d35d578bd7ce?api-version=2022-08-15",
      "RequestMethod": "GET",
      "RequestHeaders": {
        "Authorization": "Sanitized",
        "traceparent": "00-d4e54f30d8b97c4384dcfc6a5fdb6412-d4aaa6492d86194b-00",
        "User-Agent": "azsdk-net-ResourceManager/1.3.1 (.NET Core 3.1.29; Microsoft Windows 10.0.19044)",
        "x-ms-client-request-id": "931ebd75ac94fb6b30070591000cca8c",
        "x-ms-return-client-request-id": "true"
      },
      "RequestBody": null,
      "StatusCode": 200,
      "ResponseHeaders": {
        "Cache-Control": "no-store, no-cache",
        "Content-Length": "21",
        "Content-Type": "application/json",
        "Date": "Wed, 21 Sep 2022 22:47:02 GMT",
        "Pragma": "no-cache",
        "Server": "Microsoft-HTTPAPI/2.0",
        "Strict-Transport-Security": "max-age=31536000; includeSubDomains",
        "X-Content-Type-Options": "nosniff",
        "x-ms-correlation-request-id": "27e13168-2f41-4d46-9fb7-00e4d02dd7c5",
        "x-ms-gatewayversion": "version=2.14.0",
        "x-ms-ratelimit-remaining-subscription-reads": "11902",
        "x-ms-request-id": "27e13168-2f41-4d46-9fb7-00e4d02dd7c5",
        "x-ms-routing-request-id": "WESTCENTRALUS:20220921T224703Z:27e13168-2f41-4d46-9fb7-00e4d02dd7c5"
      },
      "ResponseBody": {
        "status": "Enqueued"
      }
    },
    {
      "RequestUri": "https://management.azure.com/subscriptions/12053b8f-cab5-4f5c-9c1a-870580142abd/providers/Microsoft.DocumentDB/locations/westus2/operationsStatus/8b3e6c77-4ba8-452a-8ae9-d35d578bd7ce?api-version=2022-08-15",
      "RequestMethod": "GET",
      "RequestHeaders": {
        "Authorization": "Sanitized",
        "traceparent": "00-d4e54f30d8b97c4384dcfc6a5fdb6412-04b9c55eaf99ad40-00",
        "User-Agent": "azsdk-net-ResourceManager/1.3.1 (.NET Core 3.1.29; Microsoft Windows 10.0.19044)",
        "x-ms-client-request-id": "e2ac93dc2aa0a0dda84abdc1970dbab1",
        "x-ms-return-client-request-id": "true"
      },
      "RequestBody": null,
      "StatusCode": 200,
      "ResponseHeaders": {
        "Cache-Control": "no-store, no-cache",
        "Content-Length": "21",
        "Content-Type": "application/json",
        "Date": "Wed, 21 Sep 2022 22:47:03 GMT",
        "Pragma": "no-cache",
        "Server": "Microsoft-HTTPAPI/2.0",
        "Strict-Transport-Security": "max-age=31536000; includeSubDomains",
        "X-Content-Type-Options": "nosniff",
        "x-ms-correlation-request-id": "8a191f86-d479-4ad0-bd62-5ef22afaad66",
        "x-ms-gatewayversion": "version=2.14.0",
        "x-ms-ratelimit-remaining-subscription-reads": "11901",
        "x-ms-request-id": "8a191f86-d479-4ad0-bd62-5ef22afaad66",
        "x-ms-routing-request-id": "WESTCENTRALUS:20220921T224704Z:8a191f86-d479-4ad0-bd62-5ef22afaad66"
      },
      "ResponseBody": {
        "status": "Enqueued"
      }
    },
    {
      "RequestUri": "https://management.azure.com/subscriptions/12053b8f-cab5-4f5c-9c1a-870580142abd/providers/Microsoft.DocumentDB/locations/westus2/operationsStatus/8b3e6c77-4ba8-452a-8ae9-d35d578bd7ce?api-version=2022-08-15",
      "RequestMethod": "GET",
      "RequestHeaders": {
        "Authorization": "Sanitized",
        "traceparent": "00-d4e54f30d8b97c4384dcfc6a5fdb6412-e4ed388b5ce32948-00",
        "User-Agent": "azsdk-net-ResourceManager/1.3.1 (.NET Core 3.1.29; Microsoft Windows 10.0.19044)",
        "x-ms-client-request-id": "c31b1ff94ad455416d4e8cedb5eaff0f",
        "x-ms-return-client-request-id": "true"
      },
      "RequestBody": null,
      "StatusCode": 200,
      "ResponseHeaders": {
        "Cache-Control": "no-store, no-cache",
        "Content-Length": "21",
        "Content-Type": "application/json",
        "Date": "Wed, 21 Sep 2022 22:47:05 GMT",
        "Pragma": "no-cache",
        "Server": "Microsoft-HTTPAPI/2.0",
        "Strict-Transport-Security": "max-age=31536000; includeSubDomains",
        "X-Content-Type-Options": "nosniff",
        "x-ms-correlation-request-id": "6cf15612-50df-40b0-950d-9c18478921de",
        "x-ms-gatewayversion": "version=2.14.0",
        "x-ms-ratelimit-remaining-subscription-reads": "11900",
        "x-ms-request-id": "6cf15612-50df-40b0-950d-9c18478921de",
        "x-ms-routing-request-id": "WESTCENTRALUS:20220921T224705Z:6cf15612-50df-40b0-950d-9c18478921de"
      },
      "ResponseBody": {
        "status": "Enqueued"
      }
    },
    {
      "RequestUri": "https://management.azure.com/subscriptions/12053b8f-cab5-4f5c-9c1a-870580142abd/providers/Microsoft.DocumentDB/locations/westus2/operationsStatus/8b3e6c77-4ba8-452a-8ae9-d35d578bd7ce?api-version=2022-08-15",
      "RequestMethod": "GET",
      "RequestHeaders": {
        "Authorization": "Sanitized",
        "traceparent": "00-d4e54f30d8b97c4384dcfc6a5fdb6412-544bf9a24aead745-00",
        "User-Agent": "azsdk-net-ResourceManager/1.3.1 (.NET Core 3.1.29; Microsoft Windows 10.0.19044)",
        "x-ms-client-request-id": "e22e874b513e4bc8e07dea49eeaa6323",
        "x-ms-return-client-request-id": "true"
      },
      "RequestBody": null,
      "StatusCode": 200,
      "ResponseHeaders": {
        "Cache-Control": "no-store, no-cache",
        "Content-Length": "21",
        "Content-Type": "application/json",
        "Date": "Wed, 21 Sep 2022 22:47:06 GMT",
        "Pragma": "no-cache",
        "Server": "Microsoft-HTTPAPI/2.0",
        "Strict-Transport-Security": "max-age=31536000; includeSubDomains",
        "X-Content-Type-Options": "nosniff",
        "x-ms-correlation-request-id": "a3071a56-a217-44dd-964a-f6bee31ebd61",
        "x-ms-gatewayversion": "version=2.14.0",
        "x-ms-ratelimit-remaining-subscription-reads": "11899",
        "x-ms-request-id": "a3071a56-a217-44dd-964a-f6bee31ebd61",
        "x-ms-routing-request-id": "WESTCENTRALUS:20220921T224706Z:a3071a56-a217-44dd-964a-f6bee31ebd61"
      },
      "ResponseBody": {
        "status": "Enqueued"
      }
    },
    {
      "RequestUri": "https://management.azure.com/subscriptions/12053b8f-cab5-4f5c-9c1a-870580142abd/providers/Microsoft.DocumentDB/locations/westus2/operationsStatus/8b3e6c77-4ba8-452a-8ae9-d35d578bd7ce?api-version=2022-08-15",
      "RequestMethod": "GET",
      "RequestHeaders": {
        "Authorization": "Sanitized",
        "traceparent": "00-d4e54f30d8b97c4384dcfc6a5fdb6412-8362c554a41fa748-00",
        "User-Agent": "azsdk-net-ResourceManager/1.3.1 (.NET Core 3.1.29; Microsoft Windows 10.0.19044)",
        "x-ms-client-request-id": "e197544c07f192b7515774529df0ebbe",
        "x-ms-return-client-request-id": "true"
      },
      "RequestBody": null,
      "StatusCode": 200,
      "ResponseHeaders": {
        "Cache-Control": "no-store, no-cache",
        "Content-Length": "21",
        "Content-Type": "application/json",
        "Date": "Wed, 21 Sep 2022 22:47:08 GMT",
        "Pragma": "no-cache",
        "Server": "Microsoft-HTTPAPI/2.0",
        "Strict-Transport-Security": "max-age=31536000; includeSubDomains",
        "X-Content-Type-Options": "nosniff",
        "x-ms-correlation-request-id": "e24ca31f-5b92-40b8-acc2-8f970ee6da4c",
        "x-ms-gatewayversion": "version=2.14.0",
        "x-ms-ratelimit-remaining-subscription-reads": "11898",
        "x-ms-request-id": "e24ca31f-5b92-40b8-acc2-8f970ee6da4c",
        "x-ms-routing-request-id": "WESTCENTRALUS:20220921T224708Z:e24ca31f-5b92-40b8-acc2-8f970ee6da4c"
      },
      "ResponseBody": {
        "status": "Dequeued"
      }
    },
    {
      "RequestUri": "https://management.azure.com/subscriptions/12053b8f-cab5-4f5c-9c1a-870580142abd/providers/Microsoft.DocumentDB/locations/westus2/operationsStatus/8b3e6c77-4ba8-452a-8ae9-d35d578bd7ce?api-version=2022-08-15",
      "RequestMethod": "GET",
      "RequestHeaders": {
        "Authorization": "Sanitized",
        "traceparent": "00-d4e54f30d8b97c4384dcfc6a5fdb6412-d7fd5cad9d17dd4f-00",
        "User-Agent": "azsdk-net-ResourceManager/1.3.1 (.NET Core 3.1.29; Microsoft Windows 10.0.19044)",
        "x-ms-client-request-id": "0f75ae4bd8dfa87257cfe3575ff766c3",
        "x-ms-return-client-request-id": "true"
      },
      "RequestBody": null,
      "StatusCode": 200,
      "ResponseHeaders": {
        "Cache-Control": "no-store, no-cache",
        "Content-Length": "22",
        "Content-Type": "application/json",
        "Date": "Wed, 21 Sep 2022 22:47:12 GMT",
        "Pragma": "no-cache",
        "Server": "Microsoft-HTTPAPI/2.0",
        "Strict-Transport-Security": "max-age=31536000; includeSubDomains",
        "X-Content-Type-Options": "nosniff",
        "x-ms-correlation-request-id": "eda8b7d7-cd2a-4e7d-bffb-052cc5c9346b",
        "x-ms-gatewayversion": "version=2.14.0",
        "x-ms-ratelimit-remaining-subscription-reads": "11897",
        "x-ms-request-id": "eda8b7d7-cd2a-4e7d-bffb-052cc5c9346b",
        "x-ms-routing-request-id": "WESTCENTRALUS:20220921T224712Z:eda8b7d7-cd2a-4e7d-bffb-052cc5c9346b"
      },
      "ResponseBody": {
        "status": "Succeeded"
      }
    }
  ],
  "Variables": {
    "AZURE_AUTHORITY_HOST": null,
    "RandomSeed": "1655025790",
    "RESOURCE_MANAGER_URL": null,
    "SUBSCRIPTION_ID": "12053b8f-cab5-4f5c-9c1a-870580142abd"
  }
}
