{
  "Entries": [
    {
      "RequestUri": "https://management.azure.com/subscriptions/23587e98-b6ac-4328-a753-03bcd3c8e744/resourceGroups/dbaccount-4160/providers/Microsoft.DocumentDB/databaseAccounts/dbaccount-6833?api-version=2022-11-15-preview",
      "RequestMethod": "GET",
      "RequestHeaders": {
        "Accept": "application/json",
        "Authorization": "Sanitized",
        "traceparent": "00-ca99c033acf70f41b324c86521b07ee3-74a3776072a13949-00",
        "User-Agent": "azsdk-net-ResourceManager.CosmosDB/1.3.0-alpha.20230405.1 (.NET Framework 4.8.9139.0; Microsoft Windows 10.0.22621 )",
        "x-ms-client-request-id": "d8c381313f50819af16848aedf6e5d91",
        "x-ms-return-client-request-id": "true"
      },
      "RequestBody": null,
      "StatusCode": 200,
      "ResponseHeaders": {
        "Cache-Control": "no-store, no-cache",
        "Content-Length": "2927",
        "Content-Type": "application/json",
        "Date": "Wed, 05 Apr 2023 10:55:43 GMT",
        "Pragma": "no-cache",
        "Server": "Microsoft-HTTPAPI/2.0",
        "Strict-Transport-Security": "max-age=31536000; includeSubDomains",
        "X-Content-Type-Options": "nosniff",
        "x-ms-correlation-request-id": "55c36fdf-8086-4508-8eb3-68f5e97ed1eb",
        "x-ms-gatewayversion": "version=2.14.0",
        "x-ms-ratelimit-remaining-subscription-reads": "11938",
        "x-ms-request-id": "55c36fdf-8086-4508-8eb3-68f5e97ed1eb",
        "x-ms-routing-request-id": "WESTUS:20230405T105543Z:55c36fdf-8086-4508-8eb3-68f5e97ed1eb"
      },
      "ResponseBody": {
        "id": "/subscriptions/23587e98-b6ac-4328-a753-03bcd3c8e744/resourceGroups/dbaccount-4160/providers/Microsoft.DocumentDB/databaseAccounts/dbaccount-6833",
        "name": "dbaccount-6833",
        "location": "West US 2",
        "type": "Microsoft.DocumentDB/databaseAccounts",
        "kind": "GlobalDocumentDB",
        "tags": {
          "key1": "value1",
          "key2": "value2"
        },
        "systemData": {
          "createdAt": "2023-04-05T10:53:17.6110816Z"
        },
        "properties": {
          "provisioningState": "Succeeded",
          "documentEndpoint": "https://dbaccount-6833.documents.azure.com:443/",
          "cassandraEndpoint": "https://dbaccount-6833.cassandra.cosmos.azure.com:443/",
          "sqlEndpoint": "https://dbaccount-6833.documents.azure.com:443/",
          "publicNetworkAccess": "Enabled",
          "enableAutomaticFailover": false,
          "enableMultipleWriteLocations": false,
          "enablePartitionKeyMonitor": false,
          "isVirtualNetworkFilterEnabled": true,
          "virtualNetworkRules": [],
          "EnabledApiTypes": "Cassandra",
          "disableKeyBasedMetadataWriteAccess": false,
          "enableFreeTier": false,
          "enableAnalyticalStorage": false,
          "analyticalStorageConfiguration": {
            "schemaType": "WellDefined"
          },
          "instanceId": "3fae703d-99e4-4263-b32a-f5def371d6d8",
          "databaseAccountOfferType": "Standard",
          "enableMaterializedViews": false,
          "defaultIdentity": "FirstPartyIdentity",
          "networkAclBypass": "None",
          "disableLocalAuth": false,
          "enablePartitionMerge": false,
          "enableBurstCapacity": false,
          "minimalTlsVersion": "Tls12",
          "consistencyPolicy": {
            "defaultConsistencyLevel": "BoundedStaleness",
            "maxIntervalInSeconds": 1000,
            "maxStalenessPrefix": 300
          },
          "configurationOverrides": {},
          "writeLocations": [
            {
              "id": "dbaccount-6833-westus",
              "locationName": "West US",
              "documentEndpoint": "https://dbaccount-6833-westus.documents.azure.com:443/",
              "provisioningState": "Succeeded",
              "failoverPriority": 0,
              "isZoneRedundant": false
            }
          ],
          "readLocations": [
            {
              "id": "dbaccount-6833-westus",
              "locationName": "West US",
              "documentEndpoint": "https://dbaccount-6833-westus.documents.azure.com:443/",
              "provisioningState": "Succeeded",
              "failoverPriority": 0,
              "isZoneRedundant": false
            }
          ],
          "locations": [
            {
              "id": "dbaccount-6833-westus",
              "locationName": "West US",
              "documentEndpoint": "https://dbaccount-6833-westus.documents.azure.com:443/",
              "provisioningState": "Succeeded",
              "failoverPriority": 0,
              "isZoneRedundant": false
            }
          ],
          "failoverPolicies": [
            {
              "id": "dbaccount-6833-westus",
              "locationName": "West US",
              "failoverPriority": 0
            }
          ],
          "cors": [],
          "capabilities": [
            {
              "name": "EnableCassandra"
            }
          ],
          "ipRules": [
            {
              "ipAddressOrRange": "23.43.230.120"
            }
          ],
          "backupPolicy": {
            "type": "Periodic",
            "periodicModeProperties": {
              "backupIntervalInMinutes": 240,
              "backupRetentionIntervalInHours": 8,
              "backupStorageRedundancy": "Geo"
            }
          },
          "networkAclBypassResourceIds": [],
          "diagnosticLogSettings": {
            "enableFullTextQuery": "None"
          },
          "keysMetadata": {
            "primaryMasterKey": {
              "generationTime": "2023-04-05T10:53:17.6110816Z"
            },
            "secondaryMasterKey": {
              "generationTime": "2023-04-05T10:53:17.6110816Z"
            },
            "primaryReadonlyMasterKey": {
              "generationTime": "2023-04-05T10:53:17.6110816Z"
            },
            "secondaryReadonlyMasterKey": {
              "generationTime": "2023-04-05T10:53:17.6110816Z"
            }
          }
        },
        "identity": {
          "type": "None"
        }
      }
    },
    {
      "RequestUri": "https://management.azure.com/subscriptions/23587e98-b6ac-4328-a753-03bcd3c8e744/resourceGroups/dbaccount-4160/providers/Microsoft.DocumentDB/databaseAccounts/dbaccount-6833/cassandraKeyspaces/cassandra-keyspace-9565?api-version=2022-11-15-preview",
      "RequestMethod": "PUT",
      "RequestHeaders": {
        "Accept": "application/json",
        "Authorization": "Sanitized",
        "Content-Length": "119",
        "Content-Type": "application/json",
        "traceparent": "00-23dab51efbd1f24999b00c3244a3dce4-5979cc7d8834cb4b-00",
        "User-Agent": "azsdk-net-ResourceManager.CosmosDB/1.3.0-alpha.20230405.1 (.NET Framework 4.8.9139.0; Microsoft Windows 10.0.22621 )",
        "x-ms-client-request-id": "dcd01878c023c0e722da6e31a8584782",
        "x-ms-return-client-request-id": "true"
      },
      "RequestBody": {
        "tags": {},
        "location": "westus",
        "properties": {
          "resource": {
            "id": "cassandra-keyspace-9565"
          },
          "options": {
            "throughput": 700
          }
        }
      },
      "StatusCode": 202,
      "ResponseHeaders": {
        "Azure-AsyncOperation": "https://management.azure.com/subscriptions/23587e98-b6ac-4328-a753-03bcd3c8e744/providers/Microsoft.DocumentDB/locations/westus2/operationsStatus/3a2499fa-cbb7-40f5-81d8-880c3864c81c?api-version=2022-11-15-preview",
        "Cache-Control": "no-store, no-cache",
        "Content-Length": "21",
        "Content-Type": "application/json",
        "Date": "Wed, 05 Apr 2023 10:55:44 GMT",
        "Location": "https://management.azure.com/subscriptions/23587e98-b6ac-4328-a753-03bcd3c8e744/resourceGroups/dbaccount-4160/providers/Microsoft.DocumentDB/databaseAccounts/dbaccount-6833/cassandraKeyspaces/cassandra-keyspace-9565/operationResults/3a2499fa-cbb7-40f5-81d8-880c3864c81c?api-version=2022-11-15-preview",
        "Pragma": "no-cache",
        "Server": "Microsoft-HTTPAPI/2.0",
        "Strict-Transport-Security": "max-age=31536000; includeSubDomains",
        "X-Content-Type-Options": "nosniff",
        "x-ms-correlation-request-id": "dced7968-6257-4b4d-93b2-c76d22a4a27c",
        "x-ms-gatewayversion": "version=2.14.0",
        "x-ms-ratelimit-remaining-subscription-writes": "1195",
        "x-ms-request-id": "3a2499fa-cbb7-40f5-81d8-880c3864c81c",
        "x-ms-routing-request-id": "WESTUS:20230405T105544Z:dced7968-6257-4b4d-93b2-c76d22a4a27c"
      },
      "ResponseBody": {
        "status": "Enqueued"
      }
    },
    {
      "RequestUri": "https://management.azure.com/subscriptions/23587e98-b6ac-4328-a753-03bcd3c8e744/providers/Microsoft.DocumentDB/locations/westus2/operationsStatus/3a2499fa-cbb7-40f5-81d8-880c3864c81c?api-version=2022-11-15-preview",
      "RequestMethod": "GET",
      "RequestHeaders": {
        "Authorization": "Sanitized",
        "traceparent": "00-23dab51efbd1f24999b00c3244a3dce4-dfd10a81310a594a-00",
        "User-Agent": "azsdk-net-ResourceManager/1.4.0 (.NET Framework 4.8.9139.0; Microsoft Windows 10.0.22621 )",
        "x-ms-client-request-id": "01a6a8c49768c10edc172d642c4f4810",
        "x-ms-return-client-request-id": "true"
      },
      "RequestBody": null,
      "StatusCode": 200,
      "ResponseHeaders": {
        "Cache-Control": "no-store, no-cache",
        "Content-Length": "21",
        "Content-Type": "application/json",
        "Date": "Wed, 05 Apr 2023 10:55:44 GMT",
        "Pragma": "no-cache",
        "Server": "Microsoft-HTTPAPI/2.0",
        "Strict-Transport-Security": "max-age=31536000; includeSubDomains",
        "X-Content-Type-Options": "nosniff",
        "x-ms-correlation-request-id": "e48ffd63-28df-4f04-9c46-113a8d07af45",
        "x-ms-gatewayversion": "version=2.14.0",
        "x-ms-ratelimit-remaining-subscription-reads": "11937",
        "x-ms-request-id": "e48ffd63-28df-4f04-9c46-113a8d07af45",
        "x-ms-routing-request-id": "WESTUS:20230405T105544Z:e48ffd63-28df-4f04-9c46-113a8d07af45"
      },
      "ResponseBody": {
        "status": "Enqueued"
      }
    },
    {
      "RequestUri": "https://management.azure.com/subscriptions/23587e98-b6ac-4328-a753-03bcd3c8e744/providers/Microsoft.DocumentDB/locations/westus2/operationsStatus/3a2499fa-cbb7-40f5-81d8-880c3864c81c?api-version=2022-11-15-preview",
      "RequestMethod": "GET",
      "RequestHeaders": {
        "Authorization": "Sanitized",
        "traceparent": "00-23dab51efbd1f24999b00c3244a3dce4-0328e69711040e46-00",
        "User-Agent": "azsdk-net-ResourceManager/1.4.0 (.NET Framework 4.8.9139.0; Microsoft Windows 10.0.22621 )",
        "x-ms-client-request-id": "098e2c0130359ea1fded324807cba961",
        "x-ms-return-client-request-id": "true"
      },
      "RequestBody": null,
      "StatusCode": 200,
      "ResponseHeaders": {
        "Cache-Control": "no-store, no-cache",
        "Content-Length": "21",
        "Content-Type": "application/json",
        "Date": "Wed, 05 Apr 2023 10:55:45 GMT",
        "Pragma": "no-cache",
        "Server": "Microsoft-HTTPAPI/2.0",
        "Strict-Transport-Security": "max-age=31536000; includeSubDomains",
        "X-Content-Type-Options": "nosniff",
        "x-ms-correlation-request-id": "85a2638e-29cc-425f-bd88-9f5bf5198ba3",
        "x-ms-gatewayversion": "version=2.14.0",
        "x-ms-ratelimit-remaining-subscription-reads": "11936",
        "x-ms-request-id": "85a2638e-29cc-425f-bd88-9f5bf5198ba3",
        "x-ms-routing-request-id": "WESTUS:20230405T105545Z:85a2638e-29cc-425f-bd88-9f5bf5198ba3"
      },
      "ResponseBody": {
        "status": "Enqueued"
      }
    },
    {
      "RequestUri": "https://management.azure.com/subscriptions/23587e98-b6ac-4328-a753-03bcd3c8e744/providers/Microsoft.DocumentDB/locations/westus2/operationsStatus/3a2499fa-cbb7-40f5-81d8-880c3864c81c?api-version=2022-11-15-preview",
      "RequestMethod": "GET",
      "RequestHeaders": {
        "Authorization": "Sanitized",
        "traceparent": "00-23dab51efbd1f24999b00c3244a3dce4-ef91d7e21d6f1e42-00",
        "User-Agent": "azsdk-net-ResourceManager/1.4.0 (.NET Framework 4.8.9139.0; Microsoft Windows 10.0.22621 )",
        "x-ms-client-request-id": "006d548446b1b9195666848facb6b75a",
        "x-ms-return-client-request-id": "true"
      },
      "RequestBody": null,
      "StatusCode": 200,
      "ResponseHeaders": {
        "Cache-Control": "no-store, no-cache",
        "Content-Length": "21",
        "Content-Type": "application/json",
        "Date": "Wed, 05 Apr 2023 10:55:46 GMT",
        "Pragma": "no-cache",
        "Server": "Microsoft-HTTPAPI/2.0",
        "Strict-Transport-Security": "max-age=31536000; includeSubDomains",
        "X-Content-Type-Options": "nosniff",
        "x-ms-correlation-request-id": "282fbc50-ea39-426e-b304-0e37cdaeed00",
        "x-ms-gatewayversion": "version=2.14.0",
        "x-ms-ratelimit-remaining-subscription-reads": "11935",
        "x-ms-request-id": "282fbc50-ea39-426e-b304-0e37cdaeed00",
        "x-ms-routing-request-id": "WESTUS:20230405T105546Z:282fbc50-ea39-426e-b304-0e37cdaeed00"
      },
      "ResponseBody": {
        "status": "Enqueued"
      }
    },
    {
      "RequestUri": "https://management.azure.com/subscriptions/23587e98-b6ac-4328-a753-03bcd3c8e744/providers/Microsoft.DocumentDB/locations/westus2/operationsStatus/3a2499fa-cbb7-40f5-81d8-880c3864c81c?api-version=2022-11-15-preview",
      "RequestMethod": "GET",
      "RequestHeaders": {
        "Authorization": "Sanitized",
        "traceparent": "00-23dab51efbd1f24999b00c3244a3dce4-032559dc31304047-00",
        "User-Agent": "azsdk-net-ResourceManager/1.4.0 (.NET Framework 4.8.9139.0; Microsoft Windows 10.0.22621 )",
        "x-ms-client-request-id": "ea1aa8924d3294e40708037b65c6b910",
        "x-ms-return-client-request-id": "true"
      },
      "RequestBody": null,
      "StatusCode": 200,
      "ResponseHeaders": {
        "Cache-Control": "no-store, no-cache",
        "Content-Length": "21",
        "Content-Type": "application/json",
        "Date": "Wed, 05 Apr 2023 10:55:47 GMT",
        "Pragma": "no-cache",
        "Server": "Microsoft-HTTPAPI/2.0",
        "Strict-Transport-Security": "max-age=31536000; includeSubDomains",
        "X-Content-Type-Options": "nosniff",
        "x-ms-correlation-request-id": "f80e876f-eef7-4ca2-8061-2057e9ee9166",
        "x-ms-gatewayversion": "version=2.14.0",
        "x-ms-ratelimit-remaining-subscription-reads": "11934",
        "x-ms-request-id": "f80e876f-eef7-4ca2-8061-2057e9ee9166",
        "x-ms-routing-request-id": "WESTUS:20230405T105547Z:f80e876f-eef7-4ca2-8061-2057e9ee9166"
      },
      "ResponseBody": {
        "status": "Dequeued"
      }
    },
    {
      "RequestUri": "https://management.azure.com/subscriptions/23587e98-b6ac-4328-a753-03bcd3c8e744/providers/Microsoft.DocumentDB/locations/westus2/operationsStatus/3a2499fa-cbb7-40f5-81d8-880c3864c81c?api-version=2022-11-15-preview",
      "RequestMethod": "GET",
      "RequestHeaders": {
        "Authorization": "Sanitized",
        "traceparent": "00-23dab51efbd1f24999b00c3244a3dce4-bab5527850939945-00",
        "User-Agent": "azsdk-net-ResourceManager/1.4.0 (.NET Framework 4.8.9139.0; Microsoft Windows 10.0.22621 )",
        "x-ms-client-request-id": "d7e0cc6e48e1bb5f13d5b2cfac11f147",
        "x-ms-return-client-request-id": "true"
      },
      "RequestBody": null,
      "StatusCode": 200,
      "ResponseHeaders": {
        "Cache-Control": "no-store, no-cache",
        "Content-Length": "21",
        "Content-Type": "application/json",
        "Date": "Wed, 05 Apr 2023 10:55:49 GMT",
        "Pragma": "no-cache",
        "Server": "Microsoft-HTTPAPI/2.0",
        "Strict-Transport-Security": "max-age=31536000; includeSubDomains",
        "X-Content-Type-Options": "nosniff",
        "x-ms-correlation-request-id": "8010586d-b902-4528-9561-19744b996060",
        "x-ms-gatewayversion": "version=2.14.0",
        "x-ms-ratelimit-remaining-subscription-reads": "11933",
        "x-ms-request-id": "8010586d-b902-4528-9561-19744b996060",
        "x-ms-routing-request-id": "WESTUS:20230405T105549Z:8010586d-b902-4528-9561-19744b996060"
      },
      "ResponseBody": {
        "status": "Dequeued"
      }
    },
    {
      "RequestUri": "https://management.azure.com/subscriptions/23587e98-b6ac-4328-a753-03bcd3c8e744/providers/Microsoft.DocumentDB/locations/westus2/operationsStatus/3a2499fa-cbb7-40f5-81d8-880c3864c81c?api-version=2022-11-15-preview",
      "RequestMethod": "GET",
      "RequestHeaders": {
        "Authorization": "Sanitized",
        "traceparent": "00-23dab51efbd1f24999b00c3244a3dce4-25ab675cb7c46b48-00",
        "User-Agent": "azsdk-net-ResourceManager/1.4.0 (.NET Framework 4.8.9139.0; Microsoft Windows 10.0.22621 )",
        "x-ms-client-request-id": "5fb5d735beb1372e70d9f8a9429d5390",
        "x-ms-return-client-request-id": "true"
      },
      "RequestBody": null,
      "StatusCode": 200,
      "ResponseHeaders": {
        "Cache-Control": "no-store, no-cache",
        "Content-Length": "22",
        "Content-Type": "application/json",
        "Date": "Wed, 05 Apr 2023 10:55:53 GMT",
        "Pragma": "no-cache",
        "Server": "Microsoft-HTTPAPI/2.0",
        "Strict-Transport-Security": "max-age=31536000; includeSubDomains",
        "X-Content-Type-Options": "nosniff",
        "x-ms-correlation-request-id": "56990cf0-aecc-46b9-9bb0-197d93c98f7b",
        "x-ms-gatewayversion": "version=2.14.0",
        "x-ms-ratelimit-remaining-subscription-reads": "11932",
        "x-ms-request-id": "56990cf0-aecc-46b9-9bb0-197d93c98f7b",
        "x-ms-routing-request-id": "WESTUS:20230405T105553Z:56990cf0-aecc-46b9-9bb0-197d93c98f7b"
      },
      "ResponseBody": {
        "status": "Succeeded"
      }
    },
    {
      "RequestUri": "https://management.azure.com/subscriptions/23587e98-b6ac-4328-a753-03bcd3c8e744/resourceGroups/dbaccount-4160/providers/Microsoft.DocumentDB/databaseAccounts/dbaccount-6833/cassandraKeyspaces/cassandra-keyspace-9565?api-version=2022-11-15-preview",
      "RequestMethod": "GET",
      "RequestHeaders": {
        "Authorization": "Sanitized",
        "traceparent": "00-23dab51efbd1f24999b00c3244a3dce4-d594623cb7e02347-00",
        "User-Agent": "azsdk-net-ResourceManager/1.4.0 (.NET Framework 4.8.9139.0; Microsoft Windows 10.0.22621 )",
        "x-ms-client-request-id": "e02073acdfd64a79485ed75d9a15e8f5",
        "x-ms-return-client-request-id": "true"
      },
      "RequestBody": null,
      "StatusCode": 200,
      "ResponseHeaders": {
        "Cache-Control": "no-store, no-cache",
        "Content-Length": "440",
        "Content-Type": "application/json",
        "Date": "Wed, 05 Apr 2023 10:55:53 GMT",
        "Pragma": "no-cache",
        "Server": "Microsoft-HTTPAPI/2.0",
        "Strict-Transport-Security": "max-age=31536000; includeSubDomains",
        "X-Content-Type-Options": "nosniff",
        "x-ms-correlation-request-id": "38159959-e576-4b98-9992-f7e946912bc7",
        "x-ms-gatewayversion": "version=2.14.0",
        "x-ms-ratelimit-remaining-subscription-reads": "11931",
        "x-ms-request-id": "38159959-e576-4b98-9992-f7e946912bc7",
        "x-ms-routing-request-id": "WESTUS:20230405T105553Z:38159959-e576-4b98-9992-f7e946912bc7"
      },
      "ResponseBody": {
        "id": "/subscriptions/23587e98-b6ac-4328-a753-03bcd3c8e744/resourceGroups/dbaccount-4160/providers/Microsoft.DocumentDB/databaseAccounts/dbaccount-6833/cassandraKeyspaces/cassandra-keyspace-9565",
        "type": "Microsoft.DocumentDB/databaseAccounts/cassandraKeyspaces",
        "name": "cassandra-keyspace-9565",
        "properties": {
          "resource": {
            "id": "cassandra-keyspace-9565",
            "_rid": "vaZPAA==",
            "_etag": "\u002200009f12-0000-0700-0000-642d53b60000\u0022",
            "_ts": 1680692150
          }
        }
      }
    },
    {
      "RequestUri": "https://management.azure.com/subscriptions/23587e98-b6ac-4328-a753-03bcd3c8e744/resourceGroups/dbaccount-4160/providers/Microsoft.DocumentDB/databaseAccounts/dbaccount-6833/cassandraKeyspaces/cassandra-keyspace-9565/throughputSettings/default?api-version=2022-11-15-preview",
      "RequestMethod": "GET",
      "RequestHeaders": {
        "Accept": "application/json",
        "Authorization": "Sanitized",
        "traceparent": "00-e86c858aa240a6468cbe3025ca977fdb-97b9880df0c1d74a-00",
        "User-Agent": "azsdk-net-ResourceManager.CosmosDB/1.3.0-alpha.20230405.1 (.NET Framework 4.8.9139.0; Microsoft Windows 10.0.22621 )",
        "x-ms-client-request-id": "8d46bc165a11b05f9ea867084fb57975",
        "x-ms-return-client-request-id": "true"
      },
      "RequestBody": null,
      "StatusCode": 200,
      "ResponseHeaders": {
        "Cache-Control": "no-store, no-cache",
        "Content-Length": "393",
        "Content-Type": "application/json",
        "Date": "Wed, 05 Apr 2023 10:55:53 GMT",
        "Pragma": "no-cache",
        "Server": "Microsoft-HTTPAPI/2.0",
        "Strict-Transport-Security": "max-age=31536000; includeSubDomains",
        "X-Content-Type-Options": "nosniff",
        "x-ms-correlation-request-id": "0fe44d0a-ce52-42d5-a92a-d09f86cfdd21",
        "x-ms-gatewayversion": "version=2.14.0",
        "x-ms-ratelimit-remaining-subscription-reads": "11930",
        "x-ms-request-id": "0fe44d0a-ce52-42d5-a92a-d09f86cfdd21",
        "x-ms-routing-request-id": "WESTUS:20230405T105554Z:0fe44d0a-ce52-42d5-a92a-d09f86cfdd21"
      },
      "ResponseBody": {
        "id": "/subscriptions/23587e98-b6ac-4328-a753-03bcd3c8e744/resourceGroups/dbaccount-4160/providers/Microsoft.DocumentDB/databaseAccounts/dbaccount-6833/cassandraKeyspaces/cassandra-keyspace-9565/throughputSettings/default",
        "type": "Microsoft.DocumentDB/databaseAccounts/cassandraKeyspaces/throughputSettings",
        "name": "vOdZ",
        "properties": {
          "resource": {
            "throughput": 700,
            "minimumThroughput": "400"
          }
        }
      }
    },
    {
      "RequestUri": "https://management.azure.com/subscriptions/23587e98-b6ac-4328-a753-03bcd3c8e744/resourceGroups/dbaccount-4160/providers/Microsoft.DocumentDB/databaseAccounts/dbaccount-6833/cassandraKeyspaces/cassandra-keyspace-9565/throughputSettings/default?api-version=2022-11-15-preview",
      "RequestMethod": "PUT",
      "RequestHeaders": {
        "Accept": "application/json",
        "Authorization": "Sanitized",
        "Content-Length": "77",
        "Content-Type": "application/json",
        "traceparent": "00-39256ee8a41f46448db243ed1773e5cb-3f5597a75f4b0549-00",
        "User-Agent": "azsdk-net-ResourceManager.CosmosDB/1.3.0-alpha.20230405.1 (.NET Framework 4.8.9139.0; Microsoft Windows 10.0.22621 )",
        "x-ms-client-request-id": "3822218111f055715e6a1652e6d09c5a",
        "x-ms-return-client-request-id": "true"
      },
      "RequestBody": {
        "tags": {},
        "location": "westus",
        "properties": {
          "resource": {
            "throughput": 1000
          }
        }
      },
      "StatusCode": 202,
      "ResponseHeaders": {
        "Azure-AsyncOperation": "https://management.azure.com/subscriptions/23587e98-b6ac-4328-a753-03bcd3c8e744/providers/Microsoft.DocumentDB/locations/westus2/operationsStatus/f4c214e2-1040-45ca-8f26-4630c325ee85?api-version=2022-11-15-preview",
        "Cache-Control": "no-store, no-cache",
        "Content-Length": "21",
        "Content-Type": "application/json",
        "Date": "Wed, 05 Apr 2023 10:55:54 GMT",
        "Location": "https://management.azure.com/subscriptions/23587e98-b6ac-4328-a753-03bcd3c8e744/resourceGroups/dbaccount-4160/providers/Microsoft.DocumentDB/databaseAccounts/dbaccount-6833/cassandraKeyspaces/cassandra-keyspace-9565/throughputSettings/default/operationResults/f4c214e2-1040-45ca-8f26-4630c325ee85?api-version=2022-11-15-preview",
        "Pragma": "no-cache",
        "Server": "Microsoft-HTTPAPI/2.0",
        "Strict-Transport-Security": "max-age=31536000; includeSubDomains",
        "X-Content-Type-Options": "nosniff",
        "x-ms-correlation-request-id": "784af06b-6cf7-4fed-b8ec-8a010d486e1c",
        "x-ms-gatewayversion": "version=2.14.0",
        "x-ms-ratelimit-remaining-subscription-writes": "1194",
        "x-ms-request-id": "f4c214e2-1040-45ca-8f26-4630c325ee85",
        "x-ms-routing-request-id": "WESTUS:20230405T105555Z:784af06b-6cf7-4fed-b8ec-8a010d486e1c"
      },
      "ResponseBody": {
        "status": "Enqueued"
      }
    },
    {
      "RequestUri": "https://management.azure.com/subscriptions/23587e98-b6ac-4328-a753-03bcd3c8e744/providers/Microsoft.DocumentDB/locations/westus2/operationsStatus/f4c214e2-1040-45ca-8f26-4630c325ee85?api-version=2022-11-15-preview",
      "RequestMethod": "GET",
      "RequestHeaders": {
        "Authorization": "Sanitized",
        "traceparent": "00-39256ee8a41f46448db243ed1773e5cb-62c1514481f5da4c-00",
        "User-Agent": "azsdk-net-ResourceManager/1.4.0 (.NET Framework 4.8.9139.0; Microsoft Windows 10.0.22621 )",
        "x-ms-client-request-id": "79dc61e5aff204044bf02ea6440dc9cd",
        "x-ms-return-client-request-id": "true"
      },
      "RequestBody": null,
      "StatusCode": 200,
      "ResponseHeaders": {
        "Cache-Control": "no-store, no-cache",
        "Content-Length": "21",
        "Content-Type": "application/json",
        "Date": "Wed, 05 Apr 2023 10:55:54 GMT",
        "Pragma": "no-cache",
        "Server": "Microsoft-HTTPAPI/2.0",
        "Strict-Transport-Security": "max-age=31536000; includeSubDomains",
        "X-Content-Type-Options": "nosniff",
        "x-ms-correlation-request-id": "8d746a50-f608-4b84-b367-4eb1492adaad",
        "x-ms-gatewayversion": "version=2.14.0",
        "x-ms-ratelimit-remaining-subscription-reads": "11929",
        "x-ms-request-id": "8d746a50-f608-4b84-b367-4eb1492adaad",
        "x-ms-routing-request-id": "WESTUS:20230405T105555Z:8d746a50-f608-4b84-b367-4eb1492adaad"
      },
      "ResponseBody": {
        "status": "Enqueued"
      }
    },
    {
      "RequestUri": "https://management.azure.com/subscriptions/23587e98-b6ac-4328-a753-03bcd3c8e744/providers/Microsoft.DocumentDB/locations/westus2/operationsStatus/f4c214e2-1040-45ca-8f26-4630c325ee85?api-version=2022-11-15-preview",
      "RequestMethod": "GET",
      "RequestHeaders": {
        "Authorization": "Sanitized",
        "traceparent": "00-39256ee8a41f46448db243ed1773e5cb-6a7e8e62128af142-00",
        "User-Agent": "azsdk-net-ResourceManager/1.4.0 (.NET Framework 4.8.9139.0; Microsoft Windows 10.0.22621 )",
        "x-ms-client-request-id": "4c170c0bf322ba1ea1d02480cf43ddee",
        "x-ms-return-client-request-id": "true"
      },
      "RequestBody": null,
      "StatusCode": 200,
      "ResponseHeaders": {
        "Cache-Control": "no-store, no-cache",
        "Content-Length": "21",
        "Content-Type": "application/json",
        "Date": "Wed, 05 Apr 2023 10:55:55 GMT",
        "Pragma": "no-cache",
        "Server": "Microsoft-HTTPAPI/2.0",
        "Strict-Transport-Security": "max-age=31536000; includeSubDomains",
        "X-Content-Type-Options": "nosniff",
        "x-ms-correlation-request-id": "d4a70d82-3b04-409c-af43-c868ac4bf9eb",
        "x-ms-gatewayversion": "version=2.14.0",
        "x-ms-ratelimit-remaining-subscription-reads": "11928",
        "x-ms-request-id": "d4a70d82-3b04-409c-af43-c868ac4bf9eb",
        "x-ms-routing-request-id": "WESTUS:20230405T105556Z:d4a70d82-3b04-409c-af43-c868ac4bf9eb"
      },
      "ResponseBody": {
        "status": "Enqueued"
      }
    },
    {
      "RequestUri": "https://management.azure.com/subscriptions/23587e98-b6ac-4328-a753-03bcd3c8e744/providers/Microsoft.DocumentDB/locations/westus2/operationsStatus/f4c214e2-1040-45ca-8f26-4630c325ee85?api-version=2022-11-15-preview",
      "RequestMethod": "GET",
      "RequestHeaders": {
        "Authorization": "Sanitized",
        "traceparent": "00-39256ee8a41f46448db243ed1773e5cb-0025c5257c75a746-00",
        "User-Agent": "azsdk-net-ResourceManager/1.4.0 (.NET Framework 4.8.9139.0; Microsoft Windows 10.0.22621 )",
        "x-ms-client-request-id": "856c837023f34167fe8e3a6797d90d06",
        "x-ms-return-client-request-id": "true"
      },
      "RequestBody": null,
      "StatusCode": 200,
      "ResponseHeaders": {
        "Cache-Control": "no-store, no-cache",
        "Content-Length": "21",
        "Content-Type": "application/json",
        "Date": "Wed, 05 Apr 2023 10:55:56 GMT",
        "Pragma": "no-cache",
        "Server": "Microsoft-HTTPAPI/2.0",
        "Strict-Transport-Security": "max-age=31536000; includeSubDomains",
        "X-Content-Type-Options": "nosniff",
        "x-ms-correlation-request-id": "90bb8ec4-1452-4a40-a8fc-964a18649e1d",
        "x-ms-gatewayversion": "version=2.14.0",
        "x-ms-ratelimit-remaining-subscription-reads": "11927",
        "x-ms-request-id": "90bb8ec4-1452-4a40-a8fc-964a18649e1d",
        "x-ms-routing-request-id": "WESTUS:20230405T105557Z:90bb8ec4-1452-4a40-a8fc-964a18649e1d"
      },
      "ResponseBody": {
        "status": "Enqueued"
      }
    },
    {
      "RequestUri": "https://management.azure.com/subscriptions/23587e98-b6ac-4328-a753-03bcd3c8e744/providers/Microsoft.DocumentDB/locations/westus2/operationsStatus/f4c214e2-1040-45ca-8f26-4630c325ee85?api-version=2022-11-15-preview",
      "RequestMethod": "GET",
      "RequestHeaders": {
        "Authorization": "Sanitized",
        "traceparent": "00-39256ee8a41f46448db243ed1773e5cb-de911ead14b07f41-00",
        "User-Agent": "azsdk-net-ResourceManager/1.4.0 (.NET Framework 4.8.9139.0; Microsoft Windows 10.0.22621 )",
        "x-ms-client-request-id": "6b2174a6ae59f2704321d7228a843507",
        "x-ms-return-client-request-id": "true"
      },
      "RequestBody": null,
      "StatusCode": 200,
      "ResponseHeaders": {
        "Cache-Control": "no-store, no-cache",
        "Content-Length": "21",
        "Content-Type": "application/json",
        "Date": "Wed, 05 Apr 2023 10:55:58 GMT",
        "Pragma": "no-cache",
        "Server": "Microsoft-HTTPAPI/2.0",
        "Strict-Transport-Security": "max-age=31536000; includeSubDomains",
        "X-Content-Type-Options": "nosniff",
        "x-ms-correlation-request-id": "3d6e0e11-da52-4298-9ac8-42ae610c9d6e",
        "x-ms-gatewayversion": "version=2.14.0",
        "x-ms-ratelimit-remaining-subscription-reads": "11926",
        "x-ms-request-id": "3d6e0e11-da52-4298-9ac8-42ae610c9d6e",
        "x-ms-routing-request-id": "WESTUS:20230405T105558Z:3d6e0e11-da52-4298-9ac8-42ae610c9d6e"
      },
      "ResponseBody": {
        "status": "Dequeued"
      }
    },
    {
      "RequestUri": "https://management.azure.com/subscriptions/23587e98-b6ac-4328-a753-03bcd3c8e744/providers/Microsoft.DocumentDB/locations/westus2/operationsStatus/f4c214e2-1040-45ca-8f26-4630c325ee85?api-version=2022-11-15-preview",
      "RequestMethod": "GET",
      "RequestHeaders": {
        "Authorization": "Sanitized",
        "traceparent": "00-39256ee8a41f46448db243ed1773e5cb-fa329a306dd32148-00",
        "User-Agent": "azsdk-net-ResourceManager/1.4.0 (.NET Framework 4.8.9139.0; Microsoft Windows 10.0.22621 )",
        "x-ms-client-request-id": "c136401344a0e8d9a5d54d93b9b723c8",
        "x-ms-return-client-request-id": "true"
      },
      "RequestBody": null,
      "StatusCode": 200,
      "ResponseHeaders": {
        "Cache-Control": "no-store, no-cache",
        "Content-Length": "21",
        "Content-Type": "application/json",
        "Date": "Wed, 05 Apr 2023 10:56:00 GMT",
        "Pragma": "no-cache",
        "Server": "Microsoft-HTTPAPI/2.0",
        "Strict-Transport-Security": "max-age=31536000; includeSubDomains",
        "X-Content-Type-Options": "nosniff",
        "x-ms-correlation-request-id": "5196b997-d455-4bc9-8d47-01941c952733",
        "x-ms-gatewayversion": "version=2.14.0",
        "x-ms-ratelimit-remaining-subscription-reads": "11925",
        "x-ms-request-id": "5196b997-d455-4bc9-8d47-01941c952733",
        "x-ms-routing-request-id": "WESTUS:20230405T105600Z:5196b997-d455-4bc9-8d47-01941c952733"
      },
      "ResponseBody": {
        "status": "Dequeued"
      }
    },
    {
      "RequestUri": "https://management.azure.com/subscriptions/23587e98-b6ac-4328-a753-03bcd3c8e744/providers/Microsoft.DocumentDB/locations/westus2/operationsStatus/f4c214e2-1040-45ca-8f26-4630c325ee85?api-version=2022-11-15-preview",
      "RequestMethod": "GET",
      "RequestHeaders": {
        "Authorization": "Sanitized",
        "traceparent": "00-39256ee8a41f46448db243ed1773e5cb-a9c0922ccf7e324a-00",
        "User-Agent": "azsdk-net-ResourceManager/1.4.0 (.NET Framework 4.8.9139.0; Microsoft Windows 10.0.22621 )",
        "x-ms-client-request-id": "5ad91ec27122c295127a41d24b45b77a",
        "x-ms-return-client-request-id": "true"
      },
      "RequestBody": null,
      "StatusCode": 200,
      "ResponseHeaders": {
        "Cache-Control": "no-store, no-cache",
        "Content-Length": "22",
        "Content-Type": "application/json",
        "Date": "Wed, 05 Apr 2023 10:56:04 GMT",
        "Pragma": "no-cache",
        "Server": "Microsoft-HTTPAPI/2.0",
        "Strict-Transport-Security": "max-age=31536000; includeSubDomains",
        "X-Content-Type-Options": "nosniff",
        "x-ms-correlation-request-id": "7f0646c9-6744-4df9-b087-0ba9d29ec032",
        "x-ms-gatewayversion": "version=2.14.0",
        "x-ms-ratelimit-remaining-subscription-reads": "11924",
        "x-ms-request-id": "7f0646c9-6744-4df9-b087-0ba9d29ec032",
        "x-ms-routing-request-id": "WESTUS:20230405T105604Z:7f0646c9-6744-4df9-b087-0ba9d29ec032"
      },
      "ResponseBody": {
        "status": "Succeeded"
      }
    },
    {
      "RequestUri": "https://management.azure.com/subscriptions/23587e98-b6ac-4328-a753-03bcd3c8e744/resourceGroups/dbaccount-4160/providers/Microsoft.DocumentDB/databaseAccounts/dbaccount-6833/cassandraKeyspaces/cassandra-keyspace-9565/throughputSettings/default?api-version=2022-11-15-preview",
      "RequestMethod": "GET",
      "RequestHeaders": {
        "Authorization": "Sanitized",
        "traceparent": "00-39256ee8a41f46448db243ed1773e5cb-45394e28559d5045-00",
        "User-Agent": "azsdk-net-ResourceManager/1.4.0 (.NET Framework 4.8.9139.0; Microsoft Windows 10.0.22621 )",
        "x-ms-client-request-id": "575332594ca362659b38c68360dd398c",
        "x-ms-return-client-request-id": "true"
      },
      "RequestBody": null,
      "StatusCode": 200,
      "ResponseHeaders": {
        "Cache-Control": "no-store, no-cache",
        "Content-Length": "394",
        "Content-Type": "application/json",
        "Date": "Wed, 05 Apr 2023 10:56:04 GMT",
        "Pragma": "no-cache",
        "Server": "Microsoft-HTTPAPI/2.0",
        "Strict-Transport-Security": "max-age=31536000; includeSubDomains",
        "X-Content-Type-Options": "nosniff",
        "x-ms-correlation-request-id": "17effad1-1e73-4410-9378-efce1384f43b",
        "x-ms-gatewayversion": "version=2.14.0",
        "x-ms-ratelimit-remaining-subscription-reads": "11923",
        "x-ms-request-id": "17effad1-1e73-4410-9378-efce1384f43b",
        "x-ms-routing-request-id": "WESTUS:20230405T105604Z:17effad1-1e73-4410-9378-efce1384f43b"
      },
      "ResponseBody": {
        "id": "/subscriptions/23587e98-b6ac-4328-a753-03bcd3c8e744/resourceGroups/dbaccount-4160/providers/Microsoft.DocumentDB/databaseAccounts/dbaccount-6833/cassandraKeyspaces/cassandra-keyspace-9565/throughputSettings/default",
        "type": "Microsoft.DocumentDB/databaseAccounts/cassandraKeyspaces/throughputSettings",
        "name": "vOdZ",
        "properties": {
          "resource": {
            "throughput": 1000,
            "minimumThroughput": "400"
          }
        }
      }
    },
    {
      "RequestUri": "https://management.azure.com/subscriptions/23587e98-b6ac-4328-a753-03bcd3c8e744/resourceGroups/dbaccount-4160/providers/Microsoft.DocumentDB/databaseAccounts/dbaccount-6833/cassandraKeyspaces/cassandra-keyspace-9565?api-version=2022-11-15-preview",
      "RequestMethod": "GET",
      "RequestHeaders": {
        "Accept": "application/json",
        "Authorization": "Sanitized",
        "traceparent": "00-f53838c5b2b47e48b253cc2b944db62d-e592f42fc594ff46-00",
        "User-Agent": "azsdk-net-ResourceManager.CosmosDB/1.3.0-alpha.20230405.1 (.NET Framework 4.8.9139.0; Microsoft Windows 10.0.22621 )",
        "x-ms-client-request-id": "6c600ffedaaaa1e4ab74af2602079c5f",
        "x-ms-return-client-request-id": "true"
      },
      "RequestBody": null,
      "StatusCode": 200,
      "ResponseHeaders": {
        "Cache-Control": "no-store, no-cache",
        "Content-Length": "440",
        "Content-Type": "application/json",
        "Date": "Wed, 05 Apr 2023 10:56:04 GMT",
        "Pragma": "no-cache",
        "Server": "Microsoft-HTTPAPI/2.0",
        "Strict-Transport-Security": "max-age=31536000; includeSubDomains",
        "X-Content-Type-Options": "nosniff",
        "x-ms-correlation-request-id": "3835a547-1b11-465e-8207-91bf7a7168c5",
        "x-ms-gatewayversion": "version=2.14.0",
        "x-ms-ratelimit-remaining-subscription-reads": "11922",
        "x-ms-request-id": "3835a547-1b11-465e-8207-91bf7a7168c5",
        "x-ms-routing-request-id": "WESTUS:20230405T105605Z:3835a547-1b11-465e-8207-91bf7a7168c5"
      },
      "ResponseBody": {
        "id": "/subscriptions/23587e98-b6ac-4328-a753-03bcd3c8e744/resourceGroups/dbaccount-4160/providers/Microsoft.DocumentDB/databaseAccounts/dbaccount-6833/cassandraKeyspaces/cassandra-keyspace-9565",
        "type": "Microsoft.DocumentDB/databaseAccounts/cassandraKeyspaces",
        "name": "cassandra-keyspace-9565",
        "properties": {
          "resource": {
            "id": "cassandra-keyspace-9565",
            "_rid": "vaZPAA==",
            "_etag": "\u002200009f12-0000-0700-0000-642d53b60000\u0022",
            "_ts": 1680692150
          }
        }
      }
    },
    {
      "RequestUri": "https://management.azure.com/subscriptions/23587e98-b6ac-4328-a753-03bcd3c8e744/resourceGroups/dbaccount-4160/providers/Microsoft.DocumentDB/databaseAccounts/dbaccount-6833/cassandraKeyspaces/cassandra-keyspace-9565?api-version=2022-11-15-preview",
      "RequestMethod": "DELETE",
      "RequestHeaders": {
        "Authorization": "Sanitized",
        "traceparent": "00-f9dd19fc510e49438cbf1053cf1dbc81-e66f5d91a241664a-00",
        "User-Agent": "azsdk-net-ResourceManager.CosmosDB/1.3.0-alpha.20230405.1 (.NET Framework 4.8.9139.0; Microsoft Windows 10.0.22621 )",
        "x-ms-client-request-id": "863ad21ecc637524b976bfe9ab116134",
        "x-ms-return-client-request-id": "true"
      },
      "RequestBody": null,
      "StatusCode": 202,
      "ResponseHeaders": {
        "Azure-AsyncOperation": "https://management.azure.com/subscriptions/23587e98-b6ac-4328-a753-03bcd3c8e744/providers/Microsoft.DocumentDB/locations/westus2/operationsStatus/492c8756-060a-485f-bb2a-1660b6ad7624?api-version=2022-11-15-preview",
        "Cache-Control": "no-store, no-cache",
        "Content-Length": "21",
        "Content-Type": "application/json",
        "Date": "Wed, 05 Apr 2023 10:56:04 GMT",
        "Location": "https://management.azure.com/subscriptions/23587e98-b6ac-4328-a753-03bcd3c8e744/resourceGroups/dbaccount-4160/providers/Microsoft.DocumentDB/databaseAccounts/dbaccount-6833/cassandraKeyspaces/cassandra-keyspace-9565/operationResults/492c8756-060a-485f-bb2a-1660b6ad7624?api-version=2022-11-15-preview",
        "Pragma": "no-cache",
        "Server": "Microsoft-HTTPAPI/2.0",
        "Strict-Transport-Security": "max-age=31536000; includeSubDomains",
        "X-Content-Type-Options": "nosniff",
        "x-ms-correlation-request-id": "ed64db5c-21af-429b-9245-e0dfe01a0c61",
        "x-ms-gatewayversion": "version=2.14.0",
        "x-ms-ratelimit-remaining-subscription-deletes": "14996",
        "x-ms-request-id": "492c8756-060a-485f-bb2a-1660b6ad7624",
        "x-ms-routing-request-id": "WESTUS:20230405T105605Z:ed64db5c-21af-429b-9245-e0dfe01a0c61"
      },
      "ResponseBody": {
        "status": "Enqueued"
      }
    },
    {
      "RequestUri": "https://management.azure.com/subscriptions/23587e98-b6ac-4328-a753-03bcd3c8e744/providers/Microsoft.DocumentDB/locations/westus2/operationsStatus/492c8756-060a-485f-bb2a-1660b6ad7624?api-version=2022-11-15-preview",
      "RequestMethod": "GET",
      "RequestHeaders": {
        "Authorization": "Sanitized",
        "traceparent": "00-f9dd19fc510e49438cbf1053cf1dbc81-e8da12c018936749-00",
        "User-Agent": "azsdk-net-ResourceManager/1.4.0 (.NET Framework 4.8.9139.0; Microsoft Windows 10.0.22621 )",
        "x-ms-client-request-id": "8d65669cb2a33228eaeab2331afbf699",
        "x-ms-return-client-request-id": "true"
      },
      "RequestBody": null,
      "StatusCode": 200,
      "ResponseHeaders": {
        "Cache-Control": "no-store, no-cache",
        "Content-Length": "21",
        "Content-Type": "application/json",
        "Date": "Wed, 05 Apr 2023 10:56:05 GMT",
        "Pragma": "no-cache",
        "Server": "Microsoft-HTTPAPI/2.0",
        "Strict-Transport-Security": "max-age=31536000; includeSubDomains",
        "X-Content-Type-Options": "nosniff",
        "x-ms-correlation-request-id": "8190a4dd-86b8-4f7f-b761-e53b4dc60607",
        "x-ms-gatewayversion": "version=2.14.0",
        "x-ms-ratelimit-remaining-subscription-reads": "11921",
        "x-ms-request-id": "8190a4dd-86b8-4f7f-b761-e53b4dc60607",
        "x-ms-routing-request-id": "WESTUS:20230405T105605Z:8190a4dd-86b8-4f7f-b761-e53b4dc60607"
      },
      "ResponseBody": {
        "status": "Enqueued"
      }
    },
    {
      "RequestUri": "https://management.azure.com/subscriptions/23587e98-b6ac-4328-a753-03bcd3c8e744/providers/Microsoft.DocumentDB/locations/westus2/operationsStatus/492c8756-060a-485f-bb2a-1660b6ad7624?api-version=2022-11-15-preview",
      "RequestMethod": "GET",
      "RequestHeaders": {
        "Authorization": "Sanitized",
        "traceparent": "00-f9dd19fc510e49438cbf1053cf1dbc81-17e67214f677604c-00",
        "User-Agent": "azsdk-net-ResourceManager/1.4.0 (.NET Framework 4.8.9139.0; Microsoft Windows 10.0.22621 )",
        "x-ms-client-request-id": "4ce57a126033d37a02ba38b120f5d77a",
        "x-ms-return-client-request-id": "true"
      },
      "RequestBody": null,
      "StatusCode": 200,
      "ResponseHeaders": {
        "Cache-Control": "no-store, no-cache",
        "Content-Length": "21",
        "Content-Type": "application/json",
        "Date": "Wed, 05 Apr 2023 10:56:06 GMT",
        "Pragma": "no-cache",
        "Server": "Microsoft-HTTPAPI/2.0",
        "Strict-Transport-Security": "max-age=31536000; includeSubDomains",
        "X-Content-Type-Options": "nosniff",
        "x-ms-correlation-request-id": "a0e0e9d3-c06e-4924-aa86-0ada0b8def7c",
        "x-ms-gatewayversion": "version=2.14.0",
        "x-ms-ratelimit-remaining-subscription-reads": "11920",
        "x-ms-request-id": "a0e0e9d3-c06e-4924-aa86-0ada0b8def7c",
        "x-ms-routing-request-id": "WESTUS:20230405T105606Z:a0e0e9d3-c06e-4924-aa86-0ada0b8def7c"
      },
      "ResponseBody": {
        "status": "Enqueued"
      }
    },
    {
      "RequestUri": "https://management.azure.com/subscriptions/23587e98-b6ac-4328-a753-03bcd3c8e744/providers/Microsoft.DocumentDB/locations/westus2/operationsStatus/492c8756-060a-485f-bb2a-1660b6ad7624?api-version=2022-11-15-preview",
      "RequestMethod": "GET",
      "RequestHeaders": {
        "Authorization": "Sanitized",
        "traceparent": "00-f9dd19fc510e49438cbf1053cf1dbc81-5ff0b6858bb7a44d-00",
        "User-Agent": "azsdk-net-ResourceManager/1.4.0 (.NET Framework 4.8.9139.0; Microsoft Windows 10.0.22621 )",
        "x-ms-client-request-id": "444d2c16d4ac8e918da152fa989c6552",
        "x-ms-return-client-request-id": "true"
      },
      "RequestBody": null,
      "StatusCode": 200,
      "ResponseHeaders": {
        "Cache-Control": "no-store, no-cache",
        "Content-Length": "21",
        "Content-Type": "application/json",
        "Date": "Wed, 05 Apr 2023 10:56:07 GMT",
        "Pragma": "no-cache",
        "Server": "Microsoft-HTTPAPI/2.0",
        "Strict-Transport-Security": "max-age=31536000; includeSubDomains",
        "X-Content-Type-Options": "nosniff",
        "x-ms-correlation-request-id": "edf4aa92-891d-4fa4-8049-3668249e966d",
        "x-ms-gatewayversion": "version=2.14.0",
        "x-ms-ratelimit-remaining-subscription-reads": "11919",
        "x-ms-request-id": "edf4aa92-891d-4fa4-8049-3668249e966d",
        "x-ms-routing-request-id": "WESTUS:20230405T105607Z:edf4aa92-891d-4fa4-8049-3668249e966d"
      },
      "ResponseBody": {
        "status": "Enqueued"
      }
    },
    {
      "RequestUri": "https://management.azure.com/subscriptions/23587e98-b6ac-4328-a753-03bcd3c8e744/providers/Microsoft.DocumentDB/locations/westus2/operationsStatus/492c8756-060a-485f-bb2a-1660b6ad7624?api-version=2022-11-15-preview",
      "RequestMethod": "GET",
      "RequestHeaders": {
        "Authorization": "Sanitized",
        "traceparent": "00-f9dd19fc510e49438cbf1053cf1dbc81-614dbc35ef9c614b-00",
        "User-Agent": "azsdk-net-ResourceManager/1.4.0 (.NET Framework 4.8.9139.0; Microsoft Windows 10.0.22621 )",
        "x-ms-client-request-id": "231c11bb13583c60eb918ae87a7711f4",
        "x-ms-return-client-request-id": "true"
      },
      "RequestBody": null,
      "StatusCode": 200,
      "ResponseHeaders": {
        "Cache-Control": "no-store, no-cache",
        "Content-Length": "21",
        "Content-Type": "application/json",
        "Date": "Wed, 05 Apr 2023 10:56:08 GMT",
        "Pragma": "no-cache",
        "Server": "Microsoft-HTTPAPI/2.0",
        "Strict-Transport-Security": "max-age=31536000; includeSubDomains",
        "X-Content-Type-Options": "nosniff",
        "x-ms-correlation-request-id": "fc749f19-603e-4ca9-bbe6-aa0b8369e4b3",
        "x-ms-gatewayversion": "version=2.14.0",
        "x-ms-ratelimit-remaining-subscription-reads": "11918",
        "x-ms-request-id": "fc749f19-603e-4ca9-bbe6-aa0b8369e4b3",
        "x-ms-routing-request-id": "WESTUS:20230405T105608Z:fc749f19-603e-4ca9-bbe6-aa0b8369e4b3"
      },
      "ResponseBody": {
        "status": "Dequeued"
      }
    },
    {
      "RequestUri": "https://management.azure.com/subscriptions/23587e98-b6ac-4328-a753-03bcd3c8e744/providers/Microsoft.DocumentDB/locations/westus2/operationsStatus/492c8756-060a-485f-bb2a-1660b6ad7624?api-version=2022-11-15-preview",
      "RequestMethod": "GET",
      "RequestHeaders": {
        "Authorization": "Sanitized",
        "traceparent": "00-f9dd19fc510e49438cbf1053cf1dbc81-d1cc9b771fdc6d4a-00",
        "User-Agent": "azsdk-net-ResourceManager/1.4.0 (.NET Framework 4.8.9139.0; Microsoft Windows 10.0.22621 )",
        "x-ms-client-request-id": "ee1d3712b1ad3eede857bf910d7f3b66",
        "x-ms-return-client-request-id": "true"
      },
      "RequestBody": null,
      "StatusCode": 200,
      "ResponseHeaders": {
        "Cache-Control": "no-store, no-cache",
        "Content-Length": "21",
        "Content-Type": "application/json",
        "Date": "Wed, 05 Apr 2023 10:56:10 GMT",
        "Pragma": "no-cache",
        "Server": "Microsoft-HTTPAPI/2.0",
        "Strict-Transport-Security": "max-age=31536000; includeSubDomains",
        "X-Content-Type-Options": "nosniff",
        "x-ms-correlation-request-id": "a4574790-833a-4731-b9df-a1bdfc58ff84",
        "x-ms-gatewayversion": "version=2.14.0",
        "x-ms-ratelimit-remaining-subscription-reads": "11917",
        "x-ms-request-id": "a4574790-833a-4731-b9df-a1bdfc58ff84",
        "x-ms-routing-request-id": "WESTUS:20230405T105610Z:a4574790-833a-4731-b9df-a1bdfc58ff84"
      },
      "ResponseBody": {
        "status": "Dequeued"
      }
    },
    {
      "RequestUri": "https://management.azure.com/subscriptions/23587e98-b6ac-4328-a753-03bcd3c8e744/providers/Microsoft.DocumentDB/locations/westus2/operationsStatus/492c8756-060a-485f-bb2a-1660b6ad7624?api-version=2022-11-15-preview",
      "RequestMethod": "GET",
      "RequestHeaders": {
        "Authorization": "Sanitized",
        "traceparent": "00-f9dd19fc510e49438cbf1053cf1dbc81-b1d9b3545faaad4f-00",
        "User-Agent": "azsdk-net-ResourceManager/1.4.0 (.NET Framework 4.8.9139.0; Microsoft Windows 10.0.22621 )",
        "x-ms-client-request-id": "0ef5e555b4d80322cb11581a49a91315",
        "x-ms-return-client-request-id": "true"
      },
      "RequestBody": null,
      "StatusCode": 200,
      "ResponseHeaders": {
        "Cache-Control": "no-store, no-cache",
        "Content-Length": "22",
        "Content-Type": "application/json",
        "Date": "Wed, 05 Apr 2023 10:56:14 GMT",
        "Pragma": "no-cache",
        "Server": "Microsoft-HTTPAPI/2.0",
        "Strict-Transport-Security": "max-age=31536000; includeSubDomains",
        "X-Content-Type-Options": "nosniff",
        "x-ms-correlation-request-id": "f9327509-cea3-442b-94cc-95966ded2c5f",
        "x-ms-gatewayversion": "version=2.14.0",
        "x-ms-ratelimit-remaining-subscription-reads": "11916",
        "x-ms-request-id": "f9327509-cea3-442b-94cc-95966ded2c5f",
        "x-ms-routing-request-id": "WESTUS:20230405T105614Z:f9327509-cea3-442b-94cc-95966ded2c5f"
      },
      "ResponseBody": {
        "status": "Succeeded"
      }
    }
  ],
  "Variables": {
    "AZURE_AUTHORITY_HOST": "https://login.microsoftonline.com/",
    "RandomSeed": "733910183",
    "RESOURCE_MANAGER_URL": "https://management.azure.com/",
    "SUBSCRIPTION_ID": "23587e98-b6ac-4328-a753-03bcd3c8e744"
  }
}
