{
  "Entries": [
    {
      "RequestUri": "https://management.azure.com/subscriptions/db1ab6f0-4769-4b27-930e-01e2ef9c123c/resourceGroups/dbaccount-169/providers/Microsoft.DocumentDB/databaseAccounts/dbaccount-5743?api-version=2022-05-15",
      "RequestMethod": "GET",
      "RequestHeaders": {
        "Accept": "application/json",
        "Authorization": "Sanitized",
        "traceparent": "00-3614ccc5bc687544ac1d31557325ee3a-7540b65a9f458148-00",
        "User-Agent": "azsdk-net-ResourceManager.CosmosDB/1.0.0-alpha.20220706.1 (.NET Framework 4.8.4510.0; Microsoft Windows 10.0.19044 )",
        "x-ms-client-request-id": "7965780dda5b8d28e61400e1b4a8d463",
        "x-ms-return-client-request-id": "true"
      },
      "RequestBody": null,
      "StatusCode": 200,
      "ResponseHeaders": {
        "Cache-Control": "no-store, no-cache",
        "Content-Length": "2377",
        "Content-Type": "application/json",
        "Date": "Wed, 06 Jul 2022 11:04:44 GMT",
        "Pragma": "no-cache",
        "Server": "Microsoft-HTTPAPI/2.0",
        "Strict-Transport-Security": "max-age=31536000; includeSubDomains",
        "X-Content-Type-Options": "nosniff",
        "x-ms-correlation-request-id": "905acbcd-193f-4a2e-a715-25173664ca68",
        "x-ms-gatewayversion": "version=2.14.0",
        "x-ms-ratelimit-remaining-subscription-reads": "11952",
        "x-ms-request-id": "905acbcd-193f-4a2e-a715-25173664ca68",
        "x-ms-routing-request-id": "SOUTHEASTASIA:20220706T110445Z:905acbcd-193f-4a2e-a715-25173664ca68"
      },
      "ResponseBody": {
        "id": "/subscriptions/db1ab6f0-4769-4b27-930e-01e2ef9c123c/resourceGroups/dbaccount-169/providers/Microsoft.DocumentDB/databaseAccounts/dbaccount-5743",
        "name": "dbaccount-5743",
        "location": "West US 2",
        "type": "Microsoft.DocumentDB/databaseAccounts",
        "kind": "GlobalDocumentDB",
        "tags": {
          "key1": "value1",
          "key2": "value2"
        },
        "systemData": {
          "createdAt": "2022-07-06T11:02:40.9404371Z"
        },
        "properties": {
          "provisioningState": "Succeeded",
          "documentEndpoint": "https://dbaccount-5743.documents.azure.com:443/",
          "cassandraEndpoint": "https://dbaccount-5743.cassandra.cosmos.azure.com:443/",
          "publicNetworkAccess": "Enabled",
          "enableAutomaticFailover": false,
          "enableMultipleWriteLocations": false,
          "enablePartitionKeyMonitor": false,
          "isVirtualNetworkFilterEnabled": true,
          "virtualNetworkRules": [],
          "EnabledApiTypes": "Cassandra",
          "disableKeyBasedMetadataWriteAccess": false,
          "enableFreeTier": false,
          "enableAnalyticalStorage": false,
          "analyticalStorageConfiguration": {
            "schemaType": "WellDefined"
          },
          "instanceId": "cafa1a4b-f18d-4119-a66e-0ff212f1407f",
          "databaseAccountOfferType": "Standard",
          "defaultIdentity": "FirstPartyIdentity",
          "networkAclBypass": "None",
          "disableLocalAuth": false,
          "consistencyPolicy": {
            "defaultConsistencyLevel": "BoundedStaleness",
            "maxIntervalInSeconds": 1000,
            "maxStalenessPrefix": 300
          },
          "configurationOverrides": {},
          "writeLocations": [
            {
              "id": "dbaccount-5743-westus",
              "locationName": "West US",
              "documentEndpoint": "https://dbaccount-5743-westus.documents.azure.com:443/",
              "provisioningState": "Succeeded",
              "failoverPriority": 0,
              "isZoneRedundant": false
            }
          ],
          "readLocations": [
            {
              "id": "dbaccount-5743-westus",
              "locationName": "West US",
              "documentEndpoint": "https://dbaccount-5743-westus.documents.azure.com:443/",
              "provisioningState": "Succeeded",
              "failoverPriority": 0,
              "isZoneRedundant": false
            }
          ],
          "locations": [
            {
              "id": "dbaccount-5743-westus",
              "locationName": "West US",
              "documentEndpoint": "https://dbaccount-5743-westus.documents.azure.com:443/",
              "provisioningState": "Succeeded",
              "failoverPriority": 0,
              "isZoneRedundant": false
            }
          ],
          "failoverPolicies": [
            {
              "id": "dbaccount-5743-westus",
              "locationName": "West US",
              "failoverPriority": 0
            }
          ],
          "cors": [],
          "capabilities": [
            {
              "name": "EnableCassandra"
            }
          ],
          "ipRules": [
            {
              "ipAddressOrRange": "23.43.230.120"
            }
          ],
          "backupPolicy": {
            "type": "Periodic",
            "periodicModeProperties": {
              "backupIntervalInMinutes": 240,
              "backupRetentionIntervalInHours": 8,
              "backupStorageRedundancy": "Geo"
            }
          },
          "networkAclBypassResourceIds": []
        },
        "identity": {
          "type": "None"
        }
      }
    },
    {
      "RequestUri": "https://management.azure.com/subscriptions/db1ab6f0-4769-4b27-930e-01e2ef9c123c/resourceGroups/dbaccount-169/providers/Microsoft.DocumentDB/databaseAccounts/dbaccount-5743/cassandraKeyspaces/cassandra-keyspace-8251?api-version=2022-05-15",
      "RequestMethod": "PUT",
      "RequestHeaders": {
        "Accept": "application/json",
        "Authorization": "Sanitized",
        "Content-Length": "119",
        "Content-Type": "application/json",
        "traceparent": "00-666814549a92884198eecf6a6256e288-0aff2acac9514b47-00",
        "User-Agent": "azsdk-net-ResourceManager.CosmosDB/1.0.0-alpha.20220706.1 (.NET Framework 4.8.4510.0; Microsoft Windows 10.0.19044 )",
        "x-ms-client-request-id": "c20249e91956bb437f9817f9fd71e2a5",
        "x-ms-return-client-request-id": "true"
      },
      "RequestBody": {
        "tags": {},
        "location": "westus",
        "properties": {
          "resource": {
            "id": "cassandra-keyspace-8251"
          },
          "options": {
            "throughput": 700
          }
        }
      },
      "StatusCode": 202,
      "ResponseHeaders": {
        "Azure-AsyncOperation": "https://management.azure.com/subscriptions/db1ab6f0-4769-4b27-930e-01e2ef9c123c/providers/Microsoft.DocumentDB/locations/westus2/operationsStatus/075fa933-ee05-42f7-a53d-acfd46084c33?api-version=2022-05-15",
        "Cache-Control": "no-store, no-cache",
        "Content-Length": "21",
        "Content-Type": "application/json",
        "Date": "Wed, 06 Jul 2022 11:04:46 GMT",
        "Location": "https://management.azure.com/subscriptions/db1ab6f0-4769-4b27-930e-01e2ef9c123c/resourceGroups/dbaccount-169/providers/Microsoft.DocumentDB/databaseAccounts/dbaccount-5743/cassandraKeyspaces/cassandra-keyspace-8251/operationResults/075fa933-ee05-42f7-a53d-acfd46084c33?api-version=2022-05-15",
        "Pragma": "no-cache",
        "Server": "Microsoft-HTTPAPI/2.0",
        "Strict-Transport-Security": "max-age=31536000; includeSubDomains",
        "X-Content-Type-Options": "nosniff",
        "x-ms-correlation-request-id": "237f2892-cd64-44eb-845d-c661faa52b9a",
        "x-ms-gatewayversion": "version=2.14.0",
        "x-ms-ratelimit-remaining-subscription-writes": "1196",
        "x-ms-request-id": "075fa933-ee05-42f7-a53d-acfd46084c33",
        "x-ms-routing-request-id": "SOUTHEASTASIA:20220706T110446Z:237f2892-cd64-44eb-845d-c661faa52b9a"
      },
      "ResponseBody": {
        "status": "Enqueued"
      }
    },
    {
      "RequestUri": "https://management.azure.com/subscriptions/db1ab6f0-4769-4b27-930e-01e2ef9c123c/providers/Microsoft.DocumentDB/locations/westus2/operationsStatus/075fa933-ee05-42f7-a53d-acfd46084c33?api-version=2022-05-15",
      "RequestMethod": "GET",
      "RequestHeaders": {
        "Authorization": "Sanitized",
        "traceparent": "00-666814549a92884198eecf6a6256e288-05cd2f0693285a4e-00",
        "User-Agent": "azsdk-net-ResourceManager/1.1.2 (.NET Framework 4.8.4510.0; Microsoft Windows 10.0.19044 )",
        "x-ms-client-request-id": "dee02daa9bfb5fb722bddc411093e9a3",
        "x-ms-return-client-request-id": "true"
      },
      "RequestBody": null,
      "StatusCode": 200,
      "ResponseHeaders": {
        "Cache-Control": "no-store, no-cache",
        "Content-Length": "21",
        "Content-Type": "application/json",
        "Date": "Wed, 06 Jul 2022 11:04:46 GMT",
        "Pragma": "no-cache",
        "Server": "Microsoft-HTTPAPI/2.0",
        "Strict-Transport-Security": "max-age=31536000; includeSubDomains",
        "X-Content-Type-Options": "nosniff",
        "x-ms-correlation-request-id": "eefdf14d-8246-4e12-a5ed-3ee8fb4e96be",
        "x-ms-gatewayversion": "version=2.14.0",
        "x-ms-ratelimit-remaining-subscription-reads": "11951",
        "x-ms-request-id": "eefdf14d-8246-4e12-a5ed-3ee8fb4e96be",
        "x-ms-routing-request-id": "SOUTHEASTASIA:20220706T110446Z:eefdf14d-8246-4e12-a5ed-3ee8fb4e96be"
      },
      "ResponseBody": {
        "status": "Enqueued"
      }
    },
    {
      "RequestUri": "https://management.azure.com/subscriptions/db1ab6f0-4769-4b27-930e-01e2ef9c123c/providers/Microsoft.DocumentDB/locations/westus2/operationsStatus/075fa933-ee05-42f7-a53d-acfd46084c33?api-version=2022-05-15",
      "RequestMethod": "GET",
      "RequestHeaders": {
        "Authorization": "Sanitized",
        "traceparent": "00-666814549a92884198eecf6a6256e288-a164bff03b2d5e4d-00",
        "User-Agent": "azsdk-net-ResourceManager/1.1.2 (.NET Framework 4.8.4510.0; Microsoft Windows 10.0.19044 )",
        "x-ms-client-request-id": "d09a3c1e77c14a84fb22108682b2d8a5",
        "x-ms-return-client-request-id": "true"
      },
      "RequestBody": null,
      "StatusCode": 200,
      "ResponseHeaders": {
        "Cache-Control": "no-store, no-cache",
        "Content-Length": "21",
        "Content-Type": "application/json",
        "Date": "Wed, 06 Jul 2022 11:04:47 GMT",
        "Pragma": "no-cache",
        "Server": "Microsoft-HTTPAPI/2.0",
        "Strict-Transport-Security": "max-age=31536000; includeSubDomains",
        "X-Content-Type-Options": "nosniff",
        "x-ms-correlation-request-id": "f9e4fe0f-0872-475f-b862-4327447905df",
        "x-ms-gatewayversion": "version=2.14.0",
        "x-ms-ratelimit-remaining-subscription-reads": "11950",
        "x-ms-request-id": "f9e4fe0f-0872-475f-b862-4327447905df",
        "x-ms-routing-request-id": "SOUTHEASTASIA:20220706T110448Z:f9e4fe0f-0872-475f-b862-4327447905df"
      },
      "ResponseBody": {
        "status": "Enqueued"
      }
    },
    {
      "RequestUri": "https://management.azure.com/subscriptions/db1ab6f0-4769-4b27-930e-01e2ef9c123c/providers/Microsoft.DocumentDB/locations/westus2/operationsStatus/075fa933-ee05-42f7-a53d-acfd46084c33?api-version=2022-05-15",
      "RequestMethod": "GET",
      "RequestHeaders": {
        "Authorization": "Sanitized",
        "traceparent": "00-666814549a92884198eecf6a6256e288-aaae2433819f084f-00",
        "User-Agent": "azsdk-net-ResourceManager/1.1.2 (.NET Framework 4.8.4510.0; Microsoft Windows 10.0.19044 )",
        "x-ms-client-request-id": "d04e4c2503907eaa20b3c9ffc30cce1e",
        "x-ms-return-client-request-id": "true"
      },
      "RequestBody": null,
      "StatusCode": 200,
      "ResponseHeaders": {
        "Cache-Control": "no-store, no-cache",
        "Content-Length": "21",
        "Content-Type": "application/json",
        "Date": "Wed, 06 Jul 2022 11:04:48 GMT",
        "Pragma": "no-cache",
        "Server": "Microsoft-HTTPAPI/2.0",
        "Strict-Transport-Security": "max-age=31536000; includeSubDomains",
        "X-Content-Type-Options": "nosniff",
        "x-ms-correlation-request-id": "5e13331b-5615-4e92-b1fb-1dab36181acc",
        "x-ms-gatewayversion": "version=2.14.0",
        "x-ms-ratelimit-remaining-subscription-reads": "11949",
        "x-ms-request-id": "5e13331b-5615-4e92-b1fb-1dab36181acc",
        "x-ms-routing-request-id": "SOUTHEASTASIA:20220706T110449Z:5e13331b-5615-4e92-b1fb-1dab36181acc"
      },
      "ResponseBody": {
        "status": "Enqueued"
      }
    },
    {
      "RequestUri": "https://management.azure.com/subscriptions/db1ab6f0-4769-4b27-930e-01e2ef9c123c/providers/Microsoft.DocumentDB/locations/westus2/operationsStatus/075fa933-ee05-42f7-a53d-acfd46084c33?api-version=2022-05-15",
      "RequestMethod": "GET",
      "RequestHeaders": {
        "Authorization": "Sanitized",
        "traceparent": "00-666814549a92884198eecf6a6256e288-edfe2fee339ba54c-00",
        "User-Agent": "azsdk-net-ResourceManager/1.1.2 (.NET Framework 4.8.4510.0; Microsoft Windows 10.0.19044 )",
        "x-ms-client-request-id": "a672f3e6a2403309a896e3d88a30dc6f",
        "x-ms-return-client-request-id": "true"
      },
      "RequestBody": null,
      "StatusCode": 200,
      "ResponseHeaders": {
        "Cache-Control": "no-store, no-cache",
        "Content-Length": "21",
        "Content-Type": "application/json",
        "Date": "Wed, 06 Jul 2022 11:04:50 GMT",
        "Pragma": "no-cache",
        "Server": "Microsoft-HTTPAPI/2.0",
        "Strict-Transport-Security": "max-age=31536000; includeSubDomains",
        "X-Content-Type-Options": "nosniff",
        "x-ms-correlation-request-id": "508192b0-617f-486b-8ce2-357396766784",
        "x-ms-gatewayversion": "version=2.14.0",
        "x-ms-ratelimit-remaining-subscription-reads": "11948",
        "x-ms-request-id": "508192b0-617f-486b-8ce2-357396766784",
        "x-ms-routing-request-id": "SOUTHEASTASIA:20220706T110450Z:508192b0-617f-486b-8ce2-357396766784"
      },
      "ResponseBody": {
        "status": "Enqueued"
      }
    },
    {
      "RequestUri": "https://management.azure.com/subscriptions/db1ab6f0-4769-4b27-930e-01e2ef9c123c/providers/Microsoft.DocumentDB/locations/westus2/operationsStatus/075fa933-ee05-42f7-a53d-acfd46084c33?api-version=2022-05-15",
      "RequestMethod": "GET",
      "RequestHeaders": {
        "Authorization": "Sanitized",
        "traceparent": "00-666814549a92884198eecf6a6256e288-d0c3e5636dbb7d4e-00",
        "User-Agent": "azsdk-net-ResourceManager/1.1.2 (.NET Framework 4.8.4510.0; Microsoft Windows 10.0.19044 )",
        "x-ms-client-request-id": "c41c36e419451b12921bb00eae8587ee",
        "x-ms-return-client-request-id": "true"
      },
      "RequestBody": null,
      "StatusCode": 200,
      "ResponseHeaders": {
        "Cache-Control": "no-store, no-cache",
        "Content-Length": "21",
        "Content-Type": "application/json",
        "Date": "Wed, 06 Jul 2022 11:04:52 GMT",
        "Pragma": "no-cache",
        "Server": "Microsoft-HTTPAPI/2.0",
        "Strict-Transport-Security": "max-age=31536000; includeSubDomains",
        "X-Content-Type-Options": "nosniff",
        "x-ms-correlation-request-id": "2bb4a99f-24a8-4523-b54d-2be78f13a9ee",
        "x-ms-gatewayversion": "version=2.14.0",
        "x-ms-ratelimit-remaining-subscription-reads": "11947",
        "x-ms-request-id": "2bb4a99f-24a8-4523-b54d-2be78f13a9ee",
        "x-ms-routing-request-id": "SOUTHEASTASIA:20220706T110453Z:2bb4a99f-24a8-4523-b54d-2be78f13a9ee"
      },
      "ResponseBody": {
        "status": "Dequeued"
      }
    },
    {
      "RequestUri": "https://management.azure.com/subscriptions/db1ab6f0-4769-4b27-930e-01e2ef9c123c/providers/Microsoft.DocumentDB/locations/westus2/operationsStatus/075fa933-ee05-42f7-a53d-acfd46084c33?api-version=2022-05-15",
      "RequestMethod": "GET",
      "RequestHeaders": {
        "Authorization": "Sanitized",
        "traceparent": "00-666814549a92884198eecf6a6256e288-ad1893ae711bbd49-00",
        "User-Agent": "azsdk-net-ResourceManager/1.1.2 (.NET Framework 4.8.4510.0; Microsoft Windows 10.0.19044 )",
        "x-ms-client-request-id": "8ea0f25432408264421b27fa20d1f4f0",
        "x-ms-return-client-request-id": "true"
      },
      "RequestBody": null,
      "StatusCode": 200,
      "ResponseHeaders": {
        "Cache-Control": "no-store, no-cache",
        "Content-Length": "21",
        "Content-Type": "application/json",
        "Date": "Wed, 06 Jul 2022 11:04:56 GMT",
        "Pragma": "no-cache",
        "Server": "Microsoft-HTTPAPI/2.0",
        "Strict-Transport-Security": "max-age=31536000; includeSubDomains",
        "X-Content-Type-Options": "nosniff",
        "x-ms-correlation-request-id": "d7fc84a6-a89b-4f72-a8bb-95f97c8244a5",
        "x-ms-gatewayversion": "version=2.14.0",
        "x-ms-ratelimit-remaining-subscription-reads": "11946",
        "x-ms-request-id": "d7fc84a6-a89b-4f72-a8bb-95f97c8244a5",
        "x-ms-routing-request-id": "SOUTHEASTASIA:20220706T110457Z:d7fc84a6-a89b-4f72-a8bb-95f97c8244a5"
      },
      "ResponseBody": {
        "status": "Dequeued"
      }
    },
    {
      "RequestUri": "https://management.azure.com/subscriptions/db1ab6f0-4769-4b27-930e-01e2ef9c123c/providers/Microsoft.DocumentDB/locations/westus2/operationsStatus/075fa933-ee05-42f7-a53d-acfd46084c33?api-version=2022-05-15",
      "RequestMethod": "GET",
      "RequestHeaders": {
        "Authorization": "Sanitized",
        "traceparent": "00-666814549a92884198eecf6a6256e288-f7b9d99117edc348-00",
        "User-Agent": "azsdk-net-ResourceManager/1.1.2 (.NET Framework 4.8.4510.0; Microsoft Windows 10.0.19044 )",
        "x-ms-client-request-id": "8c1a59d609f0ccd8e1571424f2fa8423",
        "x-ms-return-client-request-id": "true"
      },
      "RequestBody": null,
      "StatusCode": 200,
      "ResponseHeaders": {
        "Cache-Control": "no-store, no-cache",
        "Content-Length": "22",
        "Content-Type": "application/json",
        "Date": "Wed, 06 Jul 2022 11:05:05 GMT",
        "Pragma": "no-cache",
        "Server": "Microsoft-HTTPAPI/2.0",
        "Strict-Transport-Security": "max-age=31536000; includeSubDomains",
        "X-Content-Type-Options": "nosniff",
        "x-ms-correlation-request-id": "a22a07ed-e903-4f84-bab5-567dc14fdde2",
        "x-ms-gatewayversion": "version=2.14.0",
        "x-ms-ratelimit-remaining-subscription-reads": "11945",
        "x-ms-request-id": "a22a07ed-e903-4f84-bab5-567dc14fdde2",
        "x-ms-routing-request-id": "SOUTHEASTASIA:20220706T110505Z:a22a07ed-e903-4f84-bab5-567dc14fdde2"
      },
      "ResponseBody": {
        "status": "Succeeded"
      }
    },
    {
      "RequestUri": "https://management.azure.com/subscriptions/db1ab6f0-4769-4b27-930e-01e2ef9c123c/resourceGroups/dbaccount-169/providers/Microsoft.DocumentDB/databaseAccounts/dbaccount-5743/cassandraKeyspaces/cassandra-keyspace-8251?api-version=2022-05-15",
      "RequestMethod": "GET",
      "RequestHeaders": {
        "Authorization": "Sanitized",
        "traceparent": "00-666814549a92884198eecf6a6256e288-263e455cc7460148-00",
        "User-Agent": "azsdk-net-ResourceManager/1.1.2 (.NET Framework 4.8.4510.0; Microsoft Windows 10.0.19044 )",
        "x-ms-client-request-id": "9884f50e4e90b22fd299812af117fac0",
        "x-ms-return-client-request-id": "true"
      },
      "RequestBody": null,
      "StatusCode": 200,
      "ResponseHeaders": {
        "Cache-Control": "no-store, no-cache",
        "Content-Length": "439",
        "Content-Type": "application/json",
        "Date": "Wed, 06 Jul 2022 11:05:05 GMT",
        "Pragma": "no-cache",
        "Server": "Microsoft-HTTPAPI/2.0",
        "Strict-Transport-Security": "max-age=31536000; includeSubDomains",
        "X-Content-Type-Options": "nosniff",
        "x-ms-correlation-request-id": "e3e5d382-fbf5-4dd9-9e6c-12eb33834eee",
        "x-ms-gatewayversion": "version=2.14.0",
        "x-ms-ratelimit-remaining-subscription-reads": "11944",
        "x-ms-request-id": "e3e5d382-fbf5-4dd9-9e6c-12eb33834eee",
        "x-ms-routing-request-id": "SOUTHEASTASIA:20220706T110506Z:e3e5d382-fbf5-4dd9-9e6c-12eb33834eee"
      },
      "ResponseBody": {
        "id": "/subscriptions/db1ab6f0-4769-4b27-930e-01e2ef9c123c/resourceGroups/dbaccount-169/providers/Microsoft.DocumentDB/databaseAccounts/dbaccount-5743/cassandraKeyspaces/cassandra-keyspace-8251",
        "type": "Microsoft.DocumentDB/databaseAccounts/cassandraKeyspaces",
        "name": "cassandra-keyspace-8251",
        "properties": {
          "resource": {
            "id": "cassandra-keyspace-8251",
            "_rid": "leUEAA==",
            "_etag": "\u002200003e00-0000-0700-0000-62c56c570000\u0022",
            "_ts": 1657105495
          }
        }
      }
    },
    {
      "RequestUri": "https://management.azure.com/subscriptions/db1ab6f0-4769-4b27-930e-01e2ef9c123c/resourceGroups/dbaccount-169/providers/Microsoft.DocumentDB/databaseAccounts/dbaccount-5743/cassandraKeyspaces?api-version=2022-05-15",
      "RequestMethod": "GET",
      "RequestHeaders": {
        "Accept": "application/json",
        "Authorization": "Sanitized",
        "traceparent": "00-0cf948149cb97546b06ec378ec80e47d-6642ce640b231c4e-00",
        "User-Agent": "azsdk-net-ResourceManager.CosmosDB/1.0.0-alpha.20220706.1 (.NET Framework 4.8.4510.0; Microsoft Windows 10.0.19044 )",
        "x-ms-client-request-id": "5438bf27fb6b4afd19d3ade91d3f8f48",
        "x-ms-return-client-request-id": "true"
      },
      "RequestBody": null,
      "StatusCode": 200,
      "ResponseHeaders": {
        "Cache-Control": "no-store, no-cache",
        "Content-Length": "451",
        "Content-Type": "application/json",
        "Date": "Wed, 06 Jul 2022 11:05:06 GMT",
        "Pragma": "no-cache",
        "Server": "Microsoft-HTTPAPI/2.0",
        "Strict-Transport-Security": "max-age=31536000; includeSubDomains",
        "X-Content-Type-Options": "nosniff",
        "x-ms-correlation-request-id": "185b462d-be38-4459-bced-8ba1e540458e",
        "x-ms-gatewayversion": "version=2.14.0",
        "x-ms-ratelimit-remaining-subscription-reads": "11943",
        "x-ms-request-id": "185b462d-be38-4459-bced-8ba1e540458e",
        "x-ms-routing-request-id": "SOUTHEASTASIA:20220706T110507Z:185b462d-be38-4459-bced-8ba1e540458e"
      },
      "ResponseBody": {
        "value": [
          {
            "id": "/subscriptions/db1ab6f0-4769-4b27-930e-01e2ef9c123c/resourceGroups/dbaccount-169/providers/Microsoft.DocumentDB/databaseAccounts/dbaccount-5743/cassandraKeyspaces/cassandra-keyspace-8251",
            "type": "Microsoft.DocumentDB/databaseAccounts/cassandraKeyspaces",
            "name": "cassandra-keyspace-8251",
            "properties": {
              "resource": {
                "id": "cassandra-keyspace-8251",
                "_rid": "leUEAA==",
                "_etag": "\u002200003e00-0000-0700-0000-62c56c570000\u0022",
                "_ts": 1657105495
              }
            }
          }
        ]
      }
    },
    {
      "RequestUri": "https://management.azure.com/subscriptions/db1ab6f0-4769-4b27-930e-01e2ef9c123c/resourceGroups/dbaccount-169/providers/Microsoft.DocumentDB/databaseAccounts/dbaccount-5743/cassandraKeyspaces/cassandra-keyspace-8251?api-version=2022-05-15",
      "RequestMethod": "GET",
      "RequestHeaders": {
        "Accept": "application/json",
        "Authorization": "Sanitized",
        "traceparent": "00-e07df7c3dcee0344adc065b3328b0b8b-b9ad871ad5f7d84d-00",
        "User-Agent": "azsdk-net-ResourceManager.CosmosDB/1.0.0-alpha.20220706.1 (.NET Framework 4.8.4510.0; Microsoft Windows 10.0.19044 )",
        "x-ms-client-request-id": "2aec04965c4d885f2a67b95687addaca",
        "x-ms-return-client-request-id": "true"
      },
      "RequestBody": null,
      "StatusCode": 200,
      "ResponseHeaders": {
        "Cache-Control": "no-store, no-cache",
        "Content-Length": "439",
        "Content-Type": "application/json",
        "Date": "Wed, 06 Jul 2022 11:05:06 GMT",
        "Pragma": "no-cache",
        "Server": "Microsoft-HTTPAPI/2.0",
        "Strict-Transport-Security": "max-age=31536000; includeSubDomains",
        "X-Content-Type-Options": "nosniff",
        "x-ms-correlation-request-id": "b292d577-35a7-485b-ae3d-9fc89792b81f",
        "x-ms-gatewayversion": "version=2.14.0",
        "x-ms-ratelimit-remaining-subscription-reads": "11942",
        "x-ms-request-id": "b292d577-35a7-485b-ae3d-9fc89792b81f",
        "x-ms-routing-request-id": "SOUTHEASTASIA:20220706T110507Z:b292d577-35a7-485b-ae3d-9fc89792b81f"
      },
      "ResponseBody": {
        "id": "/subscriptions/db1ab6f0-4769-4b27-930e-01e2ef9c123c/resourceGroups/dbaccount-169/providers/Microsoft.DocumentDB/databaseAccounts/dbaccount-5743/cassandraKeyspaces/cassandra-keyspace-8251",
        "type": "Microsoft.DocumentDB/databaseAccounts/cassandraKeyspaces",
        "name": "cassandra-keyspace-8251",
        "properties": {
          "resource": {
            "id": "cassandra-keyspace-8251",
            "_rid": "leUEAA==",
            "_etag": "\u002200003e00-0000-0700-0000-62c56c570000\u0022",
            "_ts": 1657105495
          }
        }
      }
    },
    {
      "RequestUri": "https://management.azure.com/subscriptions/db1ab6f0-4769-4b27-930e-01e2ef9c123c/resourceGroups/dbaccount-169/providers/Microsoft.DocumentDB/databaseAccounts/dbaccount-5743/cassandraKeyspaces/cassandra-keyspace-8251?api-version=2022-05-15",
      "RequestMethod": "DELETE",
      "RequestHeaders": {
        "Authorization": "Sanitized",
        "traceparent": "00-d1126a5a3c24c7448a4a0bd2a6f9d25b-addecdbe2067e64e-00",
        "User-Agent": "azsdk-net-ResourceManager.CosmosDB/1.0.0-alpha.20220706.1 (.NET Framework 4.8.4510.0; Microsoft Windows 10.0.19044 )",
        "x-ms-client-request-id": "32fd545c30c113b7f7397ebca1469592",
        "x-ms-return-client-request-id": "true"
      },
      "RequestBody": null,
      "StatusCode": 202,
      "ResponseHeaders": {
        "Azure-AsyncOperation": "https://management.azure.com/subscriptions/db1ab6f0-4769-4b27-930e-01e2ef9c123c/providers/Microsoft.DocumentDB/locations/westus2/operationsStatus/57522484-82e9-4d00-b582-5f570c1b2af5?api-version=2022-05-15",
        "Cache-Control": "no-store, no-cache",
        "Content-Length": "21",
        "Content-Type": "application/json",
        "Date": "Wed, 06 Jul 2022 11:05:07 GMT",
        "Location": "https://management.azure.com/subscriptions/db1ab6f0-4769-4b27-930e-01e2ef9c123c/resourceGroups/dbaccount-169/providers/Microsoft.DocumentDB/databaseAccounts/dbaccount-5743/cassandraKeyspaces/cassandra-keyspace-8251/operationResults/57522484-82e9-4d00-b582-5f570c1b2af5?api-version=2022-05-15",
        "Pragma": "no-cache",
        "Server": "Microsoft-HTTPAPI/2.0",
        "Strict-Transport-Security": "max-age=31536000; includeSubDomains",
        "X-Content-Type-Options": "nosniff",
        "x-ms-correlation-request-id": "2d8ec120-db5a-47e0-b998-3651530fb9be",
        "x-ms-gatewayversion": "version=2.14.0",
        "x-ms-ratelimit-remaining-subscription-deletes": "14997",
        "x-ms-request-id": "57522484-82e9-4d00-b582-5f570c1b2af5",
        "x-ms-routing-request-id": "SOUTHEASTASIA:20220706T110508Z:2d8ec120-db5a-47e0-b998-3651530fb9be"
      },
      "ResponseBody": {
        "status": "Enqueued"
      }
    },
    {
      "RequestUri": "https://management.azure.com/subscriptions/db1ab6f0-4769-4b27-930e-01e2ef9c123c/providers/Microsoft.DocumentDB/locations/westus2/operationsStatus/57522484-82e9-4d00-b582-5f570c1b2af5?api-version=2022-05-15",
      "RequestMethod": "GET",
      "RequestHeaders": {
        "Authorization": "Sanitized",
        "traceparent": "00-d1126a5a3c24c7448a4a0bd2a6f9d25b-2e291e974b02c64e-00",
        "User-Agent": "azsdk-net-ResourceManager/1.1.2 (.NET Framework 4.8.4510.0; Microsoft Windows 10.0.19044 )",
        "x-ms-client-request-id": "c98ce2f85c4165864cd83314dda3e7e4",
        "x-ms-return-client-request-id": "true"
      },
      "RequestBody": null,
      "StatusCode": 200,
      "ResponseHeaders": {
        "Cache-Control": "no-store, no-cache",
        "Content-Length": "21",
        "Content-Type": "application/json",
        "Date": "Wed, 06 Jul 2022 11:05:07 GMT",
        "Pragma": "no-cache",
        "Server": "Microsoft-HTTPAPI/2.0",
        "Strict-Transport-Security": "max-age=31536000; includeSubDomains",
        "X-Content-Type-Options": "nosniff",
        "x-ms-correlation-request-id": "6664385d-5221-463b-a4ad-94c4ca2a89aa",
        "x-ms-gatewayversion": "version=2.14.0",
        "x-ms-ratelimit-remaining-subscription-reads": "11941",
        "x-ms-request-id": "6664385d-5221-463b-a4ad-94c4ca2a89aa",
        "x-ms-routing-request-id": "SOUTHEASTASIA:20220706T110508Z:6664385d-5221-463b-a4ad-94c4ca2a89aa"
      },
      "ResponseBody": {
        "status": "Enqueued"
      }
    },
    {
      "RequestUri": "https://management.azure.com/subscriptions/db1ab6f0-4769-4b27-930e-01e2ef9c123c/providers/Microsoft.DocumentDB/locations/westus2/operationsStatus/57522484-82e9-4d00-b582-5f570c1b2af5?api-version=2022-05-15",
      "RequestMethod": "GET",
      "RequestHeaders": {
        "Authorization": "Sanitized",
        "traceparent": "00-d1126a5a3c24c7448a4a0bd2a6f9d25b-8b4620d558dda746-00",
        "User-Agent": "azsdk-net-ResourceManager/1.1.2 (.NET Framework 4.8.4510.0; Microsoft Windows 10.0.19044 )",
        "x-ms-client-request-id": "4e4c27d1ed198c9ee132d31105b3d251",
        "x-ms-return-client-request-id": "true"
      },
      "RequestBody": null,
      "StatusCode": 200,
      "ResponseHeaders": {
        "Cache-Control": "no-store, no-cache",
        "Content-Length": "21",
        "Content-Type": "application/json",
        "Date": "Wed, 06 Jul 2022 11:05:09 GMT",
        "Pragma": "no-cache",
        "Server": "Microsoft-HTTPAPI/2.0",
        "Strict-Transport-Security": "max-age=31536000; includeSubDomains",
        "X-Content-Type-Options": "nosniff",
        "x-ms-correlation-request-id": "e7ae181b-4cba-4a10-a407-1241d42f27b0",
        "x-ms-gatewayversion": "version=2.14.0",
        "x-ms-ratelimit-remaining-subscription-reads": "11940",
        "x-ms-request-id": "e7ae181b-4cba-4a10-a407-1241d42f27b0",
        "x-ms-routing-request-id": "SOUTHEASTASIA:20220706T110509Z:e7ae181b-4cba-4a10-a407-1241d42f27b0"
      },
      "ResponseBody": {
        "status": "Enqueued"
      }
    },
    {
      "RequestUri": "https://management.azure.com/subscriptions/db1ab6f0-4769-4b27-930e-01e2ef9c123c/providers/Microsoft.DocumentDB/locations/westus2/operationsStatus/57522484-82e9-4d00-b582-5f570c1b2af5?api-version=2022-05-15",
      "RequestMethod": "GET",
      "RequestHeaders": {
        "Authorization": "Sanitized",
        "traceparent": "00-d1126a5a3c24c7448a4a0bd2a6f9d25b-ee05b8909568204f-00",
        "User-Agent": "azsdk-net-ResourceManager/1.1.2 (.NET Framework 4.8.4510.0; Microsoft Windows 10.0.19044 )",
        "x-ms-client-request-id": "bec31276ccb9ae50b22ea0529c5eedbc",
        "x-ms-return-client-request-id": "true"
      },
      "RequestBody": null,
      "StatusCode": 200,
      "ResponseHeaders": {
        "Cache-Control": "no-store, no-cache",
        "Content-Length": "21",
        "Content-Type": "application/json",
        "Date": "Wed, 06 Jul 2022 11:05:10 GMT",
        "Pragma": "no-cache",
        "Server": "Microsoft-HTTPAPI/2.0",
        "Strict-Transport-Security": "max-age=31536000; includeSubDomains",
        "X-Content-Type-Options": "nosniff",
        "x-ms-correlation-request-id": "5c7549fb-2e91-4b10-a49b-e7f806c66cf4",
        "x-ms-gatewayversion": "version=2.14.0",
        "x-ms-ratelimit-remaining-subscription-reads": "11939",
        "x-ms-request-id": "5c7549fb-2e91-4b10-a49b-e7f806c66cf4",
        "x-ms-routing-request-id": "SOUTHEASTASIA:20220706T110511Z:5c7549fb-2e91-4b10-a49b-e7f806c66cf4"
      },
      "ResponseBody": {
        "status": "Enqueued"
      }
    },
    {
      "RequestUri": "https://management.azure.com/subscriptions/db1ab6f0-4769-4b27-930e-01e2ef9c123c/providers/Microsoft.DocumentDB/locations/westus2/operationsStatus/57522484-82e9-4d00-b582-5f570c1b2af5?api-version=2022-05-15",
      "RequestMethod": "GET",
      "RequestHeaders": {
        "Authorization": "Sanitized",
        "traceparent": "00-d1126a5a3c24c7448a4a0bd2a6f9d25b-7d25a16fd823fe40-00",
        "User-Agent": "azsdk-net-ResourceManager/1.1.2 (.NET Framework 4.8.4510.0; Microsoft Windows 10.0.19044 )",
        "x-ms-client-request-id": "1a3246c9745a0a524300e70e89745f98",
        "x-ms-return-client-request-id": "true"
      },
      "RequestBody": null,
      "StatusCode": 200,
      "ResponseHeaders": {
        "Cache-Control": "no-store, no-cache",
        "Content-Length": "21",
        "Content-Type": "application/json",
        "Date": "Wed, 06 Jul 2022 11:05:11 GMT",
        "Pragma": "no-cache",
        "Server": "Microsoft-HTTPAPI/2.0",
        "Strict-Transport-Security": "max-age=31536000; includeSubDomains",
        "X-Content-Type-Options": "nosniff",
        "x-ms-correlation-request-id": "3e0a505c-e3af-4aea-865d-79c1c3e9dc2d",
        "x-ms-gatewayversion": "version=2.14.0",
        "x-ms-ratelimit-remaining-subscription-reads": "11938",
        "x-ms-request-id": "3e0a505c-e3af-4aea-865d-79c1c3e9dc2d",
        "x-ms-routing-request-id": "SOUTHEASTASIA:20220706T110512Z:3e0a505c-e3af-4aea-865d-79c1c3e9dc2d"
      },
      "ResponseBody": {
        "status": "Dequeued"
      }
    },
    {
      "RequestUri": "https://management.azure.com/subscriptions/db1ab6f0-4769-4b27-930e-01e2ef9c123c/providers/Microsoft.DocumentDB/locations/westus2/operationsStatus/57522484-82e9-4d00-b582-5f570c1b2af5?api-version=2022-05-15",
      "RequestMethod": "GET",
      "RequestHeaders": {
        "Authorization": "Sanitized",
        "traceparent": "00-d1126a5a3c24c7448a4a0bd2a6f9d25b-03085e895e6fea4f-00",
        "User-Agent": "azsdk-net-ResourceManager/1.1.2 (.NET Framework 4.8.4510.0; Microsoft Windows 10.0.19044 )",
        "x-ms-client-request-id": "cb9ee10628e0042ad69d9bea4d4cef82",
        "x-ms-return-client-request-id": "true"
      },
      "RequestBody": null,
      "StatusCode": 200,
      "ResponseHeaders": {
        "Cache-Control": "no-store, no-cache",
        "Content-Length": "21",
        "Content-Type": "application/json",
        "Date": "Wed, 06 Jul 2022 11:05:13 GMT",
        "Pragma": "no-cache",
        "Server": "Microsoft-HTTPAPI/2.0",
        "Strict-Transport-Security": "max-age=31536000; includeSubDomains",
        "X-Content-Type-Options": "nosniff",
        "x-ms-correlation-request-id": "f7b5cce0-de04-4f90-9fa1-14c198a7960a",
        "x-ms-gatewayversion": "version=2.14.0",
        "x-ms-ratelimit-remaining-subscription-reads": "11937",
        "x-ms-request-id": "f7b5cce0-de04-4f90-9fa1-14c198a7960a",
        "x-ms-routing-request-id": "SOUTHEASTASIA:20220706T110514Z:f7b5cce0-de04-4f90-9fa1-14c198a7960a"
      },
      "ResponseBody": {
        "status": "Dequeued"
      }
    },
    {
      "RequestUri": "https://management.azure.com/subscriptions/db1ab6f0-4769-4b27-930e-01e2ef9c123c/providers/Microsoft.DocumentDB/locations/westus2/operationsStatus/57522484-82e9-4d00-b582-5f570c1b2af5?api-version=2022-05-15",
      "RequestMethod": "GET",
      "RequestHeaders": {
        "Authorization": "Sanitized",
        "traceparent": "00-d1126a5a3c24c7448a4a0bd2a6f9d25b-5e1a163c1282cc4f-00",
        "User-Agent": "azsdk-net-ResourceManager/1.1.2 (.NET Framework 4.8.4510.0; Microsoft Windows 10.0.19044 )",
        "x-ms-client-request-id": "bf481645b88101f6c0b87ab8e441253e",
        "x-ms-return-client-request-id": "true"
      },
      "RequestBody": null,
      "StatusCode": 200,
      "ResponseHeaders": {
        "Cache-Control": "no-store, no-cache",
        "Content-Length": "22",
        "Content-Type": "application/json",
        "Date": "Wed, 06 Jul 2022 11:05:18 GMT",
        "Pragma": "no-cache",
        "Server": "Microsoft-HTTPAPI/2.0",
        "Strict-Transport-Security": "max-age=31536000; includeSubDomains",
        "X-Content-Type-Options": "nosniff",
        "x-ms-correlation-request-id": "1dea673d-b539-44b2-9b74-0c450653fe25",
        "x-ms-gatewayversion": "version=2.14.0",
        "x-ms-ratelimit-remaining-subscription-reads": "11936",
        "x-ms-request-id": "1dea673d-b539-44b2-9b74-0c450653fe25",
        "x-ms-routing-request-id": "SOUTHEASTASIA:20220706T110518Z:1dea673d-b539-44b2-9b74-0c450653fe25"
      },
      "ResponseBody": {
        "status": "Succeeded"
      }
    }
  ],
  "Variables": {
    "AZURE_AUTHORITY_HOST": "https://login.microsoftonline.com",
    "RandomSeed": "1466496709",
    "RESOURCE_MANAGER_URL": "https://management.azure.com/",
    "SUBSCRIPTION_ID": "db1ab6f0-4769-4b27-930e-01e2ef9c123c"
  }
}
