{
  "Entries": [
    {
      "RequestUri": "https://amandadev3.queue.core.windows.net/test-queue-11a64059-cdf6-2aea-e3bf-e2bb7ec91d08",
      "RequestMethod": "PUT",
      "RequestHeaders": {
        "Accept": "application/xml",
        "Authorization": "Sanitized",
        "Content-Length": "0",
        "traceparent": "00-d7b79aa031f14a41b8bc876abe62e0ad-104755c0945c4e4f-00",
        "User-Agent": "azsdk-net-Storage.Queues/12.12.0-alpha.20220725.1 (.NET Core 3.1.27; Microsoft Windows 10.0.22000)",
        "x-ms-client-request-id": "1d96fce2-5f48-63af-d34b-6b99e842d7c6",
        "x-ms-date": "Tue, 26 Jul 2022 06:25:31 GMT",
        "x-ms-return-client-request-id": "true",
        "x-ms-version": "2018-11-09"
      },
      "RequestBody": null,
      "StatusCode": 201,
      "ResponseHeaders": {
        "Content-Length": "0",
        "Date": "Tue, 26 Jul 2022 06:25:31 GMT",
        "Server": [
          "Windows-Azure-Queue/1.0",
          "Microsoft-HTTPAPI/2.0"
        ],
        "x-ms-request-id": "76219bea-c003-0019-7ab8-a0cd1b000000",
        "x-ms-version": "2018-11-09"
      },
      "ResponseBody": null
    },
    {
      "RequestUri": "https://amandadev3.queue.core.windows.net/test-queue-11a64059-cdf6-2aea-e3bf-e2bb7ec91d08",
      "RequestMethod": "PUT",
      "RequestHeaders": {
        "Accept": "application/xml",
        "Authorization": "Sanitized",
        "Content-Length": "0",
        "traceparent": "00-e8ed4dcfe4bee34f877cbf11ad1e0624-2a32b199b17fc147-00",
        "User-Agent": "azsdk-net-Storage.Queues/12.12.0-alpha.20220725.1 (.NET Core 3.1.27; Microsoft Windows 10.0.22000)",
        "x-ms-client-request-id": "82d906c0-0033-4fc0-4ed9-4c488a434b2a",
        "x-ms-date": "Tue, 26 Jul 2022 06:25:31 GMT",
        "x-ms-return-client-request-id": "true",
        "x-ms-version": "2018-11-09"
      },
      "RequestBody": null,
      "StatusCode": 204,
      "ResponseHeaders": {
        "Content-Length": "0",
        "Date": "Tue, 26 Jul 2022 06:25:31 GMT",
        "Server": [
          "Windows-Azure-Queue/1.0",
          "Microsoft-HTTPAPI/2.0"
        ],
        "x-ms-request-id": "76219bff-c003-0019-0bb8-a0cd1b000000",
        "x-ms-version": "2018-11-09"
      },
      "ResponseBody": null
    },
    {
      "RequestUri": "https://amandadev3.queue.core.windows.net/test-queue-11a64059-cdf6-2aea-e3bf-e2bb7ec91d08?sv=2021-08-06\u0026ss=fqt\u0026srt=sco\u0026se=2022-07-27T06%3A25%3A31Z\u0026sp=rwdylacuptfi\u0026sig=Sanitized\u0026comp=metadata",
      "RequestMethod": "GET",
      "RequestHeaders": {
        "Accept": "application/xml",
        "traceparent": "00-8b611d5f66f7784c9e4bcbfffaa59989-cdee4bafdb0f3f43-00",
        "User-Agent": "azsdk-net-Storage.Queues/12.12.0-alpha.20220725.1 (.NET Core 3.1.27; Microsoft Windows 10.0.22000)",
        "x-ms-client-request-id": "e2d9d94a-5469-7f92-d910-44d27ee6d921",
        "x-ms-return-client-request-id": "true",
        "x-ms-version": "2018-11-09"
      },
      "RequestBody": null,
      "StatusCode": 200,
      "ResponseHeaders": {
        "Cache-Control": "no-cache",
        "Content-Length": "0",
        "Date": "Tue, 26 Jul 2022 06:25:31 GMT",
        "Server": [
          "Windows-Azure-Queue/1.0",
          "Microsoft-HTTPAPI/2.0"
        ],
        "x-ms-approximate-messages-count": "0",
        "x-ms-request-id": "76219c08-c003-0019-13b8-a0cd1b000000",
        "x-ms-version": "2018-11-09"
      },
      "ResponseBody": null
    },
    {
      "RequestUri": "https://amandadev3.queue.core.windows.net/test-queue-11a64059-cdf6-2aea-e3bf-e2bb7ec91d08",
      "RequestMethod": "DELETE",
      "RequestHeaders": {
        "Accept": "application/xml",
        "Authorization": "Sanitized",
        "traceparent": "00-7f698d6c1903a54eab82fc044765c374-b5cd705a49513145-00",
        "User-Agent": "azsdk-net-Storage.Queues/12.12.0-alpha.20220725.1 (.NET Core 3.1.27; Microsoft Windows 10.0.22000)",
        "x-ms-client-request-id": "b0fefeec-696a-63c1-fe65-b7e1275d98e5",
        "x-ms-date": "Tue, 26 Jul 2022 06:25:31 GMT",
        "x-ms-return-client-request-id": "true",
        "x-ms-version": "2018-11-09"
      },
      "RequestBody": null,
      "StatusCode": 204,
      "ResponseHeaders": {
        "Content-Length": "0",
        "Date": "Tue, 26 Jul 2022 06:25:31 GMT",
        "Server": [
          "Windows-Azure-Queue/1.0",
          "Microsoft-HTTPAPI/2.0"
        ],
        "x-ms-request-id": "76219c15-c003-0019-1fb8-a0cd1b000000",
        "x-ms-version": "2018-11-09"
      },
      "ResponseBody": null
    }
  ],
  "Variables": {
    "DateTimeOffsetNow": "2022-07-25T23:25:31.4258081-07:00",
    "RandomSeed": "1742407364",
    "Storage_TestConfigDefault": "ProductionTenant\namandadev3\nU2FuaXRpemVk\nhttps://amandadev3.blob.core.windows.net\nhttps://amandadev3.file.core.windows.net\nhttps://amandadev3.queue.core.windows.net\nhttps://amandadev3.table.core.windows.net\n\n\n\n\nhttps://amandadev3-secondary.core.windows.net\nhttps://amandadev3-secondary.file.core.windows.net\nhttps://amandadev3-secondary.queue.core.windows.net\nhttps://amandadev3-secondary.table.core.windows.net\n\nSanitized\n\n\nCloud\nBlobEndpoint=https://amandadev3.blob.core.windows.net/;QueueEndpoint=https://amandadev3.queue.core.windows.net/;FileEndpoint=https://amandadev3.file.core.windows.net/;BlobSecondaryEndpoint=https://amandadev3-secondary.core.windows.net/;QueueSecondaryEndpoint=https://amandadev3-secondary.queue.core.windows.net/;FileSecondaryEndpoint=https://amandadev3-secondary.file.core.windows.net/;AccountName=amandadev3;AccountKey=Sanitized\nencryptionScope1\n\n"
  }
}
