{
  "Entries": [
    {
      "RequestUri": "https://amandadev3.queue.core.windows.net/test-queue-ae7378a9-64b3-d721-1e30-e8376f6b74e2",
      "RequestMethod": "PUT",
      "RequestHeaders": {
        "Accept": "application/xml",
        "Authorization": "Sanitized",
        "Content-Length": "0",
        "traceparent": "00-da14c63c8385a78c97de3b5852125246-fedd609fc4eb3cc6-00",
        "User-Agent": "azsdk-net-Storage.Queues/12.12.0-alpha.20220727.1 (.NET 6.0.7; Microsoft Windows 10.0.22000)",
        "x-ms-client-request-id": "c2283ae5-b110-cbf9-3a8d-33caf982c007",
        "x-ms-date": "Wed, 27 Jul 2022 22:39:10 GMT",
        "x-ms-return-client-request-id": "true",
        "x-ms-version": "2018-11-09"
      },
      "RequestBody": null,
      "StatusCode": 201,
      "ResponseHeaders": {
        "Content-Length": "0",
        "Date": "Wed, 27 Jul 2022 22:39:12 GMT",
        "Server": [
          "Windows-Azure-Queue/1.0",
          "Microsoft-HTTPAPI/2.0"
        ],
        "x-ms-request-id": "b842381b-e003-007c-0809-a2635f000000",
        "x-ms-version": "2018-11-09"
      },
      "ResponseBody": null
    },
    {
      "RequestUri": "https://amandadev3.queue.core.windows.net/test-queue-ae7378a9-64b3-d721-1e30-e8376f6b74e2",
      "RequestMethod": "PUT",
      "RequestHeaders": {
        "Accept": "application/xml",
        "Authorization": "Sanitized",
        "Content-Length": "0",
        "traceparent": "00-e4fc39841b436584e6656e55906ce05a-ab7f777dd6d72f9f-00",
        "User-Agent": "azsdk-net-Storage.Queues/12.12.0-alpha.20220727.1 (.NET 6.0.7; Microsoft Windows 10.0.22000)",
        "x-ms-client-request-id": "3451f043-b142-a1d1-2845-ee916bb92406",
        "x-ms-date": "Wed, 27 Jul 2022 22:39:10 GMT",
        "x-ms-return-client-request-id": "true",
        "x-ms-version": "2018-11-09"
      },
      "RequestBody": null,
      "StatusCode": 204,
      "ResponseHeaders": {
        "Content-Length": "0",
        "Date": "Wed, 27 Jul 2022 22:39:12 GMT",
        "Server": [
          "Windows-Azure-Queue/1.0",
          "Microsoft-HTTPAPI/2.0"
        ],
        "x-ms-request-id": "b8423821-e003-007c-0a09-a2635f000000",
        "x-ms-version": "2018-11-09"
      },
      "ResponseBody": null
    },
    {
      "RequestUri": "https://amandadev3.queue.core.windows.net/test-queue-ae7378a9-64b3-d721-1e30-e8376f6b74e2?sv=2022-11-02\u0026ss=bqtf\u0026srt=sco\u0026se=2022-07-28T22%3A39%3A10Z\u0026sp=rwdylacuptfi\u0026sig=Sanitized\u0026comp=metadata",
      "RequestMethod": "GET",
      "RequestHeaders": {
        "Accept": "application/xml",
        "traceparent": "00-c2dc263d201370e2478fcd5bb437ed0a-881a66363dd6d877-00",
        "User-Agent": "azsdk-net-Storage.Queues/12.12.0-alpha.20220727.1 (.NET 6.0.7; Microsoft Windows 10.0.22000)",
        "x-ms-client-request-id": "08877904-8b31-d5c4-c20a-15ddb0779f3b",
        "x-ms-return-client-request-id": "true",
        "x-ms-version": "2018-11-09"
      },
      "RequestBody": null,
      "StatusCode": 200,
      "ResponseHeaders": {
        "Cache-Control": "no-cache",
        "Content-Length": "0",
        "Date": "Wed, 27 Jul 2022 22:39:12 GMT",
        "Server": [
          "Windows-Azure-Queue/1.0",
          "Microsoft-HTTPAPI/2.0"
        ],
        "x-ms-approximate-messages-count": "0",
        "x-ms-request-id": "b8423825-e003-007c-0d09-a2635f000000",
        "x-ms-version": "2018-11-09"
      },
      "ResponseBody": null
    },
    {
      "RequestUri": "https://amandadev3.queue.core.windows.net/test-queue-ae7378a9-64b3-d721-1e30-e8376f6b74e2",
      "RequestMethod": "DELETE",
      "RequestHeaders": {
        "Accept": "application/xml",
        "Authorization": "Sanitized",
        "traceparent": "00-2b6fd7cb6c05abc3a58aa4e5604bf0d8-b138d6f483d0ee93-00",
        "User-Agent": "azsdk-net-Storage.Queues/12.12.0-alpha.20220727.1 (.NET 6.0.7; Microsoft Windows 10.0.22000)",
        "x-ms-client-request-id": "f28c0a46-1b31-ccd5-cb6f-f6ad99f795ba",
        "x-ms-date": "Wed, 27 Jul 2022 22:39:11 GMT",
        "x-ms-return-client-request-id": "true",
        "x-ms-version": "2018-11-09"
      },
      "RequestBody": null,
      "StatusCode": 204,
      "ResponseHeaders": {
        "Content-Length": "0",
        "Date": "Wed, 27 Jul 2022 22:39:12 GMT",
        "Server": [
          "Windows-Azure-Queue/1.0",
          "Microsoft-HTTPAPI/2.0"
        ],
        "x-ms-request-id": "b8423827-e003-007c-0f09-a2635f000000",
        "x-ms-version": "2018-11-09"
      },
      "ResponseBody": null
    }
  ],
  "Variables": {
    "DateTimeOffsetNow": "2022-07-27T15:39:10.9142591-07:00",
    "RandomSeed": "1032685206",
    "Storage_TestConfigDefault": "ProductionTenant\namandadev3\nU2FuaXRpemVk\nhttps://amandadev3.blob.core.windows.net\nhttps://amandadev3.file.core.windows.net\nhttps://amandadev3.queue.core.windows.net\nhttps://amandadev3.table.core.windows.net\n\n\n\n\nhttps://amandadev3-secondary.core.windows.net\nhttps://amandadev3-secondary.file.core.windows.net\nhttps://amandadev3-secondary.queue.core.windows.net\nhttps://amandadev3-secondary.table.core.windows.net\n\nSanitized\n\n\nCloud\nBlobEndpoint=https://amandadev3.blob.core.windows.net/;QueueEndpoint=https://amandadev3.queue.core.windows.net/;FileEndpoint=https://amandadev3.file.core.windows.net/;BlobSecondaryEndpoint=https://amandadev3-secondary.core.windows.net/;QueueSecondaryEndpoint=https://amandadev3-secondary.queue.core.windows.net/;FileSecondaryEndpoint=https://amandadev3-secondary.file.core.windows.net/;AccountName=amandadev3;AccountKey=Sanitized\nencryptionScope1\n\n"
  }
}
