{
  "Entries": [
    {
      "RequestUri": "https://management.azure.com/subscriptions/db1ab6f0-4769-4b27-930e-01e2ef9c123c/resourcegroups/IotHub-RG-3688?api-version=2021-04-01",
      "RequestMethod": "GET",
      "RequestHeaders": {
        "Accept": "application/json",
        "Authorization": "Sanitized",
        "traceparent": "00-3d0f96677e0fc84599b5c888a388c429-99784f02b558644f-00",
        "User-Agent": "azsdk-net-ResourceManager/1.2.0 (.NET Core 3.1.27; Microsoft Windows 10.0.22000)",
        "x-ms-client-request-id": "0eb12b2f8d04d294c8e58c357d744afa",
        "x-ms-return-client-request-id": "true"
      },
      "RequestBody": null,
      "StatusCode": 200,
      "ResponseHeaders": {
        "Cache-Control": "no-cache",
        "Content-Length": "226",
        "Content-Type": "application/json; charset=utf-8",
        "Date": "Wed, 13 Jul 2022 09:27:51 GMT",
        "Expires": "-1",
        "Pragma": "no-cache",
        "Strict-Transport-Security": "max-age=31536000; includeSubDomains",
        "X-Content-Type-Options": "nosniff",
        "x-ms-correlation-request-id": "57816fff-82fc-4dc3-9396-c046d5428b5e",
        "x-ms-ratelimit-remaining-subscription-reads": "11998",
        "x-ms-request-id": "57816fff-82fc-4dc3-9396-c046d5428b5e",
        "x-ms-routing-request-id": "SOUTHEASTASIA:20220713T092752Z:57816fff-82fc-4dc3-9396-c046d5428b5e"
      },
      "ResponseBody": {
        "id": "/subscriptions/db1ab6f0-4769-4b27-930e-01e2ef9c123c/resourceGroups/IotHub-RG-3688",
        "name": "IotHub-RG-3688",
        "type": "Microsoft.Resources/resourceGroups",
        "location": "westus2",
        "properties": {
          "provisioningState": "Succeeded"
        }
      }
    },
    {
      "RequestUri": "https://management.azure.com/subscriptions/db1ab6f0-4769-4b27-930e-01e2ef9c123c/resourceGroups/IotHub-RG-3688/providers/Microsoft.Devices/IotHubs/IotHub-1484?api-version=2021-07-02",
      "RequestMethod": "PUT",
      "RequestHeaders": {
        "Accept": "application/json",
        "Authorization": "Sanitized",
        "Content-Length": "65",
        "Content-Type": "application/json",
        "traceparent": "00-46a148283ebcc84c857eae2923ec169a-add7e6e7443a1846-00",
        "User-Agent": "azsdk-net-ResourceManager.IotHub/1.0.0-alpha.20220713.1 (.NET Core 3.1.27; Microsoft Windows 10.0.22000)",
        "x-ms-client-request-id": "8f42fa3b022f26676902093afcfa6a78",
        "x-ms-return-client-request-id": "true"
      },
      "RequestBody": {
        "sku": {
          "name": "S1",
          "capacity": 1
        },
        "tags": {},
        "location": "westus2"
      },
      "StatusCode": 201,
      "ResponseHeaders": {
        "Azure-AsyncOperation": "https://management.azure.com/subscriptions/db1ab6f0-4769-4b27-930e-01e2ef9c123c/providers/Microsoft.Devices/locations/westus2/operationResults/aWQ9b3NfaWhfZDE0NjkwM2YtZTg4Ni00NjQ0LThmMzMtNWNjYmZiMWU2NjNlO3JlZ2lvbj13ZXN0dXMy?api-version=2021-07-02\u0026operationSource=other\u0026asyncinfo",
        "Cache-Control": "no-cache",
        "Content-Length": "666",
        "Content-Type": "application/json; charset=utf-8",
        "Date": "Wed, 13 Jul 2022 09:27:59 GMT",
        "Expires": "-1",
        "Pragma": "no-cache",
        "Server": "Microsoft-HTTPAPI/2.0",
        "Strict-Transport-Security": "max-age=31536000; includeSubDomains",
        "X-Content-Type-Options": "nosniff",
        "x-ms-correlation-request-id": "2f6ae360-ee61-45a1-90e0-60f5cca21334",
        "x-ms-ratelimit-remaining-subscription-resource-requests": "4999",
        "x-ms-request-id": "2f6ae360-ee61-45a1-90e0-60f5cca21334",
        "x-ms-routing-request-id": "SOUTHEASTASIA:20220713T092759Z:2f6ae360-ee61-45a1-90e0-60f5cca21334"
      },
      "ResponseBody": {
        "id": "/subscriptions/db1ab6f0-4769-4b27-930e-01e2ef9c123c/resourceGroups/IotHub-RG-3688/providers/Microsoft.Devices/IotHubs/IotHub-1484",
        "name": "IotHub-1484",
        "type": "Microsoft.Devices/IotHubs",
        "location": "westus2",
        "tags": {},
        "subscriptionid": "db1ab6f0-4769-4b27-930e-01e2ef9c123c",
        "resourcegroup": "IotHub-RG-3688",
        "properties": {
          "state": "Activating",
          "provisioningState": "Accepted",
          "enableFileUploadNotifications": false,
          "cloudToDevice": {
            "maxDeliveryCount": 10,
            "defaultTtlAsIso8601": "PT1H",
            "feedback": {
              "lockDurationAsIso8601": "PT1M",
              "ttlAsIso8601": "PT1H",
              "maxDeliveryCount": 10
            }
          },
          "features": "None",
          "allowedFqdnList": []
        },
        "sku": {
          "name": "S1",
          "tier": "Standard",
          "capacity": 1
        }
      }
    },
    {
      "RequestUri": "https://management.azure.com/subscriptions/db1ab6f0-4769-4b27-930e-01e2ef9c123c/providers/Microsoft.Devices/locations/westus2/operationResults/aWQ9b3NfaWhfZDE0NjkwM2YtZTg4Ni00NjQ0LThmMzMtNWNjYmZiMWU2NjNlO3JlZ2lvbj13ZXN0dXMy?api-version=2021-07-02\u0026operationSource=other\u0026asyncinfo",
      "RequestMethod": "GET",
      "RequestHeaders": {
        "Authorization": "Sanitized",
        "traceparent": "00-46a148283ebcc84c857eae2923ec169a-ff7e4b1392d52942-00",
        "User-Agent": "azsdk-net-ResourceManager/1.2.0 (.NET Core 3.1.27; Microsoft Windows 10.0.22000)",
        "x-ms-client-request-id": "3170b820c12928004ae79b8b8a97cbea",
        "x-ms-return-client-request-id": "true"
      },
      "RequestBody": null,
      "StatusCode": 200,
      "ResponseHeaders": {
        "Cache-Control": "no-cache",
        "Content-Length": "20",
        "Content-Type": "application/json; charset=utf-8",
        "Date": "Wed, 13 Jul 2022 09:27:59 GMT",
        "Expires": "-1",
        "Pragma": "no-cache",
        "Server": "Microsoft-HTTPAPI/2.0",
        "Strict-Transport-Security": "max-age=31536000; includeSubDomains",
        "X-Content-Type-Options": "nosniff",
        "x-ms-correlation-request-id": "9a6e1f16-c54c-4a8a-babf-3e5b96d6481d",
        "x-ms-ratelimit-remaining-subscription-reads": "11997",
        "x-ms-request-id": "9a6e1f16-c54c-4a8a-babf-3e5b96d6481d",
        "x-ms-routing-request-id": "SOUTHEASTASIA:20220713T092800Z:9a6e1f16-c54c-4a8a-babf-3e5b96d6481d"
      },
      "ResponseBody": {
        "status": "Running"
      }
    },
    {
      "RequestUri": "https://management.azure.com/subscriptions/db1ab6f0-4769-4b27-930e-01e2ef9c123c/providers/Microsoft.Devices/locations/westus2/operationResults/aWQ9b3NfaWhfZDE0NjkwM2YtZTg4Ni00NjQ0LThmMzMtNWNjYmZiMWU2NjNlO3JlZ2lvbj13ZXN0dXMy?api-version=2021-07-02\u0026operationSource=other\u0026asyncinfo",
      "RequestMethod": "GET",
      "RequestHeaders": {
        "Authorization": "Sanitized",
        "traceparent": "00-46a148283ebcc84c857eae2923ec169a-668f85a129243740-00",
        "User-Agent": "azsdk-net-ResourceManager/1.2.0 (.NET Core 3.1.27; Microsoft Windows 10.0.22000)",
        "x-ms-client-request-id": "84e0bc2154725112e94e21c8c4846183",
        "x-ms-return-client-request-id": "true"
      },
      "RequestBody": null,
      "StatusCode": 200,
      "ResponseHeaders": {
        "Cache-Control": "no-cache",
        "Content-Length": "20",
        "Content-Type": "application/json; charset=utf-8",
        "Date": "Wed, 13 Jul 2022 09:28:01 GMT",
        "Expires": "-1",
        "Pragma": "no-cache",
        "Server": "Microsoft-HTTPAPI/2.0",
        "Strict-Transport-Security": "max-age=31536000; includeSubDomains",
        "X-Content-Type-Options": "nosniff",
        "x-ms-correlation-request-id": "0a46604b-7d94-4451-a548-21649c742ad8",
        "x-ms-ratelimit-remaining-subscription-reads": "11996",
        "x-ms-request-id": "0a46604b-7d94-4451-a548-21649c742ad8",
        "x-ms-routing-request-id": "SOUTHEASTASIA:20220713T092801Z:0a46604b-7d94-4451-a548-21649c742ad8"
      },
      "ResponseBody": {
        "status": "Running"
      }
    },
    {
      "RequestUri": "https://management.azure.com/subscriptions/db1ab6f0-4769-4b27-930e-01e2ef9c123c/providers/Microsoft.Devices/locations/westus2/operationResults/aWQ9b3NfaWhfZDE0NjkwM2YtZTg4Ni00NjQ0LThmMzMtNWNjYmZiMWU2NjNlO3JlZ2lvbj13ZXN0dXMy?api-version=2021-07-02\u0026operationSource=other\u0026asyncinfo",
      "RequestMethod": "GET",
      "RequestHeaders": {
        "Authorization": "Sanitized",
        "traceparent": "00-46a148283ebcc84c857eae2923ec169a-0581faeb7af6be43-00",
        "User-Agent": "azsdk-net-ResourceManager/1.2.0 (.NET Core 3.1.27; Microsoft Windows 10.0.22000)",
        "x-ms-client-request-id": "441ab014398adc4fefaf5b0a4e8669d5",
        "x-ms-return-client-request-id": "true"
      },
      "RequestBody": null,
      "StatusCode": 200,
      "ResponseHeaders": {
        "Cache-Control": "no-cache",
        "Content-Length": "20",
        "Content-Type": "application/json; charset=utf-8",
        "Date": "Wed, 13 Jul 2022 09:28:02 GMT",
        "Expires": "-1",
        "Pragma": "no-cache",
        "Server": "Microsoft-HTTPAPI/2.0",
        "Strict-Transport-Security": "max-age=31536000; includeSubDomains",
        "X-Content-Type-Options": "nosniff",
        "x-ms-correlation-request-id": "1ee65b6d-7d50-4e91-8366-d31e27f7d628",
        "x-ms-ratelimit-remaining-subscription-reads": "11995",
        "x-ms-request-id": "1ee65b6d-7d50-4e91-8366-d31e27f7d628",
        "x-ms-routing-request-id": "SOUTHEASTASIA:20220713T092802Z:1ee65b6d-7d50-4e91-8366-d31e27f7d628"
      },
      "ResponseBody": {
        "status": "Running"
      }
    },
    {
      "RequestUri": "https://management.azure.com/subscriptions/db1ab6f0-4769-4b27-930e-01e2ef9c123c/providers/Microsoft.Devices/locations/westus2/operationResults/aWQ9b3NfaWhfZDE0NjkwM2YtZTg4Ni00NjQ0LThmMzMtNWNjYmZiMWU2NjNlO3JlZ2lvbj13ZXN0dXMy?api-version=2021-07-02\u0026operationSource=other\u0026asyncinfo",
      "RequestMethod": "GET",
      "RequestHeaders": {
        "Authorization": "Sanitized",
        "traceparent": "00-46a148283ebcc84c857eae2923ec169a-ca9edf11a0e53944-00",
        "User-Agent": "azsdk-net-ResourceManager/1.2.0 (.NET Core 3.1.27; Microsoft Windows 10.0.22000)",
        "x-ms-client-request-id": "08c0529a6905cbe5a51e47dba03863c5",
        "x-ms-return-client-request-id": "true"
      },
      "RequestBody": null,
      "StatusCode": 200,
      "ResponseHeaders": {
        "Cache-Control": "no-cache",
        "Content-Length": "20",
        "Content-Type": "application/json; charset=utf-8",
        "Date": "Wed, 13 Jul 2022 09:28:03 GMT",
        "Expires": "-1",
        "Pragma": "no-cache",
        "Server": "Microsoft-HTTPAPI/2.0",
        "Strict-Transport-Security": "max-age=31536000; includeSubDomains",
        "X-Content-Type-Options": "nosniff",
        "x-ms-correlation-request-id": "54c1f17d-dca2-4435-8514-77e4003cdb0f",
        "x-ms-ratelimit-remaining-subscription-reads": "11994",
        "x-ms-request-id": "54c1f17d-dca2-4435-8514-77e4003cdb0f",
        "x-ms-routing-request-id": "SOUTHEASTASIA:20220713T092804Z:54c1f17d-dca2-4435-8514-77e4003cdb0f"
      },
      "ResponseBody": {
        "status": "Running"
      }
    },
    {
      "RequestUri": "https://management.azure.com/subscriptions/db1ab6f0-4769-4b27-930e-01e2ef9c123c/providers/Microsoft.Devices/locations/westus2/operationResults/aWQ9b3NfaWhfZDE0NjkwM2YtZTg4Ni00NjQ0LThmMzMtNWNjYmZiMWU2NjNlO3JlZ2lvbj13ZXN0dXMy?api-version=2021-07-02\u0026operationSource=other\u0026asyncinfo",
      "RequestMethod": "GET",
      "RequestHeaders": {
        "Authorization": "Sanitized",
        "traceparent": "00-46a148283ebcc84c857eae2923ec169a-a4f97eb6352f7f4e-00",
        "User-Agent": "azsdk-net-ResourceManager/1.2.0 (.NET Core 3.1.27; Microsoft Windows 10.0.22000)",
        "x-ms-client-request-id": "da761786877de85f6d0395c3f8070363",
        "x-ms-return-client-request-id": "true"
      },
      "RequestBody": null,
      "StatusCode": 200,
      "ResponseHeaders": {
        "Cache-Control": "no-cache",
        "Content-Length": "20",
        "Content-Type": "application/json; charset=utf-8",
        "Date": "Wed, 13 Jul 2022 09:28:05 GMT",
        "Expires": "-1",
        "Pragma": "no-cache",
        "Server": "Microsoft-HTTPAPI/2.0",
        "Strict-Transport-Security": "max-age=31536000; includeSubDomains",
        "X-Content-Type-Options": "nosniff",
        "x-ms-correlation-request-id": "8bceac40-611d-4085-aa23-db8ba1707308",
        "x-ms-ratelimit-remaining-subscription-reads": "11993",
        "x-ms-request-id": "8bceac40-611d-4085-aa23-db8ba1707308",
        "x-ms-routing-request-id": "SOUTHEASTASIA:20220713T092806Z:8bceac40-611d-4085-aa23-db8ba1707308"
      },
      "ResponseBody": {
        "status": "Running"
      }
    },
    {
      "RequestUri": "https://management.azure.com/subscriptions/db1ab6f0-4769-4b27-930e-01e2ef9c123c/providers/Microsoft.Devices/locations/westus2/operationResults/aWQ9b3NfaWhfZDE0NjkwM2YtZTg4Ni00NjQ0LThmMzMtNWNjYmZiMWU2NjNlO3JlZ2lvbj13ZXN0dXMy?api-version=2021-07-02\u0026operationSource=other\u0026asyncinfo",
      "RequestMethod": "GET",
      "RequestHeaders": {
        "Authorization": "Sanitized",
        "traceparent": "00-46a148283ebcc84c857eae2923ec169a-1e74a5e9cf00fe48-00",
        "User-Agent": "azsdk-net-ResourceManager/1.2.0 (.NET Core 3.1.27; Microsoft Windows 10.0.22000)",
        "x-ms-client-request-id": "712d4be558c3ab7dcb4f9f6cf1743cb6",
        "x-ms-return-client-request-id": "true"
      },
      "RequestBody": null,
      "StatusCode": 200,
      "ResponseHeaders": {
        "Cache-Control": "no-cache",
        "Content-Length": "20",
        "Content-Type": "application/json; charset=utf-8",
        "Date": "Wed, 13 Jul 2022 09:28:10 GMT",
        "Expires": "-1",
        "Pragma": "no-cache",
        "Server": "Microsoft-HTTPAPI/2.0",
        "Strict-Transport-Security": "max-age=31536000; includeSubDomains",
        "X-Content-Type-Options": "nosniff",
        "x-ms-correlation-request-id": "6610ee92-edc1-4a39-94fd-2a62a39df5bb",
        "x-ms-ratelimit-remaining-subscription-reads": "11992",
        "x-ms-request-id": "6610ee92-edc1-4a39-94fd-2a62a39df5bb",
        "x-ms-routing-request-id": "SOUTHEASTASIA:20220713T092810Z:6610ee92-edc1-4a39-94fd-2a62a39df5bb"
      },
      "ResponseBody": {
        "status": "Running"
      }
    },
    {
      "RequestUri": "https://management.azure.com/subscriptions/db1ab6f0-4769-4b27-930e-01e2ef9c123c/providers/Microsoft.Devices/locations/westus2/operationResults/aWQ9b3NfaWhfZDE0NjkwM2YtZTg4Ni00NjQ0LThmMzMtNWNjYmZiMWU2NjNlO3JlZ2lvbj13ZXN0dXMy?api-version=2021-07-02\u0026operationSource=other\u0026asyncinfo",
      "RequestMethod": "GET",
      "RequestHeaders": {
        "Authorization": "Sanitized",
        "traceparent": "00-46a148283ebcc84c857eae2923ec169a-be33e9d406ad9e49-00",
        "User-Agent": "azsdk-net-ResourceManager/1.2.0 (.NET Core 3.1.27; Microsoft Windows 10.0.22000)",
        "x-ms-client-request-id": "3684964b8f101358f3d89b02d421d29d",
        "x-ms-return-client-request-id": "true"
      },
      "RequestBody": null,
      "StatusCode": 200,
      "ResponseHeaders": {
        "Cache-Control": "no-cache",
        "Content-Length": "20",
        "Content-Type": "application/json; charset=utf-8",
        "Date": "Wed, 13 Jul 2022 09:28:18 GMT",
        "Expires": "-1",
        "Pragma": "no-cache",
        "Server": "Microsoft-HTTPAPI/2.0",
        "Strict-Transport-Security": "max-age=31536000; includeSubDomains",
        "X-Content-Type-Options": "nosniff",
        "x-ms-correlation-request-id": "01e96eec-6958-4190-bd93-4552ffa51b25",
        "x-ms-ratelimit-remaining-subscription-reads": "11991",
        "x-ms-request-id": "01e96eec-6958-4190-bd93-4552ffa51b25",
        "x-ms-routing-request-id": "SOUTHEASTASIA:20220713T092818Z:01e96eec-6958-4190-bd93-4552ffa51b25"
      },
      "ResponseBody": {
        "status": "Running"
      }
    },
    {
      "RequestUri": "https://management.azure.com/subscriptions/db1ab6f0-4769-4b27-930e-01e2ef9c123c/providers/Microsoft.Devices/locations/westus2/operationResults/aWQ9b3NfaWhfZDE0NjkwM2YtZTg4Ni00NjQ0LThmMzMtNWNjYmZiMWU2NjNlO3JlZ2lvbj13ZXN0dXMy?api-version=2021-07-02\u0026operationSource=other\u0026asyncinfo",
      "RequestMethod": "GET",
      "RequestHeaders": {
        "Authorization": "Sanitized",
        "traceparent": "00-46a148283ebcc84c857eae2923ec169a-c906b757cdbe524e-00",
        "User-Agent": "azsdk-net-ResourceManager/1.2.0 (.NET Core 3.1.27; Microsoft Windows 10.0.22000)",
        "x-ms-client-request-id": "54f6e41bf10b2d0199ca0e2de8f3f6f9",
        "x-ms-return-client-request-id": "true"
      },
      "RequestBody": null,
      "StatusCode": 200,
      "ResponseHeaders": {
        "Cache-Control": "no-cache",
        "Content-Length": "20",
        "Content-Type": "application/json; charset=utf-8",
        "Date": "Wed, 13 Jul 2022 09:28:34 GMT",
        "Expires": "-1",
        "Pragma": "no-cache",
        "Server": "Microsoft-HTTPAPI/2.0",
        "Strict-Transport-Security": "max-age=31536000; includeSubDomains",
        "X-Content-Type-Options": "nosniff",
        "x-ms-correlation-request-id": "bfb09952-8be4-471c-8015-228cf5f38383",
        "x-ms-ratelimit-remaining-subscription-reads": "11990",
        "x-ms-request-id": "bfb09952-8be4-471c-8015-228cf5f38383",
        "x-ms-routing-request-id": "SOUTHEASTASIA:20220713T092835Z:bfb09952-8be4-471c-8015-228cf5f38383"
      },
      "ResponseBody": {
        "status": "Running"
      }
    },
    {
      "RequestUri": "https://management.azure.com/subscriptions/db1ab6f0-4769-4b27-930e-01e2ef9c123c/providers/Microsoft.Devices/locations/westus2/operationResults/aWQ9b3NfaWhfZDE0NjkwM2YtZTg4Ni00NjQ0LThmMzMtNWNjYmZiMWU2NjNlO3JlZ2lvbj13ZXN0dXMy?api-version=2021-07-02\u0026operationSource=other\u0026asyncinfo",
      "RequestMethod": "GET",
      "RequestHeaders": {
        "Authorization": "Sanitized",
        "traceparent": "00-46a148283ebcc84c857eae2923ec169a-a403a7670c6e3a40-00",
        "User-Agent": "azsdk-net-ResourceManager/1.2.0 (.NET Core 3.1.27; Microsoft Windows 10.0.22000)",
        "x-ms-client-request-id": "6278dec7cc835552f2197eeabc7bd7a9",
        "x-ms-return-client-request-id": "true"
      },
      "RequestBody": null,
      "StatusCode": 200,
      "ResponseHeaders": {
        "Cache-Control": "no-cache",
        "Content-Length": "20",
        "Content-Type": "application/json; charset=utf-8",
        "Date": "Wed, 13 Jul 2022 09:29:06 GMT",
        "Expires": "-1",
        "Pragma": "no-cache",
        "Server": "Microsoft-HTTPAPI/2.0",
        "Strict-Transport-Security": "max-age=31536000; includeSubDomains",
        "X-Content-Type-Options": "nosniff",
        "x-ms-correlation-request-id": "7155a458-eb9d-43a8-923a-c7ce137ff666",
        "x-ms-ratelimit-remaining-subscription-reads": "11989",
        "x-ms-request-id": "7155a458-eb9d-43a8-923a-c7ce137ff666",
        "x-ms-routing-request-id": "SOUTHEASTASIA:20220713T092907Z:7155a458-eb9d-43a8-923a-c7ce137ff666"
      },
      "ResponseBody": {
        "status": "Running"
      }
    },
    {
      "RequestUri": "https://management.azure.com/subscriptions/db1ab6f0-4769-4b27-930e-01e2ef9c123c/providers/Microsoft.Devices/locations/westus2/operationResults/aWQ9b3NfaWhfZDE0NjkwM2YtZTg4Ni00NjQ0LThmMzMtNWNjYmZiMWU2NjNlO3JlZ2lvbj13ZXN0dXMy?api-version=2021-07-02\u0026operationSource=other\u0026asyncinfo",
      "RequestMethod": "GET",
      "RequestHeaders": {
        "Authorization": "Sanitized",
        "traceparent": "00-46a148283ebcc84c857eae2923ec169a-8e9a6a26690a7244-00",
        "User-Agent": "azsdk-net-ResourceManager/1.2.0 (.NET Core 3.1.27; Microsoft Windows 10.0.22000)",
        "x-ms-client-request-id": "0c51017ce77d59ab94569d45802a2bff",
        "x-ms-return-client-request-id": "true"
      },
      "RequestBody": null,
      "StatusCode": 200,
      "ResponseHeaders": {
        "Cache-Control": "no-cache",
        "Content-Length": "20",
        "Content-Type": "application/json; charset=utf-8",
        "Date": "Wed, 13 Jul 2022 09:29:38 GMT",
        "Expires": "-1",
        "Pragma": "no-cache",
        "Server": "Microsoft-HTTPAPI/2.0",
        "Strict-Transport-Security": "max-age=31536000; includeSubDomains",
        "X-Content-Type-Options": "nosniff",
        "x-ms-correlation-request-id": "83367c88-d0fd-410b-b101-f3a9ac82dc0a",
        "x-ms-ratelimit-remaining-subscription-reads": "11988",
        "x-ms-request-id": "83367c88-d0fd-410b-b101-f3a9ac82dc0a",
        "x-ms-routing-request-id": "SOUTHEASTASIA:20220713T092939Z:83367c88-d0fd-410b-b101-f3a9ac82dc0a"
      },
      "ResponseBody": {
        "status": "Running"
      }
    },
    {
      "RequestUri": "https://management.azure.com/subscriptions/db1ab6f0-4769-4b27-930e-01e2ef9c123c/providers/Microsoft.Devices/locations/westus2/operationResults/aWQ9b3NfaWhfZDE0NjkwM2YtZTg4Ni00NjQ0LThmMzMtNWNjYmZiMWU2NjNlO3JlZ2lvbj13ZXN0dXMy?api-version=2021-07-02\u0026operationSource=other\u0026asyncinfo",
      "RequestMethod": "GET",
      "RequestHeaders": {
        "Authorization": "Sanitized",
        "traceparent": "00-46a148283ebcc84c857eae2923ec169a-6972505a23421948-00",
        "User-Agent": "azsdk-net-ResourceManager/1.2.0 (.NET Core 3.1.27; Microsoft Windows 10.0.22000)",
        "x-ms-client-request-id": "f53aa2e270a94e1a92a061f17216701d",
        "x-ms-return-client-request-id": "true"
      },
      "RequestBody": null,
      "StatusCode": 200,
      "ResponseHeaders": {
        "Cache-Control": "no-cache",
        "Content-Length": "22",
        "Content-Type": "application/json; charset=utf-8",
        "Date": "Wed, 13 Jul 2022 09:30:11 GMT",
        "Expires": "-1",
        "Pragma": "no-cache",
        "Server": "Microsoft-HTTPAPI/2.0",
        "Strict-Transport-Security": "max-age=31536000; includeSubDomains",
        "X-Content-Type-Options": "nosniff",
        "x-ms-correlation-request-id": "fb4c0894-572c-494e-81bc-2f708baa6146",
        "x-ms-ratelimit-remaining-subscription-reads": "11987",
        "x-ms-request-id": "fb4c0894-572c-494e-81bc-2f708baa6146",
        "x-ms-routing-request-id": "SOUTHEASTASIA:20220713T093012Z:fb4c0894-572c-494e-81bc-2f708baa6146"
      },
      "ResponseBody": {
        "status": "Succeeded"
      }
    },
    {
      "RequestUri": "https://management.azure.com/subscriptions/db1ab6f0-4769-4b27-930e-01e2ef9c123c/resourceGroups/IotHub-RG-3688/providers/Microsoft.Devices/IotHubs/IotHub-1484?api-version=2021-07-02",
      "RequestMethod": "GET",
      "RequestHeaders": {
        "Authorization": "Sanitized",
        "traceparent": "00-46a148283ebcc84c857eae2923ec169a-80139781ca0bc148-00",
        "User-Agent": "azsdk-net-ResourceManager/1.2.0 (.NET Core 3.1.27; Microsoft Windows 10.0.22000)",
        "x-ms-client-request-id": "e6b165f3eaa1e07b331ecd2c2e0dd5c7",
        "x-ms-return-client-request-id": "true"
      },
      "RequestBody": null,
      "StatusCode": 200,
      "ResponseHeaders": {
        "Cache-Control": "no-cache",
        "Content-Length": "1638",
        "Content-Type": "application/json; charset=utf-8",
        "Date": "Wed, 13 Jul 2022 09:30:12 GMT",
        "Expires": "-1",
        "Pragma": "no-cache",
        "Server": "Microsoft-HTTPAPI/2.0",
        "Strict-Transport-Security": "max-age=31536000; includeSubDomains",
        "X-Content-Type-Options": "nosniff",
        "x-ms-correlation-request-id": "407cb541-7d6a-4221-a146-2098ef10ed05",
        "x-ms-ratelimit-remaining-subscription-reads": "11986",
        "x-ms-request-id": "407cb541-7d6a-4221-a146-2098ef10ed05",
        "x-ms-routing-request-id": "SOUTHEASTASIA:20220713T093013Z:407cb541-7d6a-4221-a146-2098ef10ed05"
      },
      "ResponseBody": {
        "id": "/subscriptions/db1ab6f0-4769-4b27-930e-01e2ef9c123c/resourceGroups/IotHub-RG-3688/providers/Microsoft.Devices/IotHubs/IotHub-1484",
        "name": "IotHub-1484",
        "type": "Microsoft.Devices/IotHubs",
        "location": "westus2",
        "tags": {},
        "subscriptionid": "db1ab6f0-4769-4b27-930e-01e2ef9c123c",
        "resourcegroup": "IotHub-RG-3688",
        "etag": "AAAADGwlUoM=",
        "properties": {
          "locations": [
            {
              "location": "West US 2",
              "role": "primary"
            },
            {
              "location": "West Central US",
              "role": "secondary"
            }
          ],
          "state": "Active",
          "provisioningState": "Succeeded",
          "ipFilterRules": [],
          "hostName": "IotHub-1484.azure-devices.net",
          "eventHubEndpoints": {
            "events": {
              "retentionTimeInDays": 1,
              "partitionCount": 4,
              "partitionIds": [
                "0",
                "1",
                "2",
                "3"
              ],
              "path": "iothub-1484",
              "endpoint": "sb://iothub-ns-iothub-148-20190546-2923687e20.servicebus.windows.net/"
            }
          },
          "routing": {
            "endpoints": {
              "serviceBusQueues": [],
              "serviceBusTopics": [],
              "eventHubs": [],
              "storageContainers": []
            },
            "routes": [],
            "fallbackRoute": {
              "name": "$fallback",
              "source": "DeviceMessages",
              "condition": "true",
              "endpointNames": [
                "events"
              ],
              "isEnabled": true
            }
          },
          "storageEndpoints": {
            "$default": {
              "sasTtlAsIso8601": "PT1H",
              "connectionString": "",
              "containerName": ""
            }
          },
          "messagingEndpoints": {
            "fileNotifications": {
              "lockDurationAsIso8601": "PT1M",
              "ttlAsIso8601": "PT1H",
              "maxDeliveryCount": 10
            }
          },
          "enableFileUploadNotifications": false,
          "cloudToDevice": {
            "maxDeliveryCount": 10,
            "defaultTtlAsIso8601": "PT1H",
            "feedback": {
              "lockDurationAsIso8601": "PT1M",
              "ttlAsIso8601": "PT1H",
              "maxDeliveryCount": 10
            }
          },
          "features": "None",
          "allowedFqdnList": [],
          "rootCertificate": {}
        },
        "sku": {
          "name": "S1",
          "tier": "Standard",
          "capacity": 1
        },
        "identity": {
          "type": "None"
        },
        "systemData": {
          "createdAt": "2022-07-13T09:27:58.2766667Z"
        }
      }
    }
  ],
  "Variables": {
    "AZURE_AUTHORITY_HOST": "https://login.microsoftonline.com",
    "RandomSeed": "1087237616",
    "RESOURCE_MANAGER_URL": null,
    "SUBSCRIPTION_ID": "db1ab6f0-4769-4b27-930e-01e2ef9c123c"
  }
}
