{
  "Entries": [
    {
      "RequestUri": "/subscriptions/5ecfd42b-521f-4e3c-b4f4-47895f445068/providers/microsoft.network?api-version=2014-04-01-preview",
      "EncodedRequestUri": "L3N1YnNjcmlwdGlvbnMvNWVjZmQ0MmItNTIxZi00ZTNjLWI0ZjQtNDc4OTVmNDQ1MDY4L3Byb3ZpZGVycy9taWNyb3NvZnQubmV0d29yaz9hcGktdmVyc2lvbj0yMDE0LTA0LTAxLXByZXZpZXc=",
      "RequestMethod": "GET",
      "RequestBody": "",
      "RequestHeaders": {
        "User-Agent": [
          "Microsoft.Azure.Management.Resources.ResourceManagementClient/1.0.0.0"
        ]
      },
      "ResponseBody": "{\r\n  \"id\": \"/subscriptions/5ecfd42b-521f-4e3c-b4f4-47895f445068/providers/Microsoft.Network\",\r\n  \"namespace\": \"Microsoft.Network\",\r\n  \"resourceTypes\": [\r\n    {\r\n      \"resourceType\": \"dnszones\",\r\n      \"locations\": [\r\n        \"global\"\r\n      ],\r\n      \"apiVersions\": [\r\n        \"2015-05-04-preview\"\r\n      ]\r\n    },\r\n    {\r\n      \"resourceType\": \"dnszones/A\",\r\n      \"locations\": [\r\n        \"global\"\r\n      ],\r\n      \"apiVersions\": [\r\n        \"2015-05-04-preview\"\r\n      ]\r\n    },\r\n    {\r\n      \"resourceType\": \"dnszones/AAAA\",\r\n      \"locations\": [\r\n        \"global\"\r\n      ],\r\n      \"apiVersions\": [\r\n        \"2015-05-04-preview\"\r\n      ]\r\n    },\r\n    {\r\n      \"resourceType\": \"dnszones/CNAME\",\r\n      \"locations\": [\r\n        \"global\"\r\n      ],\r\n      \"apiVersions\": [\r\n        \"2015-05-04-preview\"\r\n      ]\r\n    },\r\n    {\r\n      \"resourceType\": \"dnszones/PTR\",\r\n      \"locations\": [\r\n        \"global\"\r\n      ],\r\n      \"apiVersions\": [\r\n        \"2015-05-04-preview\"\r\n      ]\r\n    },\r\n    {\r\n      \"resourceType\": \"dnszones/MX\",\r\n      \"locations\": [\r\n        \"global\"\r\n      ],\r\n      \"apiVersions\": [\r\n        \"2015-05-04-preview\"\r\n      ]\r\n    },\r\n    {\r\n      \"resourceType\": \"dnszones/TXT\",\r\n      \"locations\": [\r\n        \"global\"\r\n      ],\r\n      \"apiVersions\": [\r\n        \"2015-05-04-preview\"\r\n      ]\r\n    },\r\n    {\r\n      \"resourceType\": \"dnszones/SRV\",\r\n      \"locations\": [\r\n        \"global\"\r\n      ],\r\n      \"apiVersions\": [\r\n        \"2015-05-04-preview\"\r\n      ]\r\n    },\r\n    {\r\n      \"resourceType\": \"trafficmanagerprofiles\",\r\n      \"locations\": [\r\n        \"global\"\r\n      ],\r\n      \"apiVersions\": [\r\n        \"2015-04-28-preview\"\r\n      ]\r\n    }\r\n  ],\r\n  \"registrationState\": \"Registered\"\r\n}",
      "ResponseHeaders": {
        "Content-Length": [
          "1005"
        ],
        "Content-Type": [
          "application/json; charset=utf-8"
        ],
        "Expires": [
          "-1"
        ],
        "Pragma": [
          "no-cache"
        ],
        "x-ms-ratelimit-remaining-subscription-reads": [
          "31974"
        ],
        "x-ms-request-id": [
          "be39614b-35aa-4141-b203-2a79c234bfb1"
        ],
        "x-ms-correlation-request-id": [
          "be39614b-35aa-4141-b203-2a79c234bfb1"
        ],
        "x-ms-routing-request-id": [
          "CENTRALUS:20150423T143109Z:be39614b-35aa-4141-b203-2a79c234bfb1"
        ],
        "Strict-Transport-Security": [
          "max-age=31536000; includeSubDomains"
        ],
        "Cache-Control": [
          "no-cache"
        ],
        "Date": [
          "Thu, 23 Apr 2015 14:31:09 GMT"
        ]
      },
      "StatusCode": 200
    },
    {
      "RequestUri": "/subscriptions/5ecfd42b-521f-4e3c-b4f4-47895f445068/resourcegroups/hydratestdnsrg897?api-version=2014-04-01-preview",
      "EncodedRequestUri": "L3N1YnNjcmlwdGlvbnMvNWVjZmQ0MmItNTIxZi00ZTNjLWI0ZjQtNDc4OTVmNDQ1MDY4L3Jlc291cmNlZ3JvdXBzL2h5ZHJhdGVzdGRuc3JnODk3P2FwaS12ZXJzaW9uPTIwMTQtMDQtMDEtcHJldmlldw==",
      "RequestMethod": "PUT",
      "RequestBody": "{\r\n  \"location\": \"Central US\"\r\n}",
      "RequestHeaders": {
        "Content-Type": [
          "application/json; charset=utf-8"
        ],
        "Content-Length": [
          "32"
        ],
        "User-Agent": [
          "Microsoft.Azure.Management.Resources.ResourceManagementClient/1.0.0.0"
        ]
      },
      "ResponseBody": "{\r\n  \"id\": \"/subscriptions/5ecfd42b-521f-4e3c-b4f4-47895f445068/resourceGroups/hydratestdnsrg897\",\r\n  \"name\": \"hydratestdnsrg897\",\r\n  \"location\": \"centralus\",\r\n  \"properties\": {\r\n    \"provisioningState\": \"Succeeded\"\r\n  }\r\n}",
      "ResponseHeaders": {
        "Content-Length": [
          "190"
        ],
        "Content-Type": [
          "application/json; charset=utf-8"
        ],
        "Expires": [
          "-1"
        ],
        "Pragma": [
          "no-cache"
        ],
        "x-ms-ratelimit-remaining-subscription-writes": [
          "1178"
        ],
        "x-ms-request-id": [
          "f6816f4e-d2b6-4578-917b-1f57df9317b0"
        ],
        "x-ms-correlation-request-id": [
          "f6816f4e-d2b6-4578-917b-1f57df9317b0"
        ],
        "x-ms-routing-request-id": [
          "CENTRALUS:20150423T143111Z:f6816f4e-d2b6-4578-917b-1f57df9317b0"
        ],
        "Strict-Transport-Security": [
          "max-age=31536000; includeSubDomains"
        ],
        "Cache-Control": [
          "no-cache"
        ],
        "Date": [
          "Thu, 23 Apr 2015 14:31:11 GMT"
        ]
      },
      "StatusCode": 201
    },
    {
      "RequestUri": "/subscriptions/5ecfd42b-521f-4e3c-b4f4-47895f445068/resourceGroups/hydratestdnsrg897/providers/Microsoft.Network/dnszones/hydratestdnszone2560?api-version=2015-05-04-preview",
      "EncodedRequestUri": "L3N1YnNjcmlwdGlvbnMvNWVjZmQ0MmItNTIxZi00ZTNjLWI0ZjQtNDc4OTVmNDQ1MDY4L3Jlc291cmNlR3JvdXBzL2h5ZHJhdGVzdGRuc3JnODk3L3Byb3ZpZGVycy9NaWNyb3NvZnQuTmV0d29yay9kbnN6b25lcy9oeWRyYXRlc3RkbnN6b25lMjU2MD9hcGktdmVyc2lvbj0yMDE1LTA1LTA0LXByZXZpZXc=",
      "RequestMethod": "PUT",
      "RequestBody": "{\r\n  \"properties\": {},\r\n  \"name\": \"hydratestdnszone2560\",\r\n  \"location\": \"global\",\r\n  \"tags\": {}\r\n}",
      "RequestHeaders": {
        "Content-Type": [
          "application/json; charset=utf-8"
        ],
        "Content-Length": [
          "99"
        ],
        "User-Agent": [
          "Microsoft.Azure.Management.Dns.DnsManagementClient/1.2.5591.25862"
        ]
      },
      "ResponseBody": "{\r\n  \"id\": \"/subscriptions/5ecfd42b-521f-4e3c-b4f4-47895f445068/resourceGroups/hydratestdnsrg897/providers/Microsoft.Network/dnszones/hydratestdnszone2560\",\r\n  \"name\": \"hydratestdnszone2560\",\r\n  \"type\": \"Microsoft.Network/dnszones\",\r\n  \"etag\": \"fed05632-7648-4ecd-a351-f31e23b91ce4\",\r\n  \"location\": \"global\",\r\n  \"tags\": {},\r\n  \"properties\": {}\r\n}",
      "ResponseHeaders": {
        "Content-Length": [
          "318"
        ],
        "Content-Type": [
          "application/json; charset=utf-8"
        ],
        "X-Content-Type-Options": [
          "nosniff"
        ],
        "x-ms-request-id": [
          "3359d3d9-7e4d-4645-9e1f-e8c5e274a50c"
        ],
        "x-ms-ratelimit-remaining-subscription-resource-requests": [
          "11982"
        ],
        "x-ms-correlation-request-id": [
          "1650a996-6d74-42e4-8ba1-17d6feef4d8f"
        ],
        "x-ms-routing-request-id": [
          "CENTRALUS:20150423T143115Z:1650a996-6d74-42e4-8ba1-17d6feef4d8f"
        ],
        "Strict-Transport-Security": [
          "max-age=31536000; includeSubDomains"
        ],
        "Cache-Control": [
          "private"
        ],
        "Date": [
          "Thu, 23 Apr 2015 14:31:14 GMT"
        ],
        "ETag": [
          "fed05632-7648-4ecd-a351-f31e23b91ce4"
        ],
        "Server": [
          "Microsoft-IIS/7.5"
        ],
        "X-AspNet-Version": [
          "4.0.30319"
        ],
        "X-Powered-By": [
          "ASP.NET"
        ]
      },
      "StatusCode": 201
    },
    {
      "RequestUri": "/subscriptions/5ecfd42b-521f-4e3c-b4f4-47895f445068/resourceGroups/hydratestdnsrg897/providers/Microsoft.Network/dnszones/hydratestdnszone2560/TXT/hydratestdnsrec8602?api-version=2015-05-04-preview",
      "EncodedRequestUri": "L3N1YnNjcmlwdGlvbnMvNWVjZmQ0MmItNTIxZi00ZTNjLWI0ZjQtNDc4OTVmNDQ1MDY4L3Jlc291cmNlR3JvdXBzL2h5ZHJhdGVzdGRuc3JnODk3L3Byb3ZpZGVycy9NaWNyb3NvZnQuTmV0d29yay9kbnN6b25lcy9oeWRyYXRlc3RkbnN6b25lMjU2MC9UWFQvaHlkcmF0ZXN0ZG5zcmVjODYwMj9hcGktdmVyc2lvbj0yMDE1LTA1LTA0LXByZXZpZXc=",
      "RequestMethod": "PUT",
      "RequestBody": "{\r\n  \"properties\": {\r\n    \"TTL\": 42,\r\n    \"TXTRecords\": [\r\n      {\r\n        \"value\": \"lorem\"\r\n      },\r\n      {\r\n        \"value\": \"ipsum\"\r\n      }\r\n    ]\r\n  },\r\n  \"name\": \"hydratestdnsrec8602\",\r\n  \"location\": \"global\",\r\n  \"tags\": {}\r\n}",
      "RequestHeaders": {
        "Content-Type": [
          "application/json; charset=utf-8"
        ],
        "Content-Length": [
          "235"
        ],
        "User-Agent": [
          "Microsoft.Azure.Management.Dns.DnsManagementClient/1.2.5591.25862"
        ]
      },
      "ResponseBody": "{\r\n  \"id\": \"/subscriptions/5ecfd42b-521f-4e3c-b4f4-47895f445068/resourceGroups/hydratestdnsrg897/providers/Microsoft.Network/dnszones/hydratestdnszone2560/TXT/hydratestdnsrec8602\",\r\n  \"name\": \"hydratestdnsrec8602\",\r\n  \"type\": \"Microsoft.Network/dnszones/TXT\",\r\n  \"etag\": \"0e45e461-9419-4505-8880-26f3b07b20f2\",\r\n  \"location\": \"global\",\r\n  \"tags\": {},\r\n  \"properties\": {\r\n    \"TTL\": 42,\r\n    \"TXTRecords\": [\r\n      {\r\n        \"value\": \"lorem\"\r\n      },\r\n      {\r\n        \"value\": \"ipsum\"\r\n      }\r\n    ]\r\n  }\r\n}",
      "ResponseHeaders": {
        "Content-Length": [
          "407"
        ],
        "Content-Type": [
          "application/json; charset=utf-8"
        ],
        "X-Content-Type-Options": [
          "nosniff"
        ],
        "x-ms-request-id": [
          "fcf2bdb0-8e2a-48b3-9075-679347aca330"
        ],
        "x-ms-ratelimit-remaining-subscription-resource-requests": [
          "11991"
        ],
        "x-ms-correlation-request-id": [
          "0d29a7c3-549a-4fcb-9652-50d86ae098ef"
        ],
        "x-ms-routing-request-id": [
          "CENTRALUS:20150423T143116Z:0d29a7c3-549a-4fcb-9652-50d86ae098ef"
        ],
        "Strict-Transport-Security": [
          "max-age=31536000; includeSubDomains"
        ],
        "Cache-Control": [
          "private"
        ],
        "Date": [
          "Thu, 23 Apr 2015 14:31:15 GMT"
        ],
        "ETag": [
          "0e45e461-9419-4505-8880-26f3b07b20f2"
        ],
        "Server": [
          "Microsoft-IIS/7.5"
        ],
        "X-AspNet-Version": [
          "4.0.30319"
        ],
        "X-Powered-By": [
          "ASP.NET"
        ]
      },
      "StatusCode": 201
    },
    {
      "RequestUri": "/subscriptions/5ecfd42b-521f-4e3c-b4f4-47895f445068/resourceGroups/hydratestdnsrg897/providers/Microsoft.Network/dnszones/hydratestdnszone2560/TXT/hydratestdnsrec8602?api-version=2015-05-04-preview",
      "EncodedRequestUri": "L3N1YnNjcmlwdGlvbnMvNWVjZmQ0MmItNTIxZi00ZTNjLWI0ZjQtNDc4OTVmNDQ1MDY4L3Jlc291cmNlR3JvdXBzL2h5ZHJhdGVzdGRuc3JnODk3L3Byb3ZpZGVycy9NaWNyb3NvZnQuTmV0d29yay9kbnN6b25lcy9oeWRyYXRlc3RkbnN6b25lMjU2MC9UWFQvaHlkcmF0ZXN0ZG5zcmVjODYwMj9hcGktdmVyc2lvbj0yMDE1LTA1LTA0LXByZXZpZXc=",
      "RequestMethod": "GET",
      "RequestBody": "",
      "RequestHeaders": {
        "User-Agent": [
          "Microsoft.Azure.Management.Dns.DnsManagementClient/1.2.5591.25862"
        ]
      },
      "ResponseBody": "{\r\n  \"id\": \"/subscriptions/5ecfd42b-521f-4e3c-b4f4-47895f445068/resourceGroups/hydratestdnsrg897/providers/Microsoft.Network/dnszones/hydratestdnszone2560/TXT/hydratestdnsrec8602\",\r\n  \"name\": \"hydratestdnsrec8602\",\r\n  \"type\": \"Microsoft.Network/dnszones/TXT\",\r\n  \"etag\": \"0e45e461-9419-4505-8880-26f3b07b20f2\",\r\n  \"location\": \"global\",\r\n  \"tags\": {},\r\n  \"properties\": {\r\n    \"TTL\": 42,\r\n    \"TXTRecords\": [\r\n      {\r\n        \"value\": \"lorem\"\r\n      },\r\n      {\r\n        \"value\": \"ipsum\"\r\n      }\r\n    ]\r\n  }\r\n}",
      "ResponseHeaders": {
        "Content-Length": [
          "407"
        ],
        "Content-Type": [
          "application/json; charset=utf-8"
        ],
        "X-Content-Type-Options": [
          "nosniff"
        ],
        "x-ms-request-id": [
          "34493a65-04bb-4d87-adc4-c8c39a8b232d"
        ],
        "x-ms-ratelimit-remaining-subscription-resource-requests": [
          "11997"
        ],
        "x-ms-correlation-request-id": [
          "427c1542-fd3e-462b-b8c2-b6a9e134fc4a"
        ],
        "x-ms-routing-request-id": [
          "CENTRALUS:20150423T143116Z:427c1542-fd3e-462b-b8c2-b6a9e134fc4a"
        ],
        "Strict-Transport-Security": [
          "max-age=31536000; includeSubDomains"
        ],
        "Cache-Control": [
          "private"
        ],
        "Date": [
          "Thu, 23 Apr 2015 14:31:16 GMT"
        ],
        "ETag": [
          "0e45e461-9419-4505-8880-26f3b07b20f2"
        ],
        "Server": [
          "Microsoft-IIS/7.5"
        ],
        "X-AspNet-Version": [
          "4.0.30319"
        ],
        "X-Powered-By": [
          "ASP.NET"
        ]
      },
      "StatusCode": 200
    },
    {
      "RequestUri": "/subscriptions/5ecfd42b-521f-4e3c-b4f4-47895f445068/resourceGroups/hydratestdnsrg897/providers/Microsoft.Network/dnszones/hydratestdnszone2560/TXT/hydratestdnsrec8602?api-version=2015-05-04-preview",
      "EncodedRequestUri": "L3N1YnNjcmlwdGlvbnMvNWVjZmQ0MmItNTIxZi00ZTNjLWI0ZjQtNDc4OTVmNDQ1MDY4L3Jlc291cmNlR3JvdXBzL2h5ZHJhdGVzdGRuc3JnODk3L3Byb3ZpZGVycy9NaWNyb3NvZnQuTmV0d29yay9kbnN6b25lcy9oeWRyYXRlc3RkbnN6b25lMjU2MC9UWFQvaHlkcmF0ZXN0ZG5zcmVjODYwMj9hcGktdmVyc2lvbj0yMDE1LTA1LTA0LXByZXZpZXc=",
      "RequestMethod": "DELETE",
      "RequestBody": "",
      "RequestHeaders": {
        "If-Match": [
          "0e45e461-9419-4505-8880-26f3b07b20f2"
        ],
        "User-Agent": [
          "Microsoft.Azure.Management.Dns.DnsManagementClient/1.2.5591.25862"
        ]
      },
      "ResponseBody": "",
      "ResponseHeaders": {
        "Content-Length": [
          "0"
        ],
        "X-Content-Type-Options": [
          "nosniff"
        ],
        "x-ms-request-id": [
          "1288b44e-cd7d-457a-be63-56ea36fa4b43"
        ],
        "x-ms-ratelimit-remaining-subscription-resource-requests": [
          "11993"
        ],
        "x-ms-correlation-request-id": [
          "bac520a9-d8b2-460a-be70-031f4b460724"
        ],
        "x-ms-routing-request-id": [
          "CENTRALUS:20150423T143117Z:bac520a9-d8b2-460a-be70-031f4b460724"
        ],
        "Strict-Transport-Security": [
          "max-age=31536000; includeSubDomains"
        ],
        "Cache-Control": [
          "private"
        ],
        "Date": [
          "Thu, 23 Apr 2015 14:31:16 GMT"
        ],
        "Server": [
          "Microsoft-IIS/7.5"
        ],
        "X-AspNet-Version": [
          "4.0.30319"
        ],
        "X-Powered-By": [
          "ASP.NET"
        ]
      },
      "StatusCode": 200
    },
    {
      "RequestUri": "/subscriptions/5ecfd42b-521f-4e3c-b4f4-47895f445068/resourceGroups/hydratestdnsrg897/providers/Microsoft.Network/dnszones/hydratestdnszone2560?api-version=2015-05-04-preview",
      "EncodedRequestUri": "L3N1YnNjcmlwdGlvbnMvNWVjZmQ0MmItNTIxZi00ZTNjLWI0ZjQtNDc4OTVmNDQ1MDY4L3Jlc291cmNlR3JvdXBzL2h5ZHJhdGVzdGRuc3JnODk3L3Byb3ZpZGVycy9NaWNyb3NvZnQuTmV0d29yay9kbnN6b25lcy9oeWRyYXRlc3RkbnN6b25lMjU2MD9hcGktdmVyc2lvbj0yMDE1LTA1LTA0LXByZXZpZXc=",
      "RequestMethod": "DELETE",
      "RequestBody": "",
      "RequestHeaders": {
        "User-Agent": [
          "Microsoft.Azure.Management.Dns.DnsManagementClient/1.2.5591.25862"
        ]
      },
      "ResponseBody": "",
      "ResponseHeaders": {
        "Content-Length": [
          "0"
        ],
        "X-Content-Type-Options": [
          "nosniff"
        ],
        "x-ms-request-id": [
          "bf6abc78-3fe4-45eb-acea-5129d5966e62"
        ],
        "x-ms-ratelimit-remaining-subscription-resource-requests": [
          "11991"
        ],
        "x-ms-correlation-request-id": [
          "8f71d5c7-fe4b-42f9-9553-9c9cfc7d639f"
        ],
        "x-ms-routing-request-id": [
          "CENTRALUS:20150423T143118Z:8f71d5c7-fe4b-42f9-9553-9c9cfc7d639f"
        ],
        "Strict-Transport-Security": [
          "max-age=31536000; includeSubDomains"
        ],
        "Cache-Control": [
          "private"
        ],
        "Date": [
          "Thu, 23 Apr 2015 14:31:17 GMT"
        ],
        "Server": [
          "Microsoft-IIS/7.5"
        ],
        "X-AspNet-Version": [
          "4.0.30319"
        ],
        "X-Powered-By": [
          "ASP.NET"
        ]
      },
      "StatusCode": 200
    }
  ],
  "Names": {
    "SetupSingleRecordSetTest": [
      "hydratestdnszone2560",
      "hydratestdnsrec8602"
    ],
    "CreateResourceGroup": [
      "hydratestdnsrg897"
    ]
  },
  "Variables": {
    "SubscriptionId": "5ecfd42b-521f-4e3c-b4f4-47895f445068"
  }
}