{
  "Entries": [
    {
      "RequestUri": "/subscriptions/80d4fe69-c95b-4dd2-a938-9250f1c8ab03/resourceGroups/flowrg/providers/Microsoft.Logic/integrationAccounts?api-version=2019-05-01",
      "EncodedRequestUri": "L3N1YnNjcmlwdGlvbnMvODBkNGZlNjktYzk1Yi00ZGQyLWE5MzgtOTI1MGYxYzhhYjAzL3Jlc291cmNlR3JvdXBzL2Zsb3dyZy9wcm92aWRlcnMvTWljcm9zb2Z0LkxvZ2ljL2ludGVncmF0aW9uQWNjb3VudHM/YXBpLXZlcnNpb249MjAxOS0wNS0wMQ==",
      "RequestMethod": "GET",
      "RequestBody": "",
      "RequestHeaders": {
        "x-ms-client-request-id": [
          "2b759434-6f35-4dab-9772-243423de9027"
        ],
        "Accept-Language": [
          "en-US"
        ],
        "User-Agent": [
          "FxVersion/4.6.28207.04",
          "OSName/Windows",
          "OSVersion/Microsoft.Windows.10.0.18363.",
          "Microsoft.Azure.Management.Logic.LogicManagementClient/4.1.0.0"
        ]
      },
      "ResponseHeaders": {
        "Cache-Control": [
          "no-cache"
        ],
        "Pragma": [
          "no-cache"
        ],
        "x-ms-ratelimit-remaining-subscription-reads": [
          "11999"
        ],
        "x-ms-request-id": [
          "4cb20dca-8f52-4180-8927-0a2d08becd7d"
        ],
        "x-ms-correlation-request-id": [
          "4cb20dca-8f52-4180-8927-0a2d08becd7d"
        ],
        "x-ms-routing-request-id": [
          "WESTUS:20191219T091155Z:4cb20dca-8f52-4180-8927-0a2d08becd7d"
        ],
        "Strict-Transport-Security": [
          "max-age=31536000; includeSubDomains"
        ],
        "X-Content-Type-Options": [
          "nosniff"
        ],
        "Date": [
          "Thu, 19 Dec 2019 09:11:55 GMT"
        ],
        "Content-Type": [
          "application/json; charset=utf-8"
        ],
        "Expires": [
          "-1"
        ],
        "Content-Length": [
          "12"
        ]
      },
      "ResponseBody": "{\r\n  \"value\": []\r\n}",
      "StatusCode": 200
    },
    {
      "RequestUri": "/subscriptions/80d4fe69-c95b-4dd2-a938-9250f1c8ab03/resourceGroups/flowrg/providers/Microsoft.Logic/workflows?api-version=2019-05-01",
      "EncodedRequestUri": "L3N1YnNjcmlwdGlvbnMvODBkNGZlNjktYzk1Yi00ZGQyLWE5MzgtOTI1MGYxYzhhYjAzL3Jlc291cmNlR3JvdXBzL2Zsb3dyZy9wcm92aWRlcnMvTWljcm9zb2Z0LkxvZ2ljL3dvcmtmbG93cz9hcGktdmVyc2lvbj0yMDE5LTA1LTAx",
      "RequestMethod": "GET",
      "RequestBody": "",
      "RequestHeaders": {
        "x-ms-client-request-id": [
          "64787cb7-f36a-4f34-9141-1fb6f404c490"
        ],
        "Accept-Language": [
          "en-US"
        ],
        "User-Agent": [
          "FxVersion/4.6.28207.04",
          "OSName/Windows",
          "OSVersion/Microsoft.Windows.10.0.18363.",
          "Microsoft.Azure.Management.Logic.LogicManagementClient/4.1.0.0"
        ]
      },
      "ResponseHeaders": {
        "Cache-Control": [
          "no-cache"
        ],
        "Pragma": [
          "no-cache"
        ],
        "x-ms-ratelimit-remaining-subscription-resource-requests": [
          "19999"
        ],
        "x-ms-request-id": [
          "03da6669-c3f2-4cc0-ad72-97eeb269f83e"
        ],
        "x-ms-correlation-request-id": [
          "03da6669-c3f2-4cc0-ad72-97eeb269f83e"
        ],
        "x-ms-routing-request-id": [
          "WESTUS:20191219T091155Z:03da6669-c3f2-4cc0-ad72-97eeb269f83e"
        ],
        "Strict-Transport-Security": [
          "max-age=31536000; includeSubDomains"
        ],
        "X-Content-Type-Options": [
          "nosniff"
        ],
        "Date": [
          "Thu, 19 Dec 2019 09:11:55 GMT"
        ],
        "Content-Type": [
          "application/json; charset=utf-8"
        ],
        "Expires": [
          "-1"
        ],
        "Content-Length": [
          "12"
        ]
      },
      "ResponseBody": "{\r\n  \"value\": []\r\n}",
      "StatusCode": 200
    },
    {
      "RequestUri": "/subscriptions/80d4fe69-c95b-4dd2-a938-9250f1c8ab03/resourceGroups/flowrg/providers/Microsoft.Logic/workflows/Workflow2174?api-version=2019-05-01",
      "EncodedRequestUri": "L3N1YnNjcmlwdGlvbnMvODBkNGZlNjktYzk1Yi00ZGQyLWE5MzgtOTI1MGYxYzhhYjAzL3Jlc291cmNlR3JvdXBzL2Zsb3dyZy9wcm92aWRlcnMvTWljcm9zb2Z0LkxvZ2ljL3dvcmtmbG93cy9Xb3JrZmxvdzIxNzQ/YXBpLXZlcnNpb249MjAxOS0wNS0wMQ==",
      "RequestMethod": "PUT",
      "RequestBody": "{\r\n  \"properties\": {\r\n    \"definition\": {\r\n      \"$schema\": \"https://schema.management.azure.com/providers/Microsoft.Logic/schemas/2016-06-01/workflowdefinition.json#\",\r\n      \"contentVersion\": \"1.0.0.0\",\r\n      \"parameters\": {},\r\n      \"triggers\": {\r\n        \"manual\": {\r\n          \"type\": \"Request\",\r\n          \"kind\": \"Http\",\r\n          \"inputs\": {\r\n            \"schema\": {}\r\n          }\r\n        }\r\n      },\r\n      \"actions\": {\r\n        \"Response\": {\r\n          \"runAfter\": {},\r\n          \"type\": \"Response\",\r\n          \"kind\": \"Http\",\r\n          \"inputs\": {\r\n            \"statusCode\": 200\r\n          }\r\n        }\r\n      },\r\n      \"outputs\": {}\r\n    }\r\n  },\r\n  \"location\": \"westus\"\r\n}",
      "RequestHeaders": {
        "x-ms-client-request-id": [
          "36dbb4ca-dea3-4755-9c70-9152ecfe2b26"
        ],
        "Accept-Language": [
          "en-US"
        ],
        "User-Agent": [
          "FxVersion/4.6.28207.04",
          "OSName/Windows",
          "OSVersion/Microsoft.Windows.10.0.18363.",
          "Microsoft.Azure.Management.Logic.LogicManagementClient/4.1.0.0"
        ],
        "Content-Type": [
          "application/json; charset=utf-8"
        ],
        "Content-Length": [
          "688"
        ]
      },
      "ResponseHeaders": {
        "Cache-Control": [
          "no-cache"
        ],
        "Pragma": [
          "no-cache"
        ],
        "x-ms-request-id": [
          "westus:4722c66e-193d-41b3-b5d1-4af6e190e0c5"
        ],
        "Strict-Transport-Security": [
          "max-age=31536000; includeSubDomains"
        ],
        "x-ms-ratelimit-remaining-subscription-writes": [
          "1199"
        ],
        "x-ms-correlation-request-id": [
          "550e1ec5-2c5c-42f9-b9b2-3576684c582c"
        ],
        "x-ms-routing-request-id": [
          "WESTUS:20191219T091156Z:550e1ec5-2c5c-42f9-b9b2-3576684c582c"
        ],
        "X-Content-Type-Options": [
          "nosniff"
        ],
        "Date": [
          "Thu, 19 Dec 2019 09:11:56 GMT"
        ],
        "Content-Length": [
          "1443"
        ],
        "Content-Type": [
          "application/json; charset=utf-8"
        ],
        "Expires": [
          "-1"
        ]
      },
      "ResponseBody": "{\r\n  \"properties\": {\r\n    \"provisioningState\": \"Succeeded\",\r\n    \"createdTime\": \"2019-12-19T09:11:56.1138668Z\",\r\n    \"changedTime\": \"2019-12-19T09:11:56.1088756Z\",\r\n    \"state\": \"Enabled\",\r\n    \"version\": \"08586248601693970207\",\r\n    \"accessEndpoint\": \"https://prod-88.westus.logic.azure.com:443/workflows/0737650612eb40e8ba820f7e70da63f6\",\r\n    \"definition\": {\r\n      \"$schema\": \"https://schema.management.azure.com/providers/Microsoft.Logic/schemas/2016-06-01/workflowdefinition.json#\",\r\n      \"contentVersion\": \"1.0.0.0\",\r\n      \"parameters\": {},\r\n      \"triggers\": {\r\n        \"manual\": {\r\n          \"type\": \"Request\",\r\n          \"kind\": \"Http\",\r\n          \"inputs\": {\r\n            \"schema\": {}\r\n          }\r\n        }\r\n      },\r\n      \"actions\": {\r\n        \"Response\": {\r\n          \"runAfter\": {},\r\n          \"type\": \"Response\",\r\n          \"kind\": \"Http\",\r\n          \"inputs\": {\r\n            \"statusCode\": 200\r\n          }\r\n        }\r\n      },\r\n      \"outputs\": {}\r\n    },\r\n    \"parameters\": {},\r\n    \"endpointsConfiguration\": {\r\n      \"workflow\": {\r\n        \"outgoingIpAddresses\": [\r\n          {\r\n            \"address\": \"52.160.92.112\"\r\n          },\r\n          {\r\n            \"address\": \"40.118.244.241\"\r\n          },\r\n          {\r\n            \"address\": \"40.118.241.243\"\r\n          },\r\n          {\r\n            \"address\": \"157.56.162.53\"\r\n          },\r\n          {\r\n            \"address\": \"157.56.167.147\"\r\n          },\r\n          {\r\n            \"address\": \"104.42.49.145\"\r\n          },\r\n          {\r\n            \"address\": \"40.83.164.80\"\r\n          },\r\n          {\r\n            \"address\": \"104.42.38.32\"\r\n          }\r\n        ],\r\n        \"accessEndpointIpAddresses\": [\r\n          {\r\n            \"address\": \"52.160.90.237\"\r\n          },\r\n          {\r\n            \"address\": \"138.91.188.137\"\r\n          },\r\n          {\r\n            \"address\": \"13.91.252.184\"\r\n          },\r\n          {\r\n            \"address\": \"157.56.160.212 \"\r\n          }\r\n        ]\r\n      },\r\n      \"connector\": {\r\n        \"outgoingIpAddresses\": [\r\n          {\r\n            \"address\": \"40.112.243.160/28\"\r\n          },\r\n          {\r\n            \"address\": \"104.40.51.248\"\r\n          },\r\n          {\r\n            \"address\": \"104.42.122.49\"\r\n          }\r\n        ]\r\n      }\r\n    }\r\n  },\r\n  \"id\": \"/subscriptions/80d4fe69-c95b-4dd2-a938-9250f1c8ab03/resourceGroups/flowrg/providers/Microsoft.Logic/workflows/Workflow2174\",\r\n  \"name\": \"Workflow2174\",\r\n  \"type\": \"Microsoft.Logic/workflows\",\r\n  \"location\": \"westus\"\r\n}",
      "StatusCode": 201
    },
    {
      "RequestUri": "/subscriptions/80d4fe69-c95b-4dd2-a938-9250f1c8ab03/resourceGroups/flowrg/providers/Microsoft.Logic/workflows/Workflow2174/triggers/manual/run?api-version=2019-05-01",
      "EncodedRequestUri": "L3N1YnNjcmlwdGlvbnMvODBkNGZlNjktYzk1Yi00ZGQyLWE5MzgtOTI1MGYxYzhhYjAzL3Jlc291cmNlR3JvdXBzL2Zsb3dyZy9wcm92aWRlcnMvTWljcm9zb2Z0LkxvZ2ljL3dvcmtmbG93cy9Xb3JrZmxvdzIxNzQvdHJpZ2dlcnMvbWFudWFsL3J1bj9hcGktdmVyc2lvbj0yMDE5LTA1LTAx",
      "RequestMethod": "POST",
      "RequestBody": "",
      "RequestHeaders": {
        "x-ms-client-request-id": [
          "853bcc5b-217b-40d0-88e4-4e1c0335d273"
        ],
        "Accept-Language": [
          "en-US"
        ],
        "User-Agent": [
          "FxVersion/4.6.28207.04",
          "OSName/Windows",
          "OSVersion/Microsoft.Windows.10.0.18363.",
          "Microsoft.Azure.Management.Logic.LogicManagementClient/4.1.0.0"
        ]
      },
      "ResponseHeaders": {
        "Cache-Control": [
          "no-cache"
        ],
        "Pragma": [
          "no-cache"
        ],
        "x-ms-workflow-run-id": [
          "08586248601689251299011834282CU61"
        ],
        "x-ms-correlation-id": [
          "0ec7fda7-167f-4bdb-8a2b-599f9a610aa8"
        ],
        "x-ms-client-tracking-id": [
          "08586248601689251299011834282CU61"
        ],
        "x-ms-trigger-history-name": [
          "08586248601689251299011834282CU61"
        ],
        "x-ms-execution-location": [
          "westus"
        ],
        "x-ms-workflow-system-id": [
          "/locations/westus/scaleunits/prod-88/workflows/0737650612eb40e8ba820f7e70da63f6"
        ],
        "x-ms-workflow-id": [
          "0737650612eb40e8ba820f7e70da63f6"
        ],
        "x-ms-workflow-version": [
          "08586248601693970207"
        ],
        "x-ms-workflow-name": [
          "Workflow2174"
        ],
        "x-ms-tracking-id": [
          "0ec7fda7-167f-4bdb-8a2b-599f9a610aa8"
        ],
        "x-ms-request-id": [
          "westus:0ec7fda7-167f-4bdb-8a2b-599f9a610aa8"
        ],
        "Strict-Transport-Security": [
          "max-age=31536000; includeSubDomains"
        ],
        "x-ms-ratelimit-remaining-subscription-resource-requests": [
          "4999"
        ],
        "x-ms-correlation-request-id": [
          "4191c798-6be9-4743-a625-dd3213e8ce7b"
        ],
        "x-ms-routing-request-id": [
          "WESTUS:20191219T091156Z:4191c798-6be9-4743-a625-dd3213e8ce7b"
        ],
        "X-Content-Type-Options": [
          "nosniff"
        ],
        "Date": [
          "Thu, 19 Dec 2019 09:11:56 GMT"
        ],
        "Expires": [
          "-1"
        ],
        "Content-Length": [
          "0"
        ]
      },
      "ResponseBody": "",
      "StatusCode": 202
    },
    {
      "RequestUri": "/subscriptions/80d4fe69-c95b-4dd2-a938-9250f1c8ab03/resourceGroups/flowrg/providers/Microsoft.Logic/workflows/Workflow2174?api-version=2019-05-01",
      "EncodedRequestUri": "L3N1YnNjcmlwdGlvbnMvODBkNGZlNjktYzk1Yi00ZGQyLWE5MzgtOTI1MGYxYzhhYjAzL3Jlc291cmNlR3JvdXBzL2Zsb3dyZy9wcm92aWRlcnMvTWljcm9zb2Z0LkxvZ2ljL3dvcmtmbG93cy9Xb3JrZmxvdzIxNzQ/YXBpLXZlcnNpb249MjAxOS0wNS0wMQ==",
      "RequestMethod": "DELETE",
      "RequestBody": "",
      "RequestHeaders": {
        "x-ms-client-request-id": [
          "271c32ee-dbdc-4ddc-90af-ac99b68b0af1"
        ],
        "Accept-Language": [
          "en-US"
        ],
        "User-Agent": [
          "FxVersion/4.6.28207.04",
          "OSName/Windows",
          "OSVersion/Microsoft.Windows.10.0.18363.",
          "Microsoft.Azure.Management.Logic.LogicManagementClient/4.1.0.0"
        ]
      },
      "ResponseHeaders": {
        "Cache-Control": [
          "no-cache"
        ],
        "Pragma": [
          "no-cache"
        ],
        "x-ms-request-id": [
          "westus:4dd408c1-986c-406f-876b-825d465a6c92"
        ],
        "Strict-Transport-Security": [
          "max-age=31536000; includeSubDomains"
        ],
        "x-ms-ratelimit-remaining-subscription-deletes": [
          "14999"
        ],
        "x-ms-correlation-request-id": [
          "602b1e72-4154-4323-81ac-a8ffca805366"
        ],
        "x-ms-routing-request-id": [
          "WESTUS:20191219T091157Z:602b1e72-4154-4323-81ac-a8ffca805366"
        ],
        "X-Content-Type-Options": [
          "nosniff"
        ],
        "Date": [
          "Thu, 19 Dec 2019 09:11:57 GMT"
        ],
        "Expires": [
          "-1"
        ],
        "Content-Length": [
          "0"
        ]
      },
      "ResponseBody": "",
      "StatusCode": 200
    }
  ],
  "Names": {
    "WorkflowTriggers_Run_OK": [
      "Workflow2174"
    ]
  },
  "Variables": {
    "SubscriptionId": "80d4fe69-c95b-4dd2-a938-9250f1c8ab03"
  }
}