{
  "Entries": [
    {
      "RequestUri": "https://management.azure.com/subscriptions/db1ab6f0-4769-4b27-930e-01e2ef9c123c?api-version=2019-11-01",
      "RequestMethod": "GET",
      "RequestHeaders": {
        "Accept": "application/json",
        "Authorization": "Sanitized",
        "User-Agent": "azsdk-net-ResourceManager/1.0.0-beta.4 (.NET Framework 4.8.4300.0; Microsoft Windows 10.0.19043 )",
        "x-ms-client-request-id": "5b037bffc467f58c4281aa7d7d1a94b3",
        "x-ms-return-client-request-id": "true"
      },
      "RequestBody": null,
      "StatusCode": 200,
      "ResponseHeaders": {
        "Cache-Control": "no-cache",
        "Content-Length": "468",
        "Content-Type": "application/json; charset=utf-8",
        "Date": "Mon, 25 Oct 2021 01:33:11 GMT",
        "Expires": "-1",
        "Pragma": "no-cache",
        "Strict-Transport-Security": "max-age=31536000; includeSubDomains",
        "X-Content-Type-Options": "nosniff",
        "x-ms-correlation-request-id": "f177e644-7f37-482d-9e44-cce62c0e0070",
        "x-ms-ratelimit-remaining-subscription-reads": "11987",
        "x-ms-request-id": "f177e644-7f37-482d-9e44-cce62c0e0070",
        "x-ms-routing-request-id": "SOUTHEASTASIA:20211025T013312Z:f177e644-7f37-482d-9e44-cce62c0e0070"
      },
      "ResponseBody": {
        "id": "/subscriptions/db1ab6f0-4769-4b27-930e-01e2ef9c123c",
        "authorizationSource": "RoleBased",
        "managedByTenants": [],
        "tags": {
          "tagKey1": "tagValue1",
          "tagKey2": "tagValue2"
        },
        "subscriptionId": "db1ab6f0-4769-4b27-930e-01e2ef9c123c",
        "tenantId": "72f988bf-86f1-41af-91ab-2d7cd011db47",
        "displayName": ".NET Mgmt SDK Test with TTL = 1 Day",
        "state": "Enabled",
        "subscriptionPolicies": {
          "locationPlacementId": "Internal_2014-09-01",
          "quotaId": "Internal_2014-09-01",
          "spendingLimit": "Off"
        }
      }
    },
    {
      "RequestUri": "https://management.azure.com/subscriptions/db1ab6f0-4769-4b27-930e-01e2ef9c123c/resourcegroups/testeventhubRG-6699?api-version=2019-10-01",
      "RequestMethod": "PUT",
      "RequestHeaders": {
        "Accept": "application/json",
        "Authorization": "Sanitized",
        "Content-Length": "44",
        "Content-Type": "application/json",
        "traceparent": "00-831b2bcb43ea48479084c75db85a3bfe-03b86393d6a0db4e-00",
        "User-Agent": "azsdk-net-ResourceManager/1.0.0-beta.4 (.NET Framework 4.8.4300.0; Microsoft Windows 10.0.19043 )",
        "x-ms-client-request-id": "da50763d3d7543927a3d0e5e86fe36b0",
        "x-ms-return-client-request-id": "true"
      },
      "RequestBody": {
        "location": "eastus2",
        "tags": {
          "test": "env"
        }
      },
      "StatusCode": 201,
      "ResponseHeaders": {
        "Cache-Control": "no-cache",
        "Content-Length": "258",
        "Content-Type": "application/json; charset=utf-8",
        "Date": "Mon, 25 Oct 2021 01:33:12 GMT",
        "Expires": "-1",
        "Pragma": "no-cache",
        "Strict-Transport-Security": "max-age=31536000; includeSubDomains",
        "X-Content-Type-Options": "nosniff",
        "x-ms-correlation-request-id": "ba98a11f-b1ad-499a-bf32-1b3204b3474e",
        "x-ms-ratelimit-remaining-subscription-writes": "1199",
        "x-ms-request-id": "ba98a11f-b1ad-499a-bf32-1b3204b3474e",
        "x-ms-routing-request-id": "SOUTHEASTASIA:20211025T013313Z:ba98a11f-b1ad-499a-bf32-1b3204b3474e"
      },
      "ResponseBody": {
        "id": "/subscriptions/db1ab6f0-4769-4b27-930e-01e2ef9c123c/resourceGroups/testeventhubRG-6699",
        "name": "testeventhubRG-6699",
        "type": "Microsoft.Resources/resourceGroups",
        "location": "eastus2",
        "tags": {
          "test": "env"
        },
        "properties": {
          "provisioningState": "Succeeded"
        }
      }
    },
    {
      "RequestUri": "https://management.azure.com/subscriptions/db1ab6f0-4769-4b27-930e-01e2ef9c123c/providers/Microsoft.EventHub/checkNameAvailability?api-version=2021-06-01-preview",
      "RequestMethod": "POST",
      "RequestHeaders": {
        "Accept": "application/json",
        "Authorization": "Sanitized",
        "Content-Length": "31",
        "Content-Type": "application/json",
        "User-Agent": "azsdk-net-ResourceManager.EventHubs/1.0.0-alpha.20211025.1 (.NET Framework 4.8.4300.0; Microsoft Windows 10.0.19043 )",
        "x-ms-client-request-id": "dff4db44b3e5688969877b51f83abf92",
        "x-ms-return-client-request-id": "true"
      },
      "RequestBody": {
        "name": "testnamespacemgmt431"
      },
      "StatusCode": 200,
      "ResponseHeaders": {
        "Cache-Control": "no-cache",
        "Content-Length": "53",
        "Content-Type": "application/json; charset=utf-8",
        "Date": "Mon, 25 Oct 2021 01:33:13 GMT",
        "Expires": "-1",
        "Pragma": "no-cache",
        "Server": [
          "Service-Bus-Resource-Provider/DM2",
          "Microsoft-HTTPAPI/2.0"
        ],
        "Server-SB": "Service-Bus-Resource-Provider/DM2",
        "Strict-Transport-Security": "max-age=31536000; includeSubDomains",
        "X-Content-Type-Options": "nosniff",
        "x-ms-client-request-id": "dff4db44b3e5688969877b51f83abf92",
        "x-ms-correlation-request-id": "c7655c0a-48de-4332-b916-37b68557c693",
        "x-ms-ratelimit-remaining-subscription-writes": "1199",
        "x-ms-request-id": "ff9debcd-b8e6-4dc8-98c6-5b31ce5d2271_M2DM2_M2DM2",
        "x-ms-routing-request-id": "SOUTHEASTASIA:20211025T013313Z:c7655c0a-48de-4332-b916-37b68557c693"
      },
      "ResponseBody": {
        "nameAvailable": true,
        "reason": "None",
        "message": null
      }
    },
    {
      "RequestUri": "https://management.azure.com/subscriptions/db1ab6f0-4769-4b27-930e-01e2ef9c123c/resourceGroups/testeventhubRG-6699/providers/Microsoft.EventHub/namespaces/testnamespacemgmt431?api-version=2021-06-01-preview",
      "RequestMethod": "PUT",
      "RequestHeaders": {
        "Accept": "application/json",
        "Authorization": "Sanitized",
        "Content-Length": "48",
        "Content-Type": "application/json",
        "User-Agent": "azsdk-net-ResourceManager.EventHubs/1.0.0-alpha.20211025.1 (.NET Framework 4.8.4300.0; Microsoft Windows 10.0.19043 )",
        "x-ms-client-request-id": "a00cc3b28a8c713d18ed867d97bb8274",
        "x-ms-return-client-request-id": "true"
      },
      "RequestBody": {
        "tags": {},
        "location": "eastus2",
        "properties": {}
      },
      "StatusCode": 200,
      "ResponseHeaders": {
        "Cache-Control": "no-cache",
        "Content-Length": "734",
        "Content-Type": "application/json; charset=utf-8",
        "Date": "Mon, 25 Oct 2021 01:33:21 GMT",
        "Expires": "-1",
        "Pragma": "no-cache",
        "Server": [
          "Service-Bus-Resource-Provider/DM2",
          "Microsoft-HTTPAPI/2.0"
        ],
        "Server-SB": "Service-Bus-Resource-Provider/DM2",
        "Strict-Transport-Security": "max-age=31536000; includeSubDomains",
        "X-Content-Type-Options": "nosniff",
        "x-ms-client-request-id": "a00cc3b28a8c713d18ed867d97bb8274",
        "x-ms-correlation-request-id": "2b655cda-de43-488b-b55a-201658b5a114",
        "x-ms-ratelimit-remaining-subscription-resource-requests": "49",
        "x-ms-request-id": "8b0c99c7-3ab6-44d6-a97f-85854d91a8c0_M1DM2_M1DM2",
        "x-ms-routing-request-id": "SOUTHEASTASIA:20211025T013322Z:2b655cda-de43-488b-b55a-201658b5a114"
      },
      "ResponseBody": {
        "sku": {
          "name": "Standard",
          "tier": "Standard",
          "capacity": 1
        },
        "id": "/subscriptions/db1ab6f0-4769-4b27-930e-01e2ef9c123c/resourceGroups/testeventhubRG-6699/providers/Microsoft.EventHub/namespaces/testnamespacemgmt431",
        "name": "testnamespacemgmt431",
        "type": "Microsoft.EventHub/Namespaces",
        "location": "East US 2",
        "tags": {},
        "properties": {
          "disableLocalAuth": false,
          "zoneRedundant": false,
          "isAutoInflateEnabled": false,
          "maximumThroughputUnits": 0,
          "kafkaEnabled": true,
          "provisioningState": "Created",
          "metricId": "db1ab6f0-4769-4b27-930e-01e2ef9c123c:testnamespacemgmt431",
          "createdAt": "2021-10-25T01:33:20.937Z",
          "updatedAt": "2021-10-25T01:33:20.937Z",
          "serviceBusEndpoint": "https://testnamespacemgmt431.servicebus.windows.net:443/",
          "status": "Activating"
        }
      }
    },
    {
      "RequestUri": "https://management.azure.com/subscriptions/db1ab6f0-4769-4b27-930e-01e2ef9c123c/resourceGroups/testeventhubRG-6699/providers/Microsoft.EventHub/namespaces/testnamespacemgmt431?api-version=2021-06-01-preview",
      "RequestMethod": "GET",
      "RequestHeaders": {
        "Authorization": "Sanitized",
        "User-Agent": "azsdk-net-ResourceManager/1.0.0-beta.4 (.NET Framework 4.8.4300.0; Microsoft Windows 10.0.19043 )",
        "x-ms-client-request-id": "3ad4cc4e0f29bacb9d83c7f72c0cd1ad",
        "x-ms-return-client-request-id": "true"
      },
      "RequestBody": null,
      "StatusCode": 200,
      "ResponseHeaders": {
        "Cache-Control": "no-cache",
        "Content-Length": "734",
        "Content-Type": "application/json; charset=utf-8",
        "Date": "Mon, 25 Oct 2021 01:33:24 GMT",
        "Expires": "-1",
        "Pragma": "no-cache",
        "Server": [
          "Service-Bus-Resource-Provider/DM2",
          "Microsoft-HTTPAPI/2.0"
        ],
        "Server-SB": "Service-Bus-Resource-Provider/DM2",
        "Strict-Transport-Security": "max-age=31536000; includeSubDomains",
        "X-Content-Type-Options": "nosniff",
        "x-ms-client-request-id": "3ad4cc4e0f29bacb9d83c7f72c0cd1ad",
        "x-ms-correlation-request-id": "afe8b4ee-5f16-4ba1-ab67-156b201db725",
        "x-ms-ratelimit-remaining-subscription-reads": "11986",
        "x-ms-request-id": "de761674-a87f-4ff6-8541-9c8fe3a90a13_M1DM2_M1DM2",
        "x-ms-routing-request-id": "SOUTHEASTASIA:20211025T013324Z:afe8b4ee-5f16-4ba1-ab67-156b201db725"
      },
      "ResponseBody": {
        "sku": {
          "name": "Standard",
          "tier": "Standard",
          "capacity": 1
        },
        "id": "/subscriptions/db1ab6f0-4769-4b27-930e-01e2ef9c123c/resourceGroups/testeventhubRG-6699/providers/Microsoft.EventHub/namespaces/testnamespacemgmt431",
        "name": "testnamespacemgmt431",
        "type": "Microsoft.EventHub/Namespaces",
        "location": "East US 2",
        "tags": {},
        "properties": {
          "disableLocalAuth": false,
          "zoneRedundant": false,
          "isAutoInflateEnabled": false,
          "maximumThroughputUnits": 0,
          "kafkaEnabled": true,
          "provisioningState": "Created",
          "metricId": "db1ab6f0-4769-4b27-930e-01e2ef9c123c:testnamespacemgmt431",
          "createdAt": "2021-10-25T01:33:20.937Z",
          "updatedAt": "2021-10-25T01:33:20.937Z",
          "serviceBusEndpoint": "https://testnamespacemgmt431.servicebus.windows.net:443/",
          "status": "Activating"
        }
      }
    },
    {
      "RequestUri": "https://management.azure.com/subscriptions/db1ab6f0-4769-4b27-930e-01e2ef9c123c/resourceGroups/testeventhubRG-6699/providers/Microsoft.EventHub/namespaces/testnamespacemgmt431?api-version=2021-06-01-preview",
      "RequestMethod": "GET",
      "RequestHeaders": {
        "Authorization": "Sanitized",
        "User-Agent": "azsdk-net-ResourceManager/1.0.0-beta.4 (.NET Framework 4.8.4300.0; Microsoft Windows 10.0.19043 )",
        "x-ms-client-request-id": "d3830604076532d36b49d9197e875925",
        "x-ms-return-client-request-id": "true"
      },
      "RequestBody": null,
      "StatusCode": 200,
      "ResponseHeaders": {
        "Cache-Control": "no-cache",
        "Content-Length": "734",
        "Content-Type": "application/json; charset=utf-8",
        "Date": "Mon, 25 Oct 2021 01:33:26 GMT",
        "Expires": "-1",
        "Pragma": "no-cache",
        "Server": [
          "Service-Bus-Resource-Provider/DM2",
          "Microsoft-HTTPAPI/2.0"
        ],
        "Server-SB": "Service-Bus-Resource-Provider/DM2",
        "Strict-Transport-Security": "max-age=31536000; includeSubDomains",
        "X-Content-Type-Options": "nosniff",
        "x-ms-client-request-id": "d3830604076532d36b49d9197e875925",
        "x-ms-correlation-request-id": "d0640a49-eda0-480f-b404-39cda1591862",
        "x-ms-ratelimit-remaining-subscription-reads": "11985",
        "x-ms-request-id": "42b49b9f-1704-4a3c-9810-0bb808c5d87e_M1DM2_M1DM2",
        "x-ms-routing-request-id": "SOUTHEASTASIA:20211025T013327Z:d0640a49-eda0-480f-b404-39cda1591862"
      },
      "ResponseBody": {
        "sku": {
          "name": "Standard",
          "tier": "Standard",
          "capacity": 1
        },
        "id": "/subscriptions/db1ab6f0-4769-4b27-930e-01e2ef9c123c/resourceGroups/testeventhubRG-6699/providers/Microsoft.EventHub/namespaces/testnamespacemgmt431",
        "name": "testnamespacemgmt431",
        "type": "Microsoft.EventHub/Namespaces",
        "location": "East US 2",
        "tags": {},
        "properties": {
          "disableLocalAuth": false,
          "zoneRedundant": false,
          "isAutoInflateEnabled": false,
          "maximumThroughputUnits": 0,
          "kafkaEnabled": true,
          "provisioningState": "Created",
          "metricId": "db1ab6f0-4769-4b27-930e-01e2ef9c123c:testnamespacemgmt431",
          "createdAt": "2021-10-25T01:33:20.937Z",
          "updatedAt": "2021-10-25T01:33:20.937Z",
          "serviceBusEndpoint": "https://testnamespacemgmt431.servicebus.windows.net:443/",
          "status": "Activating"
        }
      }
    },
    {
      "RequestUri": "https://management.azure.com/subscriptions/db1ab6f0-4769-4b27-930e-01e2ef9c123c/resourceGroups/testeventhubRG-6699/providers/Microsoft.EventHub/namespaces/testnamespacemgmt431?api-version=2021-06-01-preview",
      "RequestMethod": "GET",
      "RequestHeaders": {
        "Authorization": "Sanitized",
        "User-Agent": "azsdk-net-ResourceManager/1.0.0-beta.4 (.NET Framework 4.8.4300.0; Microsoft Windows 10.0.19043 )",
        "x-ms-client-request-id": "ca2e836b48e6bd4a591a1b3bb76095ba",
        "x-ms-return-client-request-id": "true"
      },
      "RequestBody": null,
      "StatusCode": 200,
      "ResponseHeaders": {
        "Cache-Control": "no-cache",
        "Content-Length": "734",
        "Content-Type": "application/json; charset=utf-8",
        "Date": "Mon, 25 Oct 2021 01:33:28 GMT",
        "Expires": "-1",
        "Pragma": "no-cache",
        "Server": [
          "Service-Bus-Resource-Provider/DM2",
          "Microsoft-HTTPAPI/2.0"
        ],
        "Server-SB": "Service-Bus-Resource-Provider/DM2",
        "Strict-Transport-Security": "max-age=31536000; includeSubDomains",
        "X-Content-Type-Options": "nosniff",
        "x-ms-client-request-id": "ca2e836b48e6bd4a591a1b3bb76095ba",
        "x-ms-correlation-request-id": "7d2b5375-8481-45ac-a4a4-9782e4823bf1",
        "x-ms-ratelimit-remaining-subscription-reads": "11984",
        "x-ms-request-id": "fb9c6850-c37a-40f3-9f79-2abad2ce53d2_M0DM2_M0DM2",
        "x-ms-routing-request-id": "SOUTHEASTASIA:20211025T013329Z:7d2b5375-8481-45ac-a4a4-9782e4823bf1"
      },
      "ResponseBody": {
        "sku": {
          "name": "Standard",
          "tier": "Standard",
          "capacity": 1
        },
        "id": "/subscriptions/db1ab6f0-4769-4b27-930e-01e2ef9c123c/resourceGroups/testeventhubRG-6699/providers/Microsoft.EventHub/namespaces/testnamespacemgmt431",
        "name": "testnamespacemgmt431",
        "type": "Microsoft.EventHub/Namespaces",
        "location": "East US 2",
        "tags": {},
        "properties": {
          "disableLocalAuth": false,
          "zoneRedundant": false,
          "isAutoInflateEnabled": false,
          "maximumThroughputUnits": 0,
          "kafkaEnabled": true,
          "provisioningState": "Created",
          "metricId": "db1ab6f0-4769-4b27-930e-01e2ef9c123c:testnamespacemgmt431",
          "createdAt": "2021-10-25T01:33:20.937Z",
          "updatedAt": "2021-10-25T01:33:20.937Z",
          "serviceBusEndpoint": "https://testnamespacemgmt431.servicebus.windows.net:443/",
          "status": "Activating"
        }
      }
    },
    {
      "RequestUri": "https://management.azure.com/subscriptions/db1ab6f0-4769-4b27-930e-01e2ef9c123c/resourceGroups/testeventhubRG-6699/providers/Microsoft.EventHub/namespaces/testnamespacemgmt431?api-version=2021-06-01-preview",
      "RequestMethod": "GET",
      "RequestHeaders": {
        "Authorization": "Sanitized",
        "User-Agent": "azsdk-net-ResourceManager/1.0.0-beta.4 (.NET Framework 4.8.4300.0; Microsoft Windows 10.0.19043 )",
        "x-ms-client-request-id": "10b15ea0ae6e479ef9a1cfdf36b13c15",
        "x-ms-return-client-request-id": "true"
      },
      "RequestBody": null,
      "StatusCode": 200,
      "ResponseHeaders": {
        "Cache-Control": "no-cache",
        "Content-Length": "734",
        "Content-Type": "application/json; charset=utf-8",
        "Date": "Mon, 25 Oct 2021 01:33:31 GMT",
        "Expires": "-1",
        "Pragma": "no-cache",
        "Server": [
          "Service-Bus-Resource-Provider/DM2",
          "Microsoft-HTTPAPI/2.0"
        ],
        "Server-SB": "Service-Bus-Resource-Provider/DM2",
        "Strict-Transport-Security": "max-age=31536000; includeSubDomains",
        "X-Content-Type-Options": "nosniff",
        "x-ms-client-request-id": "10b15ea0ae6e479ef9a1cfdf36b13c15",
        "x-ms-correlation-request-id": "36dd9783-1f2f-4015-906d-cc19efe7b29b",
        "x-ms-ratelimit-remaining-subscription-reads": "11983",
        "x-ms-request-id": "d5a7a832-a1c5-4e2c-9257-0f5ade237faa_M0DM2_M0DM2",
        "x-ms-routing-request-id": "SOUTHEASTASIA:20211025T013331Z:36dd9783-1f2f-4015-906d-cc19efe7b29b"
      },
      "ResponseBody": {
        "sku": {
          "name": "Standard",
          "tier": "Standard",
          "capacity": 1
        },
        "id": "/subscriptions/db1ab6f0-4769-4b27-930e-01e2ef9c123c/resourceGroups/testeventhubRG-6699/providers/Microsoft.EventHub/namespaces/testnamespacemgmt431",
        "name": "testnamespacemgmt431",
        "type": "Microsoft.EventHub/Namespaces",
        "location": "East US 2",
        "tags": {},
        "properties": {
          "disableLocalAuth": false,
          "zoneRedundant": false,
          "isAutoInflateEnabled": false,
          "maximumThroughputUnits": 0,
          "kafkaEnabled": true,
          "provisioningState": "Created",
          "metricId": "db1ab6f0-4769-4b27-930e-01e2ef9c123c:testnamespacemgmt431",
          "createdAt": "2021-10-25T01:33:20.937Z",
          "updatedAt": "2021-10-25T01:33:20.937Z",
          "serviceBusEndpoint": "https://testnamespacemgmt431.servicebus.windows.net:443/",
          "status": "Activating"
        }
      }
    },
    {
      "RequestUri": "https://management.azure.com/subscriptions/db1ab6f0-4769-4b27-930e-01e2ef9c123c/resourceGroups/testeventhubRG-6699/providers/Microsoft.EventHub/namespaces/testnamespacemgmt431?api-version=2021-06-01-preview",
      "RequestMethod": "GET",
      "RequestHeaders": {
        "Authorization": "Sanitized",
        "User-Agent": "azsdk-net-ResourceManager/1.0.0-beta.4 (.NET Framework 4.8.4300.0; Microsoft Windows 10.0.19043 )",
        "x-ms-client-request-id": "a98ca12906ddbcc7bcc67a4aeb977a0b",
        "x-ms-return-client-request-id": "true"
      },
      "RequestBody": null,
      "StatusCode": 200,
      "ResponseHeaders": {
        "Cache-Control": "no-cache",
        "Content-Length": "734",
        "Content-Type": "application/json; charset=utf-8",
        "Date": "Mon, 25 Oct 2021 01:33:32 GMT",
        "Expires": "-1",
        "Pragma": "no-cache",
        "Server": [
          "Service-Bus-Resource-Provider/DM2",
          "Microsoft-HTTPAPI/2.0"
        ],
        "Server-SB": "Service-Bus-Resource-Provider/DM2",
        "Strict-Transport-Security": "max-age=31536000; includeSubDomains",
        "X-Content-Type-Options": "nosniff",
        "x-ms-client-request-id": "a98ca12906ddbcc7bcc67a4aeb977a0b",
        "x-ms-correlation-request-id": "62f76ed0-f122-4847-a34f-fb95aa2672a1",
        "x-ms-ratelimit-remaining-subscription-reads": "11982",
        "x-ms-request-id": "fd63611d-fdc7-4d80-81e8-7365407a67ec_M3DM2_M3DM2",
        "x-ms-routing-request-id": "SOUTHEASTASIA:20211025T013333Z:62f76ed0-f122-4847-a34f-fb95aa2672a1"
      },
      "ResponseBody": {
        "sku": {
          "name": "Standard",
          "tier": "Standard",
          "capacity": 1
        },
        "id": "/subscriptions/db1ab6f0-4769-4b27-930e-01e2ef9c123c/resourceGroups/testeventhubRG-6699/providers/Microsoft.EventHub/namespaces/testnamespacemgmt431",
        "name": "testnamespacemgmt431",
        "type": "Microsoft.EventHub/Namespaces",
        "location": "East US 2",
        "tags": {},
        "properties": {
          "disableLocalAuth": false,
          "zoneRedundant": false,
          "isAutoInflateEnabled": false,
          "maximumThroughputUnits": 0,
          "kafkaEnabled": true,
          "provisioningState": "Created",
          "metricId": "db1ab6f0-4769-4b27-930e-01e2ef9c123c:testnamespacemgmt431",
          "createdAt": "2021-10-25T01:33:20.937Z",
          "updatedAt": "2021-10-25T01:33:20.937Z",
          "serviceBusEndpoint": "https://testnamespacemgmt431.servicebus.windows.net:443/",
          "status": "Activating"
        }
      }
    },
    {
      "RequestUri": "https://management.azure.com/subscriptions/db1ab6f0-4769-4b27-930e-01e2ef9c123c/resourceGroups/testeventhubRG-6699/providers/Microsoft.EventHub/namespaces/testnamespacemgmt431?api-version=2021-06-01-preview",
      "RequestMethod": "GET",
      "RequestHeaders": {
        "Authorization": "Sanitized",
        "User-Agent": "azsdk-net-ResourceManager/1.0.0-beta.4 (.NET Framework 4.8.4300.0; Microsoft Windows 10.0.19043 )",
        "x-ms-client-request-id": "1f791fb348d5bdb7e5e7d144786a87a7",
        "x-ms-return-client-request-id": "true"
      },
      "RequestBody": null,
      "StatusCode": 200,
      "ResponseHeaders": {
        "Cache-Control": "no-cache",
        "Content-Length": "734",
        "Content-Type": "application/json; charset=utf-8",
        "Date": "Mon, 25 Oct 2021 01:33:33 GMT",
        "Expires": "-1",
        "Pragma": "no-cache",
        "Server": [
          "Service-Bus-Resource-Provider/DM2",
          "Microsoft-HTTPAPI/2.0"
        ],
        "Server-SB": "Service-Bus-Resource-Provider/DM2",
        "Strict-Transport-Security": "max-age=31536000; includeSubDomains",
        "X-Content-Type-Options": "nosniff",
        "x-ms-client-request-id": "1f791fb348d5bdb7e5e7d144786a87a7",
        "x-ms-correlation-request-id": "c5e25e52-2183-42b3-b7cc-a60bd5c35976",
        "x-ms-ratelimit-remaining-subscription-reads": "11981",
        "x-ms-request-id": "88a673eb-2abd-4aff-b7a6-c89d4bf98fc4_M1DM2_M1DM2",
        "x-ms-routing-request-id": "SOUTHEASTASIA:20211025T013334Z:c5e25e52-2183-42b3-b7cc-a60bd5c35976"
      },
      "ResponseBody": {
        "sku": {
          "name": "Standard",
          "tier": "Standard",
          "capacity": 1
        },
        "id": "/subscriptions/db1ab6f0-4769-4b27-930e-01e2ef9c123c/resourceGroups/testeventhubRG-6699/providers/Microsoft.EventHub/namespaces/testnamespacemgmt431",
        "name": "testnamespacemgmt431",
        "type": "Microsoft.EventHub/Namespaces",
        "location": "East US 2",
        "tags": {},
        "properties": {
          "disableLocalAuth": false,
          "zoneRedundant": false,
          "isAutoInflateEnabled": false,
          "maximumThroughputUnits": 0,
          "kafkaEnabled": true,
          "provisioningState": "Created",
          "metricId": "db1ab6f0-4769-4b27-930e-01e2ef9c123c:testnamespacemgmt431",
          "createdAt": "2021-10-25T01:33:20.937Z",
          "updatedAt": "2021-10-25T01:33:20.937Z",
          "serviceBusEndpoint": "https://testnamespacemgmt431.servicebus.windows.net:443/",
          "status": "Activating"
        }
      }
    },
    {
      "RequestUri": "https://management.azure.com/subscriptions/db1ab6f0-4769-4b27-930e-01e2ef9c123c/resourceGroups/testeventhubRG-6699/providers/Microsoft.EventHub/namespaces/testnamespacemgmt431?api-version=2021-06-01-preview",
      "RequestMethod": "GET",
      "RequestHeaders": {
        "Authorization": "Sanitized",
        "User-Agent": "azsdk-net-ResourceManager/1.0.0-beta.4 (.NET Framework 4.8.4300.0; Microsoft Windows 10.0.19043 )",
        "x-ms-client-request-id": "151205deecd49adc97f554a834535c61",
        "x-ms-return-client-request-id": "true"
      },
      "RequestBody": null,
      "StatusCode": 200,
      "ResponseHeaders": {
        "Cache-Control": "no-cache",
        "Content-Length": "734",
        "Content-Type": "application/json; charset=utf-8",
        "Date": "Mon, 25 Oct 2021 01:33:36 GMT",
        "Expires": "-1",
        "Pragma": "no-cache",
        "Server": [
          "Service-Bus-Resource-Provider/CH3",
          "Microsoft-HTTPAPI/2.0"
        ],
        "Server-SB": "Service-Bus-Resource-Provider/CH3",
        "Strict-Transport-Security": "max-age=31536000; includeSubDomains",
        "X-Content-Type-Options": "nosniff",
        "x-ms-client-request-id": "151205deecd49adc97f554a834535c61",
        "x-ms-correlation-request-id": "a1749fb7-b6f3-4b3c-a327-f469e6626fb0",
        "x-ms-ratelimit-remaining-subscription-reads": "11980",
        "x-ms-request-id": "4427e936-8971-4723-9066-b0c540fd1317_M3CH3_M3CH3",
        "x-ms-routing-request-id": "SOUTHEASTASIA:20211025T013337Z:a1749fb7-b6f3-4b3c-a327-f469e6626fb0"
      },
      "ResponseBody": {
        "sku": {
          "name": "Standard",
          "tier": "Standard",
          "capacity": 1
        },
        "id": "/subscriptions/db1ab6f0-4769-4b27-930e-01e2ef9c123c/resourceGroups/testeventhubRG-6699/providers/Microsoft.EventHub/namespaces/testnamespacemgmt431",
        "name": "testnamespacemgmt431",
        "type": "Microsoft.EventHub/Namespaces",
        "location": "East US 2",
        "tags": {},
        "properties": {
          "disableLocalAuth": false,
          "zoneRedundant": false,
          "isAutoInflateEnabled": false,
          "maximumThroughputUnits": 0,
          "kafkaEnabled": true,
          "provisioningState": "Created",
          "metricId": "db1ab6f0-4769-4b27-930e-01e2ef9c123c:testnamespacemgmt431",
          "createdAt": "2021-10-25T01:33:20.937Z",
          "updatedAt": "2021-10-25T01:33:20.937Z",
          "serviceBusEndpoint": "https://testnamespacemgmt431.servicebus.windows.net:443/",
          "status": "Activating"
        }
      }
    },
    {
      "RequestUri": "https://management.azure.com/subscriptions/db1ab6f0-4769-4b27-930e-01e2ef9c123c/resourceGroups/testeventhubRG-6699/providers/Microsoft.EventHub/namespaces/testnamespacemgmt431?api-version=2021-06-01-preview",
      "RequestMethod": "GET",
      "RequestHeaders": {
        "Authorization": "Sanitized",
        "User-Agent": "azsdk-net-ResourceManager/1.0.0-beta.4 (.NET Framework 4.8.4300.0; Microsoft Windows 10.0.19043 )",
        "x-ms-client-request-id": "162cc3271c38e040eacec3f634824351",
        "x-ms-return-client-request-id": "true"
      },
      "RequestBody": null,
      "StatusCode": 200,
      "ResponseHeaders": {
        "Cache-Control": "no-cache",
        "Content-Length": "734",
        "Content-Type": "application/json; charset=utf-8",
        "Date": "Mon, 25 Oct 2021 01:33:38 GMT",
        "Expires": "-1",
        "Pragma": "no-cache",
        "Server": [
          "Service-Bus-Resource-Provider/CH3",
          "Microsoft-HTTPAPI/2.0"
        ],
        "Server-SB": "Service-Bus-Resource-Provider/CH3",
        "Strict-Transport-Security": "max-age=31536000; includeSubDomains",
        "X-Content-Type-Options": "nosniff",
        "x-ms-client-request-id": "162cc3271c38e040eacec3f634824351",
        "x-ms-correlation-request-id": "16b9b2ca-a3d4-442c-bd16-fa465b75547e",
        "x-ms-ratelimit-remaining-subscription-reads": "11979",
        "x-ms-request-id": "238b8248-bb65-414a-8483-fd112eb7e5ee_M1CH3_M1CH3",
        "x-ms-routing-request-id": "SOUTHEASTASIA:20211025T013339Z:16b9b2ca-a3d4-442c-bd16-fa465b75547e"
      },
      "ResponseBody": {
        "sku": {
          "name": "Standard",
          "tier": "Standard",
          "capacity": 1
        },
        "id": "/subscriptions/db1ab6f0-4769-4b27-930e-01e2ef9c123c/resourceGroups/testeventhubRG-6699/providers/Microsoft.EventHub/namespaces/testnamespacemgmt431",
        "name": "testnamespacemgmt431",
        "type": "Microsoft.EventHub/Namespaces",
        "location": "East US 2",
        "tags": {},
        "properties": {
          "disableLocalAuth": false,
          "zoneRedundant": false,
          "isAutoInflateEnabled": false,
          "maximumThroughputUnits": 0,
          "kafkaEnabled": true,
          "provisioningState": "Created",
          "metricId": "db1ab6f0-4769-4b27-930e-01e2ef9c123c:testnamespacemgmt431",
          "createdAt": "2021-10-25T01:33:20.937Z",
          "updatedAt": "2021-10-25T01:33:20.937Z",
          "serviceBusEndpoint": "https://testnamespacemgmt431.servicebus.windows.net:443/",
          "status": "Activating"
        }
      }
    },
    {
      "RequestUri": "https://management.azure.com/subscriptions/db1ab6f0-4769-4b27-930e-01e2ef9c123c/resourceGroups/testeventhubRG-6699/providers/Microsoft.EventHub/namespaces/testnamespacemgmt431?api-version=2021-06-01-preview",
      "RequestMethod": "GET",
      "RequestHeaders": {
        "Authorization": "Sanitized",
        "User-Agent": "azsdk-net-ResourceManager/1.0.0-beta.4 (.NET Framework 4.8.4300.0; Microsoft Windows 10.0.19043 )",
        "x-ms-client-request-id": "e56bd23e6485c73742df88e0f40f8991",
        "x-ms-return-client-request-id": "true"
      },
      "RequestBody": null,
      "StatusCode": 200,
      "ResponseHeaders": {
        "Cache-Control": "no-cache",
        "Content-Length": "734",
        "Content-Type": "application/json; charset=utf-8",
        "Date": "Mon, 25 Oct 2021 01:33:40 GMT",
        "Expires": "-1",
        "Pragma": "no-cache",
        "Server": [
          "Service-Bus-Resource-Provider/CH3",
          "Microsoft-HTTPAPI/2.0"
        ],
        "Server-SB": "Service-Bus-Resource-Provider/CH3",
        "Strict-Transport-Security": "max-age=31536000; includeSubDomains",
        "X-Content-Type-Options": "nosniff",
        "x-ms-client-request-id": "e56bd23e6485c73742df88e0f40f8991",
        "x-ms-correlation-request-id": "d759a96d-8c43-4eed-a671-b3582979f37f",
        "x-ms-ratelimit-remaining-subscription-reads": "11978",
        "x-ms-request-id": "c5b26649-6720-4abd-9a8a-73835ced23a6_M9CH3_M9CH3",
        "x-ms-routing-request-id": "SOUTHEASTASIA:20211025T013341Z:d759a96d-8c43-4eed-a671-b3582979f37f"
      },
      "ResponseBody": {
        "sku": {
          "name": "Standard",
          "tier": "Standard",
          "capacity": 1
        },
        "id": "/subscriptions/db1ab6f0-4769-4b27-930e-01e2ef9c123c/resourceGroups/testeventhubRG-6699/providers/Microsoft.EventHub/namespaces/testnamespacemgmt431",
        "name": "testnamespacemgmt431",
        "type": "Microsoft.EventHub/Namespaces",
        "location": "East US 2",
        "tags": {},
        "properties": {
          "disableLocalAuth": false,
          "zoneRedundant": false,
          "isAutoInflateEnabled": false,
          "maximumThroughputUnits": 0,
          "kafkaEnabled": true,
          "provisioningState": "Created",
          "metricId": "db1ab6f0-4769-4b27-930e-01e2ef9c123c:testnamespacemgmt431",
          "createdAt": "2021-10-25T01:33:20.937Z",
          "updatedAt": "2021-10-25T01:33:20.937Z",
          "serviceBusEndpoint": "https://testnamespacemgmt431.servicebus.windows.net:443/",
          "status": "Activating"
        }
      }
    },
    {
      "RequestUri": "https://management.azure.com/subscriptions/db1ab6f0-4769-4b27-930e-01e2ef9c123c/resourceGroups/testeventhubRG-6699/providers/Microsoft.EventHub/namespaces/testnamespacemgmt431?api-version=2021-06-01-preview",
      "RequestMethod": "GET",
      "RequestHeaders": {
        "Authorization": "Sanitized",
        "User-Agent": "azsdk-net-ResourceManager/1.0.0-beta.4 (.NET Framework 4.8.4300.0; Microsoft Windows 10.0.19043 )",
        "x-ms-client-request-id": "b51d708a703ec26ec5312b0529e66515",
        "x-ms-return-client-request-id": "true"
      },
      "RequestBody": null,
      "StatusCode": 200,
      "ResponseHeaders": {
        "Cache-Control": "no-cache",
        "Content-Length": "734",
        "Content-Type": "application/json; charset=utf-8",
        "Date": "Mon, 25 Oct 2021 01:33:42 GMT",
        "Expires": "-1",
        "Pragma": "no-cache",
        "Server": [
          "Service-Bus-Resource-Provider/CH3",
          "Microsoft-HTTPAPI/2.0"
        ],
        "Server-SB": "Service-Bus-Resource-Provider/CH3",
        "Strict-Transport-Security": "max-age=31536000; includeSubDomains",
        "X-Content-Type-Options": "nosniff",
        "x-ms-client-request-id": "b51d708a703ec26ec5312b0529e66515",
        "x-ms-correlation-request-id": "bdec56d3-6429-46d6-8ff3-88065e691629",
        "x-ms-ratelimit-remaining-subscription-reads": "11977",
        "x-ms-request-id": "f45e5004-a6b7-4a3c-a519-0bd2a7331822_M3CH3_M3CH3",
        "x-ms-routing-request-id": "SOUTHEASTASIA:20211025T013343Z:bdec56d3-6429-46d6-8ff3-88065e691629"
      },
      "ResponseBody": {
        "sku": {
          "name": "Standard",
          "tier": "Standard",
          "capacity": 1
        },
        "id": "/subscriptions/db1ab6f0-4769-4b27-930e-01e2ef9c123c/resourceGroups/testeventhubRG-6699/providers/Microsoft.EventHub/namespaces/testnamespacemgmt431",
        "name": "testnamespacemgmt431",
        "type": "Microsoft.EventHub/Namespaces",
        "location": "East US 2",
        "tags": {},
        "properties": {
          "disableLocalAuth": false,
          "zoneRedundant": false,
          "isAutoInflateEnabled": false,
          "maximumThroughputUnits": 0,
          "kafkaEnabled": true,
          "provisioningState": "Created",
          "metricId": "db1ab6f0-4769-4b27-930e-01e2ef9c123c:testnamespacemgmt431",
          "createdAt": "2021-10-25T01:33:20.937Z",
          "updatedAt": "2021-10-25T01:33:20.937Z",
          "serviceBusEndpoint": "https://testnamespacemgmt431.servicebus.windows.net:443/",
          "status": "Activating"
        }
      }
    },
    {
      "RequestUri": "https://management.azure.com/subscriptions/db1ab6f0-4769-4b27-930e-01e2ef9c123c/resourceGroups/testeventhubRG-6699/providers/Microsoft.EventHub/namespaces/testnamespacemgmt431?api-version=2021-06-01-preview",
      "RequestMethod": "GET",
      "RequestHeaders": {
        "Authorization": "Sanitized",
        "User-Agent": "azsdk-net-ResourceManager/1.0.0-beta.4 (.NET Framework 4.8.4300.0; Microsoft Windows 10.0.19043 )",
        "x-ms-client-request-id": "616902b276e8c2dc8c64d459935fecdb",
        "x-ms-return-client-request-id": "true"
      },
      "RequestBody": null,
      "StatusCode": 200,
      "ResponseHeaders": {
        "Cache-Control": "no-cache",
        "Content-Length": "734",
        "Content-Type": "application/json; charset=utf-8",
        "Date": "Mon, 25 Oct 2021 01:33:44 GMT",
        "Expires": "-1",
        "Pragma": "no-cache",
        "Server": [
          "Service-Bus-Resource-Provider/CH3",
          "Microsoft-HTTPAPI/2.0"
        ],
        "Server-SB": "Service-Bus-Resource-Provider/CH3",
        "Strict-Transport-Security": "max-age=31536000; includeSubDomains",
        "X-Content-Type-Options": "nosniff",
        "x-ms-client-request-id": "616902b276e8c2dc8c64d459935fecdb",
        "x-ms-correlation-request-id": "d0bfa159-b11d-43b7-b3ba-ccdc8c7cbba1",
        "x-ms-ratelimit-remaining-subscription-reads": "11976",
        "x-ms-request-id": "ab0d4beb-3be4-4a6b-8d94-ee4c1066b974_M6CH3_M6CH3",
        "x-ms-routing-request-id": "SOUTHEASTASIA:20211025T013345Z:d0bfa159-b11d-43b7-b3ba-ccdc8c7cbba1"
      },
      "ResponseBody": {
        "sku": {
          "name": "Standard",
          "tier": "Standard",
          "capacity": 1
        },
        "id": "/subscriptions/db1ab6f0-4769-4b27-930e-01e2ef9c123c/resourceGroups/testeventhubRG-6699/providers/Microsoft.EventHub/namespaces/testnamespacemgmt431",
        "name": "testnamespacemgmt431",
        "type": "Microsoft.EventHub/Namespaces",
        "location": "East US 2",
        "tags": {},
        "properties": {
          "disableLocalAuth": false,
          "zoneRedundant": false,
          "isAutoInflateEnabled": false,
          "maximumThroughputUnits": 0,
          "kafkaEnabled": true,
          "provisioningState": "Created",
          "metricId": "db1ab6f0-4769-4b27-930e-01e2ef9c123c:testnamespacemgmt431",
          "createdAt": "2021-10-25T01:33:20.937Z",
          "updatedAt": "2021-10-25T01:33:20.937Z",
          "serviceBusEndpoint": "https://testnamespacemgmt431.servicebus.windows.net:443/",
          "status": "Activating"
        }
      }
    },
    {
      "RequestUri": "https://management.azure.com/subscriptions/db1ab6f0-4769-4b27-930e-01e2ef9c123c/resourceGroups/testeventhubRG-6699/providers/Microsoft.EventHub/namespaces/testnamespacemgmt431?api-version=2021-06-01-preview",
      "RequestMethod": "GET",
      "RequestHeaders": {
        "Authorization": "Sanitized",
        "User-Agent": "azsdk-net-ResourceManager/1.0.0-beta.4 (.NET Framework 4.8.4300.0; Microsoft Windows 10.0.19043 )",
        "x-ms-client-request-id": "c46b32458e64ce1364a91f5339319e5b",
        "x-ms-return-client-request-id": "true"
      },
      "RequestBody": null,
      "StatusCode": 200,
      "ResponseHeaders": {
        "Cache-Control": "no-cache",
        "Content-Length": "734",
        "Content-Type": "application/json; charset=utf-8",
        "Date": "Mon, 25 Oct 2021 01:33:46 GMT",
        "Expires": "-1",
        "Pragma": "no-cache",
        "Server": [
          "Service-Bus-Resource-Provider/CH3",
          "Microsoft-HTTPAPI/2.0"
        ],
        "Server-SB": "Service-Bus-Resource-Provider/CH3",
        "Strict-Transport-Security": "max-age=31536000; includeSubDomains",
        "X-Content-Type-Options": "nosniff",
        "x-ms-client-request-id": "c46b32458e64ce1364a91f5339319e5b",
        "x-ms-correlation-request-id": "8949b078-286d-43b6-a471-2607f4452e11",
        "x-ms-ratelimit-remaining-subscription-reads": "11975",
        "x-ms-request-id": "bf6a2600-fab7-4edd-a500-991821542141_M6CH3_M6CH3",
        "x-ms-routing-request-id": "SOUTHEASTASIA:20211025T013347Z:8949b078-286d-43b6-a471-2607f4452e11"
      },
      "ResponseBody": {
        "sku": {
          "name": "Standard",
          "tier": "Standard",
          "capacity": 1
        },
        "id": "/subscriptions/db1ab6f0-4769-4b27-930e-01e2ef9c123c/resourceGroups/testeventhubRG-6699/providers/Microsoft.EventHub/namespaces/testnamespacemgmt431",
        "name": "testnamespacemgmt431",
        "type": "Microsoft.EventHub/Namespaces",
        "location": "East US 2",
        "tags": {},
        "properties": {
          "disableLocalAuth": false,
          "zoneRedundant": false,
          "isAutoInflateEnabled": false,
          "maximumThroughputUnits": 0,
          "kafkaEnabled": true,
          "provisioningState": "Created",
          "metricId": "db1ab6f0-4769-4b27-930e-01e2ef9c123c:testnamespacemgmt431",
          "createdAt": "2021-10-25T01:33:20.937Z",
          "updatedAt": "2021-10-25T01:33:20.937Z",
          "serviceBusEndpoint": "https://testnamespacemgmt431.servicebus.windows.net:443/",
          "status": "Activating"
        }
      }
    },
    {
      "RequestUri": "https://management.azure.com/subscriptions/db1ab6f0-4769-4b27-930e-01e2ef9c123c/resourceGroups/testeventhubRG-6699/providers/Microsoft.EventHub/namespaces/testnamespacemgmt431?api-version=2021-06-01-preview",
      "RequestMethod": "GET",
      "RequestHeaders": {
        "Authorization": "Sanitized",
        "User-Agent": "azsdk-net-ResourceManager/1.0.0-beta.4 (.NET Framework 4.8.4300.0; Microsoft Windows 10.0.19043 )",
        "x-ms-client-request-id": "f12e737928a513a9945b29d99b142e65",
        "x-ms-return-client-request-id": "true"
      },
      "RequestBody": null,
      "StatusCode": 200,
      "ResponseHeaders": {
        "Cache-Control": "no-cache",
        "Content-Length": "734",
        "Content-Type": "application/json; charset=utf-8",
        "Date": "Mon, 25 Oct 2021 01:33:48 GMT",
        "Expires": "-1",
        "Pragma": "no-cache",
        "Server": [
          "Service-Bus-Resource-Provider/CH3",
          "Microsoft-HTTPAPI/2.0"
        ],
        "Server-SB": "Service-Bus-Resource-Provider/CH3",
        "Strict-Transport-Security": "max-age=31536000; includeSubDomains",
        "X-Content-Type-Options": "nosniff",
        "x-ms-client-request-id": "f12e737928a513a9945b29d99b142e65",
        "x-ms-correlation-request-id": "1c5532b4-36b9-4172-b7f2-8a8b48f16844",
        "x-ms-ratelimit-remaining-subscription-reads": "11974",
        "x-ms-request-id": "a66e8c12-08c7-4e7f-abd7-86f5aac983f1_M9CH3_M9CH3",
        "x-ms-routing-request-id": "SOUTHEASTASIA:20211025T013349Z:1c5532b4-36b9-4172-b7f2-8a8b48f16844"
      },
      "ResponseBody": {
        "sku": {
          "name": "Standard",
          "tier": "Standard",
          "capacity": 1
        },
        "id": "/subscriptions/db1ab6f0-4769-4b27-930e-01e2ef9c123c/resourceGroups/testeventhubRG-6699/providers/Microsoft.EventHub/namespaces/testnamespacemgmt431",
        "name": "testnamespacemgmt431",
        "type": "Microsoft.EventHub/Namespaces",
        "location": "East US 2",
        "tags": {},
        "properties": {
          "disableLocalAuth": false,
          "zoneRedundant": false,
          "isAutoInflateEnabled": false,
          "maximumThroughputUnits": 0,
          "kafkaEnabled": true,
          "provisioningState": "Created",
          "metricId": "db1ab6f0-4769-4b27-930e-01e2ef9c123c:testnamespacemgmt431",
          "createdAt": "2021-10-25T01:33:20.937Z",
          "updatedAt": "2021-10-25T01:33:20.937Z",
          "serviceBusEndpoint": "https://testnamespacemgmt431.servicebus.windows.net:443/",
          "status": "Activating"
        }
      }
    },
    {
      "RequestUri": "https://management.azure.com/subscriptions/db1ab6f0-4769-4b27-930e-01e2ef9c123c/resourceGroups/testeventhubRG-6699/providers/Microsoft.EventHub/namespaces/testnamespacemgmt431?api-version=2021-06-01-preview",
      "RequestMethod": "GET",
      "RequestHeaders": {
        "Authorization": "Sanitized",
        "User-Agent": "azsdk-net-ResourceManager/1.0.0-beta.4 (.NET Framework 4.8.4300.0; Microsoft Windows 10.0.19043 )",
        "x-ms-client-request-id": "f6c04f45a07a23b0ef9afc3f5788885a",
        "x-ms-return-client-request-id": "true"
      },
      "RequestBody": null,
      "StatusCode": 200,
      "ResponseHeaders": {
        "Cache-Control": "no-cache",
        "Content-Length": "734",
        "Content-Type": "application/json; charset=utf-8",
        "Date": "Mon, 25 Oct 2021 01:33:49 GMT",
        "Expires": "-1",
        "Pragma": "no-cache",
        "Server": [
          "Service-Bus-Resource-Provider/CH3",
          "Microsoft-HTTPAPI/2.0"
        ],
        "Server-SB": "Service-Bus-Resource-Provider/CH3",
        "Strict-Transport-Security": "max-age=31536000; includeSubDomains",
        "X-Content-Type-Options": "nosniff",
        "x-ms-client-request-id": "f6c04f45a07a23b0ef9afc3f5788885a",
        "x-ms-correlation-request-id": "40553358-b4cc-43ed-8ed8-2f1ed050ba50",
        "x-ms-ratelimit-remaining-subscription-reads": "11973",
        "x-ms-request-id": "a4ce848b-2c29-496a-982c-831faa59ceef_M1CH3_M1CH3",
        "x-ms-routing-request-id": "SOUTHEASTASIA:20211025T013350Z:40553358-b4cc-43ed-8ed8-2f1ed050ba50"
      },
      "ResponseBody": {
        "sku": {
          "name": "Standard",
          "tier": "Standard",
          "capacity": 1
        },
        "id": "/subscriptions/db1ab6f0-4769-4b27-930e-01e2ef9c123c/resourceGroups/testeventhubRG-6699/providers/Microsoft.EventHub/namespaces/testnamespacemgmt431",
        "name": "testnamespacemgmt431",
        "type": "Microsoft.EventHub/Namespaces",
        "location": "East US 2",
        "tags": {},
        "properties": {
          "disableLocalAuth": false,
          "zoneRedundant": false,
          "isAutoInflateEnabled": false,
          "maximumThroughputUnits": 0,
          "kafkaEnabled": true,
          "provisioningState": "Created",
          "metricId": "db1ab6f0-4769-4b27-930e-01e2ef9c123c:testnamespacemgmt431",
          "createdAt": "2021-10-25T01:33:20.937Z",
          "updatedAt": "2021-10-25T01:33:20.937Z",
          "serviceBusEndpoint": "https://testnamespacemgmt431.servicebus.windows.net:443/",
          "status": "Activating"
        }
      }
    },
    {
      "RequestUri": "https://management.azure.com/subscriptions/db1ab6f0-4769-4b27-930e-01e2ef9c123c/resourceGroups/testeventhubRG-6699/providers/Microsoft.EventHub/namespaces/testnamespacemgmt431?api-version=2021-06-01-preview",
      "RequestMethod": "GET",
      "RequestHeaders": {
        "Authorization": "Sanitized",
        "User-Agent": "azsdk-net-ResourceManager/1.0.0-beta.4 (.NET Framework 4.8.4300.0; Microsoft Windows 10.0.19043 )",
        "x-ms-client-request-id": "20df78c6fb311d35895830096539324f",
        "x-ms-return-client-request-id": "true"
      },
      "RequestBody": null,
      "StatusCode": 200,
      "ResponseHeaders": {
        "Cache-Control": "no-cache",
        "Content-Length": "734",
        "Content-Type": "application/json; charset=utf-8",
        "Date": "Mon, 25 Oct 2021 01:33:51 GMT",
        "Expires": "-1",
        "Pragma": "no-cache",
        "Server": [
          "Service-Bus-Resource-Provider/CH3",
          "Microsoft-HTTPAPI/2.0"
        ],
        "Server-SB": "Service-Bus-Resource-Provider/CH3",
        "Strict-Transport-Security": "max-age=31536000; includeSubDomains",
        "X-Content-Type-Options": "nosniff",
        "x-ms-client-request-id": "20df78c6fb311d35895830096539324f",
        "x-ms-correlation-request-id": "36bd2565-5305-4b36-89d2-5356ababc49c",
        "x-ms-ratelimit-remaining-subscription-reads": "11972",
        "x-ms-request-id": "9f5805c6-b126-42ea-b521-a0735c450395_M10CH3_M10CH3",
        "x-ms-routing-request-id": "SOUTHEASTASIA:20211025T013352Z:36bd2565-5305-4b36-89d2-5356ababc49c"
      },
      "ResponseBody": {
        "sku": {
          "name": "Standard",
          "tier": "Standard",
          "capacity": 1
        },
        "id": "/subscriptions/db1ab6f0-4769-4b27-930e-01e2ef9c123c/resourceGroups/testeventhubRG-6699/providers/Microsoft.EventHub/namespaces/testnamespacemgmt431",
        "name": "testnamespacemgmt431",
        "type": "Microsoft.EventHub/Namespaces",
        "location": "East US 2",
        "tags": {},
        "properties": {
          "disableLocalAuth": false,
          "zoneRedundant": false,
          "isAutoInflateEnabled": false,
          "maximumThroughputUnits": 0,
          "kafkaEnabled": true,
          "provisioningState": "Created",
          "metricId": "db1ab6f0-4769-4b27-930e-01e2ef9c123c:testnamespacemgmt431",
          "createdAt": "2021-10-25T01:33:20.937Z",
          "updatedAt": "2021-10-25T01:33:20.937Z",
          "serviceBusEndpoint": "https://testnamespacemgmt431.servicebus.windows.net:443/",
          "status": "Activating"
        }
      }
    },
    {
      "RequestUri": "https://management.azure.com/subscriptions/db1ab6f0-4769-4b27-930e-01e2ef9c123c/resourceGroups/testeventhubRG-6699/providers/Microsoft.EventHub/namespaces/testnamespacemgmt431?api-version=2021-06-01-preview",
      "RequestMethod": "GET",
      "RequestHeaders": {
        "Authorization": "Sanitized",
        "User-Agent": "azsdk-net-ResourceManager/1.0.0-beta.4 (.NET Framework 4.8.4300.0; Microsoft Windows 10.0.19043 )",
        "x-ms-client-request-id": "e90eb97aa771d9e0c20a010a2b69bc0b",
        "x-ms-return-client-request-id": "true"
      },
      "RequestBody": null,
      "StatusCode": 200,
      "ResponseHeaders": {
        "Cache-Control": "no-cache",
        "Content-Length": "734",
        "Content-Type": "application/json; charset=utf-8",
        "Date": "Mon, 25 Oct 2021 01:33:52 GMT",
        "Expires": "-1",
        "Pragma": "no-cache",
        "Server": [
          "Service-Bus-Resource-Provider/CH3",
          "Microsoft-HTTPAPI/2.0"
        ],
        "Server-SB": "Service-Bus-Resource-Provider/CH3",
        "Strict-Transport-Security": "max-age=31536000; includeSubDomains",
        "X-Content-Type-Options": "nosniff",
        "x-ms-client-request-id": "e90eb97aa771d9e0c20a010a2b69bc0b",
        "x-ms-correlation-request-id": "b9344710-a2a4-4845-8f32-1419135f9216",
        "x-ms-ratelimit-remaining-subscription-reads": "11971",
        "x-ms-request-id": "1947196a-479f-4642-8855-0b841dc6e468_M10CH3_M10CH3",
        "x-ms-routing-request-id": "SOUTHEASTASIA:20211025T013353Z:b9344710-a2a4-4845-8f32-1419135f9216"
      },
      "ResponseBody": {
        "sku": {
          "name": "Standard",
          "tier": "Standard",
          "capacity": 1
        },
        "id": "/subscriptions/db1ab6f0-4769-4b27-930e-01e2ef9c123c/resourceGroups/testeventhubRG-6699/providers/Microsoft.EventHub/namespaces/testnamespacemgmt431",
        "name": "testnamespacemgmt431",
        "type": "Microsoft.EventHub/Namespaces",
        "location": "East US 2",
        "tags": {},
        "properties": {
          "disableLocalAuth": false,
          "zoneRedundant": false,
          "isAutoInflateEnabled": false,
          "maximumThroughputUnits": 0,
          "kafkaEnabled": true,
          "provisioningState": "Created",
          "metricId": "db1ab6f0-4769-4b27-930e-01e2ef9c123c:testnamespacemgmt431",
          "createdAt": "2021-10-25T01:33:20.937Z",
          "updatedAt": "2021-10-25T01:33:20.937Z",
          "serviceBusEndpoint": "https://testnamespacemgmt431.servicebus.windows.net:443/",
          "status": "Activating"
        }
      }
    },
    {
      "RequestUri": "https://management.azure.com/subscriptions/db1ab6f0-4769-4b27-930e-01e2ef9c123c/resourceGroups/testeventhubRG-6699/providers/Microsoft.EventHub/namespaces/testnamespacemgmt431?api-version=2021-06-01-preview",
      "RequestMethod": "GET",
      "RequestHeaders": {
        "Authorization": "Sanitized",
        "User-Agent": "azsdk-net-ResourceManager/1.0.0-beta.4 (.NET Framework 4.8.4300.0; Microsoft Windows 10.0.19043 )",
        "x-ms-client-request-id": "2312ced20e354a3419a36d2270a7beb6",
        "x-ms-return-client-request-id": "true"
      },
      "RequestBody": null,
      "StatusCode": 200,
      "ResponseHeaders": {
        "Cache-Control": "no-cache",
        "Content-Length": "734",
        "Content-Type": "application/json; charset=utf-8",
        "Date": "Mon, 25 Oct 2021 01:33:53 GMT",
        "Expires": "-1",
        "Pragma": "no-cache",
        "Server": [
          "Service-Bus-Resource-Provider/CH3",
          "Microsoft-HTTPAPI/2.0"
        ],
        "Server-SB": "Service-Bus-Resource-Provider/CH3",
        "Strict-Transport-Security": "max-age=31536000; includeSubDomains",
        "X-Content-Type-Options": "nosniff",
        "x-ms-client-request-id": "2312ced20e354a3419a36d2270a7beb6",
        "x-ms-correlation-request-id": "c344e93c-5756-46e2-afbc-a1eb6b913588",
        "x-ms-ratelimit-remaining-subscription-reads": "11970",
        "x-ms-request-id": "43c9283e-b7be-4529-8d35-d1717170c07d_M6CH3_M6CH3",
        "x-ms-routing-request-id": "SOUTHEASTASIA:20211025T013354Z:c344e93c-5756-46e2-afbc-a1eb6b913588"
      },
      "ResponseBody": {
        "sku": {
          "name": "Standard",
          "tier": "Standard",
          "capacity": 1
        },
        "id": "/subscriptions/db1ab6f0-4769-4b27-930e-01e2ef9c123c/resourceGroups/testeventhubRG-6699/providers/Microsoft.EventHub/namespaces/testnamespacemgmt431",
        "name": "testnamespacemgmt431",
        "type": "Microsoft.EventHub/Namespaces",
        "location": "East US 2",
        "tags": {},
        "properties": {
          "disableLocalAuth": false,
          "zoneRedundant": false,
          "isAutoInflateEnabled": false,
          "maximumThroughputUnits": 0,
          "kafkaEnabled": true,
          "provisioningState": "Created",
          "metricId": "db1ab6f0-4769-4b27-930e-01e2ef9c123c:testnamespacemgmt431",
          "createdAt": "2021-10-25T01:33:20.937Z",
          "updatedAt": "2021-10-25T01:33:20.937Z",
          "serviceBusEndpoint": "https://testnamespacemgmt431.servicebus.windows.net:443/",
          "status": "Activating"
        }
      }
    },
    {
      "RequestUri": "https://management.azure.com/subscriptions/db1ab6f0-4769-4b27-930e-01e2ef9c123c/resourceGroups/testeventhubRG-6699/providers/Microsoft.EventHub/namespaces/testnamespacemgmt431?api-version=2021-06-01-preview",
      "RequestMethod": "GET",
      "RequestHeaders": {
        "Authorization": "Sanitized",
        "User-Agent": "azsdk-net-ResourceManager/1.0.0-beta.4 (.NET Framework 4.8.4300.0; Microsoft Windows 10.0.19043 )",
        "x-ms-client-request-id": "9dc4ad689e791fe897065d27f92bf11f",
        "x-ms-return-client-request-id": "true"
      },
      "RequestBody": null,
      "StatusCode": 200,
      "ResponseHeaders": {
        "Cache-Control": "no-cache",
        "Content-Length": "734",
        "Content-Type": "application/json; charset=utf-8",
        "Date": "Mon, 25 Oct 2021 01:33:56 GMT",
        "Expires": "-1",
        "Pragma": "no-cache",
        "Server": [
          "Service-Bus-Resource-Provider/CH3",
          "Microsoft-HTTPAPI/2.0"
        ],
        "Server-SB": "Service-Bus-Resource-Provider/CH3",
        "Strict-Transport-Security": "max-age=31536000; includeSubDomains",
        "X-Content-Type-Options": "nosniff",
        "x-ms-client-request-id": "9dc4ad689e791fe897065d27f92bf11f",
        "x-ms-correlation-request-id": "673fa2d7-f32e-4b38-8956-2f01d163d5e6",
        "x-ms-ratelimit-remaining-subscription-reads": "11969",
        "x-ms-request-id": "bea57fa6-e585-4247-bbec-9cb6000f73de_M11CH3_M11CH3",
        "x-ms-routing-request-id": "SOUTHEASTASIA:20211025T013357Z:673fa2d7-f32e-4b38-8956-2f01d163d5e6"
      },
      "ResponseBody": {
        "sku": {
          "name": "Standard",
          "tier": "Standard",
          "capacity": 1
        },
        "id": "/subscriptions/db1ab6f0-4769-4b27-930e-01e2ef9c123c/resourceGroups/testeventhubRG-6699/providers/Microsoft.EventHub/namespaces/testnamespacemgmt431",
        "name": "testnamespacemgmt431",
        "type": "Microsoft.EventHub/Namespaces",
        "location": "East US 2",
        "tags": {},
        "properties": {
          "disableLocalAuth": false,
          "zoneRedundant": false,
          "isAutoInflateEnabled": false,
          "maximumThroughputUnits": 0,
          "kafkaEnabled": true,
          "provisioningState": "Created",
          "metricId": "db1ab6f0-4769-4b27-930e-01e2ef9c123c:testnamespacemgmt431",
          "createdAt": "2021-10-25T01:33:20.937Z",
          "updatedAt": "2021-10-25T01:33:20.937Z",
          "serviceBusEndpoint": "https://testnamespacemgmt431.servicebus.windows.net:443/",
          "status": "Activating"
        }
      }
    },
    {
      "RequestUri": "https://management.azure.com/subscriptions/db1ab6f0-4769-4b27-930e-01e2ef9c123c/resourceGroups/testeventhubRG-6699/providers/Microsoft.EventHub/namespaces/testnamespacemgmt431?api-version=2021-06-01-preview",
      "RequestMethod": "GET",
      "RequestHeaders": {
        "Authorization": "Sanitized",
        "User-Agent": "azsdk-net-ResourceManager/1.0.0-beta.4 (.NET Framework 4.8.4300.0; Microsoft Windows 10.0.19043 )",
        "x-ms-client-request-id": "9636249b0f266b1a85c4d0ce39bd681b",
        "x-ms-return-client-request-id": "true"
      },
      "RequestBody": null,
      "StatusCode": 200,
      "ResponseHeaders": {
        "Cache-Control": "no-cache",
        "Content-Length": "734",
        "Content-Type": "application/json; charset=utf-8",
        "Date": "Mon, 25 Oct 2021 01:33:58 GMT",
        "Expires": "-1",
        "Pragma": "no-cache",
        "Server": [
          "Service-Bus-Resource-Provider/CH3",
          "Microsoft-HTTPAPI/2.0"
        ],
        "Server-SB": "Service-Bus-Resource-Provider/CH3",
        "Strict-Transport-Security": "max-age=31536000; includeSubDomains",
        "X-Content-Type-Options": "nosniff",
        "x-ms-client-request-id": "9636249b0f266b1a85c4d0ce39bd681b",
        "x-ms-correlation-request-id": "02524bf8-7fc2-4fc1-a115-31e8f38e0e8f",
        "x-ms-ratelimit-remaining-subscription-reads": "11968",
        "x-ms-request-id": "290eea8a-5b5d-4cac-9436-419ba8f3d876_M7CH3_M7CH3",
        "x-ms-routing-request-id": "SOUTHEASTASIA:20211025T013359Z:02524bf8-7fc2-4fc1-a115-31e8f38e0e8f"
      },
      "ResponseBody": {
        "sku": {
          "name": "Standard",
          "tier": "Standard",
          "capacity": 1
        },
        "id": "/subscriptions/db1ab6f0-4769-4b27-930e-01e2ef9c123c/resourceGroups/testeventhubRG-6699/providers/Microsoft.EventHub/namespaces/testnamespacemgmt431",
        "name": "testnamespacemgmt431",
        "type": "Microsoft.EventHub/Namespaces",
        "location": "East US 2",
        "tags": {},
        "properties": {
          "disableLocalAuth": false,
          "zoneRedundant": false,
          "isAutoInflateEnabled": false,
          "maximumThroughputUnits": 0,
          "kafkaEnabled": true,
          "provisioningState": "Created",
          "metricId": "db1ab6f0-4769-4b27-930e-01e2ef9c123c:testnamespacemgmt431",
          "createdAt": "2021-10-25T01:33:20.937Z",
          "updatedAt": "2021-10-25T01:33:20.937Z",
          "serviceBusEndpoint": "https://testnamespacemgmt431.servicebus.windows.net:443/",
          "status": "Activating"
        }
      }
    },
    {
      "RequestUri": "https://management.azure.com/subscriptions/db1ab6f0-4769-4b27-930e-01e2ef9c123c/resourceGroups/testeventhubRG-6699/providers/Microsoft.EventHub/namespaces/testnamespacemgmt431?api-version=2021-06-01-preview",
      "RequestMethod": "GET",
      "RequestHeaders": {
        "Authorization": "Sanitized",
        "User-Agent": "azsdk-net-ResourceManager/1.0.0-beta.4 (.NET Framework 4.8.4300.0; Microsoft Windows 10.0.19043 )",
        "x-ms-client-request-id": "7ea24a4b1fa43392e5f38b2eb00c50ee",
        "x-ms-return-client-request-id": "true"
      },
      "RequestBody": null,
      "StatusCode": 200,
      "ResponseHeaders": {
        "Cache-Control": "no-cache",
        "Content-Length": "734",
        "Content-Type": "application/json; charset=utf-8",
        "Date": "Mon, 25 Oct 2021 01:34:00 GMT",
        "Expires": "-1",
        "Pragma": "no-cache",
        "Server": [
          "Service-Bus-Resource-Provider/CH3",
          "Microsoft-HTTPAPI/2.0"
        ],
        "Server-SB": "Service-Bus-Resource-Provider/CH3",
        "Strict-Transport-Security": "max-age=31536000; includeSubDomains",
        "X-Content-Type-Options": "nosniff",
        "x-ms-client-request-id": "7ea24a4b1fa43392e5f38b2eb00c50ee",
        "x-ms-correlation-request-id": "dd6d0dfa-c361-4d0a-823b-26a8f776db4a",
        "x-ms-ratelimit-remaining-subscription-reads": "11967",
        "x-ms-request-id": "f3c6090a-4170-4cdb-a89f-08129163ad58_M5CH3_M5CH3",
        "x-ms-routing-request-id": "SOUTHEASTASIA:20211025T013401Z:dd6d0dfa-c361-4d0a-823b-26a8f776db4a"
      },
      "ResponseBody": {
        "sku": {
          "name": "Standard",
          "tier": "Standard",
          "capacity": 1
        },
        "id": "/subscriptions/db1ab6f0-4769-4b27-930e-01e2ef9c123c/resourceGroups/testeventhubRG-6699/providers/Microsoft.EventHub/namespaces/testnamespacemgmt431",
        "name": "testnamespacemgmt431",
        "type": "Microsoft.EventHub/Namespaces",
        "location": "East US 2",
        "tags": {},
        "properties": {
          "disableLocalAuth": false,
          "zoneRedundant": false,
          "isAutoInflateEnabled": false,
          "maximumThroughputUnits": 0,
          "kafkaEnabled": true,
          "provisioningState": "Created",
          "metricId": "db1ab6f0-4769-4b27-930e-01e2ef9c123c:testnamespacemgmt431",
          "createdAt": "2021-10-25T01:33:20.937Z",
          "updatedAt": "2021-10-25T01:33:20.937Z",
          "serviceBusEndpoint": "https://testnamespacemgmt431.servicebus.windows.net:443/",
          "status": "Activating"
        }
      }
    },
    {
      "RequestUri": "https://management.azure.com/subscriptions/db1ab6f0-4769-4b27-930e-01e2ef9c123c/resourceGroups/testeventhubRG-6699/providers/Microsoft.EventHub/namespaces/testnamespacemgmt431?api-version=2021-06-01-preview",
      "RequestMethod": "GET",
      "RequestHeaders": {
        "Authorization": "Sanitized",
        "User-Agent": "azsdk-net-ResourceManager/1.0.0-beta.4 (.NET Framework 4.8.4300.0; Microsoft Windows 10.0.19043 )",
        "x-ms-client-request-id": "4b874eb128705890925917b4ce19e5da",
        "x-ms-return-client-request-id": "true"
      },
      "RequestBody": null,
      "StatusCode": 200,
      "ResponseHeaders": {
        "Cache-Control": "no-cache",
        "Content-Length": "734",
        "Content-Type": "application/json; charset=utf-8",
        "Date": "Mon, 25 Oct 2021 01:34:02 GMT",
        "Expires": "-1",
        "Pragma": "no-cache",
        "Server": [
          "Service-Bus-Resource-Provider/CH3",
          "Microsoft-HTTPAPI/2.0"
        ],
        "Server-SB": "Service-Bus-Resource-Provider/CH3",
        "Strict-Transport-Security": "max-age=31536000; includeSubDomains",
        "X-Content-Type-Options": "nosniff",
        "x-ms-client-request-id": "4b874eb128705890925917b4ce19e5da",
        "x-ms-correlation-request-id": "6623fc53-61ef-43f5-95dc-932c5a7bd712",
        "x-ms-ratelimit-remaining-subscription-reads": "11966",
        "x-ms-request-id": "ea0955bb-bc2f-418b-bb6b-99a0d029212c_M5CH3_M5CH3",
        "x-ms-routing-request-id": "SOUTHEASTASIA:20211025T013403Z:6623fc53-61ef-43f5-95dc-932c5a7bd712"
      },
      "ResponseBody": {
        "sku": {
          "name": "Standard",
          "tier": "Standard",
          "capacity": 1
        },
        "id": "/subscriptions/db1ab6f0-4769-4b27-930e-01e2ef9c123c/resourceGroups/testeventhubRG-6699/providers/Microsoft.EventHub/namespaces/testnamespacemgmt431",
        "name": "testnamespacemgmt431",
        "type": "Microsoft.EventHub/Namespaces",
        "location": "East US 2",
        "tags": {},
        "properties": {
          "disableLocalAuth": false,
          "zoneRedundant": false,
          "isAutoInflateEnabled": false,
          "maximumThroughputUnits": 0,
          "kafkaEnabled": true,
          "provisioningState": "Created",
          "metricId": "db1ab6f0-4769-4b27-930e-01e2ef9c123c:testnamespacemgmt431",
          "createdAt": "2021-10-25T01:33:20.937Z",
          "updatedAt": "2021-10-25T01:33:20.937Z",
          "serviceBusEndpoint": "https://testnamespacemgmt431.servicebus.windows.net:443/",
          "status": "Activating"
        }
      }
    },
    {
      "RequestUri": "https://management.azure.com/subscriptions/db1ab6f0-4769-4b27-930e-01e2ef9c123c/resourceGroups/testeventhubRG-6699/providers/Microsoft.EventHub/namespaces/testnamespacemgmt431?api-version=2021-06-01-preview",
      "RequestMethod": "GET",
      "RequestHeaders": {
        "Authorization": "Sanitized",
        "User-Agent": "azsdk-net-ResourceManager/1.0.0-beta.4 (.NET Framework 4.8.4300.0; Microsoft Windows 10.0.19043 )",
        "x-ms-client-request-id": "aedb429d72887c7a9202b03283ebba79",
        "x-ms-return-client-request-id": "true"
      },
      "RequestBody": null,
      "StatusCode": 200,
      "ResponseHeaders": {
        "Cache-Control": "no-cache",
        "Content-Length": "734",
        "Content-Type": "application/json; charset=utf-8",
        "Date": "Mon, 25 Oct 2021 01:34:03 GMT",
        "Expires": "-1",
        "Pragma": "no-cache",
        "Server": [
          "Service-Bus-Resource-Provider/CH3",
          "Microsoft-HTTPAPI/2.0"
        ],
        "Server-SB": "Service-Bus-Resource-Provider/CH3",
        "Strict-Transport-Security": "max-age=31536000; includeSubDomains",
        "X-Content-Type-Options": "nosniff",
        "x-ms-client-request-id": "aedb429d72887c7a9202b03283ebba79",
        "x-ms-correlation-request-id": "c1c78112-0a77-44a9-80be-2a11e62207e0",
        "x-ms-ratelimit-remaining-subscription-reads": "11965",
        "x-ms-request-id": "6833b43e-ef13-46e0-8bf2-c50c82c20695_M1CH3_M1CH3",
        "x-ms-routing-request-id": "SOUTHEASTASIA:20211025T013404Z:c1c78112-0a77-44a9-80be-2a11e62207e0"
      },
      "ResponseBody": {
        "sku": {
          "name": "Standard",
          "tier": "Standard",
          "capacity": 1
        },
        "id": "/subscriptions/db1ab6f0-4769-4b27-930e-01e2ef9c123c/resourceGroups/testeventhubRG-6699/providers/Microsoft.EventHub/namespaces/testnamespacemgmt431",
        "name": "testnamespacemgmt431",
        "type": "Microsoft.EventHub/Namespaces",
        "location": "East US 2",
        "tags": {},
        "properties": {
          "disableLocalAuth": false,
          "zoneRedundant": false,
          "isAutoInflateEnabled": false,
          "maximumThroughputUnits": 0,
          "kafkaEnabled": true,
          "provisioningState": "Created",
          "metricId": "db1ab6f0-4769-4b27-930e-01e2ef9c123c:testnamespacemgmt431",
          "createdAt": "2021-10-25T01:33:20.937Z",
          "updatedAt": "2021-10-25T01:33:20.937Z",
          "serviceBusEndpoint": "https://testnamespacemgmt431.servicebus.windows.net:443/",
          "status": "Activating"
        }
      }
    },
    {
      "RequestUri": "https://management.azure.com/subscriptions/db1ab6f0-4769-4b27-930e-01e2ef9c123c/resourceGroups/testeventhubRG-6699/providers/Microsoft.EventHub/namespaces/testnamespacemgmt431?api-version=2021-06-01-preview",
      "RequestMethod": "GET",
      "RequestHeaders": {
        "Authorization": "Sanitized",
        "User-Agent": "azsdk-net-ResourceManager/1.0.0-beta.4 (.NET Framework 4.8.4300.0; Microsoft Windows 10.0.19043 )",
        "x-ms-client-request-id": "ea1ce1741d3623aaba49eb4b07de65cc",
        "x-ms-return-client-request-id": "true"
      },
      "RequestBody": null,
      "StatusCode": 200,
      "ResponseHeaders": {
        "Cache-Control": "no-cache",
        "Content-Length": "734",
        "Content-Type": "application/json; charset=utf-8",
        "Date": "Mon, 25 Oct 2021 01:34:05 GMT",
        "Expires": "-1",
        "Pragma": "no-cache",
        "Server": [
          "Service-Bus-Resource-Provider/CH3",
          "Microsoft-HTTPAPI/2.0"
        ],
        "Server-SB": "Service-Bus-Resource-Provider/CH3",
        "Strict-Transport-Security": "max-age=31536000; includeSubDomains",
        "X-Content-Type-Options": "nosniff",
        "x-ms-client-request-id": "ea1ce1741d3623aaba49eb4b07de65cc",
        "x-ms-correlation-request-id": "bbe050e3-80a8-46a4-bb06-b990eb701a2b",
        "x-ms-ratelimit-remaining-subscription-reads": "11964",
        "x-ms-request-id": "206de191-8155-4b37-80dc-6d6d19e86813_M11CH3_M11CH3",
        "x-ms-routing-request-id": "SOUTHEASTASIA:20211025T013406Z:bbe050e3-80a8-46a4-bb06-b990eb701a2b"
      },
      "ResponseBody": {
        "sku": {
          "name": "Standard",
          "tier": "Standard",
          "capacity": 1
        },
        "id": "/subscriptions/db1ab6f0-4769-4b27-930e-01e2ef9c123c/resourceGroups/testeventhubRG-6699/providers/Microsoft.EventHub/namespaces/testnamespacemgmt431",
        "name": "testnamespacemgmt431",
        "type": "Microsoft.EventHub/Namespaces",
        "location": "East US 2",
        "tags": {},
        "properties": {
          "disableLocalAuth": false,
          "zoneRedundant": false,
          "isAutoInflateEnabled": false,
          "maximumThroughputUnits": 0,
          "kafkaEnabled": true,
          "provisioningState": "Created",
          "metricId": "db1ab6f0-4769-4b27-930e-01e2ef9c123c:testnamespacemgmt431",
          "createdAt": "2021-10-25T01:33:20.937Z",
          "updatedAt": "2021-10-25T01:33:20.937Z",
          "serviceBusEndpoint": "https://testnamespacemgmt431.servicebus.windows.net:443/",
          "status": "Activating"
        }
      }
    },
    {
      "RequestUri": "https://management.azure.com/subscriptions/db1ab6f0-4769-4b27-930e-01e2ef9c123c/resourceGroups/testeventhubRG-6699/providers/Microsoft.EventHub/namespaces/testnamespacemgmt431?api-version=2021-06-01-preview",
      "RequestMethod": "GET",
      "RequestHeaders": {
        "Authorization": "Sanitized",
        "User-Agent": "azsdk-net-ResourceManager/1.0.0-beta.4 (.NET Framework 4.8.4300.0; Microsoft Windows 10.0.19043 )",
        "x-ms-client-request-id": "6e90b10da1303f66d40bb96e775dd5a7",
        "x-ms-return-client-request-id": "true"
      },
      "RequestBody": null,
      "StatusCode": 200,
      "ResponseHeaders": {
        "Cache-Control": "no-cache",
        "Content-Length": "731",
        "Content-Type": "application/json; charset=utf-8",
        "Date": "Mon, 25 Oct 2021 01:34:08 GMT",
        "Expires": "-1",
        "Pragma": "no-cache",
        "Server": [
          "Service-Bus-Resource-Provider/CH3",
          "Microsoft-HTTPAPI/2.0"
        ],
        "Server-SB": "Service-Bus-Resource-Provider/CH3",
        "Strict-Transport-Security": "max-age=31536000; includeSubDomains",
        "X-Content-Type-Options": "nosniff",
        "x-ms-client-request-id": "6e90b10da1303f66d40bb96e775dd5a7",
        "x-ms-correlation-request-id": "3ca32327-fa53-43d6-8b48-64c4c9948588",
        "x-ms-ratelimit-remaining-subscription-reads": "11963",
        "x-ms-request-id": "2d0085b2-8dc7-4099-81f5-e597593e86bd_M5CH3_M5CH3",
        "x-ms-routing-request-id": "SOUTHEASTASIA:20211025T013409Z:3ca32327-fa53-43d6-8b48-64c4c9948588"
      },
      "ResponseBody": {
        "sku": {
          "name": "Standard",
          "tier": "Standard",
          "capacity": 1
        },
        "id": "/subscriptions/db1ab6f0-4769-4b27-930e-01e2ef9c123c/resourceGroups/testeventhubRG-6699/providers/Microsoft.EventHub/namespaces/testnamespacemgmt431",
        "name": "testnamespacemgmt431",
        "type": "Microsoft.EventHub/Namespaces",
        "location": "East US 2",
        "tags": {},
        "properties": {
          "disableLocalAuth": false,
          "zoneRedundant": false,
          "isAutoInflateEnabled": false,
          "maximumThroughputUnits": 0,
          "kafkaEnabled": true,
          "provisioningState": "Succeeded",
          "metricId": "db1ab6f0-4769-4b27-930e-01e2ef9c123c:testnamespacemgmt431",
          "createdAt": "2021-10-25T01:33:20.937Z",
          "updatedAt": "2021-10-25T01:34:09.06Z",
          "serviceBusEndpoint": "https://testnamespacemgmt431.servicebus.windows.net:443/",
          "status": "Active"
        }
      }
    },
    {
      "RequestUri": "https://management.azure.com/subscriptions/db1ab6f0-4769-4b27-930e-01e2ef9c123c/resourceGroups/testeventhubRG-6699/providers/Microsoft.EventHub/namespaces/testnamespacemgmt431/eventhubs/eventhub5129?api-version=2021-06-01-preview",
      "RequestMethod": "PUT",
      "RequestHeaders": {
        "Accept": "application/json",
        "Authorization": "Sanitized",
        "Content-Length": "17",
        "Content-Type": "application/json",
        "User-Agent": "azsdk-net-ResourceManager.EventHubs/1.0.0-alpha.20211025.1 (.NET Framework 4.8.4300.0; Microsoft Windows 10.0.19043 )",
        "x-ms-client-request-id": "fced3f9ea3fb9880b8f33e862e74b39d",
        "x-ms-return-client-request-id": "true"
      },
      "RequestBody": {
        "properties": {}
      },
      "StatusCode": 200,
      "ResponseHeaders": {
        "Cache-Control": "no-cache",
        "Content-Length": "463",
        "Content-Type": "application/json; charset=utf-8",
        "Date": "Mon, 25 Oct 2021 01:34:13 GMT",
        "Expires": "-1",
        "Pragma": "no-cache",
        "Server": [
          "Service-Bus-Resource-Provider/CH3",
          "Microsoft-HTTPAPI/2.0"
        ],
        "Server-SB": "Service-Bus-Resource-Provider/CH3",
        "Strict-Transport-Security": "max-age=31536000; includeSubDomains",
        "X-Content-Type-Options": "nosniff",
        "x-ms-client-request-id": "fced3f9ea3fb9880b8f33e862e74b39d",
        "x-ms-correlation-request-id": "dd895ce5-e7e3-4334-8019-2b0684e21560",
        "x-ms-ratelimit-remaining-subscription-writes": "1198",
        "x-ms-request-id": "dcbb0689-e1c9-44ef-b15a-8a6701b5b6ae_M4CH3_M4CH3",
        "x-ms-routing-request-id": "SOUTHEASTASIA:20211025T013413Z:dd895ce5-e7e3-4334-8019-2b0684e21560"
      },
      "ResponseBody": {
        "id": "/subscriptions/db1ab6f0-4769-4b27-930e-01e2ef9c123c/resourceGroups/testeventhubRG-6699/providers/Microsoft.EventHub/namespaces/testnamespacemgmt431/eventhubs/eventhub5129",
        "name": "eventhub5129",
        "type": "Microsoft.EventHub/Namespaces/EventHubs",
        "location": "East US 2",
        "properties": {
          "messageRetentionInDays": 7,
          "partitionCount": 4,
          "status": "Active",
          "createdAt": "2021-10-25T01:34:12.257Z",
          "updatedAt": "2021-10-25T01:34:12.543Z",
          "partitionIds": [
            "0",
            "1",
            "2",
            "3"
          ]
        }
      }
    },
    {
      "RequestUri": "https://management.azure.com/subscriptions/db1ab6f0-4769-4b27-930e-01e2ef9c123c/resourceGroups/testeventhubRG-6699/providers/Microsoft.EventHub/namespaces/testnamespacemgmt431/eventhubs/eventhub5129/consumergroups/testconsumergroup6066?api-version=2021-06-01-preview",
      "RequestMethod": "PUT",
      "RequestHeaders": {
        "Accept": "application/json",
        "Authorization": "Sanitized",
        "Content-Length": "17",
        "Content-Type": "application/json",
        "User-Agent": "azsdk-net-ResourceManager.EventHubs/1.0.0-alpha.20211025.1 (.NET Framework 4.8.4300.0; Microsoft Windows 10.0.19043 )",
        "x-ms-client-request-id": "4c5ad225d248dd7a162b633bab5d7444",
        "x-ms-return-client-request-id": "true"
      },
      "RequestBody": {
        "properties": {}
      },
      "StatusCode": 200,
      "ResponseHeaders": {
        "Cache-Control": "no-cache",
        "Content-Length": "435",
        "Content-Type": "application/json; charset=utf-8",
        "Date": "Mon, 25 Oct 2021 01:34:16 GMT",
        "Expires": "-1",
        "Pragma": "no-cache",
        "Server": [
          "Service-Bus-Resource-Provider/CH3",
          "Microsoft-HTTPAPI/2.0"
        ],
        "Server-SB": "Service-Bus-Resource-Provider/CH3",
        "Strict-Transport-Security": "max-age=31536000; includeSubDomains",
        "X-Content-Type-Options": "nosniff",
        "x-ms-client-request-id": "4c5ad225d248dd7a162b633bab5d7444",
        "x-ms-correlation-request-id": "c92088d0-06d5-4d05-a15a-f4a514fdd238",
        "x-ms-ratelimit-remaining-subscription-writes": "1197",
        "x-ms-request-id": "ed9e5562-84a8-4470-97e5-cedd5624839e_M6CH3_M6CH3",
        "x-ms-routing-request-id": "SOUTHEASTASIA:20211025T013416Z:c92088d0-06d5-4d05-a15a-f4a514fdd238"
      },
      "ResponseBody": {
        "id": "/subscriptions/db1ab6f0-4769-4b27-930e-01e2ef9c123c/resourceGroups/testeventhubRG-6699/providers/Microsoft.EventHub/namespaces/testnamespacemgmt431/eventhubs/eventhub5129/consumergroups/testconsumergroup6066",
        "name": "testconsumergroup6066",
        "type": "Microsoft.EventHub/Namespaces/EventHubs/ConsumerGroups",
        "location": "East US 2",
        "properties": {
          "createdAt": "2021-10-25T01:34:15.9660067Z",
          "updatedAt": "2021-10-25T01:34:15.9660067Z"
        }
      }
    },
    {
      "RequestUri": "https://management.azure.com/subscriptions/db1ab6f0-4769-4b27-930e-01e2ef9c123c/resourceGroups/testeventhubRG-6699/providers/Microsoft.EventHub/namespaces/testnamespacemgmt431/eventhubs/eventhub5129/consumergroups/testconsumergroup6066?api-version=2021-06-01-preview",
      "RequestMethod": "GET",
      "RequestHeaders": {
        "Accept": "application/json",
        "Authorization": "Sanitized",
        "User-Agent": "azsdk-net-ResourceManager.EventHubs/1.0.0-alpha.20211025.1 (.NET Framework 4.8.4300.0; Microsoft Windows 10.0.19043 )",
        "x-ms-client-request-id": "779e69ad12cf100dd677ae27b8a69605",
        "x-ms-return-client-request-id": "true"
      },
      "RequestBody": null,
      "StatusCode": 200,
      "ResponseHeaders": {
        "Cache-Control": "no-cache",
        "Content-Length": "427",
        "Content-Type": "application/json; charset=utf-8",
        "Date": "Mon, 25 Oct 2021 01:34:17 GMT",
        "Expires": "-1",
        "Pragma": "no-cache",
        "Server": [
          "Service-Bus-Resource-Provider/CH3",
          "Microsoft-HTTPAPI/2.0"
        ],
        "Server-SB": "Service-Bus-Resource-Provider/CH3",
        "Strict-Transport-Security": "max-age=31536000; includeSubDomains",
        "X-Content-Type-Options": "nosniff",
        "x-ms-client-request-id": "779e69ad12cf100dd677ae27b8a69605",
        "x-ms-correlation-request-id": "36c174aa-2094-47fc-9b8a-e9f7c1a9b0d2",
        "x-ms-ratelimit-remaining-subscription-reads": "11962",
        "x-ms-request-id": "5ba0b52b-b2a8-43c9-a391-cbce3f15ca69_M3CH3_M3CH3",
        "x-ms-routing-request-id": "SOUTHEASTASIA:20211025T013417Z:36c174aa-2094-47fc-9b8a-e9f7c1a9b0d2"
      },
      "ResponseBody": {
        "id": "/subscriptions/db1ab6f0-4769-4b27-930e-01e2ef9c123c/resourceGroups/testeventhubRG-6699/providers/Microsoft.EventHub/namespaces/testnamespacemgmt431/eventhubs/eventhub5129/consumergroups/testconsumergroup6066",
        "name": "testconsumergroup6066",
        "type": "Microsoft.EventHub/Namespaces/EventHubs/ConsumerGroups",
        "location": "East US 2",
        "properties": {
          "createdAt": "2021-10-25T01:34:15.966Z",
          "updatedAt": "2021-10-25T01:34:15.966Z"
        }
      }
    },
    {
      "RequestUri": "https://management.azure.com/subscriptions/db1ab6f0-4769-4b27-930e-01e2ef9c123c/resourceGroups/testeventhubRG-6699/providers/Microsoft.EventHub/namespaces/testnamespacemgmt431/eventhubs/eventhub5129/consumergroups/testconsumergroup6066?api-version=2021-06-01-preview",
      "RequestMethod": "GET",
      "RequestHeaders": {
        "Accept": "application/json",
        "Authorization": "Sanitized",
        "User-Agent": "azsdk-net-ResourceManager.EventHubs/1.0.0-alpha.20211025.1 (.NET Framework 4.8.4300.0; Microsoft Windows 10.0.19043 )",
        "x-ms-client-request-id": "023792d0524c6d55721fe4781c5c0c95",
        "x-ms-return-client-request-id": "true"
      },
      "RequestBody": null,
      "StatusCode": 200,
      "ResponseHeaders": {
        "Cache-Control": "no-cache",
        "Content-Length": "427",
        "Content-Type": "application/json; charset=utf-8",
        "Date": "Mon, 25 Oct 2021 01:34:19 GMT",
        "Expires": "-1",
        "Pragma": "no-cache",
        "Server": [
          "Service-Bus-Resource-Provider/CH3",
          "Microsoft-HTTPAPI/2.0"
        ],
        "Server-SB": "Service-Bus-Resource-Provider/CH3",
        "Strict-Transport-Security": "max-age=31536000; includeSubDomains",
        "X-Content-Type-Options": "nosniff",
        "x-ms-client-request-id": "023792d0524c6d55721fe4781c5c0c95",
        "x-ms-correlation-request-id": "f5606453-9a93-45d6-a633-7e7c09ae4822",
        "x-ms-ratelimit-remaining-subscription-reads": "11961",
        "x-ms-request-id": "c6a6fe01-c29f-4459-a0da-7d7d6e44ebd1_M9CH3_M9CH3",
        "x-ms-routing-request-id": "SOUTHEASTASIA:20211025T013419Z:f5606453-9a93-45d6-a633-7e7c09ae4822"
      },
      "ResponseBody": {
        "id": "/subscriptions/db1ab6f0-4769-4b27-930e-01e2ef9c123c/resourceGroups/testeventhubRG-6699/providers/Microsoft.EventHub/namespaces/testnamespacemgmt431/eventhubs/eventhub5129/consumergroups/testconsumergroup6066",
        "name": "testconsumergroup6066",
        "type": "Microsoft.EventHub/Namespaces/EventHubs/ConsumerGroups",
        "location": "East US 2",
        "properties": {
          "createdAt": "2021-10-25T01:34:15.966Z",
          "updatedAt": "2021-10-25T01:34:15.966Z"
        }
      }
    },
    {
      "RequestUri": "https://management.azure.com/subscriptions/db1ab6f0-4769-4b27-930e-01e2ef9c123c/resourceGroups/testeventhubRG-6699/providers/Microsoft.EventHub/namespaces/testnamespacemgmt431/eventhubs/eventhub5129/consumergroups/testconsumergroup6066?api-version=2021-06-01-preview",
      "RequestMethod": "DELETE",
      "RequestHeaders": {
        "Accept": "application/json",
        "Authorization": "Sanitized",
        "User-Agent": "azsdk-net-ResourceManager.EventHubs/1.0.0-alpha.20211025.1 (.NET Framework 4.8.4300.0; Microsoft Windows 10.0.19043 )",
        "x-ms-client-request-id": "0b8142ca26151315c54a76d02453256f",
        "x-ms-return-client-request-id": "true"
      },
      "RequestBody": null,
      "StatusCode": 200,
      "ResponseHeaders": {
        "Cache-Control": "no-cache",
        "Content-Length": "0",
        "Date": "Mon, 25 Oct 2021 01:34:21 GMT",
        "Expires": "-1",
        "Pragma": "no-cache",
        "Server": [
          "Service-Bus-Resource-Provider/CH3",
          "Microsoft-HTTPAPI/2.0"
        ],
        "Server-SB": "Service-Bus-Resource-Provider/CH3",
        "Strict-Transport-Security": "max-age=31536000; includeSubDomains",
        "X-Content-Type-Options": "nosniff",
        "x-ms-client-request-id": "0b8142ca26151315c54a76d02453256f",
        "x-ms-correlation-request-id": "cecf0ee3-067d-48d3-89a8-d7648331320b",
        "x-ms-ratelimit-remaining-subscription-deletes": "14998",
        "x-ms-request-id": "597be4fa-4fa8-424a-9d08-f07b5bb7abe5_M11CH3_M11CH3",
        "x-ms-routing-request-id": "SOUTHEASTASIA:20211025T013421Z:cecf0ee3-067d-48d3-89a8-d7648331320b"
      },
      "ResponseBody": []
    },
    {
      "RequestUri": "https://management.azure.com/subscriptions/db1ab6f0-4769-4b27-930e-01e2ef9c123c/resourceGroups/testeventhubRG-6699/providers/Microsoft.EventHub/namespaces/testnamespacemgmt431/eventhubs/eventhub5129/consumergroups/testconsumergroup6066?api-version=2021-06-01-preview",
      "RequestMethod": "GET",
      "RequestHeaders": {
        "Accept": "application/json",
        "Authorization": "Sanitized",
        "User-Agent": "azsdk-net-ResourceManager.EventHubs/1.0.0-alpha.20211025.1 (.NET Framework 4.8.4300.0; Microsoft Windows 10.0.19043 )",
        "x-ms-client-request-id": "186b5d9572265bf7133104af2d94f379",
        "x-ms-return-client-request-id": "true"
      },
      "RequestBody": null,
      "StatusCode": 404,
      "ResponseHeaders": {
        "Cache-Control": "no-cache",
        "Content-Length": "401",
        "Content-Type": "application/json; charset=utf-8",
        "Date": "Mon, 25 Oct 2021 01:34:23 GMT",
        "Expires": "-1",
        "Pragma": "no-cache",
        "Server": [
          "Service-Bus-Resource-Provider/CH3",
          "Microsoft-HTTPAPI/2.0"
        ],
        "Server-SB": "Service-Bus-Resource-Provider/CH3",
        "Strict-Transport-Security": "max-age=31536000; includeSubDomains",
        "X-Content-Type-Options": "nosniff",
        "x-ms-client-request-id": "186b5d9572265bf7133104af2d94f379",
        "x-ms-correlation-request-id": "c7327f3a-d6b1-4087-90aa-95b212a1d2ce",
        "x-ms-ratelimit-remaining-subscription-reads": "11960",
        "x-ms-request-id": "56d62afa-4483-4dc5-96d4-3f934290bbc6_M1CH3_M1CH3",
        "x-ms-routing-request-id": "SOUTHEASTASIA:20211025T013423Z:c7327f3a-d6b1-4087-90aa-95b212a1d2ce"
      },
      "ResponseBody": {
        "error": {
          "message": "Entity \u0027TESTNAMESPACEMGMT431:EVENTHUB:EVENTHUB5129~8191|TESTCONSUMERGROUP6066\u0027 was not found. To know more visit https://aka.ms/sbResourceMgrExceptions. . TrackingId:56d62afa-4483-4dc5-96d4-3f934290bbc6_M1CH3_M1CH3_G20, SystemTracker:testnamespacemgmt431:EventHub:eventhub5129, Timestamp:2021-10-25T01:34:22 CorrelationId: c7327f3a-d6b1-4087-90aa-95b212a1d2ce",
          "code": "NotFound"
        }
      }
    },
    {
      "RequestUri": "https://management.azure.com/subscriptions/db1ab6f0-4769-4b27-930e-01e2ef9c123c/resourceGroups/testeventhubRG-6699/providers/Microsoft.EventHub/namespaces/testnamespacemgmt431/eventhubs/eventhub5129/consumergroups/testconsumergroup6066?api-version=2021-06-01-preview",
      "RequestMethod": "GET",
      "RequestHeaders": {
        "Accept": "application/json",
        "Authorization": "Sanitized",
        "User-Agent": "azsdk-net-ResourceManager.EventHubs/1.0.0-alpha.20211025.1 (.NET Framework 4.8.4300.0; Microsoft Windows 10.0.19043 )",
        "x-ms-client-request-id": "765d186b8a25aaf07d243d02db84481f",
        "x-ms-return-client-request-id": "true"
      },
      "RequestBody": null,
      "StatusCode": 404,
      "ResponseHeaders": {
        "Cache-Control": "no-cache",
        "Content-Length": "402",
        "Content-Type": "application/json; charset=utf-8",
        "Date": "Mon, 25 Oct 2021 01:34:24 GMT",
        "Expires": "-1",
        "Pragma": "no-cache",
        "Server": [
          "Service-Bus-Resource-Provider/CH3",
          "Microsoft-HTTPAPI/2.0"
        ],
        "Server-SB": "Service-Bus-Resource-Provider/CH3",
        "Strict-Transport-Security": "max-age=31536000; includeSubDomains",
        "X-Content-Type-Options": "nosniff",
        "x-ms-client-request-id": "765d186b8a25aaf07d243d02db84481f",
        "x-ms-correlation-request-id": "e56d9628-add5-4bfb-8b42-0cb8db4af6af",
        "x-ms-ratelimit-remaining-subscription-reads": "11959",
        "x-ms-request-id": "a72a30f4-4ef0-4907-947c-8b29d1dea97e_M1CH3_M1CH3",
        "x-ms-routing-request-id": "SOUTHEASTASIA:20211025T013425Z:e56d9628-add5-4bfb-8b42-0cb8db4af6af"
      },
      "ResponseBody": {
        "error": {
          "message": "Entity \u0027TESTNAMESPACEMGMT431:EVENTHUB:EVENTHUB5129~16383|TESTCONSUMERGROUP6066\u0027 was not found. To know more visit https://aka.ms/sbResourceMgrExceptions. . TrackingId:a72a30f4-4ef0-4907-947c-8b29d1dea97e_M1CH3_M1CH3_G20, SystemTracker:testnamespacemgmt431:EventHub:eventhub5129, Timestamp:2021-10-25T01:34:23 CorrelationId: e56d9628-add5-4bfb-8b42-0cb8db4af6af",
          "code": "NotFound"
        }
      }
    },
    {
      "RequestUri": "https://management.azure.com/subscriptions/db1ab6f0-4769-4b27-930e-01e2ef9c123c/resourceGroups/testeventhubRG-6699/providers/Microsoft.EventHub/namespaces?api-version=2021-06-01-preview",
      "RequestMethod": "GET",
      "RequestHeaders": {
        "Accept": "application/json",
        "Authorization": "Sanitized",
        "User-Agent": "azsdk-net-ResourceManager.EventHubs/1.0.0-alpha.20211025.1 (.NET Framework 4.8.4300.0; Microsoft Windows 10.0.19043 )",
        "x-ms-client-request-id": "bee375f9f3f1586f4a26f8e32165e530",
        "x-ms-return-client-request-id": "true"
      },
      "RequestBody": null,
      "StatusCode": 200,
      "ResponseHeaders": {
        "Cache-Control": "no-cache",
        "Content-Length": "743",
        "Content-Type": "application/json; charset=utf-8",
        "Date": "Mon, 25 Oct 2021 01:34:26 GMT",
        "Expires": "-1",
        "Pragma": "no-cache",
        "Server": [
          "Service-Bus-Resource-Provider/CH3",
          "Microsoft-HTTPAPI/2.0"
        ],
        "Server-SB": "Service-Bus-Resource-Provider/CH3",
        "Strict-Transport-Security": "max-age=31536000; includeSubDomains",
        "X-Content-Type-Options": "nosniff",
        "x-ms-client-request-id": "bee375f9f3f1586f4a26f8e32165e530",
        "x-ms-correlation-request-id": "e2207570-ea6c-4106-9747-7ae9fd3974c5",
        "x-ms-ratelimit-remaining-subscription-reads": "11958",
        "x-ms-request-id": "f31a6a94-588d-454a-9838-b9691d7ff6bb_M1CH3_M1CH3",
        "x-ms-routing-request-id": "SOUTHEASTASIA:20211025T013426Z:e2207570-ea6c-4106-9747-7ae9fd3974c5"
      },
      "ResponseBody": {
        "value": [
          {
            "sku": {
              "name": "Standard",
              "tier": "Standard",
              "capacity": 1
            },
            "id": "/subscriptions/db1ab6f0-4769-4b27-930e-01e2ef9c123c/resourceGroups/testeventhubRG-6699/providers/Microsoft.EventHub/namespaces/testnamespacemgmt431",
            "name": "testnamespacemgmt431",
            "type": "Microsoft.EventHub/Namespaces",
            "location": "East US 2",
            "tags": {},
            "properties": {
              "disableLocalAuth": false,
              "zoneRedundant": false,
              "isAutoInflateEnabled": false,
              "maximumThroughputUnits": 0,
              "kafkaEnabled": true,
              "provisioningState": "Succeeded",
              "metricId": "db1ab6f0-4769-4b27-930e-01e2ef9c123c:testnamespacemgmt431",
              "createdAt": "2021-10-25T01:33:20.937Z",
              "updatedAt": "2021-10-25T01:34:09.06Z",
              "serviceBusEndpoint": "https://testnamespacemgmt431.servicebus.windows.net:443/",
              "status": "Active"
            }
          }
        ]
      }
    },
    {
      "RequestUri": "https://management.azure.com/subscriptions/db1ab6f0-4769-4b27-930e-01e2ef9c123c/resourceGroups/testeventhubRG-6699/providers/Microsoft.EventHub/namespaces/testnamespacemgmt431?api-version=2021-06-01-preview",
      "RequestMethod": "DELETE",
      "RequestHeaders": {
        "Accept": "application/json",
        "Authorization": "Sanitized",
        "User-Agent": "azsdk-net-ResourceManager.EventHubs/1.0.0-alpha.20211025.1 (.NET Framework 4.8.4300.0; Microsoft Windows 10.0.19043 )",
        "x-ms-client-request-id": "0b65fc56aef60a4a6dc09b0135f57f8e",
        "x-ms-return-client-request-id": "true"
      },
      "RequestBody": null,
      "StatusCode": 202,
      "ResponseHeaders": {
        "Cache-Control": "no-cache",
        "Content-Length": "0",
        "Date": "Mon, 25 Oct 2021 01:34:30 GMT",
        "Expires": "-1",
        "Location": "https://management.azure.com/subscriptions/db1ab6f0-4769-4b27-930e-01e2ef9c123c/resourceGroups/testeventhubRG-6699/providers/Microsoft.EventHub/namespaces/testnamespacemgmt431/operationresults/testnamespacemgmt431?api-version=2021-06-01-preview",
        "Pragma": "no-cache",
        "Server": [
          "Service-Bus-Resource-Provider/CH3",
          "Microsoft-HTTPAPI/2.0"
        ],
        "Server-SB": "Service-Bus-Resource-Provider/CH3",
        "Strict-Transport-Security": "max-age=31536000; includeSubDomains",
        "X-Content-Type-Options": "nosniff",
        "x-ms-client-request-id": "0b65fc56aef60a4a6dc09b0135f57f8e",
        "x-ms-correlation-request-id": "304a972c-ced2-4e70-be07-ec4809ceb0ae",
        "x-ms-ratelimit-remaining-subscription-deletes": "14997",
        "x-ms-request-id": "94be19aa-fcfb-4373-bec4-a6bd565d1b69_M9CH3_M9CH3",
        "x-ms-routing-request-id": "SOUTHEASTASIA:20211025T013430Z:304a972c-ced2-4e70-be07-ec4809ceb0ae"
      },
      "ResponseBody": []
    },
    {
      "RequestUri": "https://management.azure.com/subscriptions/db1ab6f0-4769-4b27-930e-01e2ef9c123c/resourceGroups/testeventhubRG-6699/providers/Microsoft.EventHub/namespaces/testnamespacemgmt431/operationresults/testnamespacemgmt431?api-version=2021-06-01-preview",
      "RequestMethod": "GET",
      "RequestHeaders": {
        "Authorization": "Sanitized",
        "User-Agent": "azsdk-net-ResourceManager/1.0.0-beta.4 (.NET Framework 4.8.4300.0; Microsoft Windows 10.0.19043 )",
        "x-ms-client-request-id": "dfac0c3e3c1f4a292ad85130586d2354",
        "x-ms-return-client-request-id": "true"
      },
      "RequestBody": null,
      "StatusCode": 202,
      "ResponseHeaders": {
        "Cache-Control": "no-cache",
        "Content-Length": "734",
        "Content-Type": "application/json; charset=utf-8",
        "Date": "Mon, 25 Oct 2021 01:34:31 GMT",
        "Expires": "-1",
        "Location": "https://management.azure.com/subscriptions/db1ab6f0-4769-4b27-930e-01e2ef9c123c/resourceGroups/testeventhubRG-6699/providers/Microsoft.EventHub/namespaces/testnamespacemgmt431/operationresults/testnamespacemgmt431?api-version=2021-06-01-preview",
        "Pragma": "no-cache",
        "Retry-After": "52",
        "Server": [
          "Service-Bus-Resource-Provider/CH3",
          "Microsoft-HTTPAPI/2.0"
        ],
        "Server-SB": "Service-Bus-Resource-Provider/CH3",
        "Strict-Transport-Security": "max-age=31536000; includeSubDomains",
        "X-Content-Type-Options": "nosniff",
        "x-ms-client-request-id": "dfac0c3e3c1f4a292ad85130586d2354",
        "x-ms-correlation-request-id": "cf937067-47ed-4562-be24-2d71ad47c611",
        "x-ms-ratelimit-remaining-subscription-reads": "11957",
        "x-ms-request-id": "5b7f5b9c-9f0c-4cc2-8c69-b07a90ba9c1f_M7CH3_M7CH3",
        "x-ms-routing-request-id": "SOUTHEASTASIA:20211025T013431Z:cf937067-47ed-4562-be24-2d71ad47c611"
      },
      "ResponseBody": {
        "sku": {
          "name": "Standard",
          "tier": "Standard",
          "capacity": 1
        },
        "id": "/subscriptions/db1ab6f0-4769-4b27-930e-01e2ef9c123c/resourceGroups/testeventhubRG-6699/providers/Microsoft.EventHub/namespaces/testnamespacemgmt431",
        "name": "testnamespacemgmt431",
        "type": "Microsoft.EventHub/Namespaces",
        "location": "East US 2",
        "tags": {},
        "properties": {
          "disableLocalAuth": false,
          "zoneRedundant": false,
          "isAutoInflateEnabled": false,
          "maximumThroughputUnits": 0,
          "kafkaEnabled": true,
          "provisioningState": "Succeeded",
          "metricId": "db1ab6f0-4769-4b27-930e-01e2ef9c123c:testnamespacemgmt431",
          "createdAt": "2021-10-25T01:33:20.937Z",
          "updatedAt": "2021-10-25T01:34:29.937Z",
          "serviceBusEndpoint": "https://testnamespacemgmt431.servicebus.windows.net:443/",
          "status": "Removing"
        }
      }
    },
    {
      "RequestUri": "https://management.azure.com/subscriptions/db1ab6f0-4769-4b27-930e-01e2ef9c123c/resourceGroups/testeventhubRG-6699/providers/Microsoft.EventHub/namespaces/testnamespacemgmt431/operationresults/testnamespacemgmt431?api-version=2021-06-01-preview",
      "RequestMethod": "GET",
      "RequestHeaders": {
        "Authorization": "Sanitized",
        "User-Agent": "azsdk-net-ResourceManager/1.0.0-beta.4 (.NET Framework 4.8.4300.0; Microsoft Windows 10.0.19043 )",
        "x-ms-client-request-id": "3cfb69a72daf217f73ee62f1824b7860",
        "x-ms-return-client-request-id": "true"
      },
      "RequestBody": null,
      "StatusCode": 202,
      "ResponseHeaders": {
        "Cache-Control": "no-cache",
        "Content-Length": "734",
        "Content-Type": "application/json; charset=utf-8",
        "Date": "Mon, 25 Oct 2021 01:34:33 GMT",
        "Expires": "-1",
        "Location": "https://management.azure.com/subscriptions/db1ab6f0-4769-4b27-930e-01e2ef9c123c/resourceGroups/testeventhubRG-6699/providers/Microsoft.EventHub/namespaces/testnamespacemgmt431/operationresults/testnamespacemgmt431?api-version=2021-06-01-preview",
        "Pragma": "no-cache",
        "Retry-After": "35",
        "Server": [
          "Service-Bus-Resource-Provider/CH3",
          "Microsoft-HTTPAPI/2.0"
        ],
        "Server-SB": "Service-Bus-Resource-Provider/CH3",
        "Strict-Transport-Security": "max-age=31536000; includeSubDomains",
        "X-Content-Type-Options": "nosniff",
        "x-ms-client-request-id": "3cfb69a72daf217f73ee62f1824b7860",
        "x-ms-correlation-request-id": "a1488a7e-3926-4f1d-a40d-94c4e96d9839",
        "x-ms-ratelimit-remaining-subscription-reads": "11956",
        "x-ms-request-id": "ce861425-2238-41b4-bc82-b89c222cdf79_M10CH3_M10CH3",
        "x-ms-routing-request-id": "SOUTHEASTASIA:20211025T013433Z:a1488a7e-3926-4f1d-a40d-94c4e96d9839"
      },
      "ResponseBody": {
        "sku": {
          "name": "Standard",
          "tier": "Standard",
          "capacity": 1
        },
        "id": "/subscriptions/db1ab6f0-4769-4b27-930e-01e2ef9c123c/resourceGroups/testeventhubRG-6699/providers/Microsoft.EventHub/namespaces/testnamespacemgmt431",
        "name": "testnamespacemgmt431",
        "type": "Microsoft.EventHub/Namespaces",
        "location": "East US 2",
        "tags": {},
        "properties": {
          "disableLocalAuth": false,
          "zoneRedundant": false,
          "isAutoInflateEnabled": false,
          "maximumThroughputUnits": 0,
          "kafkaEnabled": true,
          "provisioningState": "Succeeded",
          "metricId": "db1ab6f0-4769-4b27-930e-01e2ef9c123c:testnamespacemgmt431",
          "createdAt": "2021-10-25T01:33:20.937Z",
          "updatedAt": "2021-10-25T01:34:29.937Z",
          "serviceBusEndpoint": "https://testnamespacemgmt431.servicebus.windows.net:443/",
          "status": "Removing"
        }
      }
    },
    {
      "RequestUri": "https://management.azure.com/subscriptions/db1ab6f0-4769-4b27-930e-01e2ef9c123c/resourceGroups/testeventhubRG-6699/providers/Microsoft.EventHub/namespaces/testnamespacemgmt431/operationresults/testnamespacemgmt431?api-version=2021-06-01-preview",
      "RequestMethod": "GET",
      "RequestHeaders": {
        "Authorization": "Sanitized",
        "User-Agent": "azsdk-net-ResourceManager/1.0.0-beta.4 (.NET Framework 4.8.4300.0; Microsoft Windows 10.0.19043 )",
        "x-ms-client-request-id": "28c383389f48ab6fbb6b8dd8e3581e3c",
        "x-ms-return-client-request-id": "true"
      },
      "RequestBody": null,
      "StatusCode": 202,
      "ResponseHeaders": {
        "Cache-Control": "no-cache",
        "Content-Length": "734",
        "Content-Type": "application/json; charset=utf-8",
        "Date": "Mon, 25 Oct 2021 01:34:36 GMT",
        "Expires": "-1",
        "Location": "https://management.azure.com/subscriptions/db1ab6f0-4769-4b27-930e-01e2ef9c123c/resourceGroups/testeventhubRG-6699/providers/Microsoft.EventHub/namespaces/testnamespacemgmt431/operationresults/testnamespacemgmt431?api-version=2021-06-01-preview",
        "Pragma": "no-cache",
        "Retry-After": "30",
        "Server": [
          "Service-Bus-Resource-Provider/CH3",
          "Microsoft-HTTPAPI/2.0"
        ],
        "Server-SB": "Service-Bus-Resource-Provider/CH3",
        "Strict-Transport-Security": "max-age=31536000; includeSubDomains",
        "X-Content-Type-Options": "nosniff",
        "x-ms-client-request-id": "28c383389f48ab6fbb6b8dd8e3581e3c",
        "x-ms-correlation-request-id": "c3b152cf-ab85-42a3-8f52-8861c04ec633",
        "x-ms-ratelimit-remaining-subscription-reads": "11955",
        "x-ms-request-id": "0eca4962-0384-4217-89e4-04279844632b_M0CH3_M0CH3",
        "x-ms-routing-request-id": "SOUTHEASTASIA:20211025T013436Z:c3b152cf-ab85-42a3-8f52-8861c04ec633"
      },
      "ResponseBody": {
        "sku": {
          "name": "Standard",
          "tier": "Standard",
          "capacity": 1
        },
        "id": "/subscriptions/db1ab6f0-4769-4b27-930e-01e2ef9c123c/resourceGroups/testeventhubRG-6699/providers/Microsoft.EventHub/namespaces/testnamespacemgmt431",
        "name": "testnamespacemgmt431",
        "type": "Microsoft.EventHub/Namespaces",
        "location": "East US 2",
        "tags": {},
        "properties": {
          "disableLocalAuth": false,
          "zoneRedundant": false,
          "isAutoInflateEnabled": false,
          "maximumThroughputUnits": 0,
          "kafkaEnabled": true,
          "provisioningState": "Succeeded",
          "metricId": "db1ab6f0-4769-4b27-930e-01e2ef9c123c:testnamespacemgmt431",
          "createdAt": "2021-10-25T01:33:20.937Z",
          "updatedAt": "2021-10-25T01:34:29.937Z",
          "serviceBusEndpoint": "https://testnamespacemgmt431.servicebus.windows.net:443/",
          "status": "Removing"
        }
      }
    },
    {
      "RequestUri": "https://management.azure.com/subscriptions/db1ab6f0-4769-4b27-930e-01e2ef9c123c/resourceGroups/testeventhubRG-6699/providers/Microsoft.EventHub/namespaces/testnamespacemgmt431/operationresults/testnamespacemgmt431?api-version=2021-06-01-preview",
      "RequestMethod": "GET",
      "RequestHeaders": {
        "Authorization": "Sanitized",
        "User-Agent": "azsdk-net-ResourceManager/1.0.0-beta.4 (.NET Framework 4.8.4300.0; Microsoft Windows 10.0.19043 )",
        "x-ms-client-request-id": "2857d7e14b1111678d8b6b30da37c8de",
        "x-ms-return-client-request-id": "true"
      },
      "RequestBody": null,
      "StatusCode": 202,
      "ResponseHeaders": {
        "Cache-Control": "no-cache",
        "Content-Length": "734",
        "Content-Type": "application/json; charset=utf-8",
        "Date": "Mon, 25 Oct 2021 01:34:38 GMT",
        "Expires": "-1",
        "Location": "https://management.azure.com/subscriptions/db1ab6f0-4769-4b27-930e-01e2ef9c123c/resourceGroups/testeventhubRG-6699/providers/Microsoft.EventHub/namespaces/testnamespacemgmt431/operationresults/testnamespacemgmt431?api-version=2021-06-01-preview",
        "Pragma": "no-cache",
        "Retry-After": "34",
        "Server": [
          "Service-Bus-Resource-Provider/CH3",
          "Microsoft-HTTPAPI/2.0"
        ],
        "Server-SB": "Service-Bus-Resource-Provider/CH3",
        "Strict-Transport-Security": "max-age=31536000; includeSubDomains",
        "X-Content-Type-Options": "nosniff",
        "x-ms-client-request-id": "2857d7e14b1111678d8b6b30da37c8de",
        "x-ms-correlation-request-id": "875df887-e1ec-4fc4-8f11-91c828219ecc",
        "x-ms-ratelimit-remaining-subscription-reads": "11954",
        "x-ms-request-id": "c633b126-94b7-4aac-bfae-f4e2fc75fa38_M2CH3_M2CH3",
        "x-ms-routing-request-id": "SOUTHEASTASIA:20211025T013438Z:875df887-e1ec-4fc4-8f11-91c828219ecc"
      },
      "ResponseBody": {
        "sku": {
          "name": "Standard",
          "tier": "Standard",
          "capacity": 1
        },
        "id": "/subscriptions/db1ab6f0-4769-4b27-930e-01e2ef9c123c/resourceGroups/testeventhubRG-6699/providers/Microsoft.EventHub/namespaces/testnamespacemgmt431",
        "name": "testnamespacemgmt431",
        "type": "Microsoft.EventHub/Namespaces",
        "location": "East US 2",
        "tags": {},
        "properties": {
          "disableLocalAuth": false,
          "zoneRedundant": false,
          "isAutoInflateEnabled": false,
          "maximumThroughputUnits": 0,
          "kafkaEnabled": true,
          "provisioningState": "Succeeded",
          "metricId": "db1ab6f0-4769-4b27-930e-01e2ef9c123c:testnamespacemgmt431",
          "createdAt": "2021-10-25T01:33:20.937Z",
          "updatedAt": "2021-10-25T01:34:29.937Z",
          "serviceBusEndpoint": "https://testnamespacemgmt431.servicebus.windows.net:443/",
          "status": "Removing"
        }
      }
    },
    {
      "RequestUri": "https://management.azure.com/subscriptions/db1ab6f0-4769-4b27-930e-01e2ef9c123c/resourceGroups/testeventhubRG-6699/providers/Microsoft.EventHub/namespaces/testnamespacemgmt431/operationresults/testnamespacemgmt431?api-version=2021-06-01-preview",
      "RequestMethod": "GET",
      "RequestHeaders": {
        "Authorization": "Sanitized",
        "User-Agent": "azsdk-net-ResourceManager/1.0.0-beta.4 (.NET Framework 4.8.4300.0; Microsoft Windows 10.0.19043 )",
        "x-ms-client-request-id": "d4f7f060faaa070cfa4f81449fa63d1b",
        "x-ms-return-client-request-id": "true"
      },
      "RequestBody": null,
      "StatusCode": 202,
      "ResponseHeaders": {
        "Cache-Control": "no-cache",
        "Content-Length": "734",
        "Content-Type": "application/json; charset=utf-8",
        "Date": "Mon, 25 Oct 2021 01:34:40 GMT",
        "Expires": "-1",
        "Location": "https://management.azure.com/subscriptions/db1ab6f0-4769-4b27-930e-01e2ef9c123c/resourceGroups/testeventhubRG-6699/providers/Microsoft.EventHub/namespaces/testnamespacemgmt431/operationresults/testnamespacemgmt431?api-version=2021-06-01-preview",
        "Pragma": "no-cache",
        "Retry-After": "34",
        "Server": [
          "Service-Bus-Resource-Provider/CH3",
          "Microsoft-HTTPAPI/2.0"
        ],
        "Server-SB": "Service-Bus-Resource-Provider/CH3",
        "Strict-Transport-Security": "max-age=31536000; includeSubDomains",
        "X-Content-Type-Options": "nosniff",
        "x-ms-client-request-id": "d4f7f060faaa070cfa4f81449fa63d1b",
        "x-ms-correlation-request-id": "61ae8f0a-12d9-48ed-9bc8-8b1b08cce01b",
        "x-ms-ratelimit-remaining-subscription-reads": "11953",
        "x-ms-request-id": "e39cf827-018f-45f7-8472-c286a972e802_M9CH3_M9CH3",
        "x-ms-routing-request-id": "SOUTHEASTASIA:20211025T013441Z:61ae8f0a-12d9-48ed-9bc8-8b1b08cce01b"
      },
      "ResponseBody": {
        "sku": {
          "name": "Standard",
          "tier": "Standard",
          "capacity": 1
        },
        "id": "/subscriptions/db1ab6f0-4769-4b27-930e-01e2ef9c123c/resourceGroups/testeventhubRG-6699/providers/Microsoft.EventHub/namespaces/testnamespacemgmt431",
        "name": "testnamespacemgmt431",
        "type": "Microsoft.EventHub/Namespaces",
        "location": "East US 2",
        "tags": {},
        "properties": {
          "disableLocalAuth": false,
          "zoneRedundant": false,
          "isAutoInflateEnabled": false,
          "maximumThroughputUnits": 0,
          "kafkaEnabled": true,
          "provisioningState": "Succeeded",
          "metricId": "db1ab6f0-4769-4b27-930e-01e2ef9c123c:testnamespacemgmt431",
          "createdAt": "2021-10-25T01:33:20.937Z",
          "updatedAt": "2021-10-25T01:34:29.937Z",
          "serviceBusEndpoint": "https://testnamespacemgmt431.servicebus.windows.net:443/",
          "status": "Removing"
        }
      }
    },
    {
      "RequestUri": "https://management.azure.com/subscriptions/db1ab6f0-4769-4b27-930e-01e2ef9c123c/resourceGroups/testeventhubRG-6699/providers/Microsoft.EventHub/namespaces/testnamespacemgmt431/operationresults/testnamespacemgmt431?api-version=2021-06-01-preview",
      "RequestMethod": "GET",
      "RequestHeaders": {
        "Authorization": "Sanitized",
        "User-Agent": "azsdk-net-ResourceManager/1.0.0-beta.4 (.NET Framework 4.8.4300.0; Microsoft Windows 10.0.19043 )",
        "x-ms-client-request-id": "ab1026cf50f3ec4f1bb19abd343ed183",
        "x-ms-return-client-request-id": "true"
      },
      "RequestBody": null,
      "StatusCode": 202,
      "ResponseHeaders": {
        "Cache-Control": "no-cache",
        "Content-Length": "734",
        "Content-Type": "application/json; charset=utf-8",
        "Date": "Mon, 25 Oct 2021 01:34:43 GMT",
        "Expires": "-1",
        "Location": "https://management.azure.com/subscriptions/db1ab6f0-4769-4b27-930e-01e2ef9c123c/resourceGroups/testeventhubRG-6699/providers/Microsoft.EventHub/namespaces/testnamespacemgmt431/operationresults/testnamespacemgmt431?api-version=2021-06-01-preview",
        "Pragma": "no-cache",
        "Retry-After": "31",
        "Server": [
          "Service-Bus-Resource-Provider/CH3",
          "Microsoft-HTTPAPI/2.0"
        ],
        "Server-SB": "Service-Bus-Resource-Provider/CH3",
        "Strict-Transport-Security": "max-age=31536000; includeSubDomains",
        "X-Content-Type-Options": "nosniff",
        "x-ms-client-request-id": "ab1026cf50f3ec4f1bb19abd343ed183",
        "x-ms-correlation-request-id": "c57fcd6c-e8d5-4bbe-a4db-ed5675690535",
        "x-ms-ratelimit-remaining-subscription-reads": "11952",
        "x-ms-request-id": "5f873c35-15ca-4dc2-98bf-0f526ff8baf6_M3CH3_M3CH3",
        "x-ms-routing-request-id": "SOUTHEASTASIA:20211025T013443Z:c57fcd6c-e8d5-4bbe-a4db-ed5675690535"
      },
      "ResponseBody": {
        "sku": {
          "name": "Standard",
          "tier": "Standard",
          "capacity": 1
        },
        "id": "/subscriptions/db1ab6f0-4769-4b27-930e-01e2ef9c123c/resourceGroups/testeventhubRG-6699/providers/Microsoft.EventHub/namespaces/testnamespacemgmt431",
        "name": "testnamespacemgmt431",
        "type": "Microsoft.EventHub/Namespaces",
        "location": "East US 2",
        "tags": {},
        "properties": {
          "disableLocalAuth": false,
          "zoneRedundant": false,
          "isAutoInflateEnabled": false,
          "maximumThroughputUnits": 0,
          "kafkaEnabled": true,
          "provisioningState": "Succeeded",
          "metricId": "db1ab6f0-4769-4b27-930e-01e2ef9c123c:testnamespacemgmt431",
          "createdAt": "2021-10-25T01:33:20.937Z",
          "updatedAt": "2021-10-25T01:34:29.937Z",
          "serviceBusEndpoint": "https://testnamespacemgmt431.servicebus.windows.net:443/",
          "status": "Removing"
        }
      }
    },
    {
      "RequestUri": "https://management.azure.com/subscriptions/db1ab6f0-4769-4b27-930e-01e2ef9c123c/resourceGroups/testeventhubRG-6699/providers/Microsoft.EventHub/namespaces/testnamespacemgmt431/operationresults/testnamespacemgmt431?api-version=2021-06-01-preview",
      "RequestMethod": "GET",
      "RequestHeaders": {
        "Authorization": "Sanitized",
        "User-Agent": "azsdk-net-ResourceManager/1.0.0-beta.4 (.NET Framework 4.8.4300.0; Microsoft Windows 10.0.19043 )",
        "x-ms-client-request-id": "f378afa24a60e692ca502dc2ca2371e6",
        "x-ms-return-client-request-id": "true"
      },
      "RequestBody": null,
      "StatusCode": 202,
      "ResponseHeaders": {
        "Cache-Control": "no-cache",
        "Content-Length": "734",
        "Content-Type": "application/json; charset=utf-8",
        "Date": "Mon, 25 Oct 2021 01:34:45 GMT",
        "Expires": "-1",
        "Location": "https://management.azure.com/subscriptions/db1ab6f0-4769-4b27-930e-01e2ef9c123c/resourceGroups/testeventhubRG-6699/providers/Microsoft.EventHub/namespaces/testnamespacemgmt431/operationresults/testnamespacemgmt431?api-version=2021-06-01-preview",
        "Pragma": "no-cache",
        "Retry-After": "38",
        "Server": [
          "Service-Bus-Resource-Provider/CH3",
          "Microsoft-HTTPAPI/2.0"
        ],
        "Server-SB": "Service-Bus-Resource-Provider/CH3",
        "Strict-Transport-Security": "max-age=31536000; includeSubDomains",
        "X-Content-Type-Options": "nosniff",
        "x-ms-client-request-id": "f378afa24a60e692ca502dc2ca2371e6",
        "x-ms-correlation-request-id": "900defde-df79-43e6-b8b6-cc1009955eea",
        "x-ms-ratelimit-remaining-subscription-reads": "11951",
        "x-ms-request-id": "c557d856-cc54-4fc3-9e06-d01a70b92e40_M8CH3_M8CH3",
        "x-ms-routing-request-id": "SOUTHEASTASIA:20211025T013446Z:900defde-df79-43e6-b8b6-cc1009955eea"
      },
      "ResponseBody": {
        "sku": {
          "name": "Standard",
          "tier": "Standard",
          "capacity": 1
        },
        "id": "/subscriptions/db1ab6f0-4769-4b27-930e-01e2ef9c123c/resourceGroups/testeventhubRG-6699/providers/Microsoft.EventHub/namespaces/testnamespacemgmt431",
        "name": "testnamespacemgmt431",
        "type": "Microsoft.EventHub/Namespaces",
        "location": "East US 2",
        "tags": {},
        "properties": {
          "disableLocalAuth": false,
          "zoneRedundant": false,
          "isAutoInflateEnabled": false,
          "maximumThroughputUnits": 0,
          "kafkaEnabled": true,
          "provisioningState": "Succeeded",
          "metricId": "db1ab6f0-4769-4b27-930e-01e2ef9c123c:testnamespacemgmt431",
          "createdAt": "2021-10-25T01:33:20.937Z",
          "updatedAt": "2021-10-25T01:34:29.937Z",
          "serviceBusEndpoint": "https://testnamespacemgmt431.servicebus.windows.net:443/",
          "status": "Removing"
        }
      }
    },
    {
      "RequestUri": "https://management.azure.com/subscriptions/db1ab6f0-4769-4b27-930e-01e2ef9c123c/resourceGroups/testeventhubRG-6699/providers/Microsoft.EventHub/namespaces/testnamespacemgmt431/operationresults/testnamespacemgmt431?api-version=2021-06-01-preview",
      "RequestMethod": "GET",
      "RequestHeaders": {
        "Authorization": "Sanitized",
        "User-Agent": "azsdk-net-ResourceManager/1.0.0-beta.4 (.NET Framework 4.8.4300.0; Microsoft Windows 10.0.19043 )",
        "x-ms-client-request-id": "b461504d1c2710eaa10ab8f8604ed3bb",
        "x-ms-return-client-request-id": "true"
      },
      "RequestBody": null,
      "StatusCode": 202,
      "ResponseHeaders": {
        "Cache-Control": "no-cache",
        "Content-Length": "734",
        "Content-Type": "application/json; charset=utf-8",
        "Date": "Mon, 25 Oct 2021 01:34:48 GMT",
        "Expires": "-1",
        "Location": "https://management.azure.com/subscriptions/db1ab6f0-4769-4b27-930e-01e2ef9c123c/resourceGroups/testeventhubRG-6699/providers/Microsoft.EventHub/namespaces/testnamespacemgmt431/operationresults/testnamespacemgmt431?api-version=2021-06-01-preview",
        "Pragma": "no-cache",
        "Retry-After": "44",
        "Server": [
          "Service-Bus-Resource-Provider/CH3",
          "Microsoft-HTTPAPI/2.0"
        ],
        "Server-SB": "Service-Bus-Resource-Provider/CH3",
        "Strict-Transport-Security": "max-age=31536000; includeSubDomains",
        "X-Content-Type-Options": "nosniff",
        "x-ms-client-request-id": "b461504d1c2710eaa10ab8f8604ed3bb",
        "x-ms-correlation-request-id": "2eeee595-d21d-42f9-89cd-756aed44830e",
        "x-ms-ratelimit-remaining-subscription-reads": "11950",
        "x-ms-request-id": "ec121801-3f95-4866-9743-b82867ce5435_M2CH3_M2CH3",
        "x-ms-routing-request-id": "SOUTHEASTASIA:20211025T013448Z:2eeee595-d21d-42f9-89cd-756aed44830e"
      },
      "ResponseBody": {
        "sku": {
          "name": "Standard",
          "tier": "Standard",
          "capacity": 1
        },
        "id": "/subscriptions/db1ab6f0-4769-4b27-930e-01e2ef9c123c/resourceGroups/testeventhubRG-6699/providers/Microsoft.EventHub/namespaces/testnamespacemgmt431",
        "name": "testnamespacemgmt431",
        "type": "Microsoft.EventHub/Namespaces",
        "location": "East US 2",
        "tags": {},
        "properties": {
          "disableLocalAuth": false,
          "zoneRedundant": false,
          "isAutoInflateEnabled": false,
          "maximumThroughputUnits": 0,
          "kafkaEnabled": true,
          "provisioningState": "Succeeded",
          "metricId": "db1ab6f0-4769-4b27-930e-01e2ef9c123c:testnamespacemgmt431",
          "createdAt": "2021-10-25T01:33:20.937Z",
          "updatedAt": "2021-10-25T01:34:29.937Z",
          "serviceBusEndpoint": "https://testnamespacemgmt431.servicebus.windows.net:443/",
          "status": "Removing"
        }
      }
    },
    {
      "RequestUri": "https://management.azure.com/subscriptions/db1ab6f0-4769-4b27-930e-01e2ef9c123c/resourceGroups/testeventhubRG-6699/providers/Microsoft.EventHub/namespaces/testnamespacemgmt431/operationresults/testnamespacemgmt431?api-version=2021-06-01-preview",
      "RequestMethod": "GET",
      "RequestHeaders": {
        "Authorization": "Sanitized",
        "User-Agent": "azsdk-net-ResourceManager/1.0.0-beta.4 (.NET Framework 4.8.4300.0; Microsoft Windows 10.0.19043 )",
        "x-ms-client-request-id": "efa1fd7e4a2e85ba9329e0a3228d22f8",
        "x-ms-return-client-request-id": "true"
      },
      "RequestBody": null,
      "StatusCode": 202,
      "ResponseHeaders": {
        "Cache-Control": "no-cache",
        "Content-Length": "734",
        "Content-Type": "application/json; charset=utf-8",
        "Date": "Mon, 25 Oct 2021 01:34:50 GMT",
        "Expires": "-1",
        "Location": "https://management.azure.com/subscriptions/db1ab6f0-4769-4b27-930e-01e2ef9c123c/resourceGroups/testeventhubRG-6699/providers/Microsoft.EventHub/namespaces/testnamespacemgmt431/operationresults/testnamespacemgmt431?api-version=2021-06-01-preview",
        "Pragma": "no-cache",
        "Retry-After": "41",
        "Server": [
          "Service-Bus-Resource-Provider/CH3",
          "Microsoft-HTTPAPI/2.0"
        ],
        "Server-SB": "Service-Bus-Resource-Provider/CH3",
        "Strict-Transport-Security": "max-age=31536000; includeSubDomains",
        "X-Content-Type-Options": "nosniff",
        "x-ms-client-request-id": "efa1fd7e4a2e85ba9329e0a3228d22f8",
        "x-ms-correlation-request-id": "6ca93976-a5bf-4e8d-9c9b-28006cc5bbeb",
        "x-ms-ratelimit-remaining-subscription-reads": "11949",
        "x-ms-request-id": "42831bf3-05b0-4d64-98da-03d74afef9ff_M5CH3_M5CH3",
        "x-ms-routing-request-id": "SOUTHEASTASIA:20211025T013450Z:6ca93976-a5bf-4e8d-9c9b-28006cc5bbeb"
      },
      "ResponseBody": {
        "sku": {
          "name": "Standard",
          "tier": "Standard",
          "capacity": 1
        },
        "id": "/subscriptions/db1ab6f0-4769-4b27-930e-01e2ef9c123c/resourceGroups/testeventhubRG-6699/providers/Microsoft.EventHub/namespaces/testnamespacemgmt431",
        "name": "testnamespacemgmt431",
        "type": "Microsoft.EventHub/Namespaces",
        "location": "East US 2",
        "tags": {},
        "properties": {
          "disableLocalAuth": false,
          "zoneRedundant": false,
          "isAutoInflateEnabled": false,
          "maximumThroughputUnits": 0,
          "kafkaEnabled": true,
          "provisioningState": "Succeeded",
          "metricId": "db1ab6f0-4769-4b27-930e-01e2ef9c123c:testnamespacemgmt431",
          "createdAt": "2021-10-25T01:33:20.937Z",
          "updatedAt": "2021-10-25T01:34:29.937Z",
          "serviceBusEndpoint": "https://testnamespacemgmt431.servicebus.windows.net:443/",
          "status": "Removing"
        }
      }
    },
    {
      "RequestUri": "https://management.azure.com/subscriptions/db1ab6f0-4769-4b27-930e-01e2ef9c123c/resourceGroups/testeventhubRG-6699/providers/Microsoft.EventHub/namespaces/testnamespacemgmt431/operationresults/testnamespacemgmt431?api-version=2021-06-01-preview",
      "RequestMethod": "GET",
      "RequestHeaders": {
        "Authorization": "Sanitized",
        "User-Agent": "azsdk-net-ResourceManager/1.0.0-beta.4 (.NET Framework 4.8.4300.0; Microsoft Windows 10.0.19043 )",
        "x-ms-client-request-id": "e470b33f1cdd865cc46752569199867c",
        "x-ms-return-client-request-id": "true"
      },
      "RequestBody": null,
      "StatusCode": 202,
      "ResponseHeaders": {
        "Cache-Control": "no-cache",
        "Content-Length": "734",
        "Content-Type": "application/json; charset=utf-8",
        "Date": "Mon, 25 Oct 2021 01:34:52 GMT",
        "Expires": "-1",
        "Location": "https://management.azure.com/subscriptions/db1ab6f0-4769-4b27-930e-01e2ef9c123c/resourceGroups/testeventhubRG-6699/providers/Microsoft.EventHub/namespaces/testnamespacemgmt431/operationresults/testnamespacemgmt431?api-version=2021-06-01-preview",
        "Pragma": "no-cache",
        "Retry-After": "40",
        "Server": [
          "Service-Bus-Resource-Provider/CH3",
          "Microsoft-HTTPAPI/2.0"
        ],
        "Server-SB": "Service-Bus-Resource-Provider/CH3",
        "Strict-Transport-Security": "max-age=31536000; includeSubDomains",
        "X-Content-Type-Options": "nosniff",
        "x-ms-client-request-id": "e470b33f1cdd865cc46752569199867c",
        "x-ms-correlation-request-id": "123d684d-56c0-45c3-9066-22e86fc705dd",
        "x-ms-ratelimit-remaining-subscription-reads": "11948",
        "x-ms-request-id": "4ba4f784-f40f-491f-ba2f-431a5575cadc_M11CH3_M11CH3",
        "x-ms-routing-request-id": "SOUTHEASTASIA:20211025T013453Z:123d684d-56c0-45c3-9066-22e86fc705dd"
      },
      "ResponseBody": {
        "sku": {
          "name": "Standard",
          "tier": "Standard",
          "capacity": 1
        },
        "id": "/subscriptions/db1ab6f0-4769-4b27-930e-01e2ef9c123c/resourceGroups/testeventhubRG-6699/providers/Microsoft.EventHub/namespaces/testnamespacemgmt431",
        "name": "testnamespacemgmt431",
        "type": "Microsoft.EventHub/Namespaces",
        "location": "East US 2",
        "tags": {},
        "properties": {
          "disableLocalAuth": false,
          "zoneRedundant": false,
          "isAutoInflateEnabled": false,
          "maximumThroughputUnits": 0,
          "kafkaEnabled": true,
          "provisioningState": "Succeeded",
          "metricId": "db1ab6f0-4769-4b27-930e-01e2ef9c123c:testnamespacemgmt431",
          "createdAt": "2021-10-25T01:33:20.937Z",
          "updatedAt": "2021-10-25T01:34:29.937Z",
          "serviceBusEndpoint": "https://testnamespacemgmt431.servicebus.windows.net:443/",
          "status": "Removing"
        }
      }
    },
    {
      "RequestUri": "https://management.azure.com/subscriptions/db1ab6f0-4769-4b27-930e-01e2ef9c123c/resourceGroups/testeventhubRG-6699/providers/Microsoft.EventHub/namespaces/testnamespacemgmt431/operationresults/testnamespacemgmt431?api-version=2021-06-01-preview",
      "RequestMethod": "GET",
      "RequestHeaders": {
        "Authorization": "Sanitized",
        "User-Agent": "azsdk-net-ResourceManager/1.0.0-beta.4 (.NET Framework 4.8.4300.0; Microsoft Windows 10.0.19043 )",
        "x-ms-client-request-id": "cc43717d818103b895dc20fd3b47ed13",
        "x-ms-return-client-request-id": "true"
      },
      "RequestBody": null,
      "StatusCode": 200,
      "ResponseHeaders": {
        "Cache-Control": "no-cache",
        "Content-Length": "0",
        "Date": "Mon, 25 Oct 2021 01:34:54 GMT",
        "Expires": "-1",
        "Pragma": "no-cache",
        "Server": [
          "Service-Bus-Resource-Provider/CH3",
          "Microsoft-HTTPAPI/2.0"
        ],
        "Server-SB": "Service-Bus-Resource-Provider/CH3",
        "Strict-Transport-Security": "max-age=31536000; includeSubDomains",
        "X-Content-Type-Options": "nosniff",
        "x-ms-client-request-id": "cc43717d818103b895dc20fd3b47ed13",
        "x-ms-correlation-request-id": "5cf79048-6a3b-408d-bfbd-7fd266bea1cc",
        "x-ms-ratelimit-remaining-subscription-reads": "11947",
        "x-ms-request-id": "19a4aa8d-e7c6-4076-b61d-2d478d51a011_M4CH3_M4CH3",
        "x-ms-routing-request-id": "SOUTHEASTASIA:20211025T013454Z:5cf79048-6a3b-408d-bfbd-7fd266bea1cc"
      },
      "ResponseBody": []
    }
  ],
  "Variables": {
    "RandomSeed": "409648729",
    "RESOURCE_MANAGER_URL": null,
    "SUBSCRIPTION_ID": "db1ab6f0-4769-4b27-930e-01e2ef9c123c"
  }
}