{
  "Entries": [
    {
      "RequestUri": "https://management.azure.com/subscriptions/326100e2-f69d-4268-8503-075374f62b6e?api-version=2021-01-01",
      "RequestMethod": "GET",
      "RequestHeaders": {
        "Accept": "application/json",
        "Authorization": "Sanitized",
        "traceparent": "00-99a7bc8e938e34e7af5f438ec3db1c61-aa65941fb2034e60-00",
        "User-Agent": "azsdk-net-ResourceManager/1.4.0 (.NET 6.0.16; Microsoft Windows 10.0.19044)",
        "x-ms-client-request-id": "bbddc08d6b86e2c5aefaf2e3a1a2b037",
        "x-ms-return-client-request-id": "true"
      },
      "RequestBody": null,
      "StatusCode": 200,
      "ResponseHeaders": {
        "Cache-Control": "no-cache",
        "Content-Length": "460",
        "Content-Type": "application/json; charset=utf-8",
        "Date": "Sat, 15 Apr 2023 01:13:06 GMT",
        "Expires": "-1",
        "Pragma": "no-cache",
        "Strict-Transport-Security": "max-age=31536000; includeSubDomains",
        "X-Content-Type-Options": "nosniff",
        "x-ms-correlation-request-id": "bf5c6dc6-bb82-45a8-a10d-c184c34fc938",
        "x-ms-ratelimit-remaining-subscription-reads": "11983",
        "x-ms-request-id": "bf5c6dc6-bb82-45a8-a10d-c184c34fc938",
        "x-ms-routing-request-id": "SOUTHCENTRALUS:20230415T011306Z:bf5c6dc6-bb82-45a8-a10d-c184c34fc938"
      },
      "ResponseBody": {
        "id": "/subscriptions/326100e2-f69d-4268-8503-075374f62b6e",
        "authorizationSource": "RoleBased",
        "managedByTenants": [
          {
            "tenantId": "2f4a9838-26b7-47ee-be60-ccc1fdec5953"
          }
        ],
        "subscriptionId": "326100e2-f69d-4268-8503-075374f62b6e",
        "tenantId": "72f988bf-86f1-41af-91ab-2d7cd011db47",
        "displayName": "Azure Messaging PM Playground",
        "state": "Enabled",
        "subscriptionPolicies": {
          "locationPlacementId": "Internal_2014-09-01",
          "quotaId": "Internal_2014-09-01",
          "spendingLimit": "Off"
        }
      }
    },
    {
      "RequestUri": "https://management.azure.com/subscriptions/326100e2-f69d-4268-8503-075374f62b6e/resourcegroups/testeventhubRG-6472?api-version=**",
      "RequestMethod": "PUT",
      "RequestHeaders": {
        "Accept": "application/json",
        "Authorization": "Sanitized",
        "Content-Length": "44",
        "Content-Type": "application/json",
        "traceparent": "00-9f3aae6d4f8aa2fc804e17b91bb89c89-c33d97e90ab8dcae-00",
        "User-Agent": "azsdk-net-ResourceManager/1.4.0 (.NET 6.0.16; Microsoft Windows 10.0.19044)",
        "x-ms-client-request-id": "b000817f4ce5540759c6caf64eabbd7d",
        "x-ms-return-client-request-id": "true"
      },
      "RequestBody": {
        "tags": {
          "test": "env"
        },
        "location": "eastus2"
      },
      "StatusCode": 201,
      "ResponseHeaders": {
        "Cache-Control": "no-cache",
        "Content-Length": "258",
        "Content-Type": "application/json; charset=utf-8",
        "Date": "Sat, 15 Apr 2023 01:13:07 GMT",
        "Expires": "-1",
        "Pragma": "no-cache",
        "Strict-Transport-Security": "max-age=31536000; includeSubDomains",
        "X-Content-Type-Options": "nosniff",
        "x-ms-correlation-request-id": "d6c86143-76b3-4375-8aeb-43548dde4677",
        "x-ms-ratelimit-remaining-subscription-writes": "1199",
        "x-ms-request-id": "d6c86143-76b3-4375-8aeb-43548dde4677",
        "x-ms-routing-request-id": "SOUTHCENTRALUS:20230415T011307Z:d6c86143-76b3-4375-8aeb-43548dde4677"
      },
      "ResponseBody": {
        "id": "/subscriptions/326100e2-f69d-4268-8503-075374f62b6e/resourceGroups/testeventhubRG-6472",
        "name": "testeventhubRG-6472",
        "type": "Microsoft.Resources/resourceGroups",
        "location": "eastus2",
        "tags": {
          "test": "env"
        },
        "properties": {
          "provisioningState": "Succeeded"
        }
      }
    },
    {
      "RequestUri": "https://management.azure.com/subscriptions/326100e2-f69d-4268-8503-075374f62b6e/providers/Microsoft.EventHub/checkNameAvailability?api-version=2022-10-01-preview",
      "RequestMethod": "POST",
      "RequestHeaders": {
        "Accept": "application/json",
        "Authorization": "Sanitized",
        "Content-Length": "32",
        "Content-Type": "application/json",
        "traceparent": "00-369a197eaff6da4238c6a2676aee7007-e054ca3876c12689-00",
        "User-Agent": "azsdk-net-ResourceManager.EventHubs/1.1.0-alpha.20230415.1 (.NET 6.0.16; Microsoft Windows 10.0.19044)",
        "x-ms-client-request-id": "94615daac42ac1b4aac174ea37672c0d",
        "x-ms-return-client-request-id": "true"
      },
      "RequestBody": {
        "name": "testnamespacemgmt5267"
      },
      "StatusCode": 200,
      "ResponseHeaders": {
        "Cache-Control": "no-cache",
        "Content-Length": "53",
        "Content-Type": "application/json; charset=utf-8",
        "Date": "Sat, 15 Apr 2023 01:13:07 GMT",
        "Expires": "-1",
        "Pragma": "no-cache",
        "Server": [
          "Service-Bus-Resource-Provider/SN1",
          "Microsoft-HTTPAPI/2.0"
        ],
        "Server-SB": "Service-Bus-Resource-Provider/SN1",
        "Strict-Transport-Security": "max-age=31536000; includeSubDomains",
        "X-Content-Type-Options": "nosniff",
        "x-ms-client-request-id": "94615daac42ac1b4aac174ea37672c0d",
        "x-ms-correlation-request-id": "4623b3ee-e547-44f0-89b4-7ed65e8dd3f8",
        "x-ms-ratelimit-remaining-subscription-writes": "1199",
        "x-ms-request-id": "b79dd96d-c3fa-4b40-a659-ff68698afe44_M2SN1_M2SN1",
        "x-ms-routing-request-id": "SOUTHCENTRALUS:20230415T011308Z:4623b3ee-e547-44f0-89b4-7ed65e8dd3f8"
      },
      "ResponseBody": {
        "nameAvailable": true,
        "reason": "None",
        "message": null
      }
    },
    {
      "RequestUri": "https://management.azure.com/subscriptions/326100e2-f69d-4268-8503-075374f62b6e/resourceGroups/testeventhubRG-6472/providers/Microsoft.EventHub/namespaces/testnamespacemgmt5267?api-version=2022-10-01-preview",
      "RequestMethod": "PUT",
      "RequestHeaders": {
        "Accept": "application/json",
        "Authorization": "Sanitized",
        "Content-Length": "48",
        "Content-Type": "application/json",
        "traceparent": "00-5516866a084f15057e8e01f2c602bf22-2e84b62d5138ffb4-00",
        "User-Agent": "azsdk-net-ResourceManager.EventHubs/1.1.0-alpha.20230415.1 (.NET 6.0.16; Microsoft Windows 10.0.19044)",
        "x-ms-client-request-id": "e3a89a62a75ed574662da4fbeb604f34",
        "x-ms-return-client-request-id": "true"
      },
      "RequestBody": {
        "tags": {},
        "location": "eastus2",
        "properties": {}
      },
      "StatusCode": 200,
      "ResponseHeaders": {
        "Cache-Control": "no-cache",
        "Content-Length": "794",
        "Content-Type": "application/json; charset=utf-8",
        "Date": "Sat, 15 Apr 2023 01:13:10 GMT",
        "Expires": "-1",
        "Pragma": "no-cache",
        "Server": [
          "Service-Bus-Resource-Provider/SN1",
          "Microsoft-HTTPAPI/2.0"
        ],
        "Server-SB": "Service-Bus-Resource-Provider/SN1",
        "Strict-Transport-Security": "max-age=31536000; includeSubDomains",
        "X-Content-Type-Options": "nosniff",
        "x-ms-client-request-id": "e3a89a62a75ed574662da4fbeb604f34",
        "x-ms-correlation-request-id": "0f1aafbe-2e76-4145-8ed9-7668efc54dc9",
        "x-ms-ratelimit-remaining-subscription-resource-requests": "49",
        "x-ms-request-id": "f7df8ef7-98af-4b4f-8080-e531f3fee4c6_M2SN1_M2SN1",
        "x-ms-routing-request-id": "SOUTHCENTRALUS:20230415T011311Z:0f1aafbe-2e76-4145-8ed9-7668efc54dc9"
      },
      "ResponseBody": {
        "sku": {
          "name": "Standard",
          "tier": "Standard",
          "capacity": 1
        },
        "id": "/subscriptions/326100e2-f69d-4268-8503-075374f62b6e/resourceGroups/testeventhubRG-6472/providers/Microsoft.EventHub/namespaces/testnamespacemgmt5267",
        "name": "testnamespacemgmt5267",
        "type": "Microsoft.EventHub/Namespaces",
        "location": "East US 2",
        "tags": {},
        "properties": {
          "minimumTlsVersion": "1.2",
          "publicNetworkAccess": "Enabled",
          "disableLocalAuth": false,
          "zoneRedundant": false,
          "isAutoInflateEnabled": false,
          "maximumThroughputUnits": 0,
          "kafkaEnabled": true,
          "provisioningState": "Created",
          "metricId": "326100e2-f69d-4268-8503-075374f62b6e:testnamespacemgmt5267",
          "createdAt": "2023-04-15T01:13:10.67Z",
          "updatedAt": "2023-04-15T01:13:10.67Z",
          "serviceBusEndpoint": "https://testnamespacemgmt5267.servicebus.windows.net:443/",
          "status": "Activating"
        }
      }
    },
    {
      "RequestUri": "https://management.azure.com/subscriptions/326100e2-f69d-4268-8503-075374f62b6e/resourceGroups/testeventhubRG-6472/providers/Microsoft.EventHub/namespaces/testnamespacemgmt5267?api-version=2022-10-01-preview",
      "RequestMethod": "GET",
      "RequestHeaders": {
        "Authorization": "Sanitized",
        "traceparent": "00-5516866a084f15057e8e01f2c602bf22-e7e4fb5207f96f3f-00",
        "User-Agent": "azsdk-net-ResourceManager/1.4.0 (.NET 6.0.16; Microsoft Windows 10.0.19044)",
        "x-ms-client-request-id": "11ebe89d9914028fe88b2dfd1fb9d54a",
        "x-ms-return-client-request-id": "true"
      },
      "RequestBody": null,
      "StatusCode": 200,
      "ResponseHeaders": {
        "Cache-Control": "no-cache",
        "Content-Length": "794",
        "Content-Type": "application/json; charset=utf-8",
        "Date": "Sat, 15 Apr 2023 01:13:11 GMT",
        "Expires": "-1",
        "Pragma": "no-cache",
        "Server": [
          "Service-Bus-Resource-Provider/SN1",
          "Microsoft-HTTPAPI/2.0"
        ],
        "Server-SB": "Service-Bus-Resource-Provider/SN1",
        "Strict-Transport-Security": "max-age=31536000; includeSubDomains",
        "X-Content-Type-Options": "nosniff",
        "x-ms-client-request-id": "11ebe89d9914028fe88b2dfd1fb9d54a",
        "x-ms-correlation-request-id": "e69c8aee-13e9-4794-badf-d3b3dc5e3fa2",
        "x-ms-ratelimit-remaining-subscription-reads": "11982",
        "x-ms-request-id": "aa07f140-7adb-4466-82e7-193849bde274_M2SN1_M2SN1",
        "x-ms-routing-request-id": "SOUTHCENTRALUS:20230415T011311Z:e69c8aee-13e9-4794-badf-d3b3dc5e3fa2"
      },
      "ResponseBody": {
        "sku": {
          "name": "Standard",
          "tier": "Standard",
          "capacity": 1
        },
        "id": "/subscriptions/326100e2-f69d-4268-8503-075374f62b6e/resourceGroups/testeventhubRG-6472/providers/Microsoft.EventHub/namespaces/testnamespacemgmt5267",
        "name": "testnamespacemgmt5267",
        "type": "Microsoft.EventHub/Namespaces",
        "location": "East US 2",
        "tags": {},
        "properties": {
          "minimumTlsVersion": "1.2",
          "publicNetworkAccess": "Enabled",
          "disableLocalAuth": false,
          "zoneRedundant": false,
          "isAutoInflateEnabled": false,
          "maximumThroughputUnits": 0,
          "kafkaEnabled": true,
          "provisioningState": "Created",
          "metricId": "326100e2-f69d-4268-8503-075374f62b6e:testnamespacemgmt5267",
          "createdAt": "2023-04-15T01:13:10.67Z",
          "updatedAt": "2023-04-15T01:13:10.67Z",
          "serviceBusEndpoint": "https://testnamespacemgmt5267.servicebus.windows.net:443/",
          "status": "Activating"
        }
      }
    },
    {
      "RequestUri": "https://management.azure.com/subscriptions/326100e2-f69d-4268-8503-075374f62b6e/resourceGroups/testeventhubRG-6472/providers/Microsoft.EventHub/namespaces/testnamespacemgmt5267?api-version=2022-10-01-preview",
      "RequestMethod": "GET",
      "RequestHeaders": {
        "Authorization": "Sanitized",
        "traceparent": "00-5516866a084f15057e8e01f2c602bf22-0e3d1eb34c2a7ca0-00",
        "User-Agent": "azsdk-net-ResourceManager/1.4.0 (.NET 6.0.16; Microsoft Windows 10.0.19044)",
        "x-ms-client-request-id": "82844072d96e7e3745eb986f6cea42fc",
        "x-ms-return-client-request-id": "true"
      },
      "RequestBody": null,
      "StatusCode": 200,
      "ResponseHeaders": {
        "Cache-Control": "no-cache",
        "Content-Length": "794",
        "Content-Type": "application/json; charset=utf-8",
        "Date": "Sat, 15 Apr 2023 01:13:12 GMT",
        "Expires": "-1",
        "Pragma": "no-cache",
        "Server": [
          "Service-Bus-Resource-Provider/SN1",
          "Microsoft-HTTPAPI/2.0"
        ],
        "Server-SB": "Service-Bus-Resource-Provider/SN1",
        "Strict-Transport-Security": "max-age=31536000; includeSubDomains",
        "X-Content-Type-Options": "nosniff",
        "x-ms-client-request-id": "82844072d96e7e3745eb986f6cea42fc",
        "x-ms-correlation-request-id": "18b310d7-c2ad-4194-8d14-c2d06e436a9c",
        "x-ms-ratelimit-remaining-subscription-reads": "11981",
        "x-ms-request-id": "09095da6-9225-4830-a842-01349b09c3e7_M2SN1_M2SN1",
        "x-ms-routing-request-id": "SOUTHCENTRALUS:20230415T011312Z:18b310d7-c2ad-4194-8d14-c2d06e436a9c"
      },
      "ResponseBody": {
        "sku": {
          "name": "Standard",
          "tier": "Standard",
          "capacity": 1
        },
        "id": "/subscriptions/326100e2-f69d-4268-8503-075374f62b6e/resourceGroups/testeventhubRG-6472/providers/Microsoft.EventHub/namespaces/testnamespacemgmt5267",
        "name": "testnamespacemgmt5267",
        "type": "Microsoft.EventHub/Namespaces",
        "location": "East US 2",
        "tags": {},
        "properties": {
          "minimumTlsVersion": "1.2",
          "publicNetworkAccess": "Enabled",
          "disableLocalAuth": false,
          "zoneRedundant": false,
          "isAutoInflateEnabled": false,
          "maximumThroughputUnits": 0,
          "kafkaEnabled": true,
          "provisioningState": "Created",
          "metricId": "326100e2-f69d-4268-8503-075374f62b6e:testnamespacemgmt5267",
          "createdAt": "2023-04-15T01:13:10.67Z",
          "updatedAt": "2023-04-15T01:13:10.67Z",
          "serviceBusEndpoint": "https://testnamespacemgmt5267.servicebus.windows.net:443/",
          "status": "Activating"
        }
      }
    },
    {
      "RequestUri": "https://management.azure.com/subscriptions/326100e2-f69d-4268-8503-075374f62b6e/resourceGroups/testeventhubRG-6472/providers/Microsoft.EventHub/namespaces/testnamespacemgmt5267?api-version=2022-10-01-preview",
      "RequestMethod": "GET",
      "RequestHeaders": {
        "Authorization": "Sanitized",
        "traceparent": "00-5516866a084f15057e8e01f2c602bf22-642e7bba9d171a87-00",
        "User-Agent": "azsdk-net-ResourceManager/1.4.0 (.NET 6.0.16; Microsoft Windows 10.0.19044)",
        "x-ms-client-request-id": "025d440a3d74cc1f25f56a4ab6569d91",
        "x-ms-return-client-request-id": "true"
      },
      "RequestBody": null,
      "StatusCode": 200,
      "ResponseHeaders": {
        "Cache-Control": "no-cache",
        "Content-Length": "794",
        "Content-Type": "application/json; charset=utf-8",
        "Date": "Sat, 15 Apr 2023 01:13:13 GMT",
        "Expires": "-1",
        "Pragma": "no-cache",
        "Server": [
          "Service-Bus-Resource-Provider/SN1",
          "Microsoft-HTTPAPI/2.0"
        ],
        "Server-SB": "Service-Bus-Resource-Provider/SN1",
        "Strict-Transport-Security": "max-age=31536000; includeSubDomains",
        "X-Content-Type-Options": "nosniff",
        "x-ms-client-request-id": "025d440a3d74cc1f25f56a4ab6569d91",
        "x-ms-correlation-request-id": "431c74d6-ad47-4386-8c34-63e553561082",
        "x-ms-ratelimit-remaining-subscription-reads": "11980",
        "x-ms-request-id": "80d22d7a-4957-4075-ba32-ff72a66986e5_M2SN1_M2SN1",
        "x-ms-routing-request-id": "SOUTHCENTRALUS:20230415T011314Z:431c74d6-ad47-4386-8c34-63e553561082"
      },
      "ResponseBody": {
        "sku": {
          "name": "Standard",
          "tier": "Standard",
          "capacity": 1
        },
        "id": "/subscriptions/326100e2-f69d-4268-8503-075374f62b6e/resourceGroups/testeventhubRG-6472/providers/Microsoft.EventHub/namespaces/testnamespacemgmt5267",
        "name": "testnamespacemgmt5267",
        "type": "Microsoft.EventHub/Namespaces",
        "location": "East US 2",
        "tags": {},
        "properties": {
          "minimumTlsVersion": "1.2",
          "publicNetworkAccess": "Enabled",
          "disableLocalAuth": false,
          "zoneRedundant": false,
          "isAutoInflateEnabled": false,
          "maximumThroughputUnits": 0,
          "kafkaEnabled": true,
          "provisioningState": "Created",
          "metricId": "326100e2-f69d-4268-8503-075374f62b6e:testnamespacemgmt5267",
          "createdAt": "2023-04-15T01:13:10.67Z",
          "updatedAt": "2023-04-15T01:13:10.67Z",
          "serviceBusEndpoint": "https://testnamespacemgmt5267.servicebus.windows.net:443/",
          "status": "Activating"
        }
      }
    },
    {
      "RequestUri": "https://management.azure.com/subscriptions/326100e2-f69d-4268-8503-075374f62b6e/resourceGroups/testeventhubRG-6472/providers/Microsoft.EventHub/namespaces/testnamespacemgmt5267?api-version=2022-10-01-preview",
      "RequestMethod": "GET",
      "RequestHeaders": {
        "Authorization": "Sanitized",
        "traceparent": "00-5516866a084f15057e8e01f2c602bf22-e7cfc1215a50d710-00",
        "User-Agent": "azsdk-net-ResourceManager/1.4.0 (.NET 6.0.16; Microsoft Windows 10.0.19044)",
        "x-ms-client-request-id": "5217f0199fe6c3f0b06ccb29011f96fe",
        "x-ms-return-client-request-id": "true"
      },
      "RequestBody": null,
      "StatusCode": 200,
      "ResponseHeaders": {
        "Cache-Control": "no-cache",
        "Content-Length": "794",
        "Content-Type": "application/json; charset=utf-8",
        "Date": "Sat, 15 Apr 2023 01:13:15 GMT",
        "Expires": "-1",
        "Pragma": "no-cache",
        "Server": [
          "Service-Bus-Resource-Provider/SN1",
          "Microsoft-HTTPAPI/2.0"
        ],
        "Server-SB": "Service-Bus-Resource-Provider/SN1",
        "Strict-Transport-Security": "max-age=31536000; includeSubDomains",
        "X-Content-Type-Options": "nosniff",
        "x-ms-client-request-id": "5217f0199fe6c3f0b06ccb29011f96fe",
        "x-ms-correlation-request-id": "9b022305-78dc-49a5-9131-5a0215d392ab",
        "x-ms-ratelimit-remaining-subscription-reads": "11979",
        "x-ms-request-id": "e1900aef-2d17-4167-a933-a79c3f5d57a0_M2SN1_M2SN1",
        "x-ms-routing-request-id": "SOUTHCENTRALUS:20230415T011315Z:9b022305-78dc-49a5-9131-5a0215d392ab"
      },
      "ResponseBody": {
        "sku": {
          "name": "Standard",
          "tier": "Standard",
          "capacity": 1
        },
        "id": "/subscriptions/326100e2-f69d-4268-8503-075374f62b6e/resourceGroups/testeventhubRG-6472/providers/Microsoft.EventHub/namespaces/testnamespacemgmt5267",
        "name": "testnamespacemgmt5267",
        "type": "Microsoft.EventHub/Namespaces",
        "location": "East US 2",
        "tags": {},
        "properties": {
          "minimumTlsVersion": "1.2",
          "publicNetworkAccess": "Enabled",
          "disableLocalAuth": false,
          "zoneRedundant": false,
          "isAutoInflateEnabled": false,
          "maximumThroughputUnits": 0,
          "kafkaEnabled": true,
          "provisioningState": "Created",
          "metricId": "326100e2-f69d-4268-8503-075374f62b6e:testnamespacemgmt5267",
          "createdAt": "2023-04-15T01:13:10.67Z",
          "updatedAt": "2023-04-15T01:13:10.67Z",
          "serviceBusEndpoint": "https://testnamespacemgmt5267.servicebus.windows.net:443/",
          "status": "Activating"
        }
      }
    },
    {
      "RequestUri": "https://management.azure.com/subscriptions/326100e2-f69d-4268-8503-075374f62b6e/resourceGroups/testeventhubRG-6472/providers/Microsoft.EventHub/namespaces/testnamespacemgmt5267?api-version=2022-10-01-preview",
      "RequestMethod": "GET",
      "RequestHeaders": {
        "Authorization": "Sanitized",
        "traceparent": "00-5516866a084f15057e8e01f2c602bf22-0f55c01aabe0bb70-00",
        "User-Agent": "azsdk-net-ResourceManager/1.4.0 (.NET 6.0.16; Microsoft Windows 10.0.19044)",
        "x-ms-client-request-id": "dbf33149d35c34d620b75d786fedc8ef",
        "x-ms-return-client-request-id": "true"
      },
      "RequestBody": null,
      "StatusCode": 200,
      "ResponseHeaders": {
        "Cache-Control": "no-cache",
        "Content-Length": "794",
        "Content-Type": "application/json; charset=utf-8",
        "Date": "Sat, 15 Apr 2023 01:13:17 GMT",
        "Expires": "-1",
        "Pragma": "no-cache",
        "Server": [
          "Service-Bus-Resource-Provider/SN1",
          "Microsoft-HTTPAPI/2.0"
        ],
        "Server-SB": "Service-Bus-Resource-Provider/SN1",
        "Strict-Transport-Security": "max-age=31536000; includeSubDomains",
        "X-Content-Type-Options": "nosniff",
        "x-ms-client-request-id": "dbf33149d35c34d620b75d786fedc8ef",
        "x-ms-correlation-request-id": "80c1cf34-2308-4155-9fc9-28c51542d398",
        "x-ms-ratelimit-remaining-subscription-reads": "11978",
        "x-ms-request-id": "c43b3112-0ab1-4291-988f-d545da651e70_M2SN1_M2SN1",
        "x-ms-routing-request-id": "SOUTHCENTRALUS:20230415T011317Z:80c1cf34-2308-4155-9fc9-28c51542d398"
      },
      "ResponseBody": {
        "sku": {
          "name": "Standard",
          "tier": "Standard",
          "capacity": 1
        },
        "id": "/subscriptions/326100e2-f69d-4268-8503-075374f62b6e/resourceGroups/testeventhubRG-6472/providers/Microsoft.EventHub/namespaces/testnamespacemgmt5267",
        "name": "testnamespacemgmt5267",
        "type": "Microsoft.EventHub/Namespaces",
        "location": "East US 2",
        "tags": {},
        "properties": {
          "minimumTlsVersion": "1.2",
          "publicNetworkAccess": "Enabled",
          "disableLocalAuth": false,
          "zoneRedundant": false,
          "isAutoInflateEnabled": false,
          "maximumThroughputUnits": 0,
          "kafkaEnabled": true,
          "provisioningState": "Created",
          "metricId": "326100e2-f69d-4268-8503-075374f62b6e:testnamespacemgmt5267",
          "createdAt": "2023-04-15T01:13:10.67Z",
          "updatedAt": "2023-04-15T01:13:10.67Z",
          "serviceBusEndpoint": "https://testnamespacemgmt5267.servicebus.windows.net:443/",
          "status": "Activating"
        }
      }
    },
    {
      "RequestUri": "https://management.azure.com/subscriptions/326100e2-f69d-4268-8503-075374f62b6e/resourceGroups/testeventhubRG-6472/providers/Microsoft.EventHub/namespaces/testnamespacemgmt5267?api-version=2022-10-01-preview",
      "RequestMethod": "GET",
      "RequestHeaders": {
        "Authorization": "Sanitized",
        "traceparent": "00-5516866a084f15057e8e01f2c602bf22-522e5e2c2b479b1d-00",
        "User-Agent": "azsdk-net-ResourceManager/1.4.0 (.NET 6.0.16; Microsoft Windows 10.0.19044)",
        "x-ms-client-request-id": "7c55074df0d26b155399510772f5cb05",
        "x-ms-return-client-request-id": "true"
      },
      "RequestBody": null,
      "StatusCode": 200,
      "ResponseHeaders": {
        "Cache-Control": "no-cache",
        "Content-Length": "794",
        "Content-Type": "application/json; charset=utf-8",
        "Date": "Sat, 15 Apr 2023 01:13:21 GMT",
        "Expires": "-1",
        "Pragma": "no-cache",
        "Server": [
          "Service-Bus-Resource-Provider/SN1",
          "Microsoft-HTTPAPI/2.0"
        ],
        "Server-SB": "Service-Bus-Resource-Provider/SN1",
        "Strict-Transport-Security": "max-age=31536000; includeSubDomains",
        "X-Content-Type-Options": "nosniff",
        "x-ms-client-request-id": "7c55074df0d26b155399510772f5cb05",
        "x-ms-correlation-request-id": "f391313d-a763-40ad-92a1-e7f8aa23d19a",
        "x-ms-ratelimit-remaining-subscription-reads": "11977",
        "x-ms-request-id": "48d5c557-03ee-43a5-a4a0-2d1a61f88184_M2SN1_M2SN1",
        "x-ms-routing-request-id": "SOUTHCENTRALUS:20230415T011322Z:f391313d-a763-40ad-92a1-e7f8aa23d19a"
      },
      "ResponseBody": {
        "sku": {
          "name": "Standard",
          "tier": "Standard",
          "capacity": 1
        },
        "id": "/subscriptions/326100e2-f69d-4268-8503-075374f62b6e/resourceGroups/testeventhubRG-6472/providers/Microsoft.EventHub/namespaces/testnamespacemgmt5267",
        "name": "testnamespacemgmt5267",
        "type": "Microsoft.EventHub/Namespaces",
        "location": "East US 2",
        "tags": {},
        "properties": {
          "minimumTlsVersion": "1.2",
          "publicNetworkAccess": "Enabled",
          "disableLocalAuth": false,
          "zoneRedundant": false,
          "isAutoInflateEnabled": false,
          "maximumThroughputUnits": 0,
          "kafkaEnabled": true,
          "provisioningState": "Created",
          "metricId": "326100e2-f69d-4268-8503-075374f62b6e:testnamespacemgmt5267",
          "createdAt": "2023-04-15T01:13:10.67Z",
          "updatedAt": "2023-04-15T01:13:10.67Z",
          "serviceBusEndpoint": "https://testnamespacemgmt5267.servicebus.windows.net:443/",
          "status": "Activating"
        }
      }
    },
    {
      "RequestUri": "https://management.azure.com/subscriptions/326100e2-f69d-4268-8503-075374f62b6e/resourceGroups/testeventhubRG-6472/providers/Microsoft.EventHub/namespaces/testnamespacemgmt5267?api-version=2022-10-01-preview",
      "RequestMethod": "GET",
      "RequestHeaders": {
        "Authorization": "Sanitized",
        "traceparent": "00-5516866a084f15057e8e01f2c602bf22-9105c22888332863-00",
        "User-Agent": "azsdk-net-ResourceManager/1.4.0 (.NET 6.0.16; Microsoft Windows 10.0.19044)",
        "x-ms-client-request-id": "84016b5fc26346351ae3312f427754c3",
        "x-ms-return-client-request-id": "true"
      },
      "RequestBody": null,
      "StatusCode": 200,
      "ResponseHeaders": {
        "Cache-Control": "no-cache",
        "Content-Length": "794",
        "Content-Type": "application/json; charset=utf-8",
        "Date": "Sat, 15 Apr 2023 01:13:29 GMT",
        "Expires": "-1",
        "Pragma": "no-cache",
        "Server": [
          "Service-Bus-Resource-Provider/SN1",
          "Microsoft-HTTPAPI/2.0"
        ],
        "Server-SB": "Service-Bus-Resource-Provider/SN1",
        "Strict-Transport-Security": "max-age=31536000; includeSubDomains",
        "X-Content-Type-Options": "nosniff",
        "x-ms-client-request-id": "84016b5fc26346351ae3312f427754c3",
        "x-ms-correlation-request-id": "1acac70a-b516-45c0-a807-595b6ed0c151",
        "x-ms-ratelimit-remaining-subscription-reads": "11976",
        "x-ms-request-id": "8c8c9fe5-b6ab-4d87-bcd1-b03abe6b37b0_M2SN1_M2SN1",
        "x-ms-routing-request-id": "SOUTHCENTRALUS:20230415T011330Z:1acac70a-b516-45c0-a807-595b6ed0c151"
      },
      "ResponseBody": {
        "sku": {
          "name": "Standard",
          "tier": "Standard",
          "capacity": 1
        },
        "id": "/subscriptions/326100e2-f69d-4268-8503-075374f62b6e/resourceGroups/testeventhubRG-6472/providers/Microsoft.EventHub/namespaces/testnamespacemgmt5267",
        "name": "testnamespacemgmt5267",
        "type": "Microsoft.EventHub/Namespaces",
        "location": "East US 2",
        "tags": {},
        "properties": {
          "minimumTlsVersion": "1.2",
          "publicNetworkAccess": "Enabled",
          "disableLocalAuth": false,
          "zoneRedundant": false,
          "isAutoInflateEnabled": false,
          "maximumThroughputUnits": 0,
          "kafkaEnabled": true,
          "provisioningState": "Created",
          "metricId": "326100e2-f69d-4268-8503-075374f62b6e:testnamespacemgmt5267",
          "createdAt": "2023-04-15T01:13:10.67Z",
          "updatedAt": "2023-04-15T01:13:10.67Z",
          "serviceBusEndpoint": "https://testnamespacemgmt5267.servicebus.windows.net:443/",
          "status": "Activating"
        }
      }
    },
    {
      "RequestUri": "https://management.azure.com/subscriptions/326100e2-f69d-4268-8503-075374f62b6e/resourceGroups/testeventhubRG-6472/providers/Microsoft.EventHub/namespaces/testnamespacemgmt5267?api-version=2022-10-01-preview",
      "RequestMethod": "GET",
      "RequestHeaders": {
        "Authorization": "Sanitized",
        "traceparent": "00-5516866a084f15057e8e01f2c602bf22-9bdeb390e4598f71-00",
        "User-Agent": "azsdk-net-ResourceManager/1.4.0 (.NET 6.0.16; Microsoft Windows 10.0.19044)",
        "x-ms-client-request-id": "f9dcdba41aca592c1c8787c281cec22b",
        "x-ms-return-client-request-id": "true"
      },
      "RequestBody": null,
      "StatusCode": 200,
      "ResponseHeaders": {
        "Cache-Control": "no-cache",
        "Content-Length": "794",
        "Content-Type": "application/json; charset=utf-8",
        "Date": "Sat, 15 Apr 2023 01:13:46 GMT",
        "Expires": "-1",
        "Pragma": "no-cache",
        "Server": [
          "Service-Bus-Resource-Provider/SN1",
          "Microsoft-HTTPAPI/2.0"
        ],
        "Server-SB": "Service-Bus-Resource-Provider/SN1",
        "Strict-Transport-Security": "max-age=31536000; includeSubDomains",
        "X-Content-Type-Options": "nosniff",
        "x-ms-client-request-id": "f9dcdba41aca592c1c8787c281cec22b",
        "x-ms-correlation-request-id": "37500036-cbb7-4499-9a4d-89846fcfdd61",
        "x-ms-ratelimit-remaining-subscription-reads": "11975",
        "x-ms-request-id": "6da8436a-5001-4e5a-9680-eea1b0bb5460_M2SN1_M2SN1",
        "x-ms-routing-request-id": "SOUTHCENTRALUS:20230415T011347Z:37500036-cbb7-4499-9a4d-89846fcfdd61"
      },
      "ResponseBody": {
        "sku": {
          "name": "Standard",
          "tier": "Standard",
          "capacity": 1
        },
        "id": "/subscriptions/326100e2-f69d-4268-8503-075374f62b6e/resourceGroups/testeventhubRG-6472/providers/Microsoft.EventHub/namespaces/testnamespacemgmt5267",
        "name": "testnamespacemgmt5267",
        "type": "Microsoft.EventHub/Namespaces",
        "location": "East US 2",
        "tags": {},
        "properties": {
          "minimumTlsVersion": "1.2",
          "publicNetworkAccess": "Enabled",
          "disableLocalAuth": false,
          "zoneRedundant": false,
          "isAutoInflateEnabled": false,
          "maximumThroughputUnits": 0,
          "kafkaEnabled": true,
          "provisioningState": "Created",
          "metricId": "326100e2-f69d-4268-8503-075374f62b6e:testnamespacemgmt5267",
          "createdAt": "2023-04-15T01:13:10.67Z",
          "updatedAt": "2023-04-15T01:13:10.67Z",
          "serviceBusEndpoint": "https://testnamespacemgmt5267.servicebus.windows.net:443/",
          "status": "Activating"
        }
      }
    },
    {
      "RequestUri": "https://management.azure.com/subscriptions/326100e2-f69d-4268-8503-075374f62b6e/resourceGroups/testeventhubRG-6472/providers/Microsoft.EventHub/namespaces/testnamespacemgmt5267?api-version=2022-10-01-preview",
      "RequestMethod": "GET",
      "RequestHeaders": {
        "Authorization": "Sanitized",
        "traceparent": "00-5516866a084f15057e8e01f2c602bf22-54b5c20fec2df598-00",
        "User-Agent": "azsdk-net-ResourceManager/1.4.0 (.NET 6.0.16; Microsoft Windows 10.0.19044)",
        "x-ms-client-request-id": "031958ec43ec8a8cd10f61efbee629dc",
        "x-ms-return-client-request-id": "true"
      },
      "RequestBody": null,
      "StatusCode": 200,
      "ResponseHeaders": {
        "Cache-Control": "no-cache",
        "Content-Length": "792",
        "Content-Type": "application/json; charset=utf-8",
        "Date": "Sat, 15 Apr 2023 01:14:18 GMT",
        "Expires": "-1",
        "Pragma": "no-cache",
        "Server": [
          "Service-Bus-Resource-Provider/SN1",
          "Microsoft-HTTPAPI/2.0"
        ],
        "Server-SB": "Service-Bus-Resource-Provider/SN1",
        "Strict-Transport-Security": "max-age=31536000; includeSubDomains",
        "X-Content-Type-Options": "nosniff",
        "x-ms-client-request-id": "031958ec43ec8a8cd10f61efbee629dc",
        "x-ms-correlation-request-id": "7b508024-a23b-439b-b99e-f7fe41e4fcbe",
        "x-ms-ratelimit-remaining-subscription-reads": "11974",
        "x-ms-request-id": "19ac6615-e7f0-4453-993a-730dcba5ce8d_M2SN1_M2SN1",
        "x-ms-routing-request-id": "SOUTHCENTRALUS:20230415T011419Z:7b508024-a23b-439b-b99e-f7fe41e4fcbe"
      },
      "ResponseBody": {
        "sku": {
          "name": "Standard",
          "tier": "Standard",
          "capacity": 1
        },
        "id": "/subscriptions/326100e2-f69d-4268-8503-075374f62b6e/resourceGroups/testeventhubRG-6472/providers/Microsoft.EventHub/namespaces/testnamespacemgmt5267",
        "name": "testnamespacemgmt5267",
        "type": "Microsoft.EventHub/Namespaces",
        "location": "East US 2",
        "tags": {},
        "properties": {
          "minimumTlsVersion": "1.2",
          "publicNetworkAccess": "Enabled",
          "disableLocalAuth": false,
          "zoneRedundant": false,
          "isAutoInflateEnabled": false,
          "maximumThroughputUnits": 0,
          "kafkaEnabled": true,
          "provisioningState": "Succeeded",
          "metricId": "326100e2-f69d-4268-8503-075374f62b6e:testnamespacemgmt5267",
          "createdAt": "2023-04-15T01:13:10.67Z",
          "updatedAt": "2023-04-15T01:13:57.47Z",
          "serviceBusEndpoint": "https://testnamespacemgmt5267.servicebus.windows.net:443/",
          "status": "Active"
        }
      }
    },
    {
      "RequestUri": "https://management.azure.com/subscriptions/326100e2-f69d-4268-8503-075374f62b6e/resourceGroups/testeventhubRG-6472/providers/Microsoft.EventHub/namespaces/testnamespacemgmt5267/eventhubs/eventhub3735?api-version=2022-10-01-preview",
      "RequestMethod": "PUT",
      "RequestHeaders": {
        "Accept": "application/json",
        "Authorization": "Sanitized",
        "Content-Length": "17",
        "Content-Type": "application/json",
        "traceparent": "00-b4a14b4160fd2fec96a26ebd29cfacba-f5d4d56797c8f804-00",
        "User-Agent": "azsdk-net-ResourceManager.EventHubs/1.1.0-alpha.20230415.1 (.NET 6.0.16; Microsoft Windows 10.0.19044)",
        "x-ms-client-request-id": "1896638e3ad13f45a868db3b73c44b20",
        "x-ms-return-client-request-id": "true"
      },
      "RequestBody": {
        "properties": {}
      },
      "StatusCode": 200,
      "ResponseHeaders": {
        "Cache-Control": "no-cache",
        "Content-Length": "539",
        "Content-Type": "application/json; charset=utf-8",
        "Date": "Sat, 15 Apr 2023 01:14:21 GMT",
        "Expires": "-1",
        "Pragma": "no-cache",
        "Server": "Microsoft-HTTPAPI/2.0",
        "Strict-Transport-Security": "max-age=31536000; includeSubDomains",
        "X-Content-Type-Options": "nosniff",
        "x-ms-correlation-request-id": "d5e08bf4-eed2-4375-b03b-a61351e67e56",
        "x-ms-ratelimit-remaining-subscription-writes": "1198",
        "x-ms-request-id": "d5e08bf4-eed2-4375-b03b-a61351e67e56",
        "x-ms-routing-request-id": "SOUTHCENTRALUS:20230415T011421Z:d5e08bf4-eed2-4375-b03b-a61351e67e56"
      },
      "ResponseBody": {
        "id": "/subscriptions/326100e2-f69d-4268-8503-075374f62b6e/resourceGroups/testeventhubRG-6472/providers/Microsoft.EventHub/namespaces/testnamespacemgmt5267/eventhubs/eventhub3735",
        "name": "eventhub3735",
        "type": "Microsoft.EventHub/namespaces/eventhubs",
        "location": "eastus2",
        "properties": {
          "retentionDescription": {
            "cleanupPolicy": "Delete",
            "retentionTimeInHours": 168
          },
          "messageRetentionInDays": 7,
          "partitionCount": 4,
          "status": "Active",
          "createdAt": "2023-04-15T01:14:21.377Z",
          "updatedAt": "2023-04-15T01:14:21.567Z",
          "partitionIds": [
            "0",
            "1",
            "2",
            "3"
          ]
        }
      }
    },
    {
      "RequestUri": "https://management.azure.com/subscriptions/326100e2-f69d-4268-8503-075374f62b6e/resourceGroups/testeventhubRG-6472/providers/Microsoft.EventHub/namespaces/testnamespacemgmt5267/eventhubs/eventhub3735/consumergroups/testconsumergroup2597?api-version=2022-10-01-preview",
      "RequestMethod": "PUT",
      "RequestHeaders": {
        "Accept": "application/json",
        "Authorization": "Sanitized",
        "Content-Length": "17",
        "Content-Type": "application/json",
        "traceparent": "00-4f02f1b719c57d98f48b889884d35352-69cf3d084395ff33-00",
        "User-Agent": "azsdk-net-ResourceManager.EventHubs/1.1.0-alpha.20230415.1 (.NET 6.0.16; Microsoft Windows 10.0.19044)",
        "x-ms-client-request-id": "505eea4260d6514f28bbb83d9a355eab",
        "x-ms-return-client-request-id": "true"
      },
      "RequestBody": {
        "properties": {}
      },
      "StatusCode": 200,
      "ResponseHeaders": {
        "Cache-Control": "no-cache",
        "Content-Length": "434",
        "Content-Type": "application/json; charset=utf-8",
        "Date": "Sat, 15 Apr 2023 01:14:22 GMT",
        "Expires": "-1",
        "Pragma": "no-cache",
        "Server": "Microsoft-HTTPAPI/2.0",
        "Strict-Transport-Security": "max-age=31536000; includeSubDomains",
        "X-Content-Type-Options": "nosniff",
        "x-ms-correlation-request-id": "2b42d8b8-f599-426f-b284-628702c4d70f",
        "x-ms-ratelimit-remaining-subscription-writes": "1197",
        "x-ms-request-id": "2b42d8b8-f599-426f-b284-628702c4d70f",
        "x-ms-routing-request-id": "SOUTHCENTRALUS:20230415T011423Z:2b42d8b8-f599-426f-b284-628702c4d70f"
      },
      "ResponseBody": {
        "id": "/subscriptions/326100e2-f69d-4268-8503-075374f62b6e/resourceGroups/testeventhubRG-6472/providers/Microsoft.EventHub/namespaces/testnamespacemgmt5267/eventhubs/eventhub3735/consumergroups/testconsumergroup2597",
        "name": "testconsumergroup2597",
        "type": "Microsoft.EventHub/namespaces/eventhubs/consumergroups",
        "location": "eastus2",
        "properties": {
          "createdAt": "2023-04-15T01:14:23.2127402Z",
          "updatedAt": "2023-04-15T01:14:23.2127402Z"
        }
      }
    },
    {
      "RequestUri": "https://management.azure.com/subscriptions/326100e2-f69d-4268-8503-075374f62b6e/resourceGroups/testeventhubRG-6472/providers/Microsoft.EventHub/namespaces/testnamespacemgmt5267/eventhubs/eventhub3735/consumergroups/testconsumergroup2597?api-version=2022-10-01-preview",
      "RequestMethod": "GET",
      "RequestHeaders": {
        "Accept": "application/json",
        "Authorization": "Sanitized",
        "traceparent": "00-f7ba74f39219c5976b74f0901b18b888-119a6f47da879014-00",
        "User-Agent": "azsdk-net-ResourceManager.EventHubs/1.1.0-alpha.20230415.1 (.NET 6.0.16; Microsoft Windows 10.0.19044)",
        "x-ms-client-request-id": "2b6bf37d1b12d41dc444dbb14f5e4a15",
        "x-ms-return-client-request-id": "true"
      },
      "RequestBody": null,
      "StatusCode": 200,
      "ResponseHeaders": {
        "Cache-Control": "no-cache",
        "Content-Length": "426",
        "Content-Type": "application/json; charset=utf-8",
        "Date": "Sat, 15 Apr 2023 01:14:22 GMT",
        "Expires": "-1",
        "Pragma": "no-cache",
        "Server": "Microsoft-HTTPAPI/2.0",
        "Strict-Transport-Security": "max-age=31536000; includeSubDomains",
        "X-Content-Type-Options": "nosniff",
        "x-ms-correlation-request-id": "187b3e8e-0e77-4c8b-b405-00d8d24c8eb5",
        "x-ms-ratelimit-remaining-subscription-reads": "11973",
        "x-ms-request-id": "187b3e8e-0e77-4c8b-b405-00d8d24c8eb5",
        "x-ms-routing-request-id": "SOUTHCENTRALUS:20230415T011423Z:187b3e8e-0e77-4c8b-b405-00d8d24c8eb5"
      },
      "ResponseBody": {
        "id": "/subscriptions/326100e2-f69d-4268-8503-075374f62b6e/resourceGroups/testeventhubRG-6472/providers/Microsoft.EventHub/namespaces/testnamespacemgmt5267/eventhubs/eventhub3735/consumergroups/testconsumergroup2597",
        "name": "testconsumergroup2597",
        "type": "Microsoft.EventHub/namespaces/eventhubs/consumergroups",
        "location": "eastus2",
        "properties": {
          "createdAt": "2023-04-15T01:14:23.213Z",
          "updatedAt": "2023-04-15T01:14:23.213Z"
        }
      }
    },
    {
      "RequestUri": "https://management.azure.com/subscriptions/326100e2-f69d-4268-8503-075374f62b6e/resourceGroups/testeventhubRG-6472/providers/Microsoft.EventHub/namespaces/testnamespacemgmt5267/eventhubs/eventhub3735/consumergroups/testconsumergroup2597?api-version=2022-10-01-preview",
      "RequestMethod": "GET",
      "RequestHeaders": {
        "Accept": "application/json",
        "Authorization": "Sanitized",
        "traceparent": "00-f7dcc8df91e0d605849482e81fe0f796-e02e7a101a548df2-00",
        "User-Agent": "azsdk-net-ResourceManager.EventHubs/1.1.0-alpha.20230415.1 (.NET 6.0.16; Microsoft Windows 10.0.19044)",
        "x-ms-client-request-id": "3fa3b8cef47d02b747c7a97f8c020d32",
        "x-ms-return-client-request-id": "true"
      },
      "RequestBody": null,
      "StatusCode": 200,
      "ResponseHeaders": {
        "Cache-Control": "no-cache",
        "Content-Length": "426",
        "Content-Type": "application/json; charset=utf-8",
        "Date": "Sat, 15 Apr 2023 01:14:22 GMT",
        "Expires": "-1",
        "Pragma": "no-cache",
        "Server": "Microsoft-HTTPAPI/2.0",
        "Strict-Transport-Security": "max-age=31536000; includeSubDomains",
        "X-Content-Type-Options": "nosniff",
        "x-ms-correlation-request-id": "e34e63e2-8ed1-4266-848c-8bae2926ced2",
        "x-ms-ratelimit-remaining-subscription-reads": "11972",
        "x-ms-request-id": "e34e63e2-8ed1-4266-848c-8bae2926ced2",
        "x-ms-routing-request-id": "SOUTHCENTRALUS:20230415T011423Z:e34e63e2-8ed1-4266-848c-8bae2926ced2"
      },
      "ResponseBody": {
        "id": "/subscriptions/326100e2-f69d-4268-8503-075374f62b6e/resourceGroups/testeventhubRG-6472/providers/Microsoft.EventHub/namespaces/testnamespacemgmt5267/eventhubs/eventhub3735/consumergroups/testconsumergroup2597",
        "name": "testconsumergroup2597",
        "type": "Microsoft.EventHub/namespaces/eventhubs/consumergroups",
        "location": "eastus2",
        "properties": {
          "createdAt": "2023-04-15T01:14:23.214Z",
          "updatedAt": "2023-04-15T01:14:23.214Z"
        }
      }
    },
    {
      "RequestUri": "https://management.azure.com/subscriptions/326100e2-f69d-4268-8503-075374f62b6e/resourceGroups/testeventhubRG-6472/providers/Microsoft.EventHub/namespaces/testnamespacemgmt5267/eventhubs/eventhub3735/consumergroups/testconsumergroup2597?api-version=2022-10-01-preview",
      "RequestMethod": "DELETE",
      "RequestHeaders": {
        "Accept": "application/json",
        "Authorization": "Sanitized",
        "traceparent": "00-bdf78ecc53002716b007c59b51d7379e-75302cd316f70340-00",
        "User-Agent": "azsdk-net-ResourceManager.EventHubs/1.1.0-alpha.20230415.1 (.NET 6.0.16; Microsoft Windows 10.0.19044)",
        "x-ms-client-request-id": "d0f5907df4e027f3cc8a8c92859e02c9",
        "x-ms-return-client-request-id": "true"
      },
      "RequestBody": null,
      "StatusCode": 200,
      "ResponseHeaders": {
        "Cache-Control": "no-cache",
        "Content-Length": "0",
        "Date": "Sat, 15 Apr 2023 01:14:23 GMT",
        "Expires": "-1",
        "Pragma": "no-cache",
        "Server": "Microsoft-HTTPAPI/2.0",
        "Strict-Transport-Security": "max-age=31536000; includeSubDomains",
        "X-Content-Type-Options": "nosniff",
        "x-ms-correlation-request-id": "3725b590-7671-4487-a85c-00c7c912615e",
        "x-ms-ratelimit-remaining-subscription-deletes": "14996",
        "x-ms-request-id": "3725b590-7671-4487-a85c-00c7c912615e",
        "x-ms-routing-request-id": "SOUTHCENTRALUS:20230415T011423Z:3725b590-7671-4487-a85c-00c7c912615e"
      },
      "ResponseBody": null
    },
    {
      "RequestUri": "https://management.azure.com/subscriptions/326100e2-f69d-4268-8503-075374f62b6e/resourceGroups/testeventhubRG-6472/providers/Microsoft.EventHub/namespaces/testnamespacemgmt5267/eventhubs/eventhub3735/consumergroups/testconsumergroup2597?api-version=2022-10-01-preview",
      "RequestMethod": "GET",
      "RequestHeaders": {
        "Accept": "application/json",
        "Authorization": "Sanitized",
        "traceparent": "00-2d0d9e7f80e336ad32f653445cb656f2-f23455764b538f84-00",
        "User-Agent": "azsdk-net-ResourceManager.EventHubs/1.1.0-alpha.20230415.1 (.NET 6.0.16; Microsoft Windows 10.0.19044)",
        "x-ms-client-request-id": "e26ea2701e92882d3c68e44b719d47c1",
        "x-ms-return-client-request-id": "true"
      },
      "RequestBody": null,
      "StatusCode": 404,
      "ResponseHeaders": {
        "Cache-Control": "no-cache",
        "Content-Length": "84",
        "Content-Type": "application/json",
        "Date": "Sat, 15 Apr 2023 01:14:24 GMT",
        "Expires": "-1",
        "Pragma": "no-cache",
        "Server": "Microsoft-HTTPAPI/2.0",
        "Strict-Transport-Security": "max-age=31536000; includeSubDomains",
        "X-Content-Type-Options": "nosniff",
        "x-ms-correlation-request-id": "564cf788-2f28-4a7e-af71-90f788966237",
        "x-ms-ratelimit-remaining-subscription-reads": "11971",
        "x-ms-request-id": "564cf788-2f28-4a7e-af71-90f788966237",
        "x-ms-routing-request-id": "SOUTHCENTRALUS:20230415T011425Z:564cf788-2f28-4a7e-af71-90f788966237"
      },
      "ResponseBody": {
        "error": {
          "code": "ConsumerGroupNotFound",
          "message": "Consumer Group does not exist"
        }
      }
    },
    {
      "RequestUri": "https://management.azure.com/subscriptions/326100e2-f69d-4268-8503-075374f62b6e/resourceGroups/testeventhubRG-6472/providers/Microsoft.EventHub/namespaces/testnamespacemgmt5267/eventhubs/eventhub3735/consumergroups/testconsumergroup2597?api-version=2022-10-01-preview",
      "RequestMethod": "GET",
      "RequestHeaders": {
        "Accept": "application/json",
        "Authorization": "Sanitized",
        "traceparent": "00-07fa265bd2d1b0039460a4cd3ab2ec4f-775cdfd3b1a33a91-00",
        "User-Agent": "azsdk-net-ResourceManager.EventHubs/1.1.0-alpha.20230415.1 (.NET 6.0.16; Microsoft Windows 10.0.19044)",
        "x-ms-client-request-id": "bf33a8367a68d935c47c72f368247da9",
        "x-ms-return-client-request-id": "true"
      },
      "RequestBody": null,
      "StatusCode": 404,
      "ResponseHeaders": {
        "Cache-Control": "no-cache",
        "Content-Length": "84",
        "Content-Type": "application/json",
        "Date": "Sat, 15 Apr 2023 01:14:25 GMT",
        "Expires": "-1",
        "Pragma": "no-cache",
        "Server": "Microsoft-HTTPAPI/2.0",
        "Strict-Transport-Security": "max-age=31536000; includeSubDomains",
        "X-Content-Type-Options": "nosniff",
        "x-ms-correlation-request-id": "e794e08d-be4c-47af-91c4-9e24c2165dff",
        "x-ms-ratelimit-remaining-subscription-reads": "11970",
        "x-ms-request-id": "e794e08d-be4c-47af-91c4-9e24c2165dff",
        "x-ms-routing-request-id": "SOUTHCENTRALUS:20230415T011426Z:e794e08d-be4c-47af-91c4-9e24c2165dff"
      },
      "ResponseBody": {
        "error": {
          "code": "ConsumerGroupNotFound",
          "message": "Consumer Group does not exist"
        }
      }
    }
  ],
  "Variables": {
    "AZURE_AUTHORITY_HOST": "https://login.microsoftonline.com",
    "RandomSeed": "903502481",
    "RESOURCE_MANAGER_URL": null,
    "SUBSCRIPTION_ID": "326100e2-f69d-4268-8503-075374f62b6e"
  }
}
