{
  "Entries": [
    {
      "RequestUri": "https://management.azure.com/subscriptions/326100e2-f69d-4268-8503-075374f62b6e?api-version=2021-01-01",
      "RequestMethod": "GET",
      "RequestHeaders": {
        "Accept": "application/json",
        "Authorization": "Sanitized",
        "traceparent": "00-de112640ac5df548b811724f17512257-13dc43df5b63f742-00",
        "User-Agent": "azsdk-net-ResourceManager/1.3.2 (.NET Core 3.1.28; Microsoft Windows 10.0.19044)",
        "x-ms-client-request-id": "e9171a8f9cbf3b5c7c0aa397e2294436",
        "x-ms-return-client-request-id": "true"
      },
      "RequestBody": null,
      "StatusCode": 200,
      "ResponseHeaders": {
        "Cache-Control": "no-cache",
        "Content-Length": "460",
        "Content-Type": "application/json; charset=utf-8",
        "Date": "Mon, 09 Jan 2023 22:08:34 GMT",
        "Expires": "-1",
        "Pragma": "no-cache",
        "Strict-Transport-Security": "max-age=31536000; includeSubDomains",
        "X-Content-Type-Options": "nosniff",
        "x-ms-correlation-request-id": "cc255a57-7d88-4a8b-947b-df2ce5364c10",
        "x-ms-ratelimit-remaining-subscription-reads": "11903",
        "x-ms-request-id": "cc255a57-7d88-4a8b-947b-df2ce5364c10",
        "x-ms-routing-request-id": "SOUTHCENTRALUS:20230109T220835Z:cc255a57-7d88-4a8b-947b-df2ce5364c10"
      },
      "ResponseBody": {
        "id": "/subscriptions/326100e2-f69d-4268-8503-075374f62b6e",
        "authorizationSource": "RoleBased",
        "managedByTenants": [
          {
            "tenantId": "2f4a9838-26b7-47ee-be60-ccc1fdec5953"
          }
        ],
        "subscriptionId": "326100e2-f69d-4268-8503-075374f62b6e",
        "tenantId": "72f988bf-86f1-41af-91ab-2d7cd011db47",
        "displayName": "Azure Messaging PM Playground",
        "state": "Enabled",
        "subscriptionPolicies": {
          "locationPlacementId": "Internal_2014-09-01",
          "quotaId": "Internal_2014-09-01",
          "spendingLimit": "Off"
        }
      }
    },
    {
      "RequestUri": "https://management.azure.com/subscriptions/326100e2-f69d-4268-8503-075374f62b6e/resourcegroups/testeventhubRG-8529?api-version=2021-04-01",
      "RequestMethod": "PUT",
      "RequestHeaders": {
        "Accept": "application/json",
        "Authorization": "Sanitized",
        "Content-Length": "44",
        "Content-Type": "application/json",
        "traceparent": "00-1628a365d37ec2418d939b1fbc050b47-0453052a5bb2294c-00",
        "User-Agent": "azsdk-net-ResourceManager/1.3.2 (.NET Core 3.1.28; Microsoft Windows 10.0.19044)",
        "x-ms-client-request-id": "1c443dfe7e09cdfd732be6555c27538c",
        "x-ms-return-client-request-id": "true"
      },
      "RequestBody": {
        "tags": {
          "test": "env"
        },
        "location": "eastus2"
      },
      "StatusCode": 201,
      "ResponseHeaders": {
        "Cache-Control": "no-cache",
        "Content-Length": "258",
        "Content-Type": "application/json; charset=utf-8",
        "Date": "Mon, 09 Jan 2023 22:08:35 GMT",
        "Expires": "-1",
        "Pragma": "no-cache",
        "Strict-Transport-Security": "max-age=31536000; includeSubDomains",
        "X-Content-Type-Options": "nosniff",
        "x-ms-correlation-request-id": "64f2a2f8-bbba-43b0-b228-eeaa8dc281a9",
        "x-ms-ratelimit-remaining-subscription-writes": "1177",
        "x-ms-request-id": "64f2a2f8-bbba-43b0-b228-eeaa8dc281a9",
        "x-ms-routing-request-id": "SOUTHCENTRALUS:20230109T220835Z:64f2a2f8-bbba-43b0-b228-eeaa8dc281a9"
      },
      "ResponseBody": {
        "id": "/subscriptions/326100e2-f69d-4268-8503-075374f62b6e/resourceGroups/testeventhubRG-8529",
        "name": "testeventhubRG-8529",
        "type": "Microsoft.Resources/resourceGroups",
        "location": "eastus2",
        "tags": {
          "test": "env"
        },
        "properties": {
          "provisioningState": "Succeeded"
        }
      }
    },
    {
      "RequestUri": "https://management.azure.com/subscriptions/326100e2-f69d-4268-8503-075374f62b6e/providers/Microsoft.EventHub/checkNameAvailability?api-version=2022-10-01-preview",
      "RequestMethod": "POST",
      "RequestHeaders": {
        "Accept": "application/json",
        "Authorization": "Sanitized",
        "Content-Length": "32",
        "Content-Type": "application/json",
        "traceparent": "00-78a497466227ce46aa310cc445bfb213-c7cb7d2a8aa0a14f-00",
        "User-Agent": "azsdk-net-ResourceManager.EventHubs/1.1.0-alpha.20230109.1 (.NET Core 3.1.28; Microsoft Windows 10.0.19044)",
        "x-ms-client-request-id": "13d1dae5f22718d81a4b24beaba1f6e6",
        "x-ms-return-client-request-id": "true"
      },
      "RequestBody": {
        "name": "testnamespacemgmt4999"
      },
      "StatusCode": 200,
      "ResponseHeaders": {
        "Cache-Control": "no-cache",
        "Content-Length": "53",
        "Content-Type": "application/json; charset=utf-8",
        "Date": "Mon, 09 Jan 2023 22:08:35 GMT",
        "Expires": "-1",
        "Pragma": "no-cache",
        "Server": [
          "Service-Bus-Resource-Provider/SN1",
          "Microsoft-HTTPAPI/2.0"
        ],
        "Server-SB": "Service-Bus-Resource-Provider/SN1",
        "Strict-Transport-Security": "max-age=31536000; includeSubDomains",
        "X-Content-Type-Options": "nosniff",
        "x-ms-client-request-id": "13d1dae5f22718d81a4b24beaba1f6e6",
        "x-ms-correlation-request-id": "4fe622ae-75c8-4e71-9258-fafd62474769",
        "x-ms-ratelimit-remaining-subscription-writes": "1195",
        "x-ms-request-id": "c8c08ee0-79c7-4827-98af-7b06ef770188_M11SN1_M11SN1",
        "x-ms-routing-request-id": "SOUTHCENTRALUS:20230109T220836Z:4fe622ae-75c8-4e71-9258-fafd62474769"
      },
      "ResponseBody": {
        "nameAvailable": true,
        "reason": "None",
        "message": null
      }
    },
    {
      "RequestUri": "https://management.azure.com/subscriptions/326100e2-f69d-4268-8503-075374f62b6e/resourceGroups/testeventhubRG-8529/providers/Microsoft.EventHub/namespaces/testnamespacemgmt4999?api-version=2022-10-01-preview",
      "RequestMethod": "PUT",
      "RequestHeaders": {
        "Accept": "application/json",
        "Authorization": "Sanitized",
        "Content-Length": "48",
        "Content-Type": "application/json",
        "traceparent": "00-6dccc76fd06808428e46dd325ee8ed50-ea35c7ecc8dd0447-00",
        "User-Agent": "azsdk-net-ResourceManager.EventHubs/1.1.0-alpha.20230109.1 (.NET Core 3.1.28; Microsoft Windows 10.0.19044)",
        "x-ms-client-request-id": "ebc5d698865f199c1b4c7076e61fe250",
        "x-ms-return-client-request-id": "true"
      },
      "RequestBody": {
        "tags": {},
        "location": "eastus2",
        "properties": {}
      },
      "StatusCode": 200,
      "ResponseHeaders": {
        "Cache-Control": "no-cache",
        "Content-Length": "792",
        "Content-Type": "application/json; charset=utf-8",
        "Date": "Mon, 09 Jan 2023 22:08:38 GMT",
        "Expires": "-1",
        "Pragma": "no-cache",
        "Server": [
          "Service-Bus-Resource-Provider/SN1",
          "Microsoft-HTTPAPI/2.0"
        ],
        "Server-SB": "Service-Bus-Resource-Provider/SN1",
        "Strict-Transport-Security": "max-age=31536000; includeSubDomains",
        "X-Content-Type-Options": "nosniff",
        "x-ms-client-request-id": "ebc5d698865f199c1b4c7076e61fe250",
        "x-ms-correlation-request-id": "60f1887f-c7a2-4d3a-82bb-2d5e777e5cf9",
        "x-ms-ratelimit-remaining-subscription-resource-requests": "45",
        "x-ms-request-id": "469946a5-3a8e-40ba-a94f-e4466742c068_M11SN1_M11SN1",
        "x-ms-routing-request-id": "SOUTHCENTRALUS:20230109T220838Z:60f1887f-c7a2-4d3a-82bb-2d5e777e5cf9"
      },
      "ResponseBody": {
        "sku": {
          "name": "Standard",
          "tier": "Standard",
          "capacity": 1
        },
        "id": "/subscriptions/326100e2-f69d-4268-8503-075374f62b6e/resourceGroups/testeventhubRG-8529/providers/Microsoft.EventHub/namespaces/testnamespacemgmt4999",
        "name": "testnamespacemgmt4999",
        "type": "Microsoft.EventHub/Namespaces",
        "location": "East US 2",
        "tags": {},
        "properties": {
          "minimumTlsVersion": "1.2",
          "publicNetworkAccess": "Enabled",
          "disableLocalAuth": false,
          "zoneRedundant": false,
          "isAutoInflateEnabled": false,
          "maximumThroughputUnits": 0,
          "kafkaEnabled": true,
          "provisioningState": "Created",
          "metricId": "326100e2-f69d-4268-8503-075374f62b6e:testnamespacemgmt4999",
          "createdAt": "2023-01-09T22:08:37.9Z",
          "updatedAt": "2023-01-09T22:08:37.9Z",
          "serviceBusEndpoint": "https://testnamespacemgmt4999.servicebus.windows.net:443/",
          "status": "Activating"
        }
      }
    },
    {
      "RequestUri": "https://management.azure.com/subscriptions/326100e2-f69d-4268-8503-075374f62b6e/resourceGroups/testeventhubRG-8529/providers/Microsoft.EventHub/namespaces/testnamespacemgmt4999?api-version=2022-10-01-preview",
      "RequestMethod": "GET",
      "RequestHeaders": {
        "Authorization": "Sanitized",
        "traceparent": "00-6dccc76fd06808428e46dd325ee8ed50-4b089a87539a8c42-00",
        "User-Agent": "azsdk-net-ResourceManager/1.3.2 (.NET Core 3.1.28; Microsoft Windows 10.0.19044)",
        "x-ms-client-request-id": "51c46fefa08e5f773eb7f8db816132fa",
        "x-ms-return-client-request-id": "true"
      },
      "RequestBody": null,
      "StatusCode": 200,
      "ResponseHeaders": {
        "Cache-Control": "no-cache",
        "Content-Length": "792",
        "Content-Type": "application/json; charset=utf-8",
        "Date": "Mon, 09 Jan 2023 22:08:38 GMT",
        "Expires": "-1",
        "Pragma": "no-cache",
        "Server": [
          "Service-Bus-Resource-Provider/SN1",
          "Microsoft-HTTPAPI/2.0"
        ],
        "Server-SB": "Service-Bus-Resource-Provider/SN1",
        "Strict-Transport-Security": "max-age=31536000; includeSubDomains",
        "X-Content-Type-Options": "nosniff",
        "x-ms-client-request-id": "51c46fefa08e5f773eb7f8db816132fa",
        "x-ms-correlation-request-id": "c0442600-898b-41c6-9770-7b28d9be6342",
        "x-ms-ratelimit-remaining-subscription-reads": "11902",
        "x-ms-request-id": "738ed8ef-f435-4627-88b4-85bca03c664b_M11SN1_M11SN1",
        "x-ms-routing-request-id": "SOUTHCENTRALUS:20230109T220838Z:c0442600-898b-41c6-9770-7b28d9be6342"
      },
      "ResponseBody": {
        "sku": {
          "name": "Standard",
          "tier": "Standard",
          "capacity": 1
        },
        "id": "/subscriptions/326100e2-f69d-4268-8503-075374f62b6e/resourceGroups/testeventhubRG-8529/providers/Microsoft.EventHub/namespaces/testnamespacemgmt4999",
        "name": "testnamespacemgmt4999",
        "type": "Microsoft.EventHub/Namespaces",
        "location": "East US 2",
        "tags": {},
        "properties": {
          "minimumTlsVersion": "1.2",
          "publicNetworkAccess": "Enabled",
          "disableLocalAuth": false,
          "zoneRedundant": false,
          "isAutoInflateEnabled": false,
          "maximumThroughputUnits": 0,
          "kafkaEnabled": true,
          "provisioningState": "Created",
          "metricId": "326100e2-f69d-4268-8503-075374f62b6e:testnamespacemgmt4999",
          "createdAt": "2023-01-09T22:08:37.9Z",
          "updatedAt": "2023-01-09T22:08:37.9Z",
          "serviceBusEndpoint": "https://testnamespacemgmt4999.servicebus.windows.net:443/",
          "status": "Activating"
        }
      }
    },
    {
      "RequestUri": "https://management.azure.com/subscriptions/326100e2-f69d-4268-8503-075374f62b6e/resourceGroups/testeventhubRG-8529/providers/Microsoft.EventHub/namespaces/testnamespacemgmt4999?api-version=2022-10-01-preview",
      "RequestMethod": "GET",
      "RequestHeaders": {
        "Authorization": "Sanitized",
        "traceparent": "00-6dccc76fd06808428e46dd325ee8ed50-a88782dea370c844-00",
        "User-Agent": "azsdk-net-ResourceManager/1.3.2 (.NET Core 3.1.28; Microsoft Windows 10.0.19044)",
        "x-ms-client-request-id": "9eb2d4698c5d3381ff797f5b9669400b",
        "x-ms-return-client-request-id": "true"
      },
      "RequestBody": null,
      "StatusCode": 200,
      "ResponseHeaders": {
        "Cache-Control": "no-cache",
        "Content-Length": "792",
        "Content-Type": "application/json; charset=utf-8",
        "Date": "Mon, 09 Jan 2023 22:08:39 GMT",
        "Expires": "-1",
        "Pragma": "no-cache",
        "Server": [
          "Service-Bus-Resource-Provider/SN1",
          "Microsoft-HTTPAPI/2.0"
        ],
        "Server-SB": "Service-Bus-Resource-Provider/SN1",
        "Strict-Transport-Security": "max-age=31536000; includeSubDomains",
        "X-Content-Type-Options": "nosniff",
        "x-ms-client-request-id": "9eb2d4698c5d3381ff797f5b9669400b",
        "x-ms-correlation-request-id": "5cc02ee1-0cca-4dad-a0ba-e485387ed16b",
        "x-ms-ratelimit-remaining-subscription-reads": "11901",
        "x-ms-request-id": "c57022db-ff75-40df-b2f8-0bf776f3ee12_M11SN1_M11SN1",
        "x-ms-routing-request-id": "SOUTHCENTRALUS:20230109T220840Z:5cc02ee1-0cca-4dad-a0ba-e485387ed16b"
      },
      "ResponseBody": {
        "sku": {
          "name": "Standard",
          "tier": "Standard",
          "capacity": 1
        },
        "id": "/subscriptions/326100e2-f69d-4268-8503-075374f62b6e/resourceGroups/testeventhubRG-8529/providers/Microsoft.EventHub/namespaces/testnamespacemgmt4999",
        "name": "testnamespacemgmt4999",
        "type": "Microsoft.EventHub/Namespaces",
        "location": "East US 2",
        "tags": {},
        "properties": {
          "minimumTlsVersion": "1.2",
          "publicNetworkAccess": "Enabled",
          "disableLocalAuth": false,
          "zoneRedundant": false,
          "isAutoInflateEnabled": false,
          "maximumThroughputUnits": 0,
          "kafkaEnabled": true,
          "provisioningState": "Created",
          "metricId": "326100e2-f69d-4268-8503-075374f62b6e:testnamespacemgmt4999",
          "createdAt": "2023-01-09T22:08:37.9Z",
          "updatedAt": "2023-01-09T22:08:37.9Z",
          "serviceBusEndpoint": "https://testnamespacemgmt4999.servicebus.windows.net:443/",
          "status": "Activating"
        }
      }
    },
    {
      "RequestUri": "https://management.azure.com/subscriptions/326100e2-f69d-4268-8503-075374f62b6e/resourceGroups/testeventhubRG-8529/providers/Microsoft.EventHub/namespaces/testnamespacemgmt4999?api-version=2022-10-01-preview",
      "RequestMethod": "GET",
      "RequestHeaders": {
        "Authorization": "Sanitized",
        "traceparent": "00-6dccc76fd06808428e46dd325ee8ed50-aa9203e851817e47-00",
        "User-Agent": "azsdk-net-ResourceManager/1.3.2 (.NET Core 3.1.28; Microsoft Windows 10.0.19044)",
        "x-ms-client-request-id": "7686e684905b6ac295e42bad6cfbca0a",
        "x-ms-return-client-request-id": "true"
      },
      "RequestBody": null,
      "StatusCode": 200,
      "ResponseHeaders": {
        "Cache-Control": "no-cache",
        "Content-Length": "792",
        "Content-Type": "application/json; charset=utf-8",
        "Date": "Mon, 09 Jan 2023 22:08:41 GMT",
        "Expires": "-1",
        "Pragma": "no-cache",
        "Server": [
          "Service-Bus-Resource-Provider/SN1",
          "Microsoft-HTTPAPI/2.0"
        ],
        "Server-SB": "Service-Bus-Resource-Provider/SN1",
        "Strict-Transport-Security": "max-age=31536000; includeSubDomains",
        "X-Content-Type-Options": "nosniff",
        "x-ms-client-request-id": "7686e684905b6ac295e42bad6cfbca0a",
        "x-ms-correlation-request-id": "c00a92c7-9352-42be-86ad-c251c35b6a10",
        "x-ms-ratelimit-remaining-subscription-reads": "11900",
        "x-ms-request-id": "3af88ce6-88f8-404a-9365-122cc8531327_M11SN1_M11SN1",
        "x-ms-routing-request-id": "SOUTHCENTRALUS:20230109T220841Z:c00a92c7-9352-42be-86ad-c251c35b6a10"
      },
      "ResponseBody": {
        "sku": {
          "name": "Standard",
          "tier": "Standard",
          "capacity": 1
        },
        "id": "/subscriptions/326100e2-f69d-4268-8503-075374f62b6e/resourceGroups/testeventhubRG-8529/providers/Microsoft.EventHub/namespaces/testnamespacemgmt4999",
        "name": "testnamespacemgmt4999",
        "type": "Microsoft.EventHub/Namespaces",
        "location": "East US 2",
        "tags": {},
        "properties": {
          "minimumTlsVersion": "1.2",
          "publicNetworkAccess": "Enabled",
          "disableLocalAuth": false,
          "zoneRedundant": false,
          "isAutoInflateEnabled": false,
          "maximumThroughputUnits": 0,
          "kafkaEnabled": true,
          "provisioningState": "Created",
          "metricId": "326100e2-f69d-4268-8503-075374f62b6e:testnamespacemgmt4999",
          "createdAt": "2023-01-09T22:08:37.9Z",
          "updatedAt": "2023-01-09T22:08:37.9Z",
          "serviceBusEndpoint": "https://testnamespacemgmt4999.servicebus.windows.net:443/",
          "status": "Activating"
        }
      }
    },
    {
      "RequestUri": "https://management.azure.com/subscriptions/326100e2-f69d-4268-8503-075374f62b6e/resourceGroups/testeventhubRG-8529/providers/Microsoft.EventHub/namespaces/testnamespacemgmt4999?api-version=2022-10-01-preview",
      "RequestMethod": "GET",
      "RequestHeaders": {
        "Authorization": "Sanitized",
        "traceparent": "00-6dccc76fd06808428e46dd325ee8ed50-f91bce879f9d7241-00",
        "User-Agent": "azsdk-net-ResourceManager/1.3.2 (.NET Core 3.1.28; Microsoft Windows 10.0.19044)",
        "x-ms-client-request-id": "04c9f5d1295c622ded905114201cc9d5",
        "x-ms-return-client-request-id": "true"
      },
      "RequestBody": null,
      "StatusCode": 200,
      "ResponseHeaders": {
        "Cache-Control": "no-cache",
        "Content-Length": "792",
        "Content-Type": "application/json; charset=utf-8",
        "Date": "Mon, 09 Jan 2023 22:08:42 GMT",
        "Expires": "-1",
        "Pragma": "no-cache",
        "Server": [
          "Service-Bus-Resource-Provider/SN1",
          "Microsoft-HTTPAPI/2.0"
        ],
        "Server-SB": "Service-Bus-Resource-Provider/SN1",
        "Strict-Transport-Security": "max-age=31536000; includeSubDomains",
        "X-Content-Type-Options": "nosniff",
        "x-ms-client-request-id": "04c9f5d1295c622ded905114201cc9d5",
        "x-ms-correlation-request-id": "90d16028-fe62-4f2c-b208-1a89168d3436",
        "x-ms-ratelimit-remaining-subscription-reads": "11899",
        "x-ms-request-id": "202d7c12-9fc4-47e5-8df7-25c6d8d000bf_M11SN1_M11SN1",
        "x-ms-routing-request-id": "SOUTHCENTRALUS:20230109T220842Z:90d16028-fe62-4f2c-b208-1a89168d3436"
      },
      "ResponseBody": {
        "sku": {
          "name": "Standard",
          "tier": "Standard",
          "capacity": 1
        },
        "id": "/subscriptions/326100e2-f69d-4268-8503-075374f62b6e/resourceGroups/testeventhubRG-8529/providers/Microsoft.EventHub/namespaces/testnamespacemgmt4999",
        "name": "testnamespacemgmt4999",
        "type": "Microsoft.EventHub/Namespaces",
        "location": "East US 2",
        "tags": {},
        "properties": {
          "minimumTlsVersion": "1.2",
          "publicNetworkAccess": "Enabled",
          "disableLocalAuth": false,
          "zoneRedundant": false,
          "isAutoInflateEnabled": false,
          "maximumThroughputUnits": 0,
          "kafkaEnabled": true,
          "provisioningState": "Created",
          "metricId": "326100e2-f69d-4268-8503-075374f62b6e:testnamespacemgmt4999",
          "createdAt": "2023-01-09T22:08:37.9Z",
          "updatedAt": "2023-01-09T22:08:37.9Z",
          "serviceBusEndpoint": "https://testnamespacemgmt4999.servicebus.windows.net:443/",
          "status": "Activating"
        }
      }
    },
    {
      "RequestUri": "https://management.azure.com/subscriptions/326100e2-f69d-4268-8503-075374f62b6e/resourceGroups/testeventhubRG-8529/providers/Microsoft.EventHub/namespaces/testnamespacemgmt4999?api-version=2022-10-01-preview",
      "RequestMethod": "GET",
      "RequestHeaders": {
        "Authorization": "Sanitized",
        "traceparent": "00-6dccc76fd06808428e46dd325ee8ed50-5e8b598b0d72ae41-00",
        "User-Agent": "azsdk-net-ResourceManager/1.3.2 (.NET Core 3.1.28; Microsoft Windows 10.0.19044)",
        "x-ms-client-request-id": "9a56ec76bbdad89e1247097861d3c704",
        "x-ms-return-client-request-id": "true"
      },
      "RequestBody": null,
      "StatusCode": 200,
      "ResponseHeaders": {
        "Cache-Control": "no-cache",
        "Content-Length": "792",
        "Content-Type": "application/json; charset=utf-8",
        "Date": "Mon, 09 Jan 2023 22:08:44 GMT",
        "Expires": "-1",
        "Pragma": "no-cache",
        "Server": [
          "Service-Bus-Resource-Provider/SN1",
          "Microsoft-HTTPAPI/2.0"
        ],
        "Server-SB": "Service-Bus-Resource-Provider/SN1",
        "Strict-Transport-Security": "max-age=31536000; includeSubDomains",
        "X-Content-Type-Options": "nosniff",
        "x-ms-client-request-id": "9a56ec76bbdad89e1247097861d3c704",
        "x-ms-correlation-request-id": "a66cc103-a4b2-48fc-8feb-7d1a50993eda",
        "x-ms-ratelimit-remaining-subscription-reads": "11898",
        "x-ms-request-id": "46a2c9c0-cb2f-4cea-8aea-37481eee4acc_M11SN1_M11SN1",
        "x-ms-routing-request-id": "SOUTHCENTRALUS:20230109T220844Z:a66cc103-a4b2-48fc-8feb-7d1a50993eda"
      },
      "ResponseBody": {
        "sku": {
          "name": "Standard",
          "tier": "Standard",
          "capacity": 1
        },
        "id": "/subscriptions/326100e2-f69d-4268-8503-075374f62b6e/resourceGroups/testeventhubRG-8529/providers/Microsoft.EventHub/namespaces/testnamespacemgmt4999",
        "name": "testnamespacemgmt4999",
        "type": "Microsoft.EventHub/Namespaces",
        "location": "East US 2",
        "tags": {},
        "properties": {
          "minimumTlsVersion": "1.2",
          "publicNetworkAccess": "Enabled",
          "disableLocalAuth": false,
          "zoneRedundant": false,
          "isAutoInflateEnabled": false,
          "maximumThroughputUnits": 0,
          "kafkaEnabled": true,
          "provisioningState": "Created",
          "metricId": "326100e2-f69d-4268-8503-075374f62b6e:testnamespacemgmt4999",
          "createdAt": "2023-01-09T22:08:37.9Z",
          "updatedAt": "2023-01-09T22:08:37.9Z",
          "serviceBusEndpoint": "https://testnamespacemgmt4999.servicebus.windows.net:443/",
          "status": "Activating"
        }
      }
    },
    {
      "RequestUri": "https://management.azure.com/subscriptions/326100e2-f69d-4268-8503-075374f62b6e/resourceGroups/testeventhubRG-8529/providers/Microsoft.EventHub/namespaces/testnamespacemgmt4999?api-version=2022-10-01-preview",
      "RequestMethod": "GET",
      "RequestHeaders": {
        "Authorization": "Sanitized",
        "traceparent": "00-6dccc76fd06808428e46dd325ee8ed50-6620ba0e4f526d45-00",
        "User-Agent": "azsdk-net-ResourceManager/1.3.2 (.NET Core 3.1.28; Microsoft Windows 10.0.19044)",
        "x-ms-client-request-id": "a18975af3c9f5bafb82389ca3fad4a79",
        "x-ms-return-client-request-id": "true"
      },
      "RequestBody": null,
      "StatusCode": 200,
      "ResponseHeaders": {
        "Cache-Control": "no-cache",
        "Content-Length": "792",
        "Content-Type": "application/json; charset=utf-8",
        "Date": "Mon, 09 Jan 2023 22:08:48 GMT",
        "Expires": "-1",
        "Pragma": "no-cache",
        "Server": [
          "Service-Bus-Resource-Provider/SN1",
          "Microsoft-HTTPAPI/2.0"
        ],
        "Server-SB": "Service-Bus-Resource-Provider/SN1",
        "Strict-Transport-Security": "max-age=31536000; includeSubDomains",
        "X-Content-Type-Options": "nosniff",
        "x-ms-client-request-id": "a18975af3c9f5bafb82389ca3fad4a79",
        "x-ms-correlation-request-id": "47b7aa44-fcde-40a1-8f62-5dd9bd207912",
        "x-ms-ratelimit-remaining-subscription-reads": "11897",
        "x-ms-request-id": "62ae170f-aed2-436b-95f6-a9dfa4ea1880_M11SN1_M11SN1",
        "x-ms-routing-request-id": "SOUTHCENTRALUS:20230109T220848Z:47b7aa44-fcde-40a1-8f62-5dd9bd207912"
      },
      "ResponseBody": {
        "sku": {
          "name": "Standard",
          "tier": "Standard",
          "capacity": 1
        },
        "id": "/subscriptions/326100e2-f69d-4268-8503-075374f62b6e/resourceGroups/testeventhubRG-8529/providers/Microsoft.EventHub/namespaces/testnamespacemgmt4999",
        "name": "testnamespacemgmt4999",
        "type": "Microsoft.EventHub/Namespaces",
        "location": "East US 2",
        "tags": {},
        "properties": {
          "minimumTlsVersion": "1.2",
          "publicNetworkAccess": "Enabled",
          "disableLocalAuth": false,
          "zoneRedundant": false,
          "isAutoInflateEnabled": false,
          "maximumThroughputUnits": 0,
          "kafkaEnabled": true,
          "provisioningState": "Created",
          "metricId": "326100e2-f69d-4268-8503-075374f62b6e:testnamespacemgmt4999",
          "createdAt": "2023-01-09T22:08:37.9Z",
          "updatedAt": "2023-01-09T22:08:37.9Z",
          "serviceBusEndpoint": "https://testnamespacemgmt4999.servicebus.windows.net:443/",
          "status": "Activating"
        }
      }
    },
    {
      "RequestUri": "https://management.azure.com/subscriptions/326100e2-f69d-4268-8503-075374f62b6e/resourceGroups/testeventhubRG-8529/providers/Microsoft.EventHub/namespaces/testnamespacemgmt4999?api-version=2022-10-01-preview",
      "RequestMethod": "GET",
      "RequestHeaders": {
        "Authorization": "Sanitized",
        "traceparent": "00-6dccc76fd06808428e46dd325ee8ed50-1c14a7500cf09247-00",
        "User-Agent": "azsdk-net-ResourceManager/1.3.2 (.NET Core 3.1.28; Microsoft Windows 10.0.19044)",
        "x-ms-client-request-id": "8037561b2fa5152f56f1f2151fb50119",
        "x-ms-return-client-request-id": "true"
      },
      "RequestBody": null,
      "StatusCode": 200,
      "ResponseHeaders": {
        "Cache-Control": "no-cache",
        "Content-Length": "792",
        "Content-Type": "application/json; charset=utf-8",
        "Date": "Mon, 09 Jan 2023 22:08:56 GMT",
        "Expires": "-1",
        "Pragma": "no-cache",
        "Server": [
          "Service-Bus-Resource-Provider/SN1",
          "Microsoft-HTTPAPI/2.0"
        ],
        "Server-SB": "Service-Bus-Resource-Provider/SN1",
        "Strict-Transport-Security": "max-age=31536000; includeSubDomains",
        "X-Content-Type-Options": "nosniff",
        "x-ms-client-request-id": "8037561b2fa5152f56f1f2151fb50119",
        "x-ms-correlation-request-id": "7e552db3-2f63-4fea-81f7-a85b5a41c495",
        "x-ms-ratelimit-remaining-subscription-reads": "11896",
        "x-ms-request-id": "5633b694-83aa-4b32-9161-18fd5910753b_M11SN1_M11SN1",
        "x-ms-routing-request-id": "SOUTHCENTRALUS:20230109T220857Z:7e552db3-2f63-4fea-81f7-a85b5a41c495"
      },
      "ResponseBody": {
        "sku": {
          "name": "Standard",
          "tier": "Standard",
          "capacity": 1
        },
        "id": "/subscriptions/326100e2-f69d-4268-8503-075374f62b6e/resourceGroups/testeventhubRG-8529/providers/Microsoft.EventHub/namespaces/testnamespacemgmt4999",
        "name": "testnamespacemgmt4999",
        "type": "Microsoft.EventHub/Namespaces",
        "location": "East US 2",
        "tags": {},
        "properties": {
          "minimumTlsVersion": "1.2",
          "publicNetworkAccess": "Enabled",
          "disableLocalAuth": false,
          "zoneRedundant": false,
          "isAutoInflateEnabled": false,
          "maximumThroughputUnits": 0,
          "kafkaEnabled": true,
          "provisioningState": "Created",
          "metricId": "326100e2-f69d-4268-8503-075374f62b6e:testnamespacemgmt4999",
          "createdAt": "2023-01-09T22:08:37.9Z",
          "updatedAt": "2023-01-09T22:08:37.9Z",
          "serviceBusEndpoint": "https://testnamespacemgmt4999.servicebus.windows.net:443/",
          "status": "Activating"
        }
      }
    },
    {
      "RequestUri": "https://management.azure.com/subscriptions/326100e2-f69d-4268-8503-075374f62b6e/resourceGroups/testeventhubRG-8529/providers/Microsoft.EventHub/namespaces/testnamespacemgmt4999?api-version=2022-10-01-preview",
      "RequestMethod": "GET",
      "RequestHeaders": {
        "Authorization": "Sanitized",
        "traceparent": "00-6dccc76fd06808428e46dd325ee8ed50-269324a33d5fd941-00",
        "User-Agent": "azsdk-net-ResourceManager/1.3.2 (.NET Core 3.1.28; Microsoft Windows 10.0.19044)",
        "x-ms-client-request-id": "aa654dc828923a353cfae2b632d39964",
        "x-ms-return-client-request-id": "true"
      },
      "RequestBody": null,
      "StatusCode": 200,
      "ResponseHeaders": {
        "Cache-Control": "no-cache",
        "Content-Length": "792",
        "Content-Type": "application/json; charset=utf-8",
        "Date": "Mon, 09 Jan 2023 22:09:12 GMT",
        "Expires": "-1",
        "Pragma": "no-cache",
        "Server": [
          "Service-Bus-Resource-Provider/SN1",
          "Microsoft-HTTPAPI/2.0"
        ],
        "Server-SB": "Service-Bus-Resource-Provider/SN1",
        "Strict-Transport-Security": "max-age=31536000; includeSubDomains",
        "X-Content-Type-Options": "nosniff",
        "x-ms-client-request-id": "aa654dc828923a353cfae2b632d39964",
        "x-ms-correlation-request-id": "096c1777-9833-46a2-9b3c-0ee8de91e245",
        "x-ms-ratelimit-remaining-subscription-reads": "11895",
        "x-ms-request-id": "21d06f5d-86fa-4057-9560-d4b6f27018a0_M11SN1_M11SN1",
        "x-ms-routing-request-id": "SOUTHCENTRALUS:20230109T220913Z:096c1777-9833-46a2-9b3c-0ee8de91e245"
      },
      "ResponseBody": {
        "sku": {
          "name": "Standard",
          "tier": "Standard",
          "capacity": 1
        },
        "id": "/subscriptions/326100e2-f69d-4268-8503-075374f62b6e/resourceGroups/testeventhubRG-8529/providers/Microsoft.EventHub/namespaces/testnamespacemgmt4999",
        "name": "testnamespacemgmt4999",
        "type": "Microsoft.EventHub/Namespaces",
        "location": "East US 2",
        "tags": {},
        "properties": {
          "minimumTlsVersion": "1.2",
          "publicNetworkAccess": "Enabled",
          "disableLocalAuth": false,
          "zoneRedundant": false,
          "isAutoInflateEnabled": false,
          "maximumThroughputUnits": 0,
          "kafkaEnabled": true,
          "provisioningState": "Created",
          "metricId": "326100e2-f69d-4268-8503-075374f62b6e:testnamespacemgmt4999",
          "createdAt": "2023-01-09T22:08:37.9Z",
          "updatedAt": "2023-01-09T22:08:37.9Z",
          "serviceBusEndpoint": "https://testnamespacemgmt4999.servicebus.windows.net:443/",
          "status": "Activating"
        }
      }
    },
    {
      "RequestUri": "https://management.azure.com/subscriptions/326100e2-f69d-4268-8503-075374f62b6e/resourceGroups/testeventhubRG-8529/providers/Microsoft.EventHub/namespaces/testnamespacemgmt4999?api-version=2022-10-01-preview",
      "RequestMethod": "GET",
      "RequestHeaders": {
        "Authorization": "Sanitized",
        "traceparent": "00-6dccc76fd06808428e46dd325ee8ed50-d6a1b87ca2aca04d-00",
        "User-Agent": "azsdk-net-ResourceManager/1.3.2 (.NET Core 3.1.28; Microsoft Windows 10.0.19044)",
        "x-ms-client-request-id": "0a5c90fd479c805e46734aae499a3c03",
        "x-ms-return-client-request-id": "true"
      },
      "RequestBody": null,
      "StatusCode": 200,
      "ResponseHeaders": {
        "Cache-Control": "no-cache",
        "Content-Length": "791",
        "Content-Type": "application/json; charset=utf-8",
        "Date": "Mon, 09 Jan 2023 22:09:44 GMT",
        "Expires": "-1",
        "Pragma": "no-cache",
        "Server": [
          "Service-Bus-Resource-Provider/SN1",
          "Microsoft-HTTPAPI/2.0"
        ],
        "Server-SB": "Service-Bus-Resource-Provider/SN1",
        "Strict-Transport-Security": "max-age=31536000; includeSubDomains",
        "X-Content-Type-Options": "nosniff",
        "x-ms-client-request-id": "0a5c90fd479c805e46734aae499a3c03",
        "x-ms-correlation-request-id": "557b6fbb-e10b-4d35-ab73-d0ebe2f2d6e8",
        "x-ms-ratelimit-remaining-subscription-reads": "11894",
        "x-ms-request-id": "9e2898ce-ff34-40d8-b1b3-c919d8c1bef7_M11SN1_M11SN1",
        "x-ms-routing-request-id": "SOUTHCENTRALUS:20230109T220945Z:557b6fbb-e10b-4d35-ab73-d0ebe2f2d6e8"
      },
      "ResponseBody": {
        "sku": {
          "name": "Standard",
          "tier": "Standard",
          "capacity": 1
        },
        "id": "/subscriptions/326100e2-f69d-4268-8503-075374f62b6e/resourceGroups/testeventhubRG-8529/providers/Microsoft.EventHub/namespaces/testnamespacemgmt4999",
        "name": "testnamespacemgmt4999",
        "type": "Microsoft.EventHub/Namespaces",
        "location": "East US 2",
        "tags": {},
        "properties": {
          "minimumTlsVersion": "1.2",
          "publicNetworkAccess": "Enabled",
          "disableLocalAuth": false,
          "zoneRedundant": false,
          "isAutoInflateEnabled": false,
          "maximumThroughputUnits": 0,
          "kafkaEnabled": true,
          "provisioningState": "Succeeded",
          "metricId": "326100e2-f69d-4268-8503-075374f62b6e:testnamespacemgmt4999",
          "createdAt": "2023-01-09T22:08:37.9Z",
          "updatedAt": "2023-01-09T22:09:30.84Z",
          "serviceBusEndpoint": "https://testnamespacemgmt4999.servicebus.windows.net:443/",
          "status": "Active"
        }
      }
    },
    {
      "RequestUri": "https://management.azure.com/subscriptions/326100e2-f69d-4268-8503-075374f62b6e/resourceGroups/testeventhubRG-8529/providers/Microsoft.EventHub/namespaces/testnamespacemgmt4999/eventhubs/eventhub9808?api-version=2022-10-01-preview",
      "RequestMethod": "PUT",
      "RequestHeaders": {
        "Accept": "application/json",
        "Authorization": "Sanitized",
        "Content-Length": "17",
        "Content-Type": "application/json",
        "traceparent": "00-dbdf4c3b2bcdd8479c3b3e250fab9585-f77176ab5612a144-00",
        "User-Agent": "azsdk-net-ResourceManager.EventHubs/1.1.0-alpha.20230109.1 (.NET Core 3.1.28; Microsoft Windows 10.0.19044)",
        "x-ms-client-request-id": "48f1026fe69f21f3fc43ab4c78e38257",
        "x-ms-return-client-request-id": "true"
      },
      "RequestBody": {
        "properties": {}
      },
      "StatusCode": 200,
      "ResponseHeaders": {
        "Cache-Control": "no-cache",
        "Content-Length": "537",
        "Content-Type": "application/json; charset=utf-8",
        "Date": "Mon, 09 Jan 2023 22:09:46 GMT",
        "Expires": "-1",
        "Pragma": "no-cache",
        "Server": "Microsoft-HTTPAPI/2.0",
        "Strict-Transport-Security": "max-age=31536000; includeSubDomains",
        "X-Content-Type-Options": "nosniff",
        "x-ms-correlation-request-id": "11b9fca6-e98b-4f1c-bad6-7022cc52b43e",
        "x-ms-ratelimit-remaining-subscription-writes": "1176",
        "x-ms-request-id": "11b9fca6-e98b-4f1c-bad6-7022cc52b43e",
        "x-ms-routing-request-id": "SOUTHCENTRALUS:20230109T220947Z:11b9fca6-e98b-4f1c-bad6-7022cc52b43e"
      },
      "ResponseBody": {
        "id": "/subscriptions/326100e2-f69d-4268-8503-075374f62b6e/resourceGroups/testeventhubRG-8529/providers/Microsoft.EventHub/namespaces/testnamespacemgmt4999/eventhubs/eventhub9808",
        "name": "eventhub9808",
        "type": "Microsoft.EventHub/namespaces/eventhubs",
        "location": "eastus2",
        "properties": {
          "retentionDescription": {
            "cleanupPolicy": "Delete",
            "retentionTimeInHours": 168
          },
          "messageRetentionInDays": 7,
          "partitionCount": 4,
          "status": "Active",
          "createdAt": "2023-01-09T22:09:47.16Z",
          "updatedAt": "2023-01-09T22:09:47.33Z",
          "partitionIds": [
            "0",
            "1",
            "2",
            "3"
          ]
        }
      }
    },
    {
      "RequestUri": "https://management.azure.com/subscriptions/326100e2-f69d-4268-8503-075374f62b6e/resourceGroups/testeventhubRG-8529/providers/Microsoft.EventHub/namespaces/testnamespacemgmt4999/eventhubs/eventhub9808/consumergroups/testconsumergroup07259?api-version=2022-10-01-preview",
      "RequestMethod": "PUT",
      "RequestHeaders": {
        "Accept": "application/json",
        "Authorization": "Sanitized",
        "Content-Length": "17",
        "Content-Type": "application/json",
        "traceparent": "00-bac1ce4250742941af22c9be5a906cf6-0440c1c5c6dfad42-00",
        "User-Agent": "azsdk-net-ResourceManager.EventHubs/1.1.0-alpha.20230109.1 (.NET Core 3.1.28; Microsoft Windows 10.0.19044)",
        "x-ms-client-request-id": "f7588f17817de5ee641edd87f1a2bddf",
        "x-ms-return-client-request-id": "true"
      },
      "RequestBody": {
        "properties": {}
      },
      "StatusCode": 200,
      "ResponseHeaders": {
        "Cache-Control": "no-cache",
        "Content-Length": "436",
        "Content-Type": "application/json; charset=utf-8",
        "Date": "Mon, 09 Jan 2023 22:09:48 GMT",
        "Expires": "-1",
        "Pragma": "no-cache",
        "Server": "Microsoft-HTTPAPI/2.0",
        "Strict-Transport-Security": "max-age=31536000; includeSubDomains",
        "X-Content-Type-Options": "nosniff",
        "x-ms-correlation-request-id": "854ed9f9-eed4-466f-b4c1-3c419e30f08f",
        "x-ms-ratelimit-remaining-subscription-writes": "1175",
        "x-ms-request-id": "854ed9f9-eed4-466f-b4c1-3c419e30f08f",
        "x-ms-routing-request-id": "SOUTHCENTRALUS:20230109T220949Z:854ed9f9-eed4-466f-b4c1-3c419e30f08f"
      },
      "ResponseBody": {
        "id": "/subscriptions/326100e2-f69d-4268-8503-075374f62b6e/resourceGroups/testeventhubRG-8529/providers/Microsoft.EventHub/namespaces/testnamespacemgmt4999/eventhubs/eventhub9808/consumergroups/testconsumergroup07259",
        "name": "testconsumergroup07259",
        "type": "Microsoft.EventHub/namespaces/eventhubs/consumergroups",
        "location": "eastus2",
        "properties": {
          "createdAt": "2023-01-09T22:09:48.9309627Z",
          "updatedAt": "2023-01-09T22:09:48.9309627Z"
        }
      }
    },
    {
      "RequestUri": "https://management.azure.com/subscriptions/326100e2-f69d-4268-8503-075374f62b6e/resourceGroups/testeventhubRG-8529/providers/Microsoft.EventHub/namespaces/testnamespacemgmt4999/eventhubs/eventhub9808/consumergroups/testconsumergroup19491?api-version=2022-10-01-preview",
      "RequestMethod": "PUT",
      "RequestHeaders": {
        "Accept": "application/json",
        "Authorization": "Sanitized",
        "Content-Length": "17",
        "Content-Type": "application/json",
        "traceparent": "00-1b46d43f8d34c24996a3470fef3ed682-2e3a2b06f3c88441-00",
        "User-Agent": "azsdk-net-ResourceManager.EventHubs/1.1.0-alpha.20230109.1 (.NET Core 3.1.28; Microsoft Windows 10.0.19044)",
        "x-ms-client-request-id": "1ca8d1c2a95ee9699f04b333ce90c856",
        "x-ms-return-client-request-id": "true"
      },
      "RequestBody": {
        "properties": {}
      },
      "StatusCode": 200,
      "ResponseHeaders": {
        "Cache-Control": "no-cache",
        "Content-Length": "436",
        "Content-Type": "application/json; charset=utf-8",
        "Date": "Mon, 09 Jan 2023 22:09:49 GMT",
        "Expires": "-1",
        "Pragma": "no-cache",
        "Server": "Microsoft-HTTPAPI/2.0",
        "Strict-Transport-Security": "max-age=31536000; includeSubDomains",
        "X-Content-Type-Options": "nosniff",
        "x-ms-correlation-request-id": "3ce7c2b3-7a02-4b67-9fdc-8f506ea05938",
        "x-ms-ratelimit-remaining-subscription-writes": "1174",
        "x-ms-request-id": "3ce7c2b3-7a02-4b67-9fdc-8f506ea05938",
        "x-ms-routing-request-id": "SOUTHCENTRALUS:20230109T220950Z:3ce7c2b3-7a02-4b67-9fdc-8f506ea05938"
      },
      "ResponseBody": {
        "id": "/subscriptions/326100e2-f69d-4268-8503-075374f62b6e/resourceGroups/testeventhubRG-8529/providers/Microsoft.EventHub/namespaces/testnamespacemgmt4999/eventhubs/eventhub9808/consumergroups/testconsumergroup19491",
        "name": "testconsumergroup19491",
        "type": "Microsoft.EventHub/namespaces/eventhubs/consumergroups",
        "location": "eastus2",
        "properties": {
          "createdAt": "2023-01-09T22:09:50.2165671Z",
          "updatedAt": "2023-01-09T22:09:50.2165671Z"
        }
      }
    },
    {
      "RequestUri": "https://management.azure.com/subscriptions/326100e2-f69d-4268-8503-075374f62b6e/resourceGroups/testeventhubRG-8529/providers/Microsoft.EventHub/namespaces/testnamespacemgmt4999/eventhubs/eventhub9808/consumergroups/testconsumergroup26611?api-version=2022-10-01-preview",
      "RequestMethod": "PUT",
      "RequestHeaders": {
        "Accept": "application/json",
        "Authorization": "Sanitized",
        "Content-Length": "17",
        "Content-Type": "application/json",
        "traceparent": "00-71ab7f2d79ffcd43a77feae8140b4ac5-8914b41d9ca49c49-00",
        "User-Agent": "azsdk-net-ResourceManager.EventHubs/1.1.0-alpha.20230109.1 (.NET Core 3.1.28; Microsoft Windows 10.0.19044)",
        "x-ms-client-request-id": "2aabad8281f262023bc816990ba0ed6d",
        "x-ms-return-client-request-id": "true"
      },
      "RequestBody": {
        "properties": {}
      },
      "StatusCode": 200,
      "ResponseHeaders": {
        "Cache-Control": "no-cache",
        "Content-Length": "436",
        "Content-Type": "application/json; charset=utf-8",
        "Date": "Mon, 09 Jan 2023 22:09:50 GMT",
        "Expires": "-1",
        "Pragma": "no-cache",
        "Server": "Microsoft-HTTPAPI/2.0",
        "Strict-Transport-Security": "max-age=31536000; includeSubDomains",
        "X-Content-Type-Options": "nosniff",
        "x-ms-correlation-request-id": "6a1baf4f-1d56-438f-8db4-dfbb71f5fe23",
        "x-ms-ratelimit-remaining-subscription-writes": "1173",
        "x-ms-request-id": "6a1baf4f-1d56-438f-8db4-dfbb71f5fe23",
        "x-ms-routing-request-id": "SOUTHCENTRALUS:20230109T220951Z:6a1baf4f-1d56-438f-8db4-dfbb71f5fe23"
      },
      "ResponseBody": {
        "id": "/subscriptions/326100e2-f69d-4268-8503-075374f62b6e/resourceGroups/testeventhubRG-8529/providers/Microsoft.EventHub/namespaces/testnamespacemgmt4999/eventhubs/eventhub9808/consumergroups/testconsumergroup26611",
        "name": "testconsumergroup26611",
        "type": "Microsoft.EventHub/namespaces/eventhubs/consumergroups",
        "location": "eastus2",
        "properties": {
          "createdAt": "2023-01-09T22:09:51.3728224Z",
          "updatedAt": "2023-01-09T22:09:51.3728224Z"
        }
      }
    },
    {
      "RequestUri": "https://management.azure.com/subscriptions/326100e2-f69d-4268-8503-075374f62b6e/resourceGroups/testeventhubRG-8529/providers/Microsoft.EventHub/namespaces/testnamespacemgmt4999/eventhubs/eventhub9808/consumergroups/testconsumergroup34316?api-version=2022-10-01-preview",
      "RequestMethod": "PUT",
      "RequestHeaders": {
        "Accept": "application/json",
        "Authorization": "Sanitized",
        "Content-Length": "17",
        "Content-Type": "application/json",
        "traceparent": "00-0aa94ca3a1d2c44494061329a953597f-7d6fc793e2d0604e-00",
        "User-Agent": "azsdk-net-ResourceManager.EventHubs/1.1.0-alpha.20230109.1 (.NET Core 3.1.28; Microsoft Windows 10.0.19044)",
        "x-ms-client-request-id": "70afb021e5b90eeedd7c3bb1968e1430",
        "x-ms-return-client-request-id": "true"
      },
      "RequestBody": {
        "properties": {}
      },
      "StatusCode": 200,
      "ResponseHeaders": {
        "Cache-Control": "no-cache",
        "Content-Length": "436",
        "Content-Type": "application/json; charset=utf-8",
        "Date": "Mon, 09 Jan 2023 22:09:51 GMT",
        "Expires": "-1",
        "Pragma": "no-cache",
        "Server": "Microsoft-HTTPAPI/2.0",
        "Strict-Transport-Security": "max-age=31536000; includeSubDomains",
        "X-Content-Type-Options": "nosniff",
        "x-ms-correlation-request-id": "58939396-ce43-4e6e-8e6f-f93be947de30",
        "x-ms-ratelimit-remaining-subscription-writes": "1172",
        "x-ms-request-id": "58939396-ce43-4e6e-8e6f-f93be947de30",
        "x-ms-routing-request-id": "SOUTHCENTRALUS:20230109T220952Z:58939396-ce43-4e6e-8e6f-f93be947de30"
      },
      "ResponseBody": {
        "id": "/subscriptions/326100e2-f69d-4268-8503-075374f62b6e/resourceGroups/testeventhubRG-8529/providers/Microsoft.EventHub/namespaces/testnamespacemgmt4999/eventhubs/eventhub9808/consumergroups/testconsumergroup34316",
        "name": "testconsumergroup34316",
        "type": "Microsoft.EventHub/namespaces/eventhubs/consumergroups",
        "location": "eastus2",
        "properties": {
          "createdAt": "2023-01-09T22:09:52.6072048Z",
          "updatedAt": "2023-01-09T22:09:52.6072048Z"
        }
      }
    },
    {
      "RequestUri": "https://management.azure.com/subscriptions/326100e2-f69d-4268-8503-075374f62b6e/resourceGroups/testeventhubRG-8529/providers/Microsoft.EventHub/namespaces/testnamespacemgmt4999/eventhubs/eventhub9808/consumergroups/testconsumergroup43867?api-version=2022-10-01-preview",
      "RequestMethod": "PUT",
      "RequestHeaders": {
        "Accept": "application/json",
        "Authorization": "Sanitized",
        "Content-Length": "17",
        "Content-Type": "application/json",
        "traceparent": "00-2e63b8422880c947870ee360d0e15126-598228762192974c-00",
        "User-Agent": "azsdk-net-ResourceManager.EventHubs/1.1.0-alpha.20230109.1 (.NET Core 3.1.28; Microsoft Windows 10.0.19044)",
        "x-ms-client-request-id": "6a33102050d0b9a523e0534f9363c5c5",
        "x-ms-return-client-request-id": "true"
      },
      "RequestBody": {
        "properties": {}
      },
      "StatusCode": 200,
      "ResponseHeaders": {
        "Cache-Control": "no-cache",
        "Content-Length": "436",
        "Content-Type": "application/json; charset=utf-8",
        "Date": "Mon, 09 Jan 2023 22:09:52 GMT",
        "Expires": "-1",
        "Pragma": "no-cache",
        "Server": "Microsoft-HTTPAPI/2.0",
        "Strict-Transport-Security": "max-age=31536000; includeSubDomains",
        "X-Content-Type-Options": "nosniff",
        "x-ms-correlation-request-id": "ac57c6dc-87b0-428d-90b3-c462a647e358",
        "x-ms-ratelimit-remaining-subscription-writes": "1171",
        "x-ms-request-id": "ac57c6dc-87b0-428d-90b3-c462a647e358",
        "x-ms-routing-request-id": "SOUTHCENTRALUS:20230109T220953Z:ac57c6dc-87b0-428d-90b3-c462a647e358"
      },
      "ResponseBody": {
        "id": "/subscriptions/326100e2-f69d-4268-8503-075374f62b6e/resourceGroups/testeventhubRG-8529/providers/Microsoft.EventHub/namespaces/testnamespacemgmt4999/eventhubs/eventhub9808/consumergroups/testconsumergroup43867",
        "name": "testconsumergroup43867",
        "type": "Microsoft.EventHub/namespaces/eventhubs/consumergroups",
        "location": "eastus2",
        "properties": {
          "createdAt": "2023-01-09T22:09:53.7634579Z",
          "updatedAt": "2023-01-09T22:09:53.7634579Z"
        }
      }
    },
    {
      "RequestUri": "https://management.azure.com/subscriptions/326100e2-f69d-4268-8503-075374f62b6e/resourceGroups/testeventhubRG-8529/providers/Microsoft.EventHub/namespaces/testnamespacemgmt4999/eventhubs/eventhub9808/consumergroups/testconsumergroup56750?api-version=2022-10-01-preview",
      "RequestMethod": "PUT",
      "RequestHeaders": {
        "Accept": "application/json",
        "Authorization": "Sanitized",
        "Content-Length": "17",
        "Content-Type": "application/json",
        "traceparent": "00-f1b40c942415874aa5a2cd4ab46deee6-d4593a4be2d3bb4d-00",
        "User-Agent": "azsdk-net-ResourceManager.EventHubs/1.1.0-alpha.20230109.1 (.NET Core 3.1.28; Microsoft Windows 10.0.19044)",
        "x-ms-client-request-id": "4aa6176ec7c91cbc1404c7b1a43a0168",
        "x-ms-return-client-request-id": "true"
      },
      "RequestBody": {
        "properties": {}
      },
      "StatusCode": 200,
      "ResponseHeaders": {
        "Cache-Control": "no-cache",
        "Content-Length": "436",
        "Content-Type": "application/json; charset=utf-8",
        "Date": "Mon, 09 Jan 2023 22:09:54 GMT",
        "Expires": "-1",
        "Pragma": "no-cache",
        "Server": "Microsoft-HTTPAPI/2.0",
        "Strict-Transport-Security": "max-age=31536000; includeSubDomains",
        "X-Content-Type-Options": "nosniff",
        "x-ms-correlation-request-id": "0539ef73-5fc5-49bc-8ea8-60b769400a3a",
        "x-ms-ratelimit-remaining-subscription-writes": "1170",
        "x-ms-request-id": "0539ef73-5fc5-49bc-8ea8-60b769400a3a",
        "x-ms-routing-request-id": "SOUTHCENTRALUS:20230109T220955Z:0539ef73-5fc5-49bc-8ea8-60b769400a3a"
      },
      "ResponseBody": {
        "id": "/subscriptions/326100e2-f69d-4268-8503-075374f62b6e/resourceGroups/testeventhubRG-8529/providers/Microsoft.EventHub/namespaces/testnamespacemgmt4999/eventhubs/eventhub9808/consumergroups/testconsumergroup56750",
        "name": "testconsumergroup56750",
        "type": "Microsoft.EventHub/namespaces/eventhubs/consumergroups",
        "location": "eastus2",
        "properties": {
          "createdAt": "2023-01-09T22:09:54.9509853Z",
          "updatedAt": "2023-01-09T22:09:54.9509853Z"
        }
      }
    },
    {
      "RequestUri": "https://management.azure.com/subscriptions/326100e2-f69d-4268-8503-075374f62b6e/resourceGroups/testeventhubRG-8529/providers/Microsoft.EventHub/namespaces/testnamespacemgmt4999/eventhubs/eventhub9808/consumergroups/testconsumergroup64557?api-version=2022-10-01-preview",
      "RequestMethod": "PUT",
      "RequestHeaders": {
        "Accept": "application/json",
        "Authorization": "Sanitized",
        "Content-Length": "17",
        "Content-Type": "application/json",
        "traceparent": "00-ecb5566047f5df449032a3b902eb0bd9-d72518d2a186a042-00",
        "User-Agent": "azsdk-net-ResourceManager.EventHubs/1.1.0-alpha.20230109.1 (.NET Core 3.1.28; Microsoft Windows 10.0.19044)",
        "x-ms-client-request-id": "7839dd805f51b60a96049bbe4a1875ec",
        "x-ms-return-client-request-id": "true"
      },
      "RequestBody": {
        "properties": {}
      },
      "StatusCode": 200,
      "ResponseHeaders": {
        "Cache-Control": "no-cache",
        "Content-Length": "436",
        "Content-Type": "application/json; charset=utf-8",
        "Date": "Mon, 09 Jan 2023 22:09:55 GMT",
        "Expires": "-1",
        "Pragma": "no-cache",
        "Server": "Microsoft-HTTPAPI/2.0",
        "Strict-Transport-Security": "max-age=31536000; includeSubDomains",
        "X-Content-Type-Options": "nosniff",
        "x-ms-correlation-request-id": "f9db7022-f923-4350-9107-6a8574beeb37",
        "x-ms-ratelimit-remaining-subscription-writes": "1169",
        "x-ms-request-id": "f9db7022-f923-4350-9107-6a8574beeb37",
        "x-ms-routing-request-id": "SOUTHCENTRALUS:20230109T220956Z:f9db7022-f923-4350-9107-6a8574beeb37"
      },
      "ResponseBody": {
        "id": "/subscriptions/326100e2-f69d-4268-8503-075374f62b6e/resourceGroups/testeventhubRG-8529/providers/Microsoft.EventHub/namespaces/testnamespacemgmt4999/eventhubs/eventhub9808/consumergroups/testconsumergroup64557",
        "name": "testconsumergroup64557",
        "type": "Microsoft.EventHub/namespaces/eventhubs/consumergroups",
        "location": "eastus2",
        "properties": {
          "createdAt": "2023-01-09T22:09:56.1853518Z",
          "updatedAt": "2023-01-09T22:09:56.1853518Z"
        }
      }
    },
    {
      "RequestUri": "https://management.azure.com/subscriptions/326100e2-f69d-4268-8503-075374f62b6e/resourceGroups/testeventhubRG-8529/providers/Microsoft.EventHub/namespaces/testnamespacemgmt4999/eventhubs/eventhub9808/consumergroups/testconsumergroup75677?api-version=2022-10-01-preview",
      "RequestMethod": "PUT",
      "RequestHeaders": {
        "Accept": "application/json",
        "Authorization": "Sanitized",
        "Content-Length": "17",
        "Content-Type": "application/json",
        "traceparent": "00-485424106dc2014b953ad2250ad13432-8838465ab174ea4f-00",
        "User-Agent": "azsdk-net-ResourceManager.EventHubs/1.1.0-alpha.20230109.1 (.NET Core 3.1.28; Microsoft Windows 10.0.19044)",
        "x-ms-client-request-id": "ea89fd1f48564e77bb4cdd087ea652e6",
        "x-ms-return-client-request-id": "true"
      },
      "RequestBody": {
        "properties": {}
      },
      "StatusCode": 200,
      "ResponseHeaders": {
        "Cache-Control": "no-cache",
        "Content-Length": "436",
        "Content-Type": "application/json; charset=utf-8",
        "Date": "Mon, 09 Jan 2023 22:09:56 GMT",
        "Expires": "-1",
        "Pragma": "no-cache",
        "Server": "Microsoft-HTTPAPI/2.0",
        "Strict-Transport-Security": "max-age=31536000; includeSubDomains",
        "X-Content-Type-Options": "nosniff",
        "x-ms-correlation-request-id": "a6b6fc6e-55b7-4fe2-9896-075fbfa60f10",
        "x-ms-ratelimit-remaining-subscription-writes": "1168",
        "x-ms-request-id": "a6b6fc6e-55b7-4fe2-9896-075fbfa60f10",
        "x-ms-routing-request-id": "SOUTHCENTRALUS:20230109T220957Z:a6b6fc6e-55b7-4fe2-9896-075fbfa60f10"
      },
      "ResponseBody": {
        "id": "/subscriptions/326100e2-f69d-4268-8503-075374f62b6e/resourceGroups/testeventhubRG-8529/providers/Microsoft.EventHub/namespaces/testnamespacemgmt4999/eventhubs/eventhub9808/consumergroups/testconsumergroup75677",
        "name": "testconsumergroup75677",
        "type": "Microsoft.EventHub/namespaces/eventhubs/consumergroups",
        "location": "eastus2",
        "properties": {
          "createdAt": "2023-01-09T22:09:57.5759792Z",
          "updatedAt": "2023-01-09T22:09:57.5759792Z"
        }
      }
    },
    {
      "RequestUri": "https://management.azure.com/subscriptions/326100e2-f69d-4268-8503-075374f62b6e/resourceGroups/testeventhubRG-8529/providers/Microsoft.EventHub/namespaces/testnamespacemgmt4999/eventhubs/eventhub9808/consumergroups/testconsumergroup82368?api-version=2022-10-01-preview",
      "RequestMethod": "PUT",
      "RequestHeaders": {
        "Accept": "application/json",
        "Authorization": "Sanitized",
        "Content-Length": "17",
        "Content-Type": "application/json",
        "traceparent": "00-69429facedadf349baa2e289d4460b66-b6c44305cc5f3645-00",
        "User-Agent": "azsdk-net-ResourceManager.EventHubs/1.1.0-alpha.20230109.1 (.NET Core 3.1.28; Microsoft Windows 10.0.19044)",
        "x-ms-client-request-id": "718be8e3b71d939c33c3205dcaeb52c5",
        "x-ms-return-client-request-id": "true"
      },
      "RequestBody": {
        "properties": {}
      },
      "StatusCode": 200,
      "ResponseHeaders": {
        "Cache-Control": "no-cache",
        "Content-Length": "436",
        "Content-Type": "application/json; charset=utf-8",
        "Date": "Mon, 09 Jan 2023 22:09:57 GMT",
        "Expires": "-1",
        "Pragma": "no-cache",
        "Server": "Microsoft-HTTPAPI/2.0",
        "Strict-Transport-Security": "max-age=31536000; includeSubDomains",
        "X-Content-Type-Options": "nosniff",
        "x-ms-correlation-request-id": "19d3c513-fd1a-449c-a077-d6dac876ef8b",
        "x-ms-ratelimit-remaining-subscription-writes": "1167",
        "x-ms-request-id": "19d3c513-fd1a-449c-a077-d6dac876ef8b",
        "x-ms-routing-request-id": "SOUTHCENTRALUS:20230109T220958Z:19d3c513-fd1a-449c-a077-d6dac876ef8b"
      },
      "ResponseBody": {
        "id": "/subscriptions/326100e2-f69d-4268-8503-075374f62b6e/resourceGroups/testeventhubRG-8529/providers/Microsoft.EventHub/namespaces/testnamespacemgmt4999/eventhubs/eventhub9808/consumergroups/testconsumergroup82368",
        "name": "testconsumergroup82368",
        "type": "Microsoft.EventHub/namespaces/eventhubs/consumergroups",
        "location": "eastus2",
        "properties": {
          "createdAt": "2023-01-09T22:09:58.8572434Z",
          "updatedAt": "2023-01-09T22:09:58.8572434Z"
        }
      }
    },
    {
      "RequestUri": "https://management.azure.com/subscriptions/326100e2-f69d-4268-8503-075374f62b6e/resourceGroups/testeventhubRG-8529/providers/Microsoft.EventHub/namespaces/testnamespacemgmt4999/eventhubs/eventhub9808/consumergroups/testconsumergroup92467?api-version=2022-10-01-preview",
      "RequestMethod": "PUT",
      "RequestHeaders": {
        "Accept": "application/json",
        "Authorization": "Sanitized",
        "Content-Length": "17",
        "Content-Type": "application/json",
        "traceparent": "00-9c948be74e59ae4d94a3ff957b44bcaf-4873b1c632f8da44-00",
        "User-Agent": "azsdk-net-ResourceManager.EventHubs/1.1.0-alpha.20230109.1 (.NET Core 3.1.28; Microsoft Windows 10.0.19044)",
        "x-ms-client-request-id": "ebdf041b95292ac295132cae175e49d7",
        "x-ms-return-client-request-id": "true"
      },
      "RequestBody": {
        "properties": {}
      },
      "StatusCode": 200,
      "ResponseHeaders": {
        "Cache-Control": "no-cache",
        "Content-Length": "436",
        "Content-Type": "application/json; charset=utf-8",
        "Date": "Mon, 09 Jan 2023 22:09:59 GMT",
        "Expires": "-1",
        "Pragma": "no-cache",
        "Server": "Microsoft-HTTPAPI/2.0",
        "Strict-Transport-Security": "max-age=31536000; includeSubDomains",
        "X-Content-Type-Options": "nosniff",
        "x-ms-correlation-request-id": "5d225ebf-4c8f-48cd-b174-64f7d7c02e90",
        "x-ms-ratelimit-remaining-subscription-writes": "1166",
        "x-ms-request-id": "5d225ebf-4c8f-48cd-b174-64f7d7c02e90",
        "x-ms-routing-request-id": "SOUTHCENTRALUS:20230109T221000Z:5d225ebf-4c8f-48cd-b174-64f7d7c02e90"
      },
      "ResponseBody": {
        "id": "/subscriptions/326100e2-f69d-4268-8503-075374f62b6e/resourceGroups/testeventhubRG-8529/providers/Microsoft.EventHub/namespaces/testnamespacemgmt4999/eventhubs/eventhub9808/consumergroups/testconsumergroup92467",
        "name": "testconsumergroup92467",
        "type": "Microsoft.EventHub/namespaces/eventhubs/consumergroups",
        "location": "eastus2",
        "properties": {
          "createdAt": "2023-01-09T22:10:00.1697491Z",
          "updatedAt": "2023-01-09T22:10:00.1697491Z"
        }
      }
    },
    {
      "RequestUri": "https://management.azure.com/subscriptions/326100e2-f69d-4268-8503-075374f62b6e/resourceGroups/testeventhubRG-8529/providers/Microsoft.EventHub/namespaces/testnamespacemgmt4999/eventhubs/eventhub9808/consumergroups?api-version=2022-10-01-preview",
      "RequestMethod": "GET",
      "RequestHeaders": {
        "Accept": "application/json",
        "Authorization": "Sanitized",
        "traceparent": "00-8dca626a4fedc6438165206cd7f9dbb8-7103fdda84ee5541-00",
        "User-Agent": "azsdk-net-ResourceManager.EventHubs/1.1.0-alpha.20230109.1 (.NET Core 3.1.28; Microsoft Windows 10.0.19044)",
        "x-ms-client-request-id": "608c358c0139ed4556238556f0f1618b",
        "x-ms-return-client-request-id": "true"
      },
      "RequestBody": null,
      "StatusCode": 200,
      "ResponseHeaders": {
        "Cache-Control": "no-cache",
        "Content-Length": "4694",
        "Content-Type": "application/json; charset=utf-8",
        "Date": "Mon, 09 Jan 2023 22:09:59 GMT",
        "Expires": "-1",
        "Pragma": "no-cache",
        "Server": "Microsoft-HTTPAPI/2.0",
        "Strict-Transport-Security": "max-age=31536000; includeSubDomains",
        "X-Content-Type-Options": "nosniff",
        "x-ms-correlation-request-id": "e7453f9f-4373-4e6f-9a7b-92c0cffb9041",
        "x-ms-inline-count": "",
        "x-ms-ratelimit-remaining-subscription-reads": "11893",
        "x-ms-request-id": "e7453f9f-4373-4e6f-9a7b-92c0cffb9041",
        "x-ms-routing-request-id": "SOUTHCENTRALUS:20230109T221000Z:e7453f9f-4373-4e6f-9a7b-92c0cffb9041"
      },
      "ResponseBody": {
        "value": [
          {
            "id": "/subscriptions/326100e2-f69d-4268-8503-075374f62b6e/resourceGroups/testeventhubRG-8529/providers/Microsoft.EventHub/namespaces/testnamespacemgmt4999/eventhubs/eventhub9808/consumergroups/$Default",
            "name": "$Default",
            "type": "Microsoft.EventHub/namespaces/eventhubs/consumergroups",
            "location": "eastus2",
            "properties": {
              "createdAt": "2023-01-09T22:09:47.209Z",
              "updatedAt": "2023-01-09T22:09:47.209Z"
            }
          },
          {
            "id": "/subscriptions/326100e2-f69d-4268-8503-075374f62b6e/resourceGroups/testeventhubRG-8529/providers/Microsoft.EventHub/namespaces/testnamespacemgmt4999/eventhubs/eventhub9808/consumergroups/testconsumergroup07259",
            "name": "testconsumergroup07259",
            "type": "Microsoft.EventHub/namespaces/eventhubs/consumergroups",
            "location": "eastus2",
            "properties": {
              "createdAt": "2023-01-09T22:09:48.944Z",
              "updatedAt": "2023-01-09T22:09:48.944Z"
            }
          },
          {
            "id": "/subscriptions/326100e2-f69d-4268-8503-075374f62b6e/resourceGroups/testeventhubRG-8529/providers/Microsoft.EventHub/namespaces/testnamespacemgmt4999/eventhubs/eventhub9808/consumergroups/testconsumergroup19491",
            "name": "testconsumergroup19491",
            "type": "Microsoft.EventHub/namespaces/eventhubs/consumergroups",
            "location": "eastus2",
            "properties": {
              "createdAt": "2023-01-09T22:09:50.209Z",
              "updatedAt": "2023-01-09T22:09:50.209Z"
            }
          },
          {
            "id": "/subscriptions/326100e2-f69d-4268-8503-075374f62b6e/resourceGroups/testeventhubRG-8529/providers/Microsoft.EventHub/namespaces/testnamespacemgmt4999/eventhubs/eventhub9808/consumergroups/testconsumergroup26611",
            "name": "testconsumergroup26611",
            "type": "Microsoft.EventHub/namespaces/eventhubs/consumergroups",
            "location": "eastus2",
            "properties": {
              "createdAt": "2023-01-09T22:09:51.366Z",
              "updatedAt": "2023-01-09T22:09:51.366Z"
            }
          },
          {
            "id": "/subscriptions/326100e2-f69d-4268-8503-075374f62b6e/resourceGroups/testeventhubRG-8529/providers/Microsoft.EventHub/namespaces/testnamespacemgmt4999/eventhubs/eventhub9808/consumergroups/testconsumergroup34316",
            "name": "testconsumergroup34316",
            "type": "Microsoft.EventHub/namespaces/eventhubs/consumergroups",
            "location": "eastus2",
            "properties": {
              "createdAt": "2023-01-09T22:09:52.6Z",
              "updatedAt": "2023-01-09T22:09:52.6Z"
            }
          },
          {
            "id": "/subscriptions/326100e2-f69d-4268-8503-075374f62b6e/resourceGroups/testeventhubRG-8529/providers/Microsoft.EventHub/namespaces/testnamespacemgmt4999/eventhubs/eventhub9808/consumergroups/testconsumergroup43867",
            "name": "testconsumergroup43867",
            "type": "Microsoft.EventHub/namespaces/eventhubs/consumergroups",
            "location": "eastus2",
            "properties": {
              "createdAt": "2023-01-09T22:09:53.756Z",
              "updatedAt": "2023-01-09T22:09:53.756Z"
            }
          },
          {
            "id": "/subscriptions/326100e2-f69d-4268-8503-075374f62b6e/resourceGroups/testeventhubRG-8529/providers/Microsoft.EventHub/namespaces/testnamespacemgmt4999/eventhubs/eventhub9808/consumergroups/testconsumergroup56750",
            "name": "testconsumergroup56750",
            "type": "Microsoft.EventHub/namespaces/eventhubs/consumergroups",
            "location": "eastus2",
            "properties": {
              "createdAt": "2023-01-09T22:09:54.96Z",
              "updatedAt": "2023-01-09T22:09:54.96Z"
            }
          },
          {
            "id": "/subscriptions/326100e2-f69d-4268-8503-075374f62b6e/resourceGroups/testeventhubRG-8529/providers/Microsoft.EventHub/namespaces/testnamespacemgmt4999/eventhubs/eventhub9808/consumergroups/testconsumergroup64557",
            "name": "testconsumergroup64557",
            "type": "Microsoft.EventHub/namespaces/eventhubs/consumergroups",
            "location": "eastus2",
            "properties": {
              "createdAt": "2023-01-09T22:09:56.179Z",
              "updatedAt": "2023-01-09T22:09:56.179Z"
            }
          },
          {
            "id": "/subscriptions/326100e2-f69d-4268-8503-075374f62b6e/resourceGroups/testeventhubRG-8529/providers/Microsoft.EventHub/namespaces/testnamespacemgmt4999/eventhubs/eventhub9808/consumergroups/testconsumergroup75677",
            "name": "testconsumergroup75677",
            "type": "Microsoft.EventHub/namespaces/eventhubs/consumergroups",
            "location": "eastus2",
            "properties": {
              "createdAt": "2023-01-09T22:09:57.57Z",
              "updatedAt": "2023-01-09T22:09:57.57Z"
            }
          },
          {
            "id": "/subscriptions/326100e2-f69d-4268-8503-075374f62b6e/resourceGroups/testeventhubRG-8529/providers/Microsoft.EventHub/namespaces/testnamespacemgmt4999/eventhubs/eventhub9808/consumergroups/testconsumergroup82368",
            "name": "testconsumergroup82368",
            "type": "Microsoft.EventHub/namespaces/eventhubs/consumergroups",
            "location": "eastus2",
            "properties": {
              "createdAt": "2023-01-09T22:09:58.851Z",
              "updatedAt": "2023-01-09T22:09:58.851Z"
            }
          },
          {
            "id": "/subscriptions/326100e2-f69d-4268-8503-075374f62b6e/resourceGroups/testeventhubRG-8529/providers/Microsoft.EventHub/namespaces/testnamespacemgmt4999/eventhubs/eventhub9808/consumergroups/testconsumergroup92467",
            "name": "testconsumergroup92467",
            "type": "Microsoft.EventHub/namespaces/eventhubs/consumergroups",
            "location": "eastus2",
            "properties": {
              "createdAt": "2023-01-09T22:10:00.166Z",
              "updatedAt": "2023-01-09T22:10:00.166Z"
            }
          }
        ]
      }
    },
    {
      "RequestUri": "https://management.azure.com/subscriptions/326100e2-f69d-4268-8503-075374f62b6e/resourceGroups/testeventhubRG-8529/providers/Microsoft.EventHub/namespaces/testnamespacemgmt4999/eventhubs/eventhub9808/consumergroups?api-version=2022-10-01-preview\u0026$skip=5\u0026$top=5",
      "RequestMethod": "GET",
      "RequestHeaders": {
        "Accept": "application/json",
        "Authorization": "Sanitized",
        "traceparent": "00-c892549791044043b1a613bc5bdf0d4d-63f15606531d7f46-00",
        "User-Agent": "azsdk-net-ResourceManager.EventHubs/1.1.0-alpha.20230109.1 (.NET Core 3.1.28; Microsoft Windows 10.0.19044)",
        "x-ms-client-request-id": "4e8a8543d10753bac94688a46fe51b64",
        "x-ms-return-client-request-id": "true"
      },
      "RequestBody": null,
      "StatusCode": 200,
      "ResponseHeaders": {
        "Cache-Control": "no-cache",
        "Content-Length": "2429",
        "Content-Type": "application/json; charset=utf-8",
        "Date": "Mon, 09 Jan 2023 22:09:59 GMT",
        "Expires": "-1",
        "Pragma": "no-cache",
        "Server": "Microsoft-HTTPAPI/2.0",
        "Strict-Transport-Security": "max-age=31536000; includeSubDomains",
        "X-Content-Type-Options": "nosniff",
        "x-ms-correlation-request-id": "d247e13f-02d5-4ddf-8c7c-8a83e4166427",
        "x-ms-inline-count": "",
        "x-ms-ratelimit-remaining-subscription-reads": "11892",
        "x-ms-request-id": "d247e13f-02d5-4ddf-8c7c-8a83e4166427",
        "x-ms-routing-request-id": "SOUTHCENTRALUS:20230109T221000Z:d247e13f-02d5-4ddf-8c7c-8a83e4166427"
      },
      "ResponseBody": {
        "value": [
          {
            "id": "/subscriptions/326100e2-f69d-4268-8503-075374f62b6e/resourceGroups/testeventhubRG-8529/providers/Microsoft.EventHub/namespaces/testnamespacemgmt4999/eventhubs/eventhub9808/consumergroups/testconsumergroup43867",
            "name": "testconsumergroup43867",
            "type": "Microsoft.EventHub/namespaces/eventhubs/consumergroups",
            "location": "eastus2",
            "properties": {
              "createdAt": "2023-01-09T22:09:53.773Z",
              "updatedAt": "2023-01-09T22:09:53.773Z"
            }
          },
          {
            "id": "/subscriptions/326100e2-f69d-4268-8503-075374f62b6e/resourceGroups/testeventhubRG-8529/providers/Microsoft.EventHub/namespaces/testnamespacemgmt4999/eventhubs/eventhub9808/consumergroups/testconsumergroup56750",
            "name": "testconsumergroup56750",
            "type": "Microsoft.EventHub/namespaces/eventhubs/consumergroups",
            "location": "eastus2",
            "properties": {
              "createdAt": "2023-01-09T22:09:54.96Z",
              "updatedAt": "2023-01-09T22:09:54.96Z"
            }
          },
          {
            "id": "/subscriptions/326100e2-f69d-4268-8503-075374f62b6e/resourceGroups/testeventhubRG-8529/providers/Microsoft.EventHub/namespaces/testnamespacemgmt4999/eventhubs/eventhub9808/consumergroups/testconsumergroup64557",
            "name": "testconsumergroup64557",
            "type": "Microsoft.EventHub/namespaces/eventhubs/consumergroups",
            "location": "eastus2",
            "properties": {
              "createdAt": "2023-01-09T22:09:56.195Z",
              "updatedAt": "2023-01-09T22:09:56.195Z"
            }
          },
          {
            "id": "/subscriptions/326100e2-f69d-4268-8503-075374f62b6e/resourceGroups/testeventhubRG-8529/providers/Microsoft.EventHub/namespaces/testnamespacemgmt4999/eventhubs/eventhub9808/consumergroups/testconsumergroup75677",
            "name": "testconsumergroup75677",
            "type": "Microsoft.EventHub/namespaces/eventhubs/consumergroups",
            "location": "eastus2",
            "properties": {
              "createdAt": "2023-01-09T22:09:57.585Z",
              "updatedAt": "2023-01-09T22:09:57.585Z"
            }
          },
          {
            "id": "/subscriptions/326100e2-f69d-4268-8503-075374f62b6e/resourceGroups/testeventhubRG-8529/providers/Microsoft.EventHub/namespaces/testnamespacemgmt4999/eventhubs/eventhub9808/consumergroups/testconsumergroup82368",
            "name": "testconsumergroup82368",
            "type": "Microsoft.EventHub/namespaces/eventhubs/consumergroups",
            "location": "eastus2",
            "properties": {
              "createdAt": "2023-01-09T22:09:58.851Z",
              "updatedAt": "2023-01-09T22:09:58.851Z"
            }
          }
        ],
        "nextLink": "https://management.azure.com/subscriptions/326100e2-f69d-4268-8503-075374f62b6e/resourceGroups/testeventhubRG-8529/providers/Microsoft.EventHub/namespaces/testnamespacemgmt4999/eventhubs/eventhub9808/consumergroups?api-version=2022-10-01-preview\u0026$skip=10\u0026$top=5"
      }
    },
    {
      "RequestUri": "https://management.azure.com/subscriptions/326100e2-f69d-4268-8503-075374f62b6e/resourceGroups/testeventhubRG-8529/providers/Microsoft.EventHub/namespaces/testnamespacemgmt4999/eventhubs/eventhub9808/consumergroups?api-version=2022-10-01-preview\u0026$skip=10\u0026$top=5",
      "RequestMethod": "GET",
      "RequestHeaders": {
        "Accept": "application/json",
        "Authorization": "Sanitized",
        "traceparent": "00-8a8c967e7b70d24e8032c12dc150ef45-3ce9245c9e71ae4b-00",
        "User-Agent": "azsdk-net-ResourceManager.EventHubs/1.1.0-alpha.20230109.1 (.NET Core 3.1.28; Microsoft Windows 10.0.19044)",
        "x-ms-client-request-id": "b63d86d764c51abfbef19505106b3aa4",
        "x-ms-return-client-request-id": "true"
      },
      "RequestBody": null,
      "StatusCode": 200,
      "ResponseHeaders": {
        "Cache-Control": "no-cache",
        "Content-Length": "440",
        "Content-Type": "application/json; charset=utf-8",
        "Date": "Mon, 09 Jan 2023 22:09:59 GMT",
        "Expires": "-1",
        "Pragma": "no-cache",
        "Server": "Microsoft-HTTPAPI/2.0",
        "Strict-Transport-Security": "max-age=31536000; includeSubDomains",
        "X-Content-Type-Options": "nosniff",
        "x-ms-correlation-request-id": "13e29b73-b813-40a7-b9ff-39f91074a57d",
        "x-ms-inline-count": "",
        "x-ms-ratelimit-remaining-subscription-reads": "11891",
        "x-ms-request-id": "13e29b73-b813-40a7-b9ff-39f91074a57d",
        "x-ms-routing-request-id": "SOUTHCENTRALUS:20230109T221000Z:13e29b73-b813-40a7-b9ff-39f91074a57d"
      },
      "ResponseBody": {
        "value": [
          {
            "id": "/subscriptions/326100e2-f69d-4268-8503-075374f62b6e/resourceGroups/testeventhubRG-8529/providers/Microsoft.EventHub/namespaces/testnamespacemgmt4999/eventhubs/eventhub9808/consumergroups/testconsumergroup92467",
            "name": "testconsumergroup92467",
            "type": "Microsoft.EventHub/namespaces/eventhubs/consumergroups",
            "location": "eastus2",
            "properties": {
              "createdAt": "2023-01-09T22:10:00.179Z",
              "updatedAt": "2023-01-09T22:10:00.179Z"
            }
          }
        ]
      }
    }
  ],
  "Variables": {
    "AZURE_AUTHORITY_HOST": "https://login.microsoftonline.com",
    "RandomSeed": "92125651",
    "RESOURCE_MANAGER_URL": null,
    "SUBSCRIPTION_ID": "326100e2-f69d-4268-8503-075374f62b6e"
  }
}
