{
  "Entries": [
    {
      "RequestUri": "https://management.azure.com/subscriptions/326100e2-f69d-4268-8503-075374f62b6e?api-version=2021-01-01",
      "RequestMethod": "GET",
      "RequestHeaders": {
        "Accept": "application/json",
        "Authorization": "Sanitized",
        "traceparent": "00-8b87b744ffd6e645932048886aa6d35d-f418b31a3f7fbb4b-00",
        "User-Agent": "azsdk-net-ResourceManager/1.3.1 (.NET Framework 4.8.9105.0; Microsoft Windows 10.0.19044 )",
        "x-ms-client-request-id": "0b41ee591a69961a1ca209183fc7e2d6",
        "x-ms-return-client-request-id": "true"
      },
      "RequestBody": null,
      "StatusCode": 200,
      "ResponseHeaders": {
        "Cache-Control": "no-cache",
        "Content-Length": "460",
        "Content-Type": "application/json; charset=utf-8",
        "Date": "Fri, 09 Dec 2022 07:15:04 GMT",
        "Expires": "-1",
        "Pragma": "no-cache",
        "Strict-Transport-Security": "max-age=31536000; includeSubDomains",
        "X-Content-Type-Options": "nosniff",
        "x-ms-correlation-request-id": "29247621-5d14-44a7-ae4e-2cd26c984c53",
        "x-ms-ratelimit-remaining-subscription-reads": "11968",
        "x-ms-request-id": "29247621-5d14-44a7-ae4e-2cd26c984c53",
        "x-ms-routing-request-id": "SOUTHCENTRALUS:20221209T071504Z:29247621-5d14-44a7-ae4e-2cd26c984c53"
      },
      "ResponseBody": {
        "id": "/subscriptions/326100e2-f69d-4268-8503-075374f62b6e",
        "authorizationSource": "RoleBased",
        "managedByTenants": [
          {
            "tenantId": "2f4a9838-26b7-47ee-be60-ccc1fdec5953"
          }
        ],
        "subscriptionId": "326100e2-f69d-4268-8503-075374f62b6e",
        "tenantId": "72f988bf-86f1-41af-91ab-2d7cd011db47",
        "displayName": "Azure Messaging PM Playground",
        "state": "Enabled",
        "subscriptionPolicies": {
          "locationPlacementId": "Internal_2014-09-01",
          "quotaId": "Internal_2014-09-01",
          "spendingLimit": "Off"
        }
      }
    },
    {
      "RequestUri": "https://management.azure.com/subscriptions/326100e2-f69d-4268-8503-075374f62b6e/resourcegroups/testeventhubRG-5852?api-version=2021-04-01",
      "RequestMethod": "PUT",
      "RequestHeaders": {
        "Accept": "application/json",
        "Authorization": "Sanitized",
        "Content-Length": "44",
        "Content-Type": "application/json",
        "traceparent": "00-d18a3ba816e27f448d0cae9ff480422f-09a5c75fbc95c344-00",
        "User-Agent": "azsdk-net-ResourceManager/1.3.1 (.NET Framework 4.8.9105.0; Microsoft Windows 10.0.19044 )",
        "x-ms-client-request-id": "5d84c843df16c7669142723dad50b8fe",
        "x-ms-return-client-request-id": "true"
      },
      "RequestBody": {
        "tags": {
          "test": "env"
        },
        "location": "eastus2"
      },
      "StatusCode": 201,
      "ResponseHeaders": {
        "Cache-Control": "no-cache",
        "Content-Length": "258",
        "Content-Type": "application/json; charset=utf-8",
        "Date": "Fri, 09 Dec 2022 07:15:05 GMT",
        "Expires": "-1",
        "Pragma": "no-cache",
        "Strict-Transport-Security": "max-age=31536000; includeSubDomains",
        "X-Content-Type-Options": "nosniff",
        "x-ms-correlation-request-id": "898573f5-7f71-47b5-974e-94219cb3df7b",
        "x-ms-ratelimit-remaining-subscription-writes": "1185",
        "x-ms-request-id": "898573f5-7f71-47b5-974e-94219cb3df7b",
        "x-ms-routing-request-id": "SOUTHCENTRALUS:20221209T071506Z:898573f5-7f71-47b5-974e-94219cb3df7b"
      },
      "ResponseBody": {
        "id": "/subscriptions/326100e2-f69d-4268-8503-075374f62b6e/resourceGroups/testeventhubRG-5852",
        "name": "testeventhubRG-5852",
        "type": "Microsoft.Resources/resourceGroups",
        "location": "eastus2",
        "tags": {
          "test": "env"
        },
        "properties": {
          "provisioningState": "Succeeded"
        }
      }
    },
    {
      "RequestUri": "https://management.azure.com/subscriptions/326100e2-f69d-4268-8503-075374f62b6e/providers/Microsoft.EventHub/checkNameAvailability?api-version=2022-01-01-preview",
      "RequestMethod": "POST",
      "RequestHeaders": {
        "Accept": "application/json",
        "Authorization": "Sanitized",
        "Content-Length": "32",
        "Content-Type": "application/json",
        "traceparent": "00-14bdba00f90ac64e884cd382f87c3a53-82380d6dfb7d484e-00",
        "User-Agent": "azsdk-net-ResourceManager.EventHubs/1.1.0-alpha.20221209.1 (.NET Framework 4.8.9105.0; Microsoft Windows 10.0.19044 )",
        "x-ms-client-request-id": "6dba4d13a636fa90d20496cc82d8c72f",
        "x-ms-return-client-request-id": "true"
      },
      "RequestBody": {
        "name": "testnamespacemgmt5686"
      },
      "StatusCode": 200,
      "ResponseHeaders": {
        "Cache-Control": "no-cache",
        "Content-Length": "53",
        "Content-Type": "application/json; charset=utf-8",
        "Date": "Fri, 09 Dec 2022 07:15:05 GMT",
        "Expires": "-1",
        "Pragma": "no-cache",
        "Server": [
          "Service-Bus-Resource-Provider/SN1",
          "Microsoft-HTTPAPI/2.0"
        ],
        "Server-SB": "Service-Bus-Resource-Provider/SN1",
        "Strict-Transport-Security": "max-age=31536000; includeSubDomains",
        "X-Content-Type-Options": "nosniff",
        "x-ms-client-request-id": "6dba4d13a636fa90d20496cc82d8c72f",
        "x-ms-correlation-request-id": "ed79447d-b98d-4e25-975f-c7f36e1b8327",
        "x-ms-ratelimit-remaining-subscription-writes": "1198",
        "x-ms-request-id": "0a8487a3-340f-4614-8209-4e8842d973ab_M11SN1_M11SN1",
        "x-ms-routing-request-id": "SOUTHCENTRALUS:20221209T071506Z:ed79447d-b98d-4e25-975f-c7f36e1b8327"
      },
      "ResponseBody": {
        "nameAvailable": true,
        "reason": "None",
        "message": null
      }
    },
    {
      "RequestUri": "https://management.azure.com/subscriptions/326100e2-f69d-4268-8503-075374f62b6e/resourceGroups/testeventhubRG-5852/providers/Microsoft.EventHub/namespaces/testnamespacemgmt5686?api-version=2022-01-01-preview",
      "RequestMethod": "PUT",
      "RequestHeaders": {
        "Accept": "application/json",
        "Authorization": "Sanitized",
        "Content-Length": "48",
        "Content-Type": "application/json",
        "traceparent": "00-6edbdd7dcf678c448b29391dea6b4b3a-724a2caea9d6bc44-00",
        "User-Agent": "azsdk-net-ResourceManager.EventHubs/1.1.0-alpha.20221209.1 (.NET Framework 4.8.9105.0; Microsoft Windows 10.0.19044 )",
        "x-ms-client-request-id": "571f0d23438fda0e43d8d8a7586f5251",
        "x-ms-return-client-request-id": "true"
      },
      "RequestBody": {
        "tags": {},
        "location": "eastus2",
        "properties": {}
      },
      "StatusCode": 200,
      "ResponseHeaders": {
        "Cache-Control": "no-cache",
        "Content-Length": "796",
        "Content-Type": "application/json; charset=utf-8",
        "Date": "Fri, 09 Dec 2022 07:15:09 GMT",
        "Expires": "-1",
        "Pragma": "no-cache",
        "Server": [
          "Service-Bus-Resource-Provider/SN1",
          "Microsoft-HTTPAPI/2.0"
        ],
        "Server-SB": "Service-Bus-Resource-Provider/SN1",
        "Strict-Transport-Security": "max-age=31536000; includeSubDomains",
        "X-Content-Type-Options": "nosniff",
        "x-ms-client-request-id": "571f0d23438fda0e43d8d8a7586f5251",
        "x-ms-correlation-request-id": "7dd9d00b-5a19-46cd-8e24-d5e7678d69dc",
        "x-ms-ratelimit-remaining-subscription-resource-requests": "48",
        "x-ms-request-id": "9f7287a8-d1c4-484b-a978-94e07d6e01be_M11SN1_M11SN1",
        "x-ms-routing-request-id": "SOUTHCENTRALUS:20221209T071509Z:7dd9d00b-5a19-46cd-8e24-d5e7678d69dc"
      },
      "ResponseBody": {
        "sku": {
          "name": "Standard",
          "tier": "Standard",
          "capacity": 1
        },
        "id": "/subscriptions/326100e2-f69d-4268-8503-075374f62b6e/resourceGroups/testeventhubRG-5852/providers/Microsoft.EventHub/namespaces/testnamespacemgmt5686",
        "name": "testnamespacemgmt5686",
        "type": "Microsoft.EventHub/Namespaces",
        "location": "East US 2",
        "tags": {},
        "properties": {
          "minimumTlsVersion": "1.2",
          "publicNetworkAccess": "Enabled",
          "disableLocalAuth": false,
          "zoneRedundant": false,
          "isAutoInflateEnabled": false,
          "maximumThroughputUnits": 0,
          "kafkaEnabled": true,
          "provisioningState": "Created",
          "metricId": "326100e2-f69d-4268-8503-075374f62b6e:testnamespacemgmt5686",
          "createdAt": "2022-12-09T07:15:08.947Z",
          "updatedAt": "2022-12-09T07:15:08.947Z",
          "serviceBusEndpoint": "https://testnamespacemgmt5686.servicebus.windows.net:443/",
          "status": "Activating"
        }
      }
    },
    {
      "RequestUri": "https://management.azure.com/subscriptions/326100e2-f69d-4268-8503-075374f62b6e/resourceGroups/testeventhubRG-5852/providers/Microsoft.EventHub/namespaces/testnamespacemgmt5686?api-version=2022-01-01-preview",
      "RequestMethod": "GET",
      "RequestHeaders": {
        "Authorization": "Sanitized",
        "traceparent": "00-6edbdd7dcf678c448b29391dea6b4b3a-613dcf0b7cc14e42-00",
        "User-Agent": "azsdk-net-ResourceManager/1.3.1 (.NET Framework 4.8.9105.0; Microsoft Windows 10.0.19044 )",
        "x-ms-client-request-id": "42890daba798cff83ee0295ecde8a163",
        "x-ms-return-client-request-id": "true"
      },
      "RequestBody": null,
      "StatusCode": 200,
      "ResponseHeaders": {
        "Cache-Control": "no-cache",
        "Content-Length": "796",
        "Content-Type": "application/json; charset=utf-8",
        "Date": "Fri, 09 Dec 2022 07:15:10 GMT",
        "Expires": "-1",
        "Pragma": "no-cache",
        "Server": [
          "Service-Bus-Resource-Provider/SN1",
          "Microsoft-HTTPAPI/2.0"
        ],
        "Server-SB": "Service-Bus-Resource-Provider/SN1",
        "Strict-Transport-Security": "max-age=31536000; includeSubDomains",
        "X-Content-Type-Options": "nosniff",
        "x-ms-client-request-id": "42890daba798cff83ee0295ecde8a163",
        "x-ms-correlation-request-id": "fea2aa09-dd27-49bc-95e5-7cd7007e018d",
        "x-ms-ratelimit-remaining-subscription-reads": "11967",
        "x-ms-request-id": "b80ca856-c154-4ffa-93fb-96b61dd64178_M11SN1_M11SN1",
        "x-ms-routing-request-id": "SOUTHCENTRALUS:20221209T071511Z:fea2aa09-dd27-49bc-95e5-7cd7007e018d"
      },
      "ResponseBody": {
        "sku": {
          "name": "Standard",
          "tier": "Standard",
          "capacity": 1
        },
        "id": "/subscriptions/326100e2-f69d-4268-8503-075374f62b6e/resourceGroups/testeventhubRG-5852/providers/Microsoft.EventHub/namespaces/testnamespacemgmt5686",
        "name": "testnamespacemgmt5686",
        "type": "Microsoft.EventHub/Namespaces",
        "location": "East US 2",
        "tags": {},
        "properties": {
          "minimumTlsVersion": "1.2",
          "publicNetworkAccess": "Enabled",
          "disableLocalAuth": false,
          "zoneRedundant": false,
          "isAutoInflateEnabled": false,
          "maximumThroughputUnits": 0,
          "kafkaEnabled": true,
          "provisioningState": "Created",
          "metricId": "326100e2-f69d-4268-8503-075374f62b6e:testnamespacemgmt5686",
          "createdAt": "2022-12-09T07:15:08.947Z",
          "updatedAt": "2022-12-09T07:15:08.947Z",
          "serviceBusEndpoint": "https://testnamespacemgmt5686.servicebus.windows.net:443/",
          "status": "Activating"
        }
      }
    },
    {
      "RequestUri": "https://management.azure.com/subscriptions/326100e2-f69d-4268-8503-075374f62b6e/resourceGroups/testeventhubRG-5852/providers/Microsoft.EventHub/namespaces/testnamespacemgmt5686?api-version=2022-01-01-preview",
      "RequestMethod": "GET",
      "RequestHeaders": {
        "Authorization": "Sanitized",
        "traceparent": "00-6edbdd7dcf678c448b29391dea6b4b3a-b1e14a0b82687e48-00",
        "User-Agent": "azsdk-net-ResourceManager/1.3.1 (.NET Framework 4.8.9105.0; Microsoft Windows 10.0.19044 )",
        "x-ms-client-request-id": "cbb245b23224021400fd622b00330a49",
        "x-ms-return-client-request-id": "true"
      },
      "RequestBody": null,
      "StatusCode": 200,
      "ResponseHeaders": {
        "Cache-Control": "no-cache",
        "Content-Length": "796",
        "Content-Type": "application/json; charset=utf-8",
        "Date": "Fri, 09 Dec 2022 07:15:14 GMT",
        "Expires": "-1",
        "Pragma": "no-cache",
        "Server": [
          "Service-Bus-Resource-Provider/SN1",
          "Microsoft-HTTPAPI/2.0"
        ],
        "Server-SB": "Service-Bus-Resource-Provider/SN1",
        "Strict-Transport-Security": "max-age=31536000; includeSubDomains",
        "X-Content-Type-Options": "nosniff",
        "x-ms-client-request-id": "cbb245b23224021400fd622b00330a49",
        "x-ms-correlation-request-id": "49107439-7fd8-4501-bfc7-24e5a1aed56c",
        "x-ms-ratelimit-remaining-subscription-reads": "11966",
        "x-ms-request-id": "b5d47a18-5d98-4e5a-89e9-f2d054f56712_M11SN1_M11SN1",
        "x-ms-routing-request-id": "SOUTHCENTRALUS:20221209T071515Z:49107439-7fd8-4501-bfc7-24e5a1aed56c"
      },
      "ResponseBody": {
        "sku": {
          "name": "Standard",
          "tier": "Standard",
          "capacity": 1
        },
        "id": "/subscriptions/326100e2-f69d-4268-8503-075374f62b6e/resourceGroups/testeventhubRG-5852/providers/Microsoft.EventHub/namespaces/testnamespacemgmt5686",
        "name": "testnamespacemgmt5686",
        "type": "Microsoft.EventHub/Namespaces",
        "location": "East US 2",
        "tags": {},
        "properties": {
          "minimumTlsVersion": "1.2",
          "publicNetworkAccess": "Enabled",
          "disableLocalAuth": false,
          "zoneRedundant": false,
          "isAutoInflateEnabled": false,
          "maximumThroughputUnits": 0,
          "kafkaEnabled": true,
          "provisioningState": "Created",
          "metricId": "326100e2-f69d-4268-8503-075374f62b6e:testnamespacemgmt5686",
          "createdAt": "2022-12-09T07:15:08.947Z",
          "updatedAt": "2022-12-09T07:15:08.947Z",
          "serviceBusEndpoint": "https://testnamespacemgmt5686.servicebus.windows.net:443/",
          "status": "Activating"
        }
      }
    },
    {
      "RequestUri": "https://management.azure.com/subscriptions/326100e2-f69d-4268-8503-075374f62b6e/resourceGroups/testeventhubRG-5852/providers/Microsoft.EventHub/namespaces/testnamespacemgmt5686?api-version=2022-01-01-preview",
      "RequestMethod": "GET",
      "RequestHeaders": {
        "Authorization": "Sanitized",
        "traceparent": "00-6edbdd7dcf678c448b29391dea6b4b3a-2e314b4ffb86d146-00",
        "User-Agent": "azsdk-net-ResourceManager/1.3.1 (.NET Framework 4.8.9105.0; Microsoft Windows 10.0.19044 )",
        "x-ms-client-request-id": "4afc6eca0fe572b8bfe4563af7ae540c",
        "x-ms-return-client-request-id": "true"
      },
      "RequestBody": null,
      "StatusCode": 200,
      "ResponseHeaders": {
        "Cache-Control": "no-cache",
        "Content-Length": "796",
        "Content-Type": "application/json; charset=utf-8",
        "Date": "Fri, 09 Dec 2022 07:15:17 GMT",
        "Expires": "-1",
        "Pragma": "no-cache",
        "Server": [
          "Service-Bus-Resource-Provider/SN1",
          "Microsoft-HTTPAPI/2.0"
        ],
        "Server-SB": "Service-Bus-Resource-Provider/SN1",
        "Strict-Transport-Security": "max-age=31536000; includeSubDomains",
        "X-Content-Type-Options": "nosniff",
        "x-ms-client-request-id": "4afc6eca0fe572b8bfe4563af7ae540c",
        "x-ms-correlation-request-id": "e8cbf582-8dd0-417c-98f0-d0300c0276bf",
        "x-ms-ratelimit-remaining-subscription-reads": "11965",
        "x-ms-request-id": "5175ff22-baeb-4269-9013-9b7d7b115f3b_M11SN1_M11SN1",
        "x-ms-routing-request-id": "SOUTHCENTRALUS:20221209T071517Z:e8cbf582-8dd0-417c-98f0-d0300c0276bf"
      },
      "ResponseBody": {
        "sku": {
          "name": "Standard",
          "tier": "Standard",
          "capacity": 1
        },
        "id": "/subscriptions/326100e2-f69d-4268-8503-075374f62b6e/resourceGroups/testeventhubRG-5852/providers/Microsoft.EventHub/namespaces/testnamespacemgmt5686",
        "name": "testnamespacemgmt5686",
        "type": "Microsoft.EventHub/Namespaces",
        "location": "East US 2",
        "tags": {},
        "properties": {
          "minimumTlsVersion": "1.2",
          "publicNetworkAccess": "Enabled",
          "disableLocalAuth": false,
          "zoneRedundant": false,
          "isAutoInflateEnabled": false,
          "maximumThroughputUnits": 0,
          "kafkaEnabled": true,
          "provisioningState": "Created",
          "metricId": "326100e2-f69d-4268-8503-075374f62b6e:testnamespacemgmt5686",
          "createdAt": "2022-12-09T07:15:08.947Z",
          "updatedAt": "2022-12-09T07:15:08.947Z",
          "serviceBusEndpoint": "https://testnamespacemgmt5686.servicebus.windows.net:443/",
          "status": "Activating"
        }
      }
    },
    {
      "RequestUri": "https://management.azure.com/subscriptions/326100e2-f69d-4268-8503-075374f62b6e/resourceGroups/testeventhubRG-5852/providers/Microsoft.EventHub/namespaces/testnamespacemgmt5686?api-version=2022-01-01-preview",
      "RequestMethod": "GET",
      "RequestHeaders": {
        "Authorization": "Sanitized",
        "traceparent": "00-6edbdd7dcf678c448b29391dea6b4b3a-4f829f1f3c583048-00",
        "User-Agent": "azsdk-net-ResourceManager/1.3.1 (.NET Framework 4.8.9105.0; Microsoft Windows 10.0.19044 )",
        "x-ms-client-request-id": "8929e0c142477845f987429b44cccf0b",
        "x-ms-return-client-request-id": "true"
      },
      "RequestBody": null,
      "StatusCode": 200,
      "ResponseHeaders": {
        "Cache-Control": "no-cache",
        "Content-Length": "796",
        "Content-Type": "application/json; charset=utf-8",
        "Date": "Fri, 09 Dec 2022 07:15:18 GMT",
        "Expires": "-1",
        "Pragma": "no-cache",
        "Server": [
          "Service-Bus-Resource-Provider/SN1",
          "Microsoft-HTTPAPI/2.0"
        ],
        "Server-SB": "Service-Bus-Resource-Provider/SN1",
        "Strict-Transport-Security": "max-age=31536000; includeSubDomains",
        "X-Content-Type-Options": "nosniff",
        "x-ms-client-request-id": "8929e0c142477845f987429b44cccf0b",
        "x-ms-correlation-request-id": "ca9db57e-730b-412d-a6a8-381130f6d8f7",
        "x-ms-ratelimit-remaining-subscription-reads": "11964",
        "x-ms-request-id": "0856ae78-cca6-40f9-baa2-9f37942f2231_M2SN1_M2SN1",
        "x-ms-routing-request-id": "SOUTHCENTRALUS:20221209T071519Z:ca9db57e-730b-412d-a6a8-381130f6d8f7"
      },
      "ResponseBody": {
        "sku": {
          "name": "Standard",
          "tier": "Standard",
          "capacity": 1
        },
        "id": "/subscriptions/326100e2-f69d-4268-8503-075374f62b6e/resourceGroups/testeventhubRG-5852/providers/Microsoft.EventHub/namespaces/testnamespacemgmt5686",
        "name": "testnamespacemgmt5686",
        "type": "Microsoft.EventHub/Namespaces",
        "location": "East US 2",
        "tags": {},
        "properties": {
          "minimumTlsVersion": "1.2",
          "publicNetworkAccess": "Enabled",
          "disableLocalAuth": false,
          "zoneRedundant": false,
          "isAutoInflateEnabled": false,
          "maximumThroughputUnits": 0,
          "kafkaEnabled": true,
          "provisioningState": "Created",
          "metricId": "326100e2-f69d-4268-8503-075374f62b6e:testnamespacemgmt5686",
          "createdAt": "2022-12-09T07:15:08.947Z",
          "updatedAt": "2022-12-09T07:15:08.947Z",
          "serviceBusEndpoint": "https://testnamespacemgmt5686.servicebus.windows.net:443/",
          "status": "Activating"
        }
      }
    },
    {
      "RequestUri": "https://management.azure.com/subscriptions/326100e2-f69d-4268-8503-075374f62b6e/resourceGroups/testeventhubRG-5852/providers/Microsoft.EventHub/namespaces/testnamespacemgmt5686?api-version=2022-01-01-preview",
      "RequestMethod": "GET",
      "RequestHeaders": {
        "Authorization": "Sanitized",
        "traceparent": "00-6edbdd7dcf678c448b29391dea6b4b3a-58f4f112563bbe44-00",
        "User-Agent": "azsdk-net-ResourceManager/1.3.1 (.NET Framework 4.8.9105.0; Microsoft Windows 10.0.19044 )",
        "x-ms-client-request-id": "5e93e0d557eca27d8d400c40dbd90a51",
        "x-ms-return-client-request-id": "true"
      },
      "RequestBody": null,
      "StatusCode": 200,
      "ResponseHeaders": {
        "Cache-Control": "no-cache",
        "Content-Length": "796",
        "Content-Type": "application/json; charset=utf-8",
        "Date": "Fri, 09 Dec 2022 07:15:21 GMT",
        "Expires": "-1",
        "Pragma": "no-cache",
        "Server": [
          "Service-Bus-Resource-Provider/SN1",
          "Microsoft-HTTPAPI/2.0"
        ],
        "Server-SB": "Service-Bus-Resource-Provider/SN1",
        "Strict-Transport-Security": "max-age=31536000; includeSubDomains",
        "X-Content-Type-Options": "nosniff",
        "x-ms-client-request-id": "5e93e0d557eca27d8d400c40dbd90a51",
        "x-ms-correlation-request-id": "745ece5a-ae39-4a91-a14f-8baa8eb26323",
        "x-ms-ratelimit-remaining-subscription-reads": "11963",
        "x-ms-request-id": "4e988c93-6e35-4c18-b9be-95db12298b7d_M7SN1_M7SN1",
        "x-ms-routing-request-id": "SOUTHCENTRALUS:20221209T071521Z:745ece5a-ae39-4a91-a14f-8baa8eb26323"
      },
      "ResponseBody": {
        "sku": {
          "name": "Standard",
          "tier": "Standard",
          "capacity": 1
        },
        "id": "/subscriptions/326100e2-f69d-4268-8503-075374f62b6e/resourceGroups/testeventhubRG-5852/providers/Microsoft.EventHub/namespaces/testnamespacemgmt5686",
        "name": "testnamespacemgmt5686",
        "type": "Microsoft.EventHub/Namespaces",
        "location": "East US 2",
        "tags": {},
        "properties": {
          "minimumTlsVersion": "1.2",
          "publicNetworkAccess": "Enabled",
          "disableLocalAuth": false,
          "zoneRedundant": false,
          "isAutoInflateEnabled": false,
          "maximumThroughputUnits": 0,
          "kafkaEnabled": true,
          "provisioningState": "Created",
          "metricId": "326100e2-f69d-4268-8503-075374f62b6e:testnamespacemgmt5686",
          "createdAt": "2022-12-09T07:15:08.947Z",
          "updatedAt": "2022-12-09T07:15:08.947Z",
          "serviceBusEndpoint": "https://testnamespacemgmt5686.servicebus.windows.net:443/",
          "status": "Activating"
        }
      }
    },
    {
      "RequestUri": "https://management.azure.com/subscriptions/326100e2-f69d-4268-8503-075374f62b6e/resourceGroups/testeventhubRG-5852/providers/Microsoft.EventHub/namespaces/testnamespacemgmt5686?api-version=2022-01-01-preview",
      "RequestMethod": "GET",
      "RequestHeaders": {
        "Authorization": "Sanitized",
        "traceparent": "00-6edbdd7dcf678c448b29391dea6b4b3a-e3b8318e6164fd42-00",
        "User-Agent": "azsdk-net-ResourceManager/1.3.1 (.NET Framework 4.8.9105.0; Microsoft Windows 10.0.19044 )",
        "x-ms-client-request-id": "206a56a8810a88012983515dcd1c2df2",
        "x-ms-return-client-request-id": "true"
      },
      "RequestBody": null,
      "StatusCode": 200,
      "ResponseHeaders": {
        "Cache-Control": "no-cache",
        "Content-Length": "796",
        "Content-Type": "application/json; charset=utf-8",
        "Date": "Fri, 09 Dec 2022 07:15:25 GMT",
        "Expires": "-1",
        "Pragma": "no-cache",
        "Server": [
          "Service-Bus-Resource-Provider/SN1",
          "Microsoft-HTTPAPI/2.0"
        ],
        "Server-SB": "Service-Bus-Resource-Provider/SN1",
        "Strict-Transport-Security": "max-age=31536000; includeSubDomains",
        "X-Content-Type-Options": "nosniff",
        "x-ms-client-request-id": "206a56a8810a88012983515dcd1c2df2",
        "x-ms-correlation-request-id": "9ce94678-ff1a-4c5c-8ae4-3c5039b57eb4",
        "x-ms-ratelimit-remaining-subscription-reads": "11962",
        "x-ms-request-id": "bbc46660-5b38-453e-ad99-d3f5cc049a92_M10SN1_M10SN1",
        "x-ms-routing-request-id": "SOUTHCENTRALUS:20221209T071525Z:9ce94678-ff1a-4c5c-8ae4-3c5039b57eb4"
      },
      "ResponseBody": {
        "sku": {
          "name": "Standard",
          "tier": "Standard",
          "capacity": 1
        },
        "id": "/subscriptions/326100e2-f69d-4268-8503-075374f62b6e/resourceGroups/testeventhubRG-5852/providers/Microsoft.EventHub/namespaces/testnamespacemgmt5686",
        "name": "testnamespacemgmt5686",
        "type": "Microsoft.EventHub/Namespaces",
        "location": "East US 2",
        "tags": {},
        "properties": {
          "minimumTlsVersion": "1.2",
          "publicNetworkAccess": "Enabled",
          "disableLocalAuth": false,
          "zoneRedundant": false,
          "isAutoInflateEnabled": false,
          "maximumThroughputUnits": 0,
          "kafkaEnabled": true,
          "provisioningState": "Created",
          "metricId": "326100e2-f69d-4268-8503-075374f62b6e:testnamespacemgmt5686",
          "createdAt": "2022-12-09T07:15:08.947Z",
          "updatedAt": "2022-12-09T07:15:08.947Z",
          "serviceBusEndpoint": "https://testnamespacemgmt5686.servicebus.windows.net:443/",
          "status": "Activating"
        }
      }
    },
    {
      "RequestUri": "https://management.azure.com/subscriptions/326100e2-f69d-4268-8503-075374f62b6e/resourceGroups/testeventhubRG-5852/providers/Microsoft.EventHub/namespaces/testnamespacemgmt5686?api-version=2022-01-01-preview",
      "RequestMethod": "GET",
      "RequestHeaders": {
        "Authorization": "Sanitized",
        "traceparent": "00-6edbdd7dcf678c448b29391dea6b4b3a-172d066d98ecbb4f-00",
        "User-Agent": "azsdk-net-ResourceManager/1.3.1 (.NET Framework 4.8.9105.0; Microsoft Windows 10.0.19044 )",
        "x-ms-client-request-id": "16654b15f61b6a206286fc0736059d1f",
        "x-ms-return-client-request-id": "true"
      },
      "RequestBody": null,
      "StatusCode": 200,
      "ResponseHeaders": {
        "Cache-Control": "no-cache",
        "Content-Length": "796",
        "Content-Type": "application/json; charset=utf-8",
        "Date": "Fri, 09 Dec 2022 07:15:33 GMT",
        "Expires": "-1",
        "Pragma": "no-cache",
        "Server": [
          "Service-Bus-Resource-Provider/SN1",
          "Microsoft-HTTPAPI/2.0"
        ],
        "Server-SB": "Service-Bus-Resource-Provider/SN1",
        "Strict-Transport-Security": "max-age=31536000; includeSubDomains",
        "X-Content-Type-Options": "nosniff",
        "x-ms-client-request-id": "16654b15f61b6a206286fc0736059d1f",
        "x-ms-correlation-request-id": "82d0f065-2fc1-4564-a395-9e047ce1ac3d",
        "x-ms-ratelimit-remaining-subscription-reads": "11961",
        "x-ms-request-id": "5be706f9-22df-416a-a87e-51d121c25602_M10SN1_M10SN1",
        "x-ms-routing-request-id": "SOUTHCENTRALUS:20221209T071533Z:82d0f065-2fc1-4564-a395-9e047ce1ac3d"
      },
      "ResponseBody": {
        "sku": {
          "name": "Standard",
          "tier": "Standard",
          "capacity": 1
        },
        "id": "/subscriptions/326100e2-f69d-4268-8503-075374f62b6e/resourceGroups/testeventhubRG-5852/providers/Microsoft.EventHub/namespaces/testnamespacemgmt5686",
        "name": "testnamespacemgmt5686",
        "type": "Microsoft.EventHub/Namespaces",
        "location": "East US 2",
        "tags": {},
        "properties": {
          "minimumTlsVersion": "1.2",
          "publicNetworkAccess": "Enabled",
          "disableLocalAuth": false,
          "zoneRedundant": false,
          "isAutoInflateEnabled": false,
          "maximumThroughputUnits": 0,
          "kafkaEnabled": true,
          "provisioningState": "Created",
          "metricId": "326100e2-f69d-4268-8503-075374f62b6e:testnamespacemgmt5686",
          "createdAt": "2022-12-09T07:15:08.947Z",
          "updatedAt": "2022-12-09T07:15:08.947Z",
          "serviceBusEndpoint": "https://testnamespacemgmt5686.servicebus.windows.net:443/",
          "status": "Activating"
        }
      }
    },
    {
      "RequestUri": "https://management.azure.com/subscriptions/326100e2-f69d-4268-8503-075374f62b6e/resourceGroups/testeventhubRG-5852/providers/Microsoft.EventHub/namespaces/testnamespacemgmt5686?api-version=2022-01-01-preview",
      "RequestMethod": "GET",
      "RequestHeaders": {
        "Authorization": "Sanitized",
        "traceparent": "00-6edbdd7dcf678c448b29391dea6b4b3a-b910d1e1f7bb1245-00",
        "User-Agent": "azsdk-net-ResourceManager/1.3.1 (.NET Framework 4.8.9105.0; Microsoft Windows 10.0.19044 )",
        "x-ms-client-request-id": "edf3f07dae615401df0b3468051fd570",
        "x-ms-return-client-request-id": "true"
      },
      "RequestBody": null,
      "StatusCode": 200,
      "ResponseHeaders": {
        "Cache-Control": "no-cache",
        "Content-Length": "796",
        "Content-Type": "application/json; charset=utf-8",
        "Date": "Fri, 09 Dec 2022 07:15:49 GMT",
        "Expires": "-1",
        "Pragma": "no-cache",
        "Server": [
          "Service-Bus-Resource-Provider/SN1",
          "Microsoft-HTTPAPI/2.0"
        ],
        "Server-SB": "Service-Bus-Resource-Provider/SN1",
        "Strict-Transport-Security": "max-age=31536000; includeSubDomains",
        "X-Content-Type-Options": "nosniff",
        "x-ms-client-request-id": "edf3f07dae615401df0b3468051fd570",
        "x-ms-correlation-request-id": "51c8866a-0d60-41dd-90fb-75ce9ff6cb15",
        "x-ms-ratelimit-remaining-subscription-reads": "11960",
        "x-ms-request-id": "ef8b6fdf-45a1-48a0-b835-66f6ad096c9e_M5SN1_M5SN1",
        "x-ms-routing-request-id": "SOUTHCENTRALUS:20221209T071549Z:51c8866a-0d60-41dd-90fb-75ce9ff6cb15"
      },
      "ResponseBody": {
        "sku": {
          "name": "Standard",
          "tier": "Standard",
          "capacity": 1
        },
        "id": "/subscriptions/326100e2-f69d-4268-8503-075374f62b6e/resourceGroups/testeventhubRG-5852/providers/Microsoft.EventHub/namespaces/testnamespacemgmt5686",
        "name": "testnamespacemgmt5686",
        "type": "Microsoft.EventHub/Namespaces",
        "location": "East US 2",
        "tags": {},
        "properties": {
          "minimumTlsVersion": "1.2",
          "publicNetworkAccess": "Enabled",
          "disableLocalAuth": false,
          "zoneRedundant": false,
          "isAutoInflateEnabled": false,
          "maximumThroughputUnits": 0,
          "kafkaEnabled": true,
          "provisioningState": "Created",
          "metricId": "326100e2-f69d-4268-8503-075374f62b6e:testnamespacemgmt5686",
          "createdAt": "2022-12-09T07:15:08.947Z",
          "updatedAt": "2022-12-09T07:15:08.947Z",
          "serviceBusEndpoint": "https://testnamespacemgmt5686.servicebus.windows.net:443/",
          "status": "Activating"
        }
      }
    },
    {
      "RequestUri": "https://management.azure.com/subscriptions/326100e2-f69d-4268-8503-075374f62b6e/resourceGroups/testeventhubRG-5852/providers/Microsoft.EventHub/namespaces/testnamespacemgmt5686?api-version=2022-01-01-preview",
      "RequestMethod": "GET",
      "RequestHeaders": {
        "Authorization": "Sanitized",
        "traceparent": "00-6edbdd7dcf678c448b29391dea6b4b3a-cb4377e0ddb7e346-00",
        "User-Agent": "azsdk-net-ResourceManager/1.3.1 (.NET Framework 4.8.9105.0; Microsoft Windows 10.0.19044 )",
        "x-ms-client-request-id": "902a1912f374b2363600bd8385f95124",
        "x-ms-return-client-request-id": "true"
      },
      "RequestBody": null,
      "StatusCode": 200,
      "ResponseHeaders": {
        "Cache-Control": "no-cache",
        "Content-Length": "794",
        "Content-Type": "application/json; charset=utf-8",
        "Date": "Fri, 09 Dec 2022 07:16:21 GMT",
        "Expires": "-1",
        "Pragma": "no-cache",
        "Server": [
          "Service-Bus-Resource-Provider/SN1",
          "Microsoft-HTTPAPI/2.0"
        ],
        "Server-SB": "Service-Bus-Resource-Provider/SN1",
        "Strict-Transport-Security": "max-age=31536000; includeSubDomains",
        "X-Content-Type-Options": "nosniff",
        "x-ms-client-request-id": "902a1912f374b2363600bd8385f95124",
        "x-ms-correlation-request-id": "6e1c2a72-e1b3-4a56-bace-557d150a37dc",
        "x-ms-ratelimit-remaining-subscription-reads": "11959",
        "x-ms-request-id": "0354d155-e25a-4883-aca6-924474bf773a_M2SN1_M2SN1",
        "x-ms-routing-request-id": "SOUTHCENTRALUS:20221209T071622Z:6e1c2a72-e1b3-4a56-bace-557d150a37dc"
      },
      "ResponseBody": {
        "sku": {
          "name": "Standard",
          "tier": "Standard",
          "capacity": 1
        },
        "id": "/subscriptions/326100e2-f69d-4268-8503-075374f62b6e/resourceGroups/testeventhubRG-5852/providers/Microsoft.EventHub/namespaces/testnamespacemgmt5686",
        "name": "testnamespacemgmt5686",
        "type": "Microsoft.EventHub/Namespaces",
        "location": "East US 2",
        "tags": {},
        "properties": {
          "minimumTlsVersion": "1.2",
          "publicNetworkAccess": "Enabled",
          "disableLocalAuth": false,
          "zoneRedundant": false,
          "isAutoInflateEnabled": false,
          "maximumThroughputUnits": 0,
          "kafkaEnabled": true,
          "provisioningState": "Succeeded",
          "metricId": "326100e2-f69d-4268-8503-075374f62b6e:testnamespacemgmt5686",
          "createdAt": "2022-12-09T07:15:08.947Z",
          "updatedAt": "2022-12-09T07:15:55.953Z",
          "serviceBusEndpoint": "https://testnamespacemgmt5686.servicebus.windows.net:443/",
          "status": "Active"
        }
      }
    },
    {
      "RequestUri": "https://management.azure.com/subscriptions/326100e2-f69d-4268-8503-075374f62b6e/resourceGroups/testeventhubRG-5852/providers/Microsoft.EventHub/namespaces/testnamespacemgmt5686/eventhubs/eventhub1162?api-version=2022-01-01-preview",
      "RequestMethod": "PUT",
      "RequestHeaders": {
        "Accept": "application/json",
        "Authorization": "Sanitized",
        "Content-Length": "17",
        "Content-Type": "application/json",
        "traceparent": "00-94e4e896c85b7a4fa7ed27be0b81ea77-63b9b34e76afa148-00",
        "User-Agent": "azsdk-net-ResourceManager.EventHubs/1.1.0-alpha.20221209.1 (.NET Framework 4.8.9105.0; Microsoft Windows 10.0.19044 )",
        "x-ms-client-request-id": "29dde03290404a66113710c1b76443b1",
        "x-ms-return-client-request-id": "true"
      },
      "RequestBody": {
        "properties": {}
      },
      "StatusCode": 200,
      "ResponseHeaders": {
        "Cache-Control": "no-cache",
        "Content-Length": "462",
        "Content-Type": "application/json; charset=utf-8",
        "Date": "Fri, 09 Dec 2022 07:16:23 GMT",
        "Expires": "-1",
        "Pragma": "no-cache",
        "Server": "Microsoft-HTTPAPI/2.0",
        "Strict-Transport-Security": "max-age=31536000; includeSubDomains",
        "X-Content-Type-Options": "nosniff",
        "x-ms-correlation-request-id": "5c2a1471-4bc0-410e-89da-6c58205217e6",
        "x-ms-ratelimit-remaining-subscription-writes": "1184",
        "x-ms-request-id": "5c2a1471-4bc0-410e-89da-6c58205217e6",
        "x-ms-routing-request-id": "SOUTHCENTRALUS:20221209T071624Z:5c2a1471-4bc0-410e-89da-6c58205217e6"
      },
      "ResponseBody": {
        "id": "/subscriptions/326100e2-f69d-4268-8503-075374f62b6e/resourceGroups/testeventhubRG-5852/providers/Microsoft.EventHub/namespaces/testnamespacemgmt5686/eventhubs/eventhub1162",
        "name": "eventhub1162",
        "type": "Microsoft.EventHub/namespaces/eventhubs",
        "location": "eastus2",
        "properties": {
          "messageRetentionInDays": 7,
          "partitionCount": 4,
          "status": "Active",
          "createdAt": "2022-12-09T07:16:23.567Z",
          "updatedAt": "2022-12-09T07:16:23.737Z",
          "partitionIds": [
            "0",
            "1",
            "2",
            "3"
          ]
        }
      }
    },
    {
      "RequestUri": "https://management.azure.com/subscriptions/326100e2-f69d-4268-8503-075374f62b6e/resourceGroups/testeventhubRG-5852/providers/Microsoft.EventHub/namespaces/testnamespacemgmt5686/eventhubs/eventhub1162/consumergroups/testconsumergroup3612?api-version=2022-01-01-preview",
      "RequestMethod": "PUT",
      "RequestHeaders": {
        "Accept": "application/json",
        "Authorization": "Sanitized",
        "Content-Length": "17",
        "Content-Type": "application/json",
        "traceparent": "00-9023634eb659f74ea7ca4a71968cb8e1-817f41cd5273e944-00",
        "User-Agent": "azsdk-net-ResourceManager.EventHubs/1.1.0-alpha.20221209.1 (.NET Framework 4.8.9105.0; Microsoft Windows 10.0.19044 )",
        "x-ms-client-request-id": "0dda1cf589ab40b9b761f17dcfe5b90f",
        "x-ms-return-client-request-id": "true"
      },
      "RequestBody": {
        "properties": {}
      },
      "StatusCode": 200,
      "ResponseHeaders": {
        "Cache-Control": "no-cache",
        "Content-Length": "434",
        "Content-Type": "application/json; charset=utf-8",
        "Date": "Fri, 09 Dec 2022 07:16:24 GMT",
        "Expires": "-1",
        "Pragma": "no-cache",
        "Server": "Microsoft-HTTPAPI/2.0",
        "Strict-Transport-Security": "max-age=31536000; includeSubDomains",
        "X-Content-Type-Options": "nosniff",
        "x-ms-correlation-request-id": "3cb6a636-dc1f-4039-a165-d50630234440",
        "x-ms-ratelimit-remaining-subscription-writes": "1183",
        "x-ms-request-id": "3cb6a636-dc1f-4039-a165-d50630234440",
        "x-ms-routing-request-id": "SOUTHCENTRALUS:20221209T071625Z:3cb6a636-dc1f-4039-a165-d50630234440"
      },
      "ResponseBody": {
        "id": "/subscriptions/326100e2-f69d-4268-8503-075374f62b6e/resourceGroups/testeventhubRG-5852/providers/Microsoft.EventHub/namespaces/testnamespacemgmt5686/eventhubs/eventhub1162/consumergroups/testconsumergroup3612",
        "name": "testconsumergroup3612",
        "type": "Microsoft.EventHub/namespaces/eventhubs/consumergroups",
        "location": "eastus2",
        "properties": {
          "createdAt": "2022-12-09T07:16:25.2981408Z",
          "updatedAt": "2022-12-09T07:16:25.2981408Z"
        }
      }
    },
    {
      "RequestUri": "https://management.azure.com/subscriptions/326100e2-f69d-4268-8503-075374f62b6e/resourceGroups/testeventhubRG-5852/providers/Microsoft.EventHub/namespaces/testnamespacemgmt5686/eventhubs/eventhub1162/consumergroups/testconsumergroup3612?api-version=2022-01-01-preview",
      "RequestMethod": "PUT",
      "RequestHeaders": {
        "Accept": "application/json",
        "Authorization": "Sanitized",
        "Content-Length": "59",
        "Content-Type": "application/json",
        "traceparent": "00-fd8a7311e12f1542a96f9385b924cc1c-2c03169103b1854c-00",
        "User-Agent": "azsdk-net-ResourceManager.EventHubs/1.1.0-alpha.20221209.1 (.NET Framework 4.8.9105.0; Microsoft Windows 10.0.19044 )",
        "x-ms-client-request-id": "f73ed382d247c3884662bb26f17e9c79",
        "x-ms-return-client-request-id": "true"
      },
      "RequestBody": {
        "properties": {
          "userMetadata": "update the user meta data"
        }
      },
      "StatusCode": 200,
      "ResponseHeaders": {
        "Cache-Control": "no-cache",
        "Content-Length": "477",
        "Content-Type": "application/json; charset=utf-8",
        "Date": "Fri, 09 Dec 2022 07:16:24 GMT",
        "Expires": "-1",
        "Pragma": "no-cache",
        "Server": "Microsoft-HTTPAPI/2.0",
        "Strict-Transport-Security": "max-age=31536000; includeSubDomains",
        "X-Content-Type-Options": "nosniff",
        "x-ms-correlation-request-id": "cc093d54-9a7a-406a-b9c9-ebe37cdae584",
        "x-ms-ratelimit-remaining-subscription-writes": "1182",
        "x-ms-request-id": "cc093d54-9a7a-406a-b9c9-ebe37cdae584",
        "x-ms-routing-request-id": "SOUTHCENTRALUS:20221209T071625Z:cc093d54-9a7a-406a-b9c9-ebe37cdae584"
      },
      "ResponseBody": {
        "id": "/subscriptions/326100e2-f69d-4268-8503-075374f62b6e/resourceGroups/testeventhubRG-5852/providers/Microsoft.EventHub/namespaces/testnamespacemgmt5686/eventhubs/eventhub1162/consumergroups/testconsumergroup3612",
        "name": "testconsumergroup3612",
        "type": "Microsoft.EventHub/namespaces/eventhubs/consumergroups",
        "location": "eastus2",
        "properties": {
          "createdAt": "2022-12-09T07:16:25.7043979Z",
          "updatedAt": "2022-12-09T07:16:25.7043979Z",
          "userMetadata": "update the user meta data"
        }
      }
    }
  ],
  "Variables": {
    "AZURE_AUTHORITY_HOST": "https://login.microsoftonline.com",
    "RandomSeed": "434303063",
    "RESOURCE_MANAGER_URL": null,
    "SUBSCRIPTION_ID": "326100e2-f69d-4268-8503-075374f62b6e"
  }
}
