{
  "Entries": [
    {
      "RequestUri": "/subscriptions/d7cfdb98-c118-458d-8bdf-246be66b1f5e/resourcegroups/cdnResourceGroup4751?api-version=2015-11-01",
      "EncodedRequestUri": "L3N1YnNjcmlwdGlvbnMvZDdjZmRiOTgtYzExOC00NThkLThiZGYtMjQ2YmU2NmIxZjVlL3Jlc291cmNlZ3JvdXBzL2NkblJlc291cmNlR3JvdXA0NzUxP2FwaS12ZXJzaW9uPTIwMTUtMTEtMDE=",
      "RequestMethod": "PUT",
      "RequestBody": "{\r\n  \"location\": \"westus\"\r\n}",
      "RequestHeaders": {
        "x-ms-client-request-id": [
          "2210d7ad-25cb-44a5-a703-18d1340a2fcd"
        ],
        "Accept-Language": [
          "en-US"
        ],
        "User-Agent": [
          "FxVersion/4.6.29518.01",
          "OSName/Windows",
          "OSVersion/Microsoft.Windows.10.0.19042.",
          "Microsoft.Azure.Management.Resources.ResourceManagementClient/1.0.0.0"
        ],
        "Content-Type": [
          "application/json; charset=utf-8"
        ],
        "Content-Length": [
          "28"
        ]
      },
      "ResponseHeaders": {
        "Cache-Control": [
          "no-cache"
        ],
        "Pragma": [
          "no-cache"
        ],
        "x-ms-ratelimit-remaining-subscription-writes": [
          "1199"
        ],
        "x-ms-request-id": [
          "aa4a8d74-f640-4fa3-86f0-ffd7e0257b25"
        ],
        "x-ms-correlation-request-id": [
          "aa4a8d74-f640-4fa3-86f0-ffd7e0257b25"
        ],
        "x-ms-routing-request-id": [
          "SOUTHEASTASIA:20210119T014911Z:aa4a8d74-f640-4fa3-86f0-ffd7e0257b25"
        ],
        "Strict-Transport-Security": [
          "max-age=31536000; includeSubDomains"
        ],
        "X-Content-Type-Options": [
          "nosniff"
        ],
        "Date": [
          "Tue, 19 Jan 2021 01:49:11 GMT"
        ],
        "Content-Length": [
          "193"
        ],
        "Content-Type": [
          "application/json; charset=utf-8"
        ],
        "Expires": [
          "-1"
        ]
      },
      "ResponseBody": "{\r\n  \"id\": \"/subscriptions/d7cfdb98-c118-458d-8bdf-246be66b1f5e/resourceGroups/cdnResourceGroup4751\",\r\n  \"name\": \"cdnResourceGroup4751\",\r\n  \"location\": \"westus\",\r\n  \"properties\": {\r\n    \"provisioningState\": \"Succeeded\"\r\n  }\r\n}",
      "StatusCode": 201
    },
    {
      "RequestUri": "/subscriptions/d7cfdb98-c118-458d-8bdf-246be66b1f5e/resourceGroups/cdnResourceGroup4751/providers/Microsoft.Cdn/profiles/profile520?api-version=2020-09-01",
      "EncodedRequestUri": "L3N1YnNjcmlwdGlvbnMvZDdjZmRiOTgtYzExOC00NThkLThiZGYtMjQ2YmU2NmIxZjVlL3Jlc291cmNlR3JvdXBzL2NkblJlc291cmNlR3JvdXA0NzUxL3Byb3ZpZGVycy9NaWNyb3NvZnQuQ2RuL3Byb2ZpbGVzL3Byb2ZpbGU1MjA/YXBpLXZlcnNpb249MjAyMC0wOS0wMQ==",
      "RequestMethod": "PUT",
      "RequestBody": "{\r\n  \"sku\": {\r\n    \"name\": \"Standard_AzureFrontDoor\"\r\n  },\r\n  \"location\": \"WestUs\",\r\n  \"tags\": {\r\n    \"key1\": \"value1\",\r\n    \"key2\": \"value2\"\r\n  }\r\n}",
      "RequestHeaders": {
        "x-ms-client-request-id": [
          "f97c14bc-b543-48d0-8494-f430b27b091b"
        ],
        "Accept-Language": [
          "en-US"
        ],
        "User-Agent": [
          "FxVersion/4.6.29518.01",
          "OSName/Windows",
          "OSVersion/Microsoft.Windows.10.0.19042.",
          "Microsoft.Azure.Management.Cdn.CdnManagementClient/4.4.1.0"
        ],
        "Content-Type": [
          "application/json; charset=utf-8"
        ],
        "Content-Length": [
          "149"
        ]
      },
      "ResponseHeaders": {
        "Cache-Control": [
          "no-cache"
        ],
        "Pragma": [
          "no-cache"
        ],
        "Retry-After": [
          "10"
        ],
        "Strict-Transport-Security": [
          "max-age=31536000; includeSubDomains"
        ],
        "x-ms-request-id": [
          "ee41136f-21c6-4474-964e-9f49373dffef"
        ],
        "x-ms-client-request-id": [
          "f97c14bc-b543-48d0-8494-f430b27b091b"
        ],
        "Azure-AsyncOperation": [
          "https://management.azure.com/subscriptions/d7cfdb98-c118-458d-8bdf-246be66b1f5e/resourcegroups/cdnResourceGroup4751/providers/Microsoft.Cdn/operationresults/62ccefee-7625-4460-b0ab-4f3b66e810eb?api-version=2020-09-01"
        ],
        "Server": [
          "Kestrel"
        ],
        "x-ms-ratelimit-remaining-subscription-resource-requests": [
          "24"
        ],
        "x-ms-correlation-request-id": [
          "eadbf809-47ec-41cf-af96-4bcda3ce8c1b"
        ],
        "x-ms-routing-request-id": [
          "SOUTHEASTASIA:20210119T014920Z:eadbf809-47ec-41cf-af96-4bcda3ce8c1b"
        ],
        "X-Content-Type-Options": [
          "nosniff"
        ],
        "Date": [
          "Tue, 19 Jan 2021 01:49:19 GMT"
        ],
        "Content-Length": [
          "439"
        ],
        "Content-Type": [
          "application/json; charset=utf-8"
        ],
        "Expires": [
          "-1"
        ]
      },
      "ResponseBody": "{\r\n  \"id\": \"/subscriptions/d7cfdb98-c118-458d-8bdf-246be66b1f5e/resourcegroups/cdnResourceGroup4751/providers/Microsoft.Cdn/profiles/profile520\",\r\n  \"type\": \"Microsoft.Cdn/profiles\",\r\n  \"name\": \"profile520\",\r\n  \"location\": \"WestUs\",\r\n  \"kind\": \"frontdoor\",\r\n  \"tags\": {\r\n    \"key1\": \"value1\",\r\n    \"key2\": \"value2\"\r\n  },\r\n  \"sku\": {\r\n    \"name\": \"Standard_AzureFrontDoor\"\r\n  },\r\n  \"properties\": {\r\n    \"frontDoorId\": \"b8f86967-3039-4a54-8718-ed4302d18e30\",\r\n    \"resourceState\": \"Creating\",\r\n    \"provisioningState\": \"Creating\"\r\n  }\r\n}",
      "StatusCode": 201
    },
    {
      "RequestUri": "/subscriptions/d7cfdb98-c118-458d-8bdf-246be66b1f5e/resourcegroups/cdnResourceGroup4751/providers/Microsoft.Cdn/operationresults/62ccefee-7625-4460-b0ab-4f3b66e810eb?api-version=2020-09-01",
      "EncodedRequestUri": "L3N1YnNjcmlwdGlvbnMvZDdjZmRiOTgtYzExOC00NThkLThiZGYtMjQ2YmU2NmIxZjVlL3Jlc291cmNlZ3JvdXBzL2NkblJlc291cmNlR3JvdXA0NzUxL3Byb3ZpZGVycy9NaWNyb3NvZnQuQ2RuL29wZXJhdGlvbnJlc3VsdHMvNjJjY2VmZWUtNzYyNS00NDYwLWIwYWItNGYzYjY2ZTgxMGViP2FwaS12ZXJzaW9uPTIwMjAtMDktMDE=",
      "RequestMethod": "GET",
      "RequestBody": "",
      "RequestHeaders": {
        "User-Agent": [
          "FxVersion/4.6.29518.01",
          "OSName/Windows",
          "OSVersion/Microsoft.Windows.10.0.19042.",
          "Microsoft.Azure.Management.Cdn.CdnManagementClient/4.4.1.0"
        ]
      },
      "ResponseHeaders": {
        "Cache-Control": [
          "no-cache"
        ],
        "Pragma": [
          "no-cache"
        ],
        "Strict-Transport-Security": [
          "max-age=31536000; includeSubDomains"
        ],
        "x-ms-request-id": [
          "94271b41-d80a-4b0d-9826-9791a4808085"
        ],
        "x-ms-client-request-id": [
          "574c662a-c144-4c51-8857-d307dcf5b470"
        ],
        "Server": [
          "Kestrel"
        ],
        "x-ms-ratelimit-remaining-subscription-reads": [
          "11999"
        ],
        "x-ms-correlation-request-id": [
          "432cbb9e-9c5f-4cd4-b63d-dd35aedb4e14"
        ],
        "x-ms-routing-request-id": [
          "SOUTHEASTASIA:20210119T014930Z:432cbb9e-9c5f-4cd4-b63d-dd35aedb4e14"
        ],
        "X-Content-Type-Options": [
          "nosniff"
        ],
        "Date": [
          "Tue, 19 Jan 2021 01:49:30 GMT"
        ],
        "Content-Length": [
          "61"
        ],
        "Content-Type": [
          "application/json; charset=utf-8"
        ],
        "Expires": [
          "-1"
        ]
      },
      "ResponseBody": "{\r\n  \"status\": \"Succeeded\",\r\n  \"error\": {\r\n    \"code\": \"None\",\r\n    \"message\": null\r\n  }\r\n}",
      "StatusCode": 200
    },
    {
      "RequestUri": "/subscriptions/d7cfdb98-c118-458d-8bdf-246be66b1f5e/resourceGroups/cdnResourceGroup4751/providers/Microsoft.Cdn/profiles/profile520?api-version=2020-09-01",
      "EncodedRequestUri": "L3N1YnNjcmlwdGlvbnMvZDdjZmRiOTgtYzExOC00NThkLThiZGYtMjQ2YmU2NmIxZjVlL3Jlc291cmNlR3JvdXBzL2NkblJlc291cmNlR3JvdXA0NzUxL3Byb3ZpZGVycy9NaWNyb3NvZnQuQ2RuL3Byb2ZpbGVzL3Byb2ZpbGU1MjA/YXBpLXZlcnNpb249MjAyMC0wOS0wMQ==",
      "RequestMethod": "GET",
      "RequestBody": "",
      "RequestHeaders": {
        "User-Agent": [
          "FxVersion/4.6.29518.01",
          "OSName/Windows",
          "OSVersion/Microsoft.Windows.10.0.19042.",
          "Microsoft.Azure.Management.Cdn.CdnManagementClient/4.4.1.0"
        ]
      },
      "ResponseHeaders": {
        "Cache-Control": [
          "no-cache"
        ],
        "Pragma": [
          "no-cache"
        ],
        "Strict-Transport-Security": [
          "max-age=31536000; includeSubDomains"
        ],
        "x-ms-request-id": [
          "575498fb-8a45-49a7-ad1c-80d318d38e4e"
        ],
        "x-ms-client-request-id": [
          "679ec8e5-2d9c-4c25-b51b-e8cebefbe42d"
        ],
        "Server": [
          "Kestrel"
        ],
        "x-ms-ratelimit-remaining-subscription-resource-requests": [
          "49"
        ],
        "x-ms-correlation-request-id": [
          "03e027fc-1e71-4fed-8ff6-d0594e72689b"
        ],
        "x-ms-routing-request-id": [
          "SOUTHEASTASIA:20210119T014931Z:03e027fc-1e71-4fed-8ff6-d0594e72689b"
        ],
        "X-Content-Type-Options": [
          "nosniff"
        ],
        "Date": [
          "Tue, 19 Jan 2021 01:49:30 GMT"
        ],
        "Content-Length": [
          "438"
        ],
        "Content-Type": [
          "application/json; charset=utf-8"
        ],
        "Expires": [
          "-1"
        ]
      },
      "ResponseBody": "{\r\n  \"id\": \"/subscriptions/d7cfdb98-c118-458d-8bdf-246be66b1f5e/resourcegroups/cdnResourceGroup4751/providers/Microsoft.Cdn/profiles/profile520\",\r\n  \"type\": \"Microsoft.Cdn/profiles\",\r\n  \"name\": \"profile520\",\r\n  \"location\": \"WestUs\",\r\n  \"kind\": \"frontdoor\",\r\n  \"tags\": {\r\n    \"key1\": \"value1\",\r\n    \"key2\": \"value2\"\r\n  },\r\n  \"sku\": {\r\n    \"name\": \"Standard_AzureFrontDoor\"\r\n  },\r\n  \"properties\": {\r\n    \"frontDoorId\": \"b8f86967-3039-4a54-8718-ed4302d18e30\",\r\n    \"resourceState\": \"Active\",\r\n    \"provisioningState\": \"Succeeded\"\r\n  }\r\n}",
      "StatusCode": 200
    },
    {
      "RequestUri": "/subscriptions/d7cfdb98-c118-458d-8bdf-246be66b1f5e/resourceGroups/cdnResourceGroup4751/providers/Microsoft.Cdn/profiles/profile520/ruleSets/ruleSetName1221?api-version=2020-09-01",
      "EncodedRequestUri": "L3N1YnNjcmlwdGlvbnMvZDdjZmRiOTgtYzExOC00NThkLThiZGYtMjQ2YmU2NmIxZjVlL3Jlc291cmNlR3JvdXBzL2NkblJlc291cmNlR3JvdXA0NzUxL3Byb3ZpZGVycy9NaWNyb3NvZnQuQ2RuL3Byb2ZpbGVzL3Byb2ZpbGU1MjAvcnVsZVNldHMvcnVsZVNldE5hbWUxMjIxP2FwaS12ZXJzaW9uPTIwMjAtMDktMDE=",
      "RequestMethod": "PUT",
      "RequestBody": "{}",
      "RequestHeaders": {
        "x-ms-client-request-id": [
          "1d6b1138-979d-4d2d-9e10-f714cb66b3f8"
        ],
        "Accept-Language": [
          "en-US"
        ],
        "User-Agent": [
          "FxVersion/4.6.29518.01",
          "OSName/Windows",
          "OSVersion/Microsoft.Windows.10.0.19042.",
          "Microsoft.Azure.Management.Cdn.CdnManagementClient/4.4.1.0"
        ],
        "Content-Type": [
          "application/json; charset=utf-8"
        ],
        "Content-Length": [
          "2"
        ]
      },
      "ResponseHeaders": {
        "Cache-Control": [
          "no-cache"
        ],
        "Pragma": [
          "no-cache"
        ],
        "Strict-Transport-Security": [
          "max-age=31536000; includeSubDomains"
        ],
        "x-ms-request-id": [
          "ebeda915-9f04-40c5-bd58-361fda63e7fe"
        ],
        "x-ms-client-request-id": [
          "1d6b1138-979d-4d2d-9e10-f714cb66b3f8"
        ],
        "Server": [
          "Kestrel"
        ],
        "x-ms-ratelimit-remaining-subscription-resource-requests": [
          "99"
        ],
        "x-ms-correlation-request-id": [
          "de6b06bd-c507-4c5b-970b-561025cb8564"
        ],
        "x-ms-routing-request-id": [
          "SOUTHEASTASIA:20210119T014932Z:de6b06bd-c507-4c5b-970b-561025cb8564"
        ],
        "X-Content-Type-Options": [
          "nosniff"
        ],
        "Date": [
          "Tue, 19 Jan 2021 01:49:31 GMT"
        ],
        "Content-Length": [
          "310"
        ],
        "Content-Type": [
          "application/json; charset=utf-8"
        ],
        "Expires": [
          "-1"
        ]
      },
      "ResponseBody": "{\r\n  \"id\": \"/subscriptions/d7cfdb98-c118-458d-8bdf-246be66b1f5e/resourcegroups/cdnResourceGroup4751/providers/Microsoft.Cdn/profiles/profile520/rulesets/ruleSetName1221\",\r\n  \"type\": \"Microsoft.Cdn/profiles/rulesets\",\r\n  \"name\": \"ruleSetName1221\",\r\n  \"properties\": {\r\n    \"provisioningState\": \"Succeeded\",\r\n    \"deploymentStatus\": \"NotStarted\"\r\n  }\r\n}",
      "StatusCode": 201
    },
    {
      "RequestUri": "/subscriptions/d7cfdb98-c118-458d-8bdf-246be66b1f5e/resourceGroups/cdnResourceGroup4751/providers/Microsoft.Cdn/profiles/profile520/ruleSets/ruleSetName1221?api-version=2020-09-01",
      "EncodedRequestUri": "L3N1YnNjcmlwdGlvbnMvZDdjZmRiOTgtYzExOC00NThkLThiZGYtMjQ2YmU2NmIxZjVlL3Jlc291cmNlR3JvdXBzL2NkblJlc291cmNlR3JvdXA0NzUxL3Byb3ZpZGVycy9NaWNyb3NvZnQuQ2RuL3Byb2ZpbGVzL3Byb2ZpbGU1MjAvcnVsZVNldHMvcnVsZVNldE5hbWUxMjIxP2FwaS12ZXJzaW9uPTIwMjAtMDktMDE=",
      "RequestMethod": "DELETE",
      "RequestBody": "",
      "RequestHeaders": {
        "x-ms-client-request-id": [
          "c3371436-c9d5-4210-b804-2277bc64e29a"
        ],
        "Accept-Language": [
          "en-US"
        ],
        "User-Agent": [
          "FxVersion/4.6.29518.01",
          "OSName/Windows",
          "OSVersion/Microsoft.Windows.10.0.19042.",
          "Microsoft.Azure.Management.Cdn.CdnManagementClient/4.4.1.0"
        ]
      },
      "ResponseHeaders": {
        "Cache-Control": [
          "no-cache"
        ],
        "Pragma": [
          "no-cache"
        ],
        "Strict-Transport-Security": [
          "max-age=31536000; includeSubDomains"
        ],
        "x-ms-request-id": [
          "84a8076e-1372-4c5c-8fdf-2d1d14eee324"
        ],
        "x-ms-client-request-id": [
          "c3371436-c9d5-4210-b804-2277bc64e29a"
        ],
        "Server": [
          "Kestrel"
        ],
        "x-ms-ratelimit-remaining-subscription-deletes": [
          "14996"
        ],
        "x-ms-correlation-request-id": [
          "b6479e50-672a-4c30-9393-33968af24ef6"
        ],
        "x-ms-routing-request-id": [
          "SOUTHEASTASIA:20210119T014933Z:b6479e50-672a-4c30-9393-33968af24ef6"
        ],
        "X-Content-Type-Options": [
          "nosniff"
        ],
        "Date": [
          "Tue, 19 Jan 2021 01:49:33 GMT"
        ],
        "Expires": [
          "-1"
        ],
        "Content-Length": [
          "0"
        ]
      },
      "ResponseBody": "",
      "StatusCode": 200
    },
    {
      "RequestUri": "/subscriptions/d7cfdb98-c118-458d-8bdf-246be66b1f5e/resourcegroups/cdnResourceGroup4751?api-version=2015-11-01",
      "EncodedRequestUri": "L3N1YnNjcmlwdGlvbnMvZDdjZmRiOTgtYzExOC00NThkLThiZGYtMjQ2YmU2NmIxZjVlL3Jlc291cmNlZ3JvdXBzL2NkblJlc291cmNlR3JvdXA0NzUxP2FwaS12ZXJzaW9uPTIwMTUtMTEtMDE=",
      "RequestMethod": "DELETE",
      "RequestBody": "",
      "RequestHeaders": {
        "x-ms-client-request-id": [
          "1d6440c5-f8ce-4cbd-9bc5-90a7a9096b53"
        ],
        "Accept-Language": [
          "en-US"
        ],
        "User-Agent": [
          "FxVersion/4.6.29518.01",
          "OSName/Windows",
          "OSVersion/Microsoft.Windows.10.0.19042.",
          "Microsoft.Azure.Management.Resources.ResourceManagementClient/1.0.0.0"
        ]
      },
      "ResponseHeaders": {
        "Cache-Control": [
          "no-cache"
        ],
        "Pragma": [
          "no-cache"
        ],
        "Location": [
          "https://management.azure.com/subscriptions/d7cfdb98-c118-458d-8bdf-246be66b1f5e/operationresults/eyJqb2JJZCI6IlJFU09VUkNFR1JPVVBERUxFVElPTkpPQi1DRE5SRVNPVVJDRUdST1VQNDc1MS1XRVNUVVMiLCJqb2JMb2NhdGlvbiI6Indlc3R1cyJ9?api-version=2015-11-01"
        ],
        "Retry-After": [
          "15"
        ],
        "x-ms-ratelimit-remaining-subscription-deletes": [
          "14998"
        ],
        "x-ms-request-id": [
          "8af88922-a6fc-4a9a-9583-ca5ac45021a1"
        ],
        "x-ms-correlation-request-id": [
          "8af88922-a6fc-4a9a-9583-ca5ac45021a1"
        ],
        "x-ms-routing-request-id": [
          "SOUTHEASTASIA:20210119T014936Z:8af88922-a6fc-4a9a-9583-ca5ac45021a1"
        ],
        "Strict-Transport-Security": [
          "max-age=31536000; includeSubDomains"
        ],
        "X-Content-Type-Options": [
          "nosniff"
        ],
        "Date": [
          "Tue, 19 Jan 2021 01:49:35 GMT"
        ],
        "Expires": [
          "-1"
        ],
        "Content-Length": [
          "0"
        ]
      },
      "ResponseBody": "",
      "StatusCode": 202
    }
  ],
  "Names": {
    "CreateResourceGroup": [
      "cdnResourceGroup4751"
    ],
    "AFDRuleSetDeleteTest": [
      "profile520",
      "ruleSetName1221"
    ]
  },
  "Variables": {
    "SubscriptionId": "d7cfdb98-c118-458d-8bdf-246be66b1f5e"
  }
}