{
  "Entries": [
    {
      "RequestUri": "/subscriptions/c909e979-ef71-4def-a970-bc7c154db8c5/resourceGroups/TestHubRG/providers/Microsoft.CustomerInsights/hubs/sdktestbn3/roleAssignments/assignmentName14839?api-version=2017-01-01",
      "EncodedRequestUri": "L3N1YnNjcmlwdGlvbnMvYzkwOWU5NzktZWY3MS00ZGVmLWE5NzAtYmM3YzE1NGRiOGM1L3Jlc291cmNlR3JvdXBzL1Rlc3RIdWJSRy9wcm92aWRlcnMvTWljcm9zb2Z0LkN1c3RvbWVySW5zaWdodHMvaHVicy9zZGt0ZXN0Ym4zL3JvbGVBc3NpZ25tZW50cy9hc3NpZ25tZW50TmFtZTE0ODM5P2FwaS12ZXJzaW9uPTIwMTctMDEtMDE=",
      "RequestMethod": "PUT",
      "RequestBody": "{\r\n  \"properties\": {\r\n    \"role\": \"Admin\",\r\n    \"principals\": [\r\n      {\r\n        \"principalId\": \"1091cf1ebc564226816ca24a9d9b8e1c\",\r\n        \"principalType\": \"User\"\r\n      }\r\n    ]\r\n  }\r\n}",
      "RequestHeaders": {
        "Content-Type": [
          "application/json; charset=utf-8"
        ],
        "Content-Length": [
          "189"
        ],
        "x-ms-client-request-id": [
          "6c52d864-8860-4a62-a083-23fb4542c339"
        ],
        "accept-language": [
          "en-US"
        ],
        "User-Agent": [
          "FxVersion/4.6.24410.01",
          "Microsoft.Azure.Management.CustomerInsights.CustomerInsightsManagementClient/0.0.1-preview"
        ]
      },
      "ResponseBody": "{\r\n  \"id\": \"/subscriptions/c909e979-ef71-4def-a970-bc7c154db8c5/resourceGroups/TestHubRG/providers/Microsoft.CustomerInsights/hubs/sdktestbn3/RoleAssignments/assignmentName14839\",\r\n  \"name\": \"sdktestbn3/assignmentName14839\",\r\n  \"properties\": {\r\n    \"assignmentName\": \"assignmentName14839\",\r\n    \"principals\": [\r\n      {\r\n        \"principalId\": \"1091cf1e-bc56-4226-816c-a24a9d9b8e1c\",\r\n        \"principalType\": \"User\"\r\n      }\r\n    ],\r\n    \"provisioningState\": \"Provisioning\",\r\n    \"role\": \"Admin\",\r\n    \"tenantId\": \"sdktestbn3\"\r\n  },\r\n  \"type\": \"Microsoft.CustomerInsights/hubs/RoleAssignments\"\r\n}",
      "ResponseHeaders": {
        "Content-Length": [
          "492"
        ],
        "Content-Type": [
          "application/json"
        ],
        "Expires": [
          "-1"
        ],
        "Cache-Control": [
          "no-cache"
        ],
        "Date": [
          "Wed, 01 Feb 2017 00:22:21 GMT"
        ],
        "Pragma": [
          "no-cache"
        ],
        "Location": [
          "https://api-dogfood.resources.windows-int.net/subscriptions/c909e979-ef71-4def-a970-bc7c154db8c5/resourceGroups/TestHubRG/providers/Microsoft.CustomerInsights/hubs/sdktestbn3/roleAssignments/assignmentName14839/operations/52ebb67b653b4095a674b6b551d72fcd?api-version=2017-01-01"
        ],
        "Server": [
          "Microsoft-HTTPAPI/2.0",
          "Microsoft-HTTPAPI/2.0"
        ],
        "x-ms-ratelimit-remaining-subscription-writes": [
          "1199"
        ],
        "Strict-Transport-Security": [
          "max-age=31536000; includeSubDomains"
        ],
        "x-ms-request-id": [
          "d4a29a57-b2c9-4802-a2da-1bfc3ef99f7b",
          "f16c8200-3f69-4e98-8434-c1859dfe1236"
        ],
        "OData-Version": [
          "4.0"
        ],
        "x-ms-correlation-request-id": [
          "fa76685f-52d1-4b92-8de8-b588f76526d5"
        ],
        "x-ms-routing-request-id": [
          "CENTRALUS:20170201T002221Z:fa76685f-52d1-4b92-8de8-b588f76526d5"
        ]
      },
      "StatusCode": 202
    },
    {
      "RequestUri": "/subscriptions/c909e979-ef71-4def-a970-bc7c154db8c5/resourceGroups/TestHubRG/providers/Microsoft.CustomerInsights/hubs/sdktestbn3/roleAssignments/assignmentName14839/operations/52ebb67b653b4095a674b6b551d72fcd?api-version=2017-01-01",
      "EncodedRequestUri": "L3N1YnNjcmlwdGlvbnMvYzkwOWU5NzktZWY3MS00ZGVmLWE5NzAtYmM3YzE1NGRiOGM1L3Jlc291cmNlR3JvdXBzL1Rlc3RIdWJSRy9wcm92aWRlcnMvTWljcm9zb2Z0LkN1c3RvbWVySW5zaWdodHMvaHVicy9zZGt0ZXN0Ym4zL3JvbGVBc3NpZ25tZW50cy9hc3NpZ25tZW50TmFtZTE0ODM5L29wZXJhdGlvbnMvNTJlYmI2N2I2NTNiNDA5NWE2NzRiNmI1NTFkNzJmY2Q/YXBpLXZlcnNpb249MjAxNy0wMS0wMQ==",
      "RequestMethod": "GET",
      "RequestBody": "",
      "RequestHeaders": {
        "User-Agent": [
          "FxVersion/4.6.24410.01",
          "Microsoft.Azure.Management.CustomerInsights.CustomerInsightsManagementClient/0.0.1-preview"
        ]
      },
      "ResponseBody": "{\r\n  \"id\": \"/subscriptions/c909e979-ef71-4def-a970-bc7c154db8c5/resourceGroups/TestHubRG/providers/Microsoft.CustomerInsights/hubs/sdktestbn3/RoleAssignments/assignmentName14839\",\r\n  \"name\": \"sdktestbn3/assignmentName14839\",\r\n  \"properties\": {\r\n    \"assignmentName\": \"assignmentName14839\",\r\n    \"principals\": [\r\n      {\r\n        \"principalId\": \"1091cf1e-bc56-4226-816c-a24a9d9b8e1c\",\r\n        \"principalType\": \"User\"\r\n      }\r\n    ],\r\n    \"provisioningState\": \"Provisioning\",\r\n    \"role\": \"Admin\",\r\n    \"tenantId\": \"sdktestbn3\"\r\n  },\r\n  \"type\": \"Microsoft.CustomerInsights/hubs/RoleAssignments\"\r\n}",
      "ResponseHeaders": {
        "Content-Length": [
          "492"
        ],
        "Content-Type": [
          "application/json"
        ],
        "Expires": [
          "-1"
        ],
        "Cache-Control": [
          "no-cache"
        ],
        "Date": [
          "Wed, 01 Feb 2017 00:22:51 GMT"
        ],
        "Pragma": [
          "no-cache"
        ],
        "Location": [
          "https://api-dogfood.resources.windows-int.net/subscriptions/c909e979-ef71-4def-a970-bc7c154db8c5/resourceGroups/TestHubRG/providers/Microsoft.CustomerInsights/hubs/sdktestbn3/roleAssignments/assignmentName14839/operations/52ebb67b653b4095a674b6b551d72fcd?api-version=2017-01-01"
        ],
        "Server": [
          "Microsoft-HTTPAPI/2.0",
          "Microsoft-HTTPAPI/2.0"
        ],
        "x-ms-ratelimit-remaining-subscription-reads": [
          "14620"
        ],
        "Strict-Transport-Security": [
          "max-age=31536000; includeSubDomains"
        ],
        "x-ms-request-id": [
          "038d07ff-190a-4035-8255-26cf7f2d5ffc",
          "f8094cf6-c8ea-43d5-8a9b-c2fb879d8999"
        ],
        "OData-Version": [
          "4.0"
        ],
        "x-ms-correlation-request-id": [
          "4151b273-ecd3-4bb1-b826-1454a3a4e75a"
        ],
        "x-ms-routing-request-id": [
          "CENTRALUS:20170201T002251Z:4151b273-ecd3-4bb1-b826-1454a3a4e75a"
        ]
      },
      "StatusCode": 202
    },
    {
      "RequestUri": "/subscriptions/c909e979-ef71-4def-a970-bc7c154db8c5/resourceGroups/TestHubRG/providers/Microsoft.CustomerInsights/hubs/sdktestbn3/roleAssignments/assignmentName14839/operations/52ebb67b653b4095a674b6b551d72fcd?api-version=2017-01-01",
      "EncodedRequestUri": "L3N1YnNjcmlwdGlvbnMvYzkwOWU5NzktZWY3MS00ZGVmLWE5NzAtYmM3YzE1NGRiOGM1L3Jlc291cmNlR3JvdXBzL1Rlc3RIdWJSRy9wcm92aWRlcnMvTWljcm9zb2Z0LkN1c3RvbWVySW5zaWdodHMvaHVicy9zZGt0ZXN0Ym4zL3JvbGVBc3NpZ25tZW50cy9hc3NpZ25tZW50TmFtZTE0ODM5L29wZXJhdGlvbnMvNTJlYmI2N2I2NTNiNDA5NWE2NzRiNmI1NTFkNzJmY2Q/YXBpLXZlcnNpb249MjAxNy0wMS0wMQ==",
      "RequestMethod": "GET",
      "RequestBody": "",
      "RequestHeaders": {
        "User-Agent": [
          "FxVersion/4.6.24410.01",
          "Microsoft.Azure.Management.CustomerInsights.CustomerInsightsManagementClient/0.0.1-preview"
        ]
      },
      "ResponseBody": "{\r\n  \"id\": \"/subscriptions/c909e979-ef71-4def-a970-bc7c154db8c5/resourceGroups/TestHubRG/providers/Microsoft.CustomerInsights/hubs/sdktestbn3/RoleAssignments/assignmentName14839\",\r\n  \"name\": \"sdktestbn3/assignmentName14839\",\r\n  \"properties\": {\r\n    \"assignmentName\": \"assignmentName14839\",\r\n    \"principals\": [\r\n      {\r\n        \"principalId\": \"1091cf1e-bc56-4226-816c-a24a9d9b8e1c\",\r\n        \"principalType\": \"User\"\r\n      }\r\n    ],\r\n    \"provisioningState\": \"Provisioning\",\r\n    \"role\": \"Admin\",\r\n    \"tenantId\": \"sdktestbn3\"\r\n  },\r\n  \"type\": \"Microsoft.CustomerInsights/hubs/RoleAssignments\"\r\n}",
      "ResponseHeaders": {
        "Content-Length": [
          "492"
        ],
        "Content-Type": [
          "application/json"
        ],
        "Expires": [
          "-1"
        ],
        "Cache-Control": [
          "no-cache"
        ],
        "Date": [
          "Wed, 01 Feb 2017 00:23:21 GMT"
        ],
        "Pragma": [
          "no-cache"
        ],
        "Location": [
          "https://api-dogfood.resources.windows-int.net/subscriptions/c909e979-ef71-4def-a970-bc7c154db8c5/resourceGroups/TestHubRG/providers/Microsoft.CustomerInsights/hubs/sdktestbn3/roleAssignments/assignmentName14839/operations/52ebb67b653b4095a674b6b551d72fcd?api-version=2017-01-01"
        ],
        "Server": [
          "Microsoft-HTTPAPI/2.0",
          "Microsoft-HTTPAPI/2.0"
        ],
        "x-ms-ratelimit-remaining-subscription-reads": [
          "14606"
        ],
        "Strict-Transport-Security": [
          "max-age=31536000; includeSubDomains"
        ],
        "x-ms-request-id": [
          "3a6c6b2d-ad7a-4632-83a8-cc9190c482cd",
          "007d272b-03c5-4d2f-b040-9e7674a111bd"
        ],
        "OData-Version": [
          "4.0"
        ],
        "x-ms-correlation-request-id": [
          "f4241a41-730b-4104-b288-458945b9a599"
        ],
        "x-ms-routing-request-id": [
          "CENTRALUS:20170201T002322Z:f4241a41-730b-4104-b288-458945b9a599"
        ]
      },
      "StatusCode": 202
    },
    {
      "RequestUri": "/subscriptions/c909e979-ef71-4def-a970-bc7c154db8c5/resourceGroups/TestHubRG/providers/Microsoft.CustomerInsights/hubs/sdktestbn3/roleAssignments/assignmentName14839/operations/52ebb67b653b4095a674b6b551d72fcd?api-version=2017-01-01",
      "EncodedRequestUri": "L3N1YnNjcmlwdGlvbnMvYzkwOWU5NzktZWY3MS00ZGVmLWE5NzAtYmM3YzE1NGRiOGM1L3Jlc291cmNlR3JvdXBzL1Rlc3RIdWJSRy9wcm92aWRlcnMvTWljcm9zb2Z0LkN1c3RvbWVySW5zaWdodHMvaHVicy9zZGt0ZXN0Ym4zL3JvbGVBc3NpZ25tZW50cy9hc3NpZ25tZW50TmFtZTE0ODM5L29wZXJhdGlvbnMvNTJlYmI2N2I2NTNiNDA5NWE2NzRiNmI1NTFkNzJmY2Q/YXBpLXZlcnNpb249MjAxNy0wMS0wMQ==",
      "RequestMethod": "GET",
      "RequestBody": "",
      "RequestHeaders": {
        "User-Agent": [
          "FxVersion/4.6.24410.01",
          "Microsoft.Azure.Management.CustomerInsights.CustomerInsightsManagementClient/0.0.1-preview"
        ]
      },
      "ResponseBody": "{\r\n  \"id\": \"/subscriptions/c909e979-ef71-4def-a970-bc7c154db8c5/resourceGroups/TestHubRG/providers/Microsoft.CustomerInsights/hubs/sdktestbn3/RoleAssignments/assignmentName14839\",\r\n  \"name\": \"sdktestbn3/assignmentName14839\",\r\n  \"properties\": {\r\n    \"assignmentName\": \"assignmentName14839\",\r\n    \"principals\": [\r\n      {\r\n        \"principalId\": \"1091cf1e-bc56-4226-816c-a24a9d9b8e1c\",\r\n        \"principalType\": \"User\"\r\n      }\r\n    ],\r\n    \"provisioningState\": \"Succeeded\",\r\n    \"role\": \"Admin\",\r\n    \"tenantId\": \"sdktestbn3\"\r\n  },\r\n  \"type\": \"Microsoft.CustomerInsights/hubs/RoleAssignments\"\r\n}",
      "ResponseHeaders": {
        "Content-Type": [
          "application/json"
        ],
        "Expires": [
          "-1"
        ],
        "Cache-Control": [
          "no-cache"
        ],
        "Date": [
          "Wed, 01 Feb 2017 00:23:51 GMT"
        ],
        "Pragma": [
          "no-cache"
        ],
        "Transfer-Encoding": [
          "chunked"
        ],
        "Server": [
          "Microsoft-HTTPAPI/2.0",
          "Microsoft-HTTPAPI/2.0"
        ],
        "Vary": [
          "Accept-Encoding"
        ],
        "x-ms-ratelimit-remaining-subscription-reads": [
          "14596"
        ],
        "Strict-Transport-Security": [
          "max-age=31536000; includeSubDomains"
        ],
        "x-ms-request-id": [
          "ae2d219e-100a-4b91-a0f2-773177ba6aad",
          "54679b4d-5a1f-454a-8157-3a34c189ed65"
        ],
        "OData-Version": [
          "4.0"
        ],
        "x-ms-correlation-request-id": [
          "053f6253-fa4f-42e9-93a5-a0a3f2da3c11"
        ],
        "x-ms-routing-request-id": [
          "CENTRALUS:20170201T002352Z:053f6253-fa4f-42e9-93a5-a0a3f2da3c11"
        ]
      },
      "StatusCode": 200
    },
    {
      "RequestUri": "/subscriptions/c909e979-ef71-4def-a970-bc7c154db8c5/resourceGroups/TestHubRG/providers/Microsoft.CustomerInsights/hubs/sdktestbn3/roleAssignments/assignmentName25437?api-version=2017-01-01",
      "EncodedRequestUri": "L3N1YnNjcmlwdGlvbnMvYzkwOWU5NzktZWY3MS00ZGVmLWE5NzAtYmM3YzE1NGRiOGM1L3Jlc291cmNlR3JvdXBzL1Rlc3RIdWJSRy9wcm92aWRlcnMvTWljcm9zb2Z0LkN1c3RvbWVySW5zaWdodHMvaHVicy9zZGt0ZXN0Ym4zL3JvbGVBc3NpZ25tZW50cy9hc3NpZ25tZW50TmFtZTI1NDM3P2FwaS12ZXJzaW9uPTIwMTctMDEtMDE=",
      "RequestMethod": "PUT",
      "RequestBody": "{\r\n  \"properties\": {\r\n    \"role\": \"Admin\",\r\n    \"principals\": [\r\n      {\r\n        \"principalId\": \"46f58d6d46ec4fccba50519c6e7d8f01\",\r\n        \"principalType\": \"User\"\r\n      }\r\n    ]\r\n  }\r\n}",
      "RequestHeaders": {
        "Content-Type": [
          "application/json; charset=utf-8"
        ],
        "Content-Length": [
          "189"
        ],
        "x-ms-client-request-id": [
          "5bd7a56d-f7e3-4047-9aa8-019993b2c685"
        ],
        "accept-language": [
          "en-US"
        ],
        "User-Agent": [
          "FxVersion/4.6.24410.01",
          "Microsoft.Azure.Management.CustomerInsights.CustomerInsightsManagementClient/0.0.1-preview"
        ]
      },
      "ResponseBody": "{\r\n  \"id\": \"/subscriptions/c909e979-ef71-4def-a970-bc7c154db8c5/resourceGroups/TestHubRG/providers/Microsoft.CustomerInsights/hubs/sdktestbn3/RoleAssignments/assignmentName25437\",\r\n  \"name\": \"sdktestbn3/assignmentName25437\",\r\n  \"properties\": {\r\n    \"assignmentName\": \"assignmentName25437\",\r\n    \"principals\": [\r\n      {\r\n        \"principalId\": \"46f58d6d-46ec-4fcc-ba50-519c6e7d8f01\",\r\n        \"principalType\": \"User\"\r\n      }\r\n    ],\r\n    \"provisioningState\": \"Provisioning\",\r\n    \"role\": \"Admin\",\r\n    \"tenantId\": \"sdktestbn3\"\r\n  },\r\n  \"type\": \"Microsoft.CustomerInsights/hubs/RoleAssignments\"\r\n}",
      "ResponseHeaders": {
        "Content-Length": [
          "492"
        ],
        "Content-Type": [
          "application/json"
        ],
        "Expires": [
          "-1"
        ],
        "Cache-Control": [
          "no-cache"
        ],
        "Date": [
          "Wed, 01 Feb 2017 00:23:52 GMT"
        ],
        "Pragma": [
          "no-cache"
        ],
        "Location": [
          "https://api-dogfood.resources.windows-int.net/subscriptions/c909e979-ef71-4def-a970-bc7c154db8c5/resourceGroups/TestHubRG/providers/Microsoft.CustomerInsights/hubs/sdktestbn3/roleAssignments/assignmentName25437/operations/02669a806dbe4363b8c688e8d2491d9b?api-version=2017-01-01"
        ],
        "Server": [
          "Microsoft-HTTPAPI/2.0",
          "Microsoft-HTTPAPI/2.0"
        ],
        "x-ms-ratelimit-remaining-subscription-writes": [
          "1198"
        ],
        "Strict-Transport-Security": [
          "max-age=31536000; includeSubDomains"
        ],
        "x-ms-request-id": [
          "a8072d0c-9d16-4b8a-bfb1-be1087f069b8",
          "5d586a9b-1180-4b67-a7ce-ba0a850334e6"
        ],
        "OData-Version": [
          "4.0"
        ],
        "x-ms-correlation-request-id": [
          "80551967-6d1d-4795-9c51-a8b897a00838"
        ],
        "x-ms-routing-request-id": [
          "CENTRALUS:20170201T002352Z:80551967-6d1d-4795-9c51-a8b897a00838"
        ]
      },
      "StatusCode": 202
    },
    {
      "RequestUri": "/subscriptions/c909e979-ef71-4def-a970-bc7c154db8c5/resourceGroups/TestHubRG/providers/Microsoft.CustomerInsights/hubs/sdktestbn3/roleAssignments/assignmentName25437/operations/02669a806dbe4363b8c688e8d2491d9b?api-version=2017-01-01",
      "EncodedRequestUri": "L3N1YnNjcmlwdGlvbnMvYzkwOWU5NzktZWY3MS00ZGVmLWE5NzAtYmM3YzE1NGRiOGM1L3Jlc291cmNlR3JvdXBzL1Rlc3RIdWJSRy9wcm92aWRlcnMvTWljcm9zb2Z0LkN1c3RvbWVySW5zaWdodHMvaHVicy9zZGt0ZXN0Ym4zL3JvbGVBc3NpZ25tZW50cy9hc3NpZ25tZW50TmFtZTI1NDM3L29wZXJhdGlvbnMvMDI2NjlhODA2ZGJlNDM2M2I4YzY4OGU4ZDI0OTFkOWI/YXBpLXZlcnNpb249MjAxNy0wMS0wMQ==",
      "RequestMethod": "GET",
      "RequestBody": "",
      "RequestHeaders": {
        "User-Agent": [
          "FxVersion/4.6.24410.01",
          "Microsoft.Azure.Management.CustomerInsights.CustomerInsightsManagementClient/0.0.1-preview"
        ]
      },
      "ResponseBody": "{\r\n  \"id\": \"/subscriptions/c909e979-ef71-4def-a970-bc7c154db8c5/resourceGroups/TestHubRG/providers/Microsoft.CustomerInsights/hubs/sdktestbn3/RoleAssignments/assignmentName25437\",\r\n  \"name\": \"sdktestbn3/assignmentName25437\",\r\n  \"properties\": {\r\n    \"assignmentName\": \"assignmentName25437\",\r\n    \"principals\": [\r\n      {\r\n        \"principalId\": \"46f58d6d-46ec-4fcc-ba50-519c6e7d8f01\",\r\n        \"principalType\": \"User\"\r\n      }\r\n    ],\r\n    \"provisioningState\": \"Provisioning\",\r\n    \"role\": \"Admin\",\r\n    \"tenantId\": \"sdktestbn3\"\r\n  },\r\n  \"type\": \"Microsoft.CustomerInsights/hubs/RoleAssignments\"\r\n}",
      "ResponseHeaders": {
        "Content-Length": [
          "492"
        ],
        "Content-Type": [
          "application/json"
        ],
        "Expires": [
          "-1"
        ],
        "Cache-Control": [
          "no-cache"
        ],
        "Date": [
          "Wed, 01 Feb 2017 00:24:22 GMT"
        ],
        "Pragma": [
          "no-cache"
        ],
        "Location": [
          "https://api-dogfood.resources.windows-int.net/subscriptions/c909e979-ef71-4def-a970-bc7c154db8c5/resourceGroups/TestHubRG/providers/Microsoft.CustomerInsights/hubs/sdktestbn3/roleAssignments/assignmentName25437/operations/02669a806dbe4363b8c688e8d2491d9b?api-version=2017-01-01"
        ],
        "Server": [
          "Microsoft-HTTPAPI/2.0",
          "Microsoft-HTTPAPI/2.0"
        ],
        "x-ms-ratelimit-remaining-subscription-reads": [
          "14583"
        ],
        "Strict-Transport-Security": [
          "max-age=31536000; includeSubDomains"
        ],
        "x-ms-request-id": [
          "3d683dd7-e734-4868-b27c-0ffa3a3a4759",
          "2b92bdf0-81a7-4d6b-8fad-4ad4dd48ebc4"
        ],
        "OData-Version": [
          "4.0"
        ],
        "x-ms-correlation-request-id": [
          "7c62f056-7bd3-41ac-b029-0c97a25d998d"
        ],
        "x-ms-routing-request-id": [
          "CENTRALUS:20170201T002422Z:7c62f056-7bd3-41ac-b029-0c97a25d998d"
        ]
      },
      "StatusCode": 202
    },
    {
      "RequestUri": "/subscriptions/c909e979-ef71-4def-a970-bc7c154db8c5/resourceGroups/TestHubRG/providers/Microsoft.CustomerInsights/hubs/sdktestbn3/roleAssignments/assignmentName25437/operations/02669a806dbe4363b8c688e8d2491d9b?api-version=2017-01-01",
      "EncodedRequestUri": "L3N1YnNjcmlwdGlvbnMvYzkwOWU5NzktZWY3MS00ZGVmLWE5NzAtYmM3YzE1NGRiOGM1L3Jlc291cmNlR3JvdXBzL1Rlc3RIdWJSRy9wcm92aWRlcnMvTWljcm9zb2Z0LkN1c3RvbWVySW5zaWdodHMvaHVicy9zZGt0ZXN0Ym4zL3JvbGVBc3NpZ25tZW50cy9hc3NpZ25tZW50TmFtZTI1NDM3L29wZXJhdGlvbnMvMDI2NjlhODA2ZGJlNDM2M2I4YzY4OGU4ZDI0OTFkOWI/YXBpLXZlcnNpb249MjAxNy0wMS0wMQ==",
      "RequestMethod": "GET",
      "RequestBody": "",
      "RequestHeaders": {
        "User-Agent": [
          "FxVersion/4.6.24410.01",
          "Microsoft.Azure.Management.CustomerInsights.CustomerInsightsManagementClient/0.0.1-preview"
        ]
      },
      "ResponseBody": "{\r\n  \"id\": \"/subscriptions/c909e979-ef71-4def-a970-bc7c154db8c5/resourceGroups/TestHubRG/providers/Microsoft.CustomerInsights/hubs/sdktestbn3/RoleAssignments/assignmentName25437\",\r\n  \"name\": \"sdktestbn3/assignmentName25437\",\r\n  \"properties\": {\r\n    \"assignmentName\": \"assignmentName25437\",\r\n    \"principals\": [\r\n      {\r\n        \"principalId\": \"46f58d6d-46ec-4fcc-ba50-519c6e7d8f01\",\r\n        \"principalType\": \"User\"\r\n      }\r\n    ],\r\n    \"provisioningState\": \"Provisioning\",\r\n    \"role\": \"Admin\",\r\n    \"tenantId\": \"sdktestbn3\"\r\n  },\r\n  \"type\": \"Microsoft.CustomerInsights/hubs/RoleAssignments\"\r\n}",
      "ResponseHeaders": {
        "Content-Length": [
          "492"
        ],
        "Content-Type": [
          "application/json"
        ],
        "Expires": [
          "-1"
        ],
        "Cache-Control": [
          "no-cache"
        ],
        "Date": [
          "Wed, 01 Feb 2017 00:24:53 GMT"
        ],
        "Pragma": [
          "no-cache"
        ],
        "Location": [
          "https://api-dogfood.resources.windows-int.net/subscriptions/c909e979-ef71-4def-a970-bc7c154db8c5/resourceGroups/TestHubRG/providers/Microsoft.CustomerInsights/hubs/sdktestbn3/roleAssignments/assignmentName25437/operations/02669a806dbe4363b8c688e8d2491d9b?api-version=2017-01-01"
        ],
        "Server": [
          "Microsoft-HTTPAPI/2.0",
          "Microsoft-HTTPAPI/2.0"
        ],
        "x-ms-ratelimit-remaining-subscription-reads": [
          "14566"
        ],
        "Strict-Transport-Security": [
          "max-age=31536000; includeSubDomains"
        ],
        "x-ms-request-id": [
          "635fac72-b6c8-4aa3-800e-7acac3c75591",
          "cb34115a-adf5-48ee-bd58-7baa3ee45c57"
        ],
        "OData-Version": [
          "4.0"
        ],
        "x-ms-correlation-request-id": [
          "bc8af742-e7cf-4818-b922-863ce20223f1"
        ],
        "x-ms-routing-request-id": [
          "CENTRALUS:20170201T002453Z:bc8af742-e7cf-4818-b922-863ce20223f1"
        ]
      },
      "StatusCode": 202
    },
    {
      "RequestUri": "/subscriptions/c909e979-ef71-4def-a970-bc7c154db8c5/resourceGroups/TestHubRG/providers/Microsoft.CustomerInsights/hubs/sdktestbn3/roleAssignments/assignmentName25437/operations/02669a806dbe4363b8c688e8d2491d9b?api-version=2017-01-01",
      "EncodedRequestUri": "L3N1YnNjcmlwdGlvbnMvYzkwOWU5NzktZWY3MS00ZGVmLWE5NzAtYmM3YzE1NGRiOGM1L3Jlc291cmNlR3JvdXBzL1Rlc3RIdWJSRy9wcm92aWRlcnMvTWljcm9zb2Z0LkN1c3RvbWVySW5zaWdodHMvaHVicy9zZGt0ZXN0Ym4zL3JvbGVBc3NpZ25tZW50cy9hc3NpZ25tZW50TmFtZTI1NDM3L29wZXJhdGlvbnMvMDI2NjlhODA2ZGJlNDM2M2I4YzY4OGU4ZDI0OTFkOWI/YXBpLXZlcnNpb249MjAxNy0wMS0wMQ==",
      "RequestMethod": "GET",
      "RequestBody": "",
      "RequestHeaders": {
        "User-Agent": [
          "FxVersion/4.6.24410.01",
          "Microsoft.Azure.Management.CustomerInsights.CustomerInsightsManagementClient/0.0.1-preview"
        ]
      },
      "ResponseBody": "{\r\n  \"id\": \"/subscriptions/c909e979-ef71-4def-a970-bc7c154db8c5/resourceGroups/TestHubRG/providers/Microsoft.CustomerInsights/hubs/sdktestbn3/RoleAssignments/assignmentName25437\",\r\n  \"name\": \"sdktestbn3/assignmentName25437\",\r\n  \"properties\": {\r\n    \"assignmentName\": \"assignmentName25437\",\r\n    \"principals\": [\r\n      {\r\n        \"principalId\": \"46f58d6d-46ec-4fcc-ba50-519c6e7d8f01\",\r\n        \"principalType\": \"User\"\r\n      }\r\n    ],\r\n    \"provisioningState\": \"Provisioning\",\r\n    \"role\": \"Admin\",\r\n    \"tenantId\": \"sdktestbn3\"\r\n  },\r\n  \"type\": \"Microsoft.CustomerInsights/hubs/RoleAssignments\"\r\n}",
      "ResponseHeaders": {
        "Content-Length": [
          "492"
        ],
        "Content-Type": [
          "application/json"
        ],
        "Expires": [
          "-1"
        ],
        "Cache-Control": [
          "no-cache"
        ],
        "Date": [
          "Wed, 01 Feb 2017 00:25:22 GMT"
        ],
        "Pragma": [
          "no-cache"
        ],
        "Location": [
          "https://api-dogfood.resources.windows-int.net/subscriptions/c909e979-ef71-4def-a970-bc7c154db8c5/resourceGroups/TestHubRG/providers/Microsoft.CustomerInsights/hubs/sdktestbn3/roleAssignments/assignmentName25437/operations/02669a806dbe4363b8c688e8d2491d9b?api-version=2017-01-01"
        ],
        "Server": [
          "Microsoft-HTTPAPI/2.0",
          "Microsoft-HTTPAPI/2.0"
        ],
        "x-ms-ratelimit-remaining-subscription-reads": [
          "14560"
        ],
        "Strict-Transport-Security": [
          "max-age=31536000; includeSubDomains"
        ],
        "x-ms-request-id": [
          "22c2e39b-379a-4502-976e-f9d63f839c3e",
          "60fd073a-0388-4136-a6f5-377e4ddeb449"
        ],
        "OData-Version": [
          "4.0"
        ],
        "x-ms-correlation-request-id": [
          "6303981b-ac7a-4b22-9cda-f05a05f16094"
        ],
        "x-ms-routing-request-id": [
          "CENTRALUS:20170201T002523Z:6303981b-ac7a-4b22-9cda-f05a05f16094"
        ]
      },
      "StatusCode": 202
    },
    {
      "RequestUri": "/subscriptions/c909e979-ef71-4def-a970-bc7c154db8c5/resourceGroups/TestHubRG/providers/Microsoft.CustomerInsights/hubs/sdktestbn3/roleAssignments/assignmentName25437/operations/02669a806dbe4363b8c688e8d2491d9b?api-version=2017-01-01",
      "EncodedRequestUri": "L3N1YnNjcmlwdGlvbnMvYzkwOWU5NzktZWY3MS00ZGVmLWE5NzAtYmM3YzE1NGRiOGM1L3Jlc291cmNlR3JvdXBzL1Rlc3RIdWJSRy9wcm92aWRlcnMvTWljcm9zb2Z0LkN1c3RvbWVySW5zaWdodHMvaHVicy9zZGt0ZXN0Ym4zL3JvbGVBc3NpZ25tZW50cy9hc3NpZ25tZW50TmFtZTI1NDM3L29wZXJhdGlvbnMvMDI2NjlhODA2ZGJlNDM2M2I4YzY4OGU4ZDI0OTFkOWI/YXBpLXZlcnNpb249MjAxNy0wMS0wMQ==",
      "RequestMethod": "GET",
      "RequestBody": "",
      "RequestHeaders": {
        "User-Agent": [
          "FxVersion/4.6.24410.01",
          "Microsoft.Azure.Management.CustomerInsights.CustomerInsightsManagementClient/0.0.1-preview"
        ]
      },
      "ResponseBody": "{\r\n  \"id\": \"/subscriptions/c909e979-ef71-4def-a970-bc7c154db8c5/resourceGroups/TestHubRG/providers/Microsoft.CustomerInsights/hubs/sdktestbn3/RoleAssignments/assignmentName25437\",\r\n  \"name\": \"sdktestbn3/assignmentName25437\",\r\n  \"properties\": {\r\n    \"assignmentName\": \"assignmentName25437\",\r\n    \"principals\": [\r\n      {\r\n        \"principalId\": \"46f58d6d-46ec-4fcc-ba50-519c6e7d8f01\",\r\n        \"principalType\": \"User\"\r\n      }\r\n    ],\r\n    \"provisioningState\": \"Succeeded\",\r\n    \"role\": \"Admin\",\r\n    \"tenantId\": \"sdktestbn3\"\r\n  },\r\n  \"type\": \"Microsoft.CustomerInsights/hubs/RoleAssignments\"\r\n}",
      "ResponseHeaders": {
        "Content-Type": [
          "application/json"
        ],
        "Expires": [
          "-1"
        ],
        "Cache-Control": [
          "no-cache"
        ],
        "Date": [
          "Wed, 01 Feb 2017 00:25:53 GMT"
        ],
        "Pragma": [
          "no-cache"
        ],
        "Transfer-Encoding": [
          "chunked"
        ],
        "Server": [
          "Microsoft-HTTPAPI/2.0",
          "Microsoft-HTTPAPI/2.0"
        ],
        "Vary": [
          "Accept-Encoding"
        ],
        "x-ms-ratelimit-remaining-subscription-reads": [
          "14559"
        ],
        "Strict-Transport-Security": [
          "max-age=31536000; includeSubDomains"
        ],
        "x-ms-request-id": [
          "320a4aee-4d0d-463e-bea8-15a308706929",
          "6360345b-e04a-49f2-a277-579c97090921"
        ],
        "OData-Version": [
          "4.0"
        ],
        "x-ms-correlation-request-id": [
          "5c1dd914-dc84-47ea-8981-6c3c0a883e4b"
        ],
        "x-ms-routing-request-id": [
          "CENTRALUS:20170201T002553Z:5c1dd914-dc84-47ea-8981-6c3c0a883e4b"
        ]
      },
      "StatusCode": 200
    },
    {
      "RequestUri": "/subscriptions/c909e979-ef71-4def-a970-bc7c154db8c5/resourceGroups/TestHubRG/providers/Microsoft.CustomerInsights/hubs/sdktestbn3/roleAssignments?api-version=2017-01-01",
      "EncodedRequestUri": "L3N1YnNjcmlwdGlvbnMvYzkwOWU5NzktZWY3MS00ZGVmLWE5NzAtYmM3YzE1NGRiOGM1L3Jlc291cmNlR3JvdXBzL1Rlc3RIdWJSRy9wcm92aWRlcnMvTWljcm9zb2Z0LkN1c3RvbWVySW5zaWdodHMvaHVicy9zZGt0ZXN0Ym4zL3JvbGVBc3NpZ25tZW50cz9hcGktdmVyc2lvbj0yMDE3LTAxLTAx",
      "RequestMethod": "GET",
      "RequestBody": "",
      "RequestHeaders": {
        "x-ms-client-request-id": [
          "a6260469-c0c7-46dd-8d65-8e8d94707db9"
        ],
        "accept-language": [
          "en-US"
        ],
        "User-Agent": [
          "FxVersion/4.6.24410.01",
          "Microsoft.Azure.Management.CustomerInsights.CustomerInsightsManagementClient/0.0.1-preview"
        ]
      },
      "ResponseBody": "{\r\n  \"value\": [\r\n    {\r\n      \"id\": \"/subscriptions/c909e979-ef71-4def-a970-bc7c154db8c5/resourceGroups/TestHubRG/providers/Microsoft.CustomerInsights/hubs/sdktestbn3/RoleAssignments/assignmentName14839\",\r\n      \"name\": \"sdktestbn3/assignmentName14839\",\r\n      \"properties\": {\r\n        \"assignmentName\": \"assignmentName14839\",\r\n        \"principals\": [\r\n          {\r\n            \"principalId\": \"1091cf1e-bc56-4226-816c-a24a9d9b8e1c\",\r\n            \"principalType\": \"User\"\r\n          }\r\n        ],\r\n        \"provisioningState\": \"Succeeded\",\r\n        \"role\": \"Admin\",\r\n        \"tenantId\": \"sdktestbn3\"\r\n      },\r\n      \"type\": \"Microsoft.CustomerInsights/hubs/RoleAssignments\"\r\n    },\r\n    {\r\n      \"id\": \"/subscriptions/c909e979-ef71-4def-a970-bc7c154db8c5/resourceGroups/TestHubRG/providers/Microsoft.CustomerInsights/hubs/sdktestbn3/RoleAssignments/assignmentName25437\",\r\n      \"name\": \"sdktestbn3/assignmentName25437\",\r\n      \"properties\": {\r\n        \"assignmentName\": \"assignmentName25437\",\r\n        \"principals\": [\r\n          {\r\n            \"principalId\": \"46f58d6d-46ec-4fcc-ba50-519c6e7d8f01\",\r\n            \"principalType\": \"User\"\r\n          }\r\n        ],\r\n        \"provisioningState\": \"Succeeded\",\r\n        \"role\": \"Admin\",\r\n        \"tenantId\": \"sdktestbn3\"\r\n      },\r\n      \"type\": \"Microsoft.CustomerInsights/hubs/RoleAssignments\"\r\n    },\r\n    {\r\n      \"id\": \"/subscriptions/c909e979-ef71-4def-a970-bc7c154db8c5/resourceGroups/TestHubRG/providers/Microsoft.CustomerInsights/hubs/sdktestbn3/RoleAssignments/assignmentName62\",\r\n      \"name\": \"sdktestbn3/assignmentName62\",\r\n      \"properties\": {\r\n        \"assignmentName\": \"assignmentName62\",\r\n        \"principals\": [\r\n          {\r\n            \"principalId\": \"efb9683b-4d31-40ac-9c0a-bb7ec0be1d43\",\r\n            \"principalType\": \"User\"\r\n          },\r\n          {\r\n            \"principalId\": \"013a219d-7459-43a5-b77d-57873b3d4799\",\r\n            \"principalType\": \"User\"\r\n          }\r\n        ],\r\n        \"provisioningState\": \"Succeeded\",\r\n        \"role\": \"Admin\",\r\n        \"tenantId\": \"sdktestbn3\"\r\n      },\r\n      \"type\": \"Microsoft.CustomerInsights/hubs/RoleAssignments\"\r\n    },\r\n    {\r\n      \"id\": \"/subscriptions/c909e979-ef71-4def-a970-bc7c154db8c5/resourceGroups/TestHubRG/providers/Microsoft.CustomerInsights/hubs/sdktestbn3/RoleAssignments/DefaultAdminAssignment\",\r\n      \"name\": \"sdktestbn3/DefaultAdminAssignment\",\r\n      \"properties\": {\r\n        \"assignmentName\": \"DefaultAdminAssignment\",\r\n        \"connectors\": {\r\n          \"elements\": [\r\n            \"*\"\r\n          ]\r\n        },\r\n        \"interactions\": {\r\n          \"elements\": [\r\n            \"*\"\r\n          ]\r\n        },\r\n        \"kpis\": {\r\n          \"elements\": [\r\n            \"*\"\r\n          ]\r\n        },\r\n        \"links\": {\r\n          \"elements\": [\r\n            \"*\"\r\n          ]\r\n        },\r\n        \"principals\": [\r\n          {\r\n            \"principalId\": \"a29ead96-3207-4857-be4c-cb75c8d0672e\",\r\n            \"principalType\": \"User\"\r\n          }\r\n        ],\r\n        \"profiles\": {\r\n          \"elements\": [\r\n            \"*\"\r\n          ]\r\n        },\r\n        \"provisioningState\": \"Succeeded\",\r\n        \"relationshipLinks\": {\r\n          \"elements\": [\r\n            \"*\"\r\n          ]\r\n        },\r\n        \"relationships\": {\r\n          \"elements\": [\r\n            \"*\"\r\n          ]\r\n        },\r\n        \"role\": \"Admin\",\r\n        \"roleAssignments\": {\r\n          \"elements\": [\r\n            \"*\"\r\n          ]\r\n        },\r\n        \"sasPolicies\": {\r\n          \"elements\": [\r\n            \"*\"\r\n          ]\r\n        },\r\n        \"tenantId\": \"sdktestbn3\",\r\n        \"views\": {\r\n          \"elements\": [\r\n            \"*\"\r\n          ]\r\n        },\r\n        \"widgetTypes\": {\r\n          \"elements\": [\r\n            \"*\"\r\n          ]\r\n        }\r\n      },\r\n      \"type\": \"Microsoft.CustomerInsights/hubs/RoleAssignments\"\r\n    }\r\n  ]\r\n}",
      "ResponseHeaders": {
        "Content-Type": [
          "application/json"
        ],
        "Expires": [
          "-1"
        ],
        "Cache-Control": [
          "no-cache"
        ],
        "Date": [
          "Wed, 01 Feb 2017 00:25:53 GMT"
        ],
        "Pragma": [
          "no-cache"
        ],
        "Transfer-Encoding": [
          "chunked"
        ],
        "Server": [
          "Microsoft-HTTPAPI/2.0",
          "Microsoft-HTTPAPI/2.0"
        ],
        "Vary": [
          "Accept-Encoding"
        ],
        "x-ms-ratelimit-remaining-subscription-reads": [
          "14558"
        ],
        "Strict-Transport-Security": [
          "max-age=31536000; includeSubDomains"
        ],
        "x-ms-request-id": [
          "f38c0b25-e4f7-4356-a528-7cb634d8dbe9",
          "6a2fa3a4-b8ed-40c5-b694-8bf30e9c157e"
        ],
        "OData-Version": [
          "4.0"
        ],
        "x-ms-correlation-request-id": [
          "d10323a4-797c-4b9a-bbf5-65b738faff54"
        ],
        "x-ms-routing-request-id": [
          "CENTRALUS:20170201T002554Z:d10323a4-797c-4b9a-bbf5-65b738faff54"
        ]
      },
      "StatusCode": 200
    }
  ],
  "Names": {
    "ListRoleAssignmentInHub": [
      "assignmentName14839",
      "assignmentName25437"
    ]
  },
  "Variables": {
    "SubscriptionId": "c909e979-ef71-4def-a970-bc7c154db8c5"
  }
}