{
  "Entries": [
    {
      "RequestUri": "/subscriptions/69a75bda-882e-44d5-8431-63421204132a/resourceGroups/sdk-net-test-qa2/providers/Microsoft.NetApp/netAppAccounts/sdk-net-tests-acc-20?api-version=2019-10-01",
      "EncodedRequestUri": "L3N1YnNjcmlwdGlvbnMvNjlhNzViZGEtODgyZS00NGQ1LTg0MzEtNjM0MjEyMDQxMzJhL3Jlc291cmNlR3JvdXBzL3Nkay1uZXQtdGVzdC1xYTIvcHJvdmlkZXJzL01pY3Jvc29mdC5OZXRBcHAvbmV0QXBwQWNjb3VudHMvc2RrLW5ldC10ZXN0cy1hY2MtMjA/YXBpLXZlcnNpb249MjAxOS0xMC0wMQ==",
      "RequestMethod": "PUT",
      "RequestBody": "{\r\n  \"location\": \"westus2stage\",\r\n  \"tags\": {\r\n    \"Tag1\": \"Value1\"\r\n  },\r\n  \"properties\": {\r\n    \"activeDirectories\": [\r\n      {\r\n        \"username\": \"sdkuser\",\r\n        \"password\": \"sdkpass\",\r\n        \"domain\": \"sdkdomain\",\r\n        \"dns\": \"127.0.0.1\",\r\n        \"smbServerName\": \"SDKSMBSeNa\"\r\n      }\r\n    ]\r\n  }\r\n}",
      "RequestHeaders": {
        "x-ms-client-request-id": [
          "f459024d-a57f-42bf-bbe4-15591a149bdb"
        ],
        "Accept-Language": [
          "en-US"
        ],
        "User-Agent": [
          "FxVersion/4.6.27019.06",
          "OSName/Windows",
          "OSVersion/Microsoft.Windows.10.0.18362.",
          "Microsoft.Azure.Management.NetApp.AzureNetAppFilesManagementClient/1.3.0.0"
        ],
        "Content-Type": [
          "application/json; charset=utf-8"
        ],
        "Content-Length": [
          "317"
        ]
      },
      "ResponseHeaders": {
        "Cache-Control": [
          "no-cache"
        ],
        "Pragma": [
          "no-cache"
        ],
        "ETag": [
          "W/\"datetime'2020-01-03T20%3A38%3A08.3307169Z'\""
        ],
        "x-ms-request-id": [
          "9dda6712-a2ca-4239-a30b-42e7b5e15d64"
        ],
        "Azure-AsyncOperation": [
          "https://management.azure.com/subscriptions/69a75bda-882e-44d5-8431-63421204132a/providers/Microsoft.NetApp/locations/westus2stage/operationResults/3ce84421-d2b0-4298-80b6-369e75c3b00c?api-version=2019-10-01"
        ],
        "Request-Context": [
          "appId=cid-v1:2c4cb680-0a1f-424d-bb8d-8e650ba68d53"
        ],
        "Access-Control-Expose-Headers": [
          "Request-Context"
        ],
        "Server": [
          "Microsoft-IIS/10.0"
        ],
        "X-Powered-By": [
          "ASP.NET"
        ],
        "x-ms-ratelimit-remaining-subscription-writes": [
          "1199"
        ],
        "x-ms-correlation-request-id": [
          "0743dae9-3add-4b54-822e-e89d00c55479"
        ],
        "x-ms-routing-request-id": [
          "SOUTHEASTASIA:20200103T203809Z:0743dae9-3add-4b54-822e-e89d00c55479"
        ],
        "Strict-Transport-Security": [
          "max-age=31536000; includeSubDomains"
        ],
        "X-Content-Type-Options": [
          "nosniff"
        ],
        "Date": [
          "Fri, 03 Jan 2020 20:38:09 GMT"
        ],
        "Content-Length": [
          "545"
        ],
        "Content-Type": [
          "application/json; charset=utf-8"
        ],
        "Expires": [
          "-1"
        ]
      },
      "ResponseBody": "{\r\n  \"id\": \"/subscriptions/69a75bda-882e-44d5-8431-63421204132a/resourceGroups/sdk-net-test-qa2/providers/Microsoft.NetApp/netAppAccounts/sdk-net-tests-acc-20\",\r\n  \"name\": \"sdk-net-tests-acc-20\",\r\n  \"type\": \"Microsoft.NetApp/netAppAccounts\",\r\n  \"etag\": \"W/\\\"datetime'2020-01-03T20%3A38%3A08.3307169Z'\\\"\",\r\n  \"location\": \"westus2stage\",\r\n  \"tags\": {\r\n    \"Tag1\": \"Value1\"\r\n  },\r\n  \"properties\": {\r\n    \"name\": \"sdk-net-tests-acc-20\",\r\n    \"provisioningState\": \"Creating\",\r\n    \"activeDirectories\": [\r\n      {\r\n        \"username\": \"sdkuser\",\r\n        \"password\": \"sdkpass\",\r\n        \"domain\": \"sdkdomain\",\r\n        \"dns\": \"127.0.0.1\",\r\n        \"smbServerName\": \"SDKSMBSeNa\"\r\n      }\r\n    ]\r\n  }\r\n}",
      "StatusCode": 201
    },
    {
      "RequestUri": "/subscriptions/69a75bda-882e-44d5-8431-63421204132a/providers/Microsoft.NetApp/locations/westus2stage/operationResults/3ce84421-d2b0-4298-80b6-369e75c3b00c?api-version=2019-10-01",
      "EncodedRequestUri": "L3N1YnNjcmlwdGlvbnMvNjlhNzViZGEtODgyZS00NGQ1LTg0MzEtNjM0MjEyMDQxMzJhL3Byb3ZpZGVycy9NaWNyb3NvZnQuTmV0QXBwL2xvY2F0aW9ucy93ZXN0dXMyc3RhZ2Uvb3BlcmF0aW9uUmVzdWx0cy8zY2U4NDQyMS1kMmIwLTQyOTgtODBiNi0zNjllNzVjM2IwMGM/YXBpLXZlcnNpb249MjAxOS0xMC0wMQ==",
      "RequestMethod": "GET",
      "RequestBody": "",
      "RequestHeaders": {
        "User-Agent": [
          "FxVersion/4.6.27019.06",
          "OSName/Windows",
          "OSVersion/Microsoft.Windows.10.0.18362.",
          "Microsoft.Azure.Management.NetApp.AzureNetAppFilesManagementClient/1.3.0.0"
        ]
      },
      "ResponseHeaders": {
        "Cache-Control": [
          "no-cache"
        ],
        "Pragma": [
          "no-cache"
        ],
        "x-ms-request-id": [
          "2f1d318f-b89b-41cb-af73-4c72ac5dc169"
        ],
        "Request-Context": [
          "appId=cid-v1:2c4cb680-0a1f-424d-bb8d-8e650ba68d53"
        ],
        "Access-Control-Expose-Headers": [
          "Request-Context"
        ],
        "Server": [
          "Microsoft-IIS/10.0"
        ],
        "X-Powered-By": [
          "ASP.NET"
        ],
        "x-ms-ratelimit-remaining-subscription-reads": [
          "11999"
        ],
        "x-ms-correlation-request-id": [
          "60c8a0ef-ead7-4843-b8d9-6e805f654d0f"
        ],
        "x-ms-routing-request-id": [
          "SOUTHEASTASIA:20200103T203900Z:60c8a0ef-ead7-4843-b8d9-6e805f654d0f"
        ],
        "Strict-Transport-Security": [
          "max-age=31536000; includeSubDomains"
        ],
        "X-Content-Type-Options": [
          "nosniff"
        ],
        "Date": [
          "Fri, 03 Jan 2020 20:38:59 GMT"
        ],
        "Content-Length": [
          "518"
        ],
        "Content-Type": [
          "application/json; charset=utf-8"
        ],
        "Expires": [
          "-1"
        ]
      },
      "ResponseBody": "{\r\n  \"id\": \"/subscriptions/69a75bda-882e-44d5-8431-63421204132a/providers/Microsoft.NetApp/locations/westus2stage/operationResults/3ce84421-d2b0-4298-80b6-369e75c3b00c\",\r\n  \"name\": \"3ce84421-d2b0-4298-80b6-369e75c3b00c\",\r\n  \"status\": \"Succeeded\",\r\n  \"startTime\": \"2020-01-03T20:38:07.8963082Z\",\r\n  \"endTime\": \"2020-01-03T20:38:09.3650006Z\",\r\n  \"percentComplete\": 100.0,\r\n  \"properties\": {\r\n    \"resourceName\": \"/subscriptions/69a75bda-882e-44d5-8431-63421204132a/resourceGroups/sdk-net-test-qa2/providers/Microsoft.NetApp/netAppAccounts/sdk-net-tests-acc-20\"\r\n  }\r\n}",
      "StatusCode": 200
    },
    {
      "RequestUri": "/subscriptions/69a75bda-882e-44d5-8431-63421204132a/resourceGroups/sdk-net-test-qa2/providers/Microsoft.NetApp/netAppAccounts/sdk-net-tests-acc-20?api-version=2019-10-01",
      "EncodedRequestUri": "L3N1YnNjcmlwdGlvbnMvNjlhNzViZGEtODgyZS00NGQ1LTg0MzEtNjM0MjEyMDQxMzJhL3Jlc291cmNlR3JvdXBzL3Nkay1uZXQtdGVzdC1xYTIvcHJvdmlkZXJzL01pY3Jvc29mdC5OZXRBcHAvbmV0QXBwQWNjb3VudHMvc2RrLW5ldC10ZXN0cy1hY2MtMjA/YXBpLXZlcnNpb249MjAxOS0xMC0wMQ==",
      "RequestMethod": "GET",
      "RequestBody": "",
      "RequestHeaders": {
        "User-Agent": [
          "FxVersion/4.6.27019.06",
          "OSName/Windows",
          "OSVersion/Microsoft.Windows.10.0.18362.",
          "Microsoft.Azure.Management.NetApp.AzureNetAppFilesManagementClient/1.3.0.0"
        ]
      },
      "ResponseHeaders": {
        "Cache-Control": [
          "no-cache"
        ],
        "Pragma": [
          "no-cache"
        ],
        "ETag": [
          "W/\"datetime'2020-01-03T20%3A38%3A09.2525928Z'\""
        ],
        "x-ms-request-id": [
          "d8be233a-c2d5-41c1-8488-7c350d1dbc36"
        ],
        "Request-Context": [
          "appId=cid-v1:2c4cb680-0a1f-424d-bb8d-8e650ba68d53"
        ],
        "Access-Control-Expose-Headers": [
          "Request-Context"
        ],
        "Server": [
          "Microsoft-IIS/10.0"
        ],
        "X-Powered-By": [
          "ASP.NET"
        ],
        "x-ms-ratelimit-remaining-subscription-reads": [
          "11998"
        ],
        "x-ms-correlation-request-id": [
          "17b5093d-0482-4f0a-894a-2efd856841fa"
        ],
        "x-ms-routing-request-id": [
          "SOUTHEASTASIA:20200103T203900Z:17b5093d-0482-4f0a-894a-2efd856841fa"
        ],
        "Strict-Transport-Security": [
          "max-age=31536000; includeSubDomains"
        ],
        "X-Content-Type-Options": [
          "nosniff"
        ],
        "Date": [
          "Fri, 03 Jan 2020 20:38:59 GMT"
        ],
        "Content-Length": [
          "669"
        ],
        "Content-Type": [
          "application/json; charset=utf-8"
        ],
        "Expires": [
          "-1"
        ]
      },
      "ResponseBody": "{\r\n  \"id\": \"/subscriptions/69a75bda-882e-44d5-8431-63421204132a/resourceGroups/sdk-net-test-qa2/providers/Microsoft.NetApp/netAppAccounts/sdk-net-tests-acc-20\",\r\n  \"name\": \"sdk-net-tests-acc-20\",\r\n  \"type\": \"Microsoft.NetApp/netAppAccounts\",\r\n  \"etag\": \"W/\\\"datetime'2020-01-03T20%3A38%3A09.2525928Z'\\\"\",\r\n  \"location\": \"westus2stage\",\r\n  \"tags\": {\r\n    \"Tag1\": \"Value1\"\r\n  },\r\n  \"properties\": {\r\n    \"name\": \"sdk-net-tests-acc-20\",\r\n    \"provisioningState\": \"Succeeded\",\r\n    \"activeDirectories\": [\r\n      {\r\n        \"activeDirectoryId\": \"655ab244-808f-94d6-7975-81cf1be379bf\",\r\n        \"username\": \"sdkuser\",\r\n        \"password\": \"****************\",\r\n        \"domain\": \"sdkdomain\",\r\n        \"dns\": \"127.0.0.1\",\r\n        \"status\": \"Created\",\r\n        \"smbServerName\": \"SDKSMBSeNa\",\r\n        \"organizationalUnit\": \"CN=Computers\"\r\n      }\r\n    ]\r\n  }\r\n}",
      "StatusCode": 200
    },
    {
      "RequestUri": "/subscriptions/69a75bda-882e-44d5-8431-63421204132a/resourceGroups/sdk-net-test-qa2/providers/Microsoft.NetApp/netAppAccounts/sdk-net-tests-acc-20?api-version=2019-10-01",
      "EncodedRequestUri": "L3N1YnNjcmlwdGlvbnMvNjlhNzViZGEtODgyZS00NGQ1LTg0MzEtNjM0MjEyMDQxMzJhL3Jlc291cmNlR3JvdXBzL3Nkay1uZXQtdGVzdC1xYTIvcHJvdmlkZXJzL01pY3Jvc29mdC5OZXRBcHAvbmV0QXBwQWNjb3VudHMvc2RrLW5ldC10ZXN0cy1hY2MtMjA/YXBpLXZlcnNpb249MjAxOS0xMC0wMQ==",
      "RequestMethod": "DELETE",
      "RequestBody": "",
      "RequestHeaders": {
        "x-ms-client-request-id": [
          "0e6c9b70-aa66-4ce5-a189-01a8a306ba0c"
        ],
        "Accept-Language": [
          "en-US"
        ],
        "User-Agent": [
          "FxVersion/4.6.27019.06",
          "OSName/Windows",
          "OSVersion/Microsoft.Windows.10.0.18362.",
          "Microsoft.Azure.Management.NetApp.AzureNetAppFilesManagementClient/1.3.0.0"
        ]
      },
      "ResponseHeaders": {
        "Cache-Control": [
          "no-cache"
        ],
        "Pragma": [
          "no-cache"
        ],
        "Location": [
          "https://management.azure.com/subscriptions/69a75bda-882e-44d5-8431-63421204132a/providers/Microsoft.NetApp/locations/westus2stage/operationResults/6919fb91-b03e-46ea-a8c2-c174fba47966?api-version=2019-10-01&operationResultResponseType=Location"
        ],
        "Azure-AsyncOperation": [
          "https://management.azure.com/subscriptions/69a75bda-882e-44d5-8431-63421204132a/providers/Microsoft.NetApp/locations/westus2stage/operationResults/6919fb91-b03e-46ea-a8c2-c174fba47966?api-version=2019-10-01"
        ],
        "Request-Context": [
          "appId=cid-v1:2c4cb680-0a1f-424d-bb8d-8e650ba68d53"
        ],
        "Access-Control-Expose-Headers": [
          "Request-Context"
        ],
        "Server": [
          "Microsoft-IIS/10.0"
        ],
        "X-Powered-By": [
          "ASP.NET"
        ],
        "x-ms-ratelimit-remaining-subscription-deletes": [
          "14999"
        ],
        "x-ms-request-id": [
          "44cf64aa-0a08-49e5-b373-0abe6ae1435f"
        ],
        "x-ms-correlation-request-id": [
          "44cf64aa-0a08-49e5-b373-0abe6ae1435f"
        ],
        "x-ms-routing-request-id": [
          "SOUTHEASTASIA:20200103T203908Z:44cf64aa-0a08-49e5-b373-0abe6ae1435f"
        ],
        "Strict-Transport-Security": [
          "max-age=31536000; includeSubDomains"
        ],
        "X-Content-Type-Options": [
          "nosniff"
        ],
        "Date": [
          "Fri, 03 Jan 2020 20:39:08 GMT"
        ],
        "Expires": [
          "-1"
        ],
        "Content-Length": [
          "0"
        ]
      },
      "ResponseBody": "",
      "StatusCode": 202
    },
    {
      "RequestUri": "/subscriptions/69a75bda-882e-44d5-8431-63421204132a/providers/Microsoft.NetApp/locations/westus2stage/operationResults/6919fb91-b03e-46ea-a8c2-c174fba47966?api-version=2019-10-01",
      "EncodedRequestUri": "L3N1YnNjcmlwdGlvbnMvNjlhNzViZGEtODgyZS00NGQ1LTg0MzEtNjM0MjEyMDQxMzJhL3Byb3ZpZGVycy9NaWNyb3NvZnQuTmV0QXBwL2xvY2F0aW9ucy93ZXN0dXMyc3RhZ2Uvb3BlcmF0aW9uUmVzdWx0cy82OTE5ZmI5MS1iMDNlLTQ2ZWEtYThjMi1jMTc0ZmJhNDc5NjY/YXBpLXZlcnNpb249MjAxOS0xMC0wMQ==",
      "RequestMethod": "GET",
      "RequestBody": "",
      "RequestHeaders": {
        "User-Agent": [
          "FxVersion/4.6.27019.06",
          "OSName/Windows",
          "OSVersion/Microsoft.Windows.10.0.18362.",
          "Microsoft.Azure.Management.NetApp.AzureNetAppFilesManagementClient/1.3.0.0"
        ]
      },
      "ResponseHeaders": {
        "Cache-Control": [
          "no-cache"
        ],
        "Pragma": [
          "no-cache"
        ],
        "x-ms-request-id": [
          "aa6d9669-3dc8-4e98-b74b-d9cd32122ed4"
        ],
        "Request-Context": [
          "appId=cid-v1:2c4cb680-0a1f-424d-bb8d-8e650ba68d53"
        ],
        "Access-Control-Expose-Headers": [
          "Request-Context"
        ],
        "x-ms-ratelimit-remaining-subscription-reads": [
          "11997"
        ],
        "Server": [
          "Microsoft-IIS/10.0"
        ],
        "X-Powered-By": [
          "ASP.NET"
        ],
        "x-ms-correlation-request-id": [
          "6ee9d6ce-a79a-4c39-9e4d-8acbd17b4bdf"
        ],
        "x-ms-routing-request-id": [
          "SOUTHEASTASIA:20200103T203939Z:6ee9d6ce-a79a-4c39-9e4d-8acbd17b4bdf"
        ],
        "Strict-Transport-Security": [
          "max-age=31536000; includeSubDomains"
        ],
        "X-Content-Type-Options": [
          "nosniff"
        ],
        "Date": [
          "Fri, 03 Jan 2020 20:39:38 GMT"
        ],
        "Content-Length": [
          "518"
        ],
        "Content-Type": [
          "application/json; charset=utf-8"
        ],
        "Expires": [
          "-1"
        ]
      },
      "ResponseBody": "{\r\n  \"id\": \"/subscriptions/69a75bda-882e-44d5-8431-63421204132a/providers/Microsoft.NetApp/locations/westus2stage/operationResults/6919fb91-b03e-46ea-a8c2-c174fba47966\",\r\n  \"name\": \"6919fb91-b03e-46ea-a8c2-c174fba47966\",\r\n  \"status\": \"Succeeded\",\r\n  \"startTime\": \"2020-01-03T20:39:07.4953758Z\",\r\n  \"endTime\": \"2020-01-03T20:39:09.1829973Z\",\r\n  \"percentComplete\": 100.0,\r\n  \"properties\": {\r\n    \"resourceName\": \"/subscriptions/69a75bda-882e-44d5-8431-63421204132a/resourceGroups/sdk-net-test-qa2/providers/Microsoft.NetApp/netAppAccounts/sdk-net-tests-acc-20\"\r\n  }\r\n}",
      "StatusCode": 200
    },
    {
      "RequestUri": "/subscriptions/69a75bda-882e-44d5-8431-63421204132a/providers/Microsoft.NetApp/locations/westus2stage/operationResults/6919fb91-b03e-46ea-a8c2-c174fba47966?api-version=2019-10-01&operationResultResponseType=Location",
      "EncodedRequestUri": "L3N1YnNjcmlwdGlvbnMvNjlhNzViZGEtODgyZS00NGQ1LTg0MzEtNjM0MjEyMDQxMzJhL3Byb3ZpZGVycy9NaWNyb3NvZnQuTmV0QXBwL2xvY2F0aW9ucy93ZXN0dXMyc3RhZ2Uvb3BlcmF0aW9uUmVzdWx0cy82OTE5ZmI5MS1iMDNlLTQ2ZWEtYThjMi1jMTc0ZmJhNDc5NjY/YXBpLXZlcnNpb249MjAxOS0xMC0wMSZvcGVyYXRpb25SZXN1bHRSZXNwb25zZVR5cGU9TG9jYXRpb24=",
      "RequestMethod": "GET",
      "RequestBody": "",
      "RequestHeaders": {
        "User-Agent": [
          "FxVersion/4.6.27019.06",
          "OSName/Windows",
          "OSVersion/Microsoft.Windows.10.0.18362.",
          "Microsoft.Azure.Management.NetApp.AzureNetAppFilesManagementClient/1.3.0.0"
        ]
      },
      "ResponseHeaders": {
        "Cache-Control": [
          "no-cache"
        ],
        "Pragma": [
          "no-cache"
        ],
        "x-ms-request-id": [
          "687f0057-6a37-46c8-832b-942580432bd3"
        ],
        "Request-Context": [
          "appId=cid-v1:2c4cb680-0a1f-424d-bb8d-8e650ba68d53"
        ],
        "Access-Control-Expose-Headers": [
          "Request-Context"
        ],
        "Server": [
          "Microsoft-IIS/10.0"
        ],
        "X-Powered-By": [
          "ASP.NET"
        ],
        "x-ms-ratelimit-remaining-subscription-reads": [
          "11996"
        ],
        "x-ms-correlation-request-id": [
          "e722b1b4-f809-4c38-a7cc-5b8ff1792539"
        ],
        "x-ms-routing-request-id": [
          "SOUTHEASTASIA:20200103T203940Z:e722b1b4-f809-4c38-a7cc-5b8ff1792539"
        ],
        "Strict-Transport-Security": [
          "max-age=31536000; includeSubDomains"
        ],
        "X-Content-Type-Options": [
          "nosniff"
        ],
        "Date": [
          "Fri, 03 Jan 2020 20:39:39 GMT"
        ],
        "Content-Length": [
          "668"
        ],
        "Content-Type": [
          "application/json; charset=utf-8"
        ],
        "Expires": [
          "-1"
        ]
      },
      "ResponseBody": "{\r\n  \"id\": \"/subscriptions/69a75bda-882e-44d5-8431-63421204132a/resourceGroups/sdk-net-test-qa2/providers/Microsoft.NetApp/netAppAccounts/sdk-net-tests-acc-20\",\r\n  \"name\": \"sdk-net-tests-acc-20\",\r\n  \"type\": \"Microsoft.NetApp/netAppAccounts\",\r\n  \"etag\": \"W/\\\"datetime'2020-01-03T20%3A39%3A08.4168765Z'\\\"\",\r\n  \"location\": \"westus2stage\",\r\n  \"tags\": {\r\n    \"Tag1\": \"Value1\"\r\n  },\r\n  \"properties\": {\r\n    \"name\": \"sdk-net-tests-acc-20\",\r\n    \"provisioningState\": \"Deleting\",\r\n    \"activeDirectories\": [\r\n      {\r\n        \"activeDirectoryId\": \"655ab244-808f-94d6-7975-81cf1be379bf\",\r\n        \"username\": \"sdkuser\",\r\n        \"password\": \"****************\",\r\n        \"domain\": \"sdkdomain\",\r\n        \"dns\": \"127.0.0.1\",\r\n        \"status\": \"Created\",\r\n        \"smbServerName\": \"SDKSMBSeNa\",\r\n        \"organizationalUnit\": \"CN=Computers\"\r\n      }\r\n    ]\r\n  }\r\n}",
      "StatusCode": 200
    }
  ],
  "Names": {},
  "Variables": {
    "SubscriptionId": "69a75bda-882e-44d5-8431-63421204132a"
  }
}