{
  "Entries": [
    {
      "RequestUri": "/subscriptions/69a75bda-882e-44d5-8431-63421204132a/resourceGroups/sdk-net-test-qa2/providers/Microsoft.NetApp/netAppAccounts?api-version=2021-06-01",
      "EncodedRequestUri": "L3N1YnNjcmlwdGlvbnMvNjlhNzViZGEtODgyZS00NGQ1LTg0MzEtNjM0MjEyMDQxMzJhL3Jlc291cmNlR3JvdXBzL3Nkay1uZXQtdGVzdC1xYTIvcHJvdmlkZXJzL01pY3Jvc29mdC5OZXRBcHAvbmV0QXBwQWNjb3VudHM/YXBpLXZlcnNpb249MjAyMS0wNi0wMQ==",
      "RequestMethod": "GET",
      "RequestBody": "",
      "RequestHeaders": {
        "x-ms-client-request-id": [
          "2cdeec01-cd38-446b-ad5c-f6bf70254a21"
        ],
        "Accept-Language": [
          "en-US"
        ],
        "User-Agent": [
          "FxVersion/4.6.30321.06",
          "OSName/Windows",
          "OSVersion/Microsoft.Windows.10.0.19042.",
          "Microsoft.Azure.Management.NetApp.AzureNetAppFilesManagementClient/1.13.0.0"
        ]
      },
      "ResponseHeaders": {
        "Cache-Control": [
          "no-cache"
        ],
        "Pragma": [
          "no-cache"
        ],
        "x-ms-ratelimit-remaining-subscription-reads": [
          "11998"
        ],
        "x-ms-request-id": [
          "decf52f6-a44a-4f00-8541-c90b3720ad55"
        ],
        "x-ms-correlation-request-id": [
          "decf52f6-a44a-4f00-8541-c90b3720ad55"
        ],
        "x-ms-routing-request-id": [
          "UAECENTRAL:20210820T103108Z:decf52f6-a44a-4f00-8541-c90b3720ad55"
        ],
        "Strict-Transport-Security": [
          "max-age=31536000; includeSubDomains"
        ],
        "X-Content-Type-Options": [
          "nosniff"
        ],
        "Date": [
          "Fri, 20 Aug 2021 10:31:08 GMT"
        ],
        "Content-Type": [
          "application/json; charset=utf-8"
        ],
        "Expires": [
          "-1"
        ],
        "Content-Length": [
          "12"
        ]
      },
      "ResponseBody": "{\r\n  \"value\": []\r\n}",
      "StatusCode": 200
    },
    {
      "RequestUri": "/subscriptions/69a75bda-882e-44d5-8431-63421204132a/resourceGroups/sdk-net-test-qa2/providers/Microsoft.NetApp/netAppAccounts/sdk-net-tests-acc-212?api-version=2021-06-01",
      "EncodedRequestUri": "L3N1YnNjcmlwdGlvbnMvNjlhNzViZGEtODgyZS00NGQ1LTg0MzEtNjM0MjEyMDQxMzJhL3Jlc291cmNlR3JvdXBzL3Nkay1uZXQtdGVzdC1xYTIvcHJvdmlkZXJzL01pY3Jvc29mdC5OZXRBcHAvbmV0QXBwQWNjb3VudHMvc2RrLW5ldC10ZXN0cy1hY2MtMjEyP2FwaS12ZXJzaW9uPTIwMjEtMDYtMDE=",
      "RequestMethod": "PUT",
      "RequestBody": "{\r\n  \"location\": \"westus2\",\r\n  \"properties\": {\r\n    \"activeDirectories\": []\r\n  }\r\n}",
      "RequestHeaders": {
        "x-ms-client-request-id": [
          "83ffff95-cf1e-480b-b74a-42ad051f5ae9"
        ],
        "Accept-Language": [
          "en-US"
        ],
        "User-Agent": [
          "FxVersion/4.6.30321.06",
          "OSName/Windows",
          "OSVersion/Microsoft.Windows.10.0.19042.",
          "Microsoft.Azure.Management.NetApp.AzureNetAppFilesManagementClient/1.13.0.0"
        ],
        "Content-Type": [
          "application/json; charset=utf-8"
        ],
        "Content-Length": [
          "83"
        ]
      },
      "ResponseHeaders": {
        "Cache-Control": [
          "no-cache"
        ],
        "Pragma": [
          "no-cache"
        ],
        "ETag": [
          "W/\"datetime'2021-08-20T10%3A31%3A19.1994235Z'\""
        ],
        "x-ms-request-id": [
          "1430de9a-aae7-4d82-815b-156ddf5968a8"
        ],
        "Azure-AsyncOperation": [
          "https://management.azure.com/subscriptions/69a75bda-882e-44d5-8431-63421204132a/providers/Microsoft.NetApp/locations/westus2/operationResults/1accbf9a-2d16-47c2-8bf9-551033f5fb99?api-version=2021-06-01"
        ],
        "Server": [
          "Microsoft-IIS/10.0"
        ],
        "X-Powered-By": [
          "ASP.NET"
        ],
        "x-ms-ratelimit-remaining-subscription-writes": [
          "1199"
        ],
        "x-ms-correlation-request-id": [
          "5fa1ba5c-614e-414b-a54b-fb0dfc1cf1a4"
        ],
        "x-ms-routing-request-id": [
          "UAECENTRAL:20210820T103121Z:5fa1ba5c-614e-414b-a54b-fb0dfc1cf1a4"
        ],
        "Strict-Transport-Security": [
          "max-age=31536000; includeSubDomains"
        ],
        "X-Content-Type-Options": [
          "nosniff"
        ],
        "Date": [
          "Fri, 20 Aug 2021 10:31:20 GMT"
        ],
        "Content-Length": [
          "376"
        ],
        "Content-Type": [
          "application/json; charset=utf-8"
        ],
        "Expires": [
          "-1"
        ]
      },
      "ResponseBody": "{\r\n  \"id\": \"/subscriptions/69a75bda-882e-44d5-8431-63421204132a/resourceGroups/sdk-net-test-qa2/providers/Microsoft.NetApp/netAppAccounts/sdk-net-tests-acc-212\",\r\n  \"name\": \"sdk-net-tests-acc-212\",\r\n  \"type\": \"Microsoft.NetApp/netAppAccounts\",\r\n  \"etag\": \"W/\\\"datetime'2021-08-20T10%3A31%3A19.1994235Z'\\\"\",\r\n  \"location\": \"westus2\",\r\n  \"properties\": {\r\n    \"activeDirectories\": [],\r\n    \"provisioningState\": \"Creating\"\r\n  }\r\n}",
      "StatusCode": 201
    },
    {
      "RequestUri": "/subscriptions/69a75bda-882e-44d5-8431-63421204132a/providers/Microsoft.NetApp/locations/westus2/operationResults/1accbf9a-2d16-47c2-8bf9-551033f5fb99?api-version=2021-06-01",
      "EncodedRequestUri": "L3N1YnNjcmlwdGlvbnMvNjlhNzViZGEtODgyZS00NGQ1LTg0MzEtNjM0MjEyMDQxMzJhL3Byb3ZpZGVycy9NaWNyb3NvZnQuTmV0QXBwL2xvY2F0aW9ucy93ZXN0dXMyL29wZXJhdGlvblJlc3VsdHMvMWFjY2JmOWEtMmQxNi00N2MyLThiZjktNTUxMDMzZjVmYjk5P2FwaS12ZXJzaW9uPTIwMjEtMDYtMDE=",
      "RequestMethod": "GET",
      "RequestBody": "",
      "RequestHeaders": {
        "User-Agent": [
          "FxVersion/4.6.30321.06",
          "OSName/Windows",
          "OSVersion/Microsoft.Windows.10.0.19042.",
          "Microsoft.Azure.Management.NetApp.AzureNetAppFilesManagementClient/1.13.0.0"
        ]
      },
      "ResponseHeaders": {
        "Cache-Control": [
          "no-cache"
        ],
        "Pragma": [
          "no-cache"
        ],
        "x-ms-request-id": [
          "3b708533-ce1c-4629-a536-d6dfe16364a4"
        ],
        "Server": [
          "Microsoft-IIS/10.0"
        ],
        "X-Powered-By": [
          "ASP.NET"
        ],
        "x-ms-ratelimit-remaining-subscription-reads": [
          "11997"
        ],
        "x-ms-correlation-request-id": [
          "c36f7fa6-ac44-4989-b487-2dbc7d90465e"
        ],
        "x-ms-routing-request-id": [
          "UAECENTRAL:20210820T103151Z:c36f7fa6-ac44-4989-b487-2dbc7d90465e"
        ],
        "Strict-Transport-Security": [
          "max-age=31536000; includeSubDomains"
        ],
        "X-Content-Type-Options": [
          "nosniff"
        ],
        "Date": [
          "Fri, 20 Aug 2021 10:31:51 GMT"
        ],
        "Content-Length": [
          "514"
        ],
        "Content-Type": [
          "application/json; charset=utf-8"
        ],
        "Expires": [
          "-1"
        ]
      },
      "ResponseBody": "{\r\n  \"id\": \"/subscriptions/69a75bda-882e-44d5-8431-63421204132a/providers/Microsoft.NetApp/locations/westus2/operationResults/1accbf9a-2d16-47c2-8bf9-551033f5fb99\",\r\n  \"name\": \"1accbf9a-2d16-47c2-8bf9-551033f5fb99\",\r\n  \"status\": \"Succeeded\",\r\n  \"startTime\": \"2021-08-20T10:31:19.2074749Z\",\r\n  \"endTime\": \"2021-08-20T10:31:19.2774865Z\",\r\n  \"percentComplete\": 100.0,\r\n  \"properties\": {\r\n    \"resourceName\": \"/subscriptions/69a75bda-882e-44d5-8431-63421204132a/resourceGroups/sdk-net-test-qa2/providers/Microsoft.NetApp/netAppAccounts/sdk-net-tests-acc-212\"\r\n  }\r\n}",
      "StatusCode": 200
    },
    {
      "RequestUri": "/subscriptions/69a75bda-882e-44d5-8431-63421204132a/resourceGroups/sdk-net-test-qa2/providers/Microsoft.NetApp/netAppAccounts/sdk-net-tests-acc-212?api-version=2021-06-01",
      "EncodedRequestUri": "L3N1YnNjcmlwdGlvbnMvNjlhNzViZGEtODgyZS00NGQ1LTg0MzEtNjM0MjEyMDQxMzJhL3Jlc291cmNlR3JvdXBzL3Nkay1uZXQtdGVzdC1xYTIvcHJvdmlkZXJzL01pY3Jvc29mdC5OZXRBcHAvbmV0QXBwQWNjb3VudHMvc2RrLW5ldC10ZXN0cy1hY2MtMjEyP2FwaS12ZXJzaW9uPTIwMjEtMDYtMDE=",
      "RequestMethod": "GET",
      "RequestBody": "",
      "RequestHeaders": {
        "User-Agent": [
          "FxVersion/4.6.30321.06",
          "OSName/Windows",
          "OSVersion/Microsoft.Windows.10.0.19042.",
          "Microsoft.Azure.Management.NetApp.AzureNetAppFilesManagementClient/1.13.0.0"
        ]
      },
      "ResponseHeaders": {
        "Cache-Control": [
          "no-cache"
        ],
        "Pragma": [
          "no-cache"
        ],
        "ETag": [
          "W/\"datetime'2021-08-20T10%3A31%3A19.2700347Z'\""
        ],
        "x-ms-request-id": [
          "a8409074-cc9a-4f2f-9e67-b5833a055633"
        ],
        "Server": [
          "Microsoft-IIS/10.0"
        ],
        "X-Powered-By": [
          "ASP.NET"
        ],
        "x-ms-ratelimit-remaining-subscription-reads": [
          "11996"
        ],
        "x-ms-correlation-request-id": [
          "ed2cadbf-4bd7-431f-98cd-9f82d6537482"
        ],
        "x-ms-routing-request-id": [
          "UAECENTRAL:20210820T103152Z:ed2cadbf-4bd7-431f-98cd-9f82d6537482"
        ],
        "Strict-Transport-Security": [
          "max-age=31536000; includeSubDomains"
        ],
        "X-Content-Type-Options": [
          "nosniff"
        ],
        "Date": [
          "Fri, 20 Aug 2021 10:31:51 GMT"
        ],
        "Content-Length": [
          "423"
        ],
        "Content-Type": [
          "application/json; charset=utf-8"
        ],
        "Expires": [
          "-1"
        ]
      },
      "ResponseBody": "{\r\n  \"id\": \"/subscriptions/69a75bda-882e-44d5-8431-63421204132a/resourceGroups/sdk-net-test-qa2/providers/Microsoft.NetApp/netAppAccounts/sdk-net-tests-acc-212\",\r\n  \"name\": \"sdk-net-tests-acc-212\",\r\n  \"type\": \"Microsoft.NetApp/netAppAccounts\",\r\n  \"etag\": \"W/\\\"datetime'2021-08-20T10%3A31%3A19.2700347Z'\\\"\",\r\n  \"location\": \"westus2\",\r\n  \"properties\": {\r\n    \"activeDirectories\": [],\r\n    \"encryption\": {\r\n      \"keySource\": \"Microsoft.NetApp\"\r\n    },\r\n    \"provisioningState\": \"Succeeded\"\r\n  }\r\n}",
      "StatusCode": 200
    },
    {
      "RequestUri": "/subscriptions/69a75bda-882e-44d5-8431-63421204132a/resourceGroups/sdk-net-test-qa2/providers/Microsoft.NetApp/netAppAccounts/sdk-net-tests-acc-23?api-version=2021-06-01",
      "EncodedRequestUri": "L3N1YnNjcmlwdGlvbnMvNjlhNzViZGEtODgyZS00NGQ1LTg0MzEtNjM0MjEyMDQxMzJhL3Jlc291cmNlR3JvdXBzL3Nkay1uZXQtdGVzdC1xYTIvcHJvdmlkZXJzL01pY3Jvc29mdC5OZXRBcHAvbmV0QXBwQWNjb3VudHMvc2RrLW5ldC10ZXN0cy1hY2MtMjM/YXBpLXZlcnNpb249MjAyMS0wNi0wMQ==",
      "RequestMethod": "PUT",
      "RequestBody": "{\r\n  \"location\": \"westus2\",\r\n  \"properties\": {\r\n    \"activeDirectories\": []\r\n  }\r\n}",
      "RequestHeaders": {
        "x-ms-client-request-id": [
          "e5410d31-d799-424f-a3e8-faa55d5513d9"
        ],
        "Accept-Language": [
          "en-US"
        ],
        "User-Agent": [
          "FxVersion/4.6.30321.06",
          "OSName/Windows",
          "OSVersion/Microsoft.Windows.10.0.19042.",
          "Microsoft.Azure.Management.NetApp.AzureNetAppFilesManagementClient/1.13.0.0"
        ],
        "Content-Type": [
          "application/json; charset=utf-8"
        ],
        "Content-Length": [
          "83"
        ]
      },
      "ResponseHeaders": {
        "Cache-Control": [
          "no-cache"
        ],
        "Pragma": [
          "no-cache"
        ],
        "ETag": [
          "W/\"datetime'2021-08-20T10%3A32%3A00.3375654Z'\""
        ],
        "x-ms-request-id": [
          "e39e63fa-2133-40dd-bb12-3219f0b89e49"
        ],
        "Azure-AsyncOperation": [
          "https://management.azure.com/subscriptions/69a75bda-882e-44d5-8431-63421204132a/providers/Microsoft.NetApp/locations/westus2/operationResults/b7d0594e-c230-4a53-b2d7-0ae339b0957e?api-version=2021-06-01"
        ],
        "Server": [
          "Microsoft-IIS/10.0"
        ],
        "X-Powered-By": [
          "ASP.NET"
        ],
        "x-ms-ratelimit-remaining-subscription-writes": [
          "1198"
        ],
        "x-ms-correlation-request-id": [
          "8fe6d232-5d41-4918-bfe0-f32922c42903"
        ],
        "x-ms-routing-request-id": [
          "UAECENTRAL:20210820T103202Z:8fe6d232-5d41-4918-bfe0-f32922c42903"
        ],
        "Strict-Transport-Security": [
          "max-age=31536000; includeSubDomains"
        ],
        "X-Content-Type-Options": [
          "nosniff"
        ],
        "Date": [
          "Fri, 20 Aug 2021 10:32:01 GMT"
        ],
        "Content-Length": [
          "374"
        ],
        "Content-Type": [
          "application/json; charset=utf-8"
        ],
        "Expires": [
          "-1"
        ]
      },
      "ResponseBody": "{\r\n  \"id\": \"/subscriptions/69a75bda-882e-44d5-8431-63421204132a/resourceGroups/sdk-net-test-qa2/providers/Microsoft.NetApp/netAppAccounts/sdk-net-tests-acc-23\",\r\n  \"name\": \"sdk-net-tests-acc-23\",\r\n  \"type\": \"Microsoft.NetApp/netAppAccounts\",\r\n  \"etag\": \"W/\\\"datetime'2021-08-20T10%3A32%3A00.3375654Z'\\\"\",\r\n  \"location\": \"westus2\",\r\n  \"properties\": {\r\n    \"activeDirectories\": [],\r\n    \"provisioningState\": \"Creating\"\r\n  }\r\n}",
      "StatusCode": 201
    },
    {
      "RequestUri": "/subscriptions/69a75bda-882e-44d5-8431-63421204132a/providers/Microsoft.NetApp/locations/westus2/operationResults/b7d0594e-c230-4a53-b2d7-0ae339b0957e?api-version=2021-06-01",
      "EncodedRequestUri": "L3N1YnNjcmlwdGlvbnMvNjlhNzViZGEtODgyZS00NGQ1LTg0MzEtNjM0MjEyMDQxMzJhL3Byb3ZpZGVycy9NaWNyb3NvZnQuTmV0QXBwL2xvY2F0aW9ucy93ZXN0dXMyL29wZXJhdGlvblJlc3VsdHMvYjdkMDU5NGUtYzIzMC00YTUzLWIyZDctMGFlMzM5YjA5NTdlP2FwaS12ZXJzaW9uPTIwMjEtMDYtMDE=",
      "RequestMethod": "GET",
      "RequestBody": "",
      "RequestHeaders": {
        "User-Agent": [
          "FxVersion/4.6.30321.06",
          "OSName/Windows",
          "OSVersion/Microsoft.Windows.10.0.19042.",
          "Microsoft.Azure.Management.NetApp.AzureNetAppFilesManagementClient/1.13.0.0"
        ]
      },
      "ResponseHeaders": {
        "Cache-Control": [
          "no-cache"
        ],
        "Pragma": [
          "no-cache"
        ],
        "x-ms-request-id": [
          "78832a9e-7d43-44ec-b503-1c73642815e9"
        ],
        "Server": [
          "Microsoft-IIS/10.0"
        ],
        "X-Powered-By": [
          "ASP.NET"
        ],
        "x-ms-ratelimit-remaining-subscription-reads": [
          "11995"
        ],
        "x-ms-correlation-request-id": [
          "c9a6c7ba-dab6-47d3-a007-33e41d7efbef"
        ],
        "x-ms-routing-request-id": [
          "UAECENTRAL:20210820T103232Z:c9a6c7ba-dab6-47d3-a007-33e41d7efbef"
        ],
        "Strict-Transport-Security": [
          "max-age=31536000; includeSubDomains"
        ],
        "X-Content-Type-Options": [
          "nosniff"
        ],
        "Date": [
          "Fri, 20 Aug 2021 10:32:31 GMT"
        ],
        "Content-Length": [
          "513"
        ],
        "Content-Type": [
          "application/json; charset=utf-8"
        ],
        "Expires": [
          "-1"
        ]
      },
      "ResponseBody": "{\r\n  \"id\": \"/subscriptions/69a75bda-882e-44d5-8431-63421204132a/providers/Microsoft.NetApp/locations/westus2/operationResults/b7d0594e-c230-4a53-b2d7-0ae339b0957e\",\r\n  \"name\": \"b7d0594e-c230-4a53-b2d7-0ae339b0957e\",\r\n  \"status\": \"Succeeded\",\r\n  \"startTime\": \"2021-08-20T10:32:00.3420739Z\",\r\n  \"endTime\": \"2021-08-20T10:32:00.4020211Z\",\r\n  \"percentComplete\": 100.0,\r\n  \"properties\": {\r\n    \"resourceName\": \"/subscriptions/69a75bda-882e-44d5-8431-63421204132a/resourceGroups/sdk-net-test-qa2/providers/Microsoft.NetApp/netAppAccounts/sdk-net-tests-acc-23\"\r\n  }\r\n}",
      "StatusCode": 200
    },
    {
      "RequestUri": "/subscriptions/69a75bda-882e-44d5-8431-63421204132a/resourceGroups/sdk-net-test-qa2/providers/Microsoft.NetApp/netAppAccounts/sdk-net-tests-acc-23?api-version=2021-06-01",
      "EncodedRequestUri": "L3N1YnNjcmlwdGlvbnMvNjlhNzViZGEtODgyZS00NGQ1LTg0MzEtNjM0MjEyMDQxMzJhL3Jlc291cmNlR3JvdXBzL3Nkay1uZXQtdGVzdC1xYTIvcHJvdmlkZXJzL01pY3Jvc29mdC5OZXRBcHAvbmV0QXBwQWNjb3VudHMvc2RrLW5ldC10ZXN0cy1hY2MtMjM/YXBpLXZlcnNpb249MjAyMS0wNi0wMQ==",
      "RequestMethod": "GET",
      "RequestBody": "",
      "RequestHeaders": {
        "User-Agent": [
          "FxVersion/4.6.30321.06",
          "OSName/Windows",
          "OSVersion/Microsoft.Windows.10.0.19042.",
          "Microsoft.Azure.Management.NetApp.AzureNetAppFilesManagementClient/1.13.0.0"
        ]
      },
      "ResponseHeaders": {
        "Cache-Control": [
          "no-cache"
        ],
        "Pragma": [
          "no-cache"
        ],
        "ETag": [
          "W/\"datetime'2021-08-20T10%3A32%3A00.3965678Z'\""
        ],
        "x-ms-request-id": [
          "95c2a9f3-160c-4fb8-b8e5-bc6ecc12edf2"
        ],
        "Server": [
          "Microsoft-IIS/10.0"
        ],
        "X-Powered-By": [
          "ASP.NET"
        ],
        "x-ms-ratelimit-remaining-subscription-reads": [
          "11994"
        ],
        "x-ms-correlation-request-id": [
          "39283158-b63e-4624-96f1-a2cf2709958d"
        ],
        "x-ms-routing-request-id": [
          "UAECENTRAL:20210820T103233Z:39283158-b63e-4624-96f1-a2cf2709958d"
        ],
        "Strict-Transport-Security": [
          "max-age=31536000; includeSubDomains"
        ],
        "X-Content-Type-Options": [
          "nosniff"
        ],
        "Date": [
          "Fri, 20 Aug 2021 10:32:32 GMT"
        ],
        "Content-Length": [
          "421"
        ],
        "Content-Type": [
          "application/json; charset=utf-8"
        ],
        "Expires": [
          "-1"
        ]
      },
      "ResponseBody": "{\r\n  \"id\": \"/subscriptions/69a75bda-882e-44d5-8431-63421204132a/resourceGroups/sdk-net-test-qa2/providers/Microsoft.NetApp/netAppAccounts/sdk-net-tests-acc-23\",\r\n  \"name\": \"sdk-net-tests-acc-23\",\r\n  \"type\": \"Microsoft.NetApp/netAppAccounts\",\r\n  \"etag\": \"W/\\\"datetime'2021-08-20T10%3A32%3A00.3965678Z'\\\"\",\r\n  \"location\": \"westus2\",\r\n  \"properties\": {\r\n    \"activeDirectories\": [],\r\n    \"encryption\": {\r\n      \"keySource\": \"Microsoft.NetApp\"\r\n    },\r\n    \"provisioningState\": \"Succeeded\"\r\n  }\r\n}",
      "StatusCode": 200
    },
    {
      "RequestUri": "/subscriptions/69a75bda-882e-44d5-8431-63421204132a/providers/Microsoft.NetApp/netAppAccounts?api-version=2021-06-01",
      "EncodedRequestUri": "L3N1YnNjcmlwdGlvbnMvNjlhNzViZGEtODgyZS00NGQ1LTg0MzEtNjM0MjEyMDQxMzJhL3Byb3ZpZGVycy9NaWNyb3NvZnQuTmV0QXBwL25ldEFwcEFjY291bnRzP2FwaS12ZXJzaW9uPTIwMjEtMDYtMDE=",
      "RequestMethod": "GET",
      "RequestBody": "",
      "RequestHeaders": {
        "x-ms-client-request-id": [
          "646a460f-ed4d-40ef-855d-6cfe3f5b5e20"
        ],
        "Accept-Language": [
          "en-US"
        ],
        "User-Agent": [
          "FxVersion/4.6.30321.06",
          "OSName/Windows",
          "OSVersion/Microsoft.Windows.10.0.19042.",
          "Microsoft.Azure.Management.NetApp.AzureNetAppFilesManagementClient/1.13.0.0"
        ]
      },
      "ResponseHeaders": {
        "Cache-Control": [
          "no-cache"
        ],
        "Pragma": [
          "no-cache"
        ],
        "x-ms-original-request-ids": [
          "1c6186f5-074b-49b2-8d40-67a4da9e300e",
          "4d1bbcb7-b7e0-44e6-aaa9-fa68deb4d3e5",
          "8b267f9e-60d1-4b98-a8a8-797b46382185",
          "7a788ec6-cbea-4192-913a-92f472efb9cf",
          "95105daf-20c1-4bcf-aae3-389c213c4c39",
          "7f7e5a2e-25e8-49bb-adec-2ea2c2831793",
          "ebba4af1-3571-477e-92dd-845ccdf9eb48",
          "8ed6c487-914b-4e18-bcbc-75a355c14cc3",
          "5e1fdba3-279b-4761-8787-1799972f46c5",
          "fe2c9874-a066-4ae6-8433-4d102c69fdfb",
          "f13e6686-7fc2-4e03-a849-765863948bbf",
          "83527a49-c0ae-4456-8e30-41c402012e98",
          "2992fadf-a39b-433a-95f9-6f8d898a6e31",
          "5aea5da7-1e84-406f-8040-9bcf2e211ba2",
          "b252ef47-81eb-4e20-9858-a7ede8892185",
          "93bce783-eb83-4b8e-a9c8-66e4839ad48a",
          "431cc1f5-b18b-44bf-b5d4-95df23f04a21",
          "a99ed11f-b3a7-4e6c-a3c0-d79f5ef12f18"
        ],
        "x-ms-ratelimit-remaining-subscription-reads": [
          "11993"
        ],
        "x-ms-request-id": [
          "1ceb5169-81c8-4d82-ac4a-2fe63018f1d7"
        ],
        "x-ms-correlation-request-id": [
          "1ceb5169-81c8-4d82-ac4a-2fe63018f1d7"
        ],
        "x-ms-routing-request-id": [
          "UAECENTRAL:20210820T103240Z:1ceb5169-81c8-4d82-ac4a-2fe63018f1d7"
        ],
        "Strict-Transport-Security": [
          "max-age=31536000; includeSubDomains"
        ],
        "X-Content-Type-Options": [
          "nosniff"
        ],
        "Date": [
          "Fri, 20 Aug 2021 10:32:40 GMT"
        ],
        "Content-Type": [
          "application/json; charset=utf-8"
        ],
        "Expires": [
          "-1"
        ],
        "Content-Length": [
          "58920"
        ]
      },
      "ResponseBody": "{\r\n  \"value\": [\r\n    {\r\n      \"id\": \"/subscriptions/69a75bda-882e-44d5-8431-63421204132a/resourceGroups/darji-rg-wcus-002/providers/Microsoft.NetApp/netAppAccounts/darji-na-wcus-002\",\r\n      \"name\": \"darji-na-wcus-002\",\r\n      \"type\": \"Microsoft.NetApp/netAppAccounts\",\r\n      \"etag\": \"W/\\\"datetime'2020-02-20T20%3A17%3A40.4465898Z'\\\"\",\r\n      \"location\": \"westcentralus\",\r\n      \"properties\": {\r\n        \"provisioningState\": \"Succeeded\"\r\n      }\r\n    },\r\n    {\r\n      \"id\": \"/subscriptions/69a75bda-882e-44d5-8431-63421204132a/resourceGroups/fg-westcus/providers/Microsoft.NetApp/netAppAccounts/na-wesctus\",\r\n      \"name\": \"na-wesctus\",\r\n      \"type\": \"Microsoft.NetApp/netAppAccounts\",\r\n      \"etag\": \"W/\\\"datetime'2021-08-17T06%3A45%3A44.184541Z'\\\"\",\r\n      \"location\": \"westcentralus\",\r\n      \"properties\": {\r\n        \"encryption\": {\r\n          \"keySource\": \"Microsoft.NetApp\"\r\n        },\r\n        \"provisioningState\": \"Succeeded\"\r\n      }\r\n    },\r\n    {\r\n      \"id\": \"/subscriptions/69a75bda-882e-44d5-8431-63421204132a/resourceGroups/HANA-multivol-RC/providers/Microsoft.NetApp/netAppAccounts/NA-num-01\",\r\n      \"name\": \"NA-num-01\",\r\n      \"type\": \"Microsoft.NetApp/netAppAccounts\",\r\n      \"etag\": \"W/\\\"datetime'2020-08-12T12%3A36%3A23.9600673Z'\\\"\",\r\n      \"location\": \"westcentralus\",\r\n      \"properties\": {\r\n        \"provisioningState\": \"Succeeded\"\r\n      }\r\n    },\r\n    {\r\n      \"id\": \"/subscriptions/69a75bda-882e-44d5-8431-63421204132a/resourceGroups/HANA-multivol-RC/providers/Microsoft.NetApp/netAppAccounts/NA-num-03\",\r\n      \"name\": \"NA-num-03\",\r\n      \"type\": \"Microsoft.NetApp/netAppAccounts\",\r\n      \"etag\": \"W/\\\"datetime'2020-08-18T08%3A32%3A36.6019395Z'\\\"\",\r\n      \"location\": \"westcentralus\",\r\n      \"properties\": {\r\n        \"provisioningState\": \"Succeeded\"\r\n      }\r\n    },\r\n    {\r\n      \"id\": \"/subscriptions/69a75bda-882e-44d5-8431-63421204132a/resourceGroups/HANA-multivol-RC/providers/Microsoft.NetApp/netAppAccounts/NA-num-04\",\r\n      \"name\": \"NA-num-04\",\r\n      \"type\": \"Microsoft.NetApp/netAppAccounts\",\r\n      \"etag\": \"W/\\\"datetime'2020-08-18T08%3A33%3A28.1364073Z'\\\"\",\r\n      \"location\": \"westcentralus\",\r\n      \"properties\": {\r\n        \"provisioningState\": \"Succeeded\"\r\n      }\r\n    },\r\n    {\r\n      \"id\": \"/subscriptions/69a75bda-882e-44d5-8431-63421204132a/resourceGroups/HANA-multivol-RC/providers/Microsoft.NetApp/netAppAccounts/NA-num-06\",\r\n      \"name\": \"NA-num-06\",\r\n      \"type\": \"Microsoft.NetApp/netAppAccounts\",\r\n      \"etag\": \"W/\\\"datetime'2020-09-09T10%3A59%3A21.8630329Z'\\\"\",\r\n      \"location\": \"westcentralus\",\r\n      \"properties\": {\r\n        \"provisioningState\": \"Succeeded\"\r\n      }\r\n    },\r\n    {\r\n      \"id\": \"/subscriptions/69a75bda-882e-44d5-8431-63421204132a/resourceGroups/HANA-multivol-RC/providers/Microsoft.NetApp/netAppAccounts/NA-num-07\",\r\n      \"name\": \"NA-num-07\",\r\n      \"type\": \"Microsoft.NetApp/netAppAccounts\",\r\n      \"etag\": \"W/\\\"datetime'2020-09-09T11%3A01%3A19.396259Z'\\\"\",\r\n      \"location\": \"westcentralus\",\r\n      \"properties\": {\r\n        \"provisioningState\": \"Succeeded\"\r\n      }\r\n    },\r\n    {\r\n      \"id\": \"/subscriptions/69a75bda-882e-44d5-8431-63421204132a/resourceGroups/HANA-multivol-RC/providers/Microsoft.NetApp/netAppAccounts/NA-num-08\",\r\n      \"name\": \"NA-num-08\",\r\n      \"type\": \"Microsoft.NetApp/netAppAccounts\",\r\n      \"etag\": \"W/\\\"datetime'2020-09-09T11%3A02%3A31.4696265Z'\\\"\",\r\n      \"location\": \"westcentralus\",\r\n      \"properties\": {\r\n        \"provisioningState\": \"Succeeded\"\r\n      }\r\n    },\r\n    {\r\n      \"id\": \"/subscriptions/69a75bda-882e-44d5-8431-63421204132a/resourceGroups/Sara-Systemic/providers/Microsoft.NetApp/netAppAccounts/Sara-Systemic-NA\",\r\n      \"name\": \"Sara-Systemic-NA\",\r\n      \"type\": \"Microsoft.NetApp/netAppAccounts\",\r\n      \"etag\": \"W/\\\"datetime'2020-08-04T08%3A26%3A16.3620968Z'\\\"\",\r\n      \"location\": \"westcentralus\",\r\n      \"properties\": {\r\n        \"provisioningState\": \"Succeeded\"\r\n      }\r\n    },\r\n    {\r\n      \"id\": \"/subscriptions/69a75bda-882e-44d5-8431-63421204132a/resourceGroups/svlqa-cys-atm-rg3/providers/Microsoft.NetApp/netAppAccounts/anna-cys-rg3-na1\",\r\n      \"name\": \"anna-cys-rg3-na1\",\r\n      \"type\": \"Microsoft.NetApp/netAppAccounts\",\r\n      \"etag\": \"W/\\\"datetime'2021-06-22T00%3A44%3A59.1003075Z'\\\"\",\r\n      \"location\": \"westcentralus\",\r\n      \"properties\": {\r\n        \"encryption\": {\r\n          \"keySource\": \"Microsoft.NetApp\"\r\n        },\r\n        \"provisioningState\": \"Succeeded\"\r\n      }\r\n    },\r\n    {\r\n      \"id\": \"/subscriptions/69a75bda-882e-44d5-8431-63421204132a/resourceGroups/svlqa-wcus-atm-rg-2/providers/Microsoft.NetApp/netAppAccounts/anna-svlqa-wcus-na1\",\r\n      \"name\": \"anna-svlqa-wcus-na1\",\r\n      \"type\": \"Microsoft.NetApp/netAppAccounts\",\r\n      \"etag\": \"W/\\\"datetime'2021-05-25T21%3A46%3A19.9230712Z'\\\"\",\r\n      \"location\": \"westcentralus\",\r\n      \"properties\": {\r\n        \"encryption\": {\r\n          \"keySource\": \"Microsoft.NetApp\"\r\n        },\r\n        \"provisioningState\": \"Succeeded\"\r\n      }\r\n    },\r\n    {\r\n      \"id\": \"/subscriptions/69a75bda-882e-44d5-8431-63421204132a/resourceGroups/vaibhav-cys-qa2-rg3/providers/Microsoft.NetApp/netAppAccounts/vaibhavn-na1\",\r\n      \"name\": \"vaibhavn-na1\",\r\n      \"type\": \"Microsoft.NetApp/netAppAccounts\",\r\n      \"etag\": \"W/\\\"datetime'2021-06-22T21%3A59%3A25.0032942Z'\\\"\",\r\n      \"location\": \"westcentralus\",\r\n      \"properties\": {\r\n        \"encryption\": {\r\n          \"keySource\": \"Microsoft.NetApp\"\r\n        },\r\n        \"provisioningState\": \"Succeeded\"\r\n      }\r\n    },\r\n    {\r\n      \"id\": \"/subscriptions/69a75bda-882e-44d5-8431-63421204132a/resourceGroups/vansh-cys-resync-rg/providers/Microsoft.NetApp/netAppAccounts/vansh-cys-resync-acc\",\r\n      \"name\": \"vansh-cys-resync-acc\",\r\n      \"type\": \"Microsoft.NetApp/netAppAccounts\",\r\n      \"etag\": \"W/\\\"datetime'2021-04-30T22%3A33%3A48.5490653Z'\\\"\",\r\n      \"location\": \"westcentralus\",\r\n      \"properties\": {\r\n        \"provisioningState\": \"Succeeded\",\r\n        \"encryption\": {\r\n          \"keySource\": \"Microsoft.NetApp\"\r\n        }\r\n      }\r\n    },\r\n    {\r\n      \"id\": \"/subscriptions/69a75bda-882e-44d5-8431-63421204132a/resourceGroups/owenhotfix.rg/providers/Microsoft.NetApp/netAppAccounts/owenhotfix\",\r\n      \"name\": \"owenhotfix\",\r\n      \"type\": \"Microsoft.NetApp/netAppAccounts\",\r\n      \"etag\": \"W/\\\"datetime'2019-11-07T19%3A10%3A36.9130773Z'\\\"\",\r\n      \"location\": \"australiaeast\",\r\n      \"properties\": {\r\n        \"provisioningState\": \"Succeeded\"\r\n      }\r\n    },\r\n    {\r\n      \"id\": \"/subscriptions/69a75bda-882e-44d5-8431-63421204132a/resourceGroups/HANA-multivol-aust/providers/Microsoft.NetApp/netAppAccounts/NA-num-1\",\r\n      \"name\": \"NA-num-1\",\r\n      \"type\": \"Microsoft.NetApp/netAppAccounts\",\r\n      \"etag\": \"W/\\\"datetime'2020-05-15T23%3A03%3A23.8033634Z'\\\"\",\r\n      \"location\": \"australiasoutheast\",\r\n      \"properties\": {\r\n        \"provisioningState\": \"Succeeded\"\r\n      }\r\n    },\r\n    {\r\n      \"id\": \"/subscriptions/69a75bda-882e-44d5-8431-63421204132a/resourceGroups/HANA-multivol-aust/providers/Microsoft.NetApp/netAppAccounts/NA-num-10\",\r\n      \"name\": \"NA-num-10\",\r\n      \"type\": \"Microsoft.NetApp/netAppAccounts\",\r\n      \"etag\": \"W/\\\"datetime'2020-08-11T11%3A52%3A04.8630686Z'\\\"\",\r\n      \"location\": \"australiasoutheast\",\r\n      \"properties\": {\r\n        \"provisioningState\": \"Succeeded\"\r\n      }\r\n    },\r\n    {\r\n      \"id\": \"/subscriptions/69a75bda-882e-44d5-8431-63421204132a/resourceGroups/HANA-multivol-aust/providers/Microsoft.NetApp/netAppAccounts/NA-num-11\",\r\n      \"name\": \"NA-num-11\",\r\n      \"type\": \"Microsoft.NetApp/netAppAccounts\",\r\n      \"etag\": \"W/\\\"datetime'2020-08-12T12%3A33%3A48.7953607Z'\\\"\",\r\n      \"location\": \"australiasoutheast\",\r\n      \"properties\": {\r\n        \"provisioningState\": \"Succeeded\"\r\n      }\r\n    },\r\n    {\r\n      \"id\": \"/subscriptions/69a75bda-882e-44d5-8431-63421204132a/resourceGroups/HANA-multivol-aust/providers/Microsoft.NetApp/netAppAccounts/NA-num-2\",\r\n      \"name\": \"NA-num-2\",\r\n      \"type\": \"Microsoft.NetApp/netAppAccounts\",\r\n      \"etag\": \"W/\\\"datetime'2020-05-15T23%3A13%3A07.9030533Z'\\\"\",\r\n      \"location\": \"australiasoutheast\",\r\n      \"properties\": {\r\n        \"provisioningState\": \"Succeeded\"\r\n      }\r\n    },\r\n    {\r\n      \"id\": \"/subscriptions/69a75bda-882e-44d5-8431-63421204132a/resourceGroups/HANA-multivol-aust/providers/Microsoft.NetApp/netAppAccounts/NA-num-3\",\r\n      \"name\": \"NA-num-3\",\r\n      \"type\": \"Microsoft.NetApp/netAppAccounts\",\r\n      \"etag\": \"W/\\\"datetime'2020-05-15T23%3A15%3A43.2019045Z'\\\"\",\r\n      \"location\": \"australiasoutheast\",\r\n      \"properties\": {\r\n        \"provisioningState\": \"Succeeded\"\r\n      }\r\n    },\r\n    {\r\n      \"id\": \"/subscriptions/69a75bda-882e-44d5-8431-63421204132a/resourceGroups/HANA-multivol-aust/providers/Microsoft.NetApp/netAppAccounts/NA-num-4\",\r\n      \"name\": \"NA-num-4\",\r\n      \"type\": \"Microsoft.NetApp/netAppAccounts\",\r\n      \"etag\": \"W/\\\"datetime'2020-05-16T05%3A12%3A39.9725671Z'\\\"\",\r\n      \"location\": \"australiasoutheast\",\r\n      \"properties\": {\r\n        \"provisioningState\": \"Succeeded\"\r\n      }\r\n    },\r\n    {\r\n      \"id\": \"/subscriptions/69a75bda-882e-44d5-8431-63421204132a/resourceGroups/HANA-multivol-aust/providers/Microsoft.NetApp/netAppAccounts/NA-num-5\",\r\n      \"name\": \"NA-num-5\",\r\n      \"type\": \"Microsoft.NetApp/netAppAccounts\",\r\n      \"etag\": \"W/\\\"datetime'2020-05-16T05%3A13%3A39.2696809Z'\\\"\",\r\n      \"location\": \"australiasoutheast\",\r\n      \"properties\": {\r\n        \"provisioningState\": \"Succeeded\"\r\n      }\r\n    },\r\n    {\r\n      \"id\": \"/subscriptions/69a75bda-882e-44d5-8431-63421204132a/resourceGroups/HANA-multivol-aust/providers/Microsoft.NetApp/netAppAccounts/NA-num-6\",\r\n      \"name\": \"NA-num-6\",\r\n      \"type\": \"Microsoft.NetApp/netAppAccounts\",\r\n      \"etag\": \"W/\\\"datetime'2020-08-11T11%3A47%3A38.094556Z'\\\"\",\r\n      \"location\": \"australiasoutheast\",\r\n      \"properties\": {\r\n        \"provisioningState\": \"Succeeded\"\r\n      }\r\n    },\r\n    {\r\n      \"id\": \"/subscriptions/69a75bda-882e-44d5-8431-63421204132a/resourceGroups/HANA-multivol-aust/providers/Microsoft.NetApp/netAppAccounts/NA-num-7\",\r\n      \"name\": \"NA-num-7\",\r\n      \"type\": \"Microsoft.NetApp/netAppAccounts\",\r\n      \"etag\": \"W/\\\"datetime'2020-08-11T11%3A48%3A58.7178312Z'\\\"\",\r\n      \"location\": \"australiasoutheast\",\r\n      \"properties\": {\r\n        \"provisioningState\": \"Succeeded\"\r\n      }\r\n    },\r\n    {\r\n      \"id\": \"/subscriptions/69a75bda-882e-44d5-8431-63421204132a/resourceGroups/HANA-multivol-aust/providers/Microsoft.NetApp/netAppAccounts/NA-num-8\",\r\n      \"name\": \"NA-num-8\",\r\n      \"type\": \"Microsoft.NetApp/netAppAccounts\",\r\n      \"etag\": \"W/\\\"datetime'2020-08-11T11%3A50%3A12.2500644Z'\\\"\",\r\n      \"location\": \"australiasoutheast\",\r\n      \"properties\": {\r\n        \"provisioningState\": \"Succeeded\"\r\n      }\r\n    },\r\n    {\r\n      \"id\": \"/subscriptions/69a75bda-882e-44d5-8431-63421204132a/resourceGroups/HANA-multivol-aust/providers/Microsoft.NetApp/netAppAccounts/NA-num-9\",\r\n      \"name\": \"NA-num-9\",\r\n      \"type\": \"Microsoft.NetApp/netAppAccounts\",\r\n      \"etag\": \"W/\\\"datetime'2020-08-11T11%3A50%3A45.3355704Z'\\\"\",\r\n      \"location\": \"australiasoutheast\",\r\n      \"properties\": {\r\n        \"provisioningState\": \"Succeeded\"\r\n      }\r\n    },\r\n    {\r\n      \"id\": \"/subscriptions/69a75bda-882e-44d5-8431-63421204132a/resourceGroups/Sharma_RG/providers/Microsoft.NetApp/netAppAccounts/sharma_nac\",\r\n      \"name\": \"sharma_nac\",\r\n      \"type\": \"Microsoft.NetApp/netAppAccounts\",\r\n      \"etag\": \"W/\\\"datetime'2021-06-28T15%3A26%3A25.8185768Z'\\\"\",\r\n      \"location\": \"canadaeast\",\r\n      \"properties\": {\r\n        \"provisioningState\": \"Succeeded\",\r\n        \"encryption\": {\r\n          \"keySource\": \"Microsoft.NetApp\"\r\n        }\r\n      }\r\n    },\r\n    {\r\n      \"id\": \"/subscriptions/69a75bda-882e-44d5-8431-63421204132a/resourceGroups/Sharma_RG/providers/Microsoft.NetApp/netAppAccounts/Sharma_Nac_2\",\r\n      \"name\": \"Sharma_Nac_2\",\r\n      \"type\": \"Microsoft.NetApp/netAppAccounts\",\r\n      \"etag\": \"W/\\\"datetime'2021-06-28T15%3A29%3A16.4161503Z'\\\"\",\r\n      \"location\": \"canadaeast\",\r\n      \"properties\": {\r\n        \"provisioningState\": \"Succeeded\",\r\n        \"encryption\": {\r\n          \"keySource\": \"Microsoft.NetApp\"\r\n        }\r\n      }\r\n    },\r\n    {\r\n      \"id\": \"/subscriptions/69a75bda-882e-44d5-8431-63421204132a/resourceGroups/vansh-central-india-rg-001/providers/Microsoft.NetApp/netAppAccounts/vansh-central-india-account\",\r\n      \"name\": \"vansh-central-india-account\",\r\n      \"type\": \"Microsoft.NetApp/netAppAccounts\",\r\n      \"etag\": \"W/\\\"datetime'2021-03-09T22%3A07%3A14.2998678Z'\\\"\",\r\n      \"location\": \"centralindia\",\r\n      \"properties\": {\r\n        \"provisioningState\": \"Succeeded\",\r\n        \"encryption\": {\r\n          \"keySource\": \"Microsoft.NetApp\"\r\n        }\r\n      }\r\n    },\r\n    {\r\n      \"id\": \"/subscriptions/69a75bda-882e-44d5-8431-63421204132a/resourceGroups/vansh-centralus-rg-001/providers/Microsoft.NetApp/netAppAccounts/vansh-centralus-account\",\r\n      \"name\": \"vansh-centralus-account\",\r\n      \"type\": \"Microsoft.NetApp/netAppAccounts\",\r\n      \"etag\": \"W/\\\"datetime'2021-03-04T20%3A40%3A17.9127519Z'\\\"\",\r\n      \"location\": \"centralus\",\r\n      \"properties\": {\r\n        \"provisioningState\": \"Succeeded\",\r\n        \"encryption\": {\r\n          \"keySource\": \"Microsoft.NetApp\"\r\n        }\r\n      }\r\n    },\r\n    {\r\n      \"id\": \"/subscriptions/69a75bda-882e-44d5-8431-63421204132a/resourceGroups/vn_svl02_rg/providers/Microsoft.NetApp/netAppAccounts/vn_na_svl02\",\r\n      \"name\": \"vn_na_svl02\",\r\n      \"type\": \"Microsoft.NetApp/netAppAccounts\",\r\n      \"etag\": \"W/\\\"datetime'2021-02-08T03%3A13%3A05.2771062Z'\\\"\",\r\n      \"location\": \"centralus\",\r\n      \"properties\": {\r\n        \"provisioningState\": \"Succeeded\",\r\n        \"encryption\": {\r\n          \"keySource\": \"Microsoft.NetApp\"\r\n        }\r\n      }\r\n    },\r\n    {\r\n      \"id\": \"/subscriptions/69a75bda-882e-44d5-8431-63421204132a/resourceGroups/ab_sdk_test_rg/providers/Microsoft.NetApp/netAppAccounts/adHocTestAcc\",\r\n      \"name\": \"adHocTestAcc\",\r\n      \"type\": \"Microsoft.NetApp/netAppAccounts\",\r\n      \"etag\": \"W/\\\"datetime'2021-02-19T16%3A01%3A10.4977958Z'\\\"\",\r\n      \"location\": \"eastus\",\r\n      \"properties\": {\r\n        \"provisioningState\": \"Succeeded\",\r\n        \"encryption\": {\r\n          \"keySource\": \"Microsoft.NetApp\"\r\n        }\r\n      }\r\n    },\r\n    {\r\n      \"id\": \"/subscriptions/69a75bda-882e-44d5-8431-63421204132a/resourceGroups/cli_netappf_test_volume2_dw3h2m7jv7i4yfeqjmkbvb7hti4dcffb44vnewizvysewrogrb/providers/Microsoft.NetApp/netAppAccounts/cli-acc-cizxrqgczfwi56sx\",\r\n      \"name\": \"cli-acc-cizxrqgczfwi56sx\",\r\n      \"type\": \"Microsoft.NetApp/netAppAccounts\",\r\n      \"etag\": \"W/\\\"datetime'2020-11-04T09%3A17%3A43.7162309Z'\\\"\",\r\n      \"location\": \"eastus\",\r\n      \"properties\": {\r\n        \"provisioningState\": \"Succeeded\"\r\n      }\r\n    },\r\n    {\r\n      \"id\": \"/subscriptions/69a75bda-882e-44d5-8431-63421204132a/resourceGroups/cli_netappf_test_volume2_p7i5wkingnlcoqmllhb3tj5wooorxnyldbhyzclut4uoz4d6sw/providers/Microsoft.NetApp/netAppAccounts/cli-acc-tg7mi2q4k7dzstgk\",\r\n      \"name\": \"cli-acc-tg7mi2q4k7dzstgk\",\r\n      \"type\": \"Microsoft.NetApp/netAppAccounts\",\r\n      \"etag\": \"W/\\\"datetime'2020-11-04T08%3A56%3A02.3474171Z'\\\"\",\r\n      \"location\": \"eastus\",\r\n      \"properties\": {\r\n        \"provisioningState\": \"Succeeded\"\r\n      }\r\n    },\r\n    {\r\n      \"id\": \"/subscriptions/69a75bda-882e-44d5-8431-63421204132a/resourceGroups/cli_netappf_test_volume2_qodvrzgaxz437stwe3uh6wpv5f4dacb4uqmrapuraiwc3q3dh5/providers/Microsoft.NetApp/netAppAccounts/cli-acc-eevzbbyoed65zwcd\",\r\n      \"name\": \"cli-acc-eevzbbyoed65zwcd\",\r\n      \"type\": \"Microsoft.NetApp/netAppAccounts\",\r\n      \"etag\": \"W/\\\"datetime'2020-11-04T10%3A00%3A03.6323447Z'\\\"\",\r\n      \"location\": \"eastus\",\r\n      \"properties\": {\r\n        \"provisioningState\": \"Succeeded\"\r\n      }\r\n    },\r\n    {\r\n      \"id\": \"/subscriptions/69a75bda-882e-44d5-8431-63421204132a/resourceGroups/cli_netappfiles_test_volume2_q2mwomiywojvh4ov7xgxl3tr4x6jqdtsxja7bkf5ckic2d/providers/Microsoft.NetApp/netAppAccounts/cli-acc-taybghrzeigoqzk4\",\r\n      \"name\": \"cli-acc-taybghrzeigoqzk4\",\r\n      \"type\": \"Microsoft.NetApp/netAppAccounts\",\r\n      \"etag\": \"W/\\\"datetime'2021-03-09T14%3A35%3A49.0196977Z'\\\"\",\r\n      \"location\": \"eastus\",\r\n      \"properties\": {\r\n        \"provisioningState\": \"Succeeded\",\r\n        \"encryption\": {\r\n          \"keySource\": \"Microsoft.NetApp\"\r\n        }\r\n      }\r\n    },\r\n    {\r\n      \"id\": \"/subscriptions/69a75bda-882e-44d5-8431-63421204132a/resourceGroups/Hotfix61Test6-eastus/providers/Microsoft.NetApp/netAppAccounts/TestAcc1-20191108\",\r\n      \"name\": \"TestAcc1-20191108\",\r\n      \"type\": \"Microsoft.NetApp/netAppAccounts\",\r\n      \"etag\": \"W/\\\"datetime'2019-11-08T19%3A57%3A25.2096691Z'\\\"\",\r\n      \"location\": \"eastus\",\r\n      \"tags\": {\r\n        \"Owner\": \"NICEQA\",\r\n        \"Info\": \"11/08/2019 19:57:23\"\r\n      },\r\n      \"properties\": {\r\n        \"provisioningState\": \"Succeeded\"\r\n      }\r\n    },\r\n    {\r\n      \"id\": \"/subscriptions/69a75bda-882e-44d5-8431-63421204132a/resourceGroups/QA-CVRG1-eastus/providers/Microsoft.NetApp/netAppAccounts/ANFAccount\",\r\n      \"name\": \"ANFAccount\",\r\n      \"type\": \"Microsoft.NetApp/netAppAccounts\",\r\n      \"etag\": \"W/\\\"datetime'2019-07-31T11%3A46%3A20.4561615Z'\\\"\",\r\n      \"location\": \"eastus\",\r\n      \"tags\": {\r\n        \"Owner\": \"NICEQA\",\r\n        \"Info\": \"07/31/2019 11:46:14\"\r\n      },\r\n      \"properties\": {\r\n        \"provisioningState\": \"Succeeded\"\r\n      }\r\n    },\r\n    {\r\n      \"id\": \"/subscriptions/69a75bda-882e-44d5-8431-63421204132a/resourceGroups/QARG-b454278c-0977-4e14-8198-2fe3aa9c35b8/providers/Microsoft.NetApp/netAppAccounts/QANetAppFilesAccount-0\",\r\n      \"name\": \"QANetAppFilesAccount-0\",\r\n      \"type\": \"Microsoft.NetApp/netAppAccounts\",\r\n      \"etag\": \"W/\\\"datetime'2018-10-17T11%3A03%3A32.5162324Z'\\\"\",\r\n      \"location\": \"eastus\",\r\n      \"tags\": {\r\n        \"DeploymentMethod\": \"VisualStudioOnline\"\r\n      },\r\n      \"properties\": {\r\n        \"provisioningState\": \"Succeeded\"\r\n      }\r\n    },\r\n    {\r\n      \"id\": \"/subscriptions/69a75bda-882e-44d5-8431-63421204132a/resourceGroups/sdk-java-crr-sample-tests-secondary-rg/providers/Microsoft.NetApp/netAppAccounts/Anf-Secondary-Test-Account\",\r\n      \"name\": \"Anf-Secondary-Test-Account\",\r\n      \"type\": \"Microsoft.NetApp/netAppAccounts\",\r\n      \"etag\": \"W/\\\"datetime'2021-08-19T09%3A35%3A08.9358533Z'\\\"\",\r\n      \"location\": \"eastus\",\r\n      \"properties\": {\r\n        \"encryption\": {\r\n          \"keySource\": \"Microsoft.NetApp\"\r\n        },\r\n        \"provisioningState\": \"Succeeded\"\r\n      }\r\n    },\r\n    {\r\n      \"id\": \"/subscriptions/69a75bda-882e-44d5-8431-63421204132a/resourceGroups/vansh-eastus-resync-rg-2/providers/Microsoft.NetApp/netAppAccounts/vansh-eastus-resync-acc-2\",\r\n      \"name\": \"vansh-eastus-resync-acc-2\",\r\n      \"type\": \"Microsoft.NetApp/netAppAccounts\",\r\n      \"etag\": \"W/\\\"datetime'2021-05-08T00%3A12%3A19.3965084Z'\\\"\",\r\n      \"location\": \"eastus\",\r\n      \"properties\": {\r\n        \"provisioningState\": \"Succeeded\",\r\n        \"encryption\": {\r\n          \"keySource\": \"Microsoft.NetApp\"\r\n        }\r\n      }\r\n    },\r\n    {\r\n      \"id\": \"/subscriptions/69a75bda-882e-44d5-8431-63421204132a/resourceGroups/vansh-eastus-rg-001/providers/Microsoft.NetApp/netAppAccounts/vansh-eastus-account\",\r\n      \"name\": \"vansh-eastus-account\",\r\n      \"type\": \"Microsoft.NetApp/netAppAccounts\",\r\n      \"etag\": \"W/\\\"datetime'2021-03-04T22%3A01%3A03.0510713Z'\\\"\",\r\n      \"location\": \"eastus\",\r\n      \"properties\": {\r\n        \"provisioningState\": \"Succeeded\",\r\n        \"encryption\": {\r\n          \"keySource\": \"Microsoft.NetApp\"\r\n        }\r\n      }\r\n    },\r\n    {\r\n      \"id\": \"/subscriptions/69a75bda-882e-44d5-8431-63421204132a/resourceGroups/api-test/providers/Microsoft.NetApp/netAppAccounts/scale-test-BFKAoIpfcCeeQyzgNyzPgNIuHGMxMtJsJQFmbkCN\",\r\n      \"name\": \"scale-test-BFKAoIpfcCeeQyzgNyzPgNIuHGMxMtJsJQFmbkCN\",\r\n      \"type\": \"Microsoft.NetApp/netAppAccounts\",\r\n      \"etag\": \"W/\\\"datetime'2019-05-24T15%3A38%3A44.8084405Z'\\\"\",\r\n      \"location\": \"eastus2\",\r\n      \"properties\": {\r\n        \"provisioningState\": \"Succeeded\"\r\n      }\r\n    },\r\n    {\r\n      \"id\": \"/subscriptions/69a75bda-882e-44d5-8431-63421204132a/resourceGroups/cli_netappfiles_test_backup_7o7gn2uqxb3v4zoqwyfhi4k2zaochbqjsb7rqr2we6mncvt/providers/Microsoft.NetApp/netAppAccounts/cli-acc-ken3mnzh4crajwso\",\r\n      \"name\": \"cli-acc-ken3mnzh4crajwso\",\r\n      \"type\": \"Microsoft.NetApp/netAppAccounts\",\r\n      \"etag\": \"W/\\\"datetime'2021-02-11T08%3A44%3A21.8398884Z'\\\"\",\r\n      \"location\": \"eastus2euap\",\r\n      \"properties\": {\r\n        \"provisioningState\": \"Succeeded\",\r\n        \"encryption\": {\r\n          \"keySource\": \"Microsoft.NetApp\"\r\n        }\r\n      }\r\n    },\r\n    {\r\n      \"id\": \"/subscriptions/69a75bda-882e-44d5-8431-63421204132a/resourceGroups/cli_netappfiles_test_backup_b7lmfhugptftj7ylhjjwiel5f7m2oiehtcptcie6vinqroh/providers/Microsoft.NetApp/netAppAccounts/cli-acc-73qcrxd24hkadeqx\",\r\n      \"name\": \"cli-acc-73qcrxd24hkadeqx\",\r\n      \"type\": \"Microsoft.NetApp/netAppAccounts\",\r\n      \"etag\": \"W/\\\"datetime'2021-02-25T10%3A41%3A59.5654006Z'\\\"\",\r\n      \"location\": \"eastus2euap\",\r\n      \"properties\": {\r\n        \"provisioningState\": \"Succeeded\",\r\n        \"encryption\": {\r\n          \"keySource\": \"Microsoft.NetApp\"\r\n        }\r\n      }\r\n    },\r\n    {\r\n      \"id\": \"/subscriptions/69a75bda-882e-44d5-8431-63421204132a/resourceGroups/cli_netappfiles_test_backup_fq4vkyfmkxykib6arf4hgudgefiirnnflpi2brzn3tcru4f/providers/Microsoft.NetApp/netAppAccounts/cli-acc-iweifefb35poxc3b\",\r\n      \"name\": \"cli-acc-iweifefb35poxc3b\",\r\n      \"type\": \"Microsoft.NetApp/netAppAccounts\",\r\n      \"etag\": \"W/\\\"datetime'2021-02-26T09%3A29%3A44.0421429Z'\\\"\",\r\n      \"location\": \"eastus2euap\",\r\n      \"properties\": {\r\n        \"provisioningState\": \"Succeeded\",\r\n        \"encryption\": {\r\n          \"keySource\": \"Microsoft.NetApp\"\r\n        }\r\n      }\r\n    },\r\n    {\r\n      \"id\": \"/subscriptions/69a75bda-882e-44d5-8431-63421204132a/resourceGroups/cli_netappfiles_test_backup_geuewla5ljlqjmcqyh7gi4iveu7376rhqygpdabuxhk2gj7/providers/Microsoft.NetApp/netAppAccounts/cli-acc-justqiwxghqojoj2\",\r\n      \"name\": \"cli-acc-justqiwxghqojoj2\",\r\n      \"type\": \"Microsoft.NetApp/netAppAccounts\",\r\n      \"etag\": \"W/\\\"datetime'2021-02-26T08%3A54%3A23.842397Z'\\\"\",\r\n      \"location\": \"eastus2euap\",\r\n      \"properties\": {\r\n        \"provisioningState\": \"Succeeded\",\r\n        \"encryption\": {\r\n          \"keySource\": \"Microsoft.NetApp\"\r\n        }\r\n      }\r\n    },\r\n    {\r\n      \"id\": \"/subscriptions/69a75bda-882e-44d5-8431-63421204132a/resourceGroups/cli_netappfiles_test_backup_lvzrhwyummrwqrkvwqa43tefzclwjmou3u6jlxdgiukaa5y/providers/Microsoft.NetApp/netAppAccounts/cli-acc-bvygrl7paot726y5\",\r\n      \"name\": \"cli-acc-bvygrl7paot726y5\",\r\n      \"type\": \"Microsoft.NetApp/netAppAccounts\",\r\n      \"etag\": \"W/\\\"datetime'2021-02-26T08%3A44%3A12.7815612Z'\\\"\",\r\n      \"location\": \"eastus2euap\",\r\n      \"properties\": {\r\n        \"provisioningState\": \"Succeeded\",\r\n        \"encryption\": {\r\n          \"keySource\": \"Microsoft.NetApp\"\r\n        }\r\n      }\r\n    },\r\n    {\r\n      \"id\": \"/subscriptions/69a75bda-882e-44d5-8431-63421204132a/resourceGroups/cli_netappfiles_test_backup_refkc5zlvtfhcsx6rqzo6unspcccwiz3ijrtfn3rwzl6x5m/providers/Microsoft.NetApp/netAppAccounts/cli-acc-kbt4b4sjxzuttxul\",\r\n      \"name\": \"cli-acc-kbt4b4sjxzuttxul\",\r\n      \"type\": \"Microsoft.NetApp/netAppAccounts\",\r\n      \"etag\": \"W/\\\"datetime'2021-02-11T08%3A58%3A39.9148418Z'\\\"\",\r\n      \"location\": \"eastus2euap\",\r\n      \"properties\": {\r\n        \"provisioningState\": \"Succeeded\",\r\n        \"encryption\": {\r\n          \"keySource\": \"Microsoft.NetApp\"\r\n        }\r\n      }\r\n    },\r\n    {\r\n      \"id\": \"/subscriptions/69a75bda-882e-44d5-8431-63421204132a/resourceGroups/darji-rg-euap-002/providers/Microsoft.NetApp/netAppAccounts/darji-na-euap-002\",\r\n      \"name\": \"darji-na-euap-002\",\r\n      \"type\": \"Microsoft.NetApp/netAppAccounts\",\r\n      \"etag\": \"W/\\\"datetime'2020-03-06T12%3A20%3A34.6113489Z'\\\"\",\r\n      \"location\": \"eastus2euap\",\r\n      \"properties\": {\r\n        \"provisioningState\": \"Succeeded\"\r\n      }\r\n    },\r\n    {\r\n      \"id\": \"/subscriptions/69a75bda-882e-44d5-8431-63421204132a/resourceGroups/euap_sjain_svlqa_02/providers/Microsoft.NetApp/netAppAccounts/sjainaug11na\",\r\n      \"name\": \"sjainaug11na\",\r\n      \"type\": \"Microsoft.NetApp/netAppAccounts\",\r\n      \"etag\": \"W/\\\"datetime'2021-08-11T21%3A19%3A47.7137Z'\\\"\",\r\n      \"location\": \"eastus2euap\",\r\n      \"properties\": {\r\n        \"encryption\": {\r\n          \"keySource\": \"Microsoft.NetApp\"\r\n        },\r\n        \"provisioningState\": \"Succeeded\"\r\n      }\r\n    },\r\n    {\r\n      \"id\": \"/subscriptions/69a75bda-882e-44d5-8431-63421204132a/resourceGroups/fg-nb-rg-qa02/providers/Microsoft.NetApp/netAppAccounts/fg-nb-na-qa02\",\r\n      \"name\": \"fg-nb-na-qa02\",\r\n      \"type\": \"Microsoft.NetApp/netAppAccounts\",\r\n      \"etag\": \"W/\\\"datetime'2021-08-03T18%3A49%3A42.8636609Z'\\\"\",\r\n      \"location\": \"eastus2euap\",\r\n      \"properties\": {\r\n        \"encryption\": {\r\n          \"keySource\": \"Microsoft.NetApp\"\r\n        },\r\n        \"provisioningState\": \"Succeeded\"\r\n      }\r\n    },\r\n    {\r\n      \"id\": \"/subscriptions/69a75bda-882e-44d5-8431-63421204132a/resourceGroups/fg-nb-rg-qa02/providers/Microsoft.NetApp/netAppAccounts/NA-ADirectory\",\r\n      \"name\": \"NA-ADirectory\",\r\n      \"type\": \"Microsoft.NetApp/netAppAccounts\",\r\n      \"etag\": \"W/\\\"datetime'2021-08-19T22%3A16%3A55.4803098Z'\\\"\",\r\n      \"location\": \"eastus2euap\",\r\n      \"properties\": {\r\n        \"provisioningState\": \"Succeeded\",\r\n        \"encryption\": {\r\n          \"keySource\": \"Microsoft.NetApp\"\r\n        }\r\n      }\r\n    },\r\n    {\r\n      \"id\": \"/subscriptions/69a75bda-882e-44d5-8431-63421204132a/resourceGroups/fg-nb-testing/providers/Microsoft.NetApp/netAppAccounts/fg-nb-testing-aug8\",\r\n      \"name\": \"fg-nb-testing-aug8\",\r\n      \"type\": \"Microsoft.NetApp/netAppAccounts\",\r\n      \"etag\": \"W/\\\"datetime'2021-08-09T15%3A00%3A11.0157672Z'\\\"\",\r\n      \"location\": \"eastus2euap\",\r\n      \"properties\": {\r\n        \"encryption\": {\r\n          \"keySource\": \"Microsoft.NetApp\"\r\n        },\r\n        \"provisioningState\": \"Succeeded\"\r\n      }\r\n    },\r\n    {\r\n      \"id\": \"/subscriptions/69a75bda-882e-44d5-8431-63421204132a/resourceGroups/HANA-multivol/providers/Microsoft.NetApp/netAppAccounts/NA-num-1\",\r\n      \"name\": \"NA-num-1\",\r\n      \"type\": \"Microsoft.NetApp/netAppAccounts\",\r\n      \"etag\": \"W/\\\"datetime'2020-05-07T18%3A45%3A03.2436896Z'\\\"\",\r\n      \"location\": \"eastus2euap\",\r\n      \"properties\": {\r\n        \"provisioningState\": \"Succeeded\"\r\n      }\r\n    },\r\n    {\r\n      \"id\": \"/subscriptions/69a75bda-882e-44d5-8431-63421204132a/resourceGroups/harish_rg_eus2euap/providers/Microsoft.NetApp/netAppAccounts/harish_na_eus2euap\",\r\n      \"name\": \"harish_na_eus2euap\",\r\n      \"type\": \"Microsoft.NetApp/netAppAccounts\",\r\n      \"etag\": \"W/\\\"datetime'2021-08-06T09%3A52%3A08.5647227Z'\\\"\",\r\n      \"location\": \"eastus2euap\",\r\n      \"properties\": {\r\n        \"encryption\": {\r\n          \"keySource\": \"Microsoft.NetApp\"\r\n        },\r\n        \"provisioningState\": \"Succeeded\"\r\n      }\r\n    },\r\n    {\r\n      \"id\": \"/subscriptions/69a75bda-882e-44d5-8431-63421204132a/resourceGroups/harish_rg_eus2euap_2/providers/Microsoft.NetApp/netAppAccounts/harish_na_eus2euap_2\",\r\n      \"name\": \"harish_na_eus2euap_2\",\r\n      \"type\": \"Microsoft.NetApp/netAppAccounts\",\r\n      \"etag\": \"W/\\\"datetime'2021-08-19T07%3A59%3A47.7465751Z'\\\"\",\r\n      \"location\": \"eastus2euap\",\r\n      \"properties\": {\r\n        \"encryption\": {\r\n          \"keySource\": \"Microsoft.NetApp\"\r\n        },\r\n        \"provisioningState\": \"Succeeded\"\r\n      }\r\n    },\r\n    {\r\n      \"id\": \"/subscriptions/69a75bda-882e-44d5-8431-63421204132a/resourceGroups/ps4679/providers/Microsoft.NetApp/netAppAccounts/ps5293\",\r\n      \"name\": \"ps5293\",\r\n      \"type\": \"Microsoft.NetApp/netAppAccounts\",\r\n      \"etag\": \"W/\\\"datetime'2020-10-27T09%3A12%3A20.0209894Z'\\\"\",\r\n      \"location\": \"eastus2euap\",\r\n      \"tags\": {\r\n        \"tag1\": \"tagValue1\"\r\n      },\r\n      \"properties\": {\r\n        \"provisioningState\": \"Succeeded\"\r\n      }\r\n    },\r\n    {\r\n      \"id\": \"/subscriptions/69a75bda-882e-44d5-8431-63421204132a/resourceGroups/RG-FG/providers/Microsoft.NetApp/netAppAccounts/AD-test-debug\",\r\n      \"name\": \"AD-test-debug\",\r\n      \"type\": \"Microsoft.NetApp/netAppAccounts\",\r\n      \"etag\": \"W/\\\"datetime'2021-08-19T14%3A31%3A38.1981208Z'\\\"\",\r\n      \"location\": \"eastus2euap\",\r\n      \"properties\": {\r\n        \"provisioningState\": \"Succeeded\",\r\n        \"encryption\": {\r\n          \"keySource\": \"Microsoft.NetApp\"\r\n        }\r\n      }\r\n    },\r\n    {\r\n      \"id\": \"/subscriptions/69a75bda-882e-44d5-8431-63421204132a/resourceGroups/RG-FG/providers/Microsoft.NetApp/netAppAccounts/NA-AD-Directory\",\r\n      \"name\": \"NA-AD-Directory\",\r\n      \"type\": \"Microsoft.NetApp/netAppAccounts\",\r\n      \"etag\": \"W/\\\"datetime'2021-08-20T07%3A43%3A51.1468567Z'\\\"\",\r\n      \"location\": \"eastus2euap\",\r\n      \"properties\": {\r\n        \"provisioningState\": \"Succeeded\",\r\n        \"encryption\": {\r\n          \"keySource\": \"Microsoft.NetApp\"\r\n        }\r\n      }\r\n    },\r\n    {\r\n      \"id\": \"/subscriptions/69a75bda-882e-44d5-8431-63421204132a/resourceGroups/RG-FG/providers/Microsoft.NetApp/netAppAccounts/NA-FG\",\r\n      \"name\": \"NA-FG\",\r\n      \"type\": \"Microsoft.NetApp/netAppAccounts\",\r\n      \"etag\": \"W/\\\"datetime'2021-08-18T17%3A46%3A46.8716143Z'\\\"\",\r\n      \"location\": \"eastus2euap\",\r\n      \"properties\": {\r\n        \"provisioningState\": \"Succeeded\",\r\n        \"encryption\": {\r\n          \"keySource\": \"Microsoft.NetApp\"\r\n        }\r\n      }\r\n    },\r\n    {\r\n      \"id\": \"/subscriptions/69a75bda-882e-44d5-8431-63421204132a/resourceGroups/svlqa-euap-atm-rg1/providers/Microsoft.NetApp/netAppAccounts/svlqa-na-vg-eastus2euap\",\r\n      \"name\": \"svlqa-na-vg-eastus2euap\",\r\n      \"type\": \"Microsoft.NetApp/netAppAccounts\",\r\n      \"etag\": \"W/\\\"datetime'2021-06-22T04%3A32%3A26.9212961Z'\\\"\",\r\n      \"location\": \"eastus2euap\",\r\n      \"properties\": {\r\n        \"encryption\": {\r\n          \"keySource\": \"Microsoft.NetApp\"\r\n        },\r\n        \"provisioningState\": \"Succeeded\"\r\n      }\r\n    },\r\n    {\r\n      \"id\": \"/subscriptions/69a75bda-882e-44d5-8431-63421204132a/resourceGroups/vansh-euap-resync-rg/providers/Microsoft.NetApp/netAppAccounts/vansh-euap-resync-account\",\r\n      \"name\": \"vansh-euap-resync-account\",\r\n      \"type\": \"Microsoft.NetApp/netAppAccounts\",\r\n      \"etag\": \"W/\\\"datetime'2021-04-30T22%3A30%3A30.1758069Z'\\\"\",\r\n      \"location\": \"eastus2euap\",\r\n      \"properties\": {\r\n        \"provisioningState\": \"Succeeded\",\r\n        \"encryption\": {\r\n          \"keySource\": \"Microsoft.NetApp\"\r\n        }\r\n      }\r\n    },\r\n    {\r\n      \"id\": \"/subscriptions/69a75bda-882e-44d5-8431-63421204132a/resourceGroups/vansh-euap-sanity-rg/providers/Microsoft.NetApp/netAppAccounts/vansh-sanity-euap-acc\",\r\n      \"name\": \"vansh-sanity-euap-acc\",\r\n      \"type\": \"Microsoft.NetApp/netAppAccounts\",\r\n      \"etag\": \"W/\\\"datetime'2021-05-06T21%3A03%3A52.8381504Z'\\\"\",\r\n      \"location\": \"eastus2euap\",\r\n      \"properties\": {\r\n        \"provisioningState\": \"Succeeded\",\r\n        \"encryption\": {\r\n          \"keySource\": \"Microsoft.NetApp\"\r\n        }\r\n      }\r\n    },\r\n    {\r\n      \"id\": \"/subscriptions/69a75bda-882e-44d5-8431-63421204132a/resourceGroups/huynhle-rg-scus2-002/providers/Microsoft.NetApp/netAppAccounts/huynhle-na-scus2-002\",\r\n      \"name\": \"huynhle-na-scus2-002\",\r\n      \"type\": \"Microsoft.NetApp/netAppAccounts\",\r\n      \"etag\": \"W/\\\"datetime'2020-12-22T04%3A02%3A39.5461517Z'\\\"\",\r\n      \"location\": \"southcentralus\",\r\n      \"properties\": {\r\n        \"provisioningState\": \"Succeeded\",\r\n        \"encryption\": {\r\n          \"keySource\": \"Microsoft.NetApp\"\r\n        }\r\n      }\r\n    },\r\n    {\r\n      \"id\": \"/subscriptions/69a75bda-882e-44d5-8431-63421204132a/resourceGroups/MultiNICTest-southcentral/providers/Microsoft.NetApp/netAppAccounts/ANFAcc-southcentral\",\r\n      \"name\": \"ANFAcc-southcentral\",\r\n      \"type\": \"Microsoft.NetApp/netAppAccounts\",\r\n      \"etag\": \"W/\\\"datetime'2019-06-26T16%3A28%3A56.9000716Z'\\\"\",\r\n      \"location\": \"southcentralus\",\r\n      \"properties\": {\r\n        \"provisioningState\": \"Succeeded\"\r\n      }\r\n    },\r\n    {\r\n      \"id\": \"/subscriptions/69a75bda-882e-44d5-8431-63421204132a/resourceGroups/scusrg/providers/Microsoft.NetApp/netAppAccounts/vol-grp-test-scus\",\r\n      \"name\": \"vol-grp-test-scus\",\r\n      \"type\": \"Microsoft.NetApp/netAppAccounts\",\r\n      \"etag\": \"W/\\\"datetime'2021-06-03T09%3A36%3A12.0053418Z'\\\"\",\r\n      \"location\": \"southcentralus\",\r\n      \"properties\": {\r\n        \"provisioningState\": \"Succeeded\",\r\n        \"encryption\": {\r\n          \"keySource\": \"Microsoft.NetApp\"\r\n        }\r\n      }\r\n    },\r\n    {\r\n      \"id\": \"/subscriptions/69a75bda-882e-44d5-8431-63421204132a/resourceGroups/sdk-java-crr-sample-tests-primary-rg/providers/Microsoft.NetApp/netAppAccounts/Anf-Primary-Test-Account\",\r\n      \"name\": \"Anf-Primary-Test-Account\",\r\n      \"type\": \"Microsoft.NetApp/netAppAccounts\",\r\n      \"etag\": \"W/\\\"datetime'2021-08-19T09%3A34%3A33.8326691Z'\\\"\",\r\n      \"location\": \"southcentralus\",\r\n      \"properties\": {\r\n        \"encryption\": {\r\n          \"keySource\": \"Microsoft.NetApp\"\r\n        },\r\n        \"provisioningState\": \"Succeeded\"\r\n      }\r\n    },\r\n    {\r\n      \"id\": \"/subscriptions/69a75bda-882e-44d5-8431-63421204132a/resourceGroups/vansh-south-india-rg-001/providers/Microsoft.NetApp/netAppAccounts/vansh-south-india-account\",\r\n      \"name\": \"vansh-south-india-account\",\r\n      \"type\": \"Microsoft.NetApp/netAppAccounts\",\r\n      \"etag\": \"W/\\\"datetime'2021-03-09T22%3A08%3A52.6128083Z'\\\"\",\r\n      \"location\": \"southindia\",\r\n      \"properties\": {\r\n        \"provisioningState\": \"Succeeded\",\r\n        \"encryption\": {\r\n          \"keySource\": \"Microsoft.NetApp\"\r\n        }\r\n      }\r\n    },\r\n    {\r\n      \"id\": \"/subscriptions/69a75bda-882e-44d5-8431-63421204132a/resourceGroups/Hotfix61Test2-ukwest/providers/Microsoft.NetApp/netAppAccounts/TestAcc2-20191108\",\r\n      \"name\": \"TestAcc2-20191108\",\r\n      \"type\": \"Microsoft.NetApp/netAppAccounts\",\r\n      \"etag\": \"W/\\\"datetime'2020-02-25T14%3A40%3A14.3741748Z'\\\"\",\r\n      \"location\": \"ukwest\",\r\n      \"properties\": {\r\n        \"provisioningState\": \"Succeeded\"\r\n      }\r\n    },\r\n    {\r\n      \"id\": \"/subscriptions/69a75bda-882e-44d5-8431-63421204132a/resourceGroups/Hotfix61Tests-ukwest/providers/Microsoft.NetApp/netAppAccounts/QATestAcc-20191108\",\r\n      \"name\": \"QATestAcc-20191108\",\r\n      \"type\": \"Microsoft.NetApp/netAppAccounts\",\r\n      \"etag\": \"W/\\\"datetime'2019-11-08T11%3A48%3A44.3148284Z'\\\"\",\r\n      \"location\": \"ukwest\",\r\n      \"tags\": {\r\n        \"Owner\": \"NICEQA\",\r\n        \"Info\": \"11/08/2019 11:48:44\"\r\n      },\r\n      \"properties\": {\r\n        \"provisioningState\": \"Succeeded\"\r\n      }\r\n    },\r\n    {\r\n      \"id\": \"/subscriptions/69a75bda-882e-44d5-8431-63421204132a/resourceGroups/owenhotfix2.rg/providers/Microsoft.NetApp/netAppAccounts/owenhotfix2\",\r\n      \"name\": \"owenhotfix2\",\r\n      \"type\": \"Microsoft.NetApp/netAppAccounts\",\r\n      \"etag\": \"W/\\\"datetime'2019-11-07T19%3A20%3A33.6563252Z'\\\"\",\r\n      \"location\": \"ukwest\",\r\n      \"properties\": {\r\n        \"provisioningState\": \"Succeeded\"\r\n      }\r\n    },\r\n    {\r\n      \"id\": \"/subscriptions/69a75bda-882e-44d5-8431-63421204132a/resourceGroups/vansh-west-europe-rg-1/providers/Microsoft.NetApp/netAppAccounts/vansh-west-europe-account\",\r\n      \"name\": \"vansh-west-europe-account\",\r\n      \"type\": \"Microsoft.NetApp/netAppAccounts\",\r\n      \"etag\": \"W/\\\"datetime'2021-03-17T18%3A44%3A07.3133166Z'\\\"\",\r\n      \"location\": \"westeurope\",\r\n      \"properties\": {\r\n        \"provisioningState\": \"Succeeded\",\r\n        \"encryption\": {\r\n          \"keySource\": \"Microsoft.NetApp\"\r\n        }\r\n      }\r\n    },\r\n    {\r\n      \"id\": \"/subscriptions/69a75bda-882e-44d5-8431-63421204132a/resourceGroups/cli_netappf_test_volume2_dw3h2m7jv7i4yfeqjmkbvb7hti4dcffb44vnewizvysewrogrb/providers/Microsoft.NetApp/netAppAccounts/cli-acc-27r5pj43puv2tfiz\",\r\n      \"name\": \"cli-acc-27r5pj43puv2tfiz\",\r\n      \"type\": \"Microsoft.NetApp/netAppAccounts\",\r\n      \"etag\": \"W/\\\"datetime'2020-11-04T09%3A25%3A14.7822421Z'\\\"\",\r\n      \"location\": \"westus\",\r\n      \"properties\": {\r\n        \"provisioningState\": \"Succeeded\"\r\n      }\r\n    },\r\n    {\r\n      \"id\": \"/subscriptions/69a75bda-882e-44d5-8431-63421204132a/resourceGroups/sdk-test-qa2/providers/Microsoft.NetApp/netAppAccounts/sdk-net-tests-acc-20\",\r\n      \"name\": \"sdk-net-tests-acc-20\",\r\n      \"type\": \"Microsoft.NetApp/netAppAccounts\",\r\n      \"etag\": \"W/\\\"datetime'2020-08-25T15%3A22%3A49.4742847Z'\\\"\",\r\n      \"location\": \"westus\",\r\n      \"properties\": {\r\n        \"provisioningState\": \"Succeeded\"\r\n      }\r\n    },\r\n    {\r\n      \"id\": \"/subscriptions/69a75bda-882e-44d5-8431-63421204132a/resourceGroups/sjainwestusrg/providers/Microsoft.NetApp/netAppAccounts/sjainwestustest\",\r\n      \"name\": \"sjainwestustest\",\r\n      \"type\": \"Microsoft.NetApp/netAppAccounts\",\r\n      \"etag\": \"W/\\\"datetime'2021-08-13T00%3A40%3A04.6229548Z'\\\"\",\r\n      \"location\": \"westus\",\r\n      \"properties\": {\r\n        \"encryption\": {\r\n          \"keySource\": \"Microsoft.NetApp\"\r\n        },\r\n        \"provisioningState\": \"Succeeded\"\r\n      }\r\n    },\r\n    {\r\n      \"id\": \"/subscriptions/69a75bda-882e-44d5-8431-63421204132a/resourceGroups/vansh-west-us-rg-001/providers/Microsoft.NetApp/netAppAccounts/vansh-west-us-account\",\r\n      \"name\": \"vansh-west-us-account\",\r\n      \"type\": \"Microsoft.NetApp/netAppAccounts\",\r\n      \"etag\": \"W/\\\"datetime'2021-03-10T04%3A32%3A09.0526595Z'\\\"\",\r\n      \"location\": \"westus\",\r\n      \"properties\": {\r\n        \"provisioningState\": \"Succeeded\",\r\n        \"encryption\": {\r\n          \"keySource\": \"Microsoft.NetApp\"\r\n        }\r\n      }\r\n    },\r\n    {\r\n      \"id\": \"/subscriptions/69a75bda-882e-44d5-8431-63421204132a/resourceGroups/vansh-westus-resync-rg-2/providers/Microsoft.NetApp/netAppAccounts/vansh-westus-resync-acc-2\",\r\n      \"name\": \"vansh-westus-resync-acc-2\",\r\n      \"type\": \"Microsoft.NetApp/netAppAccounts\",\r\n      \"etag\": \"W/\\\"datetime'2021-05-08T00%3A28%3A37.3203996Z'\\\"\",\r\n      \"location\": \"westus\",\r\n      \"properties\": {\r\n        \"provisioningState\": \"Succeeded\",\r\n        \"encryption\": {\r\n          \"keySource\": \"Microsoft.NetApp\"\r\n        }\r\n      }\r\n    },\r\n    {\r\n      \"id\": \"/subscriptions/69a75bda-882e-44d5-8431-63421204132a/resourceGroups/sdk-net-test-qa2/providers/Microsoft.NetApp/netAppAccounts/sdk-net-tests-acc-212\",\r\n      \"name\": \"sdk-net-tests-acc-212\",\r\n      \"type\": \"Microsoft.NetApp/netAppAccounts\",\r\n      \"etag\": \"W/\\\"datetime'2021-08-20T10%3A31%3A19.2700347Z'\\\"\",\r\n      \"location\": \"westus2\",\r\n      \"properties\": {\r\n        \"activeDirectories\": [],\r\n        \"encryption\": {\r\n          \"keySource\": \"Microsoft.NetApp\"\r\n        },\r\n        \"provisioningState\": \"Succeeded\"\r\n      }\r\n    },\r\n    {\r\n      \"id\": \"/subscriptions/69a75bda-882e-44d5-8431-63421204132a/resourceGroups/sdk-net-test-qa2/providers/Microsoft.NetApp/netAppAccounts/sdk-net-tests-acc-23\",\r\n      \"name\": \"sdk-net-tests-acc-23\",\r\n      \"type\": \"Microsoft.NetApp/netAppAccounts\",\r\n      \"etag\": \"W/\\\"datetime'2021-08-20T10%3A32%3A00.3965678Z'\\\"\",\r\n      \"location\": \"westus2\",\r\n      \"properties\": {\r\n        \"activeDirectories\": [],\r\n        \"encryption\": {\r\n          \"keySource\": \"Microsoft.NetApp\"\r\n        },\r\n        \"provisioningState\": \"Succeeded\"\r\n      }\r\n    },\r\n    {\r\n      \"id\": \"/subscriptions/69a75bda-882e-44d5-8431-63421204132a/resourceGroups/vansh-centralus-rg-001/providers/Microsoft.NetApp/netAppAccounts/vansh-westusstage-account\",\r\n      \"name\": \"vansh-westusstage-account\",\r\n      \"type\": \"Microsoft.NetApp/netAppAccounts\",\r\n      \"etag\": \"W/\\\"datetime'2021-03-04T20%3A47%3A52.8819344Z'\\\"\",\r\n      \"location\": \"westusstage\",\r\n      \"properties\": {\r\n        \"provisioningState\": \"Succeeded\",\r\n        \"encryption\": {\r\n          \"keySource\": \"Microsoft.NetApp\"\r\n        }\r\n      }\r\n    },\r\n    {\r\n      \"id\": \"/subscriptions/69a75bda-882e-44d5-8431-63421204132a/resourceGroups/vn_svl02_rg/providers/Microsoft.NetApp/netAppAccounts/vn_svl02_na\",\r\n      \"name\": \"vn_svl02_na\",\r\n      \"type\": \"Microsoft.NetApp/netAppAccounts\",\r\n      \"etag\": \"W/\\\"datetime'2021-02-08T03%3A07%3A59.5025772Z'\\\"\",\r\n      \"location\": \"westusstage\",\r\n      \"properties\": {\r\n        \"provisioningState\": \"Succeeded\",\r\n        \"encryption\": {\r\n          \"keySource\": \"Microsoft.NetApp\"\r\n        }\r\n      }\r\n    },\r\n    {\r\n      \"id\": \"/subscriptions/69a75bda-882e-44d5-8431-63421204132a/resourceGroups/anna-rg-westus2-003/providers/Microsoft.NetApp/netAppAccounts/anna-na-westus2-003\",\r\n      \"name\": \"anna-na-westus2-003\",\r\n      \"type\": \"Microsoft.NetApp/netAppAccounts\",\r\n      \"etag\": \"W/\\\"datetime'2019-12-06T20%3A57%3A31.8385207Z'\\\"\",\r\n      \"location\": \"westus2stage\",\r\n      \"properties\": {\r\n        \"provisioningState\": \"Succeeded\"\r\n      }\r\n    },\r\n    {\r\n      \"id\": \"/subscriptions/69a75bda-882e-44d5-8431-63421204132a/resourceGroups/auto-larus-westus2staging/providers/Microsoft.NetApp/netAppAccounts/larus-account\",\r\n      \"name\": \"larus-account\",\r\n      \"type\": \"Microsoft.NetApp/netAppAccounts\",\r\n      \"etag\": \"W/\\\"datetime'2020-02-24T12%3A29%3A41.3915022Z'\\\"\",\r\n      \"location\": \"westus2stage\",\r\n      \"properties\": {\r\n        \"provisioningState\": \"Failed\"\r\n      }\r\n    },\r\n    {\r\n      \"id\": \"/subscriptions/69a75bda-882e-44d5-8431-63421204132a/resourceGroups/auto-westus2-crr/providers/Microsoft.NetApp/netAppAccounts/anf-wus2\",\r\n      \"name\": \"anf-wus2\",\r\n      \"type\": \"Microsoft.NetApp/netAppAccounts\",\r\n      \"etag\": \"W/\\\"datetime'2021-05-13T23%3A04%3A12.6464072Z'\\\"\",\r\n      \"location\": \"westus2stage\",\r\n      \"tags\": {\r\n        \"fdsgsfdsf\": \"\"\r\n      },\r\n      \"properties\": {\r\n        \"provisioningState\": \"Succeeded\",\r\n        \"encryption\": {\r\n          \"keySource\": \"Microsoft.NetApp\"\r\n        }\r\n      }\r\n    },\r\n    {\r\n      \"id\": \"/subscriptions/69a75bda-882e-44d5-8431-63421204132a/resourceGroups/darji-rg-gs-westus2-1/providers/Microsoft.NetApp/netAppAccounts/darji-na-gs-westus2-1\",\r\n      \"name\": \"darji-na-gs-westus2-1\",\r\n      \"type\": \"Microsoft.NetApp/netAppAccounts\",\r\n      \"etag\": \"W/\\\"datetime'2021-05-13T18%3A15%3A59.6734041Z'\\\"\",\r\n      \"location\": \"westus2stage\",\r\n      \"properties\": {\r\n        \"encryption\": {\r\n          \"keySource\": \"Microsoft.NetApp\"\r\n        },\r\n        \"provisioningState\": \"Succeeded\"\r\n      }\r\n    },\r\n    {\r\n      \"id\": \"/subscriptions/69a75bda-882e-44d5-8431-63421204132a/resourceGroups/darji-rg-gs-westus2-2/providers/Microsoft.NetApp/netAppAccounts/darji-na-gs-westus2-2\",\r\n      \"name\": \"darji-na-gs-westus2-2\",\r\n      \"type\": \"Microsoft.NetApp/netAppAccounts\",\r\n      \"etag\": \"W/\\\"datetime'2021-05-13T22%3A08%3A26.8839891Z'\\\"\",\r\n      \"location\": \"westus2stage\",\r\n      \"properties\": {\r\n        \"encryption\": {\r\n          \"keySource\": \"Microsoft.NetApp\"\r\n        },\r\n        \"provisioningState\": \"Succeeded\"\r\n      }\r\n    },\r\n    {\r\n      \"id\": \"/subscriptions/69a75bda-882e-44d5-8431-63421204132a/resourceGroups/darji-rg-gs-westus2-3/providers/Microsoft.NetApp/netAppAccounts/darji-na-gs-westus2-3\",\r\n      \"name\": \"darji-na-gs-westus2-3\",\r\n      \"type\": \"Microsoft.NetApp/netAppAccounts\",\r\n      \"etag\": \"W/\\\"datetime'2021-05-15T01%3A08%3A01.7347282Z'\\\"\",\r\n      \"location\": \"westus2stage\",\r\n      \"properties\": {\r\n        \"encryption\": {\r\n          \"keySource\": \"Microsoft.NetApp\"\r\n        },\r\n        \"provisioningState\": \"Succeeded\"\r\n      }\r\n    },\r\n    {\r\n      \"id\": \"/subscriptions/69a75bda-882e-44d5-8431-63421204132a/resourceGroups/darji-rg-westus2-006/providers/Microsoft.NetApp/netAppAccounts/darji-na-westus2-006\",\r\n      \"name\": \"darji-na-westus2-006\",\r\n      \"type\": \"Microsoft.NetApp/netAppAccounts\",\r\n      \"etag\": \"W/\\\"datetime'2020-01-31T17%3A50%3A50.6499808Z'\\\"\",\r\n      \"location\": \"westus2stage\",\r\n      \"properties\": {\r\n        \"provisioningState\": \"Succeeded\"\r\n      }\r\n    },\r\n    {\r\n      \"id\": \"/subscriptions/69a75bda-882e-44d5-8431-63421204132a/resourceGroups/darji-rg-westus2-007/providers/Microsoft.NetApp/netAppAccounts/darji-na-westus2-007\",\r\n      \"name\": \"darji-na-westus2-007\",\r\n      \"type\": \"Microsoft.NetApp/netAppAccounts\",\r\n      \"etag\": \"W/\\\"datetime'2020-02-21T16%3A30%3A26.1596182Z'\\\"\",\r\n      \"location\": \"westus2stage\",\r\n      \"properties\": {\r\n        \"provisioningState\": \"Succeeded\"\r\n      }\r\n    },\r\n    {\r\n      \"id\": \"/subscriptions/69a75bda-882e-44d5-8431-63421204132a/resourceGroups/fg-nb-rg-westus2stage/providers/Microsoft.NetApp/netAppAccounts/fg-nb-na-westus2stage\",\r\n      \"name\": \"fg-nb-na-westus2stage\",\r\n      \"type\": \"Microsoft.NetApp/netAppAccounts\",\r\n      \"etag\": \"W/\\\"datetime'2021-08-02T02%3A04%3A57.9307845Z'\\\"\",\r\n      \"location\": \"westus2stage\",\r\n      \"properties\": {\r\n        \"encryption\": {\r\n          \"keySource\": \"Microsoft.NetApp\"\r\n        },\r\n        \"provisioningState\": \"Succeeded\"\r\n      }\r\n    },\r\n    {\r\n      \"id\": \"/subscriptions/69a75bda-882e-44d5-8431-63421204132a/resourceGroups/fg-nb-rg-westus2stage/providers/Microsoft.NetApp/netAppAccounts/na-test-directory\",\r\n      \"name\": \"na-test-directory\",\r\n      \"type\": \"Microsoft.NetApp/netAppAccounts\",\r\n      \"etag\": \"W/\\\"datetime'2021-08-20T09%3A31%3A30.6099343Z'\\\"\",\r\n      \"location\": \"westus2stage\",\r\n      \"properties\": {\r\n        \"provisioningState\": \"Succeeded\",\r\n        \"encryption\": {\r\n          \"keySource\": \"Microsoft.NetApp\"\r\n        }\r\n      }\r\n    },\r\n    {\r\n      \"id\": \"/subscriptions/69a75bda-882e-44d5-8431-63421204132a/resourceGroups/huynhle-rg-westus2-001/providers/Microsoft.NetApp/netAppAccounts/huynhle-na-westus2-001\",\r\n      \"name\": \"huynhle-na-westus2-001\",\r\n      \"type\": \"Microsoft.NetApp/netAppAccounts\",\r\n      \"etag\": \"W/\\\"datetime'2019-12-05T23%3A11%3A10.3066558Z'\\\"\",\r\n      \"location\": \"westus2stage\",\r\n      \"properties\": {\r\n        \"provisioningState\": \"Succeeded\"\r\n      }\r\n    },\r\n    {\r\n      \"id\": \"/subscriptions/69a75bda-882e-44d5-8431-63421204132a/resourceGroups/huynhle-rg-westus2-002/providers/Microsoft.NetApp/netAppAccounts/huynhle-na-westus2-002\",\r\n      \"name\": \"huynhle-na-westus2-002\",\r\n      \"type\": \"Microsoft.NetApp/netAppAccounts\",\r\n      \"etag\": \"W/\\\"datetime'2020-09-29T02%3A27%3A12.9235057Z'\\\"\",\r\n      \"location\": \"westus2stage\",\r\n      \"properties\": {\r\n        \"provisioningState\": \"Succeeded\"\r\n      }\r\n    },\r\n    {\r\n      \"id\": \"/subscriptions/69a75bda-882e-44d5-8431-63421204132a/resourceGroups/laks-westus2-rg-001/providers/Microsoft.NetApp/netAppAccounts/laks-westus2-na-001\",\r\n      \"name\": \"laks-westus2-na-001\",\r\n      \"type\": \"Microsoft.NetApp/netAppAccounts\",\r\n      \"etag\": \"W/\\\"datetime'2019-11-12T15%3A13%3A36.0396744Z'\\\"\",\r\n      \"location\": \"westus2stage\",\r\n      \"properties\": {\r\n        \"provisioningState\": \"Succeeded\"\r\n      }\r\n    },\r\n    {\r\n      \"id\": \"/subscriptions/69a75bda-882e-44d5-8431-63421204132a/resourceGroups/ps1675-rep3/providers/Microsoft.NetApp/netAppAccounts/ps1109\",\r\n      \"name\": \"ps1109\",\r\n      \"type\": \"Microsoft.NetApp/netAppAccounts\",\r\n      \"etag\": \"W/\\\"datetime'2020-01-24T08%3A29%3A48.6096501Z'\\\"\",\r\n      \"location\": \"westus2stage\",\r\n      \"properties\": {\r\n        \"provisioningState\": \"Succeeded\"\r\n      }\r\n    },\r\n    {\r\n      \"id\": \"/subscriptions/69a75bda-882e-44d5-8431-63421204132a/resourceGroups/ps1812-rep13/providers/Microsoft.NetApp/netAppAccounts/ps8933\",\r\n      \"name\": \"ps8933\",\r\n      \"type\": \"Microsoft.NetApp/netAppAccounts\",\r\n      \"etag\": \"W/\\\"datetime'2020-01-29T10%3A20%3A58.9062217Z'\\\"\",\r\n      \"location\": \"westus2stage\",\r\n      \"properties\": {\r\n        \"provisioningState\": \"Succeeded\"\r\n      }\r\n    },\r\n    {\r\n      \"id\": \"/subscriptions/69a75bda-882e-44d5-8431-63421204132a/resourceGroups/ps304-rep3/providers/Microsoft.NetApp/netAppAccounts/ps3851\",\r\n      \"name\": \"ps3851\",\r\n      \"type\": \"Microsoft.NetApp/netAppAccounts\",\r\n      \"etag\": \"W/\\\"datetime'2020-01-24T10%3A19%3A03.1953302Z'\\\"\",\r\n      \"location\": \"westus2stage\",\r\n      \"properties\": {\r\n        \"provisioningState\": \"Succeeded\"\r\n      }\r\n    },\r\n    {\r\n      \"id\": \"/subscriptions/69a75bda-882e-44d5-8431-63421204132a/resourceGroups/ps3936/providers/Microsoft.NetApp/netAppAccounts/ps9685\",\r\n      \"name\": \"ps9685\",\r\n      \"type\": \"Microsoft.NetApp/netAppAccounts\",\r\n      \"etag\": \"W/\\\"datetime'2020-01-31T09%3A42%3A19.6925358Z'\\\"\",\r\n      \"location\": \"westus2stage\",\r\n      \"properties\": {\r\n        \"provisioningState\": \"Succeeded\"\r\n      }\r\n    },\r\n    {\r\n      \"id\": \"/subscriptions/69a75bda-882e-44d5-8431-63421204132a/resourceGroups/ps4246-rep5/providers/Microsoft.NetApp/netAppAccounts/ps7136\",\r\n      \"name\": \"ps7136\",\r\n      \"type\": \"Microsoft.NetApp/netAppAccounts\",\r\n      \"etag\": \"W/\\\"datetime'2020-01-24T12%3A08%3A09.4726941Z'\\\"\",\r\n      \"location\": \"westus2stage\",\r\n      \"properties\": {\r\n        \"provisioningState\": \"Succeeded\"\r\n      }\r\n    },\r\n    {\r\n      \"id\": \"/subscriptions/69a75bda-882e-44d5-8431-63421204132a/resourceGroups/ps5234/providers/Microsoft.NetApp/netAppAccounts/ps9408\",\r\n      \"name\": \"ps9408\",\r\n      \"type\": \"Microsoft.NetApp/netAppAccounts\",\r\n      \"etag\": \"W/\\\"datetime'2020-01-23T15%3A09%3A29.854242Z'\\\"\",\r\n      \"location\": \"westus2stage\",\r\n      \"properties\": {\r\n        \"provisioningState\": \"Succeeded\"\r\n      }\r\n    },\r\n    {\r\n      \"id\": \"/subscriptions/69a75bda-882e-44d5-8431-63421204132a/resourceGroups/ps5650-rep9/providers/Microsoft.NetApp/netAppAccounts/ps4539\",\r\n      \"name\": \"ps4539\",\r\n      \"type\": \"Microsoft.NetApp/netAppAccounts\",\r\n      \"etag\": \"W/\\\"datetime'2020-01-28T13%3A34%3A44.2183702Z'\\\"\",\r\n      \"location\": \"westus2stage\",\r\n      \"properties\": {\r\n        \"provisioningState\": \"Succeeded\"\r\n      }\r\n    },\r\n    {\r\n      \"id\": \"/subscriptions/69a75bda-882e-44d5-8431-63421204132a/resourceGroups/ps5759/providers/Microsoft.NetApp/netAppAccounts/ps3421\",\r\n      \"name\": \"ps3421\",\r\n      \"type\": \"Microsoft.NetApp/netAppAccounts\",\r\n      \"etag\": \"W/\\\"datetime'2020-01-23T15%3A29%3A35.1411807Z'\\\"\",\r\n      \"location\": \"westus2stage\",\r\n      \"properties\": {\r\n        \"provisioningState\": \"Succeeded\"\r\n      }\r\n    },\r\n    {\r\n      \"id\": \"/subscriptions/69a75bda-882e-44d5-8431-63421204132a/resourceGroups/ps6068-rep10/providers/Microsoft.NetApp/netAppAccounts/ps9905\",\r\n      \"name\": \"ps9905\",\r\n      \"type\": \"Microsoft.NetApp/netAppAccounts\",\r\n      \"etag\": \"W/\\\"datetime'2020-01-28T23%3A02%3A34.0246434Z'\\\"\",\r\n      \"location\": \"westus2stage\",\r\n      \"properties\": {\r\n        \"provisioningState\": \"Succeeded\"\r\n      }\r\n    },\r\n    {\r\n      \"id\": \"/subscriptions/69a75bda-882e-44d5-8431-63421204132a/resourceGroups/ps6448-rep2/providers/Microsoft.NetApp/netAppAccounts/ps4317\",\r\n      \"name\": \"ps4317\",\r\n      \"type\": \"Microsoft.NetApp/netAppAccounts\",\r\n      \"etag\": \"W/\\\"datetime'2020-01-24T08%3A09%3A06.7265022Z'\\\"\",\r\n      \"location\": \"westus2stage\",\r\n      \"properties\": {\r\n        \"provisioningState\": \"Succeeded\"\r\n      }\r\n    },\r\n    {\r\n      \"id\": \"/subscriptions/69a75bda-882e-44d5-8431-63421204132a/resourceGroups/ps6694-rep6/providers/Microsoft.NetApp/netAppAccounts/ps1301\",\r\n      \"name\": \"ps1301\",\r\n      \"type\": \"Microsoft.NetApp/netAppAccounts\",\r\n      \"etag\": \"W/\\\"datetime'2020-01-28T08%3A56%3A19.1130954Z'\\\"\",\r\n      \"location\": \"westus2stage\",\r\n      \"properties\": {\r\n        \"provisioningState\": \"Succeeded\"\r\n      }\r\n    },\r\n    {\r\n      \"id\": \"/subscriptions/69a75bda-882e-44d5-8431-63421204132a/resourceGroups/ps6843-rep7/providers/Microsoft.NetApp/netAppAccounts/ps9626\",\r\n      \"name\": \"ps9626\",\r\n      \"type\": \"Microsoft.NetApp/netAppAccounts\",\r\n      \"etag\": \"W/\\\"datetime'2020-01-28T09%3A17%3A20.0541431Z'\\\"\",\r\n      \"location\": \"westus2stage\",\r\n      \"properties\": {\r\n        \"provisioningState\": \"Succeeded\"\r\n      }\r\n    },\r\n    {\r\n      \"id\": \"/subscriptions/69a75bda-882e-44d5-8431-63421204132a/resourceGroups/ps8168-rep/providers/Microsoft.NetApp/netAppAccounts/ps5538\",\r\n      \"name\": \"ps5538\",\r\n      \"type\": \"Microsoft.NetApp/netAppAccounts\",\r\n      \"etag\": \"W/\\\"datetime'2020-01-23T20%3A08%3A09.9059572Z'\\\"\",\r\n      \"location\": \"westus2stage\",\r\n      \"properties\": {\r\n        \"provisioningState\": \"Succeeded\"\r\n      }\r\n    },\r\n    {\r\n      \"id\": \"/subscriptions/69a75bda-882e-44d5-8431-63421204132a/resourceGroups/RG-FG-west2/providers/Microsoft.NetApp/netAppAccounts/NA-FG\",\r\n      \"name\": \"NA-FG\",\r\n      \"type\": \"Microsoft.NetApp/netAppAccounts\",\r\n      \"etag\": \"W/\\\"datetime'2021-08-16T07%3A05%3A34.6718525Z'\\\"\",\r\n      \"location\": \"westus2stage\",\r\n      \"properties\": {\r\n        \"encryption\": {\r\n          \"keySource\": \"Microsoft.NetApp\"\r\n        },\r\n        \"provisioningState\": \"Succeeded\"\r\n      }\r\n    },\r\n    {\r\n      \"id\": \"/subscriptions/69a75bda-882e-44d5-8431-63421204132a/resourceGroups/RG-FG-west2/providers/Microsoft.NetApp/netAppAccounts/NBDirectory\",\r\n      \"name\": \"NBDirectory\",\r\n      \"type\": \"Microsoft.NetApp/netAppAccounts\",\r\n      \"etag\": \"W/\\\"datetime'2021-08-17T11%3A54%3A45.084979Z'\\\"\",\r\n      \"location\": \"westus2stage\",\r\n      \"properties\": {\r\n        \"provisioningState\": \"Succeeded\",\r\n        \"encryption\": {\r\n          \"keySource\": \"Microsoft.NetApp\"\r\n        }\r\n      }\r\n    },\r\n    {\r\n      \"id\": \"/subscriptions/69a75bda-882e-44d5-8431-63421204132a/resourceGroups/sdk-test-qa2/providers/Microsoft.NetApp/netAppAccounts/ps3439\",\r\n      \"name\": \"ps3439\",\r\n      \"type\": \"Microsoft.NetApp/netAppAccounts\",\r\n      \"etag\": \"W/\\\"datetime'2020-01-29T08%3A16%3A45.64127Z'\\\"\",\r\n      \"location\": \"westus2stage\",\r\n      \"properties\": {\r\n        \"provisioningState\": \"Succeeded\"\r\n      }\r\n    },\r\n    {\r\n      \"id\": \"/subscriptions/69a75bda-882e-44d5-8431-63421204132a/resourceGroups/sdk-test-qa2/providers/Microsoft.NetApp/netAppAccounts/ps7858\",\r\n      \"name\": \"ps7858\",\r\n      \"type\": \"Microsoft.NetApp/netAppAccounts\",\r\n      \"etag\": \"W/\\\"datetime'2020-01-30T07%3A56%3A20.6715983Z'\\\"\",\r\n      \"location\": \"westus2stage\",\r\n      \"properties\": {\r\n        \"provisioningState\": \"Succeeded\"\r\n      }\r\n    },\r\n    {\r\n      \"id\": \"/subscriptions/69a75bda-882e-44d5-8431-63421204132a/resourceGroups/sdk-test-qa2/providers/Microsoft.NetApp/netAppAccounts/ps8546\",\r\n      \"name\": \"ps8546\",\r\n      \"type\": \"Microsoft.NetApp/netAppAccounts\",\r\n      \"etag\": \"W/\\\"datetime'2020-01-30T08%3A18%3A40.8198961Z'\\\"\",\r\n      \"location\": \"westus2stage\",\r\n      \"properties\": {\r\n        \"provisioningState\": \"Succeeded\"\r\n      }\r\n    },\r\n    {\r\n      \"id\": \"/subscriptions/69a75bda-882e-44d5-8431-63421204132a/resourceGroups/sdk-test-qa2/providers/Microsoft.NetApp/netAppAccounts/ps8665\",\r\n      \"name\": \"ps8665\",\r\n      \"type\": \"Microsoft.NetApp/netAppAccounts\",\r\n      \"etag\": \"W/\\\"datetime'2020-01-30T07%3A43%3A10.8257392Z'\\\"\",\r\n      \"location\": \"westus2stage\",\r\n      \"properties\": {\r\n        \"provisioningState\": \"Succeeded\"\r\n      }\r\n    },\r\n    {\r\n      \"id\": \"/subscriptions/69a75bda-882e-44d5-8431-63421204132a/resourceGroups/sdk-test-qa2/providers/Microsoft.NetApp/netAppAccounts/ps8918-1\",\r\n      \"name\": \"ps8918-1\",\r\n      \"type\": \"Microsoft.NetApp/netAppAccounts\",\r\n      \"etag\": \"W/\\\"datetime'2020-01-30T09%3A07%3A35.1923313Z'\\\"\",\r\n      \"location\": \"westus2stage\",\r\n      \"properties\": {\r\n        \"provisioningState\": \"Succeeded\"\r\n      }\r\n    },\r\n    {\r\n      \"id\": \"/subscriptions/69a75bda-882e-44d5-8431-63421204132a/resourceGroups/sdk-test-qa2/providers/Microsoft.NetApp/netAppAccounts/ps8927-3\",\r\n      \"name\": \"ps8927-3\",\r\n      \"type\": \"Microsoft.NetApp/netAppAccounts\",\r\n      \"etag\": \"W/\\\"datetime'2020-01-30T13%3A28%3A35.1702202Z'\\\"\",\r\n      \"location\": \"westus2stage\",\r\n      \"properties\": {\r\n        \"provisioningState\": \"Succeeded\"\r\n      }\r\n    },\r\n    {\r\n      \"id\": \"/subscriptions/69a75bda-882e-44d5-8431-63421204132a/resourceGroups/sdk-test-qa2/providers/Microsoft.NetApp/netAppAccounts/sdk-net-tests-acc-1\",\r\n      \"name\": \"sdk-net-tests-acc-1\",\r\n      \"type\": \"Microsoft.NetApp/netAppAccounts\",\r\n      \"etag\": \"W/\\\"datetime'2020-01-03T15%3A13%3A54.2565433Z'\\\"\",\r\n      \"location\": \"westus2stage\",\r\n      \"properties\": {\r\n        \"provisioningState\": \"Succeeded\"\r\n      }\r\n    },\r\n    {\r\n      \"id\": \"/subscriptions/69a75bda-882e-44d5-8431-63421204132a/resourceGroups/sdk-test-qa2/providers/Microsoft.NetApp/netAppAccounts/sdk-py-tests-acc-10\",\r\n      \"name\": \"sdk-py-tests-acc-10\",\r\n      \"type\": \"Microsoft.NetApp/netAppAccounts\",\r\n      \"etag\": \"W/\\\"datetime'2020-01-14T15%3A26%3A08.7816172Z'\\\"\",\r\n      \"location\": \"westus2stage\",\r\n      \"properties\": {\r\n        \"provisioningState\": \"Succeeded\"\r\n      }\r\n    },\r\n    {\r\n      \"id\": \"/subscriptions/69a75bda-882e-44d5-8431-63421204132a/resourceGroups/Sprint13Tests-westus2stage/providers/Microsoft.NetApp/netAppAccounts/DestAcc-20191108\",\r\n      \"name\": \"DestAcc-20191108\",\r\n      \"type\": \"Microsoft.NetApp/netAppAccounts\",\r\n      \"etag\": \"W/\\\"datetime'2019-11-08T11%3A30%3A06.7902549Z'\\\"\",\r\n      \"location\": \"westus2stage\",\r\n      \"tags\": {\r\n        \"Owner\": \"NICEQA\",\r\n        \"Info\": \"11/08/2019 11:30:01\"\r\n      },\r\n      \"properties\": {\r\n        \"provisioningState\": \"Succeeded\"\r\n      }\r\n    },\r\n    {\r\n      \"id\": \"/subscriptions/69a75bda-882e-44d5-8431-63421204132a/resourceGroups/vaibhavn-westus2stage-qatest02-rg1/providers/Microsoft.NetApp/netAppAccounts/vaibhavn-qatest02-westus2stage-na10\",\r\n      \"name\": \"vaibhavn-qatest02-westus2stage-na10\",\r\n      \"type\": \"Microsoft.NetApp/netAppAccounts\",\r\n      \"etag\": \"W/\\\"datetime'2021-07-14T20%3A02%3A39.9218891Z'\\\"\",\r\n      \"location\": \"westus2stage\",\r\n      \"properties\": {\r\n        \"encryption\": {\r\n          \"keySource\": \"Microsoft.NetApp\"\r\n        },\r\n        \"provisioningState\": \"Succeeded\"\r\n      }\r\n    },\r\n    {\r\n      \"id\": \"/subscriptions/69a75bda-882e-44d5-8431-63421204132a/resourceGroups/vaibhavn-westus2stage-qatest02-rg2/providers/Microsoft.NetApp/netAppAccounts/vaibhavn-westus2stage-qatest02-na27\",\r\n      \"name\": \"vaibhavn-westus2stage-qatest02-na27\",\r\n      \"type\": \"Microsoft.NetApp/netAppAccounts\",\r\n      \"etag\": \"W/\\\"datetime'2021-07-14T20%3A48%3A31.4922429Z'\\\"\",\r\n      \"location\": \"westus2stage\",\r\n      \"properties\": {\r\n        \"encryption\": {\r\n          \"keySource\": \"Microsoft.NetApp\"\r\n        },\r\n        \"provisioningState\": \"Succeeded\"\r\n      }\r\n    },\r\n    {\r\n      \"id\": \"/subscriptions/69a75bda-882e-44d5-8431-63421204132a/resourceGroups/vaibhavn-westus2stage-qatest02-rg45/providers/Microsoft.NetApp/netAppAccounts/vaibhavn-westus2stage-qatest02-na45\",\r\n      \"name\": \"vaibhavn-westus2stage-qatest02-na45\",\r\n      \"type\": \"Microsoft.NetApp/netAppAccounts\",\r\n      \"etag\": \"W/\\\"datetime'2021-07-14T20%3A56%3A39.9765612Z'\\\"\",\r\n      \"location\": \"westus2stage\",\r\n      \"properties\": {\r\n        \"encryption\": {\r\n          \"keySource\": \"Microsoft.NetApp\"\r\n        },\r\n        \"provisioningState\": \"Succeeded\"\r\n      }\r\n    },\r\n    {\r\n      \"id\": \"/subscriptions/69a75bda-882e-44d5-8431-63421204132a/resourceGroups/vpstestwus2stg/providers/Microsoft.NetApp/netAppAccounts/anna-na2-westus2stg\",\r\n      \"name\": \"anna-na2-westus2stg\",\r\n      \"type\": \"Microsoft.NetApp/netAppAccounts\",\r\n      \"etag\": \"W/\\\"datetime'2021-05-10T17%3A48%3A06.5118133Z'\\\"\",\r\n      \"location\": \"westus2stage\",\r\n      \"properties\": {\r\n        \"provisioningState\": \"Succeeded\",\r\n        \"encryption\": {\r\n          \"keySource\": \"Microsoft.NetApp\"\r\n        }\r\n      }\r\n    },\r\n    {\r\n      \"id\": \"/subscriptions/69a75bda-882e-44d5-8431-63421204132a/resourceGroups/vpstestwus2stg/providers/Microsoft.NetApp/netAppAccounts/nawestus2stgvpstest\",\r\n      \"name\": \"nawestus2stgvpstest\",\r\n      \"type\": \"Microsoft.NetApp/netAppAccounts\",\r\n      \"etag\": \"W/\\\"datetime'2020-09-04T17%3A35%3A38.2840368Z'\\\"\",\r\n      \"location\": \"westus2stage\",\r\n      \"properties\": {\r\n        \"provisioningState\": \"Succeeded\"\r\n      }\r\n    },\r\n    {\r\n      \"id\": \"/subscriptions/69a75bda-882e-44d5-8431-63421204132a/resourceGroups/vpstestwus2stg/providers/Microsoft.NetApp/netAppAccounts/nawestus2stgvpstest2\",\r\n      \"name\": \"nawestus2stgvpstest2\",\r\n      \"type\": \"Microsoft.NetApp/netAppAccounts\",\r\n      \"etag\": \"W/\\\"datetime'2020-09-08T00%3A54%3A16.7153235Z'\\\"\",\r\n      \"location\": \"westus2stage\",\r\n      \"properties\": {\r\n        \"provisioningState\": \"Succeeded\"\r\n      }\r\n    },\r\n    {\r\n      \"id\": \"/subscriptions/69a75bda-882e-44d5-8431-63421204132a/resourceGroups/vpstestwus2stg/providers/Microsoft.NetApp/netAppAccounts/svlqa-na-westus2\",\r\n      \"name\": \"svlqa-na-westus2\",\r\n      \"type\": \"Microsoft.NetApp/netAppAccounts\",\r\n      \"etag\": \"W/\\\"datetime'2021-04-19T00%3A23%3A00.6527017Z'\\\"\",\r\n      \"location\": \"westus2stage\",\r\n      \"properties\": {\r\n        \"provisioningState\": \"Succeeded\",\r\n        \"encryption\": {\r\n          \"keySource\": \"Microsoft.NetApp\"\r\n        }\r\n      }\r\n    },\r\n    {\r\n      \"id\": \"/subscriptions/69a75bda-882e-44d5-8431-63421204132a/resourceGroups/XRRTests-southcentralusstage/providers/Microsoft.NetApp/netAppAccounts/SourceAcc\",\r\n      \"name\": \"SourceAcc\",\r\n      \"type\": \"Microsoft.NetApp/netAppAccounts\",\r\n      \"etag\": \"W/\\\"datetime'2019-11-13T22%3A47%3A33.1253876Z'\\\"\",\r\n      \"location\": \"westus2stage\",\r\n      \"properties\": {\r\n        \"provisioningState\": \"Succeeded\"\r\n      }\r\n    },\r\n    {\r\n      \"id\": \"/subscriptions/69a75bda-882e-44d5-8431-63421204132a/resourceGroups/ab_sdk_test_rg/providers/Microsoft.NetApp/netAppAccounts/adHocTestAccSUsStage\",\r\n      \"name\": \"adHocTestAccSUsStage\",\r\n      \"type\": \"Microsoft.NetApp/netAppAccounts\",\r\n      \"etag\": \"W/\\\"datetime'2021-06-11T12%3A39%3A58.429568Z'\\\"\",\r\n      \"location\": \"southcentralusstage\",\r\n      \"properties\": {\r\n        \"activeDirectories\": [],\r\n        \"encryption\": {\r\n          \"keySource\": \"Microsoft.NetApp\"\r\n        },\r\n        \"provisioningState\": \"Succeeded\"\r\n      }\r\n    },\r\n    {\r\n      \"id\": \"/subscriptions/69a75bda-882e-44d5-8431-63421204132a/resourceGroups/anna-rg-scus2-003/providers/Microsoft.NetApp/netAppAccounts/anna-na-scus2-003\",\r\n      \"name\": \"anna-na-scus2-003\",\r\n      \"type\": \"Microsoft.NetApp/netAppAccounts\",\r\n      \"etag\": \"W/\\\"datetime'2019-12-06T21%3A00%3A49.9095484Z'\\\"\",\r\n      \"location\": \"southcentralusstage\",\r\n      \"properties\": {\r\n        \"provisioningState\": \"Succeeded\"\r\n      }\r\n    },\r\n    {\r\n      \"id\": \"/subscriptions/69a75bda-882e-44d5-8431-63421204132a/resourceGroups/auto-southcentral/providers/Microsoft.NetApp/netAppAccounts/anf-scus\",\r\n      \"name\": \"anf-scus\",\r\n      \"type\": \"Microsoft.NetApp/netAppAccounts\",\r\n      \"etag\": \"W/\\\"datetime'2020-03-24T11%3A27%3A44.0530116Z'\\\"\",\r\n      \"location\": \"southcentralusstage\",\r\n      \"properties\": {\r\n        \"provisioningState\": \"Succeeded\"\r\n      }\r\n    },\r\n    {\r\n      \"id\": \"/subscriptions/69a75bda-882e-44d5-8431-63421204132a/resourceGroups/cbstestsjqa2/providers/Microsoft.NetApp/netAppAccounts/cbstestnaq2stg\",\r\n      \"name\": \"cbstestnaq2stg\",\r\n      \"type\": \"Microsoft.NetApp/netAppAccounts\",\r\n      \"etag\": \"W/\\\"datetime'2020-09-03T18%3A51%3A17.5525878Z'\\\"\",\r\n      \"location\": \"southcentralusstage\",\r\n      \"properties\": {\r\n        \"provisioningState\": \"Succeeded\"\r\n      }\r\n    },\r\n    {\r\n      \"id\": \"/subscriptions/69a75bda-882e-44d5-8431-63421204132a/resourceGroups/cli-rg-lqfi4aybb3uzuctpm/providers/Microsoft.NetApp/netAppAccounts/cli-acc-nl3pufxplngueoqo\",\r\n      \"name\": \"cli-acc-nl3pufxplngueoqo\",\r\n      \"type\": \"Microsoft.NetApp/netAppAccounts\",\r\n      \"etag\": \"W/\\\"datetime'2020-02-07T08%3A08%3A05.402068Z'\\\"\",\r\n      \"location\": \"southcentralusstage\",\r\n      \"properties\": {\r\n        \"provisioningState\": \"Succeeded\"\r\n      }\r\n    },\r\n    {\r\n      \"id\": \"/subscriptions/69a75bda-882e-44d5-8431-63421204132a/resourceGroups/cli-rg-xchga3um4pfzqi7i3/providers/Microsoft.NetApp/netAppAccounts/cli-acc-cz5hchfa5o5oogct\",\r\n      \"name\": \"cli-acc-cz5hchfa5o5oogct\",\r\n      \"type\": \"Microsoft.NetApp/netAppAccounts\",\r\n      \"etag\": \"W/\\\"datetime'2020-02-19T12%3A09%3A42.5125148Z'\\\"\",\r\n      \"location\": \"southcentralusstage\",\r\n      \"properties\": {\r\n        \"provisioningState\": \"Succeeded\"\r\n      }\r\n    },\r\n    {\r\n      \"id\": \"/subscriptions/69a75bda-882e-44d5-8431-63421204132a/resourceGroups/cli_netappfiles_test_backup_egdanthb3wf4uuyfty6hr7v55dnztiowq4nejlkqaaowf7r/providers/Microsoft.NetApp/netAppAccounts/cli-acc-budcq3l6lvnsdonw\",\r\n      \"name\": \"cli-acc-budcq3l6lvnsdonw\",\r\n      \"type\": \"Microsoft.NetApp/netAppAccounts\",\r\n      \"etag\": \"W/\\\"datetime'2021-05-28T11%3A35%3A01.2000614Z'\\\"\",\r\n      \"location\": \"southcentralusstage\",\r\n      \"properties\": {\r\n        \"encryption\": {\r\n          \"keySource\": \"Microsoft.NetApp\"\r\n        },\r\n        \"provisioningState\": \"Succeeded\"\r\n      }\r\n    },\r\n    {\r\n      \"id\": \"/subscriptions/69a75bda-882e-44d5-8431-63421204132a/resourceGroups/cli_netappfiles_test_backup_gge3l6lf4e3ty7o6ddxwgykckvkkodzxh4cfwgnyupf5svu/providers/Microsoft.NetApp/netAppAccounts/cli-acc-ma62ncstlmvsmqim\",\r\n      \"name\": \"cli-acc-ma62ncstlmvsmqim\",\r\n      \"type\": \"Microsoft.NetApp/netAppAccounts\",\r\n      \"etag\": \"W/\\\"datetime'2021-06-18T13%3A25%3A08.8917305Z'\\\"\",\r\n      \"location\": \"southcentralusstage\",\r\n      \"properties\": {\r\n        \"encryption\": {\r\n          \"keySource\": \"Microsoft.NetApp\"\r\n        },\r\n        \"provisioningState\": \"Succeeded\"\r\n      }\r\n    },\r\n    {\r\n      \"id\": \"/subscriptions/69a75bda-882e-44d5-8431-63421204132a/resourceGroups/cli_netappfiles_test_backup_j2kroxz2glhwjd3qscojdkjd262gpzbqccocxp26k57vphg/providers/Microsoft.NetApp/netAppAccounts/cli-acc-zf4z4vjn3wxjcnly\",\r\n      \"name\": \"cli-acc-zf4z4vjn3wxjcnly\",\r\n      \"type\": \"Microsoft.NetApp/netAppAccounts\",\r\n      \"etag\": \"W/\\\"datetime'2021-05-28T14%3A51%3A31.2237704Z'\\\"\",\r\n      \"location\": \"southcentralusstage\",\r\n      \"properties\": {\r\n        \"encryption\": {\r\n          \"keySource\": \"Microsoft.NetApp\"\r\n        },\r\n        \"provisioningState\": \"Succeeded\"\r\n      }\r\n    },\r\n    {\r\n      \"id\": \"/subscriptions/69a75bda-882e-44d5-8431-63421204132a/resourceGroups/darji-rg-gs-scus2-1/providers/Microsoft.NetApp/netAppAccounts/darji-na-gs-scus2-1\",\r\n      \"name\": \"darji-na-gs-scus2-1\",\r\n      \"type\": \"Microsoft.NetApp/netAppAccounts\",\r\n      \"etag\": \"W/\\\"datetime'2021-05-13T18%3A22%3A55.6063193Z'\\\"\",\r\n      \"location\": \"southcentralusstage\",\r\n      \"properties\": {\r\n        \"encryption\": {\r\n          \"keySource\": \"Microsoft.NetApp\"\r\n        },\r\n        \"provisioningState\": \"Succeeded\"\r\n      }\r\n    },\r\n    {\r\n      \"id\": \"/subscriptions/69a75bda-882e-44d5-8431-63421204132a/resourceGroups/darji-rg-gs-scus2-2/providers/Microsoft.NetApp/netAppAccounts/darji-na-gs-scus2-2\",\r\n      \"name\": \"darji-na-gs-scus2-2\",\r\n      \"type\": \"Microsoft.NetApp/netAppAccounts\",\r\n      \"etag\": \"W/\\\"datetime'2021-05-13T22%3A07%3A54.9124732Z'\\\"\",\r\n      \"location\": \"southcentralusstage\",\r\n      \"properties\": {\r\n        \"encryption\": {\r\n          \"keySource\": \"Microsoft.NetApp\"\r\n        },\r\n        \"provisioningState\": \"Succeeded\"\r\n      }\r\n    },\r\n    {\r\n      \"id\": \"/subscriptions/69a75bda-882e-44d5-8431-63421204132a/resourceGroups/darji-rg-gs-scus2-3/providers/Microsoft.NetApp/netAppAccounts/darji-na-gs-scus2-3\",\r\n      \"name\": \"darji-na-gs-scus2-3\",\r\n      \"type\": \"Microsoft.NetApp/netAppAccounts\",\r\n      \"etag\": \"W/\\\"datetime'2021-05-15T01%3A08%3A20.7361187Z'\\\"\",\r\n      \"location\": \"southcentralusstage\",\r\n      \"properties\": {\r\n        \"encryption\": {\r\n          \"keySource\": \"Microsoft.NetApp\"\r\n        },\r\n        \"provisioningState\": \"Succeeded\"\r\n      }\r\n    },\r\n    {\r\n      \"id\": \"/subscriptions/69a75bda-882e-44d5-8431-63421204132a/resourceGroups/darji-rg-gs-scus2-6/providers/Microsoft.NetApp/netAppAccounts/darji-na-gs-scus2-6\",\r\n      \"name\": \"darji-na-gs-scus2-6\",\r\n      \"type\": \"Microsoft.NetApp/netAppAccounts\",\r\n      \"etag\": \"W/\\\"datetime'2021-06-14T23%3A22%3A11.3316393Z'\\\"\",\r\n      \"location\": \"southcentralusstage\",\r\n      \"properties\": {\r\n        \"encryption\": {\r\n          \"keySource\": \"Microsoft.NetApp\"\r\n        },\r\n        \"provisioningState\": \"Succeeded\"\r\n      }\r\n    },\r\n    {\r\n      \"id\": \"/subscriptions/69a75bda-882e-44d5-8431-63421204132a/resourceGroups/darji-rg-scus2-006/providers/Microsoft.NetApp/netAppAccounts/darji-na-scus2-006\",\r\n      \"name\": \"darji-na-scus2-006\",\r\n      \"type\": \"Microsoft.NetApp/netAppAccounts\",\r\n      \"etag\": \"W/\\\"datetime'2020-01-31T19%3A15%3A42.2851315Z'\\\"\",\r\n      \"location\": \"southcentralusstage\",\r\n      \"properties\": {\r\n        \"provisioningState\": \"Succeeded\"\r\n      }\r\n    },\r\n    {\r\n      \"id\": \"/subscriptions/69a75bda-882e-44d5-8431-63421204132a/resourceGroups/darji-rg-scus2-007/providers/Microsoft.NetApp/netAppAccounts/darji-na-scus2-007\",\r\n      \"name\": \"darji-na-scus2-007\",\r\n      \"type\": \"Microsoft.NetApp/netAppAccounts\",\r\n      \"etag\": \"W/\\\"datetime'2020-02-21T19%3A09%3A35.4839058Z'\\\"\",\r\n      \"location\": \"southcentralusstage\",\r\n      \"properties\": {\r\n        \"provisioningState\": \"Succeeded\"\r\n      }\r\n    },\r\n    {\r\n      \"id\": \"/subscriptions/69a75bda-882e-44d5-8431-63421204132a/resourceGroups/fg-nb-rg-scus/providers/Microsoft.NetApp/netAppAccounts/fg-nb-na-scus\",\r\n      \"name\": \"fg-nb-na-scus\",\r\n      \"type\": \"Microsoft.NetApp/netAppAccounts\",\r\n      \"etag\": \"W/\\\"datetime'2021-08-03T12%3A10%3A18.0854621Z'\\\"\",\r\n      \"location\": \"southcentralusstage\",\r\n      \"properties\": {\r\n        \"encryption\": {\r\n          \"keySource\": \"Microsoft.NetApp\"\r\n        },\r\n        \"provisioningState\": \"Succeeded\"\r\n      }\r\n    },\r\n    {\r\n      \"id\": \"/subscriptions/69a75bda-882e-44d5-8431-63421204132a/resourceGroups/huynhle-rg-scus2-001/providers/Microsoft.NetApp/netAppAccounts/huynhle-na-scus2-001\",\r\n      \"name\": \"huynhle-na-scus2-001\",\r\n      \"type\": \"Microsoft.NetApp/netAppAccounts\",\r\n      \"etag\": \"W/\\\"datetime'2019-12-05T23%3A25%3A11.1180419Z'\\\"\",\r\n      \"location\": \"southcentralusstage\",\r\n      \"properties\": {\r\n        \"provisioningState\": \"Succeeded\"\r\n      }\r\n    },\r\n    {\r\n      \"id\": \"/subscriptions/69a75bda-882e-44d5-8431-63421204132a/resourceGroups/johnsouthcentralqatest02rg/providers/Microsoft.NetApp/netAppAccounts/johnsouthcentralqatest02na\",\r\n      \"name\": \"johnsouthcentralqatest02na\",\r\n      \"type\": \"Microsoft.NetApp/netAppAccounts\",\r\n      \"etag\": \"W/\\\"datetime'2021-06-29T16%3A40%3A30.2389597Z'\\\"\",\r\n      \"location\": \"southcentralusstage\",\r\n      \"properties\": {\r\n        \"encryption\": {\r\n          \"keySource\": \"Microsoft.NetApp\"\r\n        },\r\n        \"provisioningState\": \"Succeeded\"\r\n      }\r\n    },\r\n    {\r\n      \"id\": \"/subscriptions/69a75bda-882e-44d5-8431-63421204132a/resourceGroups/ps2447/providers/Microsoft.NetApp/netAppAccounts/ps7561\",\r\n      \"name\": \"ps7561\",\r\n      \"type\": \"Microsoft.NetApp/netAppAccounts\",\r\n      \"etag\": \"W/\\\"datetime'2021-04-17T18%3A00%3A58.2731716Z'\\\"\",\r\n      \"location\": \"southcentralusstage\",\r\n      \"tags\": {\r\n        \"tag1\": \"tagValue1\"\r\n      },\r\n      \"properties\": {\r\n        \"provisioningState\": \"Succeeded\",\r\n        \"encryption\": {\r\n          \"keySource\": \"Microsoft.NetApp\"\r\n        }\r\n      }\r\n    },\r\n    {\r\n      \"id\": \"/subscriptions/69a75bda-882e-44d5-8431-63421204132a/resourceGroups/ps7630-rep10/providers/Microsoft.NetApp/netAppAccounts/ps1372\",\r\n      \"name\": \"ps1372\",\r\n      \"type\": \"Microsoft.NetApp/netAppAccounts\",\r\n      \"etag\": \"W/\\\"datetime'2020-01-28T23%3A03%3A15.8362903Z'\\\"\",\r\n      \"location\": \"southcentralusstage\",\r\n      \"properties\": {\r\n        \"provisioningState\": \"Succeeded\"\r\n      }\r\n    },\r\n    {\r\n      \"id\": \"/subscriptions/69a75bda-882e-44d5-8431-63421204132a/resourceGroups/sdk-python-tests-rg/providers/Microsoft.NetApp/netAppAccounts/sdk-py-tests-acc-1\",\r\n      \"name\": \"sdk-py-tests-acc-1\",\r\n      \"type\": \"Microsoft.NetApp/netAppAccounts\",\r\n      \"etag\": \"W/\\\"datetime'2021-08-19T13%3A16%3A26.5186854Z'\\\"\",\r\n      \"location\": \"southcentralusstage\",\r\n      \"properties\": {\r\n        \"provisioningState\": \"Succeeded\",\r\n        \"encryption\": {\r\n          \"keySource\": \"Microsoft.NetApp\"\r\n        }\r\n      }\r\n    },\r\n    {\r\n      \"id\": \"/subscriptions/69a75bda-882e-44d5-8431-63421204132a/resourceGroups/sdk-test-qa2-R/providers/Microsoft.NetApp/netAppAccounts/sdk-net-tests-acc-1-R\",\r\n      \"name\": \"sdk-net-tests-acc-1-R\",\r\n      \"type\": \"Microsoft.NetApp/netAppAccounts\",\r\n      \"etag\": \"W/\\\"datetime'2019-12-27T13%3A19%3A46.0617085Z'\\\"\",\r\n      \"location\": \"southcentralusstage\",\r\n      \"properties\": {\r\n        \"provisioningState\": \"Succeeded\"\r\n      }\r\n    },\r\n    {\r\n      \"id\": \"/subscriptions/69a75bda-882e-44d5-8431-63421204132a/resourceGroups/sdk-test-qa2-R/providers/Microsoft.NetApp/netAppAccounts/sdk-py-tests-acc-20\",\r\n      \"name\": \"sdk-py-tests-acc-20\",\r\n      \"type\": \"Microsoft.NetApp/netAppAccounts\",\r\n      \"etag\": \"W/\\\"datetime'2020-01-14T15%3A28%3A16.8854511Z'\\\"\",\r\n      \"location\": \"southcentralusstage\",\r\n      \"properties\": {\r\n        \"provisioningState\": \"Succeeded\"\r\n      }\r\n    },\r\n    {\r\n      \"id\": \"/subscriptions/69a75bda-882e-44d5-8431-63421204132a/resourceGroups/Sprint13Tests-southcentralusstage/providers/Microsoft.NetApp/netAppAccounts/SrcAcc-20191108\",\r\n      \"name\": \"SrcAcc-20191108\",\r\n      \"type\": \"Microsoft.NetApp/netAppAccounts\",\r\n      \"etag\": \"W/\\\"datetime'2019-11-08T12%3A28%3A15.8214708Z'\\\"\",\r\n      \"location\": \"southcentralusstage\",\r\n      \"tags\": {\r\n        \"Owner\": \"NICEQA\",\r\n        \"Info\": \"11/08/2019 12:28:13\"\r\n      },\r\n      \"properties\": {\r\n        \"provisioningState\": \"Succeeded\"\r\n      }\r\n    },\r\n    {\r\n      \"id\": \"/subscriptions/69a75bda-882e-44d5-8431-63421204132a/resourceGroups/suman-rg/providers/Microsoft.NetApp/netAppAccounts/sumanna\",\r\n      \"name\": \"sumanna\",\r\n      \"type\": \"Microsoft.NetApp/netAppAccounts\",\r\n      \"etag\": \"W/\\\"datetime'2021-06-16T05%3A39%3A47.0616708Z'\\\"\",\r\n      \"location\": \"southcentralusstage\",\r\n      \"properties\": {\r\n        \"encryption\": {\r\n          \"keySource\": \"Microsoft.NetApp\"\r\n        },\r\n        \"provisioningState\": \"Succeeded\"\r\n      }\r\n    },\r\n    {\r\n      \"id\": \"/subscriptions/69a75bda-882e-44d5-8431-63421204132a/resourceGroups/vaibhavn_qa2_scusstage_rg1/providers/Microsoft.NetApp/netAppAccounts/vaibhavn_qa2_scustage_na1\",\r\n      \"name\": \"vaibhavn_qa2_scustage_na1\",\r\n      \"type\": \"Microsoft.NetApp/netAppAccounts\",\r\n      \"etag\": \"W/\\\"datetime'2021-06-29T16%3A04%3A28.3568759Z'\\\"\",\r\n      \"location\": \"southcentralusstage\",\r\n      \"properties\": {\r\n        \"encryption\": {\r\n          \"keySource\": \"Microsoft.NetApp\"\r\n        },\r\n        \"provisioningState\": \"Succeeded\"\r\n      }\r\n    },\r\n    {\r\n      \"id\": \"/subscriptions/69a75bda-882e-44d5-8431-63421204132a/resourceGroups/XRRTests2-southcentralusstage/providers/Microsoft.NetApp/netAppAccounts/QATestAcc-20191114\",\r\n      \"name\": \"QATestAcc-20191114\",\r\n      \"type\": \"Microsoft.NetApp/netAppAccounts\",\r\n      \"etag\": \"W/\\\"datetime'2019-11-14T11%3A37%3A23.8082973Z'\\\"\",\r\n      \"location\": \"southcentralusstage\",\r\n      \"tags\": {\r\n        \"Owner\": \"NICEQA\",\r\n        \"Info\": \"11/14/2019 11:37:22\"\r\n      },\r\n      \"properties\": {\r\n        \"provisioningState\": \"Succeeded\"\r\n      }\r\n    },\r\n    {\r\n      \"id\": \"/subscriptions/69a75bda-882e-44d5-8431-63421204132a/resourceGroups/XRRTests-southcentralusstage/providers/Microsoft.NetApp/netAppAccounts/QATestAcc-20191113\",\r\n      \"name\": \"QATestAcc-20191113\",\r\n      \"type\": \"Microsoft.NetApp/netAppAccounts\",\r\n      \"etag\": \"W/\\\"datetime'2019-11-13T20%3A04%3A02.1931472Z'\\\"\",\r\n      \"location\": \"southcentralusstage\",\r\n      \"tags\": {\r\n        \"Owner\": \"NICEQA\",\r\n        \"Info\": \"11/13/2019 20:03:59\"\r\n      },\r\n      \"properties\": {\r\n        \"provisioningState\": \"Succeeded\"\r\n      }\r\n    }\r\n  ]\r\n}",
      "StatusCode": 200
    },
    {
      "RequestUri": "/subscriptions/69a75bda-882e-44d5-8431-63421204132a/resourceGroups/sdk-net-test-qa2/providers/Microsoft.NetApp/netAppAccounts/sdk-net-tests-acc-212?api-version=2021-06-01",
      "EncodedRequestUri": "L3N1YnNjcmlwdGlvbnMvNjlhNzViZGEtODgyZS00NGQ1LTg0MzEtNjM0MjEyMDQxMzJhL3Jlc291cmNlR3JvdXBzL3Nkay1uZXQtdGVzdC1xYTIvcHJvdmlkZXJzL01pY3Jvc29mdC5OZXRBcHAvbmV0QXBwQWNjb3VudHMvc2RrLW5ldC10ZXN0cy1hY2MtMjEyP2FwaS12ZXJzaW9uPTIwMjEtMDYtMDE=",
      "RequestMethod": "DELETE",
      "RequestBody": "",
      "RequestHeaders": {
        "x-ms-client-request-id": [
          "ea706d9b-c77b-4fe9-a5a5-ea1ce8a270a4"
        ],
        "Accept-Language": [
          "en-US"
        ],
        "User-Agent": [
          "FxVersion/4.6.30321.06",
          "OSName/Windows",
          "OSVersion/Microsoft.Windows.10.0.19042.",
          "Microsoft.Azure.Management.NetApp.AzureNetAppFilesManagementClient/1.13.0.0"
        ]
      },
      "ResponseHeaders": {
        "Cache-Control": [
          "no-cache"
        ],
        "Pragma": [
          "no-cache"
        ],
        "Location": [
          "https://management.azure.com/subscriptions/69a75bda-882e-44d5-8431-63421204132a/providers/Microsoft.NetApp/locations/westus2/operationResults/9eedfc21-bf06-4790-b158-d206e5fe2c0e?api-version=2021-06-01&operationResultResponseType=Location"
        ],
        "Azure-AsyncOperation": [
          "https://management.azure.com/subscriptions/69a75bda-882e-44d5-8431-63421204132a/providers/Microsoft.NetApp/locations/westus2/operationResults/9eedfc21-bf06-4790-b158-d206e5fe2c0e?api-version=2021-06-01"
        ],
        "Server": [
          "Microsoft-IIS/10.0"
        ],
        "X-Powered-By": [
          "ASP.NET"
        ],
        "x-ms-ratelimit-remaining-subscription-deletes": [
          "14999"
        ],
        "x-ms-request-id": [
          "ced199af-9ffa-4e70-abb3-80eb4c57f0c0"
        ],
        "x-ms-correlation-request-id": [
          "ced199af-9ffa-4e70-abb3-80eb4c57f0c0"
        ],
        "x-ms-routing-request-id": [
          "UAECENTRAL:20210820T103242Z:ced199af-9ffa-4e70-abb3-80eb4c57f0c0"
        ],
        "Strict-Transport-Security": [
          "max-age=31536000; includeSubDomains"
        ],
        "X-Content-Type-Options": [
          "nosniff"
        ],
        "Date": [
          "Fri, 20 Aug 2021 10:32:42 GMT"
        ],
        "Expires": [
          "-1"
        ],
        "Content-Length": [
          "0"
        ]
      },
      "ResponseBody": "",
      "StatusCode": 202
    },
    {
      "RequestUri": "/subscriptions/69a75bda-882e-44d5-8431-63421204132a/providers/Microsoft.NetApp/locations/westus2/operationResults/9eedfc21-bf06-4790-b158-d206e5fe2c0e?api-version=2021-06-01",
      "EncodedRequestUri": "L3N1YnNjcmlwdGlvbnMvNjlhNzViZGEtODgyZS00NGQ1LTg0MzEtNjM0MjEyMDQxMzJhL3Byb3ZpZGVycy9NaWNyb3NvZnQuTmV0QXBwL2xvY2F0aW9ucy93ZXN0dXMyL29wZXJhdGlvblJlc3VsdHMvOWVlZGZjMjEtYmYwNi00NzkwLWIxNTgtZDIwNmU1ZmUyYzBlP2FwaS12ZXJzaW9uPTIwMjEtMDYtMDE=",
      "RequestMethod": "GET",
      "RequestBody": "",
      "RequestHeaders": {
        "User-Agent": [
          "FxVersion/4.6.30321.06",
          "OSName/Windows",
          "OSVersion/Microsoft.Windows.10.0.19042.",
          "Microsoft.Azure.Management.NetApp.AzureNetAppFilesManagementClient/1.13.0.0"
        ]
      },
      "ResponseHeaders": {
        "Cache-Control": [
          "no-cache"
        ],
        "Pragma": [
          "no-cache"
        ],
        "x-ms-request-id": [
          "544983ae-a1c9-40d5-a384-4ec1f5f8c113"
        ],
        "Server": [
          "Microsoft-IIS/10.0"
        ],
        "X-Powered-By": [
          "ASP.NET"
        ],
        "x-ms-ratelimit-remaining-subscription-reads": [
          "11992"
        ],
        "x-ms-correlation-request-id": [
          "86f2be02-7aa3-4433-a824-2d72be2ed3ec"
        ],
        "x-ms-routing-request-id": [
          "UAECENTRAL:20210820T103313Z:86f2be02-7aa3-4433-a824-2d72be2ed3ec"
        ],
        "Strict-Transport-Security": [
          "max-age=31536000; includeSubDomains"
        ],
        "X-Content-Type-Options": [
          "nosniff"
        ],
        "Date": [
          "Fri, 20 Aug 2021 10:33:12 GMT"
        ],
        "Content-Length": [
          "514"
        ],
        "Content-Type": [
          "application/json; charset=utf-8"
        ],
        "Expires": [
          "-1"
        ]
      },
      "ResponseBody": "{\r\n  \"id\": \"/subscriptions/69a75bda-882e-44d5-8431-63421204132a/providers/Microsoft.NetApp/locations/westus2/operationResults/9eedfc21-bf06-4790-b158-d206e5fe2c0e\",\r\n  \"name\": \"9eedfc21-bf06-4790-b158-d206e5fe2c0e\",\r\n  \"status\": \"Succeeded\",\r\n  \"startTime\": \"2021-08-20T10:32:42.5988254Z\",\r\n  \"endTime\": \"2021-08-20T10:32:42.6988972Z\",\r\n  \"percentComplete\": 100.0,\r\n  \"properties\": {\r\n    \"resourceName\": \"/subscriptions/69a75bda-882e-44d5-8431-63421204132a/resourceGroups/sdk-net-test-qa2/providers/Microsoft.NetApp/netAppAccounts/sdk-net-tests-acc-212\"\r\n  }\r\n}",
      "StatusCode": 200
    },
    {
      "RequestUri": "/subscriptions/69a75bda-882e-44d5-8431-63421204132a/providers/Microsoft.NetApp/locations/westus2/operationResults/9eedfc21-bf06-4790-b158-d206e5fe2c0e?api-version=2021-06-01&operationResultResponseType=Location",
      "EncodedRequestUri": "L3N1YnNjcmlwdGlvbnMvNjlhNzViZGEtODgyZS00NGQ1LTg0MzEtNjM0MjEyMDQxMzJhL3Byb3ZpZGVycy9NaWNyb3NvZnQuTmV0QXBwL2xvY2F0aW9ucy93ZXN0dXMyL29wZXJhdGlvblJlc3VsdHMvOWVlZGZjMjEtYmYwNi00NzkwLWIxNTgtZDIwNmU1ZmUyYzBlP2FwaS12ZXJzaW9uPTIwMjEtMDYtMDEmb3BlcmF0aW9uUmVzdWx0UmVzcG9uc2VUeXBlPUxvY2F0aW9u",
      "RequestMethod": "GET",
      "RequestBody": "",
      "RequestHeaders": {
        "User-Agent": [
          "FxVersion/4.6.30321.06",
          "OSName/Windows",
          "OSVersion/Microsoft.Windows.10.0.19042.",
          "Microsoft.Azure.Management.NetApp.AzureNetAppFilesManagementClient/1.13.0.0"
        ]
      },
      "ResponseHeaders": {
        "Cache-Control": [
          "no-cache"
        ],
        "Pragma": [
          "no-cache"
        ],
        "x-ms-request-id": [
          "4eae5823-ec85-49b6-bf00-7dcfada5171e"
        ],
        "Server": [
          "Microsoft-IIS/10.0"
        ],
        "X-Powered-By": [
          "ASP.NET"
        ],
        "x-ms-ratelimit-remaining-subscription-reads": [
          "11991"
        ],
        "x-ms-correlation-request-id": [
          "8da42e97-0b6f-449f-9e90-ce3743960cfe"
        ],
        "x-ms-routing-request-id": [
          "UAECENTRAL:20210820T103313Z:8da42e97-0b6f-449f-9e90-ce3743960cfe"
        ],
        "Strict-Transport-Security": [
          "max-age=31536000; includeSubDomains"
        ],
        "X-Content-Type-Options": [
          "nosniff"
        ],
        "Date": [
          "Fri, 20 Aug 2021 10:33:13 GMT"
        ],
        "Content-Length": [
          "422"
        ],
        "Content-Type": [
          "application/json; charset=utf-8"
        ],
        "Expires": [
          "-1"
        ]
      },
      "ResponseBody": "{\r\n  \"id\": \"/subscriptions/69a75bda-882e-44d5-8431-63421204132a/resourceGroups/sdk-net-test-qa2/providers/Microsoft.NetApp/netAppAccounts/sdk-net-tests-acc-212\",\r\n  \"name\": \"sdk-net-tests-acc-212\",\r\n  \"type\": \"Microsoft.NetApp/netAppAccounts\",\r\n  \"etag\": \"W/\\\"datetime'2021-08-20T10%3A32%3A42.5908488Z'\\\"\",\r\n  \"location\": \"westus2\",\r\n  \"properties\": {\r\n    \"encryption\": {\r\n      \"keySource\": \"Microsoft.NetApp\"\r\n    },\r\n    \"activeDirectories\": [],\r\n    \"provisioningState\": \"Deleting\"\r\n  }\r\n}",
      "StatusCode": 200
    },
    {
      "RequestUri": "/subscriptions/69a75bda-882e-44d5-8431-63421204132a/resourceGroups/sdk-net-test-qa2/providers/Microsoft.NetApp/netAppAccounts/sdk-net-tests-acc-23?api-version=2021-06-01",
      "EncodedRequestUri": "L3N1YnNjcmlwdGlvbnMvNjlhNzViZGEtODgyZS00NGQ1LTg0MzEtNjM0MjEyMDQxMzJhL3Jlc291cmNlR3JvdXBzL3Nkay1uZXQtdGVzdC1xYTIvcHJvdmlkZXJzL01pY3Jvc29mdC5OZXRBcHAvbmV0QXBwQWNjb3VudHMvc2RrLW5ldC10ZXN0cy1hY2MtMjM/YXBpLXZlcnNpb249MjAyMS0wNi0wMQ==",
      "RequestMethod": "DELETE",
      "RequestBody": "",
      "RequestHeaders": {
        "x-ms-client-request-id": [
          "33ec908f-d30a-4c7b-a653-f24daf42f3f8"
        ],
        "Accept-Language": [
          "en-US"
        ],
        "User-Agent": [
          "FxVersion/4.6.30321.06",
          "OSName/Windows",
          "OSVersion/Microsoft.Windows.10.0.19042.",
          "Microsoft.Azure.Management.NetApp.AzureNetAppFilesManagementClient/1.13.0.0"
        ]
      },
      "ResponseHeaders": {
        "Cache-Control": [
          "no-cache"
        ],
        "Pragma": [
          "no-cache"
        ],
        "Location": [
          "https://management.azure.com/subscriptions/69a75bda-882e-44d5-8431-63421204132a/providers/Microsoft.NetApp/locations/westus2/operationResults/163afe18-3d34-4640-825d-80fc0a41355b?api-version=2021-06-01&operationResultResponseType=Location"
        ],
        "Azure-AsyncOperation": [
          "https://management.azure.com/subscriptions/69a75bda-882e-44d5-8431-63421204132a/providers/Microsoft.NetApp/locations/westus2/operationResults/163afe18-3d34-4640-825d-80fc0a41355b?api-version=2021-06-01"
        ],
        "Server": [
          "Microsoft-IIS/10.0"
        ],
        "X-Powered-By": [
          "ASP.NET"
        ],
        "x-ms-ratelimit-remaining-subscription-deletes": [
          "14998"
        ],
        "x-ms-request-id": [
          "37c7d492-a071-4590-a049-bf5dcdba8bcc"
        ],
        "x-ms-correlation-request-id": [
          "37c7d492-a071-4590-a049-bf5dcdba8bcc"
        ],
        "x-ms-routing-request-id": [
          "UAECENTRAL:20210820T103315Z:37c7d492-a071-4590-a049-bf5dcdba8bcc"
        ],
        "Strict-Transport-Security": [
          "max-age=31536000; includeSubDomains"
        ],
        "X-Content-Type-Options": [
          "nosniff"
        ],
        "Date": [
          "Fri, 20 Aug 2021 10:33:14 GMT"
        ],
        "Expires": [
          "-1"
        ],
        "Content-Length": [
          "0"
        ]
      },
      "ResponseBody": "",
      "StatusCode": 202
    },
    {
      "RequestUri": "/subscriptions/69a75bda-882e-44d5-8431-63421204132a/providers/Microsoft.NetApp/locations/westus2/operationResults/163afe18-3d34-4640-825d-80fc0a41355b?api-version=2021-06-01",
      "EncodedRequestUri": "L3N1YnNjcmlwdGlvbnMvNjlhNzViZGEtODgyZS00NGQ1LTg0MzEtNjM0MjEyMDQxMzJhL3Byb3ZpZGVycy9NaWNyb3NvZnQuTmV0QXBwL2xvY2F0aW9ucy93ZXN0dXMyL29wZXJhdGlvblJlc3VsdHMvMTYzYWZlMTgtM2QzNC00NjQwLTgyNWQtODBmYzBhNDEzNTViP2FwaS12ZXJzaW9uPTIwMjEtMDYtMDE=",
      "RequestMethod": "GET",
      "RequestBody": "",
      "RequestHeaders": {
        "User-Agent": [
          "FxVersion/4.6.30321.06",
          "OSName/Windows",
          "OSVersion/Microsoft.Windows.10.0.19042.",
          "Microsoft.Azure.Management.NetApp.AzureNetAppFilesManagementClient/1.13.0.0"
        ]
      },
      "ResponseHeaders": {
        "Cache-Control": [
          "no-cache"
        ],
        "Pragma": [
          "no-cache"
        ],
        "x-ms-request-id": [
          "72778972-6b5c-49a7-9afb-56a60c366529"
        ],
        "Server": [
          "Microsoft-IIS/10.0"
        ],
        "X-Powered-By": [
          "ASP.NET"
        ],
        "x-ms-ratelimit-remaining-subscription-reads": [
          "11990"
        ],
        "x-ms-correlation-request-id": [
          "43eabc74-1a52-4297-8536-8a12d0bd8569"
        ],
        "x-ms-routing-request-id": [
          "UAECENTRAL:20210820T103345Z:43eabc74-1a52-4297-8536-8a12d0bd8569"
        ],
        "Strict-Transport-Security": [
          "max-age=31536000; includeSubDomains"
        ],
        "X-Content-Type-Options": [
          "nosniff"
        ],
        "Date": [
          "Fri, 20 Aug 2021 10:33:45 GMT"
        ],
        "Content-Length": [
          "513"
        ],
        "Content-Type": [
          "application/json; charset=utf-8"
        ],
        "Expires": [
          "-1"
        ]
      },
      "ResponseBody": "{\r\n  \"id\": \"/subscriptions/69a75bda-882e-44d5-8431-63421204132a/providers/Microsoft.NetApp/locations/westus2/operationResults/163afe18-3d34-4640-825d-80fc0a41355b\",\r\n  \"name\": \"163afe18-3d34-4640-825d-80fc0a41355b\",\r\n  \"status\": \"Succeeded\",\r\n  \"startTime\": \"2021-08-20T10:33:14.8066302Z\",\r\n  \"endTime\": \"2021-08-20T10:33:14.8865707Z\",\r\n  \"percentComplete\": 100.0,\r\n  \"properties\": {\r\n    \"resourceName\": \"/subscriptions/69a75bda-882e-44d5-8431-63421204132a/resourceGroups/sdk-net-test-qa2/providers/Microsoft.NetApp/netAppAccounts/sdk-net-tests-acc-23\"\r\n  }\r\n}",
      "StatusCode": 200
    },
    {
      "RequestUri": "/subscriptions/69a75bda-882e-44d5-8431-63421204132a/providers/Microsoft.NetApp/locations/westus2/operationResults/163afe18-3d34-4640-825d-80fc0a41355b?api-version=2021-06-01&operationResultResponseType=Location",
      "EncodedRequestUri": "L3N1YnNjcmlwdGlvbnMvNjlhNzViZGEtODgyZS00NGQ1LTg0MzEtNjM0MjEyMDQxMzJhL3Byb3ZpZGVycy9NaWNyb3NvZnQuTmV0QXBwL2xvY2F0aW9ucy93ZXN0dXMyL29wZXJhdGlvblJlc3VsdHMvMTYzYWZlMTgtM2QzNC00NjQwLTgyNWQtODBmYzBhNDEzNTViP2FwaS12ZXJzaW9uPTIwMjEtMDYtMDEmb3BlcmF0aW9uUmVzdWx0UmVzcG9uc2VUeXBlPUxvY2F0aW9u",
      "RequestMethod": "GET",
      "RequestBody": "",
      "RequestHeaders": {
        "User-Agent": [
          "FxVersion/4.6.30321.06",
          "OSName/Windows",
          "OSVersion/Microsoft.Windows.10.0.19042.",
          "Microsoft.Azure.Management.NetApp.AzureNetAppFilesManagementClient/1.13.0.0"
        ]
      },
      "ResponseHeaders": {
        "Cache-Control": [
          "no-cache"
        ],
        "Pragma": [
          "no-cache"
        ],
        "x-ms-request-id": [
          "aa1499a9-3148-41bb-9181-17809c2bfb9f"
        ],
        "Server": [
          "Microsoft-IIS/10.0"
        ],
        "X-Powered-By": [
          "ASP.NET"
        ],
        "x-ms-ratelimit-remaining-subscription-reads": [
          "11989"
        ],
        "x-ms-correlation-request-id": [
          "8094996a-9be5-49d9-930d-ef7ed15199ea"
        ],
        "x-ms-routing-request-id": [
          "UAECENTRAL:20210820T103345Z:8094996a-9be5-49d9-930d-ef7ed15199ea"
        ],
        "Strict-Transport-Security": [
          "max-age=31536000; includeSubDomains"
        ],
        "X-Content-Type-Options": [
          "nosniff"
        ],
        "Date": [
          "Fri, 20 Aug 2021 10:33:45 GMT"
        ],
        "Content-Length": [
          "418"
        ],
        "Content-Type": [
          "application/json; charset=utf-8"
        ],
        "Expires": [
          "-1"
        ]
      },
      "ResponseBody": "{\r\n  \"id\": \"/subscriptions/69a75bda-882e-44d5-8431-63421204132a/resourceGroups/sdk-net-test-qa2/providers/Microsoft.NetApp/netAppAccounts/sdk-net-tests-acc-23\",\r\n  \"name\": \"sdk-net-tests-acc-23\",\r\n  \"type\": \"Microsoft.NetApp/netAppAccounts\",\r\n  \"etag\": \"W/\\\"datetime'2021-08-20T10%3A33%3A14.80098Z'\\\"\",\r\n  \"location\": \"westus2\",\r\n  \"properties\": {\r\n    \"encryption\": {\r\n      \"keySource\": \"Microsoft.NetApp\"\r\n    },\r\n    \"activeDirectories\": [],\r\n    \"provisioningState\": \"Deleting\"\r\n  }\r\n}",
      "StatusCode": 200
    }
  ],
  "Names": {},
  "Variables": {
    "SubscriptionId": "69a75bda-882e-44d5-8431-63421204132a"
  }
}