{
  "Entries": [
    {
      "RequestUri": "/subscriptions/69a75bda-882e-44d5-8431-63421204132a/resourceGroups/sdk-net-test-qa2/providers/Microsoft.NetApp/netAppAccounts/sdk-net-tests-acc-20?api-version=2019-11-01",
      "EncodedRequestUri": "L3N1YnNjcmlwdGlvbnMvNjlhNzViZGEtODgyZS00NGQ1LTg0MzEtNjM0MjEyMDQxMzJhL3Jlc291cmNlR3JvdXBzL3Nkay1uZXQtdGVzdC1xYTIvcHJvdmlkZXJzL01pY3Jvc29mdC5OZXRBcHAvbmV0QXBwQWNjb3VudHMvc2RrLW5ldC10ZXN0cy1hY2MtMjA/YXBpLXZlcnNpb249MjAxOS0xMS0wMQ==",
      "RequestMethod": "PUT",
      "RequestBody": "{\r\n  \"location\": \"westus2\"\r\n}",
      "RequestHeaders": {
        "x-ms-client-request-id": [
          "2c06fced-e1a9-47fa-ac2c-5aa3c60fab49"
        ],
        "Accept-Language": [
          "en-US"
        ],
        "User-Agent": [
          "FxVersion/4.6.29130.01",
          "OSName/Windows",
          "OSVersion/Microsoft.Windows.10.0.18363.",
          "Microsoft.Azure.Management.NetApp.AzureNetAppFilesManagementClient/1.5.1.0"
        ],
        "Content-Type": [
          "application/json; charset=utf-8"
        ],
        "Content-Length": [
          "29"
        ]
      },
      "ResponseHeaders": {
        "Cache-Control": [
          "no-cache"
        ],
        "Pragma": [
          "no-cache"
        ],
        "ETag": [
          "W/\"datetime'2020-08-20T22%3A23%3A48.6839513Z'\""
        ],
        "x-ms-request-id": [
          "995ca105-a121-4c9b-8d39-82a312edfbd6"
        ],
        "Azure-AsyncOperation": [
          "https://management.azure.com/subscriptions/69a75bda-882e-44d5-8431-63421204132a/providers/Microsoft.NetApp/locations/westus2/operationResults/903ee102-6dd2-43be-8306-2bd5c7c531e7?api-version=2019-11-01"
        ],
        "Request-Context": [
          "appId=cid-v1:2c4cb680-0a1f-424d-bb8d-8e650ba68d53"
        ],
        "Access-Control-Expose-Headers": [
          "Request-Context"
        ],
        "Server": [
          "Microsoft-IIS/10.0"
        ],
        "X-Powered-By": [
          "ASP.NET"
        ],
        "x-ms-ratelimit-remaining-subscription-writes": [
          "1199"
        ],
        "x-ms-correlation-request-id": [
          "cd20e095-71db-45a5-8224-c0f0466bbe23"
        ],
        "x-ms-routing-request-id": [
          "NORTHEUROPE:20200820T222351Z:cd20e095-71db-45a5-8224-c0f0466bbe23"
        ],
        "Strict-Transport-Security": [
          "max-age=31536000; includeSubDomains"
        ],
        "X-Content-Type-Options": [
          "nosniff"
        ],
        "Date": [
          "Thu, 20 Aug 2020 22:23:50 GMT"
        ],
        "Content-Length": [
          "406"
        ],
        "Content-Type": [
          "application/json; charset=utf-8"
        ],
        "Expires": [
          "-1"
        ]
      },
      "ResponseBody": "{\r\n  \"id\": \"/subscriptions/69a75bda-882e-44d5-8431-63421204132a/resourceGroups/sdk-net-test-qa2/providers/Microsoft.NetApp/netAppAccounts/sdk-net-tests-acc-20\",\r\n  \"name\": \"sdk-net-tests-acc-20\",\r\n  \"type\": \"Microsoft.NetApp/netAppAccounts\",\r\n  \"etag\": \"W/\\\"datetime'2020-08-20T22%3A23%3A48.6839513Z'\\\"\",\r\n  \"location\": \"westus2\",\r\n  \"tags\": {\r\n    \"Tag1\": \"Value2\"\r\n  },\r\n  \"properties\": {\r\n    \"name\": \"sdk-net-tests-acc-20\",\r\n    \"provisioningState\": \"Updating\"\r\n  }\r\n}",
      "StatusCode": 200
    },
    {
      "RequestUri": "/subscriptions/69a75bda-882e-44d5-8431-63421204132a/providers/Microsoft.NetApp/locations/westus2/operationResults/903ee102-6dd2-43be-8306-2bd5c7c531e7?api-version=2019-11-01",
      "EncodedRequestUri": "L3N1YnNjcmlwdGlvbnMvNjlhNzViZGEtODgyZS00NGQ1LTg0MzEtNjM0MjEyMDQxMzJhL3Byb3ZpZGVycy9NaWNyb3NvZnQuTmV0QXBwL2xvY2F0aW9ucy93ZXN0dXMyL29wZXJhdGlvblJlc3VsdHMvOTAzZWUxMDItNmRkMi00M2JlLTgzMDYtMmJkNWM3YzUzMWU3P2FwaS12ZXJzaW9uPTIwMTktMTEtMDE=",
      "RequestMethod": "GET",
      "RequestBody": "",
      "RequestHeaders": {
        "User-Agent": [
          "FxVersion/4.6.29130.01",
          "OSName/Windows",
          "OSVersion/Microsoft.Windows.10.0.18363.",
          "Microsoft.Azure.Management.NetApp.AzureNetAppFilesManagementClient/1.5.1.0"
        ]
      },
      "ResponseHeaders": {
        "Cache-Control": [
          "no-cache"
        ],
        "Pragma": [
          "no-cache"
        ],
        "x-ms-request-id": [
          "075deb1a-0609-418f-b9a8-32c87b3f7f7b"
        ],
        "Request-Context": [
          "appId=cid-v1:2c4cb680-0a1f-424d-bb8d-8e650ba68d53"
        ],
        "Access-Control-Expose-Headers": [
          "Request-Context"
        ],
        "Server": [
          "Microsoft-IIS/10.0"
        ],
        "X-Powered-By": [
          "ASP.NET"
        ],
        "x-ms-ratelimit-remaining-subscription-reads": [
          "11999"
        ],
        "x-ms-correlation-request-id": [
          "a53ff7d0-2d8c-4524-af0d-b7b4921b5883"
        ],
        "x-ms-routing-request-id": [
          "NORTHEUROPE:20200820T222421Z:a53ff7d0-2d8c-4524-af0d-b7b4921b5883"
        ],
        "Strict-Transport-Security": [
          "max-age=31536000; includeSubDomains"
        ],
        "X-Content-Type-Options": [
          "nosniff"
        ],
        "Date": [
          "Thu, 20 Aug 2020 22:24:21 GMT"
        ],
        "Content-Length": [
          "513"
        ],
        "Content-Type": [
          "application/json; charset=utf-8"
        ],
        "Expires": [
          "-1"
        ]
      },
      "ResponseBody": "{\r\n  \"id\": \"/subscriptions/69a75bda-882e-44d5-8431-63421204132a/providers/Microsoft.NetApp/locations/westus2/operationResults/903ee102-6dd2-43be-8306-2bd5c7c531e7\",\r\n  \"name\": \"903ee102-6dd2-43be-8306-2bd5c7c531e7\",\r\n  \"status\": \"Succeeded\",\r\n  \"startTime\": \"2020-08-20T22:23:48.5998196Z\",\r\n  \"endTime\": \"2020-08-20T22:23:48.7403897Z\",\r\n  \"percentComplete\": 100.0,\r\n  \"properties\": {\r\n    \"resourceName\": \"/subscriptions/69a75bda-882e-44d5-8431-63421204132a/resourceGroups/sdk-net-test-qa2/providers/Microsoft.NetApp/netAppAccounts/sdk-net-tests-acc-20\"\r\n  }\r\n}",
      "StatusCode": 200
    },
    {
      "RequestUri": "/subscriptions/69a75bda-882e-44d5-8431-63421204132a/resourceGroups/sdk-net-test-qa2/providers/Microsoft.NetApp/netAppAccounts/sdk-net-tests-acc-20?api-version=2019-11-01",
      "EncodedRequestUri": "L3N1YnNjcmlwdGlvbnMvNjlhNzViZGEtODgyZS00NGQ1LTg0MzEtNjM0MjEyMDQxMzJhL3Jlc291cmNlR3JvdXBzL3Nkay1uZXQtdGVzdC1xYTIvcHJvdmlkZXJzL01pY3Jvc29mdC5OZXRBcHAvbmV0QXBwQWNjb3VudHMvc2RrLW5ldC10ZXN0cy1hY2MtMjA/YXBpLXZlcnNpb249MjAxOS0xMS0wMQ==",
      "RequestMethod": "GET",
      "RequestBody": "",
      "RequestHeaders": {
        "User-Agent": [
          "FxVersion/4.6.29130.01",
          "OSName/Windows",
          "OSVersion/Microsoft.Windows.10.0.18363.",
          "Microsoft.Azure.Management.NetApp.AzureNetAppFilesManagementClient/1.5.1.0"
        ]
      },
      "ResponseHeaders": {
        "Cache-Control": [
          "no-cache"
        ],
        "Pragma": [
          "no-cache"
        ],
        "ETag": [
          "W/\"datetime'2020-08-20T22%3A23%3A48.7439927Z'\""
        ],
        "x-ms-request-id": [
          "2854497b-9896-4ec4-8a54-c516aededc43"
        ],
        "Request-Context": [
          "appId=cid-v1:2c4cb680-0a1f-424d-bb8d-8e650ba68d53"
        ],
        "Access-Control-Expose-Headers": [
          "Request-Context"
        ],
        "Server": [
          "Microsoft-IIS/10.0"
        ],
        "X-Powered-By": [
          "ASP.NET"
        ],
        "x-ms-ratelimit-remaining-subscription-reads": [
          "11998"
        ],
        "x-ms-correlation-request-id": [
          "f5367588-387f-471f-a109-a7528123256e"
        ],
        "x-ms-routing-request-id": [
          "NORTHEUROPE:20200820T222421Z:f5367588-387f-471f-a109-a7528123256e"
        ],
        "Strict-Transport-Security": [
          "max-age=31536000; includeSubDomains"
        ],
        "X-Content-Type-Options": [
          "nosniff"
        ],
        "Date": [
          "Thu, 20 Aug 2020 22:24:21 GMT"
        ],
        "Content-Length": [
          "382"
        ],
        "Content-Type": [
          "application/json; charset=utf-8"
        ],
        "Expires": [
          "-1"
        ]
      },
      "ResponseBody": "{\r\n  \"id\": \"/subscriptions/69a75bda-882e-44d5-8431-63421204132a/resourceGroups/sdk-net-test-qa2/providers/Microsoft.NetApp/netAppAccounts/sdk-net-tests-acc-20\",\r\n  \"name\": \"sdk-net-tests-acc-20\",\r\n  \"type\": \"Microsoft.NetApp/netAppAccounts\",\r\n  \"etag\": \"W/\\\"datetime'2020-08-20T22%3A23%3A48.7439927Z'\\\"\",\r\n  \"location\": \"westus2\",\r\n  \"properties\": {\r\n    \"name\": \"sdk-net-tests-acc-20\",\r\n    \"provisioningState\": \"Succeeded\"\r\n  }\r\n}",
      "StatusCode": 200
    },
    {
      "RequestUri": "/subscriptions/69a75bda-882e-44d5-8431-63421204132a/resourceGroups/sdk-net-test-qa2/providers/Microsoft.NetApp/netAppAccounts/sdk-net-tests-acc-21?api-version=2019-11-01",
      "EncodedRequestUri": "L3N1YnNjcmlwdGlvbnMvNjlhNzViZGEtODgyZS00NGQ1LTg0MzEtNjM0MjEyMDQxMzJhL3Jlc291cmNlR3JvdXBzL3Nkay1uZXQtdGVzdC1xYTIvcHJvdmlkZXJzL01pY3Jvc29mdC5OZXRBcHAvbmV0QXBwQWNjb3VudHMvc2RrLW5ldC10ZXN0cy1hY2MtMjE/YXBpLXZlcnNpb249MjAxOS0xMS0wMQ==",
      "RequestMethod": "PUT",
      "RequestBody": "{\r\n  \"location\": \"westus2\"\r\n}",
      "RequestHeaders": {
        "x-ms-client-request-id": [
          "e68fb77a-18c5-438c-9bf6-1bd4ab5fccf8"
        ],
        "Accept-Language": [
          "en-US"
        ],
        "User-Agent": [
          "FxVersion/4.6.29130.01",
          "OSName/Windows",
          "OSVersion/Microsoft.Windows.10.0.18363.",
          "Microsoft.Azure.Management.NetApp.AzureNetAppFilesManagementClient/1.5.1.0"
        ],
        "Content-Type": [
          "application/json; charset=utf-8"
        ],
        "Content-Length": [
          "29"
        ]
      },
      "ResponseHeaders": {
        "Cache-Control": [
          "no-cache"
        ],
        "Pragma": [
          "no-cache"
        ],
        "ETag": [
          "W/\"datetime'2020-08-20T22%3A24%3A28.5380776Z'\""
        ],
        "x-ms-request-id": [
          "3048ba8e-83a7-46c7-9bbd-ec90dc53fe2e"
        ],
        "Azure-AsyncOperation": [
          "https://management.azure.com/subscriptions/69a75bda-882e-44d5-8431-63421204132a/providers/Microsoft.NetApp/locations/westus2/operationResults/2e064c47-c8c2-4e3a-aff6-c13d7b450377?api-version=2019-11-01"
        ],
        "Request-Context": [
          "appId=cid-v1:2c4cb680-0a1f-424d-bb8d-8e650ba68d53"
        ],
        "Access-Control-Expose-Headers": [
          "Request-Context"
        ],
        "Server": [
          "Microsoft-IIS/10.0"
        ],
        "X-Powered-By": [
          "ASP.NET"
        ],
        "x-ms-ratelimit-remaining-subscription-writes": [
          "1198"
        ],
        "x-ms-correlation-request-id": [
          "0f197fd3-2634-4175-81f7-c8a2e1fdf9fb"
        ],
        "x-ms-routing-request-id": [
          "NORTHEUROPE:20200820T222430Z:0f197fd3-2634-4175-81f7-c8a2e1fdf9fb"
        ],
        "Strict-Transport-Security": [
          "max-age=31536000; includeSubDomains"
        ],
        "X-Content-Type-Options": [
          "nosniff"
        ],
        "Date": [
          "Thu, 20 Aug 2020 22:24:29 GMT"
        ],
        "Content-Length": [
          "381"
        ],
        "Content-Type": [
          "application/json; charset=utf-8"
        ],
        "Expires": [
          "-1"
        ]
      },
      "ResponseBody": "{\r\n  \"id\": \"/subscriptions/69a75bda-882e-44d5-8431-63421204132a/resourceGroups/sdk-net-test-qa2/providers/Microsoft.NetApp/netAppAccounts/sdk-net-tests-acc-21\",\r\n  \"name\": \"sdk-net-tests-acc-21\",\r\n  \"type\": \"Microsoft.NetApp/netAppAccounts\",\r\n  \"etag\": \"W/\\\"datetime'2020-08-20T22%3A24%3A28.5380776Z'\\\"\",\r\n  \"location\": \"westus2\",\r\n  \"properties\": {\r\n    \"name\": \"sdk-net-tests-acc-21\",\r\n    \"provisioningState\": \"Creating\"\r\n  }\r\n}",
      "StatusCode": 201
    },
    {
      "RequestUri": "/subscriptions/69a75bda-882e-44d5-8431-63421204132a/providers/Microsoft.NetApp/locations/westus2/operationResults/2e064c47-c8c2-4e3a-aff6-c13d7b450377?api-version=2019-11-01",
      "EncodedRequestUri": "L3N1YnNjcmlwdGlvbnMvNjlhNzViZGEtODgyZS00NGQ1LTg0MzEtNjM0MjEyMDQxMzJhL3Byb3ZpZGVycy9NaWNyb3NvZnQuTmV0QXBwL2xvY2F0aW9ucy93ZXN0dXMyL29wZXJhdGlvblJlc3VsdHMvMmUwNjRjNDctYzhjMi00ZTNhLWFmZjYtYzEzZDdiNDUwMzc3P2FwaS12ZXJzaW9uPTIwMTktMTEtMDE=",
      "RequestMethod": "GET",
      "RequestBody": "",
      "RequestHeaders": {
        "User-Agent": [
          "FxVersion/4.6.29130.01",
          "OSName/Windows",
          "OSVersion/Microsoft.Windows.10.0.18363.",
          "Microsoft.Azure.Management.NetApp.AzureNetAppFilesManagementClient/1.5.1.0"
        ]
      },
      "ResponseHeaders": {
        "Cache-Control": [
          "no-cache"
        ],
        "Pragma": [
          "no-cache"
        ],
        "x-ms-request-id": [
          "79660495-f884-462a-a911-eedce12d1354"
        ],
        "Request-Context": [
          "appId=cid-v1:2c4cb680-0a1f-424d-bb8d-8e650ba68d53"
        ],
        "Access-Control-Expose-Headers": [
          "Request-Context"
        ],
        "Server": [
          "Microsoft-IIS/10.0"
        ],
        "X-Powered-By": [
          "ASP.NET"
        ],
        "x-ms-ratelimit-remaining-subscription-reads": [
          "11997"
        ],
        "x-ms-correlation-request-id": [
          "5947b003-3d68-4d79-aef8-3a7bc751a0e2"
        ],
        "x-ms-routing-request-id": [
          "NORTHEUROPE:20200820T222500Z:5947b003-3d68-4d79-aef8-3a7bc751a0e2"
        ],
        "Strict-Transport-Security": [
          "max-age=31536000; includeSubDomains"
        ],
        "X-Content-Type-Options": [
          "nosniff"
        ],
        "Date": [
          "Thu, 20 Aug 2020 22:24:59 GMT"
        ],
        "Content-Length": [
          "513"
        ],
        "Content-Type": [
          "application/json; charset=utf-8"
        ],
        "Expires": [
          "-1"
        ]
      },
      "ResponseBody": "{\r\n  \"id\": \"/subscriptions/69a75bda-882e-44d5-8431-63421204132a/providers/Microsoft.NetApp/locations/westus2/operationResults/2e064c47-c8c2-4e3a-aff6-c13d7b450377\",\r\n  \"name\": \"2e064c47-c8c2-4e3a-aff6-c13d7b450377\",\r\n  \"status\": \"Succeeded\",\r\n  \"startTime\": \"2020-08-20T22:24:28.4657313Z\",\r\n  \"endTime\": \"2020-08-20T22:24:28.6219334Z\",\r\n  \"percentComplete\": 100.0,\r\n  \"properties\": {\r\n    \"resourceName\": \"/subscriptions/69a75bda-882e-44d5-8431-63421204132a/resourceGroups/sdk-net-test-qa2/providers/Microsoft.NetApp/netAppAccounts/sdk-net-tests-acc-21\"\r\n  }\r\n}",
      "StatusCode": 200
    },
    {
      "RequestUri": "/subscriptions/69a75bda-882e-44d5-8431-63421204132a/resourceGroups/sdk-net-test-qa2/providers/Microsoft.NetApp/netAppAccounts/sdk-net-tests-acc-21?api-version=2019-11-01",
      "EncodedRequestUri": "L3N1YnNjcmlwdGlvbnMvNjlhNzViZGEtODgyZS00NGQ1LTg0MzEtNjM0MjEyMDQxMzJhL3Jlc291cmNlR3JvdXBzL3Nkay1uZXQtdGVzdC1xYTIvcHJvdmlkZXJzL01pY3Jvc29mdC5OZXRBcHAvbmV0QXBwQWNjb3VudHMvc2RrLW5ldC10ZXN0cy1hY2MtMjE/YXBpLXZlcnNpb249MjAxOS0xMS0wMQ==",
      "RequestMethod": "GET",
      "RequestBody": "",
      "RequestHeaders": {
        "User-Agent": [
          "FxVersion/4.6.29130.01",
          "OSName/Windows",
          "OSVersion/Microsoft.Windows.10.0.18363.",
          "Microsoft.Azure.Management.NetApp.AzureNetAppFilesManagementClient/1.5.1.0"
        ]
      },
      "ResponseHeaders": {
        "Cache-Control": [
          "no-cache"
        ],
        "Pragma": [
          "no-cache"
        ],
        "ETag": [
          "W/\"datetime'2020-08-20T22%3A24%3A28.6151319Z'\""
        ],
        "x-ms-request-id": [
          "763dd0fa-3ef0-434b-a828-2ac6ffc094d4"
        ],
        "Request-Context": [
          "appId=cid-v1:2c4cb680-0a1f-424d-bb8d-8e650ba68d53"
        ],
        "Access-Control-Expose-Headers": [
          "Request-Context"
        ],
        "Server": [
          "Microsoft-IIS/10.0"
        ],
        "X-Powered-By": [
          "ASP.NET"
        ],
        "x-ms-ratelimit-remaining-subscription-reads": [
          "11996"
        ],
        "x-ms-correlation-request-id": [
          "dba26fd8-7006-49a3-89ff-eafc6fbfa9fe"
        ],
        "x-ms-routing-request-id": [
          "NORTHEUROPE:20200820T222500Z:dba26fd8-7006-49a3-89ff-eafc6fbfa9fe"
        ],
        "Strict-Transport-Security": [
          "max-age=31536000; includeSubDomains"
        ],
        "X-Content-Type-Options": [
          "nosniff"
        ],
        "Date": [
          "Thu, 20 Aug 2020 22:24:59 GMT"
        ],
        "Content-Length": [
          "382"
        ],
        "Content-Type": [
          "application/json; charset=utf-8"
        ],
        "Expires": [
          "-1"
        ]
      },
      "ResponseBody": "{\r\n  \"id\": \"/subscriptions/69a75bda-882e-44d5-8431-63421204132a/resourceGroups/sdk-net-test-qa2/providers/Microsoft.NetApp/netAppAccounts/sdk-net-tests-acc-21\",\r\n  \"name\": \"sdk-net-tests-acc-21\",\r\n  \"type\": \"Microsoft.NetApp/netAppAccounts\",\r\n  \"etag\": \"W/\\\"datetime'2020-08-20T22%3A24%3A28.6151319Z'\\\"\",\r\n  \"location\": \"westus2\",\r\n  \"properties\": {\r\n    \"name\": \"sdk-net-tests-acc-21\",\r\n    \"provisioningState\": \"Succeeded\"\r\n  }\r\n}",
      "StatusCode": 200
    },
    {
      "RequestUri": "/subscriptions/69a75bda-882e-44d5-8431-63421204132a/resourceGroups/sdk-net-test-qa2/providers/Microsoft.NetApp/netAppAccounts?api-version=2019-11-01",
      "EncodedRequestUri": "L3N1YnNjcmlwdGlvbnMvNjlhNzViZGEtODgyZS00NGQ1LTg0MzEtNjM0MjEyMDQxMzJhL3Jlc291cmNlR3JvdXBzL3Nkay1uZXQtdGVzdC1xYTIvcHJvdmlkZXJzL01pY3Jvc29mdC5OZXRBcHAvbmV0QXBwQWNjb3VudHM/YXBpLXZlcnNpb249MjAxOS0xMS0wMQ==",
      "RequestMethod": "GET",
      "RequestBody": "",
      "RequestHeaders": {
        "x-ms-client-request-id": [
          "c431054c-044e-40ca-be4a-08cfbca5d999"
        ],
        "Accept-Language": [
          "en-US"
        ],
        "User-Agent": [
          "FxVersion/4.6.29130.01",
          "OSName/Windows",
          "OSVersion/Microsoft.Windows.10.0.18363.",
          "Microsoft.Azure.Management.NetApp.AzureNetAppFilesManagementClient/1.5.1.0"
        ]
      },
      "ResponseHeaders": {
        "Cache-Control": [
          "no-cache"
        ],
        "Pragma": [
          "no-cache"
        ],
        "x-ms-request-id": [
          "16d9a471-004f-4e0f-93d6-a2dba5462a4e"
        ],
        "Request-Context": [
          "appId=cid-v1:2c4cb680-0a1f-424d-bb8d-8e650ba68d53"
        ],
        "Access-Control-Expose-Headers": [
          "Request-Context"
        ],
        "Server": [
          "Microsoft-IIS/10.0"
        ],
        "X-Powered-By": [
          "ASP.NET"
        ],
        "x-ms-ratelimit-remaining-subscription-reads": [
          "11995"
        ],
        "x-ms-correlation-request-id": [
          "f619cb9b-a70b-466e-ac08-6e9f7ad982a1"
        ],
        "x-ms-routing-request-id": [
          "NORTHEUROPE:20200820T222505Z:f619cb9b-a70b-466e-ac08-6e9f7ad982a1"
        ],
        "Strict-Transport-Security": [
          "max-age=31536000; includeSubDomains"
        ],
        "X-Content-Type-Options": [
          "nosniff"
        ],
        "Date": [
          "Thu, 20 Aug 2020 22:25:04 GMT"
        ],
        "Content-Length": [
          "777"
        ],
        "Content-Type": [
          "application/json; charset=utf-8"
        ],
        "Expires": [
          "-1"
        ]
      },
      "ResponseBody": "{\r\n  \"value\": [\r\n    {\r\n      \"id\": \"/subscriptions/69a75bda-882e-44d5-8431-63421204132a/resourceGroups/sdk-net-test-qa2/providers/Microsoft.NetApp/netAppAccounts/sdk-net-tests-acc-20\",\r\n      \"name\": \"sdk-net-tests-acc-20\",\r\n      \"type\": \"Microsoft.NetApp/netAppAccounts\",\r\n      \"etag\": \"W/\\\"datetime'2020-08-20T22%3A23%3A48.7439927Z'\\\"\",\r\n      \"location\": \"westus2\",\r\n      \"properties\": {\r\n        \"name\": \"sdk-net-tests-acc-20\",\r\n        \"provisioningState\": \"Succeeded\"\r\n      }\r\n    },\r\n    {\r\n      \"id\": \"/subscriptions/69a75bda-882e-44d5-8431-63421204132a/resourceGroups/sdk-net-test-qa2/providers/Microsoft.NetApp/netAppAccounts/sdk-net-tests-acc-21\",\r\n      \"name\": \"sdk-net-tests-acc-21\",\r\n      \"type\": \"Microsoft.NetApp/netAppAccounts\",\r\n      \"etag\": \"W/\\\"datetime'2020-08-20T22%3A24%3A28.6151319Z'\\\"\",\r\n      \"location\": \"westus2\",\r\n      \"properties\": {\r\n        \"name\": \"sdk-net-tests-acc-21\",\r\n        \"provisioningState\": \"Succeeded\"\r\n      }\r\n    }\r\n  ]\r\n}",
      "StatusCode": 200
    },
    {
      "RequestUri": "/subscriptions/69a75bda-882e-44d5-8431-63421204132a/resourceGroups/sdk-net-test-qa2/providers/Microsoft.NetApp/netAppAccounts/sdk-net-tests-acc-20?api-version=2019-11-01",
      "EncodedRequestUri": "L3N1YnNjcmlwdGlvbnMvNjlhNzViZGEtODgyZS00NGQ1LTg0MzEtNjM0MjEyMDQxMzJhL3Jlc291cmNlR3JvdXBzL3Nkay1uZXQtdGVzdC1xYTIvcHJvdmlkZXJzL01pY3Jvc29mdC5OZXRBcHAvbmV0QXBwQWNjb3VudHMvc2RrLW5ldC10ZXN0cy1hY2MtMjA/YXBpLXZlcnNpb249MjAxOS0xMS0wMQ==",
      "RequestMethod": "DELETE",
      "RequestBody": "",
      "RequestHeaders": {
        "x-ms-client-request-id": [
          "8cbd701e-3fa6-45c1-9829-ee26947362d4"
        ],
        "Accept-Language": [
          "en-US"
        ],
        "User-Agent": [
          "FxVersion/4.6.29130.01",
          "OSName/Windows",
          "OSVersion/Microsoft.Windows.10.0.18363.",
          "Microsoft.Azure.Management.NetApp.AzureNetAppFilesManagementClient/1.5.1.0"
        ]
      },
      "ResponseHeaders": {
        "Cache-Control": [
          "no-cache"
        ],
        "Pragma": [
          "no-cache"
        ],
        "Location": [
          "https://management.azure.com/subscriptions/69a75bda-882e-44d5-8431-63421204132a/providers/Microsoft.NetApp/locations/westus2/operationResults/bb42326a-f854-40ed-a944-08ebc2781b7d?api-version=2019-11-01&operationResultResponseType=Location"
        ],
        "Azure-AsyncOperation": [
          "https://management.azure.com/subscriptions/69a75bda-882e-44d5-8431-63421204132a/providers/Microsoft.NetApp/locations/westus2/operationResults/bb42326a-f854-40ed-a944-08ebc2781b7d?api-version=2019-11-01"
        ],
        "Request-Context": [
          "appId=cid-v1:2c4cb680-0a1f-424d-bb8d-8e650ba68d53"
        ],
        "Access-Control-Expose-Headers": [
          "Request-Context"
        ],
        "Server": [
          "Microsoft-IIS/10.0"
        ],
        "X-Powered-By": [
          "ASP.NET"
        ],
        "x-ms-ratelimit-remaining-subscription-deletes": [
          "14999"
        ],
        "x-ms-request-id": [
          "bc6eec02-371d-432d-890f-0b830c2e5a37"
        ],
        "x-ms-correlation-request-id": [
          "bc6eec02-371d-432d-890f-0b830c2e5a37"
        ],
        "x-ms-routing-request-id": [
          "NORTHEUROPE:20200820T222506Z:bc6eec02-371d-432d-890f-0b830c2e5a37"
        ],
        "Strict-Transport-Security": [
          "max-age=31536000; includeSubDomains"
        ],
        "X-Content-Type-Options": [
          "nosniff"
        ],
        "Date": [
          "Thu, 20 Aug 2020 22:25:05 GMT"
        ],
        "Expires": [
          "-1"
        ],
        "Content-Length": [
          "0"
        ]
      },
      "ResponseBody": "",
      "StatusCode": 202
    },
    {
      "RequestUri": "/subscriptions/69a75bda-882e-44d5-8431-63421204132a/providers/Microsoft.NetApp/locations/westus2/operationResults/bb42326a-f854-40ed-a944-08ebc2781b7d?api-version=2019-11-01",
      "EncodedRequestUri": "L3N1YnNjcmlwdGlvbnMvNjlhNzViZGEtODgyZS00NGQ1LTg0MzEtNjM0MjEyMDQxMzJhL3Byb3ZpZGVycy9NaWNyb3NvZnQuTmV0QXBwL2xvY2F0aW9ucy93ZXN0dXMyL29wZXJhdGlvblJlc3VsdHMvYmI0MjMyNmEtZjg1NC00MGVkLWE5NDQtMDhlYmMyNzgxYjdkP2FwaS12ZXJzaW9uPTIwMTktMTEtMDE=",
      "RequestMethod": "GET",
      "RequestBody": "",
      "RequestHeaders": {
        "User-Agent": [
          "FxVersion/4.6.29130.01",
          "OSName/Windows",
          "OSVersion/Microsoft.Windows.10.0.18363.",
          "Microsoft.Azure.Management.NetApp.AzureNetAppFilesManagementClient/1.5.1.0"
        ]
      },
      "ResponseHeaders": {
        "Cache-Control": [
          "no-cache"
        ],
        "Pragma": [
          "no-cache"
        ],
        "x-ms-request-id": [
          "62a9f48b-b330-422b-b22c-5b000241e9cf"
        ],
        "Request-Context": [
          "appId=cid-v1:2c4cb680-0a1f-424d-bb8d-8e650ba68d53"
        ],
        "Access-Control-Expose-Headers": [
          "Request-Context"
        ],
        "Server": [
          "Microsoft-IIS/10.0"
        ],
        "X-Powered-By": [
          "ASP.NET"
        ],
        "x-ms-ratelimit-remaining-subscription-reads": [
          "11994"
        ],
        "x-ms-correlation-request-id": [
          "7d24d492-4049-4d3a-b2ce-5abd4c7d2b94"
        ],
        "x-ms-routing-request-id": [
          "NORTHEUROPE:20200820T222536Z:7d24d492-4049-4d3a-b2ce-5abd4c7d2b94"
        ],
        "Strict-Transport-Security": [
          "max-age=31536000; includeSubDomains"
        ],
        "X-Content-Type-Options": [
          "nosniff"
        ],
        "Date": [
          "Thu, 20 Aug 2020 22:25:36 GMT"
        ],
        "Content-Length": [
          "513"
        ],
        "Content-Type": [
          "application/json; charset=utf-8"
        ],
        "Expires": [
          "-1"
        ]
      },
      "ResponseBody": "{\r\n  \"id\": \"/subscriptions/69a75bda-882e-44d5-8431-63421204132a/providers/Microsoft.NetApp/locations/westus2/operationResults/bb42326a-f854-40ed-a944-08ebc2781b7d\",\r\n  \"name\": \"bb42326a-f854-40ed-a944-08ebc2781b7d\",\r\n  \"status\": \"Succeeded\",\r\n  \"startTime\": \"2020-08-20T22:25:06.3296599Z\",\r\n  \"endTime\": \"2020-08-20T22:25:06.4234164Z\",\r\n  \"percentComplete\": 100.0,\r\n  \"properties\": {\r\n    \"resourceName\": \"/subscriptions/69a75bda-882e-44d5-8431-63421204132a/resourceGroups/sdk-net-test-qa2/providers/Microsoft.NetApp/netAppAccounts/sdk-net-tests-acc-20\"\r\n  }\r\n}",
      "StatusCode": 200
    },
    {
      "RequestUri": "/subscriptions/69a75bda-882e-44d5-8431-63421204132a/providers/Microsoft.NetApp/locations/westus2/operationResults/bb42326a-f854-40ed-a944-08ebc2781b7d?api-version=2019-11-01&operationResultResponseType=Location",
      "EncodedRequestUri": "L3N1YnNjcmlwdGlvbnMvNjlhNzViZGEtODgyZS00NGQ1LTg0MzEtNjM0MjEyMDQxMzJhL3Byb3ZpZGVycy9NaWNyb3NvZnQuTmV0QXBwL2xvY2F0aW9ucy93ZXN0dXMyL29wZXJhdGlvblJlc3VsdHMvYmI0MjMyNmEtZjg1NC00MGVkLWE5NDQtMDhlYmMyNzgxYjdkP2FwaS12ZXJzaW9uPTIwMTktMTEtMDEmb3BlcmF0aW9uUmVzdWx0UmVzcG9uc2VUeXBlPUxvY2F0aW9u",
      "RequestMethod": "GET",
      "RequestBody": "",
      "RequestHeaders": {
        "User-Agent": [
          "FxVersion/4.6.29130.01",
          "OSName/Windows",
          "OSVersion/Microsoft.Windows.10.0.18363.",
          "Microsoft.Azure.Management.NetApp.AzureNetAppFilesManagementClient/1.5.1.0"
        ]
      },
      "ResponseHeaders": {
        "Cache-Control": [
          "no-cache"
        ],
        "Pragma": [
          "no-cache"
        ],
        "x-ms-request-id": [
          "ab7c6ce3-d596-44e5-a9c8-39200a5a996e"
        ],
        "Request-Context": [
          "appId=cid-v1:2c4cb680-0a1f-424d-bb8d-8e650ba68d53"
        ],
        "Access-Control-Expose-Headers": [
          "Request-Context"
        ],
        "Server": [
          "Microsoft-IIS/10.0"
        ],
        "X-Powered-By": [
          "ASP.NET"
        ],
        "x-ms-ratelimit-remaining-subscription-reads": [
          "11993"
        ],
        "x-ms-correlation-request-id": [
          "090dca97-8b82-4c5e-8d48-e55cc161ee15"
        ],
        "x-ms-routing-request-id": [
          "NORTHEUROPE:20200820T222536Z:090dca97-8b82-4c5e-8d48-e55cc161ee15"
        ],
        "Strict-Transport-Security": [
          "max-age=31536000; includeSubDomains"
        ],
        "X-Content-Type-Options": [
          "nosniff"
        ],
        "Date": [
          "Thu, 20 Aug 2020 22:25:36 GMT"
        ],
        "Content-Length": [
          "381"
        ],
        "Content-Type": [
          "application/json; charset=utf-8"
        ],
        "Expires": [
          "-1"
        ]
      },
      "ResponseBody": "{\r\n  \"id\": \"/subscriptions/69a75bda-882e-44d5-8431-63421204132a/resourceGroups/sdk-net-test-qa2/providers/Microsoft.NetApp/netAppAccounts/sdk-net-tests-acc-20\",\r\n  \"name\": \"sdk-net-tests-acc-20\",\r\n  \"type\": \"Microsoft.NetApp/netAppAccounts\",\r\n  \"etag\": \"W/\\\"datetime'2020-08-20T22%3A25%3A06.3926787Z'\\\"\",\r\n  \"location\": \"westus2\",\r\n  \"properties\": {\r\n    \"name\": \"sdk-net-tests-acc-20\",\r\n    \"provisioningState\": \"Deleting\"\r\n  }\r\n}",
      "StatusCode": 200
    },
    {
      "RequestUri": "/subscriptions/69a75bda-882e-44d5-8431-63421204132a/resourceGroups/sdk-net-test-qa2/providers/Microsoft.NetApp/netAppAccounts/sdk-net-tests-acc-21?api-version=2019-11-01",
      "EncodedRequestUri": "L3N1YnNjcmlwdGlvbnMvNjlhNzViZGEtODgyZS00NGQ1LTg0MzEtNjM0MjEyMDQxMzJhL3Jlc291cmNlR3JvdXBzL3Nkay1uZXQtdGVzdC1xYTIvcHJvdmlkZXJzL01pY3Jvc29mdC5OZXRBcHAvbmV0QXBwQWNjb3VudHMvc2RrLW5ldC10ZXN0cy1hY2MtMjE/YXBpLXZlcnNpb249MjAxOS0xMS0wMQ==",
      "RequestMethod": "DELETE",
      "RequestBody": "",
      "RequestHeaders": {
        "x-ms-client-request-id": [
          "4db18c25-c8bd-46d9-8976-cada36f16651"
        ],
        "Accept-Language": [
          "en-US"
        ],
        "User-Agent": [
          "FxVersion/4.6.29130.01",
          "OSName/Windows",
          "OSVersion/Microsoft.Windows.10.0.18363.",
          "Microsoft.Azure.Management.NetApp.AzureNetAppFilesManagementClient/1.5.1.0"
        ]
      },
      "ResponseHeaders": {
        "Cache-Control": [
          "no-cache"
        ],
        "Pragma": [
          "no-cache"
        ],
        "Location": [
          "https://management.azure.com/subscriptions/69a75bda-882e-44d5-8431-63421204132a/providers/Microsoft.NetApp/locations/westus2/operationResults/02f97ef3-d117-4484-b6f2-e42cdfc8719e?api-version=2019-11-01&operationResultResponseType=Location"
        ],
        "Azure-AsyncOperation": [
          "https://management.azure.com/subscriptions/69a75bda-882e-44d5-8431-63421204132a/providers/Microsoft.NetApp/locations/westus2/operationResults/02f97ef3-d117-4484-b6f2-e42cdfc8719e?api-version=2019-11-01"
        ],
        "Request-Context": [
          "appId=cid-v1:2c4cb680-0a1f-424d-bb8d-8e650ba68d53"
        ],
        "Access-Control-Expose-Headers": [
          "Request-Context"
        ],
        "Server": [
          "Microsoft-IIS/10.0"
        ],
        "X-Powered-By": [
          "ASP.NET"
        ],
        "x-ms-ratelimit-remaining-subscription-deletes": [
          "14998"
        ],
        "x-ms-request-id": [
          "127752b7-ec36-489e-9826-c71f80e22c38"
        ],
        "x-ms-correlation-request-id": [
          "127752b7-ec36-489e-9826-c71f80e22c38"
        ],
        "x-ms-routing-request-id": [
          "NORTHEUROPE:20200820T222538Z:127752b7-ec36-489e-9826-c71f80e22c38"
        ],
        "Strict-Transport-Security": [
          "max-age=31536000; includeSubDomains"
        ],
        "X-Content-Type-Options": [
          "nosniff"
        ],
        "Date": [
          "Thu, 20 Aug 2020 22:25:37 GMT"
        ],
        "Expires": [
          "-1"
        ],
        "Content-Length": [
          "0"
        ]
      },
      "ResponseBody": "",
      "StatusCode": 202
    },
    {
      "RequestUri": "/subscriptions/69a75bda-882e-44d5-8431-63421204132a/providers/Microsoft.NetApp/locations/westus2/operationResults/02f97ef3-d117-4484-b6f2-e42cdfc8719e?api-version=2019-11-01",
      "EncodedRequestUri": "L3N1YnNjcmlwdGlvbnMvNjlhNzViZGEtODgyZS00NGQ1LTg0MzEtNjM0MjEyMDQxMzJhL3Byb3ZpZGVycy9NaWNyb3NvZnQuTmV0QXBwL2xvY2F0aW9ucy93ZXN0dXMyL29wZXJhdGlvblJlc3VsdHMvMDJmOTdlZjMtZDExNy00NDg0LWI2ZjItZTQyY2RmYzg3MTllP2FwaS12ZXJzaW9uPTIwMTktMTEtMDE=",
      "RequestMethod": "GET",
      "RequestBody": "",
      "RequestHeaders": {
        "User-Agent": [
          "FxVersion/4.6.29130.01",
          "OSName/Windows",
          "OSVersion/Microsoft.Windows.10.0.18363.",
          "Microsoft.Azure.Management.NetApp.AzureNetAppFilesManagementClient/1.5.1.0"
        ]
      },
      "ResponseHeaders": {
        "Cache-Control": [
          "no-cache"
        ],
        "Pragma": [
          "no-cache"
        ],
        "x-ms-request-id": [
          "720dedd5-dbd4-4a11-bc7c-ae8f654a1786"
        ],
        "Request-Context": [
          "appId=cid-v1:2c4cb680-0a1f-424d-bb8d-8e650ba68d53"
        ],
        "Access-Control-Expose-Headers": [
          "Request-Context"
        ],
        "Server": [
          "Microsoft-IIS/10.0"
        ],
        "X-Powered-By": [
          "ASP.NET"
        ],
        "x-ms-ratelimit-remaining-subscription-reads": [
          "11992"
        ],
        "x-ms-correlation-request-id": [
          "cbdff6a0-f7b9-45eb-bdfa-a405ff4f0c79"
        ],
        "x-ms-routing-request-id": [
          "NORTHEUROPE:20200820T222608Z:cbdff6a0-f7b9-45eb-bdfa-a405ff4f0c79"
        ],
        "Strict-Transport-Security": [
          "max-age=31536000; includeSubDomains"
        ],
        "X-Content-Type-Options": [
          "nosniff"
        ],
        "Date": [
          "Thu, 20 Aug 2020 22:26:07 GMT"
        ],
        "Content-Length": [
          "513"
        ],
        "Content-Type": [
          "application/json; charset=utf-8"
        ],
        "Expires": [
          "-1"
        ]
      },
      "ResponseBody": "{\r\n  \"id\": \"/subscriptions/69a75bda-882e-44d5-8431-63421204132a/providers/Microsoft.NetApp/locations/westus2/operationResults/02f97ef3-d117-4484-b6f2-e42cdfc8719e\",\r\n  \"name\": \"02f97ef3-d117-4484-b6f2-e42cdfc8719e\",\r\n  \"status\": \"Succeeded\",\r\n  \"startTime\": \"2020-08-20T22:25:37.9863335Z\",\r\n  \"endTime\": \"2020-08-20T22:25:38.0644639Z\",\r\n  \"percentComplete\": 100.0,\r\n  \"properties\": {\r\n    \"resourceName\": \"/subscriptions/69a75bda-882e-44d5-8431-63421204132a/resourceGroups/sdk-net-test-qa2/providers/Microsoft.NetApp/netAppAccounts/sdk-net-tests-acc-21\"\r\n  }\r\n}",
      "StatusCode": 200
    },
    {
      "RequestUri": "/subscriptions/69a75bda-882e-44d5-8431-63421204132a/providers/Microsoft.NetApp/locations/westus2/operationResults/02f97ef3-d117-4484-b6f2-e42cdfc8719e?api-version=2019-11-01&operationResultResponseType=Location",
      "EncodedRequestUri": "L3N1YnNjcmlwdGlvbnMvNjlhNzViZGEtODgyZS00NGQ1LTg0MzEtNjM0MjEyMDQxMzJhL3Byb3ZpZGVycy9NaWNyb3NvZnQuTmV0QXBwL2xvY2F0aW9ucy93ZXN0dXMyL29wZXJhdGlvblJlc3VsdHMvMDJmOTdlZjMtZDExNy00NDg0LWI2ZjItZTQyY2RmYzg3MTllP2FwaS12ZXJzaW9uPTIwMTktMTEtMDEmb3BlcmF0aW9uUmVzdWx0UmVzcG9uc2VUeXBlPUxvY2F0aW9u",
      "RequestMethod": "GET",
      "RequestBody": "",
      "RequestHeaders": {
        "User-Agent": [
          "FxVersion/4.6.29130.01",
          "OSName/Windows",
          "OSVersion/Microsoft.Windows.10.0.18363.",
          "Microsoft.Azure.Management.NetApp.AzureNetAppFilesManagementClient/1.5.1.0"
        ]
      },
      "ResponseHeaders": {
        "Cache-Control": [
          "no-cache"
        ],
        "Pragma": [
          "no-cache"
        ],
        "x-ms-request-id": [
          "a25e55cd-3e8c-41cd-943a-582a303a9094"
        ],
        "Request-Context": [
          "appId=cid-v1:2c4cb680-0a1f-424d-bb8d-8e650ba68d53"
        ],
        "Access-Control-Expose-Headers": [
          "Request-Context"
        ],
        "Server": [
          "Microsoft-IIS/10.0"
        ],
        "X-Powered-By": [
          "ASP.NET"
        ],
        "x-ms-ratelimit-remaining-subscription-reads": [
          "11991"
        ],
        "x-ms-correlation-request-id": [
          "a0f69d29-b760-49dd-8312-03b37968aea8"
        ],
        "x-ms-routing-request-id": [
          "NORTHEUROPE:20200820T222608Z:a0f69d29-b760-49dd-8312-03b37968aea8"
        ],
        "Strict-Transport-Security": [
          "max-age=31536000; includeSubDomains"
        ],
        "X-Content-Type-Options": [
          "nosniff"
        ],
        "Date": [
          "Thu, 20 Aug 2020 22:26:08 GMT"
        ],
        "Content-Length": [
          "381"
        ],
        "Content-Type": [
          "application/json; charset=utf-8"
        ],
        "Expires": [
          "-1"
        ]
      },
      "ResponseBody": "{\r\n  \"id\": \"/subscriptions/69a75bda-882e-44d5-8431-63421204132a/resourceGroups/sdk-net-test-qa2/providers/Microsoft.NetApp/netAppAccounts/sdk-net-tests-acc-21\",\r\n  \"name\": \"sdk-net-tests-acc-21\",\r\n  \"type\": \"Microsoft.NetApp/netAppAccounts\",\r\n  \"etag\": \"W/\\\"datetime'2020-08-20T22%3A25%3A38.0450175Z'\\\"\",\r\n  \"location\": \"westus2\",\r\n  \"properties\": {\r\n    \"name\": \"sdk-net-tests-acc-21\",\r\n    \"provisioningState\": \"Deleting\"\r\n  }\r\n}",
      "StatusCode": 200
    }
  ],
  "Names": {},
  "Variables": {
    "SubscriptionId": "69a75bda-882e-44d5-8431-63421204132a"
  }
}