{
  "Entries": [
    {
      "RequestUri": "https://js-metrics-advisor.cognitiveservices.azure.com/metricsadvisor/v1.0/credentials",
      "RequestMethod": "POST",
      "RequestHeaders": {
        "Accept": "application/json",
        "Content-Length": "140",
        "Content-Type": "application/json",
        "Ocp-Apim-Subscription-Key": "Sanitized",
        "traceparent": "00-35ecf28acf3e164aad413d1104c4f16a-58e3d8abfc1ac343-00",
        "User-Agent": "azsdk-net-AI.MetricsAdvisor/1.0.0-alpha.20210706.1 (.NET Framework 4.8.4300.0; Microsoft Windows 10.0.19043 )",
        "x-api-key": "Sanitized",
        "x-ms-client-request-id": "18b45cf129090efc56d80c13ee2cf2a4",
        "x-ms-return-client-request-id": "true"
      },
      "RequestBody": {
        "parameters": {
          "accountKey": "Sanitized"
        },
        "dataSourceCredentialType": "DataLakeGen2SharedKey",
        "dataSourceCredentialName": "credentialKO4yR8Oo"
      },
      "StatusCode": 201,
      "ResponseHeaders": {
        "apim-request-id": "9145b2b1-32aa-4ecf-9ae3-aed6527efbce",
        "Content-Length": "0",
        "Date": "Tue, 06 Jul 2021 13:18:40 GMT",
        "Location": "https://js-metrics-advisor.cognitiveservices.azure.com/metricsadvisor/v1.0/credentials/8021c82b-cffa-4929-881e-231ab78c3447",
        "Strict-Transport-Security": "max-age=31536000; includeSubDomains; preload",
        "x-content-type-options": "nosniff",
        "x-envoy-upstream-service-time": "543",
        "x-request-id": "9145b2b1-32aa-4ecf-9ae3-aed6527efbce"
      },
      "ResponseBody": []
    },
    {
      "RequestUri": "https://js-metrics-advisor.cognitiveservices.azure.com/metricsadvisor/v1.0/credentials/8021c82b-cffa-4929-881e-231ab78c3447",
      "RequestMethod": "GET",
      "RequestHeaders": {
        "Accept": "application/json",
        "Ocp-Apim-Subscription-Key": "Sanitized",
        "traceparent": "00-35ecf28acf3e164aad413d1104c4f16a-bda5a58a31b43d4c-00",
        "User-Agent": "azsdk-net-AI.MetricsAdvisor/1.0.0-alpha.20210706.1 (.NET Framework 4.8.4300.0; Microsoft Windows 10.0.19043 )",
        "x-api-key": "Sanitized",
        "x-ms-client-request-id": "3de1a93af80058422ca8e6c907be35f3",
        "x-ms-return-client-request-id": "true"
      },
      "RequestBody": null,
      "StatusCode": 200,
      "ResponseHeaders": {
        "apim-request-id": "69f48174-a839-4984-ae24-aedb54a00c71",
        "Content-Length": "217",
        "Content-Type": "application/json; charset=utf-8",
        "Date": "Tue, 06 Jul 2021 13:18:40 GMT",
        "Strict-Transport-Security": "max-age=31536000; includeSubDomains; preload",
        "x-content-type-options": "nosniff",
        "x-envoy-upstream-service-time": "216",
        "x-request-id": "69f48174-a839-4984-ae24-aedb54a00c71"
      },
      "ResponseBody": {
        "dataSourceCredentialId": "8021c82b-cffa-4929-881e-231ab78c3447",
        "dataSourceCredentialName": "credentialKO4yR8Oo",
        "dataSourceCredentialDescription": "",
        "dataSourceCredentialType": "DataLakeGen2SharedKey",
        "parameters": {}
      }
    },
    {
      "RequestUri": "https://js-metrics-advisor.cognitiveservices.azure.com/metricsadvisor/v1.0/credentials/8021c82b-cffa-4929-881e-231ab78c3447",
      "RequestMethod": "PATCH",
      "RequestHeaders": {
        "Accept": "application/json",
        "Content-Length": "155",
        "Content-Type": "application/merge-patch\u002Bjson",
        "Ocp-Apim-Subscription-Key": "Sanitized",
        "traceparent": "00-a0df37873288444f837f66c49733a6a5-bc49c1cdc715cd4c-00",
        "User-Agent": "azsdk-net-AI.MetricsAdvisor/1.0.0-alpha.20210706.1 (.NET Framework 4.8.4300.0; Microsoft Windows 10.0.19043 )",
        "x-api-key": "Sanitized",
        "x-ms-client-request-id": "f3e08d503061c79f825532c3d71a2c55",
        "x-ms-return-client-request-id": "true"
      },
      "RequestBody": {
        "parameters": {},
        "dataSourceCredentialType": "DataLakeGen2SharedKey",
        "dataSourceCredentialName": "credentialKO4yR8Oo",
        "dataSourceCredentialDescription": null
      },
      "StatusCode": 200,
      "ResponseHeaders": {
        "apim-request-id": "c9405d68-7320-46fd-b438-38021d1de492",
        "Content-Length": "217",
        "Content-Type": "application/json; charset=utf-8",
        "Date": "Tue, 06 Jul 2021 13:18:46 GMT",
        "Strict-Transport-Security": "max-age=31536000; includeSubDomains; preload",
        "x-content-type-options": "nosniff",
        "x-envoy-upstream-service-time": "5895",
        "x-request-id": "c9405d68-7320-46fd-b438-38021d1de492"
      },
      "ResponseBody": {
        "dataSourceCredentialId": "8021c82b-cffa-4929-881e-231ab78c3447",
        "dataSourceCredentialName": "credentialKO4yR8Oo",
        "dataSourceCredentialDescription": "",
        "dataSourceCredentialType": "DataLakeGen2SharedKey",
        "parameters": {}
      }
    },
    {
      "RequestUri": "https://js-metrics-advisor.cognitiveservices.azure.com/metricsadvisor/v1.0/credentials/8021c82b-cffa-4929-881e-231ab78c3447",
      "RequestMethod": "DELETE",
      "RequestHeaders": {
        "Accept": "application/json",
        "Ocp-Apim-Subscription-Key": "Sanitized",
        "traceparent": "00-17bbefc25d5cba4384801a17cad8bc95-329f078323827246-00",
        "User-Agent": "azsdk-net-AI.MetricsAdvisor/1.0.0-alpha.20210706.1 (.NET Framework 4.8.4300.0; Microsoft Windows 10.0.19043 )",
        "x-api-key": "Sanitized",
        "x-ms-client-request-id": "9671e80208d1f9a31a5beb6042330697",
        "x-ms-return-client-request-id": "true"
      },
      "RequestBody": null,
      "StatusCode": 204,
      "ResponseHeaders": {
        "apim-request-id": "e586a0f7-a4f0-4eb7-9117-72d7caa8805d",
        "Content-Length": "0",
        "Date": "Tue, 06 Jul 2021 13:18:52 GMT",
        "Strict-Transport-Security": "max-age=31536000; includeSubDomains; preload",
        "x-content-type-options": "nosniff",
        "x-envoy-upstream-service-time": "5400",
        "x-request-id": "e586a0f7-a4f0-4eb7-9117-72d7caa8805d"
      },
      "ResponseBody": []
    }
  ],
  "Variables": {
    "METRICSADVISOR_ACCOUNT_NAME": "js-metrics-advisor",
    "METRICSADVISOR_ENDPOINT_SUFFIX": null,
    "METRICSADVISOR_PRIMARY_API_KEY": "Sanitized",
    "METRICSADVISOR_SUBSCRIPTION_KEY": "Sanitized",
    "RandomSeed": "2087923498"
  }
}