{
  "Entries": [
    {
      "RequestUri": "https://management.azure.com/subscriptions/db1ab6f0-4769-4b27-930e-01e2ef9c123c?api-version=2021-01-01",
      "RequestMethod": "GET",
      "RequestHeaders": {
        "Accept": "application/json",
        "Authorization": "Sanitized",
        "traceparent": "00-ff5e3423a3eb0f45888deca71d235f80-fead12ea09d48e49-00",
        "User-Agent": "azsdk-net-ResourceManager/1.2.0 (.NET Core 3.1.27; Microsoft Windows 10.0.22000)",
        "x-ms-client-request-id": "d19f63661e8f06ee9870d905d689e88c",
        "x-ms-return-client-request-id": "true"
      },
      "RequestBody": null,
      "StatusCode": 200,
      "ResponseHeaders": {
        "Cache-Control": "no-cache",
        "Content-Length": "747",
        "Content-Type": "application/json; charset=utf-8",
        "Date": "Tue, 26 Jul 2022 06:06:41 GMT",
        "Expires": "-1",
        "Pragma": "no-cache",
        "Strict-Transport-Security": "max-age=31536000; includeSubDomains",
        "X-Content-Type-Options": "nosniff",
        "x-ms-correlation-request-id": "4af618bc-c30e-43ba-9394-72277466ba6b",
        "x-ms-ratelimit-remaining-subscription-reads": "11992",
        "x-ms-request-id": "4af618bc-c30e-43ba-9394-72277466ba6b",
        "x-ms-routing-request-id": "SOUTHEASTASIA:20220726T060642Z:4af618bc-c30e-43ba-9394-72277466ba6b"
      },
      "ResponseBody": {
        "id": "/subscriptions/db1ab6f0-4769-4b27-930e-01e2ef9c123c",
        "authorizationSource": "RoleBased",
        "managedByTenants": [],
        "tags": {
          "TagKey-9823": "TagValue-566",
          "TagKey-3481": "TagValue-320",
          "TagKey-4926": "TagValue-1187",
          "TagKey-751": "TagValue-3921",
          "TagKey-1866": "TagValue-8559",
          "TagKey-3094": "TagValue-9190",
          "TagKey-2449": "TagValue-9",
          "TagKey-8379": "TagValue-164",
          "TagKey-7470": "TagValue-2205",
          "TagKey-4236": "TagValue-3698",
          "TagKey-5316": "TagValue-2725"
        },
        "subscriptionId": "db1ab6f0-4769-4b27-930e-01e2ef9c123c",
        "tenantId": "72f988bf-86f1-41af-91ab-2d7cd011db47",
        "displayName": ".NET Mgmt SDK Test with TTL = 1 Day",
        "state": "Enabled",
        "subscriptionPolicies": {
          "locationPlacementId": "Internal_2014-09-01",
          "quotaId": "Internal_2014-09-01",
          "spendingLimit": "Off"
        }
      }
    },
    {
      "RequestUri": "https://management.azure.com/subscriptions/db1ab6f0-4769-4b27-930e-01e2ef9c123c/resourcegroups/testRG-7289?api-version=**",
      "RequestMethod": "PUT",
      "RequestHeaders": {
        "Accept": "application/json",
        "Authorization": "Sanitized",
        "Content-Length": "44",
        "Content-Type": "application/json",
        "traceparent": "00-38cb642e43e0c547b3b31fda279ee210-d9bd91789c44404c-00",
        "User-Agent": "azsdk-net-ResourceManager/1.2.0 (.NET Core 3.1.27; Microsoft Windows 10.0.22000)",
        "x-ms-client-request-id": "3667905916d6ff77145f4c072b7bc42c",
        "x-ms-return-client-request-id": "true"
      },
      "RequestBody": {
        "tags": {
          "test": "env"
        },
        "location": "eastus2"
      },
      "StatusCode": 201,
      "ResponseHeaders": {
        "Cache-Control": "no-cache",
        "Content-Length": "242",
        "Content-Type": "application/json; charset=utf-8",
        "Date": "Tue, 26 Jul 2022 06:06:42 GMT",
        "Expires": "-1",
        "Pragma": "no-cache",
        "Strict-Transport-Security": "max-age=31536000; includeSubDomains",
        "X-Content-Type-Options": "nosniff",
        "x-ms-correlation-request-id": "d904a430-e199-4307-be60-89b7d5cb4447",
        "x-ms-ratelimit-remaining-subscription-writes": "1192",
        "x-ms-request-id": "d904a430-e199-4307-be60-89b7d5cb4447",
        "x-ms-routing-request-id": "SOUTHEASTASIA:20220726T060643Z:d904a430-e199-4307-be60-89b7d5cb4447"
      },
      "ResponseBody": {
        "id": "/subscriptions/db1ab6f0-4769-4b27-930e-01e2ef9c123c/resourceGroups/testRG-7289",
        "name": "testRG-7289",
        "type": "Microsoft.Resources/resourceGroups",
        "location": "eastus2",
        "tags": {
          "test": "env"
        },
        "properties": {
          "provisioningState": "Succeeded"
        }
      }
    },
    {
      "RequestUri": "https://management.azure.com/subscriptions/db1ab6f0-4769-4b27-930e-01e2ef9c123c/resourceGroups/testRG-7289/providers/Microsoft.Insights/actionGroups/testActionGroup-7394?api-version=2022-06-01",
      "RequestMethod": "PUT",
      "RequestHeaders": {
        "Accept": "application/json",
        "Authorization": "Sanitized",
        "Content-Length": "143",
        "Content-Type": "application/json",
        "traceparent": "00-5302855292a501438bfd773298ff7872-67de4294cb66a047-00",
        "User-Agent": "azsdk-net-ResourceManager.Monitor/1.0.0-alpha.20220726.1 (.NET Core 3.1.27; Microsoft Windows 10.0.22000)",
        "x-ms-client-request-id": "e696bb4724384f3087363f2ccc48b4c1",
        "x-ms-return-client-request-id": "true"
      },
      "RequestBody": {
        "tags": {},
        "location": "Global",
        "properties": {
          "groupShortName": "name",
          "enabled": true,
          "emailReceivers": [
            {
              "name": "name",
              "emailAddress": "a@b.c"
            }
          ]
        }
      },
      "StatusCode": 201,
      "ResponseHeaders": {
        "Cache-Control": "no-cache",
        "Content-Length": "685",
        "Content-Type": "application/json; charset=utf-8",
        "Date": "Tue, 26 Jul 2022 06:06:45 GMT",
        "Expires": "-1",
        "Pragma": "no-cache",
        "Server": "Microsoft-IIS/10.0",
        "Strict-Transport-Security": "max-age=31536000; includeSubDomains",
        "X-Content-Type-Options": "nosniff",
        "x-ms-correlation-request-id": "224de322-fccf-46fd-9301-6061beff666e",
        "x-ms-ratelimit-remaining-subscription-resource-requests": "15",
        "x-ms-request-id": "86a8eb5c-5605-4011-a181-a955f43948de",
        "x-ms-routing-request-id": "SOUTHEASTASIA:20220726T060646Z:224de322-fccf-46fd-9301-6061beff666e"
      },
      "ResponseBody": {
        "id": "/subscriptions/db1ab6f0-4769-4b27-930e-01e2ef9c123c/resourceGroups/testRG-7289/providers/microsoft.insights/actionGroups/testActionGroup-7394",
        "type": "Microsoft.Insights/ActionGroups",
        "name": "testActionGroup-7394",
        "location": "Global",
        "kind": null,
        "tags": {},
        "properties": {
          "groupShortName": "name",
          "enabled": true,
          "tags": null,
          "emailReceivers": [
            {
              "name": "name",
              "emailAddress": "a@b.c",
              "status": "Enabled",
              "useCommonAlertSchema": false
            }
          ],
          "smsReceivers": [],
          "webhookReceivers": [],
          "eventHubReceivers": [],
          "itsmReceivers": [],
          "azureAppPushReceivers": [],
          "automationRunbookReceivers": [],
          "voiceReceivers": [],
          "logicAppReceivers": [],
          "azureFunctionReceivers": [],
          "armRoleReceivers": []
        },
        "identity": null
      }
    },
    {
      "RequestUri": "https://management.azure.com/subscriptions/db1ab6f0-4769-4b27-930e-01e2ef9c123c/resourceGroups/testRG-7289/providers/Microsoft.Insights/actionGroups/testActionGroup-7394?api-version=2022-06-01",
      "RequestMethod": "GET",
      "RequestHeaders": {
        "Accept": "application/json",
        "Authorization": "Sanitized",
        "traceparent": "00-6ea4eaa7d758374fb2467d64ae5a10f5-7e0896ef2c451e45-00",
        "User-Agent": "azsdk-net-ResourceManager.Monitor/1.0.0-alpha.20220726.1 (.NET Core 3.1.27; Microsoft Windows 10.0.22000)",
        "x-ms-client-request-id": "f08d73f63038898d5a90098fb990455e",
        "x-ms-return-client-request-id": "true"
      },
      "RequestBody": null,
      "StatusCode": 200,
      "ResponseHeaders": {
        "Cache-Control": "no-cache",
        "Content-Length": "685",
        "Content-Type": "application/json; charset=utf-8",
        "Date": "Tue, 26 Jul 2022 06:06:45 GMT",
        "Expires": "-1",
        "Pragma": "no-cache",
        "Server": "Microsoft-IIS/10.0",
        "Strict-Transport-Security": "max-age=31536000; includeSubDomains",
        "X-Content-Type-Options": "nosniff",
        "x-ms-correlation-request-id": "9fd877fd-0b60-4adb-b3e7-9c5c82553292",
        "x-ms-ratelimit-remaining-subscription-resource-requests": "245",
        "x-ms-request-id": "77858fbf-08fb-40a7-9ec1-b6f113b11ef2",
        "x-ms-routing-request-id": "SOUTHEASTASIA:20220726T060646Z:9fd877fd-0b60-4adb-b3e7-9c5c82553292"
      },
      "ResponseBody": {
        "id": "/subscriptions/db1ab6f0-4769-4b27-930e-01e2ef9c123c/resourceGroups/testRG-7289/providers/microsoft.insights/actionGroups/testActionGroup-7394",
        "type": "Microsoft.Insights/ActionGroups",
        "name": "testActionGroup-7394",
        "location": "Global",
        "kind": null,
        "tags": {},
        "properties": {
          "groupShortName": "name",
          "enabled": true,
          "tags": null,
          "emailReceivers": [
            {
              "name": "name",
              "emailAddress": "a@b.c",
              "status": "Enabled",
              "useCommonAlertSchema": false
            }
          ],
          "smsReceivers": [],
          "webhookReceivers": [],
          "eventHubReceivers": [],
          "itsmReceivers": [],
          "azureAppPushReceivers": [],
          "automationRunbookReceivers": [],
          "voiceReceivers": [],
          "logicAppReceivers": [],
          "azureFunctionReceivers": [],
          "armRoleReceivers": []
        },
        "identity": null
      }
    }
  ],
  "Variables": {
    "AZURE_AUTHORITY_HOST": "https://login.microsoftonline.com",
    "RandomSeed": "1118227302",
    "RESOURCE_MANAGER_URL": null,
    "SUBSCRIPTION_ID": "db1ab6f0-4769-4b27-930e-01e2ef9c123c"
  }
}
