{
  "Entries": [
    {
      "RequestUri": "https://chrisskeyvaulthsm.managedhsm.azure.net/backup?api-version=7.2-preview",
      "RequestMethod": "POST",
      "RequestHeaders": {
        "Accept": "application/json",
        "Content-Type": "application/json",
        "traceparent": "00-6ecb47bc95db49478c12ba0d3fb08cb0-e0f2eda778ef9143-00",
        "User-Agent": [
          "azsdk-net-Security.KeyVault.Administration/4.0.0-alpha.20201208.1",
          "(.NET Core 4.6.29321.03; Microsoft Windows 10.0.19042 )"
        ],
        "x-ms-client-request-id": "c62822be2266091b26fcccbc4bd8958f",
        "x-ms-return-client-request-id": "true"
      },
      "RequestBody": null,
      "StatusCode": 401,
      "ResponseHeaders": {
        "Cache-Control": "no-cache",
        "Content-Length": "0",
        "Content-Security-Policy": "default-src \u0027self\u0027",
        "Content-Type": "application/json; charset=utf-8",
        "Strict-Transport-Security": "max-age=31536000; includeSubDomains",
        "WWW-Authenticate": "Bearer authorization=\u0022https://login.microsoftonline.com/72f988bf-86f1-41af-91ab-2d7cd011db47\u0022, resource=\u0022https://managedhsm.azure.net\u0022",
        "X-Content-Type-Options": "nosniff",
        "X-Frame-Options": "SAMEORIGIN",
        "x-ms-request-id": "ddda994e-39ac-11eb-8929-0242ac120009",
        "x-ms-server-latency": "0"
      },
      "ResponseBody": []
    },
    {
      "RequestUri": "https://chrisskeyvaulthsm.managedhsm.azure.net/backup?api-version=7.2-preview",
      "RequestMethod": "POST",
      "RequestHeaders": {
        "Accept": "application/json",
        "Authorization": "Sanitized",
        "Content-Length": "117",
        "Content-Type": "application/json",
        "traceparent": "00-6ecb47bc95db49478c12ba0d3fb08cb0-e0f2eda778ef9143-00",
        "User-Agent": [
          "azsdk-net-Security.KeyVault.Administration/4.0.0-alpha.20201208.1",
          "(.NET Core 4.6.29321.03; Microsoft Windows 10.0.19042 )"
        ],
        "x-ms-client-request-id": "c62822be2266091b26fcccbc4bd8958f",
        "x-ms-return-client-request-id": "true"
      },
      "RequestBody": {
        "storageResourceUri": "https://chrisskeyvaultprim.blob.core.windows.net/backup/some/folder/name",
        "token": "Sanitized"
      },
      "StatusCode": 202,
      "ResponseHeaders": {
        "azure-asyncoperation": "https://chrisskeyvaulthsm.managedhsm.azure.net/backup/18720aac803e4c43a37b5a449ae3cfcb/pending",
        "Cache-Control": "no-cache",
        "Content-Length": "216",
        "Content-Security-Policy": "default-src \u0027self\u0027",
        "Content-Type": "application/json; charset=utf-8",
        "Date": "Tue, 08 Dec 2020 23:27:03 GMT",
        "Retry-After": "0",
        "Server": "Kestrel",
        "Strict-Transport-Security": "max-age=31536000; includeSubDomains",
        "X-Content-Type-Options": "nosniff",
        "X-Frame-Options": "SAMEORIGIN",
        "x-ms-keyvault-network-info": "addr=70.121.15.5",
        "x-ms-keyvault-region": "southcentralus",
        "x-ms-request-id": "ddf236b2-39ac-11eb-8929-0242ac120009",
        "x-ms-server-latency": "5008"
      },
      "ResponseBody": {
        "status": "InProgress",
        "statusDetails": null,
        "error": {
          "code": null,
          "message": null,
          "innererror": null
        },
        "startTime": 1607470021,
        "endTime": null,
        "jobId": "18720aac803e4c43a37b5a449ae3cfcb",
        "azureStorageBlobContainerUri": null
      }
    },
    {
      "RequestUri": "https://chrisskeyvaulthsm.managedhsm.azure.net/backup/18720aac803e4c43a37b5a449ae3cfcb/pending?api-version=7.2-preview",
      "RequestMethod": "GET",
      "RequestHeaders": {
        "Accept": "application/json",
        "Authorization": "Sanitized",
        "User-Agent": [
          "azsdk-net-Security.KeyVault.Administration/4.0.0-alpha.20201208.1",
          "(.NET Core 4.6.29321.03; Microsoft Windows 10.0.19042 )"
        ],
        "x-ms-client-request-id": "8c0a8ebb8eebab15133699d5aa5730ae",
        "x-ms-return-client-request-id": "true"
      },
      "RequestBody": null,
      "StatusCode": 200,
      "ResponseHeaders": {
        "Cache-Control": "no-cache",
        "Content-Length": "216",
        "Content-Security-Policy": "default-src \u0027self\u0027",
        "Content-Type": "application/json; charset=utf-8",
        "Date": "Tue, 08 Dec 2020 23:27:06 GMT",
        "Server": "Kestrel",
        "Strict-Transport-Security": "max-age=31536000; includeSubDomains",
        "X-Content-Type-Options": "nosniff",
        "X-Frame-Options": "SAMEORIGIN",
        "x-ms-build-version": "1.0.20201130-1-64549fd2-develop",
        "x-ms-keyvault-network-info": "addr=70.121.15.5",
        "x-ms-keyvault-region": "southcentralus",
        "x-ms-request-id": "e0f53ecc-39ac-11eb-8929-0242ac120009",
        "x-ms-server-latency": "3046"
      },
      "ResponseBody": {
        "azureStorageBlobContainerUri": null,
        "endTime": null,
        "error": {
          "code": null,
          "innererror": null,
          "message": null
        },
        "jobId": "18720aac803e4c43a37b5a449ae3cfcb",
        "startTime": 1607470021,
        "status": "InProgress",
        "statusDetails": null
      }
    },
    {
      "RequestUri": "https://chrisskeyvaulthsm.managedhsm.azure.net/backup/18720aac803e4c43a37b5a449ae3cfcb/pending?api-version=7.2-preview",
      "RequestMethod": "GET",
      "RequestHeaders": {
        "Accept": "application/json",
        "Authorization": "Sanitized",
        "User-Agent": [
          "azsdk-net-Security.KeyVault.Administration/4.0.0-alpha.20201208.1",
          "(.NET Core 4.6.29321.03; Microsoft Windows 10.0.19042 )"
        ],
        "x-ms-client-request-id": "c9d2136254a02f7ff2e302956b5a5155",
        "x-ms-return-client-request-id": "true"
      },
      "RequestBody": null,
      "StatusCode": 200,
      "ResponseHeaders": {
        "Cache-Control": "no-cache",
        "Content-Length": "289",
        "Content-Security-Policy": "default-src \u0027self\u0027",
        "Content-Type": "application/json; charset=utf-8",
        "Date": "Tue, 08 Dec 2020 23:27:18 GMT",
        "Server": "Kestrel",
        "Strict-Transport-Security": "max-age=31536000; includeSubDomains",
        "X-Content-Type-Options": "nosniff",
        "X-Frame-Options": "SAMEORIGIN",
        "x-ms-build-version": "1.0.20201130-1-64549fd2-develop",
        "x-ms-keyvault-network-info": "addr=70.121.15.5",
        "x-ms-keyvault-region": "southcentralus",
        "x-ms-request-id": "e8c319d0-39ac-11eb-8929-0242ac120009",
        "x-ms-server-latency": "2805"
      },
      "ResponseBody": {
        "azureStorageBlobContainerUri": "https://chrisskeyvaultprim.blob.core.windows.net/backup/some/folder/name/mhsm-chrisskeyvaulthsm-2020120823270269",
        "endTime": 1607470032,
        "error": null,
        "jobId": "18720aac803e4c43a37b5a449ae3cfcb",
        "startTime": 1607470021,
        "status": "Succeeded",
        "statusDetails": null
      }
    },
    {
      "RequestUri": "https://chrisskeyvaulthsm.managedhsm.azure.net/restore?api-version=7.2-preview",
      "RequestMethod": "PUT",
      "RequestHeaders": {
        "Accept": "application/json",
        "Authorization": "Sanitized",
        "Content-Length": "200",
        "Content-Type": "application/json",
        "traceparent": "00-b1b10e8ad996234a936c413331757adf-0ca403d824a1ba4c-00",
        "User-Agent": [
          "azsdk-net-Security.KeyVault.Administration/4.0.0-alpha.20201208.1",
          "(.NET Core 4.6.29321.03; Microsoft Windows 10.0.19042 )"
        ],
        "x-ms-client-request-id": "a87639c087cc2ffd0d7db33088455fcf",
        "x-ms-return-client-request-id": "true"
      },
      "RequestBody": {
        "sasTokenParameters": {
          "storageResourceUri": "https://chrisskeyvaultprim.blob.core.windows.net/backup",
          "token": "Sanitized"
        },
        "folderToRestore": "some/folder/name/mhsm-chrisskeyvaulthsm-2020120823270269"
      },
      "StatusCode": 202,
      "ResponseHeaders": {
        "azure-asyncoperation": "https://chrisskeyvaulthsm.managedhsm.azure.net/restore/2ed72decaacd422ea3932d38a7957a9d/pending",
        "Cache-Control": "no-cache",
        "Content-Length": "180",
        "Content-Security-Policy": "default-src \u0027self\u0027",
        "Content-Type": "application/json; charset=utf-8",
        "Date": "Tue, 08 Dec 2020 23:27:22 GMT",
        "Retry-After": "0",
        "Server": "Kestrel",
        "Strict-Transport-Security": "max-age=31536000; includeSubDomains",
        "X-Content-Type-Options": "nosniff",
        "X-Frame-Options": "SAMEORIGIN",
        "x-ms-keyvault-network-info": "addr=70.121.15.5",
        "x-ms-keyvault-region": "southcentralus",
        "x-ms-request-id": "eba5d11a-39ac-11eb-8929-0242ac120009",
        "x-ms-server-latency": "1186"
      },
      "ResponseBody": {
        "endTime": null,
        "error": {
          "code": null,
          "innererror": null,
          "message": null
        },
        "jobId": "2ed72decaacd422ea3932d38a7957a9d",
        "startTime": 1607470042,
        "status": "InProgress",
        "statusDetails": null
      }
    },
    {
      "RequestUri": "https://chrisskeyvaulthsm.managedhsm.azure.net/restore/2ed72decaacd422ea3932d38a7957a9d/pending?api-version=7.2-preview",
      "RequestMethod": "GET",
      "RequestHeaders": {
        "Accept": "application/json",
        "Authorization": "Sanitized",
        "User-Agent": [
          "azsdk-net-Security.KeyVault.Administration/4.0.0-alpha.20201208.1",
          "(.NET Core 4.6.29321.03; Microsoft Windows 10.0.19042 )"
        ],
        "x-ms-client-request-id": "385a1ecccb0566ef0edb9a078c7f3fb8",
        "x-ms-return-client-request-id": "true"
      },
      "RequestBody": null,
      "StatusCode": 200,
      "ResponseHeaders": {
        "Cache-Control": "no-cache",
        "Content-Length": "180",
        "Content-Security-Policy": "default-src \u0027self\u0027",
        "Content-Type": "application/json; charset=utf-8",
        "Date": "Tue, 08 Dec 2020 23:27:23 GMT",
        "Server": "Kestrel",
        "Strict-Transport-Security": "max-age=31536000; includeSubDomains",
        "X-Content-Type-Options": "nosniff",
        "X-Frame-Options": "SAMEORIGIN",
        "x-ms-build-version": "1.0.20201130-1-64549fd2-develop",
        "x-ms-keyvault-network-info": "addr=70.121.15.5",
        "x-ms-keyvault-region": "southcentralus",
        "x-ms-request-id": "ec610638-39ac-11eb-8929-0242ac120009",
        "x-ms-server-latency": "1008"
      },
      "ResponseBody": {
        "endTime": null,
        "error": {
          "code": null,
          "innererror": null,
          "message": null
        },
        "jobId": "2ed72decaacd422ea3932d38a7957a9d",
        "startTime": 1607470042,
        "status": "InProgress",
        "statusDetails": null
      }
    },
    {
      "RequestUri": "https://chrisskeyvaulthsm.managedhsm.azure.net/restore/2ed72decaacd422ea3932d38a7957a9d/pending?api-version=7.2-preview",
      "RequestMethod": "GET",
      "RequestHeaders": {
        "Accept": "application/json",
        "Authorization": "Sanitized",
        "User-Agent": [
          "azsdk-net-Security.KeyVault.Administration/4.0.0-alpha.20201208.1",
          "(.NET Core 4.6.29321.03; Microsoft Windows 10.0.19042 )"
        ],
        "x-ms-client-request-id": "701444e487e0dae116a3bc23a04fa6ac",
        "x-ms-return-client-request-id": "true"
      },
      "RequestBody": null,
      "StatusCode": 200,
      "ResponseHeaders": {
        "Cache-Control": "no-cache",
        "Content-Length": "180",
        "Content-Security-Policy": "default-src \u0027self\u0027",
        "Content-Type": "application/json; charset=utf-8",
        "Date": "Tue, 08 Dec 2020 23:27:34 GMT",
        "Server": "Kestrel",
        "Strict-Transport-Security": "max-age=31536000; includeSubDomains",
        "X-Content-Type-Options": "nosniff",
        "X-Frame-Options": "SAMEORIGIN",
        "x-ms-build-version": "1.0.20201130-1-64549fd2-develop",
        "x-ms-keyvault-network-info": "addr=70.121.15.5",
        "x-ms-keyvault-region": "southcentralus",
        "x-ms-request-id": "f2f75e98-39ac-11eb-8929-0242ac120009",
        "x-ms-server-latency": "1026"
      },
      "ResponseBody": {
        "endTime": null,
        "error": {
          "code": null,
          "innererror": null,
          "message": null
        },
        "jobId": "2ed72decaacd422ea3932d38a7957a9d",
        "startTime": 1607470042,
        "status": "InProgress",
        "statusDetails": null
      }
    },
    {
      "RequestUri": "https://chrisskeyvaulthsm.managedhsm.azure.net/restore/2ed72decaacd422ea3932d38a7957a9d/pending?api-version=7.2-preview",
      "RequestMethod": "GET",
      "RequestHeaders": {
        "Accept": "application/json",
        "Authorization": "Sanitized",
        "User-Agent": [
          "azsdk-net-Security.KeyVault.Administration/4.0.0-alpha.20201208.1",
          "(.NET Core 4.6.29321.03; Microsoft Windows 10.0.19042 )"
        ],
        "x-ms-client-request-id": "4dc932841900f54f4a0f9af0edf5a38e",
        "x-ms-return-client-request-id": "true"
      },
      "RequestBody": null,
      "StatusCode": 200,
      "ResponseHeaders": {
        "Cache-Control": "no-cache",
        "Content-Length": "143",
        "Content-Security-Policy": "default-src \u0027self\u0027",
        "Content-Type": "application/json; charset=utf-8",
        "Date": "Tue, 08 Dec 2020 23:27:45 GMT",
        "Server": "Kestrel",
        "Strict-Transport-Security": "max-age=31536000; includeSubDomains",
        "X-Content-Type-Options": "nosniff",
        "X-Frame-Options": "SAMEORIGIN",
        "x-ms-build-version": "1.0.20201130-1-64549fd2-develop",
        "x-ms-keyvault-network-info": "addr=70.121.15.5",
        "x-ms-keyvault-region": "southcentralus",
        "x-ms-request-id": "f992578a-39ac-11eb-8929-0242ac120009",
        "x-ms-server-latency": "1008"
      },
      "ResponseBody": {
        "endTime": 1607470059,
        "error": null,
        "jobId": "2ed72decaacd422ea3932d38a7957a9d",
        "startTime": 1607470042,
        "status": "Succeeded",
        "statusDetails": null
      }
    }
  ],
  "Variables": {
    "AZURE_MANAGEDHSM_URL": "https://chrisskeyvaulthsm.managedhsm.azure.net/",
    "BLOB_PRIMARY_STORAGE_ACCOUNT_KEY": "Sanitized",
    "BLOB_STORAGE_ACCOUNT_NAME": "chrisskeyvaultprim",
    "RandomSeed": "1372220614"
  }
}