{
  "Entries": [
    {
      "RequestUri": "https://localhost:8443/subscriptions/00000000-0000-0000-0000-000000000000?api-version=2019-11-01",
      "RequestMethod": "GET",
      "RequestHeaders": {
        "Accept": "application/json",
        "Authorization": "Sanitized",
        "traceparent": "00-e13f375dc641e64e9265a5372751171a-ba12c3ac7500534f-00",
        "User-Agent": "azsdk-net-ResourceManager/1.0.0-beta.5 (.NET Framework 4.8.4300.0; Microsoft Windows 10.0.19043 )",
        "x-ms-client-request-id": "89ce983bdceeefeded668d5ab2794c06",
        "x-ms-return-client-request-id": "true"
      },
      "RequestBody": null,
      "StatusCode": 200,
      "ResponseHeaders": {
        "Connection": "keep-alive",
        "Content-Length": "421",
        "Content-Type": "application/json; charset=utf-8",
        "Date": "Thu, 18 Nov 2021 07:14:19 GMT",
        "ETag": "W/\u00221a5-b64HHnH9EN33hGrzmS4rCOV9S7w\u0022",
        "Keep-Alive": "timeout=5",
        "X-Powered-By": "Express"
      },
      "ResponseBody": {
        "id": "/subscriptions/00000000-0000-0000-0000-000000000000",
        "subscriptionId": "aaaaa",
        "displayName": "aa",
        "tenantId": "00000000-0000-0000-0000-000000000000",
        "state": "Enabled",
        "subscriptionPolicies": {
          "locationPlacementId": "aaaaaaa",
          "quotaId": "aaaaaaaaaaaaaaaaa",
          "spendingLimit": "On"
        },
        "authorizationSource": "aaaaaaa",
        "managedByTenants": [
          {
            "tenantId": "00000000-0000-0000-0000-000000000000"
          }
        ],
        "tags": {
          "key1123": "aaaaaaaaaaaaaa"
        }
      }
    },
    {
      "RequestUri": "https://localhost:8443/subscriptions/00000000-0000-0000-0000-000000000000/resourcegroups/Default?api-version=2019-10-01",
      "RequestMethod": "PUT",
      "RequestHeaders": {
        "Accept": "application/json",
        "Authorization": "Sanitized",
        "Content-Length": "81",
        "Content-Type": "application/json",
        "User-Agent": "azsdk-net-ResourceManager/1.0.0-beta.5 (.NET Framework 4.8.4300.0; Microsoft Windows 10.0.19043 )",
        "x-ms-client-request-id": "adcc7522923bf863cb4ee3c81df3e92d",
        "x-ms-return-client-request-id": "true"
      },
      "RequestBody": {
        "location": "Azure.ResourceManager.Resources.Subscription",
        "tags": {
          "test": "env"
        }
      },
      "StatusCode": 200,
      "ResponseHeaders": {
        "Connection": "keep-alive",
        "Content-Length": "265",
        "Content-Type": "application/json; charset=utf-8",
        "Date": "Thu, 18 Nov 2021 07:14:19 GMT",
        "ETag": "W/\u0022109-gQbr9grJUwwWD/fenXNCnPXXHRI\u0022",
        "Keep-Alive": "timeout=5",
        "X-Powered-By": "Express"
      },
      "ResponseBody": {
        "id": "/subscriptions/00000000-0000-0000-0000-000000000000/resourcegroups/Default",
        "name": "Default",
        "type": "a",
        "properties": {
          "provisioningState": "Succeeded"
        },
        "location": "aaaaaaaaaaaaaa",
        "managedBy": "aaaaaaaaaaaaaaaa",
        "tags": {
          "key5303": "aaaaaaaaaaaaaaaaaaaaaaaaaa"
        }
      }
    },
    {
      "RequestUri": "https://localhost:8443/subscriptions/00000000-0000-0000-0000-000000000000/resourceGroups/Default/providers/Microsoft.Sql/servers/test-svr?api-version=2021-02-01-preview",
      "RequestMethod": "PUT",
      "RequestHeaders": {
        "Accept": "application/json",
        "Authorization": "Sanitized",
        "Content-Length": "396",
        "Content-Type": "application/json",
        "User-Agent": "azsdk-net-ResourceManager.Sql/1.0.0-alpha.20211117.1 (.NET Framework 4.8.4300.0; Microsoft Windows 10.0.19043 )",
        "x-ms-client-request-id": "84111de57cf35e975856f358f2166639",
        "x-ms-return-client-request-id": "true"
      },
      "RequestBody": {
        "tags": {},
        "location": "japaneast",
        "properties": {
          "administratorLogin": "dummylogin",
          "administratorLoginPassword": "PLACEHOLDER",
          "publicNetworkAccess": "Enabled",
          "administrators": {
            "principalType": "User",
            "login": "bob@contoso.com",
            "sid": "00000011-1111-2222-2222-123456789111",
            "tenantId": "00000011-1111-2222-2222-123456789111",
            "azureADOnlyAuthentication": true
          },
          "restrictOutboundNetworkAccess": "Enabled"
        }
      },
      "StatusCode": 200,
      "ResponseHeaders": {
        "Connection": "keep-alive",
        "Content-Length": "1920",
        "Content-Type": "application/json; charset=utf-8",
        "Date": "Thu, 18 Nov 2021 07:14:19 GMT",
        "ETag": "W/\u0022780-QotSLYIhXk5McqT6vPifFF8uc9E\u0022",
        "Keep-Alive": "timeout=5",
        "X-Powered-By": "Express"
      },
      "ResponseBody": {
        "id": "/subscriptions/00000000-0000-0000-0000-000000000000/resourceGroups/Default/providers/Microsoft.Sql/servers/test-svr",
        "name": "test-svr",
        "type": "aaaaaaaaaaaaaaaaaaaaa",
        "location": "aaaaaaaaaaaaaaaa",
        "tags": {
          "key9778": "aaaaaaa"
        },
        "identity": {
          "userAssignedIdentities": {
            "/subscriptions/00000000-0000-0000-0000-000000000000/resourceGroups/00000000-0000-0000-0000-000000000000/providers/Microsoft.ManagedIdentity/userAssignedIdentities/key440": {
              "principalId": "00000000-0000-0000-0000-000000000000",
              "clientId": "00000000-0000-0000-0000-000000000000"
            }
          },
          "principalId": "00000000-0000-0000-0000-000000000000",
          "type": "None",
          "tenantId": "00000000-0000-0000-0000-000000000000"
        },
        "kind": "a",
        "properties": {
          "administratorLogin": "aaaaaaaaaa",
          "administratorLoginPassword": "aaaaaaaaaaaaaaaaaa",
          "version": "aaaaaaaaaaaaaaaaaaaaaaa",
          "state": "aaaaaaaaaaaaaaaaaaa",
          "fullyQualifiedDomainName": "aaaaaaaaaaaaaaaa",
          "privateEndpointConnections": [
            {
              "id": "/subscriptions/a9cbceed-cd54-47f1-b7a2-bad149218603/resourceGroups/mockRg/providers/Microsoft.Resources/mockResource/mockName",
              "properties": {
                "privateEndpoint": {
                  "id": "/subscriptions/a9cbceed-cd54-47f1-b7a2-bad149218603/resourceGroups/mockRg/providers/Microsoft.Resources/mockResource/mockName"
                },
                "privateLinkServiceConnectionState": {
                  "status": "Approved",
                  "description": "aaaaaaaaaaaaaaaaaaaaaaaaaa",
                  "actionsRequired": "None"
                },
                "provisioningState": "Succeeded"
              }
            }
          ],
          "minimalTlsVersion": "aaaaaaaaaaaaaaaaaaa",
          "publicNetworkAccess": "Enabled",
          "workspaceFeature": "Connected",
          "primaryUserAssignedIdentityId": "aaaaaaaaaaaaaaaaaaaaaaaaaaaaaa",
          "federatedClientId": "00000000-0000-0000-0000-000000000000",
          "keyId": "aaaaaaaaaaaaaaaaaaaaaaaaa",
          "administrators": {
            "administratorType": "ActiveDirectory",
            "principalType": "User",
            "login": "aaaaaaaaaaaaaa",
            "sid": "00000000-0000-0000-0000-000000000000",
            "tenantId": "00000000-0000-0000-0000-000000000000",
            "azureADOnlyAuthentication": true
          },
          "restrictOutboundNetworkAccess": "Enabled"
        }
      }
    },
    {
      "RequestUri": "https://localhost:8443/subscriptions/00000000-0000-0000-0000-000000000000/resourceGroups/Default/providers/Microsoft.Sql/servers/test-svr/privateEndpointConnections/private-endpoint-connection-name?api-version=2020-11-01-preview",
      "RequestMethod": "PUT",
      "RequestHeaders": {
        "Accept": "application/json",
        "Authorization": "Sanitized",
        "Content-Length": "122",
        "Content-Type": "application/json",
        "User-Agent": "azsdk-net-ResourceManager.Sql/1.0.0-alpha.20211117.1 (.NET Framework 4.8.4300.0; Microsoft Windows 10.0.19043 )",
        "x-ms-client-request-id": "94745f7dc767a612de6d54e59e0a05b5",
        "x-ms-return-client-request-id": "true"
      },
      "RequestBody": {
        "properties": {
          "privateLinkServiceConnectionState": {
            "status": "Approved",
            "description": "Approved by johndoe@contoso.com"
          }
        }
      },
      "StatusCode": 200,
      "ResponseHeaders": {
        "Connection": "keep-alive",
        "Content-Length": "580",
        "Content-Type": "application/json; charset=utf-8",
        "Date": "Thu, 18 Nov 2021 07:14:19 GMT",
        "ETag": "W/\u0022244-5G0std0ZFjnGPdF\u002B8lzSUpGaCN0\u0022",
        "Keep-Alive": "timeout=5",
        "X-Powered-By": "Express"
      },
      "ResponseBody": {
        "id": "/subscriptions/00000000-0000-0000-0000-000000000000/resourceGroups/Default/providers/Microsoft.Sql/servers/test-svr/privateEndpointConnections/private-endpoint-connection-name",
        "name": "private-endpoint-connection-name",
        "type": "aaaaaaaaaaaaaaaaaa",
        "properties": {
          "privateEndpoint": {
            "id": "/subscriptions/a9cbceed-cd54-47f1-b7a2-bad149218603/resourceGroups/mockRg/providers/Microsoft.Resources/mockResource/mockName"
          },
          "privateLinkServiceConnectionState": {
            "status": "Approved",
            "description": "aaaaaaaaaaaaaaaaaaaaaaaaaa",
            "actionsRequired": "None"
          },
          "provisioningState": "Succeeded"
        }
      }
    },
    {
      "RequestUri": "https://localhost:8443/subscriptions/00000000-0000-0000-0000-000000000000/resourceGroups/Default/providers/Microsoft.Sql/servers/test-svr/privateEndpointConnections/private-endpoint-connection-name?api-version=2020-11-01-preview",
      "RequestMethod": "DELETE",
      "RequestHeaders": {
        "Authorization": "Sanitized",
        "User-Agent": "azsdk-net-ResourceManager.Sql/1.0.0-alpha.20211117.1 (.NET Framework 4.8.4300.0; Microsoft Windows 10.0.19043 )",
        "x-ms-client-request-id": "93daf984d1a1c5d2e5eb3af505230b2a",
        "x-ms-return-client-request-id": "true"
      },
      "RequestBody": null,
      "StatusCode": 200,
      "ResponseHeaders": {
        "Connection": "keep-alive",
        "Content-Length": "2",
        "Content-Type": "application/json; charset=utf-8",
        "Date": "Thu, 18 Nov 2021 07:14:19 GMT",
        "ETag": "W/\u00222-vyGp6PvFo4RvsFtPoIWeCReyIC8\u0022",
        "Keep-Alive": "timeout=5",
        "X-Powered-By": "Express"
      },
      "ResponseBody": {}
    }
  ],
  "Variables": {
    "RandomSeed": "1301514769",
    "RESOURCE_MANAGER_URL": "https://localhost:8443",
    "SUBSCRIPTION_ID": "00000000-0000-0000-0000-000000000000"
  }
}