{
  "Entries": [
    {
      "RequestUri": "https://management.azure.com/subscriptions/23587e98-b6ac-4328-a753-03bcd3c8e744/resourceGroups/dbaccount-3108/providers/Microsoft.DocumentDB/databaseAccounts/dbaccount-7912/sqlDatabases/sql-db-5173?api-version=2022-11-15-preview",
      "RequestMethod": "GET",
      "RequestHeaders": {
        "Accept": "application/json",
        "Authorization": "Sanitized",
        "traceparent": "00-54974f4dd3ee7eb9e28b1b13047e8c74-0e559ba7f20f096f-00",
        "User-Agent": "azsdk-net-ResourceManager.CosmosDB/1.3.0-alpha.20230410.1 (.NET 7.0.4; Microsoft Windows 10.0.22621)",
        "x-ms-client-request-id": "2997f0d9b6555803555e68235cc4feda",
        "x-ms-return-client-request-id": "true"
      },
      "RequestBody": null,
      "StatusCode": 200,
      "ResponseHeaders": {
        "Cache-Control": "no-store, no-cache",
        "Content-Length": "452",
        "Content-Type": "application/json",
        "Date": "Wed, 12 Apr 2023 05:49:03 GMT",
        "Pragma": "no-cache",
        "Server": "Microsoft-HTTPAPI/2.0",
        "Strict-Transport-Security": "max-age=31536000; includeSubDomains",
        "X-Content-Type-Options": "nosniff",
        "x-ms-correlation-request-id": "d44ef8e8-1d19-4690-8aa8-6c3bd795c629",
        "x-ms-gatewayversion": "version=2.14.0",
        "x-ms-ratelimit-remaining-subscription-reads": "11423",
        "x-ms-request-id": "d44ef8e8-1d19-4690-8aa8-6c3bd795c629",
        "x-ms-routing-request-id": "WESTCENTRALUS:20230412T054904Z:d44ef8e8-1d19-4690-8aa8-6c3bd795c629"
      },
      "ResponseBody": {
        "id": "/subscriptions/23587e98-b6ac-4328-a753-03bcd3c8e744/resourceGroups/dbaccount-3108/providers/Microsoft.DocumentDB/databaseAccounts/dbaccount-7912/sqlDatabases/sql-db-5173",
        "type": "Microsoft.DocumentDB/databaseAccounts/sqlDatabases",
        "name": "sql-db-5173",
        "properties": {
          "resource": {
            "id": "sql-db-5173",
            "_rid": "A5UYAA==",
            "_self": "dbs/A5UYAA==/",
            "_etag": "\u002200000002-0000-0700-0000-643645f50000\u0022",
            "_colls": "colls/",
            "_users": "users/",
            "_ts": 1681278453
          }
        }
      }
    },
    {
      "RequestUri": "https://management.azure.com/subscriptions/23587e98-b6ac-4328-a753-03bcd3c8e744/resourceGroups/dbaccount-3108/providers/Microsoft.DocumentDB/databaseAccounts/dbaccount-7912/sqlDatabases/sql-db-5173/containers/sql-container-3708?api-version=2022-11-15-preview",
      "RequestMethod": "PUT",
      "RequestHeaders": {
        "Accept": "application/json",
        "Authorization": "Sanitized",
        "Content-Length": "482",
        "Content-Type": "application/json",
        "traceparent": "00-7ceb5a2f6de4cbfb58d6efd996d39ce6-3b3cec34258de05c-00",
        "User-Agent": "azsdk-net-ResourceManager.CosmosDB/1.3.0-alpha.20230410.1 (.NET 7.0.4; Microsoft Windows 10.0.22621)",
        "x-ms-client-request-id": "816e3dffc6d1a8522f1efcdce7ad4c1e",
        "x-ms-return-client-request-id": "true"
      },
      "RequestBody": {
        "tags": {},
        "location": "westus",
        "properties": {
          "resource": {
            "id": "sql-container-3708",
            "indexingPolicy": {
              "automatic": true,
              "indexingMode": "consistent",
              "includedPaths": [
                {
                  "path": "/*"
                }
              ],
              "excludedPaths": [
                {
                  "path": "/pathToNotIndex/*"
                }
              ],
              "compositeIndexes": [
                [
                  {
                    "path": "/orderByPath1",
                    "order": "ascending"
                  },
                  {
                    "path": "/orderByPath2",
                    "order": "descending"
                  }
                ]
              ],
              "spatialIndexes": [
                {
                  "path": "/*",
                  "types": [
                    "Point"
                  ]
                }
              ]
            },
            "partitionKey": {
              "paths": [
                "/address/zipCode"
              ],
              "kind": "Hash"
            }
          },
          "options": {
            "throughput": 700
          }
        }
      },
      "StatusCode": 202,
      "ResponseHeaders": {
        "Azure-AsyncOperation": "https://management.azure.com/subscriptions/23587e98-b6ac-4328-a753-03bcd3c8e744/providers/Microsoft.DocumentDB/locations/westus2/operationsStatus/903f3b6c-cddb-4a3c-b761-0fa085401150?api-version=2022-11-15-preview",
        "Cache-Control": "no-store, no-cache",
        "Content-Length": "21",
        "Content-Type": "application/json",
        "Date": "Wed, 12 Apr 2023 05:49:04 GMT",
        "Location": "https://management.azure.com/subscriptions/23587e98-b6ac-4328-a753-03bcd3c8e744/resourceGroups/dbaccount-3108/providers/Microsoft.DocumentDB/databaseAccounts/dbaccount-7912/sqlDatabases/sql-db-5173/containers/sql-container-3708/operationResults/903f3b6c-cddb-4a3c-b761-0fa085401150?api-version=2022-11-15-preview",
        "Pragma": "no-cache",
        "Server": "Microsoft-HTTPAPI/2.0",
        "Strict-Transport-Security": "max-age=31536000; includeSubDomains",
        "X-Content-Type-Options": "nosniff",
        "x-ms-correlation-request-id": "61f8f579-5bf2-4d49-aa98-e6a17d039e78",
        "x-ms-gatewayversion": "version=2.14.0",
        "x-ms-ratelimit-remaining-subscription-writes": "1160",
        "x-ms-request-id": "903f3b6c-cddb-4a3c-b761-0fa085401150",
        "x-ms-routing-request-id": "WESTCENTRALUS:20230412T054905Z:61f8f579-5bf2-4d49-aa98-e6a17d039e78"
      },
      "ResponseBody": {
        "status": "Enqueued"
      }
    },
    {
      "RequestUri": "https://management.azure.com/subscriptions/23587e98-b6ac-4328-a753-03bcd3c8e744/providers/Microsoft.DocumentDB/locations/westus2/operationsStatus/903f3b6c-cddb-4a3c-b761-0fa085401150?api-version=2022-11-15-preview",
      "RequestMethod": "GET",
      "RequestHeaders": {
        "Authorization": "Sanitized",
        "traceparent": "00-7ceb5a2f6de4cbfb58d6efd996d39ce6-f1a994d9e84bc1b3-00",
        "User-Agent": "azsdk-net-ResourceManager/1.4.0 (.NET 7.0.4; Microsoft Windows 10.0.22621)",
        "x-ms-client-request-id": "3406932fc3b8290844812697077c6eb1",
        "x-ms-return-client-request-id": "true"
      },
      "RequestBody": null,
      "StatusCode": 200,
      "ResponseHeaders": {
        "Cache-Control": "no-store, no-cache",
        "Content-Length": "21",
        "Content-Type": "application/json",
        "Date": "Wed, 12 Apr 2023 05:49:05 GMT",
        "Pragma": "no-cache",
        "Server": "Microsoft-HTTPAPI/2.0",
        "Strict-Transport-Security": "max-age=31536000; includeSubDomains",
        "X-Content-Type-Options": "nosniff",
        "x-ms-correlation-request-id": "613d990d-b2f3-476e-ab83-2a952b551658",
        "x-ms-gatewayversion": "version=2.14.0",
        "x-ms-ratelimit-remaining-subscription-reads": "11422",
        "x-ms-request-id": "613d990d-b2f3-476e-ab83-2a952b551658",
        "x-ms-routing-request-id": "WESTCENTRALUS:20230412T054905Z:613d990d-b2f3-476e-ab83-2a952b551658"
      },
      "ResponseBody": {
        "status": "Enqueued"
      }
    },
    {
      "RequestUri": "https://management.azure.com/subscriptions/23587e98-b6ac-4328-a753-03bcd3c8e744/providers/Microsoft.DocumentDB/locations/westus2/operationsStatus/903f3b6c-cddb-4a3c-b761-0fa085401150?api-version=2022-11-15-preview",
      "RequestMethod": "GET",
      "RequestHeaders": {
        "Authorization": "Sanitized",
        "traceparent": "00-7ceb5a2f6de4cbfb58d6efd996d39ce6-1c5d7cc63d92289f-00",
        "User-Agent": "azsdk-net-ResourceManager/1.4.0 (.NET 7.0.4; Microsoft Windows 10.0.22621)",
        "x-ms-client-request-id": "6a2f051bbc8372e862384c41ae986ccb",
        "x-ms-return-client-request-id": "true"
      },
      "RequestBody": null,
      "StatusCode": 200,
      "ResponseHeaders": {
        "Cache-Control": "no-store, no-cache",
        "Content-Length": "21",
        "Content-Type": "application/json",
        "Date": "Wed, 12 Apr 2023 05:49:06 GMT",
        "Pragma": "no-cache",
        "Server": "Microsoft-HTTPAPI/2.0",
        "Strict-Transport-Security": "max-age=31536000; includeSubDomains",
        "X-Content-Type-Options": "nosniff",
        "x-ms-correlation-request-id": "4f7f2517-4c8e-41e0-b806-facf4b6c15ad",
        "x-ms-gatewayversion": "version=2.14.0",
        "x-ms-ratelimit-remaining-subscription-reads": "11421",
        "x-ms-request-id": "4f7f2517-4c8e-41e0-b806-facf4b6c15ad",
        "x-ms-routing-request-id": "WESTCENTRALUS:20230412T054907Z:4f7f2517-4c8e-41e0-b806-facf4b6c15ad"
      },
      "ResponseBody": {
        "status": "Enqueued"
      }
    },
    {
      "RequestUri": "https://management.azure.com/subscriptions/23587e98-b6ac-4328-a753-03bcd3c8e744/providers/Microsoft.DocumentDB/locations/westus2/operationsStatus/903f3b6c-cddb-4a3c-b761-0fa085401150?api-version=2022-11-15-preview",
      "RequestMethod": "GET",
      "RequestHeaders": {
        "Authorization": "Sanitized",
        "traceparent": "00-7ceb5a2f6de4cbfb58d6efd996d39ce6-10cf4ed915143af7-00",
        "User-Agent": "azsdk-net-ResourceManager/1.4.0 (.NET 7.0.4; Microsoft Windows 10.0.22621)",
        "x-ms-client-request-id": "53ad1cb417a768655151d81c67422eb8",
        "x-ms-return-client-request-id": "true"
      },
      "RequestBody": null,
      "StatusCode": 200,
      "ResponseHeaders": {
        "Cache-Control": "no-store, no-cache",
        "Content-Length": "21",
        "Content-Type": "application/json",
        "Date": "Wed, 12 Apr 2023 05:49:07 GMT",
        "Pragma": "no-cache",
        "Server": "Microsoft-HTTPAPI/2.0",
        "Strict-Transport-Security": "max-age=31536000; includeSubDomains",
        "X-Content-Type-Options": "nosniff",
        "x-ms-correlation-request-id": "38e93b1d-c971-40dd-ad08-3dd758ecfa74",
        "x-ms-gatewayversion": "version=2.14.0",
        "x-ms-ratelimit-remaining-subscription-reads": "11420",
        "x-ms-request-id": "38e93b1d-c971-40dd-ad08-3dd758ecfa74",
        "x-ms-routing-request-id": "WESTCENTRALUS:20230412T054908Z:38e93b1d-c971-40dd-ad08-3dd758ecfa74"
      },
      "ResponseBody": {
        "status": "Enqueued"
      }
    },
    {
      "RequestUri": "https://management.azure.com/subscriptions/23587e98-b6ac-4328-a753-03bcd3c8e744/providers/Microsoft.DocumentDB/locations/westus2/operationsStatus/903f3b6c-cddb-4a3c-b761-0fa085401150?api-version=2022-11-15-preview",
      "RequestMethod": "GET",
      "RequestHeaders": {
        "Authorization": "Sanitized",
        "traceparent": "00-7ceb5a2f6de4cbfb58d6efd996d39ce6-f2f2c548e0e2f0dc-00",
        "User-Agent": "azsdk-net-ResourceManager/1.4.0 (.NET 7.0.4; Microsoft Windows 10.0.22621)",
        "x-ms-client-request-id": "369e6722ff34725cab93d28076c67aac",
        "x-ms-return-client-request-id": "true"
      },
      "RequestBody": null,
      "StatusCode": 200,
      "ResponseHeaders": {
        "Cache-Control": "no-store, no-cache",
        "Content-Length": "21",
        "Content-Type": "application/json",
        "Date": "Wed, 12 Apr 2023 05:49:08 GMT",
        "Pragma": "no-cache",
        "Server": "Microsoft-HTTPAPI/2.0",
        "Strict-Transport-Security": "max-age=31536000; includeSubDomains",
        "X-Content-Type-Options": "nosniff",
        "x-ms-correlation-request-id": "1f375062-b675-4cb0-aa52-4120d510cc8f",
        "x-ms-gatewayversion": "version=2.14.0",
        "x-ms-ratelimit-remaining-subscription-reads": "11419",
        "x-ms-request-id": "1f375062-b675-4cb0-aa52-4120d510cc8f",
        "x-ms-routing-request-id": "WESTCENTRALUS:20230412T054909Z:1f375062-b675-4cb0-aa52-4120d510cc8f"
      },
      "ResponseBody": {
        "status": "Dequeued"
      }
    },
    {
      "RequestUri": "https://management.azure.com/subscriptions/23587e98-b6ac-4328-a753-03bcd3c8e744/providers/Microsoft.DocumentDB/locations/westus2/operationsStatus/903f3b6c-cddb-4a3c-b761-0fa085401150?api-version=2022-11-15-preview",
      "RequestMethod": "GET",
      "RequestHeaders": {
        "Authorization": "Sanitized",
        "traceparent": "00-7ceb5a2f6de4cbfb58d6efd996d39ce6-c4fcca96d0aa61f8-00",
        "User-Agent": "azsdk-net-ResourceManager/1.4.0 (.NET 7.0.4; Microsoft Windows 10.0.22621)",
        "x-ms-client-request-id": "eae35a141acf030a9fc71932e3cb0b20",
        "x-ms-return-client-request-id": "true"
      },
      "RequestBody": null,
      "StatusCode": 200,
      "ResponseHeaders": {
        "Cache-Control": "no-store, no-cache",
        "Content-Length": "21",
        "Content-Type": "application/json",
        "Date": "Wed, 12 Apr 2023 05:49:10 GMT",
        "Pragma": "no-cache",
        "Server": "Microsoft-HTTPAPI/2.0",
        "Strict-Transport-Security": "max-age=31536000; includeSubDomains",
        "X-Content-Type-Options": "nosniff",
        "x-ms-correlation-request-id": "816bc5cd-1a34-40f9-b7fc-c66c626b0908",
        "x-ms-gatewayversion": "version=2.14.0",
        "x-ms-ratelimit-remaining-subscription-reads": "11418",
        "x-ms-request-id": "816bc5cd-1a34-40f9-b7fc-c66c626b0908",
        "x-ms-routing-request-id": "WESTCENTRALUS:20230412T054911Z:816bc5cd-1a34-40f9-b7fc-c66c626b0908"
      },
      "ResponseBody": {
        "status": "Dequeued"
      }
    },
    {
      "RequestUri": "https://management.azure.com/subscriptions/23587e98-b6ac-4328-a753-03bcd3c8e744/providers/Microsoft.DocumentDB/locations/westus2/operationsStatus/903f3b6c-cddb-4a3c-b761-0fa085401150?api-version=2022-11-15-preview",
      "RequestMethod": "GET",
      "RequestHeaders": {
        "Authorization": "Sanitized",
        "traceparent": "00-7ceb5a2f6de4cbfb58d6efd996d39ce6-70e2334353f52d0c-00",
        "User-Agent": "azsdk-net-ResourceManager/1.4.0 (.NET 7.0.4; Microsoft Windows 10.0.22621)",
        "x-ms-client-request-id": "471f940a36f9b497c03aa71345e5f18a",
        "x-ms-return-client-request-id": "true"
      },
      "RequestBody": null,
      "StatusCode": 200,
      "ResponseHeaders": {
        "Cache-Control": "no-store, no-cache",
        "Content-Length": "21",
        "Content-Type": "application/json",
        "Date": "Wed, 12 Apr 2023 05:49:14 GMT",
        "Pragma": "no-cache",
        "Server": "Microsoft-HTTPAPI/2.0",
        "Strict-Transport-Security": "max-age=31536000; includeSubDomains",
        "X-Content-Type-Options": "nosniff",
        "x-ms-correlation-request-id": "6af42489-c2b5-4afa-8f04-5b08967f68ee",
        "x-ms-gatewayversion": "version=2.14.0",
        "x-ms-ratelimit-remaining-subscription-reads": "11417",
        "x-ms-request-id": "6af42489-c2b5-4afa-8f04-5b08967f68ee",
        "x-ms-routing-request-id": "WESTCENTRALUS:20230412T054915Z:6af42489-c2b5-4afa-8f04-5b08967f68ee"
      },
      "ResponseBody": {
        "status": "Dequeued"
      }
    },
    {
      "RequestUri": "https://management.azure.com/subscriptions/23587e98-b6ac-4328-a753-03bcd3c8e744/providers/Microsoft.DocumentDB/locations/westus2/operationsStatus/903f3b6c-cddb-4a3c-b761-0fa085401150?api-version=2022-11-15-preview",
      "RequestMethod": "GET",
      "RequestHeaders": {
        "Authorization": "Sanitized",
        "traceparent": "00-7ceb5a2f6de4cbfb58d6efd996d39ce6-e1b26bcd7228b8f8-00",
        "User-Agent": "azsdk-net-ResourceManager/1.4.0 (.NET 7.0.4; Microsoft Windows 10.0.22621)",
        "x-ms-client-request-id": "0c082cd6435e07e95d9a966ce6298edf",
        "x-ms-return-client-request-id": "true"
      },
      "RequestBody": null,
      "StatusCode": 200,
      "ResponseHeaders": {
        "Cache-Control": "no-store, no-cache",
        "Content-Length": "22",
        "Content-Type": "application/json",
        "Date": "Wed, 12 Apr 2023 05:49:23 GMT",
        "Pragma": "no-cache",
        "Server": "Microsoft-HTTPAPI/2.0",
        "Strict-Transport-Security": "max-age=31536000; includeSubDomains",
        "X-Content-Type-Options": "nosniff",
        "x-ms-correlation-request-id": "5997833d-1d67-48e5-86f3-bed274410f06",
        "x-ms-gatewayversion": "version=2.14.0",
        "x-ms-ratelimit-remaining-subscription-reads": "11416",
        "x-ms-request-id": "5997833d-1d67-48e5-86f3-bed274410f06",
        "x-ms-routing-request-id": "WESTCENTRALUS:20230412T054923Z:5997833d-1d67-48e5-86f3-bed274410f06"
      },
      "ResponseBody": {
        "status": "Succeeded"
      }
    },
    {
      "RequestUri": "https://management.azure.com/subscriptions/23587e98-b6ac-4328-a753-03bcd3c8e744/resourceGroups/dbaccount-3108/providers/Microsoft.DocumentDB/databaseAccounts/dbaccount-7912/sqlDatabases/sql-db-5173/containers/sql-container-3708?api-version=2022-11-15-preview",
      "RequestMethod": "GET",
      "RequestHeaders": {
        "Authorization": "Sanitized",
        "traceparent": "00-7ceb5a2f6de4cbfb58d6efd996d39ce6-20e2a35e67490794-00",
        "User-Agent": "azsdk-net-ResourceManager/1.4.0 (.NET 7.0.4; Microsoft Windows 10.0.22621)",
        "x-ms-client-request-id": "e276b18833a7ddb2c32f2a9473f6beba",
        "x-ms-return-client-request-id": "true"
      },
      "RequestBody": null,
      "StatusCode": 200,
      "ResponseHeaders": {
        "Cache-Control": "no-store, no-cache",
        "Content-Length": "1359",
        "Content-Type": "application/json",
        "Date": "Wed, 12 Apr 2023 05:49:23 GMT",
        "Pragma": "no-cache",
        "Server": "Microsoft-HTTPAPI/2.0",
        "Strict-Transport-Security": "max-age=31536000; includeSubDomains",
        "X-Content-Type-Options": "nosniff",
        "x-ms-correlation-request-id": "71fdb5b2-0092-4a65-8d9c-b2a212de16bd",
        "x-ms-gatewayversion": "version=2.14.0",
        "x-ms-ratelimit-remaining-subscription-reads": "11415",
        "x-ms-request-id": "71fdb5b2-0092-4a65-8d9c-b2a212de16bd",
        "x-ms-routing-request-id": "WESTCENTRALUS:20230412T054923Z:71fdb5b2-0092-4a65-8d9c-b2a212de16bd"
      },
      "ResponseBody": {
        "id": "/subscriptions/23587e98-b6ac-4328-a753-03bcd3c8e744/resourceGroups/dbaccount-3108/providers/Microsoft.DocumentDB/databaseAccounts/dbaccount-7912/sqlDatabases/sql-db-5173/containers/sql-container-3708",
        "type": "Microsoft.DocumentDB/databaseAccounts/sqlDatabases/containers",
        "name": "sql-container-3708",
        "properties": {
          "resource": {
            "id": "sql-container-3708",
            "indexingPolicy": {
              "indexingMode": "consistent",
              "automatic": true,
              "includedPaths": [
                {
                  "path": "/*"
                }
              ],
              "excludedPaths": [
                {
                  "path": "/pathToNotIndex/*"
                },
                {
                  "path": "/\u0022_etag\u0022/?"
                }
              ],
              "spatialIndexes": [
                {
                  "path": "/*",
                  "types": [
                    "Point",
                    "LineString",
                    "Polygon",
                    "MultiPolygon"
                  ]
                }
              ],
              "compositeIndexes": [
                [
                  {
                    "path": "/orderByPath1",
                    "order": "ascending"
                  },
                  {
                    "path": "/orderByPath2",
                    "order": "descending"
                  }
                ]
              ]
            },
            "partitionKey": {
              "paths": [
                "/address/zipCode"
              ],
              "kind": "Hash"
            },
            "uniqueKeyPolicy": {
              "uniqueKeys": []
            },
            "conflictResolutionPolicy": {
              "mode": "LastWriterWins",
              "conflictResolutionPath": "/_ts",
              "conflictResolutionProcedure": ""
            },
            "backupPolicy": {
              "type": 1
            },
            "geospatialConfig": {
              "type": "Geography"
            },
            "_rid": "A5UYAKGbKps=",
            "_ts": 1681278552,
            "_self": "dbs/A5UYAA==/colls/A5UYAKGbKps=/",
            "_etag": "\u002200001602-0000-0700-0000-643646580000\u0022",
            "_docs": "docs/",
            "_sprocs": "sprocs/",
            "_triggers": "triggers/",
            "_udfs": "udfs/",
            "_conflicts": "conflicts/",
            "statistics": [
              {
                "id": "0",
                "sizeInKB": 0,
                "documentCount": 0,
                "sampledDistinctPartitionKeyCount": 0,
                "partitionKeys": []
              }
            ]
          }
        }
      }
    },
    {
      "RequestUri": "https://management.azure.com/subscriptions/23587e98-b6ac-4328-a753-03bcd3c8e744/resourceGroups/dbaccount-3108/providers/Microsoft.DocumentDB/databaseAccounts/dbaccount-7912/sqlDatabases/sql-db-5173/containers?api-version=2022-11-15-preview",
      "RequestMethod": "GET",
      "RequestHeaders": {
        "Accept": "application/json",
        "Authorization": "Sanitized",
        "traceparent": "00-6d692e2514bca0c490cec89fe4afef8f-b12719d9dbbf6fca-00",
        "User-Agent": "azsdk-net-ResourceManager.CosmosDB/1.3.0-alpha.20230410.1 (.NET 7.0.4; Microsoft Windows 10.0.22621)",
        "x-ms-client-request-id": "b75c8ed5fec3c6c1aa17ea5f9f2acd96",
        "x-ms-return-client-request-id": "true"
      },
      "RequestBody": null,
      "StatusCode": 200,
      "ResponseHeaders": {
        "Cache-Control": "no-store, no-cache",
        "Content-Length": "1258",
        "Content-Type": "application/json",
        "Date": "Wed, 12 Apr 2023 05:49:23 GMT",
        "Pragma": "no-cache",
        "Server": "Microsoft-HTTPAPI/2.0",
        "Strict-Transport-Security": "max-age=31536000; includeSubDomains",
        "X-Content-Type-Options": "nosniff",
        "x-ms-correlation-request-id": "6cf96aa4-cfde-49d6-a33e-122b2bfad6e8",
        "x-ms-gatewayversion": "version=2.14.0",
        "x-ms-ratelimit-remaining-subscription-reads": "11414",
        "x-ms-request-id": "6cf96aa4-cfde-49d6-a33e-122b2bfad6e8",
        "x-ms-routing-request-id": "WESTCENTRALUS:20230412T054923Z:6cf96aa4-cfde-49d6-a33e-122b2bfad6e8"
      },
      "ResponseBody": {
        "value": [
          {
            "id": "/subscriptions/23587e98-b6ac-4328-a753-03bcd3c8e744/resourceGroups/dbaccount-3108/providers/Microsoft.DocumentDB/databaseAccounts/dbaccount-7912/sqlDatabases/sql-db-5173/containers/sql-container-3708",
            "type": "Microsoft.DocumentDB/databaseAccounts/sqlDatabases/containers",
            "name": "sql-container-3708",
            "properties": {
              "resource": {
                "id": "sql-container-3708",
                "indexingPolicy": {
                  "indexingMode": "consistent",
                  "automatic": true,
                  "includedPaths": [
                    {
                      "path": "/*"
                    }
                  ],
                  "excludedPaths": [
                    {
                      "path": "/pathToNotIndex/*"
                    },
                    {
                      "path": "/\u0022_etag\u0022/?"
                    }
                  ],
                  "spatialIndexes": [
                    {
                      "path": "/*",
                      "types": [
                        "Point",
                        "LineString",
                        "Polygon",
                        "MultiPolygon"
                      ]
                    }
                  ],
                  "compositeIndexes": [
                    [
                      {
                        "path": "/orderByPath1",
                        "order": "ascending"
                      },
                      {
                        "path": "/orderByPath2",
                        "order": "descending"
                      }
                    ]
                  ]
                },
                "partitionKey": {
                  "paths": [
                    "/address/zipCode"
                  ],
                  "kind": "Hash"
                },
                "uniqueKeyPolicy": {
                  "uniqueKeys": []
                },
                "conflictResolutionPolicy": {
                  "mode": "LastWriterWins",
                  "conflictResolutionPath": "/_ts",
                  "conflictResolutionProcedure": ""
                },
                "backupPolicy": {
                  "type": 1
                },
                "geospatialConfig": {
                  "type": "Geography"
                },
                "_rid": "A5UYAKGbKps=",
                "_ts": 1681278552,
                "_self": "dbs/A5UYAA==/colls/A5UYAKGbKps=/",
                "_etag": "\u002200001602-0000-0700-0000-643646580000\u0022",
                "_docs": "docs/",
                "_sprocs": "sprocs/",
                "_triggers": "triggers/",
                "_udfs": "udfs/",
                "_conflicts": "conflicts/"
              }
            }
          }
        ]
      }
    },
    {
      "RequestUri": "https://management.azure.com/subscriptions/23587e98-b6ac-4328-a753-03bcd3c8e744/resourceGroups/dbaccount-3108/providers/Microsoft.DocumentDB/databaseAccounts/dbaccount-7912/sqlDatabases/sql-db-5173/containers/sql-container-3708?api-version=2022-11-15-preview",
      "RequestMethod": "GET",
      "RequestHeaders": {
        "Accept": "application/json",
        "Authorization": "Sanitized",
        "traceparent": "00-8abe91c7f1fb1aed32538bb85276d14d-43b01a3095db9e13-00",
        "User-Agent": "azsdk-net-ResourceManager.CosmosDB/1.3.0-alpha.20230410.1 (.NET 7.0.4; Microsoft Windows 10.0.22621)",
        "x-ms-client-request-id": "938ac7ab0f6ea2e27a2a482f18549466",
        "x-ms-return-client-request-id": "true"
      },
      "RequestBody": null,
      "StatusCode": 200,
      "ResponseHeaders": {
        "Cache-Control": "no-store, no-cache",
        "Content-Length": "1359",
        "Content-Type": "application/json",
        "Date": "Wed, 12 Apr 2023 05:49:24 GMT",
        "Pragma": "no-cache",
        "Server": "Microsoft-HTTPAPI/2.0",
        "Strict-Transport-Security": "max-age=31536000; includeSubDomains",
        "X-Content-Type-Options": "nosniff",
        "x-ms-correlation-request-id": "aa78d683-6866-4fda-9bcf-6707e1753d21",
        "x-ms-gatewayversion": "version=2.14.0",
        "x-ms-ratelimit-remaining-subscription-reads": "11413",
        "x-ms-request-id": "aa78d683-6866-4fda-9bcf-6707e1753d21",
        "x-ms-routing-request-id": "WESTCENTRALUS:20230412T054924Z:aa78d683-6866-4fda-9bcf-6707e1753d21"
      },
      "ResponseBody": {
        "id": "/subscriptions/23587e98-b6ac-4328-a753-03bcd3c8e744/resourceGroups/dbaccount-3108/providers/Microsoft.DocumentDB/databaseAccounts/dbaccount-7912/sqlDatabases/sql-db-5173/containers/sql-container-3708",
        "type": "Microsoft.DocumentDB/databaseAccounts/sqlDatabases/containers",
        "name": "sql-container-3708",
        "properties": {
          "resource": {
            "id": "sql-container-3708",
            "indexingPolicy": {
              "indexingMode": "consistent",
              "automatic": true,
              "includedPaths": [
                {
                  "path": "/*"
                }
              ],
              "excludedPaths": [
                {
                  "path": "/pathToNotIndex/*"
                },
                {
                  "path": "/\u0022_etag\u0022/?"
                }
              ],
              "spatialIndexes": [
                {
                  "path": "/*",
                  "types": [
                    "Point",
                    "LineString",
                    "Polygon",
                    "MultiPolygon"
                  ]
                }
              ],
              "compositeIndexes": [
                [
                  {
                    "path": "/orderByPath1",
                    "order": "ascending"
                  },
                  {
                    "path": "/orderByPath2",
                    "order": "descending"
                  }
                ]
              ]
            },
            "partitionKey": {
              "paths": [
                "/address/zipCode"
              ],
              "kind": "Hash"
            },
            "uniqueKeyPolicy": {
              "uniqueKeys": []
            },
            "conflictResolutionPolicy": {
              "mode": "LastWriterWins",
              "conflictResolutionPath": "/_ts",
              "conflictResolutionProcedure": ""
            },
            "backupPolicy": {
              "type": 1
            },
            "geospatialConfig": {
              "type": "Geography"
            },
            "_rid": "A5UYAKGbKps=",
            "_ts": 1681278552,
            "_self": "dbs/A5UYAA==/colls/A5UYAKGbKps=/",
            "_etag": "\u002200001602-0000-0700-0000-643646580000\u0022",
            "_docs": "docs/",
            "_sprocs": "sprocs/",
            "_triggers": "triggers/",
            "_udfs": "udfs/",
            "_conflicts": "conflicts/",
            "statistics": [
              {
                "id": "0",
                "sizeInKB": 0,
                "documentCount": 0,
                "sampledDistinctPartitionKeyCount": 0,
                "partitionKeys": []
              }
            ]
          }
        }
      }
    },
    {
      "RequestUri": "https://management.azure.com/subscriptions/23587e98-b6ac-4328-a753-03bcd3c8e744/resourceGroups/dbaccount-3108/providers/Microsoft.DocumentDB/databaseAccounts/dbaccount-7912/sqlDatabases/sql-db-5173/containers/sql-container-3708?api-version=2022-11-15-preview",
      "RequestMethod": "DELETE",
      "RequestHeaders": {
        "Authorization": "Sanitized",
        "traceparent": "00-f7cefdf6988bc07ae795e853150ec54c-39550339f5c14e9e-00",
        "User-Agent": "azsdk-net-ResourceManager.CosmosDB/1.3.0-alpha.20230410.1 (.NET 7.0.4; Microsoft Windows 10.0.22621)",
        "x-ms-client-request-id": "5897dbdcd7cc8a1cf0af378f48523e99",
        "x-ms-return-client-request-id": "true"
      },
      "RequestBody": null,
      "StatusCode": 202,
      "ResponseHeaders": {
        "Azure-AsyncOperation": "https://management.azure.com/subscriptions/23587e98-b6ac-4328-a753-03bcd3c8e744/providers/Microsoft.DocumentDB/locations/westus2/operationsStatus/46a760f6-0b2e-4e8b-b30c-a96878c44e4a?api-version=2022-11-15-preview",
        "Cache-Control": "no-store, no-cache",
        "Content-Length": "21",
        "Content-Type": "application/json",
        "Date": "Wed, 12 Apr 2023 05:49:24 GMT",
        "Location": "https://management.azure.com/subscriptions/23587e98-b6ac-4328-a753-03bcd3c8e744/resourceGroups/dbaccount-3108/providers/Microsoft.DocumentDB/databaseAccounts/dbaccount-7912/sqlDatabases/sql-db-5173/containers/sql-container-3708/operationResults/46a760f6-0b2e-4e8b-b30c-a96878c44e4a?api-version=2022-11-15-preview",
        "Pragma": "no-cache",
        "Server": "Microsoft-HTTPAPI/2.0",
        "Strict-Transport-Security": "max-age=31536000; includeSubDomains",
        "X-Content-Type-Options": "nosniff",
        "x-ms-correlation-request-id": "917b11d7-645f-4457-9cfe-320adbd0a9be",
        "x-ms-gatewayversion": "version=2.14.0",
        "x-ms-ratelimit-remaining-subscription-deletes": "14977",
        "x-ms-request-id": "46a760f6-0b2e-4e8b-b30c-a96878c44e4a",
        "x-ms-routing-request-id": "WESTCENTRALUS:20230412T054924Z:917b11d7-645f-4457-9cfe-320adbd0a9be"
      },
      "ResponseBody": {
        "status": "Enqueued"
      }
    },
    {
      "RequestUri": "https://management.azure.com/subscriptions/23587e98-b6ac-4328-a753-03bcd3c8e744/providers/Microsoft.DocumentDB/locations/westus2/operationsStatus/46a760f6-0b2e-4e8b-b30c-a96878c44e4a?api-version=2022-11-15-preview",
      "RequestMethod": "GET",
      "RequestHeaders": {
        "Authorization": "Sanitized",
        "traceparent": "00-f7cefdf6988bc07ae795e853150ec54c-c69f35ace16eed56-00",
        "User-Agent": "azsdk-net-ResourceManager/1.4.0 (.NET 7.0.4; Microsoft Windows 10.0.22621)",
        "x-ms-client-request-id": "c38384837593d3caab00a3bfd7525a27",
        "x-ms-return-client-request-id": "true"
      },
      "RequestBody": null,
      "StatusCode": 200,
      "ResponseHeaders": {
        "Cache-Control": "no-store, no-cache",
        "Content-Length": "21",
        "Content-Type": "application/json",
        "Date": "Wed, 12 Apr 2023 05:49:24 GMT",
        "Pragma": "no-cache",
        "Server": "Microsoft-HTTPAPI/2.0",
        "Strict-Transport-Security": "max-age=31536000; includeSubDomains",
        "X-Content-Type-Options": "nosniff",
        "x-ms-correlation-request-id": "b0296dee-5e9d-4391-8bfa-5920ad526925",
        "x-ms-gatewayversion": "version=2.14.0",
        "x-ms-ratelimit-remaining-subscription-reads": "11412",
        "x-ms-request-id": "b0296dee-5e9d-4391-8bfa-5920ad526925",
        "x-ms-routing-request-id": "WESTCENTRALUS:20230412T054924Z:b0296dee-5e9d-4391-8bfa-5920ad526925"
      },
      "ResponseBody": {
        "status": "Enqueued"
      }
    },
    {
      "RequestUri": "https://management.azure.com/subscriptions/23587e98-b6ac-4328-a753-03bcd3c8e744/providers/Microsoft.DocumentDB/locations/westus2/operationsStatus/46a760f6-0b2e-4e8b-b30c-a96878c44e4a?api-version=2022-11-15-preview",
      "RequestMethod": "GET",
      "RequestHeaders": {
        "Authorization": "Sanitized",
        "traceparent": "00-f7cefdf6988bc07ae795e853150ec54c-4aed211890306216-00",
        "User-Agent": "azsdk-net-ResourceManager/1.4.0 (.NET 7.0.4; Microsoft Windows 10.0.22621)",
        "x-ms-client-request-id": "85cdafebe86bb2f98fd0ac139a82d45e",
        "x-ms-return-client-request-id": "true"
      },
      "RequestBody": null,
      "StatusCode": 200,
      "ResponseHeaders": {
        "Cache-Control": "no-store, no-cache",
        "Content-Length": "21",
        "Content-Type": "application/json",
        "Date": "Wed, 12 Apr 2023 05:49:25 GMT",
        "Pragma": "no-cache",
        "Server": "Microsoft-HTTPAPI/2.0",
        "Strict-Transport-Security": "max-age=31536000; includeSubDomains",
        "X-Content-Type-Options": "nosniff",
        "x-ms-correlation-request-id": "d2c42257-ad74-45a7-a8b0-20c54a0b7dd7",
        "x-ms-gatewayversion": "version=2.14.0",
        "x-ms-ratelimit-remaining-subscription-reads": "11411",
        "x-ms-request-id": "d2c42257-ad74-45a7-a8b0-20c54a0b7dd7",
        "x-ms-routing-request-id": "WESTCENTRALUS:20230412T054925Z:d2c42257-ad74-45a7-a8b0-20c54a0b7dd7"
      },
      "ResponseBody": {
        "status": "Enqueued"
      }
    },
    {
      "RequestUri": "https://management.azure.com/subscriptions/23587e98-b6ac-4328-a753-03bcd3c8e744/providers/Microsoft.DocumentDB/locations/westus2/operationsStatus/46a760f6-0b2e-4e8b-b30c-a96878c44e4a?api-version=2022-11-15-preview",
      "RequestMethod": "GET",
      "RequestHeaders": {
        "Authorization": "Sanitized",
        "traceparent": "00-f7cefdf6988bc07ae795e853150ec54c-62693ed441a5685a-00",
        "User-Agent": "azsdk-net-ResourceManager/1.4.0 (.NET 7.0.4; Microsoft Windows 10.0.22621)",
        "x-ms-client-request-id": "c40ce1017bcfed05c915ff6c868cef58",
        "x-ms-return-client-request-id": "true"
      },
      "RequestBody": null,
      "StatusCode": 200,
      "ResponseHeaders": {
        "Cache-Control": "no-store, no-cache",
        "Content-Length": "21",
        "Content-Type": "application/json",
        "Date": "Wed, 12 Apr 2023 05:49:26 GMT",
        "Pragma": "no-cache",
        "Server": "Microsoft-HTTPAPI/2.0",
        "Strict-Transport-Security": "max-age=31536000; includeSubDomains",
        "X-Content-Type-Options": "nosniff",
        "x-ms-correlation-request-id": "32788e25-8017-47de-bc12-81e3eb972c38",
        "x-ms-gatewayversion": "version=2.14.0",
        "x-ms-ratelimit-remaining-subscription-reads": "11410",
        "x-ms-request-id": "32788e25-8017-47de-bc12-81e3eb972c38",
        "x-ms-routing-request-id": "WESTCENTRALUS:20230412T054926Z:32788e25-8017-47de-bc12-81e3eb972c38"
      },
      "ResponseBody": {
        "status": "Enqueued"
      }
    },
    {
      "RequestUri": "https://management.azure.com/subscriptions/23587e98-b6ac-4328-a753-03bcd3c8e744/providers/Microsoft.DocumentDB/locations/westus2/operationsStatus/46a760f6-0b2e-4e8b-b30c-a96878c44e4a?api-version=2022-11-15-preview",
      "RequestMethod": "GET",
      "RequestHeaders": {
        "Authorization": "Sanitized",
        "traceparent": "00-f7cefdf6988bc07ae795e853150ec54c-81f9c27360f04ec3-00",
        "User-Agent": "azsdk-net-ResourceManager/1.4.0 (.NET 7.0.4; Microsoft Windows 10.0.22621)",
        "x-ms-client-request-id": "06ad145f28c49aeb8ad033c2c8b63828",
        "x-ms-return-client-request-id": "true"
      },
      "RequestBody": null,
      "StatusCode": 200,
      "ResponseHeaders": {
        "Cache-Control": "no-store, no-cache",
        "Content-Length": "21",
        "Content-Type": "application/json",
        "Date": "Wed, 12 Apr 2023 05:49:27 GMT",
        "Pragma": "no-cache",
        "Server": "Microsoft-HTTPAPI/2.0",
        "Strict-Transport-Security": "max-age=31536000; includeSubDomains",
        "X-Content-Type-Options": "nosniff",
        "x-ms-correlation-request-id": "d1d0fefd-2947-4db7-8e0b-82dba7af1171",
        "x-ms-gatewayversion": "version=2.14.0",
        "x-ms-ratelimit-remaining-subscription-reads": "11409",
        "x-ms-request-id": "d1d0fefd-2947-4db7-8e0b-82dba7af1171",
        "x-ms-routing-request-id": "WESTCENTRALUS:20230412T054927Z:d1d0fefd-2947-4db7-8e0b-82dba7af1171"
      },
      "ResponseBody": {
        "status": "Enqueued"
      }
    },
    {
      "RequestUri": "https://management.azure.com/subscriptions/23587e98-b6ac-4328-a753-03bcd3c8e744/providers/Microsoft.DocumentDB/locations/westus2/operationsStatus/46a760f6-0b2e-4e8b-b30c-a96878c44e4a?api-version=2022-11-15-preview",
      "RequestMethod": "GET",
      "RequestHeaders": {
        "Authorization": "Sanitized",
        "traceparent": "00-f7cefdf6988bc07ae795e853150ec54c-8966db82a6c54e56-00",
        "User-Agent": "azsdk-net-ResourceManager/1.4.0 (.NET 7.0.4; Microsoft Windows 10.0.22621)",
        "x-ms-client-request-id": "f6bd442c96467058a9e0bb55e98d2b02",
        "x-ms-return-client-request-id": "true"
      },
      "RequestBody": null,
      "StatusCode": 200,
      "ResponseHeaders": {
        "Cache-Control": "no-store, no-cache",
        "Content-Length": "21",
        "Content-Type": "application/json",
        "Date": "Wed, 12 Apr 2023 05:49:29 GMT",
        "Pragma": "no-cache",
        "Server": "Microsoft-HTTPAPI/2.0",
        "Strict-Transport-Security": "max-age=31536000; includeSubDomains",
        "X-Content-Type-Options": "nosniff",
        "x-ms-correlation-request-id": "80db7765-1712-481f-8405-e99f598e1735",
        "x-ms-gatewayversion": "version=2.14.0",
        "x-ms-ratelimit-remaining-subscription-reads": "11408",
        "x-ms-request-id": "80db7765-1712-481f-8405-e99f598e1735",
        "x-ms-routing-request-id": "WESTCENTRALUS:20230412T054930Z:80db7765-1712-481f-8405-e99f598e1735"
      },
      "ResponseBody": {
        "status": "Dequeued"
      }
    },
    {
      "RequestUri": "https://management.azure.com/subscriptions/23587e98-b6ac-4328-a753-03bcd3c8e744/providers/Microsoft.DocumentDB/locations/westus2/operationsStatus/46a760f6-0b2e-4e8b-b30c-a96878c44e4a?api-version=2022-11-15-preview",
      "RequestMethod": "GET",
      "RequestHeaders": {
        "Authorization": "Sanitized",
        "traceparent": "00-f7cefdf6988bc07ae795e853150ec54c-3bbe611c4b6e12f9-00",
        "User-Agent": "azsdk-net-ResourceManager/1.4.0 (.NET 7.0.4; Microsoft Windows 10.0.22621)",
        "x-ms-client-request-id": "85b453e1ced5d99af57139fe47432412",
        "x-ms-return-client-request-id": "true"
      },
      "RequestBody": null,
      "StatusCode": 200,
      "ResponseHeaders": {
        "Cache-Control": "no-store, no-cache",
        "Content-Length": "22",
        "Content-Type": "application/json",
        "Date": "Wed, 12 Apr 2023 05:49:33 GMT",
        "Pragma": "no-cache",
        "Server": "Microsoft-HTTPAPI/2.0",
        "Strict-Transport-Security": "max-age=31536000; includeSubDomains",
        "X-Content-Type-Options": "nosniff",
        "x-ms-correlation-request-id": "ce66c753-35e3-4e58-bdf7-0db07688839e",
        "x-ms-gatewayversion": "version=2.14.0",
        "x-ms-ratelimit-remaining-subscription-reads": "11407",
        "x-ms-request-id": "ce66c753-35e3-4e58-bdf7-0db07688839e",
        "x-ms-routing-request-id": "WESTCENTRALUS:20230412T054934Z:ce66c753-35e3-4e58-bdf7-0db07688839e"
      },
      "ResponseBody": {
        "status": "Succeeded"
      }
    }
  ],
  "Variables": {
    "AZURE_AUTHORITY_HOST": "https://login.microsoftonline.com/",
    "RandomSeed": "300154136",
    "RESOURCE_MANAGER_URL": "https://management.azure.com/",
    "SUBSCRIPTION_ID": "23587e98-b6ac-4328-a753-03bcd3c8e744"
  }
}
