{
  "Entries": [
    {
      "RequestUri": "https://amandaadlscanary.blob.core.windows.net/test-filesystem-fffa1537-ca32-bceb-6e90-683f706a7d74?restype=container",
      "RequestMethod": "PUT",
      "RequestHeaders": {
        "Accept": "application/xml",
        "Authorization": "Sanitized",
        "Content-Length": "0",
        "traceparent": "00-eaa2377d74d40446b1365e5f4974d5e7-f32c3bd0caf41b4f-00",
        "User-Agent": "azsdk-net-Storage.Files.DataLake/12.12.0-alpha.20220720.1 (.NET Core 3.1.27; Microsoft Windows 10.0.22000)",
        "x-ms-blob-public-access": "container",
        "x-ms-client-request-id": "a174bd5c-0170-67b3-6722-aedc184f05a8",
        "x-ms-date": "Wed, 20 Jul 2022 22:54:12 GMT",
        "x-ms-return-client-request-id": "true",
        "x-ms-version": "2021-08-06"
      },
      "RequestBody": null,
      "StatusCode": 201,
      "ResponseHeaders": {
        "Content-Length": "0",
        "Date": "Wed, 20 Jul 2022 22:54:14 GMT",
        "ETag": "\u00220x8DA6AA2C4CFF4A0\u0022",
        "Last-Modified": "Wed, 20 Jul 2022 22:54:14 GMT",
        "Server": [
          "Windows-Azure-Blob/1.0",
          "Microsoft-HTTPAPI/2.0"
        ],
        "x-ms-client-request-id": "a174bd5c-0170-67b3-6722-aedc184f05a8",
        "x-ms-request-id": "c6c86690-601e-002f-4c8b-9cfbea000000",
        "x-ms-version": "2021-08-06"
      },
      "ResponseBody": null
    },
    {
      "RequestUri": "https://amandaadlscanary.dfs.core.windows.net/test-filesystem-fffa1537-ca32-bceb-6e90-683f706a7d74/test-file-324086eb-804f-0299-d29f-4a636025b27d?resource=file",
      "RequestMethod": "PUT",
      "RequestHeaders": {
        "Accept": "application/json",
        "Authorization": "Sanitized",
        "Content-Length": "0",
        "traceparent": "00-8ccfe8c8dda0d641ab99eca8221754dd-9d5854f21f0b8741-00",
        "User-Agent": "azsdk-net-Storage.Files.DataLake/12.12.0-alpha.20220720.1 (.NET Core 3.1.27; Microsoft Windows 10.0.22000)",
        "x-ms-client-request-id": "83dbc1c9-97b1-dbfb-2471-ced1b64f0642",
        "x-ms-date": "Wed, 20 Jul 2022 22:54:12 GMT",
        "x-ms-return-client-request-id": "true",
        "x-ms-version": "2021-08-06"
      },
      "RequestBody": null,
      "StatusCode": 201,
      "ResponseHeaders": {
        "Content-Length": "0",
        "Date": "Wed, 20 Jul 2022 22:54:14 GMT",
        "ETag": "\u00220x8DA6AA2C4E1CF3C\u0022",
        "Last-Modified": "Wed, 20 Jul 2022 22:54:14 GMT",
        "Server": [
          "Windows-Azure-HDFS/1.0",
          "Microsoft-HTTPAPI/2.0"
        ],
        "x-ms-client-request-id": "83dbc1c9-97b1-dbfb-2471-ced1b64f0642",
        "x-ms-request-id": "0b599fc4-801f-00a1-628b-9c2d5c000000",
        "x-ms-request-server-encrypted": "true",
        "x-ms-version": "2021-08-06"
      },
      "ResponseBody": null
    },
    {
      "RequestUri": "https://amandaadlscanary.blob.core.windows.net/test-filesystem-fffa1537-ca32-bceb-6e90-683f706a7d74/test-file-324086eb-804f-0299-d29f-4a636025b27d?sv=2021-08-06\u0026ss=bqtf\u0026srt=sco\u0026se=2022-07-21T22%3A54%3A12Z\u0026sp=cuprwdylatfi\u0026sig=Sanitized",
      "RequestMethod": "HEAD",
      "RequestHeaders": {
        "Accept": "application/xml",
        "traceparent": "00-13289c06b35fea45aee4444431b1aeb0-b93e172c5e002447-00",
        "User-Agent": "azsdk-net-Storage.Files.DataLake/12.12.0-alpha.20220720.1 (.NET Core 3.1.27; Microsoft Windows 10.0.22000)",
        "x-ms-client-request-id": "9f9ae65b-2f49-2dcc-2206-8e840d310862",
        "x-ms-return-client-request-id": "true",
        "x-ms-version": "2021-08-06"
      },
      "RequestBody": null,
      "StatusCode": 200,
      "ResponseHeaders": {
        "Accept-Ranges": "bytes",
        "Content-Length": "0",
        "Content-Type": "application/octet-stream",
        "Date": "Wed, 20 Jul 2022 22:54:14 GMT",
        "ETag": "\u00220x8DA6AA2C4E1CF3C\u0022",
        "Last-Modified": "Wed, 20 Jul 2022 22:54:14 GMT",
        "Server": [
          "Windows-Azure-Blob/1.0",
          "Microsoft-HTTPAPI/2.0"
        ],
        "x-ms-access-tier": "Hot",
        "x-ms-access-tier-inferred": "true",
        "x-ms-blob-type": "BlockBlob",
        "x-ms-client-request-id": "9f9ae65b-2f49-2dcc-2206-8e840d310862",
        "x-ms-creation-time": "Wed, 20 Jul 2022 22:54:14 GMT",
        "x-ms-group": "$superuser",
        "x-ms-lease-state": "available",
        "x-ms-lease-status": "unlocked",
        "x-ms-owner": "$superuser",
        "x-ms-permissions": "rw-r-----",
        "x-ms-request-id": "c6c866c2-601e-002f-758b-9cfbea000000",
        "x-ms-resource-type": "file",
        "x-ms-server-encrypted": "true",
        "x-ms-version": "2021-08-06"
      },
      "ResponseBody": null
    },
    {
      "RequestUri": "https://amandaadlscanary.blob.core.windows.net/test-filesystem-fffa1537-ca32-bceb-6e90-683f706a7d74?restype=container",
      "RequestMethod": "DELETE",
      "RequestHeaders": {
        "Accept": "application/xml",
        "Authorization": "Sanitized",
        "traceparent": "00-cb72fb62ad641140a739bc9ecec21269-1afdecee4fe95f4f-00",
        "User-Agent": "azsdk-net-Storage.Files.DataLake/12.12.0-alpha.20220720.1 (.NET Core 3.1.27; Microsoft Windows 10.0.22000)",
        "x-ms-client-request-id": "d07663f4-66b5-40f8-64e9-d865c42d0051",
        "x-ms-date": "Wed, 20 Jul 2022 22:54:12 GMT",
        "x-ms-return-client-request-id": "true",
        "x-ms-version": "2021-08-06"
      },
      "RequestBody": null,
      "StatusCode": 202,
      "ResponseHeaders": {
        "Content-Length": "0",
        "Date": "Wed, 20 Jul 2022 22:54:14 GMT",
        "Server": [
          "Windows-Azure-Blob/1.0",
          "Microsoft-HTTPAPI/2.0"
        ],
        "x-ms-client-request-id": "d07663f4-66b5-40f8-64e9-d865c42d0051",
        "x-ms-request-id": "c6c866da-601e-002f-098b-9cfbea000000",
        "x-ms-version": "2021-08-06"
      },
      "ResponseBody": null
    }
  ],
  "Variables": {
    "DateTimeOffsetNow": "2022-07-20T15:54:12.6259610-07:00",
    "RandomSeed": "2068566775",
    "Storage_TestConfigHierarchicalNamespace": "NamespaceTenant\namandaadlscanary\nU2FuaXRpemVk\nhttps://amandaadlscanary.blob.core.windows.net\nhttps://amandaadlscanary.file.core.windows.net\nhttps://amandaadlscanary.queue.core.windows.net\nhttps://amandaadlscanary.table.core.windows.net\n\n\n\n\nhttps://amandaadlscanary-secondary.blob.core.windows.net\nhttps://amandaadlscanary-secondary.file.core.windows.net\nhttps://amandaadlscanary-secondary.queue.core.windows.net\nhttps://amandaadlscanary-secondary.table.core.windows.net\na42cfe5c-69a3-423d-bfce-8e3ad1aba0d2\nSanitized\n72f988bf-86f1-41af-91ab-2d7cd011db47\nhttps://login.microsoftonline.com/\nCloud\nBlobEndpoint=https://amandaadlscanary.blob.core.windows.net/;QueueEndpoint=https://amandaadlscanary.queue.core.windows.net/;FileEndpoint=https://amandaadlscanary.file.core.windows.net/;BlobSecondaryEndpoint=https://amandaadlscanary-secondary.blob.core.windows.net/;QueueSecondaryEndpoint=https://amandaadlscanary-secondary.queue.core.windows.net/;FileSecondaryEndpoint=https://amandaadlscanary-secondary.file.core.windows.net/;AccountName=amandaadlscanary;AccountKey=Sanitized\n\n\n"
  }
}
