{
  "Entries": [
    {
      "RequestUri": "https://seanoauthcanary.blob.core.windows.net/test-container-f01df379-bd4f-da8c-4e46-796d139aa95d?restype=container",
      "RequestMethod": "PUT",
      "RequestHeaders": {
        "Accept": "application/xml",
        "Authorization": "Sanitized",
        "traceparent": "00-89675aeed7c84f49a45c24a78b73aaa3-9b7b23b5f3055e47-00",
        "User-Agent": [
          "azsdk-net-Storage.Blobs/12.10.0-alpha.20210831.1",
          "(.NET 5.0.9; Microsoft Windows 10.0.19043)"
        ],
        "x-ms-blob-public-access": "container",
        "x-ms-client-request-id": "cefdd41a-dfb1-c305-1e6e-9a0352ec90a8",
        "x-ms-return-client-request-id": "true",
        "x-ms-version": "2021-06-08"
      },
      "RequestBody": null,
      "StatusCode": 201,
      "ResponseHeaders": {
        "Content-Length": "0",
        "Date": "Tue, 31 Aug 2021 21:19:24 GMT",
        "ETag": "\u00220x8D96CC5020AE8B0\u0022",
        "Last-Modified": "Tue, 31 Aug 2021 21:19:24 GMT",
        "Server": [
          "Windows-Azure-Blob/1.0",
          "Microsoft-HTTPAPI/2.0"
        ],
        "x-ms-client-request-id": "cefdd41a-dfb1-c305-1e6e-9a0352ec90a8",
        "x-ms-request-id": "26b0b003-101e-0070-05ad-9e9c5e000000",
        "x-ms-version": "2021-06-08"
      },
      "ResponseBody": []
    },
    {
      "RequestUri": "https://seanoauthcanary.blob.core.windows.net/?restype=service\u0026comp=userdelegationkey",
      "RequestMethod": "POST",
      "RequestHeaders": {
        "Accept": "application/xml",
        "Authorization": "Sanitized",
        "Content-Length": "59",
        "Content-Type": "application/xml",
        "traceparent": "00-e8c1efa554763543997c8f90931ea889-6444766887d9fd48-00",
        "User-Agent": [
          "azsdk-net-Storage.Blobs/12.10.0-alpha.20210831.1",
          "(.NET 5.0.9; Microsoft Windows 10.0.19043)"
        ],
        "x-ms-client-request-id": "748551e3-eaa8-91f9-7f1e-984b7455bc7e",
        "x-ms-return-client-request-id": "true",
        "x-ms-version": "2021-06-08"
      },
      "RequestBody": "\uFEFF\u003CKeyInfo\u003E\u003CExpiry\u003E2021-08-31T22:19:25Z\u003C/Expiry\u003E\u003C/KeyInfo\u003E",
      "StatusCode": 200,
      "ResponseHeaders": {
        "Content-Type": "application/xml",
        "Date": "Tue, 31 Aug 2021 21:19:24 GMT",
        "Server": [
          "Windows-Azure-Blob/1.0",
          "Microsoft-HTTPAPI/2.0"
        ],
        "Transfer-Encoding": "chunked",
        "x-ms-client-request-id": "748551e3-eaa8-91f9-7f1e-984b7455bc7e",
        "x-ms-request-id": "26b0b006-101e-0070-07ad-9e9c5e000000",
        "x-ms-version": "2021-06-08"
      },
      "ResponseBody": "\uFEFF\u003C?xml version=\u00221.0\u0022 encoding=\u0022utf-8\u0022?\u003E\u003CUserDelegationKey\u003E\u003CSignedOid\u003Ec4f48289-bb84-4086-b250-6f94a8f64cee\u003C/SignedOid\u003E\u003CSignedTid\u003E72f988bf-86f1-41af-91ab-2d7cd011db47\u003C/SignedTid\u003E\u003CSignedStart\u003E2021-08-31T21:19:24Z\u003C/SignedStart\u003E\u003CSignedExpiry\u003E2021-08-31T22:19:25Z\u003C/SignedExpiry\u003E\u003CSignedService\u003Eb\u003C/SignedService\u003E\u003CSignedVersion\u003E2020-12-06\u003C/SignedVersion\u003E\u003CValue\u003EHL59gptWSq2n\u002BLD/t/oo\u002BnxdFViWYrsTXPd5euGYHAA=\u003C/Value\u003E\u003C/UserDelegationKey\u003E"
    },
    {
      "RequestUri": "https://seanoauthcanary.blob.core.windows.net/test-container-f01df379-bd4f-da8c-4e46-796d139aa95d/test-blob-cee1f449-da99-2861-30af-b906a95aaab7?skoid=c4f48289-bb84-4086-b250-6f94a8f64cee\u0026sktid=72f988bf-86f1-41af-91ab-2d7cd011db47\u0026skt=2021-08-31T21%3A19%3A24Z\u0026ske=2021-08-31T22%3A19%3A25Z\u0026sks=b\u0026skv=2020-12-06\u0026sv=2022-11-02\u0026st=2021-08-31T20%3A19%3A25Z\u0026se=2021-08-31T22%3A19%3A25Z\u0026sr=c\u0026sp=racwdxyltmei\u0026saoid=9fba6e5d-b585-aed5-564c-6aa049a6b9aa\u0026sig=Sanitized",
      "RequestMethod": "PUT",
      "RequestHeaders": {
        "Accept": "application/xml",
        "Content-Length": "0",
        "Content-Type": "application/octet-stream",
        "If-None-Match": "*",
        "traceparent": "00-e0e2edf75fb27e4784b4720aaf6ab8a1-38b3e4c2c7486c4f-00",
        "User-Agent": [
          "azsdk-net-Storage.Blobs/12.10.0-alpha.20210831.1",
          "(.NET 5.0.9; Microsoft Windows 10.0.19043)"
        ],
        "x-ms-blob-type": "BlockBlob",
        "x-ms-client-request-id": "2462b7ed-4186-0926-f05c-43f930f3e725",
        "x-ms-return-client-request-id": "true",
        "x-ms-version": "2021-06-08"
      },
      "RequestBody": null,
      "StatusCode": 201,
      "ResponseHeaders": {
        "Content-Length": "0",
        "Content-MD5": "1B2M2Y8AsgTpgAmY7PhCfg==",
        "Date": "Tue, 31 Aug 2021 21:19:24 GMT",
        "ETag": "\u00220x8D96CC5022AD9B1\u0022",
        "Last-Modified": "Tue, 31 Aug 2021 21:19:25 GMT",
        "Server": [
          "Windows-Azure-Blob/1.0",
          "Microsoft-HTTPAPI/2.0"
        ],
        "x-ms-client-request-id": "2462b7ed-4186-0926-f05c-43f930f3e725",
        "x-ms-content-crc64": "AAAAAAAAAAA=",
        "x-ms-request-id": "26b0b008-101e-0070-09ad-9e9c5e000000",
        "x-ms-request-server-encrypted": "true",
        "x-ms-version": "2021-06-08",
        "x-ms-version-id": "2021-08-31T21:19:25.0355633Z"
      },
      "ResponseBody": []
    },
    {
      "RequestUri": "https://seanoauthcanary.blob.core.windows.net/test-container-f01df379-bd4f-da8c-4e46-796d139aa95d/test-blob-cee1f449-da99-2861-30af-b906a95aaab7?skoid=c4f48289-bb84-4086-b250-6f94a8f64cee\u0026sktid=72f988bf-86f1-41af-91ab-2d7cd011db47\u0026skt=2021-08-31T21%3A19%3A24Z\u0026ske=2021-08-31T22%3A19%3A25Z\u0026sks=b\u0026skv=2020-12-06\u0026sv=2022-11-02\u0026st=2021-08-31T20%3A19%3A25Z\u0026se=2021-08-31T22%3A19%3A25Z\u0026sr=c\u0026sp=racwdxyltmei\u0026saoid=9fba6e5d-b585-aed5-564c-6aa049a6b9aa\u0026sig=Sanitized",
      "RequestMethod": "HEAD",
      "RequestHeaders": {
        "Accept": "application/xml",
        "traceparent": "00-99269fad1758304f93d4ce0bdf7e3d07-049431f6cb449848-00",
        "User-Agent": [
          "azsdk-net-Storage.Blobs/12.10.0-alpha.20210831.1",
          "(.NET 5.0.9; Microsoft Windows 10.0.19043)"
        ],
        "x-ms-client-request-id": "f218f9d5-85f7-1b30-b316-110ad80671e2",
        "x-ms-return-client-request-id": "true",
        "x-ms-version": "2021-06-08"
      },
      "RequestBody": null,
      "StatusCode": 200,
      "ResponseHeaders": {
        "Accept-Ranges": "bytes",
        "Content-Length": "0",
        "Content-MD5": "1B2M2Y8AsgTpgAmY7PhCfg==",
        "Content-Type": "application/octet-stream",
        "Date": "Tue, 31 Aug 2021 21:19:24 GMT",
        "ETag": "\u00220x8D96CC5022AD9B1\u0022",
        "Last-Modified": "Tue, 31 Aug 2021 21:19:25 GMT",
        "Server": [
          "Windows-Azure-Blob/1.0",
          "Microsoft-HTTPAPI/2.0"
        ],
        "x-ms-access-tier": "Hot",
        "x-ms-access-tier-inferred": "true",
        "x-ms-blob-type": "BlockBlob",
        "x-ms-client-request-id": "f218f9d5-85f7-1b30-b316-110ad80671e2",
        "x-ms-creation-time": "Tue, 31 Aug 2021 21:19:25 GMT",
        "x-ms-is-current-version": "true",
        "x-ms-lease-state": "available",
        "x-ms-lease-status": "unlocked",
        "x-ms-request-id": "26b0b020-101e-0070-18ad-9e9c5e000000",
        "x-ms-server-encrypted": "true",
        "x-ms-version": "2021-06-08",
        "x-ms-version-id": "2021-08-31T21:19:25.0355633Z"
      },
      "ResponseBody": []
    },
    {
      "RequestUri": "https://seanoauthcanary.blob.core.windows.net/test-container-f01df379-bd4f-da8c-4e46-796d139aa95d?restype=container",
      "RequestMethod": "DELETE",
      "RequestHeaders": {
        "Accept": "application/xml",
        "Authorization": "Sanitized",
        "traceparent": "00-28b1cf62ea48c846a17d0f61dba3c140-c67632d043f2c64e-00",
        "User-Agent": [
          "azsdk-net-Storage.Blobs/12.10.0-alpha.20210831.1",
          "(.NET 5.0.9; Microsoft Windows 10.0.19043)"
        ],
        "x-ms-client-request-id": "36246b8d-f5da-ee2e-b1d2-e71ea90c54ed",
        "x-ms-return-client-request-id": "true",
        "x-ms-version": "2021-06-08"
      },
      "RequestBody": null,
      "StatusCode": 202,
      "ResponseHeaders": {
        "Content-Length": "0",
        "Date": "Tue, 31 Aug 2021 21:19:24 GMT",
        "Server": [
          "Windows-Azure-Blob/1.0",
          "Microsoft-HTTPAPI/2.0"
        ],
        "x-ms-client-request-id": "36246b8d-f5da-ee2e-b1d2-e71ea90c54ed",
        "x-ms-request-id": "26b0b028-101e-0070-1ead-9e9c5e000000",
        "x-ms-version": "2021-06-08"
      },
      "ResponseBody": []
    }
  ],
  "Variables": {
    "DateTimeOffsetNow": "2021-08-31T16:19:25.5519918-05:00",
    "RandomSeed": "1395686240",
    "Storage_TestConfigOAuth": "OAuthTenant\nseanoauthcanary\nU2FuaXRpemVk\nhttps://seanoauthcanary.blob.core.windows.net\nhttps://seanoauthcanary.file.core.windows.net\nhttps://seanoauthcanary.queue.core.windows.net\nhttps://seanoauthcanary.table.core.windows.net\n\n\n\n\nhttps://seanoauthcanary-secondary.blob.core.windows.net\nhttps://seanoauthcanary-secondary.file.core.windows.net\nhttps://seanoauthcanary-secondary.queue.core.windows.net\nhttps://seanoauthcanary-secondary.table.core.windows.net\n68390a19-a643-458b-b726-408abf67b4fc\nSanitized\n72f988bf-86f1-41af-91ab-2d7cd011db47\nhttps://login.microsoftonline.com/\nCloud\nBlobEndpoint=https://seanoauthcanary.blob.core.windows.net/;QueueEndpoint=https://seanoauthcanary.queue.core.windows.net/;FileEndpoint=https://seanoauthcanary.file.core.windows.net/;BlobSecondaryEndpoint=https://seanoauthcanary-secondary.blob.core.windows.net/;QueueSecondaryEndpoint=https://seanoauthcanary-secondary.queue.core.windows.net/;FileSecondaryEndpoint=https://seanoauthcanary-secondary.file.core.windows.net/;AccountName=seanoauthcanary;AccountKey=Sanitized\n\nXClient\nba45b233-e2ef-4169-8808-49eb0d8eba0d"
  }
}