{
  "Entries": [
    {
      "RequestUri": "https://seanoauthcanary.blob.core.windows.net/test-container-a035f1e2-0fe5-2ee0-f61e-4d7e2568fd03?restype=container",
      "RequestMethod": "PUT",
      "RequestHeaders": {
        "Accept": "application/xml",
        "Authorization": "Sanitized",
        "traceparent": "00-622d5b160c544646978875397eafd23f-56c475579a7ef043-00",
        "User-Agent": [
          "azsdk-net-Storage.Blobs/12.10.0-alpha.20210831.1",
          "(.NET 5.0.9; Microsoft Windows 10.0.19043)"
        ],
        "x-ms-blob-public-access": "container",
        "x-ms-client-request-id": "71fdac1d-8862-8e54-9682-277d9d697142",
        "x-ms-return-client-request-id": "true",
        "x-ms-version": "2021-04-10"
      },
      "RequestBody": null,
      "StatusCode": 201,
      "ResponseHeaders": {
        "Content-Length": "0",
        "Date": "Tue, 31 Aug 2021 21:19:25 GMT",
        "ETag": "\u00220x8D96CC502922E8F\u0022",
        "Last-Modified": "Tue, 31 Aug 2021 21:19:25 GMT",
        "Server": [
          "Windows-Azure-Blob/1.0",
          "Microsoft-HTTPAPI/2.0"
        ],
        "x-ms-client-request-id": "71fdac1d-8862-8e54-9682-277d9d697142",
        "x-ms-request-id": "26b0b05c-101e-0070-40ad-9e9c5e000000",
        "x-ms-version": "2021-04-10"
      },
      "ResponseBody": []
    },
    {
      "RequestUri": "https://seanoauthcanary.blob.core.windows.net/?restype=service\u0026comp=userdelegationkey",
      "RequestMethod": "POST",
      "RequestHeaders": {
        "Accept": "application/xml",
        "Authorization": "Sanitized",
        "Content-Length": "59",
        "Content-Type": "application/xml",
        "traceparent": "00-5100c6dd0d398c42b0f3f2bc73575b9d-29cf17ef099d3647-00",
        "User-Agent": [
          "azsdk-net-Storage.Blobs/12.10.0-alpha.20210831.1",
          "(.NET 5.0.9; Microsoft Windows 10.0.19043)"
        ],
        "x-ms-client-request-id": "796034f7-8c6b-07a1-0dfc-d0873286ab5d",
        "x-ms-return-client-request-id": "true",
        "x-ms-version": "2021-04-10"
      },
      "RequestBody": "\uFEFF\u003CKeyInfo\u003E\u003CExpiry\u003E2021-08-31T22:19:26Z\u003C/Expiry\u003E\u003C/KeyInfo\u003E",
      "StatusCode": 200,
      "ResponseHeaders": {
        "Content-Type": "application/xml",
        "Date": "Tue, 31 Aug 2021 21:19:25 GMT",
        "Server": [
          "Windows-Azure-Blob/1.0",
          "Microsoft-HTTPAPI/2.0"
        ],
        "Transfer-Encoding": "chunked",
        "x-ms-client-request-id": "796034f7-8c6b-07a1-0dfc-d0873286ab5d",
        "x-ms-request-id": "26b0b091-101e-0070-70ad-9e9c5e000000",
        "x-ms-version": "2021-04-10"
      },
      "ResponseBody": "\uFEFF\u003C?xml version=\u00221.0\u0022 encoding=\u0022utf-8\u0022?\u003E\u003CUserDelegationKey\u003E\u003CSignedOid\u003Ec4f48289-bb84-4086-b250-6f94a8f64cee\u003C/SignedOid\u003E\u003CSignedTid\u003E72f988bf-86f1-41af-91ab-2d7cd011db47\u003C/SignedTid\u003E\u003CSignedStart\u003E2021-08-31T21:19:25Z\u003C/SignedStart\u003E\u003CSignedExpiry\u003E2021-08-31T22:19:26Z\u003C/SignedExpiry\u003E\u003CSignedService\u003Eb\u003C/SignedService\u003E\u003CSignedVersion\u003E2020-12-06\u003C/SignedVersion\u003E\u003CValue\u003ECa92Q40sbqMy5LyNLF7sBXbjJJZp\u002B6/ATl7F9T/5l5g=\u003C/Value\u003E\u003C/UserDelegationKey\u003E"
    },
    {
      "RequestUri": "https://seanoauthcanary.blob.core.windows.net/test-container-a035f1e2-0fe5-2ee0-f61e-4d7e2568fd03?skoid=c4f48289-bb84-4086-b250-6f94a8f64cee\u0026sktid=72f988bf-86f1-41af-91ab-2d7cd011db47\u0026skt=2021-08-31T21%3A19%3A25Z\u0026ske=2021-08-31T22%3A19%3A26Z\u0026sks=b\u0026skv=2020-12-06\u0026sv=2021-04-10\u0026st=2021-08-31T20%3A19%3A26Z\u0026se=2021-08-31T22%3A19%3A26Z\u0026sr=c\u0026sp=racwdxyltmei\u0026scid=24ad418b-6b04-4aac-f175-8475ae6b0272\u0026sig=Sanitized\u0026restype=container\u0026comp=list",
      "RequestMethod": "GET",
      "RequestHeaders": {
        "Accept": "application/xml",
        "User-Agent": [
          "azsdk-net-Storage.Blobs/12.10.0-alpha.20210831.1",
          "(.NET 5.0.9; Microsoft Windows 10.0.19043)"
        ],
        "x-ms-client-request-id": "4a5d7c40-d576-8c4c-8716-87f6072b59a1",
        "x-ms-return-client-request-id": "true",
        "x-ms-version": "2021-04-10"
      },
      "RequestBody": null,
      "StatusCode": 200,
      "ResponseHeaders": {
        "Content-Type": "application/xml",
        "Date": "Tue, 31 Aug 2021 21:19:25 GMT",
        "Server": [
          "Windows-Azure-Blob/1.0",
          "Microsoft-HTTPAPI/2.0"
        ],
        "Transfer-Encoding": "chunked",
        "x-ms-client-request-id": "4a5d7c40-d576-8c4c-8716-87f6072b59a1",
        "x-ms-request-id": "26b0b096-101e-0070-75ad-9e9c5e000000",
        "x-ms-version": "2021-04-10"
      },
      "ResponseBody": "\uFEFF\u003C?xml version=\u00221.0\u0022 encoding=\u0022utf-8\u0022?\u003E\u003CEnumerationResults ServiceEndpoint=\u0022https://seanoauthcanary.blob.core.windows.net/\u0022 ContainerName=\u0022test-container-a035f1e2-0fe5-2ee0-f61e-4d7e2568fd03\u0022\u003E\u003CBlobs /\u003E\u003CNextMarker /\u003E\u003C/EnumerationResults\u003E"
    },
    {
      "RequestUri": "https://seanoauthcanary.blob.core.windows.net/test-container-a035f1e2-0fe5-2ee0-f61e-4d7e2568fd03?restype=container",
      "RequestMethod": "DELETE",
      "RequestHeaders": {
        "Accept": "application/xml",
        "Authorization": "Sanitized",
        "traceparent": "00-49ddc1531c784443b66a0be1c050c2f6-9304434c0bd88644-00",
        "User-Agent": [
          "azsdk-net-Storage.Blobs/12.10.0-alpha.20210831.1",
          "(.NET 5.0.9; Microsoft Windows 10.0.19043)"
        ],
        "x-ms-client-request-id": "31341f1f-b80d-b1fc-8af9-e2f270e07c42",
        "x-ms-return-client-request-id": "true",
        "x-ms-version": "2021-04-10"
      },
      "RequestBody": null,
      "StatusCode": 202,
      "ResponseHeaders": {
        "Content-Length": "0",
        "Date": "Tue, 31 Aug 2021 21:19:25 GMT",
        "Server": [
          "Windows-Azure-Blob/1.0",
          "Microsoft-HTTPAPI/2.0"
        ],
        "x-ms-client-request-id": "31341f1f-b80d-b1fc-8af9-e2f270e07c42",
        "x-ms-request-id": "26b0b098-101e-0070-77ad-9e9c5e000000",
        "x-ms-version": "2021-04-10"
      },
      "ResponseBody": []
    }
  ],
  "Variables": {
    "DateTimeOffsetNow": "2021-08-31T16:19:26.4386048-05:00",
    "RandomSeed": "1017343227",
    "Storage_TestConfigOAuth": "OAuthTenant\nseanoauthcanary\nU2FuaXRpemVk\nhttps://seanoauthcanary.blob.core.windows.net\nhttps://seanoauthcanary.file.core.windows.net\nhttps://seanoauthcanary.queue.core.windows.net\nhttps://seanoauthcanary.table.core.windows.net\n\n\n\n\nhttps://seanoauthcanary-secondary.blob.core.windows.net\nhttps://seanoauthcanary-secondary.file.core.windows.net\nhttps://seanoauthcanary-secondary.queue.core.windows.net\nhttps://seanoauthcanary-secondary.table.core.windows.net\n68390a19-a643-458b-b726-408abf67b4fc\nSanitized\n72f988bf-86f1-41af-91ab-2d7cd011db47\nhttps://login.microsoftonline.com/\nCloud\nBlobEndpoint=https://seanoauthcanary.blob.core.windows.net/;QueueEndpoint=https://seanoauthcanary.queue.core.windows.net/;FileEndpoint=https://seanoauthcanary.file.core.windows.net/;BlobSecondaryEndpoint=https://seanoauthcanary-secondary.blob.core.windows.net/;QueueSecondaryEndpoint=https://seanoauthcanary-secondary.queue.core.windows.net/;FileSecondaryEndpoint=https://seanoauthcanary-secondary.file.core.windows.net/;AccountName=seanoauthcanary;AccountKey=Sanitized\n\nXClient\nba45b233-e2ef-4169-8808-49eb0d8eba0d"
  }
}