{
  "Entries": [
    {
      "RequestUri": "https://amandadev2.blob.core.windows.net/test-container-92fc8266-3fd4-ba40-1f47-ed9a987f6291?restype=container",
      "RequestMethod": "PUT",
      "RequestHeaders": {
        "Authorization": "Sanitized",
        "traceparent": "00-e2e9c22236b0d84e86fe08c7b910a038-d93904a1aabdef48-00",
        "User-Agent": [
          "azsdk-net-Storage.Blobs/12.7.0-alpha.20201029.1",
          "(.NET Core 4.6.29220.03; Microsoft Windows 10.0.19042 )"
        ],
        "x-ms-blob-public-access": "container",
        "x-ms-client-request-id": "dd993c83-e3a8-aa4b-1edb-bb84b0b99fc7",
        "x-ms-date": "Thu, 29 Oct 2020 21:53:45 GMT",
        "x-ms-return-client-request-id": "true",
        "x-ms-version": "2020-04-08"
      },
      "RequestBody": null,
      "StatusCode": 201,
      "ResponseHeaders": {
        "Content-Length": "0",
        "Date": "Thu, 29 Oct 2020 21:53:45 GMT",
        "ETag": "\u00220x8D87C551BDDE64E\u0022",
        "Last-Modified": "Thu, 29 Oct 2020 21:53:45 GMT",
        "Server": [
          "Windows-Azure-Blob/1.0",
          "Microsoft-HTTPAPI/2.0"
        ],
        "x-ms-client-request-id": "dd993c83-e3a8-aa4b-1edb-bb84b0b99fc7",
        "x-ms-request-id": "4dfa6bd1-301e-0078-523d-aefaac000000",
        "x-ms-version": "2020-04-08"
      },
      "ResponseBody": []
    },
    {
      "RequestUri": "https://amandadev2.blob.core.windows.net/test-container-92fc8266-3fd4-ba40-1f47-ed9a987f6291?sv=2020-04-08\u0026st=2020-10-29T20%3A53%3A45Z\u0026se=2020-10-29T22%3A53%3A45Z\u0026sr=c\u0026sp=l\u0026sig=Sanitized\u0026restype=container\u0026comp=list",
      "RequestMethod": "GET",
      "RequestHeaders": {
        "User-Agent": [
          "azsdk-net-Storage.Blobs/12.7.0-alpha.20201029.1",
          "(.NET Core 4.6.29220.03; Microsoft Windows 10.0.19042 )"
        ],
        "x-ms-client-request-id": "5c160471-85e5-74e9-66a4-5f6e482dd720",
        "x-ms-return-client-request-id": "true",
        "x-ms-version": "2020-04-08"
      },
      "RequestBody": null,
      "StatusCode": 200,
      "ResponseHeaders": {
        "Content-Type": "application/xml",
        "Date": "Thu, 29 Oct 2020 21:53:44 GMT",
        "Server": [
          "Windows-Azure-Blob/1.0",
          "Microsoft-HTTPAPI/2.0"
        ],
        "Transfer-Encoding": "chunked",
        "x-ms-client-request-id": "5c160471-85e5-74e9-66a4-5f6e482dd720",
        "x-ms-request-id": "ed187032-901e-00d4-3b3d-aedb3b000000",
        "x-ms-version": "2020-04-08"
      },
      "ResponseBody": "\uFEFF\u003C?xml version=\u00221.0\u0022 encoding=\u0022utf-8\u0022?\u003E\u003CEnumerationResults ServiceEndpoint=\u0022https://amandadev2.blob.core.windows.net/\u0022 ContainerName=\u0022test-container-92fc8266-3fd4-ba40-1f47-ed9a987f6291\u0022\u003E\u003CBlobs /\u003E\u003CNextMarker /\u003E\u003C/EnumerationResults\u003E"
    },
    {
      "RequestUri": "https://amandadev2.blob.core.windows.net/test-container-92fc8266-3fd4-ba40-1f47-ed9a987f6291?restype=container",
      "RequestMethod": "DELETE",
      "RequestHeaders": {
        "Authorization": "Sanitized",
        "traceparent": "00-4f1c1d325512ba418fd16827cbfcfbe6-21c20b2973a13145-00",
        "User-Agent": [
          "azsdk-net-Storage.Blobs/12.7.0-alpha.20201029.1",
          "(.NET Core 4.6.29220.03; Microsoft Windows 10.0.19042 )"
        ],
        "x-ms-client-request-id": "ab13746b-42a2-55e1-9572-f50b587a19a1",
        "x-ms-date": "Thu, 29 Oct 2020 21:53:45 GMT",
        "x-ms-return-client-request-id": "true",
        "x-ms-version": "2020-04-08"
      },
      "RequestBody": null,
      "StatusCode": 202,
      "ResponseHeaders": {
        "Content-Length": "0",
        "Date": "Thu, 29 Oct 2020 21:53:44 GMT",
        "Server": [
          "Windows-Azure-Blob/1.0",
          "Microsoft-HTTPAPI/2.0"
        ],
        "x-ms-client-request-id": "ab13746b-42a2-55e1-9572-f50b587a19a1",
        "x-ms-request-id": "ed187045-901e-00d4-483d-aedb3b000000",
        "x-ms-version": "2020-04-08"
      },
      "ResponseBody": []
    }
  ],
  "Variables": {
    "DateTimeOffsetNow": "2020-10-29T14:53:45.4829042-07:00",
    "RandomSeed": "88126220",
    "Storage_TestConfigDefault": "ProductionTenant\namandadev2\nU2FuaXRpemVk\nhttps://amandadev2.blob.core.windows.net\nhttps://amandadev2.file.core.windows.net\nhttps://amandadev2.queue.core.windows.net\nhttps://amandadev2.table.core.windows.net\n\n\n\n\nhttps://amandadev2-secondary.blob.core.windows.net\nhttps://amandadev2-secondary.file.core.windows.net\nhttps://amandadev2-secondary.queue.core.windows.net\nhttps://amandadev2-secondary.table.core.windows.net\n\nSanitized\n\n\nCloud\nBlobEndpoint=https://amandadev2.blob.core.windows.net/;QueueEndpoint=https://amandadev2.queue.core.windows.net/;FileEndpoint=https://amandadev2.file.core.windows.net/;BlobSecondaryEndpoint=https://amandadev2-secondary.blob.core.windows.net/;QueueSecondaryEndpoint=https://amandadev2-secondary.queue.core.windows.net/;FileSecondaryEndpoint=https://amandadev2-secondary.file.core.windows.net/;AccountName=amandadev2;AccountKey=Kg==;\n"
  }
}