{
  "Entries": [
    {
      "RequestUri": "/subscriptions/a1bfa635-f2bf-42f1-86b5-848c674fc321/resourcegroups/csmrg5109?api-version=2020-06-01",
      "EncodedRequestUri": "L3N1YnNjcmlwdGlvbnMvYTFiZmE2MzUtZjJiZi00MmYxLTg2YjUtODQ4YzY3NGZjMzIxL3Jlc291cmNlZ3JvdXBzL2NzbXJnNTEwOT9hcGktdmVyc2lvbj0yMDIwLTA2LTAx",
      "RequestMethod": "PUT",
      "RequestBody": "{\r\n  \"location\": \"West US\"\r\n}",
      "RequestHeaders": {
        "x-ms-client-request-id": [
          "faded1f1-f191-4e1c-9bda-9e133f5ca4f8"
        ],
        "Accept-Language": [
          "en-US"
        ],
        "User-Agent": [
          "FxVersion/4.6.28207.03",
          "OSName/Windows",
          "OSVersion/Microsoft.Windows.10.0.18363.",
          "Microsoft.Azure.Management.ResourceManager.ResourceManagementClient/4.0.0.0"
        ],
        "Content-Type": [
          "application/json; charset=utf-8"
        ],
        "Content-Length": [
          "29"
        ]
      },
      "ResponseHeaders": {
        "Cache-Control": [
          "no-cache"
        ],
        "Pragma": [
          "no-cache"
        ],
        "x-ms-ratelimit-remaining-subscription-writes": [
          "1199"
        ],
        "x-ms-request-id": [
          "3fb8041f-4ae7-4516-a6c6-c62af57e4faf"
        ],
        "x-ms-correlation-request-id": [
          "3fb8041f-4ae7-4516-a6c6-c62af57e4faf"
        ],
        "x-ms-routing-request-id": [
          "NORTHCENTRALUS:20200619T193150Z:3fb8041f-4ae7-4516-a6c6-c62af57e4faf"
        ],
        "Strict-Transport-Security": [
          "max-age=31536000; includeSubDomains"
        ],
        "X-Content-Type-Options": [
          "nosniff"
        ],
        "Date": [
          "Fri, 19 Jun 2020 19:31:50 GMT"
        ],
        "Content-Length": [
          "215"
        ],
        "Content-Type": [
          "application/json; charset=utf-8"
        ],
        "Expires": [
          "-1"
        ]
      },
      "ResponseBody": "{\r\n  \"id\": \"/subscriptions/a1bfa635-f2bf-42f1-86b5-848c674fc321/resourceGroups/csmrg5109\",\r\n  \"name\": \"csmrg5109\",\r\n  \"type\": \"Microsoft.Resources/resourceGroups\",\r\n  \"location\": \"westus\",\r\n  \"properties\": {\r\n    \"provisioningState\": \"Succeeded\"\r\n  }\r\n}",
      "StatusCode": 201
    },
    {
      "RequestUri": "/subscriptions/a1bfa635-f2bf-42f1-86b5-848c674fc321/resourcegroups/csmrg5109/providers/Microsoft.Web//serverfarms/csmr9693?api-version=2018-02-01",
      "EncodedRequestUri": "L3N1YnNjcmlwdGlvbnMvYTFiZmE2MzUtZjJiZi00MmYxLTg2YjUtODQ4YzY3NGZjMzIxL3Jlc291cmNlZ3JvdXBzL2NzbXJnNTEwOS9wcm92aWRlcnMvTWljcm9zb2Z0LldlYi8vc2VydmVyZmFybXMvY3Ntcjk2OTM/YXBpLXZlcnNpb249MjAxOC0wMi0wMQ==",
      "RequestMethod": "PUT",
      "RequestBody": "{\r\n  \"properties\": {},\r\n  \"sku\": {\r\n    \"name\": \"S1\"\r\n  },\r\n  \"location\": \"West US\"\r\n}",
      "RequestHeaders": {
        "x-ms-client-request-id": [
          "991b3149-a3d3-4000-a36f-539aef9f3875"
        ],
        "Accept-Language": [
          "en-US"
        ],
        "User-Agent": [
          "FxVersion/4.6.28207.03",
          "OSName/Windows",
          "OSVersion/Microsoft.Windows.10.0.18363.",
          "Microsoft.Azure.Management.ResourceManager.ResourceManagementClient/4.0.0.0"
        ],
        "Content-Type": [
          "application/json; charset=utf-8"
        ],
        "Content-Length": [
          "86"
        ]
      },
      "ResponseHeaders": {
        "Cache-Control": [
          "no-cache"
        ],
        "Pragma": [
          "no-cache"
        ],
        "Strict-Transport-Security": [
          "max-age=31536000; includeSubDomains"
        ],
        "x-ms-request-id": [
          "15f8805c-aeb3-4237-8471-bd3aedcc3a60"
        ],
        "Server": [
          "Microsoft-IIS/10.0"
        ],
        "X-AspNet-Version": [
          "4.0.30319"
        ],
        "X-Powered-By": [
          "ASP.NET"
        ],
        "x-ms-ratelimit-remaining-subscription-writes": [
          "1198"
        ],
        "x-ms-correlation-request-id": [
          "1e1af0ba-ac50-4f33-88a7-8ce9907be56a"
        ],
        "x-ms-routing-request-id": [
          "NORTHCENTRALUS:20200619T193158Z:1e1af0ba-ac50-4f33-88a7-8ce9907be56a"
        ],
        "X-Content-Type-Options": [
          "nosniff"
        ],
        "Date": [
          "Fri, 19 Jun 2020 19:31:57 GMT"
        ],
        "Content-Length": [
          "1434"
        ],
        "Content-Type": [
          "application/json"
        ],
        "Expires": [
          "-1"
        ]
      },
      "ResponseBody": "{\r\n  \"id\": \"/subscriptions/a1bfa635-f2bf-42f1-86b5-848c674fc321/resourceGroups/csmrg5109/providers/Microsoft.Web/serverfarms/csmr9693\",\r\n  \"name\": \"csmr9693\",\r\n  \"type\": \"Microsoft.Web/serverfarms\",\r\n  \"kind\": \"app\",\r\n  \"location\": \"West US\",\r\n  \"tags\": {\r\n    \"Blah\": \"Tataaaa\",\r\n    \"tag1\": \"tag2\",\r\n    \"TagAlong\": \"TagOver\",\r\n    \"tagname\": \"tagvalue\"\r\n  },\r\n  \"properties\": {\r\n    \"serverFarmId\": 26740,\r\n    \"name\": \"csmr9693\",\r\n    \"workerSize\": \"Default\",\r\n    \"workerSizeId\": 0,\r\n    \"workerTierName\": null,\r\n    \"numberOfWorkers\": 1,\r\n    \"currentWorkerSize\": \"Default\",\r\n    \"currentWorkerSizeId\": 0,\r\n    \"currentNumberOfWorkers\": 1,\r\n    \"status\": \"Ready\",\r\n    \"webSpace\": \"csmrg5109-WestUSwebspace\",\r\n    \"subscription\": \"a1bfa635-f2bf-42f1-86b5-848c674fc321\",\r\n    \"adminSiteName\": null,\r\n    \"hostingEnvironment\": null,\r\n    \"hostingEnvironmentProfile\": null,\r\n    \"maximumNumberOfWorkers\": 10,\r\n    \"planName\": \"VirtualDedicatedPlan\",\r\n    \"adminRuntimeSiteName\": null,\r\n    \"computeMode\": \"Dedicated\",\r\n    \"siteMode\": null,\r\n    \"geoRegion\": \"West US\",\r\n    \"perSiteScaling\": false,\r\n    \"maximumElasticWorkerCount\": 1,\r\n    \"numberOfSites\": 0,\r\n    \"hostingEnvironmentId\": null,\r\n    \"isSpot\": false,\r\n    \"spotExpirationTime\": null,\r\n    \"freeOfferExpirationTime\": null,\r\n    \"tags\": {\r\n      \"Blah\": \"Tataaaa\",\r\n      \"tag1\": \"tag2\",\r\n      \"TagAlong\": \"TagOver\",\r\n      \"tagname\": \"tagvalue\"\r\n    },\r\n    \"kind\": \"app\",\r\n    \"resourceGroup\": \"csmrg5109\",\r\n    \"reserved\": false,\r\n    \"isXenon\": false,\r\n    \"hyperV\": false,\r\n    \"mdmId\": \"waws-prod-bay-121_26740\",\r\n    \"targetWorkerCount\": 0,\r\n    \"targetWorkerSizeId\": 0,\r\n    \"provisioningState\": \"Succeeded\",\r\n    \"webSiteId\": null,\r\n    \"existingServerFarmIds\": null\r\n  },\r\n  \"sku\": {\r\n    \"name\": \"S1\",\r\n    \"tier\": \"Standard\",\r\n    \"size\": \"S1\",\r\n    \"family\": \"S\",\r\n    \"capacity\": 1\r\n  }\r\n}",
      "StatusCode": 200
    },
    {
      "RequestUri": "/subscriptions/a1bfa635-f2bf-42f1-86b5-848c674fc321/resourceGroups/csmrg5109/resources?api-version=2020-06-01",
      "EncodedRequestUri": "L3N1YnNjcmlwdGlvbnMvYTFiZmE2MzUtZjJiZi00MmYxLTg2YjUtODQ4YzY3NGZjMzIxL3Jlc291cmNlR3JvdXBzL2NzbXJnNTEwOS9yZXNvdXJjZXM/YXBpLXZlcnNpb249MjAyMC0wNi0wMQ==",
      "RequestMethod": "GET",
      "RequestBody": "",
      "RequestHeaders": {
        "x-ms-client-request-id": [
          "e508100f-0a3f-44da-96e1-c6f91e082915"
        ],
        "Accept-Language": [
          "en-US"
        ],
        "User-Agent": [
          "FxVersion/4.6.28207.03",
          "OSName/Windows",
          "OSVersion/Microsoft.Windows.10.0.18363.",
          "Microsoft.Azure.Management.ResourceManager.ResourceManagementClient/4.0.0.0"
        ]
      },
      "ResponseHeaders": {
        "Cache-Control": [
          "no-cache"
        ],
        "Pragma": [
          "no-cache"
        ],
        "x-ms-ratelimit-remaining-subscription-reads": [
          "11999"
        ],
        "x-ms-request-id": [
          "1bc79023-193d-44f7-b488-7ddd4b819da5"
        ],
        "x-ms-correlation-request-id": [
          "1bc79023-193d-44f7-b488-7ddd4b819da5"
        ],
        "x-ms-routing-request-id": [
          "NORTHCENTRALUS:20200619T193158Z:1bc79023-193d-44f7-b488-7ddd4b819da5"
        ],
        "Strict-Transport-Security": [
          "max-age=31536000; includeSubDomains"
        ],
        "X-Content-Type-Options": [
          "nosniff"
        ],
        "Date": [
          "Fri, 19 Jun 2020 19:31:57 GMT"
        ],
        "Content-Type": [
          "application/json; charset=utf-8"
        ],
        "Expires": [
          "-1"
        ],
        "Content-Length": [
          "386"
        ]
      },
      "ResponseBody": "{\r\n  \"value\": [\r\n    {\r\n      \"id\": \"/subscriptions/a1bfa635-f2bf-42f1-86b5-848c674fc321/resourceGroups/csmrg5109/providers/Microsoft.Web/serverFarms/csmr9693\",\r\n      \"name\": \"csmr9693\",\r\n      \"type\": \"Microsoft.Web/serverFarms\",\r\n      \"sku\": {\r\n        \"name\": \"S1\",\r\n        \"tier\": \"Standard\",\r\n        \"size\": \"S1\",\r\n        \"family\": \"S\",\r\n        \"capacity\": 1\r\n      },\r\n      \"kind\": \"app\",\r\n      \"location\": \"westus\",\r\n      \"tags\": {\r\n        \"Blah\": \"Tataaaa\",\r\n        \"tag1\": \"tag2\",\r\n        \"TagAlong\": \"TagOver\",\r\n        \"tagname\": \"tagvalue\"\r\n      }\r\n    }\r\n  ]\r\n}",
      "StatusCode": 200
    },
    {
      "RequestUri": "/subscriptions/a1bfa635-f2bf-42f1-86b5-848c674fc321/resourcegroups/csmrg5109/providers/Microsoft.Web//serverfarms/csmr9693?api-version=2018-02-01",
      "EncodedRequestUri": "L3N1YnNjcmlwdGlvbnMvYTFiZmE2MzUtZjJiZi00MmYxLTg2YjUtODQ4YzY3NGZjMzIxL3Jlc291cmNlZ3JvdXBzL2NzbXJnNTEwOS9wcm92aWRlcnMvTWljcm9zb2Z0LldlYi8vc2VydmVyZmFybXMvY3Ntcjk2OTM/YXBpLXZlcnNpb249MjAxOC0wMi0wMQ==",
      "RequestMethod": "DELETE",
      "RequestBody": "",
      "RequestHeaders": {
        "x-ms-client-request-id": [
          "3be1c96f-b940-4908-a966-4afd6c2ae24f"
        ],
        "Accept-Language": [
          "en-US"
        ],
        "User-Agent": [
          "FxVersion/4.6.28207.03",
          "OSName/Windows",
          "OSVersion/Microsoft.Windows.10.0.18363.",
          "Microsoft.Azure.Management.ResourceManager.ResourceManagementClient/4.0.0.0"
        ]
      },
      "ResponseHeaders": {
        "Cache-Control": [
          "no-cache"
        ],
        "Pragma": [
          "no-cache"
        ],
        "Strict-Transport-Security": [
          "max-age=31536000; includeSubDomains"
        ],
        "x-ms-request-id": [
          "dc93b98e-8347-49a8-9a4e-37c21eb9f804"
        ],
        "Server": [
          "Microsoft-IIS/10.0"
        ],
        "X-AspNet-Version": [
          "4.0.30319"
        ],
        "X-Powered-By": [
          "ASP.NET"
        ],
        "x-ms-ratelimit-remaining-subscription-deletes": [
          "14999"
        ],
        "x-ms-correlation-request-id": [
          "5506f865-8376-4e79-8421-450ad69d5e0b"
        ],
        "x-ms-routing-request-id": [
          "NORTHCENTRALUS:20200619T193201Z:5506f865-8376-4e79-8421-450ad69d5e0b"
        ],
        "X-Content-Type-Options": [
          "nosniff"
        ],
        "Date": [
          "Fri, 19 Jun 2020 19:32:00 GMT"
        ],
        "Expires": [
          "-1"
        ],
        "Content-Length": [
          "0"
        ]
      },
      "ResponseBody": "",
      "StatusCode": 200
    }
  ],
  "Names": {
    "CreatedAndDeleteResource": [
      "csmrg5109",
      "csmr9693"
    ]
  },
  "Variables": {
    "SubscriptionId": "a1bfa635-f2bf-42f1-86b5-848c674fc321"
  }
}