{
  "Entries": [
    {
      "RequestUri": "https://heathskvtest.vault.azure.net/keys/1435525461/create?api-version=7.3-preview",
      "RequestMethod": "POST",
      "RequestHeaders": {
        "Accept": "application/json",
        "Content-Length": "0",
        "traceparent": "00-c5977f5fd2a0fa45a40d43d89bf39946-fa04d1f54caf124e-00",
        "User-Agent": [
          "azsdk-net-Security.KeyVault.Keys/4.3.0-alpha.20210713.1",
          "(.NET 5.0.8; Microsoft Windows 10.0.19043)"
        ],
        "x-ms-client-request-id": "d527ef718199e9fede3ecb76b440c7b8",
        "x-ms-return-client-request-id": "true"
      },
      "RequestBody": null,
      "StatusCode": 401,
      "ResponseHeaders": {
        "Cache-Control": "no-cache",
        "Content-Length": "97",
        "Content-Type": "application/json; charset=utf-8",
        "Date": "Wed, 14 Jul 2021 01:38:07 GMT",
        "Expires": "-1",
        "Pragma": "no-cache",
        "Strict-Transport-Security": "max-age=31536000;includeSubDomains",
        "WWW-Authenticate": "Bearer authorization=\u0022https://login.windows.net/72f988bf-86f1-41af-91ab-2d7cd011db47\u0022, resource=\u0022https://vault.azure.net\u0022",
        "X-Content-Type-Options": "nosniff",
        "x-ms-client-request-id": "d527ef718199e9fede3ecb76b440c7b8",
        "x-ms-keyvault-network-info": "conn_type=Ipv4;addr=67.171.12.239;act_addr_fam=InterNetwork;",
        "x-ms-keyvault-region": "westus2",
        "x-ms-keyvault-service-version": "1.9.12.0",
        "x-ms-request-id": "38d887c9-1c1b-496e-967a-e45c0023efad",
        "X-Powered-By": "ASP.NET"
      },
      "ResponseBody": {
        "error": {
          "code": "Unauthorized",
          "message": "AKV10000: Request is missing a Bearer or PoP token."
        }
      }
    },
    {
      "RequestUri": "https://heathskvtest.vault.azure.net/keys/1435525461/create?api-version=7.3-preview",
      "RequestMethod": "POST",
      "RequestHeaders": {
        "Accept": "application/json",
        "Authorization": "Sanitized",
        "Content-Length": "12",
        "Content-Type": "application/json",
        "traceparent": "00-c5977f5fd2a0fa45a40d43d89bf39946-fa04d1f54caf124e-00",
        "User-Agent": [
          "azsdk-net-Security.KeyVault.Keys/4.3.0-alpha.20210713.1",
          "(.NET 5.0.8; Microsoft Windows 10.0.19043)"
        ],
        "x-ms-client-request-id": "d527ef718199e9fede3ecb76b440c7b8",
        "x-ms-return-client-request-id": "true"
      },
      "RequestBody": {
        "kty": "EC"
      },
      "StatusCode": 200,
      "ResponseHeaders": {
        "Cache-Control": "no-cache",
        "Content-Length": "389",
        "Content-Type": "application/json; charset=utf-8",
        "Date": "Wed, 14 Jul 2021 01:38:08 GMT",
        "Expires": "-1",
        "Pragma": "no-cache",
        "Strict-Transport-Security": "max-age=31536000;includeSubDomains",
        "X-Content-Type-Options": "nosniff",
        "x-ms-client-request-id": "d527ef718199e9fede3ecb76b440c7b8",
        "x-ms-keyvault-network-info": "conn_type=Ipv4;addr=67.171.12.239;act_addr_fam=InterNetwork;",
        "x-ms-keyvault-region": "westus2",
        "x-ms-keyvault-service-version": "1.9.12.0",
        "x-ms-request-id": "01fb3b83-c414-49d7-aec0-0bd65d1f8a6a",
        "X-Powered-By": "ASP.NET"
      },
      "ResponseBody": {
        "key": {
          "kid": "https://heathskvtest.vault.azure.net/keys/1435525461/5182e50a780a418baa96a02ca743c6a9",
          "kty": "EC",
          "key_ops": [
            "sign",
            "verify"
          ],
          "crv": "P-256",
          "x": "Zg6modAOftCvkQno83a9hESiVtSMZXBLCoPysqk0_OY",
          "y": "NZ9hY0rgB2vZ2iNWN3_oqH4nU9X9fb4Kdj8iCLe9DFY"
        },
        "attributes": {
          "enabled": true,
          "created": 1626226688,
          "updated": 1626226688,
          "recoveryLevel": "Recoverable\u002BPurgeable",
          "recoverableDays": 90
        }
      }
    },
    {
      "RequestUri": "https://heathskvtest.vault.azure.net/keys/1435525461/?api-version=7.3-preview",
      "RequestMethod": "GET",
      "RequestHeaders": {
        "Accept": "application/json",
        "Authorization": "Sanitized",
        "traceparent": "00-45e5b1eb40f8dc4ca9846c79fb5842b9-de9c6adb13f58148-00",
        "User-Agent": [
          "azsdk-net-Security.KeyVault.Keys/4.3.0-alpha.20210713.1",
          "(.NET 5.0.8; Microsoft Windows 10.0.19043)"
        ],
        "x-ms-client-request-id": "f3dcb3599ddd68130e85e38d68d72db0",
        "x-ms-return-client-request-id": "true"
      },
      "RequestBody": null,
      "StatusCode": 200,
      "ResponseHeaders": {
        "Cache-Control": "no-cache",
        "Content-Length": "389",
        "Content-Type": "application/json; charset=utf-8",
        "Date": "Wed, 14 Jul 2021 01:38:08 GMT",
        "Expires": "-1",
        "Pragma": "no-cache",
        "Strict-Transport-Security": "max-age=31536000;includeSubDomains",
        "X-Content-Type-Options": "nosniff",
        "x-ms-client-request-id": "f3dcb3599ddd68130e85e38d68d72db0",
        "x-ms-keyvault-network-info": "conn_type=Ipv4;addr=67.171.12.239;act_addr_fam=InterNetwork;",
        "x-ms-keyvault-region": "westus2",
        "x-ms-keyvault-service-version": "1.9.12.0",
        "x-ms-request-id": "bfba033d-f623-40a9-bec2-94463b8936f8",
        "X-Powered-By": "ASP.NET"
      },
      "ResponseBody": {
        "key": {
          "kid": "https://heathskvtest.vault.azure.net/keys/1435525461/5182e50a780a418baa96a02ca743c6a9",
          "kty": "EC",
          "key_ops": [
            "sign",
            "verify"
          ],
          "crv": "P-256",
          "x": "Zg6modAOftCvkQno83a9hESiVtSMZXBLCoPysqk0_OY",
          "y": "NZ9hY0rgB2vZ2iNWN3_oqH4nU9X9fb4Kdj8iCLe9DFY"
        },
        "attributes": {
          "enabled": true,
          "created": 1626226688,
          "updated": 1626226688,
          "recoveryLevel": "Recoverable\u002BPurgeable",
          "recoverableDays": 90
        }
      }
    }
  ],
  "Variables": {
    "AZURE_KEYVAULT_URL": "https://heathskvtest.vault.azure.net/",
    "RandomSeed": "1224704756"
  }
}