{
  "Entries": [
    {
      "RequestUri": "https://heathskeyvault.vault.azure.net/keys/1402080399/create?api-version=7.1",
      "RequestMethod": "POST",
      "RequestHeaders": {
        "Accept": "application/json",
        "Content-Type": "application/json",
        "traceparent": "00-fd1a10fcc717ac4dbb58ac9d4a88f22a-212050c532945b41-00",
        "User-Agent": [
          "azsdk-net-Security.KeyVault.Keys/4.2.0-alpha.20210205.1",
          "(.NET Core 4.6.29518.01; Microsoft Windows 10.0.19042 )"
        ],
        "x-ms-client-request-id": "5bfa8ad6bb1c56265f200067e1a8b304",
        "x-ms-return-client-request-id": "true"
      },
      "RequestBody": null,
      "StatusCode": 401,
      "ResponseHeaders": {
        "Cache-Control": "no-cache",
        "Content-Length": "87",
        "Content-Type": "application/json; charset=utf-8",
        "Date": "Fri, 05 Feb 2021 21:42:15 GMT",
        "Expires": "-1",
        "Pragma": "no-cache",
        "Strict-Transport-Security": "max-age=31536000;includeSubDomains",
        "WWW-Authenticate": "Bearer authorization=\u0022https://login.windows.net/72f988bf-86f1-41af-91ab-2d7cd011db47\u0022, resource=\u0022https://vault.azure.net\u0022",
        "X-Content-Type-Options": "nosniff",
        "x-ms-keyvault-network-info": "conn_type=Ipv4;addr=67.171.12.239;act_addr_fam=InterNetwork;",
        "x-ms-keyvault-region": "westus2",
        "x-ms-keyvault-service-version": "1.2.164.0",
        "x-ms-request-id": "0f9f042e-7cad-461c-98f0-5184bac7d7a5",
        "X-Powered-By": "ASP.NET"
      },
      "ResponseBody": {
        "error": {
          "code": "Unauthorized",
          "message": "Request is missing a Bearer or PoP token."
        }
      }
    },
    {
      "RequestUri": "https://heathskeyvault.vault.azure.net/keys/1402080399/create?api-version=7.1",
      "RequestMethod": "POST",
      "RequestHeaders": {
        "Accept": "application/json",
        "Authorization": "Sanitized",
        "Content-Length": "29",
        "Content-Type": "application/json",
        "traceparent": "00-fd1a10fcc717ac4dbb58ac9d4a88f22a-212050c532945b41-00",
        "User-Agent": [
          "azsdk-net-Security.KeyVault.Keys/4.2.0-alpha.20210205.1",
          "(.NET Core 4.6.29518.01; Microsoft Windows 10.0.19042 )"
        ],
        "x-ms-client-request-id": "5bfa8ad6bb1c56265f200067e1a8b304",
        "x-ms-return-client-request-id": "true"
      },
      "RequestBody": {
        "kty": "RSA",
        "key_size": 2048
      },
      "StatusCode": 200,
      "ResponseHeaders": {
        "Cache-Control": "no-cache",
        "Content-Length": "680",
        "Content-Type": "application/json; charset=utf-8",
        "Date": "Fri, 05 Feb 2021 21:42:15 GMT",
        "Expires": "-1",
        "Pragma": "no-cache",
        "Strict-Transport-Security": "max-age=31536000;includeSubDomains",
        "X-Content-Type-Options": "nosniff",
        "x-ms-keyvault-network-info": "conn_type=Ipv4;addr=67.171.12.239;act_addr_fam=InterNetwork;",
        "x-ms-keyvault-region": "westus2",
        "x-ms-keyvault-service-version": "1.2.164.0",
        "x-ms-request-id": "20398e1d-1bbd-4cd1-9900-a9140e5ebea2",
        "X-Powered-By": "ASP.NET"
      },
      "ResponseBody": {
        "key": {
          "kid": "https://heathskeyvault.vault.azure.net/keys/1402080399/17f591cf67804479ae90d9d382e3046c",
          "kty": "RSA",
          "key_ops": [
            "encrypt",
            "decrypt",
            "sign",
            "verify",
            "wrapKey",
            "unwrapKey"
          ],
          "n": "3g1MmBSIpGwCCsS-zUKS4H2q9l6xOgxhTZkC8jACovwJpL0ZNaiGpiwAC8XI0bebyvXpk4JMfOdMdAolaH2Xmnj4QGzxbTyKZiAhz_7oI1F8x1msDG01hN1sXVI2SPA8CamVKiBXQ9Ba6crI2PUsKEoP_7BdxhxR_JcUNoLR_TuwvRFZ8CQz1KAtxpgbYqdQcnxZlKr9AxBI5QfFdOCi-AaJiCa-Yl3Lmbxn9T5jDjG64y51VRcOLGZo8xBrsYrv0HARVnLM1S6YIisGGBfcE5rxfEm_WHRDxH-zFusqhpJ9lfVfNtCGfU7mILOwEK7yZJqv6Pfvxc2wjYPaSufZnQ",
          "e": "AQAB"
        },
        "attributes": {
          "enabled": true,
          "created": 1612561336,
          "updated": 1612561336,
          "recoveryLevel": "Recoverable\u002BPurgeable",
          "recoverableDays": 90
        }
      }
    },
    {
      "RequestUri": "https://heathskeyvault.vault.azure.net/keys/1402080399/?api-version=7.1",
      "RequestMethod": "GET",
      "RequestHeaders": {
        "Accept": "application/json",
        "Authorization": "Sanitized",
        "Content-Type": "application/json",
        "traceparent": "00-91c240ce4473c24cba0d3916072704be-f646bd2c71990347-00",
        "User-Agent": [
          "azsdk-net-Security.KeyVault.Keys/4.2.0-alpha.20210205.1",
          "(.NET Core 4.6.29518.01; Microsoft Windows 10.0.19042 )"
        ],
        "x-ms-client-request-id": "fa5e4aa2665e377660b970f19a4430e9",
        "x-ms-return-client-request-id": "true"
      },
      "RequestBody": null,
      "StatusCode": 200,
      "ResponseHeaders": {
        "Cache-Control": "no-cache",
        "Content-Length": "680",
        "Content-Type": "application/json; charset=utf-8",
        "Date": "Fri, 05 Feb 2021 21:42:15 GMT",
        "Expires": "-1",
        "Pragma": "no-cache",
        "Strict-Transport-Security": "max-age=31536000;includeSubDomains",
        "X-Content-Type-Options": "nosniff",
        "x-ms-keyvault-network-info": "conn_type=Ipv4;addr=67.171.12.239;act_addr_fam=InterNetwork;",
        "x-ms-keyvault-region": "westus2",
        "x-ms-keyvault-service-version": "1.2.164.0",
        "x-ms-request-id": "cf872d24-ae20-41f9-a78b-a9a2ae43e2e6",
        "X-Powered-By": "ASP.NET"
      },
      "ResponseBody": {
        "key": {
          "kid": "https://heathskeyvault.vault.azure.net/keys/1402080399/17f591cf67804479ae90d9d382e3046c",
          "kty": "RSA",
          "key_ops": [
            "encrypt",
            "decrypt",
            "sign",
            "verify",
            "wrapKey",
            "unwrapKey"
          ],
          "n": "3g1MmBSIpGwCCsS-zUKS4H2q9l6xOgxhTZkC8jACovwJpL0ZNaiGpiwAC8XI0bebyvXpk4JMfOdMdAolaH2Xmnj4QGzxbTyKZiAhz_7oI1F8x1msDG01hN1sXVI2SPA8CamVKiBXQ9Ba6crI2PUsKEoP_7BdxhxR_JcUNoLR_TuwvRFZ8CQz1KAtxpgbYqdQcnxZlKr9AxBI5QfFdOCi-AaJiCa-Yl3Lmbxn9T5jDjG64y51VRcOLGZo8xBrsYrv0HARVnLM1S6YIisGGBfcE5rxfEm_WHRDxH-zFusqhpJ9lfVfNtCGfU7mILOwEK7yZJqv6Pfvxc2wjYPaSufZnQ",
          "e": "AQAB"
        },
        "attributes": {
          "enabled": true,
          "created": 1612561336,
          "updated": 1612561336,
          "recoveryLevel": "Recoverable\u002BPurgeable",
          "recoverableDays": 90
        }
      }
    }
  ],
  "Variables": {
    "AZURE_KEYVAULT_URL": "https://heathskeyvault.vault.azure.net/",
    "RandomSeed": "23474718"
  }
}