{
  "Entries": [
    {
      "RequestUri": "https:\u002f\u002fdotnettestvault.vault.azure.net\u002fkeys\u002f653891731\u002fcreate?api-version=7.0",
      "RequestMethod": "POST",
      "RequestHeaders": {
        "Accept": "application\u002fjson",
        "Content-Type": "application\u002fjson",
        "Request-Id": "|24a06e99-44aa1cc26dede9d6.",
        "User-Agent": [
          "azsdk-net-Security.KeyVault.Keys\u002f4.0.0-dev.20190806.1\u002b549ac09c0c12d70f945de85b89974088680893d4",
          "(.NET Core 4.6.27817.01; Microsoft Windows 10.0.18362 )"
        ],
        "x-ms-client-request-id": "af4762a07474ce57fda8070d984e41f7",
        "x-ms-return-client-request-id": "true"
      },
      "RequestBody": null,
      "StatusCode": 401,
      "ResponseHeaders": {
        "Cache-Control": "no-cache",
        "Content-Length": "87",
        "Content-Type": "application\u002fjson; charset=utf-8",
        "Date": "Tue, 06 Aug 2019 17:42:36 GMT",
        "Expires": "-1",
        "Pragma": "no-cache",
        "Server": "Microsoft-IIS\u002f10.0",
        "Strict-Transport-Security": "max-age=31536000;includeSubDomains",
        "WWW-Authenticate": "Bearer authorization=\u0022https:\u002f\u002flogin.windows.net\u002f72f988bf-86f1-41af-91ab-2d7cd011db47\u0022, resource=\u0022https:\u002f\u002fvault.azure.net\u0022",
        "X-AspNet-Version": "4.0.30319",
        "X-Content-Type-Options": "nosniff",
        "x-ms-keyvault-network-info": "addr=131.107.160.97;act_addr_fam=InterNetwork;",
        "x-ms-keyvault-region": "westus",
        "x-ms-keyvault-service-version": "1.1.0.875",
        "x-ms-request-id": "444e4a99-7e5e-49ee-b0c3-adb2b4a65c5f",
        "X-Powered-By": "ASP.NET"
      },
      "ResponseBody": {
        "error": {
          "code": "Unauthorized",
          "message": "Request is missing a Bearer or PoP token."
        }
      }
    },
    {
      "RequestUri": "https:\u002f\u002fdotnettestvault.vault.azure.net\u002fkeys\u002f653891731\u002fcreate?api-version=7.0",
      "RequestMethod": "POST",
      "RequestHeaders": {
        "Accept": "application\u002fjson",
        "Authorization": "Sanitized",
        "Content-Length": "12",
        "Content-Type": "application\u002fjson",
        "Request-Id": "|24a06e99-44aa1cc26dede9d6.",
        "User-Agent": [
          "azsdk-net-Security.KeyVault.Keys\u002f4.0.0-dev.20190806.1\u002b549ac09c0c12d70f945de85b89974088680893d4",
          "(.NET Core 4.6.27817.01; Microsoft Windows 10.0.18362 )"
        ],
        "x-ms-client-request-id": "af4762a07474ce57fda8070d984e41f7",
        "x-ms-return-client-request-id": "true"
      },
      "RequestBody": {
        "kty": "EC"
      },
      "StatusCode": 200,
      "ResponseHeaders": {
        "Cache-Control": "no-cache",
        "Content-Length": "370",
        "Content-Type": "application\u002fjson; charset=utf-8",
        "Date": "Tue, 06 Aug 2019 17:42:36 GMT",
        "Expires": "-1",
        "Pragma": "no-cache",
        "Server": "Microsoft-IIS\u002f10.0",
        "Strict-Transport-Security": "max-age=31536000;includeSubDomains",
        "X-AspNet-Version": "4.0.30319",
        "X-Content-Type-Options": "nosniff",
        "x-ms-keyvault-network-info": "addr=131.107.160.97;act_addr_fam=InterNetwork;",
        "x-ms-keyvault-region": "westus",
        "x-ms-keyvault-service-version": "1.1.0.875",
        "x-ms-request-id": "324a2cf7-4840-4e0e-b81e-8baa733aba05",
        "X-Powered-By": "ASP.NET"
      },
      "ResponseBody": {
        "key": {
          "kid": "https:\u002f\u002fdotnettestvault.vault.azure.net\u002fkeys\u002f653891731\u002f929f71fd35714724913c2f5242392ca6",
          "kty": "EC",
          "key_ops": [
            "sign",
            "verify"
          ],
          "crv": "P-256",
          "x": "ZOqMrMhJHWtSiDjqa1ft6TBnRoo6CXe074mj-mgHoMo",
          "y": "5wWBUFnP1xiejsprJjXf4PnJuvnSGczZFX6yRIBuDbI"
        },
        "attributes": {
          "enabled": true,
          "created": 1565113356,
          "updated": 1565113356,
          "recoveryLevel": "Recoverable\u002bPurgeable"
        }
      }
    },
    {
      "RequestUri": "https:\u002f\u002fdotnettestvault.vault.azure.net\u002fkeys\u002f653891731\u002f?api-version=7.0",
      "RequestMethod": "GET",
      "RequestHeaders": {
        "Accept": "application\u002fjson",
        "Authorization": "Sanitized",
        "Content-Type": "application\u002fjson",
        "Request-Id": "|24a06e9a-44aa1cc26dede9d6.",
        "User-Agent": [
          "azsdk-net-Security.KeyVault.Keys\u002f4.0.0-dev.20190806.1\u002b549ac09c0c12d70f945de85b89974088680893d4",
          "(.NET Core 4.6.27817.01; Microsoft Windows 10.0.18362 )"
        ],
        "x-ms-client-request-id": "32b6e0d6d9d8c5f8450f3f4305d06d1b",
        "x-ms-return-client-request-id": "true"
      },
      "RequestBody": null,
      "StatusCode": 200,
      "ResponseHeaders": {
        "Cache-Control": "no-cache",
        "Content-Length": "370",
        "Content-Type": "application\u002fjson; charset=utf-8",
        "Date": "Tue, 06 Aug 2019 17:42:36 GMT",
        "Expires": "-1",
        "Pragma": "no-cache",
        "Server": "Microsoft-IIS\u002f10.0",
        "Strict-Transport-Security": "max-age=31536000;includeSubDomains",
        "X-AspNet-Version": "4.0.30319",
        "X-Content-Type-Options": "nosniff",
        "x-ms-keyvault-network-info": "addr=131.107.160.97;act_addr_fam=InterNetwork;",
        "x-ms-keyvault-region": "westus",
        "x-ms-keyvault-service-version": "1.1.0.875",
        "x-ms-request-id": "cbdf5101-b2d3-438e-a880-af371c28ae7e",
        "X-Powered-By": "ASP.NET"
      },
      "ResponseBody": {
        "key": {
          "kid": "https:\u002f\u002fdotnettestvault.vault.azure.net\u002fkeys\u002f653891731\u002f929f71fd35714724913c2f5242392ca6",
          "kty": "EC",
          "key_ops": [
            "sign",
            "verify"
          ],
          "crv": "P-256",
          "x": "ZOqMrMhJHWtSiDjqa1ft6TBnRoo6CXe074mj-mgHoMo",
          "y": "5wWBUFnP1xiejsprJjXf4PnJuvnSGczZFX6yRIBuDbI"
        },
        "attributes": {
          "enabled": true,
          "created": 1565113356,
          "updated": 1565113356,
          "recoveryLevel": "Recoverable\u002bPurgeable"
        }
      }
    },
    {
      "RequestUri": "https:\u002f\u002fdotnettestvault.vault.azure.net\u002fkeys\u002f653891731?api-version=7.0",
      "RequestMethod": "DELETE",
      "RequestHeaders": {
        "Accept": "application\u002fjson",
        "Authorization": "Sanitized",
        "Content-Type": "application\u002fjson",
        "Request-Id": "|24a06e9b-44aa1cc26dede9d6.",
        "User-Agent": [
          "azsdk-net-Security.KeyVault.Keys\u002f4.0.0-dev.20190806.1\u002b549ac09c0c12d70f945de85b89974088680893d4",
          "(.NET Core 4.6.27817.01; Microsoft Windows 10.0.18362 )"
        ],
        "x-ms-client-request-id": "ffaa34ae494034b80822a2db9b98cdcc",
        "x-ms-return-client-request-id": "true"
      },
      "RequestBody": null,
      "StatusCode": 200,
      "ResponseHeaders": {
        "Cache-Control": "no-cache",
        "Content-Length": "504",
        "Content-Type": "application\u002fjson; charset=utf-8",
        "Date": "Tue, 06 Aug 2019 17:42:36 GMT",
        "Expires": "-1",
        "Pragma": "no-cache",
        "Server": "Microsoft-IIS\u002f10.0",
        "Strict-Transport-Security": "max-age=31536000;includeSubDomains",
        "X-AspNet-Version": "4.0.30319",
        "X-Content-Type-Options": "nosniff",
        "x-ms-keyvault-network-info": "addr=131.107.160.97;act_addr_fam=InterNetwork;",
        "x-ms-keyvault-region": "westus",
        "x-ms-keyvault-service-version": "1.1.0.875",
        "x-ms-request-id": "cc191517-44ab-495b-88d9-740545850069",
        "X-Powered-By": "ASP.NET"
      },
      "ResponseBody": {
        "recoveryId": "https:\u002f\u002fdotnettestvault.vault.azure.net\u002fdeletedkeys\u002f653891731",
        "deletedDate": 1565113356,
        "scheduledPurgeDate": 1572889356,
        "key": {
          "kid": "https:\u002f\u002fdotnettestvault.vault.azure.net\u002fkeys\u002f653891731\u002f929f71fd35714724913c2f5242392ca6",
          "kty": "EC",
          "key_ops": [
            "sign",
            "verify"
          ],
          "crv": "P-256",
          "x": "ZOqMrMhJHWtSiDjqa1ft6TBnRoo6CXe074mj-mgHoMo",
          "y": "5wWBUFnP1xiejsprJjXf4PnJuvnSGczZFX6yRIBuDbI"
        },
        "attributes": {
          "enabled": true,
          "created": 1565113356,
          "updated": 1565113356,
          "recoveryLevel": "Recoverable\u002bPurgeable"
        }
      }
    },
    {
      "RequestUri": "https:\u002f\u002fdotnettestvault.vault.azure.net\u002fdeletedkeys\u002f653891731?api-version=7.0",
      "RequestMethod": "DELETE",
      "RequestHeaders": {
        "Accept": "application\u002fjson",
        "Authorization": "Sanitized",
        "Content-Type": "application\u002fjson",
        "Request-Id": "|24a06ea0-44aa1cc26dede9d6.",
        "User-Agent": [
          "azsdk-net-Security.KeyVault.Keys\u002f4.0.0-dev.20190806.1\u002b549ac09c0c12d70f945de85b89974088680893d4",
          "(.NET Core 4.6.27817.01; Microsoft Windows 10.0.18362 )"
        ],
        "x-ms-client-request-id": "c122bc581b3c26084f53ebc1adf7acd3",
        "x-ms-return-client-request-id": "true"
      },
      "RequestBody": null,
      "StatusCode": 204,
      "ResponseHeaders": {
        "Cache-Control": "no-cache",
        "Date": "Tue, 06 Aug 2019 17:42:51 GMT",
        "Expires": "-1",
        "Pragma": "no-cache",
        "Server": "Microsoft-IIS\u002f10.0",
        "Strict-Transport-Security": "max-age=31536000;includeSubDomains",
        "X-AspNet-Version": "4.0.30319",
        "X-Content-Type-Options": "nosniff",
        "x-ms-keyvault-network-info": "addr=131.107.160.97;act_addr_fam=InterNetwork;",
        "x-ms-keyvault-region": "westus",
        "x-ms-keyvault-service-version": "1.1.0.875",
        "x-ms-request-id": "6fe4a04d-df1a-40e6-b09f-0a44c6fddaf0",
        "X-Powered-By": "ASP.NET"
      },
      "ResponseBody": []
    }
  ],
  "Variables": {
    "AZURE_KEYVAULT_URL": "https:\u002f\u002fdotnettestvault.vault.azure.net\u002f",
    "RandomSeed": "529895790"
  }
}