{
  "Entries": [
    {
      "RequestUri": "https:\u002f\u002fdotnettestvault.vault.azure.net\u002fkeys\u002f1203357007\u002fcreate?api-version=7.0",
      "RequestMethod": "POST",
      "RequestHeaders": {
        "Accept": "application\u002fjson",
        "Content-Type": "application\u002fjson",
        "Request-Id": "|6ddb25c1-4869a580c6d847e4.",
        "User-Agent": [
          "azsdk-net-Security.KeyVault.Keys\u002f4.0.0-dev.20190806.1\u002b62e0d6debec12a5d57d3ca58837d17d109d7a980",
          "(.NET Core 4.6.27817.01; Microsoft Windows 10.0.18362 )"
        ],
        "x-ms-client-request-id": "4125ca71fded7674a9b2bb998e55d399",
        "x-ms-return-client-request-id": "true"
      },
      "RequestBody": null,
      "StatusCode": 401,
      "ResponseHeaders": {
        "Cache-Control": "no-cache",
        "Content-Length": "87",
        "Content-Type": "application\u002fjson; charset=utf-8",
        "Date": "Tue, 06 Aug 2019 09:09:16 GMT",
        "Expires": "-1",
        "Pragma": "no-cache",
        "Server": "Microsoft-IIS\u002f10.0",
        "Strict-Transport-Security": "max-age=31536000;includeSubDomains",
        "WWW-Authenticate": "Bearer authorization=\u0022https:\u002f\u002flogin.windows.net\u002f72f988bf-86f1-41af-91ab-2d7cd011db47\u0022, resource=\u0022https:\u002f\u002fvault.azure.net\u0022",
        "X-AspNet-Version": "4.0.30319",
        "X-Content-Type-Options": "nosniff",
        "x-ms-keyvault-network-info": "addr=98.237.193.253;act_addr_fam=InterNetwork;",
        "x-ms-keyvault-region": "westus",
        "x-ms-keyvault-service-version": "1.1.0.875",
        "x-ms-request-id": "b542f943-7ea6-460d-924f-8bc3b4eb1d05",
        "X-Powered-By": "ASP.NET"
      },
      "ResponseBody": {
        "error": {
          "code": "Unauthorized",
          "message": "Request is missing a Bearer or PoP token."
        }
      }
    },
    {
      "RequestUri": "https:\u002f\u002fdotnettestvault.vault.azure.net\u002fkeys\u002f1203357007\u002fcreate?api-version=7.0",
      "RequestMethod": "POST",
      "RequestHeaders": {
        "Accept": "application\u002fjson",
        "Authorization": "Sanitized",
        "Content-Type": "application\u002fjson",
        "Request-Id": "|6ddb25c1-4869a580c6d847e4.",
        "User-Agent": [
          "azsdk-net-Security.KeyVault.Keys\u002f4.0.0-dev.20190806.1\u002b62e0d6debec12a5d57d3ca58837d17d109d7a980",
          "(.NET Core 4.6.27817.01; Microsoft Windows 10.0.18362 )"
        ],
        "x-ms-client-request-id": "4125ca71fded7674a9b2bb998e55d399",
        "x-ms-return-client-request-id": "true"
      },
      "RequestBody": {
        "kty": "EC",
        "curveName": "P-256"
      },
      "StatusCode": 200,
      "ResponseHeaders": {
        "Cache-Control": "no-cache",
        "Content-Length": "371",
        "Content-Type": "application\u002fjson; charset=utf-8",
        "Date": "Tue, 06 Aug 2019 09:09:16 GMT",
        "Expires": "-1",
        "Pragma": "no-cache",
        "Server": "Microsoft-IIS\u002f10.0",
        "Strict-Transport-Security": "max-age=31536000;includeSubDomains",
        "X-AspNet-Version": "4.0.30319",
        "X-Content-Type-Options": "nosniff",
        "x-ms-keyvault-network-info": "addr=98.237.193.253;act_addr_fam=InterNetwork;",
        "x-ms-keyvault-region": "westus",
        "x-ms-keyvault-service-version": "1.1.0.875",
        "x-ms-request-id": "99e6378f-f86c-46c2-9f7b-51c8c1dce411",
        "X-Powered-By": "ASP.NET"
      },
      "ResponseBody": {
        "key": {
          "kid": "https:\u002f\u002fdotnettestvault.vault.azure.net\u002fkeys\u002f1203357007\u002fadf8b1c1920d4a949959c45ebcf7dbc8",
          "kty": "EC",
          "key_ops": [
            "sign",
            "verify"
          ],
          "crv": "P-256",
          "x": "aWi3sZ94ctzVI4JFNJ6kIv7uDDoxfOJ3kBhxk1pcaos",
          "y": "7NY5kUJG6Zp7cKsOqYJtyiI9GXt3wgRzQqvkXr6DBZ8"
        },
        "attributes": {
          "enabled": true,
          "created": 1565082557,
          "updated": 1565082557,
          "recoveryLevel": "Recoverable\u002bPurgeable"
        }
      }
    },
    {
      "RequestUri": "https:\u002f\u002fdotnettestvault.vault.azure.net\u002fkeys\u002f1203357007\u002f?api-version=7.0",
      "RequestMethod": "GET",
      "RequestHeaders": {
        "Accept": "application\u002fjson",
        "Authorization": "Sanitized",
        "Content-Type": "application\u002fjson",
        "Request-Id": "|6ddb25c2-4869a580c6d847e4.",
        "User-Agent": [
          "azsdk-net-Security.KeyVault.Keys\u002f4.0.0-dev.20190806.1\u002b62e0d6debec12a5d57d3ca58837d17d109d7a980",
          "(.NET Core 4.6.27817.01; Microsoft Windows 10.0.18362 )"
        ],
        "x-ms-client-request-id": "3adbc44dc7f62b8cf04caa36cc941777",
        "x-ms-return-client-request-id": "true"
      },
      "RequestBody": null,
      "StatusCode": 200,
      "ResponseHeaders": {
        "Cache-Control": "no-cache",
        "Content-Length": "371",
        "Content-Type": "application\u002fjson; charset=utf-8",
        "Date": "Tue, 06 Aug 2019 09:09:16 GMT",
        "Expires": "-1",
        "Pragma": "no-cache",
        "Server": "Microsoft-IIS\u002f10.0",
        "Strict-Transport-Security": "max-age=31536000;includeSubDomains",
        "X-AspNet-Version": "4.0.30319",
        "X-Content-Type-Options": "nosniff",
        "x-ms-keyvault-network-info": "addr=98.237.193.253;act_addr_fam=InterNetwork;",
        "x-ms-keyvault-region": "westus",
        "x-ms-keyvault-service-version": "1.1.0.875",
        "x-ms-request-id": "a4d4e968-c8b5-4372-939e-a43ecce8789c",
        "X-Powered-By": "ASP.NET"
      },
      "ResponseBody": {
        "key": {
          "kid": "https:\u002f\u002fdotnettestvault.vault.azure.net\u002fkeys\u002f1203357007\u002fadf8b1c1920d4a949959c45ebcf7dbc8",
          "kty": "EC",
          "key_ops": [
            "sign",
            "verify"
          ],
          "crv": "P-256",
          "x": "aWi3sZ94ctzVI4JFNJ6kIv7uDDoxfOJ3kBhxk1pcaos",
          "y": "7NY5kUJG6Zp7cKsOqYJtyiI9GXt3wgRzQqvkXr6DBZ8"
        },
        "attributes": {
          "enabled": true,
          "created": 1565082557,
          "updated": 1565082557,
          "recoveryLevel": "Recoverable\u002bPurgeable"
        }
      }
    },
    {
      "RequestUri": "https:\u002f\u002fdotnettestvault.vault.azure.net\u002fkeys\u002f1203357007?api-version=7.0",
      "RequestMethod": "DELETE",
      "RequestHeaders": {
        "Accept": "application\u002fjson",
        "Authorization": "Sanitized",
        "Content-Type": "application\u002fjson",
        "Request-Id": "|6ddb25c3-4869a580c6d847e4.",
        "User-Agent": [
          "azsdk-net-Security.KeyVault.Keys\u002f4.0.0-dev.20190806.1\u002b62e0d6debec12a5d57d3ca58837d17d109d7a980",
          "(.NET Core 4.6.27817.01; Microsoft Windows 10.0.18362 )"
        ],
        "x-ms-client-request-id": "e01dc3f197eca864485116bec1ab1456",
        "x-ms-return-client-request-id": "true"
      },
      "RequestBody": null,
      "StatusCode": 200,
      "ResponseHeaders": {
        "Cache-Control": "no-cache",
        "Content-Length": "506",
        "Content-Type": "application\u002fjson; charset=utf-8",
        "Date": "Tue, 06 Aug 2019 09:09:16 GMT",
        "Expires": "-1",
        "Pragma": "no-cache",
        "Server": "Microsoft-IIS\u002f10.0",
        "Strict-Transport-Security": "max-age=31536000;includeSubDomains",
        "X-AspNet-Version": "4.0.30319",
        "X-Content-Type-Options": "nosniff",
        "x-ms-keyvault-network-info": "addr=98.237.193.253;act_addr_fam=InterNetwork;",
        "x-ms-keyvault-region": "westus",
        "x-ms-keyvault-service-version": "1.1.0.875",
        "x-ms-request-id": "20fb22ef-8c1c-49cc-9ab6-1a0d05b4a729",
        "X-Powered-By": "ASP.NET"
      },
      "ResponseBody": {
        "recoveryId": "https:\u002f\u002fdotnettestvault.vault.azure.net\u002fdeletedkeys\u002f1203357007",
        "deletedDate": 1565082557,
        "scheduledPurgeDate": 1572858557,
        "key": {
          "kid": "https:\u002f\u002fdotnettestvault.vault.azure.net\u002fkeys\u002f1203357007\u002fadf8b1c1920d4a949959c45ebcf7dbc8",
          "kty": "EC",
          "key_ops": [
            "sign",
            "verify"
          ],
          "crv": "P-256",
          "x": "aWi3sZ94ctzVI4JFNJ6kIv7uDDoxfOJ3kBhxk1pcaos",
          "y": "7NY5kUJG6Zp7cKsOqYJtyiI9GXt3wgRzQqvkXr6DBZ8"
        },
        "attributes": {
          "enabled": true,
          "created": 1565082557,
          "updated": 1565082557,
          "recoveryLevel": "Recoverable\u002bPurgeable"
        }
      }
    },
    {
      "RequestUri": "https:\u002f\u002fdotnettestvault.vault.azure.net\u002fdeletedkeys\u002f1203357007?api-version=7.0",
      "RequestMethod": "DELETE",
      "RequestHeaders": {
        "Accept": "application\u002fjson",
        "Authorization": "Sanitized",
        "Content-Type": "application\u002fjson",
        "Request-Id": "|6ddb25c8-4869a580c6d847e4.",
        "User-Agent": [
          "azsdk-net-Security.KeyVault.Keys\u002f4.0.0-dev.20190806.1\u002b62e0d6debec12a5d57d3ca58837d17d109d7a980",
          "(.NET Core 4.6.27817.01; Microsoft Windows 10.0.18362 )"
        ],
        "x-ms-client-request-id": "fe690c8f3ff236e5efd460c64fb96e9d",
        "x-ms-return-client-request-id": "true"
      },
      "RequestBody": null,
      "StatusCode": 204,
      "ResponseHeaders": {
        "Cache-Control": "no-cache",
        "Date": "Tue, 06 Aug 2019 09:09:33 GMT",
        "Expires": "-1",
        "Pragma": "no-cache",
        "Server": "Microsoft-IIS\u002f10.0",
        "Strict-Transport-Security": "max-age=31536000;includeSubDomains",
        "X-AspNet-Version": "4.0.30319",
        "X-Content-Type-Options": "nosniff",
        "x-ms-keyvault-network-info": "addr=98.237.193.253;act_addr_fam=InterNetwork;",
        "x-ms-keyvault-region": "westus",
        "x-ms-keyvault-service-version": "1.1.0.875",
        "x-ms-request-id": "3bac12c4-80d0-4bf7-8c93-4859767c19b5",
        "X-Powered-By": "ASP.NET"
      },
      "ResponseBody": []
    }
  ],
  "Variables": {
    "AZURE_KEYVAULT_URL": "https:\u002f\u002fdotnettestvault.vault.azure.net\u002f",
    "RandomSeed": "1000952390"
  }
}