{
  "Entries": [
    {
      "RequestUri": "https:\u002f\u002fdotnettestvault.vault.azure.net\u002fkeys\u002f758113425\u002fcreate?api-version=7.0",
      "RequestMethod": "POST",
      "RequestHeaders": {
        "Accept": "application\u002fjson",
        "Content-Type": "application\u002fjson",
        "Request-Id": "|6ddb26b1-4869a580c6d847e4.",
        "User-Agent": [
          "azsdk-net-Security.KeyVault.Keys\u002f4.0.0-dev.20190806.1\u002b62e0d6debec12a5d57d3ca58837d17d109d7a980",
          "(.NET Core 4.6.27817.01; Microsoft Windows 10.0.18362 )"
        ],
        "x-ms-client-request-id": "5b5e14f7812c13784d5f814f10b00ff2",
        "x-ms-return-client-request-id": "true"
      },
      "RequestBody": null,
      "StatusCode": 401,
      "ResponseHeaders": {
        "Cache-Control": "no-cache",
        "Content-Length": "87",
        "Content-Type": "application\u002fjson; charset=utf-8",
        "Date": "Tue, 06 Aug 2019 09:16:15 GMT",
        "Expires": "-1",
        "Pragma": "no-cache",
        "Server": "Microsoft-IIS\u002f10.0",
        "Strict-Transport-Security": "max-age=31536000;includeSubDomains",
        "WWW-Authenticate": "Bearer authorization=\u0022https:\u002f\u002flogin.windows.net\u002f72f988bf-86f1-41af-91ab-2d7cd011db47\u0022, resource=\u0022https:\u002f\u002fvault.azure.net\u0022",
        "X-AspNet-Version": "4.0.30319",
        "X-Content-Type-Options": "nosniff",
        "x-ms-keyvault-network-info": "addr=98.237.193.253;act_addr_fam=InterNetwork;",
        "x-ms-keyvault-region": "westus",
        "x-ms-keyvault-service-version": "1.1.0.875",
        "x-ms-request-id": "7962748d-4ddc-4be5-9b31-2648547909c1",
        "X-Powered-By": "ASP.NET"
      },
      "ResponseBody": {
        "error": {
          "code": "Unauthorized",
          "message": "Request is missing a Bearer or PoP token."
        }
      }
    },
    {
      "RequestUri": "https:\u002f\u002fdotnettestvault.vault.azure.net\u002fkeys\u002f758113425\u002fcreate?api-version=7.0",
      "RequestMethod": "POST",
      "RequestHeaders": {
        "Accept": "application\u002fjson",
        "Authorization": "Sanitized",
        "Content-Type": "application\u002fjson",
        "Request-Id": "|6ddb26b1-4869a580c6d847e4.",
        "User-Agent": [
          "azsdk-net-Security.KeyVault.Keys\u002f4.0.0-dev.20190806.1\u002b62e0d6debec12a5d57d3ca58837d17d109d7a980",
          "(.NET Core 4.6.27817.01; Microsoft Windows 10.0.18362 )"
        ],
        "x-ms-client-request-id": "5b5e14f7812c13784d5f814f10b00ff2",
        "x-ms-return-client-request-id": "true"
      },
      "RequestBody": {
        "kty": "EC"
      },
      "StatusCode": 200,
      "ResponseHeaders": {
        "Cache-Control": "no-cache",
        "Content-Length": "370",
        "Content-Type": "application\u002fjson; charset=utf-8",
        "Date": "Tue, 06 Aug 2019 09:16:16 GMT",
        "Expires": "-1",
        "Pragma": "no-cache",
        "Server": "Microsoft-IIS\u002f10.0",
        "Strict-Transport-Security": "max-age=31536000;includeSubDomains",
        "X-AspNet-Version": "4.0.30319",
        "X-Content-Type-Options": "nosniff",
        "x-ms-keyvault-network-info": "addr=98.237.193.253;act_addr_fam=InterNetwork;",
        "x-ms-keyvault-region": "westus",
        "x-ms-keyvault-service-version": "1.1.0.875",
        "x-ms-request-id": "e539a46a-7d2f-41b1-8c3a-ab1366054688",
        "X-Powered-By": "ASP.NET"
      },
      "ResponseBody": {
        "key": {
          "kid": "https:\u002f\u002fdotnettestvault.vault.azure.net\u002fkeys\u002f758113425\u002f43a32f539ead4e0b8ef833d83af7b0d2",
          "kty": "EC",
          "key_ops": [
            "sign",
            "verify"
          ],
          "crv": "P-256",
          "x": "pmH3My5cqlPazCSC8hpgSDlNW3lyCLv7xy3l9FCriA4",
          "y": "9TElIvhJBarEeglCPtbQvg9uq0cS2r8HdfUflIa7P5A"
        },
        "attributes": {
          "enabled": true,
          "created": 1565082977,
          "updated": 1565082977,
          "recoveryLevel": "Recoverable\u002bPurgeable"
        }
      }
    },
    {
      "RequestUri": "https:\u002f\u002fdotnettestvault.vault.azure.net\u002fkeys\u002f758113425?api-version=7.0",
      "RequestMethod": "DELETE",
      "RequestHeaders": {
        "Accept": "application\u002fjson",
        "Authorization": "Sanitized",
        "Content-Type": "application\u002fjson",
        "Request-Id": "|6ddb26b2-4869a580c6d847e4.",
        "User-Agent": [
          "azsdk-net-Security.KeyVault.Keys\u002f4.0.0-dev.20190806.1\u002b62e0d6debec12a5d57d3ca58837d17d109d7a980",
          "(.NET Core 4.6.27817.01; Microsoft Windows 10.0.18362 )"
        ],
        "x-ms-client-request-id": "5d5bad06971fcde89e3ac3dade751c25",
        "x-ms-return-client-request-id": "true"
      },
      "RequestBody": null,
      "StatusCode": 200,
      "ResponseHeaders": {
        "Cache-Control": "no-cache",
        "Content-Length": "504",
        "Content-Type": "application\u002fjson; charset=utf-8",
        "Date": "Tue, 06 Aug 2019 09:16:16 GMT",
        "Expires": "-1",
        "Pragma": "no-cache",
        "Server": "Microsoft-IIS\u002f10.0",
        "Strict-Transport-Security": "max-age=31536000;includeSubDomains",
        "X-AspNet-Version": "4.0.30319",
        "X-Content-Type-Options": "nosniff",
        "x-ms-keyvault-network-info": "addr=98.237.193.253;act_addr_fam=InterNetwork;",
        "x-ms-keyvault-region": "westus",
        "x-ms-keyvault-service-version": "1.1.0.875",
        "x-ms-request-id": "b81f707d-b2ba-4b9e-ac1a-ea98e17014e0",
        "X-Powered-By": "ASP.NET"
      },
      "ResponseBody": {
        "recoveryId": "https:\u002f\u002fdotnettestvault.vault.azure.net\u002fdeletedkeys\u002f758113425",
        "deletedDate": 1565082977,
        "scheduledPurgeDate": 1572858977,
        "key": {
          "kid": "https:\u002f\u002fdotnettestvault.vault.azure.net\u002fkeys\u002f758113425\u002f43a32f539ead4e0b8ef833d83af7b0d2",
          "kty": "EC",
          "key_ops": [
            "sign",
            "verify"
          ],
          "crv": "P-256",
          "x": "pmH3My5cqlPazCSC8hpgSDlNW3lyCLv7xy3l9FCriA4",
          "y": "9TElIvhJBarEeglCPtbQvg9uq0cS2r8HdfUflIa7P5A"
        },
        "attributes": {
          "enabled": true,
          "created": 1565082977,
          "updated": 1565082977,
          "recoveryLevel": "Recoverable\u002bPurgeable"
        }
      }
    },
    {
      "RequestUri": "https:\u002f\u002fdotnettestvault.vault.azure.net\u002fdeletedkeys\u002f758113425?api-version=7.0",
      "RequestMethod": "GET",
      "RequestHeaders": {
        "Accept": "application\u002fjson",
        "Authorization": "Sanitized",
        "Content-Type": "application\u002fjson",
        "Request-Id": "|6ddb26b6-4869a580c6d847e4.",
        "User-Agent": [
          "azsdk-net-Security.KeyVault.Keys\u002f4.0.0-dev.20190806.1\u002b62e0d6debec12a5d57d3ca58837d17d109d7a980",
          "(.NET Core 4.6.27817.01; Microsoft Windows 10.0.18362 )"
        ],
        "x-ms-client-request-id": "731e67a161aee9ddbf7e2ae4699ad866",
        "x-ms-return-client-request-id": "true"
      },
      "RequestBody": null,
      "StatusCode": 200,
      "ResponseHeaders": {
        "Cache-Control": "no-cache",
        "Content-Length": "504",
        "Content-Type": "application\u002fjson; charset=utf-8",
        "Date": "Tue, 06 Aug 2019 09:16:27 GMT",
        "Expires": "-1",
        "Pragma": "no-cache",
        "Server": "Microsoft-IIS\u002f10.0",
        "Strict-Transport-Security": "max-age=31536000;includeSubDomains",
        "X-AspNet-Version": "4.0.30319",
        "X-Content-Type-Options": "nosniff",
        "x-ms-keyvault-network-info": "addr=98.237.193.253;act_addr_fam=InterNetwork;",
        "x-ms-keyvault-region": "westus",
        "x-ms-keyvault-service-version": "1.1.0.875",
        "x-ms-request-id": "69937829-25f2-4379-82d6-42dc8988e018",
        "X-Powered-By": "ASP.NET"
      },
      "ResponseBody": {
        "recoveryId": "https:\u002f\u002fdotnettestvault.vault.azure.net\u002fdeletedkeys\u002f758113425",
        "deletedDate": 1565082977,
        "scheduledPurgeDate": 1572858977,
        "key": {
          "kid": "https:\u002f\u002fdotnettestvault.vault.azure.net\u002fkeys\u002f758113425\u002f43a32f539ead4e0b8ef833d83af7b0d2",
          "kty": "EC",
          "key_ops": [
            "sign",
            "verify"
          ],
          "crv": "P-256",
          "x": "pmH3My5cqlPazCSC8hpgSDlNW3lyCLv7xy3l9FCriA4",
          "y": "9TElIvhJBarEeglCPtbQvg9uq0cS2r8HdfUflIa7P5A"
        },
        "attributes": {
          "enabled": true,
          "created": 1565082977,
          "updated": 1565082977,
          "recoveryLevel": "Recoverable\u002bPurgeable"
        }
      }
    },
    {
      "RequestUri": "https:\u002f\u002fdotnettestvault.vault.azure.net\u002fdeletedkeys\u002f758113425?api-version=7.0",
      "RequestMethod": "DELETE",
      "RequestHeaders": {
        "Accept": "application\u002fjson",
        "Authorization": "Sanitized",
        "Content-Type": "application\u002fjson",
        "Request-Id": "|6ddb26b8-4869a580c6d847e4.",
        "User-Agent": [
          "azsdk-net-Security.KeyVault.Keys\u002f4.0.0-dev.20190806.1\u002b62e0d6debec12a5d57d3ca58837d17d109d7a980",
          "(.NET Core 4.6.27817.01; Microsoft Windows 10.0.18362 )"
        ],
        "x-ms-client-request-id": "554fd8f2c17ee1297ee21f548e997687",
        "x-ms-return-client-request-id": "true"
      },
      "RequestBody": null,
      "StatusCode": 204,
      "ResponseHeaders": {
        "Cache-Control": "no-cache",
        "Date": "Tue, 06 Aug 2019 09:16:27 GMT",
        "Expires": "-1",
        "Pragma": "no-cache",
        "Server": "Microsoft-IIS\u002f10.0",
        "Strict-Transport-Security": "max-age=31536000;includeSubDomains",
        "X-AspNet-Version": "4.0.30319",
        "X-Content-Type-Options": "nosniff",
        "x-ms-keyvault-network-info": "addr=98.237.193.253;act_addr_fam=InterNetwork;",
        "x-ms-keyvault-region": "westus",
        "x-ms-keyvault-service-version": "1.1.0.875",
        "x-ms-request-id": "59204011-e801-4dce-b925-a0eaf194109c",
        "X-Powered-By": "ASP.NET"
      },
      "ResponseBody": []
    }
  ],
  "Variables": {
    "AZURE_KEYVAULT_URL": "https:\u002f\u002fdotnettestvault.vault.azure.net\u002f",
    "RandomSeed": "1761651734"
  }
}