{
  "Entries": [
    {
      "RequestUri": "https://dotnetprekeyvaulttest.vault.azure.net/keys/1316065026/create?api-version=7.1-preview",
      "RequestMethod": "POST",
      "RequestHeaders": {
        "Accept": "application/json",
        "Content-Type": "application/json",
        "traceparent": "00-0066951454031f448967ac33ea52aec6-660a06292cc5094d-00",
        "User-Agent": [
          "azsdk-net-Security.KeyVault.Keys/4.1.0-dev.20200325.1",
          "(.NET Core 4.6.28516.03; Microsoft Windows 10.0.17134 )"
        ],
        "x-ms-client-request-id": "4c8d7445eb7ec7d0c7fad22368e169d1",
        "x-ms-return-client-request-id": "true"
      },
      "RequestBody": null,
      "StatusCode": 401,
      "ResponseHeaders": {
        "Cache-Control": "no-cache",
        "Content-Length": "87",
        "Content-Type": "application/json; charset=utf-8",
        "Date": "Wed, 25 Mar 2020 07:16:46 GMT",
        "Expires": "-1",
        "Pragma": "no-cache",
        "Server": "Microsoft-IIS/10.0",
        "Strict-Transport-Security": "max-age=31536000;includeSubDomains",
        "WWW-Authenticate": "Bearer authorization=\u0022https://login.windows.net/72f988bf-86f1-41af-91ab-2d7cd011db47\u0022, resource=\u0022https://vault.azure.net\u0022",
        "X-AspNet-Version": "4.0.30319",
        "X-Content-Type-Options": "nosniff",
        "x-ms-keyvault-network-info": "addr=167.220.233.249;act_addr_fam=InterNetwork;",
        "x-ms-keyvault-region": "eastus",
        "x-ms-keyvault-service-version": "1.1.0.898",
        "x-ms-request-id": "b7a959d5-2437-49ea-98e9-f3eb5d20cd24",
        "X-Powered-By": "ASP.NET"
      },
      "ResponseBody": {
        "error": {
          "code": "Unauthorized",
          "message": "Request is missing a Bearer or PoP token."
        }
      }
    },
    {
      "RequestUri": "https://dotnetprekeyvaulttest.vault.azure.net/keys/1316065026/create?api-version=7.1-preview",
      "RequestMethod": "POST",
      "RequestHeaders": {
        "Accept": "application/json",
        "Authorization": "Sanitized",
        "Content-Length": "16",
        "Content-Type": "application/json",
        "traceparent": "00-0066951454031f448967ac33ea52aec6-660a06292cc5094d-00",
        "User-Agent": [
          "azsdk-net-Security.KeyVault.Keys/4.1.0-dev.20200325.1",
          "(.NET Core 4.6.28516.03; Microsoft Windows 10.0.17134 )"
        ],
        "x-ms-client-request-id": "4c8d7445eb7ec7d0c7fad22368e169d1",
        "x-ms-return-client-request-id": "true"
      },
      "RequestBody": {
        "kty": "EC-HSM"
      },
      "StatusCode": 200,
      "ResponseHeaders": {
        "Cache-Control": "no-cache",
        "Content-Length": "402",
        "Content-Type": "application/json; charset=utf-8",
        "Date": "Wed, 25 Mar 2020 07:16:48 GMT",
        "Expires": "-1",
        "Pragma": "no-cache",
        "Server": "Microsoft-IIS/10.0",
        "Strict-Transport-Security": "max-age=31536000;includeSubDomains",
        "X-AspNet-Version": "4.0.30319",
        "X-Content-Type-Options": "nosniff",
        "x-ms-keyvault-network-info": "addr=167.220.233.249;act_addr_fam=InterNetwork;",
        "x-ms-keyvault-region": "eastus",
        "x-ms-keyvault-service-version": "1.1.0.898",
        "x-ms-request-id": "dbc55284-e94e-4b75-965e-544e88831c50",
        "X-Powered-By": "ASP.NET"
      },
      "ResponseBody": {
        "key": {
          "kid": "https://dotnetprekeyvaulttest.vault.azure.net/keys/1316065026/ef4c8bf8543d4e759668ff0a10302b67",
          "kty": "EC-HSM",
          "key_ops": [
            "sign",
            "verify"
          ],
          "crv": "P-256",
          "x": "qIZfB5itm0z24EBcNDxgtRtkf9QN6UIoKJrJzScU6Gs",
          "y": "ZjnTX8PF6jF_9TO1SNxIxu3bML7vhnehUkmeF_zbubU"
        },
        "attributes": {
          "enabled": true,
          "created": 1585120608,
          "updated": 1585120608,
          "recoveryLevel": "Recoverable\u002BPurgeable",
          "recoverableDays": 90
        }
      }
    },
    {
      "RequestUri": "https://dotnetprekeyvaulttest.vault.azure.net/keys/1316065026?api-version=7.1-preview",
      "RequestMethod": "DELETE",
      "RequestHeaders": {
        "Accept": "application/json",
        "Authorization": "Sanitized",
        "Content-Type": "application/json",
        "traceparent": "00-5757242e2069a34ab4f9f9143031b3d4-baa0a4d0a2c8db4c-00",
        "User-Agent": [
          "azsdk-net-Security.KeyVault.Keys/4.1.0-dev.20200325.1",
          "(.NET Core 4.6.28516.03; Microsoft Windows 10.0.17134 )"
        ],
        "x-ms-client-request-id": "6bf201ad893d13f856cd801fb1186521",
        "x-ms-return-client-request-id": "true"
      },
      "RequestBody": null,
      "StatusCode": 200,
      "ResponseHeaders": {
        "Cache-Control": "no-cache",
        "Content-Length": "543",
        "Content-Type": "application/json; charset=utf-8",
        "Date": "Wed, 25 Mar 2020 07:16:49 GMT",
        "Expires": "-1",
        "Pragma": "no-cache",
        "Server": "Microsoft-IIS/10.0",
        "Strict-Transport-Security": "max-age=31536000;includeSubDomains",
        "X-AspNet-Version": "4.0.30319",
        "X-Content-Type-Options": "nosniff",
        "x-ms-keyvault-network-info": "addr=167.220.233.249;act_addr_fam=InterNetwork;",
        "x-ms-keyvault-region": "eastus",
        "x-ms-keyvault-service-version": "1.1.0.898",
        "x-ms-request-id": "e2ac70f2-ad54-4952-ab00-587c433d1f7a",
        "X-Powered-By": "ASP.NET"
      },
      "ResponseBody": {
        "recoveryId": "https://dotnetprekeyvaulttest.vault.azure.net/deletedkeys/1316065026",
        "deletedDate": 1585120609,
        "scheduledPurgeDate": 1592896609,
        "key": {
          "kid": "https://dotnetprekeyvaulttest.vault.azure.net/keys/1316065026/ef4c8bf8543d4e759668ff0a10302b67",
          "kty": "EC-HSM",
          "key_ops": [
            "sign",
            "verify"
          ],
          "crv": "P-256",
          "x": "qIZfB5itm0z24EBcNDxgtRtkf9QN6UIoKJrJzScU6Gs",
          "y": "ZjnTX8PF6jF_9TO1SNxIxu3bML7vhnehUkmeF_zbubU"
        },
        "attributes": {
          "enabled": true,
          "created": 1585120608,
          "updated": 1585120608,
          "recoveryLevel": "Recoverable\u002BPurgeable",
          "recoverableDays": 90
        }
      }
    },
    {
      "RequestUri": "https://dotnetprekeyvaulttest.vault.azure.net/deletedkeys/1316065026?api-version=7.1-preview",
      "RequestMethod": "GET",
      "RequestHeaders": {
        "Accept": "application/json",
        "Authorization": "Sanitized",
        "Content-Type": "application/json",
        "User-Agent": [
          "azsdk-net-Security.KeyVault.Keys/4.1.0-dev.20200325.1",
          "(.NET Core 4.6.28516.03; Microsoft Windows 10.0.17134 )"
        ],
        "x-ms-client-request-id": "5af6df99e3a96251d207e975e45cb031",
        "x-ms-return-client-request-id": "true"
      },
      "RequestBody": null,
      "StatusCode": 404,
      "ResponseHeaders": {
        "Cache-Control": "no-cache",
        "Content-Length": "78",
        "Content-Type": "application/json; charset=utf-8",
        "Date": "Wed, 25 Mar 2020 07:16:49 GMT",
        "Expires": "-1",
        "Pragma": "no-cache",
        "Server": "Microsoft-IIS/10.0",
        "Strict-Transport-Security": "max-age=31536000;includeSubDomains",
        "X-AspNet-Version": "4.0.30319",
        "X-Content-Type-Options": "nosniff",
        "x-ms-keyvault-network-info": "addr=167.220.233.249;act_addr_fam=InterNetwork;",
        "x-ms-keyvault-region": "eastus",
        "x-ms-keyvault-service-version": "1.1.0.898",
        "x-ms-request-id": "bee6d75d-662a-4746-819e-f48dbeb31a16",
        "X-Powered-By": "ASP.NET"
      },
      "ResponseBody": {
        "error": {
          "code": "KeyNotFound",
          "message": "Deleted Key not found: 1316065026"
        }
      }
    },
    {
      "RequestUri": "https://dotnetprekeyvaulttest.vault.azure.net/deletedkeys/1316065026?api-version=7.1-preview",
      "RequestMethod": "GET",
      "RequestHeaders": {
        "Accept": "application/json",
        "Authorization": "Sanitized",
        "Content-Type": "application/json",
        "User-Agent": [
          "azsdk-net-Security.KeyVault.Keys/4.1.0-dev.20200325.1",
          "(.NET Core 4.6.28516.03; Microsoft Windows 10.0.17134 )"
        ],
        "x-ms-client-request-id": "79bdb6742286bbc57c7af5b06ab015af",
        "x-ms-return-client-request-id": "true"
      },
      "RequestBody": null,
      "StatusCode": 404,
      "ResponseHeaders": {
        "Cache-Control": "no-cache",
        "Content-Length": "78",
        "Content-Type": "application/json; charset=utf-8",
        "Date": "Wed, 25 Mar 2020 07:16:51 GMT",
        "Expires": "-1",
        "Pragma": "no-cache",
        "Server": "Microsoft-IIS/10.0",
        "Strict-Transport-Security": "max-age=31536000;includeSubDomains",
        "X-AspNet-Version": "4.0.30319",
        "X-Content-Type-Options": "nosniff",
        "x-ms-keyvault-network-info": "addr=167.220.233.249;act_addr_fam=InterNetwork;",
        "x-ms-keyvault-region": "eastus",
        "x-ms-keyvault-service-version": "1.1.0.898",
        "x-ms-request-id": "964b2bb4-8bce-4afa-85da-311424f4d2f2",
        "X-Powered-By": "ASP.NET"
      },
      "ResponseBody": {
        "error": {
          "code": "KeyNotFound",
          "message": "Deleted Key not found: 1316065026"
        }
      }
    },
    {
      "RequestUri": "https://dotnetprekeyvaulttest.vault.azure.net/deletedkeys/1316065026?api-version=7.1-preview",
      "RequestMethod": "GET",
      "RequestHeaders": {
        "Accept": "application/json",
        "Authorization": "Sanitized",
        "Content-Type": "application/json",
        "User-Agent": [
          "azsdk-net-Security.KeyVault.Keys/4.1.0-dev.20200325.1",
          "(.NET Core 4.6.28516.03; Microsoft Windows 10.0.17134 )"
        ],
        "x-ms-client-request-id": "8989b0940febc927af909935a0822efa",
        "x-ms-return-client-request-id": "true"
      },
      "RequestBody": null,
      "StatusCode": 200,
      "ResponseHeaders": {
        "Cache-Control": "no-cache",
        "Content-Length": "543",
        "Content-Type": "application/json; charset=utf-8",
        "Date": "Wed, 25 Mar 2020 07:16:53 GMT",
        "Expires": "-1",
        "Pragma": "no-cache",
        "Server": "Microsoft-IIS/10.0",
        "Strict-Transport-Security": "max-age=31536000;includeSubDomains",
        "X-AspNet-Version": "4.0.30319",
        "X-Content-Type-Options": "nosniff",
        "x-ms-keyvault-network-info": "addr=167.220.233.249;act_addr_fam=InterNetwork;",
        "x-ms-keyvault-region": "eastus",
        "x-ms-keyvault-service-version": "1.1.0.898",
        "x-ms-request-id": "7c1c5ed5-4196-443f-8d13-59aafbebdd67",
        "X-Powered-By": "ASP.NET"
      },
      "ResponseBody": {
        "recoveryId": "https://dotnetprekeyvaulttest.vault.azure.net/deletedkeys/1316065026",
        "deletedDate": 1585120609,
        "scheduledPurgeDate": 1592896609,
        "key": {
          "kid": "https://dotnetprekeyvaulttest.vault.azure.net/keys/1316065026/ef4c8bf8543d4e759668ff0a10302b67",
          "kty": "EC-HSM",
          "key_ops": [
            "sign",
            "verify"
          ],
          "crv": "P-256",
          "x": "qIZfB5itm0z24EBcNDxgtRtkf9QN6UIoKJrJzScU6Gs",
          "y": "ZjnTX8PF6jF_9TO1SNxIxu3bML7vhnehUkmeF_zbubU"
        },
        "attributes": {
          "enabled": true,
          "created": 1585120608,
          "updated": 1585120608,
          "recoveryLevel": "Recoverable\u002BPurgeable",
          "recoverableDays": 90
        }
      }
    },
    {
      "RequestUri": "https://dotnetprekeyvaulttest.vault.azure.net/deletedkeys/1316065026?api-version=7.1-preview",
      "RequestMethod": "GET",
      "RequestHeaders": {
        "Accept": "application/json",
        "Authorization": "Sanitized",
        "Content-Type": "application/json",
        "traceparent": "00-d800b7119194384e898a4ed03683fa04-bbeae0cce3419d47-00",
        "User-Agent": [
          "azsdk-net-Security.KeyVault.Keys/4.1.0-dev.20200325.1",
          "(.NET Core 4.6.28516.03; Microsoft Windows 10.0.17134 )"
        ],
        "x-ms-client-request-id": "34e13af227d264458ef3c9f5888f1bfa",
        "x-ms-return-client-request-id": "true"
      },
      "RequestBody": null,
      "StatusCode": 200,
      "ResponseHeaders": {
        "Cache-Control": "no-cache",
        "Content-Length": "543",
        "Content-Type": "application/json; charset=utf-8",
        "Date": "Wed, 25 Mar 2020 07:16:54 GMT",
        "Expires": "-1",
        "Pragma": "no-cache",
        "Server": "Microsoft-IIS/10.0",
        "Strict-Transport-Security": "max-age=31536000;includeSubDomains",
        "X-AspNet-Version": "4.0.30319",
        "X-Content-Type-Options": "nosniff",
        "x-ms-keyvault-network-info": "addr=167.220.233.249;act_addr_fam=InterNetwork;",
        "x-ms-keyvault-region": "eastus",
        "x-ms-keyvault-service-version": "1.1.0.898",
        "x-ms-request-id": "dc771d56-2988-4543-a564-d86eb6d9730e",
        "X-Powered-By": "ASP.NET"
      },
      "ResponseBody": {
        "recoveryId": "https://dotnetprekeyvaulttest.vault.azure.net/deletedkeys/1316065026",
        "deletedDate": 1585120609,
        "scheduledPurgeDate": 1592896609,
        "key": {
          "kid": "https://dotnetprekeyvaulttest.vault.azure.net/keys/1316065026/ef4c8bf8543d4e759668ff0a10302b67",
          "kty": "EC-HSM",
          "key_ops": [
            "sign",
            "verify"
          ],
          "crv": "P-256",
          "x": "qIZfB5itm0z24EBcNDxgtRtkf9QN6UIoKJrJzScU6Gs",
          "y": "ZjnTX8PF6jF_9TO1SNxIxu3bML7vhnehUkmeF_zbubU"
        },
        "attributes": {
          "enabled": true,
          "created": 1585120608,
          "updated": 1585120608,
          "recoveryLevel": "Recoverable\u002BPurgeable",
          "recoverableDays": 90
        }
      }
    }
  ],
  "Variables": {
    "AZURE_KEYVAULT_URL": "https://dotnetprekeyvaulttest.vault.azure.net/",
    "RandomSeed": "1938186775"
  }
}