{
  "Entries": [
    {
      "RequestUri": "https://tcac7e9c41ef52cec.vault.azure.net/keys/578995860/create?api-version=7.4",
      "RequestMethod": "POST",
      "RequestHeaders": {
        "Accept": "application/json",
        "Content-Length": "0",
        "traceparent": "00-505f37437bd4a59ec77dca34c14aa7e4-75a9dab3f9893f34-00",
        "User-Agent": "azsdk-net-Security.KeyVault.Keys/4.5.0-alpha.20230301.1 (.NET 7.0.3; Microsoft Windows 10.0.22621)",
        "x-ms-client-request-id": "1b9485480acc479d9fb73b78a83c5edc",
        "x-ms-return-client-request-id": "true"
      },
      "RequestBody": null,
      "StatusCode": 401,
      "ResponseHeaders": {
        "Cache-Control": "no-cache",
        "Content-Length": "97",
        "Content-Type": "application/json; charset=utf-8",
        "Date": "Wed, 01 Mar 2023 21:18:33 GMT",
        "Expires": "-1",
        "Pragma": "no-cache",
        "Strict-Transport-Security": "max-age=31536000;includeSubDomains",
        "WWW-Authenticate": "Bearer authorization=\u0022https://login.windows.net/72f988bf-86f1-41af-91ab-2d7cd011db47\u0022, resource=\u0022https://vault.azure.net\u0022",
        "X-Content-Type-Options": "nosniff",
        "x-ms-client-request-id": "1b9485480acc479d9fb73b78a83c5edc",
        "x-ms-keyvault-network-info": "conn_type=Ipv4;addr=131.107.174.211;act_addr_fam=InterNetwork;",
        "x-ms-keyvault-region": "westus",
        "x-ms-keyvault-service-version": "1.9.713.1",
        "x-ms-request-id": "6a2b3be9-3c75-4058-a8b9-863fe86b4fc0"
      },
      "ResponseBody": {
        "error": {
          "code": "Unauthorized",
          "message": "AKV10000: Request is missing a Bearer or PoP token."
        }
      }
    },
    {
      "RequestUri": "https://tcac7e9c41ef52cec.vault.azure.net/keys/578995860/create?api-version=7.4",
      "RequestMethod": "POST",
      "RequestHeaders": {
        "Accept": "application/json",
        "Authorization": "Sanitized",
        "Content-Length": "13",
        "Content-Type": "application/json",
        "traceparent": "00-505f37437bd4a59ec77dca34c14aa7e4-75a9dab3f9893f34-00",
        "User-Agent": "azsdk-net-Security.KeyVault.Keys/4.5.0-alpha.20230301.1 (.NET 7.0.3; Microsoft Windows 10.0.22621)",
        "x-ms-client-request-id": "1b9485480acc479d9fb73b78a83c5edc",
        "x-ms-return-client-request-id": "true"
      },
      "RequestBody": {
        "kty": "RSA"
      },
      "StatusCode": 200,
      "ResponseHeaders": {
        "Cache-Control": "no-cache",
        "Content-Length": "710",
        "Content-Type": "application/json; charset=utf-8",
        "Date": "Wed, 01 Mar 2023 21:18:33 GMT",
        "Expires": "-1",
        "Pragma": "no-cache",
        "Strict-Transport-Security": "max-age=31536000;includeSubDomains",
        "X-Content-Type-Options": "nosniff",
        "x-ms-client-request-id": "1b9485480acc479d9fb73b78a83c5edc",
        "x-ms-keyvault-network-info": "conn_type=Ipv4;addr=131.107.174.211;act_addr_fam=InterNetwork;",
        "x-ms-keyvault-rbac-assignment-id": "466efa33-812c-52bf-a654-fa0cf1fa2619",
        "x-ms-keyvault-rbac-cache": "ra_age=194;da_age=194;rd_age=194;brd_age=20505;ra_notif_age=4057;dec_lev=1;",
        "x-ms-keyvault-region": "westus",
        "x-ms-keyvault-service-version": "1.9.713.1",
        "x-ms-request-id": "45220021-704e-4f6d-b95b-7f909e07a322"
      },
      "ResponseBody": {
        "key": {
          "kid": "https://tcac7e9c41ef52cec.vault.azure.net/keys/578995860/a8633702d6d54a0ebf571c486af8f593",
          "kty": "RSA",
          "key_ops": [
            "encrypt",
            "decrypt",
            "sign",
            "verify",
            "wrapKey",
            "unwrapKey"
          ],
          "n": "oYoricTeQncrzvFq7caMgtepaMynvuYqsJJk3Gps8OED8j62XZggDnMPGvcxp9oOvuOhr6Bty934sCeSa_oc4ECrDyAbF4AlufcHZKKkUWdQ9ttNVYkb2t-u3N1-ytot5zeyg_FLp5YkMC8psDhJE4iiJvcDRg43O2OdhPSUhN4J0JMmUvySOS63GS_Zcx3YlaW48aUfnLkpX0o7e1PiAVUVRXqLU09ONVTnfcdtmM-lXSeGvqNyXWvkD2_S7H9kYBYoyBZaiB6fD2xzJeM32Dx4NiYEZ6ovr_uMH94cDlMLLAQzupLtaDg3KW1fCTKezFPpe3nwEh0S0hXHQx_EwQ",
          "e": "AQAB"
        },
        "attributes": {
          "enabled": true,
          "created": 1677705513,
          "updated": 1677705513,
          "recoveryLevel": "CustomizedRecoverable\u002BPurgeable",
          "recoverableDays": 7,
          "exportable": false
        }
      }
    },
    {
      "RequestUri": "https://tcac7e9c41ef52cec.vault.azure.net/keys/578995860/rotationpolicy?api-version=7.4",
      "RequestMethod": "GET",
      "RequestHeaders": {
        "Accept": "application/json",
        "Authorization": "Sanitized",
        "traceparent": "00-dfab93a0f25e67164d79aa7dc22a936e-e4bb65931459ac4e-00",
        "User-Agent": "azsdk-net-Security.KeyVault.Keys/4.5.0-alpha.20230301.1 (.NET 7.0.3; Microsoft Windows 10.0.22621)",
        "x-ms-client-request-id": "c8dca8b180eee53e522982521d56a265",
        "x-ms-return-client-request-id": "true"
      },
      "RequestBody": null,
      "StatusCode": 200,
      "ResponseHeaders": {
        "Cache-Control": "no-cache",
        "Content-Length": "106",
        "Content-Type": "application/json; charset=utf-8",
        "Date": "Wed, 01 Mar 2023 21:18:33 GMT",
        "Expires": "-1",
        "Pragma": "no-cache",
        "Strict-Transport-Security": "max-age=31536000;includeSubDomains",
        "X-Content-Type-Options": "nosniff",
        "x-ms-client-request-id": "c8dca8b180eee53e522982521d56a265",
        "x-ms-keyvault-network-info": "conn_type=Ipv4;addr=131.107.174.211;act_addr_fam=InterNetwork;",
        "x-ms-keyvault-rbac-assignment-id": "466efa33-812c-52bf-a654-fa0cf1fa2619",
        "x-ms-keyvault-rbac-cache": "ra_age=194;da_age=194;rd_age=194;brd_age=20505;ra_notif_age=4057;dec_lev=1;",
        "x-ms-keyvault-region": "westus",
        "x-ms-keyvault-service-version": "1.9.713.1",
        "x-ms-request-id": "41e69a01-8dc6-4875-a229-16f485c63c0d"
      },
      "ResponseBody": {
        "lifetimeActions": [
          {
            "trigger": {
              "timeBeforeExpiry": "P30D"
            },
            "action": {
              "type": "Notify"
            }
          }
        ],
        "attributes": null
      }
    }
  ],
  "Variables": {
    "AZURE_AUTHORITY_HOST": "https://login.microsoftonline.com/",
    "AZURE_KEYVAULT_URL": "https://tcac7e9c41ef52cec.vault.azure.net/",
    "RandomSeed": "1262666436"
  }
}
