{
  "Entries": [
    {
      "RequestUri": "https://heathskeyvault.vault.azure.net/keys/1245988306/create?api-version=7.3-preview",
      "RequestMethod": "POST",
      "RequestHeaders": {
        "Accept": "application/json",
        "Content-Type": "application/json",
        "traceparent": "00-c0d46b6f03e6d64b94980c2f41b7a206-bbcf09eebf0f7649-00",
        "User-Agent": [
          "azsdk-net-Security.KeyVault.Keys/4.3.0-alpha.20211005.1",
          "(.NET 5.0.10; Microsoft Windows 10.0.22000)"
        ],
        "x-ms-client-request-id": "9d1315f0799c37323ea2bf3f7d0200a8",
        "x-ms-return-client-request-id": "true"
      },
      "RequestBody": null,
      "StatusCode": 401,
      "ResponseHeaders": {
        "Cache-Control": "no-cache",
        "Content-Length": "97",
        "Content-Type": "application/json; charset=utf-8",
        "Date": "Wed, 06 Oct 2021 00:58:34 GMT",
        "Expires": "-1",
        "Pragma": "no-cache",
        "Strict-Transport-Security": "max-age=31536000;includeSubDomains",
        "WWW-Authenticate": "Bearer authorization=\u0022https://login.windows.net/72f988bf-86f1-41af-91ab-2d7cd011db47\u0022, resource=\u0022https://vault.azure.net\u0022",
        "X-Content-Type-Options": "nosniff",
        "x-ms-client-request-id": "9d1315f0799c37323ea2bf3f7d0200a8",
        "x-ms-keyvault-network-info": "conn_type=Ipv4;addr=67.171.12.239;act_addr_fam=InterNetwork;",
        "x-ms-keyvault-region": "westus2",
        "x-ms-keyvault-service-version": "1.9.132.3",
        "x-ms-request-id": "6d62989d-8625-4434-bd38-d489f5260a28",
        "X-Powered-By": "ASP.NET"
      },
      "ResponseBody": {
        "error": {
          "code": "Unauthorized",
          "message": "AKV10000: Request is missing a Bearer or PoP token."
        }
      }
    },
    {
      "RequestUri": "https://heathskeyvault.vault.azure.net/keys/1245988306/create?api-version=7.3-preview",
      "RequestMethod": "POST",
      "RequestHeaders": {
        "Accept": "application/json",
        "Authorization": "Sanitized",
        "Content-Length": "13",
        "Content-Type": "application/json",
        "traceparent": "00-c0d46b6f03e6d64b94980c2f41b7a206-bbcf09eebf0f7649-00",
        "User-Agent": [
          "azsdk-net-Security.KeyVault.Keys/4.3.0-alpha.20211005.1",
          "(.NET 5.0.10; Microsoft Windows 10.0.22000)"
        ],
        "x-ms-client-request-id": "9d1315f0799c37323ea2bf3f7d0200a8",
        "x-ms-return-client-request-id": "true"
      },
      "RequestBody": {
        "kty": "RSA"
      },
      "StatusCode": 200,
      "ResponseHeaders": {
        "Cache-Control": "no-cache",
        "Content-Length": "689",
        "Content-Type": "application/json; charset=utf-8",
        "Date": "Wed, 06 Oct 2021 00:58:34 GMT",
        "Expires": "-1",
        "Pragma": "no-cache",
        "Strict-Transport-Security": "max-age=31536000;includeSubDomains",
        "X-Content-Type-Options": "nosniff",
        "x-ms-client-request-id": "9d1315f0799c37323ea2bf3f7d0200a8",
        "x-ms-keyvault-network-info": "conn_type=Ipv4;addr=67.171.12.239;act_addr_fam=InterNetwork;",
        "x-ms-keyvault-region": "westus2",
        "x-ms-keyvault-service-version": "1.9.132.3",
        "x-ms-request-id": "874dc233-e066-4baf-ade3-215af7afb73b",
        "X-Powered-By": "ASP.NET"
      },
      "ResponseBody": {
        "key": {
          "kid": "https://heathskeyvault.vault.azure.net/keys/1245988306/1e5fc86a33c341b6a8a9c0895126aea8",
          "kty": "RSA",
          "key_ops": [
            "encrypt",
            "decrypt",
            "sign",
            "verify",
            "wrapKey",
            "unwrapKey"
          ],
          "n": "_Ph_dpHV-TFwKO7cq44jGBAu2go-X2Z1HgDOMmlXkCUqp128QVXeet4uvOd82jGJLvtug3Sw2tEZUUmOEZUp3DI5ic6ERlmC7huBzpYQWarrdXc8G2XbR25z3jaIYmDHiMmCklp-JKec4sGgZ8wAOFuB0bsZLwOXg_7Lh5Bdi8JrQ78FajJ-RvOKBDlOFK9Mp8WI_hwzAWX5uyfsmBP4sGxdSHZsaK-tCgPPtRIcwqXe1QrWDW7NwpefCWf6d3R0GwGrR44t0LRCzfTbkhpHk2LHUG_S4fOYbD0xyI05QCvQ5sYjHv4ln61nyUw1ag5_qKZZgAoLrVm29iYUdV1v5Q",
          "e": "AQAB"
        },
        "attributes": {
          "enabled": true,
          "created": 1633481915,
          "updated": 1633481915,
          "recoveryLevel": "CustomizedRecoverable\u002BPurgeable",
          "recoverableDays": 7
        }
      }
    },
    {
      "RequestUri": "https://heathskeyvault.vault.azure.net/keys/1245988306/rotationpolicy?api-version=7.3-preview",
      "RequestMethod": "GET",
      "RequestHeaders": {
        "Accept": "application/json",
        "Authorization": "Sanitized",
        "Content-Type": "application/json",
        "traceparent": "00-d0431bb479abf64f8c3eb8e69207ec0a-170800c9d8134f4b-00",
        "User-Agent": [
          "azsdk-net-Security.KeyVault.Keys/4.3.0-alpha.20211005.1",
          "(.NET 5.0.10; Microsoft Windows 10.0.22000)"
        ],
        "x-ms-client-request-id": "4368c66ebad068ce3dbe7eecaf6bef2e",
        "x-ms-return-client-request-id": "true"
      },
      "RequestBody": null,
      "StatusCode": 200,
      "ResponseHeaders": {
        "Cache-Control": "no-cache",
        "Content-Length": "42",
        "Content-Type": "application/json; charset=utf-8",
        "Date": "Wed, 06 Oct 2021 00:58:34 GMT",
        "Expires": "-1",
        "Pragma": "no-cache",
        "Strict-Transport-Security": "max-age=31536000;includeSubDomains",
        "X-Content-Type-Options": "nosniff",
        "x-ms-client-request-id": "4368c66ebad068ce3dbe7eecaf6bef2e",
        "x-ms-keyvault-network-info": "conn_type=Ipv4;addr=67.171.12.239;act_addr_fam=InterNetwork;",
        "x-ms-keyvault-region": "westus2",
        "x-ms-keyvault-service-version": "1.9.132.3",
        "x-ms-request-id": "7b6385e1-dfd2-4b5a-8015-ef8c05e141af",
        "X-Powered-By": "ASP.NET"
      },
      "ResponseBody": {
        "lifetimeActions": null,
        "attributes": null
      }
    }
  ],
  "Variables": {
    "AZURE_KEYVAULT_URL": "https://heathskeyvault.vault.azure.net/",
    "RandomSeed": "729196020"
  }
}