{
  "Entries": [
    {
      "RequestUri": "https://dotnettestvaultpre.vault.azure.net/keys/1105647458/create?api-version=7.1-preview",
      "RequestMethod": "POST",
      "RequestHeaders": {
        "Accept": "application/json",
        "Content-Type": "application/json",
        "traceparent": "00-4f3fecef0248504699f53f99a529944b-a15b21ce6ba07941-00",
        "User-Agent": [
          "azsdk-net-Security.KeyVault.Keys/4.1.0-dev.20200318.1",
          "(.NET Core 4.6.28325.01; Microsoft Windows 10.0.17763 )"
        ],
        "x-ms-client-request-id": "0e538987438231a23338048bf24ed2eb",
        "x-ms-return-client-request-id": "true"
      },
      "RequestBody": null,
      "StatusCode": 401,
      "ResponseHeaders": {
        "Cache-Control": "no-cache",
        "Content-Length": "87",
        "Content-Type": "application/json; charset=utf-8",
        "Date": "Wed, 18 Mar 2020 08:13:52 GMT",
        "Expires": "-1",
        "Pragma": "no-cache",
        "Server": "Microsoft-IIS/10.0",
        "Strict-Transport-Security": "max-age=31536000;includeSubDomains",
        "WWW-Authenticate": "Bearer authorization=\u0022https://login.windows.net/72f988bf-86f1-41af-91ab-2d7cd011db47\u0022, resource=\u0022https://vault.azure.net\u0022",
        "X-AspNet-Version": "4.0.30319",
        "X-Content-Type-Options": "nosniff",
        "x-ms-keyvault-network-info": "addr=167.220.232.168;act_addr_fam=InterNetwork;",
        "x-ms-keyvault-region": "eastus",
        "x-ms-keyvault-service-version": "1.1.0.898",
        "x-ms-request-id": "1051cdfb-228f-4b55-bb4f-c7dd8c4afbb2",
        "X-Powered-By": "ASP.NET"
      },
      "ResponseBody": {
        "error": {
          "code": "Unauthorized",
          "message": "Request is missing a Bearer or PoP token."
        }
      }
    },
    {
      "RequestUri": "https://dotnettestvaultpre.vault.azure.net/keys/1105647458/create?api-version=7.1-preview",
      "RequestMethod": "POST",
      "RequestHeaders": {
        "Accept": "application/json",
        "Authorization": "Sanitized",
        "Content-Length": "16",
        "Content-Type": "application/json",
        "traceparent": "00-4f3fecef0248504699f53f99a529944b-a15b21ce6ba07941-00",
        "User-Agent": [
          "azsdk-net-Security.KeyVault.Keys/4.1.0-dev.20200318.1",
          "(.NET Core 4.6.28325.01; Microsoft Windows 10.0.17763 )"
        ],
        "x-ms-client-request-id": "0e538987438231a23338048bf24ed2eb",
        "x-ms-return-client-request-id": "true"
      },
      "RequestBody": {
        "kty": "EC-HSM"
      },
      "StatusCode": 200,
      "ResponseHeaders": {
        "Cache-Control": "no-cache",
        "Content-Length": "399",
        "Content-Type": "application/json; charset=utf-8",
        "Date": "Wed, 18 Mar 2020 08:13:54 GMT",
        "Expires": "-1",
        "Pragma": "no-cache",
        "Server": "Microsoft-IIS/10.0",
        "Strict-Transport-Security": "max-age=31536000;includeSubDomains",
        "X-AspNet-Version": "4.0.30319",
        "X-Content-Type-Options": "nosniff",
        "x-ms-keyvault-network-info": "addr=167.220.232.168;act_addr_fam=InterNetwork;",
        "x-ms-keyvault-region": "eastus",
        "x-ms-keyvault-service-version": "1.1.0.898",
        "x-ms-request-id": "e6318f5e-4cb0-4980-b4e8-a0f63d2f8c9c",
        "X-Powered-By": "ASP.NET"
      },
      "ResponseBody": {
        "key": {
          "kid": "https://dotnettestvaultpre.vault.azure.net/keys/1105647458/5ddd64bdd130420784734052b614e9da",
          "kty": "EC-HSM",
          "key_ops": [
            "sign",
            "verify"
          ],
          "crv": "P-256",
          "x": "4IsgfSNWDTiftnr--tXhwKPi9qlvbM-91VXNrl5WAj0",
          "y": "j2M_oyiPfgxWVLdbKotCyNtas4VjBtZlxZftN2BZMrY"
        },
        "attributes": {
          "enabled": true,
          "created": 1584519234,
          "updated": 1584519234,
          "recoveryLevel": "Recoverable\u002BPurgeable",
          "recoverableDays": 90
        }
      }
    },
    {
      "RequestUri": "https://dotnettestvaultpre.vault.azure.net/keys/1105647458?api-version=7.1-preview",
      "RequestMethod": "DELETE",
      "RequestHeaders": {
        "Accept": "application/json",
        "Authorization": "Sanitized",
        "Content-Type": "application/json",
        "traceparent": "00-8c0f509f8befe14c87e261685c9c9c38-2901f4e52bf7274b-00",
        "User-Agent": [
          "azsdk-net-Security.KeyVault.Keys/4.1.0-dev.20200318.1",
          "(.NET Core 4.6.28325.01; Microsoft Windows 10.0.17763 )"
        ],
        "x-ms-client-request-id": "aa312df0f5edbf830256cb5f6ad00f08",
        "x-ms-return-client-request-id": "true"
      },
      "RequestBody": null,
      "StatusCode": 200,
      "ResponseHeaders": {
        "Cache-Control": "no-cache",
        "Content-Length": "537",
        "Content-Type": "application/json; charset=utf-8",
        "Date": "Wed, 18 Mar 2020 08:13:54 GMT",
        "Expires": "-1",
        "Pragma": "no-cache",
        "Server": "Microsoft-IIS/10.0",
        "Strict-Transport-Security": "max-age=31536000;includeSubDomains",
        "X-AspNet-Version": "4.0.30319",
        "X-Content-Type-Options": "nosniff",
        "x-ms-keyvault-network-info": "addr=167.220.232.168;act_addr_fam=InterNetwork;",
        "x-ms-keyvault-region": "eastus",
        "x-ms-keyvault-service-version": "1.1.0.898",
        "x-ms-request-id": "c76b832c-bfa4-4cff-a89b-fee05c410b94",
        "X-Powered-By": "ASP.NET"
      },
      "ResponseBody": {
        "recoveryId": "https://dotnettestvaultpre.vault.azure.net/deletedkeys/1105647458",
        "deletedDate": 1584519234,
        "scheduledPurgeDate": 1592295234,
        "key": {
          "kid": "https://dotnettestvaultpre.vault.azure.net/keys/1105647458/5ddd64bdd130420784734052b614e9da",
          "kty": "EC-HSM",
          "key_ops": [
            "sign",
            "verify"
          ],
          "crv": "P-256",
          "x": "4IsgfSNWDTiftnr--tXhwKPi9qlvbM-91VXNrl5WAj0",
          "y": "j2M_oyiPfgxWVLdbKotCyNtas4VjBtZlxZftN2BZMrY"
        },
        "attributes": {
          "enabled": true,
          "created": 1584519234,
          "updated": 1584519234,
          "recoveryLevel": "Recoverable\u002BPurgeable",
          "recoverableDays": 90
        }
      }
    },
    {
      "RequestUri": "https://dotnettestvaultpre.vault.azure.net/keys/1105647458/?api-version=7.1-preview",
      "RequestMethod": "GET",
      "RequestHeaders": {
        "Accept": "application/json",
        "Authorization": "Sanitized",
        "Content-Type": "application/json",
        "traceparent": "00-d770612900b1894588b0714eebe6b119-8c17b27b71aabc46-00",
        "User-Agent": [
          "azsdk-net-Security.KeyVault.Keys/4.1.0-dev.20200318.1",
          "(.NET Core 4.6.28325.01; Microsoft Windows 10.0.17763 )"
        ],
        "x-ms-client-request-id": "0699fb289d7a96c25a7253b8f45e10bc",
        "x-ms-return-client-request-id": "true"
      },
      "RequestBody": null,
      "StatusCode": 404,
      "ResponseHeaders": {
        "Cache-Control": "no-cache",
        "Content-Length": "70",
        "Content-Type": "application/json; charset=utf-8",
        "Date": "Wed, 18 Mar 2020 08:14:00 GMT",
        "Expires": "-1",
        "Pragma": "no-cache",
        "Server": "Microsoft-IIS/10.0",
        "Strict-Transport-Security": "max-age=31536000;includeSubDomains",
        "X-AspNet-Version": "4.0.30319",
        "X-Content-Type-Options": "nosniff",
        "x-ms-keyvault-network-info": "addr=167.220.232.168;act_addr_fam=InterNetwork;",
        "x-ms-keyvault-region": "eastus",
        "x-ms-keyvault-service-version": "1.1.0.898",
        "x-ms-request-id": "27bab45a-6332-48f5-8833-ea4053c209e3",
        "X-Powered-By": "ASP.NET"
      },
      "ResponseBody": {
        "error": {
          "code": "KeyNotFound",
          "message": "Key not found: 1105647458"
        }
      }
    },
    {
      "RequestUri": "https://dotnettestvaultpre.vault.azure.net/deletedkeys/1105647458/recover?api-version=7.1-preview",
      "RequestMethod": "POST",
      "RequestHeaders": {
        "Accept": "application/json",
        "Authorization": "Sanitized",
        "Content-Type": "application/json",
        "traceparent": "00-6faa04938bea3e4a9d257ea34207a0a7-96badf1724a54e42-00",
        "User-Agent": [
          "azsdk-net-Security.KeyVault.Keys/4.1.0-dev.20200318.1",
          "(.NET Core 4.6.28325.01; Microsoft Windows 10.0.17763 )"
        ],
        "x-ms-client-request-id": "3d105a32812d5ca376422f954ea64614",
        "x-ms-return-client-request-id": "true"
      },
      "RequestBody": null,
      "StatusCode": 200,
      "ResponseHeaders": {
        "Cache-Control": "no-cache",
        "Content-Length": "399",
        "Content-Type": "application/json; charset=utf-8",
        "Date": "Wed, 18 Mar 2020 08:14:00 GMT",
        "Expires": "-1",
        "Pragma": "no-cache",
        "Server": "Microsoft-IIS/10.0",
        "Strict-Transport-Security": "max-age=31536000;includeSubDomains",
        "X-AspNet-Version": "4.0.30319",
        "X-Content-Type-Options": "nosniff",
        "x-ms-keyvault-network-info": "addr=167.220.232.168;act_addr_fam=InterNetwork;",
        "x-ms-keyvault-region": "eastus",
        "x-ms-keyvault-service-version": "1.1.0.898",
        "x-ms-request-id": "dc588007-0cb0-4871-b026-4468474a688c",
        "X-Powered-By": "ASP.NET"
      },
      "ResponseBody": {
        "key": {
          "kid": "https://dotnettestvaultpre.vault.azure.net/keys/1105647458/5ddd64bdd130420784734052b614e9da",
          "kty": "EC-HSM",
          "key_ops": [
            "sign",
            "verify"
          ],
          "crv": "P-256",
          "x": "4IsgfSNWDTiftnr--tXhwKPi9qlvbM-91VXNrl5WAj0",
          "y": "j2M_oyiPfgxWVLdbKotCyNtas4VjBtZlxZftN2BZMrY"
        },
        "attributes": {
          "enabled": true,
          "created": 1584519234,
          "updated": 1584519234,
          "recoveryLevel": "Recoverable\u002BPurgeable",
          "recoverableDays": 90
        }
      }
    },
    {
      "RequestUri": "https://dotnettestvaultpre.vault.azure.net/keys/1105647458/?api-version=7.1-preview",
      "RequestMethod": "GET",
      "RequestHeaders": {
        "Accept": "application/json",
        "Authorization": "Sanitized",
        "Content-Type": "application/json",
        "traceparent": "00-c1d525cd8e89ed4d98818eac279eac17-4d9ea198717d5549-00",
        "User-Agent": [
          "azsdk-net-Security.KeyVault.Keys/4.1.0-dev.20200318.1",
          "(.NET Core 4.6.28325.01; Microsoft Windows 10.0.17763 )"
        ],
        "x-ms-client-request-id": "ff1288a529ade3e267545b708cbe423e",
        "x-ms-return-client-request-id": "true"
      },
      "RequestBody": null,
      "StatusCode": 200,
      "ResponseHeaders": {
        "Cache-Control": "no-cache",
        "Content-Length": "399",
        "Content-Type": "application/json; charset=utf-8",
        "Date": "Wed, 18 Mar 2020 08:14:12 GMT",
        "Expires": "-1",
        "Pragma": "no-cache",
        "Server": "Microsoft-IIS/10.0",
        "Strict-Transport-Security": "max-age=31536000;includeSubDomains",
        "X-AspNet-Version": "4.0.30319",
        "X-Content-Type-Options": "nosniff",
        "x-ms-keyvault-network-info": "addr=167.220.232.168;act_addr_fam=InterNetwork;",
        "x-ms-keyvault-region": "eastus",
        "x-ms-keyvault-service-version": "1.1.0.898",
        "x-ms-request-id": "4b7bd9cd-c8e9-427a-8dec-27b361bcfc1f",
        "X-Powered-By": "ASP.NET"
      },
      "ResponseBody": {
        "key": {
          "kid": "https://dotnettestvaultpre.vault.azure.net/keys/1105647458/5ddd64bdd130420784734052b614e9da",
          "kty": "EC-HSM",
          "key_ops": [
            "sign",
            "verify"
          ],
          "crv": "P-256",
          "x": "4IsgfSNWDTiftnr--tXhwKPi9qlvbM-91VXNrl5WAj0",
          "y": "j2M_oyiPfgxWVLdbKotCyNtas4VjBtZlxZftN2BZMrY"
        },
        "attributes": {
          "enabled": true,
          "created": 1584519234,
          "updated": 1584519234,
          "recoveryLevel": "Recoverable\u002BPurgeable",
          "recoverableDays": 90
        }
      }
    }
  ],
  "Variables": {
    "AZURE_KEYVAULT_URL": "https://dotnettestvaultpre.vault.azure.net/",
    "RandomSeed": "47615154"
  }
}