{
  "Entries": [
    {
      "RequestUri": "https://dotnettestvaultpre.vault.azure.net/keys/554229513/create?api-version=7.1-preview",
      "RequestMethod": "POST",
      "RequestHeaders": {
        "Accept": "application/json",
        "Content-Type": "application/json",
        "traceparent": "00-a040cd1952fcab448d10b767c88f6c2c-078545e8dcaea248-00",
        "User-Agent": [
          "azsdk-net-Security.KeyVault.Keys/4.1.0-dev.20200318.1",
          "(.NET Core 4.6.28325.01; Microsoft Windows 10.0.17763 )"
        ],
        "x-ms-client-request-id": "c665690ccfc727e16ed236e3fe5a7afb",
        "x-ms-return-client-request-id": "true"
      },
      "RequestBody": null,
      "StatusCode": 401,
      "ResponseHeaders": {
        "Cache-Control": "no-cache",
        "Content-Length": "87",
        "Content-Type": "application/json; charset=utf-8",
        "Date": "Wed, 18 Mar 2020 08:12:18 GMT",
        "Expires": "-1",
        "Pragma": "no-cache",
        "Server": "Microsoft-IIS/10.0",
        "Strict-Transport-Security": "max-age=31536000;includeSubDomains",
        "WWW-Authenticate": "Bearer authorization=\u0022https://login.windows.net/72f988bf-86f1-41af-91ab-2d7cd011db47\u0022, resource=\u0022https://vault.azure.net\u0022",
        "X-AspNet-Version": "4.0.30319",
        "X-Content-Type-Options": "nosniff",
        "x-ms-keyvault-network-info": "addr=167.220.232.168;act_addr_fam=InterNetwork;",
        "x-ms-keyvault-region": "eastus",
        "x-ms-keyvault-service-version": "1.1.0.898",
        "x-ms-request-id": "fc92e3fd-2070-4b45-99d8-cc4afebcb24f",
        "X-Powered-By": "ASP.NET"
      },
      "ResponseBody": {
        "error": {
          "code": "Unauthorized",
          "message": "Request is missing a Bearer or PoP token."
        }
      }
    },
    {
      "RequestUri": "https://dotnettestvaultpre.vault.azure.net/keys/554229513/create?api-version=7.1-preview",
      "RequestMethod": "POST",
      "RequestHeaders": {
        "Accept": "application/json",
        "Authorization": "Sanitized",
        "Content-Length": "37",
        "Content-Type": "application/json",
        "traceparent": "00-a040cd1952fcab448d10b767c88f6c2c-078545e8dcaea248-00",
        "User-Agent": [
          "azsdk-net-Security.KeyVault.Keys/4.1.0-dev.20200318.1",
          "(.NET Core 4.6.28325.01; Microsoft Windows 10.0.17763 )"
        ],
        "x-ms-client-request-id": "c665690ccfc727e16ed236e3fe5a7afb",
        "x-ms-return-client-request-id": "true"
      },
      "RequestBody": {
        "kty": "EC-HSM",
        "key_ops": [
          "verify"
        ]
      },
      "StatusCode": 200,
      "ResponseHeaders": {
        "Cache-Control": "no-cache",
        "Content-Length": "391",
        "Content-Type": "application/json; charset=utf-8",
        "Date": "Wed, 18 Mar 2020 08:12:19 GMT",
        "Expires": "-1",
        "Pragma": "no-cache",
        "Server": "Microsoft-IIS/10.0",
        "Strict-Transport-Security": "max-age=31536000;includeSubDomains",
        "X-AspNet-Version": "4.0.30319",
        "X-Content-Type-Options": "nosniff",
        "x-ms-keyvault-network-info": "addr=167.220.232.168;act_addr_fam=InterNetwork;",
        "x-ms-keyvault-region": "eastus",
        "x-ms-keyvault-service-version": "1.1.0.898",
        "x-ms-request-id": "55f17181-8eae-4296-8c64-68441808d2c8",
        "X-Powered-By": "ASP.NET"
      },
      "ResponseBody": {
        "key": {
          "kid": "https://dotnettestvaultpre.vault.azure.net/keys/554229513/f9ae4ce847ec4c41a65bb0656e477352",
          "kty": "EC-HSM",
          "key_ops": [
            "verify"
          ],
          "crv": "P-256",
          "x": "uB0kxRPn3o6mNpsCx7KlH9WwMeXlUwzBxDvHXgxQyx4",
          "y": "Jqyk_vvH75M75ddO_7Lj4oVxvN7M0qxByN0sBxWOg3o"
        },
        "attributes": {
          "enabled": true,
          "created": 1584519140,
          "updated": 1584519140,
          "recoveryLevel": "Recoverable\u002BPurgeable",
          "recoverableDays": 90
        }
      }
    },
    {
      "RequestUri": "https://dotnettestvaultpre.vault.azure.net/keys/554229513/f9ae4ce847ec4c41a65bb0656e477352?api-version=7.1-preview",
      "RequestMethod": "PATCH",
      "RequestHeaders": {
        "Accept": "application/json",
        "Authorization": "Sanitized",
        "Content-Length": "48",
        "Content-Type": "application/json",
        "traceparent": "00-f16730fbbef1d34ea3c2c53a7d8ca36b-d1373601061d2346-00",
        "User-Agent": [
          "azsdk-net-Security.KeyVault.Keys/4.1.0-dev.20200318.1",
          "(.NET Core 4.6.28325.01; Microsoft Windows 10.0.17763 )"
        ],
        "x-ms-client-request-id": "9239bff666043178cf61ab6d5ade78a0",
        "x-ms-return-client-request-id": "true"
      },
      "RequestBody": {
        "attributes": {
          "enabled": true,
          "exp": 1584605544
        }
      },
      "StatusCode": 200,
      "ResponseHeaders": {
        "Cache-Control": "no-cache",
        "Content-Length": "408",
        "Content-Type": "application/json; charset=utf-8",
        "Date": "Wed, 18 Mar 2020 08:12:20 GMT",
        "Expires": "-1",
        "Pragma": "no-cache",
        "Server": "Microsoft-IIS/10.0",
        "Strict-Transport-Security": "max-age=31536000;includeSubDomains",
        "X-AspNet-Version": "4.0.30319",
        "X-Content-Type-Options": "nosniff",
        "x-ms-keyvault-network-info": "addr=167.220.232.168;act_addr_fam=InterNetwork;",
        "x-ms-keyvault-region": "eastus",
        "x-ms-keyvault-service-version": "1.1.0.898",
        "x-ms-request-id": "b3a0466c-be16-4ba2-a91e-784fea230b44",
        "X-Powered-By": "ASP.NET"
      },
      "ResponseBody": {
        "key": {
          "kid": "https://dotnettestvaultpre.vault.azure.net/keys/554229513/f9ae4ce847ec4c41a65bb0656e477352",
          "kty": "EC-HSM",
          "key_ops": [
            "verify"
          ],
          "crv": "P-256",
          "x": "uB0kxRPn3o6mNpsCx7KlH9WwMeXlUwzBxDvHXgxQyx4",
          "y": "Jqyk_vvH75M75ddO_7Lj4oVxvN7M0qxByN0sBxWOg3o"
        },
        "attributes": {
          "enabled": true,
          "exp": 1584605544,
          "created": 1584519140,
          "updated": 1584519140,
          "recoveryLevel": "Recoverable\u002BPurgeable",
          "recoverableDays": 90
        }
      }
    },
    {
      "RequestUri": "https://dotnettestvaultpre.vault.azure.net/keys/554229513/f9ae4ce847ec4c41a65bb0656e477352?api-version=7.1-preview",
      "RequestMethod": "PATCH",
      "RequestHeaders": {
        "Accept": "application/json",
        "Authorization": "Sanitized",
        "Content-Length": "76",
        "Content-Type": "application/json",
        "traceparent": "00-26f25e3a5aba7b4cb2f00661ae5a7553-0dec75f38404da46-00",
        "User-Agent": [
          "azsdk-net-Security.KeyVault.Keys/4.1.0-dev.20200318.1",
          "(.NET Core 4.6.28325.01; Microsoft Windows 10.0.17763 )"
        ],
        "x-ms-client-request-id": "d825ae3a5a2b4b2010d9bfd6a5d21c1a",
        "x-ms-return-client-request-id": "true"
      },
      "RequestBody": {
        "attributes": {
          "enabled": true,
          "exp": 1584605544
        },
        "key_ops": [
          "sign",
          "verify"
        ]
      },
      "StatusCode": 200,
      "ResponseHeaders": {
        "Cache-Control": "no-cache",
        "Content-Length": "415",
        "Content-Type": "application/json; charset=utf-8",
        "Date": "Wed, 18 Mar 2020 08:12:20 GMT",
        "Expires": "-1",
        "Pragma": "no-cache",
        "Server": "Microsoft-IIS/10.0",
        "Strict-Transport-Security": "max-age=31536000;includeSubDomains",
        "X-AspNet-Version": "4.0.30319",
        "X-Content-Type-Options": "nosniff",
        "x-ms-keyvault-network-info": "addr=167.220.232.168;act_addr_fam=InterNetwork;",
        "x-ms-keyvault-region": "eastus",
        "x-ms-keyvault-service-version": "1.1.0.898",
        "x-ms-request-id": "b587eaf6-b0ce-4b17-9c68-3fac05c11da9",
        "X-Powered-By": "ASP.NET"
      },
      "ResponseBody": {
        "key": {
          "kid": "https://dotnettestvaultpre.vault.azure.net/keys/554229513/f9ae4ce847ec4c41a65bb0656e477352",
          "kty": "EC-HSM",
          "key_ops": [
            "sign",
            "verify"
          ],
          "crv": "P-256",
          "x": "uB0kxRPn3o6mNpsCx7KlH9WwMeXlUwzBxDvHXgxQyx4",
          "y": "Jqyk_vvH75M75ddO_7Lj4oVxvN7M0qxByN0sBxWOg3o"
        },
        "attributes": {
          "enabled": true,
          "exp": 1584605544,
          "created": 1584519140,
          "updated": 1584519140,
          "recoveryLevel": "Recoverable\u002BPurgeable",
          "recoverableDays": 90
        }
      }
    }
  ],
  "Variables": {
    "AZURE_KEYVAULT_URL": "https://dotnettestvaultpre.vault.azure.net/",
    "RandomSeed": "603118218"
  }
}