{
  "Entries": [
    {
      "RequestUri": "https://heathskeyvault.vault.azure.net/keys/371506083/create?api-version=7.4-preview.1",
      "RequestMethod": "POST",
      "RequestHeaders": {
        "Accept": "application/json",
        "Content-Length": "0",
        "traceparent": "00-976a98e6b6280703356bc1e7c6c7e4e8-2469fdbab4f1bf63-00",
        "User-Agent": "azsdk-net-Security.KeyVault.Keys/4.5.0-alpha.20221031.1 (.NET 6.0.10; Microsoft Windows 10.0.22621)",
        "x-ms-client-request-id": "82438a13bf49be13fc5c68996d789731",
        "x-ms-return-client-request-id": "true"
      },
      "RequestBody": null,
      "StatusCode": 401,
      "ResponseHeaders": {
        "Cache-Control": "no-cache",
        "Content-Length": "97",
        "Content-Type": "application/json; charset=utf-8",
        "Date": "Mon, 31 Oct 2022 23:23:51 GMT",
        "Expires": "-1",
        "Pragma": "no-cache",
        "Strict-Transport-Security": "max-age=31536000;includeSubDomains",
        "WWW-Authenticate": "Bearer authorization=\u0022https://login.windows.net/72f988bf-86f1-41af-91ab-2d7cd011db47\u0022, resource=\u0022https://vault.azure.net\u0022",
        "X-Content-Type-Options": "nosniff",
        "x-ms-client-request-id": "82438a13bf49be13fc5c68996d789731",
        "x-ms-keyvault-network-info": "conn_type=Ipv4;addr=24.16.19.131;act_addr_fam=InterNetwork;",
        "x-ms-keyvault-region": "westus",
        "x-ms-keyvault-service-version": "1.9.538.1",
        "x-ms-request-id": "69fac3ce-9723-4835-a073-9c779bbb1c9a"
      },
      "ResponseBody": {
        "error": {
          "code": "Unauthorized",
          "message": "AKV10000: Request is missing a Bearer or PoP token."
        }
      }
    },
    {
      "RequestUri": "https://heathskeyvault.vault.azure.net/keys/371506083/create?api-version=7.4-preview.1",
      "RequestMethod": "POST",
      "RequestHeaders": {
        "Accept": "application/json",
        "Authorization": "Sanitized",
        "Content-Length": "37",
        "Content-Type": "application/json",
        "traceparent": "00-976a98e6b6280703356bc1e7c6c7e4e8-2469fdbab4f1bf63-00",
        "User-Agent": "azsdk-net-Security.KeyVault.Keys/4.5.0-alpha.20221031.1 (.NET 6.0.10; Microsoft Windows 10.0.22621)",
        "x-ms-client-request-id": "82438a13bf49be13fc5c68996d789731",
        "x-ms-return-client-request-id": "true"
      },
      "RequestBody": {
        "kty": "EC",
        "tags": {
          "A": "1",
          "B": "2"
        }
      },
      "StatusCode": 200,
      "ResponseHeaders": {
        "Cache-Control": "no-cache",
        "Content-Length": "443",
        "Content-Type": "application/json; charset=utf-8",
        "Date": "Mon, 31 Oct 2022 23:23:52 GMT",
        "Expires": "-1",
        "Pragma": "no-cache",
        "Strict-Transport-Security": "max-age=31536000;includeSubDomains",
        "X-Content-Type-Options": "nosniff",
        "x-ms-client-request-id": "82438a13bf49be13fc5c68996d789731",
        "x-ms-keyvault-network-info": "conn_type=Ipv4;addr=24.16.19.131;act_addr_fam=InterNetwork;",
        "x-ms-keyvault-rbac-assignment-id": "0ecc3e39-c3aa-550c-9221-2cec9776c051",
        "x-ms-keyvault-rbac-cache": "ra_age=400;da_age=400;rd_age=400;brd_age=11304;ra_notif_age=814;dec_lev=1;",
        "x-ms-keyvault-region": "westus",
        "x-ms-keyvault-service-version": "1.9.538.1",
        "x-ms-request-id": "a4ef24f5-2e60-49d9-aadb-24a6476f86fe"
      },
      "ResponseBody": {
        "key": {
          "kid": "https://heathskeyvault.vault.azure.net/keys/371506083/0eae0c29b9b4430ea925797e249b5eb4",
          "kty": "EC",
          "key_ops": [
            "sign",
            "verify"
          ],
          "crv": "P-256",
          "x": "_BFd9-kBJvyu2QE_8YJMt0R9rYDRuyQ35bE3q-xDO0E",
          "y": "8ifdgzveNqOD5TdSQGpKMKGErzgp33KOubYyxpO472o"
        },
        "attributes": {
          "enabled": true,
          "created": 1667258632,
          "updated": 1667258632,
          "recoveryLevel": "CustomizedRecoverable\u002BPurgeable",
          "recoverableDays": 7,
          "exportable": false
        },
        "tags": {
          "A": "1",
          "B": "2"
        }
      }
    },
    {
      "RequestUri": "https://heathskeyvault.vault.azure.net/keys/371506083/0eae0c29b9b4430ea925797e249b5eb4?api-version=7.4-preview.1",
      "RequestMethod": "PATCH",
      "RequestHeaders": {
        "Accept": "application/json",
        "Authorization": "Sanitized",
        "Content-Length": "83",
        "Content-Type": "application/json",
        "traceparent": "00-17d50377846e14170a6ac45ca0c0338f-d4a5e459d1820056-00",
        "User-Agent": "azsdk-net-Security.KeyVault.Keys/4.5.0-alpha.20221031.1 (.NET 6.0.10; Microsoft Windows 10.0.22621)",
        "x-ms-client-request-id": "2f7aa703abf5aa202186bcd454f0b140",
        "x-ms-return-client-request-id": "true"
      },
      "RequestBody": {
        "attributes": {
          "enabled": true,
          "exportable": false
        },
        "tags": {
          "A": "1",
          "B": "3",
          "C": "4"
        }
      },
      "StatusCode": 200,
      "ResponseHeaders": {
        "Cache-Control": "no-cache",
        "Content-Length": "451",
        "Content-Type": "application/json; charset=utf-8",
        "Date": "Mon, 31 Oct 2022 23:23:52 GMT",
        "Expires": "-1",
        "Pragma": "no-cache",
        "Strict-Transport-Security": "max-age=31536000;includeSubDomains",
        "X-Content-Type-Options": "nosniff",
        "x-ms-client-request-id": "2f7aa703abf5aa202186bcd454f0b140",
        "x-ms-keyvault-network-info": "conn_type=Ipv4;addr=24.16.19.131;act_addr_fam=InterNetwork;",
        "x-ms-keyvault-rbac-assignment-id": "0ecc3e39-c3aa-550c-9221-2cec9776c051",
        "x-ms-keyvault-rbac-cache": "ra_age=400;da_age=400;rd_age=400;brd_age=11304;ra_notif_age=814;dec_lev=1;",
        "x-ms-keyvault-region": "westus",
        "x-ms-keyvault-service-version": "1.9.538.1",
        "x-ms-request-id": "e3e4300b-8cc3-4d76-ab86-327de9ac5c1c"
      },
      "ResponseBody": {
        "key": {
          "kid": "https://heathskeyvault.vault.azure.net/keys/371506083/0eae0c29b9b4430ea925797e249b5eb4",
          "kty": "EC",
          "key_ops": [
            "sign",
            "verify"
          ],
          "crv": "P-256",
          "x": "_BFd9-kBJvyu2QE_8YJMt0R9rYDRuyQ35bE3q-xDO0E",
          "y": "8ifdgzveNqOD5TdSQGpKMKGErzgp33KOubYyxpO472o"
        },
        "attributes": {
          "enabled": true,
          "created": 1667258632,
          "updated": 1667258632,
          "recoveryLevel": "CustomizedRecoverable\u002BPurgeable",
          "recoverableDays": 7,
          "exportable": false
        },
        "tags": {
          "A": "1",
          "B": "3",
          "C": "4"
        }
      }
    },
    {
      "RequestUri": "https://heathskeyvault.vault.azure.net/keys/371506083/0eae0c29b9b4430ea925797e249b5eb4?api-version=7.4-preview.1",
      "RequestMethod": "PATCH",
      "RequestHeaders": {
        "Accept": "application/json",
        "Authorization": "Sanitized",
        "Content-Length": "67",
        "Content-Type": "application/json",
        "traceparent": "00-6ddaa8f9bc9e1debd5281b8ed39444cb-6beee196e09ea113-00",
        "User-Agent": "azsdk-net-Security.KeyVault.Keys/4.5.0-alpha.20221031.1 (.NET 6.0.10; Microsoft Windows 10.0.22621)",
        "x-ms-client-request-id": "25d82d9b80effa976d0dac46832224d8",
        "x-ms-return-client-request-id": "true"
      },
      "RequestBody": {
        "attributes": {
          "enabled": true,
          "exportable": false
        },
        "tags": {
          "D": "5"
        }
      },
      "StatusCode": 200,
      "ResponseHeaders": {
        "Cache-Control": "no-cache",
        "Content-Length": "435",
        "Content-Type": "application/json; charset=utf-8",
        "Date": "Mon, 31 Oct 2022 23:23:52 GMT",
        "Expires": "-1",
        "Pragma": "no-cache",
        "Strict-Transport-Security": "max-age=31536000;includeSubDomains",
        "X-Content-Type-Options": "nosniff",
        "x-ms-client-request-id": "25d82d9b80effa976d0dac46832224d8",
        "x-ms-keyvault-network-info": "conn_type=Ipv4;addr=24.16.19.131;act_addr_fam=InterNetwork;",
        "x-ms-keyvault-rbac-assignment-id": "0ecc3e39-c3aa-550c-9221-2cec9776c051",
        "x-ms-keyvault-rbac-cache": "ra_age=400;da_age=400;rd_age=400;brd_age=11304;ra_notif_age=814;dec_lev=0;",
        "x-ms-keyvault-region": "westus",
        "x-ms-keyvault-service-version": "1.9.538.1",
        "x-ms-request-id": "93eab233-dce7-4dfc-b3f6-bd80eb136d76"
      },
      "ResponseBody": {
        "key": {
          "kid": "https://heathskeyvault.vault.azure.net/keys/371506083/0eae0c29b9b4430ea925797e249b5eb4",
          "kty": "EC",
          "key_ops": [
            "sign",
            "verify"
          ],
          "crv": "P-256",
          "x": "_BFd9-kBJvyu2QE_8YJMt0R9rYDRuyQ35bE3q-xDO0E",
          "y": "8ifdgzveNqOD5TdSQGpKMKGErzgp33KOubYyxpO472o"
        },
        "attributes": {
          "enabled": true,
          "created": 1667258632,
          "updated": 1667258633,
          "recoveryLevel": "CustomizedRecoverable\u002BPurgeable",
          "recoverableDays": 7,
          "exportable": false
        },
        "tags": {
          "D": "5"
        }
      }
    }
  ],
  "Variables": {
    "AZURE_AUTHORITY_HOST": "https://login.microsoftonline.com/",
    "AZURE_KEYVAULT_URL": "https://heathskeyvault.vault.azure.net/",
    "RandomSeed": "1182351771"
  }
}
