{
  "Entries": [
    {
      "RequestUri": "https://tcac7e9c41ef52cec.vault.azure.net/keys/2386911/create?api-version=7.4",
      "RequestMethod": "POST",
      "RequestHeaders": {
        "Accept": "application/json",
        "Content-Length": "0",
        "traceparent": "00-6629d33cb6228e76292fb424c59c788a-b539c8527fa5b495-00",
        "User-Agent": "azsdk-net-Security.KeyVault.Keys/4.5.0-alpha.20230301.1 (.NET 7.0.3; Microsoft Windows 10.0.22621)",
        "x-ms-client-request-id": "431d3d8ed6c18dbfdaec01447ea36746",
        "x-ms-return-client-request-id": "true"
      },
      "RequestBody": null,
      "StatusCode": 401,
      "ResponseHeaders": {
        "Cache-Control": "no-cache",
        "Content-Length": "97",
        "Content-Type": "application/json; charset=utf-8",
        "Date": "Wed, 01 Mar 2023 21:21:49 GMT",
        "Expires": "-1",
        "Pragma": "no-cache",
        "Strict-Transport-Security": "max-age=31536000;includeSubDomains",
        "WWW-Authenticate": "Bearer authorization=\u0022https://login.windows.net/72f988bf-86f1-41af-91ab-2d7cd011db47\u0022, resource=\u0022https://vault.azure.net\u0022",
        "X-Content-Type-Options": "nosniff",
        "x-ms-client-request-id": "431d3d8ed6c18dbfdaec01447ea36746",
        "x-ms-keyvault-network-info": "conn_type=Ipv4;addr=131.107.174.211;act_addr_fam=InterNetwork;",
        "x-ms-keyvault-region": "westus",
        "x-ms-keyvault-service-version": "1.9.713.1",
        "x-ms-request-id": "1b3a3549-46b2-4d6e-8922-1c9f545b1b81"
      },
      "ResponseBody": {
        "error": {
          "code": "Unauthorized",
          "message": "AKV10000: Request is missing a Bearer or PoP token."
        }
      }
    },
    {
      "RequestUri": "https://tcac7e9c41ef52cec.vault.azure.net/keys/2386911/create?api-version=7.4",
      "RequestMethod": "POST",
      "RequestHeaders": {
        "Accept": "application/json",
        "Authorization": "Sanitized",
        "Content-Length": "17",
        "Content-Type": "application/json",
        "traceparent": "00-6629d33cb6228e76292fb424c59c788a-b539c8527fa5b495-00",
        "User-Agent": "azsdk-net-Security.KeyVault.Keys/4.5.0-alpha.20230301.1 (.NET 7.0.3; Microsoft Windows 10.0.22621)",
        "x-ms-client-request-id": "431d3d8ed6c18dbfdaec01447ea36746",
        "x-ms-return-client-request-id": "true"
      },
      "RequestBody": {
        "kty": "RSA-HSM"
      },
      "StatusCode": 200,
      "ResponseHeaders": {
        "Cache-Control": "no-cache",
        "Content-Length": "714",
        "Content-Type": "application/json; charset=utf-8",
        "Date": "Wed, 01 Mar 2023 21:21:49 GMT",
        "Expires": "-1",
        "Pragma": "no-cache",
        "Strict-Transport-Security": "max-age=31536000;includeSubDomains",
        "X-Content-Type-Options": "nosniff",
        "x-ms-client-request-id": "431d3d8ed6c18dbfdaec01447ea36746",
        "x-ms-keyvault-network-info": "conn_type=Ipv4;addr=131.107.174.211;act_addr_fam=InterNetwork;",
        "x-ms-keyvault-rbac-assignment-id": "466efa33-812c-52bf-a654-fa0cf1fa2619",
        "x-ms-keyvault-rbac-cache": "ra_age=390;da_age=390;rd_age=390;brd_age=20701;ra_notif_age=4253;dec_lev=1;",
        "x-ms-keyvault-region": "westus",
        "x-ms-keyvault-service-version": "1.9.713.1",
        "x-ms-request-id": "df2cee02-bc15-4fa8-99b3-dab102bc71e4"
      },
      "ResponseBody": {
        "key": {
          "kid": "https://tcac7e9c41ef52cec.vault.azure.net/keys/2386911/bdbfed4293bf438da998bc8de1aaa2dd",
          "kty": "RSA-HSM",
          "key_ops": [
            "encrypt",
            "decrypt",
            "sign",
            "verify",
            "wrapKey",
            "unwrapKey"
          ],
          "n": "uEA0Nb3GuMF8FNb7NqfyIxNlUQRwK5WiYIi4DH7dFd_ah3TdivvGzfhTw8jvubd5g_VXGcStuUyJAw1SJqjhbm3d2U7MIDvrIqsVcJkelvyQ82Iq7HhOrNc8I4wEkMr6n8OtPtiZtCf0BpFQq3qlJTHEYsRNxciQMMh6q8EZcluANCW-Fp3mvM-IqT42oh4AyUjOKLP1H1iTCzhWiaxahHvR3vUN1QutH51Csh2bgv9pykD5Tsuc8R-WAR_S_Mg4gdbOs4y7oPDq4gmcz7lHW3dAdF6x81Ey7wpJgXCWMYc__UKYZxclEcJQZR_nvMZHik5Yha_lILa-uBnq1g_dMQ",
          "e": "AAEAAQ"
        },
        "attributes": {
          "enabled": true,
          "created": 1677705709,
          "updated": 1677705709,
          "recoveryLevel": "CustomizedRecoverable\u002BPurgeable",
          "recoverableDays": 7,
          "exportable": false
        }
      }
    },
    {
      "RequestUri": "https://tcac7e9c41ef52cec.vault.azure.net/keys/2386911/bdbfed4293bf438da998bc8de1aaa2dd?api-version=7.4",
      "RequestMethod": "PATCH",
      "RequestHeaders": {
        "Accept": "application/json",
        "Authorization": "Sanitized",
        "Content-Length": "137",
        "Content-Type": "application/json",
        "traceparent": "00-da0b5080892329eaea6b79ea158ae761-a71a88a921ecb2fc-00",
        "User-Agent": "azsdk-net-Security.KeyVault.Keys/4.5.0-alpha.20230301.1 (.NET 7.0.3; Microsoft Windows 10.0.22621)",
        "x-ms-client-request-id": "1cddb9bc6a066aaba59d7b816ba892e4",
        "x-ms-return-client-request-id": "true"
      },
      "RequestBody": {
        "attributes": {
          "enabled": true,
          "exp": 1677705709,
          "exportable": false
        },
        "key_ops": [
          "encrypt",
          "decrypt",
          "sign",
          "verify",
          "wrapKey",
          "unwrapKey"
        ]
      },
      "StatusCode": 200,
      "ResponseHeaders": {
        "Cache-Control": "no-cache",
        "Content-Length": "731",
        "Content-Type": "application/json; charset=utf-8",
        "Date": "Wed, 01 Mar 2023 21:21:49 GMT",
        "Expires": "-1",
        "Pragma": "no-cache",
        "Strict-Transport-Security": "max-age=31536000;includeSubDomains",
        "X-Content-Type-Options": "nosniff",
        "x-ms-client-request-id": "1cddb9bc6a066aaba59d7b816ba892e4",
        "x-ms-keyvault-network-info": "conn_type=Ipv4;addr=131.107.174.211;act_addr_fam=InterNetwork;",
        "x-ms-keyvault-rbac-assignment-id": "466efa33-812c-52bf-a654-fa0cf1fa2619",
        "x-ms-keyvault-rbac-cache": "ra_age=390;da_age=390;rd_age=390;brd_age=20701;ra_notif_age=4253;dec_lev=1;",
        "x-ms-keyvault-region": "westus",
        "x-ms-keyvault-service-version": "1.9.713.1",
        "x-ms-request-id": "2dd23dbd-5afd-40f6-bc58-87cdd1a3666b"
      },
      "ResponseBody": {
        "key": {
          "kid": "https://tcac7e9c41ef52cec.vault.azure.net/keys/2386911/bdbfed4293bf438da998bc8de1aaa2dd",
          "kty": "RSA-HSM",
          "key_ops": [
            "encrypt",
            "decrypt",
            "sign",
            "verify",
            "wrapKey",
            "unwrapKey"
          ],
          "n": "uEA0Nb3GuMF8FNb7NqfyIxNlUQRwK5WiYIi4DH7dFd_ah3TdivvGzfhTw8jvubd5g_VXGcStuUyJAw1SJqjhbm3d2U7MIDvrIqsVcJkelvyQ82Iq7HhOrNc8I4wEkMr6n8OtPtiZtCf0BpFQq3qlJTHEYsRNxciQMMh6q8EZcluANCW-Fp3mvM-IqT42oh4AyUjOKLP1H1iTCzhWiaxahHvR3vUN1QutH51Csh2bgv9pykD5Tsuc8R-WAR_S_Mg4gdbOs4y7oPDq4gmcz7lHW3dAdF6x81Ey7wpJgXCWMYc__UKYZxclEcJQZR_nvMZHik5Yha_lILa-uBnq1g_dMQ",
          "e": "AAEAAQ"
        },
        "attributes": {
          "enabled": true,
          "exp": 1677705709,
          "created": 1677705709,
          "updated": 1677705709,
          "recoveryLevel": "CustomizedRecoverable\u002BPurgeable",
          "recoverableDays": 7,
          "exportable": false
        }
      }
    }
  ],
  "Variables": {
    "AZURE_AUTHORITY_HOST": "https://login.microsoftonline.com/",
    "AZURE_KEYVAULT_URL": "https://tcac7e9c41ef52cec.vault.azure.net/",
    "RandomSeed": "1304319040"
  }
}
