{
  "Entries": [
    {
      "RequestUri": "/d2599f84-5099-4ef0-8548-d4765d6a0718/services/networking/media",
      "EncodedRequestUri": "L2QyNTk5Zjg0LTUwOTktNGVmMC04NTQ4LWQ0NzY1ZDZhMDcxOC9zZXJ2aWNlcy9uZXR3b3JraW5nL21lZGlh",
      "RequestMethod": "GET",
      "RequestBody": "",
      "RequestHeaders": {
        "x-ms-version": [
          "2016-03-01"
        ],
        "User-Agent": [
          "Microsoft.WindowsAzure.Management.Network.NetworkManagementClient/1.0.0.0"
        ]
      },
      "ResponseBody": "<Error xmlns=\"http://schemas.microsoft.com/windowsazure\" xmlns:i=\"http://www.w3.org/2001/XMLSchema-instance\">\r\n  <Code>ResourceNotFound</Code>\r\n  <Message>Network configuration does not exist.</Message>\r\n</Error>",
      "ResponseHeaders": {
        "Content-Length": [
          "202"
        ],
        "Content-Type": [
          "application/xml; charset=utf-8"
        ],
        "Strict-Transport-Security": [
          "max-age=31536000; includeSubDomains"
        ],
        "x-ms-request-id": [
          "359d6bb9ed49c41cb50c04ffea97b2f5"
        ],
        "Cache-Control": [
          "no-cache"
        ],
        "Date": [
          "Sun, 12 Apr 2015 03:05:10 GMT"
        ],
        "Server": [
          "1.0.6190.5879",
          "(rd_rdfe_n.150326-2000)",
          "Microsoft-HTTPAPI/2.0"
        ]
      },
      "StatusCode": 404
    },
    {
      "RequestUri": "/d2599f84-5099-4ef0-8548-d4765d6a0718/services/networking/media",
      "EncodedRequestUri": "L2QyNTk5Zjg0LTUwOTktNGVmMC04NTQ4LWQ0NzY1ZDZhMDcxOC9zZXJ2aWNlcy9uZXR3b3JraW5nL21lZGlh",
      "RequestMethod": "GET",
      "RequestBody": "",
      "RequestHeaders": {
        "x-ms-version": [
          "2016-03-01"
        ],
        "User-Agent": [
          "Microsoft.WindowsAzure.Management.Network.NetworkManagementClient/1.0.0.0"
        ]
      },
      "ResponseBody": "<Error xmlns=\"http://schemas.microsoft.com/windowsazure\" xmlns:i=\"http://www.w3.org/2001/XMLSchema-instance\">\r\n  <Code>ResourceNotFound</Code>\r\n  <Message>Network configuration does not exist.</Message>\r\n</Error>",
      "ResponseHeaders": {
        "Content-Length": [
          "202"
        ],
        "Content-Type": [
          "application/xml; charset=utf-8"
        ],
        "Strict-Transport-Security": [
          "max-age=31536000; includeSubDomains"
        ],
        "x-ms-request-id": [
          "19222ce95f8eccf4b32c49139bb38d1a"
        ],
        "Cache-Control": [
          "no-cache"
        ],
        "Date": [
          "Sun, 12 Apr 2015 03:05:11 GMT"
        ],
        "Server": [
          "1.0.6190.5879",
          "(rd_rdfe_n.150326-2000)",
          "Microsoft-HTTPAPI/2.0"
        ]
      },
      "StatusCode": 404
    },
    {
      "RequestUri": "/d2599f84-5099-4ef0-8548-d4765d6a0718/services/networking/media",
      "EncodedRequestUri": "L2QyNTk5Zjg0LTUwOTktNGVmMC04NTQ4LWQ0NzY1ZDZhMDcxOC9zZXJ2aWNlcy9uZXR3b3JraW5nL21lZGlh",
      "RequestMethod": "GET",
      "RequestBody": "",
      "RequestHeaders": {
        "x-ms-version": [
          "2016-03-01"
        ],
        "User-Agent": [
          "Microsoft.WindowsAzure.Management.Network.NetworkManagementClient/1.0.0.0"
        ]
      },
      "ResponseBody": "<Error xmlns=\"http://schemas.microsoft.com/windowsazure\" xmlns:i=\"http://www.w3.org/2001/XMLSchema-instance\">\r\n  <Code>ResourceNotFound</Code>\r\n  <Message>Network configuration does not exist.</Message>\r\n</Error>",
      "ResponseHeaders": {
        "Content-Length": [
          "202"
        ],
        "Content-Type": [
          "application/xml; charset=utf-8"
        ],
        "Strict-Transport-Security": [
          "max-age=31536000; includeSubDomains"
        ],
        "x-ms-request-id": [
          "4555bf329bc3ca26ac43c2b9c694fe08"
        ],
        "Cache-Control": [
          "no-cache"
        ],
        "Date": [
          "Sun, 12 Apr 2015 03:05:11 GMT"
        ],
        "Server": [
          "1.0.6190.5879",
          "(rd_rdfe_n.150326-2000)",
          "Microsoft-HTTPAPI/2.0"
        ]
      },
      "StatusCode": 404
    },
    {
      "RequestUri": "/d2599f84-5099-4ef0-8548-d4765d6a0718/services/networking/media",
      "EncodedRequestUri": "L2QyNTk5Zjg0LTUwOTktNGVmMC04NTQ4LWQ0NzY1ZDZhMDcxOC9zZXJ2aWNlcy9uZXR3b3JraW5nL21lZGlh",
      "RequestMethod": "GET",
      "RequestBody": "",
      "RequestHeaders": {
        "x-ms-version": [
          "2016-03-01"
        ],
        "User-Agent": [
          "Microsoft.WindowsAzure.Management.Network.NetworkManagementClient/1.0.0.0"
        ]
      },
      "ResponseBody": "<NetworkConfiguration xmlns:xsd=\"http://www.w3.org/2001/XMLSchema\" xmlns:xsi=\"http://www.w3.org/2001/XMLSchema-instance\" xmlns=\"http://schemas.microsoft.com/ServiceHosting/2011/07/NetworkConfiguration\">\r\n  <VirtualNetworkConfiguration>\r\n    <Dns />\r\n    <LocalNetworkSites>\r\n      <LocalNetworkSite name=\"localNetworkSiteName\">\r\n        <AddressSpace>\r\n          <AddressPrefix>10.1.0.0/16</AddressPrefix>\r\n        </AddressSpace>\r\n        <VPNGatewayAddress>1.1.1.1</VPNGatewayAddress>\r\n      </LocalNetworkSite>\r\n    </LocalNetworkSites>\r\n    <VirtualNetworkSites>\r\n      <VirtualNetworkSite name=\"virtualNetworkSiteName\" AffinityGroup=\"affinityGroupName\">\r\n        <AddressSpace>\r\n          <AddressPrefix>192.168.0.0/24</AddressPrefix>\r\n        </AddressSpace>\r\n        <Subnets>\r\n          <Subnet name=\"FrontEndSubnet\">\r\n            <AddressPrefix>192.168.0.0/28</AddressPrefix>\r\n          </Subnet>\r\n          <Subnet name=\"BackEndSubnet\">\r\n            <AddressPrefix>192.168.0.32/28</AddressPrefix>\r\n          </Subnet>\r\n          <Subnet name=\"GatewaySubnet\">\r\n            <AddressPrefix>192.168.0.48/28</AddressPrefix>\r\n          </Subnet>\r\n        </Subnets>\r\n        <Gateway>\r\n          <ConnectionsToLocalNetwork>\r\n            <LocalNetworkSiteRef name=\"localNetworkSiteName\">\r\n              <Connection type=\"IPsec\" />\r\n            </LocalNetworkSiteRef>\r\n          </ConnectionsToLocalNetwork>\r\n        </Gateway>\r\n      </VirtualNetworkSite>\r\n    </VirtualNetworkSites>\r\n  </VirtualNetworkConfiguration>\r\n</NetworkConfiguration>",
      "ResponseHeaders": {
        "Content-Length": [
          "1588"
        ],
        "Content-Type": [
          "text/plain"
        ],
        "Strict-Transport-Security": [
          "max-age=31536000; includeSubDomains"
        ],
        "x-ms-request-id": [
          "9668b5d2392fc06b80032ee6ea76f803"
        ],
        "Cache-Control": [
          "no-cache"
        ],
        "Date": [
          "Sun, 12 Apr 2015 03:05:46 GMT"
        ],
        "Server": [
          "1.0.6190.5879",
          "(rd_rdfe_n.150326-2000)",
          "Microsoft-HTTPAPI/2.0"
        ]
      },
      "StatusCode": 200
    },
    {
      "RequestUri": "/d2599f84-5099-4ef0-8548-d4765d6a0718/services/networking/media",
      "EncodedRequestUri": "L2QyNTk5Zjg0LTUwOTktNGVmMC04NTQ4LWQ0NzY1ZDZhMDcxOC9zZXJ2aWNlcy9uZXR3b3JraW5nL21lZGlh",
      "RequestMethod": "GET",
      "RequestBody": "",
      "RequestHeaders": {
        "x-ms-version": [
          "2016-03-01"
        ],
        "User-Agent": [
          "Microsoft.WindowsAzure.Management.Network.NetworkManagementClient/1.0.0.0"
        ]
      },
      "ResponseBody": "<NetworkConfiguration xmlns:xsd=\"http://www.w3.org/2001/XMLSchema\" xmlns:xsi=\"http://www.w3.org/2001/XMLSchema-instance\" xmlns=\"http://schemas.microsoft.com/ServiceHosting/2011/07/NetworkConfiguration\">\r\n  <VirtualNetworkConfiguration>\r\n    <Dns />\r\n    <LocalNetworkSites>\r\n      <LocalNetworkSite name=\"localNetworkSiteName\">\r\n        <AddressSpace>\r\n          <AddressPrefix>10.1.0.0/16</AddressPrefix>\r\n        </AddressSpace>\r\n        <VPNGatewayAddress>1.1.1.1</VPNGatewayAddress>\r\n      </LocalNetworkSite>\r\n    </LocalNetworkSites>\r\n    <VirtualNetworkSites>\r\n      <VirtualNetworkSite name=\"virtualNetworkSiteName\" AffinityGroup=\"affinityGroupName\">\r\n        <AddressSpace>\r\n          <AddressPrefix>192.168.0.0/24</AddressPrefix>\r\n        </AddressSpace>\r\n        <Subnets>\r\n          <Subnet name=\"FrontEndSubnet\">\r\n            <AddressPrefix>192.168.0.0/28</AddressPrefix>\r\n          </Subnet>\r\n          <Subnet name=\"BackEndSubnet\">\r\n            <AddressPrefix>192.168.0.32/28</AddressPrefix>\r\n          </Subnet>\r\n          <Subnet name=\"GatewaySubnet\">\r\n            <AddressPrefix>192.168.0.48/28</AddressPrefix>\r\n          </Subnet>\r\n        </Subnets>\r\n        <Gateway>\r\n          <ConnectionsToLocalNetwork>\r\n            <LocalNetworkSiteRef name=\"localNetworkSiteName\">\r\n              <Connection type=\"IPsec\" />\r\n            </LocalNetworkSiteRef>\r\n          </ConnectionsToLocalNetwork>\r\n        </Gateway>\r\n      </VirtualNetworkSite>\r\n    </VirtualNetworkSites>\r\n  </VirtualNetworkConfiguration>\r\n</NetworkConfiguration>",
      "ResponseHeaders": {
        "Content-Length": [
          "1588"
        ],
        "Content-Type": [
          "text/plain"
        ],
        "Strict-Transport-Security": [
          "max-age=31536000; includeSubDomains"
        ],
        "x-ms-request-id": [
          "dbe535fab1fdcc6ab76d9bbda520e4ba"
        ],
        "Cache-Control": [
          "no-cache"
        ],
        "Date": [
          "Sun, 12 Apr 2015 03:21:25 GMT"
        ],
        "Server": [
          "1.0.6190.5879",
          "(rd_rdfe_n.150326-2000)",
          "Microsoft-HTTPAPI/2.0"
        ]
      },
      "StatusCode": 200
    },
    {
      "RequestUri": "/d2599f84-5099-4ef0-8548-d4765d6a0718/services/networking/media",
      "EncodedRequestUri": "L2QyNTk5Zjg0LTUwOTktNGVmMC04NTQ4LWQ0NzY1ZDZhMDcxOC9zZXJ2aWNlcy9uZXR3b3JraW5nL21lZGlh",
      "RequestMethod": "PUT",
      "RequestBody": "<NetworkConfiguration xmlns=\"http://schemas.microsoft.com/ServiceHosting/2011/07/NetworkConfiguration\" xmlns:xsi=\"http://www.w3.org/2001/XMLSchema-instance\">\r\n  <VirtualNetworkConfiguration>\r\n    <Dns>\r\n      <DnsServers />\r\n    </Dns>\r\n    <LocalNetworkSites>\r\n      <LocalNetworkSite name=\"localNetworkSiteName\">\r\n        <AddressSpace>\r\n          <!-- A customer can define multiple address prefixes in this section. -->\r\n          <AddressPrefix>10.1.0.0/16</AddressPrefix>\r\n        </AddressSpace>\r\n        <!-- VPNGatewayAddress specifies the public IP address of the customer VPN gateway device. -->\r\n        <VPNGatewayAddress>1.1.1.1</VPNGatewayAddress>\r\n      </LocalNetworkSite>\r\n    </LocalNetworkSites>\r\n    <VirtualNetworkSites>\r\n      <VirtualNetworkSite name=\"virtualNetworkSiteName\" AffinityGroup=\"affinityGroupName\">\r\n        <AddressSpace>\r\n          <!-- A customer can define multiple address prefixes in this section. -->\r\n          <AddressPrefix>192.168.0.0/24</AddressPrefix>\r\n        </AddressSpace>\r\n        <Subnets>\r\n          <Subnet name=\"FrontEndSubnet\">\r\n            <AddressPrefix>192.168.0.0/28</AddressPrefix>\r\n          </Subnet>\r\n          <Subnet name=\"BackEndSubnet\">\r\n            <AddressPrefix>192.168.0.32/28</AddressPrefix>\r\n          </Subnet>\r\n          <Subnet name=\"GatewaySubnet\">\r\n            <AddressPrefix>192.168.0.48/28</AddressPrefix>\r\n          </Subnet>\r\n        </Subnets>\r\n        <DnsServersRef />\r\n        <Gateway profile=\"Small\">\r\n          <ConnectionsToLocalNetwork>\r\n            <!--A customer can specify more than one local network (customer site) to connect to. Only 1 local site per virtual network will be supported for IaaS v1.-->\r\n            <LocalNetworkSiteRef name=\"localNetworkSiteName\" />\r\n          </ConnectionsToLocalNetwork>\r\n        </Gateway>\r\n      </VirtualNetworkSite>\r\n    </VirtualNetworkSites>\r\n  </VirtualNetworkConfiguration>\r\n</NetworkConfiguration>",
      "RequestHeaders": {
        "Content-Type": [
          "application/octet-stream"
        ],
        "Content-Length": [
          "1949"
        ],
        "x-ms-version": [
          "2016-03-01"
        ],
        "User-Agent": [
          "Microsoft.WindowsAzure.Management.Network.NetworkManagementClient/1.0.0.0"
        ]
      },
      "ResponseBody": "",
      "ResponseHeaders": {
        "Content-Length": [
          "0"
        ],
        "Strict-Transport-Security": [
          "max-age=31536000; includeSubDomains"
        ],
        "x-ms-request-id": [
          "8a03d3472b63c04dba0fcd6fdb1f3cad"
        ],
        "Cache-Control": [
          "no-cache"
        ],
        "Date": [
          "Sun, 12 Apr 2015 03:05:13 GMT"
        ],
        "Server": [
          "1.0.6190.5879",
          "(rd_rdfe_n.150326-2000)",
          "Microsoft-HTTPAPI/2.0"
        ]
      },
      "StatusCode": 202
    },
    {
      "RequestUri": "/d2599f84-5099-4ef0-8548-d4765d6a0718/services/networking/media",
      "EncodedRequestUri": "L2QyNTk5Zjg0LTUwOTktNGVmMC04NTQ4LWQ0NzY1ZDZhMDcxOC9zZXJ2aWNlcy9uZXR3b3JraW5nL21lZGlh",
      "RequestMethod": "PUT",
      "RequestBody": "<NetworkConfiguration xmlns=\"http://schemas.microsoft.com/ServiceHosting/2011/07/NetworkConfiguration\" xmlns:xsi=\"http://www.w3.org/2001/XMLSchema-instance\">\r\n  <VirtualNetworkConfiguration></VirtualNetworkConfiguration>\r\n</NetworkConfiguration>",
      "RequestHeaders": {
        "Content-Type": [
          "application/octet-stream"
        ],
        "Content-Length": [
          "255"
        ],
        "x-ms-version": [
          "2016-03-01"
        ],
        "User-Agent": [
          "Microsoft.WindowsAzure.Management.Network.NetworkManagementClient/1.0.0.0"
        ]
      },
      "ResponseBody": "",
      "ResponseHeaders": {
        "Content-Length": [
          "0"
        ],
        "Strict-Transport-Security": [
          "max-age=31536000; includeSubDomains"
        ],
        "x-ms-request-id": [
          "3e66642179e1cab4b4ba1e3f33671584"
        ],
        "Cache-Control": [
          "no-cache"
        ],
        "Date": [
          "Sun, 12 Apr 2015 03:21:26 GMT"
        ],
        "Server": [
          "1.0.6190.5879",
          "(rd_rdfe_n.150326-2000)",
          "Microsoft-HTTPAPI/2.0"
        ]
      },
      "StatusCode": 202
    },
    {
      "RequestUri": "/d2599f84-5099-4ef0-8548-d4765d6a0718/operations/8a03d3472b63c04dba0fcd6fdb1f3cad",
      "EncodedRequestUri": "L2QyNTk5Zjg0LTUwOTktNGVmMC04NTQ4LWQ0NzY1ZDZhMDcxOC9vcGVyYXRpb25zLzhhMDNkMzQ3MmI2M2MwNGRiYTBmY2Q2ZmRiMWYzY2Fk",
      "RequestMethod": "GET",
      "RequestBody": "",
      "RequestHeaders": {
        "x-ms-version": [
          "2016-03-01"
        ],
        "User-Agent": [
          "Microsoft.WindowsAzure.Management.Network.NetworkManagementClient/1.0.0.0"
        ]
      },
      "ResponseBody": "<Operation xmlns=\"http://schemas.microsoft.com/windowsazure\" xmlns:i=\"http://www.w3.org/2001/XMLSchema-instance\">\r\n  <ID>8a03d347-2b63-c04d-ba0f-cd6fdb1f3cad</ID>\r\n  <Status>InProgress</Status>\r\n</Operation>",
      "ResponseHeaders": {
        "Content-Length": [
          "197"
        ],
        "Content-Type": [
          "application/xml; charset=utf-8"
        ],
        "Strict-Transport-Security": [
          "max-age=31536000; includeSubDomains"
        ],
        "x-ms-request-id": [
          "c7c7ff2c68e5ce2ea69ea1ba8a514666"
        ],
        "Cache-Control": [
          "no-cache"
        ],
        "Date": [
          "Sun, 12 Apr 2015 03:05:13 GMT"
        ],
        "Server": [
          "1.0.6190.5879",
          "(rd_rdfe_n.150326-2000)",
          "Microsoft-HTTPAPI/2.0"
        ]
      },
      "StatusCode": 200
    },
    {
      "RequestUri": "/d2599f84-5099-4ef0-8548-d4765d6a0718/operations/8a03d3472b63c04dba0fcd6fdb1f3cad",
      "EncodedRequestUri": "L2QyNTk5Zjg0LTUwOTktNGVmMC04NTQ4LWQ0NzY1ZDZhMDcxOC9vcGVyYXRpb25zLzhhMDNkMzQ3MmI2M2MwNGRiYTBmY2Q2ZmRiMWYzY2Fk",
      "RequestMethod": "GET",
      "RequestBody": "",
      "RequestHeaders": {
        "x-ms-version": [
          "2016-03-01"
        ],
        "User-Agent": [
          "Microsoft.WindowsAzure.Management.Network.NetworkManagementClient/1.0.0.0"
        ]
      },
      "ResponseBody": "<Operation xmlns=\"http://schemas.microsoft.com/windowsazure\" xmlns:i=\"http://www.w3.org/2001/XMLSchema-instance\">\r\n  <ID>8a03d347-2b63-c04d-ba0f-cd6fdb1f3cad</ID>\r\n  <Status>Succeeded</Status>\r\n  <HttpStatusCode>200</HttpStatusCode>\r\n</Operation>",
      "ResponseHeaders": {
        "Content-Length": [
          "232"
        ],
        "Content-Type": [
          "application/xml; charset=utf-8"
        ],
        "Strict-Transport-Security": [
          "max-age=31536000; includeSubDomains"
        ],
        "x-ms-request-id": [
          "117cee290fb7c86a803c90a5f793f285"
        ],
        "Cache-Control": [
          "no-cache"
        ],
        "Date": [
          "Sun, 12 Apr 2015 03:05:45 GMT"
        ],
        "Server": [
          "1.0.6190.5879",
          "(rd_rdfe_n.150326-2000)",
          "Microsoft-HTTPAPI/2.0"
        ]
      },
      "StatusCode": 200
    },
    {
      "RequestUri": "/d2599f84-5099-4ef0-8548-d4765d6a0718/services/networking/virtualNetworkSiteName/gateway",
      "EncodedRequestUri": "L2QyNTk5Zjg0LTUwOTktNGVmMC04NTQ4LWQ0NzY1ZDZhMDcxOC9zZXJ2aWNlcy9uZXR3b3JraW5nL3ZpcnR1YWxOZXR3b3JrU2l0ZU5hbWUvZ2F0ZXdheQ==",
      "RequestMethod": "GET",
      "RequestBody": "",
      "RequestHeaders": {
        "x-ms-version": [
          "2016-03-01"
        ],
        "User-Agent": [
          "Microsoft.WindowsAzure.Management.Network.NetworkManagementClient/1.0.0.0"
        ]
      },
      "ResponseBody": "<Gateway xmlns=\"http://schemas.microsoft.com/windowsazure\" xmlns:i=\"http://www.w3.org/2001/XMLSchema-instance\">\r\n  <GatewayType>StaticRouting</GatewayType>\r\n  <LastEvent i:nil=\"true\" />\r\n  <State>NotProvisioned</State>\r\n  <GatewaySize>None</GatewaySize>\r\n  <GatewayId i:nil=\"true\" />\r\n</Gateway>",
      "ResponseHeaders": {
        "Content-Length": [
          "271"
        ],
        "Content-Type": [
          "application/xml; charset=utf-8"
        ],
        "Strict-Transport-Security": [
          "max-age=31536000; includeSubDomains"
        ],
        "x-ms-request-id": [
          "8404b9a47872c40eac4918ba360da243"
        ],
        "Cache-Control": [
          "no-cache"
        ],
        "Date": [
          "Sun, 12 Apr 2015 03:05:48 GMT"
        ],
        "Server": [
          "1.0.6190.5879",
          "(rd_rdfe_n.150326-2000)",
          "Microsoft-HTTPAPI/2.0"
        ]
      },
      "StatusCode": 200
    },
    {
      "RequestUri": "/d2599f84-5099-4ef0-8548-d4765d6a0718/services/networking/virtualNetworkSiteName/gateway",
      "EncodedRequestUri": "L2QyNTk5Zjg0LTUwOTktNGVmMC04NTQ4LWQ0NzY1ZDZhMDcxOC9zZXJ2aWNlcy9uZXR3b3JraW5nL3ZpcnR1YWxOZXR3b3JrU2l0ZU5hbWUvZ2F0ZXdheQ==",
      "RequestMethod": "GET",
      "RequestBody": "",
      "RequestHeaders": {
        "x-ms-version": [
          "2016-03-01"
        ],
        "User-Agent": [
          "Microsoft.WindowsAzure.Management.Network.NetworkManagementClient/1.0.0.0"
        ]
      },
      "ResponseBody": "<Gateway xmlns=\"http://schemas.microsoft.com/windowsazure\" xmlns:i=\"http://www.w3.org/2001/XMLSchema-instance\">\r\n  <GatewayType>StaticRouting</GatewayType>\r\n  <LastEvent>\r\n    <Id>23002</Id>\r\n    <Message>Successfully created a gateway for the following virtual network: virtualNetworkSiteName</Message>\r\n    <Timestamp>2015-04-12T03:20:02.7764412Z</Timestamp>\r\n  </LastEvent>\r\n  <State>Provisioned</State>\r\n  <VIPAddress>168.62.75.65</VIPAddress>\r\n  <DefaultSites />\r\n  <GatewaySize>Default</GatewaySize>\r\n  <GatewayId>fabb11c6-5f49-4583-b02f-5905ffec6af1</GatewayId>\r\n</Gateway>",
      "ResponseHeaders": {
        "Content-Length": [
          "527"
        ],
        "Content-Type": [
          "application/xml; charset=utf-8"
        ],
        "Strict-Transport-Security": [
          "max-age=31536000; includeSubDomains"
        ],
        "x-ms-request-id": [
          "f1ce13268f84c2eaa2e76dbe74bb44ce"
        ],
        "Cache-Control": [
          "no-cache"
        ],
        "Date": [
          "Sun, 12 Apr 2015 03:20:14 GMT"
        ],
        "Server": [
          "1.0.6190.5879",
          "(rd_rdfe_n.150326-2000)",
          "Microsoft-HTTPAPI/2.0"
        ]
      },
      "StatusCode": 200
    },
    {
      "RequestUri": "/d2599f84-5099-4ef0-8548-d4765d6a0718/services/networking/virtualNetworkSiteName/gateway",
      "EncodedRequestUri": "L2QyNTk5Zjg0LTUwOTktNGVmMC04NTQ4LWQ0NzY1ZDZhMDcxOC9zZXJ2aWNlcy9uZXR3b3JraW5nL3ZpcnR1YWxOZXR3b3JrU2l0ZU5hbWUvZ2F0ZXdheQ==",
      "RequestMethod": "POST",
      "RequestBody": "<CreateGatewayParameters xmlns=\"http://schemas.microsoft.com/windowsazure\">\r\n  <GatewaySize>Default</GatewaySize>\r\n  <gatewayType>StaticRouting</gatewayType>\r\n</CreateGatewayParameters>",
      "RequestHeaders": {
        "Content-Type": [
          "application/xml"
        ],
        "Content-Length": [
          "185"
        ],
        "x-ms-version": [
          "2016-03-01"
        ],
        "User-Agent": [
          "Microsoft.WindowsAzure.Management.Network.NetworkManagementClient/1.0.0.0"
        ]
      },
      "ResponseBody": "<GatewayOperationAsyncResponse xmlns=\"http://schemas.microsoft.com/windowsazure\" xmlns:i=\"http://www.w3.org/2001/XMLSchema-instance\">\r\n  <ID>3e216548-9e19-c45f-be29-a3dd39ff7855</ID>\r\n</GatewayOperationAsyncResponse>",
      "ResponseHeaders": {
        "Content-Length": [
          "210"
        ],
        "Content-Type": [
          "application/xml; charset=utf-8"
        ],
        "Strict-Transport-Security": [
          "max-age=31536000; includeSubDomains"
        ],
        "x-ms-request-id": [
          "3e2165489e19c45fbe29a3dd39ff7855"
        ],
        "Cache-Control": [
          "no-cache"
        ],
        "Date": [
          "Sun, 12 Apr 2015 03:05:51 GMT"
        ],
        "Server": [
          "1.0.6190.5879",
          "(rd_rdfe_n.150326-2000)",
          "Microsoft-HTTPAPI/2.0"
        ]
      },
      "StatusCode": 201
    },
    {
      "RequestUri": "/d2599f84-5099-4ef0-8548-d4765d6a0718/services/networking/operation/3e216548-9e19-c45f-be29-a3dd39ff7855",
      "EncodedRequestUri": "L2QyNTk5Zjg0LTUwOTktNGVmMC04NTQ4LWQ0NzY1ZDZhMDcxOC9zZXJ2aWNlcy9uZXR3b3JraW5nL29wZXJhdGlvbi8zZTIxNjU0OC05ZTE5LWM0NWYtYmUyOS1hM2RkMzlmZjc4NTU=",
      "RequestMethod": "GET",
      "RequestBody": "",
      "RequestHeaders": {
        "x-ms-version": [
          "2016-03-01"
        ],
        "User-Agent": [
          "Microsoft.WindowsAzure.Management.Network.NetworkManagementClient/1.0.0.0"
        ]
      },
      "ResponseBody": "<GatewayOperation xmlns=\"http://schemas.microsoft.com/windowsazure\" xmlns:i=\"http://www.w3.org/2001/XMLSchema-instance\">\r\n  <Data />\r\n  <ID>3e216548-9e19-c45f-be29-a3dd39ff7855</ID>\r\n  <OperationName>CreateGateway</OperationName>\r\n  <OperationStartedTime>2015-04-12T03:05:51.1068248</OperationStartedTime>\r\n  <Status>InProgress</Status>\r\n</GatewayOperation>",
      "ResponseHeaders": {
        "Content-Length": [
          "334"
        ],
        "Content-Type": [
          "application/xml; charset=utf-8"
        ],
        "Strict-Transport-Security": [
          "max-age=31536000; includeSubDomains"
        ],
        "x-ms-request-id": [
          "c44db56e6a80cdb68232e63309174f59"
        ],
        "Cache-Control": [
          "no-cache"
        ],
        "Date": [
          "Sun, 12 Apr 2015 03:05:51 GMT"
        ],
        "Server": [
          "1.0.6190.5879",
          "(rd_rdfe_n.150326-2000)",
          "Microsoft-HTTPAPI/2.0"
        ]
      },
      "StatusCode": 200
    },
    {
      "RequestUri": "/d2599f84-5099-4ef0-8548-d4765d6a0718/services/networking/operation/3e216548-9e19-c45f-be29-a3dd39ff7855",
      "EncodedRequestUri": "L2QyNTk5Zjg0LTUwOTktNGVmMC04NTQ4LWQ0NzY1ZDZhMDcxOC9zZXJ2aWNlcy9uZXR3b3JraW5nL29wZXJhdGlvbi8zZTIxNjU0OC05ZTE5LWM0NWYtYmUyOS1hM2RkMzlmZjc4NTU=",
      "RequestMethod": "GET",
      "RequestBody": "",
      "RequestHeaders": {
        "x-ms-version": [
          "2016-03-01"
        ],
        "User-Agent": [
          "Microsoft.WindowsAzure.Management.Network.NetworkManagementClient/1.0.0.0"
        ]
      },
      "ResponseBody": "<GatewayOperation xmlns=\"http://schemas.microsoft.com/windowsazure\" xmlns:i=\"http://www.w3.org/2001/XMLSchema-instance\">\r\n  <Data />\r\n  <ID>3e216548-9e19-c45f-be29-a3dd39ff7855</ID>\r\n  <OperationName>CreateGateway</OperationName>\r\n  <OperationStartedTime>2015-04-12T03:05:51.1068248</OperationStartedTime>\r\n  <Status>InProgress</Status>\r\n</GatewayOperation>",
      "ResponseHeaders": {
        "Content-Length": [
          "334"
        ],
        "Content-Type": [
          "application/xml; charset=utf-8"
        ],
        "Strict-Transport-Security": [
          "max-age=31536000; includeSubDomains"
        ],
        "x-ms-request-id": [
          "f2ad8695f1fdc8dbaddb43cbbc24c179"
        ],
        "Cache-Control": [
          "no-cache"
        ],
        "Date": [
          "Sun, 12 Apr 2015 03:06:23 GMT"
        ],
        "Server": [
          "1.0.6190.5879",
          "(rd_rdfe_n.150326-2000)",
          "Microsoft-HTTPAPI/2.0"
        ]
      },
      "StatusCode": 200
    },
    {
      "RequestUri": "/d2599f84-5099-4ef0-8548-d4765d6a0718/services/networking/operation/3e216548-9e19-c45f-be29-a3dd39ff7855",
      "EncodedRequestUri": "L2QyNTk5Zjg0LTUwOTktNGVmMC04NTQ4LWQ0NzY1ZDZhMDcxOC9zZXJ2aWNlcy9uZXR3b3JraW5nL29wZXJhdGlvbi8zZTIxNjU0OC05ZTE5LWM0NWYtYmUyOS1hM2RkMzlmZjc4NTU=",
      "RequestMethod": "GET",
      "RequestBody": "",
      "RequestHeaders": {
        "x-ms-version": [
          "2016-03-01"
        ],
        "User-Agent": [
          "Microsoft.WindowsAzure.Management.Network.NetworkManagementClient/1.0.0.0"
        ]
      },
      "ResponseBody": "<GatewayOperation xmlns=\"http://schemas.microsoft.com/windowsazure\" xmlns:i=\"http://www.w3.org/2001/XMLSchema-instance\">\r\n  <Data />\r\n  <ID>3e216548-9e19-c45f-be29-a3dd39ff7855</ID>\r\n  <OperationName>CreateGateway</OperationName>\r\n  <OperationStartedTime>2015-04-12T03:05:51.1068248</OperationStartedTime>\r\n  <Status>InProgress</Status>\r\n</GatewayOperation>",
      "ResponseHeaders": {
        "Content-Length": [
          "334"
        ],
        "Content-Type": [
          "application/xml; charset=utf-8"
        ],
        "Strict-Transport-Security": [
          "max-age=31536000; includeSubDomains"
        ],
        "x-ms-request-id": [
          "b47f297afaefcf319b794d36b2797e4f"
        ],
        "Cache-Control": [
          "no-cache"
        ],
        "Date": [
          "Sun, 12 Apr 2015 03:06:53 GMT"
        ],
        "Server": [
          "1.0.6190.5879",
          "(rd_rdfe_n.150326-2000)",
          "Microsoft-HTTPAPI/2.0"
        ]
      },
      "StatusCode": 200
    },
    {
      "RequestUri": "/d2599f84-5099-4ef0-8548-d4765d6a0718/services/networking/operation/3e216548-9e19-c45f-be29-a3dd39ff7855",
      "EncodedRequestUri": "L2QyNTk5Zjg0LTUwOTktNGVmMC04NTQ4LWQ0NzY1ZDZhMDcxOC9zZXJ2aWNlcy9uZXR3b3JraW5nL29wZXJhdGlvbi8zZTIxNjU0OC05ZTE5LWM0NWYtYmUyOS1hM2RkMzlmZjc4NTU=",
      "RequestMethod": "GET",
      "RequestBody": "",
      "RequestHeaders": {
        "x-ms-version": [
          "2016-03-01"
        ],
        "User-Agent": [
          "Microsoft.WindowsAzure.Management.Network.NetworkManagementClient/1.0.0.0"
        ]
      },
      "ResponseBody": "<GatewayOperation xmlns=\"http://schemas.microsoft.com/windowsazure\" xmlns:i=\"http://www.w3.org/2001/XMLSchema-instance\">\r\n  <Data />\r\n  <ID>3e216548-9e19-c45f-be29-a3dd39ff7855</ID>\r\n  <OperationName>CreateGateway</OperationName>\r\n  <OperationStartedTime>2015-04-12T03:05:51.1068248</OperationStartedTime>\r\n  <Status>InProgress</Status>\r\n</GatewayOperation>",
      "ResponseHeaders": {
        "Content-Length": [
          "334"
        ],
        "Content-Type": [
          "application/xml; charset=utf-8"
        ],
        "Strict-Transport-Security": [
          "max-age=31536000; includeSubDomains"
        ],
        "x-ms-request-id": [
          "a4fedf6b81e3cd2dab9a5215c553a0b1"
        ],
        "Cache-Control": [
          "no-cache"
        ],
        "Date": [
          "Sun, 12 Apr 2015 03:07:24 GMT"
        ],
        "Server": [
          "1.0.6190.5879",
          "(rd_rdfe_n.150326-2000)",
          "Microsoft-HTTPAPI/2.0"
        ]
      },
      "StatusCode": 200
    },
    {
      "RequestUri": "/d2599f84-5099-4ef0-8548-d4765d6a0718/services/networking/operation/3e216548-9e19-c45f-be29-a3dd39ff7855",
      "EncodedRequestUri": "L2QyNTk5Zjg0LTUwOTktNGVmMC04NTQ4LWQ0NzY1ZDZhMDcxOC9zZXJ2aWNlcy9uZXR3b3JraW5nL29wZXJhdGlvbi8zZTIxNjU0OC05ZTE5LWM0NWYtYmUyOS1hM2RkMzlmZjc4NTU=",
      "RequestMethod": "GET",
      "RequestBody": "",
      "RequestHeaders": {
        "x-ms-version": [
          "2016-03-01"
        ],
        "User-Agent": [
          "Microsoft.WindowsAzure.Management.Network.NetworkManagementClient/1.0.0.0"
        ]
      },
      "ResponseBody": "<GatewayOperation xmlns=\"http://schemas.microsoft.com/windowsazure\" xmlns:i=\"http://www.w3.org/2001/XMLSchema-instance\">\r\n  <Data />\r\n  <ID>3e216548-9e19-c45f-be29-a3dd39ff7855</ID>\r\n  <OperationName>CreateGateway</OperationName>\r\n  <OperationStartedTime>2015-04-12T03:05:51.1068248</OperationStartedTime>\r\n  <Status>InProgress</Status>\r\n</GatewayOperation>",
      "ResponseHeaders": {
        "Content-Length": [
          "334"
        ],
        "Content-Type": [
          "application/xml; charset=utf-8"
        ],
        "Strict-Transport-Security": [
          "max-age=31536000; includeSubDomains"
        ],
        "x-ms-request-id": [
          "e4afe9129fd1cba8a900e664a34b3337"
        ],
        "Cache-Control": [
          "no-cache"
        ],
        "Date": [
          "Sun, 12 Apr 2015 03:07:55 GMT"
        ],
        "Server": [
          "1.0.6190.5879",
          "(rd_rdfe_n.150326-2000)",
          "Microsoft-HTTPAPI/2.0"
        ]
      },
      "StatusCode": 200
    },
    {
      "RequestUri": "/d2599f84-5099-4ef0-8548-d4765d6a0718/services/networking/operation/3e216548-9e19-c45f-be29-a3dd39ff7855",
      "EncodedRequestUri": "L2QyNTk5Zjg0LTUwOTktNGVmMC04NTQ4LWQ0NzY1ZDZhMDcxOC9zZXJ2aWNlcy9uZXR3b3JraW5nL29wZXJhdGlvbi8zZTIxNjU0OC05ZTE5LWM0NWYtYmUyOS1hM2RkMzlmZjc4NTU=",
      "RequestMethod": "GET",
      "RequestBody": "",
      "RequestHeaders": {
        "x-ms-version": [
          "2016-03-01"
        ],
        "User-Agent": [
          "Microsoft.WindowsAzure.Management.Network.NetworkManagementClient/1.0.0.0"
        ]
      },
      "ResponseBody": "<GatewayOperation xmlns=\"http://schemas.microsoft.com/windowsazure\" xmlns:i=\"http://www.w3.org/2001/XMLSchema-instance\">\r\n  <Data />\r\n  <ID>3e216548-9e19-c45f-be29-a3dd39ff7855</ID>\r\n  <OperationName>CreateGateway</OperationName>\r\n  <OperationStartedTime>2015-04-12T03:05:51.1068248</OperationStartedTime>\r\n  <Status>InProgress</Status>\r\n</GatewayOperation>",
      "ResponseHeaders": {
        "Content-Length": [
          "334"
        ],
        "Content-Type": [
          "application/xml; charset=utf-8"
        ],
        "Strict-Transport-Security": [
          "max-age=31536000; includeSubDomains"
        ],
        "x-ms-request-id": [
          "6138ab2d7d57caddbb062655dc2de28c"
        ],
        "Cache-Control": [
          "no-cache"
        ],
        "Date": [
          "Sun, 12 Apr 2015 03:08:26 GMT"
        ],
        "Server": [
          "1.0.6190.5879",
          "(rd_rdfe_n.150326-2000)",
          "Microsoft-HTTPAPI/2.0"
        ]
      },
      "StatusCode": 200
    },
    {
      "RequestUri": "/d2599f84-5099-4ef0-8548-d4765d6a0718/services/networking/operation/3e216548-9e19-c45f-be29-a3dd39ff7855",
      "EncodedRequestUri": "L2QyNTk5Zjg0LTUwOTktNGVmMC04NTQ4LWQ0NzY1ZDZhMDcxOC9zZXJ2aWNlcy9uZXR3b3JraW5nL29wZXJhdGlvbi8zZTIxNjU0OC05ZTE5LWM0NWYtYmUyOS1hM2RkMzlmZjc4NTU=",
      "RequestMethod": "GET",
      "RequestBody": "",
      "RequestHeaders": {
        "x-ms-version": [
          "2016-03-01"
        ],
        "User-Agent": [
          "Microsoft.WindowsAzure.Management.Network.NetworkManagementClient/1.0.0.0"
        ]
      },
      "ResponseBody": "<GatewayOperation xmlns=\"http://schemas.microsoft.com/windowsazure\" xmlns:i=\"http://www.w3.org/2001/XMLSchema-instance\">\r\n  <Data />\r\n  <ID>3e216548-9e19-c45f-be29-a3dd39ff7855</ID>\r\n  <OperationName>CreateGateway</OperationName>\r\n  <OperationStartedTime>2015-04-12T03:05:51.1068248</OperationStartedTime>\r\n  <Status>InProgress</Status>\r\n</GatewayOperation>",
      "ResponseHeaders": {
        "Content-Length": [
          "334"
        ],
        "Content-Type": [
          "application/xml; charset=utf-8"
        ],
        "Strict-Transport-Security": [
          "max-age=31536000; includeSubDomains"
        ],
        "x-ms-request-id": [
          "b626481100c0ca779a541c826acdec9b"
        ],
        "Cache-Control": [
          "no-cache"
        ],
        "Date": [
          "Sun, 12 Apr 2015 03:08:56 GMT"
        ],
        "Server": [
          "1.0.6190.5879",
          "(rd_rdfe_n.150326-2000)",
          "Microsoft-HTTPAPI/2.0"
        ]
      },
      "StatusCode": 200
    },
    {
      "RequestUri": "/d2599f84-5099-4ef0-8548-d4765d6a0718/services/networking/operation/3e216548-9e19-c45f-be29-a3dd39ff7855",
      "EncodedRequestUri": "L2QyNTk5Zjg0LTUwOTktNGVmMC04NTQ4LWQ0NzY1ZDZhMDcxOC9zZXJ2aWNlcy9uZXR3b3JraW5nL29wZXJhdGlvbi8zZTIxNjU0OC05ZTE5LWM0NWYtYmUyOS1hM2RkMzlmZjc4NTU=",
      "RequestMethod": "GET",
      "RequestBody": "",
      "RequestHeaders": {
        "x-ms-version": [
          "2016-03-01"
        ],
        "User-Agent": [
          "Microsoft.WindowsAzure.Management.Network.NetworkManagementClient/1.0.0.0"
        ]
      },
      "ResponseBody": "<GatewayOperation xmlns=\"http://schemas.microsoft.com/windowsazure\" xmlns:i=\"http://www.w3.org/2001/XMLSchema-instance\">\r\n  <Data />\r\n  <ID>3e216548-9e19-c45f-be29-a3dd39ff7855</ID>\r\n  <OperationName>CreateGateway</OperationName>\r\n  <OperationStartedTime>2015-04-12T03:05:51.1068248</OperationStartedTime>\r\n  <Status>InProgress</Status>\r\n</GatewayOperation>",
      "ResponseHeaders": {
        "Content-Length": [
          "334"
        ],
        "Content-Type": [
          "application/xml; charset=utf-8"
        ],
        "Strict-Transport-Security": [
          "max-age=31536000; includeSubDomains"
        ],
        "x-ms-request-id": [
          "1b041cded04ac6bf9cbad8f4ca0135c8"
        ],
        "Cache-Control": [
          "no-cache"
        ],
        "Date": [
          "Sun, 12 Apr 2015 03:09:27 GMT"
        ],
        "Server": [
          "1.0.6190.5879",
          "(rd_rdfe_n.150326-2000)",
          "Microsoft-HTTPAPI/2.0"
        ]
      },
      "StatusCode": 200
    },
    {
      "RequestUri": "/d2599f84-5099-4ef0-8548-d4765d6a0718/services/networking/operation/3e216548-9e19-c45f-be29-a3dd39ff7855",
      "EncodedRequestUri": "L2QyNTk5Zjg0LTUwOTktNGVmMC04NTQ4LWQ0NzY1ZDZhMDcxOC9zZXJ2aWNlcy9uZXR3b3JraW5nL29wZXJhdGlvbi8zZTIxNjU0OC05ZTE5LWM0NWYtYmUyOS1hM2RkMzlmZjc4NTU=",
      "RequestMethod": "GET",
      "RequestBody": "",
      "RequestHeaders": {
        "x-ms-version": [
          "2016-03-01"
        ],
        "User-Agent": [
          "Microsoft.WindowsAzure.Management.Network.NetworkManagementClient/1.0.0.0"
        ]
      },
      "ResponseBody": "<GatewayOperation xmlns=\"http://schemas.microsoft.com/windowsazure\" xmlns:i=\"http://www.w3.org/2001/XMLSchema-instance\">\r\n  <Data />\r\n  <ID>3e216548-9e19-c45f-be29-a3dd39ff7855</ID>\r\n  <OperationName>CreateGateway</OperationName>\r\n  <OperationStartedTime>2015-04-12T03:05:51.1068248</OperationStartedTime>\r\n  <Status>InProgress</Status>\r\n</GatewayOperation>",
      "ResponseHeaders": {
        "Content-Length": [
          "334"
        ],
        "Content-Type": [
          "application/xml; charset=utf-8"
        ],
        "Strict-Transport-Security": [
          "max-age=31536000; includeSubDomains"
        ],
        "x-ms-request-id": [
          "baf45406ae58ccee8a8402c8832f5406"
        ],
        "Cache-Control": [
          "no-cache"
        ],
        "Date": [
          "Sun, 12 Apr 2015 03:09:58 GMT"
        ],
        "Server": [
          "1.0.6190.5879",
          "(rd_rdfe_n.150326-2000)",
          "Microsoft-HTTPAPI/2.0"
        ]
      },
      "StatusCode": 200
    },
    {
      "RequestUri": "/d2599f84-5099-4ef0-8548-d4765d6a0718/services/networking/operation/3e216548-9e19-c45f-be29-a3dd39ff7855",
      "EncodedRequestUri": "L2QyNTk5Zjg0LTUwOTktNGVmMC04NTQ4LWQ0NzY1ZDZhMDcxOC9zZXJ2aWNlcy9uZXR3b3JraW5nL29wZXJhdGlvbi8zZTIxNjU0OC05ZTE5LWM0NWYtYmUyOS1hM2RkMzlmZjc4NTU=",
      "RequestMethod": "GET",
      "RequestBody": "",
      "RequestHeaders": {
        "x-ms-version": [
          "2016-03-01"
        ],
        "User-Agent": [
          "Microsoft.WindowsAzure.Management.Network.NetworkManagementClient/1.0.0.0"
        ]
      },
      "ResponseBody": "<GatewayOperation xmlns=\"http://schemas.microsoft.com/windowsazure\" xmlns:i=\"http://www.w3.org/2001/XMLSchema-instance\">\r\n  <Data />\r\n  <ID>3e216548-9e19-c45f-be29-a3dd39ff7855</ID>\r\n  <OperationName>CreateGateway</OperationName>\r\n  <OperationStartedTime>2015-04-12T03:05:51.1068248</OperationStartedTime>\r\n  <Status>InProgress</Status>\r\n</GatewayOperation>",
      "ResponseHeaders": {
        "Content-Length": [
          "334"
        ],
        "Content-Type": [
          "application/xml; charset=utf-8"
        ],
        "Strict-Transport-Security": [
          "max-age=31536000; includeSubDomains"
        ],
        "x-ms-request-id": [
          "0a15be309e45c5ccbc36e096bc3b5103"
        ],
        "Cache-Control": [
          "no-cache"
        ],
        "Date": [
          "Sun, 12 Apr 2015 03:10:28 GMT"
        ],
        "Server": [
          "1.0.6190.5879",
          "(rd_rdfe_n.150326-2000)",
          "Microsoft-HTTPAPI/2.0"
        ]
      },
      "StatusCode": 200
    },
    {
      "RequestUri": "/d2599f84-5099-4ef0-8548-d4765d6a0718/services/networking/operation/3e216548-9e19-c45f-be29-a3dd39ff7855",
      "EncodedRequestUri": "L2QyNTk5Zjg0LTUwOTktNGVmMC04NTQ4LWQ0NzY1ZDZhMDcxOC9zZXJ2aWNlcy9uZXR3b3JraW5nL29wZXJhdGlvbi8zZTIxNjU0OC05ZTE5LWM0NWYtYmUyOS1hM2RkMzlmZjc4NTU=",
      "RequestMethod": "GET",
      "RequestBody": "",
      "RequestHeaders": {
        "x-ms-version": [
          "2016-03-01"
        ],
        "User-Agent": [
          "Microsoft.WindowsAzure.Management.Network.NetworkManagementClient/1.0.0.0"
        ]
      },
      "ResponseBody": "<GatewayOperation xmlns=\"http://schemas.microsoft.com/windowsazure\" xmlns:i=\"http://www.w3.org/2001/XMLSchema-instance\">\r\n  <Data />\r\n  <ID>3e216548-9e19-c45f-be29-a3dd39ff7855</ID>\r\n  <OperationName>CreateGateway</OperationName>\r\n  <OperationStartedTime>2015-04-12T03:05:51.1068248</OperationStartedTime>\r\n  <Status>InProgress</Status>\r\n</GatewayOperation>",
      "ResponseHeaders": {
        "Content-Length": [
          "334"
        ],
        "Content-Type": [
          "application/xml; charset=utf-8"
        ],
        "Strict-Transport-Security": [
          "max-age=31536000; includeSubDomains"
        ],
        "x-ms-request-id": [
          "fc0098080864c079b518f5282a49f2f4"
        ],
        "Cache-Control": [
          "no-cache"
        ],
        "Date": [
          "Sun, 12 Apr 2015 03:10:59 GMT"
        ],
        "Server": [
          "1.0.6190.5879",
          "(rd_rdfe_n.150326-2000)",
          "Microsoft-HTTPAPI/2.0"
        ]
      },
      "StatusCode": 200
    },
    {
      "RequestUri": "/d2599f84-5099-4ef0-8548-d4765d6a0718/services/networking/operation/3e216548-9e19-c45f-be29-a3dd39ff7855",
      "EncodedRequestUri": "L2QyNTk5Zjg0LTUwOTktNGVmMC04NTQ4LWQ0NzY1ZDZhMDcxOC9zZXJ2aWNlcy9uZXR3b3JraW5nL29wZXJhdGlvbi8zZTIxNjU0OC05ZTE5LWM0NWYtYmUyOS1hM2RkMzlmZjc4NTU=",
      "RequestMethod": "GET",
      "RequestBody": "",
      "RequestHeaders": {
        "x-ms-version": [
          "2016-03-01"
        ],
        "User-Agent": [
          "Microsoft.WindowsAzure.Management.Network.NetworkManagementClient/1.0.0.0"
        ]
      },
      "ResponseBody": "<GatewayOperation xmlns=\"http://schemas.microsoft.com/windowsazure\" xmlns:i=\"http://www.w3.org/2001/XMLSchema-instance\">\r\n  <Data />\r\n  <ID>3e216548-9e19-c45f-be29-a3dd39ff7855</ID>\r\n  <OperationName>CreateGateway</OperationName>\r\n  <OperationStartedTime>2015-04-12T03:05:51.1068248</OperationStartedTime>\r\n  <Status>InProgress</Status>\r\n</GatewayOperation>",
      "ResponseHeaders": {
        "Content-Length": [
          "334"
        ],
        "Content-Type": [
          "application/xml; charset=utf-8"
        ],
        "Strict-Transport-Security": [
          "max-age=31536000; includeSubDomains"
        ],
        "x-ms-request-id": [
          "ee683ccb3efccc8da9a218ab91d975cf"
        ],
        "Cache-Control": [
          "no-cache"
        ],
        "Date": [
          "Sun, 12 Apr 2015 03:11:29 GMT"
        ],
        "Server": [
          "1.0.6190.5879",
          "(rd_rdfe_n.150326-2000)",
          "Microsoft-HTTPAPI/2.0"
        ]
      },
      "StatusCode": 200
    },
    {
      "RequestUri": "/d2599f84-5099-4ef0-8548-d4765d6a0718/services/networking/operation/3e216548-9e19-c45f-be29-a3dd39ff7855",
      "EncodedRequestUri": "L2QyNTk5Zjg0LTUwOTktNGVmMC04NTQ4LWQ0NzY1ZDZhMDcxOC9zZXJ2aWNlcy9uZXR3b3JraW5nL29wZXJhdGlvbi8zZTIxNjU0OC05ZTE5LWM0NWYtYmUyOS1hM2RkMzlmZjc4NTU=",
      "RequestMethod": "GET",
      "RequestBody": "",
      "RequestHeaders": {
        "x-ms-version": [
          "2016-03-01"
        ],
        "User-Agent": [
          "Microsoft.WindowsAzure.Management.Network.NetworkManagementClient/1.0.0.0"
        ]
      },
      "ResponseBody": "<GatewayOperation xmlns=\"http://schemas.microsoft.com/windowsazure\" xmlns:i=\"http://www.w3.org/2001/XMLSchema-instance\">\r\n  <Data />\r\n  <ID>3e216548-9e19-c45f-be29-a3dd39ff7855</ID>\r\n  <OperationName>CreateGateway</OperationName>\r\n  <OperationStartedTime>2015-04-12T03:05:51.1068248</OperationStartedTime>\r\n  <Status>InProgress</Status>\r\n</GatewayOperation>",
      "ResponseHeaders": {
        "Content-Length": [
          "334"
        ],
        "Content-Type": [
          "application/xml; charset=utf-8"
        ],
        "Strict-Transport-Security": [
          "max-age=31536000; includeSubDomains"
        ],
        "x-ms-request-id": [
          "576423e64133c6299bd8285975f5724a"
        ],
        "Cache-Control": [
          "no-cache"
        ],
        "Date": [
          "Sun, 12 Apr 2015 03:12:00 GMT"
        ],
        "Server": [
          "1.0.6190.5879",
          "(rd_rdfe_n.150326-2000)",
          "Microsoft-HTTPAPI/2.0"
        ]
      },
      "StatusCode": 200
    },
    {
      "RequestUri": "/d2599f84-5099-4ef0-8548-d4765d6a0718/services/networking/operation/3e216548-9e19-c45f-be29-a3dd39ff7855",
      "EncodedRequestUri": "L2QyNTk5Zjg0LTUwOTktNGVmMC04NTQ4LWQ0NzY1ZDZhMDcxOC9zZXJ2aWNlcy9uZXR3b3JraW5nL29wZXJhdGlvbi8zZTIxNjU0OC05ZTE5LWM0NWYtYmUyOS1hM2RkMzlmZjc4NTU=",
      "RequestMethod": "GET",
      "RequestBody": "",
      "RequestHeaders": {
        "x-ms-version": [
          "2016-03-01"
        ],
        "User-Agent": [
          "Microsoft.WindowsAzure.Management.Network.NetworkManagementClient/1.0.0.0"
        ]
      },
      "ResponseBody": "<GatewayOperation xmlns=\"http://schemas.microsoft.com/windowsazure\" xmlns:i=\"http://www.w3.org/2001/XMLSchema-instance\">\r\n  <Data />\r\n  <ID>3e216548-9e19-c45f-be29-a3dd39ff7855</ID>\r\n  <OperationName>CreateGateway</OperationName>\r\n  <OperationStartedTime>2015-04-12T03:05:51.1068248</OperationStartedTime>\r\n  <Status>InProgress</Status>\r\n</GatewayOperation>",
      "ResponseHeaders": {
        "Content-Length": [
          "334"
        ],
        "Content-Type": [
          "application/xml; charset=utf-8"
        ],
        "Strict-Transport-Security": [
          "max-age=31536000; includeSubDomains"
        ],
        "x-ms-request-id": [
          "4748aa225e3cc64cb3f6514b3f18c50a"
        ],
        "Cache-Control": [
          "no-cache"
        ],
        "Date": [
          "Sun, 12 Apr 2015 03:12:31 GMT"
        ],
        "Server": [
          "1.0.6190.5879",
          "(rd_rdfe_n.150326-2000)",
          "Microsoft-HTTPAPI/2.0"
        ]
      },
      "StatusCode": 200
    },
    {
      "RequestUri": "/d2599f84-5099-4ef0-8548-d4765d6a0718/services/networking/operation/3e216548-9e19-c45f-be29-a3dd39ff7855",
      "EncodedRequestUri": "L2QyNTk5Zjg0LTUwOTktNGVmMC04NTQ4LWQ0NzY1ZDZhMDcxOC9zZXJ2aWNlcy9uZXR3b3JraW5nL29wZXJhdGlvbi8zZTIxNjU0OC05ZTE5LWM0NWYtYmUyOS1hM2RkMzlmZjc4NTU=",
      "RequestMethod": "GET",
      "RequestBody": "",
      "RequestHeaders": {
        "x-ms-version": [
          "2016-03-01"
        ],
        "User-Agent": [
          "Microsoft.WindowsAzure.Management.Network.NetworkManagementClient/1.0.0.0"
        ]
      },
      "ResponseBody": "<GatewayOperation xmlns=\"http://schemas.microsoft.com/windowsazure\" xmlns:i=\"http://www.w3.org/2001/XMLSchema-instance\">\r\n  <Data />\r\n  <ID>3e216548-9e19-c45f-be29-a3dd39ff7855</ID>\r\n  <OperationName>CreateGateway</OperationName>\r\n  <OperationStartedTime>2015-04-12T03:05:51.1068248</OperationStartedTime>\r\n  <Status>InProgress</Status>\r\n</GatewayOperation>",
      "ResponseHeaders": {
        "Content-Length": [
          "334"
        ],
        "Content-Type": [
          "application/xml; charset=utf-8"
        ],
        "Strict-Transport-Security": [
          "max-age=31536000; includeSubDomains"
        ],
        "x-ms-request-id": [
          "0d13c7642bd9cbdf99817d7c04c3a632"
        ],
        "Cache-Control": [
          "no-cache"
        ],
        "Date": [
          "Sun, 12 Apr 2015 03:13:02 GMT"
        ],
        "Server": [
          "1.0.6190.5879",
          "(rd_rdfe_n.150326-2000)",
          "Microsoft-HTTPAPI/2.0"
        ]
      },
      "StatusCode": 200
    },
    {
      "RequestUri": "/d2599f84-5099-4ef0-8548-d4765d6a0718/services/networking/operation/3e216548-9e19-c45f-be29-a3dd39ff7855",
      "EncodedRequestUri": "L2QyNTk5Zjg0LTUwOTktNGVmMC04NTQ4LWQ0NzY1ZDZhMDcxOC9zZXJ2aWNlcy9uZXR3b3JraW5nL29wZXJhdGlvbi8zZTIxNjU0OC05ZTE5LWM0NWYtYmUyOS1hM2RkMzlmZjc4NTU=",
      "RequestMethod": "GET",
      "RequestBody": "",
      "RequestHeaders": {
        "x-ms-version": [
          "2016-03-01"
        ],
        "User-Agent": [
          "Microsoft.WindowsAzure.Management.Network.NetworkManagementClient/1.0.0.0"
        ]
      },
      "ResponseBody": "<GatewayOperation xmlns=\"http://schemas.microsoft.com/windowsazure\" xmlns:i=\"http://www.w3.org/2001/XMLSchema-instance\">\r\n  <Data />\r\n  <ID>3e216548-9e19-c45f-be29-a3dd39ff7855</ID>\r\n  <OperationName>CreateGateway</OperationName>\r\n  <OperationStartedTime>2015-04-12T03:05:51.1068248</OperationStartedTime>\r\n  <Status>InProgress</Status>\r\n</GatewayOperation>",
      "ResponseHeaders": {
        "Content-Length": [
          "334"
        ],
        "Content-Type": [
          "application/xml; charset=utf-8"
        ],
        "Strict-Transport-Security": [
          "max-age=31536000; includeSubDomains"
        ],
        "x-ms-request-id": [
          "6fecf27a8114c3a0b0859cefdd2a2faf"
        ],
        "Cache-Control": [
          "no-cache"
        ],
        "Date": [
          "Sun, 12 Apr 2015 03:13:33 GMT"
        ],
        "Server": [
          "1.0.6190.5879",
          "(rd_rdfe_n.150326-2000)",
          "Microsoft-HTTPAPI/2.0"
        ]
      },
      "StatusCode": 200
    },
    {
      "RequestUri": "/d2599f84-5099-4ef0-8548-d4765d6a0718/services/networking/operation/3e216548-9e19-c45f-be29-a3dd39ff7855",
      "EncodedRequestUri": "L2QyNTk5Zjg0LTUwOTktNGVmMC04NTQ4LWQ0NzY1ZDZhMDcxOC9zZXJ2aWNlcy9uZXR3b3JraW5nL29wZXJhdGlvbi8zZTIxNjU0OC05ZTE5LWM0NWYtYmUyOS1hM2RkMzlmZjc4NTU=",
      "RequestMethod": "GET",
      "RequestBody": "",
      "RequestHeaders": {
        "x-ms-version": [
          "2016-03-01"
        ],
        "User-Agent": [
          "Microsoft.WindowsAzure.Management.Network.NetworkManagementClient/1.0.0.0"
        ]
      },
      "ResponseBody": "<GatewayOperation xmlns=\"http://schemas.microsoft.com/windowsazure\" xmlns:i=\"http://www.w3.org/2001/XMLSchema-instance\">\r\n  <Data />\r\n  <ID>3e216548-9e19-c45f-be29-a3dd39ff7855</ID>\r\n  <OperationName>CreateGateway</OperationName>\r\n  <OperationStartedTime>2015-04-12T03:05:51.1068248</OperationStartedTime>\r\n  <Status>InProgress</Status>\r\n</GatewayOperation>",
      "ResponseHeaders": {
        "Content-Length": [
          "334"
        ],
        "Content-Type": [
          "application/xml; charset=utf-8"
        ],
        "Strict-Transport-Security": [
          "max-age=31536000; includeSubDomains"
        ],
        "x-ms-request-id": [
          "7d3456768e47c894adcf0d10e864c79a"
        ],
        "Cache-Control": [
          "no-cache"
        ],
        "Date": [
          "Sun, 12 Apr 2015 03:14:03 GMT"
        ],
        "Server": [
          "1.0.6190.5879",
          "(rd_rdfe_n.150326-2000)",
          "Microsoft-HTTPAPI/2.0"
        ]
      },
      "StatusCode": 200
    },
    {
      "RequestUri": "/d2599f84-5099-4ef0-8548-d4765d6a0718/services/networking/operation/3e216548-9e19-c45f-be29-a3dd39ff7855",
      "EncodedRequestUri": "L2QyNTk5Zjg0LTUwOTktNGVmMC04NTQ4LWQ0NzY1ZDZhMDcxOC9zZXJ2aWNlcy9uZXR3b3JraW5nL29wZXJhdGlvbi8zZTIxNjU0OC05ZTE5LWM0NWYtYmUyOS1hM2RkMzlmZjc4NTU=",
      "RequestMethod": "GET",
      "RequestBody": "",
      "RequestHeaders": {
        "x-ms-version": [
          "2016-03-01"
        ],
        "User-Agent": [
          "Microsoft.WindowsAzure.Management.Network.NetworkManagementClient/1.0.0.0"
        ]
      },
      "ResponseBody": "<GatewayOperation xmlns=\"http://schemas.microsoft.com/windowsazure\" xmlns:i=\"http://www.w3.org/2001/XMLSchema-instance\">\r\n  <Data />\r\n  <ID>3e216548-9e19-c45f-be29-a3dd39ff7855</ID>\r\n  <OperationName>CreateGateway</OperationName>\r\n  <OperationStartedTime>2015-04-12T03:05:51.1068248</OperationStartedTime>\r\n  <Status>InProgress</Status>\r\n</GatewayOperation>",
      "ResponseHeaders": {
        "Content-Length": [
          "334"
        ],
        "Content-Type": [
          "application/xml; charset=utf-8"
        ],
        "Strict-Transport-Security": [
          "max-age=31536000; includeSubDomains"
        ],
        "x-ms-request-id": [
          "0901ea324174c70daef27857e93b0991"
        ],
        "Cache-Control": [
          "no-cache"
        ],
        "Date": [
          "Sun, 12 Apr 2015 03:14:34 GMT"
        ],
        "Server": [
          "1.0.6190.5879",
          "(rd_rdfe_n.150326-2000)",
          "Microsoft-HTTPAPI/2.0"
        ]
      },
      "StatusCode": 200
    },
    {
      "RequestUri": "/d2599f84-5099-4ef0-8548-d4765d6a0718/services/networking/operation/3e216548-9e19-c45f-be29-a3dd39ff7855",
      "EncodedRequestUri": "L2QyNTk5Zjg0LTUwOTktNGVmMC04NTQ4LWQ0NzY1ZDZhMDcxOC9zZXJ2aWNlcy9uZXR3b3JraW5nL29wZXJhdGlvbi8zZTIxNjU0OC05ZTE5LWM0NWYtYmUyOS1hM2RkMzlmZjc4NTU=",
      "RequestMethod": "GET",
      "RequestBody": "",
      "RequestHeaders": {
        "x-ms-version": [
          "2016-03-01"
        ],
        "User-Agent": [
          "Microsoft.WindowsAzure.Management.Network.NetworkManagementClient/1.0.0.0"
        ]
      },
      "ResponseBody": "<GatewayOperation xmlns=\"http://schemas.microsoft.com/windowsazure\" xmlns:i=\"http://www.w3.org/2001/XMLSchema-instance\">\r\n  <Data />\r\n  <ID>3e216548-9e19-c45f-be29-a3dd39ff7855</ID>\r\n  <OperationName>CreateGateway</OperationName>\r\n  <OperationStartedTime>2015-04-12T03:05:51.1068248</OperationStartedTime>\r\n  <Status>InProgress</Status>\r\n</GatewayOperation>",
      "ResponseHeaders": {
        "Content-Length": [
          "334"
        ],
        "Content-Type": [
          "application/xml; charset=utf-8"
        ],
        "Strict-Transport-Security": [
          "max-age=31536000; includeSubDomains"
        ],
        "x-ms-request-id": [
          "f06338a1282ec3fda2b8d92e578fe483"
        ],
        "Cache-Control": [
          "no-cache"
        ],
        "Date": [
          "Sun, 12 Apr 2015 03:15:05 GMT"
        ],
        "Server": [
          "1.0.6190.5879",
          "(rd_rdfe_n.150326-2000)",
          "Microsoft-HTTPAPI/2.0"
        ]
      },
      "StatusCode": 200
    },
    {
      "RequestUri": "/d2599f84-5099-4ef0-8548-d4765d6a0718/services/networking/operation/3e216548-9e19-c45f-be29-a3dd39ff7855",
      "EncodedRequestUri": "L2QyNTk5Zjg0LTUwOTktNGVmMC04NTQ4LWQ0NzY1ZDZhMDcxOC9zZXJ2aWNlcy9uZXR3b3JraW5nL29wZXJhdGlvbi8zZTIxNjU0OC05ZTE5LWM0NWYtYmUyOS1hM2RkMzlmZjc4NTU=",
      "RequestMethod": "GET",
      "RequestBody": "",
      "RequestHeaders": {
        "x-ms-version": [
          "2016-03-01"
        ],
        "User-Agent": [
          "Microsoft.WindowsAzure.Management.Network.NetworkManagementClient/1.0.0.0"
        ]
      },
      "ResponseBody": "<GatewayOperation xmlns=\"http://schemas.microsoft.com/windowsazure\" xmlns:i=\"http://www.w3.org/2001/XMLSchema-instance\">\r\n  <Data />\r\n  <ID>3e216548-9e19-c45f-be29-a3dd39ff7855</ID>\r\n  <OperationName>CreateGateway</OperationName>\r\n  <OperationStartedTime>2015-04-12T03:05:51.1068248</OperationStartedTime>\r\n  <Status>InProgress</Status>\r\n</GatewayOperation>",
      "ResponseHeaders": {
        "Content-Length": [
          "334"
        ],
        "Content-Type": [
          "application/xml; charset=utf-8"
        ],
        "Strict-Transport-Security": [
          "max-age=31536000; includeSubDomains"
        ],
        "x-ms-request-id": [
          "202a7f313f5bc283abafb63f3f1425c9"
        ],
        "Cache-Control": [
          "no-cache"
        ],
        "Date": [
          "Sun, 12 Apr 2015 03:15:35 GMT"
        ],
        "Server": [
          "1.0.6190.5879",
          "(rd_rdfe_n.150326-2000)",
          "Microsoft-HTTPAPI/2.0"
        ]
      },
      "StatusCode": 200
    },
    {
      "RequestUri": "/d2599f84-5099-4ef0-8548-d4765d6a0718/services/networking/operation/3e216548-9e19-c45f-be29-a3dd39ff7855",
      "EncodedRequestUri": "L2QyNTk5Zjg0LTUwOTktNGVmMC04NTQ4LWQ0NzY1ZDZhMDcxOC9zZXJ2aWNlcy9uZXR3b3JraW5nL29wZXJhdGlvbi8zZTIxNjU0OC05ZTE5LWM0NWYtYmUyOS1hM2RkMzlmZjc4NTU=",
      "RequestMethod": "GET",
      "RequestBody": "",
      "RequestHeaders": {
        "x-ms-version": [
          "2016-03-01"
        ],
        "User-Agent": [
          "Microsoft.WindowsAzure.Management.Network.NetworkManagementClient/1.0.0.0"
        ]
      },
      "ResponseBody": "<GatewayOperation xmlns=\"http://schemas.microsoft.com/windowsazure\" xmlns:i=\"http://www.w3.org/2001/XMLSchema-instance\">\r\n  <Data />\r\n  <ID>3e216548-9e19-c45f-be29-a3dd39ff7855</ID>\r\n  <OperationName>CreateGateway</OperationName>\r\n  <OperationStartedTime>2015-04-12T03:05:51.1068248</OperationStartedTime>\r\n  <Status>InProgress</Status>\r\n</GatewayOperation>",
      "ResponseHeaders": {
        "Content-Length": [
          "334"
        ],
        "Content-Type": [
          "application/xml; charset=utf-8"
        ],
        "Strict-Transport-Security": [
          "max-age=31536000; includeSubDomains"
        ],
        "x-ms-request-id": [
          "122a99410a87cbfa8802a2fe67e329af"
        ],
        "Cache-Control": [
          "no-cache"
        ],
        "Date": [
          "Sun, 12 Apr 2015 03:16:06 GMT"
        ],
        "Server": [
          "1.0.6190.5879",
          "(rd_rdfe_n.150326-2000)",
          "Microsoft-HTTPAPI/2.0"
        ]
      },
      "StatusCode": 200
    },
    {
      "RequestUri": "/d2599f84-5099-4ef0-8548-d4765d6a0718/services/networking/operation/3e216548-9e19-c45f-be29-a3dd39ff7855",
      "EncodedRequestUri": "L2QyNTk5Zjg0LTUwOTktNGVmMC04NTQ4LWQ0NzY1ZDZhMDcxOC9zZXJ2aWNlcy9uZXR3b3JraW5nL29wZXJhdGlvbi8zZTIxNjU0OC05ZTE5LWM0NWYtYmUyOS1hM2RkMzlmZjc4NTU=",
      "RequestMethod": "GET",
      "RequestBody": "",
      "RequestHeaders": {
        "x-ms-version": [
          "2016-03-01"
        ],
        "User-Agent": [
          "Microsoft.WindowsAzure.Management.Network.NetworkManagementClient/1.0.0.0"
        ]
      },
      "ResponseBody": "<GatewayOperation xmlns=\"http://schemas.microsoft.com/windowsazure\" xmlns:i=\"http://www.w3.org/2001/XMLSchema-instance\">\r\n  <Data />\r\n  <ID>3e216548-9e19-c45f-be29-a3dd39ff7855</ID>\r\n  <OperationName>CreateGateway</OperationName>\r\n  <OperationStartedTime>2015-04-12T03:05:51.1068248</OperationStartedTime>\r\n  <Status>InProgress</Status>\r\n</GatewayOperation>",
      "ResponseHeaders": {
        "Content-Length": [
          "334"
        ],
        "Content-Type": [
          "application/xml; charset=utf-8"
        ],
        "Strict-Transport-Security": [
          "max-age=31536000; includeSubDomains"
        ],
        "x-ms-request-id": [
          "5982d069ce56cec4a6226bfe4e978fb5"
        ],
        "Cache-Control": [
          "no-cache"
        ],
        "Date": [
          "Sun, 12 Apr 2015 03:16:37 GMT"
        ],
        "Server": [
          "1.0.6190.5879",
          "(rd_rdfe_n.150326-2000)",
          "Microsoft-HTTPAPI/2.0"
        ]
      },
      "StatusCode": 200
    },
    {
      "RequestUri": "/d2599f84-5099-4ef0-8548-d4765d6a0718/services/networking/operation/3e216548-9e19-c45f-be29-a3dd39ff7855",
      "EncodedRequestUri": "L2QyNTk5Zjg0LTUwOTktNGVmMC04NTQ4LWQ0NzY1ZDZhMDcxOC9zZXJ2aWNlcy9uZXR3b3JraW5nL29wZXJhdGlvbi8zZTIxNjU0OC05ZTE5LWM0NWYtYmUyOS1hM2RkMzlmZjc4NTU=",
      "RequestMethod": "GET",
      "RequestBody": "",
      "RequestHeaders": {
        "x-ms-version": [
          "2016-03-01"
        ],
        "User-Agent": [
          "Microsoft.WindowsAzure.Management.Network.NetworkManagementClient/1.0.0.0"
        ]
      },
      "ResponseBody": "<GatewayOperation xmlns=\"http://schemas.microsoft.com/windowsazure\" xmlns:i=\"http://www.w3.org/2001/XMLSchema-instance\">\r\n  <Data />\r\n  <ID>3e216548-9e19-c45f-be29-a3dd39ff7855</ID>\r\n  <OperationName>CreateGateway</OperationName>\r\n  <OperationStartedTime>2015-04-12T03:05:51.1068248</OperationStartedTime>\r\n  <Status>InProgress</Status>\r\n</GatewayOperation>",
      "ResponseHeaders": {
        "Content-Length": [
          "334"
        ],
        "Content-Type": [
          "application/xml; charset=utf-8"
        ],
        "Strict-Transport-Security": [
          "max-age=31536000; includeSubDomains"
        ],
        "x-ms-request-id": [
          "4e71217e39b2ca5e9e4b7aed7b60ce8a"
        ],
        "Cache-Control": [
          "no-cache"
        ],
        "Date": [
          "Sun, 12 Apr 2015 03:17:08 GMT"
        ],
        "Server": [
          "1.0.6190.5879",
          "(rd_rdfe_n.150326-2000)",
          "Microsoft-HTTPAPI/2.0"
        ]
      },
      "StatusCode": 200
    },
    {
      "RequestUri": "/d2599f84-5099-4ef0-8548-d4765d6a0718/services/networking/operation/3e216548-9e19-c45f-be29-a3dd39ff7855",
      "EncodedRequestUri": "L2QyNTk5Zjg0LTUwOTktNGVmMC04NTQ4LWQ0NzY1ZDZhMDcxOC9zZXJ2aWNlcy9uZXR3b3JraW5nL29wZXJhdGlvbi8zZTIxNjU0OC05ZTE5LWM0NWYtYmUyOS1hM2RkMzlmZjc4NTU=",
      "RequestMethod": "GET",
      "RequestBody": "",
      "RequestHeaders": {
        "x-ms-version": [
          "2016-03-01"
        ],
        "User-Agent": [
          "Microsoft.WindowsAzure.Management.Network.NetworkManagementClient/1.0.0.0"
        ]
      },
      "ResponseBody": "<GatewayOperation xmlns=\"http://schemas.microsoft.com/windowsazure\" xmlns:i=\"http://www.w3.org/2001/XMLSchema-instance\">\r\n  <Data />\r\n  <ID>3e216548-9e19-c45f-be29-a3dd39ff7855</ID>\r\n  <OperationName>CreateGateway</OperationName>\r\n  <OperationStartedTime>2015-04-12T03:05:51.1068248</OperationStartedTime>\r\n  <Status>InProgress</Status>\r\n</GatewayOperation>",
      "ResponseHeaders": {
        "Content-Length": [
          "334"
        ],
        "Content-Type": [
          "application/xml; charset=utf-8"
        ],
        "Strict-Transport-Security": [
          "max-age=31536000; includeSubDomains"
        ],
        "x-ms-request-id": [
          "c6e95780bc9ec8e3983db72c4f05944a"
        ],
        "Cache-Control": [
          "no-cache"
        ],
        "Date": [
          "Sun, 12 Apr 2015 03:17:38 GMT"
        ],
        "Server": [
          "1.0.6190.5879",
          "(rd_rdfe_n.150326-2000)",
          "Microsoft-HTTPAPI/2.0"
        ]
      },
      "StatusCode": 200
    },
    {
      "RequestUri": "/d2599f84-5099-4ef0-8548-d4765d6a0718/services/networking/operation/3e216548-9e19-c45f-be29-a3dd39ff7855",
      "EncodedRequestUri": "L2QyNTk5Zjg0LTUwOTktNGVmMC04NTQ4LWQ0NzY1ZDZhMDcxOC9zZXJ2aWNlcy9uZXR3b3JraW5nL29wZXJhdGlvbi8zZTIxNjU0OC05ZTE5LWM0NWYtYmUyOS1hM2RkMzlmZjc4NTU=",
      "RequestMethod": "GET",
      "RequestBody": "",
      "RequestHeaders": {
        "x-ms-version": [
          "2016-03-01"
        ],
        "User-Agent": [
          "Microsoft.WindowsAzure.Management.Network.NetworkManagementClient/1.0.0.0"
        ]
      },
      "ResponseBody": "<GatewayOperation xmlns=\"http://schemas.microsoft.com/windowsazure\" xmlns:i=\"http://www.w3.org/2001/XMLSchema-instance\">\r\n  <Data />\r\n  <ID>3e216548-9e19-c45f-be29-a3dd39ff7855</ID>\r\n  <OperationName>CreateGateway</OperationName>\r\n  <OperationStartedTime>2015-04-12T03:05:51.1068248</OperationStartedTime>\r\n  <Status>InProgress</Status>\r\n</GatewayOperation>",
      "ResponseHeaders": {
        "Content-Length": [
          "334"
        ],
        "Content-Type": [
          "application/xml; charset=utf-8"
        ],
        "Strict-Transport-Security": [
          "max-age=31536000; includeSubDomains"
        ],
        "x-ms-request-id": [
          "e530a562f2b8c3ea881a82f4fe4181e9"
        ],
        "Cache-Control": [
          "no-cache"
        ],
        "Date": [
          "Sun, 12 Apr 2015 03:18:09 GMT"
        ],
        "Server": [
          "1.0.6190.5879",
          "(rd_rdfe_n.150326-2000)",
          "Microsoft-HTTPAPI/2.0"
        ]
      },
      "StatusCode": 200
    },
    {
      "RequestUri": "/d2599f84-5099-4ef0-8548-d4765d6a0718/services/networking/operation/3e216548-9e19-c45f-be29-a3dd39ff7855",
      "EncodedRequestUri": "L2QyNTk5Zjg0LTUwOTktNGVmMC04NTQ4LWQ0NzY1ZDZhMDcxOC9zZXJ2aWNlcy9uZXR3b3JraW5nL29wZXJhdGlvbi8zZTIxNjU0OC05ZTE5LWM0NWYtYmUyOS1hM2RkMzlmZjc4NTU=",
      "RequestMethod": "GET",
      "RequestBody": "",
      "RequestHeaders": {
        "x-ms-version": [
          "2016-03-01"
        ],
        "User-Agent": [
          "Microsoft.WindowsAzure.Management.Network.NetworkManagementClient/1.0.0.0"
        ]
      },
      "ResponseBody": "<GatewayOperation xmlns=\"http://schemas.microsoft.com/windowsazure\" xmlns:i=\"http://www.w3.org/2001/XMLSchema-instance\">\r\n  <Data />\r\n  <ID>3e216548-9e19-c45f-be29-a3dd39ff7855</ID>\r\n  <OperationName>CreateGateway</OperationName>\r\n  <OperationStartedTime>2015-04-12T03:05:51.1068248</OperationStartedTime>\r\n  <Status>InProgress</Status>\r\n</GatewayOperation>",
      "ResponseHeaders": {
        "Content-Length": [
          "334"
        ],
        "Content-Type": [
          "application/xml; charset=utf-8"
        ],
        "Strict-Transport-Security": [
          "max-age=31536000; includeSubDomains"
        ],
        "x-ms-request-id": [
          "ad3176cc2b6dcb89bb1a7599d63e5b66"
        ],
        "Cache-Control": [
          "no-cache"
        ],
        "Date": [
          "Sun, 12 Apr 2015 03:18:40 GMT"
        ],
        "Server": [
          "1.0.6190.5879",
          "(rd_rdfe_n.150326-2000)",
          "Microsoft-HTTPAPI/2.0"
        ]
      },
      "StatusCode": 200
    },
    {
      "RequestUri": "/d2599f84-5099-4ef0-8548-d4765d6a0718/services/networking/operation/3e216548-9e19-c45f-be29-a3dd39ff7855",
      "EncodedRequestUri": "L2QyNTk5Zjg0LTUwOTktNGVmMC04NTQ4LWQ0NzY1ZDZhMDcxOC9zZXJ2aWNlcy9uZXR3b3JraW5nL29wZXJhdGlvbi8zZTIxNjU0OC05ZTE5LWM0NWYtYmUyOS1hM2RkMzlmZjc4NTU=",
      "RequestMethod": "GET",
      "RequestBody": "",
      "RequestHeaders": {
        "x-ms-version": [
          "2016-03-01"
        ],
        "User-Agent": [
          "Microsoft.WindowsAzure.Management.Network.NetworkManagementClient/1.0.0.0"
        ]
      },
      "ResponseBody": "<GatewayOperation xmlns=\"http://schemas.microsoft.com/windowsazure\" xmlns:i=\"http://www.w3.org/2001/XMLSchema-instance\">\r\n  <Data />\r\n  <ID>3e216548-9e19-c45f-be29-a3dd39ff7855</ID>\r\n  <OperationName>CreateGateway</OperationName>\r\n  <OperationStartedTime>2015-04-12T03:05:51.1068248</OperationStartedTime>\r\n  <Status>InProgress</Status>\r\n</GatewayOperation>",
      "ResponseHeaders": {
        "Content-Length": [
          "334"
        ],
        "Content-Type": [
          "application/xml; charset=utf-8"
        ],
        "Strict-Transport-Security": [
          "max-age=31536000; includeSubDomains"
        ],
        "x-ms-request-id": [
          "16d9db1a2990c7819bac0bfccf8764dd"
        ],
        "Cache-Control": [
          "no-cache"
        ],
        "Date": [
          "Sun, 12 Apr 2015 03:19:10 GMT"
        ],
        "Server": [
          "1.0.6190.5879",
          "(rd_rdfe_n.150326-2000)",
          "Microsoft-HTTPAPI/2.0"
        ]
      },
      "StatusCode": 200
    },
    {
      "RequestUri": "/d2599f84-5099-4ef0-8548-d4765d6a0718/services/networking/operation/3e216548-9e19-c45f-be29-a3dd39ff7855",
      "EncodedRequestUri": "L2QyNTk5Zjg0LTUwOTktNGVmMC04NTQ4LWQ0NzY1ZDZhMDcxOC9zZXJ2aWNlcy9uZXR3b3JraW5nL29wZXJhdGlvbi8zZTIxNjU0OC05ZTE5LWM0NWYtYmUyOS1hM2RkMzlmZjc4NTU=",
      "RequestMethod": "GET",
      "RequestBody": "",
      "RequestHeaders": {
        "x-ms-version": [
          "2016-03-01"
        ],
        "User-Agent": [
          "Microsoft.WindowsAzure.Management.Network.NetworkManagementClient/1.0.0.0"
        ]
      },
      "ResponseBody": "<GatewayOperation xmlns=\"http://schemas.microsoft.com/windowsazure\" xmlns:i=\"http://www.w3.org/2001/XMLSchema-instance\">\r\n  <Data />\r\n  <ID>3e216548-9e19-c45f-be29-a3dd39ff7855</ID>\r\n  <OperationName>CreateGateway</OperationName>\r\n  <OperationStartedTime>2015-04-12T03:05:51.1068248</OperationStartedTime>\r\n  <Status>InProgress</Status>\r\n</GatewayOperation>",
      "ResponseHeaders": {
        "Content-Length": [
          "334"
        ],
        "Content-Type": [
          "application/xml; charset=utf-8"
        ],
        "Strict-Transport-Security": [
          "max-age=31536000; includeSubDomains"
        ],
        "x-ms-request-id": [
          "5cea2724d740c72798433c1bb5a263b4"
        ],
        "Cache-Control": [
          "no-cache"
        ],
        "Date": [
          "Sun, 12 Apr 2015 03:19:41 GMT"
        ],
        "Server": [
          "1.0.6190.5879",
          "(rd_rdfe_n.150326-2000)",
          "Microsoft-HTTPAPI/2.0"
        ]
      },
      "StatusCode": 200
    },
    {
      "RequestUri": "/d2599f84-5099-4ef0-8548-d4765d6a0718/services/networking/operation/3e216548-9e19-c45f-be29-a3dd39ff7855",
      "EncodedRequestUri": "L2QyNTk5Zjg0LTUwOTktNGVmMC04NTQ4LWQ0NzY1ZDZhMDcxOC9zZXJ2aWNlcy9uZXR3b3JraW5nL29wZXJhdGlvbi8zZTIxNjU0OC05ZTE5LWM0NWYtYmUyOS1hM2RkMzlmZjc4NTU=",
      "RequestMethod": "GET",
      "RequestBody": "",
      "RequestHeaders": {
        "x-ms-version": [
          "2016-03-01"
        ],
        "User-Agent": [
          "Microsoft.WindowsAzure.Management.Network.NetworkManagementClient/1.0.0.0"
        ]
      },
      "ResponseBody": "<GatewayOperation xmlns=\"http://schemas.microsoft.com/windowsazure\" xmlns:i=\"http://www.w3.org/2001/XMLSchema-instance\">\r\n  <Data />\r\n  <HttpStatusCode>OK</HttpStatusCode>\r\n  <ID>3e216548-9e19-c45f-be29-a3dd39ff7855</ID>\r\n  <OperationCompletedTime>2015-04-12T03:20:02.8708213</OperationCompletedTime>\r\n  <OperationName>CreateGateway</OperationName>\r\n  <OperationStartedTime>2015-04-12T03:05:51.1068248</OperationStartedTime>\r\n  <Status>Successful</Status>\r\n</GatewayOperation>",
      "ResponseHeaders": {
        "Content-Length": [
          "445"
        ],
        "Content-Type": [
          "application/xml; charset=utf-8"
        ],
        "Strict-Transport-Security": [
          "max-age=31536000; includeSubDomains"
        ],
        "x-ms-request-id": [
          "d0d9de019707cb98808e3256cdfb9e56"
        ],
        "Cache-Control": [
          "no-cache"
        ],
        "Date": [
          "Sun, 12 Apr 2015 03:20:12 GMT"
        ],
        "Server": [
          "1.0.6190.5879",
          "(rd_rdfe_n.150326-2000)",
          "Microsoft-HTTPAPI/2.0"
        ]
      },
      "StatusCode": 200
    },
    {
      "RequestUri": "/d2599f84-5099-4ef0-8548-d4765d6a0718/services/networking/virtualNetworkSiteName/gateway/connection/localNetworkSiteName/sharedkey",
      "EncodedRequestUri": "L2QyNTk5Zjg0LTUwOTktNGVmMC04NTQ4LWQ0NzY1ZDZhMDcxOC9zZXJ2aWNlcy9uZXR3b3JraW5nL3ZpcnR1YWxOZXR3b3JrU2l0ZU5hbWUvZ2F0ZXdheS9jb25uZWN0aW9uL2xvY2FsTmV0d29ya1NpdGVOYW1lL3NoYXJlZGtleQ==",
      "RequestMethod": "GET",
      "RequestBody": "",
      "RequestHeaders": {
        "x-ms-version": [
          "2016-03-01"
        ],
        "User-Agent": [
          "Microsoft.WindowsAzure.Management.Network.NetworkManagementClient/1.0.0.0"
        ]
      },
      "ResponseBody": "<SharedKey xmlns=\"http://schemas.microsoft.com/windowsazure\" xmlns:i=\"http://www.w3.org/2001/XMLSchema-instance\">\r\n  <Value>GebFxlnGTUaQF5VYeJqgjLkukYlxPgxj</Value>\r\n</SharedKey>",
      "ResponseHeaders": {
        "Content-Length": [
          "172"
        ],
        "Content-Type": [
          "application/xml; charset=utf-8"
        ],
        "Strict-Transport-Security": [
          "max-age=31536000; includeSubDomains"
        ],
        "x-ms-request-id": [
          "ee38ed4e5170cde19120c3a8d33cf73f"
        ],
        "Cache-Control": [
          "no-cache"
        ],
        "Date": [
          "Sun, 12 Apr 2015 03:20:16 GMT"
        ],
        "Server": [
          "1.0.6190.5879",
          "(rd_rdfe_n.150326-2000)",
          "Microsoft-HTTPAPI/2.0"
        ]
      },
      "StatusCode": 200
    },
    {
      "RequestUri": "/d2599f84-5099-4ef0-8548-d4765d6a0718/services/networking/virtualNetworkSiteName/gateway/connection/localNetworkSiteName/sharedkey",
      "EncodedRequestUri": "L2QyNTk5Zjg0LTUwOTktNGVmMC04NTQ4LWQ0NzY1ZDZhMDcxOC9zZXJ2aWNlcy9uZXR3b3JraW5nL3ZpcnR1YWxOZXR3b3JrU2l0ZU5hbWUvZ2F0ZXdheS9jb25uZWN0aW9uL2xvY2FsTmV0d29ya1NpdGVOYW1lL3NoYXJlZGtleQ==",
      "RequestMethod": "POST",
      "RequestBody": "<SharedKey xmlns=\"http://schemas.microsoft.com/windowsazure\">\r\n  <Value></Value>\r\n</SharedKey>",
      "RequestHeaders": {
        "Content-Type": [
          "application/xml"
        ],
        "Content-Length": [
          "94"
        ],
        "x-ms-version": [
          "2016-03-01"
        ],
        "User-Agent": [
          "Microsoft.WindowsAzure.Management.Network.NetworkManagementClient/1.0.0.0"
        ]
      },
      "ResponseBody": "<Error xmlns=\"http://schemas.microsoft.com/windowsazure\" xmlns:i=\"http://www.w3.org/2001/XMLSchema-instance\">\r\n  <Code>BadRequest</Code>\r\n  <Message>The specified shared key was not valid. The key must be an alpha-numeric string of 1 to 128 characters. </Message>\r\n</Error>",
      "ResponseHeaders": {
        "Content-Length": [
          "263"
        ],
        "Content-Type": [
          "application/xml; charset=utf-8"
        ],
        "Strict-Transport-Security": [
          "max-age=31536000; includeSubDomains"
        ],
        "x-ms-request-id": [
          "e9879a5f70b4c6da8999e1694c0e3f01"
        ],
        "Cache-Control": [
          "no-cache"
        ],
        "Date": [
          "Sun, 12 Apr 2015 03:20:18 GMT"
        ],
        "Server": [
          "1.0.6190.5879",
          "(rd_rdfe_n.150326-2000)",
          "Microsoft-HTTPAPI/2.0"
        ]
      },
      "StatusCode": 400
    },
    {
      "RequestUri": "/d2599f84-5099-4ef0-8548-d4765d6a0718/services/networking/virtualNetworkSiteName/gateway",
      "EncodedRequestUri": "L2QyNTk5Zjg0LTUwOTktNGVmMC04NTQ4LWQ0NzY1ZDZhMDcxOC9zZXJ2aWNlcy9uZXR3b3JraW5nL3ZpcnR1YWxOZXR3b3JrU2l0ZU5hbWUvZ2F0ZXdheQ==",
      "RequestMethod": "DELETE",
      "RequestBody": "",
      "RequestHeaders": {
        "x-ms-version": [
          "2016-03-01"
        ],
        "User-Agent": [
          "Microsoft.WindowsAzure.Management.Network.NetworkManagementClient/1.0.0.0"
        ]
      },
      "ResponseBody": "<GatewayOperationAsyncResponse xmlns=\"http://schemas.microsoft.com/windowsazure\" xmlns:i=\"http://www.w3.org/2001/XMLSchema-instance\">\r\n  <ID>bc59860e-802a-c592-a496-1b924755745c</ID>\r\n</GatewayOperationAsyncResponse>",
      "ResponseHeaders": {
        "Content-Length": [
          "210"
        ],
        "Content-Type": [
          "application/xml; charset=utf-8"
        ],
        "Strict-Transport-Security": [
          "max-age=31536000; includeSubDomains"
        ],
        "x-ms-request-id": [
          "bc59860e802ac592a4961b924755745c"
        ],
        "Cache-Control": [
          "no-cache"
        ],
        "Date": [
          "Sun, 12 Apr 2015 03:20:21 GMT"
        ],
        "Server": [
          "1.0.6190.5879",
          "(rd_rdfe_n.150326-2000)",
          "Microsoft-HTTPAPI/2.0"
        ]
      },
      "StatusCode": 202
    },
    {
      "RequestUri": "/d2599f84-5099-4ef0-8548-d4765d6a0718/services/networking/operation/bc59860e-802a-c592-a496-1b924755745c",
      "EncodedRequestUri": "L2QyNTk5Zjg0LTUwOTktNGVmMC04NTQ4LWQ0NzY1ZDZhMDcxOC9zZXJ2aWNlcy9uZXR3b3JraW5nL29wZXJhdGlvbi9iYzU5ODYwZS04MDJhLWM1OTItYTQ5Ni0xYjkyNDc1NTc0NWM=",
      "RequestMethod": "GET",
      "RequestBody": "",
      "RequestHeaders": {
        "x-ms-version": [
          "2016-03-01"
        ],
        "User-Agent": [
          "Microsoft.WindowsAzure.Management.Network.NetworkManagementClient/1.0.0.0"
        ]
      },
      "ResponseBody": "<GatewayOperation xmlns=\"http://schemas.microsoft.com/windowsazure\" xmlns:i=\"http://www.w3.org/2001/XMLSchema-instance\">\r\n  <Data />\r\n  <ID>bc59860e-802a-c592-a496-1b924755745c</ID>\r\n  <OperationName>DeleteGateway</OperationName>\r\n  <OperationStartedTime>2015-04-12T03:20:20.4090708</OperationStartedTime>\r\n  <Status>InProgress</Status>\r\n</GatewayOperation>",
      "ResponseHeaders": {
        "Content-Length": [
          "334"
        ],
        "Content-Type": [
          "application/xml; charset=utf-8"
        ],
        "Strict-Transport-Security": [
          "max-age=31536000; includeSubDomains"
        ],
        "x-ms-request-id": [
          "6b3568928eaac03ba4880b3d48cdcc5e"
        ],
        "Cache-Control": [
          "no-cache"
        ],
        "Date": [
          "Sun, 12 Apr 2015 03:20:21 GMT"
        ],
        "Server": [
          "1.0.6190.5879",
          "(rd_rdfe_n.150326-2000)",
          "Microsoft-HTTPAPI/2.0"
        ]
      },
      "StatusCode": 200
    },
    {
      "RequestUri": "/d2599f84-5099-4ef0-8548-d4765d6a0718/services/networking/operation/bc59860e-802a-c592-a496-1b924755745c",
      "EncodedRequestUri": "L2QyNTk5Zjg0LTUwOTktNGVmMC04NTQ4LWQ0NzY1ZDZhMDcxOC9zZXJ2aWNlcy9uZXR3b3JraW5nL29wZXJhdGlvbi9iYzU5ODYwZS04MDJhLWM1OTItYTQ5Ni0xYjkyNDc1NTc0NWM=",
      "RequestMethod": "GET",
      "RequestBody": "",
      "RequestHeaders": {
        "x-ms-version": [
          "2016-03-01"
        ],
        "User-Agent": [
          "Microsoft.WindowsAzure.Management.Network.NetworkManagementClient/1.0.0.0"
        ]
      },
      "ResponseBody": "<GatewayOperation xmlns=\"http://schemas.microsoft.com/windowsazure\" xmlns:i=\"http://www.w3.org/2001/XMLSchema-instance\">\r\n  <Data />\r\n  <ID>bc59860e-802a-c592-a496-1b924755745c</ID>\r\n  <OperationName>DeleteGateway</OperationName>\r\n  <OperationStartedTime>2015-04-12T03:20:20.4090708</OperationStartedTime>\r\n  <Status>InProgress</Status>\r\n</GatewayOperation>",
      "ResponseHeaders": {
        "Content-Length": [
          "334"
        ],
        "Content-Type": [
          "application/xml; charset=utf-8"
        ],
        "Strict-Transport-Security": [
          "max-age=31536000; includeSubDomains"
        ],
        "x-ms-request-id": [
          "c8889582006fcdeeb6ab4250b49256f3"
        ],
        "Cache-Control": [
          "no-cache"
        ],
        "Date": [
          "Sun, 12 Apr 2015 03:20:52 GMT"
        ],
        "Server": [
          "1.0.6190.5879",
          "(rd_rdfe_n.150326-2000)",
          "Microsoft-HTTPAPI/2.0"
        ]
      },
      "StatusCode": 200
    },
    {
      "RequestUri": "/d2599f84-5099-4ef0-8548-d4765d6a0718/services/networking/operation/bc59860e-802a-c592-a496-1b924755745c",
      "EncodedRequestUri": "L2QyNTk5Zjg0LTUwOTktNGVmMC04NTQ4LWQ0NzY1ZDZhMDcxOC9zZXJ2aWNlcy9uZXR3b3JraW5nL29wZXJhdGlvbi9iYzU5ODYwZS04MDJhLWM1OTItYTQ5Ni0xYjkyNDc1NTc0NWM=",
      "RequestMethod": "GET",
      "RequestBody": "",
      "RequestHeaders": {
        "x-ms-version": [
          "2016-03-01"
        ],
        "User-Agent": [
          "Microsoft.WindowsAzure.Management.Network.NetworkManagementClient/1.0.0.0"
        ]
      },
      "ResponseBody": "<GatewayOperation xmlns=\"http://schemas.microsoft.com/windowsazure\" xmlns:i=\"http://www.w3.org/2001/XMLSchema-instance\">\r\n  <Data />\r\n  <HttpStatusCode>OK</HttpStatusCode>\r\n  <ID>bc59860e-802a-c592-a496-1b924755745c</ID>\r\n  <OperationCompletedTime>2015-04-12T03:21:14.3767232</OperationCompletedTime>\r\n  <OperationName>DeleteGateway</OperationName>\r\n  <OperationStartedTime>2015-04-12T03:20:20.4090708</OperationStartedTime>\r\n  <Status>Successful</Status>\r\n</GatewayOperation>",
      "ResponseHeaders": {
        "Content-Length": [
          "445"
        ],
        "Content-Type": [
          "application/xml; charset=utf-8"
        ],
        "Strict-Transport-Security": [
          "max-age=31536000; includeSubDomains"
        ],
        "x-ms-request-id": [
          "8ff5b5e55462cd52adc905d84a504ca9"
        ],
        "Cache-Control": [
          "no-cache"
        ],
        "Date": [
          "Sun, 12 Apr 2015 03:21:23 GMT"
        ],
        "Server": [
          "1.0.6190.5879",
          "(rd_rdfe_n.150326-2000)",
          "Microsoft-HTTPAPI/2.0"
        ]
      },
      "StatusCode": 200
    },
    {
      "RequestUri": "/d2599f84-5099-4ef0-8548-d4765d6a0718/operations/3e66642179e1cab4b4ba1e3f33671584",
      "EncodedRequestUri": "L2QyNTk5Zjg0LTUwOTktNGVmMC04NTQ4LWQ0NzY1ZDZhMDcxOC9vcGVyYXRpb25zLzNlNjY2NDIxNzllMWNhYjRiNGJhMWUzZjMzNjcxNTg0",
      "RequestMethod": "GET",
      "RequestBody": "",
      "RequestHeaders": {
        "x-ms-version": [
          "2016-03-01"
        ],
        "User-Agent": [
          "Microsoft.WindowsAzure.Management.Network.NetworkManagementClient/1.0.0.0"
        ]
      },
      "ResponseBody": "<Operation xmlns=\"http://schemas.microsoft.com/windowsazure\" xmlns:i=\"http://www.w3.org/2001/XMLSchema-instance\">\r\n  <ID>3e666421-79e1-cab4-b4ba-1e3f33671584</ID>\r\n  <Status>InProgress</Status>\r\n</Operation>",
      "ResponseHeaders": {
        "Content-Length": [
          "197"
        ],
        "Content-Type": [
          "application/xml; charset=utf-8"
        ],
        "Strict-Transport-Security": [
          "max-age=31536000; includeSubDomains"
        ],
        "x-ms-request-id": [
          "b31aa3a84d88cddfb1b202a1f5c7c29a"
        ],
        "Cache-Control": [
          "no-cache"
        ],
        "Date": [
          "Sun, 12 Apr 2015 03:21:26 GMT"
        ],
        "Server": [
          "1.0.6190.5879",
          "(rd_rdfe_n.150326-2000)",
          "Microsoft-HTTPAPI/2.0"
        ]
      },
      "StatusCode": 200
    },
    {
      "RequestUri": "/d2599f84-5099-4ef0-8548-d4765d6a0718/operations/3e66642179e1cab4b4ba1e3f33671584",
      "EncodedRequestUri": "L2QyNTk5Zjg0LTUwOTktNGVmMC04NTQ4LWQ0NzY1ZDZhMDcxOC9vcGVyYXRpb25zLzNlNjY2NDIxNzllMWNhYjRiNGJhMWUzZjMzNjcxNTg0",
      "RequestMethod": "GET",
      "RequestBody": "",
      "RequestHeaders": {
        "x-ms-version": [
          "2016-03-01"
        ],
        "User-Agent": [
          "Microsoft.WindowsAzure.Management.Network.NetworkManagementClient/1.0.0.0"
        ]
      },
      "ResponseBody": "<Operation xmlns=\"http://schemas.microsoft.com/windowsazure\" xmlns:i=\"http://www.w3.org/2001/XMLSchema-instance\">\r\n  <ID>3e666421-79e1-cab4-b4ba-1e3f33671584</ID>\r\n  <Status>InProgress</Status>\r\n</Operation>",
      "ResponseHeaders": {
        "Content-Length": [
          "197"
        ],
        "Content-Type": [
          "application/xml; charset=utf-8"
        ],
        "Strict-Transport-Security": [
          "max-age=31536000; includeSubDomains"
        ],
        "x-ms-request-id": [
          "76766329fef2c35cbcdf6bcf3ef81af0"
        ],
        "Cache-Control": [
          "no-cache"
        ],
        "Date": [
          "Sun, 12 Apr 2015 03:21:58 GMT"
        ],
        "Server": [
          "1.0.6190.5879",
          "(rd_rdfe_n.150326-2000)",
          "Microsoft-HTTPAPI/2.0"
        ]
      },
      "StatusCode": 200
    },
    {
      "RequestUri": "/d2599f84-5099-4ef0-8548-d4765d6a0718/operations/3e66642179e1cab4b4ba1e3f33671584",
      "EncodedRequestUri": "L2QyNTk5Zjg0LTUwOTktNGVmMC04NTQ4LWQ0NzY1ZDZhMDcxOC9vcGVyYXRpb25zLzNlNjY2NDIxNzllMWNhYjRiNGJhMWUzZjMzNjcxNTg0",
      "RequestMethod": "GET",
      "RequestBody": "",
      "RequestHeaders": {
        "x-ms-version": [
          "2016-03-01"
        ],
        "User-Agent": [
          "Microsoft.WindowsAzure.Management.Network.NetworkManagementClient/1.0.0.0"
        ]
      },
      "ResponseBody": "<Operation xmlns=\"http://schemas.microsoft.com/windowsazure\" xmlns:i=\"http://www.w3.org/2001/XMLSchema-instance\">\r\n  <ID>3e666421-79e1-cab4-b4ba-1e3f33671584</ID>\r\n  <Status>InProgress</Status>\r\n</Operation>",
      "ResponseHeaders": {
        "Content-Length": [
          "197"
        ],
        "Content-Type": [
          "application/xml; charset=utf-8"
        ],
        "Strict-Transport-Security": [
          "max-age=31536000; includeSubDomains"
        ],
        "x-ms-request-id": [
          "b8880960b416cd76a5de7794615c45e9"
        ],
        "Cache-Control": [
          "no-cache"
        ],
        "Date": [
          "Sun, 12 Apr 2015 03:22:28 GMT"
        ],
        "Server": [
          "1.0.6190.5879",
          "(rd_rdfe_n.150326-2000)",
          "Microsoft-HTTPAPI/2.0"
        ]
      },
      "StatusCode": 200
    },
    {
      "RequestUri": "/d2599f84-5099-4ef0-8548-d4765d6a0718/operations/3e66642179e1cab4b4ba1e3f33671584",
      "EncodedRequestUri": "L2QyNTk5Zjg0LTUwOTktNGVmMC04NTQ4LWQ0NzY1ZDZhMDcxOC9vcGVyYXRpb25zLzNlNjY2NDIxNzllMWNhYjRiNGJhMWUzZjMzNjcxNTg0",
      "RequestMethod": "GET",
      "RequestBody": "",
      "RequestHeaders": {
        "x-ms-version": [
          "2016-03-01"
        ],
        "User-Agent": [
          "Microsoft.WindowsAzure.Management.Network.NetworkManagementClient/1.0.0.0"
        ]
      },
      "ResponseBody": "<Operation xmlns=\"http://schemas.microsoft.com/windowsazure\" xmlns:i=\"http://www.w3.org/2001/XMLSchema-instance\">\r\n  <ID>3e666421-79e1-cab4-b4ba-1e3f33671584</ID>\r\n  <Status>InProgress</Status>\r\n</Operation>",
      "ResponseHeaders": {
        "Content-Length": [
          "197"
        ],
        "Content-Type": [
          "application/xml; charset=utf-8"
        ],
        "Strict-Transport-Security": [
          "max-age=31536000; includeSubDomains"
        ],
        "x-ms-request-id": [
          "8ddf57511f44ce67a4587bdb4464f43b"
        ],
        "Cache-Control": [
          "no-cache"
        ],
        "Date": [
          "Sun, 12 Apr 2015 03:22:59 GMT"
        ],
        "Server": [
          "1.0.6190.5879",
          "(rd_rdfe_n.150326-2000)",
          "Microsoft-HTTPAPI/2.0"
        ]
      },
      "StatusCode": 200
    },
    {
      "RequestUri": "/d2599f84-5099-4ef0-8548-d4765d6a0718/operations/3e66642179e1cab4b4ba1e3f33671584",
      "EncodedRequestUri": "L2QyNTk5Zjg0LTUwOTktNGVmMC04NTQ4LWQ0NzY1ZDZhMDcxOC9vcGVyYXRpb25zLzNlNjY2NDIxNzllMWNhYjRiNGJhMWUzZjMzNjcxNTg0",
      "RequestMethod": "GET",
      "RequestBody": "",
      "RequestHeaders": {
        "x-ms-version": [
          "2016-03-01"
        ],
        "User-Agent": [
          "Microsoft.WindowsAzure.Management.Network.NetworkManagementClient/1.0.0.0"
        ]
      },
      "ResponseBody": "<Operation xmlns=\"http://schemas.microsoft.com/windowsazure\" xmlns:i=\"http://www.w3.org/2001/XMLSchema-instance\">\r\n  <ID>3e666421-79e1-cab4-b4ba-1e3f33671584</ID>\r\n  <Status>InProgress</Status>\r\n</Operation>",
      "ResponseHeaders": {
        "Content-Length": [
          "197"
        ],
        "Content-Type": [
          "application/xml; charset=utf-8"
        ],
        "Strict-Transport-Security": [
          "max-age=31536000; includeSubDomains"
        ],
        "x-ms-request-id": [
          "0d897b880b11c094b408dabcc302255f"
        ],
        "Cache-Control": [
          "no-cache"
        ],
        "Date": [
          "Sun, 12 Apr 2015 03:23:29 GMT"
        ],
        "Server": [
          "1.0.6190.5879",
          "(rd_rdfe_n.150326-2000)",
          "Microsoft-HTTPAPI/2.0"
        ]
      },
      "StatusCode": 200
    },
    {
      "RequestUri": "/d2599f84-5099-4ef0-8548-d4765d6a0718/operations/3e66642179e1cab4b4ba1e3f33671584",
      "EncodedRequestUri": "L2QyNTk5Zjg0LTUwOTktNGVmMC04NTQ4LWQ0NzY1ZDZhMDcxOC9vcGVyYXRpb25zLzNlNjY2NDIxNzllMWNhYjRiNGJhMWUzZjMzNjcxNTg0",
      "RequestMethod": "GET",
      "RequestBody": "",
      "RequestHeaders": {
        "x-ms-version": [
          "2016-03-01"
        ],
        "User-Agent": [
          "Microsoft.WindowsAzure.Management.Network.NetworkManagementClient/1.0.0.0"
        ]
      },
      "ResponseBody": "<Operation xmlns=\"http://schemas.microsoft.com/windowsazure\" xmlns:i=\"http://www.w3.org/2001/XMLSchema-instance\">\r\n  <ID>3e666421-79e1-cab4-b4ba-1e3f33671584</ID>\r\n  <Status>Succeeded</Status>\r\n  <HttpStatusCode>200</HttpStatusCode>\r\n</Operation>",
      "ResponseHeaders": {
        "Content-Length": [
          "232"
        ],
        "Content-Type": [
          "application/xml; charset=utf-8"
        ],
        "Strict-Transport-Security": [
          "max-age=31536000; includeSubDomains"
        ],
        "x-ms-request-id": [
          "25f872e9f2a8c52a8c948b0ad1b8f646"
        ],
        "Cache-Control": [
          "no-cache"
        ],
        "Date": [
          "Sun, 12 Apr 2015 03:23:59 GMT"
        ],
        "Server": [
          "1.0.6190.5879",
          "(rd_rdfe_n.150326-2000)",
          "Microsoft-HTTPAPI/2.0"
        ]
      },
      "StatusCode": 200
    }
  ],
  "Names": {},
  "Variables": {
    "SubscriptionId": "d2599f84-5099-4ef0-8548-d4765d6a0718"
  }
}
