{
  "Entries": [
    {
      "RequestUri": "https://tfcc0190a5162cce1.azurecr.io/v2/oci-artifact/blobs/uploads/",
      "RequestMethod": "POST",
      "RequestHeaders": {
        "Accept": "application/json",
        "Content-Length": "0",
        "traceparent": "00-96e7bfbf1c2b77a25fceaf976b86a5d9-6f9c9899211f653c-00",
        "User-Agent": "azsdk-net-Containers.ContainerRegistry/1.1.0-alpha.20230321.1 (.NET 6.0.15; Microsoft Windows 10.0.22621)",
        "x-ms-client-request-id": "3802fb4e164a3d3202712b713f207b45",
        "x-ms-return-client-request-id": "true"
      },
      "RequestBody": null,
      "StatusCode": 401,
      "ResponseHeaders": {
        "Access-Control-Expose-Headers": [
          "Docker-Content-Digest",
          "WWW-Authenticate",
          "Link",
          "X-Ms-Correlation-Request-Id"
        ],
        "Connection": "keep-alive",
        "Content-Length": "266",
        "Content-Type": "application/json; charset=utf-8",
        "Date": "Tue, 21 Mar 2023 22:47:27 GMT",
        "Docker-Distribution-Api-Version": "registry/2.0",
        "Server": "openresty",
        "Strict-Transport-Security": [
          "max-age=31536000; includeSubDomains",
          "max-age=31536000; includeSubDomains"
        ],
        "WWW-Authenticate": "Bearer realm=\u0022https://tfcc0190a5162cce1.azurecr.io/oauth2/token\u0022,service=\u0022tfcc0190a5162cce1.azurecr.io\u0022,scope=\u0022repository:oci-artifact:push,pull\u0022",
        "X-Content-Type-Options": "nosniff",
        "X-Ms-Correlation-Request-Id": "e9a58f1a-6d2e-4052-9ed8-f0dec3af6d77"
      },
      "ResponseBody": {
        "errors": [
          {
            "code": "UNAUTHORIZED",
            "message": "authentication required, visit https://aka.ms/acr/authorization for more information.",
            "detail": [
              {
                "Type": "repository",
                "Name": "oci-artifact",
                "Action": "pull"
              },
              {
                "Type": "repository",
                "Name": "oci-artifact",
                "Action": "push"
              }
            ]
          }
        ]
      }
    },
    {
      "RequestUri": "https://tfcc0190a5162cce1.azurecr.io/oauth2/exchange?api-version=2021-07-01",
      "RequestMethod": "POST",
      "RequestHeaders": {
        "Accept": "application/json",
        "Content-Length": "83",
        "Content-Type": "application/x-www-form-urlencoded",
        "traceparent": "00-96e7bfbf1c2b77a25fceaf976b86a5d9-9b4ae50431b975cf-00",
        "User-Agent": "azsdk-net-Containers.ContainerRegistry/1.1.0-alpha.20230321.1 (.NET 6.0.15; Microsoft Windows 10.0.22621)",
        "x-ms-client-request-id": "7d013d8c0e9a111ad4c833ea47a8c241",
        "x-ms-return-client-request-id": "true"
      },
      "RequestBody": "grant_type=access_token\u0026service=tfcc0190a5162cce1.azurecr.io\u0026access_token=Sanitized",
      "StatusCode": 200,
      "ResponseHeaders": {
        "Connection": "keep-alive",
        "Content-Type": "application/json; charset=utf-8",
        "Date": "Tue, 21 Mar 2023 22:47:27 GMT",
        "Server": "openresty",
        "Strict-Transport-Security": "max-age=31536000; includeSubDomains",
        "Transfer-Encoding": "chunked",
        "X-Ms-Correlation-Request-Id": "af328e15-2e33-43ae-be19-e1db6cf4b7ad",
        "x-ms-ratelimit-remaining-calls-per-second": "166.65"
      },
      "ResponseBody": {
        "refresh_token": "Sanitized.eyJleHAiOjI2MjU1MTg4NDN9.Sanitized"
      }
    },
    {
      "RequestUri": "https://tfcc0190a5162cce1.azurecr.io/oauth2/token?api-version=2021-07-01",
      "RequestMethod": "POST",
      "RequestHeaders": {
        "Accept": "application/json",
        "Content-Length": "131",
        "Content-Type": "application/x-www-form-urlencoded",
        "traceparent": "00-96e7bfbf1c2b77a25fceaf976b86a5d9-a721acb039b69644-00",
        "User-Agent": "azsdk-net-Containers.ContainerRegistry/1.1.0-alpha.20230321.1 (.NET 6.0.15; Microsoft Windows 10.0.22621)",
        "x-ms-client-request-id": "204ae252024fa110ef3177d36cd218b4",
        "x-ms-return-client-request-id": "true"
      },
      "RequestBody": "service=tfcc0190a5162cce1.azurecr.io\u0026scope=repository%3Aoci-artifact%3Apush%2Cpull\u0026refresh_token=Sanitized\u0026grant_type=refresh_token",
      "StatusCode": 200,
      "ResponseHeaders": {
        "Connection": "keep-alive",
        "Content-Type": "application/json; charset=utf-8",
        "Date": "Tue, 21 Mar 2023 22:47:28 GMT",
        "Server": "openresty",
        "Strict-Transport-Security": "max-age=31536000; includeSubDomains",
        "Transfer-Encoding": "chunked",
        "X-Ms-Correlation-Request-Id": "8ed1752b-cb7a-4bc0-9910-9bab5562bd3c",
        "x-ms-ratelimit-remaining-calls-per-second": "166.633333"
      },
      "ResponseBody": {
        "access_token": "Sanitized"
      }
    },
    {
      "RequestUri": "https://tfcc0190a5162cce1.azurecr.io/v2/oci-artifact/blobs/uploads/",
      "RequestMethod": "POST",
      "RequestHeaders": {
        "Accept": "application/json",
        "Authorization": "Sanitized",
        "Content-Length": "0",
        "traceparent": "00-96e7bfbf1c2b77a25fceaf976b86a5d9-6f9c9899211f653c-00",
        "User-Agent": "azsdk-net-Containers.ContainerRegistry/1.1.0-alpha.20230321.1 (.NET 6.0.15; Microsoft Windows 10.0.22621)",
        "x-ms-client-request-id": "3802fb4e164a3d3202712b713f207b45",
        "x-ms-return-client-request-id": "true"
      },
      "RequestBody": null,
      "StatusCode": 202,
      "ResponseHeaders": {
        "Access-Control-Expose-Headers": [
          "Docker-Content-Digest",
          "WWW-Authenticate",
          "Link",
          "X-Ms-Correlation-Request-Id"
        ],
        "Connection": "keep-alive",
        "Content-Length": "0",
        "Date": "Tue, 21 Mar 2023 22:47:28 GMT",
        "Docker-Distribution-Api-Version": "registry/2.0",
        "Docker-Upload-Uuid": "1f40de2f-0ea9-4f0d-b6c3-6415c41c0db0",
        "Location": "/v2/oci-artifact/blobs/uploads/1f40de2f-0ea9-4f0d-b6c3-6415c41c0db0?_nouploadcache=false\u0026_state=WimxJ9DZdKFVKquWWQLDgTSqgJYvkYwEK5LJll4nPhp7Ik5hbWUiOiJvY2ktYXJ0aWZhY3QiLCJVVUlEIjoiMWY0MGRlMmYtMGVhOS00ZjBkLWI2YzMtNjQxNWM0MWMwZGIwIiwiT2Zmc2V0IjowLCJTdGFydGVkQXQiOiIyMDIzLTAzLTIxVDIyOjQ3OjI4LjExMDI0NjEyOVoifQ%3D%3D",
        "Range": "0-0",
        "Server": "openresty",
        "Strict-Transport-Security": [
          "max-age=31536000; includeSubDomains",
          "max-age=31536000; includeSubDomains"
        ],
        "X-Content-Type-Options": "nosniff",
        "X-Ms-Client-Request-Id": "3802fb4e164a3d3202712b713f207b45",
        "X-Ms-Correlation-Request-Id": "45d86a9b-69b3-4ff8-9baf-88f7c7dbcb33",
        "X-Ms-Request-Id": "6a71460e-6a7e-4c5f-bc10-c87b77d0c77d"
      },
      "ResponseBody": null
    },
    {
      "RequestUri": "https://tfcc0190a5162cce1.azurecr.io/v2/oci-artifact/blobs/uploads/1f40de2f-0ea9-4f0d-b6c3-6415c41c0db0?_nouploadcache=false\u0026_state=WimxJ9DZdKFVKquWWQLDgTSqgJYvkYwEK5LJll4nPhp7Ik5hbWUiOiJvY2ktYXJ0aWZhY3QiLCJVVUlEIjoiMWY0MGRlMmYtMGVhOS00ZjBkLWI2YzMtNjQxNWM0MWMwZGIwIiwiT2Zmc2V0IjowLCJTdGFydGVkQXQiOiIyMDIzLTAzLTIxVDIyOjQ3OjI4LjExMDI0NjEyOVoifQ%3D%3D",
      "RequestMethod": "PATCH",
      "RequestHeaders": {
        "Accept": "application/json",
        "Content-Length": "171",
        "Content-Type": "application/octet-stream",
        "traceparent": "00-96e7bfbf1c2b77a25fceaf976b86a5d9-d699ce72e64e1b52-00",
        "User-Agent": "azsdk-net-Containers.ContainerRegistry/1.1.0-alpha.20230321.1 (.NET 6.0.15; Microsoft Windows 10.0.22621)",
        "x-ms-client-request-id": "83b09ab2470a3f30e0f06382e248f55a",
        "x-ms-return-client-request-id": "true"
      },
      "RequestBody": "H4sIAAAAAAAA/\u002BzRwcrCMBAE4Dn/8L9DD551tulmn6dUq4VioUb06VUsORU8aRQx32VzSjYzi2bYt90WKZGkmU2T5HxOZ6lo6lTNPCjUUlFo0q2i4yHUI8hn75l/7kvE/lf1GLq2bsIynMOr37jn4b1/3L\u002BrYv9lWYkDxYkoireE\u002BOP9Xy87bNCjx4ACJwwY0WONf/x9erUsy7IsoVsAAAD//yO/fykACgAA",
      "StatusCode": 401,
      "ResponseHeaders": {
        "Access-Control-Expose-Headers": [
          "Docker-Content-Digest",
          "WWW-Authenticate",
          "Link",
          "X-Ms-Correlation-Request-Id"
        ],
        "Connection": "keep-alive",
        "Content-Length": "266",
        "Content-Type": "application/json; charset=utf-8",
        "Date": "Tue, 21 Mar 2023 22:47:28 GMT",
        "Docker-Distribution-Api-Version": "registry/2.0",
        "Server": "openresty",
        "Strict-Transport-Security": [
          "max-age=31536000; includeSubDomains",
          "max-age=31536000; includeSubDomains"
        ],
        "WWW-Authenticate": "Bearer realm=\u0022https://tfcc0190a5162cce1.azurecr.io/oauth2/token\u0022,service=\u0022tfcc0190a5162cce1.azurecr.io\u0022,scope=\u0022repository:oci-artifact:pull,push\u0022",
        "X-Content-Type-Options": "nosniff",
        "X-Ms-Correlation-Request-Id": "78cf8fa3-59f5-467b-93bd-8315966ffa20"
      },
      "ResponseBody": {
        "errors": [
          {
            "code": "UNAUTHORIZED",
            "message": "authentication required, visit https://aka.ms/acr/authorization for more information.",
            "detail": [
              {
                "Type": "repository",
                "Name": "oci-artifact",
                "Action": "pull"
              },
              {
                "Type": "repository",
                "Name": "oci-artifact",
                "Action": "push"
              }
            ]
          }
        ]
      }
    },
    {
      "RequestUri": "https://tfcc0190a5162cce1.azurecr.io/oauth2/token?api-version=2021-07-01",
      "RequestMethod": "POST",
      "RequestHeaders": {
        "Accept": "application/json",
        "Content-Length": "131",
        "Content-Type": "application/x-www-form-urlencoded",
        "traceparent": "00-96e7bfbf1c2b77a25fceaf976b86a5d9-8fe2c8191eae7f07-00",
        "User-Agent": "azsdk-net-Containers.ContainerRegistry/1.1.0-alpha.20230321.1 (.NET 6.0.15; Microsoft Windows 10.0.22621)",
        "x-ms-client-request-id": "5c1ee9af5ad58af62d608e699647a501",
        "x-ms-return-client-request-id": "true"
      },
      "RequestBody": "service=tfcc0190a5162cce1.azurecr.io\u0026scope=repository%3Aoci-artifact%3Apull%2Cpush\u0026refresh_token=Sanitized\u0026grant_type=refresh_token",
      "StatusCode": 200,
      "ResponseHeaders": {
        "Connection": "keep-alive",
        "Content-Type": "application/json; charset=utf-8",
        "Date": "Tue, 21 Mar 2023 22:47:28 GMT",
        "Server": "openresty",
        "Strict-Transport-Security": "max-age=31536000; includeSubDomains",
        "Transfer-Encoding": "chunked",
        "X-Ms-Correlation-Request-Id": "8b9dea1b-68e9-436d-bdd7-6e9459b874a5",
        "x-ms-ratelimit-remaining-calls-per-second": "166.616667"
      },
      "ResponseBody": {
        "access_token": "Sanitized"
      }
    },
    {
      "RequestUri": "https://tfcc0190a5162cce1.azurecr.io/v2/oci-artifact/blobs/uploads/1f40de2f-0ea9-4f0d-b6c3-6415c41c0db0?_nouploadcache=false\u0026_state=WimxJ9DZdKFVKquWWQLDgTSqgJYvkYwEK5LJll4nPhp7Ik5hbWUiOiJvY2ktYXJ0aWZhY3QiLCJVVUlEIjoiMWY0MGRlMmYtMGVhOS00ZjBkLWI2YzMtNjQxNWM0MWMwZGIwIiwiT2Zmc2V0IjowLCJTdGFydGVkQXQiOiIyMDIzLTAzLTIxVDIyOjQ3OjI4LjExMDI0NjEyOVoifQ%3D%3D",
      "RequestMethod": "PATCH",
      "RequestHeaders": {
        "Accept": "application/json",
        "Authorization": "Sanitized",
        "Content-Length": "171",
        "Content-Type": "application/octet-stream",
        "traceparent": "00-96e7bfbf1c2b77a25fceaf976b86a5d9-d699ce72e64e1b52-00",
        "User-Agent": "azsdk-net-Containers.ContainerRegistry/1.1.0-alpha.20230321.1 (.NET 6.0.15; Microsoft Windows 10.0.22621)",
        "x-ms-client-request-id": "83b09ab2470a3f30e0f06382e248f55a",
        "x-ms-return-client-request-id": "true"
      },
      "RequestBody": "H4sIAAAAAAAA/\u002BzRwcrCMBAE4Dn/8L9DD551tulmn6dUq4VioUb06VUsORU8aRQx32VzSjYzi2bYt90WKZGkmU2T5HxOZ6lo6lTNPCjUUlFo0q2i4yHUI8hn75l/7kvE/lf1GLq2bsIynMOr37jn4b1/3L\u002BrYv9lWYkDxYkoireE\u002BOP9Xy87bNCjx4ACJwwY0WONf/x9erUsy7IsoVsAAAD//yO/fykACgAA",
      "StatusCode": 202,
      "ResponseHeaders": {
        "Access-Control-Expose-Headers": [
          "Docker-Content-Digest",
          "WWW-Authenticate",
          "Link",
          "X-Ms-Correlation-Request-Id"
        ],
        "Connection": "keep-alive",
        "Content-Length": "0",
        "Date": "Tue, 21 Mar 2023 22:47:28 GMT",
        "Docker-Distribution-Api-Version": "registry/2.0",
        "Docker-Upload-Uuid": "1f40de2f-0ea9-4f0d-b6c3-6415c41c0db0",
        "Location": "/v2/oci-artifact/blobs/uploads/1f40de2f-0ea9-4f0d-b6c3-6415c41c0db0?_nouploadcache=false\u0026_state=MShdZwKjxQP6Ewtevn5XifRdOpLHA6VHIDndp_ouY9F7Ik5hbWUiOiJvY2ktYXJ0aWZhY3QiLCJVVUlEIjoiMWY0MGRlMmYtMGVhOS00ZjBkLWI2YzMtNjQxNWM0MWMwZGIwIiwiT2Zmc2V0IjoxNzEsIlN0YXJ0ZWRBdCI6IjIwMjMtMDMtMjFUMjI6NDc6MjhaIn0%3D",
        "Range": "0-170",
        "Server": "openresty",
        "Strict-Transport-Security": [
          "max-age=31536000; includeSubDomains",
          "max-age=31536000; includeSubDomains"
        ],
        "X-Content-Type-Options": "nosniff",
        "X-Ms-Client-Request-Id": "83b09ab2470a3f30e0f06382e248f55a",
        "X-Ms-Correlation-Request-Id": "c3e769c0-79c9-42ee-b4e8-b60e3610ca26",
        "X-Ms-Request-Id": "e4d80ed8-9724-45e8-b8ec-dbc6e36a67af"
      },
      "ResponseBody": null
    },
    {
      "RequestUri": "https://tfcc0190a5162cce1.azurecr.io/v2/oci-artifact/blobs/uploads/1f40de2f-0ea9-4f0d-b6c3-6415c41c0db0?_nouploadcache=false\u0026_state=MShdZwKjxQP6Ewtevn5XifRdOpLHA6VHIDndp_ouY9F7Ik5hbWUiOiJvY2ktYXJ0aWZhY3QiLCJVVUlEIjoiMWY0MGRlMmYtMGVhOS00ZjBkLWI2YzMtNjQxNWM0MWMwZGIwIiwiT2Zmc2V0IjoxNzEsIlN0YXJ0ZWRBdCI6IjIwMjMtMDMtMjFUMjI6NDc6MjhaIn0%3D\u0026digest=sha256%3Ad25b42d3dbad5361ed2d909624d899e7254a822c9a632b582ebd3a44f9b0dbc8",
      "RequestMethod": "PUT",
      "RequestHeaders": {
        "Accept": "application/json",
        "Content-Length": "0",
        "traceparent": "00-96e7bfbf1c2b77a25fceaf976b86a5d9-f57e8b1c7b8fb64a-00",
        "User-Agent": "azsdk-net-Containers.ContainerRegistry/1.1.0-alpha.20230321.1 (.NET 6.0.15; Microsoft Windows 10.0.22621)",
        "x-ms-client-request-id": "ad377eb03ef70a36b20b405e9e8ebea7",
        "x-ms-return-client-request-id": "true"
      },
      "RequestBody": null,
      "StatusCode": 401,
      "ResponseHeaders": {
        "Access-Control-Expose-Headers": [
          "Docker-Content-Digest",
          "WWW-Authenticate",
          "Link",
          "X-Ms-Correlation-Request-Id"
        ],
        "Connection": "keep-alive",
        "Content-Length": "266",
        "Content-Type": "application/json; charset=utf-8",
        "Date": "Tue, 21 Mar 2023 22:47:28 GMT",
        "Docker-Distribution-Api-Version": "registry/2.0",
        "Server": "openresty",
        "Strict-Transport-Security": [
          "max-age=31536000; includeSubDomains",
          "max-age=31536000; includeSubDomains"
        ],
        "WWW-Authenticate": "Bearer realm=\u0022https://tfcc0190a5162cce1.azurecr.io/oauth2/token\u0022,service=\u0022tfcc0190a5162cce1.azurecr.io\u0022,scope=\u0022repository:oci-artifact:pull,push\u0022",
        "X-Content-Type-Options": "nosniff",
        "X-Ms-Correlation-Request-Id": "3191fcf2-5643-4564-b39f-8532bfb65db8"
      },
      "ResponseBody": {
        "errors": [
          {
            "code": "UNAUTHORIZED",
            "message": "authentication required, visit https://aka.ms/acr/authorization for more information.",
            "detail": [
              {
                "Type": "repository",
                "Name": "oci-artifact",
                "Action": "pull"
              },
              {
                "Type": "repository",
                "Name": "oci-artifact",
                "Action": "push"
              }
            ]
          }
        ]
      }
    },
    {
      "RequestUri": "https://tfcc0190a5162cce1.azurecr.io/oauth2/token?api-version=2021-07-01",
      "RequestMethod": "POST",
      "RequestHeaders": {
        "Accept": "application/json",
        "Content-Length": "131",
        "Content-Type": "application/x-www-form-urlencoded",
        "traceparent": "00-96e7bfbf1c2b77a25fceaf976b86a5d9-a0c4b7e903446773-00",
        "User-Agent": "azsdk-net-Containers.ContainerRegistry/1.1.0-alpha.20230321.1 (.NET 6.0.15; Microsoft Windows 10.0.22621)",
        "x-ms-client-request-id": "82231d3bbbb357dea32656aab9c7a899",
        "x-ms-return-client-request-id": "true"
      },
      "RequestBody": "service=tfcc0190a5162cce1.azurecr.io\u0026scope=repository%3Aoci-artifact%3Apull%2Cpush\u0026refresh_token=Sanitized\u0026grant_type=refresh_token",
      "StatusCode": 200,
      "ResponseHeaders": {
        "Connection": "keep-alive",
        "Content-Type": "application/json; charset=utf-8",
        "Date": "Tue, 21 Mar 2023 22:47:28 GMT",
        "Server": "openresty",
        "Strict-Transport-Security": "max-age=31536000; includeSubDomains",
        "Transfer-Encoding": "chunked",
        "X-Ms-Correlation-Request-Id": "09dd3241-85bc-4c81-9f05-cfbde8383838",
        "x-ms-ratelimit-remaining-calls-per-second": "166.6"
      },
      "ResponseBody": {
        "access_token": "Sanitized"
      }
    },
    {
      "RequestUri": "https://tfcc0190a5162cce1.azurecr.io/v2/oci-artifact/blobs/uploads/1f40de2f-0ea9-4f0d-b6c3-6415c41c0db0?_nouploadcache=false\u0026_state=MShdZwKjxQP6Ewtevn5XifRdOpLHA6VHIDndp_ouY9F7Ik5hbWUiOiJvY2ktYXJ0aWZhY3QiLCJVVUlEIjoiMWY0MGRlMmYtMGVhOS00ZjBkLWI2YzMtNjQxNWM0MWMwZGIwIiwiT2Zmc2V0IjoxNzEsIlN0YXJ0ZWRBdCI6IjIwMjMtMDMtMjFUMjI6NDc6MjhaIn0%3D\u0026digest=sha256%3Ad25b42d3dbad5361ed2d909624d899e7254a822c9a632b582ebd3a44f9b0dbc8",
      "RequestMethod": "PUT",
      "RequestHeaders": {
        "Accept": "application/json",
        "Authorization": "Sanitized",
        "Content-Length": "0",
        "traceparent": "00-96e7bfbf1c2b77a25fceaf976b86a5d9-f57e8b1c7b8fb64a-00",
        "User-Agent": "azsdk-net-Containers.ContainerRegistry/1.1.0-alpha.20230321.1 (.NET 6.0.15; Microsoft Windows 10.0.22621)",
        "x-ms-client-request-id": "ad377eb03ef70a36b20b405e9e8ebea7",
        "x-ms-return-client-request-id": "true"
      },
      "RequestBody": null,
      "StatusCode": 201,
      "ResponseHeaders": {
        "Access-Control-Expose-Headers": [
          "Docker-Content-Digest",
          "WWW-Authenticate",
          "Link",
          "X-Ms-Correlation-Request-Id"
        ],
        "Connection": "keep-alive",
        "Content-Length": "0",
        "Date": "Tue, 21 Mar 2023 22:47:28 GMT",
        "Docker-Content-Digest": "sha256:d25b42d3dbad5361ed2d909624d899e7254a822c9a632b582ebd3a44f9b0dbc8",
        "Docker-Distribution-Api-Version": "registry/2.0",
        "Location": "/v2/oci-artifact/blobs/sha256:d25b42d3dbad5361ed2d909624d899e7254a822c9a632b582ebd3a44f9b0dbc8",
        "Server": "openresty",
        "Strict-Transport-Security": [
          "max-age=31536000; includeSubDomains",
          "max-age=31536000; includeSubDomains"
        ],
        "X-Content-Type-Options": "nosniff",
        "X-Ms-Client-Request-Id": "ad377eb03ef70a36b20b405e9e8ebea7",
        "X-Ms-Correlation-Request-Id": "bf6318f1-0a8b-4ca5-baf4-d70c9a427760",
        "X-Ms-Request-Id": "ec0402c7-1bb4-4fca-aa57-a2dad029fbd6"
      },
      "ResponseBody": null
    },
    {
      "RequestUri": "https://tfcc0190a5162cce1.azurecr.io/v2/oci-artifact/blobs/uploads/",
      "RequestMethod": "POST",
      "RequestHeaders": {
        "Accept": "application/json",
        "Content-Length": "0",
        "traceparent": "00-4449c5b8bfb99eb9bfef3fa47a4ffa95-6782085a74e1e11d-00",
        "User-Agent": "azsdk-net-Containers.ContainerRegistry/1.1.0-alpha.20230321.1 (.NET 6.0.15; Microsoft Windows 10.0.22621)",
        "x-ms-client-request-id": "64d2624b48107062b314aaca1a98ec9e",
        "x-ms-return-client-request-id": "true"
      },
      "RequestBody": null,
      "StatusCode": 401,
      "ResponseHeaders": {
        "Access-Control-Expose-Headers": [
          "Docker-Content-Digest",
          "WWW-Authenticate",
          "Link",
          "X-Ms-Correlation-Request-Id"
        ],
        "Connection": "keep-alive",
        "Content-Length": "266",
        "Content-Type": "application/json; charset=utf-8",
        "Date": "Tue, 21 Mar 2023 22:47:28 GMT",
        "Docker-Distribution-Api-Version": "registry/2.0",
        "Server": "openresty",
        "Strict-Transport-Security": [
          "max-age=31536000; includeSubDomains",
          "max-age=31536000; includeSubDomains"
        ],
        "WWW-Authenticate": "Bearer realm=\u0022https://tfcc0190a5162cce1.azurecr.io/oauth2/token\u0022,service=\u0022tfcc0190a5162cce1.azurecr.io\u0022,scope=\u0022repository:oci-artifact:pull,push\u0022",
        "X-Content-Type-Options": "nosniff",
        "X-Ms-Correlation-Request-Id": "21ef8dc9-df13-4af2-ad4a-6f4b0b126847"
      },
      "ResponseBody": {
        "errors": [
          {
            "code": "UNAUTHORIZED",
            "message": "authentication required, visit https://aka.ms/acr/authorization for more information.",
            "detail": [
              {
                "Type": "repository",
                "Name": "oci-artifact",
                "Action": "pull"
              },
              {
                "Type": "repository",
                "Name": "oci-artifact",
                "Action": "push"
              }
            ]
          }
        ]
      }
    },
    {
      "RequestUri": "https://tfcc0190a5162cce1.azurecr.io/oauth2/token?api-version=2021-07-01",
      "RequestMethod": "POST",
      "RequestHeaders": {
        "Accept": "application/json",
        "Content-Length": "131",
        "Content-Type": "application/x-www-form-urlencoded",
        "traceparent": "00-4449c5b8bfb99eb9bfef3fa47a4ffa95-cf1faa1cf7c754a0-00",
        "User-Agent": "azsdk-net-Containers.ContainerRegistry/1.1.0-alpha.20230321.1 (.NET 6.0.15; Microsoft Windows 10.0.22621)",
        "x-ms-client-request-id": "792de7a12323f54d9fe009d1e88c51eb",
        "x-ms-return-client-request-id": "true"
      },
      "RequestBody": "service=tfcc0190a5162cce1.azurecr.io\u0026scope=repository%3Aoci-artifact%3Apull%2Cpush\u0026refresh_token=Sanitized\u0026grant_type=refresh_token",
      "StatusCode": 200,
      "ResponseHeaders": {
        "Connection": "keep-alive",
        "Content-Type": "application/json; charset=utf-8",
        "Date": "Tue, 21 Mar 2023 22:47:28 GMT",
        "Server": "openresty",
        "Strict-Transport-Security": "max-age=31536000; includeSubDomains",
        "Transfer-Encoding": "chunked",
        "X-Ms-Correlation-Request-Id": "73edee29-6e53-4ec9-98a7-f7aab356d293",
        "x-ms-ratelimit-remaining-calls-per-second": "166.583333"
      },
      "ResponseBody": {
        "access_token": "Sanitized"
      }
    },
    {
      "RequestUri": "https://tfcc0190a5162cce1.azurecr.io/v2/oci-artifact/blobs/uploads/",
      "RequestMethod": "POST",
      "RequestHeaders": {
        "Accept": "application/json",
        "Authorization": "Sanitized",
        "Content-Length": "0",
        "traceparent": "00-4449c5b8bfb99eb9bfef3fa47a4ffa95-6782085a74e1e11d-00",
        "User-Agent": "azsdk-net-Containers.ContainerRegistry/1.1.0-alpha.20230321.1 (.NET 6.0.15; Microsoft Windows 10.0.22621)",
        "x-ms-client-request-id": "64d2624b48107062b314aaca1a98ec9e",
        "x-ms-return-client-request-id": "true"
      },
      "RequestBody": null,
      "StatusCode": 202,
      "ResponseHeaders": {
        "Access-Control-Expose-Headers": [
          "Docker-Content-Digest",
          "WWW-Authenticate",
          "Link",
          "X-Ms-Correlation-Request-Id"
        ],
        "Connection": "keep-alive",
        "Content-Length": "0",
        "Date": "Tue, 21 Mar 2023 22:47:28 GMT",
        "Docker-Distribution-Api-Version": "registry/2.0",
        "Docker-Upload-Uuid": "6957a815-0243-4ad2-9b1f-029aaff58655",
        "Location": "/v2/oci-artifact/blobs/uploads/6957a815-0243-4ad2-9b1f-029aaff58655?_nouploadcache=false\u0026_state=gbscPyh3t59Tzr1VXAbbQMgmLvvfDZWs1dVUDS1Hfn17Ik5hbWUiOiJvY2ktYXJ0aWZhY3QiLCJVVUlEIjoiNjk1N2E4MTUtMDI0My00YWQyLTliMWYtMDI5YWFmZjU4NjU1IiwiT2Zmc2V0IjowLCJTdGFydGVkQXQiOiIyMDIzLTAzLTIxVDIyOjQ3OjI4LjcxMTkwMTg4M1oifQ%3D%3D",
        "Range": "0-0",
        "Server": "openresty",
        "Strict-Transport-Security": [
          "max-age=31536000; includeSubDomains",
          "max-age=31536000; includeSubDomains"
        ],
        "X-Content-Type-Options": "nosniff",
        "X-Ms-Client-Request-Id": "64d2624b48107062b314aaca1a98ec9e",
        "X-Ms-Correlation-Request-Id": "ed19225c-f9a7-4ee5-a734-48f87a306fd2",
        "X-Ms-Request-Id": "6e0d1b19-f144-47d5-9c37-0680be63a2b7"
      },
      "ResponseBody": null
    },
    {
      "RequestUri": "https://tfcc0190a5162cce1.azurecr.io/v2/oci-artifact/blobs/uploads/6957a815-0243-4ad2-9b1f-029aaff58655?_nouploadcache=false\u0026_state=gbscPyh3t59Tzr1VXAbbQMgmLvvfDZWs1dVUDS1Hfn17Ik5hbWUiOiJvY2ktYXJ0aWZhY3QiLCJVVUlEIjoiNjk1N2E4MTUtMDI0My00YWQyLTliMWYtMDI5YWFmZjU4NjU1IiwiT2Zmc2V0IjowLCJTdGFydGVkQXQiOiIyMDIzLTAzLTIxVDIyOjQ3OjI4LjcxMTkwMTg4M1oifQ%3D%3D",
      "RequestMethod": "PATCH",
      "RequestHeaders": {
        "Accept": "application/json",
        "Content-Length": "28",
        "Content-Type": "application/octet-stream",
        "traceparent": "00-4449c5b8bfb99eb9bfef3fa47a4ffa95-59f4d9ca56a3bc7a-00",
        "User-Agent": "azsdk-net-Containers.ContainerRegistry/1.1.0-alpha.20230321.1 (.NET 6.0.15; Microsoft Windows 10.0.22621)",
        "x-ms-client-request-id": "3b13a6625abcf397bbb3cf9f10143c0b",
        "x-ms-return-client-request-id": "true"
      },
      "RequestBody": "//5oAGUAbABsAG8AIAB3AG8AcgBsAGQADQAKAA==",
      "StatusCode": 401,
      "ResponseHeaders": {
        "Access-Control-Expose-Headers": [
          "Docker-Content-Digest",
          "WWW-Authenticate",
          "Link",
          "X-Ms-Correlation-Request-Id"
        ],
        "Connection": "keep-alive",
        "Content-Length": "266",
        "Content-Type": "application/json; charset=utf-8",
        "Date": "Tue, 21 Mar 2023 22:47:28 GMT",
        "Docker-Distribution-Api-Version": "registry/2.0",
        "Server": "openresty",
        "Strict-Transport-Security": [
          "max-age=31536000; includeSubDomains",
          "max-age=31536000; includeSubDomains"
        ],
        "WWW-Authenticate": "Bearer realm=\u0022https://tfcc0190a5162cce1.azurecr.io/oauth2/token\u0022,service=\u0022tfcc0190a5162cce1.azurecr.io\u0022,scope=\u0022repository:oci-artifact:pull,push\u0022",
        "X-Content-Type-Options": "nosniff",
        "X-Ms-Correlation-Request-Id": "f6e07b0e-8ac2-4b3b-9f15-e6b4788287db"
      },
      "ResponseBody": {
        "errors": [
          {
            "code": "UNAUTHORIZED",
            "message": "authentication required, visit https://aka.ms/acr/authorization for more information.",
            "detail": [
              {
                "Type": "repository",
                "Name": "oci-artifact",
                "Action": "pull"
              },
              {
                "Type": "repository",
                "Name": "oci-artifact",
                "Action": "push"
              }
            ]
          }
        ]
      }
    },
    {
      "RequestUri": "https://tfcc0190a5162cce1.azurecr.io/oauth2/token?api-version=2021-07-01",
      "RequestMethod": "POST",
      "RequestHeaders": {
        "Accept": "application/json",
        "Content-Length": "131",
        "Content-Type": "application/x-www-form-urlencoded",
        "traceparent": "00-4449c5b8bfb99eb9bfef3fa47a4ffa95-62dbe4277a0b55f0-00",
        "User-Agent": "azsdk-net-Containers.ContainerRegistry/1.1.0-alpha.20230321.1 (.NET 6.0.15; Microsoft Windows 10.0.22621)",
        "x-ms-client-request-id": "d208b83a2f99277514ddc42f3f908826",
        "x-ms-return-client-request-id": "true"
      },
      "RequestBody": "service=tfcc0190a5162cce1.azurecr.io\u0026scope=repository%3Aoci-artifact%3Apull%2Cpush\u0026refresh_token=Sanitized\u0026grant_type=refresh_token",
      "StatusCode": 200,
      "ResponseHeaders": {
        "Connection": "keep-alive",
        "Content-Type": "application/json; charset=utf-8",
        "Date": "Tue, 21 Mar 2023 22:47:28 GMT",
        "Server": "openresty",
        "Strict-Transport-Security": "max-age=31536000; includeSubDomains",
        "Transfer-Encoding": "chunked",
        "X-Ms-Correlation-Request-Id": "e39f9798-a650-439f-ae14-4a5e8820909e",
        "x-ms-ratelimit-remaining-calls-per-second": "166.566667"
      },
      "ResponseBody": {
        "access_token": "Sanitized"
      }
    },
    {
      "RequestUri": "https://tfcc0190a5162cce1.azurecr.io/v2/oci-artifact/blobs/uploads/6957a815-0243-4ad2-9b1f-029aaff58655?_nouploadcache=false\u0026_state=gbscPyh3t59Tzr1VXAbbQMgmLvvfDZWs1dVUDS1Hfn17Ik5hbWUiOiJvY2ktYXJ0aWZhY3QiLCJVVUlEIjoiNjk1N2E4MTUtMDI0My00YWQyLTliMWYtMDI5YWFmZjU4NjU1IiwiT2Zmc2V0IjowLCJTdGFydGVkQXQiOiIyMDIzLTAzLTIxVDIyOjQ3OjI4LjcxMTkwMTg4M1oifQ%3D%3D",
      "RequestMethod": "PATCH",
      "RequestHeaders": {
        "Accept": "application/json",
        "Authorization": "Sanitized",
        "Content-Length": "28",
        "Content-Type": "application/octet-stream",
        "traceparent": "00-4449c5b8bfb99eb9bfef3fa47a4ffa95-59f4d9ca56a3bc7a-00",
        "User-Agent": "azsdk-net-Containers.ContainerRegistry/1.1.0-alpha.20230321.1 (.NET 6.0.15; Microsoft Windows 10.0.22621)",
        "x-ms-client-request-id": "3b13a6625abcf397bbb3cf9f10143c0b",
        "x-ms-return-client-request-id": "true"
      },
      "RequestBody": "//5oAGUAbABsAG8AIAB3AG8AcgBsAGQADQAKAA==",
      "StatusCode": 202,
      "ResponseHeaders": {
        "Access-Control-Expose-Headers": [
          "Docker-Content-Digest",
          "WWW-Authenticate",
          "Link",
          "X-Ms-Correlation-Request-Id"
        ],
        "Connection": "keep-alive",
        "Content-Length": "0",
        "Date": "Tue, 21 Mar 2023 22:47:28 GMT",
        "Docker-Distribution-Api-Version": "registry/2.0",
        "Docker-Upload-Uuid": "6957a815-0243-4ad2-9b1f-029aaff58655",
        "Location": "/v2/oci-artifact/blobs/uploads/6957a815-0243-4ad2-9b1f-029aaff58655?_nouploadcache=false\u0026_state=p3s-O_geRkVALz5E9EUxxh5rebJTm-ezH64DDRid7OF7Ik5hbWUiOiJvY2ktYXJ0aWZhY3QiLCJVVUlEIjoiNjk1N2E4MTUtMDI0My00YWQyLTliMWYtMDI5YWFmZjU4NjU1IiwiT2Zmc2V0IjoyOCwiU3RhcnRlZEF0IjoiMjAyMy0wMy0yMVQyMjo0NzoyOFoifQ%3D%3D",
        "Range": "0-27",
        "Server": "openresty",
        "Strict-Transport-Security": [
          "max-age=31536000; includeSubDomains",
          "max-age=31536000; includeSubDomains"
        ],
        "X-Content-Type-Options": "nosniff",
        "X-Ms-Client-Request-Id": "3b13a6625abcf397bbb3cf9f10143c0b",
        "X-Ms-Correlation-Request-Id": "8dea8685-0ba2-4a2a-8440-a6444e621b02",
        "X-Ms-Request-Id": "d7adf40a-ce94-4c51-9194-5ea3e5fc80fc"
      },
      "ResponseBody": null
    },
    {
      "RequestUri": "https://tfcc0190a5162cce1.azurecr.io/v2/oci-artifact/blobs/uploads/6957a815-0243-4ad2-9b1f-029aaff58655?_nouploadcache=false\u0026_state=p3s-O_geRkVALz5E9EUxxh5rebJTm-ezH64DDRid7OF7Ik5hbWUiOiJvY2ktYXJ0aWZhY3QiLCJVVUlEIjoiNjk1N2E4MTUtMDI0My00YWQyLTliMWYtMDI5YWFmZjU4NjU1IiwiT2Zmc2V0IjoyOCwiU3RhcnRlZEF0IjoiMjAyMy0wMy0yMVQyMjo0NzoyOFoifQ%3D%3D\u0026digest=sha256%3A654b93f61054e4ce90ed203bb8d556a6200d5f906cf3eca0620738d6dc18cbed",
      "RequestMethod": "PUT",
      "RequestHeaders": {
        "Accept": "application/json",
        "Content-Length": "0",
        "traceparent": "00-4449c5b8bfb99eb9bfef3fa47a4ffa95-b293e272ad3cc108-00",
        "User-Agent": "azsdk-net-Containers.ContainerRegistry/1.1.0-alpha.20230321.1 (.NET 6.0.15; Microsoft Windows 10.0.22621)",
        "x-ms-client-request-id": "7368bec2b08447e24f39be7054aee48b",
        "x-ms-return-client-request-id": "true"
      },
      "RequestBody": null,
      "StatusCode": 401,
      "ResponseHeaders": {
        "Access-Control-Expose-Headers": [
          "Docker-Content-Digest",
          "WWW-Authenticate",
          "Link",
          "X-Ms-Correlation-Request-Id"
        ],
        "Connection": "keep-alive",
        "Content-Length": "266",
        "Content-Type": "application/json; charset=utf-8",
        "Date": "Tue, 21 Mar 2023 22:47:28 GMT",
        "Docker-Distribution-Api-Version": "registry/2.0",
        "Server": "openresty",
        "Strict-Transport-Security": [
          "max-age=31536000; includeSubDomains",
          "max-age=31536000; includeSubDomains"
        ],
        "WWW-Authenticate": "Bearer realm=\u0022https://tfcc0190a5162cce1.azurecr.io/oauth2/token\u0022,service=\u0022tfcc0190a5162cce1.azurecr.io\u0022,scope=\u0022repository:oci-artifact:pull,push\u0022",
        "X-Content-Type-Options": "nosniff",
        "X-Ms-Correlation-Request-Id": "702eca43-6f0c-4d66-b359-f04e256c6cda"
      },
      "ResponseBody": {
        "errors": [
          {
            "code": "UNAUTHORIZED",
            "message": "authentication required, visit https://aka.ms/acr/authorization for more information.",
            "detail": [
              {
                "Type": "repository",
                "Name": "oci-artifact",
                "Action": "pull"
              },
              {
                "Type": "repository",
                "Name": "oci-artifact",
                "Action": "push"
              }
            ]
          }
        ]
      }
    },
    {
      "RequestUri": "https://tfcc0190a5162cce1.azurecr.io/oauth2/token?api-version=2021-07-01",
      "RequestMethod": "POST",
      "RequestHeaders": {
        "Accept": "application/json",
        "Content-Length": "131",
        "Content-Type": "application/x-www-form-urlencoded",
        "traceparent": "00-4449c5b8bfb99eb9bfef3fa47a4ffa95-343b142486a0e46a-00",
        "User-Agent": "azsdk-net-Containers.ContainerRegistry/1.1.0-alpha.20230321.1 (.NET 6.0.15; Microsoft Windows 10.0.22621)",
        "x-ms-client-request-id": "2f97fda37f83325131eb27df9667b42a",
        "x-ms-return-client-request-id": "true"
      },
      "RequestBody": "service=tfcc0190a5162cce1.azurecr.io\u0026scope=repository%3Aoci-artifact%3Apull%2Cpush\u0026refresh_token=Sanitized\u0026grant_type=refresh_token",
      "StatusCode": 200,
      "ResponseHeaders": {
        "Connection": "keep-alive",
        "Content-Type": "application/json; charset=utf-8",
        "Date": "Tue, 21 Mar 2023 22:47:28 GMT",
        "Server": "openresty",
        "Strict-Transport-Security": "max-age=31536000; includeSubDomains",
        "Transfer-Encoding": "chunked",
        "X-Ms-Correlation-Request-Id": "d8027767-02af-4136-8496-7abf5186f760",
        "x-ms-ratelimit-remaining-calls-per-second": "166.55"
      },
      "ResponseBody": {
        "access_token": "Sanitized"
      }
    },
    {
      "RequestUri": "https://tfcc0190a5162cce1.azurecr.io/v2/oci-artifact/blobs/uploads/6957a815-0243-4ad2-9b1f-029aaff58655?_nouploadcache=false\u0026_state=p3s-O_geRkVALz5E9EUxxh5rebJTm-ezH64DDRid7OF7Ik5hbWUiOiJvY2ktYXJ0aWZhY3QiLCJVVUlEIjoiNjk1N2E4MTUtMDI0My00YWQyLTliMWYtMDI5YWFmZjU4NjU1IiwiT2Zmc2V0IjoyOCwiU3RhcnRlZEF0IjoiMjAyMy0wMy0yMVQyMjo0NzoyOFoifQ%3D%3D\u0026digest=sha256%3A654b93f61054e4ce90ed203bb8d556a6200d5f906cf3eca0620738d6dc18cbed",
      "RequestMethod": "PUT",
      "RequestHeaders": {
        "Accept": "application/json",
        "Authorization": "Sanitized",
        "Content-Length": "0",
        "traceparent": "00-4449c5b8bfb99eb9bfef3fa47a4ffa95-b293e272ad3cc108-00",
        "User-Agent": "azsdk-net-Containers.ContainerRegistry/1.1.0-alpha.20230321.1 (.NET 6.0.15; Microsoft Windows 10.0.22621)",
        "x-ms-client-request-id": "7368bec2b08447e24f39be7054aee48b",
        "x-ms-return-client-request-id": "true"
      },
      "RequestBody": null,
      "StatusCode": 201,
      "ResponseHeaders": {
        "Access-Control-Expose-Headers": [
          "Docker-Content-Digest",
          "WWW-Authenticate",
          "Link",
          "X-Ms-Correlation-Request-Id"
        ],
        "Connection": "keep-alive",
        "Content-Length": "0",
        "Date": "Tue, 21 Mar 2023 22:47:29 GMT",
        "Docker-Content-Digest": "sha256:654b93f61054e4ce90ed203bb8d556a6200d5f906cf3eca0620738d6dc18cbed",
        "Docker-Distribution-Api-Version": "registry/2.0",
        "Location": "/v2/oci-artifact/blobs/sha256:654b93f61054e4ce90ed203bb8d556a6200d5f906cf3eca0620738d6dc18cbed",
        "Server": "openresty",
        "Strict-Transport-Security": [
          "max-age=31536000; includeSubDomains",
          "max-age=31536000; includeSubDomains"
        ],
        "X-Content-Type-Options": "nosniff",
        "X-Ms-Client-Request-Id": "7368bec2b08447e24f39be7054aee48b",
        "X-Ms-Correlation-Request-Id": "98f80b47-b0f9-422f-8ab8-227fea5983b3",
        "X-Ms-Request-Id": "881ec054-11c9-4c0e-ab84-bd46b747c9b9"
      },
      "ResponseBody": null
    },
    {
      "RequestUri": "https://tfcc0190a5162cce1.azurecr.io/v2/oci-artifact/manifests/sha256%3Ae2fffb656966c98a0b7712672e996a58327eff7705fb3d8d9581fc16ef412d13",
      "RequestMethod": "PUT",
      "RequestHeaders": {
        "Accept": "application/json",
        "Content-Length": "399",
        "Content-Type": "application/vnd.oci.image.manifest.v1\u002Bjson",
        "traceparent": "00-ed691218658a6b6e32a014d066c68f43-7d75cc4d000460e5-00",
        "User-Agent": "azsdk-net-Containers.ContainerRegistry/1.1.0-alpha.20230321.1 (.NET 6.0.15; Microsoft Windows 10.0.22621)",
        "x-ms-client-request-id": "51dda82bc9ab8a87d6c182607105d266",
        "x-ms-return-client-request-id": "true"
      },
      "RequestBody": {
        "config": {
          "mediaType": "application/vnd.acme.rocket.config",
          "size": 171,
          "digest": "sha256:d25b42d3dbad5361ed2d909624d899e7254a822c9a632b582ebd3a44f9b0dbc8"
        },
        "layers": [
          {
            "mediaType": "application/vnd.oci.image.layer.v1.tar",
            "size": 28,
            "digest": "sha256:654b93f61054e4ce90ed203bb8d556a6200d5f906cf3eca0620738d6dc18cbed",
            "annotations": {
              "org.opencontainers.image.ref.name": "artifact.txt"
            }
          }
        ],
        "schemaVersion": 2
      },
      "StatusCode": 401,
      "ResponseHeaders": {
        "Access-Control-Expose-Headers": [
          "Docker-Content-Digest",
          "WWW-Authenticate",
          "Link",
          "X-Ms-Correlation-Request-Id"
        ],
        "Connection": "keep-alive",
        "Content-Length": "266",
        "Content-Type": "application/json; charset=utf-8",
        "Date": "Tue, 21 Mar 2023 22:47:29 GMT",
        "Docker-Distribution-Api-Version": "registry/2.0",
        "Server": "openresty",
        "Strict-Transport-Security": [
          "max-age=31536000; includeSubDomains",
          "max-age=31536000; includeSubDomains"
        ],
        "WWW-Authenticate": "Bearer realm=\u0022https://tfcc0190a5162cce1.azurecr.io/oauth2/token\u0022,service=\u0022tfcc0190a5162cce1.azurecr.io\u0022,scope=\u0022repository:oci-artifact:pull,push\u0022",
        "X-Content-Type-Options": "nosniff",
        "X-Ms-Correlation-Request-Id": "975aa765-02fd-43a7-85e6-df18fe5cf8be"
      },
      "ResponseBody": {
        "errors": [
          {
            "code": "UNAUTHORIZED",
            "message": "authentication required, visit https://aka.ms/acr/authorization for more information.",
            "detail": [
              {
                "Type": "repository",
                "Name": "oci-artifact",
                "Action": "pull"
              },
              {
                "Type": "repository",
                "Name": "oci-artifact",
                "Action": "push"
              }
            ]
          }
        ]
      }
    },
    {
      "RequestUri": "https://tfcc0190a5162cce1.azurecr.io/oauth2/token?api-version=2021-07-01",
      "RequestMethod": "POST",
      "RequestHeaders": {
        "Accept": "application/json",
        "Content-Length": "131",
        "Content-Type": "application/x-www-form-urlencoded",
        "traceparent": "00-ed691218658a6b6e32a014d066c68f43-e32a84f013e51fac-00",
        "User-Agent": "azsdk-net-Containers.ContainerRegistry/1.1.0-alpha.20230321.1 (.NET 6.0.15; Microsoft Windows 10.0.22621)",
        "x-ms-client-request-id": "418c38f858f943a36d3542988802b1e8",
        "x-ms-return-client-request-id": "true"
      },
      "RequestBody": "service=tfcc0190a5162cce1.azurecr.io\u0026scope=repository%3Aoci-artifact%3Apull%2Cpush\u0026refresh_token=Sanitized\u0026grant_type=refresh_token",
      "StatusCode": 200,
      "ResponseHeaders": {
        "Connection": "keep-alive",
        "Content-Type": "application/json; charset=utf-8",
        "Date": "Tue, 21 Mar 2023 22:47:29 GMT",
        "Server": "openresty",
        "Strict-Transport-Security": "max-age=31536000; includeSubDomains",
        "Transfer-Encoding": "chunked",
        "X-Ms-Correlation-Request-Id": "96832621-5e94-483a-842d-6e26a0aa3021",
        "x-ms-ratelimit-remaining-calls-per-second": "166.533333"
      },
      "ResponseBody": {
        "access_token": "Sanitized"
      }
    },
    {
      "RequestUri": "https://tfcc0190a5162cce1.azurecr.io/v2/oci-artifact/manifests/sha256%3Ae2fffb656966c98a0b7712672e996a58327eff7705fb3d8d9581fc16ef412d13",
      "RequestMethod": "PUT",
      "RequestHeaders": {
        "Accept": "application/json",
        "Authorization": "Sanitized",
        "Content-Length": "399",
        "Content-Type": "application/vnd.oci.image.manifest.v1\u002Bjson",
        "traceparent": "00-ed691218658a6b6e32a014d066c68f43-7d75cc4d000460e5-00",
        "User-Agent": "azsdk-net-Containers.ContainerRegistry/1.1.0-alpha.20230321.1 (.NET 6.0.15; Microsoft Windows 10.0.22621)",
        "x-ms-client-request-id": "51dda82bc9ab8a87d6c182607105d266",
        "x-ms-return-client-request-id": "true"
      },
      "RequestBody": {
        "config": {
          "mediaType": "application/vnd.acme.rocket.config",
          "size": 171,
          "digest": "sha256:d25b42d3dbad5361ed2d909624d899e7254a822c9a632b582ebd3a44f9b0dbc8"
        },
        "layers": [
          {
            "mediaType": "application/vnd.oci.image.layer.v1.tar",
            "size": 28,
            "digest": "sha256:654b93f61054e4ce90ed203bb8d556a6200d5f906cf3eca0620738d6dc18cbed",
            "annotations": {
              "org.opencontainers.image.ref.name": "artifact.txt"
            }
          }
        ],
        "schemaVersion": 2
      },
      "StatusCode": 201,
      "ResponseHeaders": {
        "Access-Control-Expose-Headers": [
          "Docker-Content-Digest",
          "WWW-Authenticate",
          "Link",
          "X-Ms-Correlation-Request-Id"
        ],
        "Connection": "keep-alive",
        "Content-Length": "0",
        "Date": "Tue, 21 Mar 2023 22:47:29 GMT",
        "Docker-Content-Digest": "sha256:e2fffb656966c98a0b7712672e996a58327eff7705fb3d8d9581fc16ef412d13",
        "Docker-Distribution-Api-Version": "registry/2.0",
        "Location": "/v2/oci-artifact/manifests/sha256:e2fffb656966c98a0b7712672e996a58327eff7705fb3d8d9581fc16ef412d13",
        "Server": "openresty",
        "Strict-Transport-Security": [
          "max-age=31536000; includeSubDomains",
          "max-age=31536000; includeSubDomains"
        ],
        "X-Content-Type-Options": "nosniff",
        "X-Ms-Client-Request-Id": "51dda82bc9ab8a87d6c182607105d266",
        "X-Ms-Correlation-Request-Id": "f4aac8ef-9ce0-4a90-b3ad-6e7b7d31d570",
        "X-Ms-Request-Id": "d4911c4e-26e0-4878-8294-84c9e74bdd3a"
      },
      "ResponseBody": null
    },
    {
      "RequestUri": "https://tfcc0190a5162cce1.azurecr.io/v2/oci-artifact/manifests/sha256%3Ae2fffb656966c98a0b7712672e996a58327eff7705fb3d8d9581fc16ef412d13",
      "RequestMethod": "GET",
      "RequestHeaders": {
        "Accept": "application/vnd.docker.distribution.manifest.v2\u002Bjson, application/vnd.docker.distribution.manifest.list.v2\u002Bjson, application/vnd.docker.container.image.v1\u002Bjson, application/vnd.oci.image.manifest.v1\u002Bjson, application/vnd.oci.image.index.v1\u002Bjson, application/json",
        "traceparent": "00-91203993ac6fc4fa08d617779a728158-6772e06b744b08d5-00",
        "User-Agent": "azsdk-net-Containers.ContainerRegistry/1.1.0-alpha.20230321.1 (.NET 6.0.15; Microsoft Windows 10.0.22621)",
        "x-ms-client-request-id": "ac44938592d0dadf760c59c1fdf1c12c",
        "x-ms-return-client-request-id": "true"
      },
      "RequestBody": null,
      "StatusCode": 401,
      "ResponseHeaders": {
        "Access-Control-Expose-Headers": [
          "Docker-Content-Digest",
          "WWW-Authenticate",
          "Link",
          "X-Ms-Correlation-Request-Id"
        ],
        "Connection": "keep-alive",
        "Content-Length": "206",
        "Content-Type": "application/json; charset=utf-8",
        "Date": "Tue, 21 Mar 2023 22:47:29 GMT",
        "Docker-Distribution-Api-Version": "registry/2.0",
        "Server": "openresty",
        "Strict-Transport-Security": [
          "max-age=31536000; includeSubDomains",
          "max-age=31536000; includeSubDomains"
        ],
        "WWW-Authenticate": "Bearer realm=\u0022https://tfcc0190a5162cce1.azurecr.io/oauth2/token\u0022,service=\u0022tfcc0190a5162cce1.azurecr.io\u0022,scope=\u0022repository:oci-artifact:pull\u0022",
        "X-Content-Type-Options": "nosniff",
        "X-Ms-Correlation-Request-Id": "cd987473-d3e5-4b67-936a-9ee686abbe33"
      },
      "ResponseBody": {
        "errors": [
          {
            "code": "UNAUTHORIZED",
            "message": "authentication required, visit https://aka.ms/acr/authorization for more information.",
            "detail": [
              {
                "Type": "repository",
                "Name": "oci-artifact",
                "Action": "pull"
              }
            ]
          }
        ]
      }
    },
    {
      "RequestUri": "https://tfcc0190a5162cce1.azurecr.io/oauth2/token?api-version=2021-07-01",
      "RequestMethod": "POST",
      "RequestHeaders": {
        "Accept": "application/json",
        "Content-Length": "124",
        "Content-Type": "application/x-www-form-urlencoded",
        "traceparent": "00-91203993ac6fc4fa08d617779a728158-be709fd9759b46aa-00",
        "User-Agent": "azsdk-net-Containers.ContainerRegistry/1.1.0-alpha.20230321.1 (.NET 6.0.15; Microsoft Windows 10.0.22621)",
        "x-ms-client-request-id": "5de6c01872dbd330059ae47686ee01d3",
        "x-ms-return-client-request-id": "true"
      },
      "RequestBody": "service=tfcc0190a5162cce1.azurecr.io\u0026scope=repository%3Aoci-artifact%3Apull\u0026refresh_token=Sanitized\u0026grant_type=refresh_token",
      "StatusCode": 200,
      "ResponseHeaders": {
        "Connection": "keep-alive",
        "Content-Type": "application/json; charset=utf-8",
        "Date": "Tue, 21 Mar 2023 22:47:29 GMT",
        "Server": "openresty",
        "Strict-Transport-Security": "max-age=31536000; includeSubDomains",
        "Transfer-Encoding": "chunked",
        "X-Ms-Correlation-Request-Id": "1bf8ce11-61b1-4b4b-bb62-732d18842c6f",
        "x-ms-ratelimit-remaining-calls-per-second": "166.516667"
      },
      "ResponseBody": {
        "access_token": "Sanitized"
      }
    },
    {
      "RequestUri": "https://tfcc0190a5162cce1.azurecr.io/v2/oci-artifact/manifests/sha256%3Ae2fffb656966c98a0b7712672e996a58327eff7705fb3d8d9581fc16ef412d13",
      "RequestMethod": "GET",
      "RequestHeaders": {
        "Accept": "application/vnd.docker.distribution.manifest.v2\u002Bjson, application/vnd.docker.distribution.manifest.list.v2\u002Bjson, application/vnd.docker.container.image.v1\u002Bjson, application/vnd.oci.image.manifest.v1\u002Bjson, application/vnd.oci.image.index.v1\u002Bjson, application/json",
        "Authorization": "Sanitized",
        "traceparent": "00-91203993ac6fc4fa08d617779a728158-6772e06b744b08d5-00",
        "User-Agent": "azsdk-net-Containers.ContainerRegistry/1.1.0-alpha.20230321.1 (.NET 6.0.15; Microsoft Windows 10.0.22621)",
        "x-ms-client-request-id": "ac44938592d0dadf760c59c1fdf1c12c",
        "x-ms-return-client-request-id": "true"
      },
      "RequestBody": null,
      "StatusCode": 200,
      "ResponseHeaders": {
        "Access-Control-Expose-Headers": [
          "Docker-Content-Digest",
          "WWW-Authenticate",
          "Link",
          "X-Ms-Correlation-Request-Id"
        ],
        "Connection": "keep-alive",
        "Content-Length": "399",
        "Content-Type": "application/vnd.oci.image.manifest.v1\u002Bjson",
        "Date": "Tue, 21 Mar 2023 22:47:29 GMT",
        "Docker-Content-Digest": "sha256:e2fffb656966c98a0b7712672e996a58327eff7705fb3d8d9581fc16ef412d13",
        "Docker-Distribution-Api-Version": "registry/2.0",
        "ETag": "\u0022sha256:e2fffb656966c98a0b7712672e996a58327eff7705fb3d8d9581fc16ef412d13\u0022",
        "Server": "openresty",
        "Strict-Transport-Security": [
          "max-age=31536000; includeSubDomains",
          "max-age=31536000; includeSubDomains"
        ],
        "X-Content-Type-Options": "nosniff",
        "X-Ms-Client-Request-Id": "ac44938592d0dadf760c59c1fdf1c12c",
        "X-Ms-Correlation-Request-Id": "1b1ce605-ea70-4424-8518-946154bbb60b",
        "X-Ms-Request-Id": "6bcfa490-8834-4cd3-823e-002237325f3f"
      },
      "ResponseBody": {
        "config": {
          "mediaType": "application/vnd.acme.rocket.config",
          "size": 171,
          "digest": "sha256:d25b42d3dbad5361ed2d909624d899e7254a822c9a632b582ebd3a44f9b0dbc8"
        },
        "layers": [
          {
            "mediaType": "application/vnd.oci.image.layer.v1.tar",
            "size": 28,
            "digest": "sha256:654b93f61054e4ce90ed203bb8d556a6200d5f906cf3eca0620738d6dc18cbed",
            "annotations": {
              "org.opencontainers.image.ref.name": "artifact.txt"
            }
          }
        ],
        "schemaVersion": 2
      }
    },
    {
      "RequestUri": "https://tfcc0190a5162cce1.azurecr.io/v2/oci-artifact/manifests/sha256%3Ae2fffb656966c98a0b7712672e996a58327eff7705fb3d8d9581fc16ef412d13",
      "RequestMethod": "DELETE",
      "RequestHeaders": {
        "Accept": "application/json",
        "traceparent": "00-b51df9a33654d8e4f4ea29725aa3565a-9204ffdd3cf573ea-00",
        "User-Agent": "azsdk-net-Containers.ContainerRegistry/1.1.0-alpha.20230321.1 (.NET 6.0.15; Microsoft Windows 10.0.22621)",
        "x-ms-client-request-id": "ddda991026c0659558b1caecfee1457c",
        "x-ms-return-client-request-id": "true"
      },
      "RequestBody": null,
      "StatusCode": 401,
      "ResponseHeaders": {
        "Access-Control-Expose-Headers": [
          "Docker-Content-Digest",
          "WWW-Authenticate",
          "Link",
          "X-Ms-Correlation-Request-Id"
        ],
        "Connection": "keep-alive",
        "Content-Length": "208",
        "Content-Type": "application/json; charset=utf-8",
        "Date": "Tue, 21 Mar 2023 22:47:29 GMT",
        "Docker-Distribution-Api-Version": "registry/2.0",
        "Server": "openresty",
        "Strict-Transport-Security": [
          "max-age=31536000; includeSubDomains",
          "max-age=31536000; includeSubDomains"
        ],
        "WWW-Authenticate": "Bearer realm=\u0022https://tfcc0190a5162cce1.azurecr.io/oauth2/token\u0022,service=\u0022tfcc0190a5162cce1.azurecr.io\u0022,scope=\u0022repository:oci-artifact:delete\u0022",
        "X-Content-Type-Options": "nosniff",
        "X-Ms-Correlation-Request-Id": "df132b56-dba5-48da-a03c-e3570e11dd9c"
      },
      "ResponseBody": {
        "errors": [
          {
            "code": "UNAUTHORIZED",
            "message": "authentication required, visit https://aka.ms/acr/authorization for more information.",
            "detail": [
              {
                "Type": "repository",
                "Name": "oci-artifact",
                "Action": "delete"
              }
            ]
          }
        ]
      }
    },
    {
      "RequestUri": "https://tfcc0190a5162cce1.azurecr.io/oauth2/token?api-version=2021-07-01",
      "RequestMethod": "POST",
      "RequestHeaders": {
        "Accept": "application/json",
        "Content-Length": "126",
        "Content-Type": "application/x-www-form-urlencoded",
        "traceparent": "00-b51df9a33654d8e4f4ea29725aa3565a-f43372a9a1dcffe5-00",
        "User-Agent": "azsdk-net-Containers.ContainerRegistry/1.1.0-alpha.20230321.1 (.NET 6.0.15; Microsoft Windows 10.0.22621)",
        "x-ms-client-request-id": "c7801674531b130d6371a636ae695388",
        "x-ms-return-client-request-id": "true"
      },
      "RequestBody": "service=tfcc0190a5162cce1.azurecr.io\u0026scope=repository%3Aoci-artifact%3Adelete\u0026refresh_token=Sanitized\u0026grant_type=refresh_token",
      "StatusCode": 200,
      "ResponseHeaders": {
        "Connection": "keep-alive",
        "Content-Type": "application/json; charset=utf-8",
        "Date": "Tue, 21 Mar 2023 22:47:29 GMT",
        "Server": "openresty",
        "Strict-Transport-Security": "max-age=31536000; includeSubDomains",
        "Transfer-Encoding": "chunked",
        "X-Ms-Correlation-Request-Id": "cd6dae4d-0bd7-4d08-b845-319a5137e22d",
        "x-ms-ratelimit-remaining-calls-per-second": "166.5"
      },
      "ResponseBody": {
        "access_token": "Sanitized"
      }
    },
    {
      "RequestUri": "https://tfcc0190a5162cce1.azurecr.io/v2/oci-artifact/manifests/sha256%3Ae2fffb656966c98a0b7712672e996a58327eff7705fb3d8d9581fc16ef412d13",
      "RequestMethod": "DELETE",
      "RequestHeaders": {
        "Accept": "application/json",
        "Authorization": "Sanitized",
        "traceparent": "00-b51df9a33654d8e4f4ea29725aa3565a-9204ffdd3cf573ea-00",
        "User-Agent": "azsdk-net-Containers.ContainerRegistry/1.1.0-alpha.20230321.1 (.NET 6.0.15; Microsoft Windows 10.0.22621)",
        "x-ms-client-request-id": "ddda991026c0659558b1caecfee1457c",
        "x-ms-return-client-request-id": "true"
      },
      "RequestBody": null,
      "StatusCode": 202,
      "ResponseHeaders": {
        "Access-Control-Expose-Headers": [
          "Docker-Content-Digest",
          "WWW-Authenticate",
          "Link",
          "X-Ms-Correlation-Request-Id"
        ],
        "Connection": "keep-alive",
        "Content-Length": "0",
        "Date": "Tue, 21 Mar 2023 22:47:29 GMT",
        "Docker-Distribution-Api-Version": "registry/2.0",
        "Server": "openresty",
        "Strict-Transport-Security": [
          "max-age=31536000; includeSubDomains",
          "max-age=31536000; includeSubDomains"
        ],
        "X-Content-Type-Options": "nosniff",
        "X-Ms-Client-Request-Id": "ddda991026c0659558b1caecfee1457c",
        "X-Ms-Correlation-Request-Id": "8ff1ad09-84b1-4359-a96a-dd1c25973795",
        "X-Ms-Ratelimit-Remaining-Calls-Per-Second": "8.000000",
        "X-Ms-Request-Id": "d9e54d6f-4454-4322-8941-e998f0a3b093"
      },
      "ResponseBody": null
    }
  ],
  "Variables": {
    "AZURE_AUTHORITY_HOST": "https://login.microsoftonline.com/",
    "CONTAINERREGISTRY_ENDPOINT": "https://tfcc0190a5162cce1.azurecr.io",
    "RandomSeed": "1554550721"
  }
}
