{
  "Entries": [
    {
      "RequestUri": "/subscriptions/3312c132-fc40-493f-9c97-82d80256a313/providers/Microsoft.Web?api-version=2015-11-01",
      "RequestMethod": "GET",
      "RequestBody": "",
      "RequestHeaders": {
        "x-ms-client-request-id": [
          "6405cc10-7128-4caa-ab3a-5bfc1eb106b9"
        ],
        "accept-language": [
          "en-US"
        ],
        "User-Agent": [
          "Microsoft.Azure.Management.Resources.ResourceManagementClient/3.0.0.0"
        ]
      },
      "ResponseBody": "{\r\n  \"id\": \"/subscriptions/3312c132-fc40-493f-9c97-82d80256a313/providers/Microsoft.Web\",\r\n  \"namespace\": \"Microsoft.Web\",\r\n  \"authorization\": {\r\n    \"applicationId\": \"abfa0a7c-a6b6-4736-8310-5855508787cd\",\r\n    \"roleDefinitionId\": \"f47ed98b-b063-4a5b-9e10-4b9b44fa7735\"\r\n  },\r\n  \"resourceTypes\": [\r\n    {\r\n      \"resourceType\": \"sites/extensions\",\r\n      \"locations\": [\r\n        \"West US\",\r\n        \"East US\",\r\n        \"East US 2\"\r\n      ],\r\n      \"apiVersions\": [\r\n        \"2015-08-01\",\r\n        \"2015-06-01\",\r\n        \"2015-05-01\",\r\n        \"2015-04-01-privatepreview\",\r\n        \"2015-04-01\",\r\n        \"2015-02-01-privatepreview\",\r\n        \"2015-02-01\",\r\n        \"2014-11-01-privatepreview\",\r\n        \"2014-11-01\",\r\n        \"2014-06-01\",\r\n        \"2014-04-01\"\r\n      ]\r\n    },\r\n    {\r\n      \"resourceType\": \"sites/slots/extensions\",\r\n      \"locations\": [\r\n        \"West US\",\r\n        \"East US\",\r\n        \"East US 2\"\r\n      ],\r\n      \"apiVersions\": [\r\n        \"2015-08-01\",\r\n        \"2015-06-01\",\r\n        \"2015-05-01\",\r\n        \"2015-04-01-privatepreview\",\r\n        \"2015-04-01\",\r\n        \"2015-02-01-privatepreview\",\r\n        \"2015-02-01\",\r\n        \"2014-11-01-privatepreview\",\r\n        \"2014-11-01\",\r\n        \"2014-06-01\",\r\n        \"2014-04-01\"\r\n      ]\r\n    },\r\n    {\r\n      \"resourceType\": \"sites/instances\",\r\n      \"locations\": [\r\n        \"West US\",\r\n        \"East US\",\r\n        \"East US 2\"\r\n      ],\r\n      \"apiVersions\": [\r\n        \"2015-08-01\",\r\n        \"2015-06-01\",\r\n        \"2015-05-01\",\r\n        \"2015-04-01-privatepreview\",\r\n        \"2015-04-01\",\r\n        \"2015-02-01-privatepreview\",\r\n        \"2015-02-01\",\r\n        \"2014-11-01-privatepreview\",\r\n        \"2014-11-01\",\r\n        \"2014-06-01\",\r\n        \"2014-04-01\"\r\n      ]\r\n    },\r\n    {\r\n      \"resourceType\": \"sites/slots/instances\",\r\n      \"locations\": [\r\n        \"West US\",\r\n        \"East US\",\r\n        \"East US 2\"\r\n      ],\r\n      \"apiVersions\": [\r\n        \"2015-08-01\",\r\n        \"2015-06-01\",\r\n        \"2015-05-01\",\r\n        \"2015-04-01-privatepreview\",\r\n        \"2015-04-01\",\r\n        \"2015-02-01-privatepreview\",\r\n        \"2015-02-01\",\r\n        \"2014-11-01-privatepreview\",\r\n        \"2014-11-01\",\r\n        \"2014-06-01\",\r\n        \"2014-04-01\"\r\n      ]\r\n    },\r\n    {\r\n      \"resourceType\": \"sites/instances/extensions\",\r\n      \"locations\": [\r\n        \"West US\",\r\n        \"East US\",\r\n        \"East US 2\"\r\n      ],\r\n      \"apiVersions\": [\r\n        \"2015-08-01\",\r\n        \"2015-06-01\",\r\n        \"2015-05-01\",\r\n        \"2015-04-01-privatepreview\",\r\n        \"2015-04-01\",\r\n        \"2015-02-01-privatepreview\",\r\n        \"2015-02-01\",\r\n        \"2014-11-01-privatepreview\",\r\n        \"2014-11-01\",\r\n        \"2014-06-01\",\r\n        \"2014-04-01\"\r\n      ]\r\n    },\r\n    {\r\n      \"resourceType\": \"sites/slots/instances/extensions\",\r\n      \"locations\": [\r\n        \"West US\",\r\n        \"East US\",\r\n        \"East US 2\"\r\n      ],\r\n      \"apiVersions\": [\r\n        \"2015-08-01-privatepreview\",\r\n        \"2015-08-01\",\r\n        \"2015-06-01\",\r\n        \"2015-05-01\",\r\n        \"2015-04-01-privatepreview\",\r\n        \"2015-04-01\",\r\n        \"2015-02-01-privatepreview\",\r\n        \"2015-02-01\",\r\n        \"2014-11-01-privatepreview\",\r\n        \"2014-11-01\",\r\n        \"2014-06-01\",\r\n        \"2014-04-01\"\r\n      ]\r\n    },\r\n    {\r\n      \"resourceType\": \"publishingUsers\",\r\n      \"locations\": [\r\n        \"West US\",\r\n        \"East US\",\r\n        \"East US 2\"\r\n      ],\r\n      \"apiVersions\": [\r\n        \"2015-08-01-privatepreview\",\r\n        \"2015-08-01\",\r\n        \"2015-06-01\",\r\n        \"2015-05-01\",\r\n        \"2015-04-01-privatepreview\",\r\n        \"2015-04-01\",\r\n        \"2015-02-01-privatepreview\",\r\n        \"2015-02-01\",\r\n        \"2014-11-01-privatepreview\",\r\n        \"2014-11-01\",\r\n        \"2014-06-01\",\r\n        \"2014-04-01-privatepreview\",\r\n        \"2014-04-01\"\r\n      ]\r\n    },\r\n    {\r\n      \"resourceType\": \"ishostnameavailable\",\r\n      \"locations\": [\r\n        \"West US\",\r\n        \"East US\",\r\n        \"East US 2\"\r\n      ],\r\n      \"apiVersions\": [\r\n        \"2015-08-01-privatepreview\",\r\n        \"2015-08-01\",\r\n        \"2015-06-01\",\r\n        \"2015-05-01\",\r\n        \"2015-04-01-privatepreview\",\r\n        \"2015-04-01\",\r\n        \"2015-02-01-privatepreview\",\r\n        \"2015-02-01\",\r\n        \"2014-11-01-privatepreview\",\r\n        \"2014-11-01\",\r\n        \"2014-06-01\",\r\n        \"2014-04-01-privatepreview\",\r\n        \"2014-04-01\"\r\n      ]\r\n    },\r\n    {\r\n      \"resourceType\": \"sourceControls\",\r\n      \"locations\": [\r\n        \"West US\",\r\n        \"East US\",\r\n        \"East US 2\"\r\n      ],\r\n      \"apiVersions\": [\r\n        \"2015-08-01\",\r\n        \"2015-06-01\",\r\n        \"2015-05-01\",\r\n        \"2015-04-01-privatepreview\",\r\n        \"2015-04-01\",\r\n        \"2015-02-01-privatepreview\",\r\n        \"2015-02-01\",\r\n        \"2014-11-01-privatepreview\",\r\n        \"2014-11-01\",\r\n        \"2014-06-01\",\r\n        \"2014-04-01-privatepreview\",\r\n        \"2014-04-01\"\r\n      ]\r\n    },\r\n    {\r\n      \"resourceType\": \"operations\",\r\n      \"locations\": [\r\n        \"West US\",\r\n        \"East US\",\r\n        \"East US 2\"\r\n      ],\r\n      \"apiVersions\": [\r\n        \"2015-08-01-privatepreview\",\r\n        \"2015-08-01\",\r\n        \"2015-06-01\",\r\n        \"2015-05-01\",\r\n        \"2015-04-01-privatepreview\",\r\n        \"2015-04-01\",\r\n        \"2015-02-01-privatepreview\",\r\n        \"2015-02-01\",\r\n        \"2014-11-01-privatepreview\",\r\n        \"2014-11-01\",\r\n        \"2014-06-01\",\r\n        \"2014-04-01-privatepreview\",\r\n        \"2014-04-01\"\r\n      ]\r\n    },\r\n    {\r\n      \"resourceType\": \"listSitesAssignedToHostName\",\r\n      \"locations\": [\r\n        \"West US\",\r\n        \"East US\",\r\n        \"East US 2\"\r\n      ],\r\n      \"apiVersions\": [\r\n        \"2015-08-01\",\r\n        \"2015-04-01-privatepreview\",\r\n        \"2015-04-01\",\r\n        \"2015-02-01-privatepreview\",\r\n        \"2015-02-01\",\r\n        \"2014-11-01-privatepreview\",\r\n        \"2014-11-01\"\r\n      ]\r\n    },\r\n    {\r\n      \"resourceType\": \"sites/hostNameBindings\",\r\n      \"locations\": [\r\n        \"West US\",\r\n        \"East US\",\r\n        \"East US 2\"\r\n      ],\r\n      \"apiVersions\": [\r\n        \"2015-08-01-privatepreview\",\r\n        \"2015-08-01-alpha\",\r\n        \"2015-08-01\",\r\n        \"2015-04-01-privatepreview\",\r\n        \"2015-04-01\",\r\n        \"2015-02-01-privatepreview\",\r\n        \"2015-02-01\",\r\n        \"2014-11-01-privatepreview\",\r\n        \"2014-11-01\"\r\n      ]\r\n    },\r\n    {\r\n      \"resourceType\": \"sites/slots/hostNameBindings\",\r\n      \"locations\": [\r\n        \"West US\",\r\n        \"East US\",\r\n        \"East US 2\"\r\n      ],\r\n      \"apiVersions\": [\r\n        \"2015-08-01-privatepreview\",\r\n        \"2015-08-01\",\r\n        \"2015-04-01-privatepreview\",\r\n        \"2015-04-01\",\r\n        \"2015-02-01-privatepreview\",\r\n        \"2015-02-01\",\r\n        \"2014-11-01-privatepreview\",\r\n        \"2014-11-01\"\r\n      ]\r\n    },\r\n    {\r\n      \"resourceType\": \"certificates\",\r\n      \"locations\": [\r\n        \"West US\",\r\n        \"East US\",\r\n        \"East US 2\"\r\n      ],\r\n      \"apiVersions\": [\r\n        \"2015-08-01-privatepreview\",\r\n        \"2015-08-01-alpha\",\r\n        \"2015-08-01\",\r\n        \"2015-06-01\",\r\n        \"2015-05-01\",\r\n        \"2015-04-01-privatepreview\",\r\n        \"2015-04-01\",\r\n        \"2015-02-02\",\r\n        \"2015-02-01-privatepreview\",\r\n        \"2015-02-01\",\r\n        \"2014-11-01-privatepreview\",\r\n        \"2014-11-01\",\r\n        \"2014-06-01\",\r\n        \"2014-04-01-privatepreview\",\r\n        \"2014-04-01\"\r\n      ]\r\n    },\r\n    {\r\n      \"resourceType\": \"serverFarms\",\r\n      \"locations\": [\r\n        \"West US\",\r\n        \"East US\",\r\n        \"East US 2\"\r\n      ],\r\n      \"apiVersions\": [\r\n        \"2015-08-01-privatepreview\",\r\n        \"2015-08-01\",\r\n        \"2015-06-01-privatepreview\",\r\n        \"2015-06-01\",\r\n        \"2015-05-01\",\r\n        \"2015-04-01-privatepreview\",\r\n        \"2015-04-01\",\r\n        \"2015-02-02\",\r\n        \"2015-02-01-privatepreview\",\r\n        \"2015-02-01\",\r\n        \"2014-11-01-privatepreview\",\r\n        \"2014-11-01\",\r\n        \"2014-06-01\",\r\n        \"2014-04-01-privatepreview\",\r\n        \"2014-04-01\"\r\n      ]\r\n    },\r\n    {\r\n      \"resourceType\": \"sites\",\r\n      \"locations\": [\r\n        \"West US\",\r\n        \"East US\",\r\n        \"East US 2\"\r\n      ],\r\n      \"apiVersions\": [\r\n        \"2015-08-01-privatepreview\",\r\n        \"2015-08-01-alpha\",\r\n        \"2015-08-01\",\r\n        \"2015-06-01\",\r\n        \"2015-05-01\",\r\n        \"2015-04-01-privatepreview\",\r\n        \"2015-04-01\",\r\n        \"2015-02-01-privatepreview\",\r\n        \"2015-02-01\",\r\n        \"2014-11-01-privatepreview\",\r\n        \"2014-11-01\",\r\n        \"2014-06-01\",\r\n        \"2014-04-01\"\r\n      ]\r\n    },\r\n    {\r\n      \"resourceType\": \"runtimes\",\r\n      \"locations\": [],\r\n      \"apiVersions\": [\r\n        \"2015-08-01\",\r\n        \"2015-06-01\",\r\n        \"2015-05-01\",\r\n        \"2015-04-01-privatepreview\",\r\n        \"2015-04-01\",\r\n        \"2015-02-01-privatepreview\",\r\n        \"2015-02-01\",\r\n        \"2014-11-01-privatepreview\",\r\n        \"2014-11-01\",\r\n        \"2014-06-01\",\r\n        \"2014-04-01-privatepreview\",\r\n        \"2014-04-01\"\r\n      ]\r\n    },\r\n    {\r\n      \"resourceType\": \"sites/slots\",\r\n      \"locations\": [\r\n        \"West US\",\r\n        \"East US\",\r\n        \"East US 2\"\r\n      ],\r\n      \"apiVersions\": [\r\n        \"2015-08-01-privatepreview\",\r\n        \"2015-08-01\",\r\n        \"2015-06-01\",\r\n        \"2015-05-01\",\r\n        \"2015-04-01-privatepreview\",\r\n        \"2015-04-01\",\r\n        \"2015-02-02\",\r\n        \"2015-02-01-privatepreview\",\r\n        \"2015-02-01\",\r\n        \"2014-11-01-privatepreview\",\r\n        \"2014-11-01\",\r\n        \"2014-06-01\",\r\n        \"2014-04-01-privatepreview\",\r\n        \"2014-04-01\"\r\n      ]\r\n    },\r\n    {\r\n      \"resourceType\": \"sites/metrics\",\r\n      \"locations\": [],\r\n      \"apiVersions\": [\r\n        \"2015-08-01\",\r\n        \"2015-06-01\",\r\n        \"2015-05-01\",\r\n        \"2015-04-01\",\r\n        \"2015-02-01\",\r\n        \"2014-11-01\",\r\n        \"2014-06-01\",\r\n        \"2014-04-01-privatepreview\",\r\n        \"2014-04-01\"\r\n      ]\r\n    },\r\n    {\r\n      \"resourceType\": \"sites/metricDefinitions\",\r\n      \"locations\": [],\r\n      \"apiVersions\": [\r\n        \"2015-06-01\",\r\n        \"2015-05-01\",\r\n        \"2015-04-01\",\r\n        \"2015-02-01\",\r\n        \"2014-11-01\",\r\n        \"2014-06-01\",\r\n        \"2014-04-01-privatepreview\",\r\n        \"2014-04-01\"\r\n      ]\r\n    },\r\n    {\r\n      \"resourceType\": \"serverFarms/metrics\",\r\n      \"locations\": [],\r\n      \"apiVersions\": [\r\n        \"2015-08-01\",\r\n        \"2015-06-01\",\r\n        \"2015-05-01\",\r\n        \"2015-04-01-privatepreview\",\r\n        \"2015-04-01\",\r\n        \"2015-02-01-privatepreview\",\r\n        \"2015-02-01\",\r\n        \"2014-11-01-privatepreview\",\r\n        \"2014-11-01\",\r\n        \"2014-06-01\",\r\n        \"2014-04-01-privatepreview\",\r\n        \"2014-04-01\"\r\n      ]\r\n    },\r\n    {\r\n      \"resourceType\": \"serverFarms/metricDefinitions\",\r\n      \"locations\": [],\r\n      \"apiVersions\": [\r\n        \"2015-06-01\",\r\n        \"2015-05-01\",\r\n        \"2015-04-01\",\r\n        \"2015-02-01\",\r\n        \"2014-11-01\",\r\n        \"2014-06-01\",\r\n        \"2014-04-01-privatepreview\",\r\n        \"2014-04-01\"\r\n      ]\r\n    },\r\n    {\r\n      \"resourceType\": \"georegions\",\r\n      \"locations\": [],\r\n      \"apiVersions\": [\r\n        \"2015-08-01\",\r\n        \"2015-06-01\",\r\n        \"2015-05-01\",\r\n        \"2015-04-01-privatepreview\",\r\n        \"2015-04-01\",\r\n        \"2015-02-01-privatepreview\",\r\n        \"2015-02-01\",\r\n        \"2014-11-01-privatepreview\",\r\n        \"2014-11-01\",\r\n        \"2014-06-01\",\r\n        \"2014-04-01-privatepreview\",\r\n        \"2014-04-01\"\r\n      ]\r\n    },\r\n    {\r\n      \"resourceType\": \"webquotas\",\r\n      \"locations\": [],\r\n      \"apiVersions\": [\r\n        \"2015-08-01\",\r\n        \"2015-06-01\",\r\n        \"2015-05-01\",\r\n        \"2015-04-01-privatepreview\",\r\n        \"2015-04-01\",\r\n        \"2015-02-01-privatepreview\",\r\n        \"2015-02-01\",\r\n        \"2014-11-01-privatepreview\",\r\n        \"2014-11-01\",\r\n        \"2014-06-01\",\r\n        \"2014-04-01-privatepreview\",\r\n        \"2014-04-01\"\r\n      ]\r\n    },\r\n    {\r\n      \"resourceType\": \"sites/premierAddOns\",\r\n      \"locations\": [],\r\n      \"apiVersions\": [\r\n        \"2015-08-01-privatepreview\",\r\n        \"2015-08-01\",\r\n        \"2015-06-01\",\r\n        \"2015-05-01\",\r\n        \"2015-04-01-privatepreview\",\r\n        \"2015-04-01\",\r\n        \"2015-02-01-privatepreview\",\r\n        \"2015-02-01\",\r\n        \"2014-11-01-privatepreview\",\r\n        \"2014-11-01\",\r\n        \"2014-06-01\",\r\n        \"2014-04-01\"\r\n      ]\r\n    },\r\n    {\r\n      \"resourceType\": \"hostingEnvironments\",\r\n      \"locations\": [\r\n        \"West US\",\r\n        \"East US\",\r\n        \"East US 2\"\r\n      ],\r\n      \"apiVersions\": [\r\n        \"2015-08-01\",\r\n        \"2015-06-01\",\r\n        \"2015-05-01\",\r\n        \"2015-04-01-privatepreview\",\r\n        \"2015-04-01\",\r\n        \"2015-02-01-privatepreview\",\r\n        \"2015-02-01\",\r\n        \"2014-11-01-privatepreview\",\r\n        \"2014-11-01\",\r\n        \"2014-06-01\",\r\n        \"2014-04-01-privatepreview\",\r\n        \"2014-04-01\"\r\n      ]\r\n    }\r\n  ],\r\n  \"registrationState\": \"Registered\"\r\n}",
      "ResponseHeaders": {
        "Content-Type": [
          "application/json; charset=utf-8"
        ],
        "Expires": [
          "-1"
        ],
        "Cache-Control": [
          "no-cache"
        ],
        "Date": [
          "Fri, 11 Dec 2015 01:54:42 GMT"
        ],
        "Pragma": [
          "no-cache"
        ],
        "Vary": [
          "Accept-Encoding"
        ],
        "x-ms-ratelimit-remaining-subscription-reads": [
          "14843"
        ],
        "x-ms-request-id": [
          "f99d7b7e-d4d7-400f-abd2-0043ddeaaab1"
        ],
        "x-ms-correlation-request-id": [
          "f99d7b7e-d4d7-400f-abd2-0043ddeaaab1"
        ],
        "x-ms-routing-request-id": [
          "CENTRALUS:20151211T015443Z:f99d7b7e-d4d7-400f-abd2-0043ddeaaab1"
        ],
        "Strict-Transport-Security": [
          "max-age=31536000; includeSubDomains"
        ]
      },
      "StatusCode": 200
    },
    {
      "RequestUri": "/subscriptions/3312c132-fc40-493f-9c97-82d80256a313/providers/Microsoft.Web?api-version=2015-11-01",
      "RequestMethod": "GET",
      "RequestBody": "",
      "RequestHeaders": {
        "x-ms-client-request-id": [
          "dcac2c0f-6358-4565-984d-484eb9037af5"
        ],
        "accept-language": [
          "en-US"
        ],
        "User-Agent": [
          "Microsoft.Azure.Management.Resources.ResourceManagementClient/3.0.0.0"
        ]
      },
      "ResponseBody": "{\r\n  \"id\": \"/subscriptions/3312c132-fc40-493f-9c97-82d80256a313/providers/Microsoft.Web\",\r\n  \"namespace\": \"Microsoft.Web\",\r\n  \"authorization\": {\r\n    \"applicationId\": \"abfa0a7c-a6b6-4736-8310-5855508787cd\",\r\n    \"roleDefinitionId\": \"f47ed98b-b063-4a5b-9e10-4b9b44fa7735\"\r\n  },\r\n  \"resourceTypes\": [\r\n    {\r\n      \"resourceType\": \"sites/extensions\",\r\n      \"locations\": [\r\n        \"West US\",\r\n        \"East US\",\r\n        \"East US 2\"\r\n      ],\r\n      \"apiVersions\": [\r\n        \"2015-08-01\",\r\n        \"2015-06-01\",\r\n        \"2015-05-01\",\r\n        \"2015-04-01-privatepreview\",\r\n        \"2015-04-01\",\r\n        \"2015-02-01-privatepreview\",\r\n        \"2015-02-01\",\r\n        \"2014-11-01-privatepreview\",\r\n        \"2014-11-01\",\r\n        \"2014-06-01\",\r\n        \"2014-04-01\"\r\n      ]\r\n    },\r\n    {\r\n      \"resourceType\": \"sites/slots/extensions\",\r\n      \"locations\": [\r\n        \"West US\",\r\n        \"East US\",\r\n        \"East US 2\"\r\n      ],\r\n      \"apiVersions\": [\r\n        \"2015-08-01\",\r\n        \"2015-06-01\",\r\n        \"2015-05-01\",\r\n        \"2015-04-01-privatepreview\",\r\n        \"2015-04-01\",\r\n        \"2015-02-01-privatepreview\",\r\n        \"2015-02-01\",\r\n        \"2014-11-01-privatepreview\",\r\n        \"2014-11-01\",\r\n        \"2014-06-01\",\r\n        \"2014-04-01\"\r\n      ]\r\n    },\r\n    {\r\n      \"resourceType\": \"sites/instances\",\r\n      \"locations\": [\r\n        \"West US\",\r\n        \"East US\",\r\n        \"East US 2\"\r\n      ],\r\n      \"apiVersions\": [\r\n        \"2015-08-01\",\r\n        \"2015-06-01\",\r\n        \"2015-05-01\",\r\n        \"2015-04-01-privatepreview\",\r\n        \"2015-04-01\",\r\n        \"2015-02-01-privatepreview\",\r\n        \"2015-02-01\",\r\n        \"2014-11-01-privatepreview\",\r\n        \"2014-11-01\",\r\n        \"2014-06-01\",\r\n        \"2014-04-01\"\r\n      ]\r\n    },\r\n    {\r\n      \"resourceType\": \"sites/slots/instances\",\r\n      \"locations\": [\r\n        \"West US\",\r\n        \"East US\",\r\n        \"East US 2\"\r\n      ],\r\n      \"apiVersions\": [\r\n        \"2015-08-01\",\r\n        \"2015-06-01\",\r\n        \"2015-05-01\",\r\n        \"2015-04-01-privatepreview\",\r\n        \"2015-04-01\",\r\n        \"2015-02-01-privatepreview\",\r\n        \"2015-02-01\",\r\n        \"2014-11-01-privatepreview\",\r\n        \"2014-11-01\",\r\n        \"2014-06-01\",\r\n        \"2014-04-01\"\r\n      ]\r\n    },\r\n    {\r\n      \"resourceType\": \"sites/instances/extensions\",\r\n      \"locations\": [\r\n        \"West US\",\r\n        \"East US\",\r\n        \"East US 2\"\r\n      ],\r\n      \"apiVersions\": [\r\n        \"2015-08-01\",\r\n        \"2015-06-01\",\r\n        \"2015-05-01\",\r\n        \"2015-04-01-privatepreview\",\r\n        \"2015-04-01\",\r\n        \"2015-02-01-privatepreview\",\r\n        \"2015-02-01\",\r\n        \"2014-11-01-privatepreview\",\r\n        \"2014-11-01\",\r\n        \"2014-06-01\",\r\n        \"2014-04-01\"\r\n      ]\r\n    },\r\n    {\r\n      \"resourceType\": \"sites/slots/instances/extensions\",\r\n      \"locations\": [\r\n        \"West US\",\r\n        \"East US\",\r\n        \"East US 2\"\r\n      ],\r\n      \"apiVersions\": [\r\n        \"2015-08-01-privatepreview\",\r\n        \"2015-08-01\",\r\n        \"2015-06-01\",\r\n        \"2015-05-01\",\r\n        \"2015-04-01-privatepreview\",\r\n        \"2015-04-01\",\r\n        \"2015-02-01-privatepreview\",\r\n        \"2015-02-01\",\r\n        \"2014-11-01-privatepreview\",\r\n        \"2014-11-01\",\r\n        \"2014-06-01\",\r\n        \"2014-04-01\"\r\n      ]\r\n    },\r\n    {\r\n      \"resourceType\": \"publishingUsers\",\r\n      \"locations\": [\r\n        \"West US\",\r\n        \"East US\",\r\n        \"East US 2\"\r\n      ],\r\n      \"apiVersions\": [\r\n        \"2015-08-01-privatepreview\",\r\n        \"2015-08-01\",\r\n        \"2015-06-01\",\r\n        \"2015-05-01\",\r\n        \"2015-04-01-privatepreview\",\r\n        \"2015-04-01\",\r\n        \"2015-02-01-privatepreview\",\r\n        \"2015-02-01\",\r\n        \"2014-11-01-privatepreview\",\r\n        \"2014-11-01\",\r\n        \"2014-06-01\",\r\n        \"2014-04-01-privatepreview\",\r\n        \"2014-04-01\"\r\n      ]\r\n    },\r\n    {\r\n      \"resourceType\": \"ishostnameavailable\",\r\n      \"locations\": [\r\n        \"West US\",\r\n        \"East US\",\r\n        \"East US 2\"\r\n      ],\r\n      \"apiVersions\": [\r\n        \"2015-08-01-privatepreview\",\r\n        \"2015-08-01\",\r\n        \"2015-06-01\",\r\n        \"2015-05-01\",\r\n        \"2015-04-01-privatepreview\",\r\n        \"2015-04-01\",\r\n        \"2015-02-01-privatepreview\",\r\n        \"2015-02-01\",\r\n        \"2014-11-01-privatepreview\",\r\n        \"2014-11-01\",\r\n        \"2014-06-01\",\r\n        \"2014-04-01-privatepreview\",\r\n        \"2014-04-01\"\r\n      ]\r\n    },\r\n    {\r\n      \"resourceType\": \"sourceControls\",\r\n      \"locations\": [\r\n        \"West US\",\r\n        \"East US\",\r\n        \"East US 2\"\r\n      ],\r\n      \"apiVersions\": [\r\n        \"2015-08-01\",\r\n        \"2015-06-01\",\r\n        \"2015-05-01\",\r\n        \"2015-04-01-privatepreview\",\r\n        \"2015-04-01\",\r\n        \"2015-02-01-privatepreview\",\r\n        \"2015-02-01\",\r\n        \"2014-11-01-privatepreview\",\r\n        \"2014-11-01\",\r\n        \"2014-06-01\",\r\n        \"2014-04-01-privatepreview\",\r\n        \"2014-04-01\"\r\n      ]\r\n    },\r\n    {\r\n      \"resourceType\": \"operations\",\r\n      \"locations\": [\r\n        \"West US\",\r\n        \"East US\",\r\n        \"East US 2\"\r\n      ],\r\n      \"apiVersions\": [\r\n        \"2015-08-01-privatepreview\",\r\n        \"2015-08-01\",\r\n        \"2015-06-01\",\r\n        \"2015-05-01\",\r\n        \"2015-04-01-privatepreview\",\r\n        \"2015-04-01\",\r\n        \"2015-02-01-privatepreview\",\r\n        \"2015-02-01\",\r\n        \"2014-11-01-privatepreview\",\r\n        \"2014-11-01\",\r\n        \"2014-06-01\",\r\n        \"2014-04-01-privatepreview\",\r\n        \"2014-04-01\"\r\n      ]\r\n    },\r\n    {\r\n      \"resourceType\": \"listSitesAssignedToHostName\",\r\n      \"locations\": [\r\n        \"West US\",\r\n        \"East US\",\r\n        \"East US 2\"\r\n      ],\r\n      \"apiVersions\": [\r\n        \"2015-08-01\",\r\n        \"2015-04-01-privatepreview\",\r\n        \"2015-04-01\",\r\n        \"2015-02-01-privatepreview\",\r\n        \"2015-02-01\",\r\n        \"2014-11-01-privatepreview\",\r\n        \"2014-11-01\"\r\n      ]\r\n    },\r\n    {\r\n      \"resourceType\": \"sites/hostNameBindings\",\r\n      \"locations\": [\r\n        \"West US\",\r\n        \"East US\",\r\n        \"East US 2\"\r\n      ],\r\n      \"apiVersions\": [\r\n        \"2015-08-01-privatepreview\",\r\n        \"2015-08-01-alpha\",\r\n        \"2015-08-01\",\r\n        \"2015-04-01-privatepreview\",\r\n        \"2015-04-01\",\r\n        \"2015-02-01-privatepreview\",\r\n        \"2015-02-01\",\r\n        \"2014-11-01-privatepreview\",\r\n        \"2014-11-01\"\r\n      ]\r\n    },\r\n    {\r\n      \"resourceType\": \"sites/slots/hostNameBindings\",\r\n      \"locations\": [\r\n        \"West US\",\r\n        \"East US\",\r\n        \"East US 2\"\r\n      ],\r\n      \"apiVersions\": [\r\n        \"2015-08-01-privatepreview\",\r\n        \"2015-08-01\",\r\n        \"2015-04-01-privatepreview\",\r\n        \"2015-04-01\",\r\n        \"2015-02-01-privatepreview\",\r\n        \"2015-02-01\",\r\n        \"2014-11-01-privatepreview\",\r\n        \"2014-11-01\"\r\n      ]\r\n    },\r\n    {\r\n      \"resourceType\": \"certificates\",\r\n      \"locations\": [\r\n        \"West US\",\r\n        \"East US\",\r\n        \"East US 2\"\r\n      ],\r\n      \"apiVersions\": [\r\n        \"2015-08-01-privatepreview\",\r\n        \"2015-08-01-alpha\",\r\n        \"2015-08-01\",\r\n        \"2015-06-01\",\r\n        \"2015-05-01\",\r\n        \"2015-04-01-privatepreview\",\r\n        \"2015-04-01\",\r\n        \"2015-02-02\",\r\n        \"2015-02-01-privatepreview\",\r\n        \"2015-02-01\",\r\n        \"2014-11-01-privatepreview\",\r\n        \"2014-11-01\",\r\n        \"2014-06-01\",\r\n        \"2014-04-01-privatepreview\",\r\n        \"2014-04-01\"\r\n      ]\r\n    },\r\n    {\r\n      \"resourceType\": \"serverFarms\",\r\n      \"locations\": [\r\n        \"West US\",\r\n        \"East US\",\r\n        \"East US 2\"\r\n      ],\r\n      \"apiVersions\": [\r\n        \"2015-08-01-privatepreview\",\r\n        \"2015-08-01\",\r\n        \"2015-06-01-privatepreview\",\r\n        \"2015-06-01\",\r\n        \"2015-05-01\",\r\n        \"2015-04-01-privatepreview\",\r\n        \"2015-04-01\",\r\n        \"2015-02-02\",\r\n        \"2015-02-01-privatepreview\",\r\n        \"2015-02-01\",\r\n        \"2014-11-01-privatepreview\",\r\n        \"2014-11-01\",\r\n        \"2014-06-01\",\r\n        \"2014-04-01-privatepreview\",\r\n        \"2014-04-01\"\r\n      ]\r\n    },\r\n    {\r\n      \"resourceType\": \"sites\",\r\n      \"locations\": [\r\n        \"West US\",\r\n        \"East US\",\r\n        \"East US 2\"\r\n      ],\r\n      \"apiVersions\": [\r\n        \"2015-08-01-privatepreview\",\r\n        \"2015-08-01-alpha\",\r\n        \"2015-08-01\",\r\n        \"2015-06-01\",\r\n        \"2015-05-01\",\r\n        \"2015-04-01-privatepreview\",\r\n        \"2015-04-01\",\r\n        \"2015-02-01-privatepreview\",\r\n        \"2015-02-01\",\r\n        \"2014-11-01-privatepreview\",\r\n        \"2014-11-01\",\r\n        \"2014-06-01\",\r\n        \"2014-04-01\"\r\n      ]\r\n    },\r\n    {\r\n      \"resourceType\": \"runtimes\",\r\n      \"locations\": [],\r\n      \"apiVersions\": [\r\n        \"2015-08-01\",\r\n        \"2015-06-01\",\r\n        \"2015-05-01\",\r\n        \"2015-04-01-privatepreview\",\r\n        \"2015-04-01\",\r\n        \"2015-02-01-privatepreview\",\r\n        \"2015-02-01\",\r\n        \"2014-11-01-privatepreview\",\r\n        \"2014-11-01\",\r\n        \"2014-06-01\",\r\n        \"2014-04-01-privatepreview\",\r\n        \"2014-04-01\"\r\n      ]\r\n    },\r\n    {\r\n      \"resourceType\": \"sites/slots\",\r\n      \"locations\": [\r\n        \"West US\",\r\n        \"East US\",\r\n        \"East US 2\"\r\n      ],\r\n      \"apiVersions\": [\r\n        \"2015-08-01-privatepreview\",\r\n        \"2015-08-01\",\r\n        \"2015-06-01\",\r\n        \"2015-05-01\",\r\n        \"2015-04-01-privatepreview\",\r\n        \"2015-04-01\",\r\n        \"2015-02-02\",\r\n        \"2015-02-01-privatepreview\",\r\n        \"2015-02-01\",\r\n        \"2014-11-01-privatepreview\",\r\n        \"2014-11-01\",\r\n        \"2014-06-01\",\r\n        \"2014-04-01-privatepreview\",\r\n        \"2014-04-01\"\r\n      ]\r\n    },\r\n    {\r\n      \"resourceType\": \"sites/metrics\",\r\n      \"locations\": [],\r\n      \"apiVersions\": [\r\n        \"2015-08-01\",\r\n        \"2015-06-01\",\r\n        \"2015-05-01\",\r\n        \"2015-04-01\",\r\n        \"2015-02-01\",\r\n        \"2014-11-01\",\r\n        \"2014-06-01\",\r\n        \"2014-04-01-privatepreview\",\r\n        \"2014-04-01\"\r\n      ]\r\n    },\r\n    {\r\n      \"resourceType\": \"sites/metricDefinitions\",\r\n      \"locations\": [],\r\n      \"apiVersions\": [\r\n        \"2015-06-01\",\r\n        \"2015-05-01\",\r\n        \"2015-04-01\",\r\n        \"2015-02-01\",\r\n        \"2014-11-01\",\r\n        \"2014-06-01\",\r\n        \"2014-04-01-privatepreview\",\r\n        \"2014-04-01\"\r\n      ]\r\n    },\r\n    {\r\n      \"resourceType\": \"serverFarms/metrics\",\r\n      \"locations\": [],\r\n      \"apiVersions\": [\r\n        \"2015-08-01\",\r\n        \"2015-06-01\",\r\n        \"2015-05-01\",\r\n        \"2015-04-01-privatepreview\",\r\n        \"2015-04-01\",\r\n        \"2015-02-01-privatepreview\",\r\n        \"2015-02-01\",\r\n        \"2014-11-01-privatepreview\",\r\n        \"2014-11-01\",\r\n        \"2014-06-01\",\r\n        \"2014-04-01-privatepreview\",\r\n        \"2014-04-01\"\r\n      ]\r\n    },\r\n    {\r\n      \"resourceType\": \"serverFarms/metricDefinitions\",\r\n      \"locations\": [],\r\n      \"apiVersions\": [\r\n        \"2015-06-01\",\r\n        \"2015-05-01\",\r\n        \"2015-04-01\",\r\n        \"2015-02-01\",\r\n        \"2014-11-01\",\r\n        \"2014-06-01\",\r\n        \"2014-04-01-privatepreview\",\r\n        \"2014-04-01\"\r\n      ]\r\n    },\r\n    {\r\n      \"resourceType\": \"georegions\",\r\n      \"locations\": [],\r\n      \"apiVersions\": [\r\n        \"2015-08-01\",\r\n        \"2015-06-01\",\r\n        \"2015-05-01\",\r\n        \"2015-04-01-privatepreview\",\r\n        \"2015-04-01\",\r\n        \"2015-02-01-privatepreview\",\r\n        \"2015-02-01\",\r\n        \"2014-11-01-privatepreview\",\r\n        \"2014-11-01\",\r\n        \"2014-06-01\",\r\n        \"2014-04-01-privatepreview\",\r\n        \"2014-04-01\"\r\n      ]\r\n    },\r\n    {\r\n      \"resourceType\": \"webquotas\",\r\n      \"locations\": [],\r\n      \"apiVersions\": [\r\n        \"2015-08-01\",\r\n        \"2015-06-01\",\r\n        \"2015-05-01\",\r\n        \"2015-04-01-privatepreview\",\r\n        \"2015-04-01\",\r\n        \"2015-02-01-privatepreview\",\r\n        \"2015-02-01\",\r\n        \"2014-11-01-privatepreview\",\r\n        \"2014-11-01\",\r\n        \"2014-06-01\",\r\n        \"2014-04-01-privatepreview\",\r\n        \"2014-04-01\"\r\n      ]\r\n    },\r\n    {\r\n      \"resourceType\": \"sites/premierAddOns\",\r\n      \"locations\": [],\r\n      \"apiVersions\": [\r\n        \"2015-08-01-privatepreview\",\r\n        \"2015-08-01\",\r\n        \"2015-06-01\",\r\n        \"2015-05-01\",\r\n        \"2015-04-01-privatepreview\",\r\n        \"2015-04-01\",\r\n        \"2015-02-01-privatepreview\",\r\n        \"2015-02-01\",\r\n        \"2014-11-01-privatepreview\",\r\n        \"2014-11-01\",\r\n        \"2014-06-01\",\r\n        \"2014-04-01\"\r\n      ]\r\n    },\r\n    {\r\n      \"resourceType\": \"hostingEnvironments\",\r\n      \"locations\": [\r\n        \"West US\",\r\n        \"East US\",\r\n        \"East US 2\"\r\n      ],\r\n      \"apiVersions\": [\r\n        \"2015-08-01\",\r\n        \"2015-06-01\",\r\n        \"2015-05-01\",\r\n        \"2015-04-01-privatepreview\",\r\n        \"2015-04-01\",\r\n        \"2015-02-01-privatepreview\",\r\n        \"2015-02-01\",\r\n        \"2014-11-01-privatepreview\",\r\n        \"2014-11-01\",\r\n        \"2014-06-01\",\r\n        \"2014-04-01-privatepreview\",\r\n        \"2014-04-01\"\r\n      ]\r\n    }\r\n  ],\r\n  \"registrationState\": \"Registered\"\r\n}",
      "ResponseHeaders": {
        "Content-Type": [
          "application/json; charset=utf-8"
        ],
        "Expires": [
          "-1"
        ],
        "Cache-Control": [
          "no-cache"
        ],
        "Date": [
          "Fri, 11 Dec 2015 01:54:51 GMT"
        ],
        "Pragma": [
          "no-cache"
        ],
        "Vary": [
          "Accept-Encoding"
        ],
        "x-ms-ratelimit-remaining-subscription-reads": [
          "14842"
        ],
        "x-ms-request-id": [
          "dc9d2269-8c3f-46f8-8cb2-05269d7f203a"
        ],
        "x-ms-correlation-request-id": [
          "dc9d2269-8c3f-46f8-8cb2-05269d7f203a"
        ],
        "x-ms-routing-request-id": [
          "CENTRALUS:20151211T015452Z:dc9d2269-8c3f-46f8-8cb2-05269d7f203a"
        ],
        "Strict-Transport-Security": [
          "max-age=31536000; includeSubDomains"
        ]
      },
      "StatusCode": 200
    },
    {
      "RequestUri": "/subscriptions/3312c132-fc40-493f-9c97-82d80256a313/resourcegroups/csmrg7767?api-version=2015-11-01",
      "RequestMethod": "PUT",
      "RequestBody": "{\r\n  \"location\": \"West US\"\r\n}",
      "RequestHeaders": {
        "Content-Type": [
          "application/json; charset=utf-8"
        ],
        "Content-Length": [
          "29"
        ],
        "x-ms-client-request-id": [
          "8898fee6-432d-4819-af76-a2431664e4ea"
        ],
        "accept-language": [
          "en-US"
        ],
        "User-Agent": [
          "Microsoft.Azure.Management.Resources.ResourceManagementClient/3.0.0.0"
        ]
      },
      "ResponseBody": "{\r\n  \"id\": \"/subscriptions/3312c132-fc40-493f-9c97-82d80256a313/resourceGroups/csmrg7767\",\r\n  \"name\": \"csmrg7767\",\r\n  \"location\": \"westus\",\r\n  \"properties\": {\r\n    \"provisioningState\": \"Succeeded\"\r\n  }\r\n}",
      "ResponseHeaders": {
        "Content-Length": [
          "171"
        ],
        "Content-Type": [
          "application/json; charset=utf-8"
        ],
        "Expires": [
          "-1"
        ],
        "Cache-Control": [
          "no-cache"
        ],
        "Date": [
          "Fri, 11 Dec 2015 01:54:43 GMT"
        ],
        "Pragma": [
          "no-cache"
        ],
        "x-ms-ratelimit-remaining-subscription-writes": [
          "1051"
        ],
        "x-ms-request-id": [
          "c3a8c00c-3e3f-4570-81b7-ee2b22675aad"
        ],
        "x-ms-correlation-request-id": [
          "c3a8c00c-3e3f-4570-81b7-ee2b22675aad"
        ],
        "x-ms-routing-request-id": [
          "CENTRALUS:20151211T015444Z:c3a8c00c-3e3f-4570-81b7-ee2b22675aad"
        ],
        "Strict-Transport-Security": [
          "max-age=31536000; includeSubDomains"
        ]
      },
      "StatusCode": 201
    },
    {
      "RequestUri": "/subscriptions/3312c132-fc40-493f-9c97-82d80256a313/resourceGroups/csmrg7767/providers/Microsoft.Web/serverfarms/csmwhp1672?api-version=2015-08-01",
      "RequestMethod": "PUT",
      "RequestBody": "{\r\n  \"sku\": {\r\n    \"name\": \"P1\",\r\n    \"tier\": \"Premium\"\r\n  },\r\n  \"location\": \"West US\",\r\n  \"properties\": {\r\n    \"name\": \"csmwhp1672\"\r\n  }\r\n}",
      "RequestHeaders": {
        "Content-Type": [
          "application/json; charset=utf-8"
        ],
        "Content-Length": [
          "140"
        ],
        "x-ms-client-request-id": [
          "56027bad-405e-449d-82b4-13b44d3ce8ee"
        ],
        "accept-language": [
          "en-US"
        ],
        "User-Agent": [
          "Microsoft.Azure.Management.WebSites.WebSiteManagementClient/1.0.0.1"
        ],
        "Accept": [
          "application/json"
        ]
      },
      "ResponseBody": "{\r\n  \"id\": \"/subscriptions/3312c132-fc40-493f-9c97-82d80256a313/resourceGroups/csmrg7767/providers/Microsoft.Web/serverfarms/csmwhp1672\",\r\n  \"name\": \"csmwhp1672\",\r\n  \"type\": \"Microsoft.Web/serverfarms\",\r\n  \"location\": \"West US\",\r\n  \"tags\": null,\r\n  \"properties\": {\r\n    \"serverFarmId\": 0,\r\n    \"name\": \"csmwhp1672\",\r\n    \"workerSize\": 0,\r\n    \"workerSizeId\": 0,\r\n    \"numberOfWorkers\": 1,\r\n    \"currentWorkerSize\": 0,\r\n    \"currentWorkerSizeId\": 0,\r\n    \"currentNumberOfWorkers\": 1,\r\n    \"status\": 0,\r\n    \"webSpace\": \"csmrg7767-WestUSwebspace\",\r\n    \"subscription\": \"3312c132-fc40-493f-9c97-82d80256a313\",\r\n    \"adminSiteName\": null,\r\n    \"hostingEnvironment\": null,\r\n    \"hostingEnvironmentProfile\": null,\r\n    \"maximumNumberOfWorkers\": 20,\r\n    \"planName\": \"VirtualDedicatedPlan\",\r\n    \"adminRuntimeSiteName\": null,\r\n    \"computeMode\": 0,\r\n    \"siteMode\": null,\r\n    \"geoRegion\": \"West US\",\r\n    \"perSiteScaling\": false,\r\n    \"numberOfSites\": 0,\r\n    \"hostingEnvironmentId\": null,\r\n    \"tags\": null,\r\n    \"kind\": null,\r\n    \"resourceGroup\": \"csmrg7767\"\r\n  },\r\n  \"sku\": {\r\n    \"name\": \"P1\",\r\n    \"tier\": \"Premium\",\r\n    \"size\": \"P1\",\r\n    \"family\": \"P\",\r\n    \"capacity\": 1\r\n  }\r\n}",
      "ResponseHeaders": {
        "Content-Type": [
          "application/json"
        ],
        "Expires": [
          "-1"
        ],
        "Cache-Control": [
          "no-cache"
        ],
        "Date": [
          "Fri, 11 Dec 2015 01:54:49 GMT"
        ],
        "Pragma": [
          "no-cache"
        ],
        "Transfer-Encoding": [
          "chunked"
        ],
        "Server": [
          "Microsoft-IIS/8.0"
        ],
        "Vary": [
          "Accept-Encoding"
        ],
        "Strict-Transport-Security": [
          "max-age=31536000; includeSubDomains"
        ],
        "x-ms-request-id": [
          "86c80f65-9e48-4790-bc1d-845ab2c38d8f"
        ],
        "X-AspNet-Version": [
          "4.0.30319"
        ],
        "X-Powered-By": [
          "ASP.NET"
        ],
        "x-ms-ratelimit-remaining-subscription-writes": [
          "972"
        ],
        "x-ms-correlation-request-id": [
          "9ade6d03-6147-4499-8fc1-09c3987e0484"
        ],
        "x-ms-routing-request-id": [
          "CENTRALUS:20151211T015449Z:9ade6d03-6147-4499-8fc1-09c3987e0484"
        ]
      },
      "StatusCode": 200
    },
    {
      "RequestUri": "/subscriptions/3312c132-fc40-493f-9c97-82d80256a313/resourceGroups/csmrg7767/providers/Microsoft.Web/sites/csmws5376?api-version=2015-08-01",
      "RequestMethod": "PUT",
      "RequestBody": "{\r\n  \"location\": \"West US\",\r\n  \"tags\": {\r\n    \"tag1\": \"value1\",\r\n    \"tag2\": \"\"\r\n  },\r\n  \"properties\": {\r\n    \"name\": \"csmws5376\",\r\n    \"serverFarmId\": \"/subscriptions/3312c132-fc40-493f-9c97-82d80256a313/resourceGroups/csmrg7767/providers/Microsoft.Web/serverfarms/csmwhp1672\"\r\n  }\r\n}",
      "RequestHeaders": {
        "Content-Type": [
          "application/json; charset=utf-8"
        ],
        "Content-Length": [
          "285"
        ],
        "x-ms-client-request-id": [
          "fec3f7ce-e4a2-4da7-9ced-fb0b5e36e45f"
        ],
        "accept-language": [
          "en-US"
        ],
        "User-Agent": [
          "Microsoft.Azure.Management.WebSites.WebSiteManagementClient/1.0.0.1"
        ],
        "Accept": [
          "application/json"
        ]
      },
      "ResponseBody": "{\r\n  \"id\": \"/subscriptions/3312c132-fc40-493f-9c97-82d80256a313/resourceGroups/csmrg7767/providers/Microsoft.Web/sites/csmws5376\",\r\n  \"name\": \"csmws5376\",\r\n  \"type\": \"Microsoft.Web/sites\",\r\n  \"location\": \"West US\",\r\n  \"tags\": {\r\n    \"tag1\": \"value1\",\r\n    \"tag2\": \"\"\r\n  },\r\n  \"properties\": {\r\n    \"name\": \"csmws5376\",\r\n    \"state\": \"Running\",\r\n    \"hostNames\": [\r\n      \"csmws5376.waws-ppedf.windows-int.net\"\r\n    ],\r\n    \"webSpace\": \"csmrg7767-WestUSwebspace\",\r\n    \"selfLink\": \"https://waws-ppedf-bay-001.api.admin-waws-ppedf.windows-int.net:454/subscriptions/3312c132-fc40-493f-9c97-82d80256a313/webspaces/csmrg7767-WestUSwebspace/sites/csmws5376\",\r\n    \"repositorySiteName\": \"csmws5376\",\r\n    \"owner\": null,\r\n    \"usageState\": 0,\r\n    \"enabled\": true,\r\n    \"adminEnabled\": true,\r\n    \"enabledHostNames\": [\r\n      \"csmws5376.scm.waws-ppedf.windows-int.net\",\r\n      \"csmws5376.waws-ppedf.windows-int.net\"\r\n    ],\r\n    \"siteProperties\": {\r\n      \"metadata\": null,\r\n      \"properties\": [],\r\n      \"appSettings\": null\r\n    },\r\n    \"availabilityState\": 0,\r\n    \"sslCertificates\": null,\r\n    \"csrs\": [],\r\n    \"cers\": null,\r\n    \"siteMode\": null,\r\n    \"hostNameSslStates\": [\r\n      {\r\n        \"name\": \"csmws5376.scm.waws-ppedf.windows-int.net\",\r\n        \"sslState\": 0,\r\n        \"ipBasedSslResult\": null,\r\n        \"virtualIP\": null,\r\n        \"thumbprint\": null,\r\n        \"toUpdate\": null,\r\n        \"toUpdateIpBasedSsl\": null,\r\n        \"ipBasedSslState\": 0,\r\n        \"hostType\": 1\r\n      },\r\n      {\r\n        \"name\": \"csmws5376.waws-ppedf.windows-int.net\",\r\n        \"sslState\": 0,\r\n        \"ipBasedSslResult\": null,\r\n        \"virtualIP\": null,\r\n        \"thumbprint\": null,\r\n        \"toUpdate\": null,\r\n        \"toUpdateIpBasedSsl\": null,\r\n        \"ipBasedSslState\": 0,\r\n        \"hostType\": 0\r\n      }\r\n    ],\r\n    \"computeMode\": null,\r\n    \"serverFarm\": null,\r\n    \"serverFarmId\": \"/subscriptions/3312c132-fc40-493f-9c97-82d80256a313/resourceGroups/csmrg7767/providers/Microsoft.Web/serverfarms/csmwhp1672\",\r\n    \"lastModifiedTimeUtc\": \"2015-12-11T01:54:51.04\",\r\n    \"storageRecoveryDefaultState\": \"Running\",\r\n    \"contentAvailabilityState\": 0,\r\n    \"runtimeAvailabilityState\": 0,\r\n    \"siteConfig\": null,\r\n    \"deploymentId\": \"csmws5376\",\r\n    \"trafficManagerHostNames\": null,\r\n    \"sku\": \"Premium\",\r\n    \"premiumAppDeployed\": null,\r\n    \"scmSiteAlsoStopped\": false,\r\n    \"targetSwapSlot\": null,\r\n    \"hostingEnvironment\": null,\r\n    \"hostingEnvironmentProfile\": null,\r\n    \"microService\": \"WebSites\",\r\n    \"gatewaySiteName\": null,\r\n    \"clientAffinityEnabled\": true,\r\n    \"clientCertEnabled\": false,\r\n    \"hostNamesDisabled\": false,\r\n    \"domainVerificationIdentifiers\": null,\r\n    \"kind\": null,\r\n    \"outboundIpAddresses\": \"104.40.21.237,104.40.20.76,104.40.19.34,104.40.22.12\",\r\n    \"cloningInfo\": null,\r\n    \"hostingEnvironmentId\": null,\r\n    \"tags\": {\r\n      \"tag1\": \"value1\",\r\n      \"tag2\": \"\"\r\n    }\r\n  }\r\n}",
      "ResponseHeaders": {
        "Content-Type": [
          "application/json"
        ],
        "Expires": [
          "-1"
        ],
        "Cache-Control": [
          "no-cache"
        ],
        "Date": [
          "Fri, 11 Dec 2015 01:54:52 GMT"
        ],
        "Pragma": [
          "no-cache"
        ],
        "Transfer-Encoding": [
          "chunked"
        ],
        "Server": [
          "Microsoft-IIS/8.0"
        ],
        "Vary": [
          "Accept-Encoding"
        ],
        "Strict-Transport-Security": [
          "max-age=31536000; includeSubDomains"
        ],
        "x-ms-request-id": [
          "b067a2fe-8e73-42ef-9018-67b2aaba7a7b"
        ],
        "X-AspNet-Version": [
          "4.0.30319"
        ],
        "X-Powered-By": [
          "ASP.NET"
        ],
        "x-ms-ratelimit-remaining-subscription-writes": [
          "971"
        ],
        "x-ms-correlation-request-id": [
          "b822589b-4185-4c85-bb69-e070c3ac06f1"
        ],
        "x-ms-routing-request-id": [
          "CENTRALUS:20151211T015452Z:b822589b-4185-4c85-bb69-e070c3ac06f1"
        ]
      },
      "StatusCode": 200
    },
    {
      "RequestUri": "/subscriptions/3312c132-fc40-493f-9c97-82d80256a313/resourceGroups/csmrg7767/providers/Microsoft.Web/sites/csmws472?api-version=2015-08-01",
      "RequestMethod": "PUT",
      "RequestBody": "{\r\n  \"location\": \"West US\",\r\n  \"properties\": {\r\n    \"cloningInfo\": {\r\n      \"sourceWebAppId\": \"/subscriptions/3312c132-fc40-493f-9c97-82d80256a313/resourcegroups/csmrg7767/providers/Microsoft.Web/sites/csmws5376\"\r\n    }\r\n  }\r\n}",
      "RequestHeaders": {
        "Content-Type": [
          "application/json; charset=utf-8"
        ],
        "Content-Length": [
          "227"
        ],
        "x-ms-client-request-id": [
          "13ed0252-ee7a-4736-8703-f71f92b6846c"
        ],
        "accept-language": [
          "en-US"
        ],
        "User-Agent": [
          "Microsoft.Azure.Management.WebSites.WebSiteManagementClient/1.0.0.1"
        ],
        "Accept": [
          "application/json"
        ]
      },
      "ResponseBody": "",
      "ResponseHeaders": {
        "Content-Length": [
          "0"
        ],
        "Expires": [
          "-1"
        ],
        "Cache-Control": [
          "no-cache"
        ],
        "Date": [
          "Fri, 11 Dec 2015 01:55:01 GMT"
        ],
        "Pragma": [
          "no-cache"
        ],
        "ETag": [
          "\"1D133B6EC3E5EF0\""
        ],
        "Location": [
          "https://api-dogfood.resources.windows-int.net/subscriptions/3312c132-fc40-493f-9c97-82d80256a313/resourceGroups/csmrg7767/providers/Microsoft.Web/sites/csmws472/operationresults/a37d6de5-1fb2-48a5-b7d6-f49aa5d72692?api-version=2015-08-01"
        ],
        "Retry-After": [
          "15"
        ],
        "Server": [
          "Microsoft-IIS/8.0"
        ],
        "Strict-Transport-Security": [
          "max-age=31536000; includeSubDomains"
        ],
        "X-AspNet-Version": [
          "4.0.30319"
        ],
        "X-Powered-By": [
          "ASP.NET"
        ],
        "x-ms-ratelimit-remaining-subscription-writes": [
          "970"
        ],
        "x-ms-request-id": [
          "10e84cf7-043e-4bd2-8d08-ad51816443a4"
        ],
        "x-ms-correlation-request-id": [
          "10e84cf7-043e-4bd2-8d08-ad51816443a4"
        ],
        "x-ms-routing-request-id": [
          "CENTRALUS:20151211T015502Z:10e84cf7-043e-4bd2-8d08-ad51816443a4"
        ]
      },
      "StatusCode": 202
    },
    {
      "RequestUri": "/subscriptions/3312c132-fc40-493f-9c97-82d80256a313/resourceGroups/csmrg7767/providers/Microsoft.Web/sites/csmws472/operationresults/a37d6de5-1fb2-48a5-b7d6-f49aa5d72692?api-version=2015-08-01",
      "RequestMethod": "GET",
      "RequestBody": "",
      "RequestHeaders": {
        "User-Agent": [
          "Microsoft.Azure.Management.WebSites.WebSiteManagementClient/1.0.0.1"
        ],
        "Accept": [
          "application/json"
        ]
      },
      "ResponseBody": "",
      "ResponseHeaders": {
        "Content-Length": [
          "0"
        ],
        "Expires": [
          "-1"
        ],
        "Cache-Control": [
          "no-cache"
        ],
        "Date": [
          "Fri, 11 Dec 2015 01:55:17 GMT"
        ],
        "Pragma": [
          "no-cache"
        ],
        "Location": [
          "https://api-dogfood.resources.windows-int.net/subscriptions/3312c132-fc40-493f-9c97-82d80256a313/resourceGroups/csmrg7767/providers/Microsoft.Web/sites/csmws472/operationresults/a37d6de5-1fb2-48a5-b7d6-f49aa5d72692?api-version=2015-08-01"
        ],
        "Retry-After": [
          "15"
        ],
        "Server": [
          "Microsoft-IIS/8.0"
        ],
        "Strict-Transport-Security": [
          "max-age=31536000; includeSubDomains"
        ],
        "X-AspNet-Version": [
          "4.0.30319"
        ],
        "X-Powered-By": [
          "ASP.NET"
        ],
        "x-ms-ratelimit-remaining-subscription-reads": [
          "14802"
        ],
        "x-ms-request-id": [
          "31febaad-6347-42b7-ab3c-70be11a46113"
        ],
        "x-ms-correlation-request-id": [
          "31febaad-6347-42b7-ab3c-70be11a46113"
        ],
        "x-ms-routing-request-id": [
          "CENTRALUS:20151211T015517Z:31febaad-6347-42b7-ab3c-70be11a46113"
        ]
      },
      "StatusCode": 202
    },
    {
      "RequestUri": "/subscriptions/3312c132-fc40-493f-9c97-82d80256a313/resourceGroups/csmrg7767/providers/Microsoft.Web/sites/csmws472/operationresults/a37d6de5-1fb2-48a5-b7d6-f49aa5d72692?api-version=2015-08-01",
      "RequestMethod": "GET",
      "RequestBody": "",
      "RequestHeaders": {
        "User-Agent": [
          "Microsoft.Azure.Management.WebSites.WebSiteManagementClient/1.0.0.1"
        ],
        "Accept": [
          "application/json"
        ]
      },
      "ResponseBody": "",
      "ResponseHeaders": {
        "Content-Length": [
          "0"
        ],
        "Expires": [
          "-1"
        ],
        "Cache-Control": [
          "no-cache"
        ],
        "Date": [
          "Fri, 11 Dec 2015 01:55:33 GMT"
        ],
        "Pragma": [
          "no-cache"
        ],
        "Location": [
          "https://api-dogfood.resources.windows-int.net/subscriptions/3312c132-fc40-493f-9c97-82d80256a313/resourceGroups/csmrg7767/providers/Microsoft.Web/sites/csmws472/operationresults/a37d6de5-1fb2-48a5-b7d6-f49aa5d72692?api-version=2015-08-01"
        ],
        "Retry-After": [
          "15"
        ],
        "Server": [
          "Microsoft-IIS/8.0"
        ],
        "Strict-Transport-Security": [
          "max-age=31536000; includeSubDomains"
        ],
        "X-AspNet-Version": [
          "4.0.30319"
        ],
        "X-Powered-By": [
          "ASP.NET"
        ],
        "x-ms-ratelimit-remaining-subscription-reads": [
          "14788"
        ],
        "x-ms-request-id": [
          "19a64c5f-e0aa-4801-9aee-5a5efa50695b"
        ],
        "x-ms-correlation-request-id": [
          "19a64c5f-e0aa-4801-9aee-5a5efa50695b"
        ],
        "x-ms-routing-request-id": [
          "CENTRALUS:20151211T015533Z:19a64c5f-e0aa-4801-9aee-5a5efa50695b"
        ]
      },
      "StatusCode": 202
    },
    {
      "RequestUri": "/subscriptions/3312c132-fc40-493f-9c97-82d80256a313/resourceGroups/csmrg7767/providers/Microsoft.Web/sites/csmws472/operationresults/a37d6de5-1fb2-48a5-b7d6-f49aa5d72692?api-version=2015-08-01",
      "RequestMethod": "GET",
      "RequestBody": "",
      "RequestHeaders": {
        "User-Agent": [
          "Microsoft.Azure.Management.WebSites.WebSiteManagementClient/1.0.0.1"
        ],
        "Accept": [
          "application/json"
        ]
      },
      "ResponseBody": "",
      "ResponseHeaders": {
        "Content-Length": [
          "0"
        ],
        "Expires": [
          "-1"
        ],
        "Cache-Control": [
          "no-cache"
        ],
        "Date": [
          "Fri, 11 Dec 2015 01:55:48 GMT"
        ],
        "Pragma": [
          "no-cache"
        ],
        "Location": [
          "https://api-dogfood.resources.windows-int.net/subscriptions/3312c132-fc40-493f-9c97-82d80256a313/resourceGroups/csmrg7767/providers/Microsoft.Web/sites/csmws472/operationresults/a37d6de5-1fb2-48a5-b7d6-f49aa5d72692?api-version=2015-08-01"
        ],
        "Retry-After": [
          "15"
        ],
        "Server": [
          "Microsoft-IIS/8.0"
        ],
        "Strict-Transport-Security": [
          "max-age=31536000; includeSubDomains"
        ],
        "X-AspNet-Version": [
          "4.0.30319"
        ],
        "X-Powered-By": [
          "ASP.NET"
        ],
        "x-ms-ratelimit-remaining-subscription-reads": [
          "14787"
        ],
        "x-ms-request-id": [
          "964642f5-688f-4d30-a540-81697533b390"
        ],
        "x-ms-correlation-request-id": [
          "964642f5-688f-4d30-a540-81697533b390"
        ],
        "x-ms-routing-request-id": [
          "CENTRALUS:20151211T015548Z:964642f5-688f-4d30-a540-81697533b390"
        ]
      },
      "StatusCode": 202
    },
    {
      "RequestUri": "/subscriptions/3312c132-fc40-493f-9c97-82d80256a313/resourceGroups/csmrg7767/providers/Microsoft.Web/sites/csmws472/operationresults/a37d6de5-1fb2-48a5-b7d6-f49aa5d72692?api-version=2015-08-01",
      "RequestMethod": "GET",
      "RequestBody": "",
      "RequestHeaders": {
        "User-Agent": [
          "Microsoft.Azure.Management.WebSites.WebSiteManagementClient/1.0.0.1"
        ],
        "Accept": [
          "application/json"
        ]
      },
      "ResponseBody": "",
      "ResponseHeaders": {
        "Content-Length": [
          "0"
        ],
        "Expires": [
          "-1"
        ],
        "Cache-Control": [
          "no-cache"
        ],
        "Date": [
          "Fri, 11 Dec 2015 01:56:03 GMT"
        ],
        "Pragma": [
          "no-cache"
        ],
        "Location": [
          "https://api-dogfood.resources.windows-int.net/subscriptions/3312c132-fc40-493f-9c97-82d80256a313/resourceGroups/csmrg7767/providers/Microsoft.Web/sites/csmws472/operationresults/a37d6de5-1fb2-48a5-b7d6-f49aa5d72692?api-version=2015-08-01"
        ],
        "Retry-After": [
          "15"
        ],
        "Server": [
          "Microsoft-IIS/8.0"
        ],
        "Strict-Transport-Security": [
          "max-age=31536000; includeSubDomains"
        ],
        "X-AspNet-Version": [
          "4.0.30319"
        ],
        "X-Powered-By": [
          "ASP.NET"
        ],
        "x-ms-ratelimit-remaining-subscription-reads": [
          "14786"
        ],
        "x-ms-request-id": [
          "bb88d86d-7df6-4f11-a911-36c3cd2513ad"
        ],
        "x-ms-correlation-request-id": [
          "bb88d86d-7df6-4f11-a911-36c3cd2513ad"
        ],
        "x-ms-routing-request-id": [
          "CENTRALUS:20151211T015603Z:bb88d86d-7df6-4f11-a911-36c3cd2513ad"
        ]
      },
      "StatusCode": 202
    },
    {
      "RequestUri": "/subscriptions/3312c132-fc40-493f-9c97-82d80256a313/resourceGroups/csmrg7767/providers/Microsoft.Web/sites/csmws472/operationresults/a37d6de5-1fb2-48a5-b7d6-f49aa5d72692?api-version=2015-08-01",
      "RequestMethod": "GET",
      "RequestBody": "",
      "RequestHeaders": {
        "User-Agent": [
          "Microsoft.Azure.Management.WebSites.WebSiteManagementClient/1.0.0.1"
        ],
        "Accept": [
          "application/json"
        ]
      },
      "ResponseBody": "",
      "ResponseHeaders": {
        "Content-Length": [
          "0"
        ],
        "Expires": [
          "-1"
        ],
        "Cache-Control": [
          "no-cache"
        ],
        "Date": [
          "Fri, 11 Dec 2015 01:56:18 GMT"
        ],
        "Pragma": [
          "no-cache"
        ],
        "Location": [
          "https://api-dogfood.resources.windows-int.net/subscriptions/3312c132-fc40-493f-9c97-82d80256a313/resourceGroups/csmrg7767/providers/Microsoft.Web/sites/csmws472/operationresults/a37d6de5-1fb2-48a5-b7d6-f49aa5d72692?api-version=2015-08-01"
        ],
        "Retry-After": [
          "15"
        ],
        "Server": [
          "Microsoft-IIS/8.0"
        ],
        "Strict-Transport-Security": [
          "max-age=31536000; includeSubDomains"
        ],
        "X-AspNet-Version": [
          "4.0.30319"
        ],
        "X-Powered-By": [
          "ASP.NET"
        ],
        "x-ms-ratelimit-remaining-subscription-reads": [
          "14785"
        ],
        "x-ms-request-id": [
          "2fb8ff44-2f77-43e3-bd24-1785f6362c88"
        ],
        "x-ms-correlation-request-id": [
          "2fb8ff44-2f77-43e3-bd24-1785f6362c88"
        ],
        "x-ms-routing-request-id": [
          "CENTRALUS:20151211T015618Z:2fb8ff44-2f77-43e3-bd24-1785f6362c88"
        ]
      },
      "StatusCode": 202
    },
    {
      "RequestUri": "/subscriptions/3312c132-fc40-493f-9c97-82d80256a313/resourceGroups/csmrg7767/providers/Microsoft.Web/sites/csmws472/operationresults/a37d6de5-1fb2-48a5-b7d6-f49aa5d72692?api-version=2015-08-01",
      "RequestMethod": "GET",
      "RequestBody": "",
      "RequestHeaders": {
        "User-Agent": [
          "Microsoft.Azure.Management.WebSites.WebSiteManagementClient/1.0.0.1"
        ],
        "Accept": [
          "application/json"
        ]
      },
      "ResponseBody": "{\r\n  \"id\": \"/subscriptions/3312c132-fc40-493f-9c97-82d80256a313/resourceGroups/csmrg7767/providers/Microsoft.Web/sites/csmws472\",\r\n  \"name\": \"csmws472\",\r\n  \"type\": \"Microsoft.Web/sites\",\r\n  \"location\": \"West US\",\r\n  \"tags\": {\r\n    \"tag1\": \"value1\",\r\n    \"tag2\": \"\"\r\n  },\r\n  \"properties\": {\r\n    \"name\": \"csmws472\",\r\n    \"state\": \"Running\",\r\n    \"hostNames\": [\r\n      \"csmws472.waws-ppedf.windows-int.net\"\r\n    ],\r\n    \"webSpace\": \"csmrg7767-WestUSwebspace\",\r\n    \"selfLink\": \"https://waws-ppedf-bay-001.api.admin-waws-ppedf.windows-int.net:454/subscriptions/3312c132-fc40-493f-9c97-82d80256a313/webspaces/csmrg7767-WestUSwebspace/sites/csmws472\",\r\n    \"repositorySiteName\": \"csmws472\",\r\n    \"owner\": null,\r\n    \"usageState\": 0,\r\n    \"enabled\": true,\r\n    \"adminEnabled\": true,\r\n    \"enabledHostNames\": [\r\n      \"csmws472.scm.waws-ppedf.windows-int.net\",\r\n      \"csmws472.waws-ppedf.windows-int.net\"\r\n    ],\r\n    \"siteProperties\": {\r\n      \"metadata\": null,\r\n      \"properties\": [],\r\n      \"appSettings\": null\r\n    },\r\n    \"availabilityState\": 0,\r\n    \"sslCertificates\": null,\r\n    \"csrs\": [],\r\n    \"cers\": null,\r\n    \"siteMode\": null,\r\n    \"hostNameSslStates\": [\r\n      {\r\n        \"name\": \"csmws472.scm.waws-ppedf.windows-int.net\",\r\n        \"sslState\": 0,\r\n        \"ipBasedSslResult\": null,\r\n        \"virtualIP\": null,\r\n        \"thumbprint\": null,\r\n        \"toUpdate\": null,\r\n        \"toUpdateIpBasedSsl\": null,\r\n        \"ipBasedSslState\": 0,\r\n        \"hostType\": 1\r\n      },\r\n      {\r\n        \"name\": \"csmws472.waws-ppedf.windows-int.net\",\r\n        \"sslState\": 0,\r\n        \"ipBasedSslResult\": null,\r\n        \"virtualIP\": null,\r\n        \"thumbprint\": null,\r\n        \"toUpdate\": null,\r\n        \"toUpdateIpBasedSsl\": null,\r\n        \"ipBasedSslState\": 0,\r\n        \"hostType\": 0\r\n      }\r\n    ],\r\n    \"computeMode\": null,\r\n    \"serverFarm\": null,\r\n    \"serverFarmId\": \"/subscriptions/3312c132-fc40-493f-9c97-82d80256a313/resourceGroups/csmrg7767/providers/Microsoft.Web/serverfarms/csmwhp1672-WestUS\",\r\n    \"lastModifiedTimeUtc\": \"2015-12-11T01:56:22.98\",\r\n    \"storageRecoveryDefaultState\": \"Running\",\r\n    \"contentAvailabilityState\": 0,\r\n    \"runtimeAvailabilityState\": 0,\r\n    \"siteConfig\": null,\r\n    \"deploymentId\": \"csmws472\",\r\n    \"trafficManagerHostNames\": null,\r\n    \"sku\": \"Premium\",\r\n    \"premiumAppDeployed\": null,\r\n    \"scmSiteAlsoStopped\": false,\r\n    \"targetSwapSlot\": null,\r\n    \"hostingEnvironment\": null,\r\n    \"hostingEnvironmentProfile\": null,\r\n    \"microService\": \"WebSites\",\r\n    \"gatewaySiteName\": null,\r\n    \"clientAffinityEnabled\": true,\r\n    \"clientCertEnabled\": false,\r\n    \"hostNamesDisabled\": false,\r\n    \"domainVerificationIdentifiers\": null,\r\n    \"kind\": null,\r\n    \"outboundIpAddresses\": \"104.40.21.237,104.40.20.76,104.40.19.34,104.40.22.12\",\r\n    \"cloningInfo\": null,\r\n    \"hostingEnvironmentId\": null,\r\n    \"tags\": {\r\n      \"tag1\": \"value1\",\r\n      \"tag2\": \"\"\r\n    }\r\n  }\r\n}",
      "ResponseHeaders": {
        "Content-Type": [
          "application/json"
        ],
        "Expires": [
          "-1"
        ],
        "Cache-Control": [
          "no-cache"
        ],
        "Date": [
          "Fri, 11 Dec 2015 01:56:34 GMT"
        ],
        "Pragma": [
          "no-cache"
        ],
        "Transfer-Encoding": [
          "chunked"
        ],
        "ETag": [
          "\"1D133B72301B040\""
        ],
        "Server": [
          "Microsoft-IIS/8.0"
        ],
        "Vary": [
          "Accept-Encoding"
        ],
        "Strict-Transport-Security": [
          "max-age=31536000; includeSubDomains"
        ],
        "x-ms-request-id": [
          "43e0771c-6ef6-4e0b-b1f4-75b1ac764c16"
        ],
        "X-AspNet-Version": [
          "4.0.30319"
        ],
        "X-Powered-By": [
          "ASP.NET"
        ],
        "x-ms-ratelimit-remaining-subscription-reads": [
          "14784"
        ],
        "x-ms-correlation-request-id": [
          "3f5fbfc1-d3be-4a7d-9a8c-aa3c92d3653d"
        ],
        "x-ms-routing-request-id": [
          "CENTRALUS:20151211T015634Z:3f5fbfc1-d3be-4a7d-9a8c-aa3c92d3653d"
        ]
      },
      "StatusCode": 200
    }
  ],
  "Names": {
    "RunWebsiteTestScenario": [
      "csmws5376",
      "csmrg7767",
      "csmwhp1672"
    ],
    "CloneSite": [
      "csmws472"
    ]
  },
  "Variables": {
    "SubscriptionId": "3312c132-fc40-493f-9c97-82d80256a313"
  }
}