{
  "Entries": [
    {
      "RequestUri": "/subscriptions/3312c132-fc40-493f-9c97-82d80256a313/providers/Microsoft.Web?api-version=2015-11-01",
      "RequestMethod": "GET",
      "RequestBody": "",
      "RequestHeaders": {
        "x-ms-client-request-id": [
          "456f242a-8da9-4a97-a3f1-5ac91749aa31"
        ],
        "accept-language": [
          "en-US"
        ],
        "User-Agent": [
          "Microsoft.Azure.Management.Resources.ResourceManagementClient/3.0.0.0"
        ]
      },
      "ResponseBody": "{\r\n  \"id\": \"/subscriptions/3312c132-fc40-493f-9c97-82d80256a313/providers/Microsoft.Web\",\r\n  \"namespace\": \"Microsoft.Web\",\r\n  \"authorization\": {\r\n    \"applicationId\": \"abfa0a7c-a6b6-4736-8310-5855508787cd\",\r\n    \"roleDefinitionId\": \"f47ed98b-b063-4a5b-9e10-4b9b44fa7735\"\r\n  },\r\n  \"resourceTypes\": [\r\n    {\r\n      \"resourceType\": \"sites/extensions\",\r\n      \"locations\": [\r\n        \"West US\",\r\n        \"East US\",\r\n        \"East US 2\"\r\n      ],\r\n      \"apiVersions\": [\r\n        \"2015-08-01\",\r\n        \"2015-06-01\",\r\n        \"2015-05-01\",\r\n        \"2015-04-01-privatepreview\",\r\n        \"2015-04-01\",\r\n        \"2015-02-01-privatepreview\",\r\n        \"2015-02-01\",\r\n        \"2014-11-01-privatepreview\",\r\n        \"2014-11-01\",\r\n        \"2014-06-01\",\r\n        \"2014-04-01\"\r\n      ]\r\n    },\r\n    {\r\n      \"resourceType\": \"sites/slots/extensions\",\r\n      \"locations\": [\r\n        \"West US\",\r\n        \"East US\",\r\n        \"East US 2\"\r\n      ],\r\n      \"apiVersions\": [\r\n        \"2015-08-01\",\r\n        \"2015-06-01\",\r\n        \"2015-05-01\",\r\n        \"2015-04-01-privatepreview\",\r\n        \"2015-04-01\",\r\n        \"2015-02-01-privatepreview\",\r\n        \"2015-02-01\",\r\n        \"2014-11-01-privatepreview\",\r\n        \"2014-11-01\",\r\n        \"2014-06-01\",\r\n        \"2014-04-01\"\r\n      ]\r\n    },\r\n    {\r\n      \"resourceType\": \"sites/instances\",\r\n      \"locations\": [\r\n        \"West US\",\r\n        \"East US\",\r\n        \"East US 2\"\r\n      ],\r\n      \"apiVersions\": [\r\n        \"2015-08-01\",\r\n        \"2015-06-01\",\r\n        \"2015-05-01\",\r\n        \"2015-04-01-privatepreview\",\r\n        \"2015-04-01\",\r\n        \"2015-02-01-privatepreview\",\r\n        \"2015-02-01\",\r\n        \"2014-11-01-privatepreview\",\r\n        \"2014-11-01\",\r\n        \"2014-06-01\",\r\n        \"2014-04-01\"\r\n      ]\r\n    },\r\n    {\r\n      \"resourceType\": \"sites/slots/instances\",\r\n      \"locations\": [\r\n        \"West US\",\r\n        \"East US\",\r\n        \"East US 2\"\r\n      ],\r\n      \"apiVersions\": [\r\n        \"2015-08-01\",\r\n        \"2015-06-01\",\r\n        \"2015-05-01\",\r\n        \"2015-04-01-privatepreview\",\r\n        \"2015-04-01\",\r\n        \"2015-02-01-privatepreview\",\r\n        \"2015-02-01\",\r\n        \"2014-11-01-privatepreview\",\r\n        \"2014-11-01\",\r\n        \"2014-06-01\",\r\n        \"2014-04-01\"\r\n      ]\r\n    },\r\n    {\r\n      \"resourceType\": \"sites/instances/extensions\",\r\n      \"locations\": [\r\n        \"West US\",\r\n        \"East US\",\r\n        \"East US 2\"\r\n      ],\r\n      \"apiVersions\": [\r\n        \"2015-08-01\",\r\n        \"2015-06-01\",\r\n        \"2015-05-01\",\r\n        \"2015-04-01-privatepreview\",\r\n        \"2015-04-01\",\r\n        \"2015-02-01-privatepreview\",\r\n        \"2015-02-01\",\r\n        \"2014-11-01-privatepreview\",\r\n        \"2014-11-01\",\r\n        \"2014-06-01\",\r\n        \"2014-04-01\"\r\n      ]\r\n    },\r\n    {\r\n      \"resourceType\": \"sites/slots/instances/extensions\",\r\n      \"locations\": [\r\n        \"West US\",\r\n        \"East US\",\r\n        \"East US 2\"\r\n      ],\r\n      \"apiVersions\": [\r\n        \"2015-08-01-privatepreview\",\r\n        \"2015-08-01\",\r\n        \"2015-06-01\",\r\n        \"2015-05-01\",\r\n        \"2015-04-01-privatepreview\",\r\n        \"2015-04-01\",\r\n        \"2015-02-01-privatepreview\",\r\n        \"2015-02-01\",\r\n        \"2014-11-01-privatepreview\",\r\n        \"2014-11-01\",\r\n        \"2014-06-01\",\r\n        \"2014-04-01\"\r\n      ]\r\n    },\r\n    {\r\n      \"resourceType\": \"publishingUsers\",\r\n      \"locations\": [\r\n        \"West US\",\r\n        \"East US\",\r\n        \"East US 2\"\r\n      ],\r\n      \"apiVersions\": [\r\n        \"2015-08-01-privatepreview\",\r\n        \"2015-08-01\",\r\n        \"2015-06-01\",\r\n        \"2015-05-01\",\r\n        \"2015-04-01-privatepreview\",\r\n        \"2015-04-01\",\r\n        \"2015-02-01-privatepreview\",\r\n        \"2015-02-01\",\r\n        \"2014-11-01-privatepreview\",\r\n        \"2014-11-01\",\r\n        \"2014-06-01\",\r\n        \"2014-04-01-privatepreview\",\r\n        \"2014-04-01\"\r\n      ]\r\n    },\r\n    {\r\n      \"resourceType\": \"ishostnameavailable\",\r\n      \"locations\": [\r\n        \"West US\",\r\n        \"East US\",\r\n        \"East US 2\"\r\n      ],\r\n      \"apiVersions\": [\r\n        \"2015-08-01-privatepreview\",\r\n        \"2015-08-01\",\r\n        \"2015-06-01\",\r\n        \"2015-05-01\",\r\n        \"2015-04-01-privatepreview\",\r\n        \"2015-04-01\",\r\n        \"2015-02-01-privatepreview\",\r\n        \"2015-02-01\",\r\n        \"2014-11-01-privatepreview\",\r\n        \"2014-11-01\",\r\n        \"2014-06-01\",\r\n        \"2014-04-01-privatepreview\",\r\n        \"2014-04-01\"\r\n      ]\r\n    },\r\n    {\r\n      \"resourceType\": \"sourceControls\",\r\n      \"locations\": [\r\n        \"West US\",\r\n        \"East US\",\r\n        \"East US 2\"\r\n      ],\r\n      \"apiVersions\": [\r\n        \"2015-08-01\",\r\n        \"2015-06-01\",\r\n        \"2015-05-01\",\r\n        \"2015-04-01-privatepreview\",\r\n        \"2015-04-01\",\r\n        \"2015-02-01-privatepreview\",\r\n        \"2015-02-01\",\r\n        \"2014-11-01-privatepreview\",\r\n        \"2014-11-01\",\r\n        \"2014-06-01\",\r\n        \"2014-04-01-privatepreview\",\r\n        \"2014-04-01\"\r\n      ]\r\n    },\r\n    {\r\n      \"resourceType\": \"operations\",\r\n      \"locations\": [\r\n        \"West US\",\r\n        \"East US\",\r\n        \"East US 2\"\r\n      ],\r\n      \"apiVersions\": [\r\n        \"2015-08-01-privatepreview\",\r\n        \"2015-08-01\",\r\n        \"2015-06-01\",\r\n        \"2015-05-01\",\r\n        \"2015-04-01-privatepreview\",\r\n        \"2015-04-01\",\r\n        \"2015-02-01-privatepreview\",\r\n        \"2015-02-01\",\r\n        \"2014-11-01-privatepreview\",\r\n        \"2014-11-01\",\r\n        \"2014-06-01\",\r\n        \"2014-04-01-privatepreview\",\r\n        \"2014-04-01\"\r\n      ]\r\n    },\r\n    {\r\n      \"resourceType\": \"listSitesAssignedToHostName\",\r\n      \"locations\": [\r\n        \"West US\",\r\n        \"East US\",\r\n        \"East US 2\"\r\n      ],\r\n      \"apiVersions\": [\r\n        \"2015-08-01\",\r\n        \"2015-04-01-privatepreview\",\r\n        \"2015-04-01\",\r\n        \"2015-02-01-privatepreview\",\r\n        \"2015-02-01\",\r\n        \"2014-11-01-privatepreview\",\r\n        \"2014-11-01\"\r\n      ]\r\n    },\r\n    {\r\n      \"resourceType\": \"sites/hostNameBindings\",\r\n      \"locations\": [\r\n        \"West US\",\r\n        \"East US\",\r\n        \"East US 2\"\r\n      ],\r\n      \"apiVersions\": [\r\n        \"2015-08-01-privatepreview\",\r\n        \"2015-08-01-alpha\",\r\n        \"2015-08-01\",\r\n        \"2015-04-01-privatepreview\",\r\n        \"2015-04-01\",\r\n        \"2015-02-01-privatepreview\",\r\n        \"2015-02-01\",\r\n        \"2014-11-01-privatepreview\",\r\n        \"2014-11-01\"\r\n      ]\r\n    },\r\n    {\r\n      \"resourceType\": \"sites/slots/hostNameBindings\",\r\n      \"locations\": [\r\n        \"West US\",\r\n        \"East US\",\r\n        \"East US 2\"\r\n      ],\r\n      \"apiVersions\": [\r\n        \"2015-08-01-privatepreview\",\r\n        \"2015-08-01\",\r\n        \"2015-04-01-privatepreview\",\r\n        \"2015-04-01\",\r\n        \"2015-02-01-privatepreview\",\r\n        \"2015-02-01\",\r\n        \"2014-11-01-privatepreview\",\r\n        \"2014-11-01\"\r\n      ]\r\n    },\r\n    {\r\n      \"resourceType\": \"certificates\",\r\n      \"locations\": [\r\n        \"West US\",\r\n        \"East US\",\r\n        \"East US 2\"\r\n      ],\r\n      \"apiVersions\": [\r\n        \"2015-08-01-privatepreview\",\r\n        \"2015-08-01-alpha\",\r\n        \"2015-08-01\",\r\n        \"2015-06-01\",\r\n        \"2015-05-01\",\r\n        \"2015-04-01-privatepreview\",\r\n        \"2015-04-01\",\r\n        \"2015-02-02\",\r\n        \"2015-02-01-privatepreview\",\r\n        \"2015-02-01\",\r\n        \"2014-11-01-privatepreview\",\r\n        \"2014-11-01\",\r\n        \"2014-06-01\",\r\n        \"2014-04-01-privatepreview\",\r\n        \"2014-04-01\"\r\n      ]\r\n    },\r\n    {\r\n      \"resourceType\": \"serverFarms\",\r\n      \"locations\": [\r\n        \"West US\",\r\n        \"East US\",\r\n        \"East US 2\"\r\n      ],\r\n      \"apiVersions\": [\r\n        \"2015-08-01-privatepreview\",\r\n        \"2015-08-01\",\r\n        \"2015-06-01-privatepreview\",\r\n        \"2015-06-01\",\r\n        \"2015-05-01\",\r\n        \"2015-04-01-privatepreview\",\r\n        \"2015-04-01\",\r\n        \"2015-02-02\",\r\n        \"2015-02-01-privatepreview\",\r\n        \"2015-02-01\",\r\n        \"2014-11-01-privatepreview\",\r\n        \"2014-11-01\",\r\n        \"2014-06-01\",\r\n        \"2014-04-01-privatepreview\",\r\n        \"2014-04-01\"\r\n      ]\r\n    },\r\n    {\r\n      \"resourceType\": \"sites\",\r\n      \"locations\": [\r\n        \"West US\",\r\n        \"East US\",\r\n        \"East US 2\"\r\n      ],\r\n      \"apiVersions\": [\r\n        \"2015-08-01-privatepreview\",\r\n        \"2015-08-01-alpha\",\r\n        \"2015-08-01\",\r\n        \"2015-06-01\",\r\n        \"2015-05-01\",\r\n        \"2015-04-01-privatepreview\",\r\n        \"2015-04-01\",\r\n        \"2015-02-01-privatepreview\",\r\n        \"2015-02-01\",\r\n        \"2014-11-01-privatepreview\",\r\n        \"2014-11-01\",\r\n        \"2014-06-01\",\r\n        \"2014-04-01\"\r\n      ]\r\n    },\r\n    {\r\n      \"resourceType\": \"runtimes\",\r\n      \"locations\": [],\r\n      \"apiVersions\": [\r\n        \"2015-08-01\",\r\n        \"2015-06-01\",\r\n        \"2015-05-01\",\r\n        \"2015-04-01-privatepreview\",\r\n        \"2015-04-01\",\r\n        \"2015-02-01-privatepreview\",\r\n        \"2015-02-01\",\r\n        \"2014-11-01-privatepreview\",\r\n        \"2014-11-01\",\r\n        \"2014-06-01\",\r\n        \"2014-04-01-privatepreview\",\r\n        \"2014-04-01\"\r\n      ]\r\n    },\r\n    {\r\n      \"resourceType\": \"sites/slots\",\r\n      \"locations\": [\r\n        \"West US\",\r\n        \"East US\",\r\n        \"East US 2\"\r\n      ],\r\n      \"apiVersions\": [\r\n        \"2015-08-01-privatepreview\",\r\n        \"2015-08-01\",\r\n        \"2015-06-01\",\r\n        \"2015-05-01\",\r\n        \"2015-04-01-privatepreview\",\r\n        \"2015-04-01\",\r\n        \"2015-02-02\",\r\n        \"2015-02-01-privatepreview\",\r\n        \"2015-02-01\",\r\n        \"2014-11-01-privatepreview\",\r\n        \"2014-11-01\",\r\n        \"2014-06-01\",\r\n        \"2014-04-01-privatepreview\",\r\n        \"2014-04-01\"\r\n      ]\r\n    },\r\n    {\r\n      \"resourceType\": \"sites/metrics\",\r\n      \"locations\": [],\r\n      \"apiVersions\": [\r\n        \"2015-08-01\",\r\n        \"2015-06-01\",\r\n        \"2015-05-01\",\r\n        \"2015-04-01\",\r\n        \"2015-02-01\",\r\n        \"2014-11-01\",\r\n        \"2014-06-01\",\r\n        \"2014-04-01-privatepreview\",\r\n        \"2014-04-01\"\r\n      ]\r\n    },\r\n    {\r\n      \"resourceType\": \"sites/metricDefinitions\",\r\n      \"locations\": [],\r\n      \"apiVersions\": [\r\n        \"2015-06-01\",\r\n        \"2015-05-01\",\r\n        \"2015-04-01\",\r\n        \"2015-02-01\",\r\n        \"2014-11-01\",\r\n        \"2014-06-01\",\r\n        \"2014-04-01-privatepreview\",\r\n        \"2014-04-01\"\r\n      ]\r\n    },\r\n    {\r\n      \"resourceType\": \"serverFarms/metrics\",\r\n      \"locations\": [],\r\n      \"apiVersions\": [\r\n        \"2015-08-01\",\r\n        \"2015-06-01\",\r\n        \"2015-05-01\",\r\n        \"2015-04-01-privatepreview\",\r\n        \"2015-04-01\",\r\n        \"2015-02-01-privatepreview\",\r\n        \"2015-02-01\",\r\n        \"2014-11-01-privatepreview\",\r\n        \"2014-11-01\",\r\n        \"2014-06-01\",\r\n        \"2014-04-01-privatepreview\",\r\n        \"2014-04-01\"\r\n      ]\r\n    },\r\n    {\r\n      \"resourceType\": \"serverFarms/metricDefinitions\",\r\n      \"locations\": [],\r\n      \"apiVersions\": [\r\n        \"2015-06-01\",\r\n        \"2015-05-01\",\r\n        \"2015-04-01\",\r\n        \"2015-02-01\",\r\n        \"2014-11-01\",\r\n        \"2014-06-01\",\r\n        \"2014-04-01-privatepreview\",\r\n        \"2014-04-01\"\r\n      ]\r\n    },\r\n    {\r\n      \"resourceType\": \"georegions\",\r\n      \"locations\": [],\r\n      \"apiVersions\": [\r\n        \"2015-08-01\",\r\n        \"2015-06-01\",\r\n        \"2015-05-01\",\r\n        \"2015-04-01-privatepreview\",\r\n        \"2015-04-01\",\r\n        \"2015-02-01-privatepreview\",\r\n        \"2015-02-01\",\r\n        \"2014-11-01-privatepreview\",\r\n        \"2014-11-01\",\r\n        \"2014-06-01\",\r\n        \"2014-04-01-privatepreview\",\r\n        \"2014-04-01\"\r\n      ]\r\n    },\r\n    {\r\n      \"resourceType\": \"webquotas\",\r\n      \"locations\": [],\r\n      \"apiVersions\": [\r\n        \"2015-08-01\",\r\n        \"2015-06-01\",\r\n        \"2015-05-01\",\r\n        \"2015-04-01-privatepreview\",\r\n        \"2015-04-01\",\r\n        \"2015-02-01-privatepreview\",\r\n        \"2015-02-01\",\r\n        \"2014-11-01-privatepreview\",\r\n        \"2014-11-01\",\r\n        \"2014-06-01\",\r\n        \"2014-04-01-privatepreview\",\r\n        \"2014-04-01\"\r\n      ]\r\n    },\r\n    {\r\n      \"resourceType\": \"sites/premierAddOns\",\r\n      \"locations\": [],\r\n      \"apiVersions\": [\r\n        \"2015-08-01-privatepreview\",\r\n        \"2015-08-01\",\r\n        \"2015-06-01\",\r\n        \"2015-05-01\",\r\n        \"2015-04-01-privatepreview\",\r\n        \"2015-04-01\",\r\n        \"2015-02-01-privatepreview\",\r\n        \"2015-02-01\",\r\n        \"2014-11-01-privatepreview\",\r\n        \"2014-11-01\",\r\n        \"2014-06-01\",\r\n        \"2014-04-01\"\r\n      ]\r\n    },\r\n    {\r\n      \"resourceType\": \"hostingEnvironments\",\r\n      \"locations\": [\r\n        \"West US\",\r\n        \"East US\",\r\n        \"East US 2\"\r\n      ],\r\n      \"apiVersions\": [\r\n        \"2015-08-01\",\r\n        \"2015-06-01\",\r\n        \"2015-05-01\",\r\n        \"2015-04-01-privatepreview\",\r\n        \"2015-04-01\",\r\n        \"2015-02-01-privatepreview\",\r\n        \"2015-02-01\",\r\n        \"2014-11-01-privatepreview\",\r\n        \"2014-11-01\",\r\n        \"2014-06-01\",\r\n        \"2014-04-01-privatepreview\",\r\n        \"2014-04-01\"\r\n      ]\r\n    }\r\n  ],\r\n  \"registrationState\": \"Registered\"\r\n}",
      "ResponseHeaders": {
        "Content-Type": [
          "application/json; charset=utf-8"
        ],
        "Expires": [
          "-1"
        ],
        "Cache-Control": [
          "no-cache"
        ],
        "Date": [
          "Fri, 11 Dec 2015 01:29:52 GMT"
        ],
        "Pragma": [
          "no-cache"
        ],
        "Vary": [
          "Accept-Encoding"
        ],
        "x-ms-ratelimit-remaining-subscription-reads": [
          "14770"
        ],
        "x-ms-request-id": [
          "b670f9e9-8a50-4f86-b0fc-3eaa3cde0c30"
        ],
        "x-ms-correlation-request-id": [
          "b670f9e9-8a50-4f86-b0fc-3eaa3cde0c30"
        ],
        "x-ms-routing-request-id": [
          "CENTRALUS:20151211T012952Z:b670f9e9-8a50-4f86-b0fc-3eaa3cde0c30"
        ],
        "Strict-Transport-Security": [
          "max-age=31536000; includeSubDomains"
        ]
      },
      "StatusCode": 200
    },
    {
      "RequestUri": "/subscriptions/3312c132-fc40-493f-9c97-82d80256a313/resourcegroups/csmrg2628?api-version=2015-11-01",
      "RequestMethod": "PUT",
      "RequestBody": "{\r\n  \"location\": \"West US\"\r\n}",
      "RequestHeaders": {
        "Content-Type": [
          "application/json; charset=utf-8"
        ],
        "Content-Length": [
          "29"
        ],
        "x-ms-client-request-id": [
          "b45a30df-9935-4ca3-af1b-2828135d400f"
        ],
        "accept-language": [
          "en-US"
        ],
        "User-Agent": [
          "Microsoft.Azure.Management.Resources.ResourceManagementClient/3.0.0.0"
        ]
      },
      "ResponseBody": "{\r\n  \"id\": \"/subscriptions/3312c132-fc40-493f-9c97-82d80256a313/resourceGroups/csmrg2628\",\r\n  \"name\": \"csmrg2628\",\r\n  \"location\": \"westus\",\r\n  \"properties\": {\r\n    \"provisioningState\": \"Succeeded\"\r\n  }\r\n}",
      "ResponseHeaders": {
        "Content-Length": [
          "171"
        ],
        "Content-Type": [
          "application/json; charset=utf-8"
        ],
        "Expires": [
          "-1"
        ],
        "Cache-Control": [
          "no-cache"
        ],
        "Date": [
          "Fri, 11 Dec 2015 01:29:52 GMT"
        ],
        "Pragma": [
          "no-cache"
        ],
        "x-ms-ratelimit-remaining-subscription-writes": [
          "987"
        ],
        "x-ms-request-id": [
          "8eaf5349-c258-4501-8f6f-e36ff970235b"
        ],
        "x-ms-correlation-request-id": [
          "8eaf5349-c258-4501-8f6f-e36ff970235b"
        ],
        "x-ms-routing-request-id": [
          "CENTRALUS:20151211T012953Z:8eaf5349-c258-4501-8f6f-e36ff970235b"
        ],
        "Strict-Transport-Security": [
          "max-age=31536000; includeSubDomains"
        ]
      },
      "StatusCode": 201
    },
    {
      "RequestUri": "/subscriptions/3312c132-fc40-493f-9c97-82d80256a313/resourceGroups/csmrg2628/providers/Microsoft.Web/serverfarms/csmwhp6158?api-version=2015-08-01",
      "RequestMethod": "PUT",
      "RequestBody": "{\r\n  \"sku\": {\r\n    \"name\": \"D1\",\r\n    \"tier\": \"Shared\"\r\n  },\r\n  \"location\": \"West US\",\r\n  \"properties\": {\r\n    \"name\": \"csmwhp6158\"\r\n  }\r\n}",
      "RequestHeaders": {
        "Content-Type": [
          "application/json; charset=utf-8"
        ],
        "Content-Length": [
          "139"
        ],
        "x-ms-client-request-id": [
          "80a8534a-ab66-4771-a480-1fb7526c0d5f"
        ],
        "accept-language": [
          "en-US"
        ],
        "User-Agent": [
          "Microsoft.Azure.Management.WebSites.WebSiteManagementClient/1.0.0.1"
        ],
        "Accept": [
          "application/json"
        ]
      },
      "ResponseBody": "{\r\n  \"id\": \"/subscriptions/3312c132-fc40-493f-9c97-82d80256a313/resourceGroups/csmrg2628/providers/Microsoft.Web/serverfarms/csmwhp6158\",\r\n  \"name\": \"csmwhp6158\",\r\n  \"type\": \"Microsoft.Web/serverfarms\",\r\n  \"location\": \"West US\",\r\n  \"tags\": null,\r\n  \"properties\": {\r\n    \"serverFarmId\": 0,\r\n    \"name\": \"csmwhp6158\",\r\n    \"workerSize\": 0,\r\n    \"workerSizeId\": 0,\r\n    \"numberOfWorkers\": 0,\r\n    \"currentWorkerSize\": 0,\r\n    \"currentWorkerSizeId\": 0,\r\n    \"currentNumberOfWorkers\": 0,\r\n    \"status\": 0,\r\n    \"webSpace\": \"csmrg2628-WestUSwebspace\",\r\n    \"subscription\": \"3312c132-fc40-493f-9c97-82d80256a313\",\r\n    \"adminSiteName\": null,\r\n    \"hostingEnvironment\": null,\r\n    \"hostingEnvironmentProfile\": null,\r\n    \"maximumNumberOfWorkers\": 1,\r\n    \"planName\": \"VirtualDedicatedPlan\",\r\n    \"adminRuntimeSiteName\": null,\r\n    \"computeMode\": 0,\r\n    \"siteMode\": null,\r\n    \"geoRegion\": \"West US\",\r\n    \"perSiteScaling\": false,\r\n    \"numberOfSites\": 0,\r\n    \"hostingEnvironmentId\": null,\r\n    \"tags\": null,\r\n    \"kind\": null,\r\n    \"resourceGroup\": \"csmrg2628\"\r\n  },\r\n  \"sku\": {\r\n    \"name\": \"D1\",\r\n    \"tier\": \"Shared\",\r\n    \"size\": \"D1\",\r\n    \"family\": \"D\",\r\n    \"capacity\": 0\r\n  }\r\n}",
      "ResponseHeaders": {
        "Content-Type": [
          "application/json"
        ],
        "Expires": [
          "-1"
        ],
        "Cache-Control": [
          "no-cache"
        ],
        "Date": [
          "Fri, 11 Dec 2015 01:29:57 GMT"
        ],
        "Pragma": [
          "no-cache"
        ],
        "Transfer-Encoding": [
          "chunked"
        ],
        "Server": [
          "Microsoft-IIS/8.0"
        ],
        "Vary": [
          "Accept-Encoding"
        ],
        "Strict-Transport-Security": [
          "max-age=31536000; includeSubDomains"
        ],
        "x-ms-request-id": [
          "7ca1d8bc-f07b-4210-bb1e-0a8532dba4a4"
        ],
        "X-AspNet-Version": [
          "4.0.30319"
        ],
        "X-Powered-By": [
          "ASP.NET"
        ],
        "x-ms-ratelimit-remaining-subscription-writes": [
          "1060"
        ],
        "x-ms-correlation-request-id": [
          "8ddae76d-7fb3-410c-b908-fec955d94e47"
        ],
        "x-ms-routing-request-id": [
          "CENTRALUS:20151211T012957Z:8ddae76d-7fb3-410c-b908-fec955d94e47"
        ]
      },
      "StatusCode": 200
    },
    {
      "RequestUri": "/subscriptions/3312c132-fc40-493f-9c97-82d80256a313/resourceGroups/csmrg2628/providers/Microsoft.Web/sites/csmws985?api-version=2015-08-01",
      "RequestMethod": "PUT",
      "RequestBody": "{\r\n  \"location\": \"West US\",\r\n  \"tags\": {\r\n    \"tag1\": \"value1\",\r\n    \"tag2\": \"\"\r\n  },\r\n  \"properties\": {\r\n    \"name\": \"csmws985\",\r\n    \"serverFarmId\": \"/subscriptions/3312c132-fc40-493f-9c97-82d80256a313/resourceGroups/csmrg2628/providers/Microsoft.Web/serverfarms/csmwhp6158\"\r\n  }\r\n}",
      "RequestHeaders": {
        "Content-Type": [
          "application/json; charset=utf-8"
        ],
        "Content-Length": [
          "284"
        ],
        "x-ms-client-request-id": [
          "c465038b-15a9-4b59-8401-bd54cbe443e8"
        ],
        "accept-language": [
          "en-US"
        ],
        "User-Agent": [
          "Microsoft.Azure.Management.WebSites.WebSiteManagementClient/1.0.0.1"
        ],
        "Accept": [
          "application/json"
        ]
      },
      "ResponseBody": "{\r\n  \"id\": \"/subscriptions/3312c132-fc40-493f-9c97-82d80256a313/resourceGroups/csmrg2628/providers/Microsoft.Web/sites/csmws985\",\r\n  \"name\": \"csmws985\",\r\n  \"type\": \"Microsoft.Web/sites\",\r\n  \"location\": \"West US\",\r\n  \"tags\": {\r\n    \"tag1\": \"value1\",\r\n    \"tag2\": \"\"\r\n  },\r\n  \"properties\": {\r\n    \"name\": \"csmws985\",\r\n    \"state\": \"Running\",\r\n    \"hostNames\": [\r\n      \"csmws985.waws-ppedf.windows-int.net\"\r\n    ],\r\n    \"webSpace\": \"csmrg2628-WestUSwebspace\",\r\n    \"selfLink\": \"https://waws-ppedf-bay-001.api.admin-waws-ppedf.windows-int.net:454/subscriptions/3312c132-fc40-493f-9c97-82d80256a313/webspaces/csmrg2628-WestUSwebspace/sites/csmws985\",\r\n    \"repositorySiteName\": \"csmws985\",\r\n    \"owner\": null,\r\n    \"usageState\": 0,\r\n    \"enabled\": true,\r\n    \"adminEnabled\": true,\r\n    \"enabledHostNames\": [\r\n      \"csmws985.scm.waws-ppedf.windows-int.net\",\r\n      \"csmws985.waws-ppedf.windows-int.net\"\r\n    ],\r\n    \"siteProperties\": {\r\n      \"metadata\": null,\r\n      \"properties\": [],\r\n      \"appSettings\": null\r\n    },\r\n    \"availabilityState\": 0,\r\n    \"sslCertificates\": null,\r\n    \"csrs\": [],\r\n    \"cers\": null,\r\n    \"siteMode\": null,\r\n    \"hostNameSslStates\": [\r\n      {\r\n        \"name\": \"csmws985.scm.waws-ppedf.windows-int.net\",\r\n        \"sslState\": 0,\r\n        \"ipBasedSslResult\": null,\r\n        \"virtualIP\": null,\r\n        \"thumbprint\": null,\r\n        \"toUpdate\": null,\r\n        \"toUpdateIpBasedSsl\": null,\r\n        \"ipBasedSslState\": 0,\r\n        \"hostType\": 1\r\n      },\r\n      {\r\n        \"name\": \"csmws985.waws-ppedf.windows-int.net\",\r\n        \"sslState\": 0,\r\n        \"ipBasedSslResult\": null,\r\n        \"virtualIP\": null,\r\n        \"thumbprint\": null,\r\n        \"toUpdate\": null,\r\n        \"toUpdateIpBasedSsl\": null,\r\n        \"ipBasedSslState\": 0,\r\n        \"hostType\": 0\r\n      }\r\n    ],\r\n    \"computeMode\": null,\r\n    \"serverFarm\": null,\r\n    \"serverFarmId\": \"/subscriptions/3312c132-fc40-493f-9c97-82d80256a313/resourceGroups/csmrg2628/providers/Microsoft.Web/serverfarms/csmwhp6158\",\r\n    \"lastModifiedTimeUtc\": \"2015-12-11T01:30:04.357\",\r\n    \"storageRecoveryDefaultState\": \"Running\",\r\n    \"contentAvailabilityState\": 0,\r\n    \"runtimeAvailabilityState\": 0,\r\n    \"siteConfig\": null,\r\n    \"deploymentId\": \"csmws985\",\r\n    \"trafficManagerHostNames\": null,\r\n    \"sku\": \"Shared\",\r\n    \"premiumAppDeployed\": null,\r\n    \"scmSiteAlsoStopped\": false,\r\n    \"targetSwapSlot\": null,\r\n    \"hostingEnvironment\": null,\r\n    \"hostingEnvironmentProfile\": null,\r\n    \"microService\": \"WebSites\",\r\n    \"gatewaySiteName\": null,\r\n    \"clientAffinityEnabled\": true,\r\n    \"clientCertEnabled\": false,\r\n    \"hostNamesDisabled\": false,\r\n    \"domainVerificationIdentifiers\": null,\r\n    \"kind\": null,\r\n    \"outboundIpAddresses\": \"104.40.21.237,104.40.20.76,104.40.19.34,104.40.22.12\",\r\n    \"cloningInfo\": null,\r\n    \"hostingEnvironmentId\": null,\r\n    \"tags\": {\r\n      \"tag1\": \"value1\",\r\n      \"tag2\": \"\"\r\n    }\r\n  }\r\n}",
      "ResponseHeaders": {
        "Content-Type": [
          "application/json"
        ],
        "Expires": [
          "-1"
        ],
        "Cache-Control": [
          "no-cache"
        ],
        "Date": [
          "Fri, 11 Dec 2015 01:30:02 GMT"
        ],
        "Pragma": [
          "no-cache"
        ],
        "Transfer-Encoding": [
          "chunked"
        ],
        "Server": [
          "Microsoft-IIS/8.0"
        ],
        "Vary": [
          "Accept-Encoding"
        ],
        "Strict-Transport-Security": [
          "max-age=31536000; includeSubDomains"
        ],
        "x-ms-request-id": [
          "367de807-e17d-4526-aae0-7f7fe63505ac"
        ],
        "X-AspNet-Version": [
          "4.0.30319"
        ],
        "X-Powered-By": [
          "ASP.NET"
        ],
        "x-ms-ratelimit-remaining-subscription-writes": [
          "1059"
        ],
        "x-ms-correlation-request-id": [
          "55e788cc-767f-408f-b2ad-1b90094256f1"
        ],
        "x-ms-routing-request-id": [
          "CENTRALUS:20151211T013003Z:55e788cc-767f-408f-b2ad-1b90094256f1"
        ]
      },
      "StatusCode": 200
    },
    {
      "RequestUri": "/providers/Microsoft.Web/sourcecontrols/GitHub?api-version=2015-08-01",
      "RequestMethod": "PUT",
      "RequestBody": "{\r\n  \"location\": \"West US\",\r\n  \"properties\": {\r\n    \"name\": \"GitHub\",\r\n    \"token\": \"36c7290f81fda5877d52d2fc3fbc7c31acd25051\"\r\n  }\r\n}",
      "RequestHeaders": {
        "Content-Type": [
          "application/json; charset=utf-8"
        ],
        "Content-Length": [
          "134"
        ],
        "x-ms-client-request-id": [
          "ec3b939c-f845-49ec-b0a4-c6a54313509e"
        ],
        "accept-language": [
          "en-US"
        ],
        "User-Agent": [
          "Microsoft.Azure.Management.WebSites.WebSiteManagementClient/1.0.0.1"
        ],
        "Accept": [
          "application/json"
        ]
      },
      "ResponseBody": "{\r\n  \"id\": null,\r\n  \"name\": \"GitHub\",\r\n  \"type\": \"Microsoft.Web/sourcecontrols\",\r\n  \"location\": null,\r\n  \"tags\": null,\r\n  \"properties\": {\r\n    \"name\": \"GitHub\",\r\n    \"token\": \"36c7290f81fda5877d52d2fc3fbc7c31acd25051\",\r\n    \"tokenSecret\": null,\r\n    \"refreshToken\": null,\r\n    \"expirationTime\": null\r\n  }\r\n}",
      "ResponseHeaders": {
        "Content-Type": [
          "application/json"
        ],
        "Expires": [
          "-1"
        ],
        "Cache-Control": [
          "no-cache"
        ],
        "Date": [
          "Fri, 11 Dec 2015 01:30:04 GMT"
        ],
        "Pragma": [
          "no-cache"
        ],
        "Transfer-Encoding": [
          "chunked"
        ],
        "Server": [
          "Microsoft-IIS/8.0"
        ],
        "Vary": [
          "Accept-Encoding"
        ],
        "Strict-Transport-Security": [
          "max-age=31536000; includeSubDomains"
        ],
        "x-ms-request-id": [
          "7522f00a-d378-451f-b7ff-c19124099eb6"
        ],
        "X-AspNet-Version": [
          "4.0.30319"
        ],
        "X-Powered-By": [
          "ASP.NET"
        ],
        "x-ms-ratelimit-remaining-tenant-writes": [
          "1199"
        ],
        "x-ms-correlation-request-id": [
          "3f5fe0c8-e1ec-4286-b771-fe4a99a3f0c3"
        ],
        "x-ms-routing-request-id": [
          "CENTRALUS:20151211T013004Z:3f5fe0c8-e1ec-4286-b771-fe4a99a3f0c3"
        ]
      },
      "StatusCode": 200
    },
    {
      "RequestUri": "/subscriptions/3312c132-fc40-493f-9c97-82d80256a313/resourceGroups/csmrg2628/providers/Microsoft.Web/sites/csmws985/sourcecontrols/web?api-version=2015-08-01",
      "RequestMethod": "PATCH",
      "RequestBody": "{\r\n  \"properties\": {\r\n    \"repoUrl\": \"https://github.com/amitaptest/HelloKudu\"\r\n  }\r\n}",
      "RequestHeaders": {
        "Content-Type": [
          "application/json; charset=utf-8"
        ],
        "Content-Length": [
          "86"
        ],
        "x-ms-client-request-id": [
          "56e35a3b-dab8-41fb-bb44-ee831845be27"
        ],
        "accept-language": [
          "en-US"
        ],
        "User-Agent": [
          "Microsoft.Azure.Management.WebSites.WebSiteManagementClient/1.0.0.1"
        ],
        "Accept": [
          "application/json"
        ]
      },
      "ResponseBody": "{\r\n  \"Code\": \"BadRequest\",\r\n  \"Message\": \"Repository 'UpdateSiteSourceControl' operation failed with Microsoft.Web.Hosting.SourceControls.OAuthException: GitHub GetRepository: Bad credentials\\r\\n   at Microsoft.Web.Hosting.SourceControls.GitHubProxy.<ProcessResponse>d__99`1.MoveNext()\\r\\n--- End of stack trace from previous location where exception was thrown ---\\r\\n   at System.Runtime.CompilerServices.TaskAwaiter.ThrowForNonSuccess(Task task)\\r\\n   at System.Runtime.CompilerServices.TaskAwaiter.HandleNonSuccessAndDebuggerNotification(Task task)\\r\\n   at Microsoft.Web.Hosting.SourceControls.GitHubProxy.<GetRepository>d__19.MoveNext()\\r\\n--- End of stack trace from previous location where exception was thrown ---\\r\\n   at System.Runtime.CompilerServices.TaskAwaiter.ThrowForNonSuccess(Task task)\\r\\n   at System.Runtime.CompilerServices.TaskAwaiter.HandleNonSuccessAndDebuggerNotification(Task task)\\r\\n   at Microsoft.Web.Hosting.Administration.GitHubSiteRepositoryProvider.<UpdateSiteSourceControl>d__6.MoveNext().\",\r\n  \"Target\": null,\r\n  \"Details\": [\r\n    {\r\n      \"Message\": \"Repository 'UpdateSiteSourceControl' operation failed with Microsoft.Web.Hosting.SourceControls.OAuthException: GitHub GetRepository: Bad credentials\\r\\n   at Microsoft.Web.Hosting.SourceControls.GitHubProxy.<ProcessResponse>d__99`1.MoveNext()\\r\\n--- End of stack trace from previous location where exception was thrown ---\\r\\n   at System.Runtime.CompilerServices.TaskAwaiter.ThrowForNonSuccess(Task task)\\r\\n   at System.Runtime.CompilerServices.TaskAwaiter.HandleNonSuccessAndDebuggerNotification(Task task)\\r\\n   at Microsoft.Web.Hosting.SourceControls.GitHubProxy.<GetRepository>d__19.MoveNext()\\r\\n--- End of stack trace from previous location where exception was thrown ---\\r\\n   at System.Runtime.CompilerServices.TaskAwaiter.ThrowForNonSuccess(Task task)\\r\\n   at System.Runtime.CompilerServices.TaskAwaiter.HandleNonSuccessAndDebuggerNotification(Task task)\\r\\n   at Microsoft.Web.Hosting.Administration.GitHubSiteRepositoryProvider.<UpdateSiteSourceControl>d__6.MoveNext().\"\r\n    },\r\n    {\r\n      \"Code\": \"BadRequest\"\r\n    },\r\n    {\r\n      \"ErrorEntity\": {\r\n        \"Code\": \"BadRequest\",\r\n        \"Message\": \"Repository 'UpdateSiteSourceControl' operation failed with Microsoft.Web.Hosting.SourceControls.OAuthException: GitHub GetRepository: Bad credentials\\r\\n   at Microsoft.Web.Hosting.SourceControls.GitHubProxy.<ProcessResponse>d__99`1.MoveNext()\\r\\n--- End of stack trace from previous location where exception was thrown ---\\r\\n   at System.Runtime.CompilerServices.TaskAwaiter.ThrowForNonSuccess(Task task)\\r\\n   at System.Runtime.CompilerServices.TaskAwaiter.HandleNonSuccessAndDebuggerNotification(Task task)\\r\\n   at Microsoft.Web.Hosting.SourceControls.GitHubProxy.<GetRepository>d__19.MoveNext()\\r\\n--- End of stack trace from previous location where exception was thrown ---\\r\\n   at System.Runtime.CompilerServices.TaskAwaiter.ThrowForNonSuccess(Task task)\\r\\n   at System.Runtime.CompilerServices.TaskAwaiter.HandleNonSuccessAndDebuggerNotification(Task task)\\r\\n   at Microsoft.Web.Hosting.Administration.GitHubSiteRepositoryProvider.<UpdateSiteSourceControl>d__6.MoveNext().\",\r\n        \"ExtendedCode\": \"05007\",\r\n        \"MessageTemplate\": \"Repository '{0}' operation failed with {1}.\",\r\n        \"Parameters\": [\r\n          \"UpdateSiteSourceControl\",\r\n          \"Microsoft.Web.Hosting.SourceControls.OAuthException: GitHub GetRepository: Bad credentials\\r\\n   at Microsoft.Web.Hosting.SourceControls.GitHubProxy.<ProcessResponse>d__99`1.MoveNext()\\r\\n--- End of stack trace from previous location where exception was thrown ---\\r\\n   at System.Runtime.CompilerServices.TaskAwaiter.ThrowForNonSuccess(Task task)\\r\\n   at System.Runtime.CompilerServices.TaskAwaiter.HandleNonSuccessAndDebuggerNotification(Task task)\\r\\n   at Microsoft.Web.Hosting.SourceControls.GitHubProxy.<GetRepository>d__19.MoveNext()\\r\\n--- End of stack trace from previous location where exception was thrown ---\\r\\n   at System.Runtime.CompilerServices.TaskAwaiter.ThrowForNonSuccess(Task task)\\r\\n   at System.Runtime.CompilerServices.TaskAwaiter.HandleNonSuccessAndDebuggerNotification(Task task)\\r\\n   at Microsoft.Web.Hosting.Administration.GitHubSiteRepositoryProvider.<UpdateSiteSourceControl>d__6.MoveNext()\"\r\n        ],\r\n        \"InnerErrors\": null\r\n      }\r\n    }\r\n  ],\r\n  \"Innererror\": null\r\n}",
      "ResponseHeaders": {
        "Content-Length": [
          "4192"
        ],
        "Content-Type": [
          "application/json; charset=utf-8"
        ],
        "Expires": [
          "-1"
        ],
        "Cache-Control": [
          "no-cache"
        ],
        "Date": [
          "Fri, 11 Dec 2015 01:30:06 GMT"
        ],
        "Pragma": [
          "no-cache"
        ],
        "ETag": [
          "\"1D133B3761E8810\""
        ],
        "Server": [
          "Microsoft-IIS/8.0"
        ],
        "Strict-Transport-Security": [
          "max-age=31536000; includeSubDomains"
        ],
        "X-AspNet-Version": [
          "4.0.30319"
        ],
        "X-Powered-By": [
          "ASP.NET"
        ],
        "x-ms-ratelimit-remaining-subscription-writes": [
          "1072"
        ],
        "x-ms-request-id": [
          "5f5c1b6b-59b1-488d-879f-2fa7d2752098"
        ],
        "x-ms-correlation-request-id": [
          "5f5c1b6b-59b1-488d-879f-2fa7d2752098"
        ],
        "x-ms-routing-request-id": [
          "CENTRALUS:20151211T013006Z:5f5c1b6b-59b1-488d-879f-2fa7d2752098"
        ]
      },
      "StatusCode": 400
    }
  ],
  "Names": {
    "RunWebsiteTestScenario": [
      "csmws985",
      "csmrg2628",
      "csmwhp6158"
    ]
  },
  "Variables": {
    "SubscriptionId": "3312c132-fc40-493f-9c97-82d80256a313"
  }
}