{
  "Entries": [
    {
      "RequestUri": "/subscriptions/e37510d7-33b6-4676-886f-ee75bcc01871/providers/Microsoft.Compute/locations/eastus/publishers/MicrosoftWindowsServer/artifacttypes/vmimage/offers/WindowsServer/skus/2012-R2-Datacenter/versions?$top=1&api-version=2021-04-01",
      "EncodedRequestUri": "L3N1YnNjcmlwdGlvbnMvZTM3NTEwZDctMzNiNi00Njc2LTg4NmYtZWU3NWJjYzAxODcxL3Byb3ZpZGVycy9NaWNyb3NvZnQuQ29tcHV0ZS9sb2NhdGlvbnMvZWFzdHVzL3B1Ymxpc2hlcnMvTWljcm9zb2Z0V2luZG93c1NlcnZlci9hcnRpZmFjdHR5cGVzL3ZtaW1hZ2Uvb2ZmZXJzL1dpbmRvd3NTZXJ2ZXIvc2t1cy8yMDEyLVIyLURhdGFjZW50ZXIvdmVyc2lvbnM/JHRvcD0xJmFwaS12ZXJzaW9uPTIwMjEtMDQtMDE=",
      "RequestMethod": "GET",
      "RequestBody": "",
      "RequestHeaders": {
        "x-ms-client-request-id": [
          "a4de8b1d-121d-48a6-a2a0-62b320dbe8e7"
        ],
        "Accept-Language": [
          "en-US"
        ],
        "User-Agent": [
          "FxVersion/4.6.29518.01",
          "OSName/Windows",
          "OSVersion/Microsoft.Windows.10.0.19042.",
          "Microsoft.Azure.Management.Compute.ComputeManagementClient/47.0.0"
        ]
      },
      "ResponseHeaders": {
        "Cache-Control": [
          "no-cache"
        ],
        "Pragma": [
          "no-cache"
        ],
        "x-ms-ratelimit-remaining-resource": [
          "Microsoft.Compute/ListVMImagesVersionsFromLocation3Min;15999,Microsoft.Compute/ListVMImagesVersionsFromLocation30Min;43997"
        ],
        "Strict-Transport-Security": [
          "max-age=31536000; includeSubDomains"
        ],
        "x-ms-served-by": [
          "e91047d6-10df-436c-bd78-94e832a89049_132629274259023253"
        ],
        "x-ms-request-id": [
          "9b10645e-dd78-4c70-9b84-a87b89e855f8"
        ],
        "Server": [
          "Microsoft-HTTPAPI/2.0",
          "Microsoft-HTTPAPI/2.0"
        ],
        "x-ms-ratelimit-remaining-subscription-reads": [
          "11999"
        ],
        "x-ms-correlation-request-id": [
          "6583df8f-d7df-458c-bc5d-73015a3aaf1d"
        ],
        "x-ms-routing-request-id": [
          "EASTUS2:20210618T065434Z:6583df8f-d7df-458c-bc5d-73015a3aaf1d"
        ],
        "X-Content-Type-Options": [
          "nosniff"
        ],
        "Date": [
          "Fri, 18 Jun 2021 06:54:34 GMT"
        ],
        "Content-Length": [
          "307"
        ],
        "Content-Type": [
          "application/json; charset=utf-8"
        ],
        "Expires": [
          "-1"
        ]
      },
      "ResponseBody": "[\r\n  {\r\n    \"location\": \"eastus\",\r\n    \"name\": \"4.127.20180315\",\r\n    \"id\": \"/Subscriptions/e37510d7-33b6-4676-886f-ee75bcc01871/Providers/Microsoft.Compute/Locations/eastus/Publishers/MicrosoftWindowsServer/ArtifactTypes/VMImage/Offers/WindowsServer/Skus/2012-R2-Datacenter/Versions/4.127.20180315\"\r\n  }\r\n]",
      "StatusCode": 200
    },
    {
      "RequestUri": "/subscriptions/e37510d7-33b6-4676-886f-ee75bcc01871/resourcegroups/crptestar391?api-version=2017-05-10",
      "EncodedRequestUri": "L3N1YnNjcmlwdGlvbnMvZTM3NTEwZDctMzNiNi00Njc2LTg4NmYtZWU3NWJjYzAxODcxL3Jlc291cmNlZ3JvdXBzL2NycHRlc3RhcjM5MT9hcGktdmVyc2lvbj0yMDE3LTA1LTEw",
      "RequestMethod": "PUT",
      "RequestBody": "{\r\n  \"location\": \"eastus\",\r\n  \"tags\": {\r\n    \"crptestar391\": \"2021-06-18 06:54:34Z\"\r\n  }\r\n}",
      "RequestHeaders": {
        "x-ms-client-request-id": [
          "12ad29f6-ab61-4f10-ba3a-47fc53ac811a"
        ],
        "Accept-Language": [
          "en-US"
        ],
        "User-Agent": [
          "FxVersion/4.6.29518.01",
          "OSName/Windows",
          "OSVersion/Microsoft.Windows.10.0.19042.",
          "Microsoft.Azure.Management.ResourceManager.ResourceManagementClient/1.6.0.0"
        ],
        "Content-Type": [
          "application/json; charset=utf-8"
        ],
        "Content-Length": [
          "91"
        ]
      },
      "ResponseHeaders": {
        "Cache-Control": [
          "no-cache"
        ],
        "Pragma": [
          "no-cache"
        ],
        "x-ms-ratelimit-remaining-subscription-writes": [
          "1199"
        ],
        "x-ms-request-id": [
          "ccd2a1d5-be1b-4704-b103-f02adf88411e"
        ],
        "x-ms-correlation-request-id": [
          "ccd2a1d5-be1b-4704-b103-f02adf88411e"
        ],
        "x-ms-routing-request-id": [
          "EASTUS2:20210618T065435Z:ccd2a1d5-be1b-4704-b103-f02adf88411e"
        ],
        "Strict-Transport-Security": [
          "max-age=31536000; includeSubDomains"
        ],
        "X-Content-Type-Options": [
          "nosniff"
        ],
        "Date": [
          "Fri, 18 Jun 2021 06:54:35 GMT"
        ],
        "Content-Length": [
          "224"
        ],
        "Content-Type": [
          "application/json; charset=utf-8"
        ],
        "Expires": [
          "-1"
        ]
      },
      "ResponseBody": "{\r\n  \"id\": \"/subscriptions/e37510d7-33b6-4676-886f-ee75bcc01871/resourceGroups/crptestar391\",\r\n  \"name\": \"crptestar391\",\r\n  \"location\": \"eastus\",\r\n  \"tags\": {\r\n    \"crptestar391\": \"2021-06-18 06:54:34Z\"\r\n  },\r\n  \"properties\": {\r\n    \"provisioningState\": \"Succeeded\"\r\n  }\r\n}",
      "StatusCode": 201
    },
    {
      "RequestUri": "/subscriptions/e37510d7-33b6-4676-886f-ee75bcc01871/resourcegroups/crptestar391?api-version=2017-05-10",
      "EncodedRequestUri": "L3N1YnNjcmlwdGlvbnMvZTM3NTEwZDctMzNiNi00Njc2LTg4NmYtZWU3NWJjYzAxODcxL3Jlc291cmNlZ3JvdXBzL2NycHRlc3RhcjM5MT9hcGktdmVyc2lvbj0yMDE3LTA1LTEw",
      "RequestMethod": "PUT",
      "RequestBody": "{\r\n  \"location\": \"eastus\"\r\n}",
      "RequestHeaders": {
        "x-ms-client-request-id": [
          "21987bb2-1ed5-4578-bb59-08a2960d299c"
        ],
        "Accept-Language": [
          "en-US"
        ],
        "User-Agent": [
          "FxVersion/4.6.29518.01",
          "OSName/Windows",
          "OSVersion/Microsoft.Windows.10.0.19042.",
          "Microsoft.Azure.Management.ResourceManager.ResourceManagementClient/1.6.0.0"
        ],
        "Content-Type": [
          "application/json; charset=utf-8"
        ],
        "Content-Length": [
          "28"
        ]
      },
      "ResponseHeaders": {
        "Cache-Control": [
          "no-cache"
        ],
        "Pragma": [
          "no-cache"
        ],
        "x-ms-ratelimit-remaining-subscription-writes": [
          "1198"
        ],
        "x-ms-request-id": [
          "739a175e-bac1-4319-ada0-bc9b701827dc"
        ],
        "x-ms-correlation-request-id": [
          "739a175e-bac1-4319-ada0-bc9b701827dc"
        ],
        "x-ms-routing-request-id": [
          "EASTUS2:20210618T065505Z:739a175e-bac1-4319-ada0-bc9b701827dc"
        ],
        "Strict-Transport-Security": [
          "max-age=31536000; includeSubDomains"
        ],
        "X-Content-Type-Options": [
          "nosniff"
        ],
        "Date": [
          "Fri, 18 Jun 2021 06:55:04 GMT"
        ],
        "Content-Length": [
          "177"
        ],
        "Content-Type": [
          "application/json; charset=utf-8"
        ],
        "Expires": [
          "-1"
        ]
      },
      "ResponseBody": "{\r\n  \"id\": \"/subscriptions/e37510d7-33b6-4676-886f-ee75bcc01871/resourceGroups/crptestar391\",\r\n  \"name\": \"crptestar391\",\r\n  \"location\": \"eastus\",\r\n  \"properties\": {\r\n    \"provisioningState\": \"Succeeded\"\r\n  }\r\n}",
      "StatusCode": 200
    },
    {
      "RequestUri": "/subscriptions/e37510d7-33b6-4676-886f-ee75bcc01871/resourceGroups/crptestar391/providers/Microsoft.Storage/storageAccounts/crptestar5428?api-version=2015-06-15",
      "EncodedRequestUri": "L3N1YnNjcmlwdGlvbnMvZTM3NTEwZDctMzNiNi00Njc2LTg4NmYtZWU3NWJjYzAxODcxL3Jlc291cmNlR3JvdXBzL2NycHRlc3RhcjM5MS9wcm92aWRlcnMvTWljcm9zb2Z0LlN0b3JhZ2Uvc3RvcmFnZUFjY291bnRzL2NycHRlc3RhcjU0Mjg/YXBpLXZlcnNpb249MjAxNS0wNi0xNQ==",
      "RequestMethod": "PUT",
      "RequestBody": "{\r\n  \"location\": \"eastus\",\r\n  \"properties\": {\r\n    \"accountType\": \"Standard_GRS\"\r\n  }\r\n}",
      "RequestHeaders": {
        "x-ms-client-request-id": [
          "df09a129-2e7e-4208-894e-c50dffa2ce5e"
        ],
        "Accept-Language": [
          "en-US"
        ],
        "User-Agent": [
          "FxVersion/4.6.29518.01",
          "OSName/Windows",
          "OSVersion/Microsoft.Windows.10.0.19042.",
          "Microsoft.Azure.Management.Storage.StorageManagementClient/4.0.0.0"
        ],
        "Content-Type": [
          "application/json; charset=utf-8"
        ],
        "Content-Length": [
          "88"
        ]
      },
      "ResponseHeaders": {
        "Cache-Control": [
          "no-cache"
        ],
        "Pragma": [
          "no-cache"
        ],
        "Location": [
          "https://management.azure.com/subscriptions/e37510d7-33b6-4676-886f-ee75bcc01871/providers/Microsoft.Storage/locations/eastus/asyncoperations/293d0514-b1ee-426f-8317-be864574918f?monitor=true&api-version=2015-06-15"
        ],
        "Retry-After": [
          "17"
        ],
        "x-ms-request-id": [
          "293d0514-b1ee-426f-8317-be864574918f"
        ],
        "Strict-Transport-Security": [
          "max-age=31536000; includeSubDomains"
        ],
        "Server": [
          "Microsoft-Azure-Storage-Resource-Provider/1.0,Microsoft-HTTPAPI/2.0 Microsoft-HTTPAPI/2.0"
        ],
        "x-ms-ratelimit-remaining-subscription-writes": [
          "1199"
        ],
        "x-ms-correlation-request-id": [
          "fec18548-8ceb-4cf3-a875-560ad08c0b54"
        ],
        "x-ms-routing-request-id": [
          "EASTUS2:20210618T065437Z:fec18548-8ceb-4cf3-a875-560ad08c0b54"
        ],
        "X-Content-Type-Options": [
          "nosniff"
        ],
        "Date": [
          "Fri, 18 Jun 2021 06:54:36 GMT"
        ],
        "Content-Type": [
          "text/plain; charset=utf-8"
        ],
        "Expires": [
          "-1"
        ],
        "Content-Length": [
          "0"
        ]
      },
      "ResponseBody": "",
      "StatusCode": 202
    },
    {
      "RequestUri": "/subscriptions/e37510d7-33b6-4676-886f-ee75bcc01871/providers/Microsoft.Storage/locations/eastus/asyncoperations/293d0514-b1ee-426f-8317-be864574918f?monitor=true&api-version=2015-06-15",
      "EncodedRequestUri": "L3N1YnNjcmlwdGlvbnMvZTM3NTEwZDctMzNiNi00Njc2LTg4NmYtZWU3NWJjYzAxODcxL3Byb3ZpZGVycy9NaWNyb3NvZnQuU3RvcmFnZS9sb2NhdGlvbnMvZWFzdHVzL2FzeW5jb3BlcmF0aW9ucy8yOTNkMDUxNC1iMWVlLTQyNmYtODMxNy1iZTg2NDU3NDkxOGY/bW9uaXRvcj10cnVlJmFwaS12ZXJzaW9uPTIwMTUtMDYtMTU=",
      "RequestMethod": "GET",
      "RequestBody": "",
      "RequestHeaders": {
        "User-Agent": [
          "FxVersion/4.6.29518.01",
          "OSName/Windows",
          "OSVersion/Microsoft.Windows.10.0.19042.",
          "Microsoft.Azure.Management.Storage.StorageManagementClient/4.0.0.0"
        ]
      },
      "ResponseHeaders": {
        "Cache-Control": [
          "no-cache"
        ],
        "Pragma": [
          "no-cache"
        ],
        "x-ms-request-id": [
          "5f14dabe-e0ec-4674-95c4-bb1b6d3ffbf8"
        ],
        "Strict-Transport-Security": [
          "max-age=31536000; includeSubDomains"
        ],
        "Server": [
          "Microsoft-Azure-Storage-Resource-Provider/1.0,Microsoft-HTTPAPI/2.0 Microsoft-HTTPAPI/2.0"
        ],
        "x-ms-ratelimit-remaining-subscription-reads": [
          "11999"
        ],
        "x-ms-correlation-request-id": [
          "ffb11189-7576-43b3-9b7c-8015fa9926c5"
        ],
        "x-ms-routing-request-id": [
          "EASTUS2:20210618T065454Z:ffb11189-7576-43b3-9b7c-8015fa9926c5"
        ],
        "X-Content-Type-Options": [
          "nosniff"
        ],
        "Date": [
          "Fri, 18 Jun 2021 06:54:53 GMT"
        ],
        "Content-Length": [
          "88"
        ],
        "Content-Type": [
          "application/json"
        ],
        "Expires": [
          "-1"
        ]
      },
      "ResponseBody": "{\r\n  \"location\": \"eastus\",\r\n  \"properties\": {\r\n    \"accountType\": \"Standard_GRS\"\r\n  }\r\n}",
      "StatusCode": 200
    },
    {
      "RequestUri": "/subscriptions/e37510d7-33b6-4676-886f-ee75bcc01871/resourceGroups/crptestar391/providers/Microsoft.Storage/storageAccounts?api-version=2015-06-15",
      "EncodedRequestUri": "L3N1YnNjcmlwdGlvbnMvZTM3NTEwZDctMzNiNi00Njc2LTg4NmYtZWU3NWJjYzAxODcxL3Jlc291cmNlR3JvdXBzL2NycHRlc3RhcjM5MS9wcm92aWRlcnMvTWljcm9zb2Z0LlN0b3JhZ2Uvc3RvcmFnZUFjY291bnRzP2FwaS12ZXJzaW9uPTIwMTUtMDYtMTU=",
      "RequestMethod": "GET",
      "RequestBody": "",
      "RequestHeaders": {
        "x-ms-client-request-id": [
          "684f51ca-8d5e-42cd-b766-b367d474405e"
        ],
        "Accept-Language": [
          "en-US"
        ],
        "User-Agent": [
          "FxVersion/4.6.29518.01",
          "OSName/Windows",
          "OSVersion/Microsoft.Windows.10.0.19042.",
          "Microsoft.Azure.Management.Storage.StorageManagementClient/4.0.0.0"
        ]
      },
      "ResponseHeaders": {
        "Cache-Control": [
          "no-cache"
        ],
        "Pragma": [
          "no-cache"
        ],
        "x-ms-request-id": [
          "463371d3-a161-4c3a-ba31-8cf0f8cc5dc0"
        ],
        "Strict-Transport-Security": [
          "max-age=31536000; includeSubDomains"
        ],
        "Server": [
          "Microsoft-Azure-Storage-Resource-Provider/1.0,Microsoft-HTTPAPI/2.0 Microsoft-HTTPAPI/2.0"
        ],
        "x-ms-ratelimit-remaining-subscription-reads": [
          "11998"
        ],
        "x-ms-correlation-request-id": [
          "4ac9f391-3853-43cb-9a74-1448d92c3b7e"
        ],
        "x-ms-routing-request-id": [
          "EASTUS2:20210618T065504Z:4ac9f391-3853-43cb-9a74-1448d92c3b7e"
        ],
        "X-Content-Type-Options": [
          "nosniff"
        ],
        "Date": [
          "Fri, 18 Jun 2021 06:55:03 GMT"
        ],
        "Content-Length": [
          "735"
        ],
        "Content-Type": [
          "application/json"
        ],
        "Expires": [
          "-1"
        ]
      },
      "ResponseBody": "{\r\n  \"value\": [\r\n    {\r\n      \"id\": \"/subscriptions/e37510d7-33b6-4676-886f-ee75bcc01871/resourceGroups/crptestar391/providers/Microsoft.Storage/storageAccounts/crptestar5428\",\r\n      \"name\": \"crptestar5428\",\r\n      \"type\": \"Microsoft.Storage/storageAccounts\",\r\n      \"location\": \"eastus\",\r\n      \"tags\": {},\r\n      \"properties\": {\r\n        \"accountType\": \"Standard_GRS\",\r\n        \"provisioningState\": \"Succeeded\",\r\n        \"creationTime\": \"2021-06-18T06:54:35.8159382Z\",\r\n        \"primaryEndpoints\": {\r\n          \"blob\": \"https://crptestar5428.blob.core.windows.net/\",\r\n          \"queue\": \"https://crptestar5428.queue.core.windows.net/\",\r\n          \"table\": \"https://crptestar5428.table.core.windows.net/\",\r\n          \"file\": \"https://crptestar5428.file.core.windows.net/\"\r\n        },\r\n        \"primaryLocation\": \"eastus\",\r\n        \"statusOfPrimary\": \"available\",\r\n        \"secondaryLocation\": \"westus\",\r\n        \"statusOfSecondary\": \"available\"\r\n      }\r\n    }\r\n  ]\r\n}",
      "StatusCode": 200
    },
    {
      "RequestUri": "/subscriptions/e37510d7-33b6-4676-886f-ee75bcc01871/resourceGroups/crptestar391/providers/Microsoft.Storage/storageAccounts/crptestar5428?api-version=2015-06-15",
      "EncodedRequestUri": "L3N1YnNjcmlwdGlvbnMvZTM3NTEwZDctMzNiNi00Njc2LTg4NmYtZWU3NWJjYzAxODcxL3Jlc291cmNlR3JvdXBzL2NycHRlc3RhcjM5MS9wcm92aWRlcnMvTWljcm9zb2Z0LlN0b3JhZ2Uvc3RvcmFnZUFjY291bnRzL2NycHRlc3RhcjU0Mjg/YXBpLXZlcnNpb249MjAxNS0wNi0xNQ==",
      "RequestMethod": "GET",
      "RequestBody": "",
      "RequestHeaders": {
        "x-ms-client-request-id": [
          "9d153c44-774a-402d-a542-512a6a063242"
        ],
        "Accept-Language": [
          "en-US"
        ],
        "User-Agent": [
          "FxVersion/4.6.29518.01",
          "OSName/Windows",
          "OSVersion/Microsoft.Windows.10.0.19042.",
          "Microsoft.Azure.Management.Storage.StorageManagementClient/4.0.0.0"
        ]
      },
      "ResponseHeaders": {
        "Cache-Control": [
          "no-cache"
        ],
        "Pragma": [
          "no-cache"
        ],
        "x-ms-request-id": [
          "995334c5-f411-4adb-8a9f-cdeab84e7cb7"
        ],
        "Strict-Transport-Security": [
          "max-age=31536000; includeSubDomains"
        ],
        "Server": [
          "Microsoft-Azure-Storage-Resource-Provider/1.0,Microsoft-HTTPAPI/2.0 Microsoft-HTTPAPI/2.0"
        ],
        "x-ms-ratelimit-remaining-subscription-reads": [
          "11997"
        ],
        "x-ms-correlation-request-id": [
          "ef4f3f57-198f-4d34-9ec6-bb17f3ea8353"
        ],
        "x-ms-routing-request-id": [
          "EASTUS2:20210618T065504Z:ef4f3f57-198f-4d34-9ec6-bb17f3ea8353"
        ],
        "X-Content-Type-Options": [
          "nosniff"
        ],
        "Date": [
          "Fri, 18 Jun 2021 06:55:03 GMT"
        ],
        "Content-Length": [
          "723"
        ],
        "Content-Type": [
          "application/json"
        ],
        "Expires": [
          "-1"
        ]
      },
      "ResponseBody": "{\r\n  \"id\": \"/subscriptions/e37510d7-33b6-4676-886f-ee75bcc01871/resourceGroups/crptestar391/providers/Microsoft.Storage/storageAccounts/crptestar5428\",\r\n  \"name\": \"crptestar5428\",\r\n  \"type\": \"Microsoft.Storage/storageAccounts\",\r\n  \"location\": \"eastus\",\r\n  \"tags\": {},\r\n  \"properties\": {\r\n    \"accountType\": \"Standard_GRS\",\r\n    \"provisioningState\": \"Succeeded\",\r\n    \"creationTime\": \"2021-06-18T06:54:35.8159382Z\",\r\n    \"primaryEndpoints\": {\r\n      \"blob\": \"https://crptestar5428.blob.core.windows.net/\",\r\n      \"queue\": \"https://crptestar5428.queue.core.windows.net/\",\r\n      \"table\": \"https://crptestar5428.table.core.windows.net/\",\r\n      \"file\": \"https://crptestar5428.file.core.windows.net/\"\r\n    },\r\n    \"primaryLocation\": \"eastus\",\r\n    \"statusOfPrimary\": \"available\",\r\n    \"secondaryLocation\": \"westus\",\r\n    \"statusOfSecondary\": \"available\"\r\n  }\r\n}",
      "StatusCode": 200
    },
    {
      "RequestUri": "/subscriptions/e37510d7-33b6-4676-886f-ee75bcc01871/resourceGroups/crptestar391/providers/Microsoft.Compute/virtualMachineScaleSets/VMScaleSetDoesNotExist?api-version=2021-04-01",
      "EncodedRequestUri": "L3N1YnNjcmlwdGlvbnMvZTM3NTEwZDctMzNiNi00Njc2LTg4NmYtZWU3NWJjYzAxODcxL3Jlc291cmNlR3JvdXBzL2NycHRlc3RhcjM5MS9wcm92aWRlcnMvTWljcm9zb2Z0LkNvbXB1dGUvdmlydHVhbE1hY2hpbmVTY2FsZVNldHMvVk1TY2FsZVNldERvZXNOb3RFeGlzdD9hcGktdmVyc2lvbj0yMDIxLTA0LTAx",
      "RequestMethod": "DELETE",
      "RequestBody": "",
      "RequestHeaders": {
        "x-ms-client-request-id": [
          "5527261f-33a7-4764-8f01-b4e616d4a77b"
        ],
        "Accept-Language": [
          "en-US"
        ],
        "User-Agent": [
          "FxVersion/4.6.29518.01",
          "OSName/Windows",
          "OSVersion/Microsoft.Windows.10.0.19042.",
          "Microsoft.Azure.Management.Compute.ComputeManagementClient/47.0.0"
        ]
      },
      "ResponseHeaders": {
        "Cache-Control": [
          "no-cache"
        ],
        "Pragma": [
          "no-cache"
        ],
        "x-ms-ratelimit-remaining-subscription-deletes": [
          "14999"
        ],
        "x-ms-request-id": [
          "b85dcfba-e01f-4b46-be8a-281662f5943c"
        ],
        "x-ms-correlation-request-id": [
          "b85dcfba-e01f-4b46-be8a-281662f5943c"
        ],
        "x-ms-routing-request-id": [
          "EASTUS2:20210618T065504Z:b85dcfba-e01f-4b46-be8a-281662f5943c"
        ],
        "Strict-Transport-Security": [
          "max-age=31536000; includeSubDomains"
        ],
        "X-Content-Type-Options": [
          "nosniff"
        ],
        "Date": [
          "Fri, 18 Jun 2021 06:55:04 GMT"
        ],
        "Expires": [
          "-1"
        ]
      },
      "ResponseBody": "",
      "StatusCode": 204
    },
    {
      "RequestUri": "/subscriptions/e37510d7-33b6-4676-886f-ee75bcc01871/resourceGroups/crptestar391/providers/Microsoft.Network/publicIPAddresses/pip3706?api-version=2019-09-01",
      "EncodedRequestUri": "L3N1YnNjcmlwdGlvbnMvZTM3NTEwZDctMzNiNi00Njc2LTg4NmYtZWU3NWJjYzAxODcxL3Jlc291cmNlR3JvdXBzL2NycHRlc3RhcjM5MS9wcm92aWRlcnMvTWljcm9zb2Z0Lk5ldHdvcmsvcHVibGljSVBBZGRyZXNzZXMvcGlwMzcwNj9hcGktdmVyc2lvbj0yMDE5LTA5LTAx",
      "RequestMethod": "PUT",
      "RequestBody": "{\r\n  \"properties\": {\r\n    \"publicIPAllocationMethod\": \"Dynamic\",\r\n    \"dnsSettings\": {\r\n      \"domainNameLabel\": \"dn6815\"\r\n    }\r\n  },\r\n  \"location\": \"eastus\",\r\n  \"tags\": {\r\n    \"key\": \"value\"\r\n  }\r\n}",
      "RequestHeaders": {
        "x-ms-client-request-id": [
          "2e47decc-0c90-4316-99ca-1c09f3b884bf"
        ],
        "Accept-Language": [
          "en-US"
        ],
        "User-Agent": [
          "FxVersion/4.6.29518.01",
          "OSName/Windows",
          "OSVersion/Microsoft.Windows.10.0.19042.",
          "Microsoft.Azure.Management.Network.NetworkManagementClient/19.17.1.0"
        ],
        "Content-Type": [
          "application/json; charset=utf-8"
        ],
        "Content-Length": [
          "200"
        ]
      },
      "ResponseHeaders": {
        "Cache-Control": [
          "no-cache"
        ],
        "Pragma": [
          "no-cache"
        ],
        "Retry-After": [
          "1"
        ],
        "x-ms-request-id": [
          "c2c36d35-2246-4913-bbc6-e43849977c8c"
        ],
        "Azure-AsyncOperation": [
          "https://management.azure.com/subscriptions/e37510d7-33b6-4676-886f-ee75bcc01871/providers/Microsoft.Network/locations/eastus/operations/c2c36d35-2246-4913-bbc6-e43849977c8c?api-version=2019-09-01"
        ],
        "x-ms-correlation-request-id": [
          "e39e6596-5bb1-43dc-8ace-221629dfbde3"
        ],
        "Azure-AsyncNotification": [
          "Enabled"
        ],
        "x-ms-arm-service-request-id": [
          "4b1637a0-9eaa-4a50-aeea-33875ac46ec3"
        ],
        "Strict-Transport-Security": [
          "max-age=31536000; includeSubDomains"
        ],
        "Server": [
          "Microsoft-HTTPAPI/2.0",
          "Microsoft-HTTPAPI/2.0"
        ],
        "x-ms-ratelimit-remaining-subscription-writes": [
          "1198"
        ],
        "x-ms-routing-request-id": [
          "EASTUS2:20210618T065506Z:e39e6596-5bb1-43dc-8ace-221629dfbde3"
        ],
        "X-Content-Type-Options": [
          "nosniff"
        ],
        "Date": [
          "Fri, 18 Jun 2021 06:55:05 GMT"
        ],
        "Content-Length": [
          "754"
        ],
        "Content-Type": [
          "application/json; charset=utf-8"
        ],
        "Expires": [
          "-1"
        ]
      },
      "ResponseBody": "{\r\n  \"name\": \"pip3706\",\r\n  \"id\": \"/subscriptions/e37510d7-33b6-4676-886f-ee75bcc01871/resourceGroups/crptestar391/providers/Microsoft.Network/publicIPAddresses/pip3706\",\r\n  \"etag\": \"W/\\\"fc316887-eeea-49cd-bf00-261293f43766\\\"\",\r\n  \"location\": \"eastus\",\r\n  \"tags\": {\r\n    \"key\": \"value\"\r\n  },\r\n  \"properties\": {\r\n    \"provisioningState\": \"Updating\",\r\n    \"resourceGuid\": \"3240e4fd-c77b-4182-bb44-e109d652dc5a\",\r\n    \"publicIPAddressVersion\": \"IPv4\",\r\n    \"publicIPAllocationMethod\": \"Dynamic\",\r\n    \"idleTimeoutInMinutes\": 4,\r\n    \"dnsSettings\": {\r\n      \"domainNameLabel\": \"dn6815\",\r\n      \"fqdn\": \"dn6815.eastus.cloudapp.azure.com\"\r\n    },\r\n    \"ipTags\": []\r\n  },\r\n  \"type\": \"Microsoft.Network/publicIPAddresses\",\r\n  \"sku\": {\r\n    \"name\": \"Basic\"\r\n  }\r\n}",
      "StatusCode": 201
    },
    {
      "RequestUri": "/subscriptions/e37510d7-33b6-4676-886f-ee75bcc01871/providers/Microsoft.Network/locations/eastus/operations/c2c36d35-2246-4913-bbc6-e43849977c8c?api-version=2019-09-01",
      "EncodedRequestUri": "L3N1YnNjcmlwdGlvbnMvZTM3NTEwZDctMzNiNi00Njc2LTg4NmYtZWU3NWJjYzAxODcxL3Byb3ZpZGVycy9NaWNyb3NvZnQuTmV0d29yay9sb2NhdGlvbnMvZWFzdHVzL29wZXJhdGlvbnMvYzJjMzZkMzUtMjI0Ni00OTEzLWJiYzYtZTQzODQ5OTc3YzhjP2FwaS12ZXJzaW9uPTIwMTktMDktMDE=",
      "RequestMethod": "GET",
      "RequestBody": "",
      "RequestHeaders": {
        "User-Agent": [
          "FxVersion/4.6.29518.01",
          "OSName/Windows",
          "OSVersion/Microsoft.Windows.10.0.19042.",
          "Microsoft.Azure.Management.Network.NetworkManagementClient/19.17.1.0"
        ]
      },
      "ResponseHeaders": {
        "Cache-Control": [
          "no-cache"
        ],
        "Pragma": [
          "no-cache"
        ],
        "x-ms-request-id": [
          "2a93b6af-3788-4ffd-9d93-26dee132b610"
        ],
        "x-ms-correlation-request-id": [
          "0b18a79f-d1a8-4341-aa06-bdfc9e94c48c"
        ],
        "x-ms-arm-service-request-id": [
          "4171bba2-1bf3-477e-b4de-807fa79745c6"
        ],
        "Strict-Transport-Security": [
          "max-age=31536000; includeSubDomains"
        ],
        "Server": [
          "Microsoft-HTTPAPI/2.0",
          "Microsoft-HTTPAPI/2.0"
        ],
        "x-ms-ratelimit-remaining-subscription-reads": [
          "11981"
        ],
        "x-ms-routing-request-id": [
          "EASTUS2:20210618T065507Z:0b18a79f-d1a8-4341-aa06-bdfc9e94c48c"
        ],
        "X-Content-Type-Options": [
          "nosniff"
        ],
        "Date": [
          "Fri, 18 Jun 2021 06:55:06 GMT"
        ],
        "Content-Length": [
          "29"
        ],
        "Content-Type": [
          "application/json; charset=utf-8"
        ],
        "Expires": [
          "-1"
        ]
      },
      "ResponseBody": "{\r\n  \"status\": \"Succeeded\"\r\n}",
      "StatusCode": 200
    },
    {
      "RequestUri": "/subscriptions/e37510d7-33b6-4676-886f-ee75bcc01871/resourceGroups/crptestar391/providers/Microsoft.Network/publicIPAddresses/pip3706?api-version=2019-09-01",
      "EncodedRequestUri": "L3N1YnNjcmlwdGlvbnMvZTM3NTEwZDctMzNiNi00Njc2LTg4NmYtZWU3NWJjYzAxODcxL3Jlc291cmNlR3JvdXBzL2NycHRlc3RhcjM5MS9wcm92aWRlcnMvTWljcm9zb2Z0Lk5ldHdvcmsvcHVibGljSVBBZGRyZXNzZXMvcGlwMzcwNj9hcGktdmVyc2lvbj0yMDE5LTA5LTAx",
      "RequestMethod": "GET",
      "RequestBody": "",
      "RequestHeaders": {
        "User-Agent": [
          "FxVersion/4.6.29518.01",
          "OSName/Windows",
          "OSVersion/Microsoft.Windows.10.0.19042.",
          "Microsoft.Azure.Management.Network.NetworkManagementClient/19.17.1.0"
        ]
      },
      "ResponseHeaders": {
        "Cache-Control": [
          "no-cache"
        ],
        "Pragma": [
          "no-cache"
        ],
        "ETag": [
          "W/\"dfe08e91-3e8c-4e94-81aa-4645e4dc8df8\""
        ],
        "x-ms-request-id": [
          "d329c1f4-f993-4893-8eb7-2e492f431af7"
        ],
        "x-ms-correlation-request-id": [
          "33231d75-2e03-44d2-a813-8c6830752840"
        ],
        "x-ms-arm-service-request-id": [
          "464ddfab-99c6-4e1b-81db-dfb90b2450d0"
        ],
        "Strict-Transport-Security": [
          "max-age=31536000; includeSubDomains"
        ],
        "Server": [
          "Microsoft-HTTPAPI/2.0",
          "Microsoft-HTTPAPI/2.0"
        ],
        "x-ms-ratelimit-remaining-subscription-reads": [
          "11980"
        ],
        "x-ms-routing-request-id": [
          "EASTUS2:20210618T065507Z:33231d75-2e03-44d2-a813-8c6830752840"
        ],
        "X-Content-Type-Options": [
          "nosniff"
        ],
        "Date": [
          "Fri, 18 Jun 2021 06:55:06 GMT"
        ],
        "Content-Length": [
          "755"
        ],
        "Content-Type": [
          "application/json; charset=utf-8"
        ],
        "Expires": [
          "-1"
        ]
      },
      "ResponseBody": "{\r\n  \"name\": \"pip3706\",\r\n  \"id\": \"/subscriptions/e37510d7-33b6-4676-886f-ee75bcc01871/resourceGroups/crptestar391/providers/Microsoft.Network/publicIPAddresses/pip3706\",\r\n  \"etag\": \"W/\\\"dfe08e91-3e8c-4e94-81aa-4645e4dc8df8\\\"\",\r\n  \"location\": \"eastus\",\r\n  \"tags\": {\r\n    \"key\": \"value\"\r\n  },\r\n  \"properties\": {\r\n    \"provisioningState\": \"Succeeded\",\r\n    \"resourceGuid\": \"3240e4fd-c77b-4182-bb44-e109d652dc5a\",\r\n    \"publicIPAddressVersion\": \"IPv4\",\r\n    \"publicIPAllocationMethod\": \"Dynamic\",\r\n    \"idleTimeoutInMinutes\": 4,\r\n    \"dnsSettings\": {\r\n      \"domainNameLabel\": \"dn6815\",\r\n      \"fqdn\": \"dn6815.eastus.cloudapp.azure.com\"\r\n    },\r\n    \"ipTags\": []\r\n  },\r\n  \"type\": \"Microsoft.Network/publicIPAddresses\",\r\n  \"sku\": {\r\n    \"name\": \"Basic\"\r\n  }\r\n}",
      "StatusCode": 200
    },
    {
      "RequestUri": "/subscriptions/e37510d7-33b6-4676-886f-ee75bcc01871/resourceGroups/crptestar391/providers/Microsoft.Network/publicIPAddresses/pip3706?api-version=2019-09-01",
      "EncodedRequestUri": "L3N1YnNjcmlwdGlvbnMvZTM3NTEwZDctMzNiNi00Njc2LTg4NmYtZWU3NWJjYzAxODcxL3Jlc291cmNlR3JvdXBzL2NycHRlc3RhcjM5MS9wcm92aWRlcnMvTWljcm9zb2Z0Lk5ldHdvcmsvcHVibGljSVBBZGRyZXNzZXMvcGlwMzcwNj9hcGktdmVyc2lvbj0yMDE5LTA5LTAx",
      "RequestMethod": "GET",
      "RequestBody": "",
      "RequestHeaders": {
        "x-ms-client-request-id": [
          "781cc975-bb8f-4a98-8724-ee2938be892b"
        ],
        "Accept-Language": [
          "en-US"
        ],
        "User-Agent": [
          "FxVersion/4.6.29518.01",
          "OSName/Windows",
          "OSVersion/Microsoft.Windows.10.0.19042.",
          "Microsoft.Azure.Management.Network.NetworkManagementClient/19.17.1.0"
        ]
      },
      "ResponseHeaders": {
        "Cache-Control": [
          "no-cache"
        ],
        "Pragma": [
          "no-cache"
        ],
        "ETag": [
          "W/\"dfe08e91-3e8c-4e94-81aa-4645e4dc8df8\""
        ],
        "x-ms-request-id": [
          "1d5afcc6-1ff4-4d95-9a10-70a2add074fe"
        ],
        "x-ms-correlation-request-id": [
          "ead5cf01-099b-4766-b30e-e76cf16ed8c0"
        ],
        "x-ms-arm-service-request-id": [
          "d46dc5cd-0e01-452d-85a2-bb284fd9e548"
        ],
        "Strict-Transport-Security": [
          "max-age=31536000; includeSubDomains"
        ],
        "Server": [
          "Microsoft-HTTPAPI/2.0",
          "Microsoft-HTTPAPI/2.0"
        ],
        "x-ms-ratelimit-remaining-subscription-reads": [
          "11979"
        ],
        "x-ms-routing-request-id": [
          "EASTUS2:20210618T065507Z:ead5cf01-099b-4766-b30e-e76cf16ed8c0"
        ],
        "X-Content-Type-Options": [
          "nosniff"
        ],
        "Date": [
          "Fri, 18 Jun 2021 06:55:06 GMT"
        ],
        "Content-Length": [
          "755"
        ],
        "Content-Type": [
          "application/json; charset=utf-8"
        ],
        "Expires": [
          "-1"
        ]
      },
      "ResponseBody": "{\r\n  \"name\": \"pip3706\",\r\n  \"id\": \"/subscriptions/e37510d7-33b6-4676-886f-ee75bcc01871/resourceGroups/crptestar391/providers/Microsoft.Network/publicIPAddresses/pip3706\",\r\n  \"etag\": \"W/\\\"dfe08e91-3e8c-4e94-81aa-4645e4dc8df8\\\"\",\r\n  \"location\": \"eastus\",\r\n  \"tags\": {\r\n    \"key\": \"value\"\r\n  },\r\n  \"properties\": {\r\n    \"provisioningState\": \"Succeeded\",\r\n    \"resourceGuid\": \"3240e4fd-c77b-4182-bb44-e109d652dc5a\",\r\n    \"publicIPAddressVersion\": \"IPv4\",\r\n    \"publicIPAllocationMethod\": \"Dynamic\",\r\n    \"idleTimeoutInMinutes\": 4,\r\n    \"dnsSettings\": {\r\n      \"domainNameLabel\": \"dn6815\",\r\n      \"fqdn\": \"dn6815.eastus.cloudapp.azure.com\"\r\n    },\r\n    \"ipTags\": []\r\n  },\r\n  \"type\": \"Microsoft.Network/publicIPAddresses\",\r\n  \"sku\": {\r\n    \"name\": \"Basic\"\r\n  }\r\n}",
      "StatusCode": 200
    },
    {
      "RequestUri": "/subscriptions/e37510d7-33b6-4676-886f-ee75bcc01871/resourceGroups/crptestar391/providers/Microsoft.Network/virtualNetworks/vn999?api-version=2019-09-01",
      "EncodedRequestUri": "L3N1YnNjcmlwdGlvbnMvZTM3NTEwZDctMzNiNi00Njc2LTg4NmYtZWU3NWJjYzAxODcxL3Jlc291cmNlR3JvdXBzL2NycHRlc3RhcjM5MS9wcm92aWRlcnMvTWljcm9zb2Z0Lk5ldHdvcmsvdmlydHVhbE5ldHdvcmtzL3ZuOTk5P2FwaS12ZXJzaW9uPTIwMTktMDktMDE=",
      "RequestMethod": "PUT",
      "RequestBody": "{\r\n  \"properties\": {\r\n    \"addressSpace\": {\r\n      \"addressPrefixes\": [\r\n        \"10.0.0.0/16\"\r\n      ]\r\n    },\r\n    \"dhcpOptions\": {\r\n      \"dnsServers\": [\r\n        \"10.1.1.1\",\r\n        \"10.1.2.4\"\r\n      ]\r\n    },\r\n    \"subnets\": [\r\n      {\r\n        \"properties\": {\r\n          \"addressPrefix\": \"10.0.0.0/24\"\r\n        },\r\n        \"name\": \"sn5988\"\r\n      }\r\n    ]\r\n  },\r\n  \"location\": \"eastus\"\r\n}",
      "RequestHeaders": {
        "x-ms-client-request-id": [
          "0d338a9f-2330-4563-91ba-db6f320e0315"
        ],
        "Accept-Language": [
          "en-US"
        ],
        "User-Agent": [
          "FxVersion/4.6.29518.01",
          "OSName/Windows",
          "OSVersion/Microsoft.Windows.10.0.19042.",
          "Microsoft.Azure.Management.Network.NetworkManagementClient/19.17.1.0"
        ],
        "Content-Type": [
          "application/json; charset=utf-8"
        ],
        "Content-Length": [
          "395"
        ]
      },
      "ResponseHeaders": {
        "Cache-Control": [
          "no-cache"
        ],
        "Pragma": [
          "no-cache"
        ],
        "Retry-After": [
          "3"
        ],
        "x-ms-request-id": [
          "16d60253-1a19-4cf1-bc7b-808f12ea3580"
        ],
        "Azure-AsyncOperation": [
          "https://management.azure.com/subscriptions/e37510d7-33b6-4676-886f-ee75bcc01871/providers/Microsoft.Network/locations/eastus/operations/16d60253-1a19-4cf1-bc7b-808f12ea3580?api-version=2019-09-01"
        ],
        "x-ms-correlation-request-id": [
          "8d6f7605-810f-490c-9dcd-9e4af303fe8f"
        ],
        "Azure-AsyncNotification": [
          "Enabled"
        ],
        "x-ms-arm-service-request-id": [
          "9911e6de-bd93-4681-94e3-30b9dab478d6"
        ],
        "Strict-Transport-Security": [
          "max-age=31536000; includeSubDomains"
        ],
        "Server": [
          "Microsoft-HTTPAPI/2.0",
          "Microsoft-HTTPAPI/2.0"
        ],
        "x-ms-ratelimit-remaining-subscription-writes": [
          "1197"
        ],
        "x-ms-routing-request-id": [
          "EASTUS2:20210618T065508Z:8d6f7605-810f-490c-9dcd-9e4af303fe8f"
        ],
        "X-Content-Type-Options": [
          "nosniff"
        ],
        "Date": [
          "Fri, 18 Jun 2021 06:55:07 GMT"
        ],
        "Content-Length": [
          "1309"
        ],
        "Content-Type": [
          "application/json; charset=utf-8"
        ],
        "Expires": [
          "-1"
        ]
      },
      "ResponseBody": "{\r\n  \"name\": \"vn999\",\r\n  \"id\": \"/subscriptions/e37510d7-33b6-4676-886f-ee75bcc01871/resourceGroups/crptestar391/providers/Microsoft.Network/virtualNetworks/vn999\",\r\n  \"etag\": \"W/\\\"615edec2-b6a7-4402-afc2-cace6c2da009\\\"\",\r\n  \"type\": \"Microsoft.Network/virtualNetworks\",\r\n  \"location\": \"eastus\",\r\n  \"properties\": {\r\n    \"provisioningState\": \"Updating\",\r\n    \"resourceGuid\": \"530f2675-b13c-4e05-99cc-2b729a877ba6\",\r\n    \"addressSpace\": {\r\n      \"addressPrefixes\": [\r\n        \"10.0.0.0/16\"\r\n      ]\r\n    },\r\n    \"dhcpOptions\": {\r\n      \"dnsServers\": [\r\n        \"10.1.1.1\",\r\n        \"10.1.2.4\"\r\n      ]\r\n    },\r\n    \"subnets\": [\r\n      {\r\n        \"name\": \"sn5988\",\r\n        \"id\": \"/subscriptions/e37510d7-33b6-4676-886f-ee75bcc01871/resourceGroups/crptestar391/providers/Microsoft.Network/virtualNetworks/vn999/subnets/sn5988\",\r\n        \"etag\": \"W/\\\"615edec2-b6a7-4402-afc2-cace6c2da009\\\"\",\r\n        \"properties\": {\r\n          \"provisioningState\": \"Updating\",\r\n          \"addressPrefix\": \"10.0.0.0/24\",\r\n          \"delegations\": [],\r\n          \"privateEndpointNetworkPolicies\": \"Enabled\",\r\n          \"privateLinkServiceNetworkPolicies\": \"Enabled\"\r\n        },\r\n        \"type\": \"Microsoft.Network/virtualNetworks/subnets\"\r\n      }\r\n    ],\r\n    \"virtualNetworkPeerings\": [],\r\n    \"enableDdosProtection\": false\r\n  }\r\n}",
      "StatusCode": 201
    },
    {
      "RequestUri": "/subscriptions/e37510d7-33b6-4676-886f-ee75bcc01871/providers/Microsoft.Network/locations/eastus/operations/16d60253-1a19-4cf1-bc7b-808f12ea3580?api-version=2019-09-01",
      "EncodedRequestUri": "L3N1YnNjcmlwdGlvbnMvZTM3NTEwZDctMzNiNi00Njc2LTg4NmYtZWU3NWJjYzAxODcxL3Byb3ZpZGVycy9NaWNyb3NvZnQuTmV0d29yay9sb2NhdGlvbnMvZWFzdHVzL29wZXJhdGlvbnMvMTZkNjAyNTMtMWExOS00Y2YxLWJjN2ItODA4ZjEyZWEzNTgwP2FwaS12ZXJzaW9uPTIwMTktMDktMDE=",
      "RequestMethod": "GET",
      "RequestBody": "",
      "RequestHeaders": {
        "User-Agent": [
          "FxVersion/4.6.29518.01",
          "OSName/Windows",
          "OSVersion/Microsoft.Windows.10.0.19042.",
          "Microsoft.Azure.Management.Network.NetworkManagementClient/19.17.1.0"
        ]
      },
      "ResponseHeaders": {
        "Cache-Control": [
          "no-cache"
        ],
        "Pragma": [
          "no-cache"
        ],
        "x-ms-request-id": [
          "62266839-c6a0-479f-a1d0-88cb4f69d771"
        ],
        "x-ms-correlation-request-id": [
          "e99bfb78-4c59-408d-8e38-5cbb60475d8c"
        ],
        "x-ms-arm-service-request-id": [
          "1039fe06-3472-4aa0-84f1-6b233c07fbe4"
        ],
        "Strict-Transport-Security": [
          "max-age=31536000; includeSubDomains"
        ],
        "Server": [
          "Microsoft-HTTPAPI/2.0",
          "Microsoft-HTTPAPI/2.0"
        ],
        "x-ms-ratelimit-remaining-subscription-reads": [
          "11978"
        ],
        "x-ms-routing-request-id": [
          "EASTUS2:20210618T065511Z:e99bfb78-4c59-408d-8e38-5cbb60475d8c"
        ],
        "X-Content-Type-Options": [
          "nosniff"
        ],
        "Date": [
          "Fri, 18 Jun 2021 06:55:10 GMT"
        ],
        "Content-Length": [
          "29"
        ],
        "Content-Type": [
          "application/json; charset=utf-8"
        ],
        "Expires": [
          "-1"
        ]
      },
      "ResponseBody": "{\r\n  \"status\": \"Succeeded\"\r\n}",
      "StatusCode": 200
    },
    {
      "RequestUri": "/subscriptions/e37510d7-33b6-4676-886f-ee75bcc01871/resourceGroups/crptestar391/providers/Microsoft.Network/virtualNetworks/vn999?api-version=2019-09-01",
      "EncodedRequestUri": "L3N1YnNjcmlwdGlvbnMvZTM3NTEwZDctMzNiNi00Njc2LTg4NmYtZWU3NWJjYzAxODcxL3Jlc291cmNlR3JvdXBzL2NycHRlc3RhcjM5MS9wcm92aWRlcnMvTWljcm9zb2Z0Lk5ldHdvcmsvdmlydHVhbE5ldHdvcmtzL3ZuOTk5P2FwaS12ZXJzaW9uPTIwMTktMDktMDE=",
      "RequestMethod": "GET",
      "RequestBody": "",
      "RequestHeaders": {
        "User-Agent": [
          "FxVersion/4.6.29518.01",
          "OSName/Windows",
          "OSVersion/Microsoft.Windows.10.0.19042.",
          "Microsoft.Azure.Management.Network.NetworkManagementClient/19.17.1.0"
        ]
      },
      "ResponseHeaders": {
        "Cache-Control": [
          "no-cache"
        ],
        "Pragma": [
          "no-cache"
        ],
        "ETag": [
          "W/\"020e413a-7f77-443e-9e55-56c8c19ed8ca\""
        ],
        "x-ms-request-id": [
          "0b3f804f-3ab6-461c-bd59-efde334550b7"
        ],
        "x-ms-correlation-request-id": [
          "ff0f408a-9c5b-475d-8928-5674769f64fc"
        ],
        "x-ms-arm-service-request-id": [
          "6de195c6-2b01-44bd-b6e9-9d0d1e664856"
        ],
        "Strict-Transport-Security": [
          "max-age=31536000; includeSubDomains"
        ],
        "Server": [
          "Microsoft-HTTPAPI/2.0",
          "Microsoft-HTTPAPI/2.0"
        ],
        "x-ms-ratelimit-remaining-subscription-reads": [
          "11977"
        ],
        "x-ms-routing-request-id": [
          "EASTUS2:20210618T065511Z:ff0f408a-9c5b-475d-8928-5674769f64fc"
        ],
        "X-Content-Type-Options": [
          "nosniff"
        ],
        "Date": [
          "Fri, 18 Jun 2021 06:55:10 GMT"
        ],
        "Content-Length": [
          "1311"
        ],
        "Content-Type": [
          "application/json; charset=utf-8"
        ],
        "Expires": [
          "-1"
        ]
      },
      "ResponseBody": "{\r\n  \"name\": \"vn999\",\r\n  \"id\": \"/subscriptions/e37510d7-33b6-4676-886f-ee75bcc01871/resourceGroups/crptestar391/providers/Microsoft.Network/virtualNetworks/vn999\",\r\n  \"etag\": \"W/\\\"020e413a-7f77-443e-9e55-56c8c19ed8ca\\\"\",\r\n  \"type\": \"Microsoft.Network/virtualNetworks\",\r\n  \"location\": \"eastus\",\r\n  \"properties\": {\r\n    \"provisioningState\": \"Succeeded\",\r\n    \"resourceGuid\": \"530f2675-b13c-4e05-99cc-2b729a877ba6\",\r\n    \"addressSpace\": {\r\n      \"addressPrefixes\": [\r\n        \"10.0.0.0/16\"\r\n      ]\r\n    },\r\n    \"dhcpOptions\": {\r\n      \"dnsServers\": [\r\n        \"10.1.1.1\",\r\n        \"10.1.2.4\"\r\n      ]\r\n    },\r\n    \"subnets\": [\r\n      {\r\n        \"name\": \"sn5988\",\r\n        \"id\": \"/subscriptions/e37510d7-33b6-4676-886f-ee75bcc01871/resourceGroups/crptestar391/providers/Microsoft.Network/virtualNetworks/vn999/subnets/sn5988\",\r\n        \"etag\": \"W/\\\"020e413a-7f77-443e-9e55-56c8c19ed8ca\\\"\",\r\n        \"properties\": {\r\n          \"provisioningState\": \"Succeeded\",\r\n          \"addressPrefix\": \"10.0.0.0/24\",\r\n          \"delegations\": [],\r\n          \"privateEndpointNetworkPolicies\": \"Enabled\",\r\n          \"privateLinkServiceNetworkPolicies\": \"Enabled\"\r\n        },\r\n        \"type\": \"Microsoft.Network/virtualNetworks/subnets\"\r\n      }\r\n    ],\r\n    \"virtualNetworkPeerings\": [],\r\n    \"enableDdosProtection\": false\r\n  }\r\n}",
      "StatusCode": 200
    },
    {
      "RequestUri": "/subscriptions/e37510d7-33b6-4676-886f-ee75bcc01871/resourceGroups/crptestar391/providers/Microsoft.Network/virtualNetworks/vn999/subnets/sn5988?api-version=2019-09-01",
      "EncodedRequestUri": "L3N1YnNjcmlwdGlvbnMvZTM3NTEwZDctMzNiNi00Njc2LTg4NmYtZWU3NWJjYzAxODcxL3Jlc291cmNlR3JvdXBzL2NycHRlc3RhcjM5MS9wcm92aWRlcnMvTWljcm9zb2Z0Lk5ldHdvcmsvdmlydHVhbE5ldHdvcmtzL3ZuOTk5L3N1Ym5ldHMvc241OTg4P2FwaS12ZXJzaW9uPTIwMTktMDktMDE=",
      "RequestMethod": "GET",
      "RequestBody": "",
      "RequestHeaders": {
        "x-ms-client-request-id": [
          "d3464b6a-4827-49ac-8301-dbcfc602a16e"
        ],
        "Accept-Language": [
          "en-US"
        ],
        "User-Agent": [
          "FxVersion/4.6.29518.01",
          "OSName/Windows",
          "OSVersion/Microsoft.Windows.10.0.19042.",
          "Microsoft.Azure.Management.Network.NetworkManagementClient/19.17.1.0"
        ]
      },
      "ResponseHeaders": {
        "Cache-Control": [
          "no-cache"
        ],
        "Pragma": [
          "no-cache"
        ],
        "ETag": [
          "W/\"020e413a-7f77-443e-9e55-56c8c19ed8ca\""
        ],
        "x-ms-request-id": [
          "4d060a70-7168-482c-afc4-efb4a27b4786"
        ],
        "x-ms-correlation-request-id": [
          "b6e15b12-705e-4603-afa2-3ed8cfd0e068"
        ],
        "x-ms-arm-service-request-id": [
          "e7ef5485-0ee1-4595-8f2d-d49cc2d281fd"
        ],
        "Strict-Transport-Security": [
          "max-age=31536000; includeSubDomains"
        ],
        "Server": [
          "Microsoft-HTTPAPI/2.0",
          "Microsoft-HTTPAPI/2.0"
        ],
        "x-ms-ratelimit-remaining-subscription-reads": [
          "11976"
        ],
        "x-ms-routing-request-id": [
          "EASTUS2:20210618T065511Z:b6e15b12-705e-4603-afa2-3ed8cfd0e068"
        ],
        "X-Content-Type-Options": [
          "nosniff"
        ],
        "Date": [
          "Fri, 18 Jun 2021 06:55:10 GMT"
        ],
        "Content-Length": [
          "521"
        ],
        "Content-Type": [
          "application/json; charset=utf-8"
        ],
        "Expires": [
          "-1"
        ]
      },
      "ResponseBody": "{\r\n  \"name\": \"sn5988\",\r\n  \"id\": \"/subscriptions/e37510d7-33b6-4676-886f-ee75bcc01871/resourceGroups/crptestar391/providers/Microsoft.Network/virtualNetworks/vn999/subnets/sn5988\",\r\n  \"etag\": \"W/\\\"020e413a-7f77-443e-9e55-56c8c19ed8ca\\\"\",\r\n  \"properties\": {\r\n    \"provisioningState\": \"Succeeded\",\r\n    \"addressPrefix\": \"10.0.0.0/24\",\r\n    \"delegations\": [],\r\n    \"privateEndpointNetworkPolicies\": \"Enabled\",\r\n    \"privateLinkServiceNetworkPolicies\": \"Enabled\"\r\n  },\r\n  \"type\": \"Microsoft.Network/virtualNetworks/subnets\"\r\n}",
      "StatusCode": 200
    },
    {
      "RequestUri": "/subscriptions/e37510d7-33b6-4676-886f-ee75bcc01871/resourceGroups/crptestar391/providers/Microsoft.Network/networkInterfaces/nic9253?api-version=2019-09-01",
      "EncodedRequestUri": "L3N1YnNjcmlwdGlvbnMvZTM3NTEwZDctMzNiNi00Njc2LTg4NmYtZWU3NWJjYzAxODcxL3Jlc291cmNlR3JvdXBzL2NycHRlc3RhcjM5MS9wcm92aWRlcnMvTWljcm9zb2Z0Lk5ldHdvcmsvbmV0d29ya0ludGVyZmFjZXMvbmljOTI1Mz9hcGktdmVyc2lvbj0yMDE5LTA5LTAx",
      "RequestMethod": "PUT",
      "RequestBody": "{\r\n  \"properties\": {\r\n    \"ipConfigurations\": [\r\n      {\r\n        \"properties\": {\r\n          \"privateIPAllocationMethod\": \"Dynamic\",\r\n          \"subnet\": {\r\n            \"properties\": {\r\n              \"addressPrefix\": \"10.0.0.0/24\",\r\n              \"delegations\": [],\r\n              \"privateEndpointNetworkPolicies\": \"Enabled\",\r\n              \"privateLinkServiceNetworkPolicies\": \"Enabled\"\r\n            },\r\n            \"name\": \"sn5988\",\r\n            \"id\": \"/subscriptions/e37510d7-33b6-4676-886f-ee75bcc01871/resourceGroups/crptestar391/providers/Microsoft.Network/virtualNetworks/vn999/subnets/sn5988\"\r\n          }\r\n        },\r\n        \"name\": \"ip179\"\r\n      }\r\n    ]\r\n  },\r\n  \"location\": \"eastus\",\r\n  \"tags\": {\r\n    \"key\": \"value\"\r\n  }\r\n}",
      "RequestHeaders": {
        "x-ms-client-request-id": [
          "7e22c7ef-260b-4b35-9fe1-74ae82e708aa"
        ],
        "Accept-Language": [
          "en-US"
        ],
        "User-Agent": [
          "FxVersion/4.6.29518.01",
          "OSName/Windows",
          "OSVersion/Microsoft.Windows.10.0.19042.",
          "Microsoft.Azure.Management.Network.NetworkManagementClient/19.17.1.0"
        ],
        "Content-Type": [
          "application/json; charset=utf-8"
        ],
        "Content-Length": [
          "738"
        ]
      },
      "ResponseHeaders": {
        "Cache-Control": [
          "no-cache"
        ],
        "Pragma": [
          "no-cache"
        ],
        "x-ms-request-id": [
          "a6018f4e-0ed1-4ec5-aa50-1d16c3bbb3c2"
        ],
        "Azure-AsyncOperation": [
          "https://management.azure.com/subscriptions/e37510d7-33b6-4676-886f-ee75bcc01871/providers/Microsoft.Network/locations/eastus/operations/a6018f4e-0ed1-4ec5-aa50-1d16c3bbb3c2?api-version=2019-09-01"
        ],
        "x-ms-correlation-request-id": [
          "c5f580b7-09ce-4fba-8ede-063c2e4af909"
        ],
        "Azure-AsyncNotification": [
          "Enabled"
        ],
        "x-ms-arm-service-request-id": [
          "8775e3ee-2f2b-4c6a-a9f8-7dab170628ba"
        ],
        "Strict-Transport-Security": [
          "max-age=31536000; includeSubDomains"
        ],
        "Server": [
          "Microsoft-HTTPAPI/2.0",
          "Microsoft-HTTPAPI/2.0"
        ],
        "x-ms-ratelimit-remaining-subscription-writes": [
          "1196"
        ],
        "x-ms-routing-request-id": [
          "EASTUS2:20210618T065512Z:c5f580b7-09ce-4fba-8ede-063c2e4af909"
        ],
        "X-Content-Type-Options": [
          "nosniff"
        ],
        "Date": [
          "Fri, 18 Jun 2021 06:55:11 GMT"
        ],
        "Content-Length": [
          "1618"
        ],
        "Content-Type": [
          "application/json; charset=utf-8"
        ],
        "Expires": [
          "-1"
        ]
      },
      "ResponseBody": "{\r\n  \"name\": \"nic9253\",\r\n  \"id\": \"/subscriptions/e37510d7-33b6-4676-886f-ee75bcc01871/resourceGroups/crptestar391/providers/Microsoft.Network/networkInterfaces/nic9253\",\r\n  \"etag\": \"W/\\\"c3dcd544-0186-4d55-9ace-f51189dff2b8\\\"\",\r\n  \"location\": \"eastus\",\r\n  \"tags\": {\r\n    \"key\": \"value\"\r\n  },\r\n  \"properties\": {\r\n    \"provisioningState\": \"Succeeded\",\r\n    \"resourceGuid\": \"6829b6c3-0e0f-42a4-b534-a2876dfa5798\",\r\n    \"ipConfigurations\": [\r\n      {\r\n        \"name\": \"ip179\",\r\n        \"id\": \"/subscriptions/e37510d7-33b6-4676-886f-ee75bcc01871/resourceGroups/crptestar391/providers/Microsoft.Network/networkInterfaces/nic9253/ipConfigurations/ip179\",\r\n        \"etag\": \"W/\\\"c3dcd544-0186-4d55-9ace-f51189dff2b8\\\"\",\r\n        \"type\": \"Microsoft.Network/networkInterfaces/ipConfigurations\",\r\n        \"properties\": {\r\n          \"provisioningState\": \"Succeeded\",\r\n          \"privateIPAddress\": \"10.0.0.4\",\r\n          \"privateIPAllocationMethod\": \"Dynamic\",\r\n          \"subnet\": {\r\n            \"id\": \"/subscriptions/e37510d7-33b6-4676-886f-ee75bcc01871/resourceGroups/crptestar391/providers/Microsoft.Network/virtualNetworks/vn999/subnets/sn5988\"\r\n          },\r\n          \"primary\": true,\r\n          \"privateIPAddressVersion\": \"IPv4\"\r\n        }\r\n      }\r\n    ],\r\n    \"dnsSettings\": {\r\n      \"dnsServers\": [],\r\n      \"appliedDnsServers\": [],\r\n      \"internalDomainNameSuffix\": \"outa4uz2wecu3gomfnzjvb11ug.bx.internal.cloudapp.net\"\r\n    },\r\n    \"enableAcceleratedNetworking\": false,\r\n    \"enableIPForwarding\": false,\r\n    \"hostedWorkloads\": [],\r\n    \"tapConfigurations\": []\r\n  },\r\n  \"type\": \"Microsoft.Network/networkInterfaces\"\r\n}",
      "StatusCode": 201
    },
    {
      "RequestUri": "/subscriptions/e37510d7-33b6-4676-886f-ee75bcc01871/resourceGroups/crptestar391/providers/Microsoft.Network/networkInterfaces/nic9253?api-version=2019-09-01",
      "EncodedRequestUri": "L3N1YnNjcmlwdGlvbnMvZTM3NTEwZDctMzNiNi00Njc2LTg4NmYtZWU3NWJjYzAxODcxL3Jlc291cmNlR3JvdXBzL2NycHRlc3RhcjM5MS9wcm92aWRlcnMvTWljcm9zb2Z0Lk5ldHdvcmsvbmV0d29ya0ludGVyZmFjZXMvbmljOTI1Mz9hcGktdmVyc2lvbj0yMDE5LTA5LTAx",
      "RequestMethod": "GET",
      "RequestBody": "",
      "RequestHeaders": {
        "User-Agent": [
          "FxVersion/4.6.29518.01",
          "OSName/Windows",
          "OSVersion/Microsoft.Windows.10.0.19042.",
          "Microsoft.Azure.Management.Network.NetworkManagementClient/19.17.1.0"
        ]
      },
      "ResponseHeaders": {
        "Cache-Control": [
          "no-cache"
        ],
        "Pragma": [
          "no-cache"
        ],
        "ETag": [
          "W/\"c3dcd544-0186-4d55-9ace-f51189dff2b8\""
        ],
        "x-ms-request-id": [
          "29daecf2-c452-4bfa-af77-c6e96ee8e662"
        ],
        "x-ms-correlation-request-id": [
          "06b222e6-a305-4bb1-abdf-9fa9e042deb9"
        ],
        "x-ms-arm-service-request-id": [
          "a314cd68-ac60-403c-8e5c-3d0dd9f28e31"
        ],
        "Strict-Transport-Security": [
          "max-age=31536000; includeSubDomains"
        ],
        "Server": [
          "Microsoft-HTTPAPI/2.0",
          "Microsoft-HTTPAPI/2.0"
        ],
        "x-ms-ratelimit-remaining-subscription-reads": [
          "11975"
        ],
        "x-ms-routing-request-id": [
          "EASTUS2:20210618T065512Z:06b222e6-a305-4bb1-abdf-9fa9e042deb9"
        ],
        "X-Content-Type-Options": [
          "nosniff"
        ],
        "Date": [
          "Fri, 18 Jun 2021 06:55:11 GMT"
        ],
        "Content-Length": [
          "1618"
        ],
        "Content-Type": [
          "application/json; charset=utf-8"
        ],
        "Expires": [
          "-1"
        ]
      },
      "ResponseBody": "{\r\n  \"name\": \"nic9253\",\r\n  \"id\": \"/subscriptions/e37510d7-33b6-4676-886f-ee75bcc01871/resourceGroups/crptestar391/providers/Microsoft.Network/networkInterfaces/nic9253\",\r\n  \"etag\": \"W/\\\"c3dcd544-0186-4d55-9ace-f51189dff2b8\\\"\",\r\n  \"location\": \"eastus\",\r\n  \"tags\": {\r\n    \"key\": \"value\"\r\n  },\r\n  \"properties\": {\r\n    \"provisioningState\": \"Succeeded\",\r\n    \"resourceGuid\": \"6829b6c3-0e0f-42a4-b534-a2876dfa5798\",\r\n    \"ipConfigurations\": [\r\n      {\r\n        \"name\": \"ip179\",\r\n        \"id\": \"/subscriptions/e37510d7-33b6-4676-886f-ee75bcc01871/resourceGroups/crptestar391/providers/Microsoft.Network/networkInterfaces/nic9253/ipConfigurations/ip179\",\r\n        \"etag\": \"W/\\\"c3dcd544-0186-4d55-9ace-f51189dff2b8\\\"\",\r\n        \"type\": \"Microsoft.Network/networkInterfaces/ipConfigurations\",\r\n        \"properties\": {\r\n          \"provisioningState\": \"Succeeded\",\r\n          \"privateIPAddress\": \"10.0.0.4\",\r\n          \"privateIPAllocationMethod\": \"Dynamic\",\r\n          \"subnet\": {\r\n            \"id\": \"/subscriptions/e37510d7-33b6-4676-886f-ee75bcc01871/resourceGroups/crptestar391/providers/Microsoft.Network/virtualNetworks/vn999/subnets/sn5988\"\r\n          },\r\n          \"primary\": true,\r\n          \"privateIPAddressVersion\": \"IPv4\"\r\n        }\r\n      }\r\n    ],\r\n    \"dnsSettings\": {\r\n      \"dnsServers\": [],\r\n      \"appliedDnsServers\": [],\r\n      \"internalDomainNameSuffix\": \"outa4uz2wecu3gomfnzjvb11ug.bx.internal.cloudapp.net\"\r\n    },\r\n    \"enableAcceleratedNetworking\": false,\r\n    \"enableIPForwarding\": false,\r\n    \"hostedWorkloads\": [],\r\n    \"tapConfigurations\": []\r\n  },\r\n  \"type\": \"Microsoft.Network/networkInterfaces\"\r\n}",
      "StatusCode": 200
    },
    {
      "RequestUri": "/subscriptions/e37510d7-33b6-4676-886f-ee75bcc01871/resourceGroups/crptestar391/providers/Microsoft.Network/networkInterfaces/nic9253?api-version=2019-09-01",
      "EncodedRequestUri": "L3N1YnNjcmlwdGlvbnMvZTM3NTEwZDctMzNiNi00Njc2LTg4NmYtZWU3NWJjYzAxODcxL3Jlc291cmNlR3JvdXBzL2NycHRlc3RhcjM5MS9wcm92aWRlcnMvTWljcm9zb2Z0Lk5ldHdvcmsvbmV0d29ya0ludGVyZmFjZXMvbmljOTI1Mz9hcGktdmVyc2lvbj0yMDE5LTA5LTAx",
      "RequestMethod": "GET",
      "RequestBody": "",
      "RequestHeaders": {
        "x-ms-client-request-id": [
          "a18c581e-7684-4574-b49f-2047a790f6eb"
        ],
        "Accept-Language": [
          "en-US"
        ],
        "User-Agent": [
          "FxVersion/4.6.29518.01",
          "OSName/Windows",
          "OSVersion/Microsoft.Windows.10.0.19042.",
          "Microsoft.Azure.Management.Network.NetworkManagementClient/19.17.1.0"
        ]
      },
      "ResponseHeaders": {
        "Cache-Control": [
          "no-cache"
        ],
        "Pragma": [
          "no-cache"
        ],
        "ETag": [
          "W/\"c3dcd544-0186-4d55-9ace-f51189dff2b8\""
        ],
        "x-ms-request-id": [
          "8831ae71-e613-4ed6-8ffb-04aa2b527f4b"
        ],
        "x-ms-correlation-request-id": [
          "440436ed-cd6b-4a64-9c82-70b64428a44b"
        ],
        "x-ms-arm-service-request-id": [
          "0c5156b5-e8ea-411e-b590-98d108a4a0e2"
        ],
        "Strict-Transport-Security": [
          "max-age=31536000; includeSubDomains"
        ],
        "Server": [
          "Microsoft-HTTPAPI/2.0",
          "Microsoft-HTTPAPI/2.0"
        ],
        "x-ms-ratelimit-remaining-subscription-reads": [
          "11974"
        ],
        "x-ms-routing-request-id": [
          "EASTUS2:20210618T065512Z:440436ed-cd6b-4a64-9c82-70b64428a44b"
        ],
        "X-Content-Type-Options": [
          "nosniff"
        ],
        "Date": [
          "Fri, 18 Jun 2021 06:55:11 GMT"
        ],
        "Content-Length": [
          "1618"
        ],
        "Content-Type": [
          "application/json; charset=utf-8"
        ],
        "Expires": [
          "-1"
        ]
      },
      "ResponseBody": "{\r\n  \"name\": \"nic9253\",\r\n  \"id\": \"/subscriptions/e37510d7-33b6-4676-886f-ee75bcc01871/resourceGroups/crptestar391/providers/Microsoft.Network/networkInterfaces/nic9253\",\r\n  \"etag\": \"W/\\\"c3dcd544-0186-4d55-9ace-f51189dff2b8\\\"\",\r\n  \"location\": \"eastus\",\r\n  \"tags\": {\r\n    \"key\": \"value\"\r\n  },\r\n  \"properties\": {\r\n    \"provisioningState\": \"Succeeded\",\r\n    \"resourceGuid\": \"6829b6c3-0e0f-42a4-b534-a2876dfa5798\",\r\n    \"ipConfigurations\": [\r\n      {\r\n        \"name\": \"ip179\",\r\n        \"id\": \"/subscriptions/e37510d7-33b6-4676-886f-ee75bcc01871/resourceGroups/crptestar391/providers/Microsoft.Network/networkInterfaces/nic9253/ipConfigurations/ip179\",\r\n        \"etag\": \"W/\\\"c3dcd544-0186-4d55-9ace-f51189dff2b8\\\"\",\r\n        \"type\": \"Microsoft.Network/networkInterfaces/ipConfigurations\",\r\n        \"properties\": {\r\n          \"provisioningState\": \"Succeeded\",\r\n          \"privateIPAddress\": \"10.0.0.4\",\r\n          \"privateIPAllocationMethod\": \"Dynamic\",\r\n          \"subnet\": {\r\n            \"id\": \"/subscriptions/e37510d7-33b6-4676-886f-ee75bcc01871/resourceGroups/crptestar391/providers/Microsoft.Network/virtualNetworks/vn999/subnets/sn5988\"\r\n          },\r\n          \"primary\": true,\r\n          \"privateIPAddressVersion\": \"IPv4\"\r\n        }\r\n      }\r\n    ],\r\n    \"dnsSettings\": {\r\n      \"dnsServers\": [],\r\n      \"appliedDnsServers\": [],\r\n      \"internalDomainNameSuffix\": \"outa4uz2wecu3gomfnzjvb11ug.bx.internal.cloudapp.net\"\r\n    },\r\n    \"enableAcceleratedNetworking\": false,\r\n    \"enableIPForwarding\": false,\r\n    \"hostedWorkloads\": [],\r\n    \"tapConfigurations\": []\r\n  },\r\n  \"type\": \"Microsoft.Network/networkInterfaces\"\r\n}",
      "StatusCode": 200
    },
    {
      "RequestUri": "/subscriptions/e37510d7-33b6-4676-886f-ee75bcc01871/resourceGroups/crptestar391/providers/Microsoft.Compute/virtualMachineScaleSets/vmss9837?api-version=2021-04-01",
      "EncodedRequestUri": "L3N1YnNjcmlwdGlvbnMvZTM3NTEwZDctMzNiNi00Njc2LTg4NmYtZWU3NWJjYzAxODcxL3Jlc291cmNlR3JvdXBzL2NycHRlc3RhcjM5MS9wcm92aWRlcnMvTWljcm9zb2Z0LkNvbXB1dGUvdmlydHVhbE1hY2hpbmVTY2FsZVNldHMvdm1zczk4Mzc/YXBpLXZlcnNpb249MjAyMS0wNC0wMQ==",
      "RequestMethod": "PUT",
      "RequestBody": "{\r\n  \"sku\": {\r\n    \"name\": \"Standard_A1_v2\",\r\n    \"tier\": \"Standard\",\r\n    \"capacity\": 2\r\n  },\r\n  \"properties\": {\r\n    \"upgradePolicy\": {\r\n      \"mode\": \"Automatic\"\r\n    },\r\n    \"virtualMachineProfile\": {\r\n      \"osProfile\": {\r\n        \"computerNamePrefix\": \"test\",\r\n        \"adminUsername\": \"Foo12\",\r\n        \"adminPassword\": \"[PLACEHOLDEr1]\",\r\n        \"customData\": \"Q3VzdG9tIGRhdGE=\"\r\n      },\r\n      \"storageProfile\": {\r\n        \"imageReference\": {\r\n          \"publisher\": \"MicrosoftWindowsServer\",\r\n          \"offer\": \"WindowsServer\",\r\n          \"sku\": \"2012-R2-Datacenter\",\r\n          \"version\": \"4.127.20180315\"\r\n        },\r\n        \"dataDisks\": [\r\n          {\r\n            \"lun\": 1,\r\n            \"createOption\": \"Empty\",\r\n            \"diskSizeGB\": 128\r\n          }\r\n        ]\r\n      },\r\n      \"networkProfile\": {\r\n        \"networkInterfaceConfigurations\": [\r\n          {\r\n            \"name\": \"vmsstestnetconfig8357\",\r\n            \"properties\": {\r\n              \"primary\": true,\r\n              \"ipConfigurations\": [\r\n                {\r\n                  \"name\": \"vmsstestnetconfig6739\",\r\n                  \"properties\": {\r\n                    \"subnet\": {\r\n                      \"id\": \"/subscriptions/e37510d7-33b6-4676-886f-ee75bcc01871/resourceGroups/crptestar391/providers/Microsoft.Network/virtualNetworks/vn999/subnets/sn5988\"\r\n                    },\r\n                    \"applicationGatewayBackendAddressPools\": []\r\n                  }\r\n                }\r\n              ]\r\n            }\r\n          }\r\n        ]\r\n      },\r\n      \"priority\": \"Low\",\r\n      \"billingProfile\": {\r\n        \"maxPrice\": -1.0\r\n      }\r\n    },\r\n    \"overprovision\": true\r\n  },\r\n  \"location\": \"eastus\",\r\n  \"tags\": {\r\n    \"RG\": \"rg\",\r\n    \"testTag\": \"1\"\r\n  }\r\n}",
      "RequestHeaders": {
        "x-ms-client-request-id": [
          "3cc3a1a8-97b7-4aec-9462-0d85c97e615c"
        ],
        "Accept-Language": [
          "en-US"
        ],
        "User-Agent": [
          "FxVersion/4.6.29518.01",
          "OSName/Windows",
          "OSVersion/Microsoft.Windows.10.0.19042.",
          "Microsoft.Azure.Management.Compute.ComputeManagementClient/47.0.0"
        ],
        "Content-Type": [
          "application/json; charset=utf-8"
        ],
        "Content-Length": [
          "1744"
        ]
      },
      "ResponseHeaders": {
        "Cache-Control": [
          "no-cache"
        ],
        "Pragma": [
          "no-cache"
        ],
        "Retry-After": [
          "10"
        ],
        "Azure-AsyncOperation": [
          "https://management.azure.com/subscriptions/e37510d7-33b6-4676-886f-ee75bcc01871/providers/Microsoft.Compute/locations/eastus/operations/94ee1871-048e-422e-9221-4e4756880b5f?api-version=2021-04-01"
        ],
        "Azure-AsyncNotification": [
          "Enabled"
        ],
        "x-ms-ratelimit-remaining-resource": [
          "Microsoft.Compute/CreateVMScaleSet3Min;59,Microsoft.Compute/CreateVMScaleSet30Min;296,Microsoft.Compute/VMScaleSetBatchedVMRequests5Min;1194,Microsoft.Compute/VmssQueuedVMOperations;0"
        ],
        "x-ms-request-charge": [
          "4"
        ],
        "Strict-Transport-Security": [
          "max-age=31536000; includeSubDomains"
        ],
        "x-ms-request-id": [
          "94ee1871-048e-422e-9221-4e4756880b5f"
        ],
        "Server": [
          "Microsoft-HTTPAPI/2.0",
          "Microsoft-HTTPAPI/2.0"
        ],
        "x-ms-ratelimit-remaining-subscription-writes": [
          "1199"
        ],
        "x-ms-correlation-request-id": [
          "8eed8f3a-2223-4fbe-ae80-d4cfe9be7c5c"
        ],
        "x-ms-routing-request-id": [
          "EASTUS2:20210618T065513Z:8eed8f3a-2223-4fbe-ae80-d4cfe9be7c5c"
        ],
        "X-Content-Type-Options": [
          "nosniff"
        ],
        "Date": [
          "Fri, 18 Jun 2021 06:55:13 GMT"
        ],
        "Content-Length": [
          "3670"
        ],
        "Content-Type": [
          "application/json; charset=utf-8"
        ],
        "Expires": [
          "-1"
        ]
      },
      "ResponseBody": "{\r\n  \"name\": \"vmss9837\",\r\n  \"id\": \"/subscriptions/e37510d7-33b6-4676-886f-ee75bcc01871/resourceGroups/crptestar391/providers/Microsoft.Compute/virtualMachineScaleSets/vmss9837\",\r\n  \"type\": \"Microsoft.Compute/virtualMachineScaleSets\",\r\n  \"location\": \"eastus\",\r\n  \"tags\": {\r\n    \"RG\": \"rg\",\r\n    \"testTag\": \"1\",\r\n    \"azsecpack\": \"nonprod\",\r\n    \"platformsettings.host_environment.service.platform_optedin_for_rootcerts\": \"true\"\r\n  },\r\n  \"sku\": {\r\n    \"name\": \"Standard_A1_v2\",\r\n    \"tier\": \"Standard\",\r\n    \"capacity\": 2\r\n  },\r\n  \"properties\": {\r\n    \"singlePlacementGroup\": false,\r\n    \"upgradePolicy\": {\r\n      \"mode\": \"Automatic\"\r\n    },\r\n    \"virtualMachineProfile\": {\r\n      \"osProfile\": {\r\n        \"computerNamePrefix\": \"test\",\r\n        \"adminUsername\": \"Foo12\",\r\n        \"windowsConfiguration\": {\r\n          \"provisionVMAgent\": true,\r\n          \"enableAutomaticUpdates\": true\r\n        },\r\n        \"secrets\": [],\r\n        \"allowExtensionOperations\": true,\r\n        \"requireGuestProvisionSignal\": true\r\n      },\r\n      \"storageProfile\": {\r\n        \"osDisk\": {\r\n          \"osType\": \"Windows\",\r\n          \"createOption\": \"FromImage\",\r\n          \"caching\": \"None\",\r\n          \"managedDisk\": {\r\n            \"storageAccountType\": \"Standard_LRS\"\r\n          },\r\n          \"diskSizeGB\": 127\r\n        },\r\n        \"imageReference\": {\r\n          \"publisher\": \"MicrosoftWindowsServer\",\r\n          \"offer\": \"WindowsServer\",\r\n          \"sku\": \"2012-R2-Datacenter\",\r\n          \"version\": \"4.127.20180315\"\r\n        },\r\n        \"dataDisks\": [\r\n          {\r\n            \"lun\": 1,\r\n            \"createOption\": \"Empty\",\r\n            \"caching\": \"None\",\r\n            \"managedDisk\": {\r\n              \"storageAccountType\": \"Standard_LRS\"\r\n            },\r\n            \"diskSizeGB\": 128\r\n          }\r\n        ]\r\n      },\r\n      \"networkProfile\": {\r\n        \"networkInterfaceConfigurations\": [\r\n          {\r\n            \"name\": \"vmsstestnetconfig8357\",\r\n            \"properties\": {\r\n              \"primary\": true,\r\n              \"enableAcceleratedNetworking\": false,\r\n              \"dnsSettings\": {\r\n                \"dnsServers\": []\r\n              },\r\n              \"enableIPForwarding\": false,\r\n              \"ipConfigurations\": [\r\n                {\r\n                  \"name\": \"vmsstestnetconfig6739\",\r\n                  \"properties\": {\r\n                    \"subnet\": {\r\n                      \"id\": \"/subscriptions/e37510d7-33b6-4676-886f-ee75bcc01871/resourceGroups/crptestar391/providers/Microsoft.Network/virtualNetworks/vn999/subnets/sn5988\"\r\n                    },\r\n                    \"privateIPAddressVersion\": \"IPv4\"\r\n                  }\r\n                }\r\n              ]\r\n            }\r\n          }\r\n        ]\r\n      },\r\n      \"extensionProfile\": {\r\n        \"extensions\": [\r\n          {\r\n            \"name\": \"Microsoft.Azure.Security.AntimalwareSignature.AntimalwareConfiguration\",\r\n            \"properties\": {\r\n              \"autoUpgradeMinorVersion\": true,\r\n              \"enableAutomaticUpgrade\": true,\r\n              \"publisher\": \"Microsoft.Azure.Security.AntimalwareSignature\",\r\n              \"type\": \"AntimalwareConfiguration\",\r\n              \"typeHandlerVersion\": \"2.0\",\r\n              \"settings\": {}\r\n            }\r\n          },\r\n          {\r\n            \"name\": \"Microsoft.Azure.Geneva.GenevaMonitoring\",\r\n            \"properties\": {\r\n              \"autoUpgradeMinorVersion\": true,\r\n              \"enableAutomaticUpgrade\": true,\r\n              \"publisher\": \"Microsoft.Azure.Geneva\",\r\n              \"type\": \"GenevaMonitoring\",\r\n              \"typeHandlerVersion\": \"2.0\",\r\n              \"settings\": {}\r\n            }\r\n          }\r\n        ]\r\n      },\r\n      \"priority\": \"Low\",\r\n      \"evictionPolicy\": \"Deallocate\",\r\n      \"billingProfile\": {\r\n        \"maxPrice\": -1.0\r\n      }\r\n    },\r\n    \"provisioningState\": \"Creating\",\r\n    \"overprovision\": true,\r\n    \"doNotRunExtensionsOnOverprovisionedVMs\": false,\r\n    \"uniqueId\": \"6a96c414-67c3-4529-98b6-d3895e89f215\",\r\n    \"platformFaultDomainCount\": 1,\r\n    \"spotRestorePolicy\": {\r\n      \"enabled\": false,\r\n      \"restoreTimeout\": \"PT1H\"\r\n    }\r\n  }\r\n}",
      "StatusCode": 201
    },
    {
      "RequestUri": "/subscriptions/e37510d7-33b6-4676-886f-ee75bcc01871/providers/Microsoft.Compute/locations/eastus/operations/94ee1871-048e-422e-9221-4e4756880b5f?api-version=2021-04-01",
      "EncodedRequestUri": "L3N1YnNjcmlwdGlvbnMvZTM3NTEwZDctMzNiNi00Njc2LTg4NmYtZWU3NWJjYzAxODcxL3Byb3ZpZGVycy9NaWNyb3NvZnQuQ29tcHV0ZS9sb2NhdGlvbnMvZWFzdHVzL29wZXJhdGlvbnMvOTRlZTE4NzEtMDQ4ZS00MjJlLTkyMjEtNGU0NzU2ODgwYjVmP2FwaS12ZXJzaW9uPTIwMjEtMDQtMDE=",
      "RequestMethod": "GET",
      "RequestBody": "",
      "RequestHeaders": {
        "User-Agent": [
          "FxVersion/4.6.29518.01",
          "OSName/Windows",
          "OSVersion/Microsoft.Windows.10.0.19042.",
          "Microsoft.Azure.Management.Compute.ComputeManagementClient/47.0.0"
        ]
      },
      "ResponseHeaders": {
        "Cache-Control": [
          "no-cache"
        ],
        "Pragma": [
          "no-cache"
        ],
        "Retry-After": [
          "97"
        ],
        "x-ms-ratelimit-remaining-resource": [
          "Microsoft.Compute/GetOperation3Min;14999,Microsoft.Compute/GetOperation30Min;29964"
        ],
        "Strict-Transport-Security": [
          "max-age=31536000; includeSubDomains"
        ],
        "x-ms-request-id": [
          "980f76cd-5ee3-43e1-8229-7ddb1607cb9b"
        ],
        "Server": [
          "Microsoft-HTTPAPI/2.0",
          "Microsoft-HTTPAPI/2.0"
        ],
        "x-ms-ratelimit-remaining-subscription-reads": [
          "11998"
        ],
        "x-ms-correlation-request-id": [
          "0247f2e4-2981-4a0f-ae91-2d17cf330b1f"
        ],
        "x-ms-routing-request-id": [
          "EASTUS2:20210618T065524Z:0247f2e4-2981-4a0f-ae91-2d17cf330b1f"
        ],
        "X-Content-Type-Options": [
          "nosniff"
        ],
        "Date": [
          "Fri, 18 Jun 2021 06:55:23 GMT"
        ],
        "Content-Length": [
          "134"
        ],
        "Content-Type": [
          "application/json; charset=utf-8"
        ],
        "Expires": [
          "-1"
        ]
      },
      "ResponseBody": "{\r\n  \"startTime\": \"2021-06-18T06:55:12.9726234+00:00\",\r\n  \"status\": \"InProgress\",\r\n  \"name\": \"94ee1871-048e-422e-9221-4e4756880b5f\"\r\n}",
      "StatusCode": 200
    },
    {
      "RequestUri": "/subscriptions/e37510d7-33b6-4676-886f-ee75bcc01871/providers/Microsoft.Compute/locations/eastus/operations/94ee1871-048e-422e-9221-4e4756880b5f?api-version=2021-04-01",
      "EncodedRequestUri": "L3N1YnNjcmlwdGlvbnMvZTM3NTEwZDctMzNiNi00Njc2LTg4NmYtZWU3NWJjYzAxODcxL3Byb3ZpZGVycy9NaWNyb3NvZnQuQ29tcHV0ZS9sb2NhdGlvbnMvZWFzdHVzL29wZXJhdGlvbnMvOTRlZTE4NzEtMDQ4ZS00MjJlLTkyMjEtNGU0NzU2ODgwYjVmP2FwaS12ZXJzaW9uPTIwMjEtMDQtMDE=",
      "RequestMethod": "GET",
      "RequestBody": "",
      "RequestHeaders": {
        "User-Agent": [
          "FxVersion/4.6.29518.01",
          "OSName/Windows",
          "OSVersion/Microsoft.Windows.10.0.19042.",
          "Microsoft.Azure.Management.Compute.ComputeManagementClient/47.0.0"
        ]
      },
      "ResponseHeaders": {
        "Cache-Control": [
          "no-cache"
        ],
        "Pragma": [
          "no-cache"
        ],
        "x-ms-ratelimit-remaining-resource": [
          "Microsoft.Compute/GetOperation3Min;14998,Microsoft.Compute/GetOperation30Min;29963"
        ],
        "Strict-Transport-Security": [
          "max-age=31536000; includeSubDomains"
        ],
        "x-ms-request-id": [
          "54811583-f2e6-4fec-915f-733bf54ca329"
        ],
        "Server": [
          "Microsoft-HTTPAPI/2.0",
          "Microsoft-HTTPAPI/2.0"
        ],
        "x-ms-ratelimit-remaining-subscription-reads": [
          "11997"
        ],
        "x-ms-correlation-request-id": [
          "32b6ad85-e95f-456e-9c9b-455d5381989b"
        ],
        "x-ms-routing-request-id": [
          "EASTUS2:20210618T065701Z:32b6ad85-e95f-456e-9c9b-455d5381989b"
        ],
        "X-Content-Type-Options": [
          "nosniff"
        ],
        "Date": [
          "Fri, 18 Jun 2021 06:57:00 GMT"
        ],
        "Content-Length": [
          "134"
        ],
        "Content-Type": [
          "application/json; charset=utf-8"
        ],
        "Expires": [
          "-1"
        ]
      },
      "ResponseBody": "{\r\n  \"startTime\": \"2021-06-18T06:55:12.9726234+00:00\",\r\n  \"status\": \"InProgress\",\r\n  \"name\": \"94ee1871-048e-422e-9221-4e4756880b5f\"\r\n}",
      "StatusCode": 200
    },
    {
      "RequestUri": "/subscriptions/e37510d7-33b6-4676-886f-ee75bcc01871/providers/Microsoft.Compute/locations/eastus/operations/94ee1871-048e-422e-9221-4e4756880b5f?api-version=2021-04-01",
      "EncodedRequestUri": "L3N1YnNjcmlwdGlvbnMvZTM3NTEwZDctMzNiNi00Njc2LTg4NmYtZWU3NWJjYzAxODcxL3Byb3ZpZGVycy9NaWNyb3NvZnQuQ29tcHV0ZS9sb2NhdGlvbnMvZWFzdHVzL29wZXJhdGlvbnMvOTRlZTE4NzEtMDQ4ZS00MjJlLTkyMjEtNGU0NzU2ODgwYjVmP2FwaS12ZXJzaW9uPTIwMjEtMDQtMDE=",
      "RequestMethod": "GET",
      "RequestBody": "",
      "RequestHeaders": {
        "User-Agent": [
          "FxVersion/4.6.29518.01",
          "OSName/Windows",
          "OSVersion/Microsoft.Windows.10.0.19042.",
          "Microsoft.Azure.Management.Compute.ComputeManagementClient/47.0.0"
        ]
      },
      "ResponseHeaders": {
        "Cache-Control": [
          "no-cache"
        ],
        "Pragma": [
          "no-cache"
        ],
        "x-ms-ratelimit-remaining-resource": [
          "Microsoft.Compute/GetOperation3Min;14997,Microsoft.Compute/GetOperation30Min;29961"
        ],
        "Strict-Transport-Security": [
          "max-age=31536000; includeSubDomains"
        ],
        "x-ms-request-id": [
          "d2c776ec-1db7-45e8-b588-1dda51ffa175"
        ],
        "Server": [
          "Microsoft-HTTPAPI/2.0",
          "Microsoft-HTTPAPI/2.0"
        ],
        "x-ms-ratelimit-remaining-subscription-reads": [
          "11996"
        ],
        "x-ms-correlation-request-id": [
          "b23775cc-3a62-432a-ae63-635707669b12"
        ],
        "x-ms-routing-request-id": [
          "EASTUS2:20210618T065838Z:b23775cc-3a62-432a-ae63-635707669b12"
        ],
        "X-Content-Type-Options": [
          "nosniff"
        ],
        "Date": [
          "Fri, 18 Jun 2021 06:58:37 GMT"
        ],
        "Content-Length": [
          "134"
        ],
        "Content-Type": [
          "application/json; charset=utf-8"
        ],
        "Expires": [
          "-1"
        ]
      },
      "ResponseBody": "{\r\n  \"startTime\": \"2021-06-18T06:55:12.9726234+00:00\",\r\n  \"status\": \"InProgress\",\r\n  \"name\": \"94ee1871-048e-422e-9221-4e4756880b5f\"\r\n}",
      "StatusCode": 200
    },
    {
      "RequestUri": "/subscriptions/e37510d7-33b6-4676-886f-ee75bcc01871/providers/Microsoft.Compute/locations/eastus/operations/94ee1871-048e-422e-9221-4e4756880b5f?api-version=2021-04-01",
      "EncodedRequestUri": "L3N1YnNjcmlwdGlvbnMvZTM3NTEwZDctMzNiNi00Njc2LTg4NmYtZWU3NWJjYzAxODcxL3Byb3ZpZGVycy9NaWNyb3NvZnQuQ29tcHV0ZS9sb2NhdGlvbnMvZWFzdHVzL29wZXJhdGlvbnMvOTRlZTE4NzEtMDQ4ZS00MjJlLTkyMjEtNGU0NzU2ODgwYjVmP2FwaS12ZXJzaW9uPTIwMjEtMDQtMDE=",
      "RequestMethod": "GET",
      "RequestBody": "",
      "RequestHeaders": {
        "User-Agent": [
          "FxVersion/4.6.29518.01",
          "OSName/Windows",
          "OSVersion/Microsoft.Windows.10.0.19042.",
          "Microsoft.Azure.Management.Compute.ComputeManagementClient/47.0.0"
        ]
      },
      "ResponseHeaders": {
        "Cache-Control": [
          "no-cache"
        ],
        "Pragma": [
          "no-cache"
        ],
        "x-ms-ratelimit-remaining-resource": [
          "Microsoft.Compute/GetOperation3Min;14997,Microsoft.Compute/GetOperation30Min;29965"
        ],
        "Strict-Transport-Security": [
          "max-age=31536000; includeSubDomains"
        ],
        "x-ms-request-id": [
          "395ec368-eb9f-4ac9-8611-6036487ef030"
        ],
        "Server": [
          "Microsoft-HTTPAPI/2.0",
          "Microsoft-HTTPAPI/2.0"
        ],
        "x-ms-ratelimit-remaining-subscription-reads": [
          "11995"
        ],
        "x-ms-correlation-request-id": [
          "706e9510-2b8a-4bff-b1da-c0876b472c5c"
        ],
        "x-ms-routing-request-id": [
          "EASTUS2:20210618T070015Z:706e9510-2b8a-4bff-b1da-c0876b472c5c"
        ],
        "X-Content-Type-Options": [
          "nosniff"
        ],
        "Date": [
          "Fri, 18 Jun 2021 07:00:14 GMT"
        ],
        "Content-Length": [
          "134"
        ],
        "Content-Type": [
          "application/json; charset=utf-8"
        ],
        "Expires": [
          "-1"
        ]
      },
      "ResponseBody": "{\r\n  \"startTime\": \"2021-06-18T06:55:12.9726234+00:00\",\r\n  \"status\": \"InProgress\",\r\n  \"name\": \"94ee1871-048e-422e-9221-4e4756880b5f\"\r\n}",
      "StatusCode": 200
    },
    {
      "RequestUri": "/subscriptions/e37510d7-33b6-4676-886f-ee75bcc01871/providers/Microsoft.Compute/locations/eastus/operations/94ee1871-048e-422e-9221-4e4756880b5f?api-version=2021-04-01",
      "EncodedRequestUri": "L3N1YnNjcmlwdGlvbnMvZTM3NTEwZDctMzNiNi00Njc2LTg4NmYtZWU3NWJjYzAxODcxL3Byb3ZpZGVycy9NaWNyb3NvZnQuQ29tcHV0ZS9sb2NhdGlvbnMvZWFzdHVzL29wZXJhdGlvbnMvOTRlZTE4NzEtMDQ4ZS00MjJlLTkyMjEtNGU0NzU2ODgwYjVmP2FwaS12ZXJzaW9uPTIwMjEtMDQtMDE=",
      "RequestMethod": "GET",
      "RequestBody": "",
      "RequestHeaders": {
        "User-Agent": [
          "FxVersion/4.6.29518.01",
          "OSName/Windows",
          "OSVersion/Microsoft.Windows.10.0.19042.",
          "Microsoft.Azure.Management.Compute.ComputeManagementClient/47.0.0"
        ]
      },
      "ResponseHeaders": {
        "Cache-Control": [
          "no-cache"
        ],
        "Pragma": [
          "no-cache"
        ],
        "x-ms-ratelimit-remaining-resource": [
          "Microsoft.Compute/GetOperation3Min;14996,Microsoft.Compute/GetOperation30Min;29963"
        ],
        "Strict-Transport-Security": [
          "max-age=31536000; includeSubDomains"
        ],
        "x-ms-request-id": [
          "e82f4a6b-8812-4ab9-96e3-53509040d7f9"
        ],
        "Server": [
          "Microsoft-HTTPAPI/2.0",
          "Microsoft-HTTPAPI/2.0"
        ],
        "x-ms-ratelimit-remaining-subscription-reads": [
          "11994"
        ],
        "x-ms-correlation-request-id": [
          "71b0a5fa-f14b-4870-83e7-fb98ede073b2"
        ],
        "x-ms-routing-request-id": [
          "EASTUS2:20210618T070152Z:71b0a5fa-f14b-4870-83e7-fb98ede073b2"
        ],
        "X-Content-Type-Options": [
          "nosniff"
        ],
        "Date": [
          "Fri, 18 Jun 2021 07:01:51 GMT"
        ],
        "Content-Length": [
          "134"
        ],
        "Content-Type": [
          "application/json; charset=utf-8"
        ],
        "Expires": [
          "-1"
        ]
      },
      "ResponseBody": "{\r\n  \"startTime\": \"2021-06-18T06:55:12.9726234+00:00\",\r\n  \"status\": \"InProgress\",\r\n  \"name\": \"94ee1871-048e-422e-9221-4e4756880b5f\"\r\n}",
      "StatusCode": 200
    },
    {
      "RequestUri": "/subscriptions/e37510d7-33b6-4676-886f-ee75bcc01871/providers/Microsoft.Compute/locations/eastus/operations/94ee1871-048e-422e-9221-4e4756880b5f?api-version=2021-04-01",
      "EncodedRequestUri": "L3N1YnNjcmlwdGlvbnMvZTM3NTEwZDctMzNiNi00Njc2LTg4NmYtZWU3NWJjYzAxODcxL3Byb3ZpZGVycy9NaWNyb3NvZnQuQ29tcHV0ZS9sb2NhdGlvbnMvZWFzdHVzL29wZXJhdGlvbnMvOTRlZTE4NzEtMDQ4ZS00MjJlLTkyMjEtNGU0NzU2ODgwYjVmP2FwaS12ZXJzaW9uPTIwMjEtMDQtMDE=",
      "RequestMethod": "GET",
      "RequestBody": "",
      "RequestHeaders": {
        "User-Agent": [
          "FxVersion/4.6.29518.01",
          "OSName/Windows",
          "OSVersion/Microsoft.Windows.10.0.19042.",
          "Microsoft.Azure.Management.Compute.ComputeManagementClient/47.0.0"
        ]
      },
      "ResponseHeaders": {
        "Cache-Control": [
          "no-cache"
        ],
        "Pragma": [
          "no-cache"
        ],
        "x-ms-ratelimit-remaining-resource": [
          "Microsoft.Compute/GetOperation3Min;14995,Microsoft.Compute/GetOperation30Min;29960"
        ],
        "Strict-Transport-Security": [
          "max-age=31536000; includeSubDomains"
        ],
        "x-ms-request-id": [
          "566de7f1-edc0-49e7-bbfc-99bdc6c3bdef"
        ],
        "Server": [
          "Microsoft-HTTPAPI/2.0",
          "Microsoft-HTTPAPI/2.0"
        ],
        "x-ms-ratelimit-remaining-subscription-reads": [
          "11993"
        ],
        "x-ms-correlation-request-id": [
          "0479b7af-9292-4faf-8f29-e837e56398bd"
        ],
        "x-ms-routing-request-id": [
          "EASTUS2:20210618T070329Z:0479b7af-9292-4faf-8f29-e837e56398bd"
        ],
        "X-Content-Type-Options": [
          "nosniff"
        ],
        "Date": [
          "Fri, 18 Jun 2021 07:03:28 GMT"
        ],
        "Content-Length": [
          "184"
        ],
        "Content-Type": [
          "application/json; charset=utf-8"
        ],
        "Expires": [
          "-1"
        ]
      },
      "ResponseBody": "{\r\n  \"startTime\": \"2021-06-18T06:55:12.9726234+00:00\",\r\n  \"endTime\": \"2021-06-18T07:03:25.9116007+00:00\",\r\n  \"status\": \"Succeeded\",\r\n  \"name\": \"94ee1871-048e-422e-9221-4e4756880b5f\"\r\n}",
      "StatusCode": 200
    },
    {
      "RequestUri": "/subscriptions/e37510d7-33b6-4676-886f-ee75bcc01871/resourceGroups/crptestar391/providers/Microsoft.Compute/virtualMachineScaleSets/vmss9837?api-version=2021-04-01",
      "EncodedRequestUri": "L3N1YnNjcmlwdGlvbnMvZTM3NTEwZDctMzNiNi00Njc2LTg4NmYtZWU3NWJjYzAxODcxL3Jlc291cmNlR3JvdXBzL2NycHRlc3RhcjM5MS9wcm92aWRlcnMvTWljcm9zb2Z0LkNvbXB1dGUvdmlydHVhbE1hY2hpbmVTY2FsZVNldHMvdm1zczk4Mzc/YXBpLXZlcnNpb249MjAyMS0wNC0wMQ==",
      "RequestMethod": "GET",
      "RequestBody": "",
      "RequestHeaders": {
        "User-Agent": [
          "FxVersion/4.6.29518.01",
          "OSName/Windows",
          "OSVersion/Microsoft.Windows.10.0.19042.",
          "Microsoft.Azure.Management.Compute.ComputeManagementClient/47.0.0"
        ]
      },
      "ResponseHeaders": {
        "Cache-Control": [
          "no-cache"
        ],
        "Pragma": [
          "no-cache"
        ],
        "x-ms-ratelimit-remaining-resource": [
          "Microsoft.Compute/GetVMScaleSet3Min;394,Microsoft.Compute/GetVMScaleSet30Min;2565"
        ],
        "Strict-Transport-Security": [
          "max-age=31536000; includeSubDomains"
        ],
        "x-ms-request-id": [
          "78e4f2b1-5b24-4653-b51b-c45c20af0ab5"
        ],
        "Server": [
          "Microsoft-HTTPAPI/2.0",
          "Microsoft-HTTPAPI/2.0"
        ],
        "x-ms-ratelimit-remaining-subscription-reads": [
          "11992"
        ],
        "x-ms-correlation-request-id": [
          "35685b95-34a3-4d88-be08-51fe1763170c"
        ],
        "x-ms-routing-request-id": [
          "EASTUS2:20210618T070329Z:35685b95-34a3-4d88-be08-51fe1763170c"
        ],
        "X-Content-Type-Options": [
          "nosniff"
        ],
        "Date": [
          "Fri, 18 Jun 2021 07:03:28 GMT"
        ],
        "Content-Length": [
          "3671"
        ],
        "Content-Type": [
          "application/json; charset=utf-8"
        ],
        "Expires": [
          "-1"
        ]
      },
      "ResponseBody": "{\r\n  \"name\": \"vmss9837\",\r\n  \"id\": \"/subscriptions/e37510d7-33b6-4676-886f-ee75bcc01871/resourceGroups/crptestar391/providers/Microsoft.Compute/virtualMachineScaleSets/vmss9837\",\r\n  \"type\": \"Microsoft.Compute/virtualMachineScaleSets\",\r\n  \"location\": \"eastus\",\r\n  \"tags\": {\r\n    \"RG\": \"rg\",\r\n    \"testTag\": \"1\",\r\n    \"azsecpack\": \"nonprod\",\r\n    \"platformsettings.host_environment.service.platform_optedin_for_rootcerts\": \"true\"\r\n  },\r\n  \"sku\": {\r\n    \"name\": \"Standard_A1_v2\",\r\n    \"tier\": \"Standard\",\r\n    \"capacity\": 2\r\n  },\r\n  \"properties\": {\r\n    \"singlePlacementGroup\": false,\r\n    \"upgradePolicy\": {\r\n      \"mode\": \"Automatic\"\r\n    },\r\n    \"virtualMachineProfile\": {\r\n      \"osProfile\": {\r\n        \"computerNamePrefix\": \"test\",\r\n        \"adminUsername\": \"Foo12\",\r\n        \"windowsConfiguration\": {\r\n          \"provisionVMAgent\": true,\r\n          \"enableAutomaticUpdates\": true\r\n        },\r\n        \"secrets\": [],\r\n        \"allowExtensionOperations\": true,\r\n        \"requireGuestProvisionSignal\": true\r\n      },\r\n      \"storageProfile\": {\r\n        \"osDisk\": {\r\n          \"osType\": \"Windows\",\r\n          \"createOption\": \"FromImage\",\r\n          \"caching\": \"None\",\r\n          \"managedDisk\": {\r\n            \"storageAccountType\": \"Standard_LRS\"\r\n          },\r\n          \"diskSizeGB\": 127\r\n        },\r\n        \"imageReference\": {\r\n          \"publisher\": \"MicrosoftWindowsServer\",\r\n          \"offer\": \"WindowsServer\",\r\n          \"sku\": \"2012-R2-Datacenter\",\r\n          \"version\": \"4.127.20180315\"\r\n        },\r\n        \"dataDisks\": [\r\n          {\r\n            \"lun\": 1,\r\n            \"createOption\": \"Empty\",\r\n            \"caching\": \"None\",\r\n            \"managedDisk\": {\r\n              \"storageAccountType\": \"Standard_LRS\"\r\n            },\r\n            \"diskSizeGB\": 128\r\n          }\r\n        ]\r\n      },\r\n      \"networkProfile\": {\r\n        \"networkInterfaceConfigurations\": [\r\n          {\r\n            \"name\": \"vmsstestnetconfig8357\",\r\n            \"properties\": {\r\n              \"primary\": true,\r\n              \"enableAcceleratedNetworking\": false,\r\n              \"dnsSettings\": {\r\n                \"dnsServers\": []\r\n              },\r\n              \"enableIPForwarding\": false,\r\n              \"ipConfigurations\": [\r\n                {\r\n                  \"name\": \"vmsstestnetconfig6739\",\r\n                  \"properties\": {\r\n                    \"subnet\": {\r\n                      \"id\": \"/subscriptions/e37510d7-33b6-4676-886f-ee75bcc01871/resourceGroups/crptestar391/providers/Microsoft.Network/virtualNetworks/vn999/subnets/sn5988\"\r\n                    },\r\n                    \"privateIPAddressVersion\": \"IPv4\"\r\n                  }\r\n                }\r\n              ]\r\n            }\r\n          }\r\n        ]\r\n      },\r\n      \"extensionProfile\": {\r\n        \"extensions\": [\r\n          {\r\n            \"name\": \"Microsoft.Azure.Security.AntimalwareSignature.AntimalwareConfiguration\",\r\n            \"properties\": {\r\n              \"autoUpgradeMinorVersion\": true,\r\n              \"enableAutomaticUpgrade\": true,\r\n              \"publisher\": \"Microsoft.Azure.Security.AntimalwareSignature\",\r\n              \"type\": \"AntimalwareConfiguration\",\r\n              \"typeHandlerVersion\": \"2.0\",\r\n              \"settings\": {}\r\n            }\r\n          },\r\n          {\r\n            \"name\": \"Microsoft.Azure.Geneva.GenevaMonitoring\",\r\n            \"properties\": {\r\n              \"autoUpgradeMinorVersion\": true,\r\n              \"enableAutomaticUpgrade\": true,\r\n              \"publisher\": \"Microsoft.Azure.Geneva\",\r\n              \"type\": \"GenevaMonitoring\",\r\n              \"typeHandlerVersion\": \"2.0\",\r\n              \"settings\": {}\r\n            }\r\n          }\r\n        ]\r\n      },\r\n      \"priority\": \"Low\",\r\n      \"evictionPolicy\": \"Deallocate\",\r\n      \"billingProfile\": {\r\n        \"maxPrice\": -1.0\r\n      }\r\n    },\r\n    \"provisioningState\": \"Succeeded\",\r\n    \"overprovision\": true,\r\n    \"doNotRunExtensionsOnOverprovisionedVMs\": false,\r\n    \"uniqueId\": \"6a96c414-67c3-4529-98b6-d3895e89f215\",\r\n    \"platformFaultDomainCount\": 1,\r\n    \"spotRestorePolicy\": {\r\n      \"enabled\": false,\r\n      \"restoreTimeout\": \"PT1H\"\r\n    }\r\n  }\r\n}",
      "StatusCode": 200
    },
    {
      "RequestUri": "/subscriptions/e37510d7-33b6-4676-886f-ee75bcc01871/resourceGroups/crptestar391/providers/Microsoft.Compute/virtualMachineScaleSets/vmss9837?api-version=2021-04-01",
      "EncodedRequestUri": "L3N1YnNjcmlwdGlvbnMvZTM3NTEwZDctMzNiNi00Njc2LTg4NmYtZWU3NWJjYzAxODcxL3Jlc291cmNlR3JvdXBzL2NycHRlc3RhcjM5MS9wcm92aWRlcnMvTWljcm9zb2Z0LkNvbXB1dGUvdmlydHVhbE1hY2hpbmVTY2FsZVNldHMvdm1zczk4Mzc/YXBpLXZlcnNpb249MjAyMS0wNC0wMQ==",
      "RequestMethod": "GET",
      "RequestBody": "",
      "RequestHeaders": {
        "x-ms-client-request-id": [
          "4d119241-97c7-4a8c-929f-c23e848ca80c"
        ],
        "Accept-Language": [
          "en-US"
        ],
        "User-Agent": [
          "FxVersion/4.6.29518.01",
          "OSName/Windows",
          "OSVersion/Microsoft.Windows.10.0.19042.",
          "Microsoft.Azure.Management.Compute.ComputeManagementClient/47.0.0"
        ]
      },
      "ResponseHeaders": {
        "Cache-Control": [
          "no-cache"
        ],
        "Pragma": [
          "no-cache"
        ],
        "x-ms-ratelimit-remaining-resource": [
          "Microsoft.Compute/GetVMScaleSet3Min;393,Microsoft.Compute/GetVMScaleSet30Min;2564"
        ],
        "Strict-Transport-Security": [
          "max-age=31536000; includeSubDomains"
        ],
        "x-ms-request-id": [
          "98f82c5e-2221-4d35-990c-ca787c253d19"
        ],
        "Server": [
          "Microsoft-HTTPAPI/2.0",
          "Microsoft-HTTPAPI/2.0"
        ],
        "x-ms-ratelimit-remaining-subscription-reads": [
          "11991"
        ],
        "x-ms-correlation-request-id": [
          "736a7cae-117b-4383-a218-0bf027b75ffe"
        ],
        "x-ms-routing-request-id": [
          "EASTUS2:20210618T070329Z:736a7cae-117b-4383-a218-0bf027b75ffe"
        ],
        "X-Content-Type-Options": [
          "nosniff"
        ],
        "Date": [
          "Fri, 18 Jun 2021 07:03:28 GMT"
        ],
        "Content-Length": [
          "3671"
        ],
        "Content-Type": [
          "application/json; charset=utf-8"
        ],
        "Expires": [
          "-1"
        ]
      },
      "ResponseBody": "{\r\n  \"name\": \"vmss9837\",\r\n  \"id\": \"/subscriptions/e37510d7-33b6-4676-886f-ee75bcc01871/resourceGroups/crptestar391/providers/Microsoft.Compute/virtualMachineScaleSets/vmss9837\",\r\n  \"type\": \"Microsoft.Compute/virtualMachineScaleSets\",\r\n  \"location\": \"eastus\",\r\n  \"tags\": {\r\n    \"RG\": \"rg\",\r\n    \"testTag\": \"1\",\r\n    \"azsecpack\": \"nonprod\",\r\n    \"platformsettings.host_environment.service.platform_optedin_for_rootcerts\": \"true\"\r\n  },\r\n  \"sku\": {\r\n    \"name\": \"Standard_A1_v2\",\r\n    \"tier\": \"Standard\",\r\n    \"capacity\": 2\r\n  },\r\n  \"properties\": {\r\n    \"singlePlacementGroup\": false,\r\n    \"upgradePolicy\": {\r\n      \"mode\": \"Automatic\"\r\n    },\r\n    \"virtualMachineProfile\": {\r\n      \"osProfile\": {\r\n        \"computerNamePrefix\": \"test\",\r\n        \"adminUsername\": \"Foo12\",\r\n        \"windowsConfiguration\": {\r\n          \"provisionVMAgent\": true,\r\n          \"enableAutomaticUpdates\": true\r\n        },\r\n        \"secrets\": [],\r\n        \"allowExtensionOperations\": true,\r\n        \"requireGuestProvisionSignal\": true\r\n      },\r\n      \"storageProfile\": {\r\n        \"osDisk\": {\r\n          \"osType\": \"Windows\",\r\n          \"createOption\": \"FromImage\",\r\n          \"caching\": \"None\",\r\n          \"managedDisk\": {\r\n            \"storageAccountType\": \"Standard_LRS\"\r\n          },\r\n          \"diskSizeGB\": 127\r\n        },\r\n        \"imageReference\": {\r\n          \"publisher\": \"MicrosoftWindowsServer\",\r\n          \"offer\": \"WindowsServer\",\r\n          \"sku\": \"2012-R2-Datacenter\",\r\n          \"version\": \"4.127.20180315\"\r\n        },\r\n        \"dataDisks\": [\r\n          {\r\n            \"lun\": 1,\r\n            \"createOption\": \"Empty\",\r\n            \"caching\": \"None\",\r\n            \"managedDisk\": {\r\n              \"storageAccountType\": \"Standard_LRS\"\r\n            },\r\n            \"diskSizeGB\": 128\r\n          }\r\n        ]\r\n      },\r\n      \"networkProfile\": {\r\n        \"networkInterfaceConfigurations\": [\r\n          {\r\n            \"name\": \"vmsstestnetconfig8357\",\r\n            \"properties\": {\r\n              \"primary\": true,\r\n              \"enableAcceleratedNetworking\": false,\r\n              \"dnsSettings\": {\r\n                \"dnsServers\": []\r\n              },\r\n              \"enableIPForwarding\": false,\r\n              \"ipConfigurations\": [\r\n                {\r\n                  \"name\": \"vmsstestnetconfig6739\",\r\n                  \"properties\": {\r\n                    \"subnet\": {\r\n                      \"id\": \"/subscriptions/e37510d7-33b6-4676-886f-ee75bcc01871/resourceGroups/crptestar391/providers/Microsoft.Network/virtualNetworks/vn999/subnets/sn5988\"\r\n                    },\r\n                    \"privateIPAddressVersion\": \"IPv4\"\r\n                  }\r\n                }\r\n              ]\r\n            }\r\n          }\r\n        ]\r\n      },\r\n      \"extensionProfile\": {\r\n        \"extensions\": [\r\n          {\r\n            \"name\": \"Microsoft.Azure.Security.AntimalwareSignature.AntimalwareConfiguration\",\r\n            \"properties\": {\r\n              \"autoUpgradeMinorVersion\": true,\r\n              \"enableAutomaticUpgrade\": true,\r\n              \"publisher\": \"Microsoft.Azure.Security.AntimalwareSignature\",\r\n              \"type\": \"AntimalwareConfiguration\",\r\n              \"typeHandlerVersion\": \"2.0\",\r\n              \"settings\": {}\r\n            }\r\n          },\r\n          {\r\n            \"name\": \"Microsoft.Azure.Geneva.GenevaMonitoring\",\r\n            \"properties\": {\r\n              \"autoUpgradeMinorVersion\": true,\r\n              \"enableAutomaticUpgrade\": true,\r\n              \"publisher\": \"Microsoft.Azure.Geneva\",\r\n              \"type\": \"GenevaMonitoring\",\r\n              \"typeHandlerVersion\": \"2.0\",\r\n              \"settings\": {}\r\n            }\r\n          }\r\n        ]\r\n      },\r\n      \"priority\": \"Low\",\r\n      \"evictionPolicy\": \"Deallocate\",\r\n      \"billingProfile\": {\r\n        \"maxPrice\": -1.0\r\n      }\r\n    },\r\n    \"provisioningState\": \"Succeeded\",\r\n    \"overprovision\": true,\r\n    \"doNotRunExtensionsOnOverprovisionedVMs\": false,\r\n    \"uniqueId\": \"6a96c414-67c3-4529-98b6-d3895e89f215\",\r\n    \"platformFaultDomainCount\": 1,\r\n    \"spotRestorePolicy\": {\r\n      \"enabled\": false,\r\n      \"restoreTimeout\": \"PT1H\"\r\n    }\r\n  }\r\n}",
      "StatusCode": 200
    },
    {
      "RequestUri": "/subscriptions/e37510d7-33b6-4676-886f-ee75bcc01871/resourceGroups/crptestar391/providers/Microsoft.Compute/virtualMachineScaleSets/vmss9837/instanceView?api-version=2021-04-01",
      "EncodedRequestUri": "L3N1YnNjcmlwdGlvbnMvZTM3NTEwZDctMzNiNi00Njc2LTg4NmYtZWU3NWJjYzAxODcxL3Jlc291cmNlR3JvdXBzL2NycHRlc3RhcjM5MS9wcm92aWRlcnMvTWljcm9zb2Z0LkNvbXB1dGUvdmlydHVhbE1hY2hpbmVTY2FsZVNldHMvdm1zczk4MzcvaW5zdGFuY2VWaWV3P2FwaS12ZXJzaW9uPTIwMjEtMDQtMDE=",
      "RequestMethod": "GET",
      "RequestBody": "",
      "RequestHeaders": {
        "x-ms-client-request-id": [
          "9a2013cc-170a-4e05-a02a-0dbd450d479e"
        ],
        "Accept-Language": [
          "en-US"
        ],
        "User-Agent": [
          "FxVersion/4.6.29518.01",
          "OSName/Windows",
          "OSVersion/Microsoft.Windows.10.0.19042.",
          "Microsoft.Azure.Management.Compute.ComputeManagementClient/47.0.0"
        ]
      },
      "ResponseHeaders": {
        "Cache-Control": [
          "no-cache"
        ],
        "Pragma": [
          "no-cache"
        ],
        "x-ms-ratelimit-remaining-resource": [
          "Microsoft.Compute/HighCostGetVMScaleSet3Min;179,Microsoft.Compute/HighCostGetVMScaleSet30Min;893"
        ],
        "Strict-Transport-Security": [
          "max-age=31536000; includeSubDomains"
        ],
        "x-ms-request-id": [
          "35d85b6e-900c-4f93-b34c-88efb816d16c"
        ],
        "Server": [
          "Microsoft-HTTPAPI/2.0",
          "Microsoft-HTTPAPI/2.0"
        ],
        "x-ms-ratelimit-remaining-subscription-reads": [
          "11990"
        ],
        "x-ms-correlation-request-id": [
          "7157e7d0-e64d-4407-b9e4-82d08dfe47dc"
        ],
        "x-ms-routing-request-id": [
          "EASTUS2:20210618T070329Z:7157e7d0-e64d-4407-b9e4-82d08dfe47dc"
        ],
        "X-Content-Type-Options": [
          "nosniff"
        ],
        "Date": [
          "Fri, 18 Jun 2021 07:03:28 GMT"
        ],
        "Content-Length": [
          "1096"
        ],
        "Content-Type": [
          "application/json; charset=utf-8"
        ],
        "Expires": [
          "-1"
        ]
      },
      "ResponseBody": "{\r\n  \"virtualMachine\": {\r\n    \"statusesSummary\": [\r\n      {\r\n        \"code\": \"ProvisioningState/updating\",\r\n        \"count\": 1\r\n      },\r\n      {\r\n        \"code\": \"ProvisioningState/succeeded\",\r\n        \"count\": 1\r\n      }\r\n    ]\r\n  },\r\n  \"extensions\": [\r\n    {\r\n      \"name\": \"Microsoft.Azure.Security.AntimalwareSignature.AntimalwareConfiguration\",\r\n      \"statusesSummary\": [\r\n        {\r\n          \"code\": \"ProvisioningState/updating\",\r\n          \"count\": 1\r\n        },\r\n        {\r\n          \"code\": \"ProvisioningState/succeeded\",\r\n          \"count\": 1\r\n        }\r\n      ]\r\n    },\r\n    {\r\n      \"name\": \"Microsoft.Azure.Geneva.GenevaMonitoring\",\r\n      \"statusesSummary\": [\r\n        {\r\n          \"code\": \"ProvisioningState/updating\",\r\n          \"count\": 1\r\n        },\r\n        {\r\n          \"code\": \"ProvisioningState/succeeded\",\r\n          \"count\": 1\r\n        }\r\n      ]\r\n    }\r\n  ],\r\n  \"statuses\": [\r\n    {\r\n      \"code\": \"ProvisioningState/succeeded\",\r\n      \"level\": \"Info\",\r\n      \"displayStatus\": \"Provisioning succeeded\",\r\n      \"time\": \"2021-06-18T07:03:25.8803188+00:00\"\r\n    }\r\n  ]\r\n}",
      "StatusCode": 200
    },
    {
      "RequestUri": "/subscriptions/e37510d7-33b6-4676-886f-ee75bcc01871/resourceGroups/crptestar391/providers/Microsoft.Compute/virtualMachineScaleSets?api-version=2021-04-01",
      "EncodedRequestUri": "L3N1YnNjcmlwdGlvbnMvZTM3NTEwZDctMzNiNi00Njc2LTg4NmYtZWU3NWJjYzAxODcxL3Jlc291cmNlR3JvdXBzL2NycHRlc3RhcjM5MS9wcm92aWRlcnMvTWljcm9zb2Z0LkNvbXB1dGUvdmlydHVhbE1hY2hpbmVTY2FsZVNldHM/YXBpLXZlcnNpb249MjAyMS0wNC0wMQ==",
      "RequestMethod": "GET",
      "RequestBody": "",
      "RequestHeaders": {
        "x-ms-client-request-id": [
          "a8458389-3acb-42e1-a7a5-2224cf1dbddd"
        ],
        "Accept-Language": [
          "en-US"
        ],
        "User-Agent": [
          "FxVersion/4.6.29518.01",
          "OSName/Windows",
          "OSVersion/Microsoft.Windows.10.0.19042.",
          "Microsoft.Azure.Management.Compute.ComputeManagementClient/47.0.0"
        ]
      },
      "ResponseHeaders": {
        "Cache-Control": [
          "no-cache"
        ],
        "Pragma": [
          "no-cache"
        ],
        "x-ms-ratelimit-remaining-resource": [
          "Microsoft.Compute/HighCostGetVMScaleSet3Min;178,Microsoft.Compute/HighCostGetVMScaleSet30Min;892"
        ],
        "Strict-Transport-Security": [
          "max-age=31536000; includeSubDomains"
        ],
        "x-ms-request-id": [
          "51aebbc5-83d3-4ad3-b844-7b0c4f7a2c5f"
        ],
        "Server": [
          "Microsoft-HTTPAPI/2.0",
          "Microsoft-HTTPAPI/2.0"
        ],
        "x-ms-ratelimit-remaining-subscription-reads": [
          "11989"
        ],
        "x-ms-correlation-request-id": [
          "d49e75c5-4697-4888-9d33-9ece895ab0b3"
        ],
        "x-ms-routing-request-id": [
          "EASTUS2:20210618T070329Z:d49e75c5-4697-4888-9d33-9ece895ab0b3"
        ],
        "X-Content-Type-Options": [
          "nosniff"
        ],
        "Date": [
          "Fri, 18 Jun 2021 07:03:28 GMT"
        ],
        "Content-Length": [
          "4116"
        ],
        "Content-Type": [
          "application/json; charset=utf-8"
        ],
        "Expires": [
          "-1"
        ]
      },
      "ResponseBody": "{\r\n  \"value\": [\r\n    {\r\n      \"name\": \"vmss9837\",\r\n      \"id\": \"/subscriptions/e37510d7-33b6-4676-886f-ee75bcc01871/resourceGroups/crptestar391/providers/Microsoft.Compute/virtualMachineScaleSets/vmss9837\",\r\n      \"type\": \"Microsoft.Compute/virtualMachineScaleSets\",\r\n      \"location\": \"eastus\",\r\n      \"tags\": {\r\n        \"RG\": \"rg\",\r\n        \"testTag\": \"1\",\r\n        \"azsecpack\": \"nonprod\",\r\n        \"platformsettings.host_environment.service.platform_optedin_for_rootcerts\": \"true\"\r\n      },\r\n      \"sku\": {\r\n        \"name\": \"Standard_A1_v2\",\r\n        \"tier\": \"Standard\",\r\n        \"capacity\": 2\r\n      },\r\n      \"properties\": {\r\n        \"singlePlacementGroup\": false,\r\n        \"upgradePolicy\": {\r\n          \"mode\": \"Automatic\"\r\n        },\r\n        \"virtualMachineProfile\": {\r\n          \"osProfile\": {\r\n            \"computerNamePrefix\": \"test\",\r\n            \"adminUsername\": \"Foo12\",\r\n            \"windowsConfiguration\": {\r\n              \"provisionVMAgent\": true,\r\n              \"enableAutomaticUpdates\": true\r\n            },\r\n            \"secrets\": [],\r\n            \"allowExtensionOperations\": true,\r\n            \"requireGuestProvisionSignal\": true\r\n          },\r\n          \"storageProfile\": {\r\n            \"osDisk\": {\r\n              \"osType\": \"Windows\",\r\n              \"createOption\": \"FromImage\",\r\n              \"caching\": \"None\",\r\n              \"managedDisk\": {\r\n                \"storageAccountType\": \"Standard_LRS\"\r\n              },\r\n              \"diskSizeGB\": 127\r\n            },\r\n            \"imageReference\": {\r\n              \"publisher\": \"MicrosoftWindowsServer\",\r\n              \"offer\": \"WindowsServer\",\r\n              \"sku\": \"2012-R2-Datacenter\",\r\n              \"version\": \"4.127.20180315\"\r\n            },\r\n            \"dataDisks\": [\r\n              {\r\n                \"lun\": 1,\r\n                \"createOption\": \"Empty\",\r\n                \"caching\": \"None\",\r\n                \"managedDisk\": {\r\n                  \"storageAccountType\": \"Standard_LRS\"\r\n                },\r\n                \"diskSizeGB\": 128\r\n              }\r\n            ]\r\n          },\r\n          \"networkProfile\": {\r\n            \"networkInterfaceConfigurations\": [\r\n              {\r\n                \"name\": \"vmsstestnetconfig8357\",\r\n                \"properties\": {\r\n                  \"primary\": true,\r\n                  \"enableAcceleratedNetworking\": false,\r\n                  \"dnsSettings\": {\r\n                    \"dnsServers\": []\r\n                  },\r\n                  \"enableIPForwarding\": false,\r\n                  \"ipConfigurations\": [\r\n                    {\r\n                      \"name\": \"vmsstestnetconfig6739\",\r\n                      \"properties\": {\r\n                        \"subnet\": {\r\n                          \"id\": \"/subscriptions/e37510d7-33b6-4676-886f-ee75bcc01871/resourceGroups/crptestar391/providers/Microsoft.Network/virtualNetworks/vn999/subnets/sn5988\"\r\n                        },\r\n                        \"privateIPAddressVersion\": \"IPv4\"\r\n                      }\r\n                    }\r\n                  ]\r\n                }\r\n              }\r\n            ]\r\n          },\r\n          \"extensionProfile\": {\r\n            \"extensions\": [\r\n              {\r\n                \"name\": \"Microsoft.Azure.Security.AntimalwareSignature.AntimalwareConfiguration\",\r\n                \"properties\": {\r\n                  \"autoUpgradeMinorVersion\": true,\r\n                  \"enableAutomaticUpgrade\": true,\r\n                  \"publisher\": \"Microsoft.Azure.Security.AntimalwareSignature\",\r\n                  \"type\": \"AntimalwareConfiguration\",\r\n                  \"typeHandlerVersion\": \"2.0\",\r\n                  \"settings\": {}\r\n                }\r\n              },\r\n              {\r\n                \"name\": \"Microsoft.Azure.Geneva.GenevaMonitoring\",\r\n                \"properties\": {\r\n                  \"autoUpgradeMinorVersion\": true,\r\n                  \"enableAutomaticUpgrade\": true,\r\n                  \"publisher\": \"Microsoft.Azure.Geneva\",\r\n                  \"type\": \"GenevaMonitoring\",\r\n                  \"typeHandlerVersion\": \"2.0\",\r\n                  \"settings\": {}\r\n                }\r\n              }\r\n            ]\r\n          },\r\n          \"priority\": \"Low\",\r\n          \"evictionPolicy\": \"Deallocate\",\r\n          \"billingProfile\": {\r\n            \"maxPrice\": -1.0\r\n          }\r\n        },\r\n        \"provisioningState\": \"Succeeded\",\r\n        \"overprovision\": true,\r\n        \"doNotRunExtensionsOnOverprovisionedVMs\": false,\r\n        \"uniqueId\": \"6a96c414-67c3-4529-98b6-d3895e89f215\",\r\n        \"platformFaultDomainCount\": 1,\r\n        \"spotRestorePolicy\": {\r\n          \"enabled\": false,\r\n          \"restoreTimeout\": \"PT1H\"\r\n        }\r\n      }\r\n    }\r\n  ]\r\n}",
      "StatusCode": 200
    },
    {
      "RequestUri": "/subscriptions/e37510d7-33b6-4676-886f-ee75bcc01871/resourceGroups/crptestar391/providers/Microsoft.Compute/virtualMachineScaleSets/vmss9837/skus?api-version=2021-04-01",
      "EncodedRequestUri": "L3N1YnNjcmlwdGlvbnMvZTM3NTEwZDctMzNiNi00Njc2LTg4NmYtZWU3NWJjYzAxODcxL3Jlc291cmNlR3JvdXBzL2NycHRlc3RhcjM5MS9wcm92aWRlcnMvTWljcm9zb2Z0LkNvbXB1dGUvdmlydHVhbE1hY2hpbmVTY2FsZVNldHMvdm1zczk4Mzcvc2t1cz9hcGktdmVyc2lvbj0yMDIxLTA0LTAx",
      "RequestMethod": "GET",
      "RequestBody": "",
      "RequestHeaders": {
        "x-ms-client-request-id": [
          "da340d61-19f8-418b-bad0-6e52fb5503ae"
        ],
        "Accept-Language": [
          "en-US"
        ],
        "User-Agent": [
          "FxVersion/4.6.29518.01",
          "OSName/Windows",
          "OSVersion/Microsoft.Windows.10.0.19042.",
          "Microsoft.Azure.Management.Compute.ComputeManagementClient/47.0.0"
        ]
      },
      "ResponseHeaders": {
        "Cache-Control": [
          "no-cache"
        ],
        "Pragma": [
          "no-cache"
        ],
        "x-ms-ratelimit-remaining-resource": [
          "Microsoft.Compute/GetVMScaleSet3Min;392,Microsoft.Compute/GetVMScaleSet30Min;2563"
        ],
        "Strict-Transport-Security": [
          "max-age=31536000; includeSubDomains"
        ],
        "x-ms-request-id": [
          "bb7f7a09-105f-43e8-bede-7f3882482718"
        ],
        "Server": [
          "Microsoft-HTTPAPI/2.0",
          "Microsoft-HTTPAPI/2.0"
        ],
        "x-ms-ratelimit-remaining-subscription-reads": [
          "11988"
        ],
        "x-ms-correlation-request-id": [
          "5b45e70c-3eff-4250-9b45-e05d3a3d81af"
        ],
        "x-ms-routing-request-id": [
          "EASTUS2:20210618T070329Z:5b45e70c-3eff-4250-9b45-e05d3a3d81af"
        ],
        "X-Content-Type-Options": [
          "nosniff"
        ],
        "Date": [
          "Fri, 18 Jun 2021 07:03:29 GMT"
        ],
        "Content-Length": [
          "15169"
        ],
        "Content-Type": [
          "application/json; charset=utf-8"
        ],
        "Expires": [
          "-1"
        ]
      },
      "ResponseBody": "{\r\n  \"value\": [\r\n    {\r\n      \"resourceType\": \"Microsoft.Compute/virtualMachineScaleSets\",\r\n      \"sku\": {\r\n        \"name\": \"Standard_A0\",\r\n        \"tier\": \"Standard\"\r\n      },\r\n      \"capacity\": {\r\n        \"minimum\": 0,\r\n        \"maximum\": 1000,\r\n        \"defaultCapacity\": 1,\r\n        \"scaleType\": \"Automatic\"\r\n      }\r\n    },\r\n    {\r\n      \"resourceType\": \"Microsoft.Compute/virtualMachineScaleSets\",\r\n      \"sku\": {\r\n        \"name\": \"Standard_A1\",\r\n        \"tier\": \"Standard\"\r\n      },\r\n      \"capacity\": {\r\n        \"minimum\": 0,\r\n        \"maximum\": 1000,\r\n        \"defaultCapacity\": 1,\r\n        \"scaleType\": \"Automatic\"\r\n      }\r\n    },\r\n    {\r\n      \"resourceType\": \"Microsoft.Compute/virtualMachineScaleSets\",\r\n      \"sku\": {\r\n        \"name\": \"Standard_A2\",\r\n        \"tier\": \"Standard\"\r\n      },\r\n      \"capacity\": {\r\n        \"minimum\": 0,\r\n        \"maximum\": 1000,\r\n        \"defaultCapacity\": 1,\r\n        \"scaleType\": \"Automatic\"\r\n      }\r\n    },\r\n    {\r\n      \"resourceType\": \"Microsoft.Compute/virtualMachineScaleSets\",\r\n      \"sku\": {\r\n        \"name\": \"Standard_A3\",\r\n        \"tier\": \"Standard\"\r\n      },\r\n      \"capacity\": {\r\n        \"minimum\": 0,\r\n        \"maximum\": 1000,\r\n        \"defaultCapacity\": 1,\r\n        \"scaleType\": \"Automatic\"\r\n      }\r\n    },\r\n    {\r\n      \"resourceType\": \"Microsoft.Compute/virtualMachineScaleSets\",\r\n      \"sku\": {\r\n        \"name\": \"Standard_A5\",\r\n        \"tier\": \"Standard\"\r\n      },\r\n      \"capacity\": {\r\n        \"minimum\": 0,\r\n        \"maximum\": 1000,\r\n        \"defaultCapacity\": 1,\r\n        \"scaleType\": \"Automatic\"\r\n      }\r\n    },\r\n    {\r\n      \"resourceType\": \"Microsoft.Compute/virtualMachineScaleSets\",\r\n      \"sku\": {\r\n        \"name\": \"Standard_A4\",\r\n        \"tier\": \"Standard\"\r\n      },\r\n      \"capacity\": {\r\n        \"minimum\": 0,\r\n        \"maximum\": 1000,\r\n        \"defaultCapacity\": 1,\r\n        \"scaleType\": \"Automatic\"\r\n      }\r\n    },\r\n    {\r\n      \"resourceType\": \"Microsoft.Compute/virtualMachineScaleSets\",\r\n      \"sku\": {\r\n        \"name\": \"Standard_A6\",\r\n        \"tier\": \"Standard\"\r\n      },\r\n      \"capacity\": {\r\n        \"minimum\": 0,\r\n        \"maximum\": 1000,\r\n        \"defaultCapacity\": 1,\r\n        \"scaleType\": \"Automatic\"\r\n      }\r\n    },\r\n    {\r\n      \"resourceType\": \"Microsoft.Compute/virtualMachineScaleSets\",\r\n      \"sku\": {\r\n        \"name\": \"Standard_A7\",\r\n        \"tier\": \"Standard\"\r\n      },\r\n      \"capacity\": {\r\n        \"minimum\": 0,\r\n        \"maximum\": 1000,\r\n        \"defaultCapacity\": 1,\r\n        \"scaleType\": \"Automatic\"\r\n      }\r\n    },\r\n    {\r\n      \"resourceType\": \"Microsoft.Compute/virtualMachineScaleSets\",\r\n      \"sku\": {\r\n        \"name\": \"Basic_A0\",\r\n        \"tier\": \"Basic\"\r\n      },\r\n      \"capacity\": {\r\n        \"minimum\": 0,\r\n        \"maximum\": 1000,\r\n        \"defaultCapacity\": 1,\r\n        \"scaleType\": \"Automatic\"\r\n      }\r\n    },\r\n    {\r\n      \"resourceType\": \"Microsoft.Compute/virtualMachineScaleSets\",\r\n      \"sku\": {\r\n        \"name\": \"Basic_A1\",\r\n        \"tier\": \"Basic\"\r\n      },\r\n      \"capacity\": {\r\n        \"minimum\": 0,\r\n        \"maximum\": 1000,\r\n        \"defaultCapacity\": 1,\r\n        \"scaleType\": \"Automatic\"\r\n      }\r\n    },\r\n    {\r\n      \"resourceType\": \"Microsoft.Compute/virtualMachineScaleSets\",\r\n      \"sku\": {\r\n        \"name\": \"Basic_A2\",\r\n        \"tier\": \"Basic\"\r\n      },\r\n      \"capacity\": {\r\n        \"minimum\": 0,\r\n        \"maximum\": 1000,\r\n        \"defaultCapacity\": 1,\r\n        \"scaleType\": \"Automatic\"\r\n      }\r\n    },\r\n    {\r\n      \"resourceType\": \"Microsoft.Compute/virtualMachineScaleSets\",\r\n      \"sku\": {\r\n        \"name\": \"Basic_A3\",\r\n        \"tier\": \"Basic\"\r\n      },\r\n      \"capacity\": {\r\n        \"minimum\": 0,\r\n        \"maximum\": 1000,\r\n        \"defaultCapacity\": 1,\r\n        \"scaleType\": \"Automatic\"\r\n      }\r\n    },\r\n    {\r\n      \"resourceType\": \"Microsoft.Compute/virtualMachineScaleSets\",\r\n      \"sku\": {\r\n        \"name\": \"Basic_A4\",\r\n        \"tier\": \"Basic\"\r\n      },\r\n      \"capacity\": {\r\n        \"minimum\": 0,\r\n        \"maximum\": 1000,\r\n        \"defaultCapacity\": 1,\r\n        \"scaleType\": \"Automatic\"\r\n      }\r\n    },\r\n    {\r\n      \"resourceType\": \"Microsoft.Compute/virtualMachineScaleSets\",\r\n      \"sku\": {\r\n        \"name\": \"Standard_D1_v2\",\r\n        \"tier\": \"Standard\"\r\n      },\r\n      \"capacity\": {\r\n        \"minimum\": 0,\r\n        \"maximum\": 1000,\r\n        \"defaultCapacity\": 1,\r\n        \"scaleType\": \"Automatic\"\r\n      }\r\n    },\r\n    {\r\n      \"resourceType\": \"Microsoft.Compute/virtualMachineScaleSets\",\r\n      \"sku\": {\r\n        \"name\": \"Standard_D2_v2\",\r\n        \"tier\": \"Standard\"\r\n      },\r\n      \"capacity\": {\r\n        \"minimum\": 0,\r\n        \"maximum\": 1000,\r\n        \"defaultCapacity\": 1,\r\n        \"scaleType\": \"Automatic\"\r\n      }\r\n    },\r\n    {\r\n      \"resourceType\": \"Microsoft.Compute/virtualMachineScaleSets\",\r\n      \"sku\": {\r\n        \"name\": \"Standard_D3_v2\",\r\n        \"tier\": \"Standard\"\r\n      },\r\n      \"capacity\": {\r\n        \"minimum\": 0,\r\n        \"maximum\": 1000,\r\n        \"defaultCapacity\": 1,\r\n        \"scaleType\": \"Automatic\"\r\n      }\r\n    },\r\n    {\r\n      \"resourceType\": \"Microsoft.Compute/virtualMachineScaleSets\",\r\n      \"sku\": {\r\n        \"name\": \"Standard_D4_v2\",\r\n        \"tier\": \"Standard\"\r\n      },\r\n      \"capacity\": {\r\n        \"minimum\": 0,\r\n        \"maximum\": 1000,\r\n        \"defaultCapacity\": 1,\r\n        \"scaleType\": \"Automatic\"\r\n      }\r\n    },\r\n    {\r\n      \"resourceType\": \"Microsoft.Compute/virtualMachineScaleSets\",\r\n      \"sku\": {\r\n        \"name\": \"Standard_D5_v2\",\r\n        \"tier\": \"Standard\"\r\n      },\r\n      \"capacity\": {\r\n        \"minimum\": 0,\r\n        \"maximum\": 1000,\r\n        \"defaultCapacity\": 1,\r\n        \"scaleType\": \"Automatic\"\r\n      }\r\n    },\r\n    {\r\n      \"resourceType\": \"Microsoft.Compute/virtualMachineScaleSets\",\r\n      \"sku\": {\r\n        \"name\": \"Standard_D11_v2\",\r\n        \"tier\": \"Standard\"\r\n      },\r\n      \"capacity\": {\r\n        \"minimum\": 0,\r\n        \"maximum\": 1000,\r\n        \"defaultCapacity\": 1,\r\n        \"scaleType\": \"Automatic\"\r\n      }\r\n    },\r\n    {\r\n      \"resourceType\": \"Microsoft.Compute/virtualMachineScaleSets\",\r\n      \"sku\": {\r\n        \"name\": \"Standard_D12_v2\",\r\n        \"tier\": \"Standard\"\r\n      },\r\n      \"capacity\": {\r\n        \"minimum\": 0,\r\n        \"maximum\": 1000,\r\n        \"defaultCapacity\": 1,\r\n        \"scaleType\": \"Automatic\"\r\n      }\r\n    },\r\n    {\r\n      \"resourceType\": \"Microsoft.Compute/virtualMachineScaleSets\",\r\n      \"sku\": {\r\n        \"name\": \"Standard_D13_v2\",\r\n        \"tier\": \"Standard\"\r\n      },\r\n      \"capacity\": {\r\n        \"minimum\": 0,\r\n        \"maximum\": 1000,\r\n        \"defaultCapacity\": 1,\r\n        \"scaleType\": \"Automatic\"\r\n      }\r\n    },\r\n    {\r\n      \"resourceType\": \"Microsoft.Compute/virtualMachineScaleSets\",\r\n      \"sku\": {\r\n        \"name\": \"Standard_D14_v2\",\r\n        \"tier\": \"Standard\"\r\n      },\r\n      \"capacity\": {\r\n        \"minimum\": 0,\r\n        \"maximum\": 1000,\r\n        \"defaultCapacity\": 1,\r\n        \"scaleType\": \"Automatic\"\r\n      }\r\n    },\r\n    {\r\n      \"resourceType\": \"Microsoft.Compute/virtualMachineScaleSets\",\r\n      \"sku\": {\r\n        \"name\": \"Standard_D15_v2\",\r\n        \"tier\": \"Standard\"\r\n      },\r\n      \"capacity\": {\r\n        \"minimum\": 0,\r\n        \"maximum\": 1000,\r\n        \"defaultCapacity\": 1,\r\n        \"scaleType\": \"Automatic\"\r\n      }\r\n    },\r\n    {\r\n      \"resourceType\": \"Microsoft.Compute/virtualMachineScaleSets\",\r\n      \"sku\": {\r\n        \"name\": \"Standard_D2_v2_Promo\",\r\n        \"tier\": \"Standard\"\r\n      },\r\n      \"capacity\": {\r\n        \"minimum\": 0,\r\n        \"maximum\": 1000,\r\n        \"defaultCapacity\": 1,\r\n        \"scaleType\": \"Automatic\"\r\n      }\r\n    },\r\n    {\r\n      \"resourceType\": \"Microsoft.Compute/virtualMachineScaleSets\",\r\n      \"sku\": {\r\n        \"name\": \"Standard_D3_v2_Promo\",\r\n        \"tier\": \"Standard\"\r\n      },\r\n      \"capacity\": {\r\n        \"minimum\": 0,\r\n        \"maximum\": 1000,\r\n        \"defaultCapacity\": 1,\r\n        \"scaleType\": \"Automatic\"\r\n      }\r\n    },\r\n    {\r\n      \"resourceType\": \"Microsoft.Compute/virtualMachineScaleSets\",\r\n      \"sku\": {\r\n        \"name\": \"Standard_D4_v2_Promo\",\r\n        \"tier\": \"Standard\"\r\n      },\r\n      \"capacity\": {\r\n        \"minimum\": 0,\r\n        \"maximum\": 1000,\r\n        \"defaultCapacity\": 1,\r\n        \"scaleType\": \"Automatic\"\r\n      }\r\n    },\r\n    {\r\n      \"resourceType\": \"Microsoft.Compute/virtualMachineScaleSets\",\r\n      \"sku\": {\r\n        \"name\": \"Standard_D5_v2_Promo\",\r\n        \"tier\": \"Standard\"\r\n      },\r\n      \"capacity\": {\r\n        \"minimum\": 0,\r\n        \"maximum\": 1000,\r\n        \"defaultCapacity\": 1,\r\n        \"scaleType\": \"Automatic\"\r\n      }\r\n    },\r\n    {\r\n      \"resourceType\": \"Microsoft.Compute/virtualMachineScaleSets\",\r\n      \"sku\": {\r\n        \"name\": \"Standard_D11_v2_Promo\",\r\n        \"tier\": \"Standard\"\r\n      },\r\n      \"capacity\": {\r\n        \"minimum\": 0,\r\n        \"maximum\": 1000,\r\n        \"defaultCapacity\": 1,\r\n        \"scaleType\": \"Automatic\"\r\n      }\r\n    },\r\n    {\r\n      \"resourceType\": \"Microsoft.Compute/virtualMachineScaleSets\",\r\n      \"sku\": {\r\n        \"name\": \"Standard_D12_v2_Promo\",\r\n        \"tier\": \"Standard\"\r\n      },\r\n      \"capacity\": {\r\n        \"minimum\": 0,\r\n        \"maximum\": 1000,\r\n        \"defaultCapacity\": 1,\r\n        \"scaleType\": \"Automatic\"\r\n      }\r\n    },\r\n    {\r\n      \"resourceType\": \"Microsoft.Compute/virtualMachineScaleSets\",\r\n      \"sku\": {\r\n        \"name\": \"Standard_D13_v2_Promo\",\r\n        \"tier\": \"Standard\"\r\n      },\r\n      \"capacity\": {\r\n        \"minimum\": 0,\r\n        \"maximum\": 1000,\r\n        \"defaultCapacity\": 1,\r\n        \"scaleType\": \"Automatic\"\r\n      }\r\n    },\r\n    {\r\n      \"resourceType\": \"Microsoft.Compute/virtualMachineScaleSets\",\r\n      \"sku\": {\r\n        \"name\": \"Standard_D14_v2_Promo\",\r\n        \"tier\": \"Standard\"\r\n      },\r\n      \"capacity\": {\r\n        \"minimum\": 0,\r\n        \"maximum\": 1000,\r\n        \"defaultCapacity\": 1,\r\n        \"scaleType\": \"Automatic\"\r\n      }\r\n    },\r\n    {\r\n      \"resourceType\": \"Microsoft.Compute/virtualMachineScaleSets\",\r\n      \"sku\": {\r\n        \"name\": \"Standard_F1\",\r\n        \"tier\": \"Standard\"\r\n      },\r\n      \"capacity\": {\r\n        \"minimum\": 0,\r\n        \"maximum\": 1000,\r\n        \"defaultCapacity\": 1,\r\n        \"scaleType\": \"Automatic\"\r\n      }\r\n    },\r\n    {\r\n      \"resourceType\": \"Microsoft.Compute/virtualMachineScaleSets\",\r\n      \"sku\": {\r\n        \"name\": \"Standard_F2\",\r\n        \"tier\": \"Standard\"\r\n      },\r\n      \"capacity\": {\r\n        \"minimum\": 0,\r\n        \"maximum\": 1000,\r\n        \"defaultCapacity\": 1,\r\n        \"scaleType\": \"Automatic\"\r\n      }\r\n    },\r\n    {\r\n      \"resourceType\": \"Microsoft.Compute/virtualMachineScaleSets\",\r\n      \"sku\": {\r\n        \"name\": \"Standard_F4\",\r\n        \"tier\": \"Standard\"\r\n      },\r\n      \"capacity\": {\r\n        \"minimum\": 0,\r\n        \"maximum\": 1000,\r\n        \"defaultCapacity\": 1,\r\n        \"scaleType\": \"Automatic\"\r\n      }\r\n    },\r\n    {\r\n      \"resourceType\": \"Microsoft.Compute/virtualMachineScaleSets\",\r\n      \"sku\": {\r\n        \"name\": \"Standard_F8\",\r\n        \"tier\": \"Standard\"\r\n      },\r\n      \"capacity\": {\r\n        \"minimum\": 0,\r\n        \"maximum\": 1000,\r\n        \"defaultCapacity\": 1,\r\n        \"scaleType\": \"Automatic\"\r\n      }\r\n    },\r\n    {\r\n      \"resourceType\": \"Microsoft.Compute/virtualMachineScaleSets\",\r\n      \"sku\": {\r\n        \"name\": \"Standard_F16\",\r\n        \"tier\": \"Standard\"\r\n      },\r\n      \"capacity\": {\r\n        \"minimum\": 0,\r\n        \"maximum\": 1000,\r\n        \"defaultCapacity\": 1,\r\n        \"scaleType\": \"Automatic\"\r\n      }\r\n    },\r\n    {\r\n      \"resourceType\": \"Microsoft.Compute/virtualMachineScaleSets\",\r\n      \"sku\": {\r\n        \"name\": \"Standard_A1_v2\",\r\n        \"tier\": \"Standard\"\r\n      },\r\n      \"capacity\": {\r\n        \"minimum\": 0,\r\n        \"maximum\": 1000,\r\n        \"defaultCapacity\": 1,\r\n        \"scaleType\": \"Automatic\"\r\n      }\r\n    },\r\n    {\r\n      \"resourceType\": \"Microsoft.Compute/virtualMachineScaleSets\",\r\n      \"sku\": {\r\n        \"name\": \"Standard_A2m_v2\",\r\n        \"tier\": \"Standard\"\r\n      },\r\n      \"capacity\": {\r\n        \"minimum\": 0,\r\n        \"maximum\": 1000,\r\n        \"defaultCapacity\": 1,\r\n        \"scaleType\": \"Automatic\"\r\n      }\r\n    },\r\n    {\r\n      \"resourceType\": \"Microsoft.Compute/virtualMachineScaleSets\",\r\n      \"sku\": {\r\n        \"name\": \"Standard_A2_v2\",\r\n        \"tier\": \"Standard\"\r\n      },\r\n      \"capacity\": {\r\n        \"minimum\": 0,\r\n        \"maximum\": 1000,\r\n        \"defaultCapacity\": 1,\r\n        \"scaleType\": \"Automatic\"\r\n      }\r\n    },\r\n    {\r\n      \"resourceType\": \"Microsoft.Compute/virtualMachineScaleSets\",\r\n      \"sku\": {\r\n        \"name\": \"Standard_A4m_v2\",\r\n        \"tier\": \"Standard\"\r\n      },\r\n      \"capacity\": {\r\n        \"minimum\": 0,\r\n        \"maximum\": 1000,\r\n        \"defaultCapacity\": 1,\r\n        \"scaleType\": \"Automatic\"\r\n      }\r\n    },\r\n    {\r\n      \"resourceType\": \"Microsoft.Compute/virtualMachineScaleSets\",\r\n      \"sku\": {\r\n        \"name\": \"Standard_A4_v2\",\r\n        \"tier\": \"Standard\"\r\n      },\r\n      \"capacity\": {\r\n        \"minimum\": 0,\r\n        \"maximum\": 1000,\r\n        \"defaultCapacity\": 1,\r\n        \"scaleType\": \"Automatic\"\r\n      }\r\n    },\r\n    {\r\n      \"resourceType\": \"Microsoft.Compute/virtualMachineScaleSets\",\r\n      \"sku\": {\r\n        \"name\": \"Standard_A8m_v2\",\r\n        \"tier\": \"Standard\"\r\n      },\r\n      \"capacity\": {\r\n        \"minimum\": 0,\r\n        \"maximum\": 1000,\r\n        \"defaultCapacity\": 1,\r\n        \"scaleType\": \"Automatic\"\r\n      }\r\n    },\r\n    {\r\n      \"resourceType\": \"Microsoft.Compute/virtualMachineScaleSets\",\r\n      \"sku\": {\r\n        \"name\": \"Standard_A8_v2\",\r\n        \"tier\": \"Standard\"\r\n      },\r\n      \"capacity\": {\r\n        \"minimum\": 0,\r\n        \"maximum\": 1000,\r\n        \"defaultCapacity\": 1,\r\n        \"scaleType\": \"Automatic\"\r\n      }\r\n    },\r\n    {\r\n      \"resourceType\": \"Microsoft.Compute/virtualMachineScaleSets\",\r\n      \"sku\": {\r\n        \"name\": \"Standard_D2_v3\",\r\n        \"tier\": \"Standard\"\r\n      },\r\n      \"capacity\": {\r\n        \"minimum\": 0,\r\n        \"maximum\": 1000,\r\n        \"defaultCapacity\": 1,\r\n        \"scaleType\": \"Automatic\"\r\n      }\r\n    },\r\n    {\r\n      \"resourceType\": \"Microsoft.Compute/virtualMachineScaleSets\",\r\n      \"sku\": {\r\n        \"name\": \"Standard_D4_v3\",\r\n        \"tier\": \"Standard\"\r\n      },\r\n      \"capacity\": {\r\n        \"minimum\": 0,\r\n        \"maximum\": 1000,\r\n        \"defaultCapacity\": 1,\r\n        \"scaleType\": \"Automatic\"\r\n      }\r\n    },\r\n    {\r\n      \"resourceType\": \"Microsoft.Compute/virtualMachineScaleSets\",\r\n      \"sku\": {\r\n        \"name\": \"Standard_D8_v3\",\r\n        \"tier\": \"Standard\"\r\n      },\r\n      \"capacity\": {\r\n        \"minimum\": 0,\r\n        \"maximum\": 1000,\r\n        \"defaultCapacity\": 1,\r\n        \"scaleType\": \"Automatic\"\r\n      }\r\n    },\r\n    {\r\n      \"resourceType\": \"Microsoft.Compute/virtualMachineScaleSets\",\r\n      \"sku\": {\r\n        \"name\": \"Standard_D16_v3\",\r\n        \"tier\": \"Standard\"\r\n      },\r\n      \"capacity\": {\r\n        \"minimum\": 0,\r\n        \"maximum\": 1000,\r\n        \"defaultCapacity\": 1,\r\n        \"scaleType\": \"Automatic\"\r\n      }\r\n    },\r\n    {\r\n      \"resourceType\": \"Microsoft.Compute/virtualMachineScaleSets\",\r\n      \"sku\": {\r\n        \"name\": \"Standard_D32_v3\",\r\n        \"tier\": \"Standard\"\r\n      },\r\n      \"capacity\": {\r\n        \"minimum\": 0,\r\n        \"maximum\": 1000,\r\n        \"defaultCapacity\": 1,\r\n        \"scaleType\": \"Automatic\"\r\n      }\r\n    }\r\n  ]\r\n}",
      "StatusCode": 200
    },
    {
      "RequestUri": "/subscriptions/e37510d7-33b6-4676-886f-ee75bcc01871/resourceGroups/crptestar391/providers/Microsoft.Compute/virtualMachineScaleSets/vmss9837?api-version=2021-04-01",
      "EncodedRequestUri": "L3N1YnNjcmlwdGlvbnMvZTM3NTEwZDctMzNiNi00Njc2LTg4NmYtZWU3NWJjYzAxODcxL3Jlc291cmNlR3JvdXBzL2NycHRlc3RhcjM5MS9wcm92aWRlcnMvTWljcm9zb2Z0LkNvbXB1dGUvdmlydHVhbE1hY2hpbmVTY2FsZVNldHMvdm1zczk4Mzc/YXBpLXZlcnNpb249MjAyMS0wNC0wMQ==",
      "RequestMethod": "DELETE",
      "RequestBody": "",
      "RequestHeaders": {
        "x-ms-client-request-id": [
          "c9886f84-3979-49de-91fc-d14560435fc4"
        ],
        "Accept-Language": [
          "en-US"
        ],
        "User-Agent": [
          "FxVersion/4.6.29518.01",
          "OSName/Windows",
          "OSVersion/Microsoft.Windows.10.0.19042.",
          "Microsoft.Azure.Management.Compute.ComputeManagementClient/47.0.0"
        ]
      },
      "ResponseHeaders": {
        "Cache-Control": [
          "no-cache"
        ],
        "Pragma": [
          "no-cache"
        ],
        "Location": [
          "https://management.azure.com/subscriptions/e37510d7-33b6-4676-886f-ee75bcc01871/providers/Microsoft.Compute/locations/eastus/operations/a420d913-892d-4f27-81e0-1f5dd9bf3c11?monitor=true&api-version=2021-04-01"
        ],
        "Retry-After": [
          "10"
        ],
        "Azure-AsyncOperation": [
          "https://management.azure.com/subscriptions/e37510d7-33b6-4676-886f-ee75bcc01871/providers/Microsoft.Compute/locations/eastus/operations/a420d913-892d-4f27-81e0-1f5dd9bf3c11?api-version=2021-04-01"
        ],
        "Azure-AsyncNotification": [
          "Enabled"
        ],
        "x-ms-ratelimit-remaining-resource": [
          "Microsoft.Compute/DeleteVMScaleSet3Min;79,Microsoft.Compute/DeleteVMScaleSet30Min;397,Microsoft.Compute/VMScaleSetBatchedVMRequests5Min;1196,Microsoft.Compute/VmssQueuedVMOperations;0"
        ],
        "x-ms-request-charge": [
          "4"
        ],
        "Strict-Transport-Security": [
          "max-age=31536000; includeSubDomains"
        ],
        "x-ms-request-id": [
          "a420d913-892d-4f27-81e0-1f5dd9bf3c11"
        ],
        "Server": [
          "Microsoft-HTTPAPI/2.0",
          "Microsoft-HTTPAPI/2.0"
        ],
        "x-ms-ratelimit-remaining-subscription-deletes": [
          "14998"
        ],
        "x-ms-correlation-request-id": [
          "0239d11c-db8d-4be6-be41-90f6a93af051"
        ],
        "x-ms-routing-request-id": [
          "EASTUS2:20210618T070329Z:0239d11c-db8d-4be6-be41-90f6a93af051"
        ],
        "X-Content-Type-Options": [
          "nosniff"
        ],
        "Date": [
          "Fri, 18 Jun 2021 07:03:29 GMT"
        ],
        "Expires": [
          "-1"
        ],
        "Content-Length": [
          "0"
        ]
      },
      "ResponseBody": "",
      "StatusCode": 202
    },
    {
      "RequestUri": "/subscriptions/e37510d7-33b6-4676-886f-ee75bcc01871/providers/Microsoft.Compute/locations/eastus/operations/a420d913-892d-4f27-81e0-1f5dd9bf3c11?api-version=2021-04-01",
      "EncodedRequestUri": "L3N1YnNjcmlwdGlvbnMvZTM3NTEwZDctMzNiNi00Njc2LTg4NmYtZWU3NWJjYzAxODcxL3Byb3ZpZGVycy9NaWNyb3NvZnQuQ29tcHV0ZS9sb2NhdGlvbnMvZWFzdHVzL29wZXJhdGlvbnMvYTQyMGQ5MTMtODkyZC00ZjI3LTgxZTAtMWY1ZGQ5YmYzYzExP2FwaS12ZXJzaW9uPTIwMjEtMDQtMDE=",
      "RequestMethod": "GET",
      "RequestBody": "",
      "RequestHeaders": {
        "User-Agent": [
          "FxVersion/4.6.29518.01",
          "OSName/Windows",
          "OSVersion/Microsoft.Windows.10.0.19042.",
          "Microsoft.Azure.Management.Compute.ComputeManagementClient/47.0.0"
        ]
      },
      "ResponseHeaders": {
        "Cache-Control": [
          "no-cache"
        ],
        "Pragma": [
          "no-cache"
        ],
        "Retry-After": [
          "11"
        ],
        "x-ms-ratelimit-remaining-resource": [
          "Microsoft.Compute/GetOperation3Min;14994,Microsoft.Compute/GetOperation30Min;29959"
        ],
        "Strict-Transport-Security": [
          "max-age=31536000; includeSubDomains"
        ],
        "x-ms-request-id": [
          "71d24e58-6013-4889-8760-a092467aac03"
        ],
        "Server": [
          "Microsoft-HTTPAPI/2.0",
          "Microsoft-HTTPAPI/2.0"
        ],
        "x-ms-ratelimit-remaining-subscription-reads": [
          "11987"
        ],
        "x-ms-correlation-request-id": [
          "75341b2f-5549-4e11-9252-d848859ef6d8"
        ],
        "x-ms-routing-request-id": [
          "EASTUS2:20210618T070339Z:75341b2f-5549-4e11-9252-d848859ef6d8"
        ],
        "X-Content-Type-Options": [
          "nosniff"
        ],
        "Date": [
          "Fri, 18 Jun 2021 07:03:39 GMT"
        ],
        "Content-Length": [
          "134"
        ],
        "Content-Type": [
          "application/json; charset=utf-8"
        ],
        "Expires": [
          "-1"
        ]
      },
      "ResponseBody": "{\r\n  \"startTime\": \"2021-06-18T07:03:29.5209911+00:00\",\r\n  \"status\": \"InProgress\",\r\n  \"name\": \"a420d913-892d-4f27-81e0-1f5dd9bf3c11\"\r\n}",
      "StatusCode": 200
    },
    {
      "RequestUri": "/subscriptions/e37510d7-33b6-4676-886f-ee75bcc01871/providers/Microsoft.Compute/locations/eastus/operations/a420d913-892d-4f27-81e0-1f5dd9bf3c11?api-version=2021-04-01",
      "EncodedRequestUri": "L3N1YnNjcmlwdGlvbnMvZTM3NTEwZDctMzNiNi00Njc2LTg4NmYtZWU3NWJjYzAxODcxL3Byb3ZpZGVycy9NaWNyb3NvZnQuQ29tcHV0ZS9sb2NhdGlvbnMvZWFzdHVzL29wZXJhdGlvbnMvYTQyMGQ5MTMtODkyZC00ZjI3LTgxZTAtMWY1ZGQ5YmYzYzExP2FwaS12ZXJzaW9uPTIwMjEtMDQtMDE=",
      "RequestMethod": "GET",
      "RequestBody": "",
      "RequestHeaders": {
        "User-Agent": [
          "FxVersion/4.6.29518.01",
          "OSName/Windows",
          "OSVersion/Microsoft.Windows.10.0.19042.",
          "Microsoft.Azure.Management.Compute.ComputeManagementClient/47.0.0"
        ]
      },
      "ResponseHeaders": {
        "Cache-Control": [
          "no-cache"
        ],
        "Pragma": [
          "no-cache"
        ],
        "x-ms-ratelimit-remaining-resource": [
          "Microsoft.Compute/GetOperation3Min;14993,Microsoft.Compute/GetOperation30Min;29958"
        ],
        "Strict-Transport-Security": [
          "max-age=31536000; includeSubDomains"
        ],
        "x-ms-request-id": [
          "6651992b-52f2-4365-b5b6-199ecc5fb274"
        ],
        "Server": [
          "Microsoft-HTTPAPI/2.0",
          "Microsoft-HTTPAPI/2.0"
        ],
        "x-ms-ratelimit-remaining-subscription-reads": [
          "11986"
        ],
        "x-ms-correlation-request-id": [
          "19fc4989-cdfd-4bf5-9cbb-b04f7955e22d"
        ],
        "x-ms-routing-request-id": [
          "EASTUS2:20210618T070350Z:19fc4989-cdfd-4bf5-9cbb-b04f7955e22d"
        ],
        "X-Content-Type-Options": [
          "nosniff"
        ],
        "Date": [
          "Fri, 18 Jun 2021 07:03:50 GMT"
        ],
        "Content-Length": [
          "134"
        ],
        "Content-Type": [
          "application/json; charset=utf-8"
        ],
        "Expires": [
          "-1"
        ]
      },
      "ResponseBody": "{\r\n  \"startTime\": \"2021-06-18T07:03:29.5209911+00:00\",\r\n  \"status\": \"InProgress\",\r\n  \"name\": \"a420d913-892d-4f27-81e0-1f5dd9bf3c11\"\r\n}",
      "StatusCode": 200
    },
    {
      "RequestUri": "/subscriptions/e37510d7-33b6-4676-886f-ee75bcc01871/providers/Microsoft.Compute/locations/eastus/operations/a420d913-892d-4f27-81e0-1f5dd9bf3c11?api-version=2021-04-01",
      "EncodedRequestUri": "L3N1YnNjcmlwdGlvbnMvZTM3NTEwZDctMzNiNi00Njc2LTg4NmYtZWU3NWJjYzAxODcxL3Byb3ZpZGVycy9NaWNyb3NvZnQuQ29tcHV0ZS9sb2NhdGlvbnMvZWFzdHVzL29wZXJhdGlvbnMvYTQyMGQ5MTMtODkyZC00ZjI3LTgxZTAtMWY1ZGQ5YmYzYzExP2FwaS12ZXJzaW9uPTIwMjEtMDQtMDE=",
      "RequestMethod": "GET",
      "RequestBody": "",
      "RequestHeaders": {
        "User-Agent": [
          "FxVersion/4.6.29518.01",
          "OSName/Windows",
          "OSVersion/Microsoft.Windows.10.0.19042.",
          "Microsoft.Azure.Management.Compute.ComputeManagementClient/47.0.0"
        ]
      },
      "ResponseHeaders": {
        "Cache-Control": [
          "no-cache"
        ],
        "Pragma": [
          "no-cache"
        ],
        "x-ms-ratelimit-remaining-resource": [
          "Microsoft.Compute/GetOperation3Min;14993,Microsoft.Compute/GetOperation30Min;29957"
        ],
        "Strict-Transport-Security": [
          "max-age=31536000; includeSubDomains"
        ],
        "x-ms-request-id": [
          "0a54a21b-a8ce-4cc7-889a-d626571e1bb3"
        ],
        "Server": [
          "Microsoft-HTTPAPI/2.0",
          "Microsoft-HTTPAPI/2.0"
        ],
        "x-ms-ratelimit-remaining-subscription-reads": [
          "11985"
        ],
        "x-ms-correlation-request-id": [
          "ccf8cfb8-64f2-4cc7-972c-6c4ad0e5d5f0"
        ],
        "x-ms-routing-request-id": [
          "EASTUS2:20210618T070401Z:ccf8cfb8-64f2-4cc7-972c-6c4ad0e5d5f0"
        ],
        "X-Content-Type-Options": [
          "nosniff"
        ],
        "Date": [
          "Fri, 18 Jun 2021 07:04:00 GMT"
        ],
        "Content-Length": [
          "134"
        ],
        "Content-Type": [
          "application/json; charset=utf-8"
        ],
        "Expires": [
          "-1"
        ]
      },
      "ResponseBody": "{\r\n  \"startTime\": \"2021-06-18T07:03:29.5209911+00:00\",\r\n  \"status\": \"InProgress\",\r\n  \"name\": \"a420d913-892d-4f27-81e0-1f5dd9bf3c11\"\r\n}",
      "StatusCode": 200
    },
    {
      "RequestUri": "/subscriptions/e37510d7-33b6-4676-886f-ee75bcc01871/providers/Microsoft.Compute/locations/eastus/operations/a420d913-892d-4f27-81e0-1f5dd9bf3c11?api-version=2021-04-01",
      "EncodedRequestUri": "L3N1YnNjcmlwdGlvbnMvZTM3NTEwZDctMzNiNi00Njc2LTg4NmYtZWU3NWJjYzAxODcxL3Byb3ZpZGVycy9NaWNyb3NvZnQuQ29tcHV0ZS9sb2NhdGlvbnMvZWFzdHVzL29wZXJhdGlvbnMvYTQyMGQ5MTMtODkyZC00ZjI3LTgxZTAtMWY1ZGQ5YmYzYzExP2FwaS12ZXJzaW9uPTIwMjEtMDQtMDE=",
      "RequestMethod": "GET",
      "RequestBody": "",
      "RequestHeaders": {
        "User-Agent": [
          "FxVersion/4.6.29518.01",
          "OSName/Windows",
          "OSVersion/Microsoft.Windows.10.0.19042.",
          "Microsoft.Azure.Management.Compute.ComputeManagementClient/47.0.0"
        ]
      },
      "ResponseHeaders": {
        "Cache-Control": [
          "no-cache"
        ],
        "Pragma": [
          "no-cache"
        ],
        "x-ms-ratelimit-remaining-resource": [
          "Microsoft.Compute/GetOperation3Min;14992,Microsoft.Compute/GetOperation30Min;29956"
        ],
        "Strict-Transport-Security": [
          "max-age=31536000; includeSubDomains"
        ],
        "x-ms-request-id": [
          "17f086a4-7e4e-445f-a48a-b48226839c88"
        ],
        "Server": [
          "Microsoft-HTTPAPI/2.0",
          "Microsoft-HTTPAPI/2.0"
        ],
        "x-ms-ratelimit-remaining-subscription-reads": [
          "11984"
        ],
        "x-ms-correlation-request-id": [
          "87f416d4-9821-4028-b88e-150889f7e727"
        ],
        "x-ms-routing-request-id": [
          "EASTUS2:20210618T070412Z:87f416d4-9821-4028-b88e-150889f7e727"
        ],
        "X-Content-Type-Options": [
          "nosniff"
        ],
        "Date": [
          "Fri, 18 Jun 2021 07:04:11 GMT"
        ],
        "Content-Length": [
          "134"
        ],
        "Content-Type": [
          "application/json; charset=utf-8"
        ],
        "Expires": [
          "-1"
        ]
      },
      "ResponseBody": "{\r\n  \"startTime\": \"2021-06-18T07:03:29.5209911+00:00\",\r\n  \"status\": \"InProgress\",\r\n  \"name\": \"a420d913-892d-4f27-81e0-1f5dd9bf3c11\"\r\n}",
      "StatusCode": 200
    },
    {
      "RequestUri": "/subscriptions/e37510d7-33b6-4676-886f-ee75bcc01871/providers/Microsoft.Compute/locations/eastus/operations/a420d913-892d-4f27-81e0-1f5dd9bf3c11?api-version=2021-04-01",
      "EncodedRequestUri": "L3N1YnNjcmlwdGlvbnMvZTM3NTEwZDctMzNiNi00Njc2LTg4NmYtZWU3NWJjYzAxODcxL3Byb3ZpZGVycy9NaWNyb3NvZnQuQ29tcHV0ZS9sb2NhdGlvbnMvZWFzdHVzL29wZXJhdGlvbnMvYTQyMGQ5MTMtODkyZC00ZjI3LTgxZTAtMWY1ZGQ5YmYzYzExP2FwaS12ZXJzaW9uPTIwMjEtMDQtMDE=",
      "RequestMethod": "GET",
      "RequestBody": "",
      "RequestHeaders": {
        "User-Agent": [
          "FxVersion/4.6.29518.01",
          "OSName/Windows",
          "OSVersion/Microsoft.Windows.10.0.19042.",
          "Microsoft.Azure.Management.Compute.ComputeManagementClient/47.0.0"
        ]
      },
      "ResponseHeaders": {
        "Cache-Control": [
          "no-cache"
        ],
        "Pragma": [
          "no-cache"
        ],
        "x-ms-ratelimit-remaining-resource": [
          "Microsoft.Compute/GetOperation3Min;14991,Microsoft.Compute/GetOperation30Min;29955"
        ],
        "Strict-Transport-Security": [
          "max-age=31536000; includeSubDomains"
        ],
        "x-ms-request-id": [
          "f5874009-8ed7-4c64-b00b-77c0d0f2d46a"
        ],
        "Server": [
          "Microsoft-HTTPAPI/2.0",
          "Microsoft-HTTPAPI/2.0"
        ],
        "x-ms-ratelimit-remaining-subscription-reads": [
          "11983"
        ],
        "x-ms-correlation-request-id": [
          "779a0647-6320-469d-a328-a04dc6766de0"
        ],
        "x-ms-routing-request-id": [
          "EASTUS2:20210618T070423Z:779a0647-6320-469d-a328-a04dc6766de0"
        ],
        "X-Content-Type-Options": [
          "nosniff"
        ],
        "Date": [
          "Fri, 18 Jun 2021 07:04:22 GMT"
        ],
        "Content-Length": [
          "134"
        ],
        "Content-Type": [
          "application/json; charset=utf-8"
        ],
        "Expires": [
          "-1"
        ]
      },
      "ResponseBody": "{\r\n  \"startTime\": \"2021-06-18T07:03:29.5209911+00:00\",\r\n  \"status\": \"InProgress\",\r\n  \"name\": \"a420d913-892d-4f27-81e0-1f5dd9bf3c11\"\r\n}",
      "StatusCode": 200
    },
    {
      "RequestUri": "/subscriptions/e37510d7-33b6-4676-886f-ee75bcc01871/providers/Microsoft.Compute/locations/eastus/operations/a420d913-892d-4f27-81e0-1f5dd9bf3c11?api-version=2021-04-01",
      "EncodedRequestUri": "L3N1YnNjcmlwdGlvbnMvZTM3NTEwZDctMzNiNi00Njc2LTg4NmYtZWU3NWJjYzAxODcxL3Byb3ZpZGVycy9NaWNyb3NvZnQuQ29tcHV0ZS9sb2NhdGlvbnMvZWFzdHVzL29wZXJhdGlvbnMvYTQyMGQ5MTMtODkyZC00ZjI3LTgxZTAtMWY1ZGQ5YmYzYzExP2FwaS12ZXJzaW9uPTIwMjEtMDQtMDE=",
      "RequestMethod": "GET",
      "RequestBody": "",
      "RequestHeaders": {
        "User-Agent": [
          "FxVersion/4.6.29518.01",
          "OSName/Windows",
          "OSVersion/Microsoft.Windows.10.0.19042.",
          "Microsoft.Azure.Management.Compute.ComputeManagementClient/47.0.0"
        ]
      },
      "ResponseHeaders": {
        "Cache-Control": [
          "no-cache"
        ],
        "Pragma": [
          "no-cache"
        ],
        "x-ms-ratelimit-remaining-resource": [
          "Microsoft.Compute/GetOperation3Min;14991,Microsoft.Compute/GetOperation30Min;29954"
        ],
        "Strict-Transport-Security": [
          "max-age=31536000; includeSubDomains"
        ],
        "x-ms-request-id": [
          "e98800e9-13c4-413e-b392-85d35520a611"
        ],
        "Server": [
          "Microsoft-HTTPAPI/2.0",
          "Microsoft-HTTPAPI/2.0"
        ],
        "x-ms-ratelimit-remaining-subscription-reads": [
          "11982"
        ],
        "x-ms-correlation-request-id": [
          "6e8d923e-a486-440c-b1ec-ba6bcb8c277c"
        ],
        "x-ms-routing-request-id": [
          "EASTUS2:20210618T070434Z:6e8d923e-a486-440c-b1ec-ba6bcb8c277c"
        ],
        "X-Content-Type-Options": [
          "nosniff"
        ],
        "Date": [
          "Fri, 18 Jun 2021 07:04:34 GMT"
        ],
        "Content-Length": [
          "134"
        ],
        "Content-Type": [
          "application/json; charset=utf-8"
        ],
        "Expires": [
          "-1"
        ]
      },
      "ResponseBody": "{\r\n  \"startTime\": \"2021-06-18T07:03:29.5209911+00:00\",\r\n  \"status\": \"InProgress\",\r\n  \"name\": \"a420d913-892d-4f27-81e0-1f5dd9bf3c11\"\r\n}",
      "StatusCode": 200
    },
    {
      "RequestUri": "/subscriptions/e37510d7-33b6-4676-886f-ee75bcc01871/providers/Microsoft.Compute/locations/eastus/operations/a420d913-892d-4f27-81e0-1f5dd9bf3c11?api-version=2021-04-01",
      "EncodedRequestUri": "L3N1YnNjcmlwdGlvbnMvZTM3NTEwZDctMzNiNi00Njc2LTg4NmYtZWU3NWJjYzAxODcxL3Byb3ZpZGVycy9NaWNyb3NvZnQuQ29tcHV0ZS9sb2NhdGlvbnMvZWFzdHVzL29wZXJhdGlvbnMvYTQyMGQ5MTMtODkyZC00ZjI3LTgxZTAtMWY1ZGQ5YmYzYzExP2FwaS12ZXJzaW9uPTIwMjEtMDQtMDE=",
      "RequestMethod": "GET",
      "RequestBody": "",
      "RequestHeaders": {
        "User-Agent": [
          "FxVersion/4.6.29518.01",
          "OSName/Windows",
          "OSVersion/Microsoft.Windows.10.0.19042.",
          "Microsoft.Azure.Management.Compute.ComputeManagementClient/47.0.0"
        ]
      },
      "ResponseHeaders": {
        "Cache-Control": [
          "no-cache"
        ],
        "Pragma": [
          "no-cache"
        ],
        "x-ms-ratelimit-remaining-resource": [
          "Microsoft.Compute/GetOperation3Min;14990,Microsoft.Compute/GetOperation30Min;29953"
        ],
        "Strict-Transport-Security": [
          "max-age=31536000; includeSubDomains"
        ],
        "x-ms-request-id": [
          "29bf3048-6d72-4ae8-9b06-4c69d8c02303"
        ],
        "Server": [
          "Microsoft-HTTPAPI/2.0",
          "Microsoft-HTTPAPI/2.0"
        ],
        "x-ms-ratelimit-remaining-subscription-reads": [
          "11981"
        ],
        "x-ms-correlation-request-id": [
          "562be3c7-2bf7-436f-94ca-fa0a4b5dc315"
        ],
        "x-ms-routing-request-id": [
          "EASTUS2:20210618T070445Z:562be3c7-2bf7-436f-94ca-fa0a4b5dc315"
        ],
        "X-Content-Type-Options": [
          "nosniff"
        ],
        "Date": [
          "Fri, 18 Jun 2021 07:04:45 GMT"
        ],
        "Content-Length": [
          "134"
        ],
        "Content-Type": [
          "application/json; charset=utf-8"
        ],
        "Expires": [
          "-1"
        ]
      },
      "ResponseBody": "{\r\n  \"startTime\": \"2021-06-18T07:03:29.5209911+00:00\",\r\n  \"status\": \"InProgress\",\r\n  \"name\": \"a420d913-892d-4f27-81e0-1f5dd9bf3c11\"\r\n}",
      "StatusCode": 200
    },
    {
      "RequestUri": "/subscriptions/e37510d7-33b6-4676-886f-ee75bcc01871/providers/Microsoft.Compute/locations/eastus/operations/a420d913-892d-4f27-81e0-1f5dd9bf3c11?api-version=2021-04-01",
      "EncodedRequestUri": "L3N1YnNjcmlwdGlvbnMvZTM3NTEwZDctMzNiNi00Njc2LTg4NmYtZWU3NWJjYzAxODcxL3Byb3ZpZGVycy9NaWNyb3NvZnQuQ29tcHV0ZS9sb2NhdGlvbnMvZWFzdHVzL29wZXJhdGlvbnMvYTQyMGQ5MTMtODkyZC00ZjI3LTgxZTAtMWY1ZGQ5YmYzYzExP2FwaS12ZXJzaW9uPTIwMjEtMDQtMDE=",
      "RequestMethod": "GET",
      "RequestBody": "",
      "RequestHeaders": {
        "User-Agent": [
          "FxVersion/4.6.29518.01",
          "OSName/Windows",
          "OSVersion/Microsoft.Windows.10.0.19042.",
          "Microsoft.Azure.Management.Compute.ComputeManagementClient/47.0.0"
        ]
      },
      "ResponseHeaders": {
        "Cache-Control": [
          "no-cache"
        ],
        "Pragma": [
          "no-cache"
        ],
        "x-ms-ratelimit-remaining-resource": [
          "Microsoft.Compute/GetOperation3Min;14989,Microsoft.Compute/GetOperation30Min;29952"
        ],
        "Strict-Transport-Security": [
          "max-age=31536000; includeSubDomains"
        ],
        "x-ms-request-id": [
          "3433a127-08d7-46d3-9bd0-5ecf7e7ff48c"
        ],
        "Server": [
          "Microsoft-HTTPAPI/2.0",
          "Microsoft-HTTPAPI/2.0"
        ],
        "x-ms-ratelimit-remaining-subscription-reads": [
          "11980"
        ],
        "x-ms-correlation-request-id": [
          "cb11d01f-f10c-445c-b12c-98a1798f2fe6"
        ],
        "x-ms-routing-request-id": [
          "EASTUS2:20210618T070456Z:cb11d01f-f10c-445c-b12c-98a1798f2fe6"
        ],
        "X-Content-Type-Options": [
          "nosniff"
        ],
        "Date": [
          "Fri, 18 Jun 2021 07:04:56 GMT"
        ],
        "Content-Length": [
          "134"
        ],
        "Content-Type": [
          "application/json; charset=utf-8"
        ],
        "Expires": [
          "-1"
        ]
      },
      "ResponseBody": "{\r\n  \"startTime\": \"2021-06-18T07:03:29.5209911+00:00\",\r\n  \"status\": \"InProgress\",\r\n  \"name\": \"a420d913-892d-4f27-81e0-1f5dd9bf3c11\"\r\n}",
      "StatusCode": 200
    },
    {
      "RequestUri": "/subscriptions/e37510d7-33b6-4676-886f-ee75bcc01871/providers/Microsoft.Compute/locations/eastus/operations/a420d913-892d-4f27-81e0-1f5dd9bf3c11?api-version=2021-04-01",
      "EncodedRequestUri": "L3N1YnNjcmlwdGlvbnMvZTM3NTEwZDctMzNiNi00Njc2LTg4NmYtZWU3NWJjYzAxODcxL3Byb3ZpZGVycy9NaWNyb3NvZnQuQ29tcHV0ZS9sb2NhdGlvbnMvZWFzdHVzL29wZXJhdGlvbnMvYTQyMGQ5MTMtODkyZC00ZjI3LTgxZTAtMWY1ZGQ5YmYzYzExP2FwaS12ZXJzaW9uPTIwMjEtMDQtMDE=",
      "RequestMethod": "GET",
      "RequestBody": "",
      "RequestHeaders": {
        "User-Agent": [
          "FxVersion/4.6.29518.01",
          "OSName/Windows",
          "OSVersion/Microsoft.Windows.10.0.19042.",
          "Microsoft.Azure.Management.Compute.ComputeManagementClient/47.0.0"
        ]
      },
      "ResponseHeaders": {
        "Cache-Control": [
          "no-cache"
        ],
        "Pragma": [
          "no-cache"
        ],
        "x-ms-ratelimit-remaining-resource": [
          "Microsoft.Compute/GetOperation3Min;14988,Microsoft.Compute/GetOperation30Min;29962"
        ],
        "Strict-Transport-Security": [
          "max-age=31536000; includeSubDomains"
        ],
        "x-ms-request-id": [
          "38ab3fec-4263-4c45-b188-c892b5bb7712"
        ],
        "Server": [
          "Microsoft-HTTPAPI/2.0",
          "Microsoft-HTTPAPI/2.0"
        ],
        "x-ms-ratelimit-remaining-subscription-reads": [
          "11979"
        ],
        "x-ms-correlation-request-id": [
          "4eb70a5b-f809-4398-90da-8bc0f724fbc4"
        ],
        "x-ms-routing-request-id": [
          "EASTUS2:20210618T070507Z:4eb70a5b-f809-4398-90da-8bc0f724fbc4"
        ],
        "X-Content-Type-Options": [
          "nosniff"
        ],
        "Date": [
          "Fri, 18 Jun 2021 07:05:07 GMT"
        ],
        "Content-Length": [
          "134"
        ],
        "Content-Type": [
          "application/json; charset=utf-8"
        ],
        "Expires": [
          "-1"
        ]
      },
      "ResponseBody": "{\r\n  \"startTime\": \"2021-06-18T07:03:29.5209911+00:00\",\r\n  \"status\": \"InProgress\",\r\n  \"name\": \"a420d913-892d-4f27-81e0-1f5dd9bf3c11\"\r\n}",
      "StatusCode": 200
    },
    {
      "RequestUri": "/subscriptions/e37510d7-33b6-4676-886f-ee75bcc01871/providers/Microsoft.Compute/locations/eastus/operations/a420d913-892d-4f27-81e0-1f5dd9bf3c11?api-version=2021-04-01",
      "EncodedRequestUri": "L3N1YnNjcmlwdGlvbnMvZTM3NTEwZDctMzNiNi00Njc2LTg4NmYtZWU3NWJjYzAxODcxL3Byb3ZpZGVycy9NaWNyb3NvZnQuQ29tcHV0ZS9sb2NhdGlvbnMvZWFzdHVzL29wZXJhdGlvbnMvYTQyMGQ5MTMtODkyZC00ZjI3LTgxZTAtMWY1ZGQ5YmYzYzExP2FwaS12ZXJzaW9uPTIwMjEtMDQtMDE=",
      "RequestMethod": "GET",
      "RequestBody": "",
      "RequestHeaders": {
        "User-Agent": [
          "FxVersion/4.6.29518.01",
          "OSName/Windows",
          "OSVersion/Microsoft.Windows.10.0.19042.",
          "Microsoft.Azure.Management.Compute.ComputeManagementClient/47.0.0"
        ]
      },
      "ResponseHeaders": {
        "Cache-Control": [
          "no-cache"
        ],
        "Pragma": [
          "no-cache"
        ],
        "x-ms-ratelimit-remaining-resource": [
          "Microsoft.Compute/GetOperation3Min;14987,Microsoft.Compute/GetOperation30Min;29961"
        ],
        "Strict-Transport-Security": [
          "max-age=31536000; includeSubDomains"
        ],
        "x-ms-request-id": [
          "5c321a6b-15f3-4294-a6ed-9f817fd44b9d"
        ],
        "Server": [
          "Microsoft-HTTPAPI/2.0",
          "Microsoft-HTTPAPI/2.0"
        ],
        "x-ms-ratelimit-remaining-subscription-reads": [
          "11978"
        ],
        "x-ms-correlation-request-id": [
          "2301ae31-4d9f-4ebb-ab2b-998faa0a6fe2"
        ],
        "x-ms-routing-request-id": [
          "EASTUS2:20210618T070518Z:2301ae31-4d9f-4ebb-ab2b-998faa0a6fe2"
        ],
        "X-Content-Type-Options": [
          "nosniff"
        ],
        "Date": [
          "Fri, 18 Jun 2021 07:05:18 GMT"
        ],
        "Content-Length": [
          "134"
        ],
        "Content-Type": [
          "application/json; charset=utf-8"
        ],
        "Expires": [
          "-1"
        ]
      },
      "ResponseBody": "{\r\n  \"startTime\": \"2021-06-18T07:03:29.5209911+00:00\",\r\n  \"status\": \"InProgress\",\r\n  \"name\": \"a420d913-892d-4f27-81e0-1f5dd9bf3c11\"\r\n}",
      "StatusCode": 200
    },
    {
      "RequestUri": "/subscriptions/e37510d7-33b6-4676-886f-ee75bcc01871/providers/Microsoft.Compute/locations/eastus/operations/a420d913-892d-4f27-81e0-1f5dd9bf3c11?api-version=2021-04-01",
      "EncodedRequestUri": "L3N1YnNjcmlwdGlvbnMvZTM3NTEwZDctMzNiNi00Njc2LTg4NmYtZWU3NWJjYzAxODcxL3Byb3ZpZGVycy9NaWNyb3NvZnQuQ29tcHV0ZS9sb2NhdGlvbnMvZWFzdHVzL29wZXJhdGlvbnMvYTQyMGQ5MTMtODkyZC00ZjI3LTgxZTAtMWY1ZGQ5YmYzYzExP2FwaS12ZXJzaW9uPTIwMjEtMDQtMDE=",
      "RequestMethod": "GET",
      "RequestBody": "",
      "RequestHeaders": {
        "User-Agent": [
          "FxVersion/4.6.29518.01",
          "OSName/Windows",
          "OSVersion/Microsoft.Windows.10.0.19042.",
          "Microsoft.Azure.Management.Compute.ComputeManagementClient/47.0.0"
        ]
      },
      "ResponseHeaders": {
        "Cache-Control": [
          "no-cache"
        ],
        "Pragma": [
          "no-cache"
        ],
        "x-ms-ratelimit-remaining-resource": [
          "Microsoft.Compute/GetOperation3Min;14985,Microsoft.Compute/GetOperation30Min;29959"
        ],
        "Strict-Transport-Security": [
          "max-age=31536000; includeSubDomains"
        ],
        "x-ms-request-id": [
          "e11adb77-a814-47c6-b733-d11f7d367cd3"
        ],
        "Server": [
          "Microsoft-HTTPAPI/2.0",
          "Microsoft-HTTPAPI/2.0"
        ],
        "x-ms-ratelimit-remaining-subscription-reads": [
          "11977"
        ],
        "x-ms-correlation-request-id": [
          "83c77427-7a67-465a-b27b-8b644023fe4c"
        ],
        "x-ms-routing-request-id": [
          "EASTUS2:20210618T070529Z:83c77427-7a67-465a-b27b-8b644023fe4c"
        ],
        "X-Content-Type-Options": [
          "nosniff"
        ],
        "Date": [
          "Fri, 18 Jun 2021 07:05:29 GMT"
        ],
        "Content-Length": [
          "134"
        ],
        "Content-Type": [
          "application/json; charset=utf-8"
        ],
        "Expires": [
          "-1"
        ]
      },
      "ResponseBody": "{\r\n  \"startTime\": \"2021-06-18T07:03:29.5209911+00:00\",\r\n  \"status\": \"InProgress\",\r\n  \"name\": \"a420d913-892d-4f27-81e0-1f5dd9bf3c11\"\r\n}",
      "StatusCode": 200
    },
    {
      "RequestUri": "/subscriptions/e37510d7-33b6-4676-886f-ee75bcc01871/providers/Microsoft.Compute/locations/eastus/operations/a420d913-892d-4f27-81e0-1f5dd9bf3c11?api-version=2021-04-01",
      "EncodedRequestUri": "L3N1YnNjcmlwdGlvbnMvZTM3NTEwZDctMzNiNi00Njc2LTg4NmYtZWU3NWJjYzAxODcxL3Byb3ZpZGVycy9NaWNyb3NvZnQuQ29tcHV0ZS9sb2NhdGlvbnMvZWFzdHVzL29wZXJhdGlvbnMvYTQyMGQ5MTMtODkyZC00ZjI3LTgxZTAtMWY1ZGQ5YmYzYzExP2FwaS12ZXJzaW9uPTIwMjEtMDQtMDE=",
      "RequestMethod": "GET",
      "RequestBody": "",
      "RequestHeaders": {
        "User-Agent": [
          "FxVersion/4.6.29518.01",
          "OSName/Windows",
          "OSVersion/Microsoft.Windows.10.0.19042.",
          "Microsoft.Azure.Management.Compute.ComputeManagementClient/47.0.0"
        ]
      },
      "ResponseHeaders": {
        "Cache-Control": [
          "no-cache"
        ],
        "Pragma": [
          "no-cache"
        ],
        "x-ms-ratelimit-remaining-resource": [
          "Microsoft.Compute/GetOperation3Min;14984,Microsoft.Compute/GetOperation30Min;29958"
        ],
        "Strict-Transport-Security": [
          "max-age=31536000; includeSubDomains"
        ],
        "x-ms-request-id": [
          "004b217d-ac34-4afc-80c3-4edbb0b5d8c5"
        ],
        "Server": [
          "Microsoft-HTTPAPI/2.0",
          "Microsoft-HTTPAPI/2.0"
        ],
        "x-ms-ratelimit-remaining-subscription-reads": [
          "11976"
        ],
        "x-ms-correlation-request-id": [
          "f7f568bd-c4a0-41e4-9f2f-eb63a81b58b6"
        ],
        "x-ms-routing-request-id": [
          "EASTUS2:20210618T070540Z:f7f568bd-c4a0-41e4-9f2f-eb63a81b58b6"
        ],
        "X-Content-Type-Options": [
          "nosniff"
        ],
        "Date": [
          "Fri, 18 Jun 2021 07:05:40 GMT"
        ],
        "Content-Length": [
          "134"
        ],
        "Content-Type": [
          "application/json; charset=utf-8"
        ],
        "Expires": [
          "-1"
        ]
      },
      "ResponseBody": "{\r\n  \"startTime\": \"2021-06-18T07:03:29.5209911+00:00\",\r\n  \"status\": \"InProgress\",\r\n  \"name\": \"a420d913-892d-4f27-81e0-1f5dd9bf3c11\"\r\n}",
      "StatusCode": 200
    },
    {
      "RequestUri": "/subscriptions/e37510d7-33b6-4676-886f-ee75bcc01871/providers/Microsoft.Compute/locations/eastus/operations/a420d913-892d-4f27-81e0-1f5dd9bf3c11?api-version=2021-04-01",
      "EncodedRequestUri": "L3N1YnNjcmlwdGlvbnMvZTM3NTEwZDctMzNiNi00Njc2LTg4NmYtZWU3NWJjYzAxODcxL3Byb3ZpZGVycy9NaWNyb3NvZnQuQ29tcHV0ZS9sb2NhdGlvbnMvZWFzdHVzL29wZXJhdGlvbnMvYTQyMGQ5MTMtODkyZC00ZjI3LTgxZTAtMWY1ZGQ5YmYzYzExP2FwaS12ZXJzaW9uPTIwMjEtMDQtMDE=",
      "RequestMethod": "GET",
      "RequestBody": "",
      "RequestHeaders": {
        "User-Agent": [
          "FxVersion/4.6.29518.01",
          "OSName/Windows",
          "OSVersion/Microsoft.Windows.10.0.19042.",
          "Microsoft.Azure.Management.Compute.ComputeManagementClient/47.0.0"
        ]
      },
      "ResponseHeaders": {
        "Cache-Control": [
          "no-cache"
        ],
        "Pragma": [
          "no-cache"
        ],
        "x-ms-ratelimit-remaining-resource": [
          "Microsoft.Compute/GetOperation3Min;14982,Microsoft.Compute/GetOperation30Min;29956"
        ],
        "Strict-Transport-Security": [
          "max-age=31536000; includeSubDomains"
        ],
        "x-ms-request-id": [
          "cf109d2a-46a9-4109-8234-19575bf96366"
        ],
        "Server": [
          "Microsoft-HTTPAPI/2.0",
          "Microsoft-HTTPAPI/2.0"
        ],
        "x-ms-ratelimit-remaining-subscription-reads": [
          "11975"
        ],
        "x-ms-correlation-request-id": [
          "2fff746f-7c99-4322-8d38-1d95f0819f81"
        ],
        "x-ms-routing-request-id": [
          "EASTUS2:20210618T070551Z:2fff746f-7c99-4322-8d38-1d95f0819f81"
        ],
        "X-Content-Type-Options": [
          "nosniff"
        ],
        "Date": [
          "Fri, 18 Jun 2021 07:05:51 GMT"
        ],
        "Content-Length": [
          "184"
        ],
        "Content-Type": [
          "application/json; charset=utf-8"
        ],
        "Expires": [
          "-1"
        ]
      },
      "ResponseBody": "{\r\n  \"startTime\": \"2021-06-18T07:03:29.5209911+00:00\",\r\n  \"endTime\": \"2021-06-18T07:05:45.1931649+00:00\",\r\n  \"status\": \"Succeeded\",\r\n  \"name\": \"a420d913-892d-4f27-81e0-1f5dd9bf3c11\"\r\n}",
      "StatusCode": 200
    },
    {
      "RequestUri": "/subscriptions/e37510d7-33b6-4676-886f-ee75bcc01871/providers/Microsoft.Compute/locations/eastus/operations/a420d913-892d-4f27-81e0-1f5dd9bf3c11?monitor=true&api-version=2021-04-01",
      "EncodedRequestUri": "L3N1YnNjcmlwdGlvbnMvZTM3NTEwZDctMzNiNi00Njc2LTg4NmYtZWU3NWJjYzAxODcxL3Byb3ZpZGVycy9NaWNyb3NvZnQuQ29tcHV0ZS9sb2NhdGlvbnMvZWFzdHVzL29wZXJhdGlvbnMvYTQyMGQ5MTMtODkyZC00ZjI3LTgxZTAtMWY1ZGQ5YmYzYzExP21vbml0b3I9dHJ1ZSZhcGktdmVyc2lvbj0yMDIxLTA0LTAx",
      "RequestMethod": "GET",
      "RequestBody": "",
      "RequestHeaders": {
        "User-Agent": [
          "FxVersion/4.6.29518.01",
          "OSName/Windows",
          "OSVersion/Microsoft.Windows.10.0.19042.",
          "Microsoft.Azure.Management.Compute.ComputeManagementClient/47.0.0"
        ]
      },
      "ResponseHeaders": {
        "Cache-Control": [
          "no-cache"
        ],
        "Pragma": [
          "no-cache"
        ],
        "x-ms-ratelimit-remaining-resource": [
          "Microsoft.Compute/GetOperation3Min;14981,Microsoft.Compute/GetOperation30Min;29955"
        ],
        "Strict-Transport-Security": [
          "max-age=31536000; includeSubDomains"
        ],
        "x-ms-request-id": [
          "40b6e16e-f1ef-4d79-893f-72f1000ce024"
        ],
        "Server": [
          "Microsoft-HTTPAPI/2.0",
          "Microsoft-HTTPAPI/2.0"
        ],
        "x-ms-ratelimit-remaining-subscription-reads": [
          "11974"
        ],
        "x-ms-correlation-request-id": [
          "f05b38e8-0fce-4ac1-8c74-6e404ab50354"
        ],
        "x-ms-routing-request-id": [
          "EASTUS2:20210618T070552Z:f05b38e8-0fce-4ac1-8c74-6e404ab50354"
        ],
        "X-Content-Type-Options": [
          "nosniff"
        ],
        "Date": [
          "Fri, 18 Jun 2021 07:05:51 GMT"
        ],
        "Expires": [
          "-1"
        ],
        "Content-Length": [
          "0"
        ]
      },
      "ResponseBody": "",
      "StatusCode": 200
    },
    {
      "RequestUri": "/subscriptions/e37510d7-33b6-4676-886f-ee75bcc01871/resourcegroups/crptestar391?api-version=2017-05-10",
      "EncodedRequestUri": "L3N1YnNjcmlwdGlvbnMvZTM3NTEwZDctMzNiNi00Njc2LTg4NmYtZWU3NWJjYzAxODcxL3Jlc291cmNlZ3JvdXBzL2NycHRlc3RhcjM5MT9hcGktdmVyc2lvbj0yMDE3LTA1LTEw",
      "RequestMethod": "DELETE",
      "RequestBody": "",
      "RequestHeaders": {
        "x-ms-client-request-id": [
          "649f1f9a-1116-4c0c-a3b4-0a954864dcc6"
        ],
        "Accept-Language": [
          "en-US"
        ],
        "User-Agent": [
          "FxVersion/4.6.29518.01",
          "OSName/Windows",
          "OSVersion/Microsoft.Windows.10.0.19042.",
          "Microsoft.Azure.Management.ResourceManager.ResourceManagementClient/1.6.0.0"
        ]
      },
      "ResponseHeaders": {
        "Cache-Control": [
          "no-cache"
        ],
        "Pragma": [
          "no-cache"
        ],
        "Location": [
          "https://management.azure.com/subscriptions/e37510d7-33b6-4676-886f-ee75bcc01871/operationresults/eyJqb2JJZCI6IlJFU09VUkNFR1JPVVBERUxFVElPTkpPQi1DUlBURVNUQVIzOTEtRUFTVFVTIiwiam9iTG9jYXRpb24iOiJlYXN0dXMifQ?api-version=2017-05-10"
        ],
        "Retry-After": [
          "15"
        ],
        "x-ms-ratelimit-remaining-subscription-deletes": [
          "14999"
        ],
        "x-ms-request-id": [
          "a7365ede-0a38-4945-a5e2-7a1d91b12170"
        ],
        "x-ms-correlation-request-id": [
          "a7365ede-0a38-4945-a5e2-7a1d91b12170"
        ],
        "x-ms-routing-request-id": [
          "EASTUS2:20210618T070552Z:a7365ede-0a38-4945-a5e2-7a1d91b12170"
        ],
        "Strict-Transport-Security": [
          "max-age=31536000; includeSubDomains"
        ],
        "X-Content-Type-Options": [
          "nosniff"
        ],
        "Date": [
          "Fri, 18 Jun 2021 07:05:52 GMT"
        ],
        "Expires": [
          "-1"
        ],
        "Content-Length": [
          "0"
        ]
      },
      "ResponseBody": "",
      "StatusCode": 202
    },
    {
      "RequestUri": "/subscriptions/e37510d7-33b6-4676-886f-ee75bcc01871/operationresults/eyJqb2JJZCI6IlJFU09VUkNFR1JPVVBERUxFVElPTkpPQi1DUlBURVNUQVIzOTEtRUFTVFVTIiwiam9iTG9jYXRpb24iOiJlYXN0dXMifQ?api-version=2017-05-10",
      "EncodedRequestUri": "L3N1YnNjcmlwdGlvbnMvZTM3NTEwZDctMzNiNi00Njc2LTg4NmYtZWU3NWJjYzAxODcxL29wZXJhdGlvbnJlc3VsdHMvZXlKcWIySkpaQ0k2SWxKRlUwOVZVa05GUjFKUFZWQkVSVXhGVkVsUFRrcFBRaTFEVWxCVVJWTlVRVkl6T1RFdFJVRlRWRlZUSWl3aWFtOWlURzlqWVhScGIyNGlPaUpsWVhOMGRYTWlmUT9hcGktdmVyc2lvbj0yMDE3LTA1LTEw",
      "RequestMethod": "GET",
      "RequestBody": "",
      "RequestHeaders": {
        "User-Agent": [
          "FxVersion/4.6.29518.01",
          "OSName/Windows",
          "OSVersion/Microsoft.Windows.10.0.19042.",
          "Microsoft.Azure.Management.ResourceManager.ResourceManagementClient/1.6.0.0"
        ]
      },
      "ResponseHeaders": {
        "Cache-Control": [
          "no-cache"
        ],
        "Pragma": [
          "no-cache"
        ],
        "Location": [
          "https://management.azure.com/subscriptions/e37510d7-33b6-4676-886f-ee75bcc01871/operationresults/eyJqb2JJZCI6IlJFU09VUkNFR1JPVVBERUxFVElPTkpPQi1DUlBURVNUQVIzOTEtRUFTVFVTIiwiam9iTG9jYXRpb24iOiJlYXN0dXMifQ?api-version=2017-05-10"
        ],
        "Retry-After": [
          "15"
        ],
        "x-ms-ratelimit-remaining-subscription-reads": [
          "11999"
        ],
        "x-ms-request-id": [
          "33ec7550-d20d-4fa9-807d-e1f8239770e0"
        ],
        "x-ms-correlation-request-id": [
          "33ec7550-d20d-4fa9-807d-e1f8239770e0"
        ],
        "x-ms-routing-request-id": [
          "EASTUS2:20210618T070607Z:33ec7550-d20d-4fa9-807d-e1f8239770e0"
        ],
        "Strict-Transport-Security": [
          "max-age=31536000; includeSubDomains"
        ],
        "X-Content-Type-Options": [
          "nosniff"
        ],
        "Date": [
          "Fri, 18 Jun 2021 07:06:07 GMT"
        ],
        "Expires": [
          "-1"
        ],
        "Content-Length": [
          "0"
        ]
      },
      "ResponseBody": "",
      "StatusCode": 202
    },
    {
      "RequestUri": "/subscriptions/e37510d7-33b6-4676-886f-ee75bcc01871/operationresults/eyJqb2JJZCI6IlJFU09VUkNFR1JPVVBERUxFVElPTkpPQi1DUlBURVNUQVIzOTEtRUFTVFVTIiwiam9iTG9jYXRpb24iOiJlYXN0dXMifQ?api-version=2017-05-10",
      "EncodedRequestUri": "L3N1YnNjcmlwdGlvbnMvZTM3NTEwZDctMzNiNi00Njc2LTg4NmYtZWU3NWJjYzAxODcxL29wZXJhdGlvbnJlc3VsdHMvZXlKcWIySkpaQ0k2SWxKRlUwOVZVa05GUjFKUFZWQkVSVXhGVkVsUFRrcFBRaTFEVWxCVVJWTlVRVkl6T1RFdFJVRlRWRlZUSWl3aWFtOWlURzlqWVhScGIyNGlPaUpsWVhOMGRYTWlmUT9hcGktdmVyc2lvbj0yMDE3LTA1LTEw",
      "RequestMethod": "GET",
      "RequestBody": "",
      "RequestHeaders": {
        "User-Agent": [
          "FxVersion/4.6.29518.01",
          "OSName/Windows",
          "OSVersion/Microsoft.Windows.10.0.19042.",
          "Microsoft.Azure.Management.ResourceManager.ResourceManagementClient/1.6.0.0"
        ]
      },
      "ResponseHeaders": {
        "Cache-Control": [
          "no-cache"
        ],
        "Pragma": [
          "no-cache"
        ],
        "Location": [
          "https://management.azure.com/subscriptions/e37510d7-33b6-4676-886f-ee75bcc01871/operationresults/eyJqb2JJZCI6IlJFU09VUkNFR1JPVVBERUxFVElPTkpPQi1DUlBURVNUQVIzOTEtRUFTVFVTIiwiam9iTG9jYXRpb24iOiJlYXN0dXMifQ?api-version=2017-05-10"
        ],
        "Retry-After": [
          "15"
        ],
        "x-ms-ratelimit-remaining-subscription-reads": [
          "11998"
        ],
        "x-ms-request-id": [
          "9fa12976-ca30-40bb-b1ad-9e56f842bacd"
        ],
        "x-ms-correlation-request-id": [
          "9fa12976-ca30-40bb-b1ad-9e56f842bacd"
        ],
        "x-ms-routing-request-id": [
          "EASTUS2:20210618T070622Z:9fa12976-ca30-40bb-b1ad-9e56f842bacd"
        ],
        "Strict-Transport-Security": [
          "max-age=31536000; includeSubDomains"
        ],
        "X-Content-Type-Options": [
          "nosniff"
        ],
        "Date": [
          "Fri, 18 Jun 2021 07:06:22 GMT"
        ],
        "Expires": [
          "-1"
        ],
        "Content-Length": [
          "0"
        ]
      },
      "ResponseBody": "",
      "StatusCode": 202
    },
    {
      "RequestUri": "/subscriptions/e37510d7-33b6-4676-886f-ee75bcc01871/operationresults/eyJqb2JJZCI6IlJFU09VUkNFR1JPVVBERUxFVElPTkpPQi1DUlBURVNUQVIzOTEtRUFTVFVTIiwiam9iTG9jYXRpb24iOiJlYXN0dXMifQ?api-version=2017-05-10",
      "EncodedRequestUri": "L3N1YnNjcmlwdGlvbnMvZTM3NTEwZDctMzNiNi00Njc2LTg4NmYtZWU3NWJjYzAxODcxL29wZXJhdGlvbnJlc3VsdHMvZXlKcWIySkpaQ0k2SWxKRlUwOVZVa05GUjFKUFZWQkVSVXhGVkVsUFRrcFBRaTFEVWxCVVJWTlVRVkl6T1RFdFJVRlRWRlZUSWl3aWFtOWlURzlqWVhScGIyNGlPaUpsWVhOMGRYTWlmUT9hcGktdmVyc2lvbj0yMDE3LTA1LTEw",
      "RequestMethod": "GET",
      "RequestBody": "",
      "RequestHeaders": {
        "User-Agent": [
          "FxVersion/4.6.29518.01",
          "OSName/Windows",
          "OSVersion/Microsoft.Windows.10.0.19042.",
          "Microsoft.Azure.Management.ResourceManager.ResourceManagementClient/1.6.0.0"
        ]
      },
      "ResponseHeaders": {
        "Cache-Control": [
          "no-cache"
        ],
        "Pragma": [
          "no-cache"
        ],
        "Location": [
          "https://management.azure.com/subscriptions/e37510d7-33b6-4676-886f-ee75bcc01871/operationresults/eyJqb2JJZCI6IlJFU09VUkNFR1JPVVBERUxFVElPTkpPQi1DUlBURVNUQVIzOTEtRUFTVFVTIiwiam9iTG9jYXRpb24iOiJlYXN0dXMifQ?api-version=2017-05-10"
        ],
        "Retry-After": [
          "15"
        ],
        "x-ms-ratelimit-remaining-subscription-reads": [
          "11997"
        ],
        "x-ms-request-id": [
          "93a6445b-a79f-4b66-8626-c736be84523e"
        ],
        "x-ms-correlation-request-id": [
          "93a6445b-a79f-4b66-8626-c736be84523e"
        ],
        "x-ms-routing-request-id": [
          "EASTUS2:20210618T070637Z:93a6445b-a79f-4b66-8626-c736be84523e"
        ],
        "Strict-Transport-Security": [
          "max-age=31536000; includeSubDomains"
        ],
        "X-Content-Type-Options": [
          "nosniff"
        ],
        "Date": [
          "Fri, 18 Jun 2021 07:06:37 GMT"
        ],
        "Expires": [
          "-1"
        ],
        "Content-Length": [
          "0"
        ]
      },
      "ResponseBody": "",
      "StatusCode": 202
    },
    {
      "RequestUri": "/subscriptions/e37510d7-33b6-4676-886f-ee75bcc01871/operationresults/eyJqb2JJZCI6IlJFU09VUkNFR1JPVVBERUxFVElPTkpPQi1DUlBURVNUQVIzOTEtRUFTVFVTIiwiam9iTG9jYXRpb24iOiJlYXN0dXMifQ?api-version=2017-05-10",
      "EncodedRequestUri": "L3N1YnNjcmlwdGlvbnMvZTM3NTEwZDctMzNiNi00Njc2LTg4NmYtZWU3NWJjYzAxODcxL29wZXJhdGlvbnJlc3VsdHMvZXlKcWIySkpaQ0k2SWxKRlUwOVZVa05GUjFKUFZWQkVSVXhGVkVsUFRrcFBRaTFEVWxCVVJWTlVRVkl6T1RFdFJVRlRWRlZUSWl3aWFtOWlURzlqWVhScGIyNGlPaUpsWVhOMGRYTWlmUT9hcGktdmVyc2lvbj0yMDE3LTA1LTEw",
      "RequestMethod": "GET",
      "RequestBody": "",
      "RequestHeaders": {
        "User-Agent": [
          "FxVersion/4.6.29518.01",
          "OSName/Windows",
          "OSVersion/Microsoft.Windows.10.0.19042.",
          "Microsoft.Azure.Management.ResourceManager.ResourceManagementClient/1.6.0.0"
        ]
      },
      "ResponseHeaders": {
        "Cache-Control": [
          "no-cache"
        ],
        "Pragma": [
          "no-cache"
        ],
        "Location": [
          "https://management.azure.com/subscriptions/e37510d7-33b6-4676-886f-ee75bcc01871/operationresults/eyJqb2JJZCI6IlJFU09VUkNFR1JPVVBERUxFVElPTkpPQi1DUlBURVNUQVIzOTEtRUFTVFVTIiwiam9iTG9jYXRpb24iOiJlYXN0dXMifQ?api-version=2017-05-10"
        ],
        "Retry-After": [
          "15"
        ],
        "x-ms-ratelimit-remaining-subscription-reads": [
          "11996"
        ],
        "x-ms-request-id": [
          "1dc579fb-0866-4929-b87f-6a98fe09e941"
        ],
        "x-ms-correlation-request-id": [
          "1dc579fb-0866-4929-b87f-6a98fe09e941"
        ],
        "x-ms-routing-request-id": [
          "EASTUS2:20210618T070652Z:1dc579fb-0866-4929-b87f-6a98fe09e941"
        ],
        "Strict-Transport-Security": [
          "max-age=31536000; includeSubDomains"
        ],
        "X-Content-Type-Options": [
          "nosniff"
        ],
        "Date": [
          "Fri, 18 Jun 2021 07:06:51 GMT"
        ],
        "Expires": [
          "-1"
        ],
        "Content-Length": [
          "0"
        ]
      },
      "ResponseBody": "",
      "StatusCode": 202
    },
    {
      "RequestUri": "/subscriptions/e37510d7-33b6-4676-886f-ee75bcc01871/operationresults/eyJqb2JJZCI6IlJFU09VUkNFR1JPVVBERUxFVElPTkpPQi1DUlBURVNUQVIzOTEtRUFTVFVTIiwiam9iTG9jYXRpb24iOiJlYXN0dXMifQ?api-version=2017-05-10",
      "EncodedRequestUri": "L3N1YnNjcmlwdGlvbnMvZTM3NTEwZDctMzNiNi00Njc2LTg4NmYtZWU3NWJjYzAxODcxL29wZXJhdGlvbnJlc3VsdHMvZXlKcWIySkpaQ0k2SWxKRlUwOVZVa05GUjFKUFZWQkVSVXhGVkVsUFRrcFBRaTFEVWxCVVJWTlVRVkl6T1RFdFJVRlRWRlZUSWl3aWFtOWlURzlqWVhScGIyNGlPaUpsWVhOMGRYTWlmUT9hcGktdmVyc2lvbj0yMDE3LTA1LTEw",
      "RequestMethod": "GET",
      "RequestBody": "",
      "RequestHeaders": {
        "User-Agent": [
          "FxVersion/4.6.29518.01",
          "OSName/Windows",
          "OSVersion/Microsoft.Windows.10.0.19042.",
          "Microsoft.Azure.Management.ResourceManager.ResourceManagementClient/1.6.0.0"
        ]
      },
      "ResponseHeaders": {
        "Cache-Control": [
          "no-cache"
        ],
        "Pragma": [
          "no-cache"
        ],
        "Location": [
          "https://management.azure.com/subscriptions/e37510d7-33b6-4676-886f-ee75bcc01871/operationresults/eyJqb2JJZCI6IlJFU09VUkNFR1JPVVBERUxFVElPTkpPQi1DUlBURVNUQVIzOTEtRUFTVFVTIiwiam9iTG9jYXRpb24iOiJlYXN0dXMifQ?api-version=2017-05-10"
        ],
        "Retry-After": [
          "15"
        ],
        "x-ms-ratelimit-remaining-subscription-reads": [
          "11995"
        ],
        "x-ms-request-id": [
          "4d85c604-878f-47e2-9082-fc459d5f3b51"
        ],
        "x-ms-correlation-request-id": [
          "4d85c604-878f-47e2-9082-fc459d5f3b51"
        ],
        "x-ms-routing-request-id": [
          "EASTUS2:20210618T070707Z:4d85c604-878f-47e2-9082-fc459d5f3b51"
        ],
        "Strict-Transport-Security": [
          "max-age=31536000; includeSubDomains"
        ],
        "X-Content-Type-Options": [
          "nosniff"
        ],
        "Date": [
          "Fri, 18 Jun 2021 07:07:06 GMT"
        ],
        "Expires": [
          "-1"
        ],
        "Content-Length": [
          "0"
        ]
      },
      "ResponseBody": "",
      "StatusCode": 202
    },
    {
      "RequestUri": "/subscriptions/e37510d7-33b6-4676-886f-ee75bcc01871/operationresults/eyJqb2JJZCI6IlJFU09VUkNFR1JPVVBERUxFVElPTkpPQi1DUlBURVNUQVIzOTEtRUFTVFVTIiwiam9iTG9jYXRpb24iOiJlYXN0dXMifQ?api-version=2017-05-10",
      "EncodedRequestUri": "L3N1YnNjcmlwdGlvbnMvZTM3NTEwZDctMzNiNi00Njc2LTg4NmYtZWU3NWJjYzAxODcxL29wZXJhdGlvbnJlc3VsdHMvZXlKcWIySkpaQ0k2SWxKRlUwOVZVa05GUjFKUFZWQkVSVXhGVkVsUFRrcFBRaTFEVWxCVVJWTlVRVkl6T1RFdFJVRlRWRlZUSWl3aWFtOWlURzlqWVhScGIyNGlPaUpsWVhOMGRYTWlmUT9hcGktdmVyc2lvbj0yMDE3LTA1LTEw",
      "RequestMethod": "GET",
      "RequestBody": "",
      "RequestHeaders": {
        "User-Agent": [
          "FxVersion/4.6.29518.01",
          "OSName/Windows",
          "OSVersion/Microsoft.Windows.10.0.19042.",
          "Microsoft.Azure.Management.ResourceManager.ResourceManagementClient/1.6.0.0"
        ]
      },
      "ResponseHeaders": {
        "Cache-Control": [
          "no-cache"
        ],
        "Pragma": [
          "no-cache"
        ],
        "Location": [
          "https://management.azure.com/subscriptions/e37510d7-33b6-4676-886f-ee75bcc01871/operationresults/eyJqb2JJZCI6IlJFU09VUkNFR1JPVVBERUxFVElPTkpPQi1DUlBURVNUQVIzOTEtRUFTVFVTIiwiam9iTG9jYXRpb24iOiJlYXN0dXMifQ?api-version=2017-05-10"
        ],
        "Retry-After": [
          "15"
        ],
        "x-ms-ratelimit-remaining-subscription-reads": [
          "11994"
        ],
        "x-ms-request-id": [
          "4d3ec2dc-5259-40df-a0bd-60f4e8e1aec1"
        ],
        "x-ms-correlation-request-id": [
          "4d3ec2dc-5259-40df-a0bd-60f4e8e1aec1"
        ],
        "x-ms-routing-request-id": [
          "EASTUS2:20210618T070722Z:4d3ec2dc-5259-40df-a0bd-60f4e8e1aec1"
        ],
        "Strict-Transport-Security": [
          "max-age=31536000; includeSubDomains"
        ],
        "X-Content-Type-Options": [
          "nosniff"
        ],
        "Date": [
          "Fri, 18 Jun 2021 07:07:21 GMT"
        ],
        "Expires": [
          "-1"
        ],
        "Content-Length": [
          "0"
        ]
      },
      "ResponseBody": "",
      "StatusCode": 202
    },
    {
      "RequestUri": "/subscriptions/e37510d7-33b6-4676-886f-ee75bcc01871/operationresults/eyJqb2JJZCI6IlJFU09VUkNFR1JPVVBERUxFVElPTkpPQi1DUlBURVNUQVIzOTEtRUFTVFVTIiwiam9iTG9jYXRpb24iOiJlYXN0dXMifQ?api-version=2017-05-10",
      "EncodedRequestUri": "L3N1YnNjcmlwdGlvbnMvZTM3NTEwZDctMzNiNi00Njc2LTg4NmYtZWU3NWJjYzAxODcxL29wZXJhdGlvbnJlc3VsdHMvZXlKcWIySkpaQ0k2SWxKRlUwOVZVa05GUjFKUFZWQkVSVXhGVkVsUFRrcFBRaTFEVWxCVVJWTlVRVkl6T1RFdFJVRlRWRlZUSWl3aWFtOWlURzlqWVhScGIyNGlPaUpsWVhOMGRYTWlmUT9hcGktdmVyc2lvbj0yMDE3LTA1LTEw",
      "RequestMethod": "GET",
      "RequestBody": "",
      "RequestHeaders": {
        "User-Agent": [
          "FxVersion/4.6.29518.01",
          "OSName/Windows",
          "OSVersion/Microsoft.Windows.10.0.19042.",
          "Microsoft.Azure.Management.ResourceManager.ResourceManagementClient/1.6.0.0"
        ]
      },
      "ResponseHeaders": {
        "Cache-Control": [
          "no-cache"
        ],
        "Pragma": [
          "no-cache"
        ],
        "x-ms-ratelimit-remaining-subscription-reads": [
          "11993"
        ],
        "x-ms-request-id": [
          "3b7f79e9-2d5d-45e5-baca-a3c4dae4725c"
        ],
        "x-ms-correlation-request-id": [
          "3b7f79e9-2d5d-45e5-baca-a3c4dae4725c"
        ],
        "x-ms-routing-request-id": [
          "EASTUS2:20210618T070737Z:3b7f79e9-2d5d-45e5-baca-a3c4dae4725c"
        ],
        "Strict-Transport-Security": [
          "max-age=31536000; includeSubDomains"
        ],
        "X-Content-Type-Options": [
          "nosniff"
        ],
        "Date": [
          "Fri, 18 Jun 2021 07:07:36 GMT"
        ],
        "Expires": [
          "-1"
        ],
        "Content-Length": [
          "0"
        ]
      },
      "ResponseBody": "",
      "StatusCode": 200
    },
    {
      "RequestUri": "/subscriptions/e37510d7-33b6-4676-886f-ee75bcc01871/operationresults/eyJqb2JJZCI6IlJFU09VUkNFR1JPVVBERUxFVElPTkpPQi1DUlBURVNUQVIzOTEtRUFTVFVTIiwiam9iTG9jYXRpb24iOiJlYXN0dXMifQ?api-version=2017-05-10",
      "EncodedRequestUri": "L3N1YnNjcmlwdGlvbnMvZTM3NTEwZDctMzNiNi00Njc2LTg4NmYtZWU3NWJjYzAxODcxL29wZXJhdGlvbnJlc3VsdHMvZXlKcWIySkpaQ0k2SWxKRlUwOVZVa05GUjFKUFZWQkVSVXhGVkVsUFRrcFBRaTFEVWxCVVJWTlVRVkl6T1RFdFJVRlRWRlZUSWl3aWFtOWlURzlqWVhScGIyNGlPaUpsWVhOMGRYTWlmUT9hcGktdmVyc2lvbj0yMDE3LTA1LTEw",
      "RequestMethod": "GET",
      "RequestBody": "",
      "RequestHeaders": {
        "User-Agent": [
          "FxVersion/4.6.29518.01",
          "OSName/Windows",
          "OSVersion/Microsoft.Windows.10.0.19042.",
          "Microsoft.Azure.Management.ResourceManager.ResourceManagementClient/1.6.0.0"
        ]
      },
      "ResponseHeaders": {
        "Cache-Control": [
          "no-cache"
        ],
        "Pragma": [
          "no-cache"
        ],
        "x-ms-ratelimit-remaining-subscription-reads": [
          "11992"
        ],
        "x-ms-request-id": [
          "b2107e28-cff1-4090-9b16-b785a86e3a59"
        ],
        "x-ms-correlation-request-id": [
          "b2107e28-cff1-4090-9b16-b785a86e3a59"
        ],
        "x-ms-routing-request-id": [
          "EASTUS2:20210618T070737Z:b2107e28-cff1-4090-9b16-b785a86e3a59"
        ],
        "Strict-Transport-Security": [
          "max-age=31536000; includeSubDomains"
        ],
        "X-Content-Type-Options": [
          "nosniff"
        ],
        "Date": [
          "Fri, 18 Jun 2021 07:07:36 GMT"
        ],
        "Expires": [
          "-1"
        ],
        "Content-Length": [
          "0"
        ]
      },
      "ResponseBody": "",
      "StatusCode": 200
    }
  ],
  "Names": {
    "TestVMScaleSetPriorityOperationsInternal": [
      "crptestar391",
      "vmss9837",
      "crptestar5428"
    ],
    "CreatePublicIP": [
      "pip3706",
      "dn6815"
    ],
    "CreateVNET": [
      "vn999",
      "sn5988"
    ],
    "CreateNIC": [
      "nic9253",
      "ip179"
    ],
    "CreateDefaultVMScaleSetInput": [
      "crptestar6403",
      "vmss1378",
      "vmsstestnetconfig8357",
      "vmsstestnetconfig6739"
    ]
  },
  "Variables": {
    "SubscriptionId": "e37510d7-33b6-4676-886f-ee75bcc01871"
  }
}