{
  "Entries": [
    {
      "RequestUri": "https://management.azure.com/subscriptions/db1ab6f0-4769-4b27-930e-01e2ef9c123c?api-version=2021-01-01",
      "RequestMethod": "GET",
      "RequestHeaders": {
        "Accept": "application/json",
        "Authorization": "Sanitized",
        "traceparent": "00-f53a6034ef0a4d9a480b4b598733e0c3-6cae83a8ebdc8d1b-00",
        "User-Agent": "azsdk-net-ResourceManager/1.4.0 (.NET 7.0.5; Microsoft Windows 10.0.22621)",
        "x-ms-client-request-id": "3f50b0994ec99f9b24bd9ff4d6804b82",
        "x-ms-return-client-request-id": "true",
        "x-ms-serviceconnector-user-token": "Sanitized"
      },
      "RequestBody": null,
      "StatusCode": 200,
      "ResponseHeaders": {
        "Cache-Control": "no-cache",
        "Content-Length": "748",
        "Content-Type": "application/json; charset=utf-8",
        "Date": "Wed, 26 Apr 2023 06:59:48 GMT",
        "Expires": "-1",
        "Pragma": "no-cache",
        "Strict-Transport-Security": "max-age=31536000; includeSubDomains",
        "X-Content-Type-Options": "nosniff",
        "x-ms-correlation-request-id": "2b2f3e90-6e96-4441-b562-efff8ca96800",
        "x-ms-ratelimit-remaining-subscription-reads": "11987",
        "x-ms-request-id": "2b2f3e90-6e96-4441-b562-efff8ca96800",
        "x-ms-routing-request-id": "SOUTHEASTASIA:20230426T065948Z:2b2f3e90-6e96-4441-b562-efff8ca96800"
      },
      "ResponseBody": {
        "id": "/subscriptions/db1ab6f0-4769-4b27-930e-01e2ef9c123c",
        "authorizationSource": "RoleBased",
        "managedByTenants": [],
        "tags": {
          "TagKey-9823": "TagValue-1254",
          "TagKey-3481": "TagValue-320",
          "TagKey-4926": "TagValue-1187",
          "TagKey-751": "TagValue-3921",
          "TagKey-1866": "TagValue-8559",
          "TagKey-3094": "TagValue-9190",
          "TagKey-2449": "TagValue-9",
          "TagKey-8379": "TagValue-164",
          "TagKey-7470": "TagValue-2205",
          "TagKey-4236": "TagValue-3698",
          "TagKey-5316": "TagValue-2725"
        },
        "subscriptionId": "db1ab6f0-4769-4b27-930e-01e2ef9c123c",
        "tenantId": "72f988bf-86f1-41af-91ab-2d7cd011db47",
        "displayName": ".NET Mgmt SDK Test with TTL = 1 Day",
        "state": "Enabled",
        "subscriptionPolicies": {
          "locationPlacementId": "Internal_2014-09-01",
          "quotaId": "Internal_2014-09-01",
          "spendingLimit": "Off"
        }
      }
    },
    {
      "RequestUri": "https://management.azure.com/subscriptions/db1ab6f0-4769-4b27-930e-01e2ef9c123c/resourcegroups/SdkRg5162?api-version=**",
      "RequestMethod": "PUT",
      "RequestHeaders": {
        "Accept": "application/json",
        "Authorization": "Sanitized",
        "Content-Length": "21",
        "Content-Type": "application/json",
        "traceparent": "00-ab13d9e415b66eaa849c15bb32fe7a78-ecae54fd016af9bc-00",
        "User-Agent": "azsdk-net-ResourceManager/1.4.0 (.NET 7.0.5; Microsoft Windows 10.0.22621)",
        "x-ms-client-request-id": "fdc333ae9869f9fa41a32b9c61ad7791",
        "x-ms-return-client-request-id": "true",
        "x-ms-serviceconnector-user-token": "Sanitized"
      },
      "RequestBody": {
        "location": "eastus"
      },
      "StatusCode": 201,
      "ResponseHeaders": {
        "Cache-Control": "no-cache",
        "Content-Length": "215",
        "Content-Type": "application/json; charset=utf-8",
        "Date": "Wed, 26 Apr 2023 06:59:49 GMT",
        "Expires": "-1",
        "Pragma": "no-cache",
        "Strict-Transport-Security": "max-age=31536000; includeSubDomains",
        "X-Content-Type-Options": "nosniff",
        "x-ms-correlation-request-id": "6e33741e-ecc7-401f-a30d-bcfc01f97ed1",
        "x-ms-ratelimit-remaining-subscription-writes": "1197",
        "x-ms-request-id": "6e33741e-ecc7-401f-a30d-bcfc01f97ed1",
        "x-ms-routing-request-id": "SOUTHEASTASIA:20230426T065949Z:6e33741e-ecc7-401f-a30d-bcfc01f97ed1"
      },
      "ResponseBody": {
        "id": "/subscriptions/db1ab6f0-4769-4b27-930e-01e2ef9c123c/resourceGroups/SdkRg5162",
        "name": "SdkRg5162",
        "type": "Microsoft.Resources/resourceGroups",
        "location": "eastus",
        "properties": {
          "provisioningState": "Succeeded"
        }
      }
    },
    {
      "RequestUri": "https://management.azure.com/subscriptions/db1ab6f0-4769-4b27-930e-01e2ef9c123c/resourcegroups/SdkRg5162?api-version=**",
      "RequestMethod": "GET",
      "RequestHeaders": {
        "Accept": "application/json",
        "Authorization": "Sanitized",
        "traceparent": "00-79694640d63568f192c3c50bac4cb7ed-4e1b64ac75fd947f-00",
        "User-Agent": "azsdk-net-ResourceManager/1.4.0 (.NET 7.0.5; Microsoft Windows 10.0.22621)",
        "x-ms-client-request-id": "72faad4171d188cc9bde1afc6c87dffa",
        "x-ms-return-client-request-id": "true",
        "x-ms-serviceconnector-user-token": "Sanitized"
      },
      "RequestBody": null,
      "StatusCode": 200,
      "ResponseHeaders": {
        "Cache-Control": "no-cache",
        "Content-Length": "215",
        "Content-Type": "application/json; charset=utf-8",
        "Date": "Wed, 26 Apr 2023 06:59:49 GMT",
        "Expires": "-1",
        "Pragma": "no-cache",
        "Strict-Transport-Security": "max-age=31536000; includeSubDomains",
        "X-Content-Type-Options": "nosniff",
        "x-ms-correlation-request-id": "36079169-d6e0-45d9-a0c8-dd0f4484fa92",
        "x-ms-ratelimit-remaining-subscription-reads": "11986",
        "x-ms-request-id": "36079169-d6e0-45d9-a0c8-dd0f4484fa92",
        "x-ms-routing-request-id": "SOUTHEASTASIA:20230426T065949Z:36079169-d6e0-45d9-a0c8-dd0f4484fa92"
      },
      "ResponseBody": {
        "id": "/subscriptions/db1ab6f0-4769-4b27-930e-01e2ef9c123c/resourceGroups/SdkRg5162",
        "name": "SdkRg5162",
        "type": "Microsoft.Resources/resourceGroups",
        "location": "eastus",
        "properties": {
          "provisioningState": "Succeeded"
        }
      }
    },
    {
      "RequestUri": "https://management.azure.com/subscriptions/db1ab6f0-4769-4b27-930e-01e2ef9c123c/resourceGroups/SdkRg5162/providers/Microsoft.Web/sites/SdkWeb1604?api-version=2021-02-01",
      "RequestMethod": "PUT",
      "RequestHeaders": {
        "Accept": "application/json",
        "Authorization": "Sanitized",
        "Content-Length": "47",
        "Content-Type": "application/json",
        "traceparent": "00-1d9989d6cae797543b84556b960c3df7-bccec98d8d783f06-00",
        "User-Agent": "azsdk-net-ResourceManager.AppService/1.1.0-alpha.20230412.1 (.NET 7.0.5; Microsoft Windows 10.0.22621)",
        "x-ms-client-request-id": "668f22ba52ed30d654a25d8192029328",
        "x-ms-return-client-request-id": "true",
        "x-ms-serviceconnector-user-token": "Sanitized"
      },
      "RequestBody": {
        "tags": {},
        "location": "eastus",
        "properties": {}
      },
      "StatusCode": 200,
      "ResponseHeaders": {
        "Cache-Control": "no-cache",
        "Content-Length": "6739",
        "Content-Type": "application/json",
        "Date": "Wed, 26 Apr 2023 07:00:22 GMT",
        "ETag": "\u00221D9780CB8EB2860\u0022",
        "Expires": "-1",
        "Pragma": "no-cache",
        "Server": "Microsoft-IIS/10.0",
        "Strict-Transport-Security": "max-age=31536000; includeSubDomains",
        "X-AspNet-Version": "4.0.30319",
        "X-Content-Type-Options": "nosniff",
        "x-ms-correlation-request-id": "51c18b40-0752-41cb-892c-2d6c6c2032a1",
        "x-ms-ratelimit-remaining-subscription-resource-requests": "499",
        "x-ms-request-id": "984df1d0-1c93-48de-bcba-a4a818989f20",
        "x-ms-routing-request-id": "SOUTHEASTASIA:20230426T070022Z:51c18b40-0752-41cb-892c-2d6c6c2032a1",
        "X-Powered-By": "ASP.NET"
      },
      "ResponseBody": {
        "id": "/subscriptions/db1ab6f0-4769-4b27-930e-01e2ef9c123c/resourceGroups/SdkRg5162/providers/Microsoft.Web/sites/SdkWeb1604",
        "name": "SdkWeb1604",
        "type": "Microsoft.Web/sites",
        "kind": "app",
        "location": "eastus",
        "tags": {},
        "properties": {
          "name": "SdkWeb1604",
          "state": "Running",
          "hostNames": [
            "sdkweb1604.azurewebsites.net"
          ],
          "webSpace": "SdkRg5162-EastUSwebspace",
          "selfLink": "https://waws-prod-blu-293.api.azurewebsites.windows.net:454/subscriptions/db1ab6f0-4769-4b27-930e-01e2ef9c123c/webspaces/SdkRg5162-EastUSwebspace/sites/SdkWeb1604",
          "repositorySiteName": "SdkWeb1604",
          "owner": null,
          "usageState": "Normal",
          "enabled": true,
          "adminEnabled": true,
          "enabledHostNames": [
            "sdkweb1604.azurewebsites.net",
            "sdkweb1604.scm.azurewebsites.net"
          ],
          "siteProperties": {
            "metadata": null,
            "properties": [
              {
                "name": "LinuxFxVersion",
                "value": ""
              },
              {
                "name": "WindowsFxVersion",
                "value": null
              }
            ],
            "appSettings": null
          },
          "availabilityState": "Normal",
          "sslCertificates": null,
          "csrs": [],
          "cers": null,
          "siteMode": null,
          "hostNameSslStates": [
            {
              "name": "sdkweb1604.azurewebsites.net",
              "sslState": "Disabled",
              "ipBasedSslResult": null,
              "virtualIP": null,
              "thumbprint": null,
              "certificateResourceId": null,
              "toUpdate": null,
              "toUpdateIpBasedSsl": null,
              "ipBasedSslState": "NotConfigured",
              "hostType": "Standard"
            },
            {
              "name": "sdkweb1604.scm.azurewebsites.net",
              "sslState": "Disabled",
              "ipBasedSslResult": null,
              "virtualIP": null,
              "thumbprint": null,
              "certificateResourceId": null,
              "toUpdate": null,
              "toUpdateIpBasedSsl": null,
              "ipBasedSslState": "NotConfigured",
              "hostType": "Repository"
            }
          ],
          "computeMode": null,
          "serverFarm": null,
          "serverFarmId": "/subscriptions/db1ab6f0-4769-4b27-930e-01e2ef9c123c/resourceGroups/SdkRg5162/providers/Microsoft.Web/serverfarms/Default1wb",
          "reserved": false,
          "isXenon": false,
          "hyperV": false,
          "lastModifiedTimeUtc": "2023-04-26T07:00:02.1",
          "storageRecoveryDefaultState": "Running",
          "contentAvailabilityState": "Normal",
          "runtimeAvailabilityState": "Normal",
          "dnsConfiguration": {},
          "vnetRouteAllEnabled": false,
          "containerAllocationSubnet": null,
          "useContainerLocalhostBindings": null,
          "vnetImagePullEnabled": false,
          "vnetContentShareEnabled": false,
          "siteConfig": {
            "numberOfWorkers": 1,
            "defaultDocuments": null,
            "netFrameworkVersion": null,
            "phpVersion": null,
            "pythonVersion": null,
            "nodeVersion": null,
            "powerShellVersion": null,
            "linuxFxVersion": "",
            "windowsFxVersion": null,
            "windowsConfiguredStacks": null,
            "requestTracingEnabled": null,
            "remoteDebuggingEnabled": null,
            "remoteDebuggingVersion": null,
            "httpLoggingEnabled": null,
            "azureMonitorLogCategories": null,
            "acrUseManagedIdentityCreds": false,
            "acrUserManagedIdentityID": null,
            "logsDirectorySizeLimit": null,
            "detailedErrorLoggingEnabled": null,
            "publishingUsername": null,
            "publishingPassword": null,
            "appSettings": null,
            "metadata": null,
            "connectionStrings": null,
            "machineKey": null,
            "handlerMappings": null,
            "documentRoot": null,
            "scmType": null,
            "use32BitWorkerProcess": null,
            "webSocketsEnabled": null,
            "alwaysOn": false,
            "javaVersion": null,
            "javaContainer": null,
            "javaContainerVersion": null,
            "appCommandLine": null,
            "managedPipelineMode": null,
            "virtualApplications": null,
            "winAuthAdminState": null,
            "winAuthTenantState": null,
            "customAppPoolIdentityAdminState": null,
            "customAppPoolIdentityTenantState": null,
            "runtimeADUser": null,
            "runtimeADUserPassword": null,
            "loadBalancing": null,
            "routingRules": null,
            "experiments": null,
            "limits": null,
            "autoHealEnabled": null,
            "autoHealRules": null,
            "tracingOptions": null,
            "vnetName": null,
            "vnetRouteAllEnabled": null,
            "vnetPrivatePortsCount": null,
            "publicNetworkAccess": null,
            "cors": null,
            "push": null,
            "apiDefinition": null,
            "apiManagementConfig": null,
            "autoSwapSlotName": null,
            "localMySqlEnabled": null,
            "managedServiceIdentityId": null,
            "xManagedServiceIdentityId": null,
            "keyVaultReferenceIdentity": null,
            "ipSecurityRestrictions": [
              {
                "ipAddress": "Any",
                "action": "Allow",
                "priority": 2147483647,
                "name": "Allow all",
                "description": "Allow all access"
              }
            ],
            "ipSecurityRestrictionsDefaultAction": null,
            "scmIpSecurityRestrictions": [
              {
                "ipAddress": "Any",
                "action": "Allow",
                "priority": 2147483647,
                "name": "Allow all",
                "description": "Allow all access"
              }
            ],
            "scmIpSecurityRestrictionsDefaultAction": null,
            "scmIpSecurityRestrictionsUseMain": null,
            "http20Enabled": false,
            "minTlsVersion": null,
            "minTlsCipherSuite": null,
            "supportedTlsCipherSuites": null,
            "scmMinTlsVersion": null,
            "ftpsState": null,
            "preWarmedInstanceCount": null,
            "functionAppScaleLimit": null,
            "elasticWebAppScaleLimit": 0,
            "healthCheckPath": null,
            "fileChangeAuditEnabled": null,
            "functionsRuntimeScaleMonitoringEnabled": null,
            "websiteTimeZone": null,
            "minimumElasticInstanceCount": 0,
            "azureStorageAccounts": null,
            "http20ProxyFlag": null,
            "sitePort": null,
            "antivirusScanEnabled": null,
            "storageType": null
          },
          "deploymentId": "SdkWeb1604",
          "slotName": null,
          "trafficManagerHostNames": null,
          "sku": "Free",
          "scmSiteAlsoStopped": false,
          "targetSwapSlot": null,
          "hostingEnvironment": null,
          "hostingEnvironmentProfile": null,
          "clientAffinityEnabled": true,
          "clientCertEnabled": false,
          "clientCertMode": "Required",
          "clientCertExclusionPaths": null,
          "hostNamesDisabled": false,
          "vnetBackupRestoreEnabled": false,
          "domainVerificationIdentifiers": null,
          "customDomainVerificationId": "B2B26A95110144FA7D61C7F11182785CA097CEE09243353FC8B6B68E6270D88A",
          "kind": "app",
          "managedEnvironmentId": null,
          "inboundIpAddress": "20.49.104.56",
          "possibleInboundIpAddresses": "20.49.104.56",
          "ftpUsername": "SdkWeb1604\\$SdkWeb1604",
          "ftpsHostName": "ftps://waws-prod-blu-293.ftp.azurewebsites.windows.net/site/wwwroot",
          "outboundIpAddresses": "20.102.16.195,20.102.18.12,20.102.18.15,20.102.18.51,20.102.18.62,20.102.18.73,20.49.104.56",
          "possibleOutboundIpAddresses": "20.102.16.195,20.102.18.12,20.102.18.15,20.102.18.51,20.102.18.62,20.102.18.73,20.102.18.74,20.102.18.76,20.102.18.89,20.102.18.96,20.102.18.101,20.102.18.105,20.102.18.133,20.102.18.135,20.102.18.173,20.81.61.36,20.102.18.175,20.81.62.227,20.102.18.177,20.102.18.180,20.102.18.184,20.102.18.203,20.102.18.205,20.102.18.229,20.102.19.2,20.102.19.7,20.102.19.10,20.102.16.166,20.81.60.222,20.102.19.14,20.49.104.56",
          "containerSize": 0,
          "dailyMemoryTimeQuota": 0,
          "suspendedTill": null,
          "siteDisabledReason": 0,
          "functionExecutionUnitsCache": null,
          "maxNumberOfWorkers": null,
          "homeStamp": "waws-prod-blu-293",
          "cloningInfo": null,
          "hostingEnvironmentId": null,
          "tags": {},
          "resourceGroup": "SdkRg5162",
          "defaultHostName": "sdkweb1604.azurewebsites.net",
          "slotSwapStatus": null,
          "httpsOnly": false,
          "redundancyMode": "None",
          "inProgressOperationId": null,
          "geoDistributions": null,
          "privateEndpointConnections": null,
          "publicNetworkAccess": null,
          "buildVersion": null,
          "targetBuildVersion": null,
          "migrationState": null,
          "eligibleLogCategories": "AppServiceAppLogs,AppServiceAuditLogs,AppServiceConsoleLogs,AppServiceHTTPLogs,AppServiceIPSecAuditLogs,AppServicePlatformLogs,ScanLogs",
          "inFlightFeatures": null,
          "storageAccountRequired": false,
          "virtualNetworkSubnetId": null,
          "keyVaultReferenceIdentity": "SystemAssigned",
          "defaultHostNameScope": "Global",
          "privateLinkIdentifiers": null
        }
      }
    },
    {
      "RequestUri": "https://management.azure.com/subscriptions/db1ab6f0-4769-4b27-930e-01e2ef9c123c/resourceGroups/SdkRg5162/providers/Microsoft.Web/sites/SdkWeb1604?api-version=2021-02-01",
      "RequestMethod": "GET",
      "RequestHeaders": {
        "Accept": "application/json",
        "Authorization": "Sanitized",
        "traceparent": "00-bb4b6ebaa5693f12ecafd5c896d248a0-ca9676baaed2eb0b-00",
        "User-Agent": "azsdk-net-ResourceManager.AppService/1.1.0-alpha.20230412.1 (.NET 7.0.5; Microsoft Windows 10.0.22621)",
        "x-ms-client-request-id": "3ee231c3111eefa4d6c91d2f134bf699",
        "x-ms-return-client-request-id": "true",
        "x-ms-serviceconnector-user-token": "Sanitized"
      },
      "RequestBody": null,
      "StatusCode": 200,
      "ResponseHeaders": {
        "Cache-Control": "no-cache",
        "Content-Length": "6521",
        "Content-Type": "application/json",
        "Date": "Wed, 26 Apr 2023 07:00:23 GMT",
        "ETag": "\u00221D9780CB8EB2860\u0022",
        "Expires": "-1",
        "Pragma": "no-cache",
        "Server": "Microsoft-IIS/10.0",
        "Strict-Transport-Security": "max-age=31536000; includeSubDomains",
        "X-AspNet-Version": "4.0.30319",
        "X-Content-Type-Options": "nosniff",
        "x-ms-correlation-request-id": "5b432bc2-8e01-4d13-b6f1-fb2caa45cb85",
        "x-ms-ratelimit-remaining-subscription-reads": "11985",
        "x-ms-request-id": "5c9af553-2a34-41a9-82e4-26bec0a36ba3",
        "x-ms-routing-request-id": "SOUTHEASTASIA:20230426T070023Z:5b432bc2-8e01-4d13-b6f1-fb2caa45cb85",
        "X-Powered-By": "ASP.NET"
      },
      "ResponseBody": {
        "id": "/subscriptions/db1ab6f0-4769-4b27-930e-01e2ef9c123c/resourceGroups/SdkRg5162/providers/Microsoft.Web/sites/SdkWeb1604",
        "name": "SdkWeb1604",
        "type": "Microsoft.Web/sites",
        "kind": "app",
        "location": "East US",
        "tags": {},
        "properties": {
          "name": "SdkWeb1604",
          "state": "Running",
          "hostNames": [
            "sdkweb1604.azurewebsites.net"
          ],
          "webSpace": "SdkRg5162-EastUSwebspace",
          "selfLink": "https://waws-prod-blu-293.api.azurewebsites.windows.net:454/subscriptions/db1ab6f0-4769-4b27-930e-01e2ef9c123c/webspaces/SdkRg5162-EastUSwebspace/sites/SdkWeb1604",
          "repositorySiteName": "SdkWeb1604",
          "owner": null,
          "usageState": "Normal",
          "enabled": true,
          "adminEnabled": true,
          "enabledHostNames": [
            "sdkweb1604.azurewebsites.net",
            "sdkweb1604.scm.azurewebsites.net"
          ],
          "siteProperties": {
            "metadata": null,
            "properties": [
              {
                "name": "LinuxFxVersion",
                "value": ""
              },
              {
                "name": "WindowsFxVersion",
                "value": null
              }
            ],
            "appSettings": null
          },
          "availabilityState": "Normal",
          "sslCertificates": null,
          "csrs": [],
          "cers": null,
          "siteMode": null,
          "hostNameSslStates": [
            {
              "name": "sdkweb1604.azurewebsites.net",
              "sslState": "Disabled",
              "ipBasedSslResult": null,
              "virtualIP": null,
              "thumbprint": null,
              "certificateResourceId": null,
              "toUpdate": null,
              "toUpdateIpBasedSsl": null,
              "ipBasedSslState": "NotConfigured",
              "hostType": "Standard"
            },
            {
              "name": "sdkweb1604.scm.azurewebsites.net",
              "sslState": "Disabled",
              "ipBasedSslResult": null,
              "virtualIP": null,
              "thumbprint": null,
              "certificateResourceId": null,
              "toUpdate": null,
              "toUpdateIpBasedSsl": null,
              "ipBasedSslState": "NotConfigured",
              "hostType": "Repository"
            }
          ],
          "computeMode": null,
          "serverFarm": null,
          "serverFarmId": "/subscriptions/db1ab6f0-4769-4b27-930e-01e2ef9c123c/resourceGroups/SdkRg5162/providers/Microsoft.Web/serverfarms/Default1wb",
          "reserved": false,
          "isXenon": false,
          "hyperV": false,
          "lastModifiedTimeUtc": "2023-04-26T07:00:02.15",
          "storageRecoveryDefaultState": "Running",
          "contentAvailabilityState": "Normal",
          "runtimeAvailabilityState": "Normal",
          "dnsConfiguration": {},
          "vnetRouteAllEnabled": false,
          "containerAllocationSubnet": null,
          "useContainerLocalhostBindings": null,
          "vnetImagePullEnabled": false,
          "vnetContentShareEnabled": false,
          "siteConfig": {
            "numberOfWorkers": 1,
            "defaultDocuments": null,
            "netFrameworkVersion": null,
            "phpVersion": null,
            "pythonVersion": null,
            "nodeVersion": null,
            "powerShellVersion": null,
            "linuxFxVersion": "",
            "windowsFxVersion": null,
            "windowsConfiguredStacks": null,
            "requestTracingEnabled": null,
            "remoteDebuggingEnabled": null,
            "remoteDebuggingVersion": null,
            "httpLoggingEnabled": null,
            "azureMonitorLogCategories": null,
            "acrUseManagedIdentityCreds": false,
            "acrUserManagedIdentityID": null,
            "logsDirectorySizeLimit": null,
            "detailedErrorLoggingEnabled": null,
            "publishingUsername": null,
            "publishingPassword": null,
            "appSettings": null,
            "metadata": null,
            "connectionStrings": null,
            "machineKey": null,
            "handlerMappings": null,
            "documentRoot": null,
            "scmType": null,
            "use32BitWorkerProcess": null,
            "webSocketsEnabled": null,
            "alwaysOn": false,
            "javaVersion": null,
            "javaContainer": null,
            "javaContainerVersion": null,
            "appCommandLine": null,
            "managedPipelineMode": null,
            "virtualApplications": null,
            "winAuthAdminState": null,
            "winAuthTenantState": null,
            "customAppPoolIdentityAdminState": null,
            "customAppPoolIdentityTenantState": null,
            "runtimeADUser": null,
            "runtimeADUserPassword": null,
            "loadBalancing": null,
            "routingRules": null,
            "experiments": null,
            "limits": null,
            "autoHealEnabled": null,
            "autoHealRules": null,
            "tracingOptions": null,
            "vnetName": null,
            "vnetRouteAllEnabled": null,
            "vnetPrivatePortsCount": null,
            "publicNetworkAccess": null,
            "cors": null,
            "push": null,
            "apiDefinition": null,
            "apiManagementConfig": null,
            "autoSwapSlotName": null,
            "localMySqlEnabled": null,
            "managedServiceIdentityId": null,
            "xManagedServiceIdentityId": null,
            "keyVaultReferenceIdentity": null,
            "ipSecurityRestrictions": null,
            "ipSecurityRestrictionsDefaultAction": null,
            "scmIpSecurityRestrictions": null,
            "scmIpSecurityRestrictionsDefaultAction": null,
            "scmIpSecurityRestrictionsUseMain": null,
            "http20Enabled": false,
            "minTlsVersion": null,
            "minTlsCipherSuite": null,
            "supportedTlsCipherSuites": null,
            "scmMinTlsVersion": null,
            "ftpsState": null,
            "preWarmedInstanceCount": null,
            "functionAppScaleLimit": 0,
            "elasticWebAppScaleLimit": null,
            "healthCheckPath": null,
            "fileChangeAuditEnabled": null,
            "functionsRuntimeScaleMonitoringEnabled": null,
            "websiteTimeZone": null,
            "minimumElasticInstanceCount": 0,
            "azureStorageAccounts": null,
            "http20ProxyFlag": null,
            "sitePort": null,
            "antivirusScanEnabled": null,
            "storageType": null
          },
          "deploymentId": "SdkWeb1604",
          "slotName": null,
          "trafficManagerHostNames": null,
          "sku": "Free",
          "scmSiteAlsoStopped": false,
          "targetSwapSlot": null,
          "hostingEnvironment": null,
          "hostingEnvironmentProfile": null,
          "clientAffinityEnabled": true,
          "clientCertEnabled": false,
          "clientCertMode": "Required",
          "clientCertExclusionPaths": null,
          "hostNamesDisabled": false,
          "vnetBackupRestoreEnabled": false,
          "domainVerificationIdentifiers": null,
          "customDomainVerificationId": "B2B26A95110144FA7D61C7F11182785CA097CEE09243353FC8B6B68E6270D88A",
          "kind": "app",
          "managedEnvironmentId": null,
          "inboundIpAddress": "20.49.104.56",
          "possibleInboundIpAddresses": "20.49.104.56",
          "ftpUsername": "SdkWeb1604\\$SdkWeb1604",
          "ftpsHostName": "ftps://waws-prod-blu-293.ftp.azurewebsites.windows.net/site/wwwroot",
          "outboundIpAddresses": "20.102.16.195,20.102.18.12,20.102.18.15,20.102.18.51,20.102.18.62,20.102.18.73,20.49.104.56",
          "possibleOutboundIpAddresses": "20.102.16.195,20.102.18.12,20.102.18.15,20.102.18.51,20.102.18.62,20.102.18.73,20.102.18.74,20.102.18.76,20.102.18.89,20.102.18.96,20.102.18.101,20.102.18.105,20.102.18.133,20.102.18.135,20.102.18.173,20.81.61.36,20.102.18.175,20.81.62.227,20.102.18.177,20.102.18.180,20.102.18.184,20.102.18.203,20.102.18.205,20.102.18.229,20.102.19.2,20.102.19.7,20.102.19.10,20.102.16.166,20.81.60.222,20.102.19.14,20.49.104.56",
          "containerSize": 0,
          "dailyMemoryTimeQuota": 0,
          "suspendedTill": null,
          "siteDisabledReason": 0,
          "functionExecutionUnitsCache": null,
          "maxNumberOfWorkers": null,
          "homeStamp": "waws-prod-blu-293",
          "cloningInfo": null,
          "hostingEnvironmentId": null,
          "tags": {},
          "resourceGroup": "SdkRg5162",
          "defaultHostName": "sdkweb1604.azurewebsites.net",
          "slotSwapStatus": null,
          "httpsOnly": false,
          "redundancyMode": "None",
          "inProgressOperationId": null,
          "geoDistributions": null,
          "privateEndpointConnections": [],
          "publicNetworkAccess": null,
          "buildVersion": null,
          "targetBuildVersion": null,
          "migrationState": null,
          "eligibleLogCategories": "AppServiceAppLogs,AppServiceAuditLogs,AppServiceConsoleLogs,AppServiceHTTPLogs,AppServiceIPSecAuditLogs,AppServicePlatformLogs,ScanLogs",
          "inFlightFeatures": [],
          "storageAccountRequired": false,
          "virtualNetworkSubnetId": null,
          "keyVaultReferenceIdentity": "SystemAssigned",
          "defaultHostNameScope": "Global",
          "privateLinkIdentifiers": null
        }
      }
    },
    {
      "RequestUri": "https://management.azure.com/subscriptions/db1ab6f0-4769-4b27-930e-01e2ef9c123c/resourceGroups/SdkRg5162/providers/Microsoft.KeyVault/vaults/SdkVault4605?api-version=**",
      "RequestMethod": "PUT",
      "RequestHeaders": {
        "Accept": "application/json",
        "Authorization": "Sanitized",
        "Content-Length": "145",
        "Content-Type": "application/json",
        "traceparent": "00-ea46f4cef78912ab542e3ebd63ebee49-f814499e7a6d0950-00",
        "User-Agent": "azsdk-net-ResourceManager.KeyVault/1.2.0-alpha.20230426.1 (.NET 7.0.5; Microsoft Windows 10.0.22621)",
        "x-ms-client-request-id": "b1f3f14a9147c9805b52ffb2f04bb256",
        "x-ms-return-client-request-id": "true",
        "x-ms-serviceconnector-user-token": "Sanitized"
      },
      "RequestBody": {
        "location": "eastus",
        "properties": {
          "tenantId": "72f988bf-86f1-41af-91ab-2d7cd011db47",
          "sku": {
            "family": "A",
            "name": "standard"
          },
          "accessPolicies": []
        }
      },
      "StatusCode": 200,
      "ResponseHeaders": {
        "Cache-Control": "no-cache",
        "Content-Length": "787",
        "Content-Type": "application/json; charset=utf-8",
        "Date": "Wed, 26 Apr 2023 07:00:28 GMT",
        "Expires": "-1",
        "Pragma": "no-cache",
        "Server": "Microsoft-IIS/10.0",
        "Strict-Transport-Security": "max-age=31536000; includeSubDomains",
        "X-AspNet-Version": "4.0.30319",
        "X-Content-Type-Options": "nosniff",
        "x-ms-client-request-id": "b1f3f14a9147c9805b52ffb2f04bb256",
        "x-ms-correlation-request-id": "374a598f-3b92-4304-a22a-9999591e4520",
        "x-ms-keyvault-service-version": "1.5.743.0",
        "x-ms-ratelimit-remaining-subscription-writes": "1196",
        "x-ms-request-id": "77085a47-08df-4bb2-bb4b-91e1bffd9e82",
        "x-ms-routing-request-id": "SOUTHEASTASIA:20230426T070029Z:374a598f-3b92-4304-a22a-9999591e4520"
      },
      "ResponseBody": {
        "id": "/subscriptions/db1ab6f0-4769-4b27-930e-01e2ef9c123c/resourceGroups/SdkRg5162/providers/Microsoft.KeyVault/vaults/SdkVault4605",
        "name": "SdkVault4605",
        "type": "Microsoft.KeyVault/vaults",
        "location": "eastus",
        "tags": {},
        "systemData": {
          "createdBy": "8e6d47e0-7969-4fde-a62c-4fea4f165e98",
          "createdByType": "Application",
          "createdAt": "2023-04-26T07:00:26.146Z",
          "lastModifiedBy": "8e6d47e0-7969-4fde-a62c-4fea4f165e98",
          "lastModifiedByType": "Application",
          "lastModifiedAt": "2023-04-26T07:00:26.146Z"
        },
        "properties": {
          "sku": {
            "family": "A",
            "name": "standard"
          },
          "tenantId": "72f988bf-86f1-41af-91ab-2d7cd011db47",
          "accessPolicies": [],
          "enabledForDeployment": false,
          "enableSoftDelete": true,
          "vaultUri": "https://SdkVault4605.vault.azure.net",
          "provisioningState": "RegisteringDns",
          "publicNetworkAccess": "Enabled"
        }
      }
    },
    {
      "RequestUri": "https://management.azure.com/subscriptions/db1ab6f0-4769-4b27-930e-01e2ef9c123c/resourceGroups/SdkRg5162/providers/Microsoft.KeyVault/vaults/SdkVault4605?api-version=**",
      "RequestMethod": "GET",
      "RequestHeaders": {
        "Authorization": "Sanitized",
        "traceparent": "00-ea46f4cef78912ab542e3ebd63ebee49-15d640457456012f-00",
        "User-Agent": "azsdk-net-ResourceManager/1.4.0 (.NET 7.0.5; Microsoft Windows 10.0.22621)",
        "x-ms-client-request-id": "8c40c943db0b3273b119e3cb11f1ff8b",
        "x-ms-return-client-request-id": "true",
        "x-ms-serviceconnector-user-token": "Sanitized"
      },
      "RequestBody": null,
      "StatusCode": 200,
      "ResponseHeaders": {
        "Cache-Control": "no-cache",
        "Content-Length": "788",
        "Content-Type": "application/json; charset=utf-8",
        "Date": "Wed, 26 Apr 2023 07:00:29 GMT",
        "Expires": "-1",
        "Pragma": "no-cache",
        "Server": "Microsoft-IIS/10.0",
        "Strict-Transport-Security": "max-age=31536000; includeSubDomains",
        "X-AspNet-Version": "4.0.30319",
        "X-Content-Type-Options": "nosniff",
        "x-ms-client-request-id": "8c40c943db0b3273b119e3cb11f1ff8b",
        "x-ms-correlation-request-id": "759516fa-923e-413a-bc8a-651ebe2d965c",
        "x-ms-keyvault-service-version": "1.5.743.0",
        "x-ms-ratelimit-remaining-subscription-reads": "11984",
        "x-ms-request-id": "7b433da2-307d-4d31-b063-08e112ff7795",
        "x-ms-routing-request-id": "SOUTHEASTASIA:20230426T070030Z:759516fa-923e-413a-bc8a-651ebe2d965c"
      },
      "ResponseBody": {
        "id": "/subscriptions/db1ab6f0-4769-4b27-930e-01e2ef9c123c/resourceGroups/SdkRg5162/providers/Microsoft.KeyVault/vaults/SdkVault4605",
        "name": "SdkVault4605",
        "type": "Microsoft.KeyVault/vaults",
        "location": "eastus",
        "tags": {},
        "systemData": {
          "createdBy": "8e6d47e0-7969-4fde-a62c-4fea4f165e98",
          "createdByType": "Application",
          "createdAt": "2023-04-26T07:00:26.146Z",
          "lastModifiedBy": "8e6d47e0-7969-4fde-a62c-4fea4f165e98",
          "lastModifiedByType": "Application",
          "lastModifiedAt": "2023-04-26T07:00:26.146Z"
        },
        "properties": {
          "sku": {
            "family": "A",
            "name": "standard"
          },
          "tenantId": "72f988bf-86f1-41af-91ab-2d7cd011db47",
          "accessPolicies": [],
          "enabledForDeployment": false,
          "enableSoftDelete": true,
          "vaultUri": "https://sdkvault4605.vault.azure.net/",
          "provisioningState": "RegisteringDns",
          "publicNetworkAccess": "Enabled"
        }
      }
    },
    {
      "RequestUri": "https://management.azure.com/subscriptions/db1ab6f0-4769-4b27-930e-01e2ef9c123c/resourceGroups/SdkRg5162/providers/Microsoft.KeyVault/vaults/SdkVault4605?api-version=**",
      "RequestMethod": "GET",
      "RequestHeaders": {
        "Authorization": "Sanitized",
        "traceparent": "00-ea46f4cef78912ab542e3ebd63ebee49-4a30b6ddd5724d60-00",
        "User-Agent": "azsdk-net-ResourceManager/1.4.0 (.NET 7.0.5; Microsoft Windows 10.0.22621)",
        "x-ms-client-request-id": "6f1ac716958ef579e6fb9bf519cff6c3",
        "x-ms-return-client-request-id": "true",
        "x-ms-serviceconnector-user-token": "Sanitized"
      },
      "RequestBody": null,
      "StatusCode": 200,
      "ResponseHeaders": {
        "Cache-Control": "no-cache",
        "Content-Length": "788",
        "Content-Type": "application/json; charset=utf-8",
        "Date": "Wed, 26 Apr 2023 07:00:31 GMT",
        "Expires": "-1",
        "Pragma": "no-cache",
        "Server": "Microsoft-IIS/10.0",
        "Strict-Transport-Security": "max-age=31536000; includeSubDomains",
        "X-AspNet-Version": "4.0.30319",
        "X-Content-Type-Options": "nosniff",
        "x-ms-client-request-id": "6f1ac716958ef579e6fb9bf519cff6c3",
        "x-ms-correlation-request-id": "57c60b8a-7757-4d05-babc-e132dafaceec",
        "x-ms-keyvault-service-version": "1.5.743.0",
        "x-ms-ratelimit-remaining-subscription-reads": "11983",
        "x-ms-request-id": "eb413952-b3d9-49e9-a947-84895e46a1c9",
        "x-ms-routing-request-id": "SOUTHEASTASIA:20230426T070031Z:57c60b8a-7757-4d05-babc-e132dafaceec"
      },
      "ResponseBody": {
        "id": "/subscriptions/db1ab6f0-4769-4b27-930e-01e2ef9c123c/resourceGroups/SdkRg5162/providers/Microsoft.KeyVault/vaults/SdkVault4605",
        "name": "SdkVault4605",
        "type": "Microsoft.KeyVault/vaults",
        "location": "eastus",
        "tags": {},
        "systemData": {
          "createdBy": "8e6d47e0-7969-4fde-a62c-4fea4f165e98",
          "createdByType": "Application",
          "createdAt": "2023-04-26T07:00:26.146Z",
          "lastModifiedBy": "8e6d47e0-7969-4fde-a62c-4fea4f165e98",
          "lastModifiedByType": "Application",
          "lastModifiedAt": "2023-04-26T07:00:26.146Z"
        },
        "properties": {
          "sku": {
            "family": "A",
            "name": "standard"
          },
          "tenantId": "72f988bf-86f1-41af-91ab-2d7cd011db47",
          "accessPolicies": [],
          "enabledForDeployment": false,
          "enableSoftDelete": true,
          "vaultUri": "https://sdkvault4605.vault.azure.net/",
          "provisioningState": "RegisteringDns",
          "publicNetworkAccess": "Enabled"
        }
      }
    },
    {
      "RequestUri": "https://management.azure.com/subscriptions/db1ab6f0-4769-4b27-930e-01e2ef9c123c/resourceGroups/SdkRg5162/providers/Microsoft.KeyVault/vaults/SdkVault4605?api-version=**",
      "RequestMethod": "GET",
      "RequestHeaders": {
        "Authorization": "Sanitized",
        "traceparent": "00-ea46f4cef78912ab542e3ebd63ebee49-ba8b293cd575b4a6-00",
        "User-Agent": "azsdk-net-ResourceManager/1.4.0 (.NET 7.0.5; Microsoft Windows 10.0.22621)",
        "x-ms-client-request-id": "266ee428250b394b308aaf06723ee525",
        "x-ms-return-client-request-id": "true",
        "x-ms-serviceconnector-user-token": "Sanitized"
      },
      "RequestBody": null,
      "StatusCode": 200,
      "ResponseHeaders": {
        "Cache-Control": "no-cache",
        "Content-Length": "788",
        "Content-Type": "application/json; charset=utf-8",
        "Date": "Wed, 26 Apr 2023 07:00:33 GMT",
        "Expires": "-1",
        "Pragma": "no-cache",
        "Server": "Microsoft-IIS/10.0",
        "Strict-Transport-Security": "max-age=31536000; includeSubDomains",
        "X-AspNet-Version": "4.0.30319",
        "X-Content-Type-Options": "nosniff",
        "x-ms-client-request-id": "266ee428250b394b308aaf06723ee525",
        "x-ms-correlation-request-id": "3700ed3e-3fb3-49f5-b9b6-6f2c485064e3",
        "x-ms-keyvault-service-version": "1.5.743.0",
        "x-ms-ratelimit-remaining-subscription-reads": "11982",
        "x-ms-request-id": "86686c14-017c-4e3b-839a-563da56f73ce",
        "x-ms-routing-request-id": "SOUTHEASTASIA:20230426T070033Z:3700ed3e-3fb3-49f5-b9b6-6f2c485064e3"
      },
      "ResponseBody": {
        "id": "/subscriptions/db1ab6f0-4769-4b27-930e-01e2ef9c123c/resourceGroups/SdkRg5162/providers/Microsoft.KeyVault/vaults/SdkVault4605",
        "name": "SdkVault4605",
        "type": "Microsoft.KeyVault/vaults",
        "location": "eastus",
        "tags": {},
        "systemData": {
          "createdBy": "8e6d47e0-7969-4fde-a62c-4fea4f165e98",
          "createdByType": "Application",
          "createdAt": "2023-04-26T07:00:26.146Z",
          "lastModifiedBy": "8e6d47e0-7969-4fde-a62c-4fea4f165e98",
          "lastModifiedByType": "Application",
          "lastModifiedAt": "2023-04-26T07:00:26.146Z"
        },
        "properties": {
          "sku": {
            "family": "A",
            "name": "standard"
          },
          "tenantId": "72f988bf-86f1-41af-91ab-2d7cd011db47",
          "accessPolicies": [],
          "enabledForDeployment": false,
          "enableSoftDelete": true,
          "vaultUri": "https://sdkvault4605.vault.azure.net/",
          "provisioningState": "RegisteringDns",
          "publicNetworkAccess": "Enabled"
        }
      }
    },
    {
      "RequestUri": "https://management.azure.com/subscriptions/db1ab6f0-4769-4b27-930e-01e2ef9c123c/resourceGroups/SdkRg5162/providers/Microsoft.KeyVault/vaults/SdkVault4605?api-version=**",
      "RequestMethod": "GET",
      "RequestHeaders": {
        "Authorization": "Sanitized",
        "traceparent": "00-ea46f4cef78912ab542e3ebd63ebee49-7b926c5906f3db92-00",
        "User-Agent": "azsdk-net-ResourceManager/1.4.0 (.NET 7.0.5; Microsoft Windows 10.0.22621)",
        "x-ms-client-request-id": "0b9aec52ba7dae8c504ba50f3f7d19e1",
        "x-ms-return-client-request-id": "true",
        "x-ms-serviceconnector-user-token": "Sanitized"
      },
      "RequestBody": null,
      "StatusCode": 200,
      "ResponseHeaders": {
        "Cache-Control": "no-cache",
        "Content-Length": "788",
        "Content-Type": "application/json; charset=utf-8",
        "Date": "Wed, 26 Apr 2023 07:00:35 GMT",
        "Expires": "-1",
        "Pragma": "no-cache",
        "Server": "Microsoft-IIS/10.0",
        "Strict-Transport-Security": "max-age=31536000; includeSubDomains",
        "X-AspNet-Version": "4.0.30319",
        "X-Content-Type-Options": "nosniff",
        "x-ms-client-request-id": "0b9aec52ba7dae8c504ba50f3f7d19e1",
        "x-ms-correlation-request-id": "ea3945f1-c3a3-4a0e-b5aa-17adf02852cd",
        "x-ms-keyvault-service-version": "1.5.743.0",
        "x-ms-ratelimit-remaining-subscription-reads": "11981",
        "x-ms-request-id": "8a5dee39-cb84-4426-933c-ceee636bfa80",
        "x-ms-routing-request-id": "SOUTHEASTASIA:20230426T070035Z:ea3945f1-c3a3-4a0e-b5aa-17adf02852cd"
      },
      "ResponseBody": {
        "id": "/subscriptions/db1ab6f0-4769-4b27-930e-01e2ef9c123c/resourceGroups/SdkRg5162/providers/Microsoft.KeyVault/vaults/SdkVault4605",
        "name": "SdkVault4605",
        "type": "Microsoft.KeyVault/vaults",
        "location": "eastus",
        "tags": {},
        "systemData": {
          "createdBy": "8e6d47e0-7969-4fde-a62c-4fea4f165e98",
          "createdByType": "Application",
          "createdAt": "2023-04-26T07:00:26.146Z",
          "lastModifiedBy": "8e6d47e0-7969-4fde-a62c-4fea4f165e98",
          "lastModifiedByType": "Application",
          "lastModifiedAt": "2023-04-26T07:00:26.146Z"
        },
        "properties": {
          "sku": {
            "family": "A",
            "name": "standard"
          },
          "tenantId": "72f988bf-86f1-41af-91ab-2d7cd011db47",
          "accessPolicies": [],
          "enabledForDeployment": false,
          "enableSoftDelete": true,
          "vaultUri": "https://sdkvault4605.vault.azure.net/",
          "provisioningState": "RegisteringDns",
          "publicNetworkAccess": "Enabled"
        }
      }
    },
    {
      "RequestUri": "https://management.azure.com/subscriptions/db1ab6f0-4769-4b27-930e-01e2ef9c123c/resourceGroups/SdkRg5162/providers/Microsoft.KeyVault/vaults/SdkVault4605?api-version=**",
      "RequestMethod": "GET",
      "RequestHeaders": {
        "Authorization": "Sanitized",
        "traceparent": "00-ea46f4cef78912ab542e3ebd63ebee49-2b601049d1411057-00",
        "User-Agent": "azsdk-net-ResourceManager/1.4.0 (.NET 7.0.5; Microsoft Windows 10.0.22621)",
        "x-ms-client-request-id": "2da32022d882f0807ce03f04e57283a8",
        "x-ms-return-client-request-id": "true",
        "x-ms-serviceconnector-user-token": "Sanitized"
      },
      "RequestBody": null,
      "StatusCode": 200,
      "ResponseHeaders": {
        "Cache-Control": "no-cache",
        "Content-Length": "788",
        "Content-Type": "application/json; charset=utf-8",
        "Date": "Wed, 26 Apr 2023 07:00:37 GMT",
        "Expires": "-1",
        "Pragma": "no-cache",
        "Server": "Microsoft-IIS/10.0",
        "Strict-Transport-Security": "max-age=31536000; includeSubDomains",
        "X-AspNet-Version": "4.0.30319",
        "X-Content-Type-Options": "nosniff",
        "x-ms-client-request-id": "2da32022d882f0807ce03f04e57283a8",
        "x-ms-correlation-request-id": "9682a5bc-fc89-43be-89ea-7544fd5355c8",
        "x-ms-keyvault-service-version": "1.5.743.0",
        "x-ms-ratelimit-remaining-subscription-reads": "11980",
        "x-ms-request-id": "bbe2931d-0950-4e37-a20d-20017d824019",
        "x-ms-routing-request-id": "SOUTHEASTASIA:20230426T070038Z:9682a5bc-fc89-43be-89ea-7544fd5355c8"
      },
      "ResponseBody": {
        "id": "/subscriptions/db1ab6f0-4769-4b27-930e-01e2ef9c123c/resourceGroups/SdkRg5162/providers/Microsoft.KeyVault/vaults/SdkVault4605",
        "name": "SdkVault4605",
        "type": "Microsoft.KeyVault/vaults",
        "location": "eastus",
        "tags": {},
        "systemData": {
          "createdBy": "8e6d47e0-7969-4fde-a62c-4fea4f165e98",
          "createdByType": "Application",
          "createdAt": "2023-04-26T07:00:26.146Z",
          "lastModifiedBy": "8e6d47e0-7969-4fde-a62c-4fea4f165e98",
          "lastModifiedByType": "Application",
          "lastModifiedAt": "2023-04-26T07:00:26.146Z"
        },
        "properties": {
          "sku": {
            "family": "A",
            "name": "standard"
          },
          "tenantId": "72f988bf-86f1-41af-91ab-2d7cd011db47",
          "accessPolicies": [],
          "enabledForDeployment": false,
          "enableSoftDelete": true,
          "vaultUri": "https://sdkvault4605.vault.azure.net/",
          "provisioningState": "RegisteringDns",
          "publicNetworkAccess": "Enabled"
        }
      }
    },
    {
      "RequestUri": "https://management.azure.com/subscriptions/db1ab6f0-4769-4b27-930e-01e2ef9c123c/resourceGroups/SdkRg5162/providers/Microsoft.KeyVault/vaults/SdkVault4605?api-version=**",
      "RequestMethod": "GET",
      "RequestHeaders": {
        "Authorization": "Sanitized",
        "traceparent": "00-ea46f4cef78912ab542e3ebd63ebee49-d4ac16b783497ae5-00",
        "User-Agent": "azsdk-net-ResourceManager/1.4.0 (.NET 7.0.5; Microsoft Windows 10.0.22621)",
        "x-ms-client-request-id": "2da37616ea356e4558c0d6bf803bfab3",
        "x-ms-return-client-request-id": "true",
        "x-ms-serviceconnector-user-token": "Sanitized"
      },
      "RequestBody": null,
      "StatusCode": 200,
      "ResponseHeaders": {
        "Cache-Control": "no-cache",
        "Content-Length": "783",
        "Content-Type": "application/json; charset=utf-8",
        "Date": "Wed, 26 Apr 2023 07:00:42 GMT",
        "Expires": "-1",
        "Pragma": "no-cache",
        "Server": "Microsoft-IIS/10.0",
        "Strict-Transport-Security": "max-age=31536000; includeSubDomains",
        "X-AspNet-Version": "4.0.30319",
        "X-Content-Type-Options": "nosniff",
        "x-ms-client-request-id": "2da37616ea356e4558c0d6bf803bfab3",
        "x-ms-correlation-request-id": "d6254d0f-e272-43d0-aaae-61e152068dd0",
        "x-ms-keyvault-service-version": "1.5.743.0",
        "x-ms-ratelimit-remaining-subscription-reads": "11979",
        "x-ms-request-id": "bf4426f7-a540-4d4d-9c11-0aa2ed6ec4a4",
        "x-ms-routing-request-id": "SOUTHEASTASIA:20230426T070043Z:d6254d0f-e272-43d0-aaae-61e152068dd0"
      },
      "ResponseBody": {
        "id": "/subscriptions/db1ab6f0-4769-4b27-930e-01e2ef9c123c/resourceGroups/SdkRg5162/providers/Microsoft.KeyVault/vaults/SdkVault4605",
        "name": "SdkVault4605",
        "type": "Microsoft.KeyVault/vaults",
        "location": "eastus",
        "tags": {},
        "systemData": {
          "createdBy": "8e6d47e0-7969-4fde-a62c-4fea4f165e98",
          "createdByType": "Application",
          "createdAt": "2023-04-26T07:00:26.146Z",
          "lastModifiedBy": "8e6d47e0-7969-4fde-a62c-4fea4f165e98",
          "lastModifiedByType": "Application",
          "lastModifiedAt": "2023-04-26T07:00:26.146Z"
        },
        "properties": {
          "sku": {
            "family": "A",
            "name": "standard"
          },
          "tenantId": "72f988bf-86f1-41af-91ab-2d7cd011db47",
          "accessPolicies": [],
          "enabledForDeployment": false,
          "enableSoftDelete": true,
          "vaultUri": "https://sdkvault4605.vault.azure.net/",
          "provisioningState": "Succeeded",
          "publicNetworkAccess": "Enabled"
        }
      }
    },
    {
      "RequestUri": "https://management.azure.com/subscriptions/db1ab6f0-4769-4b27-930e-01e2ef9c123c/resourceGroups/SdkRg5162/providers/Microsoft.KeyVault/vaults/SdkVault4605?api-version=**",
      "RequestMethod": "GET",
      "RequestHeaders": {
        "Accept": "application/json",
        "Authorization": "Sanitized",
        "traceparent": "00-22c218941603a4427c2e763686563c91-77af61471ea7f028-00",
        "User-Agent": "azsdk-net-ResourceManager.KeyVault/1.2.0-alpha.20230426.1 (.NET 7.0.5; Microsoft Windows 10.0.22621)",
        "x-ms-client-request-id": "52e3ce71b89b79a26ca98e9d7a88c8dd",
        "x-ms-return-client-request-id": "true",
        "x-ms-serviceconnector-user-token": "Sanitized"
      },
      "RequestBody": null,
      "StatusCode": 200,
      "ResponseHeaders": {
        "Cache-Control": "no-cache",
        "Content-Length": "783",
        "Content-Type": "application/json; charset=utf-8",
        "Date": "Wed, 26 Apr 2023 07:00:43 GMT",
        "Expires": "-1",
        "Pragma": "no-cache",
        "Server": "Microsoft-IIS/10.0",
        "Strict-Transport-Security": "max-age=31536000; includeSubDomains",
        "X-AspNet-Version": "4.0.30319",
        "X-Content-Type-Options": "nosniff",
        "x-ms-client-request-id": "52e3ce71b89b79a26ca98e9d7a88c8dd",
        "x-ms-correlation-request-id": "dda7e520-43e1-496b-bc57-47a86856f64e",
        "x-ms-keyvault-service-version": "1.5.743.0",
        "x-ms-ratelimit-remaining-subscription-reads": "11978",
        "x-ms-request-id": "0dc235c8-d10f-4226-bbfa-1fe35451141b",
        "x-ms-routing-request-id": "SOUTHEASTASIA:20230426T070043Z:dda7e520-43e1-496b-bc57-47a86856f64e"
      },
      "ResponseBody": {
        "id": "/subscriptions/db1ab6f0-4769-4b27-930e-01e2ef9c123c/resourceGroups/SdkRg5162/providers/Microsoft.KeyVault/vaults/SdkVault4605",
        "name": "SdkVault4605",
        "type": "Microsoft.KeyVault/vaults",
        "location": "eastus",
        "tags": {},
        "systemData": {
          "createdBy": "8e6d47e0-7969-4fde-a62c-4fea4f165e98",
          "createdByType": "Application",
          "createdAt": "2023-04-26T07:00:26.146Z",
          "lastModifiedBy": "8e6d47e0-7969-4fde-a62c-4fea4f165e98",
          "lastModifiedByType": "Application",
          "lastModifiedAt": "2023-04-26T07:00:26.146Z"
        },
        "properties": {
          "sku": {
            "family": "A",
            "name": "standard"
          },
          "tenantId": "72f988bf-86f1-41af-91ab-2d7cd011db47",
          "accessPolicies": [],
          "enabledForDeployment": false,
          "enableSoftDelete": true,
          "vaultUri": "https://sdkvault4605.vault.azure.net/",
          "provisioningState": "Succeeded",
          "publicNetworkAccess": "Enabled"
        }
      }
    },
    {
      "RequestUri": "https://management.azure.com/subscriptions/db1ab6f0-4769-4b27-930e-01e2ef9c123c/resourceGroups/SdkRg5162/providers/Microsoft.Web/sites/SdkWeb1604/providers/Microsoft.ServiceLinker/linkers/SdkLinker7354?api-version=2022-05-01",
      "RequestMethod": "PUT",
      "RequestHeaders": {
        "Accept": "application/json",
        "Authorization": "Sanitized",
        "Content-Length": "261",
        "Content-Type": "application/json",
        "traceparent": "00-aacec8973ff41089733a5438bcfbbca8-33209bb423958107-00",
        "User-Agent": "azsdk-net-ResourceManager.ServiceLinker/1.1.0-alpha.20230426.1 (.NET 7.0.5; Microsoft Windows 10.0.22621)",
        "x-ms-client-request-id": "c9f9fdc8ebd937acda35d5c102c07041",
        "x-ms-return-client-request-id": "true",
        "x-ms-serviceconnector-user-token": "Sanitized"
      },
      "RequestBody": {
        "properties": {
          "targetService": {
            "id": "/subscriptions/db1ab6f0-4769-4b27-930e-01e2ef9c123c/resourceGroups/SdkRg5162/providers/Microsoft.KeyVault/vaults/SdkVault4605",
            "type": "AzureResource"
          },
          "authInfo": {
            "authType": "systemAssignedIdentity"
          },
          "clientType": "dotnet"
        }
      },
      "StatusCode": 201,
      "ResponseHeaders": {
        "Azure-AsyncOperation": "https://management.azure.com/subscriptions/db1ab6f0-4769-4b27-930e-01e2ef9c123c/providers/Microsoft.ServiceLinker/locations/EASTUS/operationStatuses/6fc492da-bde5-440f-b304-62c7462d9df6*FBA1BF22EF2BE532D4E6B749DBB34C646736403B94A8427B9948E876E2BC15C6?api-version=2022-05-01",
        "Cache-Control": "no-cache",
        "Content-Length": "893",
        "Content-Type": "application/json; charset=utf-8",
        "Date": "Wed, 26 Apr 2023 07:00:45 GMT",
        "ETag": "\u002248003631-0000-0100-0000-6448cc1d0000\u0022",
        "Expires": "-1",
        "mise-correlation-id": "81b38b81-97b7-4ddd-b72b-56aad2840509",
        "Pragma": "no-cache",
        "Strict-Transport-Security": "max-age=31536000; includeSubDomains",
        "X-Content-Type-Options": "nosniff",
        "x-ms-client-request-id": "c9f9fdc8ebd937acda35d5c102c07041",
        "x-ms-correlation-request-id": "8abf3192-06dc-404f-ab31-73d8f81d87cf",
        "x-ms-providerhub-traffic": "True",
        "x-ms-ratelimit-remaining-subscription-writes": "1195",
        "x-ms-request-id": "6fc492da-bde5-440f-b304-62c7462d9df6",
        "x-ms-routing-request-id": "SOUTHEASTASIA:20230426T070045Z:8abf3192-06dc-404f-ab31-73d8f81d87cf"
      },
      "ResponseBody": {
        "id": "/subscriptions/db1ab6f0-4769-4b27-930e-01e2ef9c123c/resourceGroups/SdkRg5162/providers/Microsoft.Web/sites/SdkWeb1604/providers/Microsoft.ServiceLinker/linkers/SdkLinker7354",
        "name": "SdkLinker7354",
        "type": "microsoft.servicelinker/linkers",
        "systemData": {
          "createdBy": "8e6d47e0-7969-4fde-a62c-4fea4f165e98",
          "createdByType": "Application",
          "createdAt": "2023-04-26T07:00:44.0994987Z",
          "lastModifiedBy": "8e6d47e0-7969-4fde-a62c-4fea4f165e98",
          "lastModifiedByType": "Application",
          "lastModifiedAt": "2023-04-26T07:00:44.0994987Z"
        },
        "properties": {
          "provisioningState": "Accepted",
          "targetService": {
            "id": "/subscriptions/db1ab6f0-4769-4b27-930e-01e2ef9c123c/resourceGroups/SdkRg5162/providers/Microsoft.KeyVault/vaults/SdkVault4605",
            "resourceProperties": null,
            "type": "AzureResource"
          },
          "authInfo": {
            "authType": "systemAssignedIdentity"
          },
          "vNetSolution": null,
          "clientType": "dotnet",
          "secretStore": null,
          "scope": null
        }
      }
    },
    {
      "RequestUri": "https://management.azure.com/subscriptions/db1ab6f0-4769-4b27-930e-01e2ef9c123c/providers/Microsoft.ServiceLinker/locations/EASTUS/operationStatuses/6fc492da-bde5-440f-b304-62c7462d9df6*FBA1BF22EF2BE532D4E6B749DBB34C646736403B94A8427B9948E876E2BC15C6?api-version=2022-05-01",
      "RequestMethod": "GET",
      "RequestHeaders": {
        "Authorization": "Sanitized",
        "traceparent": "00-aacec8973ff41089733a5438bcfbbca8-34d9ef80f00c6009-00",
        "User-Agent": "azsdk-net-ResourceManager/1.4.0 (.NET 7.0.5; Microsoft Windows 10.0.22621)",
        "x-ms-client-request-id": "82f7f8f8314285d921ab7766e3e077ac",
        "x-ms-return-client-request-id": "true",
        "x-ms-serviceconnector-user-token": "Sanitized"
      },
      "RequestBody": null,
      "StatusCode": 200,
      "ResponseHeaders": {
        "Cache-Control": "no-cache",
        "Content-Length": "594",
        "Content-Type": "application/json; charset=utf-8",
        "Date": "Wed, 26 Apr 2023 07:00:45 GMT",
        "ETag": "\u002213004d9e-0000-0100-0000-6448cc1d0000\u0022",
        "Expires": "-1",
        "Pragma": "no-cache",
        "Strict-Transport-Security": "max-age=31536000; includeSubDomains",
        "X-Content-Type-Options": "nosniff",
        "x-ms-client-request-id": "82f7f8f8314285d921ab7766e3e077ac",
        "x-ms-correlation-request-id": "3633e001-6a01-4210-8dd0-6ad96e3e6910",
        "x-ms-ratelimit-remaining-subscription-reads": "11977",
        "x-ms-request-id": "f48876cc-d1d7-45c4-a947-407acb0cfb0d",
        "x-ms-routing-request-id": "SOUTHEASTASIA:20230426T070046Z:3633e001-6a01-4210-8dd0-6ad96e3e6910"
      },
      "ResponseBody": {
        "id": "/subscriptions/db1ab6f0-4769-4b27-930e-01e2ef9c123c/providers/Microsoft.ServiceLinker/locations/EASTUS/operationStatuses/6fc492da-bde5-440f-b304-62c7462d9df6*FBA1BF22EF2BE532D4E6B749DBB34C646736403B94A8427B9948E876E2BC15C6",
        "name": "6fc492da-bde5-440f-b304-62c7462d9df6*FBA1BF22EF2BE532D4E6B749DBB34C646736403B94A8427B9948E876E2BC15C6",
        "resourceId": "/subscriptions/db1ab6f0-4769-4b27-930e-01e2ef9c123c/resourceGroups/SdkRg5162/providers/Microsoft.Web/sites/SdkWeb1604/providers/Microsoft.ServiceLinker/linkers/SdkLinker7354",
        "status": "Accepted",
        "startTime": "2023-04-26T07:00:45.5570181Z"
      }
    },
    {
      "RequestUri": "https://management.azure.com/subscriptions/db1ab6f0-4769-4b27-930e-01e2ef9c123c/providers/Microsoft.ServiceLinker/locations/EASTUS/operationStatuses/6fc492da-bde5-440f-b304-62c7462d9df6*FBA1BF22EF2BE532D4E6B749DBB34C646736403B94A8427B9948E876E2BC15C6?api-version=2022-05-01",
      "RequestMethod": "GET",
      "RequestHeaders": {
        "Authorization": "Sanitized",
        "traceparent": "00-aacec8973ff41089733a5438bcfbbca8-ae2b0ab0685766d8-00",
        "User-Agent": "azsdk-net-ResourceManager/1.4.0 (.NET 7.0.5; Microsoft Windows 10.0.22621)",
        "x-ms-client-request-id": "eeb74d38b0f5964ff19bf5af2b21db33",
        "x-ms-return-client-request-id": "true",
        "x-ms-serviceconnector-user-token": "Sanitized"
      },
      "RequestBody": null,
      "StatusCode": 200,
      "ResponseHeaders": {
        "Cache-Control": "no-cache",
        "Content-Length": "594",
        "Content-Type": "application/json; charset=utf-8",
        "Date": "Wed, 26 Apr 2023 07:00:46 GMT",
        "ETag": "\u002213004d9e-0000-0100-0000-6448cc1d0000\u0022",
        "Expires": "-1",
        "Pragma": "no-cache",
        "Strict-Transport-Security": "max-age=31536000; includeSubDomains",
        "X-Content-Type-Options": "nosniff",
        "x-ms-client-request-id": "eeb74d38b0f5964ff19bf5af2b21db33",
        "x-ms-correlation-request-id": "d80de96c-0556-49c1-aa19-5e567a56b737",
        "x-ms-ratelimit-remaining-subscription-reads": "11976",
        "x-ms-request-id": "5f91aa7d-636c-4cfc-932c-773c595a3692",
        "x-ms-routing-request-id": "SOUTHEASTASIA:20230426T070047Z:d80de96c-0556-49c1-aa19-5e567a56b737"
      },
      "ResponseBody": {
        "id": "/subscriptions/db1ab6f0-4769-4b27-930e-01e2ef9c123c/providers/Microsoft.ServiceLinker/locations/EASTUS/operationStatuses/6fc492da-bde5-440f-b304-62c7462d9df6*FBA1BF22EF2BE532D4E6B749DBB34C646736403B94A8427B9948E876E2BC15C6",
        "name": "6fc492da-bde5-440f-b304-62c7462d9df6*FBA1BF22EF2BE532D4E6B749DBB34C646736403B94A8427B9948E876E2BC15C6",
        "resourceId": "/subscriptions/db1ab6f0-4769-4b27-930e-01e2ef9c123c/resourceGroups/SdkRg5162/providers/Microsoft.Web/sites/SdkWeb1604/providers/Microsoft.ServiceLinker/linkers/SdkLinker7354",
        "status": "Accepted",
        "startTime": "2023-04-26T07:00:45.5570181Z"
      }
    },
    {
      "RequestUri": "https://management.azure.com/subscriptions/db1ab6f0-4769-4b27-930e-01e2ef9c123c/providers/Microsoft.ServiceLinker/locations/EASTUS/operationStatuses/6fc492da-bde5-440f-b304-62c7462d9df6*FBA1BF22EF2BE532D4E6B749DBB34C646736403B94A8427B9948E876E2BC15C6?api-version=2022-05-01",
      "RequestMethod": "GET",
      "RequestHeaders": {
        "Authorization": "Sanitized",
        "traceparent": "00-aacec8973ff41089733a5438bcfbbca8-1776ccc5688200ff-00",
        "User-Agent": "azsdk-net-ResourceManager/1.4.0 (.NET 7.0.5; Microsoft Windows 10.0.22621)",
        "x-ms-client-request-id": "09c90541eec8b4feb20df6e2b9a57af3",
        "x-ms-return-client-request-id": "true",
        "x-ms-serviceconnector-user-token": "Sanitized"
      },
      "RequestBody": null,
      "StatusCode": 200,
      "ResponseHeaders": {
        "Cache-Control": "no-cache",
        "Content-Length": "594",
        "Content-Type": "application/json; charset=utf-8",
        "Date": "Wed, 26 Apr 2023 07:00:49 GMT",
        "ETag": "\u002213004d9e-0000-0100-0000-6448cc1d0000\u0022",
        "Expires": "-1",
        "Pragma": "no-cache",
        "Strict-Transport-Security": "max-age=31536000; includeSubDomains",
        "X-Content-Type-Options": "nosniff",
        "x-ms-client-request-id": "09c90541eec8b4feb20df6e2b9a57af3",
        "x-ms-correlation-request-id": "dd326bb4-f644-47c0-a7e6-c4fbfdba0368",
        "x-ms-ratelimit-remaining-subscription-reads": "11975",
        "x-ms-request-id": "22c92918-54b0-4cc5-9e54-0927a0677dd9",
        "x-ms-routing-request-id": "SOUTHEASTASIA:20230426T070049Z:dd326bb4-f644-47c0-a7e6-c4fbfdba0368"
      },
      "ResponseBody": {
        "id": "/subscriptions/db1ab6f0-4769-4b27-930e-01e2ef9c123c/providers/Microsoft.ServiceLinker/locations/EASTUS/operationStatuses/6fc492da-bde5-440f-b304-62c7462d9df6*FBA1BF22EF2BE532D4E6B749DBB34C646736403B94A8427B9948E876E2BC15C6",
        "name": "6fc492da-bde5-440f-b304-62c7462d9df6*FBA1BF22EF2BE532D4E6B749DBB34C646736403B94A8427B9948E876E2BC15C6",
        "resourceId": "/subscriptions/db1ab6f0-4769-4b27-930e-01e2ef9c123c/resourceGroups/SdkRg5162/providers/Microsoft.Web/sites/SdkWeb1604/providers/Microsoft.ServiceLinker/linkers/SdkLinker7354",
        "status": "Accepted",
        "startTime": "2023-04-26T07:00:45.5570181Z"
      }
    },
    {
      "RequestUri": "https://management.azure.com/subscriptions/db1ab6f0-4769-4b27-930e-01e2ef9c123c/providers/Microsoft.ServiceLinker/locations/EASTUS/operationStatuses/6fc492da-bde5-440f-b304-62c7462d9df6*FBA1BF22EF2BE532D4E6B749DBB34C646736403B94A8427B9948E876E2BC15C6?api-version=2022-05-01",
      "RequestMethod": "GET",
      "RequestHeaders": {
        "Authorization": "Sanitized",
        "traceparent": "00-aacec8973ff41089733a5438bcfbbca8-015ba24401dfd3ce-00",
        "User-Agent": "azsdk-net-ResourceManager/1.4.0 (.NET 7.0.5; Microsoft Windows 10.0.22621)",
        "x-ms-client-request-id": "0f5214b204ef47daa96091a63b295a00",
        "x-ms-return-client-request-id": "true",
        "x-ms-serviceconnector-user-token": "Sanitized"
      },
      "RequestBody": null,
      "StatusCode": 200,
      "ResponseHeaders": {
        "Cache-Control": "no-cache",
        "Content-Length": "594",
        "Content-Type": "application/json; charset=utf-8",
        "Date": "Wed, 26 Apr 2023 07:00:50 GMT",
        "ETag": "\u002213004d9e-0000-0100-0000-6448cc1d0000\u0022",
        "Expires": "-1",
        "Pragma": "no-cache",
        "Strict-Transport-Security": "max-age=31536000; includeSubDomains",
        "X-Content-Type-Options": "nosniff",
        "x-ms-client-request-id": "0f5214b204ef47daa96091a63b295a00",
        "x-ms-correlation-request-id": "f0de1a9d-f9ac-450f-80e3-067de197aafd",
        "x-ms-ratelimit-remaining-subscription-reads": "11974",
        "x-ms-request-id": "15a67aa5-8379-4199-86df-f56824f4f934",
        "x-ms-routing-request-id": "SOUTHEASTASIA:20230426T070050Z:f0de1a9d-f9ac-450f-80e3-067de197aafd"
      },
      "ResponseBody": {
        "id": "/subscriptions/db1ab6f0-4769-4b27-930e-01e2ef9c123c/providers/Microsoft.ServiceLinker/locations/EASTUS/operationStatuses/6fc492da-bde5-440f-b304-62c7462d9df6*FBA1BF22EF2BE532D4E6B749DBB34C646736403B94A8427B9948E876E2BC15C6",
        "name": "6fc492da-bde5-440f-b304-62c7462d9df6*FBA1BF22EF2BE532D4E6B749DBB34C646736403B94A8427B9948E876E2BC15C6",
        "resourceId": "/subscriptions/db1ab6f0-4769-4b27-930e-01e2ef9c123c/resourceGroups/SdkRg5162/providers/Microsoft.Web/sites/SdkWeb1604/providers/Microsoft.ServiceLinker/linkers/SdkLinker7354",
        "status": "Accepted",
        "startTime": "2023-04-26T07:00:45.5570181Z"
      }
    },
    {
      "RequestUri": "https://management.azure.com/subscriptions/db1ab6f0-4769-4b27-930e-01e2ef9c123c/providers/Microsoft.ServiceLinker/locations/EASTUS/operationStatuses/6fc492da-bde5-440f-b304-62c7462d9df6*FBA1BF22EF2BE532D4E6B749DBB34C646736403B94A8427B9948E876E2BC15C6?api-version=2022-05-01",
      "RequestMethod": "GET",
      "RequestHeaders": {
        "Authorization": "Sanitized",
        "traceparent": "00-aacec8973ff41089733a5438bcfbbca8-7360ce301eb9dc59-00",
        "User-Agent": "azsdk-net-ResourceManager/1.4.0 (.NET 7.0.5; Microsoft Windows 10.0.22621)",
        "x-ms-client-request-id": "de2443d06e174ae34e033be7ba6cdc4b",
        "x-ms-return-client-request-id": "true",
        "x-ms-serviceconnector-user-token": "Sanitized"
      },
      "RequestBody": null,
      "StatusCode": 200,
      "ResponseHeaders": {
        "Cache-Control": "no-cache",
        "Content-Length": "594",
        "Content-Type": "application/json; charset=utf-8",
        "Date": "Wed, 26 Apr 2023 07:00:52 GMT",
        "ETag": "\u002213004d9e-0000-0100-0000-6448cc1d0000\u0022",
        "Expires": "-1",
        "Pragma": "no-cache",
        "Strict-Transport-Security": "max-age=31536000; includeSubDomains",
        "X-Content-Type-Options": "nosniff",
        "x-ms-client-request-id": "de2443d06e174ae34e033be7ba6cdc4b",
        "x-ms-correlation-request-id": "a529d5b4-0975-4485-897c-fbf6335e11a0",
        "x-ms-ratelimit-remaining-subscription-reads": "11973",
        "x-ms-request-id": "a6446c13-e71a-478b-93b1-509c1aa431a7",
        "x-ms-routing-request-id": "SOUTHEASTASIA:20230426T070052Z:a529d5b4-0975-4485-897c-fbf6335e11a0"
      },
      "ResponseBody": {
        "id": "/subscriptions/db1ab6f0-4769-4b27-930e-01e2ef9c123c/providers/Microsoft.ServiceLinker/locations/EASTUS/operationStatuses/6fc492da-bde5-440f-b304-62c7462d9df6*FBA1BF22EF2BE532D4E6B749DBB34C646736403B94A8427B9948E876E2BC15C6",
        "name": "6fc492da-bde5-440f-b304-62c7462d9df6*FBA1BF22EF2BE532D4E6B749DBB34C646736403B94A8427B9948E876E2BC15C6",
        "resourceId": "/subscriptions/db1ab6f0-4769-4b27-930e-01e2ef9c123c/resourceGroups/SdkRg5162/providers/Microsoft.Web/sites/SdkWeb1604/providers/Microsoft.ServiceLinker/linkers/SdkLinker7354",
        "status": "Accepted",
        "startTime": "2023-04-26T07:00:45.5570181Z"
      }
    },
    {
      "RequestUri": "https://management.azure.com/subscriptions/db1ab6f0-4769-4b27-930e-01e2ef9c123c/providers/Microsoft.ServiceLinker/locations/EASTUS/operationStatuses/6fc492da-bde5-440f-b304-62c7462d9df6*FBA1BF22EF2BE532D4E6B749DBB34C646736403B94A8427B9948E876E2BC15C6?api-version=2022-05-01",
      "RequestMethod": "GET",
      "RequestHeaders": {
        "Authorization": "Sanitized",
        "traceparent": "00-aacec8973ff41089733a5438bcfbbca8-b0b536070e72a492-00",
        "User-Agent": "azsdk-net-ResourceManager/1.4.0 (.NET 7.0.5; Microsoft Windows 10.0.22621)",
        "x-ms-client-request-id": "16fd0221ccce3d432a8160675d587889",
        "x-ms-return-client-request-id": "true",
        "x-ms-serviceconnector-user-token": "Sanitized"
      },
      "RequestBody": null,
      "StatusCode": 200,
      "ResponseHeaders": {
        "Cache-Control": "no-cache",
        "Content-Length": "666",
        "Content-Type": "application/json; charset=utf-8",
        "Date": "Wed, 26 Apr 2023 07:00:56 GMT",
        "ETag": "\u00221300579e-0000-0100-0000-6448cc280000\u0022",
        "Expires": "-1",
        "Pragma": "no-cache",
        "Strict-Transport-Security": "max-age=31536000; includeSubDomains",
        "X-Content-Type-Options": "nosniff",
        "x-ms-client-request-id": "16fd0221ccce3d432a8160675d587889",
        "x-ms-correlation-request-id": "d914b177-ddd4-4fac-9563-adb2c98ad30a",
        "x-ms-ratelimit-remaining-subscription-reads": "11972",
        "x-ms-request-id": "1e50793b-4328-46b4-b043-e3fcd5678a65",
        "x-ms-routing-request-id": "SOUTHEASTASIA:20230426T070057Z:d914b177-ddd4-4fac-9563-adb2c98ad30a"
      },
      "ResponseBody": {
        "id": "/subscriptions/db1ab6f0-4769-4b27-930e-01e2ef9c123c/providers/Microsoft.ServiceLinker/locations/EASTUS/operationStatuses/6fc492da-bde5-440f-b304-62c7462d9df6*FBA1BF22EF2BE532D4E6B749DBB34C646736403B94A8427B9948E876E2BC15C6",
        "name": "6fc492da-bde5-440f-b304-62c7462d9df6*FBA1BF22EF2BE532D4E6B749DBB34C646736403B94A8427B9948E876E2BC15C6",
        "resourceId": "/subscriptions/db1ab6f0-4769-4b27-930e-01e2ef9c123c/resourceGroups/SdkRg5162/providers/Microsoft.Web/sites/SdkWeb1604/providers/Microsoft.ServiceLinker/linkers/SdkLinker7354",
        "status": "Succeeded",
        "startTime": "2023-04-26T07:00:45.5570181Z",
        "endTime": "2023-04-26T07:00:56.4798725Z",
        "properties": {
          "Message": null
        }
      }
    },
    {
      "RequestUri": "https://management.azure.com/subscriptions/db1ab6f0-4769-4b27-930e-01e2ef9c123c/resourceGroups/SdkRg5162/providers/Microsoft.Web/sites/SdkWeb1604/providers/Microsoft.ServiceLinker/linkers/SdkLinker7354?api-version=2022-05-01",
      "RequestMethod": "GET",
      "RequestHeaders": {
        "Authorization": "Sanitized",
        "traceparent": "00-aacec8973ff41089733a5438bcfbbca8-fd134b6145ebb912-00",
        "User-Agent": "azsdk-net-ResourceManager/1.4.0 (.NET 7.0.5; Microsoft Windows 10.0.22621)",
        "x-ms-client-request-id": "7612f6b39c8143db3108c0ecc9f38d3d",
        "x-ms-return-client-request-id": "true",
        "x-ms-serviceconnector-user-token": "Sanitized"
      },
      "RequestBody": null,
      "StatusCode": 200,
      "ResponseHeaders": {
        "Cache-Control": "no-cache",
        "Content-Length": "894",
        "Content-Type": "application/json; charset=utf-8",
        "Date": "Wed, 26 Apr 2023 07:00:57 GMT",
        "ETag": "\u002248004a31-0000-0100-0000-6448cc280000\u0022",
        "Expires": "-1",
        "mise-correlation-id": "d8043357-0f3e-4c13-9229-264feb3bf153",
        "Pragma": "no-cache",
        "Strict-Transport-Security": "max-age=31536000; includeSubDomains",
        "X-Content-Type-Options": "nosniff",
        "x-ms-client-request-id": "7612f6b39c8143db3108c0ecc9f38d3d",
        "x-ms-correlation-request-id": "4af2c430-92e2-4670-8cb2-258a49f052c0",
        "x-ms-providerhub-traffic": "True",
        "x-ms-ratelimit-remaining-subscription-reads": "11971",
        "x-ms-request-id": "0b53cb84-c16f-49c5-b1c3-85e3e1f7a35e",
        "x-ms-routing-request-id": "SOUTHEASTASIA:20230426T070057Z:4af2c430-92e2-4670-8cb2-258a49f052c0"
      },
      "ResponseBody": {
        "id": "/subscriptions/db1ab6f0-4769-4b27-930e-01e2ef9c123c/resourceGroups/SdkRg5162/providers/Microsoft.Web/sites/SdkWeb1604/providers/Microsoft.ServiceLinker/linkers/SdkLinker7354",
        "name": "SdkLinker7354",
        "type": "microsoft.servicelinker/linkers",
        "systemData": {
          "createdBy": "8e6d47e0-7969-4fde-a62c-4fea4f165e98",
          "createdByType": "Application",
          "createdAt": "2023-04-26T07:00:44.0994987Z",
          "lastModifiedBy": "8e6d47e0-7969-4fde-a62c-4fea4f165e98",
          "lastModifiedByType": "Application",
          "lastModifiedAt": "2023-04-26T07:00:44.0994987Z"
        },
        "properties": {
          "provisioningState": "Succeeded",
          "targetService": {
            "id": "/subscriptions/db1ab6f0-4769-4b27-930e-01e2ef9c123c/resourceGroups/SdkRg5162/providers/Microsoft.KeyVault/vaults/SdkVault4605",
            "resourceProperties": null,
            "type": "AzureResource"
          },
          "authInfo": {
            "authType": "systemAssignedIdentity"
          },
          "clientType": "dotnet",
          "scope": null,
          "vNetSolution": null,
          "secretStore": null
        }
      }
    },
    {
      "RequestUri": "https://management.azure.com/subscriptions/db1ab6f0-4769-4b27-930e-01e2ef9c123c/resourceGroups/SdkRg5162/providers/Microsoft.Web/sites/SdkWeb1604/providers/Microsoft.ServiceLinker/linkers?api-version=2022-05-01",
      "RequestMethod": "GET",
      "RequestHeaders": {
        "Accept": "application/json",
        "Authorization": "Sanitized",
        "User-Agent": "azsdk-net-ResourceManager.ServiceLinker/1.1.0-alpha.20230426.1 (.NET 7.0.5; Microsoft Windows 10.0.22621)",
        "x-ms-client-request-id": "39854583432b043100e7b4950e7cedf6",
        "x-ms-return-client-request-id": "true",
        "x-ms-serviceconnector-user-token": "Sanitized"
      },
      "RequestBody": null,
      "StatusCode": 200,
      "ResponseHeaders": {
        "Cache-Control": "no-cache",
        "Content-Length": "906",
        "Content-Type": "application/json; charset=utf-8",
        "Date": "Wed, 26 Apr 2023 07:00:58 GMT",
        "Expires": "-1",
        "mise-correlation-id": "bcd648a7-7b01-4ecb-b59f-c68498a6814f",
        "Pragma": "no-cache",
        "Strict-Transport-Security": "max-age=31536000; includeSubDomains",
        "X-Content-Type-Options": "nosniff",
        "x-ms-client-request-id": "39854583432b043100e7b4950e7cedf6",
        "x-ms-correlation-request-id": "bfb5c3e7-c29e-47c2-ba55-190528f0a0da",
        "x-ms-providerhub-traffic": "True",
        "x-ms-ratelimit-remaining-subscription-reads": "11970",
        "x-ms-request-id": "2b62ded7-983d-44ee-b860-abe4a2768306",
        "x-ms-routing-request-id": "SOUTHEASTASIA:20230426T070058Z:bfb5c3e7-c29e-47c2-ba55-190528f0a0da"
      },
      "ResponseBody": {
        "value": [
          {
            "id": "/subscriptions/db1ab6f0-4769-4b27-930e-01e2ef9c123c/resourceGroups/SdkRg5162/providers/Microsoft.Web/sites/SdkWeb1604/providers/Microsoft.ServiceLinker/linkers/SdkLinker7354",
            "name": "SdkLinker7354",
            "type": "microsoft.servicelinker/linkers",
            "systemData": {
              "createdBy": "8e6d47e0-7969-4fde-a62c-4fea4f165e98",
              "createdByType": "Application",
              "createdAt": "2023-04-26T07:00:44.0994987Z",
              "lastModifiedBy": "8e6d47e0-7969-4fde-a62c-4fea4f165e98",
              "lastModifiedByType": "Application",
              "lastModifiedAt": "2023-04-26T07:00:44.0994987Z"
            },
            "properties": {
              "provisioningState": "Succeeded",
              "targetService": {
                "id": "/subscriptions/db1ab6f0-4769-4b27-930e-01e2ef9c123c/resourceGroups/SdkRg5162/providers/Microsoft.KeyVault/vaults/SdkVault4605",
                "resourceProperties": null,
                "type": "AzureResource"
              },
              "authInfo": {
                "authType": "systemAssignedIdentity"
              },
              "clientType": "dotnet",
              "scope": null,
              "vNetSolution": null,
              "secretStore": null
            }
          }
        ]
      }
    },
    {
      "RequestUri": "https://management.azure.com/subscriptions/db1ab6f0-4769-4b27-930e-01e2ef9c123c/resourceGroups/SdkRg5162/providers/Microsoft.Web/sites/SdkWeb1604/providers/Microsoft.ServiceLinker/linkers/SdkLinker7354?api-version=2022-05-01",
      "RequestMethod": "GET",
      "RequestHeaders": {
        "Accept": "application/json",
        "Authorization": "Sanitized",
        "traceparent": "00-993d54a0c8cac631647ad160beffbc7d-7ed6d9ea458fb8c0-00",
        "User-Agent": "azsdk-net-ResourceManager.ServiceLinker/1.1.0-alpha.20230426.1 (.NET 7.0.5; Microsoft Windows 10.0.22621)",
        "x-ms-client-request-id": "c333b28a665984ca26bae5c60b577436",
        "x-ms-return-client-request-id": "true",
        "x-ms-serviceconnector-user-token": "Sanitized"
      },
      "RequestBody": null,
      "StatusCode": 200,
      "ResponseHeaders": {
        "Cache-Control": "no-cache",
        "Content-Length": "894",
        "Content-Type": "application/json; charset=utf-8",
        "Date": "Wed, 26 Apr 2023 07:00:59 GMT",
        "ETag": "\u002248004a31-0000-0100-0000-6448cc280000\u0022",
        "Expires": "-1",
        "mise-correlation-id": "a88972c9-1ee1-46a0-b09f-914aac4bda72",
        "Pragma": "no-cache",
        "Strict-Transport-Security": "max-age=31536000; includeSubDomains",
        "X-Content-Type-Options": "nosniff",
        "x-ms-client-request-id": "c333b28a665984ca26bae5c60b577436",
        "x-ms-correlation-request-id": "ecc83220-9d93-412a-ae5d-36bbc1e2283d",
        "x-ms-providerhub-traffic": "True",
        "x-ms-ratelimit-remaining-subscription-reads": "11969",
        "x-ms-request-id": "51a77195-08f7-4275-b2d0-a629e5786273",
        "x-ms-routing-request-id": "SOUTHEASTASIA:20230426T070059Z:ecc83220-9d93-412a-ae5d-36bbc1e2283d"
      },
      "ResponseBody": {
        "id": "/subscriptions/db1ab6f0-4769-4b27-930e-01e2ef9c123c/resourceGroups/SdkRg5162/providers/Microsoft.Web/sites/SdkWeb1604/providers/Microsoft.ServiceLinker/linkers/SdkLinker7354",
        "name": "SdkLinker7354",
        "type": "microsoft.servicelinker/linkers",
        "systemData": {
          "createdBy": "8e6d47e0-7969-4fde-a62c-4fea4f165e98",
          "createdByType": "Application",
          "createdAt": "2023-04-26T07:00:44.0994987Z",
          "lastModifiedBy": "8e6d47e0-7969-4fde-a62c-4fea4f165e98",
          "lastModifiedByType": "Application",
          "lastModifiedAt": "2023-04-26T07:00:44.0994987Z"
        },
        "properties": {
          "provisioningState": "Succeeded",
          "targetService": {
            "id": "/subscriptions/db1ab6f0-4769-4b27-930e-01e2ef9c123c/resourceGroups/SdkRg5162/providers/Microsoft.KeyVault/vaults/SdkVault4605",
            "resourceProperties": null,
            "type": "AzureResource"
          },
          "authInfo": {
            "authType": "systemAssignedIdentity"
          },
          "clientType": "dotnet",
          "scope": null,
          "vNetSolution": null,
          "secretStore": null
        }
      }
    },
    {
      "RequestUri": "https://management.azure.com/subscriptions/db1ab6f0-4769-4b27-930e-01e2ef9c123c/resourceGroups/SdkRg5162/providers/Microsoft.Web/sites/SdkWeb1604/providers/Microsoft.ServiceLinker/linkers/SdkLinker7354/listConfigurations?api-version=2022-05-01",
      "RequestMethod": "POST",
      "RequestHeaders": {
        "Accept": "application/json",
        "Authorization": "Sanitized",
        "Content-Length": "0",
        "traceparent": "00-ca0ebf2bed684c0cccacc500d52fc3c3-b2e71fa74be31c46-00",
        "User-Agent": "azsdk-net-ResourceManager.ServiceLinker/1.1.0-alpha.20230426.1 (.NET 7.0.5; Microsoft Windows 10.0.22621)",
        "x-ms-client-request-id": "17e323f33fd26f5ec40e7599e84635b4",
        "x-ms-return-client-request-id": "true",
        "x-ms-serviceconnector-user-token": "Sanitized"
      },
      "RequestBody": null,
      "StatusCode": 200,
      "ResponseHeaders": {
        "Cache-Control": "no-cache",
        "Content-Length": "186",
        "Content-Type": "application/json; charset=utf-8",
        "Date": "Wed, 26 Apr 2023 07:01:00 GMT",
        "Expires": "-1",
        "mise-correlation-id": "c391f307-3cae-4b40-9e5f-dbdbe357ca90",
        "Pragma": "no-cache",
        "Strict-Transport-Security": "max-age=31536000; includeSubDomains",
        "X-Content-Type-Options": "nosniff",
        "x-ms-client-request-id": "17e323f33fd26f5ec40e7599e84635b4",
        "x-ms-correlation-request-id": "c6dda1b6-84a5-47e4-a4a9-a7a6bfb3a6d2",
        "x-ms-providerhub-traffic": "True",
        "x-ms-ratelimit-remaining-subscription-writes": "1199",
        "x-ms-request-id": "facfb733-853a-4fe5-88c2-5b60f47690c4",
        "x-ms-routing-request-id": "SOUTHEASTASIA:20230426T070100Z:c6dda1b6-84a5-47e4-a4a9-a7a6bfb3a6d2"
      },
      "ResponseBody": {
        "configurations": [
          {
            "name": "AZURE_KEYVAULT_RESOURCEENDPOINT",
            "value": "https://SdkVault4605.vault.azure.net/"
          },
          {
            "name": "AZURE_KEYVAULT_SCOPE",
            "value": "https://vault.azure.net/.default"
          }
        ]
      }
    },
    {
      "RequestUri": "https://management.azure.com/subscriptions/db1ab6f0-4769-4b27-930e-01e2ef9c123c/resourceGroups/SdkRg5162/providers/Microsoft.Web/sites/SdkWeb1604/providers/Microsoft.ServiceLinker/linkers/SdkLinker7354?api-version=2022-05-01",
      "RequestMethod": "DELETE",
      "RequestHeaders": {
        "Accept": "application/json",
        "Authorization": "Sanitized",
        "traceparent": "00-3126b770e43a08bd60fbfe2ef4d8a1aa-7ec3900d3f4661e4-00",
        "User-Agent": "azsdk-net-ResourceManager.ServiceLinker/1.1.0-alpha.20230426.1 (.NET 7.0.5; Microsoft Windows 10.0.22621)",
        "x-ms-client-request-id": "1761ca1acabf1de37b0013715e6bf8a8",
        "x-ms-return-client-request-id": "true",
        "x-ms-serviceconnector-user-token": "Sanitized"
      },
      "RequestBody": null,
      "StatusCode": 202,
      "ResponseHeaders": {
        "Azure-AsyncOperation": "https://management.azure.com/subscriptions/db1ab6f0-4769-4b27-930e-01e2ef9c123c/providers/Microsoft.ServiceLinker/locations/EASTUS/operationStatuses/33aab3bc-6ce0-4d05-9b3f-824505a27ed4*FBA1BF22EF2BE532D4E6B749DBB34C646736403B94A8427B9948E876E2BC15C6?api-version=2022-05-01",
        "Cache-Control": "no-cache",
        "Content-Length": "4",
        "Content-Type": "application/json; charset=utf-8",
        "Date": "Wed, 26 Apr 2023 07:01:01 GMT",
        "ETag": "\u002248005431-0000-0100-0000-6448cc2d0000\u0022",
        "Expires": "-1",
        "Location": "https://management.azure.com/subscriptions/db1ab6f0-4769-4b27-930e-01e2ef9c123c/providers/Microsoft.ServiceLinker/locations/EASTUS/operationStatuses/33aab3bc-6ce0-4d05-9b3f-824505a27ed4*FBA1BF22EF2BE532D4E6B749DBB34C646736403B94A8427B9948E876E2BC15C6?api-version=2022-05-01",
        "mise-correlation-id": "512d0e4f-2afb-4769-89ba-fd6c28fd0016",
        "Pragma": "no-cache",
        "Strict-Transport-Security": "max-age=31536000; includeSubDomains",
        "X-Content-Type-Options": "nosniff",
        "x-ms-client-request-id": "1761ca1acabf1de37b0013715e6bf8a8",
        "x-ms-correlation-request-id": "8192cd2a-5333-4f47-92dd-7f88fbdf6e9b",
        "x-ms-providerhub-traffic": "True",
        "x-ms-ratelimit-remaining-subscription-deletes": "14999",
        "x-ms-request-id": "33aab3bc-6ce0-4d05-9b3f-824505a27ed4",
        "x-ms-routing-request-id": "SOUTHEASTASIA:20230426T070101Z:8192cd2a-5333-4f47-92dd-7f88fbdf6e9b"
      },
      "ResponseBody": "null"
    },
    {
      "RequestUri": "https://management.azure.com/subscriptions/db1ab6f0-4769-4b27-930e-01e2ef9c123c/providers/Microsoft.ServiceLinker/locations/EASTUS/operationStatuses/33aab3bc-6ce0-4d05-9b3f-824505a27ed4*FBA1BF22EF2BE532D4E6B749DBB34C646736403B94A8427B9948E876E2BC15C6?api-version=2022-05-01",
      "RequestMethod": "GET",
      "RequestHeaders": {
        "Authorization": "Sanitized",
        "traceparent": "00-3126b770e43a08bd60fbfe2ef4d8a1aa-9c8ac512a68b2b92-00",
        "User-Agent": "azsdk-net-ResourceManager/1.4.0 (.NET 7.0.5; Microsoft Windows 10.0.22621)",
        "x-ms-client-request-id": "40ab30845df529763fc69bd12cec1058",
        "x-ms-return-client-request-id": "true",
        "x-ms-serviceconnector-user-token": "Sanitized"
      },
      "RequestBody": null,
      "StatusCode": 202,
      "ResponseHeaders": {
        "Cache-Control": "no-cache",
        "Content-Length": "594",
        "Content-Type": "application/json; charset=utf-8",
        "Date": "Wed, 26 Apr 2023 07:01:01 GMT",
        "ETag": "\u002213005a9e-0000-0100-0000-6448cc2d0000\u0022",
        "Expires": "-1",
        "Pragma": "no-cache",
        "Strict-Transport-Security": "max-age=31536000; includeSubDomains",
        "X-Content-Type-Options": "nosniff",
        "x-ms-client-request-id": "40ab30845df529763fc69bd12cec1058",
        "x-ms-correlation-request-id": "c0f0b014-f980-48a2-b4f6-7edb03223dd4",
        "x-ms-ratelimit-remaining-subscription-reads": "11968",
        "x-ms-request-id": "baaac050-b21f-4ba9-9c1e-168dfdf62717",
        "x-ms-routing-request-id": "SOUTHEASTASIA:20230426T070102Z:c0f0b014-f980-48a2-b4f6-7edb03223dd4"
      },
      "ResponseBody": {
        "id": "/subscriptions/db1ab6f0-4769-4b27-930e-01e2ef9c123c/providers/Microsoft.ServiceLinker/locations/EASTUS/operationStatuses/33aab3bc-6ce0-4d05-9b3f-824505a27ed4*FBA1BF22EF2BE532D4E6B749DBB34C646736403B94A8427B9948E876E2BC15C6",
        "name": "33aab3bc-6ce0-4d05-9b3f-824505a27ed4*FBA1BF22EF2BE532D4E6B749DBB34C646736403B94A8427B9948E876E2BC15C6",
        "resourceId": "/subscriptions/db1ab6f0-4769-4b27-930e-01e2ef9c123c/resourceGroups/SdkRg5162/providers/Microsoft.Web/sites/SdkWeb1604/providers/Microsoft.ServiceLinker/linkers/SdkLinker7354",
        "status": "Deleting",
        "startTime": "2023-04-26T07:01:01.3053069Z"
      }
    },
    {
      "RequestUri": "https://management.azure.com/subscriptions/db1ab6f0-4769-4b27-930e-01e2ef9c123c/providers/Microsoft.ServiceLinker/locations/EASTUS/operationStatuses/33aab3bc-6ce0-4d05-9b3f-824505a27ed4*FBA1BF22EF2BE532D4E6B749DBB34C646736403B94A8427B9948E876E2BC15C6?api-version=2022-05-01",
      "RequestMethod": "GET",
      "RequestHeaders": {
        "Authorization": "Sanitized",
        "traceparent": "00-3126b770e43a08bd60fbfe2ef4d8a1aa-8e14f30192766a2d-00",
        "User-Agent": "azsdk-net-ResourceManager/1.4.0 (.NET 7.0.5; Microsoft Windows 10.0.22621)",
        "x-ms-client-request-id": "6a26cd154aa4441ca716c3fbca972c4b",
        "x-ms-return-client-request-id": "true",
        "x-ms-serviceconnector-user-token": "Sanitized"
      },
      "RequestBody": null,
      "StatusCode": 202,
      "ResponseHeaders": {
        "Cache-Control": "no-cache",
        "Content-Length": "594",
        "Content-Type": "application/json; charset=utf-8",
        "Date": "Wed, 26 Apr 2023 07:01:03 GMT",
        "ETag": "\u002213005a9e-0000-0100-0000-6448cc2d0000\u0022",
        "Expires": "-1",
        "Pragma": "no-cache",
        "Strict-Transport-Security": "max-age=31536000; includeSubDomains",
        "X-Content-Type-Options": "nosniff",
        "x-ms-client-request-id": "6a26cd154aa4441ca716c3fbca972c4b",
        "x-ms-correlation-request-id": "213d651e-24d9-40a9-b85e-6a1c9d1a53e1",
        "x-ms-ratelimit-remaining-subscription-reads": "11967",
        "x-ms-request-id": "54700d75-37d4-48ae-8089-2e7ff5ed3d5a",
        "x-ms-routing-request-id": "SOUTHEASTASIA:20230426T070103Z:213d651e-24d9-40a9-b85e-6a1c9d1a53e1"
      },
      "ResponseBody": {
        "id": "/subscriptions/db1ab6f0-4769-4b27-930e-01e2ef9c123c/providers/Microsoft.ServiceLinker/locations/EASTUS/operationStatuses/33aab3bc-6ce0-4d05-9b3f-824505a27ed4*FBA1BF22EF2BE532D4E6B749DBB34C646736403B94A8427B9948E876E2BC15C6",
        "name": "33aab3bc-6ce0-4d05-9b3f-824505a27ed4*FBA1BF22EF2BE532D4E6B749DBB34C646736403B94A8427B9948E876E2BC15C6",
        "resourceId": "/subscriptions/db1ab6f0-4769-4b27-930e-01e2ef9c123c/resourceGroups/SdkRg5162/providers/Microsoft.Web/sites/SdkWeb1604/providers/Microsoft.ServiceLinker/linkers/SdkLinker7354",
        "status": "Deleting",
        "startTime": "2023-04-26T07:01:01.3053069Z"
      }
    },
    {
      "RequestUri": "https://management.azure.com/subscriptions/db1ab6f0-4769-4b27-930e-01e2ef9c123c/providers/Microsoft.ServiceLinker/locations/EASTUS/operationStatuses/33aab3bc-6ce0-4d05-9b3f-824505a27ed4*FBA1BF22EF2BE532D4E6B749DBB34C646736403B94A8427B9948E876E2BC15C6?api-version=2022-05-01",
      "RequestMethod": "GET",
      "RequestHeaders": {
        "Authorization": "Sanitized",
        "traceparent": "00-3126b770e43a08bd60fbfe2ef4d8a1aa-d59ad2b4c8504f46-00",
        "User-Agent": "azsdk-net-ResourceManager/1.4.0 (.NET 7.0.5; Microsoft Windows 10.0.22621)",
        "x-ms-client-request-id": "2eed3264b8bf16b30677abd23a511f67",
        "x-ms-return-client-request-id": "true",
        "x-ms-serviceconnector-user-token": "Sanitized"
      },
      "RequestBody": null,
      "StatusCode": 202,
      "ResponseHeaders": {
        "Cache-Control": "no-cache",
        "Content-Length": "594",
        "Content-Type": "application/json; charset=utf-8",
        "Date": "Wed, 26 Apr 2023 07:01:04 GMT",
        "ETag": "\u002213005a9e-0000-0100-0000-6448cc2d0000\u0022",
        "Expires": "-1",
        "Pragma": "no-cache",
        "Strict-Transport-Security": "max-age=31536000; includeSubDomains",
        "X-Content-Type-Options": "nosniff",
        "x-ms-client-request-id": "2eed3264b8bf16b30677abd23a511f67",
        "x-ms-correlation-request-id": "015002f3-6090-4e17-af25-61affa88e983",
        "x-ms-ratelimit-remaining-subscription-reads": "11966",
        "x-ms-request-id": "c4eabf83-2f03-4082-827c-e084eb904d56",
        "x-ms-routing-request-id": "SOUTHEASTASIA:20230426T070104Z:015002f3-6090-4e17-af25-61affa88e983"
      },
      "ResponseBody": {
        "id": "/subscriptions/db1ab6f0-4769-4b27-930e-01e2ef9c123c/providers/Microsoft.ServiceLinker/locations/EASTUS/operationStatuses/33aab3bc-6ce0-4d05-9b3f-824505a27ed4*FBA1BF22EF2BE532D4E6B749DBB34C646736403B94A8427B9948E876E2BC15C6",
        "name": "33aab3bc-6ce0-4d05-9b3f-824505a27ed4*FBA1BF22EF2BE532D4E6B749DBB34C646736403B94A8427B9948E876E2BC15C6",
        "resourceId": "/subscriptions/db1ab6f0-4769-4b27-930e-01e2ef9c123c/resourceGroups/SdkRg5162/providers/Microsoft.Web/sites/SdkWeb1604/providers/Microsoft.ServiceLinker/linkers/SdkLinker7354",
        "status": "Deleting",
        "startTime": "2023-04-26T07:01:01.3053069Z"
      }
    },
    {
      "RequestUri": "https://management.azure.com/subscriptions/db1ab6f0-4769-4b27-930e-01e2ef9c123c/providers/Microsoft.ServiceLinker/locations/EASTUS/operationStatuses/33aab3bc-6ce0-4d05-9b3f-824505a27ed4*FBA1BF22EF2BE532D4E6B749DBB34C646736403B94A8427B9948E876E2BC15C6?api-version=2022-05-01",
      "RequestMethod": "GET",
      "RequestHeaders": {
        "Authorization": "Sanitized",
        "traceparent": "00-3126b770e43a08bd60fbfe2ef4d8a1aa-086cccee65255e80-00",
        "User-Agent": "azsdk-net-ResourceManager/1.4.0 (.NET 7.0.5; Microsoft Windows 10.0.22621)",
        "x-ms-client-request-id": "2336a6b33109393b146799df9a7b5fa8",
        "x-ms-return-client-request-id": "true",
        "x-ms-serviceconnector-user-token": "Sanitized"
      },
      "RequestBody": null,
      "StatusCode": 200,
      "ResponseHeaders": {
        "Cache-Control": "no-cache",
        "Content-Length": "654",
        "Content-Type": "application/json; charset=utf-8",
        "Date": "Wed, 26 Apr 2023 07:01:05 GMT",
        "ETag": "\u002213005e9e-0000-0100-0000-6448cc310000\u0022",
        "Expires": "-1",
        "Pragma": "no-cache",
        "Strict-Transport-Security": "max-age=31536000; includeSubDomains",
        "X-Content-Type-Options": "nosniff",
        "x-ms-client-request-id": "2336a6b33109393b146799df9a7b5fa8",
        "x-ms-correlation-request-id": "4e6e4823-469f-4b55-8476-b99b68415d2d",
        "x-ms-ratelimit-remaining-subscription-reads": "11965",
        "x-ms-request-id": "57925a9b-b0cb-40fe-a24c-1398dd1a8560",
        "x-ms-routing-request-id": "SOUTHEASTASIA:20230426T070106Z:4e6e4823-469f-4b55-8476-b99b68415d2d"
      },
      "ResponseBody": {
        "id": "/subscriptions/db1ab6f0-4769-4b27-930e-01e2ef9c123c/providers/Microsoft.ServiceLinker/locations/EASTUS/operationStatuses/33aab3bc-6ce0-4d05-9b3f-824505a27ed4*FBA1BF22EF2BE532D4E6B749DBB34C646736403B94A8427B9948E876E2BC15C6",
        "name": "33aab3bc-6ce0-4d05-9b3f-824505a27ed4*FBA1BF22EF2BE532D4E6B749DBB34C646736403B94A8427B9948E876E2BC15C6",
        "resourceId": "/subscriptions/db1ab6f0-4769-4b27-930e-01e2ef9c123c/resourceGroups/SdkRg5162/providers/Microsoft.Web/sites/SdkWeb1604/providers/Microsoft.ServiceLinker/linkers/SdkLinker7354",
        "status": "Succeeded",
        "startTime": "2023-04-26T07:01:01.3053069Z",
        "endTime": "2023-04-26T07:01:05.4603193Z",
        "properties": null
      }
    }
  ],
  "Variables": {
    "AZURE_AUTHORITY_HOST": "https://login.microsoftonline.com",
    "RandomSeed": "1137052807",
    "RESOURCE_MANAGER_URL": null,
    "SUBSCRIPTION_ID": "db1ab6f0-4769-4b27-930e-01e2ef9c123c",
    "TENANT_ID": "72f988bf-86f1-41af-91ab-2d7cd011db47"
  }
}
