{
  "Entries": [
    {
      "RequestUri": "https://shrejaappconfiguration-azconfig-net.azconfig.io/kv/key-1022856440?label=test_label\u0026api-version=1.0",
      "RequestMethod": "PUT",
      "RequestHeaders": {
        "Accept": "application/vnd.microsoft.appconfig.kv\u002Bjson, application/problem\u002Bjson",
        "Authorization": "Sanitized",
        "Content-Length": "98",
        "Content-Type": "application/json",
        "Date": "Tue, 31 Jan 2023 20:23:43 GMT",
        "If-None-Match": "*",
        "traceparent": "00-f63b99ee842e2d4daac208276b48f59f-09370fbe10e1e129-00",
        "User-Agent": "azsdk-net-Data.AppConfiguration/1.3.0-alpha.20230131.1 (.NET 7.0.2; Microsoft Windows 10.0.22621)",
        "x-ms-client-request-id": "010af4ec48178c4de16e2f30c4ed3fbd",
        "x-ms-content-sha256": "b11OQu6GthUatwGXUIKHHSRVyik0TdrUk5kZm3yZd2A=",
        "x-ms-return-client-request-id": "true"
      },
      "RequestBody": {
        "value": "test_value",
        "content_type": "test_content_type",
        "tags": {
          "tag1": "value1",
          "tag2": "value2"
        }
      },
      "StatusCode": 200,
      "ResponseHeaders": {
        "Access-Control-Allow-Credentials": "true",
        "Access-Control-Allow-Origin": "*",
        "Access-Control-Expose-Headers": "DNT, X-CustomHeader, Keep-Alive, User-Agent, X-Requested-With, If-Modified-Since, Cache-Control, Content-Type, Authorization, x-ms-client-request-id, x-ms-useragent, x-ms-content-sha256, x-ms-date, host, Accept, Accept-Datetime, Date, If-Match, If-None-Match, Sync-Token, x-ms-return-client-request-id, ETag, Last-Modified, Link, Memento-Datetime, retry-after-ms, x-ms-request-id, x-ms-client-session-id, x-ms-effective-locale, WWW-Authenticate, traceparent, tracestate",
        "Connection": "keep-alive",
        "Content-Type": "application/vnd.microsoft.appconfig.kv\u002Bjson; charset=utf-8",
        "Date": "Tue, 31 Jan 2023 20:24:03 GMT",
        "ETag": "\u0022Nlpl5vTnPU9_33FnC9tk96k8lZtc6P9Lcp5dLiAxgQM\u0022",
        "Last-Modified": "Tue, 31 Jan 2023 20:24:03 GMT",
        "Server": "openresty/1.21.4.1",
        "Strict-Transport-Security": "max-age=15724800; includeSubDomains",
        "Sync-Token": "zAJw6V16=Nzo1IzEyOTMyNTg=;sn=1293258",
        "Transfer-Encoding": "chunked",
        "x-ms-client-request-id": "010af4ec48178c4de16e2f30c4ed3fbd",
        "x-ms-correlation-request-id": "675a3dcd-933e-4216-936c-ca580f4ff7ea",
        "x-ms-request-id": "675a3dcd-933e-4216-936c-ca580f4ff7ea"
      },
      "ResponseBody": {
        "etag": "Nlpl5vTnPU9_33FnC9tk96k8lZtc6P9Lcp5dLiAxgQM",
        "key": "key-1022856440",
        "label": "test_label",
        "content_type": "test_content_type",
        "value": "test_value",
        "tags": {
          "tag1": "value1",
          "tag2": "value2"
        },
        "locked": false,
        "last_modified": "2023-01-31T20:24:03\u002B00:00"
      }
    },
    {
      "RequestUri": "https://shrejaappconfiguration-azconfig-net.azconfig.io/kv/key-1022856440?label=test_label\u0026api-version=1.0",
      "RequestMethod": "PUT",
      "RequestHeaders": {
        "Accept": "application/vnd.microsoft.appconfig.kv\u002Bjson, application/problem\u002Bjson",
        "Authorization": "Sanitized",
        "Content-Length": "98",
        "Content-Type": "application/json",
        "Date": "Tue, 31 Jan 2023 20:23:44 GMT",
        "If-None-Match": "*",
        "Sync-Token": "zAJw6V16=Nzo1IzEyOTMyNTg=",
        "traceparent": "00-0018f5a7ae26d657de78562dd498d12b-ffb278e4ef30ce38-00",
        "User-Agent": "azsdk-net-Data.AppConfiguration/1.3.0-alpha.20230131.1 (.NET 7.0.2; Microsoft Windows 10.0.22621)",
        "x-ms-client-request-id": "dcab10382a2f67c34b1a47f1299ff5ae",
        "x-ms-content-sha256": "b11OQu6GthUatwGXUIKHHSRVyik0TdrUk5kZm3yZd2A=",
        "x-ms-return-client-request-id": "true"
      },
      "RequestBody": {
        "value": "test_value",
        "content_type": "test_content_type",
        "tags": {
          "tag1": "value1",
          "tag2": "value2"
        }
      },
      "StatusCode": 412,
      "ResponseHeaders": {
        "Access-Control-Allow-Credentials": "true",
        "Access-Control-Allow-Origin": "*",
        "Access-Control-Expose-Headers": "DNT, X-CustomHeader, Keep-Alive, User-Agent, X-Requested-With, If-Modified-Since, Cache-Control, Content-Type, Authorization, x-ms-client-request-id, x-ms-useragent, x-ms-content-sha256, x-ms-date, host, Accept, Accept-Datetime, Date, If-Match, If-None-Match, Sync-Token, x-ms-return-client-request-id, ETag, Last-Modified, Link, Memento-Datetime, retry-after-ms, x-ms-request-id, x-ms-client-session-id, x-ms-effective-locale, WWW-Authenticate, traceparent, tracestate",
        "Connection": "keep-alive",
        "Content-Length": "0",
        "Date": "Tue, 31 Jan 2023 20:24:04 GMT",
        "Server": "openresty/1.21.4.1",
        "Strict-Transport-Security": "max-age=15724800; includeSubDomains",
        "Sync-Token": "zAJw6V16=Nzo1IzEyOTMyNTg=;sn=1293258",
        "x-ms-client-request-id": "dcab10382a2f67c34b1a47f1299ff5ae",
        "x-ms-correlation-request-id": "a65da9ee-e199-435f-9db0-0f9de1d0215d",
        "x-ms-request-id": "a65da9ee-e199-435f-9db0-0f9de1d0215d"
      },
      "ResponseBody": null
    },
    {
      "RequestUri": "https://shrejaappconfiguration-azconfig-net.azconfig.io/kv/key-1022856440?label=test_label\u0026api-version=1.0",
      "RequestMethod": "DELETE",
      "RequestHeaders": {
        "Accept": "application/vnd.microsoft.appconfig.kv\u002Bjson, application/problem\u002Bjson",
        "Authorization": "Sanitized",
        "Date": "Tue, 31 Jan 2023 20:23:44 GMT",
        "Sync-Token": "zAJw6V16=Nzo1IzEyOTMyNTg=",
        "traceparent": "00-cb39a16f4f7095c1c6a5d9578a3a602a-8950b9e9ce491ac3-00",
        "User-Agent": "azsdk-net-Data.AppConfiguration/1.3.0-alpha.20230131.1 (.NET 7.0.2; Microsoft Windows 10.0.22621)",
        "x-ms-client-request-id": "90645b6a2393f061ca261efbf3f6a095",
        "x-ms-content-sha256": "47DEQpj8HBSa\u002B/TImW\u002B5JCeuQeRkm5NMpJWZG3hSuFU=",
        "x-ms-return-client-request-id": "true"
      },
      "RequestBody": null,
      "StatusCode": 200,
      "ResponseHeaders": {
        "Access-Control-Allow-Credentials": "true",
        "Access-Control-Allow-Origin": "*",
        "Access-Control-Expose-Headers": "DNT, X-CustomHeader, Keep-Alive, User-Agent, X-Requested-With, If-Modified-Since, Cache-Control, Content-Type, Authorization, x-ms-client-request-id, x-ms-useragent, x-ms-content-sha256, x-ms-date, host, Accept, Accept-Datetime, Date, If-Match, If-None-Match, Sync-Token, x-ms-return-client-request-id, ETag, Last-Modified, Link, Memento-Datetime, retry-after-ms, x-ms-request-id, x-ms-client-session-id, x-ms-effective-locale, WWW-Authenticate, traceparent, tracestate",
        "Connection": "keep-alive",
        "Content-Type": "application/vnd.microsoft.appconfig.kv\u002Bjson; charset=utf-8",
        "Date": "Tue, 31 Jan 2023 20:24:04 GMT",
        "ETag": "\u0022Nlpl5vTnPU9_33FnC9tk96k8lZtc6P9Lcp5dLiAxgQM\u0022",
        "Last-Modified": "Tue, 31 Jan 2023 20:24:03 GMT",
        "Server": "openresty/1.21.4.1",
        "Strict-Transport-Security": "max-age=15724800; includeSubDomains",
        "Sync-Token": "zAJw6V16=Nzo1IzEyOTMyNTk=;sn=1293259",
        "Transfer-Encoding": "chunked",
        "x-ms-client-request-id": "90645b6a2393f061ca261efbf3f6a095",
        "x-ms-correlation-request-id": "1d3b9611-a7ad-4de8-8e5f-ecdd3234dcff",
        "x-ms-request-id": "1d3b9611-a7ad-4de8-8e5f-ecdd3234dcff"
      },
      "ResponseBody": {
        "etag": "Nlpl5vTnPU9_33FnC9tk96k8lZtc6P9Lcp5dLiAxgQM",
        "key": "key-1022856440",
        "label": "test_label",
        "content_type": "test_content_type",
        "value": "test_value",
        "tags": {
          "tag1": "value1",
          "tag2": "value2"
        },
        "locked": false,
        "last_modified": "2023-01-31T20:24:03\u002B00:00"
      }
    }
  ],
  "Variables": {
    "APPCONFIGURATION_CONNECTION_STRING": "Endpoint=https://shrejaappconfiguration-azconfig-net.azconfig.io;Id=RoMR-l1-s0:NgGvLRBi23WLJ6PQ6mcy;Secret=Kg==",
    "RandomSeed": "1038198977"
  }
}
