{
  "Entries": [
    {
      "RequestUri": "https://pakrym-azconfig-ui.azconfig.io/kv/key-1282116647?label=test_label\u0026api-version=1.0",
      "RequestMethod": "PUT",
      "RequestHeaders": {
        "Accept": "application/vnd.microsoft.appconfig.kv\u002Bjson",
        "Authorization": "Sanitized",
        "Content-Length": "98",
        "Content-Type": "application/json",
        "Date": "Fri, 15 Nov 2019 16:12:00 GMT",
        "If-None-Match": "*",
        "traceparent": "00-c38552fc400e424ab32f344a7817c2fc-18fc3811534ac64a-00",
        "User-Agent": [
          "azsdk-net-Data.AppConfiguration/1.0.0-dev.20191115.1\u002B3fdc29ffefe1c2a21b3ae10d36e8e428b6b8d6c5",
          "(.NET Core 4.6.28008.01; Microsoft Windows 10.0.18362 )"
        ],
        "x-ms-client-request-id": "0ddd9ce47472bc17dca668cad6422078",
        "x-ms-content-sha256": "b11OQu6GthUatwGXUIKHHSRVyik0TdrUk5kZm3yZd2A=",
        "x-ms-return-client-request-id": "true"
      },
      "RequestBody": {
        "value": "test_value",
        "content_type": "test_content_type",
        "tags": {
          "tag1": "value1",
          "tag2": "value2"
        }
      },
      "StatusCode": 200,
      "ResponseHeaders": {
        "Access-Control-Allow-Credentials": "true",
        "Access-Control-Allow-Headers": "DNT, X-CustomHeader, Keep-Alive, User-Agent, X-Requested-With, If-Modified-Since, Cache-Control, Content-Type, Authorization, x-ms-client-request-id, x-ms-content-sha256, x-ms-date, host, Accept, Accept-Datetime, Date, If-Match, If-None-Match, Sync-Token, x-ms-return-client-request-id, ETag, Last-Modified, Link, Memento-Datetime, x-ms-retry-after, x-ms-request-id, WWW-Authenticate",
        "Access-Control-Allow-Methods": "GET, PUT, POST, DELETE, PATCH, OPTIONS",
        "Access-Control-Allow-Origin": "*",
        "Access-Control-Expose-Headers": "DNT, X-CustomHeader, Keep-Alive, User-Agent, X-Requested-With, If-Modified-Since, Cache-Control, Content-Type, Authorization, x-ms-client-request-id, x-ms-content-sha256, x-ms-date, host, Accept, Accept-Datetime, Date, If-Match, If-None-Match, Sync-Token, x-ms-return-client-request-id, ETag, Last-Modified, Link, Memento-Datetime, x-ms-retry-after, x-ms-request-id, WWW-Authenticate",
        "Connection": "keep-alive",
        "Content-Type": "application/vnd.microsoft.appconfig.kv\u002Bjson; charset=utf-8",
        "Date": "Fri, 15 Nov 2019 16:11:58 GMT",
        "ETag": "\u0022aI45e5wIaaGYiXYbEzXLzDfDOn2\u0022",
        "Last-Modified": "Fri, 15 Nov 2019 16:11:59 GMT",
        "Server": "openresty/1.15.8.1",
        "Strict-Transport-Security": "max-age=15724800; includeSubDomains",
        "Sync-Token": "zAJw6V16=ODotMSM4MTkzMjA=;sn=819320",
        "Transfer-Encoding": "chunked",
        "x-ms-client-request-id": "0ddd9ce47472bc17dca668cad6422078",
        "x-ms-correlation-request-id": "ebe5bd1c-34e7-4063-9172-f45990ad6c1e",
        "x-ms-request-id": "ebe5bd1c-34e7-4063-9172-f45990ad6c1e"
      },
      "ResponseBody": {
        "etag": "aI45e5wIaaGYiXYbEzXLzDfDOn2",
        "key": "key-1282116647",
        "label": "test_label",
        "content_type": "test_content_type",
        "value": "test_value",
        "tags": {
          "tag1": "value1",
          "tag2": "value2"
        },
        "locked": false,
        "last_modified": "2019-11-15T16:11:59\u002B00:00"
      }
    },
    {
      "RequestUri": "https://pakrym-azconfig-ui.azconfig.io/locks/key-1282116647?label=test_label\u0026api-version=1.0",
      "RequestMethod": "DELETE",
      "RequestHeaders": {
        "Authorization": "Sanitized",
        "Date": "Fri, 15 Nov 2019 16:12:00 GMT",
        "Sync-Token": "zAJw6V16=ODotMSM4MTkzMjA=",
        "traceparent": "00-24042b7bcdd9e143809da8cd2067dea0-9b15a888b876e347-00",
        "User-Agent": [
          "azsdk-net-Data.AppConfiguration/1.0.0-dev.20191115.1\u002B3fdc29ffefe1c2a21b3ae10d36e8e428b6b8d6c5",
          "(.NET Core 4.6.28008.01; Microsoft Windows 10.0.18362 )"
        ],
        "x-ms-client-request-id": "5b4ddbdd58d33a18596a4b89bc855a12",
        "x-ms-content-sha256": "47DEQpj8HBSa\u002B/TImW\u002B5JCeuQeRkm5NMpJWZG3hSuFU=",
        "x-ms-return-client-request-id": "true"
      },
      "RequestBody": null,
      "StatusCode": 200,
      "ResponseHeaders": {
        "Access-Control-Allow-Credentials": "true",
        "Access-Control-Allow-Headers": "DNT, X-CustomHeader, Keep-Alive, User-Agent, X-Requested-With, If-Modified-Since, Cache-Control, Content-Type, Authorization, x-ms-client-request-id, x-ms-content-sha256, x-ms-date, host, Accept, Accept-Datetime, Date, If-Match, If-None-Match, Sync-Token, x-ms-return-client-request-id, ETag, Last-Modified, Link, Memento-Datetime, x-ms-retry-after, x-ms-request-id, WWW-Authenticate",
        "Access-Control-Allow-Methods": "GET, PUT, POST, DELETE, PATCH, OPTIONS",
        "Access-Control-Allow-Origin": "*",
        "Access-Control-Expose-Headers": "DNT, X-CustomHeader, Keep-Alive, User-Agent, X-Requested-With, If-Modified-Since, Cache-Control, Content-Type, Authorization, x-ms-client-request-id, x-ms-content-sha256, x-ms-date, host, Accept, Accept-Datetime, Date, If-Match, If-None-Match, Sync-Token, x-ms-return-client-request-id, ETag, Last-Modified, Link, Memento-Datetime, x-ms-retry-after, x-ms-request-id, WWW-Authenticate",
        "Connection": "keep-alive",
        "Content-Type": "application/vnd.microsoft.appconfig.kv\u002Bjson; charset=utf-8",
        "Date": "Fri, 15 Nov 2019 16:11:58 GMT",
        "ETag": "\u0022aI45e5wIaaGYiXYbEzXLzDfDOn2\u0022",
        "Last-Modified": "Fri, 15 Nov 2019 16:11:59 GMT",
        "Server": "openresty/1.15.8.1",
        "Strict-Transport-Security": "max-age=15724800; includeSubDomains",
        "Sync-Token": "zAJw6V16=ODotMSM4MTkzMjA=;sn=819320",
        "Transfer-Encoding": "chunked",
        "x-ms-client-request-id": "5b4ddbdd58d33a18596a4b89bc855a12",
        "x-ms-correlation-request-id": "c1910ac5-a2f8-4f86-adcc-067ecaafeba1",
        "x-ms-request-id": "c1910ac5-a2f8-4f86-adcc-067ecaafeba1"
      },
      "ResponseBody": {
        "etag": "aI45e5wIaaGYiXYbEzXLzDfDOn2",
        "key": "key-1282116647",
        "label": "test_label",
        "content_type": "test_content_type",
        "value": "test_value",
        "tags": {
          "tag1": "value1",
          "tag2": "value2"
        },
        "locked": false,
        "last_modified": "2019-11-15T16:11:59\u002B00:00"
      }
    },
    {
      "RequestUri": "https://pakrym-azconfig-ui.azconfig.io/kv/key-1282116647?label=test_label\u0026api-version=1.0",
      "RequestMethod": "DELETE",
      "RequestHeaders": {
        "Authorization": "Sanitized",
        "Date": "Fri, 15 Nov 2019 16:12:00 GMT",
        "Sync-Token": "zAJw6V16=ODotMSM4MTkzMjA=",
        "traceparent": "00-916103bb4b042d499696d9fa3021bd05-ce7c97023db5954f-00",
        "User-Agent": [
          "azsdk-net-Data.AppConfiguration/1.0.0-dev.20191115.1\u002B3fdc29ffefe1c2a21b3ae10d36e8e428b6b8d6c5",
          "(.NET Core 4.6.28008.01; Microsoft Windows 10.0.18362 )"
        ],
        "x-ms-client-request-id": "72fe72e83331bddac0c65dc028014fff",
        "x-ms-content-sha256": "47DEQpj8HBSa\u002B/TImW\u002B5JCeuQeRkm5NMpJWZG3hSuFU=",
        "x-ms-return-client-request-id": "true"
      },
      "RequestBody": null,
      "StatusCode": 200,
      "ResponseHeaders": {
        "Access-Control-Allow-Credentials": "true",
        "Access-Control-Allow-Headers": "DNT, X-CustomHeader, Keep-Alive, User-Agent, X-Requested-With, If-Modified-Since, Cache-Control, Content-Type, Authorization, x-ms-client-request-id, x-ms-content-sha256, x-ms-date, host, Accept, Accept-Datetime, Date, If-Match, If-None-Match, Sync-Token, x-ms-return-client-request-id, ETag, Last-Modified, Link, Memento-Datetime, x-ms-retry-after, x-ms-request-id, WWW-Authenticate",
        "Access-Control-Allow-Methods": "GET, PUT, POST, DELETE, PATCH, OPTIONS",
        "Access-Control-Allow-Origin": "*",
        "Access-Control-Expose-Headers": "DNT, X-CustomHeader, Keep-Alive, User-Agent, X-Requested-With, If-Modified-Since, Cache-Control, Content-Type, Authorization, x-ms-client-request-id, x-ms-content-sha256, x-ms-date, host, Accept, Accept-Datetime, Date, If-Match, If-None-Match, Sync-Token, x-ms-return-client-request-id, ETag, Last-Modified, Link, Memento-Datetime, x-ms-retry-after, x-ms-request-id, WWW-Authenticate",
        "Connection": "keep-alive",
        "Content-Type": "application/vnd.microsoft.appconfig.kv\u002Bjson; charset=utf-8",
        "Date": "Fri, 15 Nov 2019 16:11:58 GMT",
        "ETag": "\u0022aI45e5wIaaGYiXYbEzXLzDfDOn2\u0022",
        "Last-Modified": "Fri, 15 Nov 2019 16:11:59 GMT",
        "Server": "openresty/1.15.8.1",
        "Strict-Transport-Security": "max-age=15724800; includeSubDomains",
        "Sync-Token": "zAJw6V16=ODotMSM4MTkzMjE=;sn=819321",
        "Transfer-Encoding": "chunked",
        "x-ms-client-request-id": "72fe72e83331bddac0c65dc028014fff",
        "x-ms-correlation-request-id": "4730a58a-c023-46fc-bdce-ad0d41dda09c",
        "x-ms-request-id": "4730a58a-c023-46fc-bdce-ad0d41dda09c"
      },
      "ResponseBody": {
        "etag": "aI45e5wIaaGYiXYbEzXLzDfDOn2",
        "key": "key-1282116647",
        "label": "test_label",
        "content_type": "test_content_type",
        "value": "test_value",
        "tags": {
          "tag1": "value1",
          "tag2": "value2"
        },
        "locked": false,
        "last_modified": "2019-11-15T16:11:59\u002B00:00"
      }
    }
  ],
  "Variables": {
    "APPCONFIGURATION_CONNECTION_STRING": "Endpoint=https://pakrym-azconfig-ui.azconfig.io;Id=0-l1-s0:h5pHKElA5IjSL3z\u002BFOYz;Secret=;",
    "RandomSeed": "861231852"
  }
}