{
  "Entries": [
    {
      "RequestUri": "https://endpoint.azconfig.io/kv/key-49079573?label=test_label\u0026api-version=1.0",
      "RequestMethod": "PUT",
      "RequestHeaders": {
        "Accept": "application/vnd.microsoft.appconfig.kv\u002Bjson",
        "Authorization": "Sanitized",
        "Content-Length": "98",
        "Content-Type": "application/json",
        "Date": "Fri, 11 Sep 2020 16:11:33 GMT",
        "If-None-Match": "*",
        "traceparent": "00-ccbe9a4b18520744a7ca525927181e66-1fc54377b490ba49-00",
        "User-Agent": [
          "azsdk-net-Data.AppConfiguration/1.0.2-alpha.20200911.1",
          "(.NET Core 4.6.28928.01; Microsoft Windows 10.0.19041 )"
        ],
        "x-ms-client-request-id": "ca180a460e4477052cc36bf704f2d6ff",
        "x-ms-content-sha256": "b11OQu6GthUatwGXUIKHHSRVyik0TdrUk5kZm3yZd2A=",
        "x-ms-return-client-request-id": "true"
      },
      "RequestBody": {
        "value": "test_value",
        "content_type": "test_content_type",
        "tags": {
          "tag1": "value1",
          "tag2": "value2"
        }
      },
      "StatusCode": 200,
      "ResponseHeaders": {
        "Access-Control-Allow-Credentials": "true",
        "Access-Control-Allow-Origin": "*",
        "Access-Control-Expose-Headers": "DNT, X-CustomHeader, Keep-Alive, User-Agent, X-Requested-With, If-Modified-Since, Cache-Control, Content-Type, Authorization, x-ms-client-request-id, x-ms-useragent, x-ms-content-sha256, x-ms-date, host, Accept, Accept-Datetime, Date, If-Match, If-None-Match, Sync-Token, x-ms-return-client-request-id, ETag, Last-Modified, Link, Memento-Datetime, retry-after-ms, x-ms-request-id, WWW-Authenticate",
        "Connection": "keep-alive",
        "Content-Type": "application/vnd.microsoft.appconfig.kv\u002Bjson; charset=utf-8",
        "Date": "Fri, 11 Sep 2020 16:11:30 GMT",
        "ETag": "\u0022tngpB1vBUu2AgvE3HAbSPe77WD2\u0022",
        "Last-Modified": "Fri, 11 Sep 2020 16:11:31 GMT",
        "Server": "openresty/1.15.8.3",
        "Strict-Transport-Security": "max-age=15724800; includeSubDomains",
        "Sync-Token": "zAJw6V16=ODo0IzIyODQxNzgjMT0tMQ==;sn=2284178",
        "Transfer-Encoding": "chunked",
        "x-ms-client-request-id": "ca180a460e4477052cc36bf704f2d6ff",
        "x-ms-correlation-request-id": "7622f3d9-9532-40ab-b2f2-1aa25d982729",
        "x-ms-request-id": "7622f3d9-9532-40ab-b2f2-1aa25d982729"
      },
      "ResponseBody": {
        "etag": "tngpB1vBUu2AgvE3HAbSPe77WD2",
        "key": "key-49079573",
        "label": "test_label",
        "content_type": "test_content_type",
        "value": "test_value",
        "tags": {
          "tag1": "value1",
          "tag2": "value2"
        },
        "locked": false,
        "last_modified": "2020-09-11T16:11:31\u002B00:00"
      }
    },
    {
      "RequestUri": "https://endpoint.azconfig.io/locks/key-49079573?label=test_label\u0026api-version=1.0",
      "RequestMethod": "DELETE",
      "RequestHeaders": {
        "Authorization": "Sanitized",
        "Date": "Fri, 11 Sep 2020 16:11:33 GMT",
        "If-Match": "\u0022tngpB1vBUu2AgvE3HAbSPe77WD2\u0022",
        "Sync-Token": "zAJw6V16=ODo0IzIyODQxNzgjMT0tMQ==",
        "traceparent": "00-fcbc4a7f4c5d6e4b86b53dd363224e1c-66af39acbbb5da4f-00",
        "User-Agent": [
          "azsdk-net-Data.AppConfiguration/1.0.2-alpha.20200911.1",
          "(.NET Core 4.6.28928.01; Microsoft Windows 10.0.19041 )"
        ],
        "x-ms-client-request-id": "fc377826924dda452619d12f0447fc73",
        "x-ms-content-sha256": "47DEQpj8HBSa\u002B/TImW\u002B5JCeuQeRkm5NMpJWZG3hSuFU=",
        "x-ms-return-client-request-id": "true"
      },
      "RequestBody": null,
      "StatusCode": 200,
      "ResponseHeaders": {
        "Access-Control-Allow-Credentials": "true",
        "Access-Control-Allow-Origin": "*",
        "Access-Control-Expose-Headers": "DNT, X-CustomHeader, Keep-Alive, User-Agent, X-Requested-With, If-Modified-Since, Cache-Control, Content-Type, Authorization, x-ms-client-request-id, x-ms-useragent, x-ms-content-sha256, x-ms-date, host, Accept, Accept-Datetime, Date, If-Match, If-None-Match, Sync-Token, x-ms-return-client-request-id, ETag, Last-Modified, Link, Memento-Datetime, retry-after-ms, x-ms-request-id, WWW-Authenticate",
        "Connection": "keep-alive",
        "Content-Type": "application/vnd.microsoft.appconfig.kv\u002Bjson; charset=utf-8",
        "Date": "Fri, 11 Sep 2020 16:11:30 GMT",
        "ETag": "\u0022tngpB1vBUu2AgvE3HAbSPe77WD2\u0022",
        "Last-Modified": "Fri, 11 Sep 2020 16:11:31 GMT",
        "Server": "openresty/1.15.8.3",
        "Strict-Transport-Security": "max-age=15724800; includeSubDomains",
        "Sync-Token": "zAJw6V16=ODo0IzIyODQxNzgjMT0tMQ==;sn=2284178",
        "Transfer-Encoding": "chunked",
        "x-ms-client-request-id": "fc377826924dda452619d12f0447fc73",
        "x-ms-correlation-request-id": "1fd140cc-5042-40f3-ab20-1fc3e4d2eb04",
        "x-ms-request-id": "1fd140cc-5042-40f3-ab20-1fc3e4d2eb04"
      },
      "ResponseBody": {
        "etag": "tngpB1vBUu2AgvE3HAbSPe77WD2",
        "key": "key-49079573",
        "label": "test_label",
        "content_type": "test_content_type",
        "value": "test_value",
        "tags": {
          "tag1": "value1",
          "tag2": "value2"
        },
        "locked": false,
        "last_modified": "2020-09-11T16:11:31\u002B00:00"
      }
    },
    {
      "RequestUri": "https://endpoint.azconfig.io/locks/key-49079573?label=test_label\u0026api-version=1.0",
      "RequestMethod": "PUT",
      "RequestHeaders": {
        "Authorization": "Sanitized",
        "Date": "Fri, 11 Sep 2020 16:11:33 GMT",
        "If-Match": "\u0022tngpB1vBUu2AgvE3HAbSPe77WD2\u0022",
        "Sync-Token": "zAJw6V16=ODo0IzIyODQxNzgjMT0tMQ==",
        "traceparent": "00-0e3730123b1cec418600b58a8d41727e-aeace44529a1bf41-00",
        "User-Agent": [
          "azsdk-net-Data.AppConfiguration/1.0.2-alpha.20200911.1",
          "(.NET Core 4.6.28928.01; Microsoft Windows 10.0.19041 )"
        ],
        "x-ms-client-request-id": "9cefd220bc3e6210cf47e4dd971bc2b3",
        "x-ms-content-sha256": "47DEQpj8HBSa\u002B/TImW\u002B5JCeuQeRkm5NMpJWZG3hSuFU=",
        "x-ms-return-client-request-id": "true"
      },
      "RequestBody": null,
      "StatusCode": 200,
      "ResponseHeaders": {
        "Access-Control-Allow-Credentials": "true",
        "Access-Control-Allow-Origin": "*",
        "Access-Control-Expose-Headers": "DNT, X-CustomHeader, Keep-Alive, User-Agent, X-Requested-With, If-Modified-Since, Cache-Control, Content-Type, Authorization, x-ms-client-request-id, x-ms-useragent, x-ms-content-sha256, x-ms-date, host, Accept, Accept-Datetime, Date, If-Match, If-None-Match, Sync-Token, x-ms-return-client-request-id, ETag, Last-Modified, Link, Memento-Datetime, retry-after-ms, x-ms-request-id, WWW-Authenticate",
        "Connection": "keep-alive",
        "Content-Type": "application/vnd.microsoft.appconfig.kv\u002Bjson; charset=utf-8",
        "Date": "Fri, 11 Sep 2020 16:11:30 GMT",
        "ETag": "\u0022KtyCxAZvf2ZOyjB2aZqahCwnQri\u0022",
        "Last-Modified": "Fri, 11 Sep 2020 16:11:31 GMT",
        "Server": "openresty/1.15.8.3",
        "Strict-Transport-Security": "max-age=15724800; includeSubDomains",
        "Sync-Token": "zAJw6V16=ODo0IzIyODQxNzkjMT0tMQ==;sn=2284179",
        "Transfer-Encoding": "chunked",
        "x-ms-client-request-id": "9cefd220bc3e6210cf47e4dd971bc2b3",
        "x-ms-correlation-request-id": "f1188f3f-751a-4623-857d-989b36a883dc",
        "x-ms-request-id": "f1188f3f-751a-4623-857d-989b36a883dc"
      },
      "ResponseBody": {
        "etag": "KtyCxAZvf2ZOyjB2aZqahCwnQri",
        "key": "key-49079573",
        "label": "test_label",
        "content_type": "test_content_type",
        "value": "test_value",
        "tags": {
          "tag1": "value1",
          "tag2": "value2"
        },
        "locked": true,
        "last_modified": "2020-09-11T16:11:31\u002B00:00"
      }
    },
    {
      "RequestUri": "https://endpoint.azconfig.io/locks/key-49079573?label=test_label\u0026api-version=1.0",
      "RequestMethod": "DELETE",
      "RequestHeaders": {
        "Authorization": "Sanitized",
        "Date": "Fri, 11 Sep 2020 16:11:33 GMT",
        "Sync-Token": "zAJw6V16=ODo0IzIyODQxNzkjMT0tMQ==",
        "traceparent": "00-69b5573fb5882944a8a43f25bf13fe09-b2cecb6bc0ef2c4e-00",
        "User-Agent": [
          "azsdk-net-Data.AppConfiguration/1.0.2-alpha.20200911.1",
          "(.NET Core 4.6.28928.01; Microsoft Windows 10.0.19041 )"
        ],
        "x-ms-client-request-id": "39a9d9139e82b4c7c53ea32a3cd572e4",
        "x-ms-content-sha256": "47DEQpj8HBSa\u002B/TImW\u002B5JCeuQeRkm5NMpJWZG3hSuFU=",
        "x-ms-return-client-request-id": "true"
      },
      "RequestBody": null,
      "StatusCode": 200,
      "ResponseHeaders": {
        "Access-Control-Allow-Credentials": "true",
        "Access-Control-Allow-Origin": "*",
        "Access-Control-Expose-Headers": "DNT, X-CustomHeader, Keep-Alive, User-Agent, X-Requested-With, If-Modified-Since, Cache-Control, Content-Type, Authorization, x-ms-client-request-id, x-ms-useragent, x-ms-content-sha256, x-ms-date, host, Accept, Accept-Datetime, Date, If-Match, If-None-Match, Sync-Token, x-ms-return-client-request-id, ETag, Last-Modified, Link, Memento-Datetime, retry-after-ms, x-ms-request-id, WWW-Authenticate",
        "Connection": "keep-alive",
        "Content-Type": "application/vnd.microsoft.appconfig.kv\u002Bjson; charset=utf-8",
        "Date": "Fri, 11 Sep 2020 16:11:30 GMT",
        "ETag": "\u002218lawI8m3oiAN9qSybkvLS1iYGI\u0022",
        "Last-Modified": "Fri, 11 Sep 2020 16:11:31 GMT",
        "Server": "openresty/1.15.8.3",
        "Strict-Transport-Security": "max-age=15724800; includeSubDomains",
        "Sync-Token": "zAJw6V16=ODo0IzIyODQxODAjMT0tMQ==;sn=2284180",
        "Transfer-Encoding": "chunked",
        "x-ms-client-request-id": "39a9d9139e82b4c7c53ea32a3cd572e4",
        "x-ms-correlation-request-id": "b2240ed1-e33c-4265-bd59-b8b4909364c4",
        "x-ms-request-id": "b2240ed1-e33c-4265-bd59-b8b4909364c4"
      },
      "ResponseBody": {
        "etag": "18lawI8m3oiAN9qSybkvLS1iYGI",
        "key": "key-49079573",
        "label": "test_label",
        "content_type": "test_content_type",
        "value": "test_value",
        "tags": {
          "tag1": "value1",
          "tag2": "value2"
        },
        "locked": false,
        "last_modified": "2020-09-11T16:11:31\u002B00:00"
      }
    },
    {
      "RequestUri": "https://endpoint.azconfig.io/kv/key-49079573?label=test_label\u0026api-version=1.0",
      "RequestMethod": "DELETE",
      "RequestHeaders": {
        "Authorization": "Sanitized",
        "Date": "Fri, 11 Sep 2020 16:11:33 GMT",
        "Sync-Token": "zAJw6V16=ODo0IzIyODQxODAjMT0tMQ==",
        "traceparent": "00-d44da865c8ab7e40a2ce960b056a649e-e906703ad6ad444d-00",
        "User-Agent": [
          "azsdk-net-Data.AppConfiguration/1.0.2-alpha.20200911.1",
          "(.NET Core 4.6.28928.01; Microsoft Windows 10.0.19041 )"
        ],
        "x-ms-client-request-id": "32d6f8c639036ac067d42c06ad67420b",
        "x-ms-content-sha256": "47DEQpj8HBSa\u002B/TImW\u002B5JCeuQeRkm5NMpJWZG3hSuFU=",
        "x-ms-return-client-request-id": "true"
      },
      "RequestBody": null,
      "StatusCode": 200,
      "ResponseHeaders": {
        "Access-Control-Allow-Credentials": "true",
        "Access-Control-Allow-Origin": "*",
        "Access-Control-Expose-Headers": "DNT, X-CustomHeader, Keep-Alive, User-Agent, X-Requested-With, If-Modified-Since, Cache-Control, Content-Type, Authorization, x-ms-client-request-id, x-ms-useragent, x-ms-content-sha256, x-ms-date, host, Accept, Accept-Datetime, Date, If-Match, If-None-Match, Sync-Token, x-ms-return-client-request-id, ETag, Last-Modified, Link, Memento-Datetime, retry-after-ms, x-ms-request-id, WWW-Authenticate",
        "Connection": "keep-alive",
        "Content-Type": "application/vnd.microsoft.appconfig.kv\u002Bjson; charset=utf-8",
        "Date": "Fri, 11 Sep 2020 16:11:30 GMT",
        "ETag": "\u002218lawI8m3oiAN9qSybkvLS1iYGI\u0022",
        "Last-Modified": "Fri, 11 Sep 2020 16:11:31 GMT",
        "Server": "openresty/1.15.8.3",
        "Strict-Transport-Security": "max-age=15724800; includeSubDomains",
        "Sync-Token": "zAJw6V16=ODo0IzIyODQxODEjMT0tMQ==;sn=2284181",
        "Transfer-Encoding": "chunked",
        "x-ms-client-request-id": "32d6f8c639036ac067d42c06ad67420b",
        "x-ms-correlation-request-id": "f7a4648b-6fa1-4a91-9af7-bf176f039f94",
        "x-ms-request-id": "f7a4648b-6fa1-4a91-9af7-bf176f039f94"
      },
      "ResponseBody": {
        "etag": "18lawI8m3oiAN9qSybkvLS1iYGI",
        "key": "key-49079573",
        "label": "test_label",
        "content_type": "test_content_type",
        "value": "test_value",
        "tags": {
          "tag1": "value1",
          "tag2": "value2"
        },
        "locked": false,
        "last_modified": "2020-09-11T16:11:31\u002B00:00"
      }
    }
  ],
  "Variables": {
    "APPCONFIGURATION_CONNECTION_STRING": "Endpoint=https://endpoint.azconfig.io;Id=0-l1-s0:h5pHKElA5IjSL3z\u002BFOYz;Secret=;",
    "RandomSeed": "173894656"
  }
}
