{
  "Entries": [
    {
      "RequestUri": "https://shrejaappconfiguration-azconfig-net.azconfig.io/kv/key-1456729385?label=test_label\u0026api-version=1.0",
      "RequestMethod": "PUT",
      "RequestHeaders": {
        "Accept": "application/vnd.microsoft.appconfig.kv\u002Bjson, application/problem\u002Bjson",
        "Authorization": "Sanitized",
        "Content-Length": "98",
        "Content-Type": "application/json",
        "Date": "Tue, 31 Jan 2023 20:24:04 GMT",
        "If-None-Match": "*",
        "traceparent": "00-9226226373eda378e71c53404b32dcd6-e05d0ad630e6d7ee-00",
        "User-Agent": "azsdk-net-Data.AppConfiguration/1.3.0-alpha.20230131.1 (.NET 7.0.2; Microsoft Windows 10.0.22621)",
        "x-ms-client-request-id": "f026cdba88ab66edea9de945c6884664",
        "x-ms-content-sha256": "b11OQu6GthUatwGXUIKHHSRVyik0TdrUk5kZm3yZd2A=",
        "x-ms-return-client-request-id": "true"
      },
      "RequestBody": {
        "value": "test_value",
        "content_type": "test_content_type",
        "tags": {
          "tag1": "value1",
          "tag2": "value2"
        }
      },
      "StatusCode": 200,
      "ResponseHeaders": {
        "Access-Control-Allow-Credentials": "true",
        "Access-Control-Allow-Origin": "*",
        "Access-Control-Expose-Headers": "DNT, X-CustomHeader, Keep-Alive, User-Agent, X-Requested-With, If-Modified-Since, Cache-Control, Content-Type, Authorization, x-ms-client-request-id, x-ms-useragent, x-ms-content-sha256, x-ms-date, host, Accept, Accept-Datetime, Date, If-Match, If-None-Match, Sync-Token, x-ms-return-client-request-id, ETag, Last-Modified, Link, Memento-Datetime, retry-after-ms, x-ms-request-id, x-ms-client-session-id, x-ms-effective-locale, WWW-Authenticate, traceparent, tracestate",
        "Connection": "keep-alive",
        "Content-Type": "application/vnd.microsoft.appconfig.kv\u002Bjson; charset=utf-8",
        "Date": "Tue, 31 Jan 2023 20:24:24 GMT",
        "ETag": "\u0022bYWOh1cGexuu0jihS3JxM7N4J8sK-ZTS02yXrYEX6lU\u0022",
        "Last-Modified": "Tue, 31 Jan 2023 20:24:24 GMT",
        "Server": "openresty/1.21.4.1",
        "Strict-Transport-Security": "max-age=15724800; includeSubDomains",
        "Sync-Token": "zAJw6V16=Nzo1IzEyOTMzMDY=;sn=1293306",
        "Transfer-Encoding": "chunked",
        "x-ms-client-request-id": "f026cdba88ab66edea9de945c6884664",
        "x-ms-correlation-request-id": "13dea57b-b408-4444-b178-5a5e6fc481e7",
        "x-ms-request-id": "13dea57b-b408-4444-b178-5a5e6fc481e7"
      },
      "ResponseBody": {
        "etag": "bYWOh1cGexuu0jihS3JxM7N4J8sK-ZTS02yXrYEX6lU",
        "key": "key-1456729385",
        "label": "test_label",
        "content_type": "test_content_type",
        "value": "test_value",
        "tags": {
          "tag1": "value1",
          "tag2": "value2"
        },
        "locked": false,
        "last_modified": "2023-01-31T20:24:24\u002B00:00"
      }
    },
    {
      "RequestUri": "https://shrejaappconfiguration-azconfig-net.azconfig.io/locks/key-1456729385?label=test_label\u0026api-version=1.0",
      "RequestMethod": "PUT",
      "RequestHeaders": {
        "Accept": "application/vnd.microsoft.appconfig.kv\u002Bjson, application/problem\u002Bjson",
        "Authorization": "Sanitized",
        "Content-Length": "0",
        "Date": "Tue, 31 Jan 2023 20:24:05 GMT",
        "Sync-Token": "zAJw6V16=Nzo1IzEyOTMzMDY=",
        "traceparent": "00-b1d6c804b581d13949b1d7b0a7524840-7d541b99816135d1-00",
        "User-Agent": "azsdk-net-Data.AppConfiguration/1.3.0-alpha.20230131.1 (.NET 7.0.2; Microsoft Windows 10.0.22621)",
        "x-ms-client-request-id": "85714d5aaef16cd70dbf5f5c6c68a5b1",
        "x-ms-content-sha256": "47DEQpj8HBSa\u002B/TImW\u002B5JCeuQeRkm5NMpJWZG3hSuFU=",
        "x-ms-return-client-request-id": "true"
      },
      "RequestBody": null,
      "StatusCode": 200,
      "ResponseHeaders": {
        "Access-Control-Allow-Credentials": "true",
        "Access-Control-Allow-Origin": "*",
        "Access-Control-Expose-Headers": "DNT, X-CustomHeader, Keep-Alive, User-Agent, X-Requested-With, If-Modified-Since, Cache-Control, Content-Type, Authorization, x-ms-client-request-id, x-ms-useragent, x-ms-content-sha256, x-ms-date, host, Accept, Accept-Datetime, Date, If-Match, If-None-Match, Sync-Token, x-ms-return-client-request-id, ETag, Last-Modified, Link, Memento-Datetime, retry-after-ms, x-ms-request-id, x-ms-client-session-id, x-ms-effective-locale, WWW-Authenticate, traceparent, tracestate",
        "Connection": "keep-alive",
        "Content-Type": "application/vnd.microsoft.appconfig.kv\u002Bjson; charset=utf-8",
        "Date": "Tue, 31 Jan 2023 20:24:25 GMT",
        "ETag": "\u0022qclLsSBsLEl-0iW617R-hJcX7QSpxk3Jdpnexo8VJBU\u0022",
        "Last-Modified": "Tue, 31 Jan 2023 20:24:25 GMT",
        "Server": "openresty/1.21.4.1",
        "Strict-Transport-Security": "max-age=15724800; includeSubDomains",
        "Sync-Token": "zAJw6V16=Nzo1IzEyOTMzMDc=;sn=1293307",
        "Transfer-Encoding": "chunked",
        "x-ms-client-request-id": "85714d5aaef16cd70dbf5f5c6c68a5b1",
        "x-ms-correlation-request-id": "554943a1-f7a2-4b19-bdbf-9664b0ea9583",
        "x-ms-request-id": "554943a1-f7a2-4b19-bdbf-9664b0ea9583"
      },
      "ResponseBody": {
        "etag": "qclLsSBsLEl-0iW617R-hJcX7QSpxk3Jdpnexo8VJBU",
        "key": "key-1456729385",
        "label": "test_label",
        "content_type": "test_content_type",
        "value": "test_value",
        "tags": {
          "tag1": "value1",
          "tag2": "value2"
        },
        "locked": true,
        "last_modified": "2023-01-31T20:24:25\u002B00:00"
      }
    },
    {
      "RequestUri": "https://shrejaappconfiguration-azconfig-net.azconfig.io/kv/key-1456729385?label=test_label\u0026api-version=1.0",
      "RequestMethod": "DELETE",
      "RequestHeaders": {
        "Accept": "application/vnd.microsoft.appconfig.kv\u002Bjson, application/problem\u002Bjson",
        "Authorization": "Sanitized",
        "Date": "Tue, 31 Jan 2023 20:24:05 GMT",
        "Sync-Token": "zAJw6V16=Nzo1IzEyOTMzMDc=",
        "traceparent": "00-6d54b6218177a43cc441429b72536b0a-439dbfa4195113f7-00",
        "User-Agent": "azsdk-net-Data.AppConfiguration/1.3.0-alpha.20230131.1 (.NET 7.0.2; Microsoft Windows 10.0.22621)",
        "x-ms-client-request-id": "491cd66e8bcde282446e5170be96ad56",
        "x-ms-content-sha256": "47DEQpj8HBSa\u002B/TImW\u002B5JCeuQeRkm5NMpJWZG3hSuFU=",
        "x-ms-return-client-request-id": "true"
      },
      "RequestBody": null,
      "StatusCode": 409,
      "ResponseHeaders": {
        "Access-Control-Allow-Credentials": "true",
        "Access-Control-Allow-Origin": "*",
        "Access-Control-Expose-Headers": "DNT, X-CustomHeader, Keep-Alive, User-Agent, X-Requested-With, If-Modified-Since, Cache-Control, Content-Type, Authorization, x-ms-client-request-id, x-ms-useragent, x-ms-content-sha256, x-ms-date, host, Accept, Accept-Datetime, Date, If-Match, If-None-Match, Sync-Token, x-ms-return-client-request-id, ETag, Last-Modified, Link, Memento-Datetime, retry-after-ms, x-ms-request-id, x-ms-client-session-id, x-ms-effective-locale, WWW-Authenticate, traceparent, tracestate",
        "Connection": "keep-alive",
        "Content-Type": "application/problem\u002Bjson; charset=utf-8",
        "Date": "Tue, 31 Jan 2023 20:24:25 GMT",
        "Server": "openresty/1.21.4.1",
        "Strict-Transport-Security": "max-age=15724800; includeSubDomains",
        "Sync-Token": "zAJw6V16=Nzo1IzEyOTMzMDg=;sn=1293308",
        "Transfer-Encoding": "chunked",
        "x-ms-client-request-id": "491cd66e8bcde282446e5170be96ad56",
        "x-ms-correlation-request-id": "5e498a7b-56fe-48ee-a277-72dba84e4d2a",
        "x-ms-request-id": "5e498a7b-56fe-48ee-a277-72dba84e4d2a"
      },
      "ResponseBody": {
        "type": "https://azconfig.io/errors/key-locked",
        "title": "Modifing key \u0027key-1456729385\u0027 is not allowed",
        "name": "key-1456729385",
        "detail": "The key is read-only. To allow modification unlock it first.",
        "status": 409
      }
    },
    {
      "RequestUri": "https://shrejaappconfiguration-azconfig-net.azconfig.io/locks/key-1456729385?label=test_label\u0026api-version=1.0",
      "RequestMethod": "DELETE",
      "RequestHeaders": {
        "Accept": "application/vnd.microsoft.appconfig.kv\u002Bjson, application/problem\u002Bjson",
        "Authorization": "Sanitized",
        "Date": "Tue, 31 Jan 2023 20:24:05 GMT",
        "Sync-Token": "zAJw6V16=Nzo1IzEyOTMzMDg=",
        "traceparent": "00-49261e482e5752e171d515e85d21ae3d-427069ec73999a3d-00",
        "User-Agent": "azsdk-net-Data.AppConfiguration/1.3.0-alpha.20230131.1 (.NET 7.0.2; Microsoft Windows 10.0.22621)",
        "x-ms-client-request-id": "2de8e8ef93b70b37f6bae3ec2891f982",
        "x-ms-content-sha256": "47DEQpj8HBSa\u002B/TImW\u002B5JCeuQeRkm5NMpJWZG3hSuFU=",
        "x-ms-return-client-request-id": "true"
      },
      "RequestBody": null,
      "StatusCode": 200,
      "ResponseHeaders": {
        "Access-Control-Allow-Credentials": "true",
        "Access-Control-Allow-Origin": "*",
        "Access-Control-Expose-Headers": "DNT, X-CustomHeader, Keep-Alive, User-Agent, X-Requested-With, If-Modified-Since, Cache-Control, Content-Type, Authorization, x-ms-client-request-id, x-ms-useragent, x-ms-content-sha256, x-ms-date, host, Accept, Accept-Datetime, Date, If-Match, If-None-Match, Sync-Token, x-ms-return-client-request-id, ETag, Last-Modified, Link, Memento-Datetime, retry-after-ms, x-ms-request-id, x-ms-client-session-id, x-ms-effective-locale, WWW-Authenticate, traceparent, tracestate",
        "Connection": "keep-alive",
        "Content-Type": "application/vnd.microsoft.appconfig.kv\u002Bjson; charset=utf-8",
        "Date": "Tue, 31 Jan 2023 20:24:25 GMT",
        "ETag": "\u0022bg3ucPTkUu6B7MbOVB-2x9pN5V8hRgE_ySBK8OMbKog\u0022",
        "Last-Modified": "Tue, 31 Jan 2023 20:24:25 GMT",
        "Server": "openresty/1.21.4.1",
        "Strict-Transport-Security": "max-age=15724800; includeSubDomains",
        "Sync-Token": "zAJw6V16=Nzo1IzEyOTMzMDk=;sn=1293309",
        "Transfer-Encoding": "chunked",
        "x-ms-client-request-id": "2de8e8ef93b70b37f6bae3ec2891f982",
        "x-ms-correlation-request-id": "dd042c25-a9d3-468e-985e-05a723d5b63b",
        "x-ms-request-id": "dd042c25-a9d3-468e-985e-05a723d5b63b"
      },
      "ResponseBody": {
        "etag": "bg3ucPTkUu6B7MbOVB-2x9pN5V8hRgE_ySBK8OMbKog",
        "key": "key-1456729385",
        "label": "test_label",
        "content_type": "test_content_type",
        "value": "test_value",
        "tags": {
          "tag1": "value1",
          "tag2": "value2"
        },
        "locked": false,
        "last_modified": "2023-01-31T20:24:25\u002B00:00"
      }
    },
    {
      "RequestUri": "https://shrejaappconfiguration-azconfig-net.azconfig.io/kv/key-1456729385?label=test_label\u0026api-version=1.0",
      "RequestMethod": "DELETE",
      "RequestHeaders": {
        "Accept": "application/vnd.microsoft.appconfig.kv\u002Bjson, application/problem\u002Bjson",
        "Authorization": "Sanitized",
        "Date": "Tue, 31 Jan 2023 20:24:06 GMT",
        "Sync-Token": "zAJw6V16=Nzo1IzEyOTMzMDk=",
        "traceparent": "00-b9af9c47dc09e1e813de5b9eb94673f1-28175bcbaa4817c5-00",
        "User-Agent": "azsdk-net-Data.AppConfiguration/1.3.0-alpha.20230131.1 (.NET 7.0.2; Microsoft Windows 10.0.22621)",
        "x-ms-client-request-id": "f0d737f8fc6cce96ca8f41835c66ad76",
        "x-ms-content-sha256": "47DEQpj8HBSa\u002B/TImW\u002B5JCeuQeRkm5NMpJWZG3hSuFU=",
        "x-ms-return-client-request-id": "true"
      },
      "RequestBody": null,
      "StatusCode": 200,
      "ResponseHeaders": {
        "Access-Control-Allow-Credentials": "true",
        "Access-Control-Allow-Origin": "*",
        "Access-Control-Expose-Headers": "DNT, X-CustomHeader, Keep-Alive, User-Agent, X-Requested-With, If-Modified-Since, Cache-Control, Content-Type, Authorization, x-ms-client-request-id, x-ms-useragent, x-ms-content-sha256, x-ms-date, host, Accept, Accept-Datetime, Date, If-Match, If-None-Match, Sync-Token, x-ms-return-client-request-id, ETag, Last-Modified, Link, Memento-Datetime, retry-after-ms, x-ms-request-id, x-ms-client-session-id, x-ms-effective-locale, WWW-Authenticate, traceparent, tracestate",
        "Connection": "keep-alive",
        "Content-Type": "application/vnd.microsoft.appconfig.kv\u002Bjson; charset=utf-8",
        "Date": "Tue, 31 Jan 2023 20:24:26 GMT",
        "ETag": "\u0022bg3ucPTkUu6B7MbOVB-2x9pN5V8hRgE_ySBK8OMbKog\u0022",
        "Last-Modified": "Tue, 31 Jan 2023 20:24:25 GMT",
        "Server": "openresty/1.21.4.1",
        "Strict-Transport-Security": "max-age=15724800; includeSubDomains",
        "Sync-Token": "zAJw6V16=Nzo1IzEyOTMzMTE=;sn=1293311",
        "Transfer-Encoding": "chunked",
        "x-ms-client-request-id": "f0d737f8fc6cce96ca8f41835c66ad76",
        "x-ms-correlation-request-id": "e3ca805f-6ed2-4d7c-9a2f-43bc76109650",
        "x-ms-request-id": "e3ca805f-6ed2-4d7c-9a2f-43bc76109650"
      },
      "ResponseBody": {
        "etag": "bg3ucPTkUu6B7MbOVB-2x9pN5V8hRgE_ySBK8OMbKog",
        "key": "key-1456729385",
        "label": "test_label",
        "content_type": "test_content_type",
        "value": "test_value",
        "tags": {
          "tag1": "value1",
          "tag2": "value2"
        },
        "locked": false,
        "last_modified": "2023-01-31T20:24:25\u002B00:00"
      }
    }
  ],
  "Variables": {
    "APPCONFIGURATION_CONNECTION_STRING": "Endpoint=https://shrejaappconfiguration-azconfig-net.azconfig.io;Id=RoMR-l1-s0:NgGvLRBi23WLJ6PQ6mcy;Secret=Kg==",
    "RandomSeed": "420091548"
  }
}
