{
  "Entries": [
    {
      "RequestUri": "https://pakrym-azconfig-ui.azconfig.io/kv/keyFields-881848492?label=my_label\u0026api-version=1.0",
      "RequestMethod": "PUT",
      "RequestHeaders": {
        "Accept": "application/vnd.microsoft.appconfig.kv\u002Bjson",
        "Authorization": "Sanitized",
        "Content-Length": "50",
        "Content-Type": "application/json",
        "Date": "Mon, 14 Oct 2019 21:21:59 GMT",
        "If-None-Match": "*",
        "traceparent": "00-c149450a4835a043a6f0678ba0540251-9f8b60f55cd46741-00",
        "User-Agent": [
          "azsdk-net-Data.AppConfiguration/1.0.0-dev.20191014.1\u002B95a72400de2f4df7f8112fba20eba4d84b37c218",
          "(.NET Core 4.6.27817.01; Microsoft Windows 10.0.16299 )"
        ],
        "x-ms-client-request-id": "c2d73ddded16da8f8f48f97abb0746cc",
        "x-ms-content-sha256": "aDaoGrnXeLk4BtC\u002BbcUBHjAOl1G533H6XGiHrRY9PKA=",
        "x-ms-return-client-request-id": "true"
      },
      "RequestBody": {
        "value": "my_value",
        "content_type": null,
        "tags": {}
      },
      "StatusCode": 200,
      "ResponseHeaders": {
        "Access-Control-Allow-Credentials": "true",
        "Access-Control-Allow-Headers": "DNT, X-CustomHeader, Keep-Alive, User-Agent, X-Requested-With, If-Modified-Since, Cache-Control, Content-Type, Authorization, x-ms-client-request-id, x-ms-content-sha256, x-ms-date, host, Accept, Accept-Datetime, Date, If-Match, If-None-Match, Sync-Token, x-ms-return-client-request-id, ETag, Last-Modified, Link, Memento-Datetime, x-ms-retry-after, x-ms-request-id, WWW-Authenticate",
        "Access-Control-Allow-Methods": "GET, PUT, POST, DELETE, PATCH, OPTIONS",
        "Access-Control-Allow-Origin": "*",
        "Access-Control-Expose-Headers": "DNT, X-CustomHeader, Keep-Alive, User-Agent, X-Requested-With, If-Modified-Since, Cache-Control, Content-Type, Authorization, x-ms-client-request-id, x-ms-content-sha256, x-ms-date, host, Accept, Accept-Datetime, Date, If-Match, If-None-Match, Sync-Token, x-ms-return-client-request-id, ETag, Last-Modified, Link, Memento-Datetime, x-ms-retry-after, x-ms-request-id, WWW-Authenticate",
        "Connection": "keep-alive",
        "Content-Type": "application/vnd.microsoft.appconfig.kv\u002Bjson; charset=utf-8",
        "Date": "Mon, 14 Oct 2019 21:21:59 GMT",
        "ETag": "\u0022lLGCR62pqBY6VxVye8Y2vaHIyif\u0022",
        "Last-Modified": "Mon, 14 Oct 2019 21:21:59 GMT",
        "Server": "openresty/1.15.8.1",
        "Strict-Transport-Security": "max-age=15724800; includeSubDomains",
        "Sync-Token": "zAJw6V16=ODotMSM2NTEwOTQ=;sn=651094",
        "Transfer-Encoding": "chunked",
        "x-ms-client-request-id": "c2d73ddded16da8f8f48f97abb0746cc",
        "x-ms-correlation-request-id": "0022bfe2-519f-4b61-8bda-1c5d9e41fa48",
        "x-ms-request-id": "0022bfe2-519f-4b61-8bda-1c5d9e41fa48"
      },
      "ResponseBody": {
        "etag": "lLGCR62pqBY6VxVye8Y2vaHIyif",
        "key": "keyFields-881848492",
        "label": "my_label",
        "content_type": null,
        "value": "my_value",
        "tags": {},
        "locked": false,
        "last_modified": "2019-10-14T21:21:59\u002B00:00"
      }
    },
    {
      "RequestUri": "https://pakrym-azconfig-ui.azconfig.io/kv/?key=keyFields-881848492\u0026$select=key%2C%20label%2C%20etag\u0026api-version=1.0",
      "RequestMethod": "GET",
      "RequestHeaders": {
        "Accept": "application/vnd.microsoft.appconfig.kv\u002Bjson",
        "Authorization": "Sanitized",
        "Date": "Mon, 14 Oct 2019 21:21:59 GMT",
        "Sync-Token": "zAJw6V16=ODotMSM2NTEwOTQ=",
        "User-Agent": [
          "azsdk-net-Data.AppConfiguration/1.0.0-dev.20191014.1\u002B95a72400de2f4df7f8112fba20eba4d84b37c218",
          "(.NET Core 4.6.27817.01; Microsoft Windows 10.0.16299 )"
        ],
        "x-ms-client-request-id": "b03496fa90d899008fd96f430f470488",
        "x-ms-content-sha256": "47DEQpj8HBSa\u002B/TImW\u002B5JCeuQeRkm5NMpJWZG3hSuFU=",
        "x-ms-return-client-request-id": "true"
      },
      "RequestBody": null,
      "StatusCode": 200,
      "ResponseHeaders": {
        "Access-Control-Allow-Credentials": "true",
        "Access-Control-Allow-Headers": "DNT, X-CustomHeader, Keep-Alive, User-Agent, X-Requested-With, If-Modified-Since, Cache-Control, Content-Type, Authorization, x-ms-client-request-id, x-ms-content-sha256, x-ms-date, host, Accept, Accept-Datetime, Date, If-Match, If-None-Match, Sync-Token, x-ms-return-client-request-id, ETag, Last-Modified, Link, Memento-Datetime, x-ms-retry-after, x-ms-request-id, WWW-Authenticate",
        "Access-Control-Allow-Methods": "GET, PUT, POST, DELETE, PATCH, OPTIONS",
        "Access-Control-Allow-Origin": "*",
        "Access-Control-Expose-Headers": "DNT, X-CustomHeader, Keep-Alive, User-Agent, X-Requested-With, If-Modified-Since, Cache-Control, Content-Type, Authorization, x-ms-client-request-id, x-ms-content-sha256, x-ms-date, host, Accept, Accept-Datetime, Date, If-Match, If-None-Match, Sync-Token, x-ms-return-client-request-id, ETag, Last-Modified, Link, Memento-Datetime, x-ms-retry-after, x-ms-request-id, WWW-Authenticate",
        "Connection": "keep-alive",
        "Content-Type": "application/vnd.microsoft.appconfig.kvset\u002Bjson; charset=utf-8",
        "Date": "Mon, 14 Oct 2019 21:21:59 GMT",
        "Server": "openresty/1.15.8.1",
        "Strict-Transport-Security": "max-age=15724800; includeSubDomains",
        "Sync-Token": "zAJw6V16=ODotMSM2NTEwOTQ=;sn=651094",
        "Transfer-Encoding": "chunked",
        "x-ms-client-request-id": "b03496fa90d899008fd96f430f470488",
        "x-ms-correlation-request-id": "168b8269-40e1-4d88-b142-c7fe11a9c399",
        "x-ms-request-id": "168b8269-40e1-4d88-b142-c7fe11a9c399"
      },
      "ResponseBody": {
        "items": [
          {
            "etag": "lLGCR62pqBY6VxVye8Y2vaHIyif",
            "key": "keyFields-881848492",
            "label": "my_label"
          }
        ]
      }
    },
    {
      "RequestUri": "https://pakrym-azconfig-ui.azconfig.io/kv/keyFields-881848492?label=my_label\u0026api-version=1.0",
      "RequestMethod": "DELETE",
      "RequestHeaders": {
        "Authorization": "Sanitized",
        "Date": "Mon, 14 Oct 2019 21:21:59 GMT",
        "Sync-Token": "zAJw6V16=ODotMSM2NTEwOTQ=",
        "traceparent": "00-72786c93b59ccd47953739dd23b74c03-7530d9b472a56642-00",
        "User-Agent": [
          "azsdk-net-Data.AppConfiguration/1.0.0-dev.20191014.1\u002B95a72400de2f4df7f8112fba20eba4d84b37c218",
          "(.NET Core 4.6.27817.01; Microsoft Windows 10.0.16299 )"
        ],
        "x-ms-client-request-id": "a5039c95e58ce3bad1e94eae067fe3c7",
        "x-ms-content-sha256": "47DEQpj8HBSa\u002B/TImW\u002B5JCeuQeRkm5NMpJWZG3hSuFU=",
        "x-ms-return-client-request-id": "true"
      },
      "RequestBody": null,
      "StatusCode": 200,
      "ResponseHeaders": {
        "Access-Control-Allow-Credentials": "true",
        "Access-Control-Allow-Headers": "DNT, X-CustomHeader, Keep-Alive, User-Agent, X-Requested-With, If-Modified-Since, Cache-Control, Content-Type, Authorization, x-ms-client-request-id, x-ms-content-sha256, x-ms-date, host, Accept, Accept-Datetime, Date, If-Match, If-None-Match, Sync-Token, x-ms-return-client-request-id, ETag, Last-Modified, Link, Memento-Datetime, x-ms-retry-after, x-ms-request-id, WWW-Authenticate",
        "Access-Control-Allow-Methods": "GET, PUT, POST, DELETE, PATCH, OPTIONS",
        "Access-Control-Allow-Origin": "*",
        "Access-Control-Expose-Headers": "DNT, X-CustomHeader, Keep-Alive, User-Agent, X-Requested-With, If-Modified-Since, Cache-Control, Content-Type, Authorization, x-ms-client-request-id, x-ms-content-sha256, x-ms-date, host, Accept, Accept-Datetime, Date, If-Match, If-None-Match, Sync-Token, x-ms-return-client-request-id, ETag, Last-Modified, Link, Memento-Datetime, x-ms-retry-after, x-ms-request-id, WWW-Authenticate",
        "Connection": "keep-alive",
        "Content-Type": "application/vnd.microsoft.appconfig.kv\u002Bjson; charset=utf-8",
        "Date": "Mon, 14 Oct 2019 21:21:59 GMT",
        "ETag": "\u0022lLGCR62pqBY6VxVye8Y2vaHIyif\u0022",
        "Last-Modified": "Mon, 14 Oct 2019 21:21:59 GMT",
        "Server": "openresty/1.15.8.1",
        "Strict-Transport-Security": "max-age=15724800; includeSubDomains",
        "Sync-Token": "zAJw6V16=ODotMSM2NTEwOTU=;sn=651095",
        "Transfer-Encoding": "chunked",
        "x-ms-client-request-id": "a5039c95e58ce3bad1e94eae067fe3c7",
        "x-ms-correlation-request-id": "d3546c77-a37a-48a9-8ee4-84df4d75a8c6",
        "x-ms-request-id": "d3546c77-a37a-48a9-8ee4-84df4d75a8c6"
      },
      "ResponseBody": {
        "etag": "lLGCR62pqBY6VxVye8Y2vaHIyif",
        "key": "keyFields-881848492",
        "label": "my_label",
        "content_type": null,
        "value": "my_value",
        "tags": {},
        "locked": false,
        "last_modified": "2019-10-14T21:21:59\u002B00:00"
      }
    }
  ],
  "Variables": {
    "APPCONFIGURATION_CONNECTION_STRING": "Endpoint=https://pakrym-azconfig-ui.azconfig.io;Id=0-l1-s0:h5pHKElA5IjSL3z\u002BFOYz;Secret=;",
    "RandomSeed": "1986620268"
  }
}