{
  "Entries": [
    {
      "RequestUri": "https://pakrym-azconfig-ui.azconfig.io/kv/abcde-300675015?label=abcde\u0026api-version=1.0",
      "RequestMethod": "PUT",
      "RequestHeaders": {
        "Accept": "application/vnd.microsoft.appconfig.kv\u002Bjson",
        "Authorization": "Sanitized",
        "Content-Length": "57",
        "Content-Type": "application/json",
        "Date": "Fri, 15 Nov 2019 16:11:50 GMT",
        "traceparent": "00-b516c78c3be6c84db733d55067b83b04-cbbc7cbab653164e-00",
        "User-Agent": [
          "azsdk-net-Data.AppConfiguration/1.0.0-dev.20191115.1\u002B3fdc29ffefe1c2a21b3ae10d36e8e428b6b8d6c5",
          "(.NET Core 4.6.28008.01; Microsoft Windows 10.0.18362 )"
        ],
        "x-ms-client-request-id": "5a972f29cac40f896d48d3830b3c00b3",
        "x-ms-content-sha256": "mJ1uCv/VecpXkX4Vs1s3UAgW0gvXCg/ItUdjA2deKZk=",
        "x-ms-return-client-request-id": "true"
      },
      "RequestBody": {
        "value": "Starts with abc",
        "content_type": null,
        "tags": {}
      },
      "StatusCode": 200,
      "ResponseHeaders": {
        "Access-Control-Allow-Credentials": "true",
        "Access-Control-Allow-Headers": "DNT, X-CustomHeader, Keep-Alive, User-Agent, X-Requested-With, If-Modified-Since, Cache-Control, Content-Type, Authorization, x-ms-client-request-id, x-ms-content-sha256, x-ms-date, host, Accept, Accept-Datetime, Date, If-Match, If-None-Match, Sync-Token, x-ms-return-client-request-id, ETag, Last-Modified, Link, Memento-Datetime, x-ms-retry-after, x-ms-request-id, WWW-Authenticate",
        "Access-Control-Allow-Methods": "GET, PUT, POST, DELETE, PATCH, OPTIONS",
        "Access-Control-Allow-Origin": "*",
        "Access-Control-Expose-Headers": "DNT, X-CustomHeader, Keep-Alive, User-Agent, X-Requested-With, If-Modified-Since, Cache-Control, Content-Type, Authorization, x-ms-client-request-id, x-ms-content-sha256, x-ms-date, host, Accept, Accept-Datetime, Date, If-Match, If-None-Match, Sync-Token, x-ms-return-client-request-id, ETag, Last-Modified, Link, Memento-Datetime, x-ms-retry-after, x-ms-request-id, WWW-Authenticate",
        "Connection": "keep-alive",
        "Content-Type": "application/vnd.microsoft.appconfig.kv\u002Bjson; charset=utf-8",
        "Date": "Fri, 15 Nov 2019 16:11:48 GMT",
        "ETag": "\u0022lH5dVabMfhC9FVhAve3XgINWCY4\u0022",
        "Last-Modified": "Fri, 15 Nov 2019 16:11:49 GMT",
        "Server": "openresty/1.15.8.1",
        "Strict-Transport-Security": "max-age=15724800; includeSubDomains",
        "Sync-Token": "zAJw6V16=ODotMSM4MTkyMzc=;sn=819237",
        "Transfer-Encoding": "chunked",
        "x-ms-client-request-id": "5a972f29cac40f896d48d3830b3c00b3",
        "x-ms-correlation-request-id": "79b51d43-d617-4e45-8344-abab20ee805a",
        "x-ms-request-id": "79b51d43-d617-4e45-8344-abab20ee805a"
      },
      "ResponseBody": {
        "etag": "lH5dVabMfhC9FVhAve3XgINWCY4",
        "key": "abcde-300675015",
        "label": "abcde",
        "content_type": null,
        "value": "Starts with abc",
        "tags": {},
        "locked": false,
        "last_modified": "2019-11-15T16:11:49\u002B00:00"
      }
    },
    {
      "RequestUri": "https://pakrym-azconfig-ui.azconfig.io/kv/?key=abc%2A\u0026api-version=1.0",
      "RequestMethod": "GET",
      "RequestHeaders": {
        "Accept": "application/vnd.microsoft.appconfig.kv\u002Bjson",
        "Authorization": "Sanitized",
        "Date": "Fri, 15 Nov 2019 16:11:51 GMT",
        "Sync-Token": "zAJw6V16=ODotMSM4MTkyMzc=",
        "User-Agent": [
          "azsdk-net-Data.AppConfiguration/1.0.0-dev.20191115.1\u002B3fdc29ffefe1c2a21b3ae10d36e8e428b6b8d6c5",
          "(.NET Core 4.6.28008.01; Microsoft Windows 10.0.18362 )"
        ],
        "x-ms-client-request-id": "45102736f7ebc1d0d0917c7a23879081",
        "x-ms-content-sha256": "47DEQpj8HBSa\u002B/TImW\u002B5JCeuQeRkm5NMpJWZG3hSuFU=",
        "x-ms-return-client-request-id": "true"
      },
      "RequestBody": null,
      "StatusCode": 200,
      "ResponseHeaders": {
        "Access-Control-Allow-Credentials": "true",
        "Access-Control-Allow-Headers": "DNT, X-CustomHeader, Keep-Alive, User-Agent, X-Requested-With, If-Modified-Since, Cache-Control, Content-Type, Authorization, x-ms-client-request-id, x-ms-content-sha256, x-ms-date, host, Accept, Accept-Datetime, Date, If-Match, If-None-Match, Sync-Token, x-ms-return-client-request-id, ETag, Last-Modified, Link, Memento-Datetime, x-ms-retry-after, x-ms-request-id, WWW-Authenticate",
        "Access-Control-Allow-Methods": "GET, PUT, POST, DELETE, PATCH, OPTIONS",
        "Access-Control-Allow-Origin": "*",
        "Access-Control-Expose-Headers": "DNT, X-CustomHeader, Keep-Alive, User-Agent, X-Requested-With, If-Modified-Since, Cache-Control, Content-Type, Authorization, x-ms-client-request-id, x-ms-content-sha256, x-ms-date, host, Accept, Accept-Datetime, Date, If-Match, If-None-Match, Sync-Token, x-ms-return-client-request-id, ETag, Last-Modified, Link, Memento-Datetime, x-ms-retry-after, x-ms-request-id, WWW-Authenticate",
        "Connection": "keep-alive",
        "Content-Type": "application/vnd.microsoft.appconfig.kvset\u002Bjson; charset=utf-8",
        "Date": "Fri, 15 Nov 2019 16:11:48 GMT",
        "Server": "openresty/1.15.8.1",
        "Strict-Transport-Security": "max-age=15724800; includeSubDomains",
        "Sync-Token": "zAJw6V16=ODotMSM4MTkyMzc=;sn=819237",
        "Transfer-Encoding": "chunked",
        "x-ms-client-request-id": "45102736f7ebc1d0d0917c7a23879081",
        "x-ms-correlation-request-id": "8fe9cd0e-1340-4f64-8346-06afa4534a4b",
        "x-ms-request-id": "8fe9cd0e-1340-4f64-8346-06afa4534a4b"
      },
      "ResponseBody": {
        "items": [
          {
            "etag": "E3lW4OWgaQ8h5KtgIRFPGdD7tjl",
            "key": "abcde-1249484353",
            "label": "abcde",
            "content_type": null,
            "value": "Starts with abc",
            "tags": {},
            "locked": false,
            "last_modified": "2019-11-01T13:16:43\u002B00:00"
          },
          {
            "etag": "qclFDFpiNOupVK8uF7s3KvC4FBJ",
            "key": "abcde-1403086661",
            "label": "abcde",
            "content_type": null,
            "value": "Starts with abc",
            "tags": {},
            "locked": false,
            "last_modified": "2019-11-01T13:16:55\u002B00:00"
          },
          {
            "etag": "P2HGTzZm95eVxxJeoT87G9vOihJ",
            "key": "abcde-1532028892",
            "label": "abcde",
            "content_type": null,
            "value": "Starts with abc",
            "tags": {},
            "locked": false,
            "last_modified": "2019-11-01T11:22:16\u002B00:00"
          },
          {
            "etag": "nlptuAJv8QlA3eKukM3XbXPqgvc",
            "key": "abcde-1551660365",
            "label": "abcde",
            "content_type": null,
            "value": "Starts with abc",
            "tags": {},
            "locked": false,
            "last_modified": "2019-11-01T10:15:11\u002B00:00"
          },
          {
            "etag": "9RhOCwNKiX5RdLDOcWe0u28ag34",
            "key": "abcde-1713023277",
            "label": "abcde",
            "content_type": null,
            "value": "Starts with abc",
            "tags": {},
            "locked": false,
            "last_modified": "2019-11-01T10:14:58\u002B00:00"
          },
          {
            "etag": "lH5dVabMfhC9FVhAve3XgINWCY4",
            "key": "abcde-300675015",
            "label": "abcde",
            "content_type": null,
            "value": "Starts with abc",
            "tags": {},
            "locked": false,
            "last_modified": "2019-11-15T16:11:49\u002B00:00"
          },
          {
            "etag": "dkKtAK2FEB7iJYYAAs2CNPn5q3q",
            "key": "abcde-66014378",
            "label": "abcde",
            "content_type": null,
            "value": "Starts with abc",
            "tags": {},
            "locked": false,
            "last_modified": "2019-11-01T11:22:14\u002B00:00"
          },
          {
            "etag": "t15R7jp7Gr2MdZS0mWmaqdvdKKg",
            "key": "abcde-898541578",
            "label": "abcde",
            "content_type": null,
            "value": "Starts with abc",
            "tags": {},
            "locked": false,
            "last_modified": "2019-11-01T12:36:43\u002B00:00"
          },
          {
            "etag": "2QXp0kGwPFNLbZVUjcoQAGgkoMc",
            "key": "abcde-91114931",
            "label": "abcde",
            "content_type": null,
            "value": "Starts with abc",
            "tags": {},
            "locked": false,
            "last_modified": "2019-11-01T12:37:00\u002B00:00"
          }
        ]
      }
    },
    {
      "RequestUri": "https://pakrym-azconfig-ui.azconfig.io/kv/abcde-300675015?label=abcde\u0026api-version=1.0",
      "RequestMethod": "DELETE",
      "RequestHeaders": {
        "Authorization": "Sanitized",
        "Date": "Fri, 15 Nov 2019 16:11:51 GMT",
        "Sync-Token": "zAJw6V16=ODotMSM4MTkyMzc=",
        "traceparent": "00-5a70363533435c469bc84ba3942dad26-80ce1c940c771949-00",
        "User-Agent": [
          "azsdk-net-Data.AppConfiguration/1.0.0-dev.20191115.1\u002B3fdc29ffefe1c2a21b3ae10d36e8e428b6b8d6c5",
          "(.NET Core 4.6.28008.01; Microsoft Windows 10.0.18362 )"
        ],
        "x-ms-client-request-id": "f8ab6d3c5b85b8daa658124df72d92ed",
        "x-ms-content-sha256": "47DEQpj8HBSa\u002B/TImW\u002B5JCeuQeRkm5NMpJWZG3hSuFU=",
        "x-ms-return-client-request-id": "true"
      },
      "RequestBody": null,
      "StatusCode": 200,
      "ResponseHeaders": {
        "Access-Control-Allow-Credentials": "true",
        "Access-Control-Allow-Headers": "DNT, X-CustomHeader, Keep-Alive, User-Agent, X-Requested-With, If-Modified-Since, Cache-Control, Content-Type, Authorization, x-ms-client-request-id, x-ms-content-sha256, x-ms-date, host, Accept, Accept-Datetime, Date, If-Match, If-None-Match, Sync-Token, x-ms-return-client-request-id, ETag, Last-Modified, Link, Memento-Datetime, x-ms-retry-after, x-ms-request-id, WWW-Authenticate",
        "Access-Control-Allow-Methods": "GET, PUT, POST, DELETE, PATCH, OPTIONS",
        "Access-Control-Allow-Origin": "*",
        "Access-Control-Expose-Headers": "DNT, X-CustomHeader, Keep-Alive, User-Agent, X-Requested-With, If-Modified-Since, Cache-Control, Content-Type, Authorization, x-ms-client-request-id, x-ms-content-sha256, x-ms-date, host, Accept, Accept-Datetime, Date, If-Match, If-None-Match, Sync-Token, x-ms-return-client-request-id, ETag, Last-Modified, Link, Memento-Datetime, x-ms-retry-after, x-ms-request-id, WWW-Authenticate",
        "Connection": "keep-alive",
        "Content-Type": "application/vnd.microsoft.appconfig.kv\u002Bjson; charset=utf-8",
        "Date": "Fri, 15 Nov 2019 16:11:49 GMT",
        "ETag": "\u0022lH5dVabMfhC9FVhAve3XgINWCY4\u0022",
        "Last-Modified": "Fri, 15 Nov 2019 16:11:49 GMT",
        "Server": "openresty/1.15.8.1",
        "Strict-Transport-Security": "max-age=15724800; includeSubDomains",
        "Sync-Token": "zAJw6V16=ODotMSM4MTkyMzg=;sn=819238",
        "Transfer-Encoding": "chunked",
        "x-ms-client-request-id": "f8ab6d3c5b85b8daa658124df72d92ed",
        "x-ms-correlation-request-id": "502aef74-ad05-40b4-ba37-e810a02d79a3",
        "x-ms-request-id": "502aef74-ad05-40b4-ba37-e810a02d79a3"
      },
      "ResponseBody": {
        "etag": "lH5dVabMfhC9FVhAve3XgINWCY4",
        "key": "abcde-300675015",
        "label": "abcde",
        "content_type": null,
        "value": "Starts with abc",
        "tags": {},
        "locked": false,
        "last_modified": "2019-11-15T16:11:49\u002B00:00"
      }
    }
  ],
  "Variables": {
    "APPCONFIGURATION_CONNECTION_STRING": "Endpoint=https://pakrym-azconfig-ui.azconfig.io;Id=0-l1-s0:h5pHKElA5IjSL3z\u002BFOYz;Secret=;",
    "RandomSeed": "1231024577"
  }
}