{
  "Entries": [
    {
      "RequestUri": "https://pakrym-azconfig-ui.azconfig.io/kv/abc?api-version=1.0",
      "RequestMethod": "PUT",
      "RequestHeaders": {
        "Accept": "application/vnd.microsoft.appconfig.kv\u002Bjson",
        "Authorization": "Sanitized",
        "Content-Length": "53",
        "Content-Type": "application/json",
        "Date": "Fri, 15 Nov 2019 16:12:07 GMT",
        "traceparent": "00-3dfc0475bd4b0a47a7633a18b97ba868-fc36306ee2eec848-00",
        "User-Agent": [
          "azsdk-net-Data.AppConfiguration/1.0.0-dev.20191115.1\u002B3fdc29ffefe1c2a21b3ae10d36e8e428b6b8d6c5",
          "(.NET Core 4.6.28008.01; Microsoft Windows 10.0.18362 )"
        ],
        "x-ms-client-request-id": "d88583aff1e3f11d3e82712e0f8bc8a5",
        "x-ms-content-sha256": "rAtZS5jYy5MYxM4VT\u002BT/MN4FLSW1Bmj5GOiFWNbW4fc=",
        "x-ms-return-client-request-id": "true"
      },
      "RequestBody": {
        "value": "abc setting",
        "content_type": null,
        "tags": {}
      },
      "StatusCode": 200,
      "ResponseHeaders": {
        "Access-Control-Allow-Credentials": "true",
        "Access-Control-Allow-Headers": "DNT, X-CustomHeader, Keep-Alive, User-Agent, X-Requested-With, If-Modified-Since, Cache-Control, Content-Type, Authorization, x-ms-client-request-id, x-ms-content-sha256, x-ms-date, host, Accept, Accept-Datetime, Date, If-Match, If-None-Match, Sync-Token, x-ms-return-client-request-id, ETag, Last-Modified, Link, Memento-Datetime, x-ms-retry-after, x-ms-request-id, WWW-Authenticate",
        "Access-Control-Allow-Methods": "GET, PUT, POST, DELETE, PATCH, OPTIONS",
        "Access-Control-Allow-Origin": "*",
        "Access-Control-Expose-Headers": "DNT, X-CustomHeader, Keep-Alive, User-Agent, X-Requested-With, If-Modified-Since, Cache-Control, Content-Type, Authorization, x-ms-client-request-id, x-ms-content-sha256, x-ms-date, host, Accept, Accept-Datetime, Date, If-Match, If-None-Match, Sync-Token, x-ms-return-client-request-id, ETag, Last-Modified, Link, Memento-Datetime, x-ms-retry-after, x-ms-request-id, WWW-Authenticate",
        "Connection": "keep-alive",
        "Content-Type": "application/vnd.microsoft.appconfig.kv\u002Bjson; charset=utf-8",
        "Date": "Fri, 15 Nov 2019 16:12:05 GMT",
        "ETag": "\u0022JkMuaiNPkq11GJ6PKJ4HFdajl9s\u0022",
        "Last-Modified": "Fri, 15 Nov 2019 16:12:05 GMT",
        "Server": "openresty/1.15.8.1",
        "Strict-Transport-Security": "max-age=15724800; includeSubDomains",
        "Sync-Token": "zAJw6V16=ODotMSM4MTkzNTg=;sn=819358",
        "Transfer-Encoding": "chunked",
        "x-ms-client-request-id": "d88583aff1e3f11d3e82712e0f8bc8a5",
        "x-ms-correlation-request-id": "04fab734-c02c-4335-afb2-20fadc630bfd",
        "x-ms-request-id": "04fab734-c02c-4335-afb2-20fadc630bfd"
      },
      "ResponseBody": {
        "etag": "JkMuaiNPkq11GJ6PKJ4HFdajl9s",
        "key": "abc",
        "label": null,
        "content_type": null,
        "value": "abc setting",
        "tags": {},
        "locked": false,
        "last_modified": "2019-11-15T16:12:05\u002B00:00"
      }
    },
    {
      "RequestUri": "https://pakrym-azconfig-ui.azconfig.io/kv/xyz?api-version=1.0",
      "RequestMethod": "PUT",
      "RequestHeaders": {
        "Accept": "application/vnd.microsoft.appconfig.kv\u002Bjson",
        "Authorization": "Sanitized",
        "Content-Length": "53",
        "Content-Type": "application/json",
        "Date": "Fri, 15 Nov 2019 16:12:07 GMT",
        "Sync-Token": "zAJw6V16=ODotMSM4MTkzNTg=",
        "traceparent": "00-e04b06bb24338540b479a0f08a99c9a3-827065b92bbe5b49-00",
        "User-Agent": [
          "azsdk-net-Data.AppConfiguration/1.0.0-dev.20191115.1\u002B3fdc29ffefe1c2a21b3ae10d36e8e428b6b8d6c5",
          "(.NET Core 4.6.28008.01; Microsoft Windows 10.0.18362 )"
        ],
        "x-ms-client-request-id": "3e1fe80e27bd8933e31fe9e5fc684770",
        "x-ms-content-sha256": "scA3BRUvZMHMdOfosREYMLRH6CkQbPCSKsePkUSvt1A=",
        "x-ms-return-client-request-id": "true"
      },
      "RequestBody": {
        "value": "xyz setting",
        "content_type": null,
        "tags": {}
      },
      "StatusCode": 200,
      "ResponseHeaders": {
        "Access-Control-Allow-Credentials": "true",
        "Access-Control-Allow-Headers": "DNT, X-CustomHeader, Keep-Alive, User-Agent, X-Requested-With, If-Modified-Since, Cache-Control, Content-Type, Authorization, x-ms-client-request-id, x-ms-content-sha256, x-ms-date, host, Accept, Accept-Datetime, Date, If-Match, If-None-Match, Sync-Token, x-ms-return-client-request-id, ETag, Last-Modified, Link, Memento-Datetime, x-ms-retry-after, x-ms-request-id, WWW-Authenticate",
        "Access-Control-Allow-Methods": "GET, PUT, POST, DELETE, PATCH, OPTIONS",
        "Access-Control-Allow-Origin": "*",
        "Access-Control-Expose-Headers": "DNT, X-CustomHeader, Keep-Alive, User-Agent, X-Requested-With, If-Modified-Since, Cache-Control, Content-Type, Authorization, x-ms-client-request-id, x-ms-content-sha256, x-ms-date, host, Accept, Accept-Datetime, Date, If-Match, If-None-Match, Sync-Token, x-ms-return-client-request-id, ETag, Last-Modified, Link, Memento-Datetime, x-ms-retry-after, x-ms-request-id, WWW-Authenticate",
        "Connection": "keep-alive",
        "Content-Type": "application/vnd.microsoft.appconfig.kv\u002Bjson; charset=utf-8",
        "Date": "Fri, 15 Nov 2019 16:12:05 GMT",
        "ETag": "\u0022LFZyx1GHM4SnIByEosSRUswF4ZV\u0022",
        "Last-Modified": "Fri, 15 Nov 2019 16:12:05 GMT",
        "Server": "openresty/1.15.8.1",
        "Strict-Transport-Security": "max-age=15724800; includeSubDomains",
        "Sync-Token": "zAJw6V16=ODotMSM4MTkzNTk=;sn=819359",
        "Transfer-Encoding": "chunked",
        "x-ms-client-request-id": "3e1fe80e27bd8933e31fe9e5fc684770",
        "x-ms-correlation-request-id": "f96131a9-16c7-42dc-bc05-848439681072",
        "x-ms-request-id": "f96131a9-16c7-42dc-bc05-848439681072"
      },
      "ResponseBody": {
        "etag": "LFZyx1GHM4SnIByEosSRUswF4ZV",
        "key": "xyz",
        "label": null,
        "content_type": null,
        "value": "xyz setting",
        "tags": {},
        "locked": false,
        "last_modified": "2019-11-15T16:12:05\u002B00:00"
      }
    },
    {
      "RequestUri": "https://pakrym-azconfig-ui.azconfig.io/kv/?key=abc%5C%2Cxyz\u0026api-version=1.0",
      "RequestMethod": "GET",
      "RequestHeaders": {
        "Accept": "application/vnd.microsoft.appconfig.kv\u002Bjson",
        "Authorization": "Sanitized",
        "Date": "Fri, 15 Nov 2019 16:12:07 GMT",
        "Sync-Token": "zAJw6V16=ODotMSM4MTkzNTk=",
        "User-Agent": [
          "azsdk-net-Data.AppConfiguration/1.0.0-dev.20191115.1\u002B3fdc29ffefe1c2a21b3ae10d36e8e428b6b8d6c5",
          "(.NET Core 4.6.28008.01; Microsoft Windows 10.0.18362 )"
        ],
        "x-ms-client-request-id": "39ef1ea5ab8fb3235760e3e5a615f348",
        "x-ms-content-sha256": "47DEQpj8HBSa\u002B/TImW\u002B5JCeuQeRkm5NMpJWZG3hSuFU=",
        "x-ms-return-client-request-id": "true"
      },
      "RequestBody": null,
      "StatusCode": 200,
      "ResponseHeaders": {
        "Access-Control-Allow-Credentials": "true",
        "Access-Control-Allow-Headers": "DNT, X-CustomHeader, Keep-Alive, User-Agent, X-Requested-With, If-Modified-Since, Cache-Control, Content-Type, Authorization, x-ms-client-request-id, x-ms-content-sha256, x-ms-date, host, Accept, Accept-Datetime, Date, If-Match, If-None-Match, Sync-Token, x-ms-return-client-request-id, ETag, Last-Modified, Link, Memento-Datetime, x-ms-retry-after, x-ms-request-id, WWW-Authenticate",
        "Access-Control-Allow-Methods": "GET, PUT, POST, DELETE, PATCH, OPTIONS",
        "Access-Control-Allow-Origin": "*",
        "Access-Control-Expose-Headers": "DNT, X-CustomHeader, Keep-Alive, User-Agent, X-Requested-With, If-Modified-Since, Cache-Control, Content-Type, Authorization, x-ms-client-request-id, x-ms-content-sha256, x-ms-date, host, Accept, Accept-Datetime, Date, If-Match, If-None-Match, Sync-Token, x-ms-return-client-request-id, ETag, Last-Modified, Link, Memento-Datetime, x-ms-retry-after, x-ms-request-id, WWW-Authenticate",
        "Connection": "keep-alive",
        "Content-Type": "application/vnd.microsoft.appconfig.kvset\u002Bjson; charset=utf-8",
        "Date": "Fri, 15 Nov 2019 16:12:05 GMT",
        "Server": "openresty/1.15.8.1",
        "Strict-Transport-Security": "max-age=15724800; includeSubDomains",
        "Transfer-Encoding": "chunked",
        "x-ms-client-request-id": "39ef1ea5ab8fb3235760e3e5a615f348",
        "x-ms-correlation-request-id": "d6b4c3ad-5d00-424c-a7c5-ab3934ac8cf5",
        "x-ms-request-id": "d6b4c3ad-5d00-424c-a7c5-ab3934ac8cf5"
      },
      "ResponseBody": {
        "items": []
      }
    },
    {
      "RequestUri": "https://pakrym-azconfig-ui.azconfig.io/kv/abc?api-version=1.0",
      "RequestMethod": "DELETE",
      "RequestHeaders": {
        "Authorization": "Sanitized",
        "Date": "Fri, 15 Nov 2019 16:12:07 GMT",
        "Sync-Token": "zAJw6V16=ODotMSM4MTkzNTk=",
        "traceparent": "00-c65d2d54a134714b90ecbba7c2196d92-d2497d04fbc5fb40-00",
        "User-Agent": [
          "azsdk-net-Data.AppConfiguration/1.0.0-dev.20191115.1\u002B3fdc29ffefe1c2a21b3ae10d36e8e428b6b8d6c5",
          "(.NET Core 4.6.28008.01; Microsoft Windows 10.0.18362 )"
        ],
        "x-ms-client-request-id": "b377a733db36881850fcf4c40837f4d6",
        "x-ms-content-sha256": "47DEQpj8HBSa\u002B/TImW\u002B5JCeuQeRkm5NMpJWZG3hSuFU=",
        "x-ms-return-client-request-id": "true"
      },
      "RequestBody": null,
      "StatusCode": 200,
      "ResponseHeaders": {
        "Access-Control-Allow-Credentials": "true",
        "Access-Control-Allow-Headers": "DNT, X-CustomHeader, Keep-Alive, User-Agent, X-Requested-With, If-Modified-Since, Cache-Control, Content-Type, Authorization, x-ms-client-request-id, x-ms-content-sha256, x-ms-date, host, Accept, Accept-Datetime, Date, If-Match, If-None-Match, Sync-Token, x-ms-return-client-request-id, ETag, Last-Modified, Link, Memento-Datetime, x-ms-retry-after, x-ms-request-id, WWW-Authenticate",
        "Access-Control-Allow-Methods": "GET, PUT, POST, DELETE, PATCH, OPTIONS",
        "Access-Control-Allow-Origin": "*",
        "Access-Control-Expose-Headers": "DNT, X-CustomHeader, Keep-Alive, User-Agent, X-Requested-With, If-Modified-Since, Cache-Control, Content-Type, Authorization, x-ms-client-request-id, x-ms-content-sha256, x-ms-date, host, Accept, Accept-Datetime, Date, If-Match, If-None-Match, Sync-Token, x-ms-return-client-request-id, ETag, Last-Modified, Link, Memento-Datetime, x-ms-retry-after, x-ms-request-id, WWW-Authenticate",
        "Connection": "keep-alive",
        "Content-Type": "application/vnd.microsoft.appconfig.kv\u002Bjson; charset=utf-8",
        "Date": "Fri, 15 Nov 2019 16:12:05 GMT",
        "ETag": "\u0022JkMuaiNPkq11GJ6PKJ4HFdajl9s\u0022",
        "Last-Modified": "Fri, 15 Nov 2019 16:12:05 GMT",
        "Server": "openresty/1.15.8.1",
        "Strict-Transport-Security": "max-age=15724800; includeSubDomains",
        "Sync-Token": "zAJw6V16=ODotMSM4MTkzNjA=;sn=819360",
        "Transfer-Encoding": "chunked",
        "x-ms-client-request-id": "b377a733db36881850fcf4c40837f4d6",
        "x-ms-correlation-request-id": "acb0ae80-4f78-41f7-9357-f1aa8a4c0b5a",
        "x-ms-request-id": "acb0ae80-4f78-41f7-9357-f1aa8a4c0b5a"
      },
      "ResponseBody": {
        "etag": "JkMuaiNPkq11GJ6PKJ4HFdajl9s",
        "key": "abc",
        "label": null,
        "content_type": null,
        "value": "abc setting",
        "tags": {},
        "locked": false,
        "last_modified": "2019-11-15T16:12:05\u002B00:00"
      }
    },
    {
      "RequestUri": "https://pakrym-azconfig-ui.azconfig.io/kv/xyz?api-version=1.0",
      "RequestMethod": "DELETE",
      "RequestHeaders": {
        "Authorization": "Sanitized",
        "Date": "Fri, 15 Nov 2019 16:12:07 GMT",
        "Sync-Token": "zAJw6V16=ODotMSM4MTkzNjA=",
        "traceparent": "00-4374df9bebb30e40a393b01342c3a7de-2cdbba14c68e9142-00",
        "User-Agent": [
          "azsdk-net-Data.AppConfiguration/1.0.0-dev.20191115.1\u002B3fdc29ffefe1c2a21b3ae10d36e8e428b6b8d6c5",
          "(.NET Core 4.6.28008.01; Microsoft Windows 10.0.18362 )"
        ],
        "x-ms-client-request-id": "f089003a8f9b6316c56be75c434de2cd",
        "x-ms-content-sha256": "47DEQpj8HBSa\u002B/TImW\u002B5JCeuQeRkm5NMpJWZG3hSuFU=",
        "x-ms-return-client-request-id": "true"
      },
      "RequestBody": null,
      "StatusCode": 200,
      "ResponseHeaders": {
        "Access-Control-Allow-Credentials": "true",
        "Access-Control-Allow-Headers": "DNT, X-CustomHeader, Keep-Alive, User-Agent, X-Requested-With, If-Modified-Since, Cache-Control, Content-Type, Authorization, x-ms-client-request-id, x-ms-content-sha256, x-ms-date, host, Accept, Accept-Datetime, Date, If-Match, If-None-Match, Sync-Token, x-ms-return-client-request-id, ETag, Last-Modified, Link, Memento-Datetime, x-ms-retry-after, x-ms-request-id, WWW-Authenticate",
        "Access-Control-Allow-Methods": "GET, PUT, POST, DELETE, PATCH, OPTIONS",
        "Access-Control-Allow-Origin": "*",
        "Access-Control-Expose-Headers": "DNT, X-CustomHeader, Keep-Alive, User-Agent, X-Requested-With, If-Modified-Since, Cache-Control, Content-Type, Authorization, x-ms-client-request-id, x-ms-content-sha256, x-ms-date, host, Accept, Accept-Datetime, Date, If-Match, If-None-Match, Sync-Token, x-ms-return-client-request-id, ETag, Last-Modified, Link, Memento-Datetime, x-ms-retry-after, x-ms-request-id, WWW-Authenticate",
        "Connection": "keep-alive",
        "Content-Type": "application/vnd.microsoft.appconfig.kv\u002Bjson; charset=utf-8",
        "Date": "Fri, 15 Nov 2019 16:12:05 GMT",
        "ETag": "\u0022LFZyx1GHM4SnIByEosSRUswF4ZV\u0022",
        "Last-Modified": "Fri, 15 Nov 2019 16:12:05 GMT",
        "Server": "openresty/1.15.8.1",
        "Strict-Transport-Security": "max-age=15724800; includeSubDomains",
        "Sync-Token": "zAJw6V16=ODotMSM4MTkzNjE=;sn=819361",
        "Transfer-Encoding": "chunked",
        "x-ms-client-request-id": "f089003a8f9b6316c56be75c434de2cd",
        "x-ms-correlation-request-id": "6b1a87da-3635-4731-b97d-81ea20163606",
        "x-ms-request-id": "6b1a87da-3635-4731-b97d-81ea20163606"
      },
      "ResponseBody": {
        "etag": "LFZyx1GHM4SnIByEosSRUswF4ZV",
        "key": "xyz",
        "label": null,
        "content_type": null,
        "value": "xyz setting",
        "tags": {},
        "locked": false,
        "last_modified": "2019-11-15T16:12:05\u002B00:00"
      }
    }
  ],
  "Variables": {
    "APPCONFIGURATION_CONNECTION_STRING": "Endpoint=https://pakrym-azconfig-ui.azconfig.io;Id=0-l1-s0:h5pHKElA5IjSL3z\u002BFOYz;Secret=;",
    "RandomSeed": "1191626525"
  }
}