{
  "Entries": [
    {
      "RequestUri": "https://pakrymappconfiguration-azconfig-net.azconfig.io/kv/key-589021773?label=test_label\u0026api-version=1.0",
      "RequestMethod": "PUT",
      "RequestHeaders": {
        "Accept": "application/vnd.microsoft.appconfig.kv\u002Bjson",
        "Authorization": "Sanitized",
        "Content-Length": "98",
        "Content-Type": "application/json",
        "Date": "Mon, 08 Feb 2021 19:13:52 GMT",
        "traceparent": "00-a69a86dd076d544ea496275a5f881822-d1d5255a3040d24f-00",
        "User-Agent": [
          "azsdk-net-Data.AppConfiguration/1.1.0-alpha.20210208.1",
          "(.NET 5.0.2; Microsoft Windows 10.0.19042)"
        ],
        "x-ms-client-request-id": "89108a14fa2544d673c2f74dd4173c34",
        "x-ms-content-sha256": "b11OQu6GthUatwGXUIKHHSRVyik0TdrUk5kZm3yZd2A=",
        "x-ms-return-client-request-id": "true"
      },
      "RequestBody": {
        "value": "test_value",
        "content_type": "test_content_type",
        "tags": {
          "tag1": "value1",
          "tag2": "value2"
        }
      },
      "StatusCode": 200,
      "ResponseHeaders": {
        "Access-Control-Allow-Credentials": "true",
        "Access-Control-Allow-Origin": "*",
        "Access-Control-Expose-Headers": "DNT, X-CustomHeader, Keep-Alive, User-Agent, X-Requested-With, If-Modified-Since, Cache-Control, Content-Type, Authorization, x-ms-client-request-id, x-ms-useragent, x-ms-content-sha256, x-ms-date, host, Accept, Accept-Datetime, Date, If-Match, If-None-Match, Sync-Token, x-ms-return-client-request-id, ETag, Last-Modified, Link, Memento-Datetime, retry-after-ms, x-ms-request-id, x-ms-client-session-id, x-ms-effective-locale, WWW-Authenticate",
        "Connection": "keep-alive",
        "Content-Type": "application/vnd.microsoft.appconfig.kv\u002Bjson; charset=utf-8",
        "Date": "Mon, 08 Feb 2021 19:06:50 GMT",
        "ETag": "\u0022hjzD51hTUiSYIZ7W002Ykg6APOa\u0022",
        "Last-Modified": "Mon, 08 Feb 2021 19:13:53 GMT",
        "Server": "openresty/1.17.8.2",
        "Strict-Transport-Security": "max-age=15724800; includeSubDomains",
        "Sync-Token": "zAJw6V16=MDozIzY4NzE0NDQ=;sn=6871444",
        "Transfer-Encoding": "chunked",
        "x-ms-client-request-id": "89108a14fa2544d673c2f74dd4173c34",
        "x-ms-correlation-request-id": "8d4710f8-e3ba-4afe-8c8e-5016db3eb9a1",
        "x-ms-request-id": "8d4710f8-e3ba-4afe-8c8e-5016db3eb9a1",
        "x-ms-tenant-name": "pakrymappconfiguration-azconfig-net"
      },
      "ResponseBody": {
        "etag": "hjzD51hTUiSYIZ7W002Ykg6APOa",
        "key": "key-589021773",
        "label": "test_label",
        "content_type": "test_content_type",
        "value": "test_value",
        "tags": {
          "tag1": "value1",
          "tag2": "value2"
        },
        "locked": false,
        "last_modified": "2021-02-08T19:13:53\u002B00:00"
      }
    },
    {
      "RequestUri": "https://pakrymappconfiguration-azconfig-net.azconfig.io/kv/key-589021773?label=test_label_update\u0026api-version=1.0",
      "RequestMethod": "PUT",
      "RequestHeaders": {
        "Accept": "application/vnd.microsoft.appconfig.kv\u002Bjson",
        "Authorization": "Sanitized",
        "Content-Length": "98",
        "Content-Type": "application/json",
        "Date": "Mon, 08 Feb 2021 19:13:52 GMT",
        "Sync-Token": "zAJw6V16=MDozIzY4NzE0NDQ=",
        "traceparent": "00-54009a91bfcbe441b7b108db3d367d47-2ad284d025b40e43-00",
        "User-Agent": [
          "azsdk-net-Data.AppConfiguration/1.1.0-alpha.20210208.1",
          "(.NET 5.0.2; Microsoft Windows 10.0.19042)"
        ],
        "x-ms-client-request-id": "7ce6d0b243d1c0b4b884c4df0bb7f48a",
        "x-ms-content-sha256": "b11OQu6GthUatwGXUIKHHSRVyik0TdrUk5kZm3yZd2A=",
        "x-ms-return-client-request-id": "true"
      },
      "RequestBody": {
        "value": "test_value",
        "content_type": "test_content_type",
        "tags": {
          "tag1": "value1",
          "tag2": "value2"
        }
      },
      "StatusCode": 200,
      "ResponseHeaders": {
        "Access-Control-Allow-Credentials": "true",
        "Access-Control-Allow-Origin": "*",
        "Access-Control-Expose-Headers": "DNT, X-CustomHeader, Keep-Alive, User-Agent, X-Requested-With, If-Modified-Since, Cache-Control, Content-Type, Authorization, x-ms-client-request-id, x-ms-useragent, x-ms-content-sha256, x-ms-date, host, Accept, Accept-Datetime, Date, If-Match, If-None-Match, Sync-Token, x-ms-return-client-request-id, ETag, Last-Modified, Link, Memento-Datetime, retry-after-ms, x-ms-request-id, x-ms-client-session-id, x-ms-effective-locale, WWW-Authenticate",
        "Connection": "keep-alive",
        "Content-Type": "application/vnd.microsoft.appconfig.kv\u002Bjson; charset=utf-8",
        "Date": "Mon, 08 Feb 2021 19:06:50 GMT",
        "ETag": "\u0022kzZKHNESVqz8u6pUEZw4DDBdv3E\u0022",
        "Last-Modified": "Mon, 08 Feb 2021 19:13:53 GMT",
        "Server": "openresty/1.17.8.2",
        "Strict-Transport-Security": "max-age=15724800; includeSubDomains",
        "Sync-Token": "zAJw6V16=MDozIzY4NzE0NDU=;sn=6871445",
        "Transfer-Encoding": "chunked",
        "x-ms-client-request-id": "7ce6d0b243d1c0b4b884c4df0bb7f48a",
        "x-ms-correlation-request-id": "20d237a1-bffb-4ac1-ad5f-5e7175430bcf",
        "x-ms-request-id": "20d237a1-bffb-4ac1-ad5f-5e7175430bcf",
        "x-ms-tenant-name": "pakrymappconfiguration-azconfig-net"
      },
      "ResponseBody": {
        "etag": "kzZKHNESVqz8u6pUEZw4DDBdv3E",
        "key": "key-589021773",
        "label": "test_label_update",
        "content_type": "test_content_type",
        "value": "test_value",
        "tags": {
          "tag1": "value1",
          "tag2": "value2"
        },
        "locked": false,
        "last_modified": "2021-02-08T19:13:53\u002B00:00"
      }
    },
    {
      "RequestUri": "https://pakrymappconfiguration-azconfig-net.azconfig.io/revisions/?key=key-589021773\u0026label=test_label_update\u0026api-version=1.0",
      "RequestMethod": "GET",
      "RequestHeaders": {
        "Accept": "application/vnd.microsoft.appconfig.kv\u002Bjson",
        "Authorization": "Sanitized",
        "Date": "Mon, 08 Feb 2021 19:13:52 GMT",
        "Sync-Token": "zAJw6V16=MDozIzY4NzE0NDU=",
        "traceparent": "00-29e97fd100a388488294e398b49f0d5e-7f3221304fe81847-00",
        "User-Agent": [
          "azsdk-net-Data.AppConfiguration/1.1.0-alpha.20210208.1",
          "(.NET 5.0.2; Microsoft Windows 10.0.19042)"
        ],
        "x-ms-client-request-id": "54704ada428476f1f1ef2c73e15c30d8",
        "x-ms-content-sha256": "47DEQpj8HBSa\u002B/TImW\u002B5JCeuQeRkm5NMpJWZG3hSuFU=",
        "x-ms-return-client-request-id": "true"
      },
      "RequestBody": null,
      "StatusCode": 200,
      "ResponseHeaders": {
        "Accept-Ranges": "items",
        "Access-Control-Allow-Credentials": "true",
        "Access-Control-Allow-Origin": "*",
        "Access-Control-Expose-Headers": "DNT, X-CustomHeader, Keep-Alive, User-Agent, X-Requested-With, If-Modified-Since, Cache-Control, Content-Type, Authorization, x-ms-client-request-id, x-ms-useragent, x-ms-content-sha256, x-ms-date, host, Accept, Accept-Datetime, Date, If-Match, If-None-Match, Sync-Token, x-ms-return-client-request-id, ETag, Last-Modified, Link, Memento-Datetime, retry-after-ms, x-ms-request-id, x-ms-client-session-id, x-ms-effective-locale, WWW-Authenticate",
        "Connection": "keep-alive",
        "Content-Type": "application/vnd.microsoft.appconfig.kvset\u002Bjson; charset=utf-8",
        "Date": "Mon, 08 Feb 2021 19:06:50 GMT",
        "Server": "openresty/1.17.8.2",
        "Strict-Transport-Security": "max-age=15724800; includeSubDomains",
        "Sync-Token": "zAJw6V16=MDozIzY4NzE0NDU=;sn=6871445",
        "Transfer-Encoding": "chunked",
        "x-ms-client-request-id": "54704ada428476f1f1ef2c73e15c30d8",
        "x-ms-correlation-request-id": "800118dd-2e57-4e74-984a-7ab729af29e1",
        "x-ms-request-id": "800118dd-2e57-4e74-984a-7ab729af29e1",
        "x-ms-tenant-name": "pakrymappconfiguration-azconfig-net"
      },
      "ResponseBody": {
        "items": [
          {
            "etag": "kzZKHNESVqz8u6pUEZw4DDBdv3E",
            "key": "key-589021773",
            "label": "test_label_update",
            "content_type": "test_content_type",
            "value": "test_value",
            "tags": {
              "tag1": "value1",
              "tag2": "value2"
            },
            "locked": false,
            "last_modified": "2021-02-08T19:13:53\u002B00:00"
          }
        ]
      }
    },
    {
      "RequestUri": "https://pakrymappconfiguration-azconfig-net.azconfig.io/kv/key-589021773?label=test_label\u0026api-version=1.0",
      "RequestMethod": "DELETE",
      "RequestHeaders": {
        "Authorization": "Sanitized",
        "Date": "Mon, 08 Feb 2021 19:13:52 GMT",
        "Sync-Token": "zAJw6V16=MDozIzY4NzE0NDU=",
        "traceparent": "00-ebecbd717407df42910edbcde315ae0c-6d0480fdd8856840-00",
        "User-Agent": [
          "azsdk-net-Data.AppConfiguration/1.1.0-alpha.20210208.1",
          "(.NET 5.0.2; Microsoft Windows 10.0.19042)"
        ],
        "x-ms-client-request-id": "f8477b37a16cd07bd650d1a036f638bc",
        "x-ms-content-sha256": "47DEQpj8HBSa\u002B/TImW\u002B5JCeuQeRkm5NMpJWZG3hSuFU=",
        "x-ms-return-client-request-id": "true"
      },
      "RequestBody": null,
      "StatusCode": 200,
      "ResponseHeaders": {
        "Access-Control-Allow-Credentials": "true",
        "Access-Control-Allow-Origin": "*",
        "Access-Control-Expose-Headers": "DNT, X-CustomHeader, Keep-Alive, User-Agent, X-Requested-With, If-Modified-Since, Cache-Control, Content-Type, Authorization, x-ms-client-request-id, x-ms-useragent, x-ms-content-sha256, x-ms-date, host, Accept, Accept-Datetime, Date, If-Match, If-None-Match, Sync-Token, x-ms-return-client-request-id, ETag, Last-Modified, Link, Memento-Datetime, retry-after-ms, x-ms-request-id, x-ms-client-session-id, x-ms-effective-locale, WWW-Authenticate",
        "Connection": "keep-alive",
        "Content-Type": "application/vnd.microsoft.appconfig.kv\u002Bjson; charset=utf-8",
        "Date": "Mon, 08 Feb 2021 19:06:50 GMT",
        "ETag": "\u0022hjzD51hTUiSYIZ7W002Ykg6APOa\u0022",
        "Last-Modified": "Mon, 08 Feb 2021 19:13:53 GMT",
        "Server": "openresty/1.17.8.2",
        "Strict-Transport-Security": "max-age=15724800; includeSubDomains",
        "Sync-Token": "zAJw6V16=MDozIzY4NzE0NDY=;sn=6871446",
        "Transfer-Encoding": "chunked",
        "x-ms-client-request-id": "f8477b37a16cd07bd650d1a036f638bc",
        "x-ms-correlation-request-id": "2cb4052f-0179-4370-ac80-6ba37c4ee946",
        "x-ms-request-id": "2cb4052f-0179-4370-ac80-6ba37c4ee946",
        "x-ms-tenant-name": "pakrymappconfiguration-azconfig-net"
      },
      "ResponseBody": {
        "etag": "hjzD51hTUiSYIZ7W002Ykg6APOa",
        "key": "key-589021773",
        "label": "test_label",
        "content_type": "test_content_type",
        "value": "test_value",
        "tags": {
          "tag1": "value1",
          "tag2": "value2"
        },
        "locked": false,
        "last_modified": "2021-02-08T19:13:53\u002B00:00"
      }
    },
    {
      "RequestUri": "https://pakrymappconfiguration-azconfig-net.azconfig.io/kv/key-589021773?label=test_label_update\u0026api-version=1.0",
      "RequestMethod": "DELETE",
      "RequestHeaders": {
        "Authorization": "Sanitized",
        "Date": "Mon, 08 Feb 2021 19:13:52 GMT",
        "Sync-Token": "zAJw6V16=MDozIzY4NzE0NDY=",
        "traceparent": "00-231c29879420224390c9aabcb1522607-e8ebb5c090fa604b-00",
        "User-Agent": [
          "azsdk-net-Data.AppConfiguration/1.1.0-alpha.20210208.1",
          "(.NET 5.0.2; Microsoft Windows 10.0.19042)"
        ],
        "x-ms-client-request-id": "8a726dcde7a66fb0de6f8be21640de5b",
        "x-ms-content-sha256": "47DEQpj8HBSa\u002B/TImW\u002B5JCeuQeRkm5NMpJWZG3hSuFU=",
        "x-ms-return-client-request-id": "true"
      },
      "RequestBody": null,
      "StatusCode": 200,
      "ResponseHeaders": {
        "Access-Control-Allow-Credentials": "true",
        "Access-Control-Allow-Origin": "*",
        "Access-Control-Expose-Headers": "DNT, X-CustomHeader, Keep-Alive, User-Agent, X-Requested-With, If-Modified-Since, Cache-Control, Content-Type, Authorization, x-ms-client-request-id, x-ms-useragent, x-ms-content-sha256, x-ms-date, host, Accept, Accept-Datetime, Date, If-Match, If-None-Match, Sync-Token, x-ms-return-client-request-id, ETag, Last-Modified, Link, Memento-Datetime, retry-after-ms, x-ms-request-id, x-ms-client-session-id, x-ms-effective-locale, WWW-Authenticate",
        "Connection": "keep-alive",
        "Content-Type": "application/vnd.microsoft.appconfig.kv\u002Bjson; charset=utf-8",
        "Date": "Mon, 08 Feb 2021 19:06:50 GMT",
        "ETag": "\u0022kzZKHNESVqz8u6pUEZw4DDBdv3E\u0022",
        "Last-Modified": "Mon, 08 Feb 2021 19:13:53 GMT",
        "Server": "openresty/1.17.8.2",
        "Strict-Transport-Security": "max-age=15724800; includeSubDomains",
        "Sync-Token": "zAJw6V16=MDozIzY4NzE0NDc=;sn=6871447",
        "Transfer-Encoding": "chunked",
        "x-ms-client-request-id": "8a726dcde7a66fb0de6f8be21640de5b",
        "x-ms-correlation-request-id": "3eff8f8b-0101-4358-8e45-d68465827d54",
        "x-ms-request-id": "3eff8f8b-0101-4358-8e45-d68465827d54",
        "x-ms-tenant-name": "pakrymappconfiguration-azconfig-net"
      },
      "ResponseBody": {
        "etag": "kzZKHNESVqz8u6pUEZw4DDBdv3E",
        "key": "key-589021773",
        "label": "test_label_update",
        "content_type": "test_content_type",
        "value": "test_value",
        "tags": {
          "tag1": "value1",
          "tag2": "value2"
        },
        "locked": false,
        "last_modified": "2021-02-08T19:13:53\u002B00:00"
      }
    }
  ],
  "Variables": {
    "APPCONFIGURATION_CONNECTION_STRING": "Endpoint=https://pakrymappconfiguration-azconfig-net.azconfig.io;Id=HJQj-l2-s0:y/nolwTrxZa9soWjduE/;Secret=Kg==",
    "RandomSeed": "1887012951"
  }
}