{
  "Entries": [
    {
      "RequestUri": "https://pakrym-azconfig-ui.azconfig.io/kv/key-625002417?api-version=1.0",
      "RequestMethod": "PUT",
      "RequestHeaders": {
        "Accept": "application/vnd.microsoft.appconfig.kv\u002Bjson",
        "Authorization": "Sanitized",
        "Content-Length": "98",
        "Content-Type": "application/json",
        "Date": "Fri, 15 Nov 2019 16:12:12 GMT",
        "traceparent": "00-b636fc6c2bb857498ee5b4a680cac771-232cfe2a4fb70848-00",
        "User-Agent": [
          "azsdk-net-Data.AppConfiguration/1.0.0-dev.20191115.1\u002B3fdc29ffefe1c2a21b3ae10d36e8e428b6b8d6c5",
          "(.NET Core 4.6.28008.01; Microsoft Windows 10.0.18362 )"
        ],
        "x-ms-client-request-id": "2b48aa528ad5f3317379daee3e277268",
        "x-ms-content-sha256": "b11OQu6GthUatwGXUIKHHSRVyik0TdrUk5kZm3yZd2A=",
        "x-ms-return-client-request-id": "true"
      },
      "RequestBody": {
        "value": "test_value",
        "content_type": "test_content_type",
        "tags": {
          "tag1": "value1",
          "tag2": "value2"
        }
      },
      "StatusCode": 200,
      "ResponseHeaders": {
        "Access-Control-Allow-Credentials": "true",
        "Access-Control-Allow-Headers": "DNT, X-CustomHeader, Keep-Alive, User-Agent, X-Requested-With, If-Modified-Since, Cache-Control, Content-Type, Authorization, x-ms-client-request-id, x-ms-content-sha256, x-ms-date, host, Accept, Accept-Datetime, Date, If-Match, If-None-Match, Sync-Token, x-ms-return-client-request-id, ETag, Last-Modified, Link, Memento-Datetime, x-ms-retry-after, x-ms-request-id, WWW-Authenticate",
        "Access-Control-Allow-Methods": "GET, PUT, POST, DELETE, PATCH, OPTIONS",
        "Access-Control-Allow-Origin": "*",
        "Access-Control-Expose-Headers": "DNT, X-CustomHeader, Keep-Alive, User-Agent, X-Requested-With, If-Modified-Since, Cache-Control, Content-Type, Authorization, x-ms-client-request-id, x-ms-content-sha256, x-ms-date, host, Accept, Accept-Datetime, Date, If-Match, If-None-Match, Sync-Token, x-ms-return-client-request-id, ETag, Last-Modified, Link, Memento-Datetime, x-ms-retry-after, x-ms-request-id, WWW-Authenticate",
        "Connection": "keep-alive",
        "Content-Type": "application/vnd.microsoft.appconfig.kv\u002Bjson; charset=utf-8",
        "Date": "Fri, 15 Nov 2019 16:12:10 GMT",
        "ETag": "\u0022wtzSA6Pw6f71OL6G38kc2lzT9m9\u0022",
        "Last-Modified": "Fri, 15 Nov 2019 16:12:10 GMT",
        "Server": "openresty/1.15.8.1",
        "Strict-Transport-Security": "max-age=15724800; includeSubDomains",
        "Sync-Token": "zAJw6V16=ODotMSM4MTkzOTY=;sn=819396",
        "Transfer-Encoding": "chunked",
        "x-ms-client-request-id": "2b48aa528ad5f3317379daee3e277268",
        "x-ms-correlation-request-id": "3e32e044-8298-4bb0-b7f6-ceeb07a82370",
        "x-ms-request-id": "3e32e044-8298-4bb0-b7f6-ceeb07a82370"
      },
      "ResponseBody": {
        "etag": "wtzSA6Pw6f71OL6G38kc2lzT9m9",
        "key": "key-625002417",
        "label": null,
        "content_type": "test_content_type",
        "value": "test_value",
        "tags": {
          "tag1": "value1",
          "tag2": "value2"
        },
        "locked": false,
        "last_modified": "2019-11-15T16:12:10\u002B00:00"
      }
    },
    {
      "RequestUri": "https://pakrym-azconfig-ui.azconfig.io/kv/key-625002417?label=test_label\u0026api-version=1.0",
      "RequestMethod": "PUT",
      "RequestHeaders": {
        "Accept": "application/vnd.microsoft.appconfig.kv\u002Bjson",
        "Authorization": "Sanitized",
        "Content-Length": "98",
        "Content-Type": "application/json",
        "Date": "Fri, 15 Nov 2019 16:12:12 GMT",
        "Sync-Token": "zAJw6V16=ODotMSM4MTkzOTY=",
        "traceparent": "00-3ccca8b5a6f2794f9cff24bd72d9b6e9-a6d09675f57d0d49-00",
        "User-Agent": [
          "azsdk-net-Data.AppConfiguration/1.0.0-dev.20191115.1\u002B3fdc29ffefe1c2a21b3ae10d36e8e428b6b8d6c5",
          "(.NET Core 4.6.28008.01; Microsoft Windows 10.0.18362 )"
        ],
        "x-ms-client-request-id": "552ac821f66d49d4c82077356dd6cb82",
        "x-ms-content-sha256": "b11OQu6GthUatwGXUIKHHSRVyik0TdrUk5kZm3yZd2A=",
        "x-ms-return-client-request-id": "true"
      },
      "RequestBody": {
        "value": "test_value",
        "content_type": "test_content_type",
        "tags": {
          "tag1": "value1",
          "tag2": "value2"
        }
      },
      "StatusCode": 200,
      "ResponseHeaders": {
        "Access-Control-Allow-Credentials": "true",
        "Access-Control-Allow-Headers": "DNT, X-CustomHeader, Keep-Alive, User-Agent, X-Requested-With, If-Modified-Since, Cache-Control, Content-Type, Authorization, x-ms-client-request-id, x-ms-content-sha256, x-ms-date, host, Accept, Accept-Datetime, Date, If-Match, If-None-Match, Sync-Token, x-ms-return-client-request-id, ETag, Last-Modified, Link, Memento-Datetime, x-ms-retry-after, x-ms-request-id, WWW-Authenticate",
        "Access-Control-Allow-Methods": "GET, PUT, POST, DELETE, PATCH, OPTIONS",
        "Access-Control-Allow-Origin": "*",
        "Access-Control-Expose-Headers": "DNT, X-CustomHeader, Keep-Alive, User-Agent, X-Requested-With, If-Modified-Since, Cache-Control, Content-Type, Authorization, x-ms-client-request-id, x-ms-content-sha256, x-ms-date, host, Accept, Accept-Datetime, Date, If-Match, If-None-Match, Sync-Token, x-ms-return-client-request-id, ETag, Last-Modified, Link, Memento-Datetime, x-ms-retry-after, x-ms-request-id, WWW-Authenticate",
        "Connection": "keep-alive",
        "Content-Type": "application/vnd.microsoft.appconfig.kv\u002Bjson; charset=utf-8",
        "Date": "Fri, 15 Nov 2019 16:12:10 GMT",
        "ETag": "\u0022E220GQQNk3uBnNLylmGwJXDisXT\u0022",
        "Last-Modified": "Fri, 15 Nov 2019 16:12:11 GMT",
        "Server": "openresty/1.15.8.1",
        "Strict-Transport-Security": "max-age=15724800; includeSubDomains",
        "Sync-Token": "zAJw6V16=ODotMSM4MTkzOTc=;sn=819397",
        "Transfer-Encoding": "chunked",
        "x-ms-client-request-id": "552ac821f66d49d4c82077356dd6cb82",
        "x-ms-correlation-request-id": "090fd668-7175-4d44-9163-27e7e7c461f1",
        "x-ms-request-id": "090fd668-7175-4d44-9163-27e7e7c461f1"
      },
      "ResponseBody": {
        "etag": "E220GQQNk3uBnNLylmGwJXDisXT",
        "key": "key-625002417",
        "label": "test_label",
        "content_type": "test_content_type",
        "value": "test_value",
        "tags": {
          "tag1": "value1",
          "tag2": "value2"
        },
        "locked": false,
        "last_modified": "2019-11-15T16:12:11\u002B00:00"
      }
    },
    {
      "RequestUri": "https://pakrym-azconfig-ui.azconfig.io/kv/key-625002417?label=test_label\u0026api-version=1.0",
      "RequestMethod": "GET",
      "RequestHeaders": {
        "Accept": "application/vnd.microsoft.appconfig.kv\u002Bjson",
        "Authorization": "Sanitized",
        "Content-Type": "application/json",
        "Date": "Fri, 15 Nov 2019 16:12:12 GMT",
        "Sync-Token": "zAJw6V16=ODotMSM4MTkzOTc=",
        "traceparent": "00-e6034c026cc9b648a6caeaef17c39694-33c898af56a88b48-00",
        "User-Agent": [
          "azsdk-net-Data.AppConfiguration/1.0.0-dev.20191115.1\u002B3fdc29ffefe1c2a21b3ae10d36e8e428b6b8d6c5",
          "(.NET Core 4.6.28008.01; Microsoft Windows 10.0.18362 )"
        ],
        "x-ms-client-request-id": "76fb667e0212e17402c5909dac1548d0",
        "x-ms-content-sha256": "47DEQpj8HBSa\u002B/TImW\u002B5JCeuQeRkm5NMpJWZG3hSuFU=",
        "x-ms-return-client-request-id": "true"
      },
      "RequestBody": null,
      "StatusCode": 200,
      "ResponseHeaders": {
        "Access-Control-Allow-Credentials": "true",
        "Access-Control-Allow-Headers": "DNT, X-CustomHeader, Keep-Alive, User-Agent, X-Requested-With, If-Modified-Since, Cache-Control, Content-Type, Authorization, x-ms-client-request-id, x-ms-content-sha256, x-ms-date, host, Accept, Accept-Datetime, Date, If-Match, If-None-Match, Sync-Token, x-ms-return-client-request-id, ETag, Last-Modified, Link, Memento-Datetime, x-ms-retry-after, x-ms-request-id, WWW-Authenticate",
        "Access-Control-Allow-Methods": "GET, PUT, POST, DELETE, PATCH, OPTIONS",
        "Access-Control-Allow-Origin": "*",
        "Access-Control-Expose-Headers": "DNT, X-CustomHeader, Keep-Alive, User-Agent, X-Requested-With, If-Modified-Since, Cache-Control, Content-Type, Authorization, x-ms-client-request-id, x-ms-content-sha256, x-ms-date, host, Accept, Accept-Datetime, Date, If-Match, If-None-Match, Sync-Token, x-ms-return-client-request-id, ETag, Last-Modified, Link, Memento-Datetime, x-ms-retry-after, x-ms-request-id, WWW-Authenticate",
        "Connection": "keep-alive",
        "Content-Type": "application/vnd.microsoft.appconfig.kv\u002Bjson; charset=utf-8",
        "Date": "Fri, 15 Nov 2019 16:12:10 GMT",
        "ETag": "\u0022E220GQQNk3uBnNLylmGwJXDisXT\u0022",
        "Last-Modified": "Fri, 15 Nov 2019 16:12:11 GMT",
        "Server": "openresty/1.15.8.1",
        "Strict-Transport-Security": "max-age=15724800; includeSubDomains",
        "Sync-Token": "zAJw6V16=ODotMSM4MTkzOTc=;sn=819397",
        "Transfer-Encoding": "chunked",
        "x-ms-client-request-id": "76fb667e0212e17402c5909dac1548d0",
        "x-ms-correlation-request-id": "a26ae921-ce92-404f-bd08-c870cdc17b56",
        "x-ms-request-id": "a26ae921-ce92-404f-bd08-c870cdc17b56"
      },
      "ResponseBody": {
        "etag": "E220GQQNk3uBnNLylmGwJXDisXT",
        "key": "key-625002417",
        "label": "test_label",
        "content_type": "test_content_type",
        "value": "test_value",
        "tags": {
          "tag1": "value1",
          "tag2": "value2"
        },
        "locked": false,
        "last_modified": "2019-11-15T16:12:11\u002B00:00"
      }
    },
    {
      "RequestUri": "https://pakrym-azconfig-ui.azconfig.io/kv/key-625002417?label=test_label\u0026api-version=1.0",
      "RequestMethod": "DELETE",
      "RequestHeaders": {
        "Authorization": "Sanitized",
        "Date": "Fri, 15 Nov 2019 16:12:12 GMT",
        "Sync-Token": "zAJw6V16=ODotMSM4MTkzOTc=",
        "traceparent": "00-6e8f6828bc70e944a318fd32036b31a7-ef11f055a1e46743-00",
        "User-Agent": [
          "azsdk-net-Data.AppConfiguration/1.0.0-dev.20191115.1\u002B3fdc29ffefe1c2a21b3ae10d36e8e428b6b8d6c5",
          "(.NET Core 4.6.28008.01; Microsoft Windows 10.0.18362 )"
        ],
        "x-ms-client-request-id": "9ca79a3268565c43d6fe63b412fb859d",
        "x-ms-content-sha256": "47DEQpj8HBSa\u002B/TImW\u002B5JCeuQeRkm5NMpJWZG3hSuFU=",
        "x-ms-return-client-request-id": "true"
      },
      "RequestBody": null,
      "StatusCode": 200,
      "ResponseHeaders": {
        "Access-Control-Allow-Credentials": "true",
        "Access-Control-Allow-Headers": "DNT, X-CustomHeader, Keep-Alive, User-Agent, X-Requested-With, If-Modified-Since, Cache-Control, Content-Type, Authorization, x-ms-client-request-id, x-ms-content-sha256, x-ms-date, host, Accept, Accept-Datetime, Date, If-Match, If-None-Match, Sync-Token, x-ms-return-client-request-id, ETag, Last-Modified, Link, Memento-Datetime, x-ms-retry-after, x-ms-request-id, WWW-Authenticate",
        "Access-Control-Allow-Methods": "GET, PUT, POST, DELETE, PATCH, OPTIONS",
        "Access-Control-Allow-Origin": "*",
        "Access-Control-Expose-Headers": "DNT, X-CustomHeader, Keep-Alive, User-Agent, X-Requested-With, If-Modified-Since, Cache-Control, Content-Type, Authorization, x-ms-client-request-id, x-ms-content-sha256, x-ms-date, host, Accept, Accept-Datetime, Date, If-Match, If-None-Match, Sync-Token, x-ms-return-client-request-id, ETag, Last-Modified, Link, Memento-Datetime, x-ms-retry-after, x-ms-request-id, WWW-Authenticate",
        "Connection": "keep-alive",
        "Content-Type": "application/vnd.microsoft.appconfig.kv\u002Bjson; charset=utf-8",
        "Date": "Fri, 15 Nov 2019 16:12:10 GMT",
        "ETag": "\u0022E220GQQNk3uBnNLylmGwJXDisXT\u0022",
        "Last-Modified": "Fri, 15 Nov 2019 16:12:11 GMT",
        "Server": "openresty/1.15.8.1",
        "Strict-Transport-Security": "max-age=15724800; includeSubDomains",
        "Sync-Token": "zAJw6V16=ODotMSM4MTkzOTg=;sn=819398",
        "Transfer-Encoding": "chunked",
        "x-ms-client-request-id": "9ca79a3268565c43d6fe63b412fb859d",
        "x-ms-correlation-request-id": "404a61d0-c52c-4b79-8427-bc73545c81d4",
        "x-ms-request-id": "404a61d0-c52c-4b79-8427-bc73545c81d4"
      },
      "ResponseBody": {
        "etag": "E220GQQNk3uBnNLylmGwJXDisXT",
        "key": "key-625002417",
        "label": "test_label",
        "content_type": "test_content_type",
        "value": "test_value",
        "tags": {
          "tag1": "value1",
          "tag2": "value2"
        },
        "locked": false,
        "last_modified": "2019-11-15T16:12:11\u002B00:00"
      }
    },
    {
      "RequestUri": "https://pakrym-azconfig-ui.azconfig.io/kv/key-625002417?api-version=1.0",
      "RequestMethod": "DELETE",
      "RequestHeaders": {
        "Authorization": "Sanitized",
        "Date": "Fri, 15 Nov 2019 16:12:12 GMT",
        "Sync-Token": "zAJw6V16=ODotMSM4MTkzOTg=",
        "traceparent": "00-2a7ef0dd4a206445805e71fb6db57673-cd9f73178812af4a-00",
        "User-Agent": [
          "azsdk-net-Data.AppConfiguration/1.0.0-dev.20191115.1\u002B3fdc29ffefe1c2a21b3ae10d36e8e428b6b8d6c5",
          "(.NET Core 4.6.28008.01; Microsoft Windows 10.0.18362 )"
        ],
        "x-ms-client-request-id": "d86f58adfb2b1f55534852a866369db2",
        "x-ms-content-sha256": "47DEQpj8HBSa\u002B/TImW\u002B5JCeuQeRkm5NMpJWZG3hSuFU=",
        "x-ms-return-client-request-id": "true"
      },
      "RequestBody": null,
      "StatusCode": 200,
      "ResponseHeaders": {
        "Access-Control-Allow-Credentials": "true",
        "Access-Control-Allow-Headers": "DNT, X-CustomHeader, Keep-Alive, User-Agent, X-Requested-With, If-Modified-Since, Cache-Control, Content-Type, Authorization, x-ms-client-request-id, x-ms-content-sha256, x-ms-date, host, Accept, Accept-Datetime, Date, If-Match, If-None-Match, Sync-Token, x-ms-return-client-request-id, ETag, Last-Modified, Link, Memento-Datetime, x-ms-retry-after, x-ms-request-id, WWW-Authenticate",
        "Access-Control-Allow-Methods": "GET, PUT, POST, DELETE, PATCH, OPTIONS",
        "Access-Control-Allow-Origin": "*",
        "Access-Control-Expose-Headers": "DNT, X-CustomHeader, Keep-Alive, User-Agent, X-Requested-With, If-Modified-Since, Cache-Control, Content-Type, Authorization, x-ms-client-request-id, x-ms-content-sha256, x-ms-date, host, Accept, Accept-Datetime, Date, If-Match, If-None-Match, Sync-Token, x-ms-return-client-request-id, ETag, Last-Modified, Link, Memento-Datetime, x-ms-retry-after, x-ms-request-id, WWW-Authenticate",
        "Connection": "keep-alive",
        "Content-Type": "application/vnd.microsoft.appconfig.kv\u002Bjson; charset=utf-8",
        "Date": "Fri, 15 Nov 2019 16:12:10 GMT",
        "ETag": "\u0022wtzSA6Pw6f71OL6G38kc2lzT9m9\u0022",
        "Last-Modified": "Fri, 15 Nov 2019 16:12:10 GMT",
        "Server": "openresty/1.15.8.1",
        "Strict-Transport-Security": "max-age=15724800; includeSubDomains",
        "Sync-Token": "zAJw6V16=ODotMSM4MTkzOTk=;sn=819399",
        "Transfer-Encoding": "chunked",
        "x-ms-client-request-id": "d86f58adfb2b1f55534852a866369db2",
        "x-ms-correlation-request-id": "00b2b2ba-cb0d-491a-b8e6-c0adaa37c272",
        "x-ms-request-id": "00b2b2ba-cb0d-491a-b8e6-c0adaa37c272"
      },
      "ResponseBody": {
        "etag": "wtzSA6Pw6f71OL6G38kc2lzT9m9",
        "key": "key-625002417",
        "label": null,
        "content_type": "test_content_type",
        "value": "test_value",
        "tags": {
          "tag1": "value1",
          "tag2": "value2"
        },
        "locked": false,
        "last_modified": "2019-11-15T16:12:10\u002B00:00"
      }
    }
  ],
  "Variables": {
    "APPCONFIGURATION_CONNECTION_STRING": "Endpoint=https://pakrym-azconfig-ui.azconfig.io;Id=0-l1-s0:h5pHKElA5IjSL3z\u002BFOYz;Secret=;",
    "RandomSeed": "554330029"
  }
}