{
  "Entries": [
    {
      "RequestUri": "https://t-dnnwaokochaappconfig-azconfig-net.azconfig.io/kv/key-1402910275?label=test_label\u0026api-version=1.0",
      "RequestMethod": "PUT",
      "RequestHeaders": {
        "Accept": "application/vnd.microsoft.appconfig.kv\u002Bjson, application/json, application/problem\u002Bjson",
        "Authorization": "Sanitized",
        "Content-Length": "98",
        "Content-Type": "application/json",
        "Date": "Fri, 19 Aug 2022 00:55:59 GMT",
        "traceparent": "00-f4ed6b9c84b4104fafdb019e6125aa32-a543290c2b83b54d-00",
        "User-Agent": "azsdk-net-Data.AppConfiguration/1.3.0-alpha.20220818.1 (.NET Framework 4.8.4510.0; Microsoft Windows 10.0.19044 )",
        "x-ms-client-request-id": "2603b9f7b50404378a225706bf0c8b02",
        "x-ms-content-sha256": "b11OQu6GthUatwGXUIKHHSRVyik0TdrUk5kZm3yZd2A=",
        "x-ms-return-client-request-id": "true"
      },
      "RequestBody": {
        "value": "test_value",
        "content_type": "test_content_type",
        "tags": {
          "tag1": "value1",
          "tag2": "value2"
        }
      },
      "StatusCode": 200,
      "ResponseHeaders": {
        "Access-Control-Allow-Credentials": "true",
        "Access-Control-Allow-Origin": "*",
        "Access-Control-Expose-Headers": "DNT, X-CustomHeader, Keep-Alive, User-Agent, X-Requested-With, If-Modified-Since, Cache-Control, Content-Type, Authorization, x-ms-client-request-id, x-ms-useragent, x-ms-content-sha256, x-ms-date, host, Accept, Accept-Datetime, Date, If-Match, If-None-Match, Sync-Token, x-ms-return-client-request-id, ETag, Last-Modified, Link, Memento-Datetime, retry-after-ms, x-ms-request-id, x-ms-client-session-id, x-ms-effective-locale, WWW-Authenticate, traceparent, tracestate",
        "Connection": "keep-alive",
        "Content-Type": "application/vnd.microsoft.appconfig.kv\u002Bjson; charset=utf-8",
        "Date": "Fri, 19 Aug 2022 00:56:00 GMT",
        "ETag": "\u0022Up3iJtspA8t0cOfEfTLWfgAjNUlTwz1yEkM354s1P-w\u0022",
        "Last-Modified": "Fri, 19 Aug 2022 00:56:00 GMT",
        "Server": "openresty/1.17.8.2",
        "Strict-Transport-Security": "max-age=15724800; includeSubDomains",
        "Sync-Token": "zAJw6V16=MjoxNyM5MjA3NjQ2;sn=9207646",
        "Transfer-Encoding": "chunked",
        "x-ms-client-request-id": "2603b9f7b50404378a225706bf0c8b02",
        "x-ms-correlation-request-id": "e8c619e4-5bea-43eb-a494-539cc065f8bf",
        "x-ms-request-id": "e8c619e4-5bea-43eb-a494-539cc065f8bf"
      },
      "ResponseBody": {
        "etag": "Up3iJtspA8t0cOfEfTLWfgAjNUlTwz1yEkM354s1P-w",
        "key": "key-1402910275",
        "label": "test_label",
        "content_type": "test_content_type",
        "value": "test_value",
        "tags": {
          "tag1": "value1",
          "tag2": "value2"
        },
        "locked": false,
        "last_modified": "2022-08-19T00:56:00\u002B00:00"
      }
    },
    {
      "RequestUri": "https://t-dnnwaokochaappconfig-azconfig-net.azconfig.io/kv/key-1402910275?label=test_label\u0026api-version=1.0",
      "RequestMethod": "GET",
      "RequestHeaders": {
        "Accept": "application/vnd.microsoft.appconfig.kv\u002Bjson, application/json, application/problem\u002Bjson",
        "Authorization": "Sanitized",
        "Date": "Fri, 19 Aug 2022 00:55:59 GMT",
        "If-Match": "\u0022this won\u0027t match\u0022",
        "Sync-Token": "zAJw6V16=MjoxNyM5MjA3NjQ2",
        "traceparent": "00-425fc712004c4b44a712d39200fa6128-0209bf33fb607f49-00",
        "User-Agent": "azsdk-net-Data.AppConfiguration/1.3.0-alpha.20220818.1 (.NET Framework 4.8.4510.0; Microsoft Windows 10.0.19044 )",
        "x-ms-client-request-id": "12f612da6f74da73c8a7f0c5a687c2bd",
        "x-ms-content-sha256": "47DEQpj8HBSa\u002B/TImW\u002B5JCeuQeRkm5NMpJWZG3hSuFU=",
        "x-ms-return-client-request-id": "true"
      },
      "RequestBody": null,
      "StatusCode": 412,
      "ResponseHeaders": {
        "Access-Control-Allow-Credentials": "true",
        "Access-Control-Allow-Origin": "*",
        "Access-Control-Expose-Headers": "DNT, X-CustomHeader, Keep-Alive, User-Agent, X-Requested-With, If-Modified-Since, Cache-Control, Content-Type, Authorization, x-ms-client-request-id, x-ms-useragent, x-ms-content-sha256, x-ms-date, host, Accept, Accept-Datetime, Date, If-Match, If-None-Match, Sync-Token, x-ms-return-client-request-id, ETag, Last-Modified, Link, Memento-Datetime, retry-after-ms, x-ms-request-id, x-ms-client-session-id, x-ms-effective-locale, WWW-Authenticate, traceparent, tracestate",
        "Connection": "keep-alive",
        "Content-Length": "0",
        "Date": "Fri, 19 Aug 2022 00:56:00 GMT",
        "ETag": "\u0022Up3iJtspA8t0cOfEfTLWfgAjNUlTwz1yEkM354s1P-w\u0022",
        "Server": "openresty/1.17.8.2",
        "Strict-Transport-Security": "max-age=15724800; includeSubDomains",
        "Sync-Token": "zAJw6V16=MjoxNyM5MjA3NjQ2;sn=9207646",
        "x-ms-client-request-id": "12f612da6f74da73c8a7f0c5a687c2bd",
        "x-ms-correlation-request-id": "d137ea2b-2dd8-441e-bc3b-ecac6d71cd3d",
        "x-ms-request-id": "d137ea2b-2dd8-441e-bc3b-ecac6d71cd3d"
      },
      "ResponseBody": null
    },
    {
      "RequestUri": "https://t-dnnwaokochaappconfig-azconfig-net.azconfig.io/kv/key-1402910275?label=test_label\u0026api-version=1.0",
      "RequestMethod": "DELETE",
      "RequestHeaders": {
        "Accept": "application/vnd.microsoft.appconfig.kv\u002Bjson, application/json, application/problem\u002Bjson",
        "Authorization": "Sanitized",
        "Date": "Fri, 19 Aug 2022 00:55:59 GMT",
        "Sync-Token": "zAJw6V16=MjoxNyM5MjA3NjQ2",
        "traceparent": "00-92f12b314857f54e995f8d16b25e6781-05a08f6f29285d4e-00",
        "User-Agent": "azsdk-net-Data.AppConfiguration/1.3.0-alpha.20220818.1 (.NET Framework 4.8.4510.0; Microsoft Windows 10.0.19044 )",
        "x-ms-client-request-id": "1684ae80bc8c3a6d57874b0bb81467ed",
        "x-ms-content-sha256": "47DEQpj8HBSa\u002B/TImW\u002B5JCeuQeRkm5NMpJWZG3hSuFU=",
        "x-ms-return-client-request-id": "true"
      },
      "RequestBody": null,
      "StatusCode": 200,
      "ResponseHeaders": {
        "Access-Control-Allow-Credentials": "true",
        "Access-Control-Allow-Origin": "*",
        "Access-Control-Expose-Headers": "DNT, X-CustomHeader, Keep-Alive, User-Agent, X-Requested-With, If-Modified-Since, Cache-Control, Content-Type, Authorization, x-ms-client-request-id, x-ms-useragent, x-ms-content-sha256, x-ms-date, host, Accept, Accept-Datetime, Date, If-Match, If-None-Match, Sync-Token, x-ms-return-client-request-id, ETag, Last-Modified, Link, Memento-Datetime, retry-after-ms, x-ms-request-id, x-ms-client-session-id, x-ms-effective-locale, WWW-Authenticate, traceparent, tracestate",
        "Connection": "keep-alive",
        "Content-Type": "application/vnd.microsoft.appconfig.kv\u002Bjson; charset=utf-8",
        "Date": "Fri, 19 Aug 2022 00:56:00 GMT",
        "ETag": "\u0022Up3iJtspA8t0cOfEfTLWfgAjNUlTwz1yEkM354s1P-w\u0022",
        "Last-Modified": "Fri, 19 Aug 2022 00:56:00 GMT",
        "Server": "openresty/1.17.8.2",
        "Strict-Transport-Security": "max-age=15724800; includeSubDomains",
        "Sync-Token": "zAJw6V16=MjoxNyM5MjA3NjQ3;sn=9207647",
        "Transfer-Encoding": "chunked",
        "x-ms-client-request-id": "1684ae80bc8c3a6d57874b0bb81467ed",
        "x-ms-correlation-request-id": "933671f3-d03d-459c-a0fa-206c7b31cfc0",
        "x-ms-request-id": "933671f3-d03d-459c-a0fa-206c7b31cfc0"
      },
      "ResponseBody": {
        "etag": "Up3iJtspA8t0cOfEfTLWfgAjNUlTwz1yEkM354s1P-w",
        "key": "key-1402910275",
        "label": "test_label",
        "content_type": "test_content_type",
        "value": "test_value",
        "tags": {
          "tag1": "value1",
          "tag2": "value2"
        },
        "locked": false,
        "last_modified": "2022-08-19T00:56:00\u002B00:00"
      }
    }
  ],
  "Variables": {
    "APPCONFIGURATION_CONNECTION_STRING": "Endpoint=https://t-dnnwaokochaappconfig-azconfig-net.azconfig.io;Id=FDfK-l2-s0:mngxQOl8i8oeTC1tVysQ;Secret=Kg==",
    "RandomSeed": "91579115"
  }
}
