{
  "Entries": [
    {
      "RequestUri": "https://pakrym-azconfig-ui.azconfig.io/kv/key-1016194164?label=test_label\u0026api-version=1.0",
      "RequestMethod": "PUT",
      "RequestHeaders": {
        "Accept": "application/vnd.microsoft.appconfig.kv\u002Bjson",
        "Authorization": "Sanitized",
        "Content-Length": "98",
        "Content-Type": "application/json",
        "Date": "Fri, 15 Nov 2019 16:12:14 GMT",
        "If-None-Match": "*",
        "traceparent": "00-88d78eafffc1674ead2665b657307526-ef7921e614013b40-00",
        "User-Agent": [
          "azsdk-net-Data.AppConfiguration/1.0.0-dev.20191115.1\u002B3fdc29ffefe1c2a21b3ae10d36e8e428b6b8d6c5",
          "(.NET Core 4.6.28008.01; Microsoft Windows 10.0.18362 )"
        ],
        "x-ms-client-request-id": "935e3cdd596603cfc1655cd03c2ebd1e",
        "x-ms-content-sha256": "b11OQu6GthUatwGXUIKHHSRVyik0TdrUk5kZm3yZd2A=",
        "x-ms-return-client-request-id": "true"
      },
      "RequestBody": {
        "value": "test_value",
        "content_type": "test_content_type",
        "tags": {
          "tag1": "value1",
          "tag2": "value2"
        }
      },
      "StatusCode": 200,
      "ResponseHeaders": {
        "Access-Control-Allow-Credentials": "true",
        "Access-Control-Allow-Headers": "DNT, X-CustomHeader, Keep-Alive, User-Agent, X-Requested-With, If-Modified-Since, Cache-Control, Content-Type, Authorization, x-ms-client-request-id, x-ms-content-sha256, x-ms-date, host, Accept, Accept-Datetime, Date, If-Match, If-None-Match, Sync-Token, x-ms-return-client-request-id, ETag, Last-Modified, Link, Memento-Datetime, x-ms-retry-after, x-ms-request-id, WWW-Authenticate",
        "Access-Control-Allow-Methods": "GET, PUT, POST, DELETE, PATCH, OPTIONS",
        "Access-Control-Allow-Origin": "*",
        "Access-Control-Expose-Headers": "DNT, X-CustomHeader, Keep-Alive, User-Agent, X-Requested-With, If-Modified-Since, Cache-Control, Content-Type, Authorization, x-ms-client-request-id, x-ms-content-sha256, x-ms-date, host, Accept, Accept-Datetime, Date, If-Match, If-None-Match, Sync-Token, x-ms-return-client-request-id, ETag, Last-Modified, Link, Memento-Datetime, x-ms-retry-after, x-ms-request-id, WWW-Authenticate",
        "Connection": "keep-alive",
        "Content-Type": "application/vnd.microsoft.appconfig.kv\u002Bjson; charset=utf-8",
        "Date": "Fri, 15 Nov 2019 16:12:12 GMT",
        "ETag": "\u0022GHCD7Djj6Tu8H4GTE32WkSmQqfk\u0022",
        "Last-Modified": "Fri, 15 Nov 2019 16:12:12 GMT",
        "Server": "openresty/1.15.8.1",
        "Strict-Transport-Security": "max-age=15724800; includeSubDomains",
        "Sync-Token": "zAJw6V16=ODotMSM4MTk0MDg=;sn=819408",
        "Transfer-Encoding": "chunked",
        "x-ms-client-request-id": "935e3cdd596603cfc1655cd03c2ebd1e",
        "x-ms-correlation-request-id": "bf288c48-759d-4903-a073-537cd99ba342",
        "x-ms-request-id": "bf288c48-759d-4903-a073-537cd99ba342"
      },
      "ResponseBody": {
        "etag": "GHCD7Djj6Tu8H4GTE32WkSmQqfk",
        "key": "key-1016194164",
        "label": "test_label",
        "content_type": "test_content_type",
        "value": "test_value",
        "tags": {
          "tag1": "value1",
          "tag2": "value2"
        },
        "locked": false,
        "last_modified": "2019-11-15T16:12:12\u002B00:00"
      }
    },
    {
      "RequestUri": "https://pakrym-azconfig-ui.azconfig.io/kv/key-1016194164?label=test_label\u0026api-version=1.0",
      "RequestMethod": "PUT",
      "RequestHeaders": {
        "Accept": "application/vnd.microsoft.appconfig.kv\u002Bjson",
        "Authorization": "Sanitized",
        "Content-Length": "134",
        "Content-Type": "application/json",
        "Date": "Fri, 15 Nov 2019 16:12:14 GMT",
        "If-Match": "\u0022GHCD7Djj6Tu8H4GTE32WkSmQqfk\u0022",
        "Sync-Token": "zAJw6V16=ODotMSM4MTk0MDg=",
        "traceparent": "00-b5faffbf6d87e84caa4f06a5a16ba32b-804d15e703d0f641-00",
        "User-Agent": [
          "azsdk-net-Data.AppConfiguration/1.0.0-dev.20191115.1\u002B3fdc29ffefe1c2a21b3ae10d36e8e428b6b8d6c5",
          "(.NET Core 4.6.28008.01; Microsoft Windows 10.0.18362 )"
        ],
        "x-ms-client-request-id": "1d62fa5f3a97219375b7344c2194341c",
        "x-ms-content-sha256": "FWWcRrhLrsbtAOhoBpOM6TNy6IEtYzRXa/TVizwAfDQ=",
        "x-ms-return-client-request-id": "true"
      },
      "RequestBody": {
        "value": "new_value",
        "content_type": "test_content_type",
        "tags": {
          "tag1": "value1",
          "tag2": "value2"
        },
        "etag": "GHCD7Djj6Tu8H4GTE32WkSmQqfk"
      },
      "StatusCode": 200,
      "ResponseHeaders": {
        "Access-Control-Allow-Credentials": "true",
        "Access-Control-Allow-Headers": "DNT, X-CustomHeader, Keep-Alive, User-Agent, X-Requested-With, If-Modified-Since, Cache-Control, Content-Type, Authorization, x-ms-client-request-id, x-ms-content-sha256, x-ms-date, host, Accept, Accept-Datetime, Date, If-Match, If-None-Match, Sync-Token, x-ms-return-client-request-id, ETag, Last-Modified, Link, Memento-Datetime, x-ms-retry-after, x-ms-request-id, WWW-Authenticate",
        "Access-Control-Allow-Methods": "GET, PUT, POST, DELETE, PATCH, OPTIONS",
        "Access-Control-Allow-Origin": "*",
        "Access-Control-Expose-Headers": "DNT, X-CustomHeader, Keep-Alive, User-Agent, X-Requested-With, If-Modified-Since, Cache-Control, Content-Type, Authorization, x-ms-client-request-id, x-ms-content-sha256, x-ms-date, host, Accept, Accept-Datetime, Date, If-Match, If-None-Match, Sync-Token, x-ms-return-client-request-id, ETag, Last-Modified, Link, Memento-Datetime, x-ms-retry-after, x-ms-request-id, WWW-Authenticate",
        "Connection": "keep-alive",
        "Content-Type": "application/vnd.microsoft.appconfig.kv\u002Bjson; charset=utf-8",
        "Date": "Fri, 15 Nov 2019 16:12:12 GMT",
        "ETag": "\u0022WzFhwwfOPJ2szEaPg7KVbjegjsL\u0022",
        "Last-Modified": "Fri, 15 Nov 2019 16:12:12 GMT",
        "Server": "openresty/1.15.8.1",
        "Strict-Transport-Security": "max-age=15724800; includeSubDomains",
        "Sync-Token": "zAJw6V16=ODotMSM4MTk0MDk=;sn=819409",
        "Transfer-Encoding": "chunked",
        "x-ms-client-request-id": "1d62fa5f3a97219375b7344c2194341c",
        "x-ms-correlation-request-id": "56eeefc5-c96f-4142-8184-bdbc806142a0",
        "x-ms-request-id": "56eeefc5-c96f-4142-8184-bdbc806142a0"
      },
      "ResponseBody": {
        "etag": "WzFhwwfOPJ2szEaPg7KVbjegjsL",
        "key": "key-1016194164",
        "label": "test_label",
        "content_type": "test_content_type",
        "value": "new_value",
        "tags": {
          "tag1": "value1",
          "tag2": "value2"
        },
        "locked": false,
        "last_modified": "2019-11-15T16:12:12\u002B00:00"
      }
    },
    {
      "RequestUri": "https://pakrym-azconfig-ui.azconfig.io/kv/key-1016194164?label=test_label\u0026api-version=1.0",
      "RequestMethod": "DELETE",
      "RequestHeaders": {
        "Authorization": "Sanitized",
        "Date": "Fri, 15 Nov 2019 16:12:14 GMT",
        "Sync-Token": "zAJw6V16=ODotMSM4MTk0MDk=",
        "traceparent": "00-60b2c01b5f324d41852f6376bcdb5d45-4a89a2543ede644b-00",
        "User-Agent": [
          "azsdk-net-Data.AppConfiguration/1.0.0-dev.20191115.1\u002B3fdc29ffefe1c2a21b3ae10d36e8e428b6b8d6c5",
          "(.NET Core 4.6.28008.01; Microsoft Windows 10.0.18362 )"
        ],
        "x-ms-client-request-id": "9a973da75a548670c06a9acc25b39809",
        "x-ms-content-sha256": "47DEQpj8HBSa\u002B/TImW\u002B5JCeuQeRkm5NMpJWZG3hSuFU=",
        "x-ms-return-client-request-id": "true"
      },
      "RequestBody": null,
      "StatusCode": 200,
      "ResponseHeaders": {
        "Access-Control-Allow-Credentials": "true",
        "Access-Control-Allow-Headers": "DNT, X-CustomHeader, Keep-Alive, User-Agent, X-Requested-With, If-Modified-Since, Cache-Control, Content-Type, Authorization, x-ms-client-request-id, x-ms-content-sha256, x-ms-date, host, Accept, Accept-Datetime, Date, If-Match, If-None-Match, Sync-Token, x-ms-return-client-request-id, ETag, Last-Modified, Link, Memento-Datetime, x-ms-retry-after, x-ms-request-id, WWW-Authenticate",
        "Access-Control-Allow-Methods": "GET, PUT, POST, DELETE, PATCH, OPTIONS",
        "Access-Control-Allow-Origin": "*",
        "Access-Control-Expose-Headers": "DNT, X-CustomHeader, Keep-Alive, User-Agent, X-Requested-With, If-Modified-Since, Cache-Control, Content-Type, Authorization, x-ms-client-request-id, x-ms-content-sha256, x-ms-date, host, Accept, Accept-Datetime, Date, If-Match, If-None-Match, Sync-Token, x-ms-return-client-request-id, ETag, Last-Modified, Link, Memento-Datetime, x-ms-retry-after, x-ms-request-id, WWW-Authenticate",
        "Connection": "keep-alive",
        "Content-Type": "application/vnd.microsoft.appconfig.kv\u002Bjson; charset=utf-8",
        "Date": "Fri, 15 Nov 2019 16:12:12 GMT",
        "ETag": "\u0022WzFhwwfOPJ2szEaPg7KVbjegjsL\u0022",
        "Last-Modified": "Fri, 15 Nov 2019 16:12:12 GMT",
        "Server": "openresty/1.15.8.1",
        "Strict-Transport-Security": "max-age=15724800; includeSubDomains",
        "Sync-Token": "zAJw6V16=ODotMSM4MTk0MTA=;sn=819410",
        "Transfer-Encoding": "chunked",
        "x-ms-client-request-id": "9a973da75a548670c06a9acc25b39809",
        "x-ms-correlation-request-id": "65c12b04-0112-4ac3-8434-6b33b488d454",
        "x-ms-request-id": "65c12b04-0112-4ac3-8434-6b33b488d454"
      },
      "ResponseBody": {
        "etag": "WzFhwwfOPJ2szEaPg7KVbjegjsL",
        "key": "key-1016194164",
        "label": "test_label",
        "content_type": "test_content_type",
        "value": "new_value",
        "tags": {
          "tag1": "value1",
          "tag2": "value2"
        },
        "locked": false,
        "last_modified": "2019-11-15T16:12:12\u002B00:00"
      }
    }
  ],
  "Variables": {
    "APPCONFIGURATION_CONNECTION_STRING": "Endpoint=https://pakrym-azconfig-ui.azconfig.io;Id=0-l1-s0:h5pHKElA5IjSL3z\u002BFOYz;Secret=;",
    "RandomSeed": "46719022"
  }
}