{
  "Entries": [
    {
      "RequestUri": "https://mariari-westus2-formrecognizer.cognitiveservices.azure.com/formrecognizer/v2.0/custom/models",
      "RequestMethod": "POST",
      "RequestHeaders": {
        "Content-Length": "43",
        "Content-Type": "application/json",
        "Ocp-Apim-Subscription-Key": "Sanitized",
        "traceparent": "00-efc28df8f2d1ec4dbca609e11437e9de-4e6aaab83b12c642-00",
        "User-Agent": [
          "azsdk-net-AI.FormRecognizer/3.0.0-dev.20200806.1",
          "(.NET Core 4.6.28516.03; Microsoft Windows 10.0.18363 )"
        ],
        "x-ms-client-request-id": "ba338d2e0a9b5de0b7aaa3c27bab7b60",
        "x-ms-return-client-request-id": "true"
      },
      "RequestBody": {
        "source": "Sanitized",
        "useLabelFile": false
      },
      "StatusCode": 201,
      "ResponseHeaders": {
        "apim-request-id": "5d06e2c6-be92-4fff-b5fb-170d1aff9a06",
        "Content-Length": "0",
        "Date": "Fri, 07 Aug 2020 02:14:36 GMT",
        "Location": "https://mariari-westus2-formrecognizer.cognitiveservices.azure.com/formrecognizer/v2.0/custom/models/8d88b2ae-ca5b-4b1e-9299-66f24b61633a",
        "Strict-Transport-Security": "max-age=31536000; includeSubDomains; preload",
        "X-Content-Type-Options": "nosniff",
        "x-envoy-upstream-service-time": "225"
      },
      "ResponseBody": []
    },
    {
      "RequestUri": "https://mariari-westus2-formrecognizer.cognitiveservices.azure.com/formrecognizer/v2.0/custom/models/8d88b2ae-ca5b-4b1e-9299-66f24b61633a?includeKeys=true",
      "RequestMethod": "GET",
      "RequestHeaders": {
        "Ocp-Apim-Subscription-Key": "Sanitized",
        "User-Agent": [
          "azsdk-net-AI.FormRecognizer/3.0.0-dev.20200806.1",
          "(.NET Core 4.6.28516.03; Microsoft Windows 10.0.18363 )"
        ],
        "x-ms-client-request-id": "2e0a94a1ee2b843afdf8bf549dc731ce",
        "x-ms-return-client-request-id": "true"
      },
      "RequestBody": null,
      "StatusCode": 200,
      "ResponseHeaders": {
        "apim-request-id": "c547a4df-40f1-4853-ba34-d2f1280465a7",
        "Content-Type": "application/json; charset=utf-8",
        "Date": "Fri, 07 Aug 2020 02:14:41 GMT",
        "Strict-Transport-Security": "max-age=31536000; includeSubDomains; preload",
        "Transfer-Encoding": "chunked",
        "X-Content-Type-Options": "nosniff",
        "x-envoy-upstream-service-time": "5083"
      },
      "ResponseBody": {
        "modelInfo": {
          "modelId": "8d88b2ae-ca5b-4b1e-9299-66f24b61633a",
          "status": "creating",
          "createdDateTime": "2020-08-07T02:14:36Z",
          "lastUpdatedDateTime": "2020-08-07T02:14:36Z"
        }
      }
    },
    {
      "RequestUri": "https://mariari-westus2-formrecognizer.cognitiveservices.azure.com/formrecognizer/v2.0/custom/models/8d88b2ae-ca5b-4b1e-9299-66f24b61633a?includeKeys=true",
      "RequestMethod": "GET",
      "RequestHeaders": {
        "Ocp-Apim-Subscription-Key": "Sanitized",
        "User-Agent": [
          "azsdk-net-AI.FormRecognizer/3.0.0-dev.20200806.1",
          "(.NET Core 4.6.28516.03; Microsoft Windows 10.0.18363 )"
        ],
        "x-ms-client-request-id": "d33178807aa705a5feae79c1a146fdb2",
        "x-ms-return-client-request-id": "true"
      },
      "RequestBody": null,
      "StatusCode": 200,
      "ResponseHeaders": {
        "apim-request-id": "7830d5f9-4014-4496-adce-9f71d2758678",
        "Content-Type": "application/json; charset=utf-8",
        "Date": "Fri, 07 Aug 2020 02:14:42 GMT",
        "Strict-Transport-Security": "max-age=31536000; includeSubDomains; preload",
        "Transfer-Encoding": "chunked",
        "X-Content-Type-Options": "nosniff",
        "x-envoy-upstream-service-time": "41"
      },
      "ResponseBody": {
        "modelInfo": {
          "modelId": "8d88b2ae-ca5b-4b1e-9299-66f24b61633a",
          "status": "creating",
          "createdDateTime": "2020-08-07T02:14:36Z",
          "lastUpdatedDateTime": "2020-08-07T02:14:36Z"
        }
      }
    },
    {
      "RequestUri": "https://mariari-westus2-formrecognizer.cognitiveservices.azure.com/formrecognizer/v2.0/custom/models/8d88b2ae-ca5b-4b1e-9299-66f24b61633a?includeKeys=true",
      "RequestMethod": "GET",
      "RequestHeaders": {
        "Ocp-Apim-Subscription-Key": "Sanitized",
        "User-Agent": [
          "azsdk-net-AI.FormRecognizer/3.0.0-dev.20200806.1",
          "(.NET Core 4.6.28516.03; Microsoft Windows 10.0.18363 )"
        ],
        "x-ms-client-request-id": "35d0956e237d3f9453afbda34a8bc0f0",
        "x-ms-return-client-request-id": "true"
      },
      "RequestBody": null,
      "StatusCode": 200,
      "ResponseHeaders": {
        "apim-request-id": "25cb2a49-cd24-4bfb-bd50-a723b5c47225",
        "Content-Type": "application/json; charset=utf-8",
        "Date": "Fri, 07 Aug 2020 02:14:44 GMT",
        "Strict-Transport-Security": "max-age=31536000; includeSubDomains; preload",
        "Transfer-Encoding": "chunked",
        "X-Content-Type-Options": "nosniff",
        "x-envoy-upstream-service-time": "24"
      },
      "ResponseBody": {
        "modelInfo": {
          "modelId": "8d88b2ae-ca5b-4b1e-9299-66f24b61633a",
          "status": "creating",
          "createdDateTime": "2020-08-07T02:14:36Z",
          "lastUpdatedDateTime": "2020-08-07T02:14:36Z"
        }
      }
    },
    {
      "RequestUri": "https://mariari-westus2-formrecognizer.cognitiveservices.azure.com/formrecognizer/v2.0/custom/models/8d88b2ae-ca5b-4b1e-9299-66f24b61633a?includeKeys=true",
      "RequestMethod": "GET",
      "RequestHeaders": {
        "Ocp-Apim-Subscription-Key": "Sanitized",
        "User-Agent": [
          "azsdk-net-AI.FormRecognizer/3.0.0-dev.20200806.1",
          "(.NET Core 4.6.28516.03; Microsoft Windows 10.0.18363 )"
        ],
        "x-ms-client-request-id": "0342d479a77a26b9ef052f7c7578e3b6",
        "x-ms-return-client-request-id": "true"
      },
      "RequestBody": null,
      "StatusCode": 200,
      "ResponseHeaders": {
        "apim-request-id": "fb872557-cd68-426f-bfe3-cb185f1360b7",
        "Content-Type": "application/json; charset=utf-8",
        "Date": "Fri, 07 Aug 2020 02:14:45 GMT",
        "Strict-Transport-Security": "max-age=31536000; includeSubDomains; preload",
        "Transfer-Encoding": "chunked",
        "X-Content-Type-Options": "nosniff",
        "x-envoy-upstream-service-time": "28"
      },
      "ResponseBody": {
        "modelInfo": {
          "modelId": "8d88b2ae-ca5b-4b1e-9299-66f24b61633a",
          "status": "creating",
          "createdDateTime": "2020-08-07T02:14:36Z",
          "lastUpdatedDateTime": "2020-08-07T02:14:36Z"
        }
      }
    },
    {
      "RequestUri": "https://mariari-westus2-formrecognizer.cognitiveservices.azure.com/formrecognizer/v2.0/custom/models/8d88b2ae-ca5b-4b1e-9299-66f24b61633a?includeKeys=true",
      "RequestMethod": "GET",
      "RequestHeaders": {
        "Ocp-Apim-Subscription-Key": "Sanitized",
        "User-Agent": [
          "azsdk-net-AI.FormRecognizer/3.0.0-dev.20200806.1",
          "(.NET Core 4.6.28516.03; Microsoft Windows 10.0.18363 )"
        ],
        "x-ms-client-request-id": "08e60dfafbf65d50e4f180f7bc02bb72",
        "x-ms-return-client-request-id": "true"
      },
      "RequestBody": null,
      "StatusCode": 200,
      "ResponseHeaders": {
        "apim-request-id": "bfad128b-2d71-4703-9a14-5c2566e5bbfe",
        "Content-Type": "application/json; charset=utf-8",
        "Date": "Fri, 07 Aug 2020 02:14:47 GMT",
        "Strict-Transport-Security": "max-age=31536000; includeSubDomains; preload",
        "Transfer-Encoding": "chunked",
        "X-Content-Type-Options": "nosniff",
        "x-envoy-upstream-service-time": "40"
      },
      "ResponseBody": {
        "modelInfo": {
          "modelId": "8d88b2ae-ca5b-4b1e-9299-66f24b61633a",
          "status": "ready",
          "createdDateTime": "2020-08-07T02:14:36Z",
          "lastUpdatedDateTime": "2020-08-07T02:14:46Z"
        },
        "keys": {
          "clusters": {
            "0": [
              "Additional Notes:",
              "Address:",
              "Company Name:",
              "Company Phone:",
              "Dated As:",
              "Details",
              "Email:",
              "Hero Limited",
              "Name:",
              "Phone:",
              "Purchase Order",
              "Purchase Order #:",
              "Quantity",
              "SUBTOTAL",
              "Seattle, WA 93849 Phone:",
              "Shipped From",
              "Shipped To",
              "TAX",
              "TOTAL",
              "Total",
              "Unit Price",
              "Vendor Name:",
              "Website:"
            ]
          }
        },
        "trainResult": {
          "trainingDocuments": [
            {
              "documentName": "Form_1.jpg",
              "pages": 1,
              "errors": [],
              "status": "succeeded"
            },
            {
              "documentName": "Form_2.jpg",
              "pages": 1,
              "errors": [],
              "status": "succeeded"
            },
            {
              "documentName": "Form_3.jpg",
              "pages": 1,
              "errors": [],
              "status": "succeeded"
            },
            {
              "documentName": "Form_4.jpg",
              "pages": 1,
              "errors": [],
              "status": "succeeded"
            },
            {
              "documentName": "Form_5.jpg",
              "pages": 1,
              "errors": [],
              "status": "succeeded"
            }
          ],
          "errors": []
        }
      }
    },
    {
      "RequestUri": "https://mariari-westus2-formrecognizer.cognitiveservices.azure.com/formrecognizer/v2.0/custom/models/8d88b2ae-ca5b-4b1e-9299-66f24b61633a/analyze?includeTextDetails=true",
      "RequestMethod": "POST",
      "RequestHeaders": {
        "Content-Length": "25662",
        "Content-Type": "application/pdf",
        "Ocp-Apim-Subscription-Key": "Sanitized",
        "traceparent": "00-f555d0d7d5ccf34fb67f93ec1b2de82f-a42587e21e0ab54c-00",
        "User-Agent": [
          "azsdk-net-AI.FormRecognizer/3.0.0-dev.20200806.1",
          "(.NET Core 4.6.28516.03; Microsoft Windows 10.0.18363 )"
        ],
        "x-ms-client-request-id": "cc4888edfa04c638dca94678f317cada",
        "x-ms-return-client-request-id": "true"
      },
      "RequestBody": null,
      "StatusCode": 202,
      "ResponseHeaders": {
        "apim-request-id": "7b381b9b-8ab5-44d4-bc23-852f389cccdb",
        "Content-Length": "0",
        "Date": "Fri, 07 Aug 2020 02:14:47 GMT",
        "Operation-Location": "https://mariari-westus2-formrecognizer.cognitiveservices.azure.com/formrecognizer/v2.0/custom/models/8d88b2ae-ca5b-4b1e-9299-66f24b61633a/analyzeresults/6f1ebfcc-95d0-4d3b-8c3d-cad3b4be6268",
        "Strict-Transport-Security": "max-age=31536000; includeSubDomains; preload",
        "X-Content-Type-Options": "nosniff",
        "x-envoy-upstream-service-time": "88"
      },
      "ResponseBody": []
    },
    {
      "RequestUri": "https://mariari-westus2-formrecognizer.cognitiveservices.azure.com/formrecognizer/v2.0/custom/models/8d88b2ae-ca5b-4b1e-9299-66f24b61633a/analyzeResults/6f1ebfcc-95d0-4d3b-8c3d-cad3b4be6268",
      "RequestMethod": "GET",
      "RequestHeaders": {
        "Ocp-Apim-Subscription-Key": "Sanitized",
        "User-Agent": [
          "azsdk-net-AI.FormRecognizer/3.0.0-dev.20200806.1",
          "(.NET Core 4.6.28516.03; Microsoft Windows 10.0.18363 )"
        ],
        "x-ms-client-request-id": "3ca806ccb8a57ef984e51f8827c169ec",
        "x-ms-return-client-request-id": "true"
      },
      "RequestBody": null,
      "StatusCode": 200,
      "ResponseHeaders": {
        "apim-request-id": "3b11ecf7-ce21-492b-bf00-1e0ee2d0444a",
        "Content-Length": "127",
        "Content-Type": "application/json; charset=utf-8",
        "Date": "Fri, 07 Aug 2020 02:14:50 GMT",
        "Strict-Transport-Security": "max-age=31536000; includeSubDomains; preload",
        "X-Content-Type-Options": "nosniff",
        "x-envoy-upstream-service-time": "21"
      },
      "ResponseBody": {
        "status": "running",
        "createdDateTime": "2020-08-07T02:14:47Z",
        "lastUpdatedDateTime": "2020-08-07T02:14:47Z",
        "analyzeResult": null
      }
    },
    {
      "RequestUri": "https://mariari-westus2-formrecognizer.cognitiveservices.azure.com/formrecognizer/v2.0/custom/models/8d88b2ae-ca5b-4b1e-9299-66f24b61633a/analyzeResults/6f1ebfcc-95d0-4d3b-8c3d-cad3b4be6268",
      "RequestMethod": "GET",
      "RequestHeaders": {
        "Ocp-Apim-Subscription-Key": "Sanitized",
        "User-Agent": [
          "azsdk-net-AI.FormRecognizer/3.0.0-dev.20200806.1",
          "(.NET Core 4.6.28516.03; Microsoft Windows 10.0.18363 )"
        ],
        "x-ms-client-request-id": "ec8ebd49163000b2d51f2b4db4d769cc",
        "x-ms-return-client-request-id": "true"
      },
      "RequestBody": null,
      "StatusCode": 200,
      "ResponseHeaders": {
        "apim-request-id": "7e83e433-9e22-47a3-9a28-f5932eeb84d6",
        "Content-Length": "340",
        "Content-Type": "application/json; charset=utf-8",
        "Date": "Fri, 07 Aug 2020 02:14:51 GMT",
        "Strict-Transport-Security": "max-age=31536000; includeSubDomains; preload",
        "X-Content-Type-Options": "nosniff",
        "x-envoy-upstream-service-time": "28"
      },
      "ResponseBody": {
        "status": "succeeded",
        "createdDateTime": "2020-08-07T02:14:47Z",
        "lastUpdatedDateTime": "2020-08-07T02:14:50Z",
        "analyzeResult": {
          "version": "2.0.0",
          "readResults": [
            {
              "page": 1,
              "angle": 0,
              "width": 8.5,
              "height": 11.0,
              "unit": "inch",
              "lines": []
            }
          ],
          "pageResults": [
            {
              "page": 1,
              "keyValuePairs": [],
              "tables": [],
              "clusterId": null
            }
          ],
          "documentResults": [],
          "errors": []
        }
      }
    },
    {
      "RequestUri": "https://mariari-westus2-formrecognizer.cognitiveservices.azure.com/formrecognizer/v2.0/custom/models/8d88b2ae-ca5b-4b1e-9299-66f24b61633a",
      "RequestMethod": "DELETE",
      "RequestHeaders": {
        "Ocp-Apim-Subscription-Key": "Sanitized",
        "traceparent": "00-06b8c538430a8b42af60584c967c3f1b-17f13a75f6e07b49-00",
        "User-Agent": [
          "azsdk-net-AI.FormRecognizer/3.0.0-dev.20200806.1",
          "(.NET Core 4.6.28516.03; Microsoft Windows 10.0.18363 )"
        ],
        "x-ms-client-request-id": "b62ba5277e5935cc8eca471fdab09f1a",
        "x-ms-return-client-request-id": "true"
      },
      "RequestBody": null,
      "StatusCode": 204,
      "ResponseHeaders": {
        "apim-request-id": "fc9cfaca-dd14-4063-b8ec-cec6dde9f10d",
        "Content-Length": "0",
        "Date": "Fri, 07 Aug 2020 02:14:51 GMT",
        "Strict-Transport-Security": "max-age=31536000; includeSubDomains; preload",
        "X-Content-Type-Options": "nosniff",
        "x-envoy-upstream-service-time": "47"
      },
      "ResponseBody": []
    }
  ],
  "Variables": {
    "FORM_RECOGNIZER_API_KEY": "Sanitized",
    "FORM_RECOGNIZER_BLOB_CONTAINER_SAS_URL": "https://sanitized.blob.core.windows.net",
    "FORM_RECOGNIZER_ENDPOINT": "https://mariari-westus2-formrecognizer.cognitiveservices.azure.com/",
    "RandomSeed": "1605618839"
  }
}