{
  "Entries": [
    {
      "RequestUri": "https://t00b5fddbfc124bd4-formrecognizer.cognitiveservices.azure.com/formrecognizer/v2.0/custom/models",
      "RequestMethod": "POST",
      "RequestHeaders": {
        "Accept": "application/json",
        "Content-Length": "42",
        "Content-Type": "application/json",
        "Ocp-Apim-Subscription-Key": "Sanitized",
        "traceparent": "00-bdd48f23037e914e939db308cc8029e8-ba1a62a1c251734c-00",
        "User-Agent": [
          "azsdk-net-AI.FormRecognizer/3.0.0-dev.20200820.1",
          "(.NET Core 4.6.27514.02; Microsoft Windows 10.0.17763 )"
        ],
        "x-ms-client-request-id": "75f68acc67ca20073579e4cb132cfc31",
        "x-ms-return-client-request-id": "true"
      },
      "RequestBody": {
        "source": "Sanitized",
        "useLabelFile": true
      },
      "StatusCode": 201,
      "ResponseHeaders": {
        "apim-request-id": "be1e0cfb-3539-4d16-aec5-8f03245c266a",
        "Content-Length": "0",
        "Date": "Thu, 20 Aug 2020 18:04:24 GMT",
        "Location": "https://t00b5fddbfc124bd4-formrecognizer.cognitiveservices.azure.com/formrecognizer/v2.0/custom/models/b2ebed56-50d7-433c-b11f-94794cb9ad75",
        "Strict-Transport-Security": "max-age=31536000; includeSubDomains; preload",
        "X-Content-Type-Options": "nosniff",
        "x-envoy-upstream-service-time": "45"
      },
      "ResponseBody": []
    },
    {
      "RequestUri": "https://t00b5fddbfc124bd4-formrecognizer.cognitiveservices.azure.com/formrecognizer/v2.0/custom/models/b2ebed56-50d7-433c-b11f-94794cb9ad75?includeKeys=true",
      "RequestMethod": "GET",
      "RequestHeaders": {
        "Accept": "application/json",
        "Ocp-Apim-Subscription-Key": "Sanitized",
        "User-Agent": [
          "azsdk-net-AI.FormRecognizer/3.0.0-dev.20200820.1",
          "(.NET Core 4.6.27514.02; Microsoft Windows 10.0.17763 )"
        ],
        "x-ms-client-request-id": "1b8bf3e3b730f394ccabb31fb19cf866",
        "x-ms-return-client-request-id": "true"
      },
      "RequestBody": null,
      "StatusCode": 200,
      "ResponseHeaders": {
        "apim-request-id": "5ed6d53b-250a-4b5c-b2c6-374cd631b763",
        "Content-Type": "application/json; charset=utf-8",
        "Date": "Thu, 20 Aug 2020 18:04:24 GMT",
        "Strict-Transport-Security": "max-age=31536000; includeSubDomains; preload",
        "Transfer-Encoding": "chunked",
        "X-Content-Type-Options": "nosniff",
        "x-envoy-upstream-service-time": "17"
      },
      "ResponseBody": {
        "modelInfo": {
          "modelId": "b2ebed56-50d7-433c-b11f-94794cb9ad75",
          "status": "creating",
          "createdDateTime": "2020-08-20T18:04:24Z",
          "lastUpdatedDateTime": "2020-08-20T18:04:24Z"
        }
      }
    },
    {
      "RequestUri": "https://t00b5fddbfc124bd4-formrecognizer.cognitiveservices.azure.com/formrecognizer/v2.0/custom/models/b2ebed56-50d7-433c-b11f-94794cb9ad75?includeKeys=true",
      "RequestMethod": "GET",
      "RequestHeaders": {
        "Accept": "application/json",
        "Ocp-Apim-Subscription-Key": "Sanitized",
        "User-Agent": [
          "azsdk-net-AI.FormRecognizer/3.0.0-dev.20200820.1",
          "(.NET Core 4.6.27514.02; Microsoft Windows 10.0.17763 )"
        ],
        "x-ms-client-request-id": "b84d69efd50921790759d8b32cf3ed77",
        "x-ms-return-client-request-id": "true"
      },
      "RequestBody": null,
      "StatusCode": 200,
      "ResponseHeaders": {
        "apim-request-id": "2b49a528-ec23-4ba2-af94-062f459e1669",
        "Content-Type": "application/json; charset=utf-8",
        "Date": "Thu, 20 Aug 2020 18:04:25 GMT",
        "Strict-Transport-Security": "max-age=31536000; includeSubDomains; preload",
        "Transfer-Encoding": "chunked",
        "X-Content-Type-Options": "nosniff",
        "x-envoy-upstream-service-time": "16"
      },
      "ResponseBody": {
        "modelInfo": {
          "modelId": "b2ebed56-50d7-433c-b11f-94794cb9ad75",
          "status": "creating",
          "createdDateTime": "2020-08-20T18:04:24Z",
          "lastUpdatedDateTime": "2020-08-20T18:04:24Z"
        }
      }
    },
    {
      "RequestUri": "https://t00b5fddbfc124bd4-formrecognizer.cognitiveservices.azure.com/formrecognizer/v2.0/custom/models/b2ebed56-50d7-433c-b11f-94794cb9ad75?includeKeys=true",
      "RequestMethod": "GET",
      "RequestHeaders": {
        "Accept": "application/json",
        "Ocp-Apim-Subscription-Key": "Sanitized",
        "User-Agent": [
          "azsdk-net-AI.FormRecognizer/3.0.0-dev.20200820.1",
          "(.NET Core 4.6.27514.02; Microsoft Windows 10.0.17763 )"
        ],
        "x-ms-client-request-id": "c17cff08e5fa146ef502a91eb4e76f98",
        "x-ms-return-client-request-id": "true"
      },
      "RequestBody": null,
      "StatusCode": 200,
      "ResponseHeaders": {
        "apim-request-id": "77dc5d5c-87fa-4d5d-a516-4e6930cc7cf8",
        "Content-Type": "application/json; charset=utf-8",
        "Date": "Thu, 20 Aug 2020 18:04:26 GMT",
        "Strict-Transport-Security": "max-age=31536000; includeSubDomains; preload",
        "Transfer-Encoding": "chunked",
        "X-Content-Type-Options": "nosniff",
        "x-envoy-upstream-service-time": "17"
      },
      "ResponseBody": {
        "modelInfo": {
          "modelId": "b2ebed56-50d7-433c-b11f-94794cb9ad75",
          "status": "ready",
          "createdDateTime": "2020-08-20T18:04:24Z",
          "lastUpdatedDateTime": "2020-08-20T18:04:26Z"
        },
        "trainResult": {
          "averageModelAccuracy": 0.96,
          "trainingDocuments": [
            {
              "documentName": "Form_1.jpg",
              "pages": 1,
              "status": "succeeded"
            },
            {
              "documentName": "Form_2.jpg",
              "pages": 1,
              "status": "succeeded"
            },
            {
              "documentName": "Form_3.jpg",
              "pages": 1,
              "status": "succeeded"
            },
            {
              "documentName": "Form_4.jpg",
              "pages": 1,
              "status": "succeeded"
            },
            {
              "documentName": "Form_5.jpg",
              "pages": 1,
              "status": "succeeded"
            }
          ],
          "fields": [
            {
              "fieldName": "CompanyAddress",
              "accuracy": 0.8
            },
            {
              "fieldName": "CompanyName",
              "accuracy": 1.0
            },
            {
              "fieldName": "CompanyPhoneNumber",
              "accuracy": 1.0
            },
            {
              "fieldName": "DatedAs",
              "accuracy": 1.0
            },
            {
              "fieldName": "Email",
              "accuracy": 0.8
            },
            {
              "fieldName": "Merchant",
              "accuracy": 1.0
            },
            {
              "fieldName": "PhoneNumber",
              "accuracy": 1.0
            },
            {
              "fieldName": "PurchaseOrderNumber",
              "accuracy": 1.0
            },
            {
              "fieldName": "Quantity",
              "accuracy": 1.0
            },
            {
              "fieldName": "Signature",
              "accuracy": 0.8
            },
            {
              "fieldName": "Subtotal",
              "accuracy": 1.0
            },
            {
              "fieldName": "Tax",
              "accuracy": 1.0
            },
            {
              "fieldName": "Total",
              "accuracy": 1.0
            },
            {
              "fieldName": "VendorName",
              "accuracy": 1.0
            },
            {
              "fieldName": "Website",
              "accuracy": 1.0
            }
          ],
          "errors": []
        }
      }
    },
    {
      "RequestUri": "https://t00b5fddbfc124bd4-formrecognizer.cognitiveservices.azure.com/formrecognizer/v2.0/custom/models/b2ebed56-50d7-433c-b11f-94794cb9ad75/analyze?includeTextDetails=false",
      "RequestMethod": "POST",
      "RequestHeaders": {
        "Accept": "application/json",
        "Content-Length": "22",
        "Content-Type": "application/json",
        "Ocp-Apim-Subscription-Key": "Sanitized",
        "traceparent": "00-695fe8bc483b8d4eb014596d6ddd2dda-431ff5d1da685149-00",
        "User-Agent": [
          "azsdk-net-AI.FormRecognizer/3.0.0-dev.20200820.1",
          "(.NET Core 4.6.27514.02; Microsoft Windows 10.0.17763 )"
        ],
        "x-ms-client-request-id": "aadb7d8143df0d28796913d6dfe1c7d9",
        "x-ms-return-client-request-id": "true"
      },
      "RequestBody": {
        "source": "Sanitized"
      },
      "StatusCode": 202,
      "ResponseHeaders": {
        "apim-request-id": "f290a5f5-fb0f-4714-8d31-37e2250e02a1",
        "Content-Length": "0",
        "Date": "Thu, 20 Aug 2020 18:04:26 GMT",
        "Operation-Location": "https://t00b5fddbfc124bd4-formrecognizer.cognitiveservices.azure.com/formrecognizer/v2.0/custom/models/b2ebed56-50d7-433c-b11f-94794cb9ad75/analyzeresults/3c64b2a5-223e-4eda-987b-fe725d321b68",
        "Strict-Transport-Security": "max-age=31536000; includeSubDomains; preload",
        "X-Content-Type-Options": "nosniff",
        "x-envoy-upstream-service-time": "64"
      },
      "ResponseBody": []
    },
    {
      "RequestUri": "https://t00b5fddbfc124bd4-formrecognizer.cognitiveservices.azure.com/formrecognizer/v2.0/custom/models/b2ebed56-50d7-433c-b11f-94794cb9ad75/analyzeResults/3c64b2a5-223e-4eda-987b-fe725d321b68",
      "RequestMethod": "GET",
      "RequestHeaders": {
        "Accept": "application/json",
        "Ocp-Apim-Subscription-Key": "Sanitized",
        "User-Agent": [
          "azsdk-net-AI.FormRecognizer/3.0.0-dev.20200820.1",
          "(.NET Core 4.6.27514.02; Microsoft Windows 10.0.17763 )"
        ],
        "x-ms-client-request-id": "b1173bbe36200a6cfb38c2072c5a6c20",
        "x-ms-return-client-request-id": "true"
      },
      "RequestBody": null,
      "StatusCode": 200,
      "ResponseHeaders": {
        "apim-request-id": "f28f2c0e-c44d-4307-ab90-15fd5e24a756",
        "Content-Length": "109",
        "Content-Type": "application/json; charset=utf-8",
        "Date": "Thu, 20 Aug 2020 18:04:26 GMT",
        "Strict-Transport-Security": "max-age=31536000; includeSubDomains; preload",
        "X-Content-Type-Options": "nosniff",
        "x-envoy-upstream-service-time": "40"
      },
      "ResponseBody": {
        "status": "notStarted",
        "createdDateTime": "2020-08-20T18:04:27Z",
        "lastUpdatedDateTime": "2020-08-20T18:04:27Z"
      }
    },
    {
      "RequestUri": "https://t00b5fddbfc124bd4-formrecognizer.cognitiveservices.azure.com/formrecognizer/v2.0/custom/models/b2ebed56-50d7-433c-b11f-94794cb9ad75/analyzeResults/3c64b2a5-223e-4eda-987b-fe725d321b68",
      "RequestMethod": "GET",
      "RequestHeaders": {
        "Accept": "application/json",
        "Ocp-Apim-Subscription-Key": "Sanitized",
        "User-Agent": [
          "azsdk-net-AI.FormRecognizer/3.0.0-dev.20200820.1",
          "(.NET Core 4.6.27514.02; Microsoft Windows 10.0.17763 )"
        ],
        "x-ms-client-request-id": "af323fea4217c597d76e4890d1973514",
        "x-ms-return-client-request-id": "true"
      },
      "RequestBody": null,
      "StatusCode": 200,
      "ResponseHeaders": {
        "apim-request-id": "65219b14-3580-4893-b810-3f9f145b84b7",
        "Content-Length": "221",
        "Content-Type": "application/json; charset=utf-8",
        "Date": "Thu, 20 Aug 2020 18:04:27 GMT",
        "Strict-Transport-Security": "max-age=31536000; includeSubDomains; preload",
        "X-Content-Type-Options": "nosniff",
        "x-envoy-upstream-service-time": "63",
        "x-ms-cs-error-code": "2003"
      },
      "ResponseBody": {
        "status": "failed",
        "createdDateTime": "2020-08-20T18:04:27Z",
        "lastUpdatedDateTime": "2020-08-20T18:04:27Z",
        "analyzeResult": {
          "version": "2.0.0",
          "errors": [
            {
              "code": "2003",
              "message": "Failed to download image from input URL."
            }
          ]
        }
      }
    },
    {
      "RequestUri": "https://t00b5fddbfc124bd4-formrecognizer.cognitiveservices.azure.com/formrecognizer/v2.0/custom/models/b2ebed56-50d7-433c-b11f-94794cb9ad75",
      "RequestMethod": "DELETE",
      "RequestHeaders": {
        "Accept": "application/json",
        "Ocp-Apim-Subscription-Key": "Sanitized",
        "traceparent": "00-55c87bafb8b75043b2a33b1ad045057e-2ad8396f7dd64c48-00",
        "User-Agent": [
          "azsdk-net-AI.FormRecognizer/3.0.0-dev.20200820.1",
          "(.NET Core 4.6.27514.02; Microsoft Windows 10.0.17763 )"
        ],
        "x-ms-client-request-id": "7860cf3bbdcf4b7710d1afa68020e11f",
        "x-ms-return-client-request-id": "true"
      },
      "RequestBody": null,
      "StatusCode": 204,
      "ResponseHeaders": {
        "apim-request-id": "ab3e69e8-f5b4-4ca5-bc5a-73bf6917a4ee",
        "Content-Length": "0",
        "Date": "Thu, 20 Aug 2020 18:04:27 GMT",
        "Strict-Transport-Security": "max-age=31536000; includeSubDomains; preload",
        "X-Content-Type-Options": "nosniff",
        "x-envoy-upstream-service-time": "20"
      },
      "ResponseBody": []
    }
  ],
  "Variables": {
    "FORM_RECOGNIZER_API_KEY": "Sanitized",
    "FORM_RECOGNIZER_BLOB_CONTAINER_SAS_URL": "https://sanitized.blob.core.windows.net",
    "FORM_RECOGNIZER_ENDPOINT": "https://t00b5fddbfc124bd4-formrecognizer.cognitiveservices.azure.com",
    "RandomSeed": "1927114979"
  }
}