{
  "Entries": [
    {
      "RequestUri": "https://camaiaor-formrec-westcentralus.cognitiveservices.azure.com/formrecognizer/v2.1-preview.2/prebuilt/invoice/analyze?includeTextDetails=false",
      "RequestMethod": "POST",
      "RequestHeaders": {
        "Accept": "application/json",
        "Content-Length": "22",
        "Content-Type": "application/json",
        "Ocp-Apim-Subscription-Key": "Sanitized",
        "traceparent": "00-941a229bfcbdca469c3cbd96f4bc4ad5-d2c1754522fae140-00",
        "User-Agent": [
          "azsdk-net-AI.FormRecognizer/3.1.0-alpha.20201102.1",
          "(.NET Core 4.6.29130.01; Microsoft Windows 10.0.19042 )"
        ],
        "x-ms-client-request-id": "c478e7ace022b5944421a2b7c8a8069e",
        "x-ms-return-client-request-id": "true"
      },
      "RequestBody": {
        "source": "Sanitized"
      },
      "StatusCode": 202,
      "ResponseHeaders": {
        "apim-request-id": "7ea69d76-59bf-4f35-8eb6-8be54db29c52",
        "Content-Length": "0",
        "Date": "Mon, 02 Nov 2020 21:38:23 GMT",
        "Operation-Location": "https://camaiaor-formrec-westcentralus.cognitiveservices.azure.com/formrecognizer/v2.1-preview.2/prebuilt/invoice/analyzeResults/7ea69d76-59bf-4f35-8eb6-8be54db29c52",
        "Strict-Transport-Security": "max-age=31536000; includeSubDomains; preload",
        "X-Content-Type-Options": "nosniff",
        "x-envoy-upstream-service-time": "502"
      },
      "ResponseBody": []
    },
    {
      "RequestUri": "https://camaiaor-formrec-westcentralus.cognitiveservices.azure.com/formrecognizer/v2.1-preview.2/prebuilt/invoice/analyzeResults/7ea69d76-59bf-4f35-8eb6-8be54db29c52",
      "RequestMethod": "GET",
      "RequestHeaders": {
        "Accept": "application/json",
        "Ocp-Apim-Subscription-Key": "Sanitized",
        "User-Agent": [
          "azsdk-net-AI.FormRecognizer/3.1.0-alpha.20201102.1",
          "(.NET Core 4.6.29130.01; Microsoft Windows 10.0.19042 )"
        ],
        "x-ms-client-request-id": "344402aeea58d68b8a3c056006987ca5",
        "x-ms-return-client-request-id": "true"
      },
      "RequestBody": null,
      "StatusCode": 200,
      "ResponseHeaders": {
        "apim-request-id": "0d3c6535-7544-49ee-9796-da18befdd43f",
        "Content-Length": "109",
        "Content-Type": "application/json; charset=utf-8",
        "Date": "Mon, 02 Nov 2020 21:38:23 GMT",
        "Strict-Transport-Security": "max-age=31536000; includeSubDomains; preload",
        "X-Content-Type-Options": "nosniff",
        "x-envoy-upstream-service-time": "11"
      },
      "ResponseBody": {
        "status": "notStarted",
        "createdDateTime": "2020-11-02T21:38:23Z",
        "lastUpdatedDateTime": "2020-11-02T21:38:23Z"
      }
    },
    {
      "RequestUri": "https://camaiaor-formrec-westcentralus.cognitiveservices.azure.com/formrecognizer/v2.1-preview.2/prebuilt/invoice/analyzeResults/7ea69d76-59bf-4f35-8eb6-8be54db29c52",
      "RequestMethod": "GET",
      "RequestHeaders": {
        "Accept": "application/json",
        "Ocp-Apim-Subscription-Key": "Sanitized",
        "User-Agent": [
          "azsdk-net-AI.FormRecognizer/3.1.0-alpha.20201102.1",
          "(.NET Core 4.6.29130.01; Microsoft Windows 10.0.19042 )"
        ],
        "x-ms-client-request-id": "0716ef4624c956c2846f44a5b580b396",
        "x-ms-return-client-request-id": "true"
      },
      "RequestBody": null,
      "StatusCode": 200,
      "ResponseHeaders": {
        "apim-request-id": "e60178aa-6c9d-4345-b4f5-5f320832604b",
        "Content-Length": "106",
        "Content-Type": "application/json; charset=utf-8",
        "Date": "Mon, 02 Nov 2020 21:38:24 GMT",
        "Strict-Transport-Security": "max-age=31536000; includeSubDomains; preload",
        "X-Content-Type-Options": "nosniff",
        "x-envoy-upstream-service-time": "10"
      },
      "ResponseBody": {
        "status": "running",
        "createdDateTime": "2020-11-02T21:38:23Z",
        "lastUpdatedDateTime": "2020-11-02T21:38:24Z"
      }
    },
    {
      "RequestUri": "https://camaiaor-formrec-westcentralus.cognitiveservices.azure.com/formrecognizer/v2.1-preview.2/prebuilt/invoice/analyzeResults/7ea69d76-59bf-4f35-8eb6-8be54db29c52",
      "RequestMethod": "GET",
      "RequestHeaders": {
        "Accept": "application/json",
        "Ocp-Apim-Subscription-Key": "Sanitized",
        "User-Agent": [
          "azsdk-net-AI.FormRecognizer/3.1.0-alpha.20201102.1",
          "(.NET Core 4.6.29130.01; Microsoft Windows 10.0.19042 )"
        ],
        "x-ms-client-request-id": "f8bd2ca6381cc2ff5ca13ae5da34afab",
        "x-ms-return-client-request-id": "true"
      },
      "RequestBody": null,
      "StatusCode": 200,
      "ResponseHeaders": {
        "apim-request-id": "4ffea90b-7187-4a35-8d6f-b311326d5291",
        "Content-Length": "106",
        "Content-Type": "application/json; charset=utf-8",
        "Date": "Mon, 02 Nov 2020 21:38:26 GMT",
        "Strict-Transport-Security": "max-age=31536000; includeSubDomains; preload",
        "X-Content-Type-Options": "nosniff",
        "x-envoy-upstream-service-time": "9"
      },
      "ResponseBody": {
        "status": "running",
        "createdDateTime": "2020-11-02T21:38:23Z",
        "lastUpdatedDateTime": "2020-11-02T21:38:24Z"
      }
    },
    {
      "RequestUri": "https://camaiaor-formrec-westcentralus.cognitiveservices.azure.com/formrecognizer/v2.1-preview.2/prebuilt/invoice/analyzeResults/7ea69d76-59bf-4f35-8eb6-8be54db29c52",
      "RequestMethod": "GET",
      "RequestHeaders": {
        "Accept": "application/json",
        "Ocp-Apim-Subscription-Key": "Sanitized",
        "User-Agent": [
          "azsdk-net-AI.FormRecognizer/3.1.0-alpha.20201102.1",
          "(.NET Core 4.6.29130.01; Microsoft Windows 10.0.19042 )"
        ],
        "x-ms-client-request-id": "d871fda5fe928ad53feeb0e9a6e52109",
        "x-ms-return-client-request-id": "true"
      },
      "RequestBody": null,
      "StatusCode": 200,
      "ResponseHeaders": {
        "apim-request-id": "be5d7677-1f9f-423c-b4ce-b305e80cef48",
        "Content-Length": "106",
        "Content-Type": "application/json; charset=utf-8",
        "Date": "Mon, 02 Nov 2020 21:38:27 GMT",
        "Strict-Transport-Security": "max-age=31536000; includeSubDomains; preload",
        "X-Content-Type-Options": "nosniff",
        "x-envoy-upstream-service-time": "8"
      },
      "ResponseBody": {
        "status": "running",
        "createdDateTime": "2020-11-02T21:38:23Z",
        "lastUpdatedDateTime": "2020-11-02T21:38:24Z"
      }
    },
    {
      "RequestUri": "https://camaiaor-formrec-westcentralus.cognitiveservices.azure.com/formrecognizer/v2.1-preview.2/prebuilt/invoice/analyzeResults/7ea69d76-59bf-4f35-8eb6-8be54db29c52",
      "RequestMethod": "GET",
      "RequestHeaders": {
        "Accept": "application/json",
        "Ocp-Apim-Subscription-Key": "Sanitized",
        "User-Agent": [
          "azsdk-net-AI.FormRecognizer/3.1.0-alpha.20201102.1",
          "(.NET Core 4.6.29130.01; Microsoft Windows 10.0.19042 )"
        ],
        "x-ms-client-request-id": "d9b96f8984db0e88f053ab27e9dd7b4f",
        "x-ms-return-client-request-id": "true"
      },
      "RequestBody": null,
      "StatusCode": 200,
      "ResponseHeaders": {
        "apim-request-id": "9973f5ff-094a-4e2d-b0de-7d165d7df330",
        "Content-Length": "106",
        "Content-Type": "application/json; charset=utf-8",
        "Date": "Mon, 02 Nov 2020 21:38:28 GMT",
        "Strict-Transport-Security": "max-age=31536000; includeSubDomains; preload",
        "X-Content-Type-Options": "nosniff",
        "x-envoy-upstream-service-time": "9"
      },
      "ResponseBody": {
        "status": "running",
        "createdDateTime": "2020-11-02T21:38:23Z",
        "lastUpdatedDateTime": "2020-11-02T21:38:24Z"
      }
    },
    {
      "RequestUri": "https://camaiaor-formrec-westcentralus.cognitiveservices.azure.com/formrecognizer/v2.1-preview.2/prebuilt/invoice/analyzeResults/7ea69d76-59bf-4f35-8eb6-8be54db29c52",
      "RequestMethod": "GET",
      "RequestHeaders": {
        "Accept": "application/json",
        "Ocp-Apim-Subscription-Key": "Sanitized",
        "User-Agent": [
          "azsdk-net-AI.FormRecognizer/3.1.0-alpha.20201102.1",
          "(.NET Core 4.6.29130.01; Microsoft Windows 10.0.19042 )"
        ],
        "x-ms-client-request-id": "b7ff98c0db0ea7045633b82d87161b76",
        "x-ms-return-client-request-id": "true"
      },
      "RequestBody": null,
      "StatusCode": 200,
      "ResponseHeaders": {
        "apim-request-id": "6f2db60a-d703-4d7d-a99a-2009b9c8178d",
        "Content-Length": "106",
        "Content-Type": "application/json; charset=utf-8",
        "Date": "Mon, 02 Nov 2020 21:38:29 GMT",
        "Strict-Transport-Security": "max-age=31536000; includeSubDomains; preload",
        "X-Content-Type-Options": "nosniff",
        "x-envoy-upstream-service-time": "10"
      },
      "ResponseBody": {
        "status": "running",
        "createdDateTime": "2020-11-02T21:38:23Z",
        "lastUpdatedDateTime": "2020-11-02T21:38:24Z"
      }
    },
    {
      "RequestUri": "https://camaiaor-formrec-westcentralus.cognitiveservices.azure.com/formrecognizer/v2.1-preview.2/prebuilt/invoice/analyzeResults/7ea69d76-59bf-4f35-8eb6-8be54db29c52",
      "RequestMethod": "GET",
      "RequestHeaders": {
        "Accept": "application/json",
        "Ocp-Apim-Subscription-Key": "Sanitized",
        "User-Agent": [
          "azsdk-net-AI.FormRecognizer/3.1.0-alpha.20201102.1",
          "(.NET Core 4.6.29130.01; Microsoft Windows 10.0.19042 )"
        ],
        "x-ms-client-request-id": "6b5c307fd57a20d07462e73e53ada062",
        "x-ms-return-client-request-id": "true"
      },
      "RequestBody": null,
      "StatusCode": 200,
      "ResponseHeaders": {
        "apim-request-id": "ca163408-eb05-4ba4-9234-e0bc6b6064cf",
        "Content-Length": "3516",
        "Content-Type": "application/json; charset=utf-8",
        "Date": "Mon, 02 Nov 2020 21:38:30 GMT",
        "Strict-Transport-Security": "max-age=31536000; includeSubDomains; preload",
        "X-Content-Type-Options": "nosniff",
        "x-envoy-upstream-service-time": "16"
      },
      "ResponseBody": {
        "status": "succeeded",
        "createdDateTime": "2020-11-02T21:38:23Z",
        "lastUpdatedDateTime": "2020-11-02T21:38:30Z",
        "analyzeResult": {
          "version": "2.1.0",
          "readResults": [
            {
              "page": 1,
              "angle": 0,
              "width": 8.5,
              "height": 11,
              "unit": "inch"
            }
          ],
          "pageResults": [
            {
              "page": 1,
              "tables": [
                {
                  "rows": 3,
                  "columns": 6,
                  "cells": [
                    {
                      "rowIndex": 0,
                      "columnIndex": 0,
                      "text": "Invoice Number",
                      "boundingBox": [
                        0.5136,
                        2.7829,
                        1.8978,
                        2.79,
                        1.8978,
                        3.311,
                        0.5136,
                        3.311
                      ]
                    },
                    {
                      "rowIndex": 0,
                      "columnIndex": 1,
                      "text": "Invoice Date",
                      "boundingBox": [
                        1.8978,
                        2.79,
                        3.2964,
                        2.79,
                        3.3036,
                        3.311,
                        1.8978,
                        3.311
                      ]
                    },
                    {
                      "rowIndex": 0,
                      "columnIndex": 2,
                      "text": "Invoice Due Date",
                      "boundingBox": [
                        3.2964,
                        2.79,
                        4.7022,
                        2.79,
                        4.7094,
                        3.311,
                        3.3036,
                        3.311
                      ]
                    },
                    {
                      "rowIndex": 0,
                      "columnIndex": 3,
                      "columnSpan": 2,
                      "text": "Charges",
                      "boundingBox": [
                        4.7022,
                        2.79,
                        6.1079,
                        2.7829,
                        6.1079,
                        3.311,
                        4.7094,
                        3.311
                      ]
                    },
                    {
                      "rowIndex": 0,
                      "columnIndex": 5,
                      "text": "VAT ID",
                      "boundingBox": [
                        6.1079,
                        2.7829,
                        7.485,
                        2.7829,
                        7.4922,
                        3.311,
                        6.1079,
                        3.311
                      ]
                    },
                    {
                      "rowIndex": 1,
                      "columnIndex": 0,
                      "rowSpan": 2,
                      "text": "34278587",
                      "boundingBox": [
                        0.5136,
                        3.311,
                        1.8978,
                        3.311,
                        1.8978,
                        3.8534,
                        0.5136,
                        3.8534
                      ]
                    },
                    {
                      "rowIndex": 1,
                      "columnIndex": 1,
                      "rowSpan": 2,
                      "text": "6/18/2017",
                      "boundingBox": [
                        1.8978,
                        3.311,
                        3.3036,
                        3.311,
                        3.3036,
                        3.8534,
                        1.8978,
                        3.8534
                      ]
                    },
                    {
                      "rowIndex": 1,
                      "columnIndex": 2,
                      "rowSpan": 2,
                      "text": "6/24/2017",
                      "boundingBox": [
                        3.3036,
                        3.311,
                        4.7094,
                        3.311,
                        4.7165,
                        3.8534,
                        3.3036,
                        3.8534
                      ]
                    },
                    {
                      "rowIndex": 1,
                      "columnIndex": 3,
                      "rowSpan": 2,
                      "columnSpan": 2,
                      "text": "$56,651.49",
                      "boundingBox": [
                        4.7094,
                        3.311,
                        6.1079,
                        3.311,
                        6.1079,
                        3.8534,
                        4.7165,
                        3.8534
                      ]
                    },
                    {
                      "rowIndex": 1,
                      "columnIndex": 5,
                      "text": "PT",
                      "boundingBox": [
                        6.1079,
                        3.311,
                        7.4922,
                        3.311,
                        7.4922,
                        3.6393,
                        6.1079,
                        3.6393
                      ]
                    },
                    {
                      "rowIndex": 2,
                      "columnIndex": 5,
                      "boundingBox": [
                        6.1079,
                        3.6393,
                        7.4922,
                        3.6393,
                        7.4922,
                        3.8534,
                        6.1079,
                        3.8534
                      ]
                    }
                  ],
                  "boundingBox": [
                    0.4985,
                    2.7802,
                    7.4933,
                    2.7816,
                    7.4913,
                    3.8459,
                    0.4966,
                    3.8447
                  ]
                }
              ]
            }
          ],
          "documentResults": [
            {
              "docType": "prebuilt:invoice",
              "pageRange": [
                1,
                1
              ],
              "fields": {
                "VendorName": {
                  "type": "string",
                  "valueString": "Contoso",
                  "text": "Contoso",
                  "boundingBox": [
                    0.5384,
                    1.1583,
                    1.4466,
                    1.1583,
                    1.4466,
                    1.3534,
                    0.5384,
                    1.3534
                  ],
                  "page": 1,
                  "confidence": 0.948
                },
                "CustomerAddressRecipient": {
                  "type": "string",
                  "valueString": "Microsoft",
                  "text": "Microsoft",
                  "boundingBox": [
                    5.2045,
                    1.5114,
                    5.8155,
                    1.5114,
                    5.8155,
                    1.6151,
                    5.2045,
                    1.6151
                  ],
                  "page": 1,
                  "confidence": 0.986
                },
                "VendorAddress": {
                  "type": "string",
                  "valueString": "1 Redmond way Suite 6000 Redmond, WA 99243",
                  "text": "1 Redmond way Suite 6000 Redmond, WA 99243",
                  "boundingBox": [
                    0.8019,
                    1.7033,
                    2.1445,
                    1.7033,
                    2.1445,
                    2.1911,
                    0.8019,
                    2.1911
                  ],
                  "page": 1,
                  "confidence": 0.908
                },
                "CustomerAddress": {
                  "type": "string",
                  "valueString": "1020 Enterprise Way Sunnayvale, CA 87659",
                  "text": "1020 Enterprise Way Sunnayvale, CA 87659",
                  "boundingBox": [
                    5.196,
                    1.716,
                    6.6526,
                    1.716,
                    6.6526,
                    2.0359,
                    5.196,
                    2.0359
                  ],
                  "page": 1,
                  "confidence": 0.991
                },
                "InvoiceId": {
                  "type": "string",
                  "valueString": "34278587",
                  "text": "34278587",
                  "boundingBox": [
                    0.5397,
                    3.411,
                    1.1457,
                    3.411,
                    1.1457,
                    3.5144,
                    0.5397,
                    3.5144
                  ],
                  "page": 1,
                  "confidence": 0.879
                },
                "InvoiceDate": {
                  "type": "date",
                  "valueDate": "2017-06-18",
                  "text": "6/18/2017",
                  "boundingBox": [
                    1.9455,
                    3.41,
                    2.551,
                    3.41,
                    2.551,
                    3.5144,
                    1.9455,
                    3.5144
                  ],
                  "page": 1,
                  "confidence": 0.929
                },
                "DueDate": {
                  "type": "date",
                  "valueDate": "2017-06-24",
                  "text": "6/24/2017",
                  "boundingBox": [
                    3.346,
                    3.41,
                    3.9514,
                    3.41,
                    3.9514,
                    3.5144,
                    3.346,
                    3.5144
                  ],
                  "page": 1,
                  "confidence": 0.992
                },
                "InvoiceTotal": {
                  "type": "number",
                  "valueNumber": 56651.49,
                  "text": "$56,651.49",
                  "boundingBox": [
                    5.3871,
                    3.4047,
                    6.0702,
                    3.4047,
                    6.0702,
                    3.5321,
                    5.3871,
                    3.5321
                  ],
                  "page": 1,
                  "confidence": 0.895
                },
                "CustomerName": {
                  "type": "string",
                  "valueString": "Microsoft",
                  "text": "Microsoft",
                  "boundingBox": [
                    5.2045,
                    1.5114,
                    5.8155,
                    1.5114,
                    5.8155,
                    1.6151,
                    5.2045,
                    1.6151
                  ],
                  "page": 1,
                  "confidence": 0.986
                }
              }
            }
          ]
        }
      }
    }
  ],
  "Variables": {
    "FORM_RECOGNIZER_API_KEY": "Sanitized",
    "FORM_RECOGNIZER_ENDPOINT": "https://camaiaor-formrec-westcentralus.cognitiveservices.azure.com/",
    "RandomSeed": "778001911"
  }
}