{
  "Entries": [
    {
      "RequestUri": "https://localhost:8443/subscriptions/00000000-0000-0000-0000-000000000000?api-version=2019-11-01",
      "RequestMethod": "GET",
      "RequestHeaders": {
        "Accept": "application/json",
        "Authorization": "Sanitized",
        "traceparent": "00-7f28e2b4fc1fee4a9f24cbc716092170-925031a912e0c441-00",
        "User-Agent": "azsdk-net-ResourceManager/1.0.0-alpha.20211207.1 (.NET Framework 4.8.4300.0; Microsoft Windows 10.0.19044 )",
        "x-ms-client-request-id": "d0f05696fa141b951b0188c01019ab2c",
        "x-ms-return-client-request-id": "true"
      },
      "RequestBody": null,
      "StatusCode": 200,
      "ResponseHeaders": {
        "Connection": "keep-alive",
        "Content-Length": "403",
        "Content-Type": "application/json; charset=utf-8",
        "Date": "Wed, 08 Dec 2021 03:22:03 GMT",
        "ETag": "W/\u0022193-XMviJqaGXohjOV1XjmYhUY8VLpk\u0022",
        "Keep-Alive": "timeout=5",
        "X-Powered-By": "Express"
      },
      "ResponseBody": {
        "id": "/subscriptions/00000000-0000-0000-0000-000000000000",
        "authorizationSource": "RoleBased",
        "managedByTenants": [],
        "subscriptionId": "00000000-0000-0000-0000-000000000000",
        "tenantId": "0000000-0000-0000-0000-000000000000",
        "displayName": "Name of the subscription",
        "state": "Enabled",
        "subscriptionPolicies": {
          "locationPlacementId": "Internal_2014-09-01",
          "quotaId": "Internal_2014-09-01",
          "spendingLimit": "Off"
        }
      }
    },
    {
      "RequestUri": "https://localhost:8443/subscriptions/00000000-0000-0000-0000-000000000000/resourcegroups/myResourceGroup?api-version=2019-10-01",
      "RequestMethod": "PUT",
      "RequestHeaders": {
        "Accept": "application/json",
        "Authorization": "Sanitized",
        "Content-Length": "81",
        "Content-Type": "application/json",
        "User-Agent": "azsdk-net-ResourceManager/1.0.0-alpha.20211207.1 (.NET Framework 4.8.4300.0; Microsoft Windows 10.0.19044 )",
        "x-ms-client-request-id": "7199982e4427e65a3261d7d8dfd9529a",
        "x-ms-return-client-request-id": "true"
      },
      "RequestBody": {
        "location": "Azure.ResourceManager.Resources.Subscription",
        "tags": {
          "test": "env"
        }
      },
      "StatusCode": 200,
      "ResponseHeaders": {
        "Connection": "keep-alive",
        "Content-Length": "254",
        "Content-Type": "application/json; charset=utf-8",
        "Date": "Wed, 08 Dec 2021 03:22:03 GMT",
        "ETag": "W/\u0022fe-aZEo2isVQc1LUmWdignDK6uZSqI\u0022",
        "Keep-Alive": "timeout=5",
        "X-Powered-By": "Express"
      },
      "ResponseBody": {
        "id": "/subscriptions/00000000-0000-0000-0000-000000000000/resourcegroups/myResourceGroup",
        "location": "eastus",
        "managedBy": null,
        "name": "myResourceGroup",
        "properties": {
          "provisioningState": "Succeeded"
        },
        "tags": {},
        "type": "Microsoft.Resources/resourceGroups"
      }
    },
    {
      "RequestUri": "https://localhost:8443/subscriptions/00000000-0000-0000-0000-000000000000/resourceGroups/myResourceGroup/providers/Microsoft.Compute/hostGroups/myDedicatedHostGroup?api-version=2021-03-01",
      "RequestMethod": "PUT",
      "RequestHeaders": {
        "Accept": "application/json",
        "Authorization": "Sanitized",
        "Content-Length": "130",
        "Content-Type": "application/json",
        "User-Agent": "azsdk-net-ResourceManager.Compute/1.0.0-alpha.20211207.1 (.NET Framework 4.8.4300.0; Microsoft Windows 10.0.19044 )",
        "x-ms-client-request-id": "fd9a1167cff8d207d64d5725db82be5c",
        "x-ms-return-client-request-id": "true"
      },
      "RequestBody": {
        "tags": {
          "department": "finance"
        },
        "location": "westus",
        "properties": {
          "platformFaultDomainCount": 3,
          "supportAutomaticPlacement": true
        }
      },
      "StatusCode": 200,
      "ResponseHeaders": {
        "Connection": "keep-alive",
        "Content-Length": "890",
        "Content-Type": "application/json; charset=utf-8",
        "Date": "Wed, 08 Dec 2021 03:22:03 GMT",
        "ETag": "W/\u002237a-o/Bm5KaieGnwm2827XFwq2e\u002BJeo\u0022",
        "Keep-Alive": "timeout=5",
        "X-Powered-By": "Express"
      },
      "ResponseBody": {
        "id": "/subscriptions/00000000-0000-0000-0000-000000000000/resourceGroups/myResourceGroup/providers/Microsoft.Compute/hostGroups/myDedicatedHostGroup",
        "name": "myDedicatedHostGroup",
        "type": "aaaaaaaaaaaaaaaaaaaaaaaaaaaa",
        "location": "aaaaaaaaaaaaaaaaaaaa",
        "tags": {
          "key6342": "aaaaaaaaaaaaaaaaa"
        },
        "properties": {
          "platformFaultDomainCount": 9,
          "hosts": [
            {
              "id": "/subscriptions/a9cbceed-cd54-47f1-b7a2-bad149218603/resourceGroups/mockRg/providers/Microsoft.Resources/mockResource/mockName"
            }
          ],
          "instanceView": {
            "hosts": [
              {
                "assetId": "aaaaaaaaaaaaaaaaaaaaaaa",
                "availableCapacity": {
                  "allocatableVMs": [
                    {
                      "vmSize": "aaaaaaaaaaaaaaaaaaaaaaaaa",
                      "count": 13
                    }
                  ]
                },
                "statuses": [
                  {
                    "code": "aaaaaaa",
                    "level": "Info",
                    "displayStatus": "aaaaaaaaaaaaaaaaaaaaaaa",
                    "message": "aaaaaaaaaaaaaaaaaaaa",
                    "time": "2021-12-08T03:22:03.812Z"
                  }
                ],
                "name": "myDedicatedHostGroup"
              }
            ]
          },
          "supportAutomaticPlacement": true
        },
        "zones": [
          "aaaaaaaaaaaaaaaaaaaaa"
        ]
      }
    },
    {
      "RequestUri": "https://localhost:8443/subscriptions/00000000-0000-0000-0000-000000000000/resourceGroups/myResourceGroup/providers/Microsoft.Compute/hostGroups/myDedicatedHostGroup?api-version=2021-03-01",
      "RequestMethod": "GET",
      "RequestHeaders": {
        "Accept": "application/json",
        "Authorization": "Sanitized",
        "User-Agent": "azsdk-net-ResourceManager.Compute/1.0.0-alpha.20211207.1 (.NET Framework 4.8.4300.0; Microsoft Windows 10.0.19044 )",
        "x-ms-client-request-id": "068dc6320e6e5276fb099eb222bd3b42",
        "x-ms-return-client-request-id": "true"
      },
      "RequestBody": null,
      "StatusCode": 200,
      "ResponseHeaders": {
        "Connection": "keep-alive",
        "Content-Length": "875",
        "Content-Type": "application/json; charset=utf-8",
        "Date": "Wed, 08 Dec 2021 03:22:03 GMT",
        "ETag": "W/\u002236b-jeJO2S0E4gq\u002B7UEgD0YJfetN8tY\u0022",
        "Keep-Alive": "timeout=5",
        "X-Powered-By": "Express"
      },
      "ResponseBody": {
        "id": "/subscriptions/00000000-0000-0000-0000-000000000000/resourceGroups/myResourceGroup/providers/Microsoft.Compute/hostGroups/myDedicatedHostGroup",
        "name": "myDedicatedHostGroup",
        "type": "aaaaaaaaaaaaaaaaa",
        "location": "aaaaaaaaaaaaaaaaaaaaaaaaaaaaaa",
        "tags": {
          "key4094": "aaaaaaaaaaaaaaaaaaa"
        },
        "properties": {
          "platformFaultDomainCount": 12,
          "hosts": [
            {
              "id": "/subscriptions/a9cbceed-cd54-47f1-b7a2-bad149218603/resourceGroups/mockRg/providers/Microsoft.Resources/mockResource/mockName"
            }
          ],
          "instanceView": {
            "hosts": [
              {
                "assetId": "aaaaaaaaaaaaaaaaaaaaaaaaaaaaaa",
                "availableCapacity": {
                  "allocatableVMs": [
                    {
                      "vmSize": "aaaaaaaaaaaaaaaaaaaaaaaaaaaa",
                      "count": 26
                    }
                  ]
                },
                "statuses": [
                  {
                    "code": "aa",
                    "level": "Info",
                    "displayStatus": "aaaaaa",
                    "message": "aaaaaaaaaaaaaaaaaaaaaaa",
                    "time": "2021-12-08T03:22:03.828Z"
                  }
                ],
                "name": "myDedicatedHostGroup"
              }
            ]
          },
          "supportAutomaticPlacement": true
        },
        "zones": [
          "aaaaaaaaaaaaa"
        ]
      }
    }
  ],
  "Variables": {
    "RandomSeed": "480327276",
    "RESOURCE_MANAGER_URL": "https://localhost:8443",
    "SUBSCRIPTION_ID": "00000000-0000-0000-0000-000000000000"
  }
}
