{
  "Entries": [
    {
      "RequestUri": "/subscriptions/61953354-5115-4340-bf80-f4ccd1cb213e/providers/Microsoft.Network?api-version=2014-04-01-preview",
      "EncodedRequestUri": "L3N1YnNjcmlwdGlvbnMvNjE5NTMzNTQtNTExNS00MzQwLWJmODAtZjRjY2QxY2IyMTNlL3Byb3ZpZGVycy9NaWNyb3NvZnQuTmV0d29yaz9hcGktdmVyc2lvbj0yMDE0LTA0LTAxLXByZXZpZXc=",
      "RequestMethod": "GET",
      "RequestBody": "",
      "RequestHeaders": {
        "User-Agent": [
          "Microsoft.Azure.Management.Resources.ResourceManagementClient/2.0.0.0"
        ]
      },
      "ResponseBody": "{\r\n  \"id\": \"/subscriptions/61953354-5115-4340-bf80-f4ccd1cb213e/providers/Microsoft.Network\",\r\n  \"namespace\": \"Microsoft.Network\",\r\n  \"authorization\": {\r\n    \"applicationId\": \"2cf9eb86-36b5-49dc-86ae-9a63135dfa8c\",\r\n    \"roleDefinitionId\": \"13ba9ab4-19f0-4804-adc4-14ece36cc7a1\"\r\n  },\r\n  \"resourceTypes\": [\r\n    {\r\n      \"resourceType\": \"dnszones\",\r\n      \"locations\": [\r\n        \"global\"\r\n      ],\r\n      \"apiVersions\": [\r\n        \"2015-05-04-preview\"\r\n      ]\r\n    },\r\n    {\r\n      \"resourceType\": \"dnszones/A\",\r\n      \"locations\": [\r\n        \"global\"\r\n      ],\r\n      \"apiVersions\": [\r\n        \"2015-05-04-preview\"\r\n      ]\r\n    },\r\n    {\r\n      \"resourceType\": \"dnszones/AAAA\",\r\n      \"locations\": [\r\n        \"global\"\r\n      ],\r\n      \"apiVersions\": [\r\n        \"2015-05-04-preview\"\r\n      ]\r\n    },\r\n    {\r\n      \"resourceType\": \"dnszones/CNAME\",\r\n      \"locations\": [\r\n        \"global\"\r\n      ],\r\n      \"apiVersions\": [\r\n        \"2015-05-04-preview\"\r\n      ]\r\n    },\r\n    {\r\n      \"resourceType\": \"dnszones/PTR\",\r\n      \"locations\": [\r\n        \"global\"\r\n      ],\r\n      \"apiVersions\": [\r\n        \"2015-05-04-preview\"\r\n      ]\r\n    },\r\n    {\r\n      \"resourceType\": \"dnszones/MX\",\r\n      \"locations\": [\r\n        \"global\"\r\n      ],\r\n      \"apiVersions\": [\r\n        \"2015-05-04-preview\"\r\n      ]\r\n    },\r\n    {\r\n      \"resourceType\": \"dnszones/TXT\",\r\n      \"locations\": [\r\n        \"global\"\r\n      ],\r\n      \"apiVersions\": [\r\n        \"2015-05-04-preview\"\r\n      ]\r\n    },\r\n    {\r\n      \"resourceType\": \"dnszones/SRV\",\r\n      \"locations\": [\r\n        \"global\"\r\n      ],\r\n      \"apiVersions\": [\r\n        \"2015-05-04-preview\"\r\n      ]\r\n    },\r\n    {\r\n      \"resourceType\": \"trafficmanagerprofiles\",\r\n      \"locations\": [\r\n        \"global\"\r\n      ],\r\n      \"apiVersions\": [\r\n        \"2015-04-28-preview\"\r\n      ]\r\n    },\r\n    {\r\n      \"resourceType\": \"virtualNetworks\",\r\n      \"locations\": [\r\n        \"West Europe\",\r\n        \"Central US\",\r\n        \"West US\"\r\n      ],\r\n      \"apiVersions\": [\r\n        \"2015-06-15\",\r\n        \"2015-05-01-preview\",\r\n        \"2014-12-01-preview\"\r\n      ]\r\n    },\r\n    {\r\n      \"resourceType\": \"publicIPAddresses\",\r\n      \"locations\": [\r\n        \"West Europe\",\r\n        \"Central US\",\r\n        \"West US\"\r\n      ],\r\n      \"apiVersions\": [\r\n        \"2015-06-15\",\r\n        \"2015-05-01-preview\",\r\n        \"2014-12-01-preview\"\r\n      ]\r\n    },\r\n    {\r\n      \"resourceType\": \"networkInterfaces\",\r\n      \"locations\": [\r\n        \"West Europe\",\r\n        \"Central US\",\r\n        \"West US\"\r\n      ],\r\n      \"apiVersions\": [\r\n        \"2015-06-15\",\r\n        \"2015-05-01-preview\",\r\n        \"2014-12-01-preview\"\r\n      ]\r\n    },\r\n    {\r\n      \"resourceType\": \"loadBalancers\",\r\n      \"locations\": [\r\n        \"West Europe\",\r\n        \"Central US\",\r\n        \"West US\"\r\n      ],\r\n      \"apiVersions\": [\r\n        \"2015-06-15\",\r\n        \"2015-05-01-preview\",\r\n        \"2014-12-01-preview\"\r\n      ]\r\n    },\r\n    {\r\n      \"resourceType\": \"networkSecurityGroups\",\r\n      \"locations\": [\r\n        \"West Europe\",\r\n        \"Central US\",\r\n        \"West US\"\r\n      ],\r\n      \"apiVersions\": [\r\n        \"2015-06-15\",\r\n        \"2015-05-01-preview\",\r\n        \"2014-12-01-preview\"\r\n      ]\r\n    },\r\n    {\r\n      \"resourceType\": \"locations\",\r\n      \"locations\": [],\r\n      \"apiVersions\": [\r\n        \"2015-06-15\",\r\n        \"2015-05-01-preview\",\r\n        \"2014-12-01-preview\"\r\n      ]\r\n    },\r\n    {\r\n      \"resourceType\": \"locations/operations\",\r\n      \"locations\": [],\r\n      \"apiVersions\": [\r\n        \"2015-06-15\",\r\n        \"2015-05-01-preview\",\r\n        \"2014-12-01-preview\"\r\n      ]\r\n    },\r\n    {\r\n      \"resourceType\": \"locations/operationResults\",\r\n      \"locations\": [],\r\n      \"apiVersions\": [\r\n        \"2015-06-15\",\r\n        \"2015-05-01-preview\",\r\n        \"2014-12-01-preview\"\r\n      ]\r\n    },\r\n    {\r\n      \"resourceType\": \"locations/CheckDnsNameAvailability\",\r\n      \"locations\": [],\r\n      \"apiVersions\": [\r\n        \"2015-06-15\",\r\n        \"2015-05-01-preview\",\r\n        \"2014-12-01-preview\"\r\n      ]\r\n    },\r\n    {\r\n      \"resourceType\": \"locations/usages\",\r\n      \"locations\": [],\r\n      \"apiVersions\": [\r\n        \"2015-06-15\",\r\n        \"2015-05-01-preview\",\r\n        \"2014-12-01-preview\"\r\n      ]\r\n    },\r\n    {\r\n      \"resourceType\": \"operations\",\r\n      \"locations\": [],\r\n      \"apiVersions\": [\r\n        \"2015-06-15\",\r\n        \"2015-05-01-preview\",\r\n        \"2014-12-01-preview\"\r\n      ]\r\n    },\r\n    {\r\n      \"resourceType\": \"virtualNetworkGateways\",\r\n      \"locations\": [\r\n        \"West Europe\",\r\n        \"Central US\",\r\n        \"West US\"\r\n      ],\r\n      \"apiVersions\": [\r\n        \"2015-06-15\",\r\n        \"2015-05-01-preview\",\r\n        \"2014-12-01-preview\"\r\n      ]\r\n    },\r\n    {\r\n      \"resourceType\": \"localNetworkGateways\",\r\n      \"locations\": [\r\n        \"West Europe\",\r\n        \"Central US\",\r\n        \"West US\"\r\n      ],\r\n      \"apiVersions\": [\r\n        \"2015-06-15\",\r\n        \"2015-05-01-preview\",\r\n        \"2014-12-01-preview\"\r\n      ]\r\n    },\r\n    {\r\n      \"resourceType\": \"connections\",\r\n      \"locations\": [\r\n        \"West Europe\",\r\n        \"Central US\",\r\n        \"West US\"\r\n      ],\r\n      \"apiVersions\": [\r\n        \"2015-06-15\",\r\n        \"2015-05-01-preview\",\r\n        \"2014-12-01-preview\"\r\n      ]\r\n    },\r\n    {\r\n      \"resourceType\": \"applicationGateways\",\r\n      \"locations\": [\r\n        \"West Europe\",\r\n        \"Central US\",\r\n        \"West US\"\r\n      ],\r\n      \"apiVersions\": [\r\n        \"2015-06-15\",\r\n        \"2015-05-01-preview\",\r\n        \"2014-12-01-preview\"\r\n      ]\r\n    }\r\n  ],\r\n  \"registrationState\": \"Registering\"\r\n}",
      "ResponseHeaders": {
        "Content-Length": [
          "3321"
        ],
        "Content-Type": [
          "application/json; charset=utf-8"
        ],
        "Expires": [
          "-1"
        ],
        "Pragma": [
          "no-cache"
        ],
        "x-ms-ratelimit-remaining-subscription-reads": [
          "14990"
        ],
        "x-ms-request-id": [
          "d4c64016-a933-439a-9c17-6c7f6c71d5f6"
        ],
        "x-ms-correlation-request-id": [
          "d4c64016-a933-439a-9c17-6c7f6c71d5f6"
        ],
        "x-ms-routing-request-id": [
          "CENTRALUS:20150626T223537Z:d4c64016-a933-439a-9c17-6c7f6c71d5f6"
        ],
        "Strict-Transport-Security": [
          "max-age=31536000; includeSubDomains"
        ],
        "Cache-Control": [
          "no-cache"
        ],
        "Date": [
          "Fri, 26 Jun 2015 22:35:37 GMT"
        ]
      },
      "StatusCode": 200
    },
    {
      "RequestUri": "/subscriptions/61953354-5115-4340-bf80-f4ccd1cb213e/providers/Microsoft.Network?api-version=2014-04-01-preview",
      "EncodedRequestUri": "L3N1YnNjcmlwdGlvbnMvNjE5NTMzNTQtNTExNS00MzQwLWJmODAtZjRjY2QxY2IyMTNlL3Byb3ZpZGVycy9NaWNyb3NvZnQuTmV0d29yaz9hcGktdmVyc2lvbj0yMDE0LTA0LTAxLXByZXZpZXc=",
      "RequestMethod": "GET",
      "RequestBody": "",
      "RequestHeaders": {
        "User-Agent": [
          "Microsoft.Azure.Management.Resources.ResourceManagementClient/2.0.0.0"
        ]
      },
      "ResponseBody": "{\r\n  \"id\": \"/subscriptions/61953354-5115-4340-bf80-f4ccd1cb213e/providers/Microsoft.Network\",\r\n  \"namespace\": \"Microsoft.Network\",\r\n  \"authorization\": {\r\n    \"applicationId\": \"2cf9eb86-36b5-49dc-86ae-9a63135dfa8c\",\r\n    \"roleDefinitionId\": \"13ba9ab4-19f0-4804-adc4-14ece36cc7a1\"\r\n  },\r\n  \"resourceTypes\": [\r\n    {\r\n      \"resourceType\": \"dnszones\",\r\n      \"locations\": [\r\n        \"global\"\r\n      ],\r\n      \"apiVersions\": [\r\n        \"2015-05-04-preview\"\r\n      ]\r\n    },\r\n    {\r\n      \"resourceType\": \"dnszones/A\",\r\n      \"locations\": [\r\n        \"global\"\r\n      ],\r\n      \"apiVersions\": [\r\n        \"2015-05-04-preview\"\r\n      ]\r\n    },\r\n    {\r\n      \"resourceType\": \"dnszones/AAAA\",\r\n      \"locations\": [\r\n        \"global\"\r\n      ],\r\n      \"apiVersions\": [\r\n        \"2015-05-04-preview\"\r\n      ]\r\n    },\r\n    {\r\n      \"resourceType\": \"dnszones/CNAME\",\r\n      \"locations\": [\r\n        \"global\"\r\n      ],\r\n      \"apiVersions\": [\r\n        \"2015-05-04-preview\"\r\n      ]\r\n    },\r\n    {\r\n      \"resourceType\": \"dnszones/PTR\",\r\n      \"locations\": [\r\n        \"global\"\r\n      ],\r\n      \"apiVersions\": [\r\n        \"2015-05-04-preview\"\r\n      ]\r\n    },\r\n    {\r\n      \"resourceType\": \"dnszones/MX\",\r\n      \"locations\": [\r\n        \"global\"\r\n      ],\r\n      \"apiVersions\": [\r\n        \"2015-05-04-preview\"\r\n      ]\r\n    },\r\n    {\r\n      \"resourceType\": \"dnszones/TXT\",\r\n      \"locations\": [\r\n        \"global\"\r\n      ],\r\n      \"apiVersions\": [\r\n        \"2015-05-04-preview\"\r\n      ]\r\n    },\r\n    {\r\n      \"resourceType\": \"dnszones/SRV\",\r\n      \"locations\": [\r\n        \"global\"\r\n      ],\r\n      \"apiVersions\": [\r\n        \"2015-05-04-preview\"\r\n      ]\r\n    },\r\n    {\r\n      \"resourceType\": \"trafficmanagerprofiles\",\r\n      \"locations\": [\r\n        \"global\"\r\n      ],\r\n      \"apiVersions\": [\r\n        \"2015-04-28-preview\"\r\n      ]\r\n    },\r\n    {\r\n      \"resourceType\": \"virtualNetworks\",\r\n      \"locations\": [\r\n        \"West Europe\",\r\n        \"Central US\",\r\n        \"West US\"\r\n      ],\r\n      \"apiVersions\": [\r\n        \"2015-06-15\",\r\n        \"2015-05-01-preview\",\r\n        \"2014-12-01-preview\"\r\n      ]\r\n    },\r\n    {\r\n      \"resourceType\": \"publicIPAddresses\",\r\n      \"locations\": [\r\n        \"West Europe\",\r\n        \"Central US\",\r\n        \"West US\"\r\n      ],\r\n      \"apiVersions\": [\r\n        \"2015-06-15\",\r\n        \"2015-05-01-preview\",\r\n        \"2014-12-01-preview\"\r\n      ]\r\n    },\r\n    {\r\n      \"resourceType\": \"networkInterfaces\",\r\n      \"locations\": [\r\n        \"West Europe\",\r\n        \"Central US\",\r\n        \"West US\"\r\n      ],\r\n      \"apiVersions\": [\r\n        \"2015-06-15\",\r\n        \"2015-05-01-preview\",\r\n        \"2014-12-01-preview\"\r\n      ]\r\n    },\r\n    {\r\n      \"resourceType\": \"loadBalancers\",\r\n      \"locations\": [\r\n        \"West Europe\",\r\n        \"Central US\",\r\n        \"West US\"\r\n      ],\r\n      \"apiVersions\": [\r\n        \"2015-06-15\",\r\n        \"2015-05-01-preview\",\r\n        \"2014-12-01-preview\"\r\n      ]\r\n    },\r\n    {\r\n      \"resourceType\": \"networkSecurityGroups\",\r\n      \"locations\": [\r\n        \"West Europe\",\r\n        \"Central US\",\r\n        \"West US\"\r\n      ],\r\n      \"apiVersions\": [\r\n        \"2015-06-15\",\r\n        \"2015-05-01-preview\",\r\n        \"2014-12-01-preview\"\r\n      ]\r\n    },\r\n    {\r\n      \"resourceType\": \"locations\",\r\n      \"locations\": [],\r\n      \"apiVersions\": [\r\n        \"2015-06-15\",\r\n        \"2015-05-01-preview\",\r\n        \"2014-12-01-preview\"\r\n      ]\r\n    },\r\n    {\r\n      \"resourceType\": \"locations/operations\",\r\n      \"locations\": [],\r\n      \"apiVersions\": [\r\n        \"2015-06-15\",\r\n        \"2015-05-01-preview\",\r\n        \"2014-12-01-preview\"\r\n      ]\r\n    },\r\n    {\r\n      \"resourceType\": \"locations/operationResults\",\r\n      \"locations\": [],\r\n      \"apiVersions\": [\r\n        \"2015-06-15\",\r\n        \"2015-05-01-preview\",\r\n        \"2014-12-01-preview\"\r\n      ]\r\n    },\r\n    {\r\n      \"resourceType\": \"locations/CheckDnsNameAvailability\",\r\n      \"locations\": [],\r\n      \"apiVersions\": [\r\n        \"2015-06-15\",\r\n        \"2015-05-01-preview\",\r\n        \"2014-12-01-preview\"\r\n      ]\r\n    },\r\n    {\r\n      \"resourceType\": \"locations/usages\",\r\n      \"locations\": [],\r\n      \"apiVersions\": [\r\n        \"2015-06-15\",\r\n        \"2015-05-01-preview\",\r\n        \"2014-12-01-preview\"\r\n      ]\r\n    },\r\n    {\r\n      \"resourceType\": \"operations\",\r\n      \"locations\": [],\r\n      \"apiVersions\": [\r\n        \"2015-06-15\",\r\n        \"2015-05-01-preview\",\r\n        \"2014-12-01-preview\"\r\n      ]\r\n    },\r\n    {\r\n      \"resourceType\": \"virtualNetworkGateways\",\r\n      \"locations\": [\r\n        \"West Europe\",\r\n        \"Central US\",\r\n        \"West US\"\r\n      ],\r\n      \"apiVersions\": [\r\n        \"2015-06-15\",\r\n        \"2015-05-01-preview\",\r\n        \"2014-12-01-preview\"\r\n      ]\r\n    },\r\n    {\r\n      \"resourceType\": \"localNetworkGateways\",\r\n      \"locations\": [\r\n        \"West Europe\",\r\n        \"Central US\",\r\n        \"West US\"\r\n      ],\r\n      \"apiVersions\": [\r\n        \"2015-06-15\",\r\n        \"2015-05-01-preview\",\r\n        \"2014-12-01-preview\"\r\n      ]\r\n    },\r\n    {\r\n      \"resourceType\": \"connections\",\r\n      \"locations\": [\r\n        \"West Europe\",\r\n        \"Central US\",\r\n        \"West US\"\r\n      ],\r\n      \"apiVersions\": [\r\n        \"2015-06-15\",\r\n        \"2015-05-01-preview\",\r\n        \"2014-12-01-preview\"\r\n      ]\r\n    },\r\n    {\r\n      \"resourceType\": \"applicationGateways\",\r\n      \"locations\": [\r\n        \"West Europe\",\r\n        \"Central US\",\r\n        \"West US\"\r\n      ],\r\n      \"apiVersions\": [\r\n        \"2015-06-15\",\r\n        \"2015-05-01-preview\",\r\n        \"2014-12-01-preview\"\r\n      ]\r\n    }\r\n  ],\r\n  \"registrationState\": \"Registering\"\r\n}",
      "ResponseHeaders": {
        "Content-Length": [
          "3321"
        ],
        "Content-Type": [
          "application/json; charset=utf-8"
        ],
        "Expires": [
          "-1"
        ],
        "Pragma": [
          "no-cache"
        ],
        "x-ms-ratelimit-remaining-subscription-reads": [
          "14990"
        ],
        "x-ms-request-id": [
          "d4c64016-a933-439a-9c17-6c7f6c71d5f6"
        ],
        "x-ms-correlation-request-id": [
          "d4c64016-a933-439a-9c17-6c7f6c71d5f6"
        ],
        "x-ms-routing-request-id": [
          "CENTRALUS:20150626T223537Z:d4c64016-a933-439a-9c17-6c7f6c71d5f6"
        ],
        "Strict-Transport-Security": [
          "max-age=31536000; includeSubDomains"
        ],
        "Cache-Control": [
          "no-cache"
        ],
        "Date": [
          "Fri, 26 Jun 2015 22:35:37 GMT"
        ]
      },
      "StatusCode": 200
    },
    {
      "RequestUri": "/subscriptions/61953354-5115-4340-bf80-f4ccd1cb213e/resourcegroups/csmrg1104?api-version=2014-04-01-preview",
      "EncodedRequestUri": "L3N1YnNjcmlwdGlvbnMvNjE5NTMzNTQtNTExNS00MzQwLWJmODAtZjRjY2QxY2IyMTNlL3Jlc291cmNlZ3JvdXBzL2NzbXJnMTEwND9hcGktdmVyc2lvbj0yMDE0LTA0LTAxLXByZXZpZXc=",
      "RequestMethod": "PUT",
      "RequestBody": "{\r\n  \"location\": \"West Europe\"\r\n}",
      "RequestHeaders": {
        "Content-Type": [
          "application/json; charset=utf-8"
        ],
        "Content-Length": [
          "33"
        ],
        "User-Agent": [
          "Microsoft.Azure.Management.Resources.ResourceManagementClient/2.0.0.0"
        ]
      },
      "ResponseBody": "{\r\n  \"id\": \"/subscriptions/61953354-5115-4340-bf80-f4ccd1cb213e/resourceGroups/csmrg1104\",\r\n  \"name\": \"csmrg1104\",\r\n  \"location\": \"westeurope\",\r\n  \"properties\": {\r\n    \"provisioningState\": \"Succeeded\"\r\n  }\r\n}",
      "ResponseHeaders": {
        "Content-Length": [
          "175"
        ],
        "Content-Type": [
          "application/json; charset=utf-8"
        ],
        "Expires": [
          "-1"
        ],
        "Pragma": [
          "no-cache"
        ],
        "x-ms-ratelimit-remaining-subscription-writes": [
          "1195"
        ],
        "x-ms-request-id": [
          "71c5d108-a56a-49d6-9de3-bd989f890da4"
        ],
        "x-ms-correlation-request-id": [
          "71c5d108-a56a-49d6-9de3-bd989f890da4"
        ],
        "x-ms-routing-request-id": [
          "CENTRALUS:20150626T223539Z:71c5d108-a56a-49d6-9de3-bd989f890da4"
        ],
        "Strict-Transport-Security": [
          "max-age=31536000; includeSubDomains"
        ],
        "Cache-Control": [
          "no-cache"
        ],
        "Date": [
          "Fri, 26 Jun 2015 22:35:38 GMT"
        ]
      },
      "StatusCode": 201
    },
    {
      "RequestUri": "/subscriptions/61953354-5115-4340-bf80-f4ccd1cb213e/resourcegroups/csmrg1104?api-version=2014-04-01-preview",
      "EncodedRequestUri": "L3N1YnNjcmlwdGlvbnMvNjE5NTMzNTQtNTExNS00MzQwLWJmODAtZjRjY2QxY2IyMTNlL3Jlc291cmNlZ3JvdXBzL2NzbXJnMTEwND9hcGktdmVyc2lvbj0yMDE0LTA0LTAxLXByZXZpZXc=",
      "RequestMethod": "PUT",
      "RequestBody": "{\r\n  \"location\": \"West Europe\"\r\n}",
      "RequestHeaders": {
        "Content-Type": [
          "application/json; charset=utf-8"
        ],
        "Content-Length": [
          "33"
        ],
        "User-Agent": [
          "Microsoft.Azure.Management.Resources.ResourceManagementClient/2.0.0.0"
        ]
      },
      "ResponseBody": "{\r\n  \"id\": \"/subscriptions/61953354-5115-4340-bf80-f4ccd1cb213e/resourceGroups/csmrg1104\",\r\n  \"name\": \"csmrg1104\",\r\n  \"location\": \"westeurope\",\r\n  \"properties\": {\r\n    \"provisioningState\": \"Succeeded\"\r\n  }\r\n}",
      "ResponseHeaders": {
        "Content-Length": [
          "175"
        ],
        "Content-Type": [
          "application/json; charset=utf-8"
        ],
        "Expires": [
          "-1"
        ],
        "Pragma": [
          "no-cache"
        ],
        "x-ms-ratelimit-remaining-subscription-writes": [
          "1195"
        ],
        "x-ms-request-id": [
          "71c5d108-a56a-49d6-9de3-bd989f890da4"
        ],
        "x-ms-correlation-request-id": [
          "71c5d108-a56a-49d6-9de3-bd989f890da4"
        ],
        "x-ms-routing-request-id": [
          "CENTRALUS:20150626T223539Z:71c5d108-a56a-49d6-9de3-bd989f890da4"
        ],
        "Strict-Transport-Security": [
          "max-age=31536000; includeSubDomains"
        ],
        "Cache-Control": [
          "no-cache"
        ],
        "Date": [
          "Fri, 26 Jun 2015 22:35:38 GMT"
        ]
      },
      "StatusCode": 201
    },
    {
      "RequestUri": "/subscriptions/61953354-5115-4340-bf80-f4ccd1cb213e/resourceGroups/csmrg1104/providers/Microsoft.Network/publicIPAddresses/azsmnet4001/?api-version=2015-05-01-preview",
      "EncodedRequestUri": "L3N1YnNjcmlwdGlvbnMvNjE5NTMzNTQtNTExNS00MzQwLWJmODAtZjRjY2QxY2IyMTNlL3Jlc291cmNlR3JvdXBzL2NzbXJnMTEwNC9wcm92aWRlcnMvTWljcm9zb2Z0Lk5ldHdvcmsvcHVibGljSVBBZGRyZXNzZXMvYXpzbW5ldDQwMDEvP2FwaS12ZXJzaW9uPTIwMTUtMDUtMDEtcHJldmlldw==",
      "RequestMethod": "PUT",
      "RequestBody": "{\r\n  \"location\": \"West Europe\",\r\n  \"tags\": {\r\n    \"key\": \"value\"\r\n  },\r\n  \"properties\": {\r\n    \"publicIPAllocationMethod\": \"Dynamic\",\r\n    \"dnsSettings\": {\r\n      \"domainNameLabel\": \"azsmnet352\"\r\n    }\r\n  }\r\n}",
      "RequestHeaders": {
        "Content-Type": [
          "application/json; charset=utf-8"
        ],
        "Content-Length": [
          "209"
        ],
        "User-Agent": [
          "Microsoft.Azure.Management.Network.NetworkResourceProviderClient/2.0.0.0"
        ]
      },
      "ResponseBody": "{\r\n  \"name\": \"azsmnet4001\",\r\n  \"id\": \"/subscriptions/61953354-5115-4340-bf80-f4ccd1cb213e/resourceGroups/csmrg1104/providers/Microsoft.Network/publicIPAddresses/azsmnet4001\",\r\n  \"etag\": \"W/\\\"d8f7bc66-a1ab-42bb-b240-724893c7607f\\\"\",\r\n  \"properties\": {\r\n    \"provisioningState\": \"Updating\",\r\n    \"publicIPAllocationMethod\": \"Dynamic\",\r\n    \"idleTimeoutInMinutes\": 4,\r\n    \"dnsSettings\": {\r\n      \"domainNameLabel\": \"azsmnet352\",\r\n      \"fqdn\": \"azsmnet352.azure-bvt.com\"\r\n    }\r\n  },\r\n  \"location\": \"westeurope\",\r\n  \"tags\": {\r\n    \"key\": \"value\"\r\n  }\r\n}",
      "ResponseHeaders": {
        "Content-Length": [
          "551"
        ],
        "Content-Type": [
          "application/json; charset=utf-8"
        ],
        "Expires": [
          "-1"
        ],
        "Pragma": [
          "no-cache"
        ],
        "Retry-After": [
          "10"
        ],
        "x-ms-request-id": [
          "ca14cdce-bbd9-4f5d-a076-eabf3e6366a1"
        ],
        "Azure-AsyncOperation": [
          "https://api-dogfood.resources.windows-int.net/subscriptions/61953354-5115-4340-bf80-f4ccd1cb213e/providers/Microsoft.Network/locations/nrp7/operations/ca14cdce-bbd9-4f5d-a076-eabf3e6366a1?api-version=2015-05-01-preview"
        ],
        "Strict-Transport-Security": [
          "max-age=31536000; includeSubDomains"
        ],
        "Cache-Control": [
          "no-cache"
        ],
        "Server": [
          "Microsoft-HTTPAPI/2.0",
          "Microsoft-HTTPAPI/2.0"
        ],
        "x-ms-ratelimit-remaining-subscription-writes": [
          "1194"
        ],
        "x-ms-correlation-request-id": [
          "1c15231d-5789-485e-969f-4e0a27998cc9"
        ],
        "x-ms-routing-request-id": [
          "CENTRALUS:20150626T223541Z:1c15231d-5789-485e-969f-4e0a27998cc9"
        ],
        "Date": [
          "Fri, 26 Jun 2015 22:35:41 GMT"
        ]
      },
      "StatusCode": 201
    },
    {
      "RequestUri": "/subscriptions/61953354-5115-4340-bf80-f4ccd1cb213e/resourceGroups/csmrg1104/providers/Microsoft.Network/publicIPAddresses/azsmnet4001/?api-version=2015-05-01-preview",
      "EncodedRequestUri": "L3N1YnNjcmlwdGlvbnMvNjE5NTMzNTQtNTExNS00MzQwLWJmODAtZjRjY2QxY2IyMTNlL3Jlc291cmNlR3JvdXBzL2NzbXJnMTEwNC9wcm92aWRlcnMvTWljcm9zb2Z0Lk5ldHdvcmsvcHVibGljSVBBZGRyZXNzZXMvYXpzbW5ldDQwMDEvP2FwaS12ZXJzaW9uPTIwMTUtMDUtMDEtcHJldmlldw==",
      "RequestMethod": "PUT",
      "RequestBody": "{\r\n  \"location\": \"West Europe\",\r\n  \"tags\": {\r\n    \"key\": \"value\"\r\n  },\r\n  \"properties\": {\r\n    \"publicIPAllocationMethod\": \"Dynamic\",\r\n    \"dnsSettings\": {\r\n      \"domainNameLabel\": \"azsmnet352\"\r\n    }\r\n  }\r\n}",
      "RequestHeaders": {
        "Content-Type": [
          "application/json; charset=utf-8"
        ],
        "Content-Length": [
          "209"
        ],
        "User-Agent": [
          "Microsoft.Azure.Management.Network.NetworkResourceProviderClient/2.0.0.0"
        ]
      },
      "ResponseBody": "{\r\n  \"name\": \"azsmnet4001\",\r\n  \"id\": \"/subscriptions/61953354-5115-4340-bf80-f4ccd1cb213e/resourceGroups/csmrg1104/providers/Microsoft.Network/publicIPAddresses/azsmnet4001\",\r\n  \"etag\": \"W/\\\"d8f7bc66-a1ab-42bb-b240-724893c7607f\\\"\",\r\n  \"properties\": {\r\n    \"provisioningState\": \"Updating\",\r\n    \"publicIPAllocationMethod\": \"Dynamic\",\r\n    \"idleTimeoutInMinutes\": 4,\r\n    \"dnsSettings\": {\r\n      \"domainNameLabel\": \"azsmnet352\",\r\n      \"fqdn\": \"azsmnet352.azure-bvt.com\"\r\n    }\r\n  },\r\n  \"location\": \"westeurope\",\r\n  \"tags\": {\r\n    \"key\": \"value\"\r\n  }\r\n}",
      "ResponseHeaders": {
        "Content-Length": [
          "551"
        ],
        "Content-Type": [
          "application/json; charset=utf-8"
        ],
        "Expires": [
          "-1"
        ],
        "Pragma": [
          "no-cache"
        ],
        "Retry-After": [
          "10"
        ],
        "x-ms-request-id": [
          "ca14cdce-bbd9-4f5d-a076-eabf3e6366a1"
        ],
        "Azure-AsyncOperation": [
          "https://api-dogfood.resources.windows-int.net/subscriptions/61953354-5115-4340-bf80-f4ccd1cb213e/providers/Microsoft.Network/locations/nrp7/operations/ca14cdce-bbd9-4f5d-a076-eabf3e6366a1?api-version=2015-05-01-preview"
        ],
        "Strict-Transport-Security": [
          "max-age=31536000; includeSubDomains"
        ],
        "Cache-Control": [
          "no-cache"
        ],
        "Server": [
          "Microsoft-HTTPAPI/2.0",
          "Microsoft-HTTPAPI/2.0"
        ],
        "x-ms-ratelimit-remaining-subscription-writes": [
          "1194"
        ],
        "x-ms-correlation-request-id": [
          "1c15231d-5789-485e-969f-4e0a27998cc9"
        ],
        "x-ms-routing-request-id": [
          "CENTRALUS:20150626T223541Z:1c15231d-5789-485e-969f-4e0a27998cc9"
        ],
        "Date": [
          "Fri, 26 Jun 2015 22:35:41 GMT"
        ]
      },
      "StatusCode": 201
    },
    {
      "RequestUri": "/subscriptions/61953354-5115-4340-bf80-f4ccd1cb213e/providers/Microsoft.Network/locations/nrp7/operations/ca14cdce-bbd9-4f5d-a076-eabf3e6366a1?api-version=2015-05-01-preview",
      "EncodedRequestUri": "L3N1YnNjcmlwdGlvbnMvNjE5NTMzNTQtNTExNS00MzQwLWJmODAtZjRjY2QxY2IyMTNlL3Byb3ZpZGVycy9NaWNyb3NvZnQuTmV0d29yay9sb2NhdGlvbnMvbnJwNy9vcGVyYXRpb25zL2NhMTRjZGNlLWJiZDktNGY1ZC1hMDc2LWVhYmYzZTYzNjZhMT9hcGktdmVyc2lvbj0yMDE1LTA1LTAxLXByZXZpZXc=",
      "RequestMethod": "GET",
      "RequestBody": "",
      "RequestHeaders": {
        "User-Agent": [
          "Microsoft.Azure.Management.Network.NetworkResourceProviderClient/2.0.0.0"
        ]
      },
      "ResponseBody": "{\r\n  \"status\": \"Succeeded\"\r\n}",
      "ResponseHeaders": {
        "Content-Length": [
          "29"
        ],
        "Content-Type": [
          "application/json; charset=utf-8"
        ],
        "Expires": [
          "-1"
        ],
        "Pragma": [
          "no-cache"
        ],
        "x-ms-request-id": [
          "4837541b-3214-434c-be25-f33234b76a0c"
        ],
        "Strict-Transport-Security": [
          "max-age=31536000; includeSubDomains"
        ],
        "Cache-Control": [
          "no-cache"
        ],
        "Server": [
          "Microsoft-HTTPAPI/2.0",
          "Microsoft-HTTPAPI/2.0"
        ],
        "x-ms-ratelimit-remaining-subscription-reads": [
          "14989"
        ],
        "x-ms-correlation-request-id": [
          "3441becc-cdf7-4780-a8b3-78d4acdd3e7f"
        ],
        "x-ms-routing-request-id": [
          "CENTRALUS:20150626T223542Z:3441becc-cdf7-4780-a8b3-78d4acdd3e7f"
        ],
        "Date": [
          "Fri, 26 Jun 2015 22:35:42 GMT"
        ]
      },
      "StatusCode": 200
    },
    {
      "RequestUri": "/subscriptions/61953354-5115-4340-bf80-f4ccd1cb213e/providers/Microsoft.Network/locations/nrp7/operations/ca14cdce-bbd9-4f5d-a076-eabf3e6366a1?api-version=2015-05-01-preview",
      "EncodedRequestUri": "L3N1YnNjcmlwdGlvbnMvNjE5NTMzNTQtNTExNS00MzQwLWJmODAtZjRjY2QxY2IyMTNlL3Byb3ZpZGVycy9NaWNyb3NvZnQuTmV0d29yay9sb2NhdGlvbnMvbnJwNy9vcGVyYXRpb25zL2NhMTRjZGNlLWJiZDktNGY1ZC1hMDc2LWVhYmYzZTYzNjZhMT9hcGktdmVyc2lvbj0yMDE1LTA1LTAxLXByZXZpZXc=",
      "RequestMethod": "GET",
      "RequestBody": "",
      "RequestHeaders": {
        "User-Agent": [
          "Microsoft.Azure.Management.Network.NetworkResourceProviderClient/2.0.0.0"
        ]
      },
      "ResponseBody": "{\r\n  \"status\": \"Succeeded\"\r\n}",
      "ResponseHeaders": {
        "Content-Length": [
          "29"
        ],
        "Content-Type": [
          "application/json; charset=utf-8"
        ],
        "Expires": [
          "-1"
        ],
        "Pragma": [
          "no-cache"
        ],
        "x-ms-request-id": [
          "4837541b-3214-434c-be25-f33234b76a0c"
        ],
        "Strict-Transport-Security": [
          "max-age=31536000; includeSubDomains"
        ],
        "Cache-Control": [
          "no-cache"
        ],
        "Server": [
          "Microsoft-HTTPAPI/2.0",
          "Microsoft-HTTPAPI/2.0"
        ],
        "x-ms-ratelimit-remaining-subscription-reads": [
          "14989"
        ],
        "x-ms-correlation-request-id": [
          "3441becc-cdf7-4780-a8b3-78d4acdd3e7f"
        ],
        "x-ms-routing-request-id": [
          "CENTRALUS:20150626T223542Z:3441becc-cdf7-4780-a8b3-78d4acdd3e7f"
        ],
        "Date": [
          "Fri, 26 Jun 2015 22:35:42 GMT"
        ]
      },
      "StatusCode": 200
    },
    {
      "RequestUri": "/subscriptions/61953354-5115-4340-bf80-f4ccd1cb213e/resourceGroups/csmrg1104/providers/Microsoft.Network/publicIPAddresses/azsmnet4001/?api-version=2015-05-01-preview",
      "EncodedRequestUri": "L3N1YnNjcmlwdGlvbnMvNjE5NTMzNTQtNTExNS00MzQwLWJmODAtZjRjY2QxY2IyMTNlL3Jlc291cmNlR3JvdXBzL2NzbXJnMTEwNC9wcm92aWRlcnMvTWljcm9zb2Z0Lk5ldHdvcmsvcHVibGljSVBBZGRyZXNzZXMvYXpzbW5ldDQwMDEvP2FwaS12ZXJzaW9uPTIwMTUtMDUtMDEtcHJldmlldw==",
      "RequestMethod": "GET",
      "RequestBody": "",
      "RequestHeaders": {
        "User-Agent": [
          "Microsoft.Azure.Management.Network.NetworkResourceProviderClient/2.0.0.0"
        ]
      },
      "ResponseBody": "{\r\n  \"name\": \"azsmnet4001\",\r\n  \"id\": \"/subscriptions/61953354-5115-4340-bf80-f4ccd1cb213e/resourceGroups/csmrg1104/providers/Microsoft.Network/publicIPAddresses/azsmnet4001\",\r\n  \"etag\": \"W/\\\"a8da2bd6-e656-41f5-8666-8aef6d082402\\\"\",\r\n  \"properties\": {\r\n    \"provisioningState\": \"Succeeded\",\r\n    \"publicIPAllocationMethod\": \"Dynamic\",\r\n    \"idleTimeoutInMinutes\": 4,\r\n    \"dnsSettings\": {\r\n      \"domainNameLabel\": \"azsmnet352\",\r\n      \"fqdn\": \"azsmnet352.azure-bvt.com\"\r\n    }\r\n  },\r\n  \"location\": \"westeurope\",\r\n  \"tags\": {\r\n    \"key\": \"value\"\r\n  }\r\n}",
      "ResponseHeaders": {
        "Content-Length": [
          "552"
        ],
        "Content-Type": [
          "application/json; charset=utf-8"
        ],
        "Expires": [
          "-1"
        ],
        "Pragma": [
          "no-cache"
        ],
        "x-ms-request-id": [
          "39930ea2-9ddc-43d7-bf79-67c8ca0fdb33"
        ],
        "Strict-Transport-Security": [
          "max-age=31536000; includeSubDomains"
        ],
        "Cache-Control": [
          "no-cache"
        ],
        "ETag": [
          "W/\"a8da2bd6-e656-41f5-8666-8aef6d082402\""
        ],
        "Server": [
          "Microsoft-HTTPAPI/2.0",
          "Microsoft-HTTPAPI/2.0"
        ],
        "x-ms-ratelimit-remaining-subscription-reads": [
          "14988"
        ],
        "x-ms-correlation-request-id": [
          "83899355-ff58-4b1d-9760-e8d750f11154"
        ],
        "x-ms-routing-request-id": [
          "CENTRALUS:20150626T223542Z:83899355-ff58-4b1d-9760-e8d750f11154"
        ],
        "Date": [
          "Fri, 26 Jun 2015 22:35:42 GMT"
        ]
      },
      "StatusCode": 200
    },
    {
      "RequestUri": "/subscriptions/61953354-5115-4340-bf80-f4ccd1cb213e/resourceGroups/csmrg1104/providers/Microsoft.Network/publicIPAddresses/azsmnet4001/?api-version=2015-05-01-preview",
      "EncodedRequestUri": "L3N1YnNjcmlwdGlvbnMvNjE5NTMzNTQtNTExNS00MzQwLWJmODAtZjRjY2QxY2IyMTNlL3Jlc291cmNlR3JvdXBzL2NzbXJnMTEwNC9wcm92aWRlcnMvTWljcm9zb2Z0Lk5ldHdvcmsvcHVibGljSVBBZGRyZXNzZXMvYXpzbW5ldDQwMDEvP2FwaS12ZXJzaW9uPTIwMTUtMDUtMDEtcHJldmlldw==",
      "RequestMethod": "GET",
      "RequestBody": "",
      "RequestHeaders": {
        "User-Agent": [
          "Microsoft.Azure.Management.Network.NetworkResourceProviderClient/2.0.0.0"
        ]
      },
      "ResponseBody": "{\r\n  \"name\": \"azsmnet4001\",\r\n  \"id\": \"/subscriptions/61953354-5115-4340-bf80-f4ccd1cb213e/resourceGroups/csmrg1104/providers/Microsoft.Network/publicIPAddresses/azsmnet4001\",\r\n  \"etag\": \"W/\\\"a8da2bd6-e656-41f5-8666-8aef6d082402\\\"\",\r\n  \"properties\": {\r\n    \"provisioningState\": \"Succeeded\",\r\n    \"publicIPAllocationMethod\": \"Dynamic\",\r\n    \"idleTimeoutInMinutes\": 4,\r\n    \"dnsSettings\": {\r\n      \"domainNameLabel\": \"azsmnet352\",\r\n      \"fqdn\": \"azsmnet352.azure-bvt.com\"\r\n    }\r\n  },\r\n  \"location\": \"westeurope\",\r\n  \"tags\": {\r\n    \"key\": \"value\"\r\n  }\r\n}",
      "ResponseHeaders": {
        "Content-Length": [
          "552"
        ],
        "Content-Type": [
          "application/json; charset=utf-8"
        ],
        "Expires": [
          "-1"
        ],
        "Pragma": [
          "no-cache"
        ],
        "x-ms-request-id": [
          "39930ea2-9ddc-43d7-bf79-67c8ca0fdb33"
        ],
        "Strict-Transport-Security": [
          "max-age=31536000; includeSubDomains"
        ],
        "Cache-Control": [
          "no-cache"
        ],
        "ETag": [
          "W/\"a8da2bd6-e656-41f5-8666-8aef6d082402\""
        ],
        "Server": [
          "Microsoft-HTTPAPI/2.0",
          "Microsoft-HTTPAPI/2.0"
        ],
        "x-ms-ratelimit-remaining-subscription-reads": [
          "14988"
        ],
        "x-ms-correlation-request-id": [
          "83899355-ff58-4b1d-9760-e8d750f11154"
        ],
        "x-ms-routing-request-id": [
          "CENTRALUS:20150626T223542Z:83899355-ff58-4b1d-9760-e8d750f11154"
        ],
        "Date": [
          "Fri, 26 Jun 2015 22:35:42 GMT"
        ]
      },
      "StatusCode": 200
    },
    {
      "RequestUri": "/subscriptions/61953354-5115-4340-bf80-f4ccd1cb213e/resourceGroups/csmrg1104/providers/Microsoft.Network/publicIPAddresses/azsmnet4001/?api-version=2015-05-01-preview",
      "EncodedRequestUri": "L3N1YnNjcmlwdGlvbnMvNjE5NTMzNTQtNTExNS00MzQwLWJmODAtZjRjY2QxY2IyMTNlL3Jlc291cmNlR3JvdXBzL2NzbXJnMTEwNC9wcm92aWRlcnMvTWljcm9zb2Z0Lk5ldHdvcmsvcHVibGljSVBBZGRyZXNzZXMvYXpzbW5ldDQwMDEvP2FwaS12ZXJzaW9uPTIwMTUtMDUtMDEtcHJldmlldw==",
      "RequestMethod": "GET",
      "RequestBody": "",
      "RequestHeaders": {
        "User-Agent": [
          "Microsoft.Azure.Management.Network.NetworkResourceProviderClient/2.0.0.0"
        ]
      },
      "ResponseBody": "{\r\n  \"name\": \"azsmnet4001\",\r\n  \"id\": \"/subscriptions/61953354-5115-4340-bf80-f4ccd1cb213e/resourceGroups/csmrg1104/providers/Microsoft.Network/publicIPAddresses/azsmnet4001\",\r\n  \"etag\": \"W/\\\"a8da2bd6-e656-41f5-8666-8aef6d082402\\\"\",\r\n  \"properties\": {\r\n    \"provisioningState\": \"Succeeded\",\r\n    \"publicIPAllocationMethod\": \"Dynamic\",\r\n    \"idleTimeoutInMinutes\": 4,\r\n    \"dnsSettings\": {\r\n      \"domainNameLabel\": \"azsmnet352\",\r\n      \"fqdn\": \"azsmnet352.azure-bvt.com\"\r\n    }\r\n  },\r\n  \"location\": \"westeurope\",\r\n  \"tags\": {\r\n    \"key\": \"value\"\r\n  }\r\n}",
      "ResponseHeaders": {
        "Content-Length": [
          "552"
        ],
        "Content-Type": [
          "application/json; charset=utf-8"
        ],
        "Expires": [
          "-1"
        ],
        "Pragma": [
          "no-cache"
        ],
        "x-ms-request-id": [
          "8c0875ff-21a5-469a-9340-768a1bbeddb5"
        ],
        "Strict-Transport-Security": [
          "max-age=31536000; includeSubDomains"
        ],
        "Cache-Control": [
          "no-cache"
        ],
        "ETag": [
          "W/\"a8da2bd6-e656-41f5-8666-8aef6d082402\""
        ],
        "Server": [
          "Microsoft-HTTPAPI/2.0",
          "Microsoft-HTTPAPI/2.0"
        ],
        "x-ms-ratelimit-remaining-subscription-reads": [
          "14987"
        ],
        "x-ms-correlation-request-id": [
          "47800de7-3666-4399-be82-d387815a75d5"
        ],
        "x-ms-routing-request-id": [
          "CENTRALUS:20150626T223542Z:47800de7-3666-4399-be82-d387815a75d5"
        ],
        "Date": [
          "Fri, 26 Jun 2015 22:35:42 GMT"
        ]
      },
      "StatusCode": 200
    },
    {
      "RequestUri": "/subscriptions/61953354-5115-4340-bf80-f4ccd1cb213e/resourceGroups/csmrg1104/providers/Microsoft.Network/publicIPAddresses/azsmnet4001/?api-version=2015-05-01-preview",
      "EncodedRequestUri": "L3N1YnNjcmlwdGlvbnMvNjE5NTMzNTQtNTExNS00MzQwLWJmODAtZjRjY2QxY2IyMTNlL3Jlc291cmNlR3JvdXBzL2NzbXJnMTEwNC9wcm92aWRlcnMvTWljcm9zb2Z0Lk5ldHdvcmsvcHVibGljSVBBZGRyZXNzZXMvYXpzbW5ldDQwMDEvP2FwaS12ZXJzaW9uPTIwMTUtMDUtMDEtcHJldmlldw==",
      "RequestMethod": "GET",
      "RequestBody": "",
      "RequestHeaders": {
        "User-Agent": [
          "Microsoft.Azure.Management.Network.NetworkResourceProviderClient/2.0.0.0"
        ]
      },
      "ResponseBody": "{\r\n  \"name\": \"azsmnet4001\",\r\n  \"id\": \"/subscriptions/61953354-5115-4340-bf80-f4ccd1cb213e/resourceGroups/csmrg1104/providers/Microsoft.Network/publicIPAddresses/azsmnet4001\",\r\n  \"etag\": \"W/\\\"a8da2bd6-e656-41f5-8666-8aef6d082402\\\"\",\r\n  \"properties\": {\r\n    \"provisioningState\": \"Succeeded\",\r\n    \"publicIPAllocationMethod\": \"Dynamic\",\r\n    \"idleTimeoutInMinutes\": 4,\r\n    \"dnsSettings\": {\r\n      \"domainNameLabel\": \"azsmnet352\",\r\n      \"fqdn\": \"azsmnet352.azure-bvt.com\"\r\n    }\r\n  },\r\n  \"location\": \"westeurope\",\r\n  \"tags\": {\r\n    \"key\": \"value\"\r\n  }\r\n}",
      "ResponseHeaders": {
        "Content-Length": [
          "552"
        ],
        "Content-Type": [
          "application/json; charset=utf-8"
        ],
        "Expires": [
          "-1"
        ],
        "Pragma": [
          "no-cache"
        ],
        "x-ms-request-id": [
          "8c0875ff-21a5-469a-9340-768a1bbeddb5"
        ],
        "Strict-Transport-Security": [
          "max-age=31536000; includeSubDomains"
        ],
        "Cache-Control": [
          "no-cache"
        ],
        "ETag": [
          "W/\"a8da2bd6-e656-41f5-8666-8aef6d082402\""
        ],
        "Server": [
          "Microsoft-HTTPAPI/2.0",
          "Microsoft-HTTPAPI/2.0"
        ],
        "x-ms-ratelimit-remaining-subscription-reads": [
          "14987"
        ],
        "x-ms-correlation-request-id": [
          "47800de7-3666-4399-be82-d387815a75d5"
        ],
        "x-ms-routing-request-id": [
          "CENTRALUS:20150626T223542Z:47800de7-3666-4399-be82-d387815a75d5"
        ],
        "Date": [
          "Fri, 26 Jun 2015 22:35:42 GMT"
        ]
      },
      "StatusCode": 200
    },
    {
      "RequestUri": "/subscriptions/61953354-5115-4340-bf80-f4ccd1cb213e/resourceGroups/csmrg1104/providers/Microsoft.Network/virtualnetworks/azsmnet531?api-version=2015-05-01-preview",
      "EncodedRequestUri": "L3N1YnNjcmlwdGlvbnMvNjE5NTMzNTQtNTExNS00MzQwLWJmODAtZjRjY2QxY2IyMTNlL3Jlc291cmNlR3JvdXBzL2NzbXJnMTEwNC9wcm92aWRlcnMvTWljcm9zb2Z0Lk5ldHdvcmsvdmlydHVhbG5ldHdvcmtzL2F6c21uZXQ1MzE/YXBpLXZlcnNpb249MjAxNS0wNS0wMS1wcmV2aWV3",
      "RequestMethod": "PUT",
      "RequestBody": "{\r\n  \"location\": \"West Europe\",\r\n  \"properties\": {\r\n    \"addressSpace\": {\r\n      \"addressPrefixes\": [\r\n        \"10.0.0.0/16\"\r\n      ]\r\n    },\r\n    \"dhcpOptions\": {\r\n      \"dnsServers\": [\r\n        \"10.1.1.1\",\r\n        \"10.1.2.4\"\r\n      ]\r\n    },\r\n    \"subnets\": [\r\n      {\r\n        \"name\": \"GatewaySubnet\",\r\n        \"properties\": {\r\n          \"addressPrefix\": \"10.0.0.0/24\"\r\n        }\r\n      }\r\n    ]\r\n  }\r\n}",
      "RequestHeaders": {
        "Content-Type": [
          "application/json; charset=utf-8"
        ],
        "Content-Length": [
          "407"
        ],
        "User-Agent": [
          "Microsoft.Azure.Management.Network.NetworkResourceProviderClient/2.0.0.0"
        ]
      },
      "ResponseBody": "{\r\n  \"name\": \"azsmnet531\",\r\n  \"id\": \"/subscriptions/61953354-5115-4340-bf80-f4ccd1cb213e/resourceGroups/csmrg1104/providers/Microsoft.Network/virtualNetworks/azsmnet531\",\r\n  \"etag\": \"W/\\\"69431350-e1f5-4f58-b099-ec69e4f795ae\\\"\",\r\n  \"properties\": {\r\n    \"provisioningState\": \"Updating\",\r\n    \"addressSpace\": {\r\n      \"addressPrefixes\": [\r\n        \"10.0.0.0/16\"\r\n      ]\r\n    },\r\n    \"dhcpOptions\": {\r\n      \"dnsServers\": [\r\n        \"10.1.1.1\",\r\n        \"10.1.2.4\"\r\n      ]\r\n    },\r\n    \"subnets\": [\r\n      {\r\n        \"name\": \"GatewaySubnet\",\r\n        \"id\": \"/subscriptions/61953354-5115-4340-bf80-f4ccd1cb213e/resourceGroups/csmrg1104/providers/Microsoft.Network/virtualNetworks/azsmnet531/subnets/GatewaySubnet\",\r\n        \"etag\": \"W/\\\"69431350-e1f5-4f58-b099-ec69e4f795ae\\\"\",\r\n        \"properties\": {\r\n          \"provisioningState\": \"Updating\",\r\n          \"addressPrefix\": \"10.0.0.0/24\"\r\n        }\r\n      }\r\n    ]\r\n  },\r\n  \"location\": \"westeurope\"\r\n}",
      "ResponseHeaders": {
        "Content-Length": [
          "949"
        ],
        "Content-Type": [
          "application/json; charset=utf-8"
        ],
        "Expires": [
          "-1"
        ],
        "Pragma": [
          "no-cache"
        ],
        "Retry-After": [
          "10"
        ],
        "x-ms-request-id": [
          "1a8929d6-c36f-4add-ad02-a200a6630654"
        ],
        "Azure-AsyncOperation": [
          "https://api-dogfood.resources.windows-int.net/subscriptions/61953354-5115-4340-bf80-f4ccd1cb213e/providers/Microsoft.Network/locations/nrp7/operations/1a8929d6-c36f-4add-ad02-a200a6630654?api-version=2015-05-01-preview"
        ],
        "Strict-Transport-Security": [
          "max-age=31536000; includeSubDomains"
        ],
        "Cache-Control": [
          "no-cache"
        ],
        "Server": [
          "Microsoft-HTTPAPI/2.0",
          "Microsoft-HTTPAPI/2.0"
        ],
        "x-ms-ratelimit-remaining-subscription-writes": [
          "1193"
        ],
        "x-ms-correlation-request-id": [
          "e2148c94-e0d0-4961-8f5e-de18969d0c00"
        ],
        "x-ms-routing-request-id": [
          "CENTRALUS:20150626T223544Z:e2148c94-e0d0-4961-8f5e-de18969d0c00"
        ],
        "Date": [
          "Fri, 26 Jun 2015 22:35:44 GMT"
        ]
      },
      "StatusCode": 201
    },
    {
      "RequestUri": "/subscriptions/61953354-5115-4340-bf80-f4ccd1cb213e/resourceGroups/csmrg1104/providers/Microsoft.Network/virtualnetworks/azsmnet531?api-version=2015-05-01-preview",
      "EncodedRequestUri": "L3N1YnNjcmlwdGlvbnMvNjE5NTMzNTQtNTExNS00MzQwLWJmODAtZjRjY2QxY2IyMTNlL3Jlc291cmNlR3JvdXBzL2NzbXJnMTEwNC9wcm92aWRlcnMvTWljcm9zb2Z0Lk5ldHdvcmsvdmlydHVhbG5ldHdvcmtzL2F6c21uZXQ1MzE/YXBpLXZlcnNpb249MjAxNS0wNS0wMS1wcmV2aWV3",
      "RequestMethod": "PUT",
      "RequestBody": "{\r\n  \"location\": \"West Europe\",\r\n  \"properties\": {\r\n    \"addressSpace\": {\r\n      \"addressPrefixes\": [\r\n        \"10.0.0.0/16\"\r\n      ]\r\n    },\r\n    \"dhcpOptions\": {\r\n      \"dnsServers\": [\r\n        \"10.1.1.1\",\r\n        \"10.1.2.4\"\r\n      ]\r\n    },\r\n    \"subnets\": [\r\n      {\r\n        \"name\": \"GatewaySubnet\",\r\n        \"properties\": {\r\n          \"addressPrefix\": \"10.0.0.0/24\"\r\n        }\r\n      }\r\n    ]\r\n  }\r\n}",
      "RequestHeaders": {
        "Content-Type": [
          "application/json; charset=utf-8"
        ],
        "Content-Length": [
          "407"
        ],
        "User-Agent": [
          "Microsoft.Azure.Management.Network.NetworkResourceProviderClient/2.0.0.0"
        ]
      },
      "ResponseBody": "{\r\n  \"name\": \"azsmnet531\",\r\n  \"id\": \"/subscriptions/61953354-5115-4340-bf80-f4ccd1cb213e/resourceGroups/csmrg1104/providers/Microsoft.Network/virtualNetworks/azsmnet531\",\r\n  \"etag\": \"W/\\\"69431350-e1f5-4f58-b099-ec69e4f795ae\\\"\",\r\n  \"properties\": {\r\n    \"provisioningState\": \"Updating\",\r\n    \"addressSpace\": {\r\n      \"addressPrefixes\": [\r\n        \"10.0.0.0/16\"\r\n      ]\r\n    },\r\n    \"dhcpOptions\": {\r\n      \"dnsServers\": [\r\n        \"10.1.1.1\",\r\n        \"10.1.2.4\"\r\n      ]\r\n    },\r\n    \"subnets\": [\r\n      {\r\n        \"name\": \"GatewaySubnet\",\r\n        \"id\": \"/subscriptions/61953354-5115-4340-bf80-f4ccd1cb213e/resourceGroups/csmrg1104/providers/Microsoft.Network/virtualNetworks/azsmnet531/subnets/GatewaySubnet\",\r\n        \"etag\": \"W/\\\"69431350-e1f5-4f58-b099-ec69e4f795ae\\\"\",\r\n        \"properties\": {\r\n          \"provisioningState\": \"Updating\",\r\n          \"addressPrefix\": \"10.0.0.0/24\"\r\n        }\r\n      }\r\n    ]\r\n  },\r\n  \"location\": \"westeurope\"\r\n}",
      "ResponseHeaders": {
        "Content-Length": [
          "949"
        ],
        "Content-Type": [
          "application/json; charset=utf-8"
        ],
        "Expires": [
          "-1"
        ],
        "Pragma": [
          "no-cache"
        ],
        "Retry-After": [
          "10"
        ],
        "x-ms-request-id": [
          "1a8929d6-c36f-4add-ad02-a200a6630654"
        ],
        "Azure-AsyncOperation": [
          "https://api-dogfood.resources.windows-int.net/subscriptions/61953354-5115-4340-bf80-f4ccd1cb213e/providers/Microsoft.Network/locations/nrp7/operations/1a8929d6-c36f-4add-ad02-a200a6630654?api-version=2015-05-01-preview"
        ],
        "Strict-Transport-Security": [
          "max-age=31536000; includeSubDomains"
        ],
        "Cache-Control": [
          "no-cache"
        ],
        "Server": [
          "Microsoft-HTTPAPI/2.0",
          "Microsoft-HTTPAPI/2.0"
        ],
        "x-ms-ratelimit-remaining-subscription-writes": [
          "1193"
        ],
        "x-ms-correlation-request-id": [
          "e2148c94-e0d0-4961-8f5e-de18969d0c00"
        ],
        "x-ms-routing-request-id": [
          "CENTRALUS:20150626T223544Z:e2148c94-e0d0-4961-8f5e-de18969d0c00"
        ],
        "Date": [
          "Fri, 26 Jun 2015 22:35:44 GMT"
        ]
      },
      "StatusCode": 201
    },
    {
      "RequestUri": "/subscriptions/61953354-5115-4340-bf80-f4ccd1cb213e/providers/Microsoft.Network/locations/nrp7/operations/1a8929d6-c36f-4add-ad02-a200a6630654?api-version=2015-05-01-preview",
      "EncodedRequestUri": "L3N1YnNjcmlwdGlvbnMvNjE5NTMzNTQtNTExNS00MzQwLWJmODAtZjRjY2QxY2IyMTNlL3Byb3ZpZGVycy9NaWNyb3NvZnQuTmV0d29yay9sb2NhdGlvbnMvbnJwNy9vcGVyYXRpb25zLzFhODkyOWQ2LWMzNmYtNGFkZC1hZDAyLWEyMDBhNjYzMDY1ND9hcGktdmVyc2lvbj0yMDE1LTA1LTAxLXByZXZpZXc=",
      "RequestMethod": "GET",
      "RequestBody": "",
      "RequestHeaders": {
        "User-Agent": [
          "Microsoft.Azure.Management.Network.NetworkResourceProviderClient/2.0.0.0"
        ]
      },
      "ResponseBody": "{\r\n  \"status\": \"Succeeded\"\r\n}",
      "ResponseHeaders": {
        "Content-Length": [
          "29"
        ],
        "Content-Type": [
          "application/json; charset=utf-8"
        ],
        "Expires": [
          "-1"
        ],
        "Pragma": [
          "no-cache"
        ],
        "x-ms-request-id": [
          "c753e97e-cf0c-4876-be49-0f874919acba"
        ],
        "Strict-Transport-Security": [
          "max-age=31536000; includeSubDomains"
        ],
        "Cache-Control": [
          "no-cache"
        ],
        "Server": [
          "Microsoft-HTTPAPI/2.0",
          "Microsoft-HTTPAPI/2.0"
        ],
        "x-ms-ratelimit-remaining-subscription-reads": [
          "14986"
        ],
        "x-ms-correlation-request-id": [
          "b8b1b5a8-954b-482d-be38-a4fe0e2efc80"
        ],
        "x-ms-routing-request-id": [
          "CENTRALUS:20150626T223544Z:b8b1b5a8-954b-482d-be38-a4fe0e2efc80"
        ],
        "Date": [
          "Fri, 26 Jun 2015 22:35:44 GMT"
        ]
      },
      "StatusCode": 200
    },
    {
      "RequestUri": "/subscriptions/61953354-5115-4340-bf80-f4ccd1cb213e/providers/Microsoft.Network/locations/nrp7/operations/1a8929d6-c36f-4add-ad02-a200a6630654?api-version=2015-05-01-preview",
      "EncodedRequestUri": "L3N1YnNjcmlwdGlvbnMvNjE5NTMzNTQtNTExNS00MzQwLWJmODAtZjRjY2QxY2IyMTNlL3Byb3ZpZGVycy9NaWNyb3NvZnQuTmV0d29yay9sb2NhdGlvbnMvbnJwNy9vcGVyYXRpb25zLzFhODkyOWQ2LWMzNmYtNGFkZC1hZDAyLWEyMDBhNjYzMDY1ND9hcGktdmVyc2lvbj0yMDE1LTA1LTAxLXByZXZpZXc=",
      "RequestMethod": "GET",
      "RequestBody": "",
      "RequestHeaders": {
        "User-Agent": [
          "Microsoft.Azure.Management.Network.NetworkResourceProviderClient/2.0.0.0"
        ]
      },
      "ResponseBody": "{\r\n  \"status\": \"Succeeded\"\r\n}",
      "ResponseHeaders": {
        "Content-Length": [
          "29"
        ],
        "Content-Type": [
          "application/json; charset=utf-8"
        ],
        "Expires": [
          "-1"
        ],
        "Pragma": [
          "no-cache"
        ],
        "x-ms-request-id": [
          "c753e97e-cf0c-4876-be49-0f874919acba"
        ],
        "Strict-Transport-Security": [
          "max-age=31536000; includeSubDomains"
        ],
        "Cache-Control": [
          "no-cache"
        ],
        "Server": [
          "Microsoft-HTTPAPI/2.0",
          "Microsoft-HTTPAPI/2.0"
        ],
        "x-ms-ratelimit-remaining-subscription-reads": [
          "14986"
        ],
        "x-ms-correlation-request-id": [
          "b8b1b5a8-954b-482d-be38-a4fe0e2efc80"
        ],
        "x-ms-routing-request-id": [
          "CENTRALUS:20150626T223544Z:b8b1b5a8-954b-482d-be38-a4fe0e2efc80"
        ],
        "Date": [
          "Fri, 26 Jun 2015 22:35:44 GMT"
        ]
      },
      "StatusCode": 200
    },
    {
      "RequestUri": "/subscriptions/61953354-5115-4340-bf80-f4ccd1cb213e/resourceGroups/csmrg1104/providers/Microsoft.Network/virtualnetworks/azsmnet531?api-version=2015-05-01-preview",
      "EncodedRequestUri": "L3N1YnNjcmlwdGlvbnMvNjE5NTMzNTQtNTExNS00MzQwLWJmODAtZjRjY2QxY2IyMTNlL3Jlc291cmNlR3JvdXBzL2NzbXJnMTEwNC9wcm92aWRlcnMvTWljcm9zb2Z0Lk5ldHdvcmsvdmlydHVhbG5ldHdvcmtzL2F6c21uZXQ1MzE/YXBpLXZlcnNpb249MjAxNS0wNS0wMS1wcmV2aWV3",
      "RequestMethod": "GET",
      "RequestBody": "",
      "RequestHeaders": {
        "User-Agent": [
          "Microsoft.Azure.Management.Network.NetworkResourceProviderClient/2.0.0.0"
        ]
      },
      "ResponseBody": "{\r\n  \"name\": \"azsmnet531\",\r\n  \"id\": \"/subscriptions/61953354-5115-4340-bf80-f4ccd1cb213e/resourceGroups/csmrg1104/providers/Microsoft.Network/virtualNetworks/azsmnet531\",\r\n  \"etag\": \"W/\\\"3d4ae352-ee47-4423-b489-c36631d967a2\\\"\",\r\n  \"properties\": {\r\n    \"provisioningState\": \"Succeeded\",\r\n    \"addressSpace\": {\r\n      \"addressPrefixes\": [\r\n        \"10.0.0.0/16\"\r\n      ]\r\n    },\r\n    \"dhcpOptions\": {\r\n      \"dnsServers\": [\r\n        \"10.1.1.1\",\r\n        \"10.1.2.4\"\r\n      ]\r\n    },\r\n    \"subnets\": [\r\n      {\r\n        \"name\": \"GatewaySubnet\",\r\n        \"id\": \"/subscriptions/61953354-5115-4340-bf80-f4ccd1cb213e/resourceGroups/csmrg1104/providers/Microsoft.Network/virtualNetworks/azsmnet531/subnets/GatewaySubnet\",\r\n        \"etag\": \"W/\\\"3d4ae352-ee47-4423-b489-c36631d967a2\\\"\",\r\n        \"properties\": {\r\n          \"provisioningState\": \"Succeeded\",\r\n          \"addressPrefix\": \"10.0.0.0/24\"\r\n        }\r\n      }\r\n    ]\r\n  },\r\n  \"location\": \"westeurope\"\r\n}",
      "ResponseHeaders": {
        "Content-Length": [
          "951"
        ],
        "Content-Type": [
          "application/json; charset=utf-8"
        ],
        "Expires": [
          "-1"
        ],
        "Pragma": [
          "no-cache"
        ],
        "x-ms-request-id": [
          "2cf720cb-1a35-4c50-b0ab-a97fe4c5051b"
        ],
        "Strict-Transport-Security": [
          "max-age=31536000; includeSubDomains"
        ],
        "Cache-Control": [
          "no-cache"
        ],
        "ETag": [
          "W/\"3d4ae352-ee47-4423-b489-c36631d967a2\""
        ],
        "Server": [
          "Microsoft-HTTPAPI/2.0",
          "Microsoft-HTTPAPI/2.0"
        ],
        "x-ms-ratelimit-remaining-subscription-reads": [
          "14985"
        ],
        "x-ms-correlation-request-id": [
          "22647752-7f3c-4653-ad8e-82e223788028"
        ],
        "x-ms-routing-request-id": [
          "CENTRALUS:20150626T223545Z:22647752-7f3c-4653-ad8e-82e223788028"
        ],
        "Date": [
          "Fri, 26 Jun 2015 22:35:44 GMT"
        ]
      },
      "StatusCode": 200
    },
    {
      "RequestUri": "/subscriptions/61953354-5115-4340-bf80-f4ccd1cb213e/resourceGroups/csmrg1104/providers/Microsoft.Network/virtualnetworks/azsmnet531?api-version=2015-05-01-preview",
      "EncodedRequestUri": "L3N1YnNjcmlwdGlvbnMvNjE5NTMzNTQtNTExNS00MzQwLWJmODAtZjRjY2QxY2IyMTNlL3Jlc291cmNlR3JvdXBzL2NzbXJnMTEwNC9wcm92aWRlcnMvTWljcm9zb2Z0Lk5ldHdvcmsvdmlydHVhbG5ldHdvcmtzL2F6c21uZXQ1MzE/YXBpLXZlcnNpb249MjAxNS0wNS0wMS1wcmV2aWV3",
      "RequestMethod": "GET",
      "RequestBody": "",
      "RequestHeaders": {
        "User-Agent": [
          "Microsoft.Azure.Management.Network.NetworkResourceProviderClient/2.0.0.0"
        ]
      },
      "ResponseBody": "{\r\n  \"name\": \"azsmnet531\",\r\n  \"id\": \"/subscriptions/61953354-5115-4340-bf80-f4ccd1cb213e/resourceGroups/csmrg1104/providers/Microsoft.Network/virtualNetworks/azsmnet531\",\r\n  \"etag\": \"W/\\\"3d4ae352-ee47-4423-b489-c36631d967a2\\\"\",\r\n  \"properties\": {\r\n    \"provisioningState\": \"Succeeded\",\r\n    \"addressSpace\": {\r\n      \"addressPrefixes\": [\r\n        \"10.0.0.0/16\"\r\n      ]\r\n    },\r\n    \"dhcpOptions\": {\r\n      \"dnsServers\": [\r\n        \"10.1.1.1\",\r\n        \"10.1.2.4\"\r\n      ]\r\n    },\r\n    \"subnets\": [\r\n      {\r\n        \"name\": \"GatewaySubnet\",\r\n        \"id\": \"/subscriptions/61953354-5115-4340-bf80-f4ccd1cb213e/resourceGroups/csmrg1104/providers/Microsoft.Network/virtualNetworks/azsmnet531/subnets/GatewaySubnet\",\r\n        \"etag\": \"W/\\\"3d4ae352-ee47-4423-b489-c36631d967a2\\\"\",\r\n        \"properties\": {\r\n          \"provisioningState\": \"Succeeded\",\r\n          \"addressPrefix\": \"10.0.0.0/24\"\r\n        }\r\n      }\r\n    ]\r\n  },\r\n  \"location\": \"westeurope\"\r\n}",
      "ResponseHeaders": {
        "Content-Length": [
          "951"
        ],
        "Content-Type": [
          "application/json; charset=utf-8"
        ],
        "Expires": [
          "-1"
        ],
        "Pragma": [
          "no-cache"
        ],
        "x-ms-request-id": [
          "2cf720cb-1a35-4c50-b0ab-a97fe4c5051b"
        ],
        "Strict-Transport-Security": [
          "max-age=31536000; includeSubDomains"
        ],
        "Cache-Control": [
          "no-cache"
        ],
        "ETag": [
          "W/\"3d4ae352-ee47-4423-b489-c36631d967a2\""
        ],
        "Server": [
          "Microsoft-HTTPAPI/2.0",
          "Microsoft-HTTPAPI/2.0"
        ],
        "x-ms-ratelimit-remaining-subscription-reads": [
          "14985"
        ],
        "x-ms-correlation-request-id": [
          "22647752-7f3c-4653-ad8e-82e223788028"
        ],
        "x-ms-routing-request-id": [
          "CENTRALUS:20150626T223545Z:22647752-7f3c-4653-ad8e-82e223788028"
        ],
        "Date": [
          "Fri, 26 Jun 2015 22:35:44 GMT"
        ]
      },
      "StatusCode": 200
    },
    {
      "RequestUri": "/subscriptions/61953354-5115-4340-bf80-f4ccd1cb213e/resourceGroups/csmrg1104/providers/Microsoft.Network/virtualnetworks/azsmnet531?api-version=2015-05-01-preview",
      "EncodedRequestUri": "L3N1YnNjcmlwdGlvbnMvNjE5NTMzNTQtNTExNS00MzQwLWJmODAtZjRjY2QxY2IyMTNlL3Jlc291cmNlR3JvdXBzL2NzbXJnMTEwNC9wcm92aWRlcnMvTWljcm9zb2Z0Lk5ldHdvcmsvdmlydHVhbG5ldHdvcmtzL2F6c21uZXQ1MzE/YXBpLXZlcnNpb249MjAxNS0wNS0wMS1wcmV2aWV3",
      "RequestMethod": "GET",
      "RequestBody": "",
      "RequestHeaders": {
        "User-Agent": [
          "Microsoft.Azure.Management.Network.NetworkResourceProviderClient/2.0.0.0"
        ]
      },
      "ResponseBody": "{\r\n  \"name\": \"azsmnet531\",\r\n  \"id\": \"/subscriptions/61953354-5115-4340-bf80-f4ccd1cb213e/resourceGroups/csmrg1104/providers/Microsoft.Network/virtualNetworks/azsmnet531\",\r\n  \"etag\": \"W/\\\"3d4ae352-ee47-4423-b489-c36631d967a2\\\"\",\r\n  \"properties\": {\r\n    \"provisioningState\": \"Succeeded\",\r\n    \"addressSpace\": {\r\n      \"addressPrefixes\": [\r\n        \"10.0.0.0/16\"\r\n      ]\r\n    },\r\n    \"dhcpOptions\": {\r\n      \"dnsServers\": [\r\n        \"10.1.1.1\",\r\n        \"10.1.2.4\"\r\n      ]\r\n    },\r\n    \"subnets\": [\r\n      {\r\n        \"name\": \"GatewaySubnet\",\r\n        \"id\": \"/subscriptions/61953354-5115-4340-bf80-f4ccd1cb213e/resourceGroups/csmrg1104/providers/Microsoft.Network/virtualNetworks/azsmnet531/subnets/GatewaySubnet\",\r\n        \"etag\": \"W/\\\"3d4ae352-ee47-4423-b489-c36631d967a2\\\"\",\r\n        \"properties\": {\r\n          \"provisioningState\": \"Succeeded\",\r\n          \"addressPrefix\": \"10.0.0.0/24\"\r\n        }\r\n      }\r\n    ]\r\n  },\r\n  \"location\": \"westeurope\"\r\n}",
      "ResponseHeaders": {
        "Content-Length": [
          "951"
        ],
        "Content-Type": [
          "application/json; charset=utf-8"
        ],
        "Expires": [
          "-1"
        ],
        "Pragma": [
          "no-cache"
        ],
        "x-ms-request-id": [
          "aefa11e6-55b8-4fef-9c46-ad21664b8222"
        ],
        "Strict-Transport-Security": [
          "max-age=31536000; includeSubDomains"
        ],
        "Cache-Control": [
          "no-cache"
        ],
        "ETag": [
          "W/\"3d4ae352-ee47-4423-b489-c36631d967a2\""
        ],
        "Server": [
          "Microsoft-HTTPAPI/2.0",
          "Microsoft-HTTPAPI/2.0"
        ],
        "x-ms-ratelimit-remaining-subscription-reads": [
          "14984"
        ],
        "x-ms-correlation-request-id": [
          "65b43516-fd7c-4618-a44a-b0c5f2834fab"
        ],
        "x-ms-routing-request-id": [
          "CENTRALUS:20150626T223545Z:65b43516-fd7c-4618-a44a-b0c5f2834fab"
        ],
        "Date": [
          "Fri, 26 Jun 2015 22:35:44 GMT"
        ]
      },
      "StatusCode": 200
    },
    {
      "RequestUri": "/subscriptions/61953354-5115-4340-bf80-f4ccd1cb213e/resourceGroups/csmrg1104/providers/Microsoft.Network/virtualnetworks/azsmnet531?api-version=2015-05-01-preview",
      "EncodedRequestUri": "L3N1YnNjcmlwdGlvbnMvNjE5NTMzNTQtNTExNS00MzQwLWJmODAtZjRjY2QxY2IyMTNlL3Jlc291cmNlR3JvdXBzL2NzbXJnMTEwNC9wcm92aWRlcnMvTWljcm9zb2Z0Lk5ldHdvcmsvdmlydHVhbG5ldHdvcmtzL2F6c21uZXQ1MzE/YXBpLXZlcnNpb249MjAxNS0wNS0wMS1wcmV2aWV3",
      "RequestMethod": "GET",
      "RequestBody": "",
      "RequestHeaders": {
        "User-Agent": [
          "Microsoft.Azure.Management.Network.NetworkResourceProviderClient/2.0.0.0"
        ]
      },
      "ResponseBody": "{\r\n  \"name\": \"azsmnet531\",\r\n  \"id\": \"/subscriptions/61953354-5115-4340-bf80-f4ccd1cb213e/resourceGroups/csmrg1104/providers/Microsoft.Network/virtualNetworks/azsmnet531\",\r\n  \"etag\": \"W/\\\"3d4ae352-ee47-4423-b489-c36631d967a2\\\"\",\r\n  \"properties\": {\r\n    \"provisioningState\": \"Succeeded\",\r\n    \"addressSpace\": {\r\n      \"addressPrefixes\": [\r\n        \"10.0.0.0/16\"\r\n      ]\r\n    },\r\n    \"dhcpOptions\": {\r\n      \"dnsServers\": [\r\n        \"10.1.1.1\",\r\n        \"10.1.2.4\"\r\n      ]\r\n    },\r\n    \"subnets\": [\r\n      {\r\n        \"name\": \"GatewaySubnet\",\r\n        \"id\": \"/subscriptions/61953354-5115-4340-bf80-f4ccd1cb213e/resourceGroups/csmrg1104/providers/Microsoft.Network/virtualNetworks/azsmnet531/subnets/GatewaySubnet\",\r\n        \"etag\": \"W/\\\"3d4ae352-ee47-4423-b489-c36631d967a2\\\"\",\r\n        \"properties\": {\r\n          \"provisioningState\": \"Succeeded\",\r\n          \"addressPrefix\": \"10.0.0.0/24\"\r\n        }\r\n      }\r\n    ]\r\n  },\r\n  \"location\": \"westeurope\"\r\n}",
      "ResponseHeaders": {
        "Content-Length": [
          "951"
        ],
        "Content-Type": [
          "application/json; charset=utf-8"
        ],
        "Expires": [
          "-1"
        ],
        "Pragma": [
          "no-cache"
        ],
        "x-ms-request-id": [
          "aefa11e6-55b8-4fef-9c46-ad21664b8222"
        ],
        "Strict-Transport-Security": [
          "max-age=31536000; includeSubDomains"
        ],
        "Cache-Control": [
          "no-cache"
        ],
        "ETag": [
          "W/\"3d4ae352-ee47-4423-b489-c36631d967a2\""
        ],
        "Server": [
          "Microsoft-HTTPAPI/2.0",
          "Microsoft-HTTPAPI/2.0"
        ],
        "x-ms-ratelimit-remaining-subscription-reads": [
          "14984"
        ],
        "x-ms-correlation-request-id": [
          "65b43516-fd7c-4618-a44a-b0c5f2834fab"
        ],
        "x-ms-routing-request-id": [
          "CENTRALUS:20150626T223545Z:65b43516-fd7c-4618-a44a-b0c5f2834fab"
        ],
        "Date": [
          "Fri, 26 Jun 2015 22:35:44 GMT"
        ]
      },
      "StatusCode": 200
    },
    {
      "RequestUri": "/subscriptions/61953354-5115-4340-bf80-f4ccd1cb213e/resourceGroups/csmrg1104/providers/Microsoft.Network/virtualnetworks/azsmnet531/subnets/GatewaySubnet?api-version=2015-05-01-preview",
      "EncodedRequestUri": "L3N1YnNjcmlwdGlvbnMvNjE5NTMzNTQtNTExNS00MzQwLWJmODAtZjRjY2QxY2IyMTNlL3Jlc291cmNlR3JvdXBzL2NzbXJnMTEwNC9wcm92aWRlcnMvTWljcm9zb2Z0Lk5ldHdvcmsvdmlydHVhbG5ldHdvcmtzL2F6c21uZXQ1MzEvc3VibmV0cy9HYXRld2F5U3VibmV0P2FwaS12ZXJzaW9uPTIwMTUtMDUtMDEtcHJldmlldw==",
      "RequestMethod": "GET",
      "RequestBody": "",
      "RequestHeaders": {
        "User-Agent": [
          "Microsoft.Azure.Management.Network.NetworkResourceProviderClient/2.0.0.0"
        ]
      },
      "ResponseBody": "{\r\n  \"name\": \"GatewaySubnet\",\r\n  \"id\": \"/subscriptions/61953354-5115-4340-bf80-f4ccd1cb213e/resourceGroups/csmrg1104/providers/Microsoft.Network/virtualNetworks/azsmnet531/subnets/GatewaySubnet\",\r\n  \"etag\": \"W/\\\"3d4ae352-ee47-4423-b489-c36631d967a2\\\"\",\r\n  \"properties\": {\r\n    \"provisioningState\": \"Succeeded\",\r\n    \"addressPrefix\": \"10.0.0.0/24\"\r\n  }\r\n}",
      "ResponseHeaders": {
        "Content-Length": [
          "354"
        ],
        "Content-Type": [
          "application/json; charset=utf-8"
        ],
        "Expires": [
          "-1"
        ],
        "Pragma": [
          "no-cache"
        ],
        "x-ms-request-id": [
          "789f3183-943a-489b-8e4b-56a7d602ebed"
        ],
        "Strict-Transport-Security": [
          "max-age=31536000; includeSubDomains"
        ],
        "Cache-Control": [
          "no-cache"
        ],
        "ETag": [
          "W/\"3d4ae352-ee47-4423-b489-c36631d967a2\""
        ],
        "Server": [
          "Microsoft-HTTPAPI/2.0",
          "Microsoft-HTTPAPI/2.0"
        ],
        "x-ms-ratelimit-remaining-subscription-reads": [
          "14983"
        ],
        "x-ms-correlation-request-id": [
          "a65f4362-83f7-45dd-9eb8-e53a8159d39f"
        ],
        "x-ms-routing-request-id": [
          "CENTRALUS:20150626T223545Z:a65f4362-83f7-45dd-9eb8-e53a8159d39f"
        ],
        "Date": [
          "Fri, 26 Jun 2015 22:35:44 GMT"
        ]
      },
      "StatusCode": 200
    },
    {
      "RequestUri": "/subscriptions/61953354-5115-4340-bf80-f4ccd1cb213e/resourceGroups/csmrg1104/providers/Microsoft.Network/virtualnetworks/azsmnet531/subnets/GatewaySubnet?api-version=2015-05-01-preview",
      "EncodedRequestUri": "L3N1YnNjcmlwdGlvbnMvNjE5NTMzNTQtNTExNS00MzQwLWJmODAtZjRjY2QxY2IyMTNlL3Jlc291cmNlR3JvdXBzL2NzbXJnMTEwNC9wcm92aWRlcnMvTWljcm9zb2Z0Lk5ldHdvcmsvdmlydHVhbG5ldHdvcmtzL2F6c21uZXQ1MzEvc3VibmV0cy9HYXRld2F5U3VibmV0P2FwaS12ZXJzaW9uPTIwMTUtMDUtMDEtcHJldmlldw==",
      "RequestMethod": "GET",
      "RequestBody": "",
      "RequestHeaders": {
        "User-Agent": [
          "Microsoft.Azure.Management.Network.NetworkResourceProviderClient/2.0.0.0"
        ]
      },
      "ResponseBody": "{\r\n  \"name\": \"GatewaySubnet\",\r\n  \"id\": \"/subscriptions/61953354-5115-4340-bf80-f4ccd1cb213e/resourceGroups/csmrg1104/providers/Microsoft.Network/virtualNetworks/azsmnet531/subnets/GatewaySubnet\",\r\n  \"etag\": \"W/\\\"3d4ae352-ee47-4423-b489-c36631d967a2\\\"\",\r\n  \"properties\": {\r\n    \"provisioningState\": \"Succeeded\",\r\n    \"addressPrefix\": \"10.0.0.0/24\"\r\n  }\r\n}",
      "ResponseHeaders": {
        "Content-Length": [
          "354"
        ],
        "Content-Type": [
          "application/json; charset=utf-8"
        ],
        "Expires": [
          "-1"
        ],
        "Pragma": [
          "no-cache"
        ],
        "x-ms-request-id": [
          "789f3183-943a-489b-8e4b-56a7d602ebed"
        ],
        "Strict-Transport-Security": [
          "max-age=31536000; includeSubDomains"
        ],
        "Cache-Control": [
          "no-cache"
        ],
        "ETag": [
          "W/\"3d4ae352-ee47-4423-b489-c36631d967a2\""
        ],
        "Server": [
          "Microsoft-HTTPAPI/2.0",
          "Microsoft-HTTPAPI/2.0"
        ],
        "x-ms-ratelimit-remaining-subscription-reads": [
          "14983"
        ],
        "x-ms-correlation-request-id": [
          "a65f4362-83f7-45dd-9eb8-e53a8159d39f"
        ],
        "x-ms-routing-request-id": [
          "CENTRALUS:20150626T223545Z:a65f4362-83f7-45dd-9eb8-e53a8159d39f"
        ],
        "Date": [
          "Fri, 26 Jun 2015 22:35:44 GMT"
        ]
      },
      "StatusCode": 200
    },
    {
      "RequestUri": "/subscriptions/61953354-5115-4340-bf80-f4ccd1cb213e/resourceGroups/csmrg1104/providers/Microsoft.Network/virtualnetworkgateways/azsmnet4173?api-version=2015-05-01-preview",
      "EncodedRequestUri": "L3N1YnNjcmlwdGlvbnMvNjE5NTMzNTQtNTExNS00MzQwLWJmODAtZjRjY2QxY2IyMTNlL3Jlc291cmNlR3JvdXBzL2NzbXJnMTEwNC9wcm92aWRlcnMvTWljcm9zb2Z0Lk5ldHdvcmsvdmlydHVhbG5ldHdvcmtnYXRld2F5cy9henNtbmV0NDE3Mz9hcGktdmVyc2lvbj0yMDE1LTA1LTAxLXByZXZpZXc=",
      "RequestMethod": "PUT",
      "RequestBody": "{\r\n  \"location\": \"West Europe\",\r\n  \"tags\": {\r\n    \"key\": \"value\"\r\n  },\r\n  \"properties\": {\r\n    \"ipConfigurations\": [\r\n      {\r\n        \"name\": \"azsmnet3332\",\r\n        \"properties\": {\r\n          \"privateIPAllocationMethod\": \"Dynamic\",\r\n          \"subnet\": {\r\n            \"id\": \"/subscriptions/61953354-5115-4340-bf80-f4ccd1cb213e/resourceGroups/csmrg1104/providers/Microsoft.Network/virtualNetworks/azsmnet531/subnets/GatewaySubnet\"\r\n          },\r\n          \"publicIPAddress\": {\r\n            \"id\": \"/subscriptions/61953354-5115-4340-bf80-f4ccd1cb213e/resourceGroups/csmrg1104/providers/Microsoft.Network/publicIPAddresses/azsmnet4001\"\r\n          }\r\n        }\r\n      }\r\n    ],\r\n    \"gatewaySize\": \"Default\",\r\n    \"gatewayType\": \"DynamicRouting\",\r\n    \"enableBgp\": false\r\n  }\r\n}",
      "RequestHeaders": {
        "Content-Type": [
          "application/json; charset=utf-8"
        ],
        "Content-Length": [
          "775"
        ],
        "User-Agent": [
          "Microsoft.Azure.Management.Network.NetworkResourceProviderClient/2.0.0.0"
        ]
      },
      "ResponseBody": "{\r\n  \"error\": {\r\n    \"code\": \"InvalidRequestFormat\",\r\n    \"message\": \"Cannot parse the request.\",\r\n    \"details\": [\r\n      {\r\n        \"code\": \"InvalidJson\",\r\n        \"message\": \"Error converting value \\\"DynamicRouting\\\" to type 'Microsoft.WindowsAzure.Networking.Nrp.Frontend.Contract.Csm.Public.VirtualNetworkGatewayType'. Path 'properties.gatewayType', line 22, position 36.\"\r\n      }\r\n    ],\r\n    \"innerError\": \"Microsoft.WindowsAzure.Networking.Nrp.Frontend.Common.ValidationException: Cannot parse the request.\"\r\n  }\r\n}",
      "ResponseHeaders": {
        "Content-Length": [
          "524"
        ],
        "Content-Type": [
          "application/json; charset=utf-8"
        ],
        "Expires": [
          "-1"
        ],
        "Pragma": [
          "no-cache"
        ],
        "x-ms-request-id": [
          "db2568d2-9bbf-4ec5-9711-fe3458b72392"
        ],
        "Strict-Transport-Security": [
          "max-age=31536000; includeSubDomains"
        ],
        "Cache-Control": [
          "no-cache"
        ],
        "Server": [
          "Microsoft-HTTPAPI/2.0",
          "Microsoft-HTTPAPI/2.0"
        ],
        "x-ms-ratelimit-remaining-subscription-writes": [
          "1192"
        ],
        "x-ms-correlation-request-id": [
          "ee53ef26-e4a9-4305-802b-33af684fd436"
        ],
        "x-ms-routing-request-id": [
          "CENTRALUS:20150626T223547Z:ee53ef26-e4a9-4305-802b-33af684fd436"
        ],
        "Date": [
          "Fri, 26 Jun 2015 22:35:46 GMT"
        ]
      },
      "StatusCode": 400
    },
    {
      "RequestUri": "/subscriptions/61953354-5115-4340-bf80-f4ccd1cb213e/resourceGroups/csmrg1104/providers/Microsoft.Network/virtualnetworkgateways/azsmnet4173?api-version=2015-05-01-preview",
      "EncodedRequestUri": "L3N1YnNjcmlwdGlvbnMvNjE5NTMzNTQtNTExNS00MzQwLWJmODAtZjRjY2QxY2IyMTNlL3Jlc291cmNlR3JvdXBzL2NzbXJnMTEwNC9wcm92aWRlcnMvTWljcm9zb2Z0Lk5ldHdvcmsvdmlydHVhbG5ldHdvcmtnYXRld2F5cy9henNtbmV0NDE3Mz9hcGktdmVyc2lvbj0yMDE1LTA1LTAxLXByZXZpZXc=",
      "RequestMethod": "PUT",
      "RequestBody": "{\r\n  \"location\": \"West Europe\",\r\n  \"tags\": {\r\n    \"key\": \"value\"\r\n  },\r\n  \"properties\": {\r\n    \"ipConfigurations\": [\r\n      {\r\n        \"name\": \"azsmnet3332\",\r\n        \"properties\": {\r\n          \"privateIPAllocationMethod\": \"Dynamic\",\r\n          \"subnet\": {\r\n            \"id\": \"/subscriptions/61953354-5115-4340-bf80-f4ccd1cb213e/resourceGroups/csmrg1104/providers/Microsoft.Network/virtualNetworks/azsmnet531/subnets/GatewaySubnet\"\r\n          },\r\n          \"publicIPAddress\": {\r\n            \"id\": \"/subscriptions/61953354-5115-4340-bf80-f4ccd1cb213e/resourceGroups/csmrg1104/providers/Microsoft.Network/publicIPAddresses/azsmnet4001\"\r\n          }\r\n        }\r\n      }\r\n    ],\r\n    \"gatewaySize\": \"Default\",\r\n    \"gatewayType\": \"DynamicRouting\",\r\n    \"enableBgp\": false\r\n  }\r\n}",
      "RequestHeaders": {
        "Content-Type": [
          "application/json; charset=utf-8"
        ],
        "Content-Length": [
          "775"
        ],
        "User-Agent": [
          "Microsoft.Azure.Management.Network.NetworkResourceProviderClient/2.0.0.0"
        ]
      },
      "ResponseBody": "{\r\n  \"error\": {\r\n    \"code\": \"InvalidRequestFormat\",\r\n    \"message\": \"Cannot parse the request.\",\r\n    \"details\": [\r\n      {\r\n        \"code\": \"InvalidJson\",\r\n        \"message\": \"Error converting value \\\"DynamicRouting\\\" to type 'Microsoft.WindowsAzure.Networking.Nrp.Frontend.Contract.Csm.Public.VirtualNetworkGatewayType'. Path 'properties.gatewayType', line 22, position 36.\"\r\n      }\r\n    ],\r\n    \"innerError\": \"Microsoft.WindowsAzure.Networking.Nrp.Frontend.Common.ValidationException: Cannot parse the request.\"\r\n  }\r\n}",
      "ResponseHeaders": {
        "Content-Length": [
          "524"
        ],
        "Content-Type": [
          "application/json; charset=utf-8"
        ],
        "Expires": [
          "-1"
        ],
        "Pragma": [
          "no-cache"
        ],
        "x-ms-request-id": [
          "db2568d2-9bbf-4ec5-9711-fe3458b72392"
        ],
        "Strict-Transport-Security": [
          "max-age=31536000; includeSubDomains"
        ],
        "Cache-Control": [
          "no-cache"
        ],
        "Server": [
          "Microsoft-HTTPAPI/2.0",
          "Microsoft-HTTPAPI/2.0"
        ],
        "x-ms-ratelimit-remaining-subscription-writes": [
          "1192"
        ],
        "x-ms-correlation-request-id": [
          "ee53ef26-e4a9-4305-802b-33af684fd436"
        ],
        "x-ms-routing-request-id": [
          "CENTRALUS:20150626T223547Z:ee53ef26-e4a9-4305-802b-33af684fd436"
        ],
        "Date": [
          "Fri, 26 Jun 2015 22:35:46 GMT"
        ]
      },
      "StatusCode": 400
    }
  ],
  "Names": {
    "VirtualNetworkGatewayConnectionOperationsApisTest": [
      "csmrg1104",
      "azsmnet4001",
      "azsmnet352",
      "azsmnet531",
      "azsmnet4173",
      "azsmnet3332"
    ]
  },
  "Variables": {
    "SubscriptionId": "61953354-5115-4340-bf80-f4ccd1cb213e"
  }
}