{
  "Entries": [
    {
      "RequestUri": "http:\u002f\u002fstorageteglazatesting.file.core.windows.net\u002ftest-share-50e7f240-a4a0-9269-2130-9efd360037c2?restype=share",
      "RequestMethod": "PUT",
      "RequestHeaders": {
        "Authorization": "Sanitized",
        "Request-Id": "|cd9d06a9-4ec353129fdd7630.",
        "User-Agent": [
          "azsdk-net-Storage.Files\u002f12.0.0-dev.20190816.1\u002bf7717178bb2ed9e0b85144949d3624f75e24f4a0",
          "(.NET Core 4.6.27817.01; Microsoft Windows 10.0.18362 )"
        ],
        "x-ms-client-request-id": "259b23447d8b0657676f51c14b76e994",
        "x-ms-date": "Sat, 17 Aug 2019 00:16:35 GMT",
        "x-ms-return-client-request-id": "true",
        "x-ms-version": "2019-02-02"
      },
      "RequestBody": null,
      "StatusCode": 201,
      "ResponseHeaders": {
        "Content-Length": "0",
        "Date": "Sat, 17 Aug 2019 00:16:34 GMT",
        "ETag": "\u00220x8D722A82A213A71\u0022",
        "Last-Modified": "Sat, 17 Aug 2019 00:16:35 GMT",
        "Server": [
          "Windows-Azure-File\u002f1.0",
          "Microsoft-HTTPAPI\u002f2.0"
        ],
        "x-ms-client-request-id": "259b23447d8b0657676f51c14b76e994",
        "x-ms-request-id": "e5fc8e48-701a-002b-7e91-54cdc2000000",
        "x-ms-version": "2019-02-02"
      },
      "ResponseBody": []
    },
    {
      "RequestUri": "http:\u002f\u002fstorageteglazatesting.file.core.windows.net\u002ftest-share-50e7f240-a4a0-9269-2130-9efd360037c2?restype=share",
      "RequestMethod": "DELETE",
      "RequestHeaders": {
        "Authorization": "Sanitized",
        "Request-Id": "|cd9d06aa-4ec353129fdd7630.",
        "User-Agent": [
          "azsdk-net-Storage.Files\u002f12.0.0-dev.20190816.1\u002bf7717178bb2ed9e0b85144949d3624f75e24f4a0",
          "(.NET Core 4.6.27817.01; Microsoft Windows 10.0.18362 )"
        ],
        "x-ms-client-request-id": "16cfec9e6f68e5e52808aef19876eb64",
        "x-ms-date": "Sat, 17 Aug 2019 00:16:35 GMT",
        "x-ms-return-client-request-id": "true",
        "x-ms-version": "2019-02-02"
      },
      "RequestBody": null,
      "StatusCode": 202,
      "ResponseHeaders": {
        "Content-Length": "0",
        "Date": "Sat, 17 Aug 2019 00:16:34 GMT",
        "Server": [
          "Windows-Azure-File\u002f1.0",
          "Microsoft-HTTPAPI\u002f2.0"
        ],
        "x-ms-client-request-id": "16cfec9e6f68e5e52808aef19876eb64",
        "x-ms-request-id": "e5fc8e4a-701a-002b-7f91-54cdc2000000",
        "x-ms-version": "2019-02-02"
      },
      "ResponseBody": []
    },
    {
      "RequestUri": "http:\u002f\u002fstorageteglazatesting.file.core.windows.net\u002ftest-share-50e7f240-a4a0-9269-2130-9efd360037c2?restype=share",
      "RequestMethod": "GET",
      "RequestHeaders": {
        "Authorization": "Sanitized",
        "Request-Id": "|cd9d06ab-4ec353129fdd7630.",
        "User-Agent": [
          "azsdk-net-Storage.Files\u002f12.0.0-dev.20190816.1\u002bf7717178bb2ed9e0b85144949d3624f75e24f4a0",
          "(.NET Core 4.6.27817.01; Microsoft Windows 10.0.18362 )"
        ],
        "x-ms-client-request-id": "47e69249c668c3d99be0e93153a746ab",
        "x-ms-date": "Sat, 17 Aug 2019 00:16:35 GMT",
        "x-ms-return-client-request-id": "true",
        "x-ms-version": "2019-02-02"
      },
      "RequestBody": null,
      "StatusCode": 404,
      "ResponseHeaders": {
        "Access-Control-Allow-Origin": "*",
        "Content-Length": "217",
        "Content-Type": "application\u002fxml",
        "Date": "Sat, 17 Aug 2019 00:16:34 GMT",
        "Server": [
          "Windows-Azure-File\u002f1.0",
          "Microsoft-HTTPAPI\u002f2.0"
        ],
        "x-ms-client-request-id": "47e69249c668c3d99be0e93153a746ab",
        "x-ms-error-code": "ShareNotFound",
        "x-ms-request-id": "e5fc8e4b-701a-002b-8091-54cdc2000000",
        "x-ms-version": "2019-02-02"
      },
      "ResponseBody": [
        "\ufeff\u003c?xml version=\u00221.0\u0022 encoding=\u0022utf-8\u0022?\u003e\u003cError\u003e\u003cCode\u003eShareNotFound\u003c\u002fCode\u003e\u003cMessage\u003eThe specified share does not exist.\n",
        "RequestId:e5fc8e4b-701a-002b-8091-54cdc2000000\n",
        "Time:2019-08-17T00:16:35.3195657Z\u003c\u002fMessage\u003e\u003c\u002fError\u003e"
      ]
    }
  ],
  "Variables": {
    "RandomSeed": "1353490202",
    "Storage_TestConfigDefault": "ProductionTenant\nstorageteglazatesting\nU2FuaXRpemVk\nhttp:\u002f\u002fstorageteglazatesting.blob.core.windows.net\nhttp:\u002f\u002fstorageteglazatesting.file.core.windows.net\nhttp:\u002f\u002fstorageteglazatesting.queue.core.windows.net\nhttp:\u002f\u002fstorageteglazatesting.table.core.windows.net\n\n\n\n\nhttp:\u002f\u002fstorageteglazatesting-secondary.blob.core.windows.net\n\nhttp:\u002f\u002fstorageteglazatesting-secondary.queue.core.windows.net\nhttp:\u002f\u002fstorageteglazatesting-secondary.table.core.windows.net\n\nSanitized\n\n\nCloud\nBlobEndpoint=http:\u002f\u002fstorageteglazatesting.blob.core.windows.net\u002f;QueueEndpoint=http:\u002f\u002fstorageteglazatesting.queue.core.windows.net\u002f;TableEndpoint=http:\u002f\u002fstorageteglazatesting.table.core.windows.net\u002f;FileEndpoint=http:\u002f\u002fstorageteglazatesting.file.core.windows.net\u002f;BlobSecondaryEndpoint=http:\u002f\u002fstorageteglazatesting-secondary.blob.core.windows.net\u002f;QueueSecondaryEndpoint=http:\u002f\u002fstorageteglazatesting-secondary.queue.core.windows.net\u002f;TableSecondaryEndpoint=http:\u002f\u002fstorageteglazatesting-secondary.table.core.windows.net\u002f;AccountName=storageteglazatesting;AccountKey=Sanitized"
  }
}