{
  "Entries": [
    {
      "RequestUri": "http://seanmcccanary3.blob.core.windows.net/test-container-8482b9b5-d411-de44-8b70-47a7b2df183e?restype=container",
      "RequestMethod": "PUT",
      "RequestHeaders": {
        "Accept": "application/xml",
        "Authorization": "Sanitized",
        "traceparent": "00-9c391d6581c10e468df4cbd9813880aa-e73ec5d58ac2074b-00",
        "User-Agent": "azsdk-net-Storage.Blobs/12.11.0-alpha.20211014.1 (.NET Framework 4.8.4300.0; Microsoft Windows 10.0.19043 )",
        "x-ms-blob-public-access": "container",
        "x-ms-client-request-id": "2f0414dd-4cbe-83b7-3076-caa64ad22390",
        "x-ms-date": "Thu, 14 Oct 2021 22:09:10 GMT",
        "x-ms-return-client-request-id": "true",
        "x-ms-version": "2021-04-10"
      },
      "RequestBody": null,
      "StatusCode": 201,
      "ResponseHeaders": {
        "Content-Length": "0",
        "Date": "Thu, 14 Oct 2021 22:09:09 GMT",
        "ETag": "\u00220x8D98F5F3FC9C4A5\u0022",
        "Last-Modified": "Thu, 14 Oct 2021 22:09:10 GMT",
        "Server": "Windows-Azure-Blob/1.0 Microsoft-HTTPAPI/2.0",
        "x-ms-client-request-id": "2f0414dd-4cbe-83b7-3076-caa64ad22390",
        "x-ms-request-id": "ed1b9d81-d01e-008e-7a48-c10c74000000",
        "x-ms-version": "2021-04-10"
      },
      "ResponseBody": []
    },
    {
      "RequestUri": "http://seanmcccanary3.blob.core.windows.net/test-container-8482b9b5-d411-de44-8b70-47a7b2df183e/test-blob-b3ac8bf0-2457-344b-1594-2e339bbbe2ab",
      "RequestMethod": "PUT",
      "RequestHeaders": {
        "Accept": "application/xml",
        "Authorization": "Sanitized",
        "traceparent": "00-75a9be2eebf4c7499888ba499e93a85c-b73e83c921749a4a-00",
        "User-Agent": "azsdk-net-Storage.Blobs/12.11.0-alpha.20211014.1 (.NET Framework 4.8.4300.0; Microsoft Windows 10.0.19043 )",
        "x-ms-blob-type": "AppendBlob",
        "x-ms-client-request-id": "734824dd-c526-edc5-8846-c8ab693e38ce",
        "x-ms-date": "Thu, 14 Oct 2021 22:09:10 GMT",
        "x-ms-return-client-request-id": "true",
        "x-ms-version": "2021-04-10"
      },
      "RequestBody": null,
      "StatusCode": 201,
      "ResponseHeaders": {
        "Content-Length": "0",
        "Date": "Thu, 14 Oct 2021 22:09:09 GMT",
        "ETag": "\u00220x8D98F5F3FECEE39\u0022",
        "Last-Modified": "Thu, 14 Oct 2021 22:09:10 GMT",
        "Server": "Windows-Azure-Blob/1.0 Microsoft-HTTPAPI/2.0",
        "x-ms-client-request-id": "734824dd-c526-edc5-8846-c8ab693e38ce",
        "x-ms-request-id": "ed1b9e29-d01e-008e-1b48-c10c74000000",
        "x-ms-request-server-encrypted": "true",
        "x-ms-version": "2021-04-10",
        "x-ms-version-id": "2021-10-14T22:09:10.6803011Z"
      },
      "ResponseBody": []
    },
    {
      "RequestUri": "http://seanmcccanary3.blob.core.windows.net/test-container-8482b9b5-d411-de44-8b70-47a7b2df183e?restype=container",
      "RequestMethod": "DELETE",
      "RequestHeaders": {
        "Accept": "application/xml",
        "Authorization": "Sanitized",
        "traceparent": "00-ed878b60e0479647823390b7598e8f86-ea3520f1bab9414e-00",
        "User-Agent": "azsdk-net-Storage.Blobs/12.11.0-alpha.20211014.1 (.NET Framework 4.8.4300.0; Microsoft Windows 10.0.19043 )",
        "x-ms-client-request-id": "775582a2-6e73-7985-d615-25e716365e69",
        "x-ms-date": "Thu, 14 Oct 2021 22:09:10 GMT",
        "x-ms-return-client-request-id": "true",
        "x-ms-version": "2021-04-10"
      },
      "RequestBody": null,
      "StatusCode": 202,
      "ResponseHeaders": {
        "Content-Length": "0",
        "Date": "Thu, 14 Oct 2021 22:09:09 GMT",
        "Server": "Windows-Azure-Blob/1.0 Microsoft-HTTPAPI/2.0",
        "x-ms-client-request-id": "775582a2-6e73-7985-d615-25e716365e69",
        "x-ms-request-id": "ed1b9e61-d01e-008e-5148-c10c74000000",
        "x-ms-version": "2021-04-10"
      },
      "ResponseBody": []
    }
  ],
  "Variables": {
    "RandomSeed": "284077237",
    "Storage_TestConfigDefault": "ProductionTenant\nseanmcccanary3\nU2FuaXRpemVk\nhttp://seanmcccanary3.blob.core.windows.net\nhttp://seanmcccanary3.file.core.windows.net\nhttp://seanmcccanary3.queue.core.windows.net\nhttp://seanmcccanary3.table.core.windows.net\n\n\n\n\nhttp://seanmcccanary3-secondary.blob.core.windows.net\nhttp://seanmcccanary3-secondary.file.core.windows.net\nhttp://seanmcccanary3-secondary.queue.core.windows.net\nhttp://seanmcccanary3-secondary.table.core.windows.net\n\nSanitized\n\n\nCloud\nBlobEndpoint=http://seanmcccanary3.blob.core.windows.net/;QueueEndpoint=http://seanmcccanary3.queue.core.windows.net/;FileEndpoint=http://seanmcccanary3.file.core.windows.net/;BlobSecondaryEndpoint=http://seanmcccanary3-secondary.blob.core.windows.net/;QueueSecondaryEndpoint=http://seanmcccanary3-secondary.queue.core.windows.net/;FileSecondaryEndpoint=http://seanmcccanary3-secondary.file.core.windows.net/;AccountName=seanmcccanary3;AccountKey=Kg==;\n[encryption scope]\n\n"
  }
}