{
  "Entries": [
    {
      "RequestUri": "https://management.azure.com/subscriptions/db1ab6f0-4769-4b27-930e-01e2ef9c123c?api-version=2021-01-01",
      "RequestMethod": "GET",
      "RequestHeaders": {
        "Accept": "application/json",
        "Authorization": "Sanitized",
        "Connection": "keep-alive",
        "traceparent": "00-7ca8e2bd5e88894288e004e4aaefae32-f275de99b625e34e-00",
        "User-Agent": "azsdk-net-ResourceManager/1.3.0 (.NET Framework 4.8.4510.0; Microsoft Windows 10.0.22000 )",
        "x-ms-client-request-id": "921eef1845b2a89f453d2a20a13851c4",
        "x-ms-return-client-request-id": "true"
      },
      "RequestBody": null,
      "StatusCode": 200,
      "ResponseHeaders": {
        "Cache-Control": "no-cache",
        "Content-Length": "747",
        "Content-Type": "application/json; charset=utf-8",
        "Date": "Wed, 17 Aug 2022 02:41:35 GMT",
        "Expires": "-1",
        "Pragma": "no-cache",
        "Strict-Transport-Security": "max-age=31536000; includeSubDomains",
        "X-Content-Type-Options": "nosniff",
        "x-ms-correlation-request-id": "0fa702a4-7134-4ad0-b575-0e8f7d925f0c",
        "x-ms-ratelimit-remaining-subscription-reads": "11987",
        "x-ms-request-id": "0fa702a4-7134-4ad0-b575-0e8f7d925f0c",
        "x-ms-routing-request-id": "KOREASOUTH:20220817T024136Z:0fa702a4-7134-4ad0-b575-0e8f7d925f0c"
      },
      "ResponseBody": {
        "id": "/subscriptions/db1ab6f0-4769-4b27-930e-01e2ef9c123c",
        "authorizationSource": "RoleBased",
        "managedByTenants": [],
        "tags": {
          "TagKey-9823": "TagValue-566",
          "TagKey-3481": "TagValue-320",
          "TagKey-4926": "TagValue-1187",
          "TagKey-751": "TagValue-3921",
          "TagKey-1866": "TagValue-8559",
          "TagKey-3094": "TagValue-9190",
          "TagKey-2449": "TagValue-9",
          "TagKey-8379": "TagValue-164",
          "TagKey-7470": "TagValue-2205",
          "TagKey-4236": "TagValue-3698",
          "TagKey-5316": "TagValue-2725"
        },
        "subscriptionId": "db1ab6f0-4769-4b27-930e-01e2ef9c123c",
        "tenantId": "72f988bf-86f1-41af-91ab-2d7cd011db47",
        "displayName": ".NET Mgmt SDK Test with TTL = 1 Day",
        "state": "Enabled",
        "subscriptionPolicies": {
          "locationPlacementId": "Internal_2014-09-01",
          "quotaId": "Internal_2014-09-01",
          "spendingLimit": "Off"
        }
      }
    },
    {
      "RequestUri": "https://management.azure.com/subscriptions/db1ab6f0-4769-4b27-930e-01e2ef9c123c/resourcegroups/testRg187?api-version=2021-04-01",
      "RequestMethod": "PUT",
      "RequestHeaders": {
        "Accept": "application/json",
        "Authorization": "Sanitized",
        "Content-Length": "21",
        "Content-Type": "application/json",
        "traceparent": "00-93ac76ea1ed783468ae9d04d60899fef-ce19b557b6d62846-00",
        "User-Agent": "azsdk-net-ResourceManager/1.3.0 (.NET Framework 4.8.4510.0; Microsoft Windows 10.0.22000 )",
        "x-ms-client-request-id": "995d5bd68116992ac921e8b5babbde4f",
        "x-ms-return-client-request-id": "true"
      },
      "RequestBody": {
        "location": "westus"
      },
      "StatusCode": 201,
      "ResponseHeaders": {
        "Cache-Control": "no-cache",
        "Content-Length": "215",
        "Content-Type": "application/json; charset=utf-8",
        "Date": "Wed, 17 Aug 2022 02:41:38 GMT",
        "Expires": "-1",
        "Pragma": "no-cache",
        "Strict-Transport-Security": "max-age=31536000; includeSubDomains",
        "X-Content-Type-Options": "nosniff",
        "x-ms-correlation-request-id": "6a55cb16-71b9-41f2-a926-821d37a4e9cf",
        "x-ms-ratelimit-remaining-subscription-writes": "1193",
        "x-ms-request-id": "6a55cb16-71b9-41f2-a926-821d37a4e9cf",
        "x-ms-routing-request-id": "KOREASOUTH:20220817T024138Z:6a55cb16-71b9-41f2-a926-821d37a4e9cf"
      },
      "ResponseBody": {
        "id": "/subscriptions/db1ab6f0-4769-4b27-930e-01e2ef9c123c/resourceGroups/testRg187",
        "name": "testRg187",
        "type": "Microsoft.Resources/resourceGroups",
        "location": "westus",
        "properties": {
          "provisioningState": "Succeeded"
        }
      }
    },
    {
      "RequestUri": "https://management.azure.com/subscriptions/db1ab6f0-4769-4b27-930e-01e2ef9c123c/resourceGroups/testRg187/providers/Microsoft.ContainerRegistry/registries/acrregistry8524?api-version=2022-02-01-preview",
      "RequestMethod": "PUT",
      "RequestHeaders": {
        "Accept": "application/json",
        "Authorization": "Sanitized",
        "Content-Length": "103",
        "Content-Type": "application/json",
        "traceparent": "00-9906868a498a244a82a9dedd112e7440-8e8691176b654b42-00",
        "User-Agent": "azsdk-net-ResourceManager.ContainerRegistry/1.1.0-alpha.20220817.1 (.NET Framework 4.8.4510.0; Microsoft Windows 10.0.22000 )",
        "x-ms-client-request-id": "1c4b4d43102671eb0a952c3de28ae131",
        "x-ms-return-client-request-id": "true"
      },
      "RequestBody": {
        "sku": {
          "name": "Premium"
        },
        "tags": {
          "key1": "value1",
          "key2": "value2"
        },
        "location": "westus",
        "properties": {}
      },
      "StatusCode": 200,
      "ResponseHeaders": {
        "api-supported-versions": "2022-02-01-preview",
        "Cache-Control": "no-cache",
        "Content-Length": "1496",
        "Content-Type": "application/json; charset=utf-8",
        "Date": "Wed, 17 Aug 2022 02:41:45 GMT",
        "Expires": "-1",
        "Pragma": "no-cache",
        "Server": "Microsoft-HTTPAPI/2.0",
        "Strict-Transport-Security": "max-age=31536000; includeSubDomains",
        "X-Content-Type-Options": "nosniff",
        "x-ms-correlation-request-id": "49e9b9a1-c350-47af-b967-bf28359cd7e8",
        "x-ms-ratelimit-remaining-subscription-writes": "1192",
        "x-ms-request-id": "49e9b9a1-c350-47af-b967-bf28359cd7e8",
        "x-ms-routing-request-id": "KOREASOUTH:20220817T024145Z:49e9b9a1-c350-47af-b967-bf28359cd7e8"
      },
      "ResponseBody": {
        "sku": {
          "name": "Premium",
          "tier": "Premium"
        },
        "type": "Microsoft.ContainerRegistry/registries",
        "id": "/subscriptions/db1ab6f0-4769-4b27-930e-01e2ef9c123c/resourceGroups/testRg187/providers/Microsoft.ContainerRegistry/registries/acrregistry8524",
        "name": "acrregistry8524",
        "location": "westus",
        "tags": {
          "key1": "value1",
          "key2": "value2"
        },
        "systemData": {
          "createdBy": "ea0eddd2-3d60-47f8-b3bf-7ec8ae554d10",
          "createdByType": "Application",
          "createdAt": "2022-08-17T02:41:43.556035\u002B00:00",
          "lastModifiedBy": "ea0eddd2-3d60-47f8-b3bf-7ec8ae554d10",
          "lastModifiedByType": "Application",
          "lastModifiedAt": "2022-08-17T02:41:43.556035\u002B00:00"
        },
        "properties": {
          "loginServer": "acrregistry8524.azurecr.io",
          "creationDate": "2022-08-17T02:41:43.556035Z",
          "provisioningState": "Succeeded",
          "adminUserEnabled": false,
          "networkRuleSet": {
            "defaultAction": "Allow",
            "ipRules": []
          },
          "policies": {
            "quarantinePolicy": {
              "status": "disabled"
            },
            "trustPolicy": {
              "type": "Notary",
              "status": "disabled"
            },
            "retentionPolicy": {
              "days": 7,
              "lastUpdatedTime": "2022-08-17T02:41:44.4888418\u002B00:00",
              "status": "disabled"
            },
            "exportPolicy": {
              "status": "enabled"
            },
            "azureADAuthenticationAsArmPolicy": {
              "status": "enabled"
            },
            "softDeletePolicy": {
              "retentionDays": 7,
              "lastUpdatedTime": "2022-08-17T02:41:44.4888418\u002B00:00",
              "status": "disabled"
            }
          },
          "encryption": {
            "status": "disabled"
          },
          "dataEndpointEnabled": false,
          "dataEndpointHostNames": [],
          "privateEndpointConnections": [],
          "publicNetworkAccess": "Enabled",
          "networkRuleBypassOptions": "AzureServices",
          "zoneRedundancy": "Disabled",
          "anonymousPullEnabled": false
        }
      }
    },
    {
      "RequestUri": "https://management.azure.com/subscriptions/db1ab6f0-4769-4b27-930e-01e2ef9c123c/resourceGroups/testRg187/providers/Microsoft.ContainerRegistry/registries/acrregistry8524/tokens/acrtoken4522?api-version=2022-02-01-preview",
      "RequestMethod": "PUT",
      "RequestHeaders": {
        "Accept": "application/json",
        "Authorization": "Sanitized",
        "Content-Length": "203",
        "Content-Type": "application/json",
        "traceparent": "00-0a9b8954c0094649bfed79a3d8aa7ded-f0d9fae568edaa48-00",
        "User-Agent": "azsdk-net-ResourceManager.ContainerRegistry/1.1.0-alpha.20220817.1 (.NET Framework 4.8.4510.0; Microsoft Windows 10.0.22000 )",
        "x-ms-client-request-id": "7803f48eb0d0714a270becfe5ce69706",
        "x-ms-return-client-request-id": "true"
      },
      "RequestBody": {
        "properties": {
          "scopeMapId": "/subscriptions/db1ab6f0-4769-4b27-930e-01e2ef9c123c/resourceGroups/testRg187/providers/Microsoft.ContainerRegistry/registries/acrregistry8524/scopeMaps/_repositories_admin"
        }
      },
      "StatusCode": 201,
      "ResponseHeaders": {
        "api-supported-versions": "2019-05-01-preview, 2020-11-01-preview, 2021-06-01-preview, 2021-08-01-preview, 2021-12-01-preview, 2022-02-01-preview",
        "Azure-AsyncOperation": "https://management.azure.com/subscriptions/db1ab6f0-4769-4b27-930e-01e2ef9c123c/resourceGroups/testRg187/providers/Microsoft.ContainerRegistry/registries/acrregistry8524/tokens/acrtoken4522/operationStatuses/token-7803f48eb0d0714a270becfe5ce69706?api-version=2022-02-01-preview",
        "Cache-Control": "no-cache",
        "Content-Length": "869",
        "Content-Type": "application/json; charset=utf-8",
        "Date": "Wed, 17 Aug 2022 02:41:46 GMT",
        "Expires": "-1",
        "Pragma": "no-cache",
        "Retry-After": "10",
        "Server": "Microsoft-HTTPAPI/2.0",
        "Strict-Transport-Security": "max-age=31536000; includeSubDomains",
        "X-Content-Type-Options": "nosniff",
        "x-ms-correlation-request-id": "04c2ed9f-c1b8-4658-8883-d100ef0e4846",
        "x-ms-ratelimit-remaining-subscription-writes": "1191",
        "x-ms-request-id": "04c2ed9f-c1b8-4658-8883-d100ef0e4846",
        "x-ms-routing-request-id": "KOREASOUTH:20220817T024146Z:04c2ed9f-c1b8-4658-8883-d100ef0e4846"
      },
      "ResponseBody": {
        "type": "Microsoft.ContainerRegistry/registries/tokens",
        "id": "/subscriptions/db1ab6f0-4769-4b27-930e-01e2ef9c123c/resourceGroups/testRg187/providers/Microsoft.ContainerRegistry/registries/acrregistry8524/tokens/acrtoken4522",
        "name": "acrtoken4522",
        "systemData": {
          "createdBy": "ea0eddd2-3d60-47f8-b3bf-7ec8ae554d10",
          "createdByType": "Application",
          "createdAt": "2022-08-17T02:41:45.9787096\u002B00:00",
          "lastModifiedBy": "ea0eddd2-3d60-47f8-b3bf-7ec8ae554d10",
          "lastModifiedByType": "Application",
          "lastModifiedAt": "2022-08-17T02:41:45.9787096\u002B00:00"
        },
        "properties": {
          "creationDate": "2022-08-17T02:41:46.2701248\u002B00:00",
          "provisioningState": "Creating",
          "scopeMapId": "/subscriptions/db1ab6f0-4769-4b27-930e-01e2ef9c123c/resourceGroups/testRg187/providers/Microsoft.ContainerRegistry/registries/acrregistry8524/scopeMaps/_repositories_admin",
          "credentials": {
            "passwords": []
          },
          "status": "enabled"
        }
      }
    },
    {
      "RequestUri": "https://management.azure.com/subscriptions/db1ab6f0-4769-4b27-930e-01e2ef9c123c/resourceGroups/testRg187/providers/Microsoft.ContainerRegistry/registries/acrregistry8524/tokens/acrtoken4522/operationStatuses/token-7803f48eb0d0714a270becfe5ce69706?api-version=2022-02-01-preview",
      "RequestMethod": "GET",
      "RequestHeaders": {
        "Authorization": "Sanitized",
        "traceparent": "00-0a9b8954c0094649bfed79a3d8aa7ded-e9bc4d07a24aa849-00",
        "User-Agent": "azsdk-net-ResourceManager/1.3.0 (.NET Framework 4.8.4510.0; Microsoft Windows 10.0.22000 )",
        "x-ms-client-request-id": "95546ce1b8dd432180d997f681f69d02",
        "x-ms-return-client-request-id": "true"
      },
      "RequestBody": null,
      "StatusCode": 200,
      "ResponseHeaders": {
        "api-supported-versions": "2019-05-01-preview, 2020-11-01-preview, 2021-06-01-preview, 2021-08-01-preview, 2021-12-01-preview, 2022-02-01-preview",
        "Azure-AsyncOperation": "https://management.azure.com/subscriptions/db1ab6f0-4769-4b27-930e-01e2ef9c123c/resourceGroups/testRg187/providers/Microsoft.ContainerRegistry/registries/acrregistry8524/tokens/acrtoken4522/operationStatuses/token-7803f48eb0d0714a270becfe5ce69706?api-version=2022-02-01-preview",
        "Cache-Control": "no-cache",
        "Content-Length": "22",
        "Content-Type": "application/json; charset=utf-8",
        "Date": "Wed, 17 Aug 2022 02:41:46 GMT",
        "Expires": "-1",
        "Pragma": "no-cache",
        "Retry-After": "10",
        "Server": "Microsoft-HTTPAPI/2.0",
        "Strict-Transport-Security": "max-age=31536000; includeSubDomains",
        "X-Content-Type-Options": "nosniff",
        "x-ms-correlation-request-id": "59b9b128-15bb-475d-86f8-d6aadf5fa063",
        "x-ms-ratelimit-remaining-subscription-reads": "11986",
        "x-ms-request-id": "59b9b128-15bb-475d-86f8-d6aadf5fa063",
        "x-ms-routing-request-id": "KOREASOUTH:20220817T024146Z:59b9b128-15bb-475d-86f8-d6aadf5fa063"
      },
      "ResponseBody": {
        "status": "Succeeded"
      }
    },
    {
      "RequestUri": "https://management.azure.com/subscriptions/db1ab6f0-4769-4b27-930e-01e2ef9c123c/resourceGroups/testRg187/providers/Microsoft.ContainerRegistry/registries/acrregistry8524/tokens/acrtoken4522?api-version=2022-02-01-preview",
      "RequestMethod": "GET",
      "RequestHeaders": {
        "Authorization": "Sanitized",
        "traceparent": "00-0a9b8954c0094649bfed79a3d8aa7ded-c761f64a589f1545-00",
        "User-Agent": "azsdk-net-ResourceManager/1.3.0 (.NET Framework 4.8.4510.0; Microsoft Windows 10.0.22000 )",
        "x-ms-client-request-id": "c26db08c37bb3accb32421ac735d3ea8",
        "x-ms-return-client-request-id": "true"
      },
      "RequestBody": null,
      "StatusCode": 200,
      "ResponseHeaders": {
        "api-supported-versions": "2019-05-01-preview, 2020-11-01-preview, 2021-06-01-preview, 2021-08-01-preview, 2021-12-01-preview, 2022-02-01-preview",
        "Cache-Control": "no-cache",
        "Content-Length": "870",
        "Content-Type": "application/json; charset=utf-8",
        "Date": "Wed, 17 Aug 2022 02:41:47 GMT",
        "Expires": "-1",
        "Pragma": "no-cache",
        "Server": "Microsoft-HTTPAPI/2.0",
        "Strict-Transport-Security": "max-age=31536000; includeSubDomains",
        "X-Content-Type-Options": "nosniff",
        "x-ms-correlation-request-id": "bd673742-e799-48bb-9531-5f61706a1466",
        "x-ms-ratelimit-remaining-subscription-reads": "11985",
        "x-ms-request-id": "bd673742-e799-48bb-9531-5f61706a1466",
        "x-ms-routing-request-id": "KOREASOUTH:20220817T024147Z:bd673742-e799-48bb-9531-5f61706a1466"
      },
      "ResponseBody": {
        "type": "Microsoft.ContainerRegistry/registries/tokens",
        "id": "/subscriptions/db1ab6f0-4769-4b27-930e-01e2ef9c123c/resourceGroups/testRg187/providers/Microsoft.ContainerRegistry/registries/acrregistry8524/tokens/acrtoken4522",
        "name": "acrtoken4522",
        "systemData": {
          "createdBy": "ea0eddd2-3d60-47f8-b3bf-7ec8ae554d10",
          "createdByType": "Application",
          "createdAt": "2022-08-17T02:41:45.9787096\u002B00:00",
          "lastModifiedBy": "ea0eddd2-3d60-47f8-b3bf-7ec8ae554d10",
          "lastModifiedByType": "Application",
          "lastModifiedAt": "2022-08-17T02:41:45.9787096\u002B00:00"
        },
        "properties": {
          "creationDate": "2022-08-17T02:41:46.2701248\u002B00:00",
          "provisioningState": "Succeeded",
          "scopeMapId": "/subscriptions/db1ab6f0-4769-4b27-930e-01e2ef9c123c/resourceGroups/testRg187/providers/Microsoft.ContainerRegistry/registries/acrregistry8524/scopeMaps/_repositories_admin",
          "credentials": {
            "passwords": []
          },
          "status": "enabled"
        }
      }
    },
    {
      "RequestUri": "https://management.azure.com/subscriptions/db1ab6f0-4769-4b27-930e-01e2ef9c123c/resourceGroups/testRg187/providers/Microsoft.ContainerRegistry/registries/acrregistry8524/tokens?api-version=2022-02-01-preview",
      "RequestMethod": "GET",
      "RequestHeaders": {
        "Accept": "application/json",
        "Authorization": "Sanitized",
        "traceparent": "00-59b848b69ca6574f9b4835376dd43f9d-1902894a4234184b-00",
        "User-Agent": "azsdk-net-ResourceManager.ContainerRegistry/1.1.0-alpha.20220817.1 (.NET Framework 4.8.4510.0; Microsoft Windows 10.0.22000 )",
        "x-ms-client-request-id": "ef1cd98c0192cc28a783932abb4b5e61",
        "x-ms-return-client-request-id": "true"
      },
      "RequestBody": null,
      "StatusCode": 200,
      "ResponseHeaders": {
        "api-supported-versions": "2019-05-01-preview, 2020-11-01-preview, 2021-06-01-preview, 2021-08-01-preview, 2021-12-01-preview, 2022-02-01-preview",
        "Cache-Control": "no-cache",
        "Content-Length": "882",
        "Content-Type": "application/json; charset=utf-8",
        "Date": "Wed, 17 Aug 2022 02:41:47 GMT",
        "Expires": "-1",
        "Pragma": "no-cache",
        "Server": "Microsoft-HTTPAPI/2.0",
        "Strict-Transport-Security": "max-age=31536000; includeSubDomains",
        "X-Content-Type-Options": "nosniff",
        "x-ms-correlation-request-id": "2dc8cd74-650c-43aa-804b-e4b11657850c",
        "x-ms-ratelimit-remaining-subscription-reads": "11984",
        "x-ms-request-id": "2dc8cd74-650c-43aa-804b-e4b11657850c",
        "x-ms-routing-request-id": "KOREASOUTH:20220817T024147Z:2dc8cd74-650c-43aa-804b-e4b11657850c"
      },
      "ResponseBody": {
        "value": [
          {
            "type": "Microsoft.ContainerRegistry/registries/tokens",
            "id": "/subscriptions/db1ab6f0-4769-4b27-930e-01e2ef9c123c/resourceGroups/testRg187/providers/Microsoft.ContainerRegistry/registries/acrregistry8524/tokens/acrtoken4522",
            "name": "acrtoken4522",
            "systemData": {
              "createdBy": "ea0eddd2-3d60-47f8-b3bf-7ec8ae554d10",
              "createdByType": "Application",
              "createdAt": "2022-08-17T02:41:45.9787096\u002B00:00",
              "lastModifiedBy": "ea0eddd2-3d60-47f8-b3bf-7ec8ae554d10",
              "lastModifiedByType": "Application",
              "lastModifiedAt": "2022-08-17T02:41:45.9787096\u002B00:00"
            },
            "properties": {
              "creationDate": "2022-08-17T02:41:46.2701248\u002B00:00",
              "provisioningState": "Succeeded",
              "scopeMapId": "/subscriptions/db1ab6f0-4769-4b27-930e-01e2ef9c123c/resourceGroups/testRg187/providers/Microsoft.ContainerRegistry/registries/acrregistry8524/scopeMaps/_repositories_admin",
              "credentials": {
                "passwords": []
              },
              "status": "enabled"
            }
          }
        ]
      }
    },
    {
      "RequestUri": "https://management.azure.com/subscriptions/db1ab6f0-4769-4b27-930e-01e2ef9c123c/resourceGroups/testRg187/providers/Microsoft.ContainerRegistry/registries/acrregistry8524/tokens/acrtoken4522?api-version=2022-02-01-preview",
      "RequestMethod": "GET",
      "RequestHeaders": {
        "Accept": "application/json",
        "Authorization": "Sanitized",
        "traceparent": "00-805d64a69815fb4d942be1b7754cdd77-ec879dd1acf20b41-00",
        "User-Agent": "azsdk-net-ResourceManager.ContainerRegistry/1.1.0-alpha.20220817.1 (.NET Framework 4.8.4510.0; Microsoft Windows 10.0.22000 )",
        "x-ms-client-request-id": "82603b86bd11a957a019e2b99775d022",
        "x-ms-return-client-request-id": "true"
      },
      "RequestBody": null,
      "StatusCode": 200,
      "ResponseHeaders": {
        "api-supported-versions": "2019-05-01-preview, 2020-11-01-preview, 2021-06-01-preview, 2021-08-01-preview, 2021-12-01-preview, 2022-02-01-preview",
        "Cache-Control": "no-cache",
        "Content-Length": "870",
        "Content-Type": "application/json; charset=utf-8",
        "Date": "Wed, 17 Aug 2022 02:41:48 GMT",
        "Expires": "-1",
        "Pragma": "no-cache",
        "Server": "Microsoft-HTTPAPI/2.0",
        "Strict-Transport-Security": "max-age=31536000; includeSubDomains",
        "X-Content-Type-Options": "nosniff",
        "x-ms-correlation-request-id": "e9b63412-9608-4417-a879-308d62a8393c",
        "x-ms-ratelimit-remaining-subscription-reads": "11983",
        "x-ms-request-id": "e9b63412-9608-4417-a879-308d62a8393c",
        "x-ms-routing-request-id": "KOREASOUTH:20220817T024148Z:e9b63412-9608-4417-a879-308d62a8393c"
      },
      "ResponseBody": {
        "type": "Microsoft.ContainerRegistry/registries/tokens",
        "id": "/subscriptions/db1ab6f0-4769-4b27-930e-01e2ef9c123c/resourceGroups/testRg187/providers/Microsoft.ContainerRegistry/registries/acrregistry8524/tokens/acrtoken4522",
        "name": "acrtoken4522",
        "systemData": {
          "createdBy": "ea0eddd2-3d60-47f8-b3bf-7ec8ae554d10",
          "createdByType": "Application",
          "createdAt": "2022-08-17T02:41:45.9787096\u002B00:00",
          "lastModifiedBy": "ea0eddd2-3d60-47f8-b3bf-7ec8ae554d10",
          "lastModifiedByType": "Application",
          "lastModifiedAt": "2022-08-17T02:41:45.9787096\u002B00:00"
        },
        "properties": {
          "creationDate": "2022-08-17T02:41:46.2701248\u002B00:00",
          "provisioningState": "Succeeded",
          "scopeMapId": "/subscriptions/db1ab6f0-4769-4b27-930e-01e2ef9c123c/resourceGroups/testRg187/providers/Microsoft.ContainerRegistry/registries/acrregistry8524/scopeMaps/_repositories_admin",
          "credentials": {
            "passwords": []
          },
          "status": "enabled"
        }
      }
    },
    {
      "RequestUri": "https://management.azure.com/subscriptions/db1ab6f0-4769-4b27-930e-01e2ef9c123c/resourceGroups/testRg187/providers/Microsoft.ContainerRegistry/registries/acrregistry8524/tokens/acrtoken4522?api-version=2022-02-01-preview",
      "RequestMethod": "PATCH",
      "RequestHeaders": {
        "Accept": "application/json",
        "Authorization": "Sanitized",
        "Content-Length": "36",
        "Content-Type": "application/json",
        "traceparent": "00-72cab5b3b2706e4e94f1906194f453f2-2c5237e39b497e40-00",
        "User-Agent": "azsdk-net-ResourceManager.ContainerRegistry/1.1.0-alpha.20220817.1 (.NET Framework 4.8.4510.0; Microsoft Windows 10.0.22000 )",
        "x-ms-client-request-id": "a769ef9badd98b6f87a11b37a3a17e67",
        "x-ms-return-client-request-id": "true"
      },
      "RequestBody": {
        "properties": {
          "status": "disabled"
        }
      },
      "StatusCode": 201,
      "ResponseHeaders": {
        "api-supported-versions": "2019-05-01-preview, 2020-11-01-preview, 2021-06-01-preview, 2021-08-01-preview, 2021-12-01-preview, 2022-02-01-preview",
        "Azure-AsyncOperation": "https://management.azure.com/subscriptions/db1ab6f0-4769-4b27-930e-01e2ef9c123c/resourceGroups/testRg187/providers/Microsoft.ContainerRegistry/registries/acrregistry8524/tokens/acrtoken4522/operationStatuses/token-a769ef9badd98b6f87a11b37a3a17e67?api-version=2022-02-01-preview",
        "Cache-Control": "no-cache",
        "Content-Length": "870",
        "Content-Type": "application/json; charset=utf-8",
        "Date": "Wed, 17 Aug 2022 02:41:48 GMT",
        "Expires": "-1",
        "Pragma": "no-cache",
        "Retry-After": "10",
        "Server": "Microsoft-HTTPAPI/2.0",
        "Strict-Transport-Security": "max-age=31536000; includeSubDomains",
        "X-Content-Type-Options": "nosniff",
        "x-ms-correlation-request-id": "d24ac46c-eaaa-459e-b41f-72e5f948a869",
        "x-ms-ratelimit-remaining-subscription-writes": "1190",
        "x-ms-request-id": "d24ac46c-eaaa-459e-b41f-72e5f948a869",
        "x-ms-routing-request-id": "KOREASOUTH:20220817T024148Z:d24ac46c-eaaa-459e-b41f-72e5f948a869"
      },
      "ResponseBody": {
        "type": "Microsoft.ContainerRegistry/registries/tokens",
        "id": "/subscriptions/db1ab6f0-4769-4b27-930e-01e2ef9c123c/resourceGroups/testRg187/providers/Microsoft.ContainerRegistry/registries/acrregistry8524/tokens/acrtoken4522",
        "name": "acrtoken4522",
        "systemData": {
          "createdBy": "ea0eddd2-3d60-47f8-b3bf-7ec8ae554d10",
          "createdByType": "Application",
          "createdAt": "2022-08-17T02:41:48.5902988\u002B00:00",
          "lastModifiedBy": "ea0eddd2-3d60-47f8-b3bf-7ec8ae554d10",
          "lastModifiedByType": "Application",
          "lastModifiedAt": "2022-08-17T02:41:48.5902988\u002B00:00"
        },
        "properties": {
          "creationDate": "2022-08-17T02:41:46.2701248\u002B00:00",
          "provisioningState": "Updating",
          "scopeMapId": "/subscriptions/db1ab6f0-4769-4b27-930e-01e2ef9c123c/resourceGroups/testRg187/providers/Microsoft.ContainerRegistry/registries/acrregistry8524/scopeMaps/_repositories_admin",
          "credentials": {
            "passwords": []
          },
          "status": "disabled"
        }
      }
    },
    {
      "RequestUri": "https://management.azure.com/subscriptions/db1ab6f0-4769-4b27-930e-01e2ef9c123c/resourceGroups/testRg187/providers/Microsoft.ContainerRegistry/registries/acrregistry8524/tokens/acrtoken4522/operationStatuses/token-a769ef9badd98b6f87a11b37a3a17e67?api-version=2022-02-01-preview",
      "RequestMethod": "GET",
      "RequestHeaders": {
        "Authorization": "Sanitized",
        "traceparent": "00-72cab5b3b2706e4e94f1906194f453f2-b8e4ee266e806744-00",
        "User-Agent": "azsdk-net-ResourceManager/1.3.0 (.NET Framework 4.8.4510.0; Microsoft Windows 10.0.22000 )",
        "x-ms-client-request-id": "cc8f70b3b6e1d888cbd5fa70a12005fe",
        "x-ms-return-client-request-id": "true"
      },
      "RequestBody": null,
      "StatusCode": 200,
      "ResponseHeaders": {
        "api-supported-versions": "2019-05-01-preview, 2020-11-01-preview, 2021-06-01-preview, 2021-08-01-preview, 2021-12-01-preview, 2022-02-01-preview",
        "Azure-AsyncOperation": "https://management.azure.com/subscriptions/db1ab6f0-4769-4b27-930e-01e2ef9c123c/resourceGroups/testRg187/providers/Microsoft.ContainerRegistry/registries/acrregistry8524/tokens/acrtoken4522/operationStatuses/token-a769ef9badd98b6f87a11b37a3a17e67?api-version=2022-02-01-preview",
        "Cache-Control": "no-cache",
        "Content-Length": "22",
        "Content-Type": "application/json; charset=utf-8",
        "Date": "Wed, 17 Aug 2022 02:41:49 GMT",
        "Expires": "-1",
        "Pragma": "no-cache",
        "Retry-After": "10",
        "Server": "Microsoft-HTTPAPI/2.0",
        "Strict-Transport-Security": "max-age=31536000; includeSubDomains",
        "X-Content-Type-Options": "nosniff",
        "x-ms-correlation-request-id": "bbe0c4a2-bf48-470b-83c1-ba9044eca615",
        "x-ms-ratelimit-remaining-subscription-reads": "11982",
        "x-ms-request-id": "bbe0c4a2-bf48-470b-83c1-ba9044eca615",
        "x-ms-routing-request-id": "KOREASOUTH:20220817T024149Z:bbe0c4a2-bf48-470b-83c1-ba9044eca615"
      },
      "ResponseBody": {
        "status": "Succeeded"
      }
    },
    {
      "RequestUri": "https://management.azure.com/subscriptions/db1ab6f0-4769-4b27-930e-01e2ef9c123c/resourceGroups/testRg187/providers/Microsoft.ContainerRegistry/registries/acrregistry8524/tokens/acrtoken4522?api-version=2022-02-01-preview",
      "RequestMethod": "GET",
      "RequestHeaders": {
        "Authorization": "Sanitized",
        "traceparent": "00-72cab5b3b2706e4e94f1906194f453f2-469183d25862d745-00",
        "User-Agent": "azsdk-net-ResourceManager/1.3.0 (.NET Framework 4.8.4510.0; Microsoft Windows 10.0.22000 )",
        "x-ms-client-request-id": "d7f37b9a984edf25589a25655ff56c18",
        "x-ms-return-client-request-id": "true"
      },
      "RequestBody": null,
      "StatusCode": 200,
      "ResponseHeaders": {
        "api-supported-versions": "2019-05-01-preview, 2020-11-01-preview, 2021-06-01-preview, 2021-08-01-preview, 2021-12-01-preview, 2022-02-01-preview",
        "Cache-Control": "no-cache",
        "Content-Length": "871",
        "Content-Type": "application/json; charset=utf-8",
        "Date": "Wed, 17 Aug 2022 02:41:49 GMT",
        "Expires": "-1",
        "Pragma": "no-cache",
        "Server": "Microsoft-HTTPAPI/2.0",
        "Strict-Transport-Security": "max-age=31536000; includeSubDomains",
        "X-Content-Type-Options": "nosniff",
        "x-ms-correlation-request-id": "fe979407-ff54-454d-ae35-0fd4590c1c15",
        "x-ms-ratelimit-remaining-subscription-reads": "11981",
        "x-ms-request-id": "fe979407-ff54-454d-ae35-0fd4590c1c15",
        "x-ms-routing-request-id": "KOREASOUTH:20220817T024149Z:fe979407-ff54-454d-ae35-0fd4590c1c15"
      },
      "ResponseBody": {
        "type": "Microsoft.ContainerRegistry/registries/tokens",
        "id": "/subscriptions/db1ab6f0-4769-4b27-930e-01e2ef9c123c/resourceGroups/testRg187/providers/Microsoft.ContainerRegistry/registries/acrregistry8524/tokens/acrtoken4522",
        "name": "acrtoken4522",
        "systemData": {
          "createdBy": "ea0eddd2-3d60-47f8-b3bf-7ec8ae554d10",
          "createdByType": "Application",
          "createdAt": "2022-08-17T02:41:48.5902988\u002B00:00",
          "lastModifiedBy": "ea0eddd2-3d60-47f8-b3bf-7ec8ae554d10",
          "lastModifiedByType": "Application",
          "lastModifiedAt": "2022-08-17T02:41:48.5902988\u002B00:00"
        },
        "properties": {
          "creationDate": "2022-08-17T02:41:46.2701248\u002B00:00",
          "provisioningState": "Succeeded",
          "scopeMapId": "/subscriptions/db1ab6f0-4769-4b27-930e-01e2ef9c123c/resourceGroups/testRg187/providers/Microsoft.ContainerRegistry/registries/acrregistry8524/scopeMaps/_repositories_admin",
          "credentials": {
            "passwords": []
          },
          "status": "disabled"
        }
      }
    },
    {
      "RequestUri": "https://management.azure.com/subscriptions/db1ab6f0-4769-4b27-930e-01e2ef9c123c/resourceGroups/testRg187/providers/Microsoft.ContainerRegistry/registries/acrregistry8524/generateCredentials?api-version=2022-02-01-preview",
      "RequestMethod": "POST",
      "RequestHeaders": {
        "Accept": "application/json",
        "Authorization": "Sanitized",
        "Content-Length": "194",
        "Content-Type": "application/json",
        "traceparent": "00-fc115732e89a8546890d8aa20e87a566-89c33aafc35dcf48-00",
        "User-Agent": "azsdk-net-ResourceManager.ContainerRegistry/1.1.0-alpha.20220817.1 (.NET Framework 4.8.4510.0; Microsoft Windows 10.0.22000 )",
        "x-ms-client-request-id": "3384e96cb2120f85364e6c28c0262d61",
        "x-ms-return-client-request-id": "true"
      },
      "RequestBody": {
        "tokenId": "/subscriptions/db1ab6f0-4769-4b27-930e-01e2ef9c123c/resourceGroups/testRg187/providers/Microsoft.ContainerRegistry/registries/acrregistry8524/tokens/acrtoken4522",
        "name": "password1"
      },
      "StatusCode": 200,
      "ResponseHeaders": {
        "api-supported-versions": "2019-05-01-preview, 2020-11-01-preview, 2021-06-01-preview, 2021-08-01-preview, 2021-12-01-preview, 2022-02-01-preview",
        "Cache-Control": "no-cache",
        "Content-Length": "156",
        "Content-Type": "application/json; charset=utf-8",
        "Date": "Wed, 17 Aug 2022 02:41:50 GMT",
        "Expires": "-1",
        "Pragma": "no-cache",
        "Server": "Microsoft-HTTPAPI/2.0",
        "Strict-Transport-Security": "max-age=31536000; includeSubDomains",
        "X-Content-Type-Options": "nosniff",
        "x-ms-correlation-request-id": "f4545011-e244-4507-8f51-78a8ce0154a8",
        "x-ms-ratelimit-remaining-subscription-writes": "1199",
        "x-ms-request-id": "f4545011-e244-4507-8f51-78a8ce0154a8",
        "x-ms-routing-request-id": "KOREASOUTH:20220817T024150Z:f4545011-e244-4507-8f51-78a8ce0154a8"
      },
      "ResponseBody": {
        "username": "acrtoken4522",
        "passwords": [
          {
            "creationTime": "2022-08-17T02:41:50.3015763\u002B00:00",
            "name": "password1",
            "value": "qvKBMi\u002Bri4aD989i9vp=KMhJsTrjSGEN"
          }
        ]
      }
    },
    {
      "RequestUri": "https://management.azure.com/subscriptions/db1ab6f0-4769-4b27-930e-01e2ef9c123c/resourceGroups/testRg187/providers/Microsoft.ContainerRegistry/registries/acrregistry8524/tokens/acrtoken4522?api-version=2022-02-01-preview",
      "RequestMethod": "DELETE",
      "RequestHeaders": {
        "Accept": "application/json",
        "Authorization": "Sanitized",
        "traceparent": "00-4112048b0881664d863f3933c8ac815f-6bc78ba0cff86143-00",
        "User-Agent": "azsdk-net-ResourceManager.ContainerRegistry/1.1.0-alpha.20220817.1 (.NET Framework 4.8.4510.0; Microsoft Windows 10.0.22000 )",
        "x-ms-client-request-id": "b804e269d29ce8ecf5e3a1002cfd1f32",
        "x-ms-return-client-request-id": "true"
      },
      "RequestBody": null,
      "StatusCode": 202,
      "ResponseHeaders": {
        "api-supported-versions": "2019-05-01-preview, 2020-11-01-preview, 2021-06-01-preview, 2021-08-01-preview, 2021-12-01-preview, 2022-02-01-preview",
        "Cache-Control": "no-cache",
        "Content-Length": "4",
        "Content-Type": "application/json; charset=utf-8",
        "Date": "Wed, 17 Aug 2022 02:41:50 GMT",
        "Expires": "-1",
        "Location": "https://management.azure.com/subscriptions/db1ab6f0-4769-4b27-930e-01e2ef9c123c/providers/Microsoft.ContainerRegistry/locations/WESTUS/operationResults/token-b804e269d29ce8ecf5e3a1002cfd1f32?api-version=2022-02-01-preview",
        "Pragma": "no-cache",
        "Retry-After": "10",
        "Server": "Microsoft-HTTPAPI/2.0",
        "Strict-Transport-Security": "max-age=31536000; includeSubDomains",
        "X-Content-Type-Options": "nosniff",
        "x-ms-correlation-request-id": "3228b3fd-4602-4935-953e-94a73bb29120",
        "x-ms-ratelimit-remaining-subscription-deletes": "14991",
        "x-ms-request-id": "3228b3fd-4602-4935-953e-94a73bb29120",
        "x-ms-routing-request-id": "KOREASOUTH:20220817T024150Z:3228b3fd-4602-4935-953e-94a73bb29120"
      },
      "ResponseBody": "null"
    },
    {
      "RequestUri": "https://management.azure.com/subscriptions/db1ab6f0-4769-4b27-930e-01e2ef9c123c/providers/Microsoft.ContainerRegistry/locations/WESTUS/operationResults/token-b804e269d29ce8ecf5e3a1002cfd1f32?api-version=2022-02-01-preview",
      "RequestMethod": "GET",
      "RequestHeaders": {
        "Authorization": "Sanitized",
        "traceparent": "00-4112048b0881664d863f3933c8ac815f-9dfeb703a8effd45-00",
        "User-Agent": "azsdk-net-ResourceManager/1.3.0 (.NET Framework 4.8.4510.0; Microsoft Windows 10.0.22000 )",
        "x-ms-client-request-id": "ddbf96d575219ac563f6ad99bce2ee4e",
        "x-ms-return-client-request-id": "true"
      },
      "RequestBody": null,
      "StatusCode": 200,
      "ResponseHeaders": {
        "Cache-Control": "no-cache",
        "Content-Length": "0",
        "Date": "Wed, 17 Aug 2022 02:41:50 GMT",
        "Expires": "-1",
        "Pragma": "no-cache",
        "Server": "Microsoft-HTTPAPI/2.0",
        "Strict-Transport-Security": "max-age=31536000; includeSubDomains",
        "X-Content-Type-Options": "nosniff",
        "x-ms-correlation-request-id": "cbe82c89-cc6c-4823-8dea-90f5ca1af59b",
        "x-ms-ratelimit-remaining-subscription-reads": "11980",
        "x-ms-request-id": "cbe82c89-cc6c-4823-8dea-90f5ca1af59b",
        "x-ms-routing-request-id": "KOREASOUTH:20220817T024151Z:cbe82c89-cc6c-4823-8dea-90f5ca1af59b"
      },
      "ResponseBody": null
    },
    {
      "RequestUri": "https://management.azure.com/subscriptions/db1ab6f0-4769-4b27-930e-01e2ef9c123c/resourceGroups/testRg187/providers/Microsoft.ContainerRegistry/registries/acrregistry8524?api-version=2022-02-01-preview",
      "RequestMethod": "DELETE",
      "RequestHeaders": {
        "Authorization": "Sanitized",
        "traceparent": "00-d7dc84f827be564e8a33eeda70630d5c-9fa488cb2ce94049-00",
        "User-Agent": "azsdk-net-ResourceManager.ContainerRegistry/1.1.0-alpha.20220817.1 (.NET Framework 4.8.4510.0; Microsoft Windows 10.0.22000 )",
        "x-ms-client-request-id": "cdda418f6929a0be47f5b132eb88aab7",
        "x-ms-return-client-request-id": "true"
      },
      "RequestBody": null,
      "StatusCode": 200,
      "ResponseHeaders": {
        "api-supported-versions": "2022-02-01-preview",
        "Cache-Control": "no-cache",
        "Content-Length": "0",
        "Date": "Wed, 17 Aug 2022 02:41:55 GMT",
        "Expires": "-1",
        "Pragma": "no-cache",
        "Server": "Microsoft-HTTPAPI/2.0",
        "Strict-Transport-Security": "max-age=31536000; includeSubDomains",
        "X-Content-Type-Options": "nosniff",
        "x-ms-correlation-request-id": "7ca4ac55-f68c-4daa-946f-416a4591d86e",
        "x-ms-ratelimit-remaining-subscription-deletes": "14990",
        "x-ms-request-id": "7ca4ac55-f68c-4daa-946f-416a4591d86e",
        "x-ms-routing-request-id": "KOREASOUTH:20220817T024156Z:7ca4ac55-f68c-4daa-946f-416a4591d86e"
      },
      "ResponseBody": null
    }
  ],
  "Variables": {
    "AZURE_AUTHORITY_HOST": "https://login.microsoftonline.com",
    "RandomSeed": "195818499",
    "RESOURCE_MANAGER_URL": "https://management.azure.com",
    "SUBSCRIPTION_ID": "db1ab6f0-4769-4b27-930e-01e2ef9c123c"
  }
}
