{
  "Entries": [
    {
      "RequestUri": "https://management.azure.com/subscriptions/db1ab6f0-4769-4b27-930e-01e2ef9c123c?api-version=2021-01-01",
      "RequestMethod": "GET",
      "RequestHeaders": {
        "Accept": "application/json",
        "Authorization": "Sanitized",
        "Connection": "keep-alive",
        "traceparent": "00-a0cceccdb96c8442947ecc207b419b8f-188bd7a14e34aa46-00",
        "User-Agent": "azsdk-net-ResourceManager/1.2.1 (.NET Framework 4.8.4510.0; Microsoft Windows 10.0.22000 )",
        "x-ms-client-request-id": "92d6c105d83158d722d9da9b087e37d1",
        "x-ms-return-client-request-id": "true"
      },
      "RequestBody": null,
      "StatusCode": 200,
      "ResponseHeaders": {
        "Cache-Control": "no-cache",
        "Content-Length": "747",
        "Content-Type": "application/json; charset=utf-8",
        "Date": "Wed, 10 Aug 2022 14:06:26 GMT",
        "Expires": "-1",
        "Pragma": "no-cache",
        "Strict-Transport-Security": "max-age=31536000; includeSubDomains",
        "X-Content-Type-Options": "nosniff",
        "x-ms-correlation-request-id": "0661f282-e6fd-4039-ab35-7620867b822c",
        "x-ms-ratelimit-remaining-subscription-reads": "11999",
        "x-ms-request-id": "0661f282-e6fd-4039-ab35-7620867b822c",
        "x-ms-routing-request-id": "KOREASOUTH:20220810T140627Z:0661f282-e6fd-4039-ab35-7620867b822c"
      },
      "ResponseBody": {
        "id": "/subscriptions/db1ab6f0-4769-4b27-930e-01e2ef9c123c",
        "authorizationSource": "RoleBased",
        "managedByTenants": [],
        "tags": {
          "TagKey-9823": "TagValue-566",
          "TagKey-3481": "TagValue-320",
          "TagKey-4926": "TagValue-1187",
          "TagKey-751": "TagValue-3921",
          "TagKey-1866": "TagValue-8559",
          "TagKey-3094": "TagValue-9190",
          "TagKey-2449": "TagValue-9",
          "TagKey-8379": "TagValue-164",
          "TagKey-7470": "TagValue-2205",
          "TagKey-4236": "TagValue-3698",
          "TagKey-5316": "TagValue-2725"
        },
        "subscriptionId": "db1ab6f0-4769-4b27-930e-01e2ef9c123c",
        "tenantId": "72f988bf-86f1-41af-91ab-2d7cd011db47",
        "displayName": ".NET Mgmt SDK Test with TTL = 1 Day",
        "state": "Enabled",
        "subscriptionPolicies": {
          "locationPlacementId": "Internal_2014-09-01",
          "quotaId": "Internal_2014-09-01",
          "spendingLimit": "Off"
        }
      }
    },
    {
      "RequestUri": "https://management.azure.com/subscriptions/db1ab6f0-4769-4b27-930e-01e2ef9c123c/resourcegroups/testRg9673?api-version=2021-04-01",
      "RequestMethod": "PUT",
      "RequestHeaders": {
        "Accept": "application/json",
        "Authorization": "Sanitized",
        "Content-Length": "21",
        "Content-Type": "application/json",
        "traceparent": "00-93c1a301ddc4a341ae9a02873d0c1e9c-8da882062032e14c-00",
        "User-Agent": "azsdk-net-ResourceManager/1.2.1 (.NET Framework 4.8.4510.0; Microsoft Windows 10.0.22000 )",
        "x-ms-client-request-id": "0e4439b6deb0f8f21015c0c8b579df04",
        "x-ms-return-client-request-id": "true"
      },
      "RequestBody": {
        "location": "westus"
      },
      "StatusCode": 201,
      "ResponseHeaders": {
        "Cache-Control": "no-cache",
        "Content-Length": "217",
        "Content-Type": "application/json; charset=utf-8",
        "Date": "Wed, 10 Aug 2022 14:06:29 GMT",
        "Expires": "-1",
        "Pragma": "no-cache",
        "Strict-Transport-Security": "max-age=31536000; includeSubDomains",
        "X-Content-Type-Options": "nosniff",
        "x-ms-correlation-request-id": "d46018f9-353e-4024-be76-91eb3817ad65",
        "x-ms-ratelimit-remaining-subscription-writes": "1199",
        "x-ms-request-id": "d46018f9-353e-4024-be76-91eb3817ad65",
        "x-ms-routing-request-id": "KOREASOUTH:20220810T140629Z:d46018f9-353e-4024-be76-91eb3817ad65"
      },
      "ResponseBody": {
        "id": "/subscriptions/db1ab6f0-4769-4b27-930e-01e2ef9c123c/resourceGroups/testRg9673",
        "name": "testRg9673",
        "type": "Microsoft.Resources/resourceGroups",
        "location": "westus",
        "properties": {
          "provisioningState": "Succeeded"
        }
      }
    },
    {
      "RequestUri": "https://management.azure.com/subscriptions/db1ab6f0-4769-4b27-930e-01e2ef9c123c/resourceGroups/testRg9673/providers/Microsoft.ContainerRegistry/registries/acrregistry2613?api-version=2021-09-01",
      "RequestMethod": "PUT",
      "RequestHeaders": {
        "Accept": "application/json",
        "Authorization": "Sanitized",
        "Content-Length": "103",
        "Content-Type": "application/json",
        "traceparent": "00-c87bbdde849b924bab4185cbdd9088d8-400a65f49e1e3348-00",
        "User-Agent": "azsdk-net-ResourceManager.ContainerRegistry/1.0.0-alpha.20220810.1 (.NET Framework 4.8.4510.0; Microsoft Windows 10.0.22000 )",
        "x-ms-client-request-id": "abf045ae161bbeb22c675b0c4f16c64f",
        "x-ms-return-client-request-id": "true"
      },
      "RequestBody": {
        "sku": {
          "name": "Premium"
        },
        "tags": {
          "key1": "value1",
          "key2": "value2"
        },
        "location": "westus",
        "properties": {}
      },
      "StatusCode": 200,
      "ResponseHeaders": {
        "api-supported-versions": "2021-09-01",
        "Cache-Control": "no-cache",
        "Content-Length": "1302",
        "Content-Type": "application/json; charset=utf-8",
        "Date": "Wed, 10 Aug 2022 14:06:37 GMT",
        "Expires": "-1",
        "Pragma": "no-cache",
        "Server": "Microsoft-HTTPAPI/2.0",
        "Strict-Transport-Security": "max-age=31536000; includeSubDomains",
        "X-Content-Type-Options": "nosniff",
        "x-ms-correlation-request-id": "9b8d8299-1b65-4cf6-a421-721b7abab0b7",
        "x-ms-ratelimit-remaining-subscription-writes": "1198",
        "x-ms-request-id": "9b8d8299-1b65-4cf6-a421-721b7abab0b7",
        "x-ms-routing-request-id": "KOREASOUTH:20220810T140638Z:9b8d8299-1b65-4cf6-a421-721b7abab0b7"
      },
      "ResponseBody": {
        "sku": {
          "name": "Premium",
          "tier": "Premium"
        },
        "type": "Microsoft.ContainerRegistry/registries",
        "id": "/subscriptions/db1ab6f0-4769-4b27-930e-01e2ef9c123c/resourceGroups/testRg9673/providers/Microsoft.ContainerRegistry/registries/acrregistry2613",
        "name": "acrregistry2613",
        "location": "westus",
        "tags": {
          "key1": "value1",
          "key2": "value2"
        },
        "systemData": {
          "createdBy": "ea0eddd2-3d60-47f8-b3bf-7ec8ae554d10",
          "createdByType": "Application",
          "createdAt": "2022-08-10T14:06:34.5420609\u002B00:00",
          "lastModifiedBy": "ea0eddd2-3d60-47f8-b3bf-7ec8ae554d10",
          "lastModifiedByType": "Application",
          "lastModifiedAt": "2022-08-10T14:06:34.5420609\u002B00:00"
        },
        "properties": {
          "loginServer": "acrregistry2613.azurecr.io",
          "creationDate": "2022-08-10T14:06:34.5420609Z",
          "provisioningState": "Succeeded",
          "adminUserEnabled": false,
          "networkRuleSet": {
            "defaultAction": "Allow",
            "ipRules": []
          },
          "policies": {
            "quarantinePolicy": {
              "status": "disabled"
            },
            "trustPolicy": {
              "type": "Notary",
              "status": "disabled"
            },
            "retentionPolicy": {
              "days": 7,
              "lastUpdatedTime": "2022-08-10T14:06:36.9375552\u002B00:00",
              "status": "disabled"
            },
            "exportPolicy": {
              "status": "enabled"
            }
          },
          "encryption": {
            "status": "disabled"
          },
          "dataEndpointEnabled": false,
          "dataEndpointHostNames": [],
          "privateEndpointConnections": [],
          "publicNetworkAccess": "Enabled",
          "networkRuleBypassOptions": "AzureServices",
          "zoneRedundancy": "Disabled"
        }
      }
    },
    {
      "RequestUri": "https://management.azure.com/subscriptions/db1ab6f0-4769-4b27-930e-01e2ef9c123c/resourceGroups/testRg9673/providers/Microsoft.ContainerRegistry/registries/acrregistry2613/privateLinkResources?api-version=2021-09-01",
      "RequestMethod": "GET",
      "RequestHeaders": {
        "Accept": "application/json",
        "Authorization": "Sanitized",
        "traceparent": "00-eb8d5fbf986ecf47a5f586bf3fb41707-1e462bbe0482a242-00",
        "User-Agent": "azsdk-net-ResourceManager.ContainerRegistry/1.0.0-alpha.20220810.1 (.NET Framework 4.8.4510.0; Microsoft Windows 10.0.22000 )",
        "x-ms-client-request-id": "f2cfae97b8e1239a914f837796ecc1ff",
        "x-ms-return-client-request-id": "true"
      },
      "RequestBody": null,
      "StatusCode": 200,
      "ResponseHeaders": {
        "api-supported-versions": "2021-09-01",
        "Cache-Control": "no-cache",
        "Content-Length": "417",
        "Content-Type": "application/json; charset=utf-8",
        "Date": "Wed, 10 Aug 2022 14:06:38 GMT",
        "Expires": "-1",
        "Pragma": "no-cache",
        "Server": "Microsoft-HTTPAPI/2.0",
        "Strict-Transport-Security": "max-age=31536000; includeSubDomains",
        "X-Content-Type-Options": "nosniff",
        "x-ms-correlation-request-id": "25f64c2e-3cd7-457b-bbff-602d141efbeb",
        "x-ms-ratelimit-remaining-subscription-reads": "11998",
        "x-ms-request-id": "25f64c2e-3cd7-457b-bbff-602d141efbeb",
        "x-ms-routing-request-id": "KOREASOUTH:20220810T140638Z:25f64c2e-3cd7-457b-bbff-602d141efbeb"
      },
      "ResponseBody": {
        "value": [
          {
            "type": "Microsoft.ContainerRegistry/registries/privateLinkResources",
            "id": "/subscriptions/db1ab6f0-4769-4b27-930e-01e2ef9c123c/resourceGroups/testRg9673/providers/Microsoft.ContainerRegistry/registries/acrregistry2613/privateLinkResources/registry",
            "name": "registry",
            "properties": {
              "groupId": "registry",
              "requiredMembers": [
                "registry_data_westus",
                "registry"
              ],
              "requiredZoneNames": [
                "privatelink.azurecr.io"
              ]
            }
          }
        ]
      }
    },
    {
      "RequestUri": "https://management.azure.com/subscriptions/db1ab6f0-4769-4b27-930e-01e2ef9c123c/resourceGroups/testRg9673/providers/Microsoft.ContainerRegistry/registries/acrregistry2613/privateLinkResources/registry?api-version=2021-09-01",
      "RequestMethod": "GET",
      "RequestHeaders": {
        "Accept": "application/json",
        "Authorization": "Sanitized",
        "traceparent": "00-15f28c4de7dc7b408145689bfc1ca7f9-7a2e4a1f2ea7f84f-00",
        "User-Agent": "azsdk-net-ResourceManager.ContainerRegistry/1.0.0-alpha.20220810.1 (.NET Framework 4.8.4510.0; Microsoft Windows 10.0.22000 )",
        "x-ms-client-request-id": "0b0078fa6af459f4620c11fb539b2ebe",
        "x-ms-return-client-request-id": "true"
      },
      "RequestBody": null,
      "StatusCode": 200,
      "ResponseHeaders": {
        "api-supported-versions": "2021-09-01",
        "Cache-Control": "no-cache",
        "Content-Length": "405",
        "Content-Type": "application/json; charset=utf-8",
        "Date": "Wed, 10 Aug 2022 14:06:38 GMT",
        "Expires": "-1",
        "Pragma": "no-cache",
        "Server": "Microsoft-HTTPAPI/2.0",
        "Strict-Transport-Security": "max-age=31536000; includeSubDomains",
        "X-Content-Type-Options": "nosniff",
        "x-ms-correlation-request-id": "50ee6c25-3bb2-4efc-8581-6e3b22cbaa00",
        "x-ms-ratelimit-remaining-subscription-reads": "11997",
        "x-ms-request-id": "50ee6c25-3bb2-4efc-8581-6e3b22cbaa00",
        "x-ms-routing-request-id": "KOREASOUTH:20220810T140639Z:50ee6c25-3bb2-4efc-8581-6e3b22cbaa00"
      },
      "ResponseBody": {
        "type": "Microsoft.ContainerRegistry/registries/privateLinkResources",
        "id": "/subscriptions/db1ab6f0-4769-4b27-930e-01e2ef9c123c/resourceGroups/testRg9673/providers/Microsoft.ContainerRegistry/registries/acrregistry2613/privateLinkResources/registry",
        "name": "registry",
        "properties": {
          "groupId": "registry",
          "requiredMembers": [
            "registry_data_westus",
            "registry"
          ],
          "requiredZoneNames": [
            "privatelink.azurecr.io"
          ]
        }
      }
    }
  ],
  "Variables": {
    "AZURE_AUTHORITY_HOST": "https://login.microsoftonline.com",
    "RandomSeed": "1266992074",
    "RESOURCE_MANAGER_URL": "https://management.azure.com",
    "SUBSCRIPTION_ID": "db1ab6f0-4769-4b27-930e-01e2ef9c123c"
  }
}
