{
  "Entries": [
    {
      "RequestUri": "https://management.azure.com/subscriptions/db1ab6f0-4769-4b27-930e-01e2ef9c123c?api-version=2021-01-01",
      "RequestMethod": "GET",
      "RequestHeaders": {
        "Accept": "application/json",
        "Authorization": "Sanitized",
        "traceparent": "00-f7c2648e87211f1b240930772ee21519-9268453563b0a543-00",
        "User-Agent": "azsdk-net-ResourceManager/1.4.0 (.NET 7.0.2; Microsoft Windows 10.0.22621)",
        "x-ms-client-request-id": "8c662c1dc1e5f2d48a2540ae7ece8826",
        "x-ms-return-client-request-id": "true"
      },
      "RequestBody": null,
      "StatusCode": 200,
      "ResponseHeaders": {
        "Cache-Control": "no-cache",
        "Content-Length": "748",
        "Content-Type": "application/json; charset=utf-8",
        "Date": "Wed, 15 Feb 2023 08:58:17 GMT",
        "Expires": "-1",
        "Pragma": "no-cache",
        "Strict-Transport-Security": "max-age=31536000; includeSubDomains",
        "X-Content-Type-Options": "nosniff",
        "x-ms-correlation-request-id": "8b133379-a8f5-4742-8262-8390dba3dba2",
        "x-ms-ratelimit-remaining-subscription-reads": "11832",
        "x-ms-request-id": "8b133379-a8f5-4742-8262-8390dba3dba2",
        "x-ms-routing-request-id": "SOUTHEASTASIA:20230215T085818Z:8b133379-a8f5-4742-8262-8390dba3dba2"
      },
      "ResponseBody": {
        "id": "/subscriptions/db1ab6f0-4769-4b27-930e-01e2ef9c123c",
        "authorizationSource": "RoleBased",
        "managedByTenants": [],
        "tags": {
          "TagKey-9823": "TagValue-1254",
          "TagKey-3481": "TagValue-320",
          "TagKey-4926": "TagValue-1187",
          "TagKey-751": "TagValue-3921",
          "TagKey-1866": "TagValue-8559",
          "TagKey-3094": "TagValue-9190",
          "TagKey-2449": "TagValue-9",
          "TagKey-8379": "TagValue-164",
          "TagKey-7470": "TagValue-2205",
          "TagKey-4236": "TagValue-3698",
          "TagKey-5316": "TagValue-2725"
        },
        "subscriptionId": "db1ab6f0-4769-4b27-930e-01e2ef9c123c",
        "tenantId": "72f988bf-86f1-41af-91ab-2d7cd011db47",
        "displayName": ".NET Mgmt SDK Test with TTL = 1 Day",
        "state": "Enabled",
        "subscriptionPolicies": {
          "locationPlacementId": "Internal_2014-09-01",
          "quotaId": "Internal_2014-09-01",
          "spendingLimit": "Off"
        }
      }
    },
    {
      "RequestUri": "https://management.azure.com/subscriptions/db1ab6f0-4769-4b27-930e-01e2ef9c123c/resourcegroups/testRg7374?api-version=**",
      "RequestMethod": "PUT",
      "RequestHeaders": {
        "Accept": "application/json",
        "Authorization": "Sanitized",
        "Content-Length": "21",
        "Content-Type": "application/json",
        "traceparent": "00-ed4738023999ff78e306b88cab702f09-ebe526e5cd4fb366-00",
        "User-Agent": "azsdk-net-ResourceManager/1.4.0 (.NET 7.0.2; Microsoft Windows 10.0.22621)",
        "x-ms-client-request-id": "eec0e7302674348d11fab2cfd3adfecf",
        "x-ms-return-client-request-id": "true"
      },
      "RequestBody": {
        "location": "westus"
      },
      "StatusCode": 201,
      "ResponseHeaders": {
        "Cache-Control": "no-cache",
        "Content-Length": "217",
        "Content-Type": "application/json; charset=utf-8",
        "Date": "Wed, 15 Feb 2023 08:58:20 GMT",
        "Expires": "-1",
        "Pragma": "no-cache",
        "Strict-Transport-Security": "max-age=31536000; includeSubDomains",
        "X-Content-Type-Options": "nosniff",
        "x-ms-correlation-request-id": "b804037e-a9bf-4ff6-b228-da0e9dc7d6df",
        "x-ms-ratelimit-remaining-subscription-writes": "1153",
        "x-ms-request-id": "b804037e-a9bf-4ff6-b228-da0e9dc7d6df",
        "x-ms-routing-request-id": "SOUTHEASTASIA:20230215T085820Z:b804037e-a9bf-4ff6-b228-da0e9dc7d6df"
      },
      "ResponseBody": {
        "id": "/subscriptions/db1ab6f0-4769-4b27-930e-01e2ef9c123c/resourceGroups/testRg7374",
        "name": "testRg7374",
        "type": "Microsoft.Resources/resourceGroups",
        "location": "westus",
        "properties": {
          "provisioningState": "Succeeded"
        }
      }
    },
    {
      "RequestUri": "https://management.azure.com/subscriptions/db1ab6f0-4769-4b27-930e-01e2ef9c123c/resourceGroups/testRg7374/providers/Microsoft.ContainerRegistry/registries/acrregistry1708?api-version=2022-12-01",
      "RequestMethod": "PUT",
      "RequestHeaders": {
        "Accept": "application/json",
        "Authorization": "Sanitized",
        "Content-Length": "103",
        "Content-Type": "application/json",
        "traceparent": "00-6ccfb1e42483859ba0b109f5f82c21a0-b5502efe2faf1f99-00",
        "User-Agent": "azsdk-net-ResourceManager.ContainerRegistry/1.1.0-alpha.20230215.1 (.NET 7.0.2; Microsoft Windows 10.0.22621)",
        "x-ms-client-request-id": "7bb58893903bfd3dadfc3e3bed3a5985",
        "x-ms-return-client-request-id": "true"
      },
      "RequestBody": {
        "sku": {
          "name": "Premium"
        },
        "tags": {
          "key1": "value1",
          "key2": "value2"
        },
        "location": "westus",
        "properties": {}
      },
      "StatusCode": 200,
      "ResponseHeaders": {
        "api-supported-versions": "2022-12-01",
        "Cache-Control": "no-cache",
        "Content-Length": "1500",
        "Content-Type": "application/json; charset=utf-8",
        "Date": "Wed, 15 Feb 2023 08:58:29 GMT",
        "Expires": "-1",
        "Pragma": "no-cache",
        "Server": "Microsoft-HTTPAPI/2.0",
        "Strict-Transport-Security": "max-age=31536000; includeSubDomains",
        "X-Content-Type-Options": "nosniff",
        "x-ms-correlation-request-id": "c5733d38-c1d1-4a4f-b52c-e864d47881db",
        "x-ms-ratelimit-remaining-subscription-writes": "1152",
        "x-ms-request-id": "c5733d38-c1d1-4a4f-b52c-e864d47881db",
        "x-ms-routing-request-id": "SOUTHEASTASIA:20230215T085829Z:c5733d38-c1d1-4a4f-b52c-e864d47881db"
      },
      "ResponseBody": {
        "sku": {
          "name": "Premium",
          "tier": "Premium"
        },
        "type": "Microsoft.ContainerRegistry/registries",
        "id": "/subscriptions/db1ab6f0-4769-4b27-930e-01e2ef9c123c/resourceGroups/testRg7374/providers/Microsoft.ContainerRegistry/registries/acrregistry1708",
        "name": "acrregistry1708",
        "location": "westus",
        "tags": {
          "key1": "value1",
          "key2": "value2"
        },
        "systemData": {
          "createdBy": "ea0eddd2-3d60-47f8-b3bf-7ec8ae554d10",
          "createdByType": "Application",
          "createdAt": "2023-02-15T08:58:21.8411635\u002B00:00",
          "lastModifiedBy": "ea0eddd2-3d60-47f8-b3bf-7ec8ae554d10",
          "lastModifiedByType": "Application",
          "lastModifiedAt": "2023-02-15T08:58:21.8411635\u002B00:00"
        },
        "properties": {
          "loginServer": "acrregistry1708.azurecr.io",
          "creationDate": "2023-02-15T08:58:21.8411635Z",
          "provisioningState": "Succeeded",
          "adminUserEnabled": false,
          "networkRuleSet": {
            "defaultAction": "Allow",
            "ipRules": []
          },
          "policies": {
            "quarantinePolicy": {
              "status": "disabled"
            },
            "trustPolicy": {
              "type": "Notary",
              "status": "disabled"
            },
            "retentionPolicy": {
              "days": 7,
              "lastUpdatedTime": "2023-02-15T08:58:28.4050645\u002B00:00",
              "status": "disabled"
            },
            "exportPolicy": {
              "status": "enabled"
            },
            "azureADAuthenticationAsArmPolicy": {
              "status": "enabled"
            },
            "softDeletePolicy": {
              "retentionDays": 7,
              "lastUpdatedTime": "2023-02-15T08:58:28.4050645\u002B00:00",
              "status": "disabled"
            }
          },
          "encryption": {
            "status": "disabled"
          },
          "dataEndpointEnabled": false,
          "dataEndpointHostNames": [],
          "privateEndpointConnections": [],
          "publicNetworkAccess": "Enabled",
          "networkRuleBypassOptions": "AzureServices",
          "zoneRedundancy": "Disabled",
          "anonymousPullEnabled": false
        }
      }
    },
    {
      "RequestUri": "https://management.azure.com/subscriptions/db1ab6f0-4769-4b27-930e-01e2ef9c123c/resourceGroups/testRg7374/providers/Microsoft.ContainerRegistry/registries/acrregistry1708/privateLinkResources?api-version=2022-12-01",
      "RequestMethod": "GET",
      "RequestHeaders": {
        "Accept": "application/json",
        "Authorization": "Sanitized",
        "User-Agent": "azsdk-net-ResourceManager.ContainerRegistry/1.1.0-alpha.20230215.1 (.NET 7.0.2; Microsoft Windows 10.0.22621)",
        "x-ms-client-request-id": "003becdec07157f482f0c7294ff923c0",
        "x-ms-return-client-request-id": "true"
      },
      "RequestBody": null,
      "StatusCode": 200,
      "ResponseHeaders": {
        "api-supported-versions": "2022-12-01",
        "Cache-Control": "no-cache",
        "Content-Length": "417",
        "Content-Type": "application/json; charset=utf-8",
        "Date": "Wed, 15 Feb 2023 08:58:29 GMT",
        "Expires": "-1",
        "Pragma": "no-cache",
        "Server": "Microsoft-HTTPAPI/2.0",
        "Strict-Transport-Security": "max-age=31536000; includeSubDomains",
        "X-Content-Type-Options": "nosniff",
        "x-ms-correlation-request-id": "7e68c446-94f9-47a7-9255-10eb9b6f3acb",
        "x-ms-ratelimit-remaining-subscription-reads": "11831",
        "x-ms-request-id": "7e68c446-94f9-47a7-9255-10eb9b6f3acb",
        "x-ms-routing-request-id": "SOUTHEASTASIA:20230215T085830Z:7e68c446-94f9-47a7-9255-10eb9b6f3acb"
      },
      "ResponseBody": {
        "value": [
          {
            "type": "Microsoft.ContainerRegistry/registries/privateLinkResources",
            "id": "/subscriptions/db1ab6f0-4769-4b27-930e-01e2ef9c123c/resourceGroups/testRg7374/providers/Microsoft.ContainerRegistry/registries/acrregistry1708/privateLinkResources/registry",
            "name": "registry",
            "properties": {
              "groupId": "registry",
              "requiredMembers": [
                "registry_data_westus",
                "registry"
              ],
              "requiredZoneNames": [
                "privatelink.azurecr.io"
              ]
            }
          }
        ]
      }
    },
    {
      "RequestUri": "https://management.azure.com/subscriptions/db1ab6f0-4769-4b27-930e-01e2ef9c123c/resourceGroups/testRg7374/providers/Microsoft.ContainerRegistry/registries/acrregistry1708/privateLinkResources/registry?api-version=2022-12-01",
      "RequestMethod": "GET",
      "RequestHeaders": {
        "Accept": "application/json",
        "Authorization": "Sanitized",
        "traceparent": "00-36e6a2548648c1a50033aca4f81a8ffa-d59f7d5e46359df5-00",
        "User-Agent": "azsdk-net-ResourceManager.ContainerRegistry/1.1.0-alpha.20230215.1 (.NET 7.0.2; Microsoft Windows 10.0.22621)",
        "x-ms-client-request-id": "ba974a58b340ea8482dc2366c91adaf7",
        "x-ms-return-client-request-id": "true"
      },
      "RequestBody": null,
      "StatusCode": 200,
      "ResponseHeaders": {
        "api-supported-versions": "2022-12-01",
        "Cache-Control": "no-cache",
        "Content-Length": "405",
        "Content-Type": "application/json; charset=utf-8",
        "Date": "Wed, 15 Feb 2023 08:58:30 GMT",
        "Expires": "-1",
        "Pragma": "no-cache",
        "Server": "Microsoft-HTTPAPI/2.0",
        "Strict-Transport-Security": "max-age=31536000; includeSubDomains",
        "X-Content-Type-Options": "nosniff",
        "x-ms-correlation-request-id": "556fbf4b-e300-48ba-b57b-24f001a1d7cb",
        "x-ms-ratelimit-remaining-subscription-reads": "11830",
        "x-ms-request-id": "556fbf4b-e300-48ba-b57b-24f001a1d7cb",
        "x-ms-routing-request-id": "SOUTHEASTASIA:20230215T085830Z:556fbf4b-e300-48ba-b57b-24f001a1d7cb"
      },
      "ResponseBody": {
        "type": "Microsoft.ContainerRegistry/registries/privateLinkResources",
        "id": "/subscriptions/db1ab6f0-4769-4b27-930e-01e2ef9c123c/resourceGroups/testRg7374/providers/Microsoft.ContainerRegistry/registries/acrregistry1708/privateLinkResources/registry",
        "name": "registry",
        "properties": {
          "groupId": "registry",
          "requiredMembers": [
            "registry_data_westus",
            "registry"
          ],
          "requiredZoneNames": [
            "privatelink.azurecr.io"
          ]
        }
      }
    }
  ],
  "Variables": {
    "AZURE_AUTHORITY_HOST": "https://login.microsoftonline.com",
    "RandomSeed": "1038381003",
    "RESOURCE_MANAGER_URL": "https://management.azure.com/",
    "SUBSCRIPTION_ID": "db1ab6f0-4769-4b27-930e-01e2ef9c123c"
  }
}
