{
  "Entries": [
    {
      "RequestUri": "https://management.azure.com/subscriptions/db1ab6f0-4769-4b27-930e-01e2ef9c123c?api-version=2021-01-01",
      "RequestMethod": "GET",
      "RequestHeaders": {
        "Accept": "application/json",
        "Authorization": "Sanitized",
        "traceparent": "00-db883658ac9bbd40bca6276834c3c227-d7b47e126b91bc47-00",
        "User-Agent": "azsdk-net-ResourceManager/1.3.0 (.NET Framework 4.8.4510.0; Microsoft Windows 10.0.22000 )",
        "x-ms-client-request-id": "01c95be5aed2bcea9386f7423a704f43",
        "x-ms-return-client-request-id": "true"
      },
      "RequestBody": null,
      "StatusCode": 200,
      "ResponseHeaders": {
        "Cache-Control": "no-cache",
        "Content-Length": "747",
        "Content-Type": "application/json; charset=utf-8",
        "Date": "Wed, 17 Aug 2022 01:45:54 GMT",
        "Expires": "-1",
        "Pragma": "no-cache",
        "Strict-Transport-Security": "max-age=31536000; includeSubDomains",
        "X-Content-Type-Options": "nosniff",
        "x-ms-correlation-request-id": "7550e7e0-4d4d-45af-9e6b-ff8dda1b5e8c",
        "x-ms-ratelimit-remaining-subscription-reads": "11996",
        "x-ms-request-id": "7550e7e0-4d4d-45af-9e6b-ff8dda1b5e8c",
        "x-ms-routing-request-id": "KOREASOUTH:20220817T014555Z:7550e7e0-4d4d-45af-9e6b-ff8dda1b5e8c"
      },
      "ResponseBody": {
        "id": "/subscriptions/db1ab6f0-4769-4b27-930e-01e2ef9c123c",
        "authorizationSource": "RoleBased",
        "managedByTenants": [],
        "tags": {
          "TagKey-9823": "TagValue-566",
          "TagKey-3481": "TagValue-320",
          "TagKey-4926": "TagValue-1187",
          "TagKey-751": "TagValue-3921",
          "TagKey-1866": "TagValue-8559",
          "TagKey-3094": "TagValue-9190",
          "TagKey-2449": "TagValue-9",
          "TagKey-8379": "TagValue-164",
          "TagKey-7470": "TagValue-2205",
          "TagKey-4236": "TagValue-3698",
          "TagKey-5316": "TagValue-2725"
        },
        "subscriptionId": "db1ab6f0-4769-4b27-930e-01e2ef9c123c",
        "tenantId": "72f988bf-86f1-41af-91ab-2d7cd011db47",
        "displayName": ".NET Mgmt SDK Test with TTL = 1 Day",
        "state": "Enabled",
        "subscriptionPolicies": {
          "locationPlacementId": "Internal_2014-09-01",
          "quotaId": "Internal_2014-09-01",
          "spendingLimit": "Off"
        }
      }
    },
    {
      "RequestUri": "https://management.azure.com/subscriptions/db1ab6f0-4769-4b27-930e-01e2ef9c123c/resourcegroups/testRg9834?api-version=2021-04-01",
      "RequestMethod": "PUT",
      "RequestHeaders": {
        "Accept": "application/json",
        "Authorization": "Sanitized",
        "Content-Length": "21",
        "Content-Type": "application/json",
        "traceparent": "00-043b1f1a7191004594688765147e9ae7-c9e3cf0b92dbd24a-00",
        "User-Agent": "azsdk-net-ResourceManager/1.3.0 (.NET Framework 4.8.4510.0; Microsoft Windows 10.0.22000 )",
        "x-ms-client-request-id": "611f2250f68f24f5cb5f2719d6633d01",
        "x-ms-return-client-request-id": "true"
      },
      "RequestBody": {
        "location": "westus"
      },
      "StatusCode": 201,
      "ResponseHeaders": {
        "Cache-Control": "no-cache",
        "Content-Length": "217",
        "Content-Type": "application/json; charset=utf-8",
        "Date": "Wed, 17 Aug 2022 01:45:55 GMT",
        "Expires": "-1",
        "Pragma": "no-cache",
        "Strict-Transport-Security": "max-age=31536000; includeSubDomains",
        "X-Content-Type-Options": "nosniff",
        "x-ms-correlation-request-id": "ecd8e2b8-410d-497a-b14f-a22e86a0b478",
        "x-ms-ratelimit-remaining-subscription-writes": "1196",
        "x-ms-request-id": "ecd8e2b8-410d-497a-b14f-a22e86a0b478",
        "x-ms-routing-request-id": "KOREASOUTH:20220817T014556Z:ecd8e2b8-410d-497a-b14f-a22e86a0b478"
      },
      "ResponseBody": {
        "id": "/subscriptions/db1ab6f0-4769-4b27-930e-01e2ef9c123c/resourceGroups/testRg9834",
        "name": "testRg9834",
        "type": "Microsoft.Resources/resourceGroups",
        "location": "westus",
        "properties": {
          "provisioningState": "Succeeded"
        }
      }
    },
    {
      "RequestUri": "https://management.azure.com/subscriptions/db1ab6f0-4769-4b27-930e-01e2ef9c123c/resourceGroups/testRg9834/providers/Microsoft.ContainerRegistry/registries/acrregistry854?api-version=2022-02-01-preview",
      "RequestMethod": "PUT",
      "RequestHeaders": {
        "Accept": "application/json",
        "Authorization": "Sanitized",
        "Content-Length": "103",
        "Content-Type": "application/json",
        "traceparent": "00-cf39538838f50a4f8e748f8c906006f1-00409aa0a138fe49-00",
        "User-Agent": "azsdk-net-ResourceManager.ContainerRegistry/1.1.0-alpha.20220817.1 (.NET Framework 4.8.4510.0; Microsoft Windows 10.0.22000 )",
        "x-ms-client-request-id": "47257140d842896c1ca8a10ffa525e2b",
        "x-ms-return-client-request-id": "true"
      },
      "RequestBody": {
        "sku": {
          "name": "Premium"
        },
        "tags": {
          "key1": "value1",
          "key2": "value2"
        },
        "location": "westus",
        "properties": {}
      },
      "StatusCode": 200,
      "ResponseHeaders": {
        "api-supported-versions": "2022-02-01-preview",
        "Cache-Control": "no-cache",
        "Content-Length": "1497",
        "Content-Type": "application/json; charset=utf-8",
        "Date": "Wed, 17 Aug 2022 01:45:59 GMT",
        "Expires": "-1",
        "Pragma": "no-cache",
        "Server": "Microsoft-HTTPAPI/2.0",
        "Strict-Transport-Security": "max-age=31536000; includeSubDomains",
        "X-Content-Type-Options": "nosniff",
        "x-ms-correlation-request-id": "c0c2b866-ccf7-4c35-ae44-7b3c8d0b8a0b",
        "x-ms-ratelimit-remaining-subscription-writes": "1195",
        "x-ms-request-id": "c0c2b866-ccf7-4c35-ae44-7b3c8d0b8a0b",
        "x-ms-routing-request-id": "KOREASOUTH:20220817T014559Z:c0c2b866-ccf7-4c35-ae44-7b3c8d0b8a0b"
      },
      "ResponseBody": {
        "sku": {
          "name": "Premium",
          "tier": "Premium"
        },
        "type": "Microsoft.ContainerRegistry/registries",
        "id": "/subscriptions/db1ab6f0-4769-4b27-930e-01e2ef9c123c/resourceGroups/testRg9834/providers/Microsoft.ContainerRegistry/registries/acrregistry854",
        "name": "acrregistry854",
        "location": "westus",
        "tags": {
          "key1": "value1",
          "key2": "value2"
        },
        "systemData": {
          "createdBy": "ea0eddd2-3d60-47f8-b3bf-7ec8ae554d10",
          "createdByType": "Application",
          "createdAt": "2022-08-17T01:45:57.8290278\u002B00:00",
          "lastModifiedBy": "ea0eddd2-3d60-47f8-b3bf-7ec8ae554d10",
          "lastModifiedByType": "Application",
          "lastModifiedAt": "2022-08-17T01:45:57.8290278\u002B00:00"
        },
        "properties": {
          "loginServer": "acrregistry854.azurecr.io",
          "creationDate": "2022-08-17T01:45:57.8290278Z",
          "provisioningState": "Succeeded",
          "adminUserEnabled": false,
          "networkRuleSet": {
            "defaultAction": "Allow",
            "ipRules": []
          },
          "policies": {
            "quarantinePolicy": {
              "status": "disabled"
            },
            "trustPolicy": {
              "type": "Notary",
              "status": "disabled"
            },
            "retentionPolicy": {
              "days": 7,
              "lastUpdatedTime": "2022-08-17T01:45:58.7886735\u002B00:00",
              "status": "disabled"
            },
            "exportPolicy": {
              "status": "enabled"
            },
            "azureADAuthenticationAsArmPolicy": {
              "status": "enabled"
            },
            "softDeletePolicy": {
              "retentionDays": 7,
              "lastUpdatedTime": "2022-08-17T01:45:58.7886735\u002B00:00",
              "status": "disabled"
            }
          },
          "encryption": {
            "status": "disabled"
          },
          "dataEndpointEnabled": false,
          "dataEndpointHostNames": [],
          "privateEndpointConnections": [],
          "publicNetworkAccess": "Enabled",
          "networkRuleBypassOptions": "AzureServices",
          "zoneRedundancy": "Disabled",
          "anonymousPullEnabled": false
        }
      }
    },
    {
      "RequestUri": "https://management.azure.com/subscriptions/db1ab6f0-4769-4b27-930e-01e2ef9c123c/resourceGroups/testRg9834/providers/Microsoft.ContainerRegistry/registries/acrregistry854/exportPipelines/acrexportpipeline5650?api-version=2022-02-01-preview",
      "RequestMethod": "PUT",
      "RequestHeaders": {
        "Accept": "application/json",
        "Authorization": "Sanitized",
        "Content-Length": "251",
        "Content-Type": "application/json",
        "traceparent": "00-cd67d9167d46e942aae59bdaa50a1bf3-ad646b658280954c-00",
        "User-Agent": "azsdk-net-ResourceManager.ContainerRegistry/1.1.0-alpha.20220817.1 (.NET Framework 4.8.4510.0; Microsoft Windows 10.0.22000 )",
        "x-ms-client-request-id": "1ede30de0da0b349d8734d5314d10dc9",
        "x-ms-return-client-request-id": "true"
      },
      "RequestBody": {
        "location": "westus",
        "identity": {
          "type": "SystemAssigned"
        },
        "properties": {
          "target": {
            "type": "AzureStorageBlobContainer",
            "uri": "https://accountname.blob.core.windows.net/containername",
            "keyVaultUri": "https://vaultname.vault.azure.net/secrets/exportsas"
          }
        }
      },
      "StatusCode": 200,
      "ResponseHeaders": {
        "api-supported-versions": "2019-12-01-preview, 2020-11-01-preview, 2021-06-01-preview, 2021-08-01-preview, 2021-12-01-preview, 2022-02-01-preview",
        "Cache-Control": "no-cache",
        "Content-Length": "956",
        "Content-Type": "application/json; charset=utf-8",
        "Date": "Wed, 17 Aug 2022 01:46:00 GMT",
        "Expires": "-1",
        "Pragma": "no-cache",
        "Server": "Microsoft-HTTPAPI/2.0",
        "Strict-Transport-Security": "max-age=31536000; includeSubDomains",
        "X-Content-Type-Options": "nosniff",
        "x-ms-correlation-request-id": "7b3ec649-8867-4253-a9a7-87452f351d79",
        "x-ms-ratelimit-remaining-subscription-writes": "1194",
        "x-ms-request-id": "7b3ec649-8867-4253-a9a7-87452f351d79",
        "x-ms-routing-request-id": "KOREASOUTH:20220817T014601Z:7b3ec649-8867-4253-a9a7-87452f351d79"
      },
      "ResponseBody": {
        "type": "Microsoft.ContainerRegistry/registries/exportPipelines",
        "location": "WESTUS",
        "identity": {
          "principalId": "83f41f4e-f2f0-4b16-87b9-2ed996a2135b",
          "tenantId": "72f988bf-86f1-41af-91ab-2d7cd011db47",
          "type": "systemAssigned"
        },
        "id": "/subscriptions/db1ab6f0-4769-4b27-930e-01e2ef9c123c/resourceGroups/testRg9834/providers/Microsoft.ContainerRegistry/registries/acrregistry854/exportPipelines/acrexportpipeline5650",
        "name": "acrexportpipeline5650",
        "systemData": {
          "createdBy": "ea0eddd2-3d60-47f8-b3bf-7ec8ae554d10",
          "createdByType": "Application",
          "createdAt": "2022-08-17T01:46:00.1117599\u002B00:00",
          "lastModifiedBy": "ea0eddd2-3d60-47f8-b3bf-7ec8ae554d10",
          "lastModifiedByType": "Application",
          "lastModifiedAt": "2022-08-17T01:46:00.1117599\u002B00:00"
        },
        "properties": {
          "target": {
            "type": "AzureStorageBlobContainer",
            "uri": "https://accountname.blob.core.windows.net/containername",
            "keyVaultUri": "https://vaultname.vault.azure.net/secrets/exportsas"
          },
          "provisioningState": "Succeeded"
        }
      }
    },
    {
      "RequestUri": "https://management.azure.com/subscriptions/db1ab6f0-4769-4b27-930e-01e2ef9c123c/resourceGroups/testRg9834/providers/Microsoft.ContainerRegistry/registries/acrregistry854/exportPipelines?api-version=2022-02-01-preview",
      "RequestMethod": "GET",
      "RequestHeaders": {
        "Accept": "application/json",
        "Authorization": "Sanitized",
        "traceparent": "00-ab23e4c0073b1348a51c08dc6b2a795a-72864322399bd140-00",
        "User-Agent": "azsdk-net-ResourceManager.ContainerRegistry/1.1.0-alpha.20220817.1 (.NET Framework 4.8.4510.0; Microsoft Windows 10.0.22000 )",
        "x-ms-client-request-id": "221ccee70d7f339b23a385e21780c734",
        "x-ms-return-client-request-id": "true"
      },
      "RequestBody": null,
      "StatusCode": 200,
      "ResponseHeaders": {
        "api-supported-versions": "2019-12-01-preview, 2020-11-01-preview, 2021-06-01-preview, 2021-08-01-preview, 2021-12-01-preview, 2022-02-01-preview",
        "Cache-Control": "no-cache",
        "Content-Length": "968",
        "Content-Type": "application/json; charset=utf-8",
        "Date": "Wed, 17 Aug 2022 01:46:00 GMT",
        "Expires": "-1",
        "Pragma": "no-cache",
        "Server": "Microsoft-HTTPAPI/2.0",
        "Strict-Transport-Security": "max-age=31536000; includeSubDomains",
        "X-Content-Type-Options": "nosniff",
        "x-ms-correlation-request-id": "8da5df8b-0348-47f2-8925-94d3a97c1ab3",
        "x-ms-ratelimit-remaining-subscription-reads": "11995",
        "x-ms-request-id": "8da5df8b-0348-47f2-8925-94d3a97c1ab3",
        "x-ms-routing-request-id": "KOREASOUTH:20220817T014601Z:8da5df8b-0348-47f2-8925-94d3a97c1ab3"
      },
      "ResponseBody": {
        "value": [
          {
            "type": "Microsoft.ContainerRegistry/registries/exportPipelines",
            "location": "WESTUS",
            "identity": {
              "principalId": "83f41f4e-f2f0-4b16-87b9-2ed996a2135b",
              "tenantId": "72f988bf-86f1-41af-91ab-2d7cd011db47",
              "type": "systemAssigned"
            },
            "id": "/subscriptions/db1ab6f0-4769-4b27-930e-01e2ef9c123c/resourceGroups/testRg9834/providers/Microsoft.ContainerRegistry/registries/acrregistry854/exportPipelines/acrexportpipeline5650",
            "name": "acrexportpipeline5650",
            "systemData": {
              "createdBy": "ea0eddd2-3d60-47f8-b3bf-7ec8ae554d10",
              "createdByType": "Application",
              "createdAt": "2022-08-17T01:46:00.1117599\u002B00:00",
              "lastModifiedBy": "ea0eddd2-3d60-47f8-b3bf-7ec8ae554d10",
              "lastModifiedByType": "Application",
              "lastModifiedAt": "2022-08-17T01:46:00.1117599\u002B00:00"
            },
            "properties": {
              "target": {
                "type": "AzureStorageBlobContainer",
                "uri": "https://accountname.blob.core.windows.net/containername",
                "keyVaultUri": "https://vaultname.vault.azure.net/secrets/exportsas"
              },
              "provisioningState": "Succeeded"
            }
          }
        ]
      }
    },
    {
      "RequestUri": "https://management.azure.com/subscriptions/db1ab6f0-4769-4b27-930e-01e2ef9c123c/resourceGroups/testRg9834/providers/Microsoft.ContainerRegistry/registries/acrregistry854/exportPipelines/acrexportpipeline5650?api-version=2022-02-01-preview",
      "RequestMethod": "GET",
      "RequestHeaders": {
        "Accept": "application/json",
        "Authorization": "Sanitized",
        "traceparent": "00-8b6c645d30af7747845e8d09c4328117-272cd3f061567941-00",
        "User-Agent": "azsdk-net-ResourceManager.ContainerRegistry/1.1.0-alpha.20220817.1 (.NET Framework 4.8.4510.0; Microsoft Windows 10.0.22000 )",
        "x-ms-client-request-id": "23b4f841ea02df9745d2cc35d0bf09f0",
        "x-ms-return-client-request-id": "true"
      },
      "RequestBody": null,
      "StatusCode": 200,
      "ResponseHeaders": {
        "api-supported-versions": "2019-12-01-preview, 2020-11-01-preview, 2021-06-01-preview, 2021-08-01-preview, 2021-12-01-preview, 2022-02-01-preview",
        "Cache-Control": "no-cache",
        "Content-Length": "956",
        "Content-Type": "application/json; charset=utf-8",
        "Date": "Wed, 17 Aug 2022 01:46:01 GMT",
        "Expires": "-1",
        "Pragma": "no-cache",
        "Server": "Microsoft-HTTPAPI/2.0",
        "Strict-Transport-Security": "max-age=31536000; includeSubDomains",
        "X-Content-Type-Options": "nosniff",
        "x-ms-correlation-request-id": "9b521088-aa85-4016-ad40-5df9396888d8",
        "x-ms-ratelimit-remaining-subscription-reads": "11994",
        "x-ms-request-id": "9b521088-aa85-4016-ad40-5df9396888d8",
        "x-ms-routing-request-id": "KOREASOUTH:20220817T014601Z:9b521088-aa85-4016-ad40-5df9396888d8"
      },
      "ResponseBody": {
        "type": "Microsoft.ContainerRegistry/registries/exportPipelines",
        "location": "WESTUS",
        "identity": {
          "principalId": "83f41f4e-f2f0-4b16-87b9-2ed996a2135b",
          "tenantId": "72f988bf-86f1-41af-91ab-2d7cd011db47",
          "type": "systemAssigned"
        },
        "id": "/subscriptions/db1ab6f0-4769-4b27-930e-01e2ef9c123c/resourceGroups/testRg9834/providers/Microsoft.ContainerRegistry/registries/acrregistry854/exportPipelines/acrexportpipeline5650",
        "name": "acrexportpipeline5650",
        "systemData": {
          "createdBy": "ea0eddd2-3d60-47f8-b3bf-7ec8ae554d10",
          "createdByType": "Application",
          "createdAt": "2022-08-17T01:46:00.1117599\u002B00:00",
          "lastModifiedBy": "ea0eddd2-3d60-47f8-b3bf-7ec8ae554d10",
          "lastModifiedByType": "Application",
          "lastModifiedAt": "2022-08-17T01:46:00.1117599\u002B00:00"
        },
        "properties": {
          "target": {
            "type": "AzureStorageBlobContainer",
            "uri": "https://accountname.blob.core.windows.net/containername",
            "keyVaultUri": "https://vaultname.vault.azure.net/secrets/exportsas"
          },
          "provisioningState": "Succeeded"
        }
      }
    },
    {
      "RequestUri": "https://management.azure.com/subscriptions/db1ab6f0-4769-4b27-930e-01e2ef9c123c/resourceGroups/testRg9834/providers/Microsoft.ContainerRegistry/registries/acrregistry854/exportPipelines/acrexportpipeline5650?api-version=2022-02-01-preview",
      "RequestMethod": "DELETE",
      "RequestHeaders": {
        "Accept": "application/json",
        "Authorization": "Sanitized",
        "traceparent": "00-72574cb669039b47996e3ea729ce7efb-359d9e36e0b81e45-00",
        "User-Agent": "azsdk-net-ResourceManager.ContainerRegistry/1.1.0-alpha.20220817.1 (.NET Framework 4.8.4510.0; Microsoft Windows 10.0.22000 )",
        "x-ms-client-request-id": "466cc913ebb5df49feedac067907f4d1",
        "x-ms-return-client-request-id": "true"
      },
      "RequestBody": null,
      "StatusCode": 200,
      "ResponseHeaders": {
        "api-supported-versions": "2019-12-01-preview, 2020-11-01-preview, 2021-06-01-preview, 2021-08-01-preview, 2021-12-01-preview, 2022-02-01-preview",
        "Cache-Control": "no-cache",
        "Content-Length": "0",
        "Date": "Wed, 17 Aug 2022 01:46:01 GMT",
        "Expires": "-1",
        "Pragma": "no-cache",
        "Server": "Microsoft-HTTPAPI/2.0",
        "Strict-Transport-Security": "max-age=31536000; includeSubDomains",
        "X-Content-Type-Options": "nosniff",
        "x-ms-correlation-request-id": "7f1b82b6-0de5-4c56-b587-bf4338d9da20",
        "x-ms-ratelimit-remaining-subscription-deletes": "14996",
        "x-ms-request-id": "7f1b82b6-0de5-4c56-b587-bf4338d9da20",
        "x-ms-routing-request-id": "KOREASOUTH:20220817T014602Z:7f1b82b6-0de5-4c56-b587-bf4338d9da20"
      },
      "ResponseBody": null
    },
    {
      "RequestUri": "https://management.azure.com/subscriptions/db1ab6f0-4769-4b27-930e-01e2ef9c123c/resourceGroups/testRg9834/providers/Microsoft.ContainerRegistry/registries/acrregistry854/exportPipelines/acrexportpipeline5650?api-version=2022-02-01-preview",
      "RequestMethod": "DELETE",
      "RequestHeaders": {
        "Accept": "application/json",
        "Authorization": "Sanitized",
        "traceparent": "00-72145ac758e73f41a7e43b8a23bba7f7-c0cece42ff085e4c-00",
        "User-Agent": "azsdk-net-ResourceManager.ContainerRegistry/1.1.0-alpha.20220817.1 (.NET Framework 4.8.4510.0; Microsoft Windows 10.0.22000 )",
        "x-ms-client-request-id": "4dce949a8114567faed425143e90663e",
        "x-ms-return-client-request-id": "true"
      },
      "RequestBody": null,
      "StatusCode": 204,
      "ResponseHeaders": {
        "api-supported-versions": "2019-12-01-preview, 2020-11-01-preview, 2021-06-01-preview, 2021-08-01-preview, 2021-12-01-preview, 2022-02-01-preview",
        "Cache-Control": "no-cache",
        "Date": "Wed, 17 Aug 2022 01:46:02 GMT",
        "Expires": "-1",
        "Pragma": "no-cache",
        "Server": "Microsoft-HTTPAPI/2.0",
        "Strict-Transport-Security": "max-age=31536000; includeSubDomains",
        "X-Content-Type-Options": "nosniff",
        "x-ms-correlation-request-id": "917185d3-7174-44d8-8439-1a22e5aa76eb",
        "x-ms-ratelimit-remaining-subscription-deletes": "14995",
        "x-ms-request-id": "917185d3-7174-44d8-8439-1a22e5aa76eb",
        "x-ms-routing-request-id": "KOREASOUTH:20220817T014602Z:917185d3-7174-44d8-8439-1a22e5aa76eb"
      },
      "ResponseBody": null
    },
    {
      "RequestUri": "https://management.azure.com/subscriptions/db1ab6f0-4769-4b27-930e-01e2ef9c123c/resourceGroups/testRg9834/providers/Microsoft.ContainerRegistry/registries/acrregistry854?api-version=2022-02-01-preview",
      "RequestMethod": "DELETE",
      "RequestHeaders": {
        "Authorization": "Sanitized",
        "traceparent": "00-21bbac4c46a90a4fbaa058f6cb63ce8d-56abc58073289c4e-00",
        "User-Agent": "azsdk-net-ResourceManager.ContainerRegistry/1.1.0-alpha.20220817.1 (.NET Framework 4.8.4510.0; Microsoft Windows 10.0.22000 )",
        "x-ms-client-request-id": "e46c498ba63821bd88f2035d166dbea6",
        "x-ms-return-client-request-id": "true"
      },
      "RequestBody": null,
      "StatusCode": 200,
      "ResponseHeaders": {
        "api-supported-versions": "2022-02-01-preview",
        "Cache-Control": "no-cache",
        "Content-Length": "0",
        "Date": "Wed, 17 Aug 2022 01:46:06 GMT",
        "Expires": "-1",
        "Pragma": "no-cache",
        "Server": "Microsoft-HTTPAPI/2.0",
        "Strict-Transport-Security": "max-age=31536000; includeSubDomains",
        "X-Content-Type-Options": "nosniff",
        "x-ms-correlation-request-id": "7bbb164e-5455-48a2-8ed4-de884a29c16a",
        "x-ms-ratelimit-remaining-subscription-deletes": "14994",
        "x-ms-request-id": "7bbb164e-5455-48a2-8ed4-de884a29c16a",
        "x-ms-routing-request-id": "KOREASOUTH:20220817T014607Z:7bbb164e-5455-48a2-8ed4-de884a29c16a"
      },
      "ResponseBody": null
    }
  ],
  "Variables": {
    "AZURE_AUTHORITY_HOST": "https://login.microsoftonline.com",
    "RandomSeed": "1381362976",
    "RESOURCE_MANAGER_URL": "https://management.azure.com",
    "SUBSCRIPTION_ID": "db1ab6f0-4769-4b27-930e-01e2ef9c123c"
  }
}
