{
  "Entries": [
    {
      "RequestUri": "https://management.azure.com/subscriptions/db1ab6f0-4769-4b27-930e-01e2ef9c123c?api-version=2021-01-01",
      "RequestMethod": "GET",
      "RequestHeaders": {
        "Accept": "application/json",
        "Authorization": "Sanitized",
        "traceparent": "00-0dfc7983d60cf5419c14884bcf6c32e9-9ee7f71f68ce5d48-00",
        "User-Agent": "azsdk-net-ResourceManager/1.3.0 (.NET Framework 4.8.4510.0; Microsoft Windows 10.0.22000 )",
        "x-ms-client-request-id": "d054ca43639823197a038a1cd55967e4",
        "x-ms-return-client-request-id": "true"
      },
      "RequestBody": null,
      "StatusCode": 200,
      "ResponseHeaders": {
        "Cache-Control": "no-cache",
        "Content-Length": "747",
        "Content-Type": "application/json; charset=utf-8",
        "Date": "Wed, 17 Aug 2022 02:42:01 GMT",
        "Expires": "-1",
        "Pragma": "no-cache",
        "Strict-Transport-Security": "max-age=31536000; includeSubDomains",
        "X-Content-Type-Options": "nosniff",
        "x-ms-correlation-request-id": "b38abd05-2ae6-4926-b5cd-5f832d41db3e",
        "x-ms-ratelimit-remaining-subscription-reads": "11979",
        "x-ms-request-id": "b38abd05-2ae6-4926-b5cd-5f832d41db3e",
        "x-ms-routing-request-id": "KOREASOUTH:20220817T024202Z:b38abd05-2ae6-4926-b5cd-5f832d41db3e"
      },
      "ResponseBody": {
        "id": "/subscriptions/db1ab6f0-4769-4b27-930e-01e2ef9c123c",
        "authorizationSource": "RoleBased",
        "managedByTenants": [],
        "tags": {
          "TagKey-9823": "TagValue-566",
          "TagKey-3481": "TagValue-320",
          "TagKey-4926": "TagValue-1187",
          "TagKey-751": "TagValue-3921",
          "TagKey-1866": "TagValue-8559",
          "TagKey-3094": "TagValue-9190",
          "TagKey-2449": "TagValue-9",
          "TagKey-8379": "TagValue-164",
          "TagKey-7470": "TagValue-2205",
          "TagKey-4236": "TagValue-3698",
          "TagKey-5316": "TagValue-2725"
        },
        "subscriptionId": "db1ab6f0-4769-4b27-930e-01e2ef9c123c",
        "tenantId": "72f988bf-86f1-41af-91ab-2d7cd011db47",
        "displayName": ".NET Mgmt SDK Test with TTL = 1 Day",
        "state": "Enabled",
        "subscriptionPolicies": {
          "locationPlacementId": "Internal_2014-09-01",
          "quotaId": "Internal_2014-09-01",
          "spendingLimit": "Off"
        }
      }
    },
    {
      "RequestUri": "https://management.azure.com/subscriptions/db1ab6f0-4769-4b27-930e-01e2ef9c123c/resourcegroups/testRg4665?api-version=**",
      "RequestMethod": "PUT",
      "RequestHeaders": {
        "Accept": "application/json",
        "Authorization": "Sanitized",
        "Content-Length": "21",
        "Content-Type": "application/json",
        "traceparent": "00-a314e27f4af263418a624c7074e00424-cadbf72773c98f48-00",
        "User-Agent": "azsdk-net-ResourceManager/1.3.0 (.NET Framework 4.8.4510.0; Microsoft Windows 10.0.22000 )",
        "x-ms-client-request-id": "822cec19f59932ec1e7ee7236bca22f3",
        "x-ms-return-client-request-id": "true"
      },
      "RequestBody": {
        "location": "westus"
      },
      "StatusCode": 201,
      "ResponseHeaders": {
        "Cache-Control": "no-cache",
        "Content-Length": "217",
        "Content-Type": "application/json; charset=utf-8",
        "Date": "Wed, 17 Aug 2022 02:42:03 GMT",
        "Expires": "-1",
        "Pragma": "no-cache",
        "Strict-Transport-Security": "max-age=31536000; includeSubDomains",
        "X-Content-Type-Options": "nosniff",
        "x-ms-correlation-request-id": "6b808eb0-7fbf-4c37-8126-67c6191141e9",
        "x-ms-ratelimit-remaining-subscription-writes": "1189",
        "x-ms-request-id": "6b808eb0-7fbf-4c37-8126-67c6191141e9",
        "x-ms-routing-request-id": "KOREASOUTH:20220817T024203Z:6b808eb0-7fbf-4c37-8126-67c6191141e9"
      },
      "ResponseBody": {
        "id": "/subscriptions/db1ab6f0-4769-4b27-930e-01e2ef9c123c/resourceGroups/testRg4665",
        "name": "testRg4665",
        "type": "Microsoft.Resources/resourceGroups",
        "location": "westus",
        "properties": {
          "provisioningState": "Succeeded"
        }
      }
    },
    {
      "RequestUri": "https://management.azure.com/subscriptions/db1ab6f0-4769-4b27-930e-01e2ef9c123c/resourceGroups/testRg4665/providers/Microsoft.ContainerRegistry/registries/acrregistry5346?api-version=2022-02-01-preview",
      "RequestMethod": "PUT",
      "RequestHeaders": {
        "Accept": "application/json",
        "Authorization": "Sanitized",
        "Content-Length": "103",
        "Content-Type": "application/json",
        "traceparent": "00-afcaa2c2bb017e479cac34907cd8815c-7df7ae50a2a04f4d-00",
        "User-Agent": "azsdk-net-ResourceManager.ContainerRegistry/1.1.0-alpha.20220817.1 (.NET Framework 4.8.4510.0; Microsoft Windows 10.0.22000 )",
        "x-ms-client-request-id": "54a63a75ac00443f9a14aecebb415847",
        "x-ms-return-client-request-id": "true"
      },
      "RequestBody": {
        "sku": {
          "name": "Premium"
        },
        "tags": {
          "key1": "value1",
          "key2": "value2"
        },
        "location": "westus",
        "properties": {}
      },
      "StatusCode": 200,
      "ResponseHeaders": {
        "api-supported-versions": "2022-02-01-preview",
        "Cache-Control": "no-cache",
        "Content-Length": "1500",
        "Content-Type": "application/json; charset=utf-8",
        "Date": "Wed, 17 Aug 2022 02:42:06 GMT",
        "Expires": "-1",
        "Pragma": "no-cache",
        "Server": "Microsoft-HTTPAPI/2.0",
        "Strict-Transport-Security": "max-age=31536000; includeSubDomains",
        "X-Content-Type-Options": "nosniff",
        "x-ms-correlation-request-id": "c7a6d1dc-4fa9-47c1-8550-4bd957898e4c",
        "x-ms-ratelimit-remaining-subscription-writes": "1188",
        "x-ms-request-id": "c7a6d1dc-4fa9-47c1-8550-4bd957898e4c",
        "x-ms-routing-request-id": "KOREASOUTH:20220817T024207Z:c7a6d1dc-4fa9-47c1-8550-4bd957898e4c"
      },
      "ResponseBody": {
        "sku": {
          "name": "Premium",
          "tier": "Premium"
        },
        "type": "Microsoft.ContainerRegistry/registries",
        "id": "/subscriptions/db1ab6f0-4769-4b27-930e-01e2ef9c123c/resourceGroups/testRg4665/providers/Microsoft.ContainerRegistry/registries/acrregistry5346",
        "name": "acrregistry5346",
        "location": "westus",
        "tags": {
          "key1": "value1",
          "key2": "value2"
        },
        "systemData": {
          "createdBy": "ea0eddd2-3d60-47f8-b3bf-7ec8ae554d10",
          "createdByType": "Application",
          "createdAt": "2022-08-17T02:42:05.2110961\u002B00:00",
          "lastModifiedBy": "ea0eddd2-3d60-47f8-b3bf-7ec8ae554d10",
          "lastModifiedByType": "Application",
          "lastModifiedAt": "2022-08-17T02:42:05.2110961\u002B00:00"
        },
        "properties": {
          "loginServer": "acrregistry5346.azurecr.io",
          "creationDate": "2022-08-17T02:42:05.2110961Z",
          "provisioningState": "Succeeded",
          "adminUserEnabled": false,
          "networkRuleSet": {
            "defaultAction": "Allow",
            "ipRules": []
          },
          "policies": {
            "quarantinePolicy": {
              "status": "disabled"
            },
            "trustPolicy": {
              "type": "Notary",
              "status": "disabled"
            },
            "retentionPolicy": {
              "days": 7,
              "lastUpdatedTime": "2022-08-17T02:42:06.0524025\u002B00:00",
              "status": "disabled"
            },
            "exportPolicy": {
              "status": "enabled"
            },
            "azureADAuthenticationAsArmPolicy": {
              "status": "enabled"
            },
            "softDeletePolicy": {
              "retentionDays": 7,
              "lastUpdatedTime": "2022-08-17T02:42:06.0524025\u002B00:00",
              "status": "disabled"
            }
          },
          "encryption": {
            "status": "disabled"
          },
          "dataEndpointEnabled": false,
          "dataEndpointHostNames": [],
          "privateEndpointConnections": [],
          "publicNetworkAccess": "Enabled",
          "networkRuleBypassOptions": "AzureServices",
          "zoneRedundancy": "Disabled",
          "anonymousPullEnabled": false
        }
      }
    },
    {
      "RequestUri": "https://management.azure.com/subscriptions/db1ab6f0-4769-4b27-930e-01e2ef9c123c/resourceGroups/testRg4665/providers/Microsoft.ContainerRegistry/registries/acrregistry5346/tokens/acrtoken1355?api-version=2022-02-01-preview",
      "RequestMethod": "PUT",
      "RequestHeaders": {
        "Accept": "application/json",
        "Authorization": "Sanitized",
        "Content-Length": "204",
        "Content-Type": "application/json",
        "traceparent": "00-9720d619f7aaae4299df1bb74da1832c-b1cc31d373aa4f41-00",
        "User-Agent": "azsdk-net-ResourceManager.ContainerRegistry/1.1.0-alpha.20220817.1 (.NET Framework 4.8.4510.0; Microsoft Windows 10.0.22000 )",
        "x-ms-client-request-id": "3e2de41218d1ec403dffe03e64623d8e",
        "x-ms-return-client-request-id": "true"
      },
      "RequestBody": {
        "properties": {
          "scopeMapId": "/subscriptions/db1ab6f0-4769-4b27-930e-01e2ef9c123c/resourceGroups/testRg4665/providers/Microsoft.ContainerRegistry/registries/acrregistry5346/scopeMaps/_repositories_admin"
        }
      },
      "StatusCode": 201,
      "ResponseHeaders": {
        "api-supported-versions": "2019-05-01-preview, 2020-11-01-preview, 2021-06-01-preview, 2021-08-01-preview, 2021-12-01-preview, 2022-02-01-preview",
        "Azure-AsyncOperation": "https://management.azure.com/subscriptions/db1ab6f0-4769-4b27-930e-01e2ef9c123c/resourceGroups/testRg4665/providers/Microsoft.ContainerRegistry/registries/acrregistry5346/tokens/acrtoken1355/operationStatuses/token-3e2de41218d1ec403dffe03e64623d8e?api-version=2022-02-01-preview",
        "Cache-Control": "no-cache",
        "Content-Length": "871",
        "Content-Type": "application/json; charset=utf-8",
        "Date": "Wed, 17 Aug 2022 02:42:06 GMT",
        "Expires": "-1",
        "Pragma": "no-cache",
        "Retry-After": "10",
        "Server": "Microsoft-HTTPAPI/2.0",
        "Strict-Transport-Security": "max-age=31536000; includeSubDomains",
        "X-Content-Type-Options": "nosniff",
        "x-ms-correlation-request-id": "7d1069a5-34e9-4034-ba7e-b305b491ac20",
        "x-ms-ratelimit-remaining-subscription-writes": "1187",
        "x-ms-request-id": "7d1069a5-34e9-4034-ba7e-b305b491ac20",
        "x-ms-routing-request-id": "KOREASOUTH:20220817T024207Z:7d1069a5-34e9-4034-ba7e-b305b491ac20"
      },
      "ResponseBody": {
        "type": "Microsoft.ContainerRegistry/registries/tokens",
        "id": "/subscriptions/db1ab6f0-4769-4b27-930e-01e2ef9c123c/resourceGroups/testRg4665/providers/Microsoft.ContainerRegistry/registries/acrregistry5346/tokens/acrtoken1355",
        "name": "acrtoken1355",
        "systemData": {
          "createdBy": "ea0eddd2-3d60-47f8-b3bf-7ec8ae554d10",
          "createdByType": "Application",
          "createdAt": "2022-08-17T02:42:07.3069862\u002B00:00",
          "lastModifiedBy": "ea0eddd2-3d60-47f8-b3bf-7ec8ae554d10",
          "lastModifiedByType": "Application",
          "lastModifiedAt": "2022-08-17T02:42:07.3069862\u002B00:00"
        },
        "properties": {
          "creationDate": "2022-08-17T02:42:07.5680784\u002B00:00",
          "provisioningState": "Creating",
          "scopeMapId": "/subscriptions/db1ab6f0-4769-4b27-930e-01e2ef9c123c/resourceGroups/testRg4665/providers/Microsoft.ContainerRegistry/registries/acrregistry5346/scopeMaps/_repositories_admin",
          "credentials": {
            "passwords": []
          },
          "status": "enabled"
        }
      }
    },
    {
      "RequestUri": "https://management.azure.com/subscriptions/db1ab6f0-4769-4b27-930e-01e2ef9c123c/resourceGroups/testRg4665/providers/Microsoft.ContainerRegistry/registries/acrregistry5346/tokens/acrtoken1355/operationStatuses/token-3e2de41218d1ec403dffe03e64623d8e?api-version=2022-02-01-preview",
      "RequestMethod": "GET",
      "RequestHeaders": {
        "Authorization": "Sanitized",
        "traceparent": "00-9720d619f7aaae4299df1bb74da1832c-7ff84ecd7826c444-00",
        "User-Agent": "azsdk-net-ResourceManager/1.3.0 (.NET Framework 4.8.4510.0; Microsoft Windows 10.0.22000 )",
        "x-ms-client-request-id": "5ca9a546092be771ab1222abf4283817",
        "x-ms-return-client-request-id": "true"
      },
      "RequestBody": null,
      "StatusCode": 200,
      "ResponseHeaders": {
        "api-supported-versions": "2019-05-01-preview, 2020-11-01-preview, 2021-06-01-preview, 2021-08-01-preview, 2021-12-01-preview, 2022-02-01-preview",
        "Azure-AsyncOperation": "https://management.azure.com/subscriptions/db1ab6f0-4769-4b27-930e-01e2ef9c123c/resourceGroups/testRg4665/providers/Microsoft.ContainerRegistry/registries/acrregistry5346/tokens/acrtoken1355/operationStatuses/token-3e2de41218d1ec403dffe03e64623d8e?api-version=2022-02-01-preview",
        "Cache-Control": "no-cache",
        "Content-Length": "22",
        "Content-Type": "application/json; charset=utf-8",
        "Date": "Wed, 17 Aug 2022 02:42:07 GMT",
        "Expires": "-1",
        "Pragma": "no-cache",
        "Retry-After": "10",
        "Server": "Microsoft-HTTPAPI/2.0",
        "Strict-Transport-Security": "max-age=31536000; includeSubDomains",
        "X-Content-Type-Options": "nosniff",
        "x-ms-correlation-request-id": "8c04002c-4655-49a2-ad7f-67900af15872",
        "x-ms-ratelimit-remaining-subscription-reads": "11978",
        "x-ms-request-id": "8c04002c-4655-49a2-ad7f-67900af15872",
        "x-ms-routing-request-id": "KOREASOUTH:20220817T024208Z:8c04002c-4655-49a2-ad7f-67900af15872"
      },
      "ResponseBody": {
        "status": "Succeeded"
      }
    },
    {
      "RequestUri": "https://management.azure.com/subscriptions/db1ab6f0-4769-4b27-930e-01e2ef9c123c/resourceGroups/testRg4665/providers/Microsoft.ContainerRegistry/registries/acrregistry5346/tokens/acrtoken1355?api-version=2022-02-01-preview",
      "RequestMethod": "GET",
      "RequestHeaders": {
        "Authorization": "Sanitized",
        "traceparent": "00-9720d619f7aaae4299df1bb74da1832c-035760d4c430cf48-00",
        "User-Agent": "azsdk-net-ResourceManager/1.3.0 (.NET Framework 4.8.4510.0; Microsoft Windows 10.0.22000 )",
        "x-ms-client-request-id": "e724a3a6306eae3519c8ff1a9277dff8",
        "x-ms-return-client-request-id": "true"
      },
      "RequestBody": null,
      "StatusCode": 200,
      "ResponseHeaders": {
        "api-supported-versions": "2019-05-01-preview, 2020-11-01-preview, 2021-06-01-preview, 2021-08-01-preview, 2021-12-01-preview, 2022-02-01-preview",
        "Cache-Control": "no-cache",
        "Content-Length": "872",
        "Content-Type": "application/json; charset=utf-8",
        "Date": "Wed, 17 Aug 2022 02:42:07 GMT",
        "Expires": "-1",
        "Pragma": "no-cache",
        "Server": "Microsoft-HTTPAPI/2.0",
        "Strict-Transport-Security": "max-age=31536000; includeSubDomains",
        "X-Content-Type-Options": "nosniff",
        "x-ms-correlation-request-id": "eeab33aa-0a85-4a01-b3ed-1c0fea6fdea1",
        "x-ms-ratelimit-remaining-subscription-reads": "11977",
        "x-ms-request-id": "eeab33aa-0a85-4a01-b3ed-1c0fea6fdea1",
        "x-ms-routing-request-id": "KOREASOUTH:20220817T024208Z:eeab33aa-0a85-4a01-b3ed-1c0fea6fdea1"
      },
      "ResponseBody": {
        "type": "Microsoft.ContainerRegistry/registries/tokens",
        "id": "/subscriptions/db1ab6f0-4769-4b27-930e-01e2ef9c123c/resourceGroups/testRg4665/providers/Microsoft.ContainerRegistry/registries/acrregistry5346/tokens/acrtoken1355",
        "name": "acrtoken1355",
        "systemData": {
          "createdBy": "ea0eddd2-3d60-47f8-b3bf-7ec8ae554d10",
          "createdByType": "Application",
          "createdAt": "2022-08-17T02:42:07.3069862\u002B00:00",
          "lastModifiedBy": "ea0eddd2-3d60-47f8-b3bf-7ec8ae554d10",
          "lastModifiedByType": "Application",
          "lastModifiedAt": "2022-08-17T02:42:07.3069862\u002B00:00"
        },
        "properties": {
          "creationDate": "2022-08-17T02:42:07.5680784\u002B00:00",
          "provisioningState": "Succeeded",
          "scopeMapId": "/subscriptions/db1ab6f0-4769-4b27-930e-01e2ef9c123c/resourceGroups/testRg4665/providers/Microsoft.ContainerRegistry/registries/acrregistry5346/scopeMaps/_repositories_admin",
          "credentials": {
            "passwords": []
          },
          "status": "enabled"
        }
      }
    },
    {
      "RequestUri": "https://management.azure.com/subscriptions/db1ab6f0-4769-4b27-930e-01e2ef9c123c/resourceGroups/testRg4665/providers/Microsoft.ContainerRegistry/registries/acrregistry5346/tokens?api-version=2022-02-01-preview",
      "RequestMethod": "GET",
      "RequestHeaders": {
        "Accept": "application/json",
        "Authorization": "Sanitized",
        "traceparent": "00-1040b2c73c1c1241b22eab349de2b8e9-e0e35949e2e0794a-00",
        "User-Agent": "azsdk-net-ResourceManager.ContainerRegistry/1.1.0-alpha.20220817.1 (.NET Framework 4.8.4510.0; Microsoft Windows 10.0.22000 )",
        "x-ms-client-request-id": "bff80474e0b9d162b6e28be1401f6f16",
        "x-ms-return-client-request-id": "true"
      },
      "RequestBody": null,
      "StatusCode": 200,
      "ResponseHeaders": {
        "api-supported-versions": "2019-05-01-preview, 2020-11-01-preview, 2021-06-01-preview, 2021-08-01-preview, 2021-12-01-preview, 2022-02-01-preview",
        "Cache-Control": "no-cache",
        "Content-Length": "884",
        "Content-Type": "application/json; charset=utf-8",
        "Date": "Wed, 17 Aug 2022 02:42:08 GMT",
        "Expires": "-1",
        "Pragma": "no-cache",
        "Server": "Microsoft-HTTPAPI/2.0",
        "Strict-Transport-Security": "max-age=31536000; includeSubDomains",
        "X-Content-Type-Options": "nosniff",
        "x-ms-correlation-request-id": "440cce5e-ec64-4c5a-bff1-7f6c3e0a1a91",
        "x-ms-ratelimit-remaining-subscription-reads": "11976",
        "x-ms-request-id": "440cce5e-ec64-4c5a-bff1-7f6c3e0a1a91",
        "x-ms-routing-request-id": "KOREASOUTH:20220817T024209Z:440cce5e-ec64-4c5a-bff1-7f6c3e0a1a91"
      },
      "ResponseBody": {
        "value": [
          {
            "type": "Microsoft.ContainerRegistry/registries/tokens",
            "id": "/subscriptions/db1ab6f0-4769-4b27-930e-01e2ef9c123c/resourceGroups/testRg4665/providers/Microsoft.ContainerRegistry/registries/acrregistry5346/tokens/acrtoken1355",
            "name": "acrtoken1355",
            "systemData": {
              "createdBy": "ea0eddd2-3d60-47f8-b3bf-7ec8ae554d10",
              "createdByType": "Application",
              "createdAt": "2022-08-17T02:42:07.3069862\u002B00:00",
              "lastModifiedBy": "ea0eddd2-3d60-47f8-b3bf-7ec8ae554d10",
              "lastModifiedByType": "Application",
              "lastModifiedAt": "2022-08-17T02:42:07.3069862\u002B00:00"
            },
            "properties": {
              "creationDate": "2022-08-17T02:42:07.5680784\u002B00:00",
              "provisioningState": "Succeeded",
              "scopeMapId": "/subscriptions/db1ab6f0-4769-4b27-930e-01e2ef9c123c/resourceGroups/testRg4665/providers/Microsoft.ContainerRegistry/registries/acrregistry5346/scopeMaps/_repositories_admin",
              "credentials": {
                "passwords": []
              },
              "status": "enabled"
            }
          }
        ]
      }
    },
    {
      "RequestUri": "https://management.azure.com/subscriptions/db1ab6f0-4769-4b27-930e-01e2ef9c123c/resourceGroups/testRg4665/providers/Microsoft.ContainerRegistry/registries/acrregistry5346/tokens/acrtoken1355?api-version=2022-02-01-preview",
      "RequestMethod": "GET",
      "RequestHeaders": {
        "Accept": "application/json",
        "Authorization": "Sanitized",
        "traceparent": "00-0bbc4f1c61bbd441b2cb058511c989a7-f23e3ca0789a2049-00",
        "User-Agent": "azsdk-net-ResourceManager.ContainerRegistry/1.1.0-alpha.20220817.1 (.NET Framework 4.8.4510.0; Microsoft Windows 10.0.22000 )",
        "x-ms-client-request-id": "69226e7ea320156d70fa43630a575534",
        "x-ms-return-client-request-id": "true"
      },
      "RequestBody": null,
      "StatusCode": 200,
      "ResponseHeaders": {
        "api-supported-versions": "2019-05-01-preview, 2020-11-01-preview, 2021-06-01-preview, 2021-08-01-preview, 2021-12-01-preview, 2022-02-01-preview",
        "Cache-Control": "no-cache",
        "Content-Length": "872",
        "Content-Type": "application/json; charset=utf-8",
        "Date": "Wed, 17 Aug 2022 02:42:08 GMT",
        "Expires": "-1",
        "Pragma": "no-cache",
        "Server": "Microsoft-HTTPAPI/2.0",
        "Strict-Transport-Security": "max-age=31536000; includeSubDomains",
        "X-Content-Type-Options": "nosniff",
        "x-ms-correlation-request-id": "23795c6d-4819-4374-b884-fecf3cc44d0a",
        "x-ms-ratelimit-remaining-subscription-reads": "11975",
        "x-ms-request-id": "23795c6d-4819-4374-b884-fecf3cc44d0a",
        "x-ms-routing-request-id": "KOREASOUTH:20220817T024209Z:23795c6d-4819-4374-b884-fecf3cc44d0a"
      },
      "ResponseBody": {
        "type": "Microsoft.ContainerRegistry/registries/tokens",
        "id": "/subscriptions/db1ab6f0-4769-4b27-930e-01e2ef9c123c/resourceGroups/testRg4665/providers/Microsoft.ContainerRegistry/registries/acrregistry5346/tokens/acrtoken1355",
        "name": "acrtoken1355",
        "systemData": {
          "createdBy": "ea0eddd2-3d60-47f8-b3bf-7ec8ae554d10",
          "createdByType": "Application",
          "createdAt": "2022-08-17T02:42:07.3069862\u002B00:00",
          "lastModifiedBy": "ea0eddd2-3d60-47f8-b3bf-7ec8ae554d10",
          "lastModifiedByType": "Application",
          "lastModifiedAt": "2022-08-17T02:42:07.3069862\u002B00:00"
        },
        "properties": {
          "creationDate": "2022-08-17T02:42:07.5680784\u002B00:00",
          "provisioningState": "Succeeded",
          "scopeMapId": "/subscriptions/db1ab6f0-4769-4b27-930e-01e2ef9c123c/resourceGroups/testRg4665/providers/Microsoft.ContainerRegistry/registries/acrregistry5346/scopeMaps/_repositories_admin",
          "credentials": {
            "passwords": []
          },
          "status": "enabled"
        }
      }
    },
    {
      "RequestUri": "https://management.azure.com/subscriptions/db1ab6f0-4769-4b27-930e-01e2ef9c123c/resourceGroups/testRg4665/providers/Microsoft.ContainerRegistry/registries/acrregistry5346/tokens/acrtoken1355?api-version=2022-02-01-preview",
      "RequestMethod": "PATCH",
      "RequestHeaders": {
        "Accept": "application/json",
        "Authorization": "Sanitized",
        "Content-Length": "36",
        "Content-Type": "application/json",
        "traceparent": "00-746fdbb80a648443944be098fb80db61-7e8b78903dcad04b-00",
        "User-Agent": "azsdk-net-ResourceManager.ContainerRegistry/1.1.0-alpha.20220817.1 (.NET Framework 4.8.4510.0; Microsoft Windows 10.0.22000 )",
        "x-ms-client-request-id": "f0362a337830c55e4153318ba5536efa",
        "x-ms-return-client-request-id": "true"
      },
      "RequestBody": {
        "properties": {
          "status": "disabled"
        }
      },
      "StatusCode": 201,
      "ResponseHeaders": {
        "api-supported-versions": "2019-05-01-preview, 2020-11-01-preview, 2021-06-01-preview, 2021-08-01-preview, 2021-12-01-preview, 2022-02-01-preview",
        "Azure-AsyncOperation": "https://management.azure.com/subscriptions/db1ab6f0-4769-4b27-930e-01e2ef9c123c/resourceGroups/testRg4665/providers/Microsoft.ContainerRegistry/registries/acrregistry5346/tokens/acrtoken1355/operationStatuses/token-f0362a337830c55e4153318ba5536efa?api-version=2022-02-01-preview",
        "Cache-Control": "no-cache",
        "Content-Length": "872",
        "Content-Type": "application/json; charset=utf-8",
        "Date": "Wed, 17 Aug 2022 02:42:08 GMT",
        "Expires": "-1",
        "Pragma": "no-cache",
        "Retry-After": "10",
        "Server": "Microsoft-HTTPAPI/2.0",
        "Strict-Transport-Security": "max-age=31536000; includeSubDomains",
        "X-Content-Type-Options": "nosniff",
        "x-ms-correlation-request-id": "2fb079c1-31c5-4fa0-b16d-b4f65901926f",
        "x-ms-ratelimit-remaining-subscription-writes": "1186",
        "x-ms-request-id": "2fb079c1-31c5-4fa0-b16d-b4f65901926f",
        "x-ms-routing-request-id": "KOREASOUTH:20220817T024209Z:2fb079c1-31c5-4fa0-b16d-b4f65901926f"
      },
      "ResponseBody": {
        "type": "Microsoft.ContainerRegistry/registries/tokens",
        "id": "/subscriptions/db1ab6f0-4769-4b27-930e-01e2ef9c123c/resourceGroups/testRg4665/providers/Microsoft.ContainerRegistry/registries/acrregistry5346/tokens/acrtoken1355",
        "name": "acrtoken1355",
        "systemData": {
          "createdBy": "ea0eddd2-3d60-47f8-b3bf-7ec8ae554d10",
          "createdByType": "Application",
          "createdAt": "2022-08-17T02:42:09.5888806\u002B00:00",
          "lastModifiedBy": "ea0eddd2-3d60-47f8-b3bf-7ec8ae554d10",
          "lastModifiedByType": "Application",
          "lastModifiedAt": "2022-08-17T02:42:09.5888806\u002B00:00"
        },
        "properties": {
          "creationDate": "2022-08-17T02:42:07.5680784\u002B00:00",
          "provisioningState": "Updating",
          "scopeMapId": "/subscriptions/db1ab6f0-4769-4b27-930e-01e2ef9c123c/resourceGroups/testRg4665/providers/Microsoft.ContainerRegistry/registries/acrregistry5346/scopeMaps/_repositories_admin",
          "credentials": {
            "passwords": []
          },
          "status": "disabled"
        }
      }
    },
    {
      "RequestUri": "https://management.azure.com/subscriptions/db1ab6f0-4769-4b27-930e-01e2ef9c123c/resourceGroups/testRg4665/providers/Microsoft.ContainerRegistry/registries/acrregistry5346/tokens/acrtoken1355/operationStatuses/token-f0362a337830c55e4153318ba5536efa?api-version=2022-02-01-preview",
      "RequestMethod": "GET",
      "RequestHeaders": {
        "Authorization": "Sanitized",
        "traceparent": "00-746fdbb80a648443944be098fb80db61-6508bb1b13905c41-00",
        "User-Agent": "azsdk-net-ResourceManager/1.3.0 (.NET Framework 4.8.4510.0; Microsoft Windows 10.0.22000 )",
        "x-ms-client-request-id": "15ad578d7fe806e5105c28cc72e2701c",
        "x-ms-return-client-request-id": "true"
      },
      "RequestBody": null,
      "StatusCode": 200,
      "ResponseHeaders": {
        "api-supported-versions": "2019-05-01-preview, 2020-11-01-preview, 2021-06-01-preview, 2021-08-01-preview, 2021-12-01-preview, 2022-02-01-preview",
        "Azure-AsyncOperation": "https://management.azure.com/subscriptions/db1ab6f0-4769-4b27-930e-01e2ef9c123c/resourceGroups/testRg4665/providers/Microsoft.ContainerRegistry/registries/acrregistry5346/tokens/acrtoken1355/operationStatuses/token-f0362a337830c55e4153318ba5536efa?api-version=2022-02-01-preview",
        "Cache-Control": "no-cache",
        "Content-Length": "22",
        "Content-Type": "application/json; charset=utf-8",
        "Date": "Wed, 17 Aug 2022 02:42:09 GMT",
        "Expires": "-1",
        "Pragma": "no-cache",
        "Retry-After": "10",
        "Server": "Microsoft-HTTPAPI/2.0",
        "Strict-Transport-Security": "max-age=31536000; includeSubDomains",
        "X-Content-Type-Options": "nosniff",
        "x-ms-correlation-request-id": "9e88e513-df68-4163-971c-98e8e29ce97f",
        "x-ms-ratelimit-remaining-subscription-reads": "11974",
        "x-ms-request-id": "9e88e513-df68-4163-971c-98e8e29ce97f",
        "x-ms-routing-request-id": "KOREASOUTH:20220817T024210Z:9e88e513-df68-4163-971c-98e8e29ce97f"
      },
      "ResponseBody": {
        "status": "Succeeded"
      }
    },
    {
      "RequestUri": "https://management.azure.com/subscriptions/db1ab6f0-4769-4b27-930e-01e2ef9c123c/resourceGroups/testRg4665/providers/Microsoft.ContainerRegistry/registries/acrregistry5346/tokens/acrtoken1355?api-version=2022-02-01-preview",
      "RequestMethod": "GET",
      "RequestHeaders": {
        "Authorization": "Sanitized",
        "traceparent": "00-746fdbb80a648443944be098fb80db61-803310a0f063a647-00",
        "User-Agent": "azsdk-net-ResourceManager/1.3.0 (.NET Framework 4.8.4510.0; Microsoft Windows 10.0.22000 )",
        "x-ms-client-request-id": "2109488c31bcbede5165584e299f2741",
        "x-ms-return-client-request-id": "true"
      },
      "RequestBody": null,
      "StatusCode": 200,
      "ResponseHeaders": {
        "api-supported-versions": "2019-05-01-preview, 2020-11-01-preview, 2021-06-01-preview, 2021-08-01-preview, 2021-12-01-preview, 2022-02-01-preview",
        "Cache-Control": "no-cache",
        "Content-Length": "873",
        "Content-Type": "application/json; charset=utf-8",
        "Date": "Wed, 17 Aug 2022 02:42:09 GMT",
        "Expires": "-1",
        "Pragma": "no-cache",
        "Server": "Microsoft-HTTPAPI/2.0",
        "Strict-Transport-Security": "max-age=31536000; includeSubDomains",
        "X-Content-Type-Options": "nosniff",
        "x-ms-correlation-request-id": "22e17404-0524-453c-9794-566c296e2b20",
        "x-ms-ratelimit-remaining-subscription-reads": "11973",
        "x-ms-request-id": "22e17404-0524-453c-9794-566c296e2b20",
        "x-ms-routing-request-id": "KOREASOUTH:20220817T024210Z:22e17404-0524-453c-9794-566c296e2b20"
      },
      "ResponseBody": {
        "type": "Microsoft.ContainerRegistry/registries/tokens",
        "id": "/subscriptions/db1ab6f0-4769-4b27-930e-01e2ef9c123c/resourceGroups/testRg4665/providers/Microsoft.ContainerRegistry/registries/acrregistry5346/tokens/acrtoken1355",
        "name": "acrtoken1355",
        "systemData": {
          "createdBy": "ea0eddd2-3d60-47f8-b3bf-7ec8ae554d10",
          "createdByType": "Application",
          "createdAt": "2022-08-17T02:42:09.5888806\u002B00:00",
          "lastModifiedBy": "ea0eddd2-3d60-47f8-b3bf-7ec8ae554d10",
          "lastModifiedByType": "Application",
          "lastModifiedAt": "2022-08-17T02:42:09.5888806\u002B00:00"
        },
        "properties": {
          "creationDate": "2022-08-17T02:42:07.5680784\u002B00:00",
          "provisioningState": "Succeeded",
          "scopeMapId": "/subscriptions/db1ab6f0-4769-4b27-930e-01e2ef9c123c/resourceGroups/testRg4665/providers/Microsoft.ContainerRegistry/registries/acrregistry5346/scopeMaps/_repositories_admin",
          "credentials": {
            "passwords": []
          },
          "status": "disabled"
        }
      }
    },
    {
      "RequestUri": "https://management.azure.com/subscriptions/db1ab6f0-4769-4b27-930e-01e2ef9c123c/resourceGroups/testRg4665/providers/Microsoft.ContainerRegistry/registries/acrregistry5346/generateCredentials?api-version=2022-02-01-preview",
      "RequestMethod": "POST",
      "RequestHeaders": {
        "Accept": "application/json",
        "Authorization": "Sanitized",
        "Content-Length": "195",
        "Content-Type": "application/json",
        "traceparent": "00-93920a225e01af40a13933397f427d4b-faaeedecf9d5914d-00",
        "User-Agent": "azsdk-net-ResourceManager.ContainerRegistry/1.1.0-alpha.20220817.1 (.NET Framework 4.8.4510.0; Microsoft Windows 10.0.22000 )",
        "x-ms-client-request-id": "4efdd28b58a5da12029513f84c0b5fb5",
        "x-ms-return-client-request-id": "true"
      },
      "RequestBody": {
        "tokenId": "/subscriptions/db1ab6f0-4769-4b27-930e-01e2ef9c123c/resourceGroups/testRg4665/providers/Microsoft.ContainerRegistry/registries/acrregistry5346/tokens/acrtoken1355",
        "name": "password1"
      },
      "StatusCode": 200,
      "ResponseHeaders": {
        "api-supported-versions": "2019-05-01-preview, 2020-11-01-preview, 2021-06-01-preview, 2021-08-01-preview, 2021-12-01-preview, 2022-02-01-preview",
        "Cache-Control": "no-cache",
        "Content-Length": "156",
        "Content-Type": "application/json; charset=utf-8",
        "Date": "Wed, 17 Aug 2022 02:42:10 GMT",
        "Expires": "-1",
        "Pragma": "no-cache",
        "Server": "Microsoft-HTTPAPI/2.0",
        "Strict-Transport-Security": "max-age=31536000; includeSubDomains",
        "X-Content-Type-Options": "nosniff",
        "x-ms-correlation-request-id": "2af384e3-65f5-49c0-a23f-e912e6418f7d",
        "x-ms-ratelimit-remaining-subscription-writes": "1198",
        "x-ms-request-id": "2af384e3-65f5-49c0-a23f-e912e6418f7d",
        "x-ms-routing-request-id": "KOREASOUTH:20220817T024211Z:2af384e3-65f5-49c0-a23f-e912e6418f7d"
      },
      "ResponseBody": {
        "username": "acrtoken1355",
        "passwords": [
          {
            "creationTime": "2022-08-17T02:42:11.2089586\u002B00:00",
            "name": "password1",
            "value": "sOVUGse5bpKFeDWRIxvvDTZCis1=R6Rl"
          }
        ]
      }
    },
    {
      "RequestUri": "https://management.azure.com/subscriptions/db1ab6f0-4769-4b27-930e-01e2ef9c123c/resourceGroups/testRg4665/providers/Microsoft.ContainerRegistry/registries/acrregistry5346/tokens/acrtoken1355?api-version=2022-02-01-preview",
      "RequestMethod": "DELETE",
      "RequestHeaders": {
        "Accept": "application/json",
        "Authorization": "Sanitized",
        "traceparent": "00-8ade9c5b1686f04b8ff2427396985d4f-48a295b52082454b-00",
        "User-Agent": "azsdk-net-ResourceManager.ContainerRegistry/1.1.0-alpha.20220817.1 (.NET Framework 4.8.4510.0; Microsoft Windows 10.0.22000 )",
        "x-ms-client-request-id": "9f41e73522e43376362f1e271ee67146",
        "x-ms-return-client-request-id": "true"
      },
      "RequestBody": null,
      "StatusCode": 202,
      "ResponseHeaders": {
        "api-supported-versions": "2019-05-01-preview, 2020-11-01-preview, 2021-06-01-preview, 2021-08-01-preview, 2021-12-01-preview, 2022-02-01-preview",
        "Cache-Control": "no-cache",
        "Content-Length": "4",
        "Content-Type": "application/json; charset=utf-8",
        "Date": "Wed, 17 Aug 2022 02:42:10 GMT",
        "Expires": "-1",
        "Location": "https://management.azure.com/subscriptions/db1ab6f0-4769-4b27-930e-01e2ef9c123c/providers/Microsoft.ContainerRegistry/locations/WESTUS/operationResults/token-9f41e73522e43376362f1e271ee67146?api-version=2022-02-01-preview",
        "Pragma": "no-cache",
        "Retry-After": "10",
        "Server": "Microsoft-HTTPAPI/2.0",
        "Strict-Transport-Security": "max-age=31536000; includeSubDomains",
        "X-Content-Type-Options": "nosniff",
        "x-ms-correlation-request-id": "c5998b69-5970-4d4a-80c2-e82c755074c0",
        "x-ms-ratelimit-remaining-subscription-deletes": "14989",
        "x-ms-request-id": "c5998b69-5970-4d4a-80c2-e82c755074c0",
        "x-ms-routing-request-id": "KOREASOUTH:20220817T024211Z:c5998b69-5970-4d4a-80c2-e82c755074c0"
      },
      "ResponseBody": "null"
    },
    {
      "RequestUri": "https://management.azure.com/subscriptions/db1ab6f0-4769-4b27-930e-01e2ef9c123c/providers/Microsoft.ContainerRegistry/locations/WESTUS/operationResults/token-9f41e73522e43376362f1e271ee67146?api-version=2022-02-01-preview",
      "RequestMethod": "GET",
      "RequestHeaders": {
        "Authorization": "Sanitized",
        "traceparent": "00-8ade9c5b1686f04b8ff2427396985d4f-ac6a7c4506d7eb42-00",
        "User-Agent": "azsdk-net-ResourceManager/1.3.0 (.NET Framework 4.8.4510.0; Microsoft Windows 10.0.22000 )",
        "x-ms-client-request-id": "65c3a2b8bfca4fd0bcfe1fc6877b3d91",
        "x-ms-return-client-request-id": "true"
      },
      "RequestBody": null,
      "StatusCode": 202,
      "ResponseHeaders": {
        "Cache-Control": "no-cache",
        "Content-Length": "4",
        "Content-Type": "application/json; charset=utf-8",
        "Date": "Wed, 17 Aug 2022 02:42:12 GMT",
        "Expires": "-1",
        "Location": "https://management.azure.com/subscriptions/db1ab6f0-4769-4b27-930e-01e2ef9c123c/providers/Microsoft.ContainerRegistry/locations/WESTUS/operationResults/token-9f41e73522e43376362f1e271ee67146?api-version=2022-02-01-preview",
        "Pragma": "no-cache",
        "Retry-After": "10",
        "Server": "Microsoft-HTTPAPI/2.0",
        "Strict-Transport-Security": "max-age=31536000; includeSubDomains",
        "X-Content-Type-Options": "nosniff",
        "x-ms-correlation-request-id": "b189b0ce-2b75-46b1-909f-235e2fd971f7",
        "x-ms-ratelimit-remaining-subscription-reads": "11972",
        "x-ms-request-id": "b189b0ce-2b75-46b1-909f-235e2fd971f7",
        "x-ms-routing-request-id": "KOREASOUTH:20220817T024212Z:b189b0ce-2b75-46b1-909f-235e2fd971f7"
      },
      "ResponseBody": "null"
    },
    {
      "RequestUri": "https://management.azure.com/subscriptions/db1ab6f0-4769-4b27-930e-01e2ef9c123c/providers/Microsoft.ContainerRegistry/locations/WESTUS/operationResults/token-9f41e73522e43376362f1e271ee67146?api-version=2022-02-01-preview",
      "RequestMethod": "GET",
      "RequestHeaders": {
        "Authorization": "Sanitized",
        "traceparent": "00-8ade9c5b1686f04b8ff2427396985d4f-ad09ed0dc52b5848-00",
        "User-Agent": "azsdk-net-ResourceManager/1.3.0 (.NET Framework 4.8.4510.0; Microsoft Windows 10.0.22000 )",
        "x-ms-client-request-id": "827d7d7ee6bb63049b5b6f424bc09fa7",
        "x-ms-return-client-request-id": "true"
      },
      "RequestBody": null,
      "StatusCode": 200,
      "ResponseHeaders": {
        "Cache-Control": "no-cache",
        "Content-Length": "0",
        "Date": "Wed, 17 Aug 2022 02:42:22 GMT",
        "Expires": "-1",
        "Pragma": "no-cache",
        "Server": "Microsoft-HTTPAPI/2.0",
        "Strict-Transport-Security": "max-age=31536000; includeSubDomains",
        "X-Content-Type-Options": "nosniff",
        "x-ms-correlation-request-id": "610a4207-35cd-4438-b43a-72bdf40586b3",
        "x-ms-ratelimit-remaining-subscription-reads": "11971",
        "x-ms-request-id": "610a4207-35cd-4438-b43a-72bdf40586b3",
        "x-ms-routing-request-id": "KOREASOUTH:20220817T024222Z:610a4207-35cd-4438-b43a-72bdf40586b3"
      },
      "ResponseBody": null
    },
    {
      "RequestUri": "https://management.azure.com/subscriptions/db1ab6f0-4769-4b27-930e-01e2ef9c123c/resourceGroups/testRg4665/providers/Microsoft.ContainerRegistry/registries/acrregistry5346?api-version=2022-02-01-preview",
      "RequestMethod": "DELETE",
      "RequestHeaders": {
        "Authorization": "Sanitized",
        "traceparent": "00-ca9f0a7c123b3440a60582d3e0165a4a-4b9bef1fa32c094d-00",
        "User-Agent": "azsdk-net-ResourceManager.ContainerRegistry/1.1.0-alpha.20220817.1 (.NET Framework 4.8.4510.0; Microsoft Windows 10.0.22000 )",
        "x-ms-client-request-id": "7c6eb37c0b23467cd28c396eb2855eb4",
        "x-ms-return-client-request-id": "true"
      },
      "RequestBody": null,
      "StatusCode": 200,
      "ResponseHeaders": {
        "api-supported-versions": "2022-02-01-preview",
        "Cache-Control": "no-cache",
        "Content-Length": "0",
        "Date": "Wed, 17 Aug 2022 02:42:31 GMT",
        "Expires": "-1",
        "Pragma": "no-cache",
        "Server": "Microsoft-HTTPAPI/2.0",
        "Strict-Transport-Security": "max-age=31536000; includeSubDomains",
        "X-Content-Type-Options": "nosniff",
        "x-ms-correlation-request-id": "5a09ca46-5838-43b5-a2f4-55d307793998",
        "x-ms-ratelimit-remaining-subscription-deletes": "14988",
        "x-ms-request-id": "5a09ca46-5838-43b5-a2f4-55d307793998",
        "x-ms-routing-request-id": "KOREASOUTH:20220817T024231Z:5a09ca46-5838-43b5-a2f4-55d307793998"
      },
      "ResponseBody": null
    }
  ],
  "Variables": {
    "AZURE_AUTHORITY_HOST": "https://login.microsoftonline.com",
    "RandomSeed": "1070326653",
    "RESOURCE_MANAGER_URL": "https://management.azure.com",
    "SUBSCRIPTION_ID": "db1ab6f0-4769-4b27-930e-01e2ef9c123c"
  }
}
