{
  "Entries": [
    {
      "RequestUri": "https://management.azure.com/subscriptions/db1ab6f0-4769-4b27-930e-01e2ef9c123c?api-version=2021-01-01",
      "RequestMethod": "GET",
      "RequestHeaders": {
        "Accept": "application/json",
        "Authorization": "Sanitized",
        "traceparent": "00-c3db4e449c8e4740b38e1e14d148edbc-a64773b6cb4ae240-00",
        "User-Agent": "azsdk-net-ResourceManager/1.4.0 (.NET Framework 4.8.9139.0; Microsoft Windows 10.0.22621 )",
        "x-ms-client-request-id": "8f99a1712650cb02a12f72db63a8a7f6",
        "x-ms-return-client-request-id": "true"
      },
      "RequestBody": null,
      "StatusCode": 200,
      "ResponseHeaders": {
        "Cache-Control": "no-cache",
        "Content-Length": "748",
        "Content-Type": "application/json; charset=utf-8",
        "Date": "Tue, 14 Mar 2023 09:06:17 GMT",
        "Expires": "-1",
        "Pragma": "no-cache",
        "Strict-Transport-Security": "max-age=31536000; includeSubDomains",
        "X-Content-Type-Options": "nosniff",
        "x-ms-correlation-request-id": "f52b180a-2644-486b-b1e5-b020fed2fc6f",
        "x-ms-ratelimit-remaining-subscription-reads": "11979",
        "x-ms-request-id": "f52b180a-2644-486b-b1e5-b020fed2fc6f",
        "x-ms-routing-request-id": "SOUTHEASTASIA:20230314T090617Z:f52b180a-2644-486b-b1e5-b020fed2fc6f"
      },
      "ResponseBody": {
        "id": "/subscriptions/db1ab6f0-4769-4b27-930e-01e2ef9c123c",
        "authorizationSource": "RoleBased",
        "managedByTenants": [],
        "tags": {
          "TagKey-9823": "TagValue-1254",
          "TagKey-3481": "TagValue-320",
          "TagKey-4926": "TagValue-1187",
          "TagKey-751": "TagValue-3921",
          "TagKey-1866": "TagValue-8559",
          "TagKey-3094": "TagValue-9190",
          "TagKey-2449": "TagValue-9",
          "TagKey-8379": "TagValue-164",
          "TagKey-7470": "TagValue-2205",
          "TagKey-4236": "TagValue-3698",
          "TagKey-5316": "TagValue-2725"
        },
        "subscriptionId": "db1ab6f0-4769-4b27-930e-01e2ef9c123c",
        "tenantId": "72f988bf-86f1-41af-91ab-2d7cd011db47",
        "displayName": ".NET Mgmt SDK Test with TTL = 1 Day",
        "state": "Enabled",
        "subscriptionPolicies": {
          "locationPlacementId": "Internal_2014-09-01",
          "quotaId": "Internal_2014-09-01",
          "spendingLimit": "Off"
        }
      }
    },
    {
      "RequestUri": "https://management.azure.com/subscriptions/db1ab6f0-4769-4b27-930e-01e2ef9c123c/resourcegroups/testRG-8413?api-version=**",
      "RequestMethod": "PUT",
      "RequestHeaders": {
        "Accept": "application/json",
        "Authorization": "Sanitized",
        "Content-Length": "44",
        "Content-Type": "application/json",
        "traceparent": "00-6d3bb6984fe15e4e8360baa66981d26b-ca4742cad675514f-00",
        "User-Agent": "azsdk-net-ResourceManager/1.4.0 (.NET Framework 4.8.9139.0; Microsoft Windows 10.0.22621 )",
        "x-ms-client-request-id": "6d8b6912e6fe22637c6578bd68e95166",
        "x-ms-return-client-request-id": "true"
      },
      "RequestBody": {
        "tags": {
          "test": "env"
        },
        "location": "eastus2"
      },
      "StatusCode": 201,
      "ResponseHeaders": {
        "Cache-Control": "no-cache",
        "Content-Length": "242",
        "Content-Type": "application/json; charset=utf-8",
        "Date": "Tue, 14 Mar 2023 09:06:18 GMT",
        "Expires": "-1",
        "Pragma": "no-cache",
        "Strict-Transport-Security": "max-age=31536000; includeSubDomains",
        "X-Content-Type-Options": "nosniff",
        "x-ms-correlation-request-id": "4f34d47f-b15a-4515-9593-51f779c52fd5",
        "x-ms-ratelimit-remaining-subscription-writes": "1190",
        "x-ms-request-id": "4f34d47f-b15a-4515-9593-51f779c52fd5",
        "x-ms-routing-request-id": "SOUTHEASTASIA:20230314T090618Z:4f34d47f-b15a-4515-9593-51f779c52fd5"
      },
      "ResponseBody": {
        "id": "/subscriptions/db1ab6f0-4769-4b27-930e-01e2ef9c123c/resourceGroups/testRG-8413",
        "name": "testRG-8413",
        "type": "Microsoft.Resources/resourceGroups",
        "location": "eastus2",
        "tags": {
          "test": "env"
        },
        "properties": {
          "provisioningState": "Succeeded"
        }
      }
    },
    {
      "RequestUri": "https://management.azure.com/subscriptions/db1ab6f0-4769-4b27-930e-01e2ef9c123c/resourceGroups/testRG-8413/providers/Microsoft.Insights/actionGroups/testActionGroup-6772?api-version=2023-01-01",
      "RequestMethod": "PUT",
      "RequestHeaders": {
        "Accept": "application/json",
        "Authorization": "Sanitized",
        "Content-Length": "143",
        "Content-Type": "application/json",
        "traceparent": "00-78aad5de0167a2409f132ac7d4679ac3-5c6b52510939a143-00",
        "User-Agent": "azsdk-net-ResourceManager.Monitor/1.1.0-alpha.20230314.1 (.NET Framework 4.8.9139.0; Microsoft Windows 10.0.22621 )",
        "x-ms-client-request-id": "f560e8e54bc5f7a73980933813cee3a5",
        "x-ms-return-client-request-id": "true"
      },
      "RequestBody": {
        "tags": {},
        "location": "Global",
        "properties": {
          "groupShortName": "name",
          "enabled": true,
          "emailReceivers": [
            {
              "name": "name",
              "emailAddress": "a@b.c"
            }
          ]
        }
      },
      "StatusCode": 201,
      "ResponseHeaders": {
        "Access-Control-Expose-Headers": "x-activityid",
        "api-supported-versions": "2016-09-01-preview, 2017-03-01-preview, 2017-04-01, 2018-03-01, 2018-09-01, 2019-03-01, 2019-06-01, 2021-09-01, 2022-04-01, 2022-06-01, 2023-01-01, 2023-03-01-preview",
        "Cache-Control": "no-cache",
        "Content-Length": "647",
        "Content-Type": "application/json; charset=utf-8",
        "Date": "Tue, 14 Mar 2023 09:06:21 GMT",
        "Expires": "-1",
        "Pragma": "no-cache",
        "Server": "Microsoft-HTTPAPI/2.0",
        "Strict-Transport-Security": "max-age=31536000; includeSubDomains",
        "X-ActivityId": "f560e8e5-4bc5-f7a7-3980-933813cee3a5",
        "X-Content-Type-Options": "nosniff",
        "x-ms-correlation-request-id": "6cbf7c16-334f-4e8e-bf53-69675819c12e",
        "x-ms-ratelimit-remaining-subscription-resource-requests": "22",
        "x-ms-request-id": "6cbf7c16-334f-4e8e-bf53-69675819c12e",
        "x-ms-routing-request-id": "SOUTHEASTASIA:20230314T090622Z:6cbf7c16-334f-4e8e-bf53-69675819c12e",
        "X-ServedBy": "WUS2ONEIM000004"
      },
      "ResponseBody": {
        "id": "/subscriptions/DB1AB6F0-4769-4B27-930E-01E2EF9C123C/resourceGroups/testRG-8413/providers/microsoft.insights/actionGroups/testActionGroup-6772",
        "type": "Microsoft.Insights/ActionGroups",
        "name": "testActionGroup-6772",
        "location": "Global",
        "tags": null,
        "properties": {
          "groupShortName": "name",
          "enabled": true,
          "emailReceivers": [
            {
              "name": "name",
              "emailAddress": "a@b.c",
              "useCommonAlertSchema": false,
              "status": "Enabled"
            }
          ],
          "smsReceivers": [],
          "webhookReceivers": [],
          "eventHubReceivers": [],
          "itsmReceivers": [],
          "azureAppPushReceivers": [],
          "automationRunbookReceivers": [],
          "voiceReceivers": [],
          "logicAppReceivers": [],
          "azureFunctionReceivers": [],
          "armRoleReceivers": []
        }
      }
    },
    {
      "RequestUri": "https://management.azure.com/subscriptions/db1ab6f0-4769-4b27-930e-01e2ef9c123c/resourcegroups/testRG-5344?api-version=**",
      "RequestMethod": "PUT",
      "RequestHeaders": {
        "Accept": "application/json",
        "Authorization": "Sanitized",
        "Content-Length": "44",
        "Content-Type": "application/json",
        "traceparent": "00-097b695a01591f4e814b07f1ece2b5e7-7a23fb71d5b44545-00",
        "User-Agent": "azsdk-net-ResourceManager/1.4.0 (.NET Framework 4.8.9139.0; Microsoft Windows 10.0.22621 )",
        "x-ms-client-request-id": "bb7396e76d35c0d38a0e384521742eff",
        "x-ms-return-client-request-id": "true"
      },
      "RequestBody": {
        "tags": {
          "test": "env"
        },
        "location": "eastus2"
      },
      "StatusCode": 201,
      "ResponseHeaders": {
        "Cache-Control": "no-cache",
        "Content-Length": "242",
        "Content-Type": "application/json; charset=utf-8",
        "Date": "Tue, 14 Mar 2023 09:06:22 GMT",
        "Expires": "-1",
        "Pragma": "no-cache",
        "Strict-Transport-Security": "max-age=31536000; includeSubDomains",
        "X-Content-Type-Options": "nosniff",
        "x-ms-correlation-request-id": "fa504023-853c-4042-953f-6ac8343cc64c",
        "x-ms-ratelimit-remaining-subscription-writes": "1189",
        "x-ms-request-id": "fa504023-853c-4042-953f-6ac8343cc64c",
        "x-ms-routing-request-id": "SOUTHEASTASIA:20230314T090623Z:fa504023-853c-4042-953f-6ac8343cc64c"
      },
      "ResponseBody": {
        "id": "/subscriptions/db1ab6f0-4769-4b27-930e-01e2ef9c123c/resourceGroups/testRG-5344",
        "name": "testRG-5344",
        "type": "Microsoft.Resources/resourceGroups",
        "location": "eastus2",
        "tags": {
          "test": "env"
        },
        "properties": {
          "provisioningState": "Succeeded"
        }
      }
    },
    {
      "RequestUri": "https://management.azure.com/subscriptions/db1ab6f0-4769-4b27-930e-01e2ef9c123c/resourceGroups/testRG-8413/providers/Microsoft.Insights/metricAlerts/testMetricAlert-920?api-version=2018-03-01",
      "RequestMethod": "PUT",
      "RequestHeaders": {
        "Accept": "application/json",
        "Authorization": "Sanitized",
        "Content-Length": "747",
        "Content-Type": "application/json",
        "traceparent": "00-190f05100108624f97ce764e7f3a6be0-5619055d65046b49-00",
        "User-Agent": "azsdk-net-ResourceManager.Monitor/1.1.0-alpha.20230314.1 (.NET Framework 4.8.9139.0; Microsoft Windows 10.0.22621 )",
        "x-ms-client-request-id": "f2f58596db32904f5c29197fa3afa2a1",
        "x-ms-return-client-request-id": "true"
      },
      "RequestBody": {
        "tags": {},
        "location": "global",
        "properties": {
          "severity": 3,
          "enabled": true,
          "scopes": [
            "/subscriptions/db1ab6f0-4769-4b27-930e-01e2ef9c123c/resourceGroups/testRG-5344/providers/Microsoft.Storage/storageAccounts/metrictests689"
          ],
          "evaluationFrequency": "PT1M",
          "windowSize": "PT5M",
          "criteria": {
            "allOf": [
              {
                "operator": "GreaterThan",
                "threshold": 80.5,
                "criterionType": "StaticThresholdCriterion",
                "name": "High_CPU_80",
                "metricName": "Transactions",
                "timeAggregation": "Total"
              }
            ],
            "odata.type": "Microsoft.Azure.Monitor.SingleResourceMultipleMetricCriteria"
          },
          "actions": [
            {
              "actionGroupId": "/subscriptions/DB1AB6F0-4769-4B27-930E-01E2EF9C123C/resourceGroups/testRG-8413/providers/microsoft.insights/actionGroups/testActionGroup-6772",
              "webHookProperties": {
                "key1": "value1"
              }
            }
          ]
        }
      },
      "StatusCode": 200,
      "ResponseHeaders": {
        "api-supported-versions": "2017-09-01-preview, 2018-03-01",
        "Arr-Disable-Session-Affinity": "true",
        "Cache-Control": "no-cache",
        "Content-Length": "1261",
        "Content-Type": "application/json; charset=utf-8",
        "Date": "Tue, 14 Mar 2023 09:06:56 GMT",
        "Expires": "-1",
        "Pragma": "no-cache",
        "Server": "Microsoft-IIS/10.0",
        "Strict-Transport-Security": "max-age=31536000; includeSubDomains",
        "Vary": "Accept-Encoding",
        "X-AspNet-Version": "4.0.30319",
        "X-Content-Type-Options": "nosniff",
        "x-ms-correlation-request-id": "1bc52fed-9ba2-491b-a85e-9d01e1a3b6f3",
        "x-ms-ratelimit-remaining-subscription-resource-requests": "296",
        "x-ms-request-id": [
          "1bc52fed-9ba2-491b-a85e-9d01e1a3b6f3",
          "1bc52fed-9ba2-491b-a85e-9d01e1a3b6f3"
        ],
        "x-ms-routing-request-id": "SOUTHEASTASIA:20230314T090657Z:1bc52fed-9ba2-491b-a85e-9d01e1a3b6f3",
        "X-Powered-By": "ASP.NET"
      },
      "ResponseBody": {
        "id": "/subscriptions/db1ab6f0-4769-4b27-930e-01e2ef9c123c/resourceGroups/testRG-8413/providers/Microsoft.Insights/metricAlerts/testMetricAlert-920",
        "name": "testMetricAlert-920",
        "type": "Microsoft.Insights/metricAlerts",
        "location": "global",
        "tags": {},
        "properties": {
          "severity": 3,
          "enabled": true,
          "scopes": [
            "/subscriptions/db1ab6f0-4769-4b27-930e-01e2ef9c123c/resourceGroups/testRG-5344/providers/Microsoft.Storage/storageAccounts/metrictests689"
          ],
          "evaluationFrequency": "PT1M",
          "windowSize": "PT5M",
          "criteria": {
            "allOf": [
              {
                "threshold": 80.5,
                "name": "High_CPU_80",
                "metricName": "Transactions",
                "operator": "GreaterThan",
                "timeAggregation": "Total",
                "criterionType": "StaticThresholdCriterion"
              }
            ],
            "odata.type": "Microsoft.Azure.Monitor.SingleResourceMultipleMetricCriteria"
          },
          "actions": [
            {
              "actionGroupId": "/subscriptions/DB1AB6F0-4769-4B27-930E-01E2EF9C123C/resourceGroups/testRG-8413/providers/microsoft.insights/actionGroups/testActionGroup-6772",
              "webHookProperties": {
                "key1": "value1"
              }
            }
          ]
        }
      }
    },
    {
      "RequestUri": "https://management.azure.com/subscriptions/db1ab6f0-4769-4b27-930e-01e2ef9c123c/resourceGroups/testRG-8413/providers/Microsoft.Insights/metricAlerts/testMetricAlert-9424?api-version=2018-03-01",
      "RequestMethod": "PUT",
      "RequestHeaders": {
        "Accept": "application/json",
        "Authorization": "Sanitized",
        "Content-Length": "747",
        "Content-Type": "application/json",
        "traceparent": "00-53c138942109ff4daa14063f601a8096-e81b3eb42cdc3344-00",
        "User-Agent": "azsdk-net-ResourceManager.Monitor/1.1.0-alpha.20230314.1 (.NET Framework 4.8.9139.0; Microsoft Windows 10.0.22621 )",
        "x-ms-client-request-id": "afba1e1715ae6ed31f5aeacfe7999033",
        "x-ms-return-client-request-id": "true"
      },
      "RequestBody": {
        "tags": {},
        "location": "global",
        "properties": {
          "severity": 3,
          "enabled": true,
          "scopes": [
            "/subscriptions/db1ab6f0-4769-4b27-930e-01e2ef9c123c/resourceGroups/testRG-5344/providers/Microsoft.Storage/storageAccounts/metrictests689"
          ],
          "evaluationFrequency": "PT1M",
          "windowSize": "PT5M",
          "criteria": {
            "allOf": [
              {
                "operator": "GreaterThan",
                "threshold": 80.5,
                "criterionType": "StaticThresholdCriterion",
                "name": "High_CPU_80",
                "metricName": "Transactions",
                "timeAggregation": "Total"
              }
            ],
            "odata.type": "Microsoft.Azure.Monitor.SingleResourceMultipleMetricCriteria"
          },
          "actions": [
            {
              "actionGroupId": "/subscriptions/DB1AB6F0-4769-4B27-930E-01E2EF9C123C/resourceGroups/testRG-8413/providers/microsoft.insights/actionGroups/testActionGroup-6772",
              "webHookProperties": {
                "key1": "value1"
              }
            }
          ]
        }
      },
      "StatusCode": 200,
      "ResponseHeaders": {
        "api-supported-versions": "2017-09-01-preview, 2018-03-01",
        "Arr-Disable-Session-Affinity": "true",
        "Cache-Control": "no-cache",
        "Content-Length": "1263",
        "Content-Type": "application/json; charset=utf-8",
        "Date": "Tue, 14 Mar 2023 09:07:07 GMT",
        "Expires": "-1",
        "Pragma": "no-cache",
        "Server": "Microsoft-IIS/10.0",
        "Strict-Transport-Security": "max-age=31536000; includeSubDomains",
        "Vary": "Accept-Encoding",
        "X-AspNet-Version": "4.0.30319",
        "X-Content-Type-Options": "nosniff",
        "x-ms-correlation-request-id": "4548713e-c4b0-4909-b9ce-740956b77594",
        "x-ms-ratelimit-remaining-subscription-resource-requests": "295",
        "x-ms-request-id": [
          "4548713e-c4b0-4909-b9ce-740956b77594",
          "4548713e-c4b0-4909-b9ce-740956b77594"
        ],
        "x-ms-routing-request-id": "SOUTHEASTASIA:20230314T090708Z:4548713e-c4b0-4909-b9ce-740956b77594",
        "X-Powered-By": "ASP.NET"
      },
      "ResponseBody": {
        "id": "/subscriptions/db1ab6f0-4769-4b27-930e-01e2ef9c123c/resourceGroups/testRG-8413/providers/Microsoft.Insights/metricAlerts/testMetricAlert-9424",
        "name": "testMetricAlert-9424",
        "type": "Microsoft.Insights/metricAlerts",
        "location": "global",
        "tags": {},
        "properties": {
          "severity": 3,
          "enabled": true,
          "scopes": [
            "/subscriptions/db1ab6f0-4769-4b27-930e-01e2ef9c123c/resourceGroups/testRG-5344/providers/Microsoft.Storage/storageAccounts/metrictests689"
          ],
          "evaluationFrequency": "PT1M",
          "windowSize": "PT5M",
          "criteria": {
            "allOf": [
              {
                "threshold": 80.5,
                "name": "High_CPU_80",
                "metricName": "Transactions",
                "operator": "GreaterThan",
                "timeAggregation": "Total",
                "criterionType": "StaticThresholdCriterion"
              }
            ],
            "odata.type": "Microsoft.Azure.Monitor.SingleResourceMultipleMetricCriteria"
          },
          "actions": [
            {
              "actionGroupId": "/subscriptions/DB1AB6F0-4769-4B27-930E-01E2EF9C123C/resourceGroups/testRG-8413/providers/microsoft.insights/actionGroups/testActionGroup-6772",
              "webHookProperties": {
                "key1": "value1"
              }
            }
          ]
        }
      }
    },
    {
      "RequestUri": "https://management.azure.com/subscriptions/db1ab6f0-4769-4b27-930e-01e2ef9c123c/resourceGroups/testRG-8413/providers/Microsoft.Insights/metricAlerts?api-version=2018-03-01",
      "RequestMethod": "GET",
      "RequestHeaders": {
        "Accept": "application/json",
        "Authorization": "Sanitized",
        "traceparent": "00-5e8308af6010b9479eb041e6f45ffa37-62f53f4b54b3d343-00",
        "User-Agent": "azsdk-net-ResourceManager.Monitor/1.1.0-alpha.20230314.1 (.NET Framework 4.8.9139.0; Microsoft Windows 10.0.22621 )",
        "x-ms-client-request-id": "6534f98f329dd7ecb2d99967b0d4be0f",
        "x-ms-return-client-request-id": "true"
      },
      "RequestBody": null,
      "StatusCode": 200,
      "ResponseHeaders": {
        "api-supported-versions": "2017-09-01-preview, 2018-03-01",
        "Arr-Disable-Session-Affinity": "true",
        "Cache-Control": "no-cache",
        "Content-Length": "2848",
        "Content-Type": "application/json; charset=utf-8",
        "Date": "Tue, 14 Mar 2023 09:07:07 GMT",
        "Expires": "-1",
        "Pragma": "no-cache",
        "Server": "Microsoft-IIS/10.0",
        "Strict-Transport-Security": "max-age=31536000; includeSubDomains",
        "Vary": "Accept-Encoding",
        "X-AspNet-Version": "4.0.30319",
        "X-Content-Type-Options": "nosniff",
        "x-ms-correlation-request-id": "05ecdffa-2cab-4903-9525-11e4f723bdbf",
        "x-ms-ratelimit-remaining-subscription-reads": "11976",
        "x-ms-request-id": [
          "05ecdffa-2cab-4903-9525-11e4f723bdbf",
          "05ecdffa-2cab-4903-9525-11e4f723bdbf"
        ],
        "x-ms-routing-request-id": "SOUTHEASTASIA:20230314T090708Z:05ecdffa-2cab-4903-9525-11e4f723bdbf",
        "X-Powered-By": "ASP.NET"
      },
      "ResponseBody": {
        "value": [
          {
            "id": "/subscriptions/db1ab6f0-4769-4b27-930e-01e2ef9c123c/resourceGroups/testRG-8413/providers/Microsoft.Insights/metricAlerts/testMetricAlert-920",
            "name": "testMetricAlert-920",
            "type": "Microsoft.Insights/metricAlerts",
            "location": "global",
            "tags": {},
            "properties": {
              "severity": 3,
              "enabled": true,
              "scopes": [
                "/subscriptions/db1ab6f0-4769-4b27-930e-01e2ef9c123c/resourceGroups/testRG-5344/providers/Microsoft.Storage/storageAccounts/metrictests689"
              ],
              "evaluationFrequency": "PT1M",
              "windowSize": "PT5M",
              "criteria": {
                "allOf": [
                  {
                    "threshold": 80.5,
                    "name": "High_CPU_80",
                    "metricName": "Transactions",
                    "operator": "GreaterThan",
                    "timeAggregation": "Total",
                    "criterionType": "StaticThresholdCriterion"
                  }
                ],
                "odata.type": "Microsoft.Azure.Monitor.SingleResourceMultipleMetricCriteria"
              },
              "actions": [
                {
                  "actionGroupId": "/subscriptions/DB1AB6F0-4769-4B27-930E-01E2EF9C123C/resourceGroups/testRG-8413/providers/microsoft.insights/actionGroups/testActionGroup-6772",
                  "webHookProperties": {
                    "key1": "value1"
                  }
                }
              ]
            }
          },
          {
            "id": "/subscriptions/db1ab6f0-4769-4b27-930e-01e2ef9c123c/resourceGroups/testRG-8413/providers/Microsoft.Insights/metricAlerts/testMetricAlert-9424",
            "name": "testMetricAlert-9424",
            "type": "Microsoft.Insights/metricAlerts",
            "location": "global",
            "tags": {},
            "properties": {
              "severity": 3,
              "enabled": true,
              "scopes": [
                "/subscriptions/db1ab6f0-4769-4b27-930e-01e2ef9c123c/resourceGroups/testRG-5344/providers/Microsoft.Storage/storageAccounts/metrictests689"
              ],
              "evaluationFrequency": "PT1M",
              "windowSize": "PT5M",
              "criteria": {
                "allOf": [
                  {
                    "threshold": 80.5,
                    "name": "High_CPU_80",
                    "metricName": "Transactions",
                    "operator": "GreaterThan",
                    "timeAggregation": "Total",
                    "criterionType": "StaticThresholdCriterion"
                  }
                ],
                "odata.type": "Microsoft.Azure.Monitor.SingleResourceMultipleMetricCriteria"
              },
              "actions": [
                {
                  "actionGroupId": "/subscriptions/DB1AB6F0-4769-4B27-930E-01E2EF9C123C/resourceGroups/testRG-8413/providers/microsoft.insights/actionGroups/testActionGroup-6772",
                  "webHookProperties": {
                    "key1": "value1"
                  }
                }
              ]
            }
          }
        ]
      }
    }
  ],
  "Variables": {
    "AZURE_AUTHORITY_HOST": "https://login.microsoftonline.com/",
    "RandomSeed": "1291416533",
    "RESOURCE_MANAGER_URL": null,
    "SUBSCRIPTION_ID": "db1ab6f0-4769-4b27-930e-01e2ef9c123c"
  }
}
