{
  "Entries": [
    {
      "RequestUri": "https://rooms-ppe-us.ppe.communication.azure.net/identities?api-version=2021-03-07",
      "RequestMethod": "POST",
      "RequestHeaders": {
        "Accept": "application/json",
        "Authorization": "Sanitized",
        "Content-Length": "2",
        "Content-Type": "application/json",
        "traceparent": "00-b25b522fb70c0c46802e0683d683b4c9-bed2bebf5373854c-00",
        "User-Agent": "azsdk-net-Communication.Identity/1.2.0-alpha.20220808.1 (.NET Framework 4.8.4510.0; Microsoft Windows 10.0.19044 )",
        "x-ms-client-request-id": "131ba2f6a28b6d25e2feaead1a3f1e1f",
        "x-ms-content-sha256": "Sanitized",
        "x-ms-date": "Mon, 08 Aug 2022 20:22:49 GMT",
        "x-ms-return-client-request-id": "true"
      },
      "RequestBody": {},
      "StatusCode": 201,
      "ResponseHeaders": {
        "api-supported-versions": "2020-07-20-preview2, 2021-02-22-preview1, 2021-03-07, 2021-10-31-preview, 2021-11-01, 2022-06-01",
        "Content-Length": "101",
        "Content-Type": "application/json; charset=utf-8",
        "Date": "Mon, 08 Aug 2022 20:22:49 GMT",
        "MS-CV": "uEnF1SiMOkuam6kJ9/8D\u002BQ.0",
        "Request-Context": "appId=",
        "Strict-Transport-Security": "max-age=2592000",
        "X-Azure-Ref": "0mXDxYgAAAABlBo74MZ/NQYnipXy\u002BnL39WVZSMzBFREdFMDMxNgBmMDlhNGMxMy0yMWYxLTQ4ZWMtOWNmNy02NjU0NTY4NGI2NDI=",
        "X-Cache": "CONFIG_NOCACHE",
        "x-ms-client-request-id": "131ba2f6a28b6d25e2feaead1a3f1e1f",
        "X-Processing-Time": "33ms"
      },
      "ResponseBody": {
        "identity": {
          "id": "8:acs:db75ed0c-e801-41a3-99a4-66a0a119a06c_00000013-1f01-7c95-83fe-084822001a51"
        }
      }
    },
    {
      "RequestUri": "https://rooms-ppe-us.ppe.communication.azure.net/identities?api-version=2021-03-07",
      "RequestMethod": "POST",
      "RequestHeaders": {
        "Accept": "application/json",
        "Authorization": "Sanitized",
        "Content-Length": "2",
        "Content-Type": "application/json",
        "traceparent": "00-ca346a6a96d84643afb040a801345a66-4cf615e7e412dd4b-00",
        "User-Agent": "azsdk-net-Communication.Identity/1.2.0-alpha.20220808.1 (.NET Framework 4.8.4510.0; Microsoft Windows 10.0.19044 )",
        "x-ms-client-request-id": "154fcfb76ae9d3985ec14a8a12371174",
        "x-ms-content-sha256": "Sanitized",
        "x-ms-date": "Mon, 08 Aug 2022 20:22:49 GMT",
        "x-ms-return-client-request-id": "true"
      },
      "RequestBody": {},
      "StatusCode": 201,
      "ResponseHeaders": {
        "api-supported-versions": "2020-07-20-preview2, 2021-02-22-preview1, 2021-03-07, 2021-10-31-preview, 2021-11-01, 2022-06-01",
        "Content-Length": "101",
        "Content-Type": "application/json; charset=utf-8",
        "Date": "Mon, 08 Aug 2022 20:22:49 GMT",
        "MS-CV": "s8uPcsPNAEi0Zw0k3\u002BkwBQ.0",
        "Request-Context": "appId=",
        "Strict-Transport-Security": "max-age=2592000",
        "X-Azure-Ref": "0mXDxYgAAAAC5nMfD0/hHRI\u002B8vGS3eJ/wWVZSMzBFREdFMDMxNgBmMDlhNGMxMy0yMWYxLTQ4ZWMtOWNmNy02NjU0NTY4NGI2NDI=",
        "X-Cache": "CONFIG_NOCACHE",
        "x-ms-client-request-id": "154fcfb76ae9d3985ec14a8a12371174",
        "X-Processing-Time": "29ms"
      },
      "ResponseBody": {
        "identity": {
          "id": "8:acs:db75ed0c-e801-41a3-99a4-66a0a119a06c_00000013-1f01-7ce1-83fe-084822001a52"
        }
      }
    },
    {
      "RequestUri": "https://rooms-ppe-us.ppe.communication.azure.net/rooms?api-version=2022-02-01",
      "RequestMethod": "POST",
      "RequestHeaders": {
        "Accept": "application/json",
        "Authorization": "Sanitized",
        "Content-Length": "412",
        "Content-Type": "application/json",
        "Repeatability-First-Sent": "2022-08-08T20:22:49.7474239Z",
        "Repeatability-Request-ID": "fb35e366-f5f0-4b3f-81c7-9d345a3f3622",
        "traceparent": "00-0010ea9a1ea9db449f543eb2a9bbe66b-52ede1aa382d6f4c-00",
        "User-Agent": "azsdk-net-Communication.Rooms/1.0.0-alpha.20220808.1 (.NET Framework 4.8.4510.0; Microsoft Windows 10.0.19044 )",
        "x-ms-client-request-id": "6e879158008710e5392504b22a6e4357",
        "x-ms-content-sha256": "Sanitized",
        "x-ms-date": "Mon, 08 Aug 2022 20:22:49 GMT",
        "x-ms-return-client-request-id": "true"
      },
      "RequestBody": {
        "validFrom": "Sanitized",
        "validUntil": "Sanitized",
        "roomJoinPolicy": "InviteOnly",
        "participants": [
          {
            "communicationIdentifier": {
              "communicationUser": {
                "id": "8:acs:db75ed0c-e801-41a3-99a4-66a0a119a06c_00000013-1f01-7c95-83fe-084822001a51"
              }
            },
            "role": "Presenter"
          },
          {
            "communicationIdentifier": {
              "communicationUser": {
                "id": "8:acs:db75ed0c-e801-41a3-99a4-66a0a119a06c_00000013-1f01-7ce1-83fe-084822001a52"
              }
            },
            "role": "Attendee"
          }
        ]
      },
      "StatusCode": 201,
      "ResponseHeaders": {
        "api-supported-versions": "2021-04-07, 2022-02-01",
        "Content-Type": "application/json; charset=utf-8",
        "Date": "Mon, 08 Aug 2022 20:22:49 GMT",
        "Location": "99490389544344686",
        "MS-CV": "LEBCJud86EqeC2wM1OoC8A.0",
        "Repeatability-Result": "accepted",
        "Transfer-Encoding": "chunked",
        "X-Azure-Ref": "0mXDxYgAAAAD1Im80BK6RTJJzNn8QzzNfWVZSMzBFREdFMDMxNgBmMDlhNGMxMy0yMWYxLTQ4ZWMtOWNmNy02NjU0NTY4NGI2NDI=",
        "X-Cache": "CONFIG_NOCACHE"
      },
      "ResponseBody": {
        "id": "99490389544344686",
        "createdDateTime": "2022-08-08T20:22:49.9793518\u002B00:00",
        "validFrom": "2022-08-08T20:22:49.7474239\u002B00:00",
        "validUntil": "2022-08-09T20:22:49.7474239\u002B00:00",
        "roomJoinPolicy": "InviteOnly",
        "participants": [
          {
            "communicationIdentifier": {
              "rawId": "8:acs:db75ed0c-e801-41a3-99a4-66a0a119a06c_00000013-1f01-7c95-83fe-084822001a51",
              "communicationUser": {
                "id": "8:acs:db75ed0c-e801-41a3-99a4-66a0a119a06c_00000013-1f01-7c95-83fe-084822001a51"
              }
            },
            "role": "Presenter"
          },
          {
            "communicationIdentifier": {
              "rawId": "8:acs:db75ed0c-e801-41a3-99a4-66a0a119a06c_00000013-1f01-7ce1-83fe-084822001a52",
              "communicationUser": {
                "id": "8:acs:db75ed0c-e801-41a3-99a4-66a0a119a06c_00000013-1f01-7ce1-83fe-084822001a52"
              }
            },
            "role": "Attendee"
          }
        ]
      }
    },
    {
      "RequestUri": "https://rooms-ppe-us.ppe.communication.azure.net/rooms?api-version=2022-02-01",
      "RequestMethod": "POST",
      "RequestHeaders": {
        "Accept": "application/json",
        "Authorization": "Sanitized",
        "Content-Length": "95",
        "Content-Type": "application/json",
        "Repeatability-First-Sent": "2022-08-08T20:22:50.0306773Z",
        "Repeatability-Request-ID": "5a895c45-1967-4c79-a128-3cd179d57037",
        "traceparent": "00-7b785dbc7bd36c4ba8d6ad4a1b6add0e-90f6372f83d7d747-00",
        "User-Agent": "azsdk-net-Communication.Rooms/1.0.0-alpha.20220808.1 (.NET Framework 4.8.4510.0; Microsoft Windows 10.0.19044 )",
        "x-ms-client-request-id": "03e56fd182528cf50947b5ca589b5baa",
        "x-ms-content-sha256": "Sanitized",
        "x-ms-date": "Mon, 08 Aug 2022 20:22:50 GMT",
        "x-ms-return-client-request-id": "true"
      },
      "RequestBody": {
        "validFrom": "Sanitized",
        "validUntil": "Sanitized",
        "roomJoinPolicy": "CommunicationServiceUsers"
      },
      "StatusCode": 201,
      "ResponseHeaders": {
        "api-supported-versions": "2021-04-07, 2022-02-01",
        "Content-Type": "application/json; charset=utf-8",
        "Date": "Mon, 08 Aug 2022 20:22:49 GMT",
        "Location": "99466015087039206",
        "MS-CV": "ei\u002Bnc2b0r0W9i0U70fdVvw.0",
        "Repeatability-Result": "accepted",
        "Transfer-Encoding": "chunked",
        "X-Azure-Ref": "0mnDxYgAAAABMDR47sGO/TYfweGIyqfudWVZSMzBFREdFMDMxNgBmMDlhNGMxMy0yMWYxLTQ4ZWMtOWNmNy02NjU0NTY4NGI2NDI=",
        "X-Cache": "CONFIG_NOCACHE"
      },
      "ResponseBody": {
        "id": "99466015087039206",
        "createdDateTime": "2022-08-08T20:22:50.2606185\u002B00:00",
        "validFrom": "2022-08-08T20:22:49.7474239\u002B00:00",
        "validUntil": "2022-08-09T20:22:49.7474239\u002B00:00",
        "roomJoinPolicy": "CommunicationServiceUsers",
        "participants": []
      }
    },
    {
      "RequestUri": "https://rooms-ppe-us.ppe.communication.azure.net/rooms/99490389544344686?api-version=2022-02-01",
      "RequestMethod": "PATCH",
      "RequestHeaders": {
        "Accept": "application/json",
        "Authorization": "Sanitized",
        "Content-Length": "50",
        "Content-Type": "application/json",
        "traceparent": "00-bc812e73d9085c4db5240c87e35a17cd-25353fee7ad4714c-00",
        "User-Agent": "azsdk-net-Communication.Rooms/1.0.0-alpha.20220808.1 (.NET Framework 4.8.4510.0; Microsoft Windows 10.0.19044 )",
        "x-ms-client-request-id": "89553aedafb7b698ea3edbc365e5a8f0",
        "x-ms-content-sha256": "Sanitized",
        "x-ms-date": "Mon, 08 Aug 2022 20:22:50 GMT",
        "x-ms-return-client-request-id": "true"
      },
      "RequestBody": {
        "validFrom": "Sanitized",
        "validUntil": "Sanitized"
      },
      "StatusCode": 200,
      "ResponseHeaders": {
        "api-supported-versions": "2021-04-07, 2022-02-01",
        "Content-Type": "application/json; charset=utf-8",
        "Date": "Mon, 08 Aug 2022 20:22:50 GMT",
        "MS-CV": "aurKHiK7g0uzQVYic7lh6w.0",
        "Transfer-Encoding": "chunked",
        "X-Azure-Ref": "0mnDxYgAAAACPzufUd4Q1QIOZd0UlovZAWVZSMzBFREdFMDMxNgBmMDlhNGMxMy0yMWYxLTQ4ZWMtOWNmNy02NjU0NTY4NGI2NDI=",
        "X-Cache": "CONFIG_NOCACHE"
      },
      "ResponseBody": {
        "id": "99490389544344686",
        "createdDateTime": "2022-08-08T20:22:49.9793518\u002B00:00",
        "validFrom": "2022-08-08T20:22:49.7474239\u002B00:00",
        "validUntil": "2022-08-09T20:22:49.7474239\u002B00:00",
        "roomJoinPolicy": "InviteOnly",
        "participants": [
          {
            "communicationIdentifier": {
              "rawId": "8:acs:db75ed0c-e801-41a3-99a4-66a0a119a06c_00000013-1f01-7c95-83fe-084822001a51",
              "communicationUser": {
                "id": "8:acs:db75ed0c-e801-41a3-99a4-66a0a119a06c_00000013-1f01-7c95-83fe-084822001a51"
              }
            },
            "role": "Presenter"
          },
          {
            "communicationIdentifier": {
              "rawId": "8:acs:db75ed0c-e801-41a3-99a4-66a0a119a06c_00000013-1f01-7ce1-83fe-084822001a52",
              "communicationUser": {
                "id": "8:acs:db75ed0c-e801-41a3-99a4-66a0a119a06c_00000013-1f01-7ce1-83fe-084822001a52"
              }
            },
            "role": "Attendee"
          }
        ]
      }
    },
    {
      "RequestUri": "https://rooms-ppe-us.ppe.communication.azure.net/rooms/99490389544344686?api-version=2022-02-01",
      "RequestMethod": "GET",
      "RequestHeaders": {
        "Accept": "application/json",
        "Authorization": "Sanitized",
        "traceparent": "00-c2dcb23f9e76ee44b5a5a8d392ade12d-b0d4ba84b695d847-00",
        "User-Agent": "azsdk-net-Communication.Rooms/1.0.0-alpha.20220808.1 (.NET Framework 4.8.4510.0; Microsoft Windows 10.0.19044 )",
        "x-ms-client-request-id": "a2b8f37d0d52d5219bfa653f4a1bb79e",
        "x-ms-content-sha256": "Sanitized",
        "x-ms-date": "Mon, 08 Aug 2022 20:22:50 GMT",
        "x-ms-return-client-request-id": "true"
      },
      "RequestBody": null,
      "StatusCode": 200,
      "ResponseHeaders": {
        "api-supported-versions": "2021-04-07, 2022-02-01",
        "Content-Type": "application/json; charset=utf-8",
        "Date": "Mon, 08 Aug 2022 20:22:50 GMT",
        "MS-CV": "rYlSF//YKUGXwd2NEBXcnQ.0",
        "Transfer-Encoding": "chunked",
        "X-Azure-Ref": "0mnDxYgAAAACGMAwyIvYHR4p6P41Ew5b4WVZSMzBFREdFMDMxNgBmMDlhNGMxMy0yMWYxLTQ4ZWMtOWNmNy02NjU0NTY4NGI2NDI=",
        "X-Cache": "CONFIG_NOCACHE"
      },
      "ResponseBody": {
        "id": "99490389544344686",
        "createdDateTime": "2022-08-08T20:22:49.9793518\u002B00:00",
        "validFrom": "2022-08-08T20:22:49.7474239\u002B00:00",
        "validUntil": "2022-08-09T20:22:49.7474239\u002B00:00",
        "roomJoinPolicy": "InviteOnly",
        "participants": [
          {
            "communicationIdentifier": {
              "rawId": "8:acs:db75ed0c-e801-41a3-99a4-66a0a119a06c_00000013-1f01-7c95-83fe-084822001a51",
              "communicationUser": {
                "id": "8:acs:db75ed0c-e801-41a3-99a4-66a0a119a06c_00000013-1f01-7c95-83fe-084822001a51"
              }
            },
            "role": "Presenter"
          },
          {
            "communicationIdentifier": {
              "rawId": "8:acs:db75ed0c-e801-41a3-99a4-66a0a119a06c_00000013-1f01-7ce1-83fe-084822001a52",
              "communicationUser": {
                "id": "8:acs:db75ed0c-e801-41a3-99a4-66a0a119a06c_00000013-1f01-7ce1-83fe-084822001a52"
              }
            },
            "role": "Attendee"
          }
        ]
      }
    },
    {
      "RequestUri": "https://rooms-ppe-us.ppe.communication.azure.net/rooms/99490389544344686?api-version=2022-02-01",
      "RequestMethod": "DELETE",
      "RequestHeaders": {
        "Accept": "application/json",
        "Authorization": "Sanitized",
        "traceparent": "00-d63b83d2f1689b4da25adb82df751923-27da8e49a2510542-00",
        "User-Agent": "azsdk-net-Communication.Rooms/1.0.0-alpha.20220808.1 (.NET Framework 4.8.4510.0; Microsoft Windows 10.0.19044 )",
        "x-ms-client-request-id": "f0c559caba18219fd72e1913a6312623",
        "x-ms-content-sha256": "Sanitized",
        "x-ms-date": "Mon, 08 Aug 2022 20:22:50 GMT",
        "x-ms-return-client-request-id": "true"
      },
      "RequestBody": null,
      "StatusCode": 204,
      "ResponseHeaders": {
        "api-supported-versions": "2021-04-07, 2022-02-01",
        "Date": "Mon, 08 Aug 2022 20:22:50 GMT",
        "MS-CV": "tz2/xES8O0WiRC3DXYpZ1Q.0",
        "X-Azure-Ref": "0mnDxYgAAAABmATVhjdTKQ49AXvdCvrEcWVZSMzBFREdFMDMxNgBmMDlhNGMxMy0yMWYxLTQ4ZWMtOWNmNy02NjU0NTY4NGI2NDI=",
        "X-Cache": "CONFIG_NOCACHE"
      },
      "ResponseBody": null
    }
  ],
  "Variables": {
    "COMMUNICATION_LIVETEST_DYNAMIC_CONNECTION_STRING": "endpoint=https://rooms-ppe-us.ppe.communication.azure.net/;accesskey=Kg==",
    "RandomSeed": "1649686776"
  }
}
