{
  "Entries": [
    {
      "RequestUri": "https://rooms-ppe-us.ppe.communication.azure.net/identities?api-version=2021-03-07",
      "RequestMethod": "POST",
      "RequestHeaders": {
        "Accept": "application/json",
        "Authorization": "Sanitized",
        "Content-Length": "2",
        "Content-Type": "application/json",
        "traceparent": "00-1050bfc06e1cce41b00657971da083d2-929f702824f74c44-00",
        "User-Agent": "azsdk-net-Communication.Identity/1.2.0-alpha.20220808.1 (.NET Framework 4.8.4510.0; Microsoft Windows 10.0.19044 )",
        "x-ms-client-request-id": "c5aed2b99e1f24cab276d67704eaa405",
        "x-ms-content-sha256": "Sanitized",
        "x-ms-date": "Mon, 08 Aug 2022 20:22:56 GMT",
        "x-ms-return-client-request-id": "true"
      },
      "RequestBody": {},
      "StatusCode": 201,
      "ResponseHeaders": {
        "api-supported-versions": "2020-07-20-preview2, 2021-02-22-preview1, 2021-03-07, 2021-10-31-preview, 2021-11-01, 2022-06-01",
        "Content-Length": "101",
        "Content-Type": "application/json; charset=utf-8",
        "Date": "Mon, 08 Aug 2022 20:22:56 GMT",
        "MS-CV": "dbtse7zwcUq/HPPBPyTwmA.0",
        "Request-Context": "appId=",
        "Strict-Transport-Security": "max-age=2592000",
        "X-Azure-Ref": "0oHDxYgAAAAB6Fyf0B4k7Q4pY4xWiJO7tWVZSMzBFREdFMDMxNgBmMDlhNGMxMy0yMWYxLTQ4ZWMtOWNmNy02NjU0NTY4NGI2NDI=",
        "X-Cache": "CONFIG_NOCACHE",
        "x-ms-client-request-id": "c5aed2b99e1f24cab276d67704eaa405",
        "X-Processing-Time": "36ms"
      },
      "ResponseBody": {
        "identity": {
          "id": "8:acs:db75ed0c-e801-41a3-99a4-66a0a119a06c_00000013-1f01-976e-83fe-084822001a64"
        }
      }
    },
    {
      "RequestUri": "https://rooms-ppe-us.ppe.communication.azure.net/identities?api-version=2021-03-07",
      "RequestMethod": "POST",
      "RequestHeaders": {
        "Accept": "application/json",
        "Authorization": "Sanitized",
        "Content-Length": "2",
        "Content-Type": "application/json",
        "traceparent": "00-e0e7ea485be85943a66dc878c7d50092-cbabb3a651eab643-00",
        "User-Agent": "azsdk-net-Communication.Identity/1.2.0-alpha.20220808.1 (.NET Framework 4.8.4510.0; Microsoft Windows 10.0.19044 )",
        "x-ms-client-request-id": "4944027e838fc73d2f7d232c925379b8",
        "x-ms-content-sha256": "Sanitized",
        "x-ms-date": "Mon, 08 Aug 2022 20:22:56 GMT",
        "x-ms-return-client-request-id": "true"
      },
      "RequestBody": {},
      "StatusCode": 201,
      "ResponseHeaders": {
        "api-supported-versions": "2020-07-20-preview2, 2021-02-22-preview1, 2021-03-07, 2021-10-31-preview, 2021-11-01, 2022-06-01",
        "Content-Length": "101",
        "Content-Type": "application/json; charset=utf-8",
        "Date": "Mon, 08 Aug 2022 20:22:56 GMT",
        "MS-CV": "gxV8KJ723kqoUseVRamd\u002Bg.0",
        "Request-Context": "appId=",
        "Strict-Transport-Security": "max-age=2592000",
        "X-Azure-Ref": "0oHDxYgAAAAAAwKvoQc0BSqeXq3equJKBWVZSMzBFREdFMDMxNgBmMDlhNGMxMy0yMWYxLTQ4ZWMtOWNmNy02NjU0NTY4NGI2NDI=",
        "X-Cache": "CONFIG_NOCACHE",
        "x-ms-client-request-id": "4944027e838fc73d2f7d232c925379b8",
        "X-Processing-Time": "37ms"
      },
      "ResponseBody": {
        "identity": {
          "id": "8:acs:db75ed0c-e801-41a3-99a4-66a0a119a06c_00000013-1f01-97bf-83fe-084822001a65"
        }
      }
    },
    {
      "RequestUri": "https://rooms-ppe-us.ppe.communication.azure.net/rooms?api-version=2022-02-01",
      "RequestMethod": "POST",
      "RequestHeaders": {
        "Accept": "application/json",
        "Authorization": "Sanitized",
        "Content-Length": "412",
        "Content-Type": "application/json",
        "Repeatability-First-Sent": "2022-08-08T20:22:56.6639275Z",
        "Repeatability-Request-ID": "dbe86fd7-8906-4911-8a99-acfca236e38a",
        "traceparent": "00-312e4b5bdf8de5408d775765b2d4f3b6-56405e1ceb89d24c-00",
        "User-Agent": "azsdk-net-Communication.Rooms/1.0.0-alpha.20220808.1 (.NET Framework 4.8.4510.0; Microsoft Windows 10.0.19044 )",
        "x-ms-client-request-id": "1e29fcf5bc5bc18b6d83f3786ddd397f",
        "x-ms-content-sha256": "Sanitized",
        "x-ms-date": "Mon, 08 Aug 2022 20:22:56 GMT",
        "x-ms-return-client-request-id": "true"
      },
      "RequestBody": {
        "validFrom": "Sanitized",
        "validUntil": "Sanitized",
        "roomJoinPolicy": "InviteOnly",
        "participants": [
          {
            "communicationIdentifier": {
              "communicationUser": {
                "id": "8:acs:db75ed0c-e801-41a3-99a4-66a0a119a06c_00000013-1f01-976e-83fe-084822001a64"
              }
            },
            "role": "Presenter"
          },
          {
            "communicationIdentifier": {
              "communicationUser": {
                "id": "8:acs:db75ed0c-e801-41a3-99a4-66a0a119a06c_00000013-1f01-97bf-83fe-084822001a65"
              }
            },
            "role": "Attendee"
          }
        ]
      },
      "StatusCode": 201,
      "ResponseHeaders": {
        "api-supported-versions": "2021-04-07, 2022-02-01",
        "Content-Type": "application/json; charset=utf-8",
        "Date": "Mon, 08 Aug 2022 20:22:56 GMT",
        "Location": "99480292913389981",
        "MS-CV": "pG1TmS7qVkmqz0B7wvfIag.0",
        "Repeatability-Result": "accepted",
        "Transfer-Encoding": "chunked",
        "X-Azure-Ref": "0oHDxYgAAAACHXm0Sij/rQrA5LnmyJ9gqWVZSMzBFREdFMDMxNgBmMDlhNGMxMy0yMWYxLTQ4ZWMtOWNmNy02NjU0NTY4NGI2NDI=",
        "X-Cache": "CONFIG_NOCACHE"
      },
      "ResponseBody": {
        "id": "99480292913389981",
        "createdDateTime": "2022-08-08T20:22:56.9642731\u002B00:00",
        "validFrom": "2022-08-08T20:22:56.6639275\u002B00:00",
        "validUntil": "2022-08-09T20:22:56.6639275\u002B00:00",
        "roomJoinPolicy": "InviteOnly",
        "participants": [
          {
            "communicationIdentifier": {
              "rawId": "8:acs:db75ed0c-e801-41a3-99a4-66a0a119a06c_00000013-1f01-976e-83fe-084822001a64",
              "communicationUser": {
                "id": "8:acs:db75ed0c-e801-41a3-99a4-66a0a119a06c_00000013-1f01-976e-83fe-084822001a64"
              }
            },
            "role": "Presenter"
          },
          {
            "communicationIdentifier": {
              "rawId": "8:acs:db75ed0c-e801-41a3-99a4-66a0a119a06c_00000013-1f01-97bf-83fe-084822001a65",
              "communicationUser": {
                "id": "8:acs:db75ed0c-e801-41a3-99a4-66a0a119a06c_00000013-1f01-97bf-83fe-084822001a65"
              }
            },
            "role": "Attendee"
          }
        ]
      }
    },
    {
      "RequestUri": "https://rooms-ppe-us.ppe.communication.azure.net/rooms/99480292913389981/participants:remove?api-version=2022-02-01",
      "RequestMethod": "POST",
      "RequestHeaders": {
        "Accept": "application/json",
        "Authorization": "Sanitized",
        "Content-Length": "157",
        "Content-Type": "application/json",
        "traceparent": "00-a006ddac74642c4aaf3e108d7f73fcf3-6ef1218d7e234642-00",
        "User-Agent": "azsdk-net-Communication.Rooms/1.0.0-alpha.20220808.1 (.NET Framework 4.8.4510.0; Microsoft Windows 10.0.19044 )",
        "x-ms-client-request-id": "27aa5ed6c07f352495e695a17b9e915e",
        "x-ms-content-sha256": "Sanitized",
        "x-ms-date": "Mon, 08 Aug 2022 20:22:57 GMT",
        "x-ms-return-client-request-id": "true"
      },
      "RequestBody": {
        "participants": [
          {
            "communicationIdentifier": {
              "communicationUser": {
                "id": "8:acs:db75ed0c-e801-41a3-99a4-66a0a119a06c_00000013-1f01-97bf-83fe-084822001a65"
              }
            }
          }
        ]
      },
      "StatusCode": 200,
      "ResponseHeaders": {
        "api-supported-versions": "2022-02-01",
        "Content-Type": "application/json; charset=utf-8",
        "Date": "Mon, 08 Aug 2022 20:22:56 GMT",
        "MS-CV": "o7qeX8USk0mVn64ebyuO0A.0",
        "Transfer-Encoding": "chunked",
        "X-Azure-Ref": "0oXDxYgAAAACwu6THZHbGQKRos1gXYgvLWVZSMzBFREdFMDMxNgBmMDlhNGMxMy0yMWYxLTQ4ZWMtOWNmNy02NjU0NTY4NGI2NDI=",
        "X-Cache": "CONFIG_NOCACHE"
      },
      "ResponseBody": {
        "participants": [
          {
            "communicationIdentifier": {
              "rawId": "8:acs:db75ed0c-e801-41a3-99a4-66a0a119a06c_00000013-1f01-976e-83fe-084822001a64",
              "communicationUser": {
                "id": "8:acs:db75ed0c-e801-41a3-99a4-66a0a119a06c_00000013-1f01-976e-83fe-084822001a64"
              }
            },
            "role": "Presenter"
          }
        ]
      }
    }
  ],
  "Variables": {
    "COMMUNICATION_LIVETEST_DYNAMIC_CONNECTION_STRING": "endpoint=https://rooms-ppe-us.ppe.communication.azure.net/;accesskey=Kg==",
    "RandomSeed": "179154449"
  }
}
