{
  "Entries": [
    {
      "RequestUri": "https://sanitized.communication.azure.com/identities?api-version=2021-03-07",
      "RequestMethod": "POST",
      "RequestHeaders": {
        "Accept": "application/json",
        "Authorization": "Sanitized",
        "Content-Length": "2",
        "Content-Type": "application/json",
        "traceparent": "00-94d1ae173feb77ed12b03a56057d96aa-8ada6727ece427d8-00",
        "User-Agent": "azsdk-net-Communication.Identity/1.3.0-alpha.20230331.1 (.NET 7.0.4; Microsoft Windows 10.0.22621)",
        "x-ms-client-request-id": "3ac2b24cdfcd4645dde5c890a56e1252",
        "x-ms-content-sha256": "Sanitized",
        "x-ms-date": "Fri, 31 Mar 2023 17:15:50 GMT",
        "x-ms-return-client-request-id": "true"
      },
      "RequestBody": {},
      "StatusCode": 201,
      "ResponseHeaders": {
        "api-supported-versions": "2020-07-20-preview2, 2021-02-22-preview1, 2021-03-07, 2021-10-31-preview, 2021-11-01, 2022-06-01, 2022-10-01, 2023-08-01",
        "Content-Length": "101",
        "Content-Type": "application/json; charset=utf-8",
        "Date": "Fri, 31 Mar 2023 17:15:49 GMT",
        "MS-CV": "8jRWsGacJEqVI0WHUMJyfA.0",
        "Request-Context": "appId=",
        "Strict-Transport-Security": "max-age=2592000",
        "X-Azure-Ref": "0RRUnZAAAAACytSjceQlDSaRzIl/lnfq6WVZSMzExMDAwMTE1MDE3AGYwOWE0YzEzLTIxZjEtNDhlYy05Y2Y3LTY2NTQ1Njg0YjY0Mg==",
        "X-Cache": "CONFIG_NOCACHE",
        "x-ms-client-request-id": "3ac2b24cdfcd4645dde5c890a56e1252",
        "X-Processing-Time": "19ms"
      },
      "ResponseBody": {
        "identity": {
          "id": "8:acs:db75ed0c-e801-41a3-99a4-66a0a119a06c_00000017-d88c-ba5f-1788-094822004e6b"
        }
      }
    },
    {
      "RequestUri": "https://sanitized.communication.azure.com/identities?api-version=2021-03-07",
      "RequestMethod": "POST",
      "RequestHeaders": {
        "Accept": "application/json",
        "Authorization": "Sanitized",
        "Content-Length": "2",
        "Content-Type": "application/json",
        "traceparent": "00-592391aa336321480acb7f251f23f82d-98f7d42a4f3d95e1-00",
        "User-Agent": "azsdk-net-Communication.Identity/1.3.0-alpha.20230331.1 (.NET 7.0.4; Microsoft Windows 10.0.22621)",
        "x-ms-client-request-id": "aefebd0bfe3bcf8368ef0a6d348fd04c",
        "x-ms-content-sha256": "Sanitized",
        "x-ms-date": "Fri, 31 Mar 2023 17:15:50 GMT",
        "x-ms-return-client-request-id": "true"
      },
      "RequestBody": {},
      "StatusCode": 201,
      "ResponseHeaders": {
        "api-supported-versions": "2020-07-20-preview2, 2021-02-22-preview1, 2021-03-07, 2021-10-31-preview, 2021-11-01, 2022-06-01, 2022-10-01, 2023-08-01",
        "Content-Length": "101",
        "Content-Type": "application/json; charset=utf-8",
        "Date": "Fri, 31 Mar 2023 17:15:49 GMT",
        "MS-CV": "YD6L6p1zKEm9pT/e3rcQvw.0",
        "Request-Context": "appId=",
        "Strict-Transport-Security": "max-age=2592000",
        "X-Azure-Ref": "0RRUnZAAAAAD59sOFgLq0TbqXjfkK/O9ZWVZSMzExMDAwMTE1MDE3AGYwOWE0YzEzLTIxZjEtNDhlYy05Y2Y3LTY2NTQ1Njg0YjY0Mg==",
        "X-Cache": "CONFIG_NOCACHE",
        "x-ms-client-request-id": "aefebd0bfe3bcf8368ef0a6d348fd04c",
        "X-Processing-Time": "17ms"
      },
      "ResponseBody": {
        "identity": {
          "id": "8:acs:db75ed0c-e801-41a3-99a4-66a0a119a06c_00000017-d88c-baa4-1788-094822004e6c"
        }
      }
    },
    {
      "RequestUri": "https://sanitized.communication.azure.com/rooms?api-version=2023-03-31-preview",
      "RequestMethod": "POST",
      "RequestHeaders": {
        "Accept": "application/json",
        "Authorization": "Sanitized",
        "Content-Length": "50",
        "Content-Type": "application/json",
        "Repeatability-First-Sent": "Fri, 31 Mar 2023 17:15:50 GMT",
        "Repeatability-Request-ID": "53634660-ad9b-4772-a5e0-12dcfb2092b9",
        "traceparent": "00-75247d0c3be7746c7ed006c43f10f7da-ba3726c457bd29b4-00",
        "User-Agent": "azsdk-net-Communication.Rooms/1.0.0-alpha.20230331.1 (.NET 7.0.4; Microsoft Windows 10.0.22621)",
        "x-ms-client-request-id": "5fec9810ba2eb88e0a46b636b81a46c9",
        "x-ms-content-sha256": "Sanitized",
        "x-ms-date": "Fri, 31 Mar 2023 17:15:50 GMT",
        "x-ms-return-client-request-id": "true"
      },
      "RequestBody": {
        "validFrom": "Sanitized",
        "validUntil": "Sanitized"
      },
      "StatusCode": 201,
      "ResponseHeaders": {
        "api-supported-versions": "2021-04-07, 2022-02-01, 2023-03-31-preview",
        "Content-Type": "application/json; charset=utf-8",
        "Date": "Fri, 31 Mar 2023 17:15:49 GMT",
        "Location": "99435373688483322",
        "MS-CV": "1j9DUIr2nkK8MwuSCElwmQ.0",
        "Repeatability-Result": "accepted",
        "Request-Context": "appId=",
        "Transfer-Encoding": "chunked",
        "X-Azure-Ref": "0RRUnZAAAAAAAivh5WrpLSbvFkkhM1XwwWVZSMzExMDAwMTE1MDE3AGYwOWE0YzEzLTIxZjEtNDhlYy05Y2Y3LTY2NTQ1Njg0YjY0Mg==",
        "X-Cache": "CONFIG_NOCACHE"
      },
      "ResponseBody": {
        "id": "99435373688483322",
        "createdAt": "2023-03-31T17:15:49.8001495\u002B00:00",
        "validFrom": "2023-03-31T17:15:50.8751988\u002B00:00",
        "validUntil": "2023-04-01T17:15:50.8751988\u002B00:00"
      }
    }
  ],
  "Variables": {
    "COMMUNICATION_CONNECTION_STRING_ROOMS": "endpoint=https://rooms-ppe-us.ppe.communication.azure.net/;accesskey=Kg==",
    "RandomSeed": "192743101"
  }
}
