{
  "Entries": [
    {
      "RequestUri": "https://management.azure.com/subscriptions/db1ab6f0-4769-4b27-930e-01e2ef9c123c?api-version=2019-11-01",
      "RequestMethod": "GET",
      "RequestHeaders": {
        "Accept": "application/json",
        "Authorization": "Sanitized",
        "User-Agent": "azsdk-net-ResourceManager.Core/1.0.0-alpha.20210711.1 (.NET Framework 4.8.4300.0; Microsoft Windows 10.0.19043 )",
        "x-ms-client-request-id": "8909a4b24b6642f33d8b067ec711c5fb",
        "x-ms-return-client-request-id": "true"
      },
      "RequestBody": null,
      "StatusCode": 200,
      "ResponseHeaders": {
        "Cache-Control": "no-cache",
        "Content-Length": "450",
        "Content-Type": "application/json; charset=utf-8",
        "Date": "Mon, 12 Jul 2021 03:36:07 GMT",
        "Expires": "-1",
        "Pragma": "no-cache",
        "Strict-Transport-Security": "max-age=31536000; includeSubDomains",
        "X-Content-Type-Options": "nosniff",
        "x-ms-correlation-request-id": "7bf1bef2-3c9d-4fff-950f-5e1a147d6532",
        "x-ms-ratelimit-remaining-subscription-reads": "11999",
        "x-ms-request-id": "7bf1bef2-3c9d-4fff-950f-5e1a147d6532",
        "x-ms-routing-request-id": "WESTUS2:20210712T033608Z:7bf1bef2-3c9d-4fff-950f-5e1a147d6532"
      },
      "ResponseBody": {
        "id": "/subscriptions/db1ab6f0-4769-4b27-930e-01e2ef9c123c",
        "authorizationSource": "RoleBased",
        "managedByTenants": [],
        "tags": {
          "tagKey1": "tagValue1",
          "tagKey2": "tagValue2"
        },
        "subscriptionId": "db1ab6f0-4769-4b27-930e-01e2ef9c123c",
        "tenantId": "72f988bf-86f1-41af-91ab-2d7cd011db47",
        "displayName": "Azure SDK sandbox",
        "state": "Enabled",
        "subscriptionPolicies": {
          "locationPlacementId": "Internal_2014-09-01",
          "quotaId": "Internal_2014-09-01",
          "spendingLimit": "Off"
        }
      }
    },
    {
      "RequestUri": "https://management.azure.com/providers/Microsoft.Management/managementGroups/mgmt-group-4740?api-version=2021-04-01",
      "RequestMethod": "PUT",
      "RequestHeaders": {
        "Accept": "application/json",
        "Authorization": "Sanitized",
        "Content-Length": "17",
        "Content-Type": "application/json",
        "traceparent": "00-de1c2bfec1d40745b6678aa21f904f53-f8b1e47b31e4e643-00",
        "User-Agent": "azsdk-net-ResourceManager.Core/1.0.0-alpha.20210711.1 (.NET Framework 4.8.4300.0; Microsoft Windows 10.0.19043 )",
        "x-ms-client-request-id": "fe513e610b91eed9620d697197f107a8",
        "x-ms-return-client-request-id": "true"
      },
      "RequestBody": {
        "properties": {}
      },
      "StatusCode": 202,
      "ResponseHeaders": {
        "Azure-AsyncOperation": "https://management.azure.com/providers/Microsoft.Management/operationResults/create/asyncOperation/status/managementGroups/mgmt-group-4740?api-version=2021-04-01",
        "Cache-Control": "no-cache",
        "client-request-id": "30761af1-fcd0-49c2-83ed-faf361ece540",
        "Content-Length": "167",
        "Content-Type": "application/json; charset=utf-8",
        "Date": "Mon, 12 Jul 2021 03:36:08 GMT",
        "Expires": "-1",
        "Location": "https://management.azure.com/providers/Microsoft.Management/operationResults/create/managementGroups/mgmt-group-4740?api-version=2021-04-01",
        "Pragma": "no-cache",
        "request-id": "30761af1-fcd0-49c2-83ed-faf361ece540",
        "Retry-After": "10",
        "Strict-Transport-Security": "max-age=31536000; includeSubDomains",
        "x-ba-restapi": "1.0.3.1627",
        "X-Content-Type-Options": "nosniff",
        "x-ms-correlation-request-id": "30761af1-fcd0-49c2-83ed-faf361ece540",
        "x-ms-ratelimit-remaining-managementgroups-requests": "59",
        "x-ms-ratelimit-remaining-tenant-writes": "1199",
        "x-ms-request-id": "westus2:30761af1-fcd0-49c2-83ed-faf361ece540",
        "x-ms-routing-request-id": "WESTUS2:20210712T033608Z:30761af1-fcd0-49c2-83ed-faf361ece540"
      },
      "ResponseBody": {
        "id": "/providers/Microsoft.Management/managementGroups/mgmt-group-4740",
        "type": "Microsoft.Management/managementGroups",
        "name": "mgmt-group-4740",
        "status": "NotStarted"
      }
    },
    {
      "RequestUri": "https://management.azure.com/providers/Microsoft.Management/operationResults/create/asyncOperation/status/managementGroups/mgmt-group-4740?api-version=2021-04-01",
      "RequestMethod": "GET",
      "RequestHeaders": {
        "Authorization": "Sanitized",
        "traceparent": "00-de1c2bfec1d40745b6678aa21f904f53-8108c417c230b142-00",
        "User-Agent": "azsdk-net-ResourceManager.Core/1.0.0-alpha.20210711.1 (.NET Framework 4.8.4300.0; Microsoft Windows 10.0.19043 )",
        "x-ms-client-request-id": "de5548df10799920309b033d8ad0a59a",
        "x-ms-return-client-request-id": "true"
      },
      "RequestBody": null,
      "StatusCode": 200,
      "ResponseHeaders": {
        "Azure-AsyncOperation": "https://management.azure.com/providers/Microsoft.Management/operationResults/create/asyncOperation/status/managementGroups/mgmt-group-4740?api-version=2021-04-01",
        "Cache-Control": "no-cache",
        "client-request-id": "92af688f-793c-42c0-8c45-3c7b254ef76b",
        "Content-Length": "166",
        "Content-Type": "application/json; charset=utf-8",
        "Date": "Mon, 12 Jul 2021 03:36:08 GMT",
        "Expires": "-1",
        "Location": "https://management.azure.com/providers/Microsoft.Management/operationResults/create/managementGroups/mgmt-group-4740?api-version=2021-04-01",
        "Pragma": "no-cache",
        "request-id": "92af688f-793c-42c0-8c45-3c7b254ef76b",
        "Retry-After": "10",
        "Strict-Transport-Security": "max-age=31536000; includeSubDomains",
        "Vary": "Accept-Encoding",
        "x-ba-restapi": "1.0.3.1627",
        "X-Content-Type-Options": "nosniff",
        "x-ms-correlation-request-id": "92af688f-793c-42c0-8c45-3c7b254ef76b",
        "x-ms-ratelimit-remaining-tenant-reads": "11999",
        "x-ms-request-id": "westus2:92af688f-793c-42c0-8c45-3c7b254ef76b",
        "x-ms-routing-request-id": "WESTUS2:20210712T033609Z:92af688f-793c-42c0-8c45-3c7b254ef76b"
      },
      "ResponseBody": {
        "id": "/providers/Microsoft.Management/operationResults/create/asyncOperation/status/managementGroups/mgmt-group-4740",
        "name": "mgmt-group-4740",
        "status": "NotStarted"
      }
    },
    {
      "RequestUri": "https://management.azure.com/providers/Microsoft.Management/operationResults/create/asyncOperation/status/managementGroups/mgmt-group-4740?api-version=2021-04-01",
      "RequestMethod": "GET",
      "RequestHeaders": {
        "Authorization": "Sanitized",
        "traceparent": "00-de1c2bfec1d40745b6678aa21f904f53-a80ebab3492a874a-00",
        "User-Agent": "azsdk-net-ResourceManager.Core/1.0.0-alpha.20210711.1 (.NET Framework 4.8.4300.0; Microsoft Windows 10.0.19043 )",
        "x-ms-client-request-id": "6f16d5ff9ec1d3e2161b07acec57e2a3",
        "x-ms-return-client-request-id": "true"
      },
      "RequestBody": null,
      "StatusCode": 200,
      "ResponseHeaders": {
        "Azure-AsyncOperation": "https://management.azure.com/providers/Microsoft.Management/operationResults/create/asyncOperation/status/managementGroups/mgmt-group-4740?api-version=2021-04-01",
        "Cache-Control": "no-cache",
        "client-request-id": "e126b7d0-8566-49cf-891f-5c58772e3553",
        "Content-Length": "163",
        "Content-Type": "application/json; charset=utf-8",
        "Date": "Mon, 12 Jul 2021 03:36:09 GMT",
        "Expires": "-1",
        "Location": "https://management.azure.com/providers/Microsoft.Management/operationResults/create/managementGroups/mgmt-group-4740?api-version=2021-04-01",
        "Pragma": "no-cache",
        "request-id": "e126b7d0-8566-49cf-891f-5c58772e3553",
        "Retry-After": "10",
        "Strict-Transport-Security": "max-age=31536000; includeSubDomains",
        "Vary": "Accept-Encoding",
        "x-ba-restapi": "1.0.3.1627",
        "X-Content-Type-Options": "nosniff",
        "x-ms-correlation-request-id": "e126b7d0-8566-49cf-891f-5c58772e3553",
        "x-ms-ratelimit-remaining-tenant-reads": "11998",
        "x-ms-request-id": "westus2:e126b7d0-8566-49cf-891f-5c58772e3553",
        "x-ms-routing-request-id": "WESTUS2:20210712T033610Z:e126b7d0-8566-49cf-891f-5c58772e3553"
      },
      "ResponseBody": {
        "id": "/providers/Microsoft.Management/operationResults/create/asyncOperation/status/managementGroups/mgmt-group-4740",
        "name": "mgmt-group-4740",
        "status": "Running"
      }
    },
    {
      "RequestUri": "https://management.azure.com/providers/Microsoft.Management/operationResults/create/asyncOperation/status/managementGroups/mgmt-group-4740?api-version=2021-04-01",
      "RequestMethod": "GET",
      "RequestHeaders": {
        "Authorization": "Sanitized",
        "traceparent": "00-de1c2bfec1d40745b6678aa21f904f53-2f993b9db878f347-00",
        "User-Agent": "azsdk-net-ResourceManager.Core/1.0.0-alpha.20210711.1 (.NET Framework 4.8.4300.0; Microsoft Windows 10.0.19043 )",
        "x-ms-client-request-id": "4f9222a1289ba12f81692df58aeaab26",
        "x-ms-return-client-request-id": "true"
      },
      "RequestBody": null,
      "StatusCode": 200,
      "ResponseHeaders": {
        "Azure-AsyncOperation": "https://management.azure.com/providers/Microsoft.Management/operationResults/create/asyncOperation/status/managementGroups/mgmt-group-4740?api-version=2021-04-01",
        "Cache-Control": "no-cache",
        "client-request-id": "64c8de01-4807-4fe5-acb7-514e0a6474bf",
        "Content-Length": "163",
        "Content-Type": "application/json; charset=utf-8",
        "Date": "Mon, 12 Jul 2021 03:36:10 GMT",
        "Expires": "-1",
        "Location": "https://management.azure.com/providers/Microsoft.Management/operationResults/create/managementGroups/mgmt-group-4740?api-version=2021-04-01",
        "Pragma": "no-cache",
        "request-id": "64c8de01-4807-4fe5-acb7-514e0a6474bf",
        "Retry-After": "10",
        "Strict-Transport-Security": "max-age=31536000; includeSubDomains",
        "Vary": "Accept-Encoding",
        "x-ba-restapi": "1.0.3.1627",
        "X-Content-Type-Options": "nosniff",
        "x-ms-correlation-request-id": "64c8de01-4807-4fe5-acb7-514e0a6474bf",
        "x-ms-ratelimit-remaining-tenant-reads": "11997",
        "x-ms-request-id": "westus2:64c8de01-4807-4fe5-acb7-514e0a6474bf",
        "x-ms-routing-request-id": "WESTUS2:20210712T033611Z:64c8de01-4807-4fe5-acb7-514e0a6474bf"
      },
      "ResponseBody": {
        "id": "/providers/Microsoft.Management/operationResults/create/asyncOperation/status/managementGroups/mgmt-group-4740",
        "name": "mgmt-group-4740",
        "status": "Running"
      }
    },
    {
      "RequestUri": "https://management.azure.com/providers/Microsoft.Management/operationResults/create/asyncOperation/status/managementGroups/mgmt-group-4740?api-version=2021-04-01",
      "RequestMethod": "GET",
      "RequestHeaders": {
        "Authorization": "Sanitized",
        "traceparent": "00-de1c2bfec1d40745b6678aa21f904f53-f524b80d05585742-00",
        "User-Agent": "azsdk-net-ResourceManager.Core/1.0.0-alpha.20210711.1 (.NET Framework 4.8.4300.0; Microsoft Windows 10.0.19043 )",
        "x-ms-client-request-id": "3782843ffca941846681c75e0873acd8",
        "x-ms-return-client-request-id": "true"
      },
      "RequestBody": null,
      "StatusCode": 200,
      "ResponseHeaders": {
        "Azure-AsyncOperation": "https://management.azure.com/providers/Microsoft.Management/operationResults/create/asyncOperation/status/managementGroups/mgmt-group-4740?api-version=2021-04-01",
        "Cache-Control": "no-cache",
        "client-request-id": "e76e4584-f14c-4c86-9352-09a567ad9f0a",
        "Content-Length": "163",
        "Content-Type": "application/json; charset=utf-8",
        "Date": "Mon, 12 Jul 2021 03:36:11 GMT",
        "Expires": "-1",
        "Location": "https://management.azure.com/providers/Microsoft.Management/operationResults/create/managementGroups/mgmt-group-4740?api-version=2021-04-01",
        "Pragma": "no-cache",
        "request-id": "e76e4584-f14c-4c86-9352-09a567ad9f0a",
        "Retry-After": "10",
        "Strict-Transport-Security": "max-age=31536000; includeSubDomains",
        "Vary": "Accept-Encoding",
        "x-ba-restapi": "1.0.3.1627",
        "X-Content-Type-Options": "nosniff",
        "x-ms-correlation-request-id": "e76e4584-f14c-4c86-9352-09a567ad9f0a",
        "x-ms-ratelimit-remaining-tenant-reads": "11996",
        "x-ms-request-id": "westus2:e76e4584-f14c-4c86-9352-09a567ad9f0a",
        "x-ms-routing-request-id": "WESTUS2:20210712T033612Z:e76e4584-f14c-4c86-9352-09a567ad9f0a"
      },
      "ResponseBody": {
        "id": "/providers/Microsoft.Management/operationResults/create/asyncOperation/status/managementGroups/mgmt-group-4740",
        "name": "mgmt-group-4740",
        "status": "Running"
      }
    },
    {
      "RequestUri": "https://management.azure.com/providers/Microsoft.Management/operationResults/create/asyncOperation/status/managementGroups/mgmt-group-4740?api-version=2021-04-01",
      "RequestMethod": "GET",
      "RequestHeaders": {
        "Authorization": "Sanitized",
        "traceparent": "00-de1c2bfec1d40745b6678aa21f904f53-e74fd6e1a54ecf40-00",
        "User-Agent": "azsdk-net-ResourceManager.Core/1.0.0-alpha.20210711.1 (.NET Framework 4.8.4300.0; Microsoft Windows 10.0.19043 )",
        "x-ms-client-request-id": "679c60b8563dd6ffa674ee5770ed482b",
        "x-ms-return-client-request-id": "true"
      },
      "RequestBody": null,
      "StatusCode": 200,
      "ResponseHeaders": {
        "Azure-AsyncOperation": "https://management.azure.com/providers/Microsoft.Management/operationResults/create/asyncOperation/status/managementGroups/mgmt-group-4740?api-version=2021-04-01",
        "Cache-Control": "no-cache",
        "client-request-id": "b5b19877-f557-4557-812b-6737f8b8f07f",
        "Content-Length": "163",
        "Content-Type": "application/json; charset=utf-8",
        "Date": "Mon, 12 Jul 2021 03:36:12 GMT",
        "Expires": "-1",
        "Location": "https://management.azure.com/providers/Microsoft.Management/operationResults/create/managementGroups/mgmt-group-4740?api-version=2021-04-01",
        "Pragma": "no-cache",
        "request-id": "b5b19877-f557-4557-812b-6737f8b8f07f",
        "Retry-After": "10",
        "Strict-Transport-Security": "max-age=31536000; includeSubDomains",
        "Vary": "Accept-Encoding",
        "x-ba-restapi": "1.0.3.1627",
        "X-Content-Type-Options": "nosniff",
        "x-ms-correlation-request-id": "b5b19877-f557-4557-812b-6737f8b8f07f",
        "x-ms-ratelimit-remaining-tenant-reads": "11995",
        "x-ms-request-id": "westus2:b5b19877-f557-4557-812b-6737f8b8f07f",
        "x-ms-routing-request-id": "WESTUS2:20210712T033613Z:b5b19877-f557-4557-812b-6737f8b8f07f"
      },
      "ResponseBody": {
        "id": "/providers/Microsoft.Management/operationResults/create/asyncOperation/status/managementGroups/mgmt-group-4740",
        "name": "mgmt-group-4740",
        "status": "Running"
      }
    },
    {
      "RequestUri": "https://management.azure.com/providers/Microsoft.Management/operationResults/create/asyncOperation/status/managementGroups/mgmt-group-4740?api-version=2021-04-01",
      "RequestMethod": "GET",
      "RequestHeaders": {
        "Authorization": "Sanitized",
        "traceparent": "00-de1c2bfec1d40745b6678aa21f904f53-298754822a9be448-00",
        "User-Agent": "azsdk-net-ResourceManager.Core/1.0.0-alpha.20210711.1 (.NET Framework 4.8.4300.0; Microsoft Windows 10.0.19043 )",
        "x-ms-client-request-id": "686de070abd5a4f99e51e91961d0980d",
        "x-ms-return-client-request-id": "true"
      },
      "RequestBody": null,
      "StatusCode": 200,
      "ResponseHeaders": {
        "Azure-AsyncOperation": "https://management.azure.com/providers/Microsoft.Management/operationResults/create/asyncOperation/status/managementGroups/mgmt-group-4740?api-version=2021-04-01",
        "Cache-Control": "no-cache",
        "client-request-id": "95411855-0510-4d35-bd86-1d82b4d0cb3c",
        "Content-Length": "163",
        "Content-Type": "application/json; charset=utf-8",
        "Date": "Mon, 12 Jul 2021 03:36:14 GMT",
        "Expires": "-1",
        "Location": "https://management.azure.com/providers/Microsoft.Management/operationResults/create/managementGroups/mgmt-group-4740?api-version=2021-04-01",
        "Pragma": "no-cache",
        "request-id": "95411855-0510-4d35-bd86-1d82b4d0cb3c",
        "Retry-After": "10",
        "Strict-Transport-Security": "max-age=31536000; includeSubDomains",
        "Vary": "Accept-Encoding",
        "x-ba-restapi": "1.0.3.1627",
        "X-Content-Type-Options": "nosniff",
        "x-ms-correlation-request-id": "95411855-0510-4d35-bd86-1d82b4d0cb3c",
        "x-ms-ratelimit-remaining-tenant-reads": "11994",
        "x-ms-request-id": "westus2:95411855-0510-4d35-bd86-1d82b4d0cb3c",
        "x-ms-routing-request-id": "WESTUS2:20210712T033614Z:95411855-0510-4d35-bd86-1d82b4d0cb3c"
      },
      "ResponseBody": {
        "id": "/providers/Microsoft.Management/operationResults/create/asyncOperation/status/managementGroups/mgmt-group-4740",
        "name": "mgmt-group-4740",
        "status": "Running"
      }
    },
    {
      "RequestUri": "https://management.azure.com/providers/Microsoft.Management/operationResults/create/asyncOperation/status/managementGroups/mgmt-group-4740?api-version=2021-04-01",
      "RequestMethod": "GET",
      "RequestHeaders": {
        "Authorization": "Sanitized",
        "traceparent": "00-de1c2bfec1d40745b6678aa21f904f53-20f12f12e17a084d-00",
        "User-Agent": "azsdk-net-ResourceManager.Core/1.0.0-alpha.20210711.1 (.NET Framework 4.8.4300.0; Microsoft Windows 10.0.19043 )",
        "x-ms-client-request-id": "2a3d54bd434ee9e885ab90340e2cd078",
        "x-ms-return-client-request-id": "true"
      },
      "RequestBody": null,
      "StatusCode": 200,
      "ResponseHeaders": {
        "Azure-AsyncOperation": "https://management.azure.com/providers/Microsoft.Management/operationResults/create/asyncOperation/status/managementGroups/mgmt-group-4740?api-version=2021-04-01",
        "Cache-Control": "no-cache",
        "client-request-id": "e5724986-a8ea-412e-8280-0f8ce692073b",
        "Content-Length": "163",
        "Content-Type": "application/json; charset=utf-8",
        "Date": "Mon, 12 Jul 2021 03:36:15 GMT",
        "Expires": "-1",
        "Location": "https://management.azure.com/providers/Microsoft.Management/operationResults/create/managementGroups/mgmt-group-4740?api-version=2021-04-01",
        "Pragma": "no-cache",
        "request-id": "e5724986-a8ea-412e-8280-0f8ce692073b",
        "Retry-After": "10",
        "Strict-Transport-Security": "max-age=31536000; includeSubDomains",
        "Vary": "Accept-Encoding",
        "x-ba-restapi": "1.0.3.1627",
        "X-Content-Type-Options": "nosniff",
        "x-ms-correlation-request-id": "e5724986-a8ea-412e-8280-0f8ce692073b",
        "x-ms-ratelimit-remaining-tenant-reads": "11993",
        "x-ms-request-id": "westus2:e5724986-a8ea-412e-8280-0f8ce692073b",
        "x-ms-routing-request-id": "WESTUS2:20210712T033615Z:e5724986-a8ea-412e-8280-0f8ce692073b"
      },
      "ResponseBody": {
        "id": "/providers/Microsoft.Management/operationResults/create/asyncOperation/status/managementGroups/mgmt-group-4740",
        "name": "mgmt-group-4740",
        "status": "Running"
      }
    },
    {
      "RequestUri": "https://management.azure.com/providers/Microsoft.Management/operationResults/create/asyncOperation/status/managementGroups/mgmt-group-4740?api-version=2021-04-01",
      "RequestMethod": "GET",
      "RequestHeaders": {
        "Authorization": "Sanitized",
        "traceparent": "00-de1c2bfec1d40745b6678aa21f904f53-4a7dbe2c450bbd4b-00",
        "User-Agent": "azsdk-net-ResourceManager.Core/1.0.0-alpha.20210711.1 (.NET Framework 4.8.4300.0; Microsoft Windows 10.0.19043 )",
        "x-ms-client-request-id": "28ee9c3944060c0366f8c8ec6de575d5",
        "x-ms-return-client-request-id": "true"
      },
      "RequestBody": null,
      "StatusCode": 200,
      "ResponseHeaders": {
        "Azure-AsyncOperation": "https://management.azure.com/providers/Microsoft.Management/operationResults/create/asyncOperation/status/managementGroups/mgmt-group-4740?api-version=2021-04-01",
        "Cache-Control": "no-cache",
        "client-request-id": "2e108b74-17f7-4cab-9973-461d1434da0b",
        "Content-Length": "163",
        "Content-Type": "application/json; charset=utf-8",
        "Date": "Mon, 12 Jul 2021 03:36:16 GMT",
        "Expires": "-1",
        "Location": "https://management.azure.com/providers/Microsoft.Management/operationResults/create/managementGroups/mgmt-group-4740?api-version=2021-04-01",
        "Pragma": "no-cache",
        "request-id": "2e108b74-17f7-4cab-9973-461d1434da0b",
        "Retry-After": "10",
        "Strict-Transport-Security": "max-age=31536000; includeSubDomains",
        "Vary": "Accept-Encoding",
        "x-ba-restapi": "1.0.3.1627",
        "X-Content-Type-Options": "nosniff",
        "x-ms-correlation-request-id": "2e108b74-17f7-4cab-9973-461d1434da0b",
        "x-ms-ratelimit-remaining-tenant-reads": "11992",
        "x-ms-request-id": "westus2:2e108b74-17f7-4cab-9973-461d1434da0b",
        "x-ms-routing-request-id": "WESTUS2:20210712T033617Z:2e108b74-17f7-4cab-9973-461d1434da0b"
      },
      "ResponseBody": {
        "id": "/providers/Microsoft.Management/operationResults/create/asyncOperation/status/managementGroups/mgmt-group-4740",
        "name": "mgmt-group-4740",
        "status": "Running"
      }
    },
    {
      "RequestUri": "https://management.azure.com/providers/Microsoft.Management/operationResults/create/asyncOperation/status/managementGroups/mgmt-group-4740?api-version=2021-04-01",
      "RequestMethod": "GET",
      "RequestHeaders": {
        "Authorization": "Sanitized",
        "traceparent": "00-de1c2bfec1d40745b6678aa21f904f53-c5e2af9474c2944b-00",
        "User-Agent": "azsdk-net-ResourceManager.Core/1.0.0-alpha.20210711.1 (.NET Framework 4.8.4300.0; Microsoft Windows 10.0.19043 )",
        "x-ms-client-request-id": "1b9ae0dc1eaf2cddf783e3291ac49572",
        "x-ms-return-client-request-id": "true"
      },
      "RequestBody": null,
      "StatusCode": 200,
      "ResponseHeaders": {
        "Azure-AsyncOperation": "https://management.azure.com/providers/Microsoft.Management/operationResults/create/asyncOperation/status/managementGroups/mgmt-group-4740?api-version=2021-04-01",
        "Cache-Control": "no-cache",
        "client-request-id": "0ffd9a02-a2e1-4dc0-b37f-2d3b0dca561f",
        "Content-Length": "163",
        "Content-Type": "application/json; charset=utf-8",
        "Date": "Mon, 12 Jul 2021 03:36:17 GMT",
        "Expires": "-1",
        "Location": "https://management.azure.com/providers/Microsoft.Management/operationResults/create/managementGroups/mgmt-group-4740?api-version=2021-04-01",
        "Pragma": "no-cache",
        "request-id": "0ffd9a02-a2e1-4dc0-b37f-2d3b0dca561f",
        "Retry-After": "10",
        "Strict-Transport-Security": "max-age=31536000; includeSubDomains",
        "Vary": "Accept-Encoding",
        "x-ba-restapi": "1.0.3.1627",
        "X-Content-Type-Options": "nosniff",
        "x-ms-correlation-request-id": "0ffd9a02-a2e1-4dc0-b37f-2d3b0dca561f",
        "x-ms-ratelimit-remaining-tenant-reads": "11991",
        "x-ms-request-id": "westus2:0ffd9a02-a2e1-4dc0-b37f-2d3b0dca561f",
        "x-ms-routing-request-id": "WESTUS2:20210712T033618Z:0ffd9a02-a2e1-4dc0-b37f-2d3b0dca561f"
      },
      "ResponseBody": {
        "id": "/providers/Microsoft.Management/operationResults/create/asyncOperation/status/managementGroups/mgmt-group-4740",
        "name": "mgmt-group-4740",
        "status": "Running"
      }
    },
    {
      "RequestUri": "https://management.azure.com/providers/Microsoft.Management/operationResults/create/asyncOperation/status/managementGroups/mgmt-group-4740?api-version=2021-04-01",
      "RequestMethod": "GET",
      "RequestHeaders": {
        "Authorization": "Sanitized",
        "traceparent": "00-de1c2bfec1d40745b6678aa21f904f53-3fee344b4a97bf47-00",
        "User-Agent": "azsdk-net-ResourceManager.Core/1.0.0-alpha.20210711.1 (.NET Framework 4.8.4300.0; Microsoft Windows 10.0.19043 )",
        "x-ms-client-request-id": "c5e0708070e278065130c3557afc7c9f",
        "x-ms-return-client-request-id": "true"
      },
      "RequestBody": null,
      "StatusCode": 200,
      "ResponseHeaders": {
        "Azure-AsyncOperation": "https://management.azure.com/providers/Microsoft.Management/operationResults/create/asyncOperation/status/managementGroups/mgmt-group-4740?api-version=2021-04-01",
        "Cache-Control": "no-cache",
        "client-request-id": "140e6b37-d5ff-4493-b444-a4d4fb22b40f",
        "Content-Length": "163",
        "Content-Type": "application/json; charset=utf-8",
        "Date": "Mon, 12 Jul 2021 03:36:18 GMT",
        "Expires": "-1",
        "Location": "https://management.azure.com/providers/Microsoft.Management/operationResults/create/managementGroups/mgmt-group-4740?api-version=2021-04-01",
        "Pragma": "no-cache",
        "request-id": "140e6b37-d5ff-4493-b444-a4d4fb22b40f",
        "Retry-After": "10",
        "Strict-Transport-Security": "max-age=31536000; includeSubDomains",
        "Vary": "Accept-Encoding",
        "x-ba-restapi": "1.0.3.1627",
        "X-Content-Type-Options": "nosniff",
        "x-ms-correlation-request-id": "140e6b37-d5ff-4493-b444-a4d4fb22b40f",
        "x-ms-ratelimit-remaining-tenant-reads": "11990",
        "x-ms-request-id": "westus2:140e6b37-d5ff-4493-b444-a4d4fb22b40f",
        "x-ms-routing-request-id": "WESTUS2:20210712T033619Z:140e6b37-d5ff-4493-b444-a4d4fb22b40f"
      },
      "ResponseBody": {
        "id": "/providers/Microsoft.Management/operationResults/create/asyncOperation/status/managementGroups/mgmt-group-4740",
        "name": "mgmt-group-4740",
        "status": "Running"
      }
    },
    {
      "RequestUri": "https://management.azure.com/providers/Microsoft.Management/operationResults/create/asyncOperation/status/managementGroups/mgmt-group-4740?api-version=2021-04-01",
      "RequestMethod": "GET",
      "RequestHeaders": {
        "Authorization": "Sanitized",
        "traceparent": "00-de1c2bfec1d40745b6678aa21f904f53-8f5849b645bd7f43-00",
        "User-Agent": "azsdk-net-ResourceManager.Core/1.0.0-alpha.20210711.1 (.NET Framework 4.8.4300.0; Microsoft Windows 10.0.19043 )",
        "x-ms-client-request-id": "2e58bb36b5911ac9bec1308361d9f2a2",
        "x-ms-return-client-request-id": "true"
      },
      "RequestBody": null,
      "StatusCode": 200,
      "ResponseHeaders": {
        "Azure-AsyncOperation": "https://management.azure.com/providers/Microsoft.Management/operationResults/create/asyncOperation/status/managementGroups/mgmt-group-4740?api-version=2021-04-01",
        "Cache-Control": "no-cache",
        "client-request-id": "be05a61c-3510-49f2-aeb2-1df2d5c8dcd8",
        "Content-Length": "163",
        "Content-Type": "application/json; charset=utf-8",
        "Date": "Mon, 12 Jul 2021 03:36:19 GMT",
        "Expires": "-1",
        "Location": "https://management.azure.com/providers/Microsoft.Management/operationResults/create/managementGroups/mgmt-group-4740?api-version=2021-04-01",
        "Pragma": "no-cache",
        "request-id": "be05a61c-3510-49f2-aeb2-1df2d5c8dcd8",
        "Retry-After": "10",
        "Strict-Transport-Security": "max-age=31536000; includeSubDomains",
        "Vary": "Accept-Encoding",
        "x-ba-restapi": "1.0.3.1627",
        "X-Content-Type-Options": "nosniff",
        "x-ms-correlation-request-id": "be05a61c-3510-49f2-aeb2-1df2d5c8dcd8",
        "x-ms-ratelimit-remaining-tenant-reads": "11989",
        "x-ms-request-id": "westus2:be05a61c-3510-49f2-aeb2-1df2d5c8dcd8",
        "x-ms-routing-request-id": "WESTUS2:20210712T033620Z:be05a61c-3510-49f2-aeb2-1df2d5c8dcd8"
      },
      "ResponseBody": {
        "id": "/providers/Microsoft.Management/operationResults/create/asyncOperation/status/managementGroups/mgmt-group-4740",
        "name": "mgmt-group-4740",
        "status": "Running"
      }
    },
    {
      "RequestUri": "https://management.azure.com/providers/Microsoft.Management/operationResults/create/asyncOperation/status/managementGroups/mgmt-group-4740?api-version=2021-04-01",
      "RequestMethod": "GET",
      "RequestHeaders": {
        "Authorization": "Sanitized",
        "traceparent": "00-de1c2bfec1d40745b6678aa21f904f53-97e2c1c8669c454b-00",
        "User-Agent": "azsdk-net-ResourceManager.Core/1.0.0-alpha.20210711.1 (.NET Framework 4.8.4300.0; Microsoft Windows 10.0.19043 )",
        "x-ms-client-request-id": "fc6b5662b0056bf2d922ca7f5a88b1fb",
        "x-ms-return-client-request-id": "true"
      },
      "RequestBody": null,
      "StatusCode": 200,
      "ResponseHeaders": {
        "Azure-AsyncOperation": "https://management.azure.com/providers/Microsoft.Management/operationResults/create/asyncOperation/status/managementGroups/mgmt-group-4740?api-version=2021-04-01",
        "Cache-Control": "no-cache",
        "client-request-id": "660a38ed-87b8-48b1-a4dc-15ae4701f065",
        "Content-Length": "163",
        "Content-Type": "application/json; charset=utf-8",
        "Date": "Mon, 12 Jul 2021 03:36:20 GMT",
        "Expires": "-1",
        "Location": "https://management.azure.com/providers/Microsoft.Management/operationResults/create/managementGroups/mgmt-group-4740?api-version=2021-04-01",
        "Pragma": "no-cache",
        "request-id": "660a38ed-87b8-48b1-a4dc-15ae4701f065",
        "Retry-After": "10",
        "Strict-Transport-Security": "max-age=31536000; includeSubDomains",
        "Vary": "Accept-Encoding",
        "x-ba-restapi": "1.0.3.1627",
        "X-Content-Type-Options": "nosniff",
        "x-ms-correlation-request-id": "660a38ed-87b8-48b1-a4dc-15ae4701f065",
        "x-ms-ratelimit-remaining-tenant-reads": "11988",
        "x-ms-request-id": "westus2:660a38ed-87b8-48b1-a4dc-15ae4701f065",
        "x-ms-routing-request-id": "WESTUS2:20210712T033621Z:660a38ed-87b8-48b1-a4dc-15ae4701f065"
      },
      "ResponseBody": {
        "id": "/providers/Microsoft.Management/operationResults/create/asyncOperation/status/managementGroups/mgmt-group-4740",
        "name": "mgmt-group-4740",
        "status": "Running"
      }
    },
    {
      "RequestUri": "https://management.azure.com/providers/Microsoft.Management/operationResults/create/asyncOperation/status/managementGroups/mgmt-group-4740?api-version=2021-04-01",
      "RequestMethod": "GET",
      "RequestHeaders": {
        "Authorization": "Sanitized",
        "traceparent": "00-de1c2bfec1d40745b6678aa21f904f53-e561ec13c98f8f4b-00",
        "User-Agent": "azsdk-net-ResourceManager.Core/1.0.0-alpha.20210711.1 (.NET Framework 4.8.4300.0; Microsoft Windows 10.0.19043 )",
        "x-ms-client-request-id": "5ef34307676bcbe0a7c5062040831777",
        "x-ms-return-client-request-id": "true"
      },
      "RequestBody": null,
      "StatusCode": 200,
      "ResponseHeaders": {
        "Azure-AsyncOperation": "https://management.azure.com/providers/Microsoft.Management/operationResults/create/asyncOperation/status/managementGroups/mgmt-group-4740?api-version=2021-04-01",
        "Cache-Control": "no-cache",
        "client-request-id": "6edc38b8-9313-4db6-8616-e1403eada561",
        "Content-Length": "163",
        "Content-Type": "application/json; charset=utf-8",
        "Date": "Mon, 12 Jul 2021 03:36:21 GMT",
        "Expires": "-1",
        "Location": "https://management.azure.com/providers/Microsoft.Management/operationResults/create/managementGroups/mgmt-group-4740?api-version=2021-04-01",
        "Pragma": "no-cache",
        "request-id": "6edc38b8-9313-4db6-8616-e1403eada561",
        "Retry-After": "10",
        "Strict-Transport-Security": "max-age=31536000; includeSubDomains",
        "Vary": "Accept-Encoding",
        "x-ba-restapi": "1.0.3.1627",
        "X-Content-Type-Options": "nosniff",
        "x-ms-correlation-request-id": "6edc38b8-9313-4db6-8616-e1403eada561",
        "x-ms-ratelimit-remaining-tenant-reads": "11987",
        "x-ms-request-id": "westus2:6edc38b8-9313-4db6-8616-e1403eada561",
        "x-ms-routing-request-id": "WESTUS2:20210712T033622Z:6edc38b8-9313-4db6-8616-e1403eada561"
      },
      "ResponseBody": {
        "id": "/providers/Microsoft.Management/operationResults/create/asyncOperation/status/managementGroups/mgmt-group-4740",
        "name": "mgmt-group-4740",
        "status": "Running"
      }
    },
    {
      "RequestUri": "https://management.azure.com/providers/Microsoft.Management/operationResults/create/asyncOperation/status/managementGroups/mgmt-group-4740?api-version=2021-04-01",
      "RequestMethod": "GET",
      "RequestHeaders": {
        "Authorization": "Sanitized",
        "traceparent": "00-de1c2bfec1d40745b6678aa21f904f53-36a3bfad38661840-00",
        "User-Agent": "azsdk-net-ResourceManager.Core/1.0.0-alpha.20210711.1 (.NET Framework 4.8.4300.0; Microsoft Windows 10.0.19043 )",
        "x-ms-client-request-id": "24f2213e7f91859ac9ed546fea49bf36",
        "x-ms-return-client-request-id": "true"
      },
      "RequestBody": null,
      "StatusCode": 200,
      "ResponseHeaders": {
        "Azure-AsyncOperation": "https://management.azure.com/providers/Microsoft.Management/operationResults/create/asyncOperation/status/managementGroups/mgmt-group-4740?api-version=2021-04-01",
        "Cache-Control": "no-cache",
        "client-request-id": "f416ab10-0a64-4de1-8e27-a398f2cacafc",
        "Content-Length": "163",
        "Content-Type": "application/json; charset=utf-8",
        "Date": "Mon, 12 Jul 2021 03:36:23 GMT",
        "Expires": "-1",
        "Location": "https://management.azure.com/providers/Microsoft.Management/operationResults/create/managementGroups/mgmt-group-4740?api-version=2021-04-01",
        "Pragma": "no-cache",
        "request-id": "f416ab10-0a64-4de1-8e27-a398f2cacafc",
        "Retry-After": "10",
        "Strict-Transport-Security": "max-age=31536000; includeSubDomains",
        "Vary": "Accept-Encoding",
        "x-ba-restapi": "1.0.3.1627",
        "X-Content-Type-Options": "nosniff",
        "x-ms-correlation-request-id": "f416ab10-0a64-4de1-8e27-a398f2cacafc",
        "x-ms-ratelimit-remaining-tenant-reads": "11986",
        "x-ms-request-id": "westus2:f416ab10-0a64-4de1-8e27-a398f2cacafc",
        "x-ms-routing-request-id": "WESTUS2:20210712T033623Z:f416ab10-0a64-4de1-8e27-a398f2cacafc"
      },
      "ResponseBody": {
        "id": "/providers/Microsoft.Management/operationResults/create/asyncOperation/status/managementGroups/mgmt-group-4740",
        "name": "mgmt-group-4740",
        "status": "Running"
      }
    },
    {
      "RequestUri": "https://management.azure.com/providers/Microsoft.Management/operationResults/create/asyncOperation/status/managementGroups/mgmt-group-4740?api-version=2021-04-01",
      "RequestMethod": "GET",
      "RequestHeaders": {
        "Authorization": "Sanitized",
        "traceparent": "00-de1c2bfec1d40745b6678aa21f904f53-ffbbd164daf20745-00",
        "User-Agent": "azsdk-net-ResourceManager.Core/1.0.0-alpha.20210711.1 (.NET Framework 4.8.4300.0; Microsoft Windows 10.0.19043 )",
        "x-ms-client-request-id": "1d7b341093e6fb36769f553fa9d12b55",
        "x-ms-return-client-request-id": "true"
      },
      "RequestBody": null,
      "StatusCode": 200,
      "ResponseHeaders": {
        "Azure-AsyncOperation": "https://management.azure.com/providers/Microsoft.Management/operationResults/create/asyncOperation/status/managementGroups/mgmt-group-4740?api-version=2021-04-01",
        "Cache-Control": "no-cache",
        "client-request-id": "6fc0149d-4cf5-4490-bdf7-8e16bd6cd597",
        "Content-Length": "163",
        "Content-Type": "application/json; charset=utf-8",
        "Date": "Mon, 12 Jul 2021 03:36:24 GMT",
        "Expires": "-1",
        "Location": "https://management.azure.com/providers/Microsoft.Management/operationResults/create/managementGroups/mgmt-group-4740?api-version=2021-04-01",
        "Pragma": "no-cache",
        "request-id": "6fc0149d-4cf5-4490-bdf7-8e16bd6cd597",
        "Retry-After": "10",
        "Strict-Transport-Security": "max-age=31536000; includeSubDomains",
        "Vary": "Accept-Encoding",
        "x-ba-restapi": "1.0.3.1627",
        "X-Content-Type-Options": "nosniff",
        "x-ms-correlation-request-id": "6fc0149d-4cf5-4490-bdf7-8e16bd6cd597",
        "x-ms-ratelimit-remaining-tenant-reads": "11985",
        "x-ms-request-id": "westus2:6fc0149d-4cf5-4490-bdf7-8e16bd6cd597",
        "x-ms-routing-request-id": "WESTUS2:20210712T033624Z:6fc0149d-4cf5-4490-bdf7-8e16bd6cd597"
      },
      "ResponseBody": {
        "id": "/providers/Microsoft.Management/operationResults/create/asyncOperation/status/managementGroups/mgmt-group-4740",
        "name": "mgmt-group-4740",
        "status": "Running"
      }
    },
    {
      "RequestUri": "https://management.azure.com/providers/Microsoft.Management/operationResults/create/asyncOperation/status/managementGroups/mgmt-group-4740?api-version=2021-04-01",
      "RequestMethod": "GET",
      "RequestHeaders": {
        "Authorization": "Sanitized",
        "traceparent": "00-de1c2bfec1d40745b6678aa21f904f53-14832ac4285ce24c-00",
        "User-Agent": "azsdk-net-ResourceManager.Core/1.0.0-alpha.20210711.1 (.NET Framework 4.8.4300.0; Microsoft Windows 10.0.19043 )",
        "x-ms-client-request-id": "3941520b8d95876aa96d957e1371e05d",
        "x-ms-return-client-request-id": "true"
      },
      "RequestBody": null,
      "StatusCode": 200,
      "ResponseHeaders": {
        "Azure-AsyncOperation": "https://management.azure.com/providers/Microsoft.Management/operationResults/create/asyncOperation/status/managementGroups/mgmt-group-4740?api-version=2021-04-01",
        "Cache-Control": "no-cache",
        "client-request-id": "97319b09-eb51-4c1d-a597-1c5d9d53c560",
        "Content-Length": "163",
        "Content-Type": "application/json; charset=utf-8",
        "Date": "Mon, 12 Jul 2021 03:36:25 GMT",
        "Expires": "-1",
        "Location": "https://management.azure.com/providers/Microsoft.Management/operationResults/create/managementGroups/mgmt-group-4740?api-version=2021-04-01",
        "Pragma": "no-cache",
        "request-id": "97319b09-eb51-4c1d-a597-1c5d9d53c560",
        "Retry-After": "10",
        "Strict-Transport-Security": "max-age=31536000; includeSubDomains",
        "Vary": "Accept-Encoding",
        "x-ba-restapi": "1.0.3.1627",
        "X-Content-Type-Options": "nosniff",
        "x-ms-correlation-request-id": "97319b09-eb51-4c1d-a597-1c5d9d53c560",
        "x-ms-ratelimit-remaining-tenant-reads": "11984",
        "x-ms-request-id": "westus2:97319b09-eb51-4c1d-a597-1c5d9d53c560",
        "x-ms-routing-request-id": "WESTUS2:20210712T033626Z:97319b09-eb51-4c1d-a597-1c5d9d53c560"
      },
      "ResponseBody": {
        "id": "/providers/Microsoft.Management/operationResults/create/asyncOperation/status/managementGroups/mgmt-group-4740",
        "name": "mgmt-group-4740",
        "status": "Running"
      }
    },
    {
      "RequestUri": "https://management.azure.com/providers/Microsoft.Management/operationResults/create/asyncOperation/status/managementGroups/mgmt-group-4740?api-version=2021-04-01",
      "RequestMethod": "GET",
      "RequestHeaders": {
        "Authorization": "Sanitized",
        "traceparent": "00-de1c2bfec1d40745b6678aa21f904f53-69a5aca2f8ba9440-00",
        "User-Agent": "azsdk-net-ResourceManager.Core/1.0.0-alpha.20210711.1 (.NET Framework 4.8.4300.0; Microsoft Windows 10.0.19043 )",
        "x-ms-client-request-id": "0b10d005f907aa91eaf7aef1295adcf8",
        "x-ms-return-client-request-id": "true"
      },
      "RequestBody": null,
      "StatusCode": 200,
      "ResponseHeaders": {
        "Azure-AsyncOperation": "https://management.azure.com/providers/Microsoft.Management/operationResults/create/asyncOperation/status/managementGroups/mgmt-group-4740?api-version=2021-04-01",
        "Cache-Control": "no-cache",
        "client-request-id": "a2f375eb-54e9-462d-a277-368e505d2463",
        "Content-Length": "163",
        "Content-Type": "application/json; charset=utf-8",
        "Date": "Mon, 12 Jul 2021 03:36:26 GMT",
        "Expires": "-1",
        "Location": "https://management.azure.com/providers/Microsoft.Management/operationResults/create/managementGroups/mgmt-group-4740?api-version=2021-04-01",
        "Pragma": "no-cache",
        "request-id": "a2f375eb-54e9-462d-a277-368e505d2463",
        "Retry-After": "10",
        "Strict-Transport-Security": "max-age=31536000; includeSubDomains",
        "Vary": "Accept-Encoding",
        "x-ba-restapi": "1.0.3.1627",
        "X-Content-Type-Options": "nosniff",
        "x-ms-correlation-request-id": "a2f375eb-54e9-462d-a277-368e505d2463",
        "x-ms-ratelimit-remaining-tenant-reads": "11983",
        "x-ms-request-id": "westus2:a2f375eb-54e9-462d-a277-368e505d2463",
        "x-ms-routing-request-id": "WESTUS2:20210712T033627Z:a2f375eb-54e9-462d-a277-368e505d2463"
      },
      "ResponseBody": {
        "id": "/providers/Microsoft.Management/operationResults/create/asyncOperation/status/managementGroups/mgmt-group-4740",
        "name": "mgmt-group-4740",
        "status": "Running"
      }
    },
    {
      "RequestUri": "https://management.azure.com/providers/Microsoft.Management/operationResults/create/asyncOperation/status/managementGroups/mgmt-group-4740?api-version=2021-04-01",
      "RequestMethod": "GET",
      "RequestHeaders": {
        "Authorization": "Sanitized",
        "traceparent": "00-de1c2bfec1d40745b6678aa21f904f53-e10b8469a3ebe64c-00",
        "User-Agent": "azsdk-net-ResourceManager.Core/1.0.0-alpha.20210711.1 (.NET Framework 4.8.4300.0; Microsoft Windows 10.0.19043 )",
        "x-ms-client-request-id": "9864fec1860783a0caf47478feb8e805",
        "x-ms-return-client-request-id": "true"
      },
      "RequestBody": null,
      "StatusCode": 200,
      "ResponseHeaders": {
        "Azure-AsyncOperation": "https://management.azure.com/providers/Microsoft.Management/operationResults/create/asyncOperation/status/managementGroups/mgmt-group-4740?api-version=2021-04-01",
        "Cache-Control": "no-cache",
        "client-request-id": "1e6fcb3b-0a3c-49b8-9ccb-cdca3d4106cc",
        "Content-Length": "163",
        "Content-Type": "application/json; charset=utf-8",
        "Date": "Mon, 12 Jul 2021 03:36:27 GMT",
        "Expires": "-1",
        "Location": "https://management.azure.com/providers/Microsoft.Management/operationResults/create/managementGroups/mgmt-group-4740?api-version=2021-04-01",
        "Pragma": "no-cache",
        "request-id": "1e6fcb3b-0a3c-49b8-9ccb-cdca3d4106cc",
        "Retry-After": "10",
        "Strict-Transport-Security": "max-age=31536000; includeSubDomains",
        "Vary": "Accept-Encoding",
        "x-ba-restapi": "1.0.3.1627",
        "X-Content-Type-Options": "nosniff",
        "x-ms-correlation-request-id": "1e6fcb3b-0a3c-49b8-9ccb-cdca3d4106cc",
        "x-ms-ratelimit-remaining-tenant-reads": "11982",
        "x-ms-request-id": "westus2:1e6fcb3b-0a3c-49b8-9ccb-cdca3d4106cc",
        "x-ms-routing-request-id": "WESTUS2:20210712T033628Z:1e6fcb3b-0a3c-49b8-9ccb-cdca3d4106cc"
      },
      "ResponseBody": {
        "id": "/providers/Microsoft.Management/operationResults/create/asyncOperation/status/managementGroups/mgmt-group-4740",
        "name": "mgmt-group-4740",
        "status": "Running"
      }
    },
    {
      "RequestUri": "https://management.azure.com/providers/Microsoft.Management/operationResults/create/asyncOperation/status/managementGroups/mgmt-group-4740?api-version=2021-04-01",
      "RequestMethod": "GET",
      "RequestHeaders": {
        "Authorization": "Sanitized",
        "traceparent": "00-de1c2bfec1d40745b6678aa21f904f53-e56d925870f65b48-00",
        "User-Agent": "azsdk-net-ResourceManager.Core/1.0.0-alpha.20210711.1 (.NET Framework 4.8.4300.0; Microsoft Windows 10.0.19043 )",
        "x-ms-client-request-id": "d839f8be20c0114dc1964f9edf785d4e",
        "x-ms-return-client-request-id": "true"
      },
      "RequestBody": null,
      "StatusCode": 200,
      "ResponseHeaders": {
        "Azure-AsyncOperation": "https://management.azure.com/providers/Microsoft.Management/operationResults/create/asyncOperation/status/managementGroups/mgmt-group-4740?api-version=2021-04-01",
        "Cache-Control": "no-cache",
        "client-request-id": "c9533973-7488-4d1a-be2d-7e8436fd6951",
        "Content-Length": "163",
        "Content-Type": "application/json; charset=utf-8",
        "Date": "Mon, 12 Jul 2021 03:36:28 GMT",
        "Expires": "-1",
        "Location": "https://management.azure.com/providers/Microsoft.Management/operationResults/create/managementGroups/mgmt-group-4740?api-version=2021-04-01",
        "Pragma": "no-cache",
        "request-id": "c9533973-7488-4d1a-be2d-7e8436fd6951",
        "Retry-After": "10",
        "Strict-Transport-Security": "max-age=31536000; includeSubDomains",
        "Vary": "Accept-Encoding",
        "x-ba-restapi": "1.0.3.1627",
        "X-Content-Type-Options": "nosniff",
        "x-ms-correlation-request-id": "c9533973-7488-4d1a-be2d-7e8436fd6951",
        "x-ms-ratelimit-remaining-tenant-reads": "11981",
        "x-ms-request-id": "westus2:c9533973-7488-4d1a-be2d-7e8436fd6951",
        "x-ms-routing-request-id": "WESTUS2:20210712T033629Z:c9533973-7488-4d1a-be2d-7e8436fd6951"
      },
      "ResponseBody": {
        "id": "/providers/Microsoft.Management/operationResults/create/asyncOperation/status/managementGroups/mgmt-group-4740",
        "name": "mgmt-group-4740",
        "status": "Running"
      }
    },
    {
      "RequestUri": "https://management.azure.com/providers/Microsoft.Management/operationResults/create/asyncOperation/status/managementGroups/mgmt-group-4740?api-version=2021-04-01",
      "RequestMethod": "GET",
      "RequestHeaders": {
        "Authorization": "Sanitized",
        "traceparent": "00-de1c2bfec1d40745b6678aa21f904f53-fda5575dd8aeaa4b-00",
        "User-Agent": "azsdk-net-ResourceManager.Core/1.0.0-alpha.20210711.1 (.NET Framework 4.8.4300.0; Microsoft Windows 10.0.19043 )",
        "x-ms-client-request-id": "14bc9d91480c7f55308d40138419ac31",
        "x-ms-return-client-request-id": "true"
      },
      "RequestBody": null,
      "StatusCode": 200,
      "ResponseHeaders": {
        "Azure-AsyncOperation": "https://management.azure.com/providers/Microsoft.Management/operationResults/create/asyncOperation/status/managementGroups/mgmt-group-4740?api-version=2021-04-01",
        "Cache-Control": "no-cache",
        "client-request-id": "413bbd12-793c-46f8-b57e-8ffeb21a2b7d",
        "Content-Length": "163",
        "Content-Type": "application/json; charset=utf-8",
        "Date": "Mon, 12 Jul 2021 03:36:29 GMT",
        "Expires": "-1",
        "Location": "https://management.azure.com/providers/Microsoft.Management/operationResults/create/managementGroups/mgmt-group-4740?api-version=2021-04-01",
        "Pragma": "no-cache",
        "request-id": "413bbd12-793c-46f8-b57e-8ffeb21a2b7d",
        "Retry-After": "10",
        "Strict-Transport-Security": "max-age=31536000; includeSubDomains",
        "Vary": "Accept-Encoding",
        "x-ba-restapi": "1.0.3.1627",
        "X-Content-Type-Options": "nosniff",
        "x-ms-correlation-request-id": "413bbd12-793c-46f8-b57e-8ffeb21a2b7d",
        "x-ms-ratelimit-remaining-tenant-reads": "11980",
        "x-ms-request-id": "westus2:413bbd12-793c-46f8-b57e-8ffeb21a2b7d",
        "x-ms-routing-request-id": "WESTUS2:20210712T033630Z:413bbd12-793c-46f8-b57e-8ffeb21a2b7d"
      },
      "ResponseBody": {
        "id": "/providers/Microsoft.Management/operationResults/create/asyncOperation/status/managementGroups/mgmt-group-4740",
        "name": "mgmt-group-4740",
        "status": "Running"
      }
    },
    {
      "RequestUri": "https://management.azure.com/providers/Microsoft.Management/operationResults/create/asyncOperation/status/managementGroups/mgmt-group-4740?api-version=2021-04-01",
      "RequestMethod": "GET",
      "RequestHeaders": {
        "Authorization": "Sanitized",
        "traceparent": "00-de1c2bfec1d40745b6678aa21f904f53-11ac4599ae05594f-00",
        "User-Agent": "azsdk-net-ResourceManager.Core/1.0.0-alpha.20210711.1 (.NET Framework 4.8.4300.0; Microsoft Windows 10.0.19043 )",
        "x-ms-client-request-id": "3132a90f0321a137b052d6703602a452",
        "x-ms-return-client-request-id": "true"
      },
      "RequestBody": null,
      "StatusCode": 200,
      "ResponseHeaders": {
        "Cache-Control": "no-cache",
        "client-request-id": "9be1ed96-17a9-40e5-b913-13ca8ba4b8b6",
        "Content-Length": "382",
        "Content-Type": "application/json; charset=utf-8",
        "Date": "Mon, 12 Jul 2021 03:36:31 GMT",
        "Expires": "-1",
        "Pragma": "no-cache",
        "request-id": "9be1ed96-17a9-40e5-b913-13ca8ba4b8b6",
        "Strict-Transport-Security": "max-age=31536000; includeSubDomains",
        "Vary": "Accept-Encoding",
        "x-ba-restapi": "1.0.3.1627",
        "X-Content-Type-Options": "nosniff",
        "x-ms-correlation-request-id": "9be1ed96-17a9-40e5-b913-13ca8ba4b8b6",
        "x-ms-ratelimit-remaining-tenant-reads": "11979",
        "x-ms-request-id": "westus2:9be1ed96-17a9-40e5-b913-13ca8ba4b8b6",
        "x-ms-routing-request-id": "WESTUS2:20210712T033631Z:9be1ed96-17a9-40e5-b913-13ca8ba4b8b6"
      },
      "ResponseBody": {
        "id": "/providers/Microsoft.Management/operationResults/create/asyncOperation/status/managementGroups/mgmt-group-4740",
        "name": "mgmt-group-4740",
        "status": "Succeeded",
        "properties": {
          "tenantId": "72f988bf-86f1-41af-91ab-2d7cd011db47",
          "displayName": "mgmt-group-4740",
          "details": {
            "version": 8,
            "updatedTime": "2021-07-12T03:36:16.4435272Z",
            "updatedBy": "3b10dae3-28cf-49a7-a8df-8fbae3e77f27"
          }
        }
      }
    },
    {
      "RequestUri": "https://management.azure.com/providers/Microsoft.Management/managementGroups/mgmt-group-4740?api-version=2021-04-01",
      "RequestMethod": "GET",
      "RequestHeaders": {
        "Authorization": "Sanitized",
        "traceparent": "00-de1c2bfec1d40745b6678aa21f904f53-24bfc96549ed0540-00",
        "User-Agent": "azsdk-net-ResourceManager.Core/1.0.0-alpha.20210711.1 (.NET Framework 4.8.4300.0; Microsoft Windows 10.0.19043 )",
        "x-ms-client-request-id": "60e62696d3fc75f8a2b9a833df3a8ca8",
        "x-ms-return-client-request-id": "true"
      },
      "RequestBody": null,
      "StatusCode": 200,
      "ResponseHeaders": {
        "Cache-Control": "no-cache",
        "client-request-id": "cf0c222f-5140-4ae9-a7e3-776a7a6aa3b3",
        "Content-Length": "565",
        "Content-Type": "application/json; charset=utf-8",
        "Date": "Mon, 12 Jul 2021 03:36:31 GMT",
        "Expires": "-1",
        "Pragma": "no-cache",
        "request-id": "cf0c222f-5140-4ae9-a7e3-776a7a6aa3b3",
        "Strict-Transport-Security": "max-age=31536000; includeSubDomains",
        "Vary": "Accept-Encoding",
        "x-ba-restapi": "1.0.3.1627",
        "X-Content-Type-Options": "nosniff",
        "x-ms-correlation-request-id": "cf0c222f-5140-4ae9-a7e3-776a7a6aa3b3",
        "x-ms-ratelimit-remaining-tenant-reads": "11978",
        "x-ms-request-id": "westus2:cf0c222f-5140-4ae9-a7e3-776a7a6aa3b3",
        "x-ms-routing-request-id": "WESTUS2:20210712T033631Z:cf0c222f-5140-4ae9-a7e3-776a7a6aa3b3"
      },
      "ResponseBody": {
        "id": "/providers/Microsoft.Management/managementGroups/mgmt-group-4740",
        "type": "Microsoft.Management/managementGroups",
        "name": "mgmt-group-4740",
        "properties": {
          "tenantId": "72f988bf-86f1-41af-91ab-2d7cd011db47",
          "displayName": "mgmt-group-4740",
          "details": {
            "version": 8,
            "updatedTime": "2021-07-12T03:36:16.4435272Z",
            "updatedBy": "3b10dae3-28cf-49a7-a8df-8fbae3e77f27",
            "parent": {
              "id": "/providers/Microsoft.Management/managementGroups/72f988bf-86f1-41af-91ab-2d7cd011db47",
              "name": "72f988bf-86f1-41af-91ab-2d7cd011db47",
              "displayName": "72f988bf-86f1-41af-91ab-2d7cd011db47"
            }
          }
        }
      }
    },
    {
      "RequestUri": "https://management.azure.com/providers/Microsoft.Management/managementGroups/mgmt-group-4740?api-version=2021-04-01",
      "RequestMethod": "GET",
      "RequestHeaders": {
        "Accept": "application/json",
        "Authorization": "Sanitized",
        "traceparent": "00-20dc9375eee749428e981adbec4adc3f-1b06b2bac2ab8b40-00",
        "User-Agent": "azsdk-net-ResourceManager.Core/1.0.0-alpha.20210711.1 (.NET Framework 4.8.4300.0; Microsoft Windows 10.0.19043 )",
        "x-ms-client-request-id": "368f1dea2c458e2c661a64b972e4492e",
        "x-ms-return-client-request-id": "true"
      },
      "RequestBody": null,
      "StatusCode": 200,
      "ResponseHeaders": {
        "Cache-Control": "no-cache",
        "client-request-id": "bea5c815-5e8d-42a6-ae1c-7a465d5dc9e5",
        "Content-Length": "565",
        "Content-Type": "application/json; charset=utf-8",
        "Date": "Mon, 12 Jul 2021 03:36:31 GMT",
        "Expires": "-1",
        "Pragma": "no-cache",
        "request-id": "bea5c815-5e8d-42a6-ae1c-7a465d5dc9e5",
        "Strict-Transport-Security": "max-age=31536000; includeSubDomains",
        "Vary": "Accept-Encoding",
        "x-ba-restapi": "1.0.3.1627",
        "X-Content-Type-Options": "nosniff",
        "x-ms-correlation-request-id": "bea5c815-5e8d-42a6-ae1c-7a465d5dc9e5",
        "x-ms-ratelimit-remaining-tenant-reads": "11977",
        "x-ms-request-id": "westus2:bea5c815-5e8d-42a6-ae1c-7a465d5dc9e5",
        "x-ms-routing-request-id": "WESTUS2:20210712T033632Z:bea5c815-5e8d-42a6-ae1c-7a465d5dc9e5"
      },
      "ResponseBody": {
        "id": "/providers/Microsoft.Management/managementGroups/mgmt-group-4740",
        "type": "Microsoft.Management/managementGroups",
        "name": "mgmt-group-4740",
        "properties": {
          "tenantId": "72f988bf-86f1-41af-91ab-2d7cd011db47",
          "displayName": "mgmt-group-4740",
          "details": {
            "version": 8,
            "updatedTime": "2021-07-12T03:36:16.4435272Z",
            "updatedBy": "3b10dae3-28cf-49a7-a8df-8fbae3e77f27",
            "parent": {
              "id": "/providers/Microsoft.Management/managementGroups/72f988bf-86f1-41af-91ab-2d7cd011db47",
              "name": "72f988bf-86f1-41af-91ab-2d7cd011db47",
              "displayName": "72f988bf-86f1-41af-91ab-2d7cd011db47"
            }
          }
        }
      }
    }
  ],
  "Variables": {
    "RandomSeed": "1031477050",
    "SUBSCRIPTION_ID": "db1ab6f0-4769-4b27-930e-01e2ef9c123c"
  }
}