{
  "Entries": [
    {
      "RequestUri": "https://management.azure.com/subscriptions/db1ab6f0-4769-4b27-930e-01e2ef9c123c?api-version=2019-11-01",
      "RequestMethod": "GET",
      "RequestHeaders": {
        "Accept": "application/json",
        "Authorization": "Sanitized",
        "User-Agent": "azsdk-net-ResourceManager.Core/1.0.0-alpha.20210711.1 (.NET Framework 4.8.4300.0; Microsoft Windows 10.0.19043 )",
        "x-ms-client-request-id": "f9f304512a7d535a8048bfe98fc08535",
        "x-ms-return-client-request-id": "true"
      },
      "RequestBody": null,
      "StatusCode": 200,
      "ResponseHeaders": {
        "Cache-Control": "no-cache",
        "Content-Length": "450",
        "Content-Type": "application/json; charset=utf-8",
        "Date": "Mon, 12 Jul 2021 03:36:47 GMT",
        "Expires": "-1",
        "Pragma": "no-cache",
        "Strict-Transport-Security": "max-age=31536000; includeSubDomains",
        "X-Content-Type-Options": "nosniff",
        "x-ms-correlation-request-id": "ecd7b664-8c13-4dff-94cb-5ec6cde3d058",
        "x-ms-ratelimit-remaining-subscription-reads": "11999",
        "x-ms-request-id": "ecd7b664-8c13-4dff-94cb-5ec6cde3d058",
        "x-ms-routing-request-id": "WESTUS2:20210712T033648Z:ecd7b664-8c13-4dff-94cb-5ec6cde3d058"
      },
      "ResponseBody": {
        "id": "/subscriptions/db1ab6f0-4769-4b27-930e-01e2ef9c123c",
        "authorizationSource": "RoleBased",
        "managedByTenants": [],
        "tags": {
          "tagKey1": "tagValue1",
          "tagKey2": "tagValue2"
        },
        "subscriptionId": "db1ab6f0-4769-4b27-930e-01e2ef9c123c",
        "tenantId": "72f988bf-86f1-41af-91ab-2d7cd011db47",
        "displayName": "Azure SDK sandbox",
        "state": "Enabled",
        "subscriptionPolicies": {
          "locationPlacementId": "Internal_2014-09-01",
          "quotaId": "Internal_2014-09-01",
          "spendingLimit": "Off"
        }
      }
    },
    {
      "RequestUri": "https://management.azure.com/providers/Microsoft.Management/managementGroups/mgmt-group-3600?api-version=2021-04-01",
      "RequestMethod": "PUT",
      "RequestHeaders": {
        "Accept": "application/json",
        "Authorization": "Sanitized",
        "Content-Length": "17",
        "Content-Type": "application/json",
        "traceparent": "00-95c6cbf556acd947930522ce1f31b092-5a57d875f5c3dc40-00",
        "User-Agent": "azsdk-net-ResourceManager.Core/1.0.0-alpha.20210711.1 (.NET Framework 4.8.4300.0; Microsoft Windows 10.0.19043 )",
        "x-ms-client-request-id": "b023f1de19193a57742fefd8415c334c",
        "x-ms-return-client-request-id": "true"
      },
      "RequestBody": {
        "properties": {}
      },
      "StatusCode": 202,
      "ResponseHeaders": {
        "Azure-AsyncOperation": "https://management.azure.com/providers/Microsoft.Management/operationResults/create/asyncOperation/status/managementGroups/mgmt-group-3600?api-version=2021-04-01",
        "Cache-Control": "no-cache",
        "client-request-id": "e29162fe-361a-4063-beec-466e0c0d89de",
        "Content-Length": "167",
        "Content-Type": "application/json; charset=utf-8",
        "Date": "Mon, 12 Jul 2021 03:36:48 GMT",
        "Expires": "-1",
        "Location": "https://management.azure.com/providers/Microsoft.Management/operationResults/create/managementGroups/mgmt-group-3600?api-version=2021-04-01",
        "Pragma": "no-cache",
        "request-id": "e29162fe-361a-4063-beec-466e0c0d89de",
        "Retry-After": "10",
        "Strict-Transport-Security": "max-age=31536000; includeSubDomains",
        "x-ba-restapi": "1.0.3.1627",
        "X-Content-Type-Options": "nosniff",
        "x-ms-correlation-request-id": "e29162fe-361a-4063-beec-466e0c0d89de",
        "x-ms-ratelimit-remaining-managementgroups-requests": "59",
        "x-ms-ratelimit-remaining-tenant-writes": "1199",
        "x-ms-request-id": "westus2:e29162fe-361a-4063-beec-466e0c0d89de",
        "x-ms-routing-request-id": "WESTUS2:20210712T033649Z:e29162fe-361a-4063-beec-466e0c0d89de"
      },
      "ResponseBody": {
        "id": "/providers/Microsoft.Management/managementGroups/mgmt-group-3600",
        "type": "Microsoft.Management/managementGroups",
        "name": "mgmt-group-3600",
        "status": "NotStarted"
      }
    },
    {
      "RequestUri": "https://management.azure.com/providers/Microsoft.Management/operationResults/create/asyncOperation/status/managementGroups/mgmt-group-3600?api-version=2021-04-01",
      "RequestMethod": "GET",
      "RequestHeaders": {
        "Authorization": "Sanitized",
        "traceparent": "00-95c6cbf556acd947930522ce1f31b092-e43ae2c330926647-00",
        "User-Agent": "azsdk-net-ResourceManager.Core/1.0.0-alpha.20210711.1 (.NET Framework 4.8.4300.0; Microsoft Windows 10.0.19043 )",
        "x-ms-client-request-id": "85bf66ac755aeb379cbf08fb6b7a3eeb",
        "x-ms-return-client-request-id": "true"
      },
      "RequestBody": null,
      "StatusCode": 200,
      "ResponseHeaders": {
        "Azure-AsyncOperation": "https://management.azure.com/providers/Microsoft.Management/operationResults/create/asyncOperation/status/managementGroups/mgmt-group-3600?api-version=2021-04-01",
        "Cache-Control": "no-cache",
        "client-request-id": "8ec86c4d-93b7-4422-80f9-2ae6f87298d4",
        "Content-Length": "166",
        "Content-Type": "application/json; charset=utf-8",
        "Date": "Mon, 12 Jul 2021 03:36:48 GMT",
        "Expires": "-1",
        "Location": "https://management.azure.com/providers/Microsoft.Management/operationResults/create/managementGroups/mgmt-group-3600?api-version=2021-04-01",
        "Pragma": "no-cache",
        "request-id": "8ec86c4d-93b7-4422-80f9-2ae6f87298d4",
        "Retry-After": "10",
        "Strict-Transport-Security": "max-age=31536000; includeSubDomains",
        "Vary": "Accept-Encoding",
        "x-ba-restapi": "1.0.3.1627",
        "X-Content-Type-Options": "nosniff",
        "x-ms-correlation-request-id": "8ec86c4d-93b7-4422-80f9-2ae6f87298d4",
        "x-ms-ratelimit-remaining-tenant-reads": "11999",
        "x-ms-request-id": "westus2:8ec86c4d-93b7-4422-80f9-2ae6f87298d4",
        "x-ms-routing-request-id": "WESTUS2:20210712T033649Z:8ec86c4d-93b7-4422-80f9-2ae6f87298d4"
      },
      "ResponseBody": {
        "id": "/providers/Microsoft.Management/operationResults/create/asyncOperation/status/managementGroups/mgmt-group-3600",
        "name": "mgmt-group-3600",
        "status": "NotStarted"
      }
    },
    {
      "RequestUri": "https://management.azure.com/providers/Microsoft.Management/operationResults/create/asyncOperation/status/managementGroups/mgmt-group-3600?api-version=2021-04-01",
      "RequestMethod": "GET",
      "RequestHeaders": {
        "Authorization": "Sanitized",
        "traceparent": "00-95c6cbf556acd947930522ce1f31b092-bec810899b495f4d-00",
        "User-Agent": "azsdk-net-ResourceManager.Core/1.0.0-alpha.20210711.1 (.NET Framework 4.8.4300.0; Microsoft Windows 10.0.19043 )",
        "x-ms-client-request-id": "ff689c8cfddc3009bcc063065b97ae9a",
        "x-ms-return-client-request-id": "true"
      },
      "RequestBody": null,
      "StatusCode": 200,
      "ResponseHeaders": {
        "Azure-AsyncOperation": "https://management.azure.com/providers/Microsoft.Management/operationResults/create/asyncOperation/status/managementGroups/mgmt-group-3600?api-version=2021-04-01",
        "Cache-Control": "no-cache",
        "client-request-id": "583ebff9-b767-4517-bc3a-24e2bac424b4",
        "Content-Length": "163",
        "Content-Type": "application/json; charset=utf-8",
        "Date": "Mon, 12 Jul 2021 03:36:49 GMT",
        "Expires": "-1",
        "Location": "https://management.azure.com/providers/Microsoft.Management/operationResults/create/managementGroups/mgmt-group-3600?api-version=2021-04-01",
        "Pragma": "no-cache",
        "request-id": "583ebff9-b767-4517-bc3a-24e2bac424b4",
        "Retry-After": "10",
        "Strict-Transport-Security": "max-age=31536000; includeSubDomains",
        "Vary": "Accept-Encoding",
        "x-ba-restapi": "1.0.3.1627",
        "X-Content-Type-Options": "nosniff",
        "x-ms-correlation-request-id": "583ebff9-b767-4517-bc3a-24e2bac424b4",
        "x-ms-ratelimit-remaining-tenant-reads": "11998",
        "x-ms-request-id": "westus2:583ebff9-b767-4517-bc3a-24e2bac424b4",
        "x-ms-routing-request-id": "WESTUS2:20210712T033650Z:583ebff9-b767-4517-bc3a-24e2bac424b4"
      },
      "ResponseBody": {
        "id": "/providers/Microsoft.Management/operationResults/create/asyncOperation/status/managementGroups/mgmt-group-3600",
        "name": "mgmt-group-3600",
        "status": "Running"
      }
    },
    {
      "RequestUri": "https://management.azure.com/providers/Microsoft.Management/operationResults/create/asyncOperation/status/managementGroups/mgmt-group-3600?api-version=2021-04-01",
      "RequestMethod": "GET",
      "RequestHeaders": {
        "Authorization": "Sanitized",
        "traceparent": "00-95c6cbf556acd947930522ce1f31b092-5ad751d15a582a48-00",
        "User-Agent": "azsdk-net-ResourceManager.Core/1.0.0-alpha.20210711.1 (.NET Framework 4.8.4300.0; Microsoft Windows 10.0.19043 )",
        "x-ms-client-request-id": "da2cc7acae9db0f289bd9b6ba438f7d1",
        "x-ms-return-client-request-id": "true"
      },
      "RequestBody": null,
      "StatusCode": 200,
      "ResponseHeaders": {
        "Azure-AsyncOperation": "https://management.azure.com/providers/Microsoft.Management/operationResults/create/asyncOperation/status/managementGroups/mgmt-group-3600?api-version=2021-04-01",
        "Cache-Control": "no-cache",
        "client-request-id": "2adc0939-5f27-4fb5-bc49-f1ed3ea468bb",
        "Content-Length": "163",
        "Content-Type": "application/json; charset=utf-8",
        "Date": "Mon, 12 Jul 2021 03:36:50 GMT",
        "Expires": "-1",
        "Location": "https://management.azure.com/providers/Microsoft.Management/operationResults/create/managementGroups/mgmt-group-3600?api-version=2021-04-01",
        "Pragma": "no-cache",
        "request-id": "2adc0939-5f27-4fb5-bc49-f1ed3ea468bb",
        "Retry-After": "10",
        "Strict-Transport-Security": "max-age=31536000; includeSubDomains",
        "Vary": "Accept-Encoding",
        "x-ba-restapi": "1.0.3.1627",
        "X-Content-Type-Options": "nosniff",
        "x-ms-correlation-request-id": "2adc0939-5f27-4fb5-bc49-f1ed3ea468bb",
        "x-ms-ratelimit-remaining-tenant-reads": "11997",
        "x-ms-request-id": "westus2:2adc0939-5f27-4fb5-bc49-f1ed3ea468bb",
        "x-ms-routing-request-id": "WESTUS2:20210712T033651Z:2adc0939-5f27-4fb5-bc49-f1ed3ea468bb"
      },
      "ResponseBody": {
        "id": "/providers/Microsoft.Management/operationResults/create/asyncOperation/status/managementGroups/mgmt-group-3600",
        "name": "mgmt-group-3600",
        "status": "Running"
      }
    },
    {
      "RequestUri": "https://management.azure.com/providers/Microsoft.Management/operationResults/create/asyncOperation/status/managementGroups/mgmt-group-3600?api-version=2021-04-01",
      "RequestMethod": "GET",
      "RequestHeaders": {
        "Authorization": "Sanitized",
        "traceparent": "00-95c6cbf556acd947930522ce1f31b092-8b8151bc494cc247-00",
        "User-Agent": "azsdk-net-ResourceManager.Core/1.0.0-alpha.20210711.1 (.NET Framework 4.8.4300.0; Microsoft Windows 10.0.19043 )",
        "x-ms-client-request-id": "ef34d1d48370ae4c5c8ec89911308f05",
        "x-ms-return-client-request-id": "true"
      },
      "RequestBody": null,
      "StatusCode": 200,
      "ResponseHeaders": {
        "Azure-AsyncOperation": "https://management.azure.com/providers/Microsoft.Management/operationResults/create/asyncOperation/status/managementGroups/mgmt-group-3600?api-version=2021-04-01",
        "Cache-Control": "no-cache",
        "client-request-id": "f4f5b122-572b-487c-a231-6f74af9b6498",
        "Content-Length": "163",
        "Content-Type": "application/json; charset=utf-8",
        "Date": "Mon, 12 Jul 2021 03:36:51 GMT",
        "Expires": "-1",
        "Location": "https://management.azure.com/providers/Microsoft.Management/operationResults/create/managementGroups/mgmt-group-3600?api-version=2021-04-01",
        "Pragma": "no-cache",
        "request-id": "f4f5b122-572b-487c-a231-6f74af9b6498",
        "Retry-After": "10",
        "Strict-Transport-Security": "max-age=31536000; includeSubDomains",
        "Vary": "Accept-Encoding",
        "x-ba-restapi": "1.0.3.1627",
        "X-Content-Type-Options": "nosniff",
        "x-ms-correlation-request-id": "f4f5b122-572b-487c-a231-6f74af9b6498",
        "x-ms-ratelimit-remaining-tenant-reads": "11996",
        "x-ms-request-id": "westus2:f4f5b122-572b-487c-a231-6f74af9b6498",
        "x-ms-routing-request-id": "WESTUS2:20210712T033652Z:f4f5b122-572b-487c-a231-6f74af9b6498"
      },
      "ResponseBody": {
        "id": "/providers/Microsoft.Management/operationResults/create/asyncOperation/status/managementGroups/mgmt-group-3600",
        "name": "mgmt-group-3600",
        "status": "Running"
      }
    },
    {
      "RequestUri": "https://management.azure.com/providers/Microsoft.Management/operationResults/create/asyncOperation/status/managementGroups/mgmt-group-3600?api-version=2021-04-01",
      "RequestMethod": "GET",
      "RequestHeaders": {
        "Authorization": "Sanitized",
        "traceparent": "00-95c6cbf556acd947930522ce1f31b092-e84a4fa556a57b46-00",
        "User-Agent": "azsdk-net-ResourceManager.Core/1.0.0-alpha.20210711.1 (.NET Framework 4.8.4300.0; Microsoft Windows 10.0.19043 )",
        "x-ms-client-request-id": "a44f6d11634ede4eaab7751e619e8c84",
        "x-ms-return-client-request-id": "true"
      },
      "RequestBody": null,
      "StatusCode": 200,
      "ResponseHeaders": {
        "Azure-AsyncOperation": "https://management.azure.com/providers/Microsoft.Management/operationResults/create/asyncOperation/status/managementGroups/mgmt-group-3600?api-version=2021-04-01",
        "Cache-Control": "no-cache",
        "client-request-id": "4b1547f1-5f48-4115-a57c-c280ba82b115",
        "Content-Length": "163",
        "Content-Type": "application/json; charset=utf-8",
        "Date": "Mon, 12 Jul 2021 03:36:52 GMT",
        "Expires": "-1",
        "Location": "https://management.azure.com/providers/Microsoft.Management/operationResults/create/managementGroups/mgmt-group-3600?api-version=2021-04-01",
        "Pragma": "no-cache",
        "request-id": "4b1547f1-5f48-4115-a57c-c280ba82b115",
        "Retry-After": "10",
        "Strict-Transport-Security": "max-age=31536000; includeSubDomains",
        "Vary": "Accept-Encoding",
        "x-ba-restapi": "1.0.3.1627",
        "X-Content-Type-Options": "nosniff",
        "x-ms-correlation-request-id": "4b1547f1-5f48-4115-a57c-c280ba82b115",
        "x-ms-ratelimit-remaining-tenant-reads": "11995",
        "x-ms-request-id": "westus2:4b1547f1-5f48-4115-a57c-c280ba82b115",
        "x-ms-routing-request-id": "WESTUS2:20210712T033653Z:4b1547f1-5f48-4115-a57c-c280ba82b115"
      },
      "ResponseBody": {
        "id": "/providers/Microsoft.Management/operationResults/create/asyncOperation/status/managementGroups/mgmt-group-3600",
        "name": "mgmt-group-3600",
        "status": "Running"
      }
    },
    {
      "RequestUri": "https://management.azure.com/providers/Microsoft.Management/operationResults/create/asyncOperation/status/managementGroups/mgmt-group-3600?api-version=2021-04-01",
      "RequestMethod": "GET",
      "RequestHeaders": {
        "Authorization": "Sanitized",
        "traceparent": "00-95c6cbf556acd947930522ce1f31b092-e2abbdaad6da1340-00",
        "User-Agent": "azsdk-net-ResourceManager.Core/1.0.0-alpha.20210711.1 (.NET Framework 4.8.4300.0; Microsoft Windows 10.0.19043 )",
        "x-ms-client-request-id": "893292c8be62282a7a7d7e0ee5589f59",
        "x-ms-return-client-request-id": "true"
      },
      "RequestBody": null,
      "StatusCode": 200,
      "ResponseHeaders": {
        "Azure-AsyncOperation": "https://management.azure.com/providers/Microsoft.Management/operationResults/create/asyncOperation/status/managementGroups/mgmt-group-3600?api-version=2021-04-01",
        "Cache-Control": "no-cache",
        "client-request-id": "3dfb8202-f80b-4607-8f16-ea81585b78fa",
        "Content-Length": "163",
        "Content-Type": "application/json; charset=utf-8",
        "Date": "Mon, 12 Jul 2021 03:36:54 GMT",
        "Expires": "-1",
        "Location": "https://management.azure.com/providers/Microsoft.Management/operationResults/create/managementGroups/mgmt-group-3600?api-version=2021-04-01",
        "Pragma": "no-cache",
        "request-id": "3dfb8202-f80b-4607-8f16-ea81585b78fa",
        "Retry-After": "10",
        "Strict-Transport-Security": "max-age=31536000; includeSubDomains",
        "Vary": "Accept-Encoding",
        "x-ba-restapi": "1.0.3.1627",
        "X-Content-Type-Options": "nosniff",
        "x-ms-correlation-request-id": "3dfb8202-f80b-4607-8f16-ea81585b78fa",
        "x-ms-ratelimit-remaining-tenant-reads": "11994",
        "x-ms-request-id": "westus2:3dfb8202-f80b-4607-8f16-ea81585b78fa",
        "x-ms-routing-request-id": "WESTUS2:20210712T033655Z:3dfb8202-f80b-4607-8f16-ea81585b78fa"
      },
      "ResponseBody": {
        "id": "/providers/Microsoft.Management/operationResults/create/asyncOperation/status/managementGroups/mgmt-group-3600",
        "name": "mgmt-group-3600",
        "status": "Running"
      }
    },
    {
      "RequestUri": "https://management.azure.com/providers/Microsoft.Management/operationResults/create/asyncOperation/status/managementGroups/mgmt-group-3600?api-version=2021-04-01",
      "RequestMethod": "GET",
      "RequestHeaders": {
        "Authorization": "Sanitized",
        "traceparent": "00-95c6cbf556acd947930522ce1f31b092-dbdfdd728572244d-00",
        "User-Agent": "azsdk-net-ResourceManager.Core/1.0.0-alpha.20210711.1 (.NET Framework 4.8.4300.0; Microsoft Windows 10.0.19043 )",
        "x-ms-client-request-id": "365a962e53e97083825644b80e2d4dbe",
        "x-ms-return-client-request-id": "true"
      },
      "RequestBody": null,
      "StatusCode": 200,
      "ResponseHeaders": {
        "Azure-AsyncOperation": "https://management.azure.com/providers/Microsoft.Management/operationResults/create/asyncOperation/status/managementGroups/mgmt-group-3600?api-version=2021-04-01",
        "Cache-Control": "no-cache",
        "client-request-id": "efdcf2d2-d0c8-4ef6-a639-9a43efd96e65",
        "Content-Length": "163",
        "Content-Type": "application/json; charset=utf-8",
        "Date": "Mon, 12 Jul 2021 03:36:56 GMT",
        "Expires": "-1",
        "Location": "https://management.azure.com/providers/Microsoft.Management/operationResults/create/managementGroups/mgmt-group-3600?api-version=2021-04-01",
        "Pragma": "no-cache",
        "request-id": "efdcf2d2-d0c8-4ef6-a639-9a43efd96e65",
        "Retry-After": "10",
        "Strict-Transport-Security": "max-age=31536000; includeSubDomains",
        "Vary": "Accept-Encoding",
        "x-ba-restapi": "1.0.3.1627",
        "X-Content-Type-Options": "nosniff",
        "x-ms-correlation-request-id": "efdcf2d2-d0c8-4ef6-a639-9a43efd96e65",
        "x-ms-ratelimit-remaining-tenant-reads": "11993",
        "x-ms-request-id": "westus2:efdcf2d2-d0c8-4ef6-a639-9a43efd96e65",
        "x-ms-routing-request-id": "WESTUS2:20210712T033656Z:efdcf2d2-d0c8-4ef6-a639-9a43efd96e65"
      },
      "ResponseBody": {
        "id": "/providers/Microsoft.Management/operationResults/create/asyncOperation/status/managementGroups/mgmt-group-3600",
        "name": "mgmt-group-3600",
        "status": "Running"
      }
    },
    {
      "RequestUri": "https://management.azure.com/providers/Microsoft.Management/operationResults/create/asyncOperation/status/managementGroups/mgmt-group-3600?api-version=2021-04-01",
      "RequestMethod": "GET",
      "RequestHeaders": {
        "Authorization": "Sanitized",
        "traceparent": "00-95c6cbf556acd947930522ce1f31b092-be25571d22e9c247-00",
        "User-Agent": "azsdk-net-ResourceManager.Core/1.0.0-alpha.20210711.1 (.NET Framework 4.8.4300.0; Microsoft Windows 10.0.19043 )",
        "x-ms-client-request-id": "7fd1440205fd52a2432629d0e540f852",
        "x-ms-return-client-request-id": "true"
      },
      "RequestBody": null,
      "StatusCode": 200,
      "ResponseHeaders": {
        "Azure-AsyncOperation": "https://management.azure.com/providers/Microsoft.Management/operationResults/create/asyncOperation/status/managementGroups/mgmt-group-3600?api-version=2021-04-01",
        "Cache-Control": "no-cache",
        "client-request-id": "184470b0-ff66-4038-bbe7-922daeda8635",
        "Content-Length": "163",
        "Content-Type": "application/json; charset=utf-8",
        "Date": "Mon, 12 Jul 2021 03:36:57 GMT",
        "Expires": "-1",
        "Location": "https://management.azure.com/providers/Microsoft.Management/operationResults/create/managementGroups/mgmt-group-3600?api-version=2021-04-01",
        "Pragma": "no-cache",
        "request-id": "184470b0-ff66-4038-bbe7-922daeda8635",
        "Retry-After": "10",
        "Strict-Transport-Security": "max-age=31536000; includeSubDomains",
        "Vary": "Accept-Encoding",
        "x-ba-restapi": "1.0.3.1627",
        "X-Content-Type-Options": "nosniff",
        "x-ms-correlation-request-id": "184470b0-ff66-4038-bbe7-922daeda8635",
        "x-ms-ratelimit-remaining-tenant-reads": "11992",
        "x-ms-request-id": "westus2:184470b0-ff66-4038-bbe7-922daeda8635",
        "x-ms-routing-request-id": "WESTUS2:20210712T033657Z:184470b0-ff66-4038-bbe7-922daeda8635"
      },
      "ResponseBody": {
        "id": "/providers/Microsoft.Management/operationResults/create/asyncOperation/status/managementGroups/mgmt-group-3600",
        "name": "mgmt-group-3600",
        "status": "Running"
      }
    },
    {
      "RequestUri": "https://management.azure.com/providers/Microsoft.Management/operationResults/create/asyncOperation/status/managementGroups/mgmt-group-3600?api-version=2021-04-01",
      "RequestMethod": "GET",
      "RequestHeaders": {
        "Authorization": "Sanitized",
        "traceparent": "00-95c6cbf556acd947930522ce1f31b092-44e424dc92202242-00",
        "User-Agent": "azsdk-net-ResourceManager.Core/1.0.0-alpha.20210711.1 (.NET Framework 4.8.4300.0; Microsoft Windows 10.0.19043 )",
        "x-ms-client-request-id": "caf01c185544759a0ec2070c7a711a4d",
        "x-ms-return-client-request-id": "true"
      },
      "RequestBody": null,
      "StatusCode": 200,
      "ResponseHeaders": {
        "Azure-AsyncOperation": "https://management.azure.com/providers/Microsoft.Management/operationResults/create/asyncOperation/status/managementGroups/mgmt-group-3600?api-version=2021-04-01",
        "Cache-Control": "no-cache",
        "client-request-id": "087d6197-6472-48c4-aaea-7188850ac842",
        "Content-Length": "163",
        "Content-Type": "application/json; charset=utf-8",
        "Date": "Mon, 12 Jul 2021 03:36:58 GMT",
        "Expires": "-1",
        "Location": "https://management.azure.com/providers/Microsoft.Management/operationResults/create/managementGroups/mgmt-group-3600?api-version=2021-04-01",
        "Pragma": "no-cache",
        "request-id": "087d6197-6472-48c4-aaea-7188850ac842",
        "Retry-After": "10",
        "Strict-Transport-Security": "max-age=31536000; includeSubDomains",
        "Vary": "Accept-Encoding",
        "x-ba-restapi": "1.0.3.1627",
        "X-Content-Type-Options": "nosniff",
        "x-ms-correlation-request-id": "087d6197-6472-48c4-aaea-7188850ac842",
        "x-ms-ratelimit-remaining-tenant-reads": "11991",
        "x-ms-request-id": "westus2:087d6197-6472-48c4-aaea-7188850ac842",
        "x-ms-routing-request-id": "WESTUS2:20210712T033658Z:087d6197-6472-48c4-aaea-7188850ac842"
      },
      "ResponseBody": {
        "id": "/providers/Microsoft.Management/operationResults/create/asyncOperation/status/managementGroups/mgmt-group-3600",
        "name": "mgmt-group-3600",
        "status": "Running"
      }
    },
    {
      "RequestUri": "https://management.azure.com/providers/Microsoft.Management/operationResults/create/asyncOperation/status/managementGroups/mgmt-group-3600?api-version=2021-04-01",
      "RequestMethod": "GET",
      "RequestHeaders": {
        "Authorization": "Sanitized",
        "traceparent": "00-95c6cbf556acd947930522ce1f31b092-8dd0101b36f5ad42-00",
        "User-Agent": "azsdk-net-ResourceManager.Core/1.0.0-alpha.20210711.1 (.NET Framework 4.8.4300.0; Microsoft Windows 10.0.19043 )",
        "x-ms-client-request-id": "a10cc0301f87285bf408f3c32ab28a42",
        "x-ms-return-client-request-id": "true"
      },
      "RequestBody": null,
      "StatusCode": 200,
      "ResponseHeaders": {
        "Azure-AsyncOperation": "https://management.azure.com/providers/Microsoft.Management/operationResults/create/asyncOperation/status/managementGroups/mgmt-group-3600?api-version=2021-04-01",
        "Cache-Control": "no-cache",
        "client-request-id": "36341e99-1d17-4197-9166-63d5f24e4f2d",
        "Content-Length": "163",
        "Content-Type": "application/json; charset=utf-8",
        "Date": "Mon, 12 Jul 2021 03:36:59 GMT",
        "Expires": "-1",
        "Location": "https://management.azure.com/providers/Microsoft.Management/operationResults/create/managementGroups/mgmt-group-3600?api-version=2021-04-01",
        "Pragma": "no-cache",
        "request-id": "36341e99-1d17-4197-9166-63d5f24e4f2d",
        "Retry-After": "10",
        "Strict-Transport-Security": "max-age=31536000; includeSubDomains",
        "Vary": "Accept-Encoding",
        "x-ba-restapi": "1.0.3.1627",
        "X-Content-Type-Options": "nosniff",
        "x-ms-correlation-request-id": "36341e99-1d17-4197-9166-63d5f24e4f2d",
        "x-ms-ratelimit-remaining-tenant-reads": "11990",
        "x-ms-request-id": "westus2:36341e99-1d17-4197-9166-63d5f24e4f2d",
        "x-ms-routing-request-id": "WESTUS2:20210712T033659Z:36341e99-1d17-4197-9166-63d5f24e4f2d"
      },
      "ResponseBody": {
        "id": "/providers/Microsoft.Management/operationResults/create/asyncOperation/status/managementGroups/mgmt-group-3600",
        "name": "mgmt-group-3600",
        "status": "Running"
      }
    },
    {
      "RequestUri": "https://management.azure.com/providers/Microsoft.Management/operationResults/create/asyncOperation/status/managementGroups/mgmt-group-3600?api-version=2021-04-01",
      "RequestMethod": "GET",
      "RequestHeaders": {
        "Authorization": "Sanitized",
        "traceparent": "00-95c6cbf556acd947930522ce1f31b092-9000e812083ffe4c-00",
        "User-Agent": "azsdk-net-ResourceManager.Core/1.0.0-alpha.20210711.1 (.NET Framework 4.8.4300.0; Microsoft Windows 10.0.19043 )",
        "x-ms-client-request-id": "f29ff15d823cac79aa5b713bfe96d7d2",
        "x-ms-return-client-request-id": "true"
      },
      "RequestBody": null,
      "StatusCode": 200,
      "ResponseHeaders": {
        "Azure-AsyncOperation": "https://management.azure.com/providers/Microsoft.Management/operationResults/create/asyncOperation/status/managementGroups/mgmt-group-3600?api-version=2021-04-01",
        "Cache-Control": "no-cache",
        "client-request-id": "ba1db084-a666-4115-ba58-dc584ad79e8e",
        "Content-Length": "163",
        "Content-Type": "application/json; charset=utf-8",
        "Date": "Mon, 12 Jul 2021 03:37:00 GMT",
        "Expires": "-1",
        "Location": "https://management.azure.com/providers/Microsoft.Management/operationResults/create/managementGroups/mgmt-group-3600?api-version=2021-04-01",
        "Pragma": "no-cache",
        "request-id": "ba1db084-a666-4115-ba58-dc584ad79e8e",
        "Retry-After": "10",
        "Strict-Transport-Security": "max-age=31536000; includeSubDomains",
        "Vary": "Accept-Encoding",
        "x-ba-restapi": "1.0.3.1627",
        "X-Content-Type-Options": "nosniff",
        "x-ms-correlation-request-id": "ba1db084-a666-4115-ba58-dc584ad79e8e",
        "x-ms-ratelimit-remaining-tenant-reads": "11989",
        "x-ms-request-id": "westus2:ba1db084-a666-4115-ba58-dc584ad79e8e",
        "x-ms-routing-request-id": "WESTUS2:20210712T033700Z:ba1db084-a666-4115-ba58-dc584ad79e8e"
      },
      "ResponseBody": {
        "id": "/providers/Microsoft.Management/operationResults/create/asyncOperation/status/managementGroups/mgmt-group-3600",
        "name": "mgmt-group-3600",
        "status": "Running"
      }
    },
    {
      "RequestUri": "https://management.azure.com/providers/Microsoft.Management/operationResults/create/asyncOperation/status/managementGroups/mgmt-group-3600?api-version=2021-04-01",
      "RequestMethod": "GET",
      "RequestHeaders": {
        "Authorization": "Sanitized",
        "traceparent": "00-95c6cbf556acd947930522ce1f31b092-973b3f68e3485341-00",
        "User-Agent": "azsdk-net-ResourceManager.Core/1.0.0-alpha.20210711.1 (.NET Framework 4.8.4300.0; Microsoft Windows 10.0.19043 )",
        "x-ms-client-request-id": "25a0db0c5733f9cbc0c7d63c61d64b5b",
        "x-ms-return-client-request-id": "true"
      },
      "RequestBody": null,
      "StatusCode": 200,
      "ResponseHeaders": {
        "Azure-AsyncOperation": "https://management.azure.com/providers/Microsoft.Management/operationResults/create/asyncOperation/status/managementGroups/mgmt-group-3600?api-version=2021-04-01",
        "Cache-Control": "no-cache",
        "client-request-id": "69fe0b8a-ebf7-4059-a4de-51c311f67573",
        "Content-Length": "163",
        "Content-Type": "application/json; charset=utf-8",
        "Date": "Mon, 12 Jul 2021 03:37:01 GMT",
        "Expires": "-1",
        "Location": "https://management.azure.com/providers/Microsoft.Management/operationResults/create/managementGroups/mgmt-group-3600?api-version=2021-04-01",
        "Pragma": "no-cache",
        "request-id": "69fe0b8a-ebf7-4059-a4de-51c311f67573",
        "Retry-After": "10",
        "Strict-Transport-Security": "max-age=31536000; includeSubDomains",
        "Vary": "Accept-Encoding",
        "x-ba-restapi": "1.0.3.1627",
        "X-Content-Type-Options": "nosniff",
        "x-ms-correlation-request-id": "69fe0b8a-ebf7-4059-a4de-51c311f67573",
        "x-ms-ratelimit-remaining-tenant-reads": "11988",
        "x-ms-request-id": "westus2:69fe0b8a-ebf7-4059-a4de-51c311f67573",
        "x-ms-routing-request-id": "WESTUS2:20210712T033701Z:69fe0b8a-ebf7-4059-a4de-51c311f67573"
      },
      "ResponseBody": {
        "id": "/providers/Microsoft.Management/operationResults/create/asyncOperation/status/managementGroups/mgmt-group-3600",
        "name": "mgmt-group-3600",
        "status": "Running"
      }
    },
    {
      "RequestUri": "https://management.azure.com/providers/Microsoft.Management/operationResults/create/asyncOperation/status/managementGroups/mgmt-group-3600?api-version=2021-04-01",
      "RequestMethod": "GET",
      "RequestHeaders": {
        "Authorization": "Sanitized",
        "traceparent": "00-95c6cbf556acd947930522ce1f31b092-d610c3a6bebba64d-00",
        "User-Agent": "azsdk-net-ResourceManager.Core/1.0.0-alpha.20210711.1 (.NET Framework 4.8.4300.0; Microsoft Windows 10.0.19043 )",
        "x-ms-client-request-id": "89aec43727d1ae104660f72bae1f2a5e",
        "x-ms-return-client-request-id": "true"
      },
      "RequestBody": null,
      "StatusCode": 200,
      "ResponseHeaders": {
        "Azure-AsyncOperation": "https://management.azure.com/providers/Microsoft.Management/operationResults/create/asyncOperation/status/managementGroups/mgmt-group-3600?api-version=2021-04-01",
        "Cache-Control": "no-cache",
        "client-request-id": "66852090-bd8f-4da0-89d8-e5dc928a901a",
        "Content-Length": "163",
        "Content-Type": "application/json; charset=utf-8",
        "Date": "Mon, 12 Jul 2021 03:37:02 GMT",
        "Expires": "-1",
        "Location": "https://management.azure.com/providers/Microsoft.Management/operationResults/create/managementGroups/mgmt-group-3600?api-version=2021-04-01",
        "Pragma": "no-cache",
        "request-id": "66852090-bd8f-4da0-89d8-e5dc928a901a",
        "Retry-After": "10",
        "Strict-Transport-Security": "max-age=31536000; includeSubDomains",
        "Vary": "Accept-Encoding",
        "x-ba-restapi": "1.0.3.1627",
        "X-Content-Type-Options": "nosniff",
        "x-ms-correlation-request-id": "66852090-bd8f-4da0-89d8-e5dc928a901a",
        "x-ms-ratelimit-remaining-tenant-reads": "11987",
        "x-ms-request-id": "westus2:66852090-bd8f-4da0-89d8-e5dc928a901a",
        "x-ms-routing-request-id": "WESTUS2:20210712T033702Z:66852090-bd8f-4da0-89d8-e5dc928a901a"
      },
      "ResponseBody": {
        "id": "/providers/Microsoft.Management/operationResults/create/asyncOperation/status/managementGroups/mgmt-group-3600",
        "name": "mgmt-group-3600",
        "status": "Running"
      }
    },
    {
      "RequestUri": "https://management.azure.com/providers/Microsoft.Management/operationResults/create/asyncOperation/status/managementGroups/mgmt-group-3600?api-version=2021-04-01",
      "RequestMethod": "GET",
      "RequestHeaders": {
        "Authorization": "Sanitized",
        "traceparent": "00-95c6cbf556acd947930522ce1f31b092-6e209564d8ec9a46-00",
        "User-Agent": "azsdk-net-ResourceManager.Core/1.0.0-alpha.20210711.1 (.NET Framework 4.8.4300.0; Microsoft Windows 10.0.19043 )",
        "x-ms-client-request-id": "4eb621306512060f25a63175ab3d4ad3",
        "x-ms-return-client-request-id": "true"
      },
      "RequestBody": null,
      "StatusCode": 200,
      "ResponseHeaders": {
        "Azure-AsyncOperation": "https://management.azure.com/providers/Microsoft.Management/operationResults/create/asyncOperation/status/managementGroups/mgmt-group-3600?api-version=2021-04-01",
        "Cache-Control": "no-cache",
        "client-request-id": "b59b3145-e6cb-4bb1-a4e3-8274836c9541",
        "Content-Length": "163",
        "Content-Type": "application/json; charset=utf-8",
        "Date": "Mon, 12 Jul 2021 03:37:03 GMT",
        "Expires": "-1",
        "Location": "https://management.azure.com/providers/Microsoft.Management/operationResults/create/managementGroups/mgmt-group-3600?api-version=2021-04-01",
        "Pragma": "no-cache",
        "request-id": "b59b3145-e6cb-4bb1-a4e3-8274836c9541",
        "Retry-After": "10",
        "Strict-Transport-Security": "max-age=31536000; includeSubDomains",
        "Vary": "Accept-Encoding",
        "x-ba-restapi": "1.0.3.1627",
        "X-Content-Type-Options": "nosniff",
        "x-ms-correlation-request-id": "b59b3145-e6cb-4bb1-a4e3-8274836c9541",
        "x-ms-ratelimit-remaining-tenant-reads": "11986",
        "x-ms-request-id": "westus2:b59b3145-e6cb-4bb1-a4e3-8274836c9541",
        "x-ms-routing-request-id": "WESTUS2:20210712T033704Z:b59b3145-e6cb-4bb1-a4e3-8274836c9541"
      },
      "ResponseBody": {
        "id": "/providers/Microsoft.Management/operationResults/create/asyncOperation/status/managementGroups/mgmt-group-3600",
        "name": "mgmt-group-3600",
        "status": "Running"
      }
    },
    {
      "RequestUri": "https://management.azure.com/providers/Microsoft.Management/operationResults/create/asyncOperation/status/managementGroups/mgmt-group-3600?api-version=2021-04-01",
      "RequestMethod": "GET",
      "RequestHeaders": {
        "Authorization": "Sanitized",
        "traceparent": "00-95c6cbf556acd947930522ce1f31b092-025d2b89eadfbf42-00",
        "User-Agent": "azsdk-net-ResourceManager.Core/1.0.0-alpha.20210711.1 (.NET Framework 4.8.4300.0; Microsoft Windows 10.0.19043 )",
        "x-ms-client-request-id": "3a0315104de7e400caf1dfd3609f4ba1",
        "x-ms-return-client-request-id": "true"
      },
      "RequestBody": null,
      "StatusCode": 200,
      "ResponseHeaders": {
        "Azure-AsyncOperation": "https://management.azure.com/providers/Microsoft.Management/operationResults/create/asyncOperation/status/managementGroups/mgmt-group-3600?api-version=2021-04-01",
        "Cache-Control": "no-cache",
        "client-request-id": "5e193f1f-e78b-474b-917b-95429d29f94f",
        "Content-Length": "163",
        "Content-Type": "application/json; charset=utf-8",
        "Date": "Mon, 12 Jul 2021 03:37:04 GMT",
        "Expires": "-1",
        "Location": "https://management.azure.com/providers/Microsoft.Management/operationResults/create/managementGroups/mgmt-group-3600?api-version=2021-04-01",
        "Pragma": "no-cache",
        "request-id": "5e193f1f-e78b-474b-917b-95429d29f94f",
        "Retry-After": "10",
        "Strict-Transport-Security": "max-age=31536000; includeSubDomains",
        "Vary": "Accept-Encoding",
        "x-ba-restapi": "1.0.3.1627",
        "X-Content-Type-Options": "nosniff",
        "x-ms-correlation-request-id": "5e193f1f-e78b-474b-917b-95429d29f94f",
        "x-ms-ratelimit-remaining-tenant-reads": "11985",
        "x-ms-request-id": "westus2:5e193f1f-e78b-474b-917b-95429d29f94f",
        "x-ms-routing-request-id": "WESTUS2:20210712T033705Z:5e193f1f-e78b-474b-917b-95429d29f94f"
      },
      "ResponseBody": {
        "id": "/providers/Microsoft.Management/operationResults/create/asyncOperation/status/managementGroups/mgmt-group-3600",
        "name": "mgmt-group-3600",
        "status": "Running"
      }
    },
    {
      "RequestUri": "https://management.azure.com/providers/Microsoft.Management/operationResults/create/asyncOperation/status/managementGroups/mgmt-group-3600?api-version=2021-04-01",
      "RequestMethod": "GET",
      "RequestHeaders": {
        "Authorization": "Sanitized",
        "traceparent": "00-95c6cbf556acd947930522ce1f31b092-7443dac21b591440-00",
        "User-Agent": "azsdk-net-ResourceManager.Core/1.0.0-alpha.20210711.1 (.NET Framework 4.8.4300.0; Microsoft Windows 10.0.19043 )",
        "x-ms-client-request-id": "400b789dfc20d249b5a7632bf69b0308",
        "x-ms-return-client-request-id": "true"
      },
      "RequestBody": null,
      "StatusCode": 200,
      "ResponseHeaders": {
        "Azure-AsyncOperation": "https://management.azure.com/providers/Microsoft.Management/operationResults/create/asyncOperation/status/managementGroups/mgmt-group-3600?api-version=2021-04-01",
        "Cache-Control": "no-cache",
        "client-request-id": "2ebb0fca-5465-4863-964d-875a9a1e88f5",
        "Content-Length": "163",
        "Content-Type": "application/json; charset=utf-8",
        "Date": "Mon, 12 Jul 2021 03:37:06 GMT",
        "Expires": "-1",
        "Location": "https://management.azure.com/providers/Microsoft.Management/operationResults/create/managementGroups/mgmt-group-3600?api-version=2021-04-01",
        "Pragma": "no-cache",
        "request-id": "2ebb0fca-5465-4863-964d-875a9a1e88f5",
        "Retry-After": "10",
        "Strict-Transport-Security": "max-age=31536000; includeSubDomains",
        "Vary": "Accept-Encoding",
        "x-ba-restapi": "1.0.3.1627",
        "X-Content-Type-Options": "nosniff",
        "x-ms-correlation-request-id": "2ebb0fca-5465-4863-964d-875a9a1e88f5",
        "x-ms-ratelimit-remaining-tenant-reads": "11984",
        "x-ms-request-id": "westus2:2ebb0fca-5465-4863-964d-875a9a1e88f5",
        "x-ms-routing-request-id": "WESTUS2:20210712T033706Z:2ebb0fca-5465-4863-964d-875a9a1e88f5"
      },
      "ResponseBody": {
        "id": "/providers/Microsoft.Management/operationResults/create/asyncOperation/status/managementGroups/mgmt-group-3600",
        "name": "mgmt-group-3600",
        "status": "Running"
      }
    },
    {
      "RequestUri": "https://management.azure.com/providers/Microsoft.Management/operationResults/create/asyncOperation/status/managementGroups/mgmt-group-3600?api-version=2021-04-01",
      "RequestMethod": "GET",
      "RequestHeaders": {
        "Authorization": "Sanitized",
        "traceparent": "00-95c6cbf556acd947930522ce1f31b092-23dc74509557f547-00",
        "User-Agent": "azsdk-net-ResourceManager.Core/1.0.0-alpha.20210711.1 (.NET Framework 4.8.4300.0; Microsoft Windows 10.0.19043 )",
        "x-ms-client-request-id": "981b2315f01ce37621d28321863ca686",
        "x-ms-return-client-request-id": "true"
      },
      "RequestBody": null,
      "StatusCode": 200,
      "ResponseHeaders": {
        "Azure-AsyncOperation": "https://management.azure.com/providers/Microsoft.Management/operationResults/create/asyncOperation/status/managementGroups/mgmt-group-3600?api-version=2021-04-01",
        "Cache-Control": "no-cache",
        "client-request-id": "b2bde131-86b2-4e9a-b5a7-c422a04ba55b",
        "Content-Length": "163",
        "Content-Type": "application/json; charset=utf-8",
        "Date": "Mon, 12 Jul 2021 03:37:07 GMT",
        "Expires": "-1",
        "Location": "https://management.azure.com/providers/Microsoft.Management/operationResults/create/managementGroups/mgmt-group-3600?api-version=2021-04-01",
        "Pragma": "no-cache",
        "request-id": "b2bde131-86b2-4e9a-b5a7-c422a04ba55b",
        "Retry-After": "10",
        "Strict-Transport-Security": "max-age=31536000; includeSubDomains",
        "Vary": "Accept-Encoding",
        "x-ba-restapi": "1.0.3.1627",
        "X-Content-Type-Options": "nosniff",
        "x-ms-correlation-request-id": "b2bde131-86b2-4e9a-b5a7-c422a04ba55b",
        "x-ms-ratelimit-remaining-tenant-reads": "11983",
        "x-ms-request-id": "westus2:b2bde131-86b2-4e9a-b5a7-c422a04ba55b",
        "x-ms-routing-request-id": "WESTUS2:20210712T033707Z:b2bde131-86b2-4e9a-b5a7-c422a04ba55b"
      },
      "ResponseBody": {
        "id": "/providers/Microsoft.Management/operationResults/create/asyncOperation/status/managementGroups/mgmt-group-3600",
        "name": "mgmt-group-3600",
        "status": "Running"
      }
    },
    {
      "RequestUri": "https://management.azure.com/providers/Microsoft.Management/operationResults/create/asyncOperation/status/managementGroups/mgmt-group-3600?api-version=2021-04-01",
      "RequestMethod": "GET",
      "RequestHeaders": {
        "Authorization": "Sanitized",
        "traceparent": "00-95c6cbf556acd947930522ce1f31b092-403ba456c6c15a4c-00",
        "User-Agent": "azsdk-net-ResourceManager.Core/1.0.0-alpha.20210711.1 (.NET Framework 4.8.4300.0; Microsoft Windows 10.0.19043 )",
        "x-ms-client-request-id": "32d7905a0a3213b3cb318440ead4ed2f",
        "x-ms-return-client-request-id": "true"
      },
      "RequestBody": null,
      "StatusCode": 200,
      "ResponseHeaders": {
        "Azure-AsyncOperation": "https://management.azure.com/providers/Microsoft.Management/operationResults/create/asyncOperation/status/managementGroups/mgmt-group-3600?api-version=2021-04-01",
        "Cache-Control": "no-cache",
        "client-request-id": "fcc44bec-affc-4814-af14-5b8958b4ed1c",
        "Content-Length": "163",
        "Content-Type": "application/json; charset=utf-8",
        "Date": "Mon, 12 Jul 2021 03:37:08 GMT",
        "Expires": "-1",
        "Location": "https://management.azure.com/providers/Microsoft.Management/operationResults/create/managementGroups/mgmt-group-3600?api-version=2021-04-01",
        "Pragma": "no-cache",
        "request-id": "fcc44bec-affc-4814-af14-5b8958b4ed1c",
        "Retry-After": "10",
        "Strict-Transport-Security": "max-age=31536000; includeSubDomains",
        "Vary": "Accept-Encoding",
        "x-ba-restapi": "1.0.3.1627",
        "X-Content-Type-Options": "nosniff",
        "x-ms-correlation-request-id": "fcc44bec-affc-4814-af14-5b8958b4ed1c",
        "x-ms-ratelimit-remaining-tenant-reads": "11982",
        "x-ms-request-id": "westus2:fcc44bec-affc-4814-af14-5b8958b4ed1c",
        "x-ms-routing-request-id": "WESTUS2:20210712T033708Z:fcc44bec-affc-4814-af14-5b8958b4ed1c"
      },
      "ResponseBody": {
        "id": "/providers/Microsoft.Management/operationResults/create/asyncOperation/status/managementGroups/mgmt-group-3600",
        "name": "mgmt-group-3600",
        "status": "Running"
      }
    },
    {
      "RequestUri": "https://management.azure.com/providers/Microsoft.Management/operationResults/create/asyncOperation/status/managementGroups/mgmt-group-3600?api-version=2021-04-01",
      "RequestMethod": "GET",
      "RequestHeaders": {
        "Authorization": "Sanitized",
        "traceparent": "00-95c6cbf556acd947930522ce1f31b092-2f2ca16b8d45ac45-00",
        "User-Agent": "azsdk-net-ResourceManager.Core/1.0.0-alpha.20210711.1 (.NET Framework 4.8.4300.0; Microsoft Windows 10.0.19043 )",
        "x-ms-client-request-id": "3cbed6eeb284ad8402281f4d79274b79",
        "x-ms-return-client-request-id": "true"
      },
      "RequestBody": null,
      "StatusCode": 200,
      "ResponseHeaders": {
        "Azure-AsyncOperation": "https://management.azure.com/providers/Microsoft.Management/operationResults/create/asyncOperation/status/managementGroups/mgmt-group-3600?api-version=2021-04-01",
        "Cache-Control": "no-cache",
        "client-request-id": "8b30f352-df7b-4df3-a4fa-4f161b6c1628",
        "Content-Length": "163",
        "Content-Type": "application/json; charset=utf-8",
        "Date": "Mon, 12 Jul 2021 03:37:09 GMT",
        "Expires": "-1",
        "Location": "https://management.azure.com/providers/Microsoft.Management/operationResults/create/managementGroups/mgmt-group-3600?api-version=2021-04-01",
        "Pragma": "no-cache",
        "request-id": "8b30f352-df7b-4df3-a4fa-4f161b6c1628",
        "Retry-After": "10",
        "Strict-Transport-Security": "max-age=31536000; includeSubDomains",
        "Vary": "Accept-Encoding",
        "x-ba-restapi": "1.0.3.1627",
        "X-Content-Type-Options": "nosniff",
        "x-ms-correlation-request-id": "8b30f352-df7b-4df3-a4fa-4f161b6c1628",
        "x-ms-ratelimit-remaining-tenant-reads": "11981",
        "x-ms-request-id": "westus2:8b30f352-df7b-4df3-a4fa-4f161b6c1628",
        "x-ms-routing-request-id": "WESTUS2:20210712T033709Z:8b30f352-df7b-4df3-a4fa-4f161b6c1628"
      },
      "ResponseBody": {
        "id": "/providers/Microsoft.Management/operationResults/create/asyncOperation/status/managementGroups/mgmt-group-3600",
        "name": "mgmt-group-3600",
        "status": "Running"
      }
    },
    {
      "RequestUri": "https://management.azure.com/providers/Microsoft.Management/operationResults/create/asyncOperation/status/managementGroups/mgmt-group-3600?api-version=2021-04-01",
      "RequestMethod": "GET",
      "RequestHeaders": {
        "Authorization": "Sanitized",
        "traceparent": "00-95c6cbf556acd947930522ce1f31b092-87d9453805973e4c-00",
        "User-Agent": "azsdk-net-ResourceManager.Core/1.0.0-alpha.20210711.1 (.NET Framework 4.8.4300.0; Microsoft Windows 10.0.19043 )",
        "x-ms-client-request-id": "66d0dd01d0c30bd57007cdea6b36f84c",
        "x-ms-return-client-request-id": "true"
      },
      "RequestBody": null,
      "StatusCode": 200,
      "ResponseHeaders": {
        "Azure-AsyncOperation": "https://management.azure.com/providers/Microsoft.Management/operationResults/create/asyncOperation/status/managementGroups/mgmt-group-3600?api-version=2021-04-01",
        "Cache-Control": "no-cache",
        "client-request-id": "e32debca-7696-4139-b6ab-8d7a7ff9d608",
        "Content-Length": "163",
        "Content-Type": "application/json; charset=utf-8",
        "Date": "Mon, 12 Jul 2021 03:37:10 GMT",
        "Expires": "-1",
        "Location": "https://management.azure.com/providers/Microsoft.Management/operationResults/create/managementGroups/mgmt-group-3600?api-version=2021-04-01",
        "Pragma": "no-cache",
        "request-id": "e32debca-7696-4139-b6ab-8d7a7ff9d608",
        "Retry-After": "10",
        "Strict-Transport-Security": "max-age=31536000; includeSubDomains",
        "Vary": "Accept-Encoding",
        "x-ba-restapi": "1.0.3.1627",
        "X-Content-Type-Options": "nosniff",
        "x-ms-correlation-request-id": "e32debca-7696-4139-b6ab-8d7a7ff9d608",
        "x-ms-ratelimit-remaining-tenant-reads": "11980",
        "x-ms-request-id": "westus2:e32debca-7696-4139-b6ab-8d7a7ff9d608",
        "x-ms-routing-request-id": "WESTUS2:20210712T033710Z:e32debca-7696-4139-b6ab-8d7a7ff9d608"
      },
      "ResponseBody": {
        "id": "/providers/Microsoft.Management/operationResults/create/asyncOperation/status/managementGroups/mgmt-group-3600",
        "name": "mgmt-group-3600",
        "status": "Running"
      }
    },
    {
      "RequestUri": "https://management.azure.com/providers/Microsoft.Management/operationResults/create/asyncOperation/status/managementGroups/mgmt-group-3600?api-version=2021-04-01",
      "RequestMethod": "GET",
      "RequestHeaders": {
        "Authorization": "Sanitized",
        "traceparent": "00-95c6cbf556acd947930522ce1f31b092-225205891d176a49-00",
        "User-Agent": "azsdk-net-ResourceManager.Core/1.0.0-alpha.20210711.1 (.NET Framework 4.8.4300.0; Microsoft Windows 10.0.19043 )",
        "x-ms-client-request-id": "af3354e46a7da8010b2a300aea6599a3",
        "x-ms-return-client-request-id": "true"
      },
      "RequestBody": null,
      "StatusCode": 200,
      "ResponseHeaders": {
        "Azure-AsyncOperation": "https://management.azure.com/providers/Microsoft.Management/operationResults/create/asyncOperation/status/managementGroups/mgmt-group-3600?api-version=2021-04-01",
        "Cache-Control": "no-cache",
        "client-request-id": "5ebd7c57-b564-4e5a-ac79-218f666900bd",
        "Content-Length": "163",
        "Content-Type": "application/json; charset=utf-8",
        "Date": "Mon, 12 Jul 2021 03:37:11 GMT",
        "Expires": "-1",
        "Location": "https://management.azure.com/providers/Microsoft.Management/operationResults/create/managementGroups/mgmt-group-3600?api-version=2021-04-01",
        "Pragma": "no-cache",
        "request-id": "5ebd7c57-b564-4e5a-ac79-218f666900bd",
        "Retry-After": "10",
        "Strict-Transport-Security": "max-age=31536000; includeSubDomains",
        "Vary": "Accept-Encoding",
        "x-ba-restapi": "1.0.3.1627",
        "X-Content-Type-Options": "nosniff",
        "x-ms-correlation-request-id": "5ebd7c57-b564-4e5a-ac79-218f666900bd",
        "x-ms-ratelimit-remaining-tenant-reads": "11979",
        "x-ms-request-id": "westus2:5ebd7c57-b564-4e5a-ac79-218f666900bd",
        "x-ms-routing-request-id": "WESTUS2:20210712T033711Z:5ebd7c57-b564-4e5a-ac79-218f666900bd"
      },
      "ResponseBody": {
        "id": "/providers/Microsoft.Management/operationResults/create/asyncOperation/status/managementGroups/mgmt-group-3600",
        "name": "mgmt-group-3600",
        "status": "Running"
      }
    },
    {
      "RequestUri": "https://management.azure.com/providers/Microsoft.Management/operationResults/create/asyncOperation/status/managementGroups/mgmt-group-3600?api-version=2021-04-01",
      "RequestMethod": "GET",
      "RequestHeaders": {
        "Authorization": "Sanitized",
        "traceparent": "00-95c6cbf556acd947930522ce1f31b092-f7ccd7f10fe56e4d-00",
        "User-Agent": "azsdk-net-ResourceManager.Core/1.0.0-alpha.20210711.1 (.NET Framework 4.8.4300.0; Microsoft Windows 10.0.19043 )",
        "x-ms-client-request-id": "0c3f0be587031d6b01b3cb7de59a42cc",
        "x-ms-return-client-request-id": "true"
      },
      "RequestBody": null,
      "StatusCode": 200,
      "ResponseHeaders": {
        "Cache-Control": "no-cache",
        "client-request-id": "6627bd10-ef95-4a7d-aa3e-2375573d3513",
        "Content-Length": "382",
        "Content-Type": "application/json; charset=utf-8",
        "Date": "Mon, 12 Jul 2021 03:37:13 GMT",
        "Expires": "-1",
        "Pragma": "no-cache",
        "request-id": "6627bd10-ef95-4a7d-aa3e-2375573d3513",
        "Strict-Transport-Security": "max-age=31536000; includeSubDomains",
        "Vary": "Accept-Encoding",
        "x-ba-restapi": "1.0.3.1627",
        "X-Content-Type-Options": "nosniff",
        "x-ms-correlation-request-id": "6627bd10-ef95-4a7d-aa3e-2375573d3513",
        "x-ms-ratelimit-remaining-tenant-reads": "11978",
        "x-ms-request-id": "westus2:6627bd10-ef95-4a7d-aa3e-2375573d3513",
        "x-ms-routing-request-id": "WESTUS2:20210712T033713Z:6627bd10-ef95-4a7d-aa3e-2375573d3513"
      },
      "ResponseBody": {
        "id": "/providers/Microsoft.Management/operationResults/create/asyncOperation/status/managementGroups/mgmt-group-3600",
        "name": "mgmt-group-3600",
        "status": "Succeeded",
        "properties": {
          "tenantId": "72f988bf-86f1-41af-91ab-2d7cd011db47",
          "displayName": "mgmt-group-3600",
          "details": {
            "version": 3,
            "updatedTime": "2021-07-12T03:36:54.9243033Z",
            "updatedBy": "3b10dae3-28cf-49a7-a8df-8fbae3e77f27"
          }
        }
      }
    },
    {
      "RequestUri": "https://management.azure.com/providers/Microsoft.Management/managementGroups/mgmt-group-3600?api-version=2021-04-01",
      "RequestMethod": "GET",
      "RequestHeaders": {
        "Authorization": "Sanitized",
        "traceparent": "00-95c6cbf556acd947930522ce1f31b092-72a88d5b723bc34f-00",
        "User-Agent": "azsdk-net-ResourceManager.Core/1.0.0-alpha.20210711.1 (.NET Framework 4.8.4300.0; Microsoft Windows 10.0.19043 )",
        "x-ms-client-request-id": "2569d32f9cf496fbdc285b99a0ca200a",
        "x-ms-return-client-request-id": "true"
      },
      "RequestBody": null,
      "StatusCode": 200,
      "ResponseHeaders": {
        "Cache-Control": "no-cache",
        "client-request-id": "96ad3ff8-4d8d-4f95-9e6e-1bbfa078a0ee",
        "Content-Length": "565",
        "Content-Type": "application/json; charset=utf-8",
        "Date": "Mon, 12 Jul 2021 03:37:13 GMT",
        "Expires": "-1",
        "Pragma": "no-cache",
        "request-id": "96ad3ff8-4d8d-4f95-9e6e-1bbfa078a0ee",
        "Strict-Transport-Security": "max-age=31536000; includeSubDomains",
        "Vary": "Accept-Encoding",
        "x-ba-restapi": "1.0.3.1627",
        "X-Content-Type-Options": "nosniff",
        "x-ms-correlation-request-id": "96ad3ff8-4d8d-4f95-9e6e-1bbfa078a0ee",
        "x-ms-ratelimit-remaining-tenant-reads": "11977",
        "x-ms-request-id": "westus2:96ad3ff8-4d8d-4f95-9e6e-1bbfa078a0ee",
        "x-ms-routing-request-id": "WESTUS2:20210712T033713Z:96ad3ff8-4d8d-4f95-9e6e-1bbfa078a0ee"
      },
      "ResponseBody": {
        "id": "/providers/Microsoft.Management/managementGroups/mgmt-group-3600",
        "type": "Microsoft.Management/managementGroups",
        "name": "mgmt-group-3600",
        "properties": {
          "tenantId": "72f988bf-86f1-41af-91ab-2d7cd011db47",
          "displayName": "mgmt-group-3600",
          "details": {
            "version": 3,
            "updatedTime": "2021-07-12T03:36:54.9243033Z",
            "updatedBy": "3b10dae3-28cf-49a7-a8df-8fbae3e77f27",
            "parent": {
              "id": "/providers/Microsoft.Management/managementGroups/72f988bf-86f1-41af-91ab-2d7cd011db47",
              "name": "72f988bf-86f1-41af-91ab-2d7cd011db47",
              "displayName": "72f988bf-86f1-41af-91ab-2d7cd011db47"
            }
          }
        }
      }
    },
    {
      "RequestUri": "https://management.azure.com/providers/Microsoft.Management/managementGroups/mgmt-group-3600?api-version=2021-04-01",
      "RequestMethod": "GET",
      "RequestHeaders": {
        "Accept": "application/json",
        "Authorization": "Sanitized",
        "traceparent": "00-3b3cd25f1dbc5a40a01accb65478d6ef-c3263933cde5674e-00",
        "User-Agent": "azsdk-net-ResourceManager.Core/1.0.0-alpha.20210711.1 (.NET Framework 4.8.4300.0; Microsoft Windows 10.0.19043 )",
        "x-ms-client-request-id": "5f04296debf75d48e815aeca9e84c271",
        "x-ms-return-client-request-id": "true"
      },
      "RequestBody": null,
      "StatusCode": 200,
      "ResponseHeaders": {
        "Cache-Control": "no-cache",
        "client-request-id": "1969ccd9-bd8b-469d-abb8-07ac62f88163",
        "Content-Length": "565",
        "Content-Type": "application/json; charset=utf-8",
        "Date": "Mon, 12 Jul 2021 03:37:13 GMT",
        "Expires": "-1",
        "Pragma": "no-cache",
        "request-id": "1969ccd9-bd8b-469d-abb8-07ac62f88163",
        "Strict-Transport-Security": "max-age=31536000; includeSubDomains",
        "Vary": "Accept-Encoding",
        "x-ba-restapi": "1.0.3.1627",
        "X-Content-Type-Options": "nosniff",
        "x-ms-correlation-request-id": "1969ccd9-bd8b-469d-abb8-07ac62f88163",
        "x-ms-ratelimit-remaining-tenant-reads": "11976",
        "x-ms-request-id": "westus2:1969ccd9-bd8b-469d-abb8-07ac62f88163",
        "x-ms-routing-request-id": "WESTUS2:20210712T033713Z:1969ccd9-bd8b-469d-abb8-07ac62f88163"
      },
      "ResponseBody": {
        "id": "/providers/Microsoft.Management/managementGroups/mgmt-group-3600",
        "type": "Microsoft.Management/managementGroups",
        "name": "mgmt-group-3600",
        "properties": {
          "tenantId": "72f988bf-86f1-41af-91ab-2d7cd011db47",
          "displayName": "mgmt-group-3600",
          "details": {
            "version": 3,
            "updatedTime": "2021-07-12T03:36:54.9243033Z",
            "updatedBy": "3b10dae3-28cf-49a7-a8df-8fbae3e77f27",
            "parent": {
              "id": "/providers/Microsoft.Management/managementGroups/72f988bf-86f1-41af-91ab-2d7cd011db47",
              "name": "72f988bf-86f1-41af-91ab-2d7cd011db47",
              "displayName": "72f988bf-86f1-41af-91ab-2d7cd011db47"
            }
          }
        }
      }
    }
  ],
  "Variables": {
    "RandomSeed": "662869031",
    "SUBSCRIPTION_ID": "db1ab6f0-4769-4b27-930e-01e2ef9c123c"
  }
}