{
  "Entries": [
    {
      "RequestUri": "https://management.azure.com/subscriptions/23587e98-b6ac-4328-a753-03bcd3c8e744/resourcegroups/dbaccount-3841?api-version=**",
      "RequestMethod": "GET",
      "RequestHeaders": {
        "Accept": "application/json",
        "Authorization": "Sanitized",
        "traceparent": "00-e5779d6d96ca2a4e413b4b03025200c1-59f59af6afcea542-00",
        "User-Agent": "azsdk-net-ResourceManager/1.4.0 (.NET 7.0.4; Microsoft Windows 10.0.22621)",
        "x-ms-client-request-id": "f1d4ca824768a4b75028124c1f453dfd",
        "x-ms-return-client-request-id": "true"
      },
      "RequestBody": null,
      "StatusCode": 200,
      "ResponseHeaders": {
        "Cache-Control": "no-cache",
        "Content-Length": "226",
        "Content-Type": "application/json; charset=utf-8",
        "Date": "Thu, 06 Apr 2023 13:12:10 GMT",
        "Expires": "-1",
        "Pragma": "no-cache",
        "Strict-Transport-Security": "max-age=31536000; includeSubDomains",
        "X-Content-Type-Options": "nosniff",
        "x-ms-correlation-request-id": "b375a45f-8f54-47c4-b5f5-0d667321aa62",
        "x-ms-ratelimit-remaining-subscription-reads": "11698",
        "x-ms-request-id": "b375a45f-8f54-47c4-b5f5-0d667321aa62",
        "x-ms-routing-request-id": "WESTCENTRALUS:20230406T131211Z:b375a45f-8f54-47c4-b5f5-0d667321aa62"
      },
      "ResponseBody": {
        "id": "/subscriptions/23587e98-b6ac-4328-a753-03bcd3c8e744/resourceGroups/dbaccount-3841",
        "name": "dbaccount-3841",
        "type": "Microsoft.Resources/resourceGroups",
        "location": "westus2",
        "properties": {
          "provisioningState": "Succeeded"
        }
      }
    },
    {
      "RequestUri": "https://management.azure.com/subscriptions/23587e98-b6ac-4328-a753-03bcd3c8e744/resourceGroups/dbaccount-3841/providers/Microsoft.DocumentDB/databaseAccounts/dbaccount-4533?api-version=2022-11-15-preview",
      "RequestMethod": "PUT",
      "RequestHeaders": {
        "Accept": "application/json",
        "Authorization": "Sanitized",
        "Content-Length": "588",
        "Content-Type": "application/json",
        "traceparent": "00-f4580bbb8057085cdb6a070df8337288-384e32cdf827f281-00",
        "User-Agent": "azsdk-net-ResourceManager.CosmosDB/1.3.0-alpha.20230405.1 (.NET 7.0.4; Microsoft Windows 10.0.22621)",
        "x-ms-client-request-id": "d39bec67878ce629984ef3bbebb92bd1",
        "x-ms-return-client-request-id": "true"
      },
      "RequestBody": {
        "kind": "MongoDB",
        "tags": {
          "key1": "value1",
          "key2": "value2"
        },
        "location": "westus2",
        "properties": {
          "consistencyPolicy": {
            "defaultConsistencyLevel": "BoundedStaleness",
            "maxStalenessPrefix": 300,
            "maxIntervalInSeconds": 1000
          },
          "locations": [
            {
              "locationName": "westus",
              "isZoneRedundant": false
            }
          ],
          "databaseAccountOfferType": "Standard",
          "ipRules": [
            {
              "ipAddressOrRange": "23.43.230.120"
            }
          ],
          "isVirtualNetworkFilterEnabled": true,
          "enableAutomaticFailover": false,
          "capabilities": [
            {
              "name": "EnableMongo"
            },
            {
              "name": "EnableMongoRoleBasedAccessControl"
            }
          ],
          "connectorOffer": "Small",
          "disableKeyBasedMetadataWriteAccess": false
        }
      },
      "StatusCode": 200,
      "ResponseHeaders": {
        "Azure-AsyncOperation": "https://management.azure.com/subscriptions/23587e98-b6ac-4328-a753-03bcd3c8e744/providers/Microsoft.DocumentDB/locations/westus2/operationsStatus/ed425315-1868-4e38-99b7-f8049e3d3cd9?api-version=2022-11-15-preview",
        "Cache-Control": "no-store, no-cache",
        "Content-Length": "2542",
        "Content-Type": "application/json",
        "Date": "Thu, 06 Apr 2023 13:12:16 GMT",
        "Location": "https://management.azure.com/subscriptions/23587e98-b6ac-4328-a753-03bcd3c8e744/resourceGroups/dbaccount-3841/providers/Microsoft.DocumentDB/databaseAccounts/dbaccount-4533/operationResults/ed425315-1868-4e38-99b7-f8049e3d3cd9?api-version=2022-11-15-preview",
        "Pragma": "no-cache",
        "Server": "Microsoft-HTTPAPI/2.0",
        "Strict-Transport-Security": "max-age=31536000; includeSubDomains",
        "X-Content-Type-Options": "nosniff",
        "x-ms-correlation-request-id": "137d5940-e590-484d-90ac-48d14af6f990",
        "x-ms-gatewayversion": "version=2.14.0",
        "x-ms-ratelimit-remaining-subscription-writes": "1185",
        "x-ms-request-id": "ed425315-1868-4e38-99b7-f8049e3d3cd9",
        "x-ms-routing-request-id": "WESTCENTRALUS:20230406T131216Z:137d5940-e590-484d-90ac-48d14af6f990"
      },
      "ResponseBody": {
        "id": "/subscriptions/23587e98-b6ac-4328-a753-03bcd3c8e744/resourceGroups/dbaccount-3841/providers/Microsoft.DocumentDB/databaseAccounts/dbaccount-4533",
        "name": "dbaccount-4533",
        "location": "West US 2",
        "type": "Microsoft.DocumentDB/databaseAccounts",
        "kind": "MongoDB",
        "tags": {
          "key1": "value1",
          "key2": "value2"
        },
        "systemData": {
          "createdAt": "2023-04-06T13:12:13.6909949Z"
        },
        "properties": {
          "provisioningState": "Creating",
          "publicNetworkAccess": "Enabled",
          "enableAutomaticFailover": false,
          "enableMultipleWriteLocations": false,
          "enablePartitionKeyMonitor": false,
          "isVirtualNetworkFilterEnabled": true,
          "virtualNetworkRules": [],
          "EnabledApiTypes": "MongoDB",
          "disableKeyBasedMetadataWriteAccess": false,
          "enableFreeTier": false,
          "enableAnalyticalStorage": false,
          "analyticalStorageConfiguration": {
            "schemaType": "FullFidelity"
          },
          "instanceId": "19744a56-24b2-4bd7-91c7-d5809769bed5",
          "databaseAccountOfferType": "Standard",
          "enableMaterializedViews": false,
          "defaultIdentity": "",
          "networkAclBypass": "None",
          "disableLocalAuth": false,
          "enablePartitionMerge": false,
          "enableBurstCapacity": false,
          "minimalTlsVersion": "Tls12",
          "consistencyPolicy": {
            "defaultConsistencyLevel": "BoundedStaleness",
            "maxIntervalInSeconds": 1000,
            "maxStalenessPrefix": 300
          },
          "apiProperties": {
            "serverVersion": "3.6"
          },
          "configurationOverrides": {},
          "writeLocations": [
            {
              "id": "dbaccount-4533-westus",
              "locationName": "West US",
              "provisioningState": "Creating",
              "failoverPriority": 0,
              "isZoneRedundant": false
            }
          ],
          "readLocations": [
            {
              "id": "dbaccount-4533-westus",
              "locationName": "West US",
              "provisioningState": "Creating",
              "failoverPriority": 0,
              "isZoneRedundant": false
            }
          ],
          "locations": [
            {
              "id": "dbaccount-4533-westus",
              "locationName": "West US",
              "provisioningState": "Creating",
              "failoverPriority": 0,
              "isZoneRedundant": false
            }
          ],
          "failoverPolicies": [
            {
              "id": "dbaccount-4533-westus",
              "locationName": "West US",
              "failoverPriority": 0
            }
          ],
          "cors": [],
          "capabilities": [
            {
              "name": "EnableMongo"
            },
            {
              "name": "EnableMongoRoleBasedAccessControl"
            }
          ],
          "ipRules": [
            {
              "ipAddressOrRange": "23.43.230.120"
            }
          ],
          "backupPolicy": {
            "type": "Periodic",
            "periodicModeProperties": {
              "backupIntervalInMinutes": 240,
              "backupRetentionIntervalInHours": 8,
              "backupStorageRedundancy": "Invalid"
            }
          },
          "networkAclBypassResourceIds": [],
          "diagnosticLogSettings": {
            "enableFullTextQuery": "None"
          },
          "keysMetadata": {
            "primaryMasterKey": {
              "generationTime": "2023-04-06T13:12:13.6909949Z"
            },
            "secondaryMasterKey": {
              "generationTime": "2023-04-06T13:12:13.6909949Z"
            },
            "primaryReadonlyMasterKey": {
              "generationTime": "2023-04-06T13:12:13.6909949Z"
            },
            "secondaryReadonlyMasterKey": {
              "generationTime": "2023-04-06T13:12:13.6909949Z"
            }
          }
        },
        "identity": {
          "type": "None"
        }
      }
    },
    {
      "RequestUri": "https://management.azure.com/subscriptions/23587e98-b6ac-4328-a753-03bcd3c8e744/providers/Microsoft.DocumentDB/locations/westus2/operationsStatus/ed425315-1868-4e38-99b7-f8049e3d3cd9?api-version=2022-11-15-preview",
      "RequestMethod": "GET",
      "RequestHeaders": {
        "Authorization": "Sanitized",
        "traceparent": "00-f4580bbb8057085cdb6a070df8337288-14e4a8815ae87531-00",
        "User-Agent": "azsdk-net-ResourceManager/1.4.0 (.NET 7.0.4; Microsoft Windows 10.0.22621)",
        "x-ms-client-request-id": "a5a691e50a4643f5ab0ad0f9c4e9646f",
        "x-ms-return-client-request-id": "true"
      },
      "RequestBody": null,
      "StatusCode": 200,
      "ResponseHeaders": {
        "Cache-Control": "no-store, no-cache",
        "Content-Length": "21",
        "Content-Type": "application/json",
        "Date": "Thu, 06 Apr 2023 13:12:16 GMT",
        "Pragma": "no-cache",
        "Server": "Microsoft-HTTPAPI/2.0",
        "Strict-Transport-Security": "max-age=31536000; includeSubDomains",
        "X-Content-Type-Options": "nosniff",
        "x-ms-correlation-request-id": "a6f5a66f-7cbe-4b07-b05c-4f8427b63bb1",
        "x-ms-gatewayversion": "version=2.14.0",
        "x-ms-ratelimit-remaining-subscription-reads": "11697",
        "x-ms-request-id": "a6f5a66f-7cbe-4b07-b05c-4f8427b63bb1",
        "x-ms-routing-request-id": "WESTCENTRALUS:20230406T131216Z:a6f5a66f-7cbe-4b07-b05c-4f8427b63bb1"
      },
      "ResponseBody": {
        "status": "Enqueued"
      }
    },
    {
      "RequestUri": "https://management.azure.com/subscriptions/23587e98-b6ac-4328-a753-03bcd3c8e744/providers/Microsoft.DocumentDB/locations/westus2/operationsStatus/ed425315-1868-4e38-99b7-f8049e3d3cd9?api-version=2022-11-15-preview",
      "RequestMethod": "GET",
      "RequestHeaders": {
        "Authorization": "Sanitized",
        "traceparent": "00-f4580bbb8057085cdb6a070df8337288-86ace190af17870e-00",
        "User-Agent": "azsdk-net-ResourceManager/1.4.0 (.NET 7.0.4; Microsoft Windows 10.0.22621)",
        "x-ms-client-request-id": "e1dd7be6c86301680f38772419da883c",
        "x-ms-return-client-request-id": "true"
      },
      "RequestBody": null,
      "StatusCode": 200,
      "ResponseHeaders": {
        "Cache-Control": "no-store, no-cache",
        "Content-Length": "21",
        "Content-Type": "application/json",
        "Date": "Thu, 06 Apr 2023 13:12:17 GMT",
        "Pragma": "no-cache",
        "Server": "Microsoft-HTTPAPI/2.0",
        "Strict-Transport-Security": "max-age=31536000; includeSubDomains",
        "X-Content-Type-Options": "nosniff",
        "x-ms-correlation-request-id": "070df56f-c8fa-43e7-960f-beec1dc615a8",
        "x-ms-gatewayversion": "version=2.14.0",
        "x-ms-ratelimit-remaining-subscription-reads": "11696",
        "x-ms-request-id": "070df56f-c8fa-43e7-960f-beec1dc615a8",
        "x-ms-routing-request-id": "WESTCENTRALUS:20230406T131217Z:070df56f-c8fa-43e7-960f-beec1dc615a8"
      },
      "ResponseBody": {
        "status": "Enqueued"
      }
    },
    {
      "RequestUri": "https://management.azure.com/subscriptions/23587e98-b6ac-4328-a753-03bcd3c8e744/providers/Microsoft.DocumentDB/locations/westus2/operationsStatus/ed425315-1868-4e38-99b7-f8049e3d3cd9?api-version=2022-11-15-preview",
      "RequestMethod": "GET",
      "RequestHeaders": {
        "Authorization": "Sanitized",
        "traceparent": "00-f4580bbb8057085cdb6a070df8337288-5b057070e0eb5af8-00",
        "User-Agent": "azsdk-net-ResourceManager/1.4.0 (.NET 7.0.4; Microsoft Windows 10.0.22621)",
        "x-ms-client-request-id": "5ad5d02a8613368a6f96899b96e39e71",
        "x-ms-return-client-request-id": "true"
      },
      "RequestBody": null,
      "StatusCode": 200,
      "ResponseHeaders": {
        "Cache-Control": "no-store, no-cache",
        "Content-Length": "21",
        "Content-Type": "application/json",
        "Date": "Thu, 06 Apr 2023 13:12:18 GMT",
        "Pragma": "no-cache",
        "Server": "Microsoft-HTTPAPI/2.0",
        "Strict-Transport-Security": "max-age=31536000; includeSubDomains",
        "X-Content-Type-Options": "nosniff",
        "x-ms-correlation-request-id": "4d3c877c-84dd-46fe-90cd-e91d4d02bc4f",
        "x-ms-gatewayversion": "version=2.14.0",
        "x-ms-ratelimit-remaining-subscription-reads": "11695",
        "x-ms-request-id": "4d3c877c-84dd-46fe-90cd-e91d4d02bc4f",
        "x-ms-routing-request-id": "WESTCENTRALUS:20230406T131218Z:4d3c877c-84dd-46fe-90cd-e91d4d02bc4f"
      },
      "ResponseBody": {
        "status": "Enqueued"
      }
    },
    {
      "RequestUri": "https://management.azure.com/subscriptions/23587e98-b6ac-4328-a753-03bcd3c8e744/providers/Microsoft.DocumentDB/locations/westus2/operationsStatus/ed425315-1868-4e38-99b7-f8049e3d3cd9?api-version=2022-11-15-preview",
      "RequestMethod": "GET",
      "RequestHeaders": {
        "Authorization": "Sanitized",
        "traceparent": "00-f4580bbb8057085cdb6a070df8337288-7491c27c22675d84-00",
        "User-Agent": "azsdk-net-ResourceManager/1.4.0 (.NET 7.0.4; Microsoft Windows 10.0.22621)",
        "x-ms-client-request-id": "e267fd03427e1dbf28a5960d92d129d0",
        "x-ms-return-client-request-id": "true"
      },
      "RequestBody": null,
      "StatusCode": 200,
      "ResponseHeaders": {
        "Cache-Control": "no-store, no-cache",
        "Content-Length": "21",
        "Content-Type": "application/json",
        "Date": "Thu, 06 Apr 2023 13:12:19 GMT",
        "Pragma": "no-cache",
        "Server": "Microsoft-HTTPAPI/2.0",
        "Strict-Transport-Security": "max-age=31536000; includeSubDomains",
        "X-Content-Type-Options": "nosniff",
        "x-ms-correlation-request-id": "9fc3b3b9-9f8e-4383-942a-1d28d8de7c48",
        "x-ms-gatewayversion": "version=2.14.0",
        "x-ms-ratelimit-remaining-subscription-reads": "11694",
        "x-ms-request-id": "9fc3b3b9-9f8e-4383-942a-1d28d8de7c48",
        "x-ms-routing-request-id": "WESTCENTRALUS:20230406T131219Z:9fc3b3b9-9f8e-4383-942a-1d28d8de7c48"
      },
      "ResponseBody": {
        "status": "Dequeued"
      }
    },
    {
      "RequestUri": "https://management.azure.com/subscriptions/23587e98-b6ac-4328-a753-03bcd3c8e744/providers/Microsoft.DocumentDB/locations/westus2/operationsStatus/ed425315-1868-4e38-99b7-f8049e3d3cd9?api-version=2022-11-15-preview",
      "RequestMethod": "GET",
      "RequestHeaders": {
        "Authorization": "Sanitized",
        "traceparent": "00-f4580bbb8057085cdb6a070df8337288-84e67dbd0d81ef7d-00",
        "User-Agent": "azsdk-net-ResourceManager/1.4.0 (.NET 7.0.4; Microsoft Windows 10.0.22621)",
        "x-ms-client-request-id": "f3ce94820a14605cf0a771cc3ecc6a2b",
        "x-ms-return-client-request-id": "true"
      },
      "RequestBody": null,
      "StatusCode": 200,
      "ResponseHeaders": {
        "Cache-Control": "no-store, no-cache",
        "Content-Length": "21",
        "Content-Type": "application/json",
        "Date": "Thu, 06 Apr 2023 13:12:21 GMT",
        "Pragma": "no-cache",
        "Server": "Microsoft-HTTPAPI/2.0",
        "Strict-Transport-Security": "max-age=31536000; includeSubDomains",
        "X-Content-Type-Options": "nosniff",
        "x-ms-correlation-request-id": "b9ae1988-8fad-4408-bf9f-ab0d1b979f87",
        "x-ms-gatewayversion": "version=2.14.0",
        "x-ms-ratelimit-remaining-subscription-reads": "11693",
        "x-ms-request-id": "b9ae1988-8fad-4408-bf9f-ab0d1b979f87",
        "x-ms-routing-request-id": "WESTCENTRALUS:20230406T131221Z:b9ae1988-8fad-4408-bf9f-ab0d1b979f87"
      },
      "ResponseBody": {
        "status": "Dequeued"
      }
    },
    {
      "RequestUri": "https://management.azure.com/subscriptions/23587e98-b6ac-4328-a753-03bcd3c8e744/providers/Microsoft.DocumentDB/locations/westus2/operationsStatus/ed425315-1868-4e38-99b7-f8049e3d3cd9?api-version=2022-11-15-preview",
      "RequestMethod": "GET",
      "RequestHeaders": {
        "Authorization": "Sanitized",
        "traceparent": "00-f4580bbb8057085cdb6a070df8337288-6653b8b3bf07a78b-00",
        "User-Agent": "azsdk-net-ResourceManager/1.4.0 (.NET 7.0.4; Microsoft Windows 10.0.22621)",
        "x-ms-client-request-id": "1c20059aa572e8bd11b7316def7ca39d",
        "x-ms-return-client-request-id": "true"
      },
      "RequestBody": null,
      "StatusCode": 200,
      "ResponseHeaders": {
        "Cache-Control": "no-store, no-cache",
        "Content-Length": "21",
        "Content-Type": "application/json",
        "Date": "Thu, 06 Apr 2023 13:12:25 GMT",
        "Pragma": "no-cache",
        "Server": "Microsoft-HTTPAPI/2.0",
        "Strict-Transport-Security": "max-age=31536000; includeSubDomains",
        "X-Content-Type-Options": "nosniff",
        "x-ms-correlation-request-id": "2f037286-9279-4adf-8314-88678a4725c0",
        "x-ms-gatewayversion": "version=2.14.0",
        "x-ms-ratelimit-remaining-subscription-reads": "11692",
        "x-ms-request-id": "2f037286-9279-4adf-8314-88678a4725c0",
        "x-ms-routing-request-id": "WESTCENTRALUS:20230406T131226Z:2f037286-9279-4adf-8314-88678a4725c0"
      },
      "ResponseBody": {
        "status": "Dequeued"
      }
    },
    {
      "RequestUri": "https://management.azure.com/subscriptions/23587e98-b6ac-4328-a753-03bcd3c8e744/providers/Microsoft.DocumentDB/locations/westus2/operationsStatus/ed425315-1868-4e38-99b7-f8049e3d3cd9?api-version=2022-11-15-preview",
      "RequestMethod": "GET",
      "RequestHeaders": {
        "Authorization": "Sanitized",
        "traceparent": "00-f4580bbb8057085cdb6a070df8337288-85c7280fc219aacc-00",
        "User-Agent": "azsdk-net-ResourceManager/1.4.0 (.NET 7.0.4; Microsoft Windows 10.0.22621)",
        "x-ms-client-request-id": "0119b86daa15f95da107f2d6d0f2de5b",
        "x-ms-return-client-request-id": "true"
      },
      "RequestBody": null,
      "StatusCode": 200,
      "ResponseHeaders": {
        "Cache-Control": "no-store, no-cache",
        "Content-Length": "21",
        "Content-Type": "application/json",
        "Date": "Thu, 06 Apr 2023 13:12:33 GMT",
        "Pragma": "no-cache",
        "Server": "Microsoft-HTTPAPI/2.0",
        "Strict-Transport-Security": "max-age=31536000; includeSubDomains",
        "X-Content-Type-Options": "nosniff",
        "x-ms-correlation-request-id": "ab03480c-703d-44e5-8c45-1082e018fd16",
        "x-ms-gatewayversion": "version=2.14.0",
        "x-ms-ratelimit-remaining-subscription-reads": "11691",
        "x-ms-request-id": "ab03480c-703d-44e5-8c45-1082e018fd16",
        "x-ms-routing-request-id": "WESTCENTRALUS:20230406T131234Z:ab03480c-703d-44e5-8c45-1082e018fd16"
      },
      "ResponseBody": {
        "status": "Dequeued"
      }
    },
    {
      "RequestUri": "https://management.azure.com/subscriptions/23587e98-b6ac-4328-a753-03bcd3c8e744/providers/Microsoft.DocumentDB/locations/westus2/operationsStatus/ed425315-1868-4e38-99b7-f8049e3d3cd9?api-version=2022-11-15-preview",
      "RequestMethod": "GET",
      "RequestHeaders": {
        "Authorization": "Sanitized",
        "traceparent": "00-f4580bbb8057085cdb6a070df8337288-b651ad32b105aecd-00",
        "User-Agent": "azsdk-net-ResourceManager/1.4.0 (.NET 7.0.4; Microsoft Windows 10.0.22621)",
        "x-ms-client-request-id": "8d736a3a0cb1dd5ed6e6e25cd8ee7074",
        "x-ms-return-client-request-id": "true"
      },
      "RequestBody": null,
      "StatusCode": 200,
      "ResponseHeaders": {
        "Cache-Control": "no-store, no-cache",
        "Content-Length": "21",
        "Content-Type": "application/json",
        "Date": "Thu, 06 Apr 2023 13:12:49 GMT",
        "Pragma": "no-cache",
        "Server": "Microsoft-HTTPAPI/2.0",
        "Strict-Transport-Security": "max-age=31536000; includeSubDomains",
        "X-Content-Type-Options": "nosniff",
        "x-ms-correlation-request-id": "8cfe4f4f-da92-42c2-af10-dd6bc7f5cefd",
        "x-ms-gatewayversion": "version=2.14.0",
        "x-ms-ratelimit-remaining-subscription-reads": "11690",
        "x-ms-request-id": "8cfe4f4f-da92-42c2-af10-dd6bc7f5cefd",
        "x-ms-routing-request-id": "WESTCENTRALUS:20230406T131250Z:8cfe4f4f-da92-42c2-af10-dd6bc7f5cefd"
      },
      "ResponseBody": {
        "status": "Dequeued"
      }
    },
    {
      "RequestUri": "https://management.azure.com/subscriptions/23587e98-b6ac-4328-a753-03bcd3c8e744/providers/Microsoft.DocumentDB/locations/westus2/operationsStatus/ed425315-1868-4e38-99b7-f8049e3d3cd9?api-version=2022-11-15-preview",
      "RequestMethod": "GET",
      "RequestHeaders": {
        "Authorization": "Sanitized",
        "traceparent": "00-f4580bbb8057085cdb6a070df8337288-2a344f1bece6ea22-00",
        "User-Agent": "azsdk-net-ResourceManager/1.4.0 (.NET 7.0.4; Microsoft Windows 10.0.22621)",
        "x-ms-client-request-id": "865fd40368b3ef16a8277a6bb3e6171e",
        "x-ms-return-client-request-id": "true"
      },
      "RequestBody": null,
      "StatusCode": 200,
      "ResponseHeaders": {
        "Cache-Control": "no-store, no-cache",
        "Content-Length": "21",
        "Content-Type": "application/json",
        "Date": "Thu, 06 Apr 2023 13:13:21 GMT",
        "Pragma": "no-cache",
        "Server": "Microsoft-HTTPAPI/2.0",
        "Strict-Transport-Security": "max-age=31536000; includeSubDomains",
        "X-Content-Type-Options": "nosniff",
        "x-ms-correlation-request-id": "65b3c887-1daa-494c-bc08-711d9913bebd",
        "x-ms-gatewayversion": "version=2.14.0",
        "x-ms-ratelimit-remaining-subscription-reads": "11689",
        "x-ms-request-id": "65b3c887-1daa-494c-bc08-711d9913bebd",
        "x-ms-routing-request-id": "WESTCENTRALUS:20230406T131322Z:65b3c887-1daa-494c-bc08-711d9913bebd"
      },
      "ResponseBody": {
        "status": "Dequeued"
      }
    },
    {
      "RequestUri": "https://management.azure.com/subscriptions/23587e98-b6ac-4328-a753-03bcd3c8e744/providers/Microsoft.DocumentDB/locations/westus2/operationsStatus/ed425315-1868-4e38-99b7-f8049e3d3cd9?api-version=2022-11-15-preview",
      "RequestMethod": "GET",
      "RequestHeaders": {
        "Authorization": "Sanitized",
        "traceparent": "00-f4580bbb8057085cdb6a070df8337288-8083936d7ce89824-00",
        "User-Agent": "azsdk-net-ResourceManager/1.4.0 (.NET 7.0.4; Microsoft Windows 10.0.22621)",
        "x-ms-client-request-id": "8532d5d9160860ec5a3c2b2ec80020b2",
        "x-ms-return-client-request-id": "true"
      },
      "RequestBody": null,
      "StatusCode": 200,
      "ResponseHeaders": {
        "Cache-Control": "no-store, no-cache",
        "Content-Length": "21",
        "Content-Type": "application/json",
        "Date": "Thu, 06 Apr 2023 13:13:53 GMT",
        "Pragma": "no-cache",
        "Server": "Microsoft-HTTPAPI/2.0",
        "Strict-Transport-Security": "max-age=31536000; includeSubDomains",
        "X-Content-Type-Options": "nosniff",
        "x-ms-correlation-request-id": "a893bc32-bf84-4c12-9c7c-08278e60c9a1",
        "x-ms-gatewayversion": "version=2.14.0",
        "x-ms-ratelimit-remaining-subscription-reads": "11688",
        "x-ms-request-id": "a893bc32-bf84-4c12-9c7c-08278e60c9a1",
        "x-ms-routing-request-id": "WESTCENTRALUS:20230406T131354Z:a893bc32-bf84-4c12-9c7c-08278e60c9a1"
      },
      "ResponseBody": {
        "status": "Dequeued"
      }
    },
    {
      "RequestUri": "https://management.azure.com/subscriptions/23587e98-b6ac-4328-a753-03bcd3c8e744/providers/Microsoft.DocumentDB/locations/westus2/operationsStatus/ed425315-1868-4e38-99b7-f8049e3d3cd9?api-version=2022-11-15-preview",
      "RequestMethod": "GET",
      "RequestHeaders": {
        "Authorization": "Sanitized",
        "traceparent": "00-f4580bbb8057085cdb6a070df8337288-dba1a2a99f9e336c-00",
        "User-Agent": "azsdk-net-ResourceManager/1.4.0 (.NET 7.0.4; Microsoft Windows 10.0.22621)",
        "x-ms-client-request-id": "fcd37d975893d1a85384e48992f329ef",
        "x-ms-return-client-request-id": "true"
      },
      "RequestBody": null,
      "StatusCode": 200,
      "ResponseHeaders": {
        "Cache-Control": "no-store, no-cache",
        "Content-Length": "21",
        "Content-Type": "application/json",
        "Date": "Thu, 06 Apr 2023 13:14:26 GMT",
        "Pragma": "no-cache",
        "Server": "Microsoft-HTTPAPI/2.0",
        "Strict-Transport-Security": "max-age=31536000; includeSubDomains",
        "X-Content-Type-Options": "nosniff",
        "x-ms-correlation-request-id": "19765958-f480-412e-8672-1d9782ebf699",
        "x-ms-gatewayversion": "version=2.14.0",
        "x-ms-ratelimit-remaining-subscription-reads": "11687",
        "x-ms-request-id": "19765958-f480-412e-8672-1d9782ebf699",
        "x-ms-routing-request-id": "WESTCENTRALUS:20230406T131426Z:19765958-f480-412e-8672-1d9782ebf699"
      },
      "ResponseBody": {
        "status": "Dequeued"
      }
    },
    {
      "RequestUri": "https://management.azure.com/subscriptions/23587e98-b6ac-4328-a753-03bcd3c8e744/providers/Microsoft.DocumentDB/locations/westus2/operationsStatus/ed425315-1868-4e38-99b7-f8049e3d3cd9?api-version=2022-11-15-preview",
      "RequestMethod": "GET",
      "RequestHeaders": {
        "Authorization": "Sanitized",
        "traceparent": "00-f4580bbb8057085cdb6a070df8337288-7692a3f73f0fba0a-00",
        "User-Agent": "azsdk-net-ResourceManager/1.4.0 (.NET 7.0.4; Microsoft Windows 10.0.22621)",
        "x-ms-client-request-id": "0283c3ceeabbed6be7fe2b773de726a7",
        "x-ms-return-client-request-id": "true"
      },
      "RequestBody": null,
      "StatusCode": 200,
      "ResponseHeaders": {
        "Cache-Control": "no-store, no-cache",
        "Content-Length": "21",
        "Content-Type": "application/json",
        "Date": "Thu, 06 Apr 2023 13:14:58 GMT",
        "Pragma": "no-cache",
        "Server": "Microsoft-HTTPAPI/2.0",
        "Strict-Transport-Security": "max-age=31536000; includeSubDomains",
        "X-Content-Type-Options": "nosniff",
        "x-ms-correlation-request-id": "79bb02fb-1da5-4cfd-87da-50bda21d8c85",
        "x-ms-gatewayversion": "version=2.14.0",
        "x-ms-ratelimit-remaining-subscription-reads": "11686",
        "x-ms-request-id": "79bb02fb-1da5-4cfd-87da-50bda21d8c85",
        "x-ms-routing-request-id": "WESTCENTRALUS:20230406T131458Z:79bb02fb-1da5-4cfd-87da-50bda21d8c85"
      },
      "ResponseBody": {
        "status": "Dequeued"
      }
    },
    {
      "RequestUri": "https://management.azure.com/subscriptions/23587e98-b6ac-4328-a753-03bcd3c8e744/providers/Microsoft.DocumentDB/locations/westus2/operationsStatus/ed425315-1868-4e38-99b7-f8049e3d3cd9?api-version=2022-11-15-preview",
      "RequestMethod": "GET",
      "RequestHeaders": {
        "Authorization": "Sanitized",
        "traceparent": "00-f4580bbb8057085cdb6a070df8337288-1e9697c7ee3f3038-00",
        "User-Agent": "azsdk-net-ResourceManager/1.4.0 (.NET 7.0.4; Microsoft Windows 10.0.22621)",
        "x-ms-client-request-id": "35d3c7061b13818b2d6132843162ce67",
        "x-ms-return-client-request-id": "true"
      },
      "RequestBody": null,
      "StatusCode": 200,
      "ResponseHeaders": {
        "Cache-Control": "no-store, no-cache",
        "Content-Length": "21",
        "Content-Type": "application/json",
        "Date": "Thu, 06 Apr 2023 13:15:30 GMT",
        "Pragma": "no-cache",
        "Server": "Microsoft-HTTPAPI/2.0",
        "Strict-Transport-Security": "max-age=31536000; includeSubDomains",
        "X-Content-Type-Options": "nosniff",
        "x-ms-correlation-request-id": "29868d90-7b35-4d8e-8366-6be0f9c613b8",
        "x-ms-gatewayversion": "version=2.14.0",
        "x-ms-ratelimit-remaining-subscription-reads": "11702",
        "x-ms-request-id": "29868d90-7b35-4d8e-8366-6be0f9c613b8",
        "x-ms-routing-request-id": "WESTCENTRALUS:20230406T131530Z:29868d90-7b35-4d8e-8366-6be0f9c613b8"
      },
      "ResponseBody": {
        "status": "Dequeued"
      }
    },
    {
      "RequestUri": "https://management.azure.com/subscriptions/23587e98-b6ac-4328-a753-03bcd3c8e744/providers/Microsoft.DocumentDB/locations/westus2/operationsStatus/ed425315-1868-4e38-99b7-f8049e3d3cd9?api-version=2022-11-15-preview",
      "RequestMethod": "GET",
      "RequestHeaders": {
        "Authorization": "Sanitized",
        "traceparent": "00-f4580bbb8057085cdb6a070df8337288-ad1f7e7c6ee1da5b-00",
        "User-Agent": "azsdk-net-ResourceManager/1.4.0 (.NET 7.0.4; Microsoft Windows 10.0.22621)",
        "x-ms-client-request-id": "05603b121e7dacf711e614952c31946b",
        "x-ms-return-client-request-id": "true"
      },
      "RequestBody": null,
      "StatusCode": 200,
      "ResponseHeaders": {
        "Cache-Control": "no-store, no-cache",
        "Content-Length": "21",
        "Content-Type": "application/json",
        "Date": "Thu, 06 Apr 2023 13:16:02 GMT",
        "Pragma": "no-cache",
        "Server": "Microsoft-HTTPAPI/2.0",
        "Strict-Transport-Security": "max-age=31536000; includeSubDomains",
        "X-Content-Type-Options": "nosniff",
        "x-ms-correlation-request-id": "1b292181-c59b-406c-aa73-98e5610e7665",
        "x-ms-gatewayversion": "version=2.14.0",
        "x-ms-ratelimit-remaining-subscription-reads": "11701",
        "x-ms-request-id": "1b292181-c59b-406c-aa73-98e5610e7665",
        "x-ms-routing-request-id": "WESTCENTRALUS:20230406T131603Z:1b292181-c59b-406c-aa73-98e5610e7665"
      },
      "ResponseBody": {
        "status": "Dequeued"
      }
    },
    {
      "RequestUri": "https://management.azure.com/subscriptions/23587e98-b6ac-4328-a753-03bcd3c8e744/providers/Microsoft.DocumentDB/locations/westus2/operationsStatus/ed425315-1868-4e38-99b7-f8049e3d3cd9?api-version=2022-11-15-preview",
      "RequestMethod": "GET",
      "RequestHeaders": {
        "Authorization": "Sanitized",
        "traceparent": "00-f4580bbb8057085cdb6a070df8337288-a3afb1dabaf64690-00",
        "User-Agent": "azsdk-net-ResourceManager/1.4.0 (.NET 7.0.4; Microsoft Windows 10.0.22621)",
        "x-ms-client-request-id": "ca833d5ef41fb3db3801d55ab8e7bb85",
        "x-ms-return-client-request-id": "true"
      },
      "RequestBody": null,
      "StatusCode": 200,
      "ResponseHeaders": {
        "Cache-Control": "no-store, no-cache",
        "Content-Length": "21",
        "Content-Type": "application/json",
        "Date": "Thu, 06 Apr 2023 13:16:34 GMT",
        "Pragma": "no-cache",
        "Server": "Microsoft-HTTPAPI/2.0",
        "Strict-Transport-Security": "max-age=31536000; includeSubDomains",
        "X-Content-Type-Options": "nosniff",
        "x-ms-correlation-request-id": "303c6237-8551-44f8-84ed-2bb8c945db16",
        "x-ms-gatewayversion": "version=2.14.0",
        "x-ms-ratelimit-remaining-subscription-reads": "11700",
        "x-ms-request-id": "303c6237-8551-44f8-84ed-2bb8c945db16",
        "x-ms-routing-request-id": "WESTCENTRALUS:20230406T131635Z:303c6237-8551-44f8-84ed-2bb8c945db16"
      },
      "ResponseBody": {
        "status": "Dequeued"
      }
    },
    {
      "RequestUri": "https://management.azure.com/subscriptions/23587e98-b6ac-4328-a753-03bcd3c8e744/providers/Microsoft.DocumentDB/locations/westus2/operationsStatus/ed425315-1868-4e38-99b7-f8049e3d3cd9?api-version=2022-11-15-preview",
      "RequestMethod": "GET",
      "RequestHeaders": {
        "Authorization": "Sanitized",
        "traceparent": "00-f4580bbb8057085cdb6a070df8337288-eba3925319ff6b17-00",
        "User-Agent": "azsdk-net-ResourceManager/1.4.0 (.NET 7.0.4; Microsoft Windows 10.0.22621)",
        "x-ms-client-request-id": "0164c42f2187e829d027232d06f555fc",
        "x-ms-return-client-request-id": "true"
      },
      "RequestBody": null,
      "StatusCode": 200,
      "ResponseHeaders": {
        "Cache-Control": "no-store, no-cache",
        "Content-Length": "22",
        "Content-Type": "application/json",
        "Date": "Thu, 06 Apr 2023 13:17:06 GMT",
        "Pragma": "no-cache",
        "Server": "Microsoft-HTTPAPI/2.0",
        "Strict-Transport-Security": "max-age=31536000; includeSubDomains",
        "X-Content-Type-Options": "nosniff",
        "x-ms-correlation-request-id": "7d76b021-4a79-404b-88fa-5282bea01546",
        "x-ms-gatewayversion": "version=2.14.0",
        "x-ms-ratelimit-remaining-subscription-reads": "11699",
        "x-ms-request-id": "7d76b021-4a79-404b-88fa-5282bea01546",
        "x-ms-routing-request-id": "WESTCENTRALUS:20230406T131707Z:7d76b021-4a79-404b-88fa-5282bea01546"
      },
      "ResponseBody": {
        "status": "Succeeded"
      }
    },
    {
      "RequestUri": "https://management.azure.com/subscriptions/23587e98-b6ac-4328-a753-03bcd3c8e744/resourceGroups/dbaccount-3841/providers/Microsoft.DocumentDB/databaseAccounts/dbaccount-4533?api-version=2022-11-15-preview",
      "RequestMethod": "GET",
      "RequestHeaders": {
        "Authorization": "Sanitized",
        "traceparent": "00-f4580bbb8057085cdb6a070df8337288-f64a933c0a5d84c3-00",
        "User-Agent": "azsdk-net-ResourceManager/1.4.0 (.NET 7.0.4; Microsoft Windows 10.0.22621)",
        "x-ms-client-request-id": "f326c6cc04df1e485fadcc7c499cf32a",
        "x-ms-return-client-request-id": "true"
      },
      "RequestBody": null,
      "StatusCode": 200,
      "ResponseHeaders": {
        "Cache-Control": "no-store, no-cache",
        "Content-Length": "3015",
        "Content-Type": "application/json",
        "Date": "Thu, 06 Apr 2023 13:17:06 GMT",
        "Pragma": "no-cache",
        "Server": "Microsoft-HTTPAPI/2.0",
        "Strict-Transport-Security": "max-age=31536000; includeSubDomains",
        "X-Content-Type-Options": "nosniff",
        "x-ms-correlation-request-id": "ad8d681b-491a-4ea1-bf80-2c10a7ea11e4",
        "x-ms-gatewayversion": "version=2.14.0",
        "x-ms-ratelimit-remaining-subscription-reads": "11698",
        "x-ms-request-id": "ad8d681b-491a-4ea1-bf80-2c10a7ea11e4",
        "x-ms-routing-request-id": "WESTCENTRALUS:20230406T131707Z:ad8d681b-491a-4ea1-bf80-2c10a7ea11e4"
      },
      "ResponseBody": {
        "id": "/subscriptions/23587e98-b6ac-4328-a753-03bcd3c8e744/resourceGroups/dbaccount-3841/providers/Microsoft.DocumentDB/databaseAccounts/dbaccount-4533",
        "name": "dbaccount-4533",
        "location": "West US 2",
        "type": "Microsoft.DocumentDB/databaseAccounts",
        "kind": "MongoDB",
        "tags": {
          "key1": "value1",
          "key2": "value2"
        },
        "systemData": {
          "createdAt": "2023-04-06T13:16:36.6415147Z"
        },
        "properties": {
          "provisioningState": "Succeeded",
          "documentEndpoint": "https://dbaccount-4533.documents.azure.com:443/",
          "sqlEndpoint": "https://dbaccount-4533.documents.azure.com:443/",
          "mongoEndpoint": "https://dbaccount-4533.mongo.cosmos.azure.com:443/",
          "publicNetworkAccess": "Enabled",
          "enableAutomaticFailover": false,
          "enableMultipleWriteLocations": false,
          "enablePartitionKeyMonitor": false,
          "isVirtualNetworkFilterEnabled": true,
          "virtualNetworkRules": [],
          "EnabledApiTypes": "MongoDB",
          "disableKeyBasedMetadataWriteAccess": false,
          "enableFreeTier": false,
          "enableAnalyticalStorage": false,
          "analyticalStorageConfiguration": {
            "schemaType": "FullFidelity"
          },
          "instanceId": "19744a56-24b2-4bd7-91c7-d5809769bed5",
          "databaseAccountOfferType": "Standard",
          "enableMaterializedViews": false,
          "defaultIdentity": "FirstPartyIdentity",
          "networkAclBypass": "None",
          "disableLocalAuth": false,
          "enablePartitionMerge": false,
          "enableBurstCapacity": false,
          "minimalTlsVersion": "Tls12",
          "consistencyPolicy": {
            "defaultConsistencyLevel": "BoundedStaleness",
            "maxIntervalInSeconds": 1000,
            "maxStalenessPrefix": 300
          },
          "apiProperties": {
            "serverVersion": "3.6"
          },
          "configurationOverrides": {
            "EnableBsonSchema": "True"
          },
          "writeLocations": [
            {
              "id": "dbaccount-4533-westus",
              "locationName": "West US",
              "documentEndpoint": "https://dbaccount-4533-westus.documents.azure.com:443/",
              "provisioningState": "Succeeded",
              "failoverPriority": 0,
              "isZoneRedundant": false
            }
          ],
          "readLocations": [
            {
              "id": "dbaccount-4533-westus",
              "locationName": "West US",
              "documentEndpoint": "https://dbaccount-4533-westus.documents.azure.com:443/",
              "provisioningState": "Succeeded",
              "failoverPriority": 0,
              "isZoneRedundant": false
            }
          ],
          "locations": [
            {
              "id": "dbaccount-4533-westus",
              "locationName": "West US",
              "documentEndpoint": "https://dbaccount-4533-westus.documents.azure.com:443/",
              "provisioningState": "Succeeded",
              "failoverPriority": 0,
              "isZoneRedundant": false
            }
          ],
          "failoverPolicies": [
            {
              "id": "dbaccount-4533-westus",
              "locationName": "West US",
              "failoverPriority": 0
            }
          ],
          "cors": [],
          "capabilities": [
            {
              "name": "EnableMongo"
            },
            {
              "name": "EnableMongoRoleBasedAccessControl"
            }
          ],
          "ipRules": [
            {
              "ipAddressOrRange": "23.43.230.120"
            }
          ],
          "backupPolicy": {
            "type": "Periodic",
            "periodicModeProperties": {
              "backupIntervalInMinutes": 240,
              "backupRetentionIntervalInHours": 8,
              "backupStorageRedundancy": "Geo"
            }
          },
          "networkAclBypassResourceIds": [],
          "diagnosticLogSettings": {
            "enableFullTextQuery": "None"
          },
          "keysMetadata": {
            "primaryMasterKey": {
              "generationTime": "2023-04-06T13:16:36.6415147Z"
            },
            "secondaryMasterKey": {
              "generationTime": "2023-04-06T13:16:36.6415147Z"
            },
            "primaryReadonlyMasterKey": {
              "generationTime": "2023-04-06T13:16:36.6415147Z"
            },
            "secondaryReadonlyMasterKey": {
              "generationTime": "2023-04-06T13:16:36.6415147Z"
            }
          }
        },
        "identity": {
          "type": "None"
        }
      }
    },
    {
      "RequestUri": "https://management.azure.com/subscriptions/23587e98-b6ac-4328-a753-03bcd3c8e744/resourceGroups/dbaccount-3841/providers/Microsoft.DocumentDB/databaseAccounts/dbaccount-4533/mongodbDatabases/mongodb-4995?api-version=2022-11-15-preview",
      "RequestMethod": "PUT",
      "RequestHeaders": {
        "Accept": "application/json",
        "Authorization": "Sanitized",
        "Content-Length": "108",
        "Content-Type": "application/json",
        "traceparent": "00-e4f4283598f55effb12d8aff4af8e7c7-7c36bd24b5eff78b-00",
        "User-Agent": "azsdk-net-ResourceManager.CosmosDB/1.3.0-alpha.20230405.1 (.NET 7.0.4; Microsoft Windows 10.0.22621)",
        "x-ms-client-request-id": "67658f2a93cc3ce4149bfaf7d0aeac42",
        "x-ms-return-client-request-id": "true"
      },
      "RequestBody": {
        "tags": {},
        "location": "westus",
        "properties": {
          "resource": {
            "id": "mongodb-4995"
          },
          "options": {
            "throughput": 700
          }
        }
      },
      "StatusCode": 202,
      "ResponseHeaders": {
        "Azure-AsyncOperation": "https://management.azure.com/subscriptions/23587e98-b6ac-4328-a753-03bcd3c8e744/providers/Microsoft.DocumentDB/locations/westus2/operationsStatus/d7d4c291-ad07-4e79-b408-8fa87824f149?api-version=2022-11-15-preview",
        "Cache-Control": "no-store, no-cache",
        "Content-Length": "21",
        "Content-Type": "application/json",
        "Date": "Thu, 06 Apr 2023 13:17:07 GMT",
        "Location": "https://management.azure.com/subscriptions/23587e98-b6ac-4328-a753-03bcd3c8e744/resourceGroups/dbaccount-3841/providers/Microsoft.DocumentDB/databaseAccounts/dbaccount-4533/mongodbDatabases/mongodb-4995/operationResults/d7d4c291-ad07-4e79-b408-8fa87824f149?api-version=2022-11-15-preview",
        "Pragma": "no-cache",
        "Server": "Microsoft-HTTPAPI/2.0",
        "Strict-Transport-Security": "max-age=31536000; includeSubDomains",
        "X-Content-Type-Options": "nosniff",
        "x-ms-correlation-request-id": "342fc82e-e381-433c-bb7b-2906d03ddc57",
        "x-ms-gatewayversion": "version=2.14.0",
        "x-ms-ratelimit-remaining-subscription-writes": "1185",
        "x-ms-request-id": "d7d4c291-ad07-4e79-b408-8fa87824f149",
        "x-ms-routing-request-id": "WESTCENTRALUS:20230406T131707Z:342fc82e-e381-433c-bb7b-2906d03ddc57"
      },
      "ResponseBody": {
        "status": "Enqueued"
      }
    },
    {
      "RequestUri": "https://management.azure.com/subscriptions/23587e98-b6ac-4328-a753-03bcd3c8e744/providers/Microsoft.DocumentDB/locations/westus2/operationsStatus/d7d4c291-ad07-4e79-b408-8fa87824f149?api-version=2022-11-15-preview",
      "RequestMethod": "GET",
      "RequestHeaders": {
        "Authorization": "Sanitized",
        "traceparent": "00-e4f4283598f55effb12d8aff4af8e7c7-6dd0256fd8e02ef2-00",
        "User-Agent": "azsdk-net-ResourceManager/1.4.0 (.NET 7.0.4; Microsoft Windows 10.0.22621)",
        "x-ms-client-request-id": "7703f933ed90392fe2e9df4409504eb1",
        "x-ms-return-client-request-id": "true"
      },
      "RequestBody": null,
      "StatusCode": 200,
      "ResponseHeaders": {
        "Cache-Control": "no-store, no-cache",
        "Content-Length": "21",
        "Content-Type": "application/json",
        "Date": "Thu, 06 Apr 2023 13:17:07 GMT",
        "Pragma": "no-cache",
        "Server": "Microsoft-HTTPAPI/2.0",
        "Strict-Transport-Security": "max-age=31536000; includeSubDomains",
        "X-Content-Type-Options": "nosniff",
        "x-ms-correlation-request-id": "3f0dabcd-c827-4ec5-8d48-6344371a9e0c",
        "x-ms-gatewayversion": "version=2.14.0",
        "x-ms-ratelimit-remaining-subscription-reads": "11697",
        "x-ms-request-id": "3f0dabcd-c827-4ec5-8d48-6344371a9e0c",
        "x-ms-routing-request-id": "WESTCENTRALUS:20230406T131708Z:3f0dabcd-c827-4ec5-8d48-6344371a9e0c"
      },
      "ResponseBody": {
        "status": "Enqueued"
      }
    },
    {
      "RequestUri": "https://management.azure.com/subscriptions/23587e98-b6ac-4328-a753-03bcd3c8e744/providers/Microsoft.DocumentDB/locations/westus2/operationsStatus/d7d4c291-ad07-4e79-b408-8fa87824f149?api-version=2022-11-15-preview",
      "RequestMethod": "GET",
      "RequestHeaders": {
        "Authorization": "Sanitized",
        "traceparent": "00-e4f4283598f55effb12d8aff4af8e7c7-a55da30653dbbd84-00",
        "User-Agent": "azsdk-net-ResourceManager/1.4.0 (.NET 7.0.4; Microsoft Windows 10.0.22621)",
        "x-ms-client-request-id": "70cf8901010e6268e939eb85f109e867",
        "x-ms-return-client-request-id": "true"
      },
      "RequestBody": null,
      "StatusCode": 200,
      "ResponseHeaders": {
        "Cache-Control": "no-store, no-cache",
        "Content-Length": "21",
        "Content-Type": "application/json",
        "Date": "Thu, 06 Apr 2023 13:17:08 GMT",
        "Pragma": "no-cache",
        "Server": "Microsoft-HTTPAPI/2.0",
        "Strict-Transport-Security": "max-age=31536000; includeSubDomains",
        "X-Content-Type-Options": "nosniff",
        "x-ms-correlation-request-id": "bf7d1172-9701-474b-849a-ca4cf512284b",
        "x-ms-gatewayversion": "version=2.14.0",
        "x-ms-ratelimit-remaining-subscription-reads": "11696",
        "x-ms-request-id": "bf7d1172-9701-474b-849a-ca4cf512284b",
        "x-ms-routing-request-id": "WESTCENTRALUS:20230406T131709Z:bf7d1172-9701-474b-849a-ca4cf512284b"
      },
      "ResponseBody": {
        "status": "Enqueued"
      }
    },
    {
      "RequestUri": "https://management.azure.com/subscriptions/23587e98-b6ac-4328-a753-03bcd3c8e744/providers/Microsoft.DocumentDB/locations/westus2/operationsStatus/d7d4c291-ad07-4e79-b408-8fa87824f149?api-version=2022-11-15-preview",
      "RequestMethod": "GET",
      "RequestHeaders": {
        "Authorization": "Sanitized",
        "traceparent": "00-e4f4283598f55effb12d8aff4af8e7c7-3a9fe0dcffd5e46b-00",
        "User-Agent": "azsdk-net-ResourceManager/1.4.0 (.NET 7.0.4; Microsoft Windows 10.0.22621)",
        "x-ms-client-request-id": "d6c4c6fb34abbfb2a8540fd8e861212b",
        "x-ms-return-client-request-id": "true"
      },
      "RequestBody": null,
      "StatusCode": 200,
      "ResponseHeaders": {
        "Cache-Control": "no-store, no-cache",
        "Content-Length": "21",
        "Content-Type": "application/json",
        "Date": "Thu, 06 Apr 2023 13:17:09 GMT",
        "Pragma": "no-cache",
        "Server": "Microsoft-HTTPAPI/2.0",
        "Strict-Transport-Security": "max-age=31536000; includeSubDomains",
        "X-Content-Type-Options": "nosniff",
        "x-ms-correlation-request-id": "16a10ea4-6ca0-417b-905e-af7098cdeb63",
        "x-ms-gatewayversion": "version=2.14.0",
        "x-ms-ratelimit-remaining-subscription-reads": "11695",
        "x-ms-request-id": "16a10ea4-6ca0-417b-905e-af7098cdeb63",
        "x-ms-routing-request-id": "WESTCENTRALUS:20230406T131710Z:16a10ea4-6ca0-417b-905e-af7098cdeb63"
      },
      "ResponseBody": {
        "status": "Enqueued"
      }
    },
    {
      "RequestUri": "https://management.azure.com/subscriptions/23587e98-b6ac-4328-a753-03bcd3c8e744/providers/Microsoft.DocumentDB/locations/westus2/operationsStatus/d7d4c291-ad07-4e79-b408-8fa87824f149?api-version=2022-11-15-preview",
      "RequestMethod": "GET",
      "RequestHeaders": {
        "Authorization": "Sanitized",
        "traceparent": "00-e4f4283598f55effb12d8aff4af8e7c7-2b0cba9bc4d32c92-00",
        "User-Agent": "azsdk-net-ResourceManager/1.4.0 (.NET 7.0.4; Microsoft Windows 10.0.22621)",
        "x-ms-client-request-id": "cad9f0f82edd312591a18d5601aa47d8",
        "x-ms-return-client-request-id": "true"
      },
      "RequestBody": null,
      "StatusCode": 200,
      "ResponseHeaders": {
        "Cache-Control": "no-store, no-cache",
        "Content-Length": "21",
        "Content-Type": "application/json",
        "Date": "Thu, 06 Apr 2023 13:17:10 GMT",
        "Pragma": "no-cache",
        "Server": "Microsoft-HTTPAPI/2.0",
        "Strict-Transport-Security": "max-age=31536000; includeSubDomains",
        "X-Content-Type-Options": "nosniff",
        "x-ms-correlation-request-id": "58c109cd-0240-42ee-8be4-5d4a056f04b4",
        "x-ms-gatewayversion": "version=2.14.0",
        "x-ms-ratelimit-remaining-subscription-reads": "11694",
        "x-ms-request-id": "58c109cd-0240-42ee-8be4-5d4a056f04b4",
        "x-ms-routing-request-id": "WESTCENTRALUS:20230406T131711Z:58c109cd-0240-42ee-8be4-5d4a056f04b4"
      },
      "ResponseBody": {
        "status": "Dequeued"
      }
    },
    {
      "RequestUri": "https://management.azure.com/subscriptions/23587e98-b6ac-4328-a753-03bcd3c8e744/providers/Microsoft.DocumentDB/locations/westus2/operationsStatus/d7d4c291-ad07-4e79-b408-8fa87824f149?api-version=2022-11-15-preview",
      "RequestMethod": "GET",
      "RequestHeaders": {
        "Authorization": "Sanitized",
        "traceparent": "00-e4f4283598f55effb12d8aff4af8e7c7-7222f6a4901cf9b7-00",
        "User-Agent": "azsdk-net-ResourceManager/1.4.0 (.NET 7.0.4; Microsoft Windows 10.0.22621)",
        "x-ms-client-request-id": "43487800778bcc06d710c7b9f2907988",
        "x-ms-return-client-request-id": "true"
      },
      "RequestBody": null,
      "StatusCode": 200,
      "ResponseHeaders": {
        "Cache-Control": "no-store, no-cache",
        "Content-Length": "21",
        "Content-Type": "application/json",
        "Date": "Thu, 06 Apr 2023 13:17:12 GMT",
        "Pragma": "no-cache",
        "Server": "Microsoft-HTTPAPI/2.0",
        "Strict-Transport-Security": "max-age=31536000; includeSubDomains",
        "X-Content-Type-Options": "nosniff",
        "x-ms-correlation-request-id": "c4f6d55e-9dd8-4d70-a276-ed15b6d57b08",
        "x-ms-gatewayversion": "version=2.14.0",
        "x-ms-ratelimit-remaining-subscription-reads": "11693",
        "x-ms-request-id": "c4f6d55e-9dd8-4d70-a276-ed15b6d57b08",
        "x-ms-routing-request-id": "WESTCENTRALUS:20230406T131713Z:c4f6d55e-9dd8-4d70-a276-ed15b6d57b08"
      },
      "ResponseBody": {
        "status": "Dequeued"
      }
    },
    {
      "RequestUri": "https://management.azure.com/subscriptions/23587e98-b6ac-4328-a753-03bcd3c8e744/providers/Microsoft.DocumentDB/locations/westus2/operationsStatus/d7d4c291-ad07-4e79-b408-8fa87824f149?api-version=2022-11-15-preview",
      "RequestMethod": "GET",
      "RequestHeaders": {
        "Authorization": "Sanitized",
        "traceparent": "00-e4f4283598f55effb12d8aff4af8e7c7-1aa8f5f171364dcb-00",
        "User-Agent": "azsdk-net-ResourceManager/1.4.0 (.NET 7.0.4; Microsoft Windows 10.0.22621)",
        "x-ms-client-request-id": "018dbf171d30cc89a093450aa75bbdfe",
        "x-ms-return-client-request-id": "true"
      },
      "RequestBody": null,
      "StatusCode": 200,
      "ResponseHeaders": {
        "Cache-Control": "no-store, no-cache",
        "Content-Length": "22",
        "Content-Type": "application/json",
        "Date": "Thu, 06 Apr 2023 13:17:16 GMT",
        "Pragma": "no-cache",
        "Server": "Microsoft-HTTPAPI/2.0",
        "Strict-Transport-Security": "max-age=31536000; includeSubDomains",
        "X-Content-Type-Options": "nosniff",
        "x-ms-correlation-request-id": "8c74d220-01ef-457a-8882-968bd13ff766",
        "x-ms-gatewayversion": "version=2.14.0",
        "x-ms-ratelimit-remaining-subscription-reads": "11692",
        "x-ms-request-id": "8c74d220-01ef-457a-8882-968bd13ff766",
        "x-ms-routing-request-id": "WESTCENTRALUS:20230406T131717Z:8c74d220-01ef-457a-8882-968bd13ff766"
      },
      "ResponseBody": {
        "status": "Succeeded"
      }
    },
    {
      "RequestUri": "https://management.azure.com/subscriptions/23587e98-b6ac-4328-a753-03bcd3c8e744/resourceGroups/dbaccount-3841/providers/Microsoft.DocumentDB/databaseAccounts/dbaccount-4533/mongodbDatabases/mongodb-4995?api-version=2022-11-15-preview",
      "RequestMethod": "GET",
      "RequestHeaders": {
        "Authorization": "Sanitized",
        "traceparent": "00-e4f4283598f55effb12d8aff4af8e7c7-9ec2e7c323ed5cd2-00",
        "User-Agent": "azsdk-net-ResourceManager/1.4.0 (.NET 7.0.4; Microsoft Windows 10.0.22621)",
        "x-ms-client-request-id": "70d7360dde1980a0e90cf2cd676b3f00",
        "x-ms-return-client-request-id": "true"
      },
      "RequestBody": null,
      "StatusCode": 200,
      "ResponseHeaders": {
        "Cache-Control": "no-store, no-cache",
        "Content-Length": "317",
        "Content-Type": "application/json",
        "Date": "Thu, 06 Apr 2023 13:17:17 GMT",
        "Pragma": "no-cache",
        "Server": "Microsoft-HTTPAPI/2.0",
        "Strict-Transport-Security": "max-age=31536000; includeSubDomains",
        "X-Content-Type-Options": "nosniff",
        "x-ms-correlation-request-id": "1351a59e-fdf0-44f3-8e5c-d1caa28c54b5",
        "x-ms-gatewayversion": "version=2.14.0",
        "x-ms-ratelimit-remaining-subscription-reads": "11691",
        "x-ms-request-id": "1351a59e-fdf0-44f3-8e5c-d1caa28c54b5",
        "x-ms-routing-request-id": "WESTCENTRALUS:20230406T131718Z:1351a59e-fdf0-44f3-8e5c-d1caa28c54b5"
      },
      "ResponseBody": {
        "id": "/subscriptions/23587e98-b6ac-4328-a753-03bcd3c8e744/resourceGroups/dbaccount-3841/providers/Microsoft.DocumentDB/databaseAccounts/dbaccount-4533/mongodbDatabases/mongodb-4995",
        "type": "Microsoft.DocumentDB/databaseAccounts/mongodbDatabases",
        "name": "mongodb-4995",
        "properties": {
          "resource": {
            "id": "mongodb-4995"
          }
        }
      }
    },
    {
      "RequestUri": "https://management.azure.com/subscriptions/23587e98-b6ac-4328-a753-03bcd3c8e744/resourceGroups/dbaccount-3841/providers/Microsoft.DocumentDB/databaseAccounts/dbaccount-4533/mongodbUserDefinitions/mongodb-4995.mongo-user-def-7231?api-version=2022-11-15-preview",
      "RequestMethod": "PUT",
      "RequestHeaders": {
        "Accept": "application/json",
        "Authorization": "Sanitized",
        "Content-Length": "217",
        "Content-Type": "application/json",
        "traceparent": "00-71fceb5e86b82d239d09faf343460b8f-52c3721b89861523-00",
        "User-Agent": "azsdk-net-ResourceManager.CosmosDB/1.3.0-alpha.20230405.1 (.NET 7.0.4; Microsoft Windows 10.0.22621)",
        "x-ms-client-request-id": "451c413fe2a87befa2f832fc257c52c9",
        "x-ms-return-client-request-id": "true"
      },
      "RequestBody": {
        "properties": {
          "userName": "mongo-user-def-7231",
          "password": "mongo-user-pass-4003",
          "databaseName": "mongodb-4995",
          "customData": "My Custm Data",
          "roles": [
            {
              "db": "mongodb-4995",
              "role": "read"
            }
          ],
          "mechanisms": "SCRAM-SHA-256"
        }
      },
      "StatusCode": 202,
      "ResponseHeaders": {
        "Azure-AsyncOperation": "https://management.azure.com/subscriptions/23587e98-b6ac-4328-a753-03bcd3c8e744/providers/Microsoft.DocumentDB/locations/westus2/operationsStatus/09c24510-7881-411e-9064-17a5f1e8d9ba?api-version=2022-11-15-preview",
        "Cache-Control": "no-store, no-cache",
        "Content-Length": "21",
        "Content-Type": "application/json",
        "Date": "Thu, 06 Apr 2023 13:17:18 GMT",
        "Location": "https://management.azure.com/subscriptions/23587e98-b6ac-4328-a753-03bcd3c8e744/resourceGroups/dbaccount-3841/providers/Microsoft.DocumentDB/databaseAccounts/dbaccount-4533/mongodbUserDefinitions/mongodb-4995.mongo-user-def-7231/operationResults/09c24510-7881-411e-9064-17a5f1e8d9ba?api-version=2022-11-15-preview",
        "Pragma": "no-cache",
        "Server": "Microsoft-HTTPAPI/2.0",
        "Strict-Transport-Security": "max-age=31536000; includeSubDomains",
        "X-Content-Type-Options": "nosniff",
        "x-ms-correlation-request-id": "62f57bee-e378-4434-9846-e9662206e4eb",
        "x-ms-gatewayversion": "version=2.14.0",
        "x-ms-ratelimit-remaining-subscription-writes": "1184",
        "x-ms-request-id": "09c24510-7881-411e-9064-17a5f1e8d9ba",
        "x-ms-routing-request-id": "WESTCENTRALUS:20230406T131719Z:62f57bee-e378-4434-9846-e9662206e4eb"
      },
      "ResponseBody": {
        "status": "Enqueued"
      }
    },
    {
      "RequestUri": "https://management.azure.com/subscriptions/23587e98-b6ac-4328-a753-03bcd3c8e744/providers/Microsoft.DocumentDB/locations/westus2/operationsStatus/09c24510-7881-411e-9064-17a5f1e8d9ba?api-version=2022-11-15-preview",
      "RequestMethod": "GET",
      "RequestHeaders": {
        "Authorization": "Sanitized",
        "traceparent": "00-71fceb5e86b82d239d09faf343460b8f-8c9852901d2341aa-00",
        "User-Agent": "azsdk-net-ResourceManager/1.4.0 (.NET 7.0.4; Microsoft Windows 10.0.22621)",
        "x-ms-client-request-id": "7b1ca1e2c7e1f48e819d3ba74eede776",
        "x-ms-return-client-request-id": "true"
      },
      "RequestBody": null,
      "StatusCode": 200,
      "ResponseHeaders": {
        "Cache-Control": "no-store, no-cache",
        "Content-Length": "21",
        "Content-Type": "application/json",
        "Date": "Thu, 06 Apr 2023 13:17:18 GMT",
        "Pragma": "no-cache",
        "Server": "Microsoft-HTTPAPI/2.0",
        "Strict-Transport-Security": "max-age=31536000; includeSubDomains",
        "X-Content-Type-Options": "nosniff",
        "x-ms-correlation-request-id": "f34706c0-dbf6-42dc-8ab6-bf862666d5ef",
        "x-ms-gatewayversion": "version=2.14.0",
        "x-ms-ratelimit-remaining-subscription-reads": "11690",
        "x-ms-request-id": "f34706c0-dbf6-42dc-8ab6-bf862666d5ef",
        "x-ms-routing-request-id": "WESTCENTRALUS:20230406T131719Z:f34706c0-dbf6-42dc-8ab6-bf862666d5ef"
      },
      "ResponseBody": {
        "status": "Enqueued"
      }
    },
    {
      "RequestUri": "https://management.azure.com/subscriptions/23587e98-b6ac-4328-a753-03bcd3c8e744/providers/Microsoft.DocumentDB/locations/westus2/operationsStatus/09c24510-7881-411e-9064-17a5f1e8d9ba?api-version=2022-11-15-preview",
      "RequestMethod": "GET",
      "RequestHeaders": {
        "Authorization": "Sanitized",
        "traceparent": "00-71fceb5e86b82d239d09faf343460b8f-06f3e60b80f1ac86-00",
        "User-Agent": "azsdk-net-ResourceManager/1.4.0 (.NET 7.0.4; Microsoft Windows 10.0.22621)",
        "x-ms-client-request-id": "84bf9e7a1e46059622102e84b732156d",
        "x-ms-return-client-request-id": "true"
      },
      "RequestBody": null,
      "StatusCode": 200,
      "ResponseHeaders": {
        "Cache-Control": "no-store, no-cache",
        "Content-Length": "21",
        "Content-Type": "application/json",
        "Date": "Thu, 06 Apr 2023 13:17:19 GMT",
        "Pragma": "no-cache",
        "Server": "Microsoft-HTTPAPI/2.0",
        "Strict-Transport-Security": "max-age=31536000; includeSubDomains",
        "X-Content-Type-Options": "nosniff",
        "x-ms-correlation-request-id": "409e6a01-ed45-4ab4-89bc-43a1a6eab77e",
        "x-ms-gatewayversion": "version=2.14.0",
        "x-ms-ratelimit-remaining-subscription-reads": "11689",
        "x-ms-request-id": "409e6a01-ed45-4ab4-89bc-43a1a6eab77e",
        "x-ms-routing-request-id": "WESTCENTRALUS:20230406T131720Z:409e6a01-ed45-4ab4-89bc-43a1a6eab77e"
      },
      "ResponseBody": {
        "status": "Enqueued"
      }
    },
    {
      "RequestUri": "https://management.azure.com/subscriptions/23587e98-b6ac-4328-a753-03bcd3c8e744/providers/Microsoft.DocumentDB/locations/westus2/operationsStatus/09c24510-7881-411e-9064-17a5f1e8d9ba?api-version=2022-11-15-preview",
      "RequestMethod": "GET",
      "RequestHeaders": {
        "Authorization": "Sanitized",
        "traceparent": "00-71fceb5e86b82d239d09faf343460b8f-c0df22a9962cacb7-00",
        "User-Agent": "azsdk-net-ResourceManager/1.4.0 (.NET 7.0.4; Microsoft Windows 10.0.22621)",
        "x-ms-client-request-id": "831aeda4d75fe4e72cc587d1fe77bd2a",
        "x-ms-return-client-request-id": "true"
      },
      "RequestBody": null,
      "StatusCode": 200,
      "ResponseHeaders": {
        "Cache-Control": "no-store, no-cache",
        "Content-Length": "21",
        "Content-Type": "application/json",
        "Date": "Thu, 06 Apr 2023 13:17:20 GMT",
        "Pragma": "no-cache",
        "Server": "Microsoft-HTTPAPI/2.0",
        "Strict-Transport-Security": "max-age=31536000; includeSubDomains",
        "X-Content-Type-Options": "nosniff",
        "x-ms-correlation-request-id": "f65e87c2-7c18-42c7-a6d4-d84b7285cd0f",
        "x-ms-gatewayversion": "version=2.14.0",
        "x-ms-ratelimit-remaining-subscription-reads": "11688",
        "x-ms-request-id": "f65e87c2-7c18-42c7-a6d4-d84b7285cd0f",
        "x-ms-routing-request-id": "WESTCENTRALUS:20230406T131721Z:f65e87c2-7c18-42c7-a6d4-d84b7285cd0f"
      },
      "ResponseBody": {
        "status": "Enqueued"
      }
    },
    {
      "RequestUri": "https://management.azure.com/subscriptions/23587e98-b6ac-4328-a753-03bcd3c8e744/providers/Microsoft.DocumentDB/locations/westus2/operationsStatus/09c24510-7881-411e-9064-17a5f1e8d9ba?api-version=2022-11-15-preview",
      "RequestMethod": "GET",
      "RequestHeaders": {
        "Authorization": "Sanitized",
        "traceparent": "00-71fceb5e86b82d239d09faf343460b8f-138009e594107f90-00",
        "User-Agent": "azsdk-net-ResourceManager/1.4.0 (.NET 7.0.4; Microsoft Windows 10.0.22621)",
        "x-ms-client-request-id": "c741b43ccf75c3fe0b1658d1990a3c4e",
        "x-ms-return-client-request-id": "true"
      },
      "RequestBody": null,
      "StatusCode": 200,
      "ResponseHeaders": {
        "Cache-Control": "no-store, no-cache",
        "Content-Length": "21",
        "Content-Type": "application/json",
        "Date": "Thu, 06 Apr 2023 13:17:21 GMT",
        "Pragma": "no-cache",
        "Server": "Microsoft-HTTPAPI/2.0",
        "Strict-Transport-Security": "max-age=31536000; includeSubDomains",
        "X-Content-Type-Options": "nosniff",
        "x-ms-correlation-request-id": "3bb1ae9d-0780-46ae-bc02-12771d8ec522",
        "x-ms-gatewayversion": "version=2.14.0",
        "x-ms-ratelimit-remaining-subscription-reads": "11687",
        "x-ms-request-id": "3bb1ae9d-0780-46ae-bc02-12771d8ec522",
        "x-ms-routing-request-id": "WESTCENTRALUS:20230406T131722Z:3bb1ae9d-0780-46ae-bc02-12771d8ec522"
      },
      "ResponseBody": {
        "status": "Dequeued"
      }
    },
    {
      "RequestUri": "https://management.azure.com/subscriptions/23587e98-b6ac-4328-a753-03bcd3c8e744/providers/Microsoft.DocumentDB/locations/westus2/operationsStatus/09c24510-7881-411e-9064-17a5f1e8d9ba?api-version=2022-11-15-preview",
      "RequestMethod": "GET",
      "RequestHeaders": {
        "Authorization": "Sanitized",
        "traceparent": "00-71fceb5e86b82d239d09faf343460b8f-d2cddc34ff9c2fbd-00",
        "User-Agent": "azsdk-net-ResourceManager/1.4.0 (.NET 7.0.4; Microsoft Windows 10.0.22621)",
        "x-ms-client-request-id": "6102cd8764d3a216b6db578196c507ab",
        "x-ms-return-client-request-id": "true"
      },
      "RequestBody": null,
      "StatusCode": 200,
      "ResponseHeaders": {
        "Cache-Control": "no-store, no-cache",
        "Content-Length": "21",
        "Content-Type": "application/json",
        "Date": "Thu, 06 Apr 2023 13:17:23 GMT",
        "Pragma": "no-cache",
        "Server": "Microsoft-HTTPAPI/2.0",
        "Strict-Transport-Security": "max-age=31536000; includeSubDomains",
        "X-Content-Type-Options": "nosniff",
        "x-ms-correlation-request-id": "972c8da3-7e7d-49a7-9887-1724181fb327",
        "x-ms-gatewayversion": "version=2.14.0",
        "x-ms-ratelimit-remaining-subscription-reads": "11686",
        "x-ms-request-id": "972c8da3-7e7d-49a7-9887-1724181fb327",
        "x-ms-routing-request-id": "WESTCENTRALUS:20230406T131724Z:972c8da3-7e7d-49a7-9887-1724181fb327"
      },
      "ResponseBody": {
        "status": "Dequeued"
      }
    },
    {
      "RequestUri": "https://management.azure.com/subscriptions/23587e98-b6ac-4328-a753-03bcd3c8e744/providers/Microsoft.DocumentDB/locations/westus2/operationsStatus/09c24510-7881-411e-9064-17a5f1e8d9ba?api-version=2022-11-15-preview",
      "RequestMethod": "GET",
      "RequestHeaders": {
        "Authorization": "Sanitized",
        "traceparent": "00-71fceb5e86b82d239d09faf343460b8f-27692672ba3c5cc9-00",
        "User-Agent": "azsdk-net-ResourceManager/1.4.0 (.NET 7.0.4; Microsoft Windows 10.0.22621)",
        "x-ms-client-request-id": "034703534ef0d5f8ee5678497e164a21",
        "x-ms-return-client-request-id": "true"
      },
      "RequestBody": null,
      "StatusCode": 200,
      "ResponseHeaders": {
        "Cache-Control": "no-store, no-cache",
        "Content-Length": "21",
        "Content-Type": "application/json",
        "Date": "Thu, 06 Apr 2023 13:17:27 GMT",
        "Pragma": "no-cache",
        "Server": "Microsoft-HTTPAPI/2.0",
        "Strict-Transport-Security": "max-age=31536000; includeSubDomains",
        "X-Content-Type-Options": "nosniff",
        "x-ms-correlation-request-id": "0003e4c2-456c-40ac-aaeb-3de9c4b095f2",
        "x-ms-gatewayversion": "version=2.14.0",
        "x-ms-ratelimit-remaining-subscription-reads": "11685",
        "x-ms-request-id": "0003e4c2-456c-40ac-aaeb-3de9c4b095f2",
        "x-ms-routing-request-id": "WESTCENTRALUS:20230406T131728Z:0003e4c2-456c-40ac-aaeb-3de9c4b095f2"
      },
      "ResponseBody": {
        "status": "Dequeued"
      }
    },
    {
      "RequestUri": "https://management.azure.com/subscriptions/23587e98-b6ac-4328-a753-03bcd3c8e744/providers/Microsoft.DocumentDB/locations/westus2/operationsStatus/09c24510-7881-411e-9064-17a5f1e8d9ba?api-version=2022-11-15-preview",
      "RequestMethod": "GET",
      "RequestHeaders": {
        "Authorization": "Sanitized",
        "traceparent": "00-71fceb5e86b82d239d09faf343460b8f-21b5a109ef7dfb47-00",
        "User-Agent": "azsdk-net-ResourceManager/1.4.0 (.NET 7.0.4; Microsoft Windows 10.0.22621)",
        "x-ms-client-request-id": "314939885b74d8579d9f1099777c2d46",
        "x-ms-return-client-request-id": "true"
      },
      "RequestBody": null,
      "StatusCode": 200,
      "ResponseHeaders": {
        "Cache-Control": "no-store, no-cache",
        "Content-Length": "22",
        "Content-Type": "application/json",
        "Date": "Thu, 06 Apr 2023 13:17:36 GMT",
        "Pragma": "no-cache",
        "Server": "Microsoft-HTTPAPI/2.0",
        "Strict-Transport-Security": "max-age=31536000; includeSubDomains",
        "X-Content-Type-Options": "nosniff",
        "x-ms-correlation-request-id": "803f3b76-143b-4291-9624-04957256caee",
        "x-ms-gatewayversion": "version=2.14.0",
        "x-ms-ratelimit-remaining-subscription-reads": "11684",
        "x-ms-request-id": "803f3b76-143b-4291-9624-04957256caee",
        "x-ms-routing-request-id": "WESTCENTRALUS:20230406T131736Z:803f3b76-143b-4291-9624-04957256caee"
      },
      "ResponseBody": {
        "status": "Succeeded"
      }
    },
    {
      "RequestUri": "https://management.azure.com/subscriptions/23587e98-b6ac-4328-a753-03bcd3c8e744/resourceGroups/dbaccount-3841/providers/Microsoft.DocumentDB/databaseAccounts/dbaccount-4533/mongodbUserDefinitions/mongodb-4995.mongo-user-def-7231?api-version=2022-11-15-preview",
      "RequestMethod": "GET",
      "RequestHeaders": {
        "Authorization": "Sanitized",
        "traceparent": "00-71fceb5e86b82d239d09faf343460b8f-de95e3e692a771c6-00",
        "User-Agent": "azsdk-net-ResourceManager/1.4.0 (.NET 7.0.4; Microsoft Windows 10.0.22621)",
        "x-ms-client-request-id": "967ead0f38c3395dd42d737debcd24a0",
        "x-ms-return-client-request-id": "true"
      },
      "RequestBody": null,
      "StatusCode": 200,
      "ResponseHeaders": {
        "Cache-Control": "no-store, no-cache",
        "Content-Length": "491",
        "Content-Type": "application/json",
        "Date": "Thu, 06 Apr 2023 13:17:37 GMT",
        "Pragma": "no-cache",
        "Server": "Microsoft-HTTPAPI/2.0",
        "Strict-Transport-Security": "max-age=31536000; includeSubDomains",
        "X-Content-Type-Options": "nosniff",
        "x-ms-correlation-request-id": "9d7806c2-3bb0-477d-9405-a7c328c4ceac",
        "x-ms-gatewayversion": "version=2.14.0",
        "x-ms-ratelimit-remaining-subscription-reads": "11683",
        "x-ms-request-id": "9d7806c2-3bb0-477d-9405-a7c328c4ceac",
        "x-ms-routing-request-id": "WESTCENTRALUS:20230406T131737Z:9d7806c2-3bb0-477d-9405-a7c328c4ceac"
      },
      "ResponseBody": {
        "id": "/subscriptions/23587e98-b6ac-4328-a753-03bcd3c8e744/resourceGroups/dbaccount-3841/providers/Microsoft.DocumentDB/databaseAccounts/dbaccount-4533/mongodbUserDefinitions/mongodb-4995.mongo-user-def-7231",
        "name": "mongo-user-def-7231",
        "properties": {
          "userName": "mongo-user-def-7231",
          "password": "",
          "databaseName": "mongodb-4995",
          "customData": "",
          "mechanisms": "SCRAM-SHA-256",
          "roles": [
            {
              "db": "mongodb-4995",
              "role": "read"
            }
          ]
        },
        "type": "Microsoft.DocumentDB/databaseAccounts/mongodbUserDefinitions"
      }
    },
    {
      "RequestUri": "https://management.azure.com/subscriptions/23587e98-b6ac-4328-a753-03bcd3c8e744/resourceGroups/dbaccount-3841/providers/Microsoft.DocumentDB/databaseAccounts/dbaccount-4533/mongodbUserDefinitions/mongodb-4995.mongo-user-def-7231?api-version=2022-11-15-preview",
      "RequestMethod": "GET",
      "RequestHeaders": {
        "Accept": "application/json",
        "Authorization": "Sanitized",
        "traceparent": "00-e98d65e613f27cf34516126e373cbe86-f997d643e10eb44b-00",
        "User-Agent": "azsdk-net-ResourceManager.CosmosDB/1.3.0-alpha.20230405.1 (.NET 7.0.4; Microsoft Windows 10.0.22621)",
        "x-ms-client-request-id": "5df83690d67bf736ac6f65513d5f5e71",
        "x-ms-return-client-request-id": "true"
      },
      "RequestBody": null,
      "StatusCode": 200,
      "ResponseHeaders": {
        "Cache-Control": "no-store, no-cache",
        "Content-Length": "491",
        "Content-Type": "application/json",
        "Date": "Thu, 06 Apr 2023 13:17:37 GMT",
        "Pragma": "no-cache",
        "Server": "Microsoft-HTTPAPI/2.0",
        "Strict-Transport-Security": "max-age=31536000; includeSubDomains",
        "X-Content-Type-Options": "nosniff",
        "x-ms-correlation-request-id": "376a4bac-a88a-46ec-bbfb-0e7de7fddfd0",
        "x-ms-gatewayversion": "version=2.14.0",
        "x-ms-ratelimit-remaining-subscription-reads": "11682",
        "x-ms-request-id": "376a4bac-a88a-46ec-bbfb-0e7de7fddfd0",
        "x-ms-routing-request-id": "WESTCENTRALUS:20230406T131737Z:376a4bac-a88a-46ec-bbfb-0e7de7fddfd0"
      },
      "ResponseBody": {
        "id": "/subscriptions/23587e98-b6ac-4328-a753-03bcd3c8e744/resourceGroups/dbaccount-3841/providers/Microsoft.DocumentDB/databaseAccounts/dbaccount-4533/mongodbUserDefinitions/mongodb-4995.mongo-user-def-7231",
        "name": "mongo-user-def-7231",
        "properties": {
          "userName": "mongo-user-def-7231",
          "password": "",
          "databaseName": "mongodb-4995",
          "customData": "",
          "mechanisms": "SCRAM-SHA-256",
          "roles": [
            {
              "db": "mongodb-4995",
              "role": "read"
            }
          ]
        },
        "type": "Microsoft.DocumentDB/databaseAccounts/mongodbUserDefinitions"
      }
    },
    {
      "RequestUri": "https://management.azure.com/subscriptions/23587e98-b6ac-4328-a753-03bcd3c8e744/resourceGroups/dbaccount-3841/providers/Microsoft.DocumentDB/databaseAccounts/dbaccount-4533/mongodbUserDefinitions/mongodb-4995.mongo-user-def-7231?api-version=2022-11-15-preview",
      "RequestMethod": "GET",
      "RequestHeaders": {
        "Accept": "application/json",
        "Authorization": "Sanitized",
        "traceparent": "00-a33b45673338d479aed89868000d88fd-3fe2b206e2af1495-00",
        "User-Agent": "azsdk-net-ResourceManager.CosmosDB/1.3.0-alpha.20230405.1 (.NET 7.0.4; Microsoft Windows 10.0.22621)",
        "x-ms-client-request-id": "d03a3129b498505edc0f5c47e8daecd0",
        "x-ms-return-client-request-id": "true"
      },
      "RequestBody": null,
      "StatusCode": 200,
      "ResponseHeaders": {
        "Cache-Control": "no-store, no-cache",
        "Content-Length": "491",
        "Content-Type": "application/json",
        "Date": "Thu, 06 Apr 2023 13:17:37 GMT",
        "Pragma": "no-cache",
        "Server": "Microsoft-HTTPAPI/2.0",
        "Strict-Transport-Security": "max-age=31536000; includeSubDomains",
        "X-Content-Type-Options": "nosniff",
        "x-ms-correlation-request-id": "84ea0c47-1331-4706-ab6d-f8931ca71ff1",
        "x-ms-gatewayversion": "version=2.14.0",
        "x-ms-ratelimit-remaining-subscription-reads": "11681",
        "x-ms-request-id": "84ea0c47-1331-4706-ab6d-f8931ca71ff1",
        "x-ms-routing-request-id": "WESTCENTRALUS:20230406T131737Z:84ea0c47-1331-4706-ab6d-f8931ca71ff1"
      },
      "ResponseBody": {
        "id": "/subscriptions/23587e98-b6ac-4328-a753-03bcd3c8e744/resourceGroups/dbaccount-3841/providers/Microsoft.DocumentDB/databaseAccounts/dbaccount-4533/mongodbUserDefinitions/mongodb-4995.mongo-user-def-7231",
        "name": "mongo-user-def-7231",
        "properties": {
          "userName": "mongo-user-def-7231",
          "password": "",
          "databaseName": "mongodb-4995",
          "customData": "",
          "mechanisms": "SCRAM-SHA-256",
          "roles": [
            {
              "db": "mongodb-4995",
              "role": "read"
            }
          ]
        },
        "type": "Microsoft.DocumentDB/databaseAccounts/mongodbUserDefinitions"
      }
    },
    {
      "RequestUri": "https://management.azure.com/subscriptions/23587e98-b6ac-4328-a753-03bcd3c8e744/resourceGroups/dbaccount-3841/providers/Microsoft.DocumentDB/databaseAccounts/dbaccount-4533/mongodbUserDefinitions/mongodb-4995.mongo-user-def-7231?api-version=2022-11-15-preview",
      "RequestMethod": "GET",
      "RequestHeaders": {
        "Accept": "application/json",
        "Authorization": "Sanitized",
        "traceparent": "00-f0319c3288c547cc45ebab4512cb4244-826f6ec8f7aa5704-00",
        "User-Agent": "azsdk-net-ResourceManager.CosmosDB/1.3.0-alpha.20230405.1 (.NET 7.0.4; Microsoft Windows 10.0.22621)",
        "x-ms-client-request-id": "4109707acf8438ca7686e953d30bfb74",
        "x-ms-return-client-request-id": "true"
      },
      "RequestBody": null,
      "StatusCode": 200,
      "ResponseHeaders": {
        "Cache-Control": "no-store, no-cache",
        "Content-Length": "491",
        "Content-Type": "application/json",
        "Date": "Thu, 06 Apr 2023 13:17:38 GMT",
        "Pragma": "no-cache",
        "Server": "Microsoft-HTTPAPI/2.0",
        "Strict-Transport-Security": "max-age=31536000; includeSubDomains",
        "X-Content-Type-Options": "nosniff",
        "x-ms-correlation-request-id": "48212e84-f68d-4f9b-8d1d-b3aad75f5eba",
        "x-ms-gatewayversion": "version=2.14.0",
        "x-ms-ratelimit-remaining-subscription-reads": "11680",
        "x-ms-request-id": "48212e84-f68d-4f9b-8d1d-b3aad75f5eba",
        "x-ms-routing-request-id": "WESTCENTRALUS:20230406T131738Z:48212e84-f68d-4f9b-8d1d-b3aad75f5eba"
      },
      "ResponseBody": {
        "id": "/subscriptions/23587e98-b6ac-4328-a753-03bcd3c8e744/resourceGroups/dbaccount-3841/providers/Microsoft.DocumentDB/databaseAccounts/dbaccount-4533/mongodbUserDefinitions/mongodb-4995.mongo-user-def-7231",
        "name": "mongo-user-def-7231",
        "properties": {
          "userName": "mongo-user-def-7231",
          "password": "",
          "databaseName": "mongodb-4995",
          "customData": "",
          "mechanisms": "SCRAM-SHA-256",
          "roles": [
            {
              "db": "mongodb-4995",
              "role": "read"
            }
          ]
        },
        "type": "Microsoft.DocumentDB/databaseAccounts/mongodbUserDefinitions"
      }
    },
    {
      "RequestUri": "https://management.azure.com/subscriptions/23587e98-b6ac-4328-a753-03bcd3c8e744/resourceGroups/dbaccount-3841/providers/Microsoft.DocumentDB/databaseAccounts/dbaccount-4533/mongodbUserDefinitions/mongodb-4995.mongo-user-def-7231?api-version=2022-11-15-preview",
      "RequestMethod": "DELETE",
      "RequestHeaders": {
        "Accept": "application/json",
        "Authorization": "Sanitized",
        "traceparent": "00-fcc466968efff95d34fea8323b753eff-5855f8a159102513-00",
        "User-Agent": "azsdk-net-ResourceManager.CosmosDB/1.3.0-alpha.20230405.1 (.NET 7.0.4; Microsoft Windows 10.0.22621)",
        "x-ms-client-request-id": "ba5301cf5393db08d7a8816c79ef0ed2",
        "x-ms-return-client-request-id": "true"
      },
      "RequestBody": null,
      "StatusCode": 202,
      "ResponseHeaders": {
        "Azure-AsyncOperation": "https://management.azure.com/subscriptions/23587e98-b6ac-4328-a753-03bcd3c8e744/providers/Microsoft.DocumentDB/locations/westus2/operationsStatus/6c5c9124-9017-4600-a9db-8de041c2f0e6?api-version=2022-11-15-preview",
        "Cache-Control": "no-store, no-cache",
        "Content-Length": "21",
        "Content-Type": "application/json",
        "Date": "Thu, 06 Apr 2023 13:17:38 GMT",
        "Location": "https://management.azure.com/subscriptions/23587e98-b6ac-4328-a753-03bcd3c8e744/resourceGroups/dbaccount-3841/providers/Microsoft.DocumentDB/databaseAccounts/dbaccount-4533/mongodbUserDefinitions/mongodb-4995.mongo-user-def-7231/operationResults/6c5c9124-9017-4600-a9db-8de041c2f0e6?api-version=2022-11-15-preview",
        "Pragma": "no-cache",
        "Server": "Microsoft-HTTPAPI/2.0",
        "Strict-Transport-Security": "max-age=31536000; includeSubDomains",
        "X-Content-Type-Options": "nosniff",
        "x-ms-correlation-request-id": "a1335b52-6319-4a6b-8373-041a4d747132",
        "x-ms-gatewayversion": "version=2.14.0",
        "x-ms-ratelimit-remaining-subscription-deletes": "14987",
        "x-ms-request-id": "6c5c9124-9017-4600-a9db-8de041c2f0e6",
        "x-ms-routing-request-id": "WESTCENTRALUS:20230406T131739Z:a1335b52-6319-4a6b-8373-041a4d747132"
      },
      "ResponseBody": {
        "status": "Enqueued"
      }
    },
    {
      "RequestUri": "https://management.azure.com/subscriptions/23587e98-b6ac-4328-a753-03bcd3c8e744/providers/Microsoft.DocumentDB/locations/westus2/operationsStatus/6c5c9124-9017-4600-a9db-8de041c2f0e6?api-version=2022-11-15-preview",
      "RequestMethod": "GET",
      "RequestHeaders": {
        "Authorization": "Sanitized",
        "traceparent": "00-fcc466968efff95d34fea8323b753eff-4a22a2f1a2e75156-00",
        "User-Agent": "azsdk-net-ResourceManager/1.4.0 (.NET 7.0.4; Microsoft Windows 10.0.22621)",
        "x-ms-client-request-id": "e778e7133286273d672d69db4e5ebf87",
        "x-ms-return-client-request-id": "true"
      },
      "RequestBody": null,
      "StatusCode": 200,
      "ResponseHeaders": {
        "Cache-Control": "no-store, no-cache",
        "Content-Length": "21",
        "Content-Type": "application/json",
        "Date": "Thu, 06 Apr 2023 13:17:39 GMT",
        "Pragma": "no-cache",
        "Server": "Microsoft-HTTPAPI/2.0",
        "Strict-Transport-Security": "max-age=31536000; includeSubDomains",
        "X-Content-Type-Options": "nosniff",
        "x-ms-correlation-request-id": "399fa79b-9b5a-4c8d-b25e-e3b8da4bfcdc",
        "x-ms-gatewayversion": "version=2.14.0",
        "x-ms-ratelimit-remaining-subscription-reads": "11679",
        "x-ms-request-id": "399fa79b-9b5a-4c8d-b25e-e3b8da4bfcdc",
        "x-ms-routing-request-id": "WESTCENTRALUS:20230406T131739Z:399fa79b-9b5a-4c8d-b25e-e3b8da4bfcdc"
      },
      "ResponseBody": {
        "status": "Enqueued"
      }
    },
    {
      "RequestUri": "https://management.azure.com/subscriptions/23587e98-b6ac-4328-a753-03bcd3c8e744/providers/Microsoft.DocumentDB/locations/westus2/operationsStatus/6c5c9124-9017-4600-a9db-8de041c2f0e6?api-version=2022-11-15-preview",
      "RequestMethod": "GET",
      "RequestHeaders": {
        "Authorization": "Sanitized",
        "traceparent": "00-fcc466968efff95d34fea8323b753eff-684604441f1c825b-00",
        "User-Agent": "azsdk-net-ResourceManager/1.4.0 (.NET 7.0.4; Microsoft Windows 10.0.22621)",
        "x-ms-client-request-id": "3ed117782e34b21e13fa5291f9f610cd",
        "x-ms-return-client-request-id": "true"
      },
      "RequestBody": null,
      "StatusCode": 200,
      "ResponseHeaders": {
        "Cache-Control": "no-store, no-cache",
        "Content-Length": "21",
        "Content-Type": "application/json",
        "Date": "Thu, 06 Apr 2023 13:17:40 GMT",
        "Pragma": "no-cache",
        "Server": "Microsoft-HTTPAPI/2.0",
        "Strict-Transport-Security": "max-age=31536000; includeSubDomains",
        "X-Content-Type-Options": "nosniff",
        "x-ms-correlation-request-id": "7359f23c-ac76-455c-b517-2c081ae91be0",
        "x-ms-gatewayversion": "version=2.14.0",
        "x-ms-ratelimit-remaining-subscription-reads": "11678",
        "x-ms-request-id": "7359f23c-ac76-455c-b517-2c081ae91be0",
        "x-ms-routing-request-id": "WESTCENTRALUS:20230406T131740Z:7359f23c-ac76-455c-b517-2c081ae91be0"
      },
      "ResponseBody": {
        "status": "Enqueued"
      }
    },
    {
      "RequestUri": "https://management.azure.com/subscriptions/23587e98-b6ac-4328-a753-03bcd3c8e744/providers/Microsoft.DocumentDB/locations/westus2/operationsStatus/6c5c9124-9017-4600-a9db-8de041c2f0e6?api-version=2022-11-15-preview",
      "RequestMethod": "GET",
      "RequestHeaders": {
        "Authorization": "Sanitized",
        "traceparent": "00-fcc466968efff95d34fea8323b753eff-99cd5e58d6bb9758-00",
        "User-Agent": "azsdk-net-ResourceManager/1.4.0 (.NET 7.0.4; Microsoft Windows 10.0.22621)",
        "x-ms-client-request-id": "9158b02b2777504c57af6528b2110a08",
        "x-ms-return-client-request-id": "true"
      },
      "RequestBody": null,
      "StatusCode": 200,
      "ResponseHeaders": {
        "Cache-Control": "no-store, no-cache",
        "Content-Length": "21",
        "Content-Type": "application/json",
        "Date": "Thu, 06 Apr 2023 13:17:41 GMT",
        "Pragma": "no-cache",
        "Server": "Microsoft-HTTPAPI/2.0",
        "Strict-Transport-Security": "max-age=31536000; includeSubDomains",
        "X-Content-Type-Options": "nosniff",
        "x-ms-correlation-request-id": "17ab6c8b-2578-441b-8ad7-ae97dfc657f3",
        "x-ms-gatewayversion": "version=2.14.0",
        "x-ms-ratelimit-remaining-subscription-reads": "11677",
        "x-ms-request-id": "17ab6c8b-2578-441b-8ad7-ae97dfc657f3",
        "x-ms-routing-request-id": "WESTCENTRALUS:20230406T131741Z:17ab6c8b-2578-441b-8ad7-ae97dfc657f3"
      },
      "ResponseBody": {
        "status": "Enqueued"
      }
    },
    {
      "RequestUri": "https://management.azure.com/subscriptions/23587e98-b6ac-4328-a753-03bcd3c8e744/providers/Microsoft.DocumentDB/locations/westus2/operationsStatus/6c5c9124-9017-4600-a9db-8de041c2f0e6?api-version=2022-11-15-preview",
      "RequestMethod": "GET",
      "RequestHeaders": {
        "Authorization": "Sanitized",
        "traceparent": "00-fcc466968efff95d34fea8323b753eff-4e757364601687e8-00",
        "User-Agent": "azsdk-net-ResourceManager/1.4.0 (.NET 7.0.4; Microsoft Windows 10.0.22621)",
        "x-ms-client-request-id": "b499d2413e39e59bc9c5d38cdfab2e71",
        "x-ms-return-client-request-id": "true"
      },
      "RequestBody": null,
      "StatusCode": 200,
      "ResponseHeaders": {
        "Cache-Control": "no-store, no-cache",
        "Content-Length": "21",
        "Content-Type": "application/json",
        "Date": "Thu, 06 Apr 2023 13:17:42 GMT",
        "Pragma": "no-cache",
        "Server": "Microsoft-HTTPAPI/2.0",
        "Strict-Transport-Security": "max-age=31536000; includeSubDomains",
        "X-Content-Type-Options": "nosniff",
        "x-ms-correlation-request-id": "d225c1ba-55c8-4fd4-ba92-bcececaf6770",
        "x-ms-gatewayversion": "version=2.14.0",
        "x-ms-ratelimit-remaining-subscription-reads": "11676",
        "x-ms-request-id": "d225c1ba-55c8-4fd4-ba92-bcececaf6770",
        "x-ms-routing-request-id": "WESTCENTRALUS:20230406T131742Z:d225c1ba-55c8-4fd4-ba92-bcececaf6770"
      },
      "ResponseBody": {
        "status": "Dequeued"
      }
    },
    {
      "RequestUri": "https://management.azure.com/subscriptions/23587e98-b6ac-4328-a753-03bcd3c8e744/providers/Microsoft.DocumentDB/locations/westus2/operationsStatus/6c5c9124-9017-4600-a9db-8de041c2f0e6?api-version=2022-11-15-preview",
      "RequestMethod": "GET",
      "RequestHeaders": {
        "Authorization": "Sanitized",
        "traceparent": "00-fcc466968efff95d34fea8323b753eff-13dfecaeb50a1c41-00",
        "User-Agent": "azsdk-net-ResourceManager/1.4.0 (.NET 7.0.4; Microsoft Windows 10.0.22621)",
        "x-ms-client-request-id": "9eaf9c1d2e065010cb81e685c8f5ff01",
        "x-ms-return-client-request-id": "true"
      },
      "RequestBody": null,
      "StatusCode": 200,
      "ResponseHeaders": {
        "Cache-Control": "no-store, no-cache",
        "Content-Length": "21",
        "Content-Type": "application/json",
        "Date": "Thu, 06 Apr 2023 13:17:44 GMT",
        "Pragma": "no-cache",
        "Server": "Microsoft-HTTPAPI/2.0",
        "Strict-Transport-Security": "max-age=31536000; includeSubDomains",
        "X-Content-Type-Options": "nosniff",
        "x-ms-correlation-request-id": "22ae5564-ffba-4cd2-add2-ca7e61eb2196",
        "x-ms-gatewayversion": "version=2.14.0",
        "x-ms-ratelimit-remaining-subscription-reads": "11675",
        "x-ms-request-id": "22ae5564-ffba-4cd2-add2-ca7e61eb2196",
        "x-ms-routing-request-id": "WESTCENTRALUS:20230406T131744Z:22ae5564-ffba-4cd2-add2-ca7e61eb2196"
      },
      "ResponseBody": {
        "status": "Dequeued"
      }
    },
    {
      "RequestUri": "https://management.azure.com/subscriptions/23587e98-b6ac-4328-a753-03bcd3c8e744/providers/Microsoft.DocumentDB/locations/westus2/operationsStatus/6c5c9124-9017-4600-a9db-8de041c2f0e6?api-version=2022-11-15-preview",
      "RequestMethod": "GET",
      "RequestHeaders": {
        "Authorization": "Sanitized",
        "traceparent": "00-fcc466968efff95d34fea8323b753eff-ab19d32fdc44bf7c-00",
        "User-Agent": "azsdk-net-ResourceManager/1.4.0 (.NET 7.0.4; Microsoft Windows 10.0.22621)",
        "x-ms-client-request-id": "274f4aef5c5ded941472c7b153bf70ac",
        "x-ms-return-client-request-id": "true"
      },
      "RequestBody": null,
      "StatusCode": 200,
      "ResponseHeaders": {
        "Cache-Control": "no-store, no-cache",
        "Content-Length": "21",
        "Content-Type": "application/json",
        "Date": "Thu, 06 Apr 2023 13:17:48 GMT",
        "Pragma": "no-cache",
        "Server": "Microsoft-HTTPAPI/2.0",
        "Strict-Transport-Security": "max-age=31536000; includeSubDomains",
        "X-Content-Type-Options": "nosniff",
        "x-ms-correlation-request-id": "36cf9b2d-e5f7-439d-a828-edb10bbc706e",
        "x-ms-gatewayversion": "version=2.14.0",
        "x-ms-ratelimit-remaining-subscription-reads": "11674",
        "x-ms-request-id": "36cf9b2d-e5f7-439d-a828-edb10bbc706e",
        "x-ms-routing-request-id": "WESTCENTRALUS:20230406T131748Z:36cf9b2d-e5f7-439d-a828-edb10bbc706e"
      },
      "ResponseBody": {
        "status": "Dequeued"
      }
    },
    {
      "RequestUri": "https://management.azure.com/subscriptions/23587e98-b6ac-4328-a753-03bcd3c8e744/providers/Microsoft.DocumentDB/locations/westus2/operationsStatus/6c5c9124-9017-4600-a9db-8de041c2f0e6?api-version=2022-11-15-preview",
      "RequestMethod": "GET",
      "RequestHeaders": {
        "Authorization": "Sanitized",
        "traceparent": "00-fcc466968efff95d34fea8323b753eff-8478b02377177970-00",
        "User-Agent": "azsdk-net-ResourceManager/1.4.0 (.NET 7.0.4; Microsoft Windows 10.0.22621)",
        "x-ms-client-request-id": "160bf4816c611302c248e8b758161cd3",
        "x-ms-return-client-request-id": "true"
      },
      "RequestBody": null,
      "StatusCode": 200,
      "ResponseHeaders": {
        "Cache-Control": "no-store, no-cache",
        "Content-Length": "22",
        "Content-Type": "application/json",
        "Date": "Thu, 06 Apr 2023 13:17:56 GMT",
        "Pragma": "no-cache",
        "Server": "Microsoft-HTTPAPI/2.0",
        "Strict-Transport-Security": "max-age=31536000; includeSubDomains",
        "X-Content-Type-Options": "nosniff",
        "x-ms-correlation-request-id": "92c3cd21-464e-400a-86fe-059d2727dc6d",
        "x-ms-gatewayversion": "version=2.14.0",
        "x-ms-ratelimit-remaining-subscription-reads": "11673",
        "x-ms-request-id": "92c3cd21-464e-400a-86fe-059d2727dc6d",
        "x-ms-routing-request-id": "WESTCENTRALUS:20230406T131756Z:92c3cd21-464e-400a-86fe-059d2727dc6d"
      },
      "ResponseBody": {
        "status": "Succeeded"
      }
    },
    {
      "RequestUri": "https://management.azure.com/subscriptions/23587e98-b6ac-4328-a753-03bcd3c8e744/resourceGroups/dbaccount-3841/providers/Microsoft.DocumentDB/databaseAccounts/dbaccount-4533/mongodbDatabases/mongodb-4995?api-version=2022-11-15-preview",
      "RequestMethod": "DELETE",
      "RequestHeaders": {
        "Authorization": "Sanitized",
        "traceparent": "00-2f96c315ddc1e9edc2bc431f354a72ca-3e3406f7115b4526-00",
        "User-Agent": "azsdk-net-ResourceManager.CosmosDB/1.3.0-alpha.20230405.1 (.NET 7.0.4; Microsoft Windows 10.0.22621)",
        "x-ms-client-request-id": "959cd2c5075cc01308c28993665efd0b",
        "x-ms-return-client-request-id": "true"
      },
      "RequestBody": null,
      "StatusCode": 202,
      "ResponseHeaders": {
        "Azure-AsyncOperation": "https://management.azure.com/subscriptions/23587e98-b6ac-4328-a753-03bcd3c8e744/providers/Microsoft.DocumentDB/locations/westus2/operationsStatus/47b54a81-3846-4912-9d6f-223f74a7a7fb?api-version=2022-11-15-preview",
        "Cache-Control": "no-store, no-cache",
        "Content-Length": "21",
        "Content-Type": "application/json",
        "Date": "Thu, 06 Apr 2023 13:17:56 GMT",
        "Location": "https://management.azure.com/subscriptions/23587e98-b6ac-4328-a753-03bcd3c8e744/resourceGroups/dbaccount-3841/providers/Microsoft.DocumentDB/databaseAccounts/dbaccount-4533/mongodbDatabases/mongodb-4995/operationResults/47b54a81-3846-4912-9d6f-223f74a7a7fb?api-version=2022-11-15-preview",
        "Pragma": "no-cache",
        "Server": "Microsoft-HTTPAPI/2.0",
        "Strict-Transport-Security": "max-age=31536000; includeSubDomains",
        "X-Content-Type-Options": "nosniff",
        "x-ms-correlation-request-id": "ff6ecdba-83f1-45db-806b-89f453f8a671",
        "x-ms-gatewayversion": "version=2.14.0",
        "x-ms-ratelimit-remaining-subscription-deletes": "14986",
        "x-ms-request-id": "47b54a81-3846-4912-9d6f-223f74a7a7fb",
        "x-ms-routing-request-id": "WESTCENTRALUS:20230406T131757Z:ff6ecdba-83f1-45db-806b-89f453f8a671"
      },
      "ResponseBody": {
        "status": "Enqueued"
      }
    },
    {
      "RequestUri": "https://management.azure.com/subscriptions/23587e98-b6ac-4328-a753-03bcd3c8e744/providers/Microsoft.DocumentDB/locations/westus2/operationsStatus/47b54a81-3846-4912-9d6f-223f74a7a7fb?api-version=2022-11-15-preview",
      "RequestMethod": "GET",
      "RequestHeaders": {
        "Authorization": "Sanitized",
        "traceparent": "00-2f96c315ddc1e9edc2bc431f354a72ca-6992a6d490f0f18c-00",
        "User-Agent": "azsdk-net-ResourceManager/1.4.0 (.NET 7.0.4; Microsoft Windows 10.0.22621)",
        "x-ms-client-request-id": "80ecf455db237950e04a0e9fe26ead63",
        "x-ms-return-client-request-id": "true"
      },
      "RequestBody": null,
      "StatusCode": 200,
      "ResponseHeaders": {
        "Cache-Control": "no-store, no-cache",
        "Content-Length": "21",
        "Content-Type": "application/json",
        "Date": "Thu, 06 Apr 2023 13:17:57 GMT",
        "Pragma": "no-cache",
        "Server": "Microsoft-HTTPAPI/2.0",
        "Strict-Transport-Security": "max-age=31536000; includeSubDomains",
        "X-Content-Type-Options": "nosniff",
        "x-ms-correlation-request-id": "40ec2538-aefa-4a8b-8477-0ac37654b780",
        "x-ms-gatewayversion": "version=2.14.0",
        "x-ms-ratelimit-remaining-subscription-reads": "11672",
        "x-ms-request-id": "40ec2538-aefa-4a8b-8477-0ac37654b780",
        "x-ms-routing-request-id": "WESTCENTRALUS:20230406T131757Z:40ec2538-aefa-4a8b-8477-0ac37654b780"
      },
      "ResponseBody": {
        "status": "Enqueued"
      }
    },
    {
      "RequestUri": "https://management.azure.com/subscriptions/23587e98-b6ac-4328-a753-03bcd3c8e744/providers/Microsoft.DocumentDB/locations/westus2/operationsStatus/47b54a81-3846-4912-9d6f-223f74a7a7fb?api-version=2022-11-15-preview",
      "RequestMethod": "GET",
      "RequestHeaders": {
        "Authorization": "Sanitized",
        "traceparent": "00-2f96c315ddc1e9edc2bc431f354a72ca-76651365be5f6a6d-00",
        "User-Agent": "azsdk-net-ResourceManager/1.4.0 (.NET 7.0.4; Microsoft Windows 10.0.22621)",
        "x-ms-client-request-id": "1ea7dd4a4812dce932194d20a2fe4d2b",
        "x-ms-return-client-request-id": "true"
      },
      "RequestBody": null,
      "StatusCode": 200,
      "ResponseHeaders": {
        "Cache-Control": "no-store, no-cache",
        "Content-Length": "21",
        "Content-Type": "application/json",
        "Date": "Thu, 06 Apr 2023 13:17:58 GMT",
        "Pragma": "no-cache",
        "Server": "Microsoft-HTTPAPI/2.0",
        "Strict-Transport-Security": "max-age=31536000; includeSubDomains",
        "X-Content-Type-Options": "nosniff",
        "x-ms-correlation-request-id": "c2924c77-20ec-4e7a-b5a3-c938eee760bd",
        "x-ms-gatewayversion": "version=2.14.0",
        "x-ms-ratelimit-remaining-subscription-reads": "11671",
        "x-ms-request-id": "c2924c77-20ec-4e7a-b5a3-c938eee760bd",
        "x-ms-routing-request-id": "WESTCENTRALUS:20230406T131758Z:c2924c77-20ec-4e7a-b5a3-c938eee760bd"
      },
      "ResponseBody": {
        "status": "Enqueued"
      }
    },
    {
      "RequestUri": "https://management.azure.com/subscriptions/23587e98-b6ac-4328-a753-03bcd3c8e744/providers/Microsoft.DocumentDB/locations/westus2/operationsStatus/47b54a81-3846-4912-9d6f-223f74a7a7fb?api-version=2022-11-15-preview",
      "RequestMethod": "GET",
      "RequestHeaders": {
        "Authorization": "Sanitized",
        "traceparent": "00-2f96c315ddc1e9edc2bc431f354a72ca-7aaa0d8c1bcdea87-00",
        "User-Agent": "azsdk-net-ResourceManager/1.4.0 (.NET 7.0.4; Microsoft Windows 10.0.22621)",
        "x-ms-client-request-id": "713e8b2d7c7235e7ea8af39fda00a0d9",
        "x-ms-return-client-request-id": "true"
      },
      "RequestBody": null,
      "StatusCode": 200,
      "ResponseHeaders": {
        "Cache-Control": "no-store, no-cache",
        "Content-Length": "21",
        "Content-Type": "application/json",
        "Date": "Thu, 06 Apr 2023 13:17:59 GMT",
        "Pragma": "no-cache",
        "Server": "Microsoft-HTTPAPI/2.0",
        "Strict-Transport-Security": "max-age=31536000; includeSubDomains",
        "X-Content-Type-Options": "nosniff",
        "x-ms-correlation-request-id": "0e4161b1-df2c-4cf9-81e3-f7865e77f46b",
        "x-ms-gatewayversion": "version=2.14.0",
        "x-ms-ratelimit-remaining-subscription-reads": "11670",
        "x-ms-request-id": "0e4161b1-df2c-4cf9-81e3-f7865e77f46b",
        "x-ms-routing-request-id": "WESTCENTRALUS:20230406T131759Z:0e4161b1-df2c-4cf9-81e3-f7865e77f46b"
      },
      "ResponseBody": {
        "status": "Enqueued"
      }
    },
    {
      "RequestUri": "https://management.azure.com/subscriptions/23587e98-b6ac-4328-a753-03bcd3c8e744/providers/Microsoft.DocumentDB/locations/westus2/operationsStatus/47b54a81-3846-4912-9d6f-223f74a7a7fb?api-version=2022-11-15-preview",
      "RequestMethod": "GET",
      "RequestHeaders": {
        "Authorization": "Sanitized",
        "traceparent": "00-2f96c315ddc1e9edc2bc431f354a72ca-6cd2e084840b69d2-00",
        "User-Agent": "azsdk-net-ResourceManager/1.4.0 (.NET 7.0.4; Microsoft Windows 10.0.22621)",
        "x-ms-client-request-id": "96ca018e77340dec0b0f4e0a8d2fd7e2",
        "x-ms-return-client-request-id": "true"
      },
      "RequestBody": null,
      "StatusCode": 200,
      "ResponseHeaders": {
        "Cache-Control": "no-store, no-cache",
        "Content-Length": "21",
        "Content-Type": "application/json",
        "Date": "Thu, 06 Apr 2023 13:18:00 GMT",
        "Pragma": "no-cache",
        "Server": "Microsoft-HTTPAPI/2.0",
        "Strict-Transport-Security": "max-age=31536000; includeSubDomains",
        "X-Content-Type-Options": "nosniff",
        "x-ms-correlation-request-id": "a9a4ac02-1630-40af-92f9-a975cda004bc",
        "x-ms-gatewayversion": "version=2.14.0",
        "x-ms-ratelimit-remaining-subscription-reads": "11669",
        "x-ms-request-id": "a9a4ac02-1630-40af-92f9-a975cda004bc",
        "x-ms-routing-request-id": "WESTCENTRALUS:20230406T131800Z:a9a4ac02-1630-40af-92f9-a975cda004bc"
      },
      "ResponseBody": {
        "status": "Dequeued"
      }
    },
    {
      "RequestUri": "https://management.azure.com/subscriptions/23587e98-b6ac-4328-a753-03bcd3c8e744/providers/Microsoft.DocumentDB/locations/westus2/operationsStatus/47b54a81-3846-4912-9d6f-223f74a7a7fb?api-version=2022-11-15-preview",
      "RequestMethod": "GET",
      "RequestHeaders": {
        "Authorization": "Sanitized",
        "traceparent": "00-2f96c315ddc1e9edc2bc431f354a72ca-f071b854957f7544-00",
        "User-Agent": "azsdk-net-ResourceManager/1.4.0 (.NET 7.0.4; Microsoft Windows 10.0.22621)",
        "x-ms-client-request-id": "5771e2fd3b30cef1f571338755490232",
        "x-ms-return-client-request-id": "true"
      },
      "RequestBody": null,
      "StatusCode": 200,
      "ResponseHeaders": {
        "Cache-Control": "no-store, no-cache",
        "Content-Length": "21",
        "Content-Type": "application/json",
        "Date": "Thu, 06 Apr 2023 13:18:02 GMT",
        "Pragma": "no-cache",
        "Server": "Microsoft-HTTPAPI/2.0",
        "Strict-Transport-Security": "max-age=31536000; includeSubDomains",
        "X-Content-Type-Options": "nosniff",
        "x-ms-correlation-request-id": "2ef7986a-a756-490e-a96d-5a09f72e12b9",
        "x-ms-gatewayversion": "version=2.14.0",
        "x-ms-ratelimit-remaining-subscription-reads": "11668",
        "x-ms-request-id": "2ef7986a-a756-490e-a96d-5a09f72e12b9",
        "x-ms-routing-request-id": "WESTCENTRALUS:20230406T131802Z:2ef7986a-a756-490e-a96d-5a09f72e12b9"
      },
      "ResponseBody": {
        "status": "Dequeued"
      }
    },
    {
      "RequestUri": "https://management.azure.com/subscriptions/23587e98-b6ac-4328-a753-03bcd3c8e744/providers/Microsoft.DocumentDB/locations/westus2/operationsStatus/47b54a81-3846-4912-9d6f-223f74a7a7fb?api-version=2022-11-15-preview",
      "RequestMethod": "GET",
      "RequestHeaders": {
        "Authorization": "Sanitized",
        "traceparent": "00-2f96c315ddc1e9edc2bc431f354a72ca-3e50116c6926360b-00",
        "User-Agent": "azsdk-net-ResourceManager/1.4.0 (.NET 7.0.4; Microsoft Windows 10.0.22621)",
        "x-ms-client-request-id": "a0917478b734b6f79e3166622edda8ba",
        "x-ms-return-client-request-id": "true"
      },
      "RequestBody": null,
      "StatusCode": 200,
      "ResponseHeaders": {
        "Cache-Control": "no-store, no-cache",
        "Content-Length": "22",
        "Content-Type": "application/json",
        "Date": "Thu, 06 Apr 2023 13:18:06 GMT",
        "Pragma": "no-cache",
        "Server": "Microsoft-HTTPAPI/2.0",
        "Strict-Transport-Security": "max-age=31536000; includeSubDomains",
        "X-Content-Type-Options": "nosniff",
        "x-ms-correlation-request-id": "3e2ff6f4-9ecb-4e6d-99de-6267ead8817a",
        "x-ms-gatewayversion": "version=2.14.0",
        "x-ms-ratelimit-remaining-subscription-reads": "11667",
        "x-ms-request-id": "3e2ff6f4-9ecb-4e6d-99de-6267ead8817a",
        "x-ms-routing-request-id": "WESTCENTRALUS:20230406T131806Z:3e2ff6f4-9ecb-4e6d-99de-6267ead8817a"
      },
      "ResponseBody": {
        "status": "Succeeded"
      }
    },
    {
      "RequestUri": "https://management.azure.com/subscriptions/23587e98-b6ac-4328-a753-03bcd3c8e744/resourceGroups/dbaccount-3841/providers/Microsoft.DocumentDB/databaseAccounts/dbaccount-4533?api-version=2022-11-15-preview",
      "RequestMethod": "DELETE",
      "RequestHeaders": {
        "Authorization": "Sanitized",
        "traceparent": "00-477262f1c2237181aae33f0e56ce4fdb-578c3a568dd87243-00",
        "User-Agent": "azsdk-net-ResourceManager.CosmosDB/1.3.0-alpha.20230405.1 (.NET 7.0.4; Microsoft Windows 10.0.22621)",
        "x-ms-client-request-id": "f8a211b2498e52a80ffba0c34364b7c1",
        "x-ms-return-client-request-id": "true"
      },
      "RequestBody": null,
      "StatusCode": 202,
      "ResponseHeaders": {
        "Azure-AsyncOperation": "https://management.azure.com/subscriptions/23587e98-b6ac-4328-a753-03bcd3c8e744/providers/Microsoft.DocumentDB/locations/westus2/operationsStatus/aab940ae-aec8-4bb6-8c54-6f8b36226901?api-version=2022-11-15-preview",
        "Cache-Control": "no-store, no-cache",
        "Content-Length": "21",
        "Content-Type": "application/json",
        "Date": "Thu, 06 Apr 2023 13:18:07 GMT",
        "Location": "https://management.azure.com/subscriptions/23587e98-b6ac-4328-a753-03bcd3c8e744/providers/Microsoft.DocumentDB/locations/westus2/operationResults/aab940ae-aec8-4bb6-8c54-6f8b36226901?api-version=2022-11-15-preview",
        "Pragma": "no-cache",
        "Server": "Microsoft-HTTPAPI/2.0",
        "Strict-Transport-Security": "max-age=31536000; includeSubDomains",
        "X-Content-Type-Options": "nosniff",
        "x-ms-correlation-request-id": "1fe5e2c9-b01c-4269-addf-c826148635ef",
        "x-ms-gatewayversion": "version=2.14.0",
        "x-ms-ratelimit-remaining-subscription-deletes": "14985",
        "x-ms-request-id": "aab940ae-aec8-4bb6-8c54-6f8b36226901",
        "x-ms-routing-request-id": "WESTCENTRALUS:20230406T131807Z:1fe5e2c9-b01c-4269-addf-c826148635ef"
      },
      "ResponseBody": {
        "status": "Enqueued"
      }
    },
    {
      "RequestUri": "https://management.azure.com/subscriptions/23587e98-b6ac-4328-a753-03bcd3c8e744/providers/Microsoft.DocumentDB/locations/westus2/operationsStatus/aab940ae-aec8-4bb6-8c54-6f8b36226901?api-version=2022-11-15-preview",
      "RequestMethod": "GET",
      "RequestHeaders": {
        "Authorization": "Sanitized",
        "traceparent": "00-477262f1c2237181aae33f0e56ce4fdb-c2f61485e6d6c40d-00",
        "User-Agent": "azsdk-net-ResourceManager/1.4.0 (.NET 7.0.4; Microsoft Windows 10.0.22621)",
        "x-ms-client-request-id": "43d579c909a62fa3cb3f91391634733a",
        "x-ms-return-client-request-id": "true"
      },
      "RequestBody": null,
      "StatusCode": 200,
      "ResponseHeaders": {
        "Cache-Control": "no-store, no-cache",
        "Content-Length": "21",
        "Content-Type": "application/json",
        "Date": "Thu, 06 Apr 2023 13:18:07 GMT",
        "Pragma": "no-cache",
        "Server": "Microsoft-HTTPAPI/2.0",
        "Strict-Transport-Security": "max-age=31536000; includeSubDomains",
        "X-Content-Type-Options": "nosniff",
        "x-ms-correlation-request-id": "7aba3ba2-a1b2-4cb8-b7d3-a7f3458ef7b4",
        "x-ms-gatewayversion": "version=2.14.0",
        "x-ms-ratelimit-remaining-subscription-reads": "11666",
        "x-ms-request-id": "7aba3ba2-a1b2-4cb8-b7d3-a7f3458ef7b4",
        "x-ms-routing-request-id": "WESTCENTRALUS:20230406T131807Z:7aba3ba2-a1b2-4cb8-b7d3-a7f3458ef7b4"
      },
      "ResponseBody": {
        "status": "Enqueued"
      }
    },
    {
      "RequestUri": "https://management.azure.com/subscriptions/23587e98-b6ac-4328-a753-03bcd3c8e744/providers/Microsoft.DocumentDB/locations/westus2/operationsStatus/aab940ae-aec8-4bb6-8c54-6f8b36226901?api-version=2022-11-15-preview",
      "RequestMethod": "GET",
      "RequestHeaders": {
        "Authorization": "Sanitized",
        "traceparent": "00-477262f1c2237181aae33f0e56ce4fdb-76362144351447b7-00",
        "User-Agent": "azsdk-net-ResourceManager/1.4.0 (.NET 7.0.4; Microsoft Windows 10.0.22621)",
        "x-ms-client-request-id": "1255a5798f4c7b1c645c0cd390a97c80",
        "x-ms-return-client-request-id": "true"
      },
      "RequestBody": null,
      "StatusCode": 200,
      "ResponseHeaders": {
        "Cache-Control": "no-store, no-cache",
        "Content-Length": "21",
        "Content-Type": "application/json",
        "Date": "Thu, 06 Apr 2023 13:18:08 GMT",
        "Pragma": "no-cache",
        "Server": "Microsoft-HTTPAPI/2.0",
        "Strict-Transport-Security": "max-age=31536000; includeSubDomains",
        "X-Content-Type-Options": "nosniff",
        "x-ms-correlation-request-id": "81cea8da-8be2-4a1b-88da-01b39415dbb7",
        "x-ms-gatewayversion": "version=2.14.0",
        "x-ms-ratelimit-remaining-subscription-reads": "11665",
        "x-ms-request-id": "81cea8da-8be2-4a1b-88da-01b39415dbb7",
        "x-ms-routing-request-id": "WESTCENTRALUS:20230406T131809Z:81cea8da-8be2-4a1b-88da-01b39415dbb7"
      },
      "ResponseBody": {
        "status": "Enqueued"
      }
    },
    {
      "RequestUri": "https://management.azure.com/subscriptions/23587e98-b6ac-4328-a753-03bcd3c8e744/providers/Microsoft.DocumentDB/locations/westus2/operationsStatus/aab940ae-aec8-4bb6-8c54-6f8b36226901?api-version=2022-11-15-preview",
      "RequestMethod": "GET",
      "RequestHeaders": {
        "Authorization": "Sanitized",
        "traceparent": "00-477262f1c2237181aae33f0e56ce4fdb-8ebc6c5e930d64e8-00",
        "User-Agent": "azsdk-net-ResourceManager/1.4.0 (.NET 7.0.4; Microsoft Windows 10.0.22621)",
        "x-ms-client-request-id": "c9f9885b748f031a77614c5ea5742fb7",
        "x-ms-return-client-request-id": "true"
      },
      "RequestBody": null,
      "StatusCode": 200,
      "ResponseHeaders": {
        "Cache-Control": "no-store, no-cache",
        "Content-Length": "21",
        "Content-Type": "application/json",
        "Date": "Thu, 06 Apr 2023 13:18:09 GMT",
        "Pragma": "no-cache",
        "Server": "Microsoft-HTTPAPI/2.0",
        "Strict-Transport-Security": "max-age=31536000; includeSubDomains",
        "X-Content-Type-Options": "nosniff",
        "x-ms-correlation-request-id": "e51172e2-0cc3-4642-bc5c-b792dd511c24",
        "x-ms-gatewayversion": "version=2.14.0",
        "x-ms-ratelimit-remaining-subscription-reads": "11664",
        "x-ms-request-id": "e51172e2-0cc3-4642-bc5c-b792dd511c24",
        "x-ms-routing-request-id": "WESTCENTRALUS:20230406T131810Z:e51172e2-0cc3-4642-bc5c-b792dd511c24"
      },
      "ResponseBody": {
        "status": "Enqueued"
      }
    },
    {
      "RequestUri": "https://management.azure.com/subscriptions/23587e98-b6ac-4328-a753-03bcd3c8e744/providers/Microsoft.DocumentDB/locations/westus2/operationsStatus/aab940ae-aec8-4bb6-8c54-6f8b36226901?api-version=2022-11-15-preview",
      "RequestMethod": "GET",
      "RequestHeaders": {
        "Authorization": "Sanitized",
        "traceparent": "00-477262f1c2237181aae33f0e56ce4fdb-3c6db246e19e25c5-00",
        "User-Agent": "azsdk-net-ResourceManager/1.4.0 (.NET 7.0.4; Microsoft Windows 10.0.22621)",
        "x-ms-client-request-id": "30857e478d393acb5d59df4afcd09f22",
        "x-ms-return-client-request-id": "true"
      },
      "RequestBody": null,
      "StatusCode": 200,
      "ResponseHeaders": {
        "Cache-Control": "no-store, no-cache",
        "Content-Length": "21",
        "Content-Type": "application/json",
        "Date": "Thu, 06 Apr 2023 13:18:10 GMT",
        "Pragma": "no-cache",
        "Server": "Microsoft-HTTPAPI/2.0",
        "Strict-Transport-Security": "max-age=31536000; includeSubDomains",
        "X-Content-Type-Options": "nosniff",
        "x-ms-correlation-request-id": "b73543fb-fc2a-4a16-9f61-ec08ea6b3d77",
        "x-ms-gatewayversion": "version=2.14.0",
        "x-ms-ratelimit-remaining-subscription-reads": "11663",
        "x-ms-request-id": "b73543fb-fc2a-4a16-9f61-ec08ea6b3d77",
        "x-ms-routing-request-id": "WESTCENTRALUS:20230406T131811Z:b73543fb-fc2a-4a16-9f61-ec08ea6b3d77"
      },
      "ResponseBody": {
        "status": "Dequeued"
      }
    },
    {
      "RequestUri": "https://management.azure.com/subscriptions/23587e98-b6ac-4328-a753-03bcd3c8e744/providers/Microsoft.DocumentDB/locations/westus2/operationsStatus/aab940ae-aec8-4bb6-8c54-6f8b36226901?api-version=2022-11-15-preview",
      "RequestMethod": "GET",
      "RequestHeaders": {
        "Authorization": "Sanitized",
        "traceparent": "00-477262f1c2237181aae33f0e56ce4fdb-29be6ba78f8ac4b8-00",
        "User-Agent": "azsdk-net-ResourceManager/1.4.0 (.NET 7.0.4; Microsoft Windows 10.0.22621)",
        "x-ms-client-request-id": "8ddd10c2a93a04aa8a519aea42bdd5ef",
        "x-ms-return-client-request-id": "true"
      },
      "RequestBody": null,
      "StatusCode": 200,
      "ResponseHeaders": {
        "Cache-Control": "no-store, no-cache",
        "Content-Length": "21",
        "Content-Type": "application/json",
        "Date": "Thu, 06 Apr 2023 13:18:12 GMT",
        "Pragma": "no-cache",
        "Server": "Microsoft-HTTPAPI/2.0",
        "Strict-Transport-Security": "max-age=31536000; includeSubDomains",
        "X-Content-Type-Options": "nosniff",
        "x-ms-correlation-request-id": "85e7ad16-6b62-4d35-9731-bcaf0d5f87a9",
        "x-ms-gatewayversion": "version=2.14.0",
        "x-ms-ratelimit-remaining-subscription-reads": "11662",
        "x-ms-request-id": "85e7ad16-6b62-4d35-9731-bcaf0d5f87a9",
        "x-ms-routing-request-id": "WESTCENTRALUS:20230406T131813Z:85e7ad16-6b62-4d35-9731-bcaf0d5f87a9"
      },
      "ResponseBody": {
        "status": "Dequeued"
      }
    },
    {
      "RequestUri": "https://management.azure.com/subscriptions/23587e98-b6ac-4328-a753-03bcd3c8e744/providers/Microsoft.DocumentDB/locations/westus2/operationsStatus/aab940ae-aec8-4bb6-8c54-6f8b36226901?api-version=2022-11-15-preview",
      "RequestMethod": "GET",
      "RequestHeaders": {
        "Authorization": "Sanitized",
        "traceparent": "00-477262f1c2237181aae33f0e56ce4fdb-70004003405b6658-00",
        "User-Agent": "azsdk-net-ResourceManager/1.4.0 (.NET 7.0.4; Microsoft Windows 10.0.22621)",
        "x-ms-client-request-id": "118b552d4c23ce46bdbf6c3595d006a7",
        "x-ms-return-client-request-id": "true"
      },
      "RequestBody": null,
      "StatusCode": 200,
      "ResponseHeaders": {
        "Cache-Control": "no-store, no-cache",
        "Content-Length": "21",
        "Content-Type": "application/json",
        "Date": "Thu, 06 Apr 2023 13:18:16 GMT",
        "Pragma": "no-cache",
        "Server": "Microsoft-HTTPAPI/2.0",
        "Strict-Transport-Security": "max-age=31536000; includeSubDomains",
        "X-Content-Type-Options": "nosniff",
        "x-ms-correlation-request-id": "beb571e1-e38a-4cf8-8e17-2300c39f3574",
        "x-ms-gatewayversion": "version=2.14.0",
        "x-ms-ratelimit-remaining-subscription-reads": "11661",
        "x-ms-request-id": "beb571e1-e38a-4cf8-8e17-2300c39f3574",
        "x-ms-routing-request-id": "WESTCENTRALUS:20230406T131817Z:beb571e1-e38a-4cf8-8e17-2300c39f3574"
      },
      "ResponseBody": {
        "status": "Dequeued"
      }
    },
    {
      "RequestUri": "https://management.azure.com/subscriptions/23587e98-b6ac-4328-a753-03bcd3c8e744/providers/Microsoft.DocumentDB/locations/westus2/operationsStatus/aab940ae-aec8-4bb6-8c54-6f8b36226901?api-version=2022-11-15-preview",
      "RequestMethod": "GET",
      "RequestHeaders": {
        "Authorization": "Sanitized",
        "traceparent": "00-477262f1c2237181aae33f0e56ce4fdb-615f7dcfdebc73e4-00",
        "User-Agent": "azsdk-net-ResourceManager/1.4.0 (.NET 7.0.4; Microsoft Windows 10.0.22621)",
        "x-ms-client-request-id": "949b2ac2a1969e7cd381a5e7f2e1f79f",
        "x-ms-return-client-request-id": "true"
      },
      "RequestBody": null,
      "StatusCode": 200,
      "ResponseHeaders": {
        "Cache-Control": "no-store, no-cache",
        "Content-Length": "21",
        "Content-Type": "application/json",
        "Date": "Thu, 06 Apr 2023 13:18:24 GMT",
        "Pragma": "no-cache",
        "Server": "Microsoft-HTTPAPI/2.0",
        "Strict-Transport-Security": "max-age=31536000; includeSubDomains",
        "X-Content-Type-Options": "nosniff",
        "x-ms-correlation-request-id": "511892b4-3e7e-4f0e-a3d7-2c367608cef1",
        "x-ms-gatewayversion": "version=2.14.0",
        "x-ms-ratelimit-remaining-subscription-reads": "11660",
        "x-ms-request-id": "511892b4-3e7e-4f0e-a3d7-2c367608cef1",
        "x-ms-routing-request-id": "WESTCENTRALUS:20230406T131825Z:511892b4-3e7e-4f0e-a3d7-2c367608cef1"
      },
      "ResponseBody": {
        "status": "Dequeued"
      }
    },
    {
      "RequestUri": "https://management.azure.com/subscriptions/23587e98-b6ac-4328-a753-03bcd3c8e744/providers/Microsoft.DocumentDB/locations/westus2/operationsStatus/aab940ae-aec8-4bb6-8c54-6f8b36226901?api-version=2022-11-15-preview",
      "RequestMethod": "GET",
      "RequestHeaders": {
        "Authorization": "Sanitized",
        "traceparent": "00-477262f1c2237181aae33f0e56ce4fdb-3cb26c51f1e17d17-00",
        "User-Agent": "azsdk-net-ResourceManager/1.4.0 (.NET 7.0.4; Microsoft Windows 10.0.22621)",
        "x-ms-client-request-id": "a71cef848d4575feca0fd07b3c756fba",
        "x-ms-return-client-request-id": "true"
      },
      "RequestBody": null,
      "StatusCode": 200,
      "ResponseHeaders": {
        "Cache-Control": "no-store, no-cache",
        "Content-Length": "21",
        "Content-Type": "application/json",
        "Date": "Thu, 06 Apr 2023 13:18:40 GMT",
        "Pragma": "no-cache",
        "Server": "Microsoft-HTTPAPI/2.0",
        "Strict-Transport-Security": "max-age=31536000; includeSubDomains",
        "X-Content-Type-Options": "nosniff",
        "x-ms-correlation-request-id": "1024802f-4e7c-43f0-883f-47ac458296e7",
        "x-ms-gatewayversion": "version=2.14.0",
        "x-ms-ratelimit-remaining-subscription-reads": "11659",
        "x-ms-request-id": "1024802f-4e7c-43f0-883f-47ac458296e7",
        "x-ms-routing-request-id": "WESTCENTRALUS:20230406T131841Z:1024802f-4e7c-43f0-883f-47ac458296e7"
      },
      "ResponseBody": {
        "status": "Dequeued"
      }
    },
    {
      "RequestUri": "https://management.azure.com/subscriptions/23587e98-b6ac-4328-a753-03bcd3c8e744/providers/Microsoft.DocumentDB/locations/westus2/operationsStatus/aab940ae-aec8-4bb6-8c54-6f8b36226901?api-version=2022-11-15-preview",
      "RequestMethod": "GET",
      "RequestHeaders": {
        "Authorization": "Sanitized",
        "traceparent": "00-477262f1c2237181aae33f0e56ce4fdb-fb27d10f6df685f4-00",
        "User-Agent": "azsdk-net-ResourceManager/1.4.0 (.NET 7.0.4; Microsoft Windows 10.0.22621)",
        "x-ms-client-request-id": "1827f34b40218c59d9ed3ea2a65edbdb",
        "x-ms-return-client-request-id": "true"
      },
      "RequestBody": null,
      "StatusCode": 200,
      "ResponseHeaders": {
        "Cache-Control": "no-store, no-cache",
        "Content-Length": "21",
        "Content-Type": "application/json",
        "Date": "Thu, 06 Apr 2023 13:19:13 GMT",
        "Pragma": "no-cache",
        "Server": "Microsoft-HTTPAPI/2.0",
        "Strict-Transport-Security": "max-age=31536000; includeSubDomains",
        "X-Content-Type-Options": "nosniff",
        "x-ms-correlation-request-id": "cc69a528-a934-4e0e-aaab-059db9f9fe41",
        "x-ms-gatewayversion": "version=2.14.0",
        "x-ms-ratelimit-remaining-subscription-reads": "11658",
        "x-ms-request-id": "cc69a528-a934-4e0e-aaab-059db9f9fe41",
        "x-ms-routing-request-id": "WESTCENTRALUS:20230406T131913Z:cc69a528-a934-4e0e-aaab-059db9f9fe41"
      },
      "ResponseBody": {
        "status": "Dequeued"
      }
    },
    {
      "RequestUri": "https://management.azure.com/subscriptions/23587e98-b6ac-4328-a753-03bcd3c8e744/providers/Microsoft.DocumentDB/locations/westus2/operationsStatus/aab940ae-aec8-4bb6-8c54-6f8b36226901?api-version=2022-11-15-preview",
      "RequestMethod": "GET",
      "RequestHeaders": {
        "Authorization": "Sanitized",
        "traceparent": "00-477262f1c2237181aae33f0e56ce4fdb-84d2df3be26a2c77-00",
        "User-Agent": "azsdk-net-ResourceManager/1.4.0 (.NET 7.0.4; Microsoft Windows 10.0.22621)",
        "x-ms-client-request-id": "a5b1cdc75fb335622c26ca87d001615e",
        "x-ms-return-client-request-id": "true"
      },
      "RequestBody": null,
      "StatusCode": 200,
      "ResponseHeaders": {
        "Cache-Control": "no-store, no-cache",
        "Content-Length": "21",
        "Content-Type": "application/json",
        "Date": "Thu, 06 Apr 2023 13:19:45 GMT",
        "Pragma": "no-cache",
        "Server": "Microsoft-HTTPAPI/2.0",
        "Strict-Transport-Security": "max-age=31536000; includeSubDomains",
        "X-Content-Type-Options": "nosniff",
        "x-ms-correlation-request-id": "69ed59f3-bcce-4dde-9c82-954dcef05851",
        "x-ms-gatewayversion": "version=2.14.0",
        "x-ms-ratelimit-remaining-subscription-reads": "11657",
        "x-ms-request-id": "69ed59f3-bcce-4dde-9c82-954dcef05851",
        "x-ms-routing-request-id": "WESTCENTRALUS:20230406T131945Z:69ed59f3-bcce-4dde-9c82-954dcef05851"
      },
      "ResponseBody": {
        "status": "Dequeued"
      }
    },
    {
      "RequestUri": "https://management.azure.com/subscriptions/23587e98-b6ac-4328-a753-03bcd3c8e744/providers/Microsoft.DocumentDB/locations/westus2/operationsStatus/aab940ae-aec8-4bb6-8c54-6f8b36226901?api-version=2022-11-15-preview",
      "RequestMethod": "GET",
      "RequestHeaders": {
        "Authorization": "Sanitized",
        "traceparent": "00-477262f1c2237181aae33f0e56ce4fdb-4fca7ed13a56a4e8-00",
        "User-Agent": "azsdk-net-ResourceManager/1.4.0 (.NET 7.0.4; Microsoft Windows 10.0.22621)",
        "x-ms-client-request-id": "fe9ceb11dfba437d9690ce574e5bce6b",
        "x-ms-return-client-request-id": "true"
      },
      "RequestBody": null,
      "StatusCode": 200,
      "ResponseHeaders": {
        "Cache-Control": "no-store, no-cache",
        "Content-Length": "21",
        "Content-Type": "application/json",
        "Date": "Thu, 06 Apr 2023 13:20:17 GMT",
        "Pragma": "no-cache",
        "Server": "Microsoft-HTTPAPI/2.0",
        "Strict-Transport-Security": "max-age=31536000; includeSubDomains",
        "X-Content-Type-Options": "nosniff",
        "x-ms-correlation-request-id": "13975c62-2f2b-4a0b-8550-c3132a1aff34",
        "x-ms-gatewayversion": "version=2.14.0",
        "x-ms-ratelimit-remaining-subscription-reads": "11702",
        "x-ms-request-id": "13975c62-2f2b-4a0b-8550-c3132a1aff34",
        "x-ms-routing-request-id": "WESTCENTRALUS:20230406T132018Z:13975c62-2f2b-4a0b-8550-c3132a1aff34"
      },
      "ResponseBody": {
        "status": "Dequeued"
      }
    },
    {
      "RequestUri": "https://management.azure.com/subscriptions/23587e98-b6ac-4328-a753-03bcd3c8e744/providers/Microsoft.DocumentDB/locations/westus2/operationsStatus/aab940ae-aec8-4bb6-8c54-6f8b36226901?api-version=2022-11-15-preview",
      "RequestMethod": "GET",
      "RequestHeaders": {
        "Authorization": "Sanitized",
        "traceparent": "00-477262f1c2237181aae33f0e56ce4fdb-7eefb3bb06c08088-00",
        "User-Agent": "azsdk-net-ResourceManager/1.4.0 (.NET 7.0.4; Microsoft Windows 10.0.22621)",
        "x-ms-client-request-id": "6fb3f533cac4ec0691f1ebfb76d1bbd7",
        "x-ms-return-client-request-id": "true"
      },
      "RequestBody": null,
      "StatusCode": 200,
      "ResponseHeaders": {
        "Cache-Control": "no-store, no-cache",
        "Content-Length": "21",
        "Content-Type": "application/json",
        "Date": "Thu, 06 Apr 2023 13:20:49 GMT",
        "Pragma": "no-cache",
        "Server": "Microsoft-HTTPAPI/2.0",
        "Strict-Transport-Security": "max-age=31536000; includeSubDomains",
        "X-Content-Type-Options": "nosniff",
        "x-ms-correlation-request-id": "4b619bcb-3d30-4222-b420-309bf3b1f926",
        "x-ms-gatewayversion": "version=2.14.0",
        "x-ms-ratelimit-remaining-subscription-reads": "11701",
        "x-ms-request-id": "4b619bcb-3d30-4222-b420-309bf3b1f926",
        "x-ms-routing-request-id": "WESTCENTRALUS:20230406T132050Z:4b619bcb-3d30-4222-b420-309bf3b1f926"
      },
      "ResponseBody": {
        "status": "Dequeued"
      }
    },
    {
      "RequestUri": "https://management.azure.com/subscriptions/23587e98-b6ac-4328-a753-03bcd3c8e744/providers/Microsoft.DocumentDB/locations/westus2/operationsStatus/aab940ae-aec8-4bb6-8c54-6f8b36226901?api-version=2022-11-15-preview",
      "RequestMethod": "GET",
      "RequestHeaders": {
        "Authorization": "Sanitized",
        "traceparent": "00-477262f1c2237181aae33f0e56ce4fdb-081d4b265cc65e03-00",
        "User-Agent": "azsdk-net-ResourceManager/1.4.0 (.NET 7.0.4; Microsoft Windows 10.0.22621)",
        "x-ms-client-request-id": "bb91e08bddc2e821506d0f23910ae6d0",
        "x-ms-return-client-request-id": "true"
      },
      "RequestBody": null,
      "StatusCode": 200,
      "ResponseHeaders": {
        "Cache-Control": "no-store, no-cache",
        "Content-Length": "21",
        "Content-Type": "application/json",
        "Date": "Thu, 06 Apr 2023 13:21:22 GMT",
        "Pragma": "no-cache",
        "Server": "Microsoft-HTTPAPI/2.0",
        "Strict-Transport-Security": "max-age=31536000; includeSubDomains",
        "X-Content-Type-Options": "nosniff",
        "x-ms-correlation-request-id": "06a30c11-b90c-4d9d-a9c0-b015022998c8",
        "x-ms-gatewayversion": "version=2.14.0",
        "x-ms-ratelimit-remaining-subscription-reads": "11700",
        "x-ms-request-id": "06a30c11-b90c-4d9d-a9c0-b015022998c8",
        "x-ms-routing-request-id": "WESTCENTRALUS:20230406T132122Z:06a30c11-b90c-4d9d-a9c0-b015022998c8"
      },
      "ResponseBody": {
        "status": "Dequeued"
      }
    },
    {
      "RequestUri": "https://management.azure.com/subscriptions/23587e98-b6ac-4328-a753-03bcd3c8e744/providers/Microsoft.DocumentDB/locations/westus2/operationsStatus/aab940ae-aec8-4bb6-8c54-6f8b36226901?api-version=2022-11-15-preview",
      "RequestMethod": "GET",
      "RequestHeaders": {
        "Authorization": "Sanitized",
        "traceparent": "00-477262f1c2237181aae33f0e56ce4fdb-bdbbc303a8f53ed4-00",
        "User-Agent": "azsdk-net-ResourceManager/1.4.0 (.NET 7.0.4; Microsoft Windows 10.0.22621)",
        "x-ms-client-request-id": "db545e57f24d479ae5b06dc8f381cdc4",
        "x-ms-return-client-request-id": "true"
      },
      "RequestBody": null,
      "StatusCode": 200,
      "ResponseHeaders": {
        "Cache-Control": "no-store, no-cache",
        "Content-Length": "21",
        "Content-Type": "application/json",
        "Date": "Thu, 06 Apr 2023 13:21:54 GMT",
        "Pragma": "no-cache",
        "Server": "Microsoft-HTTPAPI/2.0",
        "Strict-Transport-Security": "max-age=31536000; includeSubDomains",
        "X-Content-Type-Options": "nosniff",
        "x-ms-correlation-request-id": "a1eb0735-93bf-4108-8416-8d20d0f62937",
        "x-ms-gatewayversion": "version=2.14.0",
        "x-ms-ratelimit-remaining-subscription-reads": "11699",
        "x-ms-request-id": "a1eb0735-93bf-4108-8416-8d20d0f62937",
        "x-ms-routing-request-id": "WESTCENTRALUS:20230406T132154Z:a1eb0735-93bf-4108-8416-8d20d0f62937"
      },
      "ResponseBody": {
        "status": "Dequeued"
      }
    },
    {
      "RequestUri": "https://management.azure.com/subscriptions/23587e98-b6ac-4328-a753-03bcd3c8e744/providers/Microsoft.DocumentDB/locations/westus2/operationsStatus/aab940ae-aec8-4bb6-8c54-6f8b36226901?api-version=2022-11-15-preview",
      "RequestMethod": "GET",
      "RequestHeaders": {
        "Authorization": "Sanitized",
        "traceparent": "00-477262f1c2237181aae33f0e56ce4fdb-eeeb6a80dc7abeea-00",
        "User-Agent": "azsdk-net-ResourceManager/1.4.0 (.NET 7.0.4; Microsoft Windows 10.0.22621)",
        "x-ms-client-request-id": "6eccf6d413ca56a9d3ca1f56bae25b87",
        "x-ms-return-client-request-id": "true"
      },
      "RequestBody": null,
      "StatusCode": 200,
      "ResponseHeaders": {
        "Cache-Control": "no-store, no-cache",
        "Content-Length": "21",
        "Content-Type": "application/json",
        "Date": "Thu, 06 Apr 2023 13:22:26 GMT",
        "Pragma": "no-cache",
        "Server": "Microsoft-HTTPAPI/2.0",
        "Strict-Transport-Security": "max-age=31536000; includeSubDomains",
        "X-Content-Type-Options": "nosniff",
        "x-ms-correlation-request-id": "9ed2c25d-8241-4715-a185-5f15b2f3dc2b",
        "x-ms-gatewayversion": "version=2.14.0",
        "x-ms-ratelimit-remaining-subscription-reads": "11698",
        "x-ms-request-id": "9ed2c25d-8241-4715-a185-5f15b2f3dc2b",
        "x-ms-routing-request-id": "WESTCENTRALUS:20230406T132226Z:9ed2c25d-8241-4715-a185-5f15b2f3dc2b"
      },
      "ResponseBody": {
        "status": "Dequeued"
      }
    },
    {
      "RequestUri": "https://management.azure.com/subscriptions/23587e98-b6ac-4328-a753-03bcd3c8e744/providers/Microsoft.DocumentDB/locations/westus2/operationsStatus/aab940ae-aec8-4bb6-8c54-6f8b36226901?api-version=2022-11-15-preview",
      "RequestMethod": "GET",
      "RequestHeaders": {
        "Authorization": "Sanitized",
        "traceparent": "00-477262f1c2237181aae33f0e56ce4fdb-f64a3c0e6b85cd32-00",
        "User-Agent": "azsdk-net-ResourceManager/1.4.0 (.NET 7.0.4; Microsoft Windows 10.0.22621)",
        "x-ms-client-request-id": "17a41b0bdf7d9989464ad6126f59f4ce",
        "x-ms-return-client-request-id": "true"
      },
      "RequestBody": null,
      "StatusCode": 200,
      "ResponseHeaders": {
        "Cache-Control": "no-store, no-cache",
        "Content-Length": "21",
        "Content-Type": "application/json",
        "Date": "Thu, 06 Apr 2023 13:22:58 GMT",
        "Pragma": "no-cache",
        "Server": "Microsoft-HTTPAPI/2.0",
        "Strict-Transport-Security": "max-age=31536000; includeSubDomains",
        "X-Content-Type-Options": "nosniff",
        "x-ms-correlation-request-id": "741980ac-19df-4e6c-a73a-cd0b40b0f640",
        "x-ms-gatewayversion": "version=2.14.0",
        "x-ms-ratelimit-remaining-subscription-reads": "11697",
        "x-ms-request-id": "741980ac-19df-4e6c-a73a-cd0b40b0f640",
        "x-ms-routing-request-id": "WESTCENTRALUS:20230406T132259Z:741980ac-19df-4e6c-a73a-cd0b40b0f640"
      },
      "ResponseBody": {
        "status": "Dequeued"
      }
    },
    {
      "RequestUri": "https://management.azure.com/subscriptions/23587e98-b6ac-4328-a753-03bcd3c8e744/providers/Microsoft.DocumentDB/locations/westus2/operationsStatus/aab940ae-aec8-4bb6-8c54-6f8b36226901?api-version=2022-11-15-preview",
      "RequestMethod": "GET",
      "RequestHeaders": {
        "Authorization": "Sanitized",
        "traceparent": "00-477262f1c2237181aae33f0e56ce4fdb-b897b67ccd68ec55-00",
        "User-Agent": "azsdk-net-ResourceManager/1.4.0 (.NET 7.0.4; Microsoft Windows 10.0.22621)",
        "x-ms-client-request-id": "9a4f4ba0773e4305b5fd0882d2438c03",
        "x-ms-return-client-request-id": "true"
      },
      "RequestBody": null,
      "StatusCode": 200,
      "ResponseHeaders": {
        "Cache-Control": "no-store, no-cache",
        "Content-Length": "21",
        "Content-Type": "application/json",
        "Date": "Thu, 06 Apr 2023 13:23:30 GMT",
        "Pragma": "no-cache",
        "Server": "Microsoft-HTTPAPI/2.0",
        "Strict-Transport-Security": "max-age=31536000; includeSubDomains",
        "X-Content-Type-Options": "nosniff",
        "x-ms-correlation-request-id": "9e64bee9-f1fc-4ba0-b2fb-d907aa730c58",
        "x-ms-gatewayversion": "version=2.14.0",
        "x-ms-ratelimit-remaining-subscription-reads": "11696",
        "x-ms-request-id": "9e64bee9-f1fc-4ba0-b2fb-d907aa730c58",
        "x-ms-routing-request-id": "WESTCENTRALUS:20230406T132331Z:9e64bee9-f1fc-4ba0-b2fb-d907aa730c58"
      },
      "ResponseBody": {
        "status": "Dequeued"
      }
    },
    {
      "RequestUri": "https://management.azure.com/subscriptions/23587e98-b6ac-4328-a753-03bcd3c8e744/providers/Microsoft.DocumentDB/locations/westus2/operationsStatus/aab940ae-aec8-4bb6-8c54-6f8b36226901?api-version=2022-11-15-preview",
      "RequestMethod": "GET",
      "RequestHeaders": {
        "Authorization": "Sanitized",
        "traceparent": "00-477262f1c2237181aae33f0e56ce4fdb-d756767aed237e9a-00",
        "User-Agent": "azsdk-net-ResourceManager/1.4.0 (.NET 7.0.4; Microsoft Windows 10.0.22621)",
        "x-ms-client-request-id": "d7bce555b5dcf4466c3228803d97e67a",
        "x-ms-return-client-request-id": "true"
      },
      "RequestBody": null,
      "StatusCode": 200,
      "ResponseHeaders": {
        "Cache-Control": "no-store, no-cache",
        "Content-Length": "21",
        "Content-Type": "application/json",
        "Date": "Thu, 06 Apr 2023 13:24:02 GMT",
        "Pragma": "no-cache",
        "Server": "Microsoft-HTTPAPI/2.0",
        "Strict-Transport-Security": "max-age=31536000; includeSubDomains",
        "X-Content-Type-Options": "nosniff",
        "x-ms-correlation-request-id": "12216718-6a0a-423d-a547-7737d0b1b783",
        "x-ms-gatewayversion": "version=2.14.0",
        "x-ms-ratelimit-remaining-subscription-reads": "11695",
        "x-ms-request-id": "12216718-6a0a-423d-a547-7737d0b1b783",
        "x-ms-routing-request-id": "WESTCENTRALUS:20230406T132403Z:12216718-6a0a-423d-a547-7737d0b1b783"
      },
      "ResponseBody": {
        "status": "Dequeued"
      }
    },
    {
      "RequestUri": "https://management.azure.com/subscriptions/23587e98-b6ac-4328-a753-03bcd3c8e744/providers/Microsoft.DocumentDB/locations/westus2/operationsStatus/aab940ae-aec8-4bb6-8c54-6f8b36226901?api-version=2022-11-15-preview",
      "RequestMethod": "GET",
      "RequestHeaders": {
        "Authorization": "Sanitized",
        "traceparent": "00-477262f1c2237181aae33f0e56ce4fdb-b6cdd2df77a361fc-00",
        "User-Agent": "azsdk-net-ResourceManager/1.4.0 (.NET 7.0.4; Microsoft Windows 10.0.22621)",
        "x-ms-client-request-id": "6fb650d5c09293491561617fd706c602",
        "x-ms-return-client-request-id": "true"
      },
      "RequestBody": null,
      "StatusCode": 200,
      "ResponseHeaders": {
        "Cache-Control": "no-store, no-cache",
        "Content-Length": "21",
        "Content-Type": "application/json",
        "Date": "Thu, 06 Apr 2023 13:24:35 GMT",
        "Pragma": "no-cache",
        "Server": "Microsoft-HTTPAPI/2.0",
        "Strict-Transport-Security": "max-age=31536000; includeSubDomains",
        "X-Content-Type-Options": "nosniff",
        "x-ms-correlation-request-id": "0d081d07-c48d-4bf6-8a8a-cc4094c99dc2",
        "x-ms-gatewayversion": "version=2.14.0",
        "x-ms-ratelimit-remaining-subscription-reads": "11694",
        "x-ms-request-id": "0d081d07-c48d-4bf6-8a8a-cc4094c99dc2",
        "x-ms-routing-request-id": "WESTCENTRALUS:20230406T132435Z:0d081d07-c48d-4bf6-8a8a-cc4094c99dc2"
      },
      "ResponseBody": {
        "status": "Dequeued"
      }
    },
    {
      "RequestUri": "https://management.azure.com/subscriptions/23587e98-b6ac-4328-a753-03bcd3c8e744/providers/Microsoft.DocumentDB/locations/westus2/operationsStatus/aab940ae-aec8-4bb6-8c54-6f8b36226901?api-version=2022-11-15-preview",
      "RequestMethod": "GET",
      "RequestHeaders": {
        "Authorization": "Sanitized",
        "traceparent": "00-477262f1c2237181aae33f0e56ce4fdb-f855ff322b719015-00",
        "User-Agent": "azsdk-net-ResourceManager/1.4.0 (.NET 7.0.4; Microsoft Windows 10.0.22621)",
        "x-ms-client-request-id": "8abcd3bd1d9ceaf1045a2e0b4e85061e",
        "x-ms-return-client-request-id": "true"
      },
      "RequestBody": null,
      "StatusCode": 200,
      "ResponseHeaders": {
        "Cache-Control": "no-store, no-cache",
        "Content-Length": "21",
        "Content-Type": "application/json",
        "Date": "Thu, 06 Apr 2023 13:25:07 GMT",
        "Pragma": "no-cache",
        "Server": "Microsoft-HTTPAPI/2.0",
        "Strict-Transport-Security": "max-age=31536000; includeSubDomains",
        "X-Content-Type-Options": "nosniff",
        "x-ms-correlation-request-id": "0713d355-33ac-4e31-b877-cc6115dd671e",
        "x-ms-gatewayversion": "version=2.14.0",
        "x-ms-ratelimit-remaining-subscription-reads": "11703",
        "x-ms-request-id": "0713d355-33ac-4e31-b877-cc6115dd671e",
        "x-ms-routing-request-id": "WESTCENTRALUS:20230406T132507Z:0713d355-33ac-4e31-b877-cc6115dd671e"
      },
      "ResponseBody": {
        "status": "Dequeued"
      }
    },
    {
      "RequestUri": "https://management.azure.com/subscriptions/23587e98-b6ac-4328-a753-03bcd3c8e744/providers/Microsoft.DocumentDB/locations/westus2/operationsStatus/aab940ae-aec8-4bb6-8c54-6f8b36226901?api-version=2022-11-15-preview",
      "RequestMethod": "GET",
      "RequestHeaders": {
        "Authorization": "Sanitized",
        "traceparent": "00-477262f1c2237181aae33f0e56ce4fdb-90e2badb1bf96625-00",
        "User-Agent": "azsdk-net-ResourceManager/1.4.0 (.NET 7.0.4; Microsoft Windows 10.0.22621)",
        "x-ms-client-request-id": "82ad8d171d8d94709c28c17b54c71c65",
        "x-ms-return-client-request-id": "true"
      },
      "RequestBody": null,
      "StatusCode": 200,
      "ResponseHeaders": {
        "Cache-Control": "no-store, no-cache",
        "Content-Length": "21",
        "Content-Type": "application/json",
        "Date": "Thu, 06 Apr 2023 13:25:38 GMT",
        "Pragma": "no-cache",
        "Server": "Microsoft-HTTPAPI/2.0",
        "Strict-Transport-Security": "max-age=31536000; includeSubDomains",
        "X-Content-Type-Options": "nosniff",
        "x-ms-correlation-request-id": "d9d57bb8-d27c-4864-b1fa-4b42bb3d2d99",
        "x-ms-gatewayversion": "version=2.14.0",
        "x-ms-ratelimit-remaining-subscription-reads": "11702",
        "x-ms-request-id": "d9d57bb8-d27c-4864-b1fa-4b42bb3d2d99",
        "x-ms-routing-request-id": "WESTCENTRALUS:20230406T132539Z:d9d57bb8-d27c-4864-b1fa-4b42bb3d2d99"
      },
      "ResponseBody": {
        "status": "Dequeued"
      }
    },
    {
      "RequestUri": "https://management.azure.com/subscriptions/23587e98-b6ac-4328-a753-03bcd3c8e744/providers/Microsoft.DocumentDB/locations/westus2/operationsStatus/aab940ae-aec8-4bb6-8c54-6f8b36226901?api-version=2022-11-15-preview",
      "RequestMethod": "GET",
      "RequestHeaders": {
        "Authorization": "Sanitized",
        "traceparent": "00-477262f1c2237181aae33f0e56ce4fdb-f71ac7365e7b869d-00",
        "User-Agent": "azsdk-net-ResourceManager/1.4.0 (.NET 7.0.4; Microsoft Windows 10.0.22621)",
        "x-ms-client-request-id": "6ac2266c5cdab8de5ecb6b38923d4590",
        "x-ms-return-client-request-id": "true"
      },
      "RequestBody": null,
      "StatusCode": 200,
      "ResponseHeaders": {
        "Cache-Control": "no-store, no-cache",
        "Content-Length": "21",
        "Content-Type": "application/json",
        "Date": "Thu, 06 Apr 2023 13:26:10 GMT",
        "Pragma": "no-cache",
        "Server": "Microsoft-HTTPAPI/2.0",
        "Strict-Transport-Security": "max-age=31536000; includeSubDomains",
        "X-Content-Type-Options": "nosniff",
        "x-ms-correlation-request-id": "67c203a9-0d94-4740-80e6-7e7ad2b61227",
        "x-ms-gatewayversion": "version=2.14.0",
        "x-ms-ratelimit-remaining-subscription-reads": "11701",
        "x-ms-request-id": "67c203a9-0d94-4740-80e6-7e7ad2b61227",
        "x-ms-routing-request-id": "WESTCENTRALUS:20230406T132611Z:67c203a9-0d94-4740-80e6-7e7ad2b61227"
      },
      "ResponseBody": {
        "status": "Dequeued"
      }
    },
    {
      "RequestUri": "https://management.azure.com/subscriptions/23587e98-b6ac-4328-a753-03bcd3c8e744/providers/Microsoft.DocumentDB/locations/westus2/operationsStatus/aab940ae-aec8-4bb6-8c54-6f8b36226901?api-version=2022-11-15-preview",
      "RequestMethod": "GET",
      "RequestHeaders": {
        "Authorization": "Sanitized",
        "traceparent": "00-477262f1c2237181aae33f0e56ce4fdb-3ff7a9297e372428-00",
        "User-Agent": "azsdk-net-ResourceManager/1.4.0 (.NET 7.0.4; Microsoft Windows 10.0.22621)",
        "x-ms-client-request-id": "4a68425a4459a0756227ed735b76963c",
        "x-ms-return-client-request-id": "true"
      },
      "RequestBody": null,
      "StatusCode": 200,
      "ResponseHeaders": {
        "Cache-Control": "no-store, no-cache",
        "Content-Length": "21",
        "Content-Type": "application/json",
        "Date": "Thu, 06 Apr 2023 13:26:43 GMT",
        "Pragma": "no-cache",
        "Server": "Microsoft-HTTPAPI/2.0",
        "Strict-Transport-Security": "max-age=31536000; includeSubDomains",
        "X-Content-Type-Options": "nosniff",
        "x-ms-correlation-request-id": "a5c43b46-2f43-4212-935c-8aeef371ba5f",
        "x-ms-gatewayversion": "version=2.14.0",
        "x-ms-ratelimit-remaining-subscription-reads": "11700",
        "x-ms-request-id": "a5c43b46-2f43-4212-935c-8aeef371ba5f",
        "x-ms-routing-request-id": "WESTCENTRALUS:20230406T132643Z:a5c43b46-2f43-4212-935c-8aeef371ba5f"
      },
      "ResponseBody": {
        "status": "Dequeued"
      }
    },
    {
      "RequestUri": "https://management.azure.com/subscriptions/23587e98-b6ac-4328-a753-03bcd3c8e744/providers/Microsoft.DocumentDB/locations/westus2/operationsStatus/aab940ae-aec8-4bb6-8c54-6f8b36226901?api-version=2022-11-15-preview",
      "RequestMethod": "GET",
      "RequestHeaders": {
        "Authorization": "Sanitized",
        "traceparent": "00-477262f1c2237181aae33f0e56ce4fdb-aa4bd19cd61873f3-00",
        "User-Agent": "azsdk-net-ResourceManager/1.4.0 (.NET 7.0.4; Microsoft Windows 10.0.22621)",
        "x-ms-client-request-id": "289fc83d9bc3ba44aff423c2b138025e",
        "x-ms-return-client-request-id": "true"
      },
      "RequestBody": null,
      "StatusCode": 200,
      "ResponseHeaders": {
        "Cache-Control": "no-store, no-cache",
        "Content-Length": "22",
        "Content-Type": "application/json",
        "Date": "Thu, 06 Apr 2023 13:27:15 GMT",
        "Pragma": "no-cache",
        "Server": "Microsoft-HTTPAPI/2.0",
        "Strict-Transport-Security": "max-age=31536000; includeSubDomains",
        "X-Content-Type-Options": "nosniff",
        "x-ms-correlation-request-id": "c2e882a1-7371-48f3-b6c1-e89693c77c49",
        "x-ms-gatewayversion": "version=2.14.0",
        "x-ms-ratelimit-remaining-subscription-reads": "11699",
        "x-ms-request-id": "c2e882a1-7371-48f3-b6c1-e89693c77c49",
        "x-ms-routing-request-id": "WESTCENTRALUS:20230406T132715Z:c2e882a1-7371-48f3-b6c1-e89693c77c49"
      },
      "ResponseBody": {
        "status": "Succeeded"
      }
    }
  ],
  "Variables": {
    "AZURE_AUTHORITY_HOST": "https://login.microsoftonline.com/",
    "RandomSeed": "506416851",
    "RESOURCE_MANAGER_URL": "https://management.azure.com/",
    "SUBSCRIPTION_ID": "23587e98-b6ac-4328-a753-03bcd3c8e744"
  }
}
