{
  "Entries": [
    {
      "RequestUri": "http://kasoboltest.blob.core.windows.net/test-container-91d9863d-8fbd-6ce0-672f-62543c50c27c?restype=container",
      "RequestMethod": "PUT",
      "RequestHeaders": {
        "Authorization": "Sanitized",
        "traceparent": "00-6d693efe50951a4ab9a97d767498e986-acf23f55d683ec4e-00",
        "User-Agent": [
          "azsdk-net-Storage.Blobs/12.4.0-dev.20200329.1",
          "(.NET Core 4.6.28325.01; Microsoft Windows 10.0.18363 )"
        ],
        "x-ms-blob-public-access": "container",
        "x-ms-client-request-id": "76eaf63b-1dfd-79cb-a1bb-8140c0e0e84b",
        "x-ms-date": "Mon, 30 Mar 2020 05:49:12 GMT",
        "x-ms-return-client-request-id": "true",
        "x-ms-version": "2019-07-07"
      },
      "RequestBody": null,
      "StatusCode": 201,
      "ResponseHeaders": {
        "Content-Length": "0",
        "Date": "Mon, 30 Mar 2020 05:49:11 GMT",
        "ETag": "\u00220x8D7D46E12B0A55A\u0022",
        "Last-Modified": "Mon, 30 Mar 2020 05:49:12 GMT",
        "Server": [
          "Windows-Azure-Blob/1.0",
          "Microsoft-HTTPAPI/2.0"
        ],
        "x-ms-client-request-id": "76eaf63b-1dfd-79cb-a1bb-8140c0e0e84b",
        "x-ms-request-id": "35868747-801e-0012-5c56-0660ef000000",
        "x-ms-version": "2019-07-07"
      },
      "ResponseBody": []
    },
    {
      "RequestUri": "http://kasoboltest.blob.core.windows.net/test-container-91d9863d-8fbd-6ce0-672f-62543c50c27c/test-blob-3a316b4b-6ccf-04d4-144f-e014c29209f7?comp=blocklist",
      "RequestMethod": "PUT",
      "RequestHeaders": {
        "Authorization": "Sanitized",
        "Content-Length": "104",
        "Content-Type": "application/xml",
        "traceparent": "00-0b26d8cc2b54e24a9fd166aaee01eb10-88692b7254a70f4f-00",
        "User-Agent": [
          "azsdk-net-Storage.Blobs/12.4.0-dev.20200329.1",
          "(.NET Core 4.6.28325.01; Microsoft Windows 10.0.18363 )"
        ],
        "x-ms-client-request-id": "30ab3e85-1bbf-cb01-e17e-c3cbc19e4592",
        "x-ms-date": "Mon, 30 Mar 2020 05:49:12 GMT",
        "x-ms-return-client-request-id": "true",
        "x-ms-version": "2019-07-07"
      },
      "RequestBody": "\u003CBlockList\u003E\u003CLatest\u003EdGVzdC1ibG9jay02Y2NkNzVlYy1jNzI4LTUxOGMtOWRlZS1mNDlkOWU1Y2IxNzA=\u003C/Latest\u003E\u003C/BlockList\u003E",
      "StatusCode": 400,
      "ResponseHeaders": {
        "Content-Length": "221",
        "Content-Type": "application/xml",
        "Date": "Mon, 30 Mar 2020 05:49:11 GMT",
        "Server": [
          "Windows-Azure-Blob/1.0",
          "Microsoft-HTTPAPI/2.0"
        ],
        "x-ms-client-request-id": "30ab3e85-1bbf-cb01-e17e-c3cbc19e4592",
        "x-ms-error-code": "InvalidBlockList",
        "x-ms-request-id": "35868750-801e-0012-6356-0660ef000000",
        "x-ms-version": "2019-07-07"
      },
      "ResponseBody": [
        "\uFEFF\u003C?xml version=\u00221.0\u0022 encoding=\u0022utf-8\u0022?\u003E\u003CError\u003E\u003CCode\u003EInvalidBlockList\u003C/Code\u003E\u003CMessage\u003EThe specified block list is invalid.\n",
        "RequestId:35868750-801e-0012-6356-0660ef000000\n",
        "Time:2020-03-30T05:49:12.1672446Z\u003C/Message\u003E\u003C/Error\u003E"
      ]
    },
    {
      "RequestUri": "http://kasoboltest.blob.core.windows.net/test-container-91d9863d-8fbd-6ce0-672f-62543c50c27c?restype=container",
      "RequestMethod": "DELETE",
      "RequestHeaders": {
        "Authorization": "Sanitized",
        "traceparent": "00-46693f056f710c4bb03fb1cfc4ea3fc5-439dfc47e470b942-00",
        "User-Agent": [
          "azsdk-net-Storage.Blobs/12.4.0-dev.20200329.1",
          "(.NET Core 4.6.28325.01; Microsoft Windows 10.0.18363 )"
        ],
        "x-ms-client-request-id": "5f172495-80b0-5bb1-bf03-05cabeb2bdd4",
        "x-ms-date": "Mon, 30 Mar 2020 05:49:12 GMT",
        "x-ms-return-client-request-id": "true",
        "x-ms-version": "2019-07-07"
      },
      "RequestBody": null,
      "StatusCode": 202,
      "ResponseHeaders": {
        "Content-Length": "0",
        "Date": "Mon, 30 Mar 2020 05:49:12 GMT",
        "Server": [
          "Windows-Azure-Blob/1.0",
          "Microsoft-HTTPAPI/2.0"
        ],
        "x-ms-client-request-id": "5f172495-80b0-5bb1-bf03-05cabeb2bdd4",
        "x-ms-request-id": "35868754-801e-0012-6756-0660ef000000",
        "x-ms-version": "2019-07-07"
      },
      "ResponseBody": []
    }
  ],
  "Variables": {
    "RandomSeed": "199451915",
    "Storage_TestConfigDefault": "ProductionTenant\nkasoboltest\nU2FuaXRpemVk\nhttp://kasoboltest.blob.core.windows.net\nhttp://kasoboltest.file.core.windows.net\nhttp://kasoboltest.queue.core.windows.net\nhttp://kasoboltest.table.core.windows.net\n\n\n\n\nhttp://kasoboltest-secondary.blob.core.windows.net\nhttp://kasoboltest-secondary.file.core.windows.net\nhttp://kasoboltest-secondary.queue.core.windows.net\nhttp://kasoboltest-secondary.table.core.windows.net\n\nSanitized\n\n\nCloud\nBlobEndpoint=http://kasoboltest.blob.core.windows.net/;QueueEndpoint=http://kasoboltest.queue.core.windows.net/;FileEndpoint=http://kasoboltest.file.core.windows.net/;BlobSecondaryEndpoint=http://kasoboltest-secondary.blob.core.windows.net/;QueueSecondaryEndpoint=http://kasoboltest-secondary.queue.core.windows.net/;FileSecondaryEndpoint=http://kasoboltest-secondary.file.core.windows.net/;AccountName=kasoboltest;AccountKey=Sanitized\nencryptionScope"
  }
}