{
  "Entries": [
    {
      "RequestUri": "http://kasoboltest.blob.core.windows.net/test-container-f6a211f4-88fb-f9c2-be5d-c6eb5f8d606d?restype=container",
      "RequestMethod": "PUT",
      "RequestHeaders": {
        "Authorization": "Sanitized",
        "traceparent": "00-6cb3e161cf954f40ab477332a38ade1a-ebb8ba8013cefe4c-00",
        "User-Agent": [
          "azsdk-net-Storage.Blobs/12.4.0-dev.20200329.1",
          "(.NET Core 4.6.28325.01; Microsoft Windows 10.0.18363 )"
        ],
        "x-ms-blob-public-access": "container",
        "x-ms-client-request-id": "23d29ad8-b03a-3570-d264-d73952151143",
        "x-ms-date": "Mon, 30 Mar 2020 05:49:19 GMT",
        "x-ms-return-client-request-id": "true",
        "x-ms-version": "2019-07-07"
      },
      "RequestBody": null,
      "StatusCode": 201,
      "ResponseHeaders": {
        "Content-Length": "0",
        "Date": "Mon, 30 Mar 2020 05:49:18 GMT",
        "ETag": "\u00220x8D7D46E17215A31\u0022",
        "Last-Modified": "Mon, 30 Mar 2020 05:49:19 GMT",
        "Server": [
          "Windows-Azure-Blob/1.0",
          "Microsoft-HTTPAPI/2.0"
        ],
        "x-ms-client-request-id": "23d29ad8-b03a-3570-d264-d73952151143",
        "x-ms-request-id": "c5623838-f01e-0052-5f56-064901000000",
        "x-ms-version": "2019-07-07"
      },
      "ResponseBody": []
    },
    {
      "RequestUri": "http://kasoboltest.blob.core.windows.net/test-container-f6a211f4-88fb-f9c2-be5d-c6eb5f8d606d/test-blob-62e34822-57bd-6ddc-bbaf-441a39ba23fe?comp=blocklist",
      "RequestMethod": "PUT",
      "RequestHeaders": {
        "Authorization": "Sanitized",
        "Content-Length": "104",
        "Content-Type": "application/xml",
        "traceparent": "00-08c09d3ea4367b4cb7696fb3fdf3dabd-af2c2693e1faa347-00",
        "User-Agent": [
          "azsdk-net-Storage.Blobs/12.4.0-dev.20200329.1",
          "(.NET Core 4.6.28325.01; Microsoft Windows 10.0.18363 )"
        ],
        "x-ms-client-request-id": "f13aacdf-e87f-56e3-4056-2d86ab2f46ca",
        "x-ms-date": "Mon, 30 Mar 2020 05:49:19 GMT",
        "x-ms-return-client-request-id": "true",
        "x-ms-version": "2019-07-07"
      },
      "RequestBody": "\u003CBlockList\u003E\u003CLatest\u003EdGVzdC1ibG9jay0zMDhjNjI0Mi04ZTFiLTdhMmItYTYzYy01ZDIxYzZjNjk3YTU=\u003C/Latest\u003E\u003C/BlockList\u003E",
      "StatusCode": 400,
      "ResponseHeaders": {
        "Content-Length": "221",
        "Content-Type": "application/xml",
        "Date": "Mon, 30 Mar 2020 05:49:18 GMT",
        "Server": [
          "Windows-Azure-Blob/1.0",
          "Microsoft-HTTPAPI/2.0"
        ],
        "x-ms-client-request-id": "f13aacdf-e87f-56e3-4056-2d86ab2f46ca",
        "x-ms-error-code": "InvalidBlockList",
        "x-ms-request-id": "c562383f-f01e-0052-6556-064901000000",
        "x-ms-version": "2019-07-07"
      },
      "ResponseBody": [
        "\uFEFF\u003C?xml version=\u00221.0\u0022 encoding=\u0022utf-8\u0022?\u003E\u003CError\u003E\u003CCode\u003EInvalidBlockList\u003C/Code\u003E\u003CMessage\u003EThe specified block list is invalid.\n",
        "RequestId:c562383f-f01e-0052-6556-064901000000\n",
        "Time:2020-03-30T05:49:19.6447829Z\u003C/Message\u003E\u003C/Error\u003E"
      ]
    },
    {
      "RequestUri": "http://kasoboltest.blob.core.windows.net/test-container-f6a211f4-88fb-f9c2-be5d-c6eb5f8d606d?restype=container",
      "RequestMethod": "DELETE",
      "RequestHeaders": {
        "Authorization": "Sanitized",
        "traceparent": "00-ca82689956e00e4b9e4208c8d9638b7b-c11e798f2e95aa48-00",
        "User-Agent": [
          "azsdk-net-Storage.Blobs/12.4.0-dev.20200329.1",
          "(.NET Core 4.6.28325.01; Microsoft Windows 10.0.18363 )"
        ],
        "x-ms-client-request-id": "19410804-a58b-0d26-0efb-b3ff2acc2c75",
        "x-ms-date": "Mon, 30 Mar 2020 05:49:19 GMT",
        "x-ms-return-client-request-id": "true",
        "x-ms-version": "2019-07-07"
      },
      "RequestBody": null,
      "StatusCode": 202,
      "ResponseHeaders": {
        "Content-Length": "0",
        "Date": "Mon, 30 Mar 2020 05:49:18 GMT",
        "Server": [
          "Windows-Azure-Blob/1.0",
          "Microsoft-HTTPAPI/2.0"
        ],
        "x-ms-client-request-id": "19410804-a58b-0d26-0efb-b3ff2acc2c75",
        "x-ms-request-id": "c5623840-f01e-0052-6656-064901000000",
        "x-ms-version": "2019-07-07"
      },
      "ResponseBody": []
    }
  ],
  "Variables": {
    "RandomSeed": "899397718",
    "Storage_TestConfigDefault": "ProductionTenant\nkasoboltest\nU2FuaXRpemVk\nhttp://kasoboltest.blob.core.windows.net\nhttp://kasoboltest.file.core.windows.net\nhttp://kasoboltest.queue.core.windows.net\nhttp://kasoboltest.table.core.windows.net\n\n\n\n\nhttp://kasoboltest-secondary.blob.core.windows.net\nhttp://kasoboltest-secondary.file.core.windows.net\nhttp://kasoboltest-secondary.queue.core.windows.net\nhttp://kasoboltest-secondary.table.core.windows.net\n\nSanitized\n\n\nCloud\nBlobEndpoint=http://kasoboltest.blob.core.windows.net/;QueueEndpoint=http://kasoboltest.queue.core.windows.net/;FileEndpoint=http://kasoboltest.file.core.windows.net/;BlobSecondaryEndpoint=http://kasoboltest-secondary.blob.core.windows.net/;QueueSecondaryEndpoint=http://kasoboltest-secondary.queue.core.windows.net/;FileSecondaryEndpoint=http://kasoboltest-secondary.file.core.windows.net/;AccountName=kasoboltest;AccountKey=Sanitized\nencryptionScope"
  }
}