{
  "Entries": [
    {
      "RequestUri": "https://amandacanary.blob.core.windows.net/test-container-c1fd80a3-7950-94e6-c19f-9b4f635aa49e?restype=container",
      "RequestMethod": "PUT",
      "RequestHeaders": {
        "Accept": "application/xml",
        "Authorization": "Sanitized",
        "traceparent": "00-4be62dcc4726db459a3493e9601f2be3-5e7fc76f4774134b-00",
        "User-Agent": [
          "azsdk-net-Storage.Blobs/12.11.0-alpha.20211020.1",
          "(.NET 5.0.10; Microsoft Windows 10.0.19043)"
        ],
        "x-ms-blob-public-access": "container",
        "x-ms-client-request-id": "ff577f8d-93bb-3da8-8273-2f370d1226b9",
        "x-ms-date": "Wed, 20 Oct 2021 17:30:52 GMT",
        "x-ms-return-client-request-id": "true",
        "x-ms-version": "2021-04-10"
      },
      "RequestBody": null,
      "StatusCode": 201,
      "ResponseHeaders": {
        "Content-Length": "0",
        "Date": "Wed, 20 Oct 2021 17:30:51 GMT",
        "ETag": "\u00220x8D993EF5D874713\u0022",
        "Last-Modified": "Wed, 20 Oct 2021 17:30:52 GMT",
        "Server": [
          "Windows-Azure-Blob/1.0",
          "Microsoft-HTTPAPI/2.0"
        ],
        "x-ms-client-request-id": "ff577f8d-93bb-3da8-8273-2f370d1226b9",
        "x-ms-request-id": "d3a3b5eb-d01e-007f-09d8-c5ea32000000",
        "x-ms-version": "2021-04-10"
      },
      "ResponseBody": []
    },
    {
      "RequestUri": "https://amandacanary.blob.core.windows.net/test-container-c1fd80a3-7950-94e6-c19f-9b4f635aa49e/test-blob-e9727d11-191a-09a8-a12a-417ee0b0759d",
      "RequestMethod": "PUT",
      "RequestHeaders": {
        "Accept": "application/xml",
        "Authorization": "Sanitized",
        "Content-Length": "0",
        "Content-Type": "application/octet-stream",
        "traceparent": "00-7335cfff9a496049a8e2234474aaf2b5-ec9ee9814897df4e-00",
        "User-Agent": [
          "azsdk-net-Storage.Blobs/12.11.0-alpha.20211020.1",
          "(.NET 5.0.10; Microsoft Windows 10.0.19043)"
        ],
        "x-ms-blob-type": "BlockBlob",
        "x-ms-client-request-id": "a023dfab-85b0-7452-d74e-5e91522a5cd1",
        "x-ms-date": "Wed, 20 Oct 2021 17:30:52 GMT",
        "x-ms-return-client-request-id": "true",
        "x-ms-version": "2021-04-10"
      },
      "RequestBody": [],
      "StatusCode": 201,
      "ResponseHeaders": {
        "Content-Length": "0",
        "Content-MD5": "1B2M2Y8AsgTpgAmY7PhCfg==",
        "Date": "Wed, 20 Oct 2021 17:30:51 GMT",
        "ETag": "\u00220x8D993EF5D946F48\u0022",
        "Last-Modified": "Wed, 20 Oct 2021 17:30:52 GMT",
        "Server": [
          "Windows-Azure-Blob/1.0",
          "Microsoft-HTTPAPI/2.0"
        ],
        "x-ms-client-request-id": "a023dfab-85b0-7452-d74e-5e91522a5cd1",
        "x-ms-content-crc64": "AAAAAAAAAAA=",
        "x-ms-request-id": "d3a3b5f0-d01e-007f-0dd8-c5ea32000000",
        "x-ms-request-server-encrypted": "true",
        "x-ms-version": "2021-04-10",
        "x-ms-version-id": "2021-10-20T17:30:52.6111560Z"
      },
      "ResponseBody": []
    },
    {
      "RequestUri": "https://amandacanary.blob.core.windows.net/test-container-c1fd80a3-7950-94e6-c19f-9b4f635aa49e/test-blob-e9727d11-191a-09a8-a12a-417ee0b0759d",
      "RequestMethod": "PUT",
      "RequestHeaders": {
        "Accept": "application/xml",
        "Authorization": "Sanitized",
        "Content-Length": "0",
        "Content-Type": "application/octet-stream",
        "traceparent": "00-cf8df68da04d9d46bbf73f9d19ab8a21-db1fcbe73ce6ad4a-00",
        "User-Agent": [
          "azsdk-net-Storage.Blobs/12.11.0-alpha.20211020.1",
          "(.NET 5.0.10; Microsoft Windows 10.0.19043)"
        ],
        "x-ms-blob-type": "BlockBlob",
        "x-ms-client-request-id": "01d2d366-d48c-abed-dc4d-0cb34651dbc3",
        "x-ms-date": "Wed, 20 Oct 2021 17:30:52 GMT",
        "x-ms-return-client-request-id": "true",
        "x-ms-tags": "testkey=testvalue",
        "x-ms-version": "2021-04-10"
      },
      "RequestBody": [],
      "StatusCode": 201,
      "ResponseHeaders": {
        "Content-Length": "0",
        "Content-MD5": "1B2M2Y8AsgTpgAmY7PhCfg==",
        "Date": "Wed, 20 Oct 2021 17:30:51 GMT",
        "ETag": "\u00220x8D993EF5DA25009\u0022",
        "Last-Modified": "Wed, 20 Oct 2021 17:30:52 GMT",
        "Server": [
          "Windows-Azure-Blob/1.0",
          "Microsoft-HTTPAPI/2.0"
        ],
        "x-ms-client-request-id": "01d2d366-d48c-abed-dc4d-0cb34651dbc3",
        "x-ms-content-crc64": "AAAAAAAAAAA=",
        "x-ms-request-id": "d3a3b5f3-d01e-007f-0fd8-c5ea32000000",
        "x-ms-request-server-encrypted": "true",
        "x-ms-version": "2021-04-10",
        "x-ms-version-id": "2021-10-20T17:30:52.7031065Z"
      },
      "ResponseBody": []
    },
    {
      "RequestUri": "https://amandacanary.blob.core.windows.net/test-container-c1fd80a3-7950-94e6-c19f-9b4f635aa49e/test-blob-e9727d11-191a-09a8-a12a-417ee0b0759d?comp=blocklist",
      "RequestMethod": "PUT",
      "RequestHeaders": {
        "Accept": "application/xml",
        "Authorization": "Sanitized",
        "Content-Length": "16",
        "Content-Type": "application/xml",
        "If-Match": "\u00220x8D993EF5DA25009\u0022",
        "User-Agent": [
          "azsdk-net-Storage.Blobs/12.11.0-alpha.20211020.1",
          "(.NET 5.0.10; Microsoft Windows 10.0.19043)"
        ],
        "x-ms-client-request-id": "7f2a64b1-5b57-2845-a45b-020336032749",
        "x-ms-date": "Wed, 20 Oct 2021 17:30:52 GMT",
        "x-ms-return-client-request-id": "true",
        "x-ms-tags": "testkey=testvalue",
        "x-ms-version": "2021-04-10"
      },
      "RequestBody": "\uFEFF\u003CBlockList /\u003E",
      "StatusCode": 201,
      "ResponseHeaders": {
        "Content-Length": "0",
        "Date": "Wed, 20 Oct 2021 17:30:51 GMT",
        "ETag": "\u00220x8D993EF5DAF1F80\u0022",
        "Last-Modified": "Wed, 20 Oct 2021 17:30:52 GMT",
        "Server": [
          "Windows-Azure-Blob/1.0",
          "Microsoft-HTTPAPI/2.0"
        ],
        "x-ms-client-request-id": "7f2a64b1-5b57-2845-a45b-020336032749",
        "x-ms-content-crc64": "g0vf2Kdg954=",
        "x-ms-request-id": "d3a3b5fa-d01e-007f-15d8-c5ea32000000",
        "x-ms-request-server-encrypted": "true",
        "x-ms-version": "2021-04-10",
        "x-ms-version-id": "2021-10-20T17:30:52.7870608Z"
      },
      "ResponseBody": []
    },
    {
      "RequestUri": "https://amandacanary.blob.core.windows.net/test-container-c1fd80a3-7950-94e6-c19f-9b4f635aa49e/test-blob-e9727d11-191a-09a8-a12a-417ee0b0759d?comp=tags",
      "RequestMethod": "GET",
      "RequestHeaders": {
        "Accept": "application/xml",
        "Authorization": "Sanitized",
        "traceparent": "00-3cf5cce0a7a68c49a4576d9cd4535740-ada8855cc5b9484a-00",
        "User-Agent": [
          "azsdk-net-Storage.Blobs/12.11.0-alpha.20211020.1",
          "(.NET 5.0.10; Microsoft Windows 10.0.19043)"
        ],
        "x-ms-client-request-id": "e10257ab-5c26-636b-2f60-3544e3193324",
        "x-ms-date": "Wed, 20 Oct 2021 17:30:52 GMT",
        "x-ms-return-client-request-id": "true",
        "x-ms-version": "2021-04-10"
      },
      "RequestBody": null,
      "StatusCode": 200,
      "ResponseHeaders": {
        "Content-Length": "125",
        "Content-Type": "application/xml",
        "Date": "Wed, 20 Oct 2021 17:30:52 GMT",
        "Server": [
          "Windows-Azure-Blob/1.0",
          "Microsoft-HTTPAPI/2.0"
        ],
        "x-ms-client-request-id": "e10257ab-5c26-636b-2f60-3544e3193324",
        "x-ms-request-id": "d3a3b600-d01e-007f-1ad8-c5ea32000000",
        "x-ms-version": "2021-04-10"
      },
      "ResponseBody": [
        "\uFEFF\u003C?xml version=\u00221.0\u0022 encoding=\u0022utf-8\u0022?\u003E\n",
        "\u003CTags\u003E\u003CTagSet\u003E\u003CTag\u003E\u003CKey\u003Etestkey\u003C/Key\u003E\u003CValue\u003Etestvalue\u003C/Value\u003E\u003C/Tag\u003E\u003C/TagSet\u003E\u003C/Tags\u003E"
      ]
    },
    {
      "RequestUri": "https://amandacanary.blob.core.windows.net/test-container-c1fd80a3-7950-94e6-c19f-9b4f635aa49e?restype=container",
      "RequestMethod": "DELETE",
      "RequestHeaders": {
        "Accept": "application/xml",
        "Authorization": "Sanitized",
        "traceparent": "00-d23cd59546775440955865369d8602f5-9a2e4e29c7c70443-00",
        "User-Agent": [
          "azsdk-net-Storage.Blobs/12.11.0-alpha.20211020.1",
          "(.NET 5.0.10; Microsoft Windows 10.0.19043)"
        ],
        "x-ms-client-request-id": "de57793b-4500-0c22-ccdc-2f388d149c9d",
        "x-ms-date": "Wed, 20 Oct 2021 17:30:52 GMT",
        "x-ms-return-client-request-id": "true",
        "x-ms-version": "2021-04-10"
      },
      "RequestBody": null,
      "StatusCode": 202,
      "ResponseHeaders": {
        "Content-Length": "0",
        "Date": "Wed, 20 Oct 2021 17:30:52 GMT",
        "Server": [
          "Windows-Azure-Blob/1.0",
          "Microsoft-HTTPAPI/2.0"
        ],
        "x-ms-client-request-id": "de57793b-4500-0c22-ccdc-2f388d149c9d",
        "x-ms-request-id": "d3a3b604-d01e-007f-1ed8-c5ea32000000",
        "x-ms-version": "2021-04-10"
      },
      "ResponseBody": []
    }
  ],
  "Variables": {
    "RandomSeed": "796702351",
    "Storage_TestConfigDefault": "ProductionTenant\namandacanary\nU2FuaXRpemVk\nhttps://amandacanary.blob.core.windows.net\nhttps://amandacanary.file.core.windows.net\nhttps://amandacanary.queue.core.windows.net\nhttps://amandacanary.table.core.windows.net\n\n\n\n\nhttps://amandacanary-secondary.blob.core.windows.net\nhttps://amandacanary-secondary.file.core.windows.net\nhttps://amandacanary-secondary.queue.core.windows.net\nhttps://amandacanary-secondary.table.core.windows.net\n\nSanitized\n\n\nCloud\nBlobEndpoint=https://amandacanary.blob.core.windows.net/;QueueEndpoint=https://amandacanary.queue.core.windows.net/;FileEndpoint=https://amandacanary.file.core.windows.net/;BlobSecondaryEndpoint=https://amandacanary-secondary.blob.core.windows.net/;QueueSecondaryEndpoint=https://amandacanary-secondary.queue.core.windows.net/;FileSecondaryEndpoint=https://amandacanary-secondary.file.core.windows.net/;AccountName=amandacanary;AccountKey=Kg==;\ntestscope2\n\n"
  }
}