{
  "Entries": [
    {
      "RequestUri": "https://camaiaor-formrec-eastus.cognitiveservices.azure.com/formrecognizer/documentModels:build?api-version=2022-01-30-preview",
      "RequestMethod": "POST",
      "RequestHeaders": {
        "Accept": "application/json",
        "Content-Length": "94",
        "Content-Type": "application/json",
        "Ocp-Apim-Subscription-Key": "Sanitized",
        "traceparent": "00-b4f93aa017d9c88b072f6121da801b2c-5c7fd172ba48cb16-00",
        "User-Agent": "azsdk-net-AI.FormRecognizer/4.0.0-alpha.20220125.1 (.NET 6.0.1; Microsoft Windows 10.0.22000)",
        "x-ms-client-request-id": "e067a0ef6861fedbfcbd5ddf3497d693",
        "x-ms-return-client-request-id": "true"
      },
      "RequestBody": {
        "modelId": "1099758662",
        "buildMode": "template",
        "azureBlobSource": {
          "containerUrl": "Sanitized"
        }
      },
      "StatusCode": 202,
      "ResponseHeaders": {
        "apim-request-id": "69702213-092d-43c4-8bd4-bd4ffc0b1f34",
        "Content-Length": "0",
        "Date": "Tue, 25 Jan 2022 22:28:17 GMT",
        "operation-location": "https://camaiaor-formrec-eastus.cognitiveservices.azure.com/formrecognizer/operations/31523218305_69702213-092d-43c4-8bd4-bd4ffc0b1f34?api-version=2022-01-30-preview",
        "Strict-Transport-Security": "max-age=31536000; includeSubDomains; preload",
        "X-Content-Type-Options": "nosniff",
        "x-envoy-upstream-service-time": "2042"
      },
      "ResponseBody": null
    },
    {
      "RequestUri": "https://camaiaor-formrec-eastus.cognitiveservices.azure.com/formrecognizer/operations/31523218305_69702213-092d-43c4-8bd4-bd4ffc0b1f34?api-version=2022-01-30-preview",
      "RequestMethod": "GET",
      "RequestHeaders": {
        "Accept": "application/json",
        "Ocp-Apim-Subscription-Key": "Sanitized",
        "User-Agent": "azsdk-net-AI.FormRecognizer/4.0.0-alpha.20220125.1 (.NET 6.0.1; Microsoft Windows 10.0.22000)",
        "x-ms-client-request-id": "7cf7a06a0eaaadd3d61df8e45107aade",
        "x-ms-return-client-request-id": "true"
      },
      "RequestBody": null,
      "StatusCode": 200,
      "ResponseHeaders": {
        "apim-request-id": "6a831137-542e-4f77-8475-f78d882a7bc8",
        "Content-Type": "application/json; charset=utf-8",
        "Date": "Tue, 25 Jan 2022 22:28:17 GMT",
        "Strict-Transport-Security": "max-age=31536000; includeSubDomains; preload",
        "Transfer-Encoding": "chunked",
        "X-Content-Type-Options": "nosniff",
        "x-envoy-upstream-service-time": "18"
      },
      "ResponseBody": {
        "operationId": "31523218305_69702213-092d-43c4-8bd4-bd4ffc0b1f34",
        "kind": "documentModelBuild",
        "status": "notStarted",
        "createdDateTime": "2022-01-25T22:28:15Z",
        "lastUpdatedDateTime": "2022-01-25T22:28:15Z",
        "resourceLocation": "https://camaiaor-formrec-eastus.cognitiveservices.azure.com/formrecognizer/documentModels/1099758662?api-version=2022-01-30-preview"
      }
    },
    {
      "RequestUri": "https://camaiaor-formrec-eastus.cognitiveservices.azure.com/formrecognizer/operations/31523218305_69702213-092d-43c4-8bd4-bd4ffc0b1f34?api-version=2022-01-30-preview",
      "RequestMethod": "GET",
      "RequestHeaders": {
        "Accept": "application/json",
        "Ocp-Apim-Subscription-Key": "Sanitized",
        "User-Agent": "azsdk-net-AI.FormRecognizer/4.0.0-alpha.20220125.1 (.NET 6.0.1; Microsoft Windows 10.0.22000)",
        "x-ms-client-request-id": "26e62f5cad36e95191c789ff4051a2d4",
        "x-ms-return-client-request-id": "true"
      },
      "RequestBody": null,
      "StatusCode": 200,
      "ResponseHeaders": {
        "apim-request-id": "ad37c819-aa5b-435b-9faa-85e0b2b38007",
        "Content-Type": "application/json; charset=utf-8",
        "Date": "Tue, 25 Jan 2022 22:28:18 GMT",
        "Strict-Transport-Security": "max-age=31536000; includeSubDomains; preload",
        "Transfer-Encoding": "chunked",
        "X-Content-Type-Options": "nosniff",
        "x-envoy-upstream-service-time": "18"
      },
      "ResponseBody": {
        "operationId": "31523218305_69702213-092d-43c4-8bd4-bd4ffc0b1f34",
        "kind": "documentModelBuild",
        "status": "running",
        "createdDateTime": "2022-01-25T22:28:15Z",
        "lastUpdatedDateTime": "2022-01-25T22:28:17Z",
        "resourceLocation": "https://camaiaor-formrec-eastus.cognitiveservices.azure.com/formrecognizer/documentModels/1099758662?api-version=2022-01-30-preview"
      }
    },
    {
      "RequestUri": "https://camaiaor-formrec-eastus.cognitiveservices.azure.com/formrecognizer/operations/31523218305_69702213-092d-43c4-8bd4-bd4ffc0b1f34?api-version=2022-01-30-preview",
      "RequestMethod": "GET",
      "RequestHeaders": {
        "Accept": "application/json",
        "Ocp-Apim-Subscription-Key": "Sanitized",
        "User-Agent": "azsdk-net-AI.FormRecognizer/4.0.0-alpha.20220125.1 (.NET 6.0.1; Microsoft Windows 10.0.22000)",
        "x-ms-client-request-id": "11cbc4f5998ee19cccb90a446ff7adf5",
        "x-ms-return-client-request-id": "true"
      },
      "RequestBody": null,
      "StatusCode": 200,
      "ResponseHeaders": {
        "apim-request-id": "57d8ce04-b670-426a-845f-b7711baf6405",
        "Content-Type": "application/json; charset=utf-8",
        "Date": "Tue, 25 Jan 2022 22:28:19 GMT",
        "Strict-Transport-Security": "max-age=31536000; includeSubDomains; preload",
        "Transfer-Encoding": "chunked",
        "X-Content-Type-Options": "nosniff",
        "x-envoy-upstream-service-time": "26"
      },
      "ResponseBody": {
        "operationId": "31523218305_69702213-092d-43c4-8bd4-bd4ffc0b1f34",
        "kind": "documentModelBuild",
        "status": "running",
        "createdDateTime": "2022-01-25T22:28:15Z",
        "lastUpdatedDateTime": "2022-01-25T22:28:17Z",
        "resourceLocation": "https://camaiaor-formrec-eastus.cognitiveservices.azure.com/formrecognizer/documentModels/1099758662?api-version=2022-01-30-preview"
      }
    },
    {
      "RequestUri": "https://camaiaor-formrec-eastus.cognitiveservices.azure.com/formrecognizer/operations/31523218305_69702213-092d-43c4-8bd4-bd4ffc0b1f34?api-version=2022-01-30-preview",
      "RequestMethod": "GET",
      "RequestHeaders": {
        "Accept": "application/json",
        "Ocp-Apim-Subscription-Key": "Sanitized",
        "User-Agent": "azsdk-net-AI.FormRecognizer/4.0.0-alpha.20220125.1 (.NET 6.0.1; Microsoft Windows 10.0.22000)",
        "x-ms-client-request-id": "05837f12b0b0bd5d4f0deae285d36d84",
        "x-ms-return-client-request-id": "true"
      },
      "RequestBody": null,
      "StatusCode": 200,
      "ResponseHeaders": {
        "apim-request-id": "a08f149e-6af9-469d-8dea-d926acdabf28",
        "Content-Type": "application/json; charset=utf-8",
        "Date": "Tue, 25 Jan 2022 22:28:20 GMT",
        "Strict-Transport-Security": "max-age=31536000; includeSubDomains; preload",
        "Transfer-Encoding": "chunked",
        "X-Content-Type-Options": "nosniff",
        "x-envoy-upstream-service-time": "27"
      },
      "ResponseBody": {
        "operationId": "31523218305_69702213-092d-43c4-8bd4-bd4ffc0b1f34",
        "kind": "documentModelBuild",
        "status": "succeeded",
        "createdDateTime": "2022-01-25T22:28:15Z",
        "lastUpdatedDateTime": "2022-01-25T22:28:20Z",
        "resourceLocation": "https://camaiaor-formrec-eastus.cognitiveservices.azure.com/formrecognizer/documentModels/1099758662?api-version=2022-01-30-preview",
        "percentCompleted": 100,
        "result": {
          "docTypes": {
            "1099758662": {
              "fieldSchema": {
                "Merchant": {
                  "type": "string"
                },
                "PhoneNumber": {
                  "type": "string"
                },
                "Website": {
                  "type": "string"
                },
                "Email": {
                  "type": "string"
                },
                "PurchaseOrderNumber": {
                  "type": "string"
                },
                "DatedAs": {
                  "type": "string"
                },
                "VendorName": {
                  "type": "string"
                },
                "CompanyName": {
                  "type": "string"
                },
                "CompanyAddress": {
                  "type": "string"
                },
                "CompanyPhoneNumber": {
                  "type": "string"
                },
                "Subtotal": {
                  "type": "string"
                },
                "Tax": {
                  "type": "string"
                },
                "Total": {
                  "type": "string"
                },
                "Signature": {
                  "type": "string"
                },
                "Quantity": {
                  "type": "number"
                },
                "FullSignature": {
                  "type": "signature"
                }
              },
              "buildMode": "template",
              "fieldConfidence": {
                "CompanyAddress": 0.8,
                "CompanyName": 0.95,
                "CompanyPhoneNumber": 0.95,
                "DatedAs": 0.95,
                "Email": 0.8,
                "FullSignature": 0.6,
                "Merchant": 0.95,
                "PhoneNumber": 0.95,
                "PurchaseOrderNumber": 0.95,
                "Quantity": 0.95,
                "Signature": 0.95,
                "Subtotal": 0.95,
                "Tax": 0.95,
                "Total": 0.95,
                "VendorName": 0.95,
                "Website": 0.95
              }
            }
          },
          "modelId": "1099758662",
          "createdDateTime": "2022-01-25T22:28:20Z",
          "apiVersion": "2022-01-30-preview"
        }
      }
    }
  ],
  "Variables": {
    "FORM_RECOGNIZER_API_KEY": "Sanitized",
    "FORM_RECOGNIZER_BLOB_CONTAINER_SAS_URL": "https://sanitized.blob.core.windows.net",
    "FORM_RECOGNIZER_ENDPOINT": "https://camaiaor-formrec-eastus.cognitiveservices.azure.com",
    "RandomSeed": "1700930875"
  }
}
