{
  "Entries": [
    {
      "RequestUri": "https://camaiaor-formrec-eastus.cognitiveservices.azure.com/formrecognizer/documentClassifiers:build?api-version=2023-02-28-preview",
      "RequestMethod": "POST",
      "RequestHeaders": {
        "Accept": "application/json",
        "Content-Length": "281",
        "Content-Type": "application/json",
        "Ocp-Apim-Subscription-Key": "Sanitized",
        "traceparent": "00-2096afe1b0f2fd4a78c66140cb525c61-854623bd2e7d8a8c-00",
        "User-Agent": "azsdk-net-AI.FormRecognizer/4.1.0-alpha.20230327.1 (.NET 7.0.4; Microsoft Windows 10.0.22621)",
        "x-ms-client-request-id": "5ddae5377211246436728080a1763275",
        "x-ms-return-client-request-id": "true"
      },
      "RequestBody": {
        "classifierId": "440767562",
        "docTypes": {
          "IRS-1040-A": {
            "azureBlobSource": {
              "containerUrl": "https://sanitized.blob.core.windows.net",
              "prefix": "IRS-1040-A/train"
            }
          },
          "IRS-1040-B": {
            "azureBlobSource": {
              "containerUrl": "https://sanitized.blob.core.windows.net",
              "prefix": "IRS-1040-B/train"
            }
          }
        }
      },
      "StatusCode": 202,
      "ResponseHeaders": {
        "apim-request-id": "ca1c802b-4d63-4f60-8d3d-e8cc675fb9ec",
        "Content-Length": "0",
        "Date": "Mon, 27 Mar 2023 10:28:45 GMT",
        "operation-location": "https://camaiaor-formrec-eastus.cognitiveservices.azure.com/formrecognizer/operations/31486455074_ca1c802b-4d63-4f60-8d3d-e8cc675fb9ec?api-version=2023-02-28-preview",
        "Strict-Transport-Security": "max-age=31536000; includeSubDomains; preload",
        "X-Content-Type-Options": "nosniff",
        "x-envoy-upstream-service-time": "127",
        "x-ms-region": "East US"
      },
      "ResponseBody": null
    },
    {
      "RequestUri": "https://camaiaor-formrec-eastus.cognitiveservices.azure.com/formrecognizer/operations/31486455074_ca1c802b-4d63-4f60-8d3d-e8cc675fb9ec?api-version=2023-02-28-preview",
      "RequestMethod": "GET",
      "RequestHeaders": {
        "Accept": "application/json",
        "Ocp-Apim-Subscription-Key": "Sanitized",
        "User-Agent": "azsdk-net-AI.FormRecognizer/4.1.0-alpha.20230327.1 (.NET 7.0.4; Microsoft Windows 10.0.22621)",
        "x-ms-client-request-id": "2e1e3b7fb8cd04ce73d81bdedf403918",
        "x-ms-return-client-request-id": "true"
      },
      "RequestBody": null,
      "StatusCode": 200,
      "ResponseHeaders": {
        "apim-request-id": "7955c2d7-5761-45fb-b001-1c2fb6355146",
        "Content-Type": "application/json; charset=utf-8",
        "Date": "Mon, 27 Mar 2023 10:28:45 GMT",
        "Strict-Transport-Security": "max-age=31536000; includeSubDomains; preload",
        "Transfer-Encoding": "chunked",
        "X-Content-Type-Options": "nosniff",
        "x-envoy-upstream-service-time": "25",
        "x-ms-region": "East US"
      },
      "ResponseBody": {
        "operationId": "31486455074_ca1c802b-4d63-4f60-8d3d-e8cc675fb9ec",
        "kind": "documentClassifierBuild",
        "status": "notStarted",
        "createdDateTime": "2023-03-27T10:28:45Z",
        "lastUpdatedDateTime": "2023-03-27T10:28:45Z",
        "resourceLocation": "https://camaiaor-formrec-eastus.cognitiveservices.azure.com/formrecognizer/documentClassifiers/440767562?api-version=2023-02-28-preview"
      }
    },
    {
      "RequestUri": "https://camaiaor-formrec-eastus.cognitiveservices.azure.com/formrecognizer/operations/31486455074_ca1c802b-4d63-4f60-8d3d-e8cc675fb9ec?api-version=2023-02-28-preview",
      "RequestMethod": "GET",
      "RequestHeaders": {
        "Accept": "application/json",
        "Ocp-Apim-Subscription-Key": "Sanitized",
        "User-Agent": "azsdk-net-AI.FormRecognizer/4.1.0-alpha.20230327.1 (.NET 7.0.4; Microsoft Windows 10.0.22621)",
        "x-ms-client-request-id": "7f96898537707773c43a5de7b9c132a8",
        "x-ms-return-client-request-id": "true"
      },
      "RequestBody": null,
      "StatusCode": 200,
      "ResponseHeaders": {
        "apim-request-id": "c9df1150-edb1-4bb0-b35f-9df778e70a62",
        "Content-Type": "application/json; charset=utf-8",
        "Date": "Mon, 27 Mar 2023 10:28:46 GMT",
        "Strict-Transport-Security": "max-age=31536000; includeSubDomains; preload",
        "Transfer-Encoding": "chunked",
        "X-Content-Type-Options": "nosniff",
        "x-envoy-upstream-service-time": "26",
        "x-ms-region": "East US"
      },
      "ResponseBody": {
        "operationId": "31486455074_ca1c802b-4d63-4f60-8d3d-e8cc675fb9ec",
        "kind": "documentClassifierBuild",
        "status": "notStarted",
        "createdDateTime": "2023-03-27T10:28:45Z",
        "lastUpdatedDateTime": "2023-03-27T10:28:45Z",
        "resourceLocation": "https://camaiaor-formrec-eastus.cognitiveservices.azure.com/formrecognizer/documentClassifiers/440767562?api-version=2023-02-28-preview"
      }
    },
    {
      "RequestUri": "https://camaiaor-formrec-eastus.cognitiveservices.azure.com/formrecognizer/operations/31486455074_ca1c802b-4d63-4f60-8d3d-e8cc675fb9ec?api-version=2023-02-28-preview",
      "RequestMethod": "GET",
      "RequestHeaders": {
        "Accept": "application/json",
        "Ocp-Apim-Subscription-Key": "Sanitized",
        "User-Agent": "azsdk-net-AI.FormRecognizer/4.1.0-alpha.20230327.1 (.NET 7.0.4; Microsoft Windows 10.0.22621)",
        "x-ms-client-request-id": "a0311999f7be7f7c17d6ea38568645f5",
        "x-ms-return-client-request-id": "true"
      },
      "RequestBody": null,
      "StatusCode": 200,
      "ResponseHeaders": {
        "apim-request-id": "5f0c46b2-76fe-4a56-902d-05abf8635d18",
        "Content-Type": "application/json; charset=utf-8",
        "Date": "Mon, 27 Mar 2023 10:28:47 GMT",
        "Strict-Transport-Security": "max-age=31536000; includeSubDomains; preload",
        "Transfer-Encoding": "chunked",
        "X-Content-Type-Options": "nosniff",
        "x-envoy-upstream-service-time": "24",
        "x-ms-region": "East US"
      },
      "ResponseBody": {
        "operationId": "31486455074_ca1c802b-4d63-4f60-8d3d-e8cc675fb9ec",
        "kind": "documentClassifierBuild",
        "status": "notStarted",
        "createdDateTime": "2023-03-27T10:28:45Z",
        "lastUpdatedDateTime": "2023-03-27T10:28:45Z",
        "resourceLocation": "https://camaiaor-formrec-eastus.cognitiveservices.azure.com/formrecognizer/documentClassifiers/440767562?api-version=2023-02-28-preview"
      }
    },
    {
      "RequestUri": "https://camaiaor-formrec-eastus.cognitiveservices.azure.com/formrecognizer/operations/31486455074_ca1c802b-4d63-4f60-8d3d-e8cc675fb9ec?api-version=2023-02-28-preview",
      "RequestMethod": "GET",
      "RequestHeaders": {
        "Accept": "application/json",
        "Ocp-Apim-Subscription-Key": "Sanitized",
        "User-Agent": "azsdk-net-AI.FormRecognizer/4.1.0-alpha.20230327.1 (.NET 7.0.4; Microsoft Windows 10.0.22621)",
        "x-ms-client-request-id": "18fb6738b3e04705c8a669935ae64ab1",
        "x-ms-return-client-request-id": "true"
      },
      "RequestBody": null,
      "StatusCode": 200,
      "ResponseHeaders": {
        "apim-request-id": "b6435dc8-9e3f-4f9e-bb9c-965c9dc268c9",
        "Content-Type": "application/json; charset=utf-8",
        "Date": "Mon, 27 Mar 2023 10:28:48 GMT",
        "Strict-Transport-Security": "max-age=31536000; includeSubDomains; preload",
        "Transfer-Encoding": "chunked",
        "X-Content-Type-Options": "nosniff",
        "x-envoy-upstream-service-time": "25",
        "x-ms-region": "East US"
      },
      "ResponseBody": {
        "operationId": "31486455074_ca1c802b-4d63-4f60-8d3d-e8cc675fb9ec",
        "kind": "documentClassifierBuild",
        "status": "notStarted",
        "createdDateTime": "2023-03-27T10:28:45Z",
        "lastUpdatedDateTime": "2023-03-27T10:28:45Z",
        "resourceLocation": "https://camaiaor-formrec-eastus.cognitiveservices.azure.com/formrecognizer/documentClassifiers/440767562?api-version=2023-02-28-preview"
      }
    },
    {
      "RequestUri": "https://camaiaor-formrec-eastus.cognitiveservices.azure.com/formrecognizer/operations/31486455074_ca1c802b-4d63-4f60-8d3d-e8cc675fb9ec?api-version=2023-02-28-preview",
      "RequestMethod": "GET",
      "RequestHeaders": {
        "Accept": "application/json",
        "Ocp-Apim-Subscription-Key": "Sanitized",
        "User-Agent": "azsdk-net-AI.FormRecognizer/4.1.0-alpha.20230327.1 (.NET 7.0.4; Microsoft Windows 10.0.22621)",
        "x-ms-client-request-id": "c54473a6990f8e5a0d16679a4d3a213d",
        "x-ms-return-client-request-id": "true"
      },
      "RequestBody": null,
      "StatusCode": 200,
      "ResponseHeaders": {
        "apim-request-id": "52c64aa5-f7ce-4f3b-90e9-16f2bed86279",
        "Content-Type": "application/json; charset=utf-8",
        "Date": "Mon, 27 Mar 2023 10:28:49 GMT",
        "Strict-Transport-Security": "max-age=31536000; includeSubDomains; preload",
        "Transfer-Encoding": "chunked",
        "X-Content-Type-Options": "nosniff",
        "x-envoy-upstream-service-time": "27",
        "x-ms-region": "East US"
      },
      "ResponseBody": {
        "operationId": "31486455074_ca1c802b-4d63-4f60-8d3d-e8cc675fb9ec",
        "kind": "documentClassifierBuild",
        "status": "notStarted",
        "createdDateTime": "2023-03-27T10:28:45Z",
        "lastUpdatedDateTime": "2023-03-27T10:28:45Z",
        "resourceLocation": "https://camaiaor-formrec-eastus.cognitiveservices.azure.com/formrecognizer/documentClassifiers/440767562?api-version=2023-02-28-preview"
      }
    },
    {
      "RequestUri": "https://camaiaor-formrec-eastus.cognitiveservices.azure.com/formrecognizer/operations/31486455074_ca1c802b-4d63-4f60-8d3d-e8cc675fb9ec?api-version=2023-02-28-preview",
      "RequestMethod": "GET",
      "RequestHeaders": {
        "Accept": "application/json",
        "Ocp-Apim-Subscription-Key": "Sanitized",
        "User-Agent": "azsdk-net-AI.FormRecognizer/4.1.0-alpha.20230327.1 (.NET 7.0.4; Microsoft Windows 10.0.22621)",
        "x-ms-client-request-id": "52ae67f519c6e6c814e9d8178de92431",
        "x-ms-return-client-request-id": "true"
      },
      "RequestBody": null,
      "StatusCode": 200,
      "ResponseHeaders": {
        "apim-request-id": "4358558b-c722-494d-af93-bfee440d6127",
        "Content-Type": "application/json; charset=utf-8",
        "Date": "Mon, 27 Mar 2023 10:28:50 GMT",
        "Strict-Transport-Security": "max-age=31536000; includeSubDomains; preload",
        "Transfer-Encoding": "chunked",
        "X-Content-Type-Options": "nosniff",
        "x-envoy-upstream-service-time": "24",
        "x-ms-region": "East US"
      },
      "ResponseBody": {
        "operationId": "31486455074_ca1c802b-4d63-4f60-8d3d-e8cc675fb9ec",
        "kind": "documentClassifierBuild",
        "status": "notStarted",
        "createdDateTime": "2023-03-27T10:28:45Z",
        "lastUpdatedDateTime": "2023-03-27T10:28:45Z",
        "resourceLocation": "https://camaiaor-formrec-eastus.cognitiveservices.azure.com/formrecognizer/documentClassifiers/440767562?api-version=2023-02-28-preview"
      }
    },
    {
      "RequestUri": "https://camaiaor-formrec-eastus.cognitiveservices.azure.com/formrecognizer/operations/31486455074_ca1c802b-4d63-4f60-8d3d-e8cc675fb9ec?api-version=2023-02-28-preview",
      "RequestMethod": "GET",
      "RequestHeaders": {
        "Accept": "application/json",
        "Ocp-Apim-Subscription-Key": "Sanitized",
        "User-Agent": "azsdk-net-AI.FormRecognizer/4.1.0-alpha.20230327.1 (.NET 7.0.4; Microsoft Windows 10.0.22621)",
        "x-ms-client-request-id": "e392388b80429fe60d6d0bc94b6afa8d",
        "x-ms-return-client-request-id": "true"
      },
      "RequestBody": null,
      "StatusCode": 200,
      "ResponseHeaders": {
        "apim-request-id": "1b1df1e8-57e7-4e94-9837-94f9b01ebfea",
        "Content-Type": "application/json; charset=utf-8",
        "Date": "Mon, 27 Mar 2023 10:28:51 GMT",
        "Strict-Transport-Security": "max-age=31536000; includeSubDomains; preload",
        "Transfer-Encoding": "chunked",
        "X-Content-Type-Options": "nosniff",
        "x-envoy-upstream-service-time": "25",
        "x-ms-region": "East US"
      },
      "ResponseBody": {
        "operationId": "31486455074_ca1c802b-4d63-4f60-8d3d-e8cc675fb9ec",
        "kind": "documentClassifierBuild",
        "status": "running",
        "createdDateTime": "2023-03-27T10:28:45Z",
        "lastUpdatedDateTime": "2023-03-27T10:28:51Z",
        "resourceLocation": "https://camaiaor-formrec-eastus.cognitiveservices.azure.com/formrecognizer/documentClassifiers/440767562?api-version=2023-02-28-preview"
      }
    },
    {
      "RequestUri": "https://camaiaor-formrec-eastus.cognitiveservices.azure.com/formrecognizer/operations/31486455074_ca1c802b-4d63-4f60-8d3d-e8cc675fb9ec?api-version=2023-02-28-preview",
      "RequestMethod": "GET",
      "RequestHeaders": {
        "Accept": "application/json",
        "Ocp-Apim-Subscription-Key": "Sanitized",
        "User-Agent": "azsdk-net-AI.FormRecognizer/4.1.0-alpha.20230327.1 (.NET 7.0.4; Microsoft Windows 10.0.22621)",
        "x-ms-client-request-id": "f39d2b85f8378cebaa5eb025c1420023",
        "x-ms-return-client-request-id": "true"
      },
      "RequestBody": null,
      "StatusCode": 200,
      "ResponseHeaders": {
        "apim-request-id": "51dc4e69-2e7e-4c17-b3a8-82caa625ff62",
        "Content-Type": "application/json; charset=utf-8",
        "Date": "Mon, 27 Mar 2023 10:28:52 GMT",
        "Strict-Transport-Security": "max-age=31536000; includeSubDomains; preload",
        "Transfer-Encoding": "chunked",
        "X-Content-Type-Options": "nosniff",
        "x-envoy-upstream-service-time": "18",
        "x-ms-region": "East US"
      },
      "ResponseBody": {
        "operationId": "31486455074_ca1c802b-4d63-4f60-8d3d-e8cc675fb9ec",
        "kind": "documentClassifierBuild",
        "status": "running",
        "createdDateTime": "2023-03-27T10:28:45Z",
        "lastUpdatedDateTime": "2023-03-27T10:28:51Z",
        "resourceLocation": "https://camaiaor-formrec-eastus.cognitiveservices.azure.com/formrecognizer/documentClassifiers/440767562?api-version=2023-02-28-preview"
      }
    },
    {
      "RequestUri": "https://camaiaor-formrec-eastus.cognitiveservices.azure.com/formrecognizer/operations/31486455074_ca1c802b-4d63-4f60-8d3d-e8cc675fb9ec?api-version=2023-02-28-preview",
      "RequestMethod": "GET",
      "RequestHeaders": {
        "Accept": "application/json",
        "Ocp-Apim-Subscription-Key": "Sanitized",
        "User-Agent": "azsdk-net-AI.FormRecognizer/4.1.0-alpha.20230327.1 (.NET 7.0.4; Microsoft Windows 10.0.22621)",
        "x-ms-client-request-id": "140f36f23ea875fb810f44590eff9baa",
        "x-ms-return-client-request-id": "true"
      },
      "RequestBody": null,
      "StatusCode": 200,
      "ResponseHeaders": {
        "apim-request-id": "c601cf68-48d7-4f78-ba85-dbd7fea9c5f7",
        "Content-Type": "application/json; charset=utf-8",
        "Date": "Mon, 27 Mar 2023 10:28:54 GMT",
        "Strict-Transport-Security": "max-age=31536000; includeSubDomains; preload",
        "Transfer-Encoding": "chunked",
        "X-Content-Type-Options": "nosniff",
        "x-envoy-upstream-service-time": "24",
        "x-ms-region": "East US"
      },
      "ResponseBody": {
        "operationId": "31486455074_ca1c802b-4d63-4f60-8d3d-e8cc675fb9ec",
        "kind": "documentClassifierBuild",
        "status": "running",
        "createdDateTime": "2023-03-27T10:28:45Z",
        "lastUpdatedDateTime": "2023-03-27T10:28:51Z",
        "resourceLocation": "https://camaiaor-formrec-eastus.cognitiveservices.azure.com/formrecognizer/documentClassifiers/440767562?api-version=2023-02-28-preview"
      }
    },
    {
      "RequestUri": "https://camaiaor-formrec-eastus.cognitiveservices.azure.com/formrecognizer/operations/31486455074_ca1c802b-4d63-4f60-8d3d-e8cc675fb9ec?api-version=2023-02-28-preview",
      "RequestMethod": "GET",
      "RequestHeaders": {
        "Accept": "application/json",
        "Ocp-Apim-Subscription-Key": "Sanitized",
        "User-Agent": "azsdk-net-AI.FormRecognizer/4.1.0-alpha.20230327.1 (.NET 7.0.4; Microsoft Windows 10.0.22621)",
        "x-ms-client-request-id": "62924aef314b92f94d0538e4cfc0ddca",
        "x-ms-return-client-request-id": "true"
      },
      "RequestBody": null,
      "StatusCode": 200,
      "ResponseHeaders": {
        "apim-request-id": "b46610c5-9df4-40eb-a52b-887b0a402af9",
        "Content-Type": "application/json; charset=utf-8",
        "Date": "Mon, 27 Mar 2023 10:28:55 GMT",
        "Strict-Transport-Security": "max-age=31536000; includeSubDomains; preload",
        "Transfer-Encoding": "chunked",
        "X-Content-Type-Options": "nosniff",
        "x-envoy-upstream-service-time": "23",
        "x-ms-region": "East US"
      },
      "ResponseBody": {
        "operationId": "31486455074_ca1c802b-4d63-4f60-8d3d-e8cc675fb9ec",
        "kind": "documentClassifierBuild",
        "status": "running",
        "createdDateTime": "2023-03-27T10:28:45Z",
        "lastUpdatedDateTime": "2023-03-27T10:28:51Z",
        "resourceLocation": "https://camaiaor-formrec-eastus.cognitiveservices.azure.com/formrecognizer/documentClassifiers/440767562?api-version=2023-02-28-preview"
      }
    },
    {
      "RequestUri": "https://camaiaor-formrec-eastus.cognitiveservices.azure.com/formrecognizer/operations/31486455074_ca1c802b-4d63-4f60-8d3d-e8cc675fb9ec?api-version=2023-02-28-preview",
      "RequestMethod": "GET",
      "RequestHeaders": {
        "Accept": "application/json",
        "Ocp-Apim-Subscription-Key": "Sanitized",
        "User-Agent": "azsdk-net-AI.FormRecognizer/4.1.0-alpha.20230327.1 (.NET 7.0.4; Microsoft Windows 10.0.22621)",
        "x-ms-client-request-id": "14d6e76ce55b46e530287227b3917eab",
        "x-ms-return-client-request-id": "true"
      },
      "RequestBody": null,
      "StatusCode": 200,
      "ResponseHeaders": {
        "apim-request-id": "0328e47f-879a-40a1-9dba-f22e8cb832ed",
        "Content-Type": "application/json; charset=utf-8",
        "Date": "Mon, 27 Mar 2023 10:28:56 GMT",
        "Strict-Transport-Security": "max-age=31536000; includeSubDomains; preload",
        "Transfer-Encoding": "chunked",
        "X-Content-Type-Options": "nosniff",
        "x-envoy-upstream-service-time": "41",
        "x-ms-region": "East US"
      },
      "ResponseBody": {
        "operationId": "31486455074_ca1c802b-4d63-4f60-8d3d-e8cc675fb9ec",
        "kind": "documentClassifierBuild",
        "status": "running",
        "createdDateTime": "2023-03-27T10:28:45Z",
        "lastUpdatedDateTime": "2023-03-27T10:28:51Z",
        "resourceLocation": "https://camaiaor-formrec-eastus.cognitiveservices.azure.com/formrecognizer/documentClassifiers/440767562?api-version=2023-02-28-preview"
      }
    },
    {
      "RequestUri": "https://camaiaor-formrec-eastus.cognitiveservices.azure.com/formrecognizer/operations/31486455074_ca1c802b-4d63-4f60-8d3d-e8cc675fb9ec?api-version=2023-02-28-preview",
      "RequestMethod": "GET",
      "RequestHeaders": {
        "Accept": "application/json",
        "Ocp-Apim-Subscription-Key": "Sanitized",
        "User-Agent": "azsdk-net-AI.FormRecognizer/4.1.0-alpha.20230327.1 (.NET 7.0.4; Microsoft Windows 10.0.22621)",
        "x-ms-client-request-id": "773606c29eb0c1d83d7cc7a20517a5c0",
        "x-ms-return-client-request-id": "true"
      },
      "RequestBody": null,
      "StatusCode": 200,
      "ResponseHeaders": {
        "apim-request-id": "12d2644a-db79-49d9-a20d-ad5c26536814",
        "Content-Type": "application/json; charset=utf-8",
        "Date": "Mon, 27 Mar 2023 10:28:57 GMT",
        "Strict-Transport-Security": "max-age=31536000; includeSubDomains; preload",
        "Transfer-Encoding": "chunked",
        "X-Content-Type-Options": "nosniff",
        "x-envoy-upstream-service-time": "15",
        "x-ms-region": "East US"
      },
      "ResponseBody": {
        "operationId": "31486455074_ca1c802b-4d63-4f60-8d3d-e8cc675fb9ec",
        "kind": "documentClassifierBuild",
        "status": "running",
        "createdDateTime": "2023-03-27T10:28:45Z",
        "lastUpdatedDateTime": "2023-03-27T10:28:51Z",
        "resourceLocation": "https://camaiaor-formrec-eastus.cognitiveservices.azure.com/formrecognizer/documentClassifiers/440767562?api-version=2023-02-28-preview"
      }
    },
    {
      "RequestUri": "https://camaiaor-formrec-eastus.cognitiveservices.azure.com/formrecognizer/operations/31486455074_ca1c802b-4d63-4f60-8d3d-e8cc675fb9ec?api-version=2023-02-28-preview",
      "RequestMethod": "GET",
      "RequestHeaders": {
        "Accept": "application/json",
        "Ocp-Apim-Subscription-Key": "Sanitized",
        "User-Agent": "azsdk-net-AI.FormRecognizer/4.1.0-alpha.20230327.1 (.NET 7.0.4; Microsoft Windows 10.0.22621)",
        "x-ms-client-request-id": "26ec7a318629094e644b3122bfd1debb",
        "x-ms-return-client-request-id": "true"
      },
      "RequestBody": null,
      "StatusCode": 200,
      "ResponseHeaders": {
        "apim-request-id": "d0f3c378-f441-4060-86cd-288f1b2e075c",
        "Content-Type": "application/json; charset=utf-8",
        "Date": "Mon, 27 Mar 2023 10:28:58 GMT",
        "Strict-Transport-Security": "max-age=31536000; includeSubDomains; preload",
        "Transfer-Encoding": "chunked",
        "X-Content-Type-Options": "nosniff",
        "x-envoy-upstream-service-time": "27",
        "x-ms-region": "East US"
      },
      "ResponseBody": {
        "operationId": "31486455074_ca1c802b-4d63-4f60-8d3d-e8cc675fb9ec",
        "kind": "documentClassifierBuild",
        "status": "running",
        "createdDateTime": "2023-03-27T10:28:45Z",
        "lastUpdatedDateTime": "2023-03-27T10:28:51Z",
        "resourceLocation": "https://camaiaor-formrec-eastus.cognitiveservices.azure.com/formrecognizer/documentClassifiers/440767562?api-version=2023-02-28-preview"
      }
    },
    {
      "RequestUri": "https://camaiaor-formrec-eastus.cognitiveservices.azure.com/formrecognizer/operations/31486455074_ca1c802b-4d63-4f60-8d3d-e8cc675fb9ec?api-version=2023-02-28-preview",
      "RequestMethod": "GET",
      "RequestHeaders": {
        "Accept": "application/json",
        "Ocp-Apim-Subscription-Key": "Sanitized",
        "User-Agent": "azsdk-net-AI.FormRecognizer/4.1.0-alpha.20230327.1 (.NET 7.0.4; Microsoft Windows 10.0.22621)",
        "x-ms-client-request-id": "c8218d87668ace1a0e14d7de1e434119",
        "x-ms-return-client-request-id": "true"
      },
      "RequestBody": null,
      "StatusCode": 200,
      "ResponseHeaders": {
        "apim-request-id": "ec28412b-1e21-4ec6-b22e-6ac0d771fb7b",
        "Content-Type": "application/json; charset=utf-8",
        "Date": "Mon, 27 Mar 2023 10:29:00 GMT",
        "Strict-Transport-Security": "max-age=31536000; includeSubDomains; preload",
        "Transfer-Encoding": "chunked",
        "X-Content-Type-Options": "nosniff",
        "x-envoy-upstream-service-time": "19",
        "x-ms-region": "East US"
      },
      "ResponseBody": {
        "operationId": "31486455074_ca1c802b-4d63-4f60-8d3d-e8cc675fb9ec",
        "kind": "documentClassifierBuild",
        "status": "running",
        "createdDateTime": "2023-03-27T10:28:45Z",
        "lastUpdatedDateTime": "2023-03-27T10:28:51Z",
        "resourceLocation": "https://camaiaor-formrec-eastus.cognitiveservices.azure.com/formrecognizer/documentClassifiers/440767562?api-version=2023-02-28-preview"
      }
    },
    {
      "RequestUri": "https://camaiaor-formrec-eastus.cognitiveservices.azure.com/formrecognizer/operations/31486455074_ca1c802b-4d63-4f60-8d3d-e8cc675fb9ec?api-version=2023-02-28-preview",
      "RequestMethod": "GET",
      "RequestHeaders": {
        "Accept": "application/json",
        "Ocp-Apim-Subscription-Key": "Sanitized",
        "User-Agent": "azsdk-net-AI.FormRecognizer/4.1.0-alpha.20230327.1 (.NET 7.0.4; Microsoft Windows 10.0.22621)",
        "x-ms-client-request-id": "39f6b18257a43c82b72d12656cb6026b",
        "x-ms-return-client-request-id": "true"
      },
      "RequestBody": null,
      "StatusCode": 200,
      "ResponseHeaders": {
        "apim-request-id": "b93b0446-c8d2-48c2-a63f-08947a4e52c8",
        "Content-Type": "application/json; charset=utf-8",
        "Date": "Mon, 27 Mar 2023 10:29:01 GMT",
        "Strict-Transport-Security": "max-age=31536000; includeSubDomains; preload",
        "Transfer-Encoding": "chunked",
        "X-Content-Type-Options": "nosniff",
        "x-envoy-upstream-service-time": "17",
        "x-ms-region": "East US"
      },
      "ResponseBody": {
        "operationId": "31486455074_ca1c802b-4d63-4f60-8d3d-e8cc675fb9ec",
        "kind": "documentClassifierBuild",
        "status": "running",
        "createdDateTime": "2023-03-27T10:28:45Z",
        "lastUpdatedDateTime": "2023-03-27T10:28:51Z",
        "resourceLocation": "https://camaiaor-formrec-eastus.cognitiveservices.azure.com/formrecognizer/documentClassifiers/440767562?api-version=2023-02-28-preview"
      }
    },
    {
      "RequestUri": "https://camaiaor-formrec-eastus.cognitiveservices.azure.com/formrecognizer/operations/31486455074_ca1c802b-4d63-4f60-8d3d-e8cc675fb9ec?api-version=2023-02-28-preview",
      "RequestMethod": "GET",
      "RequestHeaders": {
        "Accept": "application/json",
        "Ocp-Apim-Subscription-Key": "Sanitized",
        "User-Agent": "azsdk-net-AI.FormRecognizer/4.1.0-alpha.20230327.1 (.NET 7.0.4; Microsoft Windows 10.0.22621)",
        "x-ms-client-request-id": "781a0b9edcf6cb35601d1714ae70eb21",
        "x-ms-return-client-request-id": "true"
      },
      "RequestBody": null,
      "StatusCode": 200,
      "ResponseHeaders": {
        "apim-request-id": "11c7b5c6-32bb-4e92-8dc5-63ededcb3a81",
        "Content-Type": "application/json; charset=utf-8",
        "Date": "Mon, 27 Mar 2023 10:29:02 GMT",
        "Strict-Transport-Security": "max-age=31536000; includeSubDomains; preload",
        "Transfer-Encoding": "chunked",
        "X-Content-Type-Options": "nosniff",
        "x-envoy-upstream-service-time": "15",
        "x-ms-region": "East US"
      },
      "ResponseBody": {
        "operationId": "31486455074_ca1c802b-4d63-4f60-8d3d-e8cc675fb9ec",
        "kind": "documentClassifierBuild",
        "status": "running",
        "createdDateTime": "2023-03-27T10:28:45Z",
        "lastUpdatedDateTime": "2023-03-27T10:28:51Z",
        "resourceLocation": "https://camaiaor-formrec-eastus.cognitiveservices.azure.com/formrecognizer/documentClassifiers/440767562?api-version=2023-02-28-preview"
      }
    },
    {
      "RequestUri": "https://camaiaor-formrec-eastus.cognitiveservices.azure.com/formrecognizer/operations/31486455074_ca1c802b-4d63-4f60-8d3d-e8cc675fb9ec?api-version=2023-02-28-preview",
      "RequestMethod": "GET",
      "RequestHeaders": {
        "Accept": "application/json",
        "Ocp-Apim-Subscription-Key": "Sanitized",
        "User-Agent": "azsdk-net-AI.FormRecognizer/4.1.0-alpha.20230327.1 (.NET 7.0.4; Microsoft Windows 10.0.22621)",
        "x-ms-client-request-id": "0d9f180aa5db30160be4115c54b46258",
        "x-ms-return-client-request-id": "true"
      },
      "RequestBody": null,
      "StatusCode": 200,
      "ResponseHeaders": {
        "apim-request-id": "0b10fffa-c499-435e-8556-b359cb3c3ba3",
        "Content-Type": "application/json; charset=utf-8",
        "Date": "Mon, 27 Mar 2023 10:29:03 GMT",
        "Strict-Transport-Security": "max-age=31536000; includeSubDomains; preload",
        "Transfer-Encoding": "chunked",
        "X-Content-Type-Options": "nosniff",
        "x-envoy-upstream-service-time": "14",
        "x-ms-region": "East US"
      },
      "ResponseBody": {
        "operationId": "31486455074_ca1c802b-4d63-4f60-8d3d-e8cc675fb9ec",
        "kind": "documentClassifierBuild",
        "status": "running",
        "createdDateTime": "2023-03-27T10:28:45Z",
        "lastUpdatedDateTime": "2023-03-27T10:28:51Z",
        "resourceLocation": "https://camaiaor-formrec-eastus.cognitiveservices.azure.com/formrecognizer/documentClassifiers/440767562?api-version=2023-02-28-preview"
      }
    },
    {
      "RequestUri": "https://camaiaor-formrec-eastus.cognitiveservices.azure.com/formrecognizer/operations/31486455074_ca1c802b-4d63-4f60-8d3d-e8cc675fb9ec?api-version=2023-02-28-preview",
      "RequestMethod": "GET",
      "RequestHeaders": {
        "Accept": "application/json",
        "Ocp-Apim-Subscription-Key": "Sanitized",
        "User-Agent": "azsdk-net-AI.FormRecognizer/4.1.0-alpha.20230327.1 (.NET 7.0.4; Microsoft Windows 10.0.22621)",
        "x-ms-client-request-id": "12406c12c928a5227b2ad9873f6d8e47",
        "x-ms-return-client-request-id": "true"
      },
      "RequestBody": null,
      "StatusCode": 200,
      "ResponseHeaders": {
        "apim-request-id": "df852b4f-769a-465b-b929-4ae4ca63d87f",
        "Content-Type": "application/json; charset=utf-8",
        "Date": "Mon, 27 Mar 2023 10:29:04 GMT",
        "Strict-Transport-Security": "max-age=31536000; includeSubDomains; preload",
        "Transfer-Encoding": "chunked",
        "X-Content-Type-Options": "nosniff",
        "x-envoy-upstream-service-time": "110",
        "x-ms-region": "East US"
      },
      "ResponseBody": {
        "operationId": "31486455074_ca1c802b-4d63-4f60-8d3d-e8cc675fb9ec",
        "kind": "documentClassifierBuild",
        "status": "running",
        "createdDateTime": "2023-03-27T10:28:45Z",
        "lastUpdatedDateTime": "2023-03-27T10:28:51Z",
        "resourceLocation": "https://camaiaor-formrec-eastus.cognitiveservices.azure.com/formrecognizer/documentClassifiers/440767562?api-version=2023-02-28-preview"
      }
    },
    {
      "RequestUri": "https://camaiaor-formrec-eastus.cognitiveservices.azure.com/formrecognizer/operations/31486455074_ca1c802b-4d63-4f60-8d3d-e8cc675fb9ec?api-version=2023-02-28-preview",
      "RequestMethod": "GET",
      "RequestHeaders": {
        "Accept": "application/json",
        "Ocp-Apim-Subscription-Key": "Sanitized",
        "User-Agent": "azsdk-net-AI.FormRecognizer/4.1.0-alpha.20230327.1 (.NET 7.0.4; Microsoft Windows 10.0.22621)",
        "x-ms-client-request-id": "535bf042f516f890f4ea6c11cbd977ab",
        "x-ms-return-client-request-id": "true"
      },
      "RequestBody": null,
      "StatusCode": 200,
      "ResponseHeaders": {
        "apim-request-id": "1cf5481c-3705-45a7-b2ed-05db22dec0a6",
        "Content-Type": "application/json; charset=utf-8",
        "Date": "Mon, 27 Mar 2023 10:29:05 GMT",
        "Strict-Transport-Security": "max-age=31536000; includeSubDomains; preload",
        "Transfer-Encoding": "chunked",
        "X-Content-Type-Options": "nosniff",
        "x-envoy-upstream-service-time": "19",
        "x-ms-region": "East US"
      },
      "ResponseBody": {
        "operationId": "31486455074_ca1c802b-4d63-4f60-8d3d-e8cc675fb9ec",
        "kind": "documentClassifierBuild",
        "status": "succeeded",
        "createdDateTime": "2023-03-27T10:28:45Z",
        "lastUpdatedDateTime": "2023-03-27T10:29:04Z",
        "resourceLocation": "https://camaiaor-formrec-eastus.cognitiveservices.azure.com/formrecognizer/documentClassifiers/440767562?api-version=2023-02-28-preview",
        "percentCompleted": 100,
        "result": {
          "classifierId": "440767562",
          "createdDateTime": "2023-03-27T10:29:04Z",
          "expirationDateTime": "2025-03-26T10:29:04Z",
          "apiVersion": "2023-02-28-preview",
          "docTypes": {
            "IRS-1040-A": {
              "azureBlobSource": {
                "containerUrl": "https://sanitized.blob.core.windows.net",
                "prefix": "IRS-1040-A/train"
              }
            },
            "IRS-1040-B": {
              "azureBlobSource": {
                "containerUrl": "https://sanitized.blob.core.windows.net",
                "prefix": "IRS-1040-B/train"
              }
            }
          }
        }
      }
    },
    {
      "RequestUri": "https://camaiaor-formrec-eastus.cognitiveservices.azure.com/formrecognizer/documentClassifiers/440767562?api-version=2023-02-28-preview",
      "RequestMethod": "DELETE",
      "RequestHeaders": {
        "Accept": "application/json",
        "Ocp-Apim-Subscription-Key": "Sanitized",
        "traceparent": "00-242e4629b7f5c737afbaef1c0e7af4f5-3e33adb284cefef8-00",
        "User-Agent": "azsdk-net-AI.FormRecognizer/4.1.0-alpha.20230327.1 (.NET 7.0.4; Microsoft Windows 10.0.22621)",
        "x-ms-client-request-id": "4201bebbd82f40f9f5f991b0cb8ff19d",
        "x-ms-return-client-request-id": "true"
      },
      "RequestBody": null,
      "StatusCode": 204,
      "ResponseHeaders": {
        "apim-request-id": "a89b77ce-572b-4e1c-a64f-a1756ecd7ff4",
        "Content-Length": "0",
        "Date": "Mon, 27 Mar 2023 10:29:05 GMT",
        "Strict-Transport-Security": "max-age=31536000; includeSubDomains; preload",
        "X-Content-Type-Options": "nosniff",
        "x-envoy-upstream-service-time": "88",
        "x-ms-region": "East US"
      },
      "ResponseBody": null
    }
  ],
  "Variables": {
    "FORM_RECOGNIZER_API_KEY": "Sanitized",
    "FORM_RECOGNIZER_CLASSIFIER_TRAINING_BLOB_CONTAINER_SAS_URL": "https://sanitized.blob.core.windows.net",
    "FORM_RECOGNIZER_ENDPOINT": "https://camaiaor-formrec-eastus.cognitiveservices.azure.com/",
    "RandomSeed": "1024564574"
  }
}
