{
  "Entries": [
    {
      "RequestUri": "https://formrecognizersdk.ppe.cognitiveservices.azure.com/formrecognizer/documentModels:build?api-version=2022-06-30-preview",
      "RequestMethod": "POST",
      "RequestHeaders": {
        "Accept": "application/json",
        "Content-Length": "93",
        "Content-Type": "application/json",
        "Ocp-Apim-Subscription-Key": "Sanitized",
        "traceparent": "00-7187d50578eff8fcbfefe1d07a5f47b1-d486fc2e1ab2c867-00",
        "User-Agent": "azsdk-net-AI.FormRecognizer/4.0.0-alpha.20220520.1 (.NET 6.0.5; Microsoft Windows 10.0.22000)",
        "x-ms-client-request-id": "29567a056edc41c8e597d2d384f8359d",
        "x-ms-return-client-request-id": "true"
      },
      "RequestBody": {
        "modelId": "367294566",
        "buildMode": "template",
        "azureBlobSource": {
          "containerUrl": "Sanitized"
        }
      },
      "StatusCode": 202,
      "ResponseHeaders": {
        "apim-request-id": "94f008cd-845e-4c8c-a109-cbd7d108738a",
        "Content-Length": "0",
        "Date": "Fri, 20 May 2022 22:28:41 GMT",
        "operation-location": "https://formrecognizersdk.ppe.cognitiveservices.azure.com/formrecognizer/operations/31513282282_94f008cd-845e-4c8c-a109-cbd7d108738a?api-version=2022-06-30-preview",
        "Strict-Transport-Security": "max-age=31536000; includeSubDomains; preload",
        "X-Content-Type-Options": "nosniff",
        "x-envoy-upstream-service-time": "3629"
      },
      "ResponseBody": null
    },
    {
      "RequestUri": "https://formrecognizersdk.ppe.cognitiveservices.azure.com/formrecognizer/operations/31513282282_94f008cd-845e-4c8c-a109-cbd7d108738a?api-version=2022-06-30-preview",
      "RequestMethod": "GET",
      "RequestHeaders": {
        "Accept": "application/json",
        "Ocp-Apim-Subscription-Key": "Sanitized",
        "User-Agent": "azsdk-net-AI.FormRecognizer/4.0.0-alpha.20220520.1 (.NET 6.0.5; Microsoft Windows 10.0.22000)",
        "x-ms-client-request-id": "89a9c7086bf63faa2cf1268360c13200",
        "x-ms-return-client-request-id": "true"
      },
      "RequestBody": null,
      "StatusCode": 200,
      "ResponseHeaders": {
        "apim-request-id": "26e4e26b-a4c8-410f-966f-b776fa7eb20f",
        "Content-Type": "application/json; charset=utf-8",
        "Date": "Fri, 20 May 2022 22:28:41 GMT",
        "Strict-Transport-Security": "max-age=31536000; includeSubDomains; preload",
        "Transfer-Encoding": "chunked",
        "X-Content-Type-Options": "nosniff",
        "x-envoy-upstream-service-time": "18"
      },
      "ResponseBody": {
        "operationId": "31513282282_94f008cd-845e-4c8c-a109-cbd7d108738a",
        "kind": "documentModelBuild",
        "status": "running",
        "createdDateTime": "2022-05-20T22:28:38Z",
        "lastUpdatedDateTime": "2022-05-20T22:28:41Z",
        "resourceLocation": "https://formrecognizersdk.ppe.cognitiveservices.azure.com/formrecognizer/documentModels/367294566?api-version=2022-06-30-preview"
      }
    },
    {
      "RequestUri": "https://formrecognizersdk.ppe.cognitiveservices.azure.com/formrecognizer/operations/31513282282_94f008cd-845e-4c8c-a109-cbd7d108738a?api-version=2022-06-30-preview",
      "RequestMethod": "GET",
      "RequestHeaders": {
        "Accept": "application/json",
        "Ocp-Apim-Subscription-Key": "Sanitized",
        "User-Agent": "azsdk-net-AI.FormRecognizer/4.0.0-alpha.20220520.1 (.NET 6.0.5; Microsoft Windows 10.0.22000)",
        "x-ms-client-request-id": "2d7f2dbd848f66f9ccee9490805c99cc",
        "x-ms-return-client-request-id": "true"
      },
      "RequestBody": null,
      "StatusCode": 200,
      "ResponseHeaders": {
        "apim-request-id": "02dd83fe-6547-46ca-95ea-84ebf18a3e5b",
        "Content-Type": "application/json; charset=utf-8",
        "Date": "Fri, 20 May 2022 22:28:42 GMT",
        "Strict-Transport-Security": "max-age=31536000; includeSubDomains; preload",
        "Transfer-Encoding": "chunked",
        "X-Content-Type-Options": "nosniff",
        "x-envoy-upstream-service-time": "19"
      },
      "ResponseBody": {
        "operationId": "31513282282_94f008cd-845e-4c8c-a109-cbd7d108738a",
        "kind": "documentModelBuild",
        "status": "running",
        "createdDateTime": "2022-05-20T22:28:38Z",
        "lastUpdatedDateTime": "2022-05-20T22:28:41Z",
        "resourceLocation": "https://formrecognizersdk.ppe.cognitiveservices.azure.com/formrecognizer/documentModels/367294566?api-version=2022-06-30-preview"
      }
    },
    {
      "RequestUri": "https://formrecognizersdk.ppe.cognitiveservices.azure.com/formrecognizer/operations/31513282282_94f008cd-845e-4c8c-a109-cbd7d108738a?api-version=2022-06-30-preview",
      "RequestMethod": "GET",
      "RequestHeaders": {
        "Accept": "application/json",
        "Ocp-Apim-Subscription-Key": "Sanitized",
        "User-Agent": "azsdk-net-AI.FormRecognizer/4.0.0-alpha.20220520.1 (.NET 6.0.5; Microsoft Windows 10.0.22000)",
        "x-ms-client-request-id": "ca0606bb46759a6fd017fdeb4845e023",
        "x-ms-return-client-request-id": "true"
      },
      "RequestBody": null,
      "StatusCode": 200,
      "ResponseHeaders": {
        "apim-request-id": "0561f86c-b652-427b-9d87-44cf2adfe764",
        "Content-Type": "application/json; charset=utf-8",
        "Date": "Fri, 20 May 2022 22:28:44 GMT",
        "Strict-Transport-Security": "max-age=31536000; includeSubDomains; preload",
        "Transfer-Encoding": "chunked",
        "X-Content-Type-Options": "nosniff",
        "x-envoy-upstream-service-time": "20"
      },
      "ResponseBody": {
        "operationId": "31513282282_94f008cd-845e-4c8c-a109-cbd7d108738a",
        "kind": "documentModelBuild",
        "status": "succeeded",
        "createdDateTime": "2022-05-20T22:28:38Z",
        "lastUpdatedDateTime": "2022-05-20T22:28:44Z",
        "resourceLocation": "https://formrecognizersdk.ppe.cognitiveservices.azure.com/formrecognizer/documentModels/367294566?api-version=2022-06-30-preview",
        "percentCompleted": 100,
        "result": {
          "docTypes": {
            "367294566": {
              "fieldSchema": {
                "Merchant": {
                  "type": "string"
                },
                "PhoneNumber": {
                  "type": "string"
                },
                "Website": {
                  "type": "string"
                },
                "Email": {
                  "type": "string"
                },
                "PurchaseOrderNumber": {
                  "type": "string"
                },
                "DatedAs": {
                  "type": "string"
                },
                "VendorName": {
                  "type": "string"
                },
                "CompanyName": {
                  "type": "string"
                },
                "CompanyAddress": {
                  "type": "string"
                },
                "CompanyPhoneNumber": {
                  "type": "string"
                },
                "Subtotal": {
                  "type": "string"
                },
                "Tax": {
                  "type": "string"
                },
                "Total": {
                  "type": "string"
                },
                "Signature": {
                  "type": "string"
                },
                "Quantity": {
                  "type": "number"
                },
                "FullSignature": {
                  "type": "signature"
                }
              },
              "buildMode": "template",
              "fieldConfidence": {
                "CompanyAddress": 0.8,
                "CompanyName": 0.995,
                "CompanyPhoneNumber": 0.995,
                "DatedAs": 0.995,
                "Email": 0.8,
                "FullSignature": 0.6,
                "Merchant": 0.995,
                "PhoneNumber": 0.995,
                "PurchaseOrderNumber": 0.995,
                "Quantity": 0.995,
                "Signature": 0.995,
                "Subtotal": 0.995,
                "Tax": 0.995,
                "Total": 0.995,
                "VendorName": 0.995,
                "Website": 0.995
              }
            }
          },
          "modelId": "367294566",
          "createdDateTime": "2022-05-20T22:28:44Z",
          "apiVersion": "2022-06-30-preview"
        }
      }
    },
    {
      "RequestUri": "https://formrecognizersdk.ppe.cognitiveservices.azure.com/formrecognizer/documentModels:authorizeCopy?api-version=2022-06-30-preview",
      "RequestMethod": "POST",
      "RequestHeaders": {
        "Accept": "application/json",
        "Content-Length": "24",
        "Content-Type": "application/json",
        "Ocp-Apim-Subscription-Key": "Sanitized",
        "traceparent": "00-2e3cba62e2ec13fa3783a45584f2e523-3f42d4780badb778-00",
        "User-Agent": "azsdk-net-AI.FormRecognizer/4.0.0-alpha.20220520.1 (.NET 6.0.5; Microsoft Windows 10.0.22000)",
        "x-ms-client-request-id": "795616d20e07cd8442bc08d71abed058",
        "x-ms-return-client-request-id": "true"
      },
      "RequestBody": {
        "modelId": "1783061604"
      },
      "StatusCode": 200,
      "ResponseHeaders": {
        "apim-request-id": "cf71fbe7-fb01-4286-9476-9287488c0e3e",
        "Content-Type": "application/json; charset=utf-8",
        "Date": "Fri, 20 May 2022 22:28:44 GMT",
        "Strict-Transport-Security": "max-age=31536000; includeSubDomains; preload",
        "Transfer-Encoding": "chunked",
        "X-Content-Type-Options": "nosniff",
        "x-envoy-upstream-service-time": "150"
      },
      "ResponseBody": {
        "targetResourceId": "/subscriptions/23154302-c2b1-49b9-8632-4372833c7f69/resourceGroups/paulhsu/providers/Microsoft.CognitiveServices/accounts/formrecognizersdk",
        "targetResourceRegion": "westeurope",
        "targetModelId": "1783061604",
        "targetModelLocation": "https://formrecognizersdk.ppe.cognitiveservices.azure.com/formrecognizer/documentModels/1783061604?api-version=2022-06-30-preview",
        "accessToken": "Sanitized",
        "expirationDateTime": "2022-05-20T23:28:45Z"
      }
    },
    {
      "RequestUri": "https://formrecognizersdk.ppe.cognitiveservices.azure.com/formrecognizer/documentModels/367294566:copyTo?api-version=2022-06-30-preview",
      "RequestMethod": "POST",
      "RequestHeaders": {
        "Accept": "application/json",
        "Content-Length": "459",
        "Content-Type": "application/json",
        "Ocp-Apim-Subscription-Key": "Sanitized",
        "traceparent": "00-9672bd973b9095cdd2a9a558eb877068-5427835c08307c72-00",
        "User-Agent": "azsdk-net-AI.FormRecognizer/4.0.0-alpha.20220520.1 (.NET 6.0.5; Microsoft Windows 10.0.22000)",
        "x-ms-client-request-id": "bb59c7598a68be76e55d77870e1e870d",
        "x-ms-return-client-request-id": "true"
      },
      "RequestBody": {
        "targetResourceId": "/subscriptions/23154302-c2b1-49b9-8632-4372833c7f69/resourceGroups/paulhsu/providers/Microsoft.CognitiveServices/accounts/formrecognizersdk",
        "targetResourceRegion": "westeurope",
        "targetModelId": "1783061604",
        "targetModelLocation": "https://formrecognizersdk.ppe.cognitiveservices.azure.com/formrecognizer/documentModels/1783061604?api-version=2022-06-30-preview",
        "accessToken": "Sanitized",
        "expirationDateTime": "2022-05-20T23:28:45.0000000Z"
      },
      "StatusCode": 202,
      "ResponseHeaders": {
        "apim-request-id": "27ae0a8c-5925-4d3f-8f2b-715a92e115b8",
        "Content-Length": "0",
        "Date": "Fri, 20 May 2022 22:28:44 GMT",
        "Operation-Location": "https://formrecognizersdk.ppe.cognitiveservices.azure.com/formrecognizer/operations/31513282275_27ae0a8c-5925-4d3f-8f2b-715a92e115b8?api-version=2022-06-30-preview",
        "Strict-Transport-Security": "max-age=31536000; includeSubDomains; preload",
        "X-Content-Type-Options": "nosniff",
        "x-envoy-upstream-service-time": "213"
      },
      "ResponseBody": null
    },
    {
      "RequestUri": "https://formrecognizersdk.ppe.cognitiveservices.azure.com/formrecognizer/operations/31513282275_27ae0a8c-5925-4d3f-8f2b-715a92e115b8?api-version=2022-06-30-preview",
      "RequestMethod": "GET",
      "RequestHeaders": {
        "Accept": "application/json",
        "Ocp-Apim-Subscription-Key": "Sanitized",
        "User-Agent": "azsdk-net-AI.FormRecognizer/4.0.0-alpha.20220520.1 (.NET 6.0.5; Microsoft Windows 10.0.22000)",
        "x-ms-client-request-id": "46ae2b715343f7b481fd328a67c3b559",
        "x-ms-return-client-request-id": "true"
      },
      "RequestBody": null,
      "StatusCode": 200,
      "ResponseHeaders": {
        "apim-request-id": "d24d0916-bf3f-4d27-9aa1-1a99e8e930fb",
        "Content-Type": "application/json; charset=utf-8",
        "Date": "Fri, 20 May 2022 22:28:45 GMT",
        "Strict-Transport-Security": "max-age=31536000; includeSubDomains; preload",
        "Transfer-Encoding": "chunked",
        "X-Content-Type-Options": "nosniff",
        "x-envoy-upstream-service-time": "16"
      },
      "ResponseBody": {
        "operationId": "31513282275_27ae0a8c-5925-4d3f-8f2b-715a92e115b8",
        "kind": "documentModelCopyTo",
        "status": "running",
        "createdDateTime": "2022-05-20T22:28:45Z",
        "lastUpdatedDateTime": "2022-05-20T22:28:45Z",
        "resourceLocation": "https://formrecognizersdk.ppe.cognitiveservices.azure.com/formrecognizer/documentModels/1783061604?api-version=2022-06-30-preview"
      }
    },
    {
      "RequestUri": "https://formrecognizersdk.ppe.cognitiveservices.azure.com/formrecognizer/operations/31513282275_27ae0a8c-5925-4d3f-8f2b-715a92e115b8?api-version=2022-06-30-preview",
      "RequestMethod": "GET",
      "RequestHeaders": {
        "Accept": "application/json",
        "Ocp-Apim-Subscription-Key": "Sanitized",
        "User-Agent": "azsdk-net-AI.FormRecognizer/4.0.0-alpha.20220520.1 (.NET 6.0.5; Microsoft Windows 10.0.22000)",
        "x-ms-client-request-id": "7dee922c678647fc9f9793a996fdbe24",
        "x-ms-return-client-request-id": "true"
      },
      "RequestBody": null,
      "StatusCode": 200,
      "ResponseHeaders": {
        "apim-request-id": "9091c9d4-593e-424d-a90a-49eba9ad10bd",
        "Content-Type": "application/json; charset=utf-8",
        "Date": "Fri, 20 May 2022 22:28:46 GMT",
        "Strict-Transport-Security": "max-age=31536000; includeSubDomains; preload",
        "Transfer-Encoding": "chunked",
        "X-Content-Type-Options": "nosniff",
        "x-envoy-upstream-service-time": "73"
      },
      "ResponseBody": {
        "operationId": "31513282275_27ae0a8c-5925-4d3f-8f2b-715a92e115b8",
        "kind": "documentModelCopyTo",
        "status": "succeeded",
        "createdDateTime": "2022-05-20T22:28:45Z",
        "lastUpdatedDateTime": "2022-05-20T22:28:45Z",
        "resourceLocation": "https://formrecognizersdk.ppe.cognitiveservices.azure.com/formrecognizer/documentModels/1783061604?api-version=2022-06-30-preview",
        "percentCompleted": 100,
        "result": {
          "docTypes": {
            "367294566": {
              "fieldSchema": {
                "Merchant": {
                  "type": "string"
                },
                "PhoneNumber": {
                  "type": "string"
                },
                "Website": {
                  "type": "string"
                },
                "Email": {
                  "type": "string"
                },
                "PurchaseOrderNumber": {
                  "type": "string"
                },
                "DatedAs": {
                  "type": "string"
                },
                "VendorName": {
                  "type": "string"
                },
                "CompanyName": {
                  "type": "string"
                },
                "CompanyAddress": {
                  "type": "string"
                },
                "CompanyPhoneNumber": {
                  "type": "string"
                },
                "Subtotal": {
                  "type": "string"
                },
                "Tax": {
                  "type": "string"
                },
                "Total": {
                  "type": "string"
                },
                "Signature": {
                  "type": "string"
                },
                "Quantity": {
                  "type": "number"
                },
                "FullSignature": {
                  "type": "signature"
                }
              },
              "buildMode": "template",
              "fieldConfidence": {
                "CompanyAddress": 0.8,
                "CompanyName": 0.995,
                "CompanyPhoneNumber": 0.995,
                "DatedAs": 0.995,
                "Email": 0.8,
                "FullSignature": 0.6,
                "Merchant": 0.995,
                "PhoneNumber": 0.995,
                "PurchaseOrderNumber": 0.995,
                "Quantity": 0.995,
                "Signature": 0.995,
                "Subtotal": 0.995,
                "Tax": 0.995,
                "Total": 0.995,
                "VendorName": 0.995,
                "Website": 0.995
              }
            }
          },
          "modelId": "1783061604",
          "createdDateTime": "2022-05-20T22:28:44Z",
          "apiVersion": "2022-06-30-preview"
        }
      }
    },
    {
      "RequestUri": "https://formrecognizersdk.ppe.cognitiveservices.azure.com/formrecognizer/documentModels/367294566?api-version=2022-06-30-preview",
      "RequestMethod": "DELETE",
      "RequestHeaders": {
        "Accept": "application/json",
        "Ocp-Apim-Subscription-Key": "Sanitized",
        "traceparent": "00-3729706bc1548c88e06970e9c288c911-640d4e0960eac5f0-00",
        "User-Agent": "azsdk-net-AI.FormRecognizer/4.0.0-alpha.20220520.1 (.NET 6.0.5; Microsoft Windows 10.0.22000)",
        "x-ms-client-request-id": "ee66fa358a1005141362396b57ec5721",
        "x-ms-return-client-request-id": "true"
      },
      "RequestBody": null,
      "StatusCode": 204,
      "ResponseHeaders": {
        "apim-request-id": "cdf93bf3-57cf-41ff-b7aa-eb5f657a20b3",
        "Content-Length": "0",
        "Date": "Fri, 20 May 2022 22:28:46 GMT",
        "Strict-Transport-Security": "max-age=31536000; includeSubDomains; preload",
        "X-Content-Type-Options": "nosniff",
        "x-envoy-upstream-service-time": "47"
      },
      "ResponseBody": null
    }
  ],
  "Variables": {
    "FORM_RECOGNIZER_API_KEY": "Sanitized",
    "FORM_RECOGNIZER_BLOB_CONTAINER_SAS_URL": "https://sanitized.blob.core.windows.net",
    "FORM_RECOGNIZER_ENDPOINT": "https://formrecognizersdk.ppe.cognitiveservices.azure.com/",
    "RandomSeed": "806151423"
  }
}
