{
  "Entries": [
    {
      "RequestUri": "https://amandadev2.blob.core.windows.net/test-container-ae262b6d-e0ad-eebb-fe61-37f4e913188b?restype=container",
      "RequestMethod": "PUT",
      "RequestHeaders": {
        "Accept": "application/xml",
        "Authorization": "Sanitized",
        "Content-Length": "0",
        "traceparent": "00-22de8c2b58443aa16779f3cd6d73e972-b87a3c09dc376a27-00",
        "User-Agent": "azsdk-net-Storage.Blobs/12.15.0-alpha.20221214.1 (.NET 6.0.12; Microsoft Windows 10.0.22621)",
        "x-ms-client-request-id": "932a47c0-7a4f-d7e4-7afa-26189be47a72",
        "x-ms-date": "Thu, 15 Dec 2022 09:55:13 GMT",
        "x-ms-return-client-request-id": "true",
        "x-ms-version": "2021-12-02"
      },
      "RequestBody": null,
      "StatusCode": 201,
      "ResponseHeaders": {
        "Content-Length": "0",
        "Date": "Thu, 15 Dec 2022 09:55:12 GMT",
        "ETag": "\u00220x8DADE82761ADC0C\u0022",
        "Last-Modified": "Thu, 15 Dec 2022 09:55:13 GMT",
        "Server": [
          "Windows-Azure-Blob/1.0",
          "Microsoft-HTTPAPI/2.0"
        ],
        "x-ms-client-request-id": "932a47c0-7a4f-d7e4-7afa-26189be47a72",
        "x-ms-request-id": "88e08e47-f01e-0014-5f6b-103d8e000000",
        "x-ms-version": "2021-12-02"
      },
      "ResponseBody": null
    },
    {
      "RequestUri": "https://amandadev2.blob.core.windows.net/test-container-ae262b6d-e0ad-eebb-fe61-37f4e913188b/test-blob-9f66be42-5607-f447-61f9-c2ec80b65534%5Cd9c3ed46-b463-6a64-0035-3155b8f857c4%5Cd00af2a4-d9b0-bd88-83f6-2d9ee898a3b0",
      "RequestMethod": "PUT",
      "RequestHeaders": {
        "Accept": "application/xml",
        "Authorization": "Sanitized",
        "Content-Length": "0",
        "Content-Type": "application/octet-stream",
        "traceparent": "00-6ff252ae09c4c2702806ce6d822a4e5c-1a4391ad9f343e7e-00",
        "User-Agent": "azsdk-net-Storage.Blobs/12.15.0-alpha.20221214.1 (.NET 6.0.12; Microsoft Windows 10.0.22621)",
        "x-ms-blob-type": "BlockBlob",
        "x-ms-client-request-id": "3e8db43e-438e-a909-6238-2ced2564d3a1",
        "x-ms-date": "Thu, 15 Dec 2022 09:55:13 GMT",
        "x-ms-return-client-request-id": "true",
        "x-ms-version": "2021-12-02"
      },
      "RequestBody": null,
      "StatusCode": 201,
      "ResponseHeaders": {
        "Content-Length": "0",
        "Content-MD5": "1B2M2Y8AsgTpgAmY7PhCfg==",
        "Date": "Thu, 15 Dec 2022 09:55:12 GMT",
        "ETag": "\u00220x8DADE8276258683\u0022",
        "Last-Modified": "Thu, 15 Dec 2022 09:55:13 GMT",
        "Server": [
          "Windows-Azure-Blob/1.0",
          "Microsoft-HTTPAPI/2.0"
        ],
        "x-ms-client-request-id": "3e8db43e-438e-a909-6238-2ced2564d3a1",
        "x-ms-content-crc64": "AAAAAAAAAAA=",
        "x-ms-request-id": "88e08e7d-f01e-0014-106b-103d8e000000",
        "x-ms-request-server-encrypted": "true",
        "x-ms-version": "2021-12-02",
        "x-ms-version-id": "2022-12-15T09:55:13.5632003Z"
      },
      "ResponseBody": null
    },
    {
      "RequestUri": "https://amandadev2.blob.core.windows.net/test-container-ae262b6d-e0ad-eebb-fe61-37f4e913188b/test-blob-9f66be42-5607-f447-61f9-c2ec80b65534%5Cd9c3ed46-b463-6a64-0035-3155b8f857c4%5C92a5b969-7cf3-59d1-67c9-a1b453e6b878%5C5f0aa911-c0a6-6d57-6505-566d86c58168",
      "RequestMethod": "PUT",
      "RequestHeaders": {
        "Accept": "application/xml",
        "Authorization": "Sanitized",
        "Content-Length": "0",
        "Content-Type": "application/octet-stream",
        "traceparent": "00-c21ebb767bf67b6b58c8448150940b26-d1b24e7d754e1acc-00",
        "User-Agent": "azsdk-net-Storage.Blobs/12.15.0-alpha.20221214.1 (.NET 6.0.12; Microsoft Windows 10.0.22621)",
        "x-ms-blob-type": "BlockBlob",
        "x-ms-client-request-id": "d12eb99b-4237-4eda-7742-9b1a98e302bc",
        "x-ms-date": "Thu, 15 Dec 2022 09:55:13 GMT",
        "x-ms-return-client-request-id": "true",
        "x-ms-version": "2021-12-02"
      },
      "RequestBody": null,
      "StatusCode": 201,
      "ResponseHeaders": {
        "Content-Length": "0",
        "Content-MD5": "1B2M2Y8AsgTpgAmY7PhCfg==",
        "Date": "Thu, 15 Dec 2022 09:55:12 GMT",
        "ETag": "\u00220x8DADE827634C679\u0022",
        "Last-Modified": "Thu, 15 Dec 2022 09:55:13 GMT",
        "Server": [
          "Windows-Azure-Blob/1.0",
          "Microsoft-HTTPAPI/2.0"
        ],
        "x-ms-client-request-id": "d12eb99b-4237-4eda-7742-9b1a98e302bc",
        "x-ms-content-crc64": "AAAAAAAAAAA=",
        "x-ms-request-id": "88e08ea9-f01e-0014-396b-103d8e000000",
        "x-ms-request-server-encrypted": "true",
        "x-ms-version": "2021-12-02",
        "x-ms-version-id": "2022-12-15T09:55:13.6631417Z"
      },
      "ResponseBody": null
    },
    {
      "RequestUri": "https://amandadev2.blob.core.windows.net/test-container-ae262b6d-e0ad-eebb-fe61-37f4e913188b?restype=container\u0026comp=list\u0026prefix=test-blob-9f66be42-5607-f447-61f9-c2ec80b65534",
      "RequestMethod": "GET",
      "RequestHeaders": {
        "Accept": "application/xml",
        "Authorization": "Sanitized",
        "User-Agent": "azsdk-net-Storage.Blobs/12.15.0-alpha.20221214.1 (.NET 6.0.12; Microsoft Windows 10.0.22621)",
        "x-ms-client-request-id": "6b529a03-0135-0569-5ed4-59b71e0bb3f4",
        "x-ms-date": "Thu, 15 Dec 2022 09:55:13 GMT",
        "x-ms-return-client-request-id": "true",
        "x-ms-version": "2021-12-02"
      },
      "RequestBody": null,
      "StatusCode": 200,
      "ResponseHeaders": {
        "Content-Type": "application/xml",
        "Date": "Thu, 15 Dec 2022 09:55:12 GMT",
        "Server": [
          "Windows-Azure-Blob/1.0",
          "Microsoft-HTTPAPI/2.0"
        ],
        "Transfer-Encoding": "chunked",
        "x-ms-client-request-id": "6b529a03-0135-0569-5ed4-59b71e0bb3f4",
        "x-ms-request-id": "88e08f29-f01e-0014-326b-103d8e000000",
        "x-ms-version": "2021-12-02"
      },
      "ResponseBody": "\uFEFF\u003C?xml version=\u00221.0\u0022 encoding=\u0022utf-8\u0022?\u003E\u003CEnumerationResults ServiceEndpoint=\u0022https://amandadev2.blob.core.windows.net/\u0022 ContainerName=\u0022test-container-ae262b6d-e0ad-eebb-fe61-37f4e913188b\u0022\u003E\u003CPrefix\u003Etest-blob-9f66be42-5607-f447-61f9-c2ec80b65534\u003C/Prefix\u003E\u003CBlobs\u003E\u003CBlob\u003E\u003CName\u003Etest-blob-9f66be42-5607-f447-61f9-c2ec80b65534/d9c3ed46-b463-6a64-0035-3155b8f857c4/92a5b969-7cf3-59d1-67c9-a1b453e6b878/5f0aa911-c0a6-6d57-6505-566d86c58168\u003C/Name\u003E\u003CVersionId\u003E2022-12-15T09:55:13.6631417Z\u003C/VersionId\u003E\u003CIsCurrentVersion\u003Etrue\u003C/IsCurrentVersion\u003E\u003CProperties\u003E\u003CCreation-Time\u003EThu, 15 Dec 2022 09:55:13 GMT\u003C/Creation-Time\u003E\u003CLast-Modified\u003EThu, 15 Dec 2022 09:55:13 GMT\u003C/Last-Modified\u003E\u003CEtag\u003E0x8DADE827634C679\u003C/Etag\u003E\u003CContent-Length\u003E0\u003C/Content-Length\u003E\u003CContent-Type\u003Eapplication/octet-stream\u003C/Content-Type\u003E\u003CContent-Encoding /\u003E\u003CContent-Language /\u003E\u003CContent-CRC64 /\u003E\u003CContent-MD5\u003E1B2M2Y8AsgTpgAmY7PhCfg==\u003C/Content-MD5\u003E\u003CCache-Control /\u003E\u003CContent-Disposition /\u003E\u003CBlobType\u003EBlockBlob\u003C/BlobType\u003E\u003CAccessTier\u003EHot\u003C/AccessTier\u003E\u003CAccessTierInferred\u003Etrue\u003C/AccessTierInferred\u003E\u003CLeaseStatus\u003Eunlocked\u003C/LeaseStatus\u003E\u003CLeaseState\u003Eavailable\u003C/LeaseState\u003E\u003CServerEncrypted\u003Etrue\u003C/ServerEncrypted\u003E\u003C/Properties\u003E\u003COrMetadata /\u003E\u003C/Blob\u003E\u003CBlob\u003E\u003CName\u003Etest-blob-9f66be42-5607-f447-61f9-c2ec80b65534/d9c3ed46-b463-6a64-0035-3155b8f857c4/d00af2a4-d9b0-bd88-83f6-2d9ee898a3b0\u003C/Name\u003E\u003CVersionId\u003E2022-12-15T09:55:13.5632003Z\u003C/VersionId\u003E\u003CIsCurrentVersion\u003Etrue\u003C/IsCurrentVersion\u003E\u003CProperties\u003E\u003CCreation-Time\u003EThu, 15 Dec 2022 09:55:13 GMT\u003C/Creation-Time\u003E\u003CLast-Modified\u003EThu, 15 Dec 2022 09:55:13 GMT\u003C/Last-Modified\u003E\u003CEtag\u003E0x8DADE8276258683\u003C/Etag\u003E\u003CContent-Length\u003E0\u003C/Content-Length\u003E\u003CContent-Type\u003Eapplication/octet-stream\u003C/Content-Type\u003E\u003CContent-Encoding /\u003E\u003CContent-Language /\u003E\u003CContent-CRC64 /\u003E\u003CContent-MD5\u003E1B2M2Y8AsgTpgAmY7PhCfg==\u003C/Content-MD5\u003E\u003CCache-Control /\u003E\u003CContent-Disposition /\u003E\u003CBlobType\u003EBlockBlob\u003C/BlobType\u003E\u003CAccessTier\u003EHot\u003C/AccessTier\u003E\u003CAccessTierInferred\u003Etrue\u003C/AccessTierInferred\u003E\u003CLeaseStatus\u003Eunlocked\u003C/LeaseStatus\u003E\u003CLeaseState\u003Eavailable\u003C/LeaseState\u003E\u003CServerEncrypted\u003Etrue\u003C/ServerEncrypted\u003E\u003C/Properties\u003E\u003COrMetadata /\u003E\u003C/Blob\u003E\u003C/Blobs\u003E\u003CNextMarker /\u003E\u003C/EnumerationResults\u003E"
    },
    {
      "RequestUri": "https://amandadev2.blob.core.windows.net/test-container-ae262b6d-e0ad-eebb-fe61-37f4e913188b/test-blob-9f66be42-5607-f447-61f9-c2ec80b65534/d9c3ed46-b463-6a64-0035-3155b8f857c4%5Cd00af2a4-d9b0-bd88-83f6-2d9ee898a3b0",
      "RequestMethod": "HEAD",
      "RequestHeaders": {
        "Accept": "application/xml",
        "Authorization": "Sanitized",
        "traceparent": "00-ac745610be5b869d2326cd21400be99b-cd5456ed67976161-00",
        "User-Agent": "azsdk-net-Storage.Blobs/12.15.0-alpha.20221214.1 (.NET 6.0.12; Microsoft Windows 10.0.22621)",
        "x-ms-client-request-id": "fe16aaf0-9691-db86-5d99-a0dc3eea6683",
        "x-ms-date": "Thu, 15 Dec 2022 09:55:13 GMT",
        "x-ms-return-client-request-id": "true",
        "x-ms-version": "2021-12-02"
      },
      "RequestBody": null,
      "StatusCode": 200,
      "ResponseHeaders": {
        "Accept-Ranges": "bytes",
        "Content-Length": "0",
        "Content-MD5": "1B2M2Y8AsgTpgAmY7PhCfg==",
        "Content-Type": "application/octet-stream",
        "Date": "Thu, 15 Dec 2022 09:55:13 GMT",
        "ETag": "\u00220x8DADE8276258683\u0022",
        "Last-Modified": "Thu, 15 Dec 2022 09:55:13 GMT",
        "Server": [
          "Windows-Azure-Blob/1.0",
          "Microsoft-HTTPAPI/2.0"
        ],
        "x-ms-access-tier": "Hot",
        "x-ms-access-tier-inferred": "true",
        "x-ms-blob-type": "BlockBlob",
        "x-ms-client-request-id": "fe16aaf0-9691-db86-5d99-a0dc3eea6683",
        "x-ms-creation-time": "Thu, 15 Dec 2022 09:55:13 GMT",
        "x-ms-is-current-version": "true",
        "x-ms-lease-state": "available",
        "x-ms-lease-status": "unlocked",
        "x-ms-request-id": "88e08f9d-f01e-0014-1d6b-103d8e000000",
        "x-ms-server-encrypted": "true",
        "x-ms-version": "2021-12-02",
        "x-ms-version-id": "2022-12-15T09:55:13.5632003Z"
      },
      "ResponseBody": null
    },
    {
      "RequestUri": "https://amandadev2.blob.core.windows.net/test-container-ae262b6d-e0ad-eebb-fe61-37f4e913188b/test-blob-9f66be42-5607-f447-61f9-c2ec80b65534/d9c3ed46-b463-6a64-0035-3155b8f857c4%5C92a5b969-7cf3-59d1-67c9-a1b453e6b878%5C5f0aa911-c0a6-6d57-6505-566d86c58168",
      "RequestMethod": "HEAD",
      "RequestHeaders": {
        "Accept": "application/xml",
        "Authorization": "Sanitized",
        "traceparent": "00-8340ce3bd67ab60b0e5689f81e492c20-0058bd65f781e9b5-00",
        "User-Agent": "azsdk-net-Storage.Blobs/12.15.0-alpha.20221214.1 (.NET 6.0.12; Microsoft Windows 10.0.22621)",
        "x-ms-client-request-id": "73c6f58a-b4f5-4863-fb3c-32399505c42d",
        "x-ms-date": "Thu, 15 Dec 2022 09:55:13 GMT",
        "x-ms-return-client-request-id": "true",
        "x-ms-version": "2021-12-02"
      },
      "RequestBody": null,
      "StatusCode": 200,
      "ResponseHeaders": {
        "Accept-Ranges": "bytes",
        "Content-Length": "0",
        "Content-MD5": "1B2M2Y8AsgTpgAmY7PhCfg==",
        "Content-Type": "application/octet-stream",
        "Date": "Thu, 15 Dec 2022 09:55:13 GMT",
        "ETag": "\u00220x8DADE827634C679\u0022",
        "Last-Modified": "Thu, 15 Dec 2022 09:55:13 GMT",
        "Server": [
          "Windows-Azure-Blob/1.0",
          "Microsoft-HTTPAPI/2.0"
        ],
        "x-ms-access-tier": "Hot",
        "x-ms-access-tier-inferred": "true",
        "x-ms-blob-type": "BlockBlob",
        "x-ms-client-request-id": "73c6f58a-b4f5-4863-fb3c-32399505c42d",
        "x-ms-creation-time": "Thu, 15 Dec 2022 09:55:13 GMT",
        "x-ms-is-current-version": "true",
        "x-ms-lease-state": "available",
        "x-ms-lease-status": "unlocked",
        "x-ms-request-id": "88e08feb-f01e-0014-666b-103d8e000000",
        "x-ms-server-encrypted": "true",
        "x-ms-version": "2021-12-02",
        "x-ms-version-id": "2022-12-15T09:55:13.6631417Z"
      },
      "ResponseBody": null
    },
    {
      "RequestUri": "https://amandadev2.blob.core.windows.net/test-container-ae262b6d-e0ad-eebb-fe61-37f4e913188b?restype=container",
      "RequestMethod": "DELETE",
      "RequestHeaders": {
        "Accept": "application/xml",
        "Authorization": "Sanitized",
        "traceparent": "00-5d577dd7e463247406b345ee5ed7f237-2fa37edcd51d9496-00",
        "User-Agent": "azsdk-net-Storage.Blobs/12.15.0-alpha.20221214.1 (.NET 6.0.12; Microsoft Windows 10.0.22621)",
        "x-ms-client-request-id": "48516f6f-f223-d98d-0f83-86bd8fe638b3",
        "x-ms-date": "Thu, 15 Dec 2022 09:55:14 GMT",
        "x-ms-return-client-request-id": "true",
        "x-ms-version": "2021-12-02"
      },
      "RequestBody": null,
      "StatusCode": 202,
      "ResponseHeaders": {
        "Content-Length": "0",
        "Date": "Thu, 15 Dec 2022 09:55:13 GMT",
        "Server": [
          "Windows-Azure-Blob/1.0",
          "Microsoft-HTTPAPI/2.0"
        ],
        "x-ms-client-request-id": "48516f6f-f223-d98d-0f83-86bd8fe638b3",
        "x-ms-request-id": "88e09027-f01e-0014-1f6b-103d8e000000",
        "x-ms-version": "2021-12-02"
      },
      "ResponseBody": null
    }
  ],
  "Variables": {
    "RandomSeed": "1952494186",
    "Storage_TestConfigDefault": "ProductionTenant\namandadev2\nU2FuaXRpemVk\nhttps://amandadev2.blob.core.windows.net\nhttps://amandadev2.file.core.windows.net\nhttps://amandadev2.queue.core.windows.net\nhttps://amandadev2.table.core.windows.net\n\n\n\n\nhttps://amandadev2-secondary.core.windows.net\nhttps://amandadev2-secondary.file.core.windows.net\nhttps://amandadev2-secondary.queue.core.windows.net\nhttps://amandadev2-secondary.table.core.windows.net\n\nSanitized\n\n\nCloud\nBlobEndpoint=https://amandadev2.blob.core.windows.net/;QueueEndpoint=https://amandadev2.queue.core.windows.net/;FileEndpoint=https://amandadev2.file.core.windows.net/;BlobSecondaryEndpoint=https://amandadev2-secondary.core.windows.net/;QueueSecondaryEndpoint=https://amandadev2-secondary.queue.core.windows.net/;FileSecondaryEndpoint=https://amandadev2-secondary.file.core.windows.net/;AccountName=amandadev2;AccountKey=Sanitized\nencryptionScope1\n\n"
  }
}
