{
  "Entries": [
    {
      "RequestUri": "https://seannsecanary.blob.core.windows.net/test-filesystem-0129c64e-8d25-d8f0-447a-8e8ee6725c4d?restype=container",
      "RequestMethod": "PUT",
      "RequestHeaders": {
        "Accept": "application/xml",
        "Authorization": "Sanitized",
        "Content-Length": "0",
        "traceparent": "00-40faf082329c77a85b4562c48c144874-bbd2c058d1e1af68-00",
        "User-Agent": "azsdk-net-Storage.Files.DataLake/12.10.0-alpha.20220324.1 (.NET 6.0.3; Microsoft Windows 10.0.19044)",
        "x-ms-blob-public-access": "container",
        "x-ms-client-request-id": "a4930fe3-6f14-9ba7-640a-e2d6cce74986",
        "x-ms-date": "Thu, 24 Mar 2022 14:25:48 GMT",
        "x-ms-return-client-request-id": "true",
        "x-ms-version": "2021-04-10"
      },
      "RequestBody": null,
      "StatusCode": 201,
      "ResponseHeaders": {
        "Content-Length": "0",
        "Date": "Thu, 24 Mar 2022 14:25:48 GMT",
        "ETag": "\u00220x8DA0DA2317890B7\u0022",
        "Last-Modified": "Thu, 24 Mar 2022 14:25:49 GMT",
        "Server": [
          "Windows-Azure-Blob/1.0",
          "Microsoft-HTTPAPI/2.0"
        ],
        "x-ms-client-request-id": "a4930fe3-6f14-9ba7-640a-e2d6cce74986",
        "x-ms-request-id": "dacc7b34-c01e-0044-1e8b-3fc79f000000",
        "x-ms-version": "2021-04-10"
      },
      "ResponseBody": null
    },
    {
      "RequestUri": "https://seannsecanary.dfs.core.windows.net/test-filesystem-0129c64e-8d25-d8f0-447a-8e8ee6725c4d/test-directory-fefa0994-a7cd-5040-1e50-0e8bcc33737c?resource=directory",
      "RequestMethod": "PUT",
      "RequestHeaders": {
        "Accept": "application/json",
        "Authorization": "Sanitized",
        "Content-Length": "0",
        "traceparent": "00-ca24039b327a6550b8e65b56f33d75fd-81b642f8640d28a3-00",
        "User-Agent": "azsdk-net-Storage.Files.DataLake/12.10.0-alpha.20220324.1 (.NET 6.0.3; Microsoft Windows 10.0.19044)",
        "x-ms-client-request-id": "5b283950-cacd-3b7e-ce42-86c3601cce30",
        "x-ms-date": "Thu, 24 Mar 2022 14:25:48 GMT",
        "x-ms-return-client-request-id": "true",
        "x-ms-version": "2021-04-10"
      },
      "RequestBody": null,
      "StatusCode": 201,
      "ResponseHeaders": {
        "Content-Length": "0",
        "Date": "Thu, 24 Mar 2022 14:25:49 GMT",
        "ETag": "\u00220x8DA0DA23182D67D\u0022",
        "Last-Modified": "Thu, 24 Mar 2022 14:25:49 GMT",
        "Server": [
          "Windows-Azure-HDFS/1.0",
          "Microsoft-HTTPAPI/2.0"
        ],
        "x-ms-client-request-id": "5b283950-cacd-3b7e-ce42-86c3601cce30",
        "x-ms-request-id": "67a98843-f01f-003d-3a8b-3f3bbb000000",
        "x-ms-request-server-encrypted": "true",
        "x-ms-version": "2021-04-10"
      },
      "ResponseBody": null
    },
    {
      "RequestUri": "https://seannsecanary.dfs.core.windows.net/test-filesystem-0129c64e-8d25-d8f0-447a-8e8ee6725c4d/test-directory-fefa0994-a7cd-5040-1e50-0e8bcc33737c/test-file-8a246597-723b-dca7-d0c7-30d13dfe354d?resource=file\u0026blobtype=appendblob",
      "RequestMethod": "PUT",
      "RequestHeaders": {
        "Accept": "application/json",
        "Authorization": "Sanitized",
        "Content-Length": "0",
        "traceparent": "00-fc5338bb36324376ef9c2a240529b9fa-8b993f678841b1d3-00",
        "User-Agent": "azsdk-net-Storage.Files.DataLake/12.10.0-alpha.20220324.1 (.NET 6.0.3; Microsoft Windows 10.0.19044)",
        "x-ms-client-request-id": "b5aa382c-81ac-ddcf-914c-8b0599adfed0",
        "x-ms-date": "Thu, 24 Mar 2022 14:25:48 GMT",
        "x-ms-permissions": "0777",
        "x-ms-return-client-request-id": "true",
        "x-ms-umask": "0057",
        "x-ms-version": "2021-04-10"
      },
      "RequestBody": null,
      "StatusCode": 201,
      "ResponseHeaders": {
        "Content-Length": "0",
        "Date": "Thu, 24 Mar 2022 14:25:49 GMT",
        "ETag": "\u00220x8DA0DA2318CEE24\u0022",
        "Last-Modified": "Thu, 24 Mar 2022 14:25:49 GMT",
        "Server": [
          "Windows-Azure-HDFS/1.0",
          "Microsoft-HTTPAPI/2.0"
        ],
        "x-ms-client-request-id": "b5aa382c-81ac-ddcf-914c-8b0599adfed0",
        "x-ms-request-id": "67a98844-f01f-003d-3b8b-3f3bbb000000",
        "x-ms-request-server-encrypted": "true",
        "x-ms-version": "2021-04-10"
      },
      "ResponseBody": null
    },
    {
      "RequestUri": "https://seannsecanary.dfs.core.windows.net/test-filesystem-0129c64e-8d25-d8f0-447a-8e8ee6725c4d/test-directory-fefa0994-a7cd-5040-1e50-0e8bcc33737c/test-file-8a246597-723b-dca7-d0c7-30d13dfe354d?action=getAccessControl",
      "RequestMethod": "HEAD",
      "RequestHeaders": {
        "Accept": "application/json",
        "Authorization": "Sanitized",
        "traceparent": "00-29cc4ebdd97a935299df77328837a77a-6dbeb203ce327683-00",
        "User-Agent": "azsdk-net-Storage.Files.DataLake/12.10.0-alpha.20220324.1 (.NET 6.0.3; Microsoft Windows 10.0.19044)",
        "x-ms-client-request-id": "04a57ff4-7f54-c2a0-345e-01be8ca94d16",
        "x-ms-date": "Thu, 24 Mar 2022 14:25:48 GMT",
        "x-ms-return-client-request-id": "true",
        "x-ms-version": "2021-04-10"
      },
      "RequestBody": null,
      "StatusCode": 200,
      "ResponseHeaders": {
        "Access-Control-Allow-Origin": "*",
        "Access-Control-Expose-Headers": "Content-Length,Date,ETag,Last-Modified,Server,x-ms-acl,x-ms-client-request-id,x-ms-group,x-ms-owner,x-ms-permissions,x-ms-request-id,x-ms-version",
        "Date": "Thu, 24 Mar 2022 14:25:49 GMT",
        "ETag": "\u00220x8DA0DA2318CEE24\u0022",
        "Last-Modified": "Thu, 24 Mar 2022 14:25:49 GMT",
        "Server": [
          "Windows-Azure-HDFS/1.0",
          "Microsoft-HTTPAPI/2.0"
        ],
        "x-ms-acl": "user::rwx,group::-w-,other::---",
        "x-ms-client-request-id": "04a57ff4-7f54-c2a0-345e-01be8ca94d16",
        "x-ms-group": "$superuser",
        "x-ms-owner": "$superuser",
        "x-ms-permissions": "rwx-w----",
        "x-ms-request-id": "67a98845-f01f-003d-3c8b-3f3bbb000000",
        "x-ms-version": "2021-04-10"
      },
      "ResponseBody": null
    },
    {
      "RequestUri": "https://seannsecanary.blob.core.windows.net/test-filesystem-0129c64e-8d25-d8f0-447a-8e8ee6725c4d?restype=container",
      "RequestMethod": "DELETE",
      "RequestHeaders": {
        "Accept": "application/xml",
        "Authorization": "Sanitized",
        "traceparent": "00-0bc826fc06552eed058bc108625779ff-5a06edff8c7b8e0d-00",
        "User-Agent": "azsdk-net-Storage.Files.DataLake/12.10.0-alpha.20220324.1 (.NET 6.0.3; Microsoft Windows 10.0.19044)",
        "x-ms-client-request-id": "1a102fa1-fa07-8d7b-98bd-28823966f30d",
        "x-ms-date": "Thu, 24 Mar 2022 14:25:48 GMT",
        "x-ms-return-client-request-id": "true",
        "x-ms-version": "2021-04-10"
      },
      "RequestBody": null,
      "StatusCode": 202,
      "ResponseHeaders": {
        "Content-Length": "0",
        "Date": "Thu, 24 Mar 2022 14:25:48 GMT",
        "Server": [
          "Windows-Azure-Blob/1.0",
          "Microsoft-HTTPAPI/2.0"
        ],
        "x-ms-client-request-id": "1a102fa1-fa07-8d7b-98bd-28823966f30d",
        "x-ms-request-id": "dacc7b9d-c01e-0044-808b-3fc79f000000",
        "x-ms-version": "2021-04-10"
      },
      "ResponseBody": null
    }
  ],
  "Variables": {
    "RandomSeed": "2017327184",
    "Storage_TestConfigHierarchicalNamespace": "NamespaceTenant\nseannsecanary\nU2FuaXRpemVk\nhttps://seannsecanary.blob.core.windows.net\nhttps://seannsecanary.file.core.windows.net\nhttps://seannsecanary.queue.core.windows.net\nhttps://seannsecanary.table.core.windows.net\n\n\n\n\nhttps://seannsecanary-secondary.blob.core.windows.net\nhttps://seannsecanary-secondary.file.core.windows.net\nhttps://seannsecanary-secondary.queue.core.windows.net\nhttps://seannsecanary-secondary.table.core.windows.net\n68390a19-a643-458b-b726-408abf67b4fc\nSanitized\n72f988bf-86f1-41af-91ab-2d7cd011db47\nhttps://login.microsoftonline.com/\nCloud\nBlobEndpoint=https://seannsecanary.blob.core.windows.net/;QueueEndpoint=https://seannsecanary.queue.core.windows.net/;FileEndpoint=https://seannsecanary.file.core.windows.net/;BlobSecondaryEndpoint=https://seannsecanary-secondary.blob.core.windows.net/;QueueSecondaryEndpoint=https://seannsecanary-secondary.queue.core.windows.net/;FileSecondaryEndpoint=https://seannsecanary-secondary.file.core.windows.net/;AccountName=seannsecanary;AccountKey=Sanitized\n\n\n"
  }
}
