{
  "Entries": [
    {
      "RequestUri": "https://dotnetllcpurviewaccount.scan.purview.azure.com/classificationrules/test_classificationrule1009?api-version=2018-12-01-preview",
      "RequestMethod": "PUT",
      "RequestHeaders": {
        "Accept": "application/json",
        "Authorization": "Sanitized",
        "Content-Length": "306",
        "Content-Type": "application/json",
        "traceparent": "00-fe208abdcf075c43ba3cc9682af36fd0-fed63375a7fd144b-00",
        "User-Agent": [
          "azsdk-net-Analytics.Purview.Scanning/1.0.0-alpha.20211014.1",
          "(.NET Core 3.1.20; Microsoft Windows 10.0.19043)"
        ],
        "x-ms-client-request-id": "6a9a1dddb3a088da47da2be1aab0e174",
        "x-ms-return-client-request-id": "true"
      },
      "RequestBody": {
        "name": "test_classificationrule1009",
        "kind": "Custom",
        "properties": {
          "description": "test-description1009",
          "classificationName": "test_classification1009",
          "columnPatterns": [
            {
              "pattern": "classid",
              "kind": "Regex"
            },
            {
              "pattern": "part_name",
              "kind": "Regex"
            },
            {
              "pattern": "price",
              "kind": "Regex"
            }
          ]
        },
        "ruleStatus": "Enabled"
      },
      "StatusCode": 201,
      "ResponseHeaders": {
        "Content-Length": "643",
        "Content-Type": "application/json; charset=utf-8",
        "Date": "Thu, 14 Oct 2021 09:03:41 GMT",
        "Location": "https://dotnetllcpurviewaccount.scan.purview.azure.com/classificationrules/test_classificationrule1009?api-version=2018-12-01-preview\u0026api-version=2018-12-01-preview",
        "Server": "Kestrel",
        "Strict-Transport-Security": "max-age=31536000; includeSubDomains",
        "x-ms-correlation-request-id": "8b05ade2-e210-4c28-a419-4a560722a3bc"
      },
      "ResponseBody": {
        "properties": {
          "minimumDistinctMatchCount": null,
          "minimumPercentageMatch": null,
          "classificationAction": "Keep",
          "dataPatterns": [],
          "columnPatterns": [
            {
              "pattern": "classid",
              "kind": "Regex"
            },
            {
              "pattern": "part_name",
              "kind": "Regex"
            },
            {
              "pattern": "price",
              "kind": "Regex"
            }
          ],
          "classificationRuleBloomFilter": null,
          "description": "test-description1009",
          "version": 1,
          "classificationName": "test_classification1009",
          "owner": null,
          "ruleStatus": "Enabled",
          "createdAt": "2021-10-14T09:03:41.6021157Z",
          "lastModifiedAt": "2021-10-14T09:03:41.6021159Z",
          "collection": null
        },
        "kind": "Custom",
        "id": "classificationrules/test_classificationrule1009",
        "name": "test_classificationrule1009"
      }
    },
    {
      "RequestUri": "https://dotnetllcpurviewaccount.scan.purview.azure.com/classificationrules/test_classificationrule1009?api-version=2018-12-01-preview",
      "RequestMethod": "PUT",
      "RequestHeaders": {
        "Accept": "application/json",
        "Authorization": "Sanitized",
        "Content-Length": "314",
        "Content-Type": "application/json",
        "traceparent": "00-510ff4b21201eb47a49eff5497500a49-ee91fc0236cf3441-00",
        "User-Agent": [
          "azsdk-net-Analytics.Purview.Scanning/1.0.0-alpha.20211014.1",
          "(.NET Core 3.1.20; Microsoft Windows 10.0.19043)"
        ],
        "x-ms-client-request-id": "8d57b7a60b0e76dc3841ee9a4c29ef72",
        "x-ms-return-client-request-id": "true"
      },
      "RequestBody": {
        "name": "test_classificationrule1009",
        "kind": "Custom",
        "properties": {
          "description": "test-description1009-updated",
          "classificationName": "test_classification1009",
          "columnPatterns": [
            {
              "pattern": "classid",
              "kind": "Regex"
            },
            {
              "pattern": "part_name",
              "kind": "Regex"
            },
            {
              "pattern": "price",
              "kind": "Regex"
            }
          ]
        },
        "ruleStatus": "Enabled"
      },
      "StatusCode": 200,
      "ResponseHeaders": {
        "Content-Length": "651",
        "Content-Type": "application/json; charset=utf-8",
        "Date": "Thu, 14 Oct 2021 09:03:41 GMT",
        "Server": "Kestrel",
        "Strict-Transport-Security": "max-age=31536000; includeSubDomains",
        "x-ms-correlation-request-id": "b7417cc7-e4c5-436e-acd7-a8cda255d30d"
      },
      "ResponseBody": {
        "properties": {
          "minimumDistinctMatchCount": null,
          "minimumPercentageMatch": null,
          "classificationAction": "Keep",
          "dataPatterns": [],
          "columnPatterns": [
            {
              "pattern": "classid",
              "kind": "Regex"
            },
            {
              "pattern": "part_name",
              "kind": "Regex"
            },
            {
              "pattern": "price",
              "kind": "Regex"
            }
          ],
          "classificationRuleBloomFilter": null,
          "description": "test-description1009-updated",
          "version": 2,
          "classificationName": "test_classification1009",
          "owner": null,
          "ruleStatus": "Enabled",
          "createdAt": "2021-10-14T09:03:41.6021157Z",
          "lastModifiedAt": "2021-10-14T09:03:42.0092325Z",
          "collection": null
        },
        "kind": "Custom",
        "id": "classificationrules/test_classificationrule1009",
        "name": "test_classificationrule1009"
      }
    },
    {
      "RequestUri": "https://dotnetllcpurviewaccount.scan.purview.azure.com/classificationrules/test_classificationrule1009?api-version=2018-12-01-preview",
      "RequestMethod": "GET",
      "RequestHeaders": {
        "Accept": "application/json",
        "Authorization": "Sanitized",
        "traceparent": "00-5e73c083e7538c48b43472dc4ef150d3-b2676bf5fb26a640-00",
        "User-Agent": [
          "azsdk-net-Analytics.Purview.Scanning/1.0.0-alpha.20211014.1",
          "(.NET Core 3.1.20; Microsoft Windows 10.0.19043)"
        ],
        "x-ms-client-request-id": "e95bf611e26ba673ed318fef732a697a",
        "x-ms-return-client-request-id": "true"
      },
      "RequestBody": null,
      "StatusCode": 200,
      "ResponseHeaders": {
        "Content-Length": "651",
        "Content-Type": "application/json; charset=utf-8",
        "Date": "Thu, 14 Oct 2021 09:03:42 GMT",
        "Server": "Kestrel",
        "Strict-Transport-Security": "max-age=31536000; includeSubDomains",
        "x-ms-correlation-request-id": "89b40057-8ff1-4469-9c5c-464095e1321b"
      },
      "ResponseBody": {
        "properties": {
          "minimumDistinctMatchCount": null,
          "minimumPercentageMatch": null,
          "classificationAction": "Keep",
          "dataPatterns": [],
          "columnPatterns": [
            {
              "pattern": "classid",
              "kind": "Regex"
            },
            {
              "pattern": "part_name",
              "kind": "Regex"
            },
            {
              "pattern": "price",
              "kind": "Regex"
            }
          ],
          "classificationRuleBloomFilter": null,
          "description": "test-description1009-updated",
          "version": 2,
          "classificationName": "test_classification1009",
          "owner": null,
          "ruleStatus": "Enabled",
          "createdAt": "2021-10-14T09:03:41.6021157Z",
          "lastModifiedAt": "2021-10-14T09:03:42.0092325Z",
          "collection": null
        },
        "kind": "Custom",
        "id": "classificationrules/test_classificationrule1009",
        "name": "test_classificationrule1009"
      }
    },
    {
      "RequestUri": "https://dotnetllcpurviewaccount.scan.purview.azure.com/classificationrules/test_classificationrule1009/versions?api-version=2018-12-01-preview",
      "RequestMethod": "GET",
      "RequestHeaders": {
        "Accept": "application/json",
        "Authorization": "Sanitized",
        "traceparent": "00-75d1a84ddc93c4499eb0a9fd3b7d785b-504031b4a079e446-00",
        "User-Agent": [
          "azsdk-net-Analytics.Purview.Scanning/1.0.0-alpha.20211014.1",
          "(.NET Core 3.1.20; Microsoft Windows 10.0.19043)"
        ],
        "x-ms-client-request-id": "6389846796c8d19e4124325ec4403b1d",
        "x-ms-return-client-request-id": "true"
      },
      "RequestBody": null,
      "StatusCode": 200,
      "ResponseHeaders": {
        "Content-Length": "1339",
        "Content-Type": "application/json; charset=utf-8",
        "Date": "Thu, 14 Oct 2021 09:03:42 GMT",
        "Server": "Kestrel",
        "Strict-Transport-Security": "max-age=31536000; includeSubDomains",
        "x-ms-correlation-request-id": "68d59d45-b625-4520-a97b-aa85dcfebba4"
      },
      "ResponseBody": {
        "value": [
          {
            "properties": {
              "minimumDistinctMatchCount": null,
              "minimumPercentageMatch": null,
              "classificationAction": "Keep",
              "dataPatterns": [],
              "columnPatterns": [
                {
                  "pattern": "classid",
                  "kind": "Regex"
                },
                {
                  "pattern": "part_name",
                  "kind": "Regex"
                },
                {
                  "pattern": "price",
                  "kind": "Regex"
                }
              ],
              "classificationRuleBloomFilter": null,
              "description": "test-description1009",
              "version": 1,
              "classificationName": "test_classification1009",
              "owner": null,
              "ruleStatus": "Enabled",
              "createdAt": "2021-10-14T09:03:41.6021157Z",
              "lastModifiedAt": "2021-10-14T09:03:41.6021159Z",
              "collection": null
            },
            "kind": "Custom",
            "id": "classificationrules/test_classificationrule1009/versions/1",
            "name": "test_classificationrule1009"
          },
          {
            "properties": {
              "minimumDistinctMatchCount": null,
              "minimumPercentageMatch": null,
              "classificationAction": "Keep",
              "dataPatterns": [],
              "columnPatterns": [
                {
                  "pattern": "classid",
                  "kind": "Regex"
                },
                {
                  "pattern": "part_name",
                  "kind": "Regex"
                },
                {
                  "pattern": "price",
                  "kind": "Regex"
                }
              ],
              "classificationRuleBloomFilter": null,
              "description": "test-description1009-updated",
              "version": 2,
              "classificationName": "test_classification1009",
              "owner": null,
              "ruleStatus": "Enabled",
              "createdAt": "2021-10-14T09:03:41.6021157Z",
              "lastModifiedAt": "2021-10-14T09:03:42.0092325Z",
              "collection": null
            },
            "kind": "Custom",
            "id": "classificationrules/test_classificationrule1009/versions/2",
            "name": "test_classificationrule1009"
          }
        ],
        "count": 2
      }
    },
    {
      "RequestUri": "https://dotnetllcpurviewaccount.scan.purview.azure.com/classificationrules/test_classificationrule1009/versions/2/:tag?action=Keep\u0026api-version=2018-12-01-preview",
      "RequestMethod": "POST",
      "RequestHeaders": {
        "Accept": "application/json",
        "Authorization": "Sanitized",
        "Content-Length": "0",
        "traceparent": "00-b0929a4589a0e542af7bddb2c328918b-f1c99976a5f7ef4b-00",
        "User-Agent": [
          "azsdk-net-Analytics.Purview.Scanning/1.0.0-alpha.20211014.1",
          "(.NET Core 3.1.20; Microsoft Windows 10.0.19043)"
        ],
        "x-ms-client-request-id": "b4d0b8eaf855c40843b0a0dc7cec030d",
        "x-ms-return-client-request-id": "true"
      },
      "RequestBody": null,
      "StatusCode": 202,
      "ResponseHeaders": {
        "Content-Length": "86",
        "Content-Type": "application/json; charset=utf-8",
        "Date": "Thu, 14 Oct 2021 09:03:43 GMT",
        "Server": "Kestrel",
        "Strict-Transport-Security": "max-age=31536000; includeSubDomains",
        "x-ms-correlation-request-id": "63688fc7-cab3-4fe1-b837-ccad412c6ad8"
      },
      "ResponseBody": {
        "scanResultId": null,
        "startTime": null,
        "endTime": null,
        "status": "Accepted",
        "error": null
      }
    },
    {
      "RequestUri": "https://dotnetllcpurviewaccount.scan.purview.azure.com/classificationrules/test_classificationrule1009?api-version=2018-12-01-preview",
      "RequestMethod": "DELETE",
      "RequestHeaders": {
        "Accept": "application/json",
        "Authorization": "Sanitized",
        "traceparent": "00-0c607fd8dd67bb4eb215cd9778143108-f390c35936f2a947-00",
        "User-Agent": [
          "azsdk-net-Analytics.Purview.Scanning/1.0.0-alpha.20211014.1",
          "(.NET Core 3.1.20; Microsoft Windows 10.0.19043)"
        ],
        "x-ms-client-request-id": "c73374d78c9f7aaa5789a747b014e1ac",
        "x-ms-return-client-request-id": "true"
      },
      "RequestBody": null,
      "StatusCode": 200,
      "ResponseHeaders": {
        "Content-Length": "651",
        "Content-Type": "application/json; charset=utf-8",
        "Date": "Thu, 14 Oct 2021 09:03:43 GMT",
        "Server": "Kestrel",
        "Strict-Transport-Security": "max-age=31536000; includeSubDomains",
        "x-ms-correlation-request-id": "cedec1de-6b1f-4297-a756-4c4c9201de36"
      },
      "ResponseBody": {
        "properties": {
          "minimumDistinctMatchCount": null,
          "minimumPercentageMatch": null,
          "classificationAction": "Keep",
          "dataPatterns": [],
          "columnPatterns": [
            {
              "pattern": "classid",
              "kind": "Regex"
            },
            {
              "pattern": "part_name",
              "kind": "Regex"
            },
            {
              "pattern": "price",
              "kind": "Regex"
            }
          ],
          "classificationRuleBloomFilter": null,
          "description": "test-description1009-updated",
          "version": 2,
          "classificationName": "test_classification1009",
          "owner": null,
          "ruleStatus": "Enabled",
          "createdAt": "2021-10-14T09:03:41.6021157Z",
          "lastModifiedAt": "2021-10-14T09:03:42.0092325Z",
          "collection": null
        },
        "kind": "Custom",
        "id": "classificationrules/test_classificationrule1009",
        "name": "test_classificationrule1009"
      }
    }
  ],
  "Variables": {
    "PURVIEW_SCANNING_URL": "https://dotnetllcpurviewaccount.scan.purview.azure.com/",
    "RandomSeed": "753560086"
  }
}