{
  "Entries": [
    {
      "RequestUri": "/subscriptions/69a75bda-882e-44d5-8431-63421204132a/resourceGroups/sdk-net-test-qa2/providers/Microsoft.NetApp/netAppAccounts/sdk-net-tests-acc-208?api-version=2020-07-01",
      "EncodedRequestUri": "L3N1YnNjcmlwdGlvbnMvNjlhNzViZGEtODgyZS00NGQ1LTg0MzEtNjM0MjEyMDQxMzJhL3Jlc291cmNlR3JvdXBzL3Nkay1uZXQtdGVzdC1xYTIvcHJvdmlkZXJzL01pY3Jvc29mdC5OZXRBcHAvbmV0QXBwQWNjb3VudHMvc2RrLW5ldC10ZXN0cy1hY2MtMjA4P2FwaS12ZXJzaW9uPTIwMjAtMDctMDE=",
      "RequestMethod": "PUT",
      "RequestBody": "{\r\n  \"location\": \"westus2\",\r\n  \"properties\": {\r\n    \"activeDirectories\": []\r\n  }\r\n}",
      "RequestHeaders": {
        "x-ms-client-request-id": [
          "514ef3e0-6b48-4d79-ae80-8298a2558e26"
        ],
        "Accept-Language": [
          "en-US"
        ],
        "User-Agent": [
          "FxVersion/4.6.29321.03",
          "OSName/Windows",
          "OSVersion/Microsoft.Windows.10.0.18363.",
          "Microsoft.Azure.Management.NetApp.AzureNetAppFilesManagementClient/1.8.0.0"
        ],
        "Content-Type": [
          "application/json; charset=utf-8"
        ],
        "Content-Length": [
          "83"
        ]
      },
      "ResponseHeaders": {
        "Cache-Control": [
          "no-cache"
        ],
        "Pragma": [
          "no-cache"
        ],
        "ETag": [
          "W/\"datetime'2020-11-11T09%3A29%3A10.2513723Z'\""
        ],
        "x-ms-request-id": [
          "cedcec04-0d16-465b-83f4-c338c24ede13"
        ],
        "Azure-AsyncOperation": [
          "https://management.azure.com/subscriptions/69a75bda-882e-44d5-8431-63421204132a/providers/Microsoft.NetApp/locations/westus2/operationResults/4dd9dc4f-8441-42fb-a4fd-04c117b02405?api-version=2020-07-01"
        ],
        "Request-Context": [
          "appId=cid-v1:2c4cb680-0a1f-424d-bb8d-8e650ba68d53"
        ],
        "Access-Control-Expose-Headers": [
          "Request-Context"
        ],
        "Server": [
          "Microsoft-IIS/10.0"
        ],
        "X-Powered-By": [
          "ASP.NET"
        ],
        "x-ms-ratelimit-remaining-subscription-writes": [
          "1199"
        ],
        "x-ms-correlation-request-id": [
          "623f273c-805e-480b-9c81-6f19a352b25d"
        ],
        "x-ms-routing-request-id": [
          "FRANCESOUTH:20201111T092912Z:623f273c-805e-480b-9c81-6f19a352b25d"
        ],
        "Strict-Transport-Security": [
          "max-age=31536000; includeSubDomains"
        ],
        "X-Content-Type-Options": [
          "nosniff"
        ],
        "Date": [
          "Wed, 11 Nov 2020 09:29:12 GMT"
        ],
        "Content-Length": [
          "376"
        ],
        "Content-Type": [
          "application/json; charset=utf-8"
        ],
        "Expires": [
          "-1"
        ]
      },
      "ResponseBody": "{\r\n  \"id\": \"/subscriptions/69a75bda-882e-44d5-8431-63421204132a/resourceGroups/sdk-net-test-qa2/providers/Microsoft.NetApp/netAppAccounts/sdk-net-tests-acc-208\",\r\n  \"name\": \"sdk-net-tests-acc-208\",\r\n  \"type\": \"Microsoft.NetApp/netAppAccounts\",\r\n  \"etag\": \"W/\\\"datetime'2020-11-11T09%3A29%3A10.2513723Z'\\\"\",\r\n  \"location\": \"westus2\",\r\n  \"properties\": {\r\n    \"provisioningState\": \"Creating\",\r\n    \"activeDirectories\": []\r\n  }\r\n}",
      "StatusCode": 201
    },
    {
      "RequestUri": "/subscriptions/69a75bda-882e-44d5-8431-63421204132a/providers/Microsoft.NetApp/locations/westus2/operationResults/4dd9dc4f-8441-42fb-a4fd-04c117b02405?api-version=2020-07-01",
      "EncodedRequestUri": "L3N1YnNjcmlwdGlvbnMvNjlhNzViZGEtODgyZS00NGQ1LTg0MzEtNjM0MjEyMDQxMzJhL3Byb3ZpZGVycy9NaWNyb3NvZnQuTmV0QXBwL2xvY2F0aW9ucy93ZXN0dXMyL29wZXJhdGlvblJlc3VsdHMvNGRkOWRjNGYtODQ0MS00MmZiLWE0ZmQtMDRjMTE3YjAyNDA1P2FwaS12ZXJzaW9uPTIwMjAtMDctMDE=",
      "RequestMethod": "GET",
      "RequestBody": "",
      "RequestHeaders": {
        "User-Agent": [
          "FxVersion/4.6.29321.03",
          "OSName/Windows",
          "OSVersion/Microsoft.Windows.10.0.18363.",
          "Microsoft.Azure.Management.NetApp.AzureNetAppFilesManagementClient/1.8.0.0"
        ]
      },
      "ResponseHeaders": {
        "Cache-Control": [
          "no-cache"
        ],
        "Pragma": [
          "no-cache"
        ],
        "x-ms-request-id": [
          "5b2e450d-a66b-43e0-8fdf-679d83e092a6"
        ],
        "Request-Context": [
          "appId=cid-v1:2c4cb680-0a1f-424d-bb8d-8e650ba68d53"
        ],
        "Access-Control-Expose-Headers": [
          "Request-Context"
        ],
        "Server": [
          "Microsoft-IIS/10.0"
        ],
        "X-Powered-By": [
          "ASP.NET"
        ],
        "x-ms-ratelimit-remaining-subscription-reads": [
          "11999"
        ],
        "x-ms-correlation-request-id": [
          "91cb51dd-a451-4b24-9776-08682a2b6341"
        ],
        "x-ms-routing-request-id": [
          "FRANCESOUTH:20201111T092943Z:91cb51dd-a451-4b24-9776-08682a2b6341"
        ],
        "Strict-Transport-Security": [
          "max-age=31536000; includeSubDomains"
        ],
        "X-Content-Type-Options": [
          "nosniff"
        ],
        "Date": [
          "Wed, 11 Nov 2020 09:29:42 GMT"
        ],
        "Content-Length": [
          "513"
        ],
        "Content-Type": [
          "application/json; charset=utf-8"
        ],
        "Expires": [
          "-1"
        ]
      },
      "ResponseBody": "{\r\n  \"id\": \"/subscriptions/69a75bda-882e-44d5-8431-63421204132a/providers/Microsoft.NetApp/locations/westus2/operationResults/4dd9dc4f-8441-42fb-a4fd-04c117b02405\",\r\n  \"name\": \"4dd9dc4f-8441-42fb-a4fd-04c117b02405\",\r\n  \"status\": \"Succeeded\",\r\n  \"startTime\": \"2020-11-11T09:29:10.165289Z\",\r\n  \"endTime\": \"2020-11-11T09:29:10.3371564Z\",\r\n  \"percentComplete\": 100.0,\r\n  \"properties\": {\r\n    \"resourceName\": \"/subscriptions/69a75bda-882e-44d5-8431-63421204132a/resourceGroups/sdk-net-test-qa2/providers/Microsoft.NetApp/netAppAccounts/sdk-net-tests-acc-208\"\r\n  }\r\n}",
      "StatusCode": 200
    },
    {
      "RequestUri": "/subscriptions/69a75bda-882e-44d5-8431-63421204132a/resourceGroups/sdk-net-test-qa2/providers/Microsoft.NetApp/netAppAccounts/sdk-net-tests-acc-208?api-version=2020-07-01",
      "EncodedRequestUri": "L3N1YnNjcmlwdGlvbnMvNjlhNzViZGEtODgyZS00NGQ1LTg0MzEtNjM0MjEyMDQxMzJhL3Jlc291cmNlR3JvdXBzL3Nkay1uZXQtdGVzdC1xYTIvcHJvdmlkZXJzL01pY3Jvc29mdC5OZXRBcHAvbmV0QXBwQWNjb3VudHMvc2RrLW5ldC10ZXN0cy1hY2MtMjA4P2FwaS12ZXJzaW9uPTIwMjAtMDctMDE=",
      "RequestMethod": "GET",
      "RequestBody": "",
      "RequestHeaders": {
        "User-Agent": [
          "FxVersion/4.6.29321.03",
          "OSName/Windows",
          "OSVersion/Microsoft.Windows.10.0.18363.",
          "Microsoft.Azure.Management.NetApp.AzureNetAppFilesManagementClient/1.8.0.0"
        ]
      },
      "ResponseHeaders": {
        "Cache-Control": [
          "no-cache"
        ],
        "Pragma": [
          "no-cache"
        ],
        "ETag": [
          "W/\"datetime'2020-11-11T09%3A29%3A10.330428Z'\""
        ],
        "x-ms-request-id": [
          "046aa3be-3292-4d68-8065-890f9e404f10"
        ],
        "Request-Context": [
          "appId=cid-v1:2c4cb680-0a1f-424d-bb8d-8e650ba68d53"
        ],
        "Access-Control-Expose-Headers": [
          "Request-Context"
        ],
        "Server": [
          "Microsoft-IIS/10.0"
        ],
        "X-Powered-By": [
          "ASP.NET"
        ],
        "x-ms-ratelimit-remaining-subscription-reads": [
          "11998"
        ],
        "x-ms-correlation-request-id": [
          "3baafe6f-55d0-453d-9642-35f4658ad219"
        ],
        "x-ms-routing-request-id": [
          "FRANCESOUTH:20201111T092943Z:3baafe6f-55d0-453d-9642-35f4658ad219"
        ],
        "Strict-Transport-Security": [
          "max-age=31536000; includeSubDomains"
        ],
        "X-Content-Type-Options": [
          "nosniff"
        ],
        "Date": [
          "Wed, 11 Nov 2020 09:29:42 GMT"
        ],
        "Content-Length": [
          "376"
        ],
        "Content-Type": [
          "application/json; charset=utf-8"
        ],
        "Expires": [
          "-1"
        ]
      },
      "ResponseBody": "{\r\n  \"id\": \"/subscriptions/69a75bda-882e-44d5-8431-63421204132a/resourceGroups/sdk-net-test-qa2/providers/Microsoft.NetApp/netAppAccounts/sdk-net-tests-acc-208\",\r\n  \"name\": \"sdk-net-tests-acc-208\",\r\n  \"type\": \"Microsoft.NetApp/netAppAccounts\",\r\n  \"etag\": \"W/\\\"datetime'2020-11-11T09%3A29%3A10.330428Z'\\\"\",\r\n  \"location\": \"westus2\",\r\n  \"properties\": {\r\n    \"provisioningState\": \"Succeeded\",\r\n    \"activeDirectories\": []\r\n  }\r\n}",
      "StatusCode": 200
    },
    {
      "RequestUri": "/subscriptions/69a75bda-882e-44d5-8431-63421204132a/resourceGroups/sdk-net-test-qa2/providers/Microsoft.NetApp/netAppAccounts/sdk-net-tests-acc-208/capacityPools/sdk-net-tests-pool-201?api-version=2020-07-01",
      "EncodedRequestUri": "L3N1YnNjcmlwdGlvbnMvNjlhNzViZGEtODgyZS00NGQ1LTg0MzEtNjM0MjEyMDQxMzJhL3Jlc291cmNlR3JvdXBzL3Nkay1uZXQtdGVzdC1xYTIvcHJvdmlkZXJzL01pY3Jvc29mdC5OZXRBcHAvbmV0QXBwQWNjb3VudHMvc2RrLW5ldC10ZXN0cy1hY2MtMjA4L2NhcGFjaXR5UG9vbHMvc2RrLW5ldC10ZXN0cy1wb29sLTIwMT9hcGktdmVyc2lvbj0yMDIwLTA3LTAx",
      "RequestMethod": "PUT",
      "RequestBody": "{\r\n  \"location\": \"westus2\",\r\n  \"properties\": {\r\n    \"size\": 4398046511104,\r\n    \"serviceLevel\": \"Premium\"\r\n  }\r\n}",
      "RequestHeaders": {
        "x-ms-client-request-id": [
          "e6dc6ca3-56a4-41b8-9050-2d6963433852"
        ],
        "Accept-Language": [
          "en-US"
        ],
        "User-Agent": [
          "FxVersion/4.6.29321.03",
          "OSName/Windows",
          "OSVersion/Microsoft.Windows.10.0.18363.",
          "Microsoft.Azure.Management.NetApp.AzureNetAppFilesManagementClient/1.8.0.0"
        ],
        "Content-Type": [
          "application/json; charset=utf-8"
        ],
        "Content-Length": [
          "113"
        ]
      },
      "ResponseHeaders": {
        "Cache-Control": [
          "no-cache"
        ],
        "Pragma": [
          "no-cache"
        ],
        "ETag": [
          "W/\"datetime'2020-11-11T09%3A29%3A51.0800925Z'\""
        ],
        "x-ms-request-id": [
          "dfaa2f67-feb0-4909-a6c8-9b1958b2cc96"
        ],
        "Azure-AsyncOperation": [
          "https://management.azure.com/subscriptions/69a75bda-882e-44d5-8431-63421204132a/providers/Microsoft.NetApp/locations/westus2/operationResults/b3baa950-2b4f-4f0b-a9dc-73df1eca5012?api-version=2020-07-01"
        ],
        "Request-Context": [
          "appId=cid-v1:2c4cb680-0a1f-424d-bb8d-8e650ba68d53"
        ],
        "Access-Control-Expose-Headers": [
          "Request-Context"
        ],
        "Server": [
          "Microsoft-IIS/10.0"
        ],
        "X-Powered-By": [
          "ASP.NET"
        ],
        "x-ms-ratelimit-remaining-subscription-writes": [
          "1198"
        ],
        "x-ms-correlation-request-id": [
          "c0c3460d-7f6e-4d56-b1b2-eedc855de3a4"
        ],
        "x-ms-routing-request-id": [
          "FRANCESOUTH:20201111T092952Z:c0c3460d-7f6e-4d56-b1b2-eedc855de3a4"
        ],
        "Strict-Transport-Security": [
          "max-age=31536000; includeSubDomains"
        ],
        "X-Content-Type-Options": [
          "nosniff"
        ],
        "Date": [
          "Wed, 11 Nov 2020 09:29:51 GMT"
        ],
        "Content-Length": [
          "530"
        ],
        "Content-Type": [
          "application/json; charset=utf-8"
        ],
        "Expires": [
          "-1"
        ]
      },
      "ResponseBody": "{\r\n  \"id\": \"/subscriptions/69a75bda-882e-44d5-8431-63421204132a/resourceGroups/sdk-net-test-qa2/providers/Microsoft.NetApp/netAppAccounts/sdk-net-tests-acc-208/capacityPools/sdk-net-tests-pool-201\",\r\n  \"name\": \"sdk-net-tests-acc-208/sdk-net-tests-pool-201\",\r\n  \"type\": \"Microsoft.NetApp/netAppAccounts/capacityPools\",\r\n  \"etag\": \"W/\\\"datetime'2020-11-11T09%3A29%3A51.0800925Z'\\\"\",\r\n  \"location\": \"westus2\",\r\n  \"properties\": {\r\n    \"serviceLevel\": \"Premium\",\r\n    \"size\": 4398046511104,\r\n    \"totalThroughputMibps\": 0.0,\r\n    \"utilizedThroughputMibps\": 0.0,\r\n    \"provisioningState\": \"Creating\"\r\n  }\r\n}",
      "StatusCode": 201
    },
    {
      "RequestUri": "/subscriptions/69a75bda-882e-44d5-8431-63421204132a/providers/Microsoft.NetApp/locations/westus2/operationResults/b3baa950-2b4f-4f0b-a9dc-73df1eca5012?api-version=2020-07-01",
      "EncodedRequestUri": "L3N1YnNjcmlwdGlvbnMvNjlhNzViZGEtODgyZS00NGQ1LTg0MzEtNjM0MjEyMDQxMzJhL3Byb3ZpZGVycy9NaWNyb3NvZnQuTmV0QXBwL2xvY2F0aW9ucy93ZXN0dXMyL29wZXJhdGlvblJlc3VsdHMvYjNiYWE5NTAtMmI0Zi00ZjBiLWE5ZGMtNzNkZjFlY2E1MDEyP2FwaS12ZXJzaW9uPTIwMjAtMDctMDE=",
      "RequestMethod": "GET",
      "RequestBody": "",
      "RequestHeaders": {
        "User-Agent": [
          "FxVersion/4.6.29321.03",
          "OSName/Windows",
          "OSVersion/Microsoft.Windows.10.0.18363.",
          "Microsoft.Azure.Management.NetApp.AzureNetAppFilesManagementClient/1.8.0.0"
        ]
      },
      "ResponseHeaders": {
        "Cache-Control": [
          "no-cache"
        ],
        "Pragma": [
          "no-cache"
        ],
        "x-ms-request-id": [
          "bf6c05e3-d353-48b1-8e42-95c040c5f917"
        ],
        "Request-Context": [
          "appId=cid-v1:2c4cb680-0a1f-424d-bb8d-8e650ba68d53"
        ],
        "Access-Control-Expose-Headers": [
          "Request-Context"
        ],
        "Server": [
          "Microsoft-IIS/10.0"
        ],
        "X-Powered-By": [
          "ASP.NET"
        ],
        "x-ms-ratelimit-remaining-subscription-reads": [
          "11997"
        ],
        "x-ms-correlation-request-id": [
          "3fd00f35-7ecd-42c1-83c4-a1183c0d1f5c"
        ],
        "x-ms-routing-request-id": [
          "FRANCESOUTH:20201111T093022Z:3fd00f35-7ecd-42c1-83c4-a1183c0d1f5c"
        ],
        "Strict-Transport-Security": [
          "max-age=31536000; includeSubDomains"
        ],
        "X-Content-Type-Options": [
          "nosniff"
        ],
        "Date": [
          "Wed, 11 Nov 2020 09:30:21 GMT"
        ],
        "Content-Length": [
          "549"
        ],
        "Content-Type": [
          "application/json; charset=utf-8"
        ],
        "Expires": [
          "-1"
        ]
      },
      "ResponseBody": "{\r\n  \"id\": \"/subscriptions/69a75bda-882e-44d5-8431-63421204132a/providers/Microsoft.NetApp/locations/westus2/operationResults/b3baa950-2b4f-4f0b-a9dc-73df1eca5012\",\r\n  \"name\": \"b3baa950-2b4f-4f0b-a9dc-73df1eca5012\",\r\n  \"status\": \"Succeeded\",\r\n  \"startTime\": \"2020-11-11T09:29:51.0040493Z\",\r\n  \"endTime\": \"2020-11-11T09:29:51.31649Z\",\r\n  \"percentComplete\": 100.0,\r\n  \"properties\": {\r\n    \"resourceName\": \"/subscriptions/69a75bda-882e-44d5-8431-63421204132a/resourceGroups/sdk-net-test-qa2/providers/Microsoft.NetApp/netAppAccounts/sdk-net-tests-acc-208/capacityPools/sdk-net-tests-pool-201\"\r\n  }\r\n}",
      "StatusCode": 200
    },
    {
      "RequestUri": "/subscriptions/69a75bda-882e-44d5-8431-63421204132a/resourceGroups/sdk-net-test-qa2/providers/Microsoft.NetApp/netAppAccounts/sdk-net-tests-acc-208/capacityPools/sdk-net-tests-pool-201?api-version=2020-07-01",
      "EncodedRequestUri": "L3N1YnNjcmlwdGlvbnMvNjlhNzViZGEtODgyZS00NGQ1LTg0MzEtNjM0MjEyMDQxMzJhL3Jlc291cmNlR3JvdXBzL3Nkay1uZXQtdGVzdC1xYTIvcHJvdmlkZXJzL01pY3Jvc29mdC5OZXRBcHAvbmV0QXBwQWNjb3VudHMvc2RrLW5ldC10ZXN0cy1hY2MtMjA4L2NhcGFjaXR5UG9vbHMvc2RrLW5ldC10ZXN0cy1wb29sLTIwMT9hcGktdmVyc2lvbj0yMDIwLTA3LTAx",
      "RequestMethod": "GET",
      "RequestBody": "",
      "RequestHeaders": {
        "User-Agent": [
          "FxVersion/4.6.29321.03",
          "OSName/Windows",
          "OSVersion/Microsoft.Windows.10.0.18363.",
          "Microsoft.Azure.Management.NetApp.AzureNetAppFilesManagementClient/1.8.0.0"
        ]
      },
      "ResponseHeaders": {
        "Cache-Control": [
          "no-cache"
        ],
        "Pragma": [
          "no-cache"
        ],
        "ETag": [
          "W/\"datetime'2020-11-11T09%3A29%3A51.321262Z'\""
        ],
        "x-ms-request-id": [
          "43d165df-8bc9-46f4-be54-18fed4c7a152"
        ],
        "Request-Context": [
          "appId=cid-v1:2c4cb680-0a1f-424d-bb8d-8e650ba68d53"
        ],
        "Access-Control-Expose-Headers": [
          "Request-Context"
        ],
        "Server": [
          "Microsoft-IIS/10.0"
        ],
        "X-Powered-By": [
          "ASP.NET"
        ],
        "x-ms-ratelimit-remaining-subscription-reads": [
          "11996"
        ],
        "x-ms-correlation-request-id": [
          "b0c8f6cb-0cc5-4918-b08a-0fa1aecff42a"
        ],
        "x-ms-routing-request-id": [
          "FRANCESOUTH:20201111T093022Z:b0c8f6cb-0cc5-4918-b08a-0fa1aecff42a"
        ],
        "Strict-Transport-Security": [
          "max-age=31536000; includeSubDomains"
        ],
        "X-Content-Type-Options": [
          "nosniff"
        ],
        "Date": [
          "Wed, 11 Nov 2020 09:30:21 GMT"
        ],
        "Content-Length": [
          "625"
        ],
        "Content-Type": [
          "application/json; charset=utf-8"
        ],
        "Expires": [
          "-1"
        ]
      },
      "ResponseBody": "{\r\n  \"id\": \"/subscriptions/69a75bda-882e-44d5-8431-63421204132a/resourceGroups/sdk-net-test-qa2/providers/Microsoft.NetApp/netAppAccounts/sdk-net-tests-acc-208/capacityPools/sdk-net-tests-pool-201\",\r\n  \"name\": \"sdk-net-tests-acc-208/sdk-net-tests-pool-201\",\r\n  \"type\": \"Microsoft.NetApp/netAppAccounts/capacityPools\",\r\n  \"etag\": \"W/\\\"datetime'2020-11-11T09%3A29%3A51.321262Z'\\\"\",\r\n  \"location\": \"westus2\",\r\n  \"properties\": {\r\n    \"poolId\": \"42f034ce-bf0b-56fa-e27d-5489bebcd9fe\",\r\n    \"serviceLevel\": \"Premium\",\r\n    \"size\": 4398046511104,\r\n    \"qosType\": \"Auto\",\r\n    \"totalThroughputMibps\": 262.144,\r\n    \"utilizedThroughputMibps\": 0.0,\r\n    \"encryptionType\": \"Single\",\r\n    \"provisioningState\": \"Succeeded\"\r\n  }\r\n}",
      "StatusCode": 200
    },
    {
      "RequestUri": "/subscriptions/69a75bda-882e-44d5-8431-63421204132a/resourceGroups/sdk-net-test-qa2/providers/Microsoft.NetApp/netAppAccounts/sdk-net-tests-acc-208/capacityPools/sdk-net-tests-pool-201/volumes/sdk-net-tests-vol-2101?api-version=2020-07-01",
      "EncodedRequestUri": "L3N1YnNjcmlwdGlvbnMvNjlhNzViZGEtODgyZS00NGQ1LTg0MzEtNjM0MjEyMDQxMzJhL3Jlc291cmNlR3JvdXBzL3Nkay1uZXQtdGVzdC1xYTIvcHJvdmlkZXJzL01pY3Jvc29mdC5OZXRBcHAvbmV0QXBwQWNjb3VudHMvc2RrLW5ldC10ZXN0cy1hY2MtMjA4L2NhcGFjaXR5UG9vbHMvc2RrLW5ldC10ZXN0cy1wb29sLTIwMS92b2x1bWVzL3Nkay1uZXQtdGVzdHMtdm9sLTIxMDE/YXBpLXZlcnNpb249MjAyMC0wNy0wMQ==",
      "RequestMethod": "PUT",
      "RequestBody": "{\r\n  \"location\": \"westus2\",\r\n  \"properties\": {\r\n    \"creationToken\": \"sdk-net-tests-vol-2101\",\r\n    \"usageThreshold\": 107374182400,\r\n    \"protocolTypes\": [\r\n      \"NFSv3\"\r\n    ],\r\n    \"subnetId\": \"/subscriptions/69a75bda-882e-44d5-8431-63421204132a/resourceGroups/sdk-net-test-qa2/providers/Microsoft.Network/virtualNetworks/sdknettestqa2vnet464/subnets/default\"\r\n  }\r\n}",
      "RequestHeaders": {
        "x-ms-client-request-id": [
          "dcbde85a-e6ab-4cd9-8470-4c9e67fc5d37"
        ],
        "Accept-Language": [
          "en-US"
        ],
        "User-Agent": [
          "FxVersion/4.6.29321.03",
          "OSName/Windows",
          "OSVersion/Microsoft.Windows.10.0.18363.",
          "Microsoft.Azure.Management.NetApp.AzureNetAppFilesManagementClient/1.8.0.0"
        ],
        "Content-Type": [
          "application/json; charset=utf-8"
        ],
        "Content-Length": [
          "370"
        ]
      },
      "ResponseHeaders": {
        "Cache-Control": [
          "no-cache"
        ],
        "Pragma": [
          "no-cache"
        ],
        "ETag": [
          "W/\"datetime'2020-11-11T09%3A30%3A29.4990087Z'\""
        ],
        "x-ms-request-id": [
          "36caf64f-94ee-4296-8f5c-362fd6fe01b8"
        ],
        "Azure-AsyncOperation": [
          "https://management.azure.com/subscriptions/69a75bda-882e-44d5-8431-63421204132a/providers/Microsoft.NetApp/locations/westus2/operationResults/8c923f4b-765c-41fe-93f3-d70d0a49b3d5?api-version=2020-07-01"
        ],
        "Request-Context": [
          "appId=cid-v1:2c4cb680-0a1f-424d-bb8d-8e650ba68d53"
        ],
        "Access-Control-Expose-Headers": [
          "Request-Context"
        ],
        "Server": [
          "Microsoft-IIS/10.0"
        ],
        "X-Powered-By": [
          "ASP.NET"
        ],
        "x-ms-ratelimit-remaining-subscription-writes": [
          "1197"
        ],
        "x-ms-correlation-request-id": [
          "5652f232-db38-409b-8cdb-66a75574b5c8"
        ],
        "x-ms-routing-request-id": [
          "FRANCESOUTH:20201111T093030Z:5652f232-db38-409b-8cdb-66a75574b5c8"
        ],
        "Strict-Transport-Security": [
          "max-age=31536000; includeSubDomains"
        ],
        "X-Content-Type-Options": [
          "nosniff"
        ],
        "Date": [
          "Wed, 11 Nov 2020 09:30:29 GMT"
        ],
        "Content-Length": [
          "764"
        ],
        "Content-Type": [
          "application/json; charset=utf-8"
        ],
        "Expires": [
          "-1"
        ]
      },
      "ResponseBody": "{\r\n  \"id\": \"/subscriptions/69a75bda-882e-44d5-8431-63421204132a/resourceGroups/sdk-net-test-qa2/providers/Microsoft.NetApp/netAppAccounts/sdk-net-tests-acc-208/capacityPools/sdk-net-tests-pool-201/volumes/sdk-net-tests-vol-2101\",\r\n  \"name\": \"sdk-net-tests-acc-208/sdk-net-tests-pool-201/sdk-net-tests-vol-2101\",\r\n  \"type\": \"Microsoft.NetApp/netAppAccounts/capacityPools/volumes\",\r\n  \"etag\": \"W/\\\"datetime'2020-11-11T09%3A30%3A29.4990087Z'\\\"\",\r\n  \"location\": \"westus2\",\r\n  \"properties\": {\r\n    \"creationToken\": \"sdk-net-tests-vol-2101\",\r\n    \"usageThreshold\": 107374182400,\r\n    \"protocolTypes\": [\r\n      \"NFSv3\"\r\n    ],\r\n    \"subnetId\": \"/subscriptions/69a75bda-882e-44d5-8431-63421204132a/resourceGroups/sdk-net-test-qa2/providers/Microsoft.Network/virtualNetworks/sdknettestqa2vnet464/subnets/default\",\r\n    \"provisioningState\": \"Creating\"\r\n  }\r\n}",
      "StatusCode": 201
    },
    {
      "RequestUri": "/subscriptions/69a75bda-882e-44d5-8431-63421204132a/providers/Microsoft.NetApp/locations/westus2/operationResults/8c923f4b-765c-41fe-93f3-d70d0a49b3d5?api-version=2020-07-01",
      "EncodedRequestUri": "L3N1YnNjcmlwdGlvbnMvNjlhNzViZGEtODgyZS00NGQ1LTg0MzEtNjM0MjEyMDQxMzJhL3Byb3ZpZGVycy9NaWNyb3NvZnQuTmV0QXBwL2xvY2F0aW9ucy93ZXN0dXMyL29wZXJhdGlvblJlc3VsdHMvOGM5MjNmNGItNzY1Yy00MWZlLTkzZjMtZDcwZDBhNDliM2Q1P2FwaS12ZXJzaW9uPTIwMjAtMDctMDE=",
      "RequestMethod": "GET",
      "RequestBody": "",
      "RequestHeaders": {
        "User-Agent": [
          "FxVersion/4.6.29321.03",
          "OSName/Windows",
          "OSVersion/Microsoft.Windows.10.0.18363.",
          "Microsoft.Azure.Management.NetApp.AzureNetAppFilesManagementClient/1.8.0.0"
        ]
      },
      "ResponseHeaders": {
        "Cache-Control": [
          "no-cache"
        ],
        "Pragma": [
          "no-cache"
        ],
        "x-ms-request-id": [
          "59fd0cd7-090c-459e-88e8-be2386d6c6c8"
        ],
        "Request-Context": [
          "appId=cid-v1:2c4cb680-0a1f-424d-bb8d-8e650ba68d53"
        ],
        "Access-Control-Expose-Headers": [
          "Request-Context"
        ],
        "Server": [
          "Microsoft-IIS/10.0"
        ],
        "X-Powered-By": [
          "ASP.NET"
        ],
        "x-ms-ratelimit-remaining-subscription-reads": [
          "11995"
        ],
        "x-ms-correlation-request-id": [
          "372f4067-8939-4fc9-a644-633936403aba"
        ],
        "x-ms-routing-request-id": [
          "FRANCESOUTH:20201111T093100Z:372f4067-8939-4fc9-a644-633936403aba"
        ],
        "Strict-Transport-Security": [
          "max-age=31536000; includeSubDomains"
        ],
        "X-Content-Type-Options": [
          "nosniff"
        ],
        "Date": [
          "Wed, 11 Nov 2020 09:31:00 GMT"
        ],
        "Content-Length": [
          "582"
        ],
        "Content-Type": [
          "application/json; charset=utf-8"
        ],
        "Expires": [
          "-1"
        ]
      },
      "ResponseBody": "{\r\n  \"id\": \"/subscriptions/69a75bda-882e-44d5-8431-63421204132a/providers/Microsoft.NetApp/locations/westus2/operationResults/8c923f4b-765c-41fe-93f3-d70d0a49b3d5\",\r\n  \"name\": \"8c923f4b-765c-41fe-93f3-d70d0a49b3d5\",\r\n  \"status\": \"Succeeded\",\r\n  \"startTime\": \"2020-11-11T09:30:29.4289797Z\",\r\n  \"endTime\": \"2020-11-11T09:30:46.2389784Z\",\r\n  \"percentComplete\": 100.0,\r\n  \"properties\": {\r\n    \"resourceName\": \"/subscriptions/69a75bda-882e-44d5-8431-63421204132a/resourceGroups/sdk-net-test-qa2/providers/Microsoft.NetApp/netAppAccounts/sdk-net-tests-acc-208/capacityPools/sdk-net-tests-pool-201/volumes/sdk-net-tests-vol-2101\"\r\n  }\r\n}",
      "StatusCode": 200
    },
    {
      "RequestUri": "/subscriptions/69a75bda-882e-44d5-8431-63421204132a/resourceGroups/sdk-net-test-qa2/providers/Microsoft.NetApp/netAppAccounts/sdk-net-tests-acc-208/capacityPools/sdk-net-tests-pool-201/volumes/sdk-net-tests-vol-2101?api-version=2020-07-01",
      "EncodedRequestUri": "L3N1YnNjcmlwdGlvbnMvNjlhNzViZGEtODgyZS00NGQ1LTg0MzEtNjM0MjEyMDQxMzJhL3Jlc291cmNlR3JvdXBzL3Nkay1uZXQtdGVzdC1xYTIvcHJvdmlkZXJzL01pY3Jvc29mdC5OZXRBcHAvbmV0QXBwQWNjb3VudHMvc2RrLW5ldC10ZXN0cy1hY2MtMjA4L2NhcGFjaXR5UG9vbHMvc2RrLW5ldC10ZXN0cy1wb29sLTIwMS92b2x1bWVzL3Nkay1uZXQtdGVzdHMtdm9sLTIxMDE/YXBpLXZlcnNpb249MjAyMC0wNy0wMQ==",
      "RequestMethod": "GET",
      "RequestBody": "",
      "RequestHeaders": {
        "User-Agent": [
          "FxVersion/4.6.29321.03",
          "OSName/Windows",
          "OSVersion/Microsoft.Windows.10.0.18363.",
          "Microsoft.Azure.Management.NetApp.AzureNetAppFilesManagementClient/1.8.0.0"
        ]
      },
      "ResponseHeaders": {
        "Cache-Control": [
          "no-cache"
        ],
        "Pragma": [
          "no-cache"
        ],
        "ETag": [
          "W/\"datetime'2020-11-11T09%3A30%3A46.2336943Z'\""
        ],
        "x-ms-request-id": [
          "1e00bcdb-8c01-4d09-84bb-bef8718813b7"
        ],
        "Request-Context": [
          "appId=cid-v1:2c4cb680-0a1f-424d-bb8d-8e650ba68d53"
        ],
        "Access-Control-Expose-Headers": [
          "Request-Context"
        ],
        "Server": [
          "Microsoft-IIS/10.0"
        ],
        "X-Powered-By": [
          "ASP.NET"
        ],
        "x-ms-ratelimit-remaining-subscription-reads": [
          "11994"
        ],
        "x-ms-correlation-request-id": [
          "f9378117-55cf-4e11-9c76-a65ce1661f5f"
        ],
        "x-ms-routing-request-id": [
          "FRANCESOUTH:20201111T093101Z:f9378117-55cf-4e11-9c76-a65ce1661f5f"
        ],
        "Strict-Transport-Security": [
          "max-age=31536000; includeSubDomains"
        ],
        "X-Content-Type-Options": [
          "nosniff"
        ],
        "Date": [
          "Wed, 11 Nov 2020 09:31:01 GMT"
        ],
        "Content-Length": [
          "1570"
        ],
        "Content-Type": [
          "application/json; charset=utf-8"
        ],
        "Expires": [
          "-1"
        ]
      },
      "ResponseBody": "{\r\n  \"id\": \"/subscriptions/69a75bda-882e-44d5-8431-63421204132a/resourceGroups/sdk-net-test-qa2/providers/Microsoft.NetApp/netAppAccounts/sdk-net-tests-acc-208/capacityPools/sdk-net-tests-pool-201/volumes/sdk-net-tests-vol-2101\",\r\n  \"name\": \"sdk-net-tests-acc-208/sdk-net-tests-pool-201/sdk-net-tests-vol-2101\",\r\n  \"type\": \"Microsoft.NetApp/netAppAccounts/capacityPools/volumes\",\r\n  \"etag\": \"W/\\\"datetime'2020-11-11T09%3A30%3A46.2336943Z'\\\"\",\r\n  \"location\": \"westus2\",\r\n  \"properties\": {\r\n    \"mountTargets\": [\r\n      {\r\n        \"mountTargetId\": \"af662afe-0f8e-9df4-8db5-2923bb470b6a\",\r\n        \"fileSystemId\": \"af662afe-0f8e-9df4-8db5-2923bb470b6a\",\r\n        \"ipAddress\": \"10.1.8.5\",\r\n        \"smbServerFQDN\": \"\"\r\n      }\r\n    ],\r\n    \"throughputMibps\": 0.0,\r\n    \"provisioningState\": \"Succeeded\",\r\n    \"fileSystemId\": \"af662afe-0f8e-9df4-8db5-2923bb470b6a\",\r\n    \"name\": \"sdk-net-tests-vol-2101\",\r\n    \"serviceLevel\": \"Premium\",\r\n    \"creationToken\": \"sdk-net-tests-vol-2101\",\r\n    \"usageThreshold\": 107374182400,\r\n    \"exportPolicy\": {\r\n      \"rules\": [\r\n        {\r\n          \"ruleIndex\": 1,\r\n          \"unixReadOnly\": false,\r\n          \"unixReadWrite\": true,\r\n          \"cifs\": false,\r\n          \"nfsv3\": true,\r\n          \"nfsv41\": false,\r\n          \"allowedClients\": \"0.0.0.0/0\",\r\n          \"kerberos5ReadOnly\": false,\r\n          \"kerberos5ReadWrite\": false,\r\n          \"kerberos5iReadOnly\": false,\r\n          \"kerberos5iReadWrite\": false,\r\n          \"kerberos5pReadOnly\": false,\r\n          \"kerberos5pReadWrite\": false,\r\n          \"hasRootAccess\": true\r\n        }\r\n      ]\r\n    },\r\n    \"protocolTypes\": [\r\n      \"NFSv3\"\r\n    ],\r\n    \"baremetalTenantId\": \"baremetalTenant_svm_8f82c7b40509489d9e97d719b9b955b4_c489744d\",\r\n    \"subnetId\": \"/subscriptions/69a75bda-882e-44d5-8431-63421204132a/resourceGroups/sdk-net-test-qa2/providers/Microsoft.Network/virtualNetworks/sdknettestqa2vnet464/subnets/default\",\r\n    \"snapshotDirectoryVisible\": true,\r\n    \"kerberosEnabled\": false,\r\n    \"securityStyle\": \"Unix\"\r\n  }\r\n}",
      "StatusCode": 200
    },
    {
      "RequestUri": "/subscriptions/69a75bda-882e-44d5-8431-63421204132a/resourceGroups/sdk-net-test-qa2/providers/Microsoft.NetApp/netAppAccounts/sdk-net-tests-acc-208/capacityPools/sdk-net-tests-pool-201/volumes/sdk-net-tests-vol-2101/snapshots/sdk-net-tests-snap-11?api-version=2020-07-01",
      "EncodedRequestUri": "L3N1YnNjcmlwdGlvbnMvNjlhNzViZGEtODgyZS00NGQ1LTg0MzEtNjM0MjEyMDQxMzJhL3Jlc291cmNlR3JvdXBzL3Nkay1uZXQtdGVzdC1xYTIvcHJvdmlkZXJzL01pY3Jvc29mdC5OZXRBcHAvbmV0QXBwQWNjb3VudHMvc2RrLW5ldC10ZXN0cy1hY2MtMjA4L2NhcGFjaXR5UG9vbHMvc2RrLW5ldC10ZXN0cy1wb29sLTIwMS92b2x1bWVzL3Nkay1uZXQtdGVzdHMtdm9sLTIxMDEvc25hcHNob3RzL3Nkay1uZXQtdGVzdHMtc25hcC0xMT9hcGktdmVyc2lvbj0yMDIwLTA3LTAx",
      "RequestMethod": "PUT",
      "RequestBody": "{\r\n  \"location\": \"westus2\"\r\n}",
      "RequestHeaders": {
        "x-ms-client-request-id": [
          "ac1f9a45-2ce7-4f56-b3e7-ef65d892d77b"
        ],
        "Accept-Language": [
          "en-US"
        ],
        "User-Agent": [
          "FxVersion/4.6.29321.03",
          "OSName/Windows",
          "OSVersion/Microsoft.Windows.10.0.18363.",
          "Microsoft.Azure.Management.NetApp.AzureNetAppFilesManagementClient/1.8.0.0"
        ],
        "Content-Type": [
          "application/json; charset=utf-8"
        ],
        "Content-Length": [
          "29"
        ]
      },
      "ResponseHeaders": {
        "Cache-Control": [
          "no-cache"
        ],
        "Pragma": [
          "no-cache"
        ],
        "Location": [
          "https://management.azure.com/subscriptions/69a75bda-882e-44d5-8431-63421204132a/providers/Microsoft.NetApp/locations/westus2/operationResults/7b598f53-9bff-4b94-875f-8ab241d4ccbd?api-version=2020-07-01&operationResultResponseType=Location"
        ],
        "x-ms-request-id": [
          "25f9322c-8a89-422d-a293-9d45a3b30bab"
        ],
        "Azure-AsyncOperation": [
          "https://management.azure.com/subscriptions/69a75bda-882e-44d5-8431-63421204132a/providers/Microsoft.NetApp/locations/westus2/operationResults/7b598f53-9bff-4b94-875f-8ab241d4ccbd?api-version=2020-07-01"
        ],
        "Request-Context": [
          "appId=cid-v1:2c4cb680-0a1f-424d-bb8d-8e650ba68d53"
        ],
        "Access-Control-Expose-Headers": [
          "Request-Context"
        ],
        "Server": [
          "Microsoft-IIS/10.0"
        ],
        "X-Powered-By": [
          "ASP.NET"
        ],
        "x-ms-ratelimit-remaining-subscription-writes": [
          "1196"
        ],
        "x-ms-correlation-request-id": [
          "f295cb75-0533-4e60-987d-885718773085"
        ],
        "x-ms-routing-request-id": [
          "FRANCESOUTH:20201111T093112Z:f295cb75-0533-4e60-987d-885718773085"
        ],
        "Strict-Transport-Security": [
          "max-age=31536000; includeSubDomains"
        ],
        "X-Content-Type-Options": [
          "nosniff"
        ],
        "Date": [
          "Wed, 11 Nov 2020 09:31:11 GMT"
        ],
        "Content-Length": [
          "580"
        ],
        "Content-Type": [
          "application/json; charset=utf-8"
        ],
        "Expires": [
          "-1"
        ]
      },
      "ResponseBody": "{\r\n  \"id\": \"/subscriptions/69a75bda-882e-44d5-8431-63421204132a/resourceGroups/sdk-net-test-qa2/providers/Microsoft.NetApp/netAppAccounts/sdk-net-tests-acc-208/capacityPools/sdk-net-tests-pool-201/volumes/sdk-net-tests-vol-2101/snapshots/sdk-net-tests-snap-11\",\r\n  \"name\": \"sdk-net-tests-acc-208/sdk-net-tests-pool-201/sdk-net-tests-vol-2101/sdk-net-tests-snap-11\",\r\n  \"type\": \"Microsoft.NetApp/netAppAccounts/capacityPools/volumes/snapshots\",\r\n  \"location\": \"westus2\",\r\n  \"properties\": {\r\n    \"provisioningState\": \"Creating\",\r\n    \"fileSystemId\": \"af662afe-0f8e-9df4-8db5-2923bb470b6a\",\r\n    \"name\": \"sdk-net-tests-snap-11\"\r\n  }\r\n}",
      "StatusCode": 201
    },
    {
      "RequestUri": "/subscriptions/69a75bda-882e-44d5-8431-63421204132a/providers/Microsoft.NetApp/locations/westus2/operationResults/7b598f53-9bff-4b94-875f-8ab241d4ccbd?api-version=2020-07-01",
      "EncodedRequestUri": "L3N1YnNjcmlwdGlvbnMvNjlhNzViZGEtODgyZS00NGQ1LTg0MzEtNjM0MjEyMDQxMzJhL3Byb3ZpZGVycy9NaWNyb3NvZnQuTmV0QXBwL2xvY2F0aW9ucy93ZXN0dXMyL29wZXJhdGlvblJlc3VsdHMvN2I1OThmNTMtOWJmZi00Yjk0LTg3NWYtOGFiMjQxZDRjY2JkP2FwaS12ZXJzaW9uPTIwMjAtMDctMDE=",
      "RequestMethod": "GET",
      "RequestBody": "",
      "RequestHeaders": {
        "User-Agent": [
          "FxVersion/4.6.29321.03",
          "OSName/Windows",
          "OSVersion/Microsoft.Windows.10.0.18363.",
          "Microsoft.Azure.Management.NetApp.AzureNetAppFilesManagementClient/1.8.0.0"
        ]
      },
      "ResponseHeaders": {
        "Cache-Control": [
          "no-cache"
        ],
        "Pragma": [
          "no-cache"
        ],
        "x-ms-request-id": [
          "ff4f75d2-ad28-45e0-9ef0-41a234c97522"
        ],
        "Request-Context": [
          "appId=cid-v1:2c4cb680-0a1f-424d-bb8d-8e650ba68d53"
        ],
        "Access-Control-Expose-Headers": [
          "Request-Context"
        ],
        "Server": [
          "Microsoft-IIS/10.0"
        ],
        "X-Powered-By": [
          "ASP.NET"
        ],
        "x-ms-ratelimit-remaining-subscription-reads": [
          "11993"
        ],
        "x-ms-correlation-request-id": [
          "5fd4fb40-c7da-4b7a-94b7-6f089baf8f4e"
        ],
        "x-ms-routing-request-id": [
          "FRANCESOUTH:20201111T093142Z:5fd4fb40-c7da-4b7a-94b7-6f089baf8f4e"
        ],
        "Strict-Transport-Security": [
          "max-age=31536000; includeSubDomains"
        ],
        "X-Content-Type-Options": [
          "nosniff"
        ],
        "Date": [
          "Wed, 11 Nov 2020 09:31:41 GMT"
        ],
        "Content-Length": [
          "614"
        ],
        "Content-Type": [
          "application/json; charset=utf-8"
        ],
        "Expires": [
          "-1"
        ]
      },
      "ResponseBody": "{\r\n  \"id\": \"/subscriptions/69a75bda-882e-44d5-8431-63421204132a/providers/Microsoft.NetApp/locations/westus2/operationResults/7b598f53-9bff-4b94-875f-8ab241d4ccbd\",\r\n  \"name\": \"7b598f53-9bff-4b94-875f-8ab241d4ccbd\",\r\n  \"status\": \"Succeeded\",\r\n  \"startTime\": \"2020-11-11T09:31:12.0804325Z\",\r\n  \"endTime\": \"2020-11-11T09:31:13.8773955Z\",\r\n  \"percentComplete\": 100.0,\r\n  \"properties\": {\r\n    \"resourceName\": \"/subscriptions/69a75bda-882e-44d5-8431-63421204132a/resourceGroups/sdk-net-test-qa2/providers/Microsoft.NetApp/netAppAccounts/sdk-net-tests-acc-208/capacityPools/sdk-net-tests-pool-201/volumes/sdk-net-tests-vol-2101/snapshots/sdk-net-tests-snap-11\"\r\n  }\r\n}",
      "StatusCode": 200
    },
    {
      "RequestUri": "/subscriptions/69a75bda-882e-44d5-8431-63421204132a/resourceGroups/sdk-net-test-qa2/providers/Microsoft.NetApp/netAppAccounts/sdk-net-tests-acc-208/capacityPools/sdk-net-tests-pool-201/volumes/sdk-net-tests-vol-2101/snapshots/sdk-net-tests-snap-11?api-version=2020-07-01",
      "EncodedRequestUri": "L3N1YnNjcmlwdGlvbnMvNjlhNzViZGEtODgyZS00NGQ1LTg0MzEtNjM0MjEyMDQxMzJhL3Jlc291cmNlR3JvdXBzL3Nkay1uZXQtdGVzdC1xYTIvcHJvdmlkZXJzL01pY3Jvc29mdC5OZXRBcHAvbmV0QXBwQWNjb3VudHMvc2RrLW5ldC10ZXN0cy1hY2MtMjA4L2NhcGFjaXR5UG9vbHMvc2RrLW5ldC10ZXN0cy1wb29sLTIwMS92b2x1bWVzL3Nkay1uZXQtdGVzdHMtdm9sLTIxMDEvc25hcHNob3RzL3Nkay1uZXQtdGVzdHMtc25hcC0xMT9hcGktdmVyc2lvbj0yMDIwLTA3LTAx",
      "RequestMethod": "GET",
      "RequestBody": "",
      "RequestHeaders": {
        "User-Agent": [
          "FxVersion/4.6.29321.03",
          "OSName/Windows",
          "OSVersion/Microsoft.Windows.10.0.18363.",
          "Microsoft.Azure.Management.NetApp.AzureNetAppFilesManagementClient/1.8.0.0"
        ]
      },
      "ResponseHeaders": {
        "Cache-Control": [
          "no-cache"
        ],
        "Pragma": [
          "no-cache"
        ],
        "x-ms-request-id": [
          "8ae662a1-40fe-4725-ac09-e847d9c9194f"
        ],
        "Request-Context": [
          "appId=cid-v1:2c4cb680-0a1f-424d-bb8d-8e650ba68d53"
        ],
        "Access-Control-Expose-Headers": [
          "Request-Context"
        ],
        "Server": [
          "Microsoft-IIS/10.0"
        ],
        "X-Powered-By": [
          "ASP.NET"
        ],
        "x-ms-ratelimit-remaining-subscription-reads": [
          "11992"
        ],
        "x-ms-correlation-request-id": [
          "0f99333c-7692-4bf3-a79c-16a7cbc815c2"
        ],
        "x-ms-routing-request-id": [
          "FRANCESOUTH:20201111T093142Z:0f99333c-7692-4bf3-a79c-16a7cbc815c2"
        ],
        "Strict-Transport-Security": [
          "max-age=31536000; includeSubDomains"
        ],
        "X-Content-Type-Options": [
          "nosniff"
        ],
        "Date": [
          "Wed, 11 Nov 2020 09:31:41 GMT"
        ],
        "Content-Length": [
          "612"
        ],
        "Content-Type": [
          "application/json; charset=utf-8"
        ],
        "Expires": [
          "-1"
        ]
      },
      "ResponseBody": "{\r\n  \"id\": \"/subscriptions/69a75bda-882e-44d5-8431-63421204132a/resourceGroups/sdk-net-test-qa2/providers/Microsoft.NetApp/netAppAccounts/sdk-net-tests-acc-208/capacityPools/sdk-net-tests-pool-201/volumes/sdk-net-tests-vol-2101/snapshots/sdk-net-tests-snap-11\",\r\n  \"name\": \"sdk-net-tests-acc-208/sdk-net-tests-pool-201/sdk-net-tests-vol-2101/sdk-net-tests-snap-11\",\r\n  \"type\": \"Microsoft.NetApp/netAppAccounts/capacityPools/volumes/snapshots\",\r\n  \"location\": \"westus2\",\r\n  \"properties\": {\r\n    \"provisioningState\": \"Succeeded\",\r\n    \"snapshotId\": \"55739bb6-3000-4fc0-ae68-1dce207ce62a\",\r\n    \"name\": \"sdk-net-tests-snap-11\",\r\n    \"created\": \"2020-11-11T09:31:12Z\"\r\n  }\r\n}",
      "StatusCode": 200
    },
    {
      "RequestUri": "/subscriptions/69a75bda-882e-44d5-8431-63421204132a/resourceGroups/sdk-net-test-qa2/providers/Microsoft.NetApp/netAppAccounts/sdk-net-tests-acc-208/capacityPools/sdk-net-tests-pool-201/volumes/sdk-net-tests-vol-2101/snapshots/sdk-net-tests-snap-11?api-version=2020-07-01",
      "EncodedRequestUri": "L3N1YnNjcmlwdGlvbnMvNjlhNzViZGEtODgyZS00NGQ1LTg0MzEtNjM0MjEyMDQxMzJhL3Jlc291cmNlR3JvdXBzL3Nkay1uZXQtdGVzdC1xYTIvcHJvdmlkZXJzL01pY3Jvc29mdC5OZXRBcHAvbmV0QXBwQWNjb3VudHMvc2RrLW5ldC10ZXN0cy1hY2MtMjA4L2NhcGFjaXR5UG9vbHMvc2RrLW5ldC10ZXN0cy1wb29sLTIwMS92b2x1bWVzL3Nkay1uZXQtdGVzdHMtdm9sLTIxMDEvc25hcHNob3RzL3Nkay1uZXQtdGVzdHMtc25hcC0xMT9hcGktdmVyc2lvbj0yMDIwLTA3LTAx",
      "RequestMethod": "GET",
      "RequestBody": "",
      "RequestHeaders": {
        "x-ms-client-request-id": [
          "b3e8a2aa-8a54-45c5-be8d-fc5decfbb916"
        ],
        "Accept-Language": [
          "en-US"
        ],
        "User-Agent": [
          "FxVersion/4.6.29321.03",
          "OSName/Windows",
          "OSVersion/Microsoft.Windows.10.0.18363.",
          "Microsoft.Azure.Management.NetApp.AzureNetAppFilesManagementClient/1.8.0.0"
        ]
      },
      "ResponseHeaders": {
        "Cache-Control": [
          "no-cache"
        ],
        "Pragma": [
          "no-cache"
        ],
        "x-ms-request-id": [
          "730114f3-9a67-4b6f-a063-873408d79160"
        ],
        "Request-Context": [
          "appId=cid-v1:2c4cb680-0a1f-424d-bb8d-8e650ba68d53"
        ],
        "Access-Control-Expose-Headers": [
          "Request-Context"
        ],
        "Server": [
          "Microsoft-IIS/10.0"
        ],
        "X-Powered-By": [
          "ASP.NET"
        ],
        "x-ms-ratelimit-remaining-subscription-reads": [
          "11991"
        ],
        "x-ms-correlation-request-id": [
          "a7611dff-3772-48f4-9c2d-2328ca658994"
        ],
        "x-ms-routing-request-id": [
          "FRANCESOUTH:20201111T093143Z:a7611dff-3772-48f4-9c2d-2328ca658994"
        ],
        "Strict-Transport-Security": [
          "max-age=31536000; includeSubDomains"
        ],
        "X-Content-Type-Options": [
          "nosniff"
        ],
        "Date": [
          "Wed, 11 Nov 2020 09:31:42 GMT"
        ],
        "Content-Length": [
          "612"
        ],
        "Content-Type": [
          "application/json; charset=utf-8"
        ],
        "Expires": [
          "-1"
        ]
      },
      "ResponseBody": "{\r\n  \"id\": \"/subscriptions/69a75bda-882e-44d5-8431-63421204132a/resourceGroups/sdk-net-test-qa2/providers/Microsoft.NetApp/netAppAccounts/sdk-net-tests-acc-208/capacityPools/sdk-net-tests-pool-201/volumes/sdk-net-tests-vol-2101/snapshots/sdk-net-tests-snap-11\",\r\n  \"name\": \"sdk-net-tests-acc-208/sdk-net-tests-pool-201/sdk-net-tests-vol-2101/sdk-net-tests-snap-11\",\r\n  \"type\": \"Microsoft.NetApp/netAppAccounts/capacityPools/volumes/snapshots\",\r\n  \"location\": \"westus2\",\r\n  \"properties\": {\r\n    \"provisioningState\": \"Succeeded\",\r\n    \"snapshotId\": \"55739bb6-3000-4fc0-ae68-1dce207ce62a\",\r\n    \"name\": \"sdk-net-tests-snap-11\",\r\n    \"created\": \"2020-11-11T09:31:12Z\"\r\n  }\r\n}",
      "StatusCode": 200
    },
    {
      "RequestUri": "/subscriptions/69a75bda-882e-44d5-8431-63421204132a/resourceGroups/sdk-net-test-qa2/providers/Microsoft.NetApp/netAppAccounts/sdk-net-tests-acc-208/capacityPools/sdk-net-tests-pool-201/volumes/sdk-net-tests-vol-1001?api-version=2020-07-01",
      "EncodedRequestUri": "L3N1YnNjcmlwdGlvbnMvNjlhNzViZGEtODgyZS00NGQ1LTg0MzEtNjM0MjEyMDQxMzJhL3Jlc291cmNlR3JvdXBzL3Nkay1uZXQtdGVzdC1xYTIvcHJvdmlkZXJzL01pY3Jvc29mdC5OZXRBcHAvbmV0QXBwQWNjb3VudHMvc2RrLW5ldC10ZXN0cy1hY2MtMjA4L2NhcGFjaXR5UG9vbHMvc2RrLW5ldC10ZXN0cy1wb29sLTIwMS92b2x1bWVzL3Nkay1uZXQtdGVzdHMtdm9sLTEwMDE/YXBpLXZlcnNpb249MjAyMC0wNy0wMQ==",
      "RequestMethod": "PUT",
      "RequestBody": "{\r\n  \"location\": \"westus2\",\r\n  \"properties\": {\r\n    \"creationToken\": \"sdk-net-tests-vol-1001\",\r\n    \"usageThreshold\": 107374182400,\r\n    \"protocolTypes\": [\r\n      \"NFSv3\"\r\n    ],\r\n    \"snapshotId\": \"55739bb6-3000-4fc0-ae68-1dce207ce62a\",\r\n    \"subnetId\": \"/subscriptions/69a75bda-882e-44d5-8431-63421204132a/resourceGroups/sdk-net-test-qa2/providers/Microsoft.Network/virtualNetworks/sdknettestqa2vnet464/subnets/default\"\r\n  }\r\n}",
      "RequestHeaders": {
        "x-ms-client-request-id": [
          "b2425055-ef1c-49b1-91d1-35b53369e821"
        ],
        "Accept-Language": [
          "en-US"
        ],
        "User-Agent": [
          "FxVersion/4.6.29321.03",
          "OSName/Windows",
          "OSVersion/Microsoft.Windows.10.0.18363.",
          "Microsoft.Azure.Management.NetApp.AzureNetAppFilesManagementClient/1.8.0.0"
        ],
        "Content-Type": [
          "application/json; charset=utf-8"
        ],
        "Content-Length": [
          "429"
        ]
      },
      "ResponseHeaders": {
        "Cache-Control": [
          "no-cache"
        ],
        "Pragma": [
          "no-cache"
        ],
        "ETag": [
          "W/\"datetime'2020-11-11T09%3A31%3A47.6037834Z'\""
        ],
        "x-ms-request-id": [
          "22fdabe0-fe95-4a80-aa25-0a8685ef0576"
        ],
        "Azure-AsyncOperation": [
          "https://management.azure.com/subscriptions/69a75bda-882e-44d5-8431-63421204132a/providers/Microsoft.NetApp/locations/westus2/operationResults/733e042f-f159-4c3c-8f44-a3b3afdc0584?api-version=2020-07-01"
        ],
        "Request-Context": [
          "appId=cid-v1:2c4cb680-0a1f-424d-bb8d-8e650ba68d53"
        ],
        "Access-Control-Expose-Headers": [
          "Request-Context"
        ],
        "Server": [
          "Microsoft-IIS/10.0"
        ],
        "X-Powered-By": [
          "ASP.NET"
        ],
        "x-ms-ratelimit-remaining-subscription-writes": [
          "1195"
        ],
        "x-ms-correlation-request-id": [
          "927614ff-f421-453e-99fc-f3651dc37196"
        ],
        "x-ms-routing-request-id": [
          "FRANCESOUTH:20201111T093148Z:927614ff-f421-453e-99fc-f3651dc37196"
        ],
        "Strict-Transport-Security": [
          "max-age=31536000; includeSubDomains"
        ],
        "X-Content-Type-Options": [
          "nosniff"
        ],
        "Date": [
          "Wed, 11 Nov 2020 09:31:48 GMT"
        ],
        "Content-Length": [
          "816"
        ],
        "Content-Type": [
          "application/json; charset=utf-8"
        ],
        "Expires": [
          "-1"
        ]
      },
      "ResponseBody": "{\r\n  \"id\": \"/subscriptions/69a75bda-882e-44d5-8431-63421204132a/resourceGroups/sdk-net-test-qa2/providers/Microsoft.NetApp/netAppAccounts/sdk-net-tests-acc-208/capacityPools/sdk-net-tests-pool-201/volumes/sdk-net-tests-vol-1001\",\r\n  \"name\": \"sdk-net-tests-acc-208/sdk-net-tests-pool-201/sdk-net-tests-vol-1001\",\r\n  \"type\": \"Microsoft.NetApp/netAppAccounts/capacityPools/volumes\",\r\n  \"etag\": \"W/\\\"datetime'2020-11-11T09%3A31%3A47.6037834Z'\\\"\",\r\n  \"location\": \"westus2\",\r\n  \"properties\": {\r\n    \"creationToken\": \"sdk-net-tests-vol-1001\",\r\n    \"usageThreshold\": 107374182400,\r\n    \"protocolTypes\": [\r\n      \"NFSv3\"\r\n    ],\r\n    \"snapshotId\": \"55739bb6-3000-4fc0-ae68-1dce207ce62a\",\r\n    \"subnetId\": \"/subscriptions/69a75bda-882e-44d5-8431-63421204132a/resourceGroups/sdk-net-test-qa2/providers/Microsoft.Network/virtualNetworks/sdknettestqa2vnet464/subnets/default\",\r\n    \"provisioningState\": \"Creating\"\r\n  }\r\n}",
      "StatusCode": 201
    },
    {
      "RequestUri": "/subscriptions/69a75bda-882e-44d5-8431-63421204132a/providers/Microsoft.NetApp/locations/westus2/operationResults/733e042f-f159-4c3c-8f44-a3b3afdc0584?api-version=2020-07-01",
      "EncodedRequestUri": "L3N1YnNjcmlwdGlvbnMvNjlhNzViZGEtODgyZS00NGQ1LTg0MzEtNjM0MjEyMDQxMzJhL3Byb3ZpZGVycy9NaWNyb3NvZnQuTmV0QXBwL2xvY2F0aW9ucy93ZXN0dXMyL29wZXJhdGlvblJlc3VsdHMvNzMzZTA0MmYtZjE1OS00YzNjLThmNDQtYTNiM2FmZGMwNTg0P2FwaS12ZXJzaW9uPTIwMjAtMDctMDE=",
      "RequestMethod": "GET",
      "RequestBody": "",
      "RequestHeaders": {
        "User-Agent": [
          "FxVersion/4.6.29321.03",
          "OSName/Windows",
          "OSVersion/Microsoft.Windows.10.0.18363.",
          "Microsoft.Azure.Management.NetApp.AzureNetAppFilesManagementClient/1.8.0.0"
        ]
      },
      "ResponseHeaders": {
        "Cache-Control": [
          "no-cache"
        ],
        "Pragma": [
          "no-cache"
        ],
        "x-ms-request-id": [
          "6af8e482-66c2-484b-8594-22134f4bfc91"
        ],
        "Request-Context": [
          "appId=cid-v1:2c4cb680-0a1f-424d-bb8d-8e650ba68d53"
        ],
        "Access-Control-Expose-Headers": [
          "Request-Context"
        ],
        "Server": [
          "Microsoft-IIS/10.0"
        ],
        "X-Powered-By": [
          "ASP.NET"
        ],
        "x-ms-ratelimit-remaining-subscription-reads": [
          "11990"
        ],
        "x-ms-correlation-request-id": [
          "2ae9e005-3096-415a-9bdb-7482e87b7511"
        ],
        "x-ms-routing-request-id": [
          "FRANCESOUTH:20201111T093218Z:2ae9e005-3096-415a-9bdb-7482e87b7511"
        ],
        "Strict-Transport-Security": [
          "max-age=31536000; includeSubDomains"
        ],
        "X-Content-Type-Options": [
          "nosniff"
        ],
        "Date": [
          "Wed, 11 Nov 2020 09:32:18 GMT"
        ],
        "Content-Length": [
          "581"
        ],
        "Content-Type": [
          "application/json; charset=utf-8"
        ],
        "Expires": [
          "-1"
        ]
      },
      "ResponseBody": "{\r\n  \"id\": \"/subscriptions/69a75bda-882e-44d5-8431-63421204132a/providers/Microsoft.NetApp/locations/westus2/operationResults/733e042f-f159-4c3c-8f44-a3b3afdc0584\",\r\n  \"name\": \"733e042f-f159-4c3c-8f44-a3b3afdc0584\",\r\n  \"status\": \"Succeeded\",\r\n  \"startTime\": \"2020-11-11T09:31:47.541523Z\",\r\n  \"endTime\": \"2020-11-11T09:32:02.4628134Z\",\r\n  \"percentComplete\": 100.0,\r\n  \"properties\": {\r\n    \"resourceName\": \"/subscriptions/69a75bda-882e-44d5-8431-63421204132a/resourceGroups/sdk-net-test-qa2/providers/Microsoft.NetApp/netAppAccounts/sdk-net-tests-acc-208/capacityPools/sdk-net-tests-pool-201/volumes/sdk-net-tests-vol-1001\"\r\n  }\r\n}",
      "StatusCode": 200
    },
    {
      "RequestUri": "/subscriptions/69a75bda-882e-44d5-8431-63421204132a/resourceGroups/sdk-net-test-qa2/providers/Microsoft.NetApp/netAppAccounts/sdk-net-tests-acc-208/capacityPools/sdk-net-tests-pool-201/volumes/sdk-net-tests-vol-1001?api-version=2020-07-01",
      "EncodedRequestUri": "L3N1YnNjcmlwdGlvbnMvNjlhNzViZGEtODgyZS00NGQ1LTg0MzEtNjM0MjEyMDQxMzJhL3Jlc291cmNlR3JvdXBzL3Nkay1uZXQtdGVzdC1xYTIvcHJvdmlkZXJzL01pY3Jvc29mdC5OZXRBcHAvbmV0QXBwQWNjb3VudHMvc2RrLW5ldC10ZXN0cy1hY2MtMjA4L2NhcGFjaXR5UG9vbHMvc2RrLW5ldC10ZXN0cy1wb29sLTIwMS92b2x1bWVzL3Nkay1uZXQtdGVzdHMtdm9sLTEwMDE/YXBpLXZlcnNpb249MjAyMC0wNy0wMQ==",
      "RequestMethod": "GET",
      "RequestBody": "",
      "RequestHeaders": {
        "User-Agent": [
          "FxVersion/4.6.29321.03",
          "OSName/Windows",
          "OSVersion/Microsoft.Windows.10.0.18363.",
          "Microsoft.Azure.Management.NetApp.AzureNetAppFilesManagementClient/1.8.0.0"
        ]
      },
      "ResponseHeaders": {
        "Cache-Control": [
          "no-cache"
        ],
        "Pragma": [
          "no-cache"
        ],
        "ETag": [
          "W/\"datetime'2020-11-11T09%3A32%3A02.394187Z'\""
        ],
        "x-ms-request-id": [
          "d11cc94a-2e2d-4833-b6e8-a3d1ffaf991c"
        ],
        "Request-Context": [
          "appId=cid-v1:2c4cb680-0a1f-424d-bb8d-8e650ba68d53"
        ],
        "Access-Control-Expose-Headers": [
          "Request-Context"
        ],
        "Server": [
          "Microsoft-IIS/10.0"
        ],
        "X-Powered-By": [
          "ASP.NET"
        ],
        "x-ms-ratelimit-remaining-subscription-reads": [
          "11989"
        ],
        "x-ms-correlation-request-id": [
          "a505b64d-c9f2-4271-a0bd-cc1db4f26bd8"
        ],
        "x-ms-routing-request-id": [
          "FRANCESOUTH:20201111T093219Z:a505b64d-c9f2-4271-a0bd-cc1db4f26bd8"
        ],
        "Strict-Transport-Security": [
          "max-age=31536000; includeSubDomains"
        ],
        "X-Content-Type-Options": [
          "nosniff"
        ],
        "Date": [
          "Wed, 11 Nov 2020 09:32:18 GMT"
        ],
        "Content-Length": [
          "1569"
        ],
        "Content-Type": [
          "application/json; charset=utf-8"
        ],
        "Expires": [
          "-1"
        ]
      },
      "ResponseBody": "{\r\n  \"id\": \"/subscriptions/69a75bda-882e-44d5-8431-63421204132a/resourceGroups/sdk-net-test-qa2/providers/Microsoft.NetApp/netAppAccounts/sdk-net-tests-acc-208/capacityPools/sdk-net-tests-pool-201/volumes/sdk-net-tests-vol-1001\",\r\n  \"name\": \"sdk-net-tests-acc-208/sdk-net-tests-pool-201/sdk-net-tests-vol-1001\",\r\n  \"type\": \"Microsoft.NetApp/netAppAccounts/capacityPools/volumes\",\r\n  \"etag\": \"W/\\\"datetime'2020-11-11T09%3A32%3A02.394187Z'\\\"\",\r\n  \"location\": \"westus2\",\r\n  \"properties\": {\r\n    \"mountTargets\": [\r\n      {\r\n        \"mountTargetId\": \"cf129ea2-e4b4-5f89-41e9-fe13c693e81c\",\r\n        \"fileSystemId\": \"cf129ea2-e4b4-5f89-41e9-fe13c693e81c\",\r\n        \"ipAddress\": \"10.1.8.5\",\r\n        \"smbServerFQDN\": \"\"\r\n      }\r\n    ],\r\n    \"throughputMibps\": 0.0,\r\n    \"provisioningState\": \"Succeeded\",\r\n    \"fileSystemId\": \"cf129ea2-e4b4-5f89-41e9-fe13c693e81c\",\r\n    \"name\": \"sdk-net-tests-vol-1001\",\r\n    \"serviceLevel\": \"Premium\",\r\n    \"creationToken\": \"sdk-net-tests-vol-1001\",\r\n    \"usageThreshold\": 107374182400,\r\n    \"exportPolicy\": {\r\n      \"rules\": [\r\n        {\r\n          \"ruleIndex\": 1,\r\n          \"unixReadOnly\": false,\r\n          \"unixReadWrite\": true,\r\n          \"cifs\": false,\r\n          \"nfsv3\": true,\r\n          \"nfsv41\": false,\r\n          \"allowedClients\": \"0.0.0.0/0\",\r\n          \"kerberos5ReadOnly\": false,\r\n          \"kerberos5ReadWrite\": false,\r\n          \"kerberos5iReadOnly\": false,\r\n          \"kerberos5iReadWrite\": false,\r\n          \"kerberos5pReadOnly\": false,\r\n          \"kerberos5pReadWrite\": false,\r\n          \"hasRootAccess\": true\r\n        }\r\n      ]\r\n    },\r\n    \"protocolTypes\": [\r\n      \"NFSv3\"\r\n    ],\r\n    \"baremetalTenantId\": \"baremetalTenant_svm_8f82c7b40509489d9e97d719b9b955b4_c489744d\",\r\n    \"subnetId\": \"/subscriptions/69a75bda-882e-44d5-8431-63421204132a/resourceGroups/sdk-net-test-qa2/providers/Microsoft.Network/virtualNetworks/sdknettestqa2vnet464/subnets/default\",\r\n    \"snapshotDirectoryVisible\": true,\r\n    \"kerberosEnabled\": false,\r\n    \"securityStyle\": \"Unix\"\r\n  }\r\n}",
      "StatusCode": 200
    },
    {
      "RequestUri": "/subscriptions/69a75bda-882e-44d5-8431-63421204132a/resourceGroups/sdk-net-test-qa2/providers/Microsoft.NetApp/netAppAccounts/sdk-net-tests-acc-208/capacityPools/sdk-net-tests-pool-201/volumes/sdk-net-tests-vol-2101/snapshots/sdk-net-tests-snap-11?api-version=2020-07-01",
      "EncodedRequestUri": "L3N1YnNjcmlwdGlvbnMvNjlhNzViZGEtODgyZS00NGQ1LTg0MzEtNjM0MjEyMDQxMzJhL3Jlc291cmNlR3JvdXBzL3Nkay1uZXQtdGVzdC1xYTIvcHJvdmlkZXJzL01pY3Jvc29mdC5OZXRBcHAvbmV0QXBwQWNjb3VudHMvc2RrLW5ldC10ZXN0cy1hY2MtMjA4L2NhcGFjaXR5UG9vbHMvc2RrLW5ldC10ZXN0cy1wb29sLTIwMS92b2x1bWVzL3Nkay1uZXQtdGVzdHMtdm9sLTIxMDEvc25hcHNob3RzL3Nkay1uZXQtdGVzdHMtc25hcC0xMT9hcGktdmVyc2lvbj0yMDIwLTA3LTAx",
      "RequestMethod": "DELETE",
      "RequestBody": "",
      "RequestHeaders": {
        "x-ms-client-request-id": [
          "fd2ca44b-f752-4d6e-a3a9-805b0fb1a079"
        ],
        "Accept-Language": [
          "en-US"
        ],
        "User-Agent": [
          "FxVersion/4.6.29321.03",
          "OSName/Windows",
          "OSVersion/Microsoft.Windows.10.0.18363.",
          "Microsoft.Azure.Management.NetApp.AzureNetAppFilesManagementClient/1.8.0.0"
        ]
      },
      "ResponseHeaders": {
        "Cache-Control": [
          "no-cache"
        ],
        "Pragma": [
          "no-cache"
        ],
        "Location": [
          "https://management.azure.com/subscriptions/69a75bda-882e-44d5-8431-63421204132a/providers/Microsoft.NetApp/locations/westus2/operationResults/6d2a4121-5042-4fd9-81db-0fc045cdcbe7?api-version=2020-07-01&operationResultResponseType=Location"
        ],
        "x-ms-request-id": [
          "f8adbefd-bb6a-410e-b458-197dd39b91a9"
        ],
        "Azure-AsyncOperation": [
          "https://management.azure.com/subscriptions/69a75bda-882e-44d5-8431-63421204132a/providers/Microsoft.NetApp/locations/westus2/operationResults/6d2a4121-5042-4fd9-81db-0fc045cdcbe7?api-version=2020-07-01"
        ],
        "Request-Context": [
          "appId=cid-v1:2c4cb680-0a1f-424d-bb8d-8e650ba68d53"
        ],
        "Access-Control-Expose-Headers": [
          "Request-Context"
        ],
        "Server": [
          "Microsoft-IIS/10.0"
        ],
        "X-Powered-By": [
          "ASP.NET"
        ],
        "x-ms-ratelimit-remaining-subscription-deletes": [
          "14999"
        ],
        "x-ms-correlation-request-id": [
          "2f22c2b1-ebc2-4836-abb6-a6912db08c17"
        ],
        "x-ms-routing-request-id": [
          "FRANCESOUTH:20201111T093229Z:2f22c2b1-ebc2-4836-abb6-a6912db08c17"
        ],
        "Strict-Transport-Security": [
          "max-age=31536000; includeSubDomains"
        ],
        "X-Content-Type-Options": [
          "nosniff"
        ],
        "Date": [
          "Wed, 11 Nov 2020 09:32:28 GMT"
        ],
        "Expires": [
          "-1"
        ],
        "Content-Length": [
          "0"
        ]
      },
      "ResponseBody": "",
      "StatusCode": 202
    },
    {
      "RequestUri": "/subscriptions/69a75bda-882e-44d5-8431-63421204132a/resourceGroups/sdk-net-test-qa2/providers/Microsoft.NetApp/netAppAccounts/sdk-net-tests-acc-208/capacityPools/sdk-net-tests-pool-201/volumes/sdk-net-tests-vol-2101/snapshots/sdk-net-tests-snap-11?api-version=2020-07-01",
      "EncodedRequestUri": "L3N1YnNjcmlwdGlvbnMvNjlhNzViZGEtODgyZS00NGQ1LTg0MzEtNjM0MjEyMDQxMzJhL3Jlc291cmNlR3JvdXBzL3Nkay1uZXQtdGVzdC1xYTIvcHJvdmlkZXJzL01pY3Jvc29mdC5OZXRBcHAvbmV0QXBwQWNjb3VudHMvc2RrLW5ldC10ZXN0cy1hY2MtMjA4L2NhcGFjaXR5UG9vbHMvc2RrLW5ldC10ZXN0cy1wb29sLTIwMS92b2x1bWVzL3Nkay1uZXQtdGVzdHMtdm9sLTIxMDEvc25hcHNob3RzL3Nkay1uZXQtdGVzdHMtc25hcC0xMT9hcGktdmVyc2lvbj0yMDIwLTA3LTAx",
      "RequestMethod": "DELETE",
      "RequestBody": "",
      "RequestHeaders": {
        "x-ms-client-request-id": [
          "4373d6f7-6ff6-40c2-8db7-092c68d1d597"
        ],
        "Accept-Language": [
          "en-US"
        ],
        "User-Agent": [
          "FxVersion/4.6.29321.03",
          "OSName/Windows",
          "OSVersion/Microsoft.Windows.10.0.18363.",
          "Microsoft.Azure.Management.NetApp.AzureNetAppFilesManagementClient/1.8.0.0"
        ]
      },
      "ResponseHeaders": {
        "Cache-Control": [
          "no-cache"
        ],
        "Pragma": [
          "no-cache"
        ],
        "Location": [
          "https://management.azure.com/subscriptions/69a75bda-882e-44d5-8431-63421204132a/providers/Microsoft.NetApp/locations/westus2/operationResults/4553d759-99f5-47f6-ae86-aa3e31984e1a?api-version=2020-07-01&operationResultResponseType=Location"
        ],
        "x-ms-request-id": [
          "9a30c352-85d2-482e-bfe0-2dffb85156e6"
        ],
        "Azure-AsyncOperation": [
          "https://management.azure.com/subscriptions/69a75bda-882e-44d5-8431-63421204132a/providers/Microsoft.NetApp/locations/westus2/operationResults/4553d759-99f5-47f6-ae86-aa3e31984e1a?api-version=2020-07-01"
        ],
        "Request-Context": [
          "appId=cid-v1:2c4cb680-0a1f-424d-bb8d-8e650ba68d53"
        ],
        "Access-Control-Expose-Headers": [
          "Request-Context"
        ],
        "Server": [
          "Microsoft-IIS/10.0"
        ],
        "X-Powered-By": [
          "ASP.NET"
        ],
        "x-ms-ratelimit-remaining-subscription-deletes": [
          "14998"
        ],
        "x-ms-correlation-request-id": [
          "9372aa62-c7a5-417a-a125-5c39883ff3f0"
        ],
        "x-ms-routing-request-id": [
          "FRANCESOUTH:20201111T093305Z:9372aa62-c7a5-417a-a125-5c39883ff3f0"
        ],
        "Strict-Transport-Security": [
          "max-age=31536000; includeSubDomains"
        ],
        "X-Content-Type-Options": [
          "nosniff"
        ],
        "Date": [
          "Wed, 11 Nov 2020 09:33:04 GMT"
        ],
        "Expires": [
          "-1"
        ],
        "Content-Length": [
          "0"
        ]
      },
      "ResponseBody": "",
      "StatusCode": 202
    },
    {
      "RequestUri": "/subscriptions/69a75bda-882e-44d5-8431-63421204132a/resourceGroups/sdk-net-test-qa2/providers/Microsoft.NetApp/netAppAccounts/sdk-net-tests-acc-208/capacityPools/sdk-net-tests-pool-201/volumes/sdk-net-tests-vol-2101/snapshots/sdk-net-tests-snap-11?api-version=2020-07-01",
      "EncodedRequestUri": "L3N1YnNjcmlwdGlvbnMvNjlhNzViZGEtODgyZS00NGQ1LTg0MzEtNjM0MjEyMDQxMzJhL3Jlc291cmNlR3JvdXBzL3Nkay1uZXQtdGVzdC1xYTIvcHJvdmlkZXJzL01pY3Jvc29mdC5OZXRBcHAvbmV0QXBwQWNjb3VudHMvc2RrLW5ldC10ZXN0cy1hY2MtMjA4L2NhcGFjaXR5UG9vbHMvc2RrLW5ldC10ZXN0cy1wb29sLTIwMS92b2x1bWVzL3Nkay1uZXQtdGVzdHMtdm9sLTIxMDEvc25hcHNob3RzL3Nkay1uZXQtdGVzdHMtc25hcC0xMT9hcGktdmVyc2lvbj0yMDIwLTA3LTAx",
      "RequestMethod": "DELETE",
      "RequestBody": "",
      "RequestHeaders": {
        "x-ms-client-request-id": [
          "d185dec2-e38f-483b-87ea-4552444d93f5"
        ],
        "Accept-Language": [
          "en-US"
        ],
        "User-Agent": [
          "FxVersion/4.6.29321.03",
          "OSName/Windows",
          "OSVersion/Microsoft.Windows.10.0.18363.",
          "Microsoft.Azure.Management.NetApp.AzureNetAppFilesManagementClient/1.8.0.0"
        ]
      },
      "ResponseHeaders": {
        "Cache-Control": [
          "no-cache"
        ],
        "Pragma": [
          "no-cache"
        ],
        "Location": [
          "https://management.azure.com/subscriptions/69a75bda-882e-44d5-8431-63421204132a/providers/Microsoft.NetApp/locations/westus2/operationResults/4cd0fe58-c432-4cc2-b50d-cecb48ae871f?api-version=2020-07-01&operationResultResponseType=Location"
        ],
        "x-ms-request-id": [
          "3a283bb7-41be-4bfc-a9ad-44cdd579a671"
        ],
        "Azure-AsyncOperation": [
          "https://management.azure.com/subscriptions/69a75bda-882e-44d5-8431-63421204132a/providers/Microsoft.NetApp/locations/westus2/operationResults/4cd0fe58-c432-4cc2-b50d-cecb48ae871f?api-version=2020-07-01"
        ],
        "Request-Context": [
          "appId=cid-v1:2c4cb680-0a1f-424d-bb8d-8e650ba68d53"
        ],
        "Access-Control-Expose-Headers": [
          "Request-Context"
        ],
        "Server": [
          "Microsoft-IIS/10.0"
        ],
        "X-Powered-By": [
          "ASP.NET"
        ],
        "x-ms-ratelimit-remaining-subscription-deletes": [
          "14997"
        ],
        "x-ms-correlation-request-id": [
          "1f56a842-607a-4300-8de2-9034c4b8b6b8"
        ],
        "x-ms-routing-request-id": [
          "FRANCESOUTH:20201111T093340Z:1f56a842-607a-4300-8de2-9034c4b8b6b8"
        ],
        "Strict-Transport-Security": [
          "max-age=31536000; includeSubDomains"
        ],
        "X-Content-Type-Options": [
          "nosniff"
        ],
        "Date": [
          "Wed, 11 Nov 2020 09:33:40 GMT"
        ],
        "Expires": [
          "-1"
        ],
        "Content-Length": [
          "0"
        ]
      },
      "ResponseBody": "",
      "StatusCode": 202
    },
    {
      "RequestUri": "/subscriptions/69a75bda-882e-44d5-8431-63421204132a/resourceGroups/sdk-net-test-qa2/providers/Microsoft.NetApp/netAppAccounts/sdk-net-tests-acc-208/capacityPools/sdk-net-tests-pool-201/volumes/sdk-net-tests-vol-2101/snapshots/sdk-net-tests-snap-11?api-version=2020-07-01",
      "EncodedRequestUri": "L3N1YnNjcmlwdGlvbnMvNjlhNzViZGEtODgyZS00NGQ1LTg0MzEtNjM0MjEyMDQxMzJhL3Jlc291cmNlR3JvdXBzL3Nkay1uZXQtdGVzdC1xYTIvcHJvdmlkZXJzL01pY3Jvc29mdC5OZXRBcHAvbmV0QXBwQWNjb3VudHMvc2RrLW5ldC10ZXN0cy1hY2MtMjA4L2NhcGFjaXR5UG9vbHMvc2RrLW5ldC10ZXN0cy1wb29sLTIwMS92b2x1bWVzL3Nkay1uZXQtdGVzdHMtdm9sLTIxMDEvc25hcHNob3RzL3Nkay1uZXQtdGVzdHMtc25hcC0xMT9hcGktdmVyc2lvbj0yMDIwLTA3LTAx",
      "RequestMethod": "DELETE",
      "RequestBody": "",
      "RequestHeaders": {
        "x-ms-client-request-id": [
          "a5075d68-964e-4632-93ec-2b4823a6afae"
        ],
        "Accept-Language": [
          "en-US"
        ],
        "User-Agent": [
          "FxVersion/4.6.29321.03",
          "OSName/Windows",
          "OSVersion/Microsoft.Windows.10.0.18363.",
          "Microsoft.Azure.Management.NetApp.AzureNetAppFilesManagementClient/1.8.0.0"
        ]
      },
      "ResponseHeaders": {
        "Cache-Control": [
          "no-cache"
        ],
        "Pragma": [
          "no-cache"
        ],
        "Location": [
          "https://management.azure.com/subscriptions/69a75bda-882e-44d5-8431-63421204132a/providers/Microsoft.NetApp/locations/westus2/operationResults/74857391-3e45-486c-9b01-e99bb8d956aa?api-version=2020-07-01&operationResultResponseType=Location"
        ],
        "x-ms-request-id": [
          "9c25d82f-c737-4294-88fd-02ef9e50684d"
        ],
        "Azure-AsyncOperation": [
          "https://management.azure.com/subscriptions/69a75bda-882e-44d5-8431-63421204132a/providers/Microsoft.NetApp/locations/westus2/operationResults/74857391-3e45-486c-9b01-e99bb8d956aa?api-version=2020-07-01"
        ],
        "Request-Context": [
          "appId=cid-v1:2c4cb680-0a1f-424d-bb8d-8e650ba68d53"
        ],
        "Access-Control-Expose-Headers": [
          "Request-Context"
        ],
        "x-ms-ratelimit-remaining-subscription-deletes": [
          "14996"
        ],
        "Server": [
          "Microsoft-IIS/10.0"
        ],
        "X-Powered-By": [
          "ASP.NET"
        ],
        "x-ms-correlation-request-id": [
          "4c3fa012-481f-421f-8b98-4fe5a08ccb1c"
        ],
        "x-ms-routing-request-id": [
          "FRANCESOUTH:20201111T093416Z:4c3fa012-481f-421f-8b98-4fe5a08ccb1c"
        ],
        "Strict-Transport-Security": [
          "max-age=31536000; includeSubDomains"
        ],
        "X-Content-Type-Options": [
          "nosniff"
        ],
        "Date": [
          "Wed, 11 Nov 2020 09:34:15 GMT"
        ],
        "Expires": [
          "-1"
        ],
        "Content-Length": [
          "0"
        ]
      },
      "ResponseBody": "",
      "StatusCode": 202
    },
    {
      "RequestUri": "/subscriptions/69a75bda-882e-44d5-8431-63421204132a/resourceGroups/sdk-net-test-qa2/providers/Microsoft.NetApp/netAppAccounts/sdk-net-tests-acc-208/capacityPools/sdk-net-tests-pool-201/volumes/sdk-net-tests-vol-2101/snapshots/sdk-net-tests-snap-11?api-version=2020-07-01",
      "EncodedRequestUri": "L3N1YnNjcmlwdGlvbnMvNjlhNzViZGEtODgyZS00NGQ1LTg0MzEtNjM0MjEyMDQxMzJhL3Jlc291cmNlR3JvdXBzL3Nkay1uZXQtdGVzdC1xYTIvcHJvdmlkZXJzL01pY3Jvc29mdC5OZXRBcHAvbmV0QXBwQWNjb3VudHMvc2RrLW5ldC10ZXN0cy1hY2MtMjA4L2NhcGFjaXR5UG9vbHMvc2RrLW5ldC10ZXN0cy1wb29sLTIwMS92b2x1bWVzL3Nkay1uZXQtdGVzdHMtdm9sLTIxMDEvc25hcHNob3RzL3Nkay1uZXQtdGVzdHMtc25hcC0xMT9hcGktdmVyc2lvbj0yMDIwLTA3LTAx",
      "RequestMethod": "DELETE",
      "RequestBody": "",
      "RequestHeaders": {
        "x-ms-client-request-id": [
          "965329fb-bdc6-4a95-bade-d98479482b4e"
        ],
        "Accept-Language": [
          "en-US"
        ],
        "User-Agent": [
          "FxVersion/4.6.29321.03",
          "OSName/Windows",
          "OSVersion/Microsoft.Windows.10.0.18363.",
          "Microsoft.Azure.Management.NetApp.AzureNetAppFilesManagementClient/1.8.0.0"
        ]
      },
      "ResponseHeaders": {
        "Cache-Control": [
          "no-cache"
        ],
        "Pragma": [
          "no-cache"
        ],
        "Location": [
          "https://management.azure.com/subscriptions/69a75bda-882e-44d5-8431-63421204132a/providers/Microsoft.NetApp/locations/westus2/operationResults/601b5690-bc77-4830-96ef-ad371c5a28ce?api-version=2020-07-01&operationResultResponseType=Location"
        ],
        "x-ms-request-id": [
          "2f8ad251-fe67-4a79-9b13-60d7f735833e"
        ],
        "Azure-AsyncOperation": [
          "https://management.azure.com/subscriptions/69a75bda-882e-44d5-8431-63421204132a/providers/Microsoft.NetApp/locations/westus2/operationResults/601b5690-bc77-4830-96ef-ad371c5a28ce?api-version=2020-07-01"
        ],
        "Request-Context": [
          "appId=cid-v1:2c4cb680-0a1f-424d-bb8d-8e650ba68d53"
        ],
        "Access-Control-Expose-Headers": [
          "Request-Context"
        ],
        "Server": [
          "Microsoft-IIS/10.0"
        ],
        "X-Powered-By": [
          "ASP.NET"
        ],
        "x-ms-ratelimit-remaining-subscription-deletes": [
          "14995"
        ],
        "x-ms-correlation-request-id": [
          "031960bc-ec59-46c9-b6f4-5200a57c898a"
        ],
        "x-ms-routing-request-id": [
          "FRANCESOUTH:20201111T093452Z:031960bc-ec59-46c9-b6f4-5200a57c898a"
        ],
        "Strict-Transport-Security": [
          "max-age=31536000; includeSubDomains"
        ],
        "X-Content-Type-Options": [
          "nosniff"
        ],
        "Date": [
          "Wed, 11 Nov 2020 09:34:52 GMT"
        ],
        "Expires": [
          "-1"
        ],
        "Content-Length": [
          "0"
        ]
      },
      "ResponseBody": "",
      "StatusCode": 202
    },
    {
      "RequestUri": "/subscriptions/69a75bda-882e-44d5-8431-63421204132a/providers/Microsoft.NetApp/locations/westus2/operationResults/6d2a4121-5042-4fd9-81db-0fc045cdcbe7?api-version=2020-07-01",
      "EncodedRequestUri": "L3N1YnNjcmlwdGlvbnMvNjlhNzViZGEtODgyZS00NGQ1LTg0MzEtNjM0MjEyMDQxMzJhL3Byb3ZpZGVycy9NaWNyb3NvZnQuTmV0QXBwL2xvY2F0aW9ucy93ZXN0dXMyL29wZXJhdGlvblJlc3VsdHMvNmQyYTQxMjEtNTA0Mi00ZmQ5LTgxZGItMGZjMDQ1Y2RjYmU3P2FwaS12ZXJzaW9uPTIwMjAtMDctMDE=",
      "RequestMethod": "GET",
      "RequestBody": "",
      "RequestHeaders": {
        "User-Agent": [
          "FxVersion/4.6.29321.03",
          "OSName/Windows",
          "OSVersion/Microsoft.Windows.10.0.18363.",
          "Microsoft.Azure.Management.NetApp.AzureNetAppFilesManagementClient/1.8.0.0"
        ]
      },
      "ResponseHeaders": {
        "Cache-Control": [
          "no-cache"
        ],
        "Pragma": [
          "no-cache"
        ],
        "x-ms-request-id": [
          "c6605d51-3064-4d12-8def-27e034e25633"
        ],
        "Request-Context": [
          "appId=cid-v1:2c4cb680-0a1f-424d-bb8d-8e650ba68d53"
        ],
        "Access-Control-Expose-Headers": [
          "Request-Context"
        ],
        "Server": [
          "Microsoft-IIS/10.0"
        ],
        "X-Powered-By": [
          "ASP.NET"
        ],
        "x-ms-ratelimit-remaining-subscription-reads": [
          "11988"
        ],
        "x-ms-correlation-request-id": [
          "25636463-e7b7-45a8-93b4-2401c7f98a3b"
        ],
        "x-ms-routing-request-id": [
          "FRANCESOUTH:20201111T093259Z:25636463-e7b7-45a8-93b4-2401c7f98a3b"
        ],
        "Strict-Transport-Security": [
          "max-age=31536000; includeSubDomains"
        ],
        "X-Content-Type-Options": [
          "nosniff"
        ],
        "Date": [
          "Wed, 11 Nov 2020 09:32:59 GMT"
        ],
        "Content-Length": [
          "1086"
        ],
        "Content-Type": [
          "application/json; charset=utf-8"
        ],
        "Expires": [
          "-1"
        ]
      },
      "ResponseBody": "{\r\n  \"id\": \"/subscriptions/69a75bda-882e-44d5-8431-63421204132a/providers/Microsoft.NetApp/locations/westus2/operationResults/6d2a4121-5042-4fd9-81db-0fc045cdcbe7\",\r\n  \"name\": \"6d2a4121-5042-4fd9-81db-0fc045cdcbe7\",\r\n  \"status\": \"Failed\",\r\n  \"startTime\": \"2020-11-11T09:32:29.3673251Z\",\r\n  \"endTime\": \"2020-11-11T09:32:29.9297842Z\",\r\n  \"percentComplete\": 100.0,\r\n  \"properties\": {\r\n    \"resourceName\": \"/subscriptions/69a75bda-882e-44d5-8431-63421204132a/resourceGroups/sdk-net-test-qa2/providers/Microsoft.NetApp/netAppAccounts/sdk-net-tests-acc-208/capacityPools/sdk-net-tests-pool-201/volumes/sdk-net-tests-vol-2101/snapshots/sdk-net-tests-snap-11\"\r\n  },\r\n  \"error\": {\r\n    \"code\": \"Conflict\",\r\n    \"message\": \"Error deleting Snapshot. Error deleting snapshot - Cannot delete snapshot because a volume, created from the snapshot, is still copying data in the background. Please try again later.\",\r\n    \"details\": [\r\n      {\r\n        \"code\": \"ErrorPerformingActionOnResource\",\r\n        \"message\": \"Error deleting Snapshot. Error deleting snapshot - Cannot delete snapshot because a volume, created from the snapshot, is still copying data in the background. Please try again later.\"\r\n      }\r\n    ]\r\n  }\r\n}",
      "StatusCode": 200
    },
    {
      "RequestUri": "/subscriptions/69a75bda-882e-44d5-8431-63421204132a/providers/Microsoft.NetApp/locations/westus2/operationResults/4553d759-99f5-47f6-ae86-aa3e31984e1a?api-version=2020-07-01",
      "EncodedRequestUri": "L3N1YnNjcmlwdGlvbnMvNjlhNzViZGEtODgyZS00NGQ1LTg0MzEtNjM0MjEyMDQxMzJhL3Byb3ZpZGVycy9NaWNyb3NvZnQuTmV0QXBwL2xvY2F0aW9ucy93ZXN0dXMyL29wZXJhdGlvblJlc3VsdHMvNDU1M2Q3NTktOTlmNS00N2Y2LWFlODYtYWEzZTMxOTg0ZTFhP2FwaS12ZXJzaW9uPTIwMjAtMDctMDE=",
      "RequestMethod": "GET",
      "RequestBody": "",
      "RequestHeaders": {
        "User-Agent": [
          "FxVersion/4.6.29321.03",
          "OSName/Windows",
          "OSVersion/Microsoft.Windows.10.0.18363.",
          "Microsoft.Azure.Management.NetApp.AzureNetAppFilesManagementClient/1.8.0.0"
        ]
      },
      "ResponseHeaders": {
        "Cache-Control": [
          "no-cache"
        ],
        "Pragma": [
          "no-cache"
        ],
        "x-ms-request-id": [
          "4da6cb84-5edd-444a-af8c-582a838082f7"
        ],
        "Request-Context": [
          "appId=cid-v1:2c4cb680-0a1f-424d-bb8d-8e650ba68d53"
        ],
        "Access-Control-Expose-Headers": [
          "Request-Context"
        ],
        "Server": [
          "Microsoft-IIS/10.0"
        ],
        "X-Powered-By": [
          "ASP.NET"
        ],
        "x-ms-ratelimit-remaining-subscription-reads": [
          "11987"
        ],
        "x-ms-correlation-request-id": [
          "2fbe068c-5eb6-4a20-b2ed-2c58881478d8"
        ],
        "x-ms-routing-request-id": [
          "FRANCESOUTH:20201111T093335Z:2fbe068c-5eb6-4a20-b2ed-2c58881478d8"
        ],
        "Strict-Transport-Security": [
          "max-age=31536000; includeSubDomains"
        ],
        "X-Content-Type-Options": [
          "nosniff"
        ],
        "Date": [
          "Wed, 11 Nov 2020 09:33:35 GMT"
        ],
        "Content-Length": [
          "1086"
        ],
        "Content-Type": [
          "application/json; charset=utf-8"
        ],
        "Expires": [
          "-1"
        ]
      },
      "ResponseBody": "{\r\n  \"id\": \"/subscriptions/69a75bda-882e-44d5-8431-63421204132a/providers/Microsoft.NetApp/locations/westus2/operationResults/4553d759-99f5-47f6-ae86-aa3e31984e1a\",\r\n  \"name\": \"4553d759-99f5-47f6-ae86-aa3e31984e1a\",\r\n  \"status\": \"Failed\",\r\n  \"startTime\": \"2020-11-11T09:33:05.0032562Z\",\r\n  \"endTime\": \"2020-11-11T09:33:05.6206385Z\",\r\n  \"percentComplete\": 100.0,\r\n  \"properties\": {\r\n    \"resourceName\": \"/subscriptions/69a75bda-882e-44d5-8431-63421204132a/resourceGroups/sdk-net-test-qa2/providers/Microsoft.NetApp/netAppAccounts/sdk-net-tests-acc-208/capacityPools/sdk-net-tests-pool-201/volumes/sdk-net-tests-vol-2101/snapshots/sdk-net-tests-snap-11\"\r\n  },\r\n  \"error\": {\r\n    \"code\": \"Conflict\",\r\n    \"message\": \"Error deleting Snapshot. Error deleting snapshot - Cannot delete snapshot because a volume, created from the snapshot, is still copying data in the background. Please try again later.\",\r\n    \"details\": [\r\n      {\r\n        \"code\": \"ErrorPerformingActionOnResource\",\r\n        \"message\": \"Error deleting Snapshot. Error deleting snapshot - Cannot delete snapshot because a volume, created from the snapshot, is still copying data in the background. Please try again later.\"\r\n      }\r\n    ]\r\n  }\r\n}",
      "StatusCode": 200
    },
    {
      "RequestUri": "/subscriptions/69a75bda-882e-44d5-8431-63421204132a/providers/Microsoft.NetApp/locations/westus2/operationResults/4cd0fe58-c432-4cc2-b50d-cecb48ae871f?api-version=2020-07-01",
      "EncodedRequestUri": "L3N1YnNjcmlwdGlvbnMvNjlhNzViZGEtODgyZS00NGQ1LTg0MzEtNjM0MjEyMDQxMzJhL3Byb3ZpZGVycy9NaWNyb3NvZnQuTmV0QXBwL2xvY2F0aW9ucy93ZXN0dXMyL29wZXJhdGlvblJlc3VsdHMvNGNkMGZlNTgtYzQzMi00Y2MyLWI1MGQtY2VjYjQ4YWU4NzFmP2FwaS12ZXJzaW9uPTIwMjAtMDctMDE=",
      "RequestMethod": "GET",
      "RequestBody": "",
      "RequestHeaders": {
        "User-Agent": [
          "FxVersion/4.6.29321.03",
          "OSName/Windows",
          "OSVersion/Microsoft.Windows.10.0.18363.",
          "Microsoft.Azure.Management.NetApp.AzureNetAppFilesManagementClient/1.8.0.0"
        ]
      },
      "ResponseHeaders": {
        "Cache-Control": [
          "no-cache"
        ],
        "Pragma": [
          "no-cache"
        ],
        "x-ms-request-id": [
          "d13ba84a-193d-4500-b889-ca871b3443ec"
        ],
        "Request-Context": [
          "appId=cid-v1:2c4cb680-0a1f-424d-bb8d-8e650ba68d53"
        ],
        "Access-Control-Expose-Headers": [
          "Request-Context"
        ],
        "Server": [
          "Microsoft-IIS/10.0"
        ],
        "X-Powered-By": [
          "ASP.NET"
        ],
        "x-ms-ratelimit-remaining-subscription-reads": [
          "11986"
        ],
        "x-ms-correlation-request-id": [
          "20575774-7289-49e8-b593-f3b1cf91c54c"
        ],
        "x-ms-routing-request-id": [
          "FRANCESOUTH:20201111T093410Z:20575774-7289-49e8-b593-f3b1cf91c54c"
        ],
        "Strict-Transport-Security": [
          "max-age=31536000; includeSubDomains"
        ],
        "X-Content-Type-Options": [
          "nosniff"
        ],
        "Date": [
          "Wed, 11 Nov 2020 09:34:10 GMT"
        ],
        "Content-Length": [
          "1086"
        ],
        "Content-Type": [
          "application/json; charset=utf-8"
        ],
        "Expires": [
          "-1"
        ]
      },
      "ResponseBody": "{\r\n  \"id\": \"/subscriptions/69a75bda-882e-44d5-8431-63421204132a/providers/Microsoft.NetApp/locations/westus2/operationResults/4cd0fe58-c432-4cc2-b50d-cecb48ae871f\",\r\n  \"name\": \"4cd0fe58-c432-4cc2-b50d-cecb48ae871f\",\r\n  \"status\": \"Failed\",\r\n  \"startTime\": \"2020-11-11T09:33:40.5818525Z\",\r\n  \"endTime\": \"2020-11-11T09:33:41.0819158Z\",\r\n  \"percentComplete\": 100.0,\r\n  \"properties\": {\r\n    \"resourceName\": \"/subscriptions/69a75bda-882e-44d5-8431-63421204132a/resourceGroups/sdk-net-test-qa2/providers/Microsoft.NetApp/netAppAccounts/sdk-net-tests-acc-208/capacityPools/sdk-net-tests-pool-201/volumes/sdk-net-tests-vol-2101/snapshots/sdk-net-tests-snap-11\"\r\n  },\r\n  \"error\": {\r\n    \"code\": \"Conflict\",\r\n    \"message\": \"Error deleting Snapshot. Error deleting snapshot - Cannot delete snapshot because a volume, created from the snapshot, is still copying data in the background. Please try again later.\",\r\n    \"details\": [\r\n      {\r\n        \"code\": \"ErrorPerformingActionOnResource\",\r\n        \"message\": \"Error deleting Snapshot. Error deleting snapshot - Cannot delete snapshot because a volume, created from the snapshot, is still copying data in the background. Please try again later.\"\r\n      }\r\n    ]\r\n  }\r\n}",
      "StatusCode": 200
    },
    {
      "RequestUri": "/subscriptions/69a75bda-882e-44d5-8431-63421204132a/providers/Microsoft.NetApp/locations/westus2/operationResults/74857391-3e45-486c-9b01-e99bb8d956aa?api-version=2020-07-01",
      "EncodedRequestUri": "L3N1YnNjcmlwdGlvbnMvNjlhNzViZGEtODgyZS00NGQ1LTg0MzEtNjM0MjEyMDQxMzJhL3Byb3ZpZGVycy9NaWNyb3NvZnQuTmV0QXBwL2xvY2F0aW9ucy93ZXN0dXMyL29wZXJhdGlvblJlc3VsdHMvNzQ4NTczOTEtM2U0NS00ODZjLTliMDEtZTk5YmI4ZDk1NmFhP2FwaS12ZXJzaW9uPTIwMjAtMDctMDE=",
      "RequestMethod": "GET",
      "RequestBody": "",
      "RequestHeaders": {
        "User-Agent": [
          "FxVersion/4.6.29321.03",
          "OSName/Windows",
          "OSVersion/Microsoft.Windows.10.0.18363.",
          "Microsoft.Azure.Management.NetApp.AzureNetAppFilesManagementClient/1.8.0.0"
        ]
      },
      "ResponseHeaders": {
        "Cache-Control": [
          "no-cache"
        ],
        "Pragma": [
          "no-cache"
        ],
        "x-ms-request-id": [
          "3d451e6d-0ee5-4f7c-90f8-8c304a84898a"
        ],
        "Request-Context": [
          "appId=cid-v1:2c4cb680-0a1f-424d-bb8d-8e650ba68d53"
        ],
        "Access-Control-Expose-Headers": [
          "Request-Context"
        ],
        "Server": [
          "Microsoft-IIS/10.0"
        ],
        "X-Powered-By": [
          "ASP.NET"
        ],
        "x-ms-ratelimit-remaining-subscription-reads": [
          "11985"
        ],
        "x-ms-correlation-request-id": [
          "303fc258-8c4e-448d-8f6a-daa6b6d568dc"
        ],
        "x-ms-routing-request-id": [
          "FRANCESOUTH:20201111T093447Z:303fc258-8c4e-448d-8f6a-daa6b6d568dc"
        ],
        "Strict-Transport-Security": [
          "max-age=31536000; includeSubDomains"
        ],
        "X-Content-Type-Options": [
          "nosniff"
        ],
        "Date": [
          "Wed, 11 Nov 2020 09:34:46 GMT"
        ],
        "Content-Length": [
          "1086"
        ],
        "Content-Type": [
          "application/json; charset=utf-8"
        ],
        "Expires": [
          "-1"
        ]
      },
      "ResponseBody": "{\r\n  \"id\": \"/subscriptions/69a75bda-882e-44d5-8431-63421204132a/providers/Microsoft.NetApp/locations/westus2/operationResults/74857391-3e45-486c-9b01-e99bb8d956aa\",\r\n  \"name\": \"74857391-3e45-486c-9b01-e99bb8d956aa\",\r\n  \"status\": \"Failed\",\r\n  \"startTime\": \"2020-11-11T09:34:16.1413277Z\",\r\n  \"endTime\": \"2020-11-11T09:34:16.7507516Z\",\r\n  \"percentComplete\": 100.0,\r\n  \"properties\": {\r\n    \"resourceName\": \"/subscriptions/69a75bda-882e-44d5-8431-63421204132a/resourceGroups/sdk-net-test-qa2/providers/Microsoft.NetApp/netAppAccounts/sdk-net-tests-acc-208/capacityPools/sdk-net-tests-pool-201/volumes/sdk-net-tests-vol-2101/snapshots/sdk-net-tests-snap-11\"\r\n  },\r\n  \"error\": {\r\n    \"code\": \"Conflict\",\r\n    \"message\": \"Error deleting Snapshot. Error deleting snapshot - Cannot delete snapshot because a volume, created from the snapshot, is still copying data in the background. Please try again later.\",\r\n    \"details\": [\r\n      {\r\n        \"code\": \"ErrorPerformingActionOnResource\",\r\n        \"message\": \"Error deleting Snapshot. Error deleting snapshot - Cannot delete snapshot because a volume, created from the snapshot, is still copying data in the background. Please try again later.\"\r\n      }\r\n    ]\r\n  }\r\n}",
      "StatusCode": 200
    },
    {
      "RequestUri": "/subscriptions/69a75bda-882e-44d5-8431-63421204132a/providers/Microsoft.NetApp/locations/westus2/operationResults/601b5690-bc77-4830-96ef-ad371c5a28ce?api-version=2020-07-01",
      "EncodedRequestUri": "L3N1YnNjcmlwdGlvbnMvNjlhNzViZGEtODgyZS00NGQ1LTg0MzEtNjM0MjEyMDQxMzJhL3Byb3ZpZGVycy9NaWNyb3NvZnQuTmV0QXBwL2xvY2F0aW9ucy93ZXN0dXMyL29wZXJhdGlvblJlc3VsdHMvNjAxYjU2OTAtYmM3Ny00ODMwLTk2ZWYtYWQzNzFjNWEyOGNlP2FwaS12ZXJzaW9uPTIwMjAtMDctMDE=",
      "RequestMethod": "GET",
      "RequestBody": "",
      "RequestHeaders": {
        "User-Agent": [
          "FxVersion/4.6.29321.03",
          "OSName/Windows",
          "OSVersion/Microsoft.Windows.10.0.18363.",
          "Microsoft.Azure.Management.NetApp.AzureNetAppFilesManagementClient/1.8.0.0"
        ]
      },
      "ResponseHeaders": {
        "Cache-Control": [
          "no-cache"
        ],
        "Pragma": [
          "no-cache"
        ],
        "x-ms-request-id": [
          "0413f586-3af0-4a74-aef6-4900c588b04d"
        ],
        "Request-Context": [
          "appId=cid-v1:2c4cb680-0a1f-424d-bb8d-8e650ba68d53"
        ],
        "Access-Control-Expose-Headers": [
          "Request-Context"
        ],
        "Server": [
          "Microsoft-IIS/10.0"
        ],
        "X-Powered-By": [
          "ASP.NET"
        ],
        "x-ms-ratelimit-remaining-subscription-reads": [
          "11984"
        ],
        "x-ms-correlation-request-id": [
          "d2fc7a7e-8141-4b9e-afc9-b0917bae91c6"
        ],
        "x-ms-routing-request-id": [
          "FRANCESOUTH:20201111T093522Z:d2fc7a7e-8141-4b9e-afc9-b0917bae91c6"
        ],
        "Strict-Transport-Security": [
          "max-age=31536000; includeSubDomains"
        ],
        "X-Content-Type-Options": [
          "nosniff"
        ],
        "Date": [
          "Wed, 11 Nov 2020 09:35:22 GMT"
        ],
        "Content-Length": [
          "614"
        ],
        "Content-Type": [
          "application/json; charset=utf-8"
        ],
        "Expires": [
          "-1"
        ]
      },
      "ResponseBody": "{\r\n  \"id\": \"/subscriptions/69a75bda-882e-44d5-8431-63421204132a/providers/Microsoft.NetApp/locations/westus2/operationResults/601b5690-bc77-4830-96ef-ad371c5a28ce\",\r\n  \"name\": \"601b5690-bc77-4830-96ef-ad371c5a28ce\",\r\n  \"status\": \"Succeeded\",\r\n  \"startTime\": \"2020-11-11T09:34:52.5497262Z\",\r\n  \"endTime\": \"2020-11-11T09:34:55.0042347Z\",\r\n  \"percentComplete\": 100.0,\r\n  \"properties\": {\r\n    \"resourceName\": \"/subscriptions/69a75bda-882e-44d5-8431-63421204132a/resourceGroups/sdk-net-test-qa2/providers/Microsoft.NetApp/netAppAccounts/sdk-net-tests-acc-208/capacityPools/sdk-net-tests-pool-201/volumes/sdk-net-tests-vol-2101/snapshots/sdk-net-tests-snap-11\"\r\n  }\r\n}",
      "StatusCode": 200
    },
    {
      "RequestUri": "/subscriptions/69a75bda-882e-44d5-8431-63421204132a/providers/Microsoft.NetApp/locations/westus2/operationResults/601b5690-bc77-4830-96ef-ad371c5a28ce?api-version=2020-07-01&operationResultResponseType=Location",
      "EncodedRequestUri": "L3N1YnNjcmlwdGlvbnMvNjlhNzViZGEtODgyZS00NGQ1LTg0MzEtNjM0MjEyMDQxMzJhL3Byb3ZpZGVycy9NaWNyb3NvZnQuTmV0QXBwL2xvY2F0aW9ucy93ZXN0dXMyL29wZXJhdGlvblJlc3VsdHMvNjAxYjU2OTAtYmM3Ny00ODMwLTk2ZWYtYWQzNzFjNWEyOGNlP2FwaS12ZXJzaW9uPTIwMjAtMDctMDEmb3BlcmF0aW9uUmVzdWx0UmVzcG9uc2VUeXBlPUxvY2F0aW9u",
      "RequestMethod": "GET",
      "RequestBody": "",
      "RequestHeaders": {
        "User-Agent": [
          "FxVersion/4.6.29321.03",
          "OSName/Windows",
          "OSVersion/Microsoft.Windows.10.0.18363.",
          "Microsoft.Azure.Management.NetApp.AzureNetAppFilesManagementClient/1.8.0.0"
        ]
      },
      "ResponseHeaders": {
        "Cache-Control": [
          "no-cache"
        ],
        "Pragma": [
          "no-cache"
        ],
        "x-ms-request-id": [
          "59e244d2-2b5b-447f-a7e9-251665718693"
        ],
        "Request-Context": [
          "appId=cid-v1:2c4cb680-0a1f-424d-bb8d-8e650ba68d53"
        ],
        "Access-Control-Expose-Headers": [
          "Request-Context"
        ],
        "Server": [
          "Microsoft-IIS/10.0"
        ],
        "X-Powered-By": [
          "ASP.NET"
        ],
        "x-ms-ratelimit-remaining-subscription-reads": [
          "11983"
        ],
        "x-ms-correlation-request-id": [
          "a26028f0-c22f-470f-bc22-aea860f4ed80"
        ],
        "x-ms-routing-request-id": [
          "FRANCESOUTH:20201111T093523Z:a26028f0-c22f-470f-bc22-aea860f4ed80"
        ],
        "Strict-Transport-Security": [
          "max-age=31536000; includeSubDomains"
        ],
        "X-Content-Type-Options": [
          "nosniff"
        ],
        "Date": [
          "Wed, 11 Nov 2020 09:35:22 GMT"
        ],
        "Content-Length": [
          "449"
        ],
        "Content-Type": [
          "application/json; charset=utf-8"
        ],
        "Expires": [
          "-1"
        ]
      },
      "ResponseBody": "{\r\n  \"id\": \"/subscriptions/69a75bda-882e-44d5-8431-63421204132a/resourceGroups/sdk-net-test-qa2/providers/Microsoft.NetApp/netAppAccounts/sdk-net-tests-acc-208/capacityPools/sdk-net-tests-pool-201/volumes/sdk-net-tests-vol-2101/snapshots/sdk-net-tests-snap-11\",\r\n  \"name\": \"sdk-net-tests-acc-208/sdk-net-tests-pool-201/sdk-net-tests-vol-2101/sdk-net-tests-snap-11\",\r\n  \"type\": \"Microsoft.NetApp/netAppAccounts/capacityPools/volumes/snapshots\",\r\n  \"location\": \"westus2\"\r\n}",
      "StatusCode": 200
    },
    {
      "RequestUri": "/subscriptions/69a75bda-882e-44d5-8431-63421204132a/resourceGroups/sdk-net-test-qa2/providers/Microsoft.NetApp/netAppAccounts/sdk-net-tests-acc-208/capacityPools/sdk-net-tests-pool-201/volumes/sdk-net-tests-vol-1001?api-version=2020-07-01",
      "EncodedRequestUri": "L3N1YnNjcmlwdGlvbnMvNjlhNzViZGEtODgyZS00NGQ1LTg0MzEtNjM0MjEyMDQxMzJhL3Jlc291cmNlR3JvdXBzL3Nkay1uZXQtdGVzdC1xYTIvcHJvdmlkZXJzL01pY3Jvc29mdC5OZXRBcHAvbmV0QXBwQWNjb3VudHMvc2RrLW5ldC10ZXN0cy1hY2MtMjA4L2NhcGFjaXR5UG9vbHMvc2RrLW5ldC10ZXN0cy1wb29sLTIwMS92b2x1bWVzL3Nkay1uZXQtdGVzdHMtdm9sLTEwMDE/YXBpLXZlcnNpb249MjAyMC0wNy0wMQ==",
      "RequestMethod": "DELETE",
      "RequestBody": "",
      "RequestHeaders": {
        "x-ms-client-request-id": [
          "a4a7d59d-cdcd-4402-a19a-c5420ba79c66"
        ],
        "Accept-Language": [
          "en-US"
        ],
        "User-Agent": [
          "FxVersion/4.6.29321.03",
          "OSName/Windows",
          "OSVersion/Microsoft.Windows.10.0.18363.",
          "Microsoft.Azure.Management.NetApp.AzureNetAppFilesManagementClient/1.8.0.0"
        ]
      },
      "ResponseHeaders": {
        "Cache-Control": [
          "no-cache"
        ],
        "Pragma": [
          "no-cache"
        ],
        "Location": [
          "https://management.azure.com/subscriptions/69a75bda-882e-44d5-8431-63421204132a/providers/Microsoft.NetApp/locations/westus2/operationResults/f4d67dfd-6b16-4722-8061-e8e51379d4ba?api-version=2020-07-01&operationResultResponseType=Location"
        ],
        "Azure-AsyncOperation": [
          "https://management.azure.com/subscriptions/69a75bda-882e-44d5-8431-63421204132a/providers/Microsoft.NetApp/locations/westus2/operationResults/f4d67dfd-6b16-4722-8061-e8e51379d4ba?api-version=2020-07-01"
        ],
        "Request-Context": [
          "appId=cid-v1:2c4cb680-0a1f-424d-bb8d-8e650ba68d53"
        ],
        "Access-Control-Expose-Headers": [
          "Request-Context"
        ],
        "Server": [
          "Microsoft-IIS/10.0"
        ],
        "X-Powered-By": [
          "ASP.NET"
        ],
        "x-ms-ratelimit-remaining-subscription-deletes": [
          "14994"
        ],
        "x-ms-request-id": [
          "9157d053-f360-44ca-92c1-01671e8dc9dd"
        ],
        "x-ms-correlation-request-id": [
          "9157d053-f360-44ca-92c1-01671e8dc9dd"
        ],
        "x-ms-routing-request-id": [
          "FRANCESOUTH:20201111T093529Z:9157d053-f360-44ca-92c1-01671e8dc9dd"
        ],
        "Strict-Transport-Security": [
          "max-age=31536000; includeSubDomains"
        ],
        "X-Content-Type-Options": [
          "nosniff"
        ],
        "Date": [
          "Wed, 11 Nov 2020 09:35:28 GMT"
        ],
        "Expires": [
          "-1"
        ],
        "Content-Length": [
          "0"
        ]
      },
      "ResponseBody": "",
      "StatusCode": 202
    },
    {
      "RequestUri": "/subscriptions/69a75bda-882e-44d5-8431-63421204132a/providers/Microsoft.NetApp/locations/westus2/operationResults/f4d67dfd-6b16-4722-8061-e8e51379d4ba?api-version=2020-07-01",
      "EncodedRequestUri": "L3N1YnNjcmlwdGlvbnMvNjlhNzViZGEtODgyZS00NGQ1LTg0MzEtNjM0MjEyMDQxMzJhL3Byb3ZpZGVycy9NaWNyb3NvZnQuTmV0QXBwL2xvY2F0aW9ucy93ZXN0dXMyL29wZXJhdGlvblJlc3VsdHMvZjRkNjdkZmQtNmIxNi00NzIyLTgwNjEtZThlNTEzNzlkNGJhP2FwaS12ZXJzaW9uPTIwMjAtMDctMDE=",
      "RequestMethod": "GET",
      "RequestBody": "",
      "RequestHeaders": {
        "User-Agent": [
          "FxVersion/4.6.29321.03",
          "OSName/Windows",
          "OSVersion/Microsoft.Windows.10.0.18363.",
          "Microsoft.Azure.Management.NetApp.AzureNetAppFilesManagementClient/1.8.0.0"
        ]
      },
      "ResponseHeaders": {
        "Cache-Control": [
          "no-cache"
        ],
        "Pragma": [
          "no-cache"
        ],
        "x-ms-request-id": [
          "89b03e59-4850-4da5-9afb-50d946f00a49"
        ],
        "Request-Context": [
          "appId=cid-v1:2c4cb680-0a1f-424d-bb8d-8e650ba68d53"
        ],
        "Access-Control-Expose-Headers": [
          "Request-Context"
        ],
        "Server": [
          "Microsoft-IIS/10.0"
        ],
        "X-Powered-By": [
          "ASP.NET"
        ],
        "x-ms-ratelimit-remaining-subscription-reads": [
          "11982"
        ],
        "x-ms-correlation-request-id": [
          "c7b14410-d267-45fa-aa3f-13b425b22559"
        ],
        "x-ms-routing-request-id": [
          "FRANCESOUTH:20201111T093559Z:c7b14410-d267-45fa-aa3f-13b425b22559"
        ],
        "Strict-Transport-Security": [
          "max-age=31536000; includeSubDomains"
        ],
        "X-Content-Type-Options": [
          "nosniff"
        ],
        "Date": [
          "Wed, 11 Nov 2020 09:35:59 GMT"
        ],
        "Content-Length": [
          "582"
        ],
        "Content-Type": [
          "application/json; charset=utf-8"
        ],
        "Expires": [
          "-1"
        ]
      },
      "ResponseBody": "{\r\n  \"id\": \"/subscriptions/69a75bda-882e-44d5-8431-63421204132a/providers/Microsoft.NetApp/locations/westus2/operationResults/f4d67dfd-6b16-4722-8061-e8e51379d4ba\",\r\n  \"name\": \"f4d67dfd-6b16-4722-8061-e8e51379d4ba\",\r\n  \"status\": \"Succeeded\",\r\n  \"startTime\": \"2020-11-11T09:35:29.1958919Z\",\r\n  \"endTime\": \"2020-11-11T09:35:35.6563712Z\",\r\n  \"percentComplete\": 100.0,\r\n  \"properties\": {\r\n    \"resourceName\": \"/subscriptions/69a75bda-882e-44d5-8431-63421204132a/resourceGroups/sdk-net-test-qa2/providers/Microsoft.NetApp/netAppAccounts/sdk-net-tests-acc-208/capacityPools/sdk-net-tests-pool-201/volumes/sdk-net-tests-vol-1001\"\r\n  }\r\n}",
      "StatusCode": 200
    },
    {
      "RequestUri": "/subscriptions/69a75bda-882e-44d5-8431-63421204132a/providers/Microsoft.NetApp/locations/westus2/operationResults/f4d67dfd-6b16-4722-8061-e8e51379d4ba?api-version=2020-07-01&operationResultResponseType=Location",
      "EncodedRequestUri": "L3N1YnNjcmlwdGlvbnMvNjlhNzViZGEtODgyZS00NGQ1LTg0MzEtNjM0MjEyMDQxMzJhL3Byb3ZpZGVycy9NaWNyb3NvZnQuTmV0QXBwL2xvY2F0aW9ucy93ZXN0dXMyL29wZXJhdGlvblJlc3VsdHMvZjRkNjdkZmQtNmIxNi00NzIyLTgwNjEtZThlNTEzNzlkNGJhP2FwaS12ZXJzaW9uPTIwMjAtMDctMDEmb3BlcmF0aW9uUmVzdWx0UmVzcG9uc2VUeXBlPUxvY2F0aW9u",
      "RequestMethod": "GET",
      "RequestBody": "",
      "RequestHeaders": {
        "User-Agent": [
          "FxVersion/4.6.29321.03",
          "OSName/Windows",
          "OSVersion/Microsoft.Windows.10.0.18363.",
          "Microsoft.Azure.Management.NetApp.AzureNetAppFilesManagementClient/1.8.0.0"
        ]
      },
      "ResponseHeaders": {
        "Cache-Control": [
          "no-cache"
        ],
        "Pragma": [
          "no-cache"
        ],
        "x-ms-request-id": [
          "52abc22b-5349-43fc-b13b-b1f6ae9f758c"
        ],
        "Request-Context": [
          "appId=cid-v1:2c4cb680-0a1f-424d-bb8d-8e650ba68d53"
        ],
        "Access-Control-Expose-Headers": [
          "Request-Context"
        ],
        "Server": [
          "Microsoft-IIS/10.0"
        ],
        "X-Powered-By": [
          "ASP.NET"
        ],
        "x-ms-ratelimit-remaining-subscription-reads": [
          "11981"
        ],
        "x-ms-correlation-request-id": [
          "7c40d82a-0d03-4d4f-84e4-2d5c5f87b197"
        ],
        "x-ms-routing-request-id": [
          "FRANCESOUTH:20201111T093559Z:7c40d82a-0d03-4d4f-84e4-2d5c5f87b197"
        ],
        "Strict-Transport-Security": [
          "max-age=31536000; includeSubDomains"
        ],
        "X-Content-Type-Options": [
          "nosniff"
        ],
        "Date": [
          "Wed, 11 Nov 2020 09:35:59 GMT"
        ],
        "Content-Length": [
          "2006"
        ],
        "Content-Type": [
          "application/json; charset=utf-8"
        ],
        "Expires": [
          "-1"
        ]
      },
      "ResponseBody": "{\r\n  \"id\": \"/subscriptions/69a75bda-882e-44d5-8431-63421204132a/resourceGroups/sdk-net-test-qa2/providers/Microsoft.NetApp/netAppAccounts/sdk-net-tests-acc-208/capacityPools/sdk-net-tests-pool-201/volumes/sdk-net-tests-vol-1001\",\r\n  \"name\": \"sdk-net-tests-acc-208/sdk-net-tests-pool-201/sdk-net-tests-vol-1001\",\r\n  \"type\": \"Microsoft.NetApp/netAppAccounts/capacityPools/volumes\",\r\n  \"etag\": \"W/\\\"datetime'2020-11-11T09%3A35%3A29.2456026Z'\\\"\",\r\n  \"location\": \"westus2\",\r\n  \"properties\": {\r\n    \"provisioningState\": \"Deleting\",\r\n    \"fileSystemId\": \"cf129ea2-e4b4-5f89-41e9-fe13c693e81c\",\r\n    \"name\": \"sdk-net-tests-vol-1001\",\r\n    \"serviceLevel\": \"Premium\",\r\n    \"creationToken\": \"sdk-net-tests-vol-1001\",\r\n    \"ownerId\": \"8f82c7b4-0509-489d-9e97-d719b9b955b4\",\r\n    \"usageThreshold\": 107374182400,\r\n    \"usedBytes\": 0,\r\n    \"exportPolicy\": {\r\n      \"rules\": [\r\n        {\r\n          \"ruleIndex\": 1,\r\n          \"unixReadOnly\": false,\r\n          \"unixReadWrite\": true,\r\n          \"cifs\": false,\r\n          \"nfsv3\": true,\r\n          \"nfsv4\": false,\r\n          \"nfsv41\": false,\r\n          \"allowedClients\": \"0.0.0.0/0\",\r\n          \"kerberos5ReadOnly\": false,\r\n          \"kerberos5ReadWrite\": false,\r\n          \"kerberos5iReadOnly\": false,\r\n          \"kerberos5iReadWrite\": false,\r\n          \"kerberos5pReadOnly\": false,\r\n          \"kerberos5pReadWrite\": false,\r\n          \"hasRootAccess\": true\r\n        }\r\n      ]\r\n    },\r\n    \"protocolTypes\": [\r\n      \"NFSv3\"\r\n    ],\r\n    \"baremetalTenantId\": \"baremetalTenant_svm_8f82c7b40509489d9e97d719b9b955b4_c489744d\",\r\n    \"subnetId\": \"/subscriptions/69a75bda-882e-44d5-8431-63421204132a/resourceGroups/sdk-net-test-qa2/providers/Microsoft.Network/virtualNetworks/sdknettestqa2vnet464/subnets/default\",\r\n    \"snapshotDirectoryVisible\": true,\r\n    \"vendorID\": \"/subscriptions/69a75bda-882e-44d5-8431-63421204132a/resourceGroups/sdk-net-test-qa2/providers/Microsoft.NetApp/netAppAccounts/sdk-net-tests-acc-208/capacityPools/sdk-net-tests-pool-201/volumes/sdk-net-tests-vol-1001\",\r\n    \"poolId\": \"42f034ce-bf0b-56fa-e27d-5489bebcd9fe\",\r\n    \"mountTargets\": [\r\n      {\r\n        \"provisioningState\": \"\",\r\n        \"mountTargetId\": \"cf129ea2-e4b4-5f89-41e9-fe13c693e81c\",\r\n        \"fileSystemId\": \"cf129ea2-e4b4-5f89-41e9-fe13c693e81c\",\r\n        \"startIp\": \"\",\r\n        \"endIp\": \"\",\r\n        \"gateway\": \"\",\r\n        \"netmask\": \"\",\r\n        \"subnet\": \"\",\r\n        \"ipAddress\": \"10.1.8.5\"\r\n      }\r\n    ],\r\n    \"throughputMibps\": 0.0,\r\n    \"isCreate\": false,\r\n    \"kerberosEnabled\": false,\r\n    \"securityStyle\": \"Unix\"\r\n  }\r\n}",
      "StatusCode": 200
    },
    {
      "RequestUri": "/subscriptions/69a75bda-882e-44d5-8431-63421204132a/resourceGroups/sdk-net-test-qa2/providers/Microsoft.NetApp/netAppAccounts/sdk-net-tests-acc-208/capacityPools/sdk-net-tests-pool-201/volumes/sdk-net-tests-vol-2101?api-version=2020-07-01",
      "EncodedRequestUri": "L3N1YnNjcmlwdGlvbnMvNjlhNzViZGEtODgyZS00NGQ1LTg0MzEtNjM0MjEyMDQxMzJhL3Jlc291cmNlR3JvdXBzL3Nkay1uZXQtdGVzdC1xYTIvcHJvdmlkZXJzL01pY3Jvc29mdC5OZXRBcHAvbmV0QXBwQWNjb3VudHMvc2RrLW5ldC10ZXN0cy1hY2MtMjA4L2NhcGFjaXR5UG9vbHMvc2RrLW5ldC10ZXN0cy1wb29sLTIwMS92b2x1bWVzL3Nkay1uZXQtdGVzdHMtdm9sLTIxMDE/YXBpLXZlcnNpb249MjAyMC0wNy0wMQ==",
      "RequestMethod": "DELETE",
      "RequestBody": "",
      "RequestHeaders": {
        "x-ms-client-request-id": [
          "862af327-6d2c-4ad7-a264-302b2a406417"
        ],
        "Accept-Language": [
          "en-US"
        ],
        "User-Agent": [
          "FxVersion/4.6.29321.03",
          "OSName/Windows",
          "OSVersion/Microsoft.Windows.10.0.18363.",
          "Microsoft.Azure.Management.NetApp.AzureNetAppFilesManagementClient/1.8.0.0"
        ]
      },
      "ResponseHeaders": {
        "Cache-Control": [
          "no-cache"
        ],
        "Pragma": [
          "no-cache"
        ],
        "Location": [
          "https://management.azure.com/subscriptions/69a75bda-882e-44d5-8431-63421204132a/providers/Microsoft.NetApp/locations/westus2/operationResults/901379db-5fff-4681-a374-d4f78343a1c8?api-version=2020-07-01&operationResultResponseType=Location"
        ],
        "Azure-AsyncOperation": [
          "https://management.azure.com/subscriptions/69a75bda-882e-44d5-8431-63421204132a/providers/Microsoft.NetApp/locations/westus2/operationResults/901379db-5fff-4681-a374-d4f78343a1c8?api-version=2020-07-01"
        ],
        "Request-Context": [
          "appId=cid-v1:2c4cb680-0a1f-424d-bb8d-8e650ba68d53"
        ],
        "Access-Control-Expose-Headers": [
          "Request-Context"
        ],
        "Server": [
          "Microsoft-IIS/10.0"
        ],
        "X-Powered-By": [
          "ASP.NET"
        ],
        "x-ms-ratelimit-remaining-subscription-deletes": [
          "14993"
        ],
        "x-ms-request-id": [
          "518a88b0-dea7-4f9b-bff7-f149992412ab"
        ],
        "x-ms-correlation-request-id": [
          "518a88b0-dea7-4f9b-bff7-f149992412ab"
        ],
        "x-ms-routing-request-id": [
          "FRANCESOUTH:20201111T093605Z:518a88b0-dea7-4f9b-bff7-f149992412ab"
        ],
        "Strict-Transport-Security": [
          "max-age=31536000; includeSubDomains"
        ],
        "X-Content-Type-Options": [
          "nosniff"
        ],
        "Date": [
          "Wed, 11 Nov 2020 09:36:05 GMT"
        ],
        "Expires": [
          "-1"
        ],
        "Content-Length": [
          "0"
        ]
      },
      "ResponseBody": "",
      "StatusCode": 202
    },
    {
      "RequestUri": "/subscriptions/69a75bda-882e-44d5-8431-63421204132a/providers/Microsoft.NetApp/locations/westus2/operationResults/901379db-5fff-4681-a374-d4f78343a1c8?api-version=2020-07-01",
      "EncodedRequestUri": "L3N1YnNjcmlwdGlvbnMvNjlhNzViZGEtODgyZS00NGQ1LTg0MzEtNjM0MjEyMDQxMzJhL3Byb3ZpZGVycy9NaWNyb3NvZnQuTmV0QXBwL2xvY2F0aW9ucy93ZXN0dXMyL29wZXJhdGlvblJlc3VsdHMvOTAxMzc5ZGItNWZmZi00NjgxLWEzNzQtZDRmNzgzNDNhMWM4P2FwaS12ZXJzaW9uPTIwMjAtMDctMDE=",
      "RequestMethod": "GET",
      "RequestBody": "",
      "RequestHeaders": {
        "User-Agent": [
          "FxVersion/4.6.29321.03",
          "OSName/Windows",
          "OSVersion/Microsoft.Windows.10.0.18363.",
          "Microsoft.Azure.Management.NetApp.AzureNetAppFilesManagementClient/1.8.0.0"
        ]
      },
      "ResponseHeaders": {
        "Cache-Control": [
          "no-cache"
        ],
        "Pragma": [
          "no-cache"
        ],
        "x-ms-request-id": [
          "c5d8c7eb-4320-4e88-90f5-fb8a9daccd95"
        ],
        "Request-Context": [
          "appId=cid-v1:2c4cb680-0a1f-424d-bb8d-8e650ba68d53"
        ],
        "Access-Control-Expose-Headers": [
          "Request-Context"
        ],
        "Server": [
          "Microsoft-IIS/10.0"
        ],
        "X-Powered-By": [
          "ASP.NET"
        ],
        "x-ms-ratelimit-remaining-subscription-reads": [
          "11980"
        ],
        "x-ms-correlation-request-id": [
          "00962121-c636-40ed-a3b2-92d00a294a97"
        ],
        "x-ms-routing-request-id": [
          "FRANCESOUTH:20201111T093635Z:00962121-c636-40ed-a3b2-92d00a294a97"
        ],
        "Strict-Transport-Security": [
          "max-age=31536000; includeSubDomains"
        ],
        "X-Content-Type-Options": [
          "nosniff"
        ],
        "Date": [
          "Wed, 11 Nov 2020 09:36:35 GMT"
        ],
        "Content-Length": [
          "582"
        ],
        "Content-Type": [
          "application/json; charset=utf-8"
        ],
        "Expires": [
          "-1"
        ]
      },
      "ResponseBody": "{\r\n  \"id\": \"/subscriptions/69a75bda-882e-44d5-8431-63421204132a/providers/Microsoft.NetApp/locations/westus2/operationResults/901379db-5fff-4681-a374-d4f78343a1c8\",\r\n  \"name\": \"901379db-5fff-4681-a374-d4f78343a1c8\",\r\n  \"status\": \"Succeeded\",\r\n  \"startTime\": \"2020-11-11T09:36:05.4484128Z\",\r\n  \"endTime\": \"2020-11-11T09:36:13.4733032Z\",\r\n  \"percentComplete\": 100.0,\r\n  \"properties\": {\r\n    \"resourceName\": \"/subscriptions/69a75bda-882e-44d5-8431-63421204132a/resourceGroups/sdk-net-test-qa2/providers/Microsoft.NetApp/netAppAccounts/sdk-net-tests-acc-208/capacityPools/sdk-net-tests-pool-201/volumes/sdk-net-tests-vol-2101\"\r\n  }\r\n}",
      "StatusCode": 200
    },
    {
      "RequestUri": "/subscriptions/69a75bda-882e-44d5-8431-63421204132a/providers/Microsoft.NetApp/locations/westus2/operationResults/901379db-5fff-4681-a374-d4f78343a1c8?api-version=2020-07-01&operationResultResponseType=Location",
      "EncodedRequestUri": "L3N1YnNjcmlwdGlvbnMvNjlhNzViZGEtODgyZS00NGQ1LTg0MzEtNjM0MjEyMDQxMzJhL3Byb3ZpZGVycy9NaWNyb3NvZnQuTmV0QXBwL2xvY2F0aW9ucy93ZXN0dXMyL29wZXJhdGlvblJlc3VsdHMvOTAxMzc5ZGItNWZmZi00NjgxLWEzNzQtZDRmNzgzNDNhMWM4P2FwaS12ZXJzaW9uPTIwMjAtMDctMDEmb3BlcmF0aW9uUmVzdWx0UmVzcG9uc2VUeXBlPUxvY2F0aW9u",
      "RequestMethod": "GET",
      "RequestBody": "",
      "RequestHeaders": {
        "User-Agent": [
          "FxVersion/4.6.29321.03",
          "OSName/Windows",
          "OSVersion/Microsoft.Windows.10.0.18363.",
          "Microsoft.Azure.Management.NetApp.AzureNetAppFilesManagementClient/1.8.0.0"
        ]
      },
      "ResponseHeaders": {
        "Cache-Control": [
          "no-cache"
        ],
        "Pragma": [
          "no-cache"
        ],
        "x-ms-request-id": [
          "9ed6353b-3eca-4586-af15-f542142a9008"
        ],
        "Request-Context": [
          "appId=cid-v1:2c4cb680-0a1f-424d-bb8d-8e650ba68d53"
        ],
        "Access-Control-Expose-Headers": [
          "Request-Context"
        ],
        "Server": [
          "Microsoft-IIS/10.0"
        ],
        "X-Powered-By": [
          "ASP.NET"
        ],
        "x-ms-ratelimit-remaining-subscription-reads": [
          "11979"
        ],
        "x-ms-correlation-request-id": [
          "21f713b2-eee1-4b9a-bf45-804f1c7b5cd7"
        ],
        "x-ms-routing-request-id": [
          "FRANCESOUTH:20201111T093636Z:21f713b2-eee1-4b9a-bf45-804f1c7b5cd7"
        ],
        "Strict-Transport-Security": [
          "max-age=31536000; includeSubDomains"
        ],
        "X-Content-Type-Options": [
          "nosniff"
        ],
        "Date": [
          "Wed, 11 Nov 2020 09:36:35 GMT"
        ],
        "Content-Length": [
          "2006"
        ],
        "Content-Type": [
          "application/json; charset=utf-8"
        ],
        "Expires": [
          "-1"
        ]
      },
      "ResponseBody": "{\r\n  \"id\": \"/subscriptions/69a75bda-882e-44d5-8431-63421204132a/resourceGroups/sdk-net-test-qa2/providers/Microsoft.NetApp/netAppAccounts/sdk-net-tests-acc-208/capacityPools/sdk-net-tests-pool-201/volumes/sdk-net-tests-vol-2101\",\r\n  \"name\": \"sdk-net-tests-acc-208/sdk-net-tests-pool-201/sdk-net-tests-vol-2101\",\r\n  \"type\": \"Microsoft.NetApp/netAppAccounts/capacityPools/volumes\",\r\n  \"etag\": \"W/\\\"datetime'2020-11-11T09%3A36%3A05.5010939Z'\\\"\",\r\n  \"location\": \"westus2\",\r\n  \"properties\": {\r\n    \"provisioningState\": \"Deleting\",\r\n    \"fileSystemId\": \"af662afe-0f8e-9df4-8db5-2923bb470b6a\",\r\n    \"name\": \"sdk-net-tests-vol-2101\",\r\n    \"serviceLevel\": \"Premium\",\r\n    \"creationToken\": \"sdk-net-tests-vol-2101\",\r\n    \"ownerId\": \"8f82c7b4-0509-489d-9e97-d719b9b955b4\",\r\n    \"usageThreshold\": 107374182400,\r\n    \"usedBytes\": 0,\r\n    \"exportPolicy\": {\r\n      \"rules\": [\r\n        {\r\n          \"ruleIndex\": 1,\r\n          \"unixReadOnly\": false,\r\n          \"unixReadWrite\": true,\r\n          \"cifs\": false,\r\n          \"nfsv3\": true,\r\n          \"nfsv4\": false,\r\n          \"nfsv41\": false,\r\n          \"allowedClients\": \"0.0.0.0/0\",\r\n          \"kerberos5ReadOnly\": false,\r\n          \"kerberos5ReadWrite\": false,\r\n          \"kerberos5iReadOnly\": false,\r\n          \"kerberos5iReadWrite\": false,\r\n          \"kerberos5pReadOnly\": false,\r\n          \"kerberos5pReadWrite\": false,\r\n          \"hasRootAccess\": true\r\n        }\r\n      ]\r\n    },\r\n    \"protocolTypes\": [\r\n      \"NFSv3\"\r\n    ],\r\n    \"baremetalTenantId\": \"baremetalTenant_svm_8f82c7b40509489d9e97d719b9b955b4_c489744d\",\r\n    \"subnetId\": \"/subscriptions/69a75bda-882e-44d5-8431-63421204132a/resourceGroups/sdk-net-test-qa2/providers/Microsoft.Network/virtualNetworks/sdknettestqa2vnet464/subnets/default\",\r\n    \"snapshotDirectoryVisible\": true,\r\n    \"vendorID\": \"/subscriptions/69a75bda-882e-44d5-8431-63421204132a/resourceGroups/sdk-net-test-qa2/providers/Microsoft.NetApp/netAppAccounts/sdk-net-tests-acc-208/capacityPools/sdk-net-tests-pool-201/volumes/sdk-net-tests-vol-2101\",\r\n    \"poolId\": \"42f034ce-bf0b-56fa-e27d-5489bebcd9fe\",\r\n    \"mountTargets\": [\r\n      {\r\n        \"provisioningState\": \"\",\r\n        \"mountTargetId\": \"af662afe-0f8e-9df4-8db5-2923bb470b6a\",\r\n        \"fileSystemId\": \"af662afe-0f8e-9df4-8db5-2923bb470b6a\",\r\n        \"startIp\": \"\",\r\n        \"endIp\": \"\",\r\n        \"gateway\": \"\",\r\n        \"netmask\": \"\",\r\n        \"subnet\": \"\",\r\n        \"ipAddress\": \"10.1.8.5\"\r\n      }\r\n    ],\r\n    \"throughputMibps\": 0.0,\r\n    \"isCreate\": false,\r\n    \"kerberosEnabled\": false,\r\n    \"securityStyle\": \"Unix\"\r\n  }\r\n}",
      "StatusCode": 200
    },
    {
      "RequestUri": "/subscriptions/69a75bda-882e-44d5-8431-63421204132a/resourceGroups/sdk-net-test-qa2/providers/Microsoft.NetApp/netAppAccounts/sdk-net-tests-acc-208/capacityPools/sdk-net-tests-pool-201?api-version=2020-07-01",
      "EncodedRequestUri": "L3N1YnNjcmlwdGlvbnMvNjlhNzViZGEtODgyZS00NGQ1LTg0MzEtNjM0MjEyMDQxMzJhL3Jlc291cmNlR3JvdXBzL3Nkay1uZXQtdGVzdC1xYTIvcHJvdmlkZXJzL01pY3Jvc29mdC5OZXRBcHAvbmV0QXBwQWNjb3VudHMvc2RrLW5ldC10ZXN0cy1hY2MtMjA4L2NhcGFjaXR5UG9vbHMvc2RrLW5ldC10ZXN0cy1wb29sLTIwMT9hcGktdmVyc2lvbj0yMDIwLTA3LTAx",
      "RequestMethod": "DELETE",
      "RequestBody": "",
      "RequestHeaders": {
        "x-ms-client-request-id": [
          "1c11b3db-a37a-43d9-9c80-b37f4358416d"
        ],
        "Accept-Language": [
          "en-US"
        ],
        "User-Agent": [
          "FxVersion/4.6.29321.03",
          "OSName/Windows",
          "OSVersion/Microsoft.Windows.10.0.18363.",
          "Microsoft.Azure.Management.NetApp.AzureNetAppFilesManagementClient/1.8.0.0"
        ]
      },
      "ResponseHeaders": {
        "Cache-Control": [
          "no-cache"
        ],
        "Pragma": [
          "no-cache"
        ],
        "Location": [
          "https://management.azure.com/subscriptions/69a75bda-882e-44d5-8431-63421204132a/providers/Microsoft.NetApp/locations/westus2/operationResults/53f5073e-d1c1-4516-8430-8d14530fb2df?api-version=2020-07-01&operationResultResponseType=Location"
        ],
        "Azure-AsyncOperation": [
          "https://management.azure.com/subscriptions/69a75bda-882e-44d5-8431-63421204132a/providers/Microsoft.NetApp/locations/westus2/operationResults/53f5073e-d1c1-4516-8430-8d14530fb2df?api-version=2020-07-01"
        ],
        "Request-Context": [
          "appId=cid-v1:2c4cb680-0a1f-424d-bb8d-8e650ba68d53"
        ],
        "Access-Control-Expose-Headers": [
          "Request-Context"
        ],
        "Server": [
          "Microsoft-IIS/10.0"
        ],
        "X-Powered-By": [
          "ASP.NET"
        ],
        "x-ms-ratelimit-remaining-subscription-deletes": [
          "14992"
        ],
        "x-ms-request-id": [
          "dde91bfa-2b96-4a82-a9ee-c61138625c7d"
        ],
        "x-ms-correlation-request-id": [
          "dde91bfa-2b96-4a82-a9ee-c61138625c7d"
        ],
        "x-ms-routing-request-id": [
          "FRANCESOUTH:20201111T093641Z:dde91bfa-2b96-4a82-a9ee-c61138625c7d"
        ],
        "Strict-Transport-Security": [
          "max-age=31536000; includeSubDomains"
        ],
        "X-Content-Type-Options": [
          "nosniff"
        ],
        "Date": [
          "Wed, 11 Nov 2020 09:36:41 GMT"
        ],
        "Expires": [
          "-1"
        ],
        "Content-Length": [
          "0"
        ]
      },
      "ResponseBody": "",
      "StatusCode": 202
    },
    {
      "RequestUri": "/subscriptions/69a75bda-882e-44d5-8431-63421204132a/providers/Microsoft.NetApp/locations/westus2/operationResults/53f5073e-d1c1-4516-8430-8d14530fb2df?api-version=2020-07-01",
      "EncodedRequestUri": "L3N1YnNjcmlwdGlvbnMvNjlhNzViZGEtODgyZS00NGQ1LTg0MzEtNjM0MjEyMDQxMzJhL3Byb3ZpZGVycy9NaWNyb3NvZnQuTmV0QXBwL2xvY2F0aW9ucy93ZXN0dXMyL29wZXJhdGlvblJlc3VsdHMvNTNmNTA3M2UtZDFjMS00NTE2LTg0MzAtOGQxNDUzMGZiMmRmP2FwaS12ZXJzaW9uPTIwMjAtMDctMDE=",
      "RequestMethod": "GET",
      "RequestBody": "",
      "RequestHeaders": {
        "User-Agent": [
          "FxVersion/4.6.29321.03",
          "OSName/Windows",
          "OSVersion/Microsoft.Windows.10.0.18363.",
          "Microsoft.Azure.Management.NetApp.AzureNetAppFilesManagementClient/1.8.0.0"
        ]
      },
      "ResponseHeaders": {
        "Cache-Control": [
          "no-cache"
        ],
        "Pragma": [
          "no-cache"
        ],
        "x-ms-request-id": [
          "9f6327d3-56be-4ddc-ad3d-40396a34a228"
        ],
        "Request-Context": [
          "appId=cid-v1:2c4cb680-0a1f-424d-bb8d-8e650ba68d53"
        ],
        "Access-Control-Expose-Headers": [
          "Request-Context"
        ],
        "Server": [
          "Microsoft-IIS/10.0"
        ],
        "X-Powered-By": [
          "ASP.NET"
        ],
        "x-ms-ratelimit-remaining-subscription-reads": [
          "11978"
        ],
        "x-ms-correlation-request-id": [
          "2c144fec-32b9-45ae-8e93-d3f2f085b5dd"
        ],
        "x-ms-routing-request-id": [
          "FRANCESOUTH:20201111T093712Z:2c144fec-32b9-45ae-8e93-d3f2f085b5dd"
        ],
        "Strict-Transport-Security": [
          "max-age=31536000; includeSubDomains"
        ],
        "X-Content-Type-Options": [
          "nosniff"
        ],
        "Date": [
          "Wed, 11 Nov 2020 09:37:12 GMT"
        ],
        "Content-Length": [
          "550"
        ],
        "Content-Type": [
          "application/json; charset=utf-8"
        ],
        "Expires": [
          "-1"
        ]
      },
      "ResponseBody": "{\r\n  \"id\": \"/subscriptions/69a75bda-882e-44d5-8431-63421204132a/providers/Microsoft.NetApp/locations/westus2/operationResults/53f5073e-d1c1-4516-8430-8d14530fb2df\",\r\n  \"name\": \"53f5073e-d1c1-4516-8430-8d14530fb2df\",\r\n  \"status\": \"Succeeded\",\r\n  \"startTime\": \"2020-11-11T09:36:41.673933Z\",\r\n  \"endTime\": \"2020-11-11T09:36:42.2989103Z\",\r\n  \"percentComplete\": 100.0,\r\n  \"properties\": {\r\n    \"resourceName\": \"/subscriptions/69a75bda-882e-44d5-8431-63421204132a/resourceGroups/sdk-net-test-qa2/providers/Microsoft.NetApp/netAppAccounts/sdk-net-tests-acc-208/capacityPools/sdk-net-tests-pool-201\"\r\n  }\r\n}",
      "StatusCode": 200
    },
    {
      "RequestUri": "/subscriptions/69a75bda-882e-44d5-8431-63421204132a/providers/Microsoft.NetApp/locations/westus2/operationResults/53f5073e-d1c1-4516-8430-8d14530fb2df?api-version=2020-07-01&operationResultResponseType=Location",
      "EncodedRequestUri": "L3N1YnNjcmlwdGlvbnMvNjlhNzViZGEtODgyZS00NGQ1LTg0MzEtNjM0MjEyMDQxMzJhL3Byb3ZpZGVycy9NaWNyb3NvZnQuTmV0QXBwL2xvY2F0aW9ucy93ZXN0dXMyL29wZXJhdGlvblJlc3VsdHMvNTNmNTA3M2UtZDFjMS00NTE2LTg0MzAtOGQxNDUzMGZiMmRmP2FwaS12ZXJzaW9uPTIwMjAtMDctMDEmb3BlcmF0aW9uUmVzdWx0UmVzcG9uc2VUeXBlPUxvY2F0aW9u",
      "RequestMethod": "GET",
      "RequestBody": "",
      "RequestHeaders": {
        "User-Agent": [
          "FxVersion/4.6.29321.03",
          "OSName/Windows",
          "OSVersion/Microsoft.Windows.10.0.18363.",
          "Microsoft.Azure.Management.NetApp.AzureNetAppFilesManagementClient/1.8.0.0"
        ]
      },
      "ResponseHeaders": {
        "Cache-Control": [
          "no-cache"
        ],
        "Pragma": [
          "no-cache"
        ],
        "x-ms-request-id": [
          "b3d7e2ab-68e8-4efa-8eb3-bdbe2a25a185"
        ],
        "Request-Context": [
          "appId=cid-v1:2c4cb680-0a1f-424d-bb8d-8e650ba68d53"
        ],
        "Access-Control-Expose-Headers": [
          "Request-Context"
        ],
        "Server": [
          "Microsoft-IIS/10.0"
        ],
        "X-Powered-By": [
          "ASP.NET"
        ],
        "x-ms-ratelimit-remaining-subscription-reads": [
          "11977"
        ],
        "x-ms-correlation-request-id": [
          "3d1edd0b-62a7-4746-bb1b-74cabb8fe368"
        ],
        "x-ms-routing-request-id": [
          "FRANCESOUTH:20201111T093712Z:3d1edd0b-62a7-4746-bb1b-74cabb8fe368"
        ],
        "Strict-Transport-Security": [
          "max-age=31536000; includeSubDomains"
        ],
        "X-Content-Type-Options": [
          "nosniff"
        ],
        "Date": [
          "Wed, 11 Nov 2020 09:37:12 GMT"
        ],
        "Content-Length": [
          "816"
        ],
        "Content-Type": [
          "application/json; charset=utf-8"
        ],
        "Expires": [
          "-1"
        ]
      },
      "ResponseBody": "{\r\n  \"id\": \"/subscriptions/69a75bda-882e-44d5-8431-63421204132a/resourceGroups/sdk-net-test-qa2/providers/Microsoft.NetApp/netAppAccounts/sdk-net-tests-acc-208/capacityPools/sdk-net-tests-pool-201\",\r\n  \"name\": \"sdk-net-tests-acc-208/sdk-net-tests-pool-201\",\r\n  \"type\": \"Microsoft.NetApp/netAppAccounts/capacityPools\",\r\n  \"etag\": \"W/\\\"datetime'2020-11-11T09%3A36%3A41.7445898Z'\\\"\",\r\n  \"location\": \"westus2\",\r\n  \"properties\": {\r\n    \"poolId\": \"42f034ce-bf0b-56fa-e27d-5489bebcd9fe\",\r\n    \"name\": \"sdk-net-tests-acc-208/sdk-net-tests-pool-201\",\r\n    \"serviceLevel\": \"Premium\",\r\n    \"size\": 4398046511104,\r\n    \"vendorID\": \"/subscriptions/69a75bda-882e-44d5-8431-63421204132a/resourceGroups/sdk-net-test-qa2/providers/Microsoft.NetApp/netAppAccounts/sdk-net-tests-acc-208/capacityPools/sdk-net-tests-pool-201\",\r\n    \"qosType\": \"Auto\",\r\n    \"encryptionType\": \"Single\",\r\n    \"provisioningState\": \"Deleting\"\r\n  }\r\n}",
      "StatusCode": 200
    },
    {
      "RequestUri": "/subscriptions/69a75bda-882e-44d5-8431-63421204132a/resourceGroups/sdk-net-test-qa2/providers/Microsoft.NetApp/netAppAccounts/sdk-net-tests-acc-208?api-version=2020-07-01",
      "EncodedRequestUri": "L3N1YnNjcmlwdGlvbnMvNjlhNzViZGEtODgyZS00NGQ1LTg0MzEtNjM0MjEyMDQxMzJhL3Jlc291cmNlR3JvdXBzL3Nkay1uZXQtdGVzdC1xYTIvcHJvdmlkZXJzL01pY3Jvc29mdC5OZXRBcHAvbmV0QXBwQWNjb3VudHMvc2RrLW5ldC10ZXN0cy1hY2MtMjA4P2FwaS12ZXJzaW9uPTIwMjAtMDctMDE=",
      "RequestMethod": "DELETE",
      "RequestBody": "",
      "RequestHeaders": {
        "x-ms-client-request-id": [
          "ca9371f1-c3bb-43fa-a3f0-d044dfb30165"
        ],
        "Accept-Language": [
          "en-US"
        ],
        "User-Agent": [
          "FxVersion/4.6.29321.03",
          "OSName/Windows",
          "OSVersion/Microsoft.Windows.10.0.18363.",
          "Microsoft.Azure.Management.NetApp.AzureNetAppFilesManagementClient/1.8.0.0"
        ]
      },
      "ResponseHeaders": {
        "Cache-Control": [
          "no-cache"
        ],
        "Pragma": [
          "no-cache"
        ],
        "Location": [
          "https://management.azure.com/subscriptions/69a75bda-882e-44d5-8431-63421204132a/providers/Microsoft.NetApp/locations/westus2/operationResults/4ff29c46-479f-46ac-a236-23a829d1ae32?api-version=2020-07-01&operationResultResponseType=Location"
        ],
        "Azure-AsyncOperation": [
          "https://management.azure.com/subscriptions/69a75bda-882e-44d5-8431-63421204132a/providers/Microsoft.NetApp/locations/westus2/operationResults/4ff29c46-479f-46ac-a236-23a829d1ae32?api-version=2020-07-01"
        ],
        "Request-Context": [
          "appId=cid-v1:2c4cb680-0a1f-424d-bb8d-8e650ba68d53"
        ],
        "Access-Control-Expose-Headers": [
          "Request-Context"
        ],
        "Server": [
          "Microsoft-IIS/10.0"
        ],
        "X-Powered-By": [
          "ASP.NET"
        ],
        "x-ms-ratelimit-remaining-subscription-deletes": [
          "14991"
        ],
        "x-ms-request-id": [
          "88788920-5cfc-415a-acf2-aa9788123bf8"
        ],
        "x-ms-correlation-request-id": [
          "88788920-5cfc-415a-acf2-aa9788123bf8"
        ],
        "x-ms-routing-request-id": [
          "FRANCESOUTH:20201111T093713Z:88788920-5cfc-415a-acf2-aa9788123bf8"
        ],
        "Strict-Transport-Security": [
          "max-age=31536000; includeSubDomains"
        ],
        "X-Content-Type-Options": [
          "nosniff"
        ],
        "Date": [
          "Wed, 11 Nov 2020 09:37:13 GMT"
        ],
        "Expires": [
          "-1"
        ],
        "Content-Length": [
          "0"
        ]
      },
      "ResponseBody": "",
      "StatusCode": 202
    },
    {
      "RequestUri": "/subscriptions/69a75bda-882e-44d5-8431-63421204132a/providers/Microsoft.NetApp/locations/westus2/operationResults/4ff29c46-479f-46ac-a236-23a829d1ae32?api-version=2020-07-01",
      "EncodedRequestUri": "L3N1YnNjcmlwdGlvbnMvNjlhNzViZGEtODgyZS00NGQ1LTg0MzEtNjM0MjEyMDQxMzJhL3Byb3ZpZGVycy9NaWNyb3NvZnQuTmV0QXBwL2xvY2F0aW9ucy93ZXN0dXMyL29wZXJhdGlvblJlc3VsdHMvNGZmMjljNDYtNDc5Zi00NmFjLWEyMzYtMjNhODI5ZDFhZTMyP2FwaS12ZXJzaW9uPTIwMjAtMDctMDE=",
      "RequestMethod": "GET",
      "RequestBody": "",
      "RequestHeaders": {
        "User-Agent": [
          "FxVersion/4.6.29321.03",
          "OSName/Windows",
          "OSVersion/Microsoft.Windows.10.0.18363.",
          "Microsoft.Azure.Management.NetApp.AzureNetAppFilesManagementClient/1.8.0.0"
        ]
      },
      "ResponseHeaders": {
        "Cache-Control": [
          "no-cache"
        ],
        "Pragma": [
          "no-cache"
        ],
        "x-ms-request-id": [
          "cca10eff-cf45-4686-9328-4a95e749512d"
        ],
        "Request-Context": [
          "appId=cid-v1:2c4cb680-0a1f-424d-bb8d-8e650ba68d53"
        ],
        "Access-Control-Expose-Headers": [
          "Request-Context"
        ],
        "Server": [
          "Microsoft-IIS/10.0"
        ],
        "X-Powered-By": [
          "ASP.NET"
        ],
        "x-ms-ratelimit-remaining-subscription-reads": [
          "11976"
        ],
        "x-ms-correlation-request-id": [
          "80f26af7-527e-442e-bdbe-fc5fae667e13"
        ],
        "x-ms-routing-request-id": [
          "FRANCESOUTH:20201111T093743Z:80f26af7-527e-442e-bdbe-fc5fae667e13"
        ],
        "Strict-Transport-Security": [
          "max-age=31536000; includeSubDomains"
        ],
        "X-Content-Type-Options": [
          "nosniff"
        ],
        "Date": [
          "Wed, 11 Nov 2020 09:37:42 GMT"
        ],
        "Content-Length": [
          "514"
        ],
        "Content-Type": [
          "application/json; charset=utf-8"
        ],
        "Expires": [
          "-1"
        ]
      },
      "ResponseBody": "{\r\n  \"id\": \"/subscriptions/69a75bda-882e-44d5-8431-63421204132a/providers/Microsoft.NetApp/locations/westus2/operationResults/4ff29c46-479f-46ac-a236-23a829d1ae32\",\r\n  \"name\": \"4ff29c46-479f-46ac-a236-23a829d1ae32\",\r\n  \"status\": \"Succeeded\",\r\n  \"startTime\": \"2020-11-11T09:37:12.9067876Z\",\r\n  \"endTime\": \"2020-11-11T09:37:13.0317957Z\",\r\n  \"percentComplete\": 100.0,\r\n  \"properties\": {\r\n    \"resourceName\": \"/subscriptions/69a75bda-882e-44d5-8431-63421204132a/resourceGroups/sdk-net-test-qa2/providers/Microsoft.NetApp/netAppAccounts/sdk-net-tests-acc-208\"\r\n  }\r\n}",
      "StatusCode": 200
    },
    {
      "RequestUri": "/subscriptions/69a75bda-882e-44d5-8431-63421204132a/providers/Microsoft.NetApp/locations/westus2/operationResults/4ff29c46-479f-46ac-a236-23a829d1ae32?api-version=2020-07-01&operationResultResponseType=Location",
      "EncodedRequestUri": "L3N1YnNjcmlwdGlvbnMvNjlhNzViZGEtODgyZS00NGQ1LTg0MzEtNjM0MjEyMDQxMzJhL3Byb3ZpZGVycy9NaWNyb3NvZnQuTmV0QXBwL2xvY2F0aW9ucy93ZXN0dXMyL29wZXJhdGlvblJlc3VsdHMvNGZmMjljNDYtNDc5Zi00NmFjLWEyMzYtMjNhODI5ZDFhZTMyP2FwaS12ZXJzaW9uPTIwMjAtMDctMDEmb3BlcmF0aW9uUmVzdWx0UmVzcG9uc2VUeXBlPUxvY2F0aW9u",
      "RequestMethod": "GET",
      "RequestBody": "",
      "RequestHeaders": {
        "User-Agent": [
          "FxVersion/4.6.29321.03",
          "OSName/Windows",
          "OSVersion/Microsoft.Windows.10.0.18363.",
          "Microsoft.Azure.Management.NetApp.AzureNetAppFilesManagementClient/1.8.0.0"
        ]
      },
      "ResponseHeaders": {
        "Cache-Control": [
          "no-cache"
        ],
        "Pragma": [
          "no-cache"
        ],
        "x-ms-request-id": [
          "f13af218-a55c-4cc1-9e1c-572f149c465b"
        ],
        "Request-Context": [
          "appId=cid-v1:2c4cb680-0a1f-424d-bb8d-8e650ba68d53"
        ],
        "Access-Control-Expose-Headers": [
          "Request-Context"
        ],
        "Server": [
          "Microsoft-IIS/10.0"
        ],
        "X-Powered-By": [
          "ASP.NET"
        ],
        "x-ms-ratelimit-remaining-subscription-reads": [
          "11975"
        ],
        "x-ms-correlation-request-id": [
          "b6e1ab5e-61db-4ce1-a601-e61cacea4c09"
        ],
        "x-ms-routing-request-id": [
          "FRANCESOUTH:20201111T093743Z:b6e1ab5e-61db-4ce1-a601-e61cacea4c09"
        ],
        "Strict-Transport-Security": [
          "max-age=31536000; includeSubDomains"
        ],
        "X-Content-Type-Options": [
          "nosniff"
        ],
        "Date": [
          "Wed, 11 Nov 2020 09:37:42 GMT"
        ],
        "Content-Length": [
          "407"
        ],
        "Content-Type": [
          "application/json; charset=utf-8"
        ],
        "Expires": [
          "-1"
        ]
      },
      "ResponseBody": "{\r\n  \"id\": \"/subscriptions/69a75bda-882e-44d5-8431-63421204132a/resourceGroups/sdk-net-test-qa2/providers/Microsoft.NetApp/netAppAccounts/sdk-net-tests-acc-208\",\r\n  \"name\": \"sdk-net-tests-acc-208\",\r\n  \"type\": \"Microsoft.NetApp/netAppAccounts\",\r\n  \"etag\": \"W/\\\"datetime'2020-11-11T09%3A37%3A12.9775612Z'\\\"\",\r\n  \"location\": \"westus2\",\r\n  \"properties\": {\r\n    \"name\": \"sdk-net-tests-acc-208\",\r\n    \"provisioningState\": \"Deleting\",\r\n    \"activeDirectories\": []\r\n  }\r\n}",
      "StatusCode": 200
    }
  ],
  "Names": {},
  "Variables": {
    "SubscriptionId": "69a75bda-882e-44d5-8431-63421204132a"
  }
}