{
  "Entries": [
    {
      "RequestUri": "/subscriptions/69a75bda-882e-44d5-8431-63421204132a/resourceGroups/sdk-net-test-qa2/providers/Microsoft.NetApp/netAppAccounts/sdk-net-tests-acc-20?api-version=2019-11-01",
      "EncodedRequestUri": "L3N1YnNjcmlwdGlvbnMvNjlhNzViZGEtODgyZS00NGQ1LTg0MzEtNjM0MjEyMDQxMzJhL3Jlc291cmNlR3JvdXBzL3Nkay1uZXQtdGVzdC1xYTIvcHJvdmlkZXJzL01pY3Jvc29mdC5OZXRBcHAvbmV0QXBwQWNjb3VudHMvc2RrLW5ldC10ZXN0cy1hY2MtMjA/YXBpLXZlcnNpb249MjAxOS0xMS0wMQ==",
      "RequestMethod": "PUT",
      "RequestBody": "{\r\n  \"location\": \"westus2\"\r\n}",
      "RequestHeaders": {
        "x-ms-client-request-id": [
          "f5608d3d-ac75-4626-ae65-243dc20e9773"
        ],
        "Accept-Language": [
          "en-US"
        ],
        "User-Agent": [
          "FxVersion/4.6.29130.01",
          "OSName/Windows",
          "OSVersion/Microsoft.Windows.10.0.18363.",
          "Microsoft.Azure.Management.NetApp.AzureNetAppFilesManagementClient/1.5.1.0"
        ],
        "Content-Type": [
          "application/json; charset=utf-8"
        ],
        "Content-Length": [
          "29"
        ]
      },
      "ResponseHeaders": {
        "Cache-Control": [
          "no-cache"
        ],
        "Pragma": [
          "no-cache"
        ],
        "ETag": [
          "W/\"datetime'2020-08-24T11%3A14%3A35.8327591Z'\""
        ],
        "x-ms-request-id": [
          "14947f5d-14e0-40f2-a0f0-b3cdf5d44ee2"
        ],
        "Azure-AsyncOperation": [
          "https://management.azure.com/subscriptions/69a75bda-882e-44d5-8431-63421204132a/providers/Microsoft.NetApp/locations/westus2/operationResults/2a5fd3f6-c42c-4e96-a7ee-d324fa127d91?api-version=2019-11-01"
        ],
        "Request-Context": [
          "appId=cid-v1:2c4cb680-0a1f-424d-bb8d-8e650ba68d53"
        ],
        "Access-Control-Expose-Headers": [
          "Request-Context"
        ],
        "Server": [
          "Microsoft-IIS/10.0"
        ],
        "X-Powered-By": [
          "ASP.NET"
        ],
        "x-ms-ratelimit-remaining-subscription-writes": [
          "1199"
        ],
        "x-ms-correlation-request-id": [
          "43e4112b-7984-451c-8dff-d2d5e5a67345"
        ],
        "x-ms-routing-request-id": [
          "NORTHEUROPE:20200824T111437Z:43e4112b-7984-451c-8dff-d2d5e5a67345"
        ],
        "Strict-Transport-Security": [
          "max-age=31536000; includeSubDomains"
        ],
        "X-Content-Type-Options": [
          "nosniff"
        ],
        "Date": [
          "Mon, 24 Aug 2020 11:14:37 GMT"
        ],
        "Content-Length": [
          "381"
        ],
        "Content-Type": [
          "application/json; charset=utf-8"
        ],
        "Expires": [
          "-1"
        ]
      },
      "ResponseBody": "{\r\n  \"id\": \"/subscriptions/69a75bda-882e-44d5-8431-63421204132a/resourceGroups/sdk-net-test-qa2/providers/Microsoft.NetApp/netAppAccounts/sdk-net-tests-acc-20\",\r\n  \"name\": \"sdk-net-tests-acc-20\",\r\n  \"type\": \"Microsoft.NetApp/netAppAccounts\",\r\n  \"etag\": \"W/\\\"datetime'2020-08-24T11%3A14%3A35.8327591Z'\\\"\",\r\n  \"location\": \"westus2\",\r\n  \"properties\": {\r\n    \"name\": \"sdk-net-tests-acc-20\",\r\n    \"provisioningState\": \"Creating\"\r\n  }\r\n}",
      "StatusCode": 201
    },
    {
      "RequestUri": "/subscriptions/69a75bda-882e-44d5-8431-63421204132a/resourceGroups/sdk-net-test-qa2/providers/Microsoft.NetApp/netAppAccounts/sdk-net-tests-acc-20?api-version=2019-11-01",
      "EncodedRequestUri": "L3N1YnNjcmlwdGlvbnMvNjlhNzViZGEtODgyZS00NGQ1LTg0MzEtNjM0MjEyMDQxMzJhL3Jlc291cmNlR3JvdXBzL3Nkay1uZXQtdGVzdC1xYTIvcHJvdmlkZXJzL01pY3Jvc29mdC5OZXRBcHAvbmV0QXBwQWNjb3VudHMvc2RrLW5ldC10ZXN0cy1hY2MtMjA/YXBpLXZlcnNpb249MjAxOS0xMS0wMQ==",
      "RequestMethod": "PUT",
      "RequestBody": "{\r\n  \"location\": \"westus2\"\r\n}",
      "RequestHeaders": {
        "x-ms-client-request-id": [
          "f0072657-c0b1-4b50-aab9-f6028dfdf060"
        ],
        "Accept-Language": [
          "en-US"
        ],
        "User-Agent": [
          "FxVersion/4.6.29130.01",
          "OSName/Windows",
          "OSVersion/Microsoft.Windows.10.0.18363.",
          "Microsoft.Azure.Management.NetApp.AzureNetAppFilesManagementClient/1.5.1.0"
        ],
        "Content-Type": [
          "application/json; charset=utf-8"
        ],
        "Content-Length": [
          "29"
        ]
      },
      "ResponseHeaders": {
        "Cache-Control": [
          "no-cache"
        ],
        "Pragma": [
          "no-cache"
        ],
        "ETag": [
          "W/\"datetime'2020-08-24T11%3A20%3A05.2895748Z'\""
        ],
        "x-ms-request-id": [
          "3dc3692e-0d2a-4035-94b5-bfa7045309d4"
        ],
        "Azure-AsyncOperation": [
          "https://management.azure.com/subscriptions/69a75bda-882e-44d5-8431-63421204132a/providers/Microsoft.NetApp/locations/westus2/operationResults/86130b85-2b8e-464a-a96f-eeeff6420f44?api-version=2019-11-01"
        ],
        "Request-Context": [
          "appId=cid-v1:2c4cb680-0a1f-424d-bb8d-8e650ba68d53"
        ],
        "Access-Control-Expose-Headers": [
          "Request-Context"
        ],
        "Server": [
          "Microsoft-IIS/10.0"
        ],
        "X-Powered-By": [
          "ASP.NET"
        ],
        "x-ms-ratelimit-remaining-subscription-writes": [
          "1195"
        ],
        "x-ms-correlation-request-id": [
          "78c982af-e174-440c-9403-505c78fb14a0"
        ],
        "x-ms-routing-request-id": [
          "NORTHEUROPE:20200824T112005Z:78c982af-e174-440c-9403-505c78fb14a0"
        ],
        "Strict-Transport-Security": [
          "max-age=31536000; includeSubDomains"
        ],
        "X-Content-Type-Options": [
          "nosniff"
        ],
        "Date": [
          "Mon, 24 Aug 2020 11:20:04 GMT"
        ],
        "Content-Length": [
          "381"
        ],
        "Content-Type": [
          "application/json; charset=utf-8"
        ],
        "Expires": [
          "-1"
        ]
      },
      "ResponseBody": "{\r\n  \"id\": \"/subscriptions/69a75bda-882e-44d5-8431-63421204132a/resourceGroups/sdk-net-test-qa2/providers/Microsoft.NetApp/netAppAccounts/sdk-net-tests-acc-20\",\r\n  \"name\": \"sdk-net-tests-acc-20\",\r\n  \"type\": \"Microsoft.NetApp/netAppAccounts\",\r\n  \"etag\": \"W/\\\"datetime'2020-08-24T11%3A20%3A05.2895748Z'\\\"\",\r\n  \"location\": \"westus2\",\r\n  \"properties\": {\r\n    \"name\": \"sdk-net-tests-acc-20\",\r\n    \"provisioningState\": \"Updating\"\r\n  }\r\n}",
      "StatusCode": 200
    },
    {
      "RequestUri": "/subscriptions/69a75bda-882e-44d5-8431-63421204132a/providers/Microsoft.NetApp/locations/westus2/operationResults/2a5fd3f6-c42c-4e96-a7ee-d324fa127d91?api-version=2019-11-01",
      "EncodedRequestUri": "L3N1YnNjcmlwdGlvbnMvNjlhNzViZGEtODgyZS00NGQ1LTg0MzEtNjM0MjEyMDQxMzJhL3Byb3ZpZGVycy9NaWNyb3NvZnQuTmV0QXBwL2xvY2F0aW9ucy93ZXN0dXMyL29wZXJhdGlvblJlc3VsdHMvMmE1ZmQzZjYtYzQyYy00ZTk2LWE3ZWUtZDMyNGZhMTI3ZDkxP2FwaS12ZXJzaW9uPTIwMTktMTEtMDE=",
      "RequestMethod": "GET",
      "RequestBody": "",
      "RequestHeaders": {
        "User-Agent": [
          "FxVersion/4.6.29130.01",
          "OSName/Windows",
          "OSVersion/Microsoft.Windows.10.0.18363.",
          "Microsoft.Azure.Management.NetApp.AzureNetAppFilesManagementClient/1.5.1.0"
        ]
      },
      "ResponseHeaders": {
        "Cache-Control": [
          "no-cache"
        ],
        "Pragma": [
          "no-cache"
        ],
        "x-ms-request-id": [
          "4af9866b-da65-45b4-b6bb-263a35f73324"
        ],
        "Request-Context": [
          "appId=cid-v1:2c4cb680-0a1f-424d-bb8d-8e650ba68d53"
        ],
        "Access-Control-Expose-Headers": [
          "Request-Context"
        ],
        "Server": [
          "Microsoft-IIS/10.0"
        ],
        "X-Powered-By": [
          "ASP.NET"
        ],
        "x-ms-ratelimit-remaining-subscription-reads": [
          "11999"
        ],
        "x-ms-correlation-request-id": [
          "9b8553b3-601a-461e-9608-6a07497c5a13"
        ],
        "x-ms-routing-request-id": [
          "NORTHEUROPE:20200824T111507Z:9b8553b3-601a-461e-9608-6a07497c5a13"
        ],
        "Strict-Transport-Security": [
          "max-age=31536000; includeSubDomains"
        ],
        "X-Content-Type-Options": [
          "nosniff"
        ],
        "Date": [
          "Mon, 24 Aug 2020 11:15:07 GMT"
        ],
        "Content-Length": [
          "513"
        ],
        "Content-Type": [
          "application/json; charset=utf-8"
        ],
        "Expires": [
          "-1"
        ]
      },
      "ResponseBody": "{\r\n  \"id\": \"/subscriptions/69a75bda-882e-44d5-8431-63421204132a/providers/Microsoft.NetApp/locations/westus2/operationResults/2a5fd3f6-c42c-4e96-a7ee-d324fa127d91\",\r\n  \"name\": \"2a5fd3f6-c42c-4e96-a7ee-d324fa127d91\",\r\n  \"status\": \"Succeeded\",\r\n  \"startTime\": \"2020-08-24T11:14:35.7899088Z\",\r\n  \"endTime\": \"2020-08-24T11:14:35.9149105Z\",\r\n  \"percentComplete\": 100.0,\r\n  \"properties\": {\r\n    \"resourceName\": \"/subscriptions/69a75bda-882e-44d5-8431-63421204132a/resourceGroups/sdk-net-test-qa2/providers/Microsoft.NetApp/netAppAccounts/sdk-net-tests-acc-20\"\r\n  }\r\n}",
      "StatusCode": 200
    },
    {
      "RequestUri": "/subscriptions/69a75bda-882e-44d5-8431-63421204132a/resourceGroups/sdk-net-test-qa2/providers/Microsoft.NetApp/netAppAccounts/sdk-net-tests-acc-20?api-version=2019-11-01",
      "EncodedRequestUri": "L3N1YnNjcmlwdGlvbnMvNjlhNzViZGEtODgyZS00NGQ1LTg0MzEtNjM0MjEyMDQxMzJhL3Jlc291cmNlR3JvdXBzL3Nkay1uZXQtdGVzdC1xYTIvcHJvdmlkZXJzL01pY3Jvc29mdC5OZXRBcHAvbmV0QXBwQWNjb3VudHMvc2RrLW5ldC10ZXN0cy1hY2MtMjA/YXBpLXZlcnNpb249MjAxOS0xMS0wMQ==",
      "RequestMethod": "GET",
      "RequestBody": "",
      "RequestHeaders": {
        "User-Agent": [
          "FxVersion/4.6.29130.01",
          "OSName/Windows",
          "OSVersion/Microsoft.Windows.10.0.18363.",
          "Microsoft.Azure.Management.NetApp.AzureNetAppFilesManagementClient/1.5.1.0"
        ]
      },
      "ResponseHeaders": {
        "Cache-Control": [
          "no-cache"
        ],
        "Pragma": [
          "no-cache"
        ],
        "ETag": [
          "W/\"datetime'2020-08-24T11%3A14%3A35.9098139Z'\""
        ],
        "x-ms-request-id": [
          "d8e8a78f-1b95-45be-8696-91725584b4c4"
        ],
        "Request-Context": [
          "appId=cid-v1:2c4cb680-0a1f-424d-bb8d-8e650ba68d53"
        ],
        "Access-Control-Expose-Headers": [
          "Request-Context"
        ],
        "Server": [
          "Microsoft-IIS/10.0"
        ],
        "X-Powered-By": [
          "ASP.NET"
        ],
        "x-ms-ratelimit-remaining-subscription-reads": [
          "11998"
        ],
        "x-ms-correlation-request-id": [
          "1bbfbdf9-7649-450a-bf7a-a9e320ac5ade"
        ],
        "x-ms-routing-request-id": [
          "NORTHEUROPE:20200824T111507Z:1bbfbdf9-7649-450a-bf7a-a9e320ac5ade"
        ],
        "Strict-Transport-Security": [
          "max-age=31536000; includeSubDomains"
        ],
        "X-Content-Type-Options": [
          "nosniff"
        ],
        "Date": [
          "Mon, 24 Aug 2020 11:15:07 GMT"
        ],
        "Content-Length": [
          "382"
        ],
        "Content-Type": [
          "application/json; charset=utf-8"
        ],
        "Expires": [
          "-1"
        ]
      },
      "ResponseBody": "{\r\n  \"id\": \"/subscriptions/69a75bda-882e-44d5-8431-63421204132a/resourceGroups/sdk-net-test-qa2/providers/Microsoft.NetApp/netAppAccounts/sdk-net-tests-acc-20\",\r\n  \"name\": \"sdk-net-tests-acc-20\",\r\n  \"type\": \"Microsoft.NetApp/netAppAccounts\",\r\n  \"etag\": \"W/\\\"datetime'2020-08-24T11%3A14%3A35.9098139Z'\\\"\",\r\n  \"location\": \"westus2\",\r\n  \"properties\": {\r\n    \"name\": \"sdk-net-tests-acc-20\",\r\n    \"provisioningState\": \"Succeeded\"\r\n  }\r\n}",
      "StatusCode": 200
    },
    {
      "RequestUri": "/subscriptions/69a75bda-882e-44d5-8431-63421204132a/resourceGroups/sdk-net-test-qa2/providers/Microsoft.NetApp/netAppAccounts/sdk-net-tests-acc-20?api-version=2019-11-01",
      "EncodedRequestUri": "L3N1YnNjcmlwdGlvbnMvNjlhNzViZGEtODgyZS00NGQ1LTg0MzEtNjM0MjEyMDQxMzJhL3Jlc291cmNlR3JvdXBzL3Nkay1uZXQtdGVzdC1xYTIvcHJvdmlkZXJzL01pY3Jvc29mdC5OZXRBcHAvbmV0QXBwQWNjb3VudHMvc2RrLW5ldC10ZXN0cy1hY2MtMjA/YXBpLXZlcnNpb249MjAxOS0xMS0wMQ==",
      "RequestMethod": "GET",
      "RequestBody": "",
      "RequestHeaders": {
        "User-Agent": [
          "FxVersion/4.6.29130.01",
          "OSName/Windows",
          "OSVersion/Microsoft.Windows.10.0.18363.",
          "Microsoft.Azure.Management.NetApp.AzureNetAppFilesManagementClient/1.5.1.0"
        ]
      },
      "ResponseHeaders": {
        "Cache-Control": [
          "no-cache"
        ],
        "Pragma": [
          "no-cache"
        ],
        "ETag": [
          "W/\"datetime'2020-08-24T11%3A20%3A05.3646272Z'\""
        ],
        "x-ms-request-id": [
          "df8df6a1-ef8a-4d5d-8586-b104eea93415"
        ],
        "Request-Context": [
          "appId=cid-v1:2c4cb680-0a1f-424d-bb8d-8e650ba68d53"
        ],
        "Access-Control-Expose-Headers": [
          "Request-Context"
        ],
        "Server": [
          "Microsoft-IIS/10.0"
        ],
        "X-Powered-By": [
          "ASP.NET"
        ],
        "x-ms-ratelimit-remaining-subscription-reads": [
          "11983"
        ],
        "x-ms-correlation-request-id": [
          "4733270c-a006-4f9c-8d91-a0cacff16f0e"
        ],
        "x-ms-routing-request-id": [
          "NORTHEUROPE:20200824T112035Z:4733270c-a006-4f9c-8d91-a0cacff16f0e"
        ],
        "Strict-Transport-Security": [
          "max-age=31536000; includeSubDomains"
        ],
        "X-Content-Type-Options": [
          "nosniff"
        ],
        "Date": [
          "Mon, 24 Aug 2020 11:20:35 GMT"
        ],
        "Content-Length": [
          "382"
        ],
        "Content-Type": [
          "application/json; charset=utf-8"
        ],
        "Expires": [
          "-1"
        ]
      },
      "ResponseBody": "{\r\n  \"id\": \"/subscriptions/69a75bda-882e-44d5-8431-63421204132a/resourceGroups/sdk-net-test-qa2/providers/Microsoft.NetApp/netAppAccounts/sdk-net-tests-acc-20\",\r\n  \"name\": \"sdk-net-tests-acc-20\",\r\n  \"type\": \"Microsoft.NetApp/netAppAccounts\",\r\n  \"etag\": \"W/\\\"datetime'2020-08-24T11%3A20%3A05.3646272Z'\\\"\",\r\n  \"location\": \"westus2\",\r\n  \"properties\": {\r\n    \"name\": \"sdk-net-tests-acc-20\",\r\n    \"provisioningState\": \"Succeeded\"\r\n  }\r\n}",
      "StatusCode": 200
    },
    {
      "RequestUri": "/subscriptions/69a75bda-882e-44d5-8431-63421204132a/resourceGroups/sdk-net-test-qa2/providers/Microsoft.NetApp/netAppAccounts/sdk-net-tests-acc-20/capacityPools/sdk-net-tests-pool-10?api-version=2019-11-01",
      "EncodedRequestUri": "L3N1YnNjcmlwdGlvbnMvNjlhNzViZGEtODgyZS00NGQ1LTg0MzEtNjM0MjEyMDQxMzJhL3Jlc291cmNlR3JvdXBzL3Nkay1uZXQtdGVzdC1xYTIvcHJvdmlkZXJzL01pY3Jvc29mdC5OZXRBcHAvbmV0QXBwQWNjb3VudHMvc2RrLW5ldC10ZXN0cy1hY2MtMjAvY2FwYWNpdHlQb29scy9zZGstbmV0LXRlc3RzLXBvb2wtMTA/YXBpLXZlcnNpb249MjAxOS0xMS0wMQ==",
      "RequestMethod": "PUT",
      "RequestBody": "{\r\n  \"location\": \"westus2\",\r\n  \"properties\": {\r\n    \"size\": 4398046511104,\r\n    \"serviceLevel\": \"Premium\"\r\n  }\r\n}",
      "RequestHeaders": {
        "x-ms-client-request-id": [
          "b49b3266-2843-48e1-9bd2-123e0115fb16"
        ],
        "Accept-Language": [
          "en-US"
        ],
        "User-Agent": [
          "FxVersion/4.6.29130.01",
          "OSName/Windows",
          "OSVersion/Microsoft.Windows.10.0.18363.",
          "Microsoft.Azure.Management.NetApp.AzureNetAppFilesManagementClient/1.5.1.0"
        ],
        "Content-Type": [
          "application/json; charset=utf-8"
        ],
        "Content-Length": [
          "113"
        ]
      },
      "ResponseHeaders": {
        "Cache-Control": [
          "no-cache"
        ],
        "Pragma": [
          "no-cache"
        ],
        "ETag": [
          "W/\"datetime'2020-08-24T11%3A15%3A13.8855912Z'\""
        ],
        "x-ms-request-id": [
          "688c2b19-103f-431d-a95e-0b62393792c8"
        ],
        "Azure-AsyncOperation": [
          "https://management.azure.com/subscriptions/69a75bda-882e-44d5-8431-63421204132a/providers/Microsoft.NetApp/locations/westus2/operationResults/68118ef8-82d1-4470-8c59-0818c0c4e139?api-version=2019-11-01"
        ],
        "Request-Context": [
          "appId=cid-v1:2c4cb680-0a1f-424d-bb8d-8e650ba68d53"
        ],
        "Access-Control-Expose-Headers": [
          "Request-Context"
        ],
        "Server": [
          "Microsoft-IIS/10.0"
        ],
        "X-Powered-By": [
          "ASP.NET"
        ],
        "x-ms-ratelimit-remaining-subscription-writes": [
          "1198"
        ],
        "x-ms-correlation-request-id": [
          "89f15ef9-2feb-42bd-9e7d-0a33fefbd1a6"
        ],
        "x-ms-routing-request-id": [
          "NORTHEUROPE:20200824T111514Z:89f15ef9-2feb-42bd-9e7d-0a33fefbd1a6"
        ],
        "Strict-Transport-Security": [
          "max-age=31536000; includeSubDomains"
        ],
        "X-Content-Type-Options": [
          "nosniff"
        ],
        "Date": [
          "Mon, 24 Aug 2020 11:15:14 GMT"
        ],
        "Content-Length": [
          "469"
        ],
        "Content-Type": [
          "application/json; charset=utf-8"
        ],
        "Expires": [
          "-1"
        ]
      },
      "ResponseBody": "{\r\n  \"id\": \"/subscriptions/69a75bda-882e-44d5-8431-63421204132a/resourceGroups/sdk-net-test-qa2/providers/Microsoft.NetApp/netAppAccounts/sdk-net-tests-acc-20/capacityPools/sdk-net-tests-pool-10\",\r\n  \"name\": \"sdk-net-tests-acc-20/sdk-net-tests-pool-10\",\r\n  \"type\": \"Microsoft.NetApp/netAppAccounts/capacityPools\",\r\n  \"etag\": \"W/\\\"datetime'2020-08-24T11%3A15%3A13.8855912Z'\\\"\",\r\n  \"location\": \"westus2\",\r\n  \"properties\": {\r\n    \"serviceLevel\": \"Premium\",\r\n    \"size\": 4398046511104,\r\n    \"provisioningState\": \"Creating\"\r\n  }\r\n}",
      "StatusCode": 201
    },
    {
      "RequestUri": "/subscriptions/69a75bda-882e-44d5-8431-63421204132a/resourceGroups/sdk-net-test-qa2/providers/Microsoft.NetApp/netAppAccounts/sdk-net-tests-acc-20/capacityPools/sdk-net-tests-pool-10?api-version=2019-11-01",
      "EncodedRequestUri": "L3N1YnNjcmlwdGlvbnMvNjlhNzViZGEtODgyZS00NGQ1LTg0MzEtNjM0MjEyMDQxMzJhL3Jlc291cmNlR3JvdXBzL3Nkay1uZXQtdGVzdC1xYTIvcHJvdmlkZXJzL01pY3Jvc29mdC5OZXRBcHAvbmV0QXBwQWNjb3VudHMvc2RrLW5ldC10ZXN0cy1hY2MtMjAvY2FwYWNpdHlQb29scy9zZGstbmV0LXRlc3RzLXBvb2wtMTA/YXBpLXZlcnNpb249MjAxOS0xMS0wMQ==",
      "RequestMethod": "PUT",
      "RequestBody": "{\r\n  \"location\": \"westus2\",\r\n  \"properties\": {\r\n    \"size\": 4398046511104,\r\n    \"serviceLevel\": \"Premium\"\r\n  }\r\n}",
      "RequestHeaders": {
        "x-ms-client-request-id": [
          "07b8d583-e843-41ad-9aad-8d37af4b4c35"
        ],
        "Accept-Language": [
          "en-US"
        ],
        "User-Agent": [
          "FxVersion/4.6.29130.01",
          "OSName/Windows",
          "OSVersion/Microsoft.Windows.10.0.18363.",
          "Microsoft.Azure.Management.NetApp.AzureNetAppFilesManagementClient/1.5.1.0"
        ],
        "Content-Type": [
          "application/json; charset=utf-8"
        ],
        "Content-Length": [
          "113"
        ]
      },
      "ResponseHeaders": {
        "Cache-Control": [
          "no-cache"
        ],
        "Pragma": [
          "no-cache"
        ],
        "ETag": [
          "W/\"datetime'2020-08-24T11%3A20%3A41.4819148Z'\""
        ],
        "x-ms-request-id": [
          "862acede-987b-46a5-95bc-ce3973b17ddc"
        ],
        "Azure-AsyncOperation": [
          "https://management.azure.com/subscriptions/69a75bda-882e-44d5-8431-63421204132a/providers/Microsoft.NetApp/locations/westus2/operationResults/f055a9a9-4f17-4d4a-afa6-e080dd504058?api-version=2019-11-01"
        ],
        "Request-Context": [
          "appId=cid-v1:2c4cb680-0a1f-424d-bb8d-8e650ba68d53"
        ],
        "Access-Control-Expose-Headers": [
          "Request-Context"
        ],
        "Server": [
          "Microsoft-IIS/10.0"
        ],
        "X-Powered-By": [
          "ASP.NET"
        ],
        "x-ms-ratelimit-remaining-subscription-writes": [
          "1194"
        ],
        "x-ms-correlation-request-id": [
          "41f77d39-570c-4bbb-9167-dcbeb39dff8a"
        ],
        "x-ms-routing-request-id": [
          "NORTHEUROPE:20200824T112041Z:41f77d39-570c-4bbb-9167-dcbeb39dff8a"
        ],
        "Strict-Transport-Security": [
          "max-age=31536000; includeSubDomains"
        ],
        "X-Content-Type-Options": [
          "nosniff"
        ],
        "Date": [
          "Mon, 24 Aug 2020 11:20:41 GMT"
        ],
        "Content-Length": [
          "569"
        ],
        "Content-Type": [
          "application/json; charset=utf-8"
        ],
        "Expires": [
          "-1"
        ]
      },
      "ResponseBody": "{\r\n  \"id\": \"/subscriptions/69a75bda-882e-44d5-8431-63421204132a/resourceGroups/sdk-net-test-qa2/providers/Microsoft.NetApp/netAppAccounts/sdk-net-tests-acc-20/capacityPools/sdk-net-tests-pool-10\",\r\n  \"name\": \"sdk-net-tests-acc-20/sdk-net-tests-pool-10\",\r\n  \"type\": \"Microsoft.NetApp/netAppAccounts/capacityPools\",\r\n  \"etag\": \"W/\\\"datetime'2020-08-24T11%3A20%3A41.4819148Z'\\\"\",\r\n  \"location\": \"westus2\",\r\n  \"properties\": {\r\n    \"provisioningState\": \"Updating\",\r\n    \"poolId\": \"3459e650-f1c0-52cf-a804-5208f98536ef\",\r\n    \"name\": \"sdk-net-tests-acc-20/sdk-net-tests-pool-10\",\r\n    \"serviceLevel\": \"Premium\",\r\n    \"size\": 4398046511104\r\n  }\r\n}",
      "StatusCode": 200
    },
    {
      "RequestUri": "/subscriptions/69a75bda-882e-44d5-8431-63421204132a/providers/Microsoft.NetApp/locations/westus2/operationResults/68118ef8-82d1-4470-8c59-0818c0c4e139?api-version=2019-11-01",
      "EncodedRequestUri": "L3N1YnNjcmlwdGlvbnMvNjlhNzViZGEtODgyZS00NGQ1LTg0MzEtNjM0MjEyMDQxMzJhL3Byb3ZpZGVycy9NaWNyb3NvZnQuTmV0QXBwL2xvY2F0aW9ucy93ZXN0dXMyL29wZXJhdGlvblJlc3VsdHMvNjgxMThlZjgtODJkMS00NDcwLThjNTktMDgxOGMwYzRlMTM5P2FwaS12ZXJzaW9uPTIwMTktMTEtMDE=",
      "RequestMethod": "GET",
      "RequestBody": "",
      "RequestHeaders": {
        "User-Agent": [
          "FxVersion/4.6.29130.01",
          "OSName/Windows",
          "OSVersion/Microsoft.Windows.10.0.18363.",
          "Microsoft.Azure.Management.NetApp.AzureNetAppFilesManagementClient/1.5.1.0"
        ]
      },
      "ResponseHeaders": {
        "Cache-Control": [
          "no-cache"
        ],
        "Pragma": [
          "no-cache"
        ],
        "x-ms-request-id": [
          "16d7c300-92b9-40c5-b4f7-c48cef1afcff"
        ],
        "Request-Context": [
          "appId=cid-v1:2c4cb680-0a1f-424d-bb8d-8e650ba68d53"
        ],
        "Access-Control-Expose-Headers": [
          "Request-Context"
        ],
        "Server": [
          "Microsoft-IIS/10.0"
        ],
        "X-Powered-By": [
          "ASP.NET"
        ],
        "x-ms-ratelimit-remaining-subscription-reads": [
          "11997"
        ],
        "x-ms-correlation-request-id": [
          "3a2defae-8e35-4068-a916-e70fe2fa402e"
        ],
        "x-ms-routing-request-id": [
          "NORTHEUROPE:20200824T111545Z:3a2defae-8e35-4068-a916-e70fe2fa402e"
        ],
        "Strict-Transport-Security": [
          "max-age=31536000; includeSubDomains"
        ],
        "X-Content-Type-Options": [
          "nosniff"
        ],
        "Date": [
          "Mon, 24 Aug 2020 11:15:44 GMT"
        ],
        "Content-Length": [
          "549"
        ],
        "Content-Type": [
          "application/json; charset=utf-8"
        ],
        "Expires": [
          "-1"
        ]
      },
      "ResponseBody": "{\r\n  \"id\": \"/subscriptions/69a75bda-882e-44d5-8431-63421204132a/providers/Microsoft.NetApp/locations/westus2/operationResults/68118ef8-82d1-4470-8c59-0818c0c4e139\",\r\n  \"name\": \"68118ef8-82d1-4470-8c59-0818c0c4e139\",\r\n  \"status\": \"Succeeded\",\r\n  \"startTime\": \"2020-08-24T11:15:13.8346113Z\",\r\n  \"endTime\": \"2020-08-24T11:15:14.7929276Z\",\r\n  \"percentComplete\": 100.0,\r\n  \"properties\": {\r\n    \"resourceName\": \"/subscriptions/69a75bda-882e-44d5-8431-63421204132a/resourceGroups/sdk-net-test-qa2/providers/Microsoft.NetApp/netAppAccounts/sdk-net-tests-acc-20/capacityPools/sdk-net-tests-pool-10\"\r\n  }\r\n}",
      "StatusCode": 200
    },
    {
      "RequestUri": "/subscriptions/69a75bda-882e-44d5-8431-63421204132a/resourceGroups/sdk-net-test-qa2/providers/Microsoft.NetApp/netAppAccounts/sdk-net-tests-acc-20/capacityPools/sdk-net-tests-pool-10?api-version=2019-11-01",
      "EncodedRequestUri": "L3N1YnNjcmlwdGlvbnMvNjlhNzViZGEtODgyZS00NGQ1LTg0MzEtNjM0MjEyMDQxMzJhL3Jlc291cmNlR3JvdXBzL3Nkay1uZXQtdGVzdC1xYTIvcHJvdmlkZXJzL01pY3Jvc29mdC5OZXRBcHAvbmV0QXBwQWNjb3VudHMvc2RrLW5ldC10ZXN0cy1hY2MtMjAvY2FwYWNpdHlQb29scy9zZGstbmV0LXRlc3RzLXBvb2wtMTA/YXBpLXZlcnNpb249MjAxOS0xMS0wMQ==",
      "RequestMethod": "GET",
      "RequestBody": "",
      "RequestHeaders": {
        "User-Agent": [
          "FxVersion/4.6.29130.01",
          "OSName/Windows",
          "OSVersion/Microsoft.Windows.10.0.18363.",
          "Microsoft.Azure.Management.NetApp.AzureNetAppFilesManagementClient/1.5.1.0"
        ]
      },
      "ResponseHeaders": {
        "Cache-Control": [
          "no-cache"
        ],
        "Pragma": [
          "no-cache"
        ],
        "ETag": [
          "W/\"datetime'2020-08-24T11%3A15%3A14.7802221Z'\""
        ],
        "x-ms-request-id": [
          "1f49f024-87ec-4c36-9dc6-4a9d289eb4fb"
        ],
        "Request-Context": [
          "appId=cid-v1:2c4cb680-0a1f-424d-bb8d-8e650ba68d53"
        ],
        "Access-Control-Expose-Headers": [
          "Request-Context"
        ],
        "Server": [
          "Microsoft-IIS/10.0"
        ],
        "X-Powered-By": [
          "ASP.NET"
        ],
        "x-ms-ratelimit-remaining-subscription-reads": [
          "11996"
        ],
        "x-ms-correlation-request-id": [
          "c75a5f06-f1c8-43b6-b043-ea8706212b69"
        ],
        "x-ms-routing-request-id": [
          "NORTHEUROPE:20200824T111545Z:c75a5f06-f1c8-43b6-b043-ea8706212b69"
        ],
        "Strict-Transport-Security": [
          "max-age=31536000; includeSubDomains"
        ],
        "X-Content-Type-Options": [
          "nosniff"
        ],
        "Date": [
          "Mon, 24 Aug 2020 11:15:44 GMT"
        ],
        "Content-Length": [
          "570"
        ],
        "Content-Type": [
          "application/json; charset=utf-8"
        ],
        "Expires": [
          "-1"
        ]
      },
      "ResponseBody": "{\r\n  \"id\": \"/subscriptions/69a75bda-882e-44d5-8431-63421204132a/resourceGroups/sdk-net-test-qa2/providers/Microsoft.NetApp/netAppAccounts/sdk-net-tests-acc-20/capacityPools/sdk-net-tests-pool-10\",\r\n  \"name\": \"sdk-net-tests-acc-20/sdk-net-tests-pool-10\",\r\n  \"type\": \"Microsoft.NetApp/netAppAccounts/capacityPools\",\r\n  \"etag\": \"W/\\\"datetime'2020-08-24T11%3A15%3A14.7802221Z'\\\"\",\r\n  \"location\": \"westus2\",\r\n  \"properties\": {\r\n    \"poolId\": \"3459e650-f1c0-52cf-a804-5208f98536ef\",\r\n    \"name\": \"sdk-net-tests-acc-20/sdk-net-tests-pool-10\",\r\n    \"serviceLevel\": \"Premium\",\r\n    \"size\": 4398046511104,\r\n    \"provisioningState\": \"Succeeded\"\r\n  }\r\n}",
      "StatusCode": 200
    },
    {
      "RequestUri": "/subscriptions/69a75bda-882e-44d5-8431-63421204132a/resourceGroups/sdk-net-test-qa2/providers/Microsoft.NetApp/netAppAccounts/sdk-net-tests-acc-20/capacityPools/sdk-net-tests-pool-10?api-version=2019-11-01",
      "EncodedRequestUri": "L3N1YnNjcmlwdGlvbnMvNjlhNzViZGEtODgyZS00NGQ1LTg0MzEtNjM0MjEyMDQxMzJhL3Jlc291cmNlR3JvdXBzL3Nkay1uZXQtdGVzdC1xYTIvcHJvdmlkZXJzL01pY3Jvc29mdC5OZXRBcHAvbmV0QXBwQWNjb3VudHMvc2RrLW5ldC10ZXN0cy1hY2MtMjAvY2FwYWNpdHlQb29scy9zZGstbmV0LXRlc3RzLXBvb2wtMTA/YXBpLXZlcnNpb249MjAxOS0xMS0wMQ==",
      "RequestMethod": "GET",
      "RequestBody": "",
      "RequestHeaders": {
        "User-Agent": [
          "FxVersion/4.6.29130.01",
          "OSName/Windows",
          "OSVersion/Microsoft.Windows.10.0.18363.",
          "Microsoft.Azure.Management.NetApp.AzureNetAppFilesManagementClient/1.5.1.0"
        ]
      },
      "ResponseHeaders": {
        "Cache-Control": [
          "no-cache"
        ],
        "Pragma": [
          "no-cache"
        ],
        "ETag": [
          "W/\"datetime'2020-08-24T11%3A20%3A41.6430269Z'\""
        ],
        "x-ms-request-id": [
          "243cae5c-f104-482b-8ac8-bc5b2bb421ac"
        ],
        "Request-Context": [
          "appId=cid-v1:2c4cb680-0a1f-424d-bb8d-8e650ba68d53"
        ],
        "Access-Control-Expose-Headers": [
          "Request-Context"
        ],
        "Server": [
          "Microsoft-IIS/10.0"
        ],
        "X-Powered-By": [
          "ASP.NET"
        ],
        "x-ms-ratelimit-remaining-subscription-reads": [
          "11981"
        ],
        "x-ms-correlation-request-id": [
          "b16dda24-5b1d-4291-a3bc-2445991ed9e8"
        ],
        "x-ms-routing-request-id": [
          "NORTHEUROPE:20200824T112113Z:b16dda24-5b1d-4291-a3bc-2445991ed9e8"
        ],
        "Strict-Transport-Security": [
          "max-age=31536000; includeSubDomains"
        ],
        "X-Content-Type-Options": [
          "nosniff"
        ],
        "Date": [
          "Mon, 24 Aug 2020 11:21:12 GMT"
        ],
        "Content-Length": [
          "570"
        ],
        "Content-Type": [
          "application/json; charset=utf-8"
        ],
        "Expires": [
          "-1"
        ]
      },
      "ResponseBody": "{\r\n  \"id\": \"/subscriptions/69a75bda-882e-44d5-8431-63421204132a/resourceGroups/sdk-net-test-qa2/providers/Microsoft.NetApp/netAppAccounts/sdk-net-tests-acc-20/capacityPools/sdk-net-tests-pool-10\",\r\n  \"name\": \"sdk-net-tests-acc-20/sdk-net-tests-pool-10\",\r\n  \"type\": \"Microsoft.NetApp/netAppAccounts/capacityPools\",\r\n  \"etag\": \"W/\\\"datetime'2020-08-24T11%3A20%3A41.6430269Z'\\\"\",\r\n  \"location\": \"westus2\",\r\n  \"properties\": {\r\n    \"poolId\": \"3459e650-f1c0-52cf-a804-5208f98536ef\",\r\n    \"name\": \"sdk-net-tests-acc-20/sdk-net-tests-pool-10\",\r\n    \"serviceLevel\": \"Premium\",\r\n    \"size\": 4398046511104,\r\n    \"provisioningState\": \"Succeeded\"\r\n  }\r\n}",
      "StatusCode": 200
    },
    {
      "RequestUri": "/subscriptions/69a75bda-882e-44d5-8431-63421204132a/resourceGroups/sdk-net-test-qa2/providers/Microsoft.NetApp/netAppAccounts/sdk-net-tests-acc-20/capacityPools/sdk-net-tests-pool-10/volumes/sdk-net-tests-vol-1000?api-version=2019-11-01",
      "EncodedRequestUri": "L3N1YnNjcmlwdGlvbnMvNjlhNzViZGEtODgyZS00NGQ1LTg0MzEtNjM0MjEyMDQxMzJhL3Jlc291cmNlR3JvdXBzL3Nkay1uZXQtdGVzdC1xYTIvcHJvdmlkZXJzL01pY3Jvc29mdC5OZXRBcHAvbmV0QXBwQWNjb3VudHMvc2RrLW5ldC10ZXN0cy1hY2MtMjAvY2FwYWNpdHlQb29scy9zZGstbmV0LXRlc3RzLXBvb2wtMTAvdm9sdW1lcy9zZGstbmV0LXRlc3RzLXZvbC0xMDAwP2FwaS12ZXJzaW9uPTIwMTktMTEtMDE=",
      "RequestMethod": "PUT",
      "RequestBody": "{\r\n  \"location\": \"westus2\",\r\n  \"properties\": {\r\n    \"creationToken\": \"sdk-net-tests-vol-1000\",\r\n    \"usageThreshold\": 107374182400,\r\n    \"protocolTypes\": [\r\n      \"NFSv3\"\r\n    ],\r\n    \"subnetId\": \"/subscriptions/69a75bda-882e-44d5-8431-63421204132a/resourceGroups/sdk-net-test-qa2/providers/Microsoft.Network/virtualNetworks/sdknettestqa2vnet464/subnets/default\"\r\n  }\r\n}",
      "RequestHeaders": {
        "x-ms-client-request-id": [
          "728b6898-2088-4ec5-8bc3-25ed6c1aa7ad"
        ],
        "Accept-Language": [
          "en-US"
        ],
        "User-Agent": [
          "FxVersion/4.6.29130.01",
          "OSName/Windows",
          "OSVersion/Microsoft.Windows.10.0.18363.",
          "Microsoft.Azure.Management.NetApp.AzureNetAppFilesManagementClient/1.5.1.0"
        ],
        "Content-Type": [
          "application/json; charset=utf-8"
        ],
        "Content-Length": [
          "370"
        ]
      },
      "ResponseHeaders": {
        "Cache-Control": [
          "no-cache"
        ],
        "Pragma": [
          "no-cache"
        ],
        "ETag": [
          "W/\"datetime'2020-08-24T11%3A15%3A54.8404701Z'\""
        ],
        "x-ms-request-id": [
          "416e6cf8-83a9-441b-829e-3d61986c7575"
        ],
        "Azure-AsyncOperation": [
          "https://management.azure.com/subscriptions/69a75bda-882e-44d5-8431-63421204132a/providers/Microsoft.NetApp/locations/westus2/operationResults/ca5c5961-8d63-445e-8cff-9e66640fae5e?api-version=2019-11-01"
        ],
        "Request-Context": [
          "appId=cid-v1:2c4cb680-0a1f-424d-bb8d-8e650ba68d53"
        ],
        "Access-Control-Expose-Headers": [
          "Request-Context"
        ],
        "Server": [
          "Microsoft-IIS/10.0"
        ],
        "X-Powered-By": [
          "ASP.NET"
        ],
        "x-ms-ratelimit-remaining-subscription-writes": [
          "1197"
        ],
        "x-ms-correlation-request-id": [
          "96c162c3-b5dd-40e1-aaad-ef19875fff4c"
        ],
        "x-ms-routing-request-id": [
          "NORTHEUROPE:20200824T111556Z:96c162c3-b5dd-40e1-aaad-ef19875fff4c"
        ],
        "Strict-Transport-Security": [
          "max-age=31536000; includeSubDomains"
        ],
        "X-Content-Type-Options": [
          "nosniff"
        ],
        "Date": [
          "Mon, 24 Aug 2020 11:15:55 GMT"
        ],
        "Content-Length": [
          "785"
        ],
        "Content-Type": [
          "application/json; charset=utf-8"
        ],
        "Expires": [
          "-1"
        ]
      },
      "ResponseBody": "{\r\n  \"id\": \"/subscriptions/69a75bda-882e-44d5-8431-63421204132a/resourceGroups/sdk-net-test-qa2/providers/Microsoft.NetApp/netAppAccounts/sdk-net-tests-acc-20/capacityPools/sdk-net-tests-pool-10/volumes/sdk-net-tests-vol-1000\",\r\n  \"name\": \"sdk-net-tests-acc-20/sdk-net-tests-pool-10/sdk-net-tests-vol-1000\",\r\n  \"type\": \"Microsoft.NetApp/netAppAccounts/capacityPools/volumes\",\r\n  \"etag\": \"W/\\\"datetime'2020-08-24T11%3A15%3A54.8404701Z'\\\"\",\r\n  \"location\": \"westus2\",\r\n  \"properties\": {\r\n    \"serviceLevel\": \"Premium\",\r\n    \"creationToken\": \"sdk-net-tests-vol-1000\",\r\n    \"usageThreshold\": 107374182400,\r\n    \"protocolTypes\": [\r\n      \"NFSv3\"\r\n    ],\r\n    \"subnetId\": \"/subscriptions/69a75bda-882e-44d5-8431-63421204132a/resourceGroups/sdk-net-test-qa2/providers/Microsoft.Network/virtualNetworks/sdknettestqa2vnet464/subnets/default\",\r\n    \"provisioningState\": \"Creating\"\r\n  }\r\n}",
      "StatusCode": 201
    },
    {
      "RequestUri": "/subscriptions/69a75bda-882e-44d5-8431-63421204132a/resourceGroups/sdk-net-test-qa2/providers/Microsoft.NetApp/netAppAccounts/sdk-net-tests-acc-20/capacityPools/sdk-net-tests-pool-10/volumes/sdk-net-tests-vol-1000?api-version=2019-11-01",
      "EncodedRequestUri": "L3N1YnNjcmlwdGlvbnMvNjlhNzViZGEtODgyZS00NGQ1LTg0MzEtNjM0MjEyMDQxMzJhL3Jlc291cmNlR3JvdXBzL3Nkay1uZXQtdGVzdC1xYTIvcHJvdmlkZXJzL01pY3Jvc29mdC5OZXRBcHAvbmV0QXBwQWNjb3VudHMvc2RrLW5ldC10ZXN0cy1hY2MtMjAvY2FwYWNpdHlQb29scy9zZGstbmV0LXRlc3RzLXBvb2wtMTAvdm9sdW1lcy9zZGstbmV0LXRlc3RzLXZvbC0xMDAwP2FwaS12ZXJzaW9uPTIwMTktMTEtMDE=",
      "RequestMethod": "PUT",
      "RequestBody": "{\r\n  \"location\": \"westus2\",\r\n  \"properties\": {\r\n    \"creationToken\": \"sdk-net-tests-vol-1000\",\r\n    \"usageThreshold\": 107374182400,\r\n    \"protocolTypes\": [\r\n      \"NFSv3\"\r\n    ],\r\n    \"subnetId\": \"/subscriptions/69a75bda-882e-44d5-8431-63421204132a/resourceGroups/sdk-net-test-qa2/providers/Microsoft.Network/virtualNetworks/sdknettestqa2vnet464/subnets/default\"\r\n  }\r\n}",
      "RequestHeaders": {
        "x-ms-client-request-id": [
          "82ab32c8-46d9-45e1-97cb-5a2771181020"
        ],
        "Accept-Language": [
          "en-US"
        ],
        "User-Agent": [
          "FxVersion/4.6.29130.01",
          "OSName/Windows",
          "OSVersion/Microsoft.Windows.10.0.18363.",
          "Microsoft.Azure.Management.NetApp.AzureNetAppFilesManagementClient/1.5.1.0"
        ],
        "Content-Type": [
          "application/json; charset=utf-8"
        ],
        "Content-Length": [
          "370"
        ]
      },
      "ResponseHeaders": {
        "Cache-Control": [
          "no-cache"
        ],
        "Pragma": [
          "no-cache"
        ],
        "ETag": [
          "W/\"datetime'2020-08-24T11%3A21%3A18.7810336Z'\""
        ],
        "x-ms-request-id": [
          "2debd505-fd84-4d6e-96a8-d9dedc41c48d"
        ],
        "Azure-AsyncOperation": [
          "https://management.azure.com/subscriptions/69a75bda-882e-44d5-8431-63421204132a/providers/Microsoft.NetApp/locations/westus2/operationResults/2179015a-31d4-45c5-a7d0-8f8bcaf121f7?api-version=2019-11-01"
        ],
        "Request-Context": [
          "appId=cid-v1:2c4cb680-0a1f-424d-bb8d-8e650ba68d53"
        ],
        "Access-Control-Expose-Headers": [
          "Request-Context"
        ],
        "Server": [
          "Microsoft-IIS/10.0"
        ],
        "X-Powered-By": [
          "ASP.NET"
        ],
        "x-ms-ratelimit-remaining-subscription-writes": [
          "1193"
        ],
        "x-ms-correlation-request-id": [
          "61a557f3-c850-4161-ac69-cd4929fd5aee"
        ],
        "x-ms-routing-request-id": [
          "NORTHEUROPE:20200824T112119Z:61a557f3-c850-4161-ac69-cd4929fd5aee"
        ],
        "Strict-Transport-Security": [
          "max-age=31536000; includeSubDomains"
        ],
        "X-Content-Type-Options": [
          "nosniff"
        ],
        "Date": [
          "Mon, 24 Aug 2020 11:21:18 GMT"
        ],
        "Content-Length": [
          "1374"
        ],
        "Content-Type": [
          "application/json; charset=utf-8"
        ],
        "Expires": [
          "-1"
        ]
      },
      "ResponseBody": "{\r\n  \"id\": \"/subscriptions/69a75bda-882e-44d5-8431-63421204132a/resourceGroups/sdk-net-test-qa2/providers/Microsoft.NetApp/netAppAccounts/sdk-net-tests-acc-20/capacityPools/sdk-net-tests-pool-10/volumes/sdk-net-tests-vol-1000\",\r\n  \"name\": \"sdk-net-tests-acc-20/sdk-net-tests-pool-10/sdk-net-tests-vol-1000\",\r\n  \"type\": \"Microsoft.NetApp/netAppAccounts/capacityPools/volumes\",\r\n  \"etag\": \"W/\\\"datetime'2020-08-24T11%3A21%3A18.7810336Z'\\\"\",\r\n  \"location\": \"westus2\",\r\n  \"properties\": {\r\n    \"mountTargets\": [\r\n      {\r\n        \"provisioningState\": \"\",\r\n        \"mountTargetId\": \"c0b3d1dc-54b5-a380-a973-16993918e90f\",\r\n        \"fileSystemId\": \"c0b3d1dc-54b5-a380-a973-16993918e90f\",\r\n        \"startIp\": \"\",\r\n        \"endIp\": \"\",\r\n        \"gateway\": \"\",\r\n        \"netmask\": \"\",\r\n        \"subnet\": \"\",\r\n        \"ipAddress\": \"10.1.8.5\"\r\n      }\r\n    ],\r\n    \"provisioningState\": \"Updating\",\r\n    \"fileSystemId\": \"c0b3d1dc-54b5-a380-a973-16993918e90f\",\r\n    \"name\": \"sdk-net-tests-vol-1000\",\r\n    \"serviceLevel\": \"Premium\",\r\n    \"creationToken\": \"sdk-net-tests-vol-1000\",\r\n    \"usageThreshold\": 107374182400,\r\n    \"usedBytes\": 0,\r\n    \"exportPolicy\": {\r\n      \"rules\": [\r\n        {\r\n          \"ruleIndex\": 1,\r\n          \"unixReadOnly\": false,\r\n          \"unixReadWrite\": true,\r\n          \"cifs\": false,\r\n          \"nfsv3\": true,\r\n          \"nfsv4\": false,\r\n          \"nfsv41\": false,\r\n          \"allowedClients\": \"0.0.0.0/0\"\r\n        }\r\n      ]\r\n    },\r\n    \"protocolTypes\": [\r\n      \"NFSv3\"\r\n    ],\r\n    \"baremetalTenantId\": \"baremetalTenant_svm_8f82c7b40509489d9e97d719b9b955b4_7e4a61d4\",\r\n    \"subnetId\": \"/subscriptions/69a75bda-882e-44d5-8431-63421204132a/resourceGroups/sdk-net-test-qa2/providers/Microsoft.Network/virtualNetworks/sdknettestqa2vnet464/subnets/default\"\r\n  }\r\n}",
      "StatusCode": 200
    },
    {
      "RequestUri": "/subscriptions/69a75bda-882e-44d5-8431-63421204132a/providers/Microsoft.NetApp/locations/westus2/operationResults/ca5c5961-8d63-445e-8cff-9e66640fae5e?api-version=2019-11-01",
      "EncodedRequestUri": "L3N1YnNjcmlwdGlvbnMvNjlhNzViZGEtODgyZS00NGQ1LTg0MzEtNjM0MjEyMDQxMzJhL3Byb3ZpZGVycy9NaWNyb3NvZnQuTmV0QXBwL2xvY2F0aW9ucy93ZXN0dXMyL29wZXJhdGlvblJlc3VsdHMvY2E1YzU5NjEtOGQ2My00NDVlLThjZmYtOWU2NjY0MGZhZTVlP2FwaS12ZXJzaW9uPTIwMTktMTEtMDE=",
      "RequestMethod": "GET",
      "RequestBody": "",
      "RequestHeaders": {
        "User-Agent": [
          "FxVersion/4.6.29130.01",
          "OSName/Windows",
          "OSVersion/Microsoft.Windows.10.0.18363.",
          "Microsoft.Azure.Management.NetApp.AzureNetAppFilesManagementClient/1.5.1.0"
        ]
      },
      "ResponseHeaders": {
        "Cache-Control": [
          "no-cache"
        ],
        "Pragma": [
          "no-cache"
        ],
        "x-ms-request-id": [
          "467da8fe-d1ba-4415-b2c8-504017fbbad5"
        ],
        "Request-Context": [
          "appId=cid-v1:2c4cb680-0a1f-424d-bb8d-8e650ba68d53"
        ],
        "Access-Control-Expose-Headers": [
          "Request-Context"
        ],
        "Server": [
          "Microsoft-IIS/10.0"
        ],
        "X-Powered-By": [
          "ASP.NET"
        ],
        "x-ms-ratelimit-remaining-subscription-reads": [
          "11995"
        ],
        "x-ms-correlation-request-id": [
          "3ad1e0be-8709-4eb6-a7f5-69ad7965e44b"
        ],
        "x-ms-routing-request-id": [
          "NORTHEUROPE:20200824T111626Z:3ad1e0be-8709-4eb6-a7f5-69ad7965e44b"
        ],
        "Strict-Transport-Security": [
          "max-age=31536000; includeSubDomains"
        ],
        "X-Content-Type-Options": [
          "nosniff"
        ],
        "Date": [
          "Mon, 24 Aug 2020 11:16:26 GMT"
        ],
        "Content-Length": [
          "569"
        ],
        "Content-Type": [
          "application/json; charset=utf-8"
        ],
        "Expires": [
          "-1"
        ]
      },
      "ResponseBody": "{\r\n  \"id\": \"/subscriptions/69a75bda-882e-44d5-8431-63421204132a/providers/Microsoft.NetApp/locations/westus2/operationResults/ca5c5961-8d63-445e-8cff-9e66640fae5e\",\r\n  \"name\": \"ca5c5961-8d63-445e-8cff-9e66640fae5e\",\r\n  \"status\": \"Creating\",\r\n  \"startTime\": \"2020-08-24T11:15:54.7778147Z\",\r\n  \"endTime\": \"0001-01-01T00:00:00Z\",\r\n  \"percentComplete\": 0.0,\r\n  \"properties\": {\r\n    \"resourceName\": \"/subscriptions/69a75bda-882e-44d5-8431-63421204132a/resourceGroups/sdk-net-test-qa2/providers/Microsoft.NetApp/netAppAccounts/sdk-net-tests-acc-20/capacityPools/sdk-net-tests-pool-10/volumes/sdk-net-tests-vol-1000\"\r\n  }\r\n}",
      "StatusCode": 200
    },
    {
      "RequestUri": "/subscriptions/69a75bda-882e-44d5-8431-63421204132a/providers/Microsoft.NetApp/locations/westus2/operationResults/ca5c5961-8d63-445e-8cff-9e66640fae5e?api-version=2019-11-01",
      "EncodedRequestUri": "L3N1YnNjcmlwdGlvbnMvNjlhNzViZGEtODgyZS00NGQ1LTg0MzEtNjM0MjEyMDQxMzJhL3Byb3ZpZGVycy9NaWNyb3NvZnQuTmV0QXBwL2xvY2F0aW9ucy93ZXN0dXMyL29wZXJhdGlvblJlc3VsdHMvY2E1YzU5NjEtOGQ2My00NDVlLThjZmYtOWU2NjY0MGZhZTVlP2FwaS12ZXJzaW9uPTIwMTktMTEtMDE=",
      "RequestMethod": "GET",
      "RequestBody": "",
      "RequestHeaders": {
        "User-Agent": [
          "FxVersion/4.6.29130.01",
          "OSName/Windows",
          "OSVersion/Microsoft.Windows.10.0.18363.",
          "Microsoft.Azure.Management.NetApp.AzureNetAppFilesManagementClient/1.5.1.0"
        ]
      },
      "ResponseHeaders": {
        "Cache-Control": [
          "no-cache"
        ],
        "Pragma": [
          "no-cache"
        ],
        "x-ms-request-id": [
          "cb924385-b820-48db-8670-aab357a9f112"
        ],
        "Request-Context": [
          "appId=cid-v1:2c4cb680-0a1f-424d-bb8d-8e650ba68d53"
        ],
        "Access-Control-Expose-Headers": [
          "Request-Context"
        ],
        "Server": [
          "Microsoft-IIS/10.0"
        ],
        "X-Powered-By": [
          "ASP.NET"
        ],
        "x-ms-ratelimit-remaining-subscription-reads": [
          "11994"
        ],
        "x-ms-correlation-request-id": [
          "eeaa9c6a-7810-43fe-9f5b-90e83877729f"
        ],
        "x-ms-routing-request-id": [
          "NORTHEUROPE:20200824T111656Z:eeaa9c6a-7810-43fe-9f5b-90e83877729f"
        ],
        "Strict-Transport-Security": [
          "max-age=31536000; includeSubDomains"
        ],
        "X-Content-Type-Options": [
          "nosniff"
        ],
        "Date": [
          "Mon, 24 Aug 2020 11:16:56 GMT"
        ],
        "Content-Length": [
          "569"
        ],
        "Content-Type": [
          "application/json; charset=utf-8"
        ],
        "Expires": [
          "-1"
        ]
      },
      "ResponseBody": "{\r\n  \"id\": \"/subscriptions/69a75bda-882e-44d5-8431-63421204132a/providers/Microsoft.NetApp/locations/westus2/operationResults/ca5c5961-8d63-445e-8cff-9e66640fae5e\",\r\n  \"name\": \"ca5c5961-8d63-445e-8cff-9e66640fae5e\",\r\n  \"status\": \"Creating\",\r\n  \"startTime\": \"2020-08-24T11:15:54.7778147Z\",\r\n  \"endTime\": \"0001-01-01T00:00:00Z\",\r\n  \"percentComplete\": 0.0,\r\n  \"properties\": {\r\n    \"resourceName\": \"/subscriptions/69a75bda-882e-44d5-8431-63421204132a/resourceGroups/sdk-net-test-qa2/providers/Microsoft.NetApp/netAppAccounts/sdk-net-tests-acc-20/capacityPools/sdk-net-tests-pool-10/volumes/sdk-net-tests-vol-1000\"\r\n  }\r\n}",
      "StatusCode": 200
    },
    {
      "RequestUri": "/subscriptions/69a75bda-882e-44d5-8431-63421204132a/providers/Microsoft.NetApp/locations/westus2/operationResults/ca5c5961-8d63-445e-8cff-9e66640fae5e?api-version=2019-11-01",
      "EncodedRequestUri": "L3N1YnNjcmlwdGlvbnMvNjlhNzViZGEtODgyZS00NGQ1LTg0MzEtNjM0MjEyMDQxMzJhL3Byb3ZpZGVycy9NaWNyb3NvZnQuTmV0QXBwL2xvY2F0aW9ucy93ZXN0dXMyL29wZXJhdGlvblJlc3VsdHMvY2E1YzU5NjEtOGQ2My00NDVlLThjZmYtOWU2NjY0MGZhZTVlP2FwaS12ZXJzaW9uPTIwMTktMTEtMDE=",
      "RequestMethod": "GET",
      "RequestBody": "",
      "RequestHeaders": {
        "User-Agent": [
          "FxVersion/4.6.29130.01",
          "OSName/Windows",
          "OSVersion/Microsoft.Windows.10.0.18363.",
          "Microsoft.Azure.Management.NetApp.AzureNetAppFilesManagementClient/1.5.1.0"
        ]
      },
      "ResponseHeaders": {
        "Cache-Control": [
          "no-cache"
        ],
        "Pragma": [
          "no-cache"
        ],
        "x-ms-request-id": [
          "d4a6486d-d3bd-4acd-930f-3a1d28d3c011"
        ],
        "Request-Context": [
          "appId=cid-v1:2c4cb680-0a1f-424d-bb8d-8e650ba68d53"
        ],
        "Access-Control-Expose-Headers": [
          "Request-Context"
        ],
        "Server": [
          "Microsoft-IIS/10.0"
        ],
        "X-Powered-By": [
          "ASP.NET"
        ],
        "x-ms-ratelimit-remaining-subscription-reads": [
          "11993"
        ],
        "x-ms-correlation-request-id": [
          "4d14b5f9-a5d9-4a22-8972-75779021c6d3"
        ],
        "x-ms-routing-request-id": [
          "NORTHEUROPE:20200824T111726Z:4d14b5f9-a5d9-4a22-8972-75779021c6d3"
        ],
        "Strict-Transport-Security": [
          "max-age=31536000; includeSubDomains"
        ],
        "X-Content-Type-Options": [
          "nosniff"
        ],
        "Date": [
          "Mon, 24 Aug 2020 11:17:26 GMT"
        ],
        "Content-Length": [
          "569"
        ],
        "Content-Type": [
          "application/json; charset=utf-8"
        ],
        "Expires": [
          "-1"
        ]
      },
      "ResponseBody": "{\r\n  \"id\": \"/subscriptions/69a75bda-882e-44d5-8431-63421204132a/providers/Microsoft.NetApp/locations/westus2/operationResults/ca5c5961-8d63-445e-8cff-9e66640fae5e\",\r\n  \"name\": \"ca5c5961-8d63-445e-8cff-9e66640fae5e\",\r\n  \"status\": \"Creating\",\r\n  \"startTime\": \"2020-08-24T11:15:54.7778147Z\",\r\n  \"endTime\": \"0001-01-01T00:00:00Z\",\r\n  \"percentComplete\": 0.0,\r\n  \"properties\": {\r\n    \"resourceName\": \"/subscriptions/69a75bda-882e-44d5-8431-63421204132a/resourceGroups/sdk-net-test-qa2/providers/Microsoft.NetApp/netAppAccounts/sdk-net-tests-acc-20/capacityPools/sdk-net-tests-pool-10/volumes/sdk-net-tests-vol-1000\"\r\n  }\r\n}",
      "StatusCode": 200
    },
    {
      "RequestUri": "/subscriptions/69a75bda-882e-44d5-8431-63421204132a/providers/Microsoft.NetApp/locations/westus2/operationResults/ca5c5961-8d63-445e-8cff-9e66640fae5e?api-version=2019-11-01",
      "EncodedRequestUri": "L3N1YnNjcmlwdGlvbnMvNjlhNzViZGEtODgyZS00NGQ1LTg0MzEtNjM0MjEyMDQxMzJhL3Byb3ZpZGVycy9NaWNyb3NvZnQuTmV0QXBwL2xvY2F0aW9ucy93ZXN0dXMyL29wZXJhdGlvblJlc3VsdHMvY2E1YzU5NjEtOGQ2My00NDVlLThjZmYtOWU2NjY0MGZhZTVlP2FwaS12ZXJzaW9uPTIwMTktMTEtMDE=",
      "RequestMethod": "GET",
      "RequestBody": "",
      "RequestHeaders": {
        "User-Agent": [
          "FxVersion/4.6.29130.01",
          "OSName/Windows",
          "OSVersion/Microsoft.Windows.10.0.18363.",
          "Microsoft.Azure.Management.NetApp.AzureNetAppFilesManagementClient/1.5.1.0"
        ]
      },
      "ResponseHeaders": {
        "Cache-Control": [
          "no-cache"
        ],
        "Pragma": [
          "no-cache"
        ],
        "x-ms-request-id": [
          "55c1f91f-cee1-42a9-b2ae-ae8a03ad9226"
        ],
        "Request-Context": [
          "appId=cid-v1:2c4cb680-0a1f-424d-bb8d-8e650ba68d53"
        ],
        "Access-Control-Expose-Headers": [
          "Request-Context"
        ],
        "Server": [
          "Microsoft-IIS/10.0"
        ],
        "X-Powered-By": [
          "ASP.NET"
        ],
        "x-ms-ratelimit-remaining-subscription-reads": [
          "11992"
        ],
        "x-ms-correlation-request-id": [
          "a86598a7-257e-4ebd-8ebb-0eb29a3130c4"
        ],
        "x-ms-routing-request-id": [
          "NORTHEUROPE:20200824T111756Z:a86598a7-257e-4ebd-8ebb-0eb29a3130c4"
        ],
        "Strict-Transport-Security": [
          "max-age=31536000; includeSubDomains"
        ],
        "X-Content-Type-Options": [
          "nosniff"
        ],
        "Date": [
          "Mon, 24 Aug 2020 11:17:56 GMT"
        ],
        "Content-Length": [
          "569"
        ],
        "Content-Type": [
          "application/json; charset=utf-8"
        ],
        "Expires": [
          "-1"
        ]
      },
      "ResponseBody": "{\r\n  \"id\": \"/subscriptions/69a75bda-882e-44d5-8431-63421204132a/providers/Microsoft.NetApp/locations/westus2/operationResults/ca5c5961-8d63-445e-8cff-9e66640fae5e\",\r\n  \"name\": \"ca5c5961-8d63-445e-8cff-9e66640fae5e\",\r\n  \"status\": \"Creating\",\r\n  \"startTime\": \"2020-08-24T11:15:54.7778147Z\",\r\n  \"endTime\": \"0001-01-01T00:00:00Z\",\r\n  \"percentComplete\": 0.0,\r\n  \"properties\": {\r\n    \"resourceName\": \"/subscriptions/69a75bda-882e-44d5-8431-63421204132a/resourceGroups/sdk-net-test-qa2/providers/Microsoft.NetApp/netAppAccounts/sdk-net-tests-acc-20/capacityPools/sdk-net-tests-pool-10/volumes/sdk-net-tests-vol-1000\"\r\n  }\r\n}",
      "StatusCode": 200
    },
    {
      "RequestUri": "/subscriptions/69a75bda-882e-44d5-8431-63421204132a/providers/Microsoft.NetApp/locations/westus2/operationResults/ca5c5961-8d63-445e-8cff-9e66640fae5e?api-version=2019-11-01",
      "EncodedRequestUri": "L3N1YnNjcmlwdGlvbnMvNjlhNzViZGEtODgyZS00NGQ1LTg0MzEtNjM0MjEyMDQxMzJhL3Byb3ZpZGVycy9NaWNyb3NvZnQuTmV0QXBwL2xvY2F0aW9ucy93ZXN0dXMyL29wZXJhdGlvblJlc3VsdHMvY2E1YzU5NjEtOGQ2My00NDVlLThjZmYtOWU2NjY0MGZhZTVlP2FwaS12ZXJzaW9uPTIwMTktMTEtMDE=",
      "RequestMethod": "GET",
      "RequestBody": "",
      "RequestHeaders": {
        "User-Agent": [
          "FxVersion/4.6.29130.01",
          "OSName/Windows",
          "OSVersion/Microsoft.Windows.10.0.18363.",
          "Microsoft.Azure.Management.NetApp.AzureNetAppFilesManagementClient/1.5.1.0"
        ]
      },
      "ResponseHeaders": {
        "Cache-Control": [
          "no-cache"
        ],
        "Pragma": [
          "no-cache"
        ],
        "x-ms-request-id": [
          "920eb95b-4afb-4051-8c19-848f83c733b2"
        ],
        "Request-Context": [
          "appId=cid-v1:2c4cb680-0a1f-424d-bb8d-8e650ba68d53"
        ],
        "Access-Control-Expose-Headers": [
          "Request-Context"
        ],
        "Server": [
          "Microsoft-IIS/10.0"
        ],
        "X-Powered-By": [
          "ASP.NET"
        ],
        "x-ms-ratelimit-remaining-subscription-reads": [
          "11991"
        ],
        "x-ms-correlation-request-id": [
          "64d2cca4-430c-4b53-a603-957acaca3948"
        ],
        "x-ms-routing-request-id": [
          "NORTHEUROPE:20200824T111827Z:64d2cca4-430c-4b53-a603-957acaca3948"
        ],
        "Strict-Transport-Security": [
          "max-age=31536000; includeSubDomains"
        ],
        "X-Content-Type-Options": [
          "nosniff"
        ],
        "Date": [
          "Mon, 24 Aug 2020 11:18:26 GMT"
        ],
        "Content-Length": [
          "569"
        ],
        "Content-Type": [
          "application/json; charset=utf-8"
        ],
        "Expires": [
          "-1"
        ]
      },
      "ResponseBody": "{\r\n  \"id\": \"/subscriptions/69a75bda-882e-44d5-8431-63421204132a/providers/Microsoft.NetApp/locations/westus2/operationResults/ca5c5961-8d63-445e-8cff-9e66640fae5e\",\r\n  \"name\": \"ca5c5961-8d63-445e-8cff-9e66640fae5e\",\r\n  \"status\": \"Creating\",\r\n  \"startTime\": \"2020-08-24T11:15:54.7778147Z\",\r\n  \"endTime\": \"0001-01-01T00:00:00Z\",\r\n  \"percentComplete\": 0.0,\r\n  \"properties\": {\r\n    \"resourceName\": \"/subscriptions/69a75bda-882e-44d5-8431-63421204132a/resourceGroups/sdk-net-test-qa2/providers/Microsoft.NetApp/netAppAccounts/sdk-net-tests-acc-20/capacityPools/sdk-net-tests-pool-10/volumes/sdk-net-tests-vol-1000\"\r\n  }\r\n}",
      "StatusCode": 200
    },
    {
      "RequestUri": "/subscriptions/69a75bda-882e-44d5-8431-63421204132a/providers/Microsoft.NetApp/locations/westus2/operationResults/ca5c5961-8d63-445e-8cff-9e66640fae5e?api-version=2019-11-01",
      "EncodedRequestUri": "L3N1YnNjcmlwdGlvbnMvNjlhNzViZGEtODgyZS00NGQ1LTg0MzEtNjM0MjEyMDQxMzJhL3Byb3ZpZGVycy9NaWNyb3NvZnQuTmV0QXBwL2xvY2F0aW9ucy93ZXN0dXMyL29wZXJhdGlvblJlc3VsdHMvY2E1YzU5NjEtOGQ2My00NDVlLThjZmYtOWU2NjY0MGZhZTVlP2FwaS12ZXJzaW9uPTIwMTktMTEtMDE=",
      "RequestMethod": "GET",
      "RequestBody": "",
      "RequestHeaders": {
        "User-Agent": [
          "FxVersion/4.6.29130.01",
          "OSName/Windows",
          "OSVersion/Microsoft.Windows.10.0.18363.",
          "Microsoft.Azure.Management.NetApp.AzureNetAppFilesManagementClient/1.5.1.0"
        ]
      },
      "ResponseHeaders": {
        "Cache-Control": [
          "no-cache"
        ],
        "Pragma": [
          "no-cache"
        ],
        "x-ms-request-id": [
          "113df75e-1dd4-458c-969d-38dbaa66bb65"
        ],
        "Request-Context": [
          "appId=cid-v1:2c4cb680-0a1f-424d-bb8d-8e650ba68d53"
        ],
        "Access-Control-Expose-Headers": [
          "Request-Context"
        ],
        "Server": [
          "Microsoft-IIS/10.0"
        ],
        "X-Powered-By": [
          "ASP.NET"
        ],
        "x-ms-ratelimit-remaining-subscription-reads": [
          "11990"
        ],
        "x-ms-correlation-request-id": [
          "31efdff3-d21e-4644-896f-2155b2326b9f"
        ],
        "x-ms-routing-request-id": [
          "NORTHEUROPE:20200824T111857Z:31efdff3-d21e-4644-896f-2155b2326b9f"
        ],
        "Strict-Transport-Security": [
          "max-age=31536000; includeSubDomains"
        ],
        "X-Content-Type-Options": [
          "nosniff"
        ],
        "Date": [
          "Mon, 24 Aug 2020 11:18:56 GMT"
        ],
        "Content-Length": [
          "569"
        ],
        "Content-Type": [
          "application/json; charset=utf-8"
        ],
        "Expires": [
          "-1"
        ]
      },
      "ResponseBody": "{\r\n  \"id\": \"/subscriptions/69a75bda-882e-44d5-8431-63421204132a/providers/Microsoft.NetApp/locations/westus2/operationResults/ca5c5961-8d63-445e-8cff-9e66640fae5e\",\r\n  \"name\": \"ca5c5961-8d63-445e-8cff-9e66640fae5e\",\r\n  \"status\": \"Creating\",\r\n  \"startTime\": \"2020-08-24T11:15:54.7778147Z\",\r\n  \"endTime\": \"0001-01-01T00:00:00Z\",\r\n  \"percentComplete\": 0.0,\r\n  \"properties\": {\r\n    \"resourceName\": \"/subscriptions/69a75bda-882e-44d5-8431-63421204132a/resourceGroups/sdk-net-test-qa2/providers/Microsoft.NetApp/netAppAccounts/sdk-net-tests-acc-20/capacityPools/sdk-net-tests-pool-10/volumes/sdk-net-tests-vol-1000\"\r\n  }\r\n}",
      "StatusCode": 200
    },
    {
      "RequestUri": "/subscriptions/69a75bda-882e-44d5-8431-63421204132a/providers/Microsoft.NetApp/locations/westus2/operationResults/ca5c5961-8d63-445e-8cff-9e66640fae5e?api-version=2019-11-01",
      "EncodedRequestUri": "L3N1YnNjcmlwdGlvbnMvNjlhNzViZGEtODgyZS00NGQ1LTg0MzEtNjM0MjEyMDQxMzJhL3Byb3ZpZGVycy9NaWNyb3NvZnQuTmV0QXBwL2xvY2F0aW9ucy93ZXN0dXMyL29wZXJhdGlvblJlc3VsdHMvY2E1YzU5NjEtOGQ2My00NDVlLThjZmYtOWU2NjY0MGZhZTVlP2FwaS12ZXJzaW9uPTIwMTktMTEtMDE=",
      "RequestMethod": "GET",
      "RequestBody": "",
      "RequestHeaders": {
        "User-Agent": [
          "FxVersion/4.6.29130.01",
          "OSName/Windows",
          "OSVersion/Microsoft.Windows.10.0.18363.",
          "Microsoft.Azure.Management.NetApp.AzureNetAppFilesManagementClient/1.5.1.0"
        ]
      },
      "ResponseHeaders": {
        "Cache-Control": [
          "no-cache"
        ],
        "Pragma": [
          "no-cache"
        ],
        "x-ms-request-id": [
          "a3ff9a2b-30a3-4283-9ede-a9947bf19701"
        ],
        "Request-Context": [
          "appId=cid-v1:2c4cb680-0a1f-424d-bb8d-8e650ba68d53"
        ],
        "Access-Control-Expose-Headers": [
          "Request-Context"
        ],
        "Server": [
          "Microsoft-IIS/10.0"
        ],
        "X-Powered-By": [
          "ASP.NET"
        ],
        "x-ms-ratelimit-remaining-subscription-reads": [
          "11989"
        ],
        "x-ms-correlation-request-id": [
          "df22c1b7-ad2b-4501-9888-d480b8e3d8e1"
        ],
        "x-ms-routing-request-id": [
          "NORTHEUROPE:20200824T111927Z:df22c1b7-ad2b-4501-9888-d480b8e3d8e1"
        ],
        "Strict-Transport-Security": [
          "max-age=31536000; includeSubDomains"
        ],
        "X-Content-Type-Options": [
          "nosniff"
        ],
        "Date": [
          "Mon, 24 Aug 2020 11:19:26 GMT"
        ],
        "Content-Length": [
          "580"
        ],
        "Content-Type": [
          "application/json; charset=utf-8"
        ],
        "Expires": [
          "-1"
        ]
      },
      "ResponseBody": "{\r\n  \"id\": \"/subscriptions/69a75bda-882e-44d5-8431-63421204132a/providers/Microsoft.NetApp/locations/westus2/operationResults/ca5c5961-8d63-445e-8cff-9e66640fae5e\",\r\n  \"name\": \"ca5c5961-8d63-445e-8cff-9e66640fae5e\",\r\n  \"status\": \"Succeeded\",\r\n  \"startTime\": \"2020-08-24T11:15:54.7778147Z\",\r\n  \"endTime\": \"2020-08-24T11:19:09.9756287Z\",\r\n  \"percentComplete\": 100.0,\r\n  \"properties\": {\r\n    \"resourceName\": \"/subscriptions/69a75bda-882e-44d5-8431-63421204132a/resourceGroups/sdk-net-test-qa2/providers/Microsoft.NetApp/netAppAccounts/sdk-net-tests-acc-20/capacityPools/sdk-net-tests-pool-10/volumes/sdk-net-tests-vol-1000\"\r\n  }\r\n}",
      "StatusCode": 200
    },
    {
      "RequestUri": "/subscriptions/69a75bda-882e-44d5-8431-63421204132a/resourceGroups/sdk-net-test-qa2/providers/Microsoft.NetApp/netAppAccounts/sdk-net-tests-acc-20/capacityPools/sdk-net-tests-pool-10/volumes/sdk-net-tests-vol-1000?api-version=2019-11-01",
      "EncodedRequestUri": "L3N1YnNjcmlwdGlvbnMvNjlhNzViZGEtODgyZS00NGQ1LTg0MzEtNjM0MjEyMDQxMzJhL3Jlc291cmNlR3JvdXBzL3Nkay1uZXQtdGVzdC1xYTIvcHJvdmlkZXJzL01pY3Jvc29mdC5OZXRBcHAvbmV0QXBwQWNjb3VudHMvc2RrLW5ldC10ZXN0cy1hY2MtMjAvY2FwYWNpdHlQb29scy9zZGstbmV0LXRlc3RzLXBvb2wtMTAvdm9sdW1lcy9zZGstbmV0LXRlc3RzLXZvbC0xMDAwP2FwaS12ZXJzaW9uPTIwMTktMTEtMDE=",
      "RequestMethod": "GET",
      "RequestBody": "",
      "RequestHeaders": {
        "User-Agent": [
          "FxVersion/4.6.29130.01",
          "OSName/Windows",
          "OSVersion/Microsoft.Windows.10.0.18363.",
          "Microsoft.Azure.Management.NetApp.AzureNetAppFilesManagementClient/1.5.1.0"
        ]
      },
      "ResponseHeaders": {
        "Cache-Control": [
          "no-cache"
        ],
        "Pragma": [
          "no-cache"
        ],
        "ETag": [
          "W/\"datetime'2020-08-24T11%3A19%3A09.977066Z'\""
        ],
        "x-ms-request-id": [
          "a8dbd798-9f37-4ae0-8ce4-70f860cc690a"
        ],
        "Request-Context": [
          "appId=cid-v1:2c4cb680-0a1f-424d-bb8d-8e650ba68d53"
        ],
        "Access-Control-Expose-Headers": [
          "Request-Context"
        ],
        "Server": [
          "Microsoft-IIS/10.0"
        ],
        "X-Powered-By": [
          "ASP.NET"
        ],
        "x-ms-ratelimit-remaining-subscription-reads": [
          "11988"
        ],
        "x-ms-correlation-request-id": [
          "84f7e524-7568-4fac-b1aa-8041ba4733b1"
        ],
        "x-ms-routing-request-id": [
          "NORTHEUROPE:20200824T111928Z:84f7e524-7568-4fac-b1aa-8041ba4733b1"
        ],
        "Strict-Transport-Security": [
          "max-age=31536000; includeSubDomains"
        ],
        "X-Content-Type-Options": [
          "nosniff"
        ],
        "Date": [
          "Mon, 24 Aug 2020 11:19:27 GMT"
        ],
        "Content-Length": [
          "1374"
        ],
        "Content-Type": [
          "application/json; charset=utf-8"
        ],
        "Expires": [
          "-1"
        ]
      },
      "ResponseBody": "{\r\n  \"id\": \"/subscriptions/69a75bda-882e-44d5-8431-63421204132a/resourceGroups/sdk-net-test-qa2/providers/Microsoft.NetApp/netAppAccounts/sdk-net-tests-acc-20/capacityPools/sdk-net-tests-pool-10/volumes/sdk-net-tests-vol-1000\",\r\n  \"name\": \"sdk-net-tests-acc-20/sdk-net-tests-pool-10/sdk-net-tests-vol-1000\",\r\n  \"type\": \"Microsoft.NetApp/netAppAccounts/capacityPools/volumes\",\r\n  \"etag\": \"W/\\\"datetime'2020-08-24T11%3A19%3A09.977066Z'\\\"\",\r\n  \"location\": \"westus2\",\r\n  \"properties\": {\r\n    \"mountTargets\": [\r\n      {\r\n        \"provisioningState\": \"\",\r\n        \"mountTargetId\": \"c0b3d1dc-54b5-a380-a973-16993918e90f\",\r\n        \"fileSystemId\": \"c0b3d1dc-54b5-a380-a973-16993918e90f\",\r\n        \"startIp\": \"\",\r\n        \"endIp\": \"\",\r\n        \"gateway\": \"\",\r\n        \"netmask\": \"\",\r\n        \"subnet\": \"\",\r\n        \"ipAddress\": \"10.1.8.5\"\r\n      }\r\n    ],\r\n    \"provisioningState\": \"Succeeded\",\r\n    \"fileSystemId\": \"c0b3d1dc-54b5-a380-a973-16993918e90f\",\r\n    \"name\": \"sdk-net-tests-vol-1000\",\r\n    \"serviceLevel\": \"Premium\",\r\n    \"creationToken\": \"sdk-net-tests-vol-1000\",\r\n    \"usageThreshold\": 107374182400,\r\n    \"usedBytes\": 0,\r\n    \"exportPolicy\": {\r\n      \"rules\": [\r\n        {\r\n          \"ruleIndex\": 1,\r\n          \"unixReadOnly\": false,\r\n          \"unixReadWrite\": true,\r\n          \"cifs\": false,\r\n          \"nfsv3\": true,\r\n          \"nfsv4\": false,\r\n          \"nfsv41\": false,\r\n          \"allowedClients\": \"0.0.0.0/0\"\r\n        }\r\n      ]\r\n    },\r\n    \"protocolTypes\": [\r\n      \"NFSv3\"\r\n    ],\r\n    \"baremetalTenantId\": \"baremetalTenant_svm_8f82c7b40509489d9e97d719b9b955b4_7e4a61d4\",\r\n    \"subnetId\": \"/subscriptions/69a75bda-882e-44d5-8431-63421204132a/resourceGroups/sdk-net-test-qa2/providers/Microsoft.Network/virtualNetworks/sdknettestqa2vnet464/subnets/default\"\r\n  }\r\n}",
      "StatusCode": 200
    },
    {
      "RequestUri": "/subscriptions/69a75bda-882e-44d5-8431-63421204132a/resourceGroups/sdk-net-test-qa2/providers/Microsoft.NetApp/netAppAccounts/sdk-net-tests-acc-20/capacityPools/sdk-net-tests-pool-10/volumes/sdk-net-tests-vol-1000?api-version=2019-11-01",
      "EncodedRequestUri": "L3N1YnNjcmlwdGlvbnMvNjlhNzViZGEtODgyZS00NGQ1LTg0MzEtNjM0MjEyMDQxMzJhL3Jlc291cmNlR3JvdXBzL3Nkay1uZXQtdGVzdC1xYTIvcHJvdmlkZXJzL01pY3Jvc29mdC5OZXRBcHAvbmV0QXBwQWNjb3VudHMvc2RrLW5ldC10ZXN0cy1hY2MtMjAvY2FwYWNpdHlQb29scy9zZGstbmV0LXRlc3RzLXBvb2wtMTAvdm9sdW1lcy9zZGstbmV0LXRlc3RzLXZvbC0xMDAwP2FwaS12ZXJzaW9uPTIwMTktMTEtMDE=",
      "RequestMethod": "GET",
      "RequestBody": "",
      "RequestHeaders": {
        "User-Agent": [
          "FxVersion/4.6.29130.01",
          "OSName/Windows",
          "OSVersion/Microsoft.Windows.10.0.18363.",
          "Microsoft.Azure.Management.NetApp.AzureNetAppFilesManagementClient/1.5.1.0"
        ]
      },
      "ResponseHeaders": {
        "Cache-Control": [
          "no-cache"
        ],
        "Pragma": [
          "no-cache"
        ],
        "ETag": [
          "W/\"datetime'2020-08-24T11%3A21%3A20.7334045Z'\""
        ],
        "x-ms-request-id": [
          "d04e19eb-fa32-43d2-ba53-b2f0cb8670e7"
        ],
        "Request-Context": [
          "appId=cid-v1:2c4cb680-0a1f-424d-bb8d-8e650ba68d53"
        ],
        "Access-Control-Expose-Headers": [
          "Request-Context"
        ],
        "Server": [
          "Microsoft-IIS/10.0"
        ],
        "X-Powered-By": [
          "ASP.NET"
        ],
        "x-ms-ratelimit-remaining-subscription-reads": [
          "11979"
        ],
        "x-ms-correlation-request-id": [
          "82e52ba3-d85f-4f10-ac39-d3186bb8e16d"
        ],
        "x-ms-routing-request-id": [
          "NORTHEUROPE:20200824T112149Z:82e52ba3-d85f-4f10-ac39-d3186bb8e16d"
        ],
        "Strict-Transport-Security": [
          "max-age=31536000; includeSubDomains"
        ],
        "X-Content-Type-Options": [
          "nosniff"
        ],
        "Date": [
          "Mon, 24 Aug 2020 11:21:48 GMT"
        ],
        "Content-Length": [
          "1361"
        ],
        "Content-Type": [
          "application/json; charset=utf-8"
        ],
        "Expires": [
          "-1"
        ]
      },
      "ResponseBody": "{\r\n  \"id\": \"/subscriptions/69a75bda-882e-44d5-8431-63421204132a/resourceGroups/sdk-net-test-qa2/providers/Microsoft.NetApp/netAppAccounts/sdk-net-tests-acc-20/capacityPools/sdk-net-tests-pool-10/volumes/sdk-net-tests-vol-1000\",\r\n  \"name\": \"sdk-net-tests-acc-20/sdk-net-tests-pool-10/sdk-net-tests-vol-1000\",\r\n  \"type\": \"Microsoft.NetApp/netAppAccounts/capacityPools/volumes\",\r\n  \"etag\": \"W/\\\"datetime'2020-08-24T11%3A21%3A20.7334045Z'\\\"\",\r\n  \"location\": \"westus2\",\r\n  \"properties\": {\r\n    \"mountTargets\": [\r\n      {\r\n        \"provisioningState\": \"\",\r\n        \"mountTargetId\": \"c0b3d1dc-54b5-a380-a973-16993918e90f\",\r\n        \"fileSystemId\": \"c0b3d1dc-54b5-a380-a973-16993918e90f\",\r\n        \"startIp\": \"\",\r\n        \"endIp\": \"\",\r\n        \"gateway\": \"\",\r\n        \"netmask\": \"\",\r\n        \"subnet\": \"\",\r\n        \"ipAddress\": \"10.1.8.5\"\r\n      }\r\n    ],\r\n    \"fileSystemId\": \"c0b3d1dc-54b5-a380-a973-16993918e90f\",\r\n    \"name\": \"sdk-net-tests-vol-1000\",\r\n    \"serviceLevel\": \"Premium\",\r\n    \"creationToken\": \"sdk-net-tests-vol-1000\",\r\n    \"usageThreshold\": 107374182400,\r\n    \"exportPolicy\": {\r\n      \"rules\": [\r\n        {\r\n          \"ruleIndex\": 1,\r\n          \"unixReadOnly\": false,\r\n          \"unixReadWrite\": true,\r\n          \"cifs\": false,\r\n          \"nfsv3\": true,\r\n          \"nfsv4\": false,\r\n          \"nfsv41\": false,\r\n          \"allowedClients\": \"0.0.0.0/0\"\r\n        }\r\n      ]\r\n    },\r\n    \"protocolTypes\": [\r\n      \"NFSv3\"\r\n    ],\r\n    \"baremetalTenantId\": \"baremetalTenant_svm_8f82c7b40509489d9e97d719b9b955b4_7e4a61d4\",\r\n    \"subnetId\": \"/subscriptions/69a75bda-882e-44d5-8431-63421204132a/resourceGroups/sdk-net-test-qa2/providers/Microsoft.Network/virtualNetworks/sdknettestqa2vnet464/subnets/default\",\r\n    \"provisioningState\": \"Succeeded\"\r\n  }\r\n}",
      "StatusCode": 200
    },
    {
      "RequestUri": "/subscriptions/69a75bda-882e-44d5-8431-63421204132a/resourceGroups/sdk-net-test-qa2/providers/Microsoft.NetApp/netAppAccounts/sdk-net-tests-acc-20/capacityPools/sdk-net-tests-pool-10/volumes/sdk-net-tests-vol-1000?api-version=2019-11-01",
      "EncodedRequestUri": "L3N1YnNjcmlwdGlvbnMvNjlhNzViZGEtODgyZS00NGQ1LTg0MzEtNjM0MjEyMDQxMzJhL3Jlc291cmNlR3JvdXBzL3Nkay1uZXQtdGVzdC1xYTIvcHJvdmlkZXJzL01pY3Jvc29mdC5OZXRBcHAvbmV0QXBwQWNjb3VudHMvc2RrLW5ldC10ZXN0cy1hY2MtMjAvY2FwYWNpdHlQb29scy9zZGstbmV0LXRlc3RzLXBvb2wtMTAvdm9sdW1lcy9zZGstbmV0LXRlc3RzLXZvbC0xMDAwP2FwaS12ZXJzaW9uPTIwMTktMTEtMDE=",
      "RequestMethod": "GET",
      "RequestBody": "",
      "RequestHeaders": {
        "x-ms-client-request-id": [
          "e4f1fd59-3ad5-4bd4-a069-f5c688ea80ea"
        ],
        "Accept-Language": [
          "en-US"
        ],
        "User-Agent": [
          "FxVersion/4.6.29130.01",
          "OSName/Windows",
          "OSVersion/Microsoft.Windows.10.0.18363.",
          "Microsoft.Azure.Management.NetApp.AzureNetAppFilesManagementClient/1.5.1.0"
        ]
      },
      "ResponseHeaders": {
        "Cache-Control": [
          "no-cache"
        ],
        "Pragma": [
          "no-cache"
        ],
        "ETag": [
          "W/\"datetime'2020-08-24T11%3A21%3A20.7334045Z'\""
        ],
        "x-ms-request-id": [
          "771fb2f3-2feb-41b4-996c-2b4270a8d371"
        ],
        "Request-Context": [
          "appId=cid-v1:2c4cb680-0a1f-424d-bb8d-8e650ba68d53"
        ],
        "Access-Control-Expose-Headers": [
          "Request-Context"
        ],
        "Server": [
          "Microsoft-IIS/10.0"
        ],
        "X-Powered-By": [
          "ASP.NET"
        ],
        "x-ms-ratelimit-remaining-subscription-reads": [
          "11975"
        ],
        "x-ms-correlation-request-id": [
          "333ed5ea-7bcc-4cc8-9337-9b9cfeb1961a"
        ],
        "x-ms-routing-request-id": [
          "NORTHEUROPE:20200824T112227Z:333ed5ea-7bcc-4cc8-9337-9b9cfeb1961a"
        ],
        "Strict-Transport-Security": [
          "max-age=31536000; includeSubDomains"
        ],
        "X-Content-Type-Options": [
          "nosniff"
        ],
        "Date": [
          "Mon, 24 Aug 2020 11:22:26 GMT"
        ],
        "Content-Length": [
          "1361"
        ],
        "Content-Type": [
          "application/json; charset=utf-8"
        ],
        "Expires": [
          "-1"
        ]
      },
      "ResponseBody": "{\r\n  \"id\": \"/subscriptions/69a75bda-882e-44d5-8431-63421204132a/resourceGroups/sdk-net-test-qa2/providers/Microsoft.NetApp/netAppAccounts/sdk-net-tests-acc-20/capacityPools/sdk-net-tests-pool-10/volumes/sdk-net-tests-vol-1000\",\r\n  \"name\": \"sdk-net-tests-acc-20/sdk-net-tests-pool-10/sdk-net-tests-vol-1000\",\r\n  \"type\": \"Microsoft.NetApp/netAppAccounts/capacityPools/volumes\",\r\n  \"etag\": \"W/\\\"datetime'2020-08-24T11%3A21%3A20.7334045Z'\\\"\",\r\n  \"location\": \"westus2\",\r\n  \"properties\": {\r\n    \"mountTargets\": [\r\n      {\r\n        \"provisioningState\": \"\",\r\n        \"mountTargetId\": \"c0b3d1dc-54b5-a380-a973-16993918e90f\",\r\n        \"fileSystemId\": \"c0b3d1dc-54b5-a380-a973-16993918e90f\",\r\n        \"startIp\": \"\",\r\n        \"endIp\": \"\",\r\n        \"gateway\": \"\",\r\n        \"netmask\": \"\",\r\n        \"subnet\": \"\",\r\n        \"ipAddress\": \"10.1.8.5\"\r\n      }\r\n    ],\r\n    \"fileSystemId\": \"c0b3d1dc-54b5-a380-a973-16993918e90f\",\r\n    \"name\": \"sdk-net-tests-vol-1000\",\r\n    \"serviceLevel\": \"Premium\",\r\n    \"creationToken\": \"sdk-net-tests-vol-1000\",\r\n    \"usageThreshold\": 107374182400,\r\n    \"exportPolicy\": {\r\n      \"rules\": [\r\n        {\r\n          \"ruleIndex\": 1,\r\n          \"unixReadOnly\": false,\r\n          \"unixReadWrite\": true,\r\n          \"cifs\": false,\r\n          \"nfsv3\": true,\r\n          \"nfsv4\": false,\r\n          \"nfsv41\": false,\r\n          \"allowedClients\": \"0.0.0.0/0\"\r\n        }\r\n      ]\r\n    },\r\n    \"protocolTypes\": [\r\n      \"NFSv3\"\r\n    ],\r\n    \"baremetalTenantId\": \"baremetalTenant_svm_8f82c7b40509489d9e97d719b9b955b4_7e4a61d4\",\r\n    \"subnetId\": \"/subscriptions/69a75bda-882e-44d5-8431-63421204132a/resourceGroups/sdk-net-test-qa2/providers/Microsoft.Network/virtualNetworks/sdknettestqa2vnet464/subnets/default\",\r\n    \"provisioningState\": \"Succeeded\"\r\n  }\r\n}",
      "StatusCode": 200
    },
    {
      "RequestUri": "/subscriptions/69a75bda-882e-44d5-8431-63421204132a/resourceGroups/sdk-net-test-qa2/providers/Microsoft.NetApp/netAppAccounts/sdk-net-tests-acc-20/capacityPools/sdk-net-tests-pool-10/volumes/sdk-net-tests-vol-1000/snapshots/sdk-net-tests-snap-10?api-version=2019-11-01",
      "EncodedRequestUri": "L3N1YnNjcmlwdGlvbnMvNjlhNzViZGEtODgyZS00NGQ1LTg0MzEtNjM0MjEyMDQxMzJhL3Jlc291cmNlR3JvdXBzL3Nkay1uZXQtdGVzdC1xYTIvcHJvdmlkZXJzL01pY3Jvc29mdC5OZXRBcHAvbmV0QXBwQWNjb3VudHMvc2RrLW5ldC10ZXN0cy1hY2MtMjAvY2FwYWNpdHlQb29scy9zZGstbmV0LXRlc3RzLXBvb2wtMTAvdm9sdW1lcy9zZGstbmV0LXRlc3RzLXZvbC0xMDAwL3NuYXBzaG90cy9zZGstbmV0LXRlc3RzLXNuYXAtMTA/YXBpLXZlcnNpb249MjAxOS0xMS0wMQ==",
      "RequestMethod": "PUT",
      "RequestBody": "{\r\n  \"location\": \"westus2\"\r\n}",
      "RequestHeaders": {
        "x-ms-client-request-id": [
          "ff2f2bbe-fb06-4450-897f-e384a5a2dc30"
        ],
        "Accept-Language": [
          "en-US"
        ],
        "User-Agent": [
          "FxVersion/4.6.29130.01",
          "OSName/Windows",
          "OSVersion/Microsoft.Windows.10.0.18363.",
          "Microsoft.Azure.Management.NetApp.AzureNetAppFilesManagementClient/1.5.1.0"
        ],
        "Content-Type": [
          "application/json; charset=utf-8"
        ],
        "Content-Length": [
          "29"
        ]
      },
      "ResponseHeaders": {
        "Cache-Control": [
          "no-cache"
        ],
        "Pragma": [
          "no-cache"
        ],
        "Location": [
          "https://management.azure.com/subscriptions/69a75bda-882e-44d5-8431-63421204132a/providers/Microsoft.NetApp/locations/westus2/operationResults/e8e2e4cd-638e-489e-ac50-77f8c2b4bf46?api-version=2019-11-01&operationResultResponseType=Location"
        ],
        "x-ms-request-id": [
          "1621bbd7-21af-4e94-8745-bd9fcb683eed"
        ],
        "Azure-AsyncOperation": [
          "https://management.azure.com/subscriptions/69a75bda-882e-44d5-8431-63421204132a/providers/Microsoft.NetApp/locations/westus2/operationResults/e8e2e4cd-638e-489e-ac50-77f8c2b4bf46?api-version=2019-11-01"
        ],
        "Request-Context": [
          "appId=cid-v1:2c4cb680-0a1f-424d-bb8d-8e650ba68d53"
        ],
        "Access-Control-Expose-Headers": [
          "Request-Context"
        ],
        "Server": [
          "Microsoft-IIS/10.0"
        ],
        "X-Powered-By": [
          "ASP.NET"
        ],
        "x-ms-ratelimit-remaining-subscription-writes": [
          "1196"
        ],
        "x-ms-correlation-request-id": [
          "a4f00364-11f8-47d0-a872-17a039d0f9e4"
        ],
        "x-ms-routing-request-id": [
          "NORTHEUROPE:20200824T111933Z:a4f00364-11f8-47d0-a872-17a039d0f9e4"
        ],
        "Strict-Transport-Security": [
          "max-age=31536000; includeSubDomains"
        ],
        "X-Content-Type-Options": [
          "nosniff"
        ],
        "Date": [
          "Mon, 24 Aug 2020 11:19:33 GMT"
        ],
        "Content-Length": [
          "576"
        ],
        "Content-Type": [
          "application/json; charset=utf-8"
        ],
        "Expires": [
          "-1"
        ]
      },
      "ResponseBody": "{\r\n  \"id\": \"/subscriptions/69a75bda-882e-44d5-8431-63421204132a/resourceGroups/sdk-net-test-qa2/providers/Microsoft.NetApp/netAppAccounts/sdk-net-tests-acc-20/capacityPools/sdk-net-tests-pool-10/volumes/sdk-net-tests-vol-1000/snapshots/sdk-net-tests-snap-10\",\r\n  \"name\": \"sdk-net-tests-acc-20/sdk-net-tests-pool-10/sdk-net-tests-vol-1000/sdk-net-tests-snap-10\",\r\n  \"type\": \"Microsoft.NetApp/netAppAccounts/capacityPools/volumes/snapshots\",\r\n  \"location\": \"westus2\",\r\n  \"properties\": {\r\n    \"provisioningState\": \"Creating\",\r\n    \"fileSystemId\": \"c0b3d1dc-54b5-a380-a973-16993918e90f\",\r\n    \"name\": \"sdk-net-tests-snap-10\"\r\n  }\r\n}",
      "StatusCode": 201
    },
    {
      "RequestUri": "/subscriptions/69a75bda-882e-44d5-8431-63421204132a/providers/Microsoft.NetApp/locations/westus2/operationResults/e8e2e4cd-638e-489e-ac50-77f8c2b4bf46?api-version=2019-11-01",
      "EncodedRequestUri": "L3N1YnNjcmlwdGlvbnMvNjlhNzViZGEtODgyZS00NGQ1LTg0MzEtNjM0MjEyMDQxMzJhL3Byb3ZpZGVycy9NaWNyb3NvZnQuTmV0QXBwL2xvY2F0aW9ucy93ZXN0dXMyL29wZXJhdGlvblJlc3VsdHMvZThlMmU0Y2QtNjM4ZS00ODllLWFjNTAtNzdmOGMyYjRiZjQ2P2FwaS12ZXJzaW9uPTIwMTktMTEtMDE=",
      "RequestMethod": "GET",
      "RequestBody": "",
      "RequestHeaders": {
        "User-Agent": [
          "FxVersion/4.6.29130.01",
          "OSName/Windows",
          "OSVersion/Microsoft.Windows.10.0.18363.",
          "Microsoft.Azure.Management.NetApp.AzureNetAppFilesManagementClient/1.5.1.0"
        ]
      },
      "ResponseHeaders": {
        "Cache-Control": [
          "no-cache"
        ],
        "Pragma": [
          "no-cache"
        ],
        "x-ms-request-id": [
          "896d83af-0fe9-48c3-9a8c-a4222286320b"
        ],
        "Request-Context": [
          "appId=cid-v1:2c4cb680-0a1f-424d-bb8d-8e650ba68d53"
        ],
        "Access-Control-Expose-Headers": [
          "Request-Context"
        ],
        "Server": [
          "Microsoft-IIS/10.0"
        ],
        "X-Powered-By": [
          "ASP.NET"
        ],
        "x-ms-ratelimit-remaining-subscription-reads": [
          "11987"
        ],
        "x-ms-correlation-request-id": [
          "9dc0e26b-8cd2-4237-bb16-f17e48e7ca40"
        ],
        "x-ms-routing-request-id": [
          "NORTHEUROPE:20200824T112004Z:9dc0e26b-8cd2-4237-bb16-f17e48e7ca40"
        ],
        "Strict-Transport-Security": [
          "max-age=31536000; includeSubDomains"
        ],
        "X-Content-Type-Options": [
          "nosniff"
        ],
        "Date": [
          "Mon, 24 Aug 2020 11:20:03 GMT"
        ],
        "Content-Length": [
          "611"
        ],
        "Content-Type": [
          "application/json; charset=utf-8"
        ],
        "Expires": [
          "-1"
        ]
      },
      "ResponseBody": "{\r\n  \"id\": \"/subscriptions/69a75bda-882e-44d5-8431-63421204132a/providers/Microsoft.NetApp/locations/westus2/operationResults/e8e2e4cd-638e-489e-ac50-77f8c2b4bf46\",\r\n  \"name\": \"e8e2e4cd-638e-489e-ac50-77f8c2b4bf46\",\r\n  \"status\": \"Succeeded\",\r\n  \"startTime\": \"2020-08-24T11:19:33.738717Z\",\r\n  \"endTime\": \"2020-08-24T11:19:35.7740559Z\",\r\n  \"percentComplete\": 100.0,\r\n  \"properties\": {\r\n    \"resourceName\": \"/subscriptions/69a75bda-882e-44d5-8431-63421204132a/resourceGroups/sdk-net-test-qa2/providers/Microsoft.NetApp/netAppAccounts/sdk-net-tests-acc-20/capacityPools/sdk-net-tests-pool-10/volumes/sdk-net-tests-vol-1000/snapshots/sdk-net-tests-snap-10\"\r\n  }\r\n}",
      "StatusCode": 200
    },
    {
      "RequestUri": "/subscriptions/69a75bda-882e-44d5-8431-63421204132a/resourceGroups/sdk-net-test-qa2/providers/Microsoft.NetApp/netAppAccounts/sdk-net-tests-acc-20/capacityPools/sdk-net-tests-pool-10/volumes/sdk-net-tests-vol-1000/snapshots/sdk-net-tests-snap-10?api-version=2019-11-01",
      "EncodedRequestUri": "L3N1YnNjcmlwdGlvbnMvNjlhNzViZGEtODgyZS00NGQ1LTg0MzEtNjM0MjEyMDQxMzJhL3Jlc291cmNlR3JvdXBzL3Nkay1uZXQtdGVzdC1xYTIvcHJvdmlkZXJzL01pY3Jvc29mdC5OZXRBcHAvbmV0QXBwQWNjb3VudHMvc2RrLW5ldC10ZXN0cy1hY2MtMjAvY2FwYWNpdHlQb29scy9zZGstbmV0LXRlc3RzLXBvb2wtMTAvdm9sdW1lcy9zZGstbmV0LXRlc3RzLXZvbC0xMDAwL3NuYXBzaG90cy9zZGstbmV0LXRlc3RzLXNuYXAtMTA/YXBpLXZlcnNpb249MjAxOS0xMS0wMQ==",
      "RequestMethod": "GET",
      "RequestBody": "",
      "RequestHeaders": {
        "User-Agent": [
          "FxVersion/4.6.29130.01",
          "OSName/Windows",
          "OSVersion/Microsoft.Windows.10.0.18363.",
          "Microsoft.Azure.Management.NetApp.AzureNetAppFilesManagementClient/1.5.1.0"
        ]
      },
      "ResponseHeaders": {
        "Cache-Control": [
          "no-cache"
        ],
        "Pragma": [
          "no-cache"
        ],
        "x-ms-request-id": [
          "0cd3b275-cd88-45b8-9614-2a20d1a9c16e"
        ],
        "Request-Context": [
          "appId=cid-v1:2c4cb680-0a1f-424d-bb8d-8e650ba68d53"
        ],
        "Access-Control-Expose-Headers": [
          "Request-Context"
        ],
        "Server": [
          "Microsoft-IIS/10.0"
        ],
        "X-Powered-By": [
          "ASP.NET"
        ],
        "x-ms-ratelimit-remaining-subscription-reads": [
          "11986"
        ],
        "x-ms-correlation-request-id": [
          "c009778e-14da-412d-ab23-a50bc4d89adc"
        ],
        "x-ms-routing-request-id": [
          "NORTHEUROPE:20200824T112004Z:c009778e-14da-412d-ab23-a50bc4d89adc"
        ],
        "Strict-Transport-Security": [
          "max-age=31536000; includeSubDomains"
        ],
        "X-Content-Type-Options": [
          "nosniff"
        ],
        "Date": [
          "Mon, 24 Aug 2020 11:20:03 GMT"
        ],
        "Content-Length": [
          "662"
        ],
        "Content-Type": [
          "application/json; charset=utf-8"
        ],
        "Expires": [
          "-1"
        ]
      },
      "ResponseBody": "{\r\n  \"id\": \"/subscriptions/69a75bda-882e-44d5-8431-63421204132a/resourceGroups/sdk-net-test-qa2/providers/Microsoft.NetApp/netAppAccounts/sdk-net-tests-acc-20/capacityPools/sdk-net-tests-pool-10/volumes/sdk-net-tests-vol-1000/snapshots/sdk-net-tests-snap-10\",\r\n  \"name\": \"sdk-net-tests-acc-20/sdk-net-tests-pool-10/sdk-net-tests-vol-1000/sdk-net-tests-snap-10\",\r\n  \"type\": \"Microsoft.NetApp/netAppAccounts/capacityPools/volumes/snapshots\",\r\n  \"location\": \"westus2\",\r\n  \"properties\": {\r\n    \"provisioningState\": \"Succeeded\",\r\n    \"snapshotId\": \"23c5594e-269f-bc89-f977-155f805fe12a\",\r\n    \"fileSystemId\": \"c0b3d1dc-54b5-a380-a973-16993918e90f\",\r\n    \"name\": \"sdk-net-tests-snap-10\",\r\n    \"created\": \"2020-08-24T11:19:33Z\"\r\n  }\r\n}",
      "StatusCode": 200
    },
    {
      "RequestUri": "/subscriptions/69a75bda-882e-44d5-8431-63421204132a/resourceGroups/sdk-net-test-qa2/providers/Microsoft.NetApp/netAppAccounts/sdk-net-tests-acc-20/capacityPools/sdk-net-tests-pool-10/volumes/sdk-net-tests-vol-1000/snapshots/sdk-net-tests-snap-10?api-version=2019-11-01",
      "EncodedRequestUri": "L3N1YnNjcmlwdGlvbnMvNjlhNzViZGEtODgyZS00NGQ1LTg0MzEtNjM0MjEyMDQxMzJhL3Jlc291cmNlR3JvdXBzL3Nkay1uZXQtdGVzdC1xYTIvcHJvdmlkZXJzL01pY3Jvc29mdC5OZXRBcHAvbmV0QXBwQWNjb3VudHMvc2RrLW5ldC10ZXN0cy1hY2MtMjAvY2FwYWNpdHlQb29scy9zZGstbmV0LXRlc3RzLXBvb2wtMTAvdm9sdW1lcy9zZGstbmV0LXRlc3RzLXZvbC0xMDAwL3NuYXBzaG90cy9zZGstbmV0LXRlc3RzLXNuYXAtMTA/YXBpLXZlcnNpb249MjAxOS0xMS0wMQ==",
      "RequestMethod": "GET",
      "RequestBody": "",
      "RequestHeaders": {
        "x-ms-client-request-id": [
          "875a4407-993f-4bae-8cc9-07fc707fd435"
        ],
        "Accept-Language": [
          "en-US"
        ],
        "User-Agent": [
          "FxVersion/4.6.29130.01",
          "OSName/Windows",
          "OSVersion/Microsoft.Windows.10.0.18363.",
          "Microsoft.Azure.Management.NetApp.AzureNetAppFilesManagementClient/1.5.1.0"
        ]
      },
      "ResponseHeaders": {
        "Cache-Control": [
          "no-cache"
        ],
        "Pragma": [
          "no-cache"
        ],
        "x-ms-request-id": [
          "8f5ad2fe-8b81-47e7-978f-4783cfb49494"
        ],
        "Request-Context": [
          "appId=cid-v1:2c4cb680-0a1f-424d-bb8d-8e650ba68d53"
        ],
        "Access-Control-Expose-Headers": [
          "Request-Context"
        ],
        "Server": [
          "Microsoft-IIS/10.0"
        ],
        "X-Powered-By": [
          "ASP.NET"
        ],
        "x-ms-ratelimit-remaining-subscription-reads": [
          "11985"
        ],
        "x-ms-correlation-request-id": [
          "d3db1671-58ae-44e1-81a6-ec3f2518a5de"
        ],
        "x-ms-routing-request-id": [
          "NORTHEUROPE:20200824T112004Z:d3db1671-58ae-44e1-81a6-ec3f2518a5de"
        ],
        "Strict-Transport-Security": [
          "max-age=31536000; includeSubDomains"
        ],
        "X-Content-Type-Options": [
          "nosniff"
        ],
        "Date": [
          "Mon, 24 Aug 2020 11:20:04 GMT"
        ],
        "Content-Length": [
          "662"
        ],
        "Content-Type": [
          "application/json; charset=utf-8"
        ],
        "Expires": [
          "-1"
        ]
      },
      "ResponseBody": "{\r\n  \"id\": \"/subscriptions/69a75bda-882e-44d5-8431-63421204132a/resourceGroups/sdk-net-test-qa2/providers/Microsoft.NetApp/netAppAccounts/sdk-net-tests-acc-20/capacityPools/sdk-net-tests-pool-10/volumes/sdk-net-tests-vol-1000/snapshots/sdk-net-tests-snap-10\",\r\n  \"name\": \"sdk-net-tests-acc-20/sdk-net-tests-pool-10/sdk-net-tests-vol-1000/sdk-net-tests-snap-10\",\r\n  \"type\": \"Microsoft.NetApp/netAppAccounts/capacityPools/volumes/snapshots\",\r\n  \"location\": \"westus2\",\r\n  \"properties\": {\r\n    \"provisioningState\": \"Succeeded\",\r\n    \"snapshotId\": \"23c5594e-269f-bc89-f977-155f805fe12a\",\r\n    \"fileSystemId\": \"c0b3d1dc-54b5-a380-a973-16993918e90f\",\r\n    \"name\": \"sdk-net-tests-snap-10\",\r\n    \"created\": \"2020-08-24T11:19:33Z\"\r\n  }\r\n}",
      "StatusCode": 200
    },
    {
      "RequestUri": "/subscriptions/69a75bda-882e-44d5-8431-63421204132a/providers/Microsoft.NetApp/locations/westus2/operationResults/86130b85-2b8e-464a-a96f-eeeff6420f44?api-version=2019-11-01",
      "EncodedRequestUri": "L3N1YnNjcmlwdGlvbnMvNjlhNzViZGEtODgyZS00NGQ1LTg0MzEtNjM0MjEyMDQxMzJhL3Byb3ZpZGVycy9NaWNyb3NvZnQuTmV0QXBwL2xvY2F0aW9ucy93ZXN0dXMyL29wZXJhdGlvblJlc3VsdHMvODYxMzBiODUtMmI4ZS00NjRhLWE5NmYtZWVlZmY2NDIwZjQ0P2FwaS12ZXJzaW9uPTIwMTktMTEtMDE=",
      "RequestMethod": "GET",
      "RequestBody": "",
      "RequestHeaders": {
        "User-Agent": [
          "FxVersion/4.6.29130.01",
          "OSName/Windows",
          "OSVersion/Microsoft.Windows.10.0.18363.",
          "Microsoft.Azure.Management.NetApp.AzureNetAppFilesManagementClient/1.5.1.0"
        ]
      },
      "ResponseHeaders": {
        "Cache-Control": [
          "no-cache"
        ],
        "Pragma": [
          "no-cache"
        ],
        "x-ms-request-id": [
          "67b2f4cf-efe1-427c-8f23-5131bf17c54a"
        ],
        "Request-Context": [
          "appId=cid-v1:2c4cb680-0a1f-424d-bb8d-8e650ba68d53"
        ],
        "Access-Control-Expose-Headers": [
          "Request-Context"
        ],
        "Server": [
          "Microsoft-IIS/10.0"
        ],
        "X-Powered-By": [
          "ASP.NET"
        ],
        "x-ms-ratelimit-remaining-subscription-reads": [
          "11984"
        ],
        "x-ms-correlation-request-id": [
          "e7fb4fd8-1d4a-4b1f-bb33-95d3e50627a0"
        ],
        "x-ms-routing-request-id": [
          "NORTHEUROPE:20200824T112035Z:e7fb4fd8-1d4a-4b1f-bb33-95d3e50627a0"
        ],
        "Strict-Transport-Security": [
          "max-age=31536000; includeSubDomains"
        ],
        "X-Content-Type-Options": [
          "nosniff"
        ],
        "Date": [
          "Mon, 24 Aug 2020 11:20:35 GMT"
        ],
        "Content-Length": [
          "513"
        ],
        "Content-Type": [
          "application/json; charset=utf-8"
        ],
        "Expires": [
          "-1"
        ]
      },
      "ResponseBody": "{\r\n  \"id\": \"/subscriptions/69a75bda-882e-44d5-8431-63421204132a/providers/Microsoft.NetApp/locations/westus2/operationResults/86130b85-2b8e-464a-a96f-eeeff6420f44\",\r\n  \"name\": \"86130b85-2b8e-464a-a96f-eeeff6420f44\",\r\n  \"status\": \"Succeeded\",\r\n  \"startTime\": \"2020-08-24T11:20:05.1639176Z\",\r\n  \"endTime\": \"2020-08-24T11:20:05.3670579Z\",\r\n  \"percentComplete\": 100.0,\r\n  \"properties\": {\r\n    \"resourceName\": \"/subscriptions/69a75bda-882e-44d5-8431-63421204132a/resourceGroups/sdk-net-test-qa2/providers/Microsoft.NetApp/netAppAccounts/sdk-net-tests-acc-20\"\r\n  }\r\n}",
      "StatusCode": 200
    },
    {
      "RequestUri": "/subscriptions/69a75bda-882e-44d5-8431-63421204132a/providers/Microsoft.NetApp/locations/westus2/operationResults/f055a9a9-4f17-4d4a-afa6-e080dd504058?api-version=2019-11-01",
      "EncodedRequestUri": "L3N1YnNjcmlwdGlvbnMvNjlhNzViZGEtODgyZS00NGQ1LTg0MzEtNjM0MjEyMDQxMzJhL3Byb3ZpZGVycy9NaWNyb3NvZnQuTmV0QXBwL2xvY2F0aW9ucy93ZXN0dXMyL29wZXJhdGlvblJlc3VsdHMvZjA1NWE5YTktNGYxNy00ZDRhLWFmYTYtZTA4MGRkNTA0MDU4P2FwaS12ZXJzaW9uPTIwMTktMTEtMDE=",
      "RequestMethod": "GET",
      "RequestBody": "",
      "RequestHeaders": {
        "User-Agent": [
          "FxVersion/4.6.29130.01",
          "OSName/Windows",
          "OSVersion/Microsoft.Windows.10.0.18363.",
          "Microsoft.Azure.Management.NetApp.AzureNetAppFilesManagementClient/1.5.1.0"
        ]
      },
      "ResponseHeaders": {
        "Cache-Control": [
          "no-cache"
        ],
        "Pragma": [
          "no-cache"
        ],
        "x-ms-request-id": [
          "090b63fd-404c-48f6-8566-c2d43eac8ca6"
        ],
        "Request-Context": [
          "appId=cid-v1:2c4cb680-0a1f-424d-bb8d-8e650ba68d53"
        ],
        "Access-Control-Expose-Headers": [
          "Request-Context"
        ],
        "x-ms-ratelimit-remaining-subscription-reads": [
          "11982"
        ],
        "Server": [
          "Microsoft-IIS/10.0"
        ],
        "X-Powered-By": [
          "ASP.NET"
        ],
        "x-ms-correlation-request-id": [
          "4e7332c0-6a21-495a-8611-ad100495900b"
        ],
        "x-ms-routing-request-id": [
          "NORTHEUROPE:20200824T112111Z:4e7332c0-6a21-495a-8611-ad100495900b"
        ],
        "Strict-Transport-Security": [
          "max-age=31536000; includeSubDomains"
        ],
        "X-Content-Type-Options": [
          "nosniff"
        ],
        "Date": [
          "Mon, 24 Aug 2020 11:21:11 GMT"
        ],
        "Content-Length": [
          "549"
        ],
        "Content-Type": [
          "application/json; charset=utf-8"
        ],
        "Expires": [
          "-1"
        ]
      },
      "ResponseBody": "{\r\n  \"id\": \"/subscriptions/69a75bda-882e-44d5-8431-63421204132a/providers/Microsoft.NetApp/locations/westus2/operationResults/f055a9a9-4f17-4d4a-afa6-e080dd504058\",\r\n  \"name\": \"f055a9a9-4f17-4d4a-afa6-e080dd504058\",\r\n  \"status\": \"Succeeded\",\r\n  \"startTime\": \"2020-08-24T11:20:41.4229611Z\",\r\n  \"endTime\": \"2020-08-24T11:20:41.6501303Z\",\r\n  \"percentComplete\": 100.0,\r\n  \"properties\": {\r\n    \"resourceName\": \"/subscriptions/69a75bda-882e-44d5-8431-63421204132a/resourceGroups/sdk-net-test-qa2/providers/Microsoft.NetApp/netAppAccounts/sdk-net-tests-acc-20/capacityPools/sdk-net-tests-pool-10\"\r\n  }\r\n}",
      "StatusCode": 200
    },
    {
      "RequestUri": "/subscriptions/69a75bda-882e-44d5-8431-63421204132a/providers/Microsoft.NetApp/locations/westus2/operationResults/2179015a-31d4-45c5-a7d0-8f8bcaf121f7?api-version=2019-11-01",
      "EncodedRequestUri": "L3N1YnNjcmlwdGlvbnMvNjlhNzViZGEtODgyZS00NGQ1LTg0MzEtNjM0MjEyMDQxMzJhL3Byb3ZpZGVycy9NaWNyb3NvZnQuTmV0QXBwL2xvY2F0aW9ucy93ZXN0dXMyL29wZXJhdGlvblJlc3VsdHMvMjE3OTAxNWEtMzFkNC00NWM1LWE3ZDAtOGY4YmNhZjEyMWY3P2FwaS12ZXJzaW9uPTIwMTktMTEtMDE=",
      "RequestMethod": "GET",
      "RequestBody": "",
      "RequestHeaders": {
        "User-Agent": [
          "FxVersion/4.6.29130.01",
          "OSName/Windows",
          "OSVersion/Microsoft.Windows.10.0.18363.",
          "Microsoft.Azure.Management.NetApp.AzureNetAppFilesManagementClient/1.5.1.0"
        ]
      },
      "ResponseHeaders": {
        "Cache-Control": [
          "no-cache"
        ],
        "Pragma": [
          "no-cache"
        ],
        "x-ms-request-id": [
          "424f8f01-0fe9-4e81-82b1-5ed460a54f7c"
        ],
        "Request-Context": [
          "appId=cid-v1:2c4cb680-0a1f-424d-bb8d-8e650ba68d53"
        ],
        "Access-Control-Expose-Headers": [
          "Request-Context"
        ],
        "Server": [
          "Microsoft-IIS/10.0"
        ],
        "X-Powered-By": [
          "ASP.NET"
        ],
        "x-ms-ratelimit-remaining-subscription-reads": [
          "11980"
        ],
        "x-ms-correlation-request-id": [
          "848f854e-8f9b-41b4-b259-b8516f576884"
        ],
        "x-ms-routing-request-id": [
          "NORTHEUROPE:20200824T112149Z:848f854e-8f9b-41b4-b259-b8516f576884"
        ],
        "Strict-Transport-Security": [
          "max-age=31536000; includeSubDomains"
        ],
        "X-Content-Type-Options": [
          "nosniff"
        ],
        "Date": [
          "Mon, 24 Aug 2020 11:21:48 GMT"
        ],
        "Content-Length": [
          "580"
        ],
        "Content-Type": [
          "application/json; charset=utf-8"
        ],
        "Expires": [
          "-1"
        ]
      },
      "ResponseBody": "{\r\n  \"id\": \"/subscriptions/69a75bda-882e-44d5-8431-63421204132a/providers/Microsoft.NetApp/locations/westus2/operationResults/2179015a-31d4-45c5-a7d0-8f8bcaf121f7\",\r\n  \"name\": \"2179015a-31d4-45c5-a7d0-8f8bcaf121f7\",\r\n  \"status\": \"Succeeded\",\r\n  \"startTime\": \"2020-08-24T11:21:18.7156074Z\",\r\n  \"endTime\": \"2020-08-24T11:21:20.7313081Z\",\r\n  \"percentComplete\": 100.0,\r\n  \"properties\": {\r\n    \"resourceName\": \"/subscriptions/69a75bda-882e-44d5-8431-63421204132a/resourceGroups/sdk-net-test-qa2/providers/Microsoft.NetApp/netAppAccounts/sdk-net-tests-acc-20/capacityPools/sdk-net-tests-pool-10/volumes/sdk-net-tests-vol-1000\"\r\n  }\r\n}",
      "StatusCode": 200
    },
    {
      "RequestUri": "/subscriptions/69a75bda-882e-44d5-8431-63421204132a/resourceGroups/sdk-net-test-qa2/providers/Microsoft.NetApp/netAppAccounts/sdk-net-tests-acc-20/capacityPools/sdk-net-tests-pool-10/volumes/sdk-net-tests-vol-1000/snapshots/sdk-net-tests-snap-11?api-version=2019-11-01",
      "EncodedRequestUri": "L3N1YnNjcmlwdGlvbnMvNjlhNzViZGEtODgyZS00NGQ1LTg0MzEtNjM0MjEyMDQxMzJhL3Jlc291cmNlR3JvdXBzL3Nkay1uZXQtdGVzdC1xYTIvcHJvdmlkZXJzL01pY3Jvc29mdC5OZXRBcHAvbmV0QXBwQWNjb3VudHMvc2RrLW5ldC10ZXN0cy1hY2MtMjAvY2FwYWNpdHlQb29scy9zZGstbmV0LXRlc3RzLXBvb2wtMTAvdm9sdW1lcy9zZGstbmV0LXRlc3RzLXZvbC0xMDAwL3NuYXBzaG90cy9zZGstbmV0LXRlc3RzLXNuYXAtMTE/YXBpLXZlcnNpb249MjAxOS0xMS0wMQ==",
      "RequestMethod": "PUT",
      "RequestBody": "{\r\n  \"location\": \"westus2\"\r\n}",
      "RequestHeaders": {
        "x-ms-client-request-id": [
          "b15ed889-d199-4997-a950-cd1f64383b58"
        ],
        "Accept-Language": [
          "en-US"
        ],
        "User-Agent": [
          "FxVersion/4.6.29130.01",
          "OSName/Windows",
          "OSVersion/Microsoft.Windows.10.0.18363.",
          "Microsoft.Azure.Management.NetApp.AzureNetAppFilesManagementClient/1.5.1.0"
        ],
        "Content-Type": [
          "application/json; charset=utf-8"
        ],
        "Content-Length": [
          "29"
        ]
      },
      "ResponseHeaders": {
        "Cache-Control": [
          "no-cache"
        ],
        "Pragma": [
          "no-cache"
        ],
        "Location": [
          "https://management.azure.com/subscriptions/69a75bda-882e-44d5-8431-63421204132a/providers/Microsoft.NetApp/locations/westus2/operationResults/347814de-9d1b-4a8d-ba41-b045b7804287?api-version=2019-11-01&operationResultResponseType=Location"
        ],
        "x-ms-request-id": [
          "cb3cc170-63ed-4e77-9b51-d17eda99302f"
        ],
        "Azure-AsyncOperation": [
          "https://management.azure.com/subscriptions/69a75bda-882e-44d5-8431-63421204132a/providers/Microsoft.NetApp/locations/westus2/operationResults/347814de-9d1b-4a8d-ba41-b045b7804287?api-version=2019-11-01"
        ],
        "Request-Context": [
          "appId=cid-v1:2c4cb680-0a1f-424d-bb8d-8e650ba68d53"
        ],
        "Access-Control-Expose-Headers": [
          "Request-Context"
        ],
        "Server": [
          "Microsoft-IIS/10.0"
        ],
        "X-Powered-By": [
          "ASP.NET"
        ],
        "x-ms-ratelimit-remaining-subscription-writes": [
          "1192"
        ],
        "x-ms-correlation-request-id": [
          "665f5107-18dd-412b-81bb-e1d16a7566e6"
        ],
        "x-ms-routing-request-id": [
          "NORTHEUROPE:20200824T112155Z:665f5107-18dd-412b-81bb-e1d16a7566e6"
        ],
        "Strict-Transport-Security": [
          "max-age=31536000; includeSubDomains"
        ],
        "X-Content-Type-Options": [
          "nosniff"
        ],
        "Date": [
          "Mon, 24 Aug 2020 11:21:54 GMT"
        ],
        "Content-Length": [
          "576"
        ],
        "Content-Type": [
          "application/json; charset=utf-8"
        ],
        "Expires": [
          "-1"
        ]
      },
      "ResponseBody": "{\r\n  \"id\": \"/subscriptions/69a75bda-882e-44d5-8431-63421204132a/resourceGroups/sdk-net-test-qa2/providers/Microsoft.NetApp/netAppAccounts/sdk-net-tests-acc-20/capacityPools/sdk-net-tests-pool-10/volumes/sdk-net-tests-vol-1000/snapshots/sdk-net-tests-snap-11\",\r\n  \"name\": \"sdk-net-tests-acc-20/sdk-net-tests-pool-10/sdk-net-tests-vol-1000/sdk-net-tests-snap-11\",\r\n  \"type\": \"Microsoft.NetApp/netAppAccounts/capacityPools/volumes/snapshots\",\r\n  \"location\": \"westus2\",\r\n  \"properties\": {\r\n    \"provisioningState\": \"Creating\",\r\n    \"fileSystemId\": \"c0b3d1dc-54b5-a380-a973-16993918e90f\",\r\n    \"name\": \"sdk-net-tests-snap-11\"\r\n  }\r\n}",
      "StatusCode": 201
    },
    {
      "RequestUri": "/subscriptions/69a75bda-882e-44d5-8431-63421204132a/providers/Microsoft.NetApp/locations/westus2/operationResults/347814de-9d1b-4a8d-ba41-b045b7804287?api-version=2019-11-01",
      "EncodedRequestUri": "L3N1YnNjcmlwdGlvbnMvNjlhNzViZGEtODgyZS00NGQ1LTg0MzEtNjM0MjEyMDQxMzJhL3Byb3ZpZGVycy9NaWNyb3NvZnQuTmV0QXBwL2xvY2F0aW9ucy93ZXN0dXMyL29wZXJhdGlvblJlc3VsdHMvMzQ3ODE0ZGUtOWQxYi00YThkLWJhNDEtYjA0NWI3ODA0Mjg3P2FwaS12ZXJzaW9uPTIwMTktMTEtMDE=",
      "RequestMethod": "GET",
      "RequestBody": "",
      "RequestHeaders": {
        "User-Agent": [
          "FxVersion/4.6.29130.01",
          "OSName/Windows",
          "OSVersion/Microsoft.Windows.10.0.18363.",
          "Microsoft.Azure.Management.NetApp.AzureNetAppFilesManagementClient/1.5.1.0"
        ]
      },
      "ResponseHeaders": {
        "Cache-Control": [
          "no-cache"
        ],
        "Pragma": [
          "no-cache"
        ],
        "x-ms-request-id": [
          "479f39d8-f9a4-4bf0-abdc-026a47be3c30"
        ],
        "Request-Context": [
          "appId=cid-v1:2c4cb680-0a1f-424d-bb8d-8e650ba68d53"
        ],
        "Access-Control-Expose-Headers": [
          "Request-Context"
        ],
        "Server": [
          "Microsoft-IIS/10.0"
        ],
        "X-Powered-By": [
          "ASP.NET"
        ],
        "x-ms-ratelimit-remaining-subscription-reads": [
          "11978"
        ],
        "x-ms-correlation-request-id": [
          "3d8db483-3227-485f-b362-f87b56922ce6"
        ],
        "x-ms-routing-request-id": [
          "NORTHEUROPE:20200824T112225Z:3d8db483-3227-485f-b362-f87b56922ce6"
        ],
        "Strict-Transport-Security": [
          "max-age=31536000; includeSubDomains"
        ],
        "X-Content-Type-Options": [
          "nosniff"
        ],
        "Date": [
          "Mon, 24 Aug 2020 11:22:25 GMT"
        ],
        "Content-Length": [
          "612"
        ],
        "Content-Type": [
          "application/json; charset=utf-8"
        ],
        "Expires": [
          "-1"
        ]
      },
      "ResponseBody": "{\r\n  \"id\": \"/subscriptions/69a75bda-882e-44d5-8431-63421204132a/providers/Microsoft.NetApp/locations/westus2/operationResults/347814de-9d1b-4a8d-ba41-b045b7804287\",\r\n  \"name\": \"347814de-9d1b-4a8d-ba41-b045b7804287\",\r\n  \"status\": \"Succeeded\",\r\n  \"startTime\": \"2020-08-24T11:21:55.3536876Z\",\r\n  \"endTime\": \"2020-08-24T11:21:58.1204644Z\",\r\n  \"percentComplete\": 100.0,\r\n  \"properties\": {\r\n    \"resourceName\": \"/subscriptions/69a75bda-882e-44d5-8431-63421204132a/resourceGroups/sdk-net-test-qa2/providers/Microsoft.NetApp/netAppAccounts/sdk-net-tests-acc-20/capacityPools/sdk-net-tests-pool-10/volumes/sdk-net-tests-vol-1000/snapshots/sdk-net-tests-snap-11\"\r\n  }\r\n}",
      "StatusCode": 200
    },
    {
      "RequestUri": "/subscriptions/69a75bda-882e-44d5-8431-63421204132a/resourceGroups/sdk-net-test-qa2/providers/Microsoft.NetApp/netAppAccounts/sdk-net-tests-acc-20/capacityPools/sdk-net-tests-pool-10/volumes/sdk-net-tests-vol-1000/snapshots/sdk-net-tests-snap-11?api-version=2019-11-01",
      "EncodedRequestUri": "L3N1YnNjcmlwdGlvbnMvNjlhNzViZGEtODgyZS00NGQ1LTg0MzEtNjM0MjEyMDQxMzJhL3Jlc291cmNlR3JvdXBzL3Nkay1uZXQtdGVzdC1xYTIvcHJvdmlkZXJzL01pY3Jvc29mdC5OZXRBcHAvbmV0QXBwQWNjb3VudHMvc2RrLW5ldC10ZXN0cy1hY2MtMjAvY2FwYWNpdHlQb29scy9zZGstbmV0LXRlc3RzLXBvb2wtMTAvdm9sdW1lcy9zZGstbmV0LXRlc3RzLXZvbC0xMDAwL3NuYXBzaG90cy9zZGstbmV0LXRlc3RzLXNuYXAtMTE/YXBpLXZlcnNpb249MjAxOS0xMS0wMQ==",
      "RequestMethod": "GET",
      "RequestBody": "",
      "RequestHeaders": {
        "User-Agent": [
          "FxVersion/4.6.29130.01",
          "OSName/Windows",
          "OSVersion/Microsoft.Windows.10.0.18363.",
          "Microsoft.Azure.Management.NetApp.AzureNetAppFilesManagementClient/1.5.1.0"
        ]
      },
      "ResponseHeaders": {
        "Cache-Control": [
          "no-cache"
        ],
        "Pragma": [
          "no-cache"
        ],
        "x-ms-request-id": [
          "6c2d9acb-f32d-4763-ae7b-bccea266ed5a"
        ],
        "Request-Context": [
          "appId=cid-v1:2c4cb680-0a1f-424d-bb8d-8e650ba68d53"
        ],
        "Access-Control-Expose-Headers": [
          "Request-Context"
        ],
        "Server": [
          "Microsoft-IIS/10.0"
        ],
        "X-Powered-By": [
          "ASP.NET"
        ],
        "x-ms-ratelimit-remaining-subscription-reads": [
          "11977"
        ],
        "x-ms-correlation-request-id": [
          "687aec63-a583-4c4a-b96e-a2f963cf4971"
        ],
        "x-ms-routing-request-id": [
          "NORTHEUROPE:20200824T112226Z:687aec63-a583-4c4a-b96e-a2f963cf4971"
        ],
        "Strict-Transport-Security": [
          "max-age=31536000; includeSubDomains"
        ],
        "X-Content-Type-Options": [
          "nosniff"
        ],
        "Date": [
          "Mon, 24 Aug 2020 11:22:26 GMT"
        ],
        "Content-Length": [
          "662"
        ],
        "Content-Type": [
          "application/json; charset=utf-8"
        ],
        "Expires": [
          "-1"
        ]
      },
      "ResponseBody": "{\r\n  \"id\": \"/subscriptions/69a75bda-882e-44d5-8431-63421204132a/resourceGroups/sdk-net-test-qa2/providers/Microsoft.NetApp/netAppAccounts/sdk-net-tests-acc-20/capacityPools/sdk-net-tests-pool-10/volumes/sdk-net-tests-vol-1000/snapshots/sdk-net-tests-snap-11\",\r\n  \"name\": \"sdk-net-tests-acc-20/sdk-net-tests-pool-10/sdk-net-tests-vol-1000/sdk-net-tests-snap-11\",\r\n  \"type\": \"Microsoft.NetApp/netAppAccounts/capacityPools/volumes/snapshots\",\r\n  \"location\": \"westus2\",\r\n  \"properties\": {\r\n    \"provisioningState\": \"Succeeded\",\r\n    \"snapshotId\": \"99ba2d60-3821-ccc4-2162-2aa82e56f7ea\",\r\n    \"fileSystemId\": \"c0b3d1dc-54b5-a380-a973-16993918e90f\",\r\n    \"name\": \"sdk-net-tests-snap-11\",\r\n    \"created\": \"2020-08-24T11:21:55Z\"\r\n  }\r\n}",
      "StatusCode": 200
    },
    {
      "RequestUri": "/subscriptions/69a75bda-882e-44d5-8431-63421204132a/resourceGroups/sdk-net-test-qa2/providers/Microsoft.NetApp/netAppAccounts/sdk-net-tests-acc-20/capacityPools/sdk-net-tests-pool-10/volumes/sdk-net-tests-vol-1000/snapshots/sdk-net-tests-snap-11?api-version=2019-11-01",
      "EncodedRequestUri": "L3N1YnNjcmlwdGlvbnMvNjlhNzViZGEtODgyZS00NGQ1LTg0MzEtNjM0MjEyMDQxMzJhL3Jlc291cmNlR3JvdXBzL3Nkay1uZXQtdGVzdC1xYTIvcHJvdmlkZXJzL01pY3Jvc29mdC5OZXRBcHAvbmV0QXBwQWNjb3VudHMvc2RrLW5ldC10ZXN0cy1hY2MtMjAvY2FwYWNpdHlQb29scy9zZGstbmV0LXRlc3RzLXBvb2wtMTAvdm9sdW1lcy9zZGstbmV0LXRlc3RzLXZvbC0xMDAwL3NuYXBzaG90cy9zZGstbmV0LXRlc3RzLXNuYXAtMTE/YXBpLXZlcnNpb249MjAxOS0xMS0wMQ==",
      "RequestMethod": "GET",
      "RequestBody": "",
      "RequestHeaders": {
        "x-ms-client-request-id": [
          "45b3046e-e1f4-4013-88a0-44a1992016db"
        ],
        "Accept-Language": [
          "en-US"
        ],
        "User-Agent": [
          "FxVersion/4.6.29130.01",
          "OSName/Windows",
          "OSVersion/Microsoft.Windows.10.0.18363.",
          "Microsoft.Azure.Management.NetApp.AzureNetAppFilesManagementClient/1.5.1.0"
        ]
      },
      "ResponseHeaders": {
        "Cache-Control": [
          "no-cache"
        ],
        "Pragma": [
          "no-cache"
        ],
        "x-ms-request-id": [
          "e6d405f3-7313-4a17-9894-9b6f9b285245"
        ],
        "Request-Context": [
          "appId=cid-v1:2c4cb680-0a1f-424d-bb8d-8e650ba68d53"
        ],
        "Access-Control-Expose-Headers": [
          "Request-Context"
        ],
        "Server": [
          "Microsoft-IIS/10.0"
        ],
        "X-Powered-By": [
          "ASP.NET"
        ],
        "x-ms-ratelimit-remaining-subscription-reads": [
          "11976"
        ],
        "x-ms-correlation-request-id": [
          "818753d8-f937-4a03-8a33-18031145db35"
        ],
        "x-ms-routing-request-id": [
          "NORTHEUROPE:20200824T112226Z:818753d8-f937-4a03-8a33-18031145db35"
        ],
        "Strict-Transport-Security": [
          "max-age=31536000; includeSubDomains"
        ],
        "X-Content-Type-Options": [
          "nosniff"
        ],
        "Date": [
          "Mon, 24 Aug 2020 11:22:26 GMT"
        ],
        "Content-Length": [
          "662"
        ],
        "Content-Type": [
          "application/json; charset=utf-8"
        ],
        "Expires": [
          "-1"
        ]
      },
      "ResponseBody": "{\r\n  \"id\": \"/subscriptions/69a75bda-882e-44d5-8431-63421204132a/resourceGroups/sdk-net-test-qa2/providers/Microsoft.NetApp/netAppAccounts/sdk-net-tests-acc-20/capacityPools/sdk-net-tests-pool-10/volumes/sdk-net-tests-vol-1000/snapshots/sdk-net-tests-snap-11\",\r\n  \"name\": \"sdk-net-tests-acc-20/sdk-net-tests-pool-10/sdk-net-tests-vol-1000/sdk-net-tests-snap-11\",\r\n  \"type\": \"Microsoft.NetApp/netAppAccounts/capacityPools/volumes/snapshots\",\r\n  \"location\": \"westus2\",\r\n  \"properties\": {\r\n    \"provisioningState\": \"Succeeded\",\r\n    \"snapshotId\": \"99ba2d60-3821-ccc4-2162-2aa82e56f7ea\",\r\n    \"fileSystemId\": \"c0b3d1dc-54b5-a380-a973-16993918e90f\",\r\n    \"name\": \"sdk-net-tests-snap-11\",\r\n    \"created\": \"2020-08-24T11:21:55Z\"\r\n  }\r\n}",
      "StatusCode": 200
    },
    {
      "RequestUri": "/subscriptions/69a75bda-882e-44d5-8431-63421204132a/resourceGroups/sdk-net-test-qa2/providers/Microsoft.NetApp/netAppAccounts/sdk-net-tests-acc-20/capacityPools/sdk-net-tests-pool-10/volumes/sdk-net-tests-vol-1000/snapshots?api-version=2019-11-01",
      "EncodedRequestUri": "L3N1YnNjcmlwdGlvbnMvNjlhNzViZGEtODgyZS00NGQ1LTg0MzEtNjM0MjEyMDQxMzJhL3Jlc291cmNlR3JvdXBzL3Nkay1uZXQtdGVzdC1xYTIvcHJvdmlkZXJzL01pY3Jvc29mdC5OZXRBcHAvbmV0QXBwQWNjb3VudHMvc2RrLW5ldC10ZXN0cy1hY2MtMjAvY2FwYWNpdHlQb29scy9zZGstbmV0LXRlc3RzLXBvb2wtMTAvdm9sdW1lcy9zZGstbmV0LXRlc3RzLXZvbC0xMDAwL3NuYXBzaG90cz9hcGktdmVyc2lvbj0yMDE5LTExLTAx",
      "RequestMethod": "GET",
      "RequestBody": "",
      "RequestHeaders": {
        "x-ms-client-request-id": [
          "5af37a5d-86c3-460a-80d1-01a211e079c4"
        ],
        "Accept-Language": [
          "en-US"
        ],
        "User-Agent": [
          "FxVersion/4.6.29130.01",
          "OSName/Windows",
          "OSVersion/Microsoft.Windows.10.0.18363.",
          "Microsoft.Azure.Management.NetApp.AzureNetAppFilesManagementClient/1.5.1.0"
        ]
      },
      "ResponseHeaders": {
        "Cache-Control": [
          "no-cache"
        ],
        "Pragma": [
          "no-cache"
        ],
        "x-ms-request-id": [
          "4c4e6450-60c2-4d17-add0-b7385a6c7537"
        ],
        "Request-Context": [
          "appId=cid-v1:2c4cb680-0a1f-424d-bb8d-8e650ba68d53"
        ],
        "Access-Control-Expose-Headers": [
          "Request-Context"
        ],
        "Server": [
          "Microsoft-IIS/10.0"
        ],
        "X-Powered-By": [
          "ASP.NET"
        ],
        "x-ms-ratelimit-remaining-subscription-reads": [
          "11974"
        ],
        "x-ms-correlation-request-id": [
          "04f6dad3-f975-4866-a91d-9e9d099048c4"
        ],
        "x-ms-routing-request-id": [
          "NORTHEUROPE:20200824T112227Z:04f6dad3-f975-4866-a91d-9e9d099048c4"
        ],
        "Strict-Transport-Security": [
          "max-age=31536000; includeSubDomains"
        ],
        "X-Content-Type-Options": [
          "nosniff"
        ],
        "Date": [
          "Mon, 24 Aug 2020 11:22:27 GMT"
        ],
        "Content-Length": [
          "1337"
        ],
        "Content-Type": [
          "application/json; charset=utf-8"
        ],
        "Expires": [
          "-1"
        ]
      },
      "ResponseBody": "{\r\n  \"value\": [\r\n    {\r\n      \"id\": \"/subscriptions/69a75bda-882e-44d5-8431-63421204132a/resourceGroups/sdk-net-test-qa2/providers/Microsoft.NetApp/netAppAccounts/sdk-net-tests-acc-20/capacityPools/sdk-net-tests-pool-10/volumes/sdk-net-tests-vol-1000/snapshots/sdk-net-tests-snap-10\",\r\n      \"name\": \"sdk-net-tests-acc-20/sdk-net-tests-pool-10/sdk-net-tests-vol-1000/sdk-net-tests-snap-10\",\r\n      \"type\": \"Microsoft.NetApp/netAppAccounts/capacityPools/volumes/snapshots\",\r\n      \"location\": \"westus2\",\r\n      \"properties\": {\r\n        \"provisioningState\": \"Succeeded\",\r\n        \"snapshotId\": \"23c5594e-269f-bc89-f977-155f805fe12a\",\r\n        \"fileSystemId\": \"c0b3d1dc-54b5-a380-a973-16993918e90f\",\r\n        \"name\": \"sdk-net-tests-snap-10\",\r\n        \"created\": \"2020-08-24T11:19:33Z\"\r\n      }\r\n    },\r\n    {\r\n      \"id\": \"/subscriptions/69a75bda-882e-44d5-8431-63421204132a/resourceGroups/sdk-net-test-qa2/providers/Microsoft.NetApp/netAppAccounts/sdk-net-tests-acc-20/capacityPools/sdk-net-tests-pool-10/volumes/sdk-net-tests-vol-1000/snapshots/sdk-net-tests-snap-11\",\r\n      \"name\": \"sdk-net-tests-acc-20/sdk-net-tests-pool-10/sdk-net-tests-vol-1000/sdk-net-tests-snap-11\",\r\n      \"type\": \"Microsoft.NetApp/netAppAccounts/capacityPools/volumes/snapshots\",\r\n      \"location\": \"westus2\",\r\n      \"properties\": {\r\n        \"provisioningState\": \"Succeeded\",\r\n        \"snapshotId\": \"99ba2d60-3821-ccc4-2162-2aa82e56f7ea\",\r\n        \"fileSystemId\": \"c0b3d1dc-54b5-a380-a973-16993918e90f\",\r\n        \"name\": \"sdk-net-tests-snap-11\",\r\n        \"created\": \"2020-08-24T11:21:55Z\"\r\n      }\r\n    }\r\n  ]\r\n}",
      "StatusCode": 200
    },
    {
      "RequestUri": "/subscriptions/69a75bda-882e-44d5-8431-63421204132a/resourceGroups/sdk-net-test-qa2/providers/Microsoft.NetApp/netAppAccounts/sdk-net-tests-acc-20/capacityPools/sdk-net-tests-pool-10/volumes/sdk-net-tests-vol-1000/snapshots?api-version=2019-11-01",
      "EncodedRequestUri": "L3N1YnNjcmlwdGlvbnMvNjlhNzViZGEtODgyZS00NGQ1LTg0MzEtNjM0MjEyMDQxMzJhL3Jlc291cmNlR3JvdXBzL3Nkay1uZXQtdGVzdC1xYTIvcHJvdmlkZXJzL01pY3Jvc29mdC5OZXRBcHAvbmV0QXBwQWNjb3VudHMvc2RrLW5ldC10ZXN0cy1hY2MtMjAvY2FwYWNpdHlQb29scy9zZGstbmV0LXRlc3RzLXBvb2wtMTAvdm9sdW1lcy9zZGstbmV0LXRlc3RzLXZvbC0xMDAwL3NuYXBzaG90cz9hcGktdmVyc2lvbj0yMDE5LTExLTAx",
      "RequestMethod": "GET",
      "RequestBody": "",
      "RequestHeaders": {
        "x-ms-client-request-id": [
          "60d1793f-2e35-478f-b925-d505aa69bcbb"
        ],
        "Accept-Language": [
          "en-US"
        ],
        "User-Agent": [
          "FxVersion/4.6.29130.01",
          "OSName/Windows",
          "OSVersion/Microsoft.Windows.10.0.18363.",
          "Microsoft.Azure.Management.NetApp.AzureNetAppFilesManagementClient/1.5.1.0"
        ]
      },
      "ResponseHeaders": {
        "Cache-Control": [
          "no-cache"
        ],
        "Pragma": [
          "no-cache"
        ],
        "x-ms-request-id": [
          "7aa370a6-58a8-40a2-8734-5be34940fa43"
        ],
        "Request-Context": [
          "appId=cid-v1:2c4cb680-0a1f-424d-bb8d-8e650ba68d53"
        ],
        "Access-Control-Expose-Headers": [
          "Request-Context"
        ],
        "Server": [
          "Microsoft-IIS/10.0"
        ],
        "X-Powered-By": [
          "ASP.NET"
        ],
        "x-ms-ratelimit-remaining-subscription-reads": [
          "11971"
        ],
        "x-ms-correlation-request-id": [
          "30ef1f99-cd11-4693-8948-519fa22823ab"
        ],
        "x-ms-routing-request-id": [
          "NORTHEUROPE:20200824T112258Z:30ef1f99-cd11-4693-8948-519fa22823ab"
        ],
        "Strict-Transport-Security": [
          "max-age=31536000; includeSubDomains"
        ],
        "X-Content-Type-Options": [
          "nosniff"
        ],
        "Date": [
          "Mon, 24 Aug 2020 11:22:58 GMT"
        ],
        "Content-Length": [
          "1337"
        ],
        "Content-Type": [
          "application/json; charset=utf-8"
        ],
        "Expires": [
          "-1"
        ]
      },
      "ResponseBody": "{\r\n  \"value\": [\r\n    {\r\n      \"id\": \"/subscriptions/69a75bda-882e-44d5-8431-63421204132a/resourceGroups/sdk-net-test-qa2/providers/Microsoft.NetApp/netAppAccounts/sdk-net-tests-acc-20/capacityPools/sdk-net-tests-pool-10/volumes/sdk-net-tests-vol-1000/snapshots/sdk-net-tests-snap-10\",\r\n      \"name\": \"sdk-net-tests-acc-20/sdk-net-tests-pool-10/sdk-net-tests-vol-1000/sdk-net-tests-snap-10\",\r\n      \"type\": \"Microsoft.NetApp/netAppAccounts/capacityPools/volumes/snapshots\",\r\n      \"location\": \"westus2\",\r\n      \"properties\": {\r\n        \"provisioningState\": \"Succeeded\",\r\n        \"snapshotId\": \"23c5594e-269f-bc89-f977-155f805fe12a\",\r\n        \"fileSystemId\": \"c0b3d1dc-54b5-a380-a973-16993918e90f\",\r\n        \"name\": \"sdk-net-tests-snap-10\",\r\n        \"created\": \"2020-08-24T11:19:33Z\"\r\n      }\r\n    },\r\n    {\r\n      \"id\": \"/subscriptions/69a75bda-882e-44d5-8431-63421204132a/resourceGroups/sdk-net-test-qa2/providers/Microsoft.NetApp/netAppAccounts/sdk-net-tests-acc-20/capacityPools/sdk-net-tests-pool-10/volumes/sdk-net-tests-vol-1000/snapshots/sdk-net-tests-snap-11\",\r\n      \"name\": \"sdk-net-tests-acc-20/sdk-net-tests-pool-10/sdk-net-tests-vol-1000/sdk-net-tests-snap-11\",\r\n      \"type\": \"Microsoft.NetApp/netAppAccounts/capacityPools/volumes/snapshots\",\r\n      \"location\": \"westus2\",\r\n      \"properties\": {\r\n        \"provisioningState\": \"Succeeded\",\r\n        \"snapshotId\": \"99ba2d60-3821-ccc4-2162-2aa82e56f7ea\",\r\n        \"fileSystemId\": \"c0b3d1dc-54b5-a380-a973-16993918e90f\",\r\n        \"name\": \"sdk-net-tests-snap-11\",\r\n        \"created\": \"2020-08-24T11:21:55Z\"\r\n      }\r\n    }\r\n  ]\r\n}",
      "StatusCode": 200
    },
    {
      "RequestUri": "/subscriptions/69a75bda-882e-44d5-8431-63421204132a/resourceGroups/sdk-net-test-qa2/providers/Microsoft.NetApp/netAppAccounts/sdk-net-tests-acc-20/capacityPools/sdk-net-tests-pool-10/volumes/sdk-net-tests-vol-1000/revert?api-version=2019-11-01",
      "EncodedRequestUri": "L3N1YnNjcmlwdGlvbnMvNjlhNzViZGEtODgyZS00NGQ1LTg0MzEtNjM0MjEyMDQxMzJhL3Jlc291cmNlR3JvdXBzL3Nkay1uZXQtdGVzdC1xYTIvcHJvdmlkZXJzL01pY3Jvc29mdC5OZXRBcHAvbmV0QXBwQWNjb3VudHMvc2RrLW5ldC10ZXN0cy1hY2MtMjAvY2FwYWNpdHlQb29scy9zZGstbmV0LXRlc3RzLXBvb2wtMTAvdm9sdW1lcy9zZGstbmV0LXRlc3RzLXZvbC0xMDAwL3JldmVydD9hcGktdmVyc2lvbj0yMDE5LTExLTAx",
      "RequestMethod": "POST",
      "RequestBody": "{\r\n  \"snapshotId\": \"99ba2d60-3821-ccc4-2162-2aa82e56f7ea\"\r\n}",
      "RequestHeaders": {
        "x-ms-client-request-id": [
          "3081529f-b041-40d4-a8bf-38c12667fcbb"
        ],
        "Accept-Language": [
          "en-US"
        ],
        "User-Agent": [
          "FxVersion/4.6.29130.01",
          "OSName/Windows",
          "OSVersion/Microsoft.Windows.10.0.18363.",
          "Microsoft.Azure.Management.NetApp.AzureNetAppFilesManagementClient/1.5.1.0"
        ],
        "Content-Type": [
          "application/json; charset=utf-8"
        ],
        "Content-Length": [
          "60"
        ]
      },
      "ResponseHeaders": {
        "Cache-Control": [
          "no-cache"
        ],
        "Pragma": [
          "no-cache"
        ],
        "Location": [
          "https://management.azure.com/subscriptions/69a75bda-882e-44d5-8431-63421204132a/providers/Microsoft.NetApp/locations/westus2/operationResults/7fc66c09-e19d-4aec-b875-7584d53521fb?api-version=2019-11-01&operationResultResponseType=Location"
        ],
        "Azure-AsyncOperation": [
          "https://management.azure.com/subscriptions/69a75bda-882e-44d5-8431-63421204132a/providers/Microsoft.NetApp/locations/westus2/operationResults/7fc66c09-e19d-4aec-b875-7584d53521fb?api-version=2019-11-01"
        ],
        "Request-Context": [
          "appId=cid-v1:2c4cb680-0a1f-424d-bb8d-8e650ba68d53"
        ],
        "Access-Control-Expose-Headers": [
          "Request-Context"
        ],
        "Server": [
          "Microsoft-IIS/10.0"
        ],
        "X-Powered-By": [
          "ASP.NET"
        ],
        "x-ms-ratelimit-remaining-subscription-writes": [
          "1199"
        ],
        "x-ms-request-id": [
          "8c1b1a77-0219-42ad-8d63-1ecdcd2e1e70"
        ],
        "x-ms-correlation-request-id": [
          "8c1b1a77-0219-42ad-8d63-1ecdcd2e1e70"
        ],
        "x-ms-routing-request-id": [
          "NORTHEUROPE:20200824T112227Z:8c1b1a77-0219-42ad-8d63-1ecdcd2e1e70"
        ],
        "Strict-Transport-Security": [
          "max-age=31536000; includeSubDomains"
        ],
        "X-Content-Type-Options": [
          "nosniff"
        ],
        "Date": [
          "Mon, 24 Aug 2020 11:22:27 GMT"
        ],
        "Expires": [
          "-1"
        ],
        "Content-Length": [
          "0"
        ]
      },
      "ResponseBody": "",
      "StatusCode": 202
    },
    {
      "RequestUri": "/subscriptions/69a75bda-882e-44d5-8431-63421204132a/providers/Microsoft.NetApp/locations/westus2/operationResults/7fc66c09-e19d-4aec-b875-7584d53521fb?api-version=2019-11-01",
      "EncodedRequestUri": "L3N1YnNjcmlwdGlvbnMvNjlhNzViZGEtODgyZS00NGQ1LTg0MzEtNjM0MjEyMDQxMzJhL3Byb3ZpZGVycy9NaWNyb3NvZnQuTmV0QXBwL2xvY2F0aW9ucy93ZXN0dXMyL29wZXJhdGlvblJlc3VsdHMvN2ZjNjZjMDktZTE5ZC00YWVjLWI4NzUtNzU4NGQ1MzUyMWZiP2FwaS12ZXJzaW9uPTIwMTktMTEtMDE=",
      "RequestMethod": "GET",
      "RequestBody": "",
      "RequestHeaders": {
        "User-Agent": [
          "FxVersion/4.6.29130.01",
          "OSName/Windows",
          "OSVersion/Microsoft.Windows.10.0.18363.",
          "Microsoft.Azure.Management.NetApp.AzureNetAppFilesManagementClient/1.5.1.0"
        ]
      },
      "ResponseHeaders": {
        "Cache-Control": [
          "no-cache"
        ],
        "Pragma": [
          "no-cache"
        ],
        "x-ms-request-id": [
          "a7a865af-fa33-4fd5-8da6-8c866e8cad74"
        ],
        "Request-Context": [
          "appId=cid-v1:2c4cb680-0a1f-424d-bb8d-8e650ba68d53"
        ],
        "Access-Control-Expose-Headers": [
          "Request-Context"
        ],
        "Server": [
          "Microsoft-IIS/10.0"
        ],
        "X-Powered-By": [
          "ASP.NET"
        ],
        "x-ms-ratelimit-remaining-subscription-reads": [
          "11973"
        ],
        "x-ms-correlation-request-id": [
          "f557e17e-6457-454b-a500-eb7653e7282e"
        ],
        "x-ms-routing-request-id": [
          "NORTHEUROPE:20200824T112258Z:f557e17e-6457-454b-a500-eb7653e7282e"
        ],
        "Strict-Transport-Security": [
          "max-age=31536000; includeSubDomains"
        ],
        "X-Content-Type-Options": [
          "nosniff"
        ],
        "Date": [
          "Mon, 24 Aug 2020 11:22:57 GMT"
        ],
        "Content-Length": [
          "580"
        ],
        "Content-Type": [
          "application/json; charset=utf-8"
        ],
        "Expires": [
          "-1"
        ]
      },
      "ResponseBody": "{\r\n  \"id\": \"/subscriptions/69a75bda-882e-44d5-8431-63421204132a/providers/Microsoft.NetApp/locations/westus2/operationResults/7fc66c09-e19d-4aec-b875-7584d53521fb\",\r\n  \"name\": \"7fc66c09-e19d-4aec-b875-7584d53521fb\",\r\n  \"status\": \"Succeeded\",\r\n  \"startTime\": \"2020-08-24T11:22:27.7362769Z\",\r\n  \"endTime\": \"2020-08-24T11:22:30.7365056Z\",\r\n  \"percentComplete\": 100.0,\r\n  \"properties\": {\r\n    \"resourceName\": \"/subscriptions/69a75bda-882e-44d5-8431-63421204132a/resourceGroups/sdk-net-test-qa2/providers/Microsoft.NetApp/netAppAccounts/sdk-net-tests-acc-20/capacityPools/sdk-net-tests-pool-10/volumes/sdk-net-tests-vol-1000\"\r\n  }\r\n}",
      "StatusCode": 200
    },
    {
      "RequestUri": "/subscriptions/69a75bda-882e-44d5-8431-63421204132a/providers/Microsoft.NetApp/locations/westus2/operationResults/7fc66c09-e19d-4aec-b875-7584d53521fb?api-version=2019-11-01&operationResultResponseType=Location",
      "EncodedRequestUri": "L3N1YnNjcmlwdGlvbnMvNjlhNzViZGEtODgyZS00NGQ1LTg0MzEtNjM0MjEyMDQxMzJhL3Byb3ZpZGVycy9NaWNyb3NvZnQuTmV0QXBwL2xvY2F0aW9ucy93ZXN0dXMyL29wZXJhdGlvblJlc3VsdHMvN2ZjNjZjMDktZTE5ZC00YWVjLWI4NzUtNzU4NGQ1MzUyMWZiP2FwaS12ZXJzaW9uPTIwMTktMTEtMDEmb3BlcmF0aW9uUmVzdWx0UmVzcG9uc2VUeXBlPUxvY2F0aW9u",
      "RequestMethod": "GET",
      "RequestBody": "",
      "RequestHeaders": {
        "User-Agent": [
          "FxVersion/4.6.29130.01",
          "OSName/Windows",
          "OSVersion/Microsoft.Windows.10.0.18363.",
          "Microsoft.Azure.Management.NetApp.AzureNetAppFilesManagementClient/1.5.1.0"
        ]
      },
      "ResponseHeaders": {
        "Cache-Control": [
          "no-cache"
        ],
        "Pragma": [
          "no-cache"
        ],
        "x-ms-request-id": [
          "f2917b67-df0f-49f7-8ddf-b55044c3f78b"
        ],
        "Request-Context": [
          "appId=cid-v1:2c4cb680-0a1f-424d-bb8d-8e650ba68d53"
        ],
        "Access-Control-Expose-Headers": [
          "Request-Context"
        ],
        "Server": [
          "Microsoft-IIS/10.0"
        ],
        "X-Powered-By": [
          "ASP.NET"
        ],
        "x-ms-ratelimit-remaining-subscription-reads": [
          "11972"
        ],
        "x-ms-correlation-request-id": [
          "df26c263-c1e2-43e9-a525-3c575c81b1a7"
        ],
        "x-ms-routing-request-id": [
          "NORTHEUROPE:20200824T112258Z:df26c263-c1e2-43e9-a525-3c575c81b1a7"
        ],
        "Strict-Transport-Security": [
          "max-age=31536000; includeSubDomains"
        ],
        "X-Content-Type-Options": [
          "nosniff"
        ],
        "Date": [
          "Mon, 24 Aug 2020 11:22:57 GMT"
        ],
        "Content-Length": [
          "2007"
        ],
        "Content-Type": [
          "application/json; charset=utf-8"
        ],
        "Expires": [
          "-1"
        ]
      },
      "ResponseBody": "{\r\n  \"id\": \"/subscriptions/69a75bda-882e-44d5-8431-63421204132a/resourceGroups/sdk-net-test-qa2/providers/Microsoft.NetApp/netAppAccounts/sdk-net-tests-acc-20/capacityPools/sdk-net-tests-pool-10/volumes/sdk-net-tests-vol-1000\",\r\n  \"name\": \"sdk-net-tests-acc-20/sdk-net-tests-pool-10/sdk-net-tests-vol-1000\",\r\n  \"type\": \"Microsoft.NetApp/netAppAccounts/capacityPools/volumes\",\r\n  \"etag\": \"W/\\\"datetime'2020-08-24T11%3A22%3A27.8243782Z'\\\"\",\r\n  \"location\": \"westus2\",\r\n  \"properties\": {\r\n    \"fileSystemId\": \"c0b3d1dc-54b5-a380-a973-16993918e90f\",\r\n    \"name\": \"sdk-net-tests-vol-1000\",\r\n    \"serviceLevel\": \"Premium\",\r\n    \"creationToken\": \"sdk-net-tests-vol-1000\",\r\n    \"ownerId\": \"8f82c7b4-0509-489d-9e97-d719b9b955b4\",\r\n    \"usageThreshold\": 107374182400,\r\n    \"exportPolicy\": {\r\n      \"rules\": [\r\n        {\r\n          \"ruleIndex\": 1,\r\n          \"unixReadOnly\": false,\r\n          \"unixReadWrite\": true,\r\n          \"cifs\": false,\r\n          \"nfsv3\": true,\r\n          \"nfsv4\": false,\r\n          \"nfsv41\": false,\r\n          \"allowedClients\": \"0.0.0.0/0\",\r\n          \"kerberos5ReadOnly\": false,\r\n          \"kerberos5ReadWrite\": false,\r\n          \"kerberos5iReadOnly\": false,\r\n          \"kerberos5iReadWrite\": false,\r\n          \"kerberos5pReadOnly\": false,\r\n          \"kerberos5pReadWrite\": false,\r\n          \"hasRootAccess\": true\r\n        }\r\n      ]\r\n    },\r\n    \"protocolTypes\": [\r\n      \"NFSv3\"\r\n    ],\r\n    \"baremetalTenantId\": \"baremetalTenant_svm_8f82c7b40509489d9e97d719b9b955b4_7e4a61d4\",\r\n    \"subnetId\": \"/subscriptions/69a75bda-882e-44d5-8431-63421204132a/resourceGroups/sdk-net-test-qa2/providers/Microsoft.Network/virtualNetworks/sdknettestqa2vnet464/subnets/default\",\r\n    \"vendorID\": \"/subscriptions/69a75bda-882e-44d5-8431-63421204132a/resourceGroups/sdk-net-test-qa2/providers/Microsoft.NetApp/netAppAccounts/sdk-net-tests-acc-20/capacityPools/sdk-net-tests-pool-10/volumes/sdk-net-tests-vol-1000\",\r\n    \"poolId\": \"3459e650-f1c0-52cf-a804-5208f98536ef\",\r\n    \"mountTargets\": [\r\n      {\r\n        \"provisioningState\": \"\",\r\n        \"mountTargetId\": \"c0b3d1dc-54b5-a380-a973-16993918e90f\",\r\n        \"fileSystemId\": \"c0b3d1dc-54b5-a380-a973-16993918e90f\",\r\n        \"startIp\": \"\",\r\n        \"endIp\": \"\",\r\n        \"gateway\": \"\",\r\n        \"netmask\": \"\",\r\n        \"subnet\": \"\",\r\n        \"ipAddress\": \"10.1.8.5\"\r\n      }\r\n    ],\r\n    \"isCreate\": false,\r\n    \"provisioningState\": \"Succeeded\",\r\n    \"usedBytes\": 516096,\r\n    \"snapshotDirectoryVisible\": false,\r\n    \"throughputMibps\": 0.0,\r\n    \"kerberosEnabled\": false,\r\n    \"securityStyle\": \"Unix\"\r\n  }\r\n}",
      "StatusCode": 200
    },
    {
      "RequestUri": "/subscriptions/69a75bda-882e-44d5-8431-63421204132a/resourceGroups/sdk-net-test-qa2/providers/Microsoft.NetApp/netAppAccounts/sdk-net-tests-acc-20/capacityPools/sdk-net-tests-pool-10/volumes/sdk-net-tests-vol-1000/snapshots/sdk-net-tests-snap-10?api-version=2019-11-01",
      "EncodedRequestUri": "L3N1YnNjcmlwdGlvbnMvNjlhNzViZGEtODgyZS00NGQ1LTg0MzEtNjM0MjEyMDQxMzJhL3Jlc291cmNlR3JvdXBzL3Nkay1uZXQtdGVzdC1xYTIvcHJvdmlkZXJzL01pY3Jvc29mdC5OZXRBcHAvbmV0QXBwQWNjb3VudHMvc2RrLW5ldC10ZXN0cy1hY2MtMjAvY2FwYWNpdHlQb29scy9zZGstbmV0LXRlc3RzLXBvb2wtMTAvdm9sdW1lcy9zZGstbmV0LXRlc3RzLXZvbC0xMDAwL3NuYXBzaG90cy9zZGstbmV0LXRlc3RzLXNuYXAtMTA/YXBpLXZlcnNpb249MjAxOS0xMS0wMQ==",
      "RequestMethod": "DELETE",
      "RequestBody": "",
      "RequestHeaders": {
        "x-ms-client-request-id": [
          "5e1ce5d7-b2d3-4a80-9695-ffec9a98b0c6"
        ],
        "Accept-Language": [
          "en-US"
        ],
        "User-Agent": [
          "FxVersion/4.6.29130.01",
          "OSName/Windows",
          "OSVersion/Microsoft.Windows.10.0.18363.",
          "Microsoft.Azure.Management.NetApp.AzureNetAppFilesManagementClient/1.5.1.0"
        ]
      },
      "ResponseHeaders": {
        "Cache-Control": [
          "no-cache"
        ],
        "Pragma": [
          "no-cache"
        ],
        "Location": [
          "https://management.azure.com/subscriptions/69a75bda-882e-44d5-8431-63421204132a/providers/Microsoft.NetApp/locations/westus2/operationResults/6e73be55-e086-468a-801f-27e3d81dbb09?api-version=2019-11-01&operationResultResponseType=Location"
        ],
        "x-ms-request-id": [
          "93ada265-649d-4693-b007-233c552ec341"
        ],
        "Azure-AsyncOperation": [
          "https://management.azure.com/subscriptions/69a75bda-882e-44d5-8431-63421204132a/providers/Microsoft.NetApp/locations/westus2/operationResults/6e73be55-e086-468a-801f-27e3d81dbb09?api-version=2019-11-01"
        ],
        "Request-Context": [
          "appId=cid-v1:2c4cb680-0a1f-424d-bb8d-8e650ba68d53"
        ],
        "Access-Control-Expose-Headers": [
          "Request-Context"
        ],
        "Server": [
          "Microsoft-IIS/10.0"
        ],
        "X-Powered-By": [
          "ASP.NET"
        ],
        "x-ms-ratelimit-remaining-subscription-deletes": [
          "14999"
        ],
        "x-ms-correlation-request-id": [
          "2dfd01d2-230f-442d-8480-51c12ed47e17"
        ],
        "x-ms-routing-request-id": [
          "NORTHEUROPE:20200824T112304Z:2dfd01d2-230f-442d-8480-51c12ed47e17"
        ],
        "Strict-Transport-Security": [
          "max-age=31536000; includeSubDomains"
        ],
        "X-Content-Type-Options": [
          "nosniff"
        ],
        "Date": [
          "Mon, 24 Aug 2020 11:23:03 GMT"
        ],
        "Expires": [
          "-1"
        ],
        "Content-Length": [
          "0"
        ]
      },
      "ResponseBody": "",
      "StatusCode": 202
    },
    {
      "RequestUri": "/subscriptions/69a75bda-882e-44d5-8431-63421204132a/providers/Microsoft.NetApp/locations/westus2/operationResults/6e73be55-e086-468a-801f-27e3d81dbb09?api-version=2019-11-01",
      "EncodedRequestUri": "L3N1YnNjcmlwdGlvbnMvNjlhNzViZGEtODgyZS00NGQ1LTg0MzEtNjM0MjEyMDQxMzJhL3Byb3ZpZGVycy9NaWNyb3NvZnQuTmV0QXBwL2xvY2F0aW9ucy93ZXN0dXMyL29wZXJhdGlvblJlc3VsdHMvNmU3M2JlNTUtZTA4Ni00NjhhLTgwMWYtMjdlM2Q4MWRiYjA5P2FwaS12ZXJzaW9uPTIwMTktMTEtMDE=",
      "RequestMethod": "GET",
      "RequestBody": "",
      "RequestHeaders": {
        "User-Agent": [
          "FxVersion/4.6.29130.01",
          "OSName/Windows",
          "OSVersion/Microsoft.Windows.10.0.18363.",
          "Microsoft.Azure.Management.NetApp.AzureNetAppFilesManagementClient/1.5.1.0"
        ]
      },
      "ResponseHeaders": {
        "Cache-Control": [
          "no-cache"
        ],
        "Pragma": [
          "no-cache"
        ],
        "x-ms-request-id": [
          "902fb489-5281-43a8-a48e-916336626e86"
        ],
        "Request-Context": [
          "appId=cid-v1:2c4cb680-0a1f-424d-bb8d-8e650ba68d53"
        ],
        "Access-Control-Expose-Headers": [
          "Request-Context"
        ],
        "Server": [
          "Microsoft-IIS/10.0"
        ],
        "X-Powered-By": [
          "ASP.NET"
        ],
        "x-ms-ratelimit-remaining-subscription-reads": [
          "11970"
        ],
        "x-ms-correlation-request-id": [
          "d33544f3-550f-42cc-8b91-8db414d975b2"
        ],
        "x-ms-routing-request-id": [
          "NORTHEUROPE:20200824T112334Z:d33544f3-550f-42cc-8b91-8db414d975b2"
        ],
        "Strict-Transport-Security": [
          "max-age=31536000; includeSubDomains"
        ],
        "X-Content-Type-Options": [
          "nosniff"
        ],
        "Date": [
          "Mon, 24 Aug 2020 11:23:34 GMT"
        ],
        "Content-Length": [
          "612"
        ],
        "Content-Type": [
          "application/json; charset=utf-8"
        ],
        "Expires": [
          "-1"
        ]
      },
      "ResponseBody": "{\r\n  \"id\": \"/subscriptions/69a75bda-882e-44d5-8431-63421204132a/providers/Microsoft.NetApp/locations/westus2/operationResults/6e73be55-e086-468a-801f-27e3d81dbb09\",\r\n  \"name\": \"6e73be55-e086-468a-801f-27e3d81dbb09\",\r\n  \"status\": \"Succeeded\",\r\n  \"startTime\": \"2020-08-24T11:23:03.9237201Z\",\r\n  \"endTime\": \"2020-08-24T11:23:06.6271763Z\",\r\n  \"percentComplete\": 100.0,\r\n  \"properties\": {\r\n    \"resourceName\": \"/subscriptions/69a75bda-882e-44d5-8431-63421204132a/resourceGroups/sdk-net-test-qa2/providers/Microsoft.NetApp/netAppAccounts/sdk-net-tests-acc-20/capacityPools/sdk-net-tests-pool-10/volumes/sdk-net-tests-vol-1000/snapshots/sdk-net-tests-snap-10\"\r\n  }\r\n}",
      "StatusCode": 200
    },
    {
      "RequestUri": "/subscriptions/69a75bda-882e-44d5-8431-63421204132a/providers/Microsoft.NetApp/locations/westus2/operationResults/6e73be55-e086-468a-801f-27e3d81dbb09?api-version=2019-11-01&operationResultResponseType=Location",
      "EncodedRequestUri": "L3N1YnNjcmlwdGlvbnMvNjlhNzViZGEtODgyZS00NGQ1LTg0MzEtNjM0MjEyMDQxMzJhL3Byb3ZpZGVycy9NaWNyb3NvZnQuTmV0QXBwL2xvY2F0aW9ucy93ZXN0dXMyL29wZXJhdGlvblJlc3VsdHMvNmU3M2JlNTUtZTA4Ni00NjhhLTgwMWYtMjdlM2Q4MWRiYjA5P2FwaS12ZXJzaW9uPTIwMTktMTEtMDEmb3BlcmF0aW9uUmVzdWx0UmVzcG9uc2VUeXBlPUxvY2F0aW9u",
      "RequestMethod": "GET",
      "RequestBody": "",
      "RequestHeaders": {
        "User-Agent": [
          "FxVersion/4.6.29130.01",
          "OSName/Windows",
          "OSVersion/Microsoft.Windows.10.0.18363.",
          "Microsoft.Azure.Management.NetApp.AzureNetAppFilesManagementClient/1.5.1.0"
        ]
      },
      "ResponseHeaders": {
        "Cache-Control": [
          "no-cache"
        ],
        "Pragma": [
          "no-cache"
        ],
        "x-ms-request-id": [
          "eb0ac685-a6b9-454f-8af7-222130c817e1"
        ],
        "Request-Context": [
          "appId=cid-v1:2c4cb680-0a1f-424d-bb8d-8e650ba68d53"
        ],
        "Access-Control-Expose-Headers": [
          "Request-Context"
        ],
        "Server": [
          "Microsoft-IIS/10.0"
        ],
        "X-Powered-By": [
          "ASP.NET"
        ],
        "x-ms-ratelimit-remaining-subscription-reads": [
          "11969"
        ],
        "x-ms-correlation-request-id": [
          "677f8fd5-00b1-42c2-9477-d42953a1c0bb"
        ],
        "x-ms-routing-request-id": [
          "NORTHEUROPE:20200824T112334Z:677f8fd5-00b1-42c2-9477-d42953a1c0bb"
        ],
        "Strict-Transport-Security": [
          "max-age=31536000; includeSubDomains"
        ],
        "X-Content-Type-Options": [
          "nosniff"
        ],
        "Date": [
          "Mon, 24 Aug 2020 11:23:34 GMT"
        ],
        "Content-Length": [
          "445"
        ],
        "Content-Type": [
          "application/json; charset=utf-8"
        ],
        "Expires": [
          "-1"
        ]
      },
      "ResponseBody": "{\r\n  \"id\": \"/subscriptions/69a75bda-882e-44d5-8431-63421204132a/resourceGroups/sdk-net-test-qa2/providers/Microsoft.NetApp/netAppAccounts/sdk-net-tests-acc-20/capacityPools/sdk-net-tests-pool-10/volumes/sdk-net-tests-vol-1000/snapshots/sdk-net-tests-snap-10\",\r\n  \"name\": \"sdk-net-tests-acc-20/sdk-net-tests-pool-10/sdk-net-tests-vol-1000/sdk-net-tests-snap-10\",\r\n  \"type\": \"Microsoft.NetApp/netAppAccounts/capacityPools/volumes/snapshots\",\r\n  \"location\": \"westus2\"\r\n}",
      "StatusCode": 200
    },
    {
      "RequestUri": "/subscriptions/69a75bda-882e-44d5-8431-63421204132a/resourceGroups/sdk-net-test-qa2/providers/Microsoft.NetApp/netAppAccounts/sdk-net-tests-acc-20/capacityPools/sdk-net-tests-pool-10/volumes/sdk-net-tests-vol-1000/snapshots/sdk-net-tests-snap-11?api-version=2019-11-01",
      "EncodedRequestUri": "L3N1YnNjcmlwdGlvbnMvNjlhNzViZGEtODgyZS00NGQ1LTg0MzEtNjM0MjEyMDQxMzJhL3Jlc291cmNlR3JvdXBzL3Nkay1uZXQtdGVzdC1xYTIvcHJvdmlkZXJzL01pY3Jvc29mdC5OZXRBcHAvbmV0QXBwQWNjb3VudHMvc2RrLW5ldC10ZXN0cy1hY2MtMjAvY2FwYWNpdHlQb29scy9zZGstbmV0LXRlc3RzLXBvb2wtMTAvdm9sdW1lcy9zZGstbmV0LXRlc3RzLXZvbC0xMDAwL3NuYXBzaG90cy9zZGstbmV0LXRlc3RzLXNuYXAtMTE/YXBpLXZlcnNpb249MjAxOS0xMS0wMQ==",
      "RequestMethod": "DELETE",
      "RequestBody": "",
      "RequestHeaders": {
        "x-ms-client-request-id": [
          "045afd0c-25d1-4e68-94a0-6e8bd8ccf073"
        ],
        "Accept-Language": [
          "en-US"
        ],
        "User-Agent": [
          "FxVersion/4.6.29130.01",
          "OSName/Windows",
          "OSVersion/Microsoft.Windows.10.0.18363.",
          "Microsoft.Azure.Management.NetApp.AzureNetAppFilesManagementClient/1.5.1.0"
        ]
      },
      "ResponseHeaders": {
        "Cache-Control": [
          "no-cache"
        ],
        "Pragma": [
          "no-cache"
        ],
        "Location": [
          "https://management.azure.com/subscriptions/69a75bda-882e-44d5-8431-63421204132a/providers/Microsoft.NetApp/locations/westus2/operationResults/a3f6ba4a-ff9e-4872-891d-65462fa8d895?api-version=2019-11-01&operationResultResponseType=Location"
        ],
        "x-ms-request-id": [
          "38a5d765-9fa7-4cee-9da2-4e3b11fed54b"
        ],
        "Azure-AsyncOperation": [
          "https://management.azure.com/subscriptions/69a75bda-882e-44d5-8431-63421204132a/providers/Microsoft.NetApp/locations/westus2/operationResults/a3f6ba4a-ff9e-4872-891d-65462fa8d895?api-version=2019-11-01"
        ],
        "Request-Context": [
          "appId=cid-v1:2c4cb680-0a1f-424d-bb8d-8e650ba68d53"
        ],
        "Access-Control-Expose-Headers": [
          "Request-Context"
        ],
        "Server": [
          "Microsoft-IIS/10.0"
        ],
        "X-Powered-By": [
          "ASP.NET"
        ],
        "x-ms-ratelimit-remaining-subscription-deletes": [
          "14998"
        ],
        "x-ms-correlation-request-id": [
          "939872e2-d013-4e6f-b71f-293294e3384c"
        ],
        "x-ms-routing-request-id": [
          "NORTHEUROPE:20200824T112339Z:939872e2-d013-4e6f-b71f-293294e3384c"
        ],
        "Strict-Transport-Security": [
          "max-age=31536000; includeSubDomains"
        ],
        "X-Content-Type-Options": [
          "nosniff"
        ],
        "Date": [
          "Mon, 24 Aug 2020 11:23:39 GMT"
        ],
        "Expires": [
          "-1"
        ],
        "Content-Length": [
          "0"
        ]
      },
      "ResponseBody": "",
      "StatusCode": 202
    },
    {
      "RequestUri": "/subscriptions/69a75bda-882e-44d5-8431-63421204132a/providers/Microsoft.NetApp/locations/westus2/operationResults/a3f6ba4a-ff9e-4872-891d-65462fa8d895?api-version=2019-11-01",
      "EncodedRequestUri": "L3N1YnNjcmlwdGlvbnMvNjlhNzViZGEtODgyZS00NGQ1LTg0MzEtNjM0MjEyMDQxMzJhL3Byb3ZpZGVycy9NaWNyb3NvZnQuTmV0QXBwL2xvY2F0aW9ucy93ZXN0dXMyL29wZXJhdGlvblJlc3VsdHMvYTNmNmJhNGEtZmY5ZS00ODcyLTg5MWQtNjU0NjJmYThkODk1P2FwaS12ZXJzaW9uPTIwMTktMTEtMDE=",
      "RequestMethod": "GET",
      "RequestBody": "",
      "RequestHeaders": {
        "User-Agent": [
          "FxVersion/4.6.29130.01",
          "OSName/Windows",
          "OSVersion/Microsoft.Windows.10.0.18363.",
          "Microsoft.Azure.Management.NetApp.AzureNetAppFilesManagementClient/1.5.1.0"
        ]
      },
      "ResponseHeaders": {
        "Cache-Control": [
          "no-cache"
        ],
        "Pragma": [
          "no-cache"
        ],
        "x-ms-request-id": [
          "3064f4ae-8d73-4461-b56c-85bb63115e8b"
        ],
        "Request-Context": [
          "appId=cid-v1:2c4cb680-0a1f-424d-bb8d-8e650ba68d53"
        ],
        "Access-Control-Expose-Headers": [
          "Request-Context"
        ],
        "Server": [
          "Microsoft-IIS/10.0"
        ],
        "X-Powered-By": [
          "ASP.NET"
        ],
        "x-ms-ratelimit-remaining-subscription-reads": [
          "11968"
        ],
        "x-ms-correlation-request-id": [
          "a4f6a5c2-b32d-4992-850b-a898b93a524b"
        ],
        "x-ms-routing-request-id": [
          "NORTHEUROPE:20200824T112410Z:a4f6a5c2-b32d-4992-850b-a898b93a524b"
        ],
        "Strict-Transport-Security": [
          "max-age=31536000; includeSubDomains"
        ],
        "X-Content-Type-Options": [
          "nosniff"
        ],
        "Date": [
          "Mon, 24 Aug 2020 11:24:09 GMT"
        ],
        "Content-Length": [
          "612"
        ],
        "Content-Type": [
          "application/json; charset=utf-8"
        ],
        "Expires": [
          "-1"
        ]
      },
      "ResponseBody": "{\r\n  \"id\": \"/subscriptions/69a75bda-882e-44d5-8431-63421204132a/providers/Microsoft.NetApp/locations/westus2/operationResults/a3f6ba4a-ff9e-4872-891d-65462fa8d895\",\r\n  \"name\": \"a3f6ba4a-ff9e-4872-891d-65462fa8d895\",\r\n  \"status\": \"Succeeded\",\r\n  \"startTime\": \"2020-08-24T11:23:39.7081147Z\",\r\n  \"endTime\": \"2020-08-24T11:23:42.1714885Z\",\r\n  \"percentComplete\": 100.0,\r\n  \"properties\": {\r\n    \"resourceName\": \"/subscriptions/69a75bda-882e-44d5-8431-63421204132a/resourceGroups/sdk-net-test-qa2/providers/Microsoft.NetApp/netAppAccounts/sdk-net-tests-acc-20/capacityPools/sdk-net-tests-pool-10/volumes/sdk-net-tests-vol-1000/snapshots/sdk-net-tests-snap-11\"\r\n  }\r\n}",
      "StatusCode": 200
    },
    {
      "RequestUri": "/subscriptions/69a75bda-882e-44d5-8431-63421204132a/providers/Microsoft.NetApp/locations/westus2/operationResults/a3f6ba4a-ff9e-4872-891d-65462fa8d895?api-version=2019-11-01&operationResultResponseType=Location",
      "EncodedRequestUri": "L3N1YnNjcmlwdGlvbnMvNjlhNzViZGEtODgyZS00NGQ1LTg0MzEtNjM0MjEyMDQxMzJhL3Byb3ZpZGVycy9NaWNyb3NvZnQuTmV0QXBwL2xvY2F0aW9ucy93ZXN0dXMyL29wZXJhdGlvblJlc3VsdHMvYTNmNmJhNGEtZmY5ZS00ODcyLTg5MWQtNjU0NjJmYThkODk1P2FwaS12ZXJzaW9uPTIwMTktMTEtMDEmb3BlcmF0aW9uUmVzdWx0UmVzcG9uc2VUeXBlPUxvY2F0aW9u",
      "RequestMethod": "GET",
      "RequestBody": "",
      "RequestHeaders": {
        "User-Agent": [
          "FxVersion/4.6.29130.01",
          "OSName/Windows",
          "OSVersion/Microsoft.Windows.10.0.18363.",
          "Microsoft.Azure.Management.NetApp.AzureNetAppFilesManagementClient/1.5.1.0"
        ]
      },
      "ResponseHeaders": {
        "Cache-Control": [
          "no-cache"
        ],
        "Pragma": [
          "no-cache"
        ],
        "x-ms-request-id": [
          "cb4e4de1-2b44-40c7-9c41-28cc8fed79d2"
        ],
        "Request-Context": [
          "appId=cid-v1:2c4cb680-0a1f-424d-bb8d-8e650ba68d53"
        ],
        "Access-Control-Expose-Headers": [
          "Request-Context"
        ],
        "Server": [
          "Microsoft-IIS/10.0"
        ],
        "X-Powered-By": [
          "ASP.NET"
        ],
        "x-ms-ratelimit-remaining-subscription-reads": [
          "11967"
        ],
        "x-ms-correlation-request-id": [
          "02081448-7ab4-4c6f-87a8-823ea15ed06e"
        ],
        "x-ms-routing-request-id": [
          "NORTHEUROPE:20200824T112410Z:02081448-7ab4-4c6f-87a8-823ea15ed06e"
        ],
        "Strict-Transport-Security": [
          "max-age=31536000; includeSubDomains"
        ],
        "X-Content-Type-Options": [
          "nosniff"
        ],
        "Date": [
          "Mon, 24 Aug 2020 11:24:09 GMT"
        ],
        "Content-Length": [
          "445"
        ],
        "Content-Type": [
          "application/json; charset=utf-8"
        ],
        "Expires": [
          "-1"
        ]
      },
      "ResponseBody": "{\r\n  \"id\": \"/subscriptions/69a75bda-882e-44d5-8431-63421204132a/resourceGroups/sdk-net-test-qa2/providers/Microsoft.NetApp/netAppAccounts/sdk-net-tests-acc-20/capacityPools/sdk-net-tests-pool-10/volumes/sdk-net-tests-vol-1000/snapshots/sdk-net-tests-snap-11\",\r\n  \"name\": \"sdk-net-tests-acc-20/sdk-net-tests-pool-10/sdk-net-tests-vol-1000/sdk-net-tests-snap-11\",\r\n  \"type\": \"Microsoft.NetApp/netAppAccounts/capacityPools/volumes/snapshots\",\r\n  \"location\": \"westus2\"\r\n}",
      "StatusCode": 200
    },
    {
      "RequestUri": "/subscriptions/69a75bda-882e-44d5-8431-63421204132a/resourceGroups/sdk-net-test-qa2/providers/Microsoft.NetApp/netAppAccounts/sdk-net-tests-acc-20/capacityPools/sdk-net-tests-pool-10/volumes/sdk-net-tests-vol-1000?api-version=2019-11-01",
      "EncodedRequestUri": "L3N1YnNjcmlwdGlvbnMvNjlhNzViZGEtODgyZS00NGQ1LTg0MzEtNjM0MjEyMDQxMzJhL3Jlc291cmNlR3JvdXBzL3Nkay1uZXQtdGVzdC1xYTIvcHJvdmlkZXJzL01pY3Jvc29mdC5OZXRBcHAvbmV0QXBwQWNjb3VudHMvc2RrLW5ldC10ZXN0cy1hY2MtMjAvY2FwYWNpdHlQb29scy9zZGstbmV0LXRlc3RzLXBvb2wtMTAvdm9sdW1lcy9zZGstbmV0LXRlc3RzLXZvbC0xMDAwP2FwaS12ZXJzaW9uPTIwMTktMTEtMDE=",
      "RequestMethod": "DELETE",
      "RequestBody": "",
      "RequestHeaders": {
        "x-ms-client-request-id": [
          "e83ad1f0-1df7-4e6e-9eb6-77b5398a7b1f"
        ],
        "Accept-Language": [
          "en-US"
        ],
        "User-Agent": [
          "FxVersion/4.6.29130.01",
          "OSName/Windows",
          "OSVersion/Microsoft.Windows.10.0.18363.",
          "Microsoft.Azure.Management.NetApp.AzureNetAppFilesManagementClient/1.5.1.0"
        ]
      },
      "ResponseHeaders": {
        "Cache-Control": [
          "no-cache"
        ],
        "Pragma": [
          "no-cache"
        ],
        "Location": [
          "https://management.azure.com/subscriptions/69a75bda-882e-44d5-8431-63421204132a/providers/Microsoft.NetApp/locations/westus2/operationResults/9a7a25ee-9db7-46ce-8c7b-4c059a850639?api-version=2019-11-01&operationResultResponseType=Location"
        ],
        "Azure-AsyncOperation": [
          "https://management.azure.com/subscriptions/69a75bda-882e-44d5-8431-63421204132a/providers/Microsoft.NetApp/locations/westus2/operationResults/9a7a25ee-9db7-46ce-8c7b-4c059a850639?api-version=2019-11-01"
        ],
        "Request-Context": [
          "appId=cid-v1:2c4cb680-0a1f-424d-bb8d-8e650ba68d53"
        ],
        "Access-Control-Expose-Headers": [
          "Request-Context"
        ],
        "Server": [
          "Microsoft-IIS/10.0"
        ],
        "X-Powered-By": [
          "ASP.NET"
        ],
        "x-ms-ratelimit-remaining-subscription-deletes": [
          "14997"
        ],
        "x-ms-request-id": [
          "c8dff4d5-5c9f-4b9c-b70e-73e2700869c7"
        ],
        "x-ms-correlation-request-id": [
          "c8dff4d5-5c9f-4b9c-b70e-73e2700869c7"
        ],
        "x-ms-routing-request-id": [
          "NORTHEUROPE:20200824T112416Z:c8dff4d5-5c9f-4b9c-b70e-73e2700869c7"
        ],
        "Strict-Transport-Security": [
          "max-age=31536000; includeSubDomains"
        ],
        "X-Content-Type-Options": [
          "nosniff"
        ],
        "Date": [
          "Mon, 24 Aug 2020 11:24:15 GMT"
        ],
        "Expires": [
          "-1"
        ],
        "Content-Length": [
          "0"
        ]
      },
      "ResponseBody": "",
      "StatusCode": 202
    },
    {
      "RequestUri": "/subscriptions/69a75bda-882e-44d5-8431-63421204132a/providers/Microsoft.NetApp/locations/westus2/operationResults/9a7a25ee-9db7-46ce-8c7b-4c059a850639?api-version=2019-11-01",
      "EncodedRequestUri": "L3N1YnNjcmlwdGlvbnMvNjlhNzViZGEtODgyZS00NGQ1LTg0MzEtNjM0MjEyMDQxMzJhL3Byb3ZpZGVycy9NaWNyb3NvZnQuTmV0QXBwL2xvY2F0aW9ucy93ZXN0dXMyL29wZXJhdGlvblJlc3VsdHMvOWE3YTI1ZWUtOWRiNy00NmNlLThjN2ItNGMwNTlhODUwNjM5P2FwaS12ZXJzaW9uPTIwMTktMTEtMDE=",
      "RequestMethod": "GET",
      "RequestBody": "",
      "RequestHeaders": {
        "User-Agent": [
          "FxVersion/4.6.29130.01",
          "OSName/Windows",
          "OSVersion/Microsoft.Windows.10.0.18363.",
          "Microsoft.Azure.Management.NetApp.AzureNetAppFilesManagementClient/1.5.1.0"
        ]
      },
      "ResponseHeaders": {
        "Cache-Control": [
          "no-cache"
        ],
        "Pragma": [
          "no-cache"
        ],
        "x-ms-request-id": [
          "424a10d8-9fee-4d5c-b17c-881d5fd79513"
        ],
        "Request-Context": [
          "appId=cid-v1:2c4cb680-0a1f-424d-bb8d-8e650ba68d53"
        ],
        "Access-Control-Expose-Headers": [
          "Request-Context"
        ],
        "Server": [
          "Microsoft-IIS/10.0"
        ],
        "X-Powered-By": [
          "ASP.NET"
        ],
        "x-ms-ratelimit-remaining-subscription-reads": [
          "11966"
        ],
        "x-ms-correlation-request-id": [
          "8e762a03-a598-4477-a75b-9437fa5ec58b"
        ],
        "x-ms-routing-request-id": [
          "NORTHEUROPE:20200824T112446Z:8e762a03-a598-4477-a75b-9437fa5ec58b"
        ],
        "Strict-Transport-Security": [
          "max-age=31536000; includeSubDomains"
        ],
        "X-Content-Type-Options": [
          "nosniff"
        ],
        "Date": [
          "Mon, 24 Aug 2020 11:24:46 GMT"
        ],
        "Content-Length": [
          "569"
        ],
        "Content-Type": [
          "application/json; charset=utf-8"
        ],
        "Expires": [
          "-1"
        ]
      },
      "ResponseBody": "{\r\n  \"id\": \"/subscriptions/69a75bda-882e-44d5-8431-63421204132a/providers/Microsoft.NetApp/locations/westus2/operationResults/9a7a25ee-9db7-46ce-8c7b-4c059a850639\",\r\n  \"name\": \"9a7a25ee-9db7-46ce-8c7b-4c059a850639\",\r\n  \"status\": \"Deleting\",\r\n  \"startTime\": \"2020-08-24T11:24:15.9572567Z\",\r\n  \"endTime\": \"0001-01-01T00:00:00Z\",\r\n  \"percentComplete\": 0.0,\r\n  \"properties\": {\r\n    \"resourceName\": \"/subscriptions/69a75bda-882e-44d5-8431-63421204132a/resourceGroups/sdk-net-test-qa2/providers/Microsoft.NetApp/netAppAccounts/sdk-net-tests-acc-20/capacityPools/sdk-net-tests-pool-10/volumes/sdk-net-tests-vol-1000\"\r\n  }\r\n}",
      "StatusCode": 200
    },
    {
      "RequestUri": "/subscriptions/69a75bda-882e-44d5-8431-63421204132a/providers/Microsoft.NetApp/locations/westus2/operationResults/9a7a25ee-9db7-46ce-8c7b-4c059a850639?api-version=2019-11-01",
      "EncodedRequestUri": "L3N1YnNjcmlwdGlvbnMvNjlhNzViZGEtODgyZS00NGQ1LTg0MzEtNjM0MjEyMDQxMzJhL3Byb3ZpZGVycy9NaWNyb3NvZnQuTmV0QXBwL2xvY2F0aW9ucy93ZXN0dXMyL29wZXJhdGlvblJlc3VsdHMvOWE3YTI1ZWUtOWRiNy00NmNlLThjN2ItNGMwNTlhODUwNjM5P2FwaS12ZXJzaW9uPTIwMTktMTEtMDE=",
      "RequestMethod": "GET",
      "RequestBody": "",
      "RequestHeaders": {
        "User-Agent": [
          "FxVersion/4.6.29130.01",
          "OSName/Windows",
          "OSVersion/Microsoft.Windows.10.0.18363.",
          "Microsoft.Azure.Management.NetApp.AzureNetAppFilesManagementClient/1.5.1.0"
        ]
      },
      "ResponseHeaders": {
        "Cache-Control": [
          "no-cache"
        ],
        "Pragma": [
          "no-cache"
        ],
        "x-ms-request-id": [
          "1d2a06d0-2fb7-4fa7-a544-743f491d3715"
        ],
        "Request-Context": [
          "appId=cid-v1:2c4cb680-0a1f-424d-bb8d-8e650ba68d53"
        ],
        "Access-Control-Expose-Headers": [
          "Request-Context"
        ],
        "Server": [
          "Microsoft-IIS/10.0"
        ],
        "X-Powered-By": [
          "ASP.NET"
        ],
        "x-ms-ratelimit-remaining-subscription-reads": [
          "11965"
        ],
        "x-ms-correlation-request-id": [
          "a6c039b2-8b79-40a9-a876-9dd87b25e62d"
        ],
        "x-ms-routing-request-id": [
          "NORTHEUROPE:20200824T112516Z:a6c039b2-8b79-40a9-a876-9dd87b25e62d"
        ],
        "Strict-Transport-Security": [
          "max-age=31536000; includeSubDomains"
        ],
        "X-Content-Type-Options": [
          "nosniff"
        ],
        "Date": [
          "Mon, 24 Aug 2020 11:25:16 GMT"
        ],
        "Content-Length": [
          "569"
        ],
        "Content-Type": [
          "application/json; charset=utf-8"
        ],
        "Expires": [
          "-1"
        ]
      },
      "ResponseBody": "{\r\n  \"id\": \"/subscriptions/69a75bda-882e-44d5-8431-63421204132a/providers/Microsoft.NetApp/locations/westus2/operationResults/9a7a25ee-9db7-46ce-8c7b-4c059a850639\",\r\n  \"name\": \"9a7a25ee-9db7-46ce-8c7b-4c059a850639\",\r\n  \"status\": \"Deleting\",\r\n  \"startTime\": \"2020-08-24T11:24:15.9572567Z\",\r\n  \"endTime\": \"0001-01-01T00:00:00Z\",\r\n  \"percentComplete\": 0.0,\r\n  \"properties\": {\r\n    \"resourceName\": \"/subscriptions/69a75bda-882e-44d5-8431-63421204132a/resourceGroups/sdk-net-test-qa2/providers/Microsoft.NetApp/netAppAccounts/sdk-net-tests-acc-20/capacityPools/sdk-net-tests-pool-10/volumes/sdk-net-tests-vol-1000\"\r\n  }\r\n}",
      "StatusCode": 200
    },
    {
      "RequestUri": "/subscriptions/69a75bda-882e-44d5-8431-63421204132a/providers/Microsoft.NetApp/locations/westus2/operationResults/9a7a25ee-9db7-46ce-8c7b-4c059a850639?api-version=2019-11-01",
      "EncodedRequestUri": "L3N1YnNjcmlwdGlvbnMvNjlhNzViZGEtODgyZS00NGQ1LTg0MzEtNjM0MjEyMDQxMzJhL3Byb3ZpZGVycy9NaWNyb3NvZnQuTmV0QXBwL2xvY2F0aW9ucy93ZXN0dXMyL29wZXJhdGlvblJlc3VsdHMvOWE3YTI1ZWUtOWRiNy00NmNlLThjN2ItNGMwNTlhODUwNjM5P2FwaS12ZXJzaW9uPTIwMTktMTEtMDE=",
      "RequestMethod": "GET",
      "RequestBody": "",
      "RequestHeaders": {
        "User-Agent": [
          "FxVersion/4.6.29130.01",
          "OSName/Windows",
          "OSVersion/Microsoft.Windows.10.0.18363.",
          "Microsoft.Azure.Management.NetApp.AzureNetAppFilesManagementClient/1.5.1.0"
        ]
      },
      "ResponseHeaders": {
        "Cache-Control": [
          "no-cache"
        ],
        "Pragma": [
          "no-cache"
        ],
        "x-ms-request-id": [
          "f09af98e-9f7c-49a5-a8a5-290752560a9c"
        ],
        "Request-Context": [
          "appId=cid-v1:2c4cb680-0a1f-424d-bb8d-8e650ba68d53"
        ],
        "Access-Control-Expose-Headers": [
          "Request-Context"
        ],
        "Server": [
          "Microsoft-IIS/10.0"
        ],
        "X-Powered-By": [
          "ASP.NET"
        ],
        "x-ms-ratelimit-remaining-subscription-reads": [
          "11964"
        ],
        "x-ms-correlation-request-id": [
          "9744aeec-2eb2-436c-b540-22479e683dce"
        ],
        "x-ms-routing-request-id": [
          "NORTHEUROPE:20200824T112546Z:9744aeec-2eb2-436c-b540-22479e683dce"
        ],
        "Strict-Transport-Security": [
          "max-age=31536000; includeSubDomains"
        ],
        "X-Content-Type-Options": [
          "nosniff"
        ],
        "Date": [
          "Mon, 24 Aug 2020 11:25:46 GMT"
        ],
        "Content-Length": [
          "580"
        ],
        "Content-Type": [
          "application/json; charset=utf-8"
        ],
        "Expires": [
          "-1"
        ]
      },
      "ResponseBody": "{\r\n  \"id\": \"/subscriptions/69a75bda-882e-44d5-8431-63421204132a/providers/Microsoft.NetApp/locations/westus2/operationResults/9a7a25ee-9db7-46ce-8c7b-4c059a850639\",\r\n  \"name\": \"9a7a25ee-9db7-46ce-8c7b-4c059a850639\",\r\n  \"status\": \"Succeeded\",\r\n  \"startTime\": \"2020-08-24T11:24:15.9572567Z\",\r\n  \"endTime\": \"2020-08-24T11:25:20.7693285Z\",\r\n  \"percentComplete\": 100.0,\r\n  \"properties\": {\r\n    \"resourceName\": \"/subscriptions/69a75bda-882e-44d5-8431-63421204132a/resourceGroups/sdk-net-test-qa2/providers/Microsoft.NetApp/netAppAccounts/sdk-net-tests-acc-20/capacityPools/sdk-net-tests-pool-10/volumes/sdk-net-tests-vol-1000\"\r\n  }\r\n}",
      "StatusCode": 200
    },
    {
      "RequestUri": "/subscriptions/69a75bda-882e-44d5-8431-63421204132a/providers/Microsoft.NetApp/locations/westus2/operationResults/9a7a25ee-9db7-46ce-8c7b-4c059a850639?api-version=2019-11-01&operationResultResponseType=Location",
      "EncodedRequestUri": "L3N1YnNjcmlwdGlvbnMvNjlhNzViZGEtODgyZS00NGQ1LTg0MzEtNjM0MjEyMDQxMzJhL3Byb3ZpZGVycy9NaWNyb3NvZnQuTmV0QXBwL2xvY2F0aW9ucy93ZXN0dXMyL29wZXJhdGlvblJlc3VsdHMvOWE3YTI1ZWUtOWRiNy00NmNlLThjN2ItNGMwNTlhODUwNjM5P2FwaS12ZXJzaW9uPTIwMTktMTEtMDEmb3BlcmF0aW9uUmVzdWx0UmVzcG9uc2VUeXBlPUxvY2F0aW9u",
      "RequestMethod": "GET",
      "RequestBody": "",
      "RequestHeaders": {
        "User-Agent": [
          "FxVersion/4.6.29130.01",
          "OSName/Windows",
          "OSVersion/Microsoft.Windows.10.0.18363.",
          "Microsoft.Azure.Management.NetApp.AzureNetAppFilesManagementClient/1.5.1.0"
        ]
      },
      "ResponseHeaders": {
        "Cache-Control": [
          "no-cache"
        ],
        "Pragma": [
          "no-cache"
        ],
        "x-ms-request-id": [
          "516de58d-1499-4642-b3af-e4e8a2bd5d9f"
        ],
        "Request-Context": [
          "appId=cid-v1:2c4cb680-0a1f-424d-bb8d-8e650ba68d53"
        ],
        "Access-Control-Expose-Headers": [
          "Request-Context"
        ],
        "Server": [
          "Microsoft-IIS/10.0"
        ],
        "X-Powered-By": [
          "ASP.NET"
        ],
        "x-ms-ratelimit-remaining-subscription-reads": [
          "11963"
        ],
        "x-ms-correlation-request-id": [
          "43b67e79-eccf-4ff1-9442-e6cf5c19dacc"
        ],
        "x-ms-routing-request-id": [
          "NORTHEUROPE:20200824T112547Z:43b67e79-eccf-4ff1-9442-e6cf5c19dacc"
        ],
        "Strict-Transport-Security": [
          "max-age=31536000; includeSubDomains"
        ],
        "X-Content-Type-Options": [
          "nosniff"
        ],
        "Date": [
          "Mon, 24 Aug 2020 11:25:47 GMT"
        ],
        "Content-Length": [
          "2006"
        ],
        "Content-Type": [
          "application/json; charset=utf-8"
        ],
        "Expires": [
          "-1"
        ]
      },
      "ResponseBody": "{\r\n  \"id\": \"/subscriptions/69a75bda-882e-44d5-8431-63421204132a/resourceGroups/sdk-net-test-qa2/providers/Microsoft.NetApp/netAppAccounts/sdk-net-tests-acc-20/capacityPools/sdk-net-tests-pool-10/volumes/sdk-net-tests-vol-1000\",\r\n  \"name\": \"sdk-net-tests-acc-20/sdk-net-tests-pool-10/sdk-net-tests-vol-1000\",\r\n  \"type\": \"Microsoft.NetApp/netAppAccounts/capacityPools/volumes\",\r\n  \"etag\": \"W/\\\"datetime'2020-08-24T11%3A24%3A16.0281484Z'\\\"\",\r\n  \"location\": \"westus2\",\r\n  \"properties\": {\r\n    \"fileSystemId\": \"c0b3d1dc-54b5-a380-a973-16993918e90f\",\r\n    \"name\": \"sdk-net-tests-vol-1000\",\r\n    \"serviceLevel\": \"Premium\",\r\n    \"creationToken\": \"sdk-net-tests-vol-1000\",\r\n    \"ownerId\": \"8f82c7b4-0509-489d-9e97-d719b9b955b4\",\r\n    \"usageThreshold\": 107374182400,\r\n    \"exportPolicy\": {\r\n      \"rules\": [\r\n        {\r\n          \"ruleIndex\": 1,\r\n          \"unixReadOnly\": false,\r\n          \"unixReadWrite\": true,\r\n          \"cifs\": false,\r\n          \"nfsv3\": true,\r\n          \"nfsv4\": false,\r\n          \"nfsv41\": false,\r\n          \"allowedClients\": \"0.0.0.0/0\",\r\n          \"kerberos5ReadOnly\": false,\r\n          \"kerberos5ReadWrite\": false,\r\n          \"kerberos5iReadOnly\": false,\r\n          \"kerberos5iReadWrite\": false,\r\n          \"kerberos5pReadOnly\": false,\r\n          \"kerberos5pReadWrite\": false,\r\n          \"hasRootAccess\": true\r\n        }\r\n      ]\r\n    },\r\n    \"protocolTypes\": [\r\n      \"NFSv3\"\r\n    ],\r\n    \"baremetalTenantId\": \"baremetalTenant_svm_8f82c7b40509489d9e97d719b9b955b4_7e4a61d4\",\r\n    \"subnetId\": \"/subscriptions/69a75bda-882e-44d5-8431-63421204132a/resourceGroups/sdk-net-test-qa2/providers/Microsoft.Network/virtualNetworks/sdknettestqa2vnet464/subnets/default\",\r\n    \"vendorID\": \"/subscriptions/69a75bda-882e-44d5-8431-63421204132a/resourceGroups/sdk-net-test-qa2/providers/Microsoft.NetApp/netAppAccounts/sdk-net-tests-acc-20/capacityPools/sdk-net-tests-pool-10/volumes/sdk-net-tests-vol-1000\",\r\n    \"poolId\": \"3459e650-f1c0-52cf-a804-5208f98536ef\",\r\n    \"mountTargets\": [\r\n      {\r\n        \"provisioningState\": \"\",\r\n        \"mountTargetId\": \"c0b3d1dc-54b5-a380-a973-16993918e90f\",\r\n        \"fileSystemId\": \"c0b3d1dc-54b5-a380-a973-16993918e90f\",\r\n        \"startIp\": \"\",\r\n        \"endIp\": \"\",\r\n        \"gateway\": \"\",\r\n        \"netmask\": \"\",\r\n        \"subnet\": \"\",\r\n        \"ipAddress\": \"10.1.8.5\"\r\n      }\r\n    ],\r\n    \"isCreate\": false,\r\n    \"provisioningState\": \"Deleting\",\r\n    \"usedBytes\": 516096,\r\n    \"snapshotDirectoryVisible\": false,\r\n    \"throughputMibps\": 0.0,\r\n    \"kerberosEnabled\": false,\r\n    \"securityStyle\": \"Unix\"\r\n  }\r\n}",
      "StatusCode": 200
    },
    {
      "RequestUri": "/subscriptions/69a75bda-882e-44d5-8431-63421204132a/resourceGroups/sdk-net-test-qa2/providers/Microsoft.NetApp/netAppAccounts/sdk-net-tests-acc-20/capacityPools/sdk-net-tests-pool-10?api-version=2019-11-01",
      "EncodedRequestUri": "L3N1YnNjcmlwdGlvbnMvNjlhNzViZGEtODgyZS00NGQ1LTg0MzEtNjM0MjEyMDQxMzJhL3Jlc291cmNlR3JvdXBzL3Nkay1uZXQtdGVzdC1xYTIvcHJvdmlkZXJzL01pY3Jvc29mdC5OZXRBcHAvbmV0QXBwQWNjb3VudHMvc2RrLW5ldC10ZXN0cy1hY2MtMjAvY2FwYWNpdHlQb29scy9zZGstbmV0LXRlc3RzLXBvb2wtMTA/YXBpLXZlcnNpb249MjAxOS0xMS0wMQ==",
      "RequestMethod": "DELETE",
      "RequestBody": "",
      "RequestHeaders": {
        "x-ms-client-request-id": [
          "527a56af-da87-4f99-b74e-d1bfec3824b5"
        ],
        "Accept-Language": [
          "en-US"
        ],
        "User-Agent": [
          "FxVersion/4.6.29130.01",
          "OSName/Windows",
          "OSVersion/Microsoft.Windows.10.0.18363.",
          "Microsoft.Azure.Management.NetApp.AzureNetAppFilesManagementClient/1.5.1.0"
        ]
      },
      "ResponseHeaders": {
        "Cache-Control": [
          "no-cache"
        ],
        "Pragma": [
          "no-cache"
        ],
        "Location": [
          "https://management.azure.com/subscriptions/69a75bda-882e-44d5-8431-63421204132a/providers/Microsoft.NetApp/locations/westus2/operationResults/bdebabed-37db-4974-bc46-70b17d2058dc?api-version=2019-11-01&operationResultResponseType=Location"
        ],
        "Azure-AsyncOperation": [
          "https://management.azure.com/subscriptions/69a75bda-882e-44d5-8431-63421204132a/providers/Microsoft.NetApp/locations/westus2/operationResults/bdebabed-37db-4974-bc46-70b17d2058dc?api-version=2019-11-01"
        ],
        "Request-Context": [
          "appId=cid-v1:2c4cb680-0a1f-424d-bb8d-8e650ba68d53"
        ],
        "Access-Control-Expose-Headers": [
          "Request-Context"
        ],
        "Server": [
          "Microsoft-IIS/10.0"
        ],
        "X-Powered-By": [
          "ASP.NET"
        ],
        "x-ms-ratelimit-remaining-subscription-deletes": [
          "14996"
        ],
        "x-ms-request-id": [
          "7e0238b7-bf3a-4d9a-b8e3-c3eac5c3b35d"
        ],
        "x-ms-correlation-request-id": [
          "7e0238b7-bf3a-4d9a-b8e3-c3eac5c3b35d"
        ],
        "x-ms-routing-request-id": [
          "NORTHEUROPE:20200824T112552Z:7e0238b7-bf3a-4d9a-b8e3-c3eac5c3b35d"
        ],
        "Strict-Transport-Security": [
          "max-age=31536000; includeSubDomains"
        ],
        "X-Content-Type-Options": [
          "nosniff"
        ],
        "Date": [
          "Mon, 24 Aug 2020 11:25:52 GMT"
        ],
        "Expires": [
          "-1"
        ],
        "Content-Length": [
          "0"
        ]
      },
      "ResponseBody": "",
      "StatusCode": 202
    },
    {
      "RequestUri": "/subscriptions/69a75bda-882e-44d5-8431-63421204132a/providers/Microsoft.NetApp/locations/westus2/operationResults/bdebabed-37db-4974-bc46-70b17d2058dc?api-version=2019-11-01",
      "EncodedRequestUri": "L3N1YnNjcmlwdGlvbnMvNjlhNzViZGEtODgyZS00NGQ1LTg0MzEtNjM0MjEyMDQxMzJhL3Byb3ZpZGVycy9NaWNyb3NvZnQuTmV0QXBwL2xvY2F0aW9ucy93ZXN0dXMyL29wZXJhdGlvblJlc3VsdHMvYmRlYmFiZWQtMzdkYi00OTc0LWJjNDYtNzBiMTdkMjA1OGRjP2FwaS12ZXJzaW9uPTIwMTktMTEtMDE=",
      "RequestMethod": "GET",
      "RequestBody": "",
      "RequestHeaders": {
        "User-Agent": [
          "FxVersion/4.6.29130.01",
          "OSName/Windows",
          "OSVersion/Microsoft.Windows.10.0.18363.",
          "Microsoft.Azure.Management.NetApp.AzureNetAppFilesManagementClient/1.5.1.0"
        ]
      },
      "ResponseHeaders": {
        "Cache-Control": [
          "no-cache"
        ],
        "Pragma": [
          "no-cache"
        ],
        "x-ms-request-id": [
          "ccef14f0-3d40-4f0d-905a-45a7a3c79fde"
        ],
        "Request-Context": [
          "appId=cid-v1:2c4cb680-0a1f-424d-bb8d-8e650ba68d53"
        ],
        "Access-Control-Expose-Headers": [
          "Request-Context"
        ],
        "Server": [
          "Microsoft-IIS/10.0"
        ],
        "X-Powered-By": [
          "ASP.NET"
        ],
        "x-ms-ratelimit-remaining-subscription-reads": [
          "11962"
        ],
        "x-ms-correlation-request-id": [
          "839b84a7-d40c-4594-8e97-184d941cac7a"
        ],
        "x-ms-routing-request-id": [
          "NORTHEUROPE:20200824T112623Z:839b84a7-d40c-4594-8e97-184d941cac7a"
        ],
        "Strict-Transport-Security": [
          "max-age=31536000; includeSubDomains"
        ],
        "X-Content-Type-Options": [
          "nosniff"
        ],
        "Date": [
          "Mon, 24 Aug 2020 11:26:22 GMT"
        ],
        "Content-Length": [
          "549"
        ],
        "Content-Type": [
          "application/json; charset=utf-8"
        ],
        "Expires": [
          "-1"
        ]
      },
      "ResponseBody": "{\r\n  \"id\": \"/subscriptions/69a75bda-882e-44d5-8431-63421204132a/providers/Microsoft.NetApp/locations/westus2/operationResults/bdebabed-37db-4974-bc46-70b17d2058dc\",\r\n  \"name\": \"bdebabed-37db-4974-bc46-70b17d2058dc\",\r\n  \"status\": \"Succeeded\",\r\n  \"startTime\": \"2020-08-24T11:25:52.7016795Z\",\r\n  \"endTime\": \"2020-08-24T11:25:52.9360024Z\",\r\n  \"percentComplete\": 100.0,\r\n  \"properties\": {\r\n    \"resourceName\": \"/subscriptions/69a75bda-882e-44d5-8431-63421204132a/resourceGroups/sdk-net-test-qa2/providers/Microsoft.NetApp/netAppAccounts/sdk-net-tests-acc-20/capacityPools/sdk-net-tests-pool-10\"\r\n  }\r\n}",
      "StatusCode": 200
    },
    {
      "RequestUri": "/subscriptions/69a75bda-882e-44d5-8431-63421204132a/providers/Microsoft.NetApp/locations/westus2/operationResults/bdebabed-37db-4974-bc46-70b17d2058dc?api-version=2019-11-01&operationResultResponseType=Location",
      "EncodedRequestUri": "L3N1YnNjcmlwdGlvbnMvNjlhNzViZGEtODgyZS00NGQ1LTg0MzEtNjM0MjEyMDQxMzJhL3Byb3ZpZGVycy9NaWNyb3NvZnQuTmV0QXBwL2xvY2F0aW9ucy93ZXN0dXMyL29wZXJhdGlvblJlc3VsdHMvYmRlYmFiZWQtMzdkYi00OTc0LWJjNDYtNzBiMTdkMjA1OGRjP2FwaS12ZXJzaW9uPTIwMTktMTEtMDEmb3BlcmF0aW9uUmVzdWx0UmVzcG9uc2VUeXBlPUxvY2F0aW9u",
      "RequestMethod": "GET",
      "RequestBody": "",
      "RequestHeaders": {
        "User-Agent": [
          "FxVersion/4.6.29130.01",
          "OSName/Windows",
          "OSVersion/Microsoft.Windows.10.0.18363.",
          "Microsoft.Azure.Management.NetApp.AzureNetAppFilesManagementClient/1.5.1.0"
        ]
      },
      "ResponseHeaders": {
        "Cache-Control": [
          "no-cache"
        ],
        "Pragma": [
          "no-cache"
        ],
        "x-ms-request-id": [
          "19af9d29-74ef-401a-9ed7-8bc3b57f999b"
        ],
        "Request-Context": [
          "appId=cid-v1:2c4cb680-0a1f-424d-bb8d-8e650ba68d53"
        ],
        "Access-Control-Expose-Headers": [
          "Request-Context"
        ],
        "Server": [
          "Microsoft-IIS/10.0"
        ],
        "X-Powered-By": [
          "ASP.NET"
        ],
        "x-ms-ratelimit-remaining-subscription-reads": [
          "11961"
        ],
        "x-ms-correlation-request-id": [
          "8b21b5c6-8a06-414e-ada4-8e5b128b4264"
        ],
        "x-ms-routing-request-id": [
          "NORTHEUROPE:20200824T112623Z:8b21b5c6-8a06-414e-ada4-8e5b128b4264"
        ],
        "Strict-Transport-Security": [
          "max-age=31536000; includeSubDomains"
        ],
        "X-Content-Type-Options": [
          "nosniff"
        ],
        "Date": [
          "Mon, 24 Aug 2020 11:26:22 GMT"
        ],
        "Content-Length": [
          "765"
        ],
        "Content-Type": [
          "application/json; charset=utf-8"
        ],
        "Expires": [
          "-1"
        ]
      },
      "ResponseBody": "{\r\n  \"id\": \"/subscriptions/69a75bda-882e-44d5-8431-63421204132a/resourceGroups/sdk-net-test-qa2/providers/Microsoft.NetApp/netAppAccounts/sdk-net-tests-acc-20/capacityPools/sdk-net-tests-pool-10\",\r\n  \"name\": \"sdk-net-tests-acc-20/sdk-net-tests-pool-10\",\r\n  \"type\": \"Microsoft.NetApp/netAppAccounts/capacityPools\",\r\n  \"etag\": \"W/\\\"datetime'2020-08-24T11%3A25%3A52.7701416Z'\\\"\",\r\n  \"location\": \"westus2\",\r\n  \"properties\": {\r\n    \"poolId\": \"3459e650-f1c0-52cf-a804-5208f98536ef\",\r\n    \"name\": \"sdk-net-tests-acc-20/sdk-net-tests-pool-10\",\r\n    \"serviceLevel\": \"Premium\",\r\n    \"size\": 4398046511104,\r\n    \"vendorID\": \"/subscriptions/69a75bda-882e-44d5-8431-63421204132a/resourceGroups/sdk-net-test-qa2/providers/Microsoft.NetApp/netAppAccounts/sdk-net-tests-acc-20/capacityPools/sdk-net-tests-pool-10\",\r\n    \"provisioningState\": \"Deleting\"\r\n  }\r\n}",
      "StatusCode": 200
    },
    {
      "RequestUri": "/subscriptions/69a75bda-882e-44d5-8431-63421204132a/resourceGroups/sdk-net-test-qa2/providers/Microsoft.NetApp/netAppAccounts/sdk-net-tests-acc-20?api-version=2019-11-01",
      "EncodedRequestUri": "L3N1YnNjcmlwdGlvbnMvNjlhNzViZGEtODgyZS00NGQ1LTg0MzEtNjM0MjEyMDQxMzJhL3Jlc291cmNlR3JvdXBzL3Nkay1uZXQtdGVzdC1xYTIvcHJvdmlkZXJzL01pY3Jvc29mdC5OZXRBcHAvbmV0QXBwQWNjb3VudHMvc2RrLW5ldC10ZXN0cy1hY2MtMjA/YXBpLXZlcnNpb249MjAxOS0xMS0wMQ==",
      "RequestMethod": "DELETE",
      "RequestBody": "",
      "RequestHeaders": {
        "x-ms-client-request-id": [
          "be695531-04bf-4a9d-b638-c2bee47a2fe7"
        ],
        "Accept-Language": [
          "en-US"
        ],
        "User-Agent": [
          "FxVersion/4.6.29130.01",
          "OSName/Windows",
          "OSVersion/Microsoft.Windows.10.0.18363.",
          "Microsoft.Azure.Management.NetApp.AzureNetAppFilesManagementClient/1.5.1.0"
        ]
      },
      "ResponseHeaders": {
        "Cache-Control": [
          "no-cache"
        ],
        "Pragma": [
          "no-cache"
        ],
        "Location": [
          "https://management.azure.com/subscriptions/69a75bda-882e-44d5-8431-63421204132a/providers/Microsoft.NetApp/locations/westus2/operationResults/24f9d03b-5920-4d26-8100-7b19293197fa?api-version=2019-11-01&operationResultResponseType=Location"
        ],
        "Azure-AsyncOperation": [
          "https://management.azure.com/subscriptions/69a75bda-882e-44d5-8431-63421204132a/providers/Microsoft.NetApp/locations/westus2/operationResults/24f9d03b-5920-4d26-8100-7b19293197fa?api-version=2019-11-01"
        ],
        "Request-Context": [
          "appId=cid-v1:2c4cb680-0a1f-424d-bb8d-8e650ba68d53"
        ],
        "Access-Control-Expose-Headers": [
          "Request-Context"
        ],
        "Server": [
          "Microsoft-IIS/10.0"
        ],
        "X-Powered-By": [
          "ASP.NET"
        ],
        "x-ms-ratelimit-remaining-subscription-deletes": [
          "14995"
        ],
        "x-ms-request-id": [
          "4a6deb37-31bd-4d17-9614-e93195c2f610"
        ],
        "x-ms-correlation-request-id": [
          "4a6deb37-31bd-4d17-9614-e93195c2f610"
        ],
        "x-ms-routing-request-id": [
          "NORTHEUROPE:20200824T112624Z:4a6deb37-31bd-4d17-9614-e93195c2f610"
        ],
        "Strict-Transport-Security": [
          "max-age=31536000; includeSubDomains"
        ],
        "X-Content-Type-Options": [
          "nosniff"
        ],
        "Date": [
          "Mon, 24 Aug 2020 11:26:23 GMT"
        ],
        "Expires": [
          "-1"
        ],
        "Content-Length": [
          "0"
        ]
      },
      "ResponseBody": "",
      "StatusCode": 202
    },
    {
      "RequestUri": "/subscriptions/69a75bda-882e-44d5-8431-63421204132a/providers/Microsoft.NetApp/locations/westus2/operationResults/24f9d03b-5920-4d26-8100-7b19293197fa?api-version=2019-11-01",
      "EncodedRequestUri": "L3N1YnNjcmlwdGlvbnMvNjlhNzViZGEtODgyZS00NGQ1LTg0MzEtNjM0MjEyMDQxMzJhL3Byb3ZpZGVycy9NaWNyb3NvZnQuTmV0QXBwL2xvY2F0aW9ucy93ZXN0dXMyL29wZXJhdGlvblJlc3VsdHMvMjRmOWQwM2ItNTkyMC00ZDI2LTgxMDAtN2IxOTI5MzE5N2ZhP2FwaS12ZXJzaW9uPTIwMTktMTEtMDE=",
      "RequestMethod": "GET",
      "RequestBody": "",
      "RequestHeaders": {
        "User-Agent": [
          "FxVersion/4.6.29130.01",
          "OSName/Windows",
          "OSVersion/Microsoft.Windows.10.0.18363.",
          "Microsoft.Azure.Management.NetApp.AzureNetAppFilesManagementClient/1.5.1.0"
        ]
      },
      "ResponseHeaders": {
        "Cache-Control": [
          "no-cache"
        ],
        "Pragma": [
          "no-cache"
        ],
        "x-ms-request-id": [
          "e84fcc51-4469-4652-8bf7-36513830657f"
        ],
        "Request-Context": [
          "appId=cid-v1:2c4cb680-0a1f-424d-bb8d-8e650ba68d53"
        ],
        "Access-Control-Expose-Headers": [
          "Request-Context"
        ],
        "Server": [
          "Microsoft-IIS/10.0"
        ],
        "X-Powered-By": [
          "ASP.NET"
        ],
        "x-ms-ratelimit-remaining-subscription-reads": [
          "11960"
        ],
        "x-ms-correlation-request-id": [
          "648f05de-b49a-4ab5-b3d3-d1d1913ea826"
        ],
        "x-ms-routing-request-id": [
          "NORTHEUROPE:20200824T112654Z:648f05de-b49a-4ab5-b3d3-d1d1913ea826"
        ],
        "Strict-Transport-Security": [
          "max-age=31536000; includeSubDomains"
        ],
        "X-Content-Type-Options": [
          "nosniff"
        ],
        "Date": [
          "Mon, 24 Aug 2020 11:26:53 GMT"
        ],
        "Content-Length": [
          "513"
        ],
        "Content-Type": [
          "application/json; charset=utf-8"
        ],
        "Expires": [
          "-1"
        ]
      },
      "ResponseBody": "{\r\n  \"id\": \"/subscriptions/69a75bda-882e-44d5-8431-63421204132a/providers/Microsoft.NetApp/locations/westus2/operationResults/24f9d03b-5920-4d26-8100-7b19293197fa\",\r\n  \"name\": \"24f9d03b-5920-4d26-8100-7b19293197fa\",\r\n  \"status\": \"Succeeded\",\r\n  \"startTime\": \"2020-08-24T11:26:23.8627164Z\",\r\n  \"endTime\": \"2020-08-24T11:26:23.9407823Z\",\r\n  \"percentComplete\": 100.0,\r\n  \"properties\": {\r\n    \"resourceName\": \"/subscriptions/69a75bda-882e-44d5-8431-63421204132a/resourceGroups/sdk-net-test-qa2/providers/Microsoft.NetApp/netAppAccounts/sdk-net-tests-acc-20\"\r\n  }\r\n}",
      "StatusCode": 200
    },
    {
      "RequestUri": "/subscriptions/69a75bda-882e-44d5-8431-63421204132a/providers/Microsoft.NetApp/locations/westus2/operationResults/24f9d03b-5920-4d26-8100-7b19293197fa?api-version=2019-11-01&operationResultResponseType=Location",
      "EncodedRequestUri": "L3N1YnNjcmlwdGlvbnMvNjlhNzViZGEtODgyZS00NGQ1LTg0MzEtNjM0MjEyMDQxMzJhL3Byb3ZpZGVycy9NaWNyb3NvZnQuTmV0QXBwL2xvY2F0aW9ucy93ZXN0dXMyL29wZXJhdGlvblJlc3VsdHMvMjRmOWQwM2ItNTkyMC00ZDI2LTgxMDAtN2IxOTI5MzE5N2ZhP2FwaS12ZXJzaW9uPTIwMTktMTEtMDEmb3BlcmF0aW9uUmVzdWx0UmVzcG9uc2VUeXBlPUxvY2F0aW9u",
      "RequestMethod": "GET",
      "RequestBody": "",
      "RequestHeaders": {
        "User-Agent": [
          "FxVersion/4.6.29130.01",
          "OSName/Windows",
          "OSVersion/Microsoft.Windows.10.0.18363.",
          "Microsoft.Azure.Management.NetApp.AzureNetAppFilesManagementClient/1.5.1.0"
        ]
      },
      "ResponseHeaders": {
        "Cache-Control": [
          "no-cache"
        ],
        "Pragma": [
          "no-cache"
        ],
        "x-ms-request-id": [
          "b6f57e1c-6350-4363-bdb0-16ac8b16a4b1"
        ],
        "Request-Context": [
          "appId=cid-v1:2c4cb680-0a1f-424d-bb8d-8e650ba68d53"
        ],
        "Access-Control-Expose-Headers": [
          "Request-Context"
        ],
        "Server": [
          "Microsoft-IIS/10.0"
        ],
        "X-Powered-By": [
          "ASP.NET"
        ],
        "x-ms-ratelimit-remaining-subscription-reads": [
          "11959"
        ],
        "x-ms-correlation-request-id": [
          "5097874a-abd9-454b-87a2-701c46803ce5"
        ],
        "x-ms-routing-request-id": [
          "NORTHEUROPE:20200824T112654Z:5097874a-abd9-454b-87a2-701c46803ce5"
        ],
        "Strict-Transport-Security": [
          "max-age=31536000; includeSubDomains"
        ],
        "X-Content-Type-Options": [
          "nosniff"
        ],
        "Date": [
          "Mon, 24 Aug 2020 11:26:53 GMT"
        ],
        "Content-Length": [
          "381"
        ],
        "Content-Type": [
          "application/json; charset=utf-8"
        ],
        "Expires": [
          "-1"
        ]
      },
      "ResponseBody": "{\r\n  \"id\": \"/subscriptions/69a75bda-882e-44d5-8431-63421204132a/resourceGroups/sdk-net-test-qa2/providers/Microsoft.NetApp/netAppAccounts/sdk-net-tests-acc-20\",\r\n  \"name\": \"sdk-net-tests-acc-20\",\r\n  \"type\": \"Microsoft.NetApp/netAppAccounts\",\r\n  \"etag\": \"W/\\\"datetime'2020-08-24T11%3A26%3A23.9277118Z'\\\"\",\r\n  \"location\": \"westus2\",\r\n  \"properties\": {\r\n    \"name\": \"sdk-net-tests-acc-20\",\r\n    \"provisioningState\": \"Deleting\"\r\n  }\r\n}",
      "StatusCode": 200
    }
  ],
  "Names": {},
  "Variables": {
    "SubscriptionId": "69a75bda-882e-44d5-8431-63421204132a"
  }
}