{
  "Entries": [
    {
      "RequestUri": "https://localhost:8443/subscriptions/00000000-0000-0000-0000-000000000000?api-version=2019-11-01",
      "RequestMethod": "GET",
      "RequestHeaders": {
        "Accept": "application/json",
        "Authorization": "Sanitized",
        "traceparent": "00-232bf0682fd0b949ae0e3f163cef4746-ddfbd70ece7d6744-00",
        "User-Agent": "azsdk-net-ResourceManager/1.0.0-alpha.20211208.1 (.NET Framework 4.8.4300.0; Microsoft Windows 10.0.19044 )",
        "x-ms-client-request-id": "720450a9db75c6851aa007411ab22221",
        "x-ms-return-client-request-id": "true"
      },
      "RequestBody": null,
      "StatusCode": 200,
      "ResponseHeaders": {
        "Connection": "keep-alive",
        "Content-Length": "403",
        "Content-Type": "application/json; charset=utf-8",
        "Date": "Wed, 08 Dec 2021 07:19:41 GMT",
        "ETag": "W/\u0022193-XMviJqaGXohjOV1XjmYhUY8VLpk\u0022",
        "Keep-Alive": "timeout=5",
        "X-Powered-By": "Express"
      },
      "ResponseBody": {
        "id": "/subscriptions/00000000-0000-0000-0000-000000000000",
        "authorizationSource": "RoleBased",
        "managedByTenants": [],
        "subscriptionId": "00000000-0000-0000-0000-000000000000",
        "tenantId": "0000000-0000-0000-0000-000000000000",
        "displayName": "Name of the subscription",
        "state": "Enabled",
        "subscriptionPolicies": {
          "locationPlacementId": "Internal_2014-09-01",
          "quotaId": "Internal_2014-09-01",
          "spendingLimit": "Off"
        }
      }
    },
    {
      "RequestUri": "https://localhost:8443/subscriptions/00000000-0000-0000-0000-000000000000/resourcegroups/group1?api-version=2019-10-01",
      "RequestMethod": "PUT",
      "RequestHeaders": {
        "Accept": "application/json",
        "Authorization": "Sanitized",
        "Content-Length": "81",
        "Content-Type": "application/json",
        "User-Agent": "azsdk-net-ResourceManager/1.0.0-alpha.20211208.1 (.NET Framework 4.8.4300.0; Microsoft Windows 10.0.19044 )",
        "x-ms-client-request-id": "70daae77fc6eccd931090a4fc06c2610",
        "x-ms-return-client-request-id": "true"
      },
      "RequestBody": {
        "location": "Azure.ResourceManager.Resources.Subscription",
        "tags": {
          "test": "env"
        }
      },
      "StatusCode": 200,
      "ResponseHeaders": {
        "Connection": "keep-alive",
        "Content-Length": "236",
        "Content-Type": "application/json; charset=utf-8",
        "Date": "Wed, 08 Dec 2021 07:19:41 GMT",
        "ETag": "W/\u0022ec-kyifHTSp\u002BHv9qKmJYb5TlplPeUQ\u0022",
        "Keep-Alive": "timeout=5",
        "X-Powered-By": "Express"
      },
      "ResponseBody": {
        "id": "/subscriptions/00000000-0000-0000-0000-000000000000/resourcegroups/group1",
        "location": "eastus",
        "managedBy": null,
        "name": "group1",
        "properties": {
          "provisioningState": "Succeeded"
        },
        "tags": {},
        "type": "Microsoft.Resources/resourceGroups"
      }
    },
    {
      "RequestUri": "https://localhost:8443/subscriptions/00000000-0000-0000-0000-000000000000/resourceGroups/group1/providers/Microsoft.Sql/instancePools/testIP?api-version=2020-11-01-preview",
      "RequestMethod": "PUT",
      "RequestHeaders": {
        "Accept": "application/json",
        "Authorization": "Sanitized",
        "Content-Length": "320",
        "Content-Type": "application/json",
        "User-Agent": "azsdk-net-ResourceManager.Sql/1.0.0-alpha.20211208.1 (.NET Framework 4.8.4300.0; Microsoft Windows 10.0.19044 )",
        "x-ms-client-request-id": "f67edfc0ee8b1b03e0765a2e7898eb5b",
        "x-ms-return-client-request-id": "true"
      },
      "RequestBody": {
        "sku": {
          "name": "GP_Gen5",
          "tier": "GeneralPurpose",
          "family": "Gen5"
        },
        "tags": {
          "a": "b"
        },
        "location": "japaneast",
        "properties": {
          "subnetId": "/subscriptions/00000000-1111-2222-3333-444444444444/resourceGroups/group1/providers/Microsoft.Network/virtualNetworks/myvnet/subnets/mysubnet1",
          "vCores": 8,
          "licenseType": "LicenseIncluded"
        }
      },
      "StatusCode": 200,
      "ResponseHeaders": {
        "Connection": "keep-alive",
        "Content-Length": "422",
        "Content-Type": "application/json; charset=utf-8",
        "Date": "Wed, 08 Dec 2021 07:19:41 GMT",
        "ETag": "W/\u00221a6-/1/uUDGlXOlIV0iyYCVRFUSVluE\u0022",
        "Keep-Alive": "timeout=5",
        "X-Powered-By": "Express"
      },
      "ResponseBody": {
        "id": "/subscriptions/00000000-0000-0000-0000-000000000000/resourceGroups/group1/providers/Microsoft.Sql/instancePools/testIP",
        "name": "testIP",
        "type": "aaaaaaaa",
        "location": "aaaaa",
        "tags": {
          "key8241": "aaaaaaaaaaaaaaaaaaaaaa"
        },
        "sku": {
          "name": "testIP",
          "tier": "aaaaaaaa",
          "size": "aaaaaaaaaaaaaaa",
          "family": "aaaaaaaaaaaaaaaaaaaaaaaaaaaaaa",
          "capacity": 15
        },
        "properties": {
          "subnetId": "aa",
          "vCores": 22,
          "licenseType": "LicenseIncluded"
        }
      }
    },
    {
      "RequestUri": "https://localhost:8443/subscriptions/00000000-0000-0000-0000-000000000000/resourceGroups/group1/providers/Microsoft.Sql/instancePools/testIP?api-version=2020-11-01-preview",
      "RequestMethod": "GET",
      "RequestHeaders": {
        "Accept": "application/json",
        "Authorization": "Sanitized",
        "User-Agent": "azsdk-net-ResourceManager.Sql/1.0.0-alpha.20211208.1 (.NET Framework 4.8.4300.0; Microsoft Windows 10.0.19044 )",
        "x-ms-client-request-id": "3a80f6792c348895aabf8ff8a2ab5498",
        "x-ms-return-client-request-id": "true"
      },
      "RequestBody": null,
      "StatusCode": 200,
      "ResponseHeaders": {
        "Connection": "keep-alive",
        "Content-Length": "433",
        "Content-Type": "application/json; charset=utf-8",
        "Date": "Wed, 08 Dec 2021 07:19:41 GMT",
        "ETag": "W/\u00221b1-OpNnarjvuwjJP9NtKaoxFrnsy48\u0022",
        "Keep-Alive": "timeout=5",
        "X-Powered-By": "Express"
      },
      "ResponseBody": {
        "id": "/subscriptions/00000000-0000-0000-0000-000000000000/resourceGroups/group1/providers/Microsoft.Sql/instancePools/testIP",
        "name": "testIP",
        "type": "aaaaaaaaaaaaaaaaaaaaaaaaaaa",
        "location": "aaaaaaaaaaaaaaaaaaa",
        "tags": {
          "key6108": "aaaaaaaa"
        },
        "sku": {
          "name": "testIP",
          "tier": "aa",
          "size": "aaaaaaaaaaaa",
          "family": "aaaaaaaaaa",
          "capacity": 6
        },
        "properties": {
          "subnetId": "aaaaaaaaaaaaaaaaaaaaaaaa",
          "vCores": 21,
          "licenseType": "LicenseIncluded"
        }
      }
    }
  ],
  "Variables": {
    "RandomSeed": "1096064521",
    "RESOURCE_MANAGER_URL": "https://localhost:8443",
    "SUBSCRIPTION_ID": "00000000-0000-0000-0000-000000000000"
  }
}
