{
  "Entries": [
    {
      "RequestUri": "https://localhost:8443/subscriptions/00000000-0000-0000-0000-000000000000?api-version=2019-11-01",
      "RequestMethod": "GET",
      "RequestHeaders": {
        "Accept": "application/json",
        "Authorization": "Sanitized",
        "traceparent": "00-0eb7273117751641afad6e1da6b956f0-cc89a6129de0a341-00",
        "User-Agent": "azsdk-net-ResourceManager/1.0.0-alpha.20211208.1 (.NET Framework 4.8.4300.0; Microsoft Windows 10.0.19044 )",
        "x-ms-client-request-id": "54b4e52da0ad638917161cdec463eb5e",
        "x-ms-return-client-request-id": "true"
      },
      "RequestBody": null,
      "StatusCode": 200,
      "ResponseHeaders": {
        "Connection": "keep-alive",
        "Content-Length": "403",
        "Content-Type": "application/json; charset=utf-8",
        "Date": "Wed, 08 Dec 2021 07:19:39 GMT",
        "ETag": "W/\u0022193-XMviJqaGXohjOV1XjmYhUY8VLpk\u0022",
        "Keep-Alive": "timeout=5",
        "X-Powered-By": "Express"
      },
      "ResponseBody": {
        "id": "/subscriptions/00000000-0000-0000-0000-000000000000",
        "authorizationSource": "RoleBased",
        "managedByTenants": [],
        "subscriptionId": "00000000-0000-0000-0000-000000000000",
        "tenantId": "0000000-0000-0000-0000-000000000000",
        "displayName": "Name of the subscription",
        "state": "Enabled",
        "subscriptionPolicies": {
          "locationPlacementId": "Internal_2014-09-01",
          "quotaId": "Internal_2014-09-01",
          "spendingLimit": "Off"
        }
      }
    },
    {
      "RequestUri": "https://localhost:8443/subscriptions/00000000-0000-0000-0000-000000000000/resourcegroups/group1?api-version=2019-10-01",
      "RequestMethod": "PUT",
      "RequestHeaders": {
        "Accept": "application/json",
        "Authorization": "Sanitized",
        "Content-Length": "81",
        "Content-Type": "application/json",
        "User-Agent": "azsdk-net-ResourceManager/1.0.0-alpha.20211208.1 (.NET Framework 4.8.4300.0; Microsoft Windows 10.0.19044 )",
        "x-ms-client-request-id": "074aa97fdb93fb99c07a77096b917534",
        "x-ms-return-client-request-id": "true"
      },
      "RequestBody": {
        "location": "Azure.ResourceManager.Resources.Subscription",
        "tags": {
          "test": "env"
        }
      },
      "StatusCode": 200,
      "ResponseHeaders": {
        "Connection": "keep-alive",
        "Content-Length": "236",
        "Content-Type": "application/json; charset=utf-8",
        "Date": "Wed, 08 Dec 2021 07:19:39 GMT",
        "ETag": "W/\u0022ec-kyifHTSp\u002BHv9qKmJYb5TlplPeUQ\u0022",
        "Keep-Alive": "timeout=5",
        "X-Powered-By": "Express"
      },
      "ResponseBody": {
        "id": "/subscriptions/00000000-0000-0000-0000-000000000000/resourcegroups/group1",
        "location": "eastus",
        "managedBy": null,
        "name": "group1",
        "properties": {
          "provisioningState": "Succeeded"
        },
        "tags": {},
        "type": "Microsoft.Resources/resourceGroups"
      }
    },
    {
      "RequestUri": "https://localhost:8443/subscriptions/00000000-0000-0000-0000-000000000000/resourceGroups/group1/providers/Microsoft.Sql/instancePools/testIP?api-version=2020-11-01-preview",
      "RequestMethod": "PUT",
      "RequestHeaders": {
        "Accept": "application/json",
        "Authorization": "Sanitized",
        "Content-Length": "320",
        "Content-Type": "application/json",
        "User-Agent": "azsdk-net-ResourceManager.Sql/1.0.0-alpha.20211208.1 (.NET Framework 4.8.4300.0; Microsoft Windows 10.0.19044 )",
        "x-ms-client-request-id": "3251b38466b57b6a7ff4bebafffa04c8",
        "x-ms-return-client-request-id": "true"
      },
      "RequestBody": {
        "sku": {
          "name": "GP_Gen5",
          "tier": "GeneralPurpose",
          "family": "Gen5"
        },
        "tags": {
          "a": "b"
        },
        "location": "japaneast",
        "properties": {
          "subnetId": "/subscriptions/00000000-1111-2222-3333-444444444444/resourceGroups/group1/providers/Microsoft.Network/virtualNetworks/myvnet/subnets/mysubnet1",
          "vCores": 8,
          "licenseType": "LicenseIncluded"
        }
      },
      "StatusCode": 200,
      "ResponseHeaders": {
        "Connection": "keep-alive",
        "Content-Length": "445",
        "Content-Type": "application/json; charset=utf-8",
        "Date": "Wed, 08 Dec 2021 07:19:39 GMT",
        "ETag": "W/\u00221bd-wVhykRtQ2cSvIVCysdDWJNBGTnE\u0022",
        "Keep-Alive": "timeout=5",
        "X-Powered-By": "Express"
      },
      "ResponseBody": {
        "id": "/subscriptions/00000000-0000-0000-0000-000000000000/resourceGroups/group1/providers/Microsoft.Sql/instancePools/testIP",
        "name": "testIP",
        "type": "aaaaaaaaaaaaaaaaaaaaaaaaaaaaaa",
        "location": "aa",
        "tags": {
          "key9659": "aaaaaaaaaaaaaaaaaaaaaaaaaaa"
        },
        "sku": {
          "name": "testIP",
          "tier": "aaaaaaaaaaaaaaaaa",
          "size": "aaaaa",
          "family": "aaaaaaaaaaaaaaaaa",
          "capacity": 24
        },
        "properties": {
          "subnetId": "aaaaaaaaaaaaaaa",
          "vCores": 18,
          "licenseType": "LicenseIncluded"
        }
      }
    }
  ],
  "Variables": {
    "RandomSeed": "1416837636",
    "RESOURCE_MANAGER_URL": "https://localhost:8443",
    "SUBSCRIPTION_ID": "00000000-0000-0000-0000-000000000000"
  }
}
