{
  "Entries": [
    {
      "RequestUri": "https://management.azure.com/subscriptions/220fc532-6091-423c-8ba0-66c2397d591b/resourceGroups/dbaccount-8110/providers/Microsoft.DocumentDB/databaseAccounts/dbaccount-1938/gremlinDatabases/gremlin-db-6934?api-version=2023-03-15-preview",
      "RequestMethod": "GET",
      "RequestHeaders": {
        "Accept": "application/json",
        "Authorization": "Sanitized",
        "traceparent": "00-a9194f0b4f5e3da169637dd446387e80-90bfebd1f0cd42ab-00",
        "User-Agent": "azsdk-net-ResourceManager.CosmosDB/1.4.0-alpha.20230630.1 (.NET 7.0.7; Microsoft Windows 10.0.23493)",
        "x-ms-client-request-id": "12bfb41ca055ca11787ea365fce76fb0",
        "x-ms-return-client-request-id": "true"
      },
      "RequestBody": null,
      "StatusCode": 200,
      "ResponseHeaders": {
        "Cache-Control": "no-store, no-cache",
        "Content-Length": "472",
        "Content-Type": "application/json",
        "Date": "Fri, 30 Jun 2023 11:58:15 GMT",
        "Pragma": "no-cache",
        "Server": "Microsoft-HTTPAPI/2.0",
        "Strict-Transport-Security": "max-age=31536000; includeSubDomains",
        "X-Content-Type-Options": "nosniff",
        "x-ms-correlation-request-id": "cb08088f-f4ad-4b71-8321-ab1d4a3f0ee6",
        "x-ms-gatewayversion": "version=2.14.0",
        "x-ms-ratelimit-remaining-subscription-reads": "11601",
        "x-ms-request-id": "cb08088f-f4ad-4b71-8321-ab1d4a3f0ee6",
        "x-ms-routing-request-id": "SOUTHCENTRALUS:20230630T115815Z:cb08088f-f4ad-4b71-8321-ab1d4a3f0ee6"
      },
      "ResponseBody": {
        "id": "/subscriptions/220fc532-6091-423c-8ba0-66c2397d591b/resourceGroups/dbaccount-8110/providers/Microsoft.DocumentDB/databaseAccounts/dbaccount-1938/gremlinDatabases/gremlin-db-6934",
        "type": "Microsoft.DocumentDB/databaseAccounts/gremlinDatabases",
        "name": "gremlin-db-6934",
        "properties": {
          "resource": {
            "id": "gremlin-db-6934",
            "_rid": "O\u002B19AA==",
            "_self": "dbs/O\u002B19AA==/",
            "_etag": "\u00220000d800-0000-0700-0000-649ec3200000\u0022",
            "_colls": "colls/",
            "_users": "users/",
            "_ts": 1688126240
          }
        }
      }
    },
    {
      "RequestUri": "https://management.azure.com/subscriptions/220fc532-6091-423c-8ba0-66c2397d591b/resourceGroups/dbaccount-8110/providers/Microsoft.DocumentDB/databaseAccounts/dbaccount-1938/gremlinDatabases/gremlin-db-6934/graphs/gremlin-graph-9686?api-version=2023-03-15-preview",
      "RequestMethod": "PUT",
      "RequestHeaders": {
        "Accept": "application/json",
        "Authorization": "Sanitized",
        "Content-Length": "761",
        "Content-Type": "application/json",
        "traceparent": "00-7ba2d80ade010dc9da1ccb12e04d8dd8-d40b911d3d20c995-00",
        "User-Agent": "azsdk-net-ResourceManager.CosmosDB/1.4.0-alpha.20230630.1 (.NET 7.0.7; Microsoft Windows 10.0.23493)",
        "x-ms-client-request-id": "83542cc863544d54d81be28ce1324fdc",
        "x-ms-return-client-request-id": "true"
      },
      "RequestBody": {
        "tags": {},
        "location": "westus",
        "properties": {
          "resource": {
            "id": "gremlin-graph-9686",
            "indexingPolicy": {
              "automatic": true,
              "indexingMode": "consistent",
              "includedPaths": [
                {
                  "path": "/*"
                }
              ],
              "excludedPaths": [
                {
                  "path": "/pathToNotIndex/*"
                }
              ],
              "compositeIndexes": [
                [
                  {
                    "path": "/orderByPath1",
                    "order": "ascending"
                  },
                  {
                    "path": "/orderByPath2",
                    "order": "descending"
                  }
                ],
                [
                  {
                    "path": "/orderByPath3",
                    "order": "ascending"
                  },
                  {
                    "path": "/orderByPath4",
                    "order": "descending"
                  }
                ]
              ],
              "spatialIndexes": [
                {
                  "path": "/*",
                  "types": [
                    "Point"
                  ]
                }
              ]
            },
            "partitionKey": {
              "paths": [
                "/address"
              ],
              "kind": "Hash"
            },
            "defaultTtl": -1,
            "uniqueKeyPolicy": {
              "uniqueKeys": [
                {
                  "paths": [
                    "/testpath"
                  ]
                }
              ]
            },
            "conflictResolutionPolicy": {
              "mode": "LastWriterWins",
              "conflictResolutionPath": "/path",
              "conflictResolutionProcedure": ""
            }
          },
          "options": {
            "throughput": 700
          }
        }
      },
      "StatusCode": 202,
      "ResponseHeaders": {
        "Azure-AsyncOperation": "https://management.azure.com/subscriptions/220fc532-6091-423c-8ba0-66c2397d591b/providers/Microsoft.DocumentDB/locations/westus2/operationsStatus/eab86437-5ce9-4539-91a5-ace6ed2726ce?api-version=2023-03-15-preview",
        "Cache-Control": "no-store, no-cache",
        "Content-Length": "21",
        "Content-Type": "application/json",
        "Date": "Fri, 30 Jun 2023 11:58:15 GMT",
        "Location": "https://management.azure.com/subscriptions/220fc532-6091-423c-8ba0-66c2397d591b/resourceGroups/dbaccount-8110/providers/Microsoft.DocumentDB/databaseAccounts/dbaccount-1938/gremlinDatabases/gremlin-db-6934/graphs/gremlin-graph-9686/operationResults/eab86437-5ce9-4539-91a5-ace6ed2726ce?api-version=2023-03-15-preview",
        "Pragma": "no-cache",
        "Server": "Microsoft-HTTPAPI/2.0",
        "Strict-Transport-Security": "max-age=31536000; includeSubDomains",
        "X-Content-Type-Options": "nosniff",
        "x-ms-correlation-request-id": "395a3418-13a9-4aec-9c1e-d49006a4b632",
        "x-ms-gatewayversion": "version=2.14.0",
        "x-ms-ratelimit-remaining-subscription-writes": "1166",
        "x-ms-request-id": "eab86437-5ce9-4539-91a5-ace6ed2726ce",
        "x-ms-routing-request-id": "SOUTHCENTRALUS:20230630T115816Z:395a3418-13a9-4aec-9c1e-d49006a4b632"
      },
      "ResponseBody": {
        "status": "Enqueued"
      }
    },
    {
      "RequestUri": "https://management.azure.com/subscriptions/220fc532-6091-423c-8ba0-66c2397d591b/providers/Microsoft.DocumentDB/locations/westus2/operationsStatus/eab86437-5ce9-4539-91a5-ace6ed2726ce?api-version=2023-03-15-preview",
      "RequestMethod": "GET",
      "RequestHeaders": {
        "Authorization": "Sanitized",
        "traceparent": "00-7ba2d80ade010dc9da1ccb12e04d8dd8-74d52c58f6c22967-00",
        "User-Agent": "azsdk-net-ResourceManager/1.6.0 (.NET 7.0.7; Microsoft Windows 10.0.23493)",
        "x-ms-client-request-id": "1846ea6e2c8d50c76ac47c842e3d974c",
        "x-ms-return-client-request-id": "true"
      },
      "RequestBody": null,
      "StatusCode": 200,
      "ResponseHeaders": {
        "Cache-Control": "no-store, no-cache",
        "Content-Length": "21",
        "Content-Type": "application/json",
        "Date": "Fri, 30 Jun 2023 11:58:15 GMT",
        "Pragma": "no-cache",
        "Server": "Microsoft-HTTPAPI/2.0",
        "Strict-Transport-Security": "max-age=31536000; includeSubDomains",
        "X-Content-Type-Options": "nosniff",
        "x-ms-correlation-request-id": "73aead71-0ab8-47f0-9142-228ebf62f3bc",
        "x-ms-gatewayversion": "version=2.14.0",
        "x-ms-ratelimit-remaining-subscription-reads": "11600",
        "x-ms-request-id": "73aead71-0ab8-47f0-9142-228ebf62f3bc",
        "x-ms-routing-request-id": "SOUTHCENTRALUS:20230630T115816Z:73aead71-0ab8-47f0-9142-228ebf62f3bc"
      },
      "ResponseBody": {
        "status": "Enqueued"
      }
    },
    {
      "RequestUri": "https://management.azure.com/subscriptions/220fc532-6091-423c-8ba0-66c2397d591b/providers/Microsoft.DocumentDB/locations/westus2/operationsStatus/eab86437-5ce9-4539-91a5-ace6ed2726ce?api-version=2023-03-15-preview",
      "RequestMethod": "GET",
      "RequestHeaders": {
        "Authorization": "Sanitized",
        "traceparent": "00-7ba2d80ade010dc9da1ccb12e04d8dd8-267fd725af213ca6-00",
        "User-Agent": "azsdk-net-ResourceManager/1.6.0 (.NET 7.0.7; Microsoft Windows 10.0.23493)",
        "x-ms-client-request-id": "e1ef8854ccb25138118506924cd88473",
        "x-ms-return-client-request-id": "true"
      },
      "RequestBody": null,
      "StatusCode": 200,
      "ResponseHeaders": {
        "Cache-Control": "no-store, no-cache",
        "Content-Length": "21",
        "Content-Type": "application/json",
        "Date": "Fri, 30 Jun 2023 11:58:16 GMT",
        "Pragma": "no-cache",
        "Server": "Microsoft-HTTPAPI/2.0",
        "Strict-Transport-Security": "max-age=31536000; includeSubDomains",
        "X-Content-Type-Options": "nosniff",
        "x-ms-correlation-request-id": "62fa3881-ca82-4c23-8fbb-da65eb273497",
        "x-ms-gatewayversion": "version=2.14.0",
        "x-ms-ratelimit-remaining-subscription-reads": "11599",
        "x-ms-request-id": "62fa3881-ca82-4c23-8fbb-da65eb273497",
        "x-ms-routing-request-id": "SOUTHCENTRALUS:20230630T115817Z:62fa3881-ca82-4c23-8fbb-da65eb273497"
      },
      "ResponseBody": {
        "status": "Enqueued"
      }
    },
    {
      "RequestUri": "https://management.azure.com/subscriptions/220fc532-6091-423c-8ba0-66c2397d591b/providers/Microsoft.DocumentDB/locations/westus2/operationsStatus/eab86437-5ce9-4539-91a5-ace6ed2726ce?api-version=2023-03-15-preview",
      "RequestMethod": "GET",
      "RequestHeaders": {
        "Authorization": "Sanitized",
        "traceparent": "00-7ba2d80ade010dc9da1ccb12e04d8dd8-7e3b1ad830c5e6ef-00",
        "User-Agent": "azsdk-net-ResourceManager/1.6.0 (.NET 7.0.7; Microsoft Windows 10.0.23493)",
        "x-ms-client-request-id": "f71e8cba36ebe14f3e6c783dfa96a040",
        "x-ms-return-client-request-id": "true"
      },
      "RequestBody": null,
      "StatusCode": 200,
      "ResponseHeaders": {
        "Cache-Control": "no-store, no-cache",
        "Content-Length": "21",
        "Content-Type": "application/json",
        "Date": "Fri, 30 Jun 2023 11:58:18 GMT",
        "Pragma": "no-cache",
        "Server": "Microsoft-HTTPAPI/2.0",
        "Strict-Transport-Security": "max-age=31536000; includeSubDomains",
        "X-Content-Type-Options": "nosniff",
        "x-ms-correlation-request-id": "25ee3a0e-8616-4a26-b0c5-532f765fafda",
        "x-ms-gatewayversion": "version=2.14.0",
        "x-ms-ratelimit-remaining-subscription-reads": "11598",
        "x-ms-request-id": "25ee3a0e-8616-4a26-b0c5-532f765fafda",
        "x-ms-routing-request-id": "SOUTHCENTRALUS:20230630T115818Z:25ee3a0e-8616-4a26-b0c5-532f765fafda"
      },
      "ResponseBody": {
        "status": "Enqueued"
      }
    },
    {
      "RequestUri": "https://management.azure.com/subscriptions/220fc532-6091-423c-8ba0-66c2397d591b/providers/Microsoft.DocumentDB/locations/westus2/operationsStatus/eab86437-5ce9-4539-91a5-ace6ed2726ce?api-version=2023-03-15-preview",
      "RequestMethod": "GET",
      "RequestHeaders": {
        "Authorization": "Sanitized",
        "traceparent": "00-7ba2d80ade010dc9da1ccb12e04d8dd8-f7c3b440a06de56a-00",
        "User-Agent": "azsdk-net-ResourceManager/1.6.0 (.NET 7.0.7; Microsoft Windows 10.0.23493)",
        "x-ms-client-request-id": "3f27cb2a7f76a1a4b1f5070726340492",
        "x-ms-return-client-request-id": "true"
      },
      "RequestBody": null,
      "StatusCode": 200,
      "ResponseHeaders": {
        "Cache-Control": "no-store, no-cache",
        "Content-Length": "21",
        "Content-Type": "application/json",
        "Date": "Fri, 30 Jun 2023 11:58:19 GMT",
        "Pragma": "no-cache",
        "Server": "Microsoft-HTTPAPI/2.0",
        "Strict-Transport-Security": "max-age=31536000; includeSubDomains",
        "X-Content-Type-Options": "nosniff",
        "x-ms-correlation-request-id": "d54d1e11-1edc-424b-9aa1-ca697e78e4a8",
        "x-ms-gatewayversion": "version=2.14.0",
        "x-ms-ratelimit-remaining-subscription-reads": "11597",
        "x-ms-request-id": "d54d1e11-1edc-424b-9aa1-ca697e78e4a8",
        "x-ms-routing-request-id": "SOUTHCENTRALUS:20230630T115819Z:d54d1e11-1edc-424b-9aa1-ca697e78e4a8"
      },
      "ResponseBody": {
        "status": "Dequeued"
      }
    },
    {
      "RequestUri": "https://management.azure.com/subscriptions/220fc532-6091-423c-8ba0-66c2397d591b/providers/Microsoft.DocumentDB/locations/westus2/operationsStatus/eab86437-5ce9-4539-91a5-ace6ed2726ce?api-version=2023-03-15-preview",
      "RequestMethod": "GET",
      "RequestHeaders": {
        "Authorization": "Sanitized",
        "traceparent": "00-7ba2d80ade010dc9da1ccb12e04d8dd8-6635b402cc51ce47-00",
        "User-Agent": "azsdk-net-ResourceManager/1.6.0 (.NET 7.0.7; Microsoft Windows 10.0.23493)",
        "x-ms-client-request-id": "a1ca093fa01e1d60390da34554fb577b",
        "x-ms-return-client-request-id": "true"
      },
      "RequestBody": null,
      "StatusCode": 200,
      "ResponseHeaders": {
        "Cache-Control": "no-store, no-cache",
        "Content-Length": "21",
        "Content-Type": "application/json",
        "Date": "Fri, 30 Jun 2023 11:58:21 GMT",
        "Pragma": "no-cache",
        "Server": "Microsoft-HTTPAPI/2.0",
        "Strict-Transport-Security": "max-age=31536000; includeSubDomains",
        "X-Content-Type-Options": "nosniff",
        "x-ms-correlation-request-id": "92e3eee1-137b-42e6-b06c-9e7ce8e9b971",
        "x-ms-gatewayversion": "version=2.14.0",
        "x-ms-ratelimit-remaining-subscription-reads": "11596",
        "x-ms-request-id": "92e3eee1-137b-42e6-b06c-9e7ce8e9b971",
        "x-ms-routing-request-id": "SOUTHCENTRALUS:20230630T115821Z:92e3eee1-137b-42e6-b06c-9e7ce8e9b971"
      },
      "ResponseBody": {
        "status": "Dequeued"
      }
    },
    {
      "RequestUri": "https://management.azure.com/subscriptions/220fc532-6091-423c-8ba0-66c2397d591b/providers/Microsoft.DocumentDB/locations/westus2/operationsStatus/eab86437-5ce9-4539-91a5-ace6ed2726ce?api-version=2023-03-15-preview",
      "RequestMethod": "GET",
      "RequestHeaders": {
        "Authorization": "Sanitized",
        "traceparent": "00-7ba2d80ade010dc9da1ccb12e04d8dd8-dc0515c8aceea361-00",
        "User-Agent": "azsdk-net-ResourceManager/1.6.0 (.NET 7.0.7; Microsoft Windows 10.0.23493)",
        "x-ms-client-request-id": "8068c5e445b13afce87d45f52f47bb09",
        "x-ms-return-client-request-id": "true"
      },
      "RequestBody": null,
      "StatusCode": 200,
      "ResponseHeaders": {
        "Cache-Control": "no-store, no-cache",
        "Content-Length": "21",
        "Content-Type": "application/json",
        "Date": "Fri, 30 Jun 2023 11:58:25 GMT",
        "Pragma": "no-cache",
        "Server": "Microsoft-HTTPAPI/2.0",
        "Strict-Transport-Security": "max-age=31536000; includeSubDomains",
        "X-Content-Type-Options": "nosniff",
        "x-ms-correlation-request-id": "46985487-6042-45f0-b630-5c86b0d8ec06",
        "x-ms-gatewayversion": "version=2.14.0",
        "x-ms-ratelimit-remaining-subscription-reads": "11595",
        "x-ms-request-id": "46985487-6042-45f0-b630-5c86b0d8ec06",
        "x-ms-routing-request-id": "SOUTHCENTRALUS:20230630T115825Z:46985487-6042-45f0-b630-5c86b0d8ec06"
      },
      "ResponseBody": {
        "status": "Dequeued"
      }
    },
    {
      "RequestUri": "https://management.azure.com/subscriptions/220fc532-6091-423c-8ba0-66c2397d591b/providers/Microsoft.DocumentDB/locations/westus2/operationsStatus/eab86437-5ce9-4539-91a5-ace6ed2726ce?api-version=2023-03-15-preview",
      "RequestMethod": "GET",
      "RequestHeaders": {
        "Authorization": "Sanitized",
        "traceparent": "00-7ba2d80ade010dc9da1ccb12e04d8dd8-58ab55fba7690312-00",
        "User-Agent": "azsdk-net-ResourceManager/1.6.0 (.NET 7.0.7; Microsoft Windows 10.0.23493)",
        "x-ms-client-request-id": "f1fde668ffcb8a216a090669db5e4db6",
        "x-ms-return-client-request-id": "true"
      },
      "RequestBody": null,
      "StatusCode": 200,
      "ResponseHeaders": {
        "Cache-Control": "no-store, no-cache",
        "Content-Length": "22",
        "Content-Type": "application/json",
        "Date": "Fri, 30 Jun 2023 11:58:33 GMT",
        "Pragma": "no-cache",
        "Server": "Microsoft-HTTPAPI/2.0",
        "Strict-Transport-Security": "max-age=31536000; includeSubDomains",
        "X-Content-Type-Options": "nosniff",
        "x-ms-correlation-request-id": "8223d78d-53aa-4c02-a137-8039b3e2e993",
        "x-ms-gatewayversion": "version=2.14.0",
        "x-ms-ratelimit-remaining-subscription-reads": "11594",
        "x-ms-request-id": "8223d78d-53aa-4c02-a137-8039b3e2e993",
        "x-ms-routing-request-id": "SOUTHCENTRALUS:20230630T115833Z:8223d78d-53aa-4c02-a137-8039b3e2e993"
      },
      "ResponseBody": {
        "status": "Succeeded"
      }
    },
    {
      "RequestUri": "https://management.azure.com/subscriptions/220fc532-6091-423c-8ba0-66c2397d591b/resourceGroups/dbaccount-8110/providers/Microsoft.DocumentDB/databaseAccounts/dbaccount-1938/gremlinDatabases/gremlin-db-6934/graphs/gremlin-graph-9686?api-version=2023-03-15-preview",
      "RequestMethod": "GET",
      "RequestHeaders": {
        "Authorization": "Sanitized",
        "traceparent": "00-7ba2d80ade010dc9da1ccb12e04d8dd8-923e84ee78e9241d-00",
        "User-Agent": "azsdk-net-ResourceManager/1.6.0 (.NET 7.0.7; Microsoft Windows 10.0.23493)",
        "x-ms-client-request-id": "60238b9e83cbfae00c8fb9a15a6beef1",
        "x-ms-return-client-request-id": "true"
      },
      "RequestBody": null,
      "StatusCode": 200,
      "ResponseHeaders": {
        "Cache-Control": "no-store, no-cache",
        "Content-Length": "1462",
        "Content-Type": "application/json",
        "Date": "Fri, 30 Jun 2023 11:58:33 GMT",
        "Pragma": "no-cache",
        "Server": "Microsoft-HTTPAPI/2.0",
        "Strict-Transport-Security": "max-age=31536000; includeSubDomains",
        "X-Content-Type-Options": "nosniff",
        "x-ms-correlation-request-id": "6f9611c5-c6c1-458f-9d14-1e1a63307253",
        "x-ms-gatewayversion": "version=2.14.0",
        "x-ms-ratelimit-remaining-subscription-reads": "11593",
        "x-ms-request-id": "6f9611c5-c6c1-458f-9d14-1e1a63307253",
        "x-ms-routing-request-id": "SOUTHCENTRALUS:20230630T115834Z:6f9611c5-c6c1-458f-9d14-1e1a63307253"
      },
      "ResponseBody": {
        "id": "/subscriptions/220fc532-6091-423c-8ba0-66c2397d591b/resourceGroups/dbaccount-8110/providers/Microsoft.DocumentDB/databaseAccounts/dbaccount-1938/gremlinDatabases/gremlin-db-6934/graphs/gremlin-graph-9686",
        "type": "Microsoft.DocumentDB/databaseAccounts/gremlinDatabases/graphs",
        "name": "gremlin-graph-9686",
        "properties": {
          "resource": {
            "id": "gremlin-graph-9686",
            "indexingPolicy": {
              "indexingMode": "consistent",
              "automatic": true,
              "includedPaths": [
                {
                  "path": "/*"
                }
              ],
              "excludedPaths": [
                {
                  "path": "/pathToNotIndex/*"
                },
                {
                  "path": "/\u0022_etag\u0022/?"
                }
              ],
              "spatialIndexes": [
                {
                  "path": "/*",
                  "types": [
                    "Point",
                    "LineString",
                    "Polygon",
                    "MultiPolygon"
                  ]
                }
              ],
              "compositeIndexes": [
                [
                  {
                    "path": "/orderByPath1",
                    "order": "ascending"
                  },
                  {
                    "path": "/orderByPath2",
                    "order": "descending"
                  }
                ],
                [
                  {
                    "path": "/orderByPath3",
                    "order": "ascending"
                  },
                  {
                    "path": "/orderByPath4",
                    "order": "descending"
                  }
                ]
              ]
            },
            "partitionKey": {
              "paths": [
                "/address"
              ],
              "kind": "Hash"
            },
            "defaultTtl": -1,
            "uniqueKeyPolicy": {
              "uniqueKeys": [
                {
                  "paths": [
                    "/testpath"
                  ]
                }
              ]
            },
            "conflictResolutionPolicy": {
              "mode": "LastWriterWins",
              "conflictResolutionPath": "/path",
              "conflictResolutionProcedure": ""
            },
            "geospatialConfig": {
              "type": "Geography"
            },
            "_rid": "O\u002B19AJ7XwPU=",
            "_ts": 1688126303,
            "_self": "dbs/O\u002B19AA==/colls/O\u002B19AJ7XwPU=/",
            "_etag": "\u00220000e400-0000-0700-0000-649ec35f0000\u0022",
            "_docs": "docs/",
            "_sprocs": "sprocs/",
            "_triggers": "triggers/",
            "_udfs": "udfs/",
            "_conflicts": "conflicts/",
            "statistics": [
              {
                "id": "0",
                "sizeInKB": 0,
                "documentCount": 0,
                "sampledDistinctPartitionKeyCount": 0,
                "partitionKeys": []
              }
            ]
          }
        }
      }
    },
    {
      "RequestUri": "https://management.azure.com/subscriptions/220fc532-6091-423c-8ba0-66c2397d591b/resourceGroups/dbaccount-8110/providers/Microsoft.DocumentDB/databaseAccounts/dbaccount-1938/gremlinDatabases/gremlin-db-6934/graphs/gremlin-graph-9686?api-version=2023-03-15-preview",
      "RequestMethod": "DELETE",
      "RequestHeaders": {
        "Authorization": "Sanitized",
        "traceparent": "00-0e70ff3e781d91f4dfa049080cce6d06-e3eb3dae277631cc-00",
        "User-Agent": "azsdk-net-ResourceManager.CosmosDB/1.4.0-alpha.20230630.1 (.NET 7.0.7; Microsoft Windows 10.0.23493)",
        "x-ms-client-request-id": "6ddd995166fde5b0a4de16a73e935f89",
        "x-ms-return-client-request-id": "true"
      },
      "RequestBody": null,
      "StatusCode": 202,
      "ResponseHeaders": {
        "Azure-AsyncOperation": "https://management.azure.com/subscriptions/220fc532-6091-423c-8ba0-66c2397d591b/providers/Microsoft.DocumentDB/locations/westus2/operationsStatus/cd72437e-1ed9-425c-aa5d-0837b5e49a14?api-version=2023-03-15-preview",
        "Cache-Control": "no-store, no-cache",
        "Content-Length": "21",
        "Content-Type": "application/json",
        "Date": "Fri, 30 Jun 2023 11:58:33 GMT",
        "Location": "https://management.azure.com/subscriptions/220fc532-6091-423c-8ba0-66c2397d591b/resourceGroups/dbaccount-8110/providers/Microsoft.DocumentDB/databaseAccounts/dbaccount-1938/gremlinDatabases/gremlin-db-6934/graphs/gremlin-graph-9686/operationResults/cd72437e-1ed9-425c-aa5d-0837b5e49a14?api-version=2023-03-15-preview",
        "Pragma": "no-cache",
        "Server": "Microsoft-HTTPAPI/2.0",
        "Strict-Transport-Security": "max-age=31536000; includeSubDomains",
        "X-Content-Type-Options": "nosniff",
        "x-ms-correlation-request-id": "732689ff-aedc-4788-bfe1-ddf6e4aef669",
        "x-ms-gatewayversion": "version=2.14.0",
        "x-ms-ratelimit-remaining-subscription-deletes": "14984",
        "x-ms-request-id": "cd72437e-1ed9-425c-aa5d-0837b5e49a14",
        "x-ms-routing-request-id": "SOUTHCENTRALUS:20230630T115834Z:732689ff-aedc-4788-bfe1-ddf6e4aef669"
      },
      "ResponseBody": {
        "status": "Enqueued"
      }
    },
    {
      "RequestUri": "https://management.azure.com/subscriptions/220fc532-6091-423c-8ba0-66c2397d591b/providers/Microsoft.DocumentDB/locations/westus2/operationsStatus/cd72437e-1ed9-425c-aa5d-0837b5e49a14?api-version=2023-03-15-preview",
      "RequestMethod": "GET",
      "RequestHeaders": {
        "Authorization": "Sanitized",
        "traceparent": "00-0e70ff3e781d91f4dfa049080cce6d06-9f0d2861655f798e-00",
        "User-Agent": "azsdk-net-ResourceManager/1.6.0 (.NET 7.0.7; Microsoft Windows 10.0.23493)",
        "x-ms-client-request-id": "4217141bdf8138b8db3ebced6d38bc79",
        "x-ms-return-client-request-id": "true"
      },
      "RequestBody": null,
      "StatusCode": 200,
      "ResponseHeaders": {
        "Cache-Control": "no-store, no-cache",
        "Content-Length": "21",
        "Content-Type": "application/json",
        "Date": "Fri, 30 Jun 2023 11:58:33 GMT",
        "Pragma": "no-cache",
        "Server": "Microsoft-HTTPAPI/2.0",
        "Strict-Transport-Security": "max-age=31536000; includeSubDomains",
        "X-Content-Type-Options": "nosniff",
        "x-ms-correlation-request-id": "6c17c2c8-aea3-40a1-abe8-2236afacbca4",
        "x-ms-gatewayversion": "version=2.14.0",
        "x-ms-ratelimit-remaining-subscription-reads": "11592",
        "x-ms-request-id": "6c17c2c8-aea3-40a1-abe8-2236afacbca4",
        "x-ms-routing-request-id": "SOUTHCENTRALUS:20230630T115834Z:6c17c2c8-aea3-40a1-abe8-2236afacbca4"
      },
      "ResponseBody": {
        "status": "Enqueued"
      }
    },
    {
      "RequestUri": "https://management.azure.com/subscriptions/220fc532-6091-423c-8ba0-66c2397d591b/providers/Microsoft.DocumentDB/locations/westus2/operationsStatus/cd72437e-1ed9-425c-aa5d-0837b5e49a14?api-version=2023-03-15-preview",
      "RequestMethod": "GET",
      "RequestHeaders": {
        "Authorization": "Sanitized",
        "traceparent": "00-0e70ff3e781d91f4dfa049080cce6d06-f6f461e38d9552c7-00",
        "User-Agent": "azsdk-net-ResourceManager/1.6.0 (.NET 7.0.7; Microsoft Windows 10.0.23493)",
        "x-ms-client-request-id": "cb702f304b13f6cd5bf867fa81749f23",
        "x-ms-return-client-request-id": "true"
      },
      "RequestBody": null,
      "StatusCode": 200,
      "ResponseHeaders": {
        "Cache-Control": "no-store, no-cache",
        "Content-Length": "21",
        "Content-Type": "application/json",
        "Date": "Fri, 30 Jun 2023 11:58:34 GMT",
        "Pragma": "no-cache",
        "Server": "Microsoft-HTTPAPI/2.0",
        "Strict-Transport-Security": "max-age=31536000; includeSubDomains",
        "X-Content-Type-Options": "nosniff",
        "x-ms-correlation-request-id": "a0bcd371-acec-46fa-9546-579fcd0b50bc",
        "x-ms-gatewayversion": "version=2.14.0",
        "x-ms-ratelimit-remaining-subscription-reads": "11591",
        "x-ms-request-id": "a0bcd371-acec-46fa-9546-579fcd0b50bc",
        "x-ms-routing-request-id": "SOUTHCENTRALUS:20230630T115835Z:a0bcd371-acec-46fa-9546-579fcd0b50bc"
      },
      "ResponseBody": {
        "status": "Enqueued"
      }
    },
    {
      "RequestUri": "https://management.azure.com/subscriptions/220fc532-6091-423c-8ba0-66c2397d591b/providers/Microsoft.DocumentDB/locations/westus2/operationsStatus/cd72437e-1ed9-425c-aa5d-0837b5e49a14?api-version=2023-03-15-preview",
      "RequestMethod": "GET",
      "RequestHeaders": {
        "Authorization": "Sanitized",
        "traceparent": "00-0e70ff3e781d91f4dfa049080cce6d06-568be15575de4b76-00",
        "User-Agent": "azsdk-net-ResourceManager/1.6.0 (.NET 7.0.7; Microsoft Windows 10.0.23493)",
        "x-ms-client-request-id": "2a8c17ae1c7b5008d61fc7e69f5076cd",
        "x-ms-return-client-request-id": "true"
      },
      "RequestBody": null,
      "StatusCode": 200,
      "ResponseHeaders": {
        "Cache-Control": "no-store, no-cache",
        "Content-Length": "21",
        "Content-Type": "application/json",
        "Date": "Fri, 30 Jun 2023 11:58:35 GMT",
        "Pragma": "no-cache",
        "Server": "Microsoft-HTTPAPI/2.0",
        "Strict-Transport-Security": "max-age=31536000; includeSubDomains",
        "X-Content-Type-Options": "nosniff",
        "x-ms-correlation-request-id": "725bef97-5821-4a3f-a4d4-c31e7a2ce48d",
        "x-ms-gatewayversion": "version=2.14.0",
        "x-ms-ratelimit-remaining-subscription-reads": "11590",
        "x-ms-request-id": "725bef97-5821-4a3f-a4d4-c31e7a2ce48d",
        "x-ms-routing-request-id": "SOUTHCENTRALUS:20230630T115836Z:725bef97-5821-4a3f-a4d4-c31e7a2ce48d"
      },
      "ResponseBody": {
        "status": "Enqueued"
      }
    },
    {
      "RequestUri": "https://management.azure.com/subscriptions/220fc532-6091-423c-8ba0-66c2397d591b/providers/Microsoft.DocumentDB/locations/westus2/operationsStatus/cd72437e-1ed9-425c-aa5d-0837b5e49a14?api-version=2023-03-15-preview",
      "RequestMethod": "GET",
      "RequestHeaders": {
        "Authorization": "Sanitized",
        "traceparent": "00-0e70ff3e781d91f4dfa049080cce6d06-cb8c85ae88034660-00",
        "User-Agent": "azsdk-net-ResourceManager/1.6.0 (.NET 7.0.7; Microsoft Windows 10.0.23493)",
        "x-ms-client-request-id": "160b6a46640fd0eb4720e68878beb667",
        "x-ms-return-client-request-id": "true"
      },
      "RequestBody": null,
      "StatusCode": 200,
      "ResponseHeaders": {
        "Cache-Control": "no-store, no-cache",
        "Content-Length": "21",
        "Content-Type": "application/json",
        "Date": "Fri, 30 Jun 2023 11:58:37 GMT",
        "Pragma": "no-cache",
        "Server": "Microsoft-HTTPAPI/2.0",
        "Strict-Transport-Security": "max-age=31536000; includeSubDomains",
        "X-Content-Type-Options": "nosniff",
        "x-ms-correlation-request-id": "708ad099-1e6a-4927-9d29-9750f45e7fde",
        "x-ms-gatewayversion": "version=2.14.0",
        "x-ms-ratelimit-remaining-subscription-reads": "11589",
        "x-ms-request-id": "708ad099-1e6a-4927-9d29-9750f45e7fde",
        "x-ms-routing-request-id": "SOUTHCENTRALUS:20230630T115837Z:708ad099-1e6a-4927-9d29-9750f45e7fde"
      },
      "ResponseBody": {
        "status": "Enqueued"
      }
    },
    {
      "RequestUri": "https://management.azure.com/subscriptions/220fc532-6091-423c-8ba0-66c2397d591b/providers/Microsoft.DocumentDB/locations/westus2/operationsStatus/cd72437e-1ed9-425c-aa5d-0837b5e49a14?api-version=2023-03-15-preview",
      "RequestMethod": "GET",
      "RequestHeaders": {
        "Authorization": "Sanitized",
        "traceparent": "00-0e70ff3e781d91f4dfa049080cce6d06-e699ccc2730660c9-00",
        "User-Agent": "azsdk-net-ResourceManager/1.6.0 (.NET 7.0.7; Microsoft Windows 10.0.23493)",
        "x-ms-client-request-id": "563e989e92ac13fe2720f4f483e7570b",
        "x-ms-return-client-request-id": "true"
      },
      "RequestBody": null,
      "StatusCode": 200,
      "ResponseHeaders": {
        "Cache-Control": "no-store, no-cache",
        "Content-Length": "21",
        "Content-Type": "application/json",
        "Date": "Fri, 30 Jun 2023 11:58:39 GMT",
        "Pragma": "no-cache",
        "Server": "Microsoft-HTTPAPI/2.0",
        "Strict-Transport-Security": "max-age=31536000; includeSubDomains",
        "X-Content-Type-Options": "nosniff",
        "x-ms-correlation-request-id": "c512494c-e5c5-4cb5-abfc-43693108fc37",
        "x-ms-gatewayversion": "version=2.14.0",
        "x-ms-ratelimit-remaining-subscription-reads": "11588",
        "x-ms-request-id": "c512494c-e5c5-4cb5-abfc-43693108fc37",
        "x-ms-routing-request-id": "SOUTHCENTRALUS:20230630T115840Z:c512494c-e5c5-4cb5-abfc-43693108fc37"
      },
      "ResponseBody": {
        "status": "Dequeued"
      }
    },
    {
      "RequestUri": "https://management.azure.com/subscriptions/220fc532-6091-423c-8ba0-66c2397d591b/providers/Microsoft.DocumentDB/locations/westus2/operationsStatus/cd72437e-1ed9-425c-aa5d-0837b5e49a14?api-version=2023-03-15-preview",
      "RequestMethod": "GET",
      "RequestHeaders": {
        "Authorization": "Sanitized",
        "traceparent": "00-0e70ff3e781d91f4dfa049080cce6d06-755fd304481e4c9f-00",
        "User-Agent": "azsdk-net-ResourceManager/1.6.0 (.NET 7.0.7; Microsoft Windows 10.0.23493)",
        "x-ms-client-request-id": "17b39a8188694a132bbce25b357fd718",
        "x-ms-return-client-request-id": "true"
      },
      "RequestBody": null,
      "StatusCode": 200,
      "ResponseHeaders": {
        "Cache-Control": "no-store, no-cache",
        "Content-Length": "22",
        "Content-Type": "application/json",
        "Date": "Fri, 30 Jun 2023 11:58:43 GMT",
        "Pragma": "no-cache",
        "Server": "Microsoft-HTTPAPI/2.0",
        "Strict-Transport-Security": "max-age=31536000; includeSubDomains",
        "X-Content-Type-Options": "nosniff",
        "x-ms-correlation-request-id": "5a38842c-747b-44b5-8f81-1011a9309fb4",
        "x-ms-gatewayversion": "version=2.14.0",
        "x-ms-ratelimit-remaining-subscription-reads": "11587",
        "x-ms-request-id": "5a38842c-747b-44b5-8f81-1011a9309fb4",
        "x-ms-routing-request-id": "SOUTHCENTRALUS:20230630T115844Z:5a38842c-747b-44b5-8f81-1011a9309fb4"
      },
      "ResponseBody": {
        "status": "Succeeded"
      }
    },
    {
      "RequestUri": "https://management.azure.com/subscriptions/220fc532-6091-423c-8ba0-66c2397d591b/resourceGroups/dbaccount-8110/providers/Microsoft.DocumentDB/databaseAccounts/dbaccount-1938/gremlinDatabases/gremlin-db-6934/graphs/gremlin-graph-9686?api-version=2023-03-15-preview",
      "RequestMethod": "GET",
      "RequestHeaders": {
        "Accept": "application/json",
        "Authorization": "Sanitized",
        "traceparent": "00-e406d31b3aa1959601df26b8b8cec717-5707be63fff8a3fc-00",
        "User-Agent": "azsdk-net-ResourceManager.CosmosDB/1.4.0-alpha.20230630.1 (.NET 7.0.7; Microsoft Windows 10.0.23493)",
        "x-ms-client-request-id": "064760692011b4216cf7efee70f74c5f",
        "x-ms-return-client-request-id": "true"
      },
      "RequestBody": null,
      "StatusCode": 404,
      "ResponseHeaders": {
        "Cache-Control": "no-store, no-cache",
        "Content-Length": "7801",
        "Content-Type": "application/json",
        "Date": "Fri, 30 Jun 2023 11:58:43 GMT",
        "Pragma": "no-cache",
        "Server": "Microsoft-HTTPAPI/2.0",
        "Strict-Transport-Security": "max-age=31536000; includeSubDomains",
        "X-Content-Type-Options": "nosniff",
        "x-ms-correlation-request-id": "62df0566-99eb-4237-9152-1611d9006783",
        "x-ms-gatewayversion": "version=2.14.0",
        "x-ms-ratelimit-remaining-subscription-reads": "11586",
        "x-ms-request-id": "62df0566-99eb-4237-9152-1611d9006783",
        "x-ms-routing-request-id": "SOUTHCENTRALUS:20230630T115844Z:62df0566-99eb-4237-9152-1611d9006783"
      },
      "ResponseBody": {
        "code": "NotFound",
        "message": "Message: {\u0022code\u0022:\u0022NotFound\u0022,\u0022message\u0022:\u0022Message: {\\\u0022Errors\\\u0022:[\\\u0022Resource Not Found. Learn more: https:\\\\/\\\\/aka.ms\\\\/cosmosdb-tsg-not-found\\\u0022]}\\r\\nActivityId: 06476069-2011-b421-6cf7-efee70f74c5f, Request URI: /apps/f50faba1-c002-4cef-b681-f213f30661a3/services/ca7cb78f-482f-4bff-81cf-766b1504fc74/partitions/8201c415-a75d-4143-a1ae-f0dc4ae3fd58/replicas/133240884055677237s, RequestStats: \\r\\nRequestStartTime: 2023-06-30T11:58:44.3234520Z, RequestEndTime: 2023-06-30T11:58:44.3244992Z,  Number of regions attempted:1\\r\\n{\\\u0022systemHistory\\\u0022:[{\\\u0022dateUtc\\\u0022:\\\u00222023-06-30T11:57:51.4468381Z\\\u0022,\\\u0022cpu\\\u0022:0.195,\\\u0022memory\\\u0022:650610032.000,\\\u0022threadInfo\\\u0022:{\\\u0022isThreadStarving\\\u0022:\\\u0022False\\\u0022,\\\u0022threadWaitIntervalInMs\\\u0022:0.0539,\\\u0022availableThreads\\\u0022:32764,\\\u0022minThreads\\\u0022:64,\\\u0022maxThreads\\\u0022:32767},\\\u0022numberOfOpenTcpConnection\\\u0022:375},{\\\u0022dateUtc\\\u0022:\\\u00222023-06-30T11:58:01.4568573Z\\\u0022,\\\u0022cpu\\\u0022:0.847,\\\u0022memory\\\u0022:650595704.000,\\\u0022threadInfo\\\u0022:{\\\u0022isThreadStarving\\\u0022:\\\u0022False\\\u0022,\\\u0022threadWaitIntervalInMs\\\u0022:0.0409,\\\u0022availableThreads\\\u0022:32764,\\\u0022minThreads\\\u0022:64,\\\u0022maxThreads\\\u0022:32767},\\\u0022numberOfOpenTcpConnection\\\u0022:375},{\\\u0022dateUtc\\\u0022:\\\u00222023-06-30T11:58:11.4669500Z\\\u0022,\\\u0022cpu\\\u0022:0.200,\\\u0022memory\\\u0022:650595140.000,\\\u0022threadInfo\\\u0022:{\\\u0022isThreadStarving\\\u0022:\\\u0022False\\\u0022,\\\u0022threadWaitIntervalInMs\\\u0022:0.0528,\\\u0022availableThreads\\\u0022:32764,\\\u0022minThreads\\\u0022:64,\\\u0022maxThreads\\\u0022:32767},\\\u0022numberOfOpenTcpConnection\\\u0022:375},{\\\u0022dateUtc\\\u0022:\\\u00222023-06-30T11:58:21.4770420Z\\\u0022,\\\u0022cpu\\\u0022:0.271,\\\u0022memory\\\u0022:650531436.000,\\\u0022threadInfo\\\u0022:{\\\u0022isThreadStarving\\\u0022:\\\u0022False\\\u0022,\\\u0022threadWaitIntervalInMs\\\u0022:0.0333,\\\u0022availableThreads\\\u0022:32764,\\\u0022minThreads\\\u0022:64,\\\u0022maxThreads\\\u0022:32767},\\\u0022numberOfOpenTcpConnection\\\u0022:375},{\\\u0022dateUtc\\\u0022:\\\u00222023-06-30T11:58:31.4871406Z\\\u0022,\\\u0022cpu\\\u0022:0.371,\\\u0022memory\\\u0022:650537032.000,\\\u0022threadInfo\\\u0022:{\\\u0022isThreadStarving\\\u0022:\\\u0022False\\\u0022,\\\u0022threadWaitIntervalInMs\\\u0022:0.0653,\\\u0022availableThreads\\\u0022:32763,\\\u0022minThreads\\\u0022:64,\\\u0022maxThreads\\\u0022:32767},\\\u0022numberOfOpenTcpConnection\\\u0022:376},{\\\u0022dateUtc\\\u0022:\\\u00222023-06-30T11:58:41.4972178Z\\\u0022,\\\u0022cpu\\\u0022:0.253,\\\u0022memory\\\u0022:650521852.000,\\\u0022threadInfo\\\u0022:{\\\u0022isThreadStarving\\\u0022:\\\u0022False\\\u0022,\\\u0022threadWaitIntervalInMs\\\u0022:0.053,\\\u0022availableThreads\\\u0022:32764,\\\u0022minThreads\\\u0022:64,\\\u0022maxThreads\\\u0022:32767},\\\u0022numberOfOpenTcpConnection\\\u0022:378}]}\\r\\nRequestStart: 2023-06-30T11:58:44.3235651Z; ResponseTime: 2023-06-30T11:58:44.3244909Z; StoreResult: StorePhysicalAddress: rntbd://10.0.1.6:11000/apps/f50faba1-c002-4cef-b681-f213f30661a3/services/ca7cb78f-482f-4bff-81cf-766b1504fc74/partitions/8201c415-a75d-4143-a1ae-f0dc4ae3fd58/replicas/133240884055677237s, LSN: 18, GlobalCommittedLsn: 18, PartitionKeyRangeId: , IsValid: True, StatusCode: 404, SubStatusCode: 0, RequestCharge: 1, ItemLSN: -1, SessionToken: -1#18, UsingLocalLSN: False, TransportException: null, BELatencyMs: 0.236, ActivityId: 06476069-2011-b421-6cf7-efee70f74c5f, RetryAfterInMs: , ReplicaHealthStatuses: [rntbd://10.0.1.13:11000/apps/f50faba1-c002-4cef-b681-f213f30661a3/services/ca7cb78f-482f-4bff-81cf-766b1504fc74/partitions/8201c415-a75d-4143-a1ae-f0dc4ae3fd58/replicas/133240884024426098s:Connected,rntbd://10.0.1.5:11000/apps/f50faba1-c002-4cef-b681-f213f30661a3/services/ca7cb78f-482f-4bff-81cf-766b1504fc74/partitions/8201c415-a75d-4143-a1ae-f0dc4ae3fd58/replicas/133240884055677238s:Connected,rntbd://10.0.1.6:11000/apps/f50faba1-c002-4cef-b681-f213f30661a3/services/ca7cb78f-482f-4bff-81cf-766b1504fc74/partitions/8201c415-a75d-4143-a1ae-f0dc4ae3fd58/replicas/133240884055677237s:Connected], TransportRequestTimeline: {\\\u0022requestTimeline\\\u0022:[{\\\u0022event\\\u0022: \\\u0022Created\\\u0022, \\\u0022startTimeUtc\\\u0022: \\\u00222023-06-30T11:58:44.3234892Z\\\u0022, \\\u0022durationInMs\\\u0022: 0.0102},{\\\u0022event\\\u0022: \\\u0022ChannelAcquisitionStarted\\\u0022, \\\u0022startTimeUtc\\\u0022: \\\u00222023-06-30T11:58:44.3234994Z\\\u0022, \\\u0022durationInMs\\\u0022: 0.0023},{\\\u0022event\\\u0022: \\\u0022Pipelined\\\u0022, \\\u0022startTimeUtc\\\u0022: \\\u00222023-06-30T11:58:44.3235017Z\\\u0022, \\\u0022durationInMs\\\u0022: 0.0546},{\\\u0022event\\\u0022: \\\u0022Transit Time\\\u0022, \\\u0022startTimeUtc\\\u0022: \\\u00222023-06-30T11:58:44.3235563Z\\\u0022, \\\u0022durationInMs\\\u0022: 0.5386},{\\\u0022event\\\u0022: \\\u0022Received\\\u0022, \\\u0022startTimeUtc\\\u0022: \\\u00222023-06-30T11:58:44.3240949Z\\\u0022, \\\u0022durationInMs\\\u0022: 0.0634},{\\\u0022event\\\u0022: \\\u0022Completed\\\u0022, \\\u0022startTimeUtc\\\u0022: \\\u00222023-06-30T11:58:44.3241583Z\\\u0022, \\\u0022durationInMs\\\u0022: 0}],\\\u0022serviceEndpointStats\\\u0022:{\\\u0022inflightRequests\\\u0022:1,\\\u0022openConnections\\\u0022:1},\\\u0022connectionStats\\\u0022:{\\\u0022waitforConnectionInit\\\u0022:\\\u0022False\\\u0022,\\\u0022callsPendingReceive\\\u0022:0,\\\u0022lastSendAttempt\\\u0022:\\\u00222023-06-30T11:58:43.9314630Z\\\u0022,\\\u0022lastSend\\\u0022:\\\u00222023-06-30T11:58:43.9314762Z\\\u0022,\\\u0022lastReceive\\\u0022:\\\u00222023-06-30T11:58:43.9319232Z\\\u0022},\\\u0022requestSizeInBytes\\\u0022:497,\\\u0022responseMetadataSizeInBytes\\\u0022:135,\\\u0022responseBodySizeInBytes\\\u0022:87};\\r\\n ResourceType: Collection, OperationType: Read\\r\\nRequestStart: 2023-06-30T11:58:44.3236183Z; ResponseTime: 2023-06-30T11:58:44.3244992Z; StoreResult: StorePhysicalAddress: rntbd://10.0.1.5:11000/apps/f50faba1-c002-4cef-b681-f213f30661a3/services/ca7cb78f-482f-4bff-81cf-766b1504fc74/partitions/8201c415-a75d-4143-a1ae-f0dc4ae3fd58/replicas/133240884055677238s, LSN: 18, GlobalCommittedLsn: 18, PartitionKeyRangeId: , IsValid: True, StatusCode: 404, SubStatusCode: 0, RequestCharge: 1, ItemLSN: -1, SessionToken: -1#18, UsingLocalLSN: False, TransportException: null, BELatencyMs: 0.256, ActivityId: 06476069-2011-b421-6cf7-efee70f74c5f, RetryAfterInMs: , ReplicaHealthStatuses: [rntbd://10.0.1.6:11000/apps/f50faba1-c002-4cef-b681-f213f30661a3/services/ca7cb78f-482f-4bff-81cf-766b1504fc74/partitions/8201c415-a75d-4143-a1ae-f0dc4ae3fd58/replicas/133240884055677237s:Connected,rntbd://10.0.1.13:11000/apps/f50faba1-c002-4cef-b681-f213f30661a3/services/ca7cb78f-482f-4bff-81cf-766b1504fc74/partitions/8201c415-a75d-4143-a1ae-f0dc4ae3fd58/replicas/133240884024426098s:Connected,rntbd://10.0.1.5:11000/apps/f50faba1-c002-4cef-b681-f213f30661a3/services/ca7cb78f-482f-4bff-81cf-766b1504fc74/partitions/8201c415-a75d-4143-a1ae-f0dc4ae3fd58/replicas/133240884055677238s:Connected], TransportRequestTimeline: {\\\u0022requestTimeline\\\u0022:[{\\\u0022event\\\u0022: \\\u0022Created\\\u0022, \\\u0022startTimeUtc\\\u0022: \\\u00222023-06-30T11:58:44.3235666Z\\\u0022, \\\u0022durationInMs\\\u0022: 0.004},{\\\u0022event\\\u0022: \\\u0022ChannelAcquisitionStarted\\\u0022, \\\u0022startTimeUtc\\\u0022: \\\u00222023-06-30T11:58:44.3235706Z\\\u0022, \\\u0022durationInMs\\\u0022: 0.0074},{\\\u0022event\\\u0022: \\\u0022Pipelined\\\u0022, \\\u0022startTimeUtc\\\u0022: \\\u00222023-06-30T11:58:44.3235780Z\\\u0022, \\\u0022durationInMs\\\u0022: 0.0349},{\\\u0022event\\\u0022: \\\u0022Transit Time\\\u0022, \\\u0022startTimeUtc\\\u0022: \\\u00222023-06-30T11:58:44.3236129Z\\\u0022, \\\u0022durationInMs\\\u0022: 0.5375},{\\\u0022event\\\u0022: \\\u0022Received\\\u0022, \\\u0022startTimeUtc\\\u0022: \\\u00222023-06-30T11:58:44.3241504Z\\\u0022, \\\u0022durationInMs\\\u0022: 0.0341},{\\\u0022event\\\u0022: \\\u0022Completed\\\u0022, \\\u0022startTimeUtc\\\u0022: \\\u00222023-06-30T11:58:44.3241845Z\\\u0022, \\\u0022durationInMs\\\u0022: 0}],\\\u0022serviceEndpointStats\\\u0022:{\\\u0022inflightRequests\\\u0022:1,\\\u0022openConnections\\\u0022:1},\\\u0022connectionStats\\\u0022:{\\\u0022waitforConnectionInit\\\u0022:\\\u0022False\\\u0022,\\\u0022callsPendingReceive\\\u0022:0,\\\u0022lastSendAttempt\\\u0022:\\\u00222023-06-30T11:58:37.9178374Z\\\u0022,\\\u0022lastSend\\\u0022:\\\u00222023-06-30T11:58:37.9178542Z\\\u0022,\\\u0022lastReceive\\\u0022:\\\u00222023-06-30T11:58:37.9488104Z\\\u0022},\\\u0022requestSizeInBytes\\\u0022:497,\\\u0022responseMetadataSizeInBytes\\\u0022:135,\\\u0022responseBodySizeInBytes\\\u0022:87};\\r\\n ResourceType: Collection, OperationType: Read\\r\\n, SDK: Microsoft.Azure.Documents.Common/2.14.0\u0022}, Request URI: /dbs/gremlin-db-6934/colls/gremlin-graph-9686, RequestStats: , SDK: Microsoft.Azure.Documents.Common/2.14.0"
      }
    },
    {
      "RequestUri": "https://management.azure.com/subscriptions/220fc532-6091-423c-8ba0-66c2397d591b/resourceGroups/dbaccount-8110/providers/Microsoft.DocumentDB/databaseAccounts/dbaccount-1938/gremlinDatabases/gremlin-db-6934/graphs/gremlin-graph-9686?api-version=2023-03-15-preview",
      "RequestMethod": "GET",
      "RequestHeaders": {
        "Accept": "application/json",
        "Authorization": "Sanitized",
        "traceparent": "00-4914fd8e40b9cc7a40247be139a2b4f4-4a4bf1a4bc671a20-00",
        "User-Agent": "azsdk-net-ResourceManager.CosmosDB/1.4.0-alpha.20230630.1 (.NET 7.0.7; Microsoft Windows 10.0.23493)",
        "x-ms-client-request-id": "de06dbc99e0a15fd84f42befafa3dea7",
        "x-ms-return-client-request-id": "true"
      },
      "RequestBody": null,
      "StatusCode": 404,
      "ResponseHeaders": {
        "Cache-Control": "no-store, no-cache",
        "Content-Length": "7799",
        "Content-Type": "application/json",
        "Date": "Fri, 30 Jun 2023 11:58:43 GMT",
        "Pragma": "no-cache",
        "Server": "Microsoft-HTTPAPI/2.0",
        "Strict-Transport-Security": "max-age=31536000; includeSubDomains",
        "X-Content-Type-Options": "nosniff",
        "x-ms-correlation-request-id": "78ad1a04-6729-46fd-9ad7-3954b9afa579",
        "x-ms-gatewayversion": "version=2.14.0",
        "x-ms-ratelimit-remaining-subscription-reads": "11585",
        "x-ms-request-id": "78ad1a04-6729-46fd-9ad7-3954b9afa579",
        "x-ms-routing-request-id": "SOUTHCENTRALUS:20230630T115844Z:78ad1a04-6729-46fd-9ad7-3954b9afa579"
      },
      "ResponseBody": {
        "code": "NotFound",
        "message": "Message: {\u0022code\u0022:\u0022NotFound\u0022,\u0022message\u0022:\u0022Message: {\\\u0022Errors\\\u0022:[\\\u0022Resource Not Found. Learn more: https:\\\\/\\\\/aka.ms\\\\/cosmosdb-tsg-not-found\\\u0022]}\\r\\nActivityId: de06dbc9-9e0a-15fd-84f4-2befafa3dea7, Request URI: /apps/f50faba1-c002-4cef-b681-f213f30661a3/services/ca7cb78f-482f-4bff-81cf-766b1504fc74/partitions/8201c415-a75d-4143-a1ae-f0dc4ae3fd58/replicas/133240884055677238s, RequestStats: \\r\\nRequestStartTime: 2023-06-30T11:58:44.5626304Z, RequestEndTime: 2023-06-30T11:58:44.5636305Z,  Number of regions attempted:1\\r\\n{\\\u0022systemHistory\\\u0022:[{\\\u0022dateUtc\\\u0022:\\\u00222023-06-30T11:57:51.4468381Z\\\u0022,\\\u0022cpu\\\u0022:0.195,\\\u0022memory\\\u0022:650610032.000,\\\u0022threadInfo\\\u0022:{\\\u0022isThreadStarving\\\u0022:\\\u0022False\\\u0022,\\\u0022threadWaitIntervalInMs\\\u0022:0.0539,\\\u0022availableThreads\\\u0022:32764,\\\u0022minThreads\\\u0022:64,\\\u0022maxThreads\\\u0022:32767},\\\u0022numberOfOpenTcpConnection\\\u0022:375},{\\\u0022dateUtc\\\u0022:\\\u00222023-06-30T11:58:01.4568573Z\\\u0022,\\\u0022cpu\\\u0022:0.847,\\\u0022memory\\\u0022:650595704.000,\\\u0022threadInfo\\\u0022:{\\\u0022isThreadStarving\\\u0022:\\\u0022False\\\u0022,\\\u0022threadWaitIntervalInMs\\\u0022:0.0409,\\\u0022availableThreads\\\u0022:32764,\\\u0022minThreads\\\u0022:64,\\\u0022maxThreads\\\u0022:32767},\\\u0022numberOfOpenTcpConnection\\\u0022:375},{\\\u0022dateUtc\\\u0022:\\\u00222023-06-30T11:58:11.4669500Z\\\u0022,\\\u0022cpu\\\u0022:0.200,\\\u0022memory\\\u0022:650595140.000,\\\u0022threadInfo\\\u0022:{\\\u0022isThreadStarving\\\u0022:\\\u0022False\\\u0022,\\\u0022threadWaitIntervalInMs\\\u0022:0.0528,\\\u0022availableThreads\\\u0022:32764,\\\u0022minThreads\\\u0022:64,\\\u0022maxThreads\\\u0022:32767},\\\u0022numberOfOpenTcpConnection\\\u0022:375},{\\\u0022dateUtc\\\u0022:\\\u00222023-06-30T11:58:21.4770420Z\\\u0022,\\\u0022cpu\\\u0022:0.271,\\\u0022memory\\\u0022:650531436.000,\\\u0022threadInfo\\\u0022:{\\\u0022isThreadStarving\\\u0022:\\\u0022False\\\u0022,\\\u0022threadWaitIntervalInMs\\\u0022:0.0333,\\\u0022availableThreads\\\u0022:32764,\\\u0022minThreads\\\u0022:64,\\\u0022maxThreads\\\u0022:32767},\\\u0022numberOfOpenTcpConnection\\\u0022:375},{\\\u0022dateUtc\\\u0022:\\\u00222023-06-30T11:58:31.4871406Z\\\u0022,\\\u0022cpu\\\u0022:0.371,\\\u0022memory\\\u0022:650537032.000,\\\u0022threadInfo\\\u0022:{\\\u0022isThreadStarving\\\u0022:\\\u0022False\\\u0022,\\\u0022threadWaitIntervalInMs\\\u0022:0.0653,\\\u0022availableThreads\\\u0022:32763,\\\u0022minThreads\\\u0022:64,\\\u0022maxThreads\\\u0022:32767},\\\u0022numberOfOpenTcpConnection\\\u0022:376},{\\\u0022dateUtc\\\u0022:\\\u00222023-06-30T11:58:41.4972178Z\\\u0022,\\\u0022cpu\\\u0022:0.253,\\\u0022memory\\\u0022:650521852.000,\\\u0022threadInfo\\\u0022:{\\\u0022isThreadStarving\\\u0022:\\\u0022False\\\u0022,\\\u0022threadWaitIntervalInMs\\\u0022:0.053,\\\u0022availableThreads\\\u0022:32764,\\\u0022minThreads\\\u0022:64,\\\u0022maxThreads\\\u0022:32767},\\\u0022numberOfOpenTcpConnection\\\u0022:378}]}\\r\\nRequestStart: 2023-06-30T11:58:44.5627668Z; ResponseTime: 2023-06-30T11:58:44.5636243Z; StoreResult: StorePhysicalAddress: rntbd://10.0.1.5:11000/apps/f50faba1-c002-4cef-b681-f213f30661a3/services/ca7cb78f-482f-4bff-81cf-766b1504fc74/partitions/8201c415-a75d-4143-a1ae-f0dc4ae3fd58/replicas/133240884055677238s, LSN: 18, GlobalCommittedLsn: 18, PartitionKeyRangeId: , IsValid: True, StatusCode: 404, SubStatusCode: 0, RequestCharge: 1, ItemLSN: -1, SessionToken: -1#18, UsingLocalLSN: False, TransportException: null, BELatencyMs: 0.209, ActivityId: de06dbc9-9e0a-15fd-84f4-2befafa3dea7, RetryAfterInMs: , ReplicaHealthStatuses: [rntbd://10.0.1.13:11000/apps/f50faba1-c002-4cef-b681-f213f30661a3/services/ca7cb78f-482f-4bff-81cf-766b1504fc74/partitions/8201c415-a75d-4143-a1ae-f0dc4ae3fd58/replicas/133240884024426098s:Connected,rntbd://10.0.1.6:11000/apps/f50faba1-c002-4cef-b681-f213f30661a3/services/ca7cb78f-482f-4bff-81cf-766b1504fc74/partitions/8201c415-a75d-4143-a1ae-f0dc4ae3fd58/replicas/133240884055677237s:Connected,rntbd://10.0.1.5:11000/apps/f50faba1-c002-4cef-b681-f213f30661a3/services/ca7cb78f-482f-4bff-81cf-766b1504fc74/partitions/8201c415-a75d-4143-a1ae-f0dc4ae3fd58/replicas/133240884055677238s:Connected], TransportRequestTimeline: {\\\u0022requestTimeline\\\u0022:[{\\\u0022event\\\u0022: \\\u0022Created\\\u0022, \\\u0022startTimeUtc\\\u0022: \\\u00222023-06-30T11:58:44.5626819Z\\\u0022, \\\u0022durationInMs\\\u0022: 0.012},{\\\u0022event\\\u0022: \\\u0022ChannelAcquisitionStarted\\\u0022, \\\u0022startTimeUtc\\\u0022: \\\u00222023-06-30T11:58:44.5626939Z\\\u0022, \\\u0022durationInMs\\\u0022: 0.0028},{\\\u0022event\\\u0022: \\\u0022Pipelined\\\u0022, \\\u0022startTimeUtc\\\u0022: \\\u00222023-06-30T11:58:44.5626967Z\\\u0022, \\\u0022durationInMs\\\u0022: 0.06},{\\\u0022event\\\u0022: \\\u0022Transit Time\\\u0022, \\\u0022startTimeUtc\\\u0022: \\\u00222023-06-30T11:58:44.5627567Z\\\u0022, \\\u0022durationInMs\\\u0022: 0.4783},{\\\u0022event\\\u0022: \\\u0022Received\\\u0022, \\\u0022startTimeUtc\\\u0022: \\\u00222023-06-30T11:58:44.5632350Z\\\u0022, \\\u0022durationInMs\\\u0022: 0.0753},{\\\u0022event\\\u0022: \\\u0022Completed\\\u0022, \\\u0022startTimeUtc\\\u0022: \\\u00222023-06-30T11:58:44.5633103Z\\\u0022, \\\u0022durationInMs\\\u0022: 0}],\\\u0022serviceEndpointStats\\\u0022:{\\\u0022inflightRequests\\\u0022:1,\\\u0022openConnections\\\u0022:1},\\\u0022connectionStats\\\u0022:{\\\u0022waitforConnectionInit\\\u0022:\\\u0022False\\\u0022,\\\u0022callsPendingReceive\\\u0022:0,\\\u0022lastSendAttempt\\\u0022:\\\u00222023-06-30T11:58:44.3235985Z\\\u0022,\\\u0022lastSend\\\u0022:\\\u00222023-06-30T11:58:44.3236128Z\\\u0022,\\\u0022lastReceive\\\u0022:\\\u00222023-06-30T11:58:44.3241487Z\\\u0022},\\\u0022requestSizeInBytes\\\u0022:497,\\\u0022responseMetadataSizeInBytes\\\u0022:135,\\\u0022responseBodySizeInBytes\\\u0022:87};\\r\\n ResourceType: Collection, OperationType: Read\\r\\nRequestStart: 2023-06-30T11:58:44.5628226Z; ResponseTime: 2023-06-30T11:58:44.5636305Z; StoreResult: StorePhysicalAddress: rntbd://10.0.1.6:11000/apps/f50faba1-c002-4cef-b681-f213f30661a3/services/ca7cb78f-482f-4bff-81cf-766b1504fc74/partitions/8201c415-a75d-4143-a1ae-f0dc4ae3fd58/replicas/133240884055677237s, LSN: 18, GlobalCommittedLsn: 18, PartitionKeyRangeId: , IsValid: True, StatusCode: 404, SubStatusCode: 0, RequestCharge: 1, ItemLSN: -1, SessionToken: -1#18, UsingLocalLSN: False, TransportException: null, BELatencyMs: 0.171, ActivityId: de06dbc9-9e0a-15fd-84f4-2befafa3dea7, RetryAfterInMs: , ReplicaHealthStatuses: [rntbd://10.0.1.5:11000/apps/f50faba1-c002-4cef-b681-f213f30661a3/services/ca7cb78f-482f-4bff-81cf-766b1504fc74/partitions/8201c415-a75d-4143-a1ae-f0dc4ae3fd58/replicas/133240884055677238s:Connected,rntbd://10.0.1.13:11000/apps/f50faba1-c002-4cef-b681-f213f30661a3/services/ca7cb78f-482f-4bff-81cf-766b1504fc74/partitions/8201c415-a75d-4143-a1ae-f0dc4ae3fd58/replicas/133240884024426098s:Connected,rntbd://10.0.1.6:11000/apps/f50faba1-c002-4cef-b681-f213f30661a3/services/ca7cb78f-482f-4bff-81cf-766b1504fc74/partitions/8201c415-a75d-4143-a1ae-f0dc4ae3fd58/replicas/133240884055677237s:Connected], TransportRequestTimeline: {\\\u0022requestTimeline\\\u0022:[{\\\u0022event\\\u0022: \\\u0022Created\\\u0022, \\\u0022startTimeUtc\\\u0022: \\\u00222023-06-30T11:58:44.5627691Z\\\u0022, \\\u0022durationInMs\\\u0022: 0.0038},{\\\u0022event\\\u0022: \\\u0022ChannelAcquisitionStarted\\\u0022, \\\u0022startTimeUtc\\\u0022: \\\u00222023-06-30T11:58:44.5627729Z\\\u0022, \\\u0022durationInMs\\\u0022: 0.0015},{\\\u0022event\\\u0022: \\\u0022Pipelined\\\u0022, \\\u0022startTimeUtc\\\u0022: \\\u00222023-06-30T11:58:44.5627744Z\\\u0022, \\\u0022durationInMs\\\u0022: 0.0418},{\\\u0022event\\\u0022: \\\u0022Transit Time\\\u0022, \\\u0022startTimeUtc\\\u0022: \\\u00222023-06-30T11:58:44.5628162Z\\\u0022, \\\u0022durationInMs\\\u0022: 0.4185},{\\\u0022event\\\u0022: \\\u0022Received\\\u0022, \\\u0022startTimeUtc\\\u0022: \\\u00222023-06-30T11:58:44.5632347Z\\\u0022, \\\u0022durationInMs\\\u0022: 0.0545},{\\\u0022event\\\u0022: \\\u0022Completed\\\u0022, \\\u0022startTimeUtc\\\u0022: \\\u00222023-06-30T11:58:44.5632892Z\\\u0022, \\\u0022durationInMs\\\u0022: 0}],\\\u0022serviceEndpointStats\\\u0022:{\\\u0022inflightRequests\\\u0022:1,\\\u0022openConnections\\\u0022:1},\\\u0022connectionStats\\\u0022:{\\\u0022waitforConnectionInit\\\u0022:\\\u0022False\\\u0022,\\\u0022callsPendingReceive\\\u0022:0,\\\u0022lastSendAttempt\\\u0022:\\\u00222023-06-30T11:58:44.3235296Z\\\u0022,\\\u0022lastSend\\\u0022:\\\u00222023-06-30T11:58:44.3235561Z\\\u0022,\\\u0022lastReceive\\\u0022:\\\u00222023-06-30T11:58:44.3240928Z\\\u0022},\\\u0022requestSizeInBytes\\\u0022:497,\\\u0022responseMetadataSizeInBytes\\\u0022:135,\\\u0022responseBodySizeInBytes\\\u0022:87};\\r\\n ResourceType: Collection, OperationType: Read\\r\\n, SDK: Microsoft.Azure.Documents.Common/2.14.0\u0022}, Request URI: /dbs/gremlin-db-6934/colls/gremlin-graph-9686, RequestStats: , SDK: Microsoft.Azure.Documents.Common/2.14.0"
      }
    }
  ],
  "Variables": {
    "AZURE_AUTHORITY_HOST": "https://login.microsoftonline.com",
    "RandomSeed": "1721617680",
    "RESOURCE_MANAGER_URL": null,
    "SUBSCRIPTION_ID": "220fc532-6091-423c-8ba0-66c2397d591b"
  }
}
