{
  "Entries": [
    {
      "RequestUri": "https://management.azure.com/subscriptions/db1ab6f0-4769-4b27-930e-01e2ef9c123c/resourceGroups/dbaccount-2287/providers/Microsoft.DocumentDB/databaseAccounts/dbaccount-9410/gremlinDatabases/gremlin-db-6649?api-version=2021-10-15",
      "RequestMethod": "GET",
      "RequestHeaders": {
        "Accept": "application/json",
        "Authorization": "Sanitized",
        "User-Agent": "azsdk-net-ResourceManager.CosmosDB/1.0.0-alpha.20211204.1 (.NET Framework 4.8.4420.0; Microsoft Windows 10.0.22000 )",
        "x-ms-client-request-id": "b2cbdc19ee57b4f75bcea17118bb518a",
        "x-ms-return-client-request-id": "true"
      },
      "RequestBody": null,
      "StatusCode": 200,
      "ResponseHeaders": {
        "Cache-Control": [
          "no-store",
          "no-cache"
        ],
        "Content-Length": "472",
        "Content-Type": "application/json",
        "Date": "Sat, 04 Dec 2021 13:34:46 GMT",
        "Pragma": "no-cache",
        "Server": "Microsoft-HTTPAPI/2.0",
        "Strict-Transport-Security": "max-age=31536000; includeSubDomains",
        "X-Content-Type-Options": "nosniff",
        "x-ms-correlation-request-id": "f791aa29-74fe-43de-b02f-d8fa30caa54e",
        "x-ms-gatewayversion": "version=2.14.0",
        "x-ms-ratelimit-remaining-subscription-reads": "11940",
        "x-ms-request-id": "f791aa29-74fe-43de-b02f-d8fa30caa54e",
        "x-ms-routing-request-id": "EASTASIA:20211204T133446Z:f791aa29-74fe-43de-b02f-d8fa30caa54e"
      },
      "ResponseBody": {
        "id": "/subscriptions/db1ab6f0-4769-4b27-930e-01e2ef9c123c/resourceGroups/dbaccount-2287/providers/Microsoft.DocumentDB/databaseAccounts/dbaccount-9410/gremlinDatabases/gremlin-db-6649",
        "type": "Microsoft.DocumentDB/databaseAccounts/gremlinDatabases",
        "name": "gremlin-db-6649",
        "properties": {
          "resource": {
            "id": "gremlin-db-6649",
            "_rid": "v+cHAA==",
            "_self": "dbs/v+cHAA==/",
            "_etag": "\"0000aa01-0000-0700-0000-61ab6e4f0000\"",
            "_colls": "colls/",
            "_users": "users/",
            "_ts": 1638624847
          }
        }
      }
    },
    {
      "RequestUri": "https://management.azure.com/subscriptions/db1ab6f0-4769-4b27-930e-01e2ef9c123c/resourceGroups/dbaccount-2287/providers/Microsoft.DocumentDB/databaseAccounts/dbaccount-9410/gremlinDatabases/gremlin-db-6649/graphs/gremlin-graph-4168?api-version=2021-10-15",
      "RequestMethod": "PUT",
      "RequestHeaders": {
        "Accept": "application/json",
        "Authorization": "Sanitized",
        "Content-Length": "761",
        "Content-Type": "application/json",
        "User-Agent": "azsdk-net-ResourceManager.CosmosDB/1.0.0-alpha.20211204.1 (.NET Framework 4.8.4420.0; Microsoft Windows 10.0.22000 )",
        "x-ms-client-request-id": "893753e920f93717919378946fff38aa",
        "x-ms-return-client-request-id": "true"
      },
      "RequestBody": {
        "tags": {},
        "location": "westus",
        "properties": {
          "resource": {
            "id": "gremlin-graph-4168",
            "indexingPolicy": {
              "automatic": true,
              "indexingMode": "consistent",
              "includedPaths": [
                {
                  "path": "/*"
                }
              ],
              "excludedPaths": [
                {
                  "path": "/pathToNotIndex/*"
                }
              ],
              "compositeIndexes": [
                [
                  {
                    "path": "/orderByPath1",
                    "order": "ascending"
                  },
                  {
                    "path": "/orderByPath2",
                    "order": "descending"
                  }
                ],
                [
                  {
                    "path": "/orderByPath3",
                    "order": "ascending"
                  },
                  {
                    "path": "/orderByPath4",
                    "order": "descending"
                  }
                ]
              ],
              "spatialIndexes": [
                {
                  "path": "/*",
                  "types": [
                    "Point"
                  ]
                }
              ]
            },
            "partitionKey": {
              "paths": [
                "/address"
              ],
              "kind": "Hash"
            },
            "defaultTtl": -1,
            "uniqueKeyPolicy": {
              "uniqueKeys": [
                {
                  "paths": [
                    "/testpath"
                  ]
                }
              ]
            },
            "conflictResolutionPolicy": {
              "mode": "LastWriterWins",
              "conflictResolutionPath": "/path",
              "conflictResolutionProcedure": ""
            }
          },
          "options": {
            "throughput": 700
          }
        }
      },
      "StatusCode": 202,
      "ResponseHeaders": {
        "Azure-AsyncOperation": "https://management.azure.com/subscriptions/db1ab6f0-4769-4b27-930e-01e2ef9c123c/providers/Microsoft.DocumentDB/locations/westus2/operationsStatus/505864ad-5ac5-4a07-a997-d62a9114d79f?api-version=2021-10-15",
        "Cache-Control": [
          "no-store",
          "no-cache"
        ],
        "Content-Length": "21",
        "Content-Type": "application/json",
        "Date": "Sat, 04 Dec 2021 13:34:46 GMT",
        "Location": "https://management.azure.com/subscriptions/db1ab6f0-4769-4b27-930e-01e2ef9c123c/resourceGroups/dbaccount-2287/providers/Microsoft.DocumentDB/databaseAccounts/dbaccount-9410/gremlinDatabases/gremlin-db-6649/graphs/gremlin-graph-4168/operationResults/505864ad-5ac5-4a07-a997-d62a9114d79f?api-version=2021-10-15",
        "Pragma": "no-cache",
        "Server": "Microsoft-HTTPAPI/2.0",
        "Strict-Transport-Security": "max-age=31536000; includeSubDomains",
        "X-Content-Type-Options": "nosniff",
        "x-ms-correlation-request-id": "48946f00-abc8-4374-a388-a6cf90538f6f",
        "x-ms-gatewayversion": "version=2.14.0",
        "x-ms-ratelimit-remaining-subscription-writes": "1196",
        "x-ms-request-id": "505864ad-5ac5-4a07-a997-d62a9114d79f",
        "x-ms-routing-request-id": "EASTASIA:20211204T133447Z:48946f00-abc8-4374-a388-a6cf90538f6f"
      },
      "ResponseBody": {
        "status": "Enqueued"
      }
    },
    {
      "RequestUri": "https://management.azure.com/subscriptions/db1ab6f0-4769-4b27-930e-01e2ef9c123c/providers/Microsoft.DocumentDB/locations/westus2/operationsStatus/505864ad-5ac5-4a07-a997-d62a9114d79f?api-version=2021-10-15",
      "RequestMethod": "GET",
      "RequestHeaders": {
        "Authorization": "Sanitized",
        "User-Agent": "azsdk-net-ResourceManager/1.0.0-alpha.20211204.1 (.NET Framework 4.8.4420.0; Microsoft Windows 10.0.22000 )",
        "x-ms-client-request-id": "222d3d1c063a8b0b58d139be6fb69c85",
        "x-ms-return-client-request-id": "true"
      },
      "RequestBody": null,
      "StatusCode": 200,
      "ResponseHeaders": {
        "Cache-Control": [
          "no-store",
          "no-cache"
        ],
        "Content-Length": "22",
        "Content-Type": "application/json",
        "Date": "Sat, 04 Dec 2021 13:35:04 GMT",
        "Pragma": "no-cache",
        "Server": "Microsoft-HTTPAPI/2.0",
        "Strict-Transport-Security": "max-age=31536000; includeSubDomains",
        "X-Content-Type-Options": "nosniff",
        "x-ms-correlation-request-id": "69714732-7e98-497b-8727-72586681f994",
        "x-ms-gatewayversion": "version=2.14.0",
        "x-ms-ratelimit-remaining-subscription-reads": "11924",
        "x-ms-request-id": "69714732-7e98-497b-8727-72586681f994",
        "x-ms-routing-request-id": "EASTASIA:20211204T133505Z:69714732-7e98-497b-8727-72586681f994"
      },
      "ResponseBody": {
        "status": "Succeeded"
      }
    },
    {
      "RequestUri": "https://management.azure.com/subscriptions/db1ab6f0-4769-4b27-930e-01e2ef9c123c/resourceGroups/dbaccount-2287/providers/Microsoft.DocumentDB/databaseAccounts/dbaccount-9410/gremlinDatabases/gremlin-db-6649/graphs/gremlin-graph-4168?api-version=2021-10-15",
      "RequestMethod": "GET",
      "RequestHeaders": {
        "Authorization": "Sanitized",
        "User-Agent": "azsdk-net-ResourceManager/1.0.0-alpha.20211204.1 (.NET Framework 4.8.4420.0; Microsoft Windows 10.0.22000 )",
        "x-ms-client-request-id": "a635db09db535d6244a4dc8cdfae432a",
        "x-ms-return-client-request-id": "true"
      },
      "RequestBody": null,
      "StatusCode": 200,
      "ResponseHeaders": {
        "Cache-Control": [
          "no-store",
          "no-cache"
        ],
        "Content-Length": "1425",
        "Content-Type": "application/json",
        "Date": "Sat, 04 Dec 2021 13:35:05 GMT",
        "Pragma": "no-cache",
        "Server": "Microsoft-HTTPAPI/2.0",
        "Strict-Transport-Security": "max-age=31536000; includeSubDomains",
        "X-Content-Type-Options": "nosniff",
        "x-ms-correlation-request-id": "e8f62693-0942-4d73-81f0-939383218063",
        "x-ms-gatewayversion": "version=2.14.0",
        "x-ms-ratelimit-remaining-subscription-reads": "11923",
        "x-ms-request-id": "e8f62693-0942-4d73-81f0-939383218063",
        "x-ms-routing-request-id": "EASTASIA:20211204T133505Z:e8f62693-0942-4d73-81f0-939383218063"
      },
      "ResponseBody": {
        "id": "/subscriptions/db1ab6f0-4769-4b27-930e-01e2ef9c123c/resourceGroups/dbaccount-2287/providers/Microsoft.DocumentDB/databaseAccounts/dbaccount-9410/gremlinDatabases/gremlin-db-6649/graphs/gremlin-graph-4168",
        "type": "Microsoft.DocumentDB/databaseAccounts/gremlinDatabases/graphs",
        "name": "gremlin-graph-4168",
        "properties": {
          "resource": {
            "id": "gremlin-graph-4168",
            "indexingPolicy": {
              "indexingMode": "consistent",
              "automatic": true,
              "includedPaths": [
                {
                  "path": "/*"
                }
              ],
              "excludedPaths": [
                {
                  "path": "/pathToNotIndex/*"
                },
                {
                  "path": "/\"_etag\"/?"
                }
              ],
              "spatialIndexes": [
                {
                  "path": "/*",
                  "types": [
                    "Point",
                    "LineString",
                    "Polygon",
                    "MultiPolygon"
                  ]
                }
              ],
              "compositeIndexes": [
                [
                  {
                    "path": "/orderByPath1",
                    "order": "ascending"
                  },
                  {
                    "path": "/orderByPath2",
                    "order": "descending"
                  }
                ],
                [
                  {
                    "path": "/orderByPath3",
                    "order": "ascending"
                  },
                  {
                    "path": "/orderByPath4",
                    "order": "descending"
                  }
                ]
              ]
            },
            "partitionKey": {
              "paths": [
                "/address"
              ],
              "kind": "Hash"
            },
            "defaultTtl": -1,
            "uniqueKeyPolicy": {
              "uniqueKeys": [
                {
                  "paths": [
                    "/testpath"
                  ]
                }
              ]
            },
            "conflictResolutionPolicy": {
              "mode": "LastWriterWins",
              "conflictResolutionPath": "/path",
              "conflictResolutionProcedure": ""
            },
            "geospatialConfig": {
              "type": "Geography"
            },
            "_rid": "v+cHAKHIn5k=",
            "_ts": 1638624901,
            "_self": "dbs/v+cHAA==/colls/v+cHAKHIn5k=/",
            "_etag": "\"0000b601-0000-0700-0000-61ab6e850000\"",
            "_docs": "docs/",
            "_sprocs": "sprocs/",
            "_triggers": "triggers/",
            "_udfs": "udfs/",
            "_conflicts": "conflicts/",
            "statistics": [
              {
                "id": "0",
                "sizeInKB": 0,
                "documentCount": 0,
                "partitionKeys": []
              }
            ]
          }
        }
      }
    },
    {
      "RequestUri": "https://management.azure.com/subscriptions/db1ab6f0-4769-4b27-930e-01e2ef9c123c/resourceGroups/dbaccount-2287/providers/Microsoft.DocumentDB/databaseAccounts/dbaccount-9410/gremlinDatabases/gremlin-db-6649/graphs/gremlin-graph-4168?api-version=2021-10-15",
      "RequestMethod": "DELETE",
      "RequestHeaders": {
        "Authorization": "Sanitized",
        "User-Agent": "azsdk-net-ResourceManager.CosmosDB/1.0.0-alpha.20211204.1 (.NET Framework 4.8.4420.0; Microsoft Windows 10.0.22000 )",
        "x-ms-client-request-id": "3367ffd99deebcd4dacbefb531fbf441",
        "x-ms-return-client-request-id": "true"
      },
      "RequestBody": null,
      "StatusCode": 202,
      "ResponseHeaders": {
        "Azure-AsyncOperation": "https://management.azure.com/subscriptions/db1ab6f0-4769-4b27-930e-01e2ef9c123c/providers/Microsoft.DocumentDB/locations/westus2/operationsStatus/3eb0b4bd-f613-472b-af88-0de011862b28?api-version=2021-10-15",
        "Cache-Control": [
          "no-store",
          "no-cache"
        ],
        "Content-Length": "21",
        "Content-Type": "application/json",
        "Date": "Sat, 04 Dec 2021 13:35:05 GMT",
        "Location": "https://management.azure.com/subscriptions/db1ab6f0-4769-4b27-930e-01e2ef9c123c/resourceGroups/dbaccount-2287/providers/Microsoft.DocumentDB/databaseAccounts/dbaccount-9410/gremlinDatabases/gremlin-db-6649/graphs/gremlin-graph-4168/operationResults/3eb0b4bd-f613-472b-af88-0de011862b28?api-version=2021-10-15",
        "Pragma": "no-cache",
        "Server": "Microsoft-HTTPAPI/2.0",
        "Strict-Transport-Security": "max-age=31536000; includeSubDomains",
        "X-Content-Type-Options": "nosniff",
        "x-ms-correlation-request-id": "1bcd46f6-9ed6-4899-b362-7af906bf7edf",
        "x-ms-gatewayversion": "version=2.14.0",
        "x-ms-ratelimit-remaining-subscription-deletes": "14998",
        "x-ms-request-id": "3eb0b4bd-f613-472b-af88-0de011862b28",
        "x-ms-routing-request-id": "EASTASIA:20211204T133506Z:1bcd46f6-9ed6-4899-b362-7af906bf7edf"
      },
      "ResponseBody": {
        "status": "Enqueued"
      }
    },
    {
      "RequestUri": "https://management.azure.com/subscriptions/db1ab6f0-4769-4b27-930e-01e2ef9c123c/providers/Microsoft.DocumentDB/locations/westus2/operationsStatus/3eb0b4bd-f613-472b-af88-0de011862b28?api-version=2021-10-15",
      "RequestMethod": "GET",
      "RequestHeaders": {
        "Authorization": "Sanitized",
        "User-Agent": "azsdk-net-ResourceManager/1.0.0-alpha.20211204.1 (.NET Framework 4.8.4420.0; Microsoft Windows 10.0.22000 )",
        "x-ms-client-request-id": "b1fac12c33fae570c062614a55f9d794",
        "x-ms-return-client-request-id": "true"
      },
      "RequestBody": null,
      "StatusCode": 200,
      "ResponseHeaders": {
        "Cache-Control": [
          "no-store",
          "no-cache"
        ],
        "Content-Length": "22",
        "Content-Type": "application/json",
        "Date": "Sat, 04 Dec 2021 13:35:23 GMT",
        "Pragma": "no-cache",
        "Server": "Microsoft-HTTPAPI/2.0",
        "Strict-Transport-Security": "max-age=31536000; includeSubDomains",
        "X-Content-Type-Options": "nosniff",
        "x-ms-correlation-request-id": "3d29f744-f25d-4a62-ae31-67d88d76dc44",
        "x-ms-gatewayversion": "version=2.14.0",
        "x-ms-ratelimit-remaining-subscription-reads": "11907",
        "x-ms-request-id": "3d29f744-f25d-4a62-ae31-67d88d76dc44",
        "x-ms-routing-request-id": "EASTASIA:20211204T133524Z:3d29f744-f25d-4a62-ae31-67d88d76dc44"
      },
      "ResponseBody": {
        "status": "Succeeded"
      }
    },
    {
      "RequestUri": "https://management.azure.com/subscriptions/db1ab6f0-4769-4b27-930e-01e2ef9c123c/resourceGroups/dbaccount-2287/providers/Microsoft.DocumentDB/databaseAccounts/dbaccount-9410/gremlinDatabases/gremlin-db-6649/graphs/gremlin-graph-4168?api-version=2021-10-15",
      "RequestMethod": "GET",
      "RequestHeaders": {
        "Accept": "application/json",
        "Authorization": "Sanitized",
        "User-Agent": "azsdk-net-ResourceManager.CosmosDB/1.0.0-alpha.20211204.1 (.NET Framework 4.8.4420.0; Microsoft Windows 10.0.22000 )",
        "x-ms-client-request-id": "914df6f04e1e894a9eacdf0f7baa2c93",
        "x-ms-return-client-request-id": "true"
      },
      "RequestBody": null,
      "StatusCode": 404,
      "ResponseHeaders": {
        "Cache-Control": [
          "no-store",
          "no-cache"
        ],
        "Content-Length": "5597",
        "Content-Type": "application/json",
        "Date": "Sat, 04 Dec 2021 13:35:24 GMT",
        "Pragma": "no-cache",
        "Server": "Microsoft-HTTPAPI/2.0",
        "Strict-Transport-Security": "max-age=31536000; includeSubDomains",
        "X-Content-Type-Options": "nosniff",
        "x-ms-correlation-request-id": "2b74eb80-70a6-4fff-9ff5-c7c11443d93b",
        "x-ms-gatewayversion": "version=2.14.0",
        "x-ms-ratelimit-remaining-subscription-reads": "11906",
        "x-ms-request-id": "2b74eb80-70a6-4fff-9ff5-c7c11443d93b",
        "x-ms-routing-request-id": "EASTASIA:20211204T133524Z:2b74eb80-70a6-4fff-9ff5-c7c11443d93b"
      },
      "ResponseBody": {
        "code": "NotFound",
        "message": "Message: {\"code\":\"NotFound\",\"message\":\"Message: {\\\"Errors\\\":[\\\"Resource Not Found. Learn more: https:\\\\/\\\\/aka.ms\\\\/cosmosdb-tsg-not-found\\\"]}\\r\\nActivityId: 914df6f0-4e1e-894a-9eac-df0f7baa2c93, Request URI: /apps/55aff61a-7a47-46e9-bc6f-1ea0fc978f9b/services/8be85d54-4241-41f1-8b3b-bd69a5ed9611/partitions/cf765050-f424-46d5-ad31-3fb164933473/replicas/132829869077775486s, RequestStats: \\r\\nRequestStartTime: 2021-12-04T13:35:24.8214038Z, RequestEndTime: 2021-12-04T13:35:24.8214038Z,  Number of regions attempted:1\\r\\n{\\\"systemHistory\\\":[{\\\"dateUtc\\\":\\\"2021-12-04T13:34:31.1310059Z\\\",\\\"cpu\\\":1.810,\\\"memory\\\":55693611008.000,\\\"threadInfo\\\":{\\\"isThreadStarving\\\":\\\"False\\\",\\\"threadWaitIntervalInMs\\\":0.0183,\\\"availableThreads\\\":32764,\\\"minThreads\\\":52,\\\"maxThreads\\\":32767}},{\\\"dateUtc\\\":\\\"2021-12-04T13:34:41.1411051Z\\\",\\\"cpu\\\":1.321,\\\"memory\\\":56000839680.000,\\\"threadInfo\\\":{\\\"isThreadStarving\\\":\\\"False\\\",\\\"threadWaitIntervalInMs\\\":0.02,\\\"availableThreads\\\":32762,\\\"minThreads\\\":52,\\\"maxThreads\\\":32767}},{\\\"dateUtc\\\":\\\"2021-12-04T13:34:51.1511931Z\\\",\\\"cpu\\\":1.804,\\\"memory\\\":56370270208.000,\\\"threadInfo\\\":{\\\"isThreadStarving\\\":\\\"False\\\",\\\"threadWaitIntervalInMs\\\":0.0165,\\\"availableThreads\\\":32765,\\\"minThreads\\\":52,\\\"maxThreads\\\":32767}},{\\\"dateUtc\\\":\\\"2021-12-04T13:35:01.1612338Z\\\",\\\"cpu\\\":1.729,\\\"memory\\\":57123516416.000,\\\"threadInfo\\\":{\\\"isThreadStarving\\\":\\\"False\\\",\\\"threadWaitIntervalInMs\\\":0.0178,\\\"availableThreads\\\":32764,\\\"minThreads\\\":52,\\\"maxThreads\\\":32767}},{\\\"dateUtc\\\":\\\"2021-12-04T13:35:11.1813279Z\\\",\\\"cpu\\\":3.458,\\\"memory\\\":57566146560.000,\\\"threadInfo\\\":{\\\"isThreadStarving\\\":\\\"False\\\",\\\"threadWaitIntervalInMs\\\":0.0197,\\\"availableThreads\\\":32764,\\\"minThreads\\\":52,\\\"maxThreads\\\":32767}},{\\\"dateUtc\\\":\\\"2021-12-04T13:35:21.1913813Z\\\",\\\"cpu\\\":3.252,\\\"memory\\\":57927364608.000,\\\"threadInfo\\\":{\\\"isThreadStarving\\\":\\\"False\\\",\\\"threadWaitIntervalInMs\\\":0.0135,\\\"availableThreads\\\":32763,\\\"minThreads\\\":52,\\\"maxThreads\\\":32767}}]}\\r\\nRequestStart: 2021-12-04T13:35:24.8214038Z; ResponseTime: 2021-12-04T13:35:24.8214038Z; StoreResult: StorePhysicalAddress: rntbd://10.0.0.22:11300/apps/55aff61a-7a47-46e9-bc6f-1ea0fc978f9b/services/8be85d54-4241-41f1-8b3b-bd69a5ed9611/partitions/cf765050-f424-46d5-ad31-3fb164933473/replicas/132829869077775486s, LSN: 18, GlobalCommittedLsn: 18, PartitionKeyRangeId: , IsValid: True, StatusCode: 404, SubStatusCode: 0, RequestCharge: 1, ItemLSN: -1, SessionToken: -1#18, UsingLocalLSN: False, TransportException: null, BELatencyMs: 0.526, ActivityId: 914df6f0-4e1e-894a-9eac-df0f7baa2c93, TransportRequestTimeline: {\\\"requestTimeline\\\":[{\\\"event\\\": \\\"Created\\\", \\\"startTimeUtc\\\": \\\"2021-12-04T13:35:24.8214038Z\\\", \\\"durationInMs\\\": 0.0199},{\\\"event\\\": \\\"ChannelAcquisitionStarted\\\", \\\"startTimeUtc\\\": \\\"2021-12-04T13:35:24.8214237Z\\\", \\\"durationInMs\\\": 0.0116},{\\\"event\\\": \\\"Pipelined\\\", \\\"startTimeUtc\\\": \\\"2021-12-04T13:35:24.8214353Z\\\", \\\"durationInMs\\\": 0.2945},{\\\"event\\\": \\\"Transit Time\\\", \\\"startTimeUtc\\\": \\\"2021-12-04T13:35:24.8217298Z\\\", \\\"durationInMs\\\": 1.1617},{\\\"event\\\": \\\"Received\\\", \\\"startTimeUtc\\\": \\\"2021-12-04T13:35:24.8228915Z\\\", \\\"durationInMs\\\": 0.0335},{\\\"event\\\": \\\"Completed\\\", \\\"startTimeUtc\\\": \\\"2021-12-04T13:35:24.8229250Z\\\", \\\"durationInMs\\\": 0}],\\\"requestSizeInBytes\\\":497,\\\"responseMetadataSizeInBytes\\\":135,\\\"responseBodySizeInBytes\\\":87};\\r\\n ResourceType: Collection, OperationType: Read\\r\\nRequestStart: 2021-12-04T13:35:24.8214038Z; ResponseTime: 2021-12-04T13:35:24.8214038Z; StoreResult: StorePhysicalAddress: rntbd://10.0.0.21:11000/apps/55aff61a-7a47-46e9-bc6f-1ea0fc978f9b/services/8be85d54-4241-41f1-8b3b-bd69a5ed9611/partitions/cf765050-f424-46d5-ad31-3fb164933473/replicas/132829869077775484s, LSN: 18, GlobalCommittedLsn: 18, PartitionKeyRangeId: , IsValid: True, StatusCode: 404, SubStatusCode: 0, RequestCharge: 1, ItemLSN: -1, SessionToken: -1#18, UsingLocalLSN: False, TransportException: null, BELatencyMs: 0.445, ActivityId: 914df6f0-4e1e-894a-9eac-df0f7baa2c93, TransportRequestTimeline: {\\\"requestTimeline\\\":[{\\\"event\\\": \\\"Created\\\", \\\"startTimeUtc\\\": \\\"2021-12-04T13:35:24.8214038Z\\\", \\\"durationInMs\\\": 0.0064},{\\\"event\\\": \\\"ChannelAcquisitionStarted\\\", \\\"startTimeUtc\\\": \\\"2021-12-04T13:35:24.8214102Z\\\", \\\"durationInMs\\\": 0.0056},{\\\"event\\\": \\\"Pipelined\\\", \\\"startTimeUtc\\\": \\\"2021-12-04T13:35:24.8214158Z\\\", \\\"durationInMs\\\": 0.2124},{\\\"event\\\": \\\"Transit Time\\\", \\\"startTimeUtc\\\": \\\"2021-12-04T13:35:24.8216282Z\\\", \\\"durationInMs\\\": 1.0223},{\\\"event\\\": \\\"Received\\\", \\\"startTimeUtc\\\": \\\"2021-12-04T13:35:24.8226505Z\\\", \\\"durationInMs\\\": 0.1058},{\\\"event\\\": \\\"Completed\\\", \\\"startTimeUtc\\\": \\\"2021-12-04T13:35:24.8227563Z\\\", \\\"durationInMs\\\": 0}],\\\"requestSizeInBytes\\\":497,\\\"responseMetadataSizeInBytes\\\":135,\\\"responseBodySizeInBytes\\\":87};\\r\\n ResourceType: Collection, OperationType: Read\\r\\n, SDK: Microsoft.Azure.Documents.Common/2.14.0\"}, Request URI: /dbs/gremlin-db-6649/colls/gremlin-graph-4168, RequestStats: , SDK: Microsoft.Azure.Documents.Common/2.14.0"
      }
    },
    {
      "RequestUri": "https://management.azure.com/subscriptions/db1ab6f0-4769-4b27-930e-01e2ef9c123c/resourceGroups/dbaccount-2287/providers/Microsoft.DocumentDB/databaseAccounts/dbaccount-9410/gremlinDatabases/gremlin-db-6649/graphs/gremlin-graph-4168?api-version=2021-10-15",
      "RequestMethod": "GET",
      "RequestHeaders": {
        "Accept": "application/json",
        "Authorization": "Sanitized",
        "User-Agent": "azsdk-net-ResourceManager.CosmosDB/1.0.0-alpha.20211204.1 (.NET Framework 4.8.4420.0; Microsoft Windows 10.0.22000 )",
        "x-ms-client-request-id": "15a3ab206399c756aae3ffff534bd028",
        "x-ms-return-client-request-id": "true"
      },
      "RequestBody": null,
      "StatusCode": 404,
      "ResponseHeaders": {
        "Cache-Control": [
          "no-store",
          "no-cache"
        ],
        "Content-Length": "5594",
        "Content-Type": "application/json",
        "Date": "Sat, 04 Dec 2021 13:35:24 GMT",
        "Pragma": "no-cache",
        "Server": "Microsoft-HTTPAPI/2.0",
        "Strict-Transport-Security": "max-age=31536000; includeSubDomains",
        "X-Content-Type-Options": "nosniff",
        "x-ms-correlation-request-id": "ae90b9a6-0f5e-4d80-93c7-2a04f330eedf",
        "x-ms-gatewayversion": "version=2.14.0",
        "x-ms-ratelimit-remaining-subscription-reads": "11905",
        "x-ms-request-id": "ae90b9a6-0f5e-4d80-93c7-2a04f330eedf",
        "x-ms-routing-request-id": "EASTASIA:20211204T133525Z:ae90b9a6-0f5e-4d80-93c7-2a04f330eedf"
      },
      "ResponseBody": {
        "code": "NotFound",
        "message": "Message: {\"code\":\"NotFound\",\"message\":\"Message: {\\\"Errors\\\":[\\\"Resource Not Found. Learn more: https:\\\\/\\\\/aka.ms\\\\/cosmosdb-tsg-not-found\\\"]}\\r\\nActivityId: 15a3ab20-6399-c756-aae3-ffff534bd028, Request URI: /apps/55aff61a-7a47-46e9-bc6f-1ea0fc978f9b/services/8be85d54-4241-41f1-8b3b-bd69a5ed9611/partitions/cf765050-f424-46d5-ad31-3fb164933473/replicas/132829869077775485s, RequestStats: \\r\\nRequestStartTime: 2021-12-04T13:35:25.1114086Z, RequestEndTime: 2021-12-04T13:35:25.1214322Z,  Number of regions attempted:1\\r\\n{\\\"systemHistory\\\":[{\\\"dateUtc\\\":\\\"2021-12-04T13:34:31.1310059Z\\\",\\\"cpu\\\":1.810,\\\"memory\\\":55693611008.000,\\\"threadInfo\\\":{\\\"isThreadStarving\\\":\\\"False\\\",\\\"threadWaitIntervalInMs\\\":0.0183,\\\"availableThreads\\\":32764,\\\"minThreads\\\":52,\\\"maxThreads\\\":32767}},{\\\"dateUtc\\\":\\\"2021-12-04T13:34:41.1411051Z\\\",\\\"cpu\\\":1.321,\\\"memory\\\":56000839680.000,\\\"threadInfo\\\":{\\\"isThreadStarving\\\":\\\"False\\\",\\\"threadWaitIntervalInMs\\\":0.02,\\\"availableThreads\\\":32762,\\\"minThreads\\\":52,\\\"maxThreads\\\":32767}},{\\\"dateUtc\\\":\\\"2021-12-04T13:34:51.1511931Z\\\",\\\"cpu\\\":1.804,\\\"memory\\\":56370270208.000,\\\"threadInfo\\\":{\\\"isThreadStarving\\\":\\\"False\\\",\\\"threadWaitIntervalInMs\\\":0.0165,\\\"availableThreads\\\":32765,\\\"minThreads\\\":52,\\\"maxThreads\\\":32767}},{\\\"dateUtc\\\":\\\"2021-12-04T13:35:01.1612338Z\\\",\\\"cpu\\\":1.729,\\\"memory\\\":57123516416.000,\\\"threadInfo\\\":{\\\"isThreadStarving\\\":\\\"False\\\",\\\"threadWaitIntervalInMs\\\":0.0178,\\\"availableThreads\\\":32764,\\\"minThreads\\\":52,\\\"maxThreads\\\":32767}},{\\\"dateUtc\\\":\\\"2021-12-04T13:35:11.1813279Z\\\",\\\"cpu\\\":3.458,\\\"memory\\\":57566146560.000,\\\"threadInfo\\\":{\\\"isThreadStarving\\\":\\\"False\\\",\\\"threadWaitIntervalInMs\\\":0.0197,\\\"availableThreads\\\":32764,\\\"minThreads\\\":52,\\\"maxThreads\\\":32767}},{\\\"dateUtc\\\":\\\"2021-12-04T13:35:21.1913813Z\\\",\\\"cpu\\\":3.252,\\\"memory\\\":57927364608.000,\\\"threadInfo\\\":{\\\"isThreadStarving\\\":\\\"False\\\",\\\"threadWaitIntervalInMs\\\":0.0135,\\\"availableThreads\\\":32763,\\\"minThreads\\\":52,\\\"maxThreads\\\":32767}}]}\\r\\nRequestStart: 2021-12-04T13:35:25.1214322Z; ResponseTime: 2021-12-04T13:35:25.1214322Z; StoreResult: StorePhysicalAddress: rntbd://10.0.0.24:11300/apps/55aff61a-7a47-46e9-bc6f-1ea0fc978f9b/services/8be85d54-4241-41f1-8b3b-bd69a5ed9611/partitions/cf765050-f424-46d5-ad31-3fb164933473/replicas/132829869077775485s, LSN: 18, GlobalCommittedLsn: 18, PartitionKeyRangeId: , IsValid: True, StatusCode: 404, SubStatusCode: 0, RequestCharge: 1, ItemLSN: -1, SessionToken: -1#18, UsingLocalLSN: False, TransportException: null, BELatencyMs: 0.358, ActivityId: 15a3ab20-6399-c756-aae3-ffff534bd028, TransportRequestTimeline: {\\\"requestTimeline\\\":[{\\\"event\\\": \\\"Created\\\", \\\"startTimeUtc\\\": \\\"2021-12-04T13:35:25.1114086Z\\\", \\\"durationInMs\\\": 0.022},{\\\"event\\\": \\\"ChannelAcquisitionStarted\\\", \\\"startTimeUtc\\\": \\\"2021-12-04T13:35:25.1114306Z\\\", \\\"durationInMs\\\": 0.0139},{\\\"event\\\": \\\"Pipelined\\\", \\\"startTimeUtc\\\": \\\"2021-12-04T13:35:25.1114445Z\\\", \\\"durationInMs\\\": 0.281},{\\\"event\\\": \\\"Transit Time\\\", \\\"startTimeUtc\\\": \\\"2021-12-04T13:35:25.1117255Z\\\", \\\"durationInMs\\\": 0.8852},{\\\"event\\\": \\\"Received\\\", \\\"startTimeUtc\\\": \\\"2021-12-04T13:35:25.1126107Z\\\", \\\"durationInMs\\\": 0.048},{\\\"event\\\": \\\"Completed\\\", \\\"startTimeUtc\\\": \\\"2021-12-04T13:35:25.1126587Z\\\", \\\"durationInMs\\\": 0}],\\\"requestSizeInBytes\\\":493,\\\"responseMetadataSizeInBytes\\\":135,\\\"responseBodySizeInBytes\\\":87};\\r\\n ResourceType: Collection, OperationType: Read\\r\\nRequestStart: 2021-12-04T13:35:25.1214322Z; ResponseTime: 2021-12-04T13:35:25.1214322Z; StoreResult: StorePhysicalAddress: rntbd://10.0.0.22:11300/apps/55aff61a-7a47-46e9-bc6f-1ea0fc978f9b/services/8be85d54-4241-41f1-8b3b-bd69a5ed9611/partitions/cf765050-f424-46d5-ad31-3fb164933473/replicas/132829869077775486s, LSN: 18, GlobalCommittedLsn: 18, PartitionKeyRangeId: , IsValid: True, StatusCode: 404, SubStatusCode: 0, RequestCharge: 1, ItemLSN: -1, SessionToken: -1#18, UsingLocalLSN: False, TransportException: null, BELatencyMs: 0.294, ActivityId: 15a3ab20-6399-c756-aae3-ffff534bd028, TransportRequestTimeline: {\\\"requestTimeline\\\":[{\\\"event\\\": \\\"Created\\\", \\\"startTimeUtc\\\": \\\"2021-12-04T13:35:25.1214322Z\\\", \\\"durationInMs\\\": 0.0059},{\\\"event\\\": \\\"ChannelAcquisitionStarted\\\", \\\"startTimeUtc\\\": \\\"2021-12-04T13:35:25.1214381Z\\\", \\\"durationInMs\\\": 0.0024},{\\\"event\\\": \\\"Pipelined\\\", \\\"startTimeUtc\\\": \\\"2021-12-04T13:35:25.1214405Z\\\", \\\"durationInMs\\\": 0.2967},{\\\"event\\\": \\\"Transit Time\\\", \\\"startTimeUtc\\\": \\\"2021-12-04T13:35:25.1217372Z\\\", \\\"durationInMs\\\": 0.6876},{\\\"event\\\": \\\"Received\\\", \\\"startTimeUtc\\\": \\\"2021-12-04T13:35:25.1224248Z\\\", \\\"durationInMs\\\": 0.0608},{\\\"event\\\": \\\"Completed\\\", \\\"startTimeUtc\\\": \\\"2021-12-04T13:35:25.1224856Z\\\", \\\"durationInMs\\\": 0}],\\\"requestSizeInBytes\\\":493,\\\"responseMetadataSizeInBytes\\\":135,\\\"responseBodySizeInBytes\\\":87};\\r\\n ResourceType: Collection, OperationType: Read\\r\\n, SDK: Microsoft.Azure.Documents.Common/2.14.0\"}, Request URI: /dbs/gremlin-db-6649/colls/gremlin-graph-4168, RequestStats: , SDK: Microsoft.Azure.Documents.Common/2.14.0"
      }
    }
  ],
  "Variables": {
    "RandomSeed": "1562687084",
    "RESOURCE_MANAGER_URL": null,
    "SUBSCRIPTION_ID": "db1ab6f0-4769-4b27-930e-01e2ef9c123c"
  }
}