{
  "Entries": [
    {
      "RequestUri": "https://management.azure.com/subscriptions/dec9ed54-2b7f-4476-9bd0-875544af59df/resourceGroups/dbaccount-7174/providers/Microsoft.DocumentDB/databaseAccounts/dbaccount-6539/gremlinDatabases/gremlin-db-7794?api-version=2022-05-15",
      "RequestMethod": "GET",
      "RequestHeaders": {
        "Accept": "application/json",
        "Authorization": "Sanitized",
        "traceparent": "00-f371318d8e750844b5cb5034f6d7cfc6-0a9e0b1733c2a84c-00",
        "User-Agent": "azsdk-net-ResourceManager.CosmosDB/1.1.0-alpha.20220829.1 (.NET Framework 4.8.4510.0; Microsoft Windows 10.0.22000 )",
        "x-ms-client-request-id": "dd955cc1fd82950ba6b87a5e0f687b11",
        "x-ms-return-client-request-id": "true"
      },
      "RequestBody": null,
      "StatusCode": 200,
      "ResponseHeaders": {
        "Cache-Control": "no-store, no-cache",
        "Content-Length": "472",
        "Content-Type": "application/json",
        "Date": "Thu, 08 Sep 2022 21:58:05 GMT",
        "Pragma": "no-cache",
        "Server": "Microsoft-HTTPAPI/2.0",
        "Strict-Transport-Security": "max-age=31536000; includeSubDomains",
        "X-Content-Type-Options": "nosniff",
        "x-ms-correlation-request-id": "f4def284-93c4-44a0-8682-7fe85d55fceb",
        "x-ms-gatewayversion": "version=2.14.0",
        "x-ms-ratelimit-remaining-subscription-reads": "11929",
        "x-ms-request-id": "f4def284-93c4-44a0-8682-7fe85d55fceb",
        "x-ms-routing-request-id": "WESTUS:20220908T215806Z:f4def284-93c4-44a0-8682-7fe85d55fceb"
      },
      "ResponseBody": {
        "id": "/subscriptions/dec9ed54-2b7f-4476-9bd0-875544af59df/resourceGroups/dbaccount-7174/providers/Microsoft.DocumentDB/databaseAccounts/dbaccount-6539/gremlinDatabases/gremlin-db-7794",
        "type": "Microsoft.DocumentDB/databaseAccounts/gremlinDatabases",
        "name": "gremlin-db-7794",
        "properties": {
          "resource": {
            "id": "gremlin-db-7794",
            "_rid": "Yn89AA==",
            "_self": "dbs/Yn89AA==/",
            "_etag": "\u00220000ed33-0000-0700-0000-631a64f70000\u0022",
            "_colls": "colls/",
            "_users": "users/",
            "_ts": 1662674167
          }
        }
      }
    },
    {
      "RequestUri": "https://management.azure.com/subscriptions/dec9ed54-2b7f-4476-9bd0-875544af59df/resourceGroups/dbaccount-7174/providers/Microsoft.DocumentDB/databaseAccounts/dbaccount-6539/gremlinDatabases/gremlin-db-7794/graphs/gremlin-graph-9679?api-version=2022-05-15",
      "RequestMethod": "PUT",
      "RequestHeaders": {
        "Accept": "application/json",
        "Authorization": "Sanitized",
        "Content-Length": "787",
        "Content-Type": "application/json",
        "traceparent": "00-2f6c4c43fcee6f4c826435c31634d582-c0624f9022fb3f42-00",
        "User-Agent": "azsdk-net-ResourceManager.CosmosDB/1.1.0-alpha.20220829.1 (.NET Framework 4.8.4510.0; Microsoft Windows 10.0.22000 )",
        "x-ms-client-request-id": "817faab2a9522ae8256180612e0f028e",
        "x-ms-return-client-request-id": "true"
      },
      "RequestBody": {
        "tags": {},
        "location": "westus",
        "properties": {
          "resource": {
            "id": "gremlin-graph-9679",
            "indexingPolicy": {
              "automatic": true,
              "indexingMode": "consistent",
              "includedPaths": [
                {
                  "path": "/*"
                }
              ],
              "excludedPaths": [
                {
                  "path": "/pathToNotIndex/*"
                }
              ],
              "compositeIndexes": [
                [
                  {
                    "path": "/orderByPath1",
                    "order": "ascending"
                  },
                  {
                    "path": "/orderByPath2",
                    "order": "descending"
                  }
                ],
                [
                  {
                    "path": "/orderByPath3",
                    "order": "ascending"
                  },
                  {
                    "path": "/orderByPath4",
                    "order": "descending"
                  }
                ]
              ],
              "spatialIndexes": [
                {
                  "path": "/*",
                  "types": [
                    "Point"
                  ]
                }
              ]
            },
            "partitionKey": {
              "paths": [
                "/address"
              ],
              "kind": "Hash"
            },
            "defaultTtl": -1,
            "uniqueKeyPolicy": {
              "uniqueKeys": [
                {
                  "paths": [
                    "/testpath"
                  ]
                }
              ]
            },
            "conflictResolutionPolicy": {
              "mode": "LastWriterWins",
              "conflictResolutionPath": "/path",
              "conflictResolutionProcedure": ""
            },
            "analyticalStorageTtl": -1
          },
          "options": {
            "throughput": 700
          }
        }
      },
      "StatusCode": 202,
      "ResponseHeaders": {
        "Azure-AsyncOperation": "https://management.azure.com/subscriptions/dec9ed54-2b7f-4476-9bd0-875544af59df/providers/Microsoft.DocumentDB/locations/westus2/operationsStatus/ef638f3b-2c6b-4573-9715-c2ad10c02c7c?api-version=2022-05-15",
        "Cache-Control": "no-store, no-cache",
        "Content-Length": "21",
        "Content-Type": "application/json",
        "Date": "Thu, 08 Sep 2022 21:58:06 GMT",
        "Location": "https://management.azure.com/subscriptions/dec9ed54-2b7f-4476-9bd0-875544af59df/resourceGroups/dbaccount-7174/providers/Microsoft.DocumentDB/databaseAccounts/dbaccount-6539/gremlinDatabases/gremlin-db-7794/graphs/gremlin-graph-9679/operationResults/ef638f3b-2c6b-4573-9715-c2ad10c02c7c?api-version=2022-05-15",
        "Pragma": "no-cache",
        "Server": "Microsoft-HTTPAPI/2.0",
        "Strict-Transport-Security": "max-age=31536000; includeSubDomains",
        "X-Content-Type-Options": "nosniff",
        "x-ms-correlation-request-id": "1e8ff0dc-de81-4144-99c3-88555a2a6cae",
        "x-ms-gatewayversion": "version=2.14.0",
        "x-ms-ratelimit-remaining-subscription-writes": "1194",
        "x-ms-request-id": "ef638f3b-2c6b-4573-9715-c2ad10c02c7c",
        "x-ms-routing-request-id": "WESTUS:20220908T215807Z:1e8ff0dc-de81-4144-99c3-88555a2a6cae"
      },
      "ResponseBody": {
        "status": "Enqueued"
      }
    },
    {
      "RequestUri": "https://management.azure.com/subscriptions/dec9ed54-2b7f-4476-9bd0-875544af59df/providers/Microsoft.DocumentDB/locations/westus2/operationsStatus/ef638f3b-2c6b-4573-9715-c2ad10c02c7c?api-version=2022-05-15",
      "RequestMethod": "GET",
      "RequestHeaders": {
        "Authorization": "Sanitized",
        "traceparent": "00-2f6c4c43fcee6f4c826435c31634d582-360da1a00dcf1240-00",
        "User-Agent": "azsdk-net-ResourceManager/1.2.0 (.NET Framework 4.8.4510.0; Microsoft Windows 10.0.22000 )",
        "x-ms-client-request-id": "19cb8e3f2b4fb26eacb25c9b8b3378a8",
        "x-ms-return-client-request-id": "true"
      },
      "RequestBody": null,
      "StatusCode": 200,
      "ResponseHeaders": {
        "Cache-Control": "no-store, no-cache",
        "Content-Length": "21",
        "Content-Type": "application/json",
        "Date": "Thu, 08 Sep 2022 21:58:06 GMT",
        "Pragma": "no-cache",
        "Server": "Microsoft-HTTPAPI/2.0",
        "Strict-Transport-Security": "max-age=31536000; includeSubDomains",
        "X-Content-Type-Options": "nosniff",
        "x-ms-correlation-request-id": "0fb79f72-4ba1-4198-b898-7e1c4e4913dc",
        "x-ms-gatewayversion": "version=2.14.0",
        "x-ms-ratelimit-remaining-subscription-reads": "11928",
        "x-ms-request-id": "0fb79f72-4ba1-4198-b898-7e1c4e4913dc",
        "x-ms-routing-request-id": "WESTUS:20220908T215807Z:0fb79f72-4ba1-4198-b898-7e1c4e4913dc"
      },
      "ResponseBody": {
        "status": "Enqueued"
      }
    },
    {
      "RequestUri": "https://management.azure.com/subscriptions/dec9ed54-2b7f-4476-9bd0-875544af59df/providers/Microsoft.DocumentDB/locations/westus2/operationsStatus/ef638f3b-2c6b-4573-9715-c2ad10c02c7c?api-version=2022-05-15",
      "RequestMethod": "GET",
      "RequestHeaders": {
        "Authorization": "Sanitized",
        "traceparent": "00-2f6c4c43fcee6f4c826435c31634d582-e5200cd52773fc42-00",
        "User-Agent": "azsdk-net-ResourceManager/1.2.0 (.NET Framework 4.8.4510.0; Microsoft Windows 10.0.22000 )",
        "x-ms-client-request-id": "2b50d078b6e58fed6a367e019249c234",
        "x-ms-return-client-request-id": "true"
      },
      "RequestBody": null,
      "StatusCode": 200,
      "ResponseHeaders": {
        "Cache-Control": "no-store, no-cache",
        "Content-Length": "21",
        "Content-Type": "application/json",
        "Date": "Thu, 08 Sep 2022 21:58:07 GMT",
        "Pragma": "no-cache",
        "Server": "Microsoft-HTTPAPI/2.0",
        "Strict-Transport-Security": "max-age=31536000; includeSubDomains",
        "X-Content-Type-Options": "nosniff",
        "x-ms-correlation-request-id": "828db8b7-c9bc-499f-8b29-05a06150439d",
        "x-ms-gatewayversion": "version=2.14.0",
        "x-ms-ratelimit-remaining-subscription-reads": "11927",
        "x-ms-request-id": "828db8b7-c9bc-499f-8b29-05a06150439d",
        "x-ms-routing-request-id": "WESTUS:20220908T215808Z:828db8b7-c9bc-499f-8b29-05a06150439d"
      },
      "ResponseBody": {
        "status": "Enqueued"
      }
    },
    {
      "RequestUri": "https://management.azure.com/subscriptions/dec9ed54-2b7f-4476-9bd0-875544af59df/providers/Microsoft.DocumentDB/locations/westus2/operationsStatus/ef638f3b-2c6b-4573-9715-c2ad10c02c7c?api-version=2022-05-15",
      "RequestMethod": "GET",
      "RequestHeaders": {
        "Authorization": "Sanitized",
        "traceparent": "00-2f6c4c43fcee6f4c826435c31634d582-ec092f3a4d703349-00",
        "User-Agent": "azsdk-net-ResourceManager/1.2.0 (.NET Framework 4.8.4510.0; Microsoft Windows 10.0.22000 )",
        "x-ms-client-request-id": "9f2257f2e844923fcde3ae87c7a3becf",
        "x-ms-return-client-request-id": "true"
      },
      "RequestBody": null,
      "StatusCode": 200,
      "ResponseHeaders": {
        "Cache-Control": "no-store, no-cache",
        "Content-Length": "21",
        "Content-Type": "application/json",
        "Date": "Thu, 08 Sep 2022 21:58:08 GMT",
        "Pragma": "no-cache",
        "Server": "Microsoft-HTTPAPI/2.0",
        "Strict-Transport-Security": "max-age=31536000; includeSubDomains",
        "X-Content-Type-Options": "nosniff",
        "x-ms-correlation-request-id": "9a862672-3618-4dba-82f5-4f28d0cb6a65",
        "x-ms-gatewayversion": "version=2.14.0",
        "x-ms-ratelimit-remaining-subscription-reads": "11926",
        "x-ms-request-id": "9a862672-3618-4dba-82f5-4f28d0cb6a65",
        "x-ms-routing-request-id": "WESTUS:20220908T215809Z:9a862672-3618-4dba-82f5-4f28d0cb6a65"
      },
      "ResponseBody": {
        "status": "Enqueued"
      }
    },
    {
      "RequestUri": "https://management.azure.com/subscriptions/dec9ed54-2b7f-4476-9bd0-875544af59df/providers/Microsoft.DocumentDB/locations/westus2/operationsStatus/ef638f3b-2c6b-4573-9715-c2ad10c02c7c?api-version=2022-05-15",
      "RequestMethod": "GET",
      "RequestHeaders": {
        "Authorization": "Sanitized",
        "traceparent": "00-2f6c4c43fcee6f4c826435c31634d582-8de1f9f790ddac48-00",
        "User-Agent": "azsdk-net-ResourceManager/1.2.0 (.NET Framework 4.8.4510.0; Microsoft Windows 10.0.22000 )",
        "x-ms-client-request-id": "98266dd843a08943a13caf19ad6c1f63",
        "x-ms-return-client-request-id": "true"
      },
      "RequestBody": null,
      "StatusCode": 200,
      "ResponseHeaders": {
        "Cache-Control": "no-store, no-cache",
        "Content-Length": "21",
        "Content-Type": "application/json",
        "Date": "Thu, 08 Sep 2022 21:58:09 GMT",
        "Pragma": "no-cache",
        "Server": "Microsoft-HTTPAPI/2.0",
        "Strict-Transport-Security": "max-age=31536000; includeSubDomains",
        "X-Content-Type-Options": "nosniff",
        "x-ms-correlation-request-id": "3e024d48-7b2d-43df-8b40-1cafecb8512e",
        "x-ms-gatewayversion": "version=2.14.0",
        "x-ms-ratelimit-remaining-subscription-reads": "11925",
        "x-ms-request-id": "3e024d48-7b2d-43df-8b40-1cafecb8512e",
        "x-ms-routing-request-id": "WESTUS:20220908T215810Z:3e024d48-7b2d-43df-8b40-1cafecb8512e"
      },
      "ResponseBody": {
        "status": "Dequeued"
      }
    },
    {
      "RequestUri": "https://management.azure.com/subscriptions/dec9ed54-2b7f-4476-9bd0-875544af59df/providers/Microsoft.DocumentDB/locations/westus2/operationsStatus/ef638f3b-2c6b-4573-9715-c2ad10c02c7c?api-version=2022-05-15",
      "RequestMethod": "GET",
      "RequestHeaders": {
        "Authorization": "Sanitized",
        "traceparent": "00-2f6c4c43fcee6f4c826435c31634d582-92e33cb379c36445-00",
        "User-Agent": "azsdk-net-ResourceManager/1.2.0 (.NET Framework 4.8.4510.0; Microsoft Windows 10.0.22000 )",
        "x-ms-client-request-id": "34a927efd8118f6490bd5e020765c7c6",
        "x-ms-return-client-request-id": "true"
      },
      "RequestBody": null,
      "StatusCode": 200,
      "ResponseHeaders": {
        "Cache-Control": "no-store, no-cache",
        "Content-Length": "21",
        "Content-Type": "application/json",
        "Date": "Thu, 08 Sep 2022 21:58:11 GMT",
        "Pragma": "no-cache",
        "Server": "Microsoft-HTTPAPI/2.0",
        "Strict-Transport-Security": "max-age=31536000; includeSubDomains",
        "X-Content-Type-Options": "nosniff",
        "x-ms-correlation-request-id": "ff24b79b-d6ab-43d7-8364-f730c1499cf0",
        "x-ms-gatewayversion": "version=2.14.0",
        "x-ms-ratelimit-remaining-subscription-reads": "11924",
        "x-ms-request-id": "ff24b79b-d6ab-43d7-8364-f730c1499cf0",
        "x-ms-routing-request-id": "WESTUS:20220908T215812Z:ff24b79b-d6ab-43d7-8364-f730c1499cf0"
      },
      "ResponseBody": {
        "status": "Dequeued"
      }
    },
    {
      "RequestUri": "https://management.azure.com/subscriptions/dec9ed54-2b7f-4476-9bd0-875544af59df/providers/Microsoft.DocumentDB/locations/westus2/operationsStatus/ef638f3b-2c6b-4573-9715-c2ad10c02c7c?api-version=2022-05-15",
      "RequestMethod": "GET",
      "RequestHeaders": {
        "Authorization": "Sanitized",
        "traceparent": "00-2f6c4c43fcee6f4c826435c31634d582-0044619185b7b449-00",
        "User-Agent": "azsdk-net-ResourceManager/1.2.0 (.NET Framework 4.8.4510.0; Microsoft Windows 10.0.22000 )",
        "x-ms-client-request-id": "2529ae772a23af931398fe073925e560",
        "x-ms-return-client-request-id": "true"
      },
      "RequestBody": null,
      "StatusCode": 200,
      "ResponseHeaders": {
        "Cache-Control": "no-store, no-cache",
        "Content-Length": "21",
        "Content-Type": "application/json",
        "Date": "Thu, 08 Sep 2022 21:58:16 GMT",
        "Pragma": "no-cache",
        "Server": "Microsoft-HTTPAPI/2.0",
        "Strict-Transport-Security": "max-age=31536000; includeSubDomains",
        "X-Content-Type-Options": "nosniff",
        "x-ms-correlation-request-id": "01bd10c5-33fa-4366-ba7b-495a80d21106",
        "x-ms-gatewayversion": "version=2.14.0",
        "x-ms-ratelimit-remaining-subscription-reads": "11923",
        "x-ms-request-id": "01bd10c5-33fa-4366-ba7b-495a80d21106",
        "x-ms-routing-request-id": "WESTUS:20220908T215816Z:01bd10c5-33fa-4366-ba7b-495a80d21106"
      },
      "ResponseBody": {
        "status": "Dequeued"
      }
    },
    {
      "RequestUri": "https://management.azure.com/subscriptions/dec9ed54-2b7f-4476-9bd0-875544af59df/providers/Microsoft.DocumentDB/locations/westus2/operationsStatus/ef638f3b-2c6b-4573-9715-c2ad10c02c7c?api-version=2022-05-15",
      "RequestMethod": "GET",
      "RequestHeaders": {
        "Authorization": "Sanitized",
        "traceparent": "00-2f6c4c43fcee6f4c826435c31634d582-ef44cf52c973144d-00",
        "User-Agent": "azsdk-net-ResourceManager/1.2.0 (.NET Framework 4.8.4510.0; Microsoft Windows 10.0.22000 )",
        "x-ms-client-request-id": "9f974bc38afaffbe099607e3e441813b",
        "x-ms-return-client-request-id": "true"
      },
      "RequestBody": null,
      "StatusCode": 200,
      "ResponseHeaders": {
        "Cache-Control": "no-store, no-cache",
        "Content-Length": "22",
        "Content-Type": "application/json",
        "Date": "Thu, 08 Sep 2022 21:58:25 GMT",
        "Pragma": "no-cache",
        "Server": "Microsoft-HTTPAPI/2.0",
        "Strict-Transport-Security": "max-age=31536000; includeSubDomains",
        "X-Content-Type-Options": "nosniff",
        "x-ms-correlation-request-id": "7219d394-3016-4380-9e3f-40e907f2f226",
        "x-ms-gatewayversion": "version=2.14.0",
        "x-ms-ratelimit-remaining-subscription-reads": "11922",
        "x-ms-request-id": "7219d394-3016-4380-9e3f-40e907f2f226",
        "x-ms-routing-request-id": "WESTUS:20220908T215825Z:7219d394-3016-4380-9e3f-40e907f2f226"
      },
      "ResponseBody": {
        "status": "Succeeded"
      }
    },
    {
      "RequestUri": "https://management.azure.com/subscriptions/dec9ed54-2b7f-4476-9bd0-875544af59df/resourceGroups/dbaccount-7174/providers/Microsoft.DocumentDB/databaseAccounts/dbaccount-6539/gremlinDatabases/gremlin-db-7794/graphs/gremlin-graph-9679?api-version=2022-05-15",
      "RequestMethod": "GET",
      "RequestHeaders": {
        "Authorization": "Sanitized",
        "traceparent": "00-2f6c4c43fcee6f4c826435c31634d582-2ce139ecf8a03746-00",
        "User-Agent": "azsdk-net-ResourceManager/1.2.0 (.NET Framework 4.8.4510.0; Microsoft Windows 10.0.22000 )",
        "x-ms-client-request-id": "fea1e874fa43c53f94f92078da5c566a",
        "x-ms-return-client-request-id": "true"
      },
      "RequestBody": null,
      "StatusCode": 200,
      "ResponseHeaders": {
        "Cache-Control": "no-store, no-cache",
        "Content-Length": "1488",
        "Content-Type": "application/json",
        "Date": "Thu, 08 Sep 2022 21:58:25 GMT",
        "Pragma": "no-cache",
        "Server": "Microsoft-HTTPAPI/2.0",
        "Strict-Transport-Security": "max-age=31536000; includeSubDomains",
        "X-Content-Type-Options": "nosniff",
        "x-ms-correlation-request-id": "032175da-171a-42be-97e6-a6b7cc9e6a58",
        "x-ms-gatewayversion": "version=2.14.0",
        "x-ms-ratelimit-remaining-subscription-reads": "11921",
        "x-ms-request-id": "032175da-171a-42be-97e6-a6b7cc9e6a58",
        "x-ms-routing-request-id": "WESTUS:20220908T215825Z:032175da-171a-42be-97e6-a6b7cc9e6a58"
      },
      "ResponseBody": {
        "id": "/subscriptions/dec9ed54-2b7f-4476-9bd0-875544af59df/resourceGroups/dbaccount-7174/providers/Microsoft.DocumentDB/databaseAccounts/dbaccount-6539/gremlinDatabases/gremlin-db-7794/graphs/gremlin-graph-9679",
        "type": "Microsoft.DocumentDB/databaseAccounts/gremlinDatabases/graphs",
        "name": "gremlin-graph-9679",
        "properties": {
          "resource": {
            "id": "gremlin-graph-9679",
            "indexingPolicy": {
              "indexingMode": "consistent",
              "automatic": true,
              "includedPaths": [
                {
                  "path": "/*"
                }
              ],
              "excludedPaths": [
                {
                  "path": "/pathToNotIndex/*"
                },
                {
                  "path": "/\u0022_etag\u0022/?"
                }
              ],
              "spatialIndexes": [
                {
                  "path": "/*",
                  "types": [
                    "Point",
                    "LineString",
                    "Polygon",
                    "MultiPolygon"
                  ]
                }
              ],
              "compositeIndexes": [
                [
                  {
                    "path": "/orderByPath1",
                    "order": "ascending"
                  },
                  {
                    "path": "/orderByPath2",
                    "order": "descending"
                  }
                ],
                [
                  {
                    "path": "/orderByPath3",
                    "order": "ascending"
                  },
                  {
                    "path": "/orderByPath4",
                    "order": "descending"
                  }
                ]
              ]
            },
            "partitionKey": {
              "paths": [
                "/address"
              ],
              "kind": "Hash"
            },
            "defaultTtl": -1,
            "uniqueKeyPolicy": {
              "uniqueKeys": [
                {
                  "paths": [
                    "/testpath"
                  ]
                }
              ]
            },
            "conflictResolutionPolicy": {
              "mode": "LastWriterWins",
              "conflictResolutionPath": "/path",
              "conflictResolutionProcedure": ""
            },
            "geospatialConfig": {
              "type": "Geography"
            },
            "analyticalStorageTtl": -1,
            "_rid": "Yn89AMpxzzk=",
            "_ts": 1662674294,
            "_self": "dbs/Yn89AA==/colls/Yn89AMpxzzk=/",
            "_etag": "\u002200001234-0000-0700-0000-631a65760000\u0022",
            "_docs": "docs/",
            "_sprocs": "sprocs/",
            "_triggers": "triggers/",
            "_udfs": "udfs/",
            "_conflicts": "conflicts/",
            "statistics": [
              {
                "id": "0",
                "sizeInKB": 0,
                "documentCount": 0,
                "sampledDistinctPartitionKeyCount": 0,
                "partitionKeys": []
              }
            ]
          }
        }
      }
    },
    {
      "RequestUri": "https://management.azure.com/subscriptions/dec9ed54-2b7f-4476-9bd0-875544af59df/resourceGroups/dbaccount-7174/providers/Microsoft.DocumentDB/databaseAccounts/dbaccount-6539/gremlinDatabases/gremlin-db-7794/graphs/gremlin-graph-9679/throughputSettings/default?api-version=2022-05-15",
      "RequestMethod": "GET",
      "RequestHeaders": {
        "Accept": "application/json",
        "Authorization": "Sanitized",
        "traceparent": "00-41c84df6ddd89041b8fb1dcbd8e44cf3-5437a4e61206494d-00",
        "User-Agent": "azsdk-net-ResourceManager.CosmosDB/1.1.0-alpha.20220829.1 (.NET Framework 4.8.4510.0; Microsoft Windows 10.0.22000 )",
        "x-ms-client-request-id": "bc3efdd828cdedcbf0291c8d23b0cad2",
        "x-ms-return-client-request-id": "true"
      },
      "RequestBody": null,
      "StatusCode": 200,
      "ResponseHeaders": {
        "Cache-Control": "no-store, no-cache",
        "Content-Length": "414",
        "Content-Type": "application/json",
        "Date": "Thu, 08 Sep 2022 21:58:25 GMT",
        "Pragma": "no-cache",
        "Server": "Microsoft-HTTPAPI/2.0",
        "Strict-Transport-Security": "max-age=31536000; includeSubDomains",
        "X-Content-Type-Options": "nosniff",
        "x-ms-correlation-request-id": "553c11a3-02e5-495d-b82a-d8869087bc8c",
        "x-ms-gatewayversion": "version=2.14.0",
        "x-ms-ratelimit-remaining-subscription-reads": "11920",
        "x-ms-request-id": "553c11a3-02e5-495d-b82a-d8869087bc8c",
        "x-ms-routing-request-id": "WESTUS:20220908T215825Z:553c11a3-02e5-495d-b82a-d8869087bc8c"
      },
      "ResponseBody": {
        "id": "/subscriptions/dec9ed54-2b7f-4476-9bd0-875544af59df/resourceGroups/dbaccount-7174/providers/Microsoft.DocumentDB/databaseAccounts/dbaccount-6539/gremlinDatabases/gremlin-db-7794/graphs/gremlin-graph-9679/throughputSettings/default",
        "type": "Microsoft.DocumentDB/databaseAccounts/gremlinDatabases/graphs/throughputSettings",
        "name": "yZgJ",
        "properties": {
          "resource": {
            "throughput": 700,
            "minimumThroughput": "400"
          }
        }
      }
    },
    {
      "RequestUri": "https://management.azure.com/subscriptions/dec9ed54-2b7f-4476-9bd0-875544af59df/resourceGroups/dbaccount-7174/providers/Microsoft.DocumentDB/databaseAccounts/dbaccount-6539/gremlinDatabases/gremlin-db-7794/graphs/gremlin-graph-9679/throughputSettings/default?api-version=2022-05-15",
      "RequestMethod": "PUT",
      "RequestHeaders": {
        "Accept": "application/json",
        "Authorization": "Sanitized",
        "Content-Length": "77",
        "Content-Type": "application/json",
        "traceparent": "00-69b55d656220ea4e8a312cf32cf1dcf2-b2d725a470adca45-00",
        "User-Agent": "azsdk-net-ResourceManager.CosmosDB/1.1.0-alpha.20220829.1 (.NET Framework 4.8.4510.0; Microsoft Windows 10.0.22000 )",
        "x-ms-client-request-id": "5093c217e684c81c0bd20b01694625ac",
        "x-ms-return-client-request-id": "true"
      },
      "RequestBody": {
        "tags": {},
        "location": "westus",
        "properties": {
          "resource": {
            "throughput": 1000
          }
        }
      },
      "StatusCode": 202,
      "ResponseHeaders": {
        "Azure-AsyncOperation": "https://management.azure.com/subscriptions/dec9ed54-2b7f-4476-9bd0-875544af59df/providers/Microsoft.DocumentDB/locations/westus2/operationsStatus/0f708e6d-34b1-4ab9-8f73-eb0030e1a833?api-version=2022-05-15",
        "Cache-Control": "no-store, no-cache",
        "Content-Length": "21",
        "Content-Type": "application/json",
        "Date": "Thu, 08 Sep 2022 21:58:26 GMT",
        "Location": "https://management.azure.com/subscriptions/dec9ed54-2b7f-4476-9bd0-875544af59df/resourceGroups/dbaccount-7174/providers/Microsoft.DocumentDB/databaseAccounts/dbaccount-6539/gremlinDatabases/gremlin-db-7794/graphs/gremlin-graph-9679/throughputSettings/default/operationResults/0f708e6d-34b1-4ab9-8f73-eb0030e1a833?api-version=2022-05-15",
        "Pragma": "no-cache",
        "Server": "Microsoft-HTTPAPI/2.0",
        "Strict-Transport-Security": "max-age=31536000; includeSubDomains",
        "X-Content-Type-Options": "nosniff",
        "x-ms-correlation-request-id": "d80199b5-5115-4071-a350-6166b6d3955f",
        "x-ms-gatewayversion": "version=2.14.0",
        "x-ms-ratelimit-remaining-subscription-writes": "1193",
        "x-ms-request-id": "0f708e6d-34b1-4ab9-8f73-eb0030e1a833",
        "x-ms-routing-request-id": "WESTUS:20220908T215826Z:d80199b5-5115-4071-a350-6166b6d3955f"
      },
      "ResponseBody": {
        "status": "Enqueued"
      }
    },
    {
      "RequestUri": "https://management.azure.com/subscriptions/dec9ed54-2b7f-4476-9bd0-875544af59df/providers/Microsoft.DocumentDB/locations/westus2/operationsStatus/0f708e6d-34b1-4ab9-8f73-eb0030e1a833?api-version=2022-05-15",
      "RequestMethod": "GET",
      "RequestHeaders": {
        "Authorization": "Sanitized",
        "traceparent": "00-69b55d656220ea4e8a312cf32cf1dcf2-a27b58e6ae790f40-00",
        "User-Agent": "azsdk-net-ResourceManager/1.2.0 (.NET Framework 4.8.4510.0; Microsoft Windows 10.0.22000 )",
        "x-ms-client-request-id": "17604d2e05c9f1e6e076b1fb1dca83a9",
        "x-ms-return-client-request-id": "true"
      },
      "RequestBody": null,
      "StatusCode": 200,
      "ResponseHeaders": {
        "Cache-Control": "no-store, no-cache",
        "Content-Length": "21",
        "Content-Type": "application/json",
        "Date": "Thu, 08 Sep 2022 21:58:26 GMT",
        "Pragma": "no-cache",
        "Server": "Microsoft-HTTPAPI/2.0",
        "Strict-Transport-Security": "max-age=31536000; includeSubDomains",
        "X-Content-Type-Options": "nosniff",
        "x-ms-correlation-request-id": "93af277c-a4b3-4262-8aee-825eaca7c247",
        "x-ms-gatewayversion": "version=2.14.0",
        "x-ms-ratelimit-remaining-subscription-reads": "11919",
        "x-ms-request-id": "93af277c-a4b3-4262-8aee-825eaca7c247",
        "x-ms-routing-request-id": "WESTUS:20220908T215826Z:93af277c-a4b3-4262-8aee-825eaca7c247"
      },
      "ResponseBody": {
        "status": "Enqueued"
      }
    },
    {
      "RequestUri": "https://management.azure.com/subscriptions/dec9ed54-2b7f-4476-9bd0-875544af59df/providers/Microsoft.DocumentDB/locations/westus2/operationsStatus/0f708e6d-34b1-4ab9-8f73-eb0030e1a833?api-version=2022-05-15",
      "RequestMethod": "GET",
      "RequestHeaders": {
        "Authorization": "Sanitized",
        "traceparent": "00-69b55d656220ea4e8a312cf32cf1dcf2-1b28e147aa73b74e-00",
        "User-Agent": "azsdk-net-ResourceManager/1.2.0 (.NET Framework 4.8.4510.0; Microsoft Windows 10.0.22000 )",
        "x-ms-client-request-id": "864d6f04e2a653cf554633d0d702ea59",
        "x-ms-return-client-request-id": "true"
      },
      "RequestBody": null,
      "StatusCode": 200,
      "ResponseHeaders": {
        "Cache-Control": "no-store, no-cache",
        "Content-Length": "21",
        "Content-Type": "application/json",
        "Date": "Thu, 08 Sep 2022 21:58:27 GMT",
        "Pragma": "no-cache",
        "Server": "Microsoft-HTTPAPI/2.0",
        "Strict-Transport-Security": "max-age=31536000; includeSubDomains",
        "X-Content-Type-Options": "nosniff",
        "x-ms-correlation-request-id": "ff220b87-1eb0-4344-b15a-a8750863ca7a",
        "x-ms-gatewayversion": "version=2.14.0",
        "x-ms-ratelimit-remaining-subscription-reads": "11918",
        "x-ms-request-id": "ff220b87-1eb0-4344-b15a-a8750863ca7a",
        "x-ms-routing-request-id": "WESTUS:20220908T215827Z:ff220b87-1eb0-4344-b15a-a8750863ca7a"
      },
      "ResponseBody": {
        "status": "Enqueued"
      }
    },
    {
      "RequestUri": "https://management.azure.com/subscriptions/dec9ed54-2b7f-4476-9bd0-875544af59df/providers/Microsoft.DocumentDB/locations/westus2/operationsStatus/0f708e6d-34b1-4ab9-8f73-eb0030e1a833?api-version=2022-05-15",
      "RequestMethod": "GET",
      "RequestHeaders": {
        "Authorization": "Sanitized",
        "traceparent": "00-69b55d656220ea4e8a312cf32cf1dcf2-f47f60e6141b1e4d-00",
        "User-Agent": "azsdk-net-ResourceManager/1.2.0 (.NET Framework 4.8.4510.0; Microsoft Windows 10.0.22000 )",
        "x-ms-client-request-id": "1cd2272f0de53ae2b618078c13722f52",
        "x-ms-return-client-request-id": "true"
      },
      "RequestBody": null,
      "StatusCode": 200,
      "ResponseHeaders": {
        "Cache-Control": "no-store, no-cache",
        "Content-Length": "21",
        "Content-Type": "application/json",
        "Date": "Thu, 08 Sep 2022 21:58:28 GMT",
        "Pragma": "no-cache",
        "Server": "Microsoft-HTTPAPI/2.0",
        "Strict-Transport-Security": "max-age=31536000; includeSubDomains",
        "X-Content-Type-Options": "nosniff",
        "x-ms-correlation-request-id": "7349ce87-4d67-4ec8-890c-83b8b9dc92cf",
        "x-ms-gatewayversion": "version=2.14.0",
        "x-ms-ratelimit-remaining-subscription-reads": "11917",
        "x-ms-request-id": "7349ce87-4d67-4ec8-890c-83b8b9dc92cf",
        "x-ms-routing-request-id": "WESTUS:20220908T215828Z:7349ce87-4d67-4ec8-890c-83b8b9dc92cf"
      },
      "ResponseBody": {
        "status": "Enqueued"
      }
    },
    {
      "RequestUri": "https://management.azure.com/subscriptions/dec9ed54-2b7f-4476-9bd0-875544af59df/providers/Microsoft.DocumentDB/locations/westus2/operationsStatus/0f708e6d-34b1-4ab9-8f73-eb0030e1a833?api-version=2022-05-15",
      "RequestMethod": "GET",
      "RequestHeaders": {
        "Authorization": "Sanitized",
        "traceparent": "00-69b55d656220ea4e8a312cf32cf1dcf2-74eb969f18c1bc41-00",
        "User-Agent": "azsdk-net-ResourceManager/1.2.0 (.NET Framework 4.8.4510.0; Microsoft Windows 10.0.22000 )",
        "x-ms-client-request-id": "6e1564301b654b3d7d0dc283d1151add",
        "x-ms-return-client-request-id": "true"
      },
      "RequestBody": null,
      "StatusCode": 200,
      "ResponseHeaders": {
        "Cache-Control": "no-store, no-cache",
        "Content-Length": "21",
        "Content-Type": "application/json",
        "Date": "Thu, 08 Sep 2022 21:58:29 GMT",
        "Pragma": "no-cache",
        "Server": "Microsoft-HTTPAPI/2.0",
        "Strict-Transport-Security": "max-age=31536000; includeSubDomains",
        "X-Content-Type-Options": "nosniff",
        "x-ms-correlation-request-id": "76542494-42b6-4664-8ca6-a150c5684419",
        "x-ms-gatewayversion": "version=2.14.0",
        "x-ms-ratelimit-remaining-subscription-reads": "11916",
        "x-ms-request-id": "76542494-42b6-4664-8ca6-a150c5684419",
        "x-ms-routing-request-id": "WESTUS:20220908T215829Z:76542494-42b6-4664-8ca6-a150c5684419"
      },
      "ResponseBody": {
        "status": "Dequeued"
      }
    },
    {
      "RequestUri": "https://management.azure.com/subscriptions/dec9ed54-2b7f-4476-9bd0-875544af59df/providers/Microsoft.DocumentDB/locations/westus2/operationsStatus/0f708e6d-34b1-4ab9-8f73-eb0030e1a833?api-version=2022-05-15",
      "RequestMethod": "GET",
      "RequestHeaders": {
        "Authorization": "Sanitized",
        "traceparent": "00-69b55d656220ea4e8a312cf32cf1dcf2-12ba0f1daadd974b-00",
        "User-Agent": "azsdk-net-ResourceManager/1.2.0 (.NET Framework 4.8.4510.0; Microsoft Windows 10.0.22000 )",
        "x-ms-client-request-id": "f5cb588b67f7f7c48d13d08ddb4340e2",
        "x-ms-return-client-request-id": "true"
      },
      "RequestBody": null,
      "StatusCode": 200,
      "ResponseHeaders": {
        "Cache-Control": "no-store, no-cache",
        "Content-Length": "21",
        "Content-Type": "application/json",
        "Date": "Thu, 08 Sep 2022 21:58:31 GMT",
        "Pragma": "no-cache",
        "Server": "Microsoft-HTTPAPI/2.0",
        "Strict-Transport-Security": "max-age=31536000; includeSubDomains",
        "X-Content-Type-Options": "nosniff",
        "x-ms-correlation-request-id": "06ce9ae3-c725-4c7d-9553-b6a159bdf4c7",
        "x-ms-gatewayversion": "version=2.14.0",
        "x-ms-ratelimit-remaining-subscription-reads": "11915",
        "x-ms-request-id": "06ce9ae3-c725-4c7d-9553-b6a159bdf4c7",
        "x-ms-routing-request-id": "WESTUS:20220908T215831Z:06ce9ae3-c725-4c7d-9553-b6a159bdf4c7"
      },
      "ResponseBody": {
        "status": "Dequeued"
      }
    },
    {
      "RequestUri": "https://management.azure.com/subscriptions/dec9ed54-2b7f-4476-9bd0-875544af59df/providers/Microsoft.DocumentDB/locations/westus2/operationsStatus/0f708e6d-34b1-4ab9-8f73-eb0030e1a833?api-version=2022-05-15",
      "RequestMethod": "GET",
      "RequestHeaders": {
        "Authorization": "Sanitized",
        "traceparent": "00-69b55d656220ea4e8a312cf32cf1dcf2-c5961c8847dfe148-00",
        "User-Agent": "azsdk-net-ResourceManager/1.2.0 (.NET Framework 4.8.4510.0; Microsoft Windows 10.0.22000 )",
        "x-ms-client-request-id": "73a0e1177ced14f3ea869ed84a5f68a0",
        "x-ms-return-client-request-id": "true"
      },
      "RequestBody": null,
      "StatusCode": 200,
      "ResponseHeaders": {
        "Cache-Control": "no-store, no-cache",
        "Content-Length": "22",
        "Content-Type": "application/json",
        "Date": "Thu, 08 Sep 2022 21:58:35 GMT",
        "Pragma": "no-cache",
        "Server": "Microsoft-HTTPAPI/2.0",
        "Strict-Transport-Security": "max-age=31536000; includeSubDomains",
        "X-Content-Type-Options": "nosniff",
        "x-ms-correlation-request-id": "6f20879f-9d60-4ad8-9b2a-1a93b78914e6",
        "x-ms-gatewayversion": "version=2.14.0",
        "x-ms-ratelimit-remaining-subscription-reads": "11914",
        "x-ms-request-id": "6f20879f-9d60-4ad8-9b2a-1a93b78914e6",
        "x-ms-routing-request-id": "WESTUS:20220908T215835Z:6f20879f-9d60-4ad8-9b2a-1a93b78914e6"
      },
      "ResponseBody": {
        "status": "Succeeded"
      }
    },
    {
      "RequestUri": "https://management.azure.com/subscriptions/dec9ed54-2b7f-4476-9bd0-875544af59df/resourceGroups/dbaccount-7174/providers/Microsoft.DocumentDB/databaseAccounts/dbaccount-6539/gremlinDatabases/gremlin-db-7794/graphs/gremlin-graph-9679/throughputSettings/default?api-version=2022-05-15",
      "RequestMethod": "GET",
      "RequestHeaders": {
        "Authorization": "Sanitized",
        "traceparent": "00-69b55d656220ea4e8a312cf32cf1dcf2-f07e52f0e6117b4e-00",
        "User-Agent": "azsdk-net-ResourceManager/1.2.0 (.NET Framework 4.8.4510.0; Microsoft Windows 10.0.22000 )",
        "x-ms-client-request-id": "ba012afe39a6c85aa01ee0524bb0703a",
        "x-ms-return-client-request-id": "true"
      },
      "RequestBody": null,
      "StatusCode": 200,
      "ResponseHeaders": {
        "Cache-Control": "no-store, no-cache",
        "Content-Length": "415",
        "Content-Type": "application/json",
        "Date": "Thu, 08 Sep 2022 21:58:35 GMT",
        "Pragma": "no-cache",
        "Server": "Microsoft-HTTPAPI/2.0",
        "Strict-Transport-Security": "max-age=31536000; includeSubDomains",
        "X-Content-Type-Options": "nosniff",
        "x-ms-correlation-request-id": "61b990a3-3344-4b9f-a3c2-c5a469a20c99",
        "x-ms-gatewayversion": "version=2.14.0",
        "x-ms-ratelimit-remaining-subscription-reads": "11913",
        "x-ms-request-id": "61b990a3-3344-4b9f-a3c2-c5a469a20c99",
        "x-ms-routing-request-id": "WESTUS:20220908T215836Z:61b990a3-3344-4b9f-a3c2-c5a469a20c99"
      },
      "ResponseBody": {
        "id": "/subscriptions/dec9ed54-2b7f-4476-9bd0-875544af59df/resourceGroups/dbaccount-7174/providers/Microsoft.DocumentDB/databaseAccounts/dbaccount-6539/gremlinDatabases/gremlin-db-7794/graphs/gremlin-graph-9679/throughputSettings/default",
        "type": "Microsoft.DocumentDB/databaseAccounts/gremlinDatabases/graphs/throughputSettings",
        "name": "yZgJ",
        "properties": {
          "resource": {
            "throughput": 1000,
            "minimumThroughput": "400"
          }
        }
      }
    },
    {
      "RequestUri": "https://management.azure.com/subscriptions/dec9ed54-2b7f-4476-9bd0-875544af59df/resourceGroups/dbaccount-7174/providers/Microsoft.DocumentDB/databaseAccounts/dbaccount-6539/gremlinDatabases/gremlin-db-7794/graphs/gremlin-graph-9679?api-version=2022-05-15",
      "RequestMethod": "GET",
      "RequestHeaders": {
        "Accept": "application/json",
        "Authorization": "Sanitized",
        "traceparent": "00-fc2df0969d17444a861159fc5874b727-f102177ef7f5bf49-00",
        "User-Agent": "azsdk-net-ResourceManager.CosmosDB/1.1.0-alpha.20220829.1 (.NET Framework 4.8.4510.0; Microsoft Windows 10.0.22000 )",
        "x-ms-client-request-id": "f06bdfcda6750ff064b70b70c9ecac2e",
        "x-ms-return-client-request-id": "true"
      },
      "RequestBody": null,
      "StatusCode": 200,
      "ResponseHeaders": {
        "Cache-Control": "no-store, no-cache",
        "Content-Length": "1488",
        "Content-Type": "application/json",
        "Date": "Thu, 08 Sep 2022 21:58:36 GMT",
        "Pragma": "no-cache",
        "Server": "Microsoft-HTTPAPI/2.0",
        "Strict-Transport-Security": "max-age=31536000; includeSubDomains",
        "X-Content-Type-Options": "nosniff",
        "x-ms-correlation-request-id": "794a771c-6983-4e30-b470-f031c82de1f4",
        "x-ms-gatewayversion": "version=2.14.0",
        "x-ms-ratelimit-remaining-subscription-reads": "11912",
        "x-ms-request-id": "794a771c-6983-4e30-b470-f031c82de1f4",
        "x-ms-routing-request-id": "WESTUS:20220908T215836Z:794a771c-6983-4e30-b470-f031c82de1f4"
      },
      "ResponseBody": {
        "id": "/subscriptions/dec9ed54-2b7f-4476-9bd0-875544af59df/resourceGroups/dbaccount-7174/providers/Microsoft.DocumentDB/databaseAccounts/dbaccount-6539/gremlinDatabases/gremlin-db-7794/graphs/gremlin-graph-9679",
        "type": "Microsoft.DocumentDB/databaseAccounts/gremlinDatabases/graphs",
        "name": "gremlin-graph-9679",
        "properties": {
          "resource": {
            "id": "gremlin-graph-9679",
            "indexingPolicy": {
              "indexingMode": "consistent",
              "automatic": true,
              "includedPaths": [
                {
                  "path": "/*"
                }
              ],
              "excludedPaths": [
                {
                  "path": "/pathToNotIndex/*"
                },
                {
                  "path": "/\u0022_etag\u0022/?"
                }
              ],
              "spatialIndexes": [
                {
                  "path": "/*",
                  "types": [
                    "Point",
                    "LineString",
                    "Polygon",
                    "MultiPolygon"
                  ]
                }
              ],
              "compositeIndexes": [
                [
                  {
                    "path": "/orderByPath1",
                    "order": "ascending"
                  },
                  {
                    "path": "/orderByPath2",
                    "order": "descending"
                  }
                ],
                [
                  {
                    "path": "/orderByPath3",
                    "order": "ascending"
                  },
                  {
                    "path": "/orderByPath4",
                    "order": "descending"
                  }
                ]
              ]
            },
            "partitionKey": {
              "paths": [
                "/address"
              ],
              "kind": "Hash"
            },
            "defaultTtl": -1,
            "uniqueKeyPolicy": {
              "uniqueKeys": [
                {
                  "paths": [
                    "/testpath"
                  ]
                }
              ]
            },
            "conflictResolutionPolicy": {
              "mode": "LastWriterWins",
              "conflictResolutionPath": "/path",
              "conflictResolutionProcedure": ""
            },
            "geospatialConfig": {
              "type": "Geography"
            },
            "analyticalStorageTtl": -1,
            "_rid": "Yn89AMpxzzk=",
            "_ts": 1662674294,
            "_self": "dbs/Yn89AA==/colls/Yn89AMpxzzk=/",
            "_etag": "\u002200001234-0000-0700-0000-631a65760000\u0022",
            "_docs": "docs/",
            "_sprocs": "sprocs/",
            "_triggers": "triggers/",
            "_udfs": "udfs/",
            "_conflicts": "conflicts/",
            "statistics": [
              {
                "id": "0",
                "sizeInKB": 0,
                "documentCount": 0,
                "sampledDistinctPartitionKeyCount": 0,
                "partitionKeys": []
              }
            ]
          }
        }
      }
    },
    {
      "RequestUri": "https://management.azure.com/subscriptions/dec9ed54-2b7f-4476-9bd0-875544af59df/resourceGroups/dbaccount-7174/providers/Microsoft.DocumentDB/databaseAccounts/dbaccount-6539/gremlinDatabases/gremlin-db-7794/graphs/gremlin-graph-9679?api-version=2022-05-15",
      "RequestMethod": "DELETE",
      "RequestHeaders": {
        "Authorization": "Sanitized",
        "traceparent": "00-ec8ea35d1f6d6f4d8b4865456b2f5d54-4429c31a32ac0044-00",
        "User-Agent": "azsdk-net-ResourceManager.CosmosDB/1.1.0-alpha.20220829.1 (.NET Framework 4.8.4510.0; Microsoft Windows 10.0.22000 )",
        "x-ms-client-request-id": "b18e2faa8542de3c86d7d2ce9ba1c839",
        "x-ms-return-client-request-id": "true"
      },
      "RequestBody": null,
      "StatusCode": 202,
      "ResponseHeaders": {
        "Azure-AsyncOperation": "https://management.azure.com/subscriptions/dec9ed54-2b7f-4476-9bd0-875544af59df/providers/Microsoft.DocumentDB/locations/westus2/operationsStatus/07751967-5053-44e5-86b0-3e3f990222b3?api-version=2022-05-15",
        "Cache-Control": "no-store, no-cache",
        "Content-Length": "21",
        "Content-Type": "application/json",
        "Date": "Thu, 08 Sep 2022 21:58:36 GMT",
        "Location": "https://management.azure.com/subscriptions/dec9ed54-2b7f-4476-9bd0-875544af59df/resourceGroups/dbaccount-7174/providers/Microsoft.DocumentDB/databaseAccounts/dbaccount-6539/gremlinDatabases/gremlin-db-7794/graphs/gremlin-graph-9679/operationResults/07751967-5053-44e5-86b0-3e3f990222b3?api-version=2022-05-15",
        "Pragma": "no-cache",
        "Server": "Microsoft-HTTPAPI/2.0",
        "Strict-Transport-Security": "max-age=31536000; includeSubDomains",
        "X-Content-Type-Options": "nosniff",
        "x-ms-correlation-request-id": "a2a13600-48a1-4b72-bb86-6496ec865e9c",
        "x-ms-gatewayversion": "version=2.14.0",
        "x-ms-ratelimit-remaining-subscription-deletes": "14996",
        "x-ms-request-id": "07751967-5053-44e5-86b0-3e3f990222b3",
        "x-ms-routing-request-id": "WESTUS:20220908T215836Z:a2a13600-48a1-4b72-bb86-6496ec865e9c"
      },
      "ResponseBody": {
        "status": "Enqueued"
      }
    },
    {
      "RequestUri": "https://management.azure.com/subscriptions/dec9ed54-2b7f-4476-9bd0-875544af59df/providers/Microsoft.DocumentDB/locations/westus2/operationsStatus/07751967-5053-44e5-86b0-3e3f990222b3?api-version=2022-05-15",
      "RequestMethod": "GET",
      "RequestHeaders": {
        "Authorization": "Sanitized",
        "traceparent": "00-ec8ea35d1f6d6f4d8b4865456b2f5d54-0430829e9299e94e-00",
        "User-Agent": "azsdk-net-ResourceManager/1.2.0 (.NET Framework 4.8.4510.0; Microsoft Windows 10.0.22000 )",
        "x-ms-client-request-id": "1ba7b272bf2148f8a38d699dd42173c3",
        "x-ms-return-client-request-id": "true"
      },
      "RequestBody": null,
      "StatusCode": 200,
      "ResponseHeaders": {
        "Cache-Control": "no-store, no-cache",
        "Content-Length": "21",
        "Content-Type": "application/json",
        "Date": "Thu, 08 Sep 2022 21:58:36 GMT",
        "Pragma": "no-cache",
        "Server": "Microsoft-HTTPAPI/2.0",
        "Strict-Transport-Security": "max-age=31536000; includeSubDomains",
        "X-Content-Type-Options": "nosniff",
        "x-ms-correlation-request-id": "8c8372a9-ba29-4113-a838-558087049399",
        "x-ms-gatewayversion": "version=2.14.0",
        "x-ms-ratelimit-remaining-subscription-reads": "11911",
        "x-ms-request-id": "8c8372a9-ba29-4113-a838-558087049399",
        "x-ms-routing-request-id": "WESTUS:20220908T215836Z:8c8372a9-ba29-4113-a838-558087049399"
      },
      "ResponseBody": {
        "status": "Enqueued"
      }
    },
    {
      "RequestUri": "https://management.azure.com/subscriptions/dec9ed54-2b7f-4476-9bd0-875544af59df/providers/Microsoft.DocumentDB/locations/westus2/operationsStatus/07751967-5053-44e5-86b0-3e3f990222b3?api-version=2022-05-15",
      "RequestMethod": "GET",
      "RequestHeaders": {
        "Authorization": "Sanitized",
        "traceparent": "00-ec8ea35d1f6d6f4d8b4865456b2f5d54-4d3325a0399bd84d-00",
        "User-Agent": "azsdk-net-ResourceManager/1.2.0 (.NET Framework 4.8.4510.0; Microsoft Windows 10.0.22000 )",
        "x-ms-client-request-id": "665ad1ef40e13339053777502f4daf9c",
        "x-ms-return-client-request-id": "true"
      },
      "RequestBody": null,
      "StatusCode": 200,
      "ResponseHeaders": {
        "Cache-Control": "no-store, no-cache",
        "Content-Length": "21",
        "Content-Type": "application/json",
        "Date": "Thu, 08 Sep 2022 21:58:37 GMT",
        "Pragma": "no-cache",
        "Server": "Microsoft-HTTPAPI/2.0",
        "Strict-Transport-Security": "max-age=31536000; includeSubDomains",
        "X-Content-Type-Options": "nosniff",
        "x-ms-correlation-request-id": "86b5ba19-b92b-4b70-94a5-322259bb184d",
        "x-ms-gatewayversion": "version=2.14.0",
        "x-ms-ratelimit-remaining-subscription-reads": "11910",
        "x-ms-request-id": "86b5ba19-b92b-4b70-94a5-322259bb184d",
        "x-ms-routing-request-id": "WESTUS:20220908T215837Z:86b5ba19-b92b-4b70-94a5-322259bb184d"
      },
      "ResponseBody": {
        "status": "Enqueued"
      }
    },
    {
      "RequestUri": "https://management.azure.com/subscriptions/dec9ed54-2b7f-4476-9bd0-875544af59df/providers/Microsoft.DocumentDB/locations/westus2/operationsStatus/07751967-5053-44e5-86b0-3e3f990222b3?api-version=2022-05-15",
      "RequestMethod": "GET",
      "RequestHeaders": {
        "Authorization": "Sanitized",
        "traceparent": "00-ec8ea35d1f6d6f4d8b4865456b2f5d54-686e944660354344-00",
        "User-Agent": "azsdk-net-ResourceManager/1.2.0 (.NET Framework 4.8.4510.0; Microsoft Windows 10.0.22000 )",
        "x-ms-client-request-id": "e85c1ed9acfa57186bc2c8660e8d8318",
        "x-ms-return-client-request-id": "true"
      },
      "RequestBody": null,
      "StatusCode": 200,
      "ResponseHeaders": {
        "Cache-Control": "no-store, no-cache",
        "Content-Length": "21",
        "Content-Type": "application/json",
        "Date": "Thu, 08 Sep 2022 21:58:38 GMT",
        "Pragma": "no-cache",
        "Server": "Microsoft-HTTPAPI/2.0",
        "Strict-Transport-Security": "max-age=31536000; includeSubDomains",
        "X-Content-Type-Options": "nosniff",
        "x-ms-correlation-request-id": "10debd76-f27c-4391-b25c-cbf6abb7f462",
        "x-ms-gatewayversion": "version=2.14.0",
        "x-ms-ratelimit-remaining-subscription-reads": "11909",
        "x-ms-request-id": "10debd76-f27c-4391-b25c-cbf6abb7f462",
        "x-ms-routing-request-id": "WESTUS:20220908T215838Z:10debd76-f27c-4391-b25c-cbf6abb7f462"
      },
      "ResponseBody": {
        "status": "Enqueued"
      }
    },
    {
      "RequestUri": "https://management.azure.com/subscriptions/dec9ed54-2b7f-4476-9bd0-875544af59df/providers/Microsoft.DocumentDB/locations/westus2/operationsStatus/07751967-5053-44e5-86b0-3e3f990222b3?api-version=2022-05-15",
      "RequestMethod": "GET",
      "RequestHeaders": {
        "Authorization": "Sanitized",
        "traceparent": "00-ec8ea35d1f6d6f4d8b4865456b2f5d54-a0ab393e93e08b48-00",
        "User-Agent": "azsdk-net-ResourceManager/1.2.0 (.NET Framework 4.8.4510.0; Microsoft Windows 10.0.22000 )",
        "x-ms-client-request-id": "5cff937d988f31d3787416ea47a71855",
        "x-ms-return-client-request-id": "true"
      },
      "RequestBody": null,
      "StatusCode": 200,
      "ResponseHeaders": {
        "Cache-Control": "no-store, no-cache",
        "Content-Length": "21",
        "Content-Type": "application/json",
        "Date": "Thu, 08 Sep 2022 21:58:39 GMT",
        "Pragma": "no-cache",
        "Server": "Microsoft-HTTPAPI/2.0",
        "Strict-Transport-Security": "max-age=31536000; includeSubDomains",
        "X-Content-Type-Options": "nosniff",
        "x-ms-correlation-request-id": "cdd4743c-2329-42b0-9c3f-9b8dc23a6392",
        "x-ms-gatewayversion": "version=2.14.0",
        "x-ms-ratelimit-remaining-subscription-reads": "11908",
        "x-ms-request-id": "cdd4743c-2329-42b0-9c3f-9b8dc23a6392",
        "x-ms-routing-request-id": "WESTUS:20220908T215839Z:cdd4743c-2329-42b0-9c3f-9b8dc23a6392"
      },
      "ResponseBody": {
        "status": "Dequeued"
      }
    },
    {
      "RequestUri": "https://management.azure.com/subscriptions/dec9ed54-2b7f-4476-9bd0-875544af59df/providers/Microsoft.DocumentDB/locations/westus2/operationsStatus/07751967-5053-44e5-86b0-3e3f990222b3?api-version=2022-05-15",
      "RequestMethod": "GET",
      "RequestHeaders": {
        "Authorization": "Sanitized",
        "traceparent": "00-ec8ea35d1f6d6f4d8b4865456b2f5d54-46a2d41194fb4747-00",
        "User-Agent": "azsdk-net-ResourceManager/1.2.0 (.NET Framework 4.8.4510.0; Microsoft Windows 10.0.22000 )",
        "x-ms-client-request-id": "b5c4cddd8bc542c8b802fa1e78d32577",
        "x-ms-return-client-request-id": "true"
      },
      "RequestBody": null,
      "StatusCode": 200,
      "ResponseHeaders": {
        "Cache-Control": "no-store, no-cache",
        "Content-Length": "21",
        "Content-Type": "application/json",
        "Date": "Thu, 08 Sep 2022 21:58:41 GMT",
        "Pragma": "no-cache",
        "Server": "Microsoft-HTTPAPI/2.0",
        "Strict-Transport-Security": "max-age=31536000; includeSubDomains",
        "X-Content-Type-Options": "nosniff",
        "x-ms-correlation-request-id": "d53338af-bd83-4f86-8c10-76d030291c08",
        "x-ms-gatewayversion": "version=2.14.0",
        "x-ms-ratelimit-remaining-subscription-reads": "11907",
        "x-ms-request-id": "d53338af-bd83-4f86-8c10-76d030291c08",
        "x-ms-routing-request-id": "WESTUS:20220908T215842Z:d53338af-bd83-4f86-8c10-76d030291c08"
      },
      "ResponseBody": {
        "status": "Dequeued"
      }
    },
    {
      "RequestUri": "https://management.azure.com/subscriptions/dec9ed54-2b7f-4476-9bd0-875544af59df/providers/Microsoft.DocumentDB/locations/westus2/operationsStatus/07751967-5053-44e5-86b0-3e3f990222b3?api-version=2022-05-15",
      "RequestMethod": "GET",
      "RequestHeaders": {
        "Authorization": "Sanitized",
        "traceparent": "00-ec8ea35d1f6d6f4d8b4865456b2f5d54-45433f93f21f7449-00",
        "User-Agent": "azsdk-net-ResourceManager/1.2.0 (.NET Framework 4.8.4510.0; Microsoft Windows 10.0.22000 )",
        "x-ms-client-request-id": "9cd25eb3534e400c4b2a6f86962e0fc3",
        "x-ms-return-client-request-id": "true"
      },
      "RequestBody": null,
      "StatusCode": 200,
      "ResponseHeaders": {
        "Cache-Control": "no-store, no-cache",
        "Content-Length": "22",
        "Content-Type": "application/json",
        "Date": "Thu, 08 Sep 2022 21:58:45 GMT",
        "Pragma": "no-cache",
        "Server": "Microsoft-HTTPAPI/2.0",
        "Strict-Transport-Security": "max-age=31536000; includeSubDomains",
        "X-Content-Type-Options": "nosniff",
        "x-ms-correlation-request-id": "b7bab166-da21-4198-8729-00c8a54a44c3",
        "x-ms-gatewayversion": "version=2.14.0",
        "x-ms-ratelimit-remaining-subscription-reads": "11906",
        "x-ms-request-id": "b7bab166-da21-4198-8729-00c8a54a44c3",
        "x-ms-routing-request-id": "WESTUS:20220908T215846Z:b7bab166-da21-4198-8729-00c8a54a44c3"
      },
      "ResponseBody": {
        "status": "Succeeded"
      }
    }
  ],
  "Variables": {
    "AZURE_AUTHORITY_HOST": "https://login.microsoftonline.com",
    "RandomSeed": "438284020",
    "RESOURCE_MANAGER_URL": null,
    "SUBSCRIPTION_ID": "dec9ed54-2b7f-4476-9bd0-875544af59df"
  }
}
