{
  "Entries": [
    {
      "RequestUri": "https://FakeHost.net/devices/QueryDevice939180715?api-version=2020-03-13",
      "RequestMethod": "PUT",
      "RequestHeaders": {
        "Authorization": "Sanitized",
        "Content-Length": "35",
        "Content-Type": "application/json",
        "If-Match": "\u0022\u0022",
        "User-Agent": [
          "azsdk-net-Iot.Hub.Service/1.0.0-dev.20200819.1",
          "(.NET Core 4.6.28516.03; Microsoft Windows 10.0.18363 )"
        ],
        "x-ms-client-request-id": "a728cf7c0806ea7f3bbdf268a6f40ecb",
        "x-ms-return-client-request-id": "true"
      },
      "RequestBody": {
        "deviceId": "QueryDevice939180715"
      },
      "StatusCode": 200,
      "ResponseHeaders": {
        "Content-Length": "622",
        "Content-Type": "application/json; charset=utf-8",
        "Date": "Wed, 19 Aug 2020 22:13:33 GMT",
        "ETag": "\u0022NzQzNzE2MDk0\u0022",
        "Server": "Microsoft-HTTPAPI/2.0",
        "Vary": "Origin",
        "x-ms-request-id": "7fbbdc7e-bfa6-4ab2-9b53-55bf8456292b"
      },
      "ResponseBody": {
        "deviceId": "QueryDevice939180715",
        "generationId": "637334720140481206",
        "etag": "NzQzNzE2MDk0",
        "connectionState": "Disconnected",
        "status": "enabled",
        "statusReason": null,
        "connectionStateUpdatedTime": "0001-01-01T00:00:00",
        "statusUpdatedTime": "0001-01-01T00:00:00",
        "lastActivityTime": "0001-01-01T00:00:00",
        "cloudToDeviceMessageCount": 0,
        "authentication": {
          "symmetricKey": {
            "primaryKey": "tVN28XLY/MvrhsUNNVMOBKRSeN62RuFSaNkYOgWUHqg=",
            "secondaryKey": "GvZ0FTAk9UPyZu4QCHWJy8Jf37cs3je7b0AT0HMfxAQ="
          },
          "x509Thumbprint": {
            "primaryThumbprint": null,
            "secondaryThumbprint": null
          },
          "type": "sas"
        },
        "capabilities": {
          "iotEdge": false
        },
        "parentScopes": []
      }
    },
    {
      "RequestUri": "https://FakeHost.net/devices/QueryDevice939180715/modules/QueryModule1384101029?api-version=2020-03-13",
      "RequestMethod": "PUT",
      "RequestHeaders": {
        "Authorization": "Sanitized",
        "Content-Length": "70",
        "Content-Type": "application/json",
        "If-Match": "\u0022\u0022",
        "User-Agent": [
          "azsdk-net-Iot.Hub.Service/1.0.0-dev.20200819.1",
          "(.NET Core 4.6.28516.03; Microsoft Windows 10.0.18363 )"
        ],
        "x-ms-client-request-id": "ede7f421d4e065105d48191e1e0d89a5",
        "x-ms-return-client-request-id": "true"
      },
      "RequestBody": {
        "moduleId": "QueryModule1384101029",
        "deviceId": "QueryDevice939180715"
      },
      "StatusCode": 200,
      "ResponseHeaders": {
        "Content-Length": "542",
        "Content-Type": "application/json; charset=utf-8",
        "Date": "Wed, 19 Aug 2020 22:13:34 GMT",
        "Server": "Microsoft-HTTPAPI/2.0",
        "Vary": "Origin",
        "x-ms-request-id": "058e1145-1272-40f3-9977-40886b78fb01"
      },
      "ResponseBody": {
        "moduleId": "QueryModule1384101029",
        "managedBy": null,
        "deviceId": "QueryDevice939180715",
        "generationId": "637334720146631234",
        "etag": "OTEyMzExMTA3",
        "connectionState": "Disconnected",
        "connectionStateUpdatedTime": "0001-01-01T00:00:00",
        "lastActivityTime": "0001-01-01T00:00:00",
        "cloudToDeviceMessageCount": 0,
        "authentication": {
          "symmetricKey": {
            "primaryKey": "uZp9e\u002BQ8kwjN8kUJilL6BqRAW1XWKlENMvRiHKh0cbQ=",
            "secondaryKey": "388G9OBM4xRXP\u002BwjCRzRUvZfSfSe9xgHRXs588syuco="
          },
          "x509Thumbprint": {
            "primaryThumbprint": null,
            "secondaryThumbprint": null
          },
          "type": "sas"
        }
      }
    },
    {
      "RequestUri": "https://FakeHost.net/devices/query?api-version=2020-03-13",
      "RequestMethod": "POST",
      "RequestHeaders": {
        "Authorization": "Sanitized",
        "Content-Length": "82",
        "Content-Type": "application/json",
        "User-Agent": [
          "azsdk-net-Iot.Hub.Service/1.0.0-dev.20200819.1",
          "(.NET Core 4.6.28516.03; Microsoft Windows 10.0.18363 )"
        ],
        "x-ms-client-request-id": "ee2d10eeb60eb68440b2ef6c28af0f83",
        "x-ms-return-client-request-id": "true"
      },
      "RequestBody": "{\u0022query\u0022:\u0022SELECT * FROM devices.modules WHERE moduleId = \u0027QueryModule1384101029\u0027\u0022}",
      "StatusCode": 200,
      "ResponseHeaders": {
        "Content-Length": "2",
        "Content-Type": "application/json; charset=utf-8",
        "Date": "Wed, 19 Aug 2020 22:13:34 GMT",
        "Server": "Microsoft-HTTPAPI/2.0",
        "Vary": "Origin",
        "x-ms-item-type": "Twin",
        "x-ms-request-id": "8075ee3e-6ece-4ef9-9eed-575bb49f6fac"
      },
      "ResponseBody": "[]"
    },
    {
      "RequestUri": "https://FakeHost.net/devices/query?api-version=2020-03-13",
      "RequestMethod": "POST",
      "RequestHeaders": {
        "Authorization": "Sanitized",
        "Content-Length": "82",
        "Content-Type": "application/json",
        "User-Agent": [
          "azsdk-net-Iot.Hub.Service/1.0.0-dev.20200819.1",
          "(.NET Core 4.6.28516.03; Microsoft Windows 10.0.18363 )"
        ],
        "x-ms-client-request-id": "ee895314bd9aa8c5bfc249beee60cb2d",
        "x-ms-return-client-request-id": "true"
      },
      "RequestBody": "{\u0022query\u0022:\u0022SELECT * FROM devices.modules WHERE moduleId = \u0027QueryModule1384101029\u0027\u0022}",
      "StatusCode": 200,
      "ResponseHeaders": {
        "Content-Length": "601",
        "Content-Type": "application/json; charset=utf-8",
        "Date": "Wed, 19 Aug 2020 22:13:40 GMT",
        "Server": "Microsoft-HTTPAPI/2.0",
        "Vary": "Origin",
        "x-ms-item-type": "Twin",
        "x-ms-request-id": "3a225879-3ab3-42f8-9d63-ecbf2939b848"
      },
      "ResponseBody": "[{\u0022deviceId\u0022:\u0022QueryDevice939180715\u0022,\u0022moduleId\u0022:\u0022QueryModule1384101029\u0022,\u0022etag\u0022:\u0022AAAAAAAAAAE=\u0022,\u0022deviceEtag\u0022:\u0022OTEyMzExMTA3\u0022,\u0022status\u0022:\u0022enabled\u0022,\u0022statusUpdateTime\u0022:\u00220001-01-01T00:00:00Z\u0022,\u0022connectionState\u0022:\u0022Disconnected\u0022,\u0022lastActivityTime\u0022:\u00220001-01-01T00:00:00Z\u0022,\u0022cloudToDeviceMessageCount\u0022:0,\u0022authenticationType\u0022:\u0022sas\u0022,\u0022x509Thumbprint\u0022:{\u0022primaryThumbprint\u0022:null,\u0022secondaryThumbprint\u0022:null},\u0022version\u0022:2,\u0022properties\u0022:{\u0022desired\u0022:{\u0022$metadata\u0022:{\u0022$lastUpdated\u0022:\u00220001-01-01T00:00:00Z\u0022},\u0022$version\u0022:1},\u0022reported\u0022:{\u0022$metadata\u0022:{\u0022$lastUpdated\u0022:\u00220001-01-01T00:00:00Z\u0022},\u0022$version\u0022:1}},\u0022capabilities\u0022:{\u0022iotEdge\u0022:false}}]"
    },
    {
      "RequestUri": "https://FakeHost.net/devices/QueryDevice939180715?api-version=2020-03-13",
      "RequestMethod": "DELETE",
      "RequestHeaders": {
        "Authorization": "Sanitized",
        "If-Match": "*",
        "User-Agent": [
          "azsdk-net-Iot.Hub.Service/1.0.0-dev.20200819.1",
          "(.NET Core 4.6.28516.03; Microsoft Windows 10.0.18363 )"
        ],
        "x-ms-client-request-id": "96794c3320c66bbc6f31ad2ee4a33dae",
        "x-ms-return-client-request-id": "true"
      },
      "RequestBody": null,
      "StatusCode": 204,
      "ResponseHeaders": {
        "Content-Length": "0",
        "Date": "Wed, 19 Aug 2020 22:13:51 GMT",
        "Server": "Microsoft-HTTPAPI/2.0",
        "Vary": "Origin",
        "x-ms-request-id": "06021174-55bb-48b0-8292-000e3ee5ebef"
      },
      "ResponseBody": []
    }
  ],
  "Variables": {
    "IOT_HUB_CONNECTION_STRING": "HostName=FakeHost.net;SharedAccessKeyName=iothubowner;SharedAccessKey=Kg==",
    "RandomSeed": "1014759705"
  }
}