{
  "Entries": [
    {
      "RequestUri": "https://management.azure.com/subscriptions/db1ab6f0-4769-4b27-930e-01e2ef9c123c?api-version=2021-01-01",
      "RequestMethod": "GET",
      "RequestHeaders": {
        "Accept": "application/json",
        "Authorization": "Sanitized",
        "traceparent": "00-60c9d082fd555a43809340a94dad7e3a-6e89d5f596af9743-00",
        "User-Agent": "azsdk-net-ResourceManager/1.2.1 (.NET Core 3.1.28; Microsoft Windows 10.0.19044)",
        "x-ms-client-request-id": "137ee09f19dec09e4b228c2871a3ccf9",
        "x-ms-return-client-request-id": "true"
      },
      "RequestBody": null,
      "StatusCode": 200,
      "ResponseHeaders": {
        "Cache-Control": "no-cache",
        "Content-Length": "747",
        "Content-Type": "application/json; charset=utf-8",
        "Date": "Wed, 17 Aug 2022 02:17:42 GMT",
        "Expires": "-1",
        "Pragma": "no-cache",
        "Strict-Transport-Security": "max-age=31536000; includeSubDomains",
        "X-Content-Type-Options": "nosniff",
        "x-ms-correlation-request-id": "ea7208cc-3e30-40ae-b2f8-b8e2152b5085",
        "x-ms-ratelimit-remaining-subscription-reads": "11934",
        "x-ms-request-id": "ea7208cc-3e30-40ae-b2f8-b8e2152b5085",
        "x-ms-routing-request-id": "SOUTHEASTASIA:20220817T021743Z:ea7208cc-3e30-40ae-b2f8-b8e2152b5085"
      },
      "ResponseBody": {
        "id": "/subscriptions/db1ab6f0-4769-4b27-930e-01e2ef9c123c",
        "authorizationSource": "RoleBased",
        "managedByTenants": [],
        "tags": {
          "TagKey-9823": "TagValue-566",
          "TagKey-3481": "TagValue-320",
          "TagKey-4926": "TagValue-1187",
          "TagKey-751": "TagValue-3921",
          "TagKey-1866": "TagValue-8559",
          "TagKey-3094": "TagValue-9190",
          "TagKey-2449": "TagValue-9",
          "TagKey-8379": "TagValue-164",
          "TagKey-7470": "TagValue-2205",
          "TagKey-4236": "TagValue-3698",
          "TagKey-5316": "TagValue-2725"
        },
        "subscriptionId": "db1ab6f0-4769-4b27-930e-01e2ef9c123c",
        "tenantId": "72f988bf-86f1-41af-91ab-2d7cd011db47",
        "displayName": ".NET Mgmt SDK Test with TTL = 1 Day",
        "state": "Enabled",
        "subscriptionPolicies": {
          "locationPlacementId": "Internal_2014-09-01",
          "quotaId": "Internal_2014-09-01",
          "spendingLimit": "Off"
        }
      }
    },
    {
      "RequestUri": "https://management.azure.com/subscriptions/db1ab6f0-4769-4b27-930e-01e2ef9c123c/resourcegroups/MediaServiceRG494?api-version=2021-04-01",
      "RequestMethod": "PUT",
      "RequestHeaders": {
        "Accept": "application/json",
        "Authorization": "Sanitized",
        "Content-Length": "22",
        "Content-Type": "application/json",
        "traceparent": "00-c7a812172e99ce4ea081375ebe22d85f-55c11d0b78a8af4d-00",
        "User-Agent": "azsdk-net-ResourceManager/1.2.1 (.NET Core 3.1.28; Microsoft Windows 10.0.19044)",
        "x-ms-client-request-id": "16cd5865e956e592eb421be7cabbb32e",
        "x-ms-return-client-request-id": "true"
      },
      "RequestBody": {
        "location": "westus2"
      },
      "StatusCode": 201,
      "ResponseHeaders": {
        "Cache-Control": "no-cache",
        "Content-Length": "232",
        "Content-Type": "application/json; charset=utf-8",
        "Date": "Wed, 17 Aug 2022 02:17:43 GMT",
        "Expires": "-1",
        "Pragma": "no-cache",
        "Strict-Transport-Security": "max-age=31536000; includeSubDomains",
        "X-Content-Type-Options": "nosniff",
        "x-ms-correlation-request-id": "051962bc-3889-45d7-ade5-6245de626d14",
        "x-ms-ratelimit-remaining-subscription-writes": "1166",
        "x-ms-request-id": "051962bc-3889-45d7-ade5-6245de626d14",
        "x-ms-routing-request-id": "SOUTHEASTASIA:20220817T021744Z:051962bc-3889-45d7-ade5-6245de626d14"
      },
      "ResponseBody": {
        "id": "/subscriptions/db1ab6f0-4769-4b27-930e-01e2ef9c123c/resourceGroups/MediaServiceRG494",
        "name": "MediaServiceRG494",
        "type": "Microsoft.Resources/resourceGroups",
        "location": "westus2",
        "properties": {
          "provisioningState": "Succeeded"
        }
      }
    },
    {
      "RequestUri": "https://management.azure.com/subscriptions/db1ab6f0-4769-4b27-930e-01e2ef9c123c/resourceGroups/MediaServiceRG494/providers/Microsoft.Storage/storageAccounts/azstorageformedia7718?api-version=2021-09-01",
      "RequestMethod": "PUT",
      "RequestHeaders": {
        "Accept": "application/json",
        "Authorization": "Sanitized",
        "Content-Length": "107",
        "Content-Type": "application/json",
        "traceparent": "00-a8e4505c7b18e641b406061091d378c4-6fc889702c16244e-00",
        "User-Agent": "azsdk-net-ResourceManager.Storage/1.0.0-alpha.20220817.1 (.NET Core 3.1.28; Microsoft Windows 10.0.19044)",
        "x-ms-client-request-id": "fc9d05889d7bea8b5e498c00bded7dd3",
        "x-ms-return-client-request-id": "true"
      },
      "RequestBody": {
        "sku": {
          "name": "Standard_LRS"
        },
        "kind": "BlobStorage",
        "location": "westus2",
        "properties": {
          "accessTier": "Hot"
        }
      },
      "StatusCode": 202,
      "ResponseHeaders": {
        "Cache-Control": "no-cache",
        "Content-Length": "0",
        "Content-Type": "text/plain; charset=utf-8",
        "Date": "Wed, 17 Aug 2022 02:17:49 GMT",
        "Expires": "-1",
        "Location": "https://management.azure.com/subscriptions/db1ab6f0-4769-4b27-930e-01e2ef9c123c/providers/Microsoft.Storage/locations/westus2/asyncoperations/310655f5-2b93-45b2-a0b5-338c7fa62fb6?monitor=true\u0026api-version=2021-09-01",
        "Pragma": "no-cache",
        "Retry-After": "17",
        "Server": "Microsoft-Azure-Storage-Resource-Provider/1.0,Microsoft-HTTPAPI/2.0 Microsoft-HTTPAPI/2.0",
        "Strict-Transport-Security": "max-age=31536000; includeSubDomains",
        "X-Content-Type-Options": "nosniff",
        "x-ms-client-request-id": "fc9d05889d7bea8b5e498c00bded7dd3",
        "x-ms-correlation-request-id": "d312a1db-60c1-437b-af9d-612bf9bd236d",
        "x-ms-ratelimit-remaining-subscription-writes": "1165",
        "x-ms-request-id": "310655f5-2b93-45b2-a0b5-338c7fa62fb6",
        "x-ms-routing-request-id": "SOUTHEASTASIA:20220817T021749Z:d312a1db-60c1-437b-af9d-612bf9bd236d"
      },
      "ResponseBody": null
    },
    {
      "RequestUri": "https://management.azure.com/subscriptions/db1ab6f0-4769-4b27-930e-01e2ef9c123c/providers/Microsoft.Storage/locations/westus2/asyncoperations/310655f5-2b93-45b2-a0b5-338c7fa62fb6?monitor=true\u0026api-version=2021-09-01",
      "RequestMethod": "GET",
      "RequestHeaders": {
        "Authorization": "Sanitized",
        "traceparent": "00-a8e4505c7b18e641b406061091d378c4-ba10736cb6ab4a44-00",
        "User-Agent": "azsdk-net-ResourceManager/1.2.1 (.NET Core 3.1.28; Microsoft Windows 10.0.19044)",
        "x-ms-client-request-id": "c61b6ff9d95cbae9422bf8a006e52d55",
        "x-ms-return-client-request-id": "true"
      },
      "RequestBody": null,
      "StatusCode": 202,
      "ResponseHeaders": {
        "Cache-Control": "no-cache",
        "Content-Length": "0",
        "Content-Type": "text/plain; charset=utf-8",
        "Date": "Wed, 17 Aug 2022 02:17:49 GMT",
        "Expires": "-1",
        "Location": "https://management.azure.com/subscriptions/db1ab6f0-4769-4b27-930e-01e2ef9c123c/providers/Microsoft.Storage/locations/westus2/asyncoperations/310655f5-2b93-45b2-a0b5-338c7fa62fb6?monitor=true\u0026api-version=2021-09-01",
        "Pragma": "no-cache",
        "Retry-After": "17",
        "Server": "Microsoft-Azure-Storage-Resource-Provider/1.0,Microsoft-HTTPAPI/2.0 Microsoft-HTTPAPI/2.0",
        "Strict-Transport-Security": "max-age=31536000; includeSubDomains",
        "X-Content-Type-Options": "nosniff",
        "x-ms-client-request-id": "c61b6ff9d95cbae9422bf8a006e52d55",
        "x-ms-correlation-request-id": "cd2c05d9-9505-4ca0-baf8-6a336434dfee",
        "x-ms-ratelimit-remaining-subscription-reads": "11933",
        "x-ms-request-id": "9e9e88a5-c182-41a6-a69b-d2cf30516e11",
        "x-ms-routing-request-id": "SOUTHEASTASIA:20220817T021749Z:cd2c05d9-9505-4ca0-baf8-6a336434dfee"
      },
      "ResponseBody": null
    },
    {
      "RequestUri": "https://management.azure.com/subscriptions/db1ab6f0-4769-4b27-930e-01e2ef9c123c/providers/Microsoft.Storage/locations/westus2/asyncoperations/310655f5-2b93-45b2-a0b5-338c7fa62fb6?monitor=true\u0026api-version=2021-09-01",
      "RequestMethod": "GET",
      "RequestHeaders": {
        "Authorization": "Sanitized",
        "traceparent": "00-a8e4505c7b18e641b406061091d378c4-8f9010bd719d8541-00",
        "User-Agent": "azsdk-net-ResourceManager/1.2.1 (.NET Core 3.1.28; Microsoft Windows 10.0.19044)",
        "x-ms-client-request-id": "0ba7149ed68b3fc90fb1cf88c60711dd",
        "x-ms-return-client-request-id": "true"
      },
      "RequestBody": null,
      "StatusCode": 200,
      "ResponseHeaders": {
        "Cache-Control": "no-cache",
        "Content-Length": "1277",
        "Content-Type": "application/json",
        "Date": "Wed, 17 Aug 2022 02:18:06 GMT",
        "Expires": "-1",
        "Pragma": "no-cache",
        "Server": "Microsoft-Azure-Storage-Resource-Provider/1.0,Microsoft-HTTPAPI/2.0 Microsoft-HTTPAPI/2.0",
        "Strict-Transport-Security": "max-age=31536000; includeSubDomains",
        "X-Content-Type-Options": "nosniff",
        "x-ms-client-request-id": "0ba7149ed68b3fc90fb1cf88c60711dd",
        "x-ms-correlation-request-id": "f87d6234-3ef2-443f-af5a-128606a1407e",
        "x-ms-ratelimit-remaining-subscription-reads": "11932",
        "x-ms-request-id": "e51ee7ca-24ee-45a9-9171-d94b9c4d9679",
        "x-ms-routing-request-id": "SOUTHEASTASIA:20220817T021806Z:f87d6234-3ef2-443f-af5a-128606a1407e"
      },
      "ResponseBody": {
        "sku": {
          "name": "Standard_LRS",
          "tier": "Standard"
        },
        "kind": "BlobStorage",
        "id": "/subscriptions/db1ab6f0-4769-4b27-930e-01e2ef9c123c/resourceGroups/MediaServiceRG494/providers/Microsoft.Storage/storageAccounts/azstorageformedia7718",
        "name": "azstorageformedia7718",
        "type": "Microsoft.Storage/storageAccounts",
        "location": "westus2",
        "tags": {},
        "properties": {
          "keyCreationTime": {
            "key1": "2022-08-17T02:17:46.6084338Z",
            "key2": "2022-08-17T02:17:46.6084338Z"
          },
          "privateEndpointConnections": [],
          "minimumTlsVersion": "TLS1_0",
          "allowBlobPublicAccess": true,
          "networkAcls": {
            "bypass": "AzureServices",
            "virtualNetworkRules": [],
            "ipRules": [],
            "defaultAction": "Allow"
          },
          "supportsHttpsTrafficOnly": true,
          "encryption": {
            "services": {
              "file": {
                "keyType": "Account",
                "enabled": true,
                "lastEnabledTime": "2022-08-17T02:17:46.6084338Z"
              },
              "blob": {
                "keyType": "Account",
                "enabled": true,
                "lastEnabledTime": "2022-08-17T02:17:46.6084338Z"
              }
            },
            "keySource": "Microsoft.Storage"
          },
          "accessTier": "Hot",
          "provisioningState": "Succeeded",
          "creationTime": "2022-08-17T02:17:46.5147031Z",
          "primaryEndpoints": {
            "dfs": "https://azstorageformedia7718.dfs.core.windows.net/",
            "blob": "https://azstorageformedia7718.blob.core.windows.net/",
            "table": "https://azstorageformedia7718.table.core.windows.net/"
          },
          "primaryLocation": "westus2",
          "statusOfPrimary": "available"
        }
      }
    },
    {
      "RequestUri": "https://management.azure.com/subscriptions/db1ab6f0-4769-4b27-930e-01e2ef9c123c/resourceGroups/MediaServiceRG494/providers/Microsoft.Media/mediaservices/mediaservice3515?api-version=2021-11-01",
      "RequestMethod": "PUT",
      "RequestHeaders": {
        "Accept": "application/json",
        "Authorization": "Sanitized",
        "Content-Length": "244",
        "Content-Type": "application/json",
        "traceparent": "00-09fa620c3ffd6047b125c31e84da0eda-bd3b426b0c2d664e-00",
        "User-Agent": "azsdk-net-ResourceManager.Media/1.0.0-alpha.20220817.1 (.NET Core 3.1.28; Microsoft Windows 10.0.19044)",
        "x-ms-client-request-id": "d24d07b277b6c54a6c150c5056e448c5",
        "x-ms-return-client-request-id": "true"
      },
      "RequestBody": {
        "tags": {},
        "location": "westus2",
        "properties": {
          "storageAccounts": [
            {
              "id": "/subscriptions/db1ab6f0-4769-4b27-930e-01e2ef9c123c/resourceGroups/MediaServiceRG494/providers/Microsoft.Storage/storageAccounts/azstorageformedia7718",
              "type": "Primary"
            }
          ]
        }
      },
      "StatusCode": 201,
      "ResponseHeaders": {
        "Azure-AsyncOperation": "https://management.azure.com/subscriptions/db1ab6f0-4769-4b27-930e-01e2ef9c123c/providers/Microsoft.Media/locations/westus2/mediaServicesOperationStatuses/bfbee139-dee9-4e6e-9fbc-92094a8ca815?api-version=2021-11-01",
        "Cache-Control": "no-cache",
        "Content-Length": "847",
        "Content-Type": "application/json; odata.metadata=minimal",
        "Date": "Wed, 17 Aug 2022 02:18:09 GMT",
        "Expires": "-1",
        "Location": "https://management.azure.com/subscriptions/db1ab6f0-4769-4b27-930e-01e2ef9c123c/providers/Microsoft.Media/locations/westus2/mediaServicesOperationResults/bfbee139-dee9-4e6e-9fbc-92094a8ca815?api-version=2021-11-01",
        "OData-Version": "4.0",
        "Pragma": "no-cache",
        "Retry-After": "30",
        "Server": "Microsoft-HTTPAPI/2.0",
        "Strict-Transport-Security": "max-age=31536000; includeSubDomains",
        "X-Content-Type-Options": "nosniff",
        "x-ms-client-request-id": "d24d07b277b6c54a6c150c5056e448c5",
        "x-ms-correlation-request-id": "002952f0-26ad-4979-99ea-db0d213a924a",
        "x-ms-ratelimit-remaining-subscription-writes": "1164",
        "x-ms-request-id": "f825454a-58fe-4da1-a26c-c190ee4e3f7c",
        "x-ms-routing-request-id": "SOUTHEASTASIA:20220817T021809Z:002952f0-26ad-4979-99ea-db0d213a924a"
      },
      "ResponseBody": {
        "name": "mediaservice3515",
        "id": "/subscriptions/db1ab6f0-4769-4b27-930e-01e2ef9c123c/resourceGroups/MediaServiceRG494/providers/Microsoft.Media/mediaservices/mediaservice3515",
        "type": "Microsoft.Media/mediaservices",
        "location": "West US 2",
        "tags": {},
        "properties": {
          "mediaServiceId": "cca0fa46-0001-4b7c-a8cc-771680bafdb9",
          "storageAccounts": [
            {
              "id": "/subscriptions/db1ab6f0-4769-4b27-930e-01e2ef9c123c/resourceGroups/MediaServiceRG494/providers/Microsoft.Storage/storageAccounts/azstorageformedia7718",
              "type": "Primary"
            }
          ],
          "storageAuthentication": "System",
          "keyDelivery": {
            "accessControl": {
              "defaultAction": "Allow",
              "ipAllowList": []
            }
          },
          "publicNetworkAccess": "Enabled",
          "provisioningState": "InProgress",
          "privateEndpointConnections": []
        }
      }
    },
    {
      "RequestUri": "https://management.azure.com/subscriptions/db1ab6f0-4769-4b27-930e-01e2ef9c123c/providers/Microsoft.Media/locations/westus2/mediaServicesOperationStatuses/bfbee139-dee9-4e6e-9fbc-92094a8ca815?api-version=2021-11-01",
      "RequestMethod": "GET",
      "RequestHeaders": {
        "Authorization": "Sanitized",
        "traceparent": "00-09fa620c3ffd6047b125c31e84da0eda-df9025d879541e4f-00",
        "User-Agent": "azsdk-net-ResourceManager/1.2.1 (.NET Core 3.1.28; Microsoft Windows 10.0.19044)",
        "x-ms-client-request-id": "dd53bd1a82e09ce75c451fc0bcefb8cc",
        "x-ms-return-client-request-id": "true"
      },
      "RequestBody": null,
      "StatusCode": 200,
      "ResponseHeaders": {
        "Cache-Control": "no-cache",
        "Content-Length": "329",
        "Content-Type": "application/json; odata.metadata=minimal; odata.streaming=true",
        "Date": "Wed, 17 Aug 2022 02:18:09 GMT",
        "Expires": "-1",
        "OData-Version": "4.0",
        "Pragma": "no-cache",
        "Server": "Microsoft-HTTPAPI/2.0",
        "Strict-Transport-Security": "max-age=31536000; includeSubDomains",
        "X-Content-Type-Options": "nosniff",
        "x-ms-client-request-id": "dd53bd1a82e09ce75c451fc0bcefb8cc",
        "x-ms-correlation-request-id": "e8ba55bd-eecf-4770-9ff3-e582d203354c",
        "x-ms-ratelimit-remaining-subscription-reads": "11931",
        "x-ms-request-id": "8cc84ae6-4de2-4f2e-ae6c-c1a1511aa4b0",
        "x-ms-routing-request-id": "SOUTHEASTASIA:20220817T021809Z:e8ba55bd-eecf-4770-9ff3-e582d203354c"
      },
      "ResponseBody": {
        "name": "bfbee139-dee9-4e6e-9fbc-92094a8ca815",
        "id": "/subscriptions/db1ab6f0-4769-4b27-930e-01e2ef9c123c/providers/Microsoft.Media/locations/westus2/mediaServicesOperationStatuses/bfbee139-dee9-4e6e-9fbc-92094a8ca815",
        "startTime": "2022-08-17T02:18:08.1765077Z",
        "endTime": "2022-08-17T02:18:08.5515126Z",
        "status": "Succeeded"
      }
    },
    {
      "RequestUri": "https://management.azure.com/subscriptions/db1ab6f0-4769-4b27-930e-01e2ef9c123c/resourceGroups/MediaServiceRG494/providers/Microsoft.Media/mediaservices/mediaservice3515?api-version=2021-11-01",
      "RequestMethod": "GET",
      "RequestHeaders": {
        "Authorization": "Sanitized",
        "traceparent": "00-09fa620c3ffd6047b125c31e84da0eda-b1e3bdd7ad7bfd43-00",
        "User-Agent": "azsdk-net-ResourceManager/1.2.1 (.NET Core 3.1.28; Microsoft Windows 10.0.19044)",
        "x-ms-client-request-id": "2344c287044d6586e5a7f6ffcc406478",
        "x-ms-return-client-request-id": "true"
      },
      "RequestBody": null,
      "StatusCode": 200,
      "ResponseHeaders": {
        "Cache-Control": "no-cache",
        "Content-Length": "874",
        "Content-Type": "application/json; odata.metadata=minimal; odata.streaming=true",
        "Date": "Wed, 17 Aug 2022 02:18:10 GMT",
        "Expires": "-1",
        "OData-Version": "4.0",
        "Pragma": "no-cache",
        "Server": "Microsoft-HTTPAPI/2.0",
        "Strict-Transport-Security": "max-age=31536000; includeSubDomains",
        "X-Content-Type-Options": "nosniff",
        "x-ms-client-request-id": "2344c287044d6586e5a7f6ffcc406478",
        "x-ms-correlation-request-id": "80965ac1-62c6-4a84-9027-e1eadabc9e15",
        "x-ms-ratelimit-remaining-subscription-reads": "11930",
        "x-ms-request-id": "f5f02a79-be2d-4548-828f-7c781dd9a001",
        "x-ms-routing-request-id": "SOUTHEASTASIA:20220817T021810Z:80965ac1-62c6-4a84-9027-e1eadabc9e15"
      },
      "ResponseBody": {
        "name": "mediaservice3515",
        "id": "/subscriptions/db1ab6f0-4769-4b27-930e-01e2ef9c123c/resourceGroups/MediaServiceRG494/providers/Microsoft.Media/mediaservices/mediaservice3515",
        "type": "Microsoft.Media/mediaservices",
        "location": "West US 2",
        "properties": {
          "mediaServiceId": "cca0fa46-0001-4b7c-a8cc-771680bafdb9",
          "storageAccounts": [
            {
              "id": "/subscriptions/db1ab6f0-4769-4b27-930e-01e2ef9c123c/resourceGroups/MediaServiceRG494/providers/Microsoft.Storage/storageAccounts/azstorageformedia7718",
              "type": "Primary"
            }
          ],
          "storageAuthentication": "System",
          "encryption": {
            "type": "SystemKey"
          },
          "keyDelivery": {
            "accessControl": {
              "defaultAction": "Allow",
              "ipAllowList": []
            }
          },
          "publicNetworkAccess": "Enabled",
          "provisioningState": "Succeeded",
          "privateEndpointConnections": []
        }
      }
    }
  ],
  "Variables": {
    "AZURE_AUTHORITY_HOST": "https://login.microsoftonline.com",
    "RandomSeed": "2086744782",
    "RESOURCE_MANAGER_URL": null,
    "SUBSCRIPTION_ID": "db1ab6f0-4769-4b27-930e-01e2ef9c123c"
  }
}
