{
  "Entries": [
    {
      "RequestUri": "https://management.azure.com/subscriptions/db1ab6f0-4769-4b27-930e-01e2ef9c123c?api-version=2021-01-01",
      "RequestMethod": "GET",
      "RequestHeaders": {
        "Accept": "application/json",
        "Authorization": "Sanitized",
        "traceparent": "00-1532ec492110ef48a2d8712ce8c4955d-1d235ed8e3128b4b-00",
        "User-Agent": "azsdk-net-ResourceManager/1.3.0 (.NET Core 3.1.28; Microsoft Windows 10.0.22000)",
        "x-ms-client-request-id": "0b7c526564670e5a40db17461b1e3bf4",
        "x-ms-return-client-request-id": "true"
      },
      "RequestBody": null,
      "StatusCode": 200,
      "ResponseHeaders": {
        "Cache-Control": "no-cache",
        "Content-Length": "747",
        "Content-Type": "application/json; charset=utf-8",
        "Date": "Fri, 19 Aug 2022 10:08:36 GMT",
        "Expires": "-1",
        "Pragma": "no-cache",
        "Strict-Transport-Security": "max-age=31536000; includeSubDomains",
        "X-Content-Type-Options": "nosniff",
        "x-ms-correlation-request-id": "ec1fdaa9-4f51-4563-b4e5-212d608d8aa1",
        "x-ms-ratelimit-remaining-subscription-reads": "11999",
        "x-ms-request-id": "ec1fdaa9-4f51-4563-b4e5-212d608d8aa1",
        "x-ms-routing-request-id": "SOUTHEASTASIA:20220819T100836Z:ec1fdaa9-4f51-4563-b4e5-212d608d8aa1"
      },
      "ResponseBody": {
        "id": "/subscriptions/db1ab6f0-4769-4b27-930e-01e2ef9c123c",
        "authorizationSource": "RoleBased",
        "managedByTenants": [],
        "tags": {
          "TagKey-9823": "TagValue-566",
          "TagKey-3481": "TagValue-320",
          "TagKey-4926": "TagValue-1187",
          "TagKey-751": "TagValue-3921",
          "TagKey-1866": "TagValue-8559",
          "TagKey-3094": "TagValue-9190",
          "TagKey-2449": "TagValue-9",
          "TagKey-8379": "TagValue-164",
          "TagKey-7470": "TagValue-2205",
          "TagKey-4236": "TagValue-3698",
          "TagKey-5316": "TagValue-2725"
        },
        "subscriptionId": "db1ab6f0-4769-4b27-930e-01e2ef9c123c",
        "tenantId": "72f988bf-86f1-41af-91ab-2d7cd011db47",
        "displayName": ".NET Mgmt SDK Test with TTL = 1 Day",
        "state": "Enabled",
        "subscriptionPolicies": {
          "locationPlacementId": "Internal_2014-09-01",
          "quotaId": "Internal_2014-09-01",
          "spendingLimit": "Off"
        }
      }
    },
    {
      "RequestUri": "https://management.azure.com/subscriptions/db1ab6f0-4769-4b27-930e-01e2ef9c123c/resourcegroups/MediaServiceRG743?api-version=2021-04-01",
      "RequestMethod": "PUT",
      "RequestHeaders": {
        "Accept": "application/json",
        "Authorization": "Sanitized",
        "Content-Length": "22",
        "Content-Type": "application/json",
        "traceparent": "00-2b4c20b9a5b01941a12f15c0d3ad3c4b-de22b2bb9e5e9941-00",
        "User-Agent": "azsdk-net-ResourceManager/1.3.0 (.NET Core 3.1.28; Microsoft Windows 10.0.22000)",
        "x-ms-client-request-id": "c9a0372436c0e1c4129925947ceb7281",
        "x-ms-return-client-request-id": "true"
      },
      "RequestBody": {
        "location": "westus2"
      },
      "StatusCode": 201,
      "ResponseHeaders": {
        "Cache-Control": "no-cache",
        "Content-Length": "232",
        "Content-Type": "application/json; charset=utf-8",
        "Date": "Fri, 19 Aug 2022 10:08:41 GMT",
        "Expires": "-1",
        "Pragma": "no-cache",
        "Strict-Transport-Security": "max-age=31536000; includeSubDomains",
        "X-Content-Type-Options": "nosniff",
        "x-ms-correlation-request-id": "c83d52f0-a6ed-45c6-b882-ed3a13cb29eb",
        "x-ms-ratelimit-remaining-subscription-writes": "1199",
        "x-ms-request-id": "c83d52f0-a6ed-45c6-b882-ed3a13cb29eb",
        "x-ms-routing-request-id": "SOUTHEASTASIA:20220819T100842Z:c83d52f0-a6ed-45c6-b882-ed3a13cb29eb"
      },
      "ResponseBody": {
        "id": "/subscriptions/db1ab6f0-4769-4b27-930e-01e2ef9c123c/resourceGroups/MediaServiceRG743",
        "name": "MediaServiceRG743",
        "type": "Microsoft.Resources/resourceGroups",
        "location": "westus2",
        "properties": {
          "provisioningState": "Succeeded"
        }
      }
    },
    {
      "RequestUri": "https://management.azure.com/subscriptions/db1ab6f0-4769-4b27-930e-01e2ef9c123c/resourceGroups/MediaServiceRG743/providers/Microsoft.Storage/storageAccounts/azstorageformedia5397?api-version=2022-05-01",
      "RequestMethod": "PUT",
      "RequestHeaders": {
        "Accept": "application/json",
        "Authorization": "Sanitized",
        "Content-Length": "107",
        "Content-Type": "application/json",
        "traceparent": "00-1cc9bb0d2ec40a45a828111fa2d7fe59-3cb80ac08489f042-00",
        "User-Agent": "azsdk-net-ResourceManager.Storage/1.0.0-alpha.20220819.1 (.NET Core 3.1.28; Microsoft Windows 10.0.22000)",
        "x-ms-client-request-id": "20f33975c46aff38762ccb34fa60c544",
        "x-ms-return-client-request-id": "true"
      },
      "RequestBody": {
        "sku": {
          "name": "Standard_LRS"
        },
        "kind": "BlobStorage",
        "location": "westus2",
        "properties": {
          "accessTier": "Hot"
        }
      },
      "StatusCode": 202,
      "ResponseHeaders": {
        "Cache-Control": "no-cache",
        "Content-Length": "0",
        "Content-Type": "text/plain; charset=utf-8",
        "Date": "Fri, 19 Aug 2022 10:08:49 GMT",
        "Expires": "-1",
        "Location": "https://management.azure.com/subscriptions/db1ab6f0-4769-4b27-930e-01e2ef9c123c/providers/Microsoft.Storage/locations/westus2/asyncoperations/abbdb62e-27d3-4582-bc95-81e44c4e82c1?monitor=true\u0026api-version=2022-05-01",
        "Pragma": "no-cache",
        "Retry-After": "17",
        "Server": "Microsoft-Azure-Storage-Resource-Provider/1.0,Microsoft-HTTPAPI/2.0 Microsoft-HTTPAPI/2.0",
        "Strict-Transport-Security": "max-age=31536000; includeSubDomains",
        "X-Content-Type-Options": "nosniff",
        "x-ms-client-request-id": "20f33975c46aff38762ccb34fa60c544",
        "x-ms-correlation-request-id": "7a405b86-f8bb-46a2-8383-dd066f5570b7",
        "x-ms-ratelimit-remaining-subscription-writes": "1198",
        "x-ms-request-id": "abbdb62e-27d3-4582-bc95-81e44c4e82c1",
        "x-ms-routing-request-id": "SOUTHEASTASIA:20220819T100849Z:7a405b86-f8bb-46a2-8383-dd066f5570b7"
      },
      "ResponseBody": null
    },
    {
      "RequestUri": "https://management.azure.com/subscriptions/db1ab6f0-4769-4b27-930e-01e2ef9c123c/providers/Microsoft.Storage/locations/westus2/asyncoperations/abbdb62e-27d3-4582-bc95-81e44c4e82c1?monitor=true\u0026api-version=2022-05-01",
      "RequestMethod": "GET",
      "RequestHeaders": {
        "Authorization": "Sanitized",
        "traceparent": "00-1cc9bb0d2ec40a45a828111fa2d7fe59-4292a7ad0f48d149-00",
        "User-Agent": "azsdk-net-ResourceManager/1.3.0 (.NET Core 3.1.28; Microsoft Windows 10.0.22000)",
        "x-ms-client-request-id": "02a83fc4c30072ba67c94a09f9ac1739",
        "x-ms-return-client-request-id": "true"
      },
      "RequestBody": null,
      "StatusCode": 202,
      "ResponseHeaders": {
        "Cache-Control": "no-cache",
        "Content-Length": "0",
        "Content-Type": "text/plain; charset=utf-8",
        "Date": "Fri, 19 Aug 2022 10:08:49 GMT",
        "Expires": "-1",
        "Location": "https://management.azure.com/subscriptions/db1ab6f0-4769-4b27-930e-01e2ef9c123c/providers/Microsoft.Storage/locations/westus2/asyncoperations/abbdb62e-27d3-4582-bc95-81e44c4e82c1?monitor=true\u0026api-version=2022-05-01",
        "Pragma": "no-cache",
        "Retry-After": "17",
        "Server": "Microsoft-Azure-Storage-Resource-Provider/1.0,Microsoft-HTTPAPI/2.0 Microsoft-HTTPAPI/2.0",
        "Strict-Transport-Security": "max-age=31536000; includeSubDomains",
        "X-Content-Type-Options": "nosniff",
        "x-ms-client-request-id": "02a83fc4c30072ba67c94a09f9ac1739",
        "x-ms-correlation-request-id": "5de8656a-9640-45cd-a7e1-dfb9313c2fce",
        "x-ms-ratelimit-remaining-subscription-reads": "11998",
        "x-ms-request-id": "723f1a4b-01a2-45c3-8304-fe0dbfd09d5b",
        "x-ms-routing-request-id": "SOUTHEASTASIA:20220819T100849Z:5de8656a-9640-45cd-a7e1-dfb9313c2fce"
      },
      "ResponseBody": null
    },
    {
      "RequestUri": "https://management.azure.com/subscriptions/db1ab6f0-4769-4b27-930e-01e2ef9c123c/providers/Microsoft.Storage/locations/westus2/asyncoperations/abbdb62e-27d3-4582-bc95-81e44c4e82c1?monitor=true\u0026api-version=2022-05-01",
      "RequestMethod": "GET",
      "RequestHeaders": {
        "Authorization": "Sanitized",
        "traceparent": "00-1cc9bb0d2ec40a45a828111fa2d7fe59-af29b7363597b544-00",
        "User-Agent": "azsdk-net-ResourceManager/1.3.0 (.NET Core 3.1.28; Microsoft Windows 10.0.22000)",
        "x-ms-client-request-id": "45e75060bcb0d1a21c3cf615fa0386b3",
        "x-ms-return-client-request-id": "true"
      },
      "RequestBody": null,
      "StatusCode": 200,
      "ResponseHeaders": {
        "Cache-Control": "no-cache",
        "Content-Length": "1277",
        "Content-Type": "application/json",
        "Date": "Fri, 19 Aug 2022 10:09:06 GMT",
        "Expires": "-1",
        "Pragma": "no-cache",
        "Server": "Microsoft-Azure-Storage-Resource-Provider/1.0,Microsoft-HTTPAPI/2.0 Microsoft-HTTPAPI/2.0",
        "Strict-Transport-Security": "max-age=31536000; includeSubDomains",
        "X-Content-Type-Options": "nosniff",
        "x-ms-client-request-id": "45e75060bcb0d1a21c3cf615fa0386b3",
        "x-ms-correlation-request-id": "94ee4461-1576-4ccc-9528-3bbd6ae20779",
        "x-ms-ratelimit-remaining-subscription-reads": "11997",
        "x-ms-request-id": "ce73e287-c43a-42c6-acb5-135eea82cd5e",
        "x-ms-routing-request-id": "SOUTHEASTASIA:20220819T100907Z:94ee4461-1576-4ccc-9528-3bbd6ae20779"
      },
      "ResponseBody": {
        "sku": {
          "name": "Standard_LRS",
          "tier": "Standard"
        },
        "kind": "BlobStorage",
        "id": "/subscriptions/db1ab6f0-4769-4b27-930e-01e2ef9c123c/resourceGroups/MediaServiceRG743/providers/Microsoft.Storage/storageAccounts/azstorageformedia5397",
        "name": "azstorageformedia5397",
        "type": "Microsoft.Storage/storageAccounts",
        "location": "westus2",
        "tags": {},
        "properties": {
          "keyCreationTime": {
            "key1": "2022-08-19T10:08:46.1898824Z",
            "key2": "2022-08-19T10:08:46.1898824Z"
          },
          "privateEndpointConnections": [],
          "minimumTlsVersion": "TLS1_0",
          "allowBlobPublicAccess": true,
          "networkAcls": {
            "bypass": "AzureServices",
            "virtualNetworkRules": [],
            "ipRules": [],
            "defaultAction": "Allow"
          },
          "supportsHttpsTrafficOnly": true,
          "encryption": {
            "services": {
              "file": {
                "keyType": "Account",
                "enabled": true,
                "lastEnabledTime": "2022-08-19T10:08:46.7367560Z"
              },
              "blob": {
                "keyType": "Account",
                "enabled": true,
                "lastEnabledTime": "2022-08-19T10:08:46.7367560Z"
              }
            },
            "keySource": "Microsoft.Storage"
          },
          "accessTier": "Hot",
          "provisioningState": "Succeeded",
          "creationTime": "2022-08-19T10:08:46.1117809Z",
          "primaryEndpoints": {
            "dfs": "https://azstorageformedia5397.dfs.core.windows.net/",
            "blob": "https://azstorageformedia5397.blob.core.windows.net/",
            "table": "https://azstorageformedia5397.table.core.windows.net/"
          },
          "primaryLocation": "westus2",
          "statusOfPrimary": "available"
        }
      }
    },
    {
      "RequestUri": "https://management.azure.com/subscriptions/db1ab6f0-4769-4b27-930e-01e2ef9c123c/resourceGroups/MediaServiceRG743/providers/Microsoft.Media/mediaservices/mediaservice2705?api-version=2021-11-01",
      "RequestMethod": "PUT",
      "RequestHeaders": {
        "Accept": "application/json",
        "Authorization": "Sanitized",
        "Content-Length": "244",
        "Content-Type": "application/json",
        "traceparent": "00-b1b3fee125fc2b44a32533c58639f7e1-34ad4cd24994b248-00",
        "User-Agent": "azsdk-net-ResourceManager.Media/1.0.0-alpha.20220819.1 (.NET Core 3.1.28; Microsoft Windows 10.0.22000)",
        "x-ms-client-request-id": "b7bb6f2543c3ebd14e5d6f5a12be7d3d",
        "x-ms-return-client-request-id": "true"
      },
      "RequestBody": {
        "tags": {},
        "location": "westus2",
        "properties": {
          "storageAccounts": [
            {
              "id": "/subscriptions/db1ab6f0-4769-4b27-930e-01e2ef9c123c/resourceGroups/MediaServiceRG743/providers/Microsoft.Storage/storageAccounts/azstorageformedia5397",
              "type": "Primary"
            }
          ]
        }
      },
      "StatusCode": 201,
      "ResponseHeaders": {
        "Azure-AsyncOperation": "https://management.azure.com/subscriptions/db1ab6f0-4769-4b27-930e-01e2ef9c123c/providers/Microsoft.Media/locations/westus2/mediaServicesOperationStatuses/ee2c88ec-0b06-4931-ab2f-b4ce695d8377?api-version=2021-11-01",
        "Cache-Control": "no-cache",
        "Content-Length": "847",
        "Content-Type": "application/json; odata.metadata=minimal",
        "Date": "Fri, 19 Aug 2022 10:09:13 GMT",
        "Expires": "-1",
        "Location": "https://management.azure.com/subscriptions/db1ab6f0-4769-4b27-930e-01e2ef9c123c/providers/Microsoft.Media/locations/westus2/mediaServicesOperationResults/ee2c88ec-0b06-4931-ab2f-b4ce695d8377?api-version=2021-11-01",
        "OData-Version": "4.0",
        "Pragma": "no-cache",
        "Retry-After": "30",
        "Server": "Microsoft-HTTPAPI/2.0",
        "Strict-Transport-Security": "max-age=31536000; includeSubDomains",
        "X-Content-Type-Options": "nosniff",
        "x-ms-client-request-id": "b7bb6f2543c3ebd14e5d6f5a12be7d3d",
        "x-ms-correlation-request-id": "2f21e65d-1d42-4a92-9a63-6ee26bc3278d",
        "x-ms-ratelimit-remaining-subscription-writes": "1197",
        "x-ms-request-id": "ab7e6caf-7dae-4dae-ba4c-7e1df3b7a781",
        "x-ms-routing-request-id": "SOUTHEASTASIA:20220819T100914Z:2f21e65d-1d42-4a92-9a63-6ee26bc3278d"
      },
      "ResponseBody": {
        "name": "mediaservice2705",
        "id": "/subscriptions/db1ab6f0-4769-4b27-930e-01e2ef9c123c/resourceGroups/MediaServiceRG743/providers/Microsoft.Media/mediaservices/mediaservice2705",
        "type": "Microsoft.Media/mediaservices",
        "location": "West US 2",
        "tags": {},
        "properties": {
          "mediaServiceId": "4902ab16-19f5-4d94-8142-c77567767eaa",
          "storageAccounts": [
            {
              "id": "/subscriptions/db1ab6f0-4769-4b27-930e-01e2ef9c123c/resourceGroups/MediaServiceRG743/providers/Microsoft.Storage/storageAccounts/azstorageformedia5397",
              "type": "Primary"
            }
          ],
          "storageAuthentication": "System",
          "keyDelivery": {
            "accessControl": {
              "defaultAction": "Allow",
              "ipAllowList": []
            }
          },
          "publicNetworkAccess": "Enabled",
          "provisioningState": "InProgress",
          "privateEndpointConnections": []
        }
      }
    },
    {
      "RequestUri": "https://management.azure.com/subscriptions/db1ab6f0-4769-4b27-930e-01e2ef9c123c/providers/Microsoft.Media/locations/westus2/mediaServicesOperationStatuses/ee2c88ec-0b06-4931-ab2f-b4ce695d8377?api-version=2021-11-01",
      "RequestMethod": "GET",
      "RequestHeaders": {
        "Authorization": "Sanitized",
        "traceparent": "00-b1b3fee125fc2b44a32533c58639f7e1-4aee28bcedb06c44-00",
        "User-Agent": "azsdk-net-ResourceManager/1.3.0 (.NET Core 3.1.28; Microsoft Windows 10.0.22000)",
        "x-ms-client-request-id": "3dd4ce96825c0c9d1559615e3277097d",
        "x-ms-return-client-request-id": "true"
      },
      "RequestBody": null,
      "StatusCode": 200,
      "ResponseHeaders": {
        "Cache-Control": "no-cache",
        "Content-Length": "328",
        "Content-Type": "application/json; odata.metadata=minimal; odata.streaming=true",
        "Date": "Fri, 19 Aug 2022 10:09:13 GMT",
        "Expires": "-1",
        "OData-Version": "4.0",
        "Pragma": "no-cache",
        "Server": "Microsoft-HTTPAPI/2.0",
        "Strict-Transport-Security": "max-age=31536000; includeSubDomains",
        "X-Content-Type-Options": "nosniff",
        "x-ms-client-request-id": "3dd4ce96825c0c9d1559615e3277097d",
        "x-ms-correlation-request-id": "8db8015d-7f86-44f3-8dc6-c1c1b3b2ce16",
        "x-ms-ratelimit-remaining-subscription-reads": "11996",
        "x-ms-request-id": "b955556f-33c7-429f-aacb-28e476c268d8",
        "x-ms-routing-request-id": "SOUTHEASTASIA:20220819T100914Z:8db8015d-7f86-44f3-8dc6-c1c1b3b2ce16"
      },
      "ResponseBody": {
        "name": "ee2c88ec-0b06-4931-ab2f-b4ce695d8377",
        "id": "/subscriptions/db1ab6f0-4769-4b27-930e-01e2ef9c123c/providers/Microsoft.Media/locations/westus2/mediaServicesOperationStatuses/ee2c88ec-0b06-4931-ab2f-b4ce695d8377",
        "startTime": "2022-08-19T10:09:13.1309942Z",
        "endTime": "2022-08-19T10:09:13.600374Z",
        "status": "Succeeded"
      }
    },
    {
      "RequestUri": "https://management.azure.com/subscriptions/db1ab6f0-4769-4b27-930e-01e2ef9c123c/resourceGroups/MediaServiceRG743/providers/Microsoft.Media/mediaservices/mediaservice2705?api-version=2021-11-01",
      "RequestMethod": "GET",
      "RequestHeaders": {
        "Authorization": "Sanitized",
        "traceparent": "00-b1b3fee125fc2b44a32533c58639f7e1-21c045283a79e843-00",
        "User-Agent": "azsdk-net-ResourceManager/1.3.0 (.NET Core 3.1.28; Microsoft Windows 10.0.22000)",
        "x-ms-client-request-id": "2f69d879d65c2f8f661ddfdd7f0547d6",
        "x-ms-return-client-request-id": "true"
      },
      "RequestBody": null,
      "StatusCode": 200,
      "ResponseHeaders": {
        "Cache-Control": "no-cache",
        "Content-Length": "874",
        "Content-Type": "application/json; odata.metadata=minimal; odata.streaming=true",
        "Date": "Fri, 19 Aug 2022 10:09:14 GMT",
        "Expires": "-1",
        "OData-Version": "4.0",
        "Pragma": "no-cache",
        "Server": "Microsoft-HTTPAPI/2.0",
        "Strict-Transport-Security": "max-age=31536000; includeSubDomains",
        "X-Content-Type-Options": "nosniff",
        "x-ms-client-request-id": "2f69d879d65c2f8f661ddfdd7f0547d6",
        "x-ms-correlation-request-id": "61e3ed8d-506b-43d7-8048-e6f24422e433",
        "x-ms-ratelimit-remaining-subscription-reads": "11995",
        "x-ms-request-id": "b62f9e36-6c27-461d-8a28-e271df74a2f3",
        "x-ms-routing-request-id": "SOUTHEASTASIA:20220819T100914Z:61e3ed8d-506b-43d7-8048-e6f24422e433"
      },
      "ResponseBody": {
        "name": "mediaservice2705",
        "id": "/subscriptions/db1ab6f0-4769-4b27-930e-01e2ef9c123c/resourceGroups/MediaServiceRG743/providers/Microsoft.Media/mediaservices/mediaservice2705",
        "type": "Microsoft.Media/mediaservices",
        "location": "West US 2",
        "properties": {
          "mediaServiceId": "4902ab16-19f5-4d94-8142-c77567767eaa",
          "storageAccounts": [
            {
              "id": "/subscriptions/db1ab6f0-4769-4b27-930e-01e2ef9c123c/resourceGroups/MediaServiceRG743/providers/Microsoft.Storage/storageAccounts/azstorageformedia5397",
              "type": "Primary"
            }
          ],
          "storageAuthentication": "System",
          "encryption": {
            "type": "SystemKey"
          },
          "keyDelivery": {
            "accessControl": {
              "defaultAction": "Allow",
              "ipAllowList": []
            }
          },
          "publicNetworkAccess": "Enabled",
          "provisioningState": "Succeeded",
          "privateEndpointConnections": []
        }
      }
    }
  ],
  "Variables": {
    "AZURE_AUTHORITY_HOST": "https://login.microsoftonline.com",
    "RandomSeed": "1240946263",
    "RESOURCE_MANAGER_URL": null,
    "SUBSCRIPTION_ID": "db1ab6f0-4769-4b27-930e-01e2ef9c123c"
  }
}
