{
  "Entries": [
    {
      "RequestUri": "https://camaiaor-formrec-eastus.cognitiveservices.azure.com/formrecognizer/documentModels:build?api-version=2023-02-28-preview",
      "RequestMethod": "POST",
      "RequestHeaders": {
        "Accept": "application/json",
        "Content-Length": "122",
        "Content-Type": "application/json",
        "Ocp-Apim-Subscription-Key": "Sanitized",
        "traceparent": "00-91df8a451203f95921fba9772eacdd1f-17fe9281750b64a4-00",
        "User-Agent": "azsdk-net-AI.FormRecognizer/4.1.0-alpha.20230326.1 (.NET 7.0.4; Microsoft Windows 10.0.22621)",
        "x-ms-client-request-id": "1e48c010923391ff7ab3aa1e6fe33d71",
        "x-ms-return-client-request-id": "true"
      },
      "RequestBody": {
        "modelId": "32612544",
        "buildMode": "template",
        "azureBlobSource": {
          "containerUrl": "https://sanitized.blob.core.windows.net"
        }
      },
      "StatusCode": 202,
      "ResponseHeaders": {
        "apim-request-id": "5c61af16-b0e6-4ae9-bcbb-03fde160bb22",
        "Content-Length": "0",
        "Date": "Mon, 27 Mar 2023 08:33:30 GMT",
        "operation-location": "https://camaiaor-formrec-eastus.cognitiveservices.azure.com/formrecognizer/operations/31486461991_5c61af16-b0e6-4ae9-bcbb-03fde160bb22?api-version=2023-02-28-preview",
        "Strict-Transport-Security": "max-age=31536000; includeSubDomains; preload",
        "X-Content-Type-Options": "nosniff",
        "x-envoy-upstream-service-time": "1775",
        "x-ms-region": "East US"
      },
      "ResponseBody": null
    },
    {
      "RequestUri": "https://camaiaor-formrec-eastus.cognitiveservices.azure.com/formrecognizer/operations/31486461991_5c61af16-b0e6-4ae9-bcbb-03fde160bb22?api-version=2023-02-28-preview",
      "RequestMethod": "GET",
      "RequestHeaders": {
        "Accept": "application/json",
        "Ocp-Apim-Subscription-Key": "Sanitized",
        "traceparent": "00-91df8a451203f95921fba9772eacdd1f-79c5af770b730c1a-00",
        "User-Agent": "azsdk-net-AI.FormRecognizer/4.1.0-alpha.20230326.1 (.NET 7.0.4; Microsoft Windows 10.0.22621)",
        "x-ms-client-request-id": "33ad5ed8aeab9bfb639a302ea521fb87",
        "x-ms-return-client-request-id": "true"
      },
      "RequestBody": null,
      "StatusCode": 200,
      "ResponseHeaders": {
        "apim-request-id": "438894f5-eea2-410e-b350-5255bd5aa164",
        "Content-Type": "application/json; charset=utf-8",
        "Date": "Mon, 27 Mar 2023 08:33:30 GMT",
        "Strict-Transport-Security": "max-age=31536000; includeSubDomains; preload",
        "Transfer-Encoding": "chunked",
        "X-Content-Type-Options": "nosniff",
        "x-envoy-upstream-service-time": "14",
        "x-ms-region": "East US"
      },
      "ResponseBody": {
        "operationId": "31486461991_5c61af16-b0e6-4ae9-bcbb-03fde160bb22",
        "kind": "documentModelBuild",
        "status": "notStarted",
        "createdDateTime": "2023-03-27T08:33:28Z",
        "lastUpdatedDateTime": "2023-03-27T08:33:28Z",
        "resourceLocation": "https://camaiaor-formrec-eastus.cognitiveservices.azure.com/formrecognizer/documentModels/32612544?api-version=2023-02-28-preview"
      }
    },
    {
      "RequestUri": "https://camaiaor-formrec-eastus.cognitiveservices.azure.com/formrecognizer/operations/31486461991_5c61af16-b0e6-4ae9-bcbb-03fde160bb22?api-version=2023-02-28-preview",
      "RequestMethod": "GET",
      "RequestHeaders": {
        "Accept": "application/json",
        "Ocp-Apim-Subscription-Key": "Sanitized",
        "traceparent": "00-91df8a451203f95921fba9772eacdd1f-1a22e31e85d53998-00",
        "User-Agent": "azsdk-net-AI.FormRecognizer/4.1.0-alpha.20230326.1 (.NET 7.0.4; Microsoft Windows 10.0.22621)",
        "x-ms-client-request-id": "2a84d1cf7e5606401e1a511a9fc4d6ac",
        "x-ms-return-client-request-id": "true"
      },
      "RequestBody": null,
      "StatusCode": 200,
      "ResponseHeaders": {
        "apim-request-id": "4703fa5f-5f95-4d14-89ba-f2e795899877",
        "Content-Type": "application/json; charset=utf-8",
        "Date": "Mon, 27 Mar 2023 08:33:31 GMT",
        "Strict-Transport-Security": "max-age=31536000; includeSubDomains; preload",
        "Transfer-Encoding": "chunked",
        "X-Content-Type-Options": "nosniff",
        "x-envoy-upstream-service-time": "14",
        "x-ms-region": "East US"
      },
      "ResponseBody": {
        "operationId": "31486461991_5c61af16-b0e6-4ae9-bcbb-03fde160bb22",
        "kind": "documentModelBuild",
        "status": "running",
        "createdDateTime": "2023-03-27T08:33:28Z",
        "lastUpdatedDateTime": "2023-03-27T08:33:30Z",
        "resourceLocation": "https://camaiaor-formrec-eastus.cognitiveservices.azure.com/formrecognizer/documentModels/32612544?api-version=2023-02-28-preview"
      }
    },
    {
      "RequestUri": "https://camaiaor-formrec-eastus.cognitiveservices.azure.com/formrecognizer/operations/31486461991_5c61af16-b0e6-4ae9-bcbb-03fde160bb22?api-version=2023-02-28-preview",
      "RequestMethod": "GET",
      "RequestHeaders": {
        "Accept": "application/json",
        "Ocp-Apim-Subscription-Key": "Sanitized",
        "traceparent": "00-91df8a451203f95921fba9772eacdd1f-36009bb090594b1a-00",
        "User-Agent": "azsdk-net-AI.FormRecognizer/4.1.0-alpha.20230326.1 (.NET 7.0.4; Microsoft Windows 10.0.22621)",
        "x-ms-client-request-id": "6deb260a9d7c6114c4adba9961d0ec58",
        "x-ms-return-client-request-id": "true"
      },
      "RequestBody": null,
      "StatusCode": 200,
      "ResponseHeaders": {
        "apim-request-id": "3de9348c-9562-49c2-910f-bdee505dce90",
        "Content-Type": "application/json; charset=utf-8",
        "Date": "Mon, 27 Mar 2023 08:33:32 GMT",
        "Strict-Transport-Security": "max-age=31536000; includeSubDomains; preload",
        "Transfer-Encoding": "chunked",
        "X-Content-Type-Options": "nosniff",
        "x-envoy-upstream-service-time": "16",
        "x-ms-region": "East US"
      },
      "ResponseBody": {
        "operationId": "31486461991_5c61af16-b0e6-4ae9-bcbb-03fde160bb22",
        "kind": "documentModelBuild",
        "status": "succeeded",
        "createdDateTime": "2023-03-27T08:33:28Z",
        "lastUpdatedDateTime": "2023-03-27T08:33:32Z",
        "resourceLocation": "https://camaiaor-formrec-eastus.cognitiveservices.azure.com/formrecognizer/documentModels/32612544?api-version=2023-02-28-preview",
        "percentCompleted": 100,
        "result": {
          "docTypes": {
            "32612544": {
              "fieldSchema": {
                "Merchant": {
                  "type": "string"
                },
                "PhoneNumber": {
                  "type": "string"
                },
                "Website": {
                  "type": "string"
                },
                "Email": {
                  "type": "string"
                },
                "PurchaseOrderNumber": {
                  "type": "string"
                },
                "DatedAs": {
                  "type": "string"
                },
                "VendorName": {
                  "type": "string"
                },
                "CompanyName": {
                  "type": "string"
                },
                "CompanyAddress": {
                  "type": "string"
                },
                "CompanyPhoneNumber": {
                  "type": "string"
                },
                "Subtotal": {
                  "type": "string"
                },
                "Tax": {
                  "type": "string"
                },
                "Total": {
                  "type": "string"
                },
                "Signature": {
                  "type": "string"
                },
                "Quantity": {
                  "type": "number"
                },
                "FullSignature": {
                  "type": "signature"
                }
              },
              "buildMode": "template",
              "fieldConfidence": {
                "CompanyAddress": 0.8,
                "CompanyName": 0.995,
                "CompanyPhoneNumber": 0.995,
                "DatedAs": 0.995,
                "Email": 0.8,
                "FullSignature": 0.6,
                "Merchant": 0.995,
                "PhoneNumber": 0.995,
                "PurchaseOrderNumber": 0.995,
                "Quantity": 0.995,
                "Signature": 0.995,
                "Subtotal": 0.995,
                "Tax": 0.995,
                "Total": 0.995,
                "VendorName": 0.995,
                "Website": 0.995
              }
            }
          },
          "modelId": "32612544",
          "createdDateTime": "2023-03-27T08:33:32Z",
          "expirationDateTime": "2025-03-26T08:33:32Z",
          "apiVersion": "2023-02-28-preview"
        }
      }
    },
    {
      "RequestUri": "https://camaiaor-formrec-eastus.cognitiveservices.azure.com/formrecognizer/documentModels/32612544:analyze?stringIndexType=utf16CodeUnit\u0026api-version=2023-02-28-preview",
      "RequestMethod": "POST",
      "RequestHeaders": {
        "Accept": "application/json",
        "Content-Length": "37",
        "Content-Type": "application/json",
        "Ocp-Apim-Subscription-Key": "Sanitized",
        "traceparent": "00-ead141aeea8f1d8de8577f5a8719cf55-8ec4b9a6ae9b54ec-00",
        "User-Agent": "azsdk-net-AI.FormRecognizer/4.1.0-alpha.20230326.1 (.NET 7.0.4; Microsoft Windows 10.0.22621)",
        "x-ms-client-request-id": "9e4f22b7125e591b1ea614915ce0fb9f",
        "x-ms-return-client-request-id": "true"
      },
      "RequestBody": {
        "urlSource": "https://idont.ex.ist/"
      },
      "StatusCode": 400,
      "ResponseHeaders": {
        "apim-request-id": "538655b7-8a18-41ef-9738-642bfdef2b92",
        "Content-Length": "221",
        "Content-Type": "application/json; charset=utf-8",
        "Date": "Mon, 27 Mar 2023 08:33:33 GMT",
        "ms-azure-ai-errorcode": "InvalidRequest",
        "Strict-Transport-Security": "max-age=31536000; includeSubDomains; preload",
        "X-Content-Type-Options": "nosniff",
        "x-envoy-upstream-service-time": "497",
        "x-ms-region": "East US"
      },
      "ResponseBody": {
        "error": {
          "code": "InvalidRequest",
          "message": "Invalid request.",
          "innererror": {
            "code": "InvalidContent",
            "message": "The file is corrupted or format is unsupported. Refer to documentation for the list of supported formats."
          }
        }
      }
    },
    {
      "RequestUri": "https://camaiaor-formrec-eastus.cognitiveservices.azure.com/formrecognizer/documentModels/32612544?api-version=2023-02-28-preview",
      "RequestMethod": "DELETE",
      "RequestHeaders": {
        "Accept": "application/json",
        "Ocp-Apim-Subscription-Key": "Sanitized",
        "traceparent": "00-4f44e347680a50c3dd6be448e21fe4ea-b9d9e899b51d6248-00",
        "User-Agent": "azsdk-net-AI.FormRecognizer/4.1.0-alpha.20230326.1 (.NET 7.0.4; Microsoft Windows 10.0.22621)",
        "x-ms-client-request-id": "7f2383c38d35320bbd2266a9c3a7a44d",
        "x-ms-return-client-request-id": "true"
      },
      "RequestBody": null,
      "StatusCode": 204,
      "ResponseHeaders": {
        "apim-request-id": "17399487-a43b-4b1b-bc57-cafa6f1c7ea2",
        "Content-Length": "0",
        "Date": "Mon, 27 Mar 2023 08:33:33 GMT",
        "Strict-Transport-Security": "max-age=31536000; includeSubDomains; preload",
        "X-Content-Type-Options": "nosniff",
        "x-envoy-upstream-service-time": "101",
        "x-ms-region": "East US"
      },
      "ResponseBody": null
    }
  ],
  "Variables": {
    "FORM_RECOGNIZER_API_KEY": "Sanitized",
    "FORM_RECOGNIZER_BLOB_CONTAINER_SAS_URL": "https://sanitized.blob.core.windows.net",
    "FORM_RECOGNIZER_ENDPOINT": "https://camaiaor-formrec-eastus.cognitiveservices.azure.com/",
    "RandomSeed": "2024097674"
  }
}
