{
  "Entries": [
    {
      "RequestUri": "https://camaiaor-formrec-canadacentral.cognitiveservices.azure.com/formrecognizer/documentModels/prebuilt-read:analyze?stringIndexType=utf16CodeUnit\u0026api-version=2022-08-31",
      "RequestMethod": "POST",
      "RequestHeaders": {
        "Accept": "application/json",
        "Content-Length": "147362",
        "Content-Type": "application/octet-stream",
        "Ocp-Apim-Subscription-Key": "Sanitized",
        "traceparent": "00-cf84bf753f56d73589a82dc38e86d260-e94041ca438697bc-00",
        "User-Agent": "azsdk-net-AI.FormRecognizer/4.0.0-alpha.20220815.1 (.NET 6.0.8; Microsoft Windows 10.0.22000)",
        "x-ms-client-request-id": "3dcdb27ae99ebca500ec60601870a4e5",
        "x-ms-return-client-request-id": "true"
      },
      "RequestBody": null,
      "StatusCode": 202,
      "ResponseHeaders": {
        "apim-request-id": "b909b7aa-289d-438a-b004-ee801cc1642b",
        "Content-Length": "0",
        "Date": "Tue, 16 Aug 2022 05:52:02 GMT",
        "Operation-Location": "https://camaiaor-formrec-canadacentral.cognitiveservices.azure.com/formrecognizer/documentModels/prebuilt-read/analyzeResults/b909b7aa-289d-438a-b004-ee801cc1642b?api-version=2022-08-31",
        "Strict-Transport-Security": "max-age=31536000; includeSubDomains; preload",
        "X-Content-Type-Options": "nosniff",
        "x-envoy-upstream-service-time": "112"
      },
      "ResponseBody": null
    },
    {
      "RequestUri": "https://camaiaor-formrec-canadacentral.cognitiveservices.azure.com/formrecognizer/documentModels/prebuilt-read/analyzeResults/b909b7aa-289d-438a-b004-ee801cc1642b?api-version=2022-08-31",
      "RequestMethod": "GET",
      "RequestHeaders": {
        "Accept": "application/json",
        "Ocp-Apim-Subscription-Key": "Sanitized",
        "traceparent": "00-cf84bf753f56d73589a82dc38e86d260-f6367eb99d1de7ec-00",
        "User-Agent": "azsdk-net-AI.FormRecognizer/4.0.0-alpha.20220815.1 (.NET 6.0.8; Microsoft Windows 10.0.22000)",
        "x-ms-client-request-id": "e7527fea0c407be035dbe86ee95415eb",
        "x-ms-return-client-request-id": "true"
      },
      "RequestBody": null,
      "StatusCode": 200,
      "ResponseHeaders": {
        "apim-request-id": "85ead799-51da-4ae0-be02-ee2f344ec97a",
        "Content-Length": "106",
        "Content-Type": "application/json; charset=utf-8",
        "Date": "Tue, 16 Aug 2022 05:52:02 GMT",
        "Strict-Transport-Security": "max-age=31536000; includeSubDomains; preload",
        "X-Content-Type-Options": "nosniff",
        "x-envoy-upstream-service-time": "15"
      },
      "ResponseBody": {
        "status": "running",
        "createdDateTime": "2022-08-16T05:52:03Z",
        "lastUpdatedDateTime": "2022-08-16T05:52:03Z"
      }
    },
    {
      "RequestUri": "https://camaiaor-formrec-canadacentral.cognitiveservices.azure.com/formrecognizer/documentModels/prebuilt-read/analyzeResults/b909b7aa-289d-438a-b004-ee801cc1642b?api-version=2022-08-31",
      "RequestMethod": "GET",
      "RequestHeaders": {
        "Accept": "application/json",
        "Ocp-Apim-Subscription-Key": "Sanitized",
        "traceparent": "00-cf84bf753f56d73589a82dc38e86d260-78d3458f8c8e4a18-00",
        "User-Agent": "azsdk-net-AI.FormRecognizer/4.0.0-alpha.20220815.1 (.NET 6.0.8; Microsoft Windows 10.0.22000)",
        "x-ms-client-request-id": "e71b2d404ff7938040b6a7db88a5cda9",
        "x-ms-return-client-request-id": "true"
      },
      "RequestBody": null,
      "StatusCode": 200,
      "ResponseHeaders": {
        "apim-request-id": "b7c42c52-c2d0-46a0-abca-4660bb7f04d7",
        "Content-Length": "106",
        "Content-Type": "application/json; charset=utf-8",
        "Date": "Tue, 16 Aug 2022 05:52:03 GMT",
        "Strict-Transport-Security": "max-age=31536000; includeSubDomains; preload",
        "X-Content-Type-Options": "nosniff",
        "x-envoy-upstream-service-time": "20"
      },
      "ResponseBody": {
        "status": "running",
        "createdDateTime": "2022-08-16T05:52:03Z",
        "lastUpdatedDateTime": "2022-08-16T05:52:03Z"
      }
    },
    {
      "RequestUri": "https://camaiaor-formrec-canadacentral.cognitiveservices.azure.com/formrecognizer/documentModels/prebuilt-read/analyzeResults/b909b7aa-289d-438a-b004-ee801cc1642b?api-version=2022-08-31",
      "RequestMethod": "GET",
      "RequestHeaders": {
        "Accept": "application/json",
        "Ocp-Apim-Subscription-Key": "Sanitized",
        "traceparent": "00-cf84bf753f56d73589a82dc38e86d260-fec50ddcb9556e5a-00",
        "User-Agent": "azsdk-net-AI.FormRecognizer/4.0.0-alpha.20220815.1 (.NET 6.0.8; Microsoft Windows 10.0.22000)",
        "x-ms-client-request-id": "c99c770728c96d20d15107c30137d3ac",
        "x-ms-return-client-request-id": "true"
      },
      "RequestBody": null,
      "StatusCode": 200,
      "ResponseHeaders": {
        "apim-request-id": "00ab5f2b-ba96-40b7-b03c-ca9c99fa6738",
        "Content-Length": "106",
        "Content-Type": "application/json; charset=utf-8",
        "Date": "Tue, 16 Aug 2022 05:52:05 GMT",
        "Strict-Transport-Security": "max-age=31536000; includeSubDomains; preload",
        "X-Content-Type-Options": "nosniff",
        "x-envoy-upstream-service-time": "30"
      },
      "ResponseBody": {
        "status": "running",
        "createdDateTime": "2022-08-16T05:52:03Z",
        "lastUpdatedDateTime": "2022-08-16T05:52:03Z"
      }
    },
    {
      "RequestUri": "https://camaiaor-formrec-canadacentral.cognitiveservices.azure.com/formrecognizer/documentModels/prebuilt-read/analyzeResults/b909b7aa-289d-438a-b004-ee801cc1642b?api-version=2022-08-31",
      "RequestMethod": "GET",
      "RequestHeaders": {
        "Accept": "application/json",
        "Ocp-Apim-Subscription-Key": "Sanitized",
        "traceparent": "00-cf84bf753f56d73589a82dc38e86d260-b9bdd53ab194551e-00",
        "User-Agent": "azsdk-net-AI.FormRecognizer/4.0.0-alpha.20220815.1 (.NET 6.0.8; Microsoft Windows 10.0.22000)",
        "x-ms-client-request-id": "eb2074d6bd549beefebea68a6505f390",
        "x-ms-return-client-request-id": "true"
      },
      "RequestBody": null,
      "StatusCode": 200,
      "ResponseHeaders": {
        "apim-request-id": "955f3df1-7da5-459d-a207-13af5dba7a08",
        "Content-Length": "106",
        "Content-Type": "application/json; charset=utf-8",
        "Date": "Tue, 16 Aug 2022 05:52:06 GMT",
        "Strict-Transport-Security": "max-age=31536000; includeSubDomains; preload",
        "X-Content-Type-Options": "nosniff",
        "x-envoy-upstream-service-time": "20"
      },
      "ResponseBody": {
        "status": "running",
        "createdDateTime": "2022-08-16T05:52:03Z",
        "lastUpdatedDateTime": "2022-08-16T05:52:03Z"
      }
    },
    {
      "RequestUri": "https://camaiaor-formrec-canadacentral.cognitiveservices.azure.com/formrecognizer/documentModels/prebuilt-read/analyzeResults/b909b7aa-289d-438a-b004-ee801cc1642b?api-version=2022-08-31",
      "RequestMethod": "GET",
      "RequestHeaders": {
        "Accept": "application/json",
        "Ocp-Apim-Subscription-Key": "Sanitized",
        "traceparent": "00-cf84bf753f56d73589a82dc38e86d260-6ab257ff91e36104-00",
        "User-Agent": "azsdk-net-AI.FormRecognizer/4.0.0-alpha.20220815.1 (.NET 6.0.8; Microsoft Windows 10.0.22000)",
        "x-ms-client-request-id": "71663f0d4cb817220dae16a547bc9109",
        "x-ms-return-client-request-id": "true"
      },
      "RequestBody": null,
      "StatusCode": 200,
      "ResponseHeaders": {
        "apim-request-id": "97a11396-d791-4dc4-8942-9898d84ccf6e",
        "Content-Length": "10338",
        "Content-Type": "application/json; charset=utf-8",
        "Date": "Tue, 16 Aug 2022 05:52:07 GMT",
        "Strict-Transport-Security": "max-age=31536000; includeSubDomains; preload",
        "X-Content-Type-Options": "nosniff",
        "x-envoy-upstream-service-time": "37"
      },
      "ResponseBody": {
        "status": "succeeded",
        "createdDateTime": "2022-08-16T05:52:03Z",
        "lastUpdatedDateTime": "2022-08-16T05:52:06Z",
        "analyzeResult": {
          "apiVersion": "2022-08-31",
          "modelId": "prebuilt-read",
          "stringIndexType": "utf16CodeUnit",
          "content": "Contoso\nAddress:\n1 Redmond way Suite\n6000 Redmond, WA\n99243\nInvoice For: Microsoft 1020 Enterprise Way Sunnayvale, CA 87659\nInvoice Number\nInvoice Date\nInvoice Due Date\nCharges\nVAT ID\n34278587\n6/18/2017\n6/24/2017\n$56,651.49 PT",
          "pages": [
            {
              "pageNumber": 1,
              "angle": 0,
              "width": 8.5,
              "height": 11,
              "unit": "inch",
              "words": [
                {
                  "content": "Contoso",
                  "polygon": [
                    0.5384,
                    1.1583,
                    1.4466,
                    1.1583,
                    1.4466,
                    1.3534,
                    0.5384,
                    1.3534
                  ],
                  "confidence": 1,
                  "span": {
                    "offset": 0,
                    "length": 7
                  }
                },
                {
                  "content": "Address:",
                  "polygon": [
                    0.7994,
                    1.5143,
                    1.3836,
                    1.5143,
                    1.3836,
                    1.6154,
                    0.7994,
                    1.6154
                  ],
                  "confidence": 1,
                  "span": {
                    "offset": 8,
                    "length": 8
                  }
                },
                {
                  "content": "1",
                  "polygon": [
                    0.8106,
                    1.708,
                    0.8463,
                    1.708,
                    0.8463,
                    1.8053,
                    0.8106,
                    1.8053
                  ],
                  "confidence": 1,
                  "span": {
                    "offset": 17,
                    "length": 1
                  }
                },
                {
                  "content": "Redmond",
                  "polygon": [
                    0.923,
                    1.7047,
                    1.5018,
                    1.7047,
                    1.5018,
                    1.8068,
                    0.923,
                    1.8068
                  ],
                  "confidence": 1,
                  "span": {
                    "offset": 19,
                    "length": 7
                  }
                },
                {
                  "content": "way",
                  "polygon": [
                    1.5506,
                    1.7309,
                    1.7949,
                    1.7309,
                    1.7949,
                    1.8342,
                    1.5506,
                    1.8342
                  ],
                  "confidence": 1,
                  "span": {
                    "offset": 27,
                    "length": 3
                  }
                },
                {
                  "content": "Suite",
                  "polygon": [
                    1.8415,
                    1.7033,
                    2.1445,
                    1.7033,
                    2.1445,
                    1.8078,
                    1.8415,
                    1.8078
                  ],
                  "confidence": 1,
                  "span": {
                    "offset": 31,
                    "length": 5
                  }
                },
                {
                  "content": "6000",
                  "polygon": [
                    0.8019,
                    1.896,
                    1.0991,
                    1.896,
                    1.0991,
                    1.9994,
                    0.8019,
                    1.9994
                  ],
                  "confidence": 1,
                  "span": {
                    "offset": 37,
                    "length": 4
                  }
                },
                {
                  "content": "Redmond,",
                  "polygon": [
                    1.1537,
                    1.8964,
                    1.7689,
                    1.8964,
                    1.7689,
                    2.0171,
                    1.1537,
                    2.0171
                  ],
                  "confidence": 1,
                  "span": {
                    "offset": 42,
                    "length": 8
                  }
                },
                {
                  "content": "WA",
                  "polygon": [
                    1.8196,
                    1.8976,
                    2.0384,
                    1.8976,
                    2.0384,
                    1.9969,
                    1.8196,
                    1.9969
                  ],
                  "confidence": 1,
                  "span": {
                    "offset": 51,
                    "length": 2
                  }
                },
                {
                  "content": "99243",
                  "polygon": [
                    0.8025,
                    2.0876,
                    1.175,
                    2.0876,
                    1.175,
                    2.1911,
                    0.8025,
                    2.1911
                  ],
                  "confidence": 1,
                  "span": {
                    "offset": 54,
                    "length": 5
                  }
                },
                {
                  "content": "Invoice",
                  "polygon": [
                    4.4033,
                    1.5143,
                    4.8234,
                    1.5143,
                    4.8234,
                    1.6155,
                    4.4033,
                    1.6155
                  ],
                  "confidence": 1,
                  "span": {
                    "offset": 60,
                    "length": 7
                  }
                },
                {
                  "content": "For:",
                  "polygon": [
                    4.8793,
                    1.5143,
                    5.1013,
                    1.5143,
                    5.1013,
                    1.6154,
                    4.8793,
                    1.6154
                  ],
                  "confidence": 1,
                  "span": {
                    "offset": 68,
                    "length": 4
                  }
                },
                {
                  "content": "Microsoft",
                  "polygon": [
                    5.2045,
                    1.5114,
                    5.8155,
                    1.5114,
                    5.8155,
                    1.6151,
                    5.2045,
                    1.6151
                  ],
                  "confidence": 1,
                  "span": {
                    "offset": 73,
                    "length": 9
                  }
                },
                {
                  "content": "1020",
                  "polygon": [
                    5.2036,
                    1.716,
                    5.4935,
                    1.716,
                    5.4935,
                    1.8185,
                    5.2036,
                    1.8185
                  ],
                  "confidence": 1,
                  "span": {
                    "offset": 83,
                    "length": 4
                  }
                },
                {
                  "content": "Enterprise",
                  "polygon": [
                    5.5488,
                    1.7164,
                    6.2178,
                    1.7164,
                    6.2178,
                    1.8441,
                    5.5488,
                    1.8441
                  ],
                  "confidence": 1,
                  "span": {
                    "offset": 88,
                    "length": 10
                  }
                },
                {
                  "content": "Way",
                  "polygon": [
                    6.2618,
                    1.7164,
                    6.5436,
                    1.7164,
                    6.5436,
                    1.8459,
                    6.2618,
                    1.8459
                  ],
                  "confidence": 1,
                  "span": {
                    "offset": 99,
                    "length": 3
                  }
                },
                {
                  "content": "Sunnayvale,",
                  "polygon": [
                    5.196,
                    1.9047,
                    5.9894,
                    1.9047,
                    5.9894,
                    2.0359,
                    5.196,
                    2.0359
                  ],
                  "confidence": 1,
                  "span": {
                    "offset": 103,
                    "length": 11
                  }
                },
                {
                  "content": "CA",
                  "polygon": [
                    6.0427,
                    1.9047,
                    6.2354,
                    1.9047,
                    6.2354,
                    2.0085,
                    6.0427,
                    2.0085
                  ],
                  "confidence": 1,
                  "span": {
                    "offset": 115,
                    "length": 2
                  }
                },
                {
                  "content": "87659",
                  "polygon": [
                    6.2801,
                    1.906,
                    6.6526,
                    1.906,
                    6.6526,
                    2.0086,
                    6.2801,
                    2.0086
                  ],
                  "confidence": 1,
                  "span": {
                    "offset": 118,
                    "length": 5
                  }
                },
                {
                  "content": "Invoice",
                  "polygon": [
                    0.5439,
                    2.8733,
                    1.0098,
                    2.8733,
                    1.0098,
                    2.9754,
                    0.5439,
                    2.9754
                  ],
                  "confidence": 1,
                  "span": {
                    "offset": 124,
                    "length": 7
                  }
                },
                {
                  "content": "Number",
                  "polygon": [
                    1.0611,
                    2.8743,
                    1.5729,
                    2.8743,
                    1.5729,
                    2.9754,
                    1.0611,
                    2.9754
                  ],
                  "confidence": 1,
                  "span": {
                    "offset": 132,
                    "length": 6
                  }
                },
                {
                  "content": "Invoice",
                  "polygon": [
                    1.9491,
                    2.8733,
                    2.415,
                    2.8733,
                    2.415,
                    2.9754,
                    1.9491,
                    2.9754
                  ],
                  "confidence": 1,
                  "span": {
                    "offset": 139,
                    "length": 7
                  }
                },
                {
                  "content": "Date",
                  "polygon": [
                    2.4673,
                    2.8743,
                    2.7527,
                    2.8743,
                    2.7527,
                    2.9754,
                    2.4673,
                    2.9754
                  ],
                  "confidence": 1,
                  "span": {
                    "offset": 147,
                    "length": 4
                  }
                },
                {
                  "content": "Invoice",
                  "polygon": [
                    3.3495,
                    2.8733,
                    3.8155,
                    2.8733,
                    3.8155,
                    2.9754,
                    3.3495,
                    2.9754
                  ],
                  "confidence": 1,
                  "span": {
                    "offset": 152,
                    "length": 7
                  }
                },
                {
                  "content": "Due",
                  "polygon": [
                    3.8677,
                    2.8743,
                    4.1149,
                    2.8743,
                    4.1149,
                    2.9754,
                    3.8677,
                    2.9754
                  ],
                  "confidence": 1,
                  "span": {
                    "offset": 160,
                    "length": 3
                  }
                },
                {
                  "content": "Date",
                  "polygon": [
                    4.1678,
                    2.8743,
                    4.4547,
                    2.8743,
                    4.4547,
                    2.9754,
                    4.1678,
                    2.9754
                  ],
                  "confidence": 1,
                  "span": {
                    "offset": 164,
                    "length": 4
                  }
                },
                {
                  "content": "Charges",
                  "polygon": [
                    4.7468,
                    2.8717,
                    5.289,
                    2.8717,
                    5.289,
                    3.0035,
                    4.7468,
                    3.0035
                  ],
                  "confidence": 1,
                  "span": {
                    "offset": 169,
                    "length": 7
                  }
                },
                {
                  "content": "VAT",
                  "polygon": [
                    6.141,
                    2.873,
                    6.4147,
                    2.873,
                    6.4147,
                    2.9736,
                    6.141,
                    2.9736
                  ],
                  "confidence": 1,
                  "span": {
                    "offset": 177,
                    "length": 3
                  }
                },
                {
                  "content": "ID",
                  "polygon": [
                    6.4655,
                    2.873,
                    6.5875,
                    2.873,
                    6.5875,
                    2.9736,
                    6.4655,
                    2.9736
                  ],
                  "confidence": 1,
                  "span": {
                    "offset": 181,
                    "length": 2
                  }
                },
                {
                  "content": "34278587",
                  "polygon": [
                    0.5397,
                    3.411,
                    1.1457,
                    3.411,
                    1.1457,
                    3.5144,
                    0.5397,
                    3.5144
                  ],
                  "confidence": 1,
                  "span": {
                    "offset": 184,
                    "length": 8
                  }
                },
                {
                  "content": "6/18/2017",
                  "polygon": [
                    1.9455,
                    3.41,
                    2.551,
                    3.41,
                    2.551,
                    3.5144,
                    1.9455,
                    3.5144
                  ],
                  "confidence": 1,
                  "span": {
                    "offset": 193,
                    "length": 9
                  }
                },
                {
                  "content": "6/24/2017",
                  "polygon": [
                    3.346,
                    3.41,
                    3.9514,
                    3.41,
                    3.9514,
                    3.5144,
                    3.346,
                    3.5144
                  ],
                  "confidence": 1,
                  "span": {
                    "offset": 203,
                    "length": 9
                  }
                },
                {
                  "content": "$56,651.49",
                  "polygon": [
                    5.3871,
                    3.4047,
                    6.0702,
                    3.4047,
                    6.0702,
                    3.5321,
                    5.3871,
                    3.5321
                  ],
                  "confidence": 1,
                  "span": {
                    "offset": 213,
                    "length": 10
                  }
                },
                {
                  "content": "PT",
                  "polygon": [
                    6.2285,
                    3.4114,
                    6.3919,
                    3.4114,
                    6.3919,
                    3.5119,
                    6.2285,
                    3.5119
                  ],
                  "confidence": 1,
                  "span": {
                    "offset": 224,
                    "length": 2
                  }
                }
              ],
              "lines": [
                {
                  "content": "Contoso",
                  "polygon": [
                    0.5384,
                    1.1583,
                    1.4466,
                    1.1583,
                    1.4466,
                    1.3534,
                    0.5384,
                    1.3534
                  ],
                  "spans": [
                    {
                      "offset": 0,
                      "length": 7
                    }
                  ]
                },
                {
                  "content": "Address:",
                  "polygon": [
                    0.7994,
                    1.5143,
                    1.3836,
                    1.5143,
                    1.3836,
                    1.6154,
                    0.7994,
                    1.6154
                  ],
                  "spans": [
                    {
                      "offset": 8,
                      "length": 8
                    }
                  ]
                },
                {
                  "content": "1 Redmond way Suite",
                  "polygon": [
                    0.8106,
                    1.7033,
                    2.1445,
                    1.7033,
                    2.1445,
                    1.8342,
                    0.8106,
                    1.8342
                  ],
                  "spans": [
                    {
                      "offset": 17,
                      "length": 19
                    }
                  ]
                },
                {
                  "content": "6000 Redmond, WA",
                  "polygon": [
                    0.8019,
                    1.896,
                    2.0384,
                    1.896,
                    2.0384,
                    2.0171,
                    0.8019,
                    2.0171
                  ],
                  "spans": [
                    {
                      "offset": 37,
                      "length": 16
                    }
                  ]
                },
                {
                  "content": "99243",
                  "polygon": [
                    0.8025,
                    2.0876,
                    1.175,
                    2.0876,
                    1.175,
                    2.1911,
                    0.8025,
                    2.1911
                  ],
                  "spans": [
                    {
                      "offset": 54,
                      "length": 5
                    }
                  ]
                },
                {
                  "content": "Invoice For: Microsoft",
                  "polygon": [
                    4.4033,
                    1.5114,
                    5.8155,
                    1.5114,
                    5.8155,
                    1.6155,
                    4.4033,
                    1.6155
                  ],
                  "spans": [
                    {
                      "offset": 60,
                      "length": 22
                    }
                  ]
                },
                {
                  "content": "1020 Enterprise Way",
                  "polygon": [
                    5.2036,
                    1.716,
                    6.5436,
                    1.716,
                    6.5436,
                    1.8459,
                    5.2036,
                    1.8459
                  ],
                  "spans": [
                    {
                      "offset": 83,
                      "length": 19
                    }
                  ]
                },
                {
                  "content": "Sunnayvale, CA 87659",
                  "polygon": [
                    5.196,
                    1.9047,
                    6.6526,
                    1.9047,
                    6.6526,
                    2.0359,
                    5.196,
                    2.0359
                  ],
                  "spans": [
                    {
                      "offset": 103,
                      "length": 20
                    }
                  ]
                },
                {
                  "content": "Invoice Number",
                  "polygon": [
                    0.5439,
                    2.8733,
                    1.5729,
                    2.8733,
                    1.5729,
                    2.9754,
                    0.5439,
                    2.9754
                  ],
                  "spans": [
                    {
                      "offset": 124,
                      "length": 14
                    }
                  ]
                },
                {
                  "content": "Invoice Date",
                  "polygon": [
                    1.9491,
                    2.8733,
                    2.7527,
                    2.8733,
                    2.7527,
                    2.9754,
                    1.9491,
                    2.9754
                  ],
                  "spans": [
                    {
                      "offset": 139,
                      "length": 12
                    }
                  ]
                },
                {
                  "content": "Invoice Due Date",
                  "polygon": [
                    3.3495,
                    2.8733,
                    4.4547,
                    2.8733,
                    4.4547,
                    2.9754,
                    3.3495,
                    2.9754
                  ],
                  "spans": [
                    {
                      "offset": 152,
                      "length": 16
                    }
                  ]
                },
                {
                  "content": "Charges",
                  "polygon": [
                    4.7468,
                    2.8717,
                    5.289,
                    2.8717,
                    5.289,
                    3.0035,
                    4.7468,
                    3.0035
                  ],
                  "spans": [
                    {
                      "offset": 169,
                      "length": 7
                    }
                  ]
                },
                {
                  "content": "VAT ID",
                  "polygon": [
                    6.141,
                    2.873,
                    6.5875,
                    2.873,
                    6.5875,
                    2.9736,
                    6.141,
                    2.9736
                  ],
                  "spans": [
                    {
                      "offset": 177,
                      "length": 6
                    }
                  ]
                },
                {
                  "content": "34278587",
                  "polygon": [
                    0.5397,
                    3.411,
                    1.1457,
                    3.411,
                    1.1457,
                    3.5144,
                    0.5397,
                    3.5144
                  ],
                  "spans": [
                    {
                      "offset": 184,
                      "length": 8
                    }
                  ]
                },
                {
                  "content": "6/18/2017",
                  "polygon": [
                    1.9455,
                    3.41,
                    2.551,
                    3.41,
                    2.551,
                    3.5144,
                    1.9455,
                    3.5144
                  ],
                  "spans": [
                    {
                      "offset": 193,
                      "length": 9
                    }
                  ]
                },
                {
                  "content": "6/24/2017",
                  "polygon": [
                    3.346,
                    3.41,
                    3.9514,
                    3.41,
                    3.9514,
                    3.5144,
                    3.346,
                    3.5144
                  ],
                  "spans": [
                    {
                      "offset": 203,
                      "length": 9
                    }
                  ]
                },
                {
                  "content": "$56,651.49",
                  "polygon": [
                    5.3871,
                    3.4047,
                    6.0702,
                    3.4047,
                    6.0702,
                    3.5321,
                    5.3871,
                    3.5321
                  ],
                  "spans": [
                    {
                      "offset": 213,
                      "length": 10
                    }
                  ]
                },
                {
                  "content": "PT",
                  "polygon": [
                    6.2285,
                    3.4114,
                    6.3919,
                    3.4114,
                    6.3919,
                    3.5119,
                    6.2285,
                    3.5119
                  ],
                  "spans": [
                    {
                      "offset": 224,
                      "length": 2
                    }
                  ]
                }
              ],
              "spans": [
                {
                  "offset": 0,
                  "length": 226
                }
              ],
              "kind": "document"
            }
          ],
          "paragraphs": [
            {
              "spans": [
                {
                  "offset": 0,
                  "length": 7
                }
              ],
              "boundingRegions": [
                {
                  "pageNumber": 1,
                  "polygon": [
                    0.5384,
                    1.1583,
                    1.4466,
                    1.1583,
                    1.4466,
                    1.3534,
                    0.5384,
                    1.3534
                  ]
                }
              ],
              "content": "Contoso"
            },
            {
              "spans": [
                {
                  "offset": 8,
                  "length": 8
                }
              ],
              "boundingRegions": [
                {
                  "pageNumber": 1,
                  "polygon": [
                    0.7994,
                    1.5143,
                    1.3836,
                    1.5143,
                    1.3836,
                    1.6154,
                    0.7994,
                    1.6154
                  ]
                }
              ],
              "content": "Address:"
            },
            {
              "spans": [
                {
                  "offset": 17,
                  "length": 19
                }
              ],
              "boundingRegions": [
                {
                  "pageNumber": 1,
                  "polygon": [
                    0.8106,
                    1.7033,
                    2.1445,
                    1.7033,
                    2.1445,
                    1.8342,
                    0.8106,
                    1.8342
                  ]
                }
              ],
              "content": "1 Redmond way Suite"
            },
            {
              "spans": [
                {
                  "offset": 37,
                  "length": 16
                }
              ],
              "boundingRegions": [
                {
                  "pageNumber": 1,
                  "polygon": [
                    0.8019,
                    1.896,
                    2.0384,
                    1.896,
                    2.0384,
                    2.0171,
                    0.8019,
                    2.0171
                  ]
                }
              ],
              "content": "6000 Redmond, WA"
            },
            {
              "spans": [
                {
                  "offset": 54,
                  "length": 5
                }
              ],
              "boundingRegions": [
                {
                  "pageNumber": 1,
                  "polygon": [
                    0.8025,
                    2.0876,
                    1.175,
                    2.0876,
                    1.175,
                    2.1911,
                    0.8025,
                    2.1911
                  ]
                }
              ],
              "content": "99243"
            },
            {
              "spans": [
                {
                  "offset": 60,
                  "length": 63
                }
              ],
              "boundingRegions": [
                {
                  "pageNumber": 1,
                  "polygon": [
                    4.4033,
                    1.5114,
                    6.6526,
                    1.5114,
                    6.6526,
                    2.0359,
                    4.4033,
                    2.0359
                  ]
                }
              ],
              "content": "Invoice For: Microsoft 1020 Enterprise Way Sunnayvale, CA 87659"
            },
            {
              "spans": [
                {
                  "offset": 124,
                  "length": 14
                }
              ],
              "boundingRegions": [
                {
                  "pageNumber": 1,
                  "polygon": [
                    0.5439,
                    2.8733,
                    1.5729,
                    2.8733,
                    1.5729,
                    2.9754,
                    0.5439,
                    2.9754
                  ]
                }
              ],
              "content": "Invoice Number"
            },
            {
              "spans": [
                {
                  "offset": 139,
                  "length": 12
                }
              ],
              "boundingRegions": [
                {
                  "pageNumber": 1,
                  "polygon": [
                    1.9491,
                    2.8733,
                    2.7527,
                    2.8733,
                    2.7527,
                    2.9754,
                    1.9491,
                    2.9754
                  ]
                }
              ],
              "content": "Invoice Date"
            },
            {
              "spans": [
                {
                  "offset": 152,
                  "length": 16
                }
              ],
              "boundingRegions": [
                {
                  "pageNumber": 1,
                  "polygon": [
                    3.3495,
                    2.8733,
                    4.4547,
                    2.8733,
                    4.4547,
                    2.9754,
                    3.3495,
                    2.9754
                  ]
                }
              ],
              "content": "Invoice Due Date"
            },
            {
              "spans": [
                {
                  "offset": 169,
                  "length": 7
                }
              ],
              "boundingRegions": [
                {
                  "pageNumber": 1,
                  "polygon": [
                    4.7468,
                    2.8717,
                    5.289,
                    2.8717,
                    5.289,
                    3.0035,
                    4.7468,
                    3.0035
                  ]
                }
              ],
              "content": "Charges"
            },
            {
              "spans": [
                {
                  "offset": 177,
                  "length": 6
                }
              ],
              "boundingRegions": [
                {
                  "pageNumber": 1,
                  "polygon": [
                    6.141,
                    2.873,
                    6.5875,
                    2.873,
                    6.5875,
                    2.9736,
                    6.141,
                    2.9736
                  ]
                }
              ],
              "content": "VAT ID"
            },
            {
              "spans": [
                {
                  "offset": 184,
                  "length": 8
                }
              ],
              "boundingRegions": [
                {
                  "pageNumber": 1,
                  "polygon": [
                    0.5397,
                    3.411,
                    1.1457,
                    3.411,
                    1.1457,
                    3.5144,
                    0.5397,
                    3.5144
                  ]
                }
              ],
              "content": "34278587"
            },
            {
              "spans": [
                {
                  "offset": 193,
                  "length": 9
                }
              ],
              "boundingRegions": [
                {
                  "pageNumber": 1,
                  "polygon": [
                    1.9455,
                    3.41,
                    2.551,
                    3.41,
                    2.551,
                    3.5144,
                    1.9455,
                    3.5144
                  ]
                }
              ],
              "content": "6/18/2017"
            },
            {
              "spans": [
                {
                  "offset": 203,
                  "length": 9
                }
              ],
              "boundingRegions": [
                {
                  "pageNumber": 1,
                  "polygon": [
                    3.346,
                    3.41,
                    3.9514,
                    3.41,
                    3.9514,
                    3.5144,
                    3.346,
                    3.5144
                  ]
                }
              ],
              "content": "6/24/2017"
            },
            {
              "spans": [
                {
                  "offset": 213,
                  "length": 13
                }
              ],
              "boundingRegions": [
                {
                  "pageNumber": 1,
                  "polygon": [
                    5.3871,
                    3.4047,
                    6.3919,
                    3.4047,
                    6.3919,
                    3.5321,
                    5.3871,
                    3.5321
                  ]
                }
              ],
              "content": "$56,651.49 PT"
            }
          ],
          "styles": [],
          "languages": [
            {
              "spans": [
                {
                  "offset": 0,
                  "length": 16
                },
                {
                  "offset": 37,
                  "length": 16
                },
                {
                  "offset": 60,
                  "length": 42
                },
                {
                  "offset": 124,
                  "length": 59
                },
                {
                  "offset": 224,
                  "length": 2
                }
              ],
              "locale": "en",
              "confidence": 1
            },
            {
              "spans": [
                {
                  "offset": 103,
                  "length": 20
                }
              ],
              "locale": "ro",
              "confidence": 1
            }
          ]
        }
      }
    }
  ],
  "Variables": {
    "FORM_RECOGNIZER_API_KEY": "Sanitized",
    "FORM_RECOGNIZER_ENDPOINT": "https://camaiaor-formrec-canadacentral.cognitiveservices.azure.com/",
    "RandomSeed": "568936002"
  }
}
