{
  "Entries": [
    {
      "RequestUri": "https://jrathor-fr-weu1.ppe.cognitiveservices.azure.com/formrecognizer/documentModels:build?api-version=2023-02-28-preview",
      "RequestMethod": "POST",
      "RequestHeaders": {
        "Accept": "application/json",
        "Content-Length": "93",
        "Content-Type": "application/json",
        "Ocp-Apim-Subscription-Key": "Sanitized",
        "traceparent": "00-d8ad5e3d9f2c4417a4ce228aa87c926d-97b2598e83351fcf-00",
        "User-Agent": "azsdk-net-AI.FormRecognizer/4.1.0-alpha.20230306.1 (.NET 6.0.14; Microsoft Windows 10.0.22621)",
        "x-ms-client-request-id": "6e01521d28519eaa0ef40406c7275deb",
        "x-ms-return-client-request-id": "true"
      },
      "RequestBody": {
        "modelId": "107323199",
        "buildMode": "template",
        "azureBlobSource": {
          "containerUrl": "Sanitized"
        }
      },
      "StatusCode": 202,
      "ResponseHeaders": {
        "apim-request-id": "730ffcae-e86b-4edd-ad4a-00e84addc4a9",
        "Content-Length": "0",
        "Date": "Tue, 07 Mar 2023 01:08:55 GMT",
        "operation-location": "https://jrathor-fr-weu1.ppe.cognitiveservices.azure.com/formrecognizer/operations/31488216668_730ffcae-e86b-4edd-ad4a-00e84addc4a9?api-version=2023-02-28-preview",
        "Strict-Transport-Security": "max-age=31536000; includeSubDomains; preload",
        "X-Content-Type-Options": "nosniff",
        "x-envoy-upstream-service-time": "3533",
        "x-ms-region": "West Europe"
      },
      "ResponseBody": null
    },
    {
      "RequestUri": "https://jrathor-fr-weu1.ppe.cognitiveservices.azure.com/formrecognizer/operations/31488216668_730ffcae-e86b-4edd-ad4a-00e84addc4a9?api-version=2023-02-28-preview",
      "RequestMethod": "GET",
      "RequestHeaders": {
        "Accept": "application/json",
        "Ocp-Apim-Subscription-Key": "Sanitized",
        "traceparent": "00-d8ad5e3d9f2c4417a4ce228aa87c926d-5fb1a148591182f8-00",
        "User-Agent": "azsdk-net-AI.FormRecognizer/4.1.0-alpha.20230306.1 (.NET 6.0.14; Microsoft Windows 10.0.22621)",
        "x-ms-client-request-id": "504e72a365f6012af79aab0f8dbcbb56",
        "x-ms-return-client-request-id": "true"
      },
      "RequestBody": null,
      "StatusCode": 200,
      "ResponseHeaders": {
        "apim-request-id": "f3215893-6018-4798-9e55-adb5bc65fb23",
        "Content-Type": "application/json; charset=utf-8",
        "Date": "Tue, 07 Mar 2023 01:08:55 GMT",
        "Strict-Transport-Security": "max-age=31536000; includeSubDomains; preload",
        "Transfer-Encoding": "chunked",
        "X-Content-Type-Options": "nosniff",
        "x-envoy-upstream-service-time": "19",
        "x-ms-region": "West Europe"
      },
      "ResponseBody": {
        "operationId": "31488216668_730ffcae-e86b-4edd-ad4a-00e84addc4a9",
        "kind": "documentModelBuild",
        "status": "running",
        "createdDateTime": "2023-03-07T01:08:52Z",
        "lastUpdatedDateTime": "2023-03-07T01:08:55Z",
        "resourceLocation": "https://jrathor-fr-weu1.ppe.cognitiveservices.azure.com/formrecognizer/documentModels/107323199?api-version=2023-02-28-preview"
      }
    },
    {
      "RequestUri": "https://jrathor-fr-weu1.ppe.cognitiveservices.azure.com/formrecognizer/operations/31488216668_730ffcae-e86b-4edd-ad4a-00e84addc4a9?api-version=2023-02-28-preview",
      "RequestMethod": "GET",
      "RequestHeaders": {
        "Accept": "application/json",
        "Ocp-Apim-Subscription-Key": "Sanitized",
        "traceparent": "00-d8ad5e3d9f2c4417a4ce228aa87c926d-8dd872e23094fe72-00",
        "User-Agent": "azsdk-net-AI.FormRecognizer/4.1.0-alpha.20230306.1 (.NET 6.0.14; Microsoft Windows 10.0.22621)",
        "x-ms-client-request-id": "235a6ca948d40c48fd7ae0cf42eee5b8",
        "x-ms-return-client-request-id": "true"
      },
      "RequestBody": null,
      "StatusCode": 200,
      "ResponseHeaders": {
        "apim-request-id": "47e9428f-541a-4de7-a3cc-ac0c5a5aed1f",
        "Content-Type": "application/json; charset=utf-8",
        "Date": "Tue, 07 Mar 2023 01:08:56 GMT",
        "Strict-Transport-Security": "max-age=31536000; includeSubDomains; preload",
        "Transfer-Encoding": "chunked",
        "X-Content-Type-Options": "nosniff",
        "x-envoy-upstream-service-time": "23",
        "x-ms-region": "West Europe"
      },
      "ResponseBody": {
        "operationId": "31488216668_730ffcae-e86b-4edd-ad4a-00e84addc4a9",
        "kind": "documentModelBuild",
        "status": "running",
        "createdDateTime": "2023-03-07T01:08:52Z",
        "lastUpdatedDateTime": "2023-03-07T01:08:55Z",
        "resourceLocation": "https://jrathor-fr-weu1.ppe.cognitiveservices.azure.com/formrecognizer/documentModels/107323199?api-version=2023-02-28-preview"
      }
    },
    {
      "RequestUri": "https://jrathor-fr-weu1.ppe.cognitiveservices.azure.com/formrecognizer/operations/31488216668_730ffcae-e86b-4edd-ad4a-00e84addc4a9?api-version=2023-02-28-preview",
      "RequestMethod": "GET",
      "RequestHeaders": {
        "Accept": "application/json",
        "Ocp-Apim-Subscription-Key": "Sanitized",
        "traceparent": "00-d8ad5e3d9f2c4417a4ce228aa87c926d-0d0c5594713aad45-00",
        "User-Agent": "azsdk-net-AI.FormRecognizer/4.1.0-alpha.20230306.1 (.NET 6.0.14; Microsoft Windows 10.0.22621)",
        "x-ms-client-request-id": "46d17457ffd2b848270076b77d9a1152",
        "x-ms-return-client-request-id": "true"
      },
      "RequestBody": null,
      "StatusCode": 200,
      "ResponseHeaders": {
        "apim-request-id": "01d6d2b2-a5ca-4141-afcb-af9c354106ee",
        "Content-Type": "application/json; charset=utf-8",
        "Date": "Tue, 07 Mar 2023 01:08:58 GMT",
        "Strict-Transport-Security": "max-age=31536000; includeSubDomains; preload",
        "Transfer-Encoding": "chunked",
        "X-Content-Type-Options": "nosniff",
        "x-envoy-upstream-service-time": "21",
        "x-ms-region": "West Europe"
      },
      "ResponseBody": {
        "operationId": "31488216668_730ffcae-e86b-4edd-ad4a-00e84addc4a9",
        "kind": "documentModelBuild",
        "status": "succeeded",
        "createdDateTime": "2023-03-07T01:08:52Z",
        "lastUpdatedDateTime": "2023-03-07T01:08:57Z",
        "resourceLocation": "https://jrathor-fr-weu1.ppe.cognitiveservices.azure.com/formrecognizer/documentModels/107323199?api-version=2023-02-28-preview",
        "percentCompleted": 100,
        "result": {
          "docTypes": {
            "107323199": {
              "fieldSchema": {
                "Merchant": {
                  "type": "string"
                },
                "PhoneNumber": {
                  "type": "string"
                },
                "Website": {
                  "type": "string"
                },
                "Email": {
                  "type": "string"
                },
                "PurchaseOrderNumber": {
                  "type": "string"
                },
                "DatedAs": {
                  "type": "string"
                },
                "VendorName": {
                  "type": "string"
                },
                "CompanyName": {
                  "type": "string"
                },
                "CompanyAddress": {
                  "type": "string"
                },
                "CompanyPhoneNumber": {
                  "type": "string"
                },
                "Subtotal": {
                  "type": "string"
                },
                "Tax": {
                  "type": "string"
                },
                "Total": {
                  "type": "string"
                },
                "Signature": {
                  "type": "string"
                },
                "Quantity": {
                  "type": "number"
                },
                "FullSignature": {
                  "type": "signature"
                }
              },
              "buildMode": "template",
              "fieldConfidence": {
                "CompanyAddress": 0.8,
                "CompanyName": 0.995,
                "CompanyPhoneNumber": 0.995,
                "DatedAs": 0.995,
                "Email": 0.8,
                "FullSignature": 0.6,
                "Merchant": 0.995,
                "PhoneNumber": 0.995,
                "PurchaseOrderNumber": 0.995,
                "Quantity": 0.995,
                "Signature": 0.995,
                "Subtotal": 0.995,
                "Tax": 0.995,
                "Total": 0.995,
                "VendorName": 0.995,
                "Website": 0.995
              }
            }
          },
          "modelId": "107323199",
          "createdDateTime": "2023-03-07T01:08:57Z",
          "expirationDateTime": "2025-03-06T01:08:57Z",
          "apiVersion": "2023-02-28-preview"
        }
      }
    },
    {
      "RequestUri": "https://jrathor-fr-weu1.ppe.cognitiveservices.azure.com/formrecognizer/documentModels/107323199:analyze?stringIndexType=utf16CodeUnit\u0026api-version=2023-02-28-preview",
      "RequestMethod": "POST",
      "RequestHeaders": {
        "Accept": "application/json",
        "Content-Length": "37",
        "Content-Type": "application/json",
        "Ocp-Apim-Subscription-Key": "Sanitized",
        "traceparent": "00-1fc1782f2a05359fba46f04b1e82a376-df285d027a4ac0a5-00",
        "User-Agent": "azsdk-net-AI.FormRecognizer/4.1.0-alpha.20230306.1 (.NET 6.0.14; Microsoft Windows 10.0.22621)",
        "x-ms-client-request-id": "5a5cae393acd5a162a41537c855abe09",
        "x-ms-return-client-request-id": "true"
      },
      "RequestBody": {
        "urlSource": "https://idont.ex.ist/"
      },
      "StatusCode": 400,
      "ResponseHeaders": {
        "apim-request-id": "1455d0c3-2ec5-45da-bbe3-7344dd6777f1",
        "Content-Length": "221",
        "Content-Type": "application/json; charset=utf-8",
        "Date": "Tue, 07 Mar 2023 01:08:58 GMT",
        "ms-azure-ai-errorcode": "InvalidRequest",
        "Strict-Transport-Security": "max-age=31536000; includeSubDomains; preload",
        "X-Content-Type-Options": "nosniff",
        "x-envoy-upstream-service-time": "218",
        "x-ms-region": "West Europe"
      },
      "ResponseBody": {
        "error": {
          "code": "InvalidRequest",
          "message": "Invalid request.",
          "innererror": {
            "code": "InvalidContent",
            "message": "The file is corrupted or format is unsupported. Refer to documentation for the list of supported formats."
          }
        }
      }
    },
    {
      "RequestUri": "https://jrathor-fr-weu1.ppe.cognitiveservices.azure.com/formrecognizer/documentModels/107323199?api-version=2023-02-28-preview",
      "RequestMethod": "DELETE",
      "RequestHeaders": {
        "Accept": "application/json",
        "Ocp-Apim-Subscription-Key": "Sanitized",
        "traceparent": "00-393205a155aa48ef6f39af0e89caf5df-33ee92dfa3c5e97a-00",
        "User-Agent": "azsdk-net-AI.FormRecognizer/4.1.0-alpha.20230306.1 (.NET 6.0.14; Microsoft Windows 10.0.22621)",
        "x-ms-client-request-id": "19b8f2b574ebaa8324a2fbd4d2908f63",
        "x-ms-return-client-request-id": "true"
      },
      "RequestBody": null,
      "StatusCode": 204,
      "ResponseHeaders": {
        "apim-request-id": "75b165ec-71c7-4553-8245-fc6b63073cb1",
        "Content-Length": "0",
        "Date": "Tue, 07 Mar 2023 01:08:58 GMT",
        "Strict-Transport-Security": "max-age=31536000; includeSubDomains; preload",
        "X-Content-Type-Options": "nosniff",
        "x-envoy-upstream-service-time": "113",
        "x-ms-region": "West Europe"
      },
      "ResponseBody": null
    }
  ],
  "Variables": {
    "FORM_RECOGNIZER_API_KEY": "Sanitized",
    "FORM_RECOGNIZER_BLOB_CONTAINER_SAS_URL": "https://sanitized.blob.core.windows.net",
    "FORM_RECOGNIZER_ENDPOINT": "https://jrathor-fr-weu1.ppe.cognitiveservices.azure.com/",
    "RandomSeed": "751762659"
  }
}
