{
  "Entries": [
    {
      "RequestUri": "https://formrecognizersdk.ppe.cognitiveservices.azure.com/formrecognizer/documentModels/prebuilt-document:analyze?stringIndexType=utf16CodeUnit\u0026api-version=2022-06-30-preview",
      "RequestMethod": "POST",
      "RequestHeaders": {
        "Accept": "application/json",
        "Content-Length": "25662",
        "Content-Type": "application/octet-stream",
        "Ocp-Apim-Subscription-Key": "Sanitized",
        "traceparent": "00-e77b002e16d88434596c9494108752ab-f48bcad4e73d4dfd-00",
        "User-Agent": "azsdk-net-AI.FormRecognizer/4.0.0-alpha.20220520.1 (.NET 6.0.5; Microsoft Windows 10.0.22000)",
        "x-ms-client-request-id": "ad5d82cdbdfc8eafde8072530ffc156d",
        "x-ms-return-client-request-id": "true"
      },
      "RequestBody": null,
      "StatusCode": 202,
      "ResponseHeaders": {
        "apim-request-id": "b40340d4-843a-4e7e-8596-86da69afe806",
        "Content-Length": "0",
        "Date": "Fri, 20 May 2022 22:32:34 GMT",
        "Operation-Location": "https://formrecognizersdk.ppe.cognitiveservices.azure.com/formrecognizer/documentModels/prebuilt-document/analyzeResults/b40340d4-843a-4e7e-8596-86da69afe806?api-version=2022-06-30-preview",
        "Strict-Transport-Security": "max-age=31536000; includeSubDomains; preload",
        "X-Content-Type-Options": "nosniff",
        "x-envoy-upstream-service-time": "74"
      },
      "ResponseBody": null
    },
    {
      "RequestUri": "https://formrecognizersdk.ppe.cognitiveservices.azure.com/formrecognizer/documentModels/prebuilt-document/analyzeResults/b40340d4-843a-4e7e-8596-86da69afe806?api-version=2022-06-30-preview",
      "RequestMethod": "GET",
      "RequestHeaders": {
        "Accept": "application/json",
        "Ocp-Apim-Subscription-Key": "Sanitized",
        "User-Agent": "azsdk-net-AI.FormRecognizer/4.0.0-alpha.20220520.1 (.NET 6.0.5; Microsoft Windows 10.0.22000)",
        "x-ms-client-request-id": "b2787f5d1be53dbbe02b30e40577abbb",
        "x-ms-return-client-request-id": "true"
      },
      "RequestBody": null,
      "StatusCode": 200,
      "ResponseHeaders": {
        "apim-request-id": "3fdaec50-7df3-4097-966a-35248851802e",
        "Content-Type": "application/json; charset=utf-8",
        "Date": "Fri, 20 May 2022 22:32:34 GMT",
        "Strict-Transport-Security": "max-age=31536000; includeSubDomains; preload",
        "Transfer-Encoding": "chunked",
        "X-Content-Type-Options": "nosniff",
        "x-envoy-upstream-service-time": "21"
      },
      "ResponseBody": {
        "status": "running",
        "createdDateTime": "2022-05-20T22:32:35Z",
        "lastUpdatedDateTime": "2022-05-20T22:32:35Z"
      }
    },
    {
      "RequestUri": "https://formrecognizersdk.ppe.cognitiveservices.azure.com/formrecognizer/documentModels/prebuilt-document/analyzeResults/b40340d4-843a-4e7e-8596-86da69afe806?api-version=2022-06-30-preview",
      "RequestMethod": "GET",
      "RequestHeaders": {
        "Accept": "application/json",
        "Ocp-Apim-Subscription-Key": "Sanitized",
        "User-Agent": "azsdk-net-AI.FormRecognizer/4.0.0-alpha.20220520.1 (.NET 6.0.5; Microsoft Windows 10.0.22000)",
        "x-ms-client-request-id": "15c06056d3c6b80abb84cf744ebd58a1",
        "x-ms-return-client-request-id": "true"
      },
      "RequestBody": null,
      "StatusCode": 200,
      "ResponseHeaders": {
        "apim-request-id": "2ebcb566-0f72-4bc8-ae0d-6078dbd9d4f9",
        "Content-Type": "application/json; charset=utf-8",
        "Date": "Fri, 20 May 2022 22:32:36 GMT",
        "Strict-Transport-Security": "max-age=31536000; includeSubDomains; preload",
        "Transfer-Encoding": "chunked",
        "X-Content-Type-Options": "nosniff",
        "x-envoy-upstream-service-time": "16"
      },
      "ResponseBody": {
        "status": "running",
        "createdDateTime": "2022-05-20T22:32:35Z",
        "lastUpdatedDateTime": "2022-05-20T22:32:35Z"
      }
    },
    {
      "RequestUri": "https://formrecognizersdk.ppe.cognitiveservices.azure.com/formrecognizer/documentModels/prebuilt-document/analyzeResults/b40340d4-843a-4e7e-8596-86da69afe806?api-version=2022-06-30-preview",
      "RequestMethod": "GET",
      "RequestHeaders": {
        "Accept": "application/json",
        "Ocp-Apim-Subscription-Key": "Sanitized",
        "User-Agent": "azsdk-net-AI.FormRecognizer/4.0.0-alpha.20220520.1 (.NET 6.0.5; Microsoft Windows 10.0.22000)",
        "x-ms-client-request-id": "b4a348c2da64b21ec720ccd08dca8966",
        "x-ms-return-client-request-id": "true"
      },
      "RequestBody": null,
      "StatusCode": 200,
      "ResponseHeaders": {
        "apim-request-id": "5652b489-0912-4f99-b7c3-394a6c6429e7",
        "Content-Type": "application/json; charset=utf-8",
        "Date": "Fri, 20 May 2022 22:32:37 GMT",
        "Strict-Transport-Security": "max-age=31536000; includeSubDomains; preload",
        "Transfer-Encoding": "chunked",
        "X-Content-Type-Options": "nosniff",
        "x-envoy-upstream-service-time": "32"
      },
      "ResponseBody": {
        "status": "succeeded",
        "createdDateTime": "2022-05-20T22:32:35Z",
        "lastUpdatedDateTime": "2022-05-20T22:32:37Z",
        "analyzeResult": {
          "apiVersion": "2022-06-30-preview",
          "modelId": "prebuilt-document",
          "stringIndexType": "utf16CodeUnit",
          "content": "",
          "pages": [
            {
              "pageNumber": 1,
              "angle": 0,
              "width": 8.5,
              "height": 11,
              "unit": "inch",
              "words": [],
              "lines": [],
              "spans": [
                {
                  "offset": 0,
                  "length": 0
                }
              ],
              "kind": "document"
            }
          ],
          "tables": [],
          "keyValuePairs": [],
          "entities": [],
          "styles": []
        }
      }
    }
  ],
  "Variables": {
    "FORM_RECOGNIZER_API_KEY": "Sanitized",
    "FORM_RECOGNIZER_ENDPOINT": "https://formrecognizersdk.ppe.cognitiveservices.azure.com/",
    "RandomSeed": "1981326852"
  }
}
