{
  "Entries": [
    {
      "RequestUri": "https://camaiaor-canary.cognitiveservices.azure.com/formrecognizer/documentModels:build?api-version=2021-09-30-preview",
      "RequestMethod": "POST",
      "RequestHeaders": {
        "Accept": "application/json",
        "Content-Length": "71",
        "Content-Type": "application/json",
        "Ocp-Apim-Subscription-Key": "Sanitized",
        "traceparent": "00-cafc13e21aa1a84c9e074c8f9ae7626c-d78f7b8e63ffd644-00",
        "User-Agent": "azsdk-net-AI.FormRecognizer/4.0.0-alpha.20210928.1 (.NET Framework 4.8.4300.0; Microsoft Windows 10.0.19043 )",
        "x-ms-client-request-id": "9a8ee5c4a8ba0a052268e5212aa6720a",
        "x-ms-return-client-request-id": "true"
      },
      "RequestBody": {
        "modelId": "1609919823",
        "azureBlobSource": {
          "containerUrl": "Sanitized"
        }
      },
      "StatusCode": 202,
      "ResponseHeaders": {
        "apim-request-id": "5085bfb9-a73e-442b-aee6-f28c87e6314d",
        "Content-Length": "0",
        "Date": "Tue, 28 Sep 2021 14:21:21 GMT",
        "operation-location": "https://camaiaor-canary.cognitiveservices.azure.com/formrecognizer/operations/31533529121_5085bfb9-a73e-442b-aee6-f28c87e6314d?api-version=2021-09-30-preview",
        "Strict-Transport-Security": "max-age=31536000; includeSubDomains; preload",
        "x-content-type-options": "nosniff",
        "x-envoy-upstream-service-time": "3494"
      },
      "ResponseBody": []
    },
    {
      "RequestUri": "https://camaiaor-canary.cognitiveservices.azure.com/formrecognizer/operations/31533529121_5085bfb9-a73e-442b-aee6-f28c87e6314d?api-version=2021-09-30-preview",
      "RequestMethod": "GET",
      "RequestHeaders": {
        "Accept": "application/json",
        "Ocp-Apim-Subscription-Key": "Sanitized",
        "User-Agent": "azsdk-net-AI.FormRecognizer/4.0.0-alpha.20210928.1 (.NET Framework 4.8.4300.0; Microsoft Windows 10.0.19043 )",
        "x-ms-client-request-id": "19526ddf6315dd1af676bef4f6a00d02",
        "x-ms-return-client-request-id": "true"
      },
      "RequestBody": null,
      "StatusCode": 200,
      "ResponseHeaders": {
        "apim-request-id": "5a067552-0c70-40a3-bc4a-70e2733dfc2c",
        "Content-Type": "application/json; charset=utf-8",
        "Date": "Tue, 28 Sep 2021 14:21:21 GMT",
        "Strict-Transport-Security": "max-age=31536000; includeSubDomains; preload",
        "Transfer-Encoding": "chunked",
        "x-content-type-options": "nosniff",
        "x-envoy-upstream-service-time": "39"
      },
      "ResponseBody": [
        "{\n",
        "  \u0022operationId\u0022: \u002231533529121_5085bfb9-a73e-442b-aee6-f28c87e6314d\u0022,\n",
        "  \u0022kind\u0022: \u0022documentModelBuild\u0022,\n",
        "  \u0022status\u0022: \u0022running\u0022,\n",
        "  \u0022createdDateTime\u0022: \u00222021-09-28T14:21:18Z\u0022,\n",
        "  \u0022lastUpdatedDateTime\u0022: \u00222021-09-28T14:21:22Z\u0022,\n",
        "  \u0022resourceLocation\u0022: \u0022https://camaiaor-canary.cognitiveservices.azure.com/formrecognizer/documentModels/1609919823?api-version=2021-09-30-preview\u0022\n",
        "}"
      ]
    },
    {
      "RequestUri": "https://camaiaor-canary.cognitiveservices.azure.com/formrecognizer/operations/31533529121_5085bfb9-a73e-442b-aee6-f28c87e6314d?api-version=2021-09-30-preview",
      "RequestMethod": "GET",
      "RequestHeaders": {
        "Accept": "application/json",
        "Ocp-Apim-Subscription-Key": "Sanitized",
        "User-Agent": "azsdk-net-AI.FormRecognizer/4.0.0-alpha.20210928.1 (.NET Framework 4.8.4300.0; Microsoft Windows 10.0.19043 )",
        "x-ms-client-request-id": "a142399a855506dbf5c73a92e383aef3",
        "x-ms-return-client-request-id": "true"
      },
      "RequestBody": null,
      "StatusCode": 200,
      "ResponseHeaders": {
        "apim-request-id": "7b83abed-f78a-49c7-9db5-85c9072b6a88",
        "Content-Type": "application/json; charset=utf-8",
        "Date": "Tue, 28 Sep 2021 14:21:23 GMT",
        "Strict-Transport-Security": "max-age=31536000; includeSubDomains; preload",
        "Transfer-Encoding": "chunked",
        "x-content-type-options": "nosniff",
        "x-envoy-upstream-service-time": "41"
      },
      "ResponseBody": [
        "{\n",
        "  \u0022operationId\u0022: \u002231533529121_5085bfb9-a73e-442b-aee6-f28c87e6314d\u0022,\n",
        "  \u0022kind\u0022: \u0022documentModelBuild\u0022,\n",
        "  \u0022status\u0022: \u0022running\u0022,\n",
        "  \u0022createdDateTime\u0022: \u00222021-09-28T14:21:18Z\u0022,\n",
        "  \u0022lastUpdatedDateTime\u0022: \u00222021-09-28T14:21:22Z\u0022,\n",
        "  \u0022resourceLocation\u0022: \u0022https://camaiaor-canary.cognitiveservices.azure.com/formrecognizer/documentModels/1609919823?api-version=2021-09-30-preview\u0022\n",
        "}"
      ]
    },
    {
      "RequestUri": "https://camaiaor-canary.cognitiveservices.azure.com/formrecognizer/operations/31533529121_5085bfb9-a73e-442b-aee6-f28c87e6314d?api-version=2021-09-30-preview",
      "RequestMethod": "GET",
      "RequestHeaders": {
        "Accept": "application/json",
        "Ocp-Apim-Subscription-Key": "Sanitized",
        "User-Agent": "azsdk-net-AI.FormRecognizer/4.0.0-alpha.20210928.1 (.NET Framework 4.8.4300.0; Microsoft Windows 10.0.19043 )",
        "x-ms-client-request-id": "a3457a137c40603acab0a344ea101482",
        "x-ms-return-client-request-id": "true"
      },
      "RequestBody": null,
      "StatusCode": 200,
      "ResponseHeaders": {
        "apim-request-id": "b88a5112-a190-4ad9-9687-acde49f0c815",
        "Content-Type": "application/json; charset=utf-8",
        "Date": "Tue, 28 Sep 2021 14:21:24 GMT",
        "Strict-Transport-Security": "max-age=31536000; includeSubDomains; preload",
        "Transfer-Encoding": "chunked",
        "x-content-type-options": "nosniff",
        "x-envoy-upstream-service-time": "41"
      },
      "ResponseBody": [
        "{\n",
        "  \u0022operationId\u0022: \u002231533529121_5085bfb9-a73e-442b-aee6-f28c87e6314d\u0022,\n",
        "  \u0022kind\u0022: \u0022documentModelBuild\u0022,\n",
        "  \u0022status\u0022: \u0022succeeded\u0022,\n",
        "  \u0022createdDateTime\u0022: \u00222021-09-28T14:21:18Z\u0022,\n",
        "  \u0022lastUpdatedDateTime\u0022: \u00222021-09-28T14:21:23Z\u0022,\n",
        "  \u0022resourceLocation\u0022: \u0022https://camaiaor-canary.cognitiveservices.azure.com/formrecognizer/documentModels/1609919823?api-version=2021-09-30-preview\u0022,\n",
        "  \u0022percentCompleted\u0022: 100,\n",
        "  \u0022result\u0022: {\n",
        "    \u0022docTypes\u0022: {\n",
        "      \u00221609919823\u0022: {\n",
        "        \u0022fieldSchema\u0022: {\n",
        "          \u0022table\u0022: {\n",
        "            \u0022type\u0022: \u0022object\u0022,\n",
        "            \u0022properties\u0022: {\n",
        "              \u0022Apple\u0022: {\n",
        "                \u0022type\u0022: \u0022object\u0022,\n",
        "                \u0022properties\u0022: {\n",
        "                  \u0022Price\u0022: {\n",
        "                    \u0022type\u0022: \u0022string\u0022\n",
        "                  },\n",
        "                  \u0022Tax\u0022: {\n",
        "                    \u0022type\u0022: \u0022string\u0022\n",
        "                  },\n",
        "                  \u0022Total\u0022: {\n",
        "                    \u0022type\u0022: \u0022string\u0022\n",
        "                  }\n",
        "                }\n",
        "              },\n",
        "              \u0022Orange\u0022: {\n",
        "                \u0022type\u0022: \u0022object\u0022,\n",
        "                \u0022properties\u0022: {\n",
        "                  \u0022Price\u0022: {\n",
        "                    \u0022type\u0022: \u0022string\u0022\n",
        "                  },\n",
        "                  \u0022Tax\u0022: {\n",
        "                    \u0022type\u0022: \u0022string\u0022\n",
        "                  },\n",
        "                  \u0022Total\u0022: {\n",
        "                    \u0022type\u0022: \u0022string\u0022\n",
        "                  }\n",
        "                }\n",
        "              },\n",
        "              \u0022Grapefruit\u0022: {\n",
        "                \u0022type\u0022: \u0022object\u0022,\n",
        "                \u0022properties\u0022: {\n",
        "                  \u0022Price\u0022: {\n",
        "                    \u0022type\u0022: \u0022string\u0022\n",
        "                  },\n",
        "                  \u0022Tax\u0022: {\n",
        "                    \u0022type\u0022: \u0022string\u0022\n",
        "                  },\n",
        "                  \u0022Total\u0022: {\n",
        "                    \u0022type\u0022: \u0022string\u0022\n",
        "                  }\n",
        "                }\n",
        "              },\n",
        "              \u0022Pear\u0022: {\n",
        "                \u0022type\u0022: \u0022object\u0022,\n",
        "                \u0022properties\u0022: {\n",
        "                  \u0022Price\u0022: {\n",
        "                    \u0022type\u0022: \u0022string\u0022\n",
        "                  },\n",
        "                  \u0022Tax\u0022: {\n",
        "                    \u0022type\u0022: \u0022string\u0022\n",
        "                  },\n",
        "                  \u0022Total\u0022: {\n",
        "                    \u0022type\u0022: \u0022string\u0022\n",
        "                  }\n",
        "                }\n",
        "              }\n",
        "            }\n",
        "          }\n",
        "        },\n",
        "        \u0022fieldConfidence\u0022: {\n",
        "          \u0022table\u0022: 0.95\n",
        "        }\n",
        "      }\n",
        "    },\n",
        "    \u0022modelId\u0022: \u00221609919823\u0022,\n",
        "    \u0022createdDateTime\u0022: \u00222021-09-28T14:21:23Z\u0022\n",
        "  }\n",
        "}"
      ]
    },
    {
      "RequestUri": "https://camaiaor-canary.cognitiveservices.azure.com/formrecognizer/documentModels/1609919823:analyze?stringIndexType=utf16CodeUnit\u0026api-version=2021-09-30-preview",
      "RequestMethod": "POST",
      "RequestHeaders": {
        "Accept": "application/json",
        "Content-Length": "73507",
        "Content-Type": "application/octet-stream",
        "Ocp-Apim-Subscription-Key": "Sanitized",
        "traceparent": "00-1bd05695bd40204fb456750d296d28d2-66312c2b3be9a641-00",
        "User-Agent": "azsdk-net-AI.FormRecognizer/4.0.0-alpha.20210928.1 (.NET Framework 4.8.4300.0; Microsoft Windows 10.0.19043 )",
        "x-ms-client-request-id": "f186e35bd16359b4914c234d2988fa73",
        "x-ms-return-client-request-id": "true"
      },
      "RequestBody": null,
      "StatusCode": 202,
      "ResponseHeaders": {
        "apim-request-id": "04a58608-ca0b-4e00-85f7-5f9dc42cf2b3",
        "Content-Length": "0",
        "Date": "Tue, 28 Sep 2021 14:21:24 GMT",
        "Operation-Location": "https://camaiaor-canary.cognitiveservices.azure.com/formrecognizer/documentModels/1609919823/analyzeResults/04a58608-ca0b-4e00-85f7-5f9dc42cf2b3?api-version=2021-09-30-preview",
        "Strict-Transport-Security": "max-age=31536000; includeSubDomains; preload",
        "x-content-type-options": "nosniff",
        "x-envoy-upstream-service-time": "474"
      },
      "ResponseBody": []
    },
    {
      "RequestUri": "https://camaiaor-canary.cognitiveservices.azure.com/formrecognizer/documentModels/1609919823/analyzeResults/04a58608-ca0b-4e00-85f7-5f9dc42cf2b3?api-version=2021-09-30-preview",
      "RequestMethod": "GET",
      "RequestHeaders": {
        "Accept": "application/json",
        "Ocp-Apim-Subscription-Key": "Sanitized",
        "User-Agent": "azsdk-net-AI.FormRecognizer/4.0.0-alpha.20210928.1 (.NET Framework 4.8.4300.0; Microsoft Windows 10.0.19043 )",
        "x-ms-client-request-id": "7be1cbc7695a1ec1ffe1d6a4e2971ce4",
        "x-ms-return-client-request-id": "true"
      },
      "RequestBody": null,
      "StatusCode": 200,
      "ResponseHeaders": {
        "apim-request-id": "7febb948-e74c-4006-b5d7-8b1d67de6481",
        "Content-Type": "application/json; charset=utf-8",
        "Date": "Tue, 28 Sep 2021 14:21:24 GMT",
        "Strict-Transport-Security": "max-age=31536000; includeSubDomains; preload",
        "Transfer-Encoding": "chunked",
        "x-content-type-options": "nosniff",
        "x-envoy-upstream-service-time": "66"
      },
      "ResponseBody": {
        "status": "running",
        "createdDateTime": "2021-09-28T14:21:24Z",
        "lastUpdatedDateTime": "2021-09-28T14:21:25Z"
      }
    },
    {
      "RequestUri": "https://camaiaor-canary.cognitiveservices.azure.com/formrecognizer/documentModels/1609919823/analyzeResults/04a58608-ca0b-4e00-85f7-5f9dc42cf2b3?api-version=2021-09-30-preview",
      "RequestMethod": "GET",
      "RequestHeaders": {
        "Accept": "application/json",
        "Ocp-Apim-Subscription-Key": "Sanitized",
        "User-Agent": "azsdk-net-AI.FormRecognizer/4.0.0-alpha.20210928.1 (.NET Framework 4.8.4300.0; Microsoft Windows 10.0.19043 )",
        "x-ms-client-request-id": "ff37b7b3bcfc428fc6eb12f458ec3742",
        "x-ms-return-client-request-id": "true"
      },
      "RequestBody": null,
      "StatusCode": 200,
      "ResponseHeaders": {
        "apim-request-id": "c8dca950-3424-47bc-b9df-bbefddb82fe2",
        "Content-Type": "application/json; charset=utf-8",
        "Date": "Tue, 28 Sep 2021 14:21:25 GMT",
        "Strict-Transport-Security": "max-age=31536000; includeSubDomains; preload",
        "Transfer-Encoding": "chunked",
        "x-content-type-options": "nosniff",
        "x-envoy-upstream-service-time": "77"
      },
      "ResponseBody": {
        "status": "running",
        "createdDateTime": "2021-09-28T14:21:24Z",
        "lastUpdatedDateTime": "2021-09-28T14:21:25Z"
      }
    },
    {
      "RequestUri": "https://camaiaor-canary.cognitiveservices.azure.com/formrecognizer/documentModels/1609919823/analyzeResults/04a58608-ca0b-4e00-85f7-5f9dc42cf2b3?api-version=2021-09-30-preview",
      "RequestMethod": "GET",
      "RequestHeaders": {
        "Accept": "application/json",
        "Ocp-Apim-Subscription-Key": "Sanitized",
        "User-Agent": "azsdk-net-AI.FormRecognizer/4.0.0-alpha.20210928.1 (.NET Framework 4.8.4300.0; Microsoft Windows 10.0.19043 )",
        "x-ms-client-request-id": "1e7c30b6982ff1282268f181fa0f77f9",
        "x-ms-return-client-request-id": "true"
      },
      "RequestBody": null,
      "StatusCode": 200,
      "ResponseHeaders": {
        "apim-request-id": "85ab594e-ea0e-4324-a513-0e2f44792f11",
        "Content-Type": "application/json; charset=utf-8",
        "Date": "Tue, 28 Sep 2021 14:21:27 GMT",
        "Strict-Transport-Security": "max-age=31536000; includeSubDomains; preload",
        "Transfer-Encoding": "chunked",
        "x-content-type-options": "nosniff",
        "x-envoy-upstream-service-time": "94"
      },
      "ResponseBody": {
        "status": "running",
        "createdDateTime": "2021-09-28T14:21:24Z",
        "lastUpdatedDateTime": "2021-09-28T14:21:25Z"
      }
    },
    {
      "RequestUri": "https://camaiaor-canary.cognitiveservices.azure.com/formrecognizer/documentModels/1609919823/analyzeResults/04a58608-ca0b-4e00-85f7-5f9dc42cf2b3?api-version=2021-09-30-preview",
      "RequestMethod": "GET",
      "RequestHeaders": {
        "Accept": "application/json",
        "Ocp-Apim-Subscription-Key": "Sanitized",
        "User-Agent": "azsdk-net-AI.FormRecognizer/4.0.0-alpha.20210928.1 (.NET Framework 4.8.4300.0; Microsoft Windows 10.0.19043 )",
        "x-ms-client-request-id": "71993e2ffa500b763b9eb56f57ccc513",
        "x-ms-return-client-request-id": "true"
      },
      "RequestBody": null,
      "StatusCode": 200,
      "ResponseHeaders": {
        "apim-request-id": "5c452533-9559-4b0a-b924-a47bdd887c9f",
        "Content-Type": "application/json; charset=utf-8",
        "Date": "Tue, 28 Sep 2021 14:21:28 GMT",
        "Strict-Transport-Security": "max-age=31536000; includeSubDomains; preload",
        "Transfer-Encoding": "chunked",
        "x-content-type-options": "nosniff",
        "x-envoy-upstream-service-time": "173"
      },
      "ResponseBody": {
        "status": "succeeded",
        "createdDateTime": "2021-09-28T14:21:24Z",
        "lastUpdatedDateTime": "2021-09-28T14:21:28Z",
        "analyzeResult": {
          "apiVersion": "2021-09-30-preview",
          "modelId": "1609919823",
          "stringIndexType": "utf16CodeUnit",
          "content": "Con\nt\noso, Ltd.\nPrice\nTax\nTotal\nApple\n5.00\n2.00\n7.00\nOrange\n2.00\n1.00\n3.00\nGrapefruit\n1.00\n4.00\n5.00\nPear\n2.00\n2.00",
          "pages": [
            {
              "pageNumber": 1,
              "angle": 0,
              "width": 8.5,
              "height": 11,
              "unit": "inch",
              "words": [
                {
                  "content": "Con",
                  "boundingBox": [
                    1.0075,
                    1.0471,
                    1.2329,
                    1.0471,
                    1.2329,
                    1.1465,
                    1.0075,
                    1.1465
                  ],
                  "confidence": 1,
                  "span": {
                    "offset": 0,
                    "length": 3
                  }
                },
                {
                  "content": "t",
                  "boundingBox": [
                    1.2461,
                    1.0557,
                    1.2901,
                    1.0557,
                    1.2901,
                    1.1464,
                    1.2461,
                    1.1464
                  ],
                  "confidence": 1,
                  "span": {
                    "offset": 4,
                    "length": 1
                  }
                },
                {
                  "content": "oso,",
                  "boundingBox": [
                    1.3004,
                    1.0726,
                    1.5446,
                    1.0726,
                    1.5446,
                    1.1669,
                    1.3004,
                    1.1669
                  ],
                  "confidence": 1,
                  "span": {
                    "offset": 6,
                    "length": 4
                  }
                },
                {
                  "content": "Ltd.",
                  "boundingBox": [
                    1.601,
                    1.0413,
                    1.8111,
                    1.0413,
                    1.8111,
                    1.1465,
                    1.601,
                    1.1465
                  ],
                  "confidence": 1,
                  "span": {
                    "offset": 11,
                    "length": 4
                  }
                },
                {
                  "content": "Price",
                  "boundingBox": [
                    2.3875,
                    1.6753,
                    2.6861,
                    1.6753,
                    2.6861,
                    1.7785,
                    2.3875,
                    1.7785
                  ],
                  "confidence": 1,
                  "span": {
                    "offset": 16,
                    "length": 5
                  }
                },
                {
                  "content": "Tax",
                  "boundingBox": [
                    3.6766,
                    1.68,
                    3.8953,
                    1.68,
                    3.8953,
                    1.7785,
                    3.6766,
                    1.7785
                  ],
                  "confidence": 1,
                  "span": {
                    "offset": 22,
                    "length": 3
                  }
                },
                {
                  "content": "Total",
                  "boundingBox": [
                    4.9769,
                    1.6727,
                    5.2909,
                    1.6727,
                    5.2909,
                    1.7785,
                    4.9769,
                    1.7785
                  ],
                  "confidence": 1,
                  "span": {
                    "offset": 26,
                    "length": 5
                  }
                },
                {
                  "content": "Apple",
                  "boundingBox": [
                    1.0804,
                    1.866,
                    1.4448,
                    1.866,
                    1.4448,
                    1.9973,
                    1.0804,
                    1.9973
                  ],
                  "confidence": 1,
                  "span": {
                    "offset": 32,
                    "length": 5
                  }
                },
                {
                  "content": "5.00",
                  "boundingBox": [
                    2.3845,
                    1.872,
                    2.6439,
                    1.872,
                    2.6439,
                    1.9715,
                    2.3845,
                    1.9715
                  ],
                  "confidence": 1,
                  "span": {
                    "offset": 38,
                    "length": 4
                  }
                },
                {
                  "content": "2.00",
                  "boundingBox": [
                    3.6843,
                    1.872,
                    3.9426,
                    1.872,
                    3.9426,
                    1.9715,
                    3.6843,
                    1.9715
                  ],
                  "confidence": 1,
                  "span": {
                    "offset": 43,
                    "length": 4
                  }
                },
                {
                  "content": "7.00",
                  "boundingBox": [
                    4.9833,
                    1.872,
                    5.2429,
                    1.872,
                    5.2429,
                    1.9715,
                    4.9833,
                    1.9715
                  ],
                  "confidence": 1,
                  "span": {
                    "offset": 48,
                    "length": 4
                  }
                },
                {
                  "content": "Orange",
                  "boundingBox": [
                    1.0846,
                    2.065,
                    1.5381,
                    2.065,
                    1.5381,
                    2.1908,
                    1.0846,
                    2.1908
                  ],
                  "confidence": 1,
                  "span": {
                    "offset": 53,
                    "length": 6
                  }
                },
                {
                  "content": "2.00",
                  "boundingBox": [
                    2.3855,
                    2.0653,
                    2.6439,
                    2.0653,
                    2.6439,
                    2.1648,
                    2.3855,
                    2.1648
                  ],
                  "confidence": 1,
                  "span": {
                    "offset": 60,
                    "length": 4
                  }
                },
                {
                  "content": "1.00",
                  "boundingBox": [
                    3.6887,
                    2.0653,
                    3.9426,
                    2.0653,
                    3.9426,
                    2.1648,
                    3.6887,
                    2.1648
                  ],
                  "confidence": 1,
                  "span": {
                    "offset": 65,
                    "length": 4
                  }
                },
                {
                  "content": "3.00",
                  "boundingBox": [
                    4.9836,
                    2.0653,
                    5.2429,
                    2.0653,
                    5.2429,
                    2.1648,
                    4.9836,
                    2.1648
                  ],
                  "confidence": 1,
                  "span": {
                    "offset": 70,
                    "length": 4
                  }
                },
                {
                  "content": "Grapefruit",
                  "boundingBox": [
                    1.0842,
                    2.2521,
                    1.7371,
                    2.2521,
                    1.7371,
                    2.3839,
                    1.0842,
                    2.3839
                  ],
                  "confidence": 1,
                  "span": {
                    "offset": 75,
                    "length": 10
                  }
                },
                {
                  "content": "1.00",
                  "boundingBox": [
                    2.39,
                    2.2587,
                    2.6439,
                    2.2587,
                    2.6439,
                    2.3582,
                    2.39,
                    2.3582
                  ],
                  "confidence": 1,
                  "span": {
                    "offset": 86,
                    "length": 4
                  }
                },
                {
                  "content": "4.00",
                  "boundingBox": [
                    3.6792,
                    2.2587,
                    3.9426,
                    2.2587,
                    3.9426,
                    2.3582,
                    3.6792,
                    2.3582
                  ],
                  "confidence": 1,
                  "span": {
                    "offset": 91,
                    "length": 4
                  }
                },
                {
                  "content": "5.00",
                  "boundingBox": [
                    4.9835,
                    2.2587,
                    5.2429,
                    2.2587,
                    5.2429,
                    2.3582,
                    4.9835,
                    2.3582
                  ],
                  "confidence": 1,
                  "span": {
                    "offset": 96,
                    "length": 4
                  }
                },
                {
                  "content": "Pear",
                  "boundingBox": [
                    1.0892,
                    2.4534,
                    1.3643,
                    2.4534,
                    1.3643,
                    2.5518,
                    1.0892,
                    2.5518
                  ],
                  "confidence": 1,
                  "span": {
                    "offset": 101,
                    "length": 4
                  }
                },
                {
                  "content": "2.00",
                  "boundingBox": [
                    3.6843,
                    2.452,
                    3.9426,
                    2.452,
                    3.9426,
                    2.5515,
                    3.6843,
                    2.5515
                  ],
                  "confidence": 1,
                  "span": {
                    "offset": 106,
                    "length": 4
                  }
                },
                {
                  "content": "2.00",
                  "boundingBox": [
                    4.9846,
                    2.452,
                    5.2429,
                    2.452,
                    5.2429,
                    2.5515,
                    4.9846,
                    2.5515
                  ],
                  "confidence": 1,
                  "span": {
                    "offset": 111,
                    "length": 4
                  }
                }
              ],
              "selectionMarks": [],
              "lines": [
                {
                  "content": "Con",
                  "boundingBox": [
                    1.0075,
                    1.0471,
                    1.2329,
                    1.0471,
                    1.2329,
                    1.1465,
                    1.0075,
                    1.1465
                  ],
                  "spans": [
                    {
                      "offset": 0,
                      "length": 3
                    }
                  ]
                },
                {
                  "content": "t",
                  "boundingBox": [
                    1.2461,
                    1.0557,
                    1.2901,
                    1.0557,
                    1.2901,
                    1.1464,
                    1.2461,
                    1.1464
                  ],
                  "spans": [
                    {
                      "offset": 4,
                      "length": 1
                    }
                  ]
                },
                {
                  "content": "oso, Ltd.",
                  "boundingBox": [
                    1.3004,
                    1.0413,
                    1.8111,
                    1.0413,
                    1.8111,
                    1.1669,
                    1.3004,
                    1.1669
                  ],
                  "spans": [
                    {
                      "offset": 6,
                      "length": 9
                    }
                  ]
                },
                {
                  "content": "Price",
                  "boundingBox": [
                    2.3875,
                    1.6753,
                    2.6861,
                    1.6753,
                    2.6861,
                    1.7785,
                    2.3875,
                    1.7785
                  ],
                  "spans": [
                    {
                      "offset": 16,
                      "length": 5
                    }
                  ]
                },
                {
                  "content": "Tax",
                  "boundingBox": [
                    3.6766,
                    1.68,
                    3.8953,
                    1.68,
                    3.8953,
                    1.7785,
                    3.6766,
                    1.7785
                  ],
                  "spans": [
                    {
                      "offset": 22,
                      "length": 3
                    }
                  ]
                },
                {
                  "content": "Total",
                  "boundingBox": [
                    4.9769,
                    1.6727,
                    5.2909,
                    1.6727,
                    5.2909,
                    1.7785,
                    4.9769,
                    1.7785
                  ],
                  "spans": [
                    {
                      "offset": 26,
                      "length": 5
                    }
                  ]
                },
                {
                  "content": "Apple",
                  "boundingBox": [
                    1.0804,
                    1.866,
                    1.4448,
                    1.866,
                    1.4448,
                    1.9973,
                    1.0804,
                    1.9973
                  ],
                  "spans": [
                    {
                      "offset": 32,
                      "length": 5
                    }
                  ]
                },
                {
                  "content": "5.00",
                  "boundingBox": [
                    2.3845,
                    1.872,
                    2.6439,
                    1.872,
                    2.6439,
                    1.9715,
                    2.3845,
                    1.9715
                  ],
                  "spans": [
                    {
                      "offset": 38,
                      "length": 4
                    }
                  ]
                },
                {
                  "content": "2.00",
                  "boundingBox": [
                    3.6843,
                    1.872,
                    3.9426,
                    1.872,
                    3.9426,
                    1.9715,
                    3.6843,
                    1.9715
                  ],
                  "spans": [
                    {
                      "offset": 43,
                      "length": 4
                    }
                  ]
                },
                {
                  "content": "7.00",
                  "boundingBox": [
                    4.9833,
                    1.872,
                    5.2429,
                    1.872,
                    5.2429,
                    1.9715,
                    4.9833,
                    1.9715
                  ],
                  "spans": [
                    {
                      "offset": 48,
                      "length": 4
                    }
                  ]
                },
                {
                  "content": "Orange",
                  "boundingBox": [
                    1.0846,
                    2.065,
                    1.5381,
                    2.065,
                    1.5381,
                    2.1908,
                    1.0846,
                    2.1908
                  ],
                  "spans": [
                    {
                      "offset": 53,
                      "length": 6
                    }
                  ]
                },
                {
                  "content": "2.00",
                  "boundingBox": [
                    2.3855,
                    2.0653,
                    2.6439,
                    2.0653,
                    2.6439,
                    2.1648,
                    2.3855,
                    2.1648
                  ],
                  "spans": [
                    {
                      "offset": 60,
                      "length": 4
                    }
                  ]
                },
                {
                  "content": "1.00",
                  "boundingBox": [
                    3.6887,
                    2.0653,
                    3.9426,
                    2.0653,
                    3.9426,
                    2.1648,
                    3.6887,
                    2.1648
                  ],
                  "spans": [
                    {
                      "offset": 65,
                      "length": 4
                    }
                  ]
                },
                {
                  "content": "3.00",
                  "boundingBox": [
                    4.9836,
                    2.0653,
                    5.2429,
                    2.0653,
                    5.2429,
                    2.1648,
                    4.9836,
                    2.1648
                  ],
                  "spans": [
                    {
                      "offset": 70,
                      "length": 4
                    }
                  ]
                },
                {
                  "content": "Grapefruit",
                  "boundingBox": [
                    1.0842,
                    2.2521,
                    1.7371,
                    2.2521,
                    1.7371,
                    2.3839,
                    1.0842,
                    2.3839
                  ],
                  "spans": [
                    {
                      "offset": 75,
                      "length": 10
                    }
                  ]
                },
                {
                  "content": "1.00",
                  "boundingBox": [
                    2.39,
                    2.2587,
                    2.6439,
                    2.2587,
                    2.6439,
                    2.3582,
                    2.39,
                    2.3582
                  ],
                  "spans": [
                    {
                      "offset": 86,
                      "length": 4
                    }
                  ]
                },
                {
                  "content": "4.00",
                  "boundingBox": [
                    3.6792,
                    2.2587,
                    3.9426,
                    2.2587,
                    3.9426,
                    2.3582,
                    3.6792,
                    2.3582
                  ],
                  "spans": [
                    {
                      "offset": 91,
                      "length": 4
                    }
                  ]
                },
                {
                  "content": "5.00",
                  "boundingBox": [
                    4.9835,
                    2.2587,
                    5.2429,
                    2.2587,
                    5.2429,
                    2.3582,
                    4.9835,
                    2.3582
                  ],
                  "spans": [
                    {
                      "offset": 96,
                      "length": 4
                    }
                  ]
                },
                {
                  "content": "Pear",
                  "boundingBox": [
                    1.0892,
                    2.4534,
                    1.3643,
                    2.4534,
                    1.3643,
                    2.5518,
                    1.0892,
                    2.5518
                  ],
                  "spans": [
                    {
                      "offset": 101,
                      "length": 4
                    }
                  ]
                },
                {
                  "content": "2.00",
                  "boundingBox": [
                    3.6843,
                    2.452,
                    3.9426,
                    2.452,
                    3.9426,
                    2.5515,
                    3.6843,
                    2.5515
                  ],
                  "spans": [
                    {
                      "offset": 106,
                      "length": 4
                    }
                  ]
                },
                {
                  "content": "2.00",
                  "boundingBox": [
                    4.9846,
                    2.452,
                    5.2429,
                    2.452,
                    5.2429,
                    2.5515,
                    4.9846,
                    2.5515
                  ],
                  "spans": [
                    {
                      "offset": 111,
                      "length": 4
                    }
                  ]
                }
              ],
              "spans": [
                {
                  "offset": 0,
                  "length": 115
                }
              ]
            }
          ],
          "tables": [
            {
              "rowCount": 5,
              "columnCount": 4,
              "cells": [
                {
                  "kind": "columnHeader",
                  "rowIndex": 0,
                  "columnIndex": 0,
                  "rowSpan": 1,
                  "columnSpan": 1,
                  "content": "",
                  "boundingRegions": [
                    {
                      "pageNumber": 1,
                      "boundingBox": [
                        0.9959,
                        1.6212,
                        2.309,
                        1.6212,
                        2.3036,
                        1.8219,
                        0.9959,
                        1.8219
                      ]
                    }
                  ],
                  "spans": []
                },
                {
                  "kind": "columnHeader",
                  "rowIndex": 0,
                  "columnIndex": 1,
                  "rowSpan": 1,
                  "columnSpan": 1,
                  "content": "Price",
                  "boundingRegions": [
                    {
                      "pageNumber": 1,
                      "boundingBox": [
                        2.309,
                        1.6212,
                        3.6006,
                        1.6212,
                        3.6006,
                        1.8219,
                        2.3036,
                        1.8219
                      ]
                    }
                  ],
                  "spans": [
                    {
                      "offset": 16,
                      "length": 5
                    }
                  ]
                },
                {
                  "kind": "columnHeader",
                  "rowIndex": 0,
                  "columnIndex": 2,
                  "rowSpan": 1,
                  "columnSpan": 1,
                  "content": "Tax",
                  "boundingRegions": [
                    {
                      "pageNumber": 1,
                      "boundingBox": [
                        3.6006,
                        1.6212,
                        4.8867,
                        1.6212,
                        4.8921,
                        1.8269,
                        3.6006,
                        1.8219
                      ]
                    }
                  ],
                  "spans": [
                    {
                      "offset": 22,
                      "length": 3
                    }
                  ]
                },
                {
                  "kind": "columnHeader",
                  "rowIndex": 0,
                  "columnIndex": 3,
                  "rowSpan": 1,
                  "columnSpan": 1,
                  "content": "Total",
                  "boundingRegions": [
                    {
                      "pageNumber": 1,
                      "boundingBox": [
                        4.8867,
                        1.6212,
                        6.1945,
                        1.6212,
                        6.1945,
                        1.8269,
                        4.8921,
                        1.8269
                      ]
                    }
                  ],
                  "spans": [
                    {
                      "offset": 26,
                      "length": 5
                    }
                  ]
                },
                {
                  "rowIndex": 1,
                  "columnIndex": 0,
                  "rowSpan": 1,
                  "columnSpan": 1,
                  "content": "Apple",
                  "boundingRegions": [
                    {
                      "pageNumber": 1,
                      "boundingBox": [
                        0.9959,
                        1.8219,
                        2.3036,
                        1.8219,
                        2.3036,
                        2.0125,
                        0.9959,
                        2.0125
                      ]
                    }
                  ],
                  "spans": [
                    {
                      "offset": 32,
                      "length": 5
                    }
                  ]
                },
                {
                  "rowIndex": 1,
                  "columnIndex": 1,
                  "rowSpan": 1,
                  "columnSpan": 1,
                  "content": "5.00",
                  "boundingRegions": [
                    {
                      "pageNumber": 1,
                      "boundingBox": [
                        2.3036,
                        1.8219,
                        3.6006,
                        1.8219,
                        3.6006,
                        2.0125,
                        2.3036,
                        2.0125
                      ]
                    }
                  ],
                  "spans": [
                    {
                      "offset": 38,
                      "length": 4
                    }
                  ]
                },
                {
                  "rowIndex": 1,
                  "columnIndex": 2,
                  "rowSpan": 1,
                  "columnSpan": 1,
                  "content": "2.00",
                  "boundingRegions": [
                    {
                      "pageNumber": 1,
                      "boundingBox": [
                        3.6006,
                        1.8219,
                        4.8921,
                        1.8269,
                        4.8921,
                        2.0125,
                        3.6006,
                        2.0125
                      ]
                    }
                  ],
                  "spans": [
                    {
                      "offset": 43,
                      "length": 4
                    }
                  ]
                },
                {
                  "rowIndex": 1,
                  "columnIndex": 3,
                  "rowSpan": 1,
                  "columnSpan": 1,
                  "content": "7.00",
                  "boundingRegions": [
                    {
                      "pageNumber": 1,
                      "boundingBox": [
                        4.8921,
                        1.8269,
                        6.1945,
                        1.8269,
                        6.1945,
                        2.0125,
                        4.8921,
                        2.0125
                      ]
                    }
                  ],
                  "spans": [
                    {
                      "offset": 48,
                      "length": 4
                    }
                  ]
                },
                {
                  "rowIndex": 2,
                  "columnIndex": 0,
                  "rowSpan": 1,
                  "columnSpan": 1,
                  "content": "Orange",
                  "boundingRegions": [
                    {
                      "pageNumber": 1,
                      "boundingBox": [
                        0.9959,
                        2.0125,
                        2.3036,
                        2.0125,
                        2.3036,
                        2.2082,
                        0.9959,
                        2.2032
                      ]
                    }
                  ],
                  "spans": [
                    {
                      "offset": 53,
                      "length": 6
                    }
                  ]
                },
                {
                  "rowIndex": 2,
                  "columnIndex": 1,
                  "rowSpan": 1,
                  "columnSpan": 1,
                  "content": "2.00",
                  "boundingRegions": [
                    {
                      "pageNumber": 1,
                      "boundingBox": [
                        2.3036,
                        2.0125,
                        3.6006,
                        2.0125,
                        3.6006,
                        2.2082,
                        2.3036,
                        2.2082
                      ]
                    }
                  ],
                  "spans": [
                    {
                      "offset": 60,
                      "length": 4
                    }
                  ]
                },
                {
                  "rowIndex": 2,
                  "columnIndex": 2,
                  "rowSpan": 1,
                  "columnSpan": 1,
                  "content": "1.00",
                  "boundingRegions": [
                    {
                      "pageNumber": 1,
                      "boundingBox": [
                        3.6006,
                        2.0125,
                        4.8921,
                        2.0125,
                        4.8921,
                        2.2082,
                        3.6006,
                        2.2082
                      ]
                    }
                  ],
                  "spans": [
                    {
                      "offset": 65,
                      "length": 4
                    }
                  ]
                },
                {
                  "rowIndex": 2,
                  "columnIndex": 3,
                  "rowSpan": 1,
                  "columnSpan": 1,
                  "content": "3.00",
                  "boundingRegions": [
                    {
                      "pageNumber": 1,
                      "boundingBox": [
                        4.8921,
                        2.0125,
                        6.1945,
                        2.0125,
                        6.1945,
                        2.2082,
                        4.8921,
                        2.2082
                      ]
                    }
                  ],
                  "spans": [
                    {
                      "offset": 70,
                      "length": 4
                    }
                  ]
                },
                {
                  "rowIndex": 3,
                  "columnIndex": 0,
                  "rowSpan": 1,
                  "columnSpan": 1,
                  "content": "Grapefruit",
                  "boundingRegions": [
                    {
                      "pageNumber": 1,
                      "boundingBox": [
                        0.9959,
                        2.2032,
                        2.3036,
                        2.2082,
                        2.2982,
                        2.3988,
                        0.9959,
                        2.3988
                      ]
                    }
                  ],
                  "spans": [
                    {
                      "offset": 75,
                      "length": 10
                    }
                  ]
                },
                {
                  "rowIndex": 3,
                  "columnIndex": 1,
                  "rowSpan": 1,
                  "columnSpan": 1,
                  "content": "1.00",
                  "boundingRegions": [
                    {
                      "pageNumber": 1,
                      "boundingBox": [
                        2.3036,
                        2.2082,
                        3.6006,
                        2.2082,
                        3.6006,
                        2.3988,
                        2.2982,
                        2.3988
                      ]
                    }
                  ],
                  "spans": [
                    {
                      "offset": 86,
                      "length": 4
                    }
                  ]
                },
                {
                  "rowIndex": 3,
                  "columnIndex": 2,
                  "rowSpan": 1,
                  "columnSpan": 1,
                  "content": "4.00",
                  "boundingRegions": [
                    {
                      "pageNumber": 1,
                      "boundingBox": [
                        3.6006,
                        2.2082,
                        4.8921,
                        2.2082,
                        4.8921,
                        2.3988,
                        3.6006,
                        2.3988
                      ]
                    }
                  ],
                  "spans": [
                    {
                      "offset": 91,
                      "length": 4
                    }
                  ]
                },
                {
                  "rowIndex": 3,
                  "columnIndex": 3,
                  "rowSpan": 1,
                  "columnSpan": 1,
                  "content": "5.00",
                  "boundingRegions": [
                    {
                      "pageNumber": 1,
                      "boundingBox": [
                        4.8921,
                        2.2082,
                        6.1945,
                        2.2082,
                        6.1945,
                        2.3988,
                        4.8921,
                        2.3988
                      ]
                    }
                  ],
                  "spans": [
                    {
                      "offset": 96,
                      "length": 4
                    }
                  ]
                },
                {
                  "rowIndex": 4,
                  "columnIndex": 0,
                  "rowSpan": 1,
                  "columnSpan": 1,
                  "content": "Pear",
                  "boundingRegions": [
                    {
                      "pageNumber": 1,
                      "boundingBox": [
                        0.9959,
                        2.3988,
                        2.2982,
                        2.3988,
                        2.2982,
                        2.5945,
                        0.9959,
                        2.5945
                      ]
                    }
                  ],
                  "spans": [
                    {
                      "offset": 101,
                      "length": 4
                    }
                  ]
                },
                {
                  "rowIndex": 4,
                  "columnIndex": 1,
                  "rowSpan": 1,
                  "columnSpan": 1,
                  "content": "",
                  "boundingRegions": [
                    {
                      "pageNumber": 1,
                      "boundingBox": [
                        2.2982,
                        2.3988,
                        3.6006,
                        2.3988,
                        3.6006,
                        2.5945,
                        2.2982,
                        2.5945
                      ]
                    }
                  ],
                  "spans": []
                },
                {
                  "rowIndex": 4,
                  "columnIndex": 2,
                  "rowSpan": 1,
                  "columnSpan": 1,
                  "content": "2.00",
                  "boundingRegions": [
                    {
                      "pageNumber": 1,
                      "boundingBox": [
                        3.6006,
                        2.3988,
                        4.8921,
                        2.3988,
                        4.8975,
                        2.5945,
                        3.6006,
                        2.5945
                      ]
                    }
                  ],
                  "spans": [
                    {
                      "offset": 106,
                      "length": 4
                    }
                  ]
                },
                {
                  "rowIndex": 4,
                  "columnIndex": 3,
                  "rowSpan": 1,
                  "columnSpan": 1,
                  "content": "2.00",
                  "boundingRegions": [
                    {
                      "pageNumber": 1,
                      "boundingBox": [
                        4.8921,
                        2.3988,
                        6.1945,
                        2.3988,
                        6.1891,
                        2.5945,
                        4.8975,
                        2.5945
                      ]
                    }
                  ],
                  "spans": [
                    {
                      "offset": 111,
                      "length": 4
                    }
                  ]
                }
              ],
              "boundingRegions": [
                {
                  "pageNumber": 1,
                  "boundingBox": [
                    0.9997,
                    1.6219,
                    6.2059,
                    1.6225,
                    6.2055,
                    2.6014,
                    0.9991,
                    2.6009
                  ]
                }
              ],
              "spans": [
                {
                  "offset": 16,
                  "length": 99
                }
              ]
            }
          ],
          "documents": [
            {
              "docType": "1609919823:1609919823",
              "boundingRegions": [
                {
                  "pageNumber": 1,
                  "boundingBox": [
                    0,
                    0,
                    8.5,
                    0,
                    8.5,
                    11,
                    0,
                    11
                  ]
                }
              ],
              "fields": {
                "table": {
                  "type": "object",
                  "valueObject": {
                    "Apple": {
                      "type": "object",
                      "valueObject": {
                        "Price": {
                          "type": "string",
                          "valueString": "5.00",
                          "content": "5.00",
                          "boundingRegions": [
                            {
                              "pageNumber": 1,
                              "boundingBox": [
                                2.3850000000000002,
                                1.87,
                                2.645,
                                1.87,
                                2.645,
                                1.97,
                                2.3850000000000002,
                                1.97
                              ]
                            }
                          ],
                          "spans": [
                            {
                              "offset": 38,
                              "length": 4
                            }
                          ]
                        },
                        "Tax": {
                          "type": "string",
                          "valueString": "2.00",
                          "content": "2.00",
                          "boundingRegions": [
                            {
                              "pageNumber": 1,
                              "boundingBox": [
                                3.685,
                                1.87,
                                3.9450000000000003,
                                1.87,
                                3.9450000000000003,
                                1.97,
                                3.685,
                                1.97
                              ]
                            }
                          ],
                          "spans": [
                            {
                              "offset": 43,
                              "length": 4
                            }
                          ]
                        },
                        "Total": {
                          "type": "string",
                          "valueString": "7.00",
                          "content": "7.00",
                          "boundingRegions": [
                            {
                              "pageNumber": 1,
                              "boundingBox": [
                                4.985,
                                1.87,
                                5.245,
                                1.87,
                                5.245,
                                1.97,
                                4.985,
                                1.97
                              ]
                            }
                          ],
                          "spans": [
                            {
                              "offset": 48,
                              "length": 4
                            }
                          ]
                        }
                      }
                    },
                    "Orange": {
                      "type": "object",
                      "valueObject": {
                        "Price": {
                          "type": "string",
                          "valueString": "2.00",
                          "content": "2.00",
                          "boundingRegions": [
                            {
                              "pageNumber": 1,
                              "boundingBox": [
                                2.3850000000000002,
                                2.065,
                                2.645,
                                2.065,
                                2.645,
                                2.165,
                                2.3850000000000002,
                                2.165
                              ]
                            }
                          ],
                          "spans": [
                            {
                              "offset": 60,
                              "length": 4
                            }
                          ]
                        },
                        "Tax": {
                          "type": "string",
                          "valueString": "1.00",
                          "content": "1.00",
                          "boundingRegions": [
                            {
                              "pageNumber": 1,
                              "boundingBox": [
                                3.69,
                                2.065,
                                3.9450000000000003,
                                2.065,
                                3.9450000000000003,
                                2.165,
                                3.69,
                                2.165
                              ]
                            }
                          ],
                          "spans": [
                            {
                              "offset": 65,
                              "length": 4
                            }
                          ]
                        },
                        "Total": {
                          "type": "string",
                          "valueString": "3.00",
                          "content": "3.00",
                          "boundingRegions": [
                            {
                              "pageNumber": 1,
                              "boundingBox": [
                                4.985,
                                2.065,
                                5.245,
                                2.065,
                                5.245,
                                2.165,
                                4.985,
                                2.165
                              ]
                            }
                          ],
                          "spans": [
                            {
                              "offset": 70,
                              "length": 4
                            }
                          ]
                        }
                      }
                    },
                    "Grapefruit": {
                      "type": "object",
                      "valueObject": {
                        "Price": {
                          "type": "string",
                          "valueString": "1.00",
                          "content": "1.00",
                          "boundingRegions": [
                            {
                              "pageNumber": 1,
                              "boundingBox": [
                                2.39,
                                2.2600000000000002,
                                2.645,
                                2.2600000000000002,
                                2.645,
                                2.36,
                                2.39,
                                2.36
                              ]
                            }
                          ],
                          "spans": [
                            {
                              "offset": 86,
                              "length": 4
                            }
                          ]
                        },
                        "Tax": {
                          "type": "string",
                          "valueString": "4.00",
                          "content": "4.00",
                          "boundingRegions": [
                            {
                              "pageNumber": 1,
                              "boundingBox": [
                                3.68,
                                2.2600000000000002,
                                3.9450000000000003,
                                2.2600000000000002,
                                3.9450000000000003,
                                2.36,
                                3.68,
                                2.36
                              ]
                            }
                          ],
                          "spans": [
                            {
                              "offset": 91,
                              "length": 4
                            }
                          ]
                        },
                        "Total": {
                          "type": "string",
                          "valueString": "5.00",
                          "content": "5.00",
                          "boundingRegions": [
                            {
                              "pageNumber": 1,
                              "boundingBox": [
                                4.985,
                                2.2600000000000002,
                                5.245,
                                2.2600000000000002,
                                5.245,
                                2.36,
                                4.985,
                                2.36
                              ]
                            }
                          ],
                          "spans": [
                            {
                              "offset": 96,
                              "length": 4
                            }
                          ]
                        }
                      }
                    },
                    "Pear": {
                      "type": "object",
                      "valueObject": {
                        "Price": {
                          "type": "string"
                        },
                        "Tax": {
                          "type": "string",
                          "valueString": "2.00",
                          "content": "2.00",
                          "boundingRegions": [
                            {
                              "pageNumber": 1,
                              "boundingBox": [
                                3.685,
                                2.45,
                                3.9450000000000003,
                                2.45,
                                3.9450000000000003,
                                2.5500000000000003,
                                3.685,
                                2.5500000000000003
                              ]
                            }
                          ],
                          "spans": [
                            {
                              "offset": 106,
                              "length": 4
                            }
                          ]
                        },
                        "Total": {
                          "type": "string",
                          "valueString": "2.00",
                          "content": "2.00",
                          "boundingRegions": [
                            {
                              "pageNumber": 1,
                              "boundingBox": [
                                4.985,
                                2.45,
                                5.245,
                                2.45,
                                5.245,
                                2.5500000000000003,
                                4.985,
                                2.5500000000000003
                              ]
                            }
                          ],
                          "spans": [
                            {
                              "offset": 111,
                              "length": 4
                            }
                          ]
                        }
                      }
                    }
                  }
                }
              },
              "confidence": 0.934,
              "spans": [
                {
                  "offset": 0,
                  "length": 115
                }
              ]
            }
          ]
        }
      }
    },
    {
      "RequestUri": "https://camaiaor-canary.cognitiveservices.azure.com/formrecognizer/documentModels/1609919823?api-version=2021-09-30-preview",
      "RequestMethod": "DELETE",
      "RequestHeaders": {
        "Accept": "application/json",
        "Ocp-Apim-Subscription-Key": "Sanitized",
        "traceparent": "00-59928911fbc4574c90986abf4a5e49a0-b995ae1418d6cc44-00",
        "User-Agent": "azsdk-net-AI.FormRecognizer/4.0.0-alpha.20210928.1 (.NET Framework 4.8.4300.0; Microsoft Windows 10.0.19043 )",
        "x-ms-client-request-id": "b1ee93aafd1b1bb58f45dd94cb0d47b6",
        "x-ms-return-client-request-id": "true"
      },
      "RequestBody": null,
      "StatusCode": 204,
      "ResponseHeaders": {
        "apim-request-id": "8e348308-dc36-4648-9ca6-c760284c8c70",
        "Content-Length": "0",
        "Date": "Tue, 28 Sep 2021 14:21:28 GMT",
        "Strict-Transport-Security": "max-age=31536000; includeSubDomains; preload",
        "x-content-type-options": "nosniff",
        "x-envoy-upstream-service-time": "249"
      },
      "ResponseBody": []
    }
  ],
  "Variables": {
    "FORM_RECOGNIZER_API_KEY": "Sanitized",
    "FORM_RECOGNIZER_ENDPOINT": "https://camaiaor-canary.cognitiveservices.azure.com/",
    "FORM_RECOGNIZER_TABLE_FIXED_ROWS_BLOB_CONTAINER_SAS_URL": "https://sanitized.blob.core.windows.net",
    "RandomSeed": "1607655091"
  }
}