{
  "Entries": [
    {
      "RequestUri": "https://management.azure.com/subscriptions/db1ab6f0-4769-4b27-930e-01e2ef9c123c/resourceGroups/Default-Dns-9612/providers/Microsoft.Network/dnsZones/azure.ameredmond.dns?api-version=2018-05-01",
      "RequestMethod": "PUT",
      "RequestHeaders": {
        "Authorization": "Sanitized",
        "Content-Length": "62",
        "Content-Type": "application/json",
        "traceparent": "00-89742688f7742d45a12e4af1559cceac-e30e6ac1d723df46-00",
        "User-Agent": [
          "azsdk-net-ResourceManager.Dns/1.0.0-alpha.20200915.1",
          "(.NET Core 4.6.29130.01; Linux 4.19.104-microsoft-standard #1 SMP Wed Feb 19 06:37:35 UTC 2020)"
        ],
        "x-ms-client-request-id": "0ec43ee1d1d2e4010ab51cd095324306",
        "x-ms-return-client-request-id": "true"
      },
      "RequestBody": {
        "location": "Global",
        "tags": {
          "key1": "value1"
        },
        "properties": {}
      },
      "StatusCode": 201,
      "ResponseHeaders": {
        "Cache-Control": "private",
        "Content-Length": "555",
        "Content-Type": "application/json; charset=utf-8",
        "Date": "Tue, 15 Sep 2020 22:50:17 GMT",
        "ETag": "00000002-0000-0000-0249-7e94b28bd601",
        "Server": "Microsoft-IIS/10.0",
        "Strict-Transport-Security": "max-age=31536000; includeSubDomains",
        "X-Content-Type-Options": "nosniff",
        "x-ms-correlation-request-id": "32e2a472-3fdb-4091-9000-c362b5d04b69",
        "x-ms-ratelimit-remaining-subscription-resource-requests": "11986",
        "x-ms-request-id": "0ec43ee1-d1d2-e401-0ab5-1cd095324306",
        "x-ms-routing-request-id": "WESTUS2:20200915T225017Z:32e2a472-3fdb-4091-9000-c362b5d04b69",
        "X-Powered-By": "ASP.NET"
      },
      "ResponseBody": "{\u0022id\u0022:\u0022\\/subscriptions\\/db1ab6f0-4769-4b27-930e-01e2ef9c123c\\/resourceGroups\\/default-dns-9612\\/providers\\/Microsoft.Network\\/dnszones\\/azure.ameredmond.dns\u0022,\u0022name\u0022:\u0022azure.ameredmond.dns\u0022,\u0022type\u0022:\u0022Microsoft.Network\\/dnszones\u0022,\u0022etag\u0022:\u002200000002-0000-0000-0249-7e94b28bd601\u0022,\u0022location\u0022:\u0022global\u0022,\u0022tags\u0022:{\u0022key1\u0022:\u0022value1\u0022},\u0022properties\u0022:{\u0022maxNumberOfRecordSets\u0022:10000,\u0022maxNumberOfRecordsPerRecordSet\u0022:null,\u0022nameServers\u0022:[\u0022ns1-07.azure-dns.com.\u0022,\u0022ns2-07.azure-dns.net.\u0022,\u0022ns3-07.azure-dns.org.\u0022,\u0022ns4-07.azure-dns.info.\u0022],\u0022numberOfRecordSets\u0022:2,\u0022zoneType\u0022:\u0022Public\u0022}}"
    },
    {
      "RequestUri": "https://management.azure.com/subscriptions/db1ab6f0-4769-4b27-930e-01e2ef9c123c/resourceGroups/Default-Dns-9612/providers/Microsoft.Network/dnsZones/azure.ameredmond.dns?api-version=2018-05-01",
      "RequestMethod": "PUT",
      "RequestHeaders": {
        "Authorization": "Sanitized",
        "Content-Length": "127",
        "Content-Type": "application/json",
        "If-Match": "somegibberish",
        "traceparent": "00-6ca835fd14a83441aec0dd0811ed84af-dc17d25082d77149-00",
        "User-Agent": [
          "azsdk-net-ResourceManager.Dns/1.0.0-alpha.20200915.1",
          "(.NET Core 4.6.29130.01; Linux 4.19.104-microsoft-standard #1 SMP Wed Feb 19 06:37:35 UTC 2020)"
        ],
        "x-ms-client-request-id": "7b4c7b0a286b67ecf7b62b9d7253ef88",
        "x-ms-return-client-request-id": "true"
      },
      "RequestBody": {
        "etag": "00000002-0000-0000-0249-7e94b28bd601",
        "location": "global",
        "tags": {
          "key1": "value1"
        },
        "properties": {
          "zoneType": "Public"
        }
      },
      "StatusCode": 412,
      "ResponseHeaders": {
        "Cache-Control": "private",
        "Content-Length": "106",
        "Content-Type": "application/json; charset=utf-8",
        "Date": "Tue, 15 Sep 2020 22:50:18 GMT",
        "Server": "Microsoft-IIS/10.0",
        "Strict-Transport-Security": "max-age=31536000; includeSubDomains",
        "X-Content-Type-Options": "nosniff",
        "x-ms-correlation-request-id": "8e8c6bb3-1d24-4d7f-b57d-b8bb248e797d",
        "x-ms-ratelimit-remaining-subscription-resource-requests": "11985",
        "x-ms-request-id": "7b4c7b0a-286b-67ec-f7b6-2b9d7253ef88",
        "x-ms-routing-request-id": "WESTUS2:20200915T225018Z:8e8c6bb3-1d24-4d7f-b57d-b8bb248e797d",
        "X-Powered-By": "ASP.NET"
      },
      "ResponseBody": {
        "code": "PreconditionFailed",
        "message": "The Zone azure.ameredmond.dns has been modified (etag mismatch)."
      }
    },
    {
      "RequestUri": "https://management.azure.com/subscriptions/db1ab6f0-4769-4b27-930e-01e2ef9c123c/resourceGroups/Default-Dns-9612/providers/Microsoft.Network/dnsZones/azure.ameredmond.dns?api-version=2018-05-01",
      "RequestMethod": "DELETE",
      "RequestHeaders": {
        "Authorization": "Sanitized",
        "traceparent": "00-230e3cedf8c33248befa5aeab061820f-ef153ddb0cfb9a4f-00",
        "User-Agent": [
          "azsdk-net-ResourceManager.Dns/1.0.0-alpha.20200915.1",
          "(.NET Core 4.6.29130.01; Linux 4.19.104-microsoft-standard #1 SMP Wed Feb 19 06:37:35 UTC 2020)"
        ],
        "x-ms-client-request-id": "5f521a8ed6d54cfaf3d304231bd90dd3",
        "x-ms-return-client-request-id": "true"
      },
      "RequestBody": null,
      "StatusCode": 202,
      "ResponseHeaders": {
        "Azure-AsyncOperation": "https://management.azure.com:443/subscriptions/db1ab6f0-4769-4b27-930e-01e2ef9c123c/resourceGroups/default-dns-9612/providers/Microsoft.Network/dnsOperationStatuses/delzone637358070186366974949626e0?api-version=2018-05-01",
        "Cache-Control": "private",
        "Content-Length": "0",
        "Date": "Tue, 15 Sep 2020 22:50:18 GMT",
        "Location": "https://management.azure.com/subscriptions/db1ab6f0-4769-4b27-930e-01e2ef9c123c/resourceGroups/default-dns-9612/providers/Microsoft.Network/dnsOperationResults/delzone637358070186366974949626e0?api-version=2018-05-01",
        "Retry-After": "3",
        "Server": "Microsoft-IIS/10.0",
        "Strict-Transport-Security": "max-age=31536000; includeSubDomains",
        "X-Content-Type-Options": "nosniff",
        "x-ms-correlation-request-id": "078b1e8c-c98a-42c2-bd58-b136262d93d4",
        "x-ms-ratelimit-remaining-subscription-resource-requests": "11988",
        "x-ms-request-id": "5f521a8e-d6d5-4cfa-f3d3-04231bd90dd3",
        "x-ms-routing-request-id": "WESTUS2:20200915T225018Z:078b1e8c-c98a-42c2-bd58-b136262d93d4",
        "X-Powered-By": "ASP.NET"
      },
      "ResponseBody": []
    }
  ],
  "Variables": {
    "RandomSeed": "1475455844",
    "SUBSCRIPTION_ID": "db1ab6f0-4769-4b27-930e-01e2ef9c123c"
  }
}