{
  "Entries": [
    {
      "RequestUri": "https://management.azure.com/subscriptions/2bf4a339-294d-4c25-b0b2-ef649e9f5c27?api-version=2021-01-01",
      "RequestMethod": "GET",
      "RequestHeaders": {
        "Accept": "application/json",
        "Authorization": "Sanitized",
        "traceparent": "00-317656bdd17a5359c8e6fc0d77717931-c1d5009f507eea0b-00",
        "User-Agent": "azsdk-net-ResourceManager/1.6.0 (.NET 7.0.7; Microsoft Windows 10.0.22621)",
        "x-ms-client-request-id": "b7a29980c6fa2ff63ba4003800813c2e",
        "x-ms-return-client-request-id": "true"
      },
      "RequestBody": null,
      "StatusCode": 200,
      "ResponseHeaders": {
        "Cache-Control": "no-cache",
        "Content-Length": "440",
        "Content-Type": "application/json; charset=utf-8",
        "Date": "Fri, 30 Jun 2023 17:25:16 GMT",
        "Expires": "-1",
        "Pragma": "no-cache",
        "Strict-Transport-Security": "max-age=31536000; includeSubDomains",
        "X-Content-Type-Options": "nosniff",
        "x-ms-correlation-request-id": "95f1b396-8479-49e0-afae-a738d6359021",
        "x-ms-ratelimit-remaining-subscription-reads": "11986",
        "x-ms-request-id": "95f1b396-8479-49e0-afae-a738d6359021",
        "x-ms-routing-request-id": "SOUTHINDIA:20230630T172516Z:95f1b396-8479-49e0-afae-a738d6359021"
      },
      "ResponseBody": {
        "id": "/subscriptions/2bf4a339-294d-4c25-b0b2-ef649e9f5c27",
        "authorizationSource": "RoleBased",
        "managedByTenants": [
          {
            "tenantId": "942b80cd-1b14-42a1-8dcf-4b21dece61ba"
          }
        ],
        "subscriptionId": "2bf4a339-294d-4c25-b0b2-ef649e9f5c27",
        "tenantId": "888d76fa-54b2-4ced-8ee5-aac1585adee7",
        "displayName": "Liftr-PAN",
        "state": "Enabled",
        "subscriptionPolicies": {
          "locationPlacementId": "Public_2014-09-01",
          "quotaId": "PayAsYouGo_2014-09-01",
          "spendingLimit": "Off"
        }
      }
    },
    {
      "RequestUri": "https://management.azure.com/subscriptions/2bf4a339-294d-4c25-b0b2-ef649e9f5c27/resourcegroups/dotnetSdkTest-infra-rg?api-version=**",
      "RequestMethod": "GET",
      "RequestHeaders": {
        "Accept": "application/json",
        "Authorization": "Sanitized",
        "traceparent": "00-baf8714d8ffb62bd01c10f118d241793-0ac77c5ea7a7c6ee-00",
        "User-Agent": "azsdk-net-ResourceManager/1.6.0 (.NET 7.0.7; Microsoft Windows 10.0.22621)",
        "x-ms-client-request-id": "3f145f5c84e698af485fca5b58522c0a",
        "x-ms-return-client-request-id": "true"
      },
      "RequestBody": null,
      "StatusCode": 200,
      "ResponseHeaders": {
        "Cache-Control": "no-cache",
        "Content-Length": "259",
        "Content-Type": "application/json; charset=utf-8",
        "Date": "Fri, 30 Jun 2023 17:25:16 GMT",
        "Expires": "-1",
        "Pragma": "no-cache",
        "Strict-Transport-Security": "max-age=31536000; includeSubDomains",
        "X-Content-Type-Options": "nosniff",
        "x-ms-correlation-request-id": "368ebf7d-35d4-4009-8adf-ecec89a8961a",
        "x-ms-ratelimit-remaining-subscription-reads": "11985",
        "x-ms-request-id": "368ebf7d-35d4-4009-8adf-ecec89a8961a",
        "x-ms-routing-request-id": "SOUTHINDIA:20230630T172516Z:368ebf7d-35d4-4009-8adf-ecec89a8961a"
      },
      "ResponseBody": {
        "id": "/subscriptions/2bf4a339-294d-4c25-b0b2-ef649e9f5c27/resourceGroups/dotnetSdkTest-infra-rg",
        "name": "dotnetSdkTest-infra-rg",
        "type": "Microsoft.Resources/resourceGroups",
        "location": "northcentralus",
        "tags": {},
        "properties": {
          "provisioningState": "Succeeded"
        }
      }
    },
    {
      "RequestUri": "https://management.azure.com/subscriptions/2bf4a339-294d-4c25-b0b2-ef649e9f5c27/resourceGroups/dotnetSdkTest-infra-rg/providers/PaloAltoNetworks.Cloudngfw/localRulestacks/dotnetSdkTest-default-2-lrs?api-version=2022-08-29",
      "RequestMethod": "GET",
      "RequestHeaders": {
        "Accept": "application/json",
        "Authorization": "Sanitized",
        "traceparent": "00-03e8eae00469b1d9286a4d14f5176b85-3c4a229a1f97f7df-00",
        "User-Agent": "azsdk-net-ResourceManager.PaloAltoNetworks.Ngfw/1.0.0-alpha.20230630.1 (.NET 7.0.7; Microsoft Windows 10.0.22621)",
        "x-ms-client-request-id": "d2deb1b6f4f6b9ba8767da5f9a2c7c81",
        "x-ms-return-client-request-id": "true"
      },
      "RequestBody": null,
      "StatusCode": 200,
      "ResponseHeaders": {
        "Cache-Control": "no-cache",
        "Content-Length": "963",
        "Content-Type": "application/json; charset=utf-8",
        "Date": "Fri, 30 Jun 2023 17:25:17 GMT",
        "ETag": "\u002201000a3b-0000-0100-0000-649ef7e30000\u0022",
        "Expires": "-1",
        "Pragma": "no-cache",
        "Strict-Transport-Security": "max-age=31536000; includeSubDomains",
        "X-Content-Type-Options": "nosniff",
        "x-ms-client-request-id": "d2deb1b6f4f6b9ba8767da5f9a2c7c81",
        "x-ms-correlation-request-id": "b175248d-f895-4ff3-95fc-edb18fa06bc7",
        "x-ms-providerhub-traffic": "True",
        "x-ms-ratelimit-remaining-subscription-reads": "11984",
        "x-ms-request-id": "7add22ee-572d-46f4-bbf3-48ee14af1f6b",
        "x-ms-routing-request-id": "SOUTHINDIA:20230630T172517Z:b175248d-f895-4ff3-95fc-edb18fa06bc7"
      },
      "ResponseBody": {
        "id": "/subscriptions/2bf4a339-294d-4c25-b0b2-ef649e9f5c27/resourceGroups/dotnetSdkTest-infra-rg/providers/PaloAltoNetworks.Cloudngfw/localRulestacks/dotnetSdkTest-default-2-lrs",
        "name": "dotnetSdkTest-default-2-lrs",
        "type": "paloaltonetworks.cloudngfw/localrulestacks",
        "location": "eastus2",
        "tags": {},
        "systemData": {
          "createdBy": "vibhuti.sharma@microsoft.com",
          "createdByType": "User",
          "createdAt": "2023-06-28T04:35:51.1909158Z",
          "lastModifiedBy": "54a2195e-8365-444c-8f50-4a5de4be1e2b",
          "lastModifiedByType": "Application",
          "lastModifiedAt": "2023-06-30T15:42:27.12822Z"
        },
        "properties": {
          "scope": "LOCAL",
          "provisioningState": "Succeeded",
          "defaultMode": "FIREWALL",
          "panEtag": "b6b42cbe-175c-11ee-9baa-ca91a7f37567",
          "minAppIdVersion": "8595-7473",
          "securityServices": {
            "vulnerabilityProfile": "BestPractice",
            "antiSpywareProfile": "BestPractice",
            "antiVirusProfile": "BestPractice",
            "urlFilteringProfile": "BestPractice",
            "fileBlockingProfile": "BestPractice",
            "dnsSubscription": "BestPractice"
          }
        }
      }
    },
    {
      "RequestUri": "https://management.azure.com/subscriptions/2bf4a339-294d-4c25-b0b2-ef649e9f5c27/resourceGroups/dotnetSdkTest-infra-rg/providers/PaloAltoNetworks.Cloudngfw/localRulestacks/dotnetSdkTest-default-2-lrs/fqdnlists/dotnetSdkTest-fqdnList?api-version=2022-08-29",
      "RequestMethod": "GET",
      "RequestHeaders": {
        "Accept": "application/json",
        "Authorization": "Sanitized",
        "traceparent": "00-3eba0554a37dc535dd53f329f65147a3-b036b4d6e33a8a5f-00",
        "User-Agent": "azsdk-net-ResourceManager.PaloAltoNetworks.Ngfw/1.0.0-alpha.20230630.1 (.NET 7.0.7; Microsoft Windows 10.0.22621)",
        "x-ms-client-request-id": "8ac06fdbbe30fb57e90a6f9afc9bd7e8",
        "x-ms-return-client-request-id": "true"
      },
      "RequestBody": null,
      "StatusCode": 200,
      "ResponseHeaders": {
        "Cache-Control": "no-cache",
        "Content-Length": "421",
        "Content-Type": "application/json; charset=utf-8",
        "Date": "Fri, 30 Jun 2023 17:25:18 GMT",
        "Expires": "-1",
        "mise-correlation-id": "a01480c0-873b-4648-9fe6-c6c05a9158a2",
        "Pragma": "no-cache",
        "Request-Context": "appId=cid-v1:4aa06bd6-38f4-4944-9612-cd84d39b5e90",
        "Strict-Transport-Security": "max-age=31536000; includeSubDomains",
        "X-Content-Type-Options": "nosniff",
        "x-ms-client-request-id": "8ac06fdbbe30fb57e90a6f9afc9bd7e8",
        "x-ms-correlation-request-id": "84dd8f6a-b7ad-4662-bb29-cede83e4b6d9",
        "x-ms-providerhub-traffic": "True",
        "x-ms-ratelimit-remaining-subscription-reads": "11983",
        "x-ms-request-id": "e87979a1-e0c9-4512-9900-24b688320286",
        "x-ms-routing-request-id": "SOUTHINDIA:20230630T172518Z:84dd8f6a-b7ad-4662-bb29-cede83e4b6d9"
      },
      "ResponseBody": {
        "id": "/subscriptions/2bf4a339-294d-4c25-b0b2-ef649e9f5c27/resourceGroups/dotnetSdkTest-infra-rg/providers/PaloAltoNetworks.Cloudngfw/localRulestacks/dotnetSdkTest-default-2-lrs/fqdnlists/dotnetSdkTest-fqdnList",
        "name": "dotnetSdkTest-fqdnList",
        "type": "localRulestacks/prefixlists",
        "properties": {
          "description": "",
          "fqdnList": [
            "www.google.com"
          ],
          "etag": "e50e9226-176a-11ee-8f9d-ca91a7f37567",
          "provisioningState": "Succeeded"
        }
      }
    },
    {
      "RequestUri": "https://management.azure.com/subscriptions/2bf4a339-294d-4c25-b0b2-ef649e9f5c27/resourceGroups/dotnetSdkTest-infra-rg/providers/PaloAltoNetworks.Cloudngfw/localRulestacks/dotnetSdkTest-default-2-lrs/fqdnlists/dotnetSdkTest-fqdnList?api-version=2022-08-29",
      "RequestMethod": "PUT",
      "RequestHeaders": {
        "Accept": "application/json",
        "Authorization": "Sanitized",
        "Content-Length": "147",
        "Content-Type": "application/json",
        "traceparent": "00-171b6104db15cb2b46dd9d13e0f72471-bb0f6b1f21f4dd48-00",
        "User-Agent": "azsdk-net-ResourceManager.PaloAltoNetworks.Ngfw/1.0.0-alpha.20230630.1 (.NET 7.0.7; Microsoft Windows 10.0.22621)",
        "x-ms-client-request-id": "4e82f67869a36837a55ab77eaa4ffe1b",
        "x-ms-return-client-request-id": "true"
      },
      "RequestBody": {
        "properties": {
          "description": "Updated description for fqdn list test",
          "fqdnList": [
            "www.google.com"
          ],
          "etag": "e50e9226-176a-11ee-8f9d-ca91a7f37567"
        }
      },
      "StatusCode": 200,
      "ResponseHeaders": {
        "Cache-Control": "no-cache",
        "Content-Length": "762",
        "Content-Type": "application/json; charset=utf-8",
        "Date": "Fri, 30 Jun 2023 17:25:19 GMT",
        "Expires": "-1",
        "mise-correlation-id": "9e551617-bb2d-418e-98ab-103e73b7038d",
        "Pragma": "no-cache",
        "Request-Context": "appId=cid-v1:4aa06bd6-38f4-4944-9612-cd84d39b5e90",
        "Strict-Transport-Security": "max-age=31536000; includeSubDomains",
        "X-Content-Type-Options": "nosniff",
        "x-ms-client-request-id": "4e82f67869a36837a55ab77eaa4ffe1b",
        "x-ms-correlation-request-id": "6dc4dac2-9271-4b3d-8d2e-0a28567309c2",
        "x-ms-providerhub-traffic": "True",
        "x-ms-ratelimit-remaining-subscription-writes": "1199",
        "x-ms-request-id": "a6ed7793-8880-4fa5-a602-fdd492d66a12",
        "x-ms-routing-request-id": "SOUTHINDIA:20230630T172519Z:6dc4dac2-9271-4b3d-8d2e-0a28567309c2"
      },
      "ResponseBody": {
        "id": "/subscriptions/2bf4a339-294d-4c25-b0b2-ef649e9f5c27/resourceGroups/dotnetSdkTest-infra-rg/providers/PaloAltoNetworks.Cloudngfw/localRulestacks/dotnetSdkTest-default-2-lrs/fqdnlists/dotnetSdkTest-fqdnList",
        "name": "dotnetSdkTest-fqdnList",
        "type": "paloaltonetworks.cloudngfw/localrulestacks/fqdnlists",
        "systemData": {
          "createdBy": "864bdfa7-42e8-4658-83dd-9148a39ff519",
          "createdByType": "Application",
          "createdAt": "2023-06-30T17:25:18.3726751Z",
          "lastModifiedBy": "864bdfa7-42e8-4658-83dd-9148a39ff519",
          "lastModifiedByType": "Application",
          "lastModifiedAt": "2023-06-30T17:25:18.3726751Z"
        },
        "properties": {
          "description": "Updated description for fqdn list test",
          "fqdnList": [
            "www.google.com"
          ],
          "etag": "15fdfd22-176b-11ee-af2a-ca91a7f37567",
          "provisioningState": "Succeeded"
        }
      }
    }
  ],
  "Variables": {
    "AZURE_AUTHORITY_HOST": null,
    "RandomSeed": "980925766",
    "RESOURCE_MANAGER_URL": null,
    "SUBSCRIPTION_ID": "2bf4a339-294d-4c25-b0b2-ef649e9f5c27"
  }
}
