{
  "Entries": [
    {
      "RequestUri": "/subscriptions/7b96cb02-4663-40f4-9a89-603d3849e46a/resourcegroups/res2421?api-version=2017-05-10",
      "EncodedRequestUri": "L3N1YnNjcmlwdGlvbnMvN2I5NmNiMDItNDY2My00MGY0LTlhODktNjAzZDM4NDllNDZhL3Jlc291cmNlZ3JvdXBzL3JlczI0MjE/YXBpLXZlcnNpb249MjAxNy0wNS0xMA==",
      "RequestMethod": "PUT",
      "RequestBody": "{\r\n  \"location\": \"eastus2\"\r\n}",
      "RequestHeaders": {
        "x-ms-client-request-id": [
          "cea6c61f-621a-4c17-a86c-4c251e357fc8"
        ],
        "accept-language": [
          "en-US"
        ],
        "User-Agent": [
          "FxVersion/4.6.26614.01",
          "OSName/Windows",
          "OSVersion/Microsoft.Windows.10.0.17763.",
          "Microsoft.Azure.Management.ResourceManager.ResourceManagementClient/1.6.0.0"
        ],
        "Content-Type": [
          "application/json; charset=utf-8"
        ],
        "Content-Length": [
          "29"
        ]
      },
      "ResponseHeaders": {
        "Cache-Control": [
          "no-cache"
        ],
        "Date": [
          "Thu, 28 Mar 2019 19:01:02 GMT"
        ],
        "Pragma": [
          "no-cache"
        ],
        "x-ms-ratelimit-remaining-subscription-writes": [
          "1199"
        ],
        "x-ms-request-id": [
          "caeb3264-1d52-4205-8a93-b16412b046dd"
        ],
        "x-ms-correlation-request-id": [
          "caeb3264-1d52-4205-8a93-b16412b046dd"
        ],
        "x-ms-routing-request-id": [
          "WESTUS2:20190328T190102Z:caeb3264-1d52-4205-8a93-b16412b046dd"
        ],
        "Strict-Transport-Security": [
          "max-age=31536000; includeSubDomains"
        ],
        "X-Content-Type-Options": [
          "nosniff"
        ],
        "Content-Length": [
          "168"
        ],
        "Content-Type": [
          "application/json; charset=utf-8"
        ],
        "Expires": [
          "-1"
        ]
      },
      "ResponseBody": "{\r\n  \"id\": \"/subscriptions/7b96cb02-4663-40f4-9a89-603d3849e46a/resourceGroups/res2421\",\r\n  \"name\": \"res2421\",\r\n  \"location\": \"eastus2\",\r\n  \"properties\": {\r\n    \"provisioningState\": \"Succeeded\"\r\n  }\r\n}",
      "StatusCode": 201
    },
    {
      "RequestUri": "/subscriptions/7b96cb02-4663-40f4-9a89-603d3849e46a/resourceGroups/res2421/providers/Microsoft.StorageSync/storageSyncServices/sss-rslist4884?api-version=2019-02-01",
      "EncodedRequestUri": "L3N1YnNjcmlwdGlvbnMvN2I5NmNiMDItNDY2My00MGY0LTlhODktNjAzZDM4NDllNDZhL3Jlc291cmNlR3JvdXBzL3JlczI0MjEvcHJvdmlkZXJzL01pY3Jvc29mdC5TdG9yYWdlU3luYy9zdG9yYWdlU3luY1NlcnZpY2VzL3Nzcy1yc2xpc3Q0ODg0P2FwaS12ZXJzaW9uPTIwMTktMDItMDE=",
      "RequestMethod": "PUT",
      "RequestBody": "{\r\n  \"location\": \"central us euap\",\r\n  \"tags\": {\r\n    \"key1\": \"value1\",\r\n    \"key2\": \"value2\"\r\n  }\r\n}",
      "RequestHeaders": {
        "x-ms-client-request-id": [
          "3cbb9de2-51fb-4b39-9ebd-3331fc821305"
        ],
        "accept-language": [
          "en-US"
        ],
        "User-Agent": [
          "FxVersion/4.6.26614.01",
          "OSName/Windows",
          "OSVersion/Microsoft.Windows.10.0.17763.",
          "Microsoft.Azure.Management.StorageSync.StorageSyncManagementClient/2.9.0"
        ],
        "Content-Type": [
          "application/json; charset=utf-8"
        ],
        "Content-Length": [
          "101"
        ]
      },
      "ResponseHeaders": {
        "Cache-Control": [
          "no-cache"
        ],
        "Date": [
          "Thu, 28 Mar 2019 19:01:04 GMT"
        ],
        "Pragma": [
          "no-cache"
        ],
        "Server": [
          "Microsoft-IIS/10.0"
        ],
        "x-ms-request-id": [
          "a148d27e-3b04-45e1-ab47-93bb3ec0d66d"
        ],
        "X-Content-Type-Options": [
          "nosniff"
        ],
        "Strict-Transport-Security": [
          "max-age=31536000; includeSubDomains"
        ],
        "X-AspNet-Version": [
          "4.0.30319"
        ],
        "X-Powered-By": [
          "ASP.NET"
        ],
        "x-ms-ratelimit-remaining-subscription-writes": [
          "1198"
        ],
        "x-ms-correlation-request-id": [
          "1f94dc24-d76a-462f-a68a-9fa472d00d0b"
        ],
        "x-ms-routing-request-id": [
          "WESTUS2:20190328T190104Z:1f94dc24-d76a-462f-a68a-9fa472d00d0b"
        ],
        "Content-Length": [
          "371"
        ],
        "Content-Type": [
          "application/json; charset=utf-8"
        ],
        "Expires": [
          "-1"
        ]
      },
      "ResponseBody": "{\r\n  \"properties\": {\r\n    \"storageSyncServiceStatus\": null,\r\n    \"storageSyncServiceUid\": null\r\n  },\r\n  \"location\": \"central us euap\",\r\n  \"tags\": {\r\n    \"key1\": \"value1\",\r\n    \"key2\": \"value2\"\r\n  },\r\n  \"id\": \"/subscriptions/7b96cb02-4663-40f4-9a89-603d3849e46a/resourceGroups/res2421/providers/microsoft.storagesync/storageSyncServices/sss-rslist4884\",\r\n  \"name\": \"sss-rslist4884\",\r\n  \"type\": \"microsoft.storagesync/storageSyncServices\"\r\n}",
      "StatusCode": 200
    },
    {
      "RequestUri": "/subscriptions/7b96cb02-4663-40f4-9a89-603d3849e46a/resourceGroups/res2421/providers/Microsoft.StorageSync/storageSyncServices/sss-rslist4884/registeredServers/53123acc-df19-483d-8be0-99dc0a337164?api-version=2019-02-01",
      "EncodedRequestUri": "L3N1YnNjcmlwdGlvbnMvN2I5NmNiMDItNDY2My00MGY0LTlhODktNjAzZDM4NDllNDZhL3Jlc291cmNlR3JvdXBzL3JlczI0MjEvcHJvdmlkZXJzL01pY3Jvc29mdC5TdG9yYWdlU3luYy9zdG9yYWdlU3luY1NlcnZpY2VzL3Nzcy1yc2xpc3Q0ODg0L3JlZ2lzdGVyZWRTZXJ2ZXJzLzUzMTIzYWNjLWRmMTktNDgzZC04YmUwLTk5ZGMwYTMzNzE2ND9hcGktdmVyc2lvbj0yMDE5LTAyLTAx",
      "RequestMethod": "PUT",
      "RequestBody": "{\r\n  \"properties\": {\r\n    \"serverCertificate\": \"\\\"MIIDEDCCAfigAwIBAgIQUB7fWz9pbodGHZwk+aVTRjANBgkqhkiG9w0BAQ0FADAwMS4wLAYDVQQDEyVhbmt1c2hiLXZtMDIubnRkZXYuY29ycC5taWNyb3NvZnQuY29tMB4XDTE4MDczMDIyNDc0NVoXDTE5MDczMTIyNDc0NVowMDEuMCwGA1UEAxMlYW5rdXNoYi12bTAyLm50ZGV2LmNvcnAubWljcm9zb2Z0LmNvbTCCASIwDQYJKoZIhvcNAQEBBQADggEPADCCAQoCggEBALssKhJeisUWQGU1as0mZm7PO81SQPUnK2uE0wTaXpJYlsEn+J9GrSKGYnwUVsdHsvku8AWzvVTeOM3lg7Nmn9NdPsJP1BnzBXqIXWMOpzHrew4nPqS8KEz3/+Wqm5feQK5bpFS6MHUIgn1dXgf7Sal16yMNmzcDvtVCEIoV3eLsxbRx0MLZVa1Z9tCY3kuCIcTcrMNO4mB6NAvZ2Hh5U9Cxu8e9GaF5yzJ7nOVgiKxua4uo73eejuEEGmWq28OO2qZ2YVW0sQRySOVbuhu3gUpB2EbljnL3pCgRAJhui8oy0VlH4m5aoVK/AjOOYtWduaFoJP7LCtizREfhDMdT/SUCAwEAAaMmMCQwIgYDVR0lAQH/BBgwFgYIKwYBBQUHAwIGCisGAQQBgjcKAwwwDQYJKoZIhvcNAQENBQADggEBALR6fPRt1y4etxX1H65kn3iUOLfTa4kg2Lj+GbqjjkVJXQ9uiVL0qL6Usc1GMepUTqD0yuOfHH9sHJZdEs6N08CLpOjCAXqnelabGJ7vSEba1NxASXRGIdsgj7gpeXgH0G8+KRRRkHwp4+Ro0Gb0mXIwlbVxiMZ3zRUXzJxvITX9/fAfeQBvDhc0NpGKHBgINZFbImIzIsoDQId259n1RMBBgLRsuf17KROXQmPmHXJMfadmVC0CZgcpKr2r6n6aWYi1gUb6kliZi6Ikr4GoePUJz1w36xVhJw6mE1Oj/wZ1kPF/J092L48XqDYVZYD8zdBO+vGR52655Fn/niv3zcM=\\\"\",\r\n    \"agentVersion\": \"3.2.0.0\",\r\n    \"serverOSVersion\": \"10.0.14393.0\",\r\n    \"lastHeartBeat\": \"\\\"2018-09-10T20:05:02.5134384Z\\\"\",\r\n    \"serverRole\": \"Standalone\",\r\n    \"serverId\": \"\\\"53123acc-df19-483d-8be0-99dc0a337164\\\"\",\r\n    \"friendlyName\": \"ankushb-vm02.ntdev.corp.microsoft.com\"\r\n  }\r\n}",
      "RequestHeaders": {
        "x-ms-client-request-id": [
          "f2d2168e-f094-4eb4-ab6c-959e61c3e354"
        ],
        "accept-language": [
          "en-US"
        ],
        "User-Agent": [
          "FxVersion/4.6.26614.01",
          "OSName/Windows",
          "OSVersion/Microsoft.Windows.10.0.17763.",
          "Microsoft.Azure.Management.StorageSync.StorageSyncManagementClient/2.9.0"
        ],
        "Content-Type": [
          "application/json; charset=utf-8"
        ],
        "Content-Length": [
          "1399"
        ]
      },
      "ResponseHeaders": {
        "Cache-Control": [
          "no-cache"
        ],
        "Date": [
          "Thu, 28 Mar 2019 19:01:04 GMT"
        ],
        "Pragma": [
          "no-cache"
        ],
        "Location": [
          "https://management.azure.com/subscriptions/7b96cb02-4663-40f4-9a89-603d3849e46a/resourceGroups/res2421/providers/microsoft.storagesync/storageSyncServices/sss-rslist4884/workflows/22c4c3d2-880a-4cdc-a28c-4f3cafe08908/operationresults/ad77fbbd-5187-4525-82a1-70c549f7d698?api-version=2019-02-01"
        ],
        "Retry-After": [
          "10"
        ],
        "Server": [
          "Microsoft-IIS/10.0"
        ],
        "Azure-AsyncOperation": [
          "https://management.azure.com/subscriptions/7b96cb02-4663-40f4-9a89-603d3849e46a/resourceGroups/res2421/providers/microsoft.storagesync/storageSyncServices/sss-rslist4884/workflows/22c4c3d2-880a-4cdc-a28c-4f3cafe08908/operations/ad77fbbd-5187-4525-82a1-70c549f7d698?api-version=2019-02-01"
        ],
        "x-ms-request-id": [
          "683139a9-2e41-4b27-8d9a-bb00699359c8"
        ],
        "X-Content-Type-Options": [
          "nosniff"
        ],
        "Strict-Transport-Security": [
          "max-age=31536000; includeSubDomains"
        ],
        "X-AspNet-Version": [
          "4.0.30319"
        ],
        "X-Powered-By": [
          "ASP.NET"
        ],
        "x-ms-ratelimit-remaining-subscription-writes": [
          "1197"
        ],
        "x-ms-correlation-request-id": [
          "2740b400-4bd0-46c6-819f-67d58ab74a88"
        ],
        "x-ms-routing-request-id": [
          "WESTUS2:20190328T190104Z:2740b400-4bd0-46c6-819f-67d58ab74a88"
        ],
        "Content-Length": [
          "0"
        ],
        "Expires": [
          "-1"
        ]
      },
      "ResponseBody": "",
      "StatusCode": 202
    },
    {
      "RequestUri": "/subscriptions/7b96cb02-4663-40f4-9a89-603d3849e46a/resourceGroups/res2421/providers/microsoft.storagesync/storageSyncServices/sss-rslist4884/workflows/22c4c3d2-880a-4cdc-a28c-4f3cafe08908/operations/ad77fbbd-5187-4525-82a1-70c549f7d698?api-version=2019-02-01",
      "EncodedRequestUri": "L3N1YnNjcmlwdGlvbnMvN2I5NmNiMDItNDY2My00MGY0LTlhODktNjAzZDM4NDllNDZhL3Jlc291cmNlR3JvdXBzL3JlczI0MjEvcHJvdmlkZXJzL21pY3Jvc29mdC5zdG9yYWdlc3luYy9zdG9yYWdlU3luY1NlcnZpY2VzL3Nzcy1yc2xpc3Q0ODg0L3dvcmtmbG93cy8yMmM0YzNkMi04ODBhLTRjZGMtYTI4Yy00ZjNjYWZlMDg5MDgvb3BlcmF0aW9ucy9hZDc3ZmJiZC01MTg3LTQ1MjUtODJhMS03MGM1NDlmN2Q2OTg/YXBpLXZlcnNpb249MjAxOS0wMi0wMQ==",
      "RequestMethod": "GET",
      "RequestBody": "",
      "RequestHeaders": {
        "User-Agent": [
          "FxVersion/4.6.26614.01",
          "OSName/Windows",
          "OSVersion/Microsoft.Windows.10.0.17763.",
          "Microsoft.Azure.Management.StorageSync.StorageSyncManagementClient/2.9.0"
        ]
      },
      "ResponseHeaders": {
        "Cache-Control": [
          "no-cache"
        ],
        "Date": [
          "Thu, 28 Mar 2019 19:01:15 GMT"
        ],
        "Pragma": [
          "no-cache"
        ],
        "Server": [
          "Microsoft-IIS/10.0"
        ],
        "x-ms-request-id": [
          "81e41c59-c866-4f49-af73-4cc8ceef335c"
        ],
        "X-Content-Type-Options": [
          "nosniff"
        ],
        "Strict-Transport-Security": [
          "max-age=31536000; includeSubDomains"
        ],
        "X-AspNet-Version": [
          "4.0.30319"
        ],
        "X-Powered-By": [
          "ASP.NET"
        ],
        "x-ms-ratelimit-remaining-subscription-reads": [
          "11999"
        ],
        "x-ms-correlation-request-id": [
          "53a9f732-d4d3-469e-800d-aebbd18c44c9"
        ],
        "x-ms-routing-request-id": [
          "WESTUS2:20190328T190115Z:53a9f732-d4d3-469e-800d-aebbd18c44c9"
        ],
        "Content-Length": [
          "453"
        ],
        "Content-Type": [
          "application/json; charset=utf-8"
        ],
        "Expires": [
          "-1"
        ]
      },
      "ResponseBody": "{\r\n  \"id\": \"/subscriptions/7b96cb02-4663-40f4-9a89-603d3849e46a/resourceGroups/res2421/providers/microsoft.storagesync/storageSyncServices/sss-rslist4884/workflow/22c4c3d2-880a-4cdc-a28c-4f3cafe08908/operationresults/ad77fbbd-5187-4525-82a1-70c549f7d698\",\r\n  \"name\": \"ad77fbbd-5187-4525-82a1-70c549f7d698\",\r\n  \"status\": \"Succeeded\",\r\n  \"startTime\": \"2019-03-28T19:01:05.3918352Z\",\r\n  \"endTime\": \"2019-03-28T19:01:07.2371161Z\",\r\n  \"percentComplete\": null,\r\n  \"error\": null,\r\n  \"properties\": {}\r\n}",
      "StatusCode": 200
    },
    {
      "RequestUri": "/subscriptions/7b96cb02-4663-40f4-9a89-603d3849e46a/resourceGroups/res2421/providers/Microsoft.StorageSync/storageSyncServices/sss-rslist4884/registeredServers/53123acc-df19-483d-8be0-99dc0a337164?api-version=2019-02-01",
      "EncodedRequestUri": "L3N1YnNjcmlwdGlvbnMvN2I5NmNiMDItNDY2My00MGY0LTlhODktNjAzZDM4NDllNDZhL3Jlc291cmNlR3JvdXBzL3JlczI0MjEvcHJvdmlkZXJzL01pY3Jvc29mdC5TdG9yYWdlU3luYy9zdG9yYWdlU3luY1NlcnZpY2VzL3Nzcy1yc2xpc3Q0ODg0L3JlZ2lzdGVyZWRTZXJ2ZXJzLzUzMTIzYWNjLWRmMTktNDgzZC04YmUwLTk5ZGMwYTMzNzE2ND9hcGktdmVyc2lvbj0yMDE5LTAyLTAx",
      "RequestMethod": "GET",
      "RequestBody": "",
      "RequestHeaders": {
        "User-Agent": [
          "FxVersion/4.6.26614.01",
          "OSName/Windows",
          "OSVersion/Microsoft.Windows.10.0.17763.",
          "Microsoft.Azure.Management.StorageSync.StorageSyncManagementClient/2.9.0"
        ]
      },
      "ResponseHeaders": {
        "Cache-Control": [
          "no-cache"
        ],
        "Date": [
          "Thu, 28 Mar 2019 19:01:15 GMT"
        ],
        "Pragma": [
          "no-cache"
        ],
        "Server": [
          "Microsoft-IIS/10.0"
        ],
        "x-ms-request-id": [
          "f14f34d3-2edd-4b48-9bf6-1bb4dc99acde"
        ],
        "X-Content-Type-Options": [
          "nosniff"
        ],
        "Strict-Transport-Security": [
          "max-age=31536000; includeSubDomains"
        ],
        "X-AspNet-Version": [
          "4.0.30319"
        ],
        "X-Powered-By": [
          "ASP.NET"
        ],
        "x-ms-ratelimit-remaining-subscription-reads": [
          "11998"
        ],
        "x-ms-correlation-request-id": [
          "6ae81209-6780-45b5-b49b-9b74cb493e4f"
        ],
        "x-ms-routing-request-id": [
          "WESTUS2:20190328T190115Z:6ae81209-6780-45b5-b49b-9b74cb493e4f"
        ],
        "Content-Length": [
          "12419"
        ],
        "Content-Type": [
          "application/json; charset=utf-8"
        ],
        "Expires": [
          "-1"
        ]
      },
      "ResponseBody": "{\r\n  \"properties\": {\r\n    \"serverCertificate\": null,\r\n    \"agentVersion\": \"3.2.0.0\",\r\n    \"agentVersionStatus\": null,\r\n    \"agentVersionExpirationDate\": null,\r\n    \"serverOSVersion\": \"10.0.14393.0\",\r\n    \"serverManagementErrorCode\": 0,\r\n    \"lastHeartBeat\": \"\\\"2019-03-28T19:01:06.6105742+00:00\\\"\",\r\n    \"provisioningState\": \"Succeeded\",\r\n    \"serverRole\": \"Standalone\",\r\n    \"clusterId\": \"\\\"00000000-0000-0000-0000-000000000000\\\"\",\r\n    \"clusterName\": \"\",\r\n    \"serverId\": \"\\\"53123acc-df19-483d-8be0-99dc0a337164\\\"\",\r\n    \"storageSyncServiceUid\": \"\\\"b7b8dc44-fbd2-4e1c-a3c6-ec81b80b532d\\\"\",\r\n    \"lastWorkflowId\": \"storageSyncServices/sss-rslist4884/workflows/22c4c3d2-880a-4cdc-a28c-4f3cafe08908\",\r\n    \"lastOperationName\": \"ICreateRegisteredServerWorkflow\",\r\n    \"friendlyName\": \"ankushb-vm02.ntdev.corp.microsoft.com\",\r\n    \"monitoringConfiguration\": \"{\\\"agentConfiguration\\\":\\\"<MonitoringManagement version=\\\\\\\"1.0\\\\\\\" namespace=\\\\\\\"HybridMonitoringV2\\\\\\\" eventVersion=\\\\\\\"1\\\\\\\" timestamp=\\\\\\\"2017-05-30T00:00:38.0823856Z\\\\\\\">  <Accounts>    <Account moniker=\\\\\\\"HybridMonitoringV2\\\\\\\" name=\\\\\\\"HybridMonitoringV2\\\\\\\" key=\\\\\\\"HybridMonitoringV2\\\\\\\" />  </Accounts>  <Management eventVolume=\\\\\\\"Large\\\\\\\" defaultRetentionInDays=\\\\\\\"15\\\\\\\" onDemandRequests=\\\\\\\"false\\\\\\\" noHostLogReporting=\\\\\\\"true\\\\\\\">    <AgentResourceUsage diskQuotaInMB=\\\\\\\"1000\\\\\\\"/>  </Management>  <Events>    <CounterSets storeType=\\\\\\\"Local\\\\\\\">      <CounterSet eventName=\\\\\\\"ServerPerformanceCounters\\\\\\\" priority=\\\\\\\"High\\\\\\\" sampleRateInSeconds=\\\\\\\"300\\\\\\\">        <!-- Server Level Counters -->        <Counter>\\\\\\\\Memory\\\\\\\\Available MBytes</Counter>        <Counter>\\\\\\\\Processor(_Total)\\\\\\\\% Processor Time</Counter>        <Counter>\\\\\\\\Network Interface(*)\\\\\\\\Bytes Total/sec</Counter>        <Counter>\\\\\\\\Network Interface(*)\\\\\\\\Bytes Received/sec</Counter>        <Counter>\\\\\\\\Network Interface(*)\\\\\\\\Bytes Sent/sec</Counter>        <Counter>\\\\\\\\Network Interface(*)\\\\\\\\Current Bandwidth</Counter>        <Counter>\\\\\\\\Network Interface(*)\\\\\\\\Output Queue Length</Counter>        <Counter>\\\\\\\\Server\\\\\\\\Bytes Total/sec</Counter>        <!-- All counters for filesyncsvc -->        <Counter>\\\\\\\\Process(filesyncsvc)\\\\\\\\*</Counter>        <!-- Memory counter for w3wp -->        <Counter>\\\\\\\\Process(w3wp)\\\\\\\\Private Bytes</Counter>        <!-- MA Agent Processes CPU/Memory Counters -->        <Counter>\\\\\\\\Process(MonAgentCore)\\\\\\\\% Processor Time</Counter>        <Counter>\\\\\\\\Process(MonAgentHost)\\\\\\\\% Processor Time</Counter>        <Counter>\\\\\\\\Process(MonAgentManager)\\\\\\\\% Processor Time</Counter>        <Counter>\\\\\\\\Process(MonAgentLauncher)\\\\\\\\% Processor Time</Counter>        <Counter>\\\\\\\\Process(MonAgentCore)\\\\\\\\Private Bytes</Counter>        <Counter>\\\\\\\\Process(MonAgentHost)\\\\\\\\Private Bytes</Counter>        <Counter>\\\\\\\\Process(MonAgentManager)\\\\\\\\Private Bytes</Counter>        <Counter>\\\\\\\\Process(MonAgentLauncher)\\\\\\\\Private Bytes</Counter>             <!-- AzureStorageSyncMonitor CPU/Memory Counters -->        <Counter>\\\\\\\\Process(AzureStorageSyncMonitor)\\\\\\\\% Processor Time</Counter>        <Counter>\\\\\\\\Process(AzureStorageSyncMonitor)\\\\\\\\Private Bytes</Counter>      </CounterSet>    </CounterSets>\\\\t<FileMonitors storeType=\\\\\\\"Local\\\\\\\">      <FileWatchItem removeEmptyDirectories=\\\\\\\"false\\\\\\\" eventName=\\\\\\\"CleanupTraceFiles\\\\\\\" directoryQuotaInMB=\\\\\\\"2000\\\\\\\">         <Directory><![CDATA[GetEnvironmentVariable(\\\\\\\"DIAGNOSTIC_DATA_DIRECTORY\\\\\\\")]]></Directory>      </FileWatchItem>   </FileMonitors>     <WindowsEventLogSubscriptions>      <Subscription eventName=\\\\\\\"ServerTelemetryEvents\\\\\\\" storeType=\\\\\\\"Local\\\\\\\" query=\\\\\\\"Microsoft-FileSync-Agent/Telemetry!*[System[(Level&lt;=4)]]\\\\\\\">        <Column name=\\\\\\\"EventId\\\\\\\" defaultAssignment=\\\\\\\"0\\\\\\\">          <Value>/Event/System/EventID</Value>        </Column>        <Column name=\\\\\\\"Level\\\\\\\" defaultAssignment=\\\\\\\"0\\\\\\\">          <Value>/Event/System/Level</Value>        </Column>        <Column name=\\\\\\\"EventRecordID\\\\\\\" defaultAssignment=\\\\\\\"0\\\\\\\">          <Value>/Event/System/EventRecordID</Value>        </Column>        <Column name=\\\\\\\"EventData\\\\\\\" defaultAssignment=\\\\\\\"\\\\\\\">          <Value>/Event/EventData/Data</Value>        </Column>        <Column name=\\\\\\\"EventDescription\\\\\\\">          <Value>GetEventMetadata(\\\\\\\"Description\\\\\\\")</Value>        </Column>      </Subscription>      <Subscription eventName=\\\\\\\"ServerItemResultsEvents\\\\\\\" storeType=\\\\\\\"Local\\\\\\\" query=\\\\\\\"Microsoft-FileSync-Agent/ItemResults!*[System[(Level&lt;=4)]]\\\\\\\">        <Column name=\\\\\\\"EventId\\\\\\\" defaultAssignment=\\\\\\\"0\\\\\\\">          <Value>/Event/System/EventID</Value>        </Column>        <Column name=\\\\\\\"Level\\\\\\\" defaultAssignment=\\\\\\\"0\\\\\\\">          <Value>/Event/System/Level</Value>        </Column>        <Column name=\\\\\\\"EventRecordID\\\\\\\" defaultAssignment=\\\\\\\"0\\\\\\\">          <Value>/Event/System/EventRecordID</Value>        </Column>        <Column name=\\\\\\\"EventData\\\\\\\" defaultAssignment=\\\\\\\"\\\\\\\">          <Value>/Event/EventData/Data</Value>        </Column>        <Column name=\\\\\\\"EventDescription\\\\\\\">          <Value>GetEventMetadata(\\\\\\\"Description\\\\\\\")</Value>        </Column>      </Subscription>\\\\t  <Subscription eventName=\\\\\\\"ServerOperationalEvents\\\\\\\" storeType=\\\\\\\"Local\\\\\\\" query=\\\\\\\"Microsoft-FileSync-Agent/Operational!*[System[(Level&lt;=3)]]\\\\\\\">        <Column name=\\\\\\\"EventId\\\\\\\" defaultAssignment=\\\\\\\"0\\\\\\\">          <Value>/Event/System/EventID</Value>        </Column>        <Column name=\\\\\\\"Level\\\\\\\" defaultAssignment=\\\\\\\"0\\\\\\\">          <Value>/Event/System/Level</Value>        </Column>        <Column name=\\\\\\\"EventRecordID\\\\\\\" defaultAssignment=\\\\\\\"0\\\\\\\">          <Value>/Event/System/EventRecordID</Value>        </Column>        <Column name=\\\\\\\"EventData\\\\\\\" defaultAssignment=\\\\\\\"\\\\\\\">          <Value>/Event/EventData/Data</Value>        </Column>        <Column name=\\\\\\\"EventDescription\\\\\\\">          <Value>GetEventMetadata(\\\\\\\"Description\\\\\\\")</Value>        </Column>      </Subscription>\\\\t  <Subscription eventName=\\\\\\\"ServerDiagnosticEvents\\\\\\\" storeType=\\\\\\\"Local\\\\\\\" query=\\\\\\\"Microsoft-FileSync-Agent/Diagnostic!*[System[(Level&lt;=3)]]\\\\\\\">        <Column name=\\\\\\\"EventId\\\\\\\" defaultAssignment=\\\\\\\"0\\\\\\\">          <Value>/Event/System/EventID</Value>        </Column>        <Column name=\\\\\\\"Level\\\\\\\" defaultAssignment=\\\\\\\"0\\\\\\\">          <Value>/Event/System/Level</Value>        </Column>        <Column name=\\\\\\\"EventRecordID\\\\\\\" defaultAssignment=\\\\\\\"0\\\\\\\">          <Value>/Event/System/EventRecordID</Value>        </Column>        <Column name=\\\\\\\"EventData\\\\\\\" defaultAssignment=\\\\\\\"\\\\\\\">          <Value>/Event/EventData/Data</Value>        </Column>        <Column name=\\\\\\\"EventDescription\\\\\\\">          <Value>GetEventMetadata(\\\\\\\"Description\\\\\\\")</Value>        </Column>      </Subscription>\\\\t  <Subscription eventName=\\\\\\\"ServerManagementOperationalEvents\\\\\\\" storeType=\\\\\\\"Local\\\\\\\" query=\\\\\\\"Microsoft-FileSync-Management/Operational!*[System[(Level&lt;=3)]]\\\\\\\">        <Column name=\\\\\\\"EventId\\\\\\\" defaultAssignment=\\\\\\\"0\\\\\\\">          <Value>/Event/System/EventID</Value>        </Column>        <Column name=\\\\\\\"Level\\\\\\\" defaultAssignment=\\\\\\\"0\\\\\\\">          <Value>/Event/System/Level</Value>        </Column>        <Column name=\\\\\\\"EventRecordID\\\\\\\" defaultAssignment=\\\\\\\"0\\\\\\\">          <Value>/Event/System/EventRecordID</Value>        </Column>        <Column name=\\\\\\\"EventData\\\\\\\" defaultAssignment=\\\\\\\"\\\\\\\">          <Value>/Event/EventData/Data</Value>        </Column>        <Column name=\\\\\\\"EventDescription\\\\\\\">          <Value>GetEventMetadata(\\\\\\\"Description\\\\\\\")</Value>        </Column>      </Subscription>\\\\t  <Subscription eventName=\\\\\\\"ServerManagementDiagnosticEvents\\\\\\\" storeType=\\\\\\\"Local\\\\\\\" query=\\\\\\\"Microsoft-FileSync-Management/Diagnostic!*[System[(Level&lt;=3)]]\\\\\\\">        <Column name=\\\\\\\"EventId\\\\\\\" defaultAssignment=\\\\\\\"0\\\\\\\">          <Value>/Event/System/EventID</Value>        </Column>        <Column name=\\\\\\\"Level\\\\\\\" defaultAssignment=\\\\\\\"0\\\\\\\">          <Value>/Event/System/Level</Value>        </Column>        <Column name=\\\\\\\"EventRecordID\\\\\\\" defaultAssignment=\\\\\\\"0\\\\\\\">          <Value>/Event/System/EventRecordID</Value>        </Column>        <Column name=\\\\\\\"EventData\\\\\\\" defaultAssignment=\\\\\\\"\\\\\\\">          <Value>/Event/EventData/Data</Value>        </Column>        <Column name=\\\\\\\"EventDescription\\\\\\\">          <Value>GetEventMetadata(\\\\\\\"Description\\\\\\\")</Value>        </Column>      </Subscription>\\\\t  <Subscription eventName=\\\\\\\"ServerScrubbingEvents\\\\\\\" storeType=\\\\\\\"Local\\\\\\\" query=\\\\\\\"Microsoft-FileSync-Agent/Scrubbing!*[System[(Level&lt;=3)]]\\\\\\\">        <Column name=\\\\\\\"EventId\\\\\\\" defaultAssignment=\\\\\\\"0\\\\\\\">          <Value>/Event/System/EventID</Value>        </Column>        <Column name=\\\\\\\"Level\\\\\\\" defaultAssignment=\\\\\\\"0\\\\\\\">          <Value>/Event/System/Level</Value>        </Column>        <Column name=\\\\\\\"EventRecordID\\\\\\\" defaultAssignment=\\\\\\\"0\\\\\\\">          <Value>/Event/System/EventRecordID</Value>        </Column>        <Column name=\\\\\\\"EventData\\\\\\\" defaultAssignment=\\\\\\\"\\\\\\\">          <Value>/Event/EventData/Data</Value>        </Column>        <Column name=\\\\\\\"EventDescription\\\\\\\">          <Value>GetEventMetadata(\\\\\\\"Description\\\\\\\")</Value>        </Column>      </Subscription>      <Subscription eventName=\\\\\\\"TieringResultsEvents\\\\\\\" storeType=\\\\\\\"Local\\\\\\\" query=\\\\\\\"Microsoft-FileSync-Agent/TieringResults!*[System[(Level&lt;=4)]]\\\\\\\">        <Column name=\\\\\\\"EventId\\\\\\\" defaultAssignment=\\\\\\\"0\\\\\\\">            <Value>/Event/System/EventID</Value>        </Column>        <Column name=\\\\\\\"Level\\\\\\\" defaultAssignment=\\\\\\\"0\\\\\\\">            <Value>/Event/System/Level</Value>        </Column>        <Column name=\\\\\\\"EventRecordID\\\\\\\" defaultAssignment=\\\\\\\"0\\\\\\\">            <Value>/Event/System/EventRecordID</Value>        </Column>        <Column name=\\\\\\\"EventData\\\\\\\" defaultAssignment=\\\\\\\"\\\\\\\">            <Value>/Event/EventData/Data</Value>        </Column>        <Column name=\\\\\\\"EventDescription\\\\\\\">            <Value>GetEventMetadata(\\\\\\\"Description\\\\\\\")</Value>        </Column>      </Subscription>\\\\t  <Subscription eventName=\\\\\\\"RecallResultsEvents\\\\\\\" storeType=\\\\\\\"Local\\\\\\\" query=\\\\\\\"Microsoft-FileSync-Agent/RecallResults!*[System[(Level&lt;=4)]]\\\\\\\">        <Column name=\\\\\\\"EventId\\\\\\\" defaultAssignment=\\\\\\\"0\\\\\\\">            <Value>/Event/System/EventID</Value>        </Column>        <Column name=\\\\\\\"Level\\\\\\\" defaultAssignment=\\\\\\\"0\\\\\\\">            <Value>/Event/System/Level</Value>        </Column>        <Column name=\\\\\\\"EventRecordID\\\\\\\" defaultAssignment=\\\\\\\"0\\\\\\\">            <Value>/Event/System/EventRecordID</Value>        </Column>        <Column name=\\\\\\\"EventData\\\\\\\" defaultAssignment=\\\\\\\"\\\\\\\">            <Value>/Event/EventData/Data</Value>        </Column>        <Column name=\\\\\\\"EventDescription\\\\\\\">            <Value>GetEventMetadata(\\\\\\\"Description\\\\\\\")</Value>        </Column>      </Subscription>    </WindowsEventLogSubscriptions>    <Extensions>      <Extension extensionName=\\\\\\\"XSyncMonitoringExtension\\\\\\\">        <CommandLine><![CDATA[AzureStorageSyncMonitor.exe]]></CommandLine>        <Body>EventsToCollect=ServerPerformanceCounters:PerformanceCounter,ServerTelemetryEvents:WindowsEventLog,ServerItemResultsEvents:WindowsEventLog;DiagnosticEvents=ServerOperationalEvents:WindowsEventLog,ServerDiagnosticEvents:WindowsEventLog,ServerManagementOperationalEvents:WindowsEventLog,ServerManagementDiagnosticEvents:WindowsEventLog,ServerScrubbingEvents:WindowsEventLog,TieringResultsEvents:WindowsEventLog,RecallResultsEvents:WindowsEventLog,AfsUserModeTraceSession:Trace,AfsKernelModeTraceSession:Trace;EventSchedulerIntervalsInMins=EnvironmentTelemetry:1440</Body>      </Extension>    </Extensions>  </Events></MonitoringManagement>\\\",\\\"configurationVersion\\\":\\\"1\\\",\\\"id\\\":null,\\\"type\\\":\\\"microsoft.storagesync/storageSyncServices/HybridMonitoringConfiguration\\\"}\",\r\n    \"managementEndpointUri\": \"\\\"https://euap01.afs.azure.net:443/\\\"\",\r\n    \"discoveryEndpointUri\": \"\\\"https://tm-euap01.afs.azure.net:443\\\"\",\r\n    \"resourceLocation\": \"centraluseuap\",\r\n    \"serviceLocation\": \"centraluseuap\"\r\n  },\r\n  \"id\": \"/subscriptions/7b96cb02-4663-40f4-9a89-603d3849e46a/resourceGroups/res2421/providers/microsoft.storagesync/storageSyncServices/sss-rslist4884/registeredServers/53123acc-df19-483d-8be0-99dc0a337164\",\r\n  \"name\": \"53123acc-df19-483d-8be0-99dc0a337164\",\r\n  \"type\": \"microsoft.storagesync/storageSyncServices/registeredServers\"\r\n}",
      "StatusCode": 200
    },
    {
      "RequestUri": "/subscriptions/7b96cb02-4663-40f4-9a89-603d3849e46a/resourceGroups/res2421/providers/Microsoft.StorageSync/storageSyncServices/sss-rslist4884/registeredServers?api-version=2019-02-01",
      "EncodedRequestUri": "L3N1YnNjcmlwdGlvbnMvN2I5NmNiMDItNDY2My00MGY0LTlhODktNjAzZDM4NDllNDZhL3Jlc291cmNlR3JvdXBzL3JlczI0MjEvcHJvdmlkZXJzL01pY3Jvc29mdC5TdG9yYWdlU3luYy9zdG9yYWdlU3luY1NlcnZpY2VzL3Nzcy1yc2xpc3Q0ODg0L3JlZ2lzdGVyZWRTZXJ2ZXJzP2FwaS12ZXJzaW9uPTIwMTktMDItMDE=",
      "RequestMethod": "GET",
      "RequestBody": "",
      "RequestHeaders": {
        "x-ms-client-request-id": [
          "ac1c1dd0-bc44-4945-a607-b2b43af99eec"
        ],
        "accept-language": [
          "en-US"
        ],
        "User-Agent": [
          "FxVersion/4.6.26614.01",
          "OSName/Windows",
          "OSVersion/Microsoft.Windows.10.0.17763.",
          "Microsoft.Azure.Management.StorageSync.StorageSyncManagementClient/2.9.0"
        ]
      },
      "ResponseHeaders": {
        "Cache-Control": [
          "no-cache"
        ],
        "Date": [
          "Thu, 28 Mar 2019 19:01:15 GMT"
        ],
        "Pragma": [
          "no-cache"
        ],
        "Server": [
          "Microsoft-IIS/10.0"
        ],
        "x-ms-request-id": [
          "8f611486-2e86-480b-b23f-7ec98a4fda69"
        ],
        "X-Content-Type-Options": [
          "nosniff"
        ],
        "Strict-Transport-Security": [
          "max-age=31536000; includeSubDomains"
        ],
        "X-AspNet-Version": [
          "4.0.30319"
        ],
        "X-Powered-By": [
          "ASP.NET"
        ],
        "x-ms-ratelimit-remaining-subscription-reads": [
          "11997"
        ],
        "x-ms-correlation-request-id": [
          "5d5203c9-0fc1-4d77-9a20-dcceb4bd6511"
        ],
        "x-ms-routing-request-id": [
          "WESTUS2:20190328T190115Z:5d5203c9-0fc1-4d77-9a20-dcceb4bd6511"
        ],
        "Content-Length": [
          "12431"
        ],
        "Content-Type": [
          "application/json; charset=utf-8"
        ],
        "Expires": [
          "-1"
        ]
      },
      "ResponseBody": "{\r\n  \"value\": [\r\n    {\r\n      \"properties\": {\r\n        \"serverCertificate\": null,\r\n        \"agentVersion\": \"3.2.0.0\",\r\n        \"agentVersionStatus\": null,\r\n        \"agentVersionExpirationDate\": null,\r\n        \"serverOSVersion\": \"10.0.14393.0\",\r\n        \"serverManagementErrorCode\": 0,\r\n        \"lastHeartBeat\": \"\\\"2019-03-28T19:01:06.6105742+00:00\\\"\",\r\n        \"provisioningState\": \"Succeeded\",\r\n        \"serverRole\": \"Standalone\",\r\n        \"clusterId\": \"\\\"00000000-0000-0000-0000-000000000000\\\"\",\r\n        \"clusterName\": \"\",\r\n        \"serverId\": \"\\\"53123acc-df19-483d-8be0-99dc0a337164\\\"\",\r\n        \"storageSyncServiceUid\": \"\\\"b7b8dc44-fbd2-4e1c-a3c6-ec81b80b532d\\\"\",\r\n        \"lastWorkflowId\": \"storageSyncServices/sss-rslist4884/workflows/22c4c3d2-880a-4cdc-a28c-4f3cafe08908\",\r\n        \"lastOperationName\": \"ICreateRegisteredServerWorkflow\",\r\n        \"friendlyName\": \"ankushb-vm02.ntdev.corp.microsoft.com\",\r\n        \"monitoringConfiguration\": \"{\\\"agentConfiguration\\\":\\\"<MonitoringManagement version=\\\\\\\"1.0\\\\\\\" namespace=\\\\\\\"HybridMonitoringV2\\\\\\\" eventVersion=\\\\\\\"1\\\\\\\" timestamp=\\\\\\\"2017-05-30T00:00:38.0823856Z\\\\\\\">  <Accounts>    <Account moniker=\\\\\\\"HybridMonitoringV2\\\\\\\" name=\\\\\\\"HybridMonitoringV2\\\\\\\" key=\\\\\\\"HybridMonitoringV2\\\\\\\" />  </Accounts>  <Management eventVolume=\\\\\\\"Large\\\\\\\" defaultRetentionInDays=\\\\\\\"15\\\\\\\" onDemandRequests=\\\\\\\"false\\\\\\\" noHostLogReporting=\\\\\\\"true\\\\\\\">    <AgentResourceUsage diskQuotaInMB=\\\\\\\"1000\\\\\\\"/>  </Management>  <Events>    <CounterSets storeType=\\\\\\\"Local\\\\\\\">      <CounterSet eventName=\\\\\\\"ServerPerformanceCounters\\\\\\\" priority=\\\\\\\"High\\\\\\\" sampleRateInSeconds=\\\\\\\"300\\\\\\\">        <!-- Server Level Counters -->        <Counter>\\\\\\\\Memory\\\\\\\\Available MBytes</Counter>        <Counter>\\\\\\\\Processor(_Total)\\\\\\\\% Processor Time</Counter>        <Counter>\\\\\\\\Network Interface(*)\\\\\\\\Bytes Total/sec</Counter>        <Counter>\\\\\\\\Network Interface(*)\\\\\\\\Bytes Received/sec</Counter>        <Counter>\\\\\\\\Network Interface(*)\\\\\\\\Bytes Sent/sec</Counter>        <Counter>\\\\\\\\Network Interface(*)\\\\\\\\Current Bandwidth</Counter>        <Counter>\\\\\\\\Network Interface(*)\\\\\\\\Output Queue Length</Counter>        <Counter>\\\\\\\\Server\\\\\\\\Bytes Total/sec</Counter>        <!-- All counters for filesyncsvc -->        <Counter>\\\\\\\\Process(filesyncsvc)\\\\\\\\*</Counter>        <!-- Memory counter for w3wp -->        <Counter>\\\\\\\\Process(w3wp)\\\\\\\\Private Bytes</Counter>        <!-- MA Agent Processes CPU/Memory Counters -->        <Counter>\\\\\\\\Process(MonAgentCore)\\\\\\\\% Processor Time</Counter>        <Counter>\\\\\\\\Process(MonAgentHost)\\\\\\\\% Processor Time</Counter>        <Counter>\\\\\\\\Process(MonAgentManager)\\\\\\\\% Processor Time</Counter>        <Counter>\\\\\\\\Process(MonAgentLauncher)\\\\\\\\% Processor Time</Counter>        <Counter>\\\\\\\\Process(MonAgentCore)\\\\\\\\Private Bytes</Counter>        <Counter>\\\\\\\\Process(MonAgentHost)\\\\\\\\Private Bytes</Counter>        <Counter>\\\\\\\\Process(MonAgentManager)\\\\\\\\Private Bytes</Counter>        <Counter>\\\\\\\\Process(MonAgentLauncher)\\\\\\\\Private Bytes</Counter>             <!-- AzureStorageSyncMonitor CPU/Memory Counters -->        <Counter>\\\\\\\\Process(AzureStorageSyncMonitor)\\\\\\\\% Processor Time</Counter>        <Counter>\\\\\\\\Process(AzureStorageSyncMonitor)\\\\\\\\Private Bytes</Counter>      </CounterSet>    </CounterSets>\\\\t<FileMonitors storeType=\\\\\\\"Local\\\\\\\">      <FileWatchItem removeEmptyDirectories=\\\\\\\"false\\\\\\\" eventName=\\\\\\\"CleanupTraceFiles\\\\\\\" directoryQuotaInMB=\\\\\\\"2000\\\\\\\">         <Directory><![CDATA[GetEnvironmentVariable(\\\\\\\"DIAGNOSTIC_DATA_DIRECTORY\\\\\\\")]]></Directory>      </FileWatchItem>   </FileMonitors>     <WindowsEventLogSubscriptions>      <Subscription eventName=\\\\\\\"ServerTelemetryEvents\\\\\\\" storeType=\\\\\\\"Local\\\\\\\" query=\\\\\\\"Microsoft-FileSync-Agent/Telemetry!*[System[(Level&lt;=4)]]\\\\\\\">        <Column name=\\\\\\\"EventId\\\\\\\" defaultAssignment=\\\\\\\"0\\\\\\\">          <Value>/Event/System/EventID</Value>        </Column>        <Column name=\\\\\\\"Level\\\\\\\" defaultAssignment=\\\\\\\"0\\\\\\\">          <Value>/Event/System/Level</Value>        </Column>        <Column name=\\\\\\\"EventRecordID\\\\\\\" defaultAssignment=\\\\\\\"0\\\\\\\">          <Value>/Event/System/EventRecordID</Value>        </Column>        <Column name=\\\\\\\"EventData\\\\\\\" defaultAssignment=\\\\\\\"\\\\\\\">          <Value>/Event/EventData/Data</Value>        </Column>        <Column name=\\\\\\\"EventDescription\\\\\\\">          <Value>GetEventMetadata(\\\\\\\"Description\\\\\\\")</Value>        </Column>      </Subscription>      <Subscription eventName=\\\\\\\"ServerItemResultsEvents\\\\\\\" storeType=\\\\\\\"Local\\\\\\\" query=\\\\\\\"Microsoft-FileSync-Agent/ItemResults!*[System[(Level&lt;=4)]]\\\\\\\">        <Column name=\\\\\\\"EventId\\\\\\\" defaultAssignment=\\\\\\\"0\\\\\\\">          <Value>/Event/System/EventID</Value>        </Column>        <Column name=\\\\\\\"Level\\\\\\\" defaultAssignment=\\\\\\\"0\\\\\\\">          <Value>/Event/System/Level</Value>        </Column>        <Column name=\\\\\\\"EventRecordID\\\\\\\" defaultAssignment=\\\\\\\"0\\\\\\\">          <Value>/Event/System/EventRecordID</Value>        </Column>        <Column name=\\\\\\\"EventData\\\\\\\" defaultAssignment=\\\\\\\"\\\\\\\">          <Value>/Event/EventData/Data</Value>        </Column>        <Column name=\\\\\\\"EventDescription\\\\\\\">          <Value>GetEventMetadata(\\\\\\\"Description\\\\\\\")</Value>        </Column>      </Subscription>\\\\t  <Subscription eventName=\\\\\\\"ServerOperationalEvents\\\\\\\" storeType=\\\\\\\"Local\\\\\\\" query=\\\\\\\"Microsoft-FileSync-Agent/Operational!*[System[(Level&lt;=3)]]\\\\\\\">        <Column name=\\\\\\\"EventId\\\\\\\" defaultAssignment=\\\\\\\"0\\\\\\\">          <Value>/Event/System/EventID</Value>        </Column>        <Column name=\\\\\\\"Level\\\\\\\" defaultAssignment=\\\\\\\"0\\\\\\\">          <Value>/Event/System/Level</Value>        </Column>        <Column name=\\\\\\\"EventRecordID\\\\\\\" defaultAssignment=\\\\\\\"0\\\\\\\">          <Value>/Event/System/EventRecordID</Value>        </Column>        <Column name=\\\\\\\"EventData\\\\\\\" defaultAssignment=\\\\\\\"\\\\\\\">          <Value>/Event/EventData/Data</Value>        </Column>        <Column name=\\\\\\\"EventDescription\\\\\\\">          <Value>GetEventMetadata(\\\\\\\"Description\\\\\\\")</Value>        </Column>      </Subscription>\\\\t  <Subscription eventName=\\\\\\\"ServerDiagnosticEvents\\\\\\\" storeType=\\\\\\\"Local\\\\\\\" query=\\\\\\\"Microsoft-FileSync-Agent/Diagnostic!*[System[(Level&lt;=3)]]\\\\\\\">        <Column name=\\\\\\\"EventId\\\\\\\" defaultAssignment=\\\\\\\"0\\\\\\\">          <Value>/Event/System/EventID</Value>        </Column>        <Column name=\\\\\\\"Level\\\\\\\" defaultAssignment=\\\\\\\"0\\\\\\\">          <Value>/Event/System/Level</Value>        </Column>        <Column name=\\\\\\\"EventRecordID\\\\\\\" defaultAssignment=\\\\\\\"0\\\\\\\">          <Value>/Event/System/EventRecordID</Value>        </Column>        <Column name=\\\\\\\"EventData\\\\\\\" defaultAssignment=\\\\\\\"\\\\\\\">          <Value>/Event/EventData/Data</Value>        </Column>        <Column name=\\\\\\\"EventDescription\\\\\\\">          <Value>GetEventMetadata(\\\\\\\"Description\\\\\\\")</Value>        </Column>      </Subscription>\\\\t  <Subscription eventName=\\\\\\\"ServerManagementOperationalEvents\\\\\\\" storeType=\\\\\\\"Local\\\\\\\" query=\\\\\\\"Microsoft-FileSync-Management/Operational!*[System[(Level&lt;=3)]]\\\\\\\">        <Column name=\\\\\\\"EventId\\\\\\\" defaultAssignment=\\\\\\\"0\\\\\\\">          <Value>/Event/System/EventID</Value>        </Column>        <Column name=\\\\\\\"Level\\\\\\\" defaultAssignment=\\\\\\\"0\\\\\\\">          <Value>/Event/System/Level</Value>        </Column>        <Column name=\\\\\\\"EventRecordID\\\\\\\" defaultAssignment=\\\\\\\"0\\\\\\\">          <Value>/Event/System/EventRecordID</Value>        </Column>        <Column name=\\\\\\\"EventData\\\\\\\" defaultAssignment=\\\\\\\"\\\\\\\">          <Value>/Event/EventData/Data</Value>        </Column>        <Column name=\\\\\\\"EventDescription\\\\\\\">          <Value>GetEventMetadata(\\\\\\\"Description\\\\\\\")</Value>        </Column>      </Subscription>\\\\t  <Subscription eventName=\\\\\\\"ServerManagementDiagnosticEvents\\\\\\\" storeType=\\\\\\\"Local\\\\\\\" query=\\\\\\\"Microsoft-FileSync-Management/Diagnostic!*[System[(Level&lt;=3)]]\\\\\\\">        <Column name=\\\\\\\"EventId\\\\\\\" defaultAssignment=\\\\\\\"0\\\\\\\">          <Value>/Event/System/EventID</Value>        </Column>        <Column name=\\\\\\\"Level\\\\\\\" defaultAssignment=\\\\\\\"0\\\\\\\">          <Value>/Event/System/Level</Value>        </Column>        <Column name=\\\\\\\"EventRecordID\\\\\\\" defaultAssignment=\\\\\\\"0\\\\\\\">          <Value>/Event/System/EventRecordID</Value>        </Column>        <Column name=\\\\\\\"EventData\\\\\\\" defaultAssignment=\\\\\\\"\\\\\\\">          <Value>/Event/EventData/Data</Value>        </Column>        <Column name=\\\\\\\"EventDescription\\\\\\\">          <Value>GetEventMetadata(\\\\\\\"Description\\\\\\\")</Value>        </Column>      </Subscription>\\\\t  <Subscription eventName=\\\\\\\"ServerScrubbingEvents\\\\\\\" storeType=\\\\\\\"Local\\\\\\\" query=\\\\\\\"Microsoft-FileSync-Agent/Scrubbing!*[System[(Level&lt;=3)]]\\\\\\\">        <Column name=\\\\\\\"EventId\\\\\\\" defaultAssignment=\\\\\\\"0\\\\\\\">          <Value>/Event/System/EventID</Value>        </Column>        <Column name=\\\\\\\"Level\\\\\\\" defaultAssignment=\\\\\\\"0\\\\\\\">          <Value>/Event/System/Level</Value>        </Column>        <Column name=\\\\\\\"EventRecordID\\\\\\\" defaultAssignment=\\\\\\\"0\\\\\\\">          <Value>/Event/System/EventRecordID</Value>        </Column>        <Column name=\\\\\\\"EventData\\\\\\\" defaultAssignment=\\\\\\\"\\\\\\\">          <Value>/Event/EventData/Data</Value>        </Column>        <Column name=\\\\\\\"EventDescription\\\\\\\">          <Value>GetEventMetadata(\\\\\\\"Description\\\\\\\")</Value>        </Column>      </Subscription>      <Subscription eventName=\\\\\\\"TieringResultsEvents\\\\\\\" storeType=\\\\\\\"Local\\\\\\\" query=\\\\\\\"Microsoft-FileSync-Agent/TieringResults!*[System[(Level&lt;=4)]]\\\\\\\">        <Column name=\\\\\\\"EventId\\\\\\\" defaultAssignment=\\\\\\\"0\\\\\\\">            <Value>/Event/System/EventID</Value>        </Column>        <Column name=\\\\\\\"Level\\\\\\\" defaultAssignment=\\\\\\\"0\\\\\\\">            <Value>/Event/System/Level</Value>        </Column>        <Column name=\\\\\\\"EventRecordID\\\\\\\" defaultAssignment=\\\\\\\"0\\\\\\\">            <Value>/Event/System/EventRecordID</Value>        </Column>        <Column name=\\\\\\\"EventData\\\\\\\" defaultAssignment=\\\\\\\"\\\\\\\">            <Value>/Event/EventData/Data</Value>        </Column>        <Column name=\\\\\\\"EventDescription\\\\\\\">            <Value>GetEventMetadata(\\\\\\\"Description\\\\\\\")</Value>        </Column>      </Subscription>\\\\t  <Subscription eventName=\\\\\\\"RecallResultsEvents\\\\\\\" storeType=\\\\\\\"Local\\\\\\\" query=\\\\\\\"Microsoft-FileSync-Agent/RecallResults!*[System[(Level&lt;=4)]]\\\\\\\">        <Column name=\\\\\\\"EventId\\\\\\\" defaultAssignment=\\\\\\\"0\\\\\\\">            <Value>/Event/System/EventID</Value>        </Column>        <Column name=\\\\\\\"Level\\\\\\\" defaultAssignment=\\\\\\\"0\\\\\\\">            <Value>/Event/System/Level</Value>        </Column>        <Column name=\\\\\\\"EventRecordID\\\\\\\" defaultAssignment=\\\\\\\"0\\\\\\\">            <Value>/Event/System/EventRecordID</Value>        </Column>        <Column name=\\\\\\\"EventData\\\\\\\" defaultAssignment=\\\\\\\"\\\\\\\">            <Value>/Event/EventData/Data</Value>        </Column>        <Column name=\\\\\\\"EventDescription\\\\\\\">            <Value>GetEventMetadata(\\\\\\\"Description\\\\\\\")</Value>        </Column>      </Subscription>    </WindowsEventLogSubscriptions>    <Extensions>      <Extension extensionName=\\\\\\\"XSyncMonitoringExtension\\\\\\\">        <CommandLine><![CDATA[AzureStorageSyncMonitor.exe]]></CommandLine>        <Body>EventsToCollect=ServerPerformanceCounters:PerformanceCounter,ServerTelemetryEvents:WindowsEventLog,ServerItemResultsEvents:WindowsEventLog;DiagnosticEvents=ServerOperationalEvents:WindowsEventLog,ServerDiagnosticEvents:WindowsEventLog,ServerManagementOperationalEvents:WindowsEventLog,ServerManagementDiagnosticEvents:WindowsEventLog,ServerScrubbingEvents:WindowsEventLog,TieringResultsEvents:WindowsEventLog,RecallResultsEvents:WindowsEventLog,AfsUserModeTraceSession:Trace,AfsKernelModeTraceSession:Trace;EventSchedulerIntervalsInMins=EnvironmentTelemetry:1440</Body>      </Extension>    </Extensions>  </Events></MonitoringManagement>\\\",\\\"configurationVersion\\\":\\\"1\\\",\\\"id\\\":null,\\\"type\\\":\\\"microsoft.storagesync/storageSyncServices/HybridMonitoringConfiguration\\\"}\",\r\n        \"managementEndpointUri\": \"\\\"https://euap01.afs.azure.net:443/\\\"\",\r\n        \"discoveryEndpointUri\": \"\\\"https://tm-euap01.afs.azure.net:443\\\"\",\r\n        \"resourceLocation\": \"centraluseuap\",\r\n        \"serviceLocation\": \"centraluseuap\"\r\n      },\r\n      \"id\": \"/subscriptions/7b96cb02-4663-40f4-9a89-603d3849e46a/resourceGroups/res2421/providers/microsoft.storagesync/storageSyncServices/sss-rslist4884/registeredServers/53123acc-df19-483d-8be0-99dc0a337164\",\r\n      \"name\": \"53123acc-df19-483d-8be0-99dc0a337164\",\r\n      \"type\": \"microsoft.storagesync/storageSyncServices/registeredServers\"\r\n    }\r\n  ]\r\n}",
      "StatusCode": 200
    },
    {
      "RequestUri": "/subscriptions/7b96cb02-4663-40f4-9a89-603d3849e46a/resourceGroups/res2421/providers/Microsoft.StorageSync/storageSyncServices/sss-rslist4884/registeredServers/53123acc-df19-483d-8be0-99dc0a337164?api-version=2019-02-01",
      "EncodedRequestUri": "L3N1YnNjcmlwdGlvbnMvN2I5NmNiMDItNDY2My00MGY0LTlhODktNjAzZDM4NDllNDZhL3Jlc291cmNlR3JvdXBzL3JlczI0MjEvcHJvdmlkZXJzL01pY3Jvc29mdC5TdG9yYWdlU3luYy9zdG9yYWdlU3luY1NlcnZpY2VzL3Nzcy1yc2xpc3Q0ODg0L3JlZ2lzdGVyZWRTZXJ2ZXJzLzUzMTIzYWNjLWRmMTktNDgzZC04YmUwLTk5ZGMwYTMzNzE2ND9hcGktdmVyc2lvbj0yMDE5LTAyLTAx",
      "RequestMethod": "DELETE",
      "RequestBody": "",
      "RequestHeaders": {
        "x-ms-client-request-id": [
          "a67f384a-d19d-4c58-b559-dca087ae1489"
        ],
        "accept-language": [
          "en-US"
        ],
        "User-Agent": [
          "FxVersion/4.6.26614.01",
          "OSName/Windows",
          "OSVersion/Microsoft.Windows.10.0.17763.",
          "Microsoft.Azure.Management.StorageSync.StorageSyncManagementClient/2.9.0"
        ]
      },
      "ResponseHeaders": {
        "Cache-Control": [
          "no-cache"
        ],
        "Date": [
          "Thu, 28 Mar 2019 19:01:16 GMT"
        ],
        "Pragma": [
          "no-cache"
        ],
        "Location": [
          "https://management.azure.com/subscriptions/7b96cb02-4663-40f4-9a89-603d3849e46a/resourceGroups/res2421/providers/microsoft.storagesync/storageSyncServices/sss-rslist4884/workflows/46dc6c8d-5747-47fe-9fab-d0436f1f60c9/operationresults/094e2701-ead2-43d0-94ac-44effac9b1eb?api-version=2019-02-01"
        ],
        "Retry-After": [
          "10"
        ],
        "Server": [
          "Microsoft-IIS/10.0"
        ],
        "Azure-AsyncOperation": [
          "https://management.azure.com/subscriptions/7b96cb02-4663-40f4-9a89-603d3849e46a/resourceGroups/res2421/providers/microsoft.storagesync/storageSyncServices/sss-rslist4884/workflows/46dc6c8d-5747-47fe-9fab-d0436f1f60c9/operations/094e2701-ead2-43d0-94ac-44effac9b1eb?api-version=2019-02-01"
        ],
        "x-ms-request-id": [
          "5881c19a-5b36-45af-9238-30305efa3df2"
        ],
        "X-Content-Type-Options": [
          "nosniff"
        ],
        "Strict-Transport-Security": [
          "max-age=31536000; includeSubDomains"
        ],
        "X-AspNet-Version": [
          "4.0.30319"
        ],
        "X-Powered-By": [
          "ASP.NET"
        ],
        "x-ms-ratelimit-remaining-subscription-deletes": [
          "14999"
        ],
        "x-ms-correlation-request-id": [
          "cd038d82-1992-45f9-b6ba-f79cf5e22177"
        ],
        "x-ms-routing-request-id": [
          "WESTUS2:20190328T190116Z:cd038d82-1992-45f9-b6ba-f79cf5e22177"
        ],
        "Content-Length": [
          "0"
        ],
        "Expires": [
          "-1"
        ]
      },
      "ResponseBody": "",
      "StatusCode": 202
    },
    {
      "RequestUri": "/subscriptions/7b96cb02-4663-40f4-9a89-603d3849e46a/resourceGroups/res2421/providers/microsoft.storagesync/storageSyncServices/sss-rslist4884/workflows/46dc6c8d-5747-47fe-9fab-d0436f1f60c9/operations/094e2701-ead2-43d0-94ac-44effac9b1eb?api-version=2019-02-01",
      "EncodedRequestUri": "L3N1YnNjcmlwdGlvbnMvN2I5NmNiMDItNDY2My00MGY0LTlhODktNjAzZDM4NDllNDZhL3Jlc291cmNlR3JvdXBzL3JlczI0MjEvcHJvdmlkZXJzL21pY3Jvc29mdC5zdG9yYWdlc3luYy9zdG9yYWdlU3luY1NlcnZpY2VzL3Nzcy1yc2xpc3Q0ODg0L3dvcmtmbG93cy80NmRjNmM4ZC01NzQ3LTQ3ZmUtOWZhYi1kMDQzNmYxZjYwYzkvb3BlcmF0aW9ucy8wOTRlMjcwMS1lYWQyLTQzZDAtOTRhYy00NGVmZmFjOWIxZWI/YXBpLXZlcnNpb249MjAxOS0wMi0wMQ==",
      "RequestMethod": "GET",
      "RequestBody": "",
      "RequestHeaders": {
        "User-Agent": [
          "FxVersion/4.6.26614.01",
          "OSName/Windows",
          "OSVersion/Microsoft.Windows.10.0.17763.",
          "Microsoft.Azure.Management.StorageSync.StorageSyncManagementClient/2.9.0"
        ]
      },
      "ResponseHeaders": {
        "Cache-Control": [
          "no-cache"
        ],
        "Date": [
          "Thu, 28 Mar 2019 19:01:26 GMT"
        ],
        "Pragma": [
          "no-cache"
        ],
        "Server": [
          "Microsoft-IIS/10.0"
        ],
        "x-ms-request-id": [
          "896f54e0-6a2e-43d8-8254-c74ec8ad918d"
        ],
        "X-Content-Type-Options": [
          "nosniff"
        ],
        "Strict-Transport-Security": [
          "max-age=31536000; includeSubDomains"
        ],
        "X-AspNet-Version": [
          "4.0.30319"
        ],
        "X-Powered-By": [
          "ASP.NET"
        ],
        "x-ms-ratelimit-remaining-subscription-reads": [
          "11996"
        ],
        "x-ms-correlation-request-id": [
          "3d3bf0ce-11da-459a-b873-7567d8b95711"
        ],
        "x-ms-routing-request-id": [
          "WESTUS2:20190328T190126Z:3d3bf0ce-11da-459a-b873-7567d8b95711"
        ],
        "Content-Length": [
          "453"
        ],
        "Content-Type": [
          "application/json; charset=utf-8"
        ],
        "Expires": [
          "-1"
        ]
      },
      "ResponseBody": "{\r\n  \"id\": \"/subscriptions/7b96cb02-4663-40f4-9a89-603d3849e46a/resourceGroups/res2421/providers/microsoft.storagesync/storageSyncServices/sss-rslist4884/workflow/46dc6c8d-5747-47fe-9fab-d0436f1f60c9/operationresults/094e2701-ead2-43d0-94ac-44effac9b1eb\",\r\n  \"name\": \"094e2701-ead2-43d0-94ac-44effac9b1eb\",\r\n  \"status\": \"delayStep\",\r\n  \"startTime\": \"2019-03-28T19:01:16.9749329Z\",\r\n  \"endTime\": \"2019-03-28T19:01:17.8343508Z\",\r\n  \"percentComplete\": null,\r\n  \"error\": null,\r\n  \"properties\": {}\r\n}",
      "StatusCode": 200
    },
    {
      "RequestUri": "/subscriptions/7b96cb02-4663-40f4-9a89-603d3849e46a/resourceGroups/res2421/providers/microsoft.storagesync/storageSyncServices/sss-rslist4884/workflows/46dc6c8d-5747-47fe-9fab-d0436f1f60c9/operations/094e2701-ead2-43d0-94ac-44effac9b1eb?api-version=2019-02-01",
      "EncodedRequestUri": "L3N1YnNjcmlwdGlvbnMvN2I5NmNiMDItNDY2My00MGY0LTlhODktNjAzZDM4NDllNDZhL3Jlc291cmNlR3JvdXBzL3JlczI0MjEvcHJvdmlkZXJzL21pY3Jvc29mdC5zdG9yYWdlc3luYy9zdG9yYWdlU3luY1NlcnZpY2VzL3Nzcy1yc2xpc3Q0ODg0L3dvcmtmbG93cy80NmRjNmM4ZC01NzQ3LTQ3ZmUtOWZhYi1kMDQzNmYxZjYwYzkvb3BlcmF0aW9ucy8wOTRlMjcwMS1lYWQyLTQzZDAtOTRhYy00NGVmZmFjOWIxZWI/YXBpLXZlcnNpb249MjAxOS0wMi0wMQ==",
      "RequestMethod": "GET",
      "RequestBody": "",
      "RequestHeaders": {
        "User-Agent": [
          "FxVersion/4.6.26614.01",
          "OSName/Windows",
          "OSVersion/Microsoft.Windows.10.0.17763.",
          "Microsoft.Azure.Management.StorageSync.StorageSyncManagementClient/2.9.0"
        ]
      },
      "ResponseHeaders": {
        "Cache-Control": [
          "no-cache"
        ],
        "Date": [
          "Thu, 28 Mar 2019 19:01:36 GMT"
        ],
        "Pragma": [
          "no-cache"
        ],
        "Server": [
          "Microsoft-IIS/10.0"
        ],
        "x-ms-request-id": [
          "bfaa1c6d-4689-4f80-b1cc-6fdf99e85c84"
        ],
        "X-Content-Type-Options": [
          "nosniff"
        ],
        "Strict-Transport-Security": [
          "max-age=31536000; includeSubDomains"
        ],
        "X-AspNet-Version": [
          "4.0.30319"
        ],
        "X-Powered-By": [
          "ASP.NET"
        ],
        "x-ms-ratelimit-remaining-subscription-reads": [
          "11995"
        ],
        "x-ms-correlation-request-id": [
          "dea24d4f-3568-444f-a3b3-5114f2e696f2"
        ],
        "x-ms-routing-request-id": [
          "WESTUS2:20190328T190136Z:dea24d4f-3568-444f-a3b3-5114f2e696f2"
        ],
        "Content-Length": [
          "453"
        ],
        "Content-Type": [
          "application/json; charset=utf-8"
        ],
        "Expires": [
          "-1"
        ]
      },
      "ResponseBody": "{\r\n  \"id\": \"/subscriptions/7b96cb02-4663-40f4-9a89-603d3849e46a/resourceGroups/res2421/providers/microsoft.storagesync/storageSyncServices/sss-rslist4884/workflow/46dc6c8d-5747-47fe-9fab-d0436f1f60c9/operationresults/094e2701-ead2-43d0-94ac-44effac9b1eb\",\r\n  \"name\": \"094e2701-ead2-43d0-94ac-44effac9b1eb\",\r\n  \"status\": \"delayStep\",\r\n  \"startTime\": \"2019-03-28T19:01:16.9749329Z\",\r\n  \"endTime\": \"2019-03-28T19:01:17.8343508Z\",\r\n  \"percentComplete\": null,\r\n  \"error\": null,\r\n  \"properties\": {}\r\n}",
      "StatusCode": 200
    },
    {
      "RequestUri": "/subscriptions/7b96cb02-4663-40f4-9a89-603d3849e46a/resourceGroups/res2421/providers/microsoft.storagesync/storageSyncServices/sss-rslist4884/workflows/46dc6c8d-5747-47fe-9fab-d0436f1f60c9/operations/094e2701-ead2-43d0-94ac-44effac9b1eb?api-version=2019-02-01",
      "EncodedRequestUri": "L3N1YnNjcmlwdGlvbnMvN2I5NmNiMDItNDY2My00MGY0LTlhODktNjAzZDM4NDllNDZhL3Jlc291cmNlR3JvdXBzL3JlczI0MjEvcHJvdmlkZXJzL21pY3Jvc29mdC5zdG9yYWdlc3luYy9zdG9yYWdlU3luY1NlcnZpY2VzL3Nzcy1yc2xpc3Q0ODg0L3dvcmtmbG93cy80NmRjNmM4ZC01NzQ3LTQ3ZmUtOWZhYi1kMDQzNmYxZjYwYzkvb3BlcmF0aW9ucy8wOTRlMjcwMS1lYWQyLTQzZDAtOTRhYy00NGVmZmFjOWIxZWI/YXBpLXZlcnNpb249MjAxOS0wMi0wMQ==",
      "RequestMethod": "GET",
      "RequestBody": "",
      "RequestHeaders": {
        "User-Agent": [
          "FxVersion/4.6.26614.01",
          "OSName/Windows",
          "OSVersion/Microsoft.Windows.10.0.17763.",
          "Microsoft.Azure.Management.StorageSync.StorageSyncManagementClient/2.9.0"
        ]
      },
      "ResponseHeaders": {
        "Cache-Control": [
          "no-cache"
        ],
        "Date": [
          "Thu, 28 Mar 2019 19:01:46 GMT"
        ],
        "Pragma": [
          "no-cache"
        ],
        "Server": [
          "Microsoft-IIS/10.0"
        ],
        "x-ms-request-id": [
          "8321f303-db7b-4a0d-bbc3-04ee3f2866b8"
        ],
        "X-Content-Type-Options": [
          "nosniff"
        ],
        "Strict-Transport-Security": [
          "max-age=31536000; includeSubDomains"
        ],
        "X-AspNet-Version": [
          "4.0.30319"
        ],
        "X-Powered-By": [
          "ASP.NET"
        ],
        "x-ms-ratelimit-remaining-subscription-reads": [
          "11994"
        ],
        "x-ms-correlation-request-id": [
          "ff55c03e-b772-4908-978b-318de044b3da"
        ],
        "x-ms-routing-request-id": [
          "WESTUS2:20190328T190147Z:ff55c03e-b772-4908-978b-318de044b3da"
        ],
        "Content-Length": [
          "453"
        ],
        "Content-Type": [
          "application/json; charset=utf-8"
        ],
        "Expires": [
          "-1"
        ]
      },
      "ResponseBody": "{\r\n  \"id\": \"/subscriptions/7b96cb02-4663-40f4-9a89-603d3849e46a/resourceGroups/res2421/providers/microsoft.storagesync/storageSyncServices/sss-rslist4884/workflow/46dc6c8d-5747-47fe-9fab-d0436f1f60c9/operationresults/094e2701-ead2-43d0-94ac-44effac9b1eb\",\r\n  \"name\": \"094e2701-ead2-43d0-94ac-44effac9b1eb\",\r\n  \"status\": \"delayStep\",\r\n  \"startTime\": \"2019-03-28T19:01:16.9749329Z\",\r\n  \"endTime\": \"2019-03-28T19:01:17.8343508Z\",\r\n  \"percentComplete\": null,\r\n  \"error\": null,\r\n  \"properties\": {}\r\n}",
      "StatusCode": 200
    },
    {
      "RequestUri": "/subscriptions/7b96cb02-4663-40f4-9a89-603d3849e46a/resourceGroups/res2421/providers/microsoft.storagesync/storageSyncServices/sss-rslist4884/workflows/46dc6c8d-5747-47fe-9fab-d0436f1f60c9/operations/094e2701-ead2-43d0-94ac-44effac9b1eb?api-version=2019-02-01",
      "EncodedRequestUri": "L3N1YnNjcmlwdGlvbnMvN2I5NmNiMDItNDY2My00MGY0LTlhODktNjAzZDM4NDllNDZhL3Jlc291cmNlR3JvdXBzL3JlczI0MjEvcHJvdmlkZXJzL21pY3Jvc29mdC5zdG9yYWdlc3luYy9zdG9yYWdlU3luY1NlcnZpY2VzL3Nzcy1yc2xpc3Q0ODg0L3dvcmtmbG93cy80NmRjNmM4ZC01NzQ3LTQ3ZmUtOWZhYi1kMDQzNmYxZjYwYzkvb3BlcmF0aW9ucy8wOTRlMjcwMS1lYWQyLTQzZDAtOTRhYy00NGVmZmFjOWIxZWI/YXBpLXZlcnNpb249MjAxOS0wMi0wMQ==",
      "RequestMethod": "GET",
      "RequestBody": "",
      "RequestHeaders": {
        "User-Agent": [
          "FxVersion/4.6.26614.01",
          "OSName/Windows",
          "OSVersion/Microsoft.Windows.10.0.17763.",
          "Microsoft.Azure.Management.StorageSync.StorageSyncManagementClient/2.9.0"
        ]
      },
      "ResponseHeaders": {
        "Cache-Control": [
          "no-cache"
        ],
        "Date": [
          "Thu, 28 Mar 2019 19:01:56 GMT"
        ],
        "Pragma": [
          "no-cache"
        ],
        "Server": [
          "Microsoft-IIS/10.0"
        ],
        "x-ms-request-id": [
          "982b4a77-a9b0-44ae-9672-57527cf53892"
        ],
        "X-Content-Type-Options": [
          "nosniff"
        ],
        "Strict-Transport-Security": [
          "max-age=31536000; includeSubDomains"
        ],
        "X-AspNet-Version": [
          "4.0.30319"
        ],
        "X-Powered-By": [
          "ASP.NET"
        ],
        "x-ms-ratelimit-remaining-subscription-reads": [
          "11993"
        ],
        "x-ms-correlation-request-id": [
          "52cc8fb1-194b-420b-b661-ba77e449782f"
        ],
        "x-ms-routing-request-id": [
          "WESTUS2:20190328T190157Z:52cc8fb1-194b-420b-b661-ba77e449782f"
        ],
        "Content-Length": [
          "453"
        ],
        "Content-Type": [
          "application/json; charset=utf-8"
        ],
        "Expires": [
          "-1"
        ]
      },
      "ResponseBody": "{\r\n  \"id\": \"/subscriptions/7b96cb02-4663-40f4-9a89-603d3849e46a/resourceGroups/res2421/providers/microsoft.storagesync/storageSyncServices/sss-rslist4884/workflow/46dc6c8d-5747-47fe-9fab-d0436f1f60c9/operationresults/094e2701-ead2-43d0-94ac-44effac9b1eb\",\r\n  \"name\": \"094e2701-ead2-43d0-94ac-44effac9b1eb\",\r\n  \"status\": \"delayStep\",\r\n  \"startTime\": \"2019-03-28T19:01:16.9749329Z\",\r\n  \"endTime\": \"2019-03-28T19:01:17.8343508Z\",\r\n  \"percentComplete\": null,\r\n  \"error\": null,\r\n  \"properties\": {}\r\n}",
      "StatusCode": 200
    },
    {
      "RequestUri": "/subscriptions/7b96cb02-4663-40f4-9a89-603d3849e46a/resourceGroups/res2421/providers/microsoft.storagesync/storageSyncServices/sss-rslist4884/workflows/46dc6c8d-5747-47fe-9fab-d0436f1f60c9/operations/094e2701-ead2-43d0-94ac-44effac9b1eb?api-version=2019-02-01",
      "EncodedRequestUri": "L3N1YnNjcmlwdGlvbnMvN2I5NmNiMDItNDY2My00MGY0LTlhODktNjAzZDM4NDllNDZhL3Jlc291cmNlR3JvdXBzL3JlczI0MjEvcHJvdmlkZXJzL21pY3Jvc29mdC5zdG9yYWdlc3luYy9zdG9yYWdlU3luY1NlcnZpY2VzL3Nzcy1yc2xpc3Q0ODg0L3dvcmtmbG93cy80NmRjNmM4ZC01NzQ3LTQ3ZmUtOWZhYi1kMDQzNmYxZjYwYzkvb3BlcmF0aW9ucy8wOTRlMjcwMS1lYWQyLTQzZDAtOTRhYy00NGVmZmFjOWIxZWI/YXBpLXZlcnNpb249MjAxOS0wMi0wMQ==",
      "RequestMethod": "GET",
      "RequestBody": "",
      "RequestHeaders": {
        "User-Agent": [
          "FxVersion/4.6.26614.01",
          "OSName/Windows",
          "OSVersion/Microsoft.Windows.10.0.17763.",
          "Microsoft.Azure.Management.StorageSync.StorageSyncManagementClient/2.9.0"
        ]
      },
      "ResponseHeaders": {
        "Cache-Control": [
          "no-cache"
        ],
        "Date": [
          "Thu, 28 Mar 2019 19:02:07 GMT"
        ],
        "Pragma": [
          "no-cache"
        ],
        "Server": [
          "Microsoft-IIS/10.0"
        ],
        "x-ms-request-id": [
          "abda9d21-7921-4b7e-8885-1690b5e730f8"
        ],
        "X-Content-Type-Options": [
          "nosniff"
        ],
        "Strict-Transport-Security": [
          "max-age=31536000; includeSubDomains"
        ],
        "X-AspNet-Version": [
          "4.0.30319"
        ],
        "X-Powered-By": [
          "ASP.NET"
        ],
        "x-ms-ratelimit-remaining-subscription-reads": [
          "11992"
        ],
        "x-ms-correlation-request-id": [
          "6d0012ff-9b97-4876-8e14-1b0961e77898"
        ],
        "x-ms-routing-request-id": [
          "WESTUS2:20190328T190207Z:6d0012ff-9b97-4876-8e14-1b0961e77898"
        ],
        "Content-Length": [
          "453"
        ],
        "Content-Type": [
          "application/json; charset=utf-8"
        ],
        "Expires": [
          "-1"
        ]
      },
      "ResponseBody": "{\r\n  \"id\": \"/subscriptions/7b96cb02-4663-40f4-9a89-603d3849e46a/resourceGroups/res2421/providers/microsoft.storagesync/storageSyncServices/sss-rslist4884/workflow/46dc6c8d-5747-47fe-9fab-d0436f1f60c9/operationresults/094e2701-ead2-43d0-94ac-44effac9b1eb\",\r\n  \"name\": \"094e2701-ead2-43d0-94ac-44effac9b1eb\",\r\n  \"status\": \"Succeeded\",\r\n  \"startTime\": \"2019-03-28T19:01:16.9749329Z\",\r\n  \"endTime\": \"2019-03-28T19:02:02.9085904Z\",\r\n  \"percentComplete\": null,\r\n  \"error\": null,\r\n  \"properties\": {}\r\n}",
      "StatusCode": 200
    },
    {
      "RequestUri": "/subscriptions/7b96cb02-4663-40f4-9a89-603d3849e46a/resourceGroups/res2421/providers/microsoft.storagesync/storageSyncServices/sss-rslist4884/workflows/46dc6c8d-5747-47fe-9fab-d0436f1f60c9/operationresults/094e2701-ead2-43d0-94ac-44effac9b1eb?api-version=2019-02-01",
      "EncodedRequestUri": "L3N1YnNjcmlwdGlvbnMvN2I5NmNiMDItNDY2My00MGY0LTlhODktNjAzZDM4NDllNDZhL3Jlc291cmNlR3JvdXBzL3JlczI0MjEvcHJvdmlkZXJzL21pY3Jvc29mdC5zdG9yYWdlc3luYy9zdG9yYWdlU3luY1NlcnZpY2VzL3Nzcy1yc2xpc3Q0ODg0L3dvcmtmbG93cy80NmRjNmM4ZC01NzQ3LTQ3ZmUtOWZhYi1kMDQzNmYxZjYwYzkvb3BlcmF0aW9ucmVzdWx0cy8wOTRlMjcwMS1lYWQyLTQzZDAtOTRhYy00NGVmZmFjOWIxZWI/YXBpLXZlcnNpb249MjAxOS0wMi0wMQ==",
      "RequestMethod": "GET",
      "RequestBody": "",
      "RequestHeaders": {
        "User-Agent": [
          "FxVersion/4.6.26614.01",
          "OSName/Windows",
          "OSVersion/Microsoft.Windows.10.0.17763.",
          "Microsoft.Azure.Management.StorageSync.StorageSyncManagementClient/2.9.0"
        ]
      },
      "ResponseHeaders": {
        "Cache-Control": [
          "no-cache"
        ],
        "Date": [
          "Thu, 28 Mar 2019 19:02:08 GMT"
        ],
        "Pragma": [
          "no-cache"
        ],
        "Server": [
          "Microsoft-IIS/10.0"
        ],
        "x-ms-request-id": [
          "c3878de6-15d0-44d8-a4c1-80e4f44eb1da"
        ],
        "X-Content-Type-Options": [
          "nosniff"
        ],
        "Strict-Transport-Security": [
          "max-age=31536000; includeSubDomains"
        ],
        "X-AspNet-Version": [
          "4.0.30319"
        ],
        "X-Powered-By": [
          "ASP.NET"
        ],
        "x-ms-ratelimit-remaining-subscription-reads": [
          "11991"
        ],
        "x-ms-correlation-request-id": [
          "1d4accb8-96f3-4188-b7a5-be892f7cea80"
        ],
        "x-ms-routing-request-id": [
          "WESTUS2:20190328T190208Z:1d4accb8-96f3-4188-b7a5-be892f7cea80"
        ],
        "Content-Length": [
          "0"
        ],
        "Expires": [
          "-1"
        ]
      },
      "ResponseBody": "",
      "StatusCode": 200
    },
    {
      "RequestUri": "/subscriptions/7b96cb02-4663-40f4-9a89-603d3849e46a/resourceGroups/res2421/providers/Microsoft.StorageSync/storageSyncServices/sss-rslist4884?api-version=2019-02-01",
      "EncodedRequestUri": "L3N1YnNjcmlwdGlvbnMvN2I5NmNiMDItNDY2My00MGY0LTlhODktNjAzZDM4NDllNDZhL3Jlc291cmNlR3JvdXBzL3JlczI0MjEvcHJvdmlkZXJzL01pY3Jvc29mdC5TdG9yYWdlU3luYy9zdG9yYWdlU3luY1NlcnZpY2VzL3Nzcy1yc2xpc3Q0ODg0P2FwaS12ZXJzaW9uPTIwMTktMDItMDE=",
      "RequestMethod": "DELETE",
      "RequestBody": "",
      "RequestHeaders": {
        "x-ms-client-request-id": [
          "45e5fe73-a70d-4a50-b0ad-51f75630caeb"
        ],
        "accept-language": [
          "en-US"
        ],
        "User-Agent": [
          "FxVersion/4.6.26614.01",
          "OSName/Windows",
          "OSVersion/Microsoft.Windows.10.0.17763.",
          "Microsoft.Azure.Management.StorageSync.StorageSyncManagementClient/2.9.0"
        ]
      },
      "ResponseHeaders": {
        "Cache-Control": [
          "no-cache"
        ],
        "Date": [
          "Thu, 28 Mar 2019 19:02:10 GMT"
        ],
        "Pragma": [
          "no-cache"
        ],
        "Server": [
          "Microsoft-IIS/10.0"
        ],
        "x-ms-request-id": [
          "7cfd1f4a-2cfb-4ea6-b44f-9b75a897ead4"
        ],
        "X-Content-Type-Options": [
          "nosniff"
        ],
        "Strict-Transport-Security": [
          "max-age=31536000; includeSubDomains"
        ],
        "X-AspNet-Version": [
          "4.0.30319"
        ],
        "X-Powered-By": [
          "ASP.NET"
        ],
        "x-ms-ratelimit-remaining-subscription-deletes": [
          "14998"
        ],
        "x-ms-correlation-request-id": [
          "9521e86c-af75-4d94-a379-32891baae7cf"
        ],
        "x-ms-routing-request-id": [
          "WESTUS2:20190328T190210Z:9521e86c-af75-4d94-a379-32891baae7cf"
        ],
        "Content-Length": [
          "0"
        ],
        "Expires": [
          "-1"
        ]
      },
      "ResponseBody": "",
      "StatusCode": 200
    },
    {
      "RequestUri": "/subscriptions/7b96cb02-4663-40f4-9a89-603d3849e46a/resourcegroups/res2421?api-version=2017-05-10",
      "EncodedRequestUri": "L3N1YnNjcmlwdGlvbnMvN2I5NmNiMDItNDY2My00MGY0LTlhODktNjAzZDM4NDllNDZhL3Jlc291cmNlZ3JvdXBzL3JlczI0MjE/YXBpLXZlcnNpb249MjAxNy0wNS0xMA==",
      "RequestMethod": "DELETE",
      "RequestBody": "",
      "RequestHeaders": {
        "x-ms-client-request-id": [
          "ada23502-5588-415c-89d7-6bf75b80c060"
        ],
        "accept-language": [
          "en-US"
        ],
        "User-Agent": [
          "FxVersion/4.6.26614.01",
          "OSName/Windows",
          "OSVersion/Microsoft.Windows.10.0.17763.",
          "Microsoft.Azure.Management.ResourceManager.ResourceManagementClient/1.6.0.0"
        ]
      },
      "ResponseHeaders": {
        "Cache-Control": [
          "no-cache"
        ],
        "Date": [
          "Thu, 28 Mar 2019 19:02:11 GMT"
        ],
        "Pragma": [
          "no-cache"
        ],
        "Location": [
          "https://management.azure.com/subscriptions/7b96cb02-4663-40f4-9a89-603d3849e46a/operationresults/eyJqb2JJZCI6IlJFU09VUkNFR1JPVVBERUxFVElPTkpPQi1SRVMyNDIxLUVBU1RVUzIiLCJqb2JMb2NhdGlvbiI6ImVhc3R1czIifQ?api-version=2017-05-10"
        ],
        "Retry-After": [
          "15"
        ],
        "x-ms-ratelimit-remaining-subscription-deletes": [
          "14997"
        ],
        "x-ms-request-id": [
          "90c4f894-2ad1-4f9c-92b4-ac7eba5f1f3b"
        ],
        "x-ms-correlation-request-id": [
          "90c4f894-2ad1-4f9c-92b4-ac7eba5f1f3b"
        ],
        "x-ms-routing-request-id": [
          "WESTUS2:20190328T190211Z:90c4f894-2ad1-4f9c-92b4-ac7eba5f1f3b"
        ],
        "Strict-Transport-Security": [
          "max-age=31536000; includeSubDomains"
        ],
        "X-Content-Type-Options": [
          "nosniff"
        ],
        "Content-Length": [
          "0"
        ],
        "Expires": [
          "-1"
        ]
      },
      "ResponseBody": "",
      "StatusCode": 202
    },
    {
      "RequestUri": "/subscriptions/7b96cb02-4663-40f4-9a89-603d3849e46a/operationresults/eyJqb2JJZCI6IlJFU09VUkNFR1JPVVBERUxFVElPTkpPQi1SRVMyNDIxLUVBU1RVUzIiLCJqb2JMb2NhdGlvbiI6ImVhc3R1czIifQ?api-version=2017-05-10",
      "EncodedRequestUri": "L3N1YnNjcmlwdGlvbnMvN2I5NmNiMDItNDY2My00MGY0LTlhODktNjAzZDM4NDllNDZhL29wZXJhdGlvbnJlc3VsdHMvZXlKcWIySkpaQ0k2SWxKRlUwOVZVa05GUjFKUFZWQkVSVXhGVkVsUFRrcFBRaTFTUlZNeU5ESXhMVVZCVTFSVlV6SWlMQ0pxYjJKTWIyTmhkR2x2YmlJNkltVmhjM1IxY3pJaWZRP2FwaS12ZXJzaW9uPTIwMTctMDUtMTA=",
      "RequestMethod": "GET",
      "RequestBody": "",
      "RequestHeaders": {
        "User-Agent": [
          "FxVersion/4.6.26614.01",
          "OSName/Windows",
          "OSVersion/Microsoft.Windows.10.0.17763.",
          "Microsoft.Azure.Management.ResourceManager.ResourceManagementClient/1.6.0.0"
        ]
      },
      "ResponseHeaders": {
        "Cache-Control": [
          "no-cache"
        ],
        "Date": [
          "Thu, 28 Mar 2019 19:02:26 GMT"
        ],
        "Pragma": [
          "no-cache"
        ],
        "Location": [
          "https://management.azure.com/subscriptions/7b96cb02-4663-40f4-9a89-603d3849e46a/operationresults/eyJqb2JJZCI6IlJFU09VUkNFR1JPVVBERUxFVElPTkpPQi1SRVMyNDIxLUVBU1RVUzIiLCJqb2JMb2NhdGlvbiI6ImVhc3R1czIifQ?api-version=2017-05-10"
        ],
        "Retry-After": [
          "15"
        ],
        "x-ms-ratelimit-remaining-subscription-reads": [
          "11990"
        ],
        "x-ms-request-id": [
          "6b161037-e6e3-4a4d-a6ae-cd77defa165d"
        ],
        "x-ms-correlation-request-id": [
          "6b161037-e6e3-4a4d-a6ae-cd77defa165d"
        ],
        "x-ms-routing-request-id": [
          "WESTUS2:20190328T190227Z:6b161037-e6e3-4a4d-a6ae-cd77defa165d"
        ],
        "Strict-Transport-Security": [
          "max-age=31536000; includeSubDomains"
        ],
        "X-Content-Type-Options": [
          "nosniff"
        ],
        "Content-Length": [
          "0"
        ],
        "Expires": [
          "-1"
        ]
      },
      "ResponseBody": "",
      "StatusCode": 202
    },
    {
      "RequestUri": "/subscriptions/7b96cb02-4663-40f4-9a89-603d3849e46a/operationresults/eyJqb2JJZCI6IlJFU09VUkNFR1JPVVBERUxFVElPTkpPQi1SRVMyNDIxLUVBU1RVUzIiLCJqb2JMb2NhdGlvbiI6ImVhc3R1czIifQ?api-version=2017-05-10",
      "EncodedRequestUri": "L3N1YnNjcmlwdGlvbnMvN2I5NmNiMDItNDY2My00MGY0LTlhODktNjAzZDM4NDllNDZhL29wZXJhdGlvbnJlc3VsdHMvZXlKcWIySkpaQ0k2SWxKRlUwOVZVa05GUjFKUFZWQkVSVXhGVkVsUFRrcFBRaTFTUlZNeU5ESXhMVVZCVTFSVlV6SWlMQ0pxYjJKTWIyTmhkR2x2YmlJNkltVmhjM1IxY3pJaWZRP2FwaS12ZXJzaW9uPTIwMTctMDUtMTA=",
      "RequestMethod": "GET",
      "RequestBody": "",
      "RequestHeaders": {
        "User-Agent": [
          "FxVersion/4.6.26614.01",
          "OSName/Windows",
          "OSVersion/Microsoft.Windows.10.0.17763.",
          "Microsoft.Azure.Management.ResourceManager.ResourceManagementClient/1.6.0.0"
        ]
      },
      "ResponseHeaders": {
        "Cache-Control": [
          "no-cache"
        ],
        "Date": [
          "Thu, 28 Mar 2019 19:02:41 GMT"
        ],
        "Pragma": [
          "no-cache"
        ],
        "Location": [
          "https://management.azure.com/subscriptions/7b96cb02-4663-40f4-9a89-603d3849e46a/operationresults/eyJqb2JJZCI6IlJFU09VUkNFR1JPVVBERUxFVElPTkpPQi1SRVMyNDIxLUVBU1RVUzIiLCJqb2JMb2NhdGlvbiI6ImVhc3R1czIifQ?api-version=2017-05-10"
        ],
        "Retry-After": [
          "15"
        ],
        "x-ms-ratelimit-remaining-subscription-reads": [
          "11989"
        ],
        "x-ms-request-id": [
          "f8d0e30a-1c47-4bae-b04c-45efe0e716b6"
        ],
        "x-ms-correlation-request-id": [
          "f8d0e30a-1c47-4bae-b04c-45efe0e716b6"
        ],
        "x-ms-routing-request-id": [
          "WESTUS2:20190328T190242Z:f8d0e30a-1c47-4bae-b04c-45efe0e716b6"
        ],
        "Strict-Transport-Security": [
          "max-age=31536000; includeSubDomains"
        ],
        "X-Content-Type-Options": [
          "nosniff"
        ],
        "Content-Length": [
          "0"
        ],
        "Expires": [
          "-1"
        ]
      },
      "ResponseBody": "",
      "StatusCode": 202
    },
    {
      "RequestUri": "/subscriptions/7b96cb02-4663-40f4-9a89-603d3849e46a/operationresults/eyJqb2JJZCI6IlJFU09VUkNFR1JPVVBERUxFVElPTkpPQi1SRVMyNDIxLUVBU1RVUzIiLCJqb2JMb2NhdGlvbiI6ImVhc3R1czIifQ?api-version=2017-05-10",
      "EncodedRequestUri": "L3N1YnNjcmlwdGlvbnMvN2I5NmNiMDItNDY2My00MGY0LTlhODktNjAzZDM4NDllNDZhL29wZXJhdGlvbnJlc3VsdHMvZXlKcWIySkpaQ0k2SWxKRlUwOVZVa05GUjFKUFZWQkVSVXhGVkVsUFRrcFBRaTFTUlZNeU5ESXhMVVZCVTFSVlV6SWlMQ0pxYjJKTWIyTmhkR2x2YmlJNkltVmhjM1IxY3pJaWZRP2FwaS12ZXJzaW9uPTIwMTctMDUtMTA=",
      "RequestMethod": "GET",
      "RequestBody": "",
      "RequestHeaders": {
        "User-Agent": [
          "FxVersion/4.6.26614.01",
          "OSName/Windows",
          "OSVersion/Microsoft.Windows.10.0.17763.",
          "Microsoft.Azure.Management.ResourceManager.ResourceManagementClient/1.6.0.0"
        ]
      },
      "ResponseHeaders": {
        "Cache-Control": [
          "no-cache"
        ],
        "Date": [
          "Thu, 28 Mar 2019 19:02:56 GMT"
        ],
        "Pragma": [
          "no-cache"
        ],
        "x-ms-ratelimit-remaining-subscription-reads": [
          "11988"
        ],
        "x-ms-request-id": [
          "bc6be4ed-c64a-4e67-8ef3-288207bdbd5c"
        ],
        "x-ms-correlation-request-id": [
          "bc6be4ed-c64a-4e67-8ef3-288207bdbd5c"
        ],
        "x-ms-routing-request-id": [
          "WESTUS2:20190328T190257Z:bc6be4ed-c64a-4e67-8ef3-288207bdbd5c"
        ],
        "Strict-Transport-Security": [
          "max-age=31536000; includeSubDomains"
        ],
        "X-Content-Type-Options": [
          "nosniff"
        ],
        "Content-Length": [
          "0"
        ],
        "Expires": [
          "-1"
        ]
      },
      "ResponseBody": "",
      "StatusCode": 200
    },
    {
      "RequestUri": "/subscriptions/7b96cb02-4663-40f4-9a89-603d3849e46a/operationresults/eyJqb2JJZCI6IlJFU09VUkNFR1JPVVBERUxFVElPTkpPQi1SRVMyNDIxLUVBU1RVUzIiLCJqb2JMb2NhdGlvbiI6ImVhc3R1czIifQ?api-version=2017-05-10",
      "EncodedRequestUri": "L3N1YnNjcmlwdGlvbnMvN2I5NmNiMDItNDY2My00MGY0LTlhODktNjAzZDM4NDllNDZhL29wZXJhdGlvbnJlc3VsdHMvZXlKcWIySkpaQ0k2SWxKRlUwOVZVa05GUjFKUFZWQkVSVXhGVkVsUFRrcFBRaTFTUlZNeU5ESXhMVVZCVTFSVlV6SWlMQ0pxYjJKTWIyTmhkR2x2YmlJNkltVmhjM1IxY3pJaWZRP2FwaS12ZXJzaW9uPTIwMTctMDUtMTA=",
      "RequestMethod": "GET",
      "RequestBody": "",
      "RequestHeaders": {
        "User-Agent": [
          "FxVersion/4.6.26614.01",
          "OSName/Windows",
          "OSVersion/Microsoft.Windows.10.0.17763.",
          "Microsoft.Azure.Management.ResourceManager.ResourceManagementClient/1.6.0.0"
        ]
      },
      "ResponseHeaders": {
        "Cache-Control": [
          "no-cache"
        ],
        "Date": [
          "Thu, 28 Mar 2019 19:02:56 GMT"
        ],
        "Pragma": [
          "no-cache"
        ],
        "x-ms-ratelimit-remaining-subscription-reads": [
          "11987"
        ],
        "x-ms-request-id": [
          "7a0e8396-28a3-4f47-b2f9-14e2d94fdf93"
        ],
        "x-ms-correlation-request-id": [
          "7a0e8396-28a3-4f47-b2f9-14e2d94fdf93"
        ],
        "x-ms-routing-request-id": [
          "WESTUS2:20190328T190257Z:7a0e8396-28a3-4f47-b2f9-14e2d94fdf93"
        ],
        "Strict-Transport-Security": [
          "max-age=31536000; includeSubDomains"
        ],
        "X-Content-Type-Options": [
          "nosniff"
        ],
        "Content-Length": [
          "0"
        ],
        "Expires": [
          "-1"
        ]
      },
      "ResponseBody": "",
      "StatusCode": 200
    }
  ],
  "Names": {
    "CreateResourceGroup": [
      "res2421"
    ],
    "RegisteredServerListTest": [
      "sss-rslist4884",
      "53123acc-df19-483d-8be0-99dc0a337164"
    ]
  },
  "Variables": {
    "SubscriptionId": "7b96cb02-4663-40f4-9a89-603d3849e46a"
  }
}