{
  "Entries": [
    {
      "RequestUri": "https://management.azure.com/subscriptions/db1ab6f0-4769-4b27-930e-01e2ef9c123c?api-version=2019-11-01",
      "RequestMethod": "GET",
      "RequestHeaders": {
        "Accept": "application/json",
        "Authorization": "Sanitized",
        "User-Agent": [
          "azsdk-net-ResourceManager/1.0.0-beta.3",
          "(.NET Core 3.1.19; Microsoft Windows 10.0.19043)"
        ],
        "x-ms-client-request-id": "44f36a23156b414732acfe8a22006281",
        "x-ms-return-client-request-id": "true"
      },
      "RequestBody": null,
      "StatusCode": 200,
      "ResponseHeaders": {
        "Cache-Control": "no-cache",
        "Content-Length": "468",
        "Content-Type": "application/json; charset=utf-8",
        "Date": "Sat, 09 Oct 2021 06:35:51 GMT",
        "Expires": "-1",
        "Pragma": "no-cache",
        "Strict-Transport-Security": "max-age=31536000; includeSubDomains",
        "X-Content-Type-Options": "nosniff",
        "x-ms-correlation-request-id": "86738bfc-7f35-4c31-99b9-1a87273984fc",
        "x-ms-ratelimit-remaining-subscription-reads": "11997",
        "x-ms-request-id": "86738bfc-7f35-4c31-99b9-1a87273984fc",
        "x-ms-routing-request-id": "SOUTHEASTASIA:20211009T063551Z:86738bfc-7f35-4c31-99b9-1a87273984fc"
      },
      "ResponseBody": {
        "id": "/subscriptions/db1ab6f0-4769-4b27-930e-01e2ef9c123c",
        "authorizationSource": "RoleBased",
        "managedByTenants": [],
        "tags": {
          "tagKey1": "tagValue1",
          "tagKey2": "tagValue2"
        },
        "subscriptionId": "db1ab6f0-4769-4b27-930e-01e2ef9c123c",
        "tenantId": "72f988bf-86f1-41af-91ab-2d7cd011db47",
        "displayName": ".NET Mgmt SDK Test with TTL = 1 Day",
        "state": "Enabled",
        "subscriptionPolicies": {
          "locationPlacementId": "Internal_2014-09-01",
          "quotaId": "Internal_2014-09-01",
          "spendingLimit": "Off"
        }
      }
    },
    {
      "RequestUri": "https://management.azure.com/subscriptions/db1ab6f0-4769-4b27-930e-01e2ef9c123c/resourcegroups/Default-AppConfiguration-2325?api-version=2019-10-01",
      "RequestMethod": "PUT",
      "RequestHeaders": {
        "Accept": "application/json",
        "Authorization": "Sanitized",
        "Content-Length": "21",
        "Content-Type": "application/json",
        "traceparent": "00-d663de819fb211429a22fa097905e8ab-5dbe8e7bc7b0684a-00",
        "User-Agent": [
          "azsdk-net-ResourceManager/1.0.0-beta.3",
          "(.NET Core 3.1.19; Microsoft Windows 10.0.19043)"
        ],
        "x-ms-client-request-id": "419128d4ae293bae57ccfb16c8bc03c4",
        "x-ms-return-client-request-id": "true"
      },
      "RequestBody": {
        "location": "eastus"
      },
      "StatusCode": 201,
      "ResponseHeaders": {
        "Cache-Control": "no-cache",
        "Content-Length": "255",
        "Content-Type": "application/json; charset=utf-8",
        "Date": "Sat, 09 Oct 2021 06:35:52 GMT",
        "Expires": "-1",
        "Pragma": "no-cache",
        "Strict-Transport-Security": "max-age=31536000; includeSubDomains",
        "X-Content-Type-Options": "nosniff",
        "x-ms-correlation-request-id": "a3c7fdbf-cc64-4cf7-84a1-f5ea252a90d8",
        "x-ms-ratelimit-remaining-subscription-writes": "1199",
        "x-ms-request-id": "a3c7fdbf-cc64-4cf7-84a1-f5ea252a90d8",
        "x-ms-routing-request-id": "SOUTHEASTASIA:20211009T063552Z:a3c7fdbf-cc64-4cf7-84a1-f5ea252a90d8"
      },
      "ResponseBody": {
        "id": "/subscriptions/db1ab6f0-4769-4b27-930e-01e2ef9c123c/resourceGroups/Default-AppConfiguration-2325",
        "name": "Default-AppConfiguration-2325",
        "type": "Microsoft.Resources/resourceGroups",
        "location": "eastus",
        "properties": {
          "provisioningState": "Succeeded"
        }
      }
    },
    {
      "RequestUri": "https://management.azure.com/subscriptions/db1ab6f0-4769-4b27-930e-01e2ef9c123c/resourceGroups/Default-AppConfiguration-2325/providers/Microsoft.AppConfiguration/configurationStores/testapp-2289?api-version=2020-06-01",
      "RequestMethod": "PUT",
      "RequestHeaders": {
        "Accept": "application/json",
        "Authorization": "Sanitized",
        "Content-Length": "105",
        "Content-Type": "application/json",
        "User-Agent": [
          "azsdk-net-ResourceManager.AppConfiguration/1.0.0-alpha.20211009.1",
          "(.NET Core 3.1.19; Microsoft Windows 10.0.19043)"
        ],
        "x-ms-client-request-id": "7d7c6593098dd5e37a742e7f8b15235a",
        "x-ms-return-client-request-id": "true"
      },
      "RequestBody": {
        "sku": {
          "name": "Standard"
        },
        "tags": {},
        "location": "eastus",
        "properties": {
          "publicNetworkAccess": "Disabled"
        }
      },
      "StatusCode": 201,
      "ResponseHeaders": {
        "Azure-AsyncOperation": "https://management.azure.com/subscriptions/db1ab6f0-4769-4b27-930e-01e2ef9c123c/providers/Microsoft.AppConfiguration/locations/eastus/operationsStatus/bcc277b0-6411-5740-b8cb-d20e4be35ca5?api-version=2020-06-01",
        "Cache-Control": "no-cache",
        "Content-Length": "474",
        "Content-Type": "application/json; charset=utf-8",
        "Date": "Sat, 09 Oct 2021 06:36:06 GMT",
        "Expires": "-1",
        "Pragma": "no-cache",
        "Retry-After": "10",
        "Server": "nginx/1.17.10",
        "Strict-Transport-Security": "max-age=31536000; includeSubDomains",
        "X-Content-Type-Options": "nosniff",
        "x-ms-client-request-id": "7d7c6593098dd5e37a742e7f8b15235a",
        "x-ms-correlation-request-id": "21f08382-43ae-4b37-8e67-b6ed59252c65",
        "x-ms-ratelimit-remaining-subscription-writes": "1198",
        "x-ms-request-id": "c74af96a-26b5-4439-815c-80be4e0c6c3d",
        "x-ms-routing-request-id": "SOUTHEASTASIA:20211009T063606Z:21f08382-43ae-4b37-8e67-b6ed59252c65"
      },
      "ResponseBody": {
        "type": "Microsoft.AppConfiguration/configurationStores",
        "location": "eastus",
        "properties": {
          "provisioningState": "Creating",
          "creationDate": "2021-10-09T06:36:05.4542236\u002B00:00",
          "endpoint": null,
          "encryption": null,
          "privateEndpointConnections": null
        },
        "sku": {
          "name": "Standard"
        },
        "id": "/subscriptions/db1ab6f0-4769-4b27-930e-01e2ef9c123c/resourceGroups/Default-AppConfiguration-2325/providers/Microsoft.AppConfiguration/configurationStores/testapp-2289",
        "name": "testapp-2289",
        "tags": {}
      }
    },
    {
      "RequestUri": "https://management.azure.com/subscriptions/db1ab6f0-4769-4b27-930e-01e2ef9c123c/providers/Microsoft.AppConfiguration/locations/eastus/operationsStatus/bcc277b0-6411-5740-b8cb-d20e4be35ca5?api-version=2020-06-01",
      "RequestMethod": "GET",
      "RequestHeaders": {
        "Authorization": "Sanitized",
        "User-Agent": [
          "azsdk-net-ResourceManager/1.0.0-beta.3",
          "(.NET Core 3.1.19; Microsoft Windows 10.0.19043)"
        ],
        "x-ms-client-request-id": "b34a5b9e914a1f46ae6caf3a80bcccb6",
        "x-ms-return-client-request-id": "true"
      },
      "RequestBody": null,
      "StatusCode": 200,
      "ResponseHeaders": {
        "Azure-AsyncOperation": "https://management.azure.com/subscriptions/db1ab6f0-4769-4b27-930e-01e2ef9c123c/providers/Microsoft.AppConfiguration/locations/eastus/operationsStatus/bcc277b0-6411-5740-b8cb-d20e4be35ca5?api-version=2020-06-01",
        "Cache-Control": "no-cache",
        "Content-Length": "248",
        "Content-Type": "application/json; charset=utf-8",
        "Date": "Sat, 09 Oct 2021 06:36:06 GMT",
        "Expires": "-1",
        "Pragma": "no-cache",
        "Server": "nginx/1.17.10",
        "Strict-Transport-Security": "max-age=31536000; includeSubDomains",
        "Vary": "Accept-Encoding",
        "X-Content-Type-Options": "nosniff",
        "x-ms-client-request-id": "b34a5b9e914a1f46ae6caf3a80bcccb6",
        "x-ms-correlation-request-id": "a5ca039b-83f1-41b6-8d8f-63d346b37b85",
        "x-ms-ratelimit-remaining-subscription-reads": "11996",
        "x-ms-request-id": "01017d35-9707-4e8e-81ff-2a7d36fdbc2b",
        "x-ms-routing-request-id": "SOUTHEASTASIA:20211009T063607Z:a5ca039b-83f1-41b6-8d8f-63d346b37b85"
      },
      "ResponseBody": {
        "id": "/subscriptions/db1ab6f0-4769-4b27-930e-01e2ef9c123c/providers/Microsoft.AppConfiguration/locations/eastus/operationsStatus/bcc277b0-6411-5740-b8cb-d20e4be35ca5",
        "name": "bcc277b0-6411-5740-b8cb-d20e4be35ca5",
        "status": "Succeeded",
        "error": null
      }
    },
    {
      "RequestUri": "https://management.azure.com/subscriptions/db1ab6f0-4769-4b27-930e-01e2ef9c123c/resourceGroups/Default-AppConfiguration-2325/providers/Microsoft.AppConfiguration/configurationStores/testapp-2289?api-version=2020-06-01",
      "RequestMethod": "GET",
      "RequestHeaders": {
        "Authorization": "Sanitized",
        "User-Agent": [
          "azsdk-net-ResourceManager/1.0.0-beta.3",
          "(.NET Core 3.1.19; Microsoft Windows 10.0.19043)"
        ],
        "x-ms-client-request-id": "5507bcd7eb077874a81671a4a332edb8",
        "x-ms-return-client-request-id": "true"
      },
      "RequestBody": null,
      "StatusCode": 200,
      "ResponseHeaders": {
        "Cache-Control": "no-cache",
        "Content-Length": "553",
        "Content-Type": "application/json; charset=utf-8",
        "Date": "Sat, 09 Oct 2021 06:36:07 GMT",
        "ETag": "W/\u00227e0246c9-0000-0100-0000-616138560000\u0022",
        "Expires": "-1",
        "Pragma": "no-cache",
        "Server": "nginx/1.17.10",
        "Strict-Transport-Security": "max-age=31536000; includeSubDomains",
        "Vary": "Accept-Encoding",
        "X-Content-Type-Options": "nosniff",
        "x-ms-client-request-id": "5507bcd7eb077874a81671a4a332edb8",
        "x-ms-correlation-request-id": "e87672e4-eea4-4bd4-9b6b-595f2a399f84",
        "x-ms-ratelimit-remaining-subscription-reads": "11995",
        "x-ms-request-id": "93b23d37-f047-4b0a-b7d7-28156bd8d059",
        "x-ms-routing-request-id": "SOUTHEASTASIA:20211009T063607Z:e87672e4-eea4-4bd4-9b6b-595f2a399f84"
      },
      "ResponseBody": {
        "type": "Microsoft.AppConfiguration/configurationStores",
        "location": "eastus",
        "properties": {
          "provisioningState": "Succeeded",
          "creationDate": "2021-10-09T06:36:06\u002B00:00",
          "endpoint": "https://testapp-2289.azconfig.io",
          "encryption": {
            "keyVaultProperties": null
          },
          "privateEndpointConnections": null,
          "publicNetworkAccess": "Disabled"
        },
        "sku": {
          "name": "standard"
        },
        "id": "/subscriptions/db1ab6f0-4769-4b27-930e-01e2ef9c123c/resourceGroups/default-appconfiguration-2325/providers/Microsoft.AppConfiguration/configurationStores/testapp-2289",
        "name": "testapp-2289",
        "tags": {}
      }
    },
    {
      "RequestUri": "https://management.azure.com/subscriptions/db1ab6f0-4769-4b27-930e-01e2ef9c123c/resourceGroups/Default-AppConfiguration-2325/providers/Microsoft.Network/virtualNetworks/vnetname2395?api-version=2021-02-01",
      "RequestMethod": "PUT",
      "RequestHeaders": {
        "Accept": "application/json",
        "Authorization": "Sanitized",
        "Content-Length": "287",
        "Content-Type": "application/json",
        "User-Agent": [
          "azsdk-net-ResourceManager.Network/1.0.0-beta.2",
          "(.NET Core 3.1.19; Microsoft Windows 10.0.19043)"
        ],
        "x-ms-client-request-id": "2fe1300e70ca2f0f20dc2a446b82e64f",
        "x-ms-return-client-request-id": "true"
      },
      "RequestBody": {
        "location": "eastus",
        "id": null,
        "properties": {
          "addressSpace": {
            "addressPrefixes": [
              "10.0.0.0/16"
            ]
          },
          "dhcpOptions": {
            "dnsServers": [
              "10.1.1.1",
              "10.1.2.4"
            ]
          },
          "subnets": [
            {
              "name": "subnetname5499",
              "id": null,
              "properties": {
                "addressPrefix": "10.0.0.0/24",
                "privateEndpointNetworkPolicies": "Disabled"
              }
            }
          ]
        }
      },
      "StatusCode": 201,
      "ResponseHeaders": {
        "Azure-AsyncNotification": "Enabled",
        "Azure-AsyncOperation": "https://management.azure.com/subscriptions/db1ab6f0-4769-4b27-930e-01e2ef9c123c/providers/Microsoft.Network/locations/eastus/operations/b20191c7-4466-45bd-a0d9-69c425dbaa43?api-version=2021-02-01",
        "Cache-Control": "no-cache",
        "Content-Length": "1381",
        "Content-Type": "application/json; charset=utf-8",
        "Date": "Sat, 09 Oct 2021 06:36:11 GMT",
        "Expires": "-1",
        "Pragma": "no-cache",
        "Retry-After": "3",
        "Server": [
          "Microsoft-HTTPAPI/2.0",
          "Microsoft-HTTPAPI/2.0"
        ],
        "Strict-Transport-Security": "max-age=31536000; includeSubDomains",
        "X-Content-Type-Options": "nosniff",
        "x-ms-arm-service-request-id": "7ebe9346-bd2b-4591-b57b-034b9d31105c",
        "x-ms-client-request-id": "2fe1300e70ca2f0f20dc2a446b82e64f",
        "x-ms-correlation-request-id": "a3702c63-25c6-4806-89a4-9a44c6c395c3",
        "x-ms-ratelimit-remaining-subscription-writes": "1197",
        "x-ms-request-id": "b20191c7-4466-45bd-a0d9-69c425dbaa43",
        "x-ms-routing-request-id": "SOUTHEASTASIA:20211009T063612Z:a3702c63-25c6-4806-89a4-9a44c6c395c3"
      },
      "ResponseBody": [
        "{\r\n",
        "  \u0022name\u0022: \u0022vnetname2395\u0022,\r\n",
        "  \u0022id\u0022: \u0022/subscriptions/db1ab6f0-4769-4b27-930e-01e2ef9c123c/resourceGroups/Default-AppConfiguration-2325/providers/Microsoft.Network/virtualNetworks/vnetname2395\u0022,\r\n",
        "  \u0022etag\u0022: \u0022W/\\\u00227e761e84-369c-4dcb-ba67-899b8e7f0b44\\\u0022\u0022,\r\n",
        "  \u0022type\u0022: \u0022Microsoft.Network/virtualNetworks\u0022,\r\n",
        "  \u0022location\u0022: \u0022eastus\u0022,\r\n",
        "  \u0022properties\u0022: {\r\n",
        "    \u0022provisioningState\u0022: \u0022Updating\u0022,\r\n",
        "    \u0022resourceGuid\u0022: \u002271d4d6ec-78df-4efa-882e-a4eea4617c75\u0022,\r\n",
        "    \u0022addressSpace\u0022: {\r\n",
        "      \u0022addressPrefixes\u0022: [\r\n",
        "        \u002210.0.0.0/16\u0022\r\n",
        "      ]\r\n",
        "    },\r\n",
        "    \u0022dhcpOptions\u0022: {\r\n",
        "      \u0022dnsServers\u0022: [\r\n",
        "        \u002210.1.1.1\u0022,\r\n",
        "        \u002210.1.2.4\u0022\r\n",
        "      ]\r\n",
        "    },\r\n",
        "    \u0022subnets\u0022: [\r\n",
        "      {\r\n",
        "        \u0022name\u0022: \u0022subnetname5499\u0022,\r\n",
        "        \u0022id\u0022: \u0022/subscriptions/db1ab6f0-4769-4b27-930e-01e2ef9c123c/resourceGroups/Default-AppConfiguration-2325/providers/Microsoft.Network/virtualNetworks/vnetname2395/subnets/subnetname5499\u0022,\r\n",
        "        \u0022etag\u0022: \u0022W/\\\u00227e761e84-369c-4dcb-ba67-899b8e7f0b44\\\u0022\u0022,\r\n",
        "        \u0022properties\u0022: {\r\n",
        "          \u0022provisioningState\u0022: \u0022Updating\u0022,\r\n",
        "          \u0022addressPrefix\u0022: \u002210.0.0.0/24\u0022,\r\n",
        "          \u0022delegations\u0022: [],\r\n",
        "          \u0022privateEndpointNetworkPolicies\u0022: \u0022Disabled\u0022,\r\n",
        "          \u0022privateLinkServiceNetworkPolicies\u0022: \u0022Enabled\u0022\r\n",
        "        },\r\n",
        "        \u0022type\u0022: \u0022Microsoft.Network/virtualNetworks/subnets\u0022\r\n",
        "      }\r\n",
        "    ],\r\n",
        "    \u0022virtualNetworkPeerings\u0022: [],\r\n",
        "    \u0022enableDdosProtection\u0022: false\r\n",
        "  }\r\n",
        "}"
      ]
    },
    {
      "RequestUri": "https://management.azure.com/subscriptions/db1ab6f0-4769-4b27-930e-01e2ef9c123c/providers/Microsoft.Network/locations/eastus/operations/b20191c7-4466-45bd-a0d9-69c425dbaa43?api-version=2021-02-01",
      "RequestMethod": "GET",
      "RequestHeaders": {
        "Authorization": "Sanitized",
        "User-Agent": [
          "azsdk-net-ResourceManager/1.0.0-beta.3",
          "(.NET Core 3.1.19; Microsoft Windows 10.0.19043)"
        ],
        "x-ms-client-request-id": "4f2cf67e9cdb67ecacd8352bc0300d26",
        "x-ms-return-client-request-id": "true"
      },
      "RequestBody": null,
      "StatusCode": 200,
      "ResponseHeaders": {
        "Cache-Control": "no-cache",
        "Content-Length": "30",
        "Content-Type": "application/json; charset=utf-8",
        "Date": "Sat, 09 Oct 2021 06:36:12 GMT",
        "Expires": "-1",
        "Pragma": "no-cache",
        "Retry-After": "10",
        "Server": [
          "Microsoft-HTTPAPI/2.0",
          "Microsoft-HTTPAPI/2.0"
        ],
        "Strict-Transport-Security": "max-age=31536000; includeSubDomains",
        "X-Content-Type-Options": "nosniff",
        "x-ms-arm-service-request-id": "3318f1f1-2143-4fcd-91de-244a6d892cc1",
        "x-ms-client-request-id": "4f2cf67e9cdb67ecacd8352bc0300d26",
        "x-ms-correlation-request-id": "775bf753-eebd-4ca6-b807-4565a99171bf",
        "x-ms-ratelimit-remaining-subscription-reads": "11994",
        "x-ms-request-id": "0d34e916-71d7-4563-82ca-001f7ff8e560",
        "x-ms-routing-request-id": "SOUTHEASTASIA:20211009T063613Z:775bf753-eebd-4ca6-b807-4565a99171bf"
      },
      "ResponseBody": [
        "{\r\n",
        "  \u0022status\u0022: \u0022InProgress\u0022\r\n",
        "}"
      ]
    },
    {
      "RequestUri": "https://management.azure.com/subscriptions/db1ab6f0-4769-4b27-930e-01e2ef9c123c/providers/Microsoft.Network/locations/eastus/operations/b20191c7-4466-45bd-a0d9-69c425dbaa43?api-version=2021-02-01",
      "RequestMethod": "GET",
      "RequestHeaders": {
        "Authorization": "Sanitized",
        "User-Agent": [
          "azsdk-net-ResourceManager/1.0.0-beta.3",
          "(.NET Core 3.1.19; Microsoft Windows 10.0.19043)"
        ],
        "x-ms-client-request-id": "f386222fc159fdff3b2e49f965da0e7e",
        "x-ms-return-client-request-id": "true"
      },
      "RequestBody": null,
      "StatusCode": 200,
      "ResponseHeaders": {
        "Cache-Control": "no-cache",
        "Content-Length": "29",
        "Content-Type": "application/json; charset=utf-8",
        "Date": "Sat, 09 Oct 2021 06:36:14 GMT",
        "Expires": "-1",
        "Pragma": "no-cache",
        "Server": [
          "Microsoft-HTTPAPI/2.0",
          "Microsoft-HTTPAPI/2.0"
        ],
        "Strict-Transport-Security": "max-age=31536000; includeSubDomains",
        "X-Content-Type-Options": "nosniff",
        "x-ms-arm-service-request-id": "d79c821c-3d1b-4f26-89d9-7d8597475517",
        "x-ms-client-request-id": "f386222fc159fdff3b2e49f965da0e7e",
        "x-ms-correlation-request-id": "6845c86a-7ffe-4efe-aa51-47b70d264df9",
        "x-ms-ratelimit-remaining-subscription-reads": "11993",
        "x-ms-request-id": "2fb85305-0d64-4414-8c12-fcbe746649f7",
        "x-ms-routing-request-id": "SOUTHEASTASIA:20211009T063615Z:6845c86a-7ffe-4efe-aa51-47b70d264df9"
      },
      "ResponseBody": [
        "{\r\n",
        "  \u0022status\u0022: \u0022Succeeded\u0022\r\n",
        "}"
      ]
    },
    {
      "RequestUri": "https://management.azure.com/subscriptions/db1ab6f0-4769-4b27-930e-01e2ef9c123c/resourceGroups/Default-AppConfiguration-2325/providers/Microsoft.Network/virtualNetworks/vnetname2395?api-version=2021-02-01",
      "RequestMethod": "GET",
      "RequestHeaders": {
        "Authorization": "Sanitized",
        "User-Agent": [
          "azsdk-net-ResourceManager/1.0.0-beta.3",
          "(.NET Core 3.1.19; Microsoft Windows 10.0.19043)"
        ],
        "x-ms-client-request-id": "74c6af5f97568174c3717ee1dbcaf2b6",
        "x-ms-return-client-request-id": "true"
      },
      "RequestBody": null,
      "StatusCode": 200,
      "ResponseHeaders": {
        "Cache-Control": "no-cache",
        "Content-Length": "1383",
        "Content-Type": "application/json; charset=utf-8",
        "Date": "Sat, 09 Oct 2021 06:36:15 GMT",
        "ETag": "W/\u0022caeb38f4-e2b9-4c7a-9cb7-7b4ecd0e8b80\u0022",
        "Expires": "-1",
        "Pragma": "no-cache",
        "Server": [
          "Microsoft-HTTPAPI/2.0",
          "Microsoft-HTTPAPI/2.0"
        ],
        "Strict-Transport-Security": "max-age=31536000; includeSubDomains",
        "X-Content-Type-Options": "nosniff",
        "x-ms-arm-service-request-id": "9b601d44-6f20-4130-be5f-4f261ec69ce1",
        "x-ms-client-request-id": "74c6af5f97568174c3717ee1dbcaf2b6",
        "x-ms-correlation-request-id": "23574a02-8202-4bfb-aeef-963677ad570c",
        "x-ms-ratelimit-remaining-subscription-reads": "11992",
        "x-ms-request-id": "9074266e-7641-47ce-bd37-379fd3226d4d",
        "x-ms-routing-request-id": "SOUTHEASTASIA:20211009T063615Z:23574a02-8202-4bfb-aeef-963677ad570c"
      },
      "ResponseBody": [
        "{\r\n",
        "  \u0022name\u0022: \u0022vnetname2395\u0022,\r\n",
        "  \u0022id\u0022: \u0022/subscriptions/db1ab6f0-4769-4b27-930e-01e2ef9c123c/resourceGroups/Default-AppConfiguration-2325/providers/Microsoft.Network/virtualNetworks/vnetname2395\u0022,\r\n",
        "  \u0022etag\u0022: \u0022W/\\\u0022caeb38f4-e2b9-4c7a-9cb7-7b4ecd0e8b80\\\u0022\u0022,\r\n",
        "  \u0022type\u0022: \u0022Microsoft.Network/virtualNetworks\u0022,\r\n",
        "  \u0022location\u0022: \u0022eastus\u0022,\r\n",
        "  \u0022properties\u0022: {\r\n",
        "    \u0022provisioningState\u0022: \u0022Succeeded\u0022,\r\n",
        "    \u0022resourceGuid\u0022: \u002271d4d6ec-78df-4efa-882e-a4eea4617c75\u0022,\r\n",
        "    \u0022addressSpace\u0022: {\r\n",
        "      \u0022addressPrefixes\u0022: [\r\n",
        "        \u002210.0.0.0/16\u0022\r\n",
        "      ]\r\n",
        "    },\r\n",
        "    \u0022dhcpOptions\u0022: {\r\n",
        "      \u0022dnsServers\u0022: [\r\n",
        "        \u002210.1.1.1\u0022,\r\n",
        "        \u002210.1.2.4\u0022\r\n",
        "      ]\r\n",
        "    },\r\n",
        "    \u0022subnets\u0022: [\r\n",
        "      {\r\n",
        "        \u0022name\u0022: \u0022subnetname5499\u0022,\r\n",
        "        \u0022id\u0022: \u0022/subscriptions/db1ab6f0-4769-4b27-930e-01e2ef9c123c/resourceGroups/Default-AppConfiguration-2325/providers/Microsoft.Network/virtualNetworks/vnetname2395/subnets/subnetname5499\u0022,\r\n",
        "        \u0022etag\u0022: \u0022W/\\\u0022caeb38f4-e2b9-4c7a-9cb7-7b4ecd0e8b80\\\u0022\u0022,\r\n",
        "        \u0022properties\u0022: {\r\n",
        "          \u0022provisioningState\u0022: \u0022Succeeded\u0022,\r\n",
        "          \u0022addressPrefix\u0022: \u002210.0.0.0/24\u0022,\r\n",
        "          \u0022delegations\u0022: [],\r\n",
        "          \u0022privateEndpointNetworkPolicies\u0022: \u0022Disabled\u0022,\r\n",
        "          \u0022privateLinkServiceNetworkPolicies\u0022: \u0022Enabled\u0022\r\n",
        "        },\r\n",
        "        \u0022type\u0022: \u0022Microsoft.Network/virtualNetworks/subnets\u0022\r\n",
        "      }\r\n",
        "    ],\r\n",
        "    \u0022virtualNetworkPeerings\u0022: [],\r\n",
        "    \u0022enableDdosProtection\u0022: false\r\n",
        "  }\r\n",
        "}"
      ]
    },
    {
      "RequestUri": "https://management.azure.com/subscriptions/db1ab6f0-4769-4b27-930e-01e2ef9c123c/resourceGroups/Default-AppConfiguration-2325/providers/Microsoft.Network/privateEndpoints/endpointxyz4812?api-version=2021-02-01",
      "RequestMethod": "PUT",
      "RequestHeaders": {
        "Accept": "application/json",
        "Authorization": "Sanitized",
        "Content-Length": "615",
        "Content-Type": "application/json",
        "User-Agent": [
          "azsdk-net-ResourceManager.Network/1.0.0-beta.2",
          "(.NET Core 3.1.19; Microsoft Windows 10.0.19043)"
        ],
        "x-ms-client-request-id": "fe05e4c3881bbd22f72e14ac52f301d2",
        "x-ms-return-client-request-id": "true"
      },
      "RequestBody": {
        "location": "eastus",
        "id": null,
        "properties": {
          "subnet": {
            "id": "/subscriptions/db1ab6f0-4769-4b27-930e-01e2ef9c123c/resourceGroups/Default-AppConfiguration-2325/providers/Microsoft.Network/virtualNetworks/vnetname2395/subnets/subnetname5499",
            "properties": {}
          },
          "privateLinkServiceConnections": [
            {
              "name": "myconnection",
              "id": null,
              "properties": {
                "privateLinkServiceId": "/subscriptions/db1ab6f0-4769-4b27-930e-01e2ef9c123c/resourceGroups/default-appconfiguration-2325/providers/Microsoft.AppConfiguration/configurationStores/testapp-2289",
                "groupIds": [
                  "configurationStores"
                ],
                "requestMessage": "Please approve my connection"
              }
            }
          ]
        }
      },
      "StatusCode": 201,
      "ResponseHeaders": {
        "Azure-AsyncNotification": "Enabled",
        "Azure-AsyncOperation": "https://management.azure.com/subscriptions/db1ab6f0-4769-4b27-930e-01e2ef9c123c/providers/Microsoft.Network/locations/eastus/operations/7d01e33e-0748-401d-b6fd-caba235f8ae7?api-version=2021-02-01",
        "Cache-Control": "no-cache",
        "Content-Length": "2078",
        "Content-Type": "application/json; charset=utf-8",
        "Date": "Sat, 09 Oct 2021 06:36:20 GMT",
        "Expires": "-1",
        "Pragma": "no-cache",
        "Retry-After": "10",
        "Server": [
          "Microsoft-HTTPAPI/2.0",
          "Microsoft-HTTPAPI/2.0"
        ],
        "Strict-Transport-Security": "max-age=31536000; includeSubDomains",
        "X-Content-Type-Options": "nosniff",
        "x-ms-arm-service-request-id": "3187cf35-bb3c-4905-8bc9-438fe54f9c56",
        "x-ms-client-request-id": "fe05e4c3881bbd22f72e14ac52f301d2",
        "x-ms-correlation-request-id": "c5fafa5e-3595-4e22-a7cb-4fd15251a36e",
        "x-ms-ratelimit-remaining-subscription-writes": "1196",
        "x-ms-request-id": "7d01e33e-0748-401d-b6fd-caba235f8ae7",
        "x-ms-routing-request-id": "SOUTHEASTASIA:20211009T063620Z:c5fafa5e-3595-4e22-a7cb-4fd15251a36e"
      },
      "ResponseBody": [
        "{\r\n",
        "  \u0022name\u0022: \u0022endpointxyz4812\u0022,\r\n",
        "  \u0022id\u0022: \u0022/subscriptions/db1ab6f0-4769-4b27-930e-01e2ef9c123c/resourceGroups/Default-AppConfiguration-2325/providers/Microsoft.Network/privateEndpoints/endpointxyz4812\u0022,\r\n",
        "  \u0022etag\u0022: \u0022W/\\\u00221beb75eb-1554-4c40-9fe0-e2fafba2af9a\\\u0022\u0022,\r\n",
        "  \u0022type\u0022: \u0022Microsoft.Network/privateEndpoints\u0022,\r\n",
        "  \u0022location\u0022: \u0022eastus\u0022,\r\n",
        "  \u0022properties\u0022: {\r\n",
        "    \u0022provisioningState\u0022: \u0022Updating\u0022,\r\n",
        "    \u0022resourceGuid\u0022: \u0022329a4fe3-8ceb-4836-b51a-9a88336702d2\u0022,\r\n",
        "    \u0022privateLinkServiceConnections\u0022: [\r\n",
        "      {\r\n",
        "        \u0022name\u0022: \u0022myconnection\u0022,\r\n",
        "        \u0022id\u0022: \u0022/subscriptions/db1ab6f0-4769-4b27-930e-01e2ef9c123c/resourceGroups/Default-AppConfiguration-2325/providers/Microsoft.Network/privateEndpoints/endpointxyz4812/privateLinkServiceConnections/myconnection\u0022,\r\n",
        "        \u0022etag\u0022: \u0022W/\\\u00221beb75eb-1554-4c40-9fe0-e2fafba2af9a\\\u0022\u0022,\r\n",
        "        \u0022properties\u0022: {\r\n",
        "          \u0022provisioningState\u0022: \u0022Succeeded\u0022,\r\n",
        "          \u0022privateLinkServiceId\u0022: \u0022/subscriptions/db1ab6f0-4769-4b27-930e-01e2ef9c123c/resourceGroups/default-appconfiguration-2325/providers/Microsoft.AppConfiguration/configurationStores/testapp-2289\u0022,\r\n",
        "          \u0022groupIds\u0022: [\r\n",
        "            \u0022configurationStores\u0022\r\n",
        "          ],\r\n",
        "          \u0022requestMessage\u0022: \u0022Please approve my connection\u0022,\r\n",
        "          \u0022privateLinkServiceConnectionState\u0022: {\r\n",
        "            \u0022status\u0022: \u0022Approved\u0022,\r\n",
        "            \u0022description\u0022: \u0022\u0022,\r\n",
        "            \u0022actionsRequired\u0022: \u0022None\u0022\r\n",
        "          }\r\n",
        "        },\r\n",
        "        \u0022type\u0022: \u0022Microsoft.Network/privateEndpoints/privateLinkServiceConnections\u0022\r\n",
        "      }\r\n",
        "    ],\r\n",
        "    \u0022manualPrivateLinkServiceConnections\u0022: [],\r\n",
        "    \u0022subnet\u0022: {\r\n",
        "      \u0022id\u0022: \u0022/subscriptions/db1ab6f0-4769-4b27-930e-01e2ef9c123c/resourceGroups/Default-AppConfiguration-2325/providers/Microsoft.Network/virtualNetworks/vnetname2395/subnets/subnetname5499\u0022\r\n",
        "    },\r\n",
        "    \u0022networkInterfaces\u0022: [\r\n",
        "      {\r\n",
        "        \u0022id\u0022: \u0022/subscriptions/db1ab6f0-4769-4b27-930e-01e2ef9c123c/resourceGroups/Default-AppConfiguration-2325/providers/Microsoft.Network/networkInterfaces/endpointxyz4812.nic.43c005cb-496f-4738-bceb-968ae367540c\u0022\r\n",
        "      }\r\n",
        "    ],\r\n",
        "    \u0022customDnsConfigs\u0022: []\r\n",
        "  }\r\n",
        "}"
      ]
    },
    {
      "RequestUri": "https://management.azure.com/subscriptions/db1ab6f0-4769-4b27-930e-01e2ef9c123c/providers/Microsoft.Network/locations/eastus/operations/7d01e33e-0748-401d-b6fd-caba235f8ae7?api-version=2021-02-01",
      "RequestMethod": "GET",
      "RequestHeaders": {
        "Authorization": "Sanitized",
        "User-Agent": [
          "azsdk-net-ResourceManager/1.0.0-beta.3",
          "(.NET Core 3.1.19; Microsoft Windows 10.0.19043)"
        ],
        "x-ms-client-request-id": "8135923c10d5d7628d087c2783c72ecf",
        "x-ms-return-client-request-id": "true"
      },
      "RequestBody": null,
      "StatusCode": 200,
      "ResponseHeaders": {
        "Cache-Control": "no-cache",
        "Content-Length": "30",
        "Content-Type": "application/json; charset=utf-8",
        "Date": "Sat, 09 Oct 2021 06:36:20 GMT",
        "Expires": "-1",
        "Pragma": "no-cache",
        "Retry-After": "10",
        "Server": [
          "Microsoft-HTTPAPI/2.0",
          "Microsoft-HTTPAPI/2.0"
        ],
        "Strict-Transport-Security": "max-age=31536000; includeSubDomains",
        "X-Content-Type-Options": "nosniff",
        "x-ms-arm-service-request-id": "550da73d-3b13-4ca1-95b4-14f18869143b",
        "x-ms-client-request-id": "8135923c10d5d7628d087c2783c72ecf",
        "x-ms-correlation-request-id": "21a96477-ec54-4836-a2bc-ddd7ca2c91d9",
        "x-ms-ratelimit-remaining-subscription-reads": "11991",
        "x-ms-request-id": "64723b24-3472-4fef-a095-e983d69b86fc",
        "x-ms-routing-request-id": "SOUTHEASTASIA:20211009T063620Z:21a96477-ec54-4836-a2bc-ddd7ca2c91d9"
      },
      "ResponseBody": [
        "{\r\n",
        "  \u0022status\u0022: \u0022InProgress\u0022\r\n",
        "}"
      ]
    },
    {
      "RequestUri": "https://management.azure.com/subscriptions/db1ab6f0-4769-4b27-930e-01e2ef9c123c/providers/Microsoft.Network/locations/eastus/operations/7d01e33e-0748-401d-b6fd-caba235f8ae7?api-version=2021-02-01",
      "RequestMethod": "GET",
      "RequestHeaders": {
        "Authorization": "Sanitized",
        "User-Agent": [
          "azsdk-net-ResourceManager/1.0.0-beta.3",
          "(.NET Core 3.1.19; Microsoft Windows 10.0.19043)"
        ],
        "x-ms-client-request-id": "2317ac6fe0fd2a4c146d501558397ad9",
        "x-ms-return-client-request-id": "true"
      },
      "RequestBody": null,
      "StatusCode": 200,
      "ResponseHeaders": {
        "Cache-Control": "no-cache",
        "Content-Length": "30",
        "Content-Type": "application/json; charset=utf-8",
        "Date": "Sat, 09 Oct 2021 06:36:22 GMT",
        "Expires": "-1",
        "Pragma": "no-cache",
        "Retry-After": "20",
        "Server": [
          "Microsoft-HTTPAPI/2.0",
          "Microsoft-HTTPAPI/2.0"
        ],
        "Strict-Transport-Security": "max-age=31536000; includeSubDomains",
        "X-Content-Type-Options": "nosniff",
        "x-ms-arm-service-request-id": "f3e9391f-ec89-47ff-9ce0-a806f5efd230",
        "x-ms-client-request-id": "2317ac6fe0fd2a4c146d501558397ad9",
        "x-ms-correlation-request-id": "f5169733-7f10-4441-98c0-86acd4291eae",
        "x-ms-ratelimit-remaining-subscription-reads": "11990",
        "x-ms-request-id": "356deadc-55df-4da0-9de4-4bda40498a7f",
        "x-ms-routing-request-id": "SOUTHEASTASIA:20211009T063622Z:f5169733-7f10-4441-98c0-86acd4291eae"
      },
      "ResponseBody": [
        "{\r\n",
        "  \u0022status\u0022: \u0022InProgress\u0022\r\n",
        "}"
      ]
    },
    {
      "RequestUri": "https://management.azure.com/subscriptions/db1ab6f0-4769-4b27-930e-01e2ef9c123c/providers/Microsoft.Network/locations/eastus/operations/7d01e33e-0748-401d-b6fd-caba235f8ae7?api-version=2021-02-01",
      "RequestMethod": "GET",
      "RequestHeaders": {
        "Authorization": "Sanitized",
        "User-Agent": [
          "azsdk-net-ResourceManager/1.0.0-beta.3",
          "(.NET Core 3.1.19; Microsoft Windows 10.0.19043)"
        ],
        "x-ms-client-request-id": "c070a30c80beb9fc54f483601ca714e5",
        "x-ms-return-client-request-id": "true"
      },
      "RequestBody": null,
      "StatusCode": 200,
      "ResponseHeaders": {
        "Cache-Control": "no-cache",
        "Content-Length": "30",
        "Content-Type": "application/json; charset=utf-8",
        "Date": "Sat, 09 Oct 2021 06:36:24 GMT",
        "Expires": "-1",
        "Pragma": "no-cache",
        "Retry-After": "20",
        "Server": [
          "Microsoft-HTTPAPI/2.0",
          "Microsoft-HTTPAPI/2.0"
        ],
        "Strict-Transport-Security": "max-age=31536000; includeSubDomains",
        "X-Content-Type-Options": "nosniff",
        "x-ms-arm-service-request-id": "c88c44ff-5d69-420d-ac63-a7e90c97bdb3",
        "x-ms-client-request-id": "c070a30c80beb9fc54f483601ca714e5",
        "x-ms-correlation-request-id": "6e6ef18d-f2c8-4d6d-9bbe-59102309e847",
        "x-ms-ratelimit-remaining-subscription-reads": "11989",
        "x-ms-request-id": "7a03dfac-87ac-4170-9c35-fee72c52cc43",
        "x-ms-routing-request-id": "SOUTHEASTASIA:20211009T063624Z:6e6ef18d-f2c8-4d6d-9bbe-59102309e847"
      },
      "ResponseBody": [
        "{\r\n",
        "  \u0022status\u0022: \u0022InProgress\u0022\r\n",
        "}"
      ]
    },
    {
      "RequestUri": "https://management.azure.com/subscriptions/db1ab6f0-4769-4b27-930e-01e2ef9c123c/providers/Microsoft.Network/locations/eastus/operations/7d01e33e-0748-401d-b6fd-caba235f8ae7?api-version=2021-02-01",
      "RequestMethod": "GET",
      "RequestHeaders": {
        "Authorization": "Sanitized",
        "User-Agent": [
          "azsdk-net-ResourceManager/1.0.0-beta.3",
          "(.NET Core 3.1.19; Microsoft Windows 10.0.19043)"
        ],
        "x-ms-client-request-id": "957860d7fe065b73460a6c68c04c7f53",
        "x-ms-return-client-request-id": "true"
      },
      "RequestBody": null,
      "StatusCode": 200,
      "ResponseHeaders": {
        "Cache-Control": "no-cache",
        "Content-Length": "30",
        "Content-Type": "application/json; charset=utf-8",
        "Date": "Sat, 09 Oct 2021 06:36:26 GMT",
        "Expires": "-1",
        "Pragma": "no-cache",
        "Retry-After": "40",
        "Server": [
          "Microsoft-HTTPAPI/2.0",
          "Microsoft-HTTPAPI/2.0"
        ],
        "Strict-Transport-Security": "max-age=31536000; includeSubDomains",
        "X-Content-Type-Options": "nosniff",
        "x-ms-arm-service-request-id": "a7362809-383b-4618-92d0-73de20b5ea0d",
        "x-ms-client-request-id": "957860d7fe065b73460a6c68c04c7f53",
        "x-ms-correlation-request-id": "b4940a05-d0ed-4b74-9598-c2dfc95c47c7",
        "x-ms-ratelimit-remaining-subscription-reads": "11988",
        "x-ms-request-id": "956ed3fa-63a3-43ac-ac05-21371fd33f6f",
        "x-ms-routing-request-id": "SOUTHEASTASIA:20211009T063626Z:b4940a05-d0ed-4b74-9598-c2dfc95c47c7"
      },
      "ResponseBody": [
        "{\r\n",
        "  \u0022status\u0022: \u0022InProgress\u0022\r\n",
        "}"
      ]
    },
    {
      "RequestUri": "https://management.azure.com/subscriptions/db1ab6f0-4769-4b27-930e-01e2ef9c123c/providers/Microsoft.Network/locations/eastus/operations/7d01e33e-0748-401d-b6fd-caba235f8ae7?api-version=2021-02-01",
      "RequestMethod": "GET",
      "RequestHeaders": {
        "Authorization": "Sanitized",
        "User-Agent": [
          "azsdk-net-ResourceManager/1.0.0-beta.3",
          "(.NET Core 3.1.19; Microsoft Windows 10.0.19043)"
        ],
        "x-ms-client-request-id": "e01ba38e6e57ef11b05ecf095deb0e6c",
        "x-ms-return-client-request-id": "true"
      },
      "RequestBody": null,
      "StatusCode": 200,
      "ResponseHeaders": {
        "Cache-Control": "no-cache",
        "Content-Length": "30",
        "Content-Type": "application/json; charset=utf-8",
        "Date": "Sat, 09 Oct 2021 06:36:27 GMT",
        "Expires": "-1",
        "Pragma": "no-cache",
        "Retry-After": "40",
        "Server": [
          "Microsoft-HTTPAPI/2.0",
          "Microsoft-HTTPAPI/2.0"
        ],
        "Strict-Transport-Security": "max-age=31536000; includeSubDomains",
        "X-Content-Type-Options": "nosniff",
        "x-ms-arm-service-request-id": "a561ca9f-3de6-4fcf-8d0d-02cdf6f89b44",
        "x-ms-client-request-id": "e01ba38e6e57ef11b05ecf095deb0e6c",
        "x-ms-correlation-request-id": "8857863f-92ce-4715-9d1f-de3e0634ab3c",
        "x-ms-ratelimit-remaining-subscription-reads": "11987",
        "x-ms-request-id": "2aa033bd-e1ec-44aa-ad4e-033b455e0641",
        "x-ms-routing-request-id": "SOUTHEASTASIA:20211009T063627Z:8857863f-92ce-4715-9d1f-de3e0634ab3c"
      },
      "ResponseBody": [
        "{\r\n",
        "  \u0022status\u0022: \u0022InProgress\u0022\r\n",
        "}"
      ]
    },
    {
      "RequestUri": "https://management.azure.com/subscriptions/db1ab6f0-4769-4b27-930e-01e2ef9c123c/providers/Microsoft.Network/locations/eastus/operations/7d01e33e-0748-401d-b6fd-caba235f8ae7?api-version=2021-02-01",
      "RequestMethod": "GET",
      "RequestHeaders": {
        "Authorization": "Sanitized",
        "User-Agent": [
          "azsdk-net-ResourceManager/1.0.0-beta.3",
          "(.NET Core 3.1.19; Microsoft Windows 10.0.19043)"
        ],
        "x-ms-client-request-id": "f73e6a58e4c10dd32f1479b31394f807",
        "x-ms-return-client-request-id": "true"
      },
      "RequestBody": null,
      "StatusCode": 200,
      "ResponseHeaders": {
        "Cache-Control": "no-cache",
        "Content-Length": "30",
        "Content-Type": "application/json; charset=utf-8",
        "Date": "Sat, 09 Oct 2021 06:36:28 GMT",
        "Expires": "-1",
        "Pragma": "no-cache",
        "Retry-After": "80",
        "Server": [
          "Microsoft-HTTPAPI/2.0",
          "Microsoft-HTTPAPI/2.0"
        ],
        "Strict-Transport-Security": "max-age=31536000; includeSubDomains",
        "X-Content-Type-Options": "nosniff",
        "x-ms-arm-service-request-id": "8b0f2434-d257-48c2-8bf8-306f6eefe084",
        "x-ms-client-request-id": "f73e6a58e4c10dd32f1479b31394f807",
        "x-ms-correlation-request-id": "54936f51-dfd3-4257-ba9b-f253b9fce360",
        "x-ms-ratelimit-remaining-subscription-reads": "11986",
        "x-ms-request-id": "0f26fde1-f0d8-4936-944a-7f4e295fcedc",
        "x-ms-routing-request-id": "SOUTHEASTASIA:20211009T063628Z:54936f51-dfd3-4257-ba9b-f253b9fce360"
      },
      "ResponseBody": [
        "{\r\n",
        "  \u0022status\u0022: \u0022InProgress\u0022\r\n",
        "}"
      ]
    },
    {
      "RequestUri": "https://management.azure.com/subscriptions/db1ab6f0-4769-4b27-930e-01e2ef9c123c/providers/Microsoft.Network/locations/eastus/operations/7d01e33e-0748-401d-b6fd-caba235f8ae7?api-version=2021-02-01",
      "RequestMethod": "GET",
      "RequestHeaders": {
        "Authorization": "Sanitized",
        "User-Agent": [
          "azsdk-net-ResourceManager/1.0.0-beta.3",
          "(.NET Core 3.1.19; Microsoft Windows 10.0.19043)"
        ],
        "x-ms-client-request-id": "78d23075348c688e4e88e5a82f69fe5a",
        "x-ms-return-client-request-id": "true"
      },
      "RequestBody": null,
      "StatusCode": 200,
      "ResponseHeaders": {
        "Cache-Control": "no-cache",
        "Content-Length": "30",
        "Content-Type": "application/json; charset=utf-8",
        "Date": "Sat, 09 Oct 2021 06:36:29 GMT",
        "Expires": "-1",
        "Pragma": "no-cache",
        "Retry-After": "80",
        "Server": [
          "Microsoft-HTTPAPI/2.0",
          "Microsoft-HTTPAPI/2.0"
        ],
        "Strict-Transport-Security": "max-age=31536000; includeSubDomains",
        "X-Content-Type-Options": "nosniff",
        "x-ms-arm-service-request-id": "f40bdb32-796d-4e2c-a288-e478f9a41bcd",
        "x-ms-client-request-id": "78d23075348c688e4e88e5a82f69fe5a",
        "x-ms-correlation-request-id": "9fbe66ea-0bcc-4ac4-ad5c-e3a5fe65a15e",
        "x-ms-ratelimit-remaining-subscription-reads": "11985",
        "x-ms-request-id": "f5ebe957-b57a-453f-a164-b376b28bae47",
        "x-ms-routing-request-id": "SOUTHEASTASIA:20211009T063630Z:9fbe66ea-0bcc-4ac4-ad5c-e3a5fe65a15e"
      },
      "ResponseBody": [
        "{\r\n",
        "  \u0022status\u0022: \u0022InProgress\u0022\r\n",
        "}"
      ]
    },
    {
      "RequestUri": "https://management.azure.com/subscriptions/db1ab6f0-4769-4b27-930e-01e2ef9c123c/providers/Microsoft.Network/locations/eastus/operations/7d01e33e-0748-401d-b6fd-caba235f8ae7?api-version=2021-02-01",
      "RequestMethod": "GET",
      "RequestHeaders": {
        "Authorization": "Sanitized",
        "User-Agent": [
          "azsdk-net-ResourceManager/1.0.0-beta.3",
          "(.NET Core 3.1.19; Microsoft Windows 10.0.19043)"
        ],
        "x-ms-client-request-id": "550ffffb870eaa91d00eb042f45edc1b",
        "x-ms-return-client-request-id": "true"
      },
      "RequestBody": null,
      "StatusCode": 200,
      "ResponseHeaders": {
        "Cache-Control": "no-cache",
        "Content-Length": "30",
        "Content-Type": "application/json; charset=utf-8",
        "Date": "Sat, 09 Oct 2021 06:36:31 GMT",
        "Expires": "-1",
        "Pragma": "no-cache",
        "Retry-After": "160",
        "Server": [
          "Microsoft-HTTPAPI/2.0",
          "Microsoft-HTTPAPI/2.0"
        ],
        "Strict-Transport-Security": "max-age=31536000; includeSubDomains",
        "X-Content-Type-Options": "nosniff",
        "x-ms-arm-service-request-id": "89643311-8e95-40f4-be46-188101f24f21",
        "x-ms-client-request-id": "550ffffb870eaa91d00eb042f45edc1b",
        "x-ms-correlation-request-id": "f7da1c95-dbb4-4ca5-a9ee-beae053b6b39",
        "x-ms-ratelimit-remaining-subscription-reads": "11984",
        "x-ms-request-id": "395debcc-e986-432f-b19a-0c08a3d140b1",
        "x-ms-routing-request-id": "SOUTHEASTASIA:20211009T063631Z:f7da1c95-dbb4-4ca5-a9ee-beae053b6b39"
      },
      "ResponseBody": [
        "{\r\n",
        "  \u0022status\u0022: \u0022InProgress\u0022\r\n",
        "}"
      ]
    },
    {
      "RequestUri": "https://management.azure.com/subscriptions/db1ab6f0-4769-4b27-930e-01e2ef9c123c/providers/Microsoft.Network/locations/eastus/operations/7d01e33e-0748-401d-b6fd-caba235f8ae7?api-version=2021-02-01",
      "RequestMethod": "GET",
      "RequestHeaders": {
        "Authorization": "Sanitized",
        "User-Agent": [
          "azsdk-net-ResourceManager/1.0.0-beta.3",
          "(.NET Core 3.1.19; Microsoft Windows 10.0.19043)"
        ],
        "x-ms-client-request-id": "2c93c765951924e0dcd5a838fe2addc5",
        "x-ms-return-client-request-id": "true"
      },
      "RequestBody": null,
      "StatusCode": 200,
      "ResponseHeaders": {
        "Cache-Control": "no-cache",
        "Content-Length": "30",
        "Content-Type": "application/json; charset=utf-8",
        "Date": "Sat, 09 Oct 2021 06:36:32 GMT",
        "Expires": "-1",
        "Pragma": "no-cache",
        "Retry-After": "160",
        "Server": [
          "Microsoft-HTTPAPI/2.0",
          "Microsoft-HTTPAPI/2.0"
        ],
        "Strict-Transport-Security": "max-age=31536000; includeSubDomains",
        "X-Content-Type-Options": "nosniff",
        "x-ms-arm-service-request-id": "ee0ea643-aa01-4a3c-9e7a-b774a884b1c7",
        "x-ms-client-request-id": "2c93c765951924e0dcd5a838fe2addc5",
        "x-ms-correlation-request-id": "545c4359-2d33-42e6-a38c-8565392c623e",
        "x-ms-ratelimit-remaining-subscription-reads": "11983",
        "x-ms-request-id": "97f9c676-7655-49d4-93f3-c20d0821a9ba",
        "x-ms-routing-request-id": "SOUTHEASTASIA:20211009T063632Z:545c4359-2d33-42e6-a38c-8565392c623e"
      },
      "ResponseBody": [
        "{\r\n",
        "  \u0022status\u0022: \u0022InProgress\u0022\r\n",
        "}"
      ]
    },
    {
      "RequestUri": "https://management.azure.com/subscriptions/db1ab6f0-4769-4b27-930e-01e2ef9c123c/providers/Microsoft.Network/locations/eastus/operations/7d01e33e-0748-401d-b6fd-caba235f8ae7?api-version=2021-02-01",
      "RequestMethod": "GET",
      "RequestHeaders": {
        "Authorization": "Sanitized",
        "User-Agent": [
          "azsdk-net-ResourceManager/1.0.0-beta.3",
          "(.NET Core 3.1.19; Microsoft Windows 10.0.19043)"
        ],
        "x-ms-client-request-id": "13b81f16a284edf99e28a87e834b74f0",
        "x-ms-return-client-request-id": "true"
      },
      "RequestBody": null,
      "StatusCode": 200,
      "ResponseHeaders": {
        "Cache-Control": "no-cache",
        "Content-Length": "30",
        "Content-Type": "application/json; charset=utf-8",
        "Date": "Sat, 09 Oct 2021 06:36:33 GMT",
        "Expires": "-1",
        "Pragma": "no-cache",
        "Retry-After": "100",
        "Server": [
          "Microsoft-HTTPAPI/2.0",
          "Microsoft-HTTPAPI/2.0"
        ],
        "Strict-Transport-Security": "max-age=31536000; includeSubDomains",
        "X-Content-Type-Options": "nosniff",
        "x-ms-arm-service-request-id": "ed703c60-9ebf-4a5b-9536-1da944a5d632",
        "x-ms-client-request-id": "13b81f16a284edf99e28a87e834b74f0",
        "x-ms-correlation-request-id": "f3496903-111e-4cee-b9e0-fc9ed38a8997",
        "x-ms-ratelimit-remaining-subscription-reads": "11982",
        "x-ms-request-id": "116b9d85-589b-4503-8eb6-54896f732e0d",
        "x-ms-routing-request-id": "SOUTHEASTASIA:20211009T063634Z:f3496903-111e-4cee-b9e0-fc9ed38a8997"
      },
      "ResponseBody": [
        "{\r\n",
        "  \u0022status\u0022: \u0022InProgress\u0022\r\n",
        "}"
      ]
    },
    {
      "RequestUri": "https://management.azure.com/subscriptions/db1ab6f0-4769-4b27-930e-01e2ef9c123c/providers/Microsoft.Network/locations/eastus/operations/7d01e33e-0748-401d-b6fd-caba235f8ae7?api-version=2021-02-01",
      "RequestMethod": "GET",
      "RequestHeaders": {
        "Authorization": "Sanitized",
        "User-Agent": [
          "azsdk-net-ResourceManager/1.0.0-beta.3",
          "(.NET Core 3.1.19; Microsoft Windows 10.0.19043)"
        ],
        "x-ms-client-request-id": "6842caacd1d665411feb7938de59aba5",
        "x-ms-return-client-request-id": "true"
      },
      "RequestBody": null,
      "StatusCode": 200,
      "ResponseHeaders": {
        "Cache-Control": "no-cache",
        "Content-Length": "30",
        "Content-Type": "application/json; charset=utf-8",
        "Date": "Sat, 09 Oct 2021 06:36:35 GMT",
        "Expires": "-1",
        "Pragma": "no-cache",
        "Retry-After": "100",
        "Server": [
          "Microsoft-HTTPAPI/2.0",
          "Microsoft-HTTPAPI/2.0"
        ],
        "Strict-Transport-Security": "max-age=31536000; includeSubDomains",
        "X-Content-Type-Options": "nosniff",
        "x-ms-arm-service-request-id": "5805107c-15d5-4523-9a1a-342c66f650e0",
        "x-ms-client-request-id": "6842caacd1d665411feb7938de59aba5",
        "x-ms-correlation-request-id": "3cd7b829-450a-4d87-a69a-477a4fc5e36f",
        "x-ms-ratelimit-remaining-subscription-reads": "11981",
        "x-ms-request-id": "1459cac7-6b68-49ca-8d90-16bdd4ea0653",
        "x-ms-routing-request-id": "SOUTHEASTASIA:20211009T063635Z:3cd7b829-450a-4d87-a69a-477a4fc5e36f"
      },
      "ResponseBody": [
        "{\r\n",
        "  \u0022status\u0022: \u0022InProgress\u0022\r\n",
        "}"
      ]
    },
    {
      "RequestUri": "https://management.azure.com/subscriptions/db1ab6f0-4769-4b27-930e-01e2ef9c123c/providers/Microsoft.Network/locations/eastus/operations/7d01e33e-0748-401d-b6fd-caba235f8ae7?api-version=2021-02-01",
      "RequestMethod": "GET",
      "RequestHeaders": {
        "Authorization": "Sanitized",
        "User-Agent": [
          "azsdk-net-ResourceManager/1.0.0-beta.3",
          "(.NET Core 3.1.19; Microsoft Windows 10.0.19043)"
        ],
        "x-ms-client-request-id": "d42cea30c8a5c297cea58ef1ed62a091",
        "x-ms-return-client-request-id": "true"
      },
      "RequestBody": null,
      "StatusCode": 200,
      "ResponseHeaders": {
        "Cache-Control": "no-cache",
        "Content-Length": "30",
        "Content-Type": "application/json; charset=utf-8",
        "Date": "Sat, 09 Oct 2021 06:36:36 GMT",
        "Expires": "-1",
        "Pragma": "no-cache",
        "Retry-After": "100",
        "Server": [
          "Microsoft-HTTPAPI/2.0",
          "Microsoft-HTTPAPI/2.0"
        ],
        "Strict-Transport-Security": "max-age=31536000; includeSubDomains",
        "X-Content-Type-Options": "nosniff",
        "x-ms-arm-service-request-id": "f9a2ab2a-0b26-419d-b17f-2e4b826bd1eb",
        "x-ms-client-request-id": "d42cea30c8a5c297cea58ef1ed62a091",
        "x-ms-correlation-request-id": "39731b74-6c56-463e-9f22-d2368f24b26f",
        "x-ms-ratelimit-remaining-subscription-reads": "11980",
        "x-ms-request-id": "85bb7d92-238a-4f37-8463-ac7a43020074",
        "x-ms-routing-request-id": "SOUTHEASTASIA:20211009T063636Z:39731b74-6c56-463e-9f22-d2368f24b26f"
      },
      "ResponseBody": [
        "{\r\n",
        "  \u0022status\u0022: \u0022InProgress\u0022\r\n",
        "}"
      ]
    },
    {
      "RequestUri": "https://management.azure.com/subscriptions/db1ab6f0-4769-4b27-930e-01e2ef9c123c/providers/Microsoft.Network/locations/eastus/operations/7d01e33e-0748-401d-b6fd-caba235f8ae7?api-version=2021-02-01",
      "RequestMethod": "GET",
      "RequestHeaders": {
        "Authorization": "Sanitized",
        "User-Agent": [
          "azsdk-net-ResourceManager/1.0.0-beta.3",
          "(.NET Core 3.1.19; Microsoft Windows 10.0.19043)"
        ],
        "x-ms-client-request-id": "348bb86175e845efde52f49929c00f44",
        "x-ms-return-client-request-id": "true"
      },
      "RequestBody": null,
      "StatusCode": 200,
      "ResponseHeaders": {
        "Cache-Control": "no-cache",
        "Content-Length": "30",
        "Content-Type": "application/json; charset=utf-8",
        "Date": "Sat, 09 Oct 2021 06:36:37 GMT",
        "Expires": "-1",
        "Pragma": "no-cache",
        "Retry-After": "100",
        "Server": [
          "Microsoft-HTTPAPI/2.0",
          "Microsoft-HTTPAPI/2.0"
        ],
        "Strict-Transport-Security": "max-age=31536000; includeSubDomains",
        "X-Content-Type-Options": "nosniff",
        "x-ms-arm-service-request-id": "0686b9c7-bb9f-45e8-b69b-a0cca5c0ef36",
        "x-ms-client-request-id": "348bb86175e845efde52f49929c00f44",
        "x-ms-correlation-request-id": "42aa06d4-00f2-4d09-9bbe-0d1099d3e878",
        "x-ms-ratelimit-remaining-subscription-reads": "11979",
        "x-ms-request-id": "b2f186f6-ff20-48a1-b3b4-9af86d25e62e",
        "x-ms-routing-request-id": "SOUTHEASTASIA:20211009T063638Z:42aa06d4-00f2-4d09-9bbe-0d1099d3e878"
      },
      "ResponseBody": [
        "{\r\n",
        "  \u0022status\u0022: \u0022InProgress\u0022\r\n",
        "}"
      ]
    },
    {
      "RequestUri": "https://management.azure.com/subscriptions/db1ab6f0-4769-4b27-930e-01e2ef9c123c/providers/Microsoft.Network/locations/eastus/operations/7d01e33e-0748-401d-b6fd-caba235f8ae7?api-version=2021-02-01",
      "RequestMethod": "GET",
      "RequestHeaders": {
        "Authorization": "Sanitized",
        "User-Agent": [
          "azsdk-net-ResourceManager/1.0.0-beta.3",
          "(.NET Core 3.1.19; Microsoft Windows 10.0.19043)"
        ],
        "x-ms-client-request-id": "994e037c9f1fe44a327f9a31424f78bc",
        "x-ms-return-client-request-id": "true"
      },
      "RequestBody": null,
      "StatusCode": 200,
      "ResponseHeaders": {
        "Cache-Control": "no-cache",
        "Content-Length": "30",
        "Content-Type": "application/json; charset=utf-8",
        "Date": "Sat, 09 Oct 2021 06:36:39 GMT",
        "Expires": "-1",
        "Pragma": "no-cache",
        "Retry-After": "100",
        "Server": [
          "Microsoft-HTTPAPI/2.0",
          "Microsoft-HTTPAPI/2.0"
        ],
        "Strict-Transport-Security": "max-age=31536000; includeSubDomains",
        "X-Content-Type-Options": "nosniff",
        "x-ms-arm-service-request-id": "6a090a8a-1729-40bf-8df7-0198db43d35f",
        "x-ms-client-request-id": "994e037c9f1fe44a327f9a31424f78bc",
        "x-ms-correlation-request-id": "1aa54295-fbeb-46e3-9b92-06591720600c",
        "x-ms-ratelimit-remaining-subscription-reads": "11978",
        "x-ms-request-id": "0eeebaa0-322e-406c-95fb-78d9d4881f81",
        "x-ms-routing-request-id": "SOUTHEASTASIA:20211009T063639Z:1aa54295-fbeb-46e3-9b92-06591720600c"
      },
      "ResponseBody": [
        "{\r\n",
        "  \u0022status\u0022: \u0022InProgress\u0022\r\n",
        "}"
      ]
    },
    {
      "RequestUri": "https://management.azure.com/subscriptions/db1ab6f0-4769-4b27-930e-01e2ef9c123c/providers/Microsoft.Network/locations/eastus/operations/7d01e33e-0748-401d-b6fd-caba235f8ae7?api-version=2021-02-01",
      "RequestMethod": "GET",
      "RequestHeaders": {
        "Authorization": "Sanitized",
        "User-Agent": [
          "azsdk-net-ResourceManager/1.0.0-beta.3",
          "(.NET Core 3.1.19; Microsoft Windows 10.0.19043)"
        ],
        "x-ms-client-request-id": "26d7e84a77cdbabdfbe6f653d4fd990d",
        "x-ms-return-client-request-id": "true"
      },
      "RequestBody": null,
      "StatusCode": 200,
      "ResponseHeaders": {
        "Cache-Control": "no-cache",
        "Content-Length": "30",
        "Content-Type": "application/json; charset=utf-8",
        "Date": "Sat, 09 Oct 2021 06:36:40 GMT",
        "Expires": "-1",
        "Pragma": "no-cache",
        "Retry-After": "100",
        "Server": [
          "Microsoft-HTTPAPI/2.0",
          "Microsoft-HTTPAPI/2.0"
        ],
        "Strict-Transport-Security": "max-age=31536000; includeSubDomains",
        "X-Content-Type-Options": "nosniff",
        "x-ms-arm-service-request-id": "2e2de6dd-9d99-4085-b189-865eb45bfae5",
        "x-ms-client-request-id": "26d7e84a77cdbabdfbe6f653d4fd990d",
        "x-ms-correlation-request-id": "56d73bde-69a9-4408-97ac-d7e43e424ec0",
        "x-ms-ratelimit-remaining-subscription-reads": "11977",
        "x-ms-request-id": "3e8c701f-adbf-4916-baf4-e92b68350b4c",
        "x-ms-routing-request-id": "SOUTHEASTASIA:20211009T063640Z:56d73bde-69a9-4408-97ac-d7e43e424ec0"
      },
      "ResponseBody": [
        "{\r\n",
        "  \u0022status\u0022: \u0022InProgress\u0022\r\n",
        "}"
      ]
    },
    {
      "RequestUri": "https://management.azure.com/subscriptions/db1ab6f0-4769-4b27-930e-01e2ef9c123c/providers/Microsoft.Network/locations/eastus/operations/7d01e33e-0748-401d-b6fd-caba235f8ae7?api-version=2021-02-01",
      "RequestMethod": "GET",
      "RequestHeaders": {
        "Authorization": "Sanitized",
        "User-Agent": [
          "azsdk-net-ResourceManager/1.0.0-beta.3",
          "(.NET Core 3.1.19; Microsoft Windows 10.0.19043)"
        ],
        "x-ms-client-request-id": "e97449960714c1726da70168dbbe028e",
        "x-ms-return-client-request-id": "true"
      },
      "RequestBody": null,
      "StatusCode": 200,
      "ResponseHeaders": {
        "Cache-Control": "no-cache",
        "Content-Length": "30",
        "Content-Type": "application/json; charset=utf-8",
        "Date": "Sat, 09 Oct 2021 06:36:42 GMT",
        "Expires": "-1",
        "Pragma": "no-cache",
        "Retry-After": "100",
        "Server": [
          "Microsoft-HTTPAPI/2.0",
          "Microsoft-HTTPAPI/2.0"
        ],
        "Strict-Transport-Security": "max-age=31536000; includeSubDomains",
        "X-Content-Type-Options": "nosniff",
        "x-ms-arm-service-request-id": "476d1310-7162-45cd-bba0-f301a475f14a",
        "x-ms-client-request-id": "e97449960714c1726da70168dbbe028e",
        "x-ms-correlation-request-id": "52bbc81c-d099-406a-9bb7-6059865f2d7b",
        "x-ms-ratelimit-remaining-subscription-reads": "11976",
        "x-ms-request-id": "0765d0d3-2fd9-4aa6-8565-141be1daa359",
        "x-ms-routing-request-id": "SOUTHEASTASIA:20211009T063642Z:52bbc81c-d099-406a-9bb7-6059865f2d7b"
      },
      "ResponseBody": [
        "{\r\n",
        "  \u0022status\u0022: \u0022InProgress\u0022\r\n",
        "}"
      ]
    },
    {
      "RequestUri": "https://management.azure.com/subscriptions/db1ab6f0-4769-4b27-930e-01e2ef9c123c/providers/Microsoft.Network/locations/eastus/operations/7d01e33e-0748-401d-b6fd-caba235f8ae7?api-version=2021-02-01",
      "RequestMethod": "GET",
      "RequestHeaders": {
        "Authorization": "Sanitized",
        "User-Agent": [
          "azsdk-net-ResourceManager/1.0.0-beta.3",
          "(.NET Core 3.1.19; Microsoft Windows 10.0.19043)"
        ],
        "x-ms-client-request-id": "414f37dae8e9057746939e38a8f70f35",
        "x-ms-return-client-request-id": "true"
      },
      "RequestBody": null,
      "StatusCode": 200,
      "ResponseHeaders": {
        "Cache-Control": "no-cache",
        "Content-Length": "30",
        "Content-Type": "application/json; charset=utf-8",
        "Date": "Sat, 09 Oct 2021 06:36:43 GMT",
        "Expires": "-1",
        "Pragma": "no-cache",
        "Retry-After": "100",
        "Server": [
          "Microsoft-HTTPAPI/2.0",
          "Microsoft-HTTPAPI/2.0"
        ],
        "Strict-Transport-Security": "max-age=31536000; includeSubDomains",
        "X-Content-Type-Options": "nosniff",
        "x-ms-arm-service-request-id": "15462a34-d52e-4666-8153-82c10dd758fa",
        "x-ms-client-request-id": "414f37dae8e9057746939e38a8f70f35",
        "x-ms-correlation-request-id": "e4bdb5dd-2175-4235-8d18-8b88e646aa4d",
        "x-ms-ratelimit-remaining-subscription-reads": "11975",
        "x-ms-request-id": "728557b8-f810-4e5f-a242-b21bd905bca4",
        "x-ms-routing-request-id": "SOUTHEASTASIA:20211009T063644Z:e4bdb5dd-2175-4235-8d18-8b88e646aa4d"
      },
      "ResponseBody": [
        "{\r\n",
        "  \u0022status\u0022: \u0022InProgress\u0022\r\n",
        "}"
      ]
    },
    {
      "RequestUri": "https://management.azure.com/subscriptions/db1ab6f0-4769-4b27-930e-01e2ef9c123c/providers/Microsoft.Network/locations/eastus/operations/7d01e33e-0748-401d-b6fd-caba235f8ae7?api-version=2021-02-01",
      "RequestMethod": "GET",
      "RequestHeaders": {
        "Authorization": "Sanitized",
        "User-Agent": [
          "azsdk-net-ResourceManager/1.0.0-beta.3",
          "(.NET Core 3.1.19; Microsoft Windows 10.0.19043)"
        ],
        "x-ms-client-request-id": "f89a8ce68eda43a87515b8267555df3c",
        "x-ms-return-client-request-id": "true"
      },
      "RequestBody": null,
      "StatusCode": 200,
      "ResponseHeaders": {
        "Cache-Control": "no-cache",
        "Content-Length": "30",
        "Content-Type": "application/json; charset=utf-8",
        "Date": "Sat, 09 Oct 2021 06:36:45 GMT",
        "Expires": "-1",
        "Pragma": "no-cache",
        "Retry-After": "100",
        "Server": [
          "Microsoft-HTTPAPI/2.0",
          "Microsoft-HTTPAPI/2.0"
        ],
        "Strict-Transport-Security": "max-age=31536000; includeSubDomains",
        "X-Content-Type-Options": "nosniff",
        "x-ms-arm-service-request-id": "56341b44-67e8-4f40-82c3-820adf4fa92e",
        "x-ms-client-request-id": "f89a8ce68eda43a87515b8267555df3c",
        "x-ms-correlation-request-id": "bab82570-617a-4499-946f-daad7e3c57e9",
        "x-ms-ratelimit-remaining-subscription-reads": "11974",
        "x-ms-request-id": "b0cb1627-66f0-4b40-b45d-3ecad02080f9",
        "x-ms-routing-request-id": "SOUTHEASTASIA:20211009T063645Z:bab82570-617a-4499-946f-daad7e3c57e9"
      },
      "ResponseBody": [
        "{\r\n",
        "  \u0022status\u0022: \u0022InProgress\u0022\r\n",
        "}"
      ]
    },
    {
      "RequestUri": "https://management.azure.com/subscriptions/db1ab6f0-4769-4b27-930e-01e2ef9c123c/providers/Microsoft.Network/locations/eastus/operations/7d01e33e-0748-401d-b6fd-caba235f8ae7?api-version=2021-02-01",
      "RequestMethod": "GET",
      "RequestHeaders": {
        "Authorization": "Sanitized",
        "User-Agent": [
          "azsdk-net-ResourceManager/1.0.0-beta.3",
          "(.NET Core 3.1.19; Microsoft Windows 10.0.19043)"
        ],
        "x-ms-client-request-id": "9d7867e358aead24d26fa38169391876",
        "x-ms-return-client-request-id": "true"
      },
      "RequestBody": null,
      "StatusCode": 200,
      "ResponseHeaders": {
        "Cache-Control": "no-cache",
        "Content-Length": "29",
        "Content-Type": "application/json; charset=utf-8",
        "Date": "Sat, 09 Oct 2021 06:36:46 GMT",
        "Expires": "-1",
        "Pragma": "no-cache",
        "Server": [
          "Microsoft-HTTPAPI/2.0",
          "Microsoft-HTTPAPI/2.0"
        ],
        "Strict-Transport-Security": "max-age=31536000; includeSubDomains",
        "X-Content-Type-Options": "nosniff",
        "x-ms-arm-service-request-id": "efedae87-0607-4892-ab03-67e9ee583ed1",
        "x-ms-client-request-id": "9d7867e358aead24d26fa38169391876",
        "x-ms-correlation-request-id": "dff2c257-8d46-48b0-bf31-7fcadea2bcef",
        "x-ms-ratelimit-remaining-subscription-reads": "11973",
        "x-ms-request-id": "110ded66-97b2-4ddc-a988-0429f4a98f8b",
        "x-ms-routing-request-id": "SOUTHEASTASIA:20211009T063646Z:dff2c257-8d46-48b0-bf31-7fcadea2bcef"
      },
      "ResponseBody": [
        "{\r\n",
        "  \u0022status\u0022: \u0022Succeeded\u0022\r\n",
        "}"
      ]
    },
    {
      "RequestUri": "https://management.azure.com/subscriptions/db1ab6f0-4769-4b27-930e-01e2ef9c123c/resourceGroups/Default-AppConfiguration-2325/providers/Microsoft.Network/privateEndpoints/endpointxyz4812?api-version=2021-02-01",
      "RequestMethod": "GET",
      "RequestHeaders": {
        "Authorization": "Sanitized",
        "User-Agent": [
          "azsdk-net-ResourceManager/1.0.0-beta.3",
          "(.NET Core 3.1.19; Microsoft Windows 10.0.19043)"
        ],
        "x-ms-client-request-id": "4e81cc9709234bb38f0bcbd330508ff1",
        "x-ms-return-client-request-id": "true"
      },
      "RequestBody": null,
      "StatusCode": 200,
      "ResponseHeaders": {
        "Cache-Control": "no-cache",
        "Content-Length": "2220",
        "Content-Type": "application/json; charset=utf-8",
        "Date": "Sat, 09 Oct 2021 06:36:46 GMT",
        "ETag": "W/\u0022c052c372-0de9-4e57-acb7-c84dd9bc2f33\u0022",
        "Expires": "-1",
        "Pragma": "no-cache",
        "Server": [
          "Microsoft-HTTPAPI/2.0",
          "Microsoft-HTTPAPI/2.0"
        ],
        "Strict-Transport-Security": "max-age=31536000; includeSubDomains",
        "X-Content-Type-Options": "nosniff",
        "x-ms-arm-service-request-id": "ff57c0d0-691e-4001-bda5-39412c5f31c6",
        "x-ms-client-request-id": "4e81cc9709234bb38f0bcbd330508ff1",
        "x-ms-correlation-request-id": "a6603a3a-5fc8-4e45-bce4-245afe50a28c",
        "x-ms-ratelimit-remaining-subscription-reads": "11972",
        "x-ms-request-id": "b15052ff-afaf-45ed-85ce-59dd9e8c63a3",
        "x-ms-routing-request-id": "SOUTHEASTASIA:20211009T063647Z:a6603a3a-5fc8-4e45-bce4-245afe50a28c"
      },
      "ResponseBody": [
        "{\r\n",
        "  \u0022name\u0022: \u0022endpointxyz4812\u0022,\r\n",
        "  \u0022id\u0022: \u0022/subscriptions/db1ab6f0-4769-4b27-930e-01e2ef9c123c/resourceGroups/Default-AppConfiguration-2325/providers/Microsoft.Network/privateEndpoints/endpointxyz4812\u0022,\r\n",
        "  \u0022etag\u0022: \u0022W/\\\u0022c052c372-0de9-4e57-acb7-c84dd9bc2f33\\\u0022\u0022,\r\n",
        "  \u0022type\u0022: \u0022Microsoft.Network/privateEndpoints\u0022,\r\n",
        "  \u0022location\u0022: \u0022eastus\u0022,\r\n",
        "  \u0022properties\u0022: {\r\n",
        "    \u0022provisioningState\u0022: \u0022Succeeded\u0022,\r\n",
        "    \u0022resourceGuid\u0022: \u0022329a4fe3-8ceb-4836-b51a-9a88336702d2\u0022,\r\n",
        "    \u0022privateLinkServiceConnections\u0022: [\r\n",
        "      {\r\n",
        "        \u0022name\u0022: \u0022myconnection\u0022,\r\n",
        "        \u0022id\u0022: \u0022/subscriptions/db1ab6f0-4769-4b27-930e-01e2ef9c123c/resourceGroups/Default-AppConfiguration-2325/providers/Microsoft.Network/privateEndpoints/endpointxyz4812/privateLinkServiceConnections/myconnection\u0022,\r\n",
        "        \u0022etag\u0022: \u0022W/\\\u0022c052c372-0de9-4e57-acb7-c84dd9bc2f33\\\u0022\u0022,\r\n",
        "        \u0022properties\u0022: {\r\n",
        "          \u0022provisioningState\u0022: \u0022Succeeded\u0022,\r\n",
        "          \u0022privateLinkServiceId\u0022: \u0022/subscriptions/db1ab6f0-4769-4b27-930e-01e2ef9c123c/resourceGroups/default-appconfiguration-2325/providers/Microsoft.AppConfiguration/configurationStores/testapp-2289\u0022,\r\n",
        "          \u0022groupIds\u0022: [\r\n",
        "            \u0022configurationStores\u0022\r\n",
        "          ],\r\n",
        "          \u0022requestMessage\u0022: \u0022Please approve my connection\u0022,\r\n",
        "          \u0022privateLinkServiceConnectionState\u0022: {\r\n",
        "            \u0022status\u0022: \u0022Approved\u0022,\r\n",
        "            \u0022description\u0022: \u0022Auto-Approved\u0022,\r\n",
        "            \u0022actionsRequired\u0022: \u0022None\u0022\r\n",
        "          }\r\n",
        "        },\r\n",
        "        \u0022type\u0022: \u0022Microsoft.Network/privateEndpoints/privateLinkServiceConnections\u0022\r\n",
        "      }\r\n",
        "    ],\r\n",
        "    \u0022manualPrivateLinkServiceConnections\u0022: [],\r\n",
        "    \u0022subnet\u0022: {\r\n",
        "      \u0022id\u0022: \u0022/subscriptions/db1ab6f0-4769-4b27-930e-01e2ef9c123c/resourceGroups/Default-AppConfiguration-2325/providers/Microsoft.Network/virtualNetworks/vnetname2395/subnets/subnetname5499\u0022\r\n",
        "    },\r\n",
        "    \u0022networkInterfaces\u0022: [\r\n",
        "      {\r\n",
        "        \u0022id\u0022: \u0022/subscriptions/db1ab6f0-4769-4b27-930e-01e2ef9c123c/resourceGroups/Default-AppConfiguration-2325/providers/Microsoft.Network/networkInterfaces/endpointxyz4812.nic.43c005cb-496f-4738-bceb-968ae367540c\u0022\r\n",
        "      }\r\n",
        "    ],\r\n",
        "    \u0022customDnsConfigs\u0022: [\r\n",
        "      {\r\n",
        "        \u0022fqdn\u0022: \u0022testapp-2289.azconfig.io\u0022,\r\n",
        "        \u0022ipAddresses\u0022: [\r\n",
        "          \u002210.0.0.4\u0022\r\n",
        "        ]\r\n",
        "      }\r\n",
        "    ]\r\n",
        "  }\r\n",
        "}"
      ]
    },
    {
      "RequestUri": "https://management.azure.com/subscriptions/db1ab6f0-4769-4b27-930e-01e2ef9c123c/resourceGroups/default-appconfiguration-2325/providers/Microsoft.AppConfiguration/configurationStores/testapp-2289/privateEndpointConnections?api-version=2020-06-01",
      "RequestMethod": "GET",
      "RequestHeaders": {
        "Accept": "application/json",
        "Authorization": "Sanitized",
        "User-Agent": [
          "azsdk-net-ResourceManager.AppConfiguration/1.0.0-alpha.20211009.1",
          "(.NET Core 3.1.19; Microsoft Windows 10.0.19043)"
        ],
        "x-ms-client-request-id": "405461b4727e8d8768ed266beb27da3c",
        "x-ms-return-client-request-id": "true"
      },
      "RequestBody": null,
      "StatusCode": 200,
      "ResponseHeaders": {
        "Cache-Control": "no-cache",
        "Content-Length": "668",
        "Content-Type": "application/json; charset=utf-8",
        "Date": "Sat, 09 Oct 2021 06:36:47 GMT",
        "Expires": "-1",
        "Pragma": "no-cache",
        "Server": "nginx/1.17.10",
        "Strict-Transport-Security": "max-age=31536000; includeSubDomains",
        "Vary": "Accept-Encoding",
        "X-Content-Type-Options": "nosniff",
        "x-ms-client-request-id": "405461b4727e8d8768ed266beb27da3c",
        "x-ms-correlation-request-id": "ca3c67a1-f04d-40eb-ae46-f77e851fc870",
        "x-ms-ratelimit-remaining-subscription-reads": "11971",
        "x-ms-request-id": "8ced5dd2-4c44-47dc-8a00-d1906b44d754",
        "x-ms-routing-request-id": "SOUTHEASTASIA:20211009T063647Z:ca3c67a1-f04d-40eb-ae46-f77e851fc870"
      },
      "ResponseBody": {
        "value": [
          {
            "type": "Microsoft.AppConfiguration/configurationStores/privateEndpointConnections",
            "properties": {
              "provisioningState": "Succeeded",
              "privateEndpoint": {
                "id": "/subscriptions/db1ab6f0-4769-4b27-930e-01e2ef9c123c/resourceGroups/Default-AppConfiguration-2325/providers/Microsoft.Network/privateEndpoints/endpointxyz4812"
              },
              "privateLinkServiceConnectionState": {
                "status": "Approved",
                "description": "Auto-Approved"
              }
            },
            "id": "/subscriptions/db1ab6f0-4769-4b27-930e-01e2ef9c123c/resourceGroups/default-appconfiguration-2325/providers/Microsoft.AppConfiguration/configurationStores/testapp-2289/privateEndpointConnections/myconnection",
            "name": "myconnection"
          }
        ],
        "nextLink": null
      }
    },
    {
      "RequestUri": "https://management.azure.com/subscriptions/db1ab6f0-4769-4b27-930e-01e2ef9c123c/resourceGroups/default-appconfiguration-2325/providers/Microsoft.AppConfiguration/configurationStores/testapp-2289/privateEndpointConnections/myconnection?api-version=2020-06-01",
      "RequestMethod": "GET",
      "RequestHeaders": {
        "Accept": "application/json",
        "Authorization": "Sanitized",
        "User-Agent": [
          "azsdk-net-ResourceManager.AppConfiguration/1.0.0-alpha.20211009.1",
          "(.NET Core 3.1.19; Microsoft Windows 10.0.19043)"
        ],
        "x-ms-client-request-id": "a98e41fc90d3d919b42d0da28d517d82",
        "x-ms-return-client-request-id": "true"
      },
      "RequestBody": null,
      "StatusCode": 200,
      "ResponseHeaders": {
        "Cache-Control": "no-cache",
        "Content-Length": "640",
        "Content-Type": "application/json; charset=utf-8",
        "Date": "Sat, 09 Oct 2021 06:36:47 GMT",
        "Expires": "-1",
        "Pragma": "no-cache",
        "Server": "nginx/1.17.10",
        "Strict-Transport-Security": "max-age=31536000; includeSubDomains",
        "Vary": "Accept-Encoding",
        "X-Content-Type-Options": "nosniff",
        "x-ms-client-request-id": "a98e41fc90d3d919b42d0da28d517d82",
        "x-ms-correlation-request-id": "c8f5b8c7-e9a3-4483-a901-ead92cc4b05d",
        "x-ms-ratelimit-remaining-subscription-reads": "11970",
        "x-ms-request-id": "184998ac-d57c-4b83-8c3b-0269913b8fbd",
        "x-ms-routing-request-id": "SOUTHEASTASIA:20211009T063647Z:c8f5b8c7-e9a3-4483-a901-ead92cc4b05d"
      },
      "ResponseBody": {
        "type": "Microsoft.AppConfiguration/configurationStores/privateEndpointConnections",
        "properties": {
          "provisioningState": "Succeeded",
          "privateEndpoint": {
            "id": "/subscriptions/db1ab6f0-4769-4b27-930e-01e2ef9c123c/resourceGroups/Default-AppConfiguration-2325/providers/Microsoft.Network/privateEndpoints/endpointxyz4812"
          },
          "privateLinkServiceConnectionState": {
            "status": "Approved",
            "description": "Auto-Approved"
          }
        },
        "id": "/subscriptions/db1ab6f0-4769-4b27-930e-01e2ef9c123c/resourceGroups/default-appconfiguration-2325/providers/Microsoft.AppConfiguration/configurationStores/testapp-2289/privateEndpointConnections/myconnection",
        "name": "myconnection"
      }
    }
  ],
  "Variables": {
    "RandomSeed": "1101865577",
    "RESOURCE_MANAGER_URL": null,
    "SUBSCRIPTION_ID": "db1ab6f0-4769-4b27-930e-01e2ef9c123c"
  }
}