{
  "Entries": [
    {
      "RequestUri": "/luis/authoring/v3.0-preview/apps/6c859d36-47a0-4dd9-a2ab-7817e211646b/versions/0.1/regexentities",
      "EncodedRequestUri": "L2x1aXMvYXV0aG9yaW5nL3YzLjAtcHJldmlldy9hcHBzLzZjODU5ZDM2LTQ3YTAtNGRkOS1hMmFiLTc4MTdlMjExNjQ2Yi92ZXJzaW9ucy8wLjEvcmVnZXhlbnRpdGllcw==",
      "RequestMethod": "POST",
      "RequestBody": "{\r\n  \"regexPattern\": \"regex pattern 1\",\r\n  \"name\": \"regex entity 1\"\r\n}",
      "RequestHeaders": {
        "Ocp-Apim-Subscription-Key": [
          "120f721e60454544a884022b1bc988a5"
        ],
        "User-Agent": [
          "FxVersion/4.6.27817.01",
          "OSName/Windows",
          "OSVersion/Microsoft.Windows.10.0.18363.",
          "Microsoft.Azure.CognitiveServices.Language.LUIS.Authoring.LUISAuthoringClient/3.8.0.0"
        ],
        "Content-Type": [
          "application/json; charset=utf-8"
        ],
        "Content-Length": [
          "70"
        ]
      },
      "ResponseHeaders": {
        "Cache-Control": [
          "no-store, proxy-revalidate, no-cache, max-age=0, private"
        ],
        "Pragma": [
          "no-cache"
        ],
        "Location": [
          "https://westus.api.cognitive.microsoft.com/luis/api/v3.0-preview/apps/6c859d36-47a0-4dd9-a2ab-7817e211646b/versions/0.1/regexentities/79e34eb8-9c3f-4116-802d-01214c59e4fb"
        ],
        "Apim-Request-Id": [
          "98ffec3a-5146-4ada-95b1-9c16bdf7420c"
        ],
        "Request-Id": [
          "98ffec3a-5146-4ada-95b1-9c16bdf7420c"
        ],
        "Operation-Location": [
          "https://westus.api.cognitive.microsoft.com/luis/api/v3.0-preview/apps/6c859d36-47a0-4dd9-a2ab-7817e211646b/versions/0.1/regexentities/79e34eb8-9c3f-4116-802d-01214c59e4fb"
        ],
        "Strict-Transport-Security": [
          "max-age=31536000; includeSubDomains; preload"
        ],
        "Request-Context": [
          "appId=cid-v1:26a3540d-a02a-4998-a060-715488fd769b"
        ],
        "X-Content-Type-Options": [
          "nosniff"
        ],
        "X-Frame-Options": [
          "SAMEORIGIN"
        ],
        "Date": [
          "Tue, 29 Oct 2019 13:22:44 GMT"
        ],
        "Content-Length": [
          "38"
        ],
        "Content-Type": [
          "application/json; charset=utf-8"
        ]
      },
      "ResponseBody": "\"79e34eb8-9c3f-4116-802d-01214c59e4fb\"",
      "StatusCode": 201
    },
    {
      "RequestUri": "/luis/authoring/v3.0-preview/apps/6c859d36-47a0-4dd9-a2ab-7817e211646b/versions/0.1/regexentities/79e34eb8-9c3f-4116-802d-01214c59e4fb",
      "EncodedRequestUri": "L2x1aXMvYXV0aG9yaW5nL3YzLjAtcHJldmlldy9hcHBzLzZjODU5ZDM2LTQ3YTAtNGRkOS1hMmFiLTc4MTdlMjExNjQ2Yi92ZXJzaW9ucy8wLjEvcmVnZXhlbnRpdGllcy83OWUzNGViOC05YzNmLTQxMTYtODAyZC0wMTIxNGM1OWU0ZmI=",
      "RequestMethod": "DELETE",
      "RequestBody": "",
      "RequestHeaders": {
        "Ocp-Apim-Subscription-Key": [
          "120f721e60454544a884022b1bc988a5"
        ],
        "User-Agent": [
          "FxVersion/4.6.27817.01",
          "OSName/Windows",
          "OSVersion/Microsoft.Windows.10.0.18363.",
          "Microsoft.Azure.CognitiveServices.Language.LUIS.Authoring.LUISAuthoringClient/3.8.0.0"
        ]
      },
      "ResponseHeaders": {
        "Cache-Control": [
          "no-store, proxy-revalidate, no-cache, max-age=0, private"
        ],
        "Pragma": [
          "no-cache"
        ],
        "Apim-Request-Id": [
          "c984ee97-9a85-40c1-ab9c-7415c264e393"
        ],
        "Request-Id": [
          "c984ee97-9a85-40c1-ab9c-7415c264e393"
        ],
        "Strict-Transport-Security": [
          "max-age=31536000; includeSubDomains; preload"
        ],
        "Request-Context": [
          "appId=cid-v1:26a3540d-a02a-4998-a060-715488fd769b"
        ],
        "X-Content-Type-Options": [
          "nosniff"
        ],
        "X-Frame-Options": [
          "SAMEORIGIN"
        ],
        "Date": [
          "Tue, 29 Oct 2019 13:22:44 GMT"
        ],
        "Content-Length": [
          "51"
        ],
        "Content-Type": [
          "application/json; charset=utf-8"
        ]
      },
      "ResponseBody": "{\r\n  \"code\": \"Success\",\r\n  \"message\": \"Operation Successful\"\r\n}",
      "StatusCode": 200
    },
    {
      "RequestUri": "/luis/authoring/v3.0-preview/apps/6c859d36-47a0-4dd9-a2ab-7817e211646b/versions/0.1/regexentities?skip=0&take=100",
      "EncodedRequestUri": "L2x1aXMvYXV0aG9yaW5nL3YzLjAtcHJldmlldy9hcHBzLzZjODU5ZDM2LTQ3YTAtNGRkOS1hMmFiLTc4MTdlMjExNjQ2Yi92ZXJzaW9ucy8wLjEvcmVnZXhlbnRpdGllcz9za2lwPTAmdGFrZT0xMDA=",
      "RequestMethod": "GET",
      "RequestBody": "",
      "RequestHeaders": {
        "Ocp-Apim-Subscription-Key": [
          "120f721e60454544a884022b1bc988a5"
        ],
        "User-Agent": [
          "FxVersion/4.6.27817.01",
          "OSName/Windows",
          "OSVersion/Microsoft.Windows.10.0.18363.",
          "Microsoft.Azure.CognitiveServices.Language.LUIS.Authoring.LUISAuthoringClient/3.8.0.0"
        ]
      },
      "ResponseHeaders": {
        "Cache-Control": [
          "no-store, proxy-revalidate, no-cache, max-age=0, private"
        ],
        "Pragma": [
          "no-cache"
        ],
        "Apim-Request-Id": [
          "bba31017-3d6f-4a19-b6be-e92ad4f47586"
        ],
        "Request-Id": [
          "bba31017-3d6f-4a19-b6be-e92ad4f47586"
        ],
        "Strict-Transport-Security": [
          "max-age=31536000; includeSubDomains; preload"
        ],
        "Request-Context": [
          "appId=cid-v1:26a3540d-a02a-4998-a060-715488fd769b"
        ],
        "X-Content-Type-Options": [
          "nosniff"
        ],
        "X-Frame-Options": [
          "SAMEORIGIN"
        ],
        "Date": [
          "Tue, 29 Oct 2019 13:22:45 GMT"
        ],
        "Content-Length": [
          "2"
        ],
        "Content-Type": [
          "application/json; charset=utf-8"
        ]
      },
      "ResponseBody": "[]",
      "StatusCode": 200
    }
  ],
  "Names": {},
  "Variables": {}
}