{
  "Entries": [
    {
      "RequestUri": "/subscriptions/3c729b2a-4f86-4bb2-abe8-4b8647af156c/providers/Microsoft.Search/register?api-version=2016-09-01",
      "EncodedRequestUri": "L3N1YnNjcmlwdGlvbnMvM2M3MjliMmEtNGY4Ni00YmIyLWFiZTgtNGI4NjQ3YWYxNTZjL3Byb3ZpZGVycy9NaWNyb3NvZnQuU2VhcmNoL3JlZ2lzdGVyP2FwaS12ZXJzaW9uPTIwMTYtMDktMDE=",
      "RequestMethod": "POST",
      "RequestBody": "",
      "RequestHeaders": {
        "x-ms-client-request-id": [
          "b16ba3ff-d368-4658-9f5e-362b44cf20c3"
        ],
        "Accept-Language": [
          "en-US"
        ],
        "User-Agent": [
          "FxVersion/4.6.28619.01",
          "OSName/Windows",
          "OSVersion/Microsoft.Windows.10.0.18363.",
          "Microsoft.Azure.Management.ResourceManager.ResourceManagementClient/1.5.0.0"
        ]
      },
      "ResponseHeaders": {
        "Cache-Control": [
          "no-cache"
        ],
        "Pragma": [
          "no-cache"
        ],
        "x-ms-ratelimit-remaining-subscription-writes": [
          "1199"
        ],
        "x-ms-request-id": [
          "8d9f4b5b-eb3c-4806-8e02-b4dca740983e"
        ],
        "x-ms-correlation-request-id": [
          "8d9f4b5b-eb3c-4806-8e02-b4dca740983e"
        ],
        "x-ms-routing-request-id": [
          "NORTHEUROPE:20200413T232739Z:8d9f4b5b-eb3c-4806-8e02-b4dca740983e"
        ],
        "Strict-Transport-Security": [
          "max-age=31536000; includeSubDomains"
        ],
        "X-Content-Type-Options": [
          "nosniff"
        ],
        "Date": [
          "Mon, 13 Apr 2020 23:27:38 GMT"
        ],
        "Content-Length": [
          "2842"
        ],
        "Content-Type": [
          "application/json; charset=utf-8"
        ],
        "Expires": [
          "-1"
        ]
      },
      "ResponseBody": "{\r\n  \"id\": \"/subscriptions/3c729b2a-4f86-4bb2-abe8-4b8647af156c/providers/Microsoft.Search\",\r\n  \"namespace\": \"Microsoft.Search\",\r\n  \"authorization\": {\r\n    \"applicationId\": \"804f4a7a-7d6e-4df7-bf8c-e7f0106e16c2\",\r\n    \"roleDefinitionId\": \"20FA3191-87CF-4C3D-9510-74CCB594A310\"\r\n  },\r\n  \"resourceTypes\": [\r\n    {\r\n      \"resourceType\": \"searchServices\",\r\n      \"locations\": [\r\n        \"West US\",\r\n        \"East US\"\r\n      ],\r\n      \"apiVersions\": [\r\n        \"2020-03-13\",\r\n        \"2019-10-01-Preview\",\r\n        \"2015-08-19\",\r\n        \"2015-02-28\",\r\n        \"2014-07-31-Preview\"\r\n      ],\r\n      \"capabilities\": \"CrossResourceGroupResourceMove, CrossSubscriptionResourceMove, SystemAssignedResourceIdentity\"\r\n    },\r\n    {\r\n      \"resourceType\": \"searchServicesCit\",\r\n      \"locations\": [\r\n        \"West US\"\r\n      ],\r\n      \"apiVersions\": [\r\n        \"2020-03-13\",\r\n        \"2019-10-01-Preview\",\r\n        \"2015-08-19\",\r\n        \"2015-02-28\",\r\n        \"2014-07-31-Preview\"\r\n      ],\r\n      \"capabilities\": \"CrossResourceGroupResourceMove, CrossSubscriptionResourceMove, SystemAssignedResourceIdentity\"\r\n    },\r\n    {\r\n      \"resourceType\": \"searchServicesTHHILL\",\r\n      \"locations\": [\r\n        \"East US\"\r\n      ],\r\n      \"apiVersions\": [\r\n        \"2020-03-13\",\r\n        \"2019-10-01-Preview\",\r\n        \"2015-08-19\",\r\n        \"2015-02-28\",\r\n        \"2014-07-31-Preview\"\r\n      ],\r\n      \"capabilities\": \"CrossResourceGroupResourceMove, CrossSubscriptionResourceMove, SystemAssignedResourceIdentity\"\r\n    },\r\n    {\r\n      \"resourceType\": \"searchServicesInt\",\r\n      \"locations\": [\r\n        \"West US\"\r\n      ],\r\n      \"apiVersions\": [\r\n        \"2020-03-13\",\r\n        \"2019-10-01-Preview\",\r\n        \"2015-08-19\",\r\n        \"2015-02-28\",\r\n        \"2014-07-31-Preview\"\r\n      ],\r\n      \"capabilities\": \"CrossResourceGroupResourceMove, CrossSubscriptionResourceMove, SystemAssignedResourceIdentity\"\r\n    },\r\n    {\r\n      \"resourceType\": \"searchServicesPpe\",\r\n      \"locations\": [\r\n        \"West US\"\r\n      ],\r\n      \"apiVersions\": [\r\n        \"2020-03-13\",\r\n        \"2019-10-01-Preview\",\r\n        \"2015-08-19\",\r\n        \"2015-02-28\",\r\n        \"2014-07-31-Preview\"\r\n      ],\r\n      \"capabilities\": \"CrossResourceGroupResourceMove, CrossSubscriptionResourceMove, SystemAssignedResourceIdentity\"\r\n    },\r\n    {\r\n      \"resourceType\": \"checkServiceNameAvailability\",\r\n      \"locations\": [],\r\n      \"apiVersions\": [\r\n        \"2015-02-28\",\r\n        \"2014-07-31-Preview\"\r\n      ]\r\n    },\r\n    {\r\n      \"resourceType\": \"checkServiceNameAvailabilityCit\",\r\n      \"locations\": [],\r\n      \"apiVersions\": [\r\n        \"2015-02-28\",\r\n        \"2014-07-31-Preview\"\r\n      ]\r\n    },\r\n    {\r\n      \"resourceType\": \"checkServiceNameAvailabilityInt\",\r\n      \"locations\": [],\r\n      \"apiVersions\": [\r\n        \"2015-02-28\",\r\n        \"2014-07-31-Preview\"\r\n      ]\r\n    },\r\n    {\r\n      \"resourceType\": \"checkServiceNameAvailabilityPpe\",\r\n      \"locations\": [],\r\n      \"apiVersions\": [\r\n        \"2015-02-28\",\r\n        \"2014-07-31-Preview\"\r\n      ]\r\n    },\r\n    {\r\n      \"resourceType\": \"checkNameAvailability\",\r\n      \"locations\": [],\r\n      \"apiVersions\": [\r\n        \"2020-03-13\",\r\n        \"2019-10-01-Preview\",\r\n        \"2015-08-19\"\r\n      ]\r\n    },\r\n    {\r\n      \"resourceType\": \"checkNameAvailabilityCit\",\r\n      \"locations\": [],\r\n      \"apiVersions\": [\r\n        \"2020-03-13\",\r\n        \"2019-10-01-Preview\",\r\n        \"2015-08-19\"\r\n      ]\r\n    },\r\n    {\r\n      \"resourceType\": \"checkNameAvailabilityInt\",\r\n      \"locations\": [],\r\n      \"apiVersions\": [\r\n        \"2020-03-13\",\r\n        \"2019-10-01-Preview\",\r\n        \"2015-08-19\"\r\n      ]\r\n    },\r\n    {\r\n      \"resourceType\": \"checkNameAvailabilityPpe\",\r\n      \"locations\": [],\r\n      \"apiVersions\": [\r\n        \"2020-03-13\",\r\n        \"2019-10-01-Preview\",\r\n        \"2015-08-19\"\r\n      ]\r\n    },\r\n    {\r\n      \"resourceType\": \"resourceHealthMetadata\",\r\n      \"locations\": [],\r\n      \"apiVersions\": [\r\n        \"2020-03-13\",\r\n        \"2019-10-01-Preview\",\r\n        \"2015-08-19\"\r\n      ]\r\n    },\r\n    {\r\n      \"resourceType\": \"operations\",\r\n      \"locations\": [],\r\n      \"apiVersions\": [\r\n        \"2020-03-13\",\r\n        \"2019-10-01-Preview\",\r\n        \"2015-08-19\",\r\n        \"2015-02-28\"\r\n      ]\r\n    }\r\n  ],\r\n  \"registrationState\": \"Registered\"\r\n}",
      "StatusCode": 200
    },
    {
      "RequestUri": "/subscriptions/3c729b2a-4f86-4bb2-abe8-4b8647af156c/resourcegroups/azsmnet4610?api-version=2016-09-01",
      "EncodedRequestUri": "L3N1YnNjcmlwdGlvbnMvM2M3MjliMmEtNGY4Ni00YmIyLWFiZTgtNGI4NjQ3YWYxNTZjL3Jlc291cmNlZ3JvdXBzL2F6c21uZXQ0NjEwP2FwaS12ZXJzaW9uPTIwMTYtMDktMDE=",
      "RequestMethod": "PUT",
      "RequestBody": "{\r\n  \"location\": \"West US\"\r\n}",
      "RequestHeaders": {
        "x-ms-client-request-id": [
          "0d77d42d-b72e-40d9-8ba0-30663d2263cc"
        ],
        "Accept-Language": [
          "en-US"
        ],
        "User-Agent": [
          "FxVersion/4.6.28619.01",
          "OSName/Windows",
          "OSVersion/Microsoft.Windows.10.0.18363.",
          "Microsoft.Azure.Management.ResourceManager.ResourceManagementClient/1.5.0.0"
        ],
        "Content-Type": [
          "application/json; charset=utf-8"
        ],
        "Content-Length": [
          "29"
        ]
      },
      "ResponseHeaders": {
        "Cache-Control": [
          "no-cache"
        ],
        "Pragma": [
          "no-cache"
        ],
        "x-ms-ratelimit-remaining-subscription-writes": [
          "1199"
        ],
        "x-ms-request-id": [
          "d9338091-ef55-4cdb-b558-48b2c95004c4"
        ],
        "x-ms-correlation-request-id": [
          "d9338091-ef55-4cdb-b558-48b2c95004c4"
        ],
        "x-ms-routing-request-id": [
          "NORTHEUROPE:20200413T232740Z:d9338091-ef55-4cdb-b558-48b2c95004c4"
        ],
        "Strict-Transport-Security": [
          "max-age=31536000; includeSubDomains"
        ],
        "X-Content-Type-Options": [
          "nosniff"
        ],
        "Date": [
          "Mon, 13 Apr 2020 23:27:39 GMT"
        ],
        "Content-Length": [
          "175"
        ],
        "Content-Type": [
          "application/json; charset=utf-8"
        ],
        "Expires": [
          "-1"
        ]
      },
      "ResponseBody": "{\r\n  \"id\": \"/subscriptions/3c729b2a-4f86-4bb2-abe8-4b8647af156c/resourceGroups/azsmnet4610\",\r\n  \"name\": \"azsmnet4610\",\r\n  \"location\": \"westus\",\r\n  \"properties\": {\r\n    \"provisioningState\": \"Succeeded\"\r\n  }\r\n}",
      "StatusCode": 201
    },
    {
      "RequestUri": "/subscriptions/3c729b2a-4f86-4bb2-abe8-4b8647af156c/resourceGroups/azsmnet4610/providers/Microsoft.Search/searchServices/azs-4051?api-version=2020-03-13",
      "EncodedRequestUri": "L3N1YnNjcmlwdGlvbnMvM2M3MjliMmEtNGY4Ni00YmIyLWFiZTgtNGI4NjQ3YWYxNTZjL3Jlc291cmNlR3JvdXBzL2F6c21uZXQ0NjEwL3Byb3ZpZGVycy9NaWNyb3NvZnQuU2VhcmNoL3NlYXJjaFNlcnZpY2VzL2F6cy00MDUxP2FwaS12ZXJzaW9uPTIwMjAtMDMtMTM=",
      "RequestMethod": "PUT",
      "RequestBody": "{\r\n  \"sku\": {\r\n    \"name\": \"free\"\r\n  },\r\n  \"location\": \"West US\"\r\n}",
      "RequestHeaders": {
        "x-ms-client-request-id": [
          "79929930-a96d-419b-a60c-aa2c84e482fc"
        ],
        "Accept-Language": [
          "en-US"
        ],
        "User-Agent": [
          "FxVersion/4.6.28619.01",
          "OSName/Windows",
          "OSVersion/Microsoft.Windows.10.0.18363.",
          "Microsoft.Azure.Management.Search.SearchManagementClient/3.0.0.0"
        ],
        "Content-Type": [
          "application/json; charset=utf-8"
        ],
        "Content-Length": [
          "67"
        ]
      },
      "ResponseHeaders": {
        "Cache-Control": [
          "no-cache"
        ],
        "Pragma": [
          "no-cache"
        ],
        "ETag": [
          "W/\"datetime'2020-04-13T23%3A27%3A45.6463257Z'\""
        ],
        "x-ms-request-id": [
          "79929930-a96d-419b-a60c-aa2c84e482fc"
        ],
        "request-id": [
          "79929930-a96d-419b-a60c-aa2c84e482fc"
        ],
        "elapsed-time": [
          "1799"
        ],
        "Strict-Transport-Security": [
          "max-age=31536000; includeSubDomains"
        ],
        "x-ms-ratelimit-remaining-subscription-writes": [
          "1197"
        ],
        "x-ms-correlation-request-id": [
          "09b6660b-fcce-4253-b092-f87c4efdeab3"
        ],
        "x-ms-routing-request-id": [
          "NORTHEUROPE:20200413T232746Z:09b6660b-fcce-4253-b092-f87c4efdeab3"
        ],
        "X-Content-Type-Options": [
          "nosniff"
        ],
        "Date": [
          "Mon, 13 Apr 2020 23:27:45 GMT"
        ],
        "Content-Length": [
          "529"
        ],
        "Content-Type": [
          "application/json; charset=utf-8"
        ],
        "Expires": [
          "-1"
        ]
      },
      "ResponseBody": "{\r\n  \"id\": \"/subscriptions/3c729b2a-4f86-4bb2-abe8-4b8647af156c/resourceGroups/azsmnet4610/providers/Microsoft.Search/searchServices/azs-4051\",\r\n  \"name\": \"azs-4051\",\r\n  \"type\": \"Microsoft.Search/searchServices\",\r\n  \"location\": \"West US\",\r\n  \"properties\": {\r\n    \"replicaCount\": 1,\r\n    \"partitionCount\": 1,\r\n    \"status\": \"running\",\r\n    \"statusDetails\": \"\",\r\n    \"provisioningState\": \"succeeded\",\r\n    \"hostingMode\": \"Default\",\r\n    \"publicNetworkAccess\": \"Enabled\",\r\n    \"networkRuleSet\": {\r\n      \"ipRules\": [],\r\n      \"bypass\": \"None\"\r\n    },\r\n    \"privateEndpointConnections\": [],\r\n    \"sharedPrivateLinkResources\": []\r\n  },\r\n  \"sku\": {\r\n    \"name\": \"free\"\r\n  }\r\n}",
      "StatusCode": 201
    },
    {
      "RequestUri": "/subscriptions/3c729b2a-4f86-4bb2-abe8-4b8647af156c/resourceGroups/azsmnet4610/providers/Microsoft.Search/searchServices/azs-4051/listAdminKeys?api-version=2020-03-13",
      "EncodedRequestUri": "L3N1YnNjcmlwdGlvbnMvM2M3MjliMmEtNGY4Ni00YmIyLWFiZTgtNGI4NjQ3YWYxNTZjL3Jlc291cmNlR3JvdXBzL2F6c21uZXQ0NjEwL3Byb3ZpZGVycy9NaWNyb3NvZnQuU2VhcmNoL3NlYXJjaFNlcnZpY2VzL2F6cy00MDUxL2xpc3RBZG1pbktleXM/YXBpLXZlcnNpb249MjAyMC0wMy0xMw==",
      "RequestMethod": "POST",
      "RequestBody": "",
      "RequestHeaders": {
        "x-ms-client-request-id": [
          "2fea4fdb-c7b2-4a16-8e04-6a805a848476"
        ],
        "Accept-Language": [
          "en-US"
        ],
        "User-Agent": [
          "FxVersion/4.6.28619.01",
          "OSName/Windows",
          "OSVersion/Microsoft.Windows.10.0.18363.",
          "Microsoft.Azure.Management.Search.SearchManagementClient/3.0.0.0"
        ]
      },
      "ResponseHeaders": {
        "Cache-Control": [
          "no-cache"
        ],
        "Pragma": [
          "no-cache"
        ],
        "Vary": [
          "Accept-Encoding"
        ],
        "x-ms-request-id": [
          "2fea4fdb-c7b2-4a16-8e04-6a805a848476"
        ],
        "request-id": [
          "2fea4fdb-c7b2-4a16-8e04-6a805a848476"
        ],
        "elapsed-time": [
          "98"
        ],
        "Strict-Transport-Security": [
          "max-age=31536000; includeSubDomains"
        ],
        "x-ms-ratelimit-remaining-subscription-writes": [
          "1196"
        ],
        "x-ms-correlation-request-id": [
          "cda7a087-a60a-472d-8f2f-ef01e77e1c4e"
        ],
        "x-ms-routing-request-id": [
          "NORTHEUROPE:20200413T232748Z:cda7a087-a60a-472d-8f2f-ef01e77e1c4e"
        ],
        "X-Content-Type-Options": [
          "nosniff"
        ],
        "Date": [
          "Mon, 13 Apr 2020 23:27:48 GMT"
        ],
        "Content-Length": [
          "99"
        ],
        "Content-Type": [
          "application/json; charset=utf-8"
        ],
        "Expires": [
          "-1"
        ]
      },
      "ResponseBody": "{\r\n  \"primaryKey\": \"6A7E7E2ACD1F5CC7276E0E53F505908D\",\r\n  \"secondaryKey\": \"C9A0EC9A253819E09785402BAD228DCF\"\r\n}",
      "StatusCode": 200
    },
    {
      "RequestUri": "/subscriptions/3c729b2a-4f86-4bb2-abe8-4b8647af156c/resourceGroups/azsmnet4610/providers/Microsoft.Search/searchServices/azs-4051/listQueryKeys?api-version=2020-03-13",
      "EncodedRequestUri": "L3N1YnNjcmlwdGlvbnMvM2M3MjliMmEtNGY4Ni00YmIyLWFiZTgtNGI4NjQ3YWYxNTZjL3Jlc291cmNlR3JvdXBzL2F6c21uZXQ0NjEwL3Byb3ZpZGVycy9NaWNyb3NvZnQuU2VhcmNoL3NlYXJjaFNlcnZpY2VzL2F6cy00MDUxL2xpc3RRdWVyeUtleXM/YXBpLXZlcnNpb249MjAyMC0wMy0xMw==",
      "RequestMethod": "POST",
      "RequestBody": "",
      "RequestHeaders": {
        "x-ms-client-request-id": [
          "319c1b0f-5734-414c-8551-41c0bdd82aca"
        ],
        "Accept-Language": [
          "en-US"
        ],
        "User-Agent": [
          "FxVersion/4.6.28619.01",
          "OSName/Windows",
          "OSVersion/Microsoft.Windows.10.0.18363.",
          "Microsoft.Azure.Management.Search.SearchManagementClient/3.0.0.0"
        ]
      },
      "ResponseHeaders": {
        "Cache-Control": [
          "no-cache"
        ],
        "Pragma": [
          "no-cache"
        ],
        "Vary": [
          "Accept-Encoding"
        ],
        "x-ms-request-id": [
          "319c1b0f-5734-414c-8551-41c0bdd82aca"
        ],
        "request-id": [
          "319c1b0f-5734-414c-8551-41c0bdd82aca"
        ],
        "elapsed-time": [
          "103"
        ],
        "Strict-Transport-Security": [
          "max-age=31536000; includeSubDomains"
        ],
        "x-ms-ratelimit-remaining-subscription-writes": [
          "1195"
        ],
        "x-ms-correlation-request-id": [
          "f48136f7-902b-46da-894a-0aa34298cf02"
        ],
        "x-ms-routing-request-id": [
          "NORTHEUROPE:20200413T232749Z:f48136f7-902b-46da-894a-0aa34298cf02"
        ],
        "X-Content-Type-Options": [
          "nosniff"
        ],
        "Date": [
          "Mon, 13 Apr 2020 23:27:48 GMT"
        ],
        "Content-Length": [
          "82"
        ],
        "Content-Type": [
          "application/json; charset=utf-8"
        ],
        "Expires": [
          "-1"
        ]
      },
      "ResponseBody": "{\r\n  \"value\": [\r\n    {\r\n      \"name\": null,\r\n      \"key\": \"698B42254596C2C0EACF8552A14B42B9\"\r\n    }\r\n  ],\r\n  \"nextLink\": null\r\n}",
      "StatusCode": 200
    },
    {
      "RequestUri": "/indexes?api-version=2019-05-06",
      "EncodedRequestUri": "L2luZGV4ZXM/YXBpLXZlcnNpb249MjAxOS0wNS0wNg==",
      "RequestMethod": "POST",
      "RequestBody": "{\r\n  \"name\": \"azsmnet3511\",\r\n  \"fields\": [\r\n    {\r\n      \"name\": \"feature_id\",\r\n      \"type\": \"Edm.String\",\r\n      \"key\": true,\r\n      \"retrievable\": true,\r\n      \"searchable\": false,\r\n      \"filterable\": false,\r\n      \"sortable\": false,\r\n      \"facetable\": false\r\n    },\r\n    {\r\n      \"name\": \"feature_name\",\r\n      \"type\": \"Edm.String\",\r\n      \"key\": false,\r\n      \"retrievable\": true,\r\n      \"searchable\": true,\r\n      \"filterable\": true,\r\n      \"sortable\": false,\r\n      \"facetable\": false\r\n    },\r\n    {\r\n      \"name\": \"feature_class\",\r\n      \"type\": \"Edm.String\",\r\n      \"key\": false,\r\n      \"retrievable\": true,\r\n      \"searchable\": false,\r\n      \"filterable\": false,\r\n      \"sortable\": false,\r\n      \"facetable\": false\r\n    },\r\n    {\r\n      \"name\": \"state\",\r\n      \"type\": \"Edm.String\",\r\n      \"key\": false,\r\n      \"retrievable\": true,\r\n      \"searchable\": true,\r\n      \"filterable\": true,\r\n      \"sortable\": false,\r\n      \"facetable\": false\r\n    },\r\n    {\r\n      \"name\": \"county_name\",\r\n      \"type\": \"Edm.String\",\r\n      \"key\": false,\r\n      \"retrievable\": true,\r\n      \"searchable\": true,\r\n      \"filterable\": true,\r\n      \"sortable\": false,\r\n      \"facetable\": false\r\n    },\r\n    {\r\n      \"name\": \"elevation\",\r\n      \"type\": \"Edm.Int32\",\r\n      \"key\": false,\r\n      \"retrievable\": true,\r\n      \"searchable\": false,\r\n      \"filterable\": true,\r\n      \"sortable\": false,\r\n      \"facetable\": false\r\n    },\r\n    {\r\n      \"name\": \"map_name\",\r\n      \"type\": \"Edm.String\",\r\n      \"key\": false,\r\n      \"retrievable\": true,\r\n      \"searchable\": true,\r\n      \"filterable\": true,\r\n      \"sortable\": false,\r\n      \"facetable\": false\r\n    },\r\n    {\r\n      \"name\": \"history\",\r\n      \"type\": \"Collection(Edm.String)\",\r\n      \"key\": false,\r\n      \"retrievable\": true,\r\n      \"searchable\": true,\r\n      \"filterable\": false,\r\n      \"sortable\": false,\r\n      \"facetable\": false\r\n    },\r\n    {\r\n      \"name\": \"myEntities\",\r\n      \"type\": \"Collection(Edm.String)\",\r\n      \"key\": false,\r\n      \"retrievable\": true,\r\n      \"searchable\": true,\r\n      \"filterable\": false,\r\n      \"sortable\": false,\r\n      \"facetable\": false\r\n    },\r\n    {\r\n      \"name\": \"myText\",\r\n      \"type\": \"Edm.String\",\r\n      \"key\": false,\r\n      \"retrievable\": true,\r\n      \"searchable\": true,\r\n      \"filterable\": false,\r\n      \"sortable\": false,\r\n      \"facetable\": false\r\n    }\r\n  ]\r\n}",
      "RequestHeaders": {
        "client-request-id": [
          "06272be9-c61d-454f-8752-21065e0e43fc"
        ],
        "Accept-Language": [
          "en-US"
        ],
        "api-key": [
          "6A7E7E2ACD1F5CC7276E0E53F505908D"
        ],
        "User-Agent": [
          "FxVersion/4.6.28619.01",
          "OSName/Windows",
          "OSVersion/Microsoft.Windows.10.0.18363.",
          "Microsoft.Azure.Search.SearchServiceClient/10.1.0.0"
        ],
        "Content-Type": [
          "application/json; charset=utf-8"
        ],
        "Content-Length": [
          "2350"
        ]
      },
      "ResponseHeaders": {
        "Cache-Control": [
          "no-cache"
        ],
        "Pragma": [
          "no-cache"
        ],
        "ETag": [
          "W/\"0x8D7E00248FD5C5A\""
        ],
        "Location": [
          "https://azs-4051.search-dogfood.windows-int.net/indexes('azsmnet3511')?api-version=2019-05-06"
        ],
        "request-id": [
          "06272be9-c61d-454f-8752-21065e0e43fc"
        ],
        "elapsed-time": [
          "983"
        ],
        "OData-Version": [
          "4.0"
        ],
        "Preference-Applied": [
          "odata.include-annotations=\"*\""
        ],
        "Strict-Transport-Security": [
          "max-age=15724800; includeSubDomains"
        ],
        "Date": [
          "Mon, 13 Apr 2020 23:27:51 GMT"
        ],
        "Content-Type": [
          "application/json; odata.metadata=minimal"
        ],
        "Expires": [
          "-1"
        ],
        "Content-Length": [
          "2557"
        ]
      },
      "ResponseBody": "{\r\n  \"@odata.context\": \"https://azs-4051.search-dogfood.windows-int.net/$metadata#indexes/$entity\",\r\n  \"@odata.etag\": \"\\\"0x8D7E00248FD5C5A\\\"\",\r\n  \"name\": \"azsmnet3511\",\r\n  \"defaultScoringProfile\": null,\r\n  \"fields\": [\r\n    {\r\n      \"name\": \"feature_id\",\r\n      \"type\": \"Edm.String\",\r\n      \"searchable\": false,\r\n      \"filterable\": false,\r\n      \"retrievable\": true,\r\n      \"sortable\": false,\r\n      \"facetable\": false,\r\n      \"key\": true,\r\n      \"indexAnalyzer\": null,\r\n      \"searchAnalyzer\": null,\r\n      \"analyzer\": null,\r\n      \"synonymMaps\": []\r\n    },\r\n    {\r\n      \"name\": \"feature_name\",\r\n      \"type\": \"Edm.String\",\r\n      \"searchable\": true,\r\n      \"filterable\": true,\r\n      \"retrievable\": true,\r\n      \"sortable\": false,\r\n      \"facetable\": false,\r\n      \"key\": false,\r\n      \"indexAnalyzer\": null,\r\n      \"searchAnalyzer\": null,\r\n      \"analyzer\": null,\r\n      \"synonymMaps\": []\r\n    },\r\n    {\r\n      \"name\": \"feature_class\",\r\n      \"type\": \"Edm.String\",\r\n      \"searchable\": false,\r\n      \"filterable\": false,\r\n      \"retrievable\": true,\r\n      \"sortable\": false,\r\n      \"facetable\": false,\r\n      \"key\": false,\r\n      \"indexAnalyzer\": null,\r\n      \"searchAnalyzer\": null,\r\n      \"analyzer\": null,\r\n      \"synonymMaps\": []\r\n    },\r\n    {\r\n      \"name\": \"state\",\r\n      \"type\": \"Edm.String\",\r\n      \"searchable\": true,\r\n      \"filterable\": true,\r\n      \"retrievable\": true,\r\n      \"sortable\": false,\r\n      \"facetable\": false,\r\n      \"key\": false,\r\n      \"indexAnalyzer\": null,\r\n      \"searchAnalyzer\": null,\r\n      \"analyzer\": null,\r\n      \"synonymMaps\": []\r\n    },\r\n    {\r\n      \"name\": \"county_name\",\r\n      \"type\": \"Edm.String\",\r\n      \"searchable\": true,\r\n      \"filterable\": true,\r\n      \"retrievable\": true,\r\n      \"sortable\": false,\r\n      \"facetable\": false,\r\n      \"key\": false,\r\n      \"indexAnalyzer\": null,\r\n      \"searchAnalyzer\": null,\r\n      \"analyzer\": null,\r\n      \"synonymMaps\": []\r\n    },\r\n    {\r\n      \"name\": \"elevation\",\r\n      \"type\": \"Edm.Int32\",\r\n      \"searchable\": false,\r\n      \"filterable\": true,\r\n      \"retrievable\": true,\r\n      \"sortable\": false,\r\n      \"facetable\": false,\r\n      \"key\": false,\r\n      \"indexAnalyzer\": null,\r\n      \"searchAnalyzer\": null,\r\n      \"analyzer\": null,\r\n      \"synonymMaps\": []\r\n    },\r\n    {\r\n      \"name\": \"map_name\",\r\n      \"type\": \"Edm.String\",\r\n      \"searchable\": true,\r\n      \"filterable\": true,\r\n      \"retrievable\": true,\r\n      \"sortable\": false,\r\n      \"facetable\": false,\r\n      \"key\": false,\r\n      \"indexAnalyzer\": null,\r\n      \"searchAnalyzer\": null,\r\n      \"analyzer\": null,\r\n      \"synonymMaps\": []\r\n    },\r\n    {\r\n      \"name\": \"history\",\r\n      \"type\": \"Collection(Edm.String)\",\r\n      \"searchable\": true,\r\n      \"filterable\": false,\r\n      \"retrievable\": true,\r\n      \"sortable\": false,\r\n      \"facetable\": false,\r\n      \"key\": false,\r\n      \"indexAnalyzer\": null,\r\n      \"searchAnalyzer\": null,\r\n      \"analyzer\": null,\r\n      \"synonymMaps\": []\r\n    },\r\n    {\r\n      \"name\": \"myEntities\",\r\n      \"type\": \"Collection(Edm.String)\",\r\n      \"searchable\": true,\r\n      \"filterable\": false,\r\n      \"retrievable\": true,\r\n      \"sortable\": false,\r\n      \"facetable\": false,\r\n      \"key\": false,\r\n      \"indexAnalyzer\": null,\r\n      \"searchAnalyzer\": null,\r\n      \"analyzer\": null,\r\n      \"synonymMaps\": []\r\n    },\r\n    {\r\n      \"name\": \"myText\",\r\n      \"type\": \"Edm.String\",\r\n      \"searchable\": true,\r\n      \"filterable\": false,\r\n      \"retrievable\": true,\r\n      \"sortable\": false,\r\n      \"facetable\": false,\r\n      \"key\": false,\r\n      \"indexAnalyzer\": null,\r\n      \"searchAnalyzer\": null,\r\n      \"analyzer\": null,\r\n      \"synonymMaps\": []\r\n    }\r\n  ],\r\n  \"scoringProfiles\": [],\r\n  \"corsOptions\": null,\r\n  \"suggesters\": [],\r\n  \"analyzers\": [],\r\n  \"tokenizers\": [],\r\n  \"tokenFilters\": [],\r\n  \"charFilters\": [],\r\n  \"encryptionKey\": null\r\n}",
      "StatusCode": 201
    },
    {
      "RequestUri": "/datasources?api-version=2019-05-06",
      "EncodedRequestUri": "L2RhdGFzb3VyY2VzP2FwaS12ZXJzaW9uPTIwMTktMDUtMDY=",
      "RequestMethod": "POST",
      "RequestBody": "{\r\n  \"name\": \"azsmnet2923\",\r\n  \"type\": \"azuresql\",\r\n  \"credentials\": {\r\n    \"connectionString\": \"Server=tcp:azs-playground.database.windows.net,1433;Database=usgs;User ID=reader;Password=EdrERBt3j6mZDP;Trusted_Connection=False;Encrypt=True;Connection Timeout=30;\"\r\n  },\r\n  \"container\": {\r\n    \"name\": \"GeoNamesRI\"\r\n  }\r\n}",
      "RequestHeaders": {
        "client-request-id": [
          "b71624d2-3efd-4d27-a3b4-256cd8e4e418"
        ],
        "Accept-Language": [
          "en-US"
        ],
        "api-key": [
          "6A7E7E2ACD1F5CC7276E0E53F505908D"
        ],
        "User-Agent": [
          "FxVersion/4.6.28619.01",
          "OSName/Windows",
          "OSVersion/Microsoft.Windows.10.0.18363.",
          "Microsoft.Azure.Search.SearchServiceClient/10.1.0.0"
        ],
        "Content-Type": [
          "application/json; charset=utf-8"
        ],
        "Content-Length": [
          "321"
        ]
      },
      "ResponseHeaders": {
        "Cache-Control": [
          "no-cache"
        ],
        "Pragma": [
          "no-cache"
        ],
        "ETag": [
          "W/\"0x8D7E002491B24C0\""
        ],
        "Location": [
          "https://azs-4051.search-dogfood.windows-int.net/datasources('azsmnet2923')?api-version=2019-05-06"
        ],
        "request-id": [
          "b71624d2-3efd-4d27-a3b4-256cd8e4e418"
        ],
        "elapsed-time": [
          "37"
        ],
        "OData-Version": [
          "4.0"
        ],
        "Preference-Applied": [
          "odata.include-annotations=\"*\""
        ],
        "Strict-Transport-Security": [
          "max-age=15724800; includeSubDomains"
        ],
        "Date": [
          "Mon, 13 Apr 2020 23:27:51 GMT"
        ],
        "Content-Type": [
          "application/json; odata.metadata=minimal"
        ],
        "Expires": [
          "-1"
        ],
        "Content-Length": [
          "364"
        ]
      },
      "ResponseBody": "{\r\n  \"@odata.context\": \"https://azs-4051.search-dogfood.windows-int.net/$metadata#datasources/$entity\",\r\n  \"@odata.etag\": \"\\\"0x8D7E002491B24C0\\\"\",\r\n  \"name\": \"azsmnet2923\",\r\n  \"description\": null,\r\n  \"type\": \"azuresql\",\r\n  \"subtype\": null,\r\n  \"credentials\": {\r\n    \"connectionString\": null\r\n  },\r\n  \"container\": {\r\n    \"name\": \"GeoNamesRI\",\r\n    \"query\": null\r\n  },\r\n  \"dataChangeDetectionPolicy\": null,\r\n  \"dataDeletionDetectionPolicy\": null\r\n}",
      "StatusCode": 201
    },
    {
      "RequestUri": "/indexers?api-version=2019-05-06&mock_status=inProgress",
      "EncodedRequestUri": "L2luZGV4ZXJzP2FwaS12ZXJzaW9uPTIwMTktMDUtMDYmbW9ja19zdGF0dXM9aW5Qcm9ncmVzcw==",
      "RequestMethod": "POST",
      "RequestBody": "{\r\n  \"name\": \"azsmnet5181\",\r\n  \"dataSourceName\": \"azsmnet2923\",\r\n  \"targetIndexName\": \"azsmnet3511\",\r\n  \"schedule\": {\r\n    \"interval\": \"P1D\"\r\n  },\r\n  \"fieldMappings\": [\r\n    {\r\n      \"sourceFieldName\": \"feature_class\",\r\n      \"targetFieldName\": \"feature_class\",\r\n      \"mappingFunction\": {\r\n        \"name\": \"base64Encode\"\r\n      }\r\n    },\r\n    {\r\n      \"sourceFieldName\": \"state_alpha\",\r\n      \"targetFieldName\": \"state\",\r\n      \"mappingFunction\": {\r\n        \"name\": \"urlEncode\"\r\n      }\r\n    },\r\n    {\r\n      \"sourceFieldName\": \"county_name\",\r\n      \"targetFieldName\": \"county_name\",\r\n      \"mappingFunction\": {\r\n        \"name\": \"extractTokenAtPosition\",\r\n        \"parameters\": {\r\n          \"delimiter\": \" \",\r\n          \"position\": 0\r\n        }\r\n      }\r\n    },\r\n    {\r\n      \"sourceFieldName\": \"elev_in_m\",\r\n      \"targetFieldName\": \"elevation\",\r\n      \"mappingFunction\": {\r\n        \"name\": \"urlDecode\"\r\n      }\r\n    },\r\n    {\r\n      \"sourceFieldName\": \"map_name\",\r\n      \"targetFieldName\": \"map_name\",\r\n      \"mappingFunction\": {\r\n        \"name\": \"base64Decode\"\r\n      }\r\n    },\r\n    {\r\n      \"sourceFieldName\": \"history\",\r\n      \"targetFieldName\": \"history\",\r\n      \"mappingFunction\": {\r\n        \"name\": \"jsonArrayToStringCollection\"\r\n      }\r\n    }\r\n  ]\r\n}",
      "RequestHeaders": {
        "client-request-id": [
          "9141fa6a-2984-4380-9052-8a959472473d"
        ],
        "Accept-Language": [
          "en-US"
        ],
        "api-key": [
          "6A7E7E2ACD1F5CC7276E0E53F505908D"
        ],
        "User-Agent": [
          "FxVersion/4.6.28619.01",
          "OSName/Windows",
          "OSVersion/Microsoft.Windows.10.0.18363.",
          "Microsoft.Azure.Search.SearchServiceClient/10.1.0.0"
        ],
        "Content-Type": [
          "application/json; charset=utf-8"
        ],
        "Content-Length": [
          "1261"
        ]
      },
      "ResponseHeaders": {
        "Cache-Control": [
          "no-cache"
        ],
        "Pragma": [
          "no-cache"
        ],
        "ETag": [
          "W/\"0x8D7E0024A1BE2E5\""
        ],
        "Location": [
          "https://azs-4051.search-dogfood.windows-int.net/indexers('azsmnet5181')?api-version=2019-05-06&mock_status=inProgress"
        ],
        "request-id": [
          "9141fa6a-2984-4380-9052-8a959472473d"
        ],
        "elapsed-time": [
          "275"
        ],
        "OData-Version": [
          "4.0"
        ],
        "Preference-Applied": [
          "odata.include-annotations=\"*\""
        ],
        "Strict-Transport-Security": [
          "max-age=15724800; includeSubDomains"
        ],
        "Date": [
          "Mon, 13 Apr 2020 23:27:53 GMT"
        ],
        "Content-Type": [
          "application/json; odata.metadata=minimal"
        ],
        "Expires": [
          "-1"
        ],
        "Content-Length": [
          "1187"
        ]
      },
      "ResponseBody": "{\r\n  \"@odata.context\": \"https://azs-4051.search-dogfood.windows-int.net/$metadata#indexers/$entity\",\r\n  \"@odata.etag\": \"\\\"0x8D7E0024A1BE2E5\\\"\",\r\n  \"name\": \"azsmnet5181\",\r\n  \"description\": null,\r\n  \"dataSourceName\": \"azsmnet2923\",\r\n  \"skillsetName\": null,\r\n  \"targetIndexName\": \"azsmnet3511\",\r\n  \"disabled\": null,\r\n  \"schedule\": {\r\n    \"interval\": \"P1D\",\r\n    \"startTime\": \"2020-04-13T23:27:53.2634582Z\"\r\n  },\r\n  \"parameters\": null,\r\n  \"fieldMappings\": [\r\n    {\r\n      \"sourceFieldName\": \"feature_class\",\r\n      \"targetFieldName\": \"feature_class\",\r\n      \"mappingFunction\": {\r\n        \"name\": \"base64Encode\",\r\n        \"parameters\": null\r\n      }\r\n    },\r\n    {\r\n      \"sourceFieldName\": \"state_alpha\",\r\n      \"targetFieldName\": \"state\",\r\n      \"mappingFunction\": {\r\n        \"name\": \"urlEncode\",\r\n        \"parameters\": null\r\n      }\r\n    },\r\n    {\r\n      \"sourceFieldName\": \"county_name\",\r\n      \"targetFieldName\": \"county_name\",\r\n      \"mappingFunction\": {\r\n        \"name\": \"extractTokenAtPosition\",\r\n        \"parameters\": {\r\n          \"delimiter\": \" \",\r\n          \"position\": 0\r\n        }\r\n      }\r\n    },\r\n    {\r\n      \"sourceFieldName\": \"elev_in_m\",\r\n      \"targetFieldName\": \"elevation\",\r\n      \"mappingFunction\": {\r\n        \"name\": \"urlDecode\",\r\n        \"parameters\": null\r\n      }\r\n    },\r\n    {\r\n      \"sourceFieldName\": \"map_name\",\r\n      \"targetFieldName\": \"map_name\",\r\n      \"mappingFunction\": {\r\n        \"name\": \"base64Decode\",\r\n        \"parameters\": null\r\n      }\r\n    },\r\n    {\r\n      \"sourceFieldName\": \"history\",\r\n      \"targetFieldName\": \"history\",\r\n      \"mappingFunction\": {\r\n        \"name\": \"jsonArrayToStringCollection\",\r\n        \"parameters\": null\r\n      }\r\n    }\r\n  ],\r\n  \"outputFieldMappings\": []\r\n}",
      "StatusCode": 201
    },
    {
      "RequestUri": "/indexers('azsmnet5181')/search.status?api-version=2019-05-06&mock_status=inProgress",
      "EncodedRequestUri": "L2luZGV4ZXJzKCdhenNtbmV0NTE4MScpL3NlYXJjaC5zdGF0dXM/YXBpLXZlcnNpb249MjAxOS0wNS0wNiZtb2NrX3N0YXR1cz1pblByb2dyZXNz",
      "RequestMethod": "GET",
      "RequestBody": "",
      "RequestHeaders": {
        "client-request-id": [
          "9e8917dd-d6ee-439a-a382-e849b7b28a5a"
        ],
        "Accept-Language": [
          "en-US"
        ],
        "api-key": [
          "6A7E7E2ACD1F5CC7276E0E53F505908D"
        ],
        "User-Agent": [
          "FxVersion/4.6.28619.01",
          "OSName/Windows",
          "OSVersion/Microsoft.Windows.10.0.18363.",
          "Microsoft.Azure.Search.SearchServiceClient/10.1.0.0"
        ]
      },
      "ResponseHeaders": {
        "Cache-Control": [
          "no-cache"
        ],
        "Pragma": [
          "no-cache"
        ],
        "request-id": [
          "9e8917dd-d6ee-439a-a382-e849b7b28a5a"
        ],
        "elapsed-time": [
          "41"
        ],
        "OData-Version": [
          "4.0"
        ],
        "Preference-Applied": [
          "odata.include-annotations=\"*\""
        ],
        "Strict-Transport-Security": [
          "max-age=15724800; includeSubDomains"
        ],
        "Date": [
          "Mon, 13 Apr 2020 23:27:53 GMT"
        ],
        "Content-Type": [
          "application/json; odata.metadata=minimal; odata.streaming=true"
        ],
        "Expires": [
          "-1"
        ],
        "Content-Length": [
          "2109"
        ]
      },
      "ResponseBody": "{\r\n  \"@odata.context\": \"https://azs-4051.search-dogfood.windows-int.net/$metadata#Microsoft.Azure.Search.V2019_05_06.IndexerExecutionInfo\",\r\n  \"name\": \"azsmnet5181\",\r\n  \"status\": \"running\",\r\n  \"lastResult\": {\r\n    \"status\": \"inProgress\",\r\n    \"errorMessage\": null,\r\n    \"startTime\": \"2020-04-13T23:27:53.6228248Z\",\r\n    \"endTime\": null,\r\n    \"itemsProcessed\": 0,\r\n    \"itemsFailed\": 0,\r\n    \"initialTrackingState\": null,\r\n    \"finalTrackingState\": null,\r\n    \"errors\": [],\r\n    \"warnings\": [],\r\n    \"metrics\": null\r\n  },\r\n  \"executionHistory\": [\r\n    {\r\n      \"status\": \"transientFailure\",\r\n      \"errorMessage\": \"The indexer could not connect to the data source\",\r\n      \"startTime\": \"2020-04-13T23:27:53.6072228Z\",\r\n      \"endTime\": \"2020-04-13T23:27:53.6072228Z\",\r\n      \"itemsProcessed\": 0,\r\n      \"itemsFailed\": 0,\r\n      \"initialTrackingState\": null,\r\n      \"finalTrackingState\": null,\r\n      \"errors\": [],\r\n      \"warnings\": [],\r\n      \"metrics\": null\r\n    },\r\n    {\r\n      \"status\": \"reset\",\r\n      \"errorMessage\": null,\r\n      \"startTime\": \"2020-04-13T22:27:53.6072228Z\",\r\n      \"endTime\": \"2020-04-13T22:27:53.6072228Z\",\r\n      \"itemsProcessed\": 0,\r\n      \"itemsFailed\": 0,\r\n      \"initialTrackingState\": null,\r\n      \"finalTrackingState\": null,\r\n      \"errors\": [],\r\n      \"warnings\": [],\r\n      \"metrics\": null\r\n    },\r\n    {\r\n      \"status\": \"success\",\r\n      \"errorMessage\": null,\r\n      \"startTime\": \"2020-04-12T23:27:53.6228248Z\",\r\n      \"endTime\": \"2020-04-13T00:27:53.6228248Z\",\r\n      \"itemsProcessed\": 124876,\r\n      \"itemsFailed\": 2,\r\n      \"initialTrackingState\": \"100\",\r\n      \"finalTrackingState\": \"200\",\r\n      \"errors\": [\r\n        {\r\n          \"key\": \"1\",\r\n          \"statusCode\": 400,\r\n          \"name\": \"DocumentExtraction.AzureBlob.MyDataSource\",\r\n          \"errorMessage\": \"Key field contains unsafe characters\",\r\n          \"details\": \"The file could not be parsed.\",\r\n          \"documentationLink\": \"https://go.microsoft.com/fwlink/?linkid=2049388\"\r\n        },\r\n        {\r\n          \"key\": \"121713\",\r\n          \"statusCode\": 400,\r\n          \"name\": \"DocumentExtraction.AzureBlob.DataReader\",\r\n          \"errorMessage\": \"Item is too large\",\r\n          \"details\": \"Blob size cannot exceed 256 MB.\",\r\n          \"documentationLink\": \"https://go.microsoft.com/fwlink/?linkid=2049388\"\r\n        }\r\n      ],\r\n      \"warnings\": [\r\n        {\r\n          \"key\": \"2\",\r\n          \"name\": \"Enrichment.LanguageDetectionSkill.#4\",\r\n          \"message\": \"Document was truncated to 50000 characters.\",\r\n          \"details\": \"Try to split the input into smaller chunks using Split skill.\",\r\n          \"documentationLink\": \"https://go.microsoft.com/fwlink/?linkid=2099692\"\r\n        }\r\n      ],\r\n      \"metrics\": null\r\n    }\r\n  ],\r\n  \"limits\": {\r\n    \"maxRunTime\": \"P1D\",\r\n    \"maxDocumentExtractionSize\": 1000,\r\n    \"maxDocumentContentCharactersToExtract\": 100000\r\n  }\r\n}",
      "StatusCode": 200
    },
    {
      "RequestUri": "/indexers('azsmnet5181')/search.status?api-version=2019-05-06&mock_status=inProgress",
      "EncodedRequestUri": "L2luZGV4ZXJzKCdhenNtbmV0NTE4MScpL3NlYXJjaC5zdGF0dXM/YXBpLXZlcnNpb249MjAxOS0wNS0wNiZtb2NrX3N0YXR1cz1pblByb2dyZXNz",
      "RequestMethod": "GET",
      "RequestBody": "",
      "RequestHeaders": {
        "client-request-id": [
          "bd26d418-9f03-4d1b-b0f8-9d6cbf7e2b31"
        ],
        "Accept-Language": [
          "en-US"
        ],
        "api-key": [
          "6A7E7E2ACD1F5CC7276E0E53F505908D"
        ],
        "User-Agent": [
          "FxVersion/4.6.28619.01",
          "OSName/Windows",
          "OSVersion/Microsoft.Windows.10.0.18363.",
          "Microsoft.Azure.Search.SearchServiceClient/10.1.0.0"
        ]
      },
      "ResponseHeaders": {
        "Cache-Control": [
          "no-cache"
        ],
        "Pragma": [
          "no-cache"
        ],
        "request-id": [
          "bd26d418-9f03-4d1b-b0f8-9d6cbf7e2b31"
        ],
        "elapsed-time": [
          "2"
        ],
        "OData-Version": [
          "4.0"
        ],
        "Preference-Applied": [
          "odata.include-annotations=\"*\""
        ],
        "Strict-Transport-Security": [
          "max-age=15724800; includeSubDomains"
        ],
        "Date": [
          "Mon, 13 Apr 2020 23:27:53 GMT"
        ],
        "Content-Type": [
          "application/json; odata.metadata=minimal; odata.streaming=true"
        ],
        "Expires": [
          "-1"
        ],
        "Content-Length": [
          "2109"
        ]
      },
      "ResponseBody": "{\r\n  \"@odata.context\": \"https://azs-4051.search-dogfood.windows-int.net/$metadata#Microsoft.Azure.Search.V2019_05_06.IndexerExecutionInfo\",\r\n  \"name\": \"azsmnet5181\",\r\n  \"status\": \"running\",\r\n  \"lastResult\": {\r\n    \"status\": \"inProgress\",\r\n    \"errorMessage\": null,\r\n    \"startTime\": \"2020-04-13T23:27:53.8572196Z\",\r\n    \"endTime\": null,\r\n    \"itemsProcessed\": 0,\r\n    \"itemsFailed\": 0,\r\n    \"initialTrackingState\": null,\r\n    \"finalTrackingState\": null,\r\n    \"errors\": [],\r\n    \"warnings\": [],\r\n    \"metrics\": null\r\n  },\r\n  \"executionHistory\": [\r\n    {\r\n      \"status\": \"transientFailure\",\r\n      \"errorMessage\": \"The indexer could not connect to the data source\",\r\n      \"startTime\": \"2020-04-13T23:27:53.8572196Z\",\r\n      \"endTime\": \"2020-04-13T23:27:53.8572196Z\",\r\n      \"itemsProcessed\": 0,\r\n      \"itemsFailed\": 0,\r\n      \"initialTrackingState\": null,\r\n      \"finalTrackingState\": null,\r\n      \"errors\": [],\r\n      \"warnings\": [],\r\n      \"metrics\": null\r\n    },\r\n    {\r\n      \"status\": \"reset\",\r\n      \"errorMessage\": null,\r\n      \"startTime\": \"2020-04-13T22:27:53.8572196Z\",\r\n      \"endTime\": \"2020-04-13T22:27:53.8572196Z\",\r\n      \"itemsProcessed\": 0,\r\n      \"itemsFailed\": 0,\r\n      \"initialTrackingState\": null,\r\n      \"finalTrackingState\": null,\r\n      \"errors\": [],\r\n      \"warnings\": [],\r\n      \"metrics\": null\r\n    },\r\n    {\r\n      \"status\": \"success\",\r\n      \"errorMessage\": null,\r\n      \"startTime\": \"2020-04-12T23:27:53.8572196Z\",\r\n      \"endTime\": \"2020-04-13T00:27:53.8572196Z\",\r\n      \"itemsProcessed\": 124876,\r\n      \"itemsFailed\": 2,\r\n      \"initialTrackingState\": \"100\",\r\n      \"finalTrackingState\": \"200\",\r\n      \"errors\": [\r\n        {\r\n          \"key\": \"1\",\r\n          \"statusCode\": 400,\r\n          \"name\": \"DocumentExtraction.AzureBlob.MyDataSource\",\r\n          \"errorMessage\": \"Key field contains unsafe characters\",\r\n          \"details\": \"The file could not be parsed.\",\r\n          \"documentationLink\": \"https://go.microsoft.com/fwlink/?linkid=2049388\"\r\n        },\r\n        {\r\n          \"key\": \"121713\",\r\n          \"statusCode\": 400,\r\n          \"name\": \"DocumentExtraction.AzureBlob.DataReader\",\r\n          \"errorMessage\": \"Item is too large\",\r\n          \"details\": \"Blob size cannot exceed 256 MB.\",\r\n          \"documentationLink\": \"https://go.microsoft.com/fwlink/?linkid=2049388\"\r\n        }\r\n      ],\r\n      \"warnings\": [\r\n        {\r\n          \"key\": \"2\",\r\n          \"name\": \"Enrichment.LanguageDetectionSkill.#4\",\r\n          \"message\": \"Document was truncated to 50000 characters.\",\r\n          \"details\": \"Try to split the input into smaller chunks using Split skill.\",\r\n          \"documentationLink\": \"https://go.microsoft.com/fwlink/?linkid=2099692\"\r\n        }\r\n      ],\r\n      \"metrics\": null\r\n    }\r\n  ],\r\n  \"limits\": {\r\n    \"maxRunTime\": \"P1D\",\r\n    \"maxDocumentExtractionSize\": 1000,\r\n    \"maxDocumentContentCharactersToExtract\": 100000\r\n  }\r\n}",
      "StatusCode": 200
    },
    {
      "RequestUri": "/indexers('azsmnet5181')/search.run?api-version=2019-05-06&mock_status=inProgress",
      "EncodedRequestUri": "L2luZGV4ZXJzKCdhenNtbmV0NTE4MScpL3NlYXJjaC5ydW4/YXBpLXZlcnNpb249MjAxOS0wNS0wNiZtb2NrX3N0YXR1cz1pblByb2dyZXNz",
      "RequestMethod": "POST",
      "RequestBody": "",
      "RequestHeaders": {
        "client-request-id": [
          "8645caae-f977-4549-b287-790288014614"
        ],
        "Accept-Language": [
          "en-US"
        ],
        "api-key": [
          "6A7E7E2ACD1F5CC7276E0E53F505908D"
        ],
        "User-Agent": [
          "FxVersion/4.6.28619.01",
          "OSName/Windows",
          "OSVersion/Microsoft.Windows.10.0.18363.",
          "Microsoft.Azure.Search.SearchServiceClient/10.1.0.0"
        ]
      },
      "ResponseHeaders": {
        "Cache-Control": [
          "no-cache"
        ],
        "Pragma": [
          "no-cache"
        ],
        "request-id": [
          "8645caae-f977-4549-b287-790288014614"
        ],
        "elapsed-time": [
          "78"
        ],
        "Strict-Transport-Security": [
          "max-age=15724800; includeSubDomains"
        ],
        "Date": [
          "Mon, 13 Apr 2020 23:27:53 GMT"
        ],
        "Expires": [
          "-1"
        ],
        "Content-Length": [
          "0"
        ]
      },
      "ResponseBody": "",
      "StatusCode": 202
    },
    {
      "RequestUri": "/subscriptions/3c729b2a-4f86-4bb2-abe8-4b8647af156c/resourceGroups/azsmnet4610/providers/Microsoft.Search/searchServices/azs-4051?api-version=2020-03-13",
      "EncodedRequestUri": "L3N1YnNjcmlwdGlvbnMvM2M3MjliMmEtNGY4Ni00YmIyLWFiZTgtNGI4NjQ3YWYxNTZjL3Jlc291cmNlR3JvdXBzL2F6c21uZXQ0NjEwL3Byb3ZpZGVycy9NaWNyb3NvZnQuU2VhcmNoL3NlYXJjaFNlcnZpY2VzL2F6cy00MDUxP2FwaS12ZXJzaW9uPTIwMjAtMDMtMTM=",
      "RequestMethod": "DELETE",
      "RequestBody": "",
      "RequestHeaders": {
        "x-ms-client-request-id": [
          "b80015a2-43c3-4e3b-807d-b86103a03f9a"
        ],
        "Accept-Language": [
          "en-US"
        ],
        "User-Agent": [
          "FxVersion/4.6.28619.01",
          "OSName/Windows",
          "OSVersion/Microsoft.Windows.10.0.18363.",
          "Microsoft.Azure.Management.Search.SearchManagementClient/3.0.0.0"
        ]
      },
      "ResponseHeaders": {
        "Cache-Control": [
          "no-cache"
        ],
        "Pragma": [
          "no-cache"
        ],
        "x-ms-request-id": [
          "b80015a2-43c3-4e3b-807d-b86103a03f9a"
        ],
        "request-id": [
          "b80015a2-43c3-4e3b-807d-b86103a03f9a"
        ],
        "elapsed-time": [
          "913"
        ],
        "Strict-Transport-Security": [
          "max-age=31536000; includeSubDomains"
        ],
        "x-ms-ratelimit-remaining-subscription-deletes": [
          "14999"
        ],
        "x-ms-correlation-request-id": [
          "b29c5500-8f5f-4d30-97dd-bb7ba2170d1d"
        ],
        "x-ms-routing-request-id": [
          "NORTHEUROPE:20200413T232758Z:b29c5500-8f5f-4d30-97dd-bb7ba2170d1d"
        ],
        "X-Content-Type-Options": [
          "nosniff"
        ],
        "Date": [
          "Mon, 13 Apr 2020 23:27:58 GMT"
        ],
        "Expires": [
          "-1"
        ],
        "Content-Length": [
          "0"
        ]
      },
      "ResponseBody": "",
      "StatusCode": 200
    }
  ],
  "Names": {
    "GenerateName": [
      "azsmnet4610",
      "azsmnet3511",
      "azsmnet2923",
      "azsmnet5181"
    ],
    "GenerateServiceName": [
      "azs-4051"
    ]
  },
  "Variables": {
    "SubscriptionId": "3c729b2a-4f86-4bb2-abe8-4b8647af156c"
  }
}