{
  "Entries": [
    {
      "RequestUri": "/subscriptions/84c559c6-30a0-417c-ba06-8a2253b388c3/providers/Microsoft.ContainerRegistry?api-version=2015-11-01",
      "EncodedRequestUri": "L3N1YnNjcmlwdGlvbnMvODRjNTU5YzYtMzBhMC00MTdjLWJhMDYtOGEyMjUzYjM4OGMzL3Byb3ZpZGVycy9NaWNyb3NvZnQuQ29udGFpbmVyUmVnaXN0cnk/YXBpLXZlcnNpb249MjAxNS0xMS0wMQ==",
      "RequestMethod": "GET",
      "RequestBody": "",
      "RequestHeaders": {
        "x-ms-client-request-id": [
          "6d519edd-3dee-44cc-957e-ce22b8c47f05"
        ],
        "accept-language": [
          "en-US"
        ],
        "User-Agent": [
          "FxVersion/4.6.24410.01",
          "Microsoft.Azure.Management.Resources.ResourceManagementClient/1.0.0-preview"
        ]
      },
      "ResponseBody": "{\r\n  \"id\": \"/subscriptions/84c559c6-30a0-417c-ba06-8a2253b388c3/providers/Microsoft.ContainerRegistry\",\r\n  \"namespace\": \"Microsoft.ContainerRegistry\",\r\n  \"authorization\": {\r\n    \"applicationId\": \"6a0ec4d3-30cb-4a83-91c0-ae56bc0e3d26\",\r\n    \"roleDefinitionId\": \"78e18383-93eb-418a-9887-bc9271046576\"\r\n  },\r\n  \"resourceTypes\": [\r\n    {\r\n      \"resourceType\": \"registries\",\r\n      \"locations\": [\r\n        \"West US\",\r\n        \"East US\",\r\n        \"South Central US\",\r\n        \"West Central US\"\r\n      ],\r\n      \"apiVersions\": [\r\n        \"2016-06-27-preview\"\r\n      ],\r\n      \"capabilities\": \"CrossResourceGroupResourceMove, CrossSubscriptionResourceMove\"\r\n    },\r\n    {\r\n      \"resourceType\": \"registries/GetCredentials\",\r\n      \"locations\": [\r\n        \"West US\",\r\n        \"East US\",\r\n        \"South Central US\",\r\n        \"West Central US\"\r\n      ],\r\n      \"apiVersions\": [\r\n        \"2016-06-27-preview\"\r\n      ]\r\n    },\r\n    {\r\n      \"resourceType\": \"registries/regenerateCredentials\",\r\n      \"locations\": [\r\n        \"West US\",\r\n        \"East US\",\r\n        \"South Central US\",\r\n        \"West Central US\"\r\n      ],\r\n      \"apiVersions\": [\r\n        \"2016-06-27-preview\"\r\n      ]\r\n    },\r\n    {\r\n      \"resourceType\": \"checkNameAvailability\",\r\n      \"locations\": [\r\n        \"South Central US\",\r\n        \"West Central US\",\r\n        \"East US\",\r\n        \"West US\"\r\n      ],\r\n      \"apiVersions\": [\r\n        \"2016-06-27-preview\"\r\n      ]\r\n    },\r\n    {\r\n      \"resourceType\": \"swagger\",\r\n      \"locations\": [\r\n        \"South Central US\",\r\n        \"West Central US\",\r\n        \"East US\",\r\n        \"West US\"\r\n      ],\r\n      \"apiVersions\": [\r\n        \"2016-06-27-preview\"\r\n      ]\r\n    }\r\n  ],\r\n  \"registrationState\": \"Registered\"\r\n}",
      "ResponseHeaders": {
        "Content-Type": [
          "application/json; charset=utf-8"
        ],
        "Expires": [
          "-1"
        ],
        "Cache-Control": [
          "no-cache"
        ],
        "Date": [
          "Tue, 06 Dec 2016 03:37:16 GMT"
        ],
        "Pragma": [
          "no-cache"
        ],
        "Vary": [
          "Accept-Encoding"
        ],
        "x-ms-ratelimit-remaining-subscription-reads": [
          "14995"
        ],
        "x-ms-request-id": [
          "047aa4f9-fcf6-494a-b9e0-540aba29159a"
        ],
        "x-ms-correlation-request-id": [
          "047aa4f9-fcf6-494a-b9e0-540aba29159a"
        ],
        "x-ms-routing-request-id": [
          "CENTRALUS:20161206T033717Z:047aa4f9-fcf6-494a-b9e0-540aba29159a"
        ],
        "Strict-Transport-Security": [
          "max-age=31536000; includeSubDomains"
        ]
      },
      "StatusCode": 200
    },
    {
      "RequestUri": "/subscriptions/84c559c6-30a0-417c-ba06-8a2253b388c3/resourcegroups/acr_rg4076?api-version=2015-11-01",
      "EncodedRequestUri": "L3N1YnNjcmlwdGlvbnMvODRjNTU5YzYtMzBhMC00MTdjLWJhMDYtOGEyMjUzYjM4OGMzL3Jlc291cmNlZ3JvdXBzL2Fjcl9yZzQwNzY/YXBpLXZlcnNpb249MjAxNS0xMS0wMQ==",
      "RequestMethod": "PUT",
      "RequestBody": "{\r\n  \"location\": \"westus\"\r\n}",
      "RequestHeaders": {
        "Content-Type": [
          "application/json; charset=utf-8"
        ],
        "Content-Length": [
          "28"
        ],
        "x-ms-client-request-id": [
          "6d55b506-2077-42f0-b37d-58c7d7c4e8c6"
        ],
        "accept-language": [
          "en-US"
        ],
        "User-Agent": [
          "FxVersion/4.6.24410.01",
          "Microsoft.Azure.Management.Resources.ResourceManagementClient/1.0.0-preview"
        ]
      },
      "ResponseBody": "{\r\n  \"id\": \"/subscriptions/84c559c6-30a0-417c-ba06-8a2253b388c3/resourceGroups/acr_rg4076\",\r\n  \"name\": \"acr_rg4076\",\r\n  \"location\": \"westus\",\r\n  \"properties\": {\r\n    \"provisioningState\": \"Succeeded\"\r\n  }\r\n}",
      "ResponseHeaders": {
        "Content-Length": [
          "173"
        ],
        "Content-Type": [
          "application/json; charset=utf-8"
        ],
        "Expires": [
          "-1"
        ],
        "Cache-Control": [
          "no-cache"
        ],
        "Date": [
          "Tue, 06 Dec 2016 03:37:17 GMT"
        ],
        "Pragma": [
          "no-cache"
        ],
        "x-ms-ratelimit-remaining-subscription-writes": [
          "1198"
        ],
        "x-ms-request-id": [
          "9d8ac2a5-372c-41c6-8125-318345515c5c"
        ],
        "x-ms-correlation-request-id": [
          "9d8ac2a5-372c-41c6-8125-318345515c5c"
        ],
        "x-ms-routing-request-id": [
          "CENTRALUS:20161206T033717Z:9d8ac2a5-372c-41c6-8125-318345515c5c"
        ],
        "Strict-Transport-Security": [
          "max-age=31536000; includeSubDomains"
        ]
      },
      "StatusCode": 201
    },
    {
      "RequestUri": "/subscriptions/84c559c6-30a0-417c-ba06-8a2253b388c3/resourceGroups/acr_rg4076/providers/Microsoft.Storage/storageAccounts/acrstorage4358?api-version=2016-01-01",
      "EncodedRequestUri": "L3N1YnNjcmlwdGlvbnMvODRjNTU5YzYtMzBhMC00MTdjLWJhMDYtOGEyMjUzYjM4OGMzL3Jlc291cmNlR3JvdXBzL2Fjcl9yZzQwNzYvcHJvdmlkZXJzL01pY3Jvc29mdC5TdG9yYWdlL3N0b3JhZ2VBY2NvdW50cy9hY3JzdG9yYWdlNDM1OD9hcGktdmVyc2lvbj0yMDE2LTAxLTAx",
      "RequestMethod": "PUT",
      "RequestBody": "{\r\n  \"sku\": {\r\n    \"name\": \"Standard_LRS\"\r\n  },\r\n  \"kind\": \"Storage\",\r\n  \"location\": \"westus\"\r\n}",
      "RequestHeaders": {
        "Content-Type": [
          "application/json; charset=utf-8"
        ],
        "Content-Length": [
          "96"
        ],
        "x-ms-client-request-id": [
          "adc270e3-b8c3-4662-8a62-4747ade814e4"
        ],
        "accept-language": [
          "en-US"
        ],
        "User-Agent": [
          "FxVersion/4.6.24410.01",
          "Microsoft.Azure.Management.Storage.StorageManagementClient/5.0.2-preview"
        ]
      },
      "ResponseBody": "",
      "ResponseHeaders": {
        "Content-Length": [
          "0"
        ],
        "Expires": [
          "-1"
        ],
        "Cache-Control": [
          "no-cache"
        ],
        "Date": [
          "Tue, 06 Dec 2016 03:37:18 GMT"
        ],
        "Pragma": [
          "no-cache"
        ],
        "Location": [
          "https://management.azure.com/subscriptions/84c559c6-30a0-417c-ba06-8a2253b388c3/providers/Microsoft.Storage/operations/a1474d06-2e49-4acb-845d-6f314ed91a83?monitor=true&api-version=2016-01-01"
        ],
        "Retry-After": [
          "17"
        ],
        "Server": [
          "Microsoft-Azure-Storage-Resource-Provider/1.0",
          "Microsoft-HTTPAPI/2.0"
        ],
        "x-ms-ratelimit-remaining-subscription-writes": [
          "1197"
        ],
        "x-ms-request-id": [
          "8ed76558-343c-4f01-bf03-38622fca2d03"
        ],
        "x-ms-correlation-request-id": [
          "8ed76558-343c-4f01-bf03-38622fca2d03"
        ],
        "x-ms-routing-request-id": [
          "CENTRALUS:20161206T033718Z:8ed76558-343c-4f01-bf03-38622fca2d03"
        ],
        "Strict-Transport-Security": [
          "max-age=31536000; includeSubDomains"
        ]
      },
      "StatusCode": 202
    },
    {
      "RequestUri": "/subscriptions/84c559c6-30a0-417c-ba06-8a2253b388c3/providers/Microsoft.Storage/operations/a1474d06-2e49-4acb-845d-6f314ed91a83?monitor=true&api-version=2016-01-01",
      "EncodedRequestUri": "L3N1YnNjcmlwdGlvbnMvODRjNTU5YzYtMzBhMC00MTdjLWJhMDYtOGEyMjUzYjM4OGMzL3Byb3ZpZGVycy9NaWNyb3NvZnQuU3RvcmFnZS9vcGVyYXRpb25zL2ExNDc0ZDA2LTJlNDktNGFjYi04NDVkLTZmMzE0ZWQ5MWE4Mz9tb25pdG9yPXRydWUmYXBpLXZlcnNpb249MjAxNi0wMS0wMQ==",
      "RequestMethod": "GET",
      "RequestBody": "",
      "RequestHeaders": {
        "User-Agent": [
          "FxVersion/4.6.24410.01",
          "Microsoft.Azure.Management.Storage.StorageManagementClient/5.0.2-preview"
        ]
      },
      "ResponseBody": "{\r\n  \"id\": \"/subscriptions/84c559c6-30a0-417c-ba06-8a2253b388c3/resourceGroups/acr_rg4076/providers/Microsoft.Storage/storageAccounts/acrstorage4358\",\r\n  \"kind\": \"Storage\",\r\n  \"location\": \"westus\",\r\n  \"name\": \"acrstorage4358\",\r\n  \"properties\": {\r\n    \"creationTime\": \"2016-12-06T03:37:18.7771252Z\",\r\n    \"primaryEndpoints\": {\r\n      \"blob\": \"https://acrstorage4358.blob.core.windows.net/\",\r\n      \"file\": \"https://acrstorage4358.file.core.windows.net/\",\r\n      \"queue\": \"https://acrstorage4358.queue.core.windows.net/\",\r\n      \"table\": \"https://acrstorage4358.table.core.windows.net/\"\r\n    },\r\n    \"primaryLocation\": \"westus\",\r\n    \"provisioningState\": \"Succeeded\",\r\n    \"statusOfPrimary\": \"available\"\r\n  },\r\n  \"sku\": {\r\n    \"name\": \"Standard_LRS\",\r\n    \"tier\": \"Standard\"\r\n  },\r\n  \"tags\": {},\r\n  \"type\": \"Microsoft.Storage/storageAccounts\"\r\n}",
      "ResponseHeaders": {
        "Content-Type": [
          "application/json"
        ],
        "Expires": [
          "-1"
        ],
        "Cache-Control": [
          "no-cache"
        ],
        "Date": [
          "Tue, 06 Dec 2016 03:37:48 GMT"
        ],
        "Pragma": [
          "no-cache"
        ],
        "Transfer-Encoding": [
          "chunked"
        ],
        "Server": [
          "Microsoft-Azure-Storage-Resource-Provider/1.0",
          "Microsoft-HTTPAPI/2.0"
        ],
        "Vary": [
          "Accept-Encoding"
        ],
        "x-ms-request-id": [
          "83fd7018-4fff-4a13-be38-9f0dcaa6aa41"
        ],
        "x-ms-ratelimit-remaining-subscription-reads": [
          "14994"
        ],
        "x-ms-correlation-request-id": [
          "83fd7018-4fff-4a13-be38-9f0dcaa6aa41"
        ],
        "x-ms-routing-request-id": [
          "CENTRALUS:20161206T033749Z:83fd7018-4fff-4a13-be38-9f0dcaa6aa41"
        ],
        "Strict-Transport-Security": [
          "max-age=31536000; includeSubDomains"
        ]
      },
      "StatusCode": 200
    },
    {
      "RequestUri": "/subscriptions/84c559c6-30a0-417c-ba06-8a2253b388c3/resourceGroups/acr_rg4076/providers/Microsoft.Storage/storageAccounts/acrstorage4358/listKeys?api-version=2016-01-01",
      "EncodedRequestUri": "L3N1YnNjcmlwdGlvbnMvODRjNTU5YzYtMzBhMC00MTdjLWJhMDYtOGEyMjUzYjM4OGMzL3Jlc291cmNlR3JvdXBzL2Fjcl9yZzQwNzYvcHJvdmlkZXJzL01pY3Jvc29mdC5TdG9yYWdlL3N0b3JhZ2VBY2NvdW50cy9hY3JzdG9yYWdlNDM1OC9saXN0S2V5cz9hcGktdmVyc2lvbj0yMDE2LTAxLTAx",
      "RequestMethod": "POST",
      "RequestBody": "",
      "RequestHeaders": {
        "x-ms-client-request-id": [
          "a434f942-f9cc-4947-a598-a4c236a3fd4d"
        ],
        "accept-language": [
          "en-US"
        ],
        "User-Agent": [
          "FxVersion/4.6.24410.01",
          "Microsoft.Azure.Management.Storage.StorageManagementClient/5.0.2-preview"
        ]
      },
      "ResponseBody": "{\r\n  \"keys\": [\r\n    {\r\n      \"keyName\": \"key1\",\r\n      \"permissions\": \"Full\",\r\n      \"value\": \"GgBwMq3mpgeR2k9CKKZjEyEOFnBUzykemIlnVVw2GN3Z1OhFOFbQ83opRkWTdeJ1MCi7VDJR7mi40kA4/WRnDQ==\"\r\n    },\r\n    {\r\n      \"keyName\": \"key2\",\r\n      \"permissions\": \"Full\",\r\n      \"value\": \"XkpfeLlC52K+RhLOGeZ7fo7LPMbnIfF6uKuDgQnp1SNHvOzhGJBXYqjoBgEcEezmcQiGfmY6su/61dSCSW3Elw==\"\r\n    }\r\n  ]\r\n}",
      "ResponseHeaders": {
        "Content-Type": [
          "application/json"
        ],
        "Expires": [
          "-1"
        ],
        "Cache-Control": [
          "no-cache"
        ],
        "Date": [
          "Tue, 06 Dec 2016 03:37:48 GMT"
        ],
        "Pragma": [
          "no-cache"
        ],
        "Transfer-Encoding": [
          "chunked"
        ],
        "Server": [
          "Microsoft-Azure-Storage-Resource-Provider/1.0",
          "Microsoft-HTTPAPI/2.0"
        ],
        "Vary": [
          "Accept-Encoding"
        ],
        "x-ms-request-id": [
          "95956122-97ac-4fab-a76b-60ba55a912e6"
        ],
        "x-ms-ratelimit-remaining-subscription-writes": [
          "1196"
        ],
        "x-ms-correlation-request-id": [
          "95956122-97ac-4fab-a76b-60ba55a912e6"
        ],
        "x-ms-routing-request-id": [
          "CENTRALUS:20161206T033749Z:95956122-97ac-4fab-a76b-60ba55a912e6"
        ],
        "Strict-Transport-Security": [
          "max-age=31536000; includeSubDomains"
        ]
      },
      "StatusCode": 200
    },
    {
      "RequestUri": "/subscriptions/84c559c6-30a0-417c-ba06-8a2253b388c3/resourceGroups/acr_rg4076/providers/Microsoft.ContainerRegistry/registries/doesnotexist?api-version=2016-06-27-preview",
      "EncodedRequestUri": "L3N1YnNjcmlwdGlvbnMvODRjNTU5YzYtMzBhMC00MTdjLWJhMDYtOGEyMjUzYjM4OGMzL3Jlc291cmNlR3JvdXBzL2Fjcl9yZzQwNzYvcHJvdmlkZXJzL01pY3Jvc29mdC5Db250YWluZXJSZWdpc3RyeS9yZWdpc3RyaWVzL2RvZXNub3RleGlzdD9hcGktdmVyc2lvbj0yMDE2LTA2LTI3LXByZXZpZXc=",
      "RequestMethod": "DELETE",
      "RequestBody": "",
      "RequestHeaders": {
        "x-ms-client-request-id": [
          "efb6021b-b012-4eb3-bff8-48c40ef610f8"
        ],
        "accept-language": [
          "en-US"
        ],
        "User-Agent": [
          "FxVersion/4.6.24410.01",
          "Microsoft.Azure.Management.ContainerRegistry.ContainerRegistryManagementClient/1.0.0-preview"
        ]
      },
      "ResponseBody": "",
      "ResponseHeaders": {
        "Expires": [
          "-1"
        ],
        "Cache-Control": [
          "no-cache"
        ],
        "Date": [
          "Tue, 06 Dec 2016 03:37:48 GMT"
        ],
        "Pragma": [
          "no-cache"
        ],
        "x-ms-ratelimit-remaining-subscription-writes": [
          "1195"
        ],
        "x-ms-request-id": [
          "7d8545b3-5d0c-4c80-92ab-e1669fc09f3f"
        ],
        "x-ms-correlation-request-id": [
          "7d8545b3-5d0c-4c80-92ab-e1669fc09f3f"
        ],
        "x-ms-routing-request-id": [
          "CENTRALUS:20161206T033749Z:7d8545b3-5d0c-4c80-92ab-e1669fc09f3f"
        ],
        "Strict-Transport-Security": [
          "max-age=31536000; includeSubDomains"
        ]
      },
      "StatusCode": 204
    },
    {
      "RequestUri": "/subscriptions/84c559c6-30a0-417c-ba06-8a2253b388c3/resourceGroups/acr_rg4076/providers/Microsoft.ContainerRegistry/registries/acrregistry5314?api-version=2016-06-27-preview",
      "EncodedRequestUri": "L3N1YnNjcmlwdGlvbnMvODRjNTU5YzYtMzBhMC00MTdjLWJhMDYtOGEyMjUzYjM4OGMzL3Jlc291cmNlR3JvdXBzL2Fjcl9yZzQwNzYvcHJvdmlkZXJzL01pY3Jvc29mdC5Db250YWluZXJSZWdpc3RyeS9yZWdpc3RyaWVzL2FjcnJlZ2lzdHJ5NTMxND9hcGktdmVyc2lvbj0yMDE2LTA2LTI3LXByZXZpZXc=",
      "RequestMethod": "PUT",
      "RequestBody": "{\r\n  \"properties\": {\r\n    \"storageAccount\": {\r\n      \"name\": \"acrstorage4358\",\r\n      \"accessKey\": \"GgBwMq3mpgeR2k9CKKZjEyEOFnBUzykemIlnVVw2GN3Z1OhFOFbQ83opRkWTdeJ1MCi7VDJR7mi40kA4/WRnDQ==\"\r\n    }\r\n  },\r\n  \"location\": \"westus\",\r\n  \"tags\": {\r\n    \"key1\": \"value1\",\r\n    \"key2\": \"value2\"\r\n  }\r\n}",
      "RequestHeaders": {
        "Content-Type": [
          "application/json; charset=utf-8"
        ],
        "Content-Length": [
          "293"
        ],
        "x-ms-client-request-id": [
          "ffc59a20-3025-49cb-b7a9-6b8242772920"
        ],
        "accept-language": [
          "en-US"
        ],
        "User-Agent": [
          "FxVersion/4.6.24410.01",
          "Microsoft.Azure.Management.ContainerRegistry.ContainerRegistryManagementClient/1.0.0-preview"
        ]
      },
      "ResponseBody": "{\r\n  \"type\": \"Microsoft.ContainerRegistry/registries\",\r\n  \"id\": \"/subscriptions/84c559c6-30a0-417c-ba06-8a2253b388c3/resourcegroups/acr_rg4076/providers/Microsoft.ContainerRegistry/registries/acrregistry5314\",\r\n  \"name\": \"acrregistry5314\",\r\n  \"location\": \"westus\",\r\n  \"tags\": {\r\n    \"key1\": \"value1\",\r\n    \"key2\": \"value2\"\r\n  },\r\n  \"properties\": {\r\n    \"loginServer\": \"acrregistry5314-microsoft.azurecr.io\",\r\n    \"creationDate\": \"2016-12-06T03:37:50.9126491Z\",\r\n    \"adminUserEnabled\": false,\r\n    \"storageAccount\": {\r\n      \"name\": \"acrstorage4358\"\r\n    }\r\n  }\r\n}",
      "ResponseHeaders": {
        "Content-Type": [
          "application/json; charset=utf-8"
        ],
        "Expires": [
          "-1"
        ],
        "Cache-Control": [
          "no-cache"
        ],
        "Date": [
          "Tue, 06 Dec 2016 03:37:51 GMT"
        ],
        "Pragma": [
          "no-cache"
        ],
        "Transfer-Encoding": [
          "chunked"
        ],
        "Server": [
          "Microsoft-IIS/8.5"
        ],
        "Vary": [
          "Accept-Encoding"
        ],
        "X-AspNet-Version": [
          "4.0.30319"
        ],
        "X-Powered-By": [
          "ASP.NET"
        ],
        "x-ms-ratelimit-remaining-subscription-writes": [
          "1194"
        ],
        "x-ms-request-id": [
          "c03daac7-22ff-4b54-8220-d6d563b24184"
        ],
        "x-ms-correlation-request-id": [
          "c03daac7-22ff-4b54-8220-d6d563b24184"
        ],
        "x-ms-routing-request-id": [
          "CENTRALUS:20161206T033752Z:c03daac7-22ff-4b54-8220-d6d563b24184"
        ],
        "Strict-Transport-Security": [
          "max-age=31536000; includeSubDomains"
        ]
      },
      "StatusCode": 200
    },
    {
      "RequestUri": "/subscriptions/84c559c6-30a0-417c-ba06-8a2253b388c3/resourceGroups/acr_rg4076/providers/Microsoft.ContainerRegistry/registries/acrregistry5314?api-version=2016-06-27-preview",
      "EncodedRequestUri": "L3N1YnNjcmlwdGlvbnMvODRjNTU5YzYtMzBhMC00MTdjLWJhMDYtOGEyMjUzYjM4OGMzL3Jlc291cmNlR3JvdXBzL2Fjcl9yZzQwNzYvcHJvdmlkZXJzL01pY3Jvc29mdC5Db250YWluZXJSZWdpc3RyeS9yZWdpc3RyaWVzL2FjcnJlZ2lzdHJ5NTMxND9hcGktdmVyc2lvbj0yMDE2LTA2LTI3LXByZXZpZXc=",
      "RequestMethod": "DELETE",
      "RequestBody": "",
      "RequestHeaders": {
        "x-ms-client-request-id": [
          "cf81ba92-1e60-4248-9e73-f935595b40ed"
        ],
        "accept-language": [
          "en-US"
        ],
        "User-Agent": [
          "FxVersion/4.6.24410.01",
          "Microsoft.Azure.Management.ContainerRegistry.ContainerRegistryManagementClient/1.0.0-preview"
        ]
      },
      "ResponseBody": "",
      "ResponseHeaders": {
        "Content-Length": [
          "0"
        ],
        "Expires": [
          "-1"
        ],
        "Cache-Control": [
          "no-cache"
        ],
        "Date": [
          "Tue, 06 Dec 2016 03:37:52 GMT"
        ],
        "Pragma": [
          "no-cache"
        ],
        "Server": [
          "Microsoft-IIS/8.5"
        ],
        "X-AspNet-Version": [
          "4.0.30319"
        ],
        "X-Powered-By": [
          "ASP.NET"
        ],
        "x-ms-ratelimit-remaining-subscription-writes": [
          "1193"
        ],
        "x-ms-request-id": [
          "64bae69a-fae2-4d38-8632-94d8c2ec025f"
        ],
        "x-ms-correlation-request-id": [
          "64bae69a-fae2-4d38-8632-94d8c2ec025f"
        ],
        "x-ms-routing-request-id": [
          "CENTRALUS:20161206T033753Z:64bae69a-fae2-4d38-8632-94d8c2ec025f"
        ],
        "Strict-Transport-Security": [
          "max-age=31536000; includeSubDomains"
        ]
      },
      "StatusCode": 200
    },
    {
      "RequestUri": "/subscriptions/84c559c6-30a0-417c-ba06-8a2253b388c3/resourceGroups/acr_rg4076/providers/Microsoft.ContainerRegistry/registries/acrregistry5314?api-version=2016-06-27-preview",
      "EncodedRequestUri": "L3N1YnNjcmlwdGlvbnMvODRjNTU5YzYtMzBhMC00MTdjLWJhMDYtOGEyMjUzYjM4OGMzL3Jlc291cmNlR3JvdXBzL2Fjcl9yZzQwNzYvcHJvdmlkZXJzL01pY3Jvc29mdC5Db250YWluZXJSZWdpc3RyeS9yZWdpc3RyaWVzL2FjcnJlZ2lzdHJ5NTMxND9hcGktdmVyc2lvbj0yMDE2LTA2LTI3LXByZXZpZXc=",
      "RequestMethod": "DELETE",
      "RequestBody": "",
      "RequestHeaders": {
        "x-ms-client-request-id": [
          "bbfefdd2-d273-4686-ab61-c22bb932932d"
        ],
        "accept-language": [
          "en-US"
        ],
        "User-Agent": [
          "FxVersion/4.6.24410.01",
          "Microsoft.Azure.Management.ContainerRegistry.ContainerRegistryManagementClient/1.0.0-preview"
        ]
      },
      "ResponseBody": "",
      "ResponseHeaders": {
        "Expires": [
          "-1"
        ],
        "Cache-Control": [
          "no-cache"
        ],
        "Date": [
          "Tue, 06 Dec 2016 03:37:53 GMT"
        ],
        "Pragma": [
          "no-cache"
        ],
        "x-ms-ratelimit-remaining-subscription-writes": [
          "1192"
        ],
        "x-ms-request-id": [
          "3480d3f4-989e-48db-a044-223c32fe3bf3"
        ],
        "x-ms-correlation-request-id": [
          "3480d3f4-989e-48db-a044-223c32fe3bf3"
        ],
        "x-ms-routing-request-id": [
          "CENTRALUS:20161206T033753Z:3480d3f4-989e-48db-a044-223c32fe3bf3"
        ],
        "Strict-Transport-Security": [
          "max-age=31536000; includeSubDomains"
        ]
      },
      "StatusCode": 204
    }
  ],
  "Names": {
    "CreateResourceGroup": [
      "acr_rg4076"
    ],
    "CreateStorageAccount": [
      "acrstorage4358"
    ],
    "CreateContainerRegistry": [
      "acrregistry5314"
    ]
  },
  "Variables": {
    "SubscriptionId": "84c559c6-30a0-417c-ba06-8a2253b388c3"
  }
}