{
  "Entries": [
    {
      "RequestUri": "/subscriptions/84c559c6-30a0-417c-ba06-8a2253b388c3/providers/Microsoft.ContainerRegistry?api-version=2015-11-01",
      "EncodedRequestUri": "L3N1YnNjcmlwdGlvbnMvODRjNTU5YzYtMzBhMC00MTdjLWJhMDYtOGEyMjUzYjM4OGMzL3Byb3ZpZGVycy9NaWNyb3NvZnQuQ29udGFpbmVyUmVnaXN0cnk/YXBpLXZlcnNpb249MjAxNS0xMS0wMQ==",
      "RequestMethod": "GET",
      "RequestBody": "",
      "RequestHeaders": {
        "x-ms-client-request-id": [
          "1866ba67-9a7d-48d8-ad6d-e8f1927c40ee"
        ],
        "accept-language": [
          "en-US"
        ],
        "User-Agent": [
          "FxVersion/4.6.24410.01",
          "Microsoft.Azure.Management.Resources.ResourceManagementClient/1.0.0-preview"
        ]
      },
      "ResponseBody": "{\r\n  \"id\": \"/subscriptions/84c559c6-30a0-417c-ba06-8a2253b388c3/providers/Microsoft.ContainerRegistry\",\r\n  \"namespace\": \"Microsoft.ContainerRegistry\",\r\n  \"authorization\": {\r\n    \"applicationId\": \"6a0ec4d3-30cb-4a83-91c0-ae56bc0e3d26\",\r\n    \"roleDefinitionId\": \"78e18383-93eb-418a-9887-bc9271046576\"\r\n  },\r\n  \"resourceTypes\": [\r\n    {\r\n      \"resourceType\": \"registries\",\r\n      \"locations\": [\r\n        \"West US\",\r\n        \"East US\",\r\n        \"South Central US\",\r\n        \"West Central US\"\r\n      ],\r\n      \"apiVersions\": [\r\n        \"2016-06-27-preview\"\r\n      ],\r\n      \"capabilities\": \"CrossResourceGroupResourceMove, CrossSubscriptionResourceMove\"\r\n    },\r\n    {\r\n      \"resourceType\": \"registries/GetCredentials\",\r\n      \"locations\": [\r\n        \"West US\",\r\n        \"East US\",\r\n        \"South Central US\",\r\n        \"West Central US\"\r\n      ],\r\n      \"apiVersions\": [\r\n        \"2016-06-27-preview\"\r\n      ]\r\n    },\r\n    {\r\n      \"resourceType\": \"registries/regenerateCredentials\",\r\n      \"locations\": [\r\n        \"West US\",\r\n        \"East US\",\r\n        \"South Central US\",\r\n        \"West Central US\"\r\n      ],\r\n      \"apiVersions\": [\r\n        \"2016-06-27-preview\"\r\n      ]\r\n    },\r\n    {\r\n      \"resourceType\": \"checkNameAvailability\",\r\n      \"locations\": [\r\n        \"South Central US\",\r\n        \"West Central US\",\r\n        \"East US\",\r\n        \"West US\"\r\n      ],\r\n      \"apiVersions\": [\r\n        \"2016-06-27-preview\"\r\n      ]\r\n    },\r\n    {\r\n      \"resourceType\": \"swagger\",\r\n      \"locations\": [\r\n        \"South Central US\",\r\n        \"West Central US\",\r\n        \"East US\",\r\n        \"West US\"\r\n      ],\r\n      \"apiVersions\": [\r\n        \"2016-06-27-preview\"\r\n      ]\r\n    }\r\n  ],\r\n  \"registrationState\": \"Registered\"\r\n}",
      "ResponseHeaders": {
        "Content-Type": [
          "application/json; charset=utf-8"
        ],
        "Expires": [
          "-1"
        ],
        "Cache-Control": [
          "no-cache"
        ],
        "Date": [
          "Tue, 06 Dec 2016 03:37:58 GMT"
        ],
        "Pragma": [
          "no-cache"
        ],
        "Vary": [
          "Accept-Encoding"
        ],
        "x-ms-ratelimit-remaining-subscription-reads": [
          "14807"
        ],
        "x-ms-request-id": [
          "9b92e55f-6135-4483-a3be-38cb6b03d8e0"
        ],
        "x-ms-correlation-request-id": [
          "9b92e55f-6135-4483-a3be-38cb6b03d8e0"
        ],
        "x-ms-routing-request-id": [
          "WESTUS2:20161206T033758Z:9b92e55f-6135-4483-a3be-38cb6b03d8e0"
        ],
        "Strict-Transport-Security": [
          "max-age=31536000; includeSubDomains"
        ]
      },
      "StatusCode": 200
    },
    {
      "RequestUri": "/subscriptions/84c559c6-30a0-417c-ba06-8a2253b388c3/resourcegroups/acr_rg6169?api-version=2015-11-01",
      "EncodedRequestUri": "L3N1YnNjcmlwdGlvbnMvODRjNTU5YzYtMzBhMC00MTdjLWJhMDYtOGEyMjUzYjM4OGMzL3Jlc291cmNlZ3JvdXBzL2Fjcl9yZzYxNjk/YXBpLXZlcnNpb249MjAxNS0xMS0wMQ==",
      "RequestMethod": "PUT",
      "RequestBody": "{\r\n  \"location\": \"westus\"\r\n}",
      "RequestHeaders": {
        "Content-Type": [
          "application/json; charset=utf-8"
        ],
        "Content-Length": [
          "28"
        ],
        "x-ms-client-request-id": [
          "333255bb-7fb4-4ec0-b053-8da5b4359f73"
        ],
        "accept-language": [
          "en-US"
        ],
        "User-Agent": [
          "FxVersion/4.6.24410.01",
          "Microsoft.Azure.Management.Resources.ResourceManagementClient/1.0.0-preview"
        ]
      },
      "ResponseBody": "{\r\n  \"id\": \"/subscriptions/84c559c6-30a0-417c-ba06-8a2253b388c3/resourceGroups/acr_rg6169\",\r\n  \"name\": \"acr_rg6169\",\r\n  \"location\": \"westus\",\r\n  \"properties\": {\r\n    \"provisioningState\": \"Succeeded\"\r\n  }\r\n}",
      "ResponseHeaders": {
        "Content-Length": [
          "173"
        ],
        "Content-Type": [
          "application/json; charset=utf-8"
        ],
        "Expires": [
          "-1"
        ],
        "Cache-Control": [
          "no-cache"
        ],
        "Date": [
          "Tue, 06 Dec 2016 03:37:59 GMT"
        ],
        "Pragma": [
          "no-cache"
        ],
        "x-ms-ratelimit-remaining-subscription-writes": [
          "1193"
        ],
        "x-ms-request-id": [
          "02892038-3e43-4e69-a8a6-17a8bf8861cc"
        ],
        "x-ms-correlation-request-id": [
          "02892038-3e43-4e69-a8a6-17a8bf8861cc"
        ],
        "x-ms-routing-request-id": [
          "WESTUS2:20161206T033759Z:02892038-3e43-4e69-a8a6-17a8bf8861cc"
        ],
        "Strict-Transport-Security": [
          "max-age=31536000; includeSubDomains"
        ]
      },
      "StatusCode": 201
    },
    {
      "RequestUri": "/subscriptions/84c559c6-30a0-417c-ba06-8a2253b388c3/resourceGroups/acr_rg6169/providers/Microsoft.Storage/storageAccounts/acrstorage1690?api-version=2016-01-01",
      "EncodedRequestUri": "L3N1YnNjcmlwdGlvbnMvODRjNTU5YzYtMzBhMC00MTdjLWJhMDYtOGEyMjUzYjM4OGMzL3Jlc291cmNlR3JvdXBzL2Fjcl9yZzYxNjkvcHJvdmlkZXJzL01pY3Jvc29mdC5TdG9yYWdlL3N0b3JhZ2VBY2NvdW50cy9hY3JzdG9yYWdlMTY5MD9hcGktdmVyc2lvbj0yMDE2LTAxLTAx",
      "RequestMethod": "PUT",
      "RequestBody": "{\r\n  \"sku\": {\r\n    \"name\": \"Standard_LRS\"\r\n  },\r\n  \"kind\": \"Storage\",\r\n  \"location\": \"westus\"\r\n}",
      "RequestHeaders": {
        "Content-Type": [
          "application/json; charset=utf-8"
        ],
        "Content-Length": [
          "96"
        ],
        "x-ms-client-request-id": [
          "c92e8021-5d9b-4c94-b3a2-a08290275a8a"
        ],
        "accept-language": [
          "en-US"
        ],
        "User-Agent": [
          "FxVersion/4.6.24410.01",
          "Microsoft.Azure.Management.Storage.StorageManagementClient/5.0.2-preview"
        ]
      },
      "ResponseBody": "",
      "ResponseHeaders": {
        "Content-Length": [
          "0"
        ],
        "Expires": [
          "-1"
        ],
        "Cache-Control": [
          "no-cache"
        ],
        "Date": [
          "Tue, 06 Dec 2016 03:37:59 GMT"
        ],
        "Pragma": [
          "no-cache"
        ],
        "Location": [
          "https://management.azure.com/subscriptions/84c559c6-30a0-417c-ba06-8a2253b388c3/providers/Microsoft.Storage/operations/e566bacb-2d82-44a1-a421-e8e86eb624c5?monitor=true&api-version=2016-01-01"
        ],
        "Retry-After": [
          "17"
        ],
        "Server": [
          "Microsoft-Azure-Storage-Resource-Provider/1.0",
          "Microsoft-HTTPAPI/2.0"
        ],
        "x-ms-ratelimit-remaining-subscription-writes": [
          "1192"
        ],
        "x-ms-request-id": [
          "d68d041b-c456-4ac9-bb62-e7460be2ea8a"
        ],
        "x-ms-correlation-request-id": [
          "d68d041b-c456-4ac9-bb62-e7460be2ea8a"
        ],
        "x-ms-routing-request-id": [
          "WESTUS2:20161206T033800Z:d68d041b-c456-4ac9-bb62-e7460be2ea8a"
        ],
        "Strict-Transport-Security": [
          "max-age=31536000; includeSubDomains"
        ]
      },
      "StatusCode": 202
    },
    {
      "RequestUri": "/subscriptions/84c559c6-30a0-417c-ba06-8a2253b388c3/providers/Microsoft.Storage/operations/e566bacb-2d82-44a1-a421-e8e86eb624c5?monitor=true&api-version=2016-01-01",
      "EncodedRequestUri": "L3N1YnNjcmlwdGlvbnMvODRjNTU5YzYtMzBhMC00MTdjLWJhMDYtOGEyMjUzYjM4OGMzL3Byb3ZpZGVycy9NaWNyb3NvZnQuU3RvcmFnZS9vcGVyYXRpb25zL2U1NjZiYWNiLTJkODItNDRhMS1hNDIxLWU4ZTg2ZWI2MjRjNT9tb25pdG9yPXRydWUmYXBpLXZlcnNpb249MjAxNi0wMS0wMQ==",
      "RequestMethod": "GET",
      "RequestBody": "",
      "RequestHeaders": {
        "User-Agent": [
          "FxVersion/4.6.24410.01",
          "Microsoft.Azure.Management.Storage.StorageManagementClient/5.0.2-preview"
        ]
      },
      "ResponseBody": "{\r\n  \"id\": \"/subscriptions/84c559c6-30a0-417c-ba06-8a2253b388c3/resourceGroups/acr_rg6169/providers/Microsoft.Storage/storageAccounts/acrstorage1690\",\r\n  \"kind\": \"Storage\",\r\n  \"location\": \"westus\",\r\n  \"name\": \"acrstorage1690\",\r\n  \"properties\": {\r\n    \"creationTime\": \"2016-12-06T03:38:00.1590353Z\",\r\n    \"primaryEndpoints\": {\r\n      \"blob\": \"https://acrstorage1690.blob.core.windows.net/\",\r\n      \"file\": \"https://acrstorage1690.file.core.windows.net/\",\r\n      \"queue\": \"https://acrstorage1690.queue.core.windows.net/\",\r\n      \"table\": \"https://acrstorage1690.table.core.windows.net/\"\r\n    },\r\n    \"primaryLocation\": \"westus\",\r\n    \"provisioningState\": \"Succeeded\",\r\n    \"statusOfPrimary\": \"available\"\r\n  },\r\n  \"sku\": {\r\n    \"name\": \"Standard_LRS\",\r\n    \"tier\": \"Standard\"\r\n  },\r\n  \"tags\": {},\r\n  \"type\": \"Microsoft.Storage/storageAccounts\"\r\n}",
      "ResponseHeaders": {
        "Content-Type": [
          "application/json"
        ],
        "Expires": [
          "-1"
        ],
        "Cache-Control": [
          "no-cache"
        ],
        "Date": [
          "Tue, 06 Dec 2016 03:38:30 GMT"
        ],
        "Pragma": [
          "no-cache"
        ],
        "Transfer-Encoding": [
          "chunked"
        ],
        "Server": [
          "Microsoft-Azure-Storage-Resource-Provider/1.0",
          "Microsoft-HTTPAPI/2.0"
        ],
        "Vary": [
          "Accept-Encoding"
        ],
        "x-ms-request-id": [
          "5cb7fa9b-cade-4ab6-bdde-3e34a5d1242e"
        ],
        "x-ms-ratelimit-remaining-subscription-reads": [
          "14805"
        ],
        "x-ms-correlation-request-id": [
          "5cb7fa9b-cade-4ab6-bdde-3e34a5d1242e"
        ],
        "x-ms-routing-request-id": [
          "WESTUS2:20161206T033830Z:5cb7fa9b-cade-4ab6-bdde-3e34a5d1242e"
        ],
        "Strict-Transport-Security": [
          "max-age=31536000; includeSubDomains"
        ]
      },
      "StatusCode": 200
    },
    {
      "RequestUri": "/subscriptions/84c559c6-30a0-417c-ba06-8a2253b388c3/resourceGroups/acr_rg6169/providers/Microsoft.Storage/storageAccounts/acrstorage1690/listKeys?api-version=2016-01-01",
      "EncodedRequestUri": "L3N1YnNjcmlwdGlvbnMvODRjNTU5YzYtMzBhMC00MTdjLWJhMDYtOGEyMjUzYjM4OGMzL3Jlc291cmNlR3JvdXBzL2Fjcl9yZzYxNjkvcHJvdmlkZXJzL01pY3Jvc29mdC5TdG9yYWdlL3N0b3JhZ2VBY2NvdW50cy9hY3JzdG9yYWdlMTY5MC9saXN0S2V5cz9hcGktdmVyc2lvbj0yMDE2LTAxLTAx",
      "RequestMethod": "POST",
      "RequestBody": "",
      "RequestHeaders": {
        "x-ms-client-request-id": [
          "3ceeee08-177b-4147-b76d-3ef7511eb555"
        ],
        "accept-language": [
          "en-US"
        ],
        "User-Agent": [
          "FxVersion/4.6.24410.01",
          "Microsoft.Azure.Management.Storage.StorageManagementClient/5.0.2-preview"
        ]
      },
      "ResponseBody": "{\r\n  \"keys\": [\r\n    {\r\n      \"keyName\": \"key1\",\r\n      \"permissions\": \"Full\",\r\n      \"value\": \"lU2y7aKcUUbuUQwCys6OsF2+Nwf343r93dHsAr2kexwj70f80CH01ugRGPZJYMv0c4YCKSocqVaw6Do82bdEeQ==\"\r\n    },\r\n    {\r\n      \"keyName\": \"key2\",\r\n      \"permissions\": \"Full\",\r\n      \"value\": \"cNCpCQNalwwqdJnNgho1N7ocfK8I2DzaamOs2Z3zjZokeFoQK4OQD3y/S7yPWWcXHKGZPg+G+pOEMdWU1Yph3A==\"\r\n    }\r\n  ]\r\n}",
      "ResponseHeaders": {
        "Content-Type": [
          "application/json"
        ],
        "Expires": [
          "-1"
        ],
        "Cache-Control": [
          "no-cache"
        ],
        "Date": [
          "Tue, 06 Dec 2016 03:38:30 GMT"
        ],
        "Pragma": [
          "no-cache"
        ],
        "Transfer-Encoding": [
          "chunked"
        ],
        "Server": [
          "Microsoft-Azure-Storage-Resource-Provider/1.0",
          "Microsoft-HTTPAPI/2.0"
        ],
        "Vary": [
          "Accept-Encoding"
        ],
        "x-ms-request-id": [
          "69c10ea9-fb07-445c-8f05-9a6e62060eb5"
        ],
        "x-ms-ratelimit-remaining-subscription-writes": [
          "1191"
        ],
        "x-ms-correlation-request-id": [
          "69c10ea9-fb07-445c-8f05-9a6e62060eb5"
        ],
        "x-ms-routing-request-id": [
          "WESTUS2:20161206T033830Z:69c10ea9-fb07-445c-8f05-9a6e62060eb5"
        ],
        "Strict-Transport-Security": [
          "max-age=31536000; includeSubDomains"
        ]
      },
      "StatusCode": 200
    },
    {
      "RequestUri": "/subscriptions/84c559c6-30a0-417c-ba06-8a2253b388c3/resourceGroups/acr_rg6169/providers/Microsoft.ContainerRegistry/registries/acrregistry5570?api-version=2016-06-27-preview",
      "EncodedRequestUri": "L3N1YnNjcmlwdGlvbnMvODRjNTU5YzYtMzBhMC00MTdjLWJhMDYtOGEyMjUzYjM4OGMzL3Jlc291cmNlR3JvdXBzL2Fjcl9yZzYxNjkvcHJvdmlkZXJzL01pY3Jvc29mdC5Db250YWluZXJSZWdpc3RyeS9yZWdpc3RyaWVzL2FjcnJlZ2lzdHJ5NTU3MD9hcGktdmVyc2lvbj0yMDE2LTA2LTI3LXByZXZpZXc=",
      "RequestMethod": "PUT",
      "RequestBody": "{\r\n  \"properties\": {\r\n    \"storageAccount\": {\r\n      \"name\": \"acrstorage1690\",\r\n      \"accessKey\": \"lU2y7aKcUUbuUQwCys6OsF2+Nwf343r93dHsAr2kexwj70f80CH01ugRGPZJYMv0c4YCKSocqVaw6Do82bdEeQ==\"\r\n    }\r\n  },\r\n  \"location\": \"westus\",\r\n  \"tags\": {\r\n    \"key1\": \"value1\",\r\n    \"key2\": \"value2\"\r\n  }\r\n}",
      "RequestHeaders": {
        "Content-Type": [
          "application/json; charset=utf-8"
        ],
        "Content-Length": [
          "293"
        ],
        "x-ms-client-request-id": [
          "aef44cc4-93e0-4553-9066-486e09d309a0"
        ],
        "accept-language": [
          "en-US"
        ],
        "User-Agent": [
          "FxVersion/4.6.24410.01",
          "Microsoft.Azure.Management.ContainerRegistry.ContainerRegistryManagementClient/1.0.0-preview"
        ]
      },
      "ResponseBody": "{\r\n  \"type\": \"Microsoft.ContainerRegistry/registries\",\r\n  \"id\": \"/subscriptions/84c559c6-30a0-417c-ba06-8a2253b388c3/resourcegroups/acr_rg6169/providers/Microsoft.ContainerRegistry/registries/acrregistry5570\",\r\n  \"name\": \"acrregistry5570\",\r\n  \"location\": \"westus\",\r\n  \"tags\": {\r\n    \"key1\": \"value1\",\r\n    \"key2\": \"value2\"\r\n  },\r\n  \"properties\": {\r\n    \"loginServer\": \"acrregistry5570-microsoft.azurecr.io\",\r\n    \"creationDate\": \"2016-12-06T03:38:32.1073488Z\",\r\n    \"adminUserEnabled\": false,\r\n    \"storageAccount\": {\r\n      \"name\": \"acrstorage1690\"\r\n    }\r\n  }\r\n}",
      "ResponseHeaders": {
        "Content-Type": [
          "application/json; charset=utf-8"
        ],
        "Expires": [
          "-1"
        ],
        "Cache-Control": [
          "no-cache"
        ],
        "Date": [
          "Tue, 06 Dec 2016 03:38:33 GMT"
        ],
        "Pragma": [
          "no-cache"
        ],
        "Transfer-Encoding": [
          "chunked"
        ],
        "Server": [
          "Microsoft-IIS/8.5"
        ],
        "Vary": [
          "Accept-Encoding"
        ],
        "X-AspNet-Version": [
          "4.0.30319"
        ],
        "X-Powered-By": [
          "ASP.NET"
        ],
        "x-ms-ratelimit-remaining-subscription-writes": [
          "1190"
        ],
        "x-ms-request-id": [
          "5fa40ef7-4be3-47d1-924a-f8a8b795a36c"
        ],
        "x-ms-correlation-request-id": [
          "5fa40ef7-4be3-47d1-924a-f8a8b795a36c"
        ],
        "x-ms-routing-request-id": [
          "WESTUS2:20161206T033833Z:5fa40ef7-4be3-47d1-924a-f8a8b795a36c"
        ],
        "Strict-Transport-Security": [
          "max-age=31536000; includeSubDomains"
        ]
      },
      "StatusCode": 200
    },
    {
      "RequestUri": "/subscriptions/84c559c6-30a0-417c-ba06-8a2253b388c3/resourceGroups/acr_rg6169/providers/Microsoft.ContainerRegistry/registries/acrregistry1542?api-version=2016-06-27-preview",
      "EncodedRequestUri": "L3N1YnNjcmlwdGlvbnMvODRjNTU5YzYtMzBhMC00MTdjLWJhMDYtOGEyMjUzYjM4OGMzL3Jlc291cmNlR3JvdXBzL2Fjcl9yZzYxNjkvcHJvdmlkZXJzL01pY3Jvc29mdC5Db250YWluZXJSZWdpc3RyeS9yZWdpc3RyaWVzL2FjcnJlZ2lzdHJ5MTU0Mj9hcGktdmVyc2lvbj0yMDE2LTA2LTI3LXByZXZpZXc=",
      "RequestMethod": "PUT",
      "RequestBody": "{\r\n  \"properties\": {\r\n    \"adminUserEnabled\": true,\r\n    \"storageAccount\": {\r\n      \"name\": \"acrstorage1690\",\r\n      \"accessKey\": \"lU2y7aKcUUbuUQwCys6OsF2+Nwf343r93dHsAr2kexwj70f80CH01ugRGPZJYMv0c4YCKSocqVaw6Do82bdEeQ==\"\r\n    }\r\n  },\r\n  \"location\": \"westus\",\r\n  \"tags\": {\r\n    \"key1\": \"value1\",\r\n    \"key2\": \"value2\"\r\n  }\r\n}",
      "RequestHeaders": {
        "Content-Type": [
          "application/json; charset=utf-8"
        ],
        "Content-Length": [
          "324"
        ],
        "x-ms-client-request-id": [
          "90dc8ca9-03b0-4d6a-b1ca-f3c1a8cc0531"
        ],
        "accept-language": [
          "en-US"
        ],
        "User-Agent": [
          "FxVersion/4.6.24410.01",
          "Microsoft.Azure.Management.ContainerRegistry.ContainerRegistryManagementClient/1.0.0-preview"
        ]
      },
      "ResponseBody": "{\r\n  \"type\": \"Microsoft.ContainerRegistry/registries\",\r\n  \"id\": \"/subscriptions/84c559c6-30a0-417c-ba06-8a2253b388c3/resourcegroups/acr_rg6169/providers/Microsoft.ContainerRegistry/registries/acrregistry1542\",\r\n  \"name\": \"acrregistry1542\",\r\n  \"location\": \"westus\",\r\n  \"tags\": {\r\n    \"key1\": \"value1\",\r\n    \"key2\": \"value2\"\r\n  },\r\n  \"properties\": {\r\n    \"loginServer\": \"acrregistry1542-microsoft.azurecr.io\",\r\n    \"creationDate\": \"2016-12-06T03:38:34.2434505Z\",\r\n    \"adminUserEnabled\": true,\r\n    \"storageAccount\": {\r\n      \"name\": \"acrstorage1690\"\r\n    }\r\n  }\r\n}",
      "ResponseHeaders": {
        "Content-Type": [
          "application/json; charset=utf-8"
        ],
        "Expires": [
          "-1"
        ],
        "Cache-Control": [
          "no-cache"
        ],
        "Date": [
          "Tue, 06 Dec 2016 03:38:35 GMT"
        ],
        "Pragma": [
          "no-cache"
        ],
        "Transfer-Encoding": [
          "chunked"
        ],
        "Server": [
          "Microsoft-IIS/8.5"
        ],
        "Vary": [
          "Accept-Encoding"
        ],
        "X-AspNet-Version": [
          "4.0.30319"
        ],
        "X-Powered-By": [
          "ASP.NET"
        ],
        "x-ms-ratelimit-remaining-subscription-writes": [
          "1189"
        ],
        "x-ms-request-id": [
          "9b5efed6-9ded-4860-829b-d72f18a3dd3c"
        ],
        "x-ms-correlation-request-id": [
          "9b5efed6-9ded-4860-829b-d72f18a3dd3c"
        ],
        "x-ms-routing-request-id": [
          "WESTUS2:20161206T033835Z:9b5efed6-9ded-4860-829b-d72f18a3dd3c"
        ],
        "Strict-Transport-Security": [
          "max-age=31536000; includeSubDomains"
        ]
      },
      "StatusCode": 200
    }
  ],
  "Names": {
    "CreateResourceGroup": [
      "acr_rg6169"
    ],
    "CreateStorageAccount": [
      "acrstorage1690"
    ],
    "ContainerRegistryCreateTest": [
      "acrregistry5570",
      "acrregistry1542"
    ]
  },
  "Variables": {
    "SubscriptionId": "84c559c6-30a0-417c-ba06-8a2253b388c3"
  }
}