{
  "Entries": [
    {
      "RequestUri": "https://sanitized.skype.com/identities?api-version=2021-03-07",
      "RequestMethod": "POST",
      "RequestHeaders": {
        "Accept": "application/json",
        "Authorization": "Sanitized",
        "Connection": "keep-alive",
        "Content-Length": "2",
        "Content-Type": "application/json",
        "traceparent": "00-a39bc7e822ec08479ce3d264cc851652-fcef189646e23f49-00",
        "User-Agent": "azsdk-net-Communication.Identity/1.2.0-alpha.20220822.1 (.NET Framework 4.8.4510.0; Microsoft Windows 10.0.19044 )",
        "x-ms-client-request-id": "4f6b2181f2d7029d64e39d007804f244",
        "x-ms-content-sha256": "Sanitized",
        "x-ms-date": "Tue, 23 Aug 2022 22:26:38 GMT",
        "x-ms-return-client-request-id": "true"
      },
      "RequestBody": {},
      "StatusCode": 201,
      "ResponseHeaders": {
        "api-supported-versions": "2020-07-20-preview2, 2021-02-22-preview1, 2021-03-07, 2021-10-31-preview, 2021-11-01, 2022-06-01",
        "Content-Length": "31",
        "Content-Type": "application/json; charset=utf-8",
        "Date": "Tue, 23 Aug 2022 22:26:39 GMT",
        "MS-CV": "W1wEAR4Kwk6HwxU2GnFpkA.0",
        "Request-Context": "appId=",
        "Strict-Transport-Security": "max-age=2592000",
        "X-Azure-Ref": "0H1QFYwAAAAAOuRkUtu9yRaJrhBk1EANuWVZSMzExMDAwMTE2MDMxADlmYzdiNTE5LWE4Y2MtNGY4OS05MzVlLWM5MTQ4YWUwOWU4MQ==",
        "X-Cache": "CONFIG_NOCACHE",
        "x-ms-client-request-id": "4f6b2181f2d7029d64e39d007804f244",
        "X-Processing-Time": "137ms"
      },
      "ResponseBody": {
        "identity": {
          "id": "Sanitized"
        }
      }
    },
    {
      "RequestUri": "https://sanitized.skype.com/calling/callConnections?api-version=2022-04-07-preview",
      "RequestMethod": "POST",
      "RequestHeaders": {
        "Accept": "application/json",
        "Authorization": "Sanitized",
        "Content-Length": "393",
        "Content-Type": "application/json",
        "traceparent": "00-18bde0c8a1ef0c479579a25cc1f26124-55f1343caa846d4a-00",
        "User-Agent": "azsdk-net-Communication.CallingServer/1.0.0-alpha.20220823.1 (.NET Framework 4.8.4510.0; Microsoft Windows 10.0.19044 )",
        "x-ms-client-request-id": "c27fb92f9d3dbaf6fa8a82b1ed3d7758",
        "x-ms-content-sha256": "Sanitized",
        "x-ms-date": "Tue, 23 Aug 2022 22:26:39 GMT",
        "x-ms-return-client-request-id": "true"
      },
      "RequestBody": {
        "targets": [
          {
            "rawId": "Sanitized",
            "communicationUser": {
              "id": "Sanitized"
            }
          },
          {
            "rawId": "Sanitized",
            "communicationUser": {
              "id": "Sanitized"
            }
          },
          {
            "rawId": "Sanitized",
            "phoneNumber": {
              "value": "Sanitized"
            }
          }
        ],
        "source": {
          "callerId": {
            "value": "Sanitized"
          },
          "identifier": {
            "rawId": "Sanitized",
            "communicationUser": {
              "id": "Sanitized"
            }
          }
        },
        "callbackUri": "https://dummy.ngrok.io/api/incident/callback?SecretKey=helloworld"
      },
      "StatusCode": 201,
      "ResponseHeaders": {
        "Content-Length": "649",
        "Content-Type": "application/json; charset=utf-8",
        "Date": "Tue, 23 Aug 2022 22:26:39 GMT",
        "X-Azure-Ref": "0H1QFYwAAAABYlfIQrL3DRKXbZqP8duYgWVZSMzExMDAwMTE2MDMxADlmYzdiNTE5LWE4Y2MtNGY4OS05MzVlLWM5MTQ4YWUwOWU4MQ==",
        "X-Cache": "CONFIG_NOCACHE",
        "X-Microsoft-Skype-Chain-ID": "4c74322c-1c75-4281-bcd3-88728a4464d6",
        "x-ms-client-request-id": "c27fb92f9d3dbaf6fa8a82b1ed3d7758"
      },
      "ResponseBody": {
        "callConnectionId": "421f3500-9afc-4f40-a7d5-8a40dda11415",
        "source": {
          "callerId": {
            "value": "Sanitized"
          },
          "identifier": {
            "rawId": "Sanitized",
            "kind": "communicationUser",
            "communicationUser": {
              "id": "Sanitized"
            }
          }
        },
        "targets": [
          {
            "rawId": "Sanitized",
            "kind": "communicationUser",
            "communicationUser": {
              "id": "Sanitized"
            }
          },
          {
            "rawId": "Sanitized",
            "kind": "communicationUser",
            "communicationUser": {
              "id": "Sanitized"
            }
          },
          {
            "rawId": "Sanitized",
            "kind": "phoneNumber",
            "phoneNumber": {
              "value": "Sanitized"
            }
          }
        ],
        "callConnectionState": "connecting",
        "callbackUri": "https://dummy.ngrok.io/api/incident/callback?SecretKey=helloworld",
        "mediaSubscriptionId": "4978e62b-9427-4476-9220-c9dc350a4d6e"
      }
    },
    {
      "RequestUri": "https://sanitized.skype.com/calling/callConnections/421f3500-9afc-4f40-a7d5-8a40dda11415?api-version=2022-04-07-preview",
      "RequestMethod": "GET",
      "RequestHeaders": {
        "Accept": "application/json",
        "Authorization": "Sanitized",
        "User-Agent": "azsdk-net-Communication.CallingServer/1.0.0-alpha.20220823.1 (.NET Framework 4.8.4510.0; Microsoft Windows 10.0.19044 )",
        "x-ms-client-request-id": "9331ec734d8c6c03eef414b30f757359",
        "x-ms-content-sha256": "Sanitized",
        "x-ms-date": "Tue, 23 Aug 2022 22:26:49 GMT",
        "x-ms-return-client-request-id": "true"
      },
      "RequestBody": null,
      "StatusCode": 200,
      "ResponseHeaders": {
        "Content-Length": "858",
        "Content-Type": "application/json; charset=utf-8",
        "Date": "Tue, 23 Aug 2022 22:26:50 GMT",
        "X-Azure-Ref": "0KlQFYwAAAAAKqs3m7kfpQo5xiBmKygMZWVZSMzExMDAwMTE2MDMxADlmYzdiNTE5LWE4Y2MtNGY4OS05MzVlLWM5MTQ4YWUwOWU4MQ==",
        "X-Cache": "CONFIG_NOCACHE",
        "X-Microsoft-Skype-Chain-ID": "4c74322c-1c75-4281-bcd3-88728a4464d6",
        "x-ms-client-request-id": "9331ec734d8c6c03eef414b30f757359"
      },
      "ResponseBody": {
        "callConnectionId": "421f3500-9afc-4f40-a7d5-8a40dda11415",
        "serverCallId": "aHR0cHM6Ly9hcGkuZmxpZ2h0cHJveHkuc2t5cGUuY29tL2FwaS92Mi9jcC9jb252LXVzd2UtMDEtc2RmLWFrcy5jb252LnNreXBlLmNvbS9jb252LzdfVUptVURGVjBPRXpydHN3eXhPRFE/aT0xMC02MC0wLTI1NSZlPTYzNzk2ODcwNDg3NTkyMTQ1NA==",
        "source": {
          "callerId": {
            "value": "Sanitized"
          },
          "identifier": {
            "rawId": "Sanitized",
            "kind": "communicationUser",
            "communicationUser": {
              "id": "Sanitized"
            }
          }
        },
        "targets": [
          {
            "rawId": "Sanitized",
            "kind": "communicationUser",
            "communicationUser": {
              "id": "Sanitized"
            }
          },
          {
            "rawId": "Sanitized",
            "kind": "communicationUser",
            "communicationUser": {
              "id": "Sanitized"
            }
          },
          {
            "rawId": "Sanitized",
            "kind": "phoneNumber",
            "phoneNumber": {
              "value": "Sanitized"
            }
          }
        ],
        "callConnectionState": "connected",
        "callbackUri": "https://dummy.ngrok.io/api/incident/callback?SecretKey=helloworld",
        "mediaSubscriptionId": "4978e62b-9427-4476-9220-c9dc350a4d6e"
      }
    },
    {
      "RequestUri": "https://sanitized.skype.com/calling/callConnections/421f3500-9afc-4f40-a7d5-8a40dda11415/participants?api-version=2022-04-07-preview",
      "RequestMethod": "GET",
      "RequestHeaders": {
        "Accept": "application/json",
        "Authorization": "Sanitized",
        "User-Agent": "azsdk-net-Communication.CallingServer/1.0.0-alpha.20220823.1 (.NET Framework 4.8.4510.0; Microsoft Windows 10.0.19044 )",
        "x-ms-client-request-id": "b7d48619a13ae3c92ab1554d70eb1527",
        "x-ms-content-sha256": "Sanitized",
        "x-ms-date": "Tue, 23 Aug 2022 22:26:55 GMT",
        "x-ms-return-client-request-id": "true"
      },
      "RequestBody": null,
      "StatusCode": 200,
      "ResponseHeaders": {
        "Content-Length": "479",
        "Content-Type": "application/json; charset=utf-8",
        "Date": "Tue, 23 Aug 2022 22:26:55 GMT",
        "X-Azure-Ref": "0L1QFYwAAAAC1sSviWgRhSa6Tjgpf/jOUWVZSMzExMDAwMTE2MDMxADlmYzdiNTE5LWE4Y2MtNGY4OS05MzVlLWM5MTQ4YWUwOWU4MQ==",
        "X-Cache": "CONFIG_NOCACHE",
        "X-Microsoft-Skype-Chain-ID": "4c74322c-1c75-4281-bcd3-88728a4464d6",
        "x-ms-client-request-id": "b7d48619a13ae3c92ab1554d70eb1527"
      },
      "ResponseBody": {
        "values": [
          {
            "identifier": {
              "rawId": "Sanitized",
              "kind": "phoneNumber",
              "phoneNumber": {
                "value": "Sanitized"
              }
            },
            "isMuted": false
          },
          {
            "identifier": {
              "rawId": "Sanitized",
              "kind": "communicationUser",
              "communicationUser": {
                "id": "Sanitized"
              }
            },
            "isMuted": false
          },
          {
            "identifier": {
              "rawId": "Sanitized",
              "kind": "communicationUser",
              "communicationUser": {
                "id": "Sanitized"
              }
            },
            "isMuted": false
          },
          {
            "identifier": {
              "rawId": "Sanitized",
              "kind": "communicationUser",
              "communicationUser": {
                "id": "Sanitized"
              }
            },
            "isMuted": false
          }
        ]
      }
    },
    {
      "RequestUri": "https://sanitized.skype.com/calling/callConnections/421f3500-9afc-4f40-a7d5-8a40dda11415/participants:remove?api-version=2022-04-07-preview",
      "RequestMethod": "POST",
      "RequestHeaders": {
        "Accept": "application/json",
        "Authorization": "Sanitized",
        "Content-Length": "145",
        "Content-Type": "application/json",
        "User-Agent": "azsdk-net-Communication.CallingServer/1.0.0-alpha.20220823.1 (.NET Framework 4.8.4510.0; Microsoft Windows 10.0.19044 )",
        "x-ms-client-request-id": "8c8c456c5ed3e2b8b512d3488843aa84",
        "x-ms-content-sha256": "Sanitized",
        "x-ms-date": "Tue, 23 Aug 2022 22:27:01 GMT",
        "x-ms-return-client-request-id": "true"
      },
      "RequestBody": {
        "participantsToRemove": [
          {
            "rawId": "Sanitized",
            "communicationUser": {
              "id": "Sanitized"
            }
          },
          {
            "rawId": "Sanitized",
            "phoneNumber": {
              "value": "Sanitized"
            }
          }
        ]
      },
      "StatusCode": 202,
      "ResponseHeaders": {
        "Content-Length": "2",
        "Content-Type": "application/json; charset=utf-8",
        "Date": "Tue, 23 Aug 2022 22:27:01 GMT",
        "X-Azure-Ref": "0NVQFYwAAAABMh0h6MU6ZRajhNu1gY\u002ByHWVZSMzExMDAwMTE2MDMxADlmYzdiNTE5LWE4Y2MtNGY4OS05MzVlLWM5MTQ4YWUwOWU4MQ==",
        "X-Cache": "CONFIG_NOCACHE",
        "X-Microsoft-Skype-Chain-ID": "4c74322c-1c75-4281-bcd3-88728a4464d6",
        "x-ms-client-request-id": "8c8c456c5ed3e2b8b512d3488843aa84"
      },
      "ResponseBody": {}
    },
    {
      "RequestUri": "https://sanitized.skype.com/calling/callConnections/421f3500-9afc-4f40-a7d5-8a40dda11415/participants?api-version=2022-04-07-preview",
      "RequestMethod": "GET",
      "RequestHeaders": {
        "Accept": "application/json",
        "Authorization": "Sanitized",
        "User-Agent": "azsdk-net-Communication.CallingServer/1.0.0-alpha.20220823.1 (.NET Framework 4.8.4510.0; Microsoft Windows 10.0.19044 )",
        "x-ms-client-request-id": "66982817bf68d11e234e68daf7b6fc03",
        "x-ms-content-sha256": "Sanitized",
        "x-ms-date": "Tue, 23 Aug 2022 22:27:15 GMT",
        "x-ms-return-client-request-id": "true"
      },
      "RequestBody": null,
      "StatusCode": 200,
      "ResponseHeaders": {
        "Content-Length": "250",
        "Content-Type": "application/json; charset=utf-8",
        "Date": "Tue, 23 Aug 2022 22:27:15 GMT",
        "X-Azure-Ref": "0Q1QFYwAAAACncLYTcbhDS4k0z/rnXTu4WVZSMzExMDAwMTE2MDMxADlmYzdiNTE5LWE4Y2MtNGY4OS05MzVlLWM5MTQ4YWUwOWU4MQ==",
        "X-Cache": "CONFIG_NOCACHE",
        "X-Microsoft-Skype-Chain-ID": "4c74322c-1c75-4281-bcd3-88728a4464d6",
        "x-ms-client-request-id": "66982817bf68d11e234e68daf7b6fc03"
      },
      "ResponseBody": {
        "values": [
          {
            "identifier": {
              "rawId": "Sanitized",
              "kind": "communicationUser",
              "communicationUser": {
                "id": "Sanitized"
              }
            },
            "isMuted": false
          },
          {
            "identifier": {
              "rawId": "Sanitized",
              "kind": "communicationUser",
              "communicationUser": {
                "id": "Sanitized"
              }
            },
            "isMuted": false
          }
        ]
      }
    },
    {
      "RequestUri": "https://sanitized.skype.com/calling/callConnections/421f3500-9afc-4f40-a7d5-8a40dda11415:terminate?api-version=2022-04-07-preview",
      "RequestMethod": "POST",
      "RequestHeaders": {
        "Authorization": "Sanitized",
        "Content-Length": "0",
        "User-Agent": "azsdk-net-Communication.CallingServer/1.0.0-alpha.20220823.1 (.NET Framework 4.8.4510.0; Microsoft Windows 10.0.19044 )",
        "x-ms-client-request-id": "ca46eddfe6e8bb86cef20127ce805ae7",
        "x-ms-content-sha256": "Sanitized",
        "x-ms-date": "Tue, 23 Aug 2022 22:27:15 GMT",
        "x-ms-return-client-request-id": "true"
      },
      "RequestBody": null,
      "StatusCode": 204,
      "ResponseHeaders": {
        "Date": "Tue, 23 Aug 2022 22:27:15 GMT",
        "X-Azure-Ref": "0Q1QFYwAAAABXxrc0yE7eQ4h6MCgEY5o0WVZSMzExMDAwMTE2MDMxADlmYzdiNTE5LWE4Y2MtNGY4OS05MzVlLWM5MTQ4YWUwOWU4MQ==",
        "X-Cache": "CONFIG_NOCACHE",
        "X-Microsoft-Skype-Chain-ID": "4c74322c-1c75-4281-bcd3-88728a4464d6",
        "x-ms-client-request-id": "ca46eddfe6e8bb86cef20127ce805ae7"
      },
      "ResponseBody": null
    }
  ],
  "Variables": {
    "ANOTHER_TARGET_USER_ID": "8:acs:82e890fc-188a-4b67-bb7d-deff073d7d1e_0000000e-9f82-b5db-eef0-8b3a0d000839",
    "AZURE_PHONE_NUMBER": "\u002B18771234567",
    "COMMUNICATION_LIVETEST_STATIC_CONNECTION_STRING": "endpoint=https://minwoolee-comm2.communication.azure.com/;accesskey=Kg==",
    "PMA_Endpoint": null,
    "RandomSeed": "668378578",
    "TARGET_PHONE_NUMBER": "\u002B16041234567",
    "TARGET_USER_ID": "8:acs:82e890fc-188a-4b67-bb7d-deff073d7d1e_0000000e-abbe-44ad-9f37-b0a72a616d0b"
  }
}
