{
  "Entries": [
    {
      "RequestUri": "https://acstelephonyportaltesting.communication.azure.com/identities?api-version=2021-03-07",
      "RequestMethod": "POST",
      "RequestHeaders": {
        "Accept": "application/json",
        "Authorization": "Sanitized",
        "Content-Length": "2",
        "Content-Type": "application/json",
        "traceparent": "00-4e1b9cfff4de0a4a819f69ce514c4738-1b71c94e39adc649-00",
        "User-Agent": "azsdk-net-Communication.Identity/1.1.0-alpha.20211129.1 (.NET Framework 4.8.4420.0; Microsoft Windows 10.0.22000 )",
        "x-ms-client-request-id": "854b71a7fa1dc70488438f3eb7689a66",
        "x-ms-content-sha256": "Sanitized",
        "x-ms-date": "Mon, 29 Nov 2021 11:24:44 GMT",
        "x-ms-return-client-request-id": "true"
      },
      "RequestBody": {},
      "StatusCode": 201,
      "ResponseHeaders": {
        "api-supported-versions": "2020-07-20-preview2, 2021-02-22-preview1, 2021-03-07, 2021-03-31-preview1, 2021-10-31-preview, 2021-11-01",
        "Content-Length": "101",
        "Content-Type": "application/json; charset=utf-8",
        "Date": "Mon, 29 Nov 2021 11:24:44 GMT",
        "MS-CV": "i1ITjJjSZEqvc\u002BZPrXk3Vg.2.0",
        "Request-Context": "appId=",
        "Strict-Transport-Security": "max-age=2592000",
        "X-Azure-Ref": "0e7ikYQAAAACj27Ka2UjiQbbJ5jhcHBRdREVMMDFFREdFMDUyMAA5ZmM3YjUxOS1hOGNjLTRmODktOTM1ZS1jOTE0OGFlMDllODE=",
        "X-Cache": "CONFIG_NOCACHE",
        "x-ms-client-request-id": "854b71a7fa1dc70488438f3eb7689a66",
        "X-Processing-Time": "217ms"
      },
      "ResponseBody": {
        "identity": {
          "id": "8:acs:ab12b0ea-85ea-4f83-b0b6-84d90209c7c4_0000000e-0b52-4d3a-1000-343a0d00d365"
        }
      }
    },
    {
      "RequestUri": "https://acstelephonyportaltesting.communication.azure.com/calling/callConnections?api-version=2021-11-15-preview",
      "RequestMethod": "POST",
      "RequestHeaders": {
        "Accept": "application/json",
        "Authorization": "Sanitized",
        "Content-Length": "388",
        "Content-Type": "application/json",
        "traceparent": "00-17b49b8377ec8c40820af9364c23aa4d-df88ef21e990e746-00",
        "User-Agent": "azsdk-net-Communication.CallingServer/1.0.0-alpha.20211129.1 (.NET Framework 4.8.4420.0; Microsoft Windows 10.0.22000 )",
        "x-ms-client-request-id": "95acbbde70de86bdb22265974c04a4ea",
        "x-ms-content-sha256": "Sanitized",
        "x-ms-date": "Mon, 29 Nov 2021 11:24:46 GMT",
        "x-ms-return-client-request-id": "true"
      },
      "RequestBody": {
        "alternateCallerId": {
          "value": "Sanitized"
        },
        "targets": [
          {
            "phoneNumber": {
              "value": "Sanitized"
            }
          }
        ],
        "source": {
          "communicationUser": {
            "id": "8:acs:ab12b0ea-85ea-4f83-b0b6-84d90209c7c4_0000000e-0b52-4d3a-1000-343a0d00d365"
          }
        },
        "callbackUri": "https://dummy.ngrok.io/api/incident/callback?SecretKey=helloworld",
        "requestedMediaTypes": [
          "audio"
        ],
        "requestedCallEvents": [
          "participantsUpdated",
          "toneReceived"
        ]
      },
      "StatusCode": 201,
      "ResponseHeaders": {
        "Content-Length": "59",
        "Content-Type": "application/json; charset=utf-8",
        "Date": "Mon, 29 Nov 2021 11:24:45 GMT",
        "X-Azure-Ref": "0fbikYQAAAADxbkX4VWjpSY2yefjZ3GdPREVMMDFFREdFMDUyMAA5ZmM3YjUxOS1hOGNjLTRmODktOTM1ZS1jOTE0OGFlMDllODE=",
        "X-Cache": "CONFIG_NOCACHE",
        "X-Microsoft-Skype-Chain-ID": "0f8a0667-aaf9-4d4a-825f-4aa7721ee2b7",
        "x-ms-client-request-id": "95acbbde70de86bdb22265974c04a4ea"
      },
      "ResponseBody": {
        "callConnectionId": "a51f1300-edaf-46d3-9195-4776ac420b03"
      }
    },
    {
      "RequestUri": "https://acstelephonyportaltesting.communication.azure.com/calling/callConnections/a51f1300-edaf-46d3-9195-4776ac420b03/participants?api-version=2021-11-15-preview",
      "RequestMethod": "POST",
      "RequestHeaders": {
        "Accept": "application/json",
        "Authorization": "Sanitized",
        "Content-Length": "126",
        "Content-Type": "application/json",
        "User-Agent": "azsdk-net-Communication.CallingServer/1.0.0-alpha.20211129.1 (.NET Framework 4.8.4420.0; Microsoft Windows 10.0.22000 )",
        "x-ms-client-request-id": "37ab67d599c124727cedc4224c02c2be",
        "x-ms-content-sha256": "Sanitized",
        "x-ms-date": "Mon, 29 Nov 2021 11:25:01 GMT",
        "x-ms-return-client-request-id": "true"
      },
      "RequestBody": {
        "participant": {
          "communicationUser": {
            "id": "8:acs:ab12b0ea-85ea-4f83-b0b6-84d90209c7c4_0000000e-0a80-0fdd-80f5-8b3a0d00a1c7"
          }
        }
      },
      "StatusCode": 202,
      "ResponseHeaders": {
        "Content-Length": "56",
        "Content-Type": "application/json; charset=utf-8",
        "Date": "Mon, 29 Nov 2021 11:25:00 GMT",
        "X-Azure-Ref": "0jLikYQAAAAAIrOvs0OBdT78hy3dt1kNMREVMMDFFREdFMDUyMAA5ZmM3YjUxOS1hOGNjLTRmODktOTM1ZS1jOTE0OGFlMDllODE=",
        "X-Cache": "CONFIG_NOCACHE",
        "X-Microsoft-Skype-Chain-ID": "5fa5eb7f-8653-407f-bc9a-ce0464c11b2a",
        "x-ms-client-request-id": "37ab67d599c124727cedc4224c02c2be"
      },
      "ResponseBody": {
        "participantId": "9d2333e5-52b0-421d-87a8-19af4b6f20d8"
      }
    },
    {
      "RequestUri": "https://acstelephonyportaltesting.communication.azure.com/calling/callConnections/a51f1300-edaf-46d3-9195-4776ac420b03/participants:mute?api-version=2021-11-15-preview",
      "RequestMethod": "POST",
      "RequestHeaders": {
        "Accept": "application/json",
        "Authorization": "Sanitized",
        "Content-Length": "125",
        "Content-Type": "application/json",
        "User-Agent": "azsdk-net-Communication.CallingServer/1.0.0-alpha.20211129.1 (.NET Framework 4.8.4420.0; Microsoft Windows 10.0.22000 )",
        "x-ms-client-request-id": "7aeecafc97c13773b3c5d3fb946c7b84",
        "x-ms-content-sha256": "Sanitized",
        "x-ms-date": "Mon, 29 Nov 2021 11:25:13 GMT",
        "x-ms-return-client-request-id": "true"
      },
      "RequestBody": {
        "identifier": {
          "communicationUser": {
            "id": "8:acs:ab12b0ea-85ea-4f83-b0b6-84d90209c7c4_0000000e-0a80-0fdd-80f5-8b3a0d00a1c7"
          }
        }
      },
      "StatusCode": 200,
      "ResponseHeaders": {
        "Content-Length": "0",
        "Date": "Mon, 29 Nov 2021 11:25:13 GMT",
        "X-Azure-Ref": "0mbikYQAAAACyiX7yB9FWRqAgAKXfckfhREVMMDFFREdFMDUyMAA5ZmM3YjUxOS1hOGNjLTRmODktOTM1ZS1jOTE0OGFlMDllODE=",
        "X-Cache": "CONFIG_NOCACHE",
        "X-Microsoft-Skype-Chain-ID": "0f36abda-7f44-497a-99e8-e213bd6be0b3",
        "x-ms-client-request-id": "7aeecafc97c13773b3c5d3fb946c7b84"
      },
      "ResponseBody": []
    },
    {
      "RequestUri": "https://acstelephonyportaltesting.communication.azure.com/calling/callConnections/a51f1300-edaf-46d3-9195-4776ac420b03/participants:get?api-version=2021-11-15-preview",
      "RequestMethod": "POST",
      "RequestHeaders": {
        "Accept": "application/json",
        "Authorization": "Sanitized",
        "Content-Length": "125",
        "Content-Type": "application/json",
        "User-Agent": "azsdk-net-Communication.CallingServer/1.0.0-alpha.20211129.1 (.NET Framework 4.8.4420.0; Microsoft Windows 10.0.22000 )",
        "x-ms-client-request-id": "5069a59f63bd44a4498818f0ab9b39af",
        "x-ms-content-sha256": "Sanitized",
        "x-ms-date": "Mon, 29 Nov 2021 11:25:25 GMT",
        "x-ms-return-client-request-id": "true"
      },
      "RequestBody": {
        "identifier": {
          "communicationUser": {
            "id": "8:acs:ab12b0ea-85ea-4f83-b0b6-84d90209c7c4_0000000e-0a80-0fdd-80f5-8b3a0d00a1c7"
          }
        }
      },
      "StatusCode": 200,
      "ResponseHeaders": {
        "Content-Length": "285",
        "Content-Type": "application/json; charset=utf-8",
        "Date": "Mon, 29 Nov 2021 11:25:25 GMT",
        "X-Azure-Ref": "0pbikYQAAAACT6Dm91ly0QbldO6HNRO\u002BjREVMMDFFREdFMDUyMAA5ZmM3YjUxOS1hOGNjLTRmODktOTM1ZS1jOTE0OGFlMDllODE=",
        "X-Cache": "CONFIG_NOCACHE",
        "X-Microsoft-Skype-Chain-ID": "cf1eea11-adf4-44b2-bf53-6f60f08d7eb9",
        "x-ms-client-request-id": "5069a59f63bd44a4498818f0ab9b39af"
      },
      "ResponseBody": {
        "identifier": {
          "rawId": "8:acs:ab12b0ea-85ea-4f83-b0b6-84d90209c7c4_0000000e-0a80-0fdd-80f5-8b3a0d00a1c7",
          "communicationUser": {
            "id": "8:acs:ab12b0ea-85ea-4f83-b0b6-84d90209c7c4_0000000e-0a80-0fdd-80f5-8b3a0d00a1c7"
          }
        },
        "participantId": "9d2333e5-52b0-421d-87a8-19af4b6f20d8",
        "isMuted": true
      }
    },
    {
      "RequestUri": "https://acstelephonyportaltesting.communication.azure.com/calling/callConnections/a51f1300-edaf-46d3-9195-4776ac420b03/participants:unmute?api-version=2021-11-15-preview",
      "RequestMethod": "POST",
      "RequestHeaders": {
        "Accept": "application/json",
        "Authorization": "Sanitized",
        "Content-Length": "125",
        "Content-Type": "application/json",
        "User-Agent": "azsdk-net-Communication.CallingServer/1.0.0-alpha.20211129.1 (.NET Framework 4.8.4420.0; Microsoft Windows 10.0.22000 )",
        "x-ms-client-request-id": "819aa65f29153d28f37483fcc6778f0f",
        "x-ms-content-sha256": "Sanitized",
        "x-ms-date": "Mon, 29 Nov 2021 11:25:38 GMT",
        "x-ms-return-client-request-id": "true"
      },
      "RequestBody": {
        "identifier": {
          "communicationUser": {
            "id": "8:acs:ab12b0ea-85ea-4f83-b0b6-84d90209c7c4_0000000e-0a80-0fdd-80f5-8b3a0d00a1c7"
          }
        }
      },
      "StatusCode": 200,
      "ResponseHeaders": {
        "Content-Length": "0",
        "Date": "Mon, 29 Nov 2021 11:25:37 GMT",
        "X-Azure-Ref": "0sbikYQAAAACI4KxYOJV9RJEm3IzDvFnmREVMMDFFREdFMDUyMAA5ZmM3YjUxOS1hOGNjLTRmODktOTM1ZS1jOTE0OGFlMDllODE=",
        "X-Cache": "CONFIG_NOCACHE",
        "X-Microsoft-Skype-Chain-ID": "459ae356-88b4-4bcc-add5-4dde7e6edc1d",
        "x-ms-client-request-id": "819aa65f29153d28f37483fcc6778f0f"
      },
      "ResponseBody": []
    },
    {
      "RequestUri": "https://acstelephonyportaltesting.communication.azure.com/calling/callConnections/a51f1300-edaf-46d3-9195-4776ac420b03/participants:get?api-version=2021-11-15-preview",
      "RequestMethod": "POST",
      "RequestHeaders": {
        "Accept": "application/json",
        "Authorization": "Sanitized",
        "Content-Length": "125",
        "Content-Type": "application/json",
        "User-Agent": "azsdk-net-Communication.CallingServer/1.0.0-alpha.20211129.1 (.NET Framework 4.8.4420.0; Microsoft Windows 10.0.22000 )",
        "x-ms-client-request-id": "a78340727299990026aa31397f828b18",
        "x-ms-content-sha256": "Sanitized",
        "x-ms-date": "Mon, 29 Nov 2021 11:25:50 GMT",
        "x-ms-return-client-request-id": "true"
      },
      "RequestBody": {
        "identifier": {
          "communicationUser": {
            "id": "8:acs:ab12b0ea-85ea-4f83-b0b6-84d90209c7c4_0000000e-0a80-0fdd-80f5-8b3a0d00a1c7"
          }
        }
      },
      "StatusCode": 200,
      "ResponseHeaders": {
        "Content-Length": "286",
        "Content-Type": "application/json; charset=utf-8",
        "Date": "Mon, 29 Nov 2021 11:25:49 GMT",
        "X-Azure-Ref": "0vbikYQAAAAAA9WW0nqFCTrF\u002BgCrRWH7BREVMMDFFREdFMDUyMAA5ZmM3YjUxOS1hOGNjLTRmODktOTM1ZS1jOTE0OGFlMDllODE=",
        "X-Cache": "CONFIG_NOCACHE",
        "X-Microsoft-Skype-Chain-ID": "9be3f769-f840-4c0d-82a4-cb54da9e6fe0",
        "x-ms-client-request-id": "a78340727299990026aa31397f828b18"
      },
      "ResponseBody": {
        "identifier": {
          "rawId": "8:acs:ab12b0ea-85ea-4f83-b0b6-84d90209c7c4_0000000e-0a80-0fdd-80f5-8b3a0d00a1c7",
          "communicationUser": {
            "id": "8:acs:ab12b0ea-85ea-4f83-b0b6-84d90209c7c4_0000000e-0a80-0fdd-80f5-8b3a0d00a1c7"
          }
        },
        "participantId": "9d2333e5-52b0-421d-87a8-19af4b6f20d8",
        "isMuted": false
      }
    },
    {
      "RequestUri": "https://acstelephonyportaltesting.communication.azure.com/calling/callConnections/a51f1300-edaf-46d3-9195-4776ac420b03/participants?api-version=2021-11-15-preview",
      "RequestMethod": "GET",
      "RequestHeaders": {
        "Accept": "application/json",
        "Authorization": "Sanitized",
        "User-Agent": "azsdk-net-Communication.CallingServer/1.0.0-alpha.20211129.1 (.NET Framework 4.8.4420.0; Microsoft Windows 10.0.22000 )",
        "x-ms-client-request-id": "ee9b238bf9d2766e7c2b5c49dfa77ed1",
        "x-ms-content-sha256": "Sanitized",
        "x-ms-date": "Mon, 29 Nov 2021 11:26:03 GMT",
        "x-ms-return-client-request-id": "true"
      },
      "RequestBody": null,
      "StatusCode": 200,
      "ResponseHeaders": {
        "Content-Length": "729",
        "Content-Type": "application/json; charset=utf-8",
        "Date": "Mon, 29 Nov 2021 11:26:02 GMT",
        "X-Azure-Ref": "0yrikYQAAAAApxzajEgzHS75WCvQ6C5/VREVMMDFFREdFMDUyMAA5ZmM3YjUxOS1hOGNjLTRmODktOTM1ZS1jOTE0OGFlMDllODE=",
        "X-Cache": "CONFIG_NOCACHE",
        "X-Microsoft-Skype-Chain-ID": "9f86ddea-31e2-4b4f-b608-8a9a0ae333cf",
        "x-ms-client-request-id": "ee9b238bf9d2766e7c2b5c49dfa77ed1"
      },
      "ResponseBody": "[{\u0022identifier\u0022:{\u0022rawId\u0022:\u00228:acs:ab12b0ea-85ea-4f83-b0b6-84d90209c7c4_0000000e-0a80-0fdd-80f5-8b3a0d00a1c7\u0022,\u0022communicationUser\u0022:{\u0022id\u0022:\u00228:acs:ab12b0ea-85ea-4f83-b0b6-84d90209c7c4_0000000e-0a80-0fdd-80f5-8b3a0d00a1c7\u0022}},\u0022participantId\u0022:\u00229d2333e5-52b0-421d-87a8-19af4b6f20d8\u0022,\u0022isMuted\u0022:false},{\u0022identifier\u0022:{\u0022rawId\u0022:\u00228:acs:ab12b0ea-85ea-4f83-b0b6-84d90209c7c4_0000000e-0b52-4d3a-1000-343a0d00d365\u0022,\u0022communicationUser\u0022:{\u0022id\u0022:\u00228:acs:ab12b0ea-85ea-4f83-b0b6-84d90209c7c4_0000000e-0b52-4d3a-1000-343a0d00d365\u0022}},\u0022participantId\u0022:\u00221c5f13a1-7131-4aca-8858-52d8897cb09a\u0022,\u0022isMuted\u0022:false},{\u0022identifier\u0022:{\u0022rawId\u0022:\u00224:\u002B918009724858\u0022,\u0022phoneNumber\u0022:{\u0022value\u0022:\u0022\u002B918009724858\u0022}},\u0022participantId\u0022:\u002273ec6fb9-816c-4a10-9600-1fa7317e3857\u0022,\u0022isMuted\u0022:false}]"
    },
    {
      "RequestUri": "https://acstelephonyportaltesting.communication.azure.com/calling/callConnections/a51f1300-edaf-46d3-9195-4776ac420b03/participants:remove?api-version=2021-11-15-preview",
      "RequestMethod": "POST",
      "RequestHeaders": {
        "Accept": "application/json",
        "Authorization": "Sanitized",
        "Content-Length": "125",
        "Content-Type": "application/json",
        "User-Agent": "azsdk-net-Communication.CallingServer/1.0.0-alpha.20211129.1 (.NET Framework 4.8.4420.0; Microsoft Windows 10.0.22000 )",
        "x-ms-client-request-id": "6a7e09f89217ec16a5005b6bf7eebe70",
        "x-ms-content-sha256": "Sanitized",
        "x-ms-date": "Mon, 29 Nov 2021 11:26:13 GMT",
        "x-ms-return-client-request-id": "true"
      },
      "RequestBody": {
        "identifier": {
          "communicationUser": {
            "id": "8:acs:ab12b0ea-85ea-4f83-b0b6-84d90209c7c4_0000000e-0a80-0fdd-80f5-8b3a0d00a1c7"
          }
        }
      },
      "StatusCode": 202,
      "ResponseHeaders": {
        "Content-Length": "0",
        "Date": "Mon, 29 Nov 2021 11:26:12 GMT",
        "X-Azure-Ref": "01LikYQAAAADf5KvaOnjcRb32t4etRGfaREVMMDFFREdFMDUyMAA5ZmM3YjUxOS1hOGNjLTRmODktOTM1ZS1jOTE0OGFlMDllODE=",
        "X-Cache": "CONFIG_NOCACHE",
        "X-Microsoft-Skype-Chain-ID": "1fea6d86-400d-4665-ac9f-d69e3bd8c42a",
        "x-ms-client-request-id": "6a7e09f89217ec16a5005b6bf7eebe70"
      },
      "ResponseBody": []
    },
    {
      "RequestUri": "https://acstelephonyportaltesting.communication.azure.com/calling/callConnections/a51f1300-edaf-46d3-9195-4776ac420b03/:hangup?api-version=2021-11-15-preview",
      "RequestMethod": "POST",
      "RequestHeaders": {
        "Accept": "application/json",
        "Authorization": "Sanitized",
        "User-Agent": "azsdk-net-Communication.CallingServer/1.0.0-alpha.20211129.1 (.NET Framework 4.8.4420.0; Microsoft Windows 10.0.22000 )",
        "x-ms-client-request-id": "a2716ae8a1db783dd20d2a6d16b7ba7e",
        "x-ms-content-sha256": "Sanitized",
        "x-ms-date": "Mon, 29 Nov 2021 11:26:24 GMT",
        "x-ms-return-client-request-id": "true"
      },
      "RequestBody": null,
      "StatusCode": 202,
      "ResponseHeaders": {
        "Content-Length": "0",
        "Date": "Mon, 29 Nov 2021 11:26:23 GMT",
        "X-Azure-Ref": "037ikYQAAAAC8knMAwp5WS4utc\u002BU311UGREVMMDFFREdFMDUyMAA5ZmM3YjUxOS1hOGNjLTRmODktOTM1ZS1jOTE0OGFlMDllODE=",
        "X-Cache": "CONFIG_NOCACHE",
        "X-Microsoft-Skype-Chain-ID": "56d9c7b0-f2f3-483c-af71-dee052ff8cc8",
        "x-ms-client-request-id": "a2716ae8a1db783dd20d2a6d16b7ba7e"
      },
      "ResponseBody": []
    }
  ],
  "Variables": {
    "ALTERNATE_CALLERID": "Sanitized",
    "AZURE_PHONE_NUMBER": "Sanitized",
    "COMMUNICATION_LIVETEST_STATIC_CONNECTION_STRING": "endpoint=https://acstelephonyportaltesting.communication.azure.com/;accesskey=Kg==",
    "RandomSeed": "1769071621",
    "USER_IDENTIFIER": "0000000e-0a80-0fdd-80f5-8b3a0d00a1c7"
  }
}
