{
  "Entries": [
    {
      "RequestUri": "https://management.azure.com/subscriptions/ab716eee-96d3-4021-9fa7-1b01da5de034?api-version=2021-01-01",
      "RequestMethod": "GET",
      "RequestHeaders": {
        "Accept": "application/json",
        "Authorization": "Sanitized",
        "traceparent": "00-f5a22382cfa59a4ea0ca2be86ced343f-7cff7b79c4b5c24e-00",
        "User-Agent": "azsdk-net-ResourceManager/1.0.0-alpha.20220303.1 (.NET Framework 4.8.4420.0; Microsoft Windows 10.0.22000 ) azsdk-net-ResourceManager/1.0.0-alpha.20220303.1 (.NET Framework 4.8.4420.0; Microsoft Windows 10.0.22000 )",
        "x-ms-client-request-id": "e12c0a349e23c402d9d3163576627eb6",
        "x-ms-return-client-request-id": "true"
      },
      "RequestBody": null,
      "StatusCode": 200,
      "ResponseHeaders": {
        "Cache-Control": "no-cache",
        "Content-Length": "406",
        "Content-Type": "application/json; charset=utf-8",
        "Date": "Thu, 03 Mar 2022 08:48:59 GMT",
        "Expires": "-1",
        "Pragma": "no-cache",
        "Strict-Transport-Security": "max-age=31536000; includeSubDomains",
        "X-Content-Type-Options": "nosniff",
        "x-ms-correlation-request-id": "91caebe3-6b20-4246-bc87-6e5864fdda46",
        "x-ms-ratelimit-remaining-subscription-reads": "11989",
        "x-ms-request-id": "91caebe3-6b20-4246-bc87-6e5864fdda46",
        "x-ms-routing-request-id": "SOUTHEASTASIA:20220303T084900Z:91caebe3-6b20-4246-bc87-6e5864fdda46"
      },
      "ResponseBody": {
        "id": "/subscriptions/ab716eee-96d3-4021-9fa7-1b01da5de034",
        "authorizationSource": "RoleBased",
        "managedByTenants": [],
        "subscriptionId": "ab716eee-96d3-4021-9fa7-1b01da5de034",
        "tenantId": "6d1de6b2-88b7-42b6-9b3e-89a4351d16b4",
        "displayName": "Visual Studio Professional \u8BA2\u9605",
        "state": "Enabled",
        "subscriptionPolicies": {
          "locationPlacementId": "Public_2014-09-01",
          "quotaId": "MSDN_2014-09-01",
          "spendingLimit": "On"
        }
      }
    },
    {
      "RequestUri": "https://management.azure.com/subscriptions/ab716eee-96d3-4021-9fa7-1b01da5de034/resourcegroups/Default-AppConfiguration-1794?api-version=2021-04-01",
      "RequestMethod": "PUT",
      "RequestHeaders": {
        "Accept": "application/json",
        "Authorization": "Sanitized",
        "Content-Length": "31",
        "Content-Type": "application/json",
        "User-Agent": "azsdk-net-ResourceManager/1.0.0-alpha.20220303.1 (.NET Framework 4.8.4420.0; Microsoft Windows 10.0.22000 ) azsdk-net-ResourceManager/1.0.0-alpha.20220303.1 (.NET Framework 4.8.4420.0; Microsoft Windows 10.0.22000 )",
        "x-ms-client-request-id": "f748ba48fdf774f4d7c331b81512dbfc",
        "x-ms-return-client-request-id": "true"
      },
      "RequestBody": {
        "tags": {},
        "location": "eastus"
      },
      "StatusCode": 201,
      "ResponseHeaders": {
        "Cache-Control": "no-cache",
        "Content-Length": "265",
        "Content-Type": "application/json; charset=utf-8",
        "Date": "Thu, 03 Mar 2022 08:49:00 GMT",
        "Expires": "-1",
        "Pragma": "no-cache",
        "Strict-Transport-Security": "max-age=31536000; includeSubDomains",
        "X-Content-Type-Options": "nosniff",
        "x-ms-correlation-request-id": "f3282ed0-633c-4ff3-89dc-70e33296348f",
        "x-ms-ratelimit-remaining-subscription-writes": "1193",
        "x-ms-request-id": "f3282ed0-633c-4ff3-89dc-70e33296348f",
        "x-ms-routing-request-id": "SOUTHEASTASIA:20220303T084901Z:f3282ed0-633c-4ff3-89dc-70e33296348f"
      },
      "ResponseBody": {
        "id": "/subscriptions/ab716eee-96d3-4021-9fa7-1b01da5de034/resourceGroups/Default-AppConfiguration-1794",
        "name": "Default-AppConfiguration-1794",
        "type": "Microsoft.Resources/resourceGroups",
        "location": "eastus",
        "tags": {},
        "properties": {
          "provisioningState": "Succeeded"
        }
      }
    },
    {
      "RequestUri": "https://management.azure.com/subscriptions/ab716eee-96d3-4021-9fa7-1b01da5de034/resourceGroups/Default-AppConfiguration-1794/providers/Microsoft.AppConfiguration/configurationStores/testapp-2760?api-version=2021-10-01-preview",
      "RequestMethod": "PUT",
      "RequestHeaders": {
        "Accept": "application/json",
        "Authorization": "Sanitized",
        "Content-Length": "105",
        "Content-Type": "application/json",
        "User-Agent": "azsdk-net-ResourceManager.AppConfiguration/1.0.0-alpha.20220303.1 (.NET Framework 4.8.4420.0; Microsoft Windows 10.0.22000 ) azsdk-net-ResourceManager/1.0.0-alpha.20220303.1 (.NET Framework 4.8.4420.0; Microsoft Windows 10.0.22000 )",
        "x-ms-client-request-id": "c2b6dd88abfbc201fad47508a83f53c8",
        "x-ms-return-client-request-id": "true"
      },
      "RequestBody": {
        "sku": {
          "name": "Standard"
        },
        "tags": {},
        "location": "eastus",
        "properties": {
          "publicNetworkAccess": "Disabled"
        }
      },
      "StatusCode": 201,
      "ResponseHeaders": {
        "Azure-AsyncOperation": "https://management.azure.com/subscriptions/ab716eee-96d3-4021-9fa7-1b01da5de034/providers/Microsoft.AppConfiguration/locations/eastus/operationsStatus/3e908240-c22f-f6ad-28a3-d21f15e39d87?api-version=2021-10-01-preview",
        "Cache-Control": "no-cache",
        "Content-Length": "576",
        "Content-Type": "application/json; charset=utf-8",
        "Date": "Thu, 03 Mar 2022 08:49:03 GMT",
        "Expires": "-1",
        "Pragma": "no-cache",
        "Retry-After": "10",
        "Server": "nginx/1.17.10",
        "Strict-Transport-Security": "max-age=31536000; includeSubDomains",
        "X-Content-Type-Options": "nosniff",
        "x-ms-client-request-id": "c2b6dd88abfbc201fad47508a83f53c8",
        "x-ms-correlation-request-id": "1d45c458-9024-4325-9ffe-80096d51108e",
        "x-ms-ratelimit-remaining-subscription-writes": "1192",
        "x-ms-request-id": "f18dcb8c-d595-42ae-b694-e909271fe463",
        "x-ms-routing-request-id": "SOUTHEASTASIA:20220303T084904Z:1d45c458-9024-4325-9ffe-80096d51108e"
      },
      "ResponseBody": {
        "type": "Microsoft.AppConfiguration/configurationStores",
        "location": "eastus",
        "properties": {
          "provisioningState": "Creating",
          "creationDate": "2022-03-03T08:49:03.08856\u002B00:00",
          "endpoint": null,
          "encryption": null,
          "privateEndpointConnections": null,
          "disableLocalAuth": null,
          "softDeleteRetentionInDays": null,
          "enablePurgeProtection": null
        },
        "sku": {
          "name": "Standard"
        },
        "systemData": null,
        "id": "/subscriptions/ab716eee-96d3-4021-9fa7-1b01da5de034/resourceGroups/Default-AppConfiguration-1794/providers/Microsoft.AppConfiguration/configurationStores/testapp-2760",
        "name": "testapp-2760",
        "tags": {}
      }
    },
    {
      "RequestUri": "https://management.azure.com/subscriptions/ab716eee-96d3-4021-9fa7-1b01da5de034/providers/Microsoft.AppConfiguration/locations/eastus/operationsStatus/3e908240-c22f-f6ad-28a3-d21f15e39d87?api-version=2021-10-01-preview",
      "RequestMethod": "GET",
      "RequestHeaders": {
        "Authorization": "Sanitized",
        "User-Agent": "azsdk-net-ResourceManager/1.0.0-alpha.20220303.1 (.NET Framework 4.8.4420.0; Microsoft Windows 10.0.22000 ) azsdk-net-ResourceManager/1.0.0-alpha.20220303.1 (.NET Framework 4.8.4420.0; Microsoft Windows 10.0.22000 )",
        "x-ms-client-request-id": "85ee4d19f4c70e4c4734fd287f6c2f83",
        "x-ms-return-client-request-id": "true"
      },
      "RequestBody": null,
      "StatusCode": 200,
      "ResponseHeaders": {
        "Azure-AsyncOperation": "https://management.azure.com/subscriptions/ab716eee-96d3-4021-9fa7-1b01da5de034/providers/Microsoft.AppConfiguration/locations/eastus/operationsStatus/3e908240-c22f-f6ad-28a3-d21f15e39d87?api-version=2021-10-01-preview",
        "Cache-Control": "no-cache",
        "Content-Length": "248",
        "Content-Type": "application/json; charset=utf-8",
        "Date": "Thu, 03 Mar 2022 08:49:04 GMT",
        "Expires": "-1",
        "Pragma": "no-cache",
        "Server": "nginx/1.17.10",
        "Strict-Transport-Security": "max-age=31536000; includeSubDomains",
        "Vary": "Accept-Encoding",
        "X-Content-Type-Options": "nosniff",
        "x-ms-client-request-id": "85ee4d19f4c70e4c4734fd287f6c2f83",
        "x-ms-correlation-request-id": "1cc78d79-82c7-4ac9-a189-a3c1357b5122",
        "x-ms-ratelimit-remaining-subscription-reads": "11988",
        "x-ms-request-id": "ec730e13-c090-4f57-989a-e907c62faf3b",
        "x-ms-routing-request-id": "SOUTHEASTASIA:20220303T084904Z:1cc78d79-82c7-4ac9-a189-a3c1357b5122"
      },
      "ResponseBody": {
        "id": "/subscriptions/ab716eee-96d3-4021-9fa7-1b01da5de034/providers/Microsoft.AppConfiguration/locations/eastus/operationsStatus/3e908240-c22f-f6ad-28a3-d21f15e39d87",
        "name": "3e908240-c22f-f6ad-28a3-d21f15e39d87",
        "status": "Succeeded",
        "error": null
      }
    },
    {
      "RequestUri": "https://management.azure.com/subscriptions/ab716eee-96d3-4021-9fa7-1b01da5de034/resourceGroups/Default-AppConfiguration-1794/providers/Microsoft.AppConfiguration/configurationStores/testapp-2760?api-version=2021-10-01-preview",
      "RequestMethod": "GET",
      "RequestHeaders": {
        "Authorization": "Sanitized",
        "User-Agent": "azsdk-net-ResourceManager/1.0.0-alpha.20220303.1 (.NET Framework 4.8.4420.0; Microsoft Windows 10.0.22000 ) azsdk-net-ResourceManager/1.0.0-alpha.20220303.1 (.NET Framework 4.8.4420.0; Microsoft Windows 10.0.22000 )",
        "x-ms-client-request-id": "b330f0de434bf88ba6a10af14b94794b",
        "x-ms-return-client-request-id": "true"
      },
      "RequestBody": null,
      "StatusCode": 200,
      "ResponseHeaders": {
        "Cache-Control": "no-cache",
        "Content-Length": "910",
        "Content-Type": "application/json; charset=utf-8",
        "Date": "Thu, 03 Mar 2022 08:49:04 GMT",
        "ETag": "W/\u002279007cf0-0000-0100-0000-622080ff0000\u0022",
        "Expires": "-1",
        "Pragma": "no-cache",
        "Server": "nginx/1.17.10",
        "Strict-Transport-Security": "max-age=31536000; includeSubDomains",
        "Vary": "Accept-Encoding",
        "X-Content-Type-Options": "nosniff",
        "x-ms-client-request-id": "b330f0de434bf88ba6a10af14b94794b",
        "x-ms-correlation-request-id": "3bc52f1c-8644-4853-8043-f9993e49f200",
        "x-ms-ratelimit-remaining-subscription-reads": "11987",
        "x-ms-request-id": "5331048c-1b30-4776-8000-e19a5793eba0",
        "x-ms-routing-request-id": "SOUTHEASTASIA:20220303T084905Z:3bc52f1c-8644-4853-8043-f9993e49f200"
      },
      "ResponseBody": {
        "type": "Microsoft.AppConfiguration/configurationStores",
        "location": "eastus",
        "properties": {
          "provisioningState": "Succeeded",
          "creationDate": "2022-03-03T08:49:03\u002B00:00",
          "endpoint": "https://testapp-2760.azconfig.io",
          "encryption": {
            "keyVaultProperties": null
          },
          "privateEndpointConnections": null,
          "publicNetworkAccess": "Disabled",
          "disableLocalAuth": false,
          "softDeleteRetentionInDays": 7,
          "enablePurgeProtection": false
        },
        "sku": {
          "name": "standard"
        },
        "systemData": {
          "createdBy": "bd84958d-be52-466e-a83e-99a66eae9864",
          "createdByType": "Application",
          "createdAt": "2022-03-03T08:49:03\u002B00:00",
          "lastModifiedBy": "bd84958d-be52-466e-a83e-99a66eae9864",
          "lastModifiedByType": "Application",
          "lastModifiedAt": "2022-03-03T08:49:04\u002B00:00"
        },
        "id": "/subscriptions/ab716eee-96d3-4021-9fa7-1b01da5de034/resourceGroups/default-appconfiguration-1794/providers/Microsoft.AppConfiguration/configurationStores/testapp-2760",
        "name": "testapp-2760",
        "tags": {}
      }
    },
    {
      "RequestUri": "https://management.azure.com/subscriptions/ab716eee-96d3-4021-9fa7-1b01da5de034/resourceGroups/Default-AppConfiguration-1794/providers/Microsoft.AppConfiguration/configurationStores/testapp-2760?api-version=2021-10-01-preview",
      "RequestMethod": "GET",
      "RequestHeaders": {
        "Accept": "application/json",
        "Authorization": "Sanitized",
        "User-Agent": "azsdk-net-ResourceManager.AppConfiguration/1.0.0-alpha.20220303.1 (.NET Framework 4.8.4420.0; Microsoft Windows 10.0.22000 ) azsdk-net-ResourceManager/1.0.0-alpha.20220303.1 (.NET Framework 4.8.4420.0; Microsoft Windows 10.0.22000 )",
        "x-ms-client-request-id": "5aee7c0ece51f00113807128930e954b",
        "x-ms-return-client-request-id": "true"
      },
      "RequestBody": null,
      "StatusCode": 200,
      "ResponseHeaders": {
        "Cache-Control": "no-cache",
        "Content-Length": "910",
        "Content-Type": "application/json; charset=utf-8",
        "Date": "Thu, 03 Mar 2022 08:49:04 GMT",
        "ETag": "W/\u002279007cf0-0000-0100-0000-622080ff0000\u0022",
        "Expires": "-1",
        "Pragma": "no-cache",
        "Server": "nginx/1.17.10",
        "Strict-Transport-Security": "max-age=31536000; includeSubDomains",
        "Vary": "Accept-Encoding",
        "X-Content-Type-Options": "nosniff",
        "x-ms-client-request-id": "5aee7c0ece51f00113807128930e954b",
        "x-ms-correlation-request-id": "142c7836-4527-4604-ad7d-8356c6e052a6",
        "x-ms-ratelimit-remaining-subscription-reads": "11986",
        "x-ms-request-id": "903d0363-0583-4605-8480-2ba7fafed9c2",
        "x-ms-routing-request-id": "SOUTHEASTASIA:20220303T084905Z:142c7836-4527-4604-ad7d-8356c6e052a6"
      },
      "ResponseBody": {
        "type": "Microsoft.AppConfiguration/configurationStores",
        "location": "eastus",
        "properties": {
          "provisioningState": "Succeeded",
          "creationDate": "2022-03-03T08:49:03\u002B00:00",
          "endpoint": "https://testapp-2760.azconfig.io",
          "encryption": {
            "keyVaultProperties": null
          },
          "privateEndpointConnections": null,
          "publicNetworkAccess": "Disabled",
          "disableLocalAuth": false,
          "softDeleteRetentionInDays": 7,
          "enablePurgeProtection": false
        },
        "sku": {
          "name": "standard"
        },
        "systemData": {
          "createdBy": "bd84958d-be52-466e-a83e-99a66eae9864",
          "createdByType": "Application",
          "createdAt": "2022-03-03T08:49:03\u002B00:00",
          "lastModifiedBy": "bd84958d-be52-466e-a83e-99a66eae9864",
          "lastModifiedByType": "Application",
          "lastModifiedAt": "2022-03-03T08:49:04\u002B00:00"
        },
        "id": "/subscriptions/ab716eee-96d3-4021-9fa7-1b01da5de034/resourceGroups/default-appconfiguration-1794/providers/Microsoft.AppConfiguration/configurationStores/testapp-2760",
        "name": "testapp-2760",
        "tags": {}
      }
    },
    {
      "RequestUri": "https://management.azure.com/subscriptions/ab716eee-96d3-4021-9fa7-1b01da5de034/resourceGroups/Default-AppConfiguration-1794/providers/Microsoft.AppConfiguration/configurationStores/foo?api-version=2021-10-01-preview",
      "RequestMethod": "GET",
      "RequestHeaders": {
        "Accept": "application/json",
        "Authorization": "Sanitized",
        "User-Agent": "azsdk-net-ResourceManager.AppConfiguration/1.0.0-alpha.20220303.1 (.NET Framework 4.8.4420.0; Microsoft Windows 10.0.22000 ) azsdk-net-ResourceManager/1.0.0-alpha.20220303.1 (.NET Framework 4.8.4420.0; Microsoft Windows 10.0.22000 )",
        "x-ms-client-request-id": "598edcda137ed6adc2f5de26ea5ac3b2",
        "x-ms-return-client-request-id": "true"
      },
      "RequestBody": null,
      "StatusCode": 404,
      "ResponseHeaders": {
        "Cache-Control": "no-cache",
        "Content-Length": "251",
        "Content-Type": "application/json; charset=utf-8",
        "Date": "Thu, 03 Mar 2022 08:49:05 GMT",
        "Expires": "-1",
        "Pragma": "no-cache",
        "Strict-Transport-Security": "max-age=31536000; includeSubDomains",
        "X-Content-Type-Options": "nosniff",
        "x-ms-correlation-request-id": "6a889ab3-9603-45b2-818c-ce40e01ae94b",
        "x-ms-failure-cause": "gateway",
        "x-ms-request-id": "6a889ab3-9603-45b2-818c-ce40e01ae94b",
        "x-ms-routing-request-id": "SOUTHEASTASIA:20220303T084906Z:6a889ab3-9603-45b2-818c-ce40e01ae94b"
      },
      "ResponseBody": {
        "error": {
          "code": "ResourceNotFound",
          "message": "The Resource \u0027Microsoft.AppConfiguration/configurationStores/foo\u0027 under resource group \u0027Default-AppConfiguration-1794\u0027 was not found. For more details please go to https://aka.ms/ARMResourceNotFoundFix"
        }
      }
    }
  ],
  "Variables": {
    "RandomSeed": "1214271168",
    "RESOURCE_MANAGER_URL": null,
    "SUBSCRIPTION_ID": "ab716eee-96d3-4021-9fa7-1b01da5de034"
  }
}
