{
  "Entries": [
    {
      "RequestUri": "/subscriptions/45b60d85-fd72-427a-a708-f994d26e593e/resourcegroups/res763?api-version=2015-11-01",
      "EncodedRequestUri": "L3N1YnNjcmlwdGlvbnMvNDViNjBkODUtZmQ3Mi00MjdhLWE3MDgtZjk5NGQyNmU1OTNlL3Jlc291cmNlZ3JvdXBzL3Jlczc2Mz9hcGktdmVyc2lvbj0yMDE1LTExLTAx",
      "RequestMethod": "PUT",
      "RequestBody": "{\r\n  \"location\": \"eastus2\"\r\n}",
      "RequestHeaders": {
        "x-ms-client-request-id": [
          "c7241f4d-3740-4719-97de-05c8e32b99b4"
        ],
        "accept-language": [
          "en-US"
        ],
        "User-Agent": [
          "FxVersion/4.6.26614.01",
          "OSName/Windows",
          "OSVersion/Microsoft.Windows.10.0.19041.",
          "Microsoft.Azure.Management.Resources.ResourceManagementClient/1.0.0.0"
        ],
        "Content-Type": [
          "application/json; charset=utf-8"
        ],
        "Content-Length": [
          "29"
        ]
      },
      "ResponseHeaders": {
        "Cache-Control": [
          "no-cache"
        ],
        "Date": [
          "Mon, 14 Sep 2020 06:28:27 GMT"
        ],
        "Pragma": [
          "no-cache"
        ],
        "x-ms-ratelimit-remaining-subscription-writes": [
          "1178"
        ],
        "x-ms-request-id": [
          "71194fb9-63fd-4487-9413-186069a20e87"
        ],
        "x-ms-correlation-request-id": [
          "71194fb9-63fd-4487-9413-186069a20e87"
        ],
        "x-ms-routing-request-id": [
          "SOUTHEASTASIA:20200914T062827Z:71194fb9-63fd-4487-9413-186069a20e87"
        ],
        "Strict-Transport-Security": [
          "max-age=31536000; includeSubDomains"
        ],
        "X-Content-Type-Options": [
          "nosniff"
        ],
        "Content-Length": [
          "166"
        ],
        "Content-Type": [
          "application/json; charset=utf-8"
        ],
        "Expires": [
          "-1"
        ]
      },
      "ResponseBody": "{\r\n  \"id\": \"/subscriptions/45b60d85-fd72-427a-a708-f994d26e593e/resourceGroups/res763\",\r\n  \"name\": \"res763\",\r\n  \"location\": \"eastus2\",\r\n  \"properties\": {\r\n    \"provisioningState\": \"Succeeded\"\r\n  }\r\n}",
      "StatusCode": 201
    },
    {
      "RequestUri": "/subscriptions/45b60d85-fd72-427a-a708-f994d26e593e/resourceGroups/res763/providers/Microsoft.Storage/storageAccounts/sto7316?api-version=2021-02-01",
      "EncodedRequestUri": "L3N1YnNjcmlwdGlvbnMvNDViNjBkODUtZmQ3Mi00MjdhLWE3MDgtZjk5NGQyNmU1OTNlL3Jlc291cmNlR3JvdXBzL3Jlczc2My9wcm92aWRlcnMvTWljcm9zb2Z0LlN0b3JhZ2Uvc3RvcmFnZUFjY291bnRzL3N0bzczMTY/YXBpLXZlcnNpb249MjAyMS0wMi0wMQ==",
      "RequestMethod": "PUT",
      "RequestBody": "{\r\n  \"sku\": {\r\n    \"name\": \"Standard_LRS\"\r\n  },\r\n  \"kind\": \"StorageV2\",\r\n  \"location\": \"centraluseuap\"\r\n}",
      "RequestHeaders": {
        "x-ms-client-request-id": [
          "303fbc93-8d3b-4749-869c-33ea63c0979e"
        ],
        "accept-language": [
          "en-US"
        ],
        "User-Agent": [
          "FxVersion/4.6.26614.01",
          "OSName/Windows",
          "OSVersion/Microsoft.Windows.10.0.19041.",
          "Microsoft.Azure.Management.Storage.StorageManagementClient/17.2.0.0"
        ],
        "Content-Type": [
          "application/json; charset=utf-8"
        ],
        "Content-Length": [
          "105"
        ]
      },
      "ResponseHeaders": {
        "Cache-Control": [
          "no-cache"
        ],
        "Date": [
          "Mon, 14 Sep 2020 06:28:34 GMT"
        ],
        "Pragma": [
          "no-cache"
        ],
        "Location": [
          "https://management.azure.com/subscriptions/45b60d85-fd72-427a-a708-f994d26e593e/providers/Microsoft.Storage/locations/centraluseuap/asyncoperations/b6201e89-ac7a-405f-a2ac-09c3b8c9b066?monitor=true&api-version=2021-02-01"
        ],
        "Retry-After": [
          "17"
        ],
        "Server": [
          "Microsoft-Azure-Storage-Resource-Provider/1.0,Microsoft-HTTPAPI/2.0 Microsoft-HTTPAPI/2.0"
        ],
        "x-ms-request-id": [
          "b6201e89-ac7a-405f-a2ac-09c3b8c9b066"
        ],
        "Strict-Transport-Security": [
          "max-age=31536000; includeSubDomains"
        ],
        "x-ms-ratelimit-remaining-subscription-writes": [
          "1177"
        ],
        "x-ms-correlation-request-id": [
          "43ec658a-5517-401a-9f65-d9b4dc4c6ca6"
        ],
        "x-ms-routing-request-id": [
          "SOUTHEASTASIA:20200914T062834Z:43ec658a-5517-401a-9f65-d9b4dc4c6ca6"
        ],
        "X-Content-Type-Options": [
          "nosniff"
        ],
        "Content-Length": [
          "0"
        ],
        "Content-Type": [
          "text/plain; charset=utf-8"
        ],
        "Expires": [
          "-1"
        ]
      },
      "ResponseBody": "",
      "StatusCode": 202
    },
    {
      "RequestUri": "/subscriptions/45b60d85-fd72-427a-a708-f994d26e593e/providers/Microsoft.Storage/locations/centraluseuap/asyncoperations/b6201e89-ac7a-405f-a2ac-09c3b8c9b066?monitor=true&api-version=2021-02-01",
      "EncodedRequestUri": "L3N1YnNjcmlwdGlvbnMvNDViNjBkODUtZmQ3Mi00MjdhLWE3MDgtZjk5NGQyNmU1OTNlL3Byb3ZpZGVycy9NaWNyb3NvZnQuU3RvcmFnZS9sb2NhdGlvbnMvY2VudHJhbHVzZXVhcC9hc3luY29wZXJhdGlvbnMvYjYyMDFlODktYWM3YS00MDVmLWEyYWMtMDljM2I4YzliMDY2P21vbml0b3I9dHJ1ZSZhcGktdmVyc2lvbj0yMDIxLTAyLTAx",
      "RequestMethod": "GET",
      "RequestBody": "",
      "RequestHeaders": {
        "User-Agent": [
          "FxVersion/4.6.26614.01",
          "OSName/Windows",
          "OSVersion/Microsoft.Windows.10.0.19041.",
          "Microsoft.Azure.Management.Storage.StorageManagementClient/17.2.0.0"
        ]
      },
      "ResponseHeaders": {
        "Cache-Control": [
          "no-cache"
        ],
        "Date": [
          "Mon, 14 Sep 2020 06:28:51 GMT"
        ],
        "Pragma": [
          "no-cache"
        ],
        "Server": [
          "Microsoft-Azure-Storage-Resource-Provider/1.0,Microsoft-HTTPAPI/2.0 Microsoft-HTTPAPI/2.0"
        ],
        "x-ms-request-id": [
          "cfa66a2c-9b33-4a0c-aa24-85657d768620"
        ],
        "Strict-Transport-Security": [
          "max-age=31536000; includeSubDomains"
        ],
        "x-ms-ratelimit-remaining-subscription-reads": [
          "11976"
        ],
        "x-ms-correlation-request-id": [
          "e10c9dd7-9c25-438b-a550-4a1dfe4b23f5"
        ],
        "x-ms-routing-request-id": [
          "SOUTHEASTASIA:20200914T062852Z:e10c9dd7-9c25-438b-a550-4a1dfe4b23f5"
        ],
        "X-Content-Type-Options": [
          "nosniff"
        ],
        "Content-Length": [
          "1199"
        ],
        "Content-Type": [
          "application/json"
        ],
        "Expires": [
          "-1"
        ]
      },
      "ResponseBody": "{\r\n  \"sku\": {\r\n    \"name\": \"Standard_LRS\",\r\n    \"tier\": \"Standard\"\r\n  },\r\n  \"kind\": \"StorageV2\",\r\n  \"id\": \"/subscriptions/45b60d85-fd72-427a-a708-f994d26e593e/resourceGroups/res763/providers/Microsoft.Storage/storageAccounts/sto7316\",\r\n  \"name\": \"sto7316\",\r\n  \"type\": \"Microsoft.Storage/storageAccounts\",\r\n  \"location\": \"centraluseuap\",\r\n  \"tags\": {},\r\n  \"properties\": {\r\n    \"privateEndpointConnections\": [],\r\n    \"networkAcls\": {\r\n      \"bypass\": \"AzureServices\",\r\n      \"virtualNetworkRules\": [],\r\n      \"ipRules\": [],\r\n      \"defaultAction\": \"Allow\"\r\n    },\r\n    \"supportsHttpsTrafficOnly\": true,\r\n    \"encryption\": {\r\n      \"services\": {\r\n        \"file\": {\r\n          \"keyType\": \"Account\",\r\n          \"enabled\": true,\r\n          \"lastEnabledTime\": \"2020-09-14T06:28:33.9352828Z\"\r\n        },\r\n        \"blob\": {\r\n          \"keyType\": \"Account\",\r\n          \"enabled\": true,\r\n          \"lastEnabledTime\": \"2020-09-14T06:28:33.9352828Z\"\r\n        }\r\n      },\r\n      \"keySource\": \"Microsoft.Storage\"\r\n    },\r\n    \"accessTier\": \"Hot\",\r\n    \"provisioningState\": \"Succeeded\",\r\n    \"creationTime\": \"2020-09-14T06:28:33.8602866Z\",\r\n    \"primaryEndpoints\": {\r\n      \"dfs\": \"https://sto7316.dfs.core.windows.net/\",\r\n      \"web\": \"https://sto7316.z2.web.core.windows.net/\",\r\n      \"blob\": \"https://sto7316.blob.core.windows.net/\",\r\n      \"queue\": \"https://sto7316.queue.core.windows.net/\",\r\n      \"table\": \"https://sto7316.table.core.windows.net/\",\r\n      \"file\": \"https://sto7316.file.core.windows.net/\"\r\n    },\r\n    \"primaryLocation\": \"centraluseuap\",\r\n    \"statusOfPrimary\": \"available\"\r\n  }\r\n}",
      "StatusCode": 200
    },
    {
      "RequestUri": "/subscriptions/45b60d85-fd72-427a-a708-f994d26e593e/resourceGroups/res763/providers/Microsoft.Storage/storageAccounts/sto7316/queueServices/default/queues/queue1447?api-version=2021-02-01",
      "EncodedRequestUri": "L3N1YnNjcmlwdGlvbnMvNDViNjBkODUtZmQ3Mi00MjdhLWE3MDgtZjk5NGQyNmU1OTNlL3Jlc291cmNlR3JvdXBzL3Jlczc2My9wcm92aWRlcnMvTWljcm9zb2Z0LlN0b3JhZ2Uvc3RvcmFnZUFjY291bnRzL3N0bzczMTYvcXVldWVTZXJ2aWNlcy9kZWZhdWx0L3F1ZXVlcy9xdWV1ZTE0NDc/YXBpLXZlcnNpb249MjAyMS0wMi0wMQ==",
      "RequestMethod": "PUT",
      "RequestBody": "{}",
      "RequestHeaders": {
        "x-ms-client-request-id": [
          "4f4b724c-f859-4271-bf84-041f9eef2fb4"
        ],
        "accept-language": [
          "en-US"
        ],
        "User-Agent": [
          "FxVersion/4.6.26614.01",
          "OSName/Windows",
          "OSVersion/Microsoft.Windows.10.0.19041.",
          "Microsoft.Azure.Management.Storage.StorageManagementClient/17.2.0.0"
        ],
        "Content-Type": [
          "application/json; charset=utf-8"
        ],
        "Content-Length": [
          "2"
        ]
      },
      "ResponseHeaders": {
        "Cache-Control": [
          "no-cache"
        ],
        "Date": [
          "Mon, 14 Sep 2020 06:28:52 GMT"
        ],
        "Pragma": [
          "no-cache"
        ],
        "Server": [
          "Microsoft-Azure-Storage-Resource-Provider/1.0,Microsoft-HTTPAPI/2.0 Microsoft-HTTPAPI/2.0"
        ],
        "x-ms-request-id": [
          "82875970-bda1-44e6-9067-2bb4ed9962a2"
        ],
        "Strict-Transport-Security": [
          "max-age=31536000; includeSubDomains"
        ],
        "x-ms-ratelimit-remaining-subscription-writes": [
          "1176"
        ],
        "x-ms-correlation-request-id": [
          "071ab159-0abc-40fd-80b3-632827d1ede0"
        ],
        "x-ms-routing-request-id": [
          "SOUTHEASTASIA:20200914T062852Z:071ab159-0abc-40fd-80b3-632827d1ede0"
        ],
        "X-Content-Type-Options": [
          "nosniff"
        ],
        "Content-Length": [
          "285"
        ],
        "Content-Type": [
          "application/json"
        ],
        "Expires": [
          "-1"
        ]
      },
      "ResponseBody": "{\r\n  \"id\": \"/subscriptions/45b60d85-fd72-427a-a708-f994d26e593e/resourceGroups/res763/providers/Microsoft.Storage/storageAccounts/sto7316/queueServices/default/queues/queue1447\",\r\n  \"name\": \"queue1447\",\r\n  \"type\": \"Microsoft.Storage/storageAccounts/queueServices/queues\",\r\n  \"properties\": {\r\n    \"metadata\": {}\r\n  }\r\n}",
      "StatusCode": 200
    },
    {
      "RequestUri": "/subscriptions/45b60d85-fd72-427a-a708-f994d26e593e/resourceGroups/res763/providers/Microsoft.Storage/storageAccounts/sto7316/queueServices/default/queues/queue1447?api-version=2021-02-01",
      "EncodedRequestUri": "L3N1YnNjcmlwdGlvbnMvNDViNjBkODUtZmQ3Mi00MjdhLWE3MDgtZjk5NGQyNmU1OTNlL3Jlc291cmNlR3JvdXBzL3Jlczc2My9wcm92aWRlcnMvTWljcm9zb2Z0LlN0b3JhZ2Uvc3RvcmFnZUFjY291bnRzL3N0bzczMTYvcXVldWVTZXJ2aWNlcy9kZWZhdWx0L3F1ZXVlcy9xdWV1ZTE0NDc/YXBpLXZlcnNpb249MjAyMS0wMi0wMQ==",
      "RequestMethod": "GET",
      "RequestBody": "",
      "RequestHeaders": {
        "x-ms-client-request-id": [
          "df0ea69f-68fc-46cd-a051-98e527873b9e"
        ],
        "accept-language": [
          "en-US"
        ],
        "User-Agent": [
          "FxVersion/4.6.26614.01",
          "OSName/Windows",
          "OSVersion/Microsoft.Windows.10.0.19041.",
          "Microsoft.Azure.Management.Storage.StorageManagementClient/17.2.0.0"
        ]
      },
      "ResponseHeaders": {
        "Cache-Control": [
          "no-cache"
        ],
        "Date": [
          "Mon, 14 Sep 2020 06:28:52 GMT"
        ],
        "Pragma": [
          "no-cache"
        ],
        "Server": [
          "Microsoft-Azure-Storage-Resource-Provider/1.0,Microsoft-HTTPAPI/2.0 Microsoft-HTTPAPI/2.0"
        ],
        "x-ms-request-id": [
          "88394373-37e7-481a-860f-cf0a4f200968"
        ],
        "Strict-Transport-Security": [
          "max-age=31536000; includeSubDomains"
        ],
        "x-ms-ratelimit-remaining-subscription-reads": [
          "11975"
        ],
        "x-ms-correlation-request-id": [
          "0abb5ce4-5052-4ea3-91fb-01f1f82629b1"
        ],
        "x-ms-routing-request-id": [
          "SOUTHEASTASIA:20200914T062853Z:0abb5ce4-5052-4ea3-91fb-01f1f82629b1"
        ],
        "X-Content-Type-Options": [
          "nosniff"
        ],
        "Content-Length": [
          "313"
        ],
        "Content-Type": [
          "application/json"
        ],
        "Expires": [
          "-1"
        ]
      },
      "ResponseBody": "{\r\n  \"id\": \"/subscriptions/45b60d85-fd72-427a-a708-f994d26e593e/resourceGroups/res763/providers/Microsoft.Storage/storageAccounts/sto7316/queueServices/default/queues/queue1447\",\r\n  \"name\": \"queue1447\",\r\n  \"type\": \"Microsoft.Storage/storageAccounts/queueServices/queues\",\r\n  \"properties\": {\r\n    \"metadata\": {},\r\n    \"approximateMessageCount\": 0\r\n  }\r\n}",
      "StatusCode": 200
    },
    {
      "RequestUri": "/subscriptions/45b60d85-fd72-427a-a708-f994d26e593e/resourceGroups/res763/providers/Microsoft.Storage/storageAccounts/sto7316/queueServices/default/queues/queue1447?api-version=2021-02-01",
      "EncodedRequestUri": "L3N1YnNjcmlwdGlvbnMvNDViNjBkODUtZmQ3Mi00MjdhLWE3MDgtZjk5NGQyNmU1OTNlL3Jlc291cmNlR3JvdXBzL3Jlczc2My9wcm92aWRlcnMvTWljcm9zb2Z0LlN0b3JhZ2Uvc3RvcmFnZUFjY291bnRzL3N0bzczMTYvcXVldWVTZXJ2aWNlcy9kZWZhdWx0L3F1ZXVlcy9xdWV1ZTE0NDc/YXBpLXZlcnNpb249MjAyMS0wMi0wMQ==",
      "RequestMethod": "GET",
      "RequestBody": "",
      "RequestHeaders": {
        "x-ms-client-request-id": [
          "87f6bad7-e339-4c5d-9fa9-4bc0b23fbdca"
        ],
        "accept-language": [
          "en-US"
        ],
        "User-Agent": [
          "FxVersion/4.6.26614.01",
          "OSName/Windows",
          "OSVersion/Microsoft.Windows.10.0.19041.",
          "Microsoft.Azure.Management.Storage.StorageManagementClient/17.2.0.0"
        ]
      },
      "ResponseHeaders": {
        "Cache-Control": [
          "no-cache"
        ],
        "Date": [
          "Mon, 14 Sep 2020 06:28:54 GMT"
        ],
        "Pragma": [
          "no-cache"
        ],
        "Server": [
          "Microsoft-Azure-Storage-Resource-Provider/1.0,Microsoft-HTTPAPI/2.0 Microsoft-HTTPAPI/2.0"
        ],
        "x-ms-request-id": [
          "ea5b8a31-cbb3-4fb5-b4f9-c24c94efc157"
        ],
        "Strict-Transport-Security": [
          "max-age=31536000; includeSubDomains"
        ],
        "x-ms-ratelimit-remaining-subscription-reads": [
          "11973"
        ],
        "x-ms-correlation-request-id": [
          "b04d5e33-ebf2-44e5-befa-385fb9ddb265"
        ],
        "x-ms-routing-request-id": [
          "SOUTHEASTASIA:20200914T062854Z:b04d5e33-ebf2-44e5-befa-385fb9ddb265"
        ],
        "X-Content-Type-Options": [
          "nosniff"
        ],
        "Content-Length": [
          "352"
        ],
        "Content-Type": [
          "application/json"
        ],
        "Expires": [
          "-1"
        ]
      },
      "ResponseBody": "{\r\n  \"id\": \"/subscriptions/45b60d85-fd72-427a-a708-f994d26e593e/resourceGroups/res763/providers/Microsoft.Storage/storageAccounts/sto7316/queueServices/default/queues/queue1447\",\r\n  \"name\": \"queue1447\",\r\n  \"type\": \"Microsoft.Storage/storageAccounts/queueServices/queues\",\r\n  \"properties\": {\r\n    \"metadata\": {\r\n      \"metadata1\": \"true\",\r\n      \"metadata2\": \"value2\"\r\n    },\r\n    \"approximateMessageCount\": 0\r\n  }\r\n}",
      "StatusCode": 200
    },
    {
      "RequestUri": "/subscriptions/45b60d85-fd72-427a-a708-f994d26e593e/resourceGroups/res763/providers/Microsoft.Storage/storageAccounts/sto7316/queueServices/default/queues/queue22351?api-version=2021-02-01",
      "EncodedRequestUri": "L3N1YnNjcmlwdGlvbnMvNDViNjBkODUtZmQ3Mi00MjdhLWE3MDgtZjk5NGQyNmU1OTNlL3Jlc291cmNlR3JvdXBzL3Jlczc2My9wcm92aWRlcnMvTWljcm9zb2Z0LlN0b3JhZ2Uvc3RvcmFnZUFjY291bnRzL3N0bzczMTYvcXVldWVTZXJ2aWNlcy9kZWZhdWx0L3F1ZXVlcy9xdWV1ZTIyMzUxP2FwaS12ZXJzaW9uPTIwMjEtMDItMDE=",
      "RequestMethod": "PUT",
      "RequestBody": "{\r\n  \"properties\": {\r\n    \"metadata\": {\r\n      \"metadata1\": \"true\",\r\n      \"metadata2\": \"value2\"\r\n    }\r\n  }\r\n}",
      "RequestHeaders": {
        "x-ms-client-request-id": [
          "383de963-9316-495e-976e-25f8e48bc3cf"
        ],
        "accept-language": [
          "en-US"
        ],
        "User-Agent": [
          "FxVersion/4.6.26614.01",
          "OSName/Windows",
          "OSVersion/Microsoft.Windows.10.0.19041.",
          "Microsoft.Azure.Management.Storage.StorageManagementClient/17.2.0.0"
        ],
        "Content-Type": [
          "application/json; charset=utf-8"
        ],
        "Content-Length": [
          "111"
        ]
      },
      "ResponseHeaders": {
        "Cache-Control": [
          "no-cache"
        ],
        "Date": [
          "Mon, 14 Sep 2020 06:28:53 GMT"
        ],
        "Pragma": [
          "no-cache"
        ],
        "Server": [
          "Microsoft-Azure-Storage-Resource-Provider/1.0,Microsoft-HTTPAPI/2.0 Microsoft-HTTPAPI/2.0"
        ],
        "x-ms-request-id": [
          "efe03348-01c2-4435-bc15-aaccdb11e8bd"
        ],
        "Strict-Transport-Security": [
          "max-age=31536000; includeSubDomains"
        ],
        "x-ms-ratelimit-remaining-subscription-writes": [
          "1175"
        ],
        "x-ms-correlation-request-id": [
          "4489f68e-3836-4f62-8e0c-caf89bef3a1c"
        ],
        "x-ms-routing-request-id": [
          "SOUTHEASTASIA:20200914T062853Z:4489f68e-3836-4f62-8e0c-caf89bef3a1c"
        ],
        "X-Content-Type-Options": [
          "nosniff"
        ],
        "Content-Length": [
          "326"
        ],
        "Content-Type": [
          "application/json"
        ],
        "Expires": [
          "-1"
        ]
      },
      "ResponseBody": "{\r\n  \"id\": \"/subscriptions/45b60d85-fd72-427a-a708-f994d26e593e/resourceGroups/res763/providers/Microsoft.Storage/storageAccounts/sto7316/queueServices/default/queues/queue22351\",\r\n  \"name\": \"queue22351\",\r\n  \"type\": \"Microsoft.Storage/storageAccounts/queueServices/queues\",\r\n  \"properties\": {\r\n    \"metadata\": {\r\n      \"metadata1\": \"true\",\r\n      \"metadata2\": \"value2\"\r\n    }\r\n  }\r\n}",
      "StatusCode": 200
    },
    {
      "RequestUri": "/subscriptions/45b60d85-fd72-427a-a708-f994d26e593e/resourceGroups/res763/providers/Microsoft.Storage/storageAccounts/sto7316/queueServices/default/queues/queue22351?api-version=2021-02-01",
      "EncodedRequestUri": "L3N1YnNjcmlwdGlvbnMvNDViNjBkODUtZmQ3Mi00MjdhLWE3MDgtZjk5NGQyNmU1OTNlL3Jlc291cmNlR3JvdXBzL3Jlczc2My9wcm92aWRlcnMvTWljcm9zb2Z0LlN0b3JhZ2Uvc3RvcmFnZUFjY291bnRzL3N0bzczMTYvcXVldWVTZXJ2aWNlcy9kZWZhdWx0L3F1ZXVlcy9xdWV1ZTIyMzUxP2FwaS12ZXJzaW9uPTIwMjEtMDItMDE=",
      "RequestMethod": "GET",
      "RequestBody": "",
      "RequestHeaders": {
        "x-ms-client-request-id": [
          "6ed07c57-d7a6-4aba-a7f4-257a6133dcca"
        ],
        "accept-language": [
          "en-US"
        ],
        "User-Agent": [
          "FxVersion/4.6.26614.01",
          "OSName/Windows",
          "OSVersion/Microsoft.Windows.10.0.19041.",
          "Microsoft.Azure.Management.Storage.StorageManagementClient/17.2.0.0"
        ]
      },
      "ResponseHeaders": {
        "Cache-Control": [
          "no-cache"
        ],
        "Date": [
          "Mon, 14 Sep 2020 06:28:53 GMT"
        ],
        "Pragma": [
          "no-cache"
        ],
        "Server": [
          "Microsoft-Azure-Storage-Resource-Provider/1.0,Microsoft-HTTPAPI/2.0 Microsoft-HTTPAPI/2.0"
        ],
        "x-ms-request-id": [
          "36a2e7c5-055d-4480-921f-ad32b52184e3"
        ],
        "Strict-Transport-Security": [
          "max-age=31536000; includeSubDomains"
        ],
        "x-ms-ratelimit-remaining-subscription-reads": [
          "11974"
        ],
        "x-ms-correlation-request-id": [
          "7ee2e699-06d5-4cfc-9b9d-b4b6aa2ab7ff"
        ],
        "x-ms-routing-request-id": [
          "SOUTHEASTASIA:20200914T062853Z:7ee2e699-06d5-4cfc-9b9d-b4b6aa2ab7ff"
        ],
        "X-Content-Type-Options": [
          "nosniff"
        ],
        "Content-Length": [
          "354"
        ],
        "Content-Type": [
          "application/json"
        ],
        "Expires": [
          "-1"
        ]
      },
      "ResponseBody": "{\r\n  \"id\": \"/subscriptions/45b60d85-fd72-427a-a708-f994d26e593e/resourceGroups/res763/providers/Microsoft.Storage/storageAccounts/sto7316/queueServices/default/queues/queue22351\",\r\n  \"name\": \"queue22351\",\r\n  \"type\": \"Microsoft.Storage/storageAccounts/queueServices/queues\",\r\n  \"properties\": {\r\n    \"metadata\": {\r\n      \"metadata1\": \"true\",\r\n      \"metadata2\": \"value2\"\r\n    },\r\n    \"approximateMessageCount\": 0\r\n  }\r\n}",
      "StatusCode": 200
    },
    {
      "RequestUri": "/subscriptions/45b60d85-fd72-427a-a708-f994d26e593e/resourceGroups/res763/providers/Microsoft.Storage/storageAccounts/sto7316/queueServices/default/queues/queue1447?api-version=2021-02-01",
      "EncodedRequestUri": "L3N1YnNjcmlwdGlvbnMvNDViNjBkODUtZmQ3Mi00MjdhLWE3MDgtZjk5NGQyNmU1OTNlL3Jlc291cmNlR3JvdXBzL3Jlczc2My9wcm92aWRlcnMvTWljcm9zb2Z0LlN0b3JhZ2Uvc3RvcmFnZUFjY291bnRzL3N0bzczMTYvcXVldWVTZXJ2aWNlcy9kZWZhdWx0L3F1ZXVlcy9xdWV1ZTE0NDc/YXBpLXZlcnNpb249MjAyMS0wMi0wMQ==",
      "RequestMethod": "PATCH",
      "RequestBody": "{\r\n  \"properties\": {\r\n    \"metadata\": {\r\n      \"metadata1\": \"true\",\r\n      \"metadata2\": \"value2\"\r\n    }\r\n  }\r\n}",
      "RequestHeaders": {
        "x-ms-client-request-id": [
          "3910db35-368d-42c8-9487-0a6250264cc8"
        ],
        "accept-language": [
          "en-US"
        ],
        "User-Agent": [
          "FxVersion/4.6.26614.01",
          "OSName/Windows",
          "OSVersion/Microsoft.Windows.10.0.19041.",
          "Microsoft.Azure.Management.Storage.StorageManagementClient/17.2.0.0"
        ],
        "Content-Type": [
          "application/json; charset=utf-8"
        ],
        "Content-Length": [
          "111"
        ]
      },
      "ResponseHeaders": {
        "Cache-Control": [
          "no-cache"
        ],
        "Date": [
          "Mon, 14 Sep 2020 06:28:54 GMT"
        ],
        "Pragma": [
          "no-cache"
        ],
        "Server": [
          "Microsoft-Azure-Storage-Resource-Provider/1.0,Microsoft-HTTPAPI/2.0 Microsoft-HTTPAPI/2.0"
        ],
        "x-ms-request-id": [
          "09e8fdc4-ad0a-4b60-9608-7da9902114e3"
        ],
        "Strict-Transport-Security": [
          "max-age=31536000; includeSubDomains"
        ],
        "x-ms-ratelimit-remaining-subscription-writes": [
          "1174"
        ],
        "x-ms-correlation-request-id": [
          "0f5eaba9-5ea0-41e2-b5c4-7f687e5f20ea"
        ],
        "x-ms-routing-request-id": [
          "SOUTHEASTASIA:20200914T062854Z:0f5eaba9-5ea0-41e2-b5c4-7f687e5f20ea"
        ],
        "X-Content-Type-Options": [
          "nosniff"
        ],
        "Content-Length": [
          "324"
        ],
        "Content-Type": [
          "application/json"
        ],
        "Expires": [
          "-1"
        ]
      },
      "ResponseBody": "{\r\n  \"id\": \"/subscriptions/45b60d85-fd72-427a-a708-f994d26e593e/resourceGroups/res763/providers/Microsoft.Storage/storageAccounts/sto7316/queueServices/default/queues/queue1447\",\r\n  \"name\": \"queue1447\",\r\n  \"type\": \"Microsoft.Storage/storageAccounts/queueServices/queues\",\r\n  \"properties\": {\r\n    \"metadata\": {\r\n      \"metadata1\": \"true\",\r\n      \"metadata2\": \"value2\"\r\n    }\r\n  }\r\n}",
      "StatusCode": 200
    },
    {
      "RequestUri": "/subscriptions/45b60d85-fd72-427a-a708-f994d26e593e/resourceGroups/res763/providers/Microsoft.Storage/storageAccounts/sto7316/queueServices/default/queues?api-version=2021-02-01",
      "EncodedRequestUri": "L3N1YnNjcmlwdGlvbnMvNDViNjBkODUtZmQ3Mi00MjdhLWE3MDgtZjk5NGQyNmU1OTNlL3Jlc291cmNlR3JvdXBzL3Jlczc2My9wcm92aWRlcnMvTWljcm9zb2Z0LlN0b3JhZ2Uvc3RvcmFnZUFjY291bnRzL3N0bzczMTYvcXVldWVTZXJ2aWNlcy9kZWZhdWx0L3F1ZXVlcz9hcGktdmVyc2lvbj0yMDIxLTAyLTAx",
      "RequestMethod": "GET",
      "RequestBody": "",
      "RequestHeaders": {
        "x-ms-client-request-id": [
          "cf07bb51-f8a4-4d84-b0a1-e2f84df6ab29"
        ],
        "accept-language": [
          "en-US"
        ],
        "User-Agent": [
          "FxVersion/4.6.26614.01",
          "OSName/Windows",
          "OSVersion/Microsoft.Windows.10.0.19041.",
          "Microsoft.Azure.Management.Storage.StorageManagementClient/17.2.0.0"
        ]
      },
      "ResponseHeaders": {
        "Cache-Control": [
          "no-cache"
        ],
        "Date": [
          "Mon, 14 Sep 2020 06:28:54 GMT"
        ],
        "Pragma": [
          "no-cache"
        ],
        "Server": [
          "Microsoft-Azure-Storage-Resource-Provider/1.0,Microsoft-HTTPAPI/2.0 Microsoft-HTTPAPI/2.0"
        ],
        "x-ms-request-id": [
          "2cd1b4a7-7237-48be-a902-8e9a54ea762e"
        ],
        "Strict-Transport-Security": [
          "max-age=31536000; includeSubDomains"
        ],
        "x-ms-ratelimit-remaining-subscription-reads": [
          "11972"
        ],
        "x-ms-correlation-request-id": [
          "27c5f5bf-df54-4240-9911-46885e8a832c"
        ],
        "x-ms-routing-request-id": [
          "SOUTHEASTASIA:20200914T062855Z:27c5f5bf-df54-4240-9911-46885e8a832c"
        ],
        "X-Content-Type-Options": [
          "nosniff"
        ],
        "Content-Length": [
          "663"
        ],
        "Content-Type": [
          "application/json"
        ],
        "Expires": [
          "-1"
        ]
      },
      "ResponseBody": "{\r\n  \"value\": [\r\n    {\r\n      \"id\": \"/subscriptions/45b60d85-fd72-427a-a708-f994d26e593e/resourceGroups/res763/providers/Microsoft.Storage/storageAccounts/sto7316/queueServices/default/queues/queue1447\",\r\n      \"name\": \"queue1447\",\r\n      \"type\": \"Microsoft.Storage/storageAccounts/queueServices/queues\",\r\n      \"properties\": {\r\n        \"metadata\": {\r\n          \"metadata1\": \"true\",\r\n          \"metadata2\": \"value2\"\r\n        }\r\n      }\r\n    },\r\n    {\r\n      \"id\": \"/subscriptions/45b60d85-fd72-427a-a708-f994d26e593e/resourceGroups/res763/providers/Microsoft.Storage/storageAccounts/sto7316/queueServices/default/queues/queue22351\",\r\n      \"name\": \"queue22351\",\r\n      \"type\": \"Microsoft.Storage/storageAccounts/queueServices/queues\",\r\n      \"properties\": {\r\n        \"metadata\": {\r\n          \"metadata1\": \"true\",\r\n          \"metadata2\": \"value2\"\r\n        }\r\n      }\r\n    }\r\n  ]\r\n}",
      "StatusCode": 200
    },
    {
      "RequestUri": "/subscriptions/45b60d85-fd72-427a-a708-f994d26e593e/resourceGroups/res763/providers/Microsoft.Storage/storageAccounts/sto7316/queueServices/default/queues?api-version=2021-02-01",
      "EncodedRequestUri": "L3N1YnNjcmlwdGlvbnMvNDViNjBkODUtZmQ3Mi00MjdhLWE3MDgtZjk5NGQyNmU1OTNlL3Jlc291cmNlR3JvdXBzL3Jlczc2My9wcm92aWRlcnMvTWljcm9zb2Z0LlN0b3JhZ2Uvc3RvcmFnZUFjY291bnRzL3N0bzczMTYvcXVldWVTZXJ2aWNlcy9kZWZhdWx0L3F1ZXVlcz9hcGktdmVyc2lvbj0yMDIxLTAyLTAx",
      "RequestMethod": "GET",
      "RequestBody": "",
      "RequestHeaders": {
        "x-ms-client-request-id": [
          "6d46695d-a35c-45d4-bee0-5e4a59d61396"
        ],
        "accept-language": [
          "en-US"
        ],
        "User-Agent": [
          "FxVersion/4.6.26614.01",
          "OSName/Windows",
          "OSVersion/Microsoft.Windows.10.0.19041.",
          "Microsoft.Azure.Management.Storage.StorageManagementClient/17.2.0.0"
        ]
      },
      "ResponseHeaders": {
        "Cache-Control": [
          "no-cache"
        ],
        "Date": [
          "Mon, 14 Sep 2020 06:28:55 GMT"
        ],
        "Pragma": [
          "no-cache"
        ],
        "Server": [
          "Microsoft-Azure-Storage-Resource-Provider/1.0,Microsoft-HTTPAPI/2.0 Microsoft-HTTPAPI/2.0"
        ],
        "x-ms-request-id": [
          "98d9a4da-6c89-4703-933e-b1e7c36d6f7f"
        ],
        "Strict-Transport-Security": [
          "max-age=31536000; includeSubDomains"
        ],
        "x-ms-ratelimit-remaining-subscription-reads": [
          "11971"
        ],
        "x-ms-correlation-request-id": [
          "e317bee5-183c-4f95-a1e3-1102bc9f71af"
        ],
        "x-ms-routing-request-id": [
          "SOUTHEASTASIA:20200914T062855Z:e317bee5-183c-4f95-a1e3-1102bc9f71af"
        ],
        "X-Content-Type-Options": [
          "nosniff"
        ],
        "Content-Length": [
          "338"
        ],
        "Content-Type": [
          "application/json"
        ],
        "Expires": [
          "-1"
        ]
      },
      "ResponseBody": "{\r\n  \"value\": [\r\n    {\r\n      \"id\": \"/subscriptions/45b60d85-fd72-427a-a708-f994d26e593e/resourceGroups/res763/providers/Microsoft.Storage/storageAccounts/sto7316/queueServices/default/queues/queue22351\",\r\n      \"name\": \"queue22351\",\r\n      \"type\": \"Microsoft.Storage/storageAccounts/queueServices/queues\",\r\n      \"properties\": {\r\n        \"metadata\": {\r\n          \"metadata1\": \"true\",\r\n          \"metadata2\": \"value2\"\r\n        }\r\n      }\r\n    }\r\n  ]\r\n}",
      "StatusCode": 200
    },
    {
      "RequestUri": "/subscriptions/45b60d85-fd72-427a-a708-f994d26e593e/resourceGroups/res763/providers/Microsoft.Storage/storageAccounts/sto7316/queueServices/default/queues?api-version=2021-02-01",
      "EncodedRequestUri": "L3N1YnNjcmlwdGlvbnMvNDViNjBkODUtZmQ3Mi00MjdhLWE3MDgtZjk5NGQyNmU1OTNlL3Jlc291cmNlR3JvdXBzL3Jlczc2My9wcm92aWRlcnMvTWljcm9zb2Z0LlN0b3JhZ2Uvc3RvcmFnZUFjY291bnRzL3N0bzczMTYvcXVldWVTZXJ2aWNlcy9kZWZhdWx0L3F1ZXVlcz9hcGktdmVyc2lvbj0yMDIxLTAyLTAx",
      "RequestMethod": "GET",
      "RequestBody": "",
      "RequestHeaders": {
        "x-ms-client-request-id": [
          "06be54e9-1523-4595-ba14-ad089e628344"
        ],
        "accept-language": [
          "en-US"
        ],
        "User-Agent": [
          "FxVersion/4.6.26614.01",
          "OSName/Windows",
          "OSVersion/Microsoft.Windows.10.0.19041.",
          "Microsoft.Azure.Management.Storage.StorageManagementClient/17.2.0.0"
        ]
      },
      "ResponseHeaders": {
        "Cache-Control": [
          "no-cache"
        ],
        "Date": [
          "Mon, 14 Sep 2020 06:28:56 GMT"
        ],
        "Pragma": [
          "no-cache"
        ],
        "Server": [
          "Microsoft-Azure-Storage-Resource-Provider/1.0,Microsoft-HTTPAPI/2.0 Microsoft-HTTPAPI/2.0"
        ],
        "x-ms-request-id": [
          "431cbdc0-a0dd-4c0f-84bc-f28923c146aa"
        ],
        "Strict-Transport-Security": [
          "max-age=31536000; includeSubDomains"
        ],
        "x-ms-ratelimit-remaining-subscription-reads": [
          "11970"
        ],
        "x-ms-correlation-request-id": [
          "1374e60c-330c-4f44-8561-d8627c149918"
        ],
        "x-ms-routing-request-id": [
          "SOUTHEASTASIA:20200914T062856Z:1374e60c-330c-4f44-8561-d8627c149918"
        ],
        "X-Content-Type-Options": [
          "nosniff"
        ],
        "Content-Length": [
          "12"
        ],
        "Content-Type": [
          "application/json"
        ],
        "Expires": [
          "-1"
        ]
      },
      "ResponseBody": "{\r\n  \"value\": []\r\n}",
      "StatusCode": 200
    },
    {
      "RequestUri": "/subscriptions/45b60d85-fd72-427a-a708-f994d26e593e/resourceGroups/res763/providers/Microsoft.Storage/storageAccounts/sto7316/queueServices/default/queues/queue1447?api-version=2021-02-01",
      "EncodedRequestUri": "L3N1YnNjcmlwdGlvbnMvNDViNjBkODUtZmQ3Mi00MjdhLWE3MDgtZjk5NGQyNmU1OTNlL3Jlc291cmNlR3JvdXBzL3Jlczc2My9wcm92aWRlcnMvTWljcm9zb2Z0LlN0b3JhZ2Uvc3RvcmFnZUFjY291bnRzL3N0bzczMTYvcXVldWVTZXJ2aWNlcy9kZWZhdWx0L3F1ZXVlcy9xdWV1ZTE0NDc/YXBpLXZlcnNpb249MjAyMS0wMi0wMQ==",
      "RequestMethod": "DELETE",
      "RequestBody": "",
      "RequestHeaders": {
        "x-ms-client-request-id": [
          "06b6e524-2e83-43df-ba2a-b3c0578af02b"
        ],
        "accept-language": [
          "en-US"
        ],
        "User-Agent": [
          "FxVersion/4.6.26614.01",
          "OSName/Windows",
          "OSVersion/Microsoft.Windows.10.0.19041.",
          "Microsoft.Azure.Management.Storage.StorageManagementClient/17.2.0.0"
        ]
      },
      "ResponseHeaders": {
        "Cache-Control": [
          "no-cache"
        ],
        "Date": [
          "Mon, 14 Sep 2020 06:28:55 GMT"
        ],
        "Pragma": [
          "no-cache"
        ],
        "Server": [
          "Microsoft-Azure-Storage-Resource-Provider/1.0,Microsoft-HTTPAPI/2.0 Microsoft-HTTPAPI/2.0"
        ],
        "x-ms-request-id": [
          "46a42d70-bd8e-4fa1-a930-de65a125e620"
        ],
        "Strict-Transport-Security": [
          "max-age=31536000; includeSubDomains"
        ],
        "x-ms-ratelimit-remaining-subscription-deletes": [
          "14983"
        ],
        "x-ms-correlation-request-id": [
          "c6c38cec-7009-4588-a962-27a3b443ba31"
        ],
        "x-ms-routing-request-id": [
          "SOUTHEASTASIA:20200914T062855Z:c6c38cec-7009-4588-a962-27a3b443ba31"
        ],
        "X-Content-Type-Options": [
          "nosniff"
        ],
        "Content-Type": [
          "text/plain; charset=utf-8"
        ],
        "Expires": [
          "-1"
        ]
      },
      "ResponseBody": "",
      "StatusCode": 204
    },
    {
      "RequestUri": "/subscriptions/45b60d85-fd72-427a-a708-f994d26e593e/resourceGroups/res763/providers/Microsoft.Storage/storageAccounts/sto7316/queueServices/default/queues/queue22351?api-version=2021-02-01",
      "EncodedRequestUri": "L3N1YnNjcmlwdGlvbnMvNDViNjBkODUtZmQ3Mi00MjdhLWE3MDgtZjk5NGQyNmU1OTNlL3Jlc291cmNlR3JvdXBzL3Jlczc2My9wcm92aWRlcnMvTWljcm9zb2Z0LlN0b3JhZ2Uvc3RvcmFnZUFjY291bnRzL3N0bzczMTYvcXVldWVTZXJ2aWNlcy9kZWZhdWx0L3F1ZXVlcy9xdWV1ZTIyMzUxP2FwaS12ZXJzaW9uPTIwMjEtMDItMDE=",
      "RequestMethod": "DELETE",
      "RequestBody": "",
      "RequestHeaders": {
        "x-ms-client-request-id": [
          "7651a0a7-8f40-4312-8ecf-202af4168ba4"
        ],
        "accept-language": [
          "en-US"
        ],
        "User-Agent": [
          "FxVersion/4.6.26614.01",
          "OSName/Windows",
          "OSVersion/Microsoft.Windows.10.0.19041.",
          "Microsoft.Azure.Management.Storage.StorageManagementClient/17.2.0.0"
        ]
      },
      "ResponseHeaders": {
        "Cache-Control": [
          "no-cache"
        ],
        "Date": [
          "Mon, 14 Sep 2020 06:28:55 GMT"
        ],
        "Pragma": [
          "no-cache"
        ],
        "Server": [
          "Microsoft-Azure-Storage-Resource-Provider/1.0,Microsoft-HTTPAPI/2.0 Microsoft-HTTPAPI/2.0"
        ],
        "x-ms-request-id": [
          "00a70d1d-a09e-49c5-8a83-b881f1435a8e"
        ],
        "Strict-Transport-Security": [
          "max-age=31536000; includeSubDomains"
        ],
        "x-ms-ratelimit-remaining-subscription-deletes": [
          "14982"
        ],
        "x-ms-correlation-request-id": [
          "82fdbe9c-c67f-450a-acf1-4a31d0262bf5"
        ],
        "x-ms-routing-request-id": [
          "SOUTHEASTASIA:20200914T062856Z:82fdbe9c-c67f-450a-acf1-4a31d0262bf5"
        ],
        "X-Content-Type-Options": [
          "nosniff"
        ],
        "Content-Type": [
          "text/plain; charset=utf-8"
        ],
        "Expires": [
          "-1"
        ]
      },
      "ResponseBody": "",
      "StatusCode": 204
    },
    {
      "RequestUri": "/subscriptions/45b60d85-fd72-427a-a708-f994d26e593e/resourceGroups/res763/providers/Microsoft.Storage/storageAccounts/sto7316?api-version=2021-02-01",
      "EncodedRequestUri": "L3N1YnNjcmlwdGlvbnMvNDViNjBkODUtZmQ3Mi00MjdhLWE3MDgtZjk5NGQyNmU1OTNlL3Jlc291cmNlR3JvdXBzL3Jlczc2My9wcm92aWRlcnMvTWljcm9zb2Z0LlN0b3JhZ2Uvc3RvcmFnZUFjY291bnRzL3N0bzczMTY/YXBpLXZlcnNpb249MjAyMS0wMi0wMQ==",
      "RequestMethod": "DELETE",
      "RequestBody": "",
      "RequestHeaders": {
        "x-ms-client-request-id": [
          "13d32fb8-5e27-4d2a-9622-04d4674ea21c"
        ],
        "accept-language": [
          "en-US"
        ],
        "User-Agent": [
          "FxVersion/4.6.26614.01",
          "OSName/Windows",
          "OSVersion/Microsoft.Windows.10.0.19041.",
          "Microsoft.Azure.Management.Storage.StorageManagementClient/17.2.0.0"
        ]
      },
      "ResponseHeaders": {
        "Cache-Control": [
          "no-cache"
        ],
        "Date": [
          "Mon, 14 Sep 2020 06:29:04 GMT"
        ],
        "Pragma": [
          "no-cache"
        ],
        "Server": [
          "Microsoft-Azure-Storage-Resource-Provider/1.0,Microsoft-HTTPAPI/2.0 Microsoft-HTTPAPI/2.0"
        ],
        "x-ms-request-id": [
          "ff1e3d83-2c88-40df-addd-178e6a6b0df0"
        ],
        "Strict-Transport-Security": [
          "max-age=31536000; includeSubDomains"
        ],
        "x-ms-ratelimit-remaining-subscription-deletes": [
          "14981"
        ],
        "x-ms-correlation-request-id": [
          "b746a597-ba32-4f8c-aac2-5ff19e6135c6"
        ],
        "x-ms-routing-request-id": [
          "SOUTHEASTASIA:20200914T062905Z:b746a597-ba32-4f8c-aac2-5ff19e6135c6"
        ],
        "X-Content-Type-Options": [
          "nosniff"
        ],
        "Content-Length": [
          "0"
        ],
        "Content-Type": [
          "text/plain; charset=utf-8"
        ],
        "Expires": [
          "-1"
        ]
      },
      "ResponseBody": "",
      "StatusCode": 200
    },
    {
      "RequestUri": "/subscriptions/45b60d85-fd72-427a-a708-f994d26e593e/resourcegroups/res763?api-version=2015-11-01",
      "EncodedRequestUri": "L3N1YnNjcmlwdGlvbnMvNDViNjBkODUtZmQ3Mi00MjdhLWE3MDgtZjk5NGQyNmU1OTNlL3Jlc291cmNlZ3JvdXBzL3Jlczc2Mz9hcGktdmVyc2lvbj0yMDE1LTExLTAx",
      "RequestMethod": "DELETE",
      "RequestBody": "",
      "RequestHeaders": {
        "x-ms-client-request-id": [
          "7c19048e-8651-41c6-b9b2-50a2ccfcaf3e"
        ],
        "accept-language": [
          "en-US"
        ],
        "User-Agent": [
          "FxVersion/4.6.26614.01",
          "OSName/Windows",
          "OSVersion/Microsoft.Windows.10.0.19041.",
          "Microsoft.Azure.Management.Resources.ResourceManagementClient/1.0.0.0"
        ]
      },
      "ResponseHeaders": {
        "Cache-Control": [
          "no-cache"
        ],
        "Date": [
          "Mon, 14 Sep 2020 06:29:19 GMT"
        ],
        "Pragma": [
          "no-cache"
        ],
        "Location": [
          "https://management.azure.com/subscriptions/45b60d85-fd72-427a-a708-f994d26e593e/operationresults/eyJqb2JJZCI6IlJFU09VUkNFR1JPVVBERUxFVElPTkpPQi1SRVM3NjMtRUFTVFVTMiIsImpvYkxvY2F0aW9uIjoiZWFzdHVzMiJ9?api-version=2015-11-01"
        ],
        "Retry-After": [
          "15"
        ],
        "x-ms-ratelimit-remaining-subscription-deletes": [
          "14980"
        ],
        "x-ms-request-id": [
          "db55f4af-9a56-424f-854c-88bb416be000"
        ],
        "x-ms-correlation-request-id": [
          "db55f4af-9a56-424f-854c-88bb416be000"
        ],
        "x-ms-routing-request-id": [
          "SOUTHEASTASIA:20200914T062920Z:db55f4af-9a56-424f-854c-88bb416be000"
        ],
        "Strict-Transport-Security": [
          "max-age=31536000; includeSubDomains"
        ],
        "X-Content-Type-Options": [
          "nosniff"
        ],
        "Content-Length": [
          "0"
        ],
        "Expires": [
          "-1"
        ]
      },
      "ResponseBody": "",
      "StatusCode": 202
    },
    {
      "RequestUri": "/subscriptions/45b60d85-fd72-427a-a708-f994d26e593e/operationresults/eyJqb2JJZCI6IlJFU09VUkNFR1JPVVBERUxFVElPTkpPQi1SRVM3NjMtRUFTVFVTMiIsImpvYkxvY2F0aW9uIjoiZWFzdHVzMiJ9?api-version=2015-11-01",
      "EncodedRequestUri": "L3N1YnNjcmlwdGlvbnMvNDViNjBkODUtZmQ3Mi00MjdhLWE3MDgtZjk5NGQyNmU1OTNlL29wZXJhdGlvbnJlc3VsdHMvZXlKcWIySkpaQ0k2SWxKRlUwOVZVa05GUjFKUFZWQkVSVXhGVkVsUFRrcFBRaTFTUlZNM05qTXRSVUZUVkZWVE1pSXNJbXB2WWt4dlkyRjBhVzl1SWpvaVpXRnpkSFZ6TWlKOT9hcGktdmVyc2lvbj0yMDE1LTExLTAx",
      "RequestMethod": "GET",
      "RequestBody": "",
      "RequestHeaders": {
        "User-Agent": [
          "FxVersion/4.6.26614.01",
          "OSName/Windows",
          "OSVersion/Microsoft.Windows.10.0.19041.",
          "Microsoft.Azure.Management.Resources.ResourceManagementClient/1.0.0.0"
        ]
      },
      "ResponseHeaders": {
        "Cache-Control": [
          "no-cache"
        ],
        "Date": [
          "Mon, 14 Sep 2020 06:29:34 GMT"
        ],
        "Pragma": [
          "no-cache"
        ],
        "Location": [
          "https://management.azure.com/subscriptions/45b60d85-fd72-427a-a708-f994d26e593e/operationresults/eyJqb2JJZCI6IlJFU09VUkNFR1JPVVBERUxFVElPTkpPQi1SRVM3NjMtRUFTVFVTMiIsImpvYkxvY2F0aW9uIjoiZWFzdHVzMiJ9?api-version=2015-11-01"
        ],
        "Retry-After": [
          "15"
        ],
        "x-ms-ratelimit-remaining-subscription-reads": [
          "11969"
        ],
        "x-ms-request-id": [
          "e6e04bb7-1226-4036-83ef-3c61f6f907fc"
        ],
        "x-ms-correlation-request-id": [
          "e6e04bb7-1226-4036-83ef-3c61f6f907fc"
        ],
        "x-ms-routing-request-id": [
          "SOUTHEASTASIA:20200914T062935Z:e6e04bb7-1226-4036-83ef-3c61f6f907fc"
        ],
        "Strict-Transport-Security": [
          "max-age=31536000; includeSubDomains"
        ],
        "X-Content-Type-Options": [
          "nosniff"
        ],
        "Content-Length": [
          "0"
        ],
        "Expires": [
          "-1"
        ]
      },
      "ResponseBody": "",
      "StatusCode": 202
    },
    {
      "RequestUri": "/subscriptions/45b60d85-fd72-427a-a708-f994d26e593e/operationresults/eyJqb2JJZCI6IlJFU09VUkNFR1JPVVBERUxFVElPTkpPQi1SRVM3NjMtRUFTVFVTMiIsImpvYkxvY2F0aW9uIjoiZWFzdHVzMiJ9?api-version=2015-11-01",
      "EncodedRequestUri": "L3N1YnNjcmlwdGlvbnMvNDViNjBkODUtZmQ3Mi00MjdhLWE3MDgtZjk5NGQyNmU1OTNlL29wZXJhdGlvbnJlc3VsdHMvZXlKcWIySkpaQ0k2SWxKRlUwOVZVa05GUjFKUFZWQkVSVXhGVkVsUFRrcFBRaTFTUlZNM05qTXRSVUZUVkZWVE1pSXNJbXB2WWt4dlkyRjBhVzl1SWpvaVpXRnpkSFZ6TWlKOT9hcGktdmVyc2lvbj0yMDE1LTExLTAx",
      "RequestMethod": "GET",
      "RequestBody": "",
      "RequestHeaders": {
        "User-Agent": [
          "FxVersion/4.6.26614.01",
          "OSName/Windows",
          "OSVersion/Microsoft.Windows.10.0.19041.",
          "Microsoft.Azure.Management.Resources.ResourceManagementClient/1.0.0.0"
        ]
      },
      "ResponseHeaders": {
        "Cache-Control": [
          "no-cache"
        ],
        "Date": [
          "Mon, 14 Sep 2020 06:29:50 GMT"
        ],
        "Pragma": [
          "no-cache"
        ],
        "x-ms-ratelimit-remaining-subscription-reads": [
          "11968"
        ],
        "x-ms-request-id": [
          "7f65d597-87ad-4e28-9d25-6b297776be49"
        ],
        "x-ms-correlation-request-id": [
          "7f65d597-87ad-4e28-9d25-6b297776be49"
        ],
        "x-ms-routing-request-id": [
          "SOUTHEASTASIA:20200914T062951Z:7f65d597-87ad-4e28-9d25-6b297776be49"
        ],
        "Strict-Transport-Security": [
          "max-age=31536000; includeSubDomains"
        ],
        "X-Content-Type-Options": [
          "nosniff"
        ],
        "Content-Length": [
          "0"
        ],
        "Expires": [
          "-1"
        ]
      },
      "ResponseBody": "",
      "StatusCode": 200
    },
    {
      "RequestUri": "/subscriptions/45b60d85-fd72-427a-a708-f994d26e593e/operationresults/eyJqb2JJZCI6IlJFU09VUkNFR1JPVVBERUxFVElPTkpPQi1SRVM3NjMtRUFTVFVTMiIsImpvYkxvY2F0aW9uIjoiZWFzdHVzMiJ9?api-version=2015-11-01",
      "EncodedRequestUri": "L3N1YnNjcmlwdGlvbnMvNDViNjBkODUtZmQ3Mi00MjdhLWE3MDgtZjk5NGQyNmU1OTNlL29wZXJhdGlvbnJlc3VsdHMvZXlKcWIySkpaQ0k2SWxKRlUwOVZVa05GUjFKUFZWQkVSVXhGVkVsUFRrcFBRaTFTUlZNM05qTXRSVUZUVkZWVE1pSXNJbXB2WWt4dlkyRjBhVzl1SWpvaVpXRnpkSFZ6TWlKOT9hcGktdmVyc2lvbj0yMDE1LTExLTAx",
      "RequestMethod": "GET",
      "RequestBody": "",
      "RequestHeaders": {
        "User-Agent": [
          "FxVersion/4.6.26614.01",
          "OSName/Windows",
          "OSVersion/Microsoft.Windows.10.0.19041.",
          "Microsoft.Azure.Management.Resources.ResourceManagementClient/1.0.0.0"
        ]
      },
      "ResponseHeaders": {
        "Cache-Control": [
          "no-cache"
        ],
        "Date": [
          "Mon, 14 Sep 2020 06:29:50 GMT"
        ],
        "Pragma": [
          "no-cache"
        ],
        "x-ms-ratelimit-remaining-subscription-reads": [
          "11967"
        ],
        "x-ms-request-id": [
          "edc83455-80ae-4aa3-96e9-72ca78d71abc"
        ],
        "x-ms-correlation-request-id": [
          "edc83455-80ae-4aa3-96e9-72ca78d71abc"
        ],
        "x-ms-routing-request-id": [
          "SOUTHEASTASIA:20200914T062951Z:edc83455-80ae-4aa3-96e9-72ca78d71abc"
        ],
        "Strict-Transport-Security": [
          "max-age=31536000; includeSubDomains"
        ],
        "X-Content-Type-Options": [
          "nosniff"
        ],
        "Content-Length": [
          "0"
        ],
        "Expires": [
          "-1"
        ]
      },
      "ResponseBody": "",
      "StatusCode": 200
    }
  ],
  "Names": {
    "CreateResourceGroup": [
      "res763"
    ],
    "QueueCreateDeleteUpdateListTest": [
      "sto7316",
      "queue1447",
      "queue22351"
    ]
  },
  "Variables": {
    "SubscriptionId": "45b60d85-fd72-427a-a708-f994d26e593e"
  }
}