{
  "Entries": [
    {
      "RequestUri": "https://management.azure.com/subscriptions/db1ab6f0-4769-4b27-930e-01e2ef9c123c?api-version=2021-01-01",
      "RequestMethod": "GET",
      "RequestHeaders": {
        "Accept": "application/json",
        "Authorization": "Sanitized",
        "Connection": "keep-alive",
        "traceparent": "00-385ab860c772b543bd86dc65212b3525-0671430de19da043-00",
        "User-Agent": "azsdk-net-ResourceManager/1.3.1 (.NET Framework 4.8.9075.0; Microsoft Windows 10.0.22621 )",
        "x-ms-client-request-id": "9e7cccfe880c222b8032371aa8efeda0",
        "x-ms-return-client-request-id": "true"
      },
      "RequestBody": null,
      "StatusCode": 200,
      "ResponseHeaders": {
        "Cache-Control": "no-cache",
        "Content-Length": "747",
        "Content-Type": "application/json; charset=utf-8",
        "Date": "Thu, 27 Oct 2022 08:50:42 GMT",
        "Expires": "-1",
        "Pragma": "no-cache",
        "Strict-Transport-Security": "max-age=31536000; includeSubDomains",
        "X-Content-Type-Options": "nosniff",
        "x-ms-correlation-request-id": "fb10011c-fd8a-490a-b4ba-ffb984e72fb2",
        "x-ms-ratelimit-remaining-subscription-reads": "11996",
        "x-ms-request-id": "fb10011c-fd8a-490a-b4ba-ffb984e72fb2",
        "x-ms-routing-request-id": "SOUTHEASTASIA:20221027T085042Z:fb10011c-fd8a-490a-b4ba-ffb984e72fb2"
      },
      "ResponseBody": {
        "id": "/subscriptions/db1ab6f0-4769-4b27-930e-01e2ef9c123c",
        "authorizationSource": "RoleBased",
        "managedByTenants": [],
        "tags": {
          "TagKey-9823": "TagValue-566",
          "TagKey-3481": "TagValue-320",
          "TagKey-4926": "TagValue-1187",
          "TagKey-751": "TagValue-3921",
          "TagKey-1866": "TagValue-8559",
          "TagKey-3094": "TagValue-9190",
          "TagKey-2449": "TagValue-9",
          "TagKey-8379": "TagValue-164",
          "TagKey-7470": "TagValue-2205",
          "TagKey-4236": "TagValue-3698",
          "TagKey-5316": "TagValue-2725"
        },
        "subscriptionId": "db1ab6f0-4769-4b27-930e-01e2ef9c123c",
        "tenantId": "72f988bf-86f1-41af-91ab-2d7cd011db47",
        "displayName": ".NET Mgmt SDK Test with TTL = 1 Day",
        "state": "Enabled",
        "subscriptionPolicies": {
          "locationPlacementId": "Internal_2014-09-01",
          "quotaId": "Internal_2014-09-01",
          "spendingLimit": "Off"
        }
      }
    },
    {
      "RequestUri": "https://management.azure.com/subscriptions/db1ab6f0-4769-4b27-930e-01e2ef9c123c/resourcegroups/testRG-5955?api-version=2021-04-01",
      "RequestMethod": "PUT",
      "RequestHeaders": {
        "Accept": "application/json",
        "Authorization": "Sanitized",
        "Content-Length": "43",
        "Content-Type": "application/json",
        "traceparent": "00-cd877f1250e2864da4146d7e4a723e91-7133fe09fc95424c-00",
        "User-Agent": "azsdk-net-ResourceManager/1.3.1 (.NET Framework 4.8.9075.0; Microsoft Windows 10.0.22621 )",
        "x-ms-client-request-id": "50da097c1b8b4ce4a3af8dee6a9b759b",
        "x-ms-return-client-request-id": "true"
      },
      "RequestBody": {
        "tags": {
          "test": "env"
        },
        "location": "eastus"
      },
      "StatusCode": 201,
      "ResponseHeaders": {
        "Cache-Control": "no-cache",
        "Content-Length": "241",
        "Content-Type": "application/json; charset=utf-8",
        "Date": "Thu, 27 Oct 2022 08:50:44 GMT",
        "Expires": "-1",
        "Pragma": "no-cache",
        "Strict-Transport-Security": "max-age=31536000; includeSubDomains",
        "X-Content-Type-Options": "nosniff",
        "x-ms-correlation-request-id": "b33d4546-b0d8-4485-94b4-d09aaa3592d7",
        "x-ms-ratelimit-remaining-subscription-writes": "1199",
        "x-ms-request-id": "b33d4546-b0d8-4485-94b4-d09aaa3592d7",
        "x-ms-routing-request-id": "SOUTHEASTASIA:20221027T085044Z:b33d4546-b0d8-4485-94b4-d09aaa3592d7"
      },
      "ResponseBody": {
        "id": "/subscriptions/db1ab6f0-4769-4b27-930e-01e2ef9c123c/resourceGroups/testRG-5955",
        "name": "testRG-5955",
        "type": "Microsoft.Resources/resourceGroups",
        "location": "eastus",
        "tags": {
          "test": "env"
        },
        "properties": {
          "provisioningState": "Succeeded"
        }
      }
    },
    {
      "RequestUri": "https://management.azure.com/subscriptions/db1ab6f0-4769-4b27-930e-01e2ef9c123c/resourcegroups/testRG-5955/providers/Microsoft.OperationalInsights/workspaces/testRG-5955-ws?api-version=2022-10-01",
      "RequestMethod": "PUT",
      "RequestHeaders": {
        "Accept": "application/json",
        "Authorization": "Sanitized",
        "Content-Length": "176",
        "Content-Type": "application/json",
        "traceparent": "00-c6690e9bce2d52449606ca558d8fe8cf-9c83b87fc32b1d4b-00",
        "User-Agent": "azsdk-net-ResourceManager.OperationalInsights/1.0.0-alpha.20221019.1 (.NET Framework 4.8.9075.0; Microsoft Windows 10.0.22621 )",
        "x-ms-client-request-id": "f51598ee0d8edd027cc6fe334b7f5b3e",
        "x-ms-return-client-request-id": "true"
      },
      "RequestBody": {
        "tags": {},
        "location": "eastus",
        "properties": {
          "sku": {
            "name": "PerNode"
          },
          "retentionInDays": 30,
          "publicNetworkAccessForIngestion": "Enabled",
          "publicNetworkAccessForQuery": "Enabled"
        }
      },
      "StatusCode": 201,
      "ResponseHeaders": {
        "Cache-Control": "no-cache",
        "Content-Length": "1072",
        "Content-Type": "application/json",
        "Date": "Thu, 27 Oct 2022 08:50:49 GMT",
        "Pragma": "no-cache",
        "Server": [
          "Microsoft-IIS/10.0",
          "Microsoft-IIS/10.0"
        ],
        "Strict-Transport-Security": "max-age=31536000; includeSubDomains",
        "X-Content-Type-Options": "nosniff",
        "x-ms-client-request-id": "f51598ee0d8edd027cc6fe334b7f5b3e",
        "x-ms-correlation-request-id": "aaf12a5f-7e13-4a64-a9db-5363d16c200d",
        "x-ms-ratelimit-remaining-subscription-writes": "1198",
        "x-ms-request-id": "b142e057-332c-4ea9-9fed-378ec76d2ea7",
        "x-ms-routing-request-id": "SOUTHEASTASIA:20221027T085050Z:aaf12a5f-7e13-4a64-a9db-5363d16c200d",
        "X-Powered-By": [
          "ASP.NET",
          "ASP.NET"
        ]
      },
      "ResponseBody": {
        "properties": {
          "source": "Azure",
          "customerId": "e2ea0104-e92c-4a3b-89bd-342c2163aebc",
          "provisioningState": "Creating",
          "sku": {
            "name": "pergb2018",
            "lastSkuUpdate": "Thu, 27 Oct 2022 08:50:48 GMT"
          },
          "retentionInDays": 30,
          "features": {
            "legacy": 0,
            "searchVersion": 1,
            "enableLogAccessUsingOnlyResourcePermissions": true
          },
          "workspaceCapping": {
            "dailyQuotaGb": -1.0,
            "quotaNextResetTime": "Thu, 27 Oct 2022 10:00:00 GMT",
            "dataIngestionStatus": "RespectQuota"
          },
          "publicNetworkAccessForIngestion": "Enabled",
          "publicNetworkAccessForQuery": "Enabled",
          "createdDate": "Thu, 27 Oct 2022 08:50:48 GMT",
          "modifiedDate": "Thu, 27 Oct 2022 08:50:48 GMT"
        },
        "id": "/subscriptions/db1ab6f0-4769-4b27-930e-01e2ef9c123c/resourcegroups/testrg-5955/providers/microsoft.operationalinsights/workspaces/testrg-5955-ws",
        "name": "testRG-5955-ws",
        "type": "Microsoft.OperationalInsights/workspaces",
        "location": "eastus",
        "tags": {}
      }
    },
    {
      "RequestUri": "https://management.azure.com/subscriptions/db1ab6f0-4769-4b27-930e-01e2ef9c123c/resourcegroups/testRG-5955/providers/Microsoft.OperationalInsights/workspaces/testRG-5955-ws?api-version=2022-10-01",
      "RequestMethod": "GET",
      "RequestHeaders": {
        "Authorization": "Sanitized",
        "traceparent": "00-c6690e9bce2d52449606ca558d8fe8cf-ee4e04c956bd6642-00",
        "User-Agent": "azsdk-net-ResourceManager/1.3.1 (.NET Framework 4.8.9075.0; Microsoft Windows 10.0.22621 )",
        "x-ms-client-request-id": "56ba7ec1abd76fbe06fdd3c41db10124",
        "x-ms-return-client-request-id": "true"
      },
      "RequestBody": null,
      "StatusCode": 200,
      "ResponseHeaders": {
        "Cache-Control": "no-cache",
        "Content-Length": "1083",
        "Content-Type": "application/json",
        "Date": "Thu, 27 Oct 2022 08:50:50 GMT",
        "Pragma": "no-cache",
        "Server": [
          "Microsoft-IIS/10.0",
          "Microsoft-IIS/10.0"
        ],
        "Strict-Transport-Security": "max-age=31536000; includeSubDomains",
        "X-Content-Type-Options": "nosniff",
        "x-ms-client-request-id": "56ba7ec1abd76fbe06fdd3c41db10124",
        "x-ms-correlation-request-id": "e0e25f69-d40e-409c-9816-ad029504f9e9",
        "x-ms-ratelimit-remaining-subscription-reads": "11995",
        "x-ms-request-id": "e00aeca4-9ac9-4652-bd26-cbe3f7604b3c",
        "x-ms-routing-request-id": "SOUTHEASTASIA:20221027T085050Z:e0e25f69-d40e-409c-9816-ad029504f9e9",
        "X-Powered-By": [
          "ASP.NET",
          "ASP.NET"
        ]
      },
      "ResponseBody": {
        "properties": {
          "source": "Azure",
          "customerId": "e2ea0104-e92c-4a3b-89bd-342c2163aebc",
          "provisioningState": "ProvisioningAccount",
          "sku": {
            "name": "pergb2018",
            "lastSkuUpdate": "Thu, 27 Oct 2022 08:50:48 GMT"
          },
          "retentionInDays": 30,
          "features": {
            "legacy": 0,
            "searchVersion": 1,
            "enableLogAccessUsingOnlyResourcePermissions": true
          },
          "workspaceCapping": {
            "dailyQuotaGb": -1.0,
            "quotaNextResetTime": "Thu, 27 Oct 2022 10:00:00 GMT",
            "dataIngestionStatus": "RespectQuota"
          },
          "publicNetworkAccessForIngestion": "Enabled",
          "publicNetworkAccessForQuery": "Enabled",
          "createdDate": "Thu, 27 Oct 2022 08:50:48 GMT",
          "modifiedDate": "Thu, 27 Oct 2022 08:50:49 GMT"
        },
        "id": "/subscriptions/db1ab6f0-4769-4b27-930e-01e2ef9c123c/resourcegroups/testrg-5955/providers/microsoft.operationalinsights/workspaces/testrg-5955-ws",
        "name": "testRG-5955-ws",
        "type": "Microsoft.OperationalInsights/workspaces",
        "location": "eastus",
        "tags": {}
      }
    },
    {
      "RequestUri": "https://management.azure.com/subscriptions/db1ab6f0-4769-4b27-930e-01e2ef9c123c/resourcegroups/testRG-5955/providers/Microsoft.OperationalInsights/workspaces/testRG-5955-ws?api-version=2022-10-01",
      "RequestMethod": "GET",
      "RequestHeaders": {
        "Authorization": "Sanitized",
        "traceparent": "00-c6690e9bce2d52449606ca558d8fe8cf-cf022d5b6a71d042-00",
        "User-Agent": "azsdk-net-ResourceManager/1.3.1 (.NET Framework 4.8.9075.0; Microsoft Windows 10.0.22621 )",
        "x-ms-client-request-id": "4d8c4f53ea5a807725645d3da4294049",
        "x-ms-return-client-request-id": "true"
      },
      "RequestBody": null,
      "StatusCode": 200,
      "ResponseHeaders": {
        "Cache-Control": "no-cache",
        "Content-Length": "1073",
        "Content-Type": "application/json",
        "Date": "Thu, 27 Oct 2022 08:50:51 GMT",
        "Pragma": "no-cache",
        "Server": [
          "Microsoft-IIS/10.0",
          "Microsoft-IIS/10.0"
        ],
        "Strict-Transport-Security": "max-age=31536000; includeSubDomains",
        "X-Content-Type-Options": "nosniff",
        "x-ms-client-request-id": "4d8c4f53ea5a807725645d3da4294049",
        "x-ms-correlation-request-id": "25b269a7-1a8b-46b9-bb67-a92727e37ac5",
        "x-ms-ratelimit-remaining-subscription-reads": "11994",
        "x-ms-request-id": "60c7c8ce-86a1-45bd-a1d6-1873625fe2a1",
        "x-ms-routing-request-id": "SOUTHEASTASIA:20221027T085052Z:25b269a7-1a8b-46b9-bb67-a92727e37ac5",
        "X-Powered-By": [
          "ASP.NET",
          "ASP.NET"
        ]
      },
      "ResponseBody": {
        "properties": {
          "source": "Azure",
          "customerId": "e2ea0104-e92c-4a3b-89bd-342c2163aebc",
          "provisioningState": "Succeeded",
          "sku": {
            "name": "pergb2018",
            "lastSkuUpdate": "Thu, 27 Oct 2022 08:50:48 GMT"
          },
          "retentionInDays": 30,
          "features": {
            "legacy": 0,
            "searchVersion": 1,
            "enableLogAccessUsingOnlyResourcePermissions": true
          },
          "workspaceCapping": {
            "dailyQuotaGb": -1.0,
            "quotaNextResetTime": "Thu, 27 Oct 2022 10:00:00 GMT",
            "dataIngestionStatus": "RespectQuota"
          },
          "publicNetworkAccessForIngestion": "Enabled",
          "publicNetworkAccessForQuery": "Enabled",
          "createdDate": "Thu, 27 Oct 2022 08:50:48 GMT",
          "modifiedDate": "Thu, 27 Oct 2022 08:50:51 GMT"
        },
        "id": "/subscriptions/db1ab6f0-4769-4b27-930e-01e2ef9c123c/resourcegroups/testrg-5955/providers/microsoft.operationalinsights/workspaces/testrg-5955-ws",
        "name": "testRG-5955-ws",
        "type": "Microsoft.OperationalInsights/workspaces",
        "location": "eastus",
        "tags": {}
      }
    },
    {
      "RequestUri": "https://management.azure.com/subscriptions/db1ab6f0-4769-4b27-930e-01e2ef9c123c/resourceGroups/testRG-5955/providers/Microsoft.OperationalInsights/workspaces/testRG-5955-ws/providers/Microsoft.SecurityInsights/onboardingStates/default?api-version=2022-08-01-preview",
      "RequestMethod": "PUT",
      "RequestHeaders": {
        "Accept": "application/json",
        "Authorization": "Sanitized",
        "Content-Length": "43",
        "Content-Type": "application/json",
        "traceparent": "00-e26b68b25248d043b14de6bb724cdf1e-3fd141b68321eb44-00",
        "User-Agent": "azsdk-net-ResourceManager.SecurityInsights/1.0.0-alpha.20221025.1 (.NET Framework 4.8.9075.0; Microsoft Windows 10.0.22621 )",
        "x-ms-client-request-id": "cc7167b104c5b7665fd1842799ad93e6",
        "x-ms-return-client-request-id": "true"
      },
      "RequestBody": {
        "properties": {
          "customerManagedKey": false
        }
      },
      "StatusCode": 201,
      "ResponseHeaders": {
        "Cache-Control": "no-cache",
        "Content-Length": "579",
        "Content-Type": "application/json; charset=utf-8",
        "Date": "Thu, 27 Oct 2022 08:50:58 GMT",
        "Expires": "-1",
        "Pragma": "no-cache",
        "Server": "Kestrel",
        "Strict-Transport-Security": "max-age=31536000; includeSubDomains",
        "X-Content-Type-Options": "nosniff",
        "x-ms-correlation-request-id": "e35e6412-76e3-4e23-be3a-01841fcace8b",
        "x-ms-ratelimit-remaining-subscription-resource-requests": "11",
        "x-ms-request-id": "e35e6412-76e3-4e23-be3a-01841fcace8b",
        "x-ms-routing-request-id": "SOUTHEASTASIA:20221027T085059Z:e35e6412-76e3-4e23-be3a-01841fcace8b"
      },
      "ResponseBody": {
        "properties": {},
        "id": "/subscriptions/db1ab6f0-4769-4b27-930e-01e2ef9c123c/resourceGroups/testRG-5955/providers/Microsoft.OperationalInsights/workspaces/testRG-5955-ws/providers/Microsoft.SecurityInsights/onboardingStates/default",
        "name": "default",
        "type": "Microsoft.SecurityInsights/onboardingStates",
        "systemData": {
          "createdAt": "2022-10-27T08:50:52.6043387Z",
          "createdBy": "a1fc368b-7f40-4802-8fa1-260d3a6ec34b",
          "createdByType": "Application",
          "lastModifiedAt": "2022-10-27T08:50:52.6043387Z",
          "lastModifiedBy": "a1fc368b-7f40-4802-8fa1-260d3a6ec34b",
          "lastModifiedByType": "Application"
        }
      }
    },
    {
      "RequestUri": "https://management.azure.com/subscriptions/db1ab6f0-4769-4b27-930e-01e2ef9c123c/resourceGroups/testRG-5955/providers/Microsoft.OperationalInsights/workspaces/testRG-5955-ws/providers/Microsoft.SecurityInsights/bookmarks/6a8d6ea6-04d5-49d7-8169-ffca8b0ced59?api-version=2022-08-01-preview",
      "RequestMethod": "PUT",
      "RequestHeaders": {
        "Accept": "application/json",
        "Authorization": "Sanitized",
        "Content-Length": "125",
        "Content-Type": "application/json",
        "traceparent": "00-8d203a7fc6275a4b9168fac563c1f853-2a12f8f4ee520d46-00",
        "User-Agent": "azsdk-net-ResourceManager.SecurityInsights/1.0.0-alpha.20221025.1 (.NET Framework 4.8.9075.0; Microsoft Windows 10.0.22621 )",
        "x-ms-client-request-id": "4e85444fc8a6d63c073931724d80cbdd",
        "x-ms-return-client-request-id": "true"
      },
      "RequestBody": {
        "properties": {
          "displayName": "SDKTestBookmark",
          "query": "SecurityEvent | take 10",
          "eventTime": "2022-10-27T08:51:00.6718620Z"
        }
      },
      "StatusCode": 200,
      "ResponseHeaders": {
        "Cache-Control": "no-cache",
        "Content-Length": "1034",
        "Content-Type": "application/json; charset=utf-8",
        "Date": "Thu, 27 Oct 2022 08:50:59 GMT",
        "Expires": "-1",
        "Pragma": "no-cache",
        "Server": "Kestrel",
        "Strict-Transport-Security": "max-age=31536000; includeSubDomains",
        "X-Content-Type-Options": "nosniff",
        "x-ms-correlation-request-id": "ae9420c8-5d7a-4be5-9f93-2a1c2bac145c",
        "x-ms-ratelimit-remaining-subscription-writes": "1197",
        "x-ms-request-id": "ae9420c8-5d7a-4be5-9f93-2a1c2bac145c",
        "x-ms-routing-request-id": "SOUTHEASTASIA:20221027T085100Z:ae9420c8-5d7a-4be5-9f93-2a1c2bac145c"
      },
      "ResponseBody": {
        "id": "/subscriptions/db1ab6f0-4769-4b27-930e-01e2ef9c123c/resourceGroups/testRG-5955/providers/Microsoft.OperationalInsights/workspaces/testRG-5955-ws/providers/Microsoft.SecurityInsights/Bookmarks/6a8d6ea6-04d5-49d7-8169-ffca8b0ced59",
        "name": "6a8d6ea6-04d5-49d7-8169-ffca8b0ced59",
        "etag": "\u00224b00cb8b-0000-0100-0000-635a46730000\u0022",
        "type": "Microsoft.SecurityInsights/Bookmarks",
        "properties": {
          "displayName": "SDKTestBookmark",
          "created": "2022-10-27T08:50:59.8916928\u002B00:00",
          "updated": "2022-10-27T08:50:59\u002B00:00",
          "createdBy": {
            "objectId": "81fa2eb4-9d84-4df5-ad32-6c22e2feb57e",
            "name": "Bookmark created from external application - Dapzhang-SP-For-DotNetSDK-Test"
          },
          "updatedBy": {
            "objectId": "81fa2eb4-9d84-4df5-ad32-6c22e2feb57e",
            "name": "Bookmark created from external application - Dapzhang-SP-For-DotNetSDK-Test"
          },
          "eventTime": "2022-10-27T08:51:00.671862\u002B00:00",
          "labels": [],
          "query": "SecurityEvent | take 10",
          "incidentInfo": {
            "incidentId": null,
            "title": null,
            "relationName": null,
            "severity": null
          },
          "entityMappings": [],
          "tactics": [],
          "techniques": []
        }
      }
    },
    {
      "RequestUri": "https://management.azure.com/subscriptions/db1ab6f0-4769-4b27-930e-01e2ef9c123c/resourceGroups/testRG-5955/providers/Microsoft.OperationalInsights/workspaces/testRG-5955-ws/providers/Microsoft.SecurityInsights/bookmarks/6a8d6ea6-04d5-49d7-8169-ffca8b0ced59?api-version=2022-08-01-preview",
      "RequestMethod": "GET",
      "RequestHeaders": {
        "Accept": "application/json",
        "Authorization": "Sanitized",
        "traceparent": "00-f591fb182e23ec40ad26d55bb7a8dc69-ac67190227d2be48-00",
        "User-Agent": "azsdk-net-ResourceManager.SecurityInsights/1.0.0-alpha.20221025.1 (.NET Framework 4.8.9075.0; Microsoft Windows 10.0.22621 )",
        "x-ms-client-request-id": "b5138abd353f4f5ee8d5ee88654fe677",
        "x-ms-return-client-request-id": "true"
      },
      "RequestBody": null,
      "StatusCode": 200,
      "ResponseHeaders": {
        "Cache-Control": "no-cache",
        "Content-Length": "1042",
        "Content-Type": "application/json; charset=utf-8",
        "Date": "Thu, 27 Oct 2022 08:51:00 GMT",
        "Expires": "-1",
        "Pragma": "no-cache",
        "Server": "Kestrel",
        "Strict-Transport-Security": "max-age=31536000; includeSubDomains",
        "X-Content-Type-Options": "nosniff",
        "x-ms-correlation-request-id": "4a56cdbb-7dfe-445a-b1c1-655bb854b859",
        "x-ms-ratelimit-remaining-subscription-reads": "11993",
        "x-ms-request-id": "4a56cdbb-7dfe-445a-b1c1-655bb854b859",
        "x-ms-routing-request-id": "SOUTHEASTASIA:20221027T085101Z:4a56cdbb-7dfe-445a-b1c1-655bb854b859"
      },
      "ResponseBody": {
        "id": "/subscriptions/db1ab6f0-4769-4b27-930e-01e2ef9c123c/resourceGroups/testRG-5955/providers/Microsoft.OperationalInsights/workspaces/testRG-5955-ws/providers/Microsoft.SecurityInsights/Bookmarks/6a8d6ea6-04d5-49d7-8169-ffca8b0ced59",
        "name": "6a8d6ea6-04d5-49d7-8169-ffca8b0ced59",
        "etag": "\u00224b00cb8b-0000-0100-0000-635a46730000\u0022",
        "type": "Microsoft.SecurityInsights/Bookmarks",
        "properties": {
          "displayName": "SDKTestBookmark",
          "created": "2022-10-27T08:50:59.8916928\u002B00:00",
          "updated": "2022-10-27T08:50:59.8916928\u002B00:00",
          "createdBy": {
            "objectId": "81fa2eb4-9d84-4df5-ad32-6c22e2feb57e",
            "name": "Bookmark created from external application - Dapzhang-SP-For-DotNetSDK-Test"
          },
          "updatedBy": {
            "objectId": "81fa2eb4-9d84-4df5-ad32-6c22e2feb57e",
            "name": "Bookmark created from external application - Dapzhang-SP-For-DotNetSDK-Test"
          },
          "eventTime": "2022-10-27T08:51:00.671862\u002B00:00",
          "labels": [],
          "query": "SecurityEvent | take 10",
          "incidentInfo": {
            "incidentId": null,
            "title": null,
            "relationName": null,
            "severity": null
          },
          "entityMappings": [],
          "tactics": [],
          "techniques": []
        }
      }
    },
    {
      "RequestUri": "https://management.azure.com/subscriptions/db1ab6f0-4769-4b27-930e-01e2ef9c123c/resourceGroups/testRG-5955/providers/Microsoft.OperationalInsights/workspaces/testRG-5955-ws/providers/Microsoft.SecurityInsights/bookmarks/6a8d6ea6-04d5-49d7-8169-ffca8b0ced59?api-version=2022-08-01-preview",
      "RequestMethod": "PUT",
      "RequestHeaders": {
        "Accept": "application/json",
        "Authorization": "Sanitized",
        "Content-Length": "125",
        "Content-Type": "application/json",
        "traceparent": "00-4fb08867bb19ab44b03455dedcf5478f-9730670abc6e5a46-00",
        "User-Agent": "azsdk-net-ResourceManager.SecurityInsights/1.0.0-alpha.20221025.1 (.NET Framework 4.8.9075.0; Microsoft Windows 10.0.22621 )",
        "x-ms-client-request-id": "60ee77d1f2a3e9a22b9bc48bd3f469de",
        "x-ms-return-client-request-id": "true"
      },
      "RequestBody": {
        "properties": {
          "displayName": "SDKTestBookmark",
          "query": "SecurityEvent | take 10",
          "eventTime": "2022-10-27T08:51:00.6718620Z"
        }
      },
      "StatusCode": 200,
      "ResponseHeaders": {
        "Cache-Control": "no-cache",
        "Content-Length": "1034",
        "Content-Type": "application/json; charset=utf-8",
        "Date": "Thu, 27 Oct 2022 08:51:01 GMT",
        "Expires": "-1",
        "Pragma": "no-cache",
        "Server": "Kestrel",
        "Strict-Transport-Security": "max-age=31536000; includeSubDomains",
        "X-Content-Type-Options": "nosniff",
        "x-ms-correlation-request-id": "f9caeb9f-2930-42c6-9087-74cedf79f548",
        "x-ms-ratelimit-remaining-subscription-writes": "1196",
        "x-ms-request-id": "f9caeb9f-2930-42c6-9087-74cedf79f548",
        "x-ms-routing-request-id": "SOUTHEASTASIA:20221027T085101Z:f9caeb9f-2930-42c6-9087-74cedf79f548"
      },
      "ResponseBody": {
        "id": "/subscriptions/db1ab6f0-4769-4b27-930e-01e2ef9c123c/resourceGroups/testRG-5955/providers/Microsoft.OperationalInsights/workspaces/testRG-5955-ws/providers/Microsoft.SecurityInsights/Bookmarks/6a8d6ea6-04d5-49d7-8169-ffca8b0ced59",
        "name": "6a8d6ea6-04d5-49d7-8169-ffca8b0ced59",
        "etag": "\u00224b00e78b-0000-0100-0000-635a46750000\u0022",
        "type": "Microsoft.SecurityInsights/Bookmarks",
        "properties": {
          "displayName": "SDKTestBookmark",
          "created": "2022-10-27T08:50:59.8916928\u002B00:00",
          "updated": "2022-10-27T08:51:01\u002B00:00",
          "createdBy": {
            "objectId": "81fa2eb4-9d84-4df5-ad32-6c22e2feb57e",
            "name": "Bookmark created from external application - Dapzhang-SP-For-DotNetSDK-Test"
          },
          "updatedBy": {
            "objectId": "81fa2eb4-9d84-4df5-ad32-6c22e2feb57e",
            "name": "Bookmark created from external application - Dapzhang-SP-For-DotNetSDK-Test"
          },
          "eventTime": "2022-10-27T08:51:00.671862\u002B00:00",
          "labels": [],
          "query": "SecurityEvent | take 10",
          "incidentInfo": {
            "incidentId": null,
            "title": null,
            "relationName": null,
            "severity": null
          },
          "entityMappings": [],
          "tactics": [],
          "techniques": []
        }
      }
    },
    {
      "RequestUri": "https://management.azure.com/subscriptions/db1ab6f0-4769-4b27-930e-01e2ef9c123c/resourceGroups/testRG-5955/providers/Microsoft.OperationalInsights/workspaces/testRG-5955-ws/providers/Microsoft.SecurityInsights/bookmarks/6a8d6ea6-04d5-49d7-8169-ffca8b0ced61?api-version=2022-08-01-preview",
      "RequestMethod": "PUT",
      "RequestHeaders": {
        "Accept": "application/json",
        "Authorization": "Sanitized",
        "Content-Length": "125",
        "Content-Type": "application/json",
        "traceparent": "00-c2a9b8d51fc0e846b7d1e81917e42aba-be8d171c589c7a42-00",
        "User-Agent": "azsdk-net-ResourceManager.SecurityInsights/1.0.0-alpha.20221025.1 (.NET Framework 4.8.9075.0; Microsoft Windows 10.0.22621 )",
        "x-ms-client-request-id": "0f6aa706de9a19a7e53665d1d9b470b8",
        "x-ms-return-client-request-id": "true"
      },
      "RequestBody": {
        "properties": {
          "displayName": "SDKTestBookmark",
          "query": "SecurityEvent | take 10",
          "eventTime": "2022-10-27T08:51:00.6718620Z"
        }
      },
      "StatusCode": 200,
      "ResponseHeaders": {
        "Cache-Control": "no-cache",
        "Content-Length": "1033",
        "Content-Type": "application/json; charset=utf-8",
        "Date": "Thu, 27 Oct 2022 08:51:02 GMT",
        "Expires": "-1",
        "Pragma": "no-cache",
        "Server": "Kestrel",
        "Strict-Transport-Security": "max-age=31536000; includeSubDomains",
        "X-Content-Type-Options": "nosniff",
        "x-ms-correlation-request-id": "917f7c3a-75c8-4b1e-afd5-9682d479e4bd",
        "x-ms-ratelimit-remaining-subscription-writes": "1195",
        "x-ms-request-id": "917f7c3a-75c8-4b1e-afd5-9682d479e4bd",
        "x-ms-routing-request-id": "SOUTHEASTASIA:20221027T085103Z:917f7c3a-75c8-4b1e-afd5-9682d479e4bd"
      },
      "ResponseBody": {
        "id": "/subscriptions/db1ab6f0-4769-4b27-930e-01e2ef9c123c/resourceGroups/testRG-5955/providers/Microsoft.OperationalInsights/workspaces/testRG-5955-ws/providers/Microsoft.SecurityInsights/Bookmarks/6a8d6ea6-04d5-49d7-8169-ffca8b0ced61",
        "name": "6a8d6ea6-04d5-49d7-8169-ffca8b0ced61",
        "etag": "\u00224b00018c-0000-0100-0000-635a46760000\u0022",
        "type": "Microsoft.SecurityInsights/Bookmarks",
        "properties": {
          "displayName": "SDKTestBookmark",
          "created": "2022-10-27T08:51:02.888277\u002B00:00",
          "updated": "2022-10-27T08:51:02\u002B00:00",
          "createdBy": {
            "objectId": "81fa2eb4-9d84-4df5-ad32-6c22e2feb57e",
            "name": "Bookmark created from external application - Dapzhang-SP-For-DotNetSDK-Test"
          },
          "updatedBy": {
            "objectId": "81fa2eb4-9d84-4df5-ad32-6c22e2feb57e",
            "name": "Bookmark created from external application - Dapzhang-SP-For-DotNetSDK-Test"
          },
          "eventTime": "2022-10-27T08:51:00.671862\u002B00:00",
          "labels": [],
          "query": "SecurityEvent | take 10",
          "incidentInfo": {
            "incidentId": null,
            "title": null,
            "relationName": null,
            "severity": null
          },
          "entityMappings": [],
          "tactics": [],
          "techniques": []
        }
      }
    },
    {
      "RequestUri": "https://management.azure.com/subscriptions/db1ab6f0-4769-4b27-930e-01e2ef9c123c/resourceGroups/testRG-5955/providers/Microsoft.OperationalInsights/workspaces/testRG-5955-ws/providers/Microsoft.SecurityInsights/bookmarks/6a8d6ea6-04d5-49d7-8169-ffca8b0ced62?api-version=2022-08-01-preview",
      "RequestMethod": "PUT",
      "RequestHeaders": {
        "Accept": "application/json",
        "Authorization": "Sanitized",
        "Content-Length": "125",
        "Content-Type": "application/json",
        "traceparent": "00-04e7a2862f44f04b84cbd633978bac82-15425c7e0f92a44d-00",
        "User-Agent": "azsdk-net-ResourceManager.SecurityInsights/1.0.0-alpha.20221025.1 (.NET Framework 4.8.9075.0; Microsoft Windows 10.0.22621 )",
        "x-ms-client-request-id": "d6a1b9526b92cb39e82a89a471d37cf4",
        "x-ms-return-client-request-id": "true"
      },
      "RequestBody": {
        "properties": {
          "displayName": "SDKTestBookmark",
          "query": "SecurityEvent | take 10",
          "eventTime": "2022-10-27T08:51:00.6718620Z"
        }
      },
      "StatusCode": 200,
      "ResponseHeaders": {
        "Cache-Control": "no-cache",
        "Content-Length": "1034",
        "Content-Type": "application/json; charset=utf-8",
        "Date": "Thu, 27 Oct 2022 08:51:03 GMT",
        "Expires": "-1",
        "Pragma": "no-cache",
        "Server": "Kestrel",
        "Strict-Transport-Security": "max-age=31536000; includeSubDomains",
        "X-Content-Type-Options": "nosniff",
        "x-ms-correlation-request-id": "f7bc327b-533f-44c8-9935-9f0dabc4a32f",
        "x-ms-ratelimit-remaining-subscription-writes": "1194",
        "x-ms-request-id": "f7bc327b-533f-44c8-9935-9f0dabc4a32f",
        "x-ms-routing-request-id": "SOUTHEASTASIA:20221027T085103Z:f7bc327b-533f-44c8-9935-9f0dabc4a32f"
      },
      "ResponseBody": {
        "id": "/subscriptions/db1ab6f0-4769-4b27-930e-01e2ef9c123c/resourceGroups/testRG-5955/providers/Microsoft.OperationalInsights/workspaces/testRG-5955-ws/providers/Microsoft.SecurityInsights/Bookmarks/6a8d6ea6-04d5-49d7-8169-ffca8b0ced62",
        "name": "6a8d6ea6-04d5-49d7-8169-ffca8b0ced62",
        "etag": "\u00224b00108c-0000-0100-0000-635a46770000\u0022",
        "type": "Microsoft.SecurityInsights/Bookmarks",
        "properties": {
          "displayName": "SDKTestBookmark",
          "created": "2022-10-27T08:51:03.6145916\u002B00:00",
          "updated": "2022-10-27T08:51:03\u002B00:00",
          "createdBy": {
            "objectId": "81fa2eb4-9d84-4df5-ad32-6c22e2feb57e",
            "name": "Bookmark created from external application - Dapzhang-SP-For-DotNetSDK-Test"
          },
          "updatedBy": {
            "objectId": "81fa2eb4-9d84-4df5-ad32-6c22e2feb57e",
            "name": "Bookmark created from external application - Dapzhang-SP-For-DotNetSDK-Test"
          },
          "eventTime": "2022-10-27T08:51:00.671862\u002B00:00",
          "labels": [],
          "query": "SecurityEvent | take 10",
          "incidentInfo": {
            "incidentId": null,
            "title": null,
            "relationName": null,
            "severity": null
          },
          "entityMappings": [],
          "tactics": [],
          "techniques": []
        }
      }
    },
    {
      "RequestUri": "https://management.azure.com/subscriptions/db1ab6f0-4769-4b27-930e-01e2ef9c123c/resourceGroups/testRG-5955/providers/Microsoft.OperationalInsights/workspaces/testRG-5955-ws/providers/Microsoft.SecurityInsights/bookmarks?api-version=2022-08-01-preview",
      "RequestMethod": "GET",
      "RequestHeaders": {
        "Accept": "application/json",
        "Authorization": "Sanitized",
        "traceparent": "00-b71563d1a5c2ec499816435de4f6eec1-b88488e06ec26e4e-00",
        "User-Agent": "azsdk-net-ResourceManager.SecurityInsights/1.0.0-alpha.20221025.1 (.NET Framework 4.8.9075.0; Microsoft Windows 10.0.22621 )",
        "x-ms-client-request-id": "be810f6bd7e5f2ddd0d47a6d8cd00f77",
        "x-ms-return-client-request-id": "true"
      },
      "RequestBody": null,
      "StatusCode": 200,
      "ResponseHeaders": {
        "Cache-Control": "no-cache",
        "Content-Length": "3138",
        "Content-Type": "application/json; charset=utf-8",
        "Date": "Thu, 27 Oct 2022 08:51:03 GMT",
        "Expires": "-1",
        "Pragma": "no-cache",
        "Server": "Kestrel",
        "Strict-Transport-Security": "max-age=31536000; includeSubDomains",
        "X-Content-Type-Options": "nosniff",
        "x-ms-correlation-request-id": "5e1a4e03-5815-450f-a891-ea701c0288b6",
        "x-ms-ratelimit-remaining-subscription-reads": "11992",
        "x-ms-request-id": "5e1a4e03-5815-450f-a891-ea701c0288b6",
        "x-ms-routing-request-id": "SOUTHEASTASIA:20221027T085104Z:5e1a4e03-5815-450f-a891-ea701c0288b6"
      },
      "ResponseBody": {
        "value": [
          {
            "id": "/subscriptions/db1ab6f0-4769-4b27-930e-01e2ef9c123c/resourceGroups/testRG-5955/providers/Microsoft.OperationalInsights/workspaces/testRG-5955-ws/providers/Microsoft.SecurityInsights/Bookmarks/6a8d6ea6-04d5-49d7-8169-ffca8b0ced59",
            "name": "6a8d6ea6-04d5-49d7-8169-ffca8b0ced59",
            "etag": "\u00224b00e78b-0000-0100-0000-635a46750000\u0022",
            "type": "Microsoft.SecurityInsights/Bookmarks",
            "properties": {
              "displayName": "SDKTestBookmark",
              "created": "2022-10-27T08:50:59.8916928\u002B00:00",
              "updated": "2022-10-27T08:51:01.8137135\u002B00:00",
              "createdBy": {
                "objectId": "81fa2eb4-9d84-4df5-ad32-6c22e2feb57e",
                "name": "Bookmark created from external application - Dapzhang-SP-For-DotNetSDK-Test"
              },
              "updatedBy": {
                "objectId": "81fa2eb4-9d84-4df5-ad32-6c22e2feb57e",
                "name": "Bookmark created from external application - Dapzhang-SP-For-DotNetSDK-Test"
              },
              "eventTime": "2022-10-27T08:51:00.671862\u002B00:00",
              "labels": [],
              "query": "SecurityEvent | take 10",
              "incidentInfo": {
                "incidentId": null,
                "title": null,
                "relationName": null,
                "severity": null
              },
              "entityMappings": [],
              "tactics": [],
              "techniques": []
            }
          },
          {
            "id": "/subscriptions/db1ab6f0-4769-4b27-930e-01e2ef9c123c/resourceGroups/testRG-5955/providers/Microsoft.OperationalInsights/workspaces/testRG-5955-ws/providers/Microsoft.SecurityInsights/Bookmarks/6a8d6ea6-04d5-49d7-8169-ffca8b0ced61",
            "name": "6a8d6ea6-04d5-49d7-8169-ffca8b0ced61",
            "etag": "\u00224b00018c-0000-0100-0000-635a46760000\u0022",
            "type": "Microsoft.SecurityInsights/Bookmarks",
            "properties": {
              "displayName": "SDKTestBookmark",
              "created": "2022-10-27T08:51:02.888277\u002B00:00",
              "updated": "2022-10-27T08:51:02.888277\u002B00:00",
              "createdBy": {
                "objectId": "81fa2eb4-9d84-4df5-ad32-6c22e2feb57e",
                "name": "Bookmark created from external application - Dapzhang-SP-For-DotNetSDK-Test"
              },
              "updatedBy": {
                "objectId": "81fa2eb4-9d84-4df5-ad32-6c22e2feb57e",
                "name": "Bookmark created from external application - Dapzhang-SP-For-DotNetSDK-Test"
              },
              "eventTime": "2022-10-27T08:51:00.671862\u002B00:00",
              "labels": [],
              "query": "SecurityEvent | take 10",
              "incidentInfo": {
                "incidentId": null,
                "title": null,
                "relationName": null,
                "severity": null
              },
              "entityMappings": [],
              "tactics": [],
              "techniques": []
            }
          },
          {
            "id": "/subscriptions/db1ab6f0-4769-4b27-930e-01e2ef9c123c/resourceGroups/testRG-5955/providers/Microsoft.OperationalInsights/workspaces/testRG-5955-ws/providers/Microsoft.SecurityInsights/Bookmarks/6a8d6ea6-04d5-49d7-8169-ffca8b0ced62",
            "name": "6a8d6ea6-04d5-49d7-8169-ffca8b0ced62",
            "etag": "\u00224b00108c-0000-0100-0000-635a46770000\u0022",
            "type": "Microsoft.SecurityInsights/Bookmarks",
            "properties": {
              "displayName": "SDKTestBookmark",
              "created": "2022-10-27T08:51:03.6145916\u002B00:00",
              "updated": "2022-10-27T08:51:03.6145916\u002B00:00",
              "createdBy": {
                "objectId": "81fa2eb4-9d84-4df5-ad32-6c22e2feb57e",
                "name": "Bookmark created from external application - Dapzhang-SP-For-DotNetSDK-Test"
              },
              "updatedBy": {
                "objectId": "81fa2eb4-9d84-4df5-ad32-6c22e2feb57e",
                "name": "Bookmark created from external application - Dapzhang-SP-For-DotNetSDK-Test"
              },
              "eventTime": "2022-10-27T08:51:00.671862\u002B00:00",
              "labels": [],
              "query": "SecurityEvent | take 10",
              "incidentInfo": {
                "incidentId": null,
                "title": null,
                "relationName": null,
                "severity": null
              },
              "entityMappings": [],
              "tactics": [],
              "techniques": []
            }
          }
        ]
      }
    },
    {
      "RequestUri": "https://management.azure.com/subscriptions/db1ab6f0-4769-4b27-930e-01e2ef9c123c/resourceGroups/testRG-5955/providers/Microsoft.OperationalInsights/workspaces/testRG-5955-ws/providers/Microsoft.SecurityInsights/bookmarks/6a8d6ea6-04d5-49d7-8169-ffca8b0ced59?api-version=2022-08-01-preview",
      "RequestMethod": "GET",
      "RequestHeaders": {
        "Accept": "application/json",
        "Authorization": "Sanitized",
        "traceparent": "00-d28a67b13bc6ff4ebf60333289e25000-af287145c6ecb34c-00",
        "User-Agent": "azsdk-net-ResourceManager.SecurityInsights/1.0.0-alpha.20221025.1 (.NET Framework 4.8.9075.0; Microsoft Windows 10.0.22621 )",
        "x-ms-client-request-id": "19390b2a93529b4b6d9f27705503a812",
        "x-ms-return-client-request-id": "true"
      },
      "RequestBody": null,
      "StatusCode": 200,
      "ResponseHeaders": {
        "Cache-Control": "no-cache",
        "Content-Length": "1042",
        "Content-Type": "application/json; charset=utf-8",
        "Date": "Thu, 27 Oct 2022 08:51:04 GMT",
        "Expires": "-1",
        "Pragma": "no-cache",
        "Server": "Kestrel",
        "Strict-Transport-Security": "max-age=31536000; includeSubDomains",
        "X-Content-Type-Options": "nosniff",
        "x-ms-correlation-request-id": "049e0999-5821-4678-a154-a1abba662ded",
        "x-ms-ratelimit-remaining-subscription-reads": "11991",
        "x-ms-request-id": "049e0999-5821-4678-a154-a1abba662ded",
        "x-ms-routing-request-id": "SOUTHEASTASIA:20221027T085105Z:049e0999-5821-4678-a154-a1abba662ded"
      },
      "ResponseBody": {
        "id": "/subscriptions/db1ab6f0-4769-4b27-930e-01e2ef9c123c/resourceGroups/testRG-5955/providers/Microsoft.OperationalInsights/workspaces/testRG-5955-ws/providers/Microsoft.SecurityInsights/Bookmarks/6a8d6ea6-04d5-49d7-8169-ffca8b0ced59",
        "name": "6a8d6ea6-04d5-49d7-8169-ffca8b0ced59",
        "etag": "\u00224b00e78b-0000-0100-0000-635a46750000\u0022",
        "type": "Microsoft.SecurityInsights/Bookmarks",
        "properties": {
          "displayName": "SDKTestBookmark",
          "created": "2022-10-27T08:50:59.8916928\u002B00:00",
          "updated": "2022-10-27T08:51:01.8137135\u002B00:00",
          "createdBy": {
            "objectId": "81fa2eb4-9d84-4df5-ad32-6c22e2feb57e",
            "name": "Bookmark created from external application - Dapzhang-SP-For-DotNetSDK-Test"
          },
          "updatedBy": {
            "objectId": "81fa2eb4-9d84-4df5-ad32-6c22e2feb57e",
            "name": "Bookmark created from external application - Dapzhang-SP-For-DotNetSDK-Test"
          },
          "eventTime": "2022-10-27T08:51:00.671862\u002B00:00",
          "labels": [],
          "query": "SecurityEvent | take 10",
          "incidentInfo": {
            "incidentId": null,
            "title": null,
            "relationName": null,
            "severity": null
          },
          "entityMappings": [],
          "tactics": [],
          "techniques": []
        }
      }
    },
    {
      "RequestUri": "https://management.azure.com/subscriptions/db1ab6f0-4769-4b27-930e-01e2ef9c123c/resourceGroups/testRG-5955/providers/Microsoft.OperationalInsights/workspaces/testRG-5955-ws/providers/Microsoft.SecurityInsights/bookmarks/6a8d6ea6-04d5-49d7-8169-ffca8b0ced60?api-version=2022-08-01-preview",
      "RequestMethod": "GET",
      "RequestHeaders": {
        "Accept": "application/json",
        "Authorization": "Sanitized",
        "traceparent": "00-6d8f1fe212cf0e40ad3b97934e4c2069-94935d04e6d42042-00",
        "User-Agent": "azsdk-net-ResourceManager.SecurityInsights/1.0.0-alpha.20221025.1 (.NET Framework 4.8.9075.0; Microsoft Windows 10.0.22621 )",
        "x-ms-client-request-id": "c96571bab2327bd3dbae06bef0cc3e17",
        "x-ms-return-client-request-id": "true"
      },
      "RequestBody": null,
      "StatusCode": 404,
      "ResponseHeaders": {
        "Cache-Control": "no-cache",
        "Content-Length": "104",
        "Content-Type": "application/json; charset=utf-8",
        "Date": "Thu, 27 Oct 2022 08:51:05 GMT",
        "Expires": "-1",
        "Pragma": "no-cache",
        "Server": "Kestrel",
        "Strict-Transport-Security": "max-age=31536000; includeSubDomains",
        "X-Content-Type-Options": "nosniff",
        "x-ms-correlation-request-id": "cf5c2916-dea3-4b78-8889-885a392c1c6d",
        "x-ms-ratelimit-remaining-subscription-reads": "11990",
        "x-ms-request-id": "cf5c2916-dea3-4b78-8889-885a392c1c6d",
        "x-ms-routing-request-id": "SOUTHEASTASIA:20221027T085105Z:cf5c2916-dea3-4b78-8889-885a392c1c6d"
      },
      "ResponseBody": {
        "error": {
          "code": "NotFound",
          "message": "Resource \u00276a8d6ea6-04d5-49d7-8169-ffca8b0ced60\u0027 does not exist"
        }
      }
    }
  ],
  "Variables": {
    "AZURE_AUTHORITY_HOST": "https://login.microsoftonline.com/",
    "RandomSeed": "132866389",
    "RESOURCE_MANAGER_URL": null,
    "SUBSCRIPTION_ID": "db1ab6f0-4769-4b27-930e-01e2ef9c123c"
  }
}
