{
  "Entries": [
    {
      "RequestUri": "https://management.azure.com/subscriptions/cc943344-3e50-4367-928f-79e03a97639d?api-version=2021-01-01",
      "RequestMethod": "GET",
      "RequestHeaders": {
        "Accept": "application/json",
        "Authorization": "Sanitized",
        "traceparent": "00-e720dc3717f88e6a2ba7a69a21274441-09cd6cea71f5ccb0-00",
        "User-Agent": "azsdk-net-ResourceManager/1.4.0 (.NET 6.0.16; Microsoft Windows 10.0.22621)",
        "x-ms-client-request-id": "e66cce78bf8d13fa9163dae168b7b8b4",
        "x-ms-return-client-request-id": "true"
      },
      "RequestBody": null,
      "StatusCode": 200,
      "ResponseHeaders": {
        "Cache-Control": "no-cache",
        "Content-Length": "401",
        "Content-Type": "application/json; charset=utf-8",
        "Date": "Wed, 26 Apr 2023 08:12:00 GMT",
        "Expires": "-1",
        "Pragma": "no-cache",
        "Strict-Transport-Security": "max-age=31536000; includeSubDomains",
        "X-Content-Type-Options": "nosniff",
        "x-ms-correlation-request-id": "1f03c3e7-d5a9-4926-8437-0eac1a976bf9",
        "x-ms-ratelimit-remaining-subscription-reads": "11967",
        "x-ms-request-id": "1f03c3e7-d5a9-4926-8437-0eac1a976bf9",
        "x-ms-routing-request-id": "WESTUS2:20230426T081200Z:1f03c3e7-d5a9-4926-8437-0eac1a976bf9"
      },
      "ResponseBody": {
        "id": "/subscriptions/cc943344-3e50-4367-928f-79e03a97639d",
        "authorizationSource": "RoleBased",
        "managedByTenants": [],
        "subscriptionId": "cc943344-3e50-4367-928f-79e03a97639d",
        "tenantId": "72f988bf-86f1-41af-91ab-2d7cd011db47",
        "displayName": "ACI Test Automation 1",
        "state": "Enabled",
        "subscriptionPolicies": {
          "locationPlacementId": "Internal_2014-09-01",
          "quotaId": "Internal_2014-09-01",
          "spendingLimit": "Off"
        }
      }
    },
    {
      "RequestUri": "https://management.azure.com/subscriptions/cc943344-3e50-4367-928f-79e03a97639d/resourcegroups/testRg8588?api-version=**",
      "RequestMethod": "PUT",
      "RequestHeaders": {
        "Accept": "application/json",
        "Authorization": "Sanitized",
        "Content-Length": "21",
        "Content-Type": "application/json",
        "traceparent": "00-c00cfc3e4848f3589e7f19a17748c9f8-49e15829dd8f59f8-00",
        "User-Agent": "azsdk-net-ResourceManager/1.4.0 (.NET 6.0.16; Microsoft Windows 10.0.22621)",
        "x-ms-client-request-id": "54220e34028ace0de5e951197be0c25f",
        "x-ms-return-client-request-id": "true"
      },
      "RequestBody": {
        "location": "westus"
      },
      "StatusCode": 201,
      "ResponseHeaders": {
        "Cache-Control": "no-cache",
        "Content-Length": "217",
        "Content-Type": "application/json; charset=utf-8",
        "Date": "Wed, 26 Apr 2023 08:12:01 GMT",
        "Expires": "-1",
        "Pragma": "no-cache",
        "Strict-Transport-Security": "max-age=31536000; includeSubDomains",
        "X-Content-Type-Options": "nosniff",
        "x-ms-correlation-request-id": "9ddeb892-c244-412b-aa11-f507fbc549e7",
        "x-ms-ratelimit-remaining-subscription-writes": "1193",
        "x-ms-request-id": "9ddeb892-c244-412b-aa11-f507fbc549e7",
        "x-ms-routing-request-id": "WESTUS2:20230426T081201Z:9ddeb892-c244-412b-aa11-f507fbc549e7"
      },
      "ResponseBody": {
        "id": "/subscriptions/cc943344-3e50-4367-928f-79e03a97639d/resourceGroups/testRg8588",
        "name": "testRg8588",
        "type": "Microsoft.Resources/resourceGroups",
        "location": "westus",
        "properties": {
          "provisioningState": "Succeeded"
        }
      }
    },
    {
      "RequestUri": "https://management.azure.com/subscriptions/cc943344-3e50-4367-928f-79e03a97639d/resourceGroups/testRg8588/providers/Microsoft.ContainerInstance/containerGroups/containergrp2816?api-version=2023-05-01",
      "RequestMethod": "PUT",
      "RequestHeaders": {
        "Accept": "application/json",
        "Authorization": "Sanitized",
        "Content-Length": "1003",
        "Content-Type": "application/json",
        "traceparent": "00-96a66ff278f651504bee0837c4c1bcb7-1609bd079fe6c9c7-00",
        "User-Agent": "azsdk-net-ResourceManager.ContainerInstance/1.1.0-alpha.20230426.1 (.NET 6.0.16; Microsoft Windows 10.0.22621)",
        "x-ms-client-request-id": "41087903d7fbb2dae31feaeb1d65d719",
        "x-ms-return-client-request-id": "true"
      },
      "RequestBody": {
        "tags": {},
        "location": "westus",
        "properties": {
          "containers": [
            {
              "name": "containergrp2816",
              "properties": {
                "image": "alpine",
                "command": [
                  "/bin/sh",
                  "-c",
                  "while true; do sleep 10; done"
                ],
                "ports": [
                  {
                    "port": 80
                  }
                ],
                "environmentVariables": [
                  {
                    "name": "secretEnv",
                    "secureValue": "secretValue1"
                  }
                ],
                "resources": {
                  "requests": {
                    "memoryInGB": 1.5,
                    "cpu": 1
                  }
                },
                "livenessProbe": {
                  "exec": {
                    "command": [
                      "ls"
                    ]
                  },
                  "periodSeconds": 20
                }
              }
            }
          ],
          "restartPolicy": "Never",
          "ipAddress": {
            "ports": [
              {
                "protocol": "TCP",
                "port": 80
              }
            ],
            "type": "Public",
            "dnsNameLabel": "containergrp2816"
          },
          "osType": "Linux",
          "diagnostics": {
            "logAnalytics": {
              "workspaceId": "workspaceid",
              "workspaceKey": "workspacekey"
            }
          },
          "sku": "Standard",
          "encryptionProperties": {
            "vaultBaseUrl": "https://cloudaci-cloudtest.vault.azure.net/",
            "keyName": "testencryptionkey",
            "keyVersion": "804d3f1d5ce2456b9bc3dc9e35aaa67e"
          },
          "initContainers": [
            {
              "name": "containergrp2816init",
              "properties": {
                "image": "alpine",
                "command": [
                  "/bin/sh",
                  "-c",
                  "sleep 5"
                ],
                "environmentVariables": [
                  {
                    "name": "secretEnv",
                    "secureValue": "secretValue1"
                  }
                ]
              }
            }
          ]
        }
      },
      "StatusCode": 201,
      "ResponseHeaders": {
        "Azure-AsyncOperation": "https://management.azure.com/subscriptions/cc943344-3e50-4367-928f-79e03a97639d/providers/Microsoft.ContainerInstance/locations/westus/operations/7d6fe84b-4dc3-409a-8048-84c16a8830fb?api-version=2018-06-01",
        "Cache-Control": "no-cache",
        "Content-Length": "1399",
        "Content-Type": "application/json; charset=utf-8",
        "Date": "Wed, 26 Apr 2023 08:12:05 GMT",
        "Expires": "-1",
        "Pragma": "no-cache",
        "Strict-Transport-Security": "max-age=31536000; includeSubDomains",
        "X-Content-Type-Options": "nosniff",
        "x-ms-correlation-request-id": "563ce04d-0170-441f-9e7d-326d2dfed112",
        "x-ms-ratelimit-remaining-subscription-resource-requests-pt1h": "1797",
        "x-ms-ratelimit-remaining-subscription-resource-requests-pt5m": "899",
        "x-ms-ratelimit-remaining-subscription-writes": "1192",
        "x-ms-request-id": "westus:7d6fe84b-4dc3-409a-8048-84c16a8830fb",
        "x-ms-routing-request-id": "WESTUS2:20230426T081205Z:563ce04d-0170-441f-9e7d-326d2dfed112"
      },
      "ResponseBody": {
        "properties": {
          "sku": "Standard",
          "encryptionProperties": {
            "vaultBaseUrl": "https://cloudaci-cloudtest.vault.azure.net/",
            "keyName": "testencryptionkey",
            "keyVersion": "804d3f1d5ce2456b9bc3dc9e35aaa67e"
          },
          "provisioningState": "Pending",
          "provisioningTimeoutInSeconds": 1800,
          "isCustomProvisioningTimeout": false,
          "containers": [
            {
              "name": "containergrp2816",
              "properties": {
                "image": "alpine",
                "command": [
                  "/bin/sh",
                  "-c",
                  "while true; do sleep 10; done"
                ],
                "ports": [
                  {
                    "port": 80
                  }
                ],
                "environmentVariables": [
                  {
                    "name": "secretEnv"
                  }
                ],
                "resources": {
                  "requests": {
                    "memoryInGB": 1.5,
                    "cpu": 1.0
                  }
                },
                "livenessProbe": {
                  "exec": {
                    "command": [
                      "ls"
                    ]
                  },
                  "periodSeconds": 20
                }
              }
            }
          ],
          "initContainers": [
            {
              "name": "containergrp2816init",
              "properties": {
                "image": "alpine",
                "command": [
                  "/bin/sh",
                  "-c",
                  "sleep 5"
                ],
                "environmentVariables": [
                  {
                    "name": "secretEnv"
                  }
                ]
              }
            }
          ],
          "restartPolicy": "Never",
          "ipAddress": {
            "ports": [
              {
                "protocol": "TCP",
                "port": 80
              }
            ],
            "type": "Public",
            "dnsNameLabel": "containergrp2816",
            "autoGeneratedDomainNameLabelScope": "Unsecure",
            "fqdn": "containergrp2816.westus.azurecontainer.io"
          },
          "osType": "Linux",
          "instanceView": {
            "events": [],
            "state": "Pending"
          },
          "diagnostics": {
            "logAnalytics": {
              "workspaceId": "workspaceid"
            }
          }
        },
        "id": "/subscriptions/cc943344-3e50-4367-928f-79e03a97639d/resourceGroups/testRg8588/providers/Microsoft.ContainerInstance/containerGroups/containergrp2816",
        "name": "containergrp2816",
        "type": "Microsoft.ContainerInstance/containerGroups",
        "location": "westus",
        "tags": {}
      }
    },
    {
      "RequestUri": "https://management.azure.com/subscriptions/cc943344-3e50-4367-928f-79e03a97639d/providers/Microsoft.ContainerInstance/locations/westus/operations/7d6fe84b-4dc3-409a-8048-84c16a8830fb?api-version=2023-05-01",
      "RequestMethod": "GET",
      "RequestHeaders": {
        "Authorization": "Sanitized",
        "traceparent": "00-96a66ff278f651504bee0837c4c1bcb7-459b9b826657f0cd-00",
        "User-Agent": "azsdk-net-ResourceManager/1.4.0 (.NET 6.0.16; Microsoft Windows 10.0.22621)",
        "x-ms-client-request-id": "3fb33782afab373847a1a7e223e2c783",
        "x-ms-return-client-request-id": "true"
      },
      "RequestBody": null,
      "StatusCode": 200,
      "ResponseHeaders": {
        "Cache-Control": "no-cache",
        "Content-Length": "246",
        "Content-Type": "application/json; charset=utf-8",
        "Date": "Wed, 26 Apr 2023 08:12:05 GMT",
        "Expires": "-1",
        "Pragma": "no-cache",
        "Strict-Transport-Security": "max-age=31536000; includeSubDomains",
        "Vary": "Accept-Encoding",
        "X-Content-Type-Options": "nosniff",
        "x-ms-correlation-request-id": "e8ac2b10-99ba-4b30-ae39-4a34c9cf8021",
        "x-ms-ratelimit-remaining-subscription-reads": "11966",
        "x-ms-request-id": "westus:8107f0d3-32b9-4031-a253-f6e5c59f35b7",
        "x-ms-routing-request-id": "WESTUS2:20230426T081205Z:e8ac2b10-99ba-4b30-ae39-4a34c9cf8021"
      },
      "ResponseBody": {
        "id": "/subscriptions/cc943344-3e50-4367-928f-79e03a97639d/resourceGroups/testRg8588/providers/Microsoft.ContainerInstance/containerGroups/containergrp2816",
        "status": "Pending",
        "startTime": "2023-04-26T08:12:05.4574203Z",
        "properties": {
          "events": []
        }
      }
    },
    {
      "RequestUri": "https://management.azure.com/subscriptions/cc943344-3e50-4367-928f-79e03a97639d/providers/Microsoft.ContainerInstance/locations/westus/operations/7d6fe84b-4dc3-409a-8048-84c16a8830fb?api-version=2023-05-01",
      "RequestMethod": "GET",
      "RequestHeaders": {
        "Authorization": "Sanitized",
        "traceparent": "00-96a66ff278f651504bee0837c4c1bcb7-e37d293423e1a58c-00",
        "User-Agent": "azsdk-net-ResourceManager/1.4.0 (.NET 6.0.16; Microsoft Windows 10.0.22621)",
        "x-ms-client-request-id": "4b5bff7994c91685ada929530031b8cd",
        "x-ms-return-client-request-id": "true"
      },
      "RequestBody": null,
      "StatusCode": 200,
      "ResponseHeaders": {
        "Cache-Control": "no-cache",
        "Content-Length": "246",
        "Content-Type": "application/json; charset=utf-8",
        "Date": "Wed, 26 Apr 2023 08:12:06 GMT",
        "Expires": "-1",
        "Pragma": "no-cache",
        "Strict-Transport-Security": "max-age=31536000; includeSubDomains",
        "Vary": "Accept-Encoding",
        "X-Content-Type-Options": "nosniff",
        "x-ms-correlation-request-id": "e7bda0ea-b2d4-4e89-95d8-6a741d16e0f8",
        "x-ms-ratelimit-remaining-subscription-reads": "11965",
        "x-ms-request-id": "westus:bfa719d4-9c71-47a0-adec-c2fd789aa9d2",
        "x-ms-routing-request-id": "WESTUS2:20230426T081206Z:e7bda0ea-b2d4-4e89-95d8-6a741d16e0f8"
      },
      "ResponseBody": {
        "id": "/subscriptions/cc943344-3e50-4367-928f-79e03a97639d/resourceGroups/testRg8588/providers/Microsoft.ContainerInstance/containerGroups/containergrp2816",
        "status": "Pending",
        "startTime": "2023-04-26T08:12:05.4574203Z",
        "properties": {
          "events": []
        }
      }
    },
    {
      "RequestUri": "https://management.azure.com/subscriptions/cc943344-3e50-4367-928f-79e03a97639d/providers/Microsoft.ContainerInstance/locations/westus/operations/7d6fe84b-4dc3-409a-8048-84c16a8830fb?api-version=2023-05-01",
      "RequestMethod": "GET",
      "RequestHeaders": {
        "Authorization": "Sanitized",
        "traceparent": "00-96a66ff278f651504bee0837c4c1bcb7-4a14b0ee87972de9-00",
        "User-Agent": "azsdk-net-ResourceManager/1.4.0 (.NET 6.0.16; Microsoft Windows 10.0.22621)",
        "x-ms-client-request-id": "e569d29c98b1706e5cc1830846e93c35",
        "x-ms-return-client-request-id": "true"
      },
      "RequestBody": null,
      "StatusCode": 200,
      "ResponseHeaders": {
        "Cache-Control": "no-cache",
        "Content-Length": "246",
        "Content-Type": "application/json; charset=utf-8",
        "Date": "Wed, 26 Apr 2023 08:12:08 GMT",
        "Expires": "-1",
        "Pragma": "no-cache",
        "Strict-Transport-Security": "max-age=31536000; includeSubDomains",
        "Vary": "Accept-Encoding",
        "X-Content-Type-Options": "nosniff",
        "x-ms-correlation-request-id": "c3e3c4d3-4b55-45dc-ac34-9e3a91c37f84",
        "x-ms-ratelimit-remaining-subscription-reads": "11964",
        "x-ms-request-id": "westus:1fb02883-94e4-4ca0-81fd-ee8679c3cb14",
        "x-ms-routing-request-id": "WESTUS2:20230426T081208Z:c3e3c4d3-4b55-45dc-ac34-9e3a91c37f84"
      },
      "ResponseBody": {
        "id": "/subscriptions/cc943344-3e50-4367-928f-79e03a97639d/resourceGroups/testRg8588/providers/Microsoft.ContainerInstance/containerGroups/containergrp2816",
        "status": "Pending",
        "startTime": "2023-04-26T08:12:05.4574203Z",
        "properties": {
          "events": []
        }
      }
    },
    {
      "RequestUri": "https://management.azure.com/subscriptions/cc943344-3e50-4367-928f-79e03a97639d/providers/Microsoft.ContainerInstance/locations/westus/operations/7d6fe84b-4dc3-409a-8048-84c16a8830fb?api-version=2023-05-01",
      "RequestMethod": "GET",
      "RequestHeaders": {
        "Authorization": "Sanitized",
        "traceparent": "00-96a66ff278f651504bee0837c4c1bcb7-9bd276c248b0ac34-00",
        "User-Agent": "azsdk-net-ResourceManager/1.4.0 (.NET 6.0.16; Microsoft Windows 10.0.22621)",
        "x-ms-client-request-id": "fa2f52e038baee4eb29d910185e53716",
        "x-ms-return-client-request-id": "true"
      },
      "RequestBody": null,
      "StatusCode": 200,
      "ResponseHeaders": {
        "Cache-Control": "no-cache",
        "Content-Length": "246",
        "Content-Type": "application/json; charset=utf-8",
        "Date": "Wed, 26 Apr 2023 08:12:09 GMT",
        "Expires": "-1",
        "Pragma": "no-cache",
        "Strict-Transport-Security": "max-age=31536000; includeSubDomains",
        "Vary": "Accept-Encoding",
        "X-Content-Type-Options": "nosniff",
        "x-ms-correlation-request-id": "cd60d7d9-cb8e-448c-b163-544b2c33add8",
        "x-ms-ratelimit-remaining-subscription-reads": "11963",
        "x-ms-request-id": "westus:8807feee-cf74-4fa2-b4c1-64f1a0d7cd42",
        "x-ms-routing-request-id": "WESTUS2:20230426T081209Z:cd60d7d9-cb8e-448c-b163-544b2c33add8"
      },
      "ResponseBody": {
        "id": "/subscriptions/cc943344-3e50-4367-928f-79e03a97639d/resourceGroups/testRg8588/providers/Microsoft.ContainerInstance/containerGroups/containergrp2816",
        "status": "Pending",
        "startTime": "2023-04-26T08:12:05.4574203Z",
        "properties": {
          "events": []
        }
      }
    },
    {
      "RequestUri": "https://management.azure.com/subscriptions/cc943344-3e50-4367-928f-79e03a97639d/providers/Microsoft.ContainerInstance/locations/westus/operations/7d6fe84b-4dc3-409a-8048-84c16a8830fb?api-version=2023-05-01",
      "RequestMethod": "GET",
      "RequestHeaders": {
        "Authorization": "Sanitized",
        "traceparent": "00-96a66ff278f651504bee0837c4c1bcb7-46105801ea3405e1-00",
        "User-Agent": "azsdk-net-ResourceManager/1.4.0 (.NET 6.0.16; Microsoft Windows 10.0.22621)",
        "x-ms-client-request-id": "5146d9e9e179e0d291eaee07117dd0c4",
        "x-ms-return-client-request-id": "true"
      },
      "RequestBody": null,
      "StatusCode": 200,
      "ResponseHeaders": {
        "Cache-Control": "no-cache",
        "Content-Length": "246",
        "Content-Type": "application/json; charset=utf-8",
        "Date": "Wed, 26 Apr 2023 08:12:11 GMT",
        "Expires": "-1",
        "Pragma": "no-cache",
        "Strict-Transport-Security": "max-age=31536000; includeSubDomains",
        "Vary": "Accept-Encoding",
        "X-Content-Type-Options": "nosniff",
        "x-ms-correlation-request-id": "983a43d0-7aa3-4cf9-a8f0-c3c2462984ce",
        "x-ms-ratelimit-remaining-subscription-reads": "11962",
        "x-ms-request-id": "westus:7451b323-5651-426b-be44-0e21ddcdbff8",
        "x-ms-routing-request-id": "WESTUS2:20230426T081211Z:983a43d0-7aa3-4cf9-a8f0-c3c2462984ce"
      },
      "ResponseBody": {
        "id": "/subscriptions/cc943344-3e50-4367-928f-79e03a97639d/resourceGroups/testRg8588/providers/Microsoft.ContainerInstance/containerGroups/containergrp2816",
        "status": "Pending",
        "startTime": "2023-04-26T08:12:05.4574203Z",
        "properties": {
          "events": []
        }
      }
    },
    {
      "RequestUri": "https://management.azure.com/subscriptions/cc943344-3e50-4367-928f-79e03a97639d/providers/Microsoft.ContainerInstance/locations/westus/operations/7d6fe84b-4dc3-409a-8048-84c16a8830fb?api-version=2023-05-01",
      "RequestMethod": "GET",
      "RequestHeaders": {
        "Authorization": "Sanitized",
        "traceparent": "00-96a66ff278f651504bee0837c4c1bcb7-04612b0f824d006e-00",
        "User-Agent": "azsdk-net-ResourceManager/1.4.0 (.NET 6.0.16; Microsoft Windows 10.0.22621)",
        "x-ms-client-request-id": "ad72f46dbe026313837b3314076cea77",
        "x-ms-return-client-request-id": "true"
      },
      "RequestBody": null,
      "StatusCode": 200,
      "ResponseHeaders": {
        "Cache-Control": "no-cache",
        "Content-Length": "246",
        "Content-Type": "application/json; charset=utf-8",
        "Date": "Wed, 26 Apr 2023 08:12:15 GMT",
        "Expires": "-1",
        "Pragma": "no-cache",
        "Strict-Transport-Security": "max-age=31536000; includeSubDomains",
        "Vary": "Accept-Encoding",
        "X-Content-Type-Options": "nosniff",
        "x-ms-correlation-request-id": "d0c56fd1-1ca1-41e1-b0f7-a74b6f93c2dd",
        "x-ms-ratelimit-remaining-subscription-reads": "11961",
        "x-ms-request-id": "westus:290efb9a-8b9b-41f6-8166-e9476ec6855f",
        "x-ms-routing-request-id": "WESTUS2:20230426T081215Z:d0c56fd1-1ca1-41e1-b0f7-a74b6f93c2dd"
      },
      "ResponseBody": {
        "id": "/subscriptions/cc943344-3e50-4367-928f-79e03a97639d/resourceGroups/testRg8588/providers/Microsoft.ContainerInstance/containerGroups/containergrp2816",
        "status": "Pending",
        "startTime": "2023-04-26T08:12:05.4574203Z",
        "properties": {
          "events": []
        }
      }
    },
    {
      "RequestUri": "https://management.azure.com/subscriptions/cc943344-3e50-4367-928f-79e03a97639d/providers/Microsoft.ContainerInstance/locations/westus/operations/7d6fe84b-4dc3-409a-8048-84c16a8830fb?api-version=2023-05-01",
      "RequestMethod": "GET",
      "RequestHeaders": {
        "Authorization": "Sanitized",
        "traceparent": "00-96a66ff278f651504bee0837c4c1bcb7-b9d2a7375e0cf7df-00",
        "User-Agent": "azsdk-net-ResourceManager/1.4.0 (.NET 6.0.16; Microsoft Windows 10.0.22621)",
        "x-ms-client-request-id": "6c1f6d8aeba2ffbb804e68cf4a47dd34",
        "x-ms-return-client-request-id": "true"
      },
      "RequestBody": null,
      "StatusCode": 200,
      "ResponseHeaders": {
        "Cache-Control": "no-cache",
        "Content-Length": "246",
        "Content-Type": "application/json; charset=utf-8",
        "Date": "Wed, 26 Apr 2023 08:12:23 GMT",
        "Expires": "-1",
        "Pragma": "no-cache",
        "Strict-Transport-Security": "max-age=31536000; includeSubDomains",
        "Vary": "Accept-Encoding",
        "X-Content-Type-Options": "nosniff",
        "x-ms-correlation-request-id": "a9a96134-4f00-4d9f-b5f2-f3642fd2345f",
        "x-ms-ratelimit-remaining-subscription-reads": "11960",
        "x-ms-request-id": "westus:2da5c328-a006-40c4-b681-f8ab337a44ab",
        "x-ms-routing-request-id": "WESTUS2:20230426T081223Z:a9a96134-4f00-4d9f-b5f2-f3642fd2345f"
      },
      "ResponseBody": {
        "id": "/subscriptions/cc943344-3e50-4367-928f-79e03a97639d/resourceGroups/testRg8588/providers/Microsoft.ContainerInstance/containerGroups/containergrp2816",
        "status": "Pending",
        "startTime": "2023-04-26T08:12:05.4574203Z",
        "properties": {
          "events": []
        }
      }
    },
    {
      "RequestUri": "https://management.azure.com/subscriptions/cc943344-3e50-4367-928f-79e03a97639d/providers/Microsoft.ContainerInstance/locations/westus/operations/7d6fe84b-4dc3-409a-8048-84c16a8830fb?api-version=2023-05-01",
      "RequestMethod": "GET",
      "RequestHeaders": {
        "Authorization": "Sanitized",
        "traceparent": "00-96a66ff278f651504bee0837c4c1bcb7-dccbe63244204933-00",
        "User-Agent": "azsdk-net-ResourceManager/1.4.0 (.NET 6.0.16; Microsoft Windows 10.0.22621)",
        "x-ms-client-request-id": "9194cdcc89722a13c6e3cdfdadbdd925",
        "x-ms-return-client-request-id": "true"
      },
      "RequestBody": null,
      "StatusCode": 200,
      "ResponseHeaders": {
        "Cache-Control": "no-cache",
        "Content-Length": "248",
        "Content-Type": "application/json; charset=utf-8",
        "Date": "Wed, 26 Apr 2023 08:12:39 GMT",
        "Expires": "-1",
        "Pragma": "no-cache",
        "Strict-Transport-Security": "max-age=31536000; includeSubDomains",
        "Vary": "Accept-Encoding",
        "X-Content-Type-Options": "nosniff",
        "x-ms-correlation-request-id": "7eb2af25-f020-48bf-a488-9a3fcf6cb155",
        "x-ms-ratelimit-remaining-subscription-reads": "11959",
        "x-ms-request-id": "westus:4e090415-4bd5-45be-8ae1-7393caf53df7",
        "x-ms-routing-request-id": "WESTUS2:20230426T081239Z:7eb2af25-f020-48bf-a488-9a3fcf6cb155"
      },
      "ResponseBody": {
        "id": "/subscriptions/cc943344-3e50-4367-928f-79e03a97639d/resourceGroups/testRg8588/providers/Microsoft.ContainerInstance/containerGroups/containergrp2816",
        "status": "Succeeded",
        "startTime": "2023-04-26T08:12:05.4574203Z",
        "properties": {
          "events": []
        }
      }
    },
    {
      "RequestUri": "https://management.azure.com/subscriptions/cc943344-3e50-4367-928f-79e03a97639d/resourceGroups/testRg8588/providers/Microsoft.ContainerInstance/containerGroups/containergrp2816?api-version=2023-05-01",
      "RequestMethod": "GET",
      "RequestHeaders": {
        "Authorization": "Sanitized",
        "traceparent": "00-96a66ff278f651504bee0837c4c1bcb7-8f0590583c74b0de-00",
        "User-Agent": "azsdk-net-ResourceManager/1.4.0 (.NET 6.0.16; Microsoft Windows 10.0.22621)",
        "x-ms-client-request-id": "a37c77ff645d822138732db45643193c",
        "x-ms-return-client-request-id": "true"
      },
      "RequestBody": null,
      "StatusCode": 200,
      "ResponseHeaders": {
        "Cache-Control": "no-cache",
        "Content-Length": "1738",
        "Content-Type": "application/json; charset=utf-8",
        "Date": "Wed, 26 Apr 2023 08:12:39 GMT",
        "Expires": "-1",
        "Pragma": "no-cache",
        "Strict-Transport-Security": "max-age=31536000; includeSubDomains",
        "Vary": "Accept-Encoding",
        "X-Content-Type-Options": "nosniff",
        "x-ms-correlation-request-id": "eceba78e-17f4-4522-bb18-8cc129918b3e",
        "x-ms-ratelimit-remaining-subscription-reads": "11958",
        "x-ms-request-id": "westus:72869452-1755-43a1-9d3b-f5c09c49b535",
        "x-ms-routing-request-id": "WESTUS2:20230426T081239Z:eceba78e-17f4-4522-bb18-8cc129918b3e"
      },
      "ResponseBody": {
        "properties": {
          "sku": "Standard",
          "encryptionProperties": {
            "vaultBaseUrl": "https://cloudaci-cloudtest.vault.azure.net/",
            "keyName": "testencryptionkey",
            "keyVersion": "804d3f1d5ce2456b9bc3dc9e35aaa67e"
          },
          "provisioningState": "Succeeded",
          "provisioningTimeoutInSeconds": 1800,
          "isCustomProvisioningTimeout": false,
          "containers": [
            {
              "name": "containergrp2816",
              "properties": {
                "image": "alpine",
                "command": [
                  "/bin/sh",
                  "-c",
                  "while true; do sleep 10; done"
                ],
                "ports": [
                  {
                    "port": 80
                  }
                ],
                "environmentVariables": [
                  {
                    "name": "secretEnv"
                  }
                ],
                "instanceView": {
                  "restartCount": 0,
                  "currentState": {
                    "state": "Running",
                    "startTime": "2023-04-26T08:12:27.694Z",
                    "detailStatus": ""
                  }
                },
                "resources": {
                  "requests": {
                    "memoryInGB": 1.5,
                    "cpu": 1.0
                  }
                },
                "livenessProbe": {
                  "exec": {
                    "command": [
                      "ls"
                    ]
                  },
                  "periodSeconds": 20
                }
              }
            }
          ],
          "initContainers": [
            {
              "name": "containergrp2816init",
              "properties": {
                "image": "alpine",
                "command": [
                  "/bin/sh",
                  "-c",
                  "sleep 5"
                ],
                "environmentVariables": [
                  {
                    "name": "secretEnv"
                  }
                ],
                "instanceView": {
                  "restartCount": 0,
                  "currentState": {
                    "state": "Terminated",
                    "startTime": "2023-04-26T08:12:20.819Z",
                    "exitCode": 0,
                    "finishTime": "2023-04-26T08:12:26.373Z",
                    "detailStatus": "Completed"
                  }
                }
              }
            }
          ],
          "restartPolicy": "Never",
          "ipAddress": {
            "ports": [
              {
                "protocol": "TCP",
                "port": 80
              }
            ],
            "ip": "23.99.93.192",
            "type": "Public",
            "dnsNameLabel": "containergrp2816",
            "autoGeneratedDomainNameLabelScope": "Unsecure",
            "fqdn": "containergrp2816.westus.azurecontainer.io"
          },
          "osType": "Linux",
          "instanceView": {
            "events": [],
            "state": "Running"
          },
          "diagnostics": {
            "logAnalytics": {
              "workspaceId": "workspaceid"
            }
          }
        },
        "id": "/subscriptions/cc943344-3e50-4367-928f-79e03a97639d/resourceGroups/testRg8588/providers/Microsoft.ContainerInstance/containerGroups/containergrp2816",
        "name": "containergrp2816",
        "type": "Microsoft.ContainerInstance/containerGroups",
        "location": "westus",
        "tags": {}
      }
    },
    {
      "RequestUri": "https://management.azure.com/subscriptions/cc943344-3e50-4367-928f-79e03a97639d/resourceGroups/testRg8588/providers/Microsoft.ContainerInstance/containerGroups/containergrp2816?api-version=2023-05-01",
      "RequestMethod": "GET",
      "RequestHeaders": {
        "Accept": "application/json",
        "Authorization": "Sanitized",
        "traceparent": "00-f95104bc5d473c77980f703d8618649d-3d1070b09c3af7fa-00",
        "User-Agent": "azsdk-net-ResourceManager.ContainerInstance/1.1.0-alpha.20230426.1 (.NET 6.0.16; Microsoft Windows 10.0.22621)",
        "x-ms-client-request-id": "3a47fe9e59d7010459f4a5bf1dbe51c2",
        "x-ms-return-client-request-id": "true"
      },
      "RequestBody": null,
      "StatusCode": 200,
      "ResponseHeaders": {
        "Cache-Control": "no-cache",
        "Content-Length": "1738",
        "Content-Type": "application/json; charset=utf-8",
        "Date": "Wed, 26 Apr 2023 08:12:39 GMT",
        "Expires": "-1",
        "Pragma": "no-cache",
        "Strict-Transport-Security": "max-age=31536000; includeSubDomains",
        "Vary": "Accept-Encoding",
        "X-Content-Type-Options": "nosniff",
        "x-ms-correlation-request-id": "3e2c1d38-ac30-48a0-9be5-4291a1ed1a91",
        "x-ms-ratelimit-remaining-subscription-reads": "11957",
        "x-ms-request-id": "westus:f39a5c0e-bcdf-45ff-8478-738f64970d83",
        "x-ms-routing-request-id": "WESTUS2:20230426T081239Z:3e2c1d38-ac30-48a0-9be5-4291a1ed1a91"
      },
      "ResponseBody": {
        "properties": {
          "sku": "Standard",
          "encryptionProperties": {
            "vaultBaseUrl": "https://cloudaci-cloudtest.vault.azure.net/",
            "keyName": "testencryptionkey",
            "keyVersion": "804d3f1d5ce2456b9bc3dc9e35aaa67e"
          },
          "provisioningState": "Succeeded",
          "provisioningTimeoutInSeconds": 1800,
          "isCustomProvisioningTimeout": false,
          "containers": [
            {
              "name": "containergrp2816",
              "properties": {
                "image": "alpine",
                "command": [
                  "/bin/sh",
                  "-c",
                  "while true; do sleep 10; done"
                ],
                "ports": [
                  {
                    "port": 80
                  }
                ],
                "environmentVariables": [
                  {
                    "name": "secretEnv"
                  }
                ],
                "instanceView": {
                  "restartCount": 0,
                  "currentState": {
                    "state": "Running",
                    "startTime": "2023-04-26T08:12:27.694Z",
                    "detailStatus": ""
                  }
                },
                "resources": {
                  "requests": {
                    "memoryInGB": 1.5,
                    "cpu": 1.0
                  }
                },
                "livenessProbe": {
                  "exec": {
                    "command": [
                      "ls"
                    ]
                  },
                  "periodSeconds": 20
                }
              }
            }
          ],
          "initContainers": [
            {
              "name": "containergrp2816init",
              "properties": {
                "image": "alpine",
                "command": [
                  "/bin/sh",
                  "-c",
                  "sleep 5"
                ],
                "environmentVariables": [
                  {
                    "name": "secretEnv"
                  }
                ],
                "instanceView": {
                  "restartCount": 0,
                  "currentState": {
                    "state": "Terminated",
                    "startTime": "2023-04-26T08:12:20.819Z",
                    "exitCode": 0,
                    "finishTime": "2023-04-26T08:12:26.373Z",
                    "detailStatus": "Completed"
                  }
                }
              }
            }
          ],
          "restartPolicy": "Never",
          "ipAddress": {
            "ports": [
              {
                "protocol": "TCP",
                "port": 80
              }
            ],
            "ip": "23.99.93.192",
            "type": "Public",
            "dnsNameLabel": "containergrp2816",
            "autoGeneratedDomainNameLabelScope": "Unsecure",
            "fqdn": "containergrp2816.westus.azurecontainer.io"
          },
          "osType": "Linux",
          "instanceView": {
            "events": [],
            "state": "Running"
          },
          "diagnostics": {
            "logAnalytics": {
              "workspaceId": "workspaceid"
            }
          }
        },
        "id": "/subscriptions/cc943344-3e50-4367-928f-79e03a97639d/resourceGroups/testRg8588/providers/Microsoft.ContainerInstance/containerGroups/containergrp2816",
        "name": "containergrp2816",
        "type": "Microsoft.ContainerInstance/containerGroups",
        "location": "westus",
        "tags": {}
      }
    }
  ],
  "Variables": {
    "AZURE_AUTHORITY_HOST": null,
    "RandomSeed": "917164078",
    "RESOURCE_MANAGER_URL": null,
    "SUBSCRIPTION_ID": "cc943344-3e50-4367-928f-79e03a97639d"
  }
}
