{
  "Entries": [
    {
      "RequestUri": "https://management.azure.com/subscriptions/db1ab6f0-4769-4b27-930e-01e2ef9c123c?api-version=2021-01-01",
      "RequestMethod": "GET",
      "RequestHeaders": {
        "Accept": "application/json",
        "Authorization": "Sanitized",
        "traceparent": "00-ac8620562beaad2d95feb81fc1ca7c5f-ed182b5c259bf450-00",
        "User-Agent": "azsdk-net-ResourceManager/1.4.0 (.NET 6.0.16; Microsoft Windows 10.0.22621)",
        "x-ms-client-request-id": "44c0a99c5293581e136171c17f2de713",
        "x-ms-return-client-request-id": "true"
      },
      "RequestBody": null,
      "StatusCode": 200,
      "ResponseHeaders": {
        "Cache-Control": "no-cache",
        "Content-Length": "748",
        "Content-Type": "application/json; charset=utf-8",
        "Date": "Sun, 23 Apr 2023 18:17:43 GMT",
        "Expires": "-1",
        "Pragma": "no-cache",
        "Strict-Transport-Security": "max-age=31536000; includeSubDomains",
        "X-Content-Type-Options": "nosniff",
        "x-ms-correlation-request-id": "88b83bbd-51a5-47a1-909f-4afa29e76b8d",
        "x-ms-ratelimit-remaining-subscription-reads": "11880",
        "x-ms-request-id": "88b83bbd-51a5-47a1-909f-4afa29e76b8d",
        "x-ms-routing-request-id": "SOUTHEASTASIA:20230423T181743Z:88b83bbd-51a5-47a1-909f-4afa29e76b8d"
      },
      "ResponseBody": {
        "id": "/subscriptions/db1ab6f0-4769-4b27-930e-01e2ef9c123c",
        "authorizationSource": "RoleBased",
        "managedByTenants": [],
        "tags": {
          "TagKey-9823": "TagValue-1254",
          "TagKey-3481": "TagValue-320",
          "TagKey-4926": "TagValue-1187",
          "TagKey-751": "TagValue-3921",
          "TagKey-1866": "TagValue-8559",
          "TagKey-3094": "TagValue-9190",
          "TagKey-2449": "TagValue-9",
          "TagKey-8379": "TagValue-164",
          "TagKey-7470": "TagValue-2205",
          "TagKey-4236": "TagValue-3698",
          "TagKey-5316": "TagValue-2725"
        },
        "subscriptionId": "db1ab6f0-4769-4b27-930e-01e2ef9c123c",
        "tenantId": "72f988bf-86f1-41af-91ab-2d7cd011db47",
        "displayName": ".NET Mgmt SDK Test with TTL = 1 Day",
        "state": "Enabled",
        "subscriptionPolicies": {
          "locationPlacementId": "Internal_2014-09-01",
          "quotaId": "Internal_2014-09-01",
          "spendingLimit": "Off"
        }
      }
    },
    {
      "RequestUri": "https://management.azure.com/subscriptions/db1ab6f0-4769-4b27-930e-01e2ef9c123c/resourcegroups/testNetAppDotNetSDKRG-8045?api-version=**",
      "RequestMethod": "PUT",
      "RequestHeaders": {
        "Accept": "application/json",
        "Authorization": "Sanitized",
        "Content-Length": "63",
        "Content-Type": "application/json",
        "traceparent": "00-ff2ed920ca35d4fa3a2d6e2c8dc6a3ea-ec7501f069c685bb-00",
        "User-Agent": "azsdk-net-ResourceManager/1.4.0 (.NET 6.0.16; Microsoft Windows 10.0.22621)",
        "x-ms-client-request-id": "0f73156d639510e9d2e115f0305302e7",
        "x-ms-return-client-request-id": "true"
      },
      "RequestBody": {
        "tags": {
          "test": "env",
          "Owner": "b-aubald"
        },
        "location": "westus2"
      },
      "StatusCode": 201,
      "ResponseHeaders": {
        "Cache-Control": "no-cache",
        "Content-Length": "291",
        "Content-Type": "application/json; charset=utf-8",
        "Date": "Sun, 23 Apr 2023 18:17:43 GMT",
        "Expires": "-1",
        "Pragma": "no-cache",
        "Strict-Transport-Security": "max-age=31536000; includeSubDomains",
        "X-Content-Type-Options": "nosniff",
        "x-ms-correlation-request-id": "5490d9ea-4d28-4eb1-9cdd-cdb805c24703",
        "x-ms-ratelimit-remaining-subscription-writes": "1158",
        "x-ms-request-id": "5490d9ea-4d28-4eb1-9cdd-cdb805c24703",
        "x-ms-routing-request-id": "SOUTHEASTASIA:20230423T181744Z:5490d9ea-4d28-4eb1-9cdd-cdb805c24703"
      },
      "ResponseBody": {
        "id": "/subscriptions/db1ab6f0-4769-4b27-930e-01e2ef9c123c/resourceGroups/testNetAppDotNetSDKRG-8045",
        "name": "testNetAppDotNetSDKRG-8045",
        "type": "Microsoft.Resources/resourceGroups",
        "location": "westus2",
        "tags": {
          "test": "env",
          "Owner": "b-aubald"
        },
        "properties": {
          "provisioningState": "Succeeded"
        }
      }
    },
    {
      "RequestUri": "https://management.azure.com/subscriptions/db1ab6f0-4769-4b27-930e-01e2ef9c123c/providers/Microsoft.NetApp/locations/westus2/checkQuotaAvailability?api-version=2022-09-01",
      "RequestMethod": "POST",
      "RequestHeaders": {
        "Accept": "application/json",
        "Authorization": "Sanitized",
        "Content-Length": "105",
        "Content-Type": "application/json",
        "traceparent": "00-14ed32c4b35400c41a09d6c141e6e9d5-af2ddc12807d50ed-00",
        "User-Agent": "azsdk-net-ResourceManager.NetApp/1.2.0-alpha.20230424.1 (.NET 6.0.16; Microsoft Windows 10.0.22621)",
        "x-ms-client-request-id": "5cb226b9659954e7210b2de483de3aa6",
        "x-ms-return-client-request-id": "true"
      },
      "RequestBody": {
        "name": "account1",
        "type": "Microsoft.NetApp/netAppAccounts",
        "resourceGroup": "testNetAppDotNetSDKRG-8045"
      },
      "StatusCode": 200,
      "ResponseHeaders": {
        "Cache-Control": "no-cache",
        "Content-Length": "20",
        "Content-Type": "application/json; charset=utf-8",
        "Date": "Sun, 23 Apr 2023 18:17:44 GMT",
        "Expires": "-1",
        "Pragma": "no-cache",
        "Server": "Microsoft-IIS/10.0",
        "Strict-Transport-Security": "max-age=31536000; includeSubDomains",
        "X-Content-Type-Options": "nosniff",
        "x-ms-correlation-request-id": "da8aea11-e890-4a46-be67-6d67351c0c00",
        "x-ms-ratelimit-remaining-subscription-writes": "1187",
        "x-ms-request-id": "e9f85e73-9a4f-4b4c-8988-b57d44e03a6b",
        "x-ms-routing-request-id": "SOUTHEASTASIA:20230423T181744Z:da8aea11-e890-4a46-be67-6d67351c0c00",
        "X-Powered-By": "ASP.NET"
      },
      "ResponseBody": {
        "isAvailable": true
      }
    }
  ],
  "Variables": {
    "AZURE_AUTHORITY_HOST": "https://login.microsoftonline.com",
    "RandomSeed": "26623384",
    "RESOURCE_MANAGER_URL": null,
    "SUBSCRIPTION_ID": "db1ab6f0-4769-4b27-930e-01e2ef9c123c"
  }
}
