{
  "Entries": [
    {
      "RequestUri": "https://js-metrics-advisor.cognitiveservices.azure.com/metricsadvisor/v1.0/dataFeeds",
      "RequestMethod": "POST",
      "RequestHeaders": {
        "Accept": "application/json",
        "Authorization": "Sanitized",
        "Content-Length": "312",
        "Content-Type": "application/json",
        "traceparent": "00-a39f6b74f3c6744a976b62064ce181bf-5b15fed178cddd4c-00",
        "User-Agent": "azsdk-net-AI.MetricsAdvisor/1.0.0-alpha.20210609.1 (.NET Framework 4.8.4300.0; Microsoft Windows 10.0.19043 )",
        "x-ms-client-request-id": "c4356899a592ddcf9fece7f6ab1d765a",
        "x-ms-return-client-request-id": "true"
      },
      "RequestBody": {
        "dataSourceParameter": {
          "connectionString": "Sanitized",
          "query": "query"
        },
        "dataSourceType": "SqlServer",
        "dataFeedName": "dataFeedQemmjwy9",
        "granularityName": "Daily",
        "metrics": [
          {
            "metricName": "metric"
          }
        ],
        "dimension": [
          {
            "dimensionName": "DimensionA"
          },
          {
            "dimensionName": "dimensionB"
          }
        ],
        "dataStartFrom": "2020-10-01T00:00:00Z"
      },
      "StatusCode": 201,
      "ResponseHeaders": {
        "apim-request-id": "2d3be348-9d8e-4c27-b6ca-1644bc85ab1e",
        "Content-Length": "0",
        "Date": "Wed, 09 Jun 2021 21:38:19 GMT",
        "Location": "https://js-metrics-advisor.cognitiveservices.azure.com/metricsadvisor/v1.0/dataFeeds/0fcebf2f-1aa4-4b35-9ffa-d54ba96e28a4",
        "Strict-Transport-Security": "max-age=31536000; includeSubDomains; preload",
        "x-content-type-options": "nosniff",
        "x-envoy-upstream-service-time": "845",
        "x-request-id": "2d3be348-9d8e-4c27-b6ca-1644bc85ab1e"
      },
      "ResponseBody": []
    },
    {
      "RequestUri": "https://js-metrics-advisor.cognitiveservices.azure.com/metricsadvisor/v1.0/dataFeeds/0fcebf2f-1aa4-4b35-9ffa-d54ba96e28a4",
      "RequestMethod": "GET",
      "RequestHeaders": {
        "Accept": "application/json",
        "Authorization": "Sanitized",
        "traceparent": "00-a39f6b74f3c6744a976b62064ce181bf-6f8b58a8dafb994d-00",
        "User-Agent": "azsdk-net-AI.MetricsAdvisor/1.0.0-alpha.20210609.1 (.NET Framework 4.8.4300.0; Microsoft Windows 10.0.19043 )",
        "x-ms-client-request-id": "6b8e2df8a6197cb6e3175c37d4a3e2b9",
        "x-ms-return-client-request-id": "true"
      },
      "RequestBody": null,
      "StatusCode": 200,
      "ResponseHeaders": {
        "apim-request-id": "b2605dc2-de32-440d-957d-2e9e909bd7d2",
        "Content-Length": "1052",
        "Content-Type": "application/json; charset=utf-8",
        "Date": "Wed, 09 Jun 2021 21:38:25 GMT",
        "Strict-Transport-Security": "max-age=31536000; includeSubDomains; preload",
        "x-content-type-options": "nosniff",
        "x-envoy-upstream-service-time": "5203",
        "x-request-id": "b2605dc2-de32-440d-957d-2e9e909bd7d2"
      },
      "ResponseBody": {
        "dataFeedId": "0fcebf2f-1aa4-4b35-9ffa-d54ba96e28a4",
        "dataFeedName": "dataFeedQemmjwy9",
        "metrics": [
          {
            "metricId": "0f55fe17-d179-4df4-a198-fd7442a1b5be",
            "metricName": "metric",
            "metricDisplayName": "metric",
            "metricDescription": ""
          }
        ],
        "dimension": [
          {
            "dimensionName": "DimensionA",
            "dimensionDisplayName": "DimensionA"
          },
          {
            "dimensionName": "dimensionB",
            "dimensionDisplayName": "dimensionB"
          }
        ],
        "dataStartFrom": "2020-10-01T00:00:00Z",
        "dataSourceType": "SqlServer",
        "timestampColumn": "",
        "startOffsetInSeconds": 0,
        "maxQueryPerMinute": 30.0,
        "granularityName": "Daily",
        "needRollup": "NoRollup",
        "fillMissingPointType": "PreviousValue",
        "fillMissingPointValue": 0.0,
        "rollUpMethod": "None",
        "dataFeedDescription": "",
        "stopRetryAfterInSeconds": -1,
        "minRetryIntervalInSeconds": -1,
        "maxConcurrency": -1,
        "viewMode": "Private",
        "admins": [
          "94dc466b-52e4-4678-892d-70a0c45c5f42"
        ],
        "viewers": [],
        "creator": "94dc466b-52e4-4678-892d-70a0c45c5f42",
        "status": "Active",
        "createdTime": "2021-06-09T21:38:19Z",
        "isAdmin": true,
        "actionLinkTemplate": "",
        "dataSourceParameter": {
          "query": "query"
        },
        "authenticationType": "Basic"
      }
    },
    {
      "RequestUri": "https://js-metrics-advisor.cognitiveservices.azure.com/metricsadvisor/v1.0/enrichment/anomalyDetection/configurations",
      "RequestMethod": "POST",
      "RequestHeaders": {
        "Accept": "application/json",
        "Authorization": "Sanitized",
        "Content-Length": "300",
        "Content-Type": "application/json",
        "traceparent": "00-89e84a0fa94dd1468b7a3480b4255156-11c89cba1f961b4a-00",
        "User-Agent": "azsdk-net-AI.MetricsAdvisor/1.0.0-alpha.20210609.1 (.NET Framework 4.8.4300.0; Microsoft Windows 10.0.19043 )",
        "x-ms-client-request-id": "c7b52ff8f6235f59803f406120c631f2",
        "x-ms-return-client-request-id": "true"
      },
      "RequestBody": {
        "name": "configkElCSrFg",
        "description": "This configuration was created to test the .NET client.",
        "metricId": "0f55fe17-d179-4df4-a198-fd7442a1b5be",
        "wholeMetricConfiguration": {
          "hardThresholdCondition": {
            "upperBound": 10,
            "anomalyDetectorDirection": "Up",
            "suppressCondition": {
              "minNumber": 1,
              "minRatio": 2
            }
          }
        }
      },
      "StatusCode": 201,
      "ResponseHeaders": {
        "apim-request-id": "b4f10ffd-d5a2-4890-9276-5d9d1cbc6e86",
        "Content-Length": "0",
        "Date": "Wed, 09 Jun 2021 21:38:30 GMT",
        "Location": "https://js-metrics-advisor.cognitiveservices.azure.com/metricsadvisor/v1.0/enrichment/anomalyDetection/configurations/e9164717-5246-4d0f-a5d3-4e428fb48a31",
        "Strict-Transport-Security": "max-age=31536000; includeSubDomains; preload",
        "x-content-type-options": "nosniff",
        "x-envoy-upstream-service-time": "5162",
        "x-request-id": "b4f10ffd-d5a2-4890-9276-5d9d1cbc6e86"
      },
      "ResponseBody": []
    },
    {
      "RequestUri": "https://js-metrics-advisor.cognitiveservices.azure.com/metricsadvisor/v1.0/enrichment/anomalyDetection/configurations/e9164717-5246-4d0f-a5d3-4e428fb48a31",
      "RequestMethod": "GET",
      "RequestHeaders": {
        "Accept": "application/json",
        "Authorization": "Sanitized",
        "traceparent": "00-89e84a0fa94dd1468b7a3480b4255156-2356e96f4350bc43-00",
        "User-Agent": "azsdk-net-AI.MetricsAdvisor/1.0.0-alpha.20210609.1 (.NET Framework 4.8.4300.0; Microsoft Windows 10.0.19043 )",
        "x-ms-client-request-id": "7be1b9b29848fc090a2da53b011bc2d5",
        "x-ms-return-client-request-id": "true"
      },
      "RequestBody": null,
      "StatusCode": 200,
      "ResponseHeaders": {
        "apim-request-id": "a84f70e6-0929-4228-ab1c-d618a7b685b2",
        "Content-Length": "453",
        "Content-Type": "application/json; charset=utf-8",
        "Date": "Wed, 09 Jun 2021 21:38:30 GMT",
        "Strict-Transport-Security": "max-age=31536000; includeSubDomains; preload",
        "x-content-type-options": "nosniff",
        "x-envoy-upstream-service-time": "125",
        "x-request-id": "a84f70e6-0929-4228-ab1c-d618a7b685b2"
      },
      "ResponseBody": {
        "anomalyDetectionConfigurationId": "e9164717-5246-4d0f-a5d3-4e428fb48a31",
        "name": "configkElCSrFg",
        "description": "This configuration was created to test the .NET client.",
        "metricId": "0f55fe17-d179-4df4-a198-fd7442a1b5be",
        "wholeMetricConfiguration": {
          "hardThresholdCondition": {
            "upperBound": 10.0,
            "anomalyDetectorDirection": "Up",
            "suppressCondition": {
              "minNumber": 1,
              "minRatio": 2.0
            }
          }
        },
        "dimensionGroupOverrideConfigurations": [],
        "seriesOverrideConfigurations": []
      }
    },
    {
      "RequestUri": "https://js-metrics-advisor.cognitiveservices.azure.com/metricsadvisor/v1.0/enrichment/anomalyDetection/configurations/e9164717-5246-4d0f-a5d3-4e428fb48a31",
      "RequestMethod": "GET",
      "RequestHeaders": {
        "Accept": "application/json",
        "Authorization": "Sanitized",
        "traceparent": "00-30bc2840caf3bd40804d689479035bea-b30d75e933ff3e4a-00",
        "User-Agent": "azsdk-net-AI.MetricsAdvisor/1.0.0-alpha.20210609.1 (.NET Framework 4.8.4300.0; Microsoft Windows 10.0.19043 )",
        "x-ms-client-request-id": "e9722c9beff1ec59befdb6956281988a",
        "x-ms-return-client-request-id": "true"
      },
      "RequestBody": null,
      "StatusCode": 200,
      "ResponseHeaders": {
        "apim-request-id": "1135208c-cd87-47bd-abbc-a56fd4c70d25",
        "Content-Length": "453",
        "Content-Type": "application/json; charset=utf-8",
        "Date": "Wed, 09 Jun 2021 21:38:30 GMT",
        "Strict-Transport-Security": "max-age=31536000; includeSubDomains; preload",
        "x-content-type-options": "nosniff",
        "x-envoy-upstream-service-time": "53",
        "x-request-id": "1135208c-cd87-47bd-abbc-a56fd4c70d25"
      },
      "ResponseBody": {
        "anomalyDetectionConfigurationId": "e9164717-5246-4d0f-a5d3-4e428fb48a31",
        "name": "configkElCSrFg",
        "description": "This configuration was created to test the .NET client.",
        "metricId": "0f55fe17-d179-4df4-a198-fd7442a1b5be",
        "wholeMetricConfiguration": {
          "hardThresholdCondition": {
            "upperBound": 10.0,
            "anomalyDetectorDirection": "Up",
            "suppressCondition": {
              "minNumber": 1,
              "minRatio": 2.0
            }
          }
        },
        "dimensionGroupOverrideConfigurations": [],
        "seriesOverrideConfigurations": []
      }
    },
    {
      "RequestUri": "https://js-metrics-advisor.cognitiveservices.azure.com/metricsadvisor/v1.0/enrichment/anomalyDetection/configurations/e9164717-5246-4d0f-a5d3-4e428fb48a31",
      "RequestMethod": "DELETE",
      "RequestHeaders": {
        "Accept": "application/json",
        "Authorization": "Sanitized",
        "traceparent": "00-57bb576bb3b7e640a296adc1f54a67a9-6ff74d8ed2b6d049-00",
        "User-Agent": "azsdk-net-AI.MetricsAdvisor/1.0.0-alpha.20210609.1 (.NET Framework 4.8.4300.0; Microsoft Windows 10.0.19043 )",
        "x-ms-client-request-id": "dea8293e1641601926b9bdf5501d5e64",
        "x-ms-return-client-request-id": "true"
      },
      "RequestBody": null,
      "StatusCode": 204,
      "ResponseHeaders": {
        "apim-request-id": "fa151e89-15eb-4b0a-a35c-f2e53e8706c6",
        "Content-Length": "0",
        "Date": "Wed, 09 Jun 2021 21:38:31 GMT",
        "Strict-Transport-Security": "max-age=31536000; includeSubDomains; preload",
        "x-content-type-options": "nosniff",
        "x-envoy-upstream-service-time": "212",
        "x-request-id": "fa151e89-15eb-4b0a-a35c-f2e53e8706c6"
      },
      "ResponseBody": []
    },
    {
      "RequestUri": "https://js-metrics-advisor.cognitiveservices.azure.com/metricsadvisor/v1.0/dataFeeds/0fcebf2f-1aa4-4b35-9ffa-d54ba96e28a4",
      "RequestMethod": "DELETE",
      "RequestHeaders": {
        "Accept": "application/json",
        "Authorization": "Sanitized",
        "traceparent": "00-9a6a699df6b02e48bda8699acfd157f7-141a082ecf23e544-00",
        "User-Agent": "azsdk-net-AI.MetricsAdvisor/1.0.0-alpha.20210609.1 (.NET Framework 4.8.4300.0; Microsoft Windows 10.0.19043 )",
        "x-ms-client-request-id": "f4c56a7c4853c2015ff4bd4be1739988",
        "x-ms-return-client-request-id": "true"
      },
      "RequestBody": null,
      "StatusCode": 204,
      "ResponseHeaders": {
        "apim-request-id": "7809a1b3-c01a-41d3-8699-72e3bea622f6",
        "Content-Length": "0",
        "Date": "Wed, 09 Jun 2021 21:38:37 GMT",
        "Strict-Transport-Security": "max-age=31536000; includeSubDomains; preload",
        "x-content-type-options": "nosniff",
        "x-envoy-upstream-service-time": "5355",
        "x-request-id": "7809a1b3-c01a-41d3-8699-72e3bea622f6"
      },
      "ResponseBody": []
    }
  ],
  "Variables": {
    "METRICSADVISOR_ACCOUNT_NAME": "js-metrics-advisor",
    "RandomSeed": "1983154513"
  }
}