{
  "Entries": [
    {
      "RequestUri": "/subscriptions/3ca49042-782a-4cc9-89b5-ee1b487fe115/resourcegroups/csmrg3641?api-version=2014-04-01-preview",
      "EncodedRequestUri": "L3N1YnNjcmlwdGlvbnMvM2NhNDkwNDItNzgyYS00Y2M5LTg5YjUtZWUxYjQ4N2ZlMTE1L3Jlc291cmNlZ3JvdXBzL2NzbXJnMzY0MT9hcGktdmVyc2lvbj0yMDE0LTA0LTAxLXByZXZpZXc=",
      "RequestMethod": "PUT",
      "RequestBody": "{\r\n  \"location\": \"South Central US\"\r\n}",
      "RequestHeaders": {
        "Content-Type": [
          "application/json; charset=utf-8"
        ],
        "Content-Length": [
          "38"
        ],
        "x-ms-client-request-id": [
          "67352eaa-4166-4709-8574-d1c447c868b1"
        ],
        "accept-language": [
          "en-US"
        ],
        "User-Agent": [
          "Microsoft.Azure.Management.Resources.ResourceManagementClient/3.0.0.0"
        ]
      },
      "ResponseBody": "{\r\n  \"id\": \"/subscriptions/3ca49042-782a-4cc9-89b5-ee1b487fe115/resourceGroups/csmrg3641\",\r\n  \"name\": \"csmrg3641\",\r\n  \"location\": \"southcentralus\",\r\n  \"properties\": {\r\n    \"provisioningState\": \"Succeeded\"\r\n  }\r\n}",
      "ResponseHeaders": {
        "Content-Length": [
          "179"
        ],
        "Content-Type": [
          "application/json; charset=utf-8"
        ],
        "Expires": [
          "-1"
        ],
        "Cache-Control": [
          "no-cache"
        ],
        "Date": [
          "Fri, 04 Dec 2015 00:19:35 GMT"
        ],
        "Pragma": [
          "no-cache"
        ],
        "x-ms-ratelimit-remaining-subscription-writes": [
          "1199"
        ],
        "x-ms-request-id": [
          "0c536ed8-18da-48c1-afe2-125852fafa02"
        ],
        "x-ms-correlation-request-id": [
          "0c536ed8-18da-48c1-afe2-125852fafa02"
        ],
        "x-ms-routing-request-id": [
          "WESTUS:20151204T001936Z:0c536ed8-18da-48c1-afe2-125852fafa02"
        ],
        "Strict-Transport-Security": [
          "max-age=31536000; includeSubDomains"
        ]
      },
      "StatusCode": 201
    },
    {
      "RequestUri": "/subscriptions/3ca49042-782a-4cc9-89b5-ee1b487fe115/resourcegroups/csmrg3641?api-version=2014-04-01-preview",
      "EncodedRequestUri": "L3N1YnNjcmlwdGlvbnMvM2NhNDkwNDItNzgyYS00Y2M5LTg5YjUtZWUxYjQ4N2ZlMTE1L3Jlc291cmNlZ3JvdXBzL2NzbXJnMzY0MT9hcGktdmVyc2lvbj0yMDE0LTA0LTAxLXByZXZpZXc=",
      "RequestMethod": "GET",
      "RequestBody": "",
      "RequestHeaders": {
        "x-ms-client-request-id": [
          "74741950-da47-46eb-bf05-a5c4933d52fa"
        ],
        "accept-language": [
          "en-US"
        ],
        "User-Agent": [
          "Microsoft.Azure.Management.Resources.ResourceManagementClient/3.0.0.0"
        ]
      },
      "ResponseBody": "{\r\n  \"id\": \"/subscriptions/3ca49042-782a-4cc9-89b5-ee1b487fe115/resourceGroups/csmrg3641\",\r\n  \"name\": \"csmrg3641\",\r\n  \"location\": \"southcentralus\",\r\n  \"properties\": {\r\n    \"provisioningState\": \"Succeeded\"\r\n  }\r\n}",
      "ResponseHeaders": {
        "Content-Type": [
          "application/json; charset=utf-8"
        ],
        "Expires": [
          "-1"
        ],
        "Cache-Control": [
          "no-cache"
        ],
        "Date": [
          "Fri, 04 Dec 2015 00:19:35 GMT"
        ],
        "Pragma": [
          "no-cache"
        ],
        "Vary": [
          "Accept-Encoding"
        ],
        "x-ms-ratelimit-remaining-subscription-reads": [
          "14999"
        ],
        "x-ms-request-id": [
          "f54b8fa7-6519-44a1-8b58-2ba28ecaf4c3"
        ],
        "x-ms-correlation-request-id": [
          "f54b8fa7-6519-44a1-8b58-2ba28ecaf4c3"
        ],
        "x-ms-routing-request-id": [
          "WESTUS:20151204T001936Z:f54b8fa7-6519-44a1-8b58-2ba28ecaf4c3"
        ],
        "Strict-Transport-Security": [
          "max-age=31536000; includeSubDomains"
        ]
      },
      "StatusCode": 200
    },
    {
      "RequestUri": "/subscriptions/3ca49042-782a-4cc9-89b5-ee1b487fe115/resourcegroups/csmrg3641?api-version=2014-04-01-preview",
      "EncodedRequestUri": "L3N1YnNjcmlwdGlvbnMvM2NhNDkwNDItNzgyYS00Y2M5LTg5YjUtZWUxYjQ4N2ZlMTE1L3Jlc291cmNlZ3JvdXBzL2NzbXJnMzY0MT9hcGktdmVyc2lvbj0yMDE0LTA0LTAxLXByZXZpZXc=",
      "RequestMethod": "DELETE",
      "RequestBody": "",
      "RequestHeaders": {
        "x-ms-client-request-id": [
          "9d9d3198-ee8c-4160-abed-a910aa15fdc6"
        ],
        "accept-language": [
          "en-US"
        ],
        "User-Agent": [
          "Microsoft.Azure.Management.Resources.ResourceManagementClient/3.0.0.0"
        ]
      },
      "ResponseBody": "",
      "ResponseHeaders": {
        "Content-Length": [
          "0"
        ],
        "Expires": [
          "-1"
        ],
        "Cache-Control": [
          "no-cache"
        ],
        "Date": [
          "Fri, 04 Dec 2015 00:19:35 GMT"
        ],
        "Pragma": [
          "no-cache"
        ],
        "Location": [
          "https://management.azure.com/subscriptions/3ca49042-782a-4cc9-89b5-ee1b487fe115/operationresults/eyJqb2JJZCI6IlJFU09VUkNFR1JPVVBERUxFVElPTkpPQi1DU01SRzM2NDEtU09VVEhDRU5UUkFMVVMiLCJqb2JMb2NhdGlvbiI6InNvdXRoY2VudHJhbHVzIn0?api-version=2014-04-01-preview"
        ],
        "Retry-After": [
          "15"
        ],
        "x-ms-ratelimit-remaining-subscription-writes": [
          "1198"
        ],
        "x-ms-request-id": [
          "dfc7ffbe-c533-494d-bc22-466470796c3b"
        ],
        "x-ms-correlation-request-id": [
          "dfc7ffbe-c533-494d-bc22-466470796c3b"
        ],
        "x-ms-routing-request-id": [
          "WESTUS:20151204T001936Z:dfc7ffbe-c533-494d-bc22-466470796c3b"
        ],
        "Strict-Transport-Security": [
          "max-age=31536000; includeSubDomains"
        ]
      },
      "StatusCode": 202
    },
    {
      "RequestUri": "/subscriptions/3ca49042-782a-4cc9-89b5-ee1b487fe115/operationresults/eyJqb2JJZCI6IlJFU09VUkNFR1JPVVBERUxFVElPTkpPQi1DU01SRzM2NDEtU09VVEhDRU5UUkFMVVMiLCJqb2JMb2NhdGlvbiI6InNvdXRoY2VudHJhbHVzIn0?api-version=2014-04-01-preview",
      "EncodedRequestUri": "L3N1YnNjcmlwdGlvbnMvM2NhNDkwNDItNzgyYS00Y2M5LTg5YjUtZWUxYjQ4N2ZlMTE1L29wZXJhdGlvbnJlc3VsdHMvZXlKcWIySkpaQ0k2SWxKRlUwOVZVa05GUjFKUFZWQkVSVXhGVkVsUFRrcFBRaTFEVTAxU1J6TTJOREV0VTA5VlZFaERSVTVVVWtGTVZWTWlMQ0pxYjJKTWIyTmhkR2x2YmlJNkluTnZkWFJvWTJWdWRISmhiSFZ6SW4wP2FwaS12ZXJzaW9uPTIwMTQtMDQtMDEtcHJldmlldw==",
      "RequestMethod": "GET",
      "RequestBody": "",
      "RequestHeaders": {
        "User-Agent": [
          "Microsoft.Azure.Management.Resources.ResourceManagementClient/3.0.0.0"
        ]
      },
      "ResponseBody": "",
      "ResponseHeaders": {
        "Content-Length": [
          "0"
        ],
        "Expires": [
          "-1"
        ],
        "Cache-Control": [
          "no-cache"
        ],
        "Date": [
          "Fri, 04 Dec 2015 00:19:51 GMT"
        ],
        "Pragma": [
          "no-cache"
        ],
        "Location": [
          "https://management.azure.com/subscriptions/3ca49042-782a-4cc9-89b5-ee1b487fe115/operationresults/eyJqb2JJZCI6IlJFU09VUkNFR1JPVVBERUxFVElPTkpPQi1DU01SRzM2NDEtU09VVEhDRU5UUkFMVVMiLCJqb2JMb2NhdGlvbiI6InNvdXRoY2VudHJhbHVzIn0?api-version=2014-04-01-preview"
        ],
        "Retry-After": [
          "15"
        ],
        "x-ms-ratelimit-remaining-subscription-reads": [
          "14998"
        ],
        "x-ms-request-id": [
          "84f7a016-4ea9-4f68-85de-6496de895166"
        ],
        "x-ms-correlation-request-id": [
          "84f7a016-4ea9-4f68-85de-6496de895166"
        ],
        "x-ms-routing-request-id": [
          "WESTUS:20151204T001952Z:84f7a016-4ea9-4f68-85de-6496de895166"
        ],
        "Strict-Transport-Security": [
          "max-age=31536000; includeSubDomains"
        ]
      },
      "StatusCode": 202
    },
    {
      "RequestUri": "/subscriptions/3ca49042-782a-4cc9-89b5-ee1b487fe115/operationresults/eyJqb2JJZCI6IlJFU09VUkNFR1JPVVBERUxFVElPTkpPQi1DU01SRzM2NDEtU09VVEhDRU5UUkFMVVMiLCJqb2JMb2NhdGlvbiI6InNvdXRoY2VudHJhbHVzIn0?api-version=2014-04-01-preview",
      "EncodedRequestUri": "L3N1YnNjcmlwdGlvbnMvM2NhNDkwNDItNzgyYS00Y2M5LTg5YjUtZWUxYjQ4N2ZlMTE1L29wZXJhdGlvbnJlc3VsdHMvZXlKcWIySkpaQ0k2SWxKRlUwOVZVa05GUjFKUFZWQkVSVXhGVkVsUFRrcFBRaTFEVTAxU1J6TTJOREV0VTA5VlZFaERSVTVVVWtGTVZWTWlMQ0pxYjJKTWIyTmhkR2x2YmlJNkluTnZkWFJvWTJWdWRISmhiSFZ6SW4wP2FwaS12ZXJzaW9uPTIwMTQtMDQtMDEtcHJldmlldw==",
      "RequestMethod": "GET",
      "RequestBody": "",
      "RequestHeaders": {
        "User-Agent": [
          "Microsoft.Azure.Management.Resources.ResourceManagementClient/3.0.0.0"
        ]
      },
      "ResponseBody": "",
      "ResponseHeaders": {
        "Content-Length": [
          "0"
        ],
        "Expires": [
          "-1"
        ],
        "Cache-Control": [
          "no-cache"
        ],
        "Date": [
          "Fri, 04 Dec 2015 00:20:06 GMT"
        ],
        "Pragma": [
          "no-cache"
        ],
        "Location": [
          "https://management.azure.com/subscriptions/3ca49042-782a-4cc9-89b5-ee1b487fe115/operationresults/eyJqb2JJZCI6IlJFU09VUkNFR1JPVVBERUxFVElPTkpPQi1DU01SRzM2NDEtU09VVEhDRU5UUkFMVVMiLCJqb2JMb2NhdGlvbiI6InNvdXRoY2VudHJhbHVzIn0?api-version=2014-04-01-preview"
        ],
        "Retry-After": [
          "15"
        ],
        "x-ms-ratelimit-remaining-subscription-reads": [
          "14997"
        ],
        "x-ms-request-id": [
          "a2631802-b653-4773-b93a-73216f9d5f58"
        ],
        "x-ms-correlation-request-id": [
          "a2631802-b653-4773-b93a-73216f9d5f58"
        ],
        "x-ms-routing-request-id": [
          "WESTUS:20151204T002007Z:a2631802-b653-4773-b93a-73216f9d5f58"
        ],
        "Strict-Transport-Security": [
          "max-age=31536000; includeSubDomains"
        ]
      },
      "StatusCode": 202
    },
    {
      "RequestUri": "/subscriptions/3ca49042-782a-4cc9-89b5-ee1b487fe115/operationresults/eyJqb2JJZCI6IlJFU09VUkNFR1JPVVBERUxFVElPTkpPQi1DU01SRzM2NDEtU09VVEhDRU5UUkFMVVMiLCJqb2JMb2NhdGlvbiI6InNvdXRoY2VudHJhbHVzIn0?api-version=2014-04-01-preview",
      "EncodedRequestUri": "L3N1YnNjcmlwdGlvbnMvM2NhNDkwNDItNzgyYS00Y2M5LTg5YjUtZWUxYjQ4N2ZlMTE1L29wZXJhdGlvbnJlc3VsdHMvZXlKcWIySkpaQ0k2SWxKRlUwOVZVa05GUjFKUFZWQkVSVXhGVkVsUFRrcFBRaTFEVTAxU1J6TTJOREV0VTA5VlZFaERSVTVVVWtGTVZWTWlMQ0pxYjJKTWIyTmhkR2x2YmlJNkluTnZkWFJvWTJWdWRISmhiSFZ6SW4wP2FwaS12ZXJzaW9uPTIwMTQtMDQtMDEtcHJldmlldw==",
      "RequestMethod": "GET",
      "RequestBody": "",
      "RequestHeaders": {
        "User-Agent": [
          "Microsoft.Azure.Management.Resources.ResourceManagementClient/3.0.0.0"
        ]
      },
      "ResponseBody": "",
      "ResponseHeaders": {
        "Content-Length": [
          "0"
        ],
        "Expires": [
          "-1"
        ],
        "Cache-Control": [
          "no-cache"
        ],
        "Date": [
          "Fri, 04 Dec 2015 00:20:21 GMT"
        ],
        "Pragma": [
          "no-cache"
        ],
        "x-ms-ratelimit-remaining-subscription-reads": [
          "14996"
        ],
        "x-ms-request-id": [
          "3d7146b8-535f-4b3b-ba6d-94f50cd2dc28"
        ],
        "x-ms-correlation-request-id": [
          "3d7146b8-535f-4b3b-ba6d-94f50cd2dc28"
        ],
        "x-ms-routing-request-id": [
          "WESTUS:20151204T002022Z:3d7146b8-535f-4b3b-ba6d-94f50cd2dc28"
        ],
        "Strict-Transport-Security": [
          "max-age=31536000; includeSubDomains"
        ]
      },
      "StatusCode": 200
    },
    {
      "RequestUri": "/subscriptions/3ca49042-782a-4cc9-89b5-ee1b487fe115/resourcegroups?api-version=2014-04-01-preview",
      "EncodedRequestUri": "L3N1YnNjcmlwdGlvbnMvM2NhNDkwNDItNzgyYS00Y2M5LTg5YjUtZWUxYjQ4N2ZlMTE1L3Jlc291cmNlZ3JvdXBzP2FwaS12ZXJzaW9uPTIwMTQtMDQtMDEtcHJldmlldw==",
      "RequestMethod": "GET",
      "RequestBody": "",
      "RequestHeaders": {
        "x-ms-client-request-id": [
          "f68ab6bc-a29d-449a-8aed-14cd9cbb7e12"
        ],
        "accept-language": [
          "en-US"
        ],
        "User-Agent": [
          "Microsoft.Azure.Management.Resources.ResourceManagementClient/3.0.0.0"
        ]
      },
      "ResponseBody": "{\r\n  \"value\": [\r\n    {\r\n      \"id\": \"/subscriptions/3ca49042-782a-4cc9-89b5-ee1b487fe115/resourceGroups/csmrg8496\",\r\n      \"name\": \"csmrg8496\",\r\n      \"location\": \"southcentralus\",\r\n      \"properties\": {\r\n        \"provisioningState\": \"Succeeded\"\r\n      }\r\n    },\r\n    {\r\n      \"id\": \"/subscriptions/3ca49042-782a-4cc9-89b5-ee1b487fe115/resourceGroups/csmrg8964\",\r\n      \"name\": \"csmrg8964\",\r\n      \"location\": \"westus\",\r\n      \"properties\": {\r\n        \"provisioningState\": \"Succeeded\"\r\n      }\r\n    },\r\n    {\r\n      \"id\": \"/subscriptions/3ca49042-782a-4cc9-89b5-ee1b487fe115/resourceGroups/Default-Storage-WestUS\",\r\n      \"name\": \"Default-Storage-WestUS\",\r\n      \"location\": \"westus\",\r\n      \"properties\": {\r\n        \"provisioningState\": \"Succeeded\"\r\n      }\r\n    }\r\n  ]\r\n}",
      "ResponseHeaders": {
        "Content-Type": [
          "application/json; charset=utf-8"
        ],
        "Expires": [
          "-1"
        ],
        "Cache-Control": [
          "no-cache"
        ],
        "Date": [
          "Fri, 04 Dec 2015 00:20:21 GMT"
        ],
        "Pragma": [
          "no-cache"
        ],
        "Vary": [
          "Accept-Encoding"
        ],
        "x-ms-ratelimit-remaining-subscription-reads": [
          "14995"
        ],
        "x-ms-request-id": [
          "69150e09-03a7-476a-a829-e6685b5644ac"
        ],
        "x-ms-correlation-request-id": [
          "69150e09-03a7-476a-a829-e6685b5644ac"
        ],
        "x-ms-routing-request-id": [
          "WESTUS:20151204T002022Z:69150e09-03a7-476a-a829-e6685b5644ac"
        ],
        "Strict-Transport-Security": [
          "max-age=31536000; includeSubDomains"
        ]
      },
      "StatusCode": 200
    }
  ],
  "Names": {
    "DeleteResourceGroupRemovesGroup": [
      "csmrg3641"
    ]
  },
  "Variables": {
    "SubscriptionId": "3ca49042-782a-4cc9-89b5-ee1b487fe115"
  }
}