{
  "Entries": [
    {
      "RequestUri": "/subscriptions/3c729b2a-4f86-4bb2-abe8-4b8647af156c/providers/Microsoft.Search/register?api-version=2016-09-01",
      "EncodedRequestUri": "L3N1YnNjcmlwdGlvbnMvM2M3MjliMmEtNGY4Ni00YmIyLWFiZTgtNGI4NjQ3YWYxNTZjL3Byb3ZpZGVycy9NaWNyb3NvZnQuU2VhcmNoL3JlZ2lzdGVyP2FwaS12ZXJzaW9uPTIwMTYtMDktMDE=",
      "RequestMethod": "POST",
      "RequestBody": "",
      "RequestHeaders": {
        "x-ms-client-request-id": [
          "4d0081a3-77b8-41ab-8874-2c14e6fb0c5f"
        ],
        "Accept-Language": [
          "en-US"
        ],
        "User-Agent": [
          "FxVersion/4.6.28801.04",
          "OSName/Windows",
          "OSVersion/Microsoft.Windows.10.0.17763.",
          "Microsoft.Azure.Management.ResourceManager.ResourceManagementClient/1.5.0.0"
        ]
      },
      "ResponseHeaders": {
        "Cache-Control": [
          "no-cache"
        ],
        "Pragma": [
          "no-cache"
        ],
        "x-ms-ratelimit-remaining-subscription-writes": [
          "1177"
        ],
        "x-ms-request-id": [
          "bfdcac1f-c045-4d82-b2f0-57a59664baeb"
        ],
        "x-ms-correlation-request-id": [
          "bfdcac1f-c045-4d82-b2f0-57a59664baeb"
        ],
        "x-ms-routing-request-id": [
          "NORTHEUROPE:20200529T023353Z:bfdcac1f-c045-4d82-b2f0-57a59664baeb"
        ],
        "Strict-Transport-Security": [
          "max-age=31536000; includeSubDomains"
        ],
        "X-Content-Type-Options": [
          "nosniff"
        ],
        "Date": [
          "Fri, 29 May 2020 02:33:53 GMT"
        ],
        "Content-Length": [
          "2842"
        ],
        "Content-Type": [
          "application/json; charset=utf-8"
        ],
        "Expires": [
          "-1"
        ]
      },
      "ResponseBody": "{\r\n  \"id\": \"/subscriptions/3c729b2a-4f86-4bb2-abe8-4b8647af156c/providers/Microsoft.Search\",\r\n  \"namespace\": \"Microsoft.Search\",\r\n  \"authorization\": {\r\n    \"applicationId\": \"804f4a7a-7d6e-4df7-bf8c-e7f0106e16c2\",\r\n    \"roleDefinitionId\": \"20FA3191-87CF-4C3D-9510-74CCB594A310\"\r\n  },\r\n  \"resourceTypes\": [\r\n    {\r\n      \"resourceType\": \"searchServices\",\r\n      \"locations\": [\r\n        \"West US\",\r\n        \"East US\"\r\n      ],\r\n      \"apiVersions\": [\r\n        \"2020-03-13\",\r\n        \"2019-10-01-Preview\",\r\n        \"2015-08-19\",\r\n        \"2015-02-28\",\r\n        \"2014-07-31-Preview\"\r\n      ],\r\n      \"capabilities\": \"CrossResourceGroupResourceMove, CrossSubscriptionResourceMove, SystemAssignedResourceIdentity\"\r\n    },\r\n    {\r\n      \"resourceType\": \"searchServicesCit\",\r\n      \"locations\": [\r\n        \"West US\"\r\n      ],\r\n      \"apiVersions\": [\r\n        \"2020-03-13\",\r\n        \"2019-10-01-Preview\",\r\n        \"2015-08-19\",\r\n        \"2015-02-28\",\r\n        \"2014-07-31-Preview\"\r\n      ],\r\n      \"capabilities\": \"CrossResourceGroupResourceMove, CrossSubscriptionResourceMove, SystemAssignedResourceIdentity\"\r\n    },\r\n    {\r\n      \"resourceType\": \"searchServicesTHHILL\",\r\n      \"locations\": [\r\n        \"East US\"\r\n      ],\r\n      \"apiVersions\": [\r\n        \"2020-03-13\",\r\n        \"2019-10-01-Preview\",\r\n        \"2015-08-19\",\r\n        \"2015-02-28\",\r\n        \"2014-07-31-Preview\"\r\n      ],\r\n      \"capabilities\": \"CrossResourceGroupResourceMove, CrossSubscriptionResourceMove, SystemAssignedResourceIdentity\"\r\n    },\r\n    {\r\n      \"resourceType\": \"searchServicesInt\",\r\n      \"locations\": [\r\n        \"West US\"\r\n      ],\r\n      \"apiVersions\": [\r\n        \"2020-03-13\",\r\n        \"2019-10-01-Preview\",\r\n        \"2015-08-19\",\r\n        \"2015-02-28\",\r\n        \"2014-07-31-Preview\"\r\n      ],\r\n      \"capabilities\": \"CrossResourceGroupResourceMove, CrossSubscriptionResourceMove, SystemAssignedResourceIdentity\"\r\n    },\r\n    {\r\n      \"resourceType\": \"searchServicesPpe\",\r\n      \"locations\": [\r\n        \"West US\"\r\n      ],\r\n      \"apiVersions\": [\r\n        \"2020-03-13\",\r\n        \"2019-10-01-Preview\",\r\n        \"2015-08-19\",\r\n        \"2015-02-28\",\r\n        \"2014-07-31-Preview\"\r\n      ],\r\n      \"capabilities\": \"CrossResourceGroupResourceMove, CrossSubscriptionResourceMove, SystemAssignedResourceIdentity\"\r\n    },\r\n    {\r\n      \"resourceType\": \"checkServiceNameAvailability\",\r\n      \"locations\": [],\r\n      \"apiVersions\": [\r\n        \"2015-02-28\",\r\n        \"2014-07-31-Preview\"\r\n      ]\r\n    },\r\n    {\r\n      \"resourceType\": \"checkServiceNameAvailabilityCit\",\r\n      \"locations\": [],\r\n      \"apiVersions\": [\r\n        \"2015-02-28\",\r\n        \"2014-07-31-Preview\"\r\n      ]\r\n    },\r\n    {\r\n      \"resourceType\": \"checkServiceNameAvailabilityInt\",\r\n      \"locations\": [],\r\n      \"apiVersions\": [\r\n        \"2015-02-28\",\r\n        \"2014-07-31-Preview\"\r\n      ]\r\n    },\r\n    {\r\n      \"resourceType\": \"checkServiceNameAvailabilityPpe\",\r\n      \"locations\": [],\r\n      \"apiVersions\": [\r\n        \"2015-02-28\",\r\n        \"2014-07-31-Preview\"\r\n      ]\r\n    },\r\n    {\r\n      \"resourceType\": \"checkNameAvailability\",\r\n      \"locations\": [],\r\n      \"apiVersions\": [\r\n        \"2020-03-13\",\r\n        \"2019-10-01-Preview\",\r\n        \"2015-08-19\"\r\n      ]\r\n    },\r\n    {\r\n      \"resourceType\": \"checkNameAvailabilityCit\",\r\n      \"locations\": [],\r\n      \"apiVersions\": [\r\n        \"2020-03-13\",\r\n        \"2019-10-01-Preview\",\r\n        \"2015-08-19\"\r\n      ]\r\n    },\r\n    {\r\n      \"resourceType\": \"checkNameAvailabilityInt\",\r\n      \"locations\": [],\r\n      \"apiVersions\": [\r\n        \"2020-03-13\",\r\n        \"2019-10-01-Preview\",\r\n        \"2015-08-19\"\r\n      ]\r\n    },\r\n    {\r\n      \"resourceType\": \"checkNameAvailabilityPpe\",\r\n      \"locations\": [],\r\n      \"apiVersions\": [\r\n        \"2020-03-13\",\r\n        \"2019-10-01-Preview\",\r\n        \"2015-08-19\"\r\n      ]\r\n    },\r\n    {\r\n      \"resourceType\": \"resourceHealthMetadata\",\r\n      \"locations\": [],\r\n      \"apiVersions\": [\r\n        \"2020-03-13\",\r\n        \"2019-10-01-Preview\",\r\n        \"2015-08-19\"\r\n      ]\r\n    },\r\n    {\r\n      \"resourceType\": \"operations\",\r\n      \"locations\": [],\r\n      \"apiVersions\": [\r\n        \"2020-03-13\",\r\n        \"2019-10-01-Preview\",\r\n        \"2015-08-19\",\r\n        \"2015-02-28\"\r\n      ]\r\n    }\r\n  ],\r\n  \"registrationState\": \"Registered\"\r\n}",
      "StatusCode": 200
    },
    {
      "RequestUri": "/subscriptions/3c729b2a-4f86-4bb2-abe8-4b8647af156c/resourcegroups/azsmnet7460?api-version=2016-09-01",
      "EncodedRequestUri": "L3N1YnNjcmlwdGlvbnMvM2M3MjliMmEtNGY4Ni00YmIyLWFiZTgtNGI4NjQ3YWYxNTZjL3Jlc291cmNlZ3JvdXBzL2F6c21uZXQ3NDYwP2FwaS12ZXJzaW9uPTIwMTYtMDktMDE=",
      "RequestMethod": "PUT",
      "RequestBody": "{\r\n  \"location\": \"West US\"\r\n}",
      "RequestHeaders": {
        "x-ms-client-request-id": [
          "6ed6e6d9-26b1-4617-8a65-2756874de5a5"
        ],
        "Accept-Language": [
          "en-US"
        ],
        "User-Agent": [
          "FxVersion/4.6.28801.04",
          "OSName/Windows",
          "OSVersion/Microsoft.Windows.10.0.17763.",
          "Microsoft.Azure.Management.ResourceManager.ResourceManagementClient/1.5.0.0"
        ],
        "Content-Type": [
          "application/json; charset=utf-8"
        ],
        "Content-Length": [
          "29"
        ]
      },
      "ResponseHeaders": {
        "Cache-Control": [
          "no-cache"
        ],
        "Pragma": [
          "no-cache"
        ],
        "x-ms-ratelimit-remaining-subscription-writes": [
          "1185"
        ],
        "x-ms-request-id": [
          "69904491-c2bf-41f4-97a3-0424b63f03d9"
        ],
        "x-ms-correlation-request-id": [
          "69904491-c2bf-41f4-97a3-0424b63f03d9"
        ],
        "x-ms-routing-request-id": [
          "NORTHEUROPE:20200529T023353Z:69904491-c2bf-41f4-97a3-0424b63f03d9"
        ],
        "Strict-Transport-Security": [
          "max-age=31536000; includeSubDomains"
        ],
        "X-Content-Type-Options": [
          "nosniff"
        ],
        "Date": [
          "Fri, 29 May 2020 02:33:53 GMT"
        ],
        "Content-Length": [
          "175"
        ],
        "Content-Type": [
          "application/json; charset=utf-8"
        ],
        "Expires": [
          "-1"
        ]
      },
      "ResponseBody": "{\r\n  \"id\": \"/subscriptions/3c729b2a-4f86-4bb2-abe8-4b8647af156c/resourceGroups/azsmnet7460\",\r\n  \"name\": \"azsmnet7460\",\r\n  \"location\": \"westus\",\r\n  \"properties\": {\r\n    \"provisioningState\": \"Succeeded\"\r\n  }\r\n}",
      "StatusCode": 201
    },
    {
      "RequestUri": "/subscriptions/3c729b2a-4f86-4bb2-abe8-4b8647af156c/resourceGroups/azsmnet7460/providers/Microsoft.Search/searchServices/azs-1261?api-version=2020-03-13",
      "EncodedRequestUri": "L3N1YnNjcmlwdGlvbnMvM2M3MjliMmEtNGY4Ni00YmIyLWFiZTgtNGI4NjQ3YWYxNTZjL3Jlc291cmNlR3JvdXBzL2F6c21uZXQ3NDYwL3Byb3ZpZGVycy9NaWNyb3NvZnQuU2VhcmNoL3NlYXJjaFNlcnZpY2VzL2F6cy0xMjYxP2FwaS12ZXJzaW9uPTIwMjAtMDMtMTM=",
      "RequestMethod": "PUT",
      "RequestBody": "{\r\n  \"sku\": {\r\n    \"name\": \"free\"\r\n  },\r\n  \"location\": \"West US\"\r\n}",
      "RequestHeaders": {
        "x-ms-client-request-id": [
          "90650cc0-fc92-4248-9add-62989bce2a5c"
        ],
        "Accept-Language": [
          "en-US"
        ],
        "User-Agent": [
          "FxVersion/4.6.28801.04",
          "OSName/Windows",
          "OSVersion/Microsoft.Windows.10.0.17763.",
          "Microsoft.Azure.Management.Search.SearchManagementClient/4.0.0.0"
        ],
        "Content-Type": [
          "application/json; charset=utf-8"
        ],
        "Content-Length": [
          "67"
        ]
      },
      "ResponseHeaders": {
        "Cache-Control": [
          "no-cache"
        ],
        "Pragma": [
          "no-cache"
        ],
        "ETag": [
          "W/\"datetime'2020-05-29T02%3A33%3A56.7328167Z'\""
        ],
        "x-ms-request-id": [
          "90650cc0-fc92-4248-9add-62989bce2a5c"
        ],
        "request-id": [
          "90650cc0-fc92-4248-9add-62989bce2a5c"
        ],
        "elapsed-time": [
          "1367"
        ],
        "Strict-Transport-Security": [
          "max-age=31536000; includeSubDomains"
        ],
        "x-ms-ratelimit-remaining-subscription-writes": [
          "1184"
        ],
        "x-ms-correlation-request-id": [
          "5019d96c-c707-4651-8aa0-a081c722cd9e"
        ],
        "x-ms-routing-request-id": [
          "NORTHEUROPE:20200529T023357Z:5019d96c-c707-4651-8aa0-a081c722cd9e"
        ],
        "X-Content-Type-Options": [
          "nosniff"
        ],
        "Date": [
          "Fri, 29 May 2020 02:33:56 GMT"
        ],
        "Content-Length": [
          "529"
        ],
        "Content-Type": [
          "application/json; charset=utf-8"
        ],
        "Expires": [
          "-1"
        ]
      },
      "ResponseBody": "{\r\n  \"id\": \"/subscriptions/3c729b2a-4f86-4bb2-abe8-4b8647af156c/resourceGroups/azsmnet7460/providers/Microsoft.Search/searchServices/azs-1261\",\r\n  \"name\": \"azs-1261\",\r\n  \"type\": \"Microsoft.Search/searchServices\",\r\n  \"location\": \"West US\",\r\n  \"properties\": {\r\n    \"replicaCount\": 1,\r\n    \"partitionCount\": 1,\r\n    \"status\": \"running\",\r\n    \"statusDetails\": \"\",\r\n    \"provisioningState\": \"succeeded\",\r\n    \"hostingMode\": \"Default\",\r\n    \"publicNetworkAccess\": \"Enabled\",\r\n    \"networkRuleSet\": {\r\n      \"ipRules\": [],\r\n      \"bypass\": \"None\"\r\n    },\r\n    \"privateEndpointConnections\": [],\r\n    \"sharedPrivateLinkResources\": []\r\n  },\r\n  \"sku\": {\r\n    \"name\": \"free\"\r\n  }\r\n}",
      "StatusCode": 201
    },
    {
      "RequestUri": "/subscriptions/3c729b2a-4f86-4bb2-abe8-4b8647af156c/resourceGroups/azsmnet7460/providers/Microsoft.Search/searchServices/azs-1261/listAdminKeys?api-version=2020-03-13",
      "EncodedRequestUri": "L3N1YnNjcmlwdGlvbnMvM2M3MjliMmEtNGY4Ni00YmIyLWFiZTgtNGI4NjQ3YWYxNTZjL3Jlc291cmNlR3JvdXBzL2F6c21uZXQ3NDYwL3Byb3ZpZGVycy9NaWNyb3NvZnQuU2VhcmNoL3NlYXJjaFNlcnZpY2VzL2F6cy0xMjYxL2xpc3RBZG1pbktleXM/YXBpLXZlcnNpb249MjAyMC0wMy0xMw==",
      "RequestMethod": "POST",
      "RequestBody": "",
      "RequestHeaders": {
        "x-ms-client-request-id": [
          "2e47fb53-2725-481a-ad81-1ed17570c4fa"
        ],
        "Accept-Language": [
          "en-US"
        ],
        "User-Agent": [
          "FxVersion/4.6.28801.04",
          "OSName/Windows",
          "OSVersion/Microsoft.Windows.10.0.17763.",
          "Microsoft.Azure.Management.Search.SearchManagementClient/4.0.0.0"
        ]
      },
      "ResponseHeaders": {
        "Cache-Control": [
          "no-cache"
        ],
        "Pragma": [
          "no-cache"
        ],
        "Vary": [
          "Accept-Encoding"
        ],
        "x-ms-request-id": [
          "2e47fb53-2725-481a-ad81-1ed17570c4fa"
        ],
        "request-id": [
          "2e47fb53-2725-481a-ad81-1ed17570c4fa"
        ],
        "elapsed-time": [
          "266"
        ],
        "Strict-Transport-Security": [
          "max-age=31536000; includeSubDomains"
        ],
        "x-ms-ratelimit-remaining-subscription-writes": [
          "1177"
        ],
        "x-ms-correlation-request-id": [
          "0d42bc1d-7a4b-404c-9756-cb1358b424e5"
        ],
        "x-ms-routing-request-id": [
          "NORTHEUROPE:20200529T023359Z:0d42bc1d-7a4b-404c-9756-cb1358b424e5"
        ],
        "X-Content-Type-Options": [
          "nosniff"
        ],
        "Date": [
          "Fri, 29 May 2020 02:33:59 GMT"
        ],
        "Content-Length": [
          "99"
        ],
        "Content-Type": [
          "application/json; charset=utf-8"
        ],
        "Expires": [
          "-1"
        ]
      },
      "ResponseBody": "{\r\n  \"primaryKey\": \"730D15735501301ACD3FCF8E226E124D\",\r\n  \"secondaryKey\": \"378FB58C0FDAFE697549285E810AFEB0\"\r\n}",
      "StatusCode": 200
    },
    {
      "RequestUri": "/subscriptions/3c729b2a-4f86-4bb2-abe8-4b8647af156c/resourceGroups/azsmnet7460/providers/Microsoft.Search/searchServices/azs-1261/listQueryKeys?api-version=2020-03-13",
      "EncodedRequestUri": "L3N1YnNjcmlwdGlvbnMvM2M3MjliMmEtNGY4Ni00YmIyLWFiZTgtNGI4NjQ3YWYxNTZjL3Jlc291cmNlR3JvdXBzL2F6c21uZXQ3NDYwL3Byb3ZpZGVycy9NaWNyb3NvZnQuU2VhcmNoL3NlYXJjaFNlcnZpY2VzL2F6cy0xMjYxL2xpc3RRdWVyeUtleXM/YXBpLXZlcnNpb249MjAyMC0wMy0xMw==",
      "RequestMethod": "POST",
      "RequestBody": "",
      "RequestHeaders": {
        "x-ms-client-request-id": [
          "b7799eca-76f9-4221-b27a-87303438cc15"
        ],
        "Accept-Language": [
          "en-US"
        ],
        "User-Agent": [
          "FxVersion/4.6.28801.04",
          "OSName/Windows",
          "OSVersion/Microsoft.Windows.10.0.17763.",
          "Microsoft.Azure.Management.Search.SearchManagementClient/4.0.0.0"
        ]
      },
      "ResponseHeaders": {
        "Cache-Control": [
          "no-cache"
        ],
        "Pragma": [
          "no-cache"
        ],
        "Vary": [
          "Accept-Encoding"
        ],
        "x-ms-request-id": [
          "b7799eca-76f9-4221-b27a-87303438cc15"
        ],
        "request-id": [
          "b7799eca-76f9-4221-b27a-87303438cc15"
        ],
        "elapsed-time": [
          "551"
        ],
        "Strict-Transport-Security": [
          "max-age=31536000; includeSubDomains"
        ],
        "x-ms-ratelimit-remaining-subscription-writes": [
          "1176"
        ],
        "x-ms-correlation-request-id": [
          "05d536a7-ca9d-410d-ab31-82d9d6916ade"
        ],
        "x-ms-routing-request-id": [
          "NORTHEUROPE:20200529T023400Z:05d536a7-ca9d-410d-ab31-82d9d6916ade"
        ],
        "X-Content-Type-Options": [
          "nosniff"
        ],
        "Date": [
          "Fri, 29 May 2020 02:34:00 GMT"
        ],
        "Content-Length": [
          "82"
        ],
        "Content-Type": [
          "application/json; charset=utf-8"
        ],
        "Expires": [
          "-1"
        ]
      },
      "ResponseBody": "{\r\n  \"value\": [\r\n    {\r\n      \"name\": null,\r\n      \"key\": \"4DD705DACC63E1F9E9C8CA8B345ACCCE\"\r\n    }\r\n  ],\r\n  \"nextLink\": null\r\n}",
      "StatusCode": 200
    },
    {
      "RequestUri": "/synonymmaps('azsmnet3028')?api-version=2019-05-06",
      "EncodedRequestUri": "L3N5bm9ueW1tYXBzKCdhenNtbmV0MzAyOCcpP2FwaS12ZXJzaW9uPTIwMTktMDUtMDY=",
      "RequestMethod": "PUT",
      "RequestBody": "{\r\n  \"name\": \"azsmnet3028\",\r\n  \"synonyms\": \"word1,word2\",\r\n  \"format\": \"solr\"\r\n}",
      "RequestHeaders": {
        "client-request-id": [
          "8a0a519f-fefe-489e-bbee-2671bab83aa3"
        ],
        "Prefer": [
          "return=representation"
        ],
        "Accept-Language": [
          "en-US"
        ],
        "If-Match": [
          "*"
        ],
        "api-key": [
          "730D15735501301ACD3FCF8E226E124D"
        ],
        "User-Agent": [
          "FxVersion/4.6.28801.04",
          "OSName/Windows",
          "OSVersion/Microsoft.Windows.10.0.17763.",
          "Microsoft.Azure.Search.SearchServiceClient/10.1.0.0"
        ],
        "Content-Type": [
          "application/json; charset=utf-8"
        ],
        "Content-Length": [
          "80"
        ]
      },
      "ResponseHeaders": {
        "Cache-Control": [
          "no-cache"
        ],
        "Pragma": [
          "no-cache"
        ],
        "request-id": [
          "8a0a519f-fefe-489e-bbee-2671bab83aa3"
        ],
        "elapsed-time": [
          "44"
        ],
        "OData-Version": [
          "4.0"
        ],
        "Preference-Applied": [
          "odata.include-annotations=\"*\""
        ],
        "Strict-Transport-Security": [
          "max-age=15724800; includeSubDomains"
        ],
        "Date": [
          "Fri, 29 May 2020 02:34:02 GMT"
        ],
        "Content-Type": [
          "application/json; odata.metadata=minimal"
        ],
        "Content-Language": [
          "en"
        ],
        "Expires": [
          "-1"
        ],
        "Content-Length": [
          "160"
        ]
      },
      "ResponseBody": "{\r\n  \"error\": {\r\n    \"code\": \"\",\r\n    \"message\": \"The precondition given in one of the request headers evaluated to false. No change was made to the resource from this request.\"\r\n  }\r\n}",
      "StatusCode": 412
    },
    {
      "RequestUri": "/subscriptions/3c729b2a-4f86-4bb2-abe8-4b8647af156c/resourceGroups/azsmnet7460/providers/Microsoft.Search/searchServices/azs-1261?api-version=2020-03-13",
      "EncodedRequestUri": "L3N1YnNjcmlwdGlvbnMvM2M3MjliMmEtNGY4Ni00YmIyLWFiZTgtNGI4NjQ3YWYxNTZjL3Jlc291cmNlR3JvdXBzL2F6c21uZXQ3NDYwL3Byb3ZpZGVycy9NaWNyb3NvZnQuU2VhcmNoL3NlYXJjaFNlcnZpY2VzL2F6cy0xMjYxP2FwaS12ZXJzaW9uPTIwMjAtMDMtMTM=",
      "RequestMethod": "DELETE",
      "RequestBody": "",
      "RequestHeaders": {
        "x-ms-client-request-id": [
          "163ddc93-13fe-4e06-9882-e694bf6b69e6"
        ],
        "Accept-Language": [
          "en-US"
        ],
        "User-Agent": [
          "FxVersion/4.6.28801.04",
          "OSName/Windows",
          "OSVersion/Microsoft.Windows.10.0.17763.",
          "Microsoft.Azure.Management.Search.SearchManagementClient/4.0.0.0"
        ]
      },
      "ResponseHeaders": {
        "Cache-Control": [
          "no-cache"
        ],
        "Pragma": [
          "no-cache"
        ],
        "x-ms-request-id": [
          "163ddc93-13fe-4e06-9882-e694bf6b69e6"
        ],
        "request-id": [
          "163ddc93-13fe-4e06-9882-e694bf6b69e6"
        ],
        "elapsed-time": [
          "1635"
        ],
        "Strict-Transport-Security": [
          "max-age=31536000; includeSubDomains"
        ],
        "x-ms-ratelimit-remaining-subscription-deletes": [
          "14986"
        ],
        "x-ms-correlation-request-id": [
          "db3a9bc6-4ca7-4a47-96ff-6598647df0f2"
        ],
        "x-ms-routing-request-id": [
          "NORTHEUROPE:20200529T023407Z:db3a9bc6-4ca7-4a47-96ff-6598647df0f2"
        ],
        "X-Content-Type-Options": [
          "nosniff"
        ],
        "Date": [
          "Fri, 29 May 2020 02:34:07 GMT"
        ],
        "Expires": [
          "-1"
        ],
        "Content-Length": [
          "0"
        ]
      },
      "ResponseBody": "",
      "StatusCode": 200
    }
  ],
  "Names": {
    "GenerateName": [
      "azsmnet7460",
      "azsmnet3028"
    ],
    "GenerateServiceName": [
      "azs-1261"
    ]
  },
  "Variables": {
    "SubscriptionId": "3c729b2a-4f86-4bb2-abe8-4b8647af156c"
  }
}