{
  "Entries": [
    {
      "RequestUri": "https://management.azure.com/tenants?api-version=2021-01-01",
      "RequestMethod": "GET",
      "RequestHeaders": {
        "Accept": "application/json",
        "Authorization": "Sanitized",
        "User-Agent": "azsdk-net-ResourceManager/1.4.0 (.NET 6.0.14; Microsoft Windows 10.0.22621)",
        "x-ms-client-request-id": "f98d33a6850b647d2243138eef563e60",
        "x-ms-return-client-request-id": "true"
      },
      "RequestBody": null,
      "StatusCode": 200,
      "ResponseHeaders": {
        "Cache-Control": "no-cache",
        "Content-Length": "140",
        "Content-Type": "application/json; charset=utf-8",
        "Date": "Mon, 06 Mar 2023 08:10:38 GMT",
        "Expires": "-1",
        "Pragma": "no-cache",
        "Strict-Transport-Security": "max-age=31536000; includeSubDomains",
        "X-Content-Type-Options": "nosniff",
        "x-ms-correlation-request-id": "6f4cfa92-ff36-466d-82b0-1007d2510693",
        "x-ms-ratelimit-remaining-tenant-reads": "11999",
        "x-ms-request-id": "6f4cfa92-ff36-466d-82b0-1007d2510693",
        "x-ms-routing-request-id": "JAPANEAST:20230306T081038Z:6f4cfa92-ff36-466d-82b0-1007d2510693"
      },
      "ResponseBody": {
        "value": [
          {
            "id": "/tenants/72f988bf-86f1-41af-91ab-2d7cd011db47",
            "tenantId": "72f988bf-86f1-41af-91ab-2d7cd011db47",
            "tenantCategory": "Home"
          }
        ]
      }
    },
    {
      "RequestUri": "https://management.azure.com/subscriptions/db1ab6f0-4769-4b27-930e-01e2ef9c123c?api-version=2021-01-01",
      "RequestMethod": "GET",
      "RequestHeaders": {
        "Accept": "application/json",
        "Authorization": "Sanitized",
        "traceparent": "00-34d4827ad96c6021fa406ff54a516d14-fdcfcd8a50d82ad3-00",
        "User-Agent": "azsdk-net-ResourceManager/1.4.0 (.NET 6.0.14; Microsoft Windows 10.0.22621)",
        "x-ms-client-request-id": "52b19ab5fc18eb359979f1e9b2daa525",
        "x-ms-return-client-request-id": "true"
      },
      "RequestBody": null,
      "StatusCode": 200,
      "ResponseHeaders": {
        "Cache-Control": "no-cache",
        "Content-Length": "748",
        "Content-Type": "application/json; charset=utf-8",
        "Date": "Mon, 06 Mar 2023 08:10:38 GMT",
        "Expires": "-1",
        "Pragma": "no-cache",
        "Strict-Transport-Security": "max-age=31536000; includeSubDomains",
        "X-Content-Type-Options": "nosniff",
        "x-ms-correlation-request-id": "0e0fc776-6c08-43e1-a008-61430efc77cb",
        "x-ms-ratelimit-remaining-subscription-reads": "11999",
        "x-ms-request-id": "0e0fc776-6c08-43e1-a008-61430efc77cb",
        "x-ms-routing-request-id": "JAPANEAST:20230306T081038Z:0e0fc776-6c08-43e1-a008-61430efc77cb"
      },
      "ResponseBody": {
        "id": "/subscriptions/db1ab6f0-4769-4b27-930e-01e2ef9c123c",
        "authorizationSource": "RoleBased",
        "managedByTenants": [],
        "tags": {
          "TagKey-9823": "TagValue-1254",
          "TagKey-3481": "TagValue-320",
          "TagKey-4926": "TagValue-1187",
          "TagKey-751": "TagValue-3921",
          "TagKey-1866": "TagValue-8559",
          "TagKey-3094": "TagValue-9190",
          "TagKey-2449": "TagValue-9",
          "TagKey-8379": "TagValue-164",
          "TagKey-7470": "TagValue-2205",
          "TagKey-4236": "TagValue-3698",
          "TagKey-5316": "TagValue-2725"
        },
        "subscriptionId": "db1ab6f0-4769-4b27-930e-01e2ef9c123c",
        "tenantId": "72f988bf-86f1-41af-91ab-2d7cd011db47",
        "displayName": ".NET Mgmt SDK Test with TTL = 1 Day",
        "state": "Enabled",
        "subscriptionPolicies": {
          "locationPlacementId": "Internal_2014-09-01",
          "quotaId": "Internal_2014-09-01",
          "spendingLimit": "Off"
        }
      }
    },
    {
      "RequestUri": "https://management.azure.com/subscriptions/db1ab6f0-4769-4b27-930e-01e2ef9c123c/providers/Microsoft.Authorization/policyDefinitions/PolicyInsightsDefinitionTest7987?api-version=2020-09-01",
      "RequestMethod": "PUT",
      "RequestHeaders": {
        "Accept": "application/json",
        "Authorization": "Sanitized",
        "Content-Length": "223",
        "Content-Type": "application/json",
        "traceparent": "00-d9a77782f48caa0cd0cc0b7e71480e00-a05c2ee2a6accfae-00",
        "User-Agent": "azsdk-net-ResourceManager/1.4.0 (.NET 6.0.14; Microsoft Windows 10.0.22621)",
        "x-ms-client-request-id": "6e2d3b948807e8a975098a669e8311fd",
        "x-ms-return-client-request-id": "true"
      },
      "RequestBody": {
        "properties": {
          "mode": "All",
          "displayName": "PolicyInsights Test $PolicyInsightsDefinitionTest7987",
          "policyRule": {
            "if": {
              "field": "type",
              "equals": "Microsoft.Resources/subscriptions/resourceGroups"
            },
            "then": {
              "effect": "manual"
            }
          }
        }
      },
      "StatusCode": 201,
      "ResponseHeaders": {
        "Cache-Control": "no-cache",
        "Content-Length": "623",
        "Content-Type": "application/json; charset=utf-8",
        "Date": "Mon, 06 Mar 2023 08:10:40 GMT",
        "Expires": "-1",
        "Pragma": "no-cache",
        "Server": "Kestrel",
        "Strict-Transport-Security": "max-age=31536000; includeSubDomains",
        "X-Content-Type-Options": "nosniff",
        "x-ms-correlation-request-id": "ee6f358f-fcc6-4015-bb78-8dea1fcff0ec",
        "x-ms-ratelimit-remaining-subscription-writes": "1199",
        "x-ms-request-id": "ee6f358f-fcc6-4015-bb78-8dea1fcff0ec",
        "x-ms-routing-request-id": "JAPANEAST:20230306T081040Z:ee6f358f-fcc6-4015-bb78-8dea1fcff0ec"
      },
      "ResponseBody": {
        "properties": {
          "displayName": "PolicyInsights Test $PolicyInsightsDefinitionTest7987",
          "policyType": "Custom",
          "mode": "All",
          "metadata": {
            "createdBy": "7bee3764-dbea-4729-9c33-446f321aa721",
            "createdOn": "2023-03-06T08:10:39.5172648Z",
            "updatedBy": null,
            "updatedOn": null
          },
          "policyRule": {
            "if": {
              "field": "type",
              "equals": "Microsoft.Resources/subscriptions/resourceGroups"
            },
            "then": {
              "effect": "manual"
            }
          }
        },
        "id": "/subscriptions/db1ab6f0-4769-4b27-930e-01e2ef9c123c/providers/Microsoft.Authorization/policyDefinitions/PolicyInsightsDefinitionTest7987",
        "type": "Microsoft.Authorization/policyDefinitions",
        "name": "PolicyInsightsDefinitionTest7987"
      }
    },
    {
      "RequestUri": "https://management.azure.com/subscriptions/db1ab6f0-4769-4b27-930e-01e2ef9c123c/resourcegroups/PolicyRG2043?api-version=**",
      "RequestMethod": "PUT",
      "RequestHeaders": {
        "Accept": "application/json",
        "Authorization": "Sanitized",
        "Content-Length": "21",
        "Content-Type": "application/json",
        "traceparent": "00-d1bffaf2ee85f0491c9d2f8cd7fea448-5ce447af41e7a609-00",
        "User-Agent": "azsdk-net-ResourceManager/1.4.0 (.NET 6.0.14; Microsoft Windows 10.0.22621)",
        "x-ms-client-request-id": "2b7ff0feaa5ea1fd5f919394b2479dee",
        "x-ms-return-client-request-id": "true"
      },
      "RequestBody": {
        "location": "eastus"
      },
      "StatusCode": 201,
      "ResponseHeaders": {
        "Cache-Control": "no-cache",
        "Content-Length": "221",
        "Content-Type": "application/json; charset=utf-8",
        "Date": "Mon, 06 Mar 2023 08:10:43 GMT",
        "Expires": "-1",
        "Pragma": "no-cache",
        "Strict-Transport-Security": "max-age=31536000; includeSubDomains",
        "X-Content-Type-Options": "nosniff",
        "x-ms-correlation-request-id": "86f2c228-4a58-4980-ab74-02ce54f09b16",
        "x-ms-ratelimit-remaining-subscription-writes": "1198",
        "x-ms-request-id": "86f2c228-4a58-4980-ab74-02ce54f09b16",
        "x-ms-routing-request-id": "JAPANEAST:20230306T081043Z:86f2c228-4a58-4980-ab74-02ce54f09b16"
      },
      "ResponseBody": {
        "id": "/subscriptions/db1ab6f0-4769-4b27-930e-01e2ef9c123c/resourceGroups/PolicyRG2043",
        "name": "PolicyRG2043",
        "type": "Microsoft.Resources/resourceGroups",
        "location": "eastus",
        "properties": {
          "provisioningState": "Succeeded"
        }
      }
    },
    {
      "RequestUri": "https://management.azure.com/subscriptions/db1ab6f0-4769-4b27-930e-01e2ef9c123c/resourceGroups/PolicyRG2043/providers/Microsoft.Authorization/policyAssignments/PolicyInsightsAssignmentTest6421?api-version=2020-09-01",
      "RequestMethod": "PUT",
      "RequestHeaders": {
        "Accept": "application/json",
        "Authorization": "Sanitized",
        "Content-Length": "246",
        "Content-Type": "application/json",
        "traceparent": "00-8d08cd36f37234ebfc98c10b9b57f41c-c8fdbcfb4c0d31d4-00",
        "User-Agent": "azsdk-net-ResourceManager/1.4.0 (.NET 6.0.14; Microsoft Windows 10.0.22621)",
        "x-ms-client-request-id": "f2101a5b12ad6a08a3f2ab85fbf6dfeb",
        "x-ms-return-client-request-id": "true"
      },
      "RequestBody": {
        "properties": {
          "displayName": "PolicyInsights Test $PolicyInsightsAssignmentTest6421",
          "policyDefinitionId": "/subscriptions/db1ab6f0-4769-4b27-930e-01e2ef9c123c/providers/Microsoft.Authorization/policyDefinitions/PolicyInsightsDefinitionTest7987"
        }
      },
      "StatusCode": 201,
      "ResponseHeaders": {
        "Cache-Control": "no-cache",
        "Content-Length": "769",
        "Content-Type": "application/json; charset=utf-8",
        "Date": "Mon, 06 Mar 2023 08:10:43 GMT",
        "Expires": "-1",
        "Pragma": "no-cache",
        "Server": "Kestrel",
        "Strict-Transport-Security": "max-age=31536000; includeSubDomains",
        "X-Content-Type-Options": "nosniff",
        "x-ms-correlation-request-id": "7f2e0fa1-ec17-473d-8ed0-d6c4671217d3",
        "x-ms-ratelimit-remaining-subscription-writes": "1197",
        "x-ms-request-id": "7f2e0fa1-ec17-473d-8ed0-d6c4671217d3",
        "x-ms-routing-request-id": "JAPANEAST:20230306T081043Z:7f2e0fa1-ec17-473d-8ed0-d6c4671217d3"
      },
      "ResponseBody": {
        "properties": {
          "displayName": "PolicyInsights Test $PolicyInsightsAssignmentTest6421",
          "policyDefinitionId": "/subscriptions/db1ab6f0-4769-4b27-930e-01e2ef9c123c/providers/Microsoft.Authorization/policyDefinitions/PolicyInsightsDefinitionTest7987",
          "scope": "/subscriptions/db1ab6f0-4769-4b27-930e-01e2ef9c123c/resourceGroups/PolicyRG2043",
          "metadata": {
            "createdBy": "7bee3764-dbea-4729-9c33-446f321aa721",
            "createdOn": "2023-03-06T08:10:43.538886Z",
            "updatedBy": null,
            "updatedOn": null
          },
          "enforcementMode": "Default"
        },
        "id": "/subscriptions/db1ab6f0-4769-4b27-930e-01e2ef9c123c/resourceGroups/PolicyRG2043/providers/Microsoft.Authorization/policyAssignments/PolicyInsightsAssignmentTest6421",
        "type": "Microsoft.Authorization/policyAssignments",
        "name": "PolicyInsightsAssignmentTest6421"
      }
    },
    {
      "RequestUri": "https://management.azure.com/subscriptions/db1ab6f0-4769-4b27-930e-01e2ef9c123c/resourceGroups/PolicyRG2043/providers/Microsoft.PolicyInsights/policyStates/latest/triggerEvaluation?api-version=2019-10-01",
      "RequestMethod": "POST",
      "RequestHeaders": {
        "Accept": "application/json",
        "Authorization": "Sanitized",
        "Content-Length": "0",
        "traceparent": "00-fad585a629b9f8859e0075c50d6fb6ef-02cd65fef289de73-00",
        "User-Agent": "azsdk-net-ResourceManager.PolicyInsights/1.2.0-alpha.20230302.1 (.NET 6.0.14; Microsoft Windows 10.0.22621)",
        "x-ms-client-request-id": "a5b5dbbe36563091cda8f61554c3c1ed",
        "x-ms-return-client-request-id": "true"
      },
      "RequestBody": null,
      "StatusCode": 202,
      "ResponseHeaders": {
        "Cache-Control": "no-cache",
        "Content-Length": "0",
        "Date": "Mon, 06 Mar 2023 08:10:44 GMT",
        "Expires": "-1",
        "Location": "https://management.azure.com/subscriptions/db1ab6f0-4769-4b27-930e-01e2ef9c123c/providers/Microsoft.PolicyInsights/asyncOperationResults/eyJpZCI6IlBTUkFKb2I6MkQwRUYzNjk2OC4wLjAiLCJsb2NhdGlvbiI6IiJ9?api-version=2019-10-01",
        "Pragma": "no-cache",
        "Retry-After": "30",
        "Server": "Kestrel",
        "Strict-Transport-Security": "max-age=31536000; includeSubDomains",
        "X-Content-Type-Options": "nosniff",
        "x-ms-correlation-request-id": "1e969914-1018-49ae-a671-f17221ba5061",
        "x-ms-ratelimit-remaining-policy-insights-requests": "149",
        "x-ms-ratelimit-remaining-subscription-resource-requests": "9",
        "x-ms-request-id": "1e969914-1018-49ae-a671-f17221ba5061",
        "x-ms-routing-request-id": "JAPANEAST:20230306T081044Z:1e969914-1018-49ae-a671-f17221ba5061"
      },
      "ResponseBody": null
    },
    {
      "RequestUri": "https://management.azure.com/subscriptions/db1ab6f0-4769-4b27-930e-01e2ef9c123c/providers/Microsoft.PolicyInsights/asyncOperationResults/eyJpZCI6IlBTUkFKb2I6MkQwRUYzNjk2OC4wLjAiLCJsb2NhdGlvbiI6IiJ9?api-version=2019-10-01",
      "RequestMethod": "GET",
      "RequestHeaders": {
        "Authorization": "Sanitized",
        "traceparent": "00-fad585a629b9f8859e0075c50d6fb6ef-ffdf7ff1548d8d48-00",
        "User-Agent": "azsdk-net-ResourceManager/1.4.0 (.NET 6.0.14; Microsoft Windows 10.0.22621)",
        "x-ms-client-request-id": "6cf3a8b448e824b689df24051cf315df",
        "x-ms-return-client-request-id": "true"
      },
      "RequestBody": null,
      "StatusCode": 202,
      "ResponseHeaders": {
        "Cache-Control": "no-cache",
        "Content-Length": "0",
        "Date": "Mon, 06 Mar 2023 08:10:45 GMT",
        "Expires": "-1",
        "Location": "https://management.azure.com/subscriptions/db1ab6f0-4769-4b27-930e-01e2ef9c123c/providers/Microsoft.PolicyInsights/asyncOperationResults/eyJpZCI6IlBTUkFKb2I6MkQwRUYzNjk2OC4wLjAiLCJsb2NhdGlvbiI6IiJ9?api-version=2019-10-01",
        "Pragma": "no-cache",
        "Retry-After": "30",
        "Server": "Kestrel",
        "Strict-Transport-Security": "max-age=31536000; includeSubDomains",
        "X-Content-Type-Options": "nosniff",
        "x-ms-correlation-request-id": "810d49f1-8464-4958-9e05-3578f608b574",
        "x-ms-ratelimit-remaining-policy-insights-requests": "148",
        "x-ms-ratelimit-remaining-subscription-reads": "11998",
        "x-ms-request-id": "810d49f1-8464-4958-9e05-3578f608b574",
        "x-ms-routing-request-id": "JAPANEAST:20230306T081045Z:810d49f1-8464-4958-9e05-3578f608b574"
      },
      "ResponseBody": null
    },
    {
      "RequestUri": "https://management.azure.com/subscriptions/db1ab6f0-4769-4b27-930e-01e2ef9c123c/providers/Microsoft.PolicyInsights/asyncOperationResults/eyJpZCI6IlBTUkFKb2I6MkQwRUYzNjk2OC4wLjAiLCJsb2NhdGlvbiI6IiJ9?api-version=2019-10-01",
      "RequestMethod": "GET",
      "RequestHeaders": {
        "Authorization": "Sanitized",
        "traceparent": "00-fad585a629b9f8859e0075c50d6fb6ef-a498b934e2739072-00",
        "User-Agent": "azsdk-net-ResourceManager/1.4.0 (.NET 6.0.14; Microsoft Windows 10.0.22621)",
        "x-ms-client-request-id": "690cbd30e8cebcfe8bd72f957bd9deb0",
        "x-ms-return-client-request-id": "true"
      },
      "RequestBody": null,
      "StatusCode": 202,
      "ResponseHeaders": {
        "Cache-Control": "no-cache",
        "Content-Length": "0",
        "Date": "Mon, 06 Mar 2023 08:11:15 GMT",
        "Expires": "-1",
        "Location": "https://management.azure.com/subscriptions/db1ab6f0-4769-4b27-930e-01e2ef9c123c/providers/Microsoft.PolicyInsights/asyncOperationResults/eyJpZCI6IlBTUkFKb2I6MkQwRUYzNjk2OC4wLjAiLCJsb2NhdGlvbiI6IiJ9?api-version=2019-10-01",
        "Pragma": "no-cache",
        "Retry-After": "30",
        "Server": "Kestrel",
        "Strict-Transport-Security": "max-age=31536000; includeSubDomains",
        "X-Content-Type-Options": "nosniff",
        "x-ms-correlation-request-id": "20152b0e-693d-4e6f-8d16-bce79ba7d464",
        "x-ms-ratelimit-remaining-policy-insights-requests": "147",
        "x-ms-ratelimit-remaining-subscription-reads": "11997",
        "x-ms-request-id": "20152b0e-693d-4e6f-8d16-bce79ba7d464",
        "x-ms-routing-request-id": "JAPANEAST:20230306T081115Z:20152b0e-693d-4e6f-8d16-bce79ba7d464"
      },
      "ResponseBody": null
    },
    {
      "RequestUri": "https://management.azure.com/subscriptions/db1ab6f0-4769-4b27-930e-01e2ef9c123c/providers/Microsoft.PolicyInsights/asyncOperationResults/eyJpZCI6IlBTUkFKb2I6MkQwRUYzNjk2OC4wLjAiLCJsb2NhdGlvbiI6IiJ9?api-version=2019-10-01",
      "RequestMethod": "GET",
      "RequestHeaders": {
        "Authorization": "Sanitized",
        "traceparent": "00-fad585a629b9f8859e0075c50d6fb6ef-3f38bcf4b274acb5-00",
        "User-Agent": "azsdk-net-ResourceManager/1.4.0 (.NET 6.0.14; Microsoft Windows 10.0.22621)",
        "x-ms-client-request-id": "ac605a4355cf2f05db036d0ddd4ac182",
        "x-ms-return-client-request-id": "true"
      },
      "RequestBody": null,
      "StatusCode": 202,
      "ResponseHeaders": {
        "Cache-Control": "no-cache",
        "Content-Length": "0",
        "Date": "Mon, 06 Mar 2023 08:11:44 GMT",
        "Expires": "-1",
        "Location": "https://management.azure.com/subscriptions/db1ab6f0-4769-4b27-930e-01e2ef9c123c/providers/Microsoft.PolicyInsights/asyncOperationResults/eyJpZCI6IlBTUkFKb2I6MkQwRUYzNjk2OC4wLjAiLCJsb2NhdGlvbiI6IiJ9?api-version=2019-10-01",
        "Pragma": "no-cache",
        "Retry-After": "30",
        "Server": "Kestrel",
        "Strict-Transport-Security": "max-age=31536000; includeSubDomains",
        "X-Content-Type-Options": "nosniff",
        "x-ms-correlation-request-id": "6a4aa348-a4aa-44cf-8bcf-a1a3685e041e",
        "x-ms-ratelimit-remaining-policy-insights-requests": "147",
        "x-ms-ratelimit-remaining-subscription-reads": "11996",
        "x-ms-request-id": "6a4aa348-a4aa-44cf-8bcf-a1a3685e041e",
        "x-ms-routing-request-id": "JAPANEAST:20230306T081145Z:6a4aa348-a4aa-44cf-8bcf-a1a3685e041e"
      },
      "ResponseBody": null
    },
    {
      "RequestUri": "https://management.azure.com/subscriptions/db1ab6f0-4769-4b27-930e-01e2ef9c123c/providers/Microsoft.PolicyInsights/asyncOperationResults/eyJpZCI6IlBTUkFKb2I6MkQwRUYzNjk2OC4wLjAiLCJsb2NhdGlvbiI6IiJ9?api-version=2019-10-01",
      "RequestMethod": "GET",
      "RequestHeaders": {
        "Authorization": "Sanitized",
        "traceparent": "00-fad585a629b9f8859e0075c50d6fb6ef-405fac983bd83af6-00",
        "User-Agent": "azsdk-net-ResourceManager/1.4.0 (.NET 6.0.14; Microsoft Windows 10.0.22621)",
        "x-ms-client-request-id": "9486dbabfb0fcbcda937e1101921a9af",
        "x-ms-return-client-request-id": "true"
      },
      "RequestBody": null,
      "StatusCode": 202,
      "ResponseHeaders": {
        "Cache-Control": "no-cache",
        "Content-Length": "0",
        "Date": "Mon, 06 Mar 2023 08:12:15 GMT",
        "Expires": "-1",
        "Location": "https://management.azure.com/subscriptions/db1ab6f0-4769-4b27-930e-01e2ef9c123c/providers/Microsoft.PolicyInsights/asyncOperationResults/eyJpZCI6IlBTUkFKb2I6MkQwRUYzNjk2OC4wLjAiLCJsb2NhdGlvbiI6IiJ9?api-version=2019-10-01",
        "Pragma": "no-cache",
        "Retry-After": "30",
        "Server": "Kestrel",
        "Strict-Transport-Security": "max-age=31536000; includeSubDomains",
        "X-Content-Type-Options": "nosniff",
        "x-ms-correlation-request-id": "4a53e0d5-cd8b-4658-97f7-6d380a6db1b0",
        "x-ms-ratelimit-remaining-policy-insights-requests": "146",
        "x-ms-ratelimit-remaining-subscription-reads": "11995",
        "x-ms-request-id": "4a53e0d5-cd8b-4658-97f7-6d380a6db1b0",
        "x-ms-routing-request-id": "JAPANEAST:20230306T081216Z:4a53e0d5-cd8b-4658-97f7-6d380a6db1b0"
      },
      "ResponseBody": null
    },
    {
      "RequestUri": "https://management.azure.com/subscriptions/db1ab6f0-4769-4b27-930e-01e2ef9c123c/providers/Microsoft.PolicyInsights/asyncOperationResults/eyJpZCI6IlBTUkFKb2I6MkQwRUYzNjk2OC4wLjAiLCJsb2NhdGlvbiI6IiJ9?api-version=2019-10-01",
      "RequestMethod": "GET",
      "RequestHeaders": {
        "Authorization": "Sanitized",
        "traceparent": "00-fad585a629b9f8859e0075c50d6fb6ef-cde98223582eb84b-00",
        "User-Agent": "azsdk-net-ResourceManager/1.4.0 (.NET 6.0.14; Microsoft Windows 10.0.22621)",
        "x-ms-client-request-id": "c1c274006992db0fb8dc8dca7bf1df40",
        "x-ms-return-client-request-id": "true"
      },
      "RequestBody": null,
      "StatusCode": 202,
      "ResponseHeaders": {
        "Cache-Control": "no-cache",
        "Content-Length": "0",
        "Date": "Mon, 06 Mar 2023 08:12:46 GMT",
        "Expires": "-1",
        "Location": "https://management.azure.com/subscriptions/db1ab6f0-4769-4b27-930e-01e2ef9c123c/providers/Microsoft.PolicyInsights/asyncOperationResults/eyJpZCI6IlBTUkFKb2I6MkQwRUYzNjk2OC4wLjAiLCJsb2NhdGlvbiI6IiJ9?api-version=2019-10-01",
        "Pragma": "no-cache",
        "Retry-After": "30",
        "Server": "Kestrel",
        "Strict-Transport-Security": "max-age=31536000; includeSubDomains",
        "X-Content-Type-Options": "nosniff",
        "x-ms-correlation-request-id": "b76a998b-0cb5-43d2-900b-744e41933d39",
        "x-ms-ratelimit-remaining-policy-insights-requests": "145",
        "x-ms-ratelimit-remaining-subscription-reads": "11994",
        "x-ms-request-id": "b76a998b-0cb5-43d2-900b-744e41933d39",
        "x-ms-routing-request-id": "JAPANEAST:20230306T081246Z:b76a998b-0cb5-43d2-900b-744e41933d39"
      },
      "ResponseBody": null
    },
    {
      "RequestUri": "https://management.azure.com/subscriptions/db1ab6f0-4769-4b27-930e-01e2ef9c123c/providers/Microsoft.PolicyInsights/asyncOperationResults/eyJpZCI6IlBTUkFKb2I6MkQwRUYzNjk2OC4wLjAiLCJsb2NhdGlvbiI6IiJ9?api-version=2019-10-01",
      "RequestMethod": "GET",
      "RequestHeaders": {
        "Authorization": "Sanitized",
        "traceparent": "00-fad585a629b9f8859e0075c50d6fb6ef-2f5297bf8c574bb8-00",
        "User-Agent": "azsdk-net-ResourceManager/1.4.0 (.NET 6.0.14; Microsoft Windows 10.0.22621)",
        "x-ms-client-request-id": "9fe9ac164a5347a08d94029874f416ba",
        "x-ms-return-client-request-id": "true"
      },
      "RequestBody": null,
      "StatusCode": 202,
      "ResponseHeaders": {
        "Cache-Control": "no-cache",
        "Content-Length": "0",
        "Date": "Mon, 06 Mar 2023 08:13:16 GMT",
        "Expires": "-1",
        "Location": "https://management.azure.com/subscriptions/db1ab6f0-4769-4b27-930e-01e2ef9c123c/providers/Microsoft.PolicyInsights/asyncOperationResults/eyJpZCI6IlBTUkFKb2I6MkQwRUYzNjk2OC4wLjAiLCJsb2NhdGlvbiI6IiJ9?api-version=2019-10-01",
        "Pragma": "no-cache",
        "Retry-After": "30",
        "Server": "Kestrel",
        "Strict-Transport-Security": "max-age=31536000; includeSubDomains",
        "X-Content-Type-Options": "nosniff",
        "x-ms-correlation-request-id": "a2e1b991-5142-4856-ab99-a4b28cefb629",
        "x-ms-ratelimit-remaining-policy-insights-requests": "145",
        "x-ms-ratelimit-remaining-subscription-reads": "11993",
        "x-ms-request-id": "a2e1b991-5142-4856-ab99-a4b28cefb629",
        "x-ms-routing-request-id": "JAPANEAST:20230306T081316Z:a2e1b991-5142-4856-ab99-a4b28cefb629"
      },
      "ResponseBody": null
    },
    {
      "RequestUri": "https://management.azure.com/subscriptions/db1ab6f0-4769-4b27-930e-01e2ef9c123c/providers/Microsoft.PolicyInsights/asyncOperationResults/eyJpZCI6IlBTUkFKb2I6MkQwRUYzNjk2OC4wLjAiLCJsb2NhdGlvbiI6IiJ9?api-version=2019-10-01",
      "RequestMethod": "GET",
      "RequestHeaders": {
        "Authorization": "Sanitized",
        "traceparent": "00-fad585a629b9f8859e0075c50d6fb6ef-2ed095f2286c7f3e-00",
        "User-Agent": "azsdk-net-ResourceManager/1.4.0 (.NET 6.0.14; Microsoft Windows 10.0.22621)",
        "x-ms-client-request-id": "680cbd5aff8841efcbabdb326e0350b8",
        "x-ms-return-client-request-id": "true"
      },
      "RequestBody": null,
      "StatusCode": 202,
      "ResponseHeaders": {
        "Cache-Control": "no-cache",
        "Content-Length": "0",
        "Date": "Mon, 06 Mar 2023 08:13:46 GMT",
        "Expires": "-1",
        "Location": "https://management.azure.com/subscriptions/db1ab6f0-4769-4b27-930e-01e2ef9c123c/providers/Microsoft.PolicyInsights/asyncOperationResults/eyJpZCI6IlBTUkFKb2I6MkQwRUYzNjk2OC4wLjAiLCJsb2NhdGlvbiI6IiJ9?api-version=2019-10-01",
        "Pragma": "no-cache",
        "Retry-After": "30",
        "Server": "Kestrel",
        "Strict-Transport-Security": "max-age=31536000; includeSubDomains",
        "X-Content-Type-Options": "nosniff",
        "x-ms-correlation-request-id": "a85f3b63-299a-44af-97cc-77624ee676bc",
        "x-ms-ratelimit-remaining-policy-insights-requests": "146",
        "x-ms-ratelimit-remaining-subscription-reads": "11992",
        "x-ms-request-id": "a85f3b63-299a-44af-97cc-77624ee676bc",
        "x-ms-routing-request-id": "JAPANEAST:20230306T081347Z:a85f3b63-299a-44af-97cc-77624ee676bc"
      },
      "ResponseBody": null
    },
    {
      "RequestUri": "https://management.azure.com/subscriptions/db1ab6f0-4769-4b27-930e-01e2ef9c123c/providers/Microsoft.PolicyInsights/asyncOperationResults/eyJpZCI6IlBTUkFKb2I6MkQwRUYzNjk2OC4wLjAiLCJsb2NhdGlvbiI6IiJ9?api-version=2019-10-01",
      "RequestMethod": "GET",
      "RequestHeaders": {
        "Authorization": "Sanitized",
        "traceparent": "00-fad585a629b9f8859e0075c50d6fb6ef-c2cfa5d2f6a9ab8c-00",
        "User-Agent": "azsdk-net-ResourceManager/1.4.0 (.NET 6.0.14; Microsoft Windows 10.0.22621)",
        "x-ms-client-request-id": "6cf9a0570937b65cd37a34fe667766c4",
        "x-ms-return-client-request-id": "true"
      },
      "RequestBody": null,
      "StatusCode": 202,
      "ResponseHeaders": {
        "Cache-Control": "no-cache",
        "Content-Length": "0",
        "Date": "Mon, 06 Mar 2023 08:14:16 GMT",
        "Expires": "-1",
        "Location": "https://management.azure.com/subscriptions/db1ab6f0-4769-4b27-930e-01e2ef9c123c/providers/Microsoft.PolicyInsights/asyncOperationResults/eyJpZCI6IlBTUkFKb2I6MkQwRUYzNjk2OC4wLjAiLCJsb2NhdGlvbiI6IiJ9?api-version=2019-10-01",
        "Pragma": "no-cache",
        "Retry-After": "30",
        "Server": "Kestrel",
        "Strict-Transport-Security": "max-age=31536000; includeSubDomains",
        "X-Content-Type-Options": "nosniff",
        "x-ms-correlation-request-id": "e4c1b286-8f7d-4348-a3a5-42e7569e90a4",
        "x-ms-ratelimit-remaining-policy-insights-requests": "147",
        "x-ms-ratelimit-remaining-subscription-reads": "11991",
        "x-ms-request-id": "e4c1b286-8f7d-4348-a3a5-42e7569e90a4",
        "x-ms-routing-request-id": "JAPANEAST:20230306T081417Z:e4c1b286-8f7d-4348-a3a5-42e7569e90a4"
      },
      "ResponseBody": null
    },
    {
      "RequestUri": "https://management.azure.com/subscriptions/db1ab6f0-4769-4b27-930e-01e2ef9c123c/providers/Microsoft.PolicyInsights/asyncOperationResults/eyJpZCI6IlBTUkFKb2I6MkQwRUYzNjk2OC4wLjAiLCJsb2NhdGlvbiI6IiJ9?api-version=2019-10-01",
      "RequestMethod": "GET",
      "RequestHeaders": {
        "Authorization": "Sanitized",
        "traceparent": "00-fad585a629b9f8859e0075c50d6fb6ef-8a6369c03e3e0546-00",
        "User-Agent": "azsdk-net-ResourceManager/1.4.0 (.NET 6.0.14; Microsoft Windows 10.0.22621)",
        "x-ms-client-request-id": "bd6fd2c676e417b7bca7d4a86e6ed989",
        "x-ms-return-client-request-id": "true"
      },
      "RequestBody": null,
      "StatusCode": 202,
      "ResponseHeaders": {
        "Cache-Control": "no-cache",
        "Content-Length": "0",
        "Date": "Mon, 06 Mar 2023 08:14:48 GMT",
        "Expires": "-1",
        "Location": "https://management.azure.com/subscriptions/db1ab6f0-4769-4b27-930e-01e2ef9c123c/providers/Microsoft.PolicyInsights/asyncOperationResults/eyJpZCI6IlBTUkFKb2I6MkQwRUYzNjk2OC4wLjAiLCJsb2NhdGlvbiI6IiJ9?api-version=2019-10-01",
        "Pragma": "no-cache",
        "Retry-After": "30",
        "Server": "Kestrel",
        "Strict-Transport-Security": "max-age=31536000; includeSubDomains",
        "X-Content-Type-Options": "nosniff",
        "x-ms-correlation-request-id": "4ab15494-758d-416d-b043-d877343187aa",
        "x-ms-ratelimit-remaining-policy-insights-requests": "147",
        "x-ms-ratelimit-remaining-subscription-reads": "11990",
        "x-ms-request-id": "4ab15494-758d-416d-b043-d877343187aa",
        "x-ms-routing-request-id": "JAPANEAST:20230306T081449Z:4ab15494-758d-416d-b043-d877343187aa"
      },
      "ResponseBody": null
    },
    {
      "RequestUri": "https://management.azure.com/subscriptions/db1ab6f0-4769-4b27-930e-01e2ef9c123c/providers/Microsoft.PolicyInsights/asyncOperationResults/eyJpZCI6IlBTUkFKb2I6MkQwRUYzNjk2OC4wLjAiLCJsb2NhdGlvbiI6IiJ9?api-version=2019-10-01",
      "RequestMethod": "GET",
      "RequestHeaders": {
        "Authorization": "Sanitized",
        "traceparent": "00-fad585a629b9f8859e0075c50d6fb6ef-7ffba980545433b9-00",
        "User-Agent": "azsdk-net-ResourceManager/1.4.0 (.NET 6.0.14; Microsoft Windows 10.0.22621)",
        "x-ms-client-request-id": "d3404a44a9fa51836156950ecaf1db54",
        "x-ms-return-client-request-id": "true"
      },
      "RequestBody": null,
      "StatusCode": 202,
      "ResponseHeaders": {
        "Cache-Control": "no-cache",
        "Content-Length": "0",
        "Date": "Mon, 06 Mar 2023 08:15:22 GMT",
        "Expires": "-1",
        "Location": "https://management.azure.com/subscriptions/db1ab6f0-4769-4b27-930e-01e2ef9c123c/providers/Microsoft.PolicyInsights/asyncOperationResults/eyJpZCI6IlBTUkFKb2I6MkQwRUYzNjk2OC4wLjAiLCJsb2NhdGlvbiI6IiJ9?api-version=2019-10-01",
        "Pragma": "no-cache",
        "Retry-After": "30",
        "Server": "Kestrel",
        "Strict-Transport-Security": "max-age=31536000; includeSubDomains",
        "X-Content-Type-Options": "nosniff",
        "x-ms-correlation-request-id": "d0669891-99ab-496e-8eea-c7d3aa68c9ec",
        "x-ms-ratelimit-remaining-policy-insights-requests": "148",
        "x-ms-ratelimit-remaining-subscription-reads": "11989",
        "x-ms-request-id": "d0669891-99ab-496e-8eea-c7d3aa68c9ec",
        "x-ms-routing-request-id": "JAPANEAST:20230306T081522Z:d0669891-99ab-496e-8eea-c7d3aa68c9ec"
      },
      "ResponseBody": null
    },
    {
      "RequestUri": "https://management.azure.com/subscriptions/db1ab6f0-4769-4b27-930e-01e2ef9c123c/providers/Microsoft.PolicyInsights/asyncOperationResults/eyJpZCI6IlBTUkFKb2I6MkQwRUYzNjk2OC4wLjAiLCJsb2NhdGlvbiI6IiJ9?api-version=2019-10-01",
      "RequestMethod": "GET",
      "RequestHeaders": {
        "Authorization": "Sanitized",
        "traceparent": "00-fad585a629b9f8859e0075c50d6fb6ef-b9932d23f788c888-00",
        "User-Agent": "azsdk-net-ResourceManager/1.4.0 (.NET 6.0.14; Microsoft Windows 10.0.22621)",
        "x-ms-client-request-id": "9c6c17449293e1d3e9e2b08f34b34765",
        "x-ms-return-client-request-id": "true"
      },
      "RequestBody": null,
      "StatusCode": 202,
      "ResponseHeaders": {
        "Cache-Control": "no-cache",
        "Content-Length": "0",
        "Date": "Mon, 06 Mar 2023 08:15:54 GMT",
        "Expires": "-1",
        "Location": "https://management.azure.com/subscriptions/db1ab6f0-4769-4b27-930e-01e2ef9c123c/providers/Microsoft.PolicyInsights/asyncOperationResults/eyJpZCI6IlBTUkFKb2I6MkQwRUYzNjk2OC4wLjAiLCJsb2NhdGlvbiI6IiJ9?api-version=2019-10-01",
        "Pragma": "no-cache",
        "Retry-After": "30",
        "Server": "Kestrel",
        "Strict-Transport-Security": "max-age=31536000; includeSubDomains",
        "X-Content-Type-Options": "nosniff",
        "x-ms-correlation-request-id": "836cd22c-a3fc-410f-8e85-b5fc68275249",
        "x-ms-ratelimit-remaining-policy-insights-requests": "148",
        "x-ms-ratelimit-remaining-subscription-reads": "11988",
        "x-ms-request-id": "836cd22c-a3fc-410f-8e85-b5fc68275249",
        "x-ms-routing-request-id": "JAPANEAST:20230306T081555Z:836cd22c-a3fc-410f-8e85-b5fc68275249"
      },
      "ResponseBody": null
    },
    {
      "RequestUri": "https://management.azure.com/subscriptions/db1ab6f0-4769-4b27-930e-01e2ef9c123c/providers/Microsoft.PolicyInsights/asyncOperationResults/eyJpZCI6IlBTUkFKb2I6MkQwRUYzNjk2OC4wLjAiLCJsb2NhdGlvbiI6IiJ9?api-version=2019-10-01",
      "RequestMethod": "GET",
      "RequestHeaders": {
        "Authorization": "Sanitized",
        "traceparent": "00-fad585a629b9f8859e0075c50d6fb6ef-e965e66be32b61df-00",
        "User-Agent": "azsdk-net-ResourceManager/1.4.0 (.NET 6.0.14; Microsoft Windows 10.0.22621)",
        "x-ms-client-request-id": "1cb9aaa092361cc94f1e5c8ee1a94cca",
        "x-ms-return-client-request-id": "true"
      },
      "RequestBody": null,
      "StatusCode": 202,
      "ResponseHeaders": {
        "Cache-Control": "no-cache",
        "Content-Length": "0",
        "Date": "Mon, 06 Mar 2023 08:16:27 GMT",
        "Expires": "-1",
        "Location": "https://management.azure.com/subscriptions/db1ab6f0-4769-4b27-930e-01e2ef9c123c/providers/Microsoft.PolicyInsights/asyncOperationResults/eyJpZCI6IlBTUkFKb2I6MkQwRUYzNjk2OC4wLjAiLCJsb2NhdGlvbiI6IiJ9?api-version=2019-10-01",
        "Pragma": "no-cache",
        "Retry-After": "30",
        "Server": "Kestrel",
        "Strict-Transport-Security": "max-age=31536000; includeSubDomains",
        "X-Content-Type-Options": "nosniff",
        "x-ms-correlation-request-id": "fb4ec5d8-c21c-49c7-8b6b-f7ab56abeaef",
        "x-ms-ratelimit-remaining-policy-insights-requests": "148",
        "x-ms-ratelimit-remaining-subscription-reads": "11987",
        "x-ms-request-id": "fb4ec5d8-c21c-49c7-8b6b-f7ab56abeaef",
        "x-ms-routing-request-id": "JAPANEAST:20230306T081627Z:fb4ec5d8-c21c-49c7-8b6b-f7ab56abeaef"
      },
      "ResponseBody": null
    },
    {
      "RequestUri": "https://management.azure.com/subscriptions/db1ab6f0-4769-4b27-930e-01e2ef9c123c/providers/Microsoft.PolicyInsights/asyncOperationResults/eyJpZCI6IlBTUkFKb2I6MkQwRUYzNjk2OC4wLjAiLCJsb2NhdGlvbiI6IiJ9?api-version=2019-10-01",
      "RequestMethod": "GET",
      "RequestHeaders": {
        "Authorization": "Sanitized",
        "traceparent": "00-fad585a629b9f8859e0075c50d6fb6ef-12fd5d7f461ebd19-00",
        "User-Agent": "azsdk-net-ResourceManager/1.4.0 (.NET 6.0.14; Microsoft Windows 10.0.22621)",
        "x-ms-client-request-id": "576380cc3d01b1f6775fea17f9f31cad",
        "x-ms-return-client-request-id": "true"
      },
      "RequestBody": null,
      "StatusCode": 202,
      "ResponseHeaders": {
        "Cache-Control": "no-cache",
        "Content-Length": "0",
        "Date": "Mon, 06 Mar 2023 08:16:59 GMT",
        "Expires": "-1",
        "Location": "https://management.azure.com/subscriptions/db1ab6f0-4769-4b27-930e-01e2ef9c123c/providers/Microsoft.PolicyInsights/asyncOperationResults/eyJpZCI6IlBTUkFKb2I6MkQwRUYzNjk2OC4wLjAiLCJsb2NhdGlvbiI6IiJ9?api-version=2019-10-01",
        "Pragma": "no-cache",
        "Retry-After": "30",
        "Server": "Kestrel",
        "Strict-Transport-Security": "max-age=31536000; includeSubDomains",
        "X-Content-Type-Options": "nosniff",
        "x-ms-correlation-request-id": "3c27ae26-637e-4fc1-8321-9510f4815953",
        "x-ms-ratelimit-remaining-policy-insights-requests": "148",
        "x-ms-ratelimit-remaining-subscription-reads": "11986",
        "x-ms-request-id": "3c27ae26-637e-4fc1-8321-9510f4815953",
        "x-ms-routing-request-id": "JAPANEAST:20230306T081700Z:3c27ae26-637e-4fc1-8321-9510f4815953"
      },
      "ResponseBody": null
    },
    {
      "RequestUri": "https://management.azure.com/subscriptions/db1ab6f0-4769-4b27-930e-01e2ef9c123c/providers/Microsoft.PolicyInsights/asyncOperationResults/eyJpZCI6IlBTUkFKb2I6MkQwRUYzNjk2OC4wLjAiLCJsb2NhdGlvbiI6IiJ9?api-version=2019-10-01",
      "RequestMethod": "GET",
      "RequestHeaders": {
        "Authorization": "Sanitized",
        "traceparent": "00-fad585a629b9f8859e0075c50d6fb6ef-a4f4fcaee6e35530-00",
        "User-Agent": "azsdk-net-ResourceManager/1.4.0 (.NET 6.0.14; Microsoft Windows 10.0.22621)",
        "x-ms-client-request-id": "1f6d2f0ebe37b21e4e504c743644ff3f",
        "x-ms-return-client-request-id": "true"
      },
      "RequestBody": null,
      "StatusCode": 202,
      "ResponseHeaders": {
        "Cache-Control": "no-cache",
        "Content-Length": "0",
        "Date": "Mon, 06 Mar 2023 08:17:31 GMT",
        "Expires": "-1",
        "Location": "https://management.azure.com/subscriptions/db1ab6f0-4769-4b27-930e-01e2ef9c123c/providers/Microsoft.PolicyInsights/asyncOperationResults/eyJpZCI6IlBTUkFKb2I6MkQwRUYzNjk2OC4wLjAiLCJsb2NhdGlvbiI6IiJ9?api-version=2019-10-01",
        "Pragma": "no-cache",
        "Retry-After": "30",
        "Server": "Kestrel",
        "Strict-Transport-Security": "max-age=31536000; includeSubDomains",
        "X-Content-Type-Options": "nosniff",
        "x-ms-correlation-request-id": "11a11178-6f1e-4867-93fb-84436a24b3e8",
        "x-ms-ratelimit-remaining-policy-insights-requests": "147",
        "x-ms-ratelimit-remaining-subscription-reads": "11985",
        "x-ms-request-id": "11a11178-6f1e-4867-93fb-84436a24b3e8",
        "x-ms-routing-request-id": "JAPANEAST:20230306T081732Z:11a11178-6f1e-4867-93fb-84436a24b3e8"
      },
      "ResponseBody": null
    },
    {
      "RequestUri": "https://management.azure.com/subscriptions/db1ab6f0-4769-4b27-930e-01e2ef9c123c/providers/Microsoft.PolicyInsights/asyncOperationResults/eyJpZCI6IlBTUkFKb2I6MkQwRUYzNjk2OC4wLjAiLCJsb2NhdGlvbiI6IiJ9?api-version=2019-10-01",
      "RequestMethod": "GET",
      "RequestHeaders": {
        "Authorization": "Sanitized",
        "traceparent": "00-fad585a629b9f8859e0075c50d6fb6ef-9e13523d15df751b-00",
        "User-Agent": "azsdk-net-ResourceManager/1.4.0 (.NET 6.0.14; Microsoft Windows 10.0.22621)",
        "x-ms-client-request-id": "b4c3e596f0506364b408a4d6a8b1225b",
        "x-ms-return-client-request-id": "true"
      },
      "RequestBody": null,
      "StatusCode": 202,
      "ResponseHeaders": {
        "Cache-Control": "no-cache",
        "Content-Length": "0",
        "Date": "Mon, 06 Mar 2023 08:18:04 GMT",
        "Expires": "-1",
        "Location": "https://management.azure.com/subscriptions/db1ab6f0-4769-4b27-930e-01e2ef9c123c/providers/Microsoft.PolicyInsights/asyncOperationResults/eyJpZCI6IlBTUkFKb2I6MkQwRUYzNjk2OC4wLjAiLCJsb2NhdGlvbiI6IiJ9?api-version=2019-10-01",
        "Pragma": "no-cache",
        "Retry-After": "30",
        "Server": "Kestrel",
        "Strict-Transport-Security": "max-age=31536000; includeSubDomains",
        "X-Content-Type-Options": "nosniff",
        "x-ms-correlation-request-id": "b8069d30-6b08-4f84-9cb3-fc9bde2a496f",
        "x-ms-ratelimit-remaining-policy-insights-requests": "146",
        "x-ms-ratelimit-remaining-subscription-reads": "11984",
        "x-ms-request-id": "b8069d30-6b08-4f84-9cb3-fc9bde2a496f",
        "x-ms-routing-request-id": "JAPANEAST:20230306T081804Z:b8069d30-6b08-4f84-9cb3-fc9bde2a496f"
      },
      "ResponseBody": null
    },
    {
      "RequestUri": "https://management.azure.com/subscriptions/db1ab6f0-4769-4b27-930e-01e2ef9c123c/providers/Microsoft.PolicyInsights/asyncOperationResults/eyJpZCI6IlBTUkFKb2I6MkQwRUYzNjk2OC4wLjAiLCJsb2NhdGlvbiI6IiJ9?api-version=2019-10-01",
      "RequestMethod": "GET",
      "RequestHeaders": {
        "Authorization": "Sanitized",
        "traceparent": "00-fad585a629b9f8859e0075c50d6fb6ef-307698bd1290551f-00",
        "User-Agent": "azsdk-net-ResourceManager/1.4.0 (.NET 6.0.14; Microsoft Windows 10.0.22621)",
        "x-ms-client-request-id": "b180ae012d3c0d9261b109b0f0817b32",
        "x-ms-return-client-request-id": "true"
      },
      "RequestBody": null,
      "StatusCode": 202,
      "ResponseHeaders": {
        "Cache-Control": "no-cache",
        "Content-Length": "0",
        "Date": "Mon, 06 Mar 2023 08:18:36 GMT",
        "Expires": "-1",
        "Location": "https://management.azure.com/subscriptions/db1ab6f0-4769-4b27-930e-01e2ef9c123c/providers/Microsoft.PolicyInsights/asyncOperationResults/eyJpZCI6IlBTUkFKb2I6MkQwRUYzNjk2OC4wLjAiLCJsb2NhdGlvbiI6IiJ9?api-version=2019-10-01",
        "Pragma": "no-cache",
        "Retry-After": "30",
        "Server": "Kestrel",
        "Strict-Transport-Security": "max-age=31536000; includeSubDomains",
        "X-Content-Type-Options": "nosniff",
        "x-ms-correlation-request-id": "32a76fed-d2f2-4a27-872b-9c53a53b0566",
        "x-ms-ratelimit-remaining-policy-insights-requests": "148",
        "x-ms-ratelimit-remaining-subscription-reads": "11983",
        "x-ms-request-id": "32a76fed-d2f2-4a27-872b-9c53a53b0566",
        "x-ms-routing-request-id": "JAPANEAST:20230306T081837Z:32a76fed-d2f2-4a27-872b-9c53a53b0566"
      },
      "ResponseBody": null
    },
    {
      "RequestUri": "https://management.azure.com/subscriptions/db1ab6f0-4769-4b27-930e-01e2ef9c123c/providers/Microsoft.PolicyInsights/asyncOperationResults/eyJpZCI6IlBTUkFKb2I6MkQwRUYzNjk2OC4wLjAiLCJsb2NhdGlvbiI6IiJ9?api-version=2019-10-01",
      "RequestMethod": "GET",
      "RequestHeaders": {
        "Authorization": "Sanitized",
        "traceparent": "00-fad585a629b9f8859e0075c50d6fb6ef-d3d8625dca732e38-00",
        "User-Agent": "azsdk-net-ResourceManager/1.4.0 (.NET 6.0.14; Microsoft Windows 10.0.22621)",
        "x-ms-client-request-id": "1381aa6068301d5dcb096b2f19470a9c",
        "x-ms-return-client-request-id": "true"
      },
      "RequestBody": null,
      "StatusCode": 202,
      "ResponseHeaders": {
        "Cache-Control": "no-cache",
        "Content-Length": "0",
        "Date": "Mon, 06 Mar 2023 08:19:08 GMT",
        "Expires": "-1",
        "Location": "https://management.azure.com/subscriptions/db1ab6f0-4769-4b27-930e-01e2ef9c123c/providers/Microsoft.PolicyInsights/asyncOperationResults/eyJpZCI6IlBTUkFKb2I6MkQwRUYzNjk2OC4wLjAiLCJsb2NhdGlvbiI6IiJ9?api-version=2019-10-01",
        "Pragma": "no-cache",
        "Retry-After": "30",
        "Server": "Kestrel",
        "Strict-Transport-Security": "max-age=31536000; includeSubDomains",
        "X-Content-Type-Options": "nosniff",
        "x-ms-correlation-request-id": "fb9f0ba8-c787-4197-b2f0-720e3edc60da",
        "x-ms-ratelimit-remaining-policy-insights-requests": "147",
        "x-ms-ratelimit-remaining-subscription-reads": "11982",
        "x-ms-request-id": "fb9f0ba8-c787-4197-b2f0-720e3edc60da",
        "x-ms-routing-request-id": "JAPANEAST:20230306T081909Z:fb9f0ba8-c787-4197-b2f0-720e3edc60da"
      },
      "ResponseBody": null
    },
    {
      "RequestUri": "https://management.azure.com/subscriptions/db1ab6f0-4769-4b27-930e-01e2ef9c123c/providers/Microsoft.PolicyInsights/asyncOperationResults/eyJpZCI6IlBTUkFKb2I6MkQwRUYzNjk2OC4wLjAiLCJsb2NhdGlvbiI6IiJ9?api-version=2019-10-01",
      "RequestMethod": "GET",
      "RequestHeaders": {
        "Authorization": "Sanitized",
        "traceparent": "00-fad585a629b9f8859e0075c50d6fb6ef-2956cd793e24de8f-00",
        "User-Agent": "azsdk-net-ResourceManager/1.4.0 (.NET 6.0.14; Microsoft Windows 10.0.22621)",
        "x-ms-client-request-id": "8773f12d4ec4680352b5529ee7b37232",
        "x-ms-return-client-request-id": "true"
      },
      "RequestBody": null,
      "StatusCode": 202,
      "ResponseHeaders": {
        "Cache-Control": "no-cache",
        "Content-Length": "0",
        "Date": "Mon, 06 Mar 2023 08:19:41 GMT",
        "Expires": "-1",
        "Location": "https://management.azure.com/subscriptions/db1ab6f0-4769-4b27-930e-01e2ef9c123c/providers/Microsoft.PolicyInsights/asyncOperationResults/eyJpZCI6IlBTUkFKb2I6MkQwRUYzNjk2OC4wLjAiLCJsb2NhdGlvbiI6IiJ9?api-version=2019-10-01",
        "Pragma": "no-cache",
        "Retry-After": "30",
        "Server": "Kestrel",
        "Strict-Transport-Security": "max-age=31536000; includeSubDomains",
        "X-Content-Type-Options": "nosniff",
        "x-ms-correlation-request-id": "31c259ff-524e-4c6a-a4c3-f3b90db680db",
        "x-ms-ratelimit-remaining-policy-insights-requests": "147",
        "x-ms-ratelimit-remaining-subscription-reads": "11981",
        "x-ms-request-id": "31c259ff-524e-4c6a-a4c3-f3b90db680db",
        "x-ms-routing-request-id": "JAPANEAST:20230306T081941Z:31c259ff-524e-4c6a-a4c3-f3b90db680db"
      },
      "ResponseBody": null
    },
    {
      "RequestUri": "https://management.azure.com/subscriptions/db1ab6f0-4769-4b27-930e-01e2ef9c123c/providers/Microsoft.PolicyInsights/asyncOperationResults/eyJpZCI6IlBTUkFKb2I6MkQwRUYzNjk2OC4wLjAiLCJsb2NhdGlvbiI6IiJ9?api-version=2019-10-01",
      "RequestMethod": "GET",
      "RequestHeaders": {
        "Authorization": "Sanitized",
        "traceparent": "00-fad585a629b9f8859e0075c50d6fb6ef-54d34db3d9a9c285-00",
        "User-Agent": "azsdk-net-ResourceManager/1.4.0 (.NET 6.0.14; Microsoft Windows 10.0.22621)",
        "x-ms-client-request-id": "fd76728d0e2f992b5163e532c163f31a",
        "x-ms-return-client-request-id": "true"
      },
      "RequestBody": null,
      "StatusCode": 202,
      "ResponseHeaders": {
        "Cache-Control": "no-cache",
        "Content-Length": "0",
        "Date": "Mon, 06 Mar 2023 08:20:13 GMT",
        "Expires": "-1",
        "Location": "https://management.azure.com/subscriptions/db1ab6f0-4769-4b27-930e-01e2ef9c123c/providers/Microsoft.PolicyInsights/asyncOperationResults/eyJpZCI6IlBTUkFKb2I6MkQwRUYzNjk2OC4wLjAiLCJsb2NhdGlvbiI6IiJ9?api-version=2019-10-01",
        "Pragma": "no-cache",
        "Retry-After": "30",
        "Server": "Kestrel",
        "Strict-Transport-Security": "max-age=31536000; includeSubDomains",
        "X-Content-Type-Options": "nosniff",
        "x-ms-correlation-request-id": "2e0f11b8-0dc8-4669-9f1d-aba5118c20bc",
        "x-ms-ratelimit-remaining-policy-insights-requests": "149",
        "x-ms-ratelimit-remaining-subscription-reads": "11980",
        "x-ms-request-id": "2e0f11b8-0dc8-4669-9f1d-aba5118c20bc",
        "x-ms-routing-request-id": "JAPANEAST:20230306T082014Z:2e0f11b8-0dc8-4669-9f1d-aba5118c20bc"
      },
      "ResponseBody": null
    },
    {
      "RequestUri": "https://management.azure.com/subscriptions/db1ab6f0-4769-4b27-930e-01e2ef9c123c/providers/Microsoft.PolicyInsights/asyncOperationResults/eyJpZCI6IlBTUkFKb2I6MkQwRUYzNjk2OC4wLjAiLCJsb2NhdGlvbiI6IiJ9?api-version=2019-10-01",
      "RequestMethod": "GET",
      "RequestHeaders": {
        "Authorization": "Sanitized",
        "traceparent": "00-fad585a629b9f8859e0075c50d6fb6ef-fcc46cb6f5845231-00",
        "User-Agent": "azsdk-net-ResourceManager/1.4.0 (.NET 6.0.14; Microsoft Windows 10.0.22621)",
        "x-ms-client-request-id": "ff826ca7f30e116ea618c07b15be3518",
        "x-ms-return-client-request-id": "true"
      },
      "RequestBody": null,
      "StatusCode": 202,
      "ResponseHeaders": {
        "Cache-Control": "no-cache",
        "Content-Length": "0",
        "Date": "Mon, 06 Mar 2023 08:20:46 GMT",
        "Expires": "-1",
        "Location": "https://management.azure.com/subscriptions/db1ab6f0-4769-4b27-930e-01e2ef9c123c/providers/Microsoft.PolicyInsights/asyncOperationResults/eyJpZCI6IlBTUkFKb2I6MkQwRUYzNjk2OC4wLjAiLCJsb2NhdGlvbiI6IiJ9?api-version=2019-10-01",
        "Pragma": "no-cache",
        "Retry-After": "30",
        "Server": "Kestrel",
        "Strict-Transport-Security": "max-age=31536000; includeSubDomains",
        "X-Content-Type-Options": "nosniff",
        "x-ms-correlation-request-id": "6cf83ab1-8888-4fa8-92bd-0f792211b1e7",
        "x-ms-ratelimit-remaining-policy-insights-requests": "148",
        "x-ms-ratelimit-remaining-subscription-reads": "11979",
        "x-ms-request-id": "6cf83ab1-8888-4fa8-92bd-0f792211b1e7",
        "x-ms-routing-request-id": "JAPANEAST:20230306T082046Z:6cf83ab1-8888-4fa8-92bd-0f792211b1e7"
      },
      "ResponseBody": null
    },
    {
      "RequestUri": "https://management.azure.com/subscriptions/db1ab6f0-4769-4b27-930e-01e2ef9c123c/providers/Microsoft.PolicyInsights/asyncOperationResults/eyJpZCI6IlBTUkFKb2I6MkQwRUYzNjk2OC4wLjAiLCJsb2NhdGlvbiI6IiJ9?api-version=2019-10-01",
      "RequestMethod": "GET",
      "RequestHeaders": {
        "Authorization": "Sanitized",
        "traceparent": "00-fad585a629b9f8859e0075c50d6fb6ef-8a81372eb7ebebee-00",
        "User-Agent": "azsdk-net-ResourceManager/1.4.0 (.NET 6.0.14; Microsoft Windows 10.0.22621)",
        "x-ms-client-request-id": "a7a238960dd11f6cc5da356068d1a7ef",
        "x-ms-return-client-request-id": "true"
      },
      "RequestBody": null,
      "StatusCode": 202,
      "ResponseHeaders": {
        "Cache-Control": "no-cache",
        "Content-Length": "0",
        "Date": "Mon, 06 Mar 2023 08:21:18 GMT",
        "Expires": "-1",
        "Location": "https://management.azure.com/subscriptions/db1ab6f0-4769-4b27-930e-01e2ef9c123c/providers/Microsoft.PolicyInsights/asyncOperationResults/eyJpZCI6IlBTUkFKb2I6MkQwRUYzNjk2OC4wLjAiLCJsb2NhdGlvbiI6IiJ9?api-version=2019-10-01",
        "Pragma": "no-cache",
        "Retry-After": "30",
        "Server": "Kestrel",
        "Strict-Transport-Security": "max-age=31536000; includeSubDomains",
        "X-Content-Type-Options": "nosniff",
        "x-ms-correlation-request-id": "fd23efc4-8f97-46db-ac89-d18292cec6e7",
        "x-ms-ratelimit-remaining-policy-insights-requests": "148",
        "x-ms-ratelimit-remaining-subscription-reads": "11978",
        "x-ms-request-id": "fd23efc4-8f97-46db-ac89-d18292cec6e7",
        "x-ms-routing-request-id": "JAPANEAST:20230306T082118Z:fd23efc4-8f97-46db-ac89-d18292cec6e7"
      },
      "ResponseBody": null
    },
    {
      "RequestUri": "https://management.azure.com/subscriptions/db1ab6f0-4769-4b27-930e-01e2ef9c123c/providers/Microsoft.PolicyInsights/asyncOperationResults/eyJpZCI6IlBTUkFKb2I6MkQwRUYzNjk2OC4wLjAiLCJsb2NhdGlvbiI6IiJ9?api-version=2019-10-01",
      "RequestMethod": "GET",
      "RequestHeaders": {
        "Authorization": "Sanitized",
        "traceparent": "00-fad585a629b9f8859e0075c50d6fb6ef-61f35737b05a614f-00",
        "User-Agent": "azsdk-net-ResourceManager/1.4.0 (.NET 6.0.14; Microsoft Windows 10.0.22621)",
        "x-ms-client-request-id": "7bf738c173309924046456164daf8392",
        "x-ms-return-client-request-id": "true"
      },
      "RequestBody": null,
      "StatusCode": 202,
      "ResponseHeaders": {
        "Cache-Control": "no-cache",
        "Content-Length": "0",
        "Date": "Mon, 06 Mar 2023 08:21:50 GMT",
        "Expires": "-1",
        "Location": "https://management.azure.com/subscriptions/db1ab6f0-4769-4b27-930e-01e2ef9c123c/providers/Microsoft.PolicyInsights/asyncOperationResults/eyJpZCI6IlBTUkFKb2I6MkQwRUYzNjk2OC4wLjAiLCJsb2NhdGlvbiI6IiJ9?api-version=2019-10-01",
        "Pragma": "no-cache",
        "Retry-After": "30",
        "Server": "Kestrel",
        "Strict-Transport-Security": "max-age=31536000; includeSubDomains",
        "X-Content-Type-Options": "nosniff",
        "x-ms-correlation-request-id": "0eab5852-c726-4f06-b066-6b75989e0300",
        "x-ms-ratelimit-remaining-policy-insights-requests": "148",
        "x-ms-ratelimit-remaining-subscription-reads": "11977",
        "x-ms-request-id": "0eab5852-c726-4f06-b066-6b75989e0300",
        "x-ms-routing-request-id": "JAPANEAST:20230306T082151Z:0eab5852-c726-4f06-b066-6b75989e0300"
      },
      "ResponseBody": null
    },
    {
      "RequestUri": "https://management.azure.com/subscriptions/db1ab6f0-4769-4b27-930e-01e2ef9c123c/providers/Microsoft.PolicyInsights/asyncOperationResults/eyJpZCI6IlBTUkFKb2I6MkQwRUYzNjk2OC4wLjAiLCJsb2NhdGlvbiI6IiJ9?api-version=2019-10-01",
      "RequestMethod": "GET",
      "RequestHeaders": {
        "Authorization": "Sanitized",
        "traceparent": "00-fad585a629b9f8859e0075c50d6fb6ef-2d8010bd5556560c-00",
        "User-Agent": "azsdk-net-ResourceManager/1.4.0 (.NET 6.0.14; Microsoft Windows 10.0.22621)",
        "x-ms-client-request-id": "889bcd2d4cc09a48ff633933be0da9d5",
        "x-ms-return-client-request-id": "true"
      },
      "RequestBody": null,
      "StatusCode": 202,
      "ResponseHeaders": {
        "Cache-Control": "no-cache",
        "Content-Length": "0",
        "Date": "Mon, 06 Mar 2023 08:22:23 GMT",
        "Expires": "-1",
        "Location": "https://management.azure.com/subscriptions/db1ab6f0-4769-4b27-930e-01e2ef9c123c/providers/Microsoft.PolicyInsights/asyncOperationResults/eyJpZCI6IlBTUkFKb2I6MkQwRUYzNjk2OC4wLjAiLCJsb2NhdGlvbiI6IiJ9?api-version=2019-10-01",
        "Pragma": "no-cache",
        "Retry-After": "30",
        "Server": "Kestrel",
        "Strict-Transport-Security": "max-age=31536000; includeSubDomains",
        "X-Content-Type-Options": "nosniff",
        "x-ms-correlation-request-id": "d69c9420-55f6-40f2-a28e-ac0e67fe700e",
        "x-ms-ratelimit-remaining-policy-insights-requests": "148",
        "x-ms-ratelimit-remaining-subscription-reads": "11976",
        "x-ms-request-id": "d69c9420-55f6-40f2-a28e-ac0e67fe700e",
        "x-ms-routing-request-id": "JAPANEAST:20230306T082224Z:d69c9420-55f6-40f2-a28e-ac0e67fe700e"
      },
      "ResponseBody": null
    },
    {
      "RequestUri": "https://management.azure.com/subscriptions/db1ab6f0-4769-4b27-930e-01e2ef9c123c/providers/Microsoft.PolicyInsights/asyncOperationResults/eyJpZCI6IlBTUkFKb2I6MkQwRUYzNjk2OC4wLjAiLCJsb2NhdGlvbiI6IiJ9?api-version=2019-10-01",
      "RequestMethod": "GET",
      "RequestHeaders": {
        "Authorization": "Sanitized",
        "traceparent": "00-fad585a629b9f8859e0075c50d6fb6ef-e9a650d01623955a-00",
        "User-Agent": "azsdk-net-ResourceManager/1.4.0 (.NET 6.0.14; Microsoft Windows 10.0.22621)",
        "x-ms-client-request-id": "ddb9d171bac623e71409a36db655d116",
        "x-ms-return-client-request-id": "true"
      },
      "RequestBody": null,
      "StatusCode": 200,
      "ResponseHeaders": {
        "Cache-Control": "no-cache",
        "Content-Length": "22",
        "Content-Type": "application/json; charset=utf-8",
        "Date": "Mon, 06 Mar 2023 08:22:56 GMT",
        "Expires": "-1",
        "Pragma": "no-cache",
        "Server": "Kestrel",
        "Strict-Transport-Security": "max-age=31536000; includeSubDomains",
        "X-Content-Type-Options": "nosniff",
        "x-ms-correlation-request-id": "d0aa9002-f080-49b0-86d2-7e9fa216deeb",
        "x-ms-ratelimit-remaining-policy-insights-requests": "148",
        "x-ms-ratelimit-remaining-subscription-reads": "11975",
        "x-ms-request-id": "d0aa9002-f080-49b0-86d2-7e9fa216deeb",
        "x-ms-routing-request-id": "JAPANEAST:20230306T082256Z:d0aa9002-f080-49b0-86d2-7e9fa216deeb"
      },
      "ResponseBody": {
        "status": "Succeeded"
      }
    },
    {
      "RequestUri": "https://management.azure.com/subscriptions/db1ab6f0-4769-4b27-930e-01e2ef9c123c/resourceGroups/PolicyRG2043/providers/Microsoft.PolicyInsights/attestations/attestationtest118?api-version=2022-09-01",
      "RequestMethod": "PUT",
      "RequestHeaders": {
        "Accept": "application/json",
        "Authorization": "Sanitized",
        "Content-Length": "578",
        "Content-Type": "application/json",
        "traceparent": "00-e1433f8fad3a1374eb7650049729a686-49bb7c0d07142542-00",
        "User-Agent": "azsdk-net-ResourceManager.PolicyInsights/1.2.0-alpha.20230302.1 (.NET 6.0.14; Microsoft Windows 10.0.22621)",
        "x-ms-client-request-id": "369b33a22f1eef755d7bcc39f0daf6bb",
        "x-ms-return-client-request-id": "true"
      },
      "RequestBody": {
        "properties": {
          "policyAssignmentId": "/subscriptions/db1ab6f0-4769-4b27-930e-01e2ef9c123c/resourceGroups/PolicyRG2043/providers/Microsoft.Authorization/policyAssignments/PolicyInsightsAssignmentTest6421",
          "complianceState": "Compliant",
          "expiresOn": "2030-12-09T16:00:00.0000000Z",
          "owner": "Test Owner",
          "comments": ".NET SDK Test",
          "evidence": [
            {
              "description": "Evidence 1",
              "sourceUri": "http://www.contoso.com/evidence1"
            },
            {
              "description": "Evidence 2",
              "sourceUri": "http://www.contoso.com/evidence2"
            }
          ],
          "assessmentDate": "2022-12-04T16:00:00.0000000Z",
          "metadata": {
            "DEPT_ID": "NYC4-MARKETING"
          }
        }
      },
      "StatusCode": 201,
      "ResponseHeaders": {
        "Cache-Control": "no-cache",
        "Content-Length": "1162",
        "Content-Type": "application/json; charset=utf-8",
        "Date": "Mon, 06 Mar 2023 08:22:56 GMT",
        "Expires": "-1",
        "Pragma": "no-cache",
        "Server": "Kestrel",
        "Strict-Transport-Security": "max-age=31536000; includeSubDomains",
        "X-Content-Type-Options": "nosniff",
        "x-ms-correlation-request-id": "ac0297a5-7a4e-42be-ba73-ee985c382293",
        "x-ms-ratelimit-remaining-policy-insights-requests": "147",
        "x-ms-ratelimit-remaining-subscription-writes": "1196",
        "x-ms-request-id": "ac0297a5-7a4e-42be-ba73-ee985c382293",
        "x-ms-routing-request-id": "JAPANEAST:20230306T082257Z:ac0297a5-7a4e-42be-ba73-ee985c382293"
      },
      "ResponseBody": {
        "properties": {
          "provisioningState": "Succeeded",
          "policyAssignmentId": "/subscriptions/db1ab6f0-4769-4b27-930e-01e2ef9c123c/resourcegroups/policyrg2043/providers/microsoft.authorization/policyassignments/policyinsightsassignmenttest6421",
          "complianceState": "Compliant",
          "lastComplianceStateChangeAt": "2023-03-06T08:22:56.6583701Z",
          "expiresOn": "2030-12-09T16:00:00Z",
          "owner": "Test Owner",
          "comments": ".NET SDK Test",
          "evidence": [
            {
              "description": "Evidence 1",
              "sourceUri": "http://www.contoso.com/evidence1"
            },
            {
              "description": "Evidence 2",
              "sourceUri": "http://www.contoso.com/evidence2"
            }
          ],
          "assessmentDate": "2022-12-04T16:00:00Z",
          "metadata": {
            "DEPT_ID": "NYC4-MARKETING"
          }
        },
        "id": "/subscriptions/db1ab6f0-4769-4b27-930e-01e2ef9c123c/resourcegroups/policyrg2043/providers/microsoft.policyinsights/attestations/attestationtest118",
        "name": "attestationtest118",
        "type": "Microsoft.PolicyInsights/attestations",
        "systemData": {
          "createdBy": "8e6d47e0-7969-4fde-a62c-4fea4f165e98",
          "createdByType": "Application",
          "createdAt": "2023-03-06T08:22:56.6583701Z",
          "lastModifiedBy": "8e6d47e0-7969-4fde-a62c-4fea4f165e98",
          "lastModifiedByType": "Application",
          "lastModifiedAt": "2023-03-06T08:22:56.6583701Z"
        }
      }
    },
    {
      "RequestUri": "https://management.azure.com/subscriptions/db1ab6f0-4769-4b27-930e-01e2ef9c123c/resourceGroups/PolicyRG2043/providers/Microsoft.PolicyInsights/attestations/attestationtest118?api-version=2022-09-01",
      "RequestMethod": "GET",
      "RequestHeaders": {
        "Accept": "application/json",
        "Authorization": "Sanitized",
        "traceparent": "00-86996649a74d999209ff701d0ccd78ac-42c59dc279aefd6b-00",
        "User-Agent": "azsdk-net-ResourceManager.PolicyInsights/1.2.0-alpha.20230302.1 (.NET 6.0.14; Microsoft Windows 10.0.22621)",
        "x-ms-client-request-id": "da1bdc239f0ea25344ed693e1ae9232e",
        "x-ms-return-client-request-id": "true"
      },
      "RequestBody": null,
      "StatusCode": 200,
      "ResponseHeaders": {
        "Cache-Control": "no-cache",
        "Content-Length": "1162",
        "Content-Type": "application/json; charset=utf-8",
        "Date": "Mon, 06 Mar 2023 08:22:57 GMT",
        "Expires": "-1",
        "Pragma": "no-cache",
        "Server": "Kestrel",
        "Strict-Transport-Security": "max-age=31536000; includeSubDomains",
        "X-Content-Type-Options": "nosniff",
        "x-ms-correlation-request-id": "45ba3388-03f7-412b-8ebc-c272243bd0dd",
        "x-ms-ratelimit-remaining-policy-insights-requests": "146",
        "x-ms-ratelimit-remaining-subscription-reads": "11974",
        "x-ms-request-id": "45ba3388-03f7-412b-8ebc-c272243bd0dd",
        "x-ms-routing-request-id": "JAPANEAST:20230306T082257Z:45ba3388-03f7-412b-8ebc-c272243bd0dd"
      },
      "ResponseBody": {
        "properties": {
          "provisioningState": "Succeeded",
          "policyAssignmentId": "/subscriptions/db1ab6f0-4769-4b27-930e-01e2ef9c123c/resourcegroups/policyrg2043/providers/microsoft.authorization/policyassignments/policyinsightsassignmenttest6421",
          "complianceState": "Compliant",
          "lastComplianceStateChangeAt": "2023-03-06T08:22:56.6583701Z",
          "expiresOn": "2030-12-09T16:00:00Z",
          "owner": "Test Owner",
          "comments": ".NET SDK Test",
          "evidence": [
            {
              "description": "Evidence 1",
              "sourceUri": "http://www.contoso.com/evidence1"
            },
            {
              "description": "Evidence 2",
              "sourceUri": "http://www.contoso.com/evidence2"
            }
          ],
          "assessmentDate": "2022-12-04T16:00:00Z",
          "metadata": {
            "DEPT_ID": "NYC4-MARKETING"
          }
        },
        "id": "/subscriptions/db1ab6f0-4769-4b27-930e-01e2ef9c123c/resourcegroups/policyrg2043/providers/microsoft.policyinsights/attestations/attestationtest118",
        "name": "attestationtest118",
        "type": "Microsoft.PolicyInsights/attestations",
        "systemData": {
          "createdBy": "8e6d47e0-7969-4fde-a62c-4fea4f165e98",
          "createdByType": "Application",
          "createdAt": "2023-03-06T08:22:56.6583701Z",
          "lastModifiedBy": "8e6d47e0-7969-4fde-a62c-4fea4f165e98",
          "lastModifiedByType": "Application",
          "lastModifiedAt": "2023-03-06T08:22:56.6583701Z"
        }
      }
    },
    {
      "RequestUri": "https://management.azure.com/subscriptions/db1ab6f0-4769-4b27-930e-01e2ef9c123c/resourceGroups/PolicyRG2043/providers/Microsoft.PolicyInsights/attestations/attestationtest118?api-version=2022-09-01",
      "RequestMethod": "GET",
      "RequestHeaders": {
        "Accept": "application/json",
        "Authorization": "Sanitized",
        "traceparent": "00-a9f0f6933019555f416d4dbd0eaa2f19-14760842f5d22ba1-00",
        "User-Agent": "azsdk-net-ResourceManager.PolicyInsights/1.2.0-alpha.20230302.1 (.NET 6.0.14; Microsoft Windows 10.0.22621)",
        "x-ms-client-request-id": "b035b1ac1f54d6b0bfb5beaa77cb147a",
        "x-ms-return-client-request-id": "true"
      },
      "RequestBody": null,
      "StatusCode": 200,
      "ResponseHeaders": {
        "Cache-Control": "no-cache",
        "Content-Length": "1162",
        "Content-Type": "application/json; charset=utf-8",
        "Date": "Mon, 06 Mar 2023 08:22:57 GMT",
        "Expires": "-1",
        "Pragma": "no-cache",
        "Server": "Kestrel",
        "Strict-Transport-Security": "max-age=31536000; includeSubDomains",
        "X-Content-Type-Options": "nosniff",
        "x-ms-correlation-request-id": "50491f90-315a-49b4-a240-0feaf6dda323",
        "x-ms-ratelimit-remaining-policy-insights-requests": "145",
        "x-ms-ratelimit-remaining-subscription-reads": "11973",
        "x-ms-request-id": "50491f90-315a-49b4-a240-0feaf6dda323",
        "x-ms-routing-request-id": "JAPANEAST:20230306T082257Z:50491f90-315a-49b4-a240-0feaf6dda323"
      },
      "ResponseBody": {
        "properties": {
          "provisioningState": "Succeeded",
          "policyAssignmentId": "/subscriptions/db1ab6f0-4769-4b27-930e-01e2ef9c123c/resourcegroups/policyrg2043/providers/microsoft.authorization/policyassignments/policyinsightsassignmenttest6421",
          "complianceState": "Compliant",
          "lastComplianceStateChangeAt": "2023-03-06T08:22:56.6583701Z",
          "expiresOn": "2030-12-09T16:00:00Z",
          "owner": "Test Owner",
          "comments": ".NET SDK Test",
          "evidence": [
            {
              "description": "Evidence 1",
              "sourceUri": "http://www.contoso.com/evidence1"
            },
            {
              "description": "Evidence 2",
              "sourceUri": "http://www.contoso.com/evidence2"
            }
          ],
          "assessmentDate": "2022-12-04T16:00:00Z",
          "metadata": {
            "DEPT_ID": "NYC4-MARKETING"
          }
        },
        "id": "/subscriptions/db1ab6f0-4769-4b27-930e-01e2ef9c123c/resourcegroups/policyrg2043/providers/microsoft.policyinsights/attestations/attestationtest118",
        "name": "attestationtest118",
        "type": "Microsoft.PolicyInsights/attestations",
        "systemData": {
          "createdBy": "8e6d47e0-7969-4fde-a62c-4fea4f165e98",
          "createdByType": "Application",
          "createdAt": "2023-03-06T08:22:56.6583701Z",
          "lastModifiedBy": "8e6d47e0-7969-4fde-a62c-4fea4f165e98",
          "lastModifiedByType": "Application",
          "lastModifiedAt": "2023-03-06T08:22:56.6583701Z"
        }
      }
    },
    {
      "RequestUri": "https://management.azure.com/subscriptions/db1ab6f0-4769-4b27-930e-01e2ef9c123c/resourceGroups/PolicyRG2043/providers/Microsoft.PolicyInsights/attestations?api-version=2022-09-01",
      "RequestMethod": "GET",
      "RequestHeaders": {
        "Accept": "application/json",
        "Authorization": "Sanitized",
        "User-Agent": "azsdk-net-ResourceManager.PolicyInsights/1.2.0-alpha.20230302.1 (.NET 6.0.14; Microsoft Windows 10.0.22621)",
        "x-ms-client-request-id": "14163ad21cbfe1ad51dab1b86335ca8e",
        "x-ms-return-client-request-id": "true"
      },
      "RequestBody": null,
      "StatusCode": 200,
      "ResponseHeaders": {
        "Cache-Control": "no-cache",
        "Content-Length": "1174",
        "Content-Type": "application/json; charset=utf-8",
        "Date": "Mon, 06 Mar 2023 08:22:57 GMT",
        "Expires": "-1",
        "Pragma": "no-cache",
        "Server": "Kestrel",
        "Strict-Transport-Security": "max-age=31536000; includeSubDomains",
        "X-Content-Type-Options": "nosniff",
        "x-ms-correlation-request-id": "c04b4d70-ad25-4dc4-ade6-ad98f8453d95",
        "x-ms-ratelimit-remaining-policy-insights-requests": "144",
        "x-ms-ratelimit-remaining-subscription-reads": "11972",
        "x-ms-request-id": "c04b4d70-ad25-4dc4-ade6-ad98f8453d95",
        "x-ms-routing-request-id": "JAPANEAST:20230306T082257Z:c04b4d70-ad25-4dc4-ade6-ad98f8453d95"
      },
      "ResponseBody": {
        "value": [
          {
            "properties": {
              "provisioningState": "Succeeded",
              "policyAssignmentId": "/subscriptions/db1ab6f0-4769-4b27-930e-01e2ef9c123c/resourcegroups/policyrg2043/providers/microsoft.authorization/policyassignments/policyinsightsassignmenttest6421",
              "complianceState": "Compliant",
              "lastComplianceStateChangeAt": "2023-03-06T08:22:56.6583701Z",
              "expiresOn": "2030-12-09T16:00:00Z",
              "owner": "Test Owner",
              "comments": ".NET SDK Test",
              "evidence": [
                {
                  "description": "Evidence 1",
                  "sourceUri": "http://www.contoso.com/evidence1"
                },
                {
                  "description": "Evidence 2",
                  "sourceUri": "http://www.contoso.com/evidence2"
                }
              ],
              "assessmentDate": "2022-12-04T16:00:00Z",
              "metadata": {
                "DEPT_ID": "NYC4-MARKETING"
              }
            },
            "id": "/subscriptions/db1ab6f0-4769-4b27-930e-01e2ef9c123c/resourcegroups/policyrg2043/providers/microsoft.policyinsights/attestations/attestationtest118",
            "name": "attestationtest118",
            "type": "Microsoft.PolicyInsights/attestations",
            "systemData": {
              "createdBy": "8e6d47e0-7969-4fde-a62c-4fea4f165e98",
              "createdByType": "Application",
              "createdAt": "2023-03-06T08:22:56.6583701Z",
              "lastModifiedBy": "8e6d47e0-7969-4fde-a62c-4fea4f165e98",
              "lastModifiedByType": "Application",
              "lastModifiedAt": "2023-03-06T08:22:56.6583701Z"
            }
          }
        ]
      }
    },
    {
      "RequestUri": "https://management.azure.com/subscriptions/db1ab6f0-4769-4b27-930e-01e2ef9c123c/resourceGroups/policyrg2043/providers/Microsoft.PolicyInsights/attestations/attestationtest118?api-version=2022-09-01",
      "RequestMethod": "DELETE",
      "RequestHeaders": {
        "Accept": "application/json",
        "Authorization": "Sanitized",
        "traceparent": "00-fbc55af0bb9c1c7691caddb85692e56d-b6e84b0d889c208b-00",
        "User-Agent": "azsdk-net-ResourceManager.PolicyInsights/1.2.0-alpha.20230302.1 (.NET 6.0.14; Microsoft Windows 10.0.22621)",
        "x-ms-client-request-id": "29fd8850f8ad033d2b441b58e0a92a78",
        "x-ms-return-client-request-id": "true"
      },
      "RequestBody": null,
      "StatusCode": 200,
      "ResponseHeaders": {
        "Cache-Control": "no-cache",
        "Content-Length": "0",
        "Date": "Mon, 06 Mar 2023 08:22:58 GMT",
        "Expires": "-1",
        "Pragma": "no-cache",
        "Server": "Kestrel",
        "Strict-Transport-Security": "max-age=31536000; includeSubDomains",
        "X-Content-Type-Options": "nosniff",
        "x-ms-correlation-request-id": "878c97fe-8481-4977-94cb-7f4a72b02e7b",
        "x-ms-ratelimit-remaining-policy-insights-requests": "143",
        "x-ms-ratelimit-remaining-subscription-deletes": "14999",
        "x-ms-request-id": "878c97fe-8481-4977-94cb-7f4a72b02e7b",
        "x-ms-routing-request-id": "JAPANEAST:20230306T082258Z:878c97fe-8481-4977-94cb-7f4a72b02e7b"
      },
      "ResponseBody": null
    },
    {
      "RequestUri": "https://management.azure.com/subscriptions/db1ab6f0-4769-4b27-930e-01e2ef9c123c/resourceGroups/PolicyRG2043/providers/Microsoft.PolicyInsights/attestations/attestationtest118?api-version=2022-09-01",
      "RequestMethod": "GET",
      "RequestHeaders": {
        "Accept": "application/json",
        "Authorization": "Sanitized",
        "traceparent": "00-95cd4d806b150da251fb69637b582e15-d148de30d579db36-00",
        "User-Agent": "azsdk-net-ResourceManager.PolicyInsights/1.2.0-alpha.20230302.1 (.NET 6.0.14; Microsoft Windows 10.0.22621)",
        "x-ms-client-request-id": "e06ceed80fd28f6f04545e7a6ef7738a",
        "x-ms-return-client-request-id": "true"
      },
      "RequestBody": null,
      "StatusCode": 404,
      "ResponseHeaders": {
        "Cache-Control": "no-store, no-cache",
        "Content-Length": "115",
        "Content-Type": "application/json",
        "Date": "Mon, 06 Mar 2023 08:22:58 GMT",
        "Expires": "-1",
        "Pragma": "no-cache",
        "Server": "Kestrel",
        "Strict-Transport-Security": "max-age=31536000; includeSubDomains",
        "X-Content-Type-Options": "nosniff",
        "x-ms-correlation-request-id": "199ae675-1f78-4ee9-8243-8b150da8b74b",
        "x-ms-ratelimit-remaining-subscription-reads": "11971",
        "x-ms-request-id": "199ae675-1f78-4ee9-8243-8b150da8b74b",
        "x-ms-routing-request-id": "JAPANEAST:20230306T082258Z:199ae675-1f78-4ee9-8243-8b150da8b74b"
      },
      "ResponseBody": {
        "error": {
          "code": "AttestationNotFound",
          "message": "The attestation with name \u0027attestationtest118\u0027 does not exist."
        }
      }
    },
    {
      "RequestUri": "https://management.azure.com/subscriptions/db1ab6f0-4769-4b27-930e-01e2ef9c123c/resourceGroups/PolicyRG2043/providers/Microsoft.Authorization/policyAssignments/PolicyInsightsAssignmentTest6421?api-version=2020-09-01",
      "RequestMethod": "DELETE",
      "RequestHeaders": {
        "Accept": "application/json",
        "Authorization": "Sanitized",
        "traceparent": "00-2f27b19a0d60f90340034d1822270210-d84fa39fd991c5e5-00",
        "User-Agent": "azsdk-net-ResourceManager/1.4.0 (.NET 6.0.14; Microsoft Windows 10.0.22621)",
        "x-ms-client-request-id": "ef592feaeaced9ccfc12e87b015400a8",
        "x-ms-return-client-request-id": "true"
      },
      "RequestBody": null,
      "StatusCode": 200,
      "ResponseHeaders": {
        "Cache-Control": "no-cache",
        "Content-Length": "769",
        "Content-Type": "application/json; charset=utf-8",
        "Date": "Mon, 06 Mar 2023 08:22:59 GMT",
        "Expires": "-1",
        "Pragma": "no-cache",
        "Server": "Kestrel",
        "Strict-Transport-Security": "max-age=31536000; includeSubDomains",
        "X-Content-Type-Options": "nosniff",
        "x-ms-correlation-request-id": "c6b91dc6-311b-4d1d-9eda-0abdc7ee75b8",
        "x-ms-ratelimit-remaining-subscription-deletes": "14998",
        "x-ms-request-id": "c6b91dc6-311b-4d1d-9eda-0abdc7ee75b8",
        "x-ms-routing-request-id": "JAPANEAST:20230306T082259Z:c6b91dc6-311b-4d1d-9eda-0abdc7ee75b8"
      },
      "ResponseBody": {
        "properties": {
          "displayName": "PolicyInsights Test $PolicyInsightsAssignmentTest6421",
          "policyDefinitionId": "/subscriptions/db1ab6f0-4769-4b27-930e-01e2ef9c123c/providers/Microsoft.Authorization/policyDefinitions/PolicyInsightsDefinitionTest7987",
          "scope": "/subscriptions/db1ab6f0-4769-4b27-930e-01e2ef9c123c/resourceGroups/PolicyRG2043",
          "metadata": {
            "createdBy": "7bee3764-dbea-4729-9c33-446f321aa721",
            "createdOn": "2023-03-06T08:10:43.538886Z",
            "updatedBy": null,
            "updatedOn": null
          },
          "enforcementMode": "Default"
        },
        "id": "/subscriptions/db1ab6f0-4769-4b27-930e-01e2ef9c123c/resourceGroups/PolicyRG2043/providers/Microsoft.Authorization/policyAssignments/PolicyInsightsAssignmentTest6421",
        "type": "Microsoft.Authorization/policyAssignments",
        "name": "PolicyInsightsAssignmentTest6421"
      }
    },
    {
      "RequestUri": "https://management.azure.com/subscriptions/db1ab6f0-4769-4b27-930e-01e2ef9c123c/providers/Microsoft.Authorization/policyDefinitions/PolicyInsightsDefinitionTest7987?api-version=2020-09-01",
      "RequestMethod": "DELETE",
      "RequestHeaders": {
        "Accept": "application/json",
        "Authorization": "Sanitized",
        "traceparent": "00-8db2e0bd6e25c5dc4a441f4a3d9c14e5-17c51f6a544afb44-00",
        "User-Agent": "azsdk-net-ResourceManager/1.4.0 (.NET 6.0.14; Microsoft Windows 10.0.22621)",
        "x-ms-client-request-id": "74e039afe9c840bb196d24599ac39534",
        "x-ms-return-client-request-id": "true"
      },
      "RequestBody": null,
      "StatusCode": 200,
      "ResponseHeaders": {
        "Cache-Control": "no-cache",
        "Content-Length": "623",
        "Content-Type": "application/json; charset=utf-8",
        "Date": "Mon, 06 Mar 2023 08:22:59 GMT",
        "Expires": "-1",
        "Pragma": "no-cache",
        "Server": "Kestrel",
        "Strict-Transport-Security": "max-age=31536000; includeSubDomains",
        "X-Content-Type-Options": "nosniff",
        "x-ms-correlation-request-id": "02a98da9-c05d-4c39-98c6-ae62a9564534",
        "x-ms-ratelimit-remaining-subscription-deletes": "14997",
        "x-ms-request-id": "02a98da9-c05d-4c39-98c6-ae62a9564534",
        "x-ms-routing-request-id": "JAPANEAST:20230306T082300Z:02a98da9-c05d-4c39-98c6-ae62a9564534"
      },
      "ResponseBody": {
        "properties": {
          "displayName": "PolicyInsights Test $PolicyInsightsDefinitionTest7987",
          "policyType": "Custom",
          "mode": "All",
          "metadata": {
            "createdBy": "7bee3764-dbea-4729-9c33-446f321aa721",
            "createdOn": "2023-03-06T08:10:39.5172648Z",
            "updatedBy": null,
            "updatedOn": null
          },
          "policyRule": {
            "if": {
              "field": "type",
              "equals": "Microsoft.Resources/subscriptions/resourceGroups"
            },
            "then": {
              "effect": "manual"
            }
          }
        },
        "id": "/subscriptions/db1ab6f0-4769-4b27-930e-01e2ef9c123c/providers/Microsoft.Authorization/policyDefinitions/PolicyInsightsDefinitionTest7987",
        "type": "Microsoft.Authorization/policyDefinitions",
        "name": "PolicyInsightsDefinitionTest7987"
      }
    }
  ],
  "Variables": {
    "AZURE_AUTHORITY_HOST": "https://login.microsoftonline.com",
    "RandomSeed": "638751477",
    "RESOURCE_MANAGER_URL": null,
    "SUBSCRIPTION_ID": "db1ab6f0-4769-4b27-930e-01e2ef9c123c"
  }
}
