{
  "Entries": [
    {
      "RequestUri": "https://management.azure.com/tenants?api-version=2021-01-01",
      "RequestMethod": "GET",
      "RequestHeaders": {
        "Accept": "application/json",
        "Authorization": "Sanitized",
        "traceparent": "00-ae09ee279a271c7b2a023160e7f834af-dfec8739c18b9529-00",
        "User-Agent": "azsdk-net-ResourceManager/1.4.0 (.NET 6.0.14; Microsoft Windows 10.0.22621)",
        "x-ms-client-request-id": "ee3381839ec381bd17a24f3aeb7e08f3",
        "x-ms-return-client-request-id": "true"
      },
      "RequestBody": null,
      "StatusCode": 200,
      "ResponseHeaders": {
        "Cache-Control": "no-cache",
        "Content-Length": "140",
        "Content-Type": "application/json; charset=utf-8",
        "Date": "Thu, 23 Feb 2023 08:04:20 GMT",
        "Expires": "-1",
        "Pragma": "no-cache",
        "Strict-Transport-Security": "max-age=31536000; includeSubDomains",
        "X-Content-Type-Options": "nosniff",
        "x-ms-correlation-request-id": "2a71d974-b795-43a0-b18f-24fe2c6f390f",
        "x-ms-ratelimit-remaining-tenant-reads": "11999",
        "x-ms-request-id": "2a71d974-b795-43a0-b18f-24fe2c6f390f",
        "x-ms-routing-request-id": "SOUTHEASTASIA:20230223T080421Z:2a71d974-b795-43a0-b18f-24fe2c6f390f"
      },
      "ResponseBody": {
        "value": [
          {
            "id": "/tenants/72f988bf-86f1-41af-91ab-2d7cd011db47",
            "tenantId": "72f988bf-86f1-41af-91ab-2d7cd011db47",
            "tenantCategory": "Home"
          }
        ]
      }
    },
    {
      "RequestUri": "https://management.azure.com/subscriptions/db1ab6f0-4769-4b27-930e-01e2ef9c123c?api-version=2021-01-01",
      "RequestMethod": "GET",
      "RequestHeaders": {
        "Accept": "application/json",
        "Authorization": "Sanitized",
        "traceparent": "00-5c6b62ab4de0ec33d813d28d013918ff-179f960f90eab680-00",
        "User-Agent": "azsdk-net-ResourceManager/1.4.0 (.NET 6.0.14; Microsoft Windows 10.0.22621)",
        "x-ms-client-request-id": "687d66de485cd920fba14d007ae11f61",
        "x-ms-return-client-request-id": "true"
      },
      "RequestBody": null,
      "StatusCode": 200,
      "ResponseHeaders": {
        "Cache-Control": "no-cache",
        "Content-Length": "748",
        "Content-Type": "application/json; charset=utf-8",
        "Date": "Thu, 23 Feb 2023 08:04:20 GMT",
        "Expires": "-1",
        "Pragma": "no-cache",
        "Strict-Transport-Security": "max-age=31536000; includeSubDomains",
        "X-Content-Type-Options": "nosniff",
        "x-ms-correlation-request-id": "4e175d79-e8b6-43c1-b265-516e10265349",
        "x-ms-ratelimit-remaining-subscription-reads": "11999",
        "x-ms-request-id": "4e175d79-e8b6-43c1-b265-516e10265349",
        "x-ms-routing-request-id": "SOUTHEASTASIA:20230223T080421Z:4e175d79-e8b6-43c1-b265-516e10265349"
      },
      "ResponseBody": {
        "id": "/subscriptions/db1ab6f0-4769-4b27-930e-01e2ef9c123c",
        "authorizationSource": "RoleBased",
        "managedByTenants": [],
        "tags": {
          "TagKey-9823": "TagValue-1254",
          "TagKey-3481": "TagValue-320",
          "TagKey-4926": "TagValue-1187",
          "TagKey-751": "TagValue-3921",
          "TagKey-1866": "TagValue-8559",
          "TagKey-3094": "TagValue-9190",
          "TagKey-2449": "TagValue-9",
          "TagKey-8379": "TagValue-164",
          "TagKey-7470": "TagValue-2205",
          "TagKey-4236": "TagValue-3698",
          "TagKey-5316": "TagValue-2725"
        },
        "subscriptionId": "db1ab6f0-4769-4b27-930e-01e2ef9c123c",
        "tenantId": "72f988bf-86f1-41af-91ab-2d7cd011db47",
        "displayName": ".NET Mgmt SDK Test with TTL = 1 Day",
        "state": "Enabled",
        "subscriptionPolicies": {
          "locationPlacementId": "Internal_2014-09-01",
          "quotaId": "Internal_2014-09-01",
          "spendingLimit": "Off"
        }
      }
    },
    {
      "RequestUri": "https://management.azure.com/subscriptions/db1ab6f0-4769-4b27-930e-01e2ef9c123c/providers/Microsoft.PolicyInsights/attestations?api-version=2022-09-01",
      "RequestMethod": "GET",
      "RequestHeaders": {
        "Accept": "application/json",
        "Authorization": "Sanitized",
        "traceparent": "00-3b5eff5cd0f200568f4d72f7f52b0672-f7eeff14d58c4db8-00",
        "User-Agent": "azsdk-net-ResourceManager.PolicyInsights/1.2.0-alpha.20230223.1 (.NET 6.0.14; Microsoft Windows 10.0.22621)",
        "x-ms-client-request-id": "48066a942e1a89a3b8923ae808b37a28",
        "x-ms-return-client-request-id": "true"
      },
      "RequestBody": null,
      "StatusCode": 200,
      "ResponseHeaders": {
        "Cache-Control": "no-cache",
        "Content-Length": "12",
        "Content-Type": "application/json; charset=utf-8",
        "Date": "Thu, 23 Feb 2023 08:04:21 GMT",
        "Expires": "-1",
        "Pragma": "no-cache",
        "Server": "Kestrel",
        "Strict-Transport-Security": "max-age=31536000; includeSubDomains",
        "X-Content-Type-Options": "nosniff",
        "x-ms-correlation-request-id": "a73c69e6-4f9d-405b-b5ef-334628810ef2",
        "x-ms-ratelimit-remaining-policy-insights-requests": "149",
        "x-ms-ratelimit-remaining-subscription-reads": "11998",
        "x-ms-request-id": "a73c69e6-4f9d-405b-b5ef-334628810ef2",
        "x-ms-routing-request-id": "SOUTHEASTASIA:20230223T080422Z:a73c69e6-4f9d-405b-b5ef-334628810ef2"
      },
      "ResponseBody": {
        "value": []
      }
    }
  ],
  "Variables": {
    "AZURE_AUTHORITY_HOST": "https://login.microsoftonline.com",
    "RandomSeed": "1749130455",
    "RESOURCE_MANAGER_URL": null,
    "SUBSCRIPTION_ID": "db1ab6f0-4769-4b27-930e-01e2ef9c123c"
  }
}
