{
  "Entries": [
    {
      "RequestUri": "http://gapradev.queue.core.windows.net/test-queue-21464099-3244-010e-d10e-a2523b4c10fa",
      "RequestMethod": "PUT",
      "RequestHeaders": {
        "Authorization": "Sanitized",
        "Request-Id": "|89c39617-4665250de53b2a0a.",
        "User-Agent": [
          "azsdk-net-Storage.Queues/12.0.0-dev.20190912.1+9a86ae3367dccb76004b59b244c982904496250d",
          "(.NET Core 4.6.27817.01; Microsoft Windows 10.0.18362 )"
        ],
        "x-ms-client-request-id": "5bfce9ec-9d0a-1ba7-5251-ab8c8dcc0025",
        "x-ms-date": "Thu, 12 Sep 2019 22:20:09 GMT",
        "x-ms-return-client-request-id": "true",
        "x-ms-version": "2018-11-09"
      },
      "RequestBody": null,
      "StatusCode": 201,
      "ResponseHeaders": {
        "Content-Length": "0",
        "Date": "Thu, 12 Sep 2019 22:20:09 GMT",
        "Server": [
          "Windows-Azure-Queue/1.0",
          "Microsoft-HTTPAPI/2.0"
        ],
        "x-ms-request-id": "e224bab4-b003-0013-27b8-69b637000000",
        "x-ms-version": "2018-11-09"
      },
      "ResponseBody": []
    },
    {
      "RequestUri": "http://gapradev.queue.core.windows.net/test-queue-21464099-3244-010e-d10e-a2523b4c10fa/messages",
      "RequestMethod": "POST",
      "RequestHeaders": {
        "Authorization": "Sanitized",
        "Content-Length": "59",
        "Content-Type": "application/xml",
        "Request-Id": "|89c39618-4665250de53b2a0a.",
        "User-Agent": [
          "azsdk-net-Storage.Queues/12.0.0-dev.20190912.1+9a86ae3367dccb76004b59b244c982904496250d",
          "(.NET Core 4.6.27817.01; Microsoft Windows 10.0.18362 )"
        ],
        "x-ms-client-request-id": "5165b9a1-b550-86ef-3038-7e12eb28138c",
        "x-ms-date": "Thu, 12 Sep 2019 22:20:09 GMT",
        "x-ms-return-client-request-id": "true",
        "x-ms-version": "2018-11-09"
      },
      "RequestBody": "<QueueMessage><MessageText>foo</MessageText></QueueMessage>",
      "StatusCode": 201,
      "ResponseHeaders": {
        "Content-Type": "application/xml",
        "Date": "Thu, 12 Sep 2019 22:20:09 GMT",
        "Server": [
          "Windows-Azure-Queue/1.0",
          "Microsoft-HTTPAPI/2.0"
        ],
        "Transfer-Encoding": "chunked",
        "x-ms-request-id": "e224bab6-b003-0013-28b8-69b637000000",
        "x-ms-version": "2018-11-09"
      },
      "ResponseBody": "ï»¿<?xml version=\"1.0\" encoding=\"utf-8\"?><QueueMessagesList><QueueMessage><MessageId>6e56f62b-3adb-4f7b-a971-5920f22ebd7c</MessageId><InsertionTime>Thu, 12 Sep 2019 22:20:09 GMT</InsertionTime><ExpirationTime>Thu, 19 Sep 2019 22:20:09 GMT</ExpirationTime><PopReceipt>AgAAAAMAAAAAAAAAsNgZPbhp1QE=</PopReceipt><TimeNextVisible>Thu, 12 Sep 2019 22:20:09 GMT</TimeNextVisible></QueueMessage></QueueMessagesList>"
    },
    {
      "RequestUri": "http://gapradev.queue.core.windows.net/test-queue-21464099-3244-010e-d10e-a2523b4c10fa/messages/6e56f62b-3adb-4f7b-a971-5920f22ebd7c?popreceipt=AgAAAAMAAAAAAAAAsNgZPbhp1QE%3D&visibilitytimeout=0",
      "RequestMethod": "PUT",
      "RequestHeaders": {
        "Authorization": "Sanitized",
        "Content-Length": "59",
        "Content-Type": "application/xml",
        "Request-Id": "|89c39619-4665250de53b2a0a.",
        "User-Agent": [
          "azsdk-net-Storage.Queues/12.0.0-dev.20190912.1+9a86ae3367dccb76004b59b244c982904496250d",
          "(.NET Core 4.6.27817.01; Microsoft Windows 10.0.18362 )"
        ],
        "x-ms-client-request-id": "d4ea3926-ae66-bdd4-f296-03b0b8261762",
        "x-ms-date": "Thu, 12 Sep 2019 22:20:09 GMT",
        "x-ms-return-client-request-id": "true",
        "x-ms-version": "2018-11-09"
      },
      "RequestBody": "<QueueMessage><MessageText>bar</MessageText></QueueMessage>",
      "StatusCode": 204,
      "ResponseHeaders": {
        "Content-Length": "0",
        "Date": "Thu, 12 Sep 2019 22:20:09 GMT",
        "Server": [
          "Windows-Azure-Queue/1.0",
          "Microsoft-HTTPAPI/2.0"
        ],
        "x-ms-popreceipt": "AwAAAAMAAAAAAAAAf6kmPbhp1QEAAAAA",
        "x-ms-request-id": "e224bab7-b003-0013-29b8-69b637000000",
        "x-ms-time-next-visible": "Thu, 12 Sep 2019 22:20:09 GMT",
        "x-ms-version": "2018-11-09"
      },
      "ResponseBody": []
    },
    {
      "RequestUri": "http://gapradev.queue.core.windows.net/test-queue-21464099-3244-010e-d10e-a2523b4c10fa",
      "RequestMethod": "DELETE",
      "RequestHeaders": {
        "Authorization": "Sanitized",
        "Request-Id": "|89c3961a-4665250de53b2a0a.",
        "User-Agent": [
          "azsdk-net-Storage.Queues/12.0.0-dev.20190912.1+9a86ae3367dccb76004b59b244c982904496250d",
          "(.NET Core 4.6.27817.01; Microsoft Windows 10.0.18362 )"
        ],
        "x-ms-client-request-id": "b1eb33fa-3f3e-9425-5bd5-00ab3550fc8a",
        "x-ms-date": "Thu, 12 Sep 2019 22:20:09 GMT",
        "x-ms-return-client-request-id": "true",
        "x-ms-version": "2018-11-09"
      },
      "RequestBody": null,
      "StatusCode": 204,
      "ResponseHeaders": {
        "Content-Length": "0",
        "Date": "Thu, 12 Sep 2019 22:20:09 GMT",
        "Server": [
          "Windows-Azure-Queue/1.0",
          "Microsoft-HTTPAPI/2.0"
        ],
        "x-ms-request-id": "e224bab8-b003-0013-2ab8-69b637000000",
        "x-ms-version": "2018-11-09"
      },
      "ResponseBody": []
    }
  ],
  "Variables": {
    "RandomSeed": "1961325089",
    "Storage_TestConfigDefault": "ProductionTenant\ngapradev\nU2FuaXRpemVk\nhttp://gapradev.blob.core.windows.net\nhttp://gapradev.file.core.windows.net\nhttp://gapradev.queue.core.windows.net\nhttp://gapradev.table.core.windows.net\n\n\n\n\nhttp://gapradev-secondary.blob.core.windows.net\nhttp://gapradev-secondary.file.core.windows.net\nhttp://gapradev-secondary.queue.core.windows.net\nhttp://gapradev-secondary.table.core.windows.net\n\nSanitized\n\n\nCloud\nBlobEndpoint=http://gapradev.blob.core.windows.net/;QueueEndpoint=http://gapradev.queue.core.windows.net/;TableEndpoint=http://gapradev.table.core.windows.net/;FileEndpoint=http://gapradev.file.core.windows.net/;BlobSecondaryEndpoint=http://gapradev-secondary.blob.core.windows.net/;QueueSecondaryEndpoint=http://gapradev-secondary.queue.core.windows.net/;TableSecondaryEndpoint=http://gapradev-secondary.table.core.windows.net/;FileSecondaryEndpoint=http://gapradev-secondary.file.core.windows.net/;AccountName=gapradev;AccountKey=Sanitized\nseanscope1"
  }
}