{
  "Entries": [
    {
      "RequestUri": "https://https://fakeHost.api.wus2.digitaltwins.azure.net/models/dtmi%3Aexample%3Awifi%3B173948219?includeModelDefinition=true\u0026api-version=2020-05-31-preview",
      "RequestMethod": "GET",
      "RequestHeaders": {
        "Authorization": "Sanitized",
        "User-Agent": [
          "azsdk-net-DigitalTwins.Core/1.0.0-dev.20200820.1",
          "(.NET Core 4.6.29130.01; Microsoft Windows 10.0.18363 )"
        ],
        "x-ms-client-request-id": "f991ef6850b4d6f05168f7c990ed177b",
        "x-ms-return-client-request-id": "true"
      },
      "RequestBody": null,
      "StatusCode": 404,
      "ResponseHeaders": {
        "Content-Length": "212",
        "Content-Type": "application/json; charset=utf-8",
        "Date": "Thu, 20 Aug 2020 22:33:03 GMT",
        "Strict-Transport-Security": "max-age=2592000"
      },
      "ResponseBody": {
        "error": {
          "code": "ModelNotFound",
          "message": "There is no Model(s) available that matches the provided id(s) dtmi:example:wifi;173948219. Check that the Model ID provided is valid by doing a Model_List API call."
        }
      }
    },
    {
      "RequestUri": "https://https://fakeHost.api.wus2.digitaltwins.azure.net/models/dtmi%3Aexample%3Awifiroom%3B11736?includeModelDefinition=true\u0026api-version=2020-05-31-preview",
      "RequestMethod": "GET",
      "RequestHeaders": {
        "Authorization": "Sanitized",
        "User-Agent": [
          "azsdk-net-DigitalTwins.Core/1.0.0-dev.20200820.1",
          "(.NET Core 4.6.29130.01; Microsoft Windows 10.0.18363 )"
        ],
        "x-ms-client-request-id": "419e2f1fb2c82734e25bf07265983212",
        "x-ms-return-client-request-id": "true"
      },
      "RequestBody": null,
      "StatusCode": 404,
      "ResponseHeaders": {
        "Content-Length": "212",
        "Content-Type": "application/json; charset=utf-8",
        "Date": "Thu, 20 Aug 2020 22:33:04 GMT",
        "Strict-Transport-Security": "max-age=2592000"
      },
      "ResponseBody": {
        "error": {
          "code": "ModelNotFound",
          "message": "There is no Model(s) available that matches the provided id(s) dtmi:example:wifiroom;11736. Check that the Model ID provided is valid by doing a Model_List API call."
        }
      }
    },
    {
      "RequestUri": "https://https://fakeHost.api.wus2.digitaltwins.azure.net/digitaltwins/roomWithWifiTwin1154827759?api-version=2020-05-31-preview",
      "RequestMethod": "GET",
      "RequestHeaders": {
        "Authorization": "Sanitized",
        "User-Agent": [
          "azsdk-net-DigitalTwins.Core/1.0.0-dev.20200820.1",
          "(.NET Core 4.6.29130.01; Microsoft Windows 10.0.18363 )"
        ],
        "x-ms-client-request-id": "1b321d03cf1ffab0612711b9316e789d",
        "x-ms-return-client-request-id": "true"
      },
      "RequestBody": null,
      "StatusCode": 404,
      "ResponseHeaders": {
        "Content-Length": "279",
        "Content-Type": "application/json; charset=utf-8",
        "Date": "Thu, 20 Aug 2020 22:33:04 GMT",
        "Strict-Transport-Security": "max-age=2592000"
      },
      "ResponseBody": {
        "error": {
          "code": "DigitalTwinNotFound",
          "message": "There is no digital twin instance that exists with the ID roomWithWifiTwin1154827759. Please verify that the twin id is valid and ensure that the twin is not deleted. See section on querying the twins http://aka.ms/adtv2query."
        }
      }
    },
    {
      "RequestUri": "https://https://fakeHost.api.wus2.digitaltwins.azure.net/eventroutes/someEventRouteId-567112595?api-version=2020-05-31-preview",
      "RequestMethod": "PUT",
      "RequestHeaders": {
        "Authorization": "Sanitized",
        "Content-Length": "150",
        "Content-Type": "application/json",
        "User-Agent": [
          "azsdk-net-DigitalTwins.Core/1.0.0-dev.20200820.1",
          "(.NET Core 4.6.29130.01; Microsoft Windows 10.0.18363 )"
        ],
        "x-ms-client-request-id": "15ca6fc23ca0d25dd1f5ff64eccfc5b7",
        "x-ms-return-client-request-id": "true"
      },
      "RequestBody": {
        "endpointName": "someEventHubEndpoint",
        "filter": "type = \u0027Microsoft.DigitalTwins.Twin.Create\u0027 OR type = \u0027microsoft.iot.telemetry\u0027"
      },
      "StatusCode": 204,
      "ResponseHeaders": {
        "Content-Length": "0",
        "Date": "Thu, 20 Aug 2020 22:33:04 GMT",
        "Strict-Transport-Security": "max-age=2592000"
      },
      "ResponseBody": []
    },
    {
      "RequestUri": "https://https://fakeHost.api.wus2.digitaltwins.azure.net/models?api-version=2020-05-31-preview",
      "RequestMethod": "POST",
      "RequestHeaders": {
        "Accept": "application/json",
        "Authorization": "Sanitized",
        "Content-Length": "1139",
        "Content-Type": "application/json; charset=utf-8",
        "User-Agent": [
          "azsdk-net-DigitalTwins.Core/1.0.0-dev.20200820.1",
          "(.NET Core 4.6.29130.01; Microsoft Windows 10.0.18363 )"
        ],
        "x-ms-client-request-id": "49fae9a10072ed5f47678b226db1ec78",
        "x-ms-return-client-request-id": "true"
      },
      "RequestBody": "[{    \u0022@id\u0022: \u0022dtmi:example:wifiroom;11736\u0022,    \u0022@type\u0022: \u0022Interface\u0022,    \u0022displayName\u0022: \u0022RoomWithWifi\u0022,    \u0022contents\u0022: [        {            \u0022@type\u0022: \u0022Property\u0022,            \u0022name\u0022: \u0022Temperature\u0022,            \u0022schema\u0022: \u0022double\u0022        },        {            \u0022@type\u0022: \u0022Property\u0022,            \u0022name\u0022: \u0022Humidity\u0022,            \u0022schema\u0022: \u0022double\u0022        },        {            \u0022@type\u0022: \u0022Property\u0022,            \u0022name\u0022: \u0022IsOccupied\u0022,            \u0022schema\u0022: \u0022boolean\u0022        },        {            \u0022@type\u0022: \u0022Property\u0022,            \u0022name\u0022: \u0022EmployeeId\u0022,            \u0022schema\u0022: \u0022string\u0022        },        {            \u0022@type\u0022: \u0022Component\u0022,            \u0022name\u0022: \u0022wifiAccessPoint\u0022,            \u0022schema\u0022: \u0022dtmi:example:wifi;173948219\u0022        }    ],    \u0022@context\u0022: \u0022dtmi:dtdl:context;2\u0022},{    \u0022@id\u0022: \u0022dtmi:example:wifi;173948219\u0022,    \u0022@type\u0022: \u0022Interface\u0022,    \u0022@context\u0022: \u0022dtmi:dtdl:context;2\u0022,    \u0022displayName\u0022: \u0022Wifi\u0022,    \u0022contents\u0022: [        {            \u0022@type\u0022: \u0022Property\u0022,            \u0022name\u0022: \u0022RouterName\u0022,            \u0022schema\u0022: \u0022string\u0022        },        {            \u0022@type\u0022: \u0022Property\u0022,            \u0022name\u0022: \u0022Network\u0022,            \u0022schema\u0022: \u0022string\u0022        }    ]}]",
      "StatusCode": 201,
      "ResponseHeaders": {
        "Content-Length": "314",
        "Content-Type": "application/json; charset=utf-8",
        "Date": "Thu, 20 Aug 2020 22:33:05 GMT",
        "Strict-Transport-Security": "max-age=2592000"
      },
      "ResponseBody": "[{\u0022id\u0022:\u0022dtmi:example:wifiroom;11736\u0022,\u0022description\u0022:{},\u0022displayName\u0022:{\u0022en\u0022:\u0022RoomWithWifi\u0022},\u0022decommissioned\u0022:false,\u0022uploadTime\u0022:\u00222020-08-20T22:33:05.42405\u002B00:00\u0022},{\u0022id\u0022:\u0022dtmi:example:wifi;173948219\u0022,\u0022description\u0022:{},\u0022displayName\u0022:{\u0022en\u0022:\u0022Wifi\u0022},\u0022decommissioned\u0022:false,\u0022uploadTime\u0022:\u00222020-08-20T22:33:05.424218\u002B00:00\u0022}]"
    },
    {
      "RequestUri": "https://https://fakeHost.api.wus2.digitaltwins.azure.net/digitaltwins/roomWithWifiTwin1154827759?api-version=2020-05-31-preview",
      "RequestMethod": "PUT",
      "RequestHeaders": {
        "Authorization": "Sanitized",
        "Content-Length": "267",
        "Content-Type": "application/json; charset=utf-8",
        "User-Agent": [
          "azsdk-net-DigitalTwins.Core/1.0.0-dev.20200820.1",
          "(.NET Core 4.6.29130.01; Microsoft Windows 10.0.18363 )"
        ],
        "x-ms-client-request-id": "c2d5d2d4d947e063d4494edab1957457",
        "x-ms-return-client-request-id": "true"
      },
      "RequestBody": "{  \u0022$metadata\u0022: {    \u0022$model\u0022: \u0022dtmi:example:wifiroom;11736\u0022  },  \u0022Temperature\u0022: 80,  \u0022Humidity\u0022: 25,  \u0022IsOccupied\u0022: true,  \u0022EmployeeId\u0022: \u0022Employee1\u0022,  \u0022wifiAccessPoint\u0022: {        \u0022$metadata\u0022: {        },        \u0022RouterName\u0022: \u0022Cisco1\u0022,        \u0022Network\u0022: \u0022Room1\u0022    }}",
      "StatusCode": 200,
      "ResponseHeaders": {
        "Content-Length": "970",
        "Content-Type": "application/json; charset=utf-8",
        "Date": "Thu, 20 Aug 2020 22:33:05 GMT",
        "ETag": "W/\u0022b7910cd5-8adf-47cc-be0e-086382b7ca0d\u0022",
        "Strict-Transport-Security": "max-age=2592000"
      },
      "ResponseBody": {
        "$dtId": "roomWithWifiTwin1154827759",
        "$etag": "W/\u0022b7910cd5-8adf-47cc-be0e-086382b7ca0d\u0022",
        "Temperature": 80,
        "Humidity": 25,
        "IsOccupied": true,
        "EmployeeId": "Employee1",
        "wifiAccessPoint": {
          "RouterName": "Cisco1",
          "Network": "Room1",
          "$metadata": {
            "RouterName": {
              "desiredValue": "Cisco1",
              "desiredVersion": 1,
              "ackVersion": 1,
              "ackCode": 200,
              "ackDescription": "Auto-Sync"
            },
            "Network": {
              "desiredValue": "Room1",
              "desiredVersion": 1,
              "ackVersion": 1,
              "ackCode": 200,
              "ackDescription": "Auto-Sync"
            }
          }
        },
        "$metadata": {
          "$model": "dtmi:example:wifiroom;11736",
          "Temperature": {
            "desiredValue": 80,
            "desiredVersion": 1,
            "ackVersion": 1,
            "ackCode": 200,
            "ackDescription": "Auto-Sync"
          },
          "Humidity": {
            "desiredValue": 25,
            "desiredVersion": 1,
            "ackVersion": 1,
            "ackCode": 200,
            "ackDescription": "Auto-Sync"
          },
          "IsOccupied": {
            "desiredValue": true,
            "desiredVersion": 1,
            "ackVersion": 1,
            "ackCode": 200,
            "ackDescription": "Auto-Sync"
          },
          "EmployeeId": {
            "desiredValue": "Employee1",
            "desiredVersion": 1,
            "ackVersion": 1,
            "ackCode": 200,
            "ackDescription": "Auto-Sync"
          }
        }
      }
    },
    {
      "RequestUri": "https://https://fakeHost.api.wus2.digitaltwins.azure.net/digitaltwins/roomWithWifiTwin1154827759/telemetry?api-version=2020-05-31-preview",
      "RequestMethod": "POST",
      "RequestHeaders": {
        "Accept": "application/json",
        "Authorization": "Sanitized",
        "Content-Length": "17",
        "Content-Type": "application/json",
        "dt-id": "8490024c-537e-c221-10dd-ce38b13a6420",
        "dt-timestamp": "01/01/01 0:00:00 \u002B00:00",
        "User-Agent": [
          "azsdk-net-DigitalTwins.Core/1.0.0-dev.20200820.1",
          "(.NET Core 4.6.29130.01; Microsoft Windows 10.0.18363 )"
        ],
        "x-ms-client-request-id": "1a90870802fac76f85197428b1853bb1",
        "x-ms-return-client-request-id": "true"
      },
      "RequestBody": "{\u0022Telemetry1\u0022: 5}",
      "StatusCode": 204,
      "ResponseHeaders": {
        "Content-Length": "0",
        "Date": "Thu, 20 Aug 2020 22:33:05 GMT",
        "Strict-Transport-Security": "max-age=2592000"
      },
      "ResponseBody": []
    },
    {
      "RequestUri": "https://https://fakeHost.api.wus2.digitaltwins.azure.net/digitaltwins/roomWithWifiTwin1154827759/components/wifiAccessPoint/telemetry?api-version=2020-05-31-preview",
      "RequestMethod": "POST",
      "RequestHeaders": {
        "Accept": "application/json",
        "Authorization": "Sanitized",
        "Content-Length": "25",
        "Content-Type": "application/json",
        "dt-id": "6ad533f2-6821-80f9-b012-b26a0b2a2f99",
        "dt-timestamp": "01/01/01 0:00:00 \u002B00:00",
        "User-Agent": [
          "azsdk-net-DigitalTwins.Core/1.0.0-dev.20200820.1",
          "(.NET Core 4.6.29130.01; Microsoft Windows 10.0.18363 )"
        ],
        "x-ms-client-request-id": "29d12de45a05495d92c8fe64dff8108a",
        "x-ms-return-client-request-id": "true"
      },
      "RequestBody": {
        "ComponentTelemetry1": 9
      },
      "StatusCode": 204,
      "ResponseHeaders": {
        "Content-Length": "0",
        "Date": "Thu, 20 Aug 2020 22:33:05 GMT",
        "Strict-Transport-Security": "max-age=2592000"
      },
      "ResponseBody": []
    },
    {
      "RequestUri": "https://https://fakeHost.api.wus2.digitaltwins.azure.net/eventroutes/someEventRouteId-567112595?api-version=2020-05-31-preview",
      "RequestMethod": "DELETE",
      "RequestHeaders": {
        "Authorization": "Sanitized",
        "User-Agent": [
          "azsdk-net-DigitalTwins.Core/1.0.0-dev.20200820.1",
          "(.NET Core 4.6.29130.01; Microsoft Windows 10.0.18363 )"
        ],
        "x-ms-client-request-id": "7d461da1f965a0ff8d0f69e75005bc5a",
        "x-ms-return-client-request-id": "true"
      },
      "RequestBody": null,
      "StatusCode": 204,
      "ResponseHeaders": {
        "Content-Length": "0",
        "Date": "Thu, 20 Aug 2020 22:33:05 GMT",
        "Strict-Transport-Security": "max-age=2592000"
      },
      "ResponseBody": []
    },
    {
      "RequestUri": "https://https://fakeHost.api.wus2.digitaltwins.azure.net/digitaltwins/roomWithWifiTwin1154827759?api-version=2020-05-31-preview",
      "RequestMethod": "DELETE",
      "RequestHeaders": {
        "Authorization": "Sanitized",
        "User-Agent": [
          "azsdk-net-DigitalTwins.Core/1.0.0-dev.20200820.1",
          "(.NET Core 4.6.29130.01; Microsoft Windows 10.0.18363 )"
        ],
        "x-ms-client-request-id": "8343daea12b397abd68bd8586995a1b8",
        "x-ms-return-client-request-id": "true"
      },
      "RequestBody": null,
      "StatusCode": 204,
      "ResponseHeaders": {
        "Content-Length": "0",
        "Date": "Thu, 20 Aug 2020 22:33:05 GMT",
        "Strict-Transport-Security": "max-age=2592000"
      },
      "ResponseBody": []
    },
    {
      "RequestUri": "https://https://fakeHost.api.wus2.digitaltwins.azure.net/models/dtmi%3Aexample%3Awifiroom%3B11736?api-version=2020-05-31-preview",
      "RequestMethod": "DELETE",
      "RequestHeaders": {
        "Authorization": "Sanitized",
        "User-Agent": [
          "azsdk-net-DigitalTwins.Core/1.0.0-dev.20200820.1",
          "(.NET Core 4.6.29130.01; Microsoft Windows 10.0.18363 )"
        ],
        "x-ms-client-request-id": "edc82802b1e4eb342e319cf6f176f98d",
        "x-ms-return-client-request-id": "true"
      },
      "RequestBody": null,
      "StatusCode": 204,
      "ResponseHeaders": {
        "Content-Length": "0",
        "Date": "Thu, 20 Aug 2020 22:33:05 GMT",
        "Strict-Transport-Security": "max-age=2592000"
      },
      "ResponseBody": []
    },
    {
      "RequestUri": "https://https://fakeHost.api.wus2.digitaltwins.azure.net/models/dtmi%3Aexample%3Awifi%3B173948219?api-version=2020-05-31-preview",
      "RequestMethod": "DELETE",
      "RequestHeaders": {
        "Authorization": "Sanitized",
        "User-Agent": [
          "azsdk-net-DigitalTwins.Core/1.0.0-dev.20200820.1",
          "(.NET Core 4.6.29130.01; Microsoft Windows 10.0.18363 )"
        ],
        "x-ms-client-request-id": "047aa40b8db48fd671afa7d921a637f8",
        "x-ms-return-client-request-id": "true"
      },
      "RequestBody": null,
      "StatusCode": 204,
      "ResponseHeaders": {
        "Content-Length": "0",
        "Date": "Thu, 20 Aug 2020 22:33:05 GMT",
        "Strict-Transport-Security": "max-age=2592000"
      },
      "ResponseBody": []
    }
  ],
  "Variables": {
    "DIGITALTWINS_URL": "https://fakeHost.api.wus2.digitaltwins.azure.net",
    "RandomSeed": "2004480706"
  }
}