{
  "Entries": [
    {
      "RequestUri": "https://management.azure.com/subscriptions/db1ab6f0-4769-4b27-930e-01e2ef9c123c/resourceGroups/testrg-batch79/providers/Microsoft.Batch/batchAccounts/testaccount8284/applications/testApplication-5874/versions/testApplicationPackage-6311?api-version=2022-10-01",
      "RequestMethod": "GET",
      "RequestHeaders": {
        "Accept": "application/json",
        "Authorization": "Sanitized",
        "traceparent": "00-0b2bdf03424c5e41845f34814259d907-8e6ac2cc92144040-00",
        "User-Agent": "azsdk-net-ResourceManager.Batch/1.2.0-alpha.20221130.1 (.NET Framework 4.8.4515.0; Microsoft Windows 10.0.19045 )",
        "x-ms-client-request-id": "ec89c84b22482cbefbdd324a8071231c",
        "x-ms-return-client-request-id": "true"
      },
      "RequestBody": null,
      "StatusCode": 200,
      "ResponseHeaders": {
        "Cache-Control": "no-cache",
        "Content-Length": "488",
        "Content-Type": "application/json; charset=utf-8",
        "Date": "Wed, 30 Nov 2022 14:44:33 GMT",
        "ETag": "W/\u00220x8DAD2E164C72B07\u0022",
        "Expires": "-1",
        "Last-Modified": "Wed, 30 Nov 2022 14:44:32 GMT",
        "Pragma": "no-cache",
        "Server": "Microsoft-HTTPAPI/2.0",
        "Strict-Transport-Security": "max-age=31536000; includeSubDomains",
        "X-Content-Type-Options": "nosniff",
        "x-ms-correlation-request-id": "d15ae603-8446-4335-9a47-ad998f811d6d",
        "x-ms-ratelimit-remaining-subscription-reads": "11994",
        "x-ms-request-id": "8d97fc90-5268-4651-af6e-9669d534df68",
        "x-ms-routing-request-id": "SOUTHEASTASIA:20221130T144433Z:d15ae603-8446-4335-9a47-ad998f811d6d"
      },
      "ResponseBody": {
        "type": "Microsoft.Batch/batchAccounts/applications/versions",
        "id": "/subscriptions/db1ab6f0-4769-4b27-930e-01e2ef9c123c/resourceGroups/testrg-batch79/providers/Microsoft.Batch/batchAccounts/testaccount8284/applications/testApplication-5874/versions/testApplicationPackage-6311",
        "name": "testApplicationPackage-6311",
        "etag": "W/\u00220x8DAD2E164C72B07\u0022",
        "properties": {
          "storageUrl": "https://fakeaccount.blob.core.windows.net",
          "storageUrlExpiry": "2022-11-30T18:44:33.5282614Z",
          "state": "Pending"
        }
      }
    },
    {
      "RequestUri": "https://management.azure.com/subscriptions/db1ab6f0-4769-4b27-930e-01e2ef9c123c/resourceGroups/testrg-batch79/providers/Microsoft.Batch/batchAccounts/testaccount8284/applications/testApplication-5874/versions/testApplicationPackage-6311?api-version=2022-10-01",
      "RequestMethod": "GET",
      "RequestHeaders": {
        "Accept": "application/json",
        "Authorization": "Sanitized",
        "traceparent": "00-076993779c7cfa4a9abf3fb0cfc350cb-72fe0770de5d1947-00",
        "User-Agent": "azsdk-net-ResourceManager.Batch/1.2.0-alpha.20221130.1 (.NET Framework 4.8.4515.0; Microsoft Windows 10.0.19045 )",
        "x-ms-client-request-id": "280932f212eef0a24bf1ba26db6c5996",
        "x-ms-return-client-request-id": "true"
      },
      "RequestBody": null,
      "StatusCode": 200,
      "ResponseHeaders": {
        "Cache-Control": "no-cache",
        "Content-Length": "488",
        "Content-Type": "application/json; charset=utf-8",
        "Date": "Wed, 30 Nov 2022 14:44:34 GMT",
        "ETag": "W/\u00220x8DAD2E164C72B07\u0022",
        "Expires": "-1",
        "Last-Modified": "Wed, 30 Nov 2022 14:44:32 GMT",
        "Pragma": "no-cache",
        "Server": "Microsoft-HTTPAPI/2.0",
        "Strict-Transport-Security": "max-age=31536000; includeSubDomains",
        "X-Content-Type-Options": "nosniff",
        "x-ms-correlation-request-id": "2cb5d7ce-08cc-4e85-bbba-f24394be3a2b",
        "x-ms-ratelimit-remaining-subscription-reads": "11993",
        "x-ms-request-id": "5a8b3df6-73d3-4796-8c76-9d7f85aa7582",
        "x-ms-routing-request-id": "SOUTHEASTASIA:20221130T144434Z:2cb5d7ce-08cc-4e85-bbba-f24394be3a2b"
      },
      "ResponseBody": {
        "type": "Microsoft.Batch/batchAccounts/applications/versions",
        "id": "/subscriptions/db1ab6f0-4769-4b27-930e-01e2ef9c123c/resourceGroups/testrg-batch79/providers/Microsoft.Batch/batchAccounts/testaccount8284/applications/testApplication-5874/versions/testApplicationPackage-6311",
        "name": "testApplicationPackage-6311",
        "etag": "W/\u00220x8DAD2E164C72B07\u0022",
        "properties": {
          "storageUrl": "https://fakeaccount.blob.core.windows.net",
          "storageUrlExpiry": "2022-11-30T18:44:34.0565815Z",
          "state": "Pending"
        }
      }
    },
    {
      "RequestUri": "https://management.azure.com/subscriptions/db1ab6f0-4769-4b27-930e-01e2ef9c123c/resourceGroups/testrg-batch79/providers/Microsoft.Batch/batchAccounts/testaccount8284/applications/testApplication-5874/versions/testApplicationPackage-6311?api-version=2022-10-01",
      "RequestMethod": "DELETE",
      "RequestHeaders": {
        "Accept": "application/json",
        "Authorization": "Sanitized",
        "traceparent": "00-6c589a80742e83489215ea3d062dec9f-31492044d28d4340-00",
        "User-Agent": "azsdk-net-ResourceManager.Batch/1.2.0-alpha.20221130.1 (.NET Framework 4.8.4515.0; Microsoft Windows 10.0.19045 )",
        "x-ms-client-request-id": "677191f3d16729dc4f39b94b590e0ea3",
        "x-ms-return-client-request-id": "true"
      },
      "RequestBody": null,
      "StatusCode": 200,
      "ResponseHeaders": {
        "Cache-Control": "no-cache",
        "Content-Length": "0",
        "Date": "Wed, 30 Nov 2022 14:44:35 GMT",
        "Expires": "-1",
        "Pragma": "no-cache",
        "Server": "Microsoft-HTTPAPI/2.0",
        "Strict-Transport-Security": "max-age=31536000; includeSubDomains",
        "X-Content-Type-Options": "nosniff",
        "x-ms-correlation-request-id": "d4c5c841-4928-4d2d-b41c-a73b43de969f",
        "x-ms-ratelimit-remaining-subscription-deletes": "14999",
        "x-ms-request-id": "cb4db483-d94d-4fd1-98c0-cfe87c5c3bf7",
        "x-ms-routing-request-id": "SOUTHEASTASIA:20221130T144435Z:d4c5c841-4928-4d2d-b41c-a73b43de969f"
      },
      "ResponseBody": null
    }
  ],
  "Variables": {
    "AZURE_AUTHORITY_HOST": "https://login.microsoftonline.com",
    "RandomSeed": "1280346302",
    "RESOURCE_MANAGER_URL": null,
    "SUBSCRIPTION_ID": "db1ab6f0-4769-4b27-930e-01e2ef9c123c"
  }
}
