{
  "Entries": [
    {
      "RequestUri": "https://management.azure.com/subscriptions/db1ab6f0-4769-4b27-930e-01e2ef9c123c?api-version=2021-01-01",
      "RequestMethod": "GET",
      "RequestHeaders": {
        "Accept": "application/json",
        "Authorization": "Sanitized",
        "traceparent": "00-858a859c9e1ceb4aa1bee01dfa2771bf-661f9084cfa23e44-00",
        "User-Agent": "azsdk-net-ResourceManager/1.3.2 (.NET Framework 4.8.4515.0; Microsoft Windows 10.0.19045 )",
        "x-ms-client-request-id": "17c1897717d481c03a002f18ce1567a7",
        "x-ms-return-client-request-id": "true"
      },
      "RequestBody": null,
      "StatusCode": 200,
      "ResponseHeaders": {
        "Cache-Control": "no-cache",
        "Content-Length": "748",
        "Content-Type": "application/json; charset=utf-8",
        "Date": "Wed, 11 Jan 2023 08:40:43 GMT",
        "Expires": "-1",
        "Pragma": "no-cache",
        "Strict-Transport-Security": "max-age=31536000; includeSubDomains",
        "X-Content-Type-Options": "nosniff",
        "x-ms-correlation-request-id": "45d01c62-7876-46c6-8162-b1f770ac0333",
        "x-ms-ratelimit-remaining-subscription-reads": "11968",
        "x-ms-request-id": "45d01c62-7876-46c6-8162-b1f770ac0333",
        "x-ms-routing-request-id": "SOUTHEASTASIA:20230111T084043Z:45d01c62-7876-46c6-8162-b1f770ac0333"
      },
      "ResponseBody": {
        "id": "/subscriptions/db1ab6f0-4769-4b27-930e-01e2ef9c123c",
        "authorizationSource": "RoleBased",
        "managedByTenants": [],
        "tags": {
          "TagKey-9823": "TagValue-1254",
          "TagKey-3481": "TagValue-320",
          "TagKey-4926": "TagValue-1187",
          "TagKey-751": "TagValue-3921",
          "TagKey-1866": "TagValue-8559",
          "TagKey-3094": "TagValue-9190",
          "TagKey-2449": "TagValue-9",
          "TagKey-8379": "TagValue-164",
          "TagKey-7470": "TagValue-2205",
          "TagKey-4236": "TagValue-3698",
          "TagKey-5316": "TagValue-2725"
        },
        "subscriptionId": "db1ab6f0-4769-4b27-930e-01e2ef9c123c",
        "tenantId": "72f988bf-86f1-41af-91ab-2d7cd011db47",
        "displayName": ".NET Mgmt SDK Test with TTL = 1 Day",
        "state": "Enabled",
        "subscriptionPolicies": {
          "locationPlacementId": "Internal_2014-09-01",
          "quotaId": "Internal_2014-09-01",
          "spendingLimit": "Off"
        }
      }
    },
    {
      "RequestUri": "https://management.azure.com/subscriptions/db1ab6f0-4769-4b27-930e-01e2ef9c123c/resourcegroups/testservicebusRG-8521?api-version=2021-04-01",
      "RequestMethod": "PUT",
      "RequestHeaders": {
        "Accept": "application/json",
        "Authorization": "Sanitized",
        "Content-Length": "44",
        "Content-Type": "application/json",
        "traceparent": "00-5d9f9bb4f042ec4fa4d43f15130284b1-5ccdb7fb6b20bf4a-00",
        "User-Agent": "azsdk-net-ResourceManager/1.3.2 (.NET Framework 4.8.4515.0; Microsoft Windows 10.0.19045 )",
        "x-ms-client-request-id": "e72678c3360bdd5507e26c5712c3a224",
        "x-ms-return-client-request-id": "true"
      },
      "RequestBody": {
        "tags": {
          "test": "env"
        },
        "location": "eastus2"
      },
      "StatusCode": 201,
      "ResponseHeaders": {
        "Cache-Control": "no-cache",
        "Content-Length": "262",
        "Content-Type": "application/json; charset=utf-8",
        "Date": "Wed, 11 Jan 2023 08:40:44 GMT",
        "Expires": "-1",
        "Pragma": "no-cache",
        "Strict-Transport-Security": "max-age=31536000; includeSubDomains",
        "X-Content-Type-Options": "nosniff",
        "x-ms-correlation-request-id": "715b6f0d-5519-40be-8639-6eeac2c2ae6c",
        "x-ms-ratelimit-remaining-subscription-writes": "1185",
        "x-ms-request-id": "715b6f0d-5519-40be-8639-6eeac2c2ae6c",
        "x-ms-routing-request-id": "SOUTHEASTASIA:20230111T084044Z:715b6f0d-5519-40be-8639-6eeac2c2ae6c"
      },
      "ResponseBody": {
        "id": "/subscriptions/db1ab6f0-4769-4b27-930e-01e2ef9c123c/resourceGroups/testservicebusRG-8521",
        "name": "testservicebusRG-8521",
        "type": "Microsoft.Resources/resourceGroups",
        "location": "eastus2",
        "tags": {
          "test": "env"
        },
        "properties": {
          "provisioningState": "Succeeded"
        }
      }
    },
    {
      "RequestUri": "https://management.azure.com/subscriptions/db1ab6f0-4769-4b27-930e-01e2ef9c123c/providers/Microsoft.ServiceBus/CheckNameAvailability?api-version=2022-10-01-preview",
      "RequestMethod": "POST",
      "RequestHeaders": {
        "Accept": "application/json",
        "Authorization": "Sanitized",
        "Content-Length": "32",
        "Content-Type": "application/json",
        "traceparent": "00-07520ad77e6373409dd8f166fcaa1f15-0e3cf71556ed8646-00",
        "User-Agent": "azsdk-net-ResourceManager.ServiceBus/1.1.0-alpha.20230111.1 (.NET Framework 4.8.4515.0; Microsoft Windows 10.0.19045 )",
        "x-ms-client-request-id": "b41f45b96786808ab4a841e8044d6095",
        "x-ms-return-client-request-id": "true"
      },
      "RequestBody": {
        "name": "testnamespacemgmt1238"
      },
      "StatusCode": 200,
      "ResponseHeaders": {
        "Cache-Control": "no-cache",
        "Content-Length": "53",
        "Content-Type": "application/json; charset=utf-8",
        "Date": "Wed, 11 Jan 2023 08:40:44 GMT",
        "Expires": "-1",
        "Pragma": "no-cache",
        "Server": [
          "Service-Bus-Resource-Provider/SN1",
          "Microsoft-HTTPAPI/2.0"
        ],
        "Server-SB": "Service-Bus-Resource-Provider/SN1",
        "Strict-Transport-Security": "max-age=31536000; includeSubDomains",
        "X-Content-Type-Options": "nosniff",
        "x-ms-client-request-id": "b41f45b96786808ab4a841e8044d6095",
        "x-ms-correlation-request-id": "431d5096-66ef-456b-9b92-e9cd77a3e661",
        "x-ms-ratelimit-remaining-subscription-writes": "1193",
        "x-ms-request-id": "a374c716-28ee-407d-8f1b-724b1b811161_M7SN1_M7SN1",
        "x-ms-routing-request-id": "SOUTHEASTASIA:20230111T084044Z:431d5096-66ef-456b-9b92-e9cd77a3e661"
      },
      "ResponseBody": {
        "nameAvailable": true,
        "reason": "None",
        "message": null
      }
    },
    {
      "RequestUri": "https://management.azure.com/subscriptions/db1ab6f0-4769-4b27-930e-01e2ef9c123c/resourceGroups/testservicebusRG-8521/providers/Microsoft.ServiceBus/namespaces/testnamespacemgmt1238?api-version=2022-10-01-preview",
      "RequestMethod": "PUT",
      "RequestHeaders": {
        "Accept": "application/json",
        "Authorization": "Sanitized",
        "Content-Length": "90",
        "Content-Type": "application/json",
        "traceparent": "00-78e22d36e339ae468dcc7c97ccb1ecdf-d79cd2256127d940-00",
        "User-Agent": "azsdk-net-ResourceManager.ServiceBus/1.1.0-alpha.20230111.1 (.NET Framework 4.8.4515.0; Microsoft Windows 10.0.19045 )",
        "x-ms-client-request-id": "338a95846bd16c533acc345329273d8d",
        "x-ms-return-client-request-id": "true"
      },
      "RequestBody": {
        "sku": {
          "name": "Premium",
          "tier": "Premium"
        },
        "tags": {},
        "location": "eastus2",
        "properties": {}
      },
      "StatusCode": 200,
      "ResponseHeaders": {
        "Cache-Control": "no-cache",
        "Content-Length": "755",
        "Content-Type": "application/json; charset=utf-8",
        "Date": "Wed, 11 Jan 2023 08:40:54 GMT",
        "Expires": "-1",
        "Pragma": "no-cache",
        "Server": [
          "Service-Bus-Resource-Provider/CH3",
          "Microsoft-HTTPAPI/2.0"
        ],
        "Server-SB": "Service-Bus-Resource-Provider/CH3",
        "Strict-Transport-Security": "max-age=31536000; includeSubDomains",
        "X-Content-Type-Options": "nosniff",
        "x-ms-client-request-id": "338a95846bd16c533acc345329273d8d",
        "x-ms-correlation-request-id": "bd8d8774-73df-4075-b070-58a277e9d54e",
        "x-ms-ratelimit-remaining-subscription-writes": "1184",
        "x-ms-request-id": "08f2d5a1-11f5-41e8-84b3-94a370e02116_M0CH3_M0CH3",
        "x-ms-routing-request-id": "SOUTHEASTASIA:20230111T084055Z:bd8d8774-73df-4075-b070-58a277e9d54e"
      },
      "ResponseBody": {
        "sku": {
          "name": "Premium",
          "tier": "Premium",
          "capacity": 1
        },
        "id": "/subscriptions/db1ab6f0-4769-4b27-930e-01e2ef9c123c/resourceGroups/testservicebusRG-8521/providers/Microsoft.ServiceBus/namespaces/testnamespacemgmt1238",
        "name": "testnamespacemgmt1238",
        "type": "Microsoft.ServiceBus/Namespaces",
        "location": "East US 2",
        "tags": {},
        "properties": {
          "premiumMessagingPartitions": 1,
          "minimumTlsVersion": "1.2",
          "publicNetworkAccess": "Enabled",
          "disableLocalAuth": false,
          "zoneRedundant": false,
          "provisioningState": "Created",
          "metricId": "db1ab6f0-4769-4b27-930e-01e2ef9c123c:testnamespacemgmt1238",
          "createdAt": "2023-01-11T08:40:52.733Z",
          "updatedAt": "2023-01-11T08:40:52.733Z",
          "serviceBusEndpoint": "https://testnamespacemgmt1238.servicebus.windows.net:443/",
          "status": "Activating"
        }
      }
    },
    {
      "RequestUri": "https://management.azure.com/subscriptions/db1ab6f0-4769-4b27-930e-01e2ef9c123c/resourceGroups/testservicebusRG-8521/providers/Microsoft.ServiceBus/namespaces/testnamespacemgmt1238?api-version=2022-10-01-preview",
      "RequestMethod": "GET",
      "RequestHeaders": {
        "Authorization": "Sanitized",
        "traceparent": "00-78e22d36e339ae468dcc7c97ccb1ecdf-da228ff1290d6a48-00",
        "User-Agent": "azsdk-net-ResourceManager/1.3.2 (.NET Framework 4.8.4515.0; Microsoft Windows 10.0.19045 )",
        "x-ms-client-request-id": "2e8ec10cf1184d76f2b37aba3236568d",
        "x-ms-return-client-request-id": "true"
      },
      "RequestBody": null,
      "StatusCode": 200,
      "ResponseHeaders": {
        "Cache-Control": "no-cache",
        "Content-Length": "755",
        "Content-Type": "application/json; charset=utf-8",
        "Date": "Wed, 11 Jan 2023 08:40:55 GMT",
        "Expires": "-1",
        "Pragma": "no-cache",
        "Server": [
          "Service-Bus-Resource-Provider/CH3",
          "Microsoft-HTTPAPI/2.0"
        ],
        "Server-SB": "Service-Bus-Resource-Provider/CH3",
        "Strict-Transport-Security": "max-age=31536000; includeSubDomains",
        "X-Content-Type-Options": "nosniff",
        "x-ms-client-request-id": "2e8ec10cf1184d76f2b37aba3236568d",
        "x-ms-correlation-request-id": "6a653c16-add6-4c0b-b4c8-b1fdc2f12e36",
        "x-ms-ratelimit-remaining-subscription-reads": "11967",
        "x-ms-request-id": "a2a45abd-52e1-41d7-8bff-95c2cfaac286_M0CH3_M0CH3",
        "x-ms-routing-request-id": "SOUTHEASTASIA:20230111T084056Z:6a653c16-add6-4c0b-b4c8-b1fdc2f12e36"
      },
      "ResponseBody": {
        "sku": {
          "name": "Premium",
          "tier": "Premium",
          "capacity": 1
        },
        "id": "/subscriptions/db1ab6f0-4769-4b27-930e-01e2ef9c123c/resourceGroups/testservicebusRG-8521/providers/Microsoft.ServiceBus/namespaces/testnamespacemgmt1238",
        "name": "testnamespacemgmt1238",
        "type": "Microsoft.ServiceBus/Namespaces",
        "location": "East US 2",
        "tags": {},
        "properties": {
          "premiumMessagingPartitions": 1,
          "minimumTlsVersion": "1.2",
          "publicNetworkAccess": "Enabled",
          "disableLocalAuth": false,
          "zoneRedundant": false,
          "provisioningState": "Created",
          "metricId": "db1ab6f0-4769-4b27-930e-01e2ef9c123c:testnamespacemgmt1238",
          "createdAt": "2023-01-11T08:40:52.733Z",
          "updatedAt": "2023-01-11T08:40:52.733Z",
          "serviceBusEndpoint": "https://testnamespacemgmt1238.servicebus.windows.net:443/",
          "status": "Activating"
        }
      }
    },
    {
      "RequestUri": "https://management.azure.com/subscriptions/db1ab6f0-4769-4b27-930e-01e2ef9c123c/resourceGroups/testservicebusRG-8521/providers/Microsoft.ServiceBus/namespaces/testnamespacemgmt1238?api-version=2022-10-01-preview",
      "RequestMethod": "GET",
      "RequestHeaders": {
        "Authorization": "Sanitized",
        "traceparent": "00-78e22d36e339ae468dcc7c97ccb1ecdf-1d6736e942ef7543-00",
        "User-Agent": "azsdk-net-ResourceManager/1.3.2 (.NET Framework 4.8.4515.0; Microsoft Windows 10.0.19045 )",
        "x-ms-client-request-id": "7ef3b46b3ef2580d587a966a15c65745",
        "x-ms-return-client-request-id": "true"
      },
      "RequestBody": null,
      "StatusCode": 200,
      "ResponseHeaders": {
        "Cache-Control": "no-cache",
        "Content-Length": "755",
        "Content-Type": "application/json; charset=utf-8",
        "Date": "Wed, 11 Jan 2023 08:40:57 GMT",
        "Expires": "-1",
        "Pragma": "no-cache",
        "Server": [
          "Service-Bus-Resource-Provider/CH3",
          "Microsoft-HTTPAPI/2.0"
        ],
        "Server-SB": "Service-Bus-Resource-Provider/CH3",
        "Strict-Transport-Security": "max-age=31536000; includeSubDomains",
        "X-Content-Type-Options": "nosniff",
        "x-ms-client-request-id": "7ef3b46b3ef2580d587a966a15c65745",
        "x-ms-correlation-request-id": "e66aa4c4-931a-46bf-b8d5-c283384e92e1",
        "x-ms-ratelimit-remaining-subscription-reads": "11966",
        "x-ms-request-id": "bfbc2465-1c4a-499b-83b5-c554a6e4e48d_M0CH3_M0CH3",
        "x-ms-routing-request-id": "SOUTHEASTASIA:20230111T084057Z:e66aa4c4-931a-46bf-b8d5-c283384e92e1"
      },
      "ResponseBody": {
        "sku": {
          "name": "Premium",
          "tier": "Premium",
          "capacity": 1
        },
        "id": "/subscriptions/db1ab6f0-4769-4b27-930e-01e2ef9c123c/resourceGroups/testservicebusRG-8521/providers/Microsoft.ServiceBus/namespaces/testnamespacemgmt1238",
        "name": "testnamespacemgmt1238",
        "type": "Microsoft.ServiceBus/Namespaces",
        "location": "East US 2",
        "tags": {},
        "properties": {
          "premiumMessagingPartitions": 1,
          "minimumTlsVersion": "1.2",
          "publicNetworkAccess": "Enabled",
          "disableLocalAuth": false,
          "zoneRedundant": false,
          "provisioningState": "Created",
          "metricId": "db1ab6f0-4769-4b27-930e-01e2ef9c123c:testnamespacemgmt1238",
          "createdAt": "2023-01-11T08:40:52.733Z",
          "updatedAt": "2023-01-11T08:40:52.733Z",
          "serviceBusEndpoint": "https://testnamespacemgmt1238.servicebus.windows.net:443/",
          "status": "Activating"
        }
      }
    },
    {
      "RequestUri": "https://management.azure.com/subscriptions/db1ab6f0-4769-4b27-930e-01e2ef9c123c/resourceGroups/testservicebusRG-8521/providers/Microsoft.ServiceBus/namespaces/testnamespacemgmt1238?api-version=2022-10-01-preview",
      "RequestMethod": "GET",
      "RequestHeaders": {
        "Authorization": "Sanitized",
        "traceparent": "00-78e22d36e339ae468dcc7c97ccb1ecdf-f5422c119fe81546-00",
        "User-Agent": "azsdk-net-ResourceManager/1.3.2 (.NET Framework 4.8.4515.0; Microsoft Windows 10.0.19045 )",
        "x-ms-client-request-id": "6847a0c80f9903740f0e2fd5b182dd66",
        "x-ms-return-client-request-id": "true"
      },
      "RequestBody": null,
      "StatusCode": 200,
      "ResponseHeaders": {
        "Cache-Control": "no-cache",
        "Content-Length": "755",
        "Content-Type": "application/json; charset=utf-8",
        "Date": "Wed, 11 Jan 2023 08:40:58 GMT",
        "Expires": "-1",
        "Pragma": "no-cache",
        "Server": [
          "Service-Bus-Resource-Provider/CH3",
          "Microsoft-HTTPAPI/2.0"
        ],
        "Server-SB": "Service-Bus-Resource-Provider/CH3",
        "Strict-Transport-Security": "max-age=31536000; includeSubDomains",
        "X-Content-Type-Options": "nosniff",
        "x-ms-client-request-id": "6847a0c80f9903740f0e2fd5b182dd66",
        "x-ms-correlation-request-id": "78cebf73-3d75-4f1c-b266-f4badd440a05",
        "x-ms-ratelimit-remaining-subscription-reads": "11965",
        "x-ms-request-id": "7a4170c3-4b5c-4ff1-9c61-339002a070f4_M0CH3_M0CH3",
        "x-ms-routing-request-id": "SOUTHEASTASIA:20230111T084059Z:78cebf73-3d75-4f1c-b266-f4badd440a05"
      },
      "ResponseBody": {
        "sku": {
          "name": "Premium",
          "tier": "Premium",
          "capacity": 1
        },
        "id": "/subscriptions/db1ab6f0-4769-4b27-930e-01e2ef9c123c/resourceGroups/testservicebusRG-8521/providers/Microsoft.ServiceBus/namespaces/testnamespacemgmt1238",
        "name": "testnamespacemgmt1238",
        "type": "Microsoft.ServiceBus/Namespaces",
        "location": "East US 2",
        "tags": {},
        "properties": {
          "premiumMessagingPartitions": 1,
          "minimumTlsVersion": "1.2",
          "publicNetworkAccess": "Enabled",
          "disableLocalAuth": false,
          "zoneRedundant": false,
          "provisioningState": "Created",
          "metricId": "db1ab6f0-4769-4b27-930e-01e2ef9c123c:testnamespacemgmt1238",
          "createdAt": "2023-01-11T08:40:52.733Z",
          "updatedAt": "2023-01-11T08:40:52.733Z",
          "serviceBusEndpoint": "https://testnamespacemgmt1238.servicebus.windows.net:443/",
          "status": "Activating"
        }
      }
    },
    {
      "RequestUri": "https://management.azure.com/subscriptions/db1ab6f0-4769-4b27-930e-01e2ef9c123c/resourceGroups/testservicebusRG-8521/providers/Microsoft.ServiceBus/namespaces/testnamespacemgmt1238?api-version=2022-10-01-preview",
      "RequestMethod": "GET",
      "RequestHeaders": {
        "Authorization": "Sanitized",
        "traceparent": "00-78e22d36e339ae468dcc7c97ccb1ecdf-1bdfb89f0f83f24b-00",
        "User-Agent": "azsdk-net-ResourceManager/1.3.2 (.NET Framework 4.8.4515.0; Microsoft Windows 10.0.19045 )",
        "x-ms-client-request-id": "5f21c9108501cda2b435d59e5a0b382c",
        "x-ms-return-client-request-id": "true"
      },
      "RequestBody": null,
      "StatusCode": 200,
      "ResponseHeaders": {
        "Cache-Control": "no-cache",
        "Content-Length": "755",
        "Content-Type": "application/json; charset=utf-8",
        "Date": "Wed, 11 Jan 2023 08:41:00 GMT",
        "Expires": "-1",
        "Pragma": "no-cache",
        "Server": [
          "Service-Bus-Resource-Provider/CH3",
          "Microsoft-HTTPAPI/2.0"
        ],
        "Server-SB": "Service-Bus-Resource-Provider/CH3",
        "Strict-Transport-Security": "max-age=31536000; includeSubDomains",
        "X-Content-Type-Options": "nosniff",
        "x-ms-client-request-id": "5f21c9108501cda2b435d59e5a0b382c",
        "x-ms-correlation-request-id": "3e0d1084-3282-432b-a234-1b4f4616c731",
        "x-ms-ratelimit-remaining-subscription-reads": "11964",
        "x-ms-request-id": "d8e0aacb-2ec9-4bd7-9cc9-c5868f46403f_M0CH3_M0CH3",
        "x-ms-routing-request-id": "SOUTHEASTASIA:20230111T084100Z:3e0d1084-3282-432b-a234-1b4f4616c731"
      },
      "ResponseBody": {
        "sku": {
          "name": "Premium",
          "tier": "Premium",
          "capacity": 1
        },
        "id": "/subscriptions/db1ab6f0-4769-4b27-930e-01e2ef9c123c/resourceGroups/testservicebusRG-8521/providers/Microsoft.ServiceBus/namespaces/testnamespacemgmt1238",
        "name": "testnamespacemgmt1238",
        "type": "Microsoft.ServiceBus/Namespaces",
        "location": "East US 2",
        "tags": {},
        "properties": {
          "premiumMessagingPartitions": 1,
          "minimumTlsVersion": "1.2",
          "publicNetworkAccess": "Enabled",
          "disableLocalAuth": false,
          "zoneRedundant": false,
          "provisioningState": "Created",
          "metricId": "db1ab6f0-4769-4b27-930e-01e2ef9c123c:testnamespacemgmt1238",
          "createdAt": "2023-01-11T08:40:52.733Z",
          "updatedAt": "2023-01-11T08:40:52.733Z",
          "serviceBusEndpoint": "https://testnamespacemgmt1238.servicebus.windows.net:443/",
          "status": "Activating"
        }
      }
    },
    {
      "RequestUri": "https://management.azure.com/subscriptions/db1ab6f0-4769-4b27-930e-01e2ef9c123c/resourceGroups/testservicebusRG-8521/providers/Microsoft.ServiceBus/namespaces/testnamespacemgmt1238?api-version=2022-10-01-preview",
      "RequestMethod": "GET",
      "RequestHeaders": {
        "Authorization": "Sanitized",
        "traceparent": "00-78e22d36e339ae468dcc7c97ccb1ecdf-45aa265f98994042-00",
        "User-Agent": "azsdk-net-ResourceManager/1.3.2 (.NET Framework 4.8.4515.0; Microsoft Windows 10.0.19045 )",
        "x-ms-client-request-id": "92f1345beeef5bf340f06ee30f37a6d5",
        "x-ms-return-client-request-id": "true"
      },
      "RequestBody": null,
      "StatusCode": 200,
      "ResponseHeaders": {
        "Cache-Control": "no-cache",
        "Content-Length": "755",
        "Content-Type": "application/json; charset=utf-8",
        "Date": "Wed, 11 Jan 2023 08:41:02 GMT",
        "Expires": "-1",
        "Pragma": "no-cache",
        "Server": [
          "Service-Bus-Resource-Provider/CH3",
          "Microsoft-HTTPAPI/2.0"
        ],
        "Server-SB": "Service-Bus-Resource-Provider/CH3",
        "Strict-Transport-Security": "max-age=31536000; includeSubDomains",
        "X-Content-Type-Options": "nosniff",
        "x-ms-client-request-id": "92f1345beeef5bf340f06ee30f37a6d5",
        "x-ms-correlation-request-id": "033cf3e9-1747-4617-8e22-366a42874209",
        "x-ms-ratelimit-remaining-subscription-reads": "11963",
        "x-ms-request-id": "ac42e05c-88f1-4900-bee1-99fdd4231064_M0CH3_M0CH3",
        "x-ms-routing-request-id": "SOUTHEASTASIA:20230111T084103Z:033cf3e9-1747-4617-8e22-366a42874209"
      },
      "ResponseBody": {
        "sku": {
          "name": "Premium",
          "tier": "Premium",
          "capacity": 1
        },
        "id": "/subscriptions/db1ab6f0-4769-4b27-930e-01e2ef9c123c/resourceGroups/testservicebusRG-8521/providers/Microsoft.ServiceBus/namespaces/testnamespacemgmt1238",
        "name": "testnamespacemgmt1238",
        "type": "Microsoft.ServiceBus/Namespaces",
        "location": "East US 2",
        "tags": {},
        "properties": {
          "premiumMessagingPartitions": 1,
          "minimumTlsVersion": "1.2",
          "publicNetworkAccess": "Enabled",
          "disableLocalAuth": false,
          "zoneRedundant": false,
          "provisioningState": "Created",
          "metricId": "db1ab6f0-4769-4b27-930e-01e2ef9c123c:testnamespacemgmt1238",
          "createdAt": "2023-01-11T08:40:52.733Z",
          "updatedAt": "2023-01-11T08:40:52.733Z",
          "serviceBusEndpoint": "https://testnamespacemgmt1238.servicebus.windows.net:443/",
          "status": "Activating"
        }
      }
    },
    {
      "RequestUri": "https://management.azure.com/subscriptions/db1ab6f0-4769-4b27-930e-01e2ef9c123c/resourceGroups/testservicebusRG-8521/providers/Microsoft.ServiceBus/namespaces/testnamespacemgmt1238?api-version=2022-10-01-preview",
      "RequestMethod": "GET",
      "RequestHeaders": {
        "Authorization": "Sanitized",
        "traceparent": "00-78e22d36e339ae468dcc7c97ccb1ecdf-3737eda2ed74c249-00",
        "User-Agent": "azsdk-net-ResourceManager/1.3.2 (.NET Framework 4.8.4515.0; Microsoft Windows 10.0.19045 )",
        "x-ms-client-request-id": "4b5a309cf8a44344fe79b36339d6a803",
        "x-ms-return-client-request-id": "true"
      },
      "RequestBody": null,
      "StatusCode": 200,
      "ResponseHeaders": {
        "Cache-Control": "no-cache",
        "Content-Length": "755",
        "Content-Type": "application/json; charset=utf-8",
        "Date": "Wed, 11 Jan 2023 08:41:07 GMT",
        "Expires": "-1",
        "Pragma": "no-cache",
        "Server": [
          "Service-Bus-Resource-Provider/CH3",
          "Microsoft-HTTPAPI/2.0"
        ],
        "Server-SB": "Service-Bus-Resource-Provider/CH3",
        "Strict-Transport-Security": "max-age=31536000; includeSubDomains",
        "X-Content-Type-Options": "nosniff",
        "x-ms-client-request-id": "4b5a309cf8a44344fe79b36339d6a803",
        "x-ms-correlation-request-id": "e4daa70d-22e4-4534-ace9-fa9b686e7c7e",
        "x-ms-ratelimit-remaining-subscription-reads": "11962",
        "x-ms-request-id": "65ad70fd-2fb1-4a2d-9364-bde5530dfc96_M0CH3_M0CH3",
        "x-ms-routing-request-id": "SOUTHEASTASIA:20230111T084108Z:e4daa70d-22e4-4534-ace9-fa9b686e7c7e"
      },
      "ResponseBody": {
        "sku": {
          "name": "Premium",
          "tier": "Premium",
          "capacity": 1
        },
        "id": "/subscriptions/db1ab6f0-4769-4b27-930e-01e2ef9c123c/resourceGroups/testservicebusRG-8521/providers/Microsoft.ServiceBus/namespaces/testnamespacemgmt1238",
        "name": "testnamespacemgmt1238",
        "type": "Microsoft.ServiceBus/Namespaces",
        "location": "East US 2",
        "tags": {},
        "properties": {
          "premiumMessagingPartitions": 1,
          "minimumTlsVersion": "1.2",
          "publicNetworkAccess": "Enabled",
          "disableLocalAuth": false,
          "zoneRedundant": false,
          "provisioningState": "Created",
          "metricId": "db1ab6f0-4769-4b27-930e-01e2ef9c123c:testnamespacemgmt1238",
          "createdAt": "2023-01-11T08:40:52.733Z",
          "updatedAt": "2023-01-11T08:40:52.733Z",
          "serviceBusEndpoint": "https://testnamespacemgmt1238.servicebus.windows.net:443/",
          "status": "Activating"
        }
      }
    },
    {
      "RequestUri": "https://management.azure.com/subscriptions/db1ab6f0-4769-4b27-930e-01e2ef9c123c/resourceGroups/testservicebusRG-8521/providers/Microsoft.ServiceBus/namespaces/testnamespacemgmt1238?api-version=2022-10-01-preview",
      "RequestMethod": "GET",
      "RequestHeaders": {
        "Authorization": "Sanitized",
        "traceparent": "00-78e22d36e339ae468dcc7c97ccb1ecdf-cca00c170dbc674a-00",
        "User-Agent": "azsdk-net-ResourceManager/1.3.2 (.NET Framework 4.8.4515.0; Microsoft Windows 10.0.19045 )",
        "x-ms-client-request-id": "7c7a02d64b902276d5c61f1016bebd7c",
        "x-ms-return-client-request-id": "true"
      },
      "RequestBody": null,
      "StatusCode": 200,
      "ResponseHeaders": {
        "Cache-Control": "no-cache",
        "Content-Length": "755",
        "Content-Type": "application/json; charset=utf-8",
        "Date": "Wed, 11 Jan 2023 08:41:15 GMT",
        "Expires": "-1",
        "Pragma": "no-cache",
        "Server": [
          "Service-Bus-Resource-Provider/CH3",
          "Microsoft-HTTPAPI/2.0"
        ],
        "Server-SB": "Service-Bus-Resource-Provider/CH3",
        "Strict-Transport-Security": "max-age=31536000; includeSubDomains",
        "X-Content-Type-Options": "nosniff",
        "x-ms-client-request-id": "7c7a02d64b902276d5c61f1016bebd7c",
        "x-ms-correlation-request-id": "316d4a85-ca84-403f-a987-f03b6d3a7a8a",
        "x-ms-ratelimit-remaining-subscription-reads": "11961",
        "x-ms-request-id": "568183ad-de11-48a6-8886-aff0668d1166_M0CH3_M0CH3",
        "x-ms-routing-request-id": "SOUTHEASTASIA:20230111T084116Z:316d4a85-ca84-403f-a987-f03b6d3a7a8a"
      },
      "ResponseBody": {
        "sku": {
          "name": "Premium",
          "tier": "Premium",
          "capacity": 1
        },
        "id": "/subscriptions/db1ab6f0-4769-4b27-930e-01e2ef9c123c/resourceGroups/testservicebusRG-8521/providers/Microsoft.ServiceBus/namespaces/testnamespacemgmt1238",
        "name": "testnamespacemgmt1238",
        "type": "Microsoft.ServiceBus/Namespaces",
        "location": "East US 2",
        "tags": {},
        "properties": {
          "premiumMessagingPartitions": 1,
          "minimumTlsVersion": "1.2",
          "publicNetworkAccess": "Enabled",
          "disableLocalAuth": false,
          "zoneRedundant": false,
          "provisioningState": "Created",
          "metricId": "db1ab6f0-4769-4b27-930e-01e2ef9c123c:testnamespacemgmt1238",
          "createdAt": "2023-01-11T08:40:52.733Z",
          "updatedAt": "2023-01-11T08:40:52.733Z",
          "serviceBusEndpoint": "https://testnamespacemgmt1238.servicebus.windows.net:443/",
          "status": "Activating"
        }
      }
    },
    {
      "RequestUri": "https://management.azure.com/subscriptions/db1ab6f0-4769-4b27-930e-01e2ef9c123c/resourceGroups/testservicebusRG-8521/providers/Microsoft.ServiceBus/namespaces/testnamespacemgmt1238?api-version=2022-10-01-preview",
      "RequestMethod": "GET",
      "RequestHeaders": {
        "Authorization": "Sanitized",
        "traceparent": "00-78e22d36e339ae468dcc7c97ccb1ecdf-fac723b39fcdbc40-00",
        "User-Agent": "azsdk-net-ResourceManager/1.3.2 (.NET Framework 4.8.4515.0; Microsoft Windows 10.0.19045 )",
        "x-ms-client-request-id": "2901008eecb16287f0ae94753a8f2269",
        "x-ms-return-client-request-id": "true"
      },
      "RequestBody": null,
      "StatusCode": 200,
      "ResponseHeaders": {
        "Cache-Control": "no-cache",
        "Content-Length": "755",
        "Content-Type": "application/json; charset=utf-8",
        "Date": "Wed, 11 Jan 2023 08:41:33 GMT",
        "Expires": "-1",
        "Pragma": "no-cache",
        "Server": [
          "Service-Bus-Resource-Provider/CH3",
          "Microsoft-HTTPAPI/2.0"
        ],
        "Server-SB": "Service-Bus-Resource-Provider/CH3",
        "Strict-Transport-Security": "max-age=31536000; includeSubDomains",
        "X-Content-Type-Options": "nosniff",
        "x-ms-client-request-id": "2901008eecb16287f0ae94753a8f2269",
        "x-ms-correlation-request-id": "85c46f27-4a73-450a-92e1-5a15e04755bb",
        "x-ms-ratelimit-remaining-subscription-reads": "11960",
        "x-ms-request-id": "7bbcc344-fd6d-4881-b362-c9bc0a6c9f83_M0CH3_M0CH3",
        "x-ms-routing-request-id": "SOUTHEASTASIA:20230111T084133Z:85c46f27-4a73-450a-92e1-5a15e04755bb"
      },
      "ResponseBody": {
        "sku": {
          "name": "Premium",
          "tier": "Premium",
          "capacity": 1
        },
        "id": "/subscriptions/db1ab6f0-4769-4b27-930e-01e2ef9c123c/resourceGroups/testservicebusRG-8521/providers/Microsoft.ServiceBus/namespaces/testnamespacemgmt1238",
        "name": "testnamespacemgmt1238",
        "type": "Microsoft.ServiceBus/Namespaces",
        "location": "East US 2",
        "tags": {},
        "properties": {
          "premiumMessagingPartitions": 1,
          "minimumTlsVersion": "1.2",
          "publicNetworkAccess": "Enabled",
          "disableLocalAuth": false,
          "zoneRedundant": false,
          "provisioningState": "Created",
          "metricId": "db1ab6f0-4769-4b27-930e-01e2ef9c123c:testnamespacemgmt1238",
          "createdAt": "2023-01-11T08:40:52.733Z",
          "updatedAt": "2023-01-11T08:40:52.733Z",
          "serviceBusEndpoint": "https://testnamespacemgmt1238.servicebus.windows.net:443/",
          "status": "Activating"
        }
      }
    },
    {
      "RequestUri": "https://management.azure.com/subscriptions/db1ab6f0-4769-4b27-930e-01e2ef9c123c/resourceGroups/testservicebusRG-8521/providers/Microsoft.ServiceBus/namespaces/testnamespacemgmt1238?api-version=2022-10-01-preview",
      "RequestMethod": "GET",
      "RequestHeaders": {
        "Authorization": "Sanitized",
        "traceparent": "00-78e22d36e339ae468dcc7c97ccb1ecdf-7d5223d217dc7343-00",
        "User-Agent": "azsdk-net-ResourceManager/1.3.2 (.NET Framework 4.8.4515.0; Microsoft Windows 10.0.19045 )",
        "x-ms-client-request-id": "0c0d6b4829bd5145b93876ded9342c3f",
        "x-ms-return-client-request-id": "true"
      },
      "RequestBody": null,
      "StatusCode": 200,
      "ResponseHeaders": {
        "Cache-Control": "no-cache",
        "Content-Length": "755",
        "Content-Type": "application/json; charset=utf-8",
        "Date": "Wed, 11 Jan 2023 08:42:05 GMT",
        "Expires": "-1",
        "Pragma": "no-cache",
        "Server": [
          "Service-Bus-Resource-Provider/CH3",
          "Microsoft-HTTPAPI/2.0"
        ],
        "Server-SB": "Service-Bus-Resource-Provider/CH3",
        "Strict-Transport-Security": "max-age=31536000; includeSubDomains",
        "X-Content-Type-Options": "nosniff",
        "x-ms-client-request-id": "0c0d6b4829bd5145b93876ded9342c3f",
        "x-ms-correlation-request-id": "8baac7c4-fca7-4d29-b3e6-f5e0a8b0fc99",
        "x-ms-ratelimit-remaining-subscription-reads": "11959",
        "x-ms-request-id": "ba286f9e-7747-408d-bd31-474073b7836a_M0CH3_M0CH3",
        "x-ms-routing-request-id": "SOUTHEASTASIA:20230111T084205Z:8baac7c4-fca7-4d29-b3e6-f5e0a8b0fc99"
      },
      "ResponseBody": {
        "sku": {
          "name": "Premium",
          "tier": "Premium",
          "capacity": 1
        },
        "id": "/subscriptions/db1ab6f0-4769-4b27-930e-01e2ef9c123c/resourceGroups/testservicebusRG-8521/providers/Microsoft.ServiceBus/namespaces/testnamespacemgmt1238",
        "name": "testnamespacemgmt1238",
        "type": "Microsoft.ServiceBus/Namespaces",
        "location": "East US 2",
        "tags": {},
        "properties": {
          "premiumMessagingPartitions": 1,
          "minimumTlsVersion": "1.2",
          "publicNetworkAccess": "Enabled",
          "disableLocalAuth": false,
          "zoneRedundant": false,
          "provisioningState": "Created",
          "metricId": "db1ab6f0-4769-4b27-930e-01e2ef9c123c:testnamespacemgmt1238",
          "createdAt": "2023-01-11T08:40:52.733Z",
          "updatedAt": "2023-01-11T08:40:52.733Z",
          "serviceBusEndpoint": "https://testnamespacemgmt1238.servicebus.windows.net:443/",
          "status": "Activating"
        }
      }
    },
    {
      "RequestUri": "https://management.azure.com/subscriptions/db1ab6f0-4769-4b27-930e-01e2ef9c123c/resourceGroups/testservicebusRG-8521/providers/Microsoft.ServiceBus/namespaces/testnamespacemgmt1238?api-version=2022-10-01-preview",
      "RequestMethod": "GET",
      "RequestHeaders": {
        "Authorization": "Sanitized",
        "traceparent": "00-78e22d36e339ae468dcc7c97ccb1ecdf-bfbe23d0cc1e1940-00",
        "User-Agent": "azsdk-net-ResourceManager/1.3.2 (.NET Framework 4.8.4515.0; Microsoft Windows 10.0.19045 )",
        "x-ms-client-request-id": "39d536bc7ed4e9517a178ce2b701e746",
        "x-ms-return-client-request-id": "true"
      },
      "RequestBody": null,
      "StatusCode": 200,
      "ResponseHeaders": {
        "Cache-Control": "no-cache",
        "Content-Length": "755",
        "Content-Type": "application/json; charset=utf-8",
        "Date": "Wed, 11 Jan 2023 08:42:38 GMT",
        "Expires": "-1",
        "Pragma": "no-cache",
        "Server": [
          "Service-Bus-Resource-Provider/CH3",
          "Microsoft-HTTPAPI/2.0"
        ],
        "Server-SB": "Service-Bus-Resource-Provider/CH3",
        "Strict-Transport-Security": "max-age=31536000; includeSubDomains",
        "X-Content-Type-Options": "nosniff",
        "x-ms-client-request-id": "39d536bc7ed4e9517a178ce2b701e746",
        "x-ms-correlation-request-id": "3f210e67-2a70-42d4-855d-46fd7c18a65d",
        "x-ms-ratelimit-remaining-subscription-reads": "11958",
        "x-ms-request-id": "e7089d49-0ad1-40af-8cf1-735c1bfdbb38_M0CH3_M0CH3",
        "x-ms-routing-request-id": "SOUTHEASTASIA:20230111T084238Z:3f210e67-2a70-42d4-855d-46fd7c18a65d"
      },
      "ResponseBody": {
        "sku": {
          "name": "Premium",
          "tier": "Premium",
          "capacity": 1
        },
        "id": "/subscriptions/db1ab6f0-4769-4b27-930e-01e2ef9c123c/resourceGroups/testservicebusRG-8521/providers/Microsoft.ServiceBus/namespaces/testnamespacemgmt1238",
        "name": "testnamespacemgmt1238",
        "type": "Microsoft.ServiceBus/Namespaces",
        "location": "East US 2",
        "tags": {},
        "properties": {
          "premiumMessagingPartitions": 1,
          "minimumTlsVersion": "1.2",
          "publicNetworkAccess": "Enabled",
          "disableLocalAuth": false,
          "zoneRedundant": false,
          "provisioningState": "Created",
          "metricId": "db1ab6f0-4769-4b27-930e-01e2ef9c123c:testnamespacemgmt1238",
          "createdAt": "2023-01-11T08:40:52.733Z",
          "updatedAt": "2023-01-11T08:40:52.733Z",
          "serviceBusEndpoint": "https://testnamespacemgmt1238.servicebus.windows.net:443/",
          "status": "Activating"
        }
      }
    },
    {
      "RequestUri": "https://management.azure.com/subscriptions/db1ab6f0-4769-4b27-930e-01e2ef9c123c/resourceGroups/testservicebusRG-8521/providers/Microsoft.ServiceBus/namespaces/testnamespacemgmt1238?api-version=2022-10-01-preview",
      "RequestMethod": "GET",
      "RequestHeaders": {
        "Authorization": "Sanitized",
        "traceparent": "00-78e22d36e339ae468dcc7c97ccb1ecdf-cc2f1b23bf9ac544-00",
        "User-Agent": "azsdk-net-ResourceManager/1.3.2 (.NET Framework 4.8.4515.0; Microsoft Windows 10.0.19045 )",
        "x-ms-client-request-id": "abc8b5a3b0b064bfbab0707976a989bc",
        "x-ms-return-client-request-id": "true"
      },
      "RequestBody": null,
      "StatusCode": 200,
      "ResponseHeaders": {
        "Cache-Control": "no-cache",
        "Content-Length": "752",
        "Content-Type": "application/json; charset=utf-8",
        "Date": "Wed, 11 Jan 2023 08:43:11 GMT",
        "Expires": "-1",
        "Pragma": "no-cache",
        "Server": [
          "Service-Bus-Resource-Provider/CH3",
          "Microsoft-HTTPAPI/2.0"
        ],
        "Server-SB": "Service-Bus-Resource-Provider/CH3",
        "Strict-Transport-Security": "max-age=31536000; includeSubDomains",
        "X-Content-Type-Options": "nosniff",
        "x-ms-client-request-id": "abc8b5a3b0b064bfbab0707976a989bc",
        "x-ms-correlation-request-id": "bd431f9a-4127-492d-adf0-14921193ec40",
        "x-ms-ratelimit-remaining-subscription-reads": "11957",
        "x-ms-request-id": "8bac241e-597d-4c7b-b99d-34366c911087_M0CH3_M0CH3",
        "x-ms-routing-request-id": "SOUTHEASTASIA:20230111T084311Z:bd431f9a-4127-492d-adf0-14921193ec40"
      },
      "ResponseBody": {
        "sku": {
          "name": "Premium",
          "tier": "Premium",
          "capacity": 1
        },
        "id": "/subscriptions/db1ab6f0-4769-4b27-930e-01e2ef9c123c/resourceGroups/testservicebusRG-8521/providers/Microsoft.ServiceBus/namespaces/testnamespacemgmt1238",
        "name": "testnamespacemgmt1238",
        "type": "Microsoft.ServiceBus/Namespaces",
        "location": "East US 2",
        "tags": {},
        "properties": {
          "premiumMessagingPartitions": 1,
          "minimumTlsVersion": "1.2",
          "publicNetworkAccess": "Enabled",
          "disableLocalAuth": false,
          "zoneRedundant": false,
          "provisioningState": "Succeeded",
          "metricId": "db1ab6f0-4769-4b27-930e-01e2ef9c123c:testnamespacemgmt1238",
          "createdAt": "2023-01-11T08:40:52.733Z",
          "updatedAt": "2023-01-11T08:43:05.59Z",
          "serviceBusEndpoint": "https://testnamespacemgmt1238.servicebus.windows.net:443/",
          "status": "Active"
        }
      }
    },
    {
      "RequestUri": "https://management.azure.com/subscriptions/db1ab6f0-4769-4b27-930e-01e2ef9c123c/resourceGroups/testservicebusRG-8521/providers/Microsoft.ServiceBus/namespaces/testnamespacemgmt1238/topics/topic6038?api-version=2022-10-01-preview",
      "RequestMethod": "PUT",
      "RequestHeaders": {
        "Accept": "application/json",
        "Authorization": "Sanitized",
        "Content-Length": "17",
        "Content-Type": "application/json",
        "traceparent": "00-20e4c0b205d86d4fa0ed55ce8fe14960-f6706b5469821e4e-00",
        "User-Agent": "azsdk-net-ResourceManager.ServiceBus/1.1.0-alpha.20230111.1 (.NET Framework 4.8.4515.0; Microsoft Windows 10.0.19045 )",
        "x-ms-client-request-id": "ba03b95495e819c92492a59d639ab750",
        "x-ms-return-client-request-id": "true"
      },
      "RequestBody": {
        "properties": {}
      },
      "StatusCode": 200,
      "ResponseHeaders": {
        "Cache-Control": "no-cache",
        "Content-Length": "949",
        "Content-Type": "application/json; charset=utf-8",
        "Date": "Wed, 11 Jan 2023 08:43:15 GMT",
        "Expires": "-1",
        "Pragma": "no-cache",
        "Server": "Microsoft-HTTPAPI/2.0",
        "Strict-Transport-Security": "max-age=31536000; includeSubDomains",
        "X-Content-Type-Options": "nosniff",
        "x-ms-correlation-request-id": "d9a0d6ce-b4bc-499f-9f9a-57432b2443b8",
        "x-ms-ratelimit-remaining-subscription-writes": "1183",
        "x-ms-request-id": "d9a0d6ce-b4bc-499f-9f9a-57432b2443b8",
        "x-ms-routing-request-id": "SOUTHEASTASIA:20230111T084315Z:d9a0d6ce-b4bc-499f-9f9a-57432b2443b8"
      },
      "ResponseBody": {
        "id": "/subscriptions/db1ab6f0-4769-4b27-930e-01e2ef9c123c/resourceGroups/testservicebusRG-8521/providers/Microsoft.ServiceBus/namespaces/testnamespacemgmt1238/topics/topic6038",
        "name": "topic6038",
        "type": "Microsoft.ServiceBus/namespaces/topics",
        "location": "eastus2",
        "properties": {
          "maxMessageSizeInKilobytes": 1024,
          "defaultMessageTimeToLive": "P10675199DT2H48M5.4775807S",
          "maxSizeInMegabytes": 1024,
          "requiresDuplicateDetection": false,
          "duplicateDetectionHistoryTimeWindow": "PT10M",
          "enableBatchedOperations": true,
          "sizeInBytes": 0,
          "status": "Active",
          "supportOrdering": true,
          "autoDeleteOnIdle": "P10675199DT2H48M5.4775807S",
          "enablePartitioning": false,
          "enableExpress": false,
          "createdAt": "2023-01-11T08:43:14.313Z",
          "updatedAt": "2023-01-11T08:43:14.98Z",
          "accessedAt": "0001-01-01T00:00:00",
          "subscriptionCount": 0,
          "countDetails": {
            "activeMessageCount": 0,
            "deadLetterMessageCount": 0,
            "scheduledMessageCount": 0,
            "transferMessageCount": 0,
            "transferDeadLetterMessageCount": 0
          }
        }
      }
    },
    {
      "RequestUri": "https://management.azure.com/subscriptions/db1ab6f0-4769-4b27-930e-01e2ef9c123c/resourceGroups/testservicebusRG-8521/providers/Microsoft.ServiceBus/namespaces/testnamespacemgmt1238/topics/topic6038/authorizationRules/authorizationrule8227?api-version=2022-10-01-preview",
      "RequestMethod": "PUT",
      "RequestHeaders": {
        "Accept": "application/json",
        "Authorization": "Sanitized",
        "Content-Length": "43",
        "Content-Type": "application/json",
        "traceparent": "00-57db81685516e0418e128ae94bd35483-8fc7fa6406d8df47-00",
        "User-Agent": "azsdk-net-ResourceManager.ServiceBus/1.1.0-alpha.20230111.1 (.NET Framework 4.8.4515.0; Microsoft Windows 10.0.19045 )",
        "x-ms-client-request-id": "816c233a0b8f70777e230ed873d18dd0",
        "x-ms-return-client-request-id": "true"
      },
      "RequestBody": {
        "properties": {
          "rights": [
            "Listen",
            "Send"
          ]
        }
      },
      "StatusCode": 200,
      "ResponseHeaders": {
        "Cache-Control": "no-cache",
        "Content-Length": "359",
        "Content-Type": "application/json; charset=utf-8",
        "Date": "Wed, 11 Jan 2023 08:43:16 GMT",
        "Expires": "-1",
        "Pragma": "no-cache",
        "Server": "Microsoft-HTTPAPI/2.0",
        "Strict-Transport-Security": "max-age=31536000; includeSubDomains",
        "X-Content-Type-Options": "nosniff",
        "x-ms-correlation-request-id": "03b23317-f695-4601-8cde-86c171000179",
        "x-ms-ratelimit-remaining-subscription-writes": "1182",
        "x-ms-request-id": "03b23317-f695-4601-8cde-86c171000179",
        "x-ms-routing-request-id": "SOUTHEASTASIA:20230111T084316Z:03b23317-f695-4601-8cde-86c171000179"
      },
      "ResponseBody": {
        "id": "/subscriptions/db1ab6f0-4769-4b27-930e-01e2ef9c123c/resourceGroups/testservicebusRG-8521/providers/Microsoft.ServiceBus/namespaces/testnamespacemgmt1238/topics/topic6038/authorizationRules/authorizationrule8227",
        "name": "authorizationrule8227",
        "type": "Microsoft.ServiceBus/namespaces/topics/authorizationrules",
        "properties": {
          "rights": [
            "Listen",
            "Send"
          ]
        }
      }
    },
    {
      "RequestUri": "https://management.azure.com/subscriptions/db1ab6f0-4769-4b27-930e-01e2ef9c123c/resourceGroups/testservicebusRG-8521/providers/Microsoft.ServiceBus/namespaces/testnamespacemgmt1238/topics/topic6038/authorizationRules/authorizationrule8227?api-version=2022-10-01-preview",
      "RequestMethod": "GET",
      "RequestHeaders": {
        "Accept": "application/json",
        "Authorization": "Sanitized",
        "traceparent": "00-eb48969870aefc4086109408eabf42f8-3ed8050461461141-00",
        "User-Agent": "azsdk-net-ResourceManager.ServiceBus/1.1.0-alpha.20230111.1 (.NET Framework 4.8.4515.0; Microsoft Windows 10.0.19045 )",
        "x-ms-client-request-id": "e3486260ba8bfe20918c1e19c75716b8",
        "x-ms-return-client-request-id": "true"
      },
      "RequestBody": null,
      "StatusCode": 200,
      "ResponseHeaders": {
        "Cache-Control": "no-cache",
        "Content-Length": "380",
        "Content-Type": "application/json; charset=utf-8",
        "Date": "Wed, 11 Jan 2023 08:43:16 GMT",
        "Expires": "-1",
        "Pragma": "no-cache",
        "Server": "Microsoft-HTTPAPI/2.0",
        "Strict-Transport-Security": "max-age=31536000; includeSubDomains",
        "X-Content-Type-Options": "nosniff",
        "x-ms-correlation-request-id": "9f9b2a97-a827-4e6a-a923-f152be0e08c7",
        "x-ms-ratelimit-remaining-subscription-reads": "11956",
        "x-ms-request-id": "9f9b2a97-a827-4e6a-a923-f152be0e08c7",
        "x-ms-routing-request-id": "SOUTHEASTASIA:20230111T084317Z:9f9b2a97-a827-4e6a-a923-f152be0e08c7"
      },
      "ResponseBody": {
        "id": "/subscriptions/db1ab6f0-4769-4b27-930e-01e2ef9c123c/resourcegroups/testservicebusRG-8521/providers/Microsoft.ServiceBus/namespaces/testnamespacemgmt1238/topics/topic6038/authorizationrules/authorizationrule8227",
        "name": "authorizationrule8227",
        "type": "Microsoft.ServiceBus/namespaces/topics/authorizationrules",
        "location": "eastus2",
        "properties": {
          "rights": [
            "Listen",
            "Send"
          ]
        }
      }
    },
    {
      "RequestUri": "https://management.azure.com/subscriptions/db1ab6f0-4769-4b27-930e-01e2ef9c123c/resourceGroups/testservicebusRG-8521/providers/Microsoft.ServiceBus/namespaces/testnamespacemgmt1238/topics/topic6038/authorizationRules?api-version=2022-10-01-preview",
      "RequestMethod": "GET",
      "RequestHeaders": {
        "Accept": "application/json",
        "Authorization": "Sanitized",
        "traceparent": "00-5bd293d8502f8e41aaaf39e5637953dd-bbdaf1a9a365fd44-00",
        "User-Agent": "azsdk-net-ResourceManager.ServiceBus/1.1.0-alpha.20230111.1 (.NET Framework 4.8.4515.0; Microsoft Windows 10.0.19045 )",
        "x-ms-client-request-id": "666e4628ff4fadc58c4a6a71bb40b0c1",
        "x-ms-return-client-request-id": "true"
      },
      "RequestBody": null,
      "StatusCode": 200,
      "ResponseHeaders": {
        "Cache-Control": "no-cache",
        "Content-Length": "392",
        "Content-Type": "application/json; charset=utf-8",
        "Date": "Wed, 11 Jan 2023 08:43:17 GMT",
        "Expires": "-1",
        "Pragma": "no-cache",
        "Server": "Microsoft-HTTPAPI/2.0",
        "Strict-Transport-Security": "max-age=31536000; includeSubDomains",
        "X-Content-Type-Options": "nosniff",
        "x-ms-correlation-request-id": "f49d1f26-4db1-41dc-9736-68596f01631d",
        "x-ms-ratelimit-remaining-subscription-reads": "11955",
        "x-ms-request-id": "f49d1f26-4db1-41dc-9736-68596f01631d",
        "x-ms-routing-request-id": "SOUTHEASTASIA:20230111T084317Z:f49d1f26-4db1-41dc-9736-68596f01631d"
      },
      "ResponseBody": {
        "value": [
          {
            "id": "/subscriptions/db1ab6f0-4769-4b27-930e-01e2ef9c123c/resourcegroups/testservicebusRG-8521/providers/Microsoft.ServiceBus/namespaces/testnamespacemgmt1238/topics/topic6038/authorizationrules/authorizationrule8227",
            "name": "authorizationrule8227",
            "type": "Microsoft.ServiceBus/namespaces/topics/authorizationrules",
            "location": "eastus2",
            "properties": {
              "rights": [
                "Listen",
                "Send"
              ]
            }
          }
        ]
      }
    },
    {
      "RequestUri": "https://management.azure.com/subscriptions/db1ab6f0-4769-4b27-930e-01e2ef9c123c/resourceGroups/testservicebusRG-8521/providers/Microsoft.ServiceBus/namespaces/testnamespacemgmt1238/topics/topic6038/authorizationRules/authorizationrule8227?api-version=2022-10-01-preview",
      "RequestMethod": "PUT",
      "RequestHeaders": {
        "Accept": "application/json",
        "Authorization": "Sanitized",
        "Content-Length": "52",
        "Content-Type": "application/json",
        "traceparent": "00-6039d3e015c1ee4c8cd8e4c8e82d0c20-87a4800d0a37f64e-00",
        "User-Agent": "azsdk-net-ResourceManager.ServiceBus/1.1.0-alpha.20230111.1 (.NET Framework 4.8.4515.0; Microsoft Windows 10.0.19045 )",
        "x-ms-client-request-id": "3702cc186d6f7fa4036def02ec5da826",
        "x-ms-return-client-request-id": "true"
      },
      "RequestBody": {
        "properties": {
          "rights": [
            "Listen",
            "Send",
            "Manage"
          ]
        }
      },
      "StatusCode": 200,
      "ResponseHeaders": {
        "Cache-Control": "no-cache",
        "Content-Length": "368",
        "Content-Type": "application/json; charset=utf-8",
        "Date": "Wed, 11 Jan 2023 08:43:18 GMT",
        "Expires": "-1",
        "Pragma": "no-cache",
        "Server": "Microsoft-HTTPAPI/2.0",
        "Strict-Transport-Security": "max-age=31536000; includeSubDomains",
        "X-Content-Type-Options": "nosniff",
        "x-ms-correlation-request-id": "2a6916a6-1f1b-497a-8753-f25d4374e690",
        "x-ms-ratelimit-remaining-subscription-writes": "1181",
        "x-ms-request-id": "2a6916a6-1f1b-497a-8753-f25d4374e690",
        "x-ms-routing-request-id": "SOUTHEASTASIA:20230111T084318Z:2a6916a6-1f1b-497a-8753-f25d4374e690"
      },
      "ResponseBody": {
        "id": "/subscriptions/db1ab6f0-4769-4b27-930e-01e2ef9c123c/resourceGroups/testservicebusRG-8521/providers/Microsoft.ServiceBus/namespaces/testnamespacemgmt1238/topics/topic6038/authorizationRules/authorizationrule8227",
        "name": "authorizationrule8227",
        "type": "Microsoft.ServiceBus/namespaces/topics/authorizationrules",
        "properties": {
          "rights": [
            "Listen",
            "Send",
            "Manage"
          ]
        }
      }
    },
    {
      "RequestUri": "https://management.azure.com/subscriptions/db1ab6f0-4769-4b27-930e-01e2ef9c123c/resourceGroups/testservicebusRG-8521/providers/Microsoft.ServiceBus/namespaces/testnamespacemgmt1238/topics/topic6038/authorizationRules/authorizationrule8227?api-version=2022-10-01-preview",
      "RequestMethod": "DELETE",
      "RequestHeaders": {
        "Accept": "application/json",
        "Authorization": "Sanitized",
        "traceparent": "00-86df85a6d6ebfa45a0c0b3e644c71ecf-53ad0a52d6a81048-00",
        "User-Agent": "azsdk-net-ResourceManager.ServiceBus/1.1.0-alpha.20230111.1 (.NET Framework 4.8.4515.0; Microsoft Windows 10.0.19045 )",
        "x-ms-client-request-id": "2db0550d276260809d9a564150ae4350",
        "x-ms-return-client-request-id": "true"
      },
      "RequestBody": null,
      "StatusCode": 200,
      "ResponseHeaders": {
        "Cache-Control": "no-cache",
        "Content-Length": "0",
        "Date": "Wed, 11 Jan 2023 08:43:19 GMT",
        "Expires": "-1",
        "Pragma": "no-cache",
        "Server": "Microsoft-HTTPAPI/2.0",
        "Strict-Transport-Security": "max-age=31536000; includeSubDomains",
        "X-Content-Type-Options": "nosniff",
        "x-ms-correlation-request-id": "929daae2-59c6-445c-927c-661ba041914c",
        "x-ms-ratelimit-remaining-subscription-deletes": "14998",
        "x-ms-request-id": "929daae2-59c6-445c-927c-661ba041914c",
        "x-ms-routing-request-id": "SOUTHEASTASIA:20230111T084319Z:929daae2-59c6-445c-927c-661ba041914c"
      },
      "ResponseBody": null
    },
    {
      "RequestUri": "https://management.azure.com/subscriptions/db1ab6f0-4769-4b27-930e-01e2ef9c123c/resourceGroups/testservicebusRG-8521/providers/Microsoft.ServiceBus/namespaces/testnamespacemgmt1238/topics/topic6038/authorizationRules/authorizationrule8227?api-version=2022-10-01-preview",
      "RequestMethod": "GET",
      "RequestHeaders": {
        "Accept": "application/json",
        "Authorization": "Sanitized",
        "traceparent": "00-4b27ee58a9848e4e8327af01f5c4bc11-cf63fa59792f6646-00",
        "User-Agent": "azsdk-net-ResourceManager.ServiceBus/1.1.0-alpha.20230111.1 (.NET Framework 4.8.4515.0; Microsoft Windows 10.0.19045 )",
        "x-ms-client-request-id": "fa015ddbde55ba49a2ee63e20fc2c12e",
        "x-ms-return-client-request-id": "true"
      },
      "RequestBody": null,
      "StatusCode": 404,
      "ResponseHeaders": {
        "Cache-Control": "no-cache",
        "Content-Length": "87",
        "Content-Type": "application/json",
        "Date": "Wed, 11 Jan 2023 08:43:19 GMT",
        "Expires": "-1",
        "Pragma": "no-cache",
        "Server": "Microsoft-HTTPAPI/2.0",
        "Strict-Transport-Security": "max-age=31536000; includeSubDomains",
        "X-Content-Type-Options": "nosniff",
        "x-ms-correlation-request-id": "fd25eb5b-c3fe-473a-8bc9-b1661f2b9fc6",
        "x-ms-ratelimit-remaining-subscription-reads": "11954",
        "x-ms-request-id": "fd25eb5b-c3fe-473a-8bc9-b1661f2b9fc6",
        "x-ms-routing-request-id": "SOUTHEASTASIA:20230111T084320Z:fd25eb5b-c3fe-473a-8bc9-b1661f2b9fc6"
      },
      "ResponseBody": {
        "error": {
          "code": "AuthorizationRuleNotFound",
          "message": "Authorization rule not found"
        }
      }
    },
    {
      "RequestUri": "https://management.azure.com/subscriptions/db1ab6f0-4769-4b27-930e-01e2ef9c123c/resourceGroups/testservicebusRG-8521/providers/Microsoft.ServiceBus/namespaces/testnamespacemgmt1238/topics/topic6038/authorizationRules?api-version=2022-10-01-preview",
      "RequestMethod": "GET",
      "RequestHeaders": {
        "Accept": "application/json",
        "Authorization": "Sanitized",
        "traceparent": "00-4b3bad45e42e344d9edd5697c5de49f8-f37edef7116dff4b-00",
        "User-Agent": "azsdk-net-ResourceManager.ServiceBus/1.1.0-alpha.20230111.1 (.NET Framework 4.8.4515.0; Microsoft Windows 10.0.19045 )",
        "x-ms-client-request-id": "656443a18390f05e4ba299d416622f54",
        "x-ms-return-client-request-id": "true"
      },
      "RequestBody": null,
      "StatusCode": 200,
      "ResponseHeaders": {
        "Cache-Control": "no-cache",
        "Content-Length": "12",
        "Content-Type": "application/json; charset=utf-8",
        "Date": "Wed, 11 Jan 2023 08:43:20 GMT",
        "Expires": "-1",
        "Pragma": "no-cache",
        "Server": "Microsoft-HTTPAPI/2.0",
        "Strict-Transport-Security": "max-age=31536000; includeSubDomains",
        "X-Content-Type-Options": "nosniff",
        "x-ms-correlation-request-id": "470190a3-60fc-44e9-b1e5-9f5d1b50ef4f",
        "x-ms-ratelimit-remaining-subscription-reads": "11953",
        "x-ms-request-id": "470190a3-60fc-44e9-b1e5-9f5d1b50ef4f",
        "x-ms-routing-request-id": "SOUTHEASTASIA:20230111T084320Z:470190a3-60fc-44e9-b1e5-9f5d1b50ef4f"
      },
      "ResponseBody": {
        "value": []
      }
    }
  ],
  "Variables": {
    "AZURE_AUTHORITY_HOST": "https://login.microsoftonline.com",
    "RandomSeed": "1958964408",
    "RESOURCE_MANAGER_URL": null,
    "SUBSCRIPTION_ID": "db1ab6f0-4769-4b27-930e-01e2ef9c123c"
  }
}
