{
  "Entries": [
    {
      "RequestUri": "https://management.azure.com/subscriptions/23587e98-b6ac-4328-a753-03bcd3c8e744/resourceGroups/dbaccount-5932/providers/Microsoft.DocumentDB/databaseAccounts/dbaccount-7661?api-version=2022-11-15-preview",
      "RequestMethod": "GET",
      "RequestHeaders": {
        "Accept": "application/json",
        "Authorization": "Sanitized",
        "traceparent": "00-8a641c2ac332dab33e9fe9bbcecddd5c-6840da7c1639e437-00",
        "User-Agent": "azsdk-net-ResourceManager.CosmosDB/1.3.0-alpha.20230410.1 (.NET 7.0.4; Microsoft Windows 10.0.22621)",
        "x-ms-client-request-id": "1e49b12dd19ab5354f552c3c278024f5",
        "x-ms-return-client-request-id": "true"
      },
      "RequestBody": null,
      "StatusCode": 200,
      "ResponseHeaders": {
        "Cache-Control": "no-store, no-cache",
        "Content-Length": "2926",
        "Content-Type": "application/json",
        "Date": "Wed, 12 Apr 2023 10:29:45 GMT",
        "Pragma": "no-cache",
        "Server": "Microsoft-HTTPAPI/2.0",
        "Strict-Transport-Security": "max-age=31536000; includeSubDomains",
        "X-Content-Type-Options": "nosniff",
        "x-ms-correlation-request-id": "d0ed6192-9da7-41f7-8538-d08a94caeff7",
        "x-ms-gatewayversion": "version=2.14.0",
        "x-ms-ratelimit-remaining-subscription-reads": "11613",
        "x-ms-request-id": "d0ed6192-9da7-41f7-8538-d08a94caeff7",
        "x-ms-routing-request-id": "WESTUS:20230412T102946Z:d0ed6192-9da7-41f7-8538-d08a94caeff7"
      },
      "ResponseBody": {
        "id": "/subscriptions/23587e98-b6ac-4328-a753-03bcd3c8e744/resourceGroups/dbaccount-5932/providers/Microsoft.DocumentDB/databaseAccounts/dbaccount-7661",
        "name": "dbaccount-7661",
        "location": "West US 2",
        "type": "Microsoft.DocumentDB/databaseAccounts",
        "kind": "MongoDB",
        "tags": {
          "key1": "value1",
          "key2": "value2"
        },
        "systemData": {
          "createdAt": "2023-04-12T10:27:56.9531592Z"
        },
        "properties": {
          "provisioningState": "Succeeded",
          "documentEndpoint": "https://dbaccount-7661.documents.azure.com:443/",
          "sqlEndpoint": "https://dbaccount-7661.documents.azure.com:443/",
          "mongoEndpoint": "https://dbaccount-7661.mongo.cosmos.azure.com:443/",
          "publicNetworkAccess": "Enabled",
          "enableAutomaticFailover": false,
          "enableMultipleWriteLocations": false,
          "enablePartitionKeyMonitor": false,
          "isVirtualNetworkFilterEnabled": true,
          "virtualNetworkRules": [],
          "EnabledApiTypes": "MongoDB",
          "disableKeyBasedMetadataWriteAccess": false,
          "enableFreeTier": false,
          "enableAnalyticalStorage": false,
          "analyticalStorageConfiguration": {
            "schemaType": "FullFidelity"
          },
          "instanceId": "3b7d7f8d-1a00-42ca-8e61-eada1b51da99",
          "createMode": "Default",
          "databaseAccountOfferType": "Standard",
          "enableMaterializedViews": false,
          "defaultIdentity": "FirstPartyIdentity",
          "networkAclBypass": "None",
          "disableLocalAuth": false,
          "enablePartitionMerge": false,
          "enableBurstCapacity": false,
          "minimalTlsVersion": "Tls12",
          "consistencyPolicy": {
            "defaultConsistencyLevel": "BoundedStaleness",
            "maxIntervalInSeconds": 1000,
            "maxStalenessPrefix": 300
          },
          "apiProperties": {
            "serverVersion": "3.6"
          },
          "configurationOverrides": {
            "EnableBsonSchema": "True"
          },
          "writeLocations": [
            {
              "id": "dbaccount-7661-westus",
              "locationName": "West US",
              "documentEndpoint": "https://dbaccount-7661-westus.documents.azure.com:443/",
              "provisioningState": "Succeeded",
              "failoverPriority": 0,
              "isZoneRedundant": false
            }
          ],
          "readLocations": [
            {
              "id": "dbaccount-7661-westus",
              "locationName": "West US",
              "documentEndpoint": "https://dbaccount-7661-westus.documents.azure.com:443/",
              "provisioningState": "Succeeded",
              "failoverPriority": 0,
              "isZoneRedundant": false
            }
          ],
          "locations": [
            {
              "id": "dbaccount-7661-westus",
              "locationName": "West US",
              "documentEndpoint": "https://dbaccount-7661-westus.documents.azure.com:443/",
              "provisioningState": "Succeeded",
              "failoverPriority": 0,
              "isZoneRedundant": false
            }
          ],
          "failoverPolicies": [
            {
              "id": "dbaccount-7661-westus",
              "locationName": "West US",
              "failoverPriority": 0
            }
          ],
          "cors": [],
          "capabilities": [
            {
              "name": "EnableMongo"
            }
          ],
          "ipRules": [
            {
              "ipAddressOrRange": "23.43.230.120"
            }
          ],
          "backupPolicy": {
            "type": "Continuous",
            "continuousModeProperties": {
              "tier": "Continuous30Days"
            }
          },
          "networkAclBypassResourceIds": [],
          "diagnosticLogSettings": {
            "enableFullTextQuery": "None"
          },
          "keysMetadata": {
            "primaryMasterKey": {
              "generationTime": "2023-04-12T10:27:56.9531592Z"
            },
            "secondaryMasterKey": {
              "generationTime": "2023-04-12T10:27:56.9531592Z"
            },
            "primaryReadonlyMasterKey": {
              "generationTime": "2023-04-12T10:27:56.9531592Z"
            },
            "secondaryReadonlyMasterKey": {
              "generationTime": "2023-04-12T10:27:56.9531592Z"
            }
          }
        },
        "identity": {
          "type": "None"
        }
      }
    },
    {
      "RequestUri": "https://management.azure.com/subscriptions/23587e98-b6ac-4328-a753-03bcd3c8e744/resourceGroups/dbaccount-5932/providers/Microsoft.DocumentDB/databaseAccounts/dbaccount-7661/mongodbDatabases/mongodb-2588?api-version=2022-11-15-preview",
      "RequestMethod": "PUT",
      "RequestHeaders": {
        "Accept": "application/json",
        "Authorization": "Sanitized",
        "Content-Length": "108",
        "Content-Type": "application/json",
        "traceparent": "00-b1f7b37141853c370221e68492691173-ed1fbd902b6edaed-00",
        "User-Agent": "azsdk-net-ResourceManager.CosmosDB/1.3.0-alpha.20230410.1 (.NET 7.0.4; Microsoft Windows 10.0.22621)",
        "x-ms-client-request-id": "051641da3fe3126002dcabc337a22960",
        "x-ms-return-client-request-id": "true"
      },
      "RequestBody": {
        "tags": {},
        "location": "westus",
        "properties": {
          "resource": {
            "id": "mongodb-2588"
          },
          "options": {
            "throughput": 700
          }
        }
      },
      "StatusCode": 202,
      "ResponseHeaders": {
        "Azure-AsyncOperation": "https://management.azure.com/subscriptions/23587e98-b6ac-4328-a753-03bcd3c8e744/providers/Microsoft.DocumentDB/locations/westus2/operationsStatus/00c040ca-eb58-4774-8446-987968f3324a?api-version=2022-11-15-preview",
        "Cache-Control": "no-store, no-cache",
        "Content-Length": "21",
        "Content-Type": "application/json",
        "Date": "Wed, 12 Apr 2023 10:29:46 GMT",
        "Location": "https://management.azure.com/subscriptions/23587e98-b6ac-4328-a753-03bcd3c8e744/resourceGroups/dbaccount-5932/providers/Microsoft.DocumentDB/databaseAccounts/dbaccount-7661/mongodbDatabases/mongodb-2588/operationResults/00c040ca-eb58-4774-8446-987968f3324a?api-version=2022-11-15-preview",
        "Pragma": "no-cache",
        "Server": "Microsoft-HTTPAPI/2.0",
        "Strict-Transport-Security": "max-age=31536000; includeSubDomains",
        "X-Content-Type-Options": "nosniff",
        "x-ms-correlation-request-id": "63659061-9131-41e7-baf0-bb7c364e6f47",
        "x-ms-gatewayversion": "version=2.14.0",
        "x-ms-ratelimit-remaining-subscription-writes": "1167",
        "x-ms-request-id": "00c040ca-eb58-4774-8446-987968f3324a",
        "x-ms-routing-request-id": "WESTUS:20230412T102947Z:63659061-9131-41e7-baf0-bb7c364e6f47"
      },
      "ResponseBody": {
        "status": "Enqueued"
      }
    },
    {
      "RequestUri": "https://management.azure.com/subscriptions/23587e98-b6ac-4328-a753-03bcd3c8e744/providers/Microsoft.DocumentDB/locations/westus2/operationsStatus/00c040ca-eb58-4774-8446-987968f3324a?api-version=2022-11-15-preview",
      "RequestMethod": "GET",
      "RequestHeaders": {
        "Authorization": "Sanitized",
        "traceparent": "00-b1f7b37141853c370221e68492691173-fba943e618d92453-00",
        "User-Agent": "azsdk-net-ResourceManager/1.4.0 (.NET 7.0.4; Microsoft Windows 10.0.22621)",
        "x-ms-client-request-id": "d2552fa6157c714ae90c97f48af117b2",
        "x-ms-return-client-request-id": "true"
      },
      "RequestBody": null,
      "StatusCode": 200,
      "ResponseHeaders": {
        "Cache-Control": "no-store, no-cache",
        "Content-Length": "21",
        "Content-Type": "application/json",
        "Date": "Wed, 12 Apr 2023 10:29:46 GMT",
        "Pragma": "no-cache",
        "Server": "Microsoft-HTTPAPI/2.0",
        "Strict-Transport-Security": "max-age=31536000; includeSubDomains",
        "X-Content-Type-Options": "nosniff",
        "x-ms-correlation-request-id": "c1aca1f9-a659-46d5-87d6-1fbe0226df30",
        "x-ms-gatewayversion": "version=2.14.0",
        "x-ms-ratelimit-remaining-subscription-reads": "11612",
        "x-ms-request-id": "c1aca1f9-a659-46d5-87d6-1fbe0226df30",
        "x-ms-routing-request-id": "WESTUS:20230412T102947Z:c1aca1f9-a659-46d5-87d6-1fbe0226df30"
      },
      "ResponseBody": {
        "status": "Enqueued"
      }
    },
    {
      "RequestUri": "https://management.azure.com/subscriptions/23587e98-b6ac-4328-a753-03bcd3c8e744/providers/Microsoft.DocumentDB/locations/westus2/operationsStatus/00c040ca-eb58-4774-8446-987968f3324a?api-version=2022-11-15-preview",
      "RequestMethod": "GET",
      "RequestHeaders": {
        "Authorization": "Sanitized",
        "traceparent": "00-b1f7b37141853c370221e68492691173-8f2f204c80f5bacc-00",
        "User-Agent": "azsdk-net-ResourceManager/1.4.0 (.NET 7.0.4; Microsoft Windows 10.0.22621)",
        "x-ms-client-request-id": "7d60dc030167a68fe7afb1a8290dd938",
        "x-ms-return-client-request-id": "true"
      },
      "RequestBody": null,
      "StatusCode": 200,
      "ResponseHeaders": {
        "Cache-Control": "no-store, no-cache",
        "Content-Length": "21",
        "Content-Type": "application/json",
        "Date": "Wed, 12 Apr 2023 10:29:47 GMT",
        "Pragma": "no-cache",
        "Server": "Microsoft-HTTPAPI/2.0",
        "Strict-Transport-Security": "max-age=31536000; includeSubDomains",
        "X-Content-Type-Options": "nosniff",
        "x-ms-correlation-request-id": "b4cc1597-6739-450b-93e5-e379a85fdabd",
        "x-ms-gatewayversion": "version=2.14.0",
        "x-ms-ratelimit-remaining-subscription-reads": "11611",
        "x-ms-request-id": "b4cc1597-6739-450b-93e5-e379a85fdabd",
        "x-ms-routing-request-id": "WESTUS:20230412T102948Z:b4cc1597-6739-450b-93e5-e379a85fdabd"
      },
      "ResponseBody": {
        "status": "Enqueued"
      }
    },
    {
      "RequestUri": "https://management.azure.com/subscriptions/23587e98-b6ac-4328-a753-03bcd3c8e744/providers/Microsoft.DocumentDB/locations/westus2/operationsStatus/00c040ca-eb58-4774-8446-987968f3324a?api-version=2022-11-15-preview",
      "RequestMethod": "GET",
      "RequestHeaders": {
        "Authorization": "Sanitized",
        "traceparent": "00-b1f7b37141853c370221e68492691173-1cddba759935074d-00",
        "User-Agent": "azsdk-net-ResourceManager/1.4.0 (.NET 7.0.4; Microsoft Windows 10.0.22621)",
        "x-ms-client-request-id": "071da087564db1e3b94b0a7a9c64dd62",
        "x-ms-return-client-request-id": "true"
      },
      "RequestBody": null,
      "StatusCode": 200,
      "ResponseHeaders": {
        "Cache-Control": "no-store, no-cache",
        "Content-Length": "21",
        "Content-Type": "application/json",
        "Date": "Wed, 12 Apr 2023 10:29:48 GMT",
        "Pragma": "no-cache",
        "Server": "Microsoft-HTTPAPI/2.0",
        "Strict-Transport-Security": "max-age=31536000; includeSubDomains",
        "X-Content-Type-Options": "nosniff",
        "x-ms-correlation-request-id": "01454968-c5d2-45db-bc56-e439c509af17",
        "x-ms-gatewayversion": "version=2.14.0",
        "x-ms-ratelimit-remaining-subscription-reads": "11610",
        "x-ms-request-id": "01454968-c5d2-45db-bc56-e439c509af17",
        "x-ms-routing-request-id": "WESTUS:20230412T102949Z:01454968-c5d2-45db-bc56-e439c509af17"
      },
      "ResponseBody": {
        "status": "Enqueued"
      }
    },
    {
      "RequestUri": "https://management.azure.com/subscriptions/23587e98-b6ac-4328-a753-03bcd3c8e744/providers/Microsoft.DocumentDB/locations/westus2/operationsStatus/00c040ca-eb58-4774-8446-987968f3324a?api-version=2022-11-15-preview",
      "RequestMethod": "GET",
      "RequestHeaders": {
        "Authorization": "Sanitized",
        "traceparent": "00-b1f7b37141853c370221e68492691173-ed2d9fab414fcbd1-00",
        "User-Agent": "azsdk-net-ResourceManager/1.4.0 (.NET 7.0.4; Microsoft Windows 10.0.22621)",
        "x-ms-client-request-id": "5c4f6322d769a4a4a0aeeacd63a147dc",
        "x-ms-return-client-request-id": "true"
      },
      "RequestBody": null,
      "StatusCode": 200,
      "ResponseHeaders": {
        "Cache-Control": "no-store, no-cache",
        "Content-Length": "21",
        "Content-Type": "application/json",
        "Date": "Wed, 12 Apr 2023 10:29:49 GMT",
        "Pragma": "no-cache",
        "Server": "Microsoft-HTTPAPI/2.0",
        "Strict-Transport-Security": "max-age=31536000; includeSubDomains",
        "X-Content-Type-Options": "nosniff",
        "x-ms-correlation-request-id": "1fea7e25-f0be-425d-b26f-a97c6c0c7600",
        "x-ms-gatewayversion": "version=2.14.0",
        "x-ms-ratelimit-remaining-subscription-reads": "11609",
        "x-ms-request-id": "1fea7e25-f0be-425d-b26f-a97c6c0c7600",
        "x-ms-routing-request-id": "WESTUS:20230412T102950Z:1fea7e25-f0be-425d-b26f-a97c6c0c7600"
      },
      "ResponseBody": {
        "status": "Enqueued"
      }
    },
    {
      "RequestUri": "https://management.azure.com/subscriptions/23587e98-b6ac-4328-a753-03bcd3c8e744/providers/Microsoft.DocumentDB/locations/westus2/operationsStatus/00c040ca-eb58-4774-8446-987968f3324a?api-version=2022-11-15-preview",
      "RequestMethod": "GET",
      "RequestHeaders": {
        "Authorization": "Sanitized",
        "traceparent": "00-b1f7b37141853c370221e68492691173-84984d3a30b2cbf5-00",
        "User-Agent": "azsdk-net-ResourceManager/1.4.0 (.NET 7.0.4; Microsoft Windows 10.0.22621)",
        "x-ms-client-request-id": "ea6d5e320fd4ac65f8aec41bf6140a83",
        "x-ms-return-client-request-id": "true"
      },
      "RequestBody": null,
      "StatusCode": 200,
      "ResponseHeaders": {
        "Cache-Control": "no-store, no-cache",
        "Content-Length": "21",
        "Content-Type": "application/json",
        "Date": "Wed, 12 Apr 2023 10:29:51 GMT",
        "Pragma": "no-cache",
        "Server": "Microsoft-HTTPAPI/2.0",
        "Strict-Transport-Security": "max-age=31536000; includeSubDomains",
        "X-Content-Type-Options": "nosniff",
        "x-ms-correlation-request-id": "b3d2316b-9e3a-4359-a1bc-776401f785e2",
        "x-ms-gatewayversion": "version=2.14.0",
        "x-ms-ratelimit-remaining-subscription-reads": "11608",
        "x-ms-request-id": "b3d2316b-9e3a-4359-a1bc-776401f785e2",
        "x-ms-routing-request-id": "WESTUS:20230412T102952Z:b3d2316b-9e3a-4359-a1bc-776401f785e2"
      },
      "ResponseBody": {
        "status": "Dequeued"
      }
    },
    {
      "RequestUri": "https://management.azure.com/subscriptions/23587e98-b6ac-4328-a753-03bcd3c8e744/providers/Microsoft.DocumentDB/locations/westus2/operationsStatus/00c040ca-eb58-4774-8446-987968f3324a?api-version=2022-11-15-preview",
      "RequestMethod": "GET",
      "RequestHeaders": {
        "Authorization": "Sanitized",
        "traceparent": "00-b1f7b37141853c370221e68492691173-793374097b1415d9-00",
        "User-Agent": "azsdk-net-ResourceManager/1.4.0 (.NET 7.0.4; Microsoft Windows 10.0.22621)",
        "x-ms-client-request-id": "c6854fd27dbeb0cffb78679e6c164e17",
        "x-ms-return-client-request-id": "true"
      },
      "RequestBody": null,
      "StatusCode": 200,
      "ResponseHeaders": {
        "Cache-Control": "no-store, no-cache",
        "Content-Length": "22",
        "Content-Type": "application/json",
        "Date": "Wed, 12 Apr 2023 10:29:55 GMT",
        "Pragma": "no-cache",
        "Server": "Microsoft-HTTPAPI/2.0",
        "Strict-Transport-Security": "max-age=31536000; includeSubDomains",
        "X-Content-Type-Options": "nosniff",
        "x-ms-correlation-request-id": "fddcaa47-651c-4332-98b8-1891611b90c6",
        "x-ms-gatewayversion": "version=2.14.0",
        "x-ms-ratelimit-remaining-subscription-reads": "11607",
        "x-ms-request-id": "fddcaa47-651c-4332-98b8-1891611b90c6",
        "x-ms-routing-request-id": "WESTUS:20230412T102956Z:fddcaa47-651c-4332-98b8-1891611b90c6"
      },
      "ResponseBody": {
        "status": "Succeeded"
      }
    },
    {
      "RequestUri": "https://management.azure.com/subscriptions/23587e98-b6ac-4328-a753-03bcd3c8e744/resourceGroups/dbaccount-5932/providers/Microsoft.DocumentDB/databaseAccounts/dbaccount-7661/mongodbDatabases/mongodb-2588?api-version=2022-11-15-preview",
      "RequestMethod": "GET",
      "RequestHeaders": {
        "Authorization": "Sanitized",
        "traceparent": "00-b1f7b37141853c370221e68492691173-1c09e87d2995ebe9-00",
        "User-Agent": "azsdk-net-ResourceManager/1.4.0 (.NET 7.0.4; Microsoft Windows 10.0.22621)",
        "x-ms-client-request-id": "3d482e04f3f7128dfda263ba1288ad8b",
        "x-ms-return-client-request-id": "true"
      },
      "RequestBody": null,
      "StatusCode": 200,
      "ResponseHeaders": {
        "Cache-Control": "no-store, no-cache",
        "Content-Length": "317",
        "Content-Type": "application/json",
        "Date": "Wed, 12 Apr 2023 10:29:56 GMT",
        "Pragma": "no-cache",
        "Server": "Microsoft-HTTPAPI/2.0",
        "Strict-Transport-Security": "max-age=31536000; includeSubDomains",
        "X-Content-Type-Options": "nosniff",
        "x-ms-correlation-request-id": "c56fb431-408f-4eba-997b-c216d87770a3",
        "x-ms-gatewayversion": "version=2.14.0",
        "x-ms-ratelimit-remaining-subscription-reads": "11606",
        "x-ms-request-id": "c56fb431-408f-4eba-997b-c216d87770a3",
        "x-ms-routing-request-id": "WESTUS:20230412T102957Z:c56fb431-408f-4eba-997b-c216d87770a3"
      },
      "ResponseBody": {
        "id": "/subscriptions/23587e98-b6ac-4328-a753-03bcd3c8e744/resourceGroups/dbaccount-5932/providers/Microsoft.DocumentDB/databaseAccounts/dbaccount-7661/mongodbDatabases/mongodb-2588",
        "type": "Microsoft.DocumentDB/databaseAccounts/mongodbDatabases",
        "name": "mongodb-2588",
        "properties": {
          "resource": {
            "id": "mongodb-2588"
          }
        }
      }
    },
    {
      "RequestUri": "https://management.azure.com/subscriptions/23587e98-b6ac-4328-a753-03bcd3c8e744/resourceGroups/dbaccount-5932/providers/Microsoft.DocumentDB/databaseAccounts/dbaccount-7661/mongodbDatabases/mongodb-2588/throughputSettings/default?api-version=2022-11-15-preview",
      "RequestMethod": "GET",
      "RequestHeaders": {
        "Accept": "application/json",
        "Authorization": "Sanitized",
        "traceparent": "00-1d24aa5cea98327ada3fd45b91fba13f-670ed50b300ae0a2-00",
        "User-Agent": "azsdk-net-ResourceManager.CosmosDB/1.3.0-alpha.20230410.1 (.NET 7.0.4; Microsoft Windows 10.0.22621)",
        "x-ms-client-request-id": "13fb67a4801bb51d8fbdee5ba8c640e2",
        "x-ms-return-client-request-id": "true"
      },
      "RequestBody": null,
      "StatusCode": 200,
      "ResponseHeaders": {
        "Cache-Control": "no-store, no-cache",
        "Content-Length": "378",
        "Content-Type": "application/json",
        "Date": "Wed, 12 Apr 2023 10:29:56 GMT",
        "Pragma": "no-cache",
        "Server": "Microsoft-HTTPAPI/2.0",
        "Strict-Transport-Security": "max-age=31536000; includeSubDomains",
        "X-Content-Type-Options": "nosniff",
        "x-ms-correlation-request-id": "3a7894dd-1a1c-48f2-a206-3642465651ee",
        "x-ms-gatewayversion": "version=2.14.0",
        "x-ms-ratelimit-remaining-subscription-reads": "11605",
        "x-ms-request-id": "3a7894dd-1a1c-48f2-a206-3642465651ee",
        "x-ms-routing-request-id": "WESTUS:20230412T102957Z:3a7894dd-1a1c-48f2-a206-3642465651ee"
      },
      "ResponseBody": {
        "id": "/subscriptions/23587e98-b6ac-4328-a753-03bcd3c8e744/resourceGroups/dbaccount-5932/providers/Microsoft.DocumentDB/databaseAccounts/dbaccount-7661/mongodbDatabases/mongodb-2588/throughputSettings/default",
        "type": "Microsoft.DocumentDB/databaseAccounts/mongodbDatabases/throughputSettings",
        "name": "QggO",
        "properties": {
          "resource": {
            "throughput": 700,
            "minimumThroughput": "400"
          }
        }
      }
    },
    {
      "RequestUri": "https://management.azure.com/subscriptions/23587e98-b6ac-4328-a753-03bcd3c8e744/resourceGroups/dbaccount-5932/providers/Microsoft.DocumentDB/databaseAccounts/dbaccount-7661/mongodbDatabases/mongodb-2588/throughputSettings/default?api-version=2022-11-15-preview",
      "RequestMethod": "PUT",
      "RequestHeaders": {
        "Accept": "application/json",
        "Authorization": "Sanitized",
        "Content-Length": "77",
        "Content-Type": "application/json",
        "traceparent": "00-31a9aca2fca0492396452020535a10d2-b543599f3eabd008-00",
        "User-Agent": "azsdk-net-ResourceManager.CosmosDB/1.3.0-alpha.20230410.1 (.NET 7.0.4; Microsoft Windows 10.0.22621)",
        "x-ms-client-request-id": "c817ad60cdccdf8bc173c81b1a149d73",
        "x-ms-return-client-request-id": "true"
      },
      "RequestBody": {
        "tags": {},
        "location": "westus",
        "properties": {
          "resource": {
            "throughput": 1000
          }
        }
      },
      "StatusCode": 202,
      "ResponseHeaders": {
        "Azure-AsyncOperation": "https://management.azure.com/subscriptions/23587e98-b6ac-4328-a753-03bcd3c8e744/providers/Microsoft.DocumentDB/locations/westus2/operationsStatus/76109dea-2faf-4ec2-8140-90357ece404f?api-version=2022-11-15-preview",
        "Cache-Control": "no-store, no-cache",
        "Content-Length": "21",
        "Content-Type": "application/json",
        "Date": "Wed, 12 Apr 2023 10:29:57 GMT",
        "Location": "https://management.azure.com/subscriptions/23587e98-b6ac-4328-a753-03bcd3c8e744/resourceGroups/dbaccount-5932/providers/Microsoft.DocumentDB/databaseAccounts/dbaccount-7661/mongodbDatabases/mongodb-2588/throughputSettings/default/operationResults/76109dea-2faf-4ec2-8140-90357ece404f?api-version=2022-11-15-preview",
        "Pragma": "no-cache",
        "Server": "Microsoft-HTTPAPI/2.0",
        "Strict-Transport-Security": "max-age=31536000; includeSubDomains",
        "X-Content-Type-Options": "nosniff",
        "x-ms-correlation-request-id": "27c43f1d-396f-4b6a-95de-f7c266cc8103",
        "x-ms-gatewayversion": "version=2.14.0",
        "x-ms-ratelimit-remaining-subscription-writes": "1166",
        "x-ms-request-id": "76109dea-2faf-4ec2-8140-90357ece404f",
        "x-ms-routing-request-id": "WESTUS:20230412T102958Z:27c43f1d-396f-4b6a-95de-f7c266cc8103"
      },
      "ResponseBody": {
        "status": "Enqueued"
      }
    },
    {
      "RequestUri": "https://management.azure.com/subscriptions/23587e98-b6ac-4328-a753-03bcd3c8e744/providers/Microsoft.DocumentDB/locations/westus2/operationsStatus/76109dea-2faf-4ec2-8140-90357ece404f?api-version=2022-11-15-preview",
      "RequestMethod": "GET",
      "RequestHeaders": {
        "Authorization": "Sanitized",
        "traceparent": "00-31a9aca2fca0492396452020535a10d2-49157b08b842fe4f-00",
        "User-Agent": "azsdk-net-ResourceManager/1.4.0 (.NET 7.0.4; Microsoft Windows 10.0.22621)",
        "x-ms-client-request-id": "65598062e570d7bfdb1c51a8b7019a7a",
        "x-ms-return-client-request-id": "true"
      },
      "RequestBody": null,
      "StatusCode": 200,
      "ResponseHeaders": {
        "Cache-Control": "no-store, no-cache",
        "Content-Length": "21",
        "Content-Type": "application/json",
        "Date": "Wed, 12 Apr 2023 10:29:57 GMT",
        "Pragma": "no-cache",
        "Server": "Microsoft-HTTPAPI/2.0",
        "Strict-Transport-Security": "max-age=31536000; includeSubDomains",
        "X-Content-Type-Options": "nosniff",
        "x-ms-correlation-request-id": "ba1598c2-3d91-4410-9026-38b6d28068de",
        "x-ms-gatewayversion": "version=2.14.0",
        "x-ms-ratelimit-remaining-subscription-reads": "11604",
        "x-ms-request-id": "ba1598c2-3d91-4410-9026-38b6d28068de",
        "x-ms-routing-request-id": "WESTUS:20230412T102958Z:ba1598c2-3d91-4410-9026-38b6d28068de"
      },
      "ResponseBody": {
        "status": "Enqueued"
      }
    },
    {
      "RequestUri": "https://management.azure.com/subscriptions/23587e98-b6ac-4328-a753-03bcd3c8e744/providers/Microsoft.DocumentDB/locations/westus2/operationsStatus/76109dea-2faf-4ec2-8140-90357ece404f?api-version=2022-11-15-preview",
      "RequestMethod": "GET",
      "RequestHeaders": {
        "Authorization": "Sanitized",
        "traceparent": "00-31a9aca2fca0492396452020535a10d2-07e31f8d1fe193c6-00",
        "User-Agent": "azsdk-net-ResourceManager/1.4.0 (.NET 7.0.4; Microsoft Windows 10.0.22621)",
        "x-ms-client-request-id": "cc907a203bcc26c7b194b7391e51da8f",
        "x-ms-return-client-request-id": "true"
      },
      "RequestBody": null,
      "StatusCode": 200,
      "ResponseHeaders": {
        "Cache-Control": "no-store, no-cache",
        "Content-Length": "21",
        "Content-Type": "application/json",
        "Date": "Wed, 12 Apr 2023 10:29:58 GMT",
        "Pragma": "no-cache",
        "Server": "Microsoft-HTTPAPI/2.0",
        "Strict-Transport-Security": "max-age=31536000; includeSubDomains",
        "X-Content-Type-Options": "nosniff",
        "x-ms-correlation-request-id": "bdc5d859-6d3b-4b06-952b-0a0d913dccfa",
        "x-ms-gatewayversion": "version=2.14.0",
        "x-ms-ratelimit-remaining-subscription-reads": "11603",
        "x-ms-request-id": "bdc5d859-6d3b-4b06-952b-0a0d913dccfa",
        "x-ms-routing-request-id": "WESTUS:20230412T102959Z:bdc5d859-6d3b-4b06-952b-0a0d913dccfa"
      },
      "ResponseBody": {
        "status": "Enqueued"
      }
    },
    {
      "RequestUri": "https://management.azure.com/subscriptions/23587e98-b6ac-4328-a753-03bcd3c8e744/providers/Microsoft.DocumentDB/locations/westus2/operationsStatus/76109dea-2faf-4ec2-8140-90357ece404f?api-version=2022-11-15-preview",
      "RequestMethod": "GET",
      "RequestHeaders": {
        "Authorization": "Sanitized",
        "traceparent": "00-31a9aca2fca0492396452020535a10d2-ebf2de42e3a05375-00",
        "User-Agent": "azsdk-net-ResourceManager/1.4.0 (.NET 7.0.4; Microsoft Windows 10.0.22621)",
        "x-ms-client-request-id": "99b9920837bbe5031c2329fee853cb0f",
        "x-ms-return-client-request-id": "true"
      },
      "RequestBody": null,
      "StatusCode": 200,
      "ResponseHeaders": {
        "Cache-Control": "no-store, no-cache",
        "Content-Length": "21",
        "Content-Type": "application/json",
        "Date": "Wed, 12 Apr 2023 10:29:59 GMT",
        "Pragma": "no-cache",
        "Server": "Microsoft-HTTPAPI/2.0",
        "Strict-Transport-Security": "max-age=31536000; includeSubDomains",
        "X-Content-Type-Options": "nosniff",
        "x-ms-correlation-request-id": "2f7cd399-f30a-4a0b-8833-ea1c91582b46",
        "x-ms-gatewayversion": "version=2.14.0",
        "x-ms-ratelimit-remaining-subscription-reads": "11602",
        "x-ms-request-id": "2f7cd399-f30a-4a0b-8833-ea1c91582b46",
        "x-ms-routing-request-id": "WESTUS:20230412T103000Z:2f7cd399-f30a-4a0b-8833-ea1c91582b46"
      },
      "ResponseBody": {
        "status": "Enqueued"
      }
    },
    {
      "RequestUri": "https://management.azure.com/subscriptions/23587e98-b6ac-4328-a753-03bcd3c8e744/providers/Microsoft.DocumentDB/locations/westus2/operationsStatus/76109dea-2faf-4ec2-8140-90357ece404f?api-version=2022-11-15-preview",
      "RequestMethod": "GET",
      "RequestHeaders": {
        "Authorization": "Sanitized",
        "traceparent": "00-31a9aca2fca0492396452020535a10d2-5ae5ff2473d27293-00",
        "User-Agent": "azsdk-net-ResourceManager/1.4.0 (.NET 7.0.4; Microsoft Windows 10.0.22621)",
        "x-ms-client-request-id": "8a1934f89ea1276ab933b4dc2d86b889",
        "x-ms-return-client-request-id": "true"
      },
      "RequestBody": null,
      "StatusCode": 200,
      "ResponseHeaders": {
        "Cache-Control": "no-store, no-cache",
        "Content-Length": "21",
        "Content-Type": "application/json",
        "Date": "Wed, 12 Apr 2023 10:30:00 GMT",
        "Pragma": "no-cache",
        "Server": "Microsoft-HTTPAPI/2.0",
        "Strict-Transport-Security": "max-age=31536000; includeSubDomains",
        "X-Content-Type-Options": "nosniff",
        "x-ms-correlation-request-id": "9b357d05-c5ba-45bd-ba6c-1d1e10debf3d",
        "x-ms-gatewayversion": "version=2.14.0",
        "x-ms-ratelimit-remaining-subscription-reads": "11601",
        "x-ms-request-id": "9b357d05-c5ba-45bd-ba6c-1d1e10debf3d",
        "x-ms-routing-request-id": "WESTUS:20230412T103001Z:9b357d05-c5ba-45bd-ba6c-1d1e10debf3d"
      },
      "ResponseBody": {
        "status": "Dequeued"
      }
    },
    {
      "RequestUri": "https://management.azure.com/subscriptions/23587e98-b6ac-4328-a753-03bcd3c8e744/providers/Microsoft.DocumentDB/locations/westus2/operationsStatus/76109dea-2faf-4ec2-8140-90357ece404f?api-version=2022-11-15-preview",
      "RequestMethod": "GET",
      "RequestHeaders": {
        "Authorization": "Sanitized",
        "traceparent": "00-31a9aca2fca0492396452020535a10d2-72d8737aa70fd2f0-00",
        "User-Agent": "azsdk-net-ResourceManager/1.4.0 (.NET 7.0.4; Microsoft Windows 10.0.22621)",
        "x-ms-client-request-id": "25a0c2410148e8bf77aab0a812c83d5e",
        "x-ms-return-client-request-id": "true"
      },
      "RequestBody": null,
      "StatusCode": 200,
      "ResponseHeaders": {
        "Cache-Control": "no-store, no-cache",
        "Content-Length": "21",
        "Content-Type": "application/json",
        "Date": "Wed, 12 Apr 2023 10:30:02 GMT",
        "Pragma": "no-cache",
        "Server": "Microsoft-HTTPAPI/2.0",
        "Strict-Transport-Security": "max-age=31536000; includeSubDomains",
        "X-Content-Type-Options": "nosniff",
        "x-ms-correlation-request-id": "ff563ead-37e5-4ecb-b4e9-58ad32c88d46",
        "x-ms-gatewayversion": "version=2.14.0",
        "x-ms-ratelimit-remaining-subscription-reads": "11600",
        "x-ms-request-id": "ff563ead-37e5-4ecb-b4e9-58ad32c88d46",
        "x-ms-routing-request-id": "WESTUS:20230412T103003Z:ff563ead-37e5-4ecb-b4e9-58ad32c88d46"
      },
      "ResponseBody": {
        "status": "Dequeued"
      }
    },
    {
      "RequestUri": "https://management.azure.com/subscriptions/23587e98-b6ac-4328-a753-03bcd3c8e744/providers/Microsoft.DocumentDB/locations/westus2/operationsStatus/76109dea-2faf-4ec2-8140-90357ece404f?api-version=2022-11-15-preview",
      "RequestMethod": "GET",
      "RequestHeaders": {
        "Authorization": "Sanitized",
        "traceparent": "00-31a9aca2fca0492396452020535a10d2-8136916743c19691-00",
        "User-Agent": "azsdk-net-ResourceManager/1.4.0 (.NET 7.0.4; Microsoft Windows 10.0.22621)",
        "x-ms-client-request-id": "ea41a8c84f386aed2791e0878227b795",
        "x-ms-return-client-request-id": "true"
      },
      "RequestBody": null,
      "StatusCode": 200,
      "ResponseHeaders": {
        "Cache-Control": "no-store, no-cache",
        "Content-Length": "22",
        "Content-Type": "application/json",
        "Date": "Wed, 12 Apr 2023 10:30:06 GMT",
        "Pragma": "no-cache",
        "Server": "Microsoft-HTTPAPI/2.0",
        "Strict-Transport-Security": "max-age=31536000; includeSubDomains",
        "X-Content-Type-Options": "nosniff",
        "x-ms-correlation-request-id": "72a401a2-43e0-4f1f-a834-431ea58ac102",
        "x-ms-gatewayversion": "version=2.14.0",
        "x-ms-ratelimit-remaining-subscription-reads": "11599",
        "x-ms-request-id": "72a401a2-43e0-4f1f-a834-431ea58ac102",
        "x-ms-routing-request-id": "WESTUS:20230412T103007Z:72a401a2-43e0-4f1f-a834-431ea58ac102"
      },
      "ResponseBody": {
        "status": "Succeeded"
      }
    },
    {
      "RequestUri": "https://management.azure.com/subscriptions/23587e98-b6ac-4328-a753-03bcd3c8e744/resourceGroups/dbaccount-5932/providers/Microsoft.DocumentDB/databaseAccounts/dbaccount-7661/mongodbDatabases/mongodb-2588/throughputSettings/default?api-version=2022-11-15-preview",
      "RequestMethod": "GET",
      "RequestHeaders": {
        "Authorization": "Sanitized",
        "traceparent": "00-31a9aca2fca0492396452020535a10d2-df311cb0709aead9-00",
        "User-Agent": "azsdk-net-ResourceManager/1.4.0 (.NET 7.0.4; Microsoft Windows 10.0.22621)",
        "x-ms-client-request-id": "25bc9f6ba5b2f6c6753013f7edc115f0",
        "x-ms-return-client-request-id": "true"
      },
      "RequestBody": null,
      "StatusCode": 200,
      "ResponseHeaders": {
        "Cache-Control": "no-store, no-cache",
        "Content-Length": "379",
        "Content-Type": "application/json",
        "Date": "Wed, 12 Apr 2023 10:30:07 GMT",
        "Pragma": "no-cache",
        "Server": "Microsoft-HTTPAPI/2.0",
        "Strict-Transport-Security": "max-age=31536000; includeSubDomains",
        "X-Content-Type-Options": "nosniff",
        "x-ms-correlation-request-id": "1f6df8a9-ab45-42aa-9fb6-83f4910b3003",
        "x-ms-gatewayversion": "version=2.14.0",
        "x-ms-ratelimit-remaining-subscription-reads": "11598",
        "x-ms-request-id": "1f6df8a9-ab45-42aa-9fb6-83f4910b3003",
        "x-ms-routing-request-id": "WESTUS:20230412T103007Z:1f6df8a9-ab45-42aa-9fb6-83f4910b3003"
      },
      "ResponseBody": {
        "id": "/subscriptions/23587e98-b6ac-4328-a753-03bcd3c8e744/resourceGroups/dbaccount-5932/providers/Microsoft.DocumentDB/databaseAccounts/dbaccount-7661/mongodbDatabases/mongodb-2588/throughputSettings/default",
        "type": "Microsoft.DocumentDB/databaseAccounts/mongodbDatabases/throughputSettings",
        "name": "QggO",
        "properties": {
          "resource": {
            "throughput": 1000,
            "minimumThroughput": "400"
          }
        }
      }
    },
    {
      "RequestUri": "https://management.azure.com/subscriptions/23587e98-b6ac-4328-a753-03bcd3c8e744/resourceGroups/dbaccount-5932/providers/Microsoft.DocumentDB/databaseAccounts/dbaccount-7661/mongodbDatabases/mongodb-2588?api-version=2022-11-15-preview",
      "RequestMethod": "GET",
      "RequestHeaders": {
        "Accept": "application/json",
        "Authorization": "Sanitized",
        "traceparent": "00-4f181444e044eef0019fd2510858d66f-e9faff3168312090-00",
        "User-Agent": "azsdk-net-ResourceManager.CosmosDB/1.3.0-alpha.20230410.1 (.NET 7.0.4; Microsoft Windows 10.0.22621)",
        "x-ms-client-request-id": "851355f5ce44f251d535feb62137664f",
        "x-ms-return-client-request-id": "true"
      },
      "RequestBody": null,
      "StatusCode": 200,
      "ResponseHeaders": {
        "Cache-Control": "no-store, no-cache",
        "Content-Length": "317",
        "Content-Type": "application/json",
        "Date": "Wed, 12 Apr 2023 10:30:07 GMT",
        "Pragma": "no-cache",
        "Server": "Microsoft-HTTPAPI/2.0",
        "Strict-Transport-Security": "max-age=31536000; includeSubDomains",
        "X-Content-Type-Options": "nosniff",
        "x-ms-correlation-request-id": "79e1b4cb-d027-420b-a7d6-fdf151d43fce",
        "x-ms-gatewayversion": "version=2.14.0",
        "x-ms-ratelimit-remaining-subscription-reads": "11597",
        "x-ms-request-id": "79e1b4cb-d027-420b-a7d6-fdf151d43fce",
        "x-ms-routing-request-id": "WESTUS:20230412T103008Z:79e1b4cb-d027-420b-a7d6-fdf151d43fce"
      },
      "ResponseBody": {
        "id": "/subscriptions/23587e98-b6ac-4328-a753-03bcd3c8e744/resourceGroups/dbaccount-5932/providers/Microsoft.DocumentDB/databaseAccounts/dbaccount-7661/mongodbDatabases/mongodb-2588",
        "type": "Microsoft.DocumentDB/databaseAccounts/mongodbDatabases",
        "name": "mongodb-2588",
        "properties": {
          "resource": {
            "id": "mongodb-2588"
          }
        }
      }
    },
    {
      "RequestUri": "https://management.azure.com/subscriptions/23587e98-b6ac-4328-a753-03bcd3c8e744/resourceGroups/dbaccount-5932/providers/Microsoft.DocumentDB/databaseAccounts/dbaccount-7661/mongodbDatabases/mongodb-2588?api-version=2022-11-15-preview",
      "RequestMethod": "DELETE",
      "RequestHeaders": {
        "Authorization": "Sanitized",
        "traceparent": "00-f276b28b3de2fdcef2a8fc4cfeb04f8c-2439c72b353508dc-00",
        "User-Agent": "azsdk-net-ResourceManager.CosmosDB/1.3.0-alpha.20230410.1 (.NET 7.0.4; Microsoft Windows 10.0.22621)",
        "x-ms-client-request-id": "723d1af3170b22abe14a75073cf67c66",
        "x-ms-return-client-request-id": "true"
      },
      "RequestBody": null,
      "StatusCode": 202,
      "ResponseHeaders": {
        "Azure-AsyncOperation": "https://management.azure.com/subscriptions/23587e98-b6ac-4328-a753-03bcd3c8e744/providers/Microsoft.DocumentDB/locations/westus2/operationsStatus/f470de65-cab6-42c2-b988-f91bdfd2732a?api-version=2022-11-15-preview",
        "Cache-Control": "no-store, no-cache",
        "Content-Length": "21",
        "Content-Type": "application/json",
        "Date": "Wed, 12 Apr 2023 10:30:07 GMT",
        "Location": "https://management.azure.com/subscriptions/23587e98-b6ac-4328-a753-03bcd3c8e744/resourceGroups/dbaccount-5932/providers/Microsoft.DocumentDB/databaseAccounts/dbaccount-7661/mongodbDatabases/mongodb-2588/operationResults/f470de65-cab6-42c2-b988-f91bdfd2732a?api-version=2022-11-15-preview",
        "Pragma": "no-cache",
        "Server": "Microsoft-HTTPAPI/2.0",
        "Strict-Transport-Security": "max-age=31536000; includeSubDomains",
        "X-Content-Type-Options": "nosniff",
        "x-ms-correlation-request-id": "2dd19950-9b7b-4996-bd5a-7fa19c18ec83",
        "x-ms-gatewayversion": "version=2.14.0",
        "x-ms-ratelimit-remaining-subscription-deletes": "14984",
        "x-ms-request-id": "f470de65-cab6-42c2-b988-f91bdfd2732a",
        "x-ms-routing-request-id": "WESTUS:20230412T103008Z:2dd19950-9b7b-4996-bd5a-7fa19c18ec83"
      },
      "ResponseBody": {
        "status": "Enqueued"
      }
    },
    {
      "RequestUri": "https://management.azure.com/subscriptions/23587e98-b6ac-4328-a753-03bcd3c8e744/providers/Microsoft.DocumentDB/locations/westus2/operationsStatus/f470de65-cab6-42c2-b988-f91bdfd2732a?api-version=2022-11-15-preview",
      "RequestMethod": "GET",
      "RequestHeaders": {
        "Authorization": "Sanitized",
        "traceparent": "00-f276b28b3de2fdcef2a8fc4cfeb04f8c-2ad0fef667eb803a-00",
        "User-Agent": "azsdk-net-ResourceManager/1.4.0 (.NET 7.0.4; Microsoft Windows 10.0.22621)",
        "x-ms-client-request-id": "d303c3caa283dde5aaf0a4fa584ab6de",
        "x-ms-return-client-request-id": "true"
      },
      "RequestBody": null,
      "StatusCode": 200,
      "ResponseHeaders": {
        "Cache-Control": "no-store, no-cache",
        "Content-Length": "21",
        "Content-Type": "application/json",
        "Date": "Wed, 12 Apr 2023 10:30:08 GMT",
        "Pragma": "no-cache",
        "Server": "Microsoft-HTTPAPI/2.0",
        "Strict-Transport-Security": "max-age=31536000; includeSubDomains",
        "X-Content-Type-Options": "nosniff",
        "x-ms-correlation-request-id": "6d6c096f-0517-4f31-883c-8426c8da1590",
        "x-ms-gatewayversion": "version=2.14.0",
        "x-ms-ratelimit-remaining-subscription-reads": "11596",
        "x-ms-request-id": "6d6c096f-0517-4f31-883c-8426c8da1590",
        "x-ms-routing-request-id": "WESTUS:20230412T103008Z:6d6c096f-0517-4f31-883c-8426c8da1590"
      },
      "ResponseBody": {
        "status": "Enqueued"
      }
    },
    {
      "RequestUri": "https://management.azure.com/subscriptions/23587e98-b6ac-4328-a753-03bcd3c8e744/providers/Microsoft.DocumentDB/locations/westus2/operationsStatus/f470de65-cab6-42c2-b988-f91bdfd2732a?api-version=2022-11-15-preview",
      "RequestMethod": "GET",
      "RequestHeaders": {
        "Authorization": "Sanitized",
        "traceparent": "00-f276b28b3de2fdcef2a8fc4cfeb04f8c-7164234954da20cf-00",
        "User-Agent": "azsdk-net-ResourceManager/1.4.0 (.NET 7.0.4; Microsoft Windows 10.0.22621)",
        "x-ms-client-request-id": "313a97b938a6c13cc9a02541c72e7ad1",
        "x-ms-return-client-request-id": "true"
      },
      "RequestBody": null,
      "StatusCode": 200,
      "ResponseHeaders": {
        "Cache-Control": "no-store, no-cache",
        "Content-Length": "21",
        "Content-Type": "application/json",
        "Date": "Wed, 12 Apr 2023 10:30:09 GMT",
        "Pragma": "no-cache",
        "Server": "Microsoft-HTTPAPI/2.0",
        "Strict-Transport-Security": "max-age=31536000; includeSubDomains",
        "X-Content-Type-Options": "nosniff",
        "x-ms-correlation-request-id": "c027653d-1b7f-43a9-9184-44ed4aeb767e",
        "x-ms-gatewayversion": "version=2.14.0",
        "x-ms-ratelimit-remaining-subscription-reads": "11595",
        "x-ms-request-id": "c027653d-1b7f-43a9-9184-44ed4aeb767e",
        "x-ms-routing-request-id": "WESTUS:20230412T103009Z:c027653d-1b7f-43a9-9184-44ed4aeb767e"
      },
      "ResponseBody": {
        "status": "Enqueued"
      }
    },
    {
      "RequestUri": "https://management.azure.com/subscriptions/23587e98-b6ac-4328-a753-03bcd3c8e744/providers/Microsoft.DocumentDB/locations/westus2/operationsStatus/f470de65-cab6-42c2-b988-f91bdfd2732a?api-version=2022-11-15-preview",
      "RequestMethod": "GET",
      "RequestHeaders": {
        "Authorization": "Sanitized",
        "traceparent": "00-f276b28b3de2fdcef2a8fc4cfeb04f8c-b0e5ae3fa33847b0-00",
        "User-Agent": "azsdk-net-ResourceManager/1.4.0 (.NET 7.0.4; Microsoft Windows 10.0.22621)",
        "x-ms-client-request-id": "783c3775a8f2dae20ab382228d564402",
        "x-ms-return-client-request-id": "true"
      },
      "RequestBody": null,
      "StatusCode": 200,
      "ResponseHeaders": {
        "Cache-Control": "no-store, no-cache",
        "Content-Length": "21",
        "Content-Type": "application/json",
        "Date": "Wed, 12 Apr 2023 10:30:10 GMT",
        "Pragma": "no-cache",
        "Server": "Microsoft-HTTPAPI/2.0",
        "Strict-Transport-Security": "max-age=31536000; includeSubDomains",
        "X-Content-Type-Options": "nosniff",
        "x-ms-correlation-request-id": "77f42d99-3abf-41d1-bd91-9f95b1b6d11f",
        "x-ms-gatewayversion": "version=2.14.0",
        "x-ms-ratelimit-remaining-subscription-reads": "11594",
        "x-ms-request-id": "77f42d99-3abf-41d1-bd91-9f95b1b6d11f",
        "x-ms-routing-request-id": "WESTUS:20230412T103010Z:77f42d99-3abf-41d1-bd91-9f95b1b6d11f"
      },
      "ResponseBody": {
        "status": "Enqueued"
      }
    },
    {
      "RequestUri": "https://management.azure.com/subscriptions/23587e98-b6ac-4328-a753-03bcd3c8e744/providers/Microsoft.DocumentDB/locations/westus2/operationsStatus/f470de65-cab6-42c2-b988-f91bdfd2732a?api-version=2022-11-15-preview",
      "RequestMethod": "GET",
      "RequestHeaders": {
        "Authorization": "Sanitized",
        "traceparent": "00-f276b28b3de2fdcef2a8fc4cfeb04f8c-29af1a51b96109fa-00",
        "User-Agent": "azsdk-net-ResourceManager/1.4.0 (.NET 7.0.4; Microsoft Windows 10.0.22621)",
        "x-ms-client-request-id": "10c37214a3d6929786420ae37da3167c",
        "x-ms-return-client-request-id": "true"
      },
      "RequestBody": null,
      "StatusCode": 200,
      "ResponseHeaders": {
        "Cache-Control": "no-store, no-cache",
        "Content-Length": "21",
        "Content-Type": "application/json",
        "Date": "Wed, 12 Apr 2023 10:30:11 GMT",
        "Pragma": "no-cache",
        "Server": "Microsoft-HTTPAPI/2.0",
        "Strict-Transport-Security": "max-age=31536000; includeSubDomains",
        "X-Content-Type-Options": "nosniff",
        "x-ms-correlation-request-id": "37a751eb-e0a8-4d22-888d-4fbbbace5cfd",
        "x-ms-gatewayversion": "version=2.14.0",
        "x-ms-ratelimit-remaining-subscription-reads": "11593",
        "x-ms-request-id": "37a751eb-e0a8-4d22-888d-4fbbbace5cfd",
        "x-ms-routing-request-id": "WESTUS:20230412T103011Z:37a751eb-e0a8-4d22-888d-4fbbbace5cfd"
      },
      "ResponseBody": {
        "status": "Enqueued"
      }
    },
    {
      "RequestUri": "https://management.azure.com/subscriptions/23587e98-b6ac-4328-a753-03bcd3c8e744/providers/Microsoft.DocumentDB/locations/westus2/operationsStatus/f470de65-cab6-42c2-b988-f91bdfd2732a?api-version=2022-11-15-preview",
      "RequestMethod": "GET",
      "RequestHeaders": {
        "Authorization": "Sanitized",
        "traceparent": "00-f276b28b3de2fdcef2a8fc4cfeb04f8c-84d7800e40b32a52-00",
        "User-Agent": "azsdk-net-ResourceManager/1.4.0 (.NET 7.0.4; Microsoft Windows 10.0.22621)",
        "x-ms-client-request-id": "2085d3763d0e10ecb56027f2b51a3372",
        "x-ms-return-client-request-id": "true"
      },
      "RequestBody": null,
      "StatusCode": 200,
      "ResponseHeaders": {
        "Cache-Control": "no-store, no-cache",
        "Content-Length": "21",
        "Content-Type": "application/json",
        "Date": "Wed, 12 Apr 2023 10:30:13 GMT",
        "Pragma": "no-cache",
        "Server": "Microsoft-HTTPAPI/2.0",
        "Strict-Transport-Security": "max-age=31536000; includeSubDomains",
        "X-Content-Type-Options": "nosniff",
        "x-ms-correlation-request-id": "33a847e9-a5ff-4c63-b89e-27a97f5a40bc",
        "x-ms-gatewayversion": "version=2.14.0",
        "x-ms-ratelimit-remaining-subscription-reads": "11592",
        "x-ms-request-id": "33a847e9-a5ff-4c63-b89e-27a97f5a40bc",
        "x-ms-routing-request-id": "WESTUS:20230412T103014Z:33a847e9-a5ff-4c63-b89e-27a97f5a40bc"
      },
      "ResponseBody": {
        "status": "Dequeued"
      }
    },
    {
      "RequestUri": "https://management.azure.com/subscriptions/23587e98-b6ac-4328-a753-03bcd3c8e744/providers/Microsoft.DocumentDB/locations/westus2/operationsStatus/f470de65-cab6-42c2-b988-f91bdfd2732a?api-version=2022-11-15-preview",
      "RequestMethod": "GET",
      "RequestHeaders": {
        "Authorization": "Sanitized",
        "traceparent": "00-f276b28b3de2fdcef2a8fc4cfeb04f8c-fa28de6fd569dca2-00",
        "User-Agent": "azsdk-net-ResourceManager/1.4.0 (.NET 7.0.4; Microsoft Windows 10.0.22621)",
        "x-ms-client-request-id": "552c225c6a6ad1faa0aaf1af9eff5c66",
        "x-ms-return-client-request-id": "true"
      },
      "RequestBody": null,
      "StatusCode": 200,
      "ResponseHeaders": {
        "Cache-Control": "no-store, no-cache",
        "Content-Length": "22",
        "Content-Type": "application/json",
        "Date": "Wed, 12 Apr 2023 10:30:17 GMT",
        "Pragma": "no-cache",
        "Server": "Microsoft-HTTPAPI/2.0",
        "Strict-Transport-Security": "max-age=31536000; includeSubDomains",
        "X-Content-Type-Options": "nosniff",
        "x-ms-correlation-request-id": "1bc06cfb-563d-42b0-b46b-ca879ff33b3c",
        "x-ms-gatewayversion": "version=2.14.0",
        "x-ms-ratelimit-remaining-subscription-reads": "11591",
        "x-ms-request-id": "1bc06cfb-563d-42b0-b46b-ca879ff33b3c",
        "x-ms-routing-request-id": "WESTUS:20230412T103018Z:1bc06cfb-563d-42b0-b46b-ca879ff33b3c"
      },
      "ResponseBody": {
        "status": "Succeeded"
      }
    }
  ],
  "Variables": {
    "AZURE_AUTHORITY_HOST": "https://login.microsoftonline.com/",
    "RandomSeed": "1967610648",
    "RESOURCE_MANAGER_URL": "https://management.azure.com/",
    "SUBSCRIPTION_ID": "23587e98-b6ac-4328-a753-03bcd3c8e744"
  }
}
