{
  "Entries": [
    {
      "RequestUri": "/subscriptions/69a75bda-882e-44d5-8431-63421204132a/resourceGroups/sdk-net-test-qa2/providers/Microsoft.NetApp/netAppAccounts/sdk-net-tests-acc-212?api-version=2021-06-01",
      "EncodedRequestUri": "L3N1YnNjcmlwdGlvbnMvNjlhNzViZGEtODgyZS00NGQ1LTg0MzEtNjM0MjEyMDQxMzJhL3Jlc291cmNlR3JvdXBzL3Nkay1uZXQtdGVzdC1xYTIvcHJvdmlkZXJzL01pY3Jvc29mdC5OZXRBcHAvbmV0QXBwQWNjb3VudHMvc2RrLW5ldC10ZXN0cy1hY2MtMjEyP2FwaS12ZXJzaW9uPTIwMjEtMDYtMDE=",
      "RequestMethod": "PUT",
      "RequestBody": "{\r\n  \"location\": \"westus2\",\r\n  \"properties\": {\r\n    \"activeDirectories\": []\r\n  }\r\n}",
      "RequestHeaders": {
        "x-ms-client-request-id": [
          "d81953dc-ac5d-4f2f-a3ab-b5f04eb57bcb"
        ],
        "Accept-Language": [
          "en-US"
        ],
        "User-Agent": [
          "FxVersion/4.6.30321.06",
          "OSName/Windows",
          "OSVersion/Microsoft.Windows.10.0.19042.",
          "Microsoft.Azure.Management.NetApp.AzureNetAppFilesManagementClient/1.13.0.0"
        ],
        "Content-Type": [
          "application/json; charset=utf-8"
        ],
        "Content-Length": [
          "83"
        ]
      },
      "ResponseHeaders": {
        "Cache-Control": [
          "no-cache"
        ],
        "Pragma": [
          "no-cache"
        ],
        "ETag": [
          "W/\"datetime'2021-08-23T13%3A01%3A46.1430042Z'\""
        ],
        "x-ms-request-id": [
          "3fa9d640-f232-4c86-afe5-07133ef0e689"
        ],
        "Azure-AsyncOperation": [
          "https://management.azure.com/subscriptions/69a75bda-882e-44d5-8431-63421204132a/providers/Microsoft.NetApp/locations/westus2/operationResults/7fc5360a-e4ff-40fd-9944-324492ca94fc?api-version=2021-06-01"
        ],
        "Server": [
          "Microsoft-IIS/10.0"
        ],
        "X-Powered-By": [
          "ASP.NET"
        ],
        "x-ms-ratelimit-remaining-subscription-writes": [
          "1199"
        ],
        "x-ms-correlation-request-id": [
          "983f3cbe-c72a-45a5-88fb-137125a21918"
        ],
        "x-ms-routing-request-id": [
          "UAECENTRAL:20210823T130147Z:983f3cbe-c72a-45a5-88fb-137125a21918"
        ],
        "Strict-Transport-Security": [
          "max-age=31536000; includeSubDomains"
        ],
        "X-Content-Type-Options": [
          "nosniff"
        ],
        "Date": [
          "Mon, 23 Aug 2021 13:01:47 GMT"
        ],
        "Content-Length": [
          "376"
        ],
        "Content-Type": [
          "application/json; charset=utf-8"
        ],
        "Expires": [
          "-1"
        ]
      },
      "ResponseBody": "{\r\n  \"id\": \"/subscriptions/69a75bda-882e-44d5-8431-63421204132a/resourceGroups/sdk-net-test-qa2/providers/Microsoft.NetApp/netAppAccounts/sdk-net-tests-acc-212\",\r\n  \"name\": \"sdk-net-tests-acc-212\",\r\n  \"type\": \"Microsoft.NetApp/netAppAccounts\",\r\n  \"etag\": \"W/\\\"datetime'2021-08-23T13%3A01%3A46.1430042Z'\\\"\",\r\n  \"location\": \"westus2\",\r\n  \"properties\": {\r\n    \"activeDirectories\": [],\r\n    \"provisioningState\": \"Creating\"\r\n  }\r\n}",
      "StatusCode": 201
    },
    {
      "RequestUri": "/subscriptions/69a75bda-882e-44d5-8431-63421204132a/providers/Microsoft.NetApp/locations/westus2/operationResults/7fc5360a-e4ff-40fd-9944-324492ca94fc?api-version=2021-06-01",
      "EncodedRequestUri": "L3N1YnNjcmlwdGlvbnMvNjlhNzViZGEtODgyZS00NGQ1LTg0MzEtNjM0MjEyMDQxMzJhL3Byb3ZpZGVycy9NaWNyb3NvZnQuTmV0QXBwL2xvY2F0aW9ucy93ZXN0dXMyL29wZXJhdGlvblJlc3VsdHMvN2ZjNTM2MGEtZTRmZi00MGZkLTk5NDQtMzI0NDkyY2E5NGZjP2FwaS12ZXJzaW9uPTIwMjEtMDYtMDE=",
      "RequestMethod": "GET",
      "RequestBody": "",
      "RequestHeaders": {
        "User-Agent": [
          "FxVersion/4.6.30321.06",
          "OSName/Windows",
          "OSVersion/Microsoft.Windows.10.0.19042.",
          "Microsoft.Azure.Management.NetApp.AzureNetAppFilesManagementClient/1.13.0.0"
        ]
      },
      "ResponseHeaders": {
        "Cache-Control": [
          "no-cache"
        ],
        "Pragma": [
          "no-cache"
        ],
        "x-ms-request-id": [
          "94217804-e43d-4171-8864-175a262c6fc9"
        ],
        "Server": [
          "Microsoft-IIS/10.0"
        ],
        "X-Powered-By": [
          "ASP.NET"
        ],
        "x-ms-ratelimit-remaining-subscription-reads": [
          "11999"
        ],
        "x-ms-correlation-request-id": [
          "efb127ff-4bb2-450c-b197-b1017ee938a7"
        ],
        "x-ms-routing-request-id": [
          "UAECENTRAL:20210823T130218Z:efb127ff-4bb2-450c-b197-b1017ee938a7"
        ],
        "Strict-Transport-Security": [
          "max-age=31536000; includeSubDomains"
        ],
        "X-Content-Type-Options": [
          "nosniff"
        ],
        "Date": [
          "Mon, 23 Aug 2021 13:02:17 GMT"
        ],
        "Content-Length": [
          "514"
        ],
        "Content-Type": [
          "application/json; charset=utf-8"
        ],
        "Expires": [
          "-1"
        ]
      },
      "ResponseBody": "{\r\n  \"id\": \"/subscriptions/69a75bda-882e-44d5-8431-63421204132a/providers/Microsoft.NetApp/locations/westus2/operationResults/7fc5360a-e4ff-40fd-9944-324492ca94fc\",\r\n  \"name\": \"7fc5360a-e4ff-40fd-9944-324492ca94fc\",\r\n  \"status\": \"Succeeded\",\r\n  \"startTime\": \"2021-08-23T13:01:46.1487342Z\",\r\n  \"endTime\": \"2021-08-23T13:01:46.2238637Z\",\r\n  \"percentComplete\": 100.0,\r\n  \"properties\": {\r\n    \"resourceName\": \"/subscriptions/69a75bda-882e-44d5-8431-63421204132a/resourceGroups/sdk-net-test-qa2/providers/Microsoft.NetApp/netAppAccounts/sdk-net-tests-acc-212\"\r\n  }\r\n}",
      "StatusCode": 200
    },
    {
      "RequestUri": "/subscriptions/69a75bda-882e-44d5-8431-63421204132a/resourceGroups/sdk-net-test-qa2/providers/Microsoft.NetApp/netAppAccounts/sdk-net-tests-acc-212?api-version=2021-06-01",
      "EncodedRequestUri": "L3N1YnNjcmlwdGlvbnMvNjlhNzViZGEtODgyZS00NGQ1LTg0MzEtNjM0MjEyMDQxMzJhL3Jlc291cmNlR3JvdXBzL3Nkay1uZXQtdGVzdC1xYTIvcHJvdmlkZXJzL01pY3Jvc29mdC5OZXRBcHAvbmV0QXBwQWNjb3VudHMvc2RrLW5ldC10ZXN0cy1hY2MtMjEyP2FwaS12ZXJzaW9uPTIwMjEtMDYtMDE=",
      "RequestMethod": "GET",
      "RequestBody": "",
      "RequestHeaders": {
        "User-Agent": [
          "FxVersion/4.6.30321.06",
          "OSName/Windows",
          "OSVersion/Microsoft.Windows.10.0.19042.",
          "Microsoft.Azure.Management.NetApp.AzureNetAppFilesManagementClient/1.13.0.0"
        ]
      },
      "ResponseHeaders": {
        "Cache-Control": [
          "no-cache"
        ],
        "Pragma": [
          "no-cache"
        ],
        "ETag": [
          "W/\"datetime'2021-08-23T13%3A01%3A46.2220277Z'\""
        ],
        "x-ms-request-id": [
          "d317776d-252e-4a29-95b8-063791749d47"
        ],
        "Server": [
          "Microsoft-IIS/10.0"
        ],
        "X-Powered-By": [
          "ASP.NET"
        ],
        "x-ms-ratelimit-remaining-subscription-reads": [
          "11998"
        ],
        "x-ms-correlation-request-id": [
          "79b15f7e-589d-4e1e-bf96-b78c584b45ad"
        ],
        "x-ms-routing-request-id": [
          "UAECENTRAL:20210823T130218Z:79b15f7e-589d-4e1e-bf96-b78c584b45ad"
        ],
        "Strict-Transport-Security": [
          "max-age=31536000; includeSubDomains"
        ],
        "X-Content-Type-Options": [
          "nosniff"
        ],
        "Date": [
          "Mon, 23 Aug 2021 13:02:17 GMT"
        ],
        "Content-Length": [
          "423"
        ],
        "Content-Type": [
          "application/json; charset=utf-8"
        ],
        "Expires": [
          "-1"
        ]
      },
      "ResponseBody": "{\r\n  \"id\": \"/subscriptions/69a75bda-882e-44d5-8431-63421204132a/resourceGroups/sdk-net-test-qa2/providers/Microsoft.NetApp/netAppAccounts/sdk-net-tests-acc-212\",\r\n  \"name\": \"sdk-net-tests-acc-212\",\r\n  \"type\": \"Microsoft.NetApp/netAppAccounts\",\r\n  \"etag\": \"W/\\\"datetime'2021-08-23T13%3A01%3A46.2220277Z'\\\"\",\r\n  \"location\": \"westus2\",\r\n  \"properties\": {\r\n    \"activeDirectories\": [],\r\n    \"encryption\": {\r\n      \"keySource\": \"Microsoft.NetApp\"\r\n    },\r\n    \"provisioningState\": \"Succeeded\"\r\n  }\r\n}",
      "StatusCode": 200
    },
    {
      "RequestUri": "/subscriptions/69a75bda-882e-44d5-8431-63421204132a/resourceGroups/sdk-net-test-qa2/providers/Microsoft.NetApp/netAppAccounts/sdk-net-tests-acc-212/capacityPools/sdk-net-tests-pool-205?api-version=2021-06-01",
      "EncodedRequestUri": "L3N1YnNjcmlwdGlvbnMvNjlhNzViZGEtODgyZS00NGQ1LTg0MzEtNjM0MjEyMDQxMzJhL3Jlc291cmNlR3JvdXBzL3Nkay1uZXQtdGVzdC1xYTIvcHJvdmlkZXJzL01pY3Jvc29mdC5OZXRBcHAvbmV0QXBwQWNjb3VudHMvc2RrLW5ldC10ZXN0cy1hY2MtMjEyL2NhcGFjaXR5UG9vbHMvc2RrLW5ldC10ZXN0cy1wb29sLTIwNT9hcGktdmVyc2lvbj0yMDIxLTA2LTAx",
      "RequestMethod": "PUT",
      "RequestBody": "{\r\n  \"location\": \"westus2\",\r\n  \"properties\": {\r\n    \"size\": 4398046511104,\r\n    \"serviceLevel\": \"Premium\"\r\n  }\r\n}",
      "RequestHeaders": {
        "x-ms-client-request-id": [
          "8937e44d-a8d0-47b0-90e5-78041b0ef1df"
        ],
        "Accept-Language": [
          "en-US"
        ],
        "User-Agent": [
          "FxVersion/4.6.30321.06",
          "OSName/Windows",
          "OSVersion/Microsoft.Windows.10.0.19042.",
          "Microsoft.Azure.Management.NetApp.AzureNetAppFilesManagementClient/1.13.0.0"
        ],
        "Content-Type": [
          "application/json; charset=utf-8"
        ],
        "Content-Length": [
          "113"
        ]
      },
      "ResponseHeaders": {
        "Cache-Control": [
          "no-cache"
        ],
        "Pragma": [
          "no-cache"
        ],
        "ETag": [
          "W/\"datetime'2021-08-23T13%3A02%3A27.7625697Z'\""
        ],
        "x-ms-request-id": [
          "864e03c6-34ba-4f39-afb0-a9dd52331ce0"
        ],
        "Azure-AsyncOperation": [
          "https://management.azure.com/subscriptions/69a75bda-882e-44d5-8431-63421204132a/providers/Microsoft.NetApp/locations/westus2/operationResults/244ccb08-d974-4941-ba0b-f41da4a395a5?api-version=2021-06-01"
        ],
        "Server": [
          "Microsoft-IIS/10.0"
        ],
        "X-Powered-By": [
          "ASP.NET"
        ],
        "x-ms-ratelimit-remaining-subscription-writes": [
          "1198"
        ],
        "x-ms-correlation-request-id": [
          "d716f20b-5ace-4ab1-87f7-e7ef911d60a7"
        ],
        "x-ms-routing-request-id": [
          "UAECENTRAL:20210823T130229Z:d716f20b-5ace-4ab1-87f7-e7ef911d60a7"
        ],
        "Strict-Transport-Security": [
          "max-age=31536000; includeSubDomains"
        ],
        "X-Content-Type-Options": [
          "nosniff"
        ],
        "Date": [
          "Mon, 23 Aug 2021 13:02:29 GMT"
        ],
        "Content-Length": [
          "530"
        ],
        "Content-Type": [
          "application/json; charset=utf-8"
        ],
        "Expires": [
          "-1"
        ]
      },
      "ResponseBody": "{\r\n  \"id\": \"/subscriptions/69a75bda-882e-44d5-8431-63421204132a/resourceGroups/sdk-net-test-qa2/providers/Microsoft.NetApp/netAppAccounts/sdk-net-tests-acc-212/capacityPools/sdk-net-tests-pool-205\",\r\n  \"name\": \"sdk-net-tests-acc-212/sdk-net-tests-pool-205\",\r\n  \"type\": \"Microsoft.NetApp/netAppAccounts/capacityPools\",\r\n  \"etag\": \"W/\\\"datetime'2021-08-23T13%3A02%3A27.7625697Z'\\\"\",\r\n  \"location\": \"westus2\",\r\n  \"properties\": {\r\n    \"serviceLevel\": \"Premium\",\r\n    \"size\": 4398046511104,\r\n    \"totalThroughputMibps\": 0.0,\r\n    \"utilizedThroughputMibps\": 0.0,\r\n    \"provisioningState\": \"Creating\"\r\n  }\r\n}",
      "StatusCode": 201
    },
    {
      "RequestUri": "/subscriptions/69a75bda-882e-44d5-8431-63421204132a/providers/Microsoft.NetApp/locations/westus2/operationResults/244ccb08-d974-4941-ba0b-f41da4a395a5?api-version=2021-06-01",
      "EncodedRequestUri": "L3N1YnNjcmlwdGlvbnMvNjlhNzViZGEtODgyZS00NGQ1LTg0MzEtNjM0MjEyMDQxMzJhL3Byb3ZpZGVycy9NaWNyb3NvZnQuTmV0QXBwL2xvY2F0aW9ucy93ZXN0dXMyL29wZXJhdGlvblJlc3VsdHMvMjQ0Y2NiMDgtZDk3NC00OTQxLWJhMGItZjQxZGE0YTM5NWE1P2FwaS12ZXJzaW9uPTIwMjEtMDYtMDE=",
      "RequestMethod": "GET",
      "RequestBody": "",
      "RequestHeaders": {
        "User-Agent": [
          "FxVersion/4.6.30321.06",
          "OSName/Windows",
          "OSVersion/Microsoft.Windows.10.0.19042.",
          "Microsoft.Azure.Management.NetApp.AzureNetAppFilesManagementClient/1.13.0.0"
        ]
      },
      "ResponseHeaders": {
        "Cache-Control": [
          "no-cache"
        ],
        "Pragma": [
          "no-cache"
        ],
        "x-ms-request-id": [
          "b36b13c9-1b6e-4192-9fb9-04e5d44a47b7"
        ],
        "Server": [
          "Microsoft-IIS/10.0"
        ],
        "X-Powered-By": [
          "ASP.NET"
        ],
        "x-ms-ratelimit-remaining-subscription-reads": [
          "11997"
        ],
        "x-ms-correlation-request-id": [
          "1c790028-b6b0-4d04-855b-dc9079defe32"
        ],
        "x-ms-routing-request-id": [
          "UAECENTRAL:20210823T130259Z:1c790028-b6b0-4d04-855b-dc9079defe32"
        ],
        "Strict-Transport-Security": [
          "max-age=31536000; includeSubDomains"
        ],
        "X-Content-Type-Options": [
          "nosniff"
        ],
        "Date": [
          "Mon, 23 Aug 2021 13:02:59 GMT"
        ],
        "Content-Length": [
          "551"
        ],
        "Content-Type": [
          "application/json; charset=utf-8"
        ],
        "Expires": [
          "-1"
        ]
      },
      "ResponseBody": "{\r\n  \"id\": \"/subscriptions/69a75bda-882e-44d5-8431-63421204132a/providers/Microsoft.NetApp/locations/westus2/operationResults/244ccb08-d974-4941-ba0b-f41da4a395a5\",\r\n  \"name\": \"244ccb08-d974-4941-ba0b-f41da4a395a5\",\r\n  \"status\": \"Succeeded\",\r\n  \"startTime\": \"2021-08-23T13:02:27.7650246Z\",\r\n  \"endTime\": \"2021-08-23T13:02:28.1759814Z\",\r\n  \"percentComplete\": 100.0,\r\n  \"properties\": {\r\n    \"resourceName\": \"/subscriptions/69a75bda-882e-44d5-8431-63421204132a/resourceGroups/sdk-net-test-qa2/providers/Microsoft.NetApp/netAppAccounts/sdk-net-tests-acc-212/capacityPools/sdk-net-tests-pool-205\"\r\n  }\r\n}",
      "StatusCode": 200
    },
    {
      "RequestUri": "/subscriptions/69a75bda-882e-44d5-8431-63421204132a/resourceGroups/sdk-net-test-qa2/providers/Microsoft.NetApp/netAppAccounts/sdk-net-tests-acc-212/capacityPools/sdk-net-tests-pool-205?api-version=2021-06-01",
      "EncodedRequestUri": "L3N1YnNjcmlwdGlvbnMvNjlhNzViZGEtODgyZS00NGQ1LTg0MzEtNjM0MjEyMDQxMzJhL3Jlc291cmNlR3JvdXBzL3Nkay1uZXQtdGVzdC1xYTIvcHJvdmlkZXJzL01pY3Jvc29mdC5OZXRBcHAvbmV0QXBwQWNjb3VudHMvc2RrLW5ldC10ZXN0cy1hY2MtMjEyL2NhcGFjaXR5UG9vbHMvc2RrLW5ldC10ZXN0cy1wb29sLTIwNT9hcGktdmVyc2lvbj0yMDIxLTA2LTAx",
      "RequestMethod": "GET",
      "RequestBody": "",
      "RequestHeaders": {
        "User-Agent": [
          "FxVersion/4.6.30321.06",
          "OSName/Windows",
          "OSVersion/Microsoft.Windows.10.0.19042.",
          "Microsoft.Azure.Management.NetApp.AzureNetAppFilesManagementClient/1.13.0.0"
        ]
      },
      "ResponseHeaders": {
        "Cache-Control": [
          "no-cache"
        ],
        "Pragma": [
          "no-cache"
        ],
        "ETag": [
          "W/\"datetime'2021-08-23T13%3A02%3A28.1679582Z'\""
        ],
        "x-ms-request-id": [
          "d127f06e-8e42-4251-959a-c22dda132775"
        ],
        "Server": [
          "Microsoft-IIS/10.0"
        ],
        "X-Powered-By": [
          "ASP.NET"
        ],
        "x-ms-ratelimit-remaining-subscription-reads": [
          "11996"
        ],
        "x-ms-correlation-request-id": [
          "2aa026d1-1b3b-44cb-981e-39a6d43900aa"
        ],
        "x-ms-routing-request-id": [
          "UAECENTRAL:20210823T130300Z:2aa026d1-1b3b-44cb-981e-39a6d43900aa"
        ],
        "Strict-Transport-Security": [
          "max-age=31536000; includeSubDomains"
        ],
        "X-Content-Type-Options": [
          "nosniff"
        ],
        "Date": [
          "Mon, 23 Aug 2021 13:03:00 GMT"
        ],
        "Content-Length": [
          "645"
        ],
        "Content-Type": [
          "application/json; charset=utf-8"
        ],
        "Expires": [
          "-1"
        ]
      },
      "ResponseBody": "{\r\n  \"id\": \"/subscriptions/69a75bda-882e-44d5-8431-63421204132a/resourceGroups/sdk-net-test-qa2/providers/Microsoft.NetApp/netAppAccounts/sdk-net-tests-acc-212/capacityPools/sdk-net-tests-pool-205\",\r\n  \"name\": \"sdk-net-tests-acc-212/sdk-net-tests-pool-205\",\r\n  \"type\": \"Microsoft.NetApp/netAppAccounts/capacityPools\",\r\n  \"etag\": \"W/\\\"datetime'2021-08-23T13%3A02%3A28.1679582Z'\\\"\",\r\n  \"location\": \"westus2\",\r\n  \"properties\": {\r\n    \"poolId\": \"e0d4135d-3e21-7a83-3c98-ec0274972e15\",\r\n    \"serviceLevel\": \"Premium\",\r\n    \"size\": 4398046511104,\r\n    \"qosType\": \"Auto\",\r\n    \"totalThroughputMibps\": 262.144,\r\n    \"utilizedThroughputMibps\": 0.0,\r\n    \"encryptionType\": \"Single\",\r\n    \"coolAccess\": false,\r\n    \"provisioningState\": \"Succeeded\"\r\n  }\r\n}",
      "StatusCode": 200
    },
    {
      "RequestUri": "/subscriptions/69a75bda-882e-44d5-8431-63421204132a/resourceGroups/sdk-net-test-qa2/providers/Microsoft.NetApp/netAppAccounts/sdk-net-tests-acc-212/capacityPools/sdk-net-tests-pool-205/volumes/sdk-net-tests-vol-2105?api-version=2021-06-01",
      "EncodedRequestUri": "L3N1YnNjcmlwdGlvbnMvNjlhNzViZGEtODgyZS00NGQ1LTg0MzEtNjM0MjEyMDQxMzJhL3Jlc291cmNlR3JvdXBzL3Nkay1uZXQtdGVzdC1xYTIvcHJvdmlkZXJzL01pY3Jvc29mdC5OZXRBcHAvbmV0QXBwQWNjb3VudHMvc2RrLW5ldC10ZXN0cy1hY2MtMjEyL2NhcGFjaXR5UG9vbHMvc2RrLW5ldC10ZXN0cy1wb29sLTIwNS92b2x1bWVzL3Nkay1uZXQtdGVzdHMtdm9sLTIxMDU/YXBpLXZlcnNpb249MjAyMS0wNi0wMQ==",
      "RequestMethod": "PUT",
      "RequestBody": "{\r\n  \"location\": \"westus2\",\r\n  \"tags\": {\r\n    \"Tag2\": \"Value2\"\r\n  },\r\n  \"properties\": {\r\n    \"creationToken\": \"sdk-net-tests-vol-2105\",\r\n    \"usageThreshold\": 107374182400,\r\n    \"exportPolicy\": {\r\n      \"rules\": [\r\n        {\r\n          \"ruleIndex\": 1,\r\n          \"unixReadOnly\": false,\r\n          \"unixReadWrite\": true,\r\n          \"cifs\": false,\r\n          \"nfsv3\": true,\r\n          \"nfsv41\": false,\r\n          \"allowedClients\": \"1.2.3.0/24\"\r\n        }\r\n      ]\r\n    },\r\n    \"protocolTypes\": [\r\n      \"NFSv3\"\r\n    ],\r\n    \"subnetId\": \"/subscriptions/69a75bda-882e-44d5-8431-63421204132a/resourceGroups/sdk-net-test-qa2/providers/Microsoft.Network/virtualNetworks/sdknettestqa2vnet464/subnets/default\",\r\n    \"securityStyle\": \"unix\"\r\n  }\r\n}",
      "RequestHeaders": {
        "x-ms-client-request-id": [
          "a12c7903-5d87-4bea-a9e1-7c3c720fed13"
        ],
        "Accept-Language": [
          "en-US"
        ],
        "User-Agent": [
          "FxVersion/4.6.30321.06",
          "OSName/Windows",
          "OSVersion/Microsoft.Windows.10.0.19042.",
          "Microsoft.Azure.Management.NetApp.AzureNetAppFilesManagementClient/1.13.0.0"
        ],
        "Content-Type": [
          "application/json; charset=utf-8"
        ],
        "Content-Length": [
          "738"
        ]
      },
      "ResponseHeaders": {
        "Cache-Control": [
          "no-cache"
        ],
        "Pragma": [
          "no-cache"
        ],
        "ETag": [
          "W/\"datetime'2021-08-23T13%3A03%3A08.3732931Z'\""
        ],
        "x-ms-request-id": [
          "caf483bf-8e67-490c-9e6c-3e88b40b18d5"
        ],
        "Azure-AsyncOperation": [
          "https://management.azure.com/subscriptions/69a75bda-882e-44d5-8431-63421204132a/providers/Microsoft.NetApp/locations/westus2/operationResults/39ab192b-9f44-4d9a-aa4f-1e1ffa4c42f1?api-version=2021-06-01"
        ],
        "Server": [
          "Microsoft-IIS/10.0"
        ],
        "X-Powered-By": [
          "ASP.NET"
        ],
        "x-ms-ratelimit-remaining-subscription-writes": [
          "1197"
        ],
        "x-ms-correlation-request-id": [
          "02c9ba61-3042-40a9-9941-2fb7df81649d"
        ],
        "x-ms-routing-request-id": [
          "UAECENTRAL:20210823T130310Z:02c9ba61-3042-40a9-9941-2fb7df81649d"
        ],
        "Strict-Transport-Security": [
          "max-age=31536000; includeSubDomains"
        ],
        "X-Content-Type-Options": [
          "nosniff"
        ],
        "Date": [
          "Mon, 23 Aug 2021 13:03:09 GMT"
        ],
        "Content-Length": [
          "1131"
        ],
        "Content-Type": [
          "application/json; charset=utf-8"
        ],
        "Expires": [
          "-1"
        ]
      },
      "ResponseBody": "{\r\n  \"id\": \"/subscriptions/69a75bda-882e-44d5-8431-63421204132a/resourceGroups/sdk-net-test-qa2/providers/Microsoft.NetApp/netAppAccounts/sdk-net-tests-acc-212/capacityPools/sdk-net-tests-pool-205/volumes/sdk-net-tests-vol-2105\",\r\n  \"name\": \"sdk-net-tests-acc-212/sdk-net-tests-pool-205/sdk-net-tests-vol-2105\",\r\n  \"type\": \"Microsoft.NetApp/netAppAccounts/capacityPools/volumes\",\r\n  \"etag\": \"W/\\\"datetime'2021-08-23T13%3A03%3A08.3732931Z'\\\"\",\r\n  \"location\": \"westus2\",\r\n  \"tags\": {\r\n    \"Tag2\": \"Value2\"\r\n  },\r\n  \"properties\": {\r\n    \"creationToken\": \"sdk-net-tests-vol-2105\",\r\n    \"usageThreshold\": 107374182400,\r\n    \"exportPolicy\": {\r\n      \"rules\": [\r\n        {\r\n          \"ruleIndex\": 1,\r\n          \"unixReadOnly\": false,\r\n          \"unixReadWrite\": true,\r\n          \"cifs\": false,\r\n          \"nfsv3\": true,\r\n          \"nfsv41\": false,\r\n          \"allowedClients\": \"1.2.3.0/24\",\r\n          \"kerberos5ReadOnly\": false,\r\n          \"kerberos5ReadWrite\": false,\r\n          \"kerberos5iReadOnly\": false,\r\n          \"kerberos5iReadWrite\": false,\r\n          \"kerberos5pReadOnly\": false,\r\n          \"kerberos5pReadWrite\": false\r\n        }\r\n      ]\r\n    },\r\n    \"protocolTypes\": [\r\n      \"NFSv3\"\r\n    ],\r\n    \"subnetId\": \"/subscriptions/69a75bda-882e-44d5-8431-63421204132a/resourceGroups/sdk-net-test-qa2/providers/Microsoft.Network/virtualNetworks/sdknettestqa2vnet464/subnets/default\",\r\n    \"securityStyle\": \"unix\",\r\n    \"provisioningState\": \"Creating\"\r\n  }\r\n}",
      "StatusCode": 201
    },
    {
      "RequestUri": "/subscriptions/69a75bda-882e-44d5-8431-63421204132a/providers/Microsoft.NetApp/locations/westus2/operationResults/39ab192b-9f44-4d9a-aa4f-1e1ffa4c42f1?api-version=2021-06-01",
      "EncodedRequestUri": "L3N1YnNjcmlwdGlvbnMvNjlhNzViZGEtODgyZS00NGQ1LTg0MzEtNjM0MjEyMDQxMzJhL3Byb3ZpZGVycy9NaWNyb3NvZnQuTmV0QXBwL2xvY2F0aW9ucy93ZXN0dXMyL29wZXJhdGlvblJlc3VsdHMvMzlhYjE5MmItOWY0NC00ZDlhLWFhNGYtMWUxZmZhNGM0MmYxP2FwaS12ZXJzaW9uPTIwMjEtMDYtMDE=",
      "RequestMethod": "GET",
      "RequestBody": "",
      "RequestHeaders": {
        "User-Agent": [
          "FxVersion/4.6.30321.06",
          "OSName/Windows",
          "OSVersion/Microsoft.Windows.10.0.19042.",
          "Microsoft.Azure.Management.NetApp.AzureNetAppFilesManagementClient/1.13.0.0"
        ]
      },
      "ResponseHeaders": {
        "Cache-Control": [
          "no-cache"
        ],
        "Pragma": [
          "no-cache"
        ],
        "x-ms-request-id": [
          "a191dc41-5878-4b40-95df-38d42d20ba8d"
        ],
        "Server": [
          "Microsoft-IIS/10.0"
        ],
        "X-Powered-By": [
          "ASP.NET"
        ],
        "x-ms-ratelimit-remaining-subscription-reads": [
          "11995"
        ],
        "x-ms-correlation-request-id": [
          "aebbe826-b541-4e43-a596-697340bf8ba1"
        ],
        "x-ms-routing-request-id": [
          "UAECENTRAL:20210823T130341Z:aebbe826-b541-4e43-a596-697340bf8ba1"
        ],
        "Strict-Transport-Security": [
          "max-age=31536000; includeSubDomains"
        ],
        "X-Content-Type-Options": [
          "nosniff"
        ],
        "Date": [
          "Mon, 23 Aug 2021 13:03:41 GMT"
        ],
        "Content-Length": [
          "571"
        ],
        "Content-Type": [
          "application/json; charset=utf-8"
        ],
        "Expires": [
          "-1"
        ]
      },
      "ResponseBody": "{\r\n  \"id\": \"/subscriptions/69a75bda-882e-44d5-8431-63421204132a/providers/Microsoft.NetApp/locations/westus2/operationResults/39ab192b-9f44-4d9a-aa4f-1e1ffa4c42f1\",\r\n  \"name\": \"39ab192b-9f44-4d9a-aa4f-1e1ffa4c42f1\",\r\n  \"status\": \"Creating\",\r\n  \"startTime\": \"2021-08-23T13:03:08.3847323Z\",\r\n  \"endTime\": \"0001-01-01T00:00:00Z\",\r\n  \"percentComplete\": 0.0,\r\n  \"properties\": {\r\n    \"resourceName\": \"/subscriptions/69a75bda-882e-44d5-8431-63421204132a/resourceGroups/sdk-net-test-qa2/providers/Microsoft.NetApp/netAppAccounts/sdk-net-tests-acc-212/capacityPools/sdk-net-tests-pool-205/volumes/sdk-net-tests-vol-2105\"\r\n  }\r\n}",
      "StatusCode": 200
    },
    {
      "RequestUri": "/subscriptions/69a75bda-882e-44d5-8431-63421204132a/providers/Microsoft.NetApp/locations/westus2/operationResults/39ab192b-9f44-4d9a-aa4f-1e1ffa4c42f1?api-version=2021-06-01",
      "EncodedRequestUri": "L3N1YnNjcmlwdGlvbnMvNjlhNzViZGEtODgyZS00NGQ1LTg0MzEtNjM0MjEyMDQxMzJhL3Byb3ZpZGVycy9NaWNyb3NvZnQuTmV0QXBwL2xvY2F0aW9ucy93ZXN0dXMyL29wZXJhdGlvblJlc3VsdHMvMzlhYjE5MmItOWY0NC00ZDlhLWFhNGYtMWUxZmZhNGM0MmYxP2FwaS12ZXJzaW9uPTIwMjEtMDYtMDE=",
      "RequestMethod": "GET",
      "RequestBody": "",
      "RequestHeaders": {
        "User-Agent": [
          "FxVersion/4.6.30321.06",
          "OSName/Windows",
          "OSVersion/Microsoft.Windows.10.0.19042.",
          "Microsoft.Azure.Management.NetApp.AzureNetAppFilesManagementClient/1.13.0.0"
        ]
      },
      "ResponseHeaders": {
        "Cache-Control": [
          "no-cache"
        ],
        "Pragma": [
          "no-cache"
        ],
        "x-ms-request-id": [
          "bcf7ea06-b983-43ed-9529-331d7b99f27a"
        ],
        "Server": [
          "Microsoft-IIS/10.0"
        ],
        "X-Powered-By": [
          "ASP.NET"
        ],
        "x-ms-ratelimit-remaining-subscription-reads": [
          "11994"
        ],
        "x-ms-correlation-request-id": [
          "833659d5-6833-4c5d-93a8-53b066b140a5"
        ],
        "x-ms-routing-request-id": [
          "UAECENTRAL:20210823T130411Z:833659d5-6833-4c5d-93a8-53b066b140a5"
        ],
        "Strict-Transport-Security": [
          "max-age=31536000; includeSubDomains"
        ],
        "X-Content-Type-Options": [
          "nosniff"
        ],
        "Date": [
          "Mon, 23 Aug 2021 13:04:11 GMT"
        ],
        "Content-Length": [
          "571"
        ],
        "Content-Type": [
          "application/json; charset=utf-8"
        ],
        "Expires": [
          "-1"
        ]
      },
      "ResponseBody": "{\r\n  \"id\": \"/subscriptions/69a75bda-882e-44d5-8431-63421204132a/providers/Microsoft.NetApp/locations/westus2/operationResults/39ab192b-9f44-4d9a-aa4f-1e1ffa4c42f1\",\r\n  \"name\": \"39ab192b-9f44-4d9a-aa4f-1e1ffa4c42f1\",\r\n  \"status\": \"Creating\",\r\n  \"startTime\": \"2021-08-23T13:03:08.3847323Z\",\r\n  \"endTime\": \"0001-01-01T00:00:00Z\",\r\n  \"percentComplete\": 0.0,\r\n  \"properties\": {\r\n    \"resourceName\": \"/subscriptions/69a75bda-882e-44d5-8431-63421204132a/resourceGroups/sdk-net-test-qa2/providers/Microsoft.NetApp/netAppAccounts/sdk-net-tests-acc-212/capacityPools/sdk-net-tests-pool-205/volumes/sdk-net-tests-vol-2105\"\r\n  }\r\n}",
      "StatusCode": 200
    },
    {
      "RequestUri": "/subscriptions/69a75bda-882e-44d5-8431-63421204132a/providers/Microsoft.NetApp/locations/westus2/operationResults/39ab192b-9f44-4d9a-aa4f-1e1ffa4c42f1?api-version=2021-06-01",
      "EncodedRequestUri": "L3N1YnNjcmlwdGlvbnMvNjlhNzViZGEtODgyZS00NGQ1LTg0MzEtNjM0MjEyMDQxMzJhL3Byb3ZpZGVycy9NaWNyb3NvZnQuTmV0QXBwL2xvY2F0aW9ucy93ZXN0dXMyL29wZXJhdGlvblJlc3VsdHMvMzlhYjE5MmItOWY0NC00ZDlhLWFhNGYtMWUxZmZhNGM0MmYxP2FwaS12ZXJzaW9uPTIwMjEtMDYtMDE=",
      "RequestMethod": "GET",
      "RequestBody": "",
      "RequestHeaders": {
        "User-Agent": [
          "FxVersion/4.6.30321.06",
          "OSName/Windows",
          "OSVersion/Microsoft.Windows.10.0.19042.",
          "Microsoft.Azure.Management.NetApp.AzureNetAppFilesManagementClient/1.13.0.0"
        ]
      },
      "ResponseHeaders": {
        "Cache-Control": [
          "no-cache"
        ],
        "Pragma": [
          "no-cache"
        ],
        "x-ms-request-id": [
          "29ca95c8-f6bd-4511-ba86-e618916d9c7e"
        ],
        "Server": [
          "Microsoft-IIS/10.0"
        ],
        "X-Powered-By": [
          "ASP.NET"
        ],
        "x-ms-ratelimit-remaining-subscription-reads": [
          "11993"
        ],
        "x-ms-correlation-request-id": [
          "567c2590-6765-487b-bd6b-3032917c638e"
        ],
        "x-ms-routing-request-id": [
          "UAECENTRAL:20210823T130442Z:567c2590-6765-487b-bd6b-3032917c638e"
        ],
        "Strict-Transport-Security": [
          "max-age=31536000; includeSubDomains"
        ],
        "X-Content-Type-Options": [
          "nosniff"
        ],
        "Date": [
          "Mon, 23 Aug 2021 13:04:41 GMT"
        ],
        "Content-Length": [
          "571"
        ],
        "Content-Type": [
          "application/json; charset=utf-8"
        ],
        "Expires": [
          "-1"
        ]
      },
      "ResponseBody": "{\r\n  \"id\": \"/subscriptions/69a75bda-882e-44d5-8431-63421204132a/providers/Microsoft.NetApp/locations/westus2/operationResults/39ab192b-9f44-4d9a-aa4f-1e1ffa4c42f1\",\r\n  \"name\": \"39ab192b-9f44-4d9a-aa4f-1e1ffa4c42f1\",\r\n  \"status\": \"Creating\",\r\n  \"startTime\": \"2021-08-23T13:03:08.3847323Z\",\r\n  \"endTime\": \"0001-01-01T00:00:00Z\",\r\n  \"percentComplete\": 0.0,\r\n  \"properties\": {\r\n    \"resourceName\": \"/subscriptions/69a75bda-882e-44d5-8431-63421204132a/resourceGroups/sdk-net-test-qa2/providers/Microsoft.NetApp/netAppAccounts/sdk-net-tests-acc-212/capacityPools/sdk-net-tests-pool-205/volumes/sdk-net-tests-vol-2105\"\r\n  }\r\n}",
      "StatusCode": 200
    },
    {
      "RequestUri": "/subscriptions/69a75bda-882e-44d5-8431-63421204132a/providers/Microsoft.NetApp/locations/westus2/operationResults/39ab192b-9f44-4d9a-aa4f-1e1ffa4c42f1?api-version=2021-06-01",
      "EncodedRequestUri": "L3N1YnNjcmlwdGlvbnMvNjlhNzViZGEtODgyZS00NGQ1LTg0MzEtNjM0MjEyMDQxMzJhL3Byb3ZpZGVycy9NaWNyb3NvZnQuTmV0QXBwL2xvY2F0aW9ucy93ZXN0dXMyL29wZXJhdGlvblJlc3VsdHMvMzlhYjE5MmItOWY0NC00ZDlhLWFhNGYtMWUxZmZhNGM0MmYxP2FwaS12ZXJzaW9uPTIwMjEtMDYtMDE=",
      "RequestMethod": "GET",
      "RequestBody": "",
      "RequestHeaders": {
        "User-Agent": [
          "FxVersion/4.6.30321.06",
          "OSName/Windows",
          "OSVersion/Microsoft.Windows.10.0.19042.",
          "Microsoft.Azure.Management.NetApp.AzureNetAppFilesManagementClient/1.13.0.0"
        ]
      },
      "ResponseHeaders": {
        "Cache-Control": [
          "no-cache"
        ],
        "Pragma": [
          "no-cache"
        ],
        "x-ms-request-id": [
          "7326860a-211d-4c47-9f25-d780de32fb13"
        ],
        "Server": [
          "Microsoft-IIS/10.0"
        ],
        "X-Powered-By": [
          "ASP.NET"
        ],
        "x-ms-ratelimit-remaining-subscription-reads": [
          "11992"
        ],
        "x-ms-correlation-request-id": [
          "f20f44ff-7c44-42f9-b316-ecdf5f05d49c"
        ],
        "x-ms-routing-request-id": [
          "UAECENTRAL:20210823T130513Z:f20f44ff-7c44-42f9-b316-ecdf5f05d49c"
        ],
        "Strict-Transport-Security": [
          "max-age=31536000; includeSubDomains"
        ],
        "X-Content-Type-Options": [
          "nosniff"
        ],
        "Date": [
          "Mon, 23 Aug 2021 13:05:12 GMT"
        ],
        "Content-Length": [
          "571"
        ],
        "Content-Type": [
          "application/json; charset=utf-8"
        ],
        "Expires": [
          "-1"
        ]
      },
      "ResponseBody": "{\r\n  \"id\": \"/subscriptions/69a75bda-882e-44d5-8431-63421204132a/providers/Microsoft.NetApp/locations/westus2/operationResults/39ab192b-9f44-4d9a-aa4f-1e1ffa4c42f1\",\r\n  \"name\": \"39ab192b-9f44-4d9a-aa4f-1e1ffa4c42f1\",\r\n  \"status\": \"Creating\",\r\n  \"startTime\": \"2021-08-23T13:03:08.3847323Z\",\r\n  \"endTime\": \"0001-01-01T00:00:00Z\",\r\n  \"percentComplete\": 0.0,\r\n  \"properties\": {\r\n    \"resourceName\": \"/subscriptions/69a75bda-882e-44d5-8431-63421204132a/resourceGroups/sdk-net-test-qa2/providers/Microsoft.NetApp/netAppAccounts/sdk-net-tests-acc-212/capacityPools/sdk-net-tests-pool-205/volumes/sdk-net-tests-vol-2105\"\r\n  }\r\n}",
      "StatusCode": 200
    },
    {
      "RequestUri": "/subscriptions/69a75bda-882e-44d5-8431-63421204132a/providers/Microsoft.NetApp/locations/westus2/operationResults/39ab192b-9f44-4d9a-aa4f-1e1ffa4c42f1?api-version=2021-06-01",
      "EncodedRequestUri": "L3N1YnNjcmlwdGlvbnMvNjlhNzViZGEtODgyZS00NGQ1LTg0MzEtNjM0MjEyMDQxMzJhL3Byb3ZpZGVycy9NaWNyb3NvZnQuTmV0QXBwL2xvY2F0aW9ucy93ZXN0dXMyL29wZXJhdGlvblJlc3VsdHMvMzlhYjE5MmItOWY0NC00ZDlhLWFhNGYtMWUxZmZhNGM0MmYxP2FwaS12ZXJzaW9uPTIwMjEtMDYtMDE=",
      "RequestMethod": "GET",
      "RequestBody": "",
      "RequestHeaders": {
        "User-Agent": [
          "FxVersion/4.6.30321.06",
          "OSName/Windows",
          "OSVersion/Microsoft.Windows.10.0.19042.",
          "Microsoft.Azure.Management.NetApp.AzureNetAppFilesManagementClient/1.13.0.0"
        ]
      },
      "ResponseHeaders": {
        "Cache-Control": [
          "no-cache"
        ],
        "Pragma": [
          "no-cache"
        ],
        "x-ms-request-id": [
          "5f65cdfe-76cd-456e-8a01-d76d27a8e263"
        ],
        "Server": [
          "Microsoft-IIS/10.0"
        ],
        "X-Powered-By": [
          "ASP.NET"
        ],
        "x-ms-ratelimit-remaining-subscription-reads": [
          "11991"
        ],
        "x-ms-correlation-request-id": [
          "775619ec-79e0-4a16-bc41-f2e94e2ae2db"
        ],
        "x-ms-routing-request-id": [
          "UAECENTRAL:20210823T130543Z:775619ec-79e0-4a16-bc41-f2e94e2ae2db"
        ],
        "Strict-Transport-Security": [
          "max-age=31536000; includeSubDomains"
        ],
        "X-Content-Type-Options": [
          "nosniff"
        ],
        "Date": [
          "Mon, 23 Aug 2021 13:05:43 GMT"
        ],
        "Content-Length": [
          "571"
        ],
        "Content-Type": [
          "application/json; charset=utf-8"
        ],
        "Expires": [
          "-1"
        ]
      },
      "ResponseBody": "{\r\n  \"id\": \"/subscriptions/69a75bda-882e-44d5-8431-63421204132a/providers/Microsoft.NetApp/locations/westus2/operationResults/39ab192b-9f44-4d9a-aa4f-1e1ffa4c42f1\",\r\n  \"name\": \"39ab192b-9f44-4d9a-aa4f-1e1ffa4c42f1\",\r\n  \"status\": \"Creating\",\r\n  \"startTime\": \"2021-08-23T13:03:08.3847323Z\",\r\n  \"endTime\": \"0001-01-01T00:00:00Z\",\r\n  \"percentComplete\": 0.0,\r\n  \"properties\": {\r\n    \"resourceName\": \"/subscriptions/69a75bda-882e-44d5-8431-63421204132a/resourceGroups/sdk-net-test-qa2/providers/Microsoft.NetApp/netAppAccounts/sdk-net-tests-acc-212/capacityPools/sdk-net-tests-pool-205/volumes/sdk-net-tests-vol-2105\"\r\n  }\r\n}",
      "StatusCode": 200
    },
    {
      "RequestUri": "/subscriptions/69a75bda-882e-44d5-8431-63421204132a/providers/Microsoft.NetApp/locations/westus2/operationResults/39ab192b-9f44-4d9a-aa4f-1e1ffa4c42f1?api-version=2021-06-01",
      "EncodedRequestUri": "L3N1YnNjcmlwdGlvbnMvNjlhNzViZGEtODgyZS00NGQ1LTg0MzEtNjM0MjEyMDQxMzJhL3Byb3ZpZGVycy9NaWNyb3NvZnQuTmV0QXBwL2xvY2F0aW9ucy93ZXN0dXMyL29wZXJhdGlvblJlc3VsdHMvMzlhYjE5MmItOWY0NC00ZDlhLWFhNGYtMWUxZmZhNGM0MmYxP2FwaS12ZXJzaW9uPTIwMjEtMDYtMDE=",
      "RequestMethod": "GET",
      "RequestBody": "",
      "RequestHeaders": {
        "User-Agent": [
          "FxVersion/4.6.30321.06",
          "OSName/Windows",
          "OSVersion/Microsoft.Windows.10.0.19042.",
          "Microsoft.Azure.Management.NetApp.AzureNetAppFilesManagementClient/1.13.0.0"
        ]
      },
      "ResponseHeaders": {
        "Cache-Control": [
          "no-cache"
        ],
        "Pragma": [
          "no-cache"
        ],
        "x-ms-request-id": [
          "5a24f9a4-dc84-4d93-931a-df3453214782"
        ],
        "x-ms-ratelimit-remaining-subscription-reads": [
          "11990"
        ],
        "Server": [
          "Microsoft-IIS/10.0"
        ],
        "X-Powered-By": [
          "ASP.NET"
        ],
        "x-ms-correlation-request-id": [
          "7900afa8-7fde-400f-88a6-66c296ecf55b"
        ],
        "x-ms-routing-request-id": [
          "UAECENTRAL:20210823T130614Z:7900afa8-7fde-400f-88a6-66c296ecf55b"
        ],
        "Strict-Transport-Security": [
          "max-age=31536000; includeSubDomains"
        ],
        "X-Content-Type-Options": [
          "nosniff"
        ],
        "Date": [
          "Mon, 23 Aug 2021 13:06:13 GMT"
        ],
        "Content-Length": [
          "571"
        ],
        "Content-Type": [
          "application/json; charset=utf-8"
        ],
        "Expires": [
          "-1"
        ]
      },
      "ResponseBody": "{\r\n  \"id\": \"/subscriptions/69a75bda-882e-44d5-8431-63421204132a/providers/Microsoft.NetApp/locations/westus2/operationResults/39ab192b-9f44-4d9a-aa4f-1e1ffa4c42f1\",\r\n  \"name\": \"39ab192b-9f44-4d9a-aa4f-1e1ffa4c42f1\",\r\n  \"status\": \"Creating\",\r\n  \"startTime\": \"2021-08-23T13:03:08.3847323Z\",\r\n  \"endTime\": \"0001-01-01T00:00:00Z\",\r\n  \"percentComplete\": 0.0,\r\n  \"properties\": {\r\n    \"resourceName\": \"/subscriptions/69a75bda-882e-44d5-8431-63421204132a/resourceGroups/sdk-net-test-qa2/providers/Microsoft.NetApp/netAppAccounts/sdk-net-tests-acc-212/capacityPools/sdk-net-tests-pool-205/volumes/sdk-net-tests-vol-2105\"\r\n  }\r\n}",
      "StatusCode": 200
    },
    {
      "RequestUri": "/subscriptions/69a75bda-882e-44d5-8431-63421204132a/providers/Microsoft.NetApp/locations/westus2/operationResults/39ab192b-9f44-4d9a-aa4f-1e1ffa4c42f1?api-version=2021-06-01",
      "EncodedRequestUri": "L3N1YnNjcmlwdGlvbnMvNjlhNzViZGEtODgyZS00NGQ1LTg0MzEtNjM0MjEyMDQxMzJhL3Byb3ZpZGVycy9NaWNyb3NvZnQuTmV0QXBwL2xvY2F0aW9ucy93ZXN0dXMyL29wZXJhdGlvblJlc3VsdHMvMzlhYjE5MmItOWY0NC00ZDlhLWFhNGYtMWUxZmZhNGM0MmYxP2FwaS12ZXJzaW9uPTIwMjEtMDYtMDE=",
      "RequestMethod": "GET",
      "RequestBody": "",
      "RequestHeaders": {
        "User-Agent": [
          "FxVersion/4.6.30321.06",
          "OSName/Windows",
          "OSVersion/Microsoft.Windows.10.0.19042.",
          "Microsoft.Azure.Management.NetApp.AzureNetAppFilesManagementClient/1.13.0.0"
        ]
      },
      "ResponseHeaders": {
        "Cache-Control": [
          "no-cache"
        ],
        "Pragma": [
          "no-cache"
        ],
        "x-ms-request-id": [
          "7253267b-6cbb-4ac7-97a7-5532fe0e8311"
        ],
        "Server": [
          "Microsoft-IIS/10.0"
        ],
        "X-Powered-By": [
          "ASP.NET"
        ],
        "x-ms-ratelimit-remaining-subscription-reads": [
          "11989"
        ],
        "x-ms-correlation-request-id": [
          "13d1e797-9f03-4ffa-b625-dc9dc229e3ea"
        ],
        "x-ms-routing-request-id": [
          "UAECENTRAL:20210823T130645Z:13d1e797-9f03-4ffa-b625-dc9dc229e3ea"
        ],
        "Strict-Transport-Security": [
          "max-age=31536000; includeSubDomains"
        ],
        "X-Content-Type-Options": [
          "nosniff"
        ],
        "Date": [
          "Mon, 23 Aug 2021 13:06:45 GMT"
        ],
        "Content-Length": [
          "571"
        ],
        "Content-Type": [
          "application/json; charset=utf-8"
        ],
        "Expires": [
          "-1"
        ]
      },
      "ResponseBody": "{\r\n  \"id\": \"/subscriptions/69a75bda-882e-44d5-8431-63421204132a/providers/Microsoft.NetApp/locations/westus2/operationResults/39ab192b-9f44-4d9a-aa4f-1e1ffa4c42f1\",\r\n  \"name\": \"39ab192b-9f44-4d9a-aa4f-1e1ffa4c42f1\",\r\n  \"status\": \"Creating\",\r\n  \"startTime\": \"2021-08-23T13:03:08.3847323Z\",\r\n  \"endTime\": \"0001-01-01T00:00:00Z\",\r\n  \"percentComplete\": 0.0,\r\n  \"properties\": {\r\n    \"resourceName\": \"/subscriptions/69a75bda-882e-44d5-8431-63421204132a/resourceGroups/sdk-net-test-qa2/providers/Microsoft.NetApp/netAppAccounts/sdk-net-tests-acc-212/capacityPools/sdk-net-tests-pool-205/volumes/sdk-net-tests-vol-2105\"\r\n  }\r\n}",
      "StatusCode": 200
    },
    {
      "RequestUri": "/subscriptions/69a75bda-882e-44d5-8431-63421204132a/providers/Microsoft.NetApp/locations/westus2/operationResults/39ab192b-9f44-4d9a-aa4f-1e1ffa4c42f1?api-version=2021-06-01",
      "EncodedRequestUri": "L3N1YnNjcmlwdGlvbnMvNjlhNzViZGEtODgyZS00NGQ1LTg0MzEtNjM0MjEyMDQxMzJhL3Byb3ZpZGVycy9NaWNyb3NvZnQuTmV0QXBwL2xvY2F0aW9ucy93ZXN0dXMyL29wZXJhdGlvblJlc3VsdHMvMzlhYjE5MmItOWY0NC00ZDlhLWFhNGYtMWUxZmZhNGM0MmYxP2FwaS12ZXJzaW9uPTIwMjEtMDYtMDE=",
      "RequestMethod": "GET",
      "RequestBody": "",
      "RequestHeaders": {
        "User-Agent": [
          "FxVersion/4.6.30321.06",
          "OSName/Windows",
          "OSVersion/Microsoft.Windows.10.0.19042.",
          "Microsoft.Azure.Management.NetApp.AzureNetAppFilesManagementClient/1.13.0.0"
        ]
      },
      "ResponseHeaders": {
        "Cache-Control": [
          "no-cache"
        ],
        "Pragma": [
          "no-cache"
        ],
        "x-ms-request-id": [
          "1c0eacad-c2c0-4153-b28e-d93e200b9896"
        ],
        "Server": [
          "Microsoft-IIS/10.0"
        ],
        "X-Powered-By": [
          "ASP.NET"
        ],
        "x-ms-ratelimit-remaining-subscription-reads": [
          "11988"
        ],
        "x-ms-correlation-request-id": [
          "a4df131e-541b-4b0b-8ba8-67a9a7d2adef"
        ],
        "x-ms-routing-request-id": [
          "UAECENTRAL:20210823T130716Z:a4df131e-541b-4b0b-8ba8-67a9a7d2adef"
        ],
        "Strict-Transport-Security": [
          "max-age=31536000; includeSubDomains"
        ],
        "X-Content-Type-Options": [
          "nosniff"
        ],
        "Date": [
          "Mon, 23 Aug 2021 13:07:15 GMT"
        ],
        "Content-Length": [
          "571"
        ],
        "Content-Type": [
          "application/json; charset=utf-8"
        ],
        "Expires": [
          "-1"
        ]
      },
      "ResponseBody": "{\r\n  \"id\": \"/subscriptions/69a75bda-882e-44d5-8431-63421204132a/providers/Microsoft.NetApp/locations/westus2/operationResults/39ab192b-9f44-4d9a-aa4f-1e1ffa4c42f1\",\r\n  \"name\": \"39ab192b-9f44-4d9a-aa4f-1e1ffa4c42f1\",\r\n  \"status\": \"Creating\",\r\n  \"startTime\": \"2021-08-23T13:03:08.3847323Z\",\r\n  \"endTime\": \"0001-01-01T00:00:00Z\",\r\n  \"percentComplete\": 0.0,\r\n  \"properties\": {\r\n    \"resourceName\": \"/subscriptions/69a75bda-882e-44d5-8431-63421204132a/resourceGroups/sdk-net-test-qa2/providers/Microsoft.NetApp/netAppAccounts/sdk-net-tests-acc-212/capacityPools/sdk-net-tests-pool-205/volumes/sdk-net-tests-vol-2105\"\r\n  }\r\n}",
      "StatusCode": 200
    },
    {
      "RequestUri": "/subscriptions/69a75bda-882e-44d5-8431-63421204132a/providers/Microsoft.NetApp/locations/westus2/operationResults/39ab192b-9f44-4d9a-aa4f-1e1ffa4c42f1?api-version=2021-06-01",
      "EncodedRequestUri": "L3N1YnNjcmlwdGlvbnMvNjlhNzViZGEtODgyZS00NGQ1LTg0MzEtNjM0MjEyMDQxMzJhL3Byb3ZpZGVycy9NaWNyb3NvZnQuTmV0QXBwL2xvY2F0aW9ucy93ZXN0dXMyL29wZXJhdGlvblJlc3VsdHMvMzlhYjE5MmItOWY0NC00ZDlhLWFhNGYtMWUxZmZhNGM0MmYxP2FwaS12ZXJzaW9uPTIwMjEtMDYtMDE=",
      "RequestMethod": "GET",
      "RequestBody": "",
      "RequestHeaders": {
        "User-Agent": [
          "FxVersion/4.6.30321.06",
          "OSName/Windows",
          "OSVersion/Microsoft.Windows.10.0.19042.",
          "Microsoft.Azure.Management.NetApp.AzureNetAppFilesManagementClient/1.13.0.0"
        ]
      },
      "ResponseHeaders": {
        "Cache-Control": [
          "no-cache"
        ],
        "Pragma": [
          "no-cache"
        ],
        "x-ms-request-id": [
          "9d58cb7f-1e94-46d7-8e54-3feb35c8d032"
        ],
        "Server": [
          "Microsoft-IIS/10.0"
        ],
        "X-Powered-By": [
          "ASP.NET"
        ],
        "x-ms-ratelimit-remaining-subscription-reads": [
          "11987"
        ],
        "x-ms-correlation-request-id": [
          "8d3bc2fc-67a8-4c7d-b610-4ea78637cbc2"
        ],
        "x-ms-routing-request-id": [
          "UAECENTRAL:20210823T130746Z:8d3bc2fc-67a8-4c7d-b610-4ea78637cbc2"
        ],
        "Strict-Transport-Security": [
          "max-age=31536000; includeSubDomains"
        ],
        "X-Content-Type-Options": [
          "nosniff"
        ],
        "Date": [
          "Mon, 23 Aug 2021 13:07:45 GMT"
        ],
        "Content-Length": [
          "582"
        ],
        "Content-Type": [
          "application/json; charset=utf-8"
        ],
        "Expires": [
          "-1"
        ]
      },
      "ResponseBody": "{\r\n  \"id\": \"/subscriptions/69a75bda-882e-44d5-8431-63421204132a/providers/Microsoft.NetApp/locations/westus2/operationResults/39ab192b-9f44-4d9a-aa4f-1e1ffa4c42f1\",\r\n  \"name\": \"39ab192b-9f44-4d9a-aa4f-1e1ffa4c42f1\",\r\n  \"status\": \"Succeeded\",\r\n  \"startTime\": \"2021-08-23T13:03:08.3847323Z\",\r\n  \"endTime\": \"2021-08-23T13:07:18.4266579Z\",\r\n  \"percentComplete\": 100.0,\r\n  \"properties\": {\r\n    \"resourceName\": \"/subscriptions/69a75bda-882e-44d5-8431-63421204132a/resourceGroups/sdk-net-test-qa2/providers/Microsoft.NetApp/netAppAccounts/sdk-net-tests-acc-212/capacityPools/sdk-net-tests-pool-205/volumes/sdk-net-tests-vol-2105\"\r\n  }\r\n}",
      "StatusCode": 200
    },
    {
      "RequestUri": "/subscriptions/69a75bda-882e-44d5-8431-63421204132a/resourceGroups/sdk-net-test-qa2/providers/Microsoft.NetApp/netAppAccounts/sdk-net-tests-acc-212/capacityPools/sdk-net-tests-pool-205/volumes/sdk-net-tests-vol-2105?api-version=2021-06-01",
      "EncodedRequestUri": "L3N1YnNjcmlwdGlvbnMvNjlhNzViZGEtODgyZS00NGQ1LTg0MzEtNjM0MjEyMDQxMzJhL3Jlc291cmNlR3JvdXBzL3Nkay1uZXQtdGVzdC1xYTIvcHJvdmlkZXJzL01pY3Jvc29mdC5OZXRBcHAvbmV0QXBwQWNjb3VudHMvc2RrLW5ldC10ZXN0cy1hY2MtMjEyL2NhcGFjaXR5UG9vbHMvc2RrLW5ldC10ZXN0cy1wb29sLTIwNS92b2x1bWVzL3Nkay1uZXQtdGVzdHMtdm9sLTIxMDU/YXBpLXZlcnNpb249MjAyMS0wNi0wMQ==",
      "RequestMethod": "GET",
      "RequestBody": "",
      "RequestHeaders": {
        "User-Agent": [
          "FxVersion/4.6.30321.06",
          "OSName/Windows",
          "OSVersion/Microsoft.Windows.10.0.19042.",
          "Microsoft.Azure.Management.NetApp.AzureNetAppFilesManagementClient/1.13.0.0"
        ]
      },
      "ResponseHeaders": {
        "Cache-Control": [
          "no-cache"
        ],
        "Pragma": [
          "no-cache"
        ],
        "ETag": [
          "W/\"datetime'2021-08-23T13%3A07%3A18.4165316Z'\""
        ],
        "x-ms-request-id": [
          "d07ffc6f-fe85-4df1-896a-5180d050f726"
        ],
        "Server": [
          "Microsoft-IIS/10.0"
        ],
        "X-Powered-By": [
          "ASP.NET"
        ],
        "x-ms-ratelimit-remaining-subscription-reads": [
          "11986"
        ],
        "x-ms-correlation-request-id": [
          "278c65fe-dd6a-45ee-b232-699631594224"
        ],
        "x-ms-routing-request-id": [
          "UAECENTRAL:20210823T130747Z:278c65fe-dd6a-45ee-b232-699631594224"
        ],
        "Strict-Transport-Security": [
          "max-age=31536000; includeSubDomains"
        ],
        "X-Content-Type-Options": [
          "nosniff"
        ],
        "Date": [
          "Mon, 23 Aug 2021 13:07:46 GMT"
        ],
        "Content-Length": [
          "1993"
        ],
        "Content-Type": [
          "application/json; charset=utf-8"
        ],
        "Expires": [
          "-1"
        ]
      },
      "ResponseBody": "{\r\n  \"id\": \"/subscriptions/69a75bda-882e-44d5-8431-63421204132a/resourceGroups/sdk-net-test-qa2/providers/Microsoft.NetApp/netAppAccounts/sdk-net-tests-acc-212/capacityPools/sdk-net-tests-pool-205/volumes/sdk-net-tests-vol-2105\",\r\n  \"name\": \"sdk-net-tests-acc-212/sdk-net-tests-pool-205/sdk-net-tests-vol-2105\",\r\n  \"type\": \"Microsoft.NetApp/netAppAccounts/capacityPools/volumes\",\r\n  \"etag\": \"W/\\\"datetime'2021-08-23T13%3A07%3A18.4165316Z'\\\"\",\r\n  \"location\": \"westus2\",\r\n  \"tags\": {\r\n    \"Tag2\": \"Value2\"\r\n  },\r\n  \"properties\": {\r\n    \"provisioningState\": \"Succeeded\",\r\n    \"fileSystemId\": \"7946fde8-5875-ba96-47da-b1a37d53a70b\",\r\n    \"serviceLevel\": \"Premium\",\r\n    \"creationToken\": \"sdk-net-tests-vol-2105\",\r\n    \"usageThreshold\": 107374182400,\r\n    \"exportPolicy\": {\r\n      \"rules\": [\r\n        {\r\n          \"ruleIndex\": 1,\r\n          \"unixReadOnly\": false,\r\n          \"unixReadWrite\": true,\r\n          \"cifs\": false,\r\n          \"nfsv3\": true,\r\n          \"nfsv41\": false,\r\n          \"allowedClients\": \"1.2.3.0/24\",\r\n          \"kerberos5ReadOnly\": false,\r\n          \"kerberos5ReadWrite\": false,\r\n          \"kerberos5iReadOnly\": false,\r\n          \"kerberos5iReadWrite\": false,\r\n          \"kerberos5pReadOnly\": false,\r\n          \"kerberos5pReadWrite\": false,\r\n          \"hasRootAccess\": true,\r\n          \"chownMode\": \"Restricted\"\r\n        }\r\n      ]\r\n    },\r\n    \"protocolTypes\": [\r\n      \"NFSv3\"\r\n    ],\r\n    \"baremetalTenantId\": \"baremetalTenant_svm_8f82c7b40509489d9e97d719b9b955b4_ab8a887f\",\r\n    \"subnetId\": \"/subscriptions/69a75bda-882e-44d5-8431-63421204132a/resourceGroups/sdk-net-test-qa2/providers/Microsoft.Network/virtualNetworks/sdknettestqa2vnet464/subnets/default\",\r\n    \"networkFeatures\": \"Basic\",\r\n    \"networkSiblingSetId\": \"b9adf3d9-1e67-03e2-d114-6a63d1718f87\",\r\n    \"storageToNetworkProximity\": \"Default\",\r\n    \"snapshotDirectoryVisible\": true,\r\n    \"kerberosEnabled\": false,\r\n    \"securityStyle\": \"Unix\",\r\n    \"smbEncryption\": false,\r\n    \"smbContinuouslyAvailable\": false,\r\n    \"encryptionKeySource\": \"Microsoft.NetApp\",\r\n    \"ldapEnabled\": false,\r\n    \"unixPermissions\": \"0770\",\r\n    \"mountTargets\": [\r\n      {\r\n        \"mountTargetId\": \"7946fde8-5875-ba96-47da-b1a37d53a70b\",\r\n        \"fileSystemId\": \"7946fde8-5875-ba96-47da-b1a37d53a70b\",\r\n        \"ipAddress\": \"10.1.8.7\"\r\n      }\r\n    ],\r\n    \"throughputMibps\": 6.4,\r\n    \"volumeSpecName\": \"generic\",\r\n    \"coolAccess\": false,\r\n    \"avsDataStore\": \"Disabled\",\r\n    \"isDefaultQuotaEnabled\": false,\r\n    \"defaultUserQuotaInKiBs\": 0,\r\n    \"defaultGroupQuotaInKiBs\": 0\r\n  }\r\n}",
      "StatusCode": 200
    },
    {
      "RequestUri": "/subscriptions/69a75bda-882e-44d5-8431-63421204132a/resourceGroups/sdk-net-test-qa2/providers/Microsoft.NetApp/netAppAccounts/sdk-net-tests-acc-212/capacityPools/sdk-net-tests-pool-205/volumes?api-version=2021-06-01",
      "EncodedRequestUri": "L3N1YnNjcmlwdGlvbnMvNjlhNzViZGEtODgyZS00NGQ1LTg0MzEtNjM0MjEyMDQxMzJhL3Jlc291cmNlR3JvdXBzL3Nkay1uZXQtdGVzdC1xYTIvcHJvdmlkZXJzL01pY3Jvc29mdC5OZXRBcHAvbmV0QXBwQWNjb3VudHMvc2RrLW5ldC10ZXN0cy1hY2MtMjEyL2NhcGFjaXR5UG9vbHMvc2RrLW5ldC10ZXN0cy1wb29sLTIwNS92b2x1bWVzP2FwaS12ZXJzaW9uPTIwMjEtMDYtMDE=",
      "RequestMethod": "GET",
      "RequestBody": "",
      "RequestHeaders": {
        "x-ms-client-request-id": [
          "e6aa85d7-f9cb-4f0d-9a15-cffd23d20e51"
        ],
        "Accept-Language": [
          "en-US"
        ],
        "User-Agent": [
          "FxVersion/4.6.30321.06",
          "OSName/Windows",
          "OSVersion/Microsoft.Windows.10.0.19042.",
          "Microsoft.Azure.Management.NetApp.AzureNetAppFilesManagementClient/1.13.0.0"
        ]
      },
      "ResponseHeaders": {
        "Cache-Control": [
          "no-cache"
        ],
        "Pragma": [
          "no-cache"
        ],
        "x-ms-request-id": [
          "87d46441-baf5-4270-95b5-69d59b17379d"
        ],
        "Server": [
          "Microsoft-IIS/10.0"
        ],
        "X-Powered-By": [
          "ASP.NET"
        ],
        "x-ms-ratelimit-remaining-subscription-reads": [
          "11985"
        ],
        "x-ms-correlation-request-id": [
          "20df1892-225f-43bf-afcf-a47bd938c81c"
        ],
        "x-ms-routing-request-id": [
          "UAECENTRAL:20210823T130752Z:20df1892-225f-43bf-afcf-a47bd938c81c"
        ],
        "Strict-Transport-Security": [
          "max-age=31536000; includeSubDomains"
        ],
        "X-Content-Type-Options": [
          "nosniff"
        ],
        "Date": [
          "Mon, 23 Aug 2021 13:07:52 GMT"
        ],
        "Content-Length": [
          "2005"
        ],
        "Content-Type": [
          "application/json; charset=utf-8"
        ],
        "Expires": [
          "-1"
        ]
      },
      "ResponseBody": "{\r\n  \"value\": [\r\n    {\r\n      \"id\": \"/subscriptions/69a75bda-882e-44d5-8431-63421204132a/resourceGroups/sdk-net-test-qa2/providers/Microsoft.NetApp/netAppAccounts/sdk-net-tests-acc-212/capacityPools/sdk-net-tests-pool-205/volumes/sdk-net-tests-vol-2105\",\r\n      \"name\": \"sdk-net-tests-acc-212/sdk-net-tests-pool-205/sdk-net-tests-vol-2105\",\r\n      \"type\": \"Microsoft.NetApp/netAppAccounts/capacityPools/volumes\",\r\n      \"etag\": \"W/\\\"datetime'2021-08-23T13%3A07%3A18.4165316Z'\\\"\",\r\n      \"location\": \"westus2\",\r\n      \"tags\": {\r\n        \"Tag2\": \"Value2\"\r\n      },\r\n      \"properties\": {\r\n        \"provisioningState\": \"Succeeded\",\r\n        \"fileSystemId\": \"7946fde8-5875-ba96-47da-b1a37d53a70b\",\r\n        \"serviceLevel\": \"Premium\",\r\n        \"creationToken\": \"sdk-net-tests-vol-2105\",\r\n        \"usageThreshold\": 107374182400,\r\n        \"exportPolicy\": {\r\n          \"rules\": [\r\n            {\r\n              \"ruleIndex\": 1,\r\n              \"unixReadOnly\": false,\r\n              \"unixReadWrite\": true,\r\n              \"cifs\": false,\r\n              \"nfsv3\": true,\r\n              \"nfsv41\": false,\r\n              \"allowedClients\": \"1.2.3.0/24\",\r\n              \"kerberos5ReadOnly\": false,\r\n              \"kerberos5ReadWrite\": false,\r\n              \"kerberos5iReadOnly\": false,\r\n              \"kerberos5iReadWrite\": false,\r\n              \"kerberos5pReadOnly\": false,\r\n              \"kerberos5pReadWrite\": false,\r\n              \"hasRootAccess\": true,\r\n              \"chownMode\": \"Restricted\"\r\n            }\r\n          ]\r\n        },\r\n        \"protocolTypes\": [\r\n          \"NFSv3\"\r\n        ],\r\n        \"baremetalTenantId\": \"baremetalTenant_svm_8f82c7b40509489d9e97d719b9b955b4_ab8a887f\",\r\n        \"subnetId\": \"/subscriptions/69a75bda-882e-44d5-8431-63421204132a/resourceGroups/sdk-net-test-qa2/providers/Microsoft.Network/virtualNetworks/sdknettestqa2vnet464/subnets/default\",\r\n        \"networkFeatures\": \"Basic\",\r\n        \"networkSiblingSetId\": \"b9adf3d9-1e67-03e2-d114-6a63d1718f87\",\r\n        \"storageToNetworkProximity\": \"Default\",\r\n        \"snapshotDirectoryVisible\": true,\r\n        \"kerberosEnabled\": false,\r\n        \"securityStyle\": \"Unix\",\r\n        \"smbEncryption\": false,\r\n        \"smbContinuouslyAvailable\": false,\r\n        \"encryptionKeySource\": \"Microsoft.NetApp\",\r\n        \"ldapEnabled\": false,\r\n        \"unixPermissions\": \"0770\",\r\n        \"mountTargets\": [\r\n          {\r\n            \"mountTargetId\": \"7946fde8-5875-ba96-47da-b1a37d53a70b\",\r\n            \"fileSystemId\": \"7946fde8-5875-ba96-47da-b1a37d53a70b\",\r\n            \"ipAddress\": \"10.1.8.7\"\r\n          }\r\n        ],\r\n        \"throughputMibps\": 6.4,\r\n        \"volumeSpecName\": \"generic\",\r\n        \"coolAccess\": false,\r\n        \"avsDataStore\": \"Disabled\",\r\n        \"isDefaultQuotaEnabled\": false,\r\n        \"defaultUserQuotaInKiBs\": 0,\r\n        \"defaultGroupQuotaInKiBs\": 0\r\n      }\r\n    }\r\n  ]\r\n}",
      "StatusCode": 200
    },
    {
      "RequestUri": "/subscriptions/69a75bda-882e-44d5-8431-63421204132a/resourceGroups/sdk-net-test-qa2/providers/Microsoft.NetApp/netAppAccounts/sdk-net-tests-acc-212/capacityPools/sdk-net-tests-pool-205/volumes?api-version=2021-06-01",
      "EncodedRequestUri": "L3N1YnNjcmlwdGlvbnMvNjlhNzViZGEtODgyZS00NGQ1LTg0MzEtNjM0MjEyMDQxMzJhL3Jlc291cmNlR3JvdXBzL3Nkay1uZXQtdGVzdC1xYTIvcHJvdmlkZXJzL01pY3Jvc29mdC5OZXRBcHAvbmV0QXBwQWNjb3VudHMvc2RrLW5ldC10ZXN0cy1hY2MtMjEyL2NhcGFjaXR5UG9vbHMvc2RrLW5ldC10ZXN0cy1wb29sLTIwNS92b2x1bWVzP2FwaS12ZXJzaW9uPTIwMjEtMDYtMDE=",
      "RequestMethod": "GET",
      "RequestBody": "",
      "RequestHeaders": {
        "x-ms-client-request-id": [
          "dbc6aa80-d481-4594-ae34-a6a36da25e2c"
        ],
        "Accept-Language": [
          "en-US"
        ],
        "User-Agent": [
          "FxVersion/4.6.30321.06",
          "OSName/Windows",
          "OSVersion/Microsoft.Windows.10.0.19042.",
          "Microsoft.Azure.Management.NetApp.AzureNetAppFilesManagementClient/1.13.0.0"
        ]
      },
      "ResponseHeaders": {
        "Cache-Control": [
          "no-cache"
        ],
        "Pragma": [
          "no-cache"
        ],
        "x-ms-request-id": [
          "955f21c3-1ede-40ef-8c18-d6ab113b4248"
        ],
        "Server": [
          "Microsoft-IIS/10.0"
        ],
        "X-Powered-By": [
          "ASP.NET"
        ],
        "x-ms-ratelimit-remaining-subscription-reads": [
          "11981"
        ],
        "x-ms-correlation-request-id": [
          "59a50492-a268-4dc6-8683-66bbc09b84b6"
        ],
        "x-ms-routing-request-id": [
          "UAECENTRAL:20210823T130855Z:59a50492-a268-4dc6-8683-66bbc09b84b6"
        ],
        "Strict-Transport-Security": [
          "max-age=31536000; includeSubDomains"
        ],
        "X-Content-Type-Options": [
          "nosniff"
        ],
        "Date": [
          "Mon, 23 Aug 2021 13:08:55 GMT"
        ],
        "Content-Length": [
          "12"
        ],
        "Content-Type": [
          "application/json; charset=utf-8"
        ],
        "Expires": [
          "-1"
        ]
      },
      "ResponseBody": "{\r\n  \"value\": []\r\n}",
      "StatusCode": 200
    },
    {
      "RequestUri": "/subscriptions/69a75bda-882e-44d5-8431-63421204132a/resourceGroups/sdk-net-test-qa2/providers/Microsoft.NetApp/netAppAccounts/sdk-net-tests-acc-212/capacityPools/sdk-net-tests-pool-205/volumes/sdk-net-tests-vol-2105?api-version=2021-06-01",
      "EncodedRequestUri": "L3N1YnNjcmlwdGlvbnMvNjlhNzViZGEtODgyZS00NGQ1LTg0MzEtNjM0MjEyMDQxMzJhL3Jlc291cmNlR3JvdXBzL3Nkay1uZXQtdGVzdC1xYTIvcHJvdmlkZXJzL01pY3Jvc29mdC5OZXRBcHAvbmV0QXBwQWNjb3VudHMvc2RrLW5ldC10ZXN0cy1hY2MtMjEyL2NhcGFjaXR5UG9vbHMvc2RrLW5ldC10ZXN0cy1wb29sLTIwNS92b2x1bWVzL3Nkay1uZXQtdGVzdHMtdm9sLTIxMDU/YXBpLXZlcnNpb249MjAyMS0wNi0wMQ==",
      "RequestMethod": "DELETE",
      "RequestBody": "",
      "RequestHeaders": {
        "x-ms-client-request-id": [
          "cb4e4bed-3c09-4135-a2f1-c387a73c8682"
        ],
        "Accept-Language": [
          "en-US"
        ],
        "User-Agent": [
          "FxVersion/4.6.30321.06",
          "OSName/Windows",
          "OSVersion/Microsoft.Windows.10.0.19042.",
          "Microsoft.Azure.Management.NetApp.AzureNetAppFilesManagementClient/1.13.0.0"
        ]
      },
      "ResponseHeaders": {
        "Cache-Control": [
          "no-cache"
        ],
        "Pragma": [
          "no-cache"
        ],
        "Location": [
          "https://management.azure.com/subscriptions/69a75bda-882e-44d5-8431-63421204132a/providers/Microsoft.NetApp/locations/westus2/operationResults/d6f961e7-7932-4288-9eb6-792884f96b2d?api-version=2021-06-01&operationResultResponseType=Location"
        ],
        "Azure-AsyncOperation": [
          "https://management.azure.com/subscriptions/69a75bda-882e-44d5-8431-63421204132a/providers/Microsoft.NetApp/locations/westus2/operationResults/d6f961e7-7932-4288-9eb6-792884f96b2d?api-version=2021-06-01"
        ],
        "Server": [
          "Microsoft-IIS/10.0"
        ],
        "X-Powered-By": [
          "ASP.NET"
        ],
        "x-ms-ratelimit-remaining-subscription-deletes": [
          "14999"
        ],
        "x-ms-request-id": [
          "c34da107-de71-4e37-b06b-ff1e11c8da98"
        ],
        "x-ms-correlation-request-id": [
          "c34da107-de71-4e37-b06b-ff1e11c8da98"
        ],
        "x-ms-routing-request-id": [
          "UAECENTRAL:20210823T130754Z:c34da107-de71-4e37-b06b-ff1e11c8da98"
        ],
        "Strict-Transport-Security": [
          "max-age=31536000; includeSubDomains"
        ],
        "X-Content-Type-Options": [
          "nosniff"
        ],
        "Date": [
          "Mon, 23 Aug 2021 13:07:53 GMT"
        ],
        "Expires": [
          "-1"
        ],
        "Content-Length": [
          "0"
        ]
      },
      "ResponseBody": "",
      "StatusCode": 202
    },
    {
      "RequestUri": "/subscriptions/69a75bda-882e-44d5-8431-63421204132a/providers/Microsoft.NetApp/locations/westus2/operationResults/d6f961e7-7932-4288-9eb6-792884f96b2d?api-version=2021-06-01",
      "EncodedRequestUri": "L3N1YnNjcmlwdGlvbnMvNjlhNzViZGEtODgyZS00NGQ1LTg0MzEtNjM0MjEyMDQxMzJhL3Byb3ZpZGVycy9NaWNyb3NvZnQuTmV0QXBwL2xvY2F0aW9ucy93ZXN0dXMyL29wZXJhdGlvblJlc3VsdHMvZDZmOTYxZTctNzkzMi00Mjg4LTllYjYtNzkyODg0Zjk2YjJkP2FwaS12ZXJzaW9uPTIwMjEtMDYtMDE=",
      "RequestMethod": "GET",
      "RequestBody": "",
      "RequestHeaders": {
        "User-Agent": [
          "FxVersion/4.6.30321.06",
          "OSName/Windows",
          "OSVersion/Microsoft.Windows.10.0.19042.",
          "Microsoft.Azure.Management.NetApp.AzureNetAppFilesManagementClient/1.13.0.0"
        ]
      },
      "ResponseHeaders": {
        "Cache-Control": [
          "no-cache"
        ],
        "Pragma": [
          "no-cache"
        ],
        "x-ms-request-id": [
          "d7c5eef4-2d0f-44ab-b14f-b16eccb0037d"
        ],
        "Server": [
          "Microsoft-IIS/10.0"
        ],
        "X-Powered-By": [
          "ASP.NET"
        ],
        "x-ms-ratelimit-remaining-subscription-reads": [
          "11984"
        ],
        "x-ms-correlation-request-id": [
          "aa7da5d8-dc22-49d6-b644-cca039f38444"
        ],
        "x-ms-routing-request-id": [
          "UAECENTRAL:20210823T130824Z:aa7da5d8-dc22-49d6-b644-cca039f38444"
        ],
        "Strict-Transport-Security": [
          "max-age=31536000; includeSubDomains"
        ],
        "X-Content-Type-Options": [
          "nosniff"
        ],
        "Date": [
          "Mon, 23 Aug 2021 13:08:24 GMT"
        ],
        "Content-Length": [
          "571"
        ],
        "Content-Type": [
          "application/json; charset=utf-8"
        ],
        "Expires": [
          "-1"
        ]
      },
      "ResponseBody": "{\r\n  \"id\": \"/subscriptions/69a75bda-882e-44d5-8431-63421204132a/providers/Microsoft.NetApp/locations/westus2/operationResults/d6f961e7-7932-4288-9eb6-792884f96b2d\",\r\n  \"name\": \"d6f961e7-7932-4288-9eb6-792884f96b2d\",\r\n  \"status\": \"Deleting\",\r\n  \"startTime\": \"2021-08-23T13:07:53.8429412Z\",\r\n  \"endTime\": \"0001-01-01T00:00:00Z\",\r\n  \"percentComplete\": 0.0,\r\n  \"properties\": {\r\n    \"resourceName\": \"/subscriptions/69a75bda-882e-44d5-8431-63421204132a/resourceGroups/sdk-net-test-qa2/providers/Microsoft.NetApp/netAppAccounts/sdk-net-tests-acc-212/capacityPools/sdk-net-tests-pool-205/volumes/sdk-net-tests-vol-2105\"\r\n  }\r\n}",
      "StatusCode": 200
    },
    {
      "RequestUri": "/subscriptions/69a75bda-882e-44d5-8431-63421204132a/providers/Microsoft.NetApp/locations/westus2/operationResults/d6f961e7-7932-4288-9eb6-792884f96b2d?api-version=2021-06-01",
      "EncodedRequestUri": "L3N1YnNjcmlwdGlvbnMvNjlhNzViZGEtODgyZS00NGQ1LTg0MzEtNjM0MjEyMDQxMzJhL3Byb3ZpZGVycy9NaWNyb3NvZnQuTmV0QXBwL2xvY2F0aW9ucy93ZXN0dXMyL29wZXJhdGlvblJlc3VsdHMvZDZmOTYxZTctNzkzMi00Mjg4LTllYjYtNzkyODg0Zjk2YjJkP2FwaS12ZXJzaW9uPTIwMjEtMDYtMDE=",
      "RequestMethod": "GET",
      "RequestBody": "",
      "RequestHeaders": {
        "User-Agent": [
          "FxVersion/4.6.30321.06",
          "OSName/Windows",
          "OSVersion/Microsoft.Windows.10.0.19042.",
          "Microsoft.Azure.Management.NetApp.AzureNetAppFilesManagementClient/1.13.0.0"
        ]
      },
      "ResponseHeaders": {
        "Cache-Control": [
          "no-cache"
        ],
        "Pragma": [
          "no-cache"
        ],
        "x-ms-request-id": [
          "31d53dd1-dd66-4da1-a0ae-8c97ff4f2a2b"
        ],
        "Server": [
          "Microsoft-IIS/10.0"
        ],
        "X-Powered-By": [
          "ASP.NET"
        ],
        "x-ms-ratelimit-remaining-subscription-reads": [
          "11983"
        ],
        "x-ms-correlation-request-id": [
          "3963e51a-a5d1-4fbf-8ee4-b9e66e34f0a7"
        ],
        "x-ms-routing-request-id": [
          "UAECENTRAL:20210823T130854Z:3963e51a-a5d1-4fbf-8ee4-b9e66e34f0a7"
        ],
        "Strict-Transport-Security": [
          "max-age=31536000; includeSubDomains"
        ],
        "X-Content-Type-Options": [
          "nosniff"
        ],
        "Date": [
          "Mon, 23 Aug 2021 13:08:54 GMT"
        ],
        "Content-Length": [
          "582"
        ],
        "Content-Type": [
          "application/json; charset=utf-8"
        ],
        "Expires": [
          "-1"
        ]
      },
      "ResponseBody": "{\r\n  \"id\": \"/subscriptions/69a75bda-882e-44d5-8431-63421204132a/providers/Microsoft.NetApp/locations/westus2/operationResults/d6f961e7-7932-4288-9eb6-792884f96b2d\",\r\n  \"name\": \"d6f961e7-7932-4288-9eb6-792884f96b2d\",\r\n  \"status\": \"Succeeded\",\r\n  \"startTime\": \"2021-08-23T13:07:53.8429412Z\",\r\n  \"endTime\": \"2021-08-23T13:08:32.6881904Z\",\r\n  \"percentComplete\": 100.0,\r\n  \"properties\": {\r\n    \"resourceName\": \"/subscriptions/69a75bda-882e-44d5-8431-63421204132a/resourceGroups/sdk-net-test-qa2/providers/Microsoft.NetApp/netAppAccounts/sdk-net-tests-acc-212/capacityPools/sdk-net-tests-pool-205/volumes/sdk-net-tests-vol-2105\"\r\n  }\r\n}",
      "StatusCode": 200
    },
    {
      "RequestUri": "/subscriptions/69a75bda-882e-44d5-8431-63421204132a/providers/Microsoft.NetApp/locations/westus2/operationResults/d6f961e7-7932-4288-9eb6-792884f96b2d?api-version=2021-06-01&operationResultResponseType=Location",
      "EncodedRequestUri": "L3N1YnNjcmlwdGlvbnMvNjlhNzViZGEtODgyZS00NGQ1LTg0MzEtNjM0MjEyMDQxMzJhL3Byb3ZpZGVycy9NaWNyb3NvZnQuTmV0QXBwL2xvY2F0aW9ucy93ZXN0dXMyL29wZXJhdGlvblJlc3VsdHMvZDZmOTYxZTctNzkzMi00Mjg4LTllYjYtNzkyODg0Zjk2YjJkP2FwaS12ZXJzaW9uPTIwMjEtMDYtMDEmb3BlcmF0aW9uUmVzdWx0UmVzcG9uc2VUeXBlPUxvY2F0aW9u",
      "RequestMethod": "GET",
      "RequestBody": "",
      "RequestHeaders": {
        "User-Agent": [
          "FxVersion/4.6.30321.06",
          "OSName/Windows",
          "OSVersion/Microsoft.Windows.10.0.19042.",
          "Microsoft.Azure.Management.NetApp.AzureNetAppFilesManagementClient/1.13.0.0"
        ]
      },
      "ResponseHeaders": {
        "Cache-Control": [
          "no-cache"
        ],
        "Pragma": [
          "no-cache"
        ],
        "x-ms-request-id": [
          "6cc2f5ef-20df-4ba0-8062-9bfe446e3050"
        ],
        "Server": [
          "Microsoft-IIS/10.0"
        ],
        "X-Powered-By": [
          "ASP.NET"
        ],
        "x-ms-ratelimit-remaining-subscription-reads": [
          "11982"
        ],
        "x-ms-correlation-request-id": [
          "7d983499-378a-49a3-8a4d-9ef741faf6b7"
        ],
        "x-ms-routing-request-id": [
          "UAECENTRAL:20210823T130855Z:7d983499-378a-49a3-8a4d-9ef741faf6b7"
        ],
        "Strict-Transport-Security": [
          "max-age=31536000; includeSubDomains"
        ],
        "X-Content-Type-Options": [
          "nosniff"
        ],
        "Date": [
          "Mon, 23 Aug 2021 13:08:55 GMT"
        ],
        "Content-Length": [
          "2448"
        ],
        "Content-Type": [
          "application/json; charset=utf-8"
        ],
        "Expires": [
          "-1"
        ]
      },
      "ResponseBody": "{\r\n  \"id\": \"/subscriptions/69a75bda-882e-44d5-8431-63421204132a/resourceGroups/sdk-net-test-qa2/providers/Microsoft.NetApp/netAppAccounts/sdk-net-tests-acc-212/capacityPools/sdk-net-tests-pool-205/volumes/sdk-net-tests-vol-2105\",\r\n  \"name\": \"sdk-net-tests-acc-212/sdk-net-tests-pool-205/sdk-net-tests-vol-2105\",\r\n  \"type\": \"Microsoft.NetApp/netAppAccounts/capacityPools/volumes\",\r\n  \"etag\": \"W/\\\"datetime'2021-08-23T13%3A07%3A53.8357401Z'\\\"\",\r\n  \"location\": \"westus2\",\r\n  \"tags\": {\r\n    \"Tag2\": \"Value2\"\r\n  },\r\n  \"properties\": {\r\n    \"provisioningState\": \"Deleting\",\r\n    \"fileSystemId\": \"7946fde8-5875-ba96-47da-b1a37d53a70b\",\r\n    \"serviceLevel\": \"Premium\",\r\n    \"creationToken\": \"sdk-net-tests-vol-2105\",\r\n    \"ownerId\": \"8f82c7b4-0509-489d-9e97-d719b9b955b4\",\r\n    \"usageThreshold\": 107374182400,\r\n    \"usedBytes\": 0,\r\n    \"exportPolicy\": {\r\n      \"rules\": [\r\n        {\r\n          \"ruleIndex\": 1,\r\n          \"unixReadOnly\": false,\r\n          \"unixReadWrite\": true,\r\n          \"cifs\": false,\r\n          \"nfsv3\": true,\r\n          \"nfsv4\": false,\r\n          \"nfsv41\": false,\r\n          \"allowedClients\": \"1.2.3.0/24\",\r\n          \"kerberos5ReadOnly\": false,\r\n          \"kerberos5ReadWrite\": false,\r\n          \"kerberos5iReadOnly\": false,\r\n          \"kerberos5iReadWrite\": false,\r\n          \"kerberos5pReadOnly\": false,\r\n          \"kerberos5pReadWrite\": false,\r\n          \"hasRootAccess\": true,\r\n          \"chownMode\": \"Restricted\"\r\n        }\r\n      ]\r\n    },\r\n    \"protocolTypes\": [\r\n      \"NFSv3\"\r\n    ],\r\n    \"baremetalTenantId\": \"baremetalTenant_svm_8f82c7b40509489d9e97d719b9b955b4_ab8a887f\",\r\n    \"subnetId\": \"/subscriptions/69a75bda-882e-44d5-8431-63421204132a/resourceGroups/sdk-net-test-qa2/providers/Microsoft.Network/virtualNetworks/sdknettestqa2vnet464/subnets/default\",\r\n    \"networkFeatures\": \"Basic\",\r\n    \"networkSiblingSetId\": \"b9adf3d9-1e67-03e2-d114-6a63d1718f87\",\r\n    \"storageToNetworkProximity\": \"Default\",\r\n    \"snapshotDirectoryVisible\": true,\r\n    \"vendorID\": \"/subscriptions/69a75bda-882e-44d5-8431-63421204132a/resourceGroups/sdk-net-test-qa2/providers/Microsoft.NetApp/netAppAccounts/sdk-net-tests-acc-212/capacityPools/sdk-net-tests-pool-205/volumes/sdk-net-tests-vol-2105\",\r\n    \"poolId\": \"e0d4135d-3e21-7a83-3c98-ec0274972e15\",\r\n    \"mountTargets\": [\r\n      {\r\n        \"provisioningState\": \"\",\r\n        \"mountTargetId\": \"7946fde8-5875-ba96-47da-b1a37d53a70b\",\r\n        \"fileSystemId\": \"7946fde8-5875-ba96-47da-b1a37d53a70b\",\r\n        \"startIp\": \"\",\r\n        \"endIp\": \"\",\r\n        \"gateway\": \"\",\r\n        \"netmask\": \"\",\r\n        \"subnet\": \"\",\r\n        \"ipAddress\": \"10.1.8.7\"\r\n      }\r\n    ],\r\n    \"throughputMibps\": 6.4,\r\n    \"isCreate\": false,\r\n    \"kerberosEnabled\": false,\r\n    \"securityStyle\": \"Unix\",\r\n    \"smbEncryption\": false,\r\n    \"smbContinuouslyAvailable\": false,\r\n    \"ldapEnabled\": false,\r\n    \"unixPermissions\": \"0770\",\r\n    \"encryptionKeySource\": \"Microsoft.NetApp\",\r\n    \"volumeSpecName\": \"generic\",\r\n    \"coolAccess\": false,\r\n    \"avsDataStore\": \"Disabled\",\r\n    \"isDefaultQuotaEnabled\": false,\r\n    \"defaultUserQuotaInKiBs\": 0,\r\n    \"defaultGroupQuotaInKiBs\": 0\r\n  }\r\n}",
      "StatusCode": 200
    },
    {
      "RequestUri": "/subscriptions/69a75bda-882e-44d5-8431-63421204132a/resourceGroups/sdk-net-test-qa2/providers/Microsoft.NetApp/netAppAccounts/sdk-net-tests-acc-212/capacityPools/sdk-net-tests-pool-205?api-version=2021-06-01",
      "EncodedRequestUri": "L3N1YnNjcmlwdGlvbnMvNjlhNzViZGEtODgyZS00NGQ1LTg0MzEtNjM0MjEyMDQxMzJhL3Jlc291cmNlR3JvdXBzL3Nkay1uZXQtdGVzdC1xYTIvcHJvdmlkZXJzL01pY3Jvc29mdC5OZXRBcHAvbmV0QXBwQWNjb3VudHMvc2RrLW5ldC10ZXN0cy1hY2MtMjEyL2NhcGFjaXR5UG9vbHMvc2RrLW5ldC10ZXN0cy1wb29sLTIwNT9hcGktdmVyc2lvbj0yMDIxLTA2LTAx",
      "RequestMethod": "DELETE",
      "RequestBody": "",
      "RequestHeaders": {
        "x-ms-client-request-id": [
          "e1cfe48d-d6aa-4679-9290-70767579b906"
        ],
        "Accept-Language": [
          "en-US"
        ],
        "User-Agent": [
          "FxVersion/4.6.30321.06",
          "OSName/Windows",
          "OSVersion/Microsoft.Windows.10.0.19042.",
          "Microsoft.Azure.Management.NetApp.AzureNetAppFilesManagementClient/1.13.0.0"
        ]
      },
      "ResponseHeaders": {
        "Cache-Control": [
          "no-cache"
        ],
        "Pragma": [
          "no-cache"
        ],
        "Location": [
          "https://management.azure.com/subscriptions/69a75bda-882e-44d5-8431-63421204132a/providers/Microsoft.NetApp/locations/westus2/operationResults/2999cc3a-934c-490d-8c3a-b99b37b6a4db?api-version=2021-06-01&operationResultResponseType=Location"
        ],
        "Azure-AsyncOperation": [
          "https://management.azure.com/subscriptions/69a75bda-882e-44d5-8431-63421204132a/providers/Microsoft.NetApp/locations/westus2/operationResults/2999cc3a-934c-490d-8c3a-b99b37b6a4db?api-version=2021-06-01"
        ],
        "Server": [
          "Microsoft-IIS/10.0"
        ],
        "X-Powered-By": [
          "ASP.NET"
        ],
        "x-ms-ratelimit-remaining-subscription-deletes": [
          "14998"
        ],
        "x-ms-request-id": [
          "a027d02d-1164-4fa6-95d6-f049571226e8"
        ],
        "x-ms-correlation-request-id": [
          "a027d02d-1164-4fa6-95d6-f049571226e8"
        ],
        "x-ms-routing-request-id": [
          "UAECENTRAL:20210823T130902Z:a027d02d-1164-4fa6-95d6-f049571226e8"
        ],
        "Strict-Transport-Security": [
          "max-age=31536000; includeSubDomains"
        ],
        "X-Content-Type-Options": [
          "nosniff"
        ],
        "Date": [
          "Mon, 23 Aug 2021 13:09:01 GMT"
        ],
        "Expires": [
          "-1"
        ],
        "Content-Length": [
          "0"
        ]
      },
      "ResponseBody": "",
      "StatusCode": 202
    },
    {
      "RequestUri": "/subscriptions/69a75bda-882e-44d5-8431-63421204132a/providers/Microsoft.NetApp/locations/westus2/operationResults/2999cc3a-934c-490d-8c3a-b99b37b6a4db?api-version=2021-06-01",
      "EncodedRequestUri": "L3N1YnNjcmlwdGlvbnMvNjlhNzViZGEtODgyZS00NGQ1LTg0MzEtNjM0MjEyMDQxMzJhL3Byb3ZpZGVycy9NaWNyb3NvZnQuTmV0QXBwL2xvY2F0aW9ucy93ZXN0dXMyL29wZXJhdGlvblJlc3VsdHMvMjk5OWNjM2EtOTM0Yy00OTBkLThjM2EtYjk5YjM3YjZhNGRiP2FwaS12ZXJzaW9uPTIwMjEtMDYtMDE=",
      "RequestMethod": "GET",
      "RequestBody": "",
      "RequestHeaders": {
        "User-Agent": [
          "FxVersion/4.6.30321.06",
          "OSName/Windows",
          "OSVersion/Microsoft.Windows.10.0.19042.",
          "Microsoft.Azure.Management.NetApp.AzureNetAppFilesManagementClient/1.13.0.0"
        ]
      },
      "ResponseHeaders": {
        "Cache-Control": [
          "no-cache"
        ],
        "Pragma": [
          "no-cache"
        ],
        "x-ms-request-id": [
          "aaa03aa6-2678-48c5-b8c0-9336f44d3712"
        ],
        "Server": [
          "Microsoft-IIS/10.0"
        ],
        "X-Powered-By": [
          "ASP.NET"
        ],
        "x-ms-ratelimit-remaining-subscription-reads": [
          "11980"
        ],
        "x-ms-correlation-request-id": [
          "92dab86a-cb11-4e4e-8c94-818ff8050a04"
        ],
        "x-ms-routing-request-id": [
          "UAECENTRAL:20210823T130932Z:92dab86a-cb11-4e4e-8c94-818ff8050a04"
        ],
        "Strict-Transport-Security": [
          "max-age=31536000; includeSubDomains"
        ],
        "X-Content-Type-Options": [
          "nosniff"
        ],
        "Date": [
          "Mon, 23 Aug 2021 13:09:31 GMT"
        ],
        "Content-Length": [
          "551"
        ],
        "Content-Type": [
          "application/json; charset=utf-8"
        ],
        "Expires": [
          "-1"
        ]
      },
      "ResponseBody": "{\r\n  \"id\": \"/subscriptions/69a75bda-882e-44d5-8431-63421204132a/providers/Microsoft.NetApp/locations/westus2/operationResults/2999cc3a-934c-490d-8c3a-b99b37b6a4db\",\r\n  \"name\": \"2999cc3a-934c-490d-8c3a-b99b37b6a4db\",\r\n  \"status\": \"Succeeded\",\r\n  \"startTime\": \"2021-08-23T13:09:02.0083933Z\",\r\n  \"endTime\": \"2021-08-23T13:09:02.3353358Z\",\r\n  \"percentComplete\": 100.0,\r\n  \"properties\": {\r\n    \"resourceName\": \"/subscriptions/69a75bda-882e-44d5-8431-63421204132a/resourceGroups/sdk-net-test-qa2/providers/Microsoft.NetApp/netAppAccounts/sdk-net-tests-acc-212/capacityPools/sdk-net-tests-pool-205\"\r\n  }\r\n}",
      "StatusCode": 200
    },
    {
      "RequestUri": "/subscriptions/69a75bda-882e-44d5-8431-63421204132a/providers/Microsoft.NetApp/locations/westus2/operationResults/2999cc3a-934c-490d-8c3a-b99b37b6a4db?api-version=2021-06-01&operationResultResponseType=Location",
      "EncodedRequestUri": "L3N1YnNjcmlwdGlvbnMvNjlhNzViZGEtODgyZS00NGQ1LTg0MzEtNjM0MjEyMDQxMzJhL3Byb3ZpZGVycy9NaWNyb3NvZnQuTmV0QXBwL2xvY2F0aW9ucy93ZXN0dXMyL29wZXJhdGlvblJlc3VsdHMvMjk5OWNjM2EtOTM0Yy00OTBkLThjM2EtYjk5YjM3YjZhNGRiP2FwaS12ZXJzaW9uPTIwMjEtMDYtMDEmb3BlcmF0aW9uUmVzdWx0UmVzcG9uc2VUeXBlPUxvY2F0aW9u",
      "RequestMethod": "GET",
      "RequestBody": "",
      "RequestHeaders": {
        "User-Agent": [
          "FxVersion/4.6.30321.06",
          "OSName/Windows",
          "OSVersion/Microsoft.Windows.10.0.19042.",
          "Microsoft.Azure.Management.NetApp.AzureNetAppFilesManagementClient/1.13.0.0"
        ]
      },
      "ResponseHeaders": {
        "Cache-Control": [
          "no-cache"
        ],
        "Pragma": [
          "no-cache"
        ],
        "x-ms-request-id": [
          "e16d2280-e97a-4060-87b0-6ce6fc819581"
        ],
        "Server": [
          "Microsoft-IIS/10.0"
        ],
        "X-Powered-By": [
          "ASP.NET"
        ],
        "x-ms-ratelimit-remaining-subscription-reads": [
          "11979"
        ],
        "x-ms-correlation-request-id": [
          "0bbe076c-c405-435b-8faf-1a1985c070bb"
        ],
        "x-ms-routing-request-id": [
          "UAECENTRAL:20210823T130933Z:0bbe076c-c405-435b-8faf-1a1985c070bb"
        ],
        "Strict-Transport-Security": [
          "max-age=31536000; includeSubDomains"
        ],
        "X-Content-Type-Options": [
          "nosniff"
        ],
        "Date": [
          "Mon, 23 Aug 2021 13:09:32 GMT"
        ],
        "Content-Length": [
          "812"
        ],
        "Content-Type": [
          "application/json; charset=utf-8"
        ],
        "Expires": [
          "-1"
        ]
      },
      "ResponseBody": "{\r\n  \"id\": \"/subscriptions/69a75bda-882e-44d5-8431-63421204132a/resourceGroups/sdk-net-test-qa2/providers/Microsoft.NetApp/netAppAccounts/sdk-net-tests-acc-212/capacityPools/sdk-net-tests-pool-205\",\r\n  \"name\": \"sdk-net-tests-acc-212/sdk-net-tests-pool-205\",\r\n  \"type\": \"Microsoft.NetApp/netAppAccounts/capacityPools\",\r\n  \"etag\": \"W/\\\"datetime'2021-08-23T13%3A09%3A02.0032508Z'\\\"\",\r\n  \"location\": \"westus2\",\r\n  \"properties\": {\r\n    \"poolId\": \"e0d4135d-3e21-7a83-3c98-ec0274972e15\",\r\n    \"serviceLevel\": \"Premium\",\r\n    \"size\": 4398046511104,\r\n    \"vendorID\": \"/subscriptions/69a75bda-882e-44d5-8431-63421204132a/resourceGroups/sdk-net-test-qa2/providers/Microsoft.NetApp/netAppAccounts/sdk-net-tests-acc-212/capacityPools/sdk-net-tests-pool-205\",\r\n    \"qosType\": \"Auto\",\r\n    \"totalThroughputMibps\": 262.144,\r\n    \"encryptionType\": \"Single\",\r\n    \"coolAccess\": false,\r\n    \"provisioningState\": \"Deleting\"\r\n  }\r\n}",
      "StatusCode": 200
    },
    {
      "RequestUri": "/subscriptions/69a75bda-882e-44d5-8431-63421204132a/resourceGroups/sdk-net-test-qa2/providers/Microsoft.NetApp/netAppAccounts/sdk-net-tests-acc-212?api-version=2021-06-01",
      "EncodedRequestUri": "L3N1YnNjcmlwdGlvbnMvNjlhNzViZGEtODgyZS00NGQ1LTg0MzEtNjM0MjEyMDQxMzJhL3Jlc291cmNlR3JvdXBzL3Nkay1uZXQtdGVzdC1xYTIvcHJvdmlkZXJzL01pY3Jvc29mdC5OZXRBcHAvbmV0QXBwQWNjb3VudHMvc2RrLW5ldC10ZXN0cy1hY2MtMjEyP2FwaS12ZXJzaW9uPTIwMjEtMDYtMDE=",
      "RequestMethod": "DELETE",
      "RequestBody": "",
      "RequestHeaders": {
        "x-ms-client-request-id": [
          "600cccc7-27f3-4a04-9785-3d19e5195df8"
        ],
        "Accept-Language": [
          "en-US"
        ],
        "User-Agent": [
          "FxVersion/4.6.30321.06",
          "OSName/Windows",
          "OSVersion/Microsoft.Windows.10.0.19042.",
          "Microsoft.Azure.Management.NetApp.AzureNetAppFilesManagementClient/1.13.0.0"
        ]
      },
      "ResponseHeaders": {
        "Cache-Control": [
          "no-cache"
        ],
        "Pragma": [
          "no-cache"
        ],
        "Location": [
          "https://management.azure.com/subscriptions/69a75bda-882e-44d5-8431-63421204132a/providers/Microsoft.NetApp/locations/westus2/operationResults/dd9f469d-7b42-4bb5-bb1a-4dde4394a504?api-version=2021-06-01&operationResultResponseType=Location"
        ],
        "Azure-AsyncOperation": [
          "https://management.azure.com/subscriptions/69a75bda-882e-44d5-8431-63421204132a/providers/Microsoft.NetApp/locations/westus2/operationResults/dd9f469d-7b42-4bb5-bb1a-4dde4394a504?api-version=2021-06-01"
        ],
        "Server": [
          "Microsoft-IIS/10.0"
        ],
        "X-Powered-By": [
          "ASP.NET"
        ],
        "x-ms-ratelimit-remaining-subscription-deletes": [
          "14997"
        ],
        "x-ms-request-id": [
          "a611bab2-69e8-4fb0-a323-1a5a59f70df6"
        ],
        "x-ms-correlation-request-id": [
          "a611bab2-69e8-4fb0-a323-1a5a59f70df6"
        ],
        "x-ms-routing-request-id": [
          "UAECENTRAL:20210823T130934Z:a611bab2-69e8-4fb0-a323-1a5a59f70df6"
        ],
        "Strict-Transport-Security": [
          "max-age=31536000; includeSubDomains"
        ],
        "X-Content-Type-Options": [
          "nosniff"
        ],
        "Date": [
          "Mon, 23 Aug 2021 13:09:33 GMT"
        ],
        "Expires": [
          "-1"
        ],
        "Content-Length": [
          "0"
        ]
      },
      "ResponseBody": "",
      "StatusCode": 202
    },
    {
      "RequestUri": "/subscriptions/69a75bda-882e-44d5-8431-63421204132a/providers/Microsoft.NetApp/locations/westus2/operationResults/dd9f469d-7b42-4bb5-bb1a-4dde4394a504?api-version=2021-06-01",
      "EncodedRequestUri": "L3N1YnNjcmlwdGlvbnMvNjlhNzViZGEtODgyZS00NGQ1LTg0MzEtNjM0MjEyMDQxMzJhL3Byb3ZpZGVycy9NaWNyb3NvZnQuTmV0QXBwL2xvY2F0aW9ucy93ZXN0dXMyL29wZXJhdGlvblJlc3VsdHMvZGQ5ZjQ2OWQtN2I0Mi00YmI1LWJiMWEtNGRkZTQzOTRhNTA0P2FwaS12ZXJzaW9uPTIwMjEtMDYtMDE=",
      "RequestMethod": "GET",
      "RequestBody": "",
      "RequestHeaders": {
        "User-Agent": [
          "FxVersion/4.6.30321.06",
          "OSName/Windows",
          "OSVersion/Microsoft.Windows.10.0.19042.",
          "Microsoft.Azure.Management.NetApp.AzureNetAppFilesManagementClient/1.13.0.0"
        ]
      },
      "ResponseHeaders": {
        "Cache-Control": [
          "no-cache"
        ],
        "Pragma": [
          "no-cache"
        ],
        "x-ms-request-id": [
          "d6ad31ee-d8f0-4711-ace4-bbe3b4bc046b"
        ],
        "Server": [
          "Microsoft-IIS/10.0"
        ],
        "X-Powered-By": [
          "ASP.NET"
        ],
        "x-ms-ratelimit-remaining-subscription-reads": [
          "11978"
        ],
        "x-ms-correlation-request-id": [
          "e5d64640-3f26-4330-b852-36b74b043f7a"
        ],
        "x-ms-routing-request-id": [
          "UAECENTRAL:20210823T131004Z:e5d64640-3f26-4330-b852-36b74b043f7a"
        ],
        "Strict-Transport-Security": [
          "max-age=31536000; includeSubDomains"
        ],
        "X-Content-Type-Options": [
          "nosniff"
        ],
        "Date": [
          "Mon, 23 Aug 2021 13:10:03 GMT"
        ],
        "Content-Length": [
          "514"
        ],
        "Content-Type": [
          "application/json; charset=utf-8"
        ],
        "Expires": [
          "-1"
        ]
      },
      "ResponseBody": "{\r\n  \"id\": \"/subscriptions/69a75bda-882e-44d5-8431-63421204132a/providers/Microsoft.NetApp/locations/westus2/operationResults/dd9f469d-7b42-4bb5-bb1a-4dde4394a504\",\r\n  \"name\": \"dd9f469d-7b42-4bb5-bb1a-4dde4394a504\",\r\n  \"status\": \"Succeeded\",\r\n  \"startTime\": \"2021-08-23T13:09:34.2154592Z\",\r\n  \"endTime\": \"2021-08-23T13:09:34.3084142Z\",\r\n  \"percentComplete\": 100.0,\r\n  \"properties\": {\r\n    \"resourceName\": \"/subscriptions/69a75bda-882e-44d5-8431-63421204132a/resourceGroups/sdk-net-test-qa2/providers/Microsoft.NetApp/netAppAccounts/sdk-net-tests-acc-212\"\r\n  }\r\n}",
      "StatusCode": 200
    },
    {
      "RequestUri": "/subscriptions/69a75bda-882e-44d5-8431-63421204132a/providers/Microsoft.NetApp/locations/westus2/operationResults/dd9f469d-7b42-4bb5-bb1a-4dde4394a504?api-version=2021-06-01&operationResultResponseType=Location",
      "EncodedRequestUri": "L3N1YnNjcmlwdGlvbnMvNjlhNzViZGEtODgyZS00NGQ1LTg0MzEtNjM0MjEyMDQxMzJhL3Byb3ZpZGVycy9NaWNyb3NvZnQuTmV0QXBwL2xvY2F0aW9ucy93ZXN0dXMyL29wZXJhdGlvblJlc3VsdHMvZGQ5ZjQ2OWQtN2I0Mi00YmI1LWJiMWEtNGRkZTQzOTRhNTA0P2FwaS12ZXJzaW9uPTIwMjEtMDYtMDEmb3BlcmF0aW9uUmVzdWx0UmVzcG9uc2VUeXBlPUxvY2F0aW9u",
      "RequestMethod": "GET",
      "RequestBody": "",
      "RequestHeaders": {
        "User-Agent": [
          "FxVersion/4.6.30321.06",
          "OSName/Windows",
          "OSVersion/Microsoft.Windows.10.0.19042.",
          "Microsoft.Azure.Management.NetApp.AzureNetAppFilesManagementClient/1.13.0.0"
        ]
      },
      "ResponseHeaders": {
        "Cache-Control": [
          "no-cache"
        ],
        "Pragma": [
          "no-cache"
        ],
        "x-ms-request-id": [
          "9da41628-58b4-4342-947e-5d75c3a3a19b"
        ],
        "Server": [
          "Microsoft-IIS/10.0"
        ],
        "X-Powered-By": [
          "ASP.NET"
        ],
        "x-ms-ratelimit-remaining-subscription-reads": [
          "11977"
        ],
        "x-ms-correlation-request-id": [
          "8dc99f07-6cb2-435a-bde7-8fcb8ef2dc89"
        ],
        "x-ms-routing-request-id": [
          "UAECENTRAL:20210823T131005Z:8dc99f07-6cb2-435a-bde7-8fcb8ef2dc89"
        ],
        "Strict-Transport-Security": [
          "max-age=31536000; includeSubDomains"
        ],
        "X-Content-Type-Options": [
          "nosniff"
        ],
        "Date": [
          "Mon, 23 Aug 2021 13:10:04 GMT"
        ],
        "Content-Length": [
          "422"
        ],
        "Content-Type": [
          "application/json; charset=utf-8"
        ],
        "Expires": [
          "-1"
        ]
      },
      "ResponseBody": "{\r\n  \"id\": \"/subscriptions/69a75bda-882e-44d5-8431-63421204132a/resourceGroups/sdk-net-test-qa2/providers/Microsoft.NetApp/netAppAccounts/sdk-net-tests-acc-212\",\r\n  \"name\": \"sdk-net-tests-acc-212\",\r\n  \"type\": \"Microsoft.NetApp/netAppAccounts\",\r\n  \"etag\": \"W/\\\"datetime'2021-08-23T13%3A09%3A34.2061708Z'\\\"\",\r\n  \"location\": \"westus2\",\r\n  \"properties\": {\r\n    \"encryption\": {\r\n      \"keySource\": \"Microsoft.NetApp\"\r\n    },\r\n    \"activeDirectories\": [],\r\n    \"provisioningState\": \"Deleting\"\r\n  }\r\n}",
      "StatusCode": 200
    }
  ],
  "Names": {},
  "Variables": {
    "SubscriptionId": "69a75bda-882e-44d5-8431-63421204132a"
  }
}