{
  "Entries": [
    {
      "RequestUri": "/subscriptions/69a75bda-882e-44d5-8431-63421204132a/resourceGroups/sdk-net-test-qa2/providers/Microsoft.NetApp/netAppAccounts/sdk-net-tests-acc-212?api-version=2020-12-01",
      "EncodedRequestUri": "L3N1YnNjcmlwdGlvbnMvNjlhNzViZGEtODgyZS00NGQ1LTg0MzEtNjM0MjEyMDQxMzJhL3Jlc291cmNlR3JvdXBzL3Nkay1uZXQtdGVzdC1xYTIvcHJvdmlkZXJzL01pY3Jvc29mdC5OZXRBcHAvbmV0QXBwQWNjb3VudHMvc2RrLW5ldC10ZXN0cy1hY2MtMjEyP2FwaS12ZXJzaW9uPTIwMjAtMTItMDE=",
      "RequestMethod": "PUT",
      "RequestBody": "{\r\n  \"location\": \"westus2\",\r\n  \"properties\": {\r\n    \"activeDirectories\": []\r\n  }\r\n}",
      "RequestHeaders": {
        "x-ms-client-request-id": [
          "2d55c9a4-6df9-4a99-b04f-f3bbabd23dc6"
        ],
        "Accept-Language": [
          "en-US"
        ],
        "User-Agent": [
          "FxVersion/4.6.29812.02",
          "OSName/Windows",
          "OSVersion/Microsoft.Windows.10.0.19042.",
          "Microsoft.Azure.Management.NetApp.AzureNetAppFilesManagementClient/1.11.0.0"
        ],
        "Content-Type": [
          "application/json; charset=utf-8"
        ],
        "Content-Length": [
          "83"
        ]
      },
      "ResponseHeaders": {
        "Cache-Control": [
          "no-cache"
        ],
        "Pragma": [
          "no-cache"
        ],
        "ETag": [
          "W/\"datetime'2021-03-19T17%3A28%3A57.0613359Z'\""
        ],
        "x-ms-request-id": [
          "b33e6664-a902-49f7-80ab-f8191c5b3902"
        ],
        "Azure-AsyncOperation": [
          "https://management.azure.com/subscriptions/69a75bda-882e-44d5-8431-63421204132a/providers/Microsoft.NetApp/locations/westus2/operationResults/2c1582d7-23c4-4780-9a67-7c40680567d7?api-version=2020-12-01"
        ],
        "Request-Context": [
          "appId=cid-v1:2c4cb680-0a1f-424d-bb8d-8e650ba68d53"
        ],
        "Access-Control-Expose-Headers": [
          "Request-Context"
        ],
        "Server": [
          "Microsoft-IIS/10.0"
        ],
        "X-Powered-By": [
          "ASP.NET"
        ],
        "x-ms-ratelimit-remaining-subscription-writes": [
          "1199"
        ],
        "x-ms-correlation-request-id": [
          "68f6b072-5a41-443f-b035-6b0f2c4b06bc"
        ],
        "x-ms-routing-request-id": [
          "WESTEUROPE:20210319T172858Z:68f6b072-5a41-443f-b035-6b0f2c4b06bc"
        ],
        "Strict-Transport-Security": [
          "max-age=31536000; includeSubDomains"
        ],
        "X-Content-Type-Options": [
          "nosniff"
        ],
        "Date": [
          "Fri, 19 Mar 2021 17:28:57 GMT"
        ],
        "Content-Length": [
          "376"
        ],
        "Content-Type": [
          "application/json; charset=utf-8"
        ],
        "Expires": [
          "-1"
        ]
      },
      "ResponseBody": "{\r\n  \"id\": \"/subscriptions/69a75bda-882e-44d5-8431-63421204132a/resourceGroups/sdk-net-test-qa2/providers/Microsoft.NetApp/netAppAccounts/sdk-net-tests-acc-212\",\r\n  \"name\": \"sdk-net-tests-acc-212\",\r\n  \"type\": \"Microsoft.NetApp/netAppAccounts\",\r\n  \"etag\": \"W/\\\"datetime'2021-03-19T17%3A28%3A57.0613359Z'\\\"\",\r\n  \"location\": \"westus2\",\r\n  \"properties\": {\r\n    \"activeDirectories\": [],\r\n    \"provisioningState\": \"Creating\"\r\n  }\r\n}",
      "StatusCode": 201
    },
    {
      "RequestUri": "/subscriptions/69a75bda-882e-44d5-8431-63421204132a/providers/Microsoft.NetApp/locations/westus2/operationResults/2c1582d7-23c4-4780-9a67-7c40680567d7?api-version=2020-12-01",
      "EncodedRequestUri": "L3N1YnNjcmlwdGlvbnMvNjlhNzViZGEtODgyZS00NGQ1LTg0MzEtNjM0MjEyMDQxMzJhL3Byb3ZpZGVycy9NaWNyb3NvZnQuTmV0QXBwL2xvY2F0aW9ucy93ZXN0dXMyL29wZXJhdGlvblJlc3VsdHMvMmMxNTgyZDctMjNjNC00NzgwLTlhNjctN2M0MDY4MDU2N2Q3P2FwaS12ZXJzaW9uPTIwMjAtMTItMDE=",
      "RequestMethod": "GET",
      "RequestBody": "",
      "RequestHeaders": {
        "User-Agent": [
          "FxVersion/4.6.29812.02",
          "OSName/Windows",
          "OSVersion/Microsoft.Windows.10.0.19042.",
          "Microsoft.Azure.Management.NetApp.AzureNetAppFilesManagementClient/1.11.0.0"
        ]
      },
      "ResponseHeaders": {
        "Cache-Control": [
          "no-cache"
        ],
        "Pragma": [
          "no-cache"
        ],
        "x-ms-request-id": [
          "854522ca-0636-4041-8643-09a76c135a05"
        ],
        "Request-Context": [
          "appId=cid-v1:2c4cb680-0a1f-424d-bb8d-8e650ba68d53"
        ],
        "Access-Control-Expose-Headers": [
          "Request-Context"
        ],
        "Server": [
          "Microsoft-IIS/10.0"
        ],
        "X-Powered-By": [
          "ASP.NET"
        ],
        "x-ms-ratelimit-remaining-subscription-reads": [
          "11999"
        ],
        "x-ms-correlation-request-id": [
          "73ca560c-baf1-4749-803e-01c5129f3221"
        ],
        "x-ms-routing-request-id": [
          "WESTEUROPE:20210319T172928Z:73ca560c-baf1-4749-803e-01c5129f3221"
        ],
        "Strict-Transport-Security": [
          "max-age=31536000; includeSubDomains"
        ],
        "X-Content-Type-Options": [
          "nosniff"
        ],
        "Date": [
          "Fri, 19 Mar 2021 17:29:28 GMT"
        ],
        "Content-Length": [
          "514"
        ],
        "Content-Type": [
          "application/json; charset=utf-8"
        ],
        "Expires": [
          "-1"
        ]
      },
      "ResponseBody": "{\r\n  \"id\": \"/subscriptions/69a75bda-882e-44d5-8431-63421204132a/providers/Microsoft.NetApp/locations/westus2/operationResults/2c1582d7-23c4-4780-9a67-7c40680567d7\",\r\n  \"name\": \"2c1582d7-23c4-4780-9a67-7c40680567d7\",\r\n  \"status\": \"Succeeded\",\r\n  \"startTime\": \"2021-03-19T17:28:56.9521894Z\",\r\n  \"endTime\": \"2021-03-19T17:28:57.1322322Z\",\r\n  \"percentComplete\": 100.0,\r\n  \"properties\": {\r\n    \"resourceName\": \"/subscriptions/69a75bda-882e-44d5-8431-63421204132a/resourceGroups/sdk-net-test-qa2/providers/Microsoft.NetApp/netAppAccounts/sdk-net-tests-acc-212\"\r\n  }\r\n}",
      "StatusCode": 200
    },
    {
      "RequestUri": "/subscriptions/69a75bda-882e-44d5-8431-63421204132a/resourceGroups/sdk-net-test-qa2/providers/Microsoft.NetApp/netAppAccounts/sdk-net-tests-acc-212?api-version=2020-12-01",
      "EncodedRequestUri": "L3N1YnNjcmlwdGlvbnMvNjlhNzViZGEtODgyZS00NGQ1LTg0MzEtNjM0MjEyMDQxMzJhL3Jlc291cmNlR3JvdXBzL3Nkay1uZXQtdGVzdC1xYTIvcHJvdmlkZXJzL01pY3Jvc29mdC5OZXRBcHAvbmV0QXBwQWNjb3VudHMvc2RrLW5ldC10ZXN0cy1hY2MtMjEyP2FwaS12ZXJzaW9uPTIwMjAtMTItMDE=",
      "RequestMethod": "GET",
      "RequestBody": "",
      "RequestHeaders": {
        "User-Agent": [
          "FxVersion/4.6.29812.02",
          "OSName/Windows",
          "OSVersion/Microsoft.Windows.10.0.19042.",
          "Microsoft.Azure.Management.NetApp.AzureNetAppFilesManagementClient/1.11.0.0"
        ]
      },
      "ResponseHeaders": {
        "Cache-Control": [
          "no-cache"
        ],
        "Pragma": [
          "no-cache"
        ],
        "ETag": [
          "W/\"datetime'2021-03-19T17%3A28%3A57.1273828Z'\""
        ],
        "x-ms-request-id": [
          "e45ecf46-a4bc-467c-9152-a0d378d7cc2d"
        ],
        "Request-Context": [
          "appId=cid-v1:2c4cb680-0a1f-424d-bb8d-8e650ba68d53"
        ],
        "Access-Control-Expose-Headers": [
          "Request-Context"
        ],
        "Server": [
          "Microsoft-IIS/10.0"
        ],
        "X-Powered-By": [
          "ASP.NET"
        ],
        "x-ms-ratelimit-remaining-subscription-reads": [
          "11998"
        ],
        "x-ms-correlation-request-id": [
          "77125e93-e572-4ff4-be93-3915971831d3"
        ],
        "x-ms-routing-request-id": [
          "WESTEUROPE:20210319T172928Z:77125e93-e572-4ff4-be93-3915971831d3"
        ],
        "Strict-Transport-Security": [
          "max-age=31536000; includeSubDomains"
        ],
        "X-Content-Type-Options": [
          "nosniff"
        ],
        "Date": [
          "Fri, 19 Mar 2021 17:29:28 GMT"
        ],
        "Content-Length": [
          "423"
        ],
        "Content-Type": [
          "application/json; charset=utf-8"
        ],
        "Expires": [
          "-1"
        ]
      },
      "ResponseBody": "{\r\n  \"id\": \"/subscriptions/69a75bda-882e-44d5-8431-63421204132a/resourceGroups/sdk-net-test-qa2/providers/Microsoft.NetApp/netAppAccounts/sdk-net-tests-acc-212\",\r\n  \"name\": \"sdk-net-tests-acc-212\",\r\n  \"type\": \"Microsoft.NetApp/netAppAccounts\",\r\n  \"etag\": \"W/\\\"datetime'2021-03-19T17%3A28%3A57.1273828Z'\\\"\",\r\n  \"location\": \"westus2\",\r\n  \"properties\": {\r\n    \"provisioningState\": \"Succeeded\",\r\n    \"activeDirectories\": [],\r\n    \"encryption\": {\r\n      \"keySource\": \"Microsoft.NetApp\"\r\n    }\r\n  }\r\n}",
      "StatusCode": 200
    },
    {
      "RequestUri": "/subscriptions/69a75bda-882e-44d5-8431-63421204132a/resourceGroups/sdk-net-test-qa2/providers/Microsoft.NetApp/netAppAccounts/sdk-net-tests-acc-212/capacityPools/sdk-net-tests-pool-205?api-version=2020-12-01",
      "EncodedRequestUri": "L3N1YnNjcmlwdGlvbnMvNjlhNzViZGEtODgyZS00NGQ1LTg0MzEtNjM0MjEyMDQxMzJhL3Jlc291cmNlR3JvdXBzL3Nkay1uZXQtdGVzdC1xYTIvcHJvdmlkZXJzL01pY3Jvc29mdC5OZXRBcHAvbmV0QXBwQWNjb3VudHMvc2RrLW5ldC10ZXN0cy1hY2MtMjEyL2NhcGFjaXR5UG9vbHMvc2RrLW5ldC10ZXN0cy1wb29sLTIwNT9hcGktdmVyc2lvbj0yMDIwLTEyLTAx",
      "RequestMethod": "PUT",
      "RequestBody": "{\r\n  \"location\": \"westus2\",\r\n  \"properties\": {\r\n    \"size\": 4398046511104,\r\n    \"serviceLevel\": \"Premium\"\r\n  }\r\n}",
      "RequestHeaders": {
        "x-ms-client-request-id": [
          "61f967b7-3c47-4889-9eb8-df92f3aed5ba"
        ],
        "Accept-Language": [
          "en-US"
        ],
        "User-Agent": [
          "FxVersion/4.6.29812.02",
          "OSName/Windows",
          "OSVersion/Microsoft.Windows.10.0.19042.",
          "Microsoft.Azure.Management.NetApp.AzureNetAppFilesManagementClient/1.11.0.0"
        ],
        "Content-Type": [
          "application/json; charset=utf-8"
        ],
        "Content-Length": [
          "113"
        ]
      },
      "ResponseHeaders": {
        "Cache-Control": [
          "no-cache"
        ],
        "Pragma": [
          "no-cache"
        ],
        "ETag": [
          "W/\"datetime'2021-03-19T17%3A29%3A36.5550692Z'\""
        ],
        "x-ms-request-id": [
          "9e0cdbdb-7e25-47fb-a71c-2d922c9566fa"
        ],
        "Azure-AsyncOperation": [
          "https://management.azure.com/subscriptions/69a75bda-882e-44d5-8431-63421204132a/providers/Microsoft.NetApp/locations/westus2/operationResults/3d6fb45e-6e14-4b77-8275-ed4dfbe1795b?api-version=2020-12-01"
        ],
        "Request-Context": [
          "appId=cid-v1:2c4cb680-0a1f-424d-bb8d-8e650ba68d53"
        ],
        "Access-Control-Expose-Headers": [
          "Request-Context"
        ],
        "Server": [
          "Microsoft-IIS/10.0"
        ],
        "X-Powered-By": [
          "ASP.NET"
        ],
        "x-ms-ratelimit-remaining-subscription-writes": [
          "1198"
        ],
        "x-ms-correlation-request-id": [
          "4ddd2855-17b4-447a-9242-737132a53d6b"
        ],
        "x-ms-routing-request-id": [
          "WESTEUROPE:20210319T172937Z:4ddd2855-17b4-447a-9242-737132a53d6b"
        ],
        "Strict-Transport-Security": [
          "max-age=31536000; includeSubDomains"
        ],
        "X-Content-Type-Options": [
          "nosniff"
        ],
        "Date": [
          "Fri, 19 Mar 2021 17:29:37 GMT"
        ],
        "Content-Length": [
          "530"
        ],
        "Content-Type": [
          "application/json; charset=utf-8"
        ],
        "Expires": [
          "-1"
        ]
      },
      "ResponseBody": "{\r\n  \"id\": \"/subscriptions/69a75bda-882e-44d5-8431-63421204132a/resourceGroups/sdk-net-test-qa2/providers/Microsoft.NetApp/netAppAccounts/sdk-net-tests-acc-212/capacityPools/sdk-net-tests-pool-205\",\r\n  \"name\": \"sdk-net-tests-acc-212/sdk-net-tests-pool-205\",\r\n  \"type\": \"Microsoft.NetApp/netAppAccounts/capacityPools\",\r\n  \"etag\": \"W/\\\"datetime'2021-03-19T17%3A29%3A36.5550692Z'\\\"\",\r\n  \"location\": \"westus2\",\r\n  \"properties\": {\r\n    \"serviceLevel\": \"Premium\",\r\n    \"size\": 4398046511104,\r\n    \"totalThroughputMibps\": 0.0,\r\n    \"utilizedThroughputMibps\": 0.0,\r\n    \"provisioningState\": \"Creating\"\r\n  }\r\n}",
      "StatusCode": 201
    },
    {
      "RequestUri": "/subscriptions/69a75bda-882e-44d5-8431-63421204132a/providers/Microsoft.NetApp/locations/westus2/operationResults/3d6fb45e-6e14-4b77-8275-ed4dfbe1795b?api-version=2020-12-01",
      "EncodedRequestUri": "L3N1YnNjcmlwdGlvbnMvNjlhNzViZGEtODgyZS00NGQ1LTg0MzEtNjM0MjEyMDQxMzJhL3Byb3ZpZGVycy9NaWNyb3NvZnQuTmV0QXBwL2xvY2F0aW9ucy93ZXN0dXMyL29wZXJhdGlvblJlc3VsdHMvM2Q2ZmI0NWUtNmUxNC00Yjc3LTgyNzUtZWQ0ZGZiZTE3OTViP2FwaS12ZXJzaW9uPTIwMjAtMTItMDE=",
      "RequestMethod": "GET",
      "RequestBody": "",
      "RequestHeaders": {
        "User-Agent": [
          "FxVersion/4.6.29812.02",
          "OSName/Windows",
          "OSVersion/Microsoft.Windows.10.0.19042.",
          "Microsoft.Azure.Management.NetApp.AzureNetAppFilesManagementClient/1.11.0.0"
        ]
      },
      "ResponseHeaders": {
        "Cache-Control": [
          "no-cache"
        ],
        "Pragma": [
          "no-cache"
        ],
        "x-ms-request-id": [
          "31252549-514f-437f-a076-639cb17f979b"
        ],
        "Request-Context": [
          "appId=cid-v1:2c4cb680-0a1f-424d-bb8d-8e650ba68d53"
        ],
        "Access-Control-Expose-Headers": [
          "Request-Context"
        ],
        "Server": [
          "Microsoft-IIS/10.0"
        ],
        "X-Powered-By": [
          "ASP.NET"
        ],
        "x-ms-ratelimit-remaining-subscription-reads": [
          "11997"
        ],
        "x-ms-correlation-request-id": [
          "38c09bf3-cd72-4435-8925-da31b588eccd"
        ],
        "x-ms-routing-request-id": [
          "WESTEUROPE:20210319T173008Z:38c09bf3-cd72-4435-8925-da31b588eccd"
        ],
        "Strict-Transport-Security": [
          "max-age=31536000; includeSubDomains"
        ],
        "X-Content-Type-Options": [
          "nosniff"
        ],
        "Date": [
          "Fri, 19 Mar 2021 17:30:07 GMT"
        ],
        "Content-Length": [
          "551"
        ],
        "Content-Type": [
          "application/json; charset=utf-8"
        ],
        "Expires": [
          "-1"
        ]
      },
      "ResponseBody": "{\r\n  \"id\": \"/subscriptions/69a75bda-882e-44d5-8431-63421204132a/providers/Microsoft.NetApp/locations/westus2/operationResults/3d6fb45e-6e14-4b77-8275-ed4dfbe1795b\",\r\n  \"name\": \"3d6fb45e-6e14-4b77-8275-ed4dfbe1795b\",\r\n  \"status\": \"Succeeded\",\r\n  \"startTime\": \"2021-03-19T17:29:36.4851109Z\",\r\n  \"endTime\": \"2021-03-19T17:29:36.7462097Z\",\r\n  \"percentComplete\": 100.0,\r\n  \"properties\": {\r\n    \"resourceName\": \"/subscriptions/69a75bda-882e-44d5-8431-63421204132a/resourceGroups/sdk-net-test-qa2/providers/Microsoft.NetApp/netAppAccounts/sdk-net-tests-acc-212/capacityPools/sdk-net-tests-pool-205\"\r\n  }\r\n}",
      "StatusCode": 200
    },
    {
      "RequestUri": "/subscriptions/69a75bda-882e-44d5-8431-63421204132a/resourceGroups/sdk-net-test-qa2/providers/Microsoft.NetApp/netAppAccounts/sdk-net-tests-acc-212/capacityPools/sdk-net-tests-pool-205?api-version=2020-12-01",
      "EncodedRequestUri": "L3N1YnNjcmlwdGlvbnMvNjlhNzViZGEtODgyZS00NGQ1LTg0MzEtNjM0MjEyMDQxMzJhL3Jlc291cmNlR3JvdXBzL3Nkay1uZXQtdGVzdC1xYTIvcHJvdmlkZXJzL01pY3Jvc29mdC5OZXRBcHAvbmV0QXBwQWNjb3VudHMvc2RrLW5ldC10ZXN0cy1hY2MtMjEyL2NhcGFjaXR5UG9vbHMvc2RrLW5ldC10ZXN0cy1wb29sLTIwNT9hcGktdmVyc2lvbj0yMDIwLTEyLTAx",
      "RequestMethod": "GET",
      "RequestBody": "",
      "RequestHeaders": {
        "User-Agent": [
          "FxVersion/4.6.29812.02",
          "OSName/Windows",
          "OSVersion/Microsoft.Windows.10.0.19042.",
          "Microsoft.Azure.Management.NetApp.AzureNetAppFilesManagementClient/1.11.0.0"
        ]
      },
      "ResponseHeaders": {
        "Cache-Control": [
          "no-cache"
        ],
        "Pragma": [
          "no-cache"
        ],
        "ETag": [
          "W/\"datetime'2021-03-19T17%3A29%3A36.7381981Z'\""
        ],
        "x-ms-request-id": [
          "bac65dff-4cec-4963-89df-b91e585cac02"
        ],
        "Request-Context": [
          "appId=cid-v1:2c4cb680-0a1f-424d-bb8d-8e650ba68d53"
        ],
        "Access-Control-Expose-Headers": [
          "Request-Context"
        ],
        "Server": [
          "Microsoft-IIS/10.0"
        ],
        "X-Powered-By": [
          "ASP.NET"
        ],
        "x-ms-ratelimit-remaining-subscription-reads": [
          "11996"
        ],
        "x-ms-correlation-request-id": [
          "dc685e53-8b6d-4dc5-9f8f-bb2294b47167"
        ],
        "x-ms-routing-request-id": [
          "WESTEUROPE:20210319T173008Z:dc685e53-8b6d-4dc5-9f8f-bb2294b47167"
        ],
        "Strict-Transport-Security": [
          "max-age=31536000; includeSubDomains"
        ],
        "X-Content-Type-Options": [
          "nosniff"
        ],
        "Date": [
          "Fri, 19 Mar 2021 17:30:08 GMT"
        ],
        "Content-Length": [
          "626"
        ],
        "Content-Type": [
          "application/json; charset=utf-8"
        ],
        "Expires": [
          "-1"
        ]
      },
      "ResponseBody": "{\r\n  \"id\": \"/subscriptions/69a75bda-882e-44d5-8431-63421204132a/resourceGroups/sdk-net-test-qa2/providers/Microsoft.NetApp/netAppAccounts/sdk-net-tests-acc-212/capacityPools/sdk-net-tests-pool-205\",\r\n  \"name\": \"sdk-net-tests-acc-212/sdk-net-tests-pool-205\",\r\n  \"type\": \"Microsoft.NetApp/netAppAccounts/capacityPools\",\r\n  \"etag\": \"W/\\\"datetime'2021-03-19T17%3A29%3A36.7381981Z'\\\"\",\r\n  \"location\": \"westus2\",\r\n  \"properties\": {\r\n    \"poolId\": \"6f215891-214d-a83b-c254-454707ae0b12\",\r\n    \"serviceLevel\": \"Premium\",\r\n    \"size\": 4398046511104,\r\n    \"qosType\": \"Auto\",\r\n    \"totalThroughputMibps\": 262.144,\r\n    \"utilizedThroughputMibps\": 0.0,\r\n    \"encryptionType\": \"Single\",\r\n    \"provisioningState\": \"Succeeded\"\r\n  }\r\n}",
      "StatusCode": 200
    },
    {
      "RequestUri": "/subscriptions/69a75bda-882e-44d5-8431-63421204132a/resourceGroups/sdk-net-test-qa2/providers/Microsoft.NetApp/netAppAccounts/sdk-net-tests-acc-212/capacityPools/sdk-net-tests-pool-205/volumes/sdk-net-tests-vol-2105?api-version=2020-12-01",
      "EncodedRequestUri": "L3N1YnNjcmlwdGlvbnMvNjlhNzViZGEtODgyZS00NGQ1LTg0MzEtNjM0MjEyMDQxMzJhL3Jlc291cmNlR3JvdXBzL3Nkay1uZXQtdGVzdC1xYTIvcHJvdmlkZXJzL01pY3Jvc29mdC5OZXRBcHAvbmV0QXBwQWNjb3VudHMvc2RrLW5ldC10ZXN0cy1hY2MtMjEyL2NhcGFjaXR5UG9vbHMvc2RrLW5ldC10ZXN0cy1wb29sLTIwNS92b2x1bWVzL3Nkay1uZXQtdGVzdHMtdm9sLTIxMDU/YXBpLXZlcnNpb249MjAyMC0xMi0wMQ==",
      "RequestMethod": "PUT",
      "RequestBody": "{\r\n  \"location\": \"westus2\",\r\n  \"properties\": {\r\n    \"creationToken\": \"sdk-net-tests-vol-2105\",\r\n    \"usageThreshold\": 107374182400,\r\n    \"protocolTypes\": [\r\n      \"NFSv3\"\r\n    ],\r\n    \"subnetId\": \"/subscriptions/69a75bda-882e-44d5-8431-63421204132a/resourceGroups/sdk-net-test-qa2/providers/Microsoft.Network/virtualNetworks/sdknettestqa2vnet464/subnets/default\"\r\n  }\r\n}",
      "RequestHeaders": {
        "x-ms-client-request-id": [
          "928a102c-79e5-4e49-9b99-a4e6b6a57042"
        ],
        "Accept-Language": [
          "en-US"
        ],
        "User-Agent": [
          "FxVersion/4.6.29812.02",
          "OSName/Windows",
          "OSVersion/Microsoft.Windows.10.0.19042.",
          "Microsoft.Azure.Management.NetApp.AzureNetAppFilesManagementClient/1.11.0.0"
        ],
        "Content-Type": [
          "application/json; charset=utf-8"
        ],
        "Content-Length": [
          "370"
        ]
      },
      "ResponseHeaders": {
        "Cache-Control": [
          "no-cache"
        ],
        "Pragma": [
          "no-cache"
        ],
        "ETag": [
          "W/\"datetime'2021-03-19T17%3A30%3A15.8085034Z'\""
        ],
        "x-ms-request-id": [
          "3fbb092d-bc85-496a-ab58-4dca956d4494"
        ],
        "Azure-AsyncOperation": [
          "https://management.azure.com/subscriptions/69a75bda-882e-44d5-8431-63421204132a/providers/Microsoft.NetApp/locations/westus2/operationResults/90d2a792-d27e-464e-b89d-0ce0b24577c4?api-version=2020-12-01"
        ],
        "Request-Context": [
          "appId=cid-v1:2c4cb680-0a1f-424d-bb8d-8e650ba68d53"
        ],
        "Access-Control-Expose-Headers": [
          "Request-Context"
        ],
        "Server": [
          "Microsoft-IIS/10.0"
        ],
        "X-Powered-By": [
          "ASP.NET"
        ],
        "x-ms-ratelimit-remaining-subscription-writes": [
          "1197"
        ],
        "x-ms-correlation-request-id": [
          "4d95c054-a065-4a1a-8b80-0db40b497933"
        ],
        "x-ms-routing-request-id": [
          "WESTEUROPE:20210319T173017Z:4d95c054-a065-4a1a-8b80-0db40b497933"
        ],
        "Strict-Transport-Security": [
          "max-age=31536000; includeSubDomains"
        ],
        "X-Content-Type-Options": [
          "nosniff"
        ],
        "Date": [
          "Fri, 19 Mar 2021 17:30:16 GMT"
        ],
        "Content-Length": [
          "764"
        ],
        "Content-Type": [
          "application/json; charset=utf-8"
        ],
        "Expires": [
          "-1"
        ]
      },
      "ResponseBody": "{\r\n  \"id\": \"/subscriptions/69a75bda-882e-44d5-8431-63421204132a/resourceGroups/sdk-net-test-qa2/providers/Microsoft.NetApp/netAppAccounts/sdk-net-tests-acc-212/capacityPools/sdk-net-tests-pool-205/volumes/sdk-net-tests-vol-2105\",\r\n  \"name\": \"sdk-net-tests-acc-212/sdk-net-tests-pool-205/sdk-net-tests-vol-2105\",\r\n  \"type\": \"Microsoft.NetApp/netAppAccounts/capacityPools/volumes\",\r\n  \"etag\": \"W/\\\"datetime'2021-03-19T17%3A30%3A15.8085034Z'\\\"\",\r\n  \"location\": \"westus2\",\r\n  \"properties\": {\r\n    \"creationToken\": \"sdk-net-tests-vol-2105\",\r\n    \"usageThreshold\": 107374182400,\r\n    \"protocolTypes\": [\r\n      \"NFSv3\"\r\n    ],\r\n    \"subnetId\": \"/subscriptions/69a75bda-882e-44d5-8431-63421204132a/resourceGroups/sdk-net-test-qa2/providers/Microsoft.Network/virtualNetworks/sdknettestqa2vnet464/subnets/default\",\r\n    \"provisioningState\": \"Creating\"\r\n  }\r\n}",
      "StatusCode": 201
    },
    {
      "RequestUri": "/subscriptions/69a75bda-882e-44d5-8431-63421204132a/providers/Microsoft.NetApp/locations/westus2/operationResults/90d2a792-d27e-464e-b89d-0ce0b24577c4?api-version=2020-12-01",
      "EncodedRequestUri": "L3N1YnNjcmlwdGlvbnMvNjlhNzViZGEtODgyZS00NGQ1LTg0MzEtNjM0MjEyMDQxMzJhL3Byb3ZpZGVycy9NaWNyb3NvZnQuTmV0QXBwL2xvY2F0aW9ucy93ZXN0dXMyL29wZXJhdGlvblJlc3VsdHMvOTBkMmE3OTItZDI3ZS00NjRlLWI4OWQtMGNlMGIyNDU3N2M0P2FwaS12ZXJzaW9uPTIwMjAtMTItMDE=",
      "RequestMethod": "GET",
      "RequestBody": "",
      "RequestHeaders": {
        "User-Agent": [
          "FxVersion/4.6.29812.02",
          "OSName/Windows",
          "OSVersion/Microsoft.Windows.10.0.19042.",
          "Microsoft.Azure.Management.NetApp.AzureNetAppFilesManagementClient/1.11.0.0"
        ]
      },
      "ResponseHeaders": {
        "Cache-Control": [
          "no-cache"
        ],
        "Pragma": [
          "no-cache"
        ],
        "x-ms-request-id": [
          "030b9ac6-bb19-4029-bccb-3bd198ffeb78"
        ],
        "Request-Context": [
          "appId=cid-v1:2c4cb680-0a1f-424d-bb8d-8e650ba68d53"
        ],
        "Access-Control-Expose-Headers": [
          "Request-Context"
        ],
        "Server": [
          "Microsoft-IIS/10.0"
        ],
        "X-Powered-By": [
          "ASP.NET"
        ],
        "x-ms-ratelimit-remaining-subscription-reads": [
          "11995"
        ],
        "x-ms-correlation-request-id": [
          "c462912e-ca59-4fa5-b66b-3c4a8f506c85"
        ],
        "x-ms-routing-request-id": [
          "WESTEUROPE:20210319T173047Z:c462912e-ca59-4fa5-b66b-3c4a8f506c85"
        ],
        "Strict-Transport-Security": [
          "max-age=31536000; includeSubDomains"
        ],
        "X-Content-Type-Options": [
          "nosniff"
        ],
        "Date": [
          "Fri, 19 Mar 2021 17:30:46 GMT"
        ],
        "Content-Length": [
          "571"
        ],
        "Content-Type": [
          "application/json; charset=utf-8"
        ],
        "Expires": [
          "-1"
        ]
      },
      "ResponseBody": "{\r\n  \"id\": \"/subscriptions/69a75bda-882e-44d5-8431-63421204132a/providers/Microsoft.NetApp/locations/westus2/operationResults/90d2a792-d27e-464e-b89d-0ce0b24577c4\",\r\n  \"name\": \"90d2a792-d27e-464e-b89d-0ce0b24577c4\",\r\n  \"status\": \"Creating\",\r\n  \"startTime\": \"2021-03-19T17:30:15.7337491Z\",\r\n  \"endTime\": \"0001-01-01T00:00:00Z\",\r\n  \"percentComplete\": 0.0,\r\n  \"properties\": {\r\n    \"resourceName\": \"/subscriptions/69a75bda-882e-44d5-8431-63421204132a/resourceGroups/sdk-net-test-qa2/providers/Microsoft.NetApp/netAppAccounts/sdk-net-tests-acc-212/capacityPools/sdk-net-tests-pool-205/volumes/sdk-net-tests-vol-2105\"\r\n  }\r\n}",
      "StatusCode": 200
    },
    {
      "RequestUri": "/subscriptions/69a75bda-882e-44d5-8431-63421204132a/providers/Microsoft.NetApp/locations/westus2/operationResults/90d2a792-d27e-464e-b89d-0ce0b24577c4?api-version=2020-12-01",
      "EncodedRequestUri": "L3N1YnNjcmlwdGlvbnMvNjlhNzViZGEtODgyZS00NGQ1LTg0MzEtNjM0MjEyMDQxMzJhL3Byb3ZpZGVycy9NaWNyb3NvZnQuTmV0QXBwL2xvY2F0aW9ucy93ZXN0dXMyL29wZXJhdGlvblJlc3VsdHMvOTBkMmE3OTItZDI3ZS00NjRlLWI4OWQtMGNlMGIyNDU3N2M0P2FwaS12ZXJzaW9uPTIwMjAtMTItMDE=",
      "RequestMethod": "GET",
      "RequestBody": "",
      "RequestHeaders": {
        "User-Agent": [
          "FxVersion/4.6.29812.02",
          "OSName/Windows",
          "OSVersion/Microsoft.Windows.10.0.19042.",
          "Microsoft.Azure.Management.NetApp.AzureNetAppFilesManagementClient/1.11.0.0"
        ]
      },
      "ResponseHeaders": {
        "Cache-Control": [
          "no-cache"
        ],
        "Pragma": [
          "no-cache"
        ],
        "x-ms-request-id": [
          "97cd5942-4736-413b-89b1-9afa247dc6a3"
        ],
        "Request-Context": [
          "appId=cid-v1:2c4cb680-0a1f-424d-bb8d-8e650ba68d53"
        ],
        "Access-Control-Expose-Headers": [
          "Request-Context"
        ],
        "Server": [
          "Microsoft-IIS/10.0"
        ],
        "X-Powered-By": [
          "ASP.NET"
        ],
        "x-ms-ratelimit-remaining-subscription-reads": [
          "11994"
        ],
        "x-ms-correlation-request-id": [
          "f9a785a1-575f-4630-beb6-2322c9197c3b"
        ],
        "x-ms-routing-request-id": [
          "WESTEUROPE:20210319T173117Z:f9a785a1-575f-4630-beb6-2322c9197c3b"
        ],
        "Strict-Transport-Security": [
          "max-age=31536000; includeSubDomains"
        ],
        "X-Content-Type-Options": [
          "nosniff"
        ],
        "Date": [
          "Fri, 19 Mar 2021 17:31:16 GMT"
        ],
        "Content-Length": [
          "571"
        ],
        "Content-Type": [
          "application/json; charset=utf-8"
        ],
        "Expires": [
          "-1"
        ]
      },
      "ResponseBody": "{\r\n  \"id\": \"/subscriptions/69a75bda-882e-44d5-8431-63421204132a/providers/Microsoft.NetApp/locations/westus2/operationResults/90d2a792-d27e-464e-b89d-0ce0b24577c4\",\r\n  \"name\": \"90d2a792-d27e-464e-b89d-0ce0b24577c4\",\r\n  \"status\": \"Creating\",\r\n  \"startTime\": \"2021-03-19T17:30:15.7337491Z\",\r\n  \"endTime\": \"0001-01-01T00:00:00Z\",\r\n  \"percentComplete\": 0.0,\r\n  \"properties\": {\r\n    \"resourceName\": \"/subscriptions/69a75bda-882e-44d5-8431-63421204132a/resourceGroups/sdk-net-test-qa2/providers/Microsoft.NetApp/netAppAccounts/sdk-net-tests-acc-212/capacityPools/sdk-net-tests-pool-205/volumes/sdk-net-tests-vol-2105\"\r\n  }\r\n}",
      "StatusCode": 200
    },
    {
      "RequestUri": "/subscriptions/69a75bda-882e-44d5-8431-63421204132a/providers/Microsoft.NetApp/locations/westus2/operationResults/90d2a792-d27e-464e-b89d-0ce0b24577c4?api-version=2020-12-01",
      "EncodedRequestUri": "L3N1YnNjcmlwdGlvbnMvNjlhNzViZGEtODgyZS00NGQ1LTg0MzEtNjM0MjEyMDQxMzJhL3Byb3ZpZGVycy9NaWNyb3NvZnQuTmV0QXBwL2xvY2F0aW9ucy93ZXN0dXMyL29wZXJhdGlvblJlc3VsdHMvOTBkMmE3OTItZDI3ZS00NjRlLWI4OWQtMGNlMGIyNDU3N2M0P2FwaS12ZXJzaW9uPTIwMjAtMTItMDE=",
      "RequestMethod": "GET",
      "RequestBody": "",
      "RequestHeaders": {
        "User-Agent": [
          "FxVersion/4.6.29812.02",
          "OSName/Windows",
          "OSVersion/Microsoft.Windows.10.0.19042.",
          "Microsoft.Azure.Management.NetApp.AzureNetAppFilesManagementClient/1.11.0.0"
        ]
      },
      "ResponseHeaders": {
        "Cache-Control": [
          "no-cache"
        ],
        "Pragma": [
          "no-cache"
        ],
        "x-ms-request-id": [
          "94607378-20f9-4d78-9ec6-34bf6c6929e8"
        ],
        "Request-Context": [
          "appId=cid-v1:2c4cb680-0a1f-424d-bb8d-8e650ba68d53"
        ],
        "Access-Control-Expose-Headers": [
          "Request-Context"
        ],
        "Server": [
          "Microsoft-IIS/10.0"
        ],
        "X-Powered-By": [
          "ASP.NET"
        ],
        "x-ms-ratelimit-remaining-subscription-reads": [
          "11993"
        ],
        "x-ms-correlation-request-id": [
          "8de2e42a-4c5b-43f8-ac25-5ac974aad726"
        ],
        "x-ms-routing-request-id": [
          "WESTEUROPE:20210319T173147Z:8de2e42a-4c5b-43f8-ac25-5ac974aad726"
        ],
        "Strict-Transport-Security": [
          "max-age=31536000; includeSubDomains"
        ],
        "X-Content-Type-Options": [
          "nosniff"
        ],
        "Date": [
          "Fri, 19 Mar 2021 17:31:47 GMT"
        ],
        "Content-Length": [
          "571"
        ],
        "Content-Type": [
          "application/json; charset=utf-8"
        ],
        "Expires": [
          "-1"
        ]
      },
      "ResponseBody": "{\r\n  \"id\": \"/subscriptions/69a75bda-882e-44d5-8431-63421204132a/providers/Microsoft.NetApp/locations/westus2/operationResults/90d2a792-d27e-464e-b89d-0ce0b24577c4\",\r\n  \"name\": \"90d2a792-d27e-464e-b89d-0ce0b24577c4\",\r\n  \"status\": \"Creating\",\r\n  \"startTime\": \"2021-03-19T17:30:15.7337491Z\",\r\n  \"endTime\": \"0001-01-01T00:00:00Z\",\r\n  \"percentComplete\": 0.0,\r\n  \"properties\": {\r\n    \"resourceName\": \"/subscriptions/69a75bda-882e-44d5-8431-63421204132a/resourceGroups/sdk-net-test-qa2/providers/Microsoft.NetApp/netAppAccounts/sdk-net-tests-acc-212/capacityPools/sdk-net-tests-pool-205/volumes/sdk-net-tests-vol-2105\"\r\n  }\r\n}",
      "StatusCode": 200
    },
    {
      "RequestUri": "/subscriptions/69a75bda-882e-44d5-8431-63421204132a/providers/Microsoft.NetApp/locations/westus2/operationResults/90d2a792-d27e-464e-b89d-0ce0b24577c4?api-version=2020-12-01",
      "EncodedRequestUri": "L3N1YnNjcmlwdGlvbnMvNjlhNzViZGEtODgyZS00NGQ1LTg0MzEtNjM0MjEyMDQxMzJhL3Byb3ZpZGVycy9NaWNyb3NvZnQuTmV0QXBwL2xvY2F0aW9ucy93ZXN0dXMyL29wZXJhdGlvblJlc3VsdHMvOTBkMmE3OTItZDI3ZS00NjRlLWI4OWQtMGNlMGIyNDU3N2M0P2FwaS12ZXJzaW9uPTIwMjAtMTItMDE=",
      "RequestMethod": "GET",
      "RequestBody": "",
      "RequestHeaders": {
        "User-Agent": [
          "FxVersion/4.6.29812.02",
          "OSName/Windows",
          "OSVersion/Microsoft.Windows.10.0.19042.",
          "Microsoft.Azure.Management.NetApp.AzureNetAppFilesManagementClient/1.11.0.0"
        ]
      },
      "ResponseHeaders": {
        "Cache-Control": [
          "no-cache"
        ],
        "Pragma": [
          "no-cache"
        ],
        "x-ms-request-id": [
          "74a501dd-21a4-40cf-895b-54ab0682e0a7"
        ],
        "Request-Context": [
          "appId=cid-v1:2c4cb680-0a1f-424d-bb8d-8e650ba68d53"
        ],
        "Access-Control-Expose-Headers": [
          "Request-Context"
        ],
        "Server": [
          "Microsoft-IIS/10.0"
        ],
        "X-Powered-By": [
          "ASP.NET"
        ],
        "x-ms-ratelimit-remaining-subscription-reads": [
          "11992"
        ],
        "x-ms-correlation-request-id": [
          "b3001745-9f3b-4130-96a8-178d88d147a4"
        ],
        "x-ms-routing-request-id": [
          "WESTEUROPE:20210319T173218Z:b3001745-9f3b-4130-96a8-178d88d147a4"
        ],
        "Strict-Transport-Security": [
          "max-age=31536000; includeSubDomains"
        ],
        "X-Content-Type-Options": [
          "nosniff"
        ],
        "Date": [
          "Fri, 19 Mar 2021 17:32:17 GMT"
        ],
        "Content-Length": [
          "571"
        ],
        "Content-Type": [
          "application/json; charset=utf-8"
        ],
        "Expires": [
          "-1"
        ]
      },
      "ResponseBody": "{\r\n  \"id\": \"/subscriptions/69a75bda-882e-44d5-8431-63421204132a/providers/Microsoft.NetApp/locations/westus2/operationResults/90d2a792-d27e-464e-b89d-0ce0b24577c4\",\r\n  \"name\": \"90d2a792-d27e-464e-b89d-0ce0b24577c4\",\r\n  \"status\": \"Creating\",\r\n  \"startTime\": \"2021-03-19T17:30:15.7337491Z\",\r\n  \"endTime\": \"0001-01-01T00:00:00Z\",\r\n  \"percentComplete\": 0.0,\r\n  \"properties\": {\r\n    \"resourceName\": \"/subscriptions/69a75bda-882e-44d5-8431-63421204132a/resourceGroups/sdk-net-test-qa2/providers/Microsoft.NetApp/netAppAccounts/sdk-net-tests-acc-212/capacityPools/sdk-net-tests-pool-205/volumes/sdk-net-tests-vol-2105\"\r\n  }\r\n}",
      "StatusCode": 200
    },
    {
      "RequestUri": "/subscriptions/69a75bda-882e-44d5-8431-63421204132a/providers/Microsoft.NetApp/locations/westus2/operationResults/90d2a792-d27e-464e-b89d-0ce0b24577c4?api-version=2020-12-01",
      "EncodedRequestUri": "L3N1YnNjcmlwdGlvbnMvNjlhNzViZGEtODgyZS00NGQ1LTg0MzEtNjM0MjEyMDQxMzJhL3Byb3ZpZGVycy9NaWNyb3NvZnQuTmV0QXBwL2xvY2F0aW9ucy93ZXN0dXMyL29wZXJhdGlvblJlc3VsdHMvOTBkMmE3OTItZDI3ZS00NjRlLWI4OWQtMGNlMGIyNDU3N2M0P2FwaS12ZXJzaW9uPTIwMjAtMTItMDE=",
      "RequestMethod": "GET",
      "RequestBody": "",
      "RequestHeaders": {
        "User-Agent": [
          "FxVersion/4.6.29812.02",
          "OSName/Windows",
          "OSVersion/Microsoft.Windows.10.0.19042.",
          "Microsoft.Azure.Management.NetApp.AzureNetAppFilesManagementClient/1.11.0.0"
        ]
      },
      "ResponseHeaders": {
        "Cache-Control": [
          "no-cache"
        ],
        "Pragma": [
          "no-cache"
        ],
        "x-ms-request-id": [
          "d06e7b81-79ee-40a8-a5bb-60c73286264a"
        ],
        "Request-Context": [
          "appId=cid-v1:2c4cb680-0a1f-424d-bb8d-8e650ba68d53"
        ],
        "Access-Control-Expose-Headers": [
          "Request-Context"
        ],
        "Server": [
          "Microsoft-IIS/10.0"
        ],
        "X-Powered-By": [
          "ASP.NET"
        ],
        "x-ms-ratelimit-remaining-subscription-reads": [
          "11991"
        ],
        "x-ms-correlation-request-id": [
          "4c1cd7c5-7544-4018-8e91-210bb01c7795"
        ],
        "x-ms-routing-request-id": [
          "WESTEUROPE:20210319T173248Z:4c1cd7c5-7544-4018-8e91-210bb01c7795"
        ],
        "Strict-Transport-Security": [
          "max-age=31536000; includeSubDomains"
        ],
        "X-Content-Type-Options": [
          "nosniff"
        ],
        "Date": [
          "Fri, 19 Mar 2021 17:32:47 GMT"
        ],
        "Content-Length": [
          "571"
        ],
        "Content-Type": [
          "application/json; charset=utf-8"
        ],
        "Expires": [
          "-1"
        ]
      },
      "ResponseBody": "{\r\n  \"id\": \"/subscriptions/69a75bda-882e-44d5-8431-63421204132a/providers/Microsoft.NetApp/locations/westus2/operationResults/90d2a792-d27e-464e-b89d-0ce0b24577c4\",\r\n  \"name\": \"90d2a792-d27e-464e-b89d-0ce0b24577c4\",\r\n  \"status\": \"Creating\",\r\n  \"startTime\": \"2021-03-19T17:30:15.7337491Z\",\r\n  \"endTime\": \"0001-01-01T00:00:00Z\",\r\n  \"percentComplete\": 0.0,\r\n  \"properties\": {\r\n    \"resourceName\": \"/subscriptions/69a75bda-882e-44d5-8431-63421204132a/resourceGroups/sdk-net-test-qa2/providers/Microsoft.NetApp/netAppAccounts/sdk-net-tests-acc-212/capacityPools/sdk-net-tests-pool-205/volumes/sdk-net-tests-vol-2105\"\r\n  }\r\n}",
      "StatusCode": 200
    },
    {
      "RequestUri": "/subscriptions/69a75bda-882e-44d5-8431-63421204132a/providers/Microsoft.NetApp/locations/westus2/operationResults/90d2a792-d27e-464e-b89d-0ce0b24577c4?api-version=2020-12-01",
      "EncodedRequestUri": "L3N1YnNjcmlwdGlvbnMvNjlhNzViZGEtODgyZS00NGQ1LTg0MzEtNjM0MjEyMDQxMzJhL3Byb3ZpZGVycy9NaWNyb3NvZnQuTmV0QXBwL2xvY2F0aW9ucy93ZXN0dXMyL29wZXJhdGlvblJlc3VsdHMvOTBkMmE3OTItZDI3ZS00NjRlLWI4OWQtMGNlMGIyNDU3N2M0P2FwaS12ZXJzaW9uPTIwMjAtMTItMDE=",
      "RequestMethod": "GET",
      "RequestBody": "",
      "RequestHeaders": {
        "User-Agent": [
          "FxVersion/4.6.29812.02",
          "OSName/Windows",
          "OSVersion/Microsoft.Windows.10.0.19042.",
          "Microsoft.Azure.Management.NetApp.AzureNetAppFilesManagementClient/1.11.0.0"
        ]
      },
      "ResponseHeaders": {
        "Cache-Control": [
          "no-cache"
        ],
        "Pragma": [
          "no-cache"
        ],
        "x-ms-request-id": [
          "001fabb7-90ad-45f2-ae56-08c6cf34ceae"
        ],
        "Request-Context": [
          "appId=cid-v1:2c4cb680-0a1f-424d-bb8d-8e650ba68d53"
        ],
        "Access-Control-Expose-Headers": [
          "Request-Context"
        ],
        "x-ms-ratelimit-remaining-subscription-reads": [
          "11990"
        ],
        "Server": [
          "Microsoft-IIS/10.0"
        ],
        "X-Powered-By": [
          "ASP.NET"
        ],
        "x-ms-correlation-request-id": [
          "cbd484cf-9ffd-4358-b26d-71803d1caa7a"
        ],
        "x-ms-routing-request-id": [
          "WESTEUROPE:20210319T173318Z:cbd484cf-9ffd-4358-b26d-71803d1caa7a"
        ],
        "Strict-Transport-Security": [
          "max-age=31536000; includeSubDomains"
        ],
        "X-Content-Type-Options": [
          "nosniff"
        ],
        "Date": [
          "Fri, 19 Mar 2021 17:33:17 GMT"
        ],
        "Content-Length": [
          "571"
        ],
        "Content-Type": [
          "application/json; charset=utf-8"
        ],
        "Expires": [
          "-1"
        ]
      },
      "ResponseBody": "{\r\n  \"id\": \"/subscriptions/69a75bda-882e-44d5-8431-63421204132a/providers/Microsoft.NetApp/locations/westus2/operationResults/90d2a792-d27e-464e-b89d-0ce0b24577c4\",\r\n  \"name\": \"90d2a792-d27e-464e-b89d-0ce0b24577c4\",\r\n  \"status\": \"Creating\",\r\n  \"startTime\": \"2021-03-19T17:30:15.7337491Z\",\r\n  \"endTime\": \"0001-01-01T00:00:00Z\",\r\n  \"percentComplete\": 0.0,\r\n  \"properties\": {\r\n    \"resourceName\": \"/subscriptions/69a75bda-882e-44d5-8431-63421204132a/resourceGroups/sdk-net-test-qa2/providers/Microsoft.NetApp/netAppAccounts/sdk-net-tests-acc-212/capacityPools/sdk-net-tests-pool-205/volumes/sdk-net-tests-vol-2105\"\r\n  }\r\n}",
      "StatusCode": 200
    },
    {
      "RequestUri": "/subscriptions/69a75bda-882e-44d5-8431-63421204132a/providers/Microsoft.NetApp/locations/westus2/operationResults/90d2a792-d27e-464e-b89d-0ce0b24577c4?api-version=2020-12-01",
      "EncodedRequestUri": "L3N1YnNjcmlwdGlvbnMvNjlhNzViZGEtODgyZS00NGQ1LTg0MzEtNjM0MjEyMDQxMzJhL3Byb3ZpZGVycy9NaWNyb3NvZnQuTmV0QXBwL2xvY2F0aW9ucy93ZXN0dXMyL29wZXJhdGlvblJlc3VsdHMvOTBkMmE3OTItZDI3ZS00NjRlLWI4OWQtMGNlMGIyNDU3N2M0P2FwaS12ZXJzaW9uPTIwMjAtMTItMDE=",
      "RequestMethod": "GET",
      "RequestBody": "",
      "RequestHeaders": {
        "User-Agent": [
          "FxVersion/4.6.29812.02",
          "OSName/Windows",
          "OSVersion/Microsoft.Windows.10.0.19042.",
          "Microsoft.Azure.Management.NetApp.AzureNetAppFilesManagementClient/1.11.0.0"
        ]
      },
      "ResponseHeaders": {
        "Cache-Control": [
          "no-cache"
        ],
        "Pragma": [
          "no-cache"
        ],
        "x-ms-request-id": [
          "866d5294-1d0b-40d6-ba51-f97f46add2c2"
        ],
        "Request-Context": [
          "appId=cid-v1:2c4cb680-0a1f-424d-bb8d-8e650ba68d53"
        ],
        "Access-Control-Expose-Headers": [
          "Request-Context"
        ],
        "Server": [
          "Microsoft-IIS/10.0"
        ],
        "X-Powered-By": [
          "ASP.NET"
        ],
        "x-ms-ratelimit-remaining-subscription-reads": [
          "11989"
        ],
        "x-ms-correlation-request-id": [
          "3c1b5984-a623-4530-b7d2-f454768ba110"
        ],
        "x-ms-routing-request-id": [
          "WESTEUROPE:20210319T173349Z:3c1b5984-a623-4530-b7d2-f454768ba110"
        ],
        "Strict-Transport-Security": [
          "max-age=31536000; includeSubDomains"
        ],
        "X-Content-Type-Options": [
          "nosniff"
        ],
        "Date": [
          "Fri, 19 Mar 2021 17:33:48 GMT"
        ],
        "Content-Length": [
          "582"
        ],
        "Content-Type": [
          "application/json; charset=utf-8"
        ],
        "Expires": [
          "-1"
        ]
      },
      "ResponseBody": "{\r\n  \"id\": \"/subscriptions/69a75bda-882e-44d5-8431-63421204132a/providers/Microsoft.NetApp/locations/westus2/operationResults/90d2a792-d27e-464e-b89d-0ce0b24577c4\",\r\n  \"name\": \"90d2a792-d27e-464e-b89d-0ce0b24577c4\",\r\n  \"status\": \"Succeeded\",\r\n  \"startTime\": \"2021-03-19T17:30:15.7337491Z\",\r\n  \"endTime\": \"2021-03-19T17:33:24.0147522Z\",\r\n  \"percentComplete\": 100.0,\r\n  \"properties\": {\r\n    \"resourceName\": \"/subscriptions/69a75bda-882e-44d5-8431-63421204132a/resourceGroups/sdk-net-test-qa2/providers/Microsoft.NetApp/netAppAccounts/sdk-net-tests-acc-212/capacityPools/sdk-net-tests-pool-205/volumes/sdk-net-tests-vol-2105\"\r\n  }\r\n}",
      "StatusCode": 200
    },
    {
      "RequestUri": "/subscriptions/69a75bda-882e-44d5-8431-63421204132a/resourceGroups/sdk-net-test-qa2/providers/Microsoft.NetApp/netAppAccounts/sdk-net-tests-acc-212/capacityPools/sdk-net-tests-pool-205/volumes/sdk-net-tests-vol-2105?api-version=2020-12-01",
      "EncodedRequestUri": "L3N1YnNjcmlwdGlvbnMvNjlhNzViZGEtODgyZS00NGQ1LTg0MzEtNjM0MjEyMDQxMzJhL3Jlc291cmNlR3JvdXBzL3Nkay1uZXQtdGVzdC1xYTIvcHJvdmlkZXJzL01pY3Jvc29mdC5OZXRBcHAvbmV0QXBwQWNjb3VudHMvc2RrLW5ldC10ZXN0cy1hY2MtMjEyL2NhcGFjaXR5UG9vbHMvc2RrLW5ldC10ZXN0cy1wb29sLTIwNS92b2x1bWVzL3Nkay1uZXQtdGVzdHMtdm9sLTIxMDU/YXBpLXZlcnNpb249MjAyMC0xMi0wMQ==",
      "RequestMethod": "GET",
      "RequestBody": "",
      "RequestHeaders": {
        "User-Agent": [
          "FxVersion/4.6.29812.02",
          "OSName/Windows",
          "OSVersion/Microsoft.Windows.10.0.19042.",
          "Microsoft.Azure.Management.NetApp.AzureNetAppFilesManagementClient/1.11.0.0"
        ]
      },
      "ResponseHeaders": {
        "Cache-Control": [
          "no-cache"
        ],
        "Pragma": [
          "no-cache"
        ],
        "ETag": [
          "W/\"datetime'2021-03-19T17%3A33%3A24.0066147Z'\""
        ],
        "x-ms-request-id": [
          "86c59c85-ac53-439a-9548-a3603965b839"
        ],
        "Request-Context": [
          "appId=cid-v1:2c4cb680-0a1f-424d-bb8d-8e650ba68d53"
        ],
        "Access-Control-Expose-Headers": [
          "Request-Context"
        ],
        "Server": [
          "Microsoft-IIS/10.0"
        ],
        "X-Powered-By": [
          "ASP.NET"
        ],
        "x-ms-ratelimit-remaining-subscription-reads": [
          "11988"
        ],
        "x-ms-correlation-request-id": [
          "a16cd59a-e52f-4d92-943a-a8f206b4651e"
        ],
        "x-ms-routing-request-id": [
          "WESTEUROPE:20210319T173349Z:a16cd59a-e52f-4d92-943a-a8f206b4651e"
        ],
        "Strict-Transport-Security": [
          "max-age=31536000; includeSubDomains"
        ],
        "X-Content-Type-Options": [
          "nosniff"
        ],
        "Date": [
          "Fri, 19 Mar 2021 17:33:48 GMT"
        ],
        "Content-Length": [
          "1686"
        ],
        "Content-Type": [
          "application/json; charset=utf-8"
        ],
        "Expires": [
          "-1"
        ]
      },
      "ResponseBody": "{\r\n  \"id\": \"/subscriptions/69a75bda-882e-44d5-8431-63421204132a/resourceGroups/sdk-net-test-qa2/providers/Microsoft.NetApp/netAppAccounts/sdk-net-tests-acc-212/capacityPools/sdk-net-tests-pool-205/volumes/sdk-net-tests-vol-2105\",\r\n  \"name\": \"sdk-net-tests-acc-212/sdk-net-tests-pool-205/sdk-net-tests-vol-2105\",\r\n  \"type\": \"Microsoft.NetApp/netAppAccounts/capacityPools/volumes\",\r\n  \"etag\": \"W/\\\"datetime'2021-03-19T17%3A33%3A24.0066147Z'\\\"\",\r\n  \"location\": \"westus2\",\r\n  \"properties\": {\r\n    \"mountTargets\": [\r\n      {\r\n        \"mountTargetId\": \"58b7fdf5-430a-3fb5-a4c2-6fbd28419e0c\",\r\n        \"fileSystemId\": \"58b7fdf5-430a-3fb5-a4c2-6fbd28419e0c\",\r\n        \"ipAddress\": \"10.1.8.7\",\r\n        \"smbServerFQDN\": \"\"\r\n      }\r\n    ],\r\n    \"throughputMibps\": 6.4,\r\n    \"provisioningState\": \"Succeeded\",\r\n    \"fileSystemId\": \"58b7fdf5-430a-3fb5-a4c2-6fbd28419e0c\",\r\n    \"name\": \"sdk-net-tests-vol-2105\",\r\n    \"serviceLevel\": \"Premium\",\r\n    \"creationToken\": \"sdk-net-tests-vol-2105\",\r\n    \"usageThreshold\": 107374182400,\r\n    \"exportPolicy\": {\r\n      \"rules\": [\r\n        {\r\n          \"ruleIndex\": 1,\r\n          \"unixReadOnly\": false,\r\n          \"unixReadWrite\": true,\r\n          \"cifs\": false,\r\n          \"nfsv3\": true,\r\n          \"nfsv41\": false,\r\n          \"allowedClients\": \"0.0.0.0/0\",\r\n          \"kerberos5ReadOnly\": false,\r\n          \"kerberos5ReadWrite\": false,\r\n          \"kerberos5iReadOnly\": false,\r\n          \"kerberos5iReadWrite\": false,\r\n          \"kerberos5pReadOnly\": false,\r\n          \"kerberos5pReadWrite\": false,\r\n          \"hasRootAccess\": true\r\n        }\r\n      ]\r\n    },\r\n    \"protocolTypes\": [\r\n      \"NFSv3\"\r\n    ],\r\n    \"baremetalTenantId\": \"baremetalTenant_svm_8f82c7b40509489d9e97d719b9b955b4_a85faf00\",\r\n    \"subnetId\": \"/subscriptions/69a75bda-882e-44d5-8431-63421204132a/resourceGroups/sdk-net-test-qa2/providers/Microsoft.Network/virtualNetworks/sdknettestqa2vnet464/subnets/default\",\r\n    \"snapshotDirectoryVisible\": true,\r\n    \"kerberosEnabled\": false,\r\n    \"securityStyle\": \"Unix\",\r\n    \"smbEncryption\": false,\r\n    \"smbContinuouslyAvailable\": false,\r\n    \"encryptionKeySource\": \"Microsoft.NetApp\",\r\n    \"ldapEnabled\": false\r\n  }\r\n}",
      "StatusCode": 200
    },
    {
      "RequestUri": "/subscriptions/69a75bda-882e-44d5-8431-63421204132a/resourceGroups/sdk-net-test-qa2/providers/Microsoft.NetApp/netAppAccounts/sdk-net-tests-acc-212/capacityPools/sdk-net-tests-pool-205/volumes?api-version=2020-12-01",
      "EncodedRequestUri": "L3N1YnNjcmlwdGlvbnMvNjlhNzViZGEtODgyZS00NGQ1LTg0MzEtNjM0MjEyMDQxMzJhL3Jlc291cmNlR3JvdXBzL3Nkay1uZXQtdGVzdC1xYTIvcHJvdmlkZXJzL01pY3Jvc29mdC5OZXRBcHAvbmV0QXBwQWNjb3VudHMvc2RrLW5ldC10ZXN0cy1hY2MtMjEyL2NhcGFjaXR5UG9vbHMvc2RrLW5ldC10ZXN0cy1wb29sLTIwNS92b2x1bWVzP2FwaS12ZXJzaW9uPTIwMjAtMTItMDE=",
      "RequestMethod": "GET",
      "RequestBody": "",
      "RequestHeaders": {
        "x-ms-client-request-id": [
          "0a95b935-7b5a-4146-9d10-4bf33cc86dbd"
        ],
        "Accept-Language": [
          "en-US"
        ],
        "User-Agent": [
          "FxVersion/4.6.29812.02",
          "OSName/Windows",
          "OSVersion/Microsoft.Windows.10.0.19042.",
          "Microsoft.Azure.Management.NetApp.AzureNetAppFilesManagementClient/1.11.0.0"
        ]
      },
      "ResponseHeaders": {
        "Cache-Control": [
          "no-cache"
        ],
        "Pragma": [
          "no-cache"
        ],
        "x-ms-request-id": [
          "681a677b-bb59-449e-a7d4-a4d596070428"
        ],
        "Request-Context": [
          "appId=cid-v1:2c4cb680-0a1f-424d-bb8d-8e650ba68d53"
        ],
        "Access-Control-Expose-Headers": [
          "Request-Context"
        ],
        "Server": [
          "Microsoft-IIS/10.0"
        ],
        "X-Powered-By": [
          "ASP.NET"
        ],
        "x-ms-ratelimit-remaining-subscription-reads": [
          "11987"
        ],
        "x-ms-correlation-request-id": [
          "07b13f50-7e97-4e5e-97d5-1317d2b784b6"
        ],
        "x-ms-routing-request-id": [
          "WESTEUROPE:20210319T173354Z:07b13f50-7e97-4e5e-97d5-1317d2b784b6"
        ],
        "Strict-Transport-Security": [
          "max-age=31536000; includeSubDomains"
        ],
        "X-Content-Type-Options": [
          "nosniff"
        ],
        "Date": [
          "Fri, 19 Mar 2021 17:33:53 GMT"
        ],
        "Content-Length": [
          "1698"
        ],
        "Content-Type": [
          "application/json; charset=utf-8"
        ],
        "Expires": [
          "-1"
        ]
      },
      "ResponseBody": "{\r\n  \"value\": [\r\n    {\r\n      \"id\": \"/subscriptions/69a75bda-882e-44d5-8431-63421204132a/resourceGroups/sdk-net-test-qa2/providers/Microsoft.NetApp/netAppAccounts/sdk-net-tests-acc-212/capacityPools/sdk-net-tests-pool-205/volumes/sdk-net-tests-vol-2105\",\r\n      \"name\": \"sdk-net-tests-acc-212/sdk-net-tests-pool-205/sdk-net-tests-vol-2105\",\r\n      \"type\": \"Microsoft.NetApp/netAppAccounts/capacityPools/volumes\",\r\n      \"etag\": \"W/\\\"datetime'2021-03-19T17%3A33%3A24.0066147Z'\\\"\",\r\n      \"location\": \"westus2\",\r\n      \"properties\": {\r\n        \"mountTargets\": [\r\n          {\r\n            \"mountTargetId\": \"58b7fdf5-430a-3fb5-a4c2-6fbd28419e0c\",\r\n            \"fileSystemId\": \"58b7fdf5-430a-3fb5-a4c2-6fbd28419e0c\",\r\n            \"ipAddress\": \"10.1.8.7\",\r\n            \"smbServerFQDN\": \"\"\r\n          }\r\n        ],\r\n        \"throughputMibps\": 6.4,\r\n        \"provisioningState\": \"Succeeded\",\r\n        \"fileSystemId\": \"58b7fdf5-430a-3fb5-a4c2-6fbd28419e0c\",\r\n        \"name\": \"sdk-net-tests-vol-2105\",\r\n        \"serviceLevel\": \"Premium\",\r\n        \"creationToken\": \"sdk-net-tests-vol-2105\",\r\n        \"usageThreshold\": 107374182400,\r\n        \"exportPolicy\": {\r\n          \"rules\": [\r\n            {\r\n              \"ruleIndex\": 1,\r\n              \"unixReadOnly\": false,\r\n              \"unixReadWrite\": true,\r\n              \"cifs\": false,\r\n              \"nfsv3\": true,\r\n              \"nfsv41\": false,\r\n              \"allowedClients\": \"0.0.0.0/0\",\r\n              \"kerberos5ReadOnly\": false,\r\n              \"kerberos5ReadWrite\": false,\r\n              \"kerberos5iReadOnly\": false,\r\n              \"kerberos5iReadWrite\": false,\r\n              \"kerberos5pReadOnly\": false,\r\n              \"kerberos5pReadWrite\": false,\r\n              \"hasRootAccess\": true\r\n            }\r\n          ]\r\n        },\r\n        \"protocolTypes\": [\r\n          \"NFSv3\"\r\n        ],\r\n        \"baremetalTenantId\": \"baremetalTenant_svm_8f82c7b40509489d9e97d719b9b955b4_a85faf00\",\r\n        \"subnetId\": \"/subscriptions/69a75bda-882e-44d5-8431-63421204132a/resourceGroups/sdk-net-test-qa2/providers/Microsoft.Network/virtualNetworks/sdknettestqa2vnet464/subnets/default\",\r\n        \"snapshotDirectoryVisible\": true,\r\n        \"kerberosEnabled\": false,\r\n        \"securityStyle\": \"Unix\",\r\n        \"smbEncryption\": false,\r\n        \"smbContinuouslyAvailable\": false,\r\n        \"encryptionKeySource\": \"Microsoft.NetApp\",\r\n        \"ldapEnabled\": false\r\n      }\r\n    }\r\n  ]\r\n}",
      "StatusCode": 200
    },
    {
      "RequestUri": "/subscriptions/69a75bda-882e-44d5-8431-63421204132a/resourceGroups/sdk-net-test-qa2/providers/Microsoft.NetApp/netAppAccounts/sdk-net-tests-acc-212/capacityPools/sdk-net-tests-pool-205/volumes?api-version=2020-12-01",
      "EncodedRequestUri": "L3N1YnNjcmlwdGlvbnMvNjlhNzViZGEtODgyZS00NGQ1LTg0MzEtNjM0MjEyMDQxMzJhL3Jlc291cmNlR3JvdXBzL3Nkay1uZXQtdGVzdC1xYTIvcHJvdmlkZXJzL01pY3Jvc29mdC5OZXRBcHAvbmV0QXBwQWNjb3VudHMvc2RrLW5ldC10ZXN0cy1hY2MtMjEyL2NhcGFjaXR5UG9vbHMvc2RrLW5ldC10ZXN0cy1wb29sLTIwNS92b2x1bWVzP2FwaS12ZXJzaW9uPTIwMjAtMTItMDE=",
      "RequestMethod": "GET",
      "RequestBody": "",
      "RequestHeaders": {
        "x-ms-client-request-id": [
          "e7973f99-f27f-4e3e-8db9-7d9484aeaf80"
        ],
        "Accept-Language": [
          "en-US"
        ],
        "User-Agent": [
          "FxVersion/4.6.29812.02",
          "OSName/Windows",
          "OSVersion/Microsoft.Windows.10.0.19042.",
          "Microsoft.Azure.Management.NetApp.AzureNetAppFilesManagementClient/1.11.0.0"
        ]
      },
      "ResponseHeaders": {
        "Cache-Control": [
          "no-cache"
        ],
        "Pragma": [
          "no-cache"
        ],
        "x-ms-request-id": [
          "b2c19abd-4e6b-4943-a9d7-aec6ddca9a5a"
        ],
        "Request-Context": [
          "appId=cid-v1:2c4cb680-0a1f-424d-bb8d-8e650ba68d53"
        ],
        "Access-Control-Expose-Headers": [
          "Request-Context"
        ],
        "Server": [
          "Microsoft-IIS/10.0"
        ],
        "X-Powered-By": [
          "ASP.NET"
        ],
        "x-ms-ratelimit-remaining-subscription-reads": [
          "11982"
        ],
        "x-ms-correlation-request-id": [
          "f675a85c-2802-4d8c-9c41-8acd0b1dc05a"
        ],
        "x-ms-routing-request-id": [
          "WESTEUROPE:20210319T173527Z:f675a85c-2802-4d8c-9c41-8acd0b1dc05a"
        ],
        "Strict-Transport-Security": [
          "max-age=31536000; includeSubDomains"
        ],
        "X-Content-Type-Options": [
          "nosniff"
        ],
        "Date": [
          "Fri, 19 Mar 2021 17:35:27 GMT"
        ],
        "Content-Length": [
          "12"
        ],
        "Content-Type": [
          "application/json; charset=utf-8"
        ],
        "Expires": [
          "-1"
        ]
      },
      "ResponseBody": "{\r\n  \"value\": []\r\n}",
      "StatusCode": 200
    },
    {
      "RequestUri": "/subscriptions/69a75bda-882e-44d5-8431-63421204132a/resourceGroups/sdk-net-test-qa2/providers/Microsoft.NetApp/netAppAccounts/sdk-net-tests-acc-212/capacityPools/sdk-net-tests-pool-205/volumes/sdk-net-tests-vol-2105?api-version=2020-12-01",
      "EncodedRequestUri": "L3N1YnNjcmlwdGlvbnMvNjlhNzViZGEtODgyZS00NGQ1LTg0MzEtNjM0MjEyMDQxMzJhL3Jlc291cmNlR3JvdXBzL3Nkay1uZXQtdGVzdC1xYTIvcHJvdmlkZXJzL01pY3Jvc29mdC5OZXRBcHAvbmV0QXBwQWNjb3VudHMvc2RrLW5ldC10ZXN0cy1hY2MtMjEyL2NhcGFjaXR5UG9vbHMvc2RrLW5ldC10ZXN0cy1wb29sLTIwNS92b2x1bWVzL3Nkay1uZXQtdGVzdHMtdm9sLTIxMDU/YXBpLXZlcnNpb249MjAyMC0xMi0wMQ==",
      "RequestMethod": "DELETE",
      "RequestBody": "",
      "RequestHeaders": {
        "x-ms-client-request-id": [
          "116baa0c-347e-4f5a-ac82-ce7f3f628a61"
        ],
        "Accept-Language": [
          "en-US"
        ],
        "User-Agent": [
          "FxVersion/4.6.29812.02",
          "OSName/Windows",
          "OSVersion/Microsoft.Windows.10.0.19042.",
          "Microsoft.Azure.Management.NetApp.AzureNetAppFilesManagementClient/1.11.0.0"
        ]
      },
      "ResponseHeaders": {
        "Cache-Control": [
          "no-cache"
        ],
        "Pragma": [
          "no-cache"
        ],
        "Location": [
          "https://management.azure.com/subscriptions/69a75bda-882e-44d5-8431-63421204132a/providers/Microsoft.NetApp/locations/westus2/operationResults/7932f629-1392-4402-b19d-c3b065b76ac5?api-version=2020-12-01&operationResultResponseType=Location"
        ],
        "Azure-AsyncOperation": [
          "https://management.azure.com/subscriptions/69a75bda-882e-44d5-8431-63421204132a/providers/Microsoft.NetApp/locations/westus2/operationResults/7932f629-1392-4402-b19d-c3b065b76ac5?api-version=2020-12-01"
        ],
        "Request-Context": [
          "appId=cid-v1:2c4cb680-0a1f-424d-bb8d-8e650ba68d53"
        ],
        "Access-Control-Expose-Headers": [
          "Request-Context"
        ],
        "Server": [
          "Microsoft-IIS/10.0"
        ],
        "X-Powered-By": [
          "ASP.NET"
        ],
        "x-ms-ratelimit-remaining-subscription-deletes": [
          "14999"
        ],
        "x-ms-request-id": [
          "863ea74a-aebe-4eaa-8d21-cc5aa318731d"
        ],
        "x-ms-correlation-request-id": [
          "863ea74a-aebe-4eaa-8d21-cc5aa318731d"
        ],
        "x-ms-routing-request-id": [
          "WESTEUROPE:20210319T173356Z:863ea74a-aebe-4eaa-8d21-cc5aa318731d"
        ],
        "Strict-Transport-Security": [
          "max-age=31536000; includeSubDomains"
        ],
        "X-Content-Type-Options": [
          "nosniff"
        ],
        "Date": [
          "Fri, 19 Mar 2021 17:33:55 GMT"
        ],
        "Expires": [
          "-1"
        ],
        "Content-Length": [
          "0"
        ]
      },
      "ResponseBody": "",
      "StatusCode": 202
    },
    {
      "RequestUri": "/subscriptions/69a75bda-882e-44d5-8431-63421204132a/providers/Microsoft.NetApp/locations/westus2/operationResults/7932f629-1392-4402-b19d-c3b065b76ac5?api-version=2020-12-01",
      "EncodedRequestUri": "L3N1YnNjcmlwdGlvbnMvNjlhNzViZGEtODgyZS00NGQ1LTg0MzEtNjM0MjEyMDQxMzJhL3Byb3ZpZGVycy9NaWNyb3NvZnQuTmV0QXBwL2xvY2F0aW9ucy93ZXN0dXMyL29wZXJhdGlvblJlc3VsdHMvNzkzMmY2MjktMTM5Mi00NDAyLWIxOWQtYzNiMDY1Yjc2YWM1P2FwaS12ZXJzaW9uPTIwMjAtMTItMDE=",
      "RequestMethod": "GET",
      "RequestBody": "",
      "RequestHeaders": {
        "User-Agent": [
          "FxVersion/4.6.29812.02",
          "OSName/Windows",
          "OSVersion/Microsoft.Windows.10.0.19042.",
          "Microsoft.Azure.Management.NetApp.AzureNetAppFilesManagementClient/1.11.0.0"
        ]
      },
      "ResponseHeaders": {
        "Cache-Control": [
          "no-cache"
        ],
        "Pragma": [
          "no-cache"
        ],
        "x-ms-request-id": [
          "9335b5a0-7245-4e81-b8a3-bbfd911b0bce"
        ],
        "Request-Context": [
          "appId=cid-v1:2c4cb680-0a1f-424d-bb8d-8e650ba68d53"
        ],
        "Access-Control-Expose-Headers": [
          "Request-Context"
        ],
        "Server": [
          "Microsoft-IIS/10.0"
        ],
        "X-Powered-By": [
          "ASP.NET"
        ],
        "x-ms-ratelimit-remaining-subscription-reads": [
          "11986"
        ],
        "x-ms-correlation-request-id": [
          "50d81506-96d8-4365-be53-48e7e830094a"
        ],
        "x-ms-routing-request-id": [
          "WESTEUROPE:20210319T173426Z:50d81506-96d8-4365-be53-48e7e830094a"
        ],
        "Strict-Transport-Security": [
          "max-age=31536000; includeSubDomains"
        ],
        "X-Content-Type-Options": [
          "nosniff"
        ],
        "Date": [
          "Fri, 19 Mar 2021 17:34:26 GMT"
        ],
        "Content-Length": [
          "570"
        ],
        "Content-Type": [
          "application/json; charset=utf-8"
        ],
        "Expires": [
          "-1"
        ]
      },
      "ResponseBody": "{\r\n  \"id\": \"/subscriptions/69a75bda-882e-44d5-8431-63421204132a/providers/Microsoft.NetApp/locations/westus2/operationResults/7932f629-1392-4402-b19d-c3b065b76ac5\",\r\n  \"name\": \"7932f629-1392-4402-b19d-c3b065b76ac5\",\r\n  \"status\": \"Deleting\",\r\n  \"startTime\": \"2021-03-19T17:33:56.595358Z\",\r\n  \"endTime\": \"0001-01-01T00:00:00Z\",\r\n  \"percentComplete\": 0.0,\r\n  \"properties\": {\r\n    \"resourceName\": \"/subscriptions/69a75bda-882e-44d5-8431-63421204132a/resourceGroups/sdk-net-test-qa2/providers/Microsoft.NetApp/netAppAccounts/sdk-net-tests-acc-212/capacityPools/sdk-net-tests-pool-205/volumes/sdk-net-tests-vol-2105\"\r\n  }\r\n}",
      "StatusCode": 200
    },
    {
      "RequestUri": "/subscriptions/69a75bda-882e-44d5-8431-63421204132a/providers/Microsoft.NetApp/locations/westus2/operationResults/7932f629-1392-4402-b19d-c3b065b76ac5?api-version=2020-12-01",
      "EncodedRequestUri": "L3N1YnNjcmlwdGlvbnMvNjlhNzViZGEtODgyZS00NGQ1LTg0MzEtNjM0MjEyMDQxMzJhL3Byb3ZpZGVycy9NaWNyb3NvZnQuTmV0QXBwL2xvY2F0aW9ucy93ZXN0dXMyL29wZXJhdGlvblJlc3VsdHMvNzkzMmY2MjktMTM5Mi00NDAyLWIxOWQtYzNiMDY1Yjc2YWM1P2FwaS12ZXJzaW9uPTIwMjAtMTItMDE=",
      "RequestMethod": "GET",
      "RequestBody": "",
      "RequestHeaders": {
        "User-Agent": [
          "FxVersion/4.6.29812.02",
          "OSName/Windows",
          "OSVersion/Microsoft.Windows.10.0.19042.",
          "Microsoft.Azure.Management.NetApp.AzureNetAppFilesManagementClient/1.11.0.0"
        ]
      },
      "ResponseHeaders": {
        "Cache-Control": [
          "no-cache"
        ],
        "Pragma": [
          "no-cache"
        ],
        "x-ms-request-id": [
          "28ea1c24-49a0-4c7c-909f-65b1a5709f77"
        ],
        "Request-Context": [
          "appId=cid-v1:2c4cb680-0a1f-424d-bb8d-8e650ba68d53"
        ],
        "Access-Control-Expose-Headers": [
          "Request-Context"
        ],
        "Server": [
          "Microsoft-IIS/10.0"
        ],
        "X-Powered-By": [
          "ASP.NET"
        ],
        "x-ms-ratelimit-remaining-subscription-reads": [
          "11985"
        ],
        "x-ms-correlation-request-id": [
          "8056f724-a600-4cb4-9a45-35cc432bb5e1"
        ],
        "x-ms-routing-request-id": [
          "WESTEUROPE:20210319T173457Z:8056f724-a600-4cb4-9a45-35cc432bb5e1"
        ],
        "Strict-Transport-Security": [
          "max-age=31536000; includeSubDomains"
        ],
        "X-Content-Type-Options": [
          "nosniff"
        ],
        "Date": [
          "Fri, 19 Mar 2021 17:34:56 GMT"
        ],
        "Content-Length": [
          "570"
        ],
        "Content-Type": [
          "application/json; charset=utf-8"
        ],
        "Expires": [
          "-1"
        ]
      },
      "ResponseBody": "{\r\n  \"id\": \"/subscriptions/69a75bda-882e-44d5-8431-63421204132a/providers/Microsoft.NetApp/locations/westus2/operationResults/7932f629-1392-4402-b19d-c3b065b76ac5\",\r\n  \"name\": \"7932f629-1392-4402-b19d-c3b065b76ac5\",\r\n  \"status\": \"Deleting\",\r\n  \"startTime\": \"2021-03-19T17:33:56.595358Z\",\r\n  \"endTime\": \"0001-01-01T00:00:00Z\",\r\n  \"percentComplete\": 0.0,\r\n  \"properties\": {\r\n    \"resourceName\": \"/subscriptions/69a75bda-882e-44d5-8431-63421204132a/resourceGroups/sdk-net-test-qa2/providers/Microsoft.NetApp/netAppAccounts/sdk-net-tests-acc-212/capacityPools/sdk-net-tests-pool-205/volumes/sdk-net-tests-vol-2105\"\r\n  }\r\n}",
      "StatusCode": 200
    },
    {
      "RequestUri": "/subscriptions/69a75bda-882e-44d5-8431-63421204132a/providers/Microsoft.NetApp/locations/westus2/operationResults/7932f629-1392-4402-b19d-c3b065b76ac5?api-version=2020-12-01",
      "EncodedRequestUri": "L3N1YnNjcmlwdGlvbnMvNjlhNzViZGEtODgyZS00NGQ1LTg0MzEtNjM0MjEyMDQxMzJhL3Byb3ZpZGVycy9NaWNyb3NvZnQuTmV0QXBwL2xvY2F0aW9ucy93ZXN0dXMyL29wZXJhdGlvblJlc3VsdHMvNzkzMmY2MjktMTM5Mi00NDAyLWIxOWQtYzNiMDY1Yjc2YWM1P2FwaS12ZXJzaW9uPTIwMjAtMTItMDE=",
      "RequestMethod": "GET",
      "RequestBody": "",
      "RequestHeaders": {
        "User-Agent": [
          "FxVersion/4.6.29812.02",
          "OSName/Windows",
          "OSVersion/Microsoft.Windows.10.0.19042.",
          "Microsoft.Azure.Management.NetApp.AzureNetAppFilesManagementClient/1.11.0.0"
        ]
      },
      "ResponseHeaders": {
        "Cache-Control": [
          "no-cache"
        ],
        "Pragma": [
          "no-cache"
        ],
        "x-ms-request-id": [
          "83ae7d57-434e-44c8-ab9f-327f9cd4af34"
        ],
        "Request-Context": [
          "appId=cid-v1:2c4cb680-0a1f-424d-bb8d-8e650ba68d53"
        ],
        "Access-Control-Expose-Headers": [
          "Request-Context"
        ],
        "Server": [
          "Microsoft-IIS/10.0"
        ],
        "X-Powered-By": [
          "ASP.NET"
        ],
        "x-ms-ratelimit-remaining-subscription-reads": [
          "11984"
        ],
        "x-ms-correlation-request-id": [
          "406fbbf0-9834-44c7-896c-60248f6e31c6"
        ],
        "x-ms-routing-request-id": [
          "WESTEUROPE:20210319T173527Z:406fbbf0-9834-44c7-896c-60248f6e31c6"
        ],
        "Strict-Transport-Security": [
          "max-age=31536000; includeSubDomains"
        ],
        "X-Content-Type-Options": [
          "nosniff"
        ],
        "Date": [
          "Fri, 19 Mar 2021 17:35:27 GMT"
        ],
        "Content-Length": [
          "581"
        ],
        "Content-Type": [
          "application/json; charset=utf-8"
        ],
        "Expires": [
          "-1"
        ]
      },
      "ResponseBody": "{\r\n  \"id\": \"/subscriptions/69a75bda-882e-44d5-8431-63421204132a/providers/Microsoft.NetApp/locations/westus2/operationResults/7932f629-1392-4402-b19d-c3b065b76ac5\",\r\n  \"name\": \"7932f629-1392-4402-b19d-c3b065b76ac5\",\r\n  \"status\": \"Succeeded\",\r\n  \"startTime\": \"2021-03-19T17:33:56.595358Z\",\r\n  \"endTime\": \"2021-03-19T17:35:02.6367406Z\",\r\n  \"percentComplete\": 100.0,\r\n  \"properties\": {\r\n    \"resourceName\": \"/subscriptions/69a75bda-882e-44d5-8431-63421204132a/resourceGroups/sdk-net-test-qa2/providers/Microsoft.NetApp/netAppAccounts/sdk-net-tests-acc-212/capacityPools/sdk-net-tests-pool-205/volumes/sdk-net-tests-vol-2105\"\r\n  }\r\n}",
      "StatusCode": 200
    },
    {
      "RequestUri": "/subscriptions/69a75bda-882e-44d5-8431-63421204132a/providers/Microsoft.NetApp/locations/westus2/operationResults/7932f629-1392-4402-b19d-c3b065b76ac5?api-version=2020-12-01&operationResultResponseType=Location",
      "EncodedRequestUri": "L3N1YnNjcmlwdGlvbnMvNjlhNzViZGEtODgyZS00NGQ1LTg0MzEtNjM0MjEyMDQxMzJhL3Byb3ZpZGVycy9NaWNyb3NvZnQuTmV0QXBwL2xvY2F0aW9ucy93ZXN0dXMyL29wZXJhdGlvblJlc3VsdHMvNzkzMmY2MjktMTM5Mi00NDAyLWIxOWQtYzNiMDY1Yjc2YWM1P2FwaS12ZXJzaW9uPTIwMjAtMTItMDEmb3BlcmF0aW9uUmVzdWx0UmVzcG9uc2VUeXBlPUxvY2F0aW9u",
      "RequestMethod": "GET",
      "RequestBody": "",
      "RequestHeaders": {
        "User-Agent": [
          "FxVersion/4.6.29812.02",
          "OSName/Windows",
          "OSVersion/Microsoft.Windows.10.0.19042.",
          "Microsoft.Azure.Management.NetApp.AzureNetAppFilesManagementClient/1.11.0.0"
        ]
      },
      "ResponseHeaders": {
        "Cache-Control": [
          "no-cache"
        ],
        "Pragma": [
          "no-cache"
        ],
        "x-ms-request-id": [
          "1accb58a-eacd-4be3-950e-7dd80099937c"
        ],
        "Request-Context": [
          "appId=cid-v1:2c4cb680-0a1f-424d-bb8d-8e650ba68d53"
        ],
        "Access-Control-Expose-Headers": [
          "Request-Context"
        ],
        "Server": [
          "Microsoft-IIS/10.0"
        ],
        "X-Powered-By": [
          "ASP.NET"
        ],
        "x-ms-ratelimit-remaining-subscription-reads": [
          "11983"
        ],
        "x-ms-correlation-request-id": [
          "ad792f7b-819f-4092-b04b-924aad64f6df"
        ],
        "x-ms-routing-request-id": [
          "WESTEUROPE:20210319T173527Z:ad792f7b-819f-4092-b04b-924aad64f6df"
        ],
        "Strict-Transport-Security": [
          "max-age=31536000; includeSubDomains"
        ],
        "X-Content-Type-Options": [
          "nosniff"
        ],
        "Date": [
          "Fri, 19 Mar 2021 17:35:27 GMT"
        ],
        "Content-Length": [
          "2139"
        ],
        "Content-Type": [
          "application/json; charset=utf-8"
        ],
        "Expires": [
          "-1"
        ]
      },
      "ResponseBody": "{\r\n  \"id\": \"/subscriptions/69a75bda-882e-44d5-8431-63421204132a/resourceGroups/sdk-net-test-qa2/providers/Microsoft.NetApp/netAppAccounts/sdk-net-tests-acc-212/capacityPools/sdk-net-tests-pool-205/volumes/sdk-net-tests-vol-2105\",\r\n  \"name\": \"sdk-net-tests-acc-212/sdk-net-tests-pool-205/sdk-net-tests-vol-2105\",\r\n  \"type\": \"Microsoft.NetApp/netAppAccounts/capacityPools/volumes\",\r\n  \"etag\": \"W/\\\"datetime'2021-03-19T17%3A33%3A56.6345314Z'\\\"\",\r\n  \"location\": \"westus2\",\r\n  \"properties\": {\r\n    \"provisioningState\": \"Deleting\",\r\n    \"fileSystemId\": \"58b7fdf5-430a-3fb5-a4c2-6fbd28419e0c\",\r\n    \"name\": \"sdk-net-tests-vol-2105\",\r\n    \"serviceLevel\": \"Premium\",\r\n    \"creationToken\": \"sdk-net-tests-vol-2105\",\r\n    \"ownerId\": \"8f82c7b4-0509-489d-9e97-d719b9b955b4\",\r\n    \"usageThreshold\": 107374182400,\r\n    \"usedBytes\": 0,\r\n    \"exportPolicy\": {\r\n      \"rules\": [\r\n        {\r\n          \"ruleIndex\": 1,\r\n          \"unixReadOnly\": false,\r\n          \"unixReadWrite\": true,\r\n          \"cifs\": false,\r\n          \"nfsv3\": true,\r\n          \"nfsv4\": false,\r\n          \"nfsv41\": false,\r\n          \"allowedClients\": \"0.0.0.0/0\",\r\n          \"kerberos5ReadOnly\": false,\r\n          \"kerberos5ReadWrite\": false,\r\n          \"kerberos5iReadOnly\": false,\r\n          \"kerberos5iReadWrite\": false,\r\n          \"kerberos5pReadOnly\": false,\r\n          \"kerberos5pReadWrite\": false,\r\n          \"hasRootAccess\": true\r\n        }\r\n      ]\r\n    },\r\n    \"protocolTypes\": [\r\n      \"NFSv3\"\r\n    ],\r\n    \"baremetalTenantId\": \"baremetalTenant_svm_8f82c7b40509489d9e97d719b9b955b4_a85faf00\",\r\n    \"subnetId\": \"/subscriptions/69a75bda-882e-44d5-8431-63421204132a/resourceGroups/sdk-net-test-qa2/providers/Microsoft.Network/virtualNetworks/sdknettestqa2vnet464/subnets/default\",\r\n    \"snapshotDirectoryVisible\": true,\r\n    \"vendorID\": \"/subscriptions/69a75bda-882e-44d5-8431-63421204132a/resourceGroups/sdk-net-test-qa2/providers/Microsoft.NetApp/netAppAccounts/sdk-net-tests-acc-212/capacityPools/sdk-net-tests-pool-205/volumes/sdk-net-tests-vol-2105\",\r\n    \"poolId\": \"6f215891-214d-a83b-c254-454707ae0b12\",\r\n    \"mountTargets\": [\r\n      {\r\n        \"provisioningState\": \"\",\r\n        \"mountTargetId\": \"58b7fdf5-430a-3fb5-a4c2-6fbd28419e0c\",\r\n        \"fileSystemId\": \"58b7fdf5-430a-3fb5-a4c2-6fbd28419e0c\",\r\n        \"startIp\": \"\",\r\n        \"endIp\": \"\",\r\n        \"gateway\": \"\",\r\n        \"netmask\": \"\",\r\n        \"subnet\": \"\",\r\n        \"ipAddress\": \"10.1.8.7\"\r\n      }\r\n    ],\r\n    \"throughputMibps\": 6.4,\r\n    \"isCreate\": false,\r\n    \"kerberosEnabled\": false,\r\n    \"securityStyle\": \"Unix\",\r\n    \"smbEncryption\": false,\r\n    \"qosType\": \"Auto\",\r\n    \"smbContinuouslyAvailable\": false,\r\n    \"ldapEnabled\": false,\r\n    \"encryptionKeySource\": \"Microsoft.NetApp\"\r\n  }\r\n}",
      "StatusCode": 200
    },
    {
      "RequestUri": "/subscriptions/69a75bda-882e-44d5-8431-63421204132a/resourceGroups/sdk-net-test-qa2/providers/Microsoft.NetApp/netAppAccounts/sdk-net-tests-acc-212/capacityPools/sdk-net-tests-pool-205?api-version=2020-12-01",
      "EncodedRequestUri": "L3N1YnNjcmlwdGlvbnMvNjlhNzViZGEtODgyZS00NGQ1LTg0MzEtNjM0MjEyMDQxMzJhL3Jlc291cmNlR3JvdXBzL3Nkay1uZXQtdGVzdC1xYTIvcHJvdmlkZXJzL01pY3Jvc29mdC5OZXRBcHAvbmV0QXBwQWNjb3VudHMvc2RrLW5ldC10ZXN0cy1hY2MtMjEyL2NhcGFjaXR5UG9vbHMvc2RrLW5ldC10ZXN0cy1wb29sLTIwNT9hcGktdmVyc2lvbj0yMDIwLTEyLTAx",
      "RequestMethod": "DELETE",
      "RequestBody": "",
      "RequestHeaders": {
        "x-ms-client-request-id": [
          "764467c3-170e-4a54-a557-bf4f0c916262"
        ],
        "Accept-Language": [
          "en-US"
        ],
        "User-Agent": [
          "FxVersion/4.6.29812.02",
          "OSName/Windows",
          "OSVersion/Microsoft.Windows.10.0.19042.",
          "Microsoft.Azure.Management.NetApp.AzureNetAppFilesManagementClient/1.11.0.0"
        ]
      },
      "ResponseHeaders": {
        "Cache-Control": [
          "no-cache"
        ],
        "Pragma": [
          "no-cache"
        ],
        "Location": [
          "https://management.azure.com/subscriptions/69a75bda-882e-44d5-8431-63421204132a/providers/Microsoft.NetApp/locations/westus2/operationResults/d87ede9b-600e-4ca3-88a0-d791411505f1?api-version=2020-12-01&operationResultResponseType=Location"
        ],
        "Azure-AsyncOperation": [
          "https://management.azure.com/subscriptions/69a75bda-882e-44d5-8431-63421204132a/providers/Microsoft.NetApp/locations/westus2/operationResults/d87ede9b-600e-4ca3-88a0-d791411505f1?api-version=2020-12-01"
        ],
        "Request-Context": [
          "appId=cid-v1:2c4cb680-0a1f-424d-bb8d-8e650ba68d53"
        ],
        "Access-Control-Expose-Headers": [
          "Request-Context"
        ],
        "Server": [
          "Microsoft-IIS/10.0"
        ],
        "X-Powered-By": [
          "ASP.NET"
        ],
        "x-ms-ratelimit-remaining-subscription-deletes": [
          "14998"
        ],
        "x-ms-request-id": [
          "1f203610-227d-494c-a9d3-d2ec2cf74053"
        ],
        "x-ms-correlation-request-id": [
          "1f203610-227d-494c-a9d3-d2ec2cf74053"
        ],
        "x-ms-routing-request-id": [
          "WESTEUROPE:20210319T173534Z:1f203610-227d-494c-a9d3-d2ec2cf74053"
        ],
        "Strict-Transport-Security": [
          "max-age=31536000; includeSubDomains"
        ],
        "X-Content-Type-Options": [
          "nosniff"
        ],
        "Date": [
          "Fri, 19 Mar 2021 17:35:34 GMT"
        ],
        "Expires": [
          "-1"
        ],
        "Content-Length": [
          "0"
        ]
      },
      "ResponseBody": "",
      "StatusCode": 202
    },
    {
      "RequestUri": "/subscriptions/69a75bda-882e-44d5-8431-63421204132a/providers/Microsoft.NetApp/locations/westus2/operationResults/d87ede9b-600e-4ca3-88a0-d791411505f1?api-version=2020-12-01",
      "EncodedRequestUri": "L3N1YnNjcmlwdGlvbnMvNjlhNzViZGEtODgyZS00NGQ1LTg0MzEtNjM0MjEyMDQxMzJhL3Byb3ZpZGVycy9NaWNyb3NvZnQuTmV0QXBwL2xvY2F0aW9ucy93ZXN0dXMyL29wZXJhdGlvblJlc3VsdHMvZDg3ZWRlOWItNjAwZS00Y2EzLTg4YTAtZDc5MTQxMTUwNWYxP2FwaS12ZXJzaW9uPTIwMjAtMTItMDE=",
      "RequestMethod": "GET",
      "RequestBody": "",
      "RequestHeaders": {
        "User-Agent": [
          "FxVersion/4.6.29812.02",
          "OSName/Windows",
          "OSVersion/Microsoft.Windows.10.0.19042.",
          "Microsoft.Azure.Management.NetApp.AzureNetAppFilesManagementClient/1.11.0.0"
        ]
      },
      "ResponseHeaders": {
        "Cache-Control": [
          "no-cache"
        ],
        "Pragma": [
          "no-cache"
        ],
        "x-ms-request-id": [
          "5eaa5045-fa17-45a0-9d2d-750b719c6f46"
        ],
        "Request-Context": [
          "appId=cid-v1:2c4cb680-0a1f-424d-bb8d-8e650ba68d53"
        ],
        "Access-Control-Expose-Headers": [
          "Request-Context"
        ],
        "Server": [
          "Microsoft-IIS/10.0"
        ],
        "X-Powered-By": [
          "ASP.NET"
        ],
        "x-ms-ratelimit-remaining-subscription-reads": [
          "11981"
        ],
        "x-ms-correlation-request-id": [
          "e1cf53d6-d060-48e0-bf30-1d9380705f15"
        ],
        "x-ms-routing-request-id": [
          "WESTEUROPE:20210319T173604Z:e1cf53d6-d060-48e0-bf30-1d9380705f15"
        ],
        "Strict-Transport-Security": [
          "max-age=31536000; includeSubDomains"
        ],
        "X-Content-Type-Options": [
          "nosniff"
        ],
        "Date": [
          "Fri, 19 Mar 2021 17:36:04 GMT"
        ],
        "Content-Length": [
          "550"
        ],
        "Content-Type": [
          "application/json; charset=utf-8"
        ],
        "Expires": [
          "-1"
        ]
      },
      "ResponseBody": "{\r\n  \"id\": \"/subscriptions/69a75bda-882e-44d5-8431-63421204132a/providers/Microsoft.NetApp/locations/westus2/operationResults/d87ede9b-600e-4ca3-88a0-d791411505f1\",\r\n  \"name\": \"d87ede9b-600e-4ca3-88a0-d791411505f1\",\r\n  \"status\": \"Succeeded\",\r\n  \"startTime\": \"2021-03-19T17:35:34.543806Z\",\r\n  \"endTime\": \"2021-03-19T17:35:34.8196981Z\",\r\n  \"percentComplete\": 100.0,\r\n  \"properties\": {\r\n    \"resourceName\": \"/subscriptions/69a75bda-882e-44d5-8431-63421204132a/resourceGroups/sdk-net-test-qa2/providers/Microsoft.NetApp/netAppAccounts/sdk-net-tests-acc-212/capacityPools/sdk-net-tests-pool-205\"\r\n  }\r\n}",
      "StatusCode": 200
    },
    {
      "RequestUri": "/subscriptions/69a75bda-882e-44d5-8431-63421204132a/providers/Microsoft.NetApp/locations/westus2/operationResults/d87ede9b-600e-4ca3-88a0-d791411505f1?api-version=2020-12-01&operationResultResponseType=Location",
      "EncodedRequestUri": "L3N1YnNjcmlwdGlvbnMvNjlhNzViZGEtODgyZS00NGQ1LTg0MzEtNjM0MjEyMDQxMzJhL3Byb3ZpZGVycy9NaWNyb3NvZnQuTmV0QXBwL2xvY2F0aW9ucy93ZXN0dXMyL29wZXJhdGlvblJlc3VsdHMvZDg3ZWRlOWItNjAwZS00Y2EzLTg4YTAtZDc5MTQxMTUwNWYxP2FwaS12ZXJzaW9uPTIwMjAtMTItMDEmb3BlcmF0aW9uUmVzdWx0UmVzcG9uc2VUeXBlPUxvY2F0aW9u",
      "RequestMethod": "GET",
      "RequestBody": "",
      "RequestHeaders": {
        "User-Agent": [
          "FxVersion/4.6.29812.02",
          "OSName/Windows",
          "OSVersion/Microsoft.Windows.10.0.19042.",
          "Microsoft.Azure.Management.NetApp.AzureNetAppFilesManagementClient/1.11.0.0"
        ]
      },
      "ResponseHeaders": {
        "Cache-Control": [
          "no-cache"
        ],
        "Pragma": [
          "no-cache"
        ],
        "x-ms-request-id": [
          "d8a03fd3-9a87-450a-a8d4-9a72d84ed0cc"
        ],
        "Request-Context": [
          "appId=cid-v1:2c4cb680-0a1f-424d-bb8d-8e650ba68d53"
        ],
        "Access-Control-Expose-Headers": [
          "Request-Context"
        ],
        "Server": [
          "Microsoft-IIS/10.0"
        ],
        "X-Powered-By": [
          "ASP.NET"
        ],
        "x-ms-ratelimit-remaining-subscription-reads": [
          "11980"
        ],
        "x-ms-correlation-request-id": [
          "31585737-520a-4cde-871f-fc9ce5edef51"
        ],
        "x-ms-routing-request-id": [
          "WESTEUROPE:20210319T173605Z:31585737-520a-4cde-871f-fc9ce5edef51"
        ],
        "Strict-Transport-Security": [
          "max-age=31536000; includeSubDomains"
        ],
        "X-Content-Type-Options": [
          "nosniff"
        ],
        "Date": [
          "Fri, 19 Mar 2021 17:36:04 GMT"
        ],
        "Content-Length": [
          "847"
        ],
        "Content-Type": [
          "application/json; charset=utf-8"
        ],
        "Expires": [
          "-1"
        ]
      },
      "ResponseBody": "{\r\n  \"id\": \"/subscriptions/69a75bda-882e-44d5-8431-63421204132a/resourceGroups/sdk-net-test-qa2/providers/Microsoft.NetApp/netAppAccounts/sdk-net-tests-acc-212/capacityPools/sdk-net-tests-pool-205\",\r\n  \"name\": \"sdk-net-tests-acc-212/sdk-net-tests-pool-205\",\r\n  \"type\": \"Microsoft.NetApp/netAppAccounts/capacityPools\",\r\n  \"etag\": \"W/\\\"datetime'2021-03-19T17%3A35%3A34.6253479Z'\\\"\",\r\n  \"location\": \"westus2\",\r\n  \"properties\": {\r\n    \"poolId\": \"6f215891-214d-a83b-c254-454707ae0b12\",\r\n    \"name\": \"sdk-net-tests-acc-212/sdk-net-tests-pool-205\",\r\n    \"serviceLevel\": \"Premium\",\r\n    \"size\": 4398046511104,\r\n    \"vendorID\": \"/subscriptions/69a75bda-882e-44d5-8431-63421204132a/resourceGroups/sdk-net-test-qa2/providers/Microsoft.NetApp/netAppAccounts/sdk-net-tests-acc-212/capacityPools/sdk-net-tests-pool-205\",\r\n    \"qosType\": \"Auto\",\r\n    \"totalThroughputMibps\": 262.144,\r\n    \"encryptionType\": \"Single\",\r\n    \"provisioningState\": \"Deleting\"\r\n  }\r\n}",
      "StatusCode": 200
    },
    {
      "RequestUri": "/subscriptions/69a75bda-882e-44d5-8431-63421204132a/resourceGroups/sdk-net-test-qa2/providers/Microsoft.NetApp/netAppAccounts/sdk-net-tests-acc-212?api-version=2020-12-01",
      "EncodedRequestUri": "L3N1YnNjcmlwdGlvbnMvNjlhNzViZGEtODgyZS00NGQ1LTg0MzEtNjM0MjEyMDQxMzJhL3Jlc291cmNlR3JvdXBzL3Nkay1uZXQtdGVzdC1xYTIvcHJvdmlkZXJzL01pY3Jvc29mdC5OZXRBcHAvbmV0QXBwQWNjb3VudHMvc2RrLW5ldC10ZXN0cy1hY2MtMjEyP2FwaS12ZXJzaW9uPTIwMjAtMTItMDE=",
      "RequestMethod": "DELETE",
      "RequestBody": "",
      "RequestHeaders": {
        "x-ms-client-request-id": [
          "3bdd2a99-6f57-4d54-a77c-c1301709b082"
        ],
        "Accept-Language": [
          "en-US"
        ],
        "User-Agent": [
          "FxVersion/4.6.29812.02",
          "OSName/Windows",
          "OSVersion/Microsoft.Windows.10.0.19042.",
          "Microsoft.Azure.Management.NetApp.AzureNetAppFilesManagementClient/1.11.0.0"
        ]
      },
      "ResponseHeaders": {
        "Cache-Control": [
          "no-cache"
        ],
        "Pragma": [
          "no-cache"
        ],
        "Location": [
          "https://management.azure.com/subscriptions/69a75bda-882e-44d5-8431-63421204132a/providers/Microsoft.NetApp/locations/westus2/operationResults/491473ff-5639-4cb5-8c22-33b852d6e297?api-version=2020-12-01&operationResultResponseType=Location"
        ],
        "Azure-AsyncOperation": [
          "https://management.azure.com/subscriptions/69a75bda-882e-44d5-8431-63421204132a/providers/Microsoft.NetApp/locations/westus2/operationResults/491473ff-5639-4cb5-8c22-33b852d6e297?api-version=2020-12-01"
        ],
        "Request-Context": [
          "appId=cid-v1:2c4cb680-0a1f-424d-bb8d-8e650ba68d53"
        ],
        "Access-Control-Expose-Headers": [
          "Request-Context"
        ],
        "Server": [
          "Microsoft-IIS/10.0"
        ],
        "X-Powered-By": [
          "ASP.NET"
        ],
        "x-ms-ratelimit-remaining-subscription-deletes": [
          "14997"
        ],
        "x-ms-request-id": [
          "e9ca986e-67c6-4048-816c-df05053e5fe3"
        ],
        "x-ms-correlation-request-id": [
          "e9ca986e-67c6-4048-816c-df05053e5fe3"
        ],
        "x-ms-routing-request-id": [
          "WESTEUROPE:20210319T173605Z:e9ca986e-67c6-4048-816c-df05053e5fe3"
        ],
        "Strict-Transport-Security": [
          "max-age=31536000; includeSubDomains"
        ],
        "X-Content-Type-Options": [
          "nosniff"
        ],
        "Date": [
          "Fri, 19 Mar 2021 17:36:05 GMT"
        ],
        "Expires": [
          "-1"
        ],
        "Content-Length": [
          "0"
        ]
      },
      "ResponseBody": "",
      "StatusCode": 202
    },
    {
      "RequestUri": "/subscriptions/69a75bda-882e-44d5-8431-63421204132a/providers/Microsoft.NetApp/locations/westus2/operationResults/491473ff-5639-4cb5-8c22-33b852d6e297?api-version=2020-12-01",
      "EncodedRequestUri": "L3N1YnNjcmlwdGlvbnMvNjlhNzViZGEtODgyZS00NGQ1LTg0MzEtNjM0MjEyMDQxMzJhL3Byb3ZpZGVycy9NaWNyb3NvZnQuTmV0QXBwL2xvY2F0aW9ucy93ZXN0dXMyL29wZXJhdGlvblJlc3VsdHMvNDkxNDczZmYtNTYzOS00Y2I1LThjMjItMzNiODUyZDZlMjk3P2FwaS12ZXJzaW9uPTIwMjAtMTItMDE=",
      "RequestMethod": "GET",
      "RequestBody": "",
      "RequestHeaders": {
        "User-Agent": [
          "FxVersion/4.6.29812.02",
          "OSName/Windows",
          "OSVersion/Microsoft.Windows.10.0.19042.",
          "Microsoft.Azure.Management.NetApp.AzureNetAppFilesManagementClient/1.11.0.0"
        ]
      },
      "ResponseHeaders": {
        "Cache-Control": [
          "no-cache"
        ],
        "Pragma": [
          "no-cache"
        ],
        "x-ms-request-id": [
          "aaa3ba9a-b2bd-4473-aad5-81a32c0c537d"
        ],
        "Request-Context": [
          "appId=cid-v1:2c4cb680-0a1f-424d-bb8d-8e650ba68d53"
        ],
        "Access-Control-Expose-Headers": [
          "Request-Context"
        ],
        "Server": [
          "Microsoft-IIS/10.0"
        ],
        "X-Powered-By": [
          "ASP.NET"
        ],
        "x-ms-ratelimit-remaining-subscription-reads": [
          "11979"
        ],
        "x-ms-correlation-request-id": [
          "c8bd6138-8caa-45e9-9ca9-15f44e549b71"
        ],
        "x-ms-routing-request-id": [
          "WESTEUROPE:20210319T173636Z:c8bd6138-8caa-45e9-9ca9-15f44e549b71"
        ],
        "Strict-Transport-Security": [
          "max-age=31536000; includeSubDomains"
        ],
        "X-Content-Type-Options": [
          "nosniff"
        ],
        "Date": [
          "Fri, 19 Mar 2021 17:36:35 GMT"
        ],
        "Content-Length": [
          "514"
        ],
        "Content-Type": [
          "application/json; charset=utf-8"
        ],
        "Expires": [
          "-1"
        ]
      },
      "ResponseBody": "{\r\n  \"id\": \"/subscriptions/69a75bda-882e-44d5-8431-63421204132a/providers/Microsoft.NetApp/locations/westus2/operationResults/491473ff-5639-4cb5-8c22-33b852d6e297\",\r\n  \"name\": \"491473ff-5639-4cb5-8c22-33b852d6e297\",\r\n  \"status\": \"Succeeded\",\r\n  \"startTime\": \"2021-03-19T17:36:05.7243662Z\",\r\n  \"endTime\": \"2021-03-19T17:36:05.8192965Z\",\r\n  \"percentComplete\": 100.0,\r\n  \"properties\": {\r\n    \"resourceName\": \"/subscriptions/69a75bda-882e-44d5-8431-63421204132a/resourceGroups/sdk-net-test-qa2/providers/Microsoft.NetApp/netAppAccounts/sdk-net-tests-acc-212\"\r\n  }\r\n}",
      "StatusCode": 200
    },
    {
      "RequestUri": "/subscriptions/69a75bda-882e-44d5-8431-63421204132a/providers/Microsoft.NetApp/locations/westus2/operationResults/491473ff-5639-4cb5-8c22-33b852d6e297?api-version=2020-12-01&operationResultResponseType=Location",
      "EncodedRequestUri": "L3N1YnNjcmlwdGlvbnMvNjlhNzViZGEtODgyZS00NGQ1LTg0MzEtNjM0MjEyMDQxMzJhL3Byb3ZpZGVycy9NaWNyb3NvZnQuTmV0QXBwL2xvY2F0aW9ucy93ZXN0dXMyL29wZXJhdGlvblJlc3VsdHMvNDkxNDczZmYtNTYzOS00Y2I1LThjMjItMzNiODUyZDZlMjk3P2FwaS12ZXJzaW9uPTIwMjAtMTItMDEmb3BlcmF0aW9uUmVzdWx0UmVzcG9uc2VUeXBlPUxvY2F0aW9u",
      "RequestMethod": "GET",
      "RequestBody": "",
      "RequestHeaders": {
        "User-Agent": [
          "FxVersion/4.6.29812.02",
          "OSName/Windows",
          "OSVersion/Microsoft.Windows.10.0.19042.",
          "Microsoft.Azure.Management.NetApp.AzureNetAppFilesManagementClient/1.11.0.0"
        ]
      },
      "ResponseHeaders": {
        "Cache-Control": [
          "no-cache"
        ],
        "Pragma": [
          "no-cache"
        ],
        "x-ms-request-id": [
          "57f7cf88-87d8-41b3-813c-12492455afb2"
        ],
        "Request-Context": [
          "appId=cid-v1:2c4cb680-0a1f-424d-bb8d-8e650ba68d53"
        ],
        "Access-Control-Expose-Headers": [
          "Request-Context"
        ],
        "Server": [
          "Microsoft-IIS/10.0"
        ],
        "X-Powered-By": [
          "ASP.NET"
        ],
        "x-ms-ratelimit-remaining-subscription-reads": [
          "11978"
        ],
        "x-ms-correlation-request-id": [
          "84753678-cee0-4678-9958-538ec716a815"
        ],
        "x-ms-routing-request-id": [
          "WESTEUROPE:20210319T173636Z:84753678-cee0-4678-9958-538ec716a815"
        ],
        "Strict-Transport-Security": [
          "max-age=31536000; includeSubDomains"
        ],
        "X-Content-Type-Options": [
          "nosniff"
        ],
        "Date": [
          "Fri, 19 Mar 2021 17:36:35 GMT"
        ],
        "Content-Length": [
          "453"
        ],
        "Content-Type": [
          "application/json; charset=utf-8"
        ],
        "Expires": [
          "-1"
        ]
      },
      "ResponseBody": "{\r\n  \"id\": \"/subscriptions/69a75bda-882e-44d5-8431-63421204132a/resourceGroups/sdk-net-test-qa2/providers/Microsoft.NetApp/netAppAccounts/sdk-net-tests-acc-212\",\r\n  \"name\": \"sdk-net-tests-acc-212\",\r\n  \"type\": \"Microsoft.NetApp/netAppAccounts\",\r\n  \"etag\": \"W/\\\"datetime'2021-03-19T17%3A36%3A05.7792265Z'\\\"\",\r\n  \"location\": \"westus2\",\r\n  \"properties\": {\r\n    \"name\": \"sdk-net-tests-acc-212\",\r\n    \"provisioningState\": \"Deleting\",\r\n    \"encryption\": {\r\n      \"keySource\": \"Microsoft.NetApp\"\r\n    },\r\n    \"activeDirectories\": []\r\n  }\r\n}",
      "StatusCode": 200
    }
  ],
  "Names": {},
  "Variables": {
    "SubscriptionId": "69a75bda-882e-44d5-8431-63421204132a"
  }
}