{
  "Entries": [
    {
      "RequestUri": "/subscriptions/5393f919-a68a-43d0-9063-4b2bda6bffdf/resourcegroups/crptestar1022?api-version=2017-05-10",
      "EncodedRequestUri": "L3N1YnNjcmlwdGlvbnMvNTM5M2Y5MTktYTY4YS00M2QwLTkwNjMtNGIyYmRhNmJmZmRmL3Jlc291cmNlZ3JvdXBzL2NycHRlc3RhcjEwMjI/YXBpLXZlcnNpb249MjAxNy0wNS0xMA==",
      "RequestMethod": "PUT",
      "RequestBody": "{\r\n  \"location\": \"eastus2euap\",\r\n  \"tags\": {\r\n    \"crptestar1022\": \"2020-12-14 04:36:23Z\"\r\n  }\r\n}",
      "RequestHeaders": {
        "x-ms-client-request-id": [
          "70ec6271-c179-48ef-966e-887e1833a00e"
        ],
        "Accept-Language": [
          "en-US"
        ],
        "User-Agent": [
          "FxVersion/4.6.29321.03",
          "OSName/Windows",
          "OSVersion/Microsoft.Windows.10.0.19042.",
          "Microsoft.Azure.Management.ResourceManager.ResourceManagementClient/1.6.0.0"
        ],
        "Content-Type": [
          "application/json; charset=utf-8"
        ],
        "Content-Length": [
          "97"
        ]
      },
      "ResponseHeaders": {
        "Cache-Control": [
          "no-cache"
        ],
        "Pragma": [
          "no-cache"
        ],
        "x-ms-ratelimit-remaining-subscription-writes": [
          "1199"
        ],
        "x-ms-request-id": [
          "97e46754-26af-4a26-b45c-8eb52c514ed8"
        ],
        "x-ms-correlation-request-id": [
          "97e46754-26af-4a26-b45c-8eb52c514ed8"
        ],
        "x-ms-routing-request-id": [
          "WESTUS2:20201214T043624Z:97e46754-26af-4a26-b45c-8eb52c514ed8"
        ],
        "Strict-Transport-Security": [
          "max-age=31536000; includeSubDomains"
        ],
        "X-Content-Type-Options": [
          "nosniff"
        ],
        "Date": [
          "Mon, 14 Dec 2020 04:36:23 GMT"
        ],
        "Content-Length": [
          "232"
        ],
        "Content-Type": [
          "application/json; charset=utf-8"
        ],
        "Expires": [
          "-1"
        ]
      },
      "ResponseBody": "{\r\n  \"id\": \"/subscriptions/5393f919-a68a-43d0-9063-4b2bda6bffdf/resourceGroups/crptestar1022\",\r\n  \"name\": \"crptestar1022\",\r\n  \"location\": \"eastus2euap\",\r\n  \"tags\": {\r\n    \"crptestar1022\": \"2020-12-14 04:36:23Z\"\r\n  },\r\n  \"properties\": {\r\n    \"provisioningState\": \"Succeeded\"\r\n  }\r\n}",
      "StatusCode": 201
    },
    {
      "RequestUri": "/subscriptions/5393f919-a68a-43d0-9063-4b2bda6bffdf/resourcegroups/crptestar1022?api-version=2017-05-10",
      "EncodedRequestUri": "L3N1YnNjcmlwdGlvbnMvNTM5M2Y5MTktYTY4YS00M2QwLTkwNjMtNGIyYmRhNmJmZmRmL3Jlc291cmNlZ3JvdXBzL2NycHRlc3RhcjEwMjI/YXBpLXZlcnNpb249MjAxNy0wNS0xMA==",
      "RequestMethod": "PUT",
      "RequestBody": "{\r\n  \"location\": \"eastus2euap\",\r\n  \"tags\": {\r\n    \"crptestar1022\": \"2020-12-14 04:36:55Z\"\r\n  }\r\n}",
      "RequestHeaders": {
        "x-ms-client-request-id": [
          "4b2efb8b-ce11-4d68-a731-a7add9e35fb8"
        ],
        "Accept-Language": [
          "en-US"
        ],
        "User-Agent": [
          "FxVersion/4.6.29321.03",
          "OSName/Windows",
          "OSVersion/Microsoft.Windows.10.0.19042.",
          "Microsoft.Azure.Management.ResourceManager.ResourceManagementClient/1.6.0.0"
        ],
        "Content-Type": [
          "application/json; charset=utf-8"
        ],
        "Content-Length": [
          "97"
        ]
      },
      "ResponseHeaders": {
        "Cache-Control": [
          "no-cache"
        ],
        "Pragma": [
          "no-cache"
        ],
        "x-ms-ratelimit-remaining-subscription-writes": [
          "1198"
        ],
        "x-ms-request-id": [
          "7a5664cd-2d86-4231-b73e-56d4f21ce35a"
        ],
        "x-ms-correlation-request-id": [
          "7a5664cd-2d86-4231-b73e-56d4f21ce35a"
        ],
        "x-ms-routing-request-id": [
          "WESTUS2:20201214T043655Z:7a5664cd-2d86-4231-b73e-56d4f21ce35a"
        ],
        "Strict-Transport-Security": [
          "max-age=31536000; includeSubDomains"
        ],
        "X-Content-Type-Options": [
          "nosniff"
        ],
        "Date": [
          "Mon, 14 Dec 2020 04:36:54 GMT"
        ],
        "Content-Length": [
          "232"
        ],
        "Content-Type": [
          "application/json; charset=utf-8"
        ],
        "Expires": [
          "-1"
        ]
      },
      "ResponseBody": "{\r\n  \"id\": \"/subscriptions/5393f919-a68a-43d0-9063-4b2bda6bffdf/resourceGroups/crptestar1022\",\r\n  \"name\": \"crptestar1022\",\r\n  \"location\": \"eastus2euap\",\r\n  \"tags\": {\r\n    \"crptestar1022\": \"2020-12-14 04:36:55Z\"\r\n  },\r\n  \"properties\": {\r\n    \"provisioningState\": \"Succeeded\"\r\n  }\r\n}",
      "StatusCode": 200
    },
    {
      "RequestUri": "/subscriptions/5393f919-a68a-43d0-9063-4b2bda6bffdf/resourceGroups/crptestar1022/providers/Microsoft.Storage/storageAccounts/crptestar9888?api-version=2015-06-15",
      "EncodedRequestUri": "L3N1YnNjcmlwdGlvbnMvNTM5M2Y5MTktYTY4YS00M2QwLTkwNjMtNGIyYmRhNmJmZmRmL3Jlc291cmNlR3JvdXBzL2NycHRlc3RhcjEwMjIvcHJvdmlkZXJzL01pY3Jvc29mdC5TdG9yYWdlL3N0b3JhZ2VBY2NvdW50cy9jcnB0ZXN0YXI5ODg4P2FwaS12ZXJzaW9uPTIwMTUtMDYtMTU=",
      "RequestMethod": "PUT",
      "RequestBody": "{\r\n  \"location\": \"eastus2euap\",\r\n  \"properties\": {\r\n    \"accountType\": \"Standard_GRS\"\r\n  }\r\n}",
      "RequestHeaders": {
        "x-ms-client-request-id": [
          "43e584d6-f959-4c4a-96b0-d25cd2445b3a"
        ],
        "Accept-Language": [
          "en-US"
        ],
        "User-Agent": [
          "FxVersion/4.6.29321.03",
          "OSName/Windows",
          "OSVersion/Microsoft.Windows.10.0.19042.",
          "Microsoft.Azure.Management.Storage.StorageManagementClient/4.0.0.0"
        ],
        "Content-Type": [
          "application/json; charset=utf-8"
        ],
        "Content-Length": [
          "93"
        ]
      },
      "ResponseHeaders": {
        "Cache-Control": [
          "no-cache"
        ],
        "Pragma": [
          "no-cache"
        ],
        "Location": [
          "https://management.azure.com/subscriptions/5393f919-a68a-43d0-9063-4b2bda6bffdf/providers/Microsoft.Storage/locations/eastus2euap/asyncoperations/426b2062-f141-49b2-b0e9-8809bfdc2378?monitor=true&api-version=2015-06-15"
        ],
        "Retry-After": [
          "17"
        ],
        "x-ms-request-id": [
          "426b2062-f141-49b2-b0e9-8809bfdc2378"
        ],
        "Strict-Transport-Security": [
          "max-age=31536000; includeSubDomains"
        ],
        "Server": [
          "Microsoft-Azure-Storage-Resource-Provider/1.0,Microsoft-HTTPAPI/2.0 Microsoft-HTTPAPI/2.0"
        ],
        "x-ms-ratelimit-remaining-subscription-writes": [
          "1199"
        ],
        "x-ms-correlation-request-id": [
          "2ee86ad2-535d-4891-9e24-159f8bf34cc5"
        ],
        "x-ms-routing-request-id": [
          "WESTUS2:20201214T043627Z:2ee86ad2-535d-4891-9e24-159f8bf34cc5"
        ],
        "X-Content-Type-Options": [
          "nosniff"
        ],
        "Date": [
          "Mon, 14 Dec 2020 04:36:27 GMT"
        ],
        "Content-Type": [
          "text/plain; charset=utf-8"
        ],
        "Expires": [
          "-1"
        ],
        "Content-Length": [
          "0"
        ]
      },
      "ResponseBody": "",
      "StatusCode": 202
    },
    {
      "RequestUri": "/subscriptions/5393f919-a68a-43d0-9063-4b2bda6bffdf/providers/Microsoft.Storage/locations/eastus2euap/asyncoperations/426b2062-f141-49b2-b0e9-8809bfdc2378?monitor=true&api-version=2015-06-15",
      "EncodedRequestUri": "L3N1YnNjcmlwdGlvbnMvNTM5M2Y5MTktYTY4YS00M2QwLTkwNjMtNGIyYmRhNmJmZmRmL3Byb3ZpZGVycy9NaWNyb3NvZnQuU3RvcmFnZS9sb2NhdGlvbnMvZWFzdHVzMmV1YXAvYXN5bmNvcGVyYXRpb25zLzQyNmIyMDYyLWYxNDEtNDliMi1iMGU5LTg4MDliZmRjMjM3OD9tb25pdG9yPXRydWUmYXBpLXZlcnNpb249MjAxNS0wNi0xNQ==",
      "RequestMethod": "GET",
      "RequestBody": "",
      "RequestHeaders": {
        "User-Agent": [
          "FxVersion/4.6.29321.03",
          "OSName/Windows",
          "OSVersion/Microsoft.Windows.10.0.19042.",
          "Microsoft.Azure.Management.Storage.StorageManagementClient/4.0.0.0"
        ]
      },
      "ResponseHeaders": {
        "Cache-Control": [
          "no-cache"
        ],
        "Pragma": [
          "no-cache"
        ],
        "x-ms-request-id": [
          "7c1f72ad-3aff-45bc-9732-112a4a35c3c4"
        ],
        "Strict-Transport-Security": [
          "max-age=31536000; includeSubDomains"
        ],
        "Server": [
          "Microsoft-Azure-Storage-Resource-Provider/1.0,Microsoft-HTTPAPI/2.0 Microsoft-HTTPAPI/2.0"
        ],
        "x-ms-ratelimit-remaining-subscription-reads": [
          "11999"
        ],
        "x-ms-correlation-request-id": [
          "6a508d0c-eb76-49c6-806b-9f7375b5fe59"
        ],
        "x-ms-routing-request-id": [
          "WESTUS2:20201214T043644Z:6a508d0c-eb76-49c6-806b-9f7375b5fe59"
        ],
        "X-Content-Type-Options": [
          "nosniff"
        ],
        "Date": [
          "Mon, 14 Dec 2020 04:36:44 GMT"
        ],
        "Content-Length": [
          "93"
        ],
        "Content-Type": [
          "application/json"
        ],
        "Expires": [
          "-1"
        ]
      },
      "ResponseBody": "{\r\n  \"location\": \"eastus2euap\",\r\n  \"properties\": {\r\n    \"accountType\": \"Standard_GRS\"\r\n  }\r\n}",
      "StatusCode": 200
    },
    {
      "RequestUri": "/subscriptions/5393f919-a68a-43d0-9063-4b2bda6bffdf/resourceGroups/crptestar1022/providers/Microsoft.Storage/storageAccounts?api-version=2015-06-15",
      "EncodedRequestUri": "L3N1YnNjcmlwdGlvbnMvNTM5M2Y5MTktYTY4YS00M2QwLTkwNjMtNGIyYmRhNmJmZmRmL3Jlc291cmNlR3JvdXBzL2NycHRlc3RhcjEwMjIvcHJvdmlkZXJzL01pY3Jvc29mdC5TdG9yYWdlL3N0b3JhZ2VBY2NvdW50cz9hcGktdmVyc2lvbj0yMDE1LTA2LTE1",
      "RequestMethod": "GET",
      "RequestBody": "",
      "RequestHeaders": {
        "x-ms-client-request-id": [
          "d98c6e45-7b60-49c0-bf49-5a8797e319c2"
        ],
        "Accept-Language": [
          "en-US"
        ],
        "User-Agent": [
          "FxVersion/4.6.29321.03",
          "OSName/Windows",
          "OSVersion/Microsoft.Windows.10.0.19042.",
          "Microsoft.Azure.Management.Storage.StorageManagementClient/4.0.0.0"
        ]
      },
      "ResponseHeaders": {
        "Cache-Control": [
          "no-cache"
        ],
        "Pragma": [
          "no-cache"
        ],
        "x-ms-request-id": [
          "e92542ab-8377-4afb-82c8-aef04c3c8f85"
        ],
        "Strict-Transport-Security": [
          "max-age=31536000; includeSubDomains"
        ],
        "Server": [
          "Microsoft-Azure-Storage-Resource-Provider/1.0,Microsoft-HTTPAPI/2.0 Microsoft-HTTPAPI/2.0"
        ],
        "x-ms-ratelimit-remaining-subscription-reads": [
          "11998"
        ],
        "x-ms-correlation-request-id": [
          "34f34828-2ff0-4a12-b1b5-9f8947a8f7a2"
        ],
        "x-ms-routing-request-id": [
          "WESTUS2:20201214T043654Z:34f34828-2ff0-4a12-b1b5-9f8947a8f7a2"
        ],
        "X-Content-Type-Options": [
          "nosniff"
        ],
        "Date": [
          "Mon, 14 Dec 2020 04:36:54 GMT"
        ],
        "Content-Length": [
          "753"
        ],
        "Content-Type": [
          "application/json"
        ],
        "Expires": [
          "-1"
        ]
      },
      "ResponseBody": "{\r\n  \"value\": [\r\n    {\r\n      \"id\": \"/subscriptions/5393f919-a68a-43d0-9063-4b2bda6bffdf/resourceGroups/crptestar1022/providers/Microsoft.Storage/storageAccounts/crptestar9888\",\r\n      \"name\": \"crptestar9888\",\r\n      \"type\": \"Microsoft.Storage/storageAccounts\",\r\n      \"location\": \"eastus2euap\",\r\n      \"tags\": {},\r\n      \"properties\": {\r\n        \"accountType\": \"Standard_GRS\",\r\n        \"provisioningState\": \"Succeeded\",\r\n        \"creationTime\": \"2020-12-14T04:36:26.743951Z\",\r\n        \"primaryEndpoints\": {\r\n          \"blob\": \"https://crptestar9888.blob.core.windows.net/\",\r\n          \"queue\": \"https://crptestar9888.queue.core.windows.net/\",\r\n          \"table\": \"https://crptestar9888.table.core.windows.net/\",\r\n          \"file\": \"https://crptestar9888.file.core.windows.net/\"\r\n        },\r\n        \"primaryLocation\": \"eastus2euap\",\r\n        \"statusOfPrimary\": \"available\",\r\n        \"secondaryLocation\": \"centraluseuap\",\r\n        \"statusOfSecondary\": \"available\"\r\n      }\r\n    }\r\n  ]\r\n}",
      "StatusCode": 200
    },
    {
      "RequestUri": "/subscriptions/5393f919-a68a-43d0-9063-4b2bda6bffdf/resourceGroups/crptestar1022/providers/Microsoft.Storage/storageAccounts/crptestar9888?api-version=2015-06-15",
      "EncodedRequestUri": "L3N1YnNjcmlwdGlvbnMvNTM5M2Y5MTktYTY4YS00M2QwLTkwNjMtNGIyYmRhNmJmZmRmL3Jlc291cmNlR3JvdXBzL2NycHRlc3RhcjEwMjIvcHJvdmlkZXJzL01pY3Jvc29mdC5TdG9yYWdlL3N0b3JhZ2VBY2NvdW50cy9jcnB0ZXN0YXI5ODg4P2FwaS12ZXJzaW9uPTIwMTUtMDYtMTU=",
      "RequestMethod": "GET",
      "RequestBody": "",
      "RequestHeaders": {
        "x-ms-client-request-id": [
          "9651ba0b-2206-45cd-b44d-675b170a4abc"
        ],
        "Accept-Language": [
          "en-US"
        ],
        "User-Agent": [
          "FxVersion/4.6.29321.03",
          "OSName/Windows",
          "OSVersion/Microsoft.Windows.10.0.19042.",
          "Microsoft.Azure.Management.Storage.StorageManagementClient/4.0.0.0"
        ]
      },
      "ResponseHeaders": {
        "Cache-Control": [
          "no-cache"
        ],
        "Pragma": [
          "no-cache"
        ],
        "x-ms-request-id": [
          "d61be714-c640-40c7-9297-cd6809ff9e19"
        ],
        "Strict-Transport-Security": [
          "max-age=31536000; includeSubDomains"
        ],
        "Server": [
          "Microsoft-Azure-Storage-Resource-Provider/1.0,Microsoft-HTTPAPI/2.0 Microsoft-HTTPAPI/2.0"
        ],
        "x-ms-ratelimit-remaining-subscription-reads": [
          "11997"
        ],
        "x-ms-correlation-request-id": [
          "5f3c3b4e-61a6-485b-bcc5-507d8d76ae53"
        ],
        "x-ms-routing-request-id": [
          "WESTUS2:20201214T043655Z:5f3c3b4e-61a6-485b-bcc5-507d8d76ae53"
        ],
        "X-Content-Type-Options": [
          "nosniff"
        ],
        "Date": [
          "Mon, 14 Dec 2020 04:36:54 GMT"
        ],
        "Content-Length": [
          "741"
        ],
        "Content-Type": [
          "application/json"
        ],
        "Expires": [
          "-1"
        ]
      },
      "ResponseBody": "{\r\n  \"id\": \"/subscriptions/5393f919-a68a-43d0-9063-4b2bda6bffdf/resourceGroups/crptestar1022/providers/Microsoft.Storage/storageAccounts/crptestar9888\",\r\n  \"name\": \"crptestar9888\",\r\n  \"type\": \"Microsoft.Storage/storageAccounts\",\r\n  \"location\": \"eastus2euap\",\r\n  \"tags\": {},\r\n  \"properties\": {\r\n    \"accountType\": \"Standard_GRS\",\r\n    \"provisioningState\": \"Succeeded\",\r\n    \"creationTime\": \"2020-12-14T04:36:26.743951Z\",\r\n    \"primaryEndpoints\": {\r\n      \"blob\": \"https://crptestar9888.blob.core.windows.net/\",\r\n      \"queue\": \"https://crptestar9888.queue.core.windows.net/\",\r\n      \"table\": \"https://crptestar9888.table.core.windows.net/\",\r\n      \"file\": \"https://crptestar9888.file.core.windows.net/\"\r\n    },\r\n    \"primaryLocation\": \"eastus2euap\",\r\n    \"statusOfPrimary\": \"available\",\r\n    \"secondaryLocation\": \"centraluseuap\",\r\n    \"statusOfSecondary\": \"available\"\r\n  }\r\n}",
      "StatusCode": 200
    },
    {
      "RequestUri": "/subscriptions/5393f919-a68a-43d0-9063-4b2bda6bffdf/resourcegroups/crptestar1022/providers/Microsoft.Resources/deployments/deployment9101?api-version=2017-05-10",
      "EncodedRequestUri": "L3N1YnNjcmlwdGlvbnMvNTM5M2Y5MTktYTY4YS00M2QwLTkwNjMtNGIyYmRhNmJmZmRmL3Jlc291cmNlZ3JvdXBzL2NycHRlc3RhcjEwMjIvcHJvdmlkZXJzL01pY3Jvc29mdC5SZXNvdXJjZXMvZGVwbG95bWVudHMvZGVwbG95bWVudDkxMDE/YXBpLXZlcnNpb249MjAxNy0wNS0xMA==",
      "RequestMethod": "PUT",
      "RequestBody": "{\r\n  \"properties\": {\r\n    \"template\": {\r\n      \"$schema\": \"https://schema.management.azure.com/schemas/2019-04-01/deploymentTemplate.json#\",\r\n      \"contentVersion\": \"1.0.0.0\",\r\n      \"parameters\": {\r\n        \"location\": {\r\n          \"defaultValue\": \"[resourceGroup().location]\",\r\n          \"type\": \"string\",\r\n          \"metadata\": {\r\n            \"description\": \"Location for all resources.\"\r\n          }\r\n        },\r\n        \"extendedLocation\": {\r\n          \"type\": \"string\",\r\n          \"metadata\": {\r\n            \"description\": \"Name of the extended location.\"\r\n          }\r\n        }\r\n      },\r\n      \"variables\": {\r\n        \"dnsLabelPrefix\": \"dnsedge\",\r\n        \"nicName\": \"EdgeVMNic\",\r\n        \"addressPrefix\": \"10.0.0.0/16\",\r\n        \"subnetName\": \"Subnet\",\r\n        \"subnetPrefix\": \"10.0.0.0/24\",\r\n        \"publicIPAddressName\": \"EdgePublicIP\",\r\n        \"virtualNetworkName\": \"EdgeVNET\",\r\n        \"subnetRef\": \"[resourceId('Microsoft.Network/virtualNetworks/subnets', variables('virtualNetworkName'), variables('subnetName'))]\",\r\n        \"networkSecurityGroupName\": \"default-NSG\"\r\n      },\r\n      \"resources\": [\r\n        {\r\n          \"type\": \"Microsoft.Network/publicIPAddresses\",\r\n          \"apiVersion\": \"2018-11-01\",\r\n          \"name\": \"[variables('publicIPAddressName')]\",\r\n          \"location\": \"[parameters('location')]\",\r\n          \"extendedLocation\": {\r\n            \"type\": \"EdgeZone\",\r\n            \"name\": \"[parameters('extendedLocation')]\"\r\n          },\r\n          \"sku\": {\r\n            \"name\": \"Standard\"\r\n          },\r\n          \"properties\": {\r\n            \"publicIPAllocationMethod\": \"Static\",\r\n            \"dnsSettings\": {\r\n              \"domainNameLabel\": \"[variables('dnsLabelPrefix')]\"\r\n            }\r\n          }\r\n        },\r\n        {\r\n          \"type\": \"Microsoft.Network/networkSecurityGroups\",\r\n          \"apiVersion\": \"2019-08-01\",\r\n          \"name\": \"[variables('networkSecurityGroupName')]\",\r\n          \"location\": \"[parameters('location')]\",\r\n          \"properties\": {\r\n            \"securityRules\": [\r\n              {\r\n                \"name\": \"default-allow-3389\",\r\n                \"properties\": {\r\n                  \"priority\": 1000,\r\n                  \"access\": \"Allow\",\r\n                  \"direction\": \"Inbound\",\r\n                  \"destinationPortRange\": \"3389\",\r\n                  \"protocol\": \"Tcp\",\r\n                  \"sourcePortRange\": \"*\",\r\n                  \"sourceAddressPrefix\": \"*\",\r\n                  \"destinationAddressPrefix\": \"*\"\r\n                }\r\n              }\r\n            ]\r\n          }\r\n        },\r\n        {\r\n          \"type\": \"Microsoft.Network/virtualNetworks\",\r\n          \"apiVersion\": \"2018-11-01\",\r\n          \"name\": \"[variables('virtualNetworkName')]\",\r\n          \"location\": \"[parameters('location')]\",\r\n          \"extendedLocation\": {\r\n            \"type\": \"EdgeZone\",\r\n            \"name\": \"[parameters('extendedLocation')]\"\r\n          },\r\n          \"dependsOn\": [\r\n            \"[resourceId('Microsoft.Network/networkSecurityGroups', variables('networkSecurityGroupName'))]\"\r\n          ],\r\n          \"properties\": {\r\n            \"addressSpace\": {\r\n              \"addressPrefixes\": [\r\n                \"[variables('addressPrefix')]\"\r\n              ]\r\n            },\r\n            \"subnets\": [\r\n              {\r\n                \"name\": \"[variables('subnetName')]\",\r\n                \"properties\": {\r\n                  \"addressPrefix\": \"[variables('subnetPrefix')]\",\r\n                  \"networkSecurityGroup\": {\r\n                    \"id\": \"[resourceId('Microsoft.Network/networkSecurityGroups', variables('networkSecurityGroupName'))]\"\r\n                  }\r\n                }\r\n              }\r\n            ]\r\n          }\r\n        },\r\n        {\r\n          \"type\": \"Microsoft.Network/networkInterfaces\",\r\n          \"apiVersion\": \"2018-11-01\",\r\n          \"name\": \"[variables('nicName')]\",\r\n          \"location\": \"[parameters('location')]\",\r\n          \"extendedLocation\": {\r\n            \"type\": \"EdgeZone\",\r\n            \"name\": \"[parameters('extendedLocation')]\"\r\n          },\r\n          \"dependsOn\": [\r\n            \"[resourceId('Microsoft.Network/publicIPAddresses/', variables('publicIPAddressName'))]\",\r\n            \"[resourceId('Microsoft.Network/virtualNetworks/', variables('virtualNetworkName'))]\"\r\n          ],\r\n          \"properties\": {\r\n            \"ipConfigurations\": [\r\n              {\r\n                \"name\": \"ipconfig1\",\r\n                \"properties\": {\r\n                  \"privateIPAllocationMethod\": \"Dynamic\",\r\n                  \"publicIPAddress\": {\r\n                    \"id\": \"[resourceId('Microsoft.Network/publicIPAddresses',variables('publicIPAddressName'))]\"\r\n                  },\r\n                  \"subnet\": {\r\n                    \"id\": \"[variables('subnetRef')]\"\r\n                  }\r\n                }\r\n              }\r\n            ]\r\n          }\r\n        }\r\n      ],\r\n      \"outputs\": {\r\n        \"nicId\": {\r\n          \"type\": \"string\",\r\n          \"value\": \"[resourceId('Microsoft.Network/networkInterfaces',variables('nicName'))]\"\r\n        },\r\n        \"subnetId\": {\r\n          \"type\": \"string\",\r\n          \"value\": \"[variables('subnetRef')]\"\r\n        }\r\n      }\r\n    },\r\n    \"parameters\": {\r\n      \"extendedLocation\": {\r\n        \"value\": \"MicrosoftRRDCLab1\"\r\n      }\r\n    },\r\n    \"mode\": \"Incremental\"\r\n  }\r\n}",
      "RequestHeaders": {
        "x-ms-client-request-id": [
          "902fc350-5a04-422f-9428-4b07078b9993"
        ],
        "Accept-Language": [
          "en-US"
        ],
        "User-Agent": [
          "FxVersion/4.6.29321.03",
          "OSName/Windows",
          "OSVersion/Microsoft.Windows.10.0.19042.",
          "Microsoft.Azure.Management.ResourceManager.ResourceManagementClient/1.6.0.0"
        ],
        "Content-Type": [
          "application/json; charset=utf-8"
        ],
        "Content-Length": [
          "5293"
        ]
      },
      "ResponseHeaders": {
        "Cache-Control": [
          "no-cache"
        ],
        "Pragma": [
          "no-cache"
        ],
        "Azure-AsyncOperation": [
          "https://management.azure.com/subscriptions/5393f919-a68a-43d0-9063-4b2bda6bffdf/resourcegroups/crptestar1022/providers/Microsoft.Resources/deployments/deployment9101/operationStatuses/08585936862690744221?api-version=2017-05-10"
        ],
        "x-ms-ratelimit-remaining-subscription-writes": [
          "1197"
        ],
        "x-ms-request-id": [
          "dfc78fcb-c8a2-4f44-a585-ebde70b42db6"
        ],
        "x-ms-correlation-request-id": [
          "dfc78fcb-c8a2-4f44-a585-ebde70b42db6"
        ],
        "x-ms-routing-request-id": [
          "WESTUS2:20201214T043658Z:dfc78fcb-c8a2-4f44-a585-ebde70b42db6"
        ],
        "Strict-Transport-Security": [
          "max-age=31536000; includeSubDomains"
        ],
        "X-Content-Type-Options": [
          "nosniff"
        ],
        "Date": [
          "Mon, 14 Dec 2020 04:36:57 GMT"
        ],
        "Content-Length": [
          "2039"
        ],
        "Content-Type": [
          "application/json; charset=utf-8"
        ],
        "Expires": [
          "-1"
        ]
      },
      "ResponseBody": "{\r\n  \"id\": \"/subscriptions/5393f919-a68a-43d0-9063-4b2bda6bffdf/resourceGroups/crptestar1022/providers/Microsoft.Resources/deployments/deployment9101\",\r\n  \"name\": \"deployment9101\",\r\n  \"properties\": {\r\n    \"templateHash\": \"12332093638857415020\",\r\n    \"parameters\": {\r\n      \"location\": {\r\n        \"type\": \"String\",\r\n        \"value\": \"eastus2euap\"\r\n      },\r\n      \"extendedLocation\": {\r\n        \"type\": \"String\",\r\n        \"value\": \"MicrosoftRRDCLab1\"\r\n      }\r\n    },\r\n    \"mode\": \"Incremental\",\r\n    \"provisioningState\": \"Accepted\",\r\n    \"timestamp\": \"2020-12-14T04:36:57.5573427Z\",\r\n    \"duration\": \"PT1.1541298S\",\r\n    \"correlationId\": \"dfc78fcb-c8a2-4f44-a585-ebde70b42db6\",\r\n    \"providers\": [\r\n      {\r\n        \"namespace\": \"Microsoft.Network\",\r\n        \"resourceTypes\": [\r\n          {\r\n            \"resourceType\": \"publicIPAddresses\",\r\n            \"locations\": [\r\n              \"eastus2euap\"\r\n            ]\r\n          },\r\n          {\r\n            \"resourceType\": \"networkSecurityGroups\",\r\n            \"locations\": [\r\n              \"eastus2euap\"\r\n            ]\r\n          },\r\n          {\r\n            \"resourceType\": \"virtualNetworks\",\r\n            \"locations\": [\r\n              \"eastus2euap\"\r\n            ]\r\n          },\r\n          {\r\n            \"resourceType\": \"networkInterfaces\",\r\n            \"locations\": [\r\n              \"eastus2euap\"\r\n            ]\r\n          }\r\n        ]\r\n      }\r\n    ],\r\n    \"dependencies\": [\r\n      {\r\n        \"dependsOn\": [\r\n          {\r\n            \"id\": \"/subscriptions/5393f919-a68a-43d0-9063-4b2bda6bffdf/resourceGroups/crptestar1022/providers/Microsoft.Network/networkSecurityGroups/default-NSG\",\r\n            \"resourceType\": \"Microsoft.Network/networkSecurityGroups\",\r\n            \"resourceName\": \"default-NSG\"\r\n          }\r\n        ],\r\n        \"id\": \"/subscriptions/5393f919-a68a-43d0-9063-4b2bda6bffdf/resourceGroups/crptestar1022/providers/Microsoft.Network/virtualNetworks/EdgeVNET\",\r\n        \"resourceType\": \"Microsoft.Network/virtualNetworks\",\r\n        \"resourceName\": \"EdgeVNET\"\r\n      },\r\n      {\r\n        \"dependsOn\": [\r\n          {\r\n            \"id\": \"/subscriptions/5393f919-a68a-43d0-9063-4b2bda6bffdf/resourceGroups/crptestar1022/providers/Microsoft.Network/publicIPAddresses/EdgePublicIP\",\r\n            \"resourceType\": \"Microsoft.Network/publicIPAddresses\",\r\n            \"resourceName\": \"EdgePublicIP\"\r\n          },\r\n          {\r\n            \"id\": \"/subscriptions/5393f919-a68a-43d0-9063-4b2bda6bffdf/resourceGroups/crptestar1022/providers/Microsoft.Network/virtualNetworks/EdgeVNET\",\r\n            \"resourceType\": \"Microsoft.Network/virtualNetworks\",\r\n            \"resourceName\": \"EdgeVNET\"\r\n          }\r\n        ],\r\n        \"id\": \"/subscriptions/5393f919-a68a-43d0-9063-4b2bda6bffdf/resourceGroups/crptestar1022/providers/Microsoft.Network/networkInterfaces/EdgeVMNic\",\r\n        \"resourceType\": \"Microsoft.Network/networkInterfaces\",\r\n        \"resourceName\": \"EdgeVMNic\"\r\n      }\r\n    ]\r\n  }\r\n}",
      "StatusCode": 201
    },
    {
      "RequestUri": "/subscriptions/5393f919-a68a-43d0-9063-4b2bda6bffdf/resourcegroups/crptestar1022/providers/Microsoft.Resources/deployments/deployment9101/operationStatuses/08585936862690744221?api-version=2017-05-10",
      "EncodedRequestUri": "L3N1YnNjcmlwdGlvbnMvNTM5M2Y5MTktYTY4YS00M2QwLTkwNjMtNGIyYmRhNmJmZmRmL3Jlc291cmNlZ3JvdXBzL2NycHRlc3RhcjEwMjIvcHJvdmlkZXJzL01pY3Jvc29mdC5SZXNvdXJjZXMvZGVwbG95bWVudHMvZGVwbG95bWVudDkxMDEvb3BlcmF0aW9uU3RhdHVzZXMvMDg1ODU5MzY4NjI2OTA3NDQyMjE/YXBpLXZlcnNpb249MjAxNy0wNS0xMA==",
      "RequestMethod": "GET",
      "RequestBody": "",
      "RequestHeaders": {
        "User-Agent": [
          "FxVersion/4.6.29321.03",
          "OSName/Windows",
          "OSVersion/Microsoft.Windows.10.0.19042.",
          "Microsoft.Azure.Management.ResourceManager.ResourceManagementClient/1.6.0.0"
        ]
      },
      "ResponseHeaders": {
        "Cache-Control": [
          "no-cache"
        ],
        "Pragma": [
          "no-cache"
        ],
        "x-ms-ratelimit-remaining-subscription-reads": [
          "11999"
        ],
        "x-ms-request-id": [
          "992f6719-d074-4c26-b122-7bfe5322f770"
        ],
        "x-ms-correlation-request-id": [
          "992f6719-d074-4c26-b122-7bfe5322f770"
        ],
        "x-ms-routing-request-id": [
          "WESTUS2:20201214T043728Z:992f6719-d074-4c26-b122-7bfe5322f770"
        ],
        "Strict-Transport-Security": [
          "max-age=31536000; includeSubDomains"
        ],
        "X-Content-Type-Options": [
          "nosniff"
        ],
        "Date": [
          "Mon, 14 Dec 2020 04:37:27 GMT"
        ],
        "Content-Type": [
          "application/json; charset=utf-8"
        ],
        "Expires": [
          "-1"
        ],
        "Content-Length": [
          "22"
        ]
      },
      "ResponseBody": "{\r\n  \"status\": \"Succeeded\"\r\n}",
      "StatusCode": 200
    },
    {
      "RequestUri": "/subscriptions/5393f919-a68a-43d0-9063-4b2bda6bffdf/resourcegroups/crptestar1022/providers/Microsoft.Resources/deployments/deployment9101?api-version=2017-05-10",
      "EncodedRequestUri": "L3N1YnNjcmlwdGlvbnMvNTM5M2Y5MTktYTY4YS00M2QwLTkwNjMtNGIyYmRhNmJmZmRmL3Jlc291cmNlZ3JvdXBzL2NycHRlc3RhcjEwMjIvcHJvdmlkZXJzL01pY3Jvc29mdC5SZXNvdXJjZXMvZGVwbG95bWVudHMvZGVwbG95bWVudDkxMDE/YXBpLXZlcnNpb249MjAxNy0wNS0xMA==",
      "RequestMethod": "GET",
      "RequestBody": "",
      "RequestHeaders": {
        "User-Agent": [
          "FxVersion/4.6.29321.03",
          "OSName/Windows",
          "OSVersion/Microsoft.Windows.10.0.19042.",
          "Microsoft.Azure.Management.ResourceManager.ResourceManagementClient/1.6.0.0"
        ]
      },
      "ResponseHeaders": {
        "Cache-Control": [
          "no-cache"
        ],
        "Pragma": [
          "no-cache"
        ],
        "x-ms-ratelimit-remaining-subscription-reads": [
          "11998"
        ],
        "x-ms-request-id": [
          "6f9a6493-a831-4ca8-8a93-12a25d32ff43"
        ],
        "x-ms-correlation-request-id": [
          "6f9a6493-a831-4ca8-8a93-12a25d32ff43"
        ],
        "x-ms-routing-request-id": [
          "WESTUS2:20201214T043728Z:6f9a6493-a831-4ca8-8a93-12a25d32ff43"
        ],
        "Strict-Transport-Security": [
          "max-age=31536000; includeSubDomains"
        ],
        "X-Content-Type-Options": [
          "nosniff"
        ],
        "Date": [
          "Mon, 14 Dec 2020 04:37:28 GMT"
        ],
        "Content-Type": [
          "application/json; charset=utf-8"
        ],
        "Expires": [
          "-1"
        ],
        "Content-Length": [
          "3024"
        ]
      },
      "ResponseBody": "{\r\n  \"id\": \"/subscriptions/5393f919-a68a-43d0-9063-4b2bda6bffdf/resourceGroups/crptestar1022/providers/Microsoft.Resources/deployments/deployment9101\",\r\n  \"name\": \"deployment9101\",\r\n  \"properties\": {\r\n    \"templateHash\": \"12332093638857415020\",\r\n    \"parameters\": {\r\n      \"location\": {\r\n        \"type\": \"String\",\r\n        \"value\": \"eastus2euap\"\r\n      },\r\n      \"extendedLocation\": {\r\n        \"type\": \"String\",\r\n        \"value\": \"MicrosoftRRDCLab1\"\r\n      }\r\n    },\r\n    \"mode\": \"Incremental\",\r\n    \"provisioningState\": \"Succeeded\",\r\n    \"timestamp\": \"2020-12-14T04:37:26.3109655Z\",\r\n    \"duration\": \"PT29.9077526S\",\r\n    \"correlationId\": \"dfc78fcb-c8a2-4f44-a585-ebde70b42db6\",\r\n    \"providers\": [\r\n      {\r\n        \"namespace\": \"Microsoft.Network\",\r\n        \"resourceTypes\": [\r\n          {\r\n            \"resourceType\": \"publicIPAddresses\",\r\n            \"locations\": [\r\n              \"eastus2euap\"\r\n            ]\r\n          },\r\n          {\r\n            \"resourceType\": \"networkSecurityGroups\",\r\n            \"locations\": [\r\n              \"eastus2euap\"\r\n            ]\r\n          },\r\n          {\r\n            \"resourceType\": \"virtualNetworks\",\r\n            \"locations\": [\r\n              \"eastus2euap\"\r\n            ]\r\n          },\r\n          {\r\n            \"resourceType\": \"networkInterfaces\",\r\n            \"locations\": [\r\n              \"eastus2euap\"\r\n            ]\r\n          }\r\n        ]\r\n      }\r\n    ],\r\n    \"dependencies\": [\r\n      {\r\n        \"dependsOn\": [\r\n          {\r\n            \"id\": \"/subscriptions/5393f919-a68a-43d0-9063-4b2bda6bffdf/resourceGroups/crptestar1022/providers/Microsoft.Network/networkSecurityGroups/default-NSG\",\r\n            \"resourceType\": \"Microsoft.Network/networkSecurityGroups\",\r\n            \"resourceName\": \"default-NSG\"\r\n          }\r\n        ],\r\n        \"id\": \"/subscriptions/5393f919-a68a-43d0-9063-4b2bda6bffdf/resourceGroups/crptestar1022/providers/Microsoft.Network/virtualNetworks/EdgeVNET\",\r\n        \"resourceType\": \"Microsoft.Network/virtualNetworks\",\r\n        \"resourceName\": \"EdgeVNET\"\r\n      },\r\n      {\r\n        \"dependsOn\": [\r\n          {\r\n            \"id\": \"/subscriptions/5393f919-a68a-43d0-9063-4b2bda6bffdf/resourceGroups/crptestar1022/providers/Microsoft.Network/publicIPAddresses/EdgePublicIP\",\r\n            \"resourceType\": \"Microsoft.Network/publicIPAddresses\",\r\n            \"resourceName\": \"EdgePublicIP\"\r\n          },\r\n          {\r\n            \"id\": \"/subscriptions/5393f919-a68a-43d0-9063-4b2bda6bffdf/resourceGroups/crptestar1022/providers/Microsoft.Network/virtualNetworks/EdgeVNET\",\r\n            \"resourceType\": \"Microsoft.Network/virtualNetworks\",\r\n            \"resourceName\": \"EdgeVNET\"\r\n          }\r\n        ],\r\n        \"id\": \"/subscriptions/5393f919-a68a-43d0-9063-4b2bda6bffdf/resourceGroups/crptestar1022/providers/Microsoft.Network/networkInterfaces/EdgeVMNic\",\r\n        \"resourceType\": \"Microsoft.Network/networkInterfaces\",\r\n        \"resourceName\": \"EdgeVMNic\"\r\n      }\r\n    ],\r\n    \"outputs\": {\r\n      \"nicId\": {\r\n        \"type\": \"String\",\r\n        \"value\": \"/subscriptions/5393f919-a68a-43d0-9063-4b2bda6bffdf/resourceGroups/crptestar1022/providers/Microsoft.Network/networkInterfaces/EdgeVMNic\"\r\n      },\r\n      \"subnetId\": {\r\n        \"type\": \"String\",\r\n        \"value\": \"/subscriptions/5393f919-a68a-43d0-9063-4b2bda6bffdf/resourceGroups/crptestar1022/providers/Microsoft.Network/virtualNetworks/EdgeVNET/subnets/Subnet\"\r\n      }\r\n    },\r\n    \"outputResources\": [\r\n      {\r\n        \"id\": \"/subscriptions/5393f919-a68a-43d0-9063-4b2bda6bffdf/resourceGroups/crptestar1022/providers/Microsoft.Network/networkInterfaces/EdgeVMNic\"\r\n      },\r\n      {\r\n        \"id\": \"/subscriptions/5393f919-a68a-43d0-9063-4b2bda6bffdf/resourceGroups/crptestar1022/providers/Microsoft.Network/networkSecurityGroups/default-NSG\"\r\n      },\r\n      {\r\n        \"id\": \"/subscriptions/5393f919-a68a-43d0-9063-4b2bda6bffdf/resourceGroups/crptestar1022/providers/Microsoft.Network/publicIPAddresses/EdgePublicIP\"\r\n      },\r\n      {\r\n        \"id\": \"/subscriptions/5393f919-a68a-43d0-9063-4b2bda6bffdf/resourceGroups/crptestar1022/providers/Microsoft.Network/virtualNetworks/EdgeVNET\"\r\n      }\r\n    ]\r\n  }\r\n}",
      "StatusCode": 200
    },
    {
      "RequestUri": "/subscriptions/5393f919-a68a-43d0-9063-4b2bda6bffdf/resourceGroups/crptestar1022/providers/Microsoft.Compute/availabilitySets/as2750?api-version=2020-12-01",
      "EncodedRequestUri": "L3N1YnNjcmlwdGlvbnMvNTM5M2Y5MTktYTY4YS00M2QwLTkwNjMtNGIyYmRhNmJmZmRmL3Jlc291cmNlR3JvdXBzL2NycHRlc3RhcjEwMjIvcHJvdmlkZXJzL01pY3Jvc29mdC5Db21wdXRlL2F2YWlsYWJpbGl0eVNldHMvYXMyNzUwP2FwaS12ZXJzaW9uPTIwMjAtMTItMDE=",
      "RequestMethod": "PUT",
      "RequestBody": "{\r\n  \"properties\": {\r\n    \"platformUpdateDomainCount\": 1,\r\n    \"platformFaultDomainCount\": 1\r\n  },\r\n  \"sku\": {\r\n    \"name\": \"Aligned\"\r\n  },\r\n  \"location\": \"eastus2euap\",\r\n  \"tags\": {\r\n    \"RG\": \"rg\",\r\n    \"testTag\": \"1\"\r\n  }\r\n}",
      "RequestHeaders": {
        "x-ms-client-request-id": [
          "2287ffd8-5c25-4aad-926a-915a63751659"
        ],
        "Accept-Language": [
          "en-US"
        ],
        "User-Agent": [
          "FxVersion/4.6.29321.03",
          "OSName/Windows",
          "OSVersion/Microsoft.Windows.10.0.19042.",
          "Microsoft.Azure.Management.Compute.ComputeManagementClient/39.0.0.0"
        ],
        "Content-Type": [
          "application/json; charset=utf-8"
        ],
        "Content-Length": [
          "227"
        ]
      },
      "ResponseHeaders": {
        "Cache-Control": [
          "no-cache"
        ],
        "Pragma": [
          "no-cache"
        ],
        "x-ms-ratelimit-remaining-resource": [
          "Microsoft.Compute/PutVM3Min;1151,Microsoft.Compute/PutVM30Min;5763"
        ],
        "Strict-Transport-Security": [
          "max-age=31536000; includeSubDomains"
        ],
        "x-ms-request-id": [
          "f08d81ff-df77-4af5-829e-7e1e56728802"
        ],
        "Server": [
          "Microsoft-HTTPAPI/2.0",
          "Microsoft-HTTPAPI/2.0"
        ],
        "x-ms-ratelimit-remaining-subscription-writes": [
          "1199"
        ],
        "x-ms-correlation-request-id": [
          "ef28b9b5-6d06-467e-823f-4b04c0f680b8"
        ],
        "x-ms-routing-request-id": [
          "WESTUS2:20201214T043740Z:ef28b9b5-6d06-467e-823f-4b04c0f680b8"
        ],
        "X-Content-Type-Options": [
          "nosniff"
        ],
        "Date": [
          "Mon, 14 Dec 2020 04:37:40 GMT"
        ],
        "Content-Length": [
          "442"
        ],
        "Content-Type": [
          "application/json; charset=utf-8"
        ],
        "Expires": [
          "-1"
        ]
      },
      "ResponseBody": "{\r\n  \"name\": \"as2750\",\r\n  \"id\": \"/subscriptions/5393f919-a68a-43d0-9063-4b2bda6bffdf/resourceGroups/crptestar1022/providers/Microsoft.Compute/availabilitySets/as2750\",\r\n  \"type\": \"Microsoft.Compute/availabilitySets\",\r\n  \"location\": \"eastus2euap\",\r\n  \"tags\": {\r\n    \"RG\": \"rg\",\r\n    \"testTag\": \"1\"\r\n  },\r\n  \"properties\": {\r\n    \"platformUpdateDomainCount\": 1,\r\n    \"platformFaultDomainCount\": 1\r\n  },\r\n  \"sku\": {\r\n    \"name\": \"Aligned\"\r\n  }\r\n}",
      "StatusCode": 200
    },
    {
      "RequestUri": "/subscriptions/5393f919-a68a-43d0-9063-4b2bda6bffdf/resourceGroups/crptestar1022/providers/Microsoft.Compute/virtualMachines/vm3883?api-version=2020-12-01",
      "EncodedRequestUri": "L3N1YnNjcmlwdGlvbnMvNTM5M2Y5MTktYTY4YS00M2QwLTkwNjMtNGIyYmRhNmJmZmRmL3Jlc291cmNlR3JvdXBzL2NycHRlc3RhcjEwMjIvcHJvdmlkZXJzL01pY3Jvc29mdC5Db21wdXRlL3ZpcnR1YWxNYWNoaW5lcy92bTM4ODM/YXBpLXZlcnNpb249MjAyMC0xMi0wMQ==",
      "RequestMethod": "PUT",
      "RequestBody": "{\r\n  \"properties\": {\r\n    \"hardwareProfile\": {\r\n      \"vmSize\": \"Standard_D2s_v3\"\r\n    },\r\n    \"storageProfile\": {\r\n      \"imageReference\": {\r\n        \"publisher\": \"MicrosoftWindowsServer\",\r\n        \"offer\": \"WindowsServer\",\r\n        \"sku\": \"2016-Datacenter\",\r\n        \"version\": \"14393.4048.2011170655\"\r\n      },\r\n      \"osDisk\": {\r\n        \"name\": \"test\",\r\n        \"caching\": \"None\",\r\n        \"createOption\": \"FromImage\",\r\n        \"managedDisk\": {\r\n          \"storageAccountType\": \"Premium_LRS\"\r\n        }\r\n      },\r\n      \"dataDisks\": [\r\n        {\r\n          \"lun\": 0,\r\n          \"caching\": \"None\",\r\n          \"createOption\": \"Empty\",\r\n          \"diskSizeGB\": 30,\r\n          \"managedDisk\": {\r\n            \"storageAccountType\": \"Premium_LRS\"\r\n          }\r\n        }\r\n      ]\r\n    },\r\n    \"osProfile\": {\r\n      \"computerName\": \"Test\",\r\n      \"adminUsername\": \"Foo12\",\r\n      \"adminPassword\": \"[PLACEHOLDEr1]\"\r\n    },\r\n    \"networkProfile\": {\r\n      \"networkInterfaces\": [\r\n        {\r\n          \"id\": \"/subscriptions/5393f919-a68a-43d0-9063-4b2bda6bffdf/resourceGroups/crptestar1022/providers/Microsoft.Network/networkInterfaces/EdgeVMNic\"\r\n        }\r\n      ]\r\n    }\r\n  },\r\n  \"extendedLocation\": {\r\n    \"name\": \"MicrosoftRRDCLab1\",\r\n    \"type\": \"EdgeZone\"\r\n  },\r\n  \"location\": \"eastus2euap\",\r\n  \"tags\": {\r\n    \"RG\": \"rg\",\r\n    \"testTag\": \"1\"\r\n  }\r\n}",
      "RequestHeaders": {
        "x-ms-client-request-id": [
          "11f19fa5-7377-4a75-a36a-7b8933e242c9"
        ],
        "Accept-Language": [
          "en-US"
        ],
        "User-Agent": [
          "FxVersion/4.6.29321.03",
          "OSName/Windows",
          "OSVersion/Microsoft.Windows.10.0.19042.",
          "Microsoft.Azure.Management.Compute.ComputeManagementClient/39.0.0.0"
        ],
        "Content-Type": [
          "application/json; charset=utf-8"
        ],
        "Content-Length": [
          "1349"
        ]
      },
      "ResponseHeaders": {
        "Cache-Control": [
          "no-cache"
        ],
        "Pragma": [
          "no-cache"
        ],
        "Retry-After": [
          "10"
        ],
        "Azure-AsyncOperation": [
          "https://management.azure.com/subscriptions/5393f919-a68a-43d0-9063-4b2bda6bffdf/providers/Microsoft.Compute/locations/EastUS2EUAP/operations/6a9326b8-b4ad-4c69-a182-d9eb8c1eefcc?api-version=2020-12-01"
        ],
        "Azure-AsyncNotification": [
          "Enabled"
        ],
        "x-ms-ratelimit-remaining-resource": [
          "Microsoft.Compute/PutVM3Min;1150,Microsoft.Compute/PutVM30Min;5762"
        ],
        "Strict-Transport-Security": [
          "max-age=31536000; includeSubDomains"
        ],
        "x-ms-request-id": [
          "6a9326b8-b4ad-4c69-a182-d9eb8c1eefcc"
        ],
        "Server": [
          "Microsoft-HTTPAPI/2.0",
          "Microsoft-HTTPAPI/2.0"
        ],
        "x-ms-ratelimit-remaining-subscription-writes": [
          "1198"
        ],
        "x-ms-correlation-request-id": [
          "3cce27b9-e5b3-4a4a-83ef-b9dd7c327c21"
        ],
        "x-ms-routing-request-id": [
          "WESTUS2:20201214T043750Z:3cce27b9-e5b3-4a4a-83ef-b9dd7c327c21"
        ],
        "X-Content-Type-Options": [
          "nosniff"
        ],
        "Date": [
          "Mon, 14 Dec 2020 04:37:50 GMT"
        ],
        "Content-Length": [
          "2002"
        ],
        "Content-Type": [
          "application/json; charset=utf-8"
        ],
        "Expires": [
          "-1"
        ]
      },
      "ResponseBody": "{\r\n  \"name\": \"vm3883\",\r\n  \"id\": \"/subscriptions/5393f919-a68a-43d0-9063-4b2bda6bffdf/resourceGroups/crptestar1022/providers/Microsoft.Compute/virtualMachines/vm3883\",\r\n  \"type\": \"Microsoft.Compute/virtualMachines\",\r\n  \"location\": \"eastus2euap\",\r\n  \"tags\": {\r\n    \"RG\": \"rg\",\r\n    \"testTag\": \"1\"\r\n  },\r\n  \"properties\": {\r\n    \"vmId\": \"50e7078f-28bf-4848-809c-9facfaa48d07\",\r\n    \"hardwareProfile\": {\r\n      \"vmSize\": \"Standard_D2s_v3\"\r\n    },\r\n    \"storageProfile\": {\r\n      \"imageReference\": {\r\n        \"publisher\": \"MicrosoftWindowsServer\",\r\n        \"offer\": \"WindowsServer\",\r\n        \"sku\": \"2016-Datacenter\",\r\n        \"version\": \"14393.4048.2011170655\",\r\n        \"exactVersion\": \"14393.4048.2011170655\"\r\n      },\r\n      \"osDisk\": {\r\n        \"osType\": \"Windows\",\r\n        \"name\": \"test\",\r\n        \"createOption\": \"FromImage\",\r\n        \"caching\": \"None\",\r\n        \"managedDisk\": {\r\n          \"storageAccountType\": \"Premium_LRS\"\r\n        },\r\n        \"diskSizeGB\": 127\r\n      },\r\n      \"dataDisks\": [\r\n        {\r\n          \"lun\": 0,\r\n          \"createOption\": \"Empty\",\r\n          \"caching\": \"None\",\r\n          \"managedDisk\": {\r\n            \"storageAccountType\": \"Premium_LRS\"\r\n          },\r\n          \"diskSizeGB\": 30,\r\n          \"toBeDetached\": false\r\n        }\r\n      ]\r\n    },\r\n    \"osProfile\": {\r\n      \"computerName\": \"Test\",\r\n      \"adminUsername\": \"Foo12\",\r\n      \"windowsConfiguration\": {\r\n        \"provisionVMAgent\": true,\r\n        \"enableAutomaticUpdates\": true,\r\n        \"patchSettings\": {\r\n          \"patchMode\": \"AutomaticByOS\"\r\n        }\r\n      },\r\n      \"secrets\": [],\r\n      \"allowExtensionOperations\": true,\r\n      \"requireGuestProvisionSignal\": true\r\n    },\r\n    \"networkProfile\": {\r\n      \"networkInterfaces\": [\r\n        {\r\n          \"id\": \"/subscriptions/5393f919-a68a-43d0-9063-4b2bda6bffdf/resourceGroups/crptestar1022/providers/Microsoft.Network/networkInterfaces/EdgeVMNic\"\r\n        }\r\n      ]\r\n    },\r\n    \"provisioningState\": \"Creating\"\r\n  },\r\n  \"extendedLocation\": {\r\n    \"type\": \"EdgeZone\",\r\n    \"name\": \"MicrosoftRRDCLab1\"\r\n  }\r\n}",
      "StatusCode": 201
    },
    {
      "RequestUri": "/subscriptions/5393f919-a68a-43d0-9063-4b2bda6bffdf/providers/Microsoft.Compute/locations/EastUS2EUAP/operations/6a9326b8-b4ad-4c69-a182-d9eb8c1eefcc?api-version=2020-12-01",
      "EncodedRequestUri": "L3N1YnNjcmlwdGlvbnMvNTM5M2Y5MTktYTY4YS00M2QwLTkwNjMtNGIyYmRhNmJmZmRmL3Byb3ZpZGVycy9NaWNyb3NvZnQuQ29tcHV0ZS9sb2NhdGlvbnMvRWFzdFVTMkVVQVAvb3BlcmF0aW9ucy82YTkzMjZiOC1iNGFkLTRjNjktYTE4Mi1kOWViOGMxZWVmY2M/YXBpLXZlcnNpb249MjAyMC0xMi0wMQ==",
      "RequestMethod": "GET",
      "RequestBody": "",
      "RequestHeaders": {
        "User-Agent": [
          "FxVersion/4.6.29321.03",
          "OSName/Windows",
          "OSVersion/Microsoft.Windows.10.0.19042.",
          "Microsoft.Azure.Management.Compute.ComputeManagementClient/39.0.0.0"
        ]
      },
      "ResponseHeaders": {
        "Cache-Control": [
          "no-cache"
        ],
        "Pragma": [
          "no-cache"
        ],
        "Retry-After": [
          "50"
        ],
        "x-ms-ratelimit-remaining-resource": [
          "Microsoft.Compute/GetOperation3Min;14999,Microsoft.Compute/GetOperation30Min;29999"
        ],
        "Strict-Transport-Security": [
          "max-age=31536000; includeSubDomains"
        ],
        "x-ms-request-id": [
          "f024ff78-470c-45a2-9430-ec81506244cd"
        ],
        "Server": [
          "Microsoft-HTTPAPI/2.0",
          "Microsoft-HTTPAPI/2.0"
        ],
        "x-ms-ratelimit-remaining-subscription-reads": [
          "11999"
        ],
        "x-ms-correlation-request-id": [
          "2b8bc35a-0d7b-4297-ac7c-43c3e7afd002"
        ],
        "x-ms-routing-request-id": [
          "WESTUS2:20201214T043801Z:2b8bc35a-0d7b-4297-ac7c-43c3e7afd002"
        ],
        "X-Content-Type-Options": [
          "nosniff"
        ],
        "Date": [
          "Mon, 14 Dec 2020 04:38:00 GMT"
        ],
        "Content-Length": [
          "134"
        ],
        "Content-Type": [
          "application/json; charset=utf-8"
        ],
        "Expires": [
          "-1"
        ]
      },
      "ResponseBody": "{\r\n  \"startTime\": \"2020-12-13T20:37:49.8828353-08:00\",\r\n  \"status\": \"InProgress\",\r\n  \"name\": \"6a9326b8-b4ad-4c69-a182-d9eb8c1eefcc\"\r\n}",
      "StatusCode": 200
    },
    {
      "RequestUri": "/subscriptions/5393f919-a68a-43d0-9063-4b2bda6bffdf/providers/Microsoft.Compute/locations/EastUS2EUAP/operations/6a9326b8-b4ad-4c69-a182-d9eb8c1eefcc?api-version=2020-12-01",
      "EncodedRequestUri": "L3N1YnNjcmlwdGlvbnMvNTM5M2Y5MTktYTY4YS00M2QwLTkwNjMtNGIyYmRhNmJmZmRmL3Byb3ZpZGVycy9NaWNyb3NvZnQuQ29tcHV0ZS9sb2NhdGlvbnMvRWFzdFVTMkVVQVAvb3BlcmF0aW9ucy82YTkzMjZiOC1iNGFkLTRjNjktYTE4Mi1kOWViOGMxZWVmY2M/YXBpLXZlcnNpb249MjAyMC0xMi0wMQ==",
      "RequestMethod": "GET",
      "RequestBody": "",
      "RequestHeaders": {
        "User-Agent": [
          "FxVersion/4.6.29321.03",
          "OSName/Windows",
          "OSVersion/Microsoft.Windows.10.0.19042.",
          "Microsoft.Azure.Management.Compute.ComputeManagementClient/39.0.0.0"
        ]
      },
      "ResponseHeaders": {
        "Cache-Control": [
          "no-cache"
        ],
        "Pragma": [
          "no-cache"
        ],
        "x-ms-ratelimit-remaining-resource": [
          "Microsoft.Compute/GetOperation3Min;14998,Microsoft.Compute/GetOperation30Min;29998"
        ],
        "Strict-Transport-Security": [
          "max-age=31536000; includeSubDomains"
        ],
        "x-ms-request-id": [
          "113a1068-4faa-4140-b7a3-08f95f12a1eb"
        ],
        "Server": [
          "Microsoft-HTTPAPI/2.0",
          "Microsoft-HTTPAPI/2.0"
        ],
        "x-ms-ratelimit-remaining-subscription-reads": [
          "11998"
        ],
        "x-ms-correlation-request-id": [
          "ea38f224-c450-45d2-8b84-01660b78a083"
        ],
        "x-ms-routing-request-id": [
          "WESTUS2:20201214T043851Z:ea38f224-c450-45d2-8b84-01660b78a083"
        ],
        "X-Content-Type-Options": [
          "nosniff"
        ],
        "Date": [
          "Mon, 14 Dec 2020 04:38:51 GMT"
        ],
        "Content-Length": [
          "134"
        ],
        "Content-Type": [
          "application/json; charset=utf-8"
        ],
        "Expires": [
          "-1"
        ]
      },
      "ResponseBody": "{\r\n  \"startTime\": \"2020-12-13T20:37:49.8828353-08:00\",\r\n  \"status\": \"InProgress\",\r\n  \"name\": \"6a9326b8-b4ad-4c69-a182-d9eb8c1eefcc\"\r\n}",
      "StatusCode": 200
    },
    {
      "RequestUri": "/subscriptions/5393f919-a68a-43d0-9063-4b2bda6bffdf/providers/Microsoft.Compute/locations/EastUS2EUAP/operations/6a9326b8-b4ad-4c69-a182-d9eb8c1eefcc?api-version=2020-12-01",
      "EncodedRequestUri": "L3N1YnNjcmlwdGlvbnMvNTM5M2Y5MTktYTY4YS00M2QwLTkwNjMtNGIyYmRhNmJmZmRmL3Byb3ZpZGVycy9NaWNyb3NvZnQuQ29tcHV0ZS9sb2NhdGlvbnMvRWFzdFVTMkVVQVAvb3BlcmF0aW9ucy82YTkzMjZiOC1iNGFkLTRjNjktYTE4Mi1kOWViOGMxZWVmY2M/YXBpLXZlcnNpb249MjAyMC0xMi0wMQ==",
      "RequestMethod": "GET",
      "RequestBody": "",
      "RequestHeaders": {
        "User-Agent": [
          "FxVersion/4.6.29321.03",
          "OSName/Windows",
          "OSVersion/Microsoft.Windows.10.0.19042.",
          "Microsoft.Azure.Management.Compute.ComputeManagementClient/39.0.0.0"
        ]
      },
      "ResponseHeaders": {
        "Cache-Control": [
          "no-cache"
        ],
        "Pragma": [
          "no-cache"
        ],
        "x-ms-ratelimit-remaining-resource": [
          "Microsoft.Compute/GetOperation3Min;14996,Microsoft.Compute/GetOperation30Min;29996"
        ],
        "Strict-Transport-Security": [
          "max-age=31536000; includeSubDomains"
        ],
        "x-ms-request-id": [
          "13505dcd-fe25-4c15-b0ff-5da6fd9ee626"
        ],
        "Server": [
          "Microsoft-HTTPAPI/2.0",
          "Microsoft-HTTPAPI/2.0"
        ],
        "x-ms-ratelimit-remaining-subscription-reads": [
          "11997"
        ],
        "x-ms-correlation-request-id": [
          "df691c4c-70bf-4293-8d87-278c7501295a"
        ],
        "x-ms-routing-request-id": [
          "WESTUS2:20201214T043941Z:df691c4c-70bf-4293-8d87-278c7501295a"
        ],
        "X-Content-Type-Options": [
          "nosniff"
        ],
        "Date": [
          "Mon, 14 Dec 2020 04:39:40 GMT"
        ],
        "Content-Length": [
          "184"
        ],
        "Content-Type": [
          "application/json; charset=utf-8"
        ],
        "Expires": [
          "-1"
        ]
      },
      "ResponseBody": "{\r\n  \"startTime\": \"2020-12-13T20:37:49.8828353-08:00\",\r\n  \"endTime\": \"2020-12-13T20:39:04.8079428-08:00\",\r\n  \"status\": \"Succeeded\",\r\n  \"name\": \"6a9326b8-b4ad-4c69-a182-d9eb8c1eefcc\"\r\n}",
      "StatusCode": 200
    },
    {
      "RequestUri": "/subscriptions/5393f919-a68a-43d0-9063-4b2bda6bffdf/resourceGroups/crptestar1022/providers/Microsoft.Compute/virtualMachines/vm3883?api-version=2020-12-01",
      "EncodedRequestUri": "L3N1YnNjcmlwdGlvbnMvNTM5M2Y5MTktYTY4YS00M2QwLTkwNjMtNGIyYmRhNmJmZmRmL3Jlc291cmNlR3JvdXBzL2NycHRlc3RhcjEwMjIvcHJvdmlkZXJzL01pY3Jvc29mdC5Db21wdXRlL3ZpcnR1YWxNYWNoaW5lcy92bTM4ODM/YXBpLXZlcnNpb249MjAyMC0xMi0wMQ==",
      "RequestMethod": "GET",
      "RequestBody": "",
      "RequestHeaders": {
        "User-Agent": [
          "FxVersion/4.6.29321.03",
          "OSName/Windows",
          "OSVersion/Microsoft.Windows.10.0.19042.",
          "Microsoft.Azure.Management.Compute.ComputeManagementClient/39.0.0.0"
        ]
      },
      "ResponseHeaders": {
        "Cache-Control": [
          "no-cache"
        ],
        "Pragma": [
          "no-cache"
        ],
        "x-ms-ratelimit-remaining-resource": [
          "Microsoft.Compute/LowCostGet3Min;3998,Microsoft.Compute/LowCostGet30Min;31998"
        ],
        "Strict-Transport-Security": [
          "max-age=31536000; includeSubDomains"
        ],
        "x-ms-request-id": [
          "77c0ac4f-b93f-407c-bdb6-789533ab0129"
        ],
        "Server": [
          "Microsoft-HTTPAPI/2.0",
          "Microsoft-HTTPAPI/2.0"
        ],
        "x-ms-ratelimit-remaining-subscription-reads": [
          "11996"
        ],
        "x-ms-correlation-request-id": [
          "5bd232d9-b972-4b42-bd96-0fc0f65ea6de"
        ],
        "x-ms-routing-request-id": [
          "WESTUS2:20201214T043941Z:5bd232d9-b972-4b42-bd96-0fc0f65ea6de"
        ],
        "X-Content-Type-Options": [
          "nosniff"
        ],
        "Date": [
          "Mon, 14 Dec 2020 04:39:40 GMT"
        ],
        "Content-Length": [
          "2394"
        ],
        "Content-Type": [
          "application/json; charset=utf-8"
        ],
        "Expires": [
          "-1"
        ]
      },
      "ResponseBody": "{\r\n  \"name\": \"vm3883\",\r\n  \"id\": \"/subscriptions/5393f919-a68a-43d0-9063-4b2bda6bffdf/resourceGroups/crptestar1022/providers/Microsoft.Compute/virtualMachines/vm3883\",\r\n  \"type\": \"Microsoft.Compute/virtualMachines\",\r\n  \"location\": \"eastus2euap\",\r\n  \"tags\": {\r\n    \"RG\": \"rg\",\r\n    \"testTag\": \"1\"\r\n  },\r\n  \"properties\": {\r\n    \"vmId\": \"50e7078f-28bf-4848-809c-9facfaa48d07\",\r\n    \"hardwareProfile\": {\r\n      \"vmSize\": \"Standard_D2s_v3\"\r\n    },\r\n    \"storageProfile\": {\r\n      \"imageReference\": {\r\n        \"publisher\": \"MicrosoftWindowsServer\",\r\n        \"offer\": \"WindowsServer\",\r\n        \"sku\": \"2016-Datacenter\",\r\n        \"version\": \"14393.4048.2011170655\",\r\n        \"exactVersion\": \"14393.4048.2011170655\"\r\n      },\r\n      \"osDisk\": {\r\n        \"osType\": \"Windows\",\r\n        \"name\": \"test\",\r\n        \"createOption\": \"FromImage\",\r\n        \"caching\": \"None\",\r\n        \"managedDisk\": {\r\n          \"storageAccountType\": \"Premium_LRS\",\r\n          \"id\": \"/subscriptions/5393f919-a68a-43d0-9063-4b2bda6bffdf/resourceGroups/crptestar1022/providers/Microsoft.Compute/disks/test\"\r\n        },\r\n        \"diskSizeGB\": 127\r\n      },\r\n      \"dataDisks\": [\r\n        {\r\n          \"lun\": 0,\r\n          \"name\": \"vm3883_disk2_0ea5b01e1bc44d6898908418be776a92\",\r\n          \"createOption\": \"Empty\",\r\n          \"caching\": \"None\",\r\n          \"managedDisk\": {\r\n            \"storageAccountType\": \"Premium_LRS\",\r\n            \"id\": \"/subscriptions/5393f919-a68a-43d0-9063-4b2bda6bffdf/resourceGroups/crptestar1022/providers/Microsoft.Compute/disks/vm3883_disk2_0ea5b01e1bc44d6898908418be776a92\"\r\n          },\r\n          \"diskSizeGB\": 30,\r\n          \"toBeDetached\": false\r\n        }\r\n      ]\r\n    },\r\n    \"osProfile\": {\r\n      \"computerName\": \"Test\",\r\n      \"adminUsername\": \"Foo12\",\r\n      \"windowsConfiguration\": {\r\n        \"provisionVMAgent\": true,\r\n        \"enableAutomaticUpdates\": true,\r\n        \"patchSettings\": {\r\n          \"patchMode\": \"AutomaticByOS\"\r\n        }\r\n      },\r\n      \"secrets\": [],\r\n      \"allowExtensionOperations\": true,\r\n      \"requireGuestProvisionSignal\": true\r\n    },\r\n    \"networkProfile\": {\r\n      \"networkInterfaces\": [\r\n        {\r\n          \"id\": \"/subscriptions/5393f919-a68a-43d0-9063-4b2bda6bffdf/resourceGroups/crptestar1022/providers/Microsoft.Network/networkInterfaces/EdgeVMNic\"\r\n        }\r\n      ]\r\n    },\r\n    \"provisioningState\": \"Succeeded\"\r\n  },\r\n  \"extendedLocation\": {\r\n    \"type\": \"EdgeZone\",\r\n    \"name\": \"MicrosoftRRDCLab1\"\r\n  }\r\n}",
      "StatusCode": 200
    },
    {
      "RequestUri": "/subscriptions/5393f919-a68a-43d0-9063-4b2bda6bffdf/resourceGroups/crptestar1022/providers/Microsoft.Compute/virtualMachines/vm3883?api-version=2020-12-01",
      "EncodedRequestUri": "L3N1YnNjcmlwdGlvbnMvNTM5M2Y5MTktYTY4YS00M2QwLTkwNjMtNGIyYmRhNmJmZmRmL3Jlc291cmNlR3JvdXBzL2NycHRlc3RhcjEwMjIvcHJvdmlkZXJzL01pY3Jvc29mdC5Db21wdXRlL3ZpcnR1YWxNYWNoaW5lcy92bTM4ODM/YXBpLXZlcnNpb249MjAyMC0xMi0wMQ==",
      "RequestMethod": "GET",
      "RequestBody": "",
      "RequestHeaders": {
        "x-ms-client-request-id": [
          "31730ed0-eb59-436a-a10c-f36a1bb43f2d"
        ],
        "Accept-Language": [
          "en-US"
        ],
        "User-Agent": [
          "FxVersion/4.6.29321.03",
          "OSName/Windows",
          "OSVersion/Microsoft.Windows.10.0.19042.",
          "Microsoft.Azure.Management.Compute.ComputeManagementClient/39.0.0.0"
        ]
      },
      "ResponseHeaders": {
        "Cache-Control": [
          "no-cache"
        ],
        "Pragma": [
          "no-cache"
        ],
        "x-ms-ratelimit-remaining-resource": [
          "Microsoft.Compute/LowCostGet3Min;3997,Microsoft.Compute/LowCostGet30Min;31997"
        ],
        "Strict-Transport-Security": [
          "max-age=31536000; includeSubDomains"
        ],
        "x-ms-request-id": [
          "25655225-cf76-4422-b10c-96504b919ec7"
        ],
        "Server": [
          "Microsoft-HTTPAPI/2.0",
          "Microsoft-HTTPAPI/2.0"
        ],
        "x-ms-ratelimit-remaining-subscription-reads": [
          "11995"
        ],
        "x-ms-correlation-request-id": [
          "3023bd69-085b-4d17-a156-92ba50aee722"
        ],
        "x-ms-routing-request-id": [
          "WESTUS2:20201214T043951Z:3023bd69-085b-4d17-a156-92ba50aee722"
        ],
        "X-Content-Type-Options": [
          "nosniff"
        ],
        "Date": [
          "Mon, 14 Dec 2020 04:39:50 GMT"
        ],
        "Content-Length": [
          "2394"
        ],
        "Content-Type": [
          "application/json; charset=utf-8"
        ],
        "Expires": [
          "-1"
        ]
      },
      "ResponseBody": "{\r\n  \"name\": \"vm3883\",\r\n  \"id\": \"/subscriptions/5393f919-a68a-43d0-9063-4b2bda6bffdf/resourceGroups/crptestar1022/providers/Microsoft.Compute/virtualMachines/vm3883\",\r\n  \"type\": \"Microsoft.Compute/virtualMachines\",\r\n  \"location\": \"eastus2euap\",\r\n  \"tags\": {\r\n    \"RG\": \"rg\",\r\n    \"testTag\": \"1\"\r\n  },\r\n  \"properties\": {\r\n    \"vmId\": \"50e7078f-28bf-4848-809c-9facfaa48d07\",\r\n    \"hardwareProfile\": {\r\n      \"vmSize\": \"Standard_D2s_v3\"\r\n    },\r\n    \"storageProfile\": {\r\n      \"imageReference\": {\r\n        \"publisher\": \"MicrosoftWindowsServer\",\r\n        \"offer\": \"WindowsServer\",\r\n        \"sku\": \"2016-Datacenter\",\r\n        \"version\": \"14393.4048.2011170655\",\r\n        \"exactVersion\": \"14393.4048.2011170655\"\r\n      },\r\n      \"osDisk\": {\r\n        \"osType\": \"Windows\",\r\n        \"name\": \"test\",\r\n        \"createOption\": \"FromImage\",\r\n        \"caching\": \"None\",\r\n        \"managedDisk\": {\r\n          \"storageAccountType\": \"Premium_LRS\",\r\n          \"id\": \"/subscriptions/5393f919-a68a-43d0-9063-4b2bda6bffdf/resourceGroups/crptestar1022/providers/Microsoft.Compute/disks/test\"\r\n        },\r\n        \"diskSizeGB\": 127\r\n      },\r\n      \"dataDisks\": [\r\n        {\r\n          \"lun\": 0,\r\n          \"name\": \"vm3883_disk2_0ea5b01e1bc44d6898908418be776a92\",\r\n          \"createOption\": \"Empty\",\r\n          \"caching\": \"None\",\r\n          \"managedDisk\": {\r\n            \"storageAccountType\": \"Premium_LRS\",\r\n            \"id\": \"/subscriptions/5393f919-a68a-43d0-9063-4b2bda6bffdf/resourceGroups/crptestar1022/providers/Microsoft.Compute/disks/vm3883_disk2_0ea5b01e1bc44d6898908418be776a92\"\r\n          },\r\n          \"diskSizeGB\": 30,\r\n          \"toBeDetached\": false\r\n        }\r\n      ]\r\n    },\r\n    \"osProfile\": {\r\n      \"computerName\": \"Test\",\r\n      \"adminUsername\": \"Foo12\",\r\n      \"windowsConfiguration\": {\r\n        \"provisionVMAgent\": true,\r\n        \"enableAutomaticUpdates\": true,\r\n        \"patchSettings\": {\r\n          \"patchMode\": \"AutomaticByOS\"\r\n        }\r\n      },\r\n      \"secrets\": [],\r\n      \"allowExtensionOperations\": true,\r\n      \"requireGuestProvisionSignal\": true\r\n    },\r\n    \"networkProfile\": {\r\n      \"networkInterfaces\": [\r\n        {\r\n          \"id\": \"/subscriptions/5393f919-a68a-43d0-9063-4b2bda6bffdf/resourceGroups/crptestar1022/providers/Microsoft.Network/networkInterfaces/EdgeVMNic\"\r\n        }\r\n      ]\r\n    },\r\n    \"provisioningState\": \"Succeeded\"\r\n  },\r\n  \"extendedLocation\": {\r\n    \"type\": \"EdgeZone\",\r\n    \"name\": \"MicrosoftRRDCLab1\"\r\n  }\r\n}",
      "StatusCode": 200
    },
    {
      "RequestUri": "/subscriptions/5393f919-a68a-43d0-9063-4b2bda6bffdf/resourceGroups/crptestar1022/providers/Microsoft.Compute/images/imageTest5635?api-version=2020-12-01",
      "EncodedRequestUri": "L3N1YnNjcmlwdGlvbnMvNTM5M2Y5MTktYTY4YS00M2QwLTkwNjMtNGIyYmRhNmJmZmRmL3Jlc291cmNlR3JvdXBzL2NycHRlc3RhcjEwMjIvcHJvdmlkZXJzL01pY3Jvc29mdC5Db21wdXRlL2ltYWdlcy9pbWFnZVRlc3Q1NjM1P2FwaS12ZXJzaW9uPTIwMjAtMTItMDE=",
      "RequestMethod": "PUT",
      "RequestBody": "{\r\n  \"properties\": {\r\n    \"storageProfile\": {\r\n      \"osDisk\": {\r\n        \"osType\": \"Windows\",\r\n        \"osState\": \"Generalized\",\r\n        \"managedDisk\": {\r\n          \"id\": \"/subscriptions/5393f919-a68a-43d0-9063-4b2bda6bffdf/resourceGroups/crptestar1022/providers/Microsoft.Compute/disks/test\"\r\n        }\r\n      },\r\n      \"dataDisks\": [\r\n        {\r\n          \"lun\": 0,\r\n          \"managedDisk\": {\r\n            \"id\": \"/subscriptions/5393f919-a68a-43d0-9063-4b2bda6bffdf/resourceGroups/crptestar1022/providers/Microsoft.Compute/disks/vm3883_disk2_0ea5b01e1bc44d6898908418be776a92\"\r\n          }\r\n        }\r\n      ]\r\n    },\r\n    \"hyperVGeneration\": \"V1\"\r\n  },\r\n  \"extendedLocation\": {\r\n    \"name\": \"MicrosoftRRDCLab1\",\r\n    \"type\": \"EdgeZone\"\r\n  },\r\n  \"location\": \"eastus2euap\",\r\n  \"tags\": {\r\n    \"RG\": \"rg\",\r\n    \"testTag\": \"1\"\r\n  }\r\n}",
      "RequestHeaders": {
        "x-ms-client-request-id": [
          "7c3fb8cb-72c1-4414-9832-1f357bbdc4ea"
        ],
        "Accept-Language": [
          "en-US"
        ],
        "User-Agent": [
          "FxVersion/4.6.29321.03",
          "OSName/Windows",
          "OSVersion/Microsoft.Windows.10.0.19042.",
          "Microsoft.Azure.Management.Compute.ComputeManagementClient/39.0.0.0"
        ],
        "Content-Type": [
          "application/json; charset=utf-8"
        ],
        "Content-Length": [
          "833"
        ]
      },
      "ResponseHeaders": {
        "Cache-Control": [
          "no-cache"
        ],
        "Pragma": [
          "no-cache"
        ],
        "Azure-AsyncOperation": [
          "https://management.azure.com/subscriptions/5393f919-a68a-43d0-9063-4b2bda6bffdf/providers/Microsoft.Compute/locations/EastUS2EUAP/operations/02208237-fedd-4670-99ee-1a459de287ea?api-version=2020-12-01"
        ],
        "Azure-AsyncNotification": [
          "Enabled"
        ],
        "x-ms-ratelimit-remaining-resource": [
          "Microsoft.Compute/CreateImages3Min;39,Microsoft.Compute/CreateImages30Min;199"
        ],
        "Strict-Transport-Security": [
          "max-age=31536000; includeSubDomains"
        ],
        "x-ms-request-id": [
          "02208237-fedd-4670-99ee-1a459de287ea"
        ],
        "Server": [
          "Microsoft-HTTPAPI/2.0",
          "Microsoft-HTTPAPI/2.0"
        ],
        "x-ms-ratelimit-remaining-subscription-writes": [
          "1197"
        ],
        "x-ms-correlation-request-id": [
          "53b80abb-d53d-4fb1-9d7b-6b128c13b95c"
        ],
        "x-ms-routing-request-id": [
          "WESTUS2:20201214T044005Z:53b80abb-d53d-4fb1-9d7b-6b128c13b95c"
        ],
        "X-Content-Type-Options": [
          "nosniff"
        ],
        "Date": [
          "Mon, 14 Dec 2020 04:40:05 GMT"
        ],
        "Content-Length": [
          "1234"
        ],
        "Content-Type": [
          "application/json; charset=utf-8"
        ],
        "Expires": [
          "-1"
        ]
      },
      "ResponseBody": "{\r\n  \"name\": \"imageTest5635\",\r\n  \"id\": \"/subscriptions/5393f919-a68a-43d0-9063-4b2bda6bffdf/resourceGroups/crptestar1022/providers/Microsoft.Compute/images/imageTest5635\",\r\n  \"type\": \"Microsoft.Compute/images\",\r\n  \"location\": \"eastus2euap\",\r\n  \"tags\": {\r\n    \"RG\": \"rg\",\r\n    \"testTag\": \"1\"\r\n  },\r\n  \"properties\": {\r\n    \"storageProfile\": {\r\n      \"osDisk\": {\r\n        \"osType\": \"Windows\",\r\n        \"osState\": \"Generalized\",\r\n        \"managedDisk\": {\r\n          \"id\": \"/subscriptions/5393f919-a68a-43d0-9063-4b2bda6bffdf/resourceGroups/crptestar1022/providers/Microsoft.Compute/disks/test\"\r\n        },\r\n        \"caching\": \"None\",\r\n        \"storageAccountType\": \"Standard_LRS\"\r\n      },\r\n      \"dataDisks\": [\r\n        {\r\n          \"lun\": 0,\r\n          \"managedDisk\": {\r\n            \"id\": \"/subscriptions/5393f919-a68a-43d0-9063-4b2bda6bffdf/resourceGroups/crptestar1022/providers/Microsoft.Compute/disks/vm3883_disk2_0ea5b01e1bc44d6898908418be776a92\"\r\n          },\r\n          \"caching\": \"None\",\r\n          \"storageAccountType\": \"Standard_LRS\"\r\n        }\r\n      ]\r\n    },\r\n    \"provisioningState\": \"Creating\",\r\n    \"hyperVGeneration\": \"V1\"\r\n  },\r\n  \"extendedLocation\": {\r\n    \"type\": \"EdgeZone\",\r\n    \"name\": \"MicrosoftRRDCLab1\"\r\n  }\r\n}",
      "StatusCode": 201
    },
    {
      "RequestUri": "/subscriptions/5393f919-a68a-43d0-9063-4b2bda6bffdf/providers/Microsoft.Compute/locations/EastUS2EUAP/operations/02208237-fedd-4670-99ee-1a459de287ea?api-version=2020-12-01",
      "EncodedRequestUri": "L3N1YnNjcmlwdGlvbnMvNTM5M2Y5MTktYTY4YS00M2QwLTkwNjMtNGIyYmRhNmJmZmRmL3Byb3ZpZGVycy9NaWNyb3NvZnQuQ29tcHV0ZS9sb2NhdGlvbnMvRWFzdFVTMkVVQVAvb3BlcmF0aW9ucy8wMjIwODIzNy1mZWRkLTQ2NzAtOTllZS0xYTQ1OWRlMjg3ZWE/YXBpLXZlcnNpb249MjAyMC0xMi0wMQ==",
      "RequestMethod": "GET",
      "RequestBody": "",
      "RequestHeaders": {
        "User-Agent": [
          "FxVersion/4.6.29321.03",
          "OSName/Windows",
          "OSVersion/Microsoft.Windows.10.0.19042.",
          "Microsoft.Azure.Management.Compute.ComputeManagementClient/39.0.0.0"
        ]
      },
      "ResponseHeaders": {
        "Cache-Control": [
          "no-cache"
        ],
        "Pragma": [
          "no-cache"
        ],
        "x-ms-ratelimit-remaining-resource": [
          "Microsoft.Compute/GetOperation3Min;14994,Microsoft.Compute/GetOperation30Min;29994"
        ],
        "Strict-Transport-Security": [
          "max-age=31536000; includeSubDomains"
        ],
        "x-ms-request-id": [
          "1e61b6db-554c-4b40-9de1-5386e6f034e5"
        ],
        "Server": [
          "Microsoft-HTTPAPI/2.0",
          "Microsoft-HTTPAPI/2.0"
        ],
        "x-ms-ratelimit-remaining-subscription-reads": [
          "11994"
        ],
        "x-ms-correlation-request-id": [
          "b3b9d687-8f75-49c2-aa72-444527ab66ce"
        ],
        "x-ms-routing-request-id": [
          "WESTUS2:20201214T044036Z:b3b9d687-8f75-49c2-aa72-444527ab66ce"
        ],
        "X-Content-Type-Options": [
          "nosniff"
        ],
        "Date": [
          "Mon, 14 Dec 2020 04:40:35 GMT"
        ],
        "Content-Length": [
          "184"
        ],
        "Content-Type": [
          "application/json; charset=utf-8"
        ],
        "Expires": [
          "-1"
        ]
      },
      "ResponseBody": "{\r\n  \"startTime\": \"2020-12-13T20:40:04.7377822-08:00\",\r\n  \"endTime\": \"2020-12-13T20:40:09.9128044-08:00\",\r\n  \"status\": \"Succeeded\",\r\n  \"name\": \"02208237-fedd-4670-99ee-1a459de287ea\"\r\n}",
      "StatusCode": 200
    },
    {
      "RequestUri": "/subscriptions/5393f919-a68a-43d0-9063-4b2bda6bffdf/resourceGroups/crptestar1022/providers/Microsoft.Compute/images/imageTest5635?api-version=2020-12-01",
      "EncodedRequestUri": "L3N1YnNjcmlwdGlvbnMvNTM5M2Y5MTktYTY4YS00M2QwLTkwNjMtNGIyYmRhNmJmZmRmL3Jlc291cmNlR3JvdXBzL2NycHRlc3RhcjEwMjIvcHJvdmlkZXJzL01pY3Jvc29mdC5Db21wdXRlL2ltYWdlcy9pbWFnZVRlc3Q1NjM1P2FwaS12ZXJzaW9uPTIwMjAtMTItMDE=",
      "RequestMethod": "GET",
      "RequestBody": "",
      "RequestHeaders": {
        "User-Agent": [
          "FxVersion/4.6.29321.03",
          "OSName/Windows",
          "OSVersion/Microsoft.Windows.10.0.19042.",
          "Microsoft.Azure.Management.Compute.ComputeManagementClient/39.0.0.0"
        ]
      },
      "ResponseHeaders": {
        "Cache-Control": [
          "no-cache"
        ],
        "Pragma": [
          "no-cache"
        ],
        "x-ms-ratelimit-remaining-resource": [
          "Microsoft.Compute/GetImages3Min;358,Microsoft.Compute/GetImages30Min;1798"
        ],
        "Strict-Transport-Security": [
          "max-age=31536000; includeSubDomains"
        ],
        "x-ms-request-id": [
          "1912c183-9193-49c7-a11c-25750c094876"
        ],
        "Server": [
          "Microsoft-HTTPAPI/2.0",
          "Microsoft-HTTPAPI/2.0"
        ],
        "x-ms-ratelimit-remaining-subscription-reads": [
          "11993"
        ],
        "x-ms-correlation-request-id": [
          "f4eb7e66-d90c-47c0-96ca-5d6abaebac7e"
        ],
        "x-ms-routing-request-id": [
          "WESTUS2:20201214T044036Z:f4eb7e66-d90c-47c0-96ca-5d6abaebac7e"
        ],
        "X-Content-Type-Options": [
          "nosniff"
        ],
        "Date": [
          "Mon, 14 Dec 2020 04:40:35 GMT"
        ],
        "Content-Length": [
          "1292"
        ],
        "Content-Type": [
          "application/json; charset=utf-8"
        ],
        "Expires": [
          "-1"
        ]
      },
      "ResponseBody": "{\r\n  \"name\": \"imageTest5635\",\r\n  \"id\": \"/subscriptions/5393f919-a68a-43d0-9063-4b2bda6bffdf/resourceGroups/crptestar1022/providers/Microsoft.Compute/images/imageTest5635\",\r\n  \"type\": \"Microsoft.Compute/images\",\r\n  \"location\": \"eastus2euap\",\r\n  \"tags\": {\r\n    \"RG\": \"rg\",\r\n    \"testTag\": \"1\"\r\n  },\r\n  \"properties\": {\r\n    \"storageProfile\": {\r\n      \"osDisk\": {\r\n        \"osType\": \"Windows\",\r\n        \"osState\": \"Generalized\",\r\n        \"diskSizeGB\": 127,\r\n        \"managedDisk\": {\r\n          \"id\": \"/subscriptions/5393f919-a68a-43d0-9063-4b2bda6bffdf/resourceGroups/crptestar1022/providers/Microsoft.Compute/disks/test\"\r\n        },\r\n        \"caching\": \"None\",\r\n        \"storageAccountType\": \"Standard_LRS\"\r\n      },\r\n      \"dataDisks\": [\r\n        {\r\n          \"lun\": 0,\r\n          \"diskSizeGB\": 30,\r\n          \"managedDisk\": {\r\n            \"id\": \"/subscriptions/5393f919-a68a-43d0-9063-4b2bda6bffdf/resourceGroups/crptestar1022/providers/Microsoft.Compute/disks/vm3883_disk2_0ea5b01e1bc44d6898908418be776a92\"\r\n          },\r\n          \"caching\": \"None\",\r\n          \"storageAccountType\": \"Standard_LRS\"\r\n        }\r\n      ]\r\n    },\r\n    \"provisioningState\": \"Succeeded\",\r\n    \"hyperVGeneration\": \"V1\"\r\n  },\r\n  \"extendedLocation\": {\r\n    \"type\": \"EdgeZone\",\r\n    \"name\": \"MicrosoftRRDCLab1\"\r\n  }\r\n}",
      "StatusCode": 200
    },
    {
      "RequestUri": "/subscriptions/5393f919-a68a-43d0-9063-4b2bda6bffdf/resourceGroups/crptestar1022/providers/Microsoft.Compute/images/imageTest5635?api-version=2020-12-01",
      "EncodedRequestUri": "L3N1YnNjcmlwdGlvbnMvNTM5M2Y5MTktYTY4YS00M2QwLTkwNjMtNGIyYmRhNmJmZmRmL3Jlc291cmNlR3JvdXBzL2NycHRlc3RhcjEwMjIvcHJvdmlkZXJzL01pY3Jvc29mdC5Db21wdXRlL2ltYWdlcy9pbWFnZVRlc3Q1NjM1P2FwaS12ZXJzaW9uPTIwMjAtMTItMDE=",
      "RequestMethod": "GET",
      "RequestBody": "",
      "RequestHeaders": {
        "x-ms-client-request-id": [
          "f7e1e1ee-2e97-4a6e-908e-d8091b40e65b"
        ],
        "Accept-Language": [
          "en-US"
        ],
        "User-Agent": [
          "FxVersion/4.6.29321.03",
          "OSName/Windows",
          "OSVersion/Microsoft.Windows.10.0.19042.",
          "Microsoft.Azure.Management.Compute.ComputeManagementClient/39.0.0.0"
        ]
      },
      "ResponseHeaders": {
        "Cache-Control": [
          "no-cache"
        ],
        "Pragma": [
          "no-cache"
        ],
        "x-ms-ratelimit-remaining-resource": [
          "Microsoft.Compute/GetImages3Min;357,Microsoft.Compute/GetImages30Min;1797"
        ],
        "Strict-Transport-Security": [
          "max-age=31536000; includeSubDomains"
        ],
        "x-ms-request-id": [
          "ce1e4bad-6b8b-4f37-ad51-6fdc14a6bc0b"
        ],
        "Server": [
          "Microsoft-HTTPAPI/2.0",
          "Microsoft-HTTPAPI/2.0"
        ],
        "x-ms-ratelimit-remaining-subscription-reads": [
          "11992"
        ],
        "x-ms-correlation-request-id": [
          "051af7b2-a99b-4b34-be00-256fa1711958"
        ],
        "x-ms-routing-request-id": [
          "WESTUS2:20201214T044039Z:051af7b2-a99b-4b34-be00-256fa1711958"
        ],
        "X-Content-Type-Options": [
          "nosniff"
        ],
        "Date": [
          "Mon, 14 Dec 2020 04:40:38 GMT"
        ],
        "Content-Length": [
          "1292"
        ],
        "Content-Type": [
          "application/json; charset=utf-8"
        ],
        "Expires": [
          "-1"
        ]
      },
      "ResponseBody": "{\r\n  \"name\": \"imageTest5635\",\r\n  \"id\": \"/subscriptions/5393f919-a68a-43d0-9063-4b2bda6bffdf/resourceGroups/crptestar1022/providers/Microsoft.Compute/images/imageTest5635\",\r\n  \"type\": \"Microsoft.Compute/images\",\r\n  \"location\": \"eastus2euap\",\r\n  \"tags\": {\r\n    \"RG\": \"rg\",\r\n    \"testTag\": \"1\"\r\n  },\r\n  \"properties\": {\r\n    \"storageProfile\": {\r\n      \"osDisk\": {\r\n        \"osType\": \"Windows\",\r\n        \"osState\": \"Generalized\",\r\n        \"diskSizeGB\": 127,\r\n        \"managedDisk\": {\r\n          \"id\": \"/subscriptions/5393f919-a68a-43d0-9063-4b2bda6bffdf/resourceGroups/crptestar1022/providers/Microsoft.Compute/disks/test\"\r\n        },\r\n        \"caching\": \"None\",\r\n        \"storageAccountType\": \"Standard_LRS\"\r\n      },\r\n      \"dataDisks\": [\r\n        {\r\n          \"lun\": 0,\r\n          \"diskSizeGB\": 30,\r\n          \"managedDisk\": {\r\n            \"id\": \"/subscriptions/5393f919-a68a-43d0-9063-4b2bda6bffdf/resourceGroups/crptestar1022/providers/Microsoft.Compute/disks/vm3883_disk2_0ea5b01e1bc44d6898908418be776a92\"\r\n          },\r\n          \"caching\": \"None\",\r\n          \"storageAccountType\": \"Standard_LRS\"\r\n        }\r\n      ]\r\n    },\r\n    \"provisioningState\": \"Succeeded\",\r\n    \"hyperVGeneration\": \"V1\"\r\n  },\r\n  \"extendedLocation\": {\r\n    \"type\": \"EdgeZone\",\r\n    \"name\": \"MicrosoftRRDCLab1\"\r\n  }\r\n}",
      "StatusCode": 200
    },
    {
      "RequestUri": "/subscriptions/5393f919-a68a-43d0-9063-4b2bda6bffdf/resourceGroups/crptestar1022/providers/Microsoft.Compute/images/imageTest5635?api-version=2020-12-01",
      "EncodedRequestUri": "L3N1YnNjcmlwdGlvbnMvNTM5M2Y5MTktYTY4YS00M2QwLTkwNjMtNGIyYmRhNmJmZmRmL3Jlc291cmNlR3JvdXBzL2NycHRlc3RhcjEwMjIvcHJvdmlkZXJzL01pY3Jvc29mdC5Db21wdXRlL2ltYWdlcy9pbWFnZVRlc3Q1NjM1P2FwaS12ZXJzaW9uPTIwMjAtMTItMDE=",
      "RequestMethod": "GET",
      "RequestBody": "",
      "RequestHeaders": {
        "User-Agent": [
          "FxVersion/4.6.29321.03",
          "OSName/Windows",
          "OSVersion/Microsoft.Windows.10.0.19042.",
          "Microsoft.Azure.Management.Compute.ComputeManagementClient/39.0.0.0"
        ]
      },
      "ResponseHeaders": {
        "Cache-Control": [
          "no-cache"
        ],
        "Pragma": [
          "no-cache"
        ],
        "x-ms-ratelimit-remaining-resource": [
          "Microsoft.Compute/GetImages3Min;355,Microsoft.Compute/GetImages30Min;1795"
        ],
        "Strict-Transport-Security": [
          "max-age=31536000; includeSubDomains"
        ],
        "x-ms-request-id": [
          "b7dcafcb-68c5-4c51-afc3-188feb05257c"
        ],
        "Server": [
          "Microsoft-HTTPAPI/2.0",
          "Microsoft-HTTPAPI/2.0"
        ],
        "x-ms-ratelimit-remaining-subscription-reads": [
          "11990"
        ],
        "x-ms-correlation-request-id": [
          "052fdb2f-d804-4258-88fe-f41bfe2b4fa0"
        ],
        "x-ms-routing-request-id": [
          "WESTUS2:20201214T044145Z:052fdb2f-d804-4258-88fe-f41bfe2b4fa0"
        ],
        "X-Content-Type-Options": [
          "nosniff"
        ],
        "Date": [
          "Mon, 14 Dec 2020 04:41:44 GMT"
        ],
        "Content-Length": [
          "1322"
        ],
        "Content-Type": [
          "application/json; charset=utf-8"
        ],
        "Expires": [
          "-1"
        ]
      },
      "ResponseBody": "{\r\n  \"name\": \"imageTest5635\",\r\n  \"id\": \"/subscriptions/5393f919-a68a-43d0-9063-4b2bda6bffdf/resourceGroups/crptestar1022/providers/Microsoft.Compute/images/imageTest5635\",\r\n  \"type\": \"Microsoft.Compute/images\",\r\n  \"location\": \"eastus2euap\",\r\n  \"tags\": {\r\n    \"RG\": \"rg\",\r\n    \"testTag\": \"1\",\r\n    \"UpdateTag\": \"TagValue\"\r\n  },\r\n  \"properties\": {\r\n    \"storageProfile\": {\r\n      \"osDisk\": {\r\n        \"osType\": \"Windows\",\r\n        \"osState\": \"Generalized\",\r\n        \"diskSizeGB\": 127,\r\n        \"managedDisk\": {\r\n          \"id\": \"/subscriptions/5393f919-a68a-43d0-9063-4b2bda6bffdf/resourceGroups/crptestar1022/providers/Microsoft.Compute/disks/test\"\r\n        },\r\n        \"caching\": \"None\",\r\n        \"storageAccountType\": \"Standard_LRS\"\r\n      },\r\n      \"dataDisks\": [\r\n        {\r\n          \"lun\": 0,\r\n          \"diskSizeGB\": 30,\r\n          \"managedDisk\": {\r\n            \"id\": \"/subscriptions/5393f919-a68a-43d0-9063-4b2bda6bffdf/resourceGroups/crptestar1022/providers/Microsoft.Compute/disks/vm3883_disk2_0ea5b01e1bc44d6898908418be776a92\"\r\n          },\r\n          \"caching\": \"None\",\r\n          \"storageAccountType\": \"Standard_LRS\"\r\n        }\r\n      ]\r\n    },\r\n    \"provisioningState\": \"Succeeded\",\r\n    \"hyperVGeneration\": \"V1\"\r\n  },\r\n  \"extendedLocation\": {\r\n    \"type\": \"EdgeZone\",\r\n    \"name\": \"MicrosoftRRDCLab1\"\r\n  }\r\n}",
      "StatusCode": 200
    },
    {
      "RequestUri": "/subscriptions/5393f919-a68a-43d0-9063-4b2bda6bffdf/resourceGroups/crptestar1022/providers/Microsoft.Compute/images/imageTest5635?api-version=2020-12-01",
      "EncodedRequestUri": "L3N1YnNjcmlwdGlvbnMvNTM5M2Y5MTktYTY4YS00M2QwLTkwNjMtNGIyYmRhNmJmZmRmL3Jlc291cmNlR3JvdXBzL2NycHRlc3RhcjEwMjIvcHJvdmlkZXJzL01pY3Jvc29mdC5Db21wdXRlL2ltYWdlcy9pbWFnZVRlc3Q1NjM1P2FwaS12ZXJzaW9uPTIwMjAtMTItMDE=",
      "RequestMethod": "GET",
      "RequestBody": "",
      "RequestHeaders": {
        "x-ms-client-request-id": [
          "b4cb7dfd-7a92-4a95-9e2d-e274ffa10347"
        ],
        "Accept-Language": [
          "en-US"
        ],
        "User-Agent": [
          "FxVersion/4.6.29321.03",
          "OSName/Windows",
          "OSVersion/Microsoft.Windows.10.0.19042.",
          "Microsoft.Azure.Management.Compute.ComputeManagementClient/39.0.0.0"
        ]
      },
      "ResponseHeaders": {
        "Cache-Control": [
          "no-cache"
        ],
        "Pragma": [
          "no-cache"
        ],
        "x-ms-ratelimit-remaining-resource": [
          "Microsoft.Compute/GetImages3Min;354,Microsoft.Compute/GetImages30Min;1794"
        ],
        "Strict-Transport-Security": [
          "max-age=31536000; includeSubDomains"
        ],
        "x-ms-request-id": [
          "c4a00138-6c7e-4ab7-80f4-e1d907018d09"
        ],
        "Server": [
          "Microsoft-HTTPAPI/2.0",
          "Microsoft-HTTPAPI/2.0"
        ],
        "x-ms-ratelimit-remaining-subscription-reads": [
          "11989"
        ],
        "x-ms-correlation-request-id": [
          "df51db7a-8c93-4f9c-bb4a-a922822c1564"
        ],
        "x-ms-routing-request-id": [
          "WESTUS2:20201214T044145Z:df51db7a-8c93-4f9c-bb4a-a922822c1564"
        ],
        "X-Content-Type-Options": [
          "nosniff"
        ],
        "Date": [
          "Mon, 14 Dec 2020 04:41:44 GMT"
        ],
        "Content-Length": [
          "1322"
        ],
        "Content-Type": [
          "application/json; charset=utf-8"
        ],
        "Expires": [
          "-1"
        ]
      },
      "ResponseBody": "{\r\n  \"name\": \"imageTest5635\",\r\n  \"id\": \"/subscriptions/5393f919-a68a-43d0-9063-4b2bda6bffdf/resourceGroups/crptestar1022/providers/Microsoft.Compute/images/imageTest5635\",\r\n  \"type\": \"Microsoft.Compute/images\",\r\n  \"location\": \"eastus2euap\",\r\n  \"tags\": {\r\n    \"RG\": \"rg\",\r\n    \"testTag\": \"1\",\r\n    \"UpdateTag\": \"TagValue\"\r\n  },\r\n  \"properties\": {\r\n    \"storageProfile\": {\r\n      \"osDisk\": {\r\n        \"osType\": \"Windows\",\r\n        \"osState\": \"Generalized\",\r\n        \"diskSizeGB\": 127,\r\n        \"managedDisk\": {\r\n          \"id\": \"/subscriptions/5393f919-a68a-43d0-9063-4b2bda6bffdf/resourceGroups/crptestar1022/providers/Microsoft.Compute/disks/test\"\r\n        },\r\n        \"caching\": \"None\",\r\n        \"storageAccountType\": \"Standard_LRS\"\r\n      },\r\n      \"dataDisks\": [\r\n        {\r\n          \"lun\": 0,\r\n          \"diskSizeGB\": 30,\r\n          \"managedDisk\": {\r\n            \"id\": \"/subscriptions/5393f919-a68a-43d0-9063-4b2bda6bffdf/resourceGroups/crptestar1022/providers/Microsoft.Compute/disks/vm3883_disk2_0ea5b01e1bc44d6898908418be776a92\"\r\n          },\r\n          \"caching\": \"None\",\r\n          \"storageAccountType\": \"Standard_LRS\"\r\n        }\r\n      ]\r\n    },\r\n    \"provisioningState\": \"Succeeded\",\r\n    \"hyperVGeneration\": \"V1\"\r\n  },\r\n  \"extendedLocation\": {\r\n    \"type\": \"EdgeZone\",\r\n    \"name\": \"MicrosoftRRDCLab1\"\r\n  }\r\n}",
      "StatusCode": 200
    },
    {
      "RequestUri": "/subscriptions/5393f919-a68a-43d0-9063-4b2bda6bffdf/resourceGroups/crptestar1022/providers/Microsoft.Compute/images/imageTest5635?api-version=2020-12-01",
      "EncodedRequestUri": "L3N1YnNjcmlwdGlvbnMvNTM5M2Y5MTktYTY4YS00M2QwLTkwNjMtNGIyYmRhNmJmZmRmL3Jlc291cmNlR3JvdXBzL2NycHRlc3RhcjEwMjIvcHJvdmlkZXJzL01pY3Jvc29mdC5Db21wdXRlL2ltYWdlcy9pbWFnZVRlc3Q1NjM1P2FwaS12ZXJzaW9uPTIwMjAtMTItMDE=",
      "RequestMethod": "PATCH",
      "RequestBody": "{\r\n  \"tags\": {\r\n    \"RG\": \"rg\",\r\n    \"testTag\": \"1\",\r\n    \"UpdateTag\": \"TagValue\"\r\n  }\r\n}",
      "RequestHeaders": {
        "x-ms-client-request-id": [
          "429d3009-14eb-4f74-8e20-6ba3ae4eb19b"
        ],
        "Accept-Language": [
          "en-US"
        ],
        "User-Agent": [
          "FxVersion/4.6.29321.03",
          "OSName/Windows",
          "OSVersion/Microsoft.Windows.10.0.19042.",
          "Microsoft.Azure.Management.Compute.ComputeManagementClient/39.0.0.0"
        ],
        "Content-Type": [
          "application/json; charset=utf-8"
        ],
        "Content-Length": [
          "89"
        ]
      },
      "ResponseHeaders": {
        "Cache-Control": [
          "no-cache"
        ],
        "Pragma": [
          "no-cache"
        ],
        "Azure-AsyncOperation": [
          "https://management.azure.com/subscriptions/5393f919-a68a-43d0-9063-4b2bda6bffdf/providers/Microsoft.Compute/locations/EastUS2EUAP/operations/a7bdde36-cc4c-403e-ad89-9da9f7657554?api-version=2020-12-01"
        ],
        "Azure-AsyncNotification": [
          "Enabled"
        ],
        "x-ms-ratelimit-remaining-resource": [
          "Microsoft.Compute/CreateImages3Min;38,Microsoft.Compute/CreateImages30Min;198"
        ],
        "Strict-Transport-Security": [
          "max-age=31536000; includeSubDomains"
        ],
        "x-ms-request-id": [
          "a7bdde36-cc4c-403e-ad89-9da9f7657554"
        ],
        "Server": [
          "Microsoft-HTTPAPI/2.0",
          "Microsoft-HTTPAPI/2.0"
        ],
        "x-ms-ratelimit-remaining-subscription-writes": [
          "1196"
        ],
        "x-ms-correlation-request-id": [
          "27ae04e5-e06d-4d78-8f81-abca395fd6f8"
        ],
        "x-ms-routing-request-id": [
          "WESTUS2:20201214T044114Z:27ae04e5-e06d-4d78-8f81-abca395fd6f8"
        ],
        "X-Content-Type-Options": [
          "nosniff"
        ],
        "Date": [
          "Mon, 14 Dec 2020 04:41:13 GMT"
        ],
        "Content-Length": [
          "1321"
        ],
        "Content-Type": [
          "application/json; charset=utf-8"
        ],
        "Expires": [
          "-1"
        ]
      },
      "ResponseBody": "{\r\n  \"name\": \"imageTest5635\",\r\n  \"id\": \"/subscriptions/5393f919-a68a-43d0-9063-4b2bda6bffdf/resourceGroups/crptestar1022/providers/Microsoft.Compute/images/imageTest5635\",\r\n  \"type\": \"Microsoft.Compute/images\",\r\n  \"location\": \"eastus2euap\",\r\n  \"tags\": {\r\n    \"RG\": \"rg\",\r\n    \"testTag\": \"1\",\r\n    \"UpdateTag\": \"TagValue\"\r\n  },\r\n  \"properties\": {\r\n    \"storageProfile\": {\r\n      \"osDisk\": {\r\n        \"osType\": \"Windows\",\r\n        \"osState\": \"Generalized\",\r\n        \"diskSizeGB\": 127,\r\n        \"managedDisk\": {\r\n          \"id\": \"/subscriptions/5393f919-a68a-43d0-9063-4b2bda6bffdf/resourceGroups/crptestar1022/providers/Microsoft.Compute/disks/test\"\r\n        },\r\n        \"caching\": \"None\",\r\n        \"storageAccountType\": \"Standard_LRS\"\r\n      },\r\n      \"dataDisks\": [\r\n        {\r\n          \"lun\": 0,\r\n          \"diskSizeGB\": 30,\r\n          \"managedDisk\": {\r\n            \"id\": \"/subscriptions/5393f919-a68a-43d0-9063-4b2bda6bffdf/resourceGroups/crptestar1022/providers/Microsoft.Compute/disks/vm3883_disk2_0ea5b01e1bc44d6898908418be776a92\"\r\n          },\r\n          \"caching\": \"None\",\r\n          \"storageAccountType\": \"Standard_LRS\"\r\n        }\r\n      ]\r\n    },\r\n    \"provisioningState\": \"Updating\",\r\n    \"hyperVGeneration\": \"V1\"\r\n  },\r\n  \"extendedLocation\": {\r\n    \"type\": \"EdgeZone\",\r\n    \"name\": \"MicrosoftRRDCLab1\"\r\n  }\r\n}",
      "StatusCode": 200
    },
    {
      "RequestUri": "/subscriptions/5393f919-a68a-43d0-9063-4b2bda6bffdf/providers/Microsoft.Compute/locations/EastUS2EUAP/operations/a7bdde36-cc4c-403e-ad89-9da9f7657554?api-version=2020-12-01",
      "EncodedRequestUri": "L3N1YnNjcmlwdGlvbnMvNTM5M2Y5MTktYTY4YS00M2QwLTkwNjMtNGIyYmRhNmJmZmRmL3Byb3ZpZGVycy9NaWNyb3NvZnQuQ29tcHV0ZS9sb2NhdGlvbnMvRWFzdFVTMkVVQVAvb3BlcmF0aW9ucy9hN2JkZGUzNi1jYzRjLTQwM2UtYWQ4OS05ZGE5Zjc2NTc1NTQ/YXBpLXZlcnNpb249MjAyMC0xMi0wMQ==",
      "RequestMethod": "GET",
      "RequestBody": "",
      "RequestHeaders": {
        "User-Agent": [
          "FxVersion/4.6.29321.03",
          "OSName/Windows",
          "OSVersion/Microsoft.Windows.10.0.19042.",
          "Microsoft.Azure.Management.Compute.ComputeManagementClient/39.0.0.0"
        ]
      },
      "ResponseHeaders": {
        "Cache-Control": [
          "no-cache"
        ],
        "Pragma": [
          "no-cache"
        ],
        "x-ms-ratelimit-remaining-resource": [
          "Microsoft.Compute/GetOperation3Min;14994,Microsoft.Compute/GetOperation30Min;29992"
        ],
        "Strict-Transport-Security": [
          "max-age=31536000; includeSubDomains"
        ],
        "x-ms-request-id": [
          "2528372a-779a-44cc-9540-af11640d0d41"
        ],
        "Server": [
          "Microsoft-HTTPAPI/2.0",
          "Microsoft-HTTPAPI/2.0"
        ],
        "x-ms-ratelimit-remaining-subscription-reads": [
          "11991"
        ],
        "x-ms-correlation-request-id": [
          "27166674-8f1f-4b99-8b39-d63303b3aee1"
        ],
        "x-ms-routing-request-id": [
          "WESTUS2:20201214T044144Z:27166674-8f1f-4b99-8b39-d63303b3aee1"
        ],
        "X-Content-Type-Options": [
          "nosniff"
        ],
        "Date": [
          "Mon, 14 Dec 2020 04:41:44 GMT"
        ],
        "Content-Length": [
          "183"
        ],
        "Content-Type": [
          "application/json; charset=utf-8"
        ],
        "Expires": [
          "-1"
        ]
      },
      "ResponseBody": "{\r\n  \"startTime\": \"2020-12-13T20:41:13.5228859-08:00\",\r\n  \"endTime\": \"2020-12-13T20:41:18.677876-08:00\",\r\n  \"status\": \"Succeeded\",\r\n  \"name\": \"a7bdde36-cc4c-403e-ad89-9da9f7657554\"\r\n}",
      "StatusCode": 200
    },
    {
      "RequestUri": "/subscriptions/5393f919-a68a-43d0-9063-4b2bda6bffdf/resourceGroups/crptestar1022/providers/Microsoft.Compute/images?api-version=2020-12-01",
      "EncodedRequestUri": "L3N1YnNjcmlwdGlvbnMvNTM5M2Y5MTktYTY4YS00M2QwLTkwNjMtNGIyYmRhNmJmZmRmL3Jlc291cmNlR3JvdXBzL2NycHRlc3RhcjEwMjIvcHJvdmlkZXJzL01pY3Jvc29mdC5Db21wdXRlL2ltYWdlcz9hcGktdmVyc2lvbj0yMDIwLTEyLTAx",
      "RequestMethod": "GET",
      "RequestBody": "",
      "RequestHeaders": {
        "x-ms-client-request-id": [
          "c1229f93-3162-4397-8bac-fe0ba8b86e2a"
        ],
        "Accept-Language": [
          "en-US"
        ],
        "User-Agent": [
          "FxVersion/4.6.29321.03",
          "OSName/Windows",
          "OSVersion/Microsoft.Windows.10.0.19042.",
          "Microsoft.Azure.Management.Compute.ComputeManagementClient/39.0.0.0"
        ]
      },
      "ResponseHeaders": {
        "Cache-Control": [
          "no-cache"
        ],
        "Pragma": [
          "no-cache"
        ],
        "x-ms-ratelimit-remaining-resource": [
          "Microsoft.Compute/HighCostGetImages3Min;79,Microsoft.Compute/HighCostGetImages30Min;399"
        ],
        "Strict-Transport-Security": [
          "max-age=31536000; includeSubDomains"
        ],
        "x-ms-request-id": [
          "c9327f91-771f-45d3-9be1-c211737f140f"
        ],
        "Server": [
          "Microsoft-HTTPAPI/2.0",
          "Microsoft-HTTPAPI/2.0"
        ],
        "x-ms-ratelimit-remaining-subscription-reads": [
          "11988"
        ],
        "x-ms-correlation-request-id": [
          "07891a57-7308-4a0e-a149-576fca024e17"
        ],
        "x-ms-routing-request-id": [
          "WESTUS2:20201214T044145Z:07891a57-7308-4a0e-a149-576fca024e17"
        ],
        "X-Content-Type-Options": [
          "nosniff"
        ],
        "Date": [
          "Mon, 14 Dec 2020 04:41:45 GMT"
        ],
        "Content-Length": [
          "1515"
        ],
        "Content-Type": [
          "application/json; charset=utf-8"
        ],
        "Expires": [
          "-1"
        ]
      },
      "ResponseBody": "{\r\n  \"value\": [\r\n    {\r\n      \"name\": \"imageTest5635\",\r\n      \"id\": \"/subscriptions/5393f919-a68a-43d0-9063-4b2bda6bffdf/resourceGroups/crptestar1022/providers/Microsoft.Compute/images/imageTest5635\",\r\n      \"type\": \"Microsoft.Compute/images\",\r\n      \"location\": \"eastus2euap\",\r\n      \"tags\": {\r\n        \"RG\": \"rg\",\r\n        \"testTag\": \"1\",\r\n        \"UpdateTag\": \"TagValue\"\r\n      },\r\n      \"properties\": {\r\n        \"storageProfile\": {\r\n          \"osDisk\": {\r\n            \"osType\": \"Windows\",\r\n            \"osState\": \"Generalized\",\r\n            \"diskSizeGB\": 127,\r\n            \"managedDisk\": {\r\n              \"id\": \"/subscriptions/5393f919-a68a-43d0-9063-4b2bda6bffdf/resourceGroups/crptestar1022/providers/Microsoft.Compute/disks/test\"\r\n            },\r\n            \"caching\": \"None\",\r\n            \"storageAccountType\": \"Standard_LRS\"\r\n          },\r\n          \"dataDisks\": [\r\n            {\r\n              \"lun\": 0,\r\n              \"diskSizeGB\": 30,\r\n              \"managedDisk\": {\r\n                \"id\": \"/subscriptions/5393f919-a68a-43d0-9063-4b2bda6bffdf/resourceGroups/crptestar1022/providers/Microsoft.Compute/disks/vm3883_disk2_0ea5b01e1bc44d6898908418be776a92\"\r\n              },\r\n              \"caching\": \"None\",\r\n              \"storageAccountType\": \"Standard_LRS\"\r\n            }\r\n          ]\r\n        },\r\n        \"provisioningState\": \"Succeeded\",\r\n        \"hyperVGeneration\": \"V1\"\r\n      },\r\n      \"extendedLocation\": {\r\n        \"type\": \"EdgeZone\",\r\n        \"name\": \"MicrosoftRRDCLab1\"\r\n      }\r\n    }\r\n  ]\r\n}",
      "StatusCode": 200
    },
    {
      "RequestUri": "/subscriptions/5393f919-a68a-43d0-9063-4b2bda6bffdf/resourceGroups/crptestar1022/providers/Microsoft.Compute/images/imageTest5635?api-version=2020-12-01",
      "EncodedRequestUri": "L3N1YnNjcmlwdGlvbnMvNTM5M2Y5MTktYTY4YS00M2QwLTkwNjMtNGIyYmRhNmJmZmRmL3Jlc291cmNlR3JvdXBzL2NycHRlc3RhcjEwMjIvcHJvdmlkZXJzL01pY3Jvc29mdC5Db21wdXRlL2ltYWdlcy9pbWFnZVRlc3Q1NjM1P2FwaS12ZXJzaW9uPTIwMjAtMTItMDE=",
      "RequestMethod": "DELETE",
      "RequestBody": "",
      "RequestHeaders": {
        "x-ms-client-request-id": [
          "c8111e6d-74ce-47be-a3c3-2b834049db84"
        ],
        "Accept-Language": [
          "en-US"
        ],
        "User-Agent": [
          "FxVersion/4.6.29321.03",
          "OSName/Windows",
          "OSVersion/Microsoft.Windows.10.0.19042.",
          "Microsoft.Azure.Management.Compute.ComputeManagementClient/39.0.0.0"
        ]
      },
      "ResponseHeaders": {
        "Cache-Control": [
          "no-cache"
        ],
        "Pragma": [
          "no-cache"
        ],
        "Location": [
          "https://management.azure.com/subscriptions/5393f919-a68a-43d0-9063-4b2bda6bffdf/providers/Microsoft.Compute/locations/EastUS2EUAP/operations/3b79d32e-fa5b-44b5-b99a-2b7af9eec87d?monitor=true&api-version=2020-12-01"
        ],
        "Azure-AsyncOperation": [
          "https://management.azure.com/subscriptions/5393f919-a68a-43d0-9063-4b2bda6bffdf/providers/Microsoft.Compute/locations/EastUS2EUAP/operations/3b79d32e-fa5b-44b5-b99a-2b7af9eec87d?api-version=2020-12-01"
        ],
        "Azure-AsyncNotification": [
          "Enabled"
        ],
        "x-ms-ratelimit-remaining-resource": [
          "Microsoft.Compute/DeleteImages3Min;119,Microsoft.Compute/DeleteImages30Min;599"
        ],
        "Strict-Transport-Security": [
          "max-age=31536000; includeSubDomains"
        ],
        "x-ms-request-id": [
          "3b79d32e-fa5b-44b5-b99a-2b7af9eec87d"
        ],
        "Server": [
          "Microsoft-HTTPAPI/2.0",
          "Microsoft-HTTPAPI/2.0"
        ],
        "x-ms-ratelimit-remaining-subscription-deletes": [
          "14999"
        ],
        "x-ms-correlation-request-id": [
          "577da3cf-b1a3-420e-a71d-ef59a64547e4"
        ],
        "x-ms-routing-request-id": [
          "WESTUS2:20201214T044145Z:577da3cf-b1a3-420e-a71d-ef59a64547e4"
        ],
        "X-Content-Type-Options": [
          "nosniff"
        ],
        "Date": [
          "Mon, 14 Dec 2020 04:41:45 GMT"
        ],
        "Expires": [
          "-1"
        ],
        "Content-Length": [
          "0"
        ]
      },
      "ResponseBody": "",
      "StatusCode": 202
    },
    {
      "RequestUri": "/subscriptions/5393f919-a68a-43d0-9063-4b2bda6bffdf/providers/Microsoft.Compute/locations/EastUS2EUAP/operations/3b79d32e-fa5b-44b5-b99a-2b7af9eec87d?api-version=2020-12-01",
      "EncodedRequestUri": "L3N1YnNjcmlwdGlvbnMvNTM5M2Y5MTktYTY4YS00M2QwLTkwNjMtNGIyYmRhNmJmZmRmL3Byb3ZpZGVycy9NaWNyb3NvZnQuQ29tcHV0ZS9sb2NhdGlvbnMvRWFzdFVTMkVVQVAvb3BlcmF0aW9ucy8zYjc5ZDMyZS1mYTViLTQ0YjUtYjk5YS0yYjdhZjllZWM4N2Q/YXBpLXZlcnNpb249MjAyMC0xMi0wMQ==",
      "RequestMethod": "GET",
      "RequestBody": "",
      "RequestHeaders": {
        "User-Agent": [
          "FxVersion/4.6.29321.03",
          "OSName/Windows",
          "OSVersion/Microsoft.Windows.10.0.19042.",
          "Microsoft.Azure.Management.Compute.ComputeManagementClient/39.0.0.0"
        ]
      },
      "ResponseHeaders": {
        "Cache-Control": [
          "no-cache"
        ],
        "Pragma": [
          "no-cache"
        ],
        "x-ms-ratelimit-remaining-resource": [
          "Microsoft.Compute/GetOperation3Min;14993,Microsoft.Compute/GetOperation30Min;29990"
        ],
        "Strict-Transport-Security": [
          "max-age=31536000; includeSubDomains"
        ],
        "x-ms-request-id": [
          "3081c711-806d-4379-9dfb-a333fa539828"
        ],
        "Server": [
          "Microsoft-HTTPAPI/2.0",
          "Microsoft-HTTPAPI/2.0"
        ],
        "x-ms-ratelimit-remaining-subscription-reads": [
          "11987"
        ],
        "x-ms-correlation-request-id": [
          "25a92753-c710-4c37-97fa-b034ccc5fdf5"
        ],
        "x-ms-routing-request-id": [
          "WESTUS2:20201214T044216Z:25a92753-c710-4c37-97fa-b034ccc5fdf5"
        ],
        "X-Content-Type-Options": [
          "nosniff"
        ],
        "Date": [
          "Mon, 14 Dec 2020 04:42:15 GMT"
        ],
        "Content-Length": [
          "184"
        ],
        "Content-Type": [
          "application/json; charset=utf-8"
        ],
        "Expires": [
          "-1"
        ]
      },
      "ResponseBody": "{\r\n  \"startTime\": \"2020-12-13T20:41:45.8278988-08:00\",\r\n  \"endTime\": \"2020-12-13T20:41:50.9578872-08:00\",\r\n  \"status\": \"Succeeded\",\r\n  \"name\": \"3b79d32e-fa5b-44b5-b99a-2b7af9eec87d\"\r\n}",
      "StatusCode": 200
    },
    {
      "RequestUri": "/subscriptions/5393f919-a68a-43d0-9063-4b2bda6bffdf/providers/Microsoft.Compute/locations/EastUS2EUAP/operations/3b79d32e-fa5b-44b5-b99a-2b7af9eec87d?monitor=true&api-version=2020-12-01",
      "EncodedRequestUri": "L3N1YnNjcmlwdGlvbnMvNTM5M2Y5MTktYTY4YS00M2QwLTkwNjMtNGIyYmRhNmJmZmRmL3Byb3ZpZGVycy9NaWNyb3NvZnQuQ29tcHV0ZS9sb2NhdGlvbnMvRWFzdFVTMkVVQVAvb3BlcmF0aW9ucy8zYjc5ZDMyZS1mYTViLTQ0YjUtYjk5YS0yYjdhZjllZWM4N2Q/bW9uaXRvcj10cnVlJmFwaS12ZXJzaW9uPTIwMjAtMTItMDE=",
      "RequestMethod": "GET",
      "RequestBody": "",
      "RequestHeaders": {
        "User-Agent": [
          "FxVersion/4.6.29321.03",
          "OSName/Windows",
          "OSVersion/Microsoft.Windows.10.0.19042.",
          "Microsoft.Azure.Management.Compute.ComputeManagementClient/39.0.0.0"
        ]
      },
      "ResponseHeaders": {
        "Cache-Control": [
          "no-cache"
        ],
        "Pragma": [
          "no-cache"
        ],
        "x-ms-ratelimit-remaining-resource": [
          "Microsoft.Compute/GetOperation3Min;14992,Microsoft.Compute/GetOperation30Min;29989"
        ],
        "Strict-Transport-Security": [
          "max-age=31536000; includeSubDomains"
        ],
        "x-ms-request-id": [
          "2d71bb57-2d72-4dc5-b919-abf48c566635"
        ],
        "Server": [
          "Microsoft-HTTPAPI/2.0",
          "Microsoft-HTTPAPI/2.0"
        ],
        "x-ms-ratelimit-remaining-subscription-reads": [
          "11986"
        ],
        "x-ms-correlation-request-id": [
          "25ad9555-9471-44b1-abea-b4409e272612"
        ],
        "x-ms-routing-request-id": [
          "WESTUS2:20201214T044216Z:25ad9555-9471-44b1-abea-b4409e272612"
        ],
        "X-Content-Type-Options": [
          "nosniff"
        ],
        "Date": [
          "Mon, 14 Dec 2020 04:42:15 GMT"
        ],
        "Expires": [
          "-1"
        ],
        "Content-Length": [
          "0"
        ]
      },
      "ResponseBody": "",
      "StatusCode": 200
    },
    {
      "RequestUri": "/subscriptions/5393f919-a68a-43d0-9063-4b2bda6bffdf/resourceGroups/crptestar1022/providers/Microsoft.Compute/virtualMachines/vm3883?api-version=2020-12-01",
      "EncodedRequestUri": "L3N1YnNjcmlwdGlvbnMvNTM5M2Y5MTktYTY4YS00M2QwLTkwNjMtNGIyYmRhNmJmZmRmL3Jlc291cmNlR3JvdXBzL2NycHRlc3RhcjEwMjIvcHJvdmlkZXJzL01pY3Jvc29mdC5Db21wdXRlL3ZpcnR1YWxNYWNoaW5lcy92bTM4ODM/YXBpLXZlcnNpb249MjAyMC0xMi0wMQ==",
      "RequestMethod": "DELETE",
      "RequestBody": "",
      "RequestHeaders": {
        "x-ms-client-request-id": [
          "e1127db8-4510-47a9-8b8f-df63eefb2c70"
        ],
        "Accept-Language": [
          "en-US"
        ],
        "User-Agent": [
          "FxVersion/4.6.29321.03",
          "OSName/Windows",
          "OSVersion/Microsoft.Windows.10.0.19042.",
          "Microsoft.Azure.Management.Compute.ComputeManagementClient/39.0.0.0"
        ]
      },
      "ResponseHeaders": {
        "Cache-Control": [
          "no-cache"
        ],
        "Pragma": [
          "no-cache"
        ],
        "Location": [
          "https://management.azure.com/subscriptions/5393f919-a68a-43d0-9063-4b2bda6bffdf/providers/Microsoft.Compute/locations/EastUS2EUAP/operations/b861496c-fb56-4d13-8ed8-d7fea3388435?monitor=true&api-version=2020-12-01"
        ],
        "Retry-After": [
          "10"
        ],
        "Azure-AsyncOperation": [
          "https://management.azure.com/subscriptions/5393f919-a68a-43d0-9063-4b2bda6bffdf/providers/Microsoft.Compute/locations/EastUS2EUAP/operations/b861496c-fb56-4d13-8ed8-d7fea3388435?api-version=2020-12-01"
        ],
        "Azure-AsyncNotification": [
          "Enabled"
        ],
        "x-ms-ratelimit-remaining-resource": [
          "Microsoft.Compute/DeleteVM3Min;239,Microsoft.Compute/DeleteVM30Min;1199"
        ],
        "Strict-Transport-Security": [
          "max-age=31536000; includeSubDomains"
        ],
        "x-ms-request-id": [
          "b861496c-fb56-4d13-8ed8-d7fea3388435"
        ],
        "Server": [
          "Microsoft-HTTPAPI/2.0",
          "Microsoft-HTTPAPI/2.0"
        ],
        "x-ms-ratelimit-remaining-subscription-deletes": [
          "14998"
        ],
        "x-ms-correlation-request-id": [
          "7093ba69-5bc5-4f20-98ac-123ec7754f44"
        ],
        "x-ms-routing-request-id": [
          "WESTUS2:20201214T044216Z:7093ba69-5bc5-4f20-98ac-123ec7754f44"
        ],
        "X-Content-Type-Options": [
          "nosniff"
        ],
        "Date": [
          "Mon, 14 Dec 2020 04:42:15 GMT"
        ],
        "Expires": [
          "-1"
        ],
        "Content-Length": [
          "0"
        ]
      },
      "ResponseBody": "",
      "StatusCode": 202
    },
    {
      "RequestUri": "/subscriptions/5393f919-a68a-43d0-9063-4b2bda6bffdf/providers/Microsoft.Compute/locations/EastUS2EUAP/operations/b861496c-fb56-4d13-8ed8-d7fea3388435?api-version=2020-12-01",
      "EncodedRequestUri": "L3N1YnNjcmlwdGlvbnMvNTM5M2Y5MTktYTY4YS00M2QwLTkwNjMtNGIyYmRhNmJmZmRmL3Byb3ZpZGVycy9NaWNyb3NvZnQuQ29tcHV0ZS9sb2NhdGlvbnMvRWFzdFVTMkVVQVAvb3BlcmF0aW9ucy9iODYxNDk2Yy1mYjU2LTRkMTMtOGVkOC1kN2ZlYTMzODg0MzU/YXBpLXZlcnNpb249MjAyMC0xMi0wMQ==",
      "RequestMethod": "GET",
      "RequestBody": "",
      "RequestHeaders": {
        "User-Agent": [
          "FxVersion/4.6.29321.03",
          "OSName/Windows",
          "OSVersion/Microsoft.Windows.10.0.19042.",
          "Microsoft.Azure.Management.Compute.ComputeManagementClient/39.0.0.0"
        ]
      },
      "ResponseHeaders": {
        "Cache-Control": [
          "no-cache"
        ],
        "Pragma": [
          "no-cache"
        ],
        "Retry-After": [
          "30"
        ],
        "x-ms-ratelimit-remaining-resource": [
          "Microsoft.Compute/GetOperation3Min;14991,Microsoft.Compute/GetOperation30Min;29988"
        ],
        "Strict-Transport-Security": [
          "max-age=31536000; includeSubDomains"
        ],
        "x-ms-request-id": [
          "b383a37a-2f70-4035-927c-afca50d8cb11"
        ],
        "Server": [
          "Microsoft-HTTPAPI/2.0",
          "Microsoft-HTTPAPI/2.0"
        ],
        "x-ms-ratelimit-remaining-subscription-reads": [
          "11985"
        ],
        "x-ms-correlation-request-id": [
          "48be8da9-f3f3-4cbe-a38e-1983cfefae9c"
        ],
        "x-ms-routing-request-id": [
          "WESTUS2:20201214T044226Z:48be8da9-f3f3-4cbe-a38e-1983cfefae9c"
        ],
        "X-Content-Type-Options": [
          "nosniff"
        ],
        "Date": [
          "Mon, 14 Dec 2020 04:42:25 GMT"
        ],
        "Content-Length": [
          "134"
        ],
        "Content-Type": [
          "application/json; charset=utf-8"
        ],
        "Expires": [
          "-1"
        ]
      },
      "ResponseBody": "{\r\n  \"startTime\": \"2020-12-13T20:42:16.5129321-08:00\",\r\n  \"status\": \"InProgress\",\r\n  \"name\": \"b861496c-fb56-4d13-8ed8-d7fea3388435\"\r\n}",
      "StatusCode": 200
    },
    {
      "RequestUri": "/subscriptions/5393f919-a68a-43d0-9063-4b2bda6bffdf/providers/Microsoft.Compute/locations/EastUS2EUAP/operations/b861496c-fb56-4d13-8ed8-d7fea3388435?api-version=2020-12-01",
      "EncodedRequestUri": "L3N1YnNjcmlwdGlvbnMvNTM5M2Y5MTktYTY4YS00M2QwLTkwNjMtNGIyYmRhNmJmZmRmL3Byb3ZpZGVycy9NaWNyb3NvZnQuQ29tcHV0ZS9sb2NhdGlvbnMvRWFzdFVTMkVVQVAvb3BlcmF0aW9ucy9iODYxNDk2Yy1mYjU2LTRkMTMtOGVkOC1kN2ZlYTMzODg0MzU/YXBpLXZlcnNpb249MjAyMC0xMi0wMQ==",
      "RequestMethod": "GET",
      "RequestBody": "",
      "RequestHeaders": {
        "User-Agent": [
          "FxVersion/4.6.29321.03",
          "OSName/Windows",
          "OSVersion/Microsoft.Windows.10.0.19042.",
          "Microsoft.Azure.Management.Compute.ComputeManagementClient/39.0.0.0"
        ]
      },
      "ResponseHeaders": {
        "Cache-Control": [
          "no-cache"
        ],
        "Pragma": [
          "no-cache"
        ],
        "x-ms-ratelimit-remaining-resource": [
          "Microsoft.Compute/GetOperation3Min;14990,Microsoft.Compute/GetOperation30Min;29986"
        ],
        "Strict-Transport-Security": [
          "max-age=31536000; includeSubDomains"
        ],
        "x-ms-request-id": [
          "1b7285e8-d260-43e0-9fb6-da826926fc16"
        ],
        "Server": [
          "Microsoft-HTTPAPI/2.0",
          "Microsoft-HTTPAPI/2.0"
        ],
        "x-ms-ratelimit-remaining-subscription-reads": [
          "11984"
        ],
        "x-ms-correlation-request-id": [
          "9c928ac2-3874-4cfb-a7e8-2ba4add5a682"
        ],
        "x-ms-routing-request-id": [
          "WESTUS2:20201214T044256Z:9c928ac2-3874-4cfb-a7e8-2ba4add5a682"
        ],
        "X-Content-Type-Options": [
          "nosniff"
        ],
        "Date": [
          "Mon, 14 Dec 2020 04:42:56 GMT"
        ],
        "Content-Length": [
          "184"
        ],
        "Content-Type": [
          "application/json; charset=utf-8"
        ],
        "Expires": [
          "-1"
        ]
      },
      "ResponseBody": "{\r\n  \"startTime\": \"2020-12-13T20:42:16.5129321-08:00\",\r\n  \"endTime\": \"2020-12-13T20:42:39.3179909-08:00\",\r\n  \"status\": \"Succeeded\",\r\n  \"name\": \"b861496c-fb56-4d13-8ed8-d7fea3388435\"\r\n}",
      "StatusCode": 200
    },
    {
      "RequestUri": "/subscriptions/5393f919-a68a-43d0-9063-4b2bda6bffdf/providers/Microsoft.Compute/locations/EastUS2EUAP/operations/b861496c-fb56-4d13-8ed8-d7fea3388435?monitor=true&api-version=2020-12-01",
      "EncodedRequestUri": "L3N1YnNjcmlwdGlvbnMvNTM5M2Y5MTktYTY4YS00M2QwLTkwNjMtNGIyYmRhNmJmZmRmL3Byb3ZpZGVycy9NaWNyb3NvZnQuQ29tcHV0ZS9sb2NhdGlvbnMvRWFzdFVTMkVVQVAvb3BlcmF0aW9ucy9iODYxNDk2Yy1mYjU2LTRkMTMtOGVkOC1kN2ZlYTMzODg0MzU/bW9uaXRvcj10cnVlJmFwaS12ZXJzaW9uPTIwMjAtMTItMDE=",
      "RequestMethod": "GET",
      "RequestBody": "",
      "RequestHeaders": {
        "User-Agent": [
          "FxVersion/4.6.29321.03",
          "OSName/Windows",
          "OSVersion/Microsoft.Windows.10.0.19042.",
          "Microsoft.Azure.Management.Compute.ComputeManagementClient/39.0.0.0"
        ]
      },
      "ResponseHeaders": {
        "Cache-Control": [
          "no-cache"
        ],
        "Pragma": [
          "no-cache"
        ],
        "x-ms-ratelimit-remaining-resource": [
          "Microsoft.Compute/GetOperation3Min;14989,Microsoft.Compute/GetOperation30Min;29985"
        ],
        "Strict-Transport-Security": [
          "max-age=31536000; includeSubDomains"
        ],
        "x-ms-request-id": [
          "6665e31c-66ff-46df-a6ac-dec918760dd9"
        ],
        "Server": [
          "Microsoft-HTTPAPI/2.0",
          "Microsoft-HTTPAPI/2.0"
        ],
        "x-ms-ratelimit-remaining-subscription-reads": [
          "11983"
        ],
        "x-ms-correlation-request-id": [
          "b5e9cb29-1549-4471-b8af-bec3db3297f0"
        ],
        "x-ms-routing-request-id": [
          "WESTUS2:20201214T044257Z:b5e9cb29-1549-4471-b8af-bec3db3297f0"
        ],
        "X-Content-Type-Options": [
          "nosniff"
        ],
        "Date": [
          "Mon, 14 Dec 2020 04:42:56 GMT"
        ],
        "Expires": [
          "-1"
        ],
        "Content-Length": [
          "0"
        ]
      },
      "ResponseBody": "",
      "StatusCode": 200
    },
    {
      "RequestUri": "/subscriptions/5393f919-a68a-43d0-9063-4b2bda6bffdf/resourcegroups/crptestar1022?api-version=2017-05-10",
      "EncodedRequestUri": "L3N1YnNjcmlwdGlvbnMvNTM5M2Y5MTktYTY4YS00M2QwLTkwNjMtNGIyYmRhNmJmZmRmL3Jlc291cmNlZ3JvdXBzL2NycHRlc3RhcjEwMjI/YXBpLXZlcnNpb249MjAxNy0wNS0xMA==",
      "RequestMethod": "DELETE",
      "RequestBody": "",
      "RequestHeaders": {
        "x-ms-client-request-id": [
          "431068ba-a805-4ea5-9ccf-d0344ec1951a"
        ],
        "Accept-Language": [
          "en-US"
        ],
        "User-Agent": [
          "FxVersion/4.6.29321.03",
          "OSName/Windows",
          "OSVersion/Microsoft.Windows.10.0.19042.",
          "Microsoft.Azure.Management.ResourceManager.ResourceManagementClient/1.6.0.0"
        ]
      },
      "ResponseHeaders": {
        "Cache-Control": [
          "no-cache"
        ],
        "Pragma": [
          "no-cache"
        ],
        "Location": [
          "https://management.azure.com/subscriptions/5393f919-a68a-43d0-9063-4b2bda6bffdf/operationresults/eyJqb2JJZCI6IlJFU09VUkNFR1JPVVBERUxFVElPTkpPQi1DUlBURVNUQVIxMDIyLUVBU1RVUzJFVUFQIiwiam9iTG9jYXRpb24iOiJlYXN0dXMyZXVhcCJ9?api-version=2017-05-10"
        ],
        "Retry-After": [
          "15"
        ],
        "x-ms-ratelimit-remaining-subscription-deletes": [
          "14999"
        ],
        "x-ms-request-id": [
          "9e0105ba-ff43-4097-a3bc-34e76b5fecb0"
        ],
        "x-ms-correlation-request-id": [
          "9e0105ba-ff43-4097-a3bc-34e76b5fecb0"
        ],
        "x-ms-routing-request-id": [
          "WESTUS2:20201214T044258Z:9e0105ba-ff43-4097-a3bc-34e76b5fecb0"
        ],
        "Strict-Transport-Security": [
          "max-age=31536000; includeSubDomains"
        ],
        "X-Content-Type-Options": [
          "nosniff"
        ],
        "Date": [
          "Mon, 14 Dec 2020 04:42:58 GMT"
        ],
        "Expires": [
          "-1"
        ],
        "Content-Length": [
          "0"
        ]
      },
      "ResponseBody": "",
      "StatusCode": 202
    }
  ],
  "Names": {
    "CreateImageTestHelper": [
      "crptestar1022",
      "imageTest5635",
      "crptestar9888",
      "as2750"
    ],
    "CreateVM": [
      "deployment9101"
    ],
    "CreateDefaultVMInput": [
      "crptestar4431",
      "crptestar3226",
      "crptestar2477",
      "vm3883",
      "Microsoft.Compute/virtualMachines2492"
    ]
  },
  "Variables": {
    "SubscriptionId": "5393f919-a68a-43d0-9063-4b2bda6bffdf"
  }
}