{
  "Entries": [
    {
      "RequestUri": "http://amandaadlscanary2.blob.core.windows.net/test-filesystem-9cb647dd-f74b-784f-51e0-e58d53943125?restype=container",
      "RequestMethod": "PUT",
      "RequestHeaders": {
        "Authorization": "Sanitized",
        "traceparent": "00-9900c5174878df408df7469972b2d679-2fa85d447712f548-00",
        "User-Agent": [
          "azsdk-net-Storage.Files.DataLake/12.5.0-alpha.20201029.1",
          "(.NET Core 4.6.29220.03; Microsoft Windows 10.0.19042 )"
        ],
        "x-ms-blob-public-access": "container",
        "x-ms-client-request-id": "a2d11194-d6bc-a093-15d0-082d65d699c6",
        "x-ms-date": "Thu, 29 Oct 2020 21:25:32 GMT",
        "x-ms-return-client-request-id": "true",
        "x-ms-version": "2020-04-08"
      },
      "RequestBody": null,
      "StatusCode": 201,
      "ResponseHeaders": {
        "Content-Length": "0",
        "Date": "Thu, 29 Oct 2020 21:25:31 GMT",
        "ETag": "\u00220x8D87C512AEA3D56\u0022",
        "Last-Modified": "Thu, 29 Oct 2020 21:25:32 GMT",
        "Server": [
          "Windows-Azure-Blob/1.0",
          "Microsoft-HTTPAPI/2.0"
        ],
        "x-ms-client-request-id": "a2d11194-d6bc-a093-15d0-082d65d699c6",
        "x-ms-request-id": "627409e6-301e-0032-473a-aef656000000",
        "x-ms-version": "2020-04-08"
      },
      "ResponseBody": []
    },
    {
      "RequestUri": "http://amandaadlscanary2.blob.core.windows.net/test-filesystem-9cb647dd-f74b-784f-51e0-e58d53943125?restype=container",
      "RequestMethod": "GET",
      "RequestHeaders": {
        "Authorization": "Sanitized",
        "traceparent": "00-79f7b10447c20d46adbb113fded7bde2-a5adbf1364cd9b49-00",
        "User-Agent": [
          "azsdk-net-Storage.Files.DataLake/12.5.0-alpha.20201029.1",
          "(.NET Core 4.6.29220.03; Microsoft Windows 10.0.19042 )"
        ],
        "x-ms-client-request-id": "41f8e213-8fc2-0668-f5bd-501fa4ffce7a",
        "x-ms-date": "Thu, 29 Oct 2020 21:25:32 GMT",
        "x-ms-return-client-request-id": "true",
        "x-ms-version": "2020-04-08"
      },
      "RequestBody": null,
      "StatusCode": 200,
      "ResponseHeaders": {
        "Content-Length": "0",
        "Date": "Thu, 29 Oct 2020 21:25:32 GMT",
        "ETag": "\u00220x8D87C512AEA3D56\u0022",
        "Last-Modified": "Thu, 29 Oct 2020 21:25:32 GMT",
        "Server": [
          "Windows-Azure-Blob/1.0",
          "Microsoft-HTTPAPI/2.0"
        ],
        "x-ms-blob-public-access": "container",
        "x-ms-client-request-id": "41f8e213-8fc2-0668-f5bd-501fa4ffce7a",
        "x-ms-default-encryption-scope": "$account-encryption-key",
        "x-ms-deny-encryption-scope-override": "false",
        "x-ms-has-immutability-policy": "false",
        "x-ms-has-legal-hold": "false",
        "x-ms-lease-state": "available",
        "x-ms-lease-status": "unlocked",
        "x-ms-request-id": "627409f2-301e-0032-4f3a-aef656000000",
        "x-ms-version": "2020-04-08"
      },
      "ResponseBody": []
    },
    {
      "RequestUri": "http://amandaadlscanary2.blob.core.windows.net/test-filesystem-9cb647dd-f74b-784f-51e0-e58d53943125?sv=2020-04-08\u0026ss=b\u0026srt=sco\u0026st=2020-10-29T20%3A25%3A32Z\u0026se=2020-10-29T22%3A25%3A32Z\u0026sp=rwdxlact\u0026sig=Sanitized\u0026restype=container",
      "RequestMethod": "GET",
      "RequestHeaders": {
        "traceparent": "00-7932f647c0e5d040b393af017fe12384-a58dace7c1ee3448-00",
        "User-Agent": [
          "azsdk-net-Storage.Files.DataLake/12.5.0-alpha.20201029.1",
          "(.NET Core 4.6.29220.03; Microsoft Windows 10.0.19042 )"
        ],
        "x-ms-client-request-id": "8319713c-57dd-9604-c3ba-121c28f18c1b",
        "x-ms-return-client-request-id": "true",
        "x-ms-version": "2020-04-08"
      },
      "RequestBody": null,
      "StatusCode": 200,
      "ResponseHeaders": {
        "Content-Length": "0",
        "Date": "Thu, 29 Oct 2020 21:25:32 GMT",
        "ETag": "\u00220x8D87C512AEA3D56\u0022",
        "Last-Modified": "Thu, 29 Oct 2020 21:25:32 GMT",
        "Server": [
          "Windows-Azure-Blob/1.0",
          "Microsoft-HTTPAPI/2.0"
        ],
        "x-ms-blob-public-access": "container",
        "x-ms-client-request-id": "8319713c-57dd-9604-c3ba-121c28f18c1b",
        "x-ms-default-encryption-scope": "$account-encryption-key",
        "x-ms-deny-encryption-scope-override": "false",
        "x-ms-has-immutability-policy": "false",
        "x-ms-has-legal-hold": "false",
        "x-ms-lease-state": "available",
        "x-ms-lease-status": "unlocked",
        "x-ms-request-id": "627409fc-301e-0032-573a-aef656000000",
        "x-ms-version": "2020-04-08"
      },
      "ResponseBody": []
    },
    {
      "RequestUri": "http://amandaadlscanary2.blob.core.windows.net/test-filesystem-9cb647dd-f74b-784f-51e0-e58d53943125?restype=container",
      "RequestMethod": "DELETE",
      "RequestHeaders": {
        "Authorization": "Sanitized",
        "traceparent": "00-36666e1f6299f94faa8d11d5dafb8b6e-47f55b4263c57e43-00",
        "User-Agent": [
          "azsdk-net-Storage.Files.DataLake/12.5.0-alpha.20201029.1",
          "(.NET Core 4.6.29220.03; Microsoft Windows 10.0.19042 )"
        ],
        "x-ms-client-request-id": "32e3a49b-4be5-269d-ad2a-f53fb30cf10e",
        "x-ms-date": "Thu, 29 Oct 2020 21:25:32 GMT",
        "x-ms-return-client-request-id": "true",
        "x-ms-version": "2020-04-08"
      },
      "RequestBody": null,
      "StatusCode": 202,
      "ResponseHeaders": {
        "Content-Length": "0",
        "Date": "Thu, 29 Oct 2020 21:25:32 GMT",
        "Server": [
          "Windows-Azure-Blob/1.0",
          "Microsoft-HTTPAPI/2.0"
        ],
        "x-ms-client-request-id": "32e3a49b-4be5-269d-ad2a-f53fb30cf10e",
        "x-ms-request-id": "62740a01-301e-0032-5b3a-aef656000000",
        "x-ms-version": "2020-04-08"
      },
      "ResponseBody": []
    }
  ],
  "Variables": {
    "DateTimeOffsetNow": "2020-10-29T14:25:32.7682985-07:00",
    "RandomSeed": "1816168727",
    "Storage_TestConfigHierarchicalNamespace": "NamespaceTenant\namandaadlscanary2\nU2FuaXRpemVk\nhttp://amandaadlscanary2.blob.core.windows.net\nhttp://amandaadlscanary2.file.core.windows.net\nhttp://amandaadlscanary2.queue.core.windows.net\nhttp://amandaadlscanary2.table.core.windows.net\n\n\n\n\nhttp://amandaadlscanary2-secondary.blob.core.windows.net\nhttp://amandaadlscanary2-secondary.file.core.windows.net\nhttp://amandaadlscanary2-secondary.queue.core.windows.net\n\n68390a19-a643-458b-b726-408abf67b4fc\nSanitized\n72f988bf-86f1-41af-91ab-2d7cd011db47\nhttps://login.microsoftonline.com/\nCloud\nBlobEndpoint=http://amandaadlscanary2.blob.core.windows.net/;QueueEndpoint=http://amandaadlscanary2.queue.core.windows.net/;FileEndpoint=http://amandaadlscanary2.file.core.windows.net/;BlobSecondaryEndpoint=http://amandaadlscanary2-secondary.blob.core.windows.net/;QueueSecondaryEndpoint=http://amandaadlscanary2-secondary.queue.core.windows.net/;FileSecondaryEndpoint=http://amandaadlscanary2-secondary.file.core.windows.net/;AccountName=amandaadlscanary2;AccountKey=Sanitized\n"
  }
}
