{
  "Entries": [
    {
      "RequestUri": "https://amandaadlscanary2.blob.core.windows.net/test-filesystem-a7b05895-a6e8-4c33-f5fc-31f452aea713?restype=container",
      "RequestMethod": "PUT",
      "RequestHeaders": {
        "Authorization": "Sanitized",
        "traceparent": "00-7f093980aa55244bb2097d192a60eb1f-4ca5298a3e53cc40-00",
        "User-Agent": [
          "azsdk-net-Storage.Files.DataLake/12.5.0-dev.20200901.1",
          "(.NET Core 4.6.29130.01; Microsoft Windows 10.0.19041 )"
        ],
        "x-ms-blob-public-access": "container",
        "x-ms-client-request-id": "694d4f2b-6c7c-229a-1241-3f104c1a0557",
        "x-ms-return-client-request-id": "true",
        "x-ms-version": "2020-04-08"
      },
      "RequestBody": null,
      "StatusCode": 201,
      "ResponseHeaders": {
        "Content-Length": "0",
        "Date": "Tue, 01 Sep 2020 21:31:38 GMT",
        "ETag": "\u00220x8D84EBE696D3CEF\u0022",
        "Last-Modified": "Tue, 01 Sep 2020 21:31:39 GMT",
        "Server": [
          "Windows-Azure-Blob/1.0",
          "Microsoft-HTTPAPI/2.0"
        ],
        "x-ms-client-request-id": "694d4f2b-6c7c-229a-1241-3f104c1a0557",
        "x-ms-request-id": "3c22a073-c01e-006b-45a7-8071d5000000",
        "x-ms-version": "2020-04-08"
      },
      "ResponseBody": []
    },
    {
      "RequestUri": "https://amandaadlscanary2.dfs.core.windows.net/test-filesystem-a7b05895-a6e8-4c33-f5fc-31f452aea713/test-directory-530b1c72-734d-6e46-67d8-5919479ef61b?resource=directory",
      "RequestMethod": "PUT",
      "RequestHeaders": {
        "Authorization": "Sanitized",
        "traceparent": "00-30ac3ad5e78942428c8e5a1316ee9db2-86fe36ef69e06145-00",
        "User-Agent": [
          "azsdk-net-Storage.Files.DataLake/12.5.0-dev.20200901.1",
          "(.NET Core 4.6.29130.01; Microsoft Windows 10.0.19041 )"
        ],
        "x-ms-client-request-id": "f8edf07f-8d51-729e-b2ab-6672d05d2db9",
        "x-ms-return-client-request-id": "true",
        "x-ms-version": "2020-04-08"
      },
      "RequestBody": null,
      "StatusCode": 201,
      "ResponseHeaders": {
        "Content-Length": "0",
        "Date": "Tue, 01 Sep 2020 21:31:39 GMT",
        "ETag": "\u00220x8D84EBE69A1B6EB\u0022",
        "Last-Modified": "Tue, 01 Sep 2020 21:31:39 GMT",
        "Server": [
          "Windows-Azure-HDFS/1.0",
          "Microsoft-HTTPAPI/2.0"
        ],
        "x-ms-client-request-id": "f8edf07f-8d51-729e-b2ab-6672d05d2db9",
        "x-ms-request-id": "a47d980f-a01f-0030-6ba7-8048ee000000",
        "x-ms-version": "2020-04-08"
      },
      "ResponseBody": []
    },
    {
      "RequestUri": "https://amandaadlscanary2.dfs.core.windows.net/test-filesystem-a7b05895-a6e8-4c33-f5fc-31f452aea713/test-directory-530b1c72-734d-6e46-67d8-5919479ef61b/test-file-95164c28-531b-fc88-efea-baebec7a53e8?resource=file",
      "RequestMethod": "PUT",
      "RequestHeaders": {
        "Authorization": "Sanitized",
        "User-Agent": [
          "azsdk-net-Storage.Files.DataLake/12.5.0-dev.20200901.1",
          "(.NET Core 4.6.29130.01; Microsoft Windows 10.0.19041 )"
        ],
        "x-ms-client-request-id": "82f8c563-2d12-2c1c-68f0-0866d2b28538",
        "x-ms-return-client-request-id": "true",
        "x-ms-version": "2020-04-08"
      },
      "RequestBody": null,
      "StatusCode": 201,
      "ResponseHeaders": {
        "Content-Length": "0",
        "Date": "Tue, 01 Sep 2020 21:31:39 GMT",
        "ETag": "\u00220x8D84EBE69AF255D\u0022",
        "Last-Modified": "Tue, 01 Sep 2020 21:31:39 GMT",
        "Server": [
          "Windows-Azure-HDFS/1.0",
          "Microsoft-HTTPAPI/2.0"
        ],
        "x-ms-client-request-id": "82f8c563-2d12-2c1c-68f0-0866d2b28538",
        "x-ms-request-id": "a47d9810-a01f-0030-6ca7-8048ee000000",
        "x-ms-version": "2020-04-08"
      },
      "ResponseBody": []
    },
    {
      "RequestUri": "https://amandaadlscanary2.blob.core.windows.net/?restype=service\u0026comp=userdelegationkey",
      "RequestMethod": "POST",
      "RequestHeaders": {
        "Authorization": "Sanitized",
        "Content-Length": "56",
        "Content-Type": "application/xml",
        "traceparent": "00-3536df045cc87244b86a444ef9720cb1-c13019544b60214b-00",
        "User-Agent": [
          "azsdk-net-Storage.Files.DataLake/12.5.0-dev.20200901.1",
          "(.NET Core 4.6.29130.01; Microsoft Windows 10.0.19041 )"
        ],
        "x-ms-client-request-id": "26876958-d182-52d5-eb63-f33c049ea6c5",
        "x-ms-return-client-request-id": "true",
        "x-ms-version": "2020-04-08"
      },
      "RequestBody": "\u003CKeyInfo\u003E\u003CExpiry\u003E2020-09-01T22:31:39Z\u003C/Expiry\u003E\u003C/KeyInfo\u003E",
      "StatusCode": 200,
      "ResponseHeaders": {
        "Content-Type": "application/xml",
        "Date": "Tue, 01 Sep 2020 21:31:38 GMT",
        "Server": [
          "Windows-Azure-Blob/1.0",
          "Microsoft-HTTPAPI/2.0"
        ],
        "Transfer-Encoding": "chunked",
        "x-ms-client-request-id": "26876958-d182-52d5-eb63-f33c049ea6c5",
        "x-ms-request-id": "3c22a0c5-c01e-006b-06a7-8071d5000000",
        "x-ms-version": "2020-04-08"
      },
      "ResponseBody": "\uFEFF\u003C?xml version=\u00221.0\u0022 encoding=\u0022utf-8\u0022?\u003E\u003CUserDelegationKey\u003E\u003CSignedOid\u003Ec4f48289-bb84-4086-b250-6f94a8f64cee\u003C/SignedOid\u003E\u003CSignedTid\u003E72f988bf-86f1-41af-91ab-2d7cd011db47\u003C/SignedTid\u003E\u003CSignedStart\u003E2020-09-01T21:31:39Z\u003C/SignedStart\u003E\u003CSignedExpiry\u003E2020-09-01T22:31:39Z\u003C/SignedExpiry\u003E\u003CSignedService\u003Eb\u003C/SignedService\u003E\u003CSignedVersion\u003E2020-02-10\u003C/SignedVersion\u003E\u003CValue\u003EwqCLPCNkCZvrod4DuFtu//ReYk1ZnBMK\u002BFK51KgS5vs=\u003C/Value\u003E\u003C/UserDelegationKey\u003E"
    },
    {
      "RequestUri": "https://amandaadlscanary2.dfs.core.windows.net/test-filesystem-a7b05895-a6e8-4c33-f5fc-31f452aea713?skoid=c4f48289-bb84-4086-b250-6f94a8f64cee\u0026sktid=72f988bf-86f1-41af-91ab-2d7cd011db47\u0026skt=2020-09-01T21%3A31%3A39Z\u0026ske=2020-09-01T22%3A31%3A39Z\u0026sks=b\u0026skv=2020-02-10\u0026sv=2020-04-08\u0026st=2020-09-01T20%3A31%3A39Z\u0026se=2020-09-01T22%3A31%3A39Z\u0026sr=d\u0026sp=racwdlmeop\u0026sdd=1\u0026sig=Sanitized\u0026resource=filesystem\u0026recursive=false\u0026directory=test-directory-530b1c72-734d-6e46-67d8-5919479ef61b\u0026upn=false",
      "RequestMethod": "GET",
      "RequestHeaders": {
        "User-Agent": [
          "azsdk-net-Storage.Files.DataLake/12.5.0-dev.20200901.1",
          "(.NET Core 4.6.29130.01; Microsoft Windows 10.0.19041 )"
        ],
        "x-ms-client-request-id": "680e05bd-5e2b-86b6-a8a0-de6add5017a8",
        "x-ms-return-client-request-id": "true",
        "x-ms-version": "2020-04-08"
      },
      "RequestBody": null,
      "StatusCode": 200,
      "ResponseHeaders": {
        "Content-Type": "application/json; charset=utf-8",
        "Date": "Tue, 01 Sep 2020 21:31:39 GMT",
        "Server": [
          "Windows-Azure-HDFS/1.0",
          "Microsoft-HTTPAPI/2.0"
        ],
        "Transfer-Encoding": "chunked",
        "x-ms-client-request-id": "680e05bd-5e2b-86b6-a8a0-de6add5017a8",
        "x-ms-request-id": "326379f9-c01f-00c2-3ba7-80b0a7000000",
        "x-ms-version": "2020-04-08"
      },
      "ResponseBody": [
        "{\u0022paths\u0022:[{\u0022contentLength\u0022:\u00220\u0022,\u0022creationTime\u0022:\u0022132434694996763997\u0022,\u0022etag\u0022:\u00220x8D84EBE69AF255D\u0022,\u0022group\u0022:\u0022c4f48289-bb84-4086-b250-6f94a8f64cee\u0022,\u0022lastModified\u0022:\u0022Tue, 01 Sep 2020 21:31:39 GMT\u0022,\u0022name\u0022:\u0022test-directory-530b1c72-734d-6e46-67d8-5919479ef61b/test-file-95164c28-531b-fc88-efea-baebec7a53e8\u0022,\u0022owner\u0022:\u0022c4f48289-bb84-4086-b250-6f94a8f64cee\u0022,\u0022permissions\u0022:\u0022rw-r-----\u0022}]}\n"
      ]
    },
    {
      "RequestUri": "https://amandaadlscanary2.blob.core.windows.net/test-filesystem-a7b05895-a6e8-4c33-f5fc-31f452aea713?restype=container",
      "RequestMethod": "DELETE",
      "RequestHeaders": {
        "Authorization": "Sanitized",
        "traceparent": "00-2a0012c7f892a34b86ea296203ef0058-86dd64cd3bc9d146-00",
        "User-Agent": [
          "azsdk-net-Storage.Files.DataLake/12.5.0-dev.20200901.1",
          "(.NET Core 4.6.29130.01; Microsoft Windows 10.0.19041 )"
        ],
        "x-ms-client-request-id": "fe7edf37-3d90-bd9a-6455-a358ea18b3e8",
        "x-ms-return-client-request-id": "true",
        "x-ms-version": "2020-04-08"
      },
      "RequestBody": null,
      "StatusCode": 202,
      "ResponseHeaders": {
        "Content-Length": "0",
        "Date": "Tue, 01 Sep 2020 21:31:39 GMT",
        "Server": [
          "Windows-Azure-Blob/1.0",
          "Microsoft-HTTPAPI/2.0"
        ],
        "x-ms-client-request-id": "fe7edf37-3d90-bd9a-6455-a358ea18b3e8",
        "x-ms-request-id": "3c22a103-c01e-006b-3ea7-8071d5000000",
        "x-ms-version": "2020-04-08"
      },
      "ResponseBody": []
    }
  ],
  "Variables": {
    "DateTimeOffsetNow": "2020-09-01T14:31:39.7240233-07:00",
    "RandomSeed": "897668871",
    "Storage_TestConfigHierarchicalNamespace": "NamespaceTenant\namandaadlscanary2\nU2FuaXRpemVk\nhttp://amandaadlscanary2.blob.core.windows.net\nhttp://amandaadlscanary2.file.core.windows.net\nhttp://amandaadlscanary2.queue.core.windows.net\nhttp://amandaadlscanary2.table.core.windows.net\n\n\n\n\nhttp://amandaadlscanary2-secondary.blob.core.windows.net\nhttp://amandaadlscanary2-secondary.file.core.windows.net\nhttp://amandaadlscanary2-secondary.queue.core.windows.net\n\n68390a19-a643-458b-b726-408abf67b4fc\nSanitized\n72f988bf-86f1-41af-91ab-2d7cd011db47\nhttps://login.microsoftonline.com/\nCloud\nBlobEndpoint=http://amandaadlscanary2.blob.core.windows.net/;QueueEndpoint=http://amandaadlscanary2.queue.core.windows.net/;FileEndpoint=http://amandaadlscanary2.file.core.windows.net/;BlobSecondaryEndpoint=http://amandaadlscanary2-secondary.blob.core.windows.net/;QueueSecondaryEndpoint=http://amandaadlscanary2-secondary.queue.core.windows.net/;FileSecondaryEndpoint=http://amandaadlscanary2-secondary.file.core.windows.net/;AccountName=amandaadlscanary2;AccountKey=Sanitized\n"
  }
}