{
  "Entries": [
    {
      "RequestUri": "http://amandaadlscanary2.blob.core.windows.net/test-filesystem-d885fcf1-4bd3-bb72-c380-5c493964337f?restype=container",
      "RequestMethod": "PUT",
      "RequestHeaders": {
        "Authorization": "Sanitized",
        "traceparent": "00-e5286fa31843d446bc78f806d350b130-e56c73ed1a5f5c46-00",
        "User-Agent": [
          "azsdk-net-Storage.Files.DataLake/12.5.0-dev.20200901.1",
          "(.NET Core 4.6.29130.01; Microsoft Windows 10.0.19041 )"
        ],
        "x-ms-blob-public-access": "container",
        "x-ms-client-request-id": "fbb3a346-decc-1b4c-acda-9f011495b750",
        "x-ms-date": "Tue, 01 Sep 2020 21:38:44 GMT",
        "x-ms-return-client-request-id": "true",
        "x-ms-version": "2020-04-08"
      },
      "RequestBody": null,
      "StatusCode": 201,
      "ResponseHeaders": {
        "Content-Length": "0",
        "Date": "Tue, 01 Sep 2020 21:38:44 GMT",
        "ETag": "\u00220x8D84EBF670C7930\u0022",
        "Last-Modified": "Tue, 01 Sep 2020 21:38:44 GMT",
        "Server": [
          "Windows-Azure-Blob/1.0",
          "Microsoft-HTTPAPI/2.0"
        ],
        "x-ms-client-request-id": "fbb3a346-decc-1b4c-acda-9f011495b750",
        "x-ms-request-id": "273e82b5-301e-0050-40a8-803471000000",
        "x-ms-version": "2020-04-08"
      },
      "ResponseBody": []
    },
    {
      "RequestUri": "http://amandaadlscanary2.dfs.core.windows.net/test-filesystem-d885fcf1-4bd3-bb72-c380-5c493964337f?sv=2020-04-08\u0026st=2020-09-01T20%3A38%3A44Z\u0026se=2020-09-01T22%3A38%3A44Z\u0026sr=c\u0026sp=racwdl\u0026sig=Sanitized\u0026resource=filesystem\u0026recursive=false\u0026upn=false",
      "RequestMethod": "GET",
      "RequestHeaders": {
        "User-Agent": [
          "azsdk-net-Storage.Files.DataLake/12.5.0-dev.20200901.1",
          "(.NET Core 4.6.29130.01; Microsoft Windows 10.0.19041 )"
        ],
        "x-ms-client-request-id": "9503e90c-37b1-49b3-beff-6596df3b1489",
        "x-ms-return-client-request-id": "true",
        "x-ms-version": "2020-04-08"
      },
      "RequestBody": null,
      "StatusCode": 200,
      "ResponseHeaders": {
        "Content-Type": "application/json; charset=utf-8",
        "Date": "Tue, 01 Sep 2020 21:38:44 GMT",
        "Server": [
          "Windows-Azure-HDFS/1.0",
          "Microsoft-HTTPAPI/2.0"
        ],
        "Transfer-Encoding": "chunked",
        "x-ms-client-request-id": "9503e90c-37b1-49b3-beff-6596df3b1489",
        "x-ms-request-id": "03c41fbc-901f-0014-57a8-80be4e000000",
        "x-ms-version": "2020-04-08"
      },
      "ResponseBody": [
        "{\u0022paths\u0022:[]}\n"
      ]
    },
    {
      "RequestUri": "http://amandaadlscanary2.blob.core.windows.net/test-filesystem-d885fcf1-4bd3-bb72-c380-5c493964337f?restype=container",
      "RequestMethod": "DELETE",
      "RequestHeaders": {
        "Authorization": "Sanitized",
        "traceparent": "00-7c1dc5cccaa67045a498819d49e3ab2b-a9a4e9a9376b604f-00",
        "User-Agent": [
          "azsdk-net-Storage.Files.DataLake/12.5.0-dev.20200901.1",
          "(.NET Core 4.6.29130.01; Microsoft Windows 10.0.19041 )"
        ],
        "x-ms-client-request-id": "2bf5d26b-2292-409f-acae-2e54bc919383",
        "x-ms-date": "Tue, 01 Sep 2020 21:38:44 GMT",
        "x-ms-return-client-request-id": "true",
        "x-ms-version": "2020-04-08"
      },
      "RequestBody": null,
      "StatusCode": 202,
      "ResponseHeaders": {
        "Content-Length": "0",
        "Date": "Tue, 01 Sep 2020 21:38:44 GMT",
        "Server": [
          "Windows-Azure-Blob/1.0",
          "Microsoft-HTTPAPI/2.0"
        ],
        "x-ms-client-request-id": "2bf5d26b-2292-409f-acae-2e54bc919383",
        "x-ms-request-id": "273e82c1-301e-0050-48a8-803471000000",
        "x-ms-version": "2020-04-08"
      },
      "ResponseBody": []
    }
  ],
  "Variables": {
    "DateTimeOffsetNow": "2020-09-01T14:38:44.8043303-07:00",
    "RandomSeed": "1643639407",
    "Storage_TestConfigHierarchicalNamespace": "NamespaceTenant\namandaadlscanary2\nU2FuaXRpemVk\nhttp://amandaadlscanary2.blob.core.windows.net\nhttp://amandaadlscanary2.file.core.windows.net\nhttp://amandaadlscanary2.queue.core.windows.net\nhttp://amandaadlscanary2.table.core.windows.net\n\n\n\n\nhttp://amandaadlscanary2-secondary.blob.core.windows.net\nhttp://amandaadlscanary2-secondary.file.core.windows.net\nhttp://amandaadlscanary2-secondary.queue.core.windows.net\n\n68390a19-a643-458b-b726-408abf67b4fc\nSanitized\n72f988bf-86f1-41af-91ab-2d7cd011db47\nhttps://login.microsoftonline.com/\nCloud\nBlobEndpoint=http://amandaadlscanary2.blob.core.windows.net/;QueueEndpoint=http://amandaadlscanary2.queue.core.windows.net/;FileEndpoint=http://amandaadlscanary2.file.core.windows.net/;BlobSecondaryEndpoint=http://amandaadlscanary2-secondary.blob.core.windows.net/;QueueSecondaryEndpoint=http://amandaadlscanary2-secondary.queue.core.windows.net/;FileSecondaryEndpoint=http://amandaadlscanary2-secondary.file.core.windows.net/;AccountName=amandaadlscanary2;AccountKey=Sanitized\n"
  }
}