{
  "Entries": [
    {
      "RequestUri": "http://amandaadlscanary2.blob.core.windows.net/test-filesystem-dc1917fe-e043-9423-3c1a-22fb4737a1e7?restype=container",
      "RequestMethod": "PUT",
      "RequestHeaders": {
        "Authorization": "Sanitized",
        "traceparent": "00-cda8cacdec7ef24ea3ba6b0c1a82157e-a7ba42592353764c-00",
        "User-Agent": [
          "azsdk-net-Storage.Files.DataLake/12.5.0-alpha.20201029.1",
          "(.NET Core 4.6.29220.03; Microsoft Windows 10.0.19042 )"
        ],
        "x-ms-blob-public-access": "container",
        "x-ms-client-request-id": "ceddfc19-ba8a-f679-c826-3be0f81bb7f9",
        "x-ms-date": "Thu, 29 Oct 2020 21:29:48 GMT",
        "x-ms-return-client-request-id": "true",
        "x-ms-version": "2020-04-08"
      },
      "RequestBody": null,
      "StatusCode": 201,
      "ResponseHeaders": {
        "Content-Length": "0",
        "Date": "Thu, 29 Oct 2020 21:29:47 GMT",
        "ETag": "\u00220x8D87C51C37C25F9\u0022",
        "Last-Modified": "Thu, 29 Oct 2020 21:29:48 GMT",
        "Server": [
          "Windows-Azure-Blob/1.0",
          "Microsoft-HTTPAPI/2.0"
        ],
        "x-ms-client-request-id": "ceddfc19-ba8a-f679-c826-3be0f81bb7f9",
        "x-ms-request-id": "e994e761-901e-00df-4b3a-aebd1b000000",
        "x-ms-version": "2020-04-08"
      },
      "ResponseBody": []
    },
    {
      "RequestUri": "http://amandaadlscanary2.dfs.core.windows.net/test-filesystem-dc1917fe-e043-9423-3c1a-22fb4737a1e7?sv=2020-04-08\u0026st=2020-10-29T20%3A29%3A48Z\u0026se=2020-10-29T22%3A29%3A48Z\u0026sr=c\u0026sp=racwdlmeop\u0026sig=Sanitized\u0026resource=filesystem\u0026recursive=false\u0026upn=false",
      "RequestMethod": "GET",
      "RequestHeaders": {
        "User-Agent": [
          "azsdk-net-Storage.Files.DataLake/12.5.0-alpha.20201029.1",
          "(.NET Core 4.6.29220.03; Microsoft Windows 10.0.19042 )"
        ],
        "x-ms-client-request-id": "4be2b03c-d35a-535c-3837-822bd4b4605f",
        "x-ms-return-client-request-id": "true",
        "x-ms-version": "2020-04-08"
      },
      "RequestBody": null,
      "StatusCode": 200,
      "ResponseHeaders": {
        "Content-Type": "application/json; charset=utf-8",
        "Date": "Thu, 29 Oct 2020 21:29:48 GMT",
        "Server": [
          "Windows-Azure-HDFS/1.0",
          "Microsoft-HTTPAPI/2.0"
        ],
        "Transfer-Encoding": "chunked",
        "x-ms-client-request-id": "4be2b03c-d35a-535c-3837-822bd4b4605f",
        "x-ms-request-id": "c15cbd1e-301f-00a4-3b3a-aeff87000000",
        "x-ms-version": "2020-04-08"
      },
      "ResponseBody": [
        "{\u0022paths\u0022:[]}\n"
      ]
    },
    {
      "RequestUri": "http://amandaadlscanary2.blob.core.windows.net/test-filesystem-dc1917fe-e043-9423-3c1a-22fb4737a1e7?restype=container",
      "RequestMethod": "DELETE",
      "RequestHeaders": {
        "Authorization": "Sanitized",
        "traceparent": "00-f2b791130ed9e4488d24dae3f93024cf-3b873bd1fb82dd41-00",
        "User-Agent": [
          "azsdk-net-Storage.Files.DataLake/12.5.0-alpha.20201029.1",
          "(.NET Core 4.6.29220.03; Microsoft Windows 10.0.19042 )"
        ],
        "x-ms-client-request-id": "48a4d2da-6c38-c49f-a8a7-789bf85f1acd",
        "x-ms-date": "Thu, 29 Oct 2020 21:29:48 GMT",
        "x-ms-return-client-request-id": "true",
        "x-ms-version": "2020-04-08"
      },
      "RequestBody": null,
      "StatusCode": 202,
      "ResponseHeaders": {
        "Content-Length": "0",
        "Date": "Thu, 29 Oct 2020 21:29:48 GMT",
        "Server": [
          "Windows-Azure-Blob/1.0",
          "Microsoft-HTTPAPI/2.0"
        ],
        "x-ms-client-request-id": "48a4d2da-6c38-c49f-a8a7-789bf85f1acd",
        "x-ms-request-id": "e994e778-901e-00df-5e3a-aebd1b000000",
        "x-ms-version": "2020-04-08"
      },
      "ResponseBody": []
    }
  ],
  "Variables": {
    "DateTimeOffsetNow": "2020-10-29T14:29:48.7392168-07:00",
    "RandomSeed": "1829037840",
    "Storage_TestConfigHierarchicalNamespace": "NamespaceTenant\namandaadlscanary2\nU2FuaXRpemVk\nhttp://amandaadlscanary2.blob.core.windows.net\nhttp://amandaadlscanary2.file.core.windows.net\nhttp://amandaadlscanary2.queue.core.windows.net\nhttp://amandaadlscanary2.table.core.windows.net\n\n\n\n\nhttp://amandaadlscanary2-secondary.blob.core.windows.net\nhttp://amandaadlscanary2-secondary.file.core.windows.net\nhttp://amandaadlscanary2-secondary.queue.core.windows.net\n\n68390a19-a643-458b-b726-408abf67b4fc\nSanitized\n72f988bf-86f1-41af-91ab-2d7cd011db47\nhttps://login.microsoftonline.com/\nCloud\nBlobEndpoint=http://amandaadlscanary2.blob.core.windows.net/;QueueEndpoint=http://amandaadlscanary2.queue.core.windows.net/;FileEndpoint=http://amandaadlscanary2.file.core.windows.net/;BlobSecondaryEndpoint=http://amandaadlscanary2-secondary.blob.core.windows.net/;QueueSecondaryEndpoint=http://amandaadlscanary2-secondary.queue.core.windows.net/;FileSecondaryEndpoint=http://amandaadlscanary2-secondary.file.core.windows.net/;AccountName=amandaadlscanary2;AccountKey=Sanitized\n"
  }
}